s3g_1       | 2019-10-17 00:57:26,203 INFO http.HttpServer2: Added filter static_user_filter (class=org.apache.hadoop.http.lib.StaticUserWebFilter$StaticUserFilter) to context static
scm_1       | 2019-10-17 00:57:29,380 INFO net.NodeSchemaLoader: Loading network topology layer schema file
nm_1        | 2019-10-17 00:57:27 INFO  NodeManager:357 - Node Manager health check script is not available or doesn't have execute permission, so not starting the node health script runner.
datanode_1  | WARNING: An illegal reflective access operation has occurred
datanode_3  | 2019-10-17 00:57:30,679 INFO hdfs.DFSUtil: Starting Web-server for hddsDatanode at: http://0.0.0.0:9882
datanode_2  | 2019-10-17 00:57:29,690 INFO server.RaftServerConfigKeys: raft.server.log.appender.buffer.byte-limit = 33554432 (custom)
datanode_2  | 2019-10-17 00:57:29,691 INFO server.GrpcService: raft.grpc.flow.control.window = 1MB (=1048576) (default)
om_1        | ************************************************************/
scm_1       | 2019-10-17 00:57:29,480 INFO node.SCMNodeManager: Entering startup safe mode.
nm_1        | 2019-10-17 00:57:27 INFO  AsyncDispatcher:223 - Registering class org.apache.hadoop.yarn.server.nodemanager.containermanager.container.ContainerEventType for class org.apache.hadoop.yarn.server.nodemanager.containermanager.ContainerManagerImpl$ContainerEventDispatcher
datanode_1  | WARNING: Illegal reflective access by org.apache.ratis.thirdparty.com.google.protobuf.UnsafeUtil (file:/opt/hadoop/share/ozone/lib/ratis-thirdparty-misc-0.2.0.jar) to field java.nio.Buffer.address
datanode_3  | 2019-10-17 00:57:30,702 INFO util.log: Logging initialized @3645ms
datanode_3  | 2019-10-17 00:57:30,797 INFO server.AuthenticationFilter: Unable to initialize FileSignerSecretProvider, falling back to use random secrets.
s3g_1       | 2019-10-17 00:57:26,203 INFO http.HttpServer2: Added filter static_user_filter (class=org.apache.hadoop.http.lib.StaticUserWebFilter$StaticUserFilter) to context logs
rm_1        | usedCapacity = 0.0 [= usedResourcesMemory / (clusterResourceMemory * absoluteCapacity)]
scm_1       | 2019-10-17 00:57:29,611 INFO algorithms.ContainerPlacementPolicyFactory: Create container placement policy of type org.apache.hadoop.hdds.scm.container.placement.algorithms.SCMContainerPlacementRandom
nm_1        | 2019-10-17 00:57:27 INFO  AsyncDispatcher:223 - Registering class org.apache.hadoop.yarn.server.nodemanager.containermanager.application.ApplicationEventType for class org.apache.hadoop.yarn.server.nodemanager.containermanager.ContainerManagerImpl$ApplicationEventDispatcher
om_1        | 2019-10-17 00:57:32,558 [main] INFO       - registered UNIX signal handlers for [TERM, HUP, INT]
datanode_1  | WARNING: Please consider reporting this to the maintainers of org.apache.ratis.thirdparty.com.google.protobuf.UnsafeUtil
datanode_3  | 2019-10-17 00:57:30,801 INFO http.HttpRequestLog: Http request log for http.requests.hddsDatanode is not defined
datanode_2  | 2019-10-17 00:57:29,692 INFO server.RaftServerConfigKeys: raft.server.rpc.request.timeout = 3000ms (default)
s3g_1       | 2019-10-17 00:57:26,225 [main] INFO       - Starting Ozone S3 gateway
rm_1        | absoluteUsedCapacity = 0.0 [= usedResourcesMemory / clusterResourceMemory]
scm_1       | 2019-10-17 00:57:29,622 WARN server.ServerUtils: ozone.scm.db.dirs is not configured. We recommend adding this setting. Falling back to ozone.metadata.dirs instead.
nm_1        | 2019-10-17 00:57:27 INFO  AsyncDispatcher:223 - Registering class org.apache.hadoop.yarn.server.nodemanager.containermanager.localizer.event.LocalizationEventType for class org.apache.hadoop.yarn.server.nodemanager.containermanager.ContainerManagerImpl$LocalizationEventHandlerWrapper
om_1        | 2019-10-17 00:57:33,488 [main] INFO       - Configuration either no ozone.om.address set. Falling back to the default OM address om/172.18.0.3:9862
datanode_1  | WARNING: Use --illegal-access=warn to enable warnings of further illegal reflective access operations
datanode_3  | 2019-10-17 00:57:30,812 INFO http.HttpServer2: Added global filter 'safety' (class=org.apache.hadoop.http.HttpServer2$QuotingInputFilter)
datanode_2  | 2019-10-17 00:57:29,872 INFO server.RaftServerConfigKeys: raft.server.storage.dir = [/data/metadata/ratis] (custom)
datanode_2  | 2019-10-17 00:57:30,107 INFO hdfs.DFSUtil: Starting Web-server for hddsDatanode at: http://0.0.0.0:9882
rm_1        | maxAMResourcePerQueuePercent = 0.1 [= configuredMaximumAMResourcePercent ]
scm_1       | 2019-10-17 00:57:29,747 INFO pipeline.SCMPipelineManager: No pipeline exists in current db
nm_1        | 2019-10-17 00:57:27 INFO  AsyncDispatcher:223 - Registering class org.apache.hadoop.yarn.server.nodemanager.containermanager.AuxServicesEventType for class org.apache.hadoop.yarn.server.nodemanager.containermanager.AuxServices
nm_1        | 2019-10-17 00:57:27 INFO  AsyncDispatcher:223 - Registering class org.apache.hadoop.yarn.server.nodemanager.containermanager.monitor.ContainersMonitorEventType for class org.apache.hadoop.yarn.server.nodemanager.containermanager.monitor.ContainersMonitorImpl
datanode_3  | 2019-10-17 00:57:30,813 INFO http.HttpServer2: Added filter static_user_filter (class=org.apache.hadoop.http.lib.StaticUserWebFilter$StaticUserFilter) to context hddsDatanode
rm_1        | minimumAllocationFactor = 0.875 [= (float)(maximumAllocationMemory - minimumAllocationMemory) / maximumAllocationMemory ]
scm_1       | 2019-10-17 00:57:29,749 WARN server.ServerUtils: ozone.scm.db.dirs is not configured. We recommend adding this setting. Falling back to ozone.metadata.dirs instead.
datanode_1  | WARNING: All illegal access operations will be denied in a future release
nm_1        | 2019-10-17 00:57:27 INFO  AsyncDispatcher:223 - Registering class org.apache.hadoop.yarn.server.nodemanager.containermanager.launcher.ContainersLauncherEventType for class org.apache.hadoop.yarn.server.nodemanager.containermanager.launcher.ContainersLauncher
om_1        | 2019-10-17 00:57:33,488 [main] INFO       - OM Service ID is not set. Setting it to the default ID: omServiceIdDefault
datanode_3  | 2019-10-17 00:57:30,814 INFO http.HttpServer2: Added filter static_user_filter (class=org.apache.hadoop.http.lib.StaticUserWebFilter$StaticUserFilter) to context logs
s3g_1       | 2019-10-17 00:57:26,240 INFO http.HttpServer2: Jetty bound to port 9878
datanode_2  | 2019-10-17 00:57:30,147 INFO util.log: Logging initialized @3557ms
rm_1        | maximumAllocation = <memory:8192, vCores:4> [= configuredMaxAllocation ]
scm_1       | 2019-10-17 00:57:29,917 WARN events.EventQueue: No event handler registered for event TypedEvent{payloadType=SafeModeStatus, name='SafeModeStatus'}
scm_1       | 2019-10-17 00:57:30,690 INFO ipc.CallQueueManager: Using callQueue: class java.util.concurrent.LinkedBlockingQueue, queueCapacity: 1000, scheduler: class org.apache.hadoop.ipc.DefaultRpcScheduler, ipcBackoff: false.
nm_1        | 2019-10-17 00:57:27 INFO  AsyncDispatcher:223 - Registering class org.apache.hadoop.yarn.server.nodemanager.containermanager.scheduler.ContainerSchedulerEventType for class org.apache.hadoop.yarn.server.nodemanager.containermanager.scheduler.ContainerScheduler
nm_1        | 2019-10-17 00:57:27 INFO  NMLogAggregationStatusTracker:89 - the rolling interval seconds for the NodeManager Cached Log aggregation status is 600
nm_1        | 2019-10-17 00:57:27 INFO  AsyncDispatcher:223 - Registering class org.apache.hadoop.yarn.server.nodemanager.ContainerManagerEventType for class org.apache.hadoop.yarn.server.nodemanager.containermanager.ContainerManagerImpl
s3g_1       | 2019-10-17 00:57:26,241 INFO server.Server: jetty-9.3.25.v20180904, build timestamp: 2018-09-04T21:11:46Z, git hash: 3ce520221d0240229c862b122d2b06c12a625732
datanode_1  | 2019-10-17 00:57:36,041 INFO impl.RaftServerProxy: b4a1f9cf-e043-402b-938f-130a3b29a732: addNew group-F3325D53C564:[b4a1f9cf-e043-402b-938f-130a3b29a732:172.18.0.8:9858] returns group-F3325D53C564:java.util.concurrent.CompletableFuture@186516c5[Not completed]
rm_1        | numContainers = 0 [= currentNumContainers ]
scm_1       | 2019-10-17 00:57:30,713 INFO ipc.Server: Starting Socket Reader #1 for port 9861
datanode_3  | 2019-10-17 00:57:30,814 INFO http.HttpServer2: Added filter static_user_filter (class=org.apache.hadoop.http.lib.StaticUserWebFilter$StaticUserFilter) to context static
nm_1        | 2019-10-17 00:57:27 INFO  AsyncDispatcher:223 - Registering class org.apache.hadoop.yarn.server.nodemanager.NodeManagerEventType for class org.apache.hadoop.yarn.server.nodemanager.NodeManager
om_1        | 2019-10-17 00:57:33,493 WARN server.ServerUtils: ozone.om.db.dirs is not configured. We recommend adding this setting. Falling back to ozone.metadata.dirs instead.
datanode_2  | 2019-10-17 00:57:30,285 INFO server.AuthenticationFilter: Unable to initialize FileSignerSecretProvider, falling back to use random secrets.
s3g_1       | 2019-10-17 00:57:26,279 INFO handler.ContextHandler: Started o.e.j.s.ServletContextHandler@1b66c0fb{/logs,file:///var/log/hadoop/,AVAILABLE}
datanode_1  | 2019-10-17 00:57:36,058 INFO impl.RaftServerImpl: b4a1f9cf-e043-402b-938f-130a3b29a732: new RaftServerImpl for group-F3325D53C564:[b4a1f9cf-e043-402b-938f-130a3b29a732:172.18.0.8:9858] with ContainerStateMachine:uninitialized
rm_1        | state = RUNNING [= configuredState ]
rm_1        | acls = ADMINISTER_QUEUE:*SUBMIT_APP:* [= configuredAcls ]
rm_1        | nodeLocalityDelay = 40
nm_1        | 2019-10-17 00:57:27 INFO  MetricsConfig:118 - Loaded properties from hadoop-metrics2.properties
om_1        | OM initialization succeeded.Current cluster id for sd=/data/metadata/om;cid=CID-24abaf3c-10c5-45fe-8c67-bddaee61cb1e
datanode_2  | 2019-10-17 00:57:30,293 INFO http.HttpRequestLog: Http request log for http.requests.hddsDatanode is not defined
s3g_1       | 2019-10-17 00:57:26,281 INFO handler.ContextHandler: Started o.e.j.s.ServletContextHandler@465232e9{/static,jar:file:/opt/hadoop/share/ozone/lib/hadoop-ozone-s3gateway-0.5.0-SNAPSHOT.jar!/webapps/static,AVAILABLE}
scm_1       | 2019-10-17 00:57:30,742 INFO ipc.CallQueueManager: Using callQueue: class java.util.concurrent.LinkedBlockingQueue, queueCapacity: 1000, scheduler: class org.apache.hadoop.ipc.DefaultRpcScheduler, ipcBackoff: false.
datanode_1  | 2019-10-17 00:57:36,059 INFO server.RaftServerConfigKeys: raft.server.rpc.timeout.min = 5s (custom)
rm_1        | rackLocalityAdditionalDelay = -1
datanode_3  | 2019-10-17 00:57:30,839 INFO http.HttpServer2: Jetty bound to port 9882
nm_1        | 2019-10-17 00:57:27 INFO  MetricsSystemImpl:374 - Scheduled Metric snapshot period at 10 second(s).
om_1        | 2019-10-17 00:57:33,838 [shutdown-hook-0] INFO       - SHUTDOWN_MSG: 
datanode_2  | 2019-10-17 00:57:30,307 INFO http.HttpServer2: Added global filter 'safety' (class=org.apache.hadoop.http.HttpServer2$QuotingInputFilter)
s3g_1       | ERROR StatusLogger No Log4j 2 configuration file found. Using default configuration (logging only errors to the console), or user programmatically provided configurations. Set system property 'log4j2.debug' to show Log4j 2 internal initialization logging. See https://logging.apache.org/log4j/2.x/manual/configuration.html for instructions on how to configure Log4j 2
scm_1       | 2019-10-17 00:57:30,744 INFO ipc.Server: Starting Socket Reader #1 for port 9863
datanode_1  | 2019-10-17 00:57:36,060 INFO server.RaftServerConfigKeys: raft.server.rpc.timeout.max = 5200ms (custom)
rm_1        | labels=*,
datanode_3  | 2019-10-17 00:57:30,841 INFO server.Server: jetty-9.3.25.v20180904, build timestamp: 2018-09-04T21:11:46Z, git hash: 3ce520221d0240229c862b122d2b06c12a625732
nm_1        | 2019-10-17 00:57:27 INFO  MetricsSystemImpl:191 - NodeManager metrics system started
datanode_2  | 2019-10-17 00:57:30,310 INFO http.HttpServer2: Added filter static_user_filter (class=org.apache.hadoop.http.lib.StaticUserWebFilter$StaticUserFilter) to context hddsDatanode
om_1        | /************************************************************
s3g_1       | WARNING: An illegal reflective access operation has occurred
scm_1       | 2019-10-17 00:57:30,756 INFO ipc.CallQueueManager: Using callQueue: class java.util.concurrent.LinkedBlockingQueue, queueCapacity: 1000, scheduler: class org.apache.hadoop.ipc.DefaultRpcScheduler, ipcBackoff: false.
datanode_1  | 2019-10-17 00:57:36,060 INFO server.RaftServerConfigKeys: raft.server.rpcslowness.timeout = 120s (custom)
rm_1        | reservationsContinueLooking = true
datanode_3  | 2019-10-17 00:57:30,873 INFO handler.ContextHandler: Started o.e.j.s.ServletContextHandler@1457fde{/logs,file:///var/log/hadoop/,AVAILABLE}
nm_1        | 2019-10-17 00:57:27 INFO  DirectoryCollection:187 - Disk Validator 'basic' is loaded.
datanode_2  | 2019-10-17 00:57:30,310 INFO http.HttpServer2: Added filter static_user_filter (class=org.apache.hadoop.http.lib.StaticUserWebFilter$StaticUserFilter) to context static
om_1        | SHUTDOWN_MSG: Shutting down OzoneManager at om/172.18.0.3
s3g_1       | WARNING: Illegal reflective access by org.jboss.classfilewriter.ClassFile$1 (file:/opt/hadoop/share/ozone/lib/weld-servlet-2.4.7.Final.jar) to method java.lang.ClassLoader.defineClass(java.lang.String,byte[],int,int)
scm_1       | 2019-10-17 00:57:30,757 INFO ipc.Server: Starting Socket Reader #1 for port 9860
datanode_1  | 2019-10-17 00:57:36,061 INFO server.RaftServerConfigKeys: raft.server.sleep.deviation.threshold = 300 (default)
rm_1        | preemptionDisabled = true
datanode_3  | 2019-10-17 00:57:30,875 INFO handler.ContextHandler: Started o.e.j.s.ServletContextHandler@60c8a093{/static,jar:file:/opt/hadoop/share/ozone/lib/hadoop-hdds-container-service-0.5.0-SNAPSHOT.jar!/webapps/static,AVAILABLE}
nm_1        | 2019-10-17 00:57:27 INFO  DirectoryCollection:187 - Disk Validator 'basic' is loaded.
datanode_2  | 2019-10-17 00:57:30,310 INFO http.HttpServer2: Added filter static_user_filter (class=org.apache.hadoop.http.lib.StaticUserWebFilter$StaticUserFilter) to context logs
om_1        | ************************************************************/
s3g_1       | WARNING: Please consider reporting this to the maintainers of org.jboss.classfilewriter.ClassFile$1
datanode_1  | 2019-10-17 00:57:36,062 INFO server.RaftServerConfigKeys: raft.server.log.appender.install.snapshot.enabled = false (custom)
datanode_1  | 2019-10-17 00:57:36,070 INFO impl.RaftServerImpl: b4a1f9cf-e043-402b-938f-130a3b29a732@group-F3325D53C564: ConfigurationManager, init=-1: [b4a1f9cf-e043-402b-938f-130a3b29a732:172.18.0.8:9858], old=null, confs=<EMPTY_MAP>
datanode_3  | 2019-10-17 00:57:30,944 INFO handler.ContextHandler: Started o.e.j.w.WebAppContext@9679750{/,file:///tmp/jetty-0.0.0.0-9882-hddsDatanode-_-any-4865640722765519846.dir/webapp/,AVAILABLE}{/hddsDatanode}
nm_1        | 2019-10-17 00:57:27 INFO  NodeResourceMonitorImpl:75 -  Using ResourceCalculatorPlugin : org.apache.hadoop.yarn.util.ResourceCalculatorPlugin@5824a83d
datanode_2  | 2019-10-17 00:57:30,361 INFO http.HttpServer2: Jetty bound to port 9882
om_1        | 2019-10-17 00:57:34,843 [main] INFO       - STARTUP_MSG: 
s3g_1       | WARNING: Use --illegal-access=warn to enable warnings of further illegal reflective access operations
scm_1       | 2019-10-17 00:57:30,789 INFO hdfs.DFSUtil: Starting Web-server for scm at: http://0.0.0.0:9876
rm_1        | defaultAppPriorityPerQueue = 0
datanode_1  | 2019-10-17 00:57:36,071 INFO server.RaftServerConfigKeys: raft.server.storage.dir = [/data/metadata/ratis] (custom)
datanode_3  | 2019-10-17 00:57:30,951 INFO server.AbstractConnector: Started ServerConnector@165c42f2{HTTP/1.1,[http/1.1]}{0.0.0.0:9882}
nm_1        | 2019-10-17 00:57:27 INFO  AsyncDispatcher:223 - Registering class org.apache.hadoop.yarn.server.nodemanager.containermanager.loghandler.event.LogHandlerEventType for class org.apache.hadoop.yarn.server.nodemanager.containermanager.loghandler.NonAggregatingLogHandler
datanode_2  | 2019-10-17 00:57:30,363 INFO server.Server: jetty-9.3.25.v20180904, build timestamp: 2018-09-04T21:11:46Z, git hash: 3ce520221d0240229c862b122d2b06c12a625732
om_1        | /************************************************************
s3g_1       | WARNING: All illegal access operations will be denied in a future release
scm_1       | 2019-10-17 00:57:30,984 INFO server.AuthenticationFilter: Unable to initialize FileSignerSecretProvider, falling back to use random secrets.
rm_1        | priority = 0
datanode_1  | 2019-10-17 00:57:36,077 INFO server.RaftServerConfigKeys: raft.server.log.corruption.policy = EXCEPTION (default)
datanode_3  | 2019-10-17 00:57:30,951 INFO server.Server: Started @3894ms
datanode_2  | 2019-10-17 00:57:30,413 INFO handler.ContextHandler: Started o.e.j.s.ServletContextHandler@671d1157{/logs,file:///var/log/hadoop/,AVAILABLE}
datanode_2  | 2019-10-17 00:57:30,414 INFO handler.ContextHandler: Started o.e.j.s.ServletContextHandler@250a500b{/static,jar:file:/opt/hadoop/share/ozone/lib/hadoop-hdds-container-service-0.5.0-SNAPSHOT.jar!/webapps/static,AVAILABLE}
om_1        | STARTUP_MSG: Starting OzoneManager
s3g_1       | Oct 17, 2019 12:57:29 AM org.glassfish.jersey.internal.Errors logErrors
scm_1       | 2019-10-17 00:57:30,999 INFO http.HttpRequestLog: Http request log for http.requests.scm is not defined
rm_1        | maxLifetime = -1 seconds
datanode_1  | 2019-10-17 00:57:36,079 INFO storage.RaftStorageDirectory: The storage directory /data/metadata/ratis/719f3a33-e180-433d-b82b-f3325d53c564 does not exist. Creating ...
datanode_3  | 2019-10-17 00:57:30,954 INFO impl.MetricsSinkAdapter: Sink prometheus started
datanode_2  | 2019-10-17 00:57:30,508 INFO handler.ContextHandler: Started o.e.j.w.WebAppContext@3791f50e{/,file:///tmp/jetty-0.0.0.0-9882-hddsDatanode-_-any-10767342062872544704.dir/webapp/,AVAILABLE}{/hddsDatanode}
nm_1        | 2019-10-17 00:57:27 INFO  AsyncDispatcher:223 - Registering class org.apache.hadoop.yarn.server.nodemanager.containermanager.localizer.sharedcache.SharedCacheUploadEventType for class org.apache.hadoop.yarn.server.nodemanager.containermanager.localizer.sharedcache.SharedCacheUploadService
om_1        | STARTUP_MSG:   host = om/172.18.0.3
s3g_1       | WARNING: The following warnings have been detected: WARNING: A HTTP GET method, public javax.ws.rs.core.Response org.apache.hadoop.ozone.s3.endpoint.ObjectEndpoint.get(java.lang.String,java.lang.String,java.lang.String,int,java.lang.String,java.io.InputStream) throws java.io.IOException,org.apache.hadoop.ozone.s3.exception.OS3Exception, should not consume any entity.
scm_1       | 2019-10-17 00:57:31,010 INFO http.HttpServer2: Added global filter 'safety' (class=org.apache.hadoop.http.HttpServer2$QuotingInputFilter)
rm_1        | defaultLifetime = -1 seconds
rm_1        | 2019-10-17 00:57:28 INFO  CapacitySchedulerQueueManager:298 - Initialized queue: default: capacity=1.0, absoluteCapacity=1.0, usedResources=<memory:0, vCores:0>, usedCapacity=0.0, absoluteUsedCapacity=0.0, numApps=0, numContainers=0, effectiveMinResource=<memory:0, vCores:0> , effectiveMaxResource=<memory:0, vCores:0>
datanode_3  | 2019-10-17 00:57:30,954 INFO impl.MetricsSystemImpl: Registered sink prometheus
datanode_2  | 2019-10-17 00:57:30,518 INFO server.AbstractConnector: Started ServerConnector@7a7053f6{HTTP/1.1,[http/1.1]}{0.0.0.0:9882}
om_1        | STARTUP_MSG:   args = []
nm_1        | 2019-10-17 00:57:27 INFO  ContainerManagerImpl:336 - AMRMProxyService is disabled
s3g_1       | 
scm_1       | 2019-10-17 00:57:31,013 INFO http.HttpServer2: Added filter static_user_filter (class=org.apache.hadoop.http.lib.StaticUserWebFilter$StaticUserFilter) to context scm
rm_1        | 2019-10-17 00:57:28 INFO  CapacitySchedulerQueueManager:298 - Initialized queue: root: numChildQueue= 1, capacity=1.0, absoluteCapacity=1.0, usedResources=<memory:0, vCores:0>usedCapacity=0.0, numApps=0, numContainers=0
datanode_1  | 2019-10-17 00:57:36,108 INFO storage.RaftStorageDirectory: Lock on /data/metadata/ratis/719f3a33-e180-433d-b82b-f3325d53c564/in_use.lock acquired by nodename 7@8ddaa7d6cbdb
datanode_3  | 2019-10-17 00:57:30,956 INFO server.BaseHttpServer: HTTP server of HDDSDATANODE is listening at http://0.0.0.0:9882
datanode_2  | 2019-10-17 00:57:30,519 INFO server.Server: Started @3931ms
om_1        | STARTUP_MSG:   version = 3.2.0
nm_1        | 2019-10-17 00:57:27 INFO  ResourceLocalizationService:242 - per directory file limit = 8192
s3g_1       | 2019-10-17 00:57:29,324 INFO handler.ContextHandler: Started o.e.j.w.WebAppContext@1b7f06c7{/,file:///tmp/jetty-0.0.0.0-9878-s3gateway-_-any-2711193379078101206.dir/webapp/,AVAILABLE}{/s3gateway}
scm_1       | 2019-10-17 00:57:31,013 INFO http.HttpServer2: Added filter static_user_filter (class=org.apache.hadoop.http.lib.StaticUserWebFilter$StaticUserFilter) to context static
rm_1        | 2019-10-17 00:57:28 INFO  CapacitySchedulerQueueManager:163 - Initialized root queue root: numChildQueue= 1, capacity=1.0, absoluteCapacity=1.0, usedResources=<memory:0, vCores:0>usedCapacity=0.0, numApps=0, numContainers=0
datanode_1  | 2019-10-17 00:57:36,133 INFO storage.RaftStorage: Storage directory /data/metadata/ratis/719f3a33-e180-433d-b82b-f3325d53c564 has been successfully formatted.
datanode_3  | 2019-10-17 00:57:30,969 INFO util.JvmPauseMonitor: Starting JVM pause monitor
datanode_2  | 2019-10-17 00:57:30,524 INFO impl.MetricsSinkAdapter: Sink prometheus started
nm_1        | 2019-10-17 00:57:27 INFO  AsyncDispatcher:223 - Registering class org.apache.hadoop.yarn.server.nodemanager.containermanager.localizer.event.LocalizerEventType for class org.apache.hadoop.yarn.server.nodemanager.containermanager.localizer.ResourceLocalizationService$LocalizerTracker
s3g_1       | 2019-10-17 00:57:29,337 INFO server.AbstractConnector: Started ServerConnector@e98e2ee{HTTP/1.1,[http/1.1]}{0.0.0.0:9878}
scm_1       | 2019-10-17 00:57:31,013 INFO http.HttpServer2: Added filter static_user_filter (class=org.apache.hadoop.http.lib.StaticUserWebFilter$StaticUserFilter) to context logs
om_1        | STARTUP_MSG:   classpath = /etc/hadoop:/opt/hadoop/share/hadoop/common/*:/opt/hadoop/share/ozone/lib/kerb-simplekdc-1.0.1.jar:/opt/hadoop/share/ozone/lib/protobuf-java-2.5.0.jar:/opt/hadoop/share/ozone/lib/bcpkix-jdk15on-1.60.jar:/opt/hadoop/share/ozone/lib/sqlite-jdbc-3.25.2.jar:/opt/hadoop/share/ozone/lib/netty-3.10.5.Final.jar:/opt/hadoop/share/ozone/lib/commons-validator-1.6.jar:/opt/hadoop/share/ozone/lib/jaxb-impl-2.3.0.1.jar:/opt/hadoop/share/ozone/lib/kerb-core-1.0.1.jar:/opt/hadoop/share/ozone/lib/hadoop-ozone-common-0.5.0-SNAPSHOT.jar:/opt/hadoop/share/ozone/lib/ratis-thirdparty-misc-0.2.0.jar:/opt/hadoop/share/ozone/lib/jsr305-3.0.0.jar:/opt/hadoop/share/ozone/lib/leveldbjni-all-1.8.jar:/opt/hadoop/share/ozone/lib/htrace-core4-4.1.0-incubating.jar:/opt/hadoop/share/ozone/lib/ratis-metrics-0.5.0-3f446aa-SNAPSHOT.jar:/opt/hadoop/share/ozone/lib/hadoop-annotations-3.2.0.jar:/opt/hadoop/share/ozone/lib/hadoop-hdds-tools-0.5.0-SNAPSHOT.jar:/opt/hadoop/share/ozone/lib/kerb-util-1.0.1.jar:/opt/hadoop/share/ozone/lib/dropwizard-metrics-hadoop-metrics2-reporter-0.1.2.jar:/opt/hadoop/share/ozone/lib/jackson-jaxrs-1.9.13.jar:/opt/hadoop/share/ozone/lib/ratis-netty-0.5.0-3f446aa-SNAPSHOT.jar:/opt/hadoop/share/ozone/lib/kerby-xdr-1.0.1.jar:/opt/hadoop/share/ozone/lib/jetty-webapp-9.3.25.v20180904.jar:/opt/hadoop/share/ozone/lib/jackson-core-asl-1.9.13.jar:/opt/hadoop/share/ozone/lib/commons-net-3.6.jar:/opt/hadoop/share/ozone/lib/log4j-api-2.11.0.jar:/opt/hadoop/share/ozone/lib/netty-all-4.0.52.Final.jar:/opt/hadoop/share/ozone/lib/hadoop-hdfs-3.2.0.jar:/opt/hadoop/share/ozone/lib/jline-0.9.94.jar:/opt/hadoop/share/ozone/lib/opentracing-api-0.31.0.jar:/opt/hadoop/share/ozone/lib/hadoop-hdds-server-framework-0.5.0-SNAPSHOT.jar:/opt/hadoop/share/ozone/lib/slf4j-log4j12-1.7.25.jar:/opt/hadoop/share/ozone/lib/hadoop-hdfs-client-3.2.0.jar:/opt/hadoop/share/ozone/lib/kerby-config-1.0.1.jar:/opt/hadoop/share/ozone/lib/jetty-util-9.3.25.v20180904.jar:/opt/hadoop/share/ozone/lib/metrics-ganglia-3.2.5.jar:/opt/hadoop/share/ozone/lib/libthrift-0.12.0.jar:/opt/hadoop/share/ozone/lib/metrics-core-3.2.4.jar:/opt/hadoop/share/ozone/lib/kerby-pkix-1.0.1.jar:/opt/hadoop/share/ozone/lib/xz-1.0.jar:/opt/hadoop/share/ozone/lib/hadoop-hdds-config-0.5.0-SNAPSHOT.jar:/opt/hadoop/share/ozone/lib/nimbus-jose-jwt-4.41.1.jar:/opt/hadoop/share/ozone/lib/jsr311-api-1.1.1.jar:/opt/hadoop/share/ozone/lib/commons-beanutils-1.9.4.jar:/opt/hadoop/share/ozone/lib/javax.servlet-api-3.1.0.jar:/opt/hadoop/share/ozone/lib/kerb-server-1.0.1.jar:/opt/hadoop/share/ozone/lib/zookeeper-3.4.13.jar:/opt/hadoop/share/ozone/lib/avro-1.7.7.jar:/opt/hadoop/share/ozone/lib/kerb-client-1.0.1.jar:/opt/hadoop/share/ozone/lib/jackson-xc-1.9.13.jar:/opt/hadoop/share/ozone/lib/disruptor-3.4.2.jar:/opt/hadoop/share/ozone/lib/guava-11.0.2.jar:/opt/hadoop/share/ozone/lib/hadoop-hdds-common-0.5.0-SNAPSHOT.jar:/opt/hadoop/share/ozone/lib/curator-framework-2.12.0.jar:/opt/hadoop/share/ozone/lib/dnsjava-2.1.7.jar:/opt/hadoop/share/ozone/lib/commons-configuration2-2.1.1.jar:/opt/hadoop/share/ozone/lib/json-smart-2.3.jar:/opt/hadoop/share/ozone/lib/token-provider-1.0.1.jar:/opt/hadoop/share/ozone/lib/log4j-1.2.17.jar:/opt/hadoop/share/ozone/lib/commons-daemon-1.0.13.jar:/opt/hadoop/share/ozone/lib/bcprov-jdk15on-1.60.jar:/opt/hadoop/share/ozone/lib/commons-lang3-3.7.jar:/opt/hadoop/share/ozone/lib/commons-compress-1.4.1.jar:/opt/hadoop/share/ozone/lib/jaeger-client-0.34.0.jar:/opt/hadoop/share/ozone/lib/jetty-server-9.3.25.v20180904.jar:/opt/hadoop/share/ozone/lib/accessors-smart-1.2.jar:/opt/hadoop/share/ozone/lib/re2j-1.1.jar:/opt/hadoop/share/ozone/lib/curator-recipes-2.12.0.jar:/opt/hadoop/share/ozone/lib/jackson-core-2.9.9.jar:/opt/hadoop/share/ozone/lib/commons-math3-3.1.1.jar:/opt/hadoop/share/ozone/lib/ratis-server-0.5.0-3f446aa-SNAPSHOT.jar:/opt/hadoop/share/ozone/lib/gmetric4j-1.0.7.jar:/opt/hadoop/share/ozone/lib/opentracing-noop-0.31.0.jar:/opt/hadoop/share/ozone/lib/httpclient-4.5.2.jar:/opt/hadoop/share/ozone/lib/jaeger-core-0.34.0.jar:/opt/hadoop/share/ozone/lib/asm-5.0.4.jar:/opt/hadoop/share/ozone/lib/ratis-proto-0.5.0-3f446aa-SNAPSHOT.jar:/opt/hadoop/share/ozone/lib/curator-client-2.12.0.jar:/opt/hadoop/share/ozone/lib/audience-annotations-0.5.0.jar:/opt/hadoop/share/ozone/lib/kerby-util-1.0.1.jar:/opt/hadoop/share/ozone/lib/jackson-mapper-asl-1.9.13.jar:/opt/hadoop/share/ozone/lib/rocksdbjni-6.0.1.jar:/opt/hadoop/share/ozone/lib/jsp-api-2.1.jar:/opt/hadoop/share/ozone/lib/jsch-0.1.54.jar:/opt/hadoop/share/ozone/lib/opentracing-tracerresolver-0.1.5.jar:/opt/hadoop/share/ozone/lib/ratis-client-0.5.0-3f446aa-SNAPSHOT.jar:/opt/hadoop/share/ozone/lib/paranamer-2.3.jar:/opt/hadoop/share/ozone/lib/log4j-core-2.11.0.jar:/opt/hadoop/share/ozone/lib/jetty-io-9.3.25.v20180904.jar:/opt/hadoop/share/ozone/lib/jetty-xml-9.3.25.v20180904.jar:/opt/hadoop/share/ozone/lib/commons-codec-1.11.jar:/opt/hadoop/share/ozone/lib/commons-pool2-2.6.0.jar:/opt/hadoop/share/ozone/lib/gson-2.2.4.jar:/opt/hadoop/share/ozone/lib/jcip-annotations-1.0-1.jar:/opt/hadoop/share/ozone/lib/kerb-admin-1.0.1.jar:/opt/hadoop/share/ozone/lib/okio-1.13.0.jar:/opt/hadoop/share/ozone/lib/commons-io-2.5.jar:/opt/hadoop/share/ozone/lib/snakeyaml-1.16.jar:/opt/hadoop/share/ozone/lib/hadoop-ozone-client-0.5.0-SNAPSHOT.jar:/opt/hadoop/share/ozone/lib/jersey-core-1.19.jar:/opt/hadoop/share/ozone/lib/ratis-grpc-0.5.0-3f446aa-SNAPSHOT.jar:/opt/hadoop/share/ozone/lib/ratis-common-0.5.0-3f446aa-SNAPSHOT.jar:/opt/hadoop/share/ozone/lib/jackson-databind-2.9.9.jar:/opt/hadoop/share/ozone/lib/hadoop-hdds-container-service-0.5.0-SNAPSHOT.jar:/opt/hadoop/share/ozone/lib/picocli-3.9.6.jar:/opt/hadoop/share/ozone/lib/jaeger-thrift-0.34.0.jar:/opt/hadoop/share/ozone/lib/jackson-annotations-2.9.9.jar:/opt/hadoop/share/ozone/lib/commons-cli-1.2.jar:/opt/hadoop/share/ozone/lib/hadoop-hdds-docs-0.5.0-SNAPSHOT.jar:/opt/hadoop/share/ozone/lib/woodstox-core-5.0.3.jar:/opt/hadoop/share/ozone/lib/javax.annotation-api-1.2.jar:/opt/hadoop/share/ozone/lib/snappy-java-1.0.5.jar:/opt/hadoop/share/ozone/lib/jaeger-tracerresolver-0.34.0.jar:/opt/hadoop/share/ozone/lib/jetty-security-9.3.25.v20180904.jar:/opt/hadoop/share/ozone/lib/jetty-http-9.3.25.v20180904.jar:/opt/hadoop/share/ozone/lib/kerby-asn1-1.0.1.jar:/opt/hadoop/share/ozone/lib/okhttp-3.9.0.jar:/opt/hadoop/share/ozone/lib/stax2-api-3.1.4.jar:/opt/hadoop/share/ozone/lib/commons-digester-1.8.1.jar:/opt/hadoop/share/ozone/lib/commons-collections-3.2.2.jar:/opt/hadoop/share/ozone/lib/jettison-1.1.jar:/opt/hadoop/share/ozone/lib/commons-text-1.4.jar:/opt/hadoop/share/ozone/lib/jersey-servlet-1.19.jar:/opt/hadoop/share/ozone/lib/jersey-json-1.19.jar:/opt/hadoop/share/ozone/lib/slf4j-api-1.7.25.jar:/opt/hadoop/share/ozone/lib/jetty-util-ajax-9.3.25.v20180904.jar:/opt/hadoop/share/ozone/lib/commons-logging-1.1.3.jar:/opt/hadoop/share/ozone/lib/hadoop-hdds-client-0.5.0-SNAPSHOT.jar:/opt/hadoop/share/ozone/lib/kerb-identity-1.0.1.jar:/opt/hadoop/share/ozone/lib/opentracing-util-0.31.0.jar:/opt/hadoop/share/ozone/lib/hadoop-common-3.2.0.jar:/opt/hadoop/share/ozone/lib/hadoop-auth-3.2.0.jar:/opt/hadoop/share/ozone/lib/kerb-common-1.0.1.jar:/opt/hadoop/share/ozone/lib/jetty-servlet-9.3.25.v20180904.jar:/opt/hadoop/share/ozone/lib/jersey-server-1.19.jar:/opt/hadoop/share/ozone/lib/kerb-crypto-1.0.1.jar:/opt/hadoop/share/ozone/lib/httpcore-4.4.4.jar:/opt/hadoop/share/ozone/lib/metrics-jvm-3.2.5.jar:/opt/hadoop/share/ozone/web:/opt/hadoop/share/ozone/lib/hadoop-ozone-ozone-manager-0.5.0-SNAPSHOT.jar
rm_1        | 2019-10-17 00:57:28 INFO  UserGroupMappingPlacementRule:237 - Initialized queue mappings, override: false
datanode_1  | 2019-10-17 00:57:36,137 [pool-8-thread-1] INFO       - group-F3325D53C564: The snapshot info is null. Setting the last applied indexto:(t:0, i:~)
datanode_3  | 2019-10-17 00:57:31,160 [Datanode State Machine Thread - 0] INFO       - DatanodeDetails is persisted to /data/metadata/datanode.id
datanode_2  | 2019-10-17 00:57:30,524 INFO impl.MetricsSystemImpl: Registered sink prometheus
datanode_2  | 2019-10-17 00:57:30,527 INFO server.BaseHttpServer: HTTP server of HDDSDATANODE is listening at http://0.0.0.0:9882
s3g_1       | 2019-10-17 00:57:29,338 INFO server.Server: Started @4472ms
scm_1       | 2019-10-17 00:57:31,038 INFO server.StorageContainerManager: StorageContainerLocationProtocol RPC server is listening at /0.0.0.0:9860
om_1        | STARTUP_MSG:   build = https://github.com/apache/hadoop.git -r e97acb3bd8f3befd27418996fa5d4b50bf2e17bf; compiled by 'sunilg' on 2019-01-15T17:34Z
om_1        | STARTUP_MSG:   java = 11.0.3
datanode_1  | 2019-10-17 00:57:36,137 INFO server.RaftServerConfigKeys: raft.server.notification.no-leader.timeout = 120s (custom)
datanode_3  | 2019-10-17 00:57:33,769 [Datanode State Machine Thread - 0] INFO       - Attempting to start container services.
nm_1        | 2019-10-17 00:57:27 INFO  ResourceHandlerModule:197 - Using traffic control bandwidth handler
datanode_2  | 2019-10-17 00:57:30,545 INFO util.JvmPauseMonitor: Starting JVM pause monitor
s3g_1       | 2019-10-17 00:57:29,341 INFO server.BaseHttpServer: HTTP server of S3GATEWAY is listening at http://0.0.0.0:9878
scm_1       | 2019-10-17 00:57:31,103 INFO impl.MetricsConfig: Loaded properties from hadoop-metrics2.properties
rm_1        | 2019-10-17 00:57:28 INFO  MultiNodeSortingManager:104 - MultiNode scheduling is 'false', and configured policies are 
om_1        | ************************************************************/
datanode_1  | 2019-10-17 00:57:36,139 INFO server.RaftServerConfigKeys: raft.server.log.use.memory = false (default)
datanode_3  | 2019-10-17 00:57:33,772 [Datanode State Machine Thread - 0] INFO       - Background container scanner has been disabled.
nm_1        | 2019-10-17 00:57:27 INFO  AuxServices:103 - Adding auxiliary service mapreduce_shuffle, "mapreduce_shuffle"
datanode_2  | 2019-10-17 00:57:30,736 [Datanode State Machine Thread - 0] INFO       - DatanodeDetails is persisted to /data/metadata/datanode.id
scm_1       | 2019-10-17 00:57:31,146 INFO impl.MetricsSystemImpl: Scheduled Metric snapshot period at 10 second(s).
rm_1        | 2019-10-17 00:57:28 INFO  CapacityScheduler:408 - Initialized CapacityScheduler with calculator=class org.apache.hadoop.yarn.util.resource.DefaultResourceCalculator, minimumAllocation=<<memory:1024, vCores:1>>, maximumAllocation=<<memory:8192, vCores:4>>, asynchronousScheduling=false, asyncScheduleInterval=5ms,multiNodePlacementEnabled=false
rm_1        | 2019-10-17 00:57:28 INFO  Configuration:2752 - dynamic-resources.xml not found
datanode_1  | 2019-10-17 00:57:36,143 INFO server.RaftServerConfigKeys: raft.server.log.purge.gap = 1000000 (custom)
datanode_3  | 2019-10-17 00:57:33,773 [Datanode State Machine Thread - 0] INFO       - Starting XceiverServerRatis 240e8599-0432-486e-885c-98b4208910f1 at port 9858
datanode_3  | 2019-10-17 00:57:33,796 INFO impl.RaftServerProxy: 240e8599-0432-486e-885c-98b4208910f1: start RPC server
datanode_3  | 2019-10-17 00:57:33,912 INFO server.GrpcService: 240e8599-0432-486e-885c-98b4208910f1: GrpcService started, listening on 0.0.0.0/0.0.0.0:9858
datanode_3  | WARNING: An illegal reflective access operation has occurred
datanode_1  | 2019-10-17 00:57:36,143 INFO server.RaftServerConfigKeys: raft.server.log.appender.buffer.byte-limit = 33554432 (custom)
rm_1        | 2019-10-17 00:57:28 INFO  AMSProcessingChain:62 - Initializing AMS Processing chain. Root Processor=[org.apache.hadoop.yarn.server.resourcemanager.DefaultAMSProcessor].
scm_1       | 2019-10-17 00:57:31,149 INFO impl.MetricsSystemImpl: StorageContainerManager metrics system started
datanode_3  | WARNING: Illegal reflective access by org.apache.ratis.thirdparty.com.google.protobuf.UnsafeUtil (file:/opt/hadoop/share/ozone/lib/ratis-thirdparty-misc-0.2.0.jar) to field java.nio.Buffer.address
om_1        | 2019-10-17 00:57:34,854 [main] INFO       - registered UNIX signal handlers for [TERM, HUP, INT]
datanode_2  | 2019-10-17 00:57:32,820 [Datanode State Machine Thread - 0] INFO       - Attempting to start container services.
nm_1        | 2019-10-17 00:57:27 INFO  ContainersMonitorImpl:138 -  Using ResourceCalculatorPlugin : org.apache.hadoop.yarn.util.ResourceCalculatorPlugin@69c81773
datanode_1  | 2019-10-17 00:57:36,144 INFO server.RaftServerConfigKeys: raft.server.log.segment.size.max = 1048576 (custom)
scm_1       | 2019-10-17 00:57:31,346 INFO server.SCMClientProtocolServer: RPC server for Client  is listening at /0.0.0.0:9860
om_1        | 2019-10-17 00:57:35,751 [main] INFO       - Configuration either no ozone.om.address set. Falling back to the default OM address om/172.18.0.3:9862
datanode_3  | WARNING: Please consider reporting this to the maintainers of org.apache.ratis.thirdparty.com.google.protobuf.UnsafeUtil
rm_1        | 2019-10-17 00:57:28 INFO  ApplicationMasterService:129 - disabled placement handler will be used, all scheduling requests will be rejected.
datanode_2  | 2019-10-17 00:57:32,824 [Datanode State Machine Thread - 0] INFO       - Background container scanner has been disabled.
nm_1        | 2019-10-17 00:57:27 INFO  ContainersMonitorImpl:143 -  Using ResourceCalculatorProcessTree : null
datanode_1  | 2019-10-17 00:57:36,146 WARN impl.MetricsSystemImpl: HddsDatanode metrics system already initialized!
scm_1       | 2019-10-17 00:57:31,346 INFO ipc.Server: IPC Server Responder: starting
om_1        | 2019-10-17 00:57:35,752 [main] INFO       - OM Service ID is not set. Setting it to the default ID: omServiceIdDefault
datanode_3  | WARNING: Use --illegal-access=warn to enable warnings of further illegal reflective access operations
rm_1        | 2019-10-17 00:57:28 INFO  AMSProcessingChain:75 - Adding [org.apache.hadoop.yarn.server.resourcemanager.scheduler.constraint.processor.DisabledPlacementProcessor] tp top of AMS Processing chain. 
datanode_2  | 2019-10-17 00:57:32,824 [Datanode State Machine Thread - 0] INFO       - Starting XceiverServerRatis 292afa72-74c7-44c8-a6eb-3270e9271d0a at port 9858
nm_1        | 2019-10-17 00:57:27 INFO  ContainersMonitorImpl:190 - Physical memory check enabled: false
datanode_1  | 2019-10-17 00:57:36,150 INFO metrics.MetricRegistries: Loaded MetricRegistries class org.apache.ratis.metrics.impl.MetricRegistriesImpl
scm_1       | 2019-10-17 00:57:31,347 INFO ipc.Server: IPC Server listener on 9860: starting
om_1        | 2019-10-17 00:57:35,757 WARN server.ServerUtils: ozone.om.db.dirs is not configured. We recommend adding this setting. Falling back to ozone.metadata.dirs instead.
om_1        | 2019-10-17 00:57:35,767 WARN server.ServerUtils: ozone.om.db.dirs is not configured. We recommend adding this setting. Falling back to ozone.metadata.dirs instead.
rm_1        | 2019-10-17 00:57:28 INFO  ResourceManager:579 - TimelineServicePublisher is not configured
datanode_2  | 2019-10-17 00:57:32,850 INFO impl.RaftServerProxy: 292afa72-74c7-44c8-a6eb-3270e9271d0a: start RPC server
nm_1        | 2019-10-17 00:57:27 INFO  ContainersMonitorImpl:191 - Virtual memory check enabled: false
datanode_1  | 2019-10-17 00:57:36,178 INFO server.RaftServerConfigKeys: raft.server.log.segment.cache.num.max = 2 (custom)
scm_1       | 2019-10-17 00:57:31,363 INFO server.StorageContainerManager: ScmBlockLocationProtocol RPC server is listening at /0.0.0.0:9863
om_1        | 2019-10-17 00:57:36,553 WARN server.ServerUtils: ozone.om.db.dirs is not configured. We recommend adding this setting. Falling back to ozone.metadata.dirs instead.
om_1        | 2019-10-17 00:57:36,577 INFO util.log: Logging initialized @2562ms
om_1        | 2019-10-17 00:57:36,701 INFO db.DBStoreBuilder: using custom profile for table: userTable
datanode_2  | 2019-10-17 00:57:32,966 INFO server.GrpcService: 292afa72-74c7-44c8-a6eb-3270e9271d0a: GrpcService started, listening on 0.0.0.0/0.0.0.0:9858
nm_1        | 2019-10-17 00:57:27 INFO  ContainersMonitorImpl:192 - Elastic memory control enabled: false
nm_1        | 2019-10-17 00:57:27 INFO  ContainersMonitorImpl:193 - Strict memory control enabled: true
nm_1        | 2019-10-17 00:57:27 INFO  ContainersMonitorImpl:218 - ContainersMonitor enabled: true
om_1        | 2019-10-17 00:57:36,701 INFO db.DBStoreBuilder: Using default column profile:DBProfile.DISK for Table:userTable
om_1        | 2019-10-17 00:57:36,701 INFO db.DBStoreBuilder: using custom profile for table: volumeTable
rm_1        | 2019-10-17 00:57:28 INFO  log:192 - Logging initialized @2016ms
nm_1        | 2019-10-17 00:57:27 INFO  ContainerManagerImpl:394 - Not a recoverable state store. Nothing to recover.
nm_1        | 2019-10-17 00:57:27 INFO  Configuration:2752 - resource-types.xml not found
nm_1        | 2019-10-17 00:57:27 INFO  ResourceUtils:419 - Unable to find 'resource-types.xml'.
datanode_3  | WARNING: All illegal access operations will be denied in a future release
om_1        | 2019-10-17 00:57:36,701 INFO db.DBStoreBuilder: Using default column profile:DBProfile.DISK for Table:volumeTable
rm_1        | 2019-10-17 00:57:28 INFO  AuthenticationFilter:240 - Unable to initialize FileSignerSecretProvider, falling back to use random secrets.
scm_1       | 2019-10-17 00:57:31,364 INFO server.SCMBlockProtocolServer: RPC server for Block Protocol is listening at /0.0.0.0:9863
scm_1       | 2019-10-17 00:57:31,364 INFO ipc.Server: IPC Server Responder: starting
datanode_1  | 2019-10-17 00:57:36,182 INFO segmented.SegmentedRaftLogWorker: new b4a1f9cf-e043-402b-938f-130a3b29a732@group-F3325D53C564-SegmentedRaftLogWorker for RaftStorage:Storage Directory /data/metadata/ratis/719f3a33-e180-433d-b82b-f3325d53c564
datanode_3  | 2019-10-17 00:57:36,644 INFO impl.RaftServerProxy: 240e8599-0432-486e-885c-98b4208910f1: addNew group-9A8D626AE5A7:[240e8599-0432-486e-885c-98b4208910f1:172.18.0.5:9858] returns group-9A8D626AE5A7:java.util.concurrent.CompletableFuture@2b3535d0[Not completed]
om_1        | 2019-10-17 00:57:36,702 INFO db.DBStoreBuilder: using custom profile for table: bucketTable
rm_1        | 2019-10-17 00:57:28 INFO  HttpRequestLog:81 - Http request log for http.requests.resourcemanager is not defined
datanode_2  | WARNING: An illegal reflective access operation has occurred
scm_1       | 2019-10-17 00:57:31,365 INFO ipc.Server: IPC Server listener on 9863: starting
nm_1        | 2019-10-17 00:57:27 INFO  Configuration:2752 - node-resources.xml not found
datanode_1  | 2019-10-17 00:57:36,183 INFO server.RaftServerConfigKeys: raft.server.log.queue.byte-limit = 2147483647 (custom)
datanode_3  | 2019-10-17 00:57:36,660 INFO impl.RaftServerImpl: 240e8599-0432-486e-885c-98b4208910f1: new RaftServerImpl for group-9A8D626AE5A7:[240e8599-0432-486e-885c-98b4208910f1:172.18.0.5:9858] with ContainerStateMachine:uninitialized
om_1        | 2019-10-17 00:57:36,702 INFO db.DBStoreBuilder: Using default column profile:DBProfile.DISK for Table:bucketTable
om_1        | 2019-10-17 00:57:36,702 INFO db.DBStoreBuilder: using custom profile for table: keyTable
scm_1       | 2019-10-17 00:57:31,368 INFO server.StorageContainerManager: ScmDatanodeProtocl RPC server is listening at /0.0.0.0:9861
nm_1        | 2019-10-17 00:57:27 INFO  ResourceUtils:419 - Unable to find 'node-resources.xml'.
datanode_1  | 2019-10-17 00:57:36,183 INFO server.RaftServerConfigKeys: raft.server.log.queue.element-limit = 1024 (custom)
rm_1        | 2019-10-17 00:57:28 INFO  HttpServer2:975 - Added global filter 'safety' (class=org.apache.hadoop.http.HttpServer2$QuotingInputFilter)
rm_1        | 2019-10-17 00:57:28 INFO  HttpServer2:948 - Added filter RMAuthenticationFilter (class=org.apache.hadoop.yarn.server.security.http.RMAuthenticationFilter) to context cluster
rm_1        | 2019-10-17 00:57:28 INFO  HttpServer2:958 - Added filter RMAuthenticationFilter (class=org.apache.hadoop.yarn.server.security.http.RMAuthenticationFilter) to context static
datanode_1  | 2019-10-17 00:57:36,184 INFO server.RaftServerConfigKeys: raft.server.log.segment.size.max = 1048576 (custom)
datanode_1  | 2019-10-17 00:57:36,184 INFO server.RaftServerConfigKeys: raft.server.log.preallocated.size = 16384 (custom)
datanode_1  | 2019-10-17 00:57:36,184 INFO server.RaftServerConfigKeys: raft.server.log.write.buffer.size = 33554432 (custom)
datanode_3  | 2019-10-17 00:57:36,662 INFO server.RaftServerConfigKeys: raft.server.rpc.timeout.min = 5s (custom)
datanode_3  | 2019-10-17 00:57:36,662 INFO server.RaftServerConfigKeys: raft.server.rpc.timeout.max = 5200ms (custom)
datanode_3  | 2019-10-17 00:57:36,663 INFO server.RaftServerConfigKeys: raft.server.rpcslowness.timeout = 120s (custom)
datanode_3  | 2019-10-17 00:57:36,663 INFO server.RaftServerConfigKeys: raft.server.sleep.deviation.threshold = 300 (default)
datanode_2  | WARNING: Illegal reflective access by org.apache.ratis.thirdparty.com.google.protobuf.UnsafeUtil (file:/opt/hadoop/share/ozone/lib/ratis-thirdparty-misc-0.2.0.jar) to field java.nio.Buffer.address
datanode_2  | WARNING: Please consider reporting this to the maintainers of org.apache.ratis.thirdparty.com.google.protobuf.UnsafeUtil
om_1        | 2019-10-17 00:57:36,702 INFO db.DBStoreBuilder: Using default column profile:DBProfile.DISK for Table:keyTable
datanode_1  | 2019-10-17 00:57:36,185 INFO server.RaftServerConfigKeys: raft.server.log.force.sync.num = 128 (default)
datanode_3  | 2019-10-17 00:57:36,664 INFO server.RaftServerConfigKeys: raft.server.log.appender.install.snapshot.enabled = false (custom)
nm_1        | 2019-10-17 00:57:27 INFO  NodeStatusUpdaterImpl:199 - Nodemanager resources is set to: <memory:8192, vCores:8>
scm_1       | 2019-10-17 00:57:31,368 INFO server.SCMDatanodeProtocolServer: RPC server for DataNodes is listening at /0.0.0.0:9861
datanode_2  | WARNING: Use --illegal-access=warn to enable warnings of further illegal reflective access operations
rm_1        | 2019-10-17 00:57:28 INFO  HttpServer2:958 - Added filter RMAuthenticationFilter (class=org.apache.hadoop.yarn.server.security.http.RMAuthenticationFilter) to context logs
om_1        | 2019-10-17 00:57:36,702 INFO db.DBStoreBuilder: using custom profile for table: deletedTable
om_1        | 2019-10-17 00:57:36,702 INFO db.DBStoreBuilder: Using default column profile:DBProfile.DISK for Table:deletedTable
om_1        | 2019-10-17 00:57:36,703 INFO db.DBStoreBuilder: using custom profile for table: openKeyTable
datanode_1  | 2019-10-17 00:57:36,185 INFO server.RaftServerConfigKeys: raft.server.log.statemachine.data.sync = true (default)
scm_1       | 2019-10-17 00:57:31,369 INFO ipc.Server: IPC Server Responder: starting
datanode_2  | WARNING: All illegal access operations will be denied in a future release
rm_1        | 2019-10-17 00:57:28 INFO  HttpServer2:948 - Added filter static_user_filter (class=org.apache.hadoop.http.lib.StaticUserWebFilter$StaticUserFilter) to context cluster
om_1        | 2019-10-17 00:57:36,703 INFO db.DBStoreBuilder: Using default column profile:DBProfile.DISK for Table:openKeyTable
datanode_3  | 2019-10-17 00:57:36,670 INFO impl.RaftServerImpl: 240e8599-0432-486e-885c-98b4208910f1@group-9A8D626AE5A7: ConfigurationManager, init=-1: [240e8599-0432-486e-885c-98b4208910f1:172.18.0.5:9858], old=null, confs=<EMPTY_MAP>
nm_1        | 2019-10-17 00:57:27 INFO  NodeStatusUpdaterImpl:247 - Initialized nodemanager with : physical-memory=8192 virtual-memory=17204 virtual-cores=8
datanode_1  | 2019-10-17 00:57:36,186 INFO server.RaftServerConfigKeys: raft.server.log.statemachine.data.sync.timeout = 10s (default)
scm_1       | 2019-10-17 00:57:31,370 INFO ipc.Server: IPC Server listener on 9861: starting
datanode_2  | 2019-10-17 00:57:35,484 INFO impl.RaftServerProxy: 292afa72-74c7-44c8-a6eb-3270e9271d0a: addNew group-ECAF50076712:[292afa72-74c7-44c8-a6eb-3270e9271d0a:172.18.0.7:9858] returns group-ECAF50076712:java.util.concurrent.CompletableFuture@794ca53b[Not completed]
om_1        | 2019-10-17 00:57:36,703 INFO db.DBStoreBuilder: using custom profile for table: s3Table
rm_1        | 2019-10-17 00:57:28 INFO  HttpServer2:958 - Added filter static_user_filter (class=org.apache.hadoop.http.lib.StaticUserWebFilter$StaticUserFilter) to context static
datanode_3  | 2019-10-17 00:57:36,670 INFO server.RaftServerConfigKeys: raft.server.storage.dir = [/data/metadata/ratis] (custom)
nm_1        | 2019-10-17 00:57:27 INFO  CallQueueManager:84 - Using callQueue: class java.util.concurrent.LinkedBlockingQueue, queueCapacity: 2000, scheduler: class org.apache.hadoop.ipc.DefaultRpcScheduler, ipcBackoff: false.
datanode_1  | 2019-10-17 00:57:36,186 INFO server.RaftServerConfigKeys: raft.server.log.statemachine.data.sync.timeout.retry = -1 (default)
scm_1       | 2019-10-17 00:57:31,381 INFO http.HttpServer2: Jetty bound to port 9876
datanode_2  | 2019-10-17 00:57:35,498 INFO impl.RaftServerImpl: 292afa72-74c7-44c8-a6eb-3270e9271d0a: new RaftServerImpl for group-ECAF50076712:[292afa72-74c7-44c8-a6eb-3270e9271d0a:172.18.0.7:9858] with ContainerStateMachine:uninitialized
om_1        | 2019-10-17 00:57:36,703 INFO db.DBStoreBuilder: Using default column profile:DBProfile.DISK for Table:s3Table
om_1        | 2019-10-17 00:57:36,703 INFO db.DBStoreBuilder: using custom profile for table: multipartInfoTable
om_1        | 2019-10-17 00:57:36,703 INFO db.DBStoreBuilder: Using default column profile:DBProfile.DISK for Table:multipartInfoTable
om_1        | 2019-10-17 00:57:36,704 INFO db.DBStoreBuilder: using custom profile for table: dTokenTable
om_1        | 2019-10-17 00:57:36,704 INFO db.DBStoreBuilder: Using default column profile:DBProfile.DISK for Table:dTokenTable
om_1        | 2019-10-17 00:57:36,704 INFO db.DBStoreBuilder: using custom profile for table: s3SecretTable
nm_1        | 2019-10-17 00:57:27 INFO  Server:1074 - Starting Socket Reader #1 for port 44561
datanode_3  | 2019-10-17 00:57:36,675 INFO server.RaftServerConfigKeys: raft.server.log.corruption.policy = EXCEPTION (default)
om_1        | 2019-10-17 00:57:36,704 INFO db.DBStoreBuilder: Using default column profile:DBProfile.DISK for Table:s3SecretTable
om_1        | 2019-10-17 00:57:36,704 INFO db.DBStoreBuilder: using custom profile for table: prefixTable
scm_1       | 2019-10-17 00:57:31,382 INFO server.Server: jetty-9.3.25.v20180904, build timestamp: 2018-09-04T21:11:46Z, git hash: 3ce520221d0240229c862b122d2b06c12a625732
scm_1       | 2019-10-17 00:57:31,415 INFO handler.ContextHandler: Started o.e.j.s.ServletContextHandler@3350ebdd{/logs,file:///var/log/hadoop/,AVAILABLE}
rm_1        | 2019-10-17 00:57:28 INFO  HttpServer2:958 - Added filter static_user_filter (class=org.apache.hadoop.http.lib.StaticUserWebFilter$StaticUserFilter) to context logs
datanode_2  | 2019-10-17 00:57:35,500 INFO server.RaftServerConfigKeys: raft.server.rpc.timeout.min = 5s (custom)
nm_1        | 2019-10-17 00:57:28 INFO  RpcServerFactoryPBImpl:173 - Adding protocol org.apache.hadoop.yarn.api.ContainerManagementProtocolPB to the server
nm_1        | 2019-10-17 00:57:28 INFO  Server:1314 - IPC Server Responder: starting
om_1        | 2019-10-17 00:57:36,704 INFO db.DBStoreBuilder: Using default column profile:DBProfile.DISK for Table:prefixTable
om_1        | 2019-10-17 00:57:36,715 INFO db.DBStoreBuilder: using custom profile for table: default
om_1        | 2019-10-17 00:57:36,715 INFO db.DBStoreBuilder: Using default column profile:DBProfile.DISK for Table:default
om_1        | 2019-10-17 00:57:36,716 INFO db.DBStoreBuilder: Using default options. DBProfile.DISK
om_1        | 2019-10-17 00:57:37,468 INFO ipc.CallQueueManager: Using callQueue: class java.util.concurrent.LinkedBlockingQueue, queueCapacity: 2000, scheduler: class org.apache.hadoop.ipc.DefaultRpcScheduler, ipcBackoff: false.
om_1        | 2019-10-17 00:57:37,478 INFO ipc.Server: Starting Socket Reader #1 for port 9862
