scm_1       | 2019-10-20 12:54:46,200 INFO server.StorageContainerManager: ScmDatanodeProtocl RPC server is listening at /0.0.0.0:9861
datanode_1  | 2019-10-20 12:54:50,335 [Datanode State Machine Thread - 0] INFO       - Starting XceiverServerRatis 159ffc24-4ac9-4def-adc2-e8bd3d908fcf at port 9858
jhs         | 2019-10-20 12:54:41 INFO  HttpServer2:613 - adding path spec: /applicationhistory/*
datanode_2  | 2019-10-20 12:54:53,485 INFO server.RaftServerConfigKeys: raft.server.rpc.timeout.min = 5s (custom)
rm_1        | 2019-10-20 12:54:41 INFO  AbstractYarnScheduler:1402 - Maximum allocation = <memory:8192, vCores:4>
kdc_1       | Authenticating as principal admin/admin with keytab /tmp/admin.keytab.
datanode_3  | 2019-10-20 12:54:47,968 INFO server.KerberosAuthenticationHandler: Using keytab /etc/security/keytabs/HTTP.keytab, for principal HTTP/ac05e8278da8@EXAMPLE.COM
kms_1       | 	at javax.xml.bind.ContextFinder.newInstance(ContextFinder.java:247)
om_1        | 2019-10-20 12:54:51,107 INFO db.DBStoreBuilder: Using default column profile:DBProfile.DISK for Table:deletedTable
nm_1        | 2019-10-20 12:54:32 INFO  ContainerManagerImpl:336 - AMRMProxyService is disabled
scm_1       | 2019-10-20 12:54:46,200 INFO server.SCMDatanodeProtocolServer: RPC server for DataNodes is listening at /0.0.0.0:9861
datanode_1  | 2019-10-20 12:54:50,364 INFO impl.RaftServerProxy: 159ffc24-4ac9-4def-adc2-e8bd3d908fcf: start RPC server
jhs         | 2019-10-20 12:54:41 INFO  HttpServer2:613 - adding path spec: /ws/*
datanode_2  | 2019-10-20 12:54:53,485 INFO server.RaftServerConfigKeys: raft.server.rpc.timeout.max = 5200ms (custom)
rm_1        | 2019-10-20 12:54:41 INFO  CapacitySchedulerConfiguration:894 - max alloc mb per queue for root is undefined
kdc_1       | Entry for principal testuser/s3g@EXAMPLE.COM with kvno 2, encryption type aes256-cts-hmac-sha1-96 added to keytab WRFILE:/data/testuser.s3g.keytab.
datanode_3  | 2019-10-20 12:54:47,974 INFO handler.ContextHandler: Started o.e.j.w.WebAppContext@7c5df615{/,file:///tmp/jetty-0.0.0.0-9882-hddsDatanode-_-any-14703365327715479841.dir/webapp/,AVAILABLE}{/hddsDatanode}
kms_1       | 	at javax.xml.bind.ContextFinder.newInstance(ContextFinder.java:234)
om_1        | 2019-10-20 12:54:51,107 INFO db.DBStoreBuilder: using custom profile for table: openKeyTable
nm_1        | 2019-10-20 12:54:32 INFO  ResourceLocalizationService:242 - per directory file limit = 8192
scm_1       | 2019-10-20 12:54:46,201 INFO ipc.Server: IPC Server Responder: starting
datanode_1  | 2019-10-20 12:54:50,502 INFO server.GrpcService: 159ffc24-4ac9-4def-adc2-e8bd3d908fcf: GrpcService started, listening on 0.0.0.0/0.0.0.0:9858
jhs         | 2019-10-20 12:54:41 INFO  WebApps:395 - Registered webapp guice modules
datanode_2  | 2019-10-20 12:54:53,486 INFO server.RaftServerConfigKeys: raft.server.rpcslowness.timeout = 120s (custom)
rm_1        | 2019-10-20 12:54:41 INFO  CapacitySchedulerConfiguration:898 - max alloc vcore per queue for root is undefined
datanode_3  | 2019-10-20 12:54:47,978 INFO server.AbstractConnector: Started ServerConnector@6e8fdd19{HTTP/1.1,[http/1.1]}{0.0.0.0:9882}
kdc_1       | Entry for principal testuser/s3g@EXAMPLE.COM with kvno 2, encryption type aes128-cts-hmac-sha1-96 added to keytab WRFILE:/data/testuser.s3g.keytab.
kms_1       | 	at javax.xml.bind.ContextFinder.find(ContextFinder.java:441)
om_1        | 2019-10-20 12:54:51,107 INFO db.DBStoreBuilder: Using default column profile:DBProfile.DISK for Table:openKeyTable
nm_1        | 2019-10-20 12:54:32 INFO  AsyncDispatcher:223 - Registering class org.apache.hadoop.yarn.server.nodemanager.containermanager.localizer.event.LocalizerEventType for class org.apache.hadoop.yarn.server.nodemanager.containermanager.localizer.ResourceLocalizationService$LocalizerTracker
scm_1       | 2019-10-20 12:54:46,203 INFO ipc.Server: IPC Server listener on 9861: starting
jhs         | 2019-10-20 12:54:41 INFO  HttpServer2:1191 - Jetty bound to port 8188
datanode_1  | 2019-10-20 12:54:54,034 INFO impl.RaftServerProxy: 159ffc24-4ac9-4def-adc2-e8bd3d908fcf: addNew group-BE3E548D7F22:[159ffc24-4ac9-4def-adc2-e8bd3d908fcf:172.18.0.4:9858] returns group-BE3E548D7F22:java.util.concurrent.CompletableFuture@43027ce1[Not completed]
datanode_2  | 2019-10-20 12:54:53,486 INFO server.RaftServerConfigKeys: raft.server.sleep.deviation.threshold = 300 (default)
rm_1        | 2019-10-20 12:54:41 INFO  ParentQueue:151 - root, capacity=1.0, absoluteCapacity=1.0, maxCapacity=1.0, absoluteMaxCapacity=1.0, state=RUNNING, acls=ADMINISTER_QUEUE:*SUBMIT_APP:*, labels=*,
kdc_1       | Generiting keytab
datanode_3  | 2019-10-20 12:54:47,979 INFO server.Server: Started @18007ms
kms_1       | 	at javax.xml.bind.JAXBContext.newInstance(JAXBContext.java:641)
nm_1        | 2019-10-20 12:54:32 INFO  ResourceHandlerModule:197 - Using traffic control bandwidth handler
om_1        | 2019-10-20 12:54:51,107 INFO db.DBStoreBuilder: using custom profile for table: s3Table
jhs         | 2019-10-20 12:54:41 INFO  Server:351 - jetty-9.3.24.v20180605, build timestamp: 2018-06-05T17:11:56Z, git hash: 84205aa28f11a4f31f2a3b86d1bba2cc8ab69827
scm_1       | 2019-10-20 12:54:46,205 INFO server.SCMClientProtocolServer: Starting RPC server for SCMSecurityProtocolServer. is listening at /0.0.0.0:9961
datanode_1  | 2019-10-20 12:54:54,055 INFO impl.RaftServerImpl: 159ffc24-4ac9-4def-adc2-e8bd3d908fcf: new RaftServerImpl for group-BE3E548D7F22:[159ffc24-4ac9-4def-adc2-e8bd3d908fcf:172.18.0.4:9858] with ContainerStateMachine:uninitialized
rm_1        | , reservationsContinueLooking=true, orderingPolicy=utilization, priority=0
datanode_2  | 2019-10-20 12:54:53,487 INFO server.RaftServerConfigKeys: raft.server.log.appender.install.snapshot.enabled = false (custom)
kdc_1       | Authenticating as principal admin/admin with keytab /tmp/admin.keytab.
datanode_3  | 2019-10-20 12:54:47,981 INFO impl.MetricsSinkAdapter: Sink prometheus started
kms_1       | 	at javax.xml.bind.JAXBContext.newInstance(JAXBContext.java:584)
nm_1        | 2019-10-20 12:54:32 INFO  AuxServices:103 - Adding auxiliary service mapreduce_shuffle, "mapreduce_shuffle"
jhs         | 2019-10-20 12:54:41 INFO  AbstractDelegationTokenSecretManager:343 - Updating the current master key for generating delegation tokens
om_1        | 2019-10-20 12:54:51,107 INFO db.DBStoreBuilder: Using default column profile:DBProfile.DISK for Table:s3Table
datanode_1  | 2019-10-20 12:54:54,056 INFO server.RaftServerConfigKeys: raft.server.rpc.timeout.min = 5s (custom)
rm_1        | 2019-10-20 12:54:41 INFO  ParentQueue:114 - Initialized parent-queue root name=root, fullname=root
datanode_2  | 2019-10-20 12:54:53,493 INFO impl.RaftServerImpl: 51631381-c56a-4d6a-9c5b-f1cd08b3575a@group-63B4D0381FCC: ConfigurationManager, init=-1: [51631381-c56a-4d6a-9c5b-f1cd08b3575a:172.18.0.8:9858], old=null, confs=<EMPTY_MAP>
kdc_1       | WARNING: no policy specified for testuser/ac05e8278da8@EXAMPLE.COM; defaulting to no policy
datanode_3  | 2019-10-20 12:54:47,981 INFO impl.MetricsSystemImpl: Registered sink prometheus
scm_1       | 2019-10-20 12:54:46,206 INFO ipc.Server: IPC Server Responder: starting
kms_1       | 	at com.sun.jersey.server.wadl.generators.WadlGeneratorJAXBGrammarGenerator.buildModelAndSchemas(WadlGeneratorJAXBGrammarGenerator.java:169)
nm_1        | 2019-10-20 12:54:32 INFO  ContainersMonitorImpl:138 -  Using ResourceCalculatorPlugin : org.apache.hadoop.yarn.util.ResourceCalculatorPlugin@1500b2f3
jhs         | 2019-10-20 12:54:41 INFO  AbstractDelegationTokenSecretManager:675 - Starting expired delegation token remover thread, tokenRemoverScanInterval=60 min(s)
om_1        | 2019-10-20 12:54:51,108 INFO db.DBStoreBuilder: using custom profile for table: multipartInfoTable
datanode_1  | 2019-10-20 12:54:54,057 INFO server.RaftServerConfigKeys: raft.server.rpc.timeout.max = 5200ms (custom)
rm_1        | 2019-10-20 12:54:41 INFO  CapacitySchedulerConfiguration:894 - max alloc mb per queue for root.default is undefined
datanode_2  | 2019-10-20 12:54:53,493 INFO server.RaftServerConfigKeys: raft.server.storage.dir = [/data/metadata/ratis] (custom)
kdc_1       | Principal "testuser/ac05e8278da8@EXAMPLE.COM" created.
datanode_3  | 2019-10-20 12:54:47,983 INFO server.BaseHttpServer: HTTP server of HDDSDATANODE is listening at http://0.0.0.0:9882
scm_1       | 2019-10-20 12:54:46,206 INFO ipc.Server: IPC Server listener on 9961: starting
kms_1       | 	at com.sun.jersey.server.wadl.generators.AbstractWadlGeneratorGrammarGenerator.createExternalGrammar(AbstractWadlGeneratorGrammarGenerator.java:405)
nm_1        | 2019-10-20 12:54:32 INFO  ContainersMonitorImpl:143 -  Using ResourceCalculatorProcessTree : null
jhs         | 2019-10-20 12:54:41 INFO  ContextHandler:781 - Started o.e.j.s.ServletContextHandler@6a47b187{/logs,file:///opt/hadoop/logs/,AVAILABLE}
om_1        | 2019-10-20 12:54:51,108 INFO db.DBStoreBuilder: Using default column profile:DBProfile.DISK for Table:multipartInfoTable
datanode_1  | 2019-10-20 12:54:54,057 INFO server.RaftServerConfigKeys: raft.server.rpcslowness.timeout = 120s (custom)
datanode_2  | 2019-10-20 12:54:53,497 INFO server.RaftServerConfigKeys: raft.server.log.corruption.policy = EXCEPTION (default)
rm_1        | 2019-10-20 12:54:41 INFO  CapacitySchedulerConfiguration:898 - max alloc vcore per queue for root.default is undefined
kdc_1       | Authenticating as principal admin/admin with keytab /tmp/admin.keytab.
datanode_3  | 2019-10-20 12:54:47,996 INFO util.JvmPauseMonitor: Starting JVM pause monitor
scm_1       | 2019-10-20 12:54:46,209 INFO http.HttpServer2: Jetty bound to port 9876
kms_1       | 	at com.sun.jersey.server.wadl.WadlBuilder.generate(WadlBuilder.java:149)
nm_1        | 2019-10-20 12:54:32 INFO  ContainersMonitorImpl:190 - Physical memory check enabled: false
jhs         | 2019-10-20 12:54:41 INFO  ContextHandler:781 - Started o.e.j.s.ServletContextHandler@11bb571c{/static,jar:file:/opt/hadoop/share/hadoop/yarn/hadoop-yarn-common-3.2.0.jar!/webapps/static,AVAILABLE}
om_1        | 2019-10-20 12:54:51,108 INFO db.DBStoreBuilder: using custom profile for table: dTokenTable
datanode_1  | 2019-10-20 12:54:54,058 INFO server.RaftServerConfigKeys: raft.server.sleep.deviation.threshold = 300 (default)
datanode_2  | 2019-10-20 12:54:53,498 INFO storage.RaftStorageDirectory: The storage directory /data/metadata/ratis/75bdcc49-78ff-4776-b389-63b4d0381fcc does not exist. Creating ...
rm_1        | 2019-10-20 12:54:42 INFO  LeafQueue:285 - Initializing default
kdc_1       | Entry for principal testuser/ac05e8278da8@EXAMPLE.COM with kvno 2, encryption type aes256-cts-hmac-sha1-96 added to keytab WRFILE:/data/testuser.ac05e8278da8.keytab.
scm_1       | 2019-10-20 12:54:46,212 INFO server.Server: jetty-9.3.25.v20180904, build timestamp: 2018-09-04T21:11:46Z, git hash: 3ce520221d0240229c862b122d2b06c12a625732
datanode_3  | 2019-10-20 12:54:50,204 [Datanode State Machine Thread - 0] INFO       - Attempting to start container services.
kms_1       | 	at com.sun.jersey.server.impl.wadl.WadlApplicationContextImpl.getApplication(WadlApplicationContextImpl.java:119)
nm_1        | 2019-10-20 12:54:32 INFO  ContainersMonitorImpl:191 - Virtual memory check enabled: false
jhs         | Oct 20, 2019 12:54:41 PM com.sun.jersey.guice.spi.container.GuiceComponentProviderFactory register
om_1        | 2019-10-20 12:54:51,108 INFO db.DBStoreBuilder: Using default column profile:DBProfile.DISK for Table:dTokenTable
datanode_1  | 2019-10-20 12:54:54,058 INFO server.RaftServerConfigKeys: raft.server.log.appender.install.snapshot.enabled = false (custom)
datanode_2  | 2019-10-20 12:54:53,529 INFO storage.RaftStorageDirectory: Lock on /data/metadata/ratis/75bdcc49-78ff-4776-b389-63b4d0381fcc/in_use.lock acquired by nodename 7@c2701d1b85d8
rm_1        | capacity = 1.0 [= (float) configuredCapacity / 100 ]
kdc_1       | Entry for principal testuser/ac05e8278da8@EXAMPLE.COM with kvno 2, encryption type aes128-cts-hmac-sha1-96 added to keytab WRFILE:/data/testuser.ac05e8278da8.keytab.
scm_1       | 2019-10-20 12:54:46,275 INFO handler.ContextHandler: Started o.e.j.s.ServletContextHandler@4483d35{/logs,file:///var/log/hadoop/,AVAILABLE}
datanode_3  | 2019-10-20 12:54:50,206 [Datanode State Machine Thread - 0] INFO       - Background container scanner has been disabled.
kms_1       | 	at com.sun.jersey.server.impl.wadl.WadlApplicationContextImpl.getApplication(WadlApplicationContextImpl.java:138)
nm_1        | 2019-10-20 12:54:32 INFO  ContainersMonitorImpl:192 - Elastic memory control enabled: false
jhs         | INFO: Registering org.apache.hadoop.yarn.webapp.YarnJacksonJaxbJsonProvider as a provider class
om_1        | 2019-10-20 12:54:51,108 INFO db.DBStoreBuilder: using custom profile for table: s3SecretTable
datanode_1  | 2019-10-20 12:54:54,066 INFO impl.RaftServerImpl: 159ffc24-4ac9-4def-adc2-e8bd3d908fcf@group-BE3E548D7F22: ConfigurationManager, init=-1: [159ffc24-4ac9-4def-adc2-e8bd3d908fcf:172.18.0.4:9858], old=null, confs=<EMPTY_MAP>
datanode_2  | 2019-10-20 12:54:53,555 INFO storage.RaftStorage: Storage directory /data/metadata/ratis/75bdcc49-78ff-4776-b389-63b4d0381fcc has been successfully formatted.
rm_1        | absoluteCapacity = 1.0 [= parentAbsoluteCapacity * capacity ]
kdc_1       | Generiting keytab
scm_1       | 2019-10-20 12:54:46,276 INFO handler.ContextHandler: Started o.e.j.s.ServletContextHandler@3762c4fc{/static,jar:file:/opt/hadoop/share/ozone/lib/hadoop-hdds-server-scm-0.5.0-SNAPSHOT.jar!/webapps/static,AVAILABLE}
datanode_3  | 2019-10-20 12:54:50,206 [Datanode State Machine Thread - 0] INFO       - Starting XceiverServerRatis dc8fd1c8-a457-4a6f-84bb-880f228c1438 at port 9858
kms_1       | 	at com.sun.jersey.server.impl.wadl.WadlMethodFactory$WadlOptionsMethodDispatcher.dispatch(WadlMethodFactory.java:110)
nm_1        | 2019-10-20 12:54:32 INFO  ContainersMonitorImpl:193 - Strict memory control enabled: true
om_1        | 2019-10-20 12:54:51,108 INFO db.DBStoreBuilder: Using default column profile:DBProfile.DISK for Table:s3SecretTable
jhs         | Oct 20, 2019 12:54:41 PM com.sun.jersey.guice.spi.container.GuiceComponentProviderFactory register
datanode_1  | 2019-10-20 12:54:54,066 INFO server.RaftServerConfigKeys: raft.server.storage.dir = [/data/metadata/ratis] (custom)
datanode_2  | 2019-10-20 12:54:53,558 [pool-9-thread-1] INFO       - group-63B4D0381FCC: The snapshot info is null. Setting the last applied indexto:(t:0, i:~)
rm_1        | maxCapacity = 1.0 [= configuredMaxCapacity ]
kdc_1       | Authenticating as principal admin/admin with keytab /tmp/admin.keytab.
scm_1       | 2019-10-20 12:54:46,385 INFO server.KerberosAuthenticationHandler: Using keytab /etc/security/keytabs/HTTP.keytab, for principal HTTP/scm@EXAMPLE.COM
datanode_3  | 2019-10-20 12:54:50,224 INFO impl.RaftServerProxy: dc8fd1c8-a457-4a6f-84bb-880f228c1438: start RPC server
kms_1       | 	at com.sun.jersey.server.impl.uri.rules.HttpMethodRule.accept(HttpMethodRule.java:302)
nm_1        | 2019-10-20 12:54:32 INFO  ContainersMonitorImpl:218 - ContainersMonitor enabled: true
om_1        | 2019-10-20 12:54:51,108 INFO db.DBStoreBuilder: using custom profile for table: prefixTable
jhs         | INFO: Registering org.apache.hadoop.yarn.server.applicationhistoryservice.webapp.AHSWebServices as a root resource class
datanode_1  | 2019-10-20 12:54:54,071 INFO server.RaftServerConfigKeys: raft.server.log.corruption.policy = EXCEPTION (default)
datanode_2  | 2019-10-20 12:54:53,559 INFO server.RaftServerConfigKeys: raft.server.notification.no-leader.timeout = 120s (custom)
rm_1        | absoluteMaxCapacity = 1.0 [= 1.0 maximumCapacity undefined, (parentAbsoluteMaxCapacity * maximumCapacity) / 100 otherwise ]
kdc_1       | WARNING: no policy specified for testuser/ce54776fe081@EXAMPLE.COM; defaulting to no policy
scm_1       | 2019-10-20 12:54:46,392 INFO handler.ContextHandler: Started o.e.j.w.WebAppContext@10850d17{/,file:///tmp/jetty-0.0.0.0-9876-scm-_-any-11007542459381302338.dir/webapp/,AVAILABLE}{/scm}
datanode_3  | 2019-10-20 12:54:50,380 INFO server.GrpcService: dc8fd1c8-a457-4a6f-84bb-880f228c1438: GrpcService started, listening on 0.0.0.0/0.0.0.0:9858
kms_1       | 	at com.sun.jersey.server.impl.uri.rules.ResourceClassRule.accept(ResourceClassRule.java:108)
nm_1        | 2019-10-20 12:54:32 INFO  LogAggregationService:139 - rollingMonitorInterval is set as 3600. The logs will be aggregated every 3600 seconds
om_1        | 2019-10-20 12:54:51,108 INFO db.DBStoreBuilder: Using default column profile:DBProfile.DISK for Table:prefixTable
jhs         | Oct 20, 2019 12:54:41 PM com.sun.jersey.guice.spi.container.GuiceComponentProviderFactory register
datanode_1  | 2019-10-20 12:54:54,072 INFO storage.RaftStorageDirectory: The storage directory /data/metadata/ratis/4514cdc2-c442-4a22-8652-be3e548d7f22 does not exist. Creating ...
datanode_2  | 2019-10-20 12:54:53,561 INFO server.RaftServerConfigKeys: raft.server.log.use.memory = false (default)
rm_1        | effectiveMinResource=<memory:0, vCores:0>
kdc_1       | Principal "testuser/ce54776fe081@EXAMPLE.COM" created.
scm_1       | 2019-10-20 12:54:46,397 INFO server.AbstractConnector: Started ServerConnector@5a7df831{HTTP/1.1,[http/1.1]}{0.0.0.0:9876}
datanode_3  | 2019-10-20 12:54:52,920 INFO impl.RaftServerProxy: dc8fd1c8-a457-4a6f-84bb-880f228c1438: addNew group-F5028FFC6459:[dc8fd1c8-a457-4a6f-84bb-880f228c1438:172.18.0.5:9858] returns group-F5028FFC6459:java.util.concurrent.CompletableFuture@13886d24[Not completed]
kms_1       | 	at com.sun.jersey.server.impl.uri.rules.RightHandPathRule.accept(RightHandPathRule.java:147)
nm_1        | 2019-10-20 12:54:32 INFO  ContainerManagerImpl:394 - Not a recoverable state store. Nothing to recover.
om_1        | 2019-10-20 12:54:51,118 INFO db.DBStoreBuilder: using custom profile for table: default
jhs         | INFO: Registering org.apache.hadoop.yarn.server.timeline.webapp.TimelineWebServices as a root resource class
datanode_1  | 2019-10-20 12:54:54,099 INFO storage.RaftStorageDirectory: Lock on /data/metadata/ratis/4514cdc2-c442-4a22-8652-be3e548d7f22/in_use.lock acquired by nodename 8@2913491fe8b9
datanode_2  | 2019-10-20 12:54:53,566 INFO server.RaftServerConfigKeys: raft.server.log.purge.gap = 1000000 (custom)
rm_1        |  , effectiveMaxResource=<memory:0, vCores:0>
kdc_1       | Authenticating as principal admin/admin with keytab /tmp/admin.keytab.
scm_1       | 2019-10-20 12:54:46,397 INFO server.Server: Started @4601ms
datanode_3  | 2019-10-20 12:54:52,942 INFO impl.RaftServerImpl: dc8fd1c8-a457-4a6f-84bb-880f228c1438: new RaftServerImpl for group-F5028FFC6459:[dc8fd1c8-a457-4a6f-84bb-880f228c1438:172.18.0.5:9858] with ContainerStateMachine:uninitialized
nm_1        | 2019-10-20 12:54:32 INFO  Configuration:2752 - resource-types.xml not found
kms_1       | 	at com.sun.jersey.server.impl.uri.rules.RootResourceClassesRule.accept(RootResourceClassesRule.java:84)
om_1        | 2019-10-20 12:54:51,118 INFO db.DBStoreBuilder: Using default column profile:DBProfile.DISK for Table:default
jhs         | Oct 20, 2019 12:54:41 PM com.sun.jersey.guice.spi.container.GuiceComponentProviderFactory register
datanode_1  | 2019-10-20 12:54:54,125 INFO storage.RaftStorage: Storage directory /data/metadata/ratis/4514cdc2-c442-4a22-8652-be3e548d7f22 has been successfully formatted.
datanode_2  | 2019-10-20 12:54:53,566 INFO server.RaftServerConfigKeys: raft.server.log.appender.buffer.byte-limit = 33554432 (custom)
rm_1        | userLimit = 100 [= configuredUserLimit ]
kdc_1       | Entry for principal testuser/ce54776fe081@EXAMPLE.COM with kvno 2, encryption type aes256-cts-hmac-sha1-96 added to keytab WRFILE:/data/testuser.ce54776fe081.keytab.
scm_1       | 2019-10-20 12:54:46,400 INFO impl.MetricsSinkAdapter: Sink prometheus started
datanode_3  | 2019-10-20 12:54:52,944 INFO server.RaftServerConfigKeys: raft.server.rpc.timeout.min = 5s (custom)
nm_1        | 2019-10-20 12:54:32 INFO  ResourceUtils:419 - Unable to find 'resource-types.xml'.
kms_1       | 	at com.sun.jersey.server.impl.application.WebApplicationImpl._handleRequest(WebApplicationImpl.java:1542)
om_1        | 2019-10-20 12:54:51,119 INFO db.DBStoreBuilder: Using default options. DBProfile.DISK
jhs         | INFO: Registering org.apache.hadoop.yarn.webapp.GenericExceptionHandler as a provider class
datanode_1  | 2019-10-20 12:54:54,128 [pool-9-thread-1] INFO       - group-BE3E548D7F22: The snapshot info is null. Setting the last applied indexto:(t:0, i:~)
datanode_2  | 2019-10-20 12:54:53,568 INFO server.RaftServerConfigKeys: raft.server.log.segment.size.max = 1048576 (custom)
rm_1        | userLimitFactor = 1.0 [= configuredUserLimitFactor ]
kdc_1       | Entry for principal testuser/ce54776fe081@EXAMPLE.COM with kvno 2, encryption type aes128-cts-hmac-sha1-96 added to keytab WRFILE:/data/testuser.ce54776fe081.keytab.
scm_1       | 2019-10-20 12:54:46,400 INFO impl.MetricsSystemImpl: Registered sink prometheus
datanode_3  | 2019-10-20 12:54:52,944 INFO server.RaftServerConfigKeys: raft.server.rpc.timeout.max = 5200ms (custom)
nm_1        | 2019-10-20 12:54:32 INFO  Configuration:2752 - node-resources.xml not found
kms_1       | 	at com.sun.jersey.server.impl.application.WebApplicationImpl._handleRequest(WebApplicationImpl.java:1473)
om_1        | 2019-10-20 12:54:51,878 INFO Configuration.deprecation: No unit for ozone.manager.delegation.remover.scan.interval(3600000) assuming MILLISECONDS
jhs         | Oct 20, 2019 12:54:41 PM com.sun.jersey.server.impl.application.WebApplicationImpl _initiate
datanode_1  | 2019-10-20 12:54:54,129 INFO server.RaftServerConfigKeys: raft.server.notification.no-leader.timeout = 120s (custom)
datanode_2  | 2019-10-20 12:54:53,570 WARN impl.MetricsSystemImpl: HddsDatanode metrics system already initialized!
rm_1        | maxApplications = 10000 [= configuredMaximumSystemApplicationsPerQueue or (int)(configuredMaximumSystemApplications * absoluteCapacity)]
kdc_1       | Generiting keytab
scm_1       | 2019-10-20 12:54:46,402 INFO server.BaseHttpServer: HTTP server of SCM is listening at http://0.0.0.0:9876
datanode_3  | 2019-10-20 12:54:52,945 INFO server.RaftServerConfigKeys: raft.server.rpcslowness.timeout = 120s (custom)
nm_1        | 2019-10-20 12:54:32 INFO  ResourceUtils:419 - Unable to find 'node-resources.xml'.
kms_1       | 	at com.sun.jersey.server.impl.application.WebApplicationImpl.handleRequest(WebApplicationImpl.java:1419)
om_1        | 2019-10-20 12:54:51,881 [main] INFO       - Loaded 0 tokens
jhs         | INFO: Initiating Jersey application, version 'Jersey: 1.19 02/11/2015 03:25 AM'
datanode_1  | 2019-10-20 12:54:54,132 INFO server.RaftServerConfigKeys: raft.server.log.use.memory = false (default)
datanode_2  | 2019-10-20 12:54:53,578 INFO metrics.MetricRegistries: Loaded MetricRegistries class org.apache.ratis.metrics.impl.MetricRegistriesImpl
rm_1        | maxApplicationsPerUser = 10000 [= (int)(maxApplications * (userLimit / 100.0f) * userLimitFactor) ]
kdc_1       | Authenticating as principal admin/admin with keytab /tmp/admin.keytab.
scm_1       | 2019-10-20 12:54:46,410 INFO util.JvmPauseMonitor: Starting JVM pause monitor
datanode_3  | 2019-10-20 12:54:52,945 INFO server.RaftServerConfigKeys: raft.server.sleep.deviation.threshold = 300 (default)
nm_1        | 2019-10-20 12:54:32 INFO  NodeStatusUpdaterImpl:199 - Nodemanager resources is set to: <memory:8192, vCores:8>
kms_1       | 	at com.sun.jersey.server.impl.application.WebApplicationImpl.handleRequest(WebApplicationImpl.java:1409)
jhs         | Oct 20, 2019 12:54:41 PM com.sun.jersey.guice.spi.container.GuiceComponentProviderFactory getComponentProvider
om_1        | 2019-10-20 12:54:51,881 [main] INFO       - Loading token state into token manager.
datanode_1  | 2019-10-20 12:54:54,139 INFO server.RaftServerConfigKeys: raft.server.log.purge.gap = 1000000 (custom)
datanode_2  | 2019-10-20 12:54:53,623 INFO server.RaftServerConfigKeys: raft.server.log.segment.cache.num.max = 2 (custom)
rm_1        | usedCapacity = 0.0 [= usedResourcesMemory / (clusterResourceMemory * absoluteCapacity)]
kdc_1       | WARNING: no policy specified for testuser/nm@EXAMPLE.COM; defaulting to no policy
scm_1       | 2019-10-20 12:54:46,412 INFO ipc.Server: Auth successful for om/om@EXAMPLE.COM (auth:KERBEROS)
datanode_3  | 2019-10-20 12:54:52,946 INFO server.RaftServerConfigKeys: raft.server.log.appender.install.snapshot.enabled = false (custom)
nm_1        | 2019-10-20 12:54:32 INFO  NodeStatusUpdaterImpl:247 - Initialized nodemanager with : physical-memory=8192 virtual-memory=17204 virtual-cores=8
kms_1       | 	at com.sun.jersey.spi.container.servlet.WebComponent.service(WebComponent.java:409)
jhs         | INFO: Binding org.apache.hadoop.yarn.webapp.GenericExceptionHandler to GuiceManagedComponentProvider with the scope "Singleton"
om_1        | 2019-10-20 12:54:51,936 INFO ipc.CallQueueManager: Using callQueue: class java.util.concurrent.LinkedBlockingQueue, queueCapacity: 2000, scheduler: class org.apache.hadoop.ipc.DefaultRpcScheduler, ipcBackoff: false.
datanode_1  | 2019-10-20 12:54:54,139 INFO server.RaftServerConfigKeys: raft.server.log.appender.buffer.byte-limit = 33554432 (custom)
datanode_2  | 2019-10-20 12:54:53,628 INFO segmented.SegmentedRaftLogWorker: new 51631381-c56a-4d6a-9c5b-f1cd08b3575a@group-63B4D0381FCC-SegmentedRaftLogWorker for RaftStorage:Storage Directory /data/metadata/ratis/75bdcc49-78ff-4776-b389-63b4d0381fcc
rm_1        | absoluteUsedCapacity = 0.0 [= usedResourcesMemory / clusterResourceMemory]
kdc_1       | Principal "testuser/nm@EXAMPLE.COM" created.
scm_1       | 2019-10-20 12:54:46,422 INFO ipc.Server: Auth successful for dn/c2701d1b85d8@EXAMPLE.COM (auth:KERBEROS)
datanode_3  | 2019-10-20 12:54:52,954 INFO impl.RaftServerImpl: dc8fd1c8-a457-4a6f-84bb-880f228c1438@group-F5028FFC6459: ConfigurationManager, init=-1: [dc8fd1c8-a457-4a6f-84bb-880f228c1438:172.18.0.5:9858], old=null, confs=<EMPTY_MAP>
nm_1        | 2019-10-20 12:54:33 INFO  CallQueueManager:84 - Using callQueue: class java.util.concurrent.LinkedBlockingQueue, queueCapacity: 2000, scheduler: class org.apache.hadoop.ipc.DefaultRpcScheduler, ipcBackoff: false.
kms_1       | 	at com.sun.jersey.spi.container.servlet.ServletContainer.service(ServletContainer.java:558)
jhs         | Oct 20, 2019 12:54:41 PM com.sun.jersey.guice.spi.container.GuiceComponentProviderFactory getComponentProvider
om_1        | 2019-10-20 12:54:51,947 INFO ipc.Server: Starting Socket Reader #1 for port 9862
datanode_1  | 2019-10-20 12:54:54,142 INFO server.RaftServerConfigKeys: raft.server.log.segment.size.max = 1048576 (custom)
datanode_2  | 2019-10-20 12:54:53,628 INFO server.RaftServerConfigKeys: raft.server.log.queue.byte-limit = 2147483647 (custom)
rm_1        | maxAMResourcePerQueuePercent = 0.1 [= configuredMaximumAMResourcePercent ]
kdc_1       | Authenticating as principal admin/admin with keytab /tmp/admin.keytab.
scm_1       | 2019-10-20 12:54:46,422 INFO ipc.Server: Auth successful for dn/ac05e8278da8@EXAMPLE.COM (auth:KERBEROS)
datanode_3  | 2019-10-20 12:54:52,955 INFO server.RaftServerConfigKeys: raft.server.storage.dir = [/data/metadata/ratis] (custom)
nm_1        | 2019-10-20 12:54:33 INFO  Server:1074 - Starting Socket Reader #1 for port 42709
kms_1       | 	at com.sun.jersey.spi.container.servlet.ServletContainer.service(ServletContainer.java:733)
jhs         | INFO: Binding org.apache.hadoop.yarn.webapp.YarnJacksonJaxbJsonProvider to GuiceManagedComponentProvider with the scope "Singleton"
om_1        | 2019-10-20 12:54:52,009 [main] INFO       - OzoneManager RPC server is listening at om/172.18.0.7:9862
datanode_1  | 2019-10-20 12:54:54,145 WARN impl.MetricsSystemImpl: HddsDatanode metrics system already initialized!
datanode_2  | 2019-10-20 12:54:53,628 INFO server.RaftServerConfigKeys: raft.server.log.queue.element-limit = 1024 (custom)
rm_1        | minimumAllocationFactor = 0.875 [= (float)(maximumAllocationMemory - minimumAllocationMemory) / maximumAllocationMemory ]
kdc_1       | Entry for principal testuser/nm@EXAMPLE.COM with kvno 2, encryption type aes256-cts-hmac-sha1-96 added to keytab WRFILE:/data/testuser.nm.keytab.
scm_1       | 2019-10-20 12:54:46,423 INFO ipc.Server: Auth successful for dn/2913491fe8b9@EXAMPLE.COM (auth:KERBEROS)
datanode_3  | 2019-10-20 12:54:52,960 INFO server.RaftServerConfigKeys: raft.server.log.corruption.policy = EXCEPTION (default)
nm_1        | 2019-10-20 12:54:33 INFO  RpcServerFactoryPBImpl:173 - Adding protocol org.apache.hadoop.yarn.api.ContainerManagementProtocolPB to the server
kms_1       | 	at javax.servlet.http.HttpServlet.service(HttpServlet.java:790)
om_1        | 2019-10-20 12:54:52,091 INFO impl.MetricsConfig: Loaded properties from hadoop-metrics2.properties
datanode_1  | 2019-10-20 12:54:54,152 INFO metrics.MetricRegistries: Loaded MetricRegistries class org.apache.ratis.metrics.impl.MetricRegistriesImpl
jhs         | Oct 20, 2019 12:54:42 PM com.sun.jersey.guice.spi.container.GuiceComponentProviderFactory getComponentProvider
datanode_2  | 2019-10-20 12:54:53,629 INFO server.RaftServerConfigKeys: raft.server.log.segment.size.max = 1048576 (custom)
rm_1        | maximumAllocation = <memory:8192, vCores:4> [= configuredMaxAllocation ]
kdc_1       | Entry for principal testuser/nm@EXAMPLE.COM with kvno 2, encryption type aes128-cts-hmac-sha1-96 added to keytab WRFILE:/data/testuser.nm.keytab.
scm_1       | 2019-10-20 12:54:46,566 INFO server.SCMClientProtocolServer: Processing CSR for dn c2701d1b85d8, UUID: 51631381-c56a-4d6a-9c5b-f1cd08b3575a
datanode_3  | 2019-10-20 12:54:52,962 INFO storage.RaftStorageDirectory: The storage directory /data/metadata/ratis/e04e9a27-8683-4e3e-89a2-f5028ffc6459 does not exist. Creating ...
nm_1        | 2019-10-20 12:54:33 INFO  Server:1314 - IPC Server Responder: starting
kms_1       | 	at org.eclipse.jetty.servlet.ServletHolder.handle(ServletHolder.java:848)
datanode_1  | 2019-10-20 12:54:54,199 INFO server.RaftServerConfigKeys: raft.server.log.segment.cache.num.max = 2 (custom)
jhs         | INFO: Binding org.apache.hadoop.yarn.server.applicationhistoryservice.webapp.AHSWebServices to GuiceManagedComponentProvider with the scope "Singleton"
datanode_2  | 2019-10-20 12:54:53,630 INFO server.RaftServerConfigKeys: raft.server.log.preallocated.size = 16384 (custom)
rm_1        | numContainers = 0 [= currentNumContainers ]
kdc_1       | Generiting keytab
scm_1       | 2019-10-20 12:54:46,566 INFO server.SCMClientProtocolServer: Processing CSR for dn ac05e8278da8, UUID: dc8fd1c8-a457-4a6f-84bb-880f228c1438
datanode_3  | 2019-10-20 12:54:52,992 INFO storage.RaftStorageDirectory: Lock on /data/metadata/ratis/e04e9a27-8683-4e3e-89a2-f5028ffc6459/in_use.lock acquired by nodename 7@ac05e8278da8
nm_1        | 2019-10-20 12:54:33 INFO  Server:1153 - IPC Server listener on 42709: starting
kms_1       | 	at org.eclipse.jetty.servlet.ServletHandler$CachedChain.doFilter(ServletHandler.java:1772)
om_1        | 2019-10-20 12:54:52,128 INFO impl.MetricsSystemImpl: Scheduled Metric snapshot period at 10 second(s).
jhs         | Oct 20, 2019 12:54:42 PM com.sun.jersey.guice.spi.container.GuiceComponentProviderFactory getComponentProvider
datanode_2  | 2019-10-20 12:54:53,630 INFO server.RaftServerConfigKeys: raft.server.log.write.buffer.size = 33554432 (custom)
datanode_1  | 2019-10-20 12:54:54,205 INFO segmented.SegmentedRaftLogWorker: new 159ffc24-4ac9-4def-adc2-e8bd3d908fcf@group-BE3E548D7F22-SegmentedRaftLogWorker for RaftStorage:Storage Directory /data/metadata/ratis/4514cdc2-c442-4a22-8652-be3e548d7f22
rm_1        | state = RUNNING [= configuredState ]
kdc_1       | Authenticating as principal admin/admin with keytab /tmp/admin.keytab.
scm_1       | 2019-10-20 12:54:46,672 INFO server.SCMClientProtocolServer: Processing CSR for dn 2913491fe8b9, UUID: 159ffc24-4ac9-4def-adc2-e8bd3d908fcf
datanode_3  | 2019-10-20 12:54:53,018 INFO storage.RaftStorage: Storage directory /data/metadata/ratis/e04e9a27-8683-4e3e-89a2-f5028ffc6459 has been successfully formatted.
nm_1        | 2019-10-20 12:54:33 INFO  NMContainerTokenSecretManager:265 - Updating node address : nm:42709
kms_1       | 	at org.apache.hadoop.crypto.key.kms.server.KMSMDCFilter.doFilter(KMSMDCFilter.java:84)
om_1        | 2019-10-20 12:54:52,128 INFO impl.MetricsSystemImpl: OzoneManager metrics system started
jhs         | INFO: Binding org.apache.hadoop.yarn.server.timeline.webapp.TimelineWebServices to GuiceManagedComponentProvider with the scope "Singleton"
datanode_2  | 2019-10-20 12:54:53,630 INFO server.RaftServerConfigKeys: raft.server.log.force.sync.num = 128 (default)
datanode_1  | 2019-10-20 12:54:54,205 INFO server.RaftServerConfigKeys: raft.server.log.queue.byte-limit = 2147483647 (custom)
rm_1        | acls = ADMINISTER_QUEUE:*SUBMIT_APP:* [= configuredAcls ]
kdc_1       | WARNING: no policy specified for s3g/s3g@EXAMPLE.COM; defaulting to no policy
scm_1       | 2019-10-20 12:54:47,973 INFO ipc.Server: Auth successful for om/om@EXAMPLE.COM (auth:KERBEROS)
datanode_3  | 2019-10-20 12:54:53,022 [pool-9-thread-1] INFO       - group-F5028FFC6459: The snapshot info is null. Setting the last applied indexto:(t:0, i:~)
nm_1        | 2019-10-20 12:54:33 INFO  CallQueueManager:84 - Using callQueue: class java.util.concurrent.LinkedBlockingQueue, queueCapacity: 500, scheduler: class org.apache.hadoop.ipc.DefaultRpcScheduler, ipcBackoff: false.
kms_1       | 	at org.eclipse.jetty.servlet.ServletHandler$CachedChain.doFilter(ServletHandler.java:1759)
om_1        | 2019-10-20 12:54:52,165 [main] INFO       - Reading keypair and certificate from file system.
jhs         | 2019-10-20 12:54:42 INFO  ContextHandler:781 - Started o.e.j.w.WebAppContext@5eb97ced{/,file:///tmp/jetty-jhs-8188-applicationhistory-_-any-7334579671154054456.dir/webapp/,AVAILABLE}{/applicationhistory}
datanode_2  | 2019-10-20 12:54:53,631 INFO server.RaftServerConfigKeys: raft.server.log.statemachine.data.sync = true (default)
datanode_1  | 2019-10-20 12:54:54,205 INFO server.RaftServerConfigKeys: raft.server.log.queue.element-limit = 1024 (custom)
rm_1        | nodeLocalityDelay = 40
kdc_1       | Principal "s3g/s3g@EXAMPLE.COM" created.
scm_1       | 2019-10-20 12:54:47,978 INFO server.SCMClientProtocolServer: Processing CSR for om om, UUID: 67c85a48-bff2-41f8-b8ce-c235b91d64b2
datanode_3  | 2019-10-20 12:54:53,022 INFO server.RaftServerConfigKeys: raft.server.notification.no-leader.timeout = 120s (custom)
nm_1        | 2019-10-20 12:54:33 INFO  Server:1074 - Starting Socket Reader #1 for port 8040
om_1        | 2019-10-20 12:54:52,179 [main] INFO       - Starting OM block token secret manager
kms_1       | 	at org.apache.hadoop.security.authentication.server.AuthenticationFilter.doFilter(AuthenticationFilter.java:644)
jhs         | 2019-10-20 12:54:42 INFO  AbstractConnector:278 - Started ServerConnector@27fde870{HTTP/1.1,[http/1.1]}{jhs:8188}
datanode_2  | 2019-10-20 12:54:53,631 INFO server.RaftServerConfigKeys: raft.server.log.statemachine.data.sync.timeout = 10s (default)
datanode_1  | 2019-10-20 12:54:54,206 INFO server.RaftServerConfigKeys: raft.server.log.segment.size.max = 1048576 (custom)
rm_1        | rackLocalityAdditionalDelay = -1
kdc_1       | Authenticating as principal admin/admin with keytab /tmp/admin.keytab.
scm_1       | 2019-10-20 12:54:50,023 INFO ipc.Server: Auth successful for dn/ac05e8278da8@EXAMPLE.COM (auth:KERBEROS)
datanode_3  | 2019-10-20 12:54:53,025 INFO server.RaftServerConfigKeys: raft.server.log.use.memory = false (default)
om_1        | 2019-10-20 12:54:52,180 [main] INFO       - Updating the current master key for generating tokens
nm_1        | 2019-10-20 12:54:33 INFO  RpcServerFactoryPBImpl:173 - Adding protocol org.apache.hadoop.yarn.server.nodemanager.api.LocalizationProtocolPB to the server
kms_1       | 	at org.apache.hadoop.security.token.delegation.web.DelegationTokenAuthenticationFilter.doFilter(DelegationTokenAuthenticationFilter.java:304)
jhs         | 2019-10-20 12:54:42 INFO  Server:419 - Started @3586ms
datanode_2  | 2019-10-20 12:54:53,632 INFO server.RaftServerConfigKeys: raft.server.log.statemachine.data.sync.timeout.retry = -1 (default)
datanode_1  | 2019-10-20 12:54:54,207 INFO server.RaftServerConfigKeys: raft.server.log.preallocated.size = 16384 (custom)
rm_1        | labels=*,
kdc_1       | Entry for principal s3g/s3g@EXAMPLE.COM with kvno 2, encryption type aes256-cts-hmac-sha1-96 added to keytab WRFILE:/data/s3g.s3g.keytab.
scm_1       | 2019-10-20 12:54:50,234 INFO ipc.Server: Auth successful for dn/c2701d1b85d8@EXAMPLE.COM (auth:KERBEROS)
datanode_3  | 2019-10-20 12:54:53,029 INFO server.RaftServerConfigKeys: raft.server.log.purge.gap = 1000000 (custom)
om_1        | 2019-10-20 12:54:52,181 [main] INFO       - Starting OM delegation token secret manager
nm_1        | 2019-10-20 12:54:33 INFO  Server:1314 - IPC Server Responder: starting
kms_1       | 	at org.apache.hadoop.security.authentication.server.AuthenticationFilter.doFilter(AuthenticationFilter.java:592)
jhs         | 2019-10-20 12:54:42 INFO  ApplicationHistoryServer:318 - Instantiating AHSWebApp at 8188
datanode_2  | 2019-10-20 12:54:53,641 INFO server.RaftServerConfigKeys: raft.server.log.statemachine.data.caching.enabled = true (custom)
datanode_1  | 2019-10-20 12:54:54,207 INFO server.RaftServerConfigKeys: raft.server.log.write.buffer.size = 33554432 (custom)
rm_1        | reservationsContinueLooking = true
kdc_1       | Entry for principal s3g/s3g@EXAMPLE.COM with kvno 2, encryption type aes128-cts-hmac-sha1-96 added to keytab WRFILE:/data/s3g.s3g.keytab.
datanode_3  | 2019-10-20 12:54:53,029 INFO server.RaftServerConfigKeys: raft.server.log.appender.buffer.byte-limit = 33554432 (custom)
om_1        | 2019-10-20 12:54:52,181 [main] INFO       - Updating the current master key for generating tokens
scm_1       | 2019-10-20 12:54:50,281 INFO ipc.Server: Auth successful for dn/2913491fe8b9@EXAMPLE.COM (auth:KERBEROS)
nm_1        | 2019-10-20 12:54:33 INFO  Server:1153 - IPC Server listener on 8040: starting
kms_1       | 	at org.apache.hadoop.crypto.key.kms.server.KMSAuthenticationFilter.doFilter(KMSAuthenticationFilter.java:142)
datanode_2  | 2019-10-20 12:54:53,645 INFO segmented.SegmentedRaftLogWorker: 51631381-c56a-4d6a-9c5b-f1cd08b3575a@group-63B4D0381FCC-SegmentedRaftLogWorker: flushIndex: setUnconditionally 0 -> -1
jhs         | Oct 20, 2019 12:55:44 PM com.sun.jersey.server.wadl.generators.AbstractWadlGeneratorGrammarGenerator attachTypes
datanode_1  | 2019-10-20 12:54:54,208 INFO server.RaftServerConfigKeys: raft.server.log.force.sync.num = 128 (default)
rm_1        | preemptionDisabled = true
kdc_1       | Generiting keytab
datanode_3  | 2019-10-20 12:54:53,031 INFO server.RaftServerConfigKeys: raft.server.log.segment.size.max = 1048576 (custom)
om_1        | 2019-10-20 12:54:52,182 [Thread[Thread-11,5,main]] INFO       - Starting expired delegation token remover thread, tokenRemoverScanInterval=60 min(s)
scm_1       | 2019-10-20 12:54:50,508 INFO ipc.Server: Auth successful for om/om@EXAMPLE.COM (auth:KERBEROS)
nm_1        | 2019-10-20 12:54:33 INFO  ResourceLocalizationService:392 - Localizer started on port 8040
kms_1       | 	at org.eclipse.jetty.servlet.ServletHandler$CachedChain.doFilter(ServletHandler.java:1751)
datanode_2  | 2019-10-20 12:54:53,649 INFO server.RaftServerConfigKeys: raft.server.snapshot.auto.trigger.enabled = true (custom)
jhs         | INFO: Couldn't find grammar element for class javax.ws.rs.core.Response
rm_1        | defaultAppPriorityPerQueue = 0
kdc_1       | Authenticating as principal admin/admin with keytab /tmp/admin.keytab.
datanode_3  | 2019-10-20 12:54:53,033 WARN impl.MetricsSystemImpl: HddsDatanode metrics system already initialized!
om_1        | 2019-10-20 12:54:52,217 INFO ipc.Server: IPC Server listener on 9862: starting
datanode_1  | 2019-10-20 12:54:54,208 INFO server.RaftServerConfigKeys: raft.server.log.statemachine.data.sync = true (default)
scm_1       | 2019-10-20 12:54:52,042 INFO net.NetworkTopology: Added a new node: /default-rack/dc8fd1c8-a457-4a6f-84bb-880f228c1438
nm_1        | 2019-10-20 12:54:33 INFO  IndexCache:47 - IndexCache created with max memory = 10485760
kms_1       | 	at org.apache.hadoop.http.HttpServer2$QuotingInputFilter.doFilter(HttpServer2.java:1609)
datanode_2  | 2019-10-20 12:54:53,650 INFO server.RaftServerConfigKeys: raft.server.snapshot.auto.trigger.threshold = 10000 (custom)
jhs         | Oct 20, 2019 12:55:44 PM com.sun.jersey.server.wadl.generators.AbstractWadlGeneratorGrammarGenerator attachTypes
rm_1        | priority = 0
kdc_1       | Oct 20 12:54:20 kdc krb5kdc[9](info): AS_REQ (8 etypes {18 17 20 19 16 23 25 26}) 127.0.0.1: SERVER_NOT_FOUND: admin/admin@EXAMPLE.COM for kadmin/localhost@EXAMPLE.COM, Server not found in Kerberos database
datanode_3  | 2019-10-20 12:54:53,039 INFO metrics.MetricRegistries: Loaded MetricRegistries class org.apache.ratis.metrics.impl.MetricRegistriesImpl
om_1        | 2019-10-20 12:54:52,217 INFO ipc.Server: IPC Server Responder: starting
datanode_1  | 2019-10-20 12:54:54,209 INFO server.RaftServerConfigKeys: raft.server.log.statemachine.data.sync.timeout = 10s (default)
scm_1       | 2019-10-20 12:54:52,043 INFO node.SCMNodeManager: Registered Data node : dc8fd1c8-a457-4a6f-84bb-880f228c1438{ip: 172.18.0.5, host: ozonesecure-mr_datanode_3.ozone, networkLocation: /default-rack, certSerialId: 11922844947079352}
nm_1        | 2019-10-20 12:54:33 INFO  ShuffleHandler:549 - mapreduce_shuffle listening on port 13562
kms_1       | 	at org.eclipse.jetty.servlet.ServletHandler$CachedChain.doFilter(ServletHandler.java:1759)
datanode_2  | 2019-10-20 12:54:53,651 INFO server.RaftServerConfigKeys: raft.server.snapshot.retention.file.num = 5 (custom)
jhs         | INFO: Couldn't find grammar element for class javax.ws.rs.core.Response
rm_1        | maxLifetime = -1 seconds
kdc_1       | Oct 20 12:54:20 kdc krb5kdc[9](info): AS_REQ (8 etypes {18 17 20 19 16 23 25 26}) 127.0.0.1: ISSUE: authtime 1571576060, etypes {rep=18 tkt=18 ses=18}, admin/admin@EXAMPLE.COM for kadmin/admin@EXAMPLE.COM
datanode_3  | 2019-10-20 12:54:53,076 INFO server.RaftServerConfigKeys: raft.server.log.segment.cache.num.max = 2 (custom)
om_1        | 2019-10-20 12:54:52,250 INFO hdfs.DFSUtil: Starting web server as: HTTP/om@EXAMPLE.COM
datanode_1  | 2019-10-20 12:54:54,209 INFO server.RaftServerConfigKeys: raft.server.log.statemachine.data.sync.timeout.retry = -1 (default)
scm_1       | 2019-10-20 12:54:52,047 INFO safemode.SCMSafeModeManager: SCM in safe mode. 1 DataNodes registered, 1 required.
nm_1        | 2019-10-20 12:54:33 INFO  ContainerManagerImpl:666 - ContainerManager started at nm/172.18.0.6:42709
kms_1       | 	at org.apache.hadoop.http.NoCacheFilter.doFilter(NoCacheFilter.java:45)
datanode_2  | 2019-10-20 12:54:53,651 INFO server.RaftServerConfigKeys: raft.server.retrycache.expirytime = 600000ms (custom)
jhs         | Oct 20, 2019 12:55:44 PM com.sun.jersey.server.wadl.generators.AbstractWadlGeneratorGrammarGenerator attachTypes
rm_1        | defaultLifetime = -1 seconds
kdc_1       | Oct 20 12:54:20 kdc krb5kdc[9](info): AS_REQ (8 etypes {18 17 20 19 16 23 25 26}) 127.0.0.1: SERVER_NOT_FOUND: admin/admin@EXAMPLE.COM for kadmin/localhost@EXAMPLE.COM, Server not found in Kerberos database
datanode_3  | 2019-10-20 12:54:53,081 INFO segmented.SegmentedRaftLogWorker: new dc8fd1c8-a457-4a6f-84bb-880f228c1438@group-F5028FFC6459-SegmentedRaftLogWorker for RaftStorage:Storage Directory /data/metadata/ratis/e04e9a27-8683-4e3e-89a2-f5028ffc6459
om_1        | 2019-10-20 12:54:52,250 INFO hdfs.DFSUtil: Starting Web-server for ozoneManager at: http://0.0.0.0:9874
datanode_1  | 2019-10-20 12:54:54,219 INFO server.RaftServerConfigKeys: raft.server.log.statemachine.data.caching.enabled = true (custom)
scm_1       | 2019-10-20 12:54:52,048 INFO safemode.SCMSafeModeManager: ScmSafeModeManager, all rules are successfully validated
nm_1        | 2019-10-20 12:54:33 INFO  ContainerManagerImpl:667 - ContainerManager bound to 0.0.0.0/0.0.0.0:0
kms_1       | 	at org.eclipse.jetty.servlet.ServletHandler$CachedChain.doFilter(ServletHandler.java:1759)
datanode_2  | 2019-10-20 12:54:53,689 INFO impl.RaftServerImpl: 51631381-c56a-4d6a-9c5b-f1cd08b3575a@group-63B4D0381FCC: start as a follower, conf=-1: [51631381-c56a-4d6a-9c5b-f1cd08b3575a:172.18.0.8:9858], old=null
jhs         | INFO: Couldn't find grammar element for class javax.ws.rs.core.Response
kdc_1       | Oct 20 12:54:20 kdc krb5kdc[9](info): AS_REQ (8 etypes {18 17 20 19 16 23 25 26}) 127.0.0.1: ISSUE: authtime 1571576060, etypes {rep=18 tkt=18 ses=18}, admin/admin@EXAMPLE.COM for kadmin/admin@EXAMPLE.COM
rm_1        | 2019-10-20 12:54:42 INFO  CapacitySchedulerQueueManager:298 - Initialized queue: default: capacity=1.0, absoluteCapacity=1.0, usedResources=<memory:0, vCores:0>, usedCapacity=0.0, absoluteUsedCapacity=0.0, numApps=0, numContainers=0, effectiveMinResource=<memory:0, vCores:0> , effectiveMaxResource=<memory:0, vCores:0>
datanode_3  | 2019-10-20 12:54:53,081 INFO server.RaftServerConfigKeys: raft.server.log.queue.byte-limit = 2147483647 (custom)
om_1        | 2019-10-20 12:54:52,348 INFO server.AuthenticationFilter: Unable to initialize FileSignerSecretProvider, falling back to use random secrets.
datanode_1  | 2019-10-20 12:54:54,223 INFO segmented.SegmentedRaftLogWorker: 159ffc24-4ac9-4def-adc2-e8bd3d908fcf@group-BE3E548D7F22-SegmentedRaftLogWorker: flushIndex: setUnconditionally 0 -> -1
scm_1       | 2019-10-20 12:54:52,049 INFO safemode.SCMSafeModeManager: SCM exiting safe mode.
nm_1        | 2019-10-20 12:54:33 INFO  WebServer:99 - Instantiating NMWebApp at 0.0.0.0:8042
kms_1       | 	at org.eclipse.jetty.servlet.ServletHandler.doHandle(ServletHandler.java:582)
nm_1        | 2019-10-20 12:54:33 INFO  log:192 - Logging initialized @2123ms
jhs         | Oct 20, 2019 12:55:44 PM com.sun.jersey.server.wadl.generators.AbstractWadlGeneratorGrammarGenerator attachTypes
kdc_1       | Oct 20 12:54:20 kdc krb5kdc[9](info): AS_REQ (8 etypes {18 17 20 19 16 23 25 26}) 127.0.0.1: SERVER_NOT_FOUND: admin/admin@EXAMPLE.COM for kadmin/localhost@EXAMPLE.COM, Server not found in Kerberos database
rm_1        | 2019-10-20 12:54:42 INFO  CapacitySchedulerQueueManager:298 - Initialized queue: root: numChildQueue= 1, capacity=1.0, absoluteCapacity=1.0, usedResources=<memory:0, vCores:0>usedCapacity=0.0, numApps=0, numContainers=0
datanode_3  | 2019-10-20 12:54:53,081 INFO server.RaftServerConfigKeys: raft.server.log.queue.element-limit = 1024 (custom)
om_1        | 2019-10-20 12:54:52,352 INFO http.HttpRequestLog: Http request log for http.requests.ozoneManager is not defined
datanode_1  | 2019-10-20 12:54:54,227 INFO server.RaftServerConfigKeys: raft.server.snapshot.auto.trigger.enabled = true (custom)
scm_1       | 2019-10-20 12:54:52,229 INFO net.NetworkTopology: Added a new node: /default-rack/51631381-c56a-4d6a-9c5b-f1cd08b3575a
datanode_2  | 2019-10-20 12:54:53,690 INFO impl.RaftServerImpl: 51631381-c56a-4d6a-9c5b-f1cd08b3575a@group-63B4D0381FCC: changes role from      null to FOLLOWER at term 0 for startAsFollower
kms_1       | 	at org.eclipse.jetty.server.handler.ScopedHandler.handle(ScopedHandler.java:143)
nm_1        | 2019-10-20 12:54:33 INFO  AuthenticationFilter:240 - Unable to initialize FileSignerSecretProvider, falling back to use random secrets.
jhs         | INFO: Couldn't find grammar element for class javax.ws.rs.core.Response
kdc_1       | Oct 20 12:54:20 kdc krb5kdc[9](info): AS_REQ (8 etypes {18 17 20 19 16 23 25 26}) 127.0.0.1: ISSUE: authtime 1571576060, etypes {rep=18 tkt=18 ses=18}, admin/admin@EXAMPLE.COM for kadmin/admin@EXAMPLE.COM
rm_1        | 2019-10-20 12:54:42 INFO  CapacitySchedulerQueueManager:163 - Initialized root queue root: numChildQueue= 1, capacity=1.0, absoluteCapacity=1.0, usedResources=<memory:0, vCores:0>usedCapacity=0.0, numApps=0, numContainers=0
om_1        | 2019-10-20 12:54:52,363 INFO http.HttpServer2: Added global filter 'safety' (class=org.apache.hadoop.http.HttpServer2$QuotingInputFilter)
datanode_1  | 2019-10-20 12:54:54,228 INFO server.RaftServerConfigKeys: raft.server.snapshot.auto.trigger.threshold = 10000 (custom)
datanode_3  | 2019-10-20 12:54:53,082 INFO server.RaftServerConfigKeys: raft.server.log.segment.size.max = 1048576 (custom)
scm_1       | 2019-10-20 12:54:52,229 INFO node.SCMNodeManager: Registered Data node : 51631381-c56a-4d6a-9c5b-f1cd08b3575a{ip: 172.18.0.8, host: ozonesecure-mr_datanode_2.ozone, networkLocation: /default-rack, certSerialId: 11922844947053677}
datanode_2  | 2019-10-20 12:54:53,692 INFO impl.RoleInfo: 51631381-c56a-4d6a-9c5b-f1cd08b3575a: start FollowerState
kms_1       | 	at org.eclipse.jetty.security.SecurityHandler.handle(SecurityHandler.java:548)
nm_1        | 2019-10-20 12:54:33 INFO  HttpRequestLog:81 - Http request log for http.requests.nodemanager is not defined
jhs         | 2019-10-20 12:55:44 INFO  AbstractDelegationTokenSecretManager:403 - Creating password for identifier: (TIMELINE_DELEGATION_TOKEN owner=hadoop, renewer=rm, realUser=, issueDate=1571576144402, maxDate=1572180944402, sequenceNumber=1, masterKeyId=2), currentKey: 2
kdc_1       | Oct 20 12:54:20 kdc krb5kdc[9](info): AS_REQ (8 etypes {18 17 20 19 16 23 25 26}) 127.0.0.1: SERVER_NOT_FOUND: admin/admin@EXAMPLE.COM for kadmin/localhost@EXAMPLE.COM, Server not found in Kerberos database
rm_1        | 2019-10-20 12:54:42 INFO  UserGroupMappingPlacementRule:237 - Initialized queue mappings, override: false
om_1        | 2019-10-20 12:54:52,367 INFO http.HttpServer2: Added filter static_user_filter (class=org.apache.hadoop.http.lib.StaticUserWebFilter$StaticUserFilter) to context ozoneManager
datanode_1  | 2019-10-20 12:54:54,228 INFO server.RaftServerConfigKeys: raft.server.snapshot.retention.file.num = 5 (custom)
