scm_1       | 2019-10-17 19:23:40,553 INFO ipc.Server: Auth successful for dn/1ea24043c473@EXAMPLE.COM (auth:KERBEROS)
datanode_1  | 2019-10-17 19:23:44,165 INFO server.RaftServerConfigKeys: raft.server.snapshot.auto.trigger.enabled = true (custom)
kdc_1       | Oct 17 19:23:25 kdc kadmind[15](info): closing down fd 18
datanode_3  | 2019-10-17 19:23:44,813 INFO impl.RoleInfo: 2e931fc2-a841-49ad-a0ca-c0787e0554be: start LeaderElection
om_1        | 2019-10-17 19:23:42,498 INFO hdfs.DFSUtil: Starting Web-server for ozoneManager at: http://0.0.0.0:9874
datanode_2  | 2019-10-17 19:23:43,538 INFO server.RaftServerConfigKeys: raft.server.log.statemachine.data.sync.timeout.retry = -1 (default)
s3g_1       | 20191017/us-west-1/s3/aws4_request
scm_1       | 2019-10-17 19:23:40,556 INFO authorize.ServiceAuthorizationManager: Authorization successful for dn/1ea24043c473@EXAMPLE.COM (auth:KERBEROS) for protocol=interface org.apache.hadoop.ozone.protocol.StorageContainerDatanodeProtocol
datanode_1  | 2019-10-17 19:23:44,166 INFO server.RaftServerConfigKeys: raft.server.snapshot.auto.trigger.threshold = 10000 (custom)
kdc_1       | Oct 17 19:23:25 kdc kadmind[15](Notice): Request: kadm5_init, admin/admin@EXAMPLE.COM, success, client=admin/admin@EXAMPLE.COM, service=kadmin/admin@EXAMPLE.COM, addr=127.0.0.1, vers=4, flavor=6
datanode_3  | 2019-10-17 19:23:44,847 INFO impl.LeaderElection: 2e931fc2-a841-49ad-a0ca-c0787e0554be@group-8256F796CB88-LeaderElection1: begin an election at term 1 for -1: [2e931fc2-a841-49ad-a0ca-c0787e0554be:172.18.0.9:9858], old=null
datanode_2  | 2019-10-17 19:23:43,545 INFO server.RaftServerConfigKeys: raft.server.log.statemachine.data.caching.enabled = true (custom)
om_1        | 2019-10-17 19:23:42,610 INFO server.AuthenticationFilter: Unable to initialize FileSignerSecretProvider, falling back to use random secrets.
scm_1       | 2019-10-17 19:23:40,561 INFO ipc.Server: Auth successful for om/om@EXAMPLE.COM (auth:KERBEROS)
datanode_1  | 2019-10-17 19:23:44,166 INFO server.RaftServerConfigKeys: raft.server.snapshot.retention.file.num = 5 (custom)
kdc_1       | Oct 17 19:23:25 kdc kadmind[15](Notice): Request: kadm5_get_policy, default, Policy does not exist, client=admin/admin@EXAMPLE.COM, service=kadmin/admin@EXAMPLE.COM, addr=127.0.0.1
datanode_3  | 2019-10-17 19:23:44,849 INFO impl.RoleInfo: 2e931fc2-a841-49ad-a0ca-c0787e0554be: shutdown LeaderElection
s3g_1       | 837c3e29f169babe6c7c7dac06c97eb082bbc3aec7de70765f9525e07f6a365e, signature=5f3388b649db1b7ec37bce276bcdcd30048712f2218743bc371339ec507eb534, awsAccessKeyId=dlfknslnfslf
datanode_2  | 2019-10-17 19:23:43,549 INFO segmented.SegmentedRaftLogWorker: 9c5d2cde-d68f-49f2-9c8f-b5ebcafa65f1@group-0F6DB409692C-SegmentedRaftLogWorker: flushIndex: setUnconditionally 0 -> -1
om_1        | 2019-10-17 19:23:42,614 INFO http.HttpRequestLog: Http request log for http.requests.ozoneManager is not defined
scm_1       | 2019-10-17 19:23:40,569 INFO ipc.Server: Auth successful for dn/d5cc7056db40@EXAMPLE.COM (auth:KERBEROS)
datanode_1  | 2019-10-17 19:23:44,167 INFO server.RaftServerConfigKeys: raft.server.retrycache.expirytime = 600000ms (custom)
kdc_1       | Oct 17 19:23:25 kdc kadmind[15](Notice): Request: kadm5_create_principal, om/s3g@EXAMPLE.COM, success, client=admin/admin@EXAMPLE.COM, service=kadmin/admin@EXAMPLE.COM, addr=127.0.0.1
datanode_3  | 2019-10-17 19:23:44,849 INFO impl.RaftServerImpl: 2e931fc2-a841-49ad-a0ca-c0787e0554be@group-8256F796CB88: changes role from CANDIDATE to LEADER at term 1 for changeToLeader
s3g_1       | 2019-10-17 19:30:47,292 [qtp359368949-27] ERROR      - Failed to connect to OM. Attempted 10 retries and 10 failovers
datanode_2  | 2019-10-17 19:23:43,554 INFO server.RaftServerConfigKeys: raft.server.snapshot.auto.trigger.enabled = true (custom)
om_1        | 2019-10-17 19:23:42,621 INFO http.HttpServer2: Added global filter 'safety' (class=org.apache.hadoop.http.HttpServer2$QuotingInputFilter)
scm_1       | 2019-10-17 19:23:40,573 INFO authorize.ServiceAuthorizationManager: Authorization successful for dn/d5cc7056db40@EXAMPLE.COM (auth:KERBEROS) for protocol=interface org.apache.hadoop.ozone.protocol.StorageContainerDatanodeProtocol
datanode_1  | 2019-10-17 19:23:44,213 INFO impl.RaftServerImpl: e37f7aaf-fe21-49a5-af18-a372c16a0cc6@group-296F11B42503: start as a follower, conf=-1: [e37f7aaf-fe21-49a5-af18-a372c16a0cc6:172.18.0.3:9858], old=null
kdc_1       | Oct 17 19:23:25 kdc kadmind[15](info): closing down fd 18
s3g_1       | 2019-10-17 19:30:47,294 [qtp359368949-27] ERROR      - Couldn't create RpcClient protocol exception: 
datanode_2  | 2019-10-17 19:23:43,555 INFO server.RaftServerConfigKeys: raft.server.snapshot.auto.trigger.threshold = 10000 (custom)
scm_1       | 2019-10-17 19:23:40,573 INFO authorize.ServiceAuthorizationManager: Authorization successful for om/om@EXAMPLE.COM (auth:KERBEROS) for protocol=interface org.apache.hadoop.hdds.scm.protocol.ScmBlockLocationProtocol
datanode_3  | 2019-10-17 19:23:44,849 [2e931fc2-a841-49ad-a0ca-c0787e0554be@group-8256F796CB88-LeaderElection1] INFO       - Leader change notification received for group: group-8256F796CB88 with new leaderId: 2e931fc2-a841-49ad-a0ca-c0787e0554be
datanode_1  | 2019-10-17 19:23:44,215 INFO impl.RaftServerImpl: e37f7aaf-fe21-49a5-af18-a372c16a0cc6@group-296F11B42503: changes role from      null to FOLLOWER at term 0 for startAsFollower
kdc_1       | Entry for principal om/s3g@EXAMPLE.COM with kvno 2, encryption type aes256-cts-hmac-sha1-96 added to keytab WRFILE:/data/om.s3g.keytab.
s3g_1       | org.apache.hadoop.ipc.RemoteException(org.apache.hadoop.security.token.SecretManager$InvalidToken): No S3 secret found for S3 identifier:OzoneToken owner=dlfknslnfslf, renewer=, realUser=, issueDate=0, maxDate=0, sequenceNumber=0, masterKeyId=0, strToSign=AWS4-HMAC-SHA256
om_1        | 2019-10-17 19:23:42,622 INFO http.HttpServer2: Added filter authentication (class=org.apache.hadoop.security.authentication.server.AuthenticationFilter) to context ozoneManager
datanode_2  | 2019-10-17 19:23:43,556 INFO server.RaftServerConfigKeys: raft.server.snapshot.retention.file.num = 5 (custom)
scm_1       | 2019-10-17 19:23:42,531 INFO net.NetworkTopology: Added a new node: /default-rack/9c5d2cde-d68f-49f2-9c8f-b5ebcafa65f1
datanode_1  | 2019-10-17 19:23:44,216 INFO impl.RoleInfo: e37f7aaf-fe21-49a5-af18-a372c16a0cc6: start FollowerState
kdc_1       | Entry for principal om/s3g@EXAMPLE.COM with kvno 2, encryption type aes128-cts-hmac-sha1-96 added to keytab WRFILE:/data/om.s3g.keytab.
datanode_3  | 2019-10-17 19:23:44,867 INFO impl.RaftServerImpl: 2e931fc2-a841-49ad-a0ca-c0787e0554be@group-8256F796CB88: change Leader from null to 2e931fc2-a841-49ad-a0ca-c0787e0554be at term 1 for becomeLeader, leader elected after 202ms
s3g_1       | 20191017T193047Z
datanode_2  | 2019-10-17 19:23:43,556 INFO server.RaftServerConfigKeys: raft.server.retrycache.expirytime = 600000ms (custom)
om_1        | 2019-10-17 19:23:42,623 INFO http.HttpServer2: Added filter authentication (class=org.apache.hadoop.security.authentication.server.AuthenticationFilter) to context logs
scm_1       | 2019-10-17 19:23:42,531 INFO node.SCMNodeManager: Registered Data node : 9c5d2cde-d68f-49f2-9c8f-b5ebcafa65f1{ip: 172.18.0.4, host: ozonesecure_datanode_2.ozonesecure_default, networkLocation: /default-rack, certSerialId: 10539172511481137}
datanode_1  | 2019-10-17 19:23:44,221 INFO impl.FollowerState: e37f7aaf-fe21-49a5-af18-a372c16a0cc6@group-296F11B42503-FollowerState: change to CANDIDATE, lastRpcTime:4ms, electionTimeout:3ms
kdc_1       | Generiting keytab
datanode_3  | 2019-10-17 19:23:44,872 INFO server.RaftServerConfigKeys: raft.server.staging.catchup.gap = 1000 (default)
s3g_1       | 20191017/us-west-1/s3/aws4_request
datanode_2  | 2019-10-17 19:23:43,592 INFO impl.RaftServerImpl: 9c5d2cde-d68f-49f2-9c8f-b5ebcafa65f1@group-0F6DB409692C: start as a follower, conf=-1: [9c5d2cde-d68f-49f2-9c8f-b5ebcafa65f1:172.18.0.4:9858], old=null
om_1        | 2019-10-17 19:23:42,623 INFO http.HttpServer2: Added filter authentication (class=org.apache.hadoop.security.authentication.server.AuthenticationFilter) to context static
scm_1       | 2019-10-17 19:23:42,535 INFO safemode.SCMSafeModeManager: SCM in safe mode. 1 DataNodes registered, 1 required.
datanode_1  | 2019-10-17 19:23:44,222 INFO util.JmxRegister: Successfully registered JMX Bean with object name Ratis:service=RaftServer,group=group-296F11B42503,id=e37f7aaf-fe21-49a5-af18-a372c16a0cc6
kdc_1       | Authenticating as principal admin/admin with keytab /tmp/admin.keytab.
datanode_3  | 2019-10-17 19:23:44,872 INFO server.RaftServerConfigKeys: raft.server.rpc.sleep.time = 25ms (default)
s3g_1       | 837c3e29f169babe6c7c7dac06c97eb082bbc3aec7de70765f9525e07f6a365e, signature=5f3388b649db1b7ec37bce276bcdcd30048712f2218743bc371339ec507eb534, awsAccessKeyId=dlfknslnfslf
datanode_2  | 2019-10-17 19:23:43,593 INFO impl.RaftServerImpl: 9c5d2cde-d68f-49f2-9c8f-b5ebcafa65f1@group-0F6DB409692C: changes role from      null to FOLLOWER at term 0 for startAsFollower
om_1        | 2019-10-17 19:23:42,645 INFO http.HttpServer2: Jetty bound to port 9874
scm_1       | 2019-10-17 19:23:42,536 INFO safemode.SCMSafeModeManager: ScmSafeModeManager, all rules are successfully validated
datanode_1  | 2019-10-17 19:23:44,223 INFO impl.RoleInfo: e37f7aaf-fe21-49a5-af18-a372c16a0cc6: shutdown FollowerState
kdc_1       | WARNING: no policy specified for testuser/59944e97dfd6@EXAMPLE.COM; defaulting to no policy
datanode_3  | 2019-10-17 19:23:44,878 INFO server.RaftServerConfigKeys: raft.server.write.element-limit = 4096 (default)
s3g_1       | 	at org.apache.hadoop.ipc.Client.getRpcResponse(Client.java:1511)
datanode_2  | 2019-10-17 19:23:43,595 INFO impl.RoleInfo: 9c5d2cde-d68f-49f2-9c8f-b5ebcafa65f1: start FollowerState
om_1        | 2019-10-17 19:23:42,646 INFO server.Server: jetty-9.3.25.v20180904, build timestamp: 2018-09-04T21:11:46Z, git hash: 3ce520221d0240229c862b122d2b06c12a625732
scm_1       | 2019-10-17 19:23:42,536 INFO safemode.SCMSafeModeManager: SCM exiting safe mode.
datanode_1  | 2019-10-17 19:23:44,224 INFO impl.RaftServerImpl: e37f7aaf-fe21-49a5-af18-a372c16a0cc6@group-296F11B42503: changes role from  FOLLOWER to CANDIDATE at term 0 for changeToCandidate
kdc_1       | Principal "testuser/59944e97dfd6@EXAMPLE.COM" created.
datanode_3  | 2019-10-17 19:23:44,884 INFO server.RaftServerConfigKeys: raft.server.watch.timeout = 10s (default)
s3g_1       | 	at org.apache.hadoop.ipc.Client.call(Client.java:1457)
datanode_2  | 2019-10-17 19:23:43,599 INFO util.JmxRegister: Successfully registered JMX Bean with object name Ratis:service=RaftServer,group=group-0F6DB409692C,id=9c5d2cde-d68f-49f2-9c8f-b5ebcafa65f1
om_1        | 2019-10-17 19:23:42,677 INFO server.AuthenticationFilter: Unable to initialize FileSignerSecretProvider, falling back to use random secrets.
scm_1       | 2019-10-17 19:23:42,539 INFO net.NetworkTopology: Added a new node: /default-rack/e37f7aaf-fe21-49a5-af18-a372c16a0cc6
datanode_1  | 2019-10-17 19:23:44,229 INFO impl.RoleInfo: e37f7aaf-fe21-49a5-af18-a372c16a0cc6: start LeaderElection
kdc_1       | Authenticating as principal admin/admin with keytab /tmp/admin.keytab.
datanode_3  | 2019-10-17 19:23:44,888 INFO server.RaftServerConfigKeys: raft.server.watch.timeout.denomination = 1s (default)
s3g_1       | 	at org.apache.hadoop.ipc.Client.call(Client.java:1367)
datanode_2  | 2019-10-17 19:23:43,606 INFO impl.FollowerState: 9c5d2cde-d68f-49f2-9c8f-b5ebcafa65f1@group-0F6DB409692C-FollowerState: change to CANDIDATE, lastRpcTime:11ms, electionTimeout:11ms
om_1        | 2019-10-17 19:23:42,680 INFO server.KerberosAuthenticationHandler: Using keytab /etc/security/keytabs/HTTP.keytab, for principal HTTP/om@EXAMPLE.COM
scm_1       | 2019-10-17 19:23:42,540 INFO node.SCMNodeManager: Registered Data node : e37f7aaf-fe21-49a5-af18-a372c16a0cc6{ip: 172.18.0.3, host: ozonesecure_datanode_1.ozonesecure_default, networkLocation: /default-rack, certSerialId: 10539172450968221}
datanode_1  | 2019-10-17 19:23:44,255 INFO impl.LeaderElection: e37f7aaf-fe21-49a5-af18-a372c16a0cc6@group-296F11B42503-LeaderElection1: begin an election at term 1 for -1: [e37f7aaf-fe21-49a5-af18-a372c16a0cc6:172.18.0.3:9858], old=null
kdc_1       | Entry for principal testuser/59944e97dfd6@EXAMPLE.COM with kvno 2, encryption type aes256-cts-hmac-sha1-96 added to keytab WRFILE:/data/testuser.59944e97dfd6.keytab.
datanode_3  | 2019-10-17 19:23:44,889 INFO server.RaftServerConfigKeys: raft.server.watch.element-limit = 65536 (default)
s3g_1       | 	at org.apache.hadoop.ipc.ProtobufRpcEngine$Invoker.invoke(ProtobufRpcEngine.java:228)
datanode_2  | 2019-10-17 19:23:43,607 INFO impl.RoleInfo: 9c5d2cde-d68f-49f2-9c8f-b5ebcafa65f1: shutdown FollowerState
om_1        | 2019-10-17 19:23:42,684 INFO handler.ContextHandler: Started o.e.j.s.ServletContextHandler@67f63d26{/logs,file:///var/log/hadoop/,AVAILABLE}
scm_1       | 2019-10-17 19:23:42,557 INFO net.NetworkTopology: Added a new node: /default-rack/2e931fc2-a841-49ad-a0ca-c0787e0554be
datanode_1  | 2019-10-17 19:23:44,257 INFO impl.RoleInfo: e37f7aaf-fe21-49a5-af18-a372c16a0cc6: shutdown LeaderElection
kdc_1       | Entry for principal testuser/59944e97dfd6@EXAMPLE.COM with kvno 2, encryption type aes128-cts-hmac-sha1-96 added to keytab WRFILE:/data/testuser.59944e97dfd6.keytab.
datanode_3  | 2019-10-17 19:23:44,905 INFO impl.RoleInfo: 2e931fc2-a841-49ad-a0ca-c0787e0554be: start LeaderState
s3g_1       | 	at org.apache.hadoop.ipc.ProtobufRpcEngine$Invoker.invoke(ProtobufRpcEngine.java:116)
om_1        | 2019-10-17 19:23:42,685 INFO handler.ContextHandler: Started o.e.j.s.ServletContextHandler@679dd234{/static,jar:file:/opt/hadoop/share/ozone/lib/hadoop-ozone-ozone-manager-0.5.0-SNAPSHOT.jar!/webapps/static,AVAILABLE}
datanode_2  | 2019-10-17 19:23:43,608 INFO impl.RaftServerImpl: 9c5d2cde-d68f-49f2-9c8f-b5ebcafa65f1@group-0F6DB409692C: changes role from  FOLLOWER to CANDIDATE at term 0 for changeToCandidate
scm_1       | 2019-10-17 19:23:42,557 INFO node.SCMNodeManager: Registered Data node : 2e931fc2-a841-49ad-a0ca-c0787e0554be{ip: 172.18.0.9, host: ozonesecure_datanode_3.ozonesecure_default, networkLocation: /default-rack, certSerialId: 10539172450969336}
datanode_1  | 2019-10-17 19:23:44,257 INFO impl.RaftServerImpl: e37f7aaf-fe21-49a5-af18-a372c16a0cc6@group-296F11B42503: changes role from CANDIDATE to LEADER at term 1 for changeToLeader
kdc_1       | Generiting keytab
datanode_3  | 2019-10-17 19:23:44,932 INFO segmented.SegmentedRaftLogWorker: 2e931fc2-a841-49ad-a0ca-c0787e0554be@group-8256F796CB88-SegmentedRaftLogWorker: Starting segment from index:0
s3g_1       | 	at com.sun.proxy.$Proxy83.submitRequest(Unknown Source)
om_1        | 2019-10-17 19:23:42,780 INFO server.KerberosAuthenticationHandler: Using keytab /etc/security/keytabs/HTTP.keytab, for principal HTTP/om@EXAMPLE.COM
datanode_2  | 2019-10-17 19:23:43,612 INFO impl.RoleInfo: 9c5d2cde-d68f-49f2-9c8f-b5ebcafa65f1: start LeaderElection
scm_1       | 2019-10-17 19:23:43,701 INFO pipeline.PipelineStateManager: Created pipeline Pipeline[ Id: 8a66c1df-63b0-4f47-b96b-0f6db409692c, Nodes: 9c5d2cde-d68f-49f2-9c8f-b5ebcafa65f1{ip: 172.18.0.4, host: ozonesecure_datanode_2.ozonesecure_default, networkLocation: /default-rack, certSerialId: null}, Type:RATIS, Factor:ONE, State:ALLOCATED]
datanode_1  | 2019-10-17 19:23:44,258 [e37f7aaf-fe21-49a5-af18-a372c16a0cc6@group-296F11B42503-LeaderElection1] INFO       - Leader change notification received for group: group-296F11B42503 with new leaderId: e37f7aaf-fe21-49a5-af18-a372c16a0cc6
kdc_1       | Authenticating as principal admin/admin with keytab /tmp/admin.keytab.
datanode_3  | 2019-10-17 19:23:44,942 INFO impl.RaftServerImpl: 2e931fc2-a841-49ad-a0ca-c0787e0554be@group-8256F796CB88: set configuration 0: [2e931fc2-a841-49ad-a0ca-c0787e0554be:172.18.0.9:9858], old=null at 0
s3g_1       | 	at jdk.internal.reflect.GeneratedMethodAccessor9.invoke(Unknown Source)
om_1        | 2019-10-17 19:23:42,785 INFO handler.ContextHandler: Started o.e.j.w.WebAppContext@45292ec1{/,file:///tmp/jetty-0.0.0.0-9874-ozoneManager-_-any-16659787972981852822.dir/webapp/,AVAILABLE}{/ozoneManager}
datanode_2  | 2019-10-17 19:23:43,627 INFO impl.LeaderElection: 9c5d2cde-d68f-49f2-9c8f-b5ebcafa65f1@group-0F6DB409692C-LeaderElection1: begin an election at term 1 for -1: [9c5d2cde-d68f-49f2-9c8f-b5ebcafa65f1:172.18.0.4:9858], old=null
scm_1       | 2019-10-17 19:23:44,318 INFO pipeline.PipelineStateManager: Created pipeline Pipeline[ Id: 0a214152-cdb1-43ab-a14f-296f11b42503, Nodes: e37f7aaf-fe21-49a5-af18-a372c16a0cc6{ip: 172.18.0.3, host: ozonesecure_datanode_1.ozonesecure_default, networkLocation: /default-rack, certSerialId: null}, Type:RATIS, Factor:ONE, State:ALLOCATED]
datanode_1  | 2019-10-17 19:23:44,266 INFO impl.RaftServerImpl: e37f7aaf-fe21-49a5-af18-a372c16a0cc6@group-296F11B42503: change Leader from null to e37f7aaf-fe21-49a5-af18-a372c16a0cc6 at term 1 for becomeLeader, leader elected after 225ms
datanode_3  | 2019-10-17 19:23:44,948 INFO impl.RaftServerProxy: 2e931fc2-a841-49ad-a0ca-c0787e0554be: addNew group-2E678E067443:[9c5d2cde-d68f-49f2-9c8f-b5ebcafa65f1:172.18.0.4:9858, e37f7aaf-fe21-49a5-af18-a372c16a0cc6:172.18.0.3:9858, 2e931fc2-a841-49ad-a0ca-c0787e0554be:172.18.0.9:9858] returns group-2E678E067443:java.util.concurrent.CompletableFuture@1cdee22b[Not completed]
kdc_1       | WARNING: no policy specified for om/2c27d6c3c476@EXAMPLE.COM; defaulting to no policy
s3g_1       | 	at java.base/jdk.internal.reflect.DelegatingMethodAccessorImpl.invoke(DelegatingMethodAccessorImpl.java:43)
om_1        | 2019-10-17 19:23:42,791 INFO server.AbstractConnector: Started ServerConnector@16d07cf3{HTTP/1.1,[http/1.1]}{0.0.0.0:9874}
datanode_2  | 2019-10-17 19:23:43,628 INFO impl.RoleInfo: 9c5d2cde-d68f-49f2-9c8f-b5ebcafa65f1: shutdown LeaderElection
datanode_3  | 2019-10-17 19:23:44,952 INFO impl.RaftServerImpl: 2e931fc2-a841-49ad-a0ca-c0787e0554be: new RaftServerImpl for group-2E678E067443:[9c5d2cde-d68f-49f2-9c8f-b5ebcafa65f1:172.18.0.4:9858, e37f7aaf-fe21-49a5-af18-a372c16a0cc6:172.18.0.3:9858, 2e931fc2-a841-49ad-a0ca-c0787e0554be:172.18.0.9:9858] with ContainerStateMachine:uninitialized
kdc_1       | Principal "om/2c27d6c3c476@EXAMPLE.COM" created.
datanode_1  | 2019-10-17 19:23:44,271 INFO server.RaftServerConfigKeys: raft.server.staging.catchup.gap = 1000 (default)
scm_1       | 2019-10-17 19:23:44,881 INFO pipeline.PipelineStateManager: Created pipeline Pipeline[ Id: 5c072442-d694-44d8-8c2d-8256f796cb88, Nodes: 2e931fc2-a841-49ad-a0ca-c0787e0554be{ip: 172.18.0.9, host: ozonesecure_datanode_3.ozonesecure_default, networkLocation: /default-rack, certSerialId: null}, Type:RATIS, Factor:ONE, State:ALLOCATED]
s3g_1       | 	at java.base/java.lang.reflect.Method.invoke(Method.java:566)
om_1        | 2019-10-17 19:23:42,791 INFO server.Server: Started @4521ms
datanode_2  | 2019-10-17 19:23:43,628 INFO impl.RaftServerImpl: 9c5d2cde-d68f-49f2-9c8f-b5ebcafa65f1@group-0F6DB409692C: changes role from CANDIDATE to LEADER at term 1 for changeToLeader
datanode_3  | 2019-10-17 19:23:44,952 INFO server.RaftServerConfigKeys: raft.server.rpc.timeout.min = 5s (custom)
kdc_1       | Authenticating as principal admin/admin with keytab /tmp/admin.keytab.
datanode_1  | 2019-10-17 19:23:44,271 INFO server.RaftServerConfigKeys: raft.server.rpc.sleep.time = 25ms (default)
scm_1       | 2019-10-17 19:23:45,015 INFO pipeline.PipelineStateManager: Created pipeline Pipeline[ Id: c26ca7a8-936a-4bb7-ac2f-2e678e067443, Nodes: 9c5d2cde-d68f-49f2-9c8f-b5ebcafa65f1{ip: 172.18.0.4, host: ozonesecure_datanode_2.ozonesecure_default, networkLocation: /default-rack, certSerialId: null}e37f7aaf-fe21-49a5-af18-a372c16a0cc6{ip: 172.18.0.3, host: ozonesecure_datanode_1.ozonesecure_default, networkLocation: /default-rack, certSerialId: null}2e931fc2-a841-49ad-a0ca-c0787e0554be{ip: 172.18.0.9, host: ozonesecure_datanode_3.ozonesecure_default, networkLocation: /default-rack, certSerialId: null}, Type:RATIS, Factor:THREE, State:ALLOCATED]
s3g_1       | 	at org.apache.hadoop.io.retry.RetryInvocationHandler.invokeMethod(RetryInvocationHandler.java:422)
datanode_2  | 2019-10-17 19:23:43,629 [9c5d2cde-d68f-49f2-9c8f-b5ebcafa65f1@group-0F6DB409692C-LeaderElection1] INFO       - Leader change notification received for group: group-0F6DB409692C with new leaderId: 9c5d2cde-d68f-49f2-9c8f-b5ebcafa65f1
om_1        | 2019-10-17 19:23:42,814 INFO impl.MetricsSinkAdapter: Sink prometheus started
kdc_1       | Entry for principal om/2c27d6c3c476@EXAMPLE.COM with kvno 2, encryption type aes256-cts-hmac-sha1-96 added to keytab WRFILE:/data/om.2c27d6c3c476.keytab.
datanode_1  | 2019-10-17 19:23:44,276 INFO server.RaftServerConfigKeys: raft.server.write.element-limit = 4096 (default)
scm_1       | 2019-10-17 19:23:45,017 INFO pipeline.PipelineReportHandler: Pipeline PipelineID=8a66c1df-63b0-4f47-b96b-0f6db409692c reported by 9c5d2cde-d68f-49f2-9c8f-b5ebcafa65f1{ip: 172.18.0.4, host: ozonesecure_datanode_2.ozonesecure_default, networkLocation: /default-rack, certSerialId: 10539172511481137} with leaderId 9c5d2cde-d68f-49f2-9c8f-b5ebcafa65f1
s3g_1       | 	at org.apache.hadoop.io.retry.RetryInvocationHandler$Call.invokeMethod(RetryInvocationHandler.java:165)
datanode_2  | 2019-10-17 19:23:43,634 INFO impl.RaftServerImpl: 9c5d2cde-d68f-49f2-9c8f-b5ebcafa65f1@group-0F6DB409692C: change Leader from null to 9c5d2cde-d68f-49f2-9c8f-b5ebcafa65f1 at term 1 for becomeLeader, leader elected after 156ms
datanode_3  | 2019-10-17 19:23:44,952 INFO server.RaftServerConfigKeys: raft.server.rpc.timeout.max = 5200ms (custom)
kdc_1       | Entry for principal om/2c27d6c3c476@EXAMPLE.COM with kvno 2, encryption type aes128-cts-hmac-sha1-96 added to keytab WRFILE:/data/om.2c27d6c3c476.keytab.
om_1        | 2019-10-17 19:23:42,814 INFO impl.MetricsSystemImpl: Registered sink prometheus
datanode_1  | 2019-10-17 19:23:44,296 INFO server.RaftServerConfigKeys: raft.server.watch.timeout = 10s (default)
scm_1       | 2019-10-17 19:23:45,019 INFO pipeline.PipelineStateManager: Pipeline Pipeline[ Id: 8a66c1df-63b0-4f47-b96b-0f6db409692c, Nodes: 9c5d2cde-d68f-49f2-9c8f-b5ebcafa65f1{ip: 172.18.0.4, host: ozonesecure_datanode_2.ozonesecure_default, networkLocation: /default-rack, certSerialId: null}, Type:RATIS, Factor:ONE, State:OPEN] moved to OPEN state
s3g_1       | 	at org.apache.hadoop.io.retry.RetryInvocationHandler$Call.invoke(RetryInvocationHandler.java:157)
datanode_2  | 2019-10-17 19:23:43,638 INFO server.RaftServerConfigKeys: raft.server.staging.catchup.gap = 1000 (default)
datanode_3  | 2019-10-17 19:23:44,952 INFO server.RaftServerConfigKeys: raft.server.rpcslowness.timeout = 120s (custom)
kdc_1       | Generiting keytab
datanode_1  | 2019-10-17 19:23:44,297 INFO server.RaftServerConfigKeys: raft.server.watch.timeout.denomination = 1s (default)
om_1        | 2019-10-17 19:23:42,816 INFO server.BaseHttpServer: HTTP server of OZONEMANAGER is listening at http://0.0.0.0:9874
scm_1       | 2019-10-17 19:23:45,019 INFO pipeline.PipelineReportHandler: Pipeline PipelineID=0a214152-cdb1-43ab-a14f-296f11b42503 reported by e37f7aaf-fe21-49a5-af18-a372c16a0cc6{ip: 172.18.0.3, host: ozonesecure_datanode_1.ozonesecure_default, networkLocation: /default-rack, certSerialId: 10539172450968221} with leaderId e37f7aaf-fe21-49a5-af18-a372c16a0cc6
s3g_1       | 	at org.apache.hadoop.io.retry.RetryInvocationHandler$Call.invokeOnce(RetryInvocationHandler.java:95)
datanode_3  | 2019-10-17 19:23:44,952 INFO server.RaftServerConfigKeys: raft.server.sleep.deviation.threshold = 300 (default)
kdc_1       | Authenticating as principal admin/admin with keytab /tmp/admin.keytab.
datanode_2  | 2019-10-17 19:23:43,638 INFO server.RaftServerConfigKeys: raft.server.rpc.sleep.time = 25ms (default)
datanode_1  | 2019-10-17 19:23:44,298 INFO server.RaftServerConfigKeys: raft.server.watch.element-limit = 65536 (default)
om_1        | 2019-10-17 19:23:58,533 INFO ipc.Server: Auth successful for HTTP/scm@EXAMPLE.COM (auth:KERBEROS)
scm_1       | 2019-10-17 19:23:45,019 INFO pipeline.PipelineStateManager: Pipeline Pipeline[ Id: 0a214152-cdb1-43ab-a14f-296f11b42503, Nodes: e37f7aaf-fe21-49a5-af18-a372c16a0cc6{ip: 172.18.0.3, host: ozonesecure_datanode_1.ozonesecure_default, networkLocation: /default-rack, certSerialId: null}, Type:RATIS, Factor:ONE, State:OPEN] moved to OPEN state
s3g_1       | 	at org.apache.hadoop.io.retry.RetryInvocationHandler.invoke(RetryInvocationHandler.java:359)
datanode_3  | 2019-10-17 19:23:44,953 INFO server.RaftServerConfigKeys: raft.server.log.appender.install.snapshot.enabled = false (custom)
kdc_1       | WARNING: no policy specified for testuser/1ea24043c473@EXAMPLE.COM; defaulting to no policy
datanode_2  | 2019-10-17 19:23:43,642 INFO server.RaftServerConfigKeys: raft.server.write.element-limit = 4096 (default)
om_1        | 2019-10-17 19:23:58,558 INFO authorize.ServiceAuthorizationManager: Authorization successful for HTTP/scm@EXAMPLE.COM (auth:KERBEROS) for protocol=interface org.apache.hadoop.ozone.om.protocol.OzoneManagerProtocol
s3g_1       | 	at com.sun.proxy.$Proxy83.submitRequest(Unknown Source)
scm_1       | 2019-10-17 19:23:45,020 INFO pipeline.PipelineReportHandler: Pipeline PipelineID=5c072442-d694-44d8-8c2d-8256f796cb88 reported by 2e931fc2-a841-49ad-a0ca-c0787e0554be{ip: 172.18.0.9, host: ozonesecure_datanode_3.ozonesecure_default, networkLocation: /default-rack, certSerialId: 10539172450969336} with leaderId 2e931fc2-a841-49ad-a0ca-c0787e0554be
datanode_3  | 2019-10-17 19:23:44,953 INFO impl.RaftServerImpl: 2e931fc2-a841-49ad-a0ca-c0787e0554be@group-2E678E067443: ConfigurationManager, init=-1: [9c5d2cde-d68f-49f2-9c8f-b5ebcafa65f1:172.18.0.4:9858, e37f7aaf-fe21-49a5-af18-a372c16a0cc6:172.18.0.3:9858, 2e931fc2-a841-49ad-a0ca-c0787e0554be:172.18.0.9:9858], old=null, confs=<EMPTY_MAP>
kdc_1       | Principal "testuser/1ea24043c473@EXAMPLE.COM" created.
datanode_2  | 2019-10-17 19:23:43,657 INFO server.RaftServerConfigKeys: raft.server.watch.timeout = 10s (default)
datanode_1  | 2019-10-17 19:23:44,328 INFO impl.RoleInfo: e37f7aaf-fe21-49a5-af18-a372c16a0cc6: start LeaderState
om_1        | 2019-10-17 19:23:59,871 [IPC Server handler 2 on 9862] INFO       - created volume:vol-0-33785 for user:HTTP/scm@EXAMPLE.COM
s3g_1       | 	at org.apache.hadoop.ozone.om.protocolPB.OzoneManagerProtocolClientSideTranslatorPB.submitRequest(OzoneManagerProtocolClientSideTranslatorPB.java:338)
scm_1       | 2019-10-17 19:23:45,020 INFO pipeline.PipelineStateManager: Pipeline Pipeline[ Id: 5c072442-d694-44d8-8c2d-8256f796cb88, Nodes: 2e931fc2-a841-49ad-a0ca-c0787e0554be{ip: 172.18.0.9, host: ozonesecure_datanode_3.ozonesecure_default, networkLocation: /default-rack, certSerialId: null}, Type:RATIS, Factor:ONE, State:OPEN] moved to OPEN state
datanode_3  | 2019-10-17 19:23:44,953 INFO server.RaftServerConfigKeys: raft.server.storage.dir = [/data/metadata/ratis] (custom)
kdc_1       | Authenticating as principal admin/admin with keytab /tmp/admin.keytab.
datanode_2  | 2019-10-17 19:23:43,657 INFO server.RaftServerConfigKeys: raft.server.watch.timeout.denomination = 1s (default)
datanode_1  | 2019-10-17 19:23:44,353 INFO segmented.SegmentedRaftLogWorker: e37f7aaf-fe21-49a5-af18-a372c16a0cc6@group-296F11B42503-SegmentedRaftLogWorker: Starting segment from index:0
om_1        | 2019-10-17 19:23:59,902 [IPC Server handler 4 on 9862] INFO       - created volume:vol-1-68283 for user:HTTP/scm@EXAMPLE.COM
s3g_1       | 	at org.apache.hadoop.ozone.om.protocolPB.OzoneManagerProtocolClientSideTranslatorPB.getServiceInfo(OzoneManagerProtocolClientSideTranslatorPB.java:1223)
scm_1       | 2019-10-17 19:23:45,487 INFO pipeline.PipelineReportHandler: Pipeline PipelineID=c26ca7a8-936a-4bb7-ac2f-2e678e067443 reported by 9c5d2cde-d68f-49f2-9c8f-b5ebcafa65f1{ip: 172.18.0.4, host: ozonesecure_datanode_2.ozonesecure_default, networkLocation: /default-rack, certSerialId: 10539172511481137} with leaderId 9c5d2cde-d68f-49f2-9c8f-b5ebcafa65f1
datanode_3  | 2019-10-17 19:23:44,962 INFO server.RaftServerConfigKeys: raft.server.log.corruption.policy = EXCEPTION (default)
kdc_1       | Entry for principal testuser/1ea24043c473@EXAMPLE.COM with kvno 2, encryption type aes256-cts-hmac-sha1-96 added to keytab WRFILE:/data/testuser.1ea24043c473.keytab.
datanode_2  | 2019-10-17 19:23:43,659 INFO server.RaftServerConfigKeys: raft.server.watch.element-limit = 65536 (default)
datanode_1  | 2019-10-17 19:23:44,364 INFO impl.RaftServerImpl: e37f7aaf-fe21-49a5-af18-a372c16a0cc6@group-296F11B42503: set configuration 0: [e37f7aaf-fe21-49a5-af18-a372c16a0cc6:172.18.0.3:9858], old=null at 0
om_1        | 2019-10-17 19:23:59,914 [IPC Server handler 3 on 9862] INFO       - created volume:vol-2-29157 for user:HTTP/scm@EXAMPLE.COM
s3g_1       | 	at java.base/jdk.internal.reflect.NativeMethodAccessorImpl.invoke0(Native Method)
scm_1       | 2019-10-17 19:23:45,561 INFO pipeline.PipelineReportHandler: Pipeline PipelineID=c26ca7a8-936a-4bb7-ac2f-2e678e067443 reported by 2e931fc2-a841-49ad-a0ca-c0787e0554be{ip: 172.18.0.9, host: ozonesecure_datanode_3.ozonesecure_default, networkLocation: /default-rack, certSerialId: 10539172450969336} with leaderId 9c5d2cde-d68f-49f2-9c8f-b5ebcafa65f1
datanode_3  | 2019-10-17 19:23:44,962 INFO storage.RaftStorageDirectory: The storage directory /data/metadata/ratis/c26ca7a8-936a-4bb7-ac2f-2e678e067443 does not exist. Creating ...
kdc_1       | Entry for principal testuser/1ea24043c473@EXAMPLE.COM with kvno 2, encryption type aes128-cts-hmac-sha1-96 added to keytab WRFILE:/data/testuser.1ea24043c473.keytab.
datanode_2  | 2019-10-17 19:23:43,681 INFO impl.RoleInfo: 9c5d2cde-d68f-49f2-9c8f-b5ebcafa65f1: start LeaderState
datanode_1  | 2019-10-17 19:23:44,516 INFO segmented.SegmentedRaftLogWorker: e37f7aaf-fe21-49a5-af18-a372c16a0cc6@group-296F11B42503-SegmentedRaftLogWorker: created new log segment /data/metadata/ratis/0a214152-cdb1-43ab-a14f-296f11b42503/current/log_inprogress_0
om_1        | 2019-10-17 19:23:59,926 [IPC Server handler 6 on 9862] INFO       - created volume:vol-3-80130 for user:HTTP/scm@EXAMPLE.COM
s3g_1       | 	at java.base/jdk.internal.reflect.NativeMethodAccessorImpl.invoke(NativeMethodAccessorImpl.java:62)
scm_1       | 2019-10-17 19:23:45,578 INFO pipeline.PipelineReportHandler: Pipeline PipelineID=c26ca7a8-936a-4bb7-ac2f-2e678e067443 reported by e37f7aaf-fe21-49a5-af18-a372c16a0cc6{ip: 172.18.0.3, host: ozonesecure_datanode_1.ozonesecure_default, networkLocation: /default-rack, certSerialId: 10539172450968221} with leaderId 9c5d2cde-d68f-49f2-9c8f-b5ebcafa65f1
datanode_3  | 2019-10-17 19:23:44,977 INFO storage.RaftStorageDirectory: Lock on /data/metadata/ratis/c26ca7a8-936a-4bb7-ac2f-2e678e067443/in_use.lock acquired by nodename 7@d5cc7056db40
datanode_2  | 2019-10-17 19:23:43,703 INFO segmented.SegmentedRaftLogWorker: 9c5d2cde-d68f-49f2-9c8f-b5ebcafa65f1@group-0F6DB409692C-SegmentedRaftLogWorker: Starting segment from index:0
datanode_1  | 2019-10-17 19:23:44,920 INFO impl.RaftServerProxy: e37f7aaf-fe21-49a5-af18-a372c16a0cc6: addNew group-2E678E067443:[9c5d2cde-d68f-49f2-9c8f-b5ebcafa65f1:172.18.0.4:9858, e37f7aaf-fe21-49a5-af18-a372c16a0cc6:172.18.0.3:9858, 2e931fc2-a841-49ad-a0ca-c0787e0554be:172.18.0.9:9858] returns group-2E678E067443:java.util.concurrent.CompletableFuture@6bc3caf0[Not completed]
om_1        | 2019-10-17 19:23:59,935 [IPC Server handler 8 on 9862] INFO       - created volume:vol-4-68920 for user:HTTP/scm@EXAMPLE.COM
kdc_1       | Generiting keytab
s3g_1       | 	at java.base/jdk.internal.reflect.DelegatingMethodAccessorImpl.invoke(DelegatingMethodAccessorImpl.java:43)
scm_1       | 2019-10-17 19:23:45,578 INFO pipeline.PipelineStateManager: Pipeline Pipeline[ Id: c26ca7a8-936a-4bb7-ac2f-2e678e067443, Nodes: 9c5d2cde-d68f-49f2-9c8f-b5ebcafa65f1{ip: 172.18.0.4, host: ozonesecure_datanode_2.ozonesecure_default, networkLocation: /default-rack, certSerialId: null}e37f7aaf-fe21-49a5-af18-a372c16a0cc6{ip: 172.18.0.3, host: ozonesecure_datanode_1.ozonesecure_default, networkLocation: /default-rack, certSerialId: null}2e931fc2-a841-49ad-a0ca-c0787e0554be{ip: 172.18.0.9, host: ozonesecure_datanode_3.ozonesecure_default, networkLocation: /default-rack, certSerialId: null}, Type:RATIS, Factor:THREE, State:OPEN] moved to OPEN state
datanode_3  | 2019-10-17 19:23:44,990 INFO storage.RaftStorage: Storage directory /data/metadata/ratis/c26ca7a8-936a-4bb7-ac2f-2e678e067443 has been successfully formatted.
datanode_2  | 2019-10-17 19:23:43,713 INFO impl.RaftServerImpl: 9c5d2cde-d68f-49f2-9c8f-b5ebcafa65f1@group-0F6DB409692C: set configuration 0: [9c5d2cde-d68f-49f2-9c8f-b5ebcafa65f1:172.18.0.4:9858], old=null at 0
datanode_1  | 2019-10-17 19:23:44,923 INFO impl.RaftServerImpl: e37f7aaf-fe21-49a5-af18-a372c16a0cc6: new RaftServerImpl for group-2E678E067443:[9c5d2cde-d68f-49f2-9c8f-b5ebcafa65f1:172.18.0.4:9858, e37f7aaf-fe21-49a5-af18-a372c16a0cc6:172.18.0.3:9858, 2e931fc2-a841-49ad-a0ca-c0787e0554be:172.18.0.9:9858] with ContainerStateMachine:uninitialized
om_1        | 2019-10-17 19:24:12,171 INFO ipc.Server: Auth successful for testuser/scm@EXAMPLE.COM (auth:KERBEROS)
kdc_1       | Authenticating as principal admin/admin with keytab /tmp/admin.keytab.
s3g_1       | 	at java.base/java.lang.reflect.Method.invoke(Method.java:566)
scm_1       | 2019-10-17 19:23:59,013 INFO ipc.Server: Auth successful for om/om@EXAMPLE.COM (auth:KERBEROS)
datanode_3  | 2019-10-17 19:23:44,991 [pool-9-thread-1] INFO       - group-2E678E067443: The snapshot info is null. Setting the last applied indexto:(t:0, i:~)
datanode_2  | 2019-10-17 19:23:43,824 INFO segmented.SegmentedRaftLogWorker: 9c5d2cde-d68f-49f2-9c8f-b5ebcafa65f1@group-0F6DB409692C-SegmentedRaftLogWorker: created new log segment /data/metadata/ratis/8a66c1df-63b0-4f47-b96b-0f6db409692c/current/log_inprogress_0
datanode_1  | 2019-10-17 19:23:44,924 INFO server.RaftServerConfigKeys: raft.server.rpc.timeout.min = 5s (custom)
om_1        | 2019-10-17 19:24:12,181 INFO authorize.ServiceAuthorizationManager: Authorization successful for testuser/scm@EXAMPLE.COM (auth:KERBEROS) for protocol=interface org.apache.hadoop.ozone.om.protocol.OzoneManagerProtocol
kdc_1       | WARNING: no policy specified for scm/s3g@EXAMPLE.COM; defaulting to no policy
s3g_1       | 	at org.apache.hadoop.hdds.tracing.TraceAllMethod.invoke(TraceAllMethod.java:66)
scm_1       | 2019-10-17 19:23:59,019 INFO authorize.ServiceAuthorizationManager: Authorization successful for om/om@EXAMPLE.COM (auth:KERBEROS) for protocol=interface org.apache.hadoop.hdds.scm.protocol.StorageContainerLocationProtocol
datanode_3  | 2019-10-17 19:23:44,991 INFO server.RaftServerConfigKeys: raft.server.notification.no-leader.timeout = 120s (custom)
datanode_2  | 2019-10-17 19:23:44,948 INFO impl.RaftServerProxy: 9c5d2cde-d68f-49f2-9c8f-b5ebcafa65f1: addNew group-2E678E067443:[9c5d2cde-d68f-49f2-9c8f-b5ebcafa65f1:172.18.0.4:9858, e37f7aaf-fe21-49a5-af18-a372c16a0cc6:172.18.0.3:9858, 2e931fc2-a841-49ad-a0ca-c0787e0554be:172.18.0.9:9858] returns group-2E678E067443:java.util.concurrent.CompletableFuture@39a11d60[Not completed]
datanode_1  | 2019-10-17 19:23:44,924 INFO server.RaftServerConfigKeys: raft.server.rpc.timeout.max = 5200ms (custom)
om_1        | 2019-10-17 19:24:12,904 [IPC Server handler 7 on 9862] INFO       - created volume:68509-rpcwoport for user:testuser/scm@EXAMPLE.COM
kdc_1       | Principal "scm/s3g@EXAMPLE.COM" created.
s3g_1       | 	at com.sun.proxy.$Proxy84.getServiceInfo(Unknown Source)
scm_1       | 2019-10-17 19:24:00,219 INFO ipc.Server: Auth successful for om/om@EXAMPLE.COM (auth:KERBEROS)
datanode_3  | 2019-10-17 19:23:44,992 INFO server.RaftServerConfigKeys: raft.server.log.use.memory = false (default)
datanode_2  | 2019-10-17 19:23:44,951 INFO impl.RaftServerImpl: 9c5d2cde-d68f-49f2-9c8f-b5ebcafa65f1: new RaftServerImpl for group-2E678E067443:[9c5d2cde-d68f-49f2-9c8f-b5ebcafa65f1:172.18.0.4:9858, e37f7aaf-fe21-49a5-af18-a372c16a0cc6:172.18.0.3:9858, 2e931fc2-a841-49ad-a0ca-c0787e0554be:172.18.0.9:9858] with ContainerStateMachine:uninitialized
datanode_1  | 2019-10-17 19:23:44,924 INFO server.RaftServerConfigKeys: raft.server.rpcslowness.timeout = 120s (custom)
om_1        | 2019-10-17 19:24:14,734 INFO ipc.Server: Auth successful for testuser/scm@EXAMPLE.COM (auth:KERBEROS)
kdc_1       | Authenticating as principal admin/admin with keytab /tmp/admin.keytab.
s3g_1       | 	at org.apache.hadoop.ozone.client.rpc.RpcClient.<init>(RpcClient.java:154)
scm_1       | 2019-10-17 19:24:00,223 INFO authorize.ServiceAuthorizationManager: Authorization successful for om/om@EXAMPLE.COM (auth:KERBEROS) for protocol=interface org.apache.hadoop.hdds.scm.protocol.ScmBlockLocationProtocol
datanode_2  | 2019-10-17 19:23:44,951 INFO server.RaftServerConfigKeys: raft.server.rpc.timeout.min = 5s (custom)
datanode_3  | 2019-10-17 19:23:44,992 INFO server.RaftServerConfigKeys: raft.server.log.purge.gap = 1000000 (custom)
om_1        | 2019-10-17 19:24:14,746 INFO authorize.ServiceAuthorizationManager: Authorization successful for testuser/scm@EXAMPLE.COM (auth:KERBEROS) for protocol=interface org.apache.hadoop.ozone.om.protocol.OzoneManagerProtocol
kdc_1       | Entry for principal scm/s3g@EXAMPLE.COM with kvno 2, encryption type aes256-cts-hmac-sha1-96 added to keytab WRFILE:/data/scm.s3g.keytab.
scm_1       | 2019-10-17 19:24:00,230 INFO pipeline.PipelineStateManager: Created pipeline Pipeline[ Id: 46c4a79a-99c4-4db1-944e-946c43cfe1c3, Nodes: 2e931fc2-a841-49ad-a0ca-c0787e0554be{ip: 172.18.0.9, host: ozonesecure_datanode_3.ozonesecure_default, networkLocation: /default-rack, certSerialId: null}, Type:STAND_ALONE, Factor:ONE, State:OPEN]
s3g_1       | 	at org.apache.hadoop.ozone.client.OzoneClientFactory.getClientProtocol(OzoneClientFactory.java:256)
datanode_1  | 2019-10-17 19:23:44,924 INFO server.RaftServerConfigKeys: raft.server.sleep.deviation.threshold = 300 (default)
datanode_2  | 2019-10-17 19:23:44,951 INFO server.RaftServerConfigKeys: raft.server.rpc.timeout.max = 5200ms (custom)
datanode_3  | 2019-10-17 19:23:44,992 INFO server.RaftServerConfigKeys: raft.server.log.appender.buffer.byte-limit = 33554432 (custom)
om_1        | 2019-10-17 19:24:17,609 INFO ipc.Server: Auth successful for testuser/scm@EXAMPLE.COM (auth:KERBEROS)
kdc_1       | Entry for principal scm/s3g@EXAMPLE.COM with kvno 2, encryption type aes128-cts-hmac-sha1-96 added to keytab WRFILE:/data/scm.s3g.keytab.
s3g_1       | 	at org.apache.hadoop.ozone.client.OzoneClientFactory.getClientProtocol(OzoneClientFactory.java:239)
datanode_1  | 2019-10-17 19:23:44,924 INFO server.RaftServerConfigKeys: raft.server.log.appender.install.snapshot.enabled = false (custom)
scm_1       | 2019-10-17 19:24:01,347 INFO ipc.Server: Auth successful for dn/d5cc7056db40@EXAMPLE.COM (auth:KERBEROS)
datanode_2  | 2019-10-17 19:23:44,952 INFO server.RaftServerConfigKeys: raft.server.rpcslowness.timeout = 120s (custom)
datanode_3  | 2019-10-17 19:23:44,992 INFO server.RaftServerConfigKeys: raft.server.log.segment.size.max = 1048576 (custom)
om_1        | 2019-10-17 19:24:17,624 INFO authorize.ServiceAuthorizationManager: Authorization successful for testuser/scm@EXAMPLE.COM (auth:KERBEROS) for protocol=interface org.apache.hadoop.ozone.om.protocol.OzoneManagerProtocol
kdc_1       | Generiting keytab
s3g_1       | 	at org.apache.hadoop.ozone.client.OzoneClientFactory.getClient(OzoneClientFactory.java:75)
scm_1       | 2019-10-17 19:24:01,351 INFO authorize.ServiceAuthorizationManager: Authorization successful for dn/d5cc7056db40@EXAMPLE.COM (auth:KERBEROS) for protocol=interface org.apache.hadoop.hdds.protocol.SCMSecurityProtocol
datanode_1  | 2019-10-17 19:23:44,924 INFO impl.RaftServerImpl: e37f7aaf-fe21-49a5-af18-a372c16a0cc6@group-2E678E067443: ConfigurationManager, init=-1: [9c5d2cde-d68f-49f2-9c8f-b5ebcafa65f1:172.18.0.4:9858, e37f7aaf-fe21-49a5-af18-a372c16a0cc6:172.18.0.3:9858, 2e931fc2-a841-49ad-a0ca-c0787e0554be:172.18.0.9:9858], old=null, confs=<EMPTY_MAP>
datanode_2  | 2019-10-17 19:23:44,952 INFO server.RaftServerConfigKeys: raft.server.sleep.deviation.threshold = 300 (default)
datanode_3  | 2019-10-17 19:23:44,992 INFO server.RaftServerConfigKeys: raft.server.log.segment.cache.num.max = 2 (custom)
om_1        | 2019-10-17 19:24:20,283 INFO ipc.Server: Auth successful for testuser/scm@EXAMPLE.COM (auth:KERBEROS)
kdc_1       | Authenticating as principal admin/admin with keytab /tmp/admin.keytab.
s3g_1       | 	at org.apache.hadoop.ozone.s3.OzoneClientProducer.getClient(OzoneClientProducer.java:114)
scm_1       | 2019-10-17 19:24:01,718 INFO ipc.Server: Auth successful for dn/d5cc7056db40@EXAMPLE.COM (auth:KERBEROS)
datanode_1  | 2019-10-17 19:23:44,925 INFO server.RaftServerConfigKeys: raft.server.storage.dir = [/data/metadata/ratis] (custom)
datanode_2  | 2019-10-17 19:23:44,952 INFO server.RaftServerConfigKeys: raft.server.log.appender.install.snapshot.enabled = false (custom)
datanode_3  | 2019-10-17 19:23:44,992 INFO segmented.SegmentedRaftLogWorker: new 2e931fc2-a841-49ad-a0ca-c0787e0554be@group-2E678E067443-SegmentedRaftLogWorker for RaftStorage:Storage Directory /data/metadata/ratis/c26ca7a8-936a-4bb7-ac2f-2e678e067443
om_1        | 2019-10-17 19:24:20,297 INFO authorize.ServiceAuthorizationManager: Authorization successful for testuser/scm@EXAMPLE.COM (auth:KERBEROS) for protocol=interface org.apache.hadoop.ozone.om.protocol.OzoneManagerProtocol
kdc_1       | WARNING: no policy specified for testuser2/59944e97dfd6@EXAMPLE.COM; defaulting to no policy
s3g_1       | 	at org.apache.hadoop.ozone.s3.OzoneClientProducer.createClient(OzoneClientProducer.java:71)
scm_1       | 2019-10-17 19:24:01,723 INFO authorize.ServiceAuthorizationManager: Authorization successful for dn/d5cc7056db40@EXAMPLE.COM (auth:KERBEROS) for protocol=interface org.apache.hadoop.ozone.protocol.StorageContainerDatanodeProtocol
datanode_1  | 2019-10-17 19:23:44,925 INFO server.RaftServerConfigKeys: raft.server.log.corruption.policy = EXCEPTION (default)
datanode_2  | 2019-10-17 19:23:44,952 INFO impl.RaftServerImpl: 9c5d2cde-d68f-49f2-9c8f-b5ebcafa65f1@group-2E678E067443: ConfigurationManager, init=-1: [9c5d2cde-d68f-49f2-9c8f-b5ebcafa65f1:172.18.0.4:9858, e37f7aaf-fe21-49a5-af18-a372c16a0cc6:172.18.0.3:9858, 2e931fc2-a841-49ad-a0ca-c0787e0554be:172.18.0.9:9858], old=null, confs=<EMPTY_MAP>
datanode_3  | 2019-10-17 19:23:44,993 INFO server.RaftServerConfigKeys: raft.server.log.queue.byte-limit = 2147483647 (custom)
om_1        | 2019-10-17 19:24:23,008 INFO ipc.Server: Auth successful for testuser/scm@EXAMPLE.COM (auth:KERBEROS)
kdc_1       | Principal "testuser2/59944e97dfd6@EXAMPLE.COM" created.
s3g_1       | 	at java.base/jdk.internal.reflect.NativeMethodAccessorImpl.invoke0(Native Method)
scm_1       | 2019-10-17 19:24:12,203 INFO ipc.Server: Auth successful for om/om@EXAMPLE.COM (auth:KERBEROS)
datanode_2  | 2019-10-17 19:23:44,952 INFO server.RaftServerConfigKeys: raft.server.storage.dir = [/data/metadata/ratis] (custom)
datanode_3  | 2019-10-17 19:23:44,993 INFO server.RaftServerConfigKeys: raft.server.log.queue.element-limit = 1024 (custom)
datanode_1  | 2019-10-17 19:23:44,925 INFO storage.RaftStorageDirectory: The storage directory /data/metadata/ratis/c26ca7a8-936a-4bb7-ac2f-2e678e067443 does not exist. Creating ...
om_1        | 2019-10-17 19:24:23,022 INFO authorize.ServiceAuthorizationManager: Authorization successful for testuser/scm@EXAMPLE.COM (auth:KERBEROS) for protocol=interface org.apache.hadoop.ozone.om.protocol.OzoneManagerProtocol
kdc_1       | Authenticating as principal admin/admin with keytab /tmp/admin.keytab.
s3g_1       | 	at java.base/jdk.internal.reflect.NativeMethodAccessorImpl.invoke(NativeMethodAccessorImpl.java:62)
scm_1       | 2019-10-17 19:24:12,206 INFO authorize.ServiceAuthorizationManager: Authorization successful for om/om@EXAMPLE.COM (auth:KERBEROS) for protocol=interface org.apache.hadoop.hdds.scm.protocol.StorageContainerLocationProtocol
datanode_3  | 2019-10-17 19:23:44,993 INFO server.RaftServerConfigKeys: raft.server.log.segment.size.max = 1048576 (custom)
datanode_2  | 2019-10-17 19:23:44,953 INFO server.RaftServerConfigKeys: raft.server.log.corruption.policy = EXCEPTION (default)
datanode_1  | 2019-10-17 19:23:44,939 INFO storage.RaftStorageDirectory: Lock on /data/metadata/ratis/c26ca7a8-936a-4bb7-ac2f-2e678e067443/in_use.lock acquired by nodename 7@1ea24043c473
om_1        | 2019-10-17 19:24:25,787 INFO ipc.Server: Auth successful for testuser/scm@EXAMPLE.COM (auth:KERBEROS)
kdc_1       | Entry for principal testuser2/59944e97dfd6@EXAMPLE.COM with kvno 2, encryption type aes256-cts-hmac-sha1-96 added to keytab WRFILE:/data/testuser2.59944e97dfd6.keytab.
s3g_1       | 	at java.base/jdk.internal.reflect.DelegatingMethodAccessorImpl.invoke(DelegatingMethodAccessorImpl.java:43)
scm_1       | 2019-10-17 19:24:15,508 INFO ipc.Server: Auth successful for dn/59944e97dfd6@EXAMPLE.COM (auth:KERBEROS)
datanode_3  | 2019-10-17 19:23:44,993 INFO server.RaftServerConfigKeys: raft.server.log.preallocated.size = 16384 (custom)
datanode_2  | 2019-10-17 19:23:44,953 INFO storage.RaftStorageDirectory: The storage directory /data/metadata/ratis/c26ca7a8-936a-4bb7-ac2f-2e678e067443 does not exist. Creating ...
datanode_1  | 2019-10-17 19:23:44,962 INFO storage.RaftStorage: Storage directory /data/metadata/ratis/c26ca7a8-936a-4bb7-ac2f-2e678e067443 has been successfully formatted.
om_1        | 2019-10-17 19:24:25,799 INFO authorize.ServiceAuthorizationManager: Authorization successful for testuser/scm@EXAMPLE.COM (auth:KERBEROS) for protocol=interface org.apache.hadoop.ozone.om.protocol.OzoneManagerProtocol
kdc_1       | Entry for principal testuser2/59944e97dfd6@EXAMPLE.COM with kvno 2, encryption type aes128-cts-hmac-sha1-96 added to keytab WRFILE:/data/testuser2.59944e97dfd6.keytab.
s3g_1       | 	at java.base/java.lang.reflect.Method.invoke(Method.java:566)
scm_1       | 2019-10-17 19:24:15,513 INFO authorize.ServiceAuthorizationManager: Authorization successful for dn/59944e97dfd6@EXAMPLE.COM (auth:KERBEROS) for protocol=interface org.apache.hadoop.ozone.protocol.StorageContainerDatanodeProtocol
datanode_3  | 2019-10-17 19:23:44,993 INFO server.RaftServerConfigKeys: raft.server.log.write.buffer.size = 33554432 (custom)
datanode_2  | 2019-10-17 19:23:44,977 INFO storage.RaftStorageDirectory: Lock on /data/metadata/ratis/c26ca7a8-936a-4bb7-ac2f-2e678e067443/in_use.lock acquired by nodename 7@59944e97dfd6
datanode_1  | 2019-10-17 19:23:44,963 [pool-9-thread-1] INFO       - group-2E678E067443: The snapshot info is null. Setting the last applied indexto:(t:0, i:~)
om_1        | 2019-10-17 19:24:28,735 INFO ipc.Server: Auth successful for testuser/scm@EXAMPLE.COM (auth:KERBEROS)
kdc_1       | Generiting keytab
s3g_1       | 	at org.jboss.weld.injection.StaticMethodInjectionPoint.invoke(StaticMethodInjectionPoint.java:88)
scm_1       | 2019-10-17 19:24:15,596 INFO ipc.Server: Auth successful for dn/1ea24043c473@EXAMPLE.COM (auth:KERBEROS)
datanode_3  | 2019-10-17 19:23:44,993 INFO server.RaftServerConfigKeys: raft.server.log.force.sync.num = 128 (default)
datanode_2  | 2019-10-17 19:23:44,990 INFO storage.RaftStorage: Storage directory /data/metadata/ratis/c26ca7a8-936a-4bb7-ac2f-2e678e067443 has been successfully formatted.
datanode_1  | 2019-10-17 19:23:44,963 INFO server.RaftServerConfigKeys: raft.server.notification.no-leader.timeout = 120s (custom)
om_1        | 2019-10-17 19:24:28,747 INFO authorize.ServiceAuthorizationManager: Authorization successful for testuser/scm@EXAMPLE.COM (auth:KERBEROS) for protocol=interface org.apache.hadoop.ozone.om.protocol.OzoneManagerProtocol
kdc_1       | Authenticating as principal admin/admin with keytab /tmp/admin.keytab.
s3g_1       | 	at org.jboss.weld.injection.StaticMethodInjectionPoint.invoke(StaticMethodInjectionPoint.java:78)
scm_1       | 2019-10-17 19:24:15,600 INFO authorize.ServiceAuthorizationManager: Authorization successful for dn/1ea24043c473@EXAMPLE.COM (auth:KERBEROS) for protocol=interface org.apache.hadoop.ozone.protocol.StorageContainerDatanodeProtocol
datanode_3  | 2019-10-17 19:23:44,993 INFO server.RaftServerConfigKeys: raft.server.log.statemachine.data.sync = true (default)
datanode_2  | 2019-10-17 19:23:44,991 [pool-9-thread-1] INFO       - group-2E678E067443: The snapshot info is null. Setting the last applied indexto:(t:0, i:~)
datanode_1  | 2019-10-17 19:23:44,963 INFO server.RaftServerConfigKeys: raft.server.log.use.memory = false (default)
om_1        | 2019-10-17 19:24:31,510 INFO ipc.Server: Auth successful for testuser/scm@EXAMPLE.COM (auth:KERBEROS)
kdc_1       | WARNING: no policy specified for scm/2c27d6c3c476@EXAMPLE.COM; defaulting to no policy
scm_1       | 2019-10-17 19:24:32,376 INFO ipc.Server: Auth successful for dn/d5cc7056db40@EXAMPLE.COM (auth:KERBEROS)
s3g_1       | 	at org.jboss.weld.injection.producer.ProducerMethodProducer.produce(ProducerMethodProducer.java:100)
datanode_3  | 2019-10-17 19:23:44,993 INFO server.RaftServerConfigKeys: raft.server.log.statemachine.data.sync.timeout = 10s (default)
datanode_2  | 2019-10-17 19:23:44,991 INFO server.RaftServerConfigKeys: raft.server.notification.no-leader.timeout = 120s (custom)
datanode_1  | 2019-10-17 19:23:44,964 INFO server.RaftServerConfigKeys: raft.server.log.purge.gap = 1000000 (custom)
om_1        | 2019-10-17 19:24:31,527 INFO authorize.ServiceAuthorizationManager: Authorization successful for testuser/scm@EXAMPLE.COM (auth:KERBEROS) for protocol=interface org.apache.hadoop.ozone.om.protocol.OzoneManagerProtocol
kdc_1       | Principal "scm/2c27d6c3c476@EXAMPLE.COM" created.
