om_1        | 2019-10-14 09:44:26,317 INFO authorize.ServiceAuthorizationManager: Authorization successful for testuser2/scm@EXAMPLE.COM (auth:KERBEROS) for protocol=interface org.apache.hadoop.ozone.om.protocol.OzoneManagerProtocol
kdc_1       | Oct 14 09:38:29 kdc kadmind[15](Notice): Request: kadm5_randkey_principal, scm/1abb56875aec@EXAMPLE.COM, success, client=admin/admin@EXAMPLE.COM, service=kadmin/admin@EXAMPLE.COM, addr=127.0.0.1
scm_1       | 2019-10-14 09:51:48,293 INFO ipc.Server: Auth successful for om/om@EXAMPLE.COM (auth:KERBEROS)
s3g_1       | 	at org.apache.hadoop.io.retry.RetryInvocationHandler$Call.invoke(RetryInvocationHandler.java:157)
om_1        | 2019-10-14 09:44:26,905 [IPC Server handler 15 on 9862] WARN       - User testuser2/scm@EXAMPLE.COM doesn't have READ permission to access volume
kdc_1       | Oct 14 09:38:29 kdc kadmind[15](Notice): Request: kadm5_get_principal, scm/1abb56875aec@EXAMPLE.COM, success, client=admin/admin@EXAMPLE.COM, service=kadmin/admin@EXAMPLE.COM, addr=127.0.0.1
scm_1       | 2019-10-14 09:51:48,295 INFO authorize.ServiceAuthorizationManager: Authorization successful for om/om@EXAMPLE.COM (auth:KERBEROS) for protocol=interface org.apache.hadoop.hdds.scm.protocol.ScmBlockLocationProtocol
s3g_1       | 	at org.apache.hadoop.io.retry.RetryInvocationHandler$Call.invokeOnce(RetryInvocationHandler.java:95)
om_1        | 2019-10-14 09:44:28,925 INFO ipc.Server: Auth successful for testuser2/scm@EXAMPLE.COM (auth:KERBEROS)
kdc_1       | Oct 14 09:38:30 kdc kadmind[15](info): closing down fd 18
scm_1       | 2019-10-14 09:51:48,296 INFO server.SCMBlockProtocolServer: SCM is informed by OM to delete 3 blocks
om_1        | 2019-10-14 09:44:28,939 INFO authorize.ServiceAuthorizationManager: Authorization successful for testuser2/scm@EXAMPLE.COM (auth:KERBEROS) for protocol=interface org.apache.hadoop.ozone.om.protocol.OzoneManagerProtocol
s3g_1       | 	at org.apache.hadoop.io.retry.RetryInvocationHandler.invoke(RetryInvocationHandler.java:359)
kdc_1       | WARNING: no policy specified for scm/5e9367b5fed9@EXAMPLE.COM; defaulting to no policy
scm_1       | 2019-10-14 09:51:48,296 INFO block.BlockManagerImpl: Deleting blocks conID: 14 locID: 102960113668063384 bcsId: 0,conID: 15 locID: 102960113668915353 bcsId: 0,conID: 13 locID: 102960113668063383 bcsId: 0
om_1        | 2019-10-14 09:44:29,526 [IPC Server handler 3 on 9862] WARN       - User testuser2/scm@EXAMPLE.COM doesn't have WRITE_ACL permission to access volume
s3g_1       | 	at com.sun.proxy.$Proxy83.submitRequest(Unknown Source)
kdc_1       | Principal "scm/5e9367b5fed9@EXAMPLE.COM" created.
scm_1       | 2019-10-14 09:51:48,296 INFO block.BlockManagerImpl: Deleting blocks conID: 14 locID: 102960112784900245 bcsId: 0
om_1        | 2019-10-14 09:44:29,527 [IPC Server handler 3 on 9862] ERROR      - Add acl user:testuser2/scm@EXAMPLE.COM:xy[ACCESS] to volume fstest345 failed!
s3g_1       | 	at org.apache.hadoop.ozone.om.protocolPB.OzoneManagerProtocolClientSideTranslatorPB.submitRequest(OzoneManagerProtocolClientSideTranslatorPB.java:338)
kdc_1       | Authenticating as principal admin/admin with keytab /tmp/admin.keytab.
scm_1       | 2019-10-14 09:51:48,297 INFO block.BlockManagerImpl: Deleting blocks conID: 15 locID: 102960112899784854 bcsId: 0
om_1        | PERMISSION_DENIED org.apache.hadoop.ozone.om.exceptions.OMException: User testuser2/scm@EXAMPLE.COM doesn't have WRITE_ACL permission to access volume
s3g_1       | 	at org.apache.hadoop.ozone.om.protocolPB.OzoneManagerProtocolClientSideTranslatorPB.getServiceInfo(OzoneManagerProtocolClientSideTranslatorPB.java:1223)
kdc_1       | Entry for principal scm/5e9367b5fed9@EXAMPLE.COM with kvno 2, encryption type aes256-cts-hmac-sha1-96 added to keytab WRFILE:/data/scm.5e9367b5fed9.keytab.
om_1        | 	at org.apache.hadoop.ozone.om.OzoneManager.checkAcls(OzoneManager.java:1625)
scm_1       | 2019-10-14 09:51:52,141 INFO ipc.Server: Auth successful for dn/5e9367b5fed9@EXAMPLE.COM (auth:KERBEROS)
kdc_1       | Entry for principal scm/5e9367b5fed9@EXAMPLE.COM with kvno 2, encryption type aes128-cts-hmac-sha1-96 added to keytab WRFILE:/data/scm.5e9367b5fed9.keytab.
s3g_1       | 	at java.base/jdk.internal.reflect.NativeMethodAccessorImpl.invoke0(Native Method)
om_1        | 	at org.apache.hadoop.ozone.om.request.OMClientRequest.checkAcls(OMClientRequest.java:135)
kdc_1       | Generiting keytab
s3g_1       | 	at java.base/jdk.internal.reflect.NativeMethodAccessorImpl.invoke(NativeMethodAccessorImpl.java:62)
kdc_1       | Authenticating as principal admin/admin with keytab /tmp/admin.keytab.
s3g_1       | 	at java.base/jdk.internal.reflect.DelegatingMethodAccessorImpl.invoke(DelegatingMethodAccessorImpl.java:43)
s3g_1       | 	at java.base/java.lang.reflect.Method.invoke(Method.java:566)
kdc_1       | WARNING: no policy specified for scm/5d3db53807b8@EXAMPLE.COM; defaulting to no policy
om_1        | 	at org.apache.hadoop.ozone.om.request.volume.acl.OMVolumeAclRequest.validateAndUpdateCache(OMVolumeAclRequest.java:79)
s3g_1       | 	at org.apache.hadoop.hdds.tracing.TraceAllMethod.invoke(TraceAllMethod.java:66)
scm_1       | 2019-10-14 09:51:52,144 INFO authorize.ServiceAuthorizationManager: Authorization successful for dn/5e9367b5fed9@EXAMPLE.COM (auth:KERBEROS) for protocol=interface org.apache.hadoop.ozone.protocol.StorageContainerDatanodeProtocol
kdc_1       | Principal "scm/5d3db53807b8@EXAMPLE.COM" created.
om_1        | 	at org.apache.hadoop.ozone.protocolPB.OzoneManagerProtocolServerSideTranslatorPB.submitRequestDirectlyToOM(OzoneManagerProtocolServerSideTranslatorPB.java:219)
s3g_1       | 	at com.sun.proxy.$Proxy84.getServiceInfo(Unknown Source)
scm_1       | 2019-10-14 09:51:52,152 INFO ipc.Server: Auth successful for dn/5d3db53807b8@EXAMPLE.COM (auth:KERBEROS)
kdc_1       | Authenticating as principal admin/admin with keytab /tmp/admin.keytab.
om_1        | 	at org.apache.hadoop.ozone.protocolPB.OzoneManagerProtocolServerSideTranslatorPB.processRequest(OzoneManagerProtocolServerSideTranslatorPB.java:134)
scm_1       | 2019-10-14 09:51:52,154 INFO authorize.ServiceAuthorizationManager: Authorization successful for dn/5d3db53807b8@EXAMPLE.COM (auth:KERBEROS) for protocol=interface org.apache.hadoop.ozone.protocol.StorageContainerDatanodeProtocol
s3g_1       | 	at org.apache.hadoop.ozone.client.rpc.RpcClient.<init>(RpcClient.java:154)
kdc_1       | Entry for principal scm/5d3db53807b8@EXAMPLE.COM with kvno 2, encryption type aes256-cts-hmac-sha1-96 added to keytab WRFILE:/data/scm.5d3db53807b8.keytab.
om_1        | 	at org.apache.hadoop.hdds.server.OzoneProtocolMessageDispatcher.processRequest(OzoneProtocolMessageDispatcher.java:72)
scm_1       | 2019-10-14 09:51:52,160 INFO ipc.Server: Auth successful for dn/1abb56875aec@EXAMPLE.COM (auth:KERBEROS)
s3g_1       | 	at org.apache.hadoop.ozone.client.OzoneClientFactory.getClientProtocol(OzoneClientFactory.java:256)
kdc_1       | Entry for principal scm/5d3db53807b8@EXAMPLE.COM with kvno 2, encryption type aes128-cts-hmac-sha1-96 added to keytab WRFILE:/data/scm.5d3db53807b8.keytab.
om_1        | 	at org.apache.hadoop.ozone.protocolPB.OzoneManagerProtocolServerSideTranslatorPB.submitRequest(OzoneManagerProtocolServerSideTranslatorPB.java:100)
scm_1       | 2019-10-14 09:51:52,163 INFO authorize.ServiceAuthorizationManager: Authorization successful for dn/1abb56875aec@EXAMPLE.COM (auth:KERBEROS) for protocol=interface org.apache.hadoop.ozone.protocol.StorageContainerDatanodeProtocol
s3g_1       | 	... 101 more
kdc_1       | Generiting keytab
scm_1       | 2019-10-14 09:51:59,449 INFO ipc.Server: Auth successful for om/om@EXAMPLE.COM (auth:KERBEROS)
om_1        | 	at org.apache.hadoop.ozone.protocol.proto.OzoneManagerProtocolProtos$OzoneManagerService$2.callBlockingMethod(OzoneManagerProtocolProtos.java)
s3g_1       | 
kdc_1       | Authenticating as principal admin/admin with keytab /tmp/admin.keytab.
scm_1       | 2019-10-14 09:51:59,450 INFO authorize.ServiceAuthorizationManager: Authorization successful for om/om@EXAMPLE.COM (auth:KERBEROS) for protocol=interface org.apache.hadoop.hdds.scm.protocol.ScmBlockLocationProtocol
om_1        | 	at org.apache.hadoop.ipc.ProtobufRpcEngine$Server$ProtoBufRpcInvoker.call(ProtobufRpcEngine.java:524)
s3g_1       | 
kdc_1       | WARNING: no policy specified for scm/54c317be62b3@EXAMPLE.COM; defaulting to no policy
scm_1       | 2019-10-14 09:52:14,053 INFO ipc.Server: Auth successful for om/om@EXAMPLE.COM (auth:KERBEROS)
om_1        | 	at org.apache.hadoop.ipc.RPC$Server.call(RPC.java:1025)
s3g_1       | 2019-10-14 09:45:35,795 WARN servlet.ServletHandler: 
scm_1       | 2019-10-14 09:52:14,055 INFO authorize.ServiceAuthorizationManager: Authorization successful for om/om@EXAMPLE.COM (auth:KERBEROS) for protocol=interface org.apache.hadoop.hdds.scm.protocol.ScmBlockLocationProtocol
om_1        | 	at org.apache.hadoop.ipc.Server$RpcCall.run(Server.java:876)
s3g_1       | javax.servlet.ServletException: A MultiException has 1 exceptions.  They are:
kdc_1       | Principal "scm/54c317be62b3@EXAMPLE.COM" created.
scm_1       | 2019-10-14 09:52:22,142 INFO ipc.Server: Auth successful for dn/5e9367b5fed9@EXAMPLE.COM (auth:KERBEROS)
om_1        | 	at org.apache.hadoop.ipc.Server$RpcCall.run(Server.java:822)
s3g_1       | 1. javax.enterprise.inject.CreationException
kdc_1       | Authenticating as principal admin/admin with keytab /tmp/admin.keytab.
scm_1       | 2019-10-14 09:52:22,147 INFO authorize.ServiceAuthorizationManager: Authorization successful for dn/5e9367b5fed9@EXAMPLE.COM (auth:KERBEROS) for protocol=interface org.apache.hadoop.ozone.protocol.StorageContainerDatanodeProtocol
om_1        | 	at java.base/java.security.AccessController.doPrivileged(Native Method)
s3g_1       | 
kdc_1       | Entry for principal scm/54c317be62b3@EXAMPLE.COM with kvno 2, encryption type aes256-cts-hmac-sha1-96 added to keytab WRFILE:/data/scm.54c317be62b3.keytab.
om_1        | 	at java.base/javax.security.auth.Subject.doAs(Subject.java:423)
scm_1       | 2019-10-14 09:52:22,159 INFO ipc.Server: Auth successful for dn/1abb56875aec@EXAMPLE.COM (auth:KERBEROS)
s3g_1       | 	at org.glassfish.jersey.servlet.WebComponent.serviceImpl(WebComponent.java:432)
kdc_1       | Entry for principal scm/54c317be62b3@EXAMPLE.COM with kvno 2, encryption type aes128-cts-hmac-sha1-96 added to keytab WRFILE:/data/scm.54c317be62b3.keytab.
om_1        | 	at org.apache.hadoop.security.UserGroupInformation.doAs(UserGroupInformation.java:1730)
scm_1       | 2019-10-14 09:52:22,160 INFO ipc.Server: Auth successful for dn/5d3db53807b8@EXAMPLE.COM (auth:KERBEROS)
s3g_1       | 	at org.glassfish.jersey.servlet.WebComponent.service(WebComponent.java:370)
kdc_1       | Generiting keytab
om_1        | 	at org.apache.hadoop.ipc.Server$Handler.run(Server.java:2682)
scm_1       | 2019-10-14 09:52:22,162 INFO authorize.ServiceAuthorizationManager: Authorization successful for dn/1abb56875aec@EXAMPLE.COM (auth:KERBEROS) for protocol=interface org.apache.hadoop.ozone.protocol.StorageContainerDatanodeProtocol
kdc_1       | Authenticating as principal admin/admin with keytab /tmp/admin.keytab.
s3g_1       | 	at org.glassfish.jersey.servlet.ServletContainer.service(ServletContainer.java:389)
om_1        | 2019-10-14 09:44:31,481 INFO ipc.Server: Auth successful for testuser/scm@EXAMPLE.COM (auth:KERBEROS)
scm_1       | 2019-10-14 09:52:22,163 INFO authorize.ServiceAuthorizationManager: Authorization successful for dn/5d3db53807b8@EXAMPLE.COM (auth:KERBEROS) for protocol=interface org.apache.hadoop.ozone.protocol.StorageContainerDatanodeProtocol
kdc_1       | WARNING: no policy specified for HTTP/om@EXAMPLE.COM; defaulting to no policy
s3g_1       | 	at org.glassfish.jersey.servlet.ServletContainer.service(ServletContainer.java:342)
om_1        | 2019-10-14 09:44:31,491 INFO authorize.ServiceAuthorizationManager: Authorization successful for testuser/scm@EXAMPLE.COM (auth:KERBEROS) for protocol=interface org.apache.hadoop.ozone.om.protocol.OzoneManagerProtocol
scm_1       | 2019-10-14 09:52:36,915 INFO ipc.Server: Auth successful for om/om@EXAMPLE.COM (auth:KERBEROS)
kdc_1       | Principal "HTTP/om@EXAMPLE.COM" created.
s3g_1       | 	at org.glassfish.jersey.servlet.ServletContainer.service(ServletContainer.java:229)
om_1        | 2019-10-14 09:44:33,940 INFO ipc.Server: Auth successful for testuser2/scm@EXAMPLE.COM (auth:KERBEROS)
scm_1       | 2019-10-14 09:52:36,917 INFO authorize.ServiceAuthorizationManager: Authorization successful for om/om@EXAMPLE.COM (auth:KERBEROS) for protocol=interface org.apache.hadoop.hdds.scm.protocol.ScmBlockLocationProtocol
kdc_1       | Authenticating as principal admin/admin with keytab /tmp/admin.keytab.
s3g_1       | 	at org.eclipse.jetty.servlet.ServletHolder.handle(ServletHolder.java:840)
om_1        | 2019-10-14 09:44:33,951 INFO authorize.ServiceAuthorizationManager: Authorization successful for testuser2/scm@EXAMPLE.COM (auth:KERBEROS) for protocol=interface org.apache.hadoop.ozone.om.protocol.OzoneManagerProtocol
kdc_1       | Entry for principal HTTP/om@EXAMPLE.COM with kvno 2, encryption type aes256-cts-hmac-sha1-96 added to keytab WRFILE:/data/HTTP.om.keytab.
scm_1       | 2019-10-14 09:52:48,302 INFO server.SCMBlockProtocolServer: SCM is informed by OM to delete 5 blocks
s3g_1       | 	at org.eclipse.jetty.servlet.ServletHandler$CachedChain.doFilter(ServletHandler.java:1780)
om_1        | 2019-10-14 09:44:34,532 [IPC Server handler 5 on 9862] WARN       - User testuser2/scm@EXAMPLE.COM doesn't have LIST permission to access volume
kdc_1       | Entry for principal HTTP/om@EXAMPLE.COM with kvno 2, encryption type aes128-cts-hmac-sha1-96 added to keytab WRFILE:/data/HTTP.om.keytab.
scm_1       | 2019-10-14 09:52:48,302 INFO block.BlockManagerImpl: Deleting blocks conID: 15 locID: 102960117805940898 bcsId: 0
s3g_1       | 	at org.apache.hadoop.http.HttpServer2$QuotingInputFilter.doFilter(HttpServer2.java:1609)
kdc_1       | Generiting keytab
scm_1       | 2019-10-14 09:52:48,302 INFO block.BlockManagerImpl: Deleting blocks conID: 13 locID: 102960118763094179 bcsId: 0
s3g_1       | 	at org.eclipse.jetty.servlet.ServletHandler$CachedChain.doFilter(ServletHandler.java:1767)
om_1        | 2019-10-14 09:44:36,410 INFO ipc.Server: Auth successful for testuser2/scm@EXAMPLE.COM (auth:KERBEROS)
kdc_1       | Authenticating as principal admin/admin with keytab /tmp/admin.keytab.
scm_1       | 2019-10-14 09:52:48,303 INFO block.BlockManagerImpl: Deleting blocks conID: 14 locID: 102960119306911908 bcsId: 0
s3g_1       | 	at org.apache.hadoop.http.NoCacheFilter.doFilter(NoCacheFilter.java:45)
om_1        | 2019-10-14 09:44:36,424 INFO authorize.ServiceAuthorizationManager: Authorization successful for testuser2/scm@EXAMPLE.COM (auth:KERBEROS) for protocol=interface org.apache.hadoop.ozone.om.protocol.OzoneManagerProtocol
scm_1       | 2019-10-14 09:52:48,303 INFO block.BlockManagerImpl: Deleting blocks conID: 15 locID: 102960120261378213 bcsId: 0
kdc_1       | WARNING: no policy specified for HTTP/scm@EXAMPLE.COM; defaulting to no policy
s3g_1       | 	at org.eclipse.jetty.servlet.ServletHandler$CachedChain.doFilter(ServletHandler.java:1767)
om_1        | 2019-10-14 09:44:39,051 INFO ipc.Server: Auth successful for testuser2/scm@EXAMPLE.COM (auth:KERBEROS)
scm_1       | 2019-10-14 09:52:48,303 INFO block.BlockManagerImpl: Deleting blocks conID: 13 locID: 102960120307974310 bcsId: 0
kdc_1       | Principal "HTTP/scm@EXAMPLE.COM" created.
s3g_1       | 	at org.eclipse.jetty.servlet.ServletHandler.doHandle(ServletHandler.java:583)
om_1        | 2019-10-14 09:44:39,064 INFO authorize.ServiceAuthorizationManager: Authorization successful for testuser2/scm@EXAMPLE.COM (auth:KERBEROS) for protocol=interface org.apache.hadoop.ozone.om.protocol.OzoneManagerProtocol
scm_1       | 2019-10-14 09:52:52,146 INFO ipc.Server: Auth successful for dn/5e9367b5fed9@EXAMPLE.COM (auth:KERBEROS)
kdc_1       | Authenticating as principal admin/admin with keytab /tmp/admin.keytab.
s3g_1       | 	at org.eclipse.jetty.server.handler.ScopedHandler.handle(ScopedHandler.java:143)
scm_1       | 2019-10-14 09:52:52,156 INFO authorize.ServiceAuthorizationManager: Authorization successful for dn/5e9367b5fed9@EXAMPLE.COM (auth:KERBEROS) for protocol=interface org.apache.hadoop.ozone.protocol.StorageContainerDatanodeProtocol
om_1        | 2019-10-14 09:44:41,582 INFO ipc.Server: Auth successful for testuser2/scm@EXAMPLE.COM (auth:KERBEROS)
kdc_1       | Entry for principal HTTP/scm@EXAMPLE.COM with kvno 2, encryption type aes256-cts-hmac-sha1-96 added to keytab WRFILE:/data/HTTP.scm.keytab.
s3g_1       | 	at org.eclipse.jetty.security.SecurityHandler.handle(SecurityHandler.java:548)
scm_1       | 2019-10-14 09:52:52,168 INFO ipc.Server: Auth successful for dn/1abb56875aec@EXAMPLE.COM (auth:KERBEROS)
om_1        | 2019-10-14 09:44:41,592 INFO authorize.ServiceAuthorizationManager: Authorization successful for testuser2/scm@EXAMPLE.COM (auth:KERBEROS) for protocol=interface org.apache.hadoop.ozone.om.protocol.OzoneManagerProtocol
kdc_1       | Entry for principal HTTP/scm@EXAMPLE.COM with kvno 2, encryption type aes128-cts-hmac-sha1-96 added to keytab WRFILE:/data/HTTP.scm.keytab.
scm_1       | 2019-10-14 09:52:52,169 INFO ipc.Server: Auth successful for dn/5d3db53807b8@EXAMPLE.COM (auth:KERBEROS)
om_1        | 2019-10-14 09:44:44,147 INFO ipc.Server: Auth successful for testuser2/scm@EXAMPLE.COM (auth:KERBEROS)
kdc_1       | Generiting keytab
scm_1       | 2019-10-14 09:52:52,172 INFO authorize.ServiceAuthorizationManager: Authorization successful for dn/5d3db53807b8@EXAMPLE.COM (auth:KERBEROS) for protocol=interface org.apache.hadoop.ozone.protocol.StorageContainerDatanodeProtocol
om_1        | 2019-10-14 09:44:44,158 INFO authorize.ServiceAuthorizationManager: Authorization successful for testuser2/scm@EXAMPLE.COM (auth:KERBEROS) for protocol=interface org.apache.hadoop.ozone.om.protocol.OzoneManagerProtocol
s3g_1       | 	at org.eclipse.jetty.server.session.SessionHandler.doHandle(SessionHandler.java:226)
kdc_1       | Authenticating as principal admin/admin with keytab /tmp/admin.keytab.
scm_1       | 2019-10-14 09:52:52,179 INFO authorize.ServiceAuthorizationManager: Authorization successful for dn/1abb56875aec@EXAMPLE.COM (auth:KERBEROS) for protocol=interface org.apache.hadoop.ozone.protocol.StorageContainerDatanodeProtocol
om_1        | 2019-10-14 09:44:44,724 [IPC Server handler 9 on 9862] WARN       - User testuser2/scm@EXAMPLE.COM doesn't have READ permission to access bucket
s3g_1       | 	at org.eclipse.jetty.server.handler.ContextHandler.doHandle(ContextHandler.java:1180)
kdc_1       | WARNING: no policy specified for HTTP/s3g@EXAMPLE.COM; defaulting to no policy
scm_1       | 2019-10-14 09:53:22,152 INFO ipc.Server: Auth successful for dn/5e9367b5fed9@EXAMPLE.COM (auth:KERBEROS)
om_1        | 2019-10-14 09:44:48,056 INFO ipc.Server: Auth successful for testuser/scm@EXAMPLE.COM (auth:KERBEROS)
s3g_1       | 	at org.eclipse.jetty.servlet.ServletHandler.doScope(ServletHandler.java:513)
kdc_1       | Principal "HTTP/s3g@EXAMPLE.COM" created.
om_1        | 2019-10-14 09:44:48,068 INFO authorize.ServiceAuthorizationManager: Authorization successful for testuser/scm@EXAMPLE.COM (auth:KERBEROS) for protocol=interface org.apache.hadoop.ozone.om.protocol.OzoneManagerProtocol
scm_1       | 2019-10-14 09:53:22,158 INFO ipc.Server: Auth successful for dn/5d3db53807b8@EXAMPLE.COM (auth:KERBEROS)
s3g_1       | 	at org.eclipse.jetty.server.session.SessionHandler.doScope(SessionHandler.java:185)
kdc_1       | Authenticating as principal admin/admin with keytab /tmp/admin.keytab.
om_1        | 2019-10-14 09:44:50,615 INFO ipc.Server: Auth successful for testuser/scm@EXAMPLE.COM (auth:KERBEROS)
scm_1       | 2019-10-14 09:53:22,159 INFO authorize.ServiceAuthorizationManager: Authorization successful for dn/5e9367b5fed9@EXAMPLE.COM (auth:KERBEROS) for protocol=interface org.apache.hadoop.ozone.protocol.StorageContainerDatanodeProtocol
s3g_1       | 	at org.eclipse.jetty.server.handler.ContextHandler.doScope(ContextHandler.java:1112)
kdc_1       | Entry for principal HTTP/s3g@EXAMPLE.COM with kvno 2, encryption type aes256-cts-hmac-sha1-96 added to keytab WRFILE:/data/HTTP.s3g.keytab.
om_1        | 2019-10-14 09:44:50,628 INFO authorize.ServiceAuthorizationManager: Authorization successful for testuser/scm@EXAMPLE.COM (auth:KERBEROS) for protocol=interface org.apache.hadoop.ozone.om.protocol.OzoneManagerProtocol
scm_1       | 2019-10-14 09:53:22,161 INFO ipc.Server: Auth successful for dn/1abb56875aec@EXAMPLE.COM (auth:KERBEROS)
s3g_1       | 	at org.eclipse.jetty.server.handler.ScopedHandler.handle(ScopedHandler.java:141)
kdc_1       | Entry for principal HTTP/s3g@EXAMPLE.COM with kvno 2, encryption type aes128-cts-hmac-sha1-96 added to keytab WRFILE:/data/HTTP.s3g.keytab.
om_1        | 2019-10-14 09:44:53,280 INFO ipc.Server: Auth successful for testuser2/scm@EXAMPLE.COM (auth:KERBEROS)
scm_1       | 2019-10-14 09:53:22,164 INFO authorize.ServiceAuthorizationManager: Authorization successful for dn/1abb56875aec@EXAMPLE.COM (auth:KERBEROS) for protocol=interface org.apache.hadoop.ozone.protocol.StorageContainerDatanodeProtocol
s3g_1       | 	at org.eclipse.jetty.server.handler.HandlerCollection.handle(HandlerCollection.java:119)
kdc_1       | Generiting keytab
om_1        | 2019-10-14 09:44:53,291 INFO authorize.ServiceAuthorizationManager: Authorization successful for testuser2/scm@EXAMPLE.COM (auth:KERBEROS) for protocol=interface org.apache.hadoop.ozone.om.protocol.OzoneManagerProtocol
scm_1       | 2019-10-14 09:53:22,167 INFO authorize.ServiceAuthorizationManager: Authorization successful for dn/5d3db53807b8@EXAMPLE.COM (auth:KERBEROS) for protocol=interface org.apache.hadoop.ozone.protocol.StorageContainerDatanodeProtocol
s3g_1       | 	at org.eclipse.jetty.server.handler.HandlerWrapper.handle(HandlerWrapper.java:134)
kdc_1       | Authenticating as principal admin/admin with keytab /tmp/admin.keytab.
om_1        | 2019-10-14 09:44:55,822 INFO ipc.Server: Auth successful for testuser2/scm@EXAMPLE.COM (auth:KERBEROS)
scm_1       | 2019-10-14 09:53:48,392 INFO container.ReplicationManager: Replication Monitor Thread took 0 milliseconds for processing 15 containers.
kdc_1       | WARNING: no policy specified for HTTP/1abb56875aec@EXAMPLE.COM; defaulting to no policy
s3g_1       | 	at org.eclipse.jetty.server.Server.handle(Server.java:539)
om_1        | 2019-10-14 09:44:55,836 INFO authorize.ServiceAuthorizationManager: Authorization successful for testuser2/scm@EXAMPLE.COM (auth:KERBEROS) for protocol=interface org.apache.hadoop.ozone.om.protocol.OzoneManagerProtocol
scm_1       | 2019-10-14 09:53:52,146 INFO ipc.Server: Auth successful for dn/5e9367b5fed9@EXAMPLE.COM (auth:KERBEROS)
kdc_1       | Principal "HTTP/1abb56875aec@EXAMPLE.COM" created.
s3g_1       | 	at org.eclipse.jetty.server.HttpChannel.handle(HttpChannel.java:333)
om_1        | 2019-10-14 09:45:28,260 INFO ipc.Server: Auth successful for testuser/scm@EXAMPLE.COM (auth:KERBEROS)
kdc_1       | Authenticating as principal admin/admin with keytab /tmp/admin.keytab.
scm_1       | 2019-10-14 09:53:52,150 INFO authorize.ServiceAuthorizationManager: Authorization successful for dn/5e9367b5fed9@EXAMPLE.COM (auth:KERBEROS) for protocol=interface org.apache.hadoop.ozone.protocol.StorageContainerDatanodeProtocol
om_1        | 2019-10-14 09:45:28,270 INFO authorize.ServiceAuthorizationManager: Authorization successful for testuser/scm@EXAMPLE.COM (auth:KERBEROS) for protocol=interface org.apache.hadoop.ozone.om.protocol.OzoneManagerProtocol
scm_1       | 2019-10-14 09:53:52,157 INFO ipc.Server: Auth successful for dn/5d3db53807b8@EXAMPLE.COM (auth:KERBEROS)
kdc_1       | Oct 14 09:38:30 kdc krb5kdc[9](info): AS_REQ (8 etypes {18 17 20 19 16 23 25 26}) 127.0.0.1: SERVER_NOT_FOUND: admin/admin@EXAMPLE.COM for kadmin/localhost@EXAMPLE.COM, Server not found in Kerberos database
s3g_1       | 	at org.eclipse.jetty.server.HttpConnection.onFillable(HttpConnection.java:251)
om_1        | 2019-10-14 09:45:32,133 [Socket Reader #1 for port 9862] INFO       - fca6b80190a27b74e0693d94181a4bdf16a0f6a0c1ab25170085abe8487760ce
scm_1       | 2019-10-14 09:53:52,158 INFO ipc.Server: Auth successful for dn/1abb56875aec@EXAMPLE.COM (auth:KERBEROS)
kdc_1       | Oct 14 09:38:30 kdc krb5kdc[9](info): AS_REQ (8 etypes {18 17 20 19 16 23 25 26}) 127.0.0.1: ISSUE: authtime 1571045910, etypes {rep=18 tkt=18 ses=18}, admin/admin@EXAMPLE.COM for kadmin/admin@EXAMPLE.COM
s3g_1       | 	at org.eclipse.jetty.io.AbstractConnection$ReadCallback.succeeded(AbstractConnection.java:283)
om_1        | 2019-10-14 09:45:32,136 INFO ipc.Server: Auth successful for testuser/scm@EXAMPLE.COM (auth:TOKEN)
kdc_1       | Oct 14 09:38:30 kdc krb5kdc[9](info): AS_REQ (8 etypes {18 17 20 19 16 23 25 26}) 127.0.0.1: SERVER_NOT_FOUND: admin/admin@EXAMPLE.COM for kadmin/localhost@EXAMPLE.COM, Server not found in Kerberos database
scm_1       | 2019-10-14 09:53:52,161 INFO authorize.ServiceAuthorizationManager: Authorization successful for dn/1abb56875aec@EXAMPLE.COM (auth:KERBEROS) for protocol=interface org.apache.hadoop.ozone.protocol.StorageContainerDatanodeProtocol
kdc_1       | Oct 14 09:38:30 kdc krb5kdc[9](info): AS_REQ (8 etypes {18 17 20 19 16 23 25 26}) 127.0.0.1: ISSUE: authtime 1571045910, etypes {rep=18 tkt=18 ses=18}, admin/admin@EXAMPLE.COM for kadmin/admin@EXAMPLE.COM
scm_1       | 2019-10-14 09:53:52,161 INFO authorize.ServiceAuthorizationManager: Authorization successful for dn/5d3db53807b8@EXAMPLE.COM (auth:KERBEROS) for protocol=interface org.apache.hadoop.ozone.protocol.StorageContainerDatanodeProtocol
kdc_1       | Oct 14 09:38:30 kdc krb5kdc[9](info): AS_REQ (8 etypes {18 17 20 19 16 23 25 26}) 127.0.0.1: SERVER_NOT_FOUND: admin/admin@EXAMPLE.COM for kadmin/localhost@EXAMPLE.COM, Server not found in Kerberos database
s3g_1       | 	at org.eclipse.jetty.io.FillInterest.fillable(FillInterest.java:108)
scm_1       | 2019-10-14 09:54:01,278 INFO ipc.Server: Auth successful for testuser/scm@EXAMPLE.COM (auth:KERBEROS)
kdc_1       | Oct 14 09:38:30 kdc krb5kdc[9](info): AS_REQ (8 etypes {18 17 20 19 16 23 25 26}) 127.0.0.1: ISSUE: authtime 1571045910, etypes {rep=18 tkt=18 ses=18}, admin/admin@EXAMPLE.COM for kadmin/admin@EXAMPLE.COM
om_1        | 2019-10-14 09:45:32,146 INFO authorize.ServiceAuthorizationManager: Authorization successful for testuser/scm@EXAMPLE.COM (auth:TOKEN) for protocol=interface org.apache.hadoop.ozone.om.protocol.OzoneManagerProtocol
scm_1       | 2019-10-14 09:54:01,292 INFO authorize.ServiceAuthorizationManager: Authorization successful for testuser/scm@EXAMPLE.COM (auth:KERBEROS) for protocol=interface org.apache.hadoop.hdds.protocol.SCMSecurityProtocol
s3g_1       | 	at org.eclipse.jetty.io.SelectChannelEndPoint$2.run(SelectChannelEndPoint.java:93)
kdc_1       | Oct 14 09:38:30 kdc krb5kdc[9](info): AS_REQ (8 etypes {18 17 20 19 16 23 25 26}) 127.0.0.1: SERVER_NOT_FOUND: admin/admin@EXAMPLE.COM for kadmin/localhost@EXAMPLE.COM, Server not found in Kerberos database
scm_1       | 2019-10-14 09:54:01,466 INFO ipc.Server: Auth successful for testuser/scm@EXAMPLE.COM (auth:KERBEROS)
s3g_1       | 	at org.eclipse.jetty.util.thread.strategy.ExecuteProduceConsume.executeProduceConsume(ExecuteProduceConsume.java:303)
kdc_1       | Oct 14 09:38:30 kdc krb5kdc[9](info): AS_REQ (8 etypes {18 17 20 19 16 23 25 26}) 127.0.0.1: ISSUE: authtime 1571045910, etypes {rep=18 tkt=18 ses=18}, admin/admin@EXAMPLE.COM for kadmin/admin@EXAMPLE.COM
scm_1       | 2019-10-14 09:54:01,468 INFO authorize.ServiceAuthorizationManager: Authorization successful for testuser/scm@EXAMPLE.COM (auth:KERBEROS) for protocol=interface org.apache.hadoop.hdds.scm.protocol.StorageContainerLocationProtocol
om_1        | 2019-10-14 09:45:33,244 [Socket Reader #1 for port 9862] INFO       - fca6b80190a27b74e0693d94181a4bdf16a0f6a0c1ab25170085abe8487760ce
s3g_1       | 	at org.eclipse.jetty.util.thread.strategy.ExecuteProduceConsume.produceConsume(ExecuteProduceConsume.java:148)
kdc_1       | Oct 14 09:38:30 kdc krb5kdc[9](info): AS_REQ (8 etypes {18 17 20 19 16 23 25 26}) 127.0.0.1: SERVER_NOT_FOUND: admin/admin@EXAMPLE.COM for kadmin/localhost@EXAMPLE.COM, Server not found in Kerberos database
om_1        | 2019-10-14 09:45:33,245 INFO ipc.Server: Auth successful for testuser/scm@EXAMPLE.COM (auth:TOKEN)
s3g_1       | 	at org.eclipse.jetty.util.thread.strategy.ExecuteProduceConsume.run(ExecuteProduceConsume.java:136)
kdc_1       | Oct 14 09:38:30 kdc krb5kdc[9](info): AS_REQ (8 etypes {18 17 20 19 16 23 25 26}) 127.0.0.1: ISSUE: authtime 1571045910, etypes {rep=18 tkt=18 ses=18}, admin/admin@EXAMPLE.COM for kadmin/admin@Oct 14 09:38:30 kdc kadmind[15](Notice): Request: kadm5_init, admin/admin@EXAMPLE.COM, success, client=admin/admin@EXAMPLE.COM, service=kadmin/admin@EXAMPLE.COM, addr=127.0.0.1, vers=4, flavor=6
om_1        | 2019-10-14 09:45:33,248 INFO authorize.ServiceAuthorizationManager: Authorization successful for testuser/scm@EXAMPLE.COM (auth:TOKEN) for protocol=interface org.apache.hadoop.ozone.om.protocol.OzoneManagerProtocol
kdc_1       | Oct 14 09:38:30 kdc kadmind[15](Notice): Request: kadm5_get_policy, default, Policy does not exist, client=admin/admin@EXAMPLE.COM, service=kadmin/admin@EXAMPLE.COM, addr=127.0.0.1
om_1        | 2019-10-14 09:45:35,714 [Socket Reader #1 for port 9862] ERROR      - Error while validating S3 identifier:OzoneToken owner=dlfknslnfslf, renewer=, realUser=, issueDate=0, maxDate=0, sequenceNumber=0, masterKeyId=0, strToSign=AWS4-HMAC-SHA256
s3g_1       | 	at org.eclipse.jetty.util.thread.QueuedThreadPool.runJob(QueuedThreadPool.java:671)
kdc_1       | Oct 14 09:38:30 kdc kadmind[15](Notice): Request: kadm5_create_principal, scm/5e9367b5fed9@EXAMPLE.COM, success, client=admin/admin@EXAMPLE.COM, service=kadmin/admin@EXAMPLE.COM, addr=127.0.0.1
om_1        | 20191014T094535Z
s3g_1       | 	at org.eclipse.jetty.util.thread.QueuedThreadPool$2.run(QueuedThreadPool.java:589)
kdc_1       | Oct 14 09:38:30 kdc kadmind[15](info): closing down fd 18
om_1        | 20191014/us-west-1/s3/aws4_request
s3g_1       | 	at java.base/java.lang.Thread.run(Thread.java:834)
kdc_1       | Oct 14 09:38:30 kdc kadmind[15](Notice): Request: kadm5_init, admin/admin@EXAMPLE.COM, success, client=admin/admin@EXAMPLE.COM, service=kadmin/admin@EXAMPLE.COM, addr=127.0.0.1, vers=4, flavor=6
om_1        | 0b87d99e0e6129997d183a0e733bc906fcc4d5399c68428c12d2831a177dc12d, signature=24e9b3b1d59ce93e42dabdf219513db37096403c816770b086adf9205d021f32, awsAccessKeyId=dlfknslnfslf
s3g_1       | Caused by: A MultiException has 1 exceptions.  They are:
om_1        | org.apache.hadoop.ozone.security.OzoneSecurityException: S3 secret not found for awsAccessKeyId dlfknslnfslf
kdc_1       | Oct 14 09:38:30 kdc kadmind[15](Notice): Request: kadm5_randkey_principal, scm/5e9367b5fed9@EXAMPLE.COM, success, client=admin/admin@EXAMPLE.COM, service=kadmin/admin@EXAMPLE.COM, addr=127.0.0.1
s3g_1       | 1. javax.enterprise.inject.CreationException
om_1        | 	at org.apache.hadoop.ozone.om.S3SecretManagerImpl.getS3UserSecretString(S3SecretManagerImpl.java:96)
kdc_1       | Oct 14EXAMPLE.COM
s3g_1       | 
om_1        | 	at org.apache.hadoop.ozone.security.OzoneDelegationTokenSecretManager.validateS3Token(OzoneDelegationTokenSecretManager.java:401)
s3g_1       | 	at org.jvnet.hk2.internal.SystemDescriptor.create(SystemDescriptor.java:494)
om_1        | 	at org.apache.hadoop.ozone.security.OzoneDelegationTokenSecretManager.retrievePassword(OzoneDelegationTokenSecretManager.java:349)
kdc_1       | Oct 14 09:38:30 kdc krb5kdc[9](info): AS_REQ (8 etypes {18 17 20 19 16 23 25 26}) 127.0.0.1: SERVER_NOT_FOUND: admin/admin@EXAMPLE.COM for kadmin/localhost@EXAMPLE.COM, Server not found in Kerberos database
s3g_1       | 	at org.jvnet.hk2.internal.PerLookupContext.findOrCreate(PerLookupContext.java:70)
om_1        | 	at org.apache.hadoop.ozone.security.OzoneDelegationTokenSecretManager.retrievePassword(OzoneDelegationTokenSecretManager.java:56)
kdc_1       | Oct 14 09:38:30 kdc krb5kdc[9](info): AS_REQ (8 etypes {18 17 20 19 16 23 25 26}) 127.0.0.1: ISSUE: authtime 1571045910, etypes {rep=18 tkt=18 ses=18}, admin/admin@EXAMPLE.COM for kadmin/admin@EXAMPLE.COM
s3g_1       | 	at org.jvnet.hk2.internal.Utilities.createService(Utilities.java:2126)
om_1        | 	at org.apache.hadoop.security.token.SecretManager.retriableRetrievePassword(SecretManager.java:91)
kdc_1       | Oct 14 09:38:30 kdc krb5kdc[9](info): AS_REQ (8 etypes {18 17 20 19 16 23 25 26}) 127.0.0.1: SERVER_NOT_FOUND: admin/admin@EXAMPLE.COM for kadmin/localhost@EXAMPLE.COM, Server not found in Kerberos database
s3g_1       | 	at org.jvnet.hk2.internal.ServiceLocatorImpl.internalGetService(ServiceLocatorImpl.java:777)
om_1        | 	at org.apache.hadoop.security.SaslRpcServer$SaslDigestCallbackHandler.getPassword(SaslRpcServer.java:277)
kdc_1       | Oct 14 09:38:30 kdc krb5kdc[9](info): AS_REQ (8 etypes {18 17 20 19 16 23 25 26}) 127.0.0.1: ISSUE: authtime 1571045910, etypes {rep=18 tkt=18 ses=18}, admin/admin@EXAMPLE.COM for kadmin/admin@EXAMPLE.COM
s3g_1       | 	at org.jvnet.hk2.internal.ServiceLocatorImpl.internalGetService(ServiceLocatorImpl.java:740)
om_1        | 	at org.apache.hadoop.security.SaslRpcServer$SaslDigestCallbackHandler.handle(SaslRpcServer.java:304)
kdc_1       | Oct 14 09:38:30 kdc krb5kdc[9](info): AS_REQ (8 etypes {18 17 20 19 16 23 25 26}) 127.0.0.1: SERVER_NOT_FOUND: admin/admin@EXAMPLE.COM for kadmin/localhost@EXAMPLE.COM, Server not found in Kerberos database
s3g_1       | 	at org.jvnet.hk2.internal.ServiceLocatorImpl.getService(ServiceLocatorImpl.java:710)
om_1        | 	at java.security.sasl/com.sun.security.sasl.digest.DigestMD5Server.validateClientResponse(DigestMD5Server.java:589)
kdc_1       | Oct 14 09:38:30 kdc krb5kdc[9](info): AS_REQ (8 etypes {18 17 20 19 16 23 25 26}) 127.0.0.1: ISSUE: authtime 1571045910, etypes {rep=18 tkt=18 ses=18}, admin/admin@EXAMPLE.COM for kadmin/admin@EXAMPLE.COM
om_1        | 	at java.security.sasl/com.sun.security.sasl.digest.DigestMD5Server.evaluateResponse(DigestMD5Server.java:244)
kdc_1       | Oct 14 09:38:30 kdc krb5kdc[9](info): AS_REQ (8 etypes {18 17 20 19 16 23 25 26}) 127.0.0.1: SERVER_NOT_FOUND: admin/admin@EXAMPLE.COM for kadmin/localhost@EXAMPLE.COM, Server not found in Kerberos database
s3g_1       | 	at org.glassfish.jersey.inject.hk2.AbstractHk2InjectionManager.getInstance(AbstractHk2InjectionManager.java:184)
om_1        | 	at org.apache.hadoop.ipc.Server$Connection.processSaslToken(Server.java:1955)
kdc_1       | Oct 14 09:38:30 kdc krb5kdc[9](info): AS_REQ (8 etypes {18 17 20 19 16 23 25 26}) 127.0.0.1: ISSUE: authtime 1571045910, etypes {rep=18 tkt=18 ses=18}, admin/admin@EXAMPLE.COM for kadmin/admin@EXAMPLE.COM
s3g_1       | 	at org.glassfish.jersey.inject.hk2.ImmediateHk2InjectionManager.getInstance(ImmediateHk2InjectionManager.java:54)
om_1        | 	at org.apache.hadoop.ipc.Server$Connection.processSaslMessage(Server.java:1932)
s3g_1       | 	at org.glassfish.jersey.internal.inject.Injections.getOrCreate(Injections.java:129)
kdc_1       | Oct 14 09:38:30 kdc krb5kdc[9](info): AS_REQ (8 etypes {18 17 20 19 16 23 25 26}) 127.0.0.1: SERVER_NOT_FOUND: admin/admin@EXAMPLE.COM for kadmin/localhost@EXAMPLE.COM, Server not found in Kerberos database
om_1        | 	at org.apache.hadoop.ipc.Server$Connection.saslProcess(Server.java:1825)
s3g_1       | 	at org.glassfish.jersey.server.model.MethodHandler$ClassBasedMethodHandler.getInstance(MethodHandler.java:284)
kdc_1       | Oct 14 09:38:30 kdc krb5kdc[9](info): AS_REQ (8 etypes {18 17 20 19 16 23 25 26}) 127.0.0.1: ISSUE: authtime 1571045910, etypes {rep=18 tkt=18 ses=18}, admin/admin@EXAMPLE.COM for k 09:38:30 kdc kadmind[15](Notice): Request: kadm5_get_principal, scm/5e9367b5fed9@EXAMPLE.COM, success, client=admin/admin@EXAMPLE.COM, service=kadmin/admin@EXAMPLE.COM, addr=127.0.0.1
om_1        | 	at org.apache.hadoop.ipc.Server$Connection.saslReadAndProcess(Server.java:1767)
s3g_1       | 	at org.glassfish.jersey.server.internal.routing.PushMethodHandlerRouter.apply(PushMethodHandlerRouter.java:75)
kdc_1       | Oct 14 09:38:30 kdc kadmind[15](info): closing down fd 18
om_1        | 	at org.apache.hadoop.ipc.Server$Connection.processRpcOutOfBandRequest(Server.java:2532)
s3g_1       | 	at org.glassfish.jersey.server.internal.routing.RoutingStage._apply(RoutingStage.java:110)
kdc_1       | Oct 14 09:38:30 kdc kadmind[15](Notice): Request: kadm5_init, admin/admin@EXAMPLE.COM, success, client=admin/admin@EXAMPLE.COM, service=kadmin/admin@EXAMPLE.COM, addr=127.0.0.1, vers=4, flavor=6
om_1        | 	at org.apache.hadoop.ipc.Server$Connection.processOneRpc(Server.java:2360)
s3g_1       | 	at org.glassfish.jersey.server.internal.routing.RoutingStage._apply(RoutingStage.java:113)
kdc_1       | Oct 14 09:38:30 kdc kadmind[15](Notice): Request: kadm5_get_policy, default, Policy does not exist, client=admin/admin@EXAMPLE.COM, service=kadmin/admin@EXAMPLE.COM, addr=127.0.0.1
om_1        | 	at org.apache.hadoop.ipc.Server$Connection.readAndProcess(Server.java:2109)
s3g_1       | 	at org.glassfish.jersey.server.internal.routing.RoutingStage._apply(RoutingStage.java:113)
kdc_1       | Oct 14 09:38:30 kdc kadmind[15](Notice): Request: kadm5_create_principal, scm/5d3db53807b8@EXAMPLE.COM, success, client=admin/admin@EXAMPLE.COM, service=kadmin/admin@EXAMPLE.COM, addr=127.0.0.1
om_1        | 	at org.apache.hadoop.ipc.Server$Listener.doRead(Server.java:1249)
s3g_1       | 	at org.glassfish.jersey.server.internal.routing.RoutingStage._apply(RoutingStage.java:113)
kdc_1       | Oct 14 09:38:30 kdc kadmind[15](info): closing down fd 18
om_1        | 	at org.apache.hadoop.ipc.Server$Listener$Reader.doRunLoop(Server.java:1105)
s3g_1       | 	at org.glassfish.jersey.server.internal.routing.RoutingStage.apply(RoutingStage.java:93)
kdc_1       | Oct 14 09:38:30 kdc kadmind[15](Notice): Request: kadm5_init, admin/admin@EXAMPLE.COM, success, client=admin/admin@EXAMPLE.COM, service=kadmin/admin@EXAMadmin/admin@EXAMPLE.COM
om_1        | 	at org.apache.hadoop.ipc.Server$Listener$Reader.run(Server.java:1076)
kdc_1       | Oct 14 09:38:30 kdc krb5kdc[9](info): AS_REQ (8 etypes {18 17 20 19 16 23 25 26}) 127.0.0.1: SERVER_NOT_FOUND: admin/admin@EXAMPLE.COM for kadmin/localhost@EXAMPLE.COM, Server not found in Kerberos database
om_1        | 2019-10-14 09:45:35,716 WARN ipc.Server: Auth failed for 172.18.0.8:33410:null (DIGEST-MD5: IO error acquiring password) with true cause: (No S3 secret found for S3 identifier:OzoneToken owner=dlfknslnfslf, renewer=, realUser=, issueDate=0, maxDate=0, sequenceNumber=0, masterKeyId=0, strToSign=AWS4-HMAC-SHA256
kdc_1       | Oct 14 09:38:30 kdc krb5kdc[9](info): AS_REQ (8 etypes {18 17 20 19 16 23 25 26}) 127.0.0.1: ISSUE: authtime 1571045910, etypes {rep=18 tkt=18 ses=18}, admin/admin@EXAMPLE.COM for kadmin/admin@EXAMPLE.COM
s3g_1       | 	at org.glassfish.jersey.server.internal.routing.RoutingStage.apply(RoutingStage.java:62)
om_1        | 20191014T094535Z
kdc_1       | Oct 14 09:38:30 kdc krb5kdc[9](info): AS_REQ (8 etypes {18 17 20 19 16 23 25 26}) 127.0.0.1: SERVER_NOT_FOUND: admin/admin@EXAMPLE.COM for kadmin/localhost@EXAMPLE.COM, Server not found in Kerberos database
s3g_1       | 	at org.glassfish.jersey.process.internal.Stages.process(Stages.java:197)
om_1        | 20191014/us-west-1/s3/aws4_request
kdc_1       | Oct 14 09:38:30 kdc krb5kdc[9](info): AS_REQ (8 etypes {18 17 20 19 16 23 25 26}) 127.0.0.1: ISSUE: authtime 1571045910, etypes {rep=18 tkt=18 ses=18}, admin/admin@EXAMPLE.COM for kadmin/admin@EXAMPLE.COM
s3g_1       | 	at org.glassfish.jersey.server.ServerRuntime$1.run(ServerRuntime.java:269)
om_1        | 0b87d99e0e6129997d183a0e733bc906fcc4d5399c68428c12d2831a177dc12d, signature=24e9b3b1d59ce93e42dabdf219513db37096403c816770b086adf9205d021f32, awsAccessKeyId=dlfknslnfslf)
kdc_1       | Oct 14 09:38:30 kdc krb5kdc[9](info): AS_REQ (8 etypes {18 17 20 19 16 23 25 26}) 127.0.0.1: SERVER_NOT_FOUND: admin/admin@EXAMPLE.COM for kadmin/localhost@EXAMPLE.COM, Server PLE.COM, addr=127.0.0.1, vers=4, flavor=6
s3g_1       | 	at org.glassfish.jersey.internal.Errors$1.call(Errors.java:272)
om_1        | 2019-10-14 09:45:35,728 [Socket Reader #1 for port 9862] ERROR      - Error while validating S3 identifier:OzoneToken owner=dlfknslnfslf, renewer=, realUser=, issueDate=0, maxDate=0, sequenceNumber=0, masterKeyId=0, strToSign=AWS4-HMAC-SHA256
kdc_1       | Oct 14 09:38:30 kdc kadmind[15](Notice): Request: kadm5_randkey_principal, scm/5d3db53807b8@EXAMPLE.COM, success, client=admin/admin@EXAMPLE.COM, service=kadmin/admin@EXAMPLE.COM, addr=127.0.0.1
s3g_1       | 	at org.glassfish.jersey.internal.Errors$1.call(Errors.java:268)
om_1        | 20191014T094535Z
kdc_1       | Oct 14 09:38:30 kdc kadmind[15](Notice): Request: kadm5_get_principal, scm/5d3db53807b8@EXAMPLE.COM, success, client=admin/admin@EXAMPLE.COM, service=kadmin/admin@EXAMPLE.COM, addr=127.0.0.1
s3g_1       | 	at org.glassfish.jersey.internal.Errors.process(Errors.java:316)
om_1        | 20191014/us-west-1/s3/aws4_request
kdc_1       | Oct 14 09:38:30 kdc kadmind[15](info): closing down fd 18
s3g_1       | 	at org.glassfish.jersey.internal.Errors.process(Errors.java:298)
om_1        | 0b87d99e0e6129997d183a0e733bc906fcc4d5399c68428c12d2831a177dc12d, signature=24e9b3b1d59ce93e42dabdf219513db37096403c816770b086adf9205d021f32, awsAccessKeyId=dlfknslnfslf
kdc_1       | Oct 14 09:38:30 kdc kadmind[15](Notice): Request: kadm5_init, admin/admin@EXAMPLE.COM, success, client=admin/admin@EXAMPLE.COM, service=kadmin/admin@EXAMPLE.COM, addr=127.0.0.1, vers=4, flavor=6
om_1        | org.apache.hadoop.ozone.security.OzoneSecurityException: S3 secret not found for awsAccessKeyId dlfknslnfslf
kdc_1       | Oct 14 09:38:30 kdc kadmind[15](Notice): Request: kadm5_get_policy, default, Policy does not exist, client=admin/admin@EXAMPLE.COM, service=kadmin/admin@EXAMPLE.COM, addr=127.0.0.1
s3g_1       | 	at org.glassfish.jersey.internal.Errors.process(Errors.java:268)
om_1        | 	at org.apache.hadoop.ozone.om.S3SecretManagerImpl.getS3UserSecretString(S3SecretManagerImpl.java:96)
kdc_1       | Oct 14 09:38:30 kdc kadmind[15](Notice): Request: kadm5_create_principal, scm/54c317be62b3@EXAMPLE.COM, success, client=admin/admin@EXAMPLE.COM, service=kadmin/admin@EXAMPLE.COM, addr=127.0.0.1
s3g_1       | 	at org.glassfish.jersey.process.internal.RequestScope.runInScope(RequestScope.java:289)
om_1        | 	at org.apache.hadoop.ozone.security.OzoneDelegationTokenSecretManager.validateS3Token(OzoneDelegationTokenSecretManager.java:401)
kdc_1       | Oct 14 09:38:30 kdc kadmind[15](info): closing down fd 18
s3g_1       | 	at org.glassfish.jersey.server.ServerRuntime.process(ServerRuntime.java:256)
om_1        | 	at org.apache.hadoop.ozone.security.OzoneDelegationTokenSecretManager.retrievePassword(OzoneDelegationTokenSecretManager.java:349)
kdc_1       | Oct 14 09:38:30 kdc kadmind[15](Notice): Request: kadm5_init, admin/admin@EXAMPLE.COM, success, client=admin/admin@EXAMPLE.COM, service=kadmin/admin@EXAMPLE.COM, addr=127.0.0.1, vers=4, flavor=6
s3g_1       | 	at org.glassfish.jersey.server.ApplicationHandler.handle(ApplicationHandler.java:703)
om_1        | 	at org.apache.hadoop.ozone.security.OzoneDelegationTokenSecretManager.retrievePassword(OzoneDelegationTokenSecretManager.java:56)
kdc_1       | Oct 14 09:38:30 kdc kadmind[15](Notice): Request: kadm5_randkey_principal, scm/54c317be62b3@EXAMPLE.COM, success, client=admin/admin@EXAMPLE.COM, service=kadmin/admin@EXAMPLE.COM, addr=127.0.0.1
s3g_1       | 	at org.glassfish.jersey.servlet.WebComponent.serviceImpl(WebComponent.java:416)
om_1        | 	at org.apache.hadoop.security.token.SecretManager.retriableRetrievePassword(SecretManager.java:91)
kdc_1       | Oct 14 09:38:30 kdc kadmind[15](Notice): Request: kadm5_get_principal, scm/54c317be62b3@EXAMPLE.COM, success, client=admin/admin@EXAMPLE.COM, service=kadmin/admin@EXAMPLE.COM, addr=127.0.0.1
s3g_1       | 	... 33 more
kdc_1       | Oct 14 09:38:30 kdc kadmind[15](info): closing down fd 18
om_1        | 	at org.apache.hadoop.security.SaslRpcServer$SaslDigestCallbackHandler.getPassword(SaslRpcServer.java:277)
s3g_1       | Caused by: javax.enterprise.inject.CreationException
kdc_1       | Oct 14 09:38:30 kdc kadmind[15](Notice): Request: kadm5_init, admin/admin@EXAMPLE.COM, success, client=admin/admin@EXAMPLE.COM, service=kadmin/admin@EXAMPLE.COM, addr=127.0.0.1, vers=4, flavor=6
om_1        | 	at org.apache.hadoop.security.SaslRpcServer$SaslDigestCallbackHandler.handle(SaslRpcServer.java:304)
s3g_1       | 	at java.base/jdk.internal.reflect.NativeConstructorAccessorImpl.newInstance0(Native Method)
kdc_1       | Oct 14 09:38:30 kdc kadmind[15](Notice): Request: kadm5_get_policy, default, Policy does not exist, not found in Kerberos database
om_1        | 	at java.security.sasl/com.sun.security.sasl.digest.DigestMD5Server.validateClientResponse(DigestMD5Server.java:589)
s3g_1       | 	at java.base/jdk.internal.reflect.NativeConstructorAccessorImpl.newInstance(NativeConstructorAccessorImpl.java:62)
kdc_1       | Oct 14 09:38:31 kdc krb5kdc[9](info): AS_REQ (8 etypes {18 17 20 19 16 23 25 26}) 127.0.0.1: ISSUE: authtime 1571045910, etypes {rep=18 tkt=18 ses=18}, admin/admin@EXAMPLE.COM for kadmin/admin@EXAMPLE.COM
om_1        | 	at java.security.sasl/com.sun.security.sasl.digest.DigestMD5Server.evaluateResponse(DigestMD5Server.java:244)
kdc_1       | client=admin/admin@EXAMPLE.COM, service=kadmin/admin@EXAMPLE.COM, addr=127.0.0.1
om_1        | 	at org.apache.hadoop.ipc.Server$Connection.processSaslToken(Server.java:1955)
s3g_1       | 	at java.base/jdk.internal.reflect.DelegatingConstructorAccessorImpl.newInstance(DelegatingConstructorAccessorImpl.java:45)
kdc_1       | Oct 14 09:38:30 kdc kadmind[15](Notice): Request: kadm5_create_principal, HTTP/om@EXAMPLE.COM, success, client=admin/admin@EXAMPLE.COM, service=kadmin/admin@EXAMPLE.COM, addr=127.0.0.1
om_1        | 	at org.apache.hadoop.ipc.Server$Connection.processSaslMessage(Server.java:1932)
s3g_1       | 	at java.base/java.lang.reflect.Constructor.newInstance(Constructor.java:490)
kdc_1       | Oct 14 09:38:30 kdc kadmind[15](info): closing down fd 18
om_1        | 	at org.apache.hadoop.ipc.Server$Connection.saslProcess(Server.java:1825)
s3g_1       | 	at java.base/java.lang.Class.newInstance(Class.java:584)
kdc_1       | Oct 14 09:38:30 kdc kadmind[15](Notice): Request: kadm5_init, admin/admin@EXAMPLE.COM, success, client=admin/admin@EXAMPLE.COM, service=kadmin/admin@EXAMPLE.COM, addr=127.0.0.1, vers=4, flavor=6
s3g_1       | 	at org.jboss.weld.security.NewInstanceAction.run(NewInstanceAction.java:33)
om_1        | 	at org.apache.hadoop.ipc.Server$Connection.saslReadAndProcess(Server.java:1767)
kdc_1       | Oct 14 09:38:30 kdc kadmind[15](Notice): Request: kadm5_randkey_principal, HTTP/om@EXAMPLE.COM, success, client=admin/admin@EXAMPLE.COM, service=kadmin/admin@EXAMPLE.COM, addr=127.0.0.1
s3g_1       | 	at java.base/java.security.AccessController.doPrivileged(Native Method)
om_1        | 	at org.apache.hadoop.ipc.Server$Connection.processRpcOutOfBandRequest(Server.java:2532)
kdc_1       | Oct 14 09:38:30 kdc kadmind[15](Notice): Request: kadm5_get_principal, HTTP/om@EXAMPLE.COM, success, client=admin/admin@EXAMPLE.COM, service=kadmin/admin@EXAMPLE.COM, addr=127.0.0.1
s3g_1       | 	at org.jboss.weld.injection.Exceptions.rethrowException(Exceptions.java:40)
om_1        | 	at org.apache.hadoop.ipc.Server$Connection.processOneRpc(Server.java:2360)
kdc_1       | Oct 14 09:38:30 kdc kadmind[15](info): closing down fd 18
s3g_1       | 	at org.jboss.weld.injection.Exceptions.rethrowException(Exceptions.java:78)
om_1        | 	at org.apache.hadoop.ipc.Server$Connection.readAndProcess(Server.java:2109)
kdc_1       | Oct 14 09:38:30 kdc kadmind[15](Notice): Request: kadm5_init, admin/admin@EXAMPLE.COM, success, client=admin/admin@EXAMPLE.COM, service=kadmin/admin@EXAMPLE.COM, addr=127.0.0.1, vers=4, flavor=6
s3g_1       | 	at org.jboss.weld.injection.StaticMethodInjectionPoint.invoke(StaticMethodInjectionPoint.java:96)
om_1        | 	at org.apache.hadoop.ipc.Server$Listener.doRead(Server.java:1249)
s3g_1       | 	at org.jboss.weld.injection.StaticMethodInjectionPoint.invoke(StaticMethodInjectionPoint.java:78)
om_1        | 	at org.apache.hadoop.ipc.Server$Listener$Reader.doRunLoop(Server.java:1105)
s3g_1       | 	at org.jboss.weld.injection.producer.ProducerMethodProducer.produce(ProducerMethodProducer.java:100)
s3g_1       | 	at org.jboss.weld.injection.producer.AbstractMemberProducer.produce(AbstractMemberProducer.java:161)
om_1        | 	at org.apache.hadoop.ipc.Server$Listener$Reader.run(Server.java:1076)
kdc_1       | Oct 14 09:38:30 kdc kadmind[15](Notice): Request: kadm5_get_policy, default, Policy does not exist, client=admin/admin@EXAMPLE.COM, service=kadmin/admin@EXAMPLE.COM, addr=127.0.0.1
s3g_1       | 	at org.jboss.weld.bean.AbstractProducerBean.create(AbstractProducerBean.java:180)
om_1        | 2019-10-14 09:45:35,729 WARN ipc.Server: Auth failed for 172.18.0.8:33412:null (DIGEST-MD5: IO error acquiring password) with true cause: (No S3 secret found for S3 identifier:OzoneToken owner=dlfknslnfslf, renewer=, realUser=, issueDate=0, maxDate=0, sequenceNumber=0, masterKeyId=0, strToSign=AWS4-HMAC-SHA256
kdc_1       | Oct 14 09:38:30 kdc kadmind[15](Notice): Request: kadm5_create_principal, HTTP/scm@EXAMPLE.COM, success, client=admin/admin@EXAMPLE.COM, service=kadmin/admin@EXAMPLE.COM, addr=127.0.0.1
s3g_1       | 	at org.jboss.weld.context.unbound.DependentContextImpl.get(DependentContextImpl.java:70)
om_1        | 20191014T094535Z
