nm_1        | 2019-10-16 20:40:34 INFO  LocalizedResource:203 - Resource o3fs://bucket1.vol1/user/hadoop/.staging/job_1571258303610_0002/job.split(->/tmp/hadoop-hadoop/nm-local-dir/usercache/hadoop/appcache/application_1571258303610_0002/filecache/12/job.split) transitioned from DOWNLOADING to LOCALIZED
rm_1        | 2019-10-16 20:40:29 INFO  AMRMTokenSecretManager:124 - Application finished, removing password for appattempt_1571258303610_0001_000001
datanode_3  | 2019-10-16 20:38:43,048 INFO impl.FollowerState: ff2303cd-a2bc-4940-93ca-04862e3a24bc@group-FC3FDC979153-FollowerState was interrupted: java.lang.InterruptedException: sleep interrupted
datanode_1  | 2019-10-16 20:38:43,090 INFO impl.RoleInfo: 3d34db30-e25a-4f46-89fb-769ea42b368a: shutdown FollowerState
nm_1        | 2019-10-16 20:40:34 INFO  LocalizedResource:203 - Resource o3fs://bucket1.vol1/user/hadoop/.staging/job_1571258303610_0002/job.xml(->/tmp/hadoop-hadoop/nm-local-dir/usercache/hadoop/appcache/application_1571258303610_0002/filecache/13/job.xml) transitioned from DOWNLOADING to LOCALIZED
rm_1        | 2019-10-16 20:40:29 INFO  ParentQueue:585 - Re-sorting completed queue: root.default stats: default: capacity=1.0, absoluteCapacity=1.0, usedResources=<memory:0, vCores:0>, usedCapacity=0.0, absoluteUsedCapacity=0.0, numApps=1, numContainers=0
datanode_3  | 2019-10-16 20:38:43,048 INFO impl.RoleInfo: ff2303cd-a2bc-4940-93ca-04862e3a24bc: start FollowerState
datanode_1  | 2019-10-16 20:38:43,090 INFO impl.RoleInfo: 3d34db30-e25a-4f46-89fb-769ea42b368a: start FollowerState
datanode_2  | 2019-10-16 20:38:42,895 INFO impl.LeaderElection: 9287324b-3029-4ac6-b423-1f2eeb4fe5f2@group-FC3FDC979153-LeaderElection12: begin an election at term 16 for -1: [9287324b-3029-4ac6-b423-1f2eeb4fe5f2:172.18.0.3:9858, ff2303cd-a2bc-4940-93ca-04862e3a24bc:172.18.0.7:9858, 3d34db30-e25a-4f46-89fb-769ea42b368a:172.18.0.9:9858], old=null
nm_1        | 2019-10-16 20:40:34 INFO  ContainerImpl:1135 - Container container_1571258303610_0002_01_000001 transitioned from LOCALIZING to LOCALIZED
rm_1        | 2019-10-16 20:40:29 INFO  CapacityScheduler:1443 - Application attempt appattempt_1571258303610_0001_000001 released container container_1571258303610_0001_01_000001 on node: host: nm:45050 #containers=0 available=<memory:8192, vCores:8> used=<memory:0, vCores:0> with event: FINISHED
datanode_1  | 2019-10-16 20:38:43,090 INFO impl.FollowerState: 3d34db30-e25a-4f46-89fb-769ea42b368a@group-FC3FDC979153-FollowerState was interrupted: java.lang.InterruptedException: sleep interrupted
datanode_3  | 2019-10-16 20:38:43,093 INFO impl.RaftServerImpl: ff2303cd-a2bc-4940-93ca-04862e3a24bc@group-FC3FDC979153: changes role from  FOLLOWER to FOLLOWER at term 18 for recognizeCandidate:9287324b-3029-4ac6-b423-1f2eeb4fe5f2
nm_1        | 2019-10-16 20:40:34 INFO  ContainerImpl:1135 - Container container_1571258303610_0002_01_000001 transitioned from LOCALIZED to RUNNING
datanode_2  | 2019-10-16 20:38:42,986 INFO impl.LeaderElection: 9287324b-3029-4ac6-b423-1f2eeb4fe5f2@group-FC3FDC979153-LeaderElection12: Election REJECTED; received 2 response(s) [9287324b-3029-4ac6-b423-1f2eeb4fe5f2<-ff2303cd-a2bc-4940-93ca-04862e3a24bc#0:FAIL-t16, 9287324b-3029-4ac6-b423-1f2eeb4fe5f2<-3d34db30-e25a-4f46-89fb-769ea42b368a#0:FAIL-t16] and 0 exception(s); 9287324b-3029-4ac6-b423-1f2eeb4fe5f2@group-FC3FDC979153:t16, leader=null, voted=9287324b-3029-4ac6-b423-1f2eeb4fe5f2, raftlog=9287324b-3029-4ac6-b423-1f2eeb4fe5f2@group-FC3FDC979153-SegmentedRaftLog:OPENED:c-1,f-1,i0, conf=-1: [9287324b-3029-4ac6-b423-1f2eeb4fe5f2:172.18.0.3:9858, ff2303cd-a2bc-4940-93ca-04862e3a24bc:172.18.0.7:9858, 3d34db30-e25a-4f46-89fb-769ea42b368a:172.18.0.9:9858], old=null
rm_1        | 2019-10-16 20:40:29 INFO  RMAppAttemptImpl:815 - appattempt_1571258303610_0001_000001 State change from FINISHING to FINISHED
datanode_1  | 2019-10-16 20:38:43,203 INFO impl.RaftServerImpl: 3d34db30-e25a-4f46-89fb-769ea42b368a@group-FC3FDC979153: changes role from  FOLLOWER to FOLLOWER at term 19 for recognizeCandidate:9287324b-3029-4ac6-b423-1f2eeb4fe5f2
datanode_3  | 2019-10-16 20:38:43,094 INFO impl.RoleInfo: ff2303cd-a2bc-4940-93ca-04862e3a24bc: shutdown FollowerState
nm_1        | 2019-10-16 20:40:34 INFO  ContainersMonitorImpl:196 - Neither virutal-memory nor physical-memory monitoring is needed. Not running the monitor-thread
rm_1        | 2019-10-16 20:40:29 INFO  RMAppImpl:718 - application_1571258303610_0001 State change from FINISHING to FINISHED on event=ATTEMPT_FINISHED
datanode_3  | 2019-10-16 20:38:43,094 INFO impl.RoleInfo: ff2303cd-a2bc-4940-93ca-04862e3a24bc: start FollowerState
datanode_1  | 2019-10-16 20:38:43,203 INFO impl.RoleInfo: 3d34db30-e25a-4f46-89fb-769ea42b368a: shutdown FollowerState
datanode_2  | 2019-10-16 20:38:42,987 INFO impl.RaftServerImpl: 9287324b-3029-4ac6-b423-1f2eeb4fe5f2@group-FC3FDC979153: changes role from CANDIDATE to FOLLOWER at term 16 for DISCOVERED_A_NEW_TERM
nm_1        | 2019-10-16 20:40:34 INFO  DefaultContainerExecutor:268 - launchContainer: [bash, /tmp/hadoop-hadoop/nm-local-dir/usercache/hadoop/appcache/application_1571258303610_0002/container_1571258303610_0002_01_000001/default_container_executor.sh]
rm_1        | 2019-10-16 20:40:29 INFO  CapacityScheduler:882 - Application Attempt appattempt_1571258303610_0001_000001 is done. finalState=FINISHED
datanode_3  | 2019-10-16 20:38:43,094 INFO impl.FollowerState: ff2303cd-a2bc-4940-93ca-04862e3a24bc@group-FC3FDC979153-FollowerState was interrupted: java.lang.InterruptedException: sleep interrupted
datanode_1  | 2019-10-16 20:38:43,203 INFO impl.FollowerState: 3d34db30-e25a-4f46-89fb-769ea42b368a@group-FC3FDC979153-FollowerState was interrupted: java.lang.InterruptedException: sleep interrupted
datanode_2  | 2019-10-16 20:38:42,987 INFO impl.RoleInfo: 9287324b-3029-4ac6-b423-1f2eeb4fe5f2: shutdown LeaderElection
nm_1        | 2019-10-16 20:40:49 INFO  Server:1454 - Auth successful for appattempt_1571258303610_0002_000001 (auth:SIMPLE)
rm_1        | 2019-10-16 20:40:29 INFO  AppSchedulingInfo:115 - Application application_1571258303610_0001 requests cleared
datanode_1  | 2019-10-16 20:38:43,203 INFO impl.RoleInfo: 3d34db30-e25a-4f46-89fb-769ea42b368a: start FollowerState
datanode_3  | 2019-10-16 20:38:43,193 INFO impl.RaftServerImpl: ff2303cd-a2bc-4940-93ca-04862e3a24bc@group-FC3FDC979153: changes role from  FOLLOWER to FOLLOWER at term 19 for recognizeCandidate:9287324b-3029-4ac6-b423-1f2eeb4fe5f2
datanode_2  | 2019-10-16 20:38:42,987 INFO impl.RoleInfo: 9287324b-3029-4ac6-b423-1f2eeb4fe5f2: start FollowerState
nm_1        | 2019-10-16 20:40:49 INFO  ContainerManagerImpl:810 - Start request for container_1571258303610_0002_01_000002 by user hadoop
rm_1        | 2019-10-16 20:40:29 INFO  RMAuditLogger:158 - USER=hadoop	OPERATION=Application Finished - Succeeded	TARGET=RMAppManager	RESULT=SUCCESS	APPID=application_1571258303610_0001
datanode_1  | 2019-10-16 20:38:43,326 INFO impl.RaftServerImpl: 3d34db30-e25a-4f46-89fb-769ea42b368a@group-FC3FDC979153: changes role from  FOLLOWER to FOLLOWER at term 20 for recognizeCandidate:9287324b-3029-4ac6-b423-1f2eeb4fe5f2
datanode_3  | 2019-10-16 20:38:43,193 INFO impl.RoleInfo: ff2303cd-a2bc-4940-93ca-04862e3a24bc: shutdown FollowerState
datanode_2  | 2019-10-16 20:38:43,011 INFO impl.FollowerState: 9287324b-3029-4ac6-b423-1f2eeb4fe5f2@group-FC3FDC979153-FollowerState: change to CANDIDATE, lastRpcTime:23ms, electionTimeout:23ms
nm_1        | 2019-10-16 20:40:49 INFO  NMAuditLogger:89 - USER=hadoop	IP=172.18.0.5	OPERATION=Start Container Request	TARGET=ContainerManageImpl	RESULT=SUCCESS	APPID=application_1571258303610_0002	CONTAINERID=container_1571258303610_0002_01_000002
rm_1        | 2019-10-16 20:40:29 INFO  LeafQueue:729 - Application removed - appId: application_1571258303610_0001 user: hadoop queue: default #user-pending-applications: 0 #user-active-applications: 0 #queue-pending-applications: 0 #queue-active-applications: 0
datanode_1  | 2019-10-16 20:38:43,326 INFO impl.RoleInfo: 3d34db30-e25a-4f46-89fb-769ea42b368a: shutdown FollowerState
datanode_2  | 2019-10-16 20:38:43,012 INFO impl.RoleInfo: 9287324b-3029-4ac6-b423-1f2eeb4fe5f2: shutdown FollowerState
datanode_3  | 2019-10-16 20:38:43,193 INFO impl.RoleInfo: ff2303cd-a2bc-4940-93ca-04862e3a24bc: start FollowerState
nm_1        | 2019-10-16 20:40:49 INFO  ApplicationImpl:304 - Adding container_1571258303610_0002_01_000002 to application application_1571258303610_0002
rm_1        | 2019-10-16 20:40:29 INFO  ParentQueue:370 - Application removed - appId: application_1571258303610_0001 user: hadoop leaf-queue of parent: root #applications: 0
datanode_2  | 2019-10-16 20:38:43,012 INFO impl.RaftServerImpl: 9287324b-3029-4ac6-b423-1f2eeb4fe5f2@group-FC3FDC979153: changes role from  FOLLOWER to CANDIDATE at term 16 for changeToCandidate
datanode_3  | 2019-10-16 20:38:43,193 INFO impl.FollowerState: ff2303cd-a2bc-4940-93ca-04862e3a24bc@group-FC3FDC979153-FollowerState was interrupted: java.lang.InterruptedException: sleep interrupted
datanode_1  | 2019-10-16 20:38:43,327 INFO impl.FollowerState: 3d34db30-e25a-4f46-89fb-769ea42b368a@group-FC3FDC979153-FollowerState was interrupted: java.lang.InterruptedException: sleep interrupted
nm_1        | 2019-10-16 20:40:49 INFO  ContainerImpl:1135 - Container container_1571258303610_0002_01_000002 transitioned from NEW to LOCALIZING
rm_1        | 2019-10-16 20:40:29 INFO  RMAppManager$ApplicationSummary:186 - appId=application_1571258303610_0001,name=QuasiMonteCarlo,user=hadoop,queue=default,state=FINISHED,trackingUrl=http://rm:8088/proxy/application_1571258303610_0001/,appMasterHost=nm,startTime=1571258377781,finishTime=1571258422408,finalStatus=SUCCEEDED,memorySeconds=189079,vcoreSeconds=68,preemptedAMContainers=0,preemptedNonAMContainers=0,preemptedResources=<memory:0\, vCores:0>,applicationType=MAPREDUCE
datanode_2  | 2019-10-16 20:38:43,012 INFO impl.RoleInfo: 9287324b-3029-4ac6-b423-1f2eeb4fe5f2: start LeaderElection
datanode_3  | 2019-10-16 20:38:43,326 INFO impl.RaftServerImpl: ff2303cd-a2bc-4940-93ca-04862e3a24bc@group-FC3FDC979153: changes role from  FOLLOWER to FOLLOWER at term 20 for recognizeCandidate:9287324b-3029-4ac6-b423-1f2eeb4fe5f2
datanode_1  | 2019-10-16 20:38:43,327 INFO impl.RoleInfo: 3d34db30-e25a-4f46-89fb-769ea42b368a: start FollowerState
nm_1        | 2019-10-16 20:40:49 INFO  AuxServices:196 - Got event CONTAINER_INIT for appId application_1571258303610_0002
rm_1        | 2019-10-16 20:40:29 INFO  AMLauncher:263 - Cleaning master appattempt_1571258303610_0001_000001
datanode_2  | 2019-10-16 20:38:43,028 INFO impl.LeaderElection: 9287324b-3029-4ac6-b423-1f2eeb4fe5f2@group-FC3FDC979153-LeaderElection13: begin an election at term 17 for -1: [9287324b-3029-4ac6-b423-1f2eeb4fe5f2:172.18.0.3:9858, ff2303cd-a2bc-4940-93ca-04862e3a24bc:172.18.0.7:9858, 3d34db30-e25a-4f46-89fb-769ea42b368a:172.18.0.9:9858], old=null
datanode_3  | 2019-10-16 20:38:43,326 INFO impl.RoleInfo: ff2303cd-a2bc-4940-93ca-04862e3a24bc: shutdown FollowerState
datanode_1  | 2019-10-16 20:38:43,594 INFO impl.RaftServerImpl: 3d34db30-e25a-4f46-89fb-769ea42b368a@group-FC3FDC979153: changes role from  FOLLOWER to FOLLOWER at term 21 for recognizeCandidate:9287324b-3029-4ac6-b423-1f2eeb4fe5f2
nm_1        | 2019-10-16 20:40:49 INFO  AuxServices:196 - Got event APPLICATION_INIT for appId application_1571258303610_0002
rm_1        | 2019-10-16 20:40:31 INFO  ClientRMService:583 - Application with id 2 submitted by user hadoop
datanode_2  | 2019-10-16 20:38:43,044 INFO impl.LeaderElection: 9287324b-3029-4ac6-b423-1f2eeb4fe5f2@group-FC3FDC979153-LeaderElection13: Election TIMEOUT; received 0 response(s) [] and 0 exception(s); 9287324b-3029-4ac6-b423-1f2eeb4fe5f2@group-FC3FDC979153:t17, leader=null, voted=9287324b-3029-4ac6-b423-1f2eeb4fe5f2, raftlog=9287324b-3029-4ac6-b423-1f2eeb4fe5f2@group-FC3FDC979153-SegmentedRaftLog:OPENED:c-1,f-1,i0, conf=-1: [9287324b-3029-4ac6-b423-1f2eeb4fe5f2:172.18.0.3:9858, ff2303cd-a2bc-4940-93ca-04862e3a24bc:172.18.0.7:9858, 3d34db30-e25a-4f46-89fb-769ea42b368a:172.18.0.9:9858], old=null
datanode_3  | 2019-10-16 20:38:43,326 INFO impl.RoleInfo: ff2303cd-a2bc-4940-93ca-04862e3a24bc: start FollowerState
datanode_1  | 2019-10-16 20:38:43,594 INFO impl.RoleInfo: 3d34db30-e25a-4f46-89fb-769ea42b368a: shutdown FollowerState
nm_1        | 2019-10-16 20:40:49 INFO  AuxServices:200 - Got APPLICATION_INIT for service mapreduce_shuffle
rm_1        | 2019-10-16 20:40:31 INFO  RMAppImpl:977 - Storing application with id application_1571258303610_0002
datanode_2  | 2019-10-16 20:38:43,066 INFO impl.LeaderElection: 9287324b-3029-4ac6-b423-1f2eeb4fe5f2@group-FC3FDC979153-LeaderElection13: begin an election at term 18 for -1: [9287324b-3029-4ac6-b423-1f2eeb4fe5f2:172.18.0.3:9858, ff2303cd-a2bc-4940-93ca-04862e3a24bc:172.18.0.7:9858, 3d34db30-e25a-4f46-89fb-769ea42b368a:172.18.0.9:9858], old=null
datanode_3  | 2019-10-16 20:38:43,326 INFO impl.FollowerState: ff2303cd-a2bc-4940-93ca-04862e3a24bc@group-FC3FDC979153-FollowerState was interrupted: java.lang.InterruptedException: sleep interrupted
datanode_1  | 2019-10-16 20:38:43,595 INFO impl.RoleInfo: 3d34db30-e25a-4f46-89fb-769ea42b368a: start FollowerState
nm_1        | 2019-10-16 20:40:49 INFO  ShuffleHandler:677 - Added token for job_1571258303610_0002
rm_1        | 2019-10-16 20:40:31 INFO  RMAppImpl:718 - application_1571258303610_0002 State change from NEW to NEW_SAVING on event=START
datanode_2  | 2019-10-16 20:38:43,123 INFO impl.LeaderElection: 9287324b-3029-4ac6-b423-1f2eeb4fe5f2@group-FC3FDC979153-LeaderElection13: Election REJECTED; received 2 response(s) [9287324b-3029-4ac6-b423-1f2eeb4fe5f2<-ff2303cd-a2bc-4940-93ca-04862e3a24bc#0:FAIL-t18, 9287324b-3029-4ac6-b423-1f2eeb4fe5f2<-3d34db30-e25a-4f46-89fb-769ea42b368a#0:FAIL-t18] and 0 exception(s); 9287324b-3029-4ac6-b423-1f2eeb4fe5f2@group-FC3FDC979153:t18, leader=null, voted=9287324b-3029-4ac6-b423-1f2eeb4fe5f2, raftlog=9287324b-3029-4ac6-b423-1f2eeb4fe5f2@group-FC3FDC979153-SegmentedRaftLog:OPENED:c-1,f-1,i0, conf=-1: [9287324b-3029-4ac6-b423-1f2eeb4fe5f2:172.18.0.3:9858, ff2303cd-a2bc-4940-93ca-04862e3a24bc:172.18.0.7:9858, 3d34db30-e25a-4f46-89fb-769ea42b368a:172.18.0.9:9858], old=null
datanode_3  | 2019-10-16 20:38:43,599 INFO impl.RaftServerImpl: ff2303cd-a2bc-4940-93ca-04862e3a24bc@group-FC3FDC979153: changes role from  FOLLOWER to FOLLOWER at term 21 for recognizeCandidate:9287324b-3029-4ac6-b423-1f2eeb4fe5f2
datanode_1  | 2019-10-16 20:38:43,595 INFO impl.FollowerState: 3d34db30-e25a-4f46-89fb-769ea42b368a@group-FC3FDC979153-FollowerState was interrupted: java.lang.InterruptedException: sleep interrupted
nm_1        | 2019-10-16 20:40:49 INFO  ContainerImpl:1135 - Container container_1571258303610_0002_01_000002 transitioned from LOCALIZING to LOCALIZED
rm_1        | 2019-10-16 20:40:31 INFO  RMAuditLogger:158 - USER=hadoop	IP=172.18.0.8	OPERATION=Submit Application Request	TARGET=ClientRMService	RESULT=SUCCESS	APPID=application_1571258303610_0002
datanode_2  | 2019-10-16 20:38:43,123 INFO impl.RaftServerImpl: 9287324b-3029-4ac6-b423-1f2eeb4fe5f2@group-FC3FDC979153: changes role from CANDIDATE to FOLLOWER at term 18 for DISCOVERED_A_NEW_TERM
datanode_3  | 2019-10-16 20:38:43,599 INFO impl.RoleInfo: ff2303cd-a2bc-4940-93ca-04862e3a24bc: shutdown FollowerState
datanode_1  | 2019-10-16 20:38:43,756 INFO impl.RaftServerImpl: 3d34db30-e25a-4f46-89fb-769ea42b368a@group-FC3FDC979153: changes role from  FOLLOWER to FOLLOWER at term 22 for recognizeCandidate:9287324b-3029-4ac6-b423-1f2eeb4fe5f2
nm_1        | 2019-10-16 20:40:49 INFO  ContainerImpl:1135 - Container container_1571258303610_0002_01_000002 transitioned from LOCALIZED to RUNNING
rm_1        | 2019-10-16 20:40:31 INFO  RMStateStore:194 - Storing info for app: application_1571258303610_0002
datanode_2  | 2019-10-16 20:38:43,124 INFO impl.RoleInfo: 9287324b-3029-4ac6-b423-1f2eeb4fe5f2: shutdown LeaderElection
datanode_3  | 2019-10-16 20:38:43,600 INFO impl.RoleInfo: ff2303cd-a2bc-4940-93ca-04862e3a24bc: start FollowerState
datanode_1  | 2019-10-16 20:38:43,756 INFO impl.RoleInfo: 3d34db30-e25a-4f46-89fb-769ea42b368a: shutdown FollowerState
nm_1        | 2019-10-16 20:40:49 INFO  ContainersMonitorImpl:196 - Neither virutal-memory nor physical-memory monitoring is needed. Not running the monitor-thread
rm_1        | 2019-10-16 20:40:31 INFO  RMAppImpl:718 - application_1571258303610_0002 State change from NEW_SAVING to SUBMITTED on event=APP_NEW_SAVED
datanode_3  | 2019-10-16 20:38:43,600 INFO impl.FollowerState: ff2303cd-a2bc-4940-93ca-04862e3a24bc@group-FC3FDC979153-FollowerState was interrupted: java.lang.InterruptedException: sleep interrupted
datanode_2  | 2019-10-16 20:38:43,125 INFO impl.RoleInfo: 9287324b-3029-4ac6-b423-1f2eeb4fe5f2: start FollowerState
datanode_1  | 2019-10-16 20:38:43,756 INFO impl.RoleInfo: 3d34db30-e25a-4f46-89fb-769ea42b368a: start FollowerState
nm_1        | 2019-10-16 20:40:49 INFO  DefaultContainerExecutor:268 - launchContainer: [bash, /tmp/hadoop-hadoop/nm-local-dir/usercache/hadoop/appcache/application_1571258303610_0002/container_1571258303610_0002_01_000002/default_container_executor.sh]
rm_1        | 2019-10-16 20:40:31 INFO  ParentQueue:345 - Application added - appId: application_1571258303610_0002 user: hadoop leaf-queue of parent: root #applications: 1
datanode_2  | 2019-10-16 20:38:43,159 INFO impl.FollowerState: 9287324b-3029-4ac6-b423-1f2eeb4fe5f2@group-FC3FDC979153-FollowerState: change to CANDIDATE, lastRpcTime:34ms, electionTimeout:32ms
datanode_3  | 2019-10-16 20:38:43,756 INFO impl.RaftServerImpl: ff2303cd-a2bc-4940-93ca-04862e3a24bc@group-FC3FDC979153: changes role from  FOLLOWER to FOLLOWER at term 22 for recognizeCandidate:9287324b-3029-4ac6-b423-1f2eeb4fe5f2
datanode_1  | 2019-10-16 20:38:43,756 INFO impl.FollowerState: 3d34db30-e25a-4f46-89fb-769ea42b368a@group-FC3FDC979153-FollowerState was interrupted: java.lang.InterruptedException: sleep interrupted
nm_1        | 2019-10-16 20:40:54 INFO  Server:1454 - Auth successful for appattempt_1571258303610_0002_000001 (auth:SIMPLE)
rm_1        | 2019-10-16 20:40:31 INFO  CapacityScheduler:814 - Accepted application application_1571258303610_0002 from user: hadoop, in queue: default
datanode_2  | 2019-10-16 20:38:43,160 INFO impl.RoleInfo: 9287324b-3029-4ac6-b423-1f2eeb4fe5f2: shutdown FollowerState
datanode_3  | 2019-10-16 20:38:43,756 INFO impl.RoleInfo: ff2303cd-a2bc-4940-93ca-04862e3a24bc: shutdown FollowerState
nm_1        | 2019-10-16 20:40:54 INFO  ContainerManagerImpl:960 - Stopping container with container Id: container_1571258303610_0002_01_000002
rm_1        | 2019-10-16 20:40:31 INFO  RMAppImpl:718 - application_1571258303610_0002 State change from SUBMITTED to ACCEPTED on event=APP_ACCEPTED
datanode_2  | 2019-10-16 20:38:43,160 INFO impl.RaftServerImpl: 9287324b-3029-4ac6-b423-1f2eeb4fe5f2@group-FC3FDC979153: changes role from  FOLLOWER to CANDIDATE at term 18 for changeToCandidate
datanode_1  | 2019-10-16 20:38:44,638 INFO impl.RaftServerImpl: 3d34db30-e25a-4f46-89fb-769ea42b368a@group-FC3FDC979153: changes role from  FOLLOWER to FOLLOWER at term 23 for recognizeCandidate:9287324b-3029-4ac6-b423-1f2eeb4fe5f2
datanode_3  | 2019-10-16 20:38:43,756 INFO impl.RoleInfo: ff2303cd-a2bc-4940-93ca-04862e3a24bc: start FollowerState
nm_1        | 2019-10-16 20:40:54 INFO  NMAuditLogger:89 - USER=hadoop	IP=172.18.0.5	OPERATION=Stop Container Request	TARGET=ContainerManageImpl	RESULT=SUCCESS	APPID=application_1571258303610_0002	CONTAINERID=container_1571258303610_0002_01_000002
rm_1        | 2019-10-16 20:40:31 INFO  ApplicationMasterService:678 - Registering app attempt : appattempt_1571258303610_0002_000001
datanode_2  | 2019-10-16 20:38:43,160 INFO impl.RoleInfo: 9287324b-3029-4ac6-b423-1f2eeb4fe5f2: start LeaderElection
datanode_1  | 2019-10-16 20:38:44,638 INFO impl.RoleInfo: 3d34db30-e25a-4f46-89fb-769ea42b368a: shutdown FollowerState
datanode_3  | 2019-10-16 20:38:43,756 INFO impl.FollowerState: ff2303cd-a2bc-4940-93ca-04862e3a24bc@group-FC3FDC979153-FollowerState was interrupted: java.lang.InterruptedException: sleep interrupted
nm_1        | 2019-10-16 20:40:54 INFO  ContainerImpl:1135 - Container container_1571258303610_0002_01_000002 transitioned from RUNNING to KILLING
datanode_2  | 2019-10-16 20:38:43,176 INFO impl.LeaderElection: 9287324b-3029-4ac6-b423-1f2eeb4fe5f2@group-FC3FDC979153-LeaderElection14: begin an election at term 19 for -1: [9287324b-3029-4ac6-b423-1f2eeb4fe5f2:172.18.0.3:9858, ff2303cd-a2bc-4940-93ca-04862e3a24bc:172.18.0.7:9858, 3d34db30-e25a-4f46-89fb-769ea42b368a:172.18.0.9:9858], old=null
rm_1        | 2019-10-16 20:40:31 INFO  RMAppAttemptImpl:815 - appattempt_1571258303610_0002_000001 State change from NEW to SUBMITTED
datanode_1  | 2019-10-16 20:38:44,638 INFO impl.FollowerState: 3d34db30-e25a-4f46-89fb-769ea42b368a@group-FC3FDC979153-FollowerState was interrupted: java.lang.InterruptedException: sleep interrupted
datanode_3  | 2019-10-16 20:38:44,638 INFO impl.RaftServerImpl: ff2303cd-a2bc-4940-93ca-04862e3a24bc@group-FC3FDC979153: changes role from  FOLLOWER to FOLLOWER at term 23 for recognizeCandidate:9287324b-3029-4ac6-b423-1f2eeb4fe5f2
nm_1        | 2019-10-16 20:40:54 INFO  ContainerLaunch:370 - Cleaning up container container_1571258303610_0002_01_000002
datanode_2  | 2019-10-16 20:38:43,230 INFO impl.LeaderElection: 9287324b-3029-4ac6-b423-1f2eeb4fe5f2@group-FC3FDC979153-LeaderElection14: Election REJECTED; received 2 response(s) [9287324b-3029-4ac6-b423-1f2eeb4fe5f2<-ff2303cd-a2bc-4940-93ca-04862e3a24bc#0:FAIL-t19, 9287324b-3029-4ac6-b423-1f2eeb4fe5f2<-3d34db30-e25a-4f46-89fb-769ea42b368a#0:FAIL-t19] and 0 exception(s); 9287324b-3029-4ac6-b423-1f2eeb4fe5f2@group-FC3FDC979153:t19, leader=null, voted=9287324b-3029-4ac6-b423-1f2eeb4fe5f2, raftlog=9287324b-3029-4ac6-b423-1f2eeb4fe5f2@group-FC3FDC979153-SegmentedRaftLog:OPENED:c-1,f-1,i0, conf=-1: [9287324b-3029-4ac6-b423-1f2eeb4fe5f2:172.18.0.3:9858, ff2303cd-a2bc-4940-93ca-04862e3a24bc:172.18.0.7:9858, 3d34db30-e25a-4f46-89fb-769ea42b368a:172.18.0.9:9858], old=null
datanode_1  | 2019-10-16 20:38:44,638 INFO impl.RoleInfo: 3d34db30-e25a-4f46-89fb-769ea42b368a: start FollowerState
rm_1        | 2019-10-16 20:40:31 WARN  LeafQueue:632 - maximum-am-resource-percent is insufficient to start a single application in queue, it is likely set too low. skipping enforcement to allow at least one application to start
datanode_3  | 2019-10-16 20:38:44,638 INFO impl.RoleInfo: ff2303cd-a2bc-4940-93ca-04862e3a24bc: shutdown FollowerState
nm_1        | 2019-10-16 20:40:54 WARN  DefaultContainerExecutor:224 - Exit code from container container_1571258303610_0002_01_000002 is : 143
datanode_2  | 2019-10-16 20:38:43,230 INFO impl.RaftServerImpl: 9287324b-3029-4ac6-b423-1f2eeb4fe5f2@group-FC3FDC979153: changes role from CANDIDATE to FOLLOWER at term 19 for DISCOVERED_A_NEW_TERM
datanode_1  | 2019-10-16 20:38:44,709 INFO impl.RaftServerImpl: 3d34db30-e25a-4f46-89fb-769ea42b368a@group-FC3FDC979153: changes role from  FOLLOWER to FOLLOWER at term 24 for recognizeCandidate:9287324b-3029-4ac6-b423-1f2eeb4fe5f2
rm_1        | 2019-10-16 20:40:31 WARN  LeafQueue:653 - maximum-am-resource-percent is insufficient to start a single application in queue for user, it is likely set too low. skipping enforcement to allow at least one application to start
datanode_3  | 2019-10-16 20:38:44,638 INFO impl.RoleInfo: ff2303cd-a2bc-4940-93ca-04862e3a24bc: start FollowerState
nm_1        | 2019-10-16 20:40:54 INFO  ContainerImpl:1135 - Container container_1571258303610_0002_01_000002 transitioned from KILLING to CONTAINER_CLEANEDUP_AFTER_KILL
datanode_2  | 2019-10-16 20:38:43,230 INFO impl.RoleInfo: 9287324b-3029-4ac6-b423-1f2eeb4fe5f2: shutdown LeaderElection
datanode_1  | 2019-10-16 20:38:44,710 INFO impl.RoleInfo: 3d34db30-e25a-4f46-89fb-769ea42b368a: shutdown FollowerState
rm_1        | 2019-10-16 20:40:31 INFO  LeafQueue:667 - Application application_1571258303610_0002 from user: hadoop activated in queue: default
datanode_3  | 2019-10-16 20:38:44,638 INFO impl.FollowerState: ff2303cd-a2bc-4940-93ca-04862e3a24bc@group-FC3FDC979153-FollowerState was interrupted: java.lang.InterruptedException: sleep interrupted
nm_1        | 2019-10-16 20:40:54 INFO  NMAuditLogger:89 - USER=hadoop	OPERATION=Container Finished - Killed	TARGET=ContainerImpl	RESULT=SUCCESS	APPID=application_1571258303610_0002	CONTAINERID=container_1571258303610_0002_01_000002
datanode_2  | 2019-10-16 20:38:43,230 INFO impl.RoleInfo: 9287324b-3029-4ac6-b423-1f2eeb4fe5f2: start FollowerState
rm_1        | 2019-10-16 20:40:31 INFO  LeafQueue:683 - Application added - appId: application_1571258303610_0002 user: org.apache.hadoop.yarn.server.resourcemanager.scheduler.capacity.LeafQueue$User@235898bb, leaf-queue: default #user-pending-applications: 0 #user-active-applications: 1 #queue-pending-applications: 0 #queue-active-applications: 1
datanode_3  | 2019-10-16 20:38:44,711 INFO impl.RaftServerImpl: ff2303cd-a2bc-4940-93ca-04862e3a24bc@group-FC3FDC979153: changes role from  FOLLOWER to FOLLOWER at term 24 for recognizeCandidate:9287324b-3029-4ac6-b423-1f2eeb4fe5f2
datanode_2  | 2019-10-16 20:38:43,263 INFO impl.FollowerState: 9287324b-3029-4ac6-b423-1f2eeb4fe5f2@group-FC3FDC979153-FollowerState: change to CANDIDATE, lastRpcTime:32ms, electionTimeout:32ms
datanode_3  | 2019-10-16 20:38:44,711 INFO impl.RoleInfo: ff2303cd-a2bc-4940-93ca-04862e3a24bc: shutdown FollowerState
nm_1        | 2019-10-16 20:40:54 INFO  ContainerImpl:1135 - Container container_1571258303610_0002_01_000002 transitioned from CONTAINER_CLEANEDUP_AFTER_KILL to DONE
rm_1        | 2019-10-16 20:40:31 INFO  CapacityScheduler:843 - Added Application Attempt appattempt_1571258303610_0002_000001 to scheduler from user hadoop in queue default
datanode_1  | 2019-10-16 20:38:44,710 INFO impl.RoleInfo: 3d34db30-e25a-4f46-89fb-769ea42b368a: start FollowerState
datanode_3  | 2019-10-16 20:38:44,711 INFO impl.RoleInfo: ff2303cd-a2bc-4940-93ca-04862e3a24bc: start FollowerState
nm_1        | 2019-10-16 20:40:54 INFO  ApplicationImpl:347 - Removing container_1571258303610_0002_01_000002 from application application_1571258303610_0002
datanode_2  | 2019-10-16 20:38:43,263 INFO impl.RoleInfo: 9287324b-3029-4ac6-b423-1f2eeb4fe5f2: shutdown FollowerState
rm_1        | 2019-10-16 20:40:31 INFO  RMAppAttemptImpl:815 - appattempt_1571258303610_0002_000001 State change from SUBMITTED to SCHEDULED
datanode_3  | 2019-10-16 20:38:44,711 INFO impl.FollowerState: ff2303cd-a2bc-4940-93ca-04862e3a24bc@group-FC3FDC979153-FollowerState was interrupted: java.lang.InterruptedException: sleep interrupted
datanode_1  | 2019-10-16 20:38:44,710 INFO impl.FollowerState: 3d34db30-e25a-4f46-89fb-769ea42b368a@group-FC3FDC979153-FollowerState was interrupted: java.lang.InterruptedException: sleep interrupted
nm_1        | 2019-10-16 20:40:54 INFO  ContainersMonitorImpl:196 - Neither virutal-memory nor physical-memory monitoring is needed. Not running the monitor-thread
datanode_2  | 2019-10-16 20:38:43,264 INFO impl.RaftServerImpl: 9287324b-3029-4ac6-b423-1f2eeb4fe5f2@group-FC3FDC979153: changes role from  FOLLOWER to CANDIDATE at term 19 for changeToCandidate
rm_1        | 2019-10-16 20:40:32 INFO  RMContainerImpl:410 - container_1571258303610_0002_01_000001 Container Transitioned from NEW to ALLOCATED
datanode_1  | 2019-10-16 20:38:44,762 INFO impl.RaftServerImpl: 3d34db30-e25a-4f46-89fb-769ea42b368a@group-FC3FDC979153: changes role from  FOLLOWER to FOLLOWER at term 25 for recognizeCandidate:9287324b-3029-4ac6-b423-1f2eeb4fe5f2
datanode_3  | 2019-10-16 20:38:44,762 INFO impl.RaftServerImpl: ff2303cd-a2bc-4940-93ca-04862e3a24bc@group-FC3FDC979153: changes role from  FOLLOWER to FOLLOWER at term 25 for recognizeCandidate:9287324b-3029-4ac6-b423-1f2eeb4fe5f2
nm_1        | 2019-10-16 20:40:54 INFO  AuxServices:196 - Got event CONTAINER_STOP for appId application_1571258303610_0002
datanode_2  | 2019-10-16 20:38:43,264 INFO impl.RoleInfo: 9287324b-3029-4ac6-b423-1f2eeb4fe5f2: start LeaderElection
rm_1        | 2019-10-16 20:40:32 INFO  RMAuditLogger:116 - USER=hadoop	OPERATION=AM Allocated Container	TARGET=SchedulerApp	RESULT=SUCCESS	APPID=application_1571258303610_0002	CONTAINERID=container_1571258303610_0002_01_000001
datanode_1  | 2019-10-16 20:38:44,763 INFO impl.RoleInfo: 3d34db30-e25a-4f46-89fb-769ea42b368a: shutdown FollowerState
datanode_3  | 2019-10-16 20:38:44,762 INFO impl.RoleInfo: ff2303cd-a2bc-4940-93ca-04862e3a24bc: shutdown FollowerState
nm_1        | 2019-10-16 20:40:56 INFO  NodeStatusUpdaterImpl:490 - Removed completed containers from NM context: [container_1571258303610_0002_01_000002]
datanode_2  | 2019-10-16 20:38:43,303 INFO impl.LeaderElection: 9287324b-3029-4ac6-b423-1f2eeb4fe5f2@group-FC3FDC979153-LeaderElection15: begin an election at term 20 for -1: [9287324b-3029-4ac6-b423-1f2eeb4fe5f2:172.18.0.3:9858, ff2303cd-a2bc-4940-93ca-04862e3a24bc:172.18.0.7:9858, 3d34db30-e25a-4f46-89fb-769ea42b368a:172.18.0.9:9858], old=null
rm_1        | 2019-10-16 20:40:32 INFO  SchedulerNode:153 - Assigned container container_1571258303610_0002_01_000001 of capacity <memory:2048, vCores:1> on host nm:45050, which has 1 containers, <memory:2048, vCores:1> used and <memory:6144, vCores:7> available after allocation
datanode_1  | 2019-10-16 20:38:44,763 INFO impl.FollowerState: 3d34db30-e25a-4f46-89fb-769ea42b368a@group-FC3FDC979153-FollowerState was interrupted: java.lang.InterruptedException: sleep interrupted
nm_1        | 2019-10-16 20:40:56 INFO  Server:1454 - Auth successful for appattempt_1571258303610_0002_000001 (auth:SIMPLE)
datanode_3  | 2019-10-16 20:38:44,762 INFO impl.RoleInfo: ff2303cd-a2bc-4940-93ca-04862e3a24bc: start FollowerState
rm_1        | 2019-10-16 20:40:32 INFO  LeafQueue:1558 - assignedContainer application attempt=appattempt_1571258303610_0002_000001 container=Container: [ContainerId: container_1571258303610_0002_01_000001, NodeId: nm:45050, NodeHttpAddress: nm:8042, Resource: <memory:2048, vCores:1>, Priority: 0, Token: null, ] queue=default: capacity=1.0, absoluteCapacity=1.0, usedResources=<memory:0, vCores:0>, usedCapacity=0.0, absoluteUsedCapacity=0.0, numApps=1, numContainers=0 clusterResource=<memory:8192, vCores:8> type=OFF_SWITCH requestedPartition=
datanode_1  | 2019-10-16 20:38:44,763 INFO impl.RoleInfo: 3d34db30-e25a-4f46-89fb-769ea42b368a: start FollowerState
nm_1        | 2019-10-16 20:40:56 INFO  ContainerManagerImpl:810 - Start request for container_1571258303610_0002_01_000003 by user hadoop
datanode_3  | 2019-10-16 20:38:44,762 INFO impl.FollowerState: ff2303cd-a2bc-4940-93ca-04862e3a24bc@group-FC3FDC979153-FollowerState was interrupted: java.lang.InterruptedException: sleep interrupted
datanode_2  | 2019-10-16 20:38:43,368 INFO impl.LeaderElection: 9287324b-3029-4ac6-b423-1f2eeb4fe5f2@group-FC3FDC979153-LeaderElection15: Election REJECTED; received 2 response(s) [9287324b-3029-4ac6-b423-1f2eeb4fe5f2<-ff2303cd-a2bc-4940-93ca-04862e3a24bc#0:FAIL-t20, 9287324b-3029-4ac6-b423-1f2eeb4fe5f2<-3d34db30-e25a-4f46-89fb-769ea42b368a#0:FAIL-t20] and 0 exception(s); 9287324b-3029-4ac6-b423-1f2eeb4fe5f2@group-FC3FDC979153:t20, leader=null, voted=9287324b-3029-4ac6-b423-1f2eeb4fe5f2, raftlog=9287324b-3029-4ac6-b423-1f2eeb4fe5f2@group-FC3FDC979153-SegmentedRaftLog:OPENED:c-1,f-1,i0, conf=-1: [9287324b-3029-4ac6-b423-1f2eeb4fe5f2:172.18.0.3:9858, ff2303cd-a2bc-4940-93ca-04862e3a24bc:172.18.0.7:9858, 3d34db30-e25a-4f46-89fb-769ea42b368a:172.18.0.9:9858], old=null
rm_1        | 2019-10-16 20:40:32 INFO  ParentQueue:523 - Re-sorting assigned queue: root.default stats: default: capacity=1.0, absoluteCapacity=1.0, usedResources=<memory:2048, vCores:1>, usedCapacity=0.25, absoluteUsedCapacity=0.25, numApps=1, numContainers=1
datanode_1  | 2019-10-16 20:38:44,950 INFO impl.RaftServerImpl: 3d34db30-e25a-4f46-89fb-769ea42b368a@group-FC3FDC979153: changes role from  FOLLOWER to FOLLOWER at term 26 for recognizeCandidate:9287324b-3029-4ac6-b423-1f2eeb4fe5f2
nm_1        | 2019-10-16 20:40:56 INFO  NMAuditLogger:89 - USER=hadoop	IP=172.18.0.5	OPERATION=Start Container Request	TARGET=ContainerManageImpl	RESULT=SUCCESS	APPID=application_1571258303610_0002	CONTAINERID=container_1571258303610_0002_01_000003
datanode_3  | 2019-10-16 20:38:44,949 INFO impl.RaftServerImpl: ff2303cd-a2bc-4940-93ca-04862e3a24bc@group-FC3FDC979153: changes role from  FOLLOWER to FOLLOWER at term 26 for recognizeCandidate:9287324b-3029-4ac6-b423-1f2eeb4fe5f2
datanode_2  | 2019-10-16 20:38:43,368 INFO impl.RaftServerImpl: 9287324b-3029-4ac6-b423-1f2eeb4fe5f2@group-FC3FDC979153: changes role from CANDIDATE to FOLLOWER at term 20 for DISCOVERED_A_NEW_TERM
rm_1        | 2019-10-16 20:40:32 INFO  ParentQueue:420 - assignedContainer queue=root usedCapacity=0.25 absoluteUsedCapacity=0.25 used=<memory:2048, vCores:1> cluster=<memory:8192, vCores:8>
datanode_1  | 2019-10-16 20:38:44,950 INFO impl.RoleInfo: 3d34db30-e25a-4f46-89fb-769ea42b368a: shutdown FollowerState
nm_1        | 2019-10-16 20:40:56 INFO  ApplicationImpl:304 - Adding container_1571258303610_0002_01_000003 to application application_1571258303610_0002
datanode_3  | 2019-10-16 20:38:44,949 INFO impl.RoleInfo: ff2303cd-a2bc-4940-93ca-04862e3a24bc: shutdown FollowerState
datanode_2  | 2019-10-16 20:38:43,368 INFO impl.RoleInfo: 9287324b-3029-4ac6-b423-1f2eeb4fe5f2: shutdown LeaderElection
rm_1        | 2019-10-16 20:40:32 INFO  NMTokenSecretManagerInRM:200 - Sending NMToken for nodeId : nm:45050 for container : container_1571258303610_0002_01_000001
datanode_1  | 2019-10-16 20:38:44,951 INFO impl.RoleInfo: 3d34db30-e25a-4f46-89fb-769ea42b368a: start FollowerState
nm_1        | 2019-10-16 20:40:56 INFO  ContainerImpl:1135 - Container container_1571258303610_0002_01_000003 transitioned from NEW to LOCALIZING
datanode_2  | 2019-10-16 20:38:43,369 INFO impl.RoleInfo: 9287324b-3029-4ac6-b423-1f2eeb4fe5f2: start FollowerState
rm_1        | 2019-10-16 20:40:32 INFO  RMContainerImpl:410 - container_1571258303610_0002_01_000001 Container Transitioned from ALLOCATED to ACQUIRED
datanode_1  | 2019-10-16 20:38:44,951 INFO impl.FollowerState: 3d34db30-e25a-4f46-89fb-769ea42b368a@group-FC3FDC979153-FollowerState was interrupted: java.lang.InterruptedException: sleep interrupted
datanode_3  | 2019-10-16 20:38:44,949 INFO impl.RoleInfo: ff2303cd-a2bc-4940-93ca-04862e3a24bc: start FollowerState
nm_1        | 2019-10-16 20:40:56 INFO  AuxServices:196 - Got event CONTAINER_INIT for appId application_1571258303610_0002
datanode_2  | 2019-10-16 20:38:43,541 INFO impl.FollowerState: 9287324b-3029-4ac6-b423-1f2eeb4fe5f2@group-FC3FDC979153-FollowerState: change to CANDIDATE, lastRpcTime:172ms, electionTimeout:172ms
rm_1        | 2019-10-16 20:40:32 INFO  NMTokenSecretManagerInRM:146 - Clear node set for appattempt_1571258303610_0002_000001
datanode_3  | 2019-10-16 20:38:44,949 INFO impl.FollowerState: ff2303cd-a2bc-4940-93ca-04862e3a24bc@group-FC3FDC979153-FollowerState was interrupted: java.lang.InterruptedException: sleep interrupted
datanode_1  | 2019-10-16 20:38:45,118 INFO impl.RaftServerImpl: 3d34db30-e25a-4f46-89fb-769ea42b368a@group-FC3FDC979153: changes role from  FOLLOWER to FOLLOWER at term 27 for recognizeCandidate:9287324b-3029-4ac6-b423-1f2eeb4fe5f2
nm_1        | 2019-10-16 20:40:56 INFO  AuxServices:196 - Got event APPLICATION_INIT for appId application_1571258303610_0002
datanode_2  | 2019-10-16 20:38:43,542 INFO impl.RoleInfo: 9287324b-3029-4ac6-b423-1f2eeb4fe5f2: shutdown FollowerState
rm_1        | 2019-10-16 20:40:32 INFO  RMAppAttemptImpl:1924 - Storing attempt: AppId: application_1571258303610_0002 AttemptId: appattempt_1571258303610_0002_000001 MasterContainer: Container: [ContainerId: container_1571258303610_0002_01_000001, NodeId: nm:45050, NodeHttpAddress: nm:8042, Resource: <memory:2048, vCores:1>, Priority: 0, Token: Token { kind: ContainerToken, service: 172.18.0.5:45050 }, ]
datanode_3  | 2019-10-16 20:38:45,117 INFO impl.RaftServerImpl: ff2303cd-a2bc-4940-93ca-04862e3a24bc@group-FC3FDC979153: changes role from  FOLLOWER to FOLLOWER at term 27 for recognizeCandidate:9287324b-3029-4ac6-b423-1f2eeb4fe5f2
datanode_1  | 2019-10-16 20:38:45,119 INFO impl.RoleInfo: 3d34db30-e25a-4f46-89fb-769ea42b368a: shutdown FollowerState
nm_1        | 2019-10-16 20:40:56 INFO  AuxServices:200 - Got APPLICATION_INIT for service mapreduce_shuffle
datanode_2  | 2019-10-16 20:38:43,542 INFO impl.RaftServerImpl: 9287324b-3029-4ac6-b423-1f2eeb4fe5f2@group-FC3FDC979153: changes role from  FOLLOWER to CANDIDATE at term 20 for changeToCandidate
rm_1        | 2019-10-16 20:40:32 INFO  RMAppAttemptImpl:815 - appattempt_1571258303610_0002_000001 State change from SCHEDULED to ALLOCATED_SAVING
datanode_1  | 2019-10-16 20:38:45,119 INFO impl.RoleInfo: 3d34db30-e25a-4f46-89fb-769ea42b368a: start FollowerState
datanode_3  | 2019-10-16 20:38:45,117 INFO impl.RoleInfo: ff2303cd-a2bc-4940-93ca-04862e3a24bc: shutdown FollowerState
nm_1        | 2019-10-16 20:40:56 INFO  ShuffleHandler:677 - Added token for job_1571258303610_0002
datanode_2  | 2019-10-16 20:38:43,542 INFO impl.RoleInfo: 9287324b-3029-4ac6-b423-1f2eeb4fe5f2: start LeaderElection
rm_1        | 2019-10-16 20:40:32 INFO  RMAppAttemptImpl:815 - appattempt_1571258303610_0002_000001 State change from ALLOCATED_SAVING to ALLOCATED
datanode_1  | 2019-10-16 20:38:45,119 INFO impl.FollowerState: 3d34db30-e25a-4f46-89fb-769ea42b368a@group-FC3FDC979153-FollowerState was interrupted: java.lang.InterruptedException: sleep interrupted
datanode_3  | 2019-10-16 20:38:45,118 INFO impl.FollowerState: ff2303cd-a2bc-4940-93ca-04862e3a24bc@group-FC3FDC979153-FollowerState was interrupted: java.lang.InterruptedException: sleep interrupted
nm_1        | 2019-10-16 20:40:56 INFO  ContainerImpl:1135 - Container container_1571258303610_0002_01_000003 transitioned from LOCALIZING to LOCALIZED
datanode_2  | 2019-10-16 20:38:43,571 INFO impl.LeaderElection: 9287324b-3029-4ac6-b423-1f2eeb4fe5f2@group-FC3FDC979153-LeaderElection16: begin an election at term 21 for -1: [9287324b-3029-4ac6-b423-1f2eeb4fe5f2:172.18.0.3:9858, ff2303cd-a2bc-4940-93ca-04862e3a24bc:172.18.0.7:9858, 3d34db30-e25a-4f46-89fb-769ea42b368a:172.18.0.9:9858], old=null
rm_1        | 2019-10-16 20:40:32 INFO  AMLauncher:249 - Launching masterappattempt_1571258303610_0002_000001
datanode_1  | 2019-10-16 20:38:45,409 INFO impl.RaftServerImpl: 3d34db30-e25a-4f46-89fb-769ea42b368a@group-FC3FDC979153: changes role from  FOLLOWER to FOLLOWER at term 28 for recognizeCandidate:9287324b-3029-4ac6-b423-1f2eeb4fe5f2
datanode_3  | 2019-10-16 20:38:45,118 INFO impl.RoleInfo: ff2303cd-a2bc-4940-93ca-04862e3a24bc: start FollowerState
nm_1        | 2019-10-16 20:40:56 INFO  ContainerImpl:1135 - Container container_1571258303610_0002_01_000003 transitioned from LOCALIZED to RUNNING
datanode_2  | 2019-10-16 20:38:43,625 INFO impl.LeaderElection: 9287324b-3029-4ac6-b423-1f2eeb4fe5f2@group-FC3FDC979153-LeaderElection16: Election REJECTED; received 2 response(s) [9287324b-3029-4ac6-b423-1f2eeb4fe5f2<-ff2303cd-a2bc-4940-93ca-04862e3a24bc#0:FAIL-t21, 9287324b-3029-4ac6-b423-1f2eeb4fe5f2<-3d34db30-e25a-4f46-89fb-769ea42b368a#0:FAIL-t21] and 0 exception(s); 9287324b-3029-4ac6-b423-1f2eeb4fe5f2@group-FC3FDC979153:t21, leader=null, voted=9287324b-3029-4ac6-b423-1f2eeb4fe5f2, raftlog=9287324b-3029-4ac6-b423-1f2eeb4fe5f2@group-FC3FDC979153-SegmentedRaftLog:OPENED:c-1,f-1,i0, conf=-1: [9287324b-3029-4ac6-b423-1f2eeb4fe5f2:172.18.0.3:9858, ff2303cd-a2bc-4940-93ca-04862e3a24bc:172.18.0.7:9858, 3d34db30-e25a-4f46-89fb-769ea42b368a:172.18.0.9:9858], old=null
rm_1        | 2019-10-16 20:40:32 INFO  AMLauncher:105 - Setting up container Container: [ContainerId: container_1571258303610_0002_01_000001, NodeId: nm:45050, NodeHttpAddress: nm:8042, Resource: <memory:2048, vCores:1>, Priority: 0, Token: Token { kind: ContainerToken, service: 172.18.0.5:45050 }, ] for AM appattempt_1571258303610_0002_000001
datanode_1  | 2019-10-16 20:38:45,409 INFO impl.RoleInfo: 3d34db30-e25a-4f46-89fb-769ea42b368a: shutdown FollowerState
datanode_3  | 2019-10-16 20:38:45,409 INFO impl.RaftServerImpl: ff2303cd-a2bc-4940-93ca-04862e3a24bc@group-FC3FDC979153: changes role from  FOLLOWER to FOLLOWER at term 28 for recognizeCandidate:9287324b-3029-4ac6-b423-1f2eeb4fe5f2
nm_1        | 2019-10-16 20:40:56 INFO  ContainersMonitorImpl:196 - Neither virutal-memory nor physical-memory monitoring is needed. Not running the monitor-thread
datanode_2  | 2019-10-16 20:38:43,625 INFO impl.RaftServerImpl: 9287324b-3029-4ac6-b423-1f2eeb4fe5f2@group-FC3FDC979153: changes role from CANDIDATE to FOLLOWER at term 21 for DISCOVERED_A_NEW_TERM
rm_1        | 2019-10-16 20:40:32 INFO  AMLauncher:187 - Command to launch container container_1571258303610_0002_01_000001 : $JAVA_HOME/bin/java -Djava.io.tmpdir=$PWD/tmp -Dlog4j.configuration=container-log4j.properties -Dyarn.app.container.log.dir=<LOG_DIR> -Dyarn.app.container.log.filesize=0 -Dhadoop.root.logger=INFO,CLA -Dhadoop.root.logfile=syslog  -Xmx1024m org.apache.hadoop.mapreduce.v2.app.MRAppMaster 1><LOG_DIR>/stdout 2><LOG_DIR>/stderr 
datanode_1  | 2019-10-16 20:38:45,410 INFO impl.RoleInfo: 3d34db30-e25a-4f46-89fb-769ea42b368a: start FollowerState
datanode_3  | 2019-10-16 20:38:45,409 INFO impl.RoleInfo: ff2303cd-a2bc-4940-93ca-04862e3a24bc: shutdown FollowerState
nm_1        | 2019-10-16 20:40:56 INFO  DefaultContainerExecutor:268 - launchContainer: [bash, /tmp/hadoop-hadoop/nm-local-dir/usercache/hadoop/appcache/application_1571258303610_0002/container_1571258303610_0002_01_000003/default_container_executor.sh]
datanode_2  | 2019-10-16 20:38:43,625 INFO impl.RoleInfo: 9287324b-3029-4ac6-b423-1f2eeb4fe5f2: shutdown LeaderElection
rm_1        | 2019-10-16 20:40:32 INFO  AMRMTokenSecretManager:195 - Create AMRMToken for ApplicationAttempt: appattempt_1571258303610_0002_000001
datanode_1  | 2019-10-16 20:38:45,410 INFO impl.FollowerState: 3d34db30-e25a-4f46-89fb-769ea42b368a@group-FC3FDC979153-FollowerState was interrupted: java.lang.InterruptedException: sleep interrupted
datanode_3  | 2019-10-16 20:38:45,409 INFO impl.FollowerState: ff2303cd-a2bc-4940-93ca-04862e3a24bc@group-FC3FDC979153-FollowerState was interrupted: java.lang.InterruptedException: sleep interrupted
nm_1        | 2019-10-16 20:40:59 INFO  ShuffleHandler:1053 - Setting connection close header...
datanode_2  | 2019-10-16 20:38:43,626 INFO impl.RoleInfo: 9287324b-3029-4ac6-b423-1f2eeb4fe5f2: start FollowerState
datanode_1  | 2019-10-16 20:38:45,516 INFO impl.RaftServerImpl: 3d34db30-e25a-4f46-89fb-769ea42b368a@group-FC3FDC979153: changes role from  FOLLOWER to FOLLOWER at term 29 for recognizeCandidate:9287324b-3029-4ac6-b423-1f2eeb4fe5f2
rm_1        | 2019-10-16 20:40:32 INFO  AMRMTokenSecretManager:307 - Creating password for appattempt_1571258303610_0002_000001
datanode_1  | 2019-10-16 20:38:45,517 INFO impl.RoleInfo: 3d34db30-e25a-4f46-89fb-769ea42b368a: shutdown FollowerState
datanode_3  | 2019-10-16 20:38:45,409 INFO impl.RoleInfo: ff2303cd-a2bc-4940-93ca-04862e3a24bc: start FollowerState
nm_1        | 2019-10-16 20:41:01 INFO  Server:1454 - Auth successful for appattempt_1571258303610_0002_000001 (auth:SIMPLE)
datanode_2  | 2019-10-16 20:38:43,701 INFO impl.FollowerState: 9287324b-3029-4ac6-b423-1f2eeb4fe5f2@group-FC3FDC979153-FollowerState: change to CANDIDATE, lastRpcTime:75ms, electionTimeout:75ms
rm_1        | 2019-10-16 20:40:32 INFO  AMLauncher:126 - Done launching container Container: [ContainerId: container_1571258303610_0002_01_000001, NodeId: nm:45050, NodeHttpAddress: nm:8042, Resource: <memory:2048, vCores:1>, Priority: 0, Token: Token { kind: ContainerToken, service: 172.18.0.5:45050 }, ] for AM appattempt_1571258303610_0002_000001
datanode_1  | 2019-10-16 20:38:45,517 INFO impl.RoleInfo: 3d34db30-e25a-4f46-89fb-769ea42b368a: start FollowerState
datanode_3  | 2019-10-16 20:38:45,520 INFO impl.RaftServerImpl: ff2303cd-a2bc-4940-93ca-04862e3a24bc@group-FC3FDC979153: changes role from  FOLLOWER to FOLLOWER at term 29 for recognizeCandidate:9287324b-3029-4ac6-b423-1f2eeb4fe5f2
nm_1        | 2019-10-16 20:41:01 INFO  ContainerManagerImpl:960 - Stopping container with container Id: container_1571258303610_0002_01_000003
datanode_2  | 2019-10-16 20:38:43,702 INFO impl.RoleInfo: 9287324b-3029-4ac6-b423-1f2eeb4fe5f2: shutdown FollowerState
rm_1        | 2019-10-16 20:40:32 INFO  RMAppAttemptImpl:815 - appattempt_1571258303610_0002_000001 State change from ALLOCATED to LAUNCHED
datanode_1  | 2019-10-16 20:38:45,517 INFO impl.FollowerState: 3d34db30-e25a-4f46-89fb-769ea42b368a@group-FC3FDC979153-FollowerState was interrupted: java.lang.InterruptedException: sleep interrupted
datanode_3  | 2019-10-16 20:38:45,520 INFO impl.RoleInfo: ff2303cd-a2bc-4940-93ca-04862e3a24bc: shutdown FollowerState
nm_1        | 2019-10-16 20:41:01 INFO  NMAuditLogger:89 - USER=hadoop	IP=172.18.0.5	OPERATION=Stop Container Request	TARGET=ContainerManageImpl	RESULT=SUCCESS	APPID=application_1571258303610_0002	CONTAINERID=container_1571258303610_0002_01_000003
datanode_2  | 2019-10-16 20:38:43,702 INFO impl.RaftServerImpl: 9287324b-3029-4ac6-b423-1f2eeb4fe5f2@group-FC3FDC979153: changes role from  FOLLOWER to CANDIDATE at term 21 for changeToCandidate
rm_1        | 2019-10-16 20:40:33 INFO  RMContainerImpl:410 - container_1571258303610_0002_01_000001 Container Transitioned from ACQUIRED to RUNNING
datanode_1  | 2019-10-16 20:38:45,556 INFO impl.RaftServerImpl: 3d34db30-e25a-4f46-89fb-769ea42b368a@group-FC3FDC979153: changes role from  FOLLOWER to FOLLOWER at term 30 for recognizeCandidate:9287324b-3029-4ac6-b423-1f2eeb4fe5f2
datanode_3  | 2019-10-16 20:38:45,521 INFO impl.FollowerState: ff2303cd-a2bc-4940-93ca-04862e3a24bc@group-FC3FDC979153-FollowerState was interrupted: java.lang.InterruptedException: sleep interrupted
datanode_2  | 2019-10-16 20:38:43,702 INFO impl.RoleInfo: 9287324b-3029-4ac6-b423-1f2eeb4fe5f2: start LeaderElection
nm_1        | 2019-10-16 20:41:01 INFO  ContainerImpl:1135 - Container container_1571258303610_0002_01_000003 transitioned from RUNNING to KILLING
rm_1        | 2019-10-16 20:40:46 INFO  Server:1454 - Auth successful for appattempt_1571258303610_0002_000001 (auth:SIMPLE)
datanode_1  | 2019-10-16 20:38:45,556 INFO impl.RoleInfo: 3d34db30-e25a-4f46-89fb-769ea42b368a: shutdown FollowerState
datanode_3  | 2019-10-16 20:38:45,521 INFO impl.RoleInfo: ff2303cd-a2bc-4940-93ca-04862e3a24bc: start FollowerState
datanode_2  | 2019-10-16 20:38:43,732 INFO impl.LeaderElection: 9287324b-3029-4ac6-b423-1f2eeb4fe5f2@group-FC3FDC979153-LeaderElection17: begin an election at term 22 for -1: [9287324b-3029-4ac6-b423-1f2eeb4fe5f2:172.18.0.3:9858, ff2303cd-a2bc-4940-93ca-04862e3a24bc:172.18.0.7:9858, 3d34db30-e25a-4f46-89fb-769ea42b368a:172.18.0.9:9858], old=null
nm_1        | 2019-10-16 20:41:01 INFO  ContainerLaunch:370 - Cleaning up container container_1571258303610_0002_01_000003
rm_1        | 2019-10-16 20:40:46 INFO  ApplicationMasterService:274 - AM registration appattempt_1571258303610_0002_000001
datanode_1  | 2019-10-16 20:38:45,556 INFO impl.RoleInfo: 3d34db30-e25a-4f46-89fb-769ea42b368a: start FollowerState
datanode_3  | 2019-10-16 20:38:45,554 INFO impl.RaftServerImpl: ff2303cd-a2bc-4940-93ca-04862e3a24bc@group-FC3FDC979153: changes role from  FOLLOWER to FOLLOWER at term 30 for recognizeCandidate:9287324b-3029-4ac6-b423-1f2eeb4fe5f2
datanode_2  | 2019-10-16 20:38:43,786 INFO impl.LeaderElection: 9287324b-3029-4ac6-b423-1f2eeb4fe5f2@group-FC3FDC979153-LeaderElection17: Election REJECTED; received 2 response(s) [9287324b-3029-4ac6-b423-1f2eeb4fe5f2<-ff2303cd-a2bc-4940-93ca-04862e3a24bc#0:FAIL-t22, 9287324b-3029-4ac6-b423-1f2eeb4fe5f2<-3d34db30-e25a-4f46-89fb-769ea42b368a#0:FAIL-t22] and 0 exception(s); 9287324b-3029-4ac6-b423-1f2eeb4fe5f2@group-FC3FDC979153:t22, leader=null, voted=9287324b-3029-4ac6-b423-1f2eeb4fe5f2, raftlog=9287324b-3029-4ac6-b423-1f2eeb4fe5f2@group-FC3FDC979153-SegmentedRaftLog:OPENED:c-1,f-1,i0, conf=-1: [9287324b-3029-4ac6-b423-1f2eeb4fe5f2:172.18.0.3:9858, ff2303cd-a2bc-4940-93ca-04862e3a24bc:172.18.0.7:9858, 3d34db30-e25a-4f46-89fb-769ea42b368a:172.18.0.9:9858], old=null
nm_1        | 2019-10-16 20:41:01 WARN  DefaultContainerExecutor:224 - Exit code from container container_1571258303610_0002_01_000003 is : 143
rm_1        | 2019-10-16 20:40:46 INFO  RMAuditLogger:137 - USER=hadoop	IP=172.18.0.5	OPERATION=Register App Master	TARGET=ApplicationMasterService	RESULT=SUCCESS	APPID=application_1571258303610_0002	APPATTEMPTID=appattempt_1571258303610_0002_000001
datanode_1  | 2019-10-16 20:38:45,556 INFO impl.FollowerState: 3d34db30-e25a-4f46-89fb-769ea42b368a@group-FC3FDC979153-FollowerState was interrupted: java.lang.InterruptedException: sleep interrupted
datanode_3  | 2019-10-16 20:38:45,554 INFO impl.RoleInfo: ff2303cd-a2bc-4940-93ca-04862e3a24bc: shutdown FollowerState
datanode_2  | 2019-10-16 20:38:43,786 INFO impl.RaftServerImpl: 9287324b-3029-4ac6-b423-1f2eeb4fe5f2@group-FC3FDC979153: changes role from CANDIDATE to FOLLOWER at term 22 for DISCOVERED_A_NEW_TERM
rm_1        | 2019-10-16 20:40:46 INFO  RMAppAttemptImpl:815 - appattempt_1571258303610_0002_000001 State change from LAUNCHED to RUNNING
datanode_1  | 2019-10-16 20:38:45,771 INFO impl.RaftServerImpl: 3d34db30-e25a-4f46-89fb-769ea42b368a@group-FC3FDC979153: changes role from  FOLLOWER to FOLLOWER at term 31 for recognizeCandidate:9287324b-3029-4ac6-b423-1f2eeb4fe5f2
datanode_3  | 2019-10-16 20:38:45,554 INFO impl.RoleInfo: ff2303cd-a2bc-4940-93ca-04862e3a24bc: start FollowerState
datanode_2  | 2019-10-16 20:38:43,786 INFO impl.RoleInfo: 9287324b-3029-4ac6-b423-1f2eeb4fe5f2: shutdown LeaderElection
nm_1        | 2019-10-16 20:41:01 INFO  ContainerImpl:1135 - Container container_1571258303610_0002_01_000003 transitioned from KILLING to CONTAINER_CLEANEDUP_AFTER_KILL
