Attaching to ozonesecure-mr_datanode_3, ozonesecure-mr_nm_1, ozonesecure-mr_rm_1, ozonesecure-mr_om_1, ozonesecure-mr_s3g_1, jhs, ozonesecure-mr_kdc_1, ozonesecure-mr_datanode_2, ozonesecure-mr_kms_1, ozonesecure-mr_scm_1, ozonesecure-mr_datanode_1
datanode_3  | Sleeping for 5 seconds
datanode_3  | Setting up kerberos!!
datanode_3  | KDC ISSUER_SERVER => kdc:8081
datanode_3  | Sleeping for 5 seconds
datanode_3  | Got 200, KDC service ready!!
datanode_3  | Download dn/9b1549138998@EXAMPLE.COM keytab file to /etc/security/keytabs/dn.keytab
datanode_3  | --2019-10-16 20:59:29--  http://kdc:8081/keytab/9b1549138998/dn
datanode_3  | Resolving kdc (kdc)... 172.18.0.4
datanode_3  | Connecting to kdc (kdc)|172.18.0.4|:8081... connected.
datanode_3  | HTTP request sent, awaiting response... 200 OK
datanode_3  | Length: 158 [application/octet-stream]
nm_1        | Sleeping for 5 seconds
datanode_3  | Saving to: '/etc/security/keytabs/dn.keytab'
nm_1        | Setting up kerberos!!
om_1        | Sleeping for 5 seconds
datanode_3  | 
nm_1        | KDC ISSUER_SERVER => kdc:8081
datanode_3  |      0K                                                       100% 8.68M=0s
om_1        | Setting up kerberos!!
nm_1        | /opt/starter.sh: line 66: SLEEP_SECONDS: command not found
datanode_3  | 
om_1        | KDC ISSUER_SERVER => kdc:8081
rm_1        | Sleeping for 5 seconds
kdc_1       | Issuer is listening on : 8081krb5kdc: starting...
nm_1        | Sleeping for  seconds
jhs         | Sleeping for 5 seconds
datanode_3  | 2019-10-16 20:59:30 (8.68 MB/s) - '/etc/security/keytabs/dn.keytab' saved [158/158]
kms_1       | Sleeping for 5 seconds
om_1        | Sleeping for 5 seconds
s3g_1       | Sleeping for 5 seconds
rm_1        | Setting up kerberos!!
kdc_1       | kadmind: starting...
scm_1       | Sleeping for 5 seconds
nm_1        | Got 200, KDC service ready!!
jhs         | Setting up kerberos!!
datanode_3  | 
kms_1       | Setting up kerberos!!
datanode_1  | Sleeping for 5 seconds
om_1        | Got 200, KDC service ready!!
s3g_1       | Setting up kerberos!!
datanode_2  | Sleeping for 5 seconds
rm_1        | KDC ISSUER_SERVER => kdc:8081
kdc_1       | otp: Loaded
scm_1       | Setting up kerberos!!
nm_1        | Download dn/nm@EXAMPLE.COM keytab file to /etc/security/keytabs/dn.keytab
datanode_3  | Keytab name: FILE:/etc/security/keytabs/dn.keytab
kms_1       | KDC ISSUER_SERVER => kdc:8081
datanode_1  | Setting up kerberos!!
om_1        | Download dn/om@EXAMPLE.COM keytab file to /etc/security/keytabs/dn.keytab
s3g_1       | KDC ISSUER_SERVER => kdc:8081
datanode_2  | Setting up kerberos!!
rm_1        | /opt/starter.sh: line 66: SLEEP_SECONDS: command not found
kdc_1       | Oct 16 20:59:16 kdc krb5kdc[9](info): setting up network...
scm_1       | KDC ISSUER_SERVER => kdc:8081
jhs         | KDC ISSUER_SERVER => kdc:8081
nm_1        | --2019-10-16 20:59:27--  http://kdc:8081/keytab/nm/dn
datanode_3  | KVNO Timestamp         Principal
kms_1       | /opt/starter.sh: line 66: SLEEP_SECONDS: command not found
datanode_1  | KDC ISSUER_SERVER => kdc:8081
om_1        | --2019-10-16 20:59:29--  http://kdc:8081/keytab/om/dn
s3g_1       | Sleeping for 5 seconds
rm_1        | Sleeping for  seconds
kdc_1       | krb5kdc: setsockopt(9,IPV6_V6ONLY,1) worked
scm_1       | Sleeping for 5 seconds
nm_1        | Resolving kdc (kdc)... 172.18.0.4
jhs         | /opt/starter.sh: line 66: SLEEP_SECONDS: command not found
datanode_2  | KDC ISSUER_SERVER => kdc:8081
datanode_3  | ---- ----------------- --------------------------------------------------------
kms_1       | Sleeping for  seconds
datanode_1  | Sleeping for 5 seconds
om_1        | Resolving kdc (kdc)... 172.18.0.4
s3g_1       | Got 200, KDC service ready!!
rm_1        | Got 200, KDC service ready!!
kdc_1       | krb5kdc: setsockopt(11,IPV6_V6ONLY,1) worked
scm_1       | Got 200, KDC service ready!!
nm_1        | Connecting to kdc (kdc)|172.18.0.4|:8081... connected.
jhs         | Sleeping for  seconds
datanode_2  | Sleeping for 5 seconds
datanode_3  |    2 10/16/19 20:59:30 dn/9b1549138998@EXAMPLE.COM
kms_1       | Got 200, KDC service ready!!
datanode_1  | Got 200, KDC service ready!!
om_1        | Connecting to kdc (kdc)|172.18.0.4|:8081... connected.
s3g_1       | Download dn/s3g@EXAMPLE.COM keytab file to /etc/security/keytabs/dn.keytab
rm_1        | Download dn/rm@EXAMPLE.COM keytab file to /etc/security/keytabs/dn.keytab
kdc_1       | Oct 16 20:59:16 kdc krb5kdc[9](info): set up 4 sockets
scm_1       | Download dn/scm@EXAMPLE.COM keytab file to /etc/security/keytabs/dn.keytab
nm_1        | HTTP request sent, awaiting response... 200 OK
jhs         | Got 200, KDC service ready!!
datanode_2  | Got 200, KDC service ready!!
datanode_3  |    2 10/16/19 20:59:30 dn/9b1549138998@EXAMPLE.COM
kms_1       | Download dn/e2f0c0655480@EXAMPLE.COM keytab file to /etc/security/keytabs/dn.keytab
datanode_1  | Download dn/ea59c816b51f@EXAMPLE.COM keytab file to /etc/security/keytabs/dn.keytab
om_1        | HTTP request sent, awaiting response... 200 OK
s3g_1       | --2019-10-16 20:59:29--  http://kdc:8081/keytab/s3g/dn
rm_1        | --2019-10-16 20:59:29--  http://kdc:8081/keytab/rm/dn
kdc_1       | Oct 16 20:59:16 kdc krb5kdc[9](info): commencing operation
scm_1       | --2019-10-16 20:59:26--  http://kdc:8081/keytab/scm/dn
nm_1        | Length: 138 [application/octet-stream]
jhs         | Download dn/jhs@EXAMPLE.COM keytab file to /etc/security/keytabs/dn.keytab
datanode_2  | Download dn/c86392bda315@EXAMPLE.COM keytab file to /etc/security/keytabs/dn.keytab
datanode_3  | Download om/9b1549138998@EXAMPLE.COM keytab file to /etc/security/keytabs/om.keytab
kms_1       | --2019-10-16 20:59:27--  http://kdc:8081/keytab/e2f0c0655480/dn
datanode_1  | --2019-10-16 20:59:27--  http://kdc:8081/keytab/ea59c816b51f/dn
s3g_1       | Resolving kdc (kdc)... 172.18.0.4
rm_1        | Resolving kdc (kdc)... 172.18.0.4
om_1        | Length: 138 [application/octet-stream]
kdc_1       | Oct 16 20:59:04 a7ffabddb3c9 kadmin.local[1](info): No dictionary file specified, continuing without one.
scm_1       | Resolving kdc (kdc)... 172.18.0.4
nm_1        | Saving to: '/etc/security/keytabs/dn.keytab'
jhs         | --2019-10-16 20:59:27--  http://kdc:8081/keytab/jhs/dn
datanode_2  | --2019-10-16 20:59:27--  http://kdc:8081/keytab/c86392bda315/dn
datanode_3  | --2019-10-16 20:59:30--  http://kdc:8081/keytab/9b1549138998/om
kms_1       | Resolving kdc (kdc)... 172.18.0.4
datanode_1  | Resolving kdc (kdc)... 172.18.0.4
s3g_1       | Connecting to kdc (kdc)|172.18.0.4|:8081... connected.
om_1        | Saving to: '/etc/security/keytabs/dn.keytab'
rm_1        | Connecting to kdc (kdc)|172.18.0.4|:8081... connected.
kdc_1       | Oct 16 20:59:06 8124857901db kadmin.local[1](info): No dictionary file specified, continuing without one.
nm_1        | 
scm_1       | Connecting to kdc (kdc)|172.18.0.4|:8081... connected.
jhs         | Resolving kdc (kdc)... 172.18.0.4
datanode_2  | Resolving kdc (kdc)... 172.18.0.4
datanode_3  | Resolving kdc (kdc)... 172.18.0.4
datanode_1  | Connecting to kdc (kdc)|172.18.0.4|:8081... connected.
om_1        | 
s3g_1       | HTTP request sent, awaiting response... 200 OK
kms_1       | Connecting to kdc (kdc)|172.18.0.4|:8081... connected.
rm_1        | HTTP request sent, awaiting response... 200 OK
kdc_1       | Oct 16 20:59:20 kdc kadmind[15](info): No dictionary file specified, continuing without one.
nm_1        |      0K                                                       100% 8.87M=0s
scm_1       | HTTP request sent, awaiting response... 200 OK
jhs         | Connecting to kdc (kdc)|172.18.0.4|:8081... connected.
datanode_2  | Connecting to kdc (kdc)|172.18.0.4|:8081... connected.
datanode_3  | Connecting to kdc (kdc)|172.18.0.4|:8081... connected.
om_1        |      0K                                                       100% 10.7M=0s
s3g_1       | Length: 140 [application/octet-stream]
rm_1        | Length: 138 [application/octet-stream]
kms_1       | HTTP request sent, awaiting response... 200 OK
datanode_1  | HTTP request sent, awaiting response... 200 OK
nm_1        | 
scm_1       | Length: 140 [application/octet-stream]
kdc_1       | Oct 16 20:59:20 kdc kadmind[15](info): setting up network...
jhs         | HTTP request sent, awaiting response... 200 OK
datanode_2  | HTTP request sent, awaiting response... 200 OK
datanode_3  | HTTP request sent, awaiting response... 200 OK
om_1        | 
s3g_1       | Saving to: '/etc/security/keytabs/dn.keytab'
rm_1        | Saving to: '/etc/security/keytabs/dn.keytab'
kms_1       | Length: 158 [application/octet-stream]
datanode_1  | Length: 158 [application/octet-stream]
nm_1        | 2019-10-16 20:59:28 (8.87 MB/s) - '/etc/security/keytabs/dn.keytab' saved [138/138]
scm_1       | Saving to: '/etc/security/keytabs/dn.keytab'
jhs         | Length: 140 [application/octet-stream]
kdc_1       | kadmind: setsockopt(9,IPV6_V6ONLY,1) worked
datanode_3  | Length: 158 [application/octet-stream]
s3g_1       | 
om_1        | 2019-10-16 20:59:31 (10.7 MB/s) - '/etc/security/keytabs/dn.keytab' saved [138/138]
datanode_2  | Length: 158 [application/octet-stream]
rm_1        | 
kms_1       | Saving to: '/etc/security/keytabs/dn.keytab'
datanode_1  | Saving to: '/etc/security/keytabs/dn.keytab'
nm_1        | 
scm_1       | 
jhs         | Saving to: '/etc/security/keytabs/dn.keytab'
kdc_1       | kadmind: setsockopt(11,IPV6_V6ONLY,1) worked
datanode_3  | Saving to: '/etc/security/keytabs/om.keytab'
s3g_1       |      0K                                                       100% 10.6M=0s
om_1        | 
datanode_2  | Saving to: '/etc/security/keytabs/dn.keytab'
rm_1        |      0K                                                       100% 11.9M=0s
kms_1       | 
datanode_1  | 
nm_1        | Keytab name: FILE:/etc/security/keytabs/dn.keytab
scm_1       |      0K                                                       100% 11.4M=0s
jhs         | 
kdc_1       | kadmind: setsockopt(13,IPV6_V6ONLY,1) worked
datanode_3  | 
s3g_1       | 
datanode_2  | 
rm_1        | 
kms_1       |      0K                                                       100% 11.9M=0s
datanode_1  |      0K                                                       100% 13.8M=0s
om_1        | Keytab name: FILE:/etc/security/keytabs/dn.keytab
nm_1        | KVNO Timestamp         Principal
scm_1       | 
jhs         |      0K                                                       100% 17.2M=0s
kdc_1       | Oct 16 20:59:20 kdc kadmind[15](info): set up 6 sockets
s3g_1       | 2019-10-16 20:59:30 (10.6 MB/s) - '/etc/security/keytabs/dn.keytab' saved [140/140]
datanode_3  |      0K                                                       100% 15.8M=0s
datanode_2  |      0K                                                       100% 11.7M=0s
datanode_1  | 
om_1        | KVNO Timestamp         Principal
nm_1        | ---- ----------------- --------------------------------------------------------
scm_1       | 2019-10-16 20:59:27 (11.4 MB/s) - '/etc/security/keytabs/dn.keytab' saved [140/140]
kms_1       | 
jhs         | 
kdc_1       | Oct 16 20:59:21 kdc kadmind[15](info): Seeding random number generator
s3g_1       | 
datanode_3  | 
rm_1        | 2019-10-16 20:59:30 (11.9 MB/s) - '/etc/security/keytabs/dn.keytab' saved [138/138]
datanode_2  | 
om_1        | ---- ----------------- --------------------------------------------------------
nm_1        |    2 10/16/19 20:59:28 dn/nm@EXAMPLE.COM
datanode_1  | 2019-10-16 20:59:27 (13.8 MB/s) - '/etc/security/keytabs/dn.keytab' saved [158/158]
scm_1       | 
kms_1       | 2019-10-16 20:59:28 (11.9 MB/s) - '/etc/security/keytabs/dn.keytab' saved [158/158]
jhs         | 2019-10-16 20:59:27 (17.2 MB/s) - '/etc/security/keytabs/dn.keytab' saved [140/140]
kdc_1       | Oct 16 20:59:21 kdc kadmind[15](info): starting
s3g_1       | Keytab name: FILE:/etc/security/keytabs/dn.keytab
datanode_3  | 2019-10-16 20:59:32 (15.8 MB/s) - '/etc/security/keytabs/om.keytab' saved [158/158]
rm_1        | 
datanode_2  | 2019-10-16 20:59:27 (11.7 MB/s) - '/etc/security/keytabs/dn.keytab' saved [158/158]
datanode_1  | 
nm_1        |    2 10/16/19 20:59:28 dn/nm@EXAMPLE.COM
kms_1       | 
scm_1       | Keytab name: FILE:/etc/security/keytabs/dn.keytab
om_1        |    2 10/16/19 20:59:30 dn/om@EXAMPLE.COM
jhs         | 
kdc_1       | Generiting keytab
s3g_1       | KVNO Timestamp         Principal
datanode_3  | 
rm_1        | Keytab name: FILE:/etc/security/keytabs/dn.keytab
datanode_2  | 
datanode_1  | Keytab name: FILE:/etc/security/keytabs/dn.keytab
nm_1        | Download om/nm@EXAMPLE.COM keytab file to /etc/security/keytabs/om.keytab
kms_1       | Keytab name: FILE:/etc/security/keytabs/dn.keytab
scm_1       | KVNO Timestamp         Principal
om_1        |    2 10/16/19 20:59:31 dn/om@EXAMPLE.COM
jhs         | Keytab name: FILE:/etc/security/keytabs/dn.keytab
s3g_1       | ---- ----------------- --------------------------------------------------------
datanode_3  | Keytab name: FILE:/etc/security/keytabs/om.keytab
rm_1        | KVNO Timestamp         Principal
datanode_2  | Keytab name: FILE:/etc/security/keytabs/dn.keytab
datanode_1  | KVNO Timestamp         Principal
kdc_1       | Authenticating as principal admin/admin with keytab /tmp/admin.keytab.
nm_1        | --2019-10-16 20:59:28--  http://kdc:8081/keytab/nm/om
kms_1       | KVNO Timestamp         Principal
scm_1       | ---- ----------------- --------------------------------------------------------
om_1        | Download om/om@EXAMPLE.COM keytab file to /etc/security/keytabs/om.keytab
jhs         | KVNO Timestamp         Principal
s3g_1       |    2 10/16/19 20:59:30 dn/s3g@EXAMPLE.COM
datanode_3  | KVNO Timestamp         Principal
rm_1        | ---- ----------------- --------------------------------------------------------
datanode_2  | KVNO Timestamp         Principal
datanode_1  | ---- ----------------- --------------------------------------------------------
kdc_1       | WARNING: no policy specified for test/test@EXAMPLE.COM; defaulting to no policy
nm_1        | Resolving kdc (kdc)... 172.18.0.4
kms_1       | ---- ----------------- --------------------------------------------------------
scm_1       |    2 10/16/19 20:59:27 dn/scm@EXAMPLE.COM
om_1        | --2019-10-16 20:59:31--  http://kdc:8081/keytab/om/om
jhs         | ---- ----------------- --------------------------------------------------------
s3g_1       |    2 10/16/19 20:59:30 dn/s3g@EXAMPLE.COM
datanode_3  | ---- ----------------- --------------------------------------------------------
rm_1        |    2 10/16/19 20:59:30 dn/rm@EXAMPLE.COM
datanode_2  | ---- ----------------- --------------------------------------------------------
datanode_1  |    2 10/16/19 20:59:27 dn/ea59c816b51f@EXAMPLE.COM
kdc_1       | Principal "test/test@EXAMPLE.COM" created.
nm_1        | Connecting to kdc (kdc)|172.18.0.4|:8081... connected.
scm_1       |    2 10/16/19 20:59:27 dn/scm@EXAMPLE.COM
kms_1       |    2 10/16/19 20:59:28 dn/e2f0c0655480@EXAMPLE.COM
om_1        | Resolving kdc (kdc)... 172.18.0.4
jhs         |    2 10/16/19 20:59:27 dn/jhs@EXAMPLE.COM
s3g_1       | Download om/s3g@EXAMPLE.COM keytab file to /etc/security/keytabs/om.keytab
datanode_3  |    2 10/16/19 20:59:32 om/9b1549138998@EXAMPLE.COM
rm_1        |    2 10/16/19 20:59:30 dn/rm@EXAMPLE.COM
datanode_2  |    2 10/16/19 20:59:27 dn/c86392bda315@EXAMPLE.COM
datanode_1  |    2 10/16/19 20:59:27 dn/ea59c816b51f@EXAMPLE.COM
kdc_1       | Authenticating as principal admin/admin with keytab /tmp/admin.keytab.
nm_1        | HTTP request sent, awaiting response... 200 OK
scm_1       | Download om/scm@EXAMPLE.COM keytab file to /etc/security/keytabs/om.keytab
kms_1       |    2 10/16/19 20:59:28 dn/e2f0c0655480@EXAMPLE.COM
om_1        | Connecting to kdc (kdc)|172.18.0.4|:8081... connected.
jhs         |    2 10/16/19 20:59:27 dn/jhs@EXAMPLE.COM
s3g_1       | --2019-10-16 20:59:30--  http://kdc:8081/keytab/s3g/om
datanode_3  |    2 10/16/19 20:59:32 om/9b1549138998@EXAMPLE.COM
rm_1        | Download om/rm@EXAMPLE.COM keytab file to /etc/security/keytabs/om.keytab
datanode_2  |    2 10/16/19 20:59:27 dn/c86392bda315@EXAMPLE.COM
datanode_1  | Download om/ea59c816b51f@EXAMPLE.COM keytab file to /etc/security/keytabs/om.keytab
kdc_1       | Oct 16 20:59:26 kdc kadmind[15](Notice): Request: kadm5_init, admin/admin@EXAMPLE.COM, success, client=admin/admin@EXAMPLE.COM, service=kadmin/admin@EXAMPLE.COM, addr=127.0.0.1, vers=4, flavor=6
nm_1        | Length: 138 [application/octet-stream]
scm_1       | --2019-10-16 20:59:27--  http://kdc:8081/keytab/scm/om
kms_1       | Download om/e2f0c0655480@EXAMPLE.COM keytab file to /etc/security/keytabs/om.keytab
om_1        | HTTP request sent, awaiting response... 200 OK
jhs         | Download om/jhs@EXAMPLE.COM keytab file to /etc/security/keytabs/om.keytab
s3g_1       | Resolving kdc (kdc)... 172.18.0.4
datanode_3  | Download scm/9b1549138998@EXAMPLE.COM keytab file to /etc/security/keytabs/scm.keytab
rm_1        | --2019-10-16 20:59:30--  http://kdc:8081/keytab/rm/om
datanode_2  | Download om/c86392bda315@EXAMPLE.COM keytab file to /etc/security/keytabs/om.keytab
rm_1        | Resolving kdc (kdc)... 172.18.0.4
kdc_1       | Oct 16 20:59:26 kdc kadmind[15](Notice): Request: kadm5_get_policy, default, Policy does not exist, client=admin/admin@EXAMPLE.COM, service=kadmin/admin@EXAMPLE.COM, addr=127.0.0.1
nm_1        | Saving to: '/etc/security/keytabs/om.keytab'
scm_1       | Resolving kdc (kdc)... 172.18.0.4
om_1        | Length: 138 [application/octet-stream]
kms_1       | --2019-10-16 20:59:28--  http://kdc:8081/keytab/e2f0c0655480/om
s3g_1       | Connecting to kdc (kdc)|172.18.0.4|:8081... connected.
jhs         | --2019-10-16 20:59:27--  http://kdc:8081/keytab/jhs/om
datanode_3  | --2019-10-16 20:59:32--  http://kdc:8081/keytab/9b1549138998/scm
datanode_1  | --2019-10-16 20:59:27--  http://kdc:8081/keytab/ea59c816b51f/om
datanode_2  | --2019-10-16 20:59:27--  http://kdc:8081/keytab/c86392bda315/om
rm_1        | Connecting to kdc (kdc)|172.18.0.4|:8081... connected.
nm_1        | 
kdc_1       | Oct 16 20:59:26 kdc kadmind[15](Notice): Request: kadm5_create_principal, test/test@EXAMPLE.COM, success, client=admin/admin@EXAMPLE.COM, service=kadmin/admin@EXAMPLE.COM, addr=127.0.0.1
scm_1       | Connecting to kdc (kdc)|172.18.0.4|:8081... connected.
om_1        | Saving to: '/etc/security/keytabs/om.keytab'
kms_1       | Resolving kdc (kdc)... 172.18.0.4
s3g_1       | HTTP request sent, awaiting response... 200 OK
jhs         | Resolving kdc (kdc)... 172.18.0.4
datanode_3  | Resolving kdc (kdc)... 172.18.0.4
datanode_1  | Resolving kdc (kdc)... 172.18.0.4
datanode_2  | Resolving kdc (kdc)... 172.18.0.4
rm_1        | HTTP request sent, awaiting response... 200 OK
nm_1        |      0K                                                       100% 10.1M=0s
kdc_1       | Oct 16 20:59:26 kdc kadmind[15](info): closing down fd 18
scm_1       | HTTP request sent, awaiting response... 200 OK
om_1        | 
kms_1       | Connecting to kdc (kdc)|172.18.0.4|:8081... connected.
s3g_1       | Length: 140 [application/octet-stream]
jhs         | Connecting to kdc (kdc)|172.18.0.4|:8081... connected.
datanode_3  | Connecting to kdc (kdc)|172.18.0.4|:8081... connected.
datanode_1  | Connecting to kdc (kdc)|172.18.0.4|:8081... connected.
datanode_2  | Connecting to kdc (kdc)|172.18.0.4|:8081... connected.
rm_1        | Length: 138 [application/octet-stream]
nm_1        | 
kdc_1       | Oct 16 20:59:26 kdc krb5kdc[9](info): AS_REQ (8 etypes {18 17 20 19 16 23 25 26}) 127.0.0.1: SERVER_NOT_FOUND: admin/admin@EXAMPLE.COM for kadmin/localhost@EXAMPLE.COM, Server not found in Kerberos database
scm_1       | Length: 140 [application/octet-stream]
om_1        |      0K                                                       100% 9.91M=0s
s3g_1       | Saving to: '/etc/security/keytabs/om.keytab'
kms_1       | HTTP request sent, awaiting response... 200 OK
jhs         | HTTP request sent, awaiting response... 200 OK
datanode_3  | HTTP request sent, awaiting response... 200 OK
datanode_1  | HTTP request sent, awaiting response... 200 OK
datanode_2  | HTTP request sent, awaiting response... 200 OK
rm_1        | Saving to: '/etc/security/keytabs/om.keytab'
nm_1        | 2019-10-16 20:59:30 (10.1 MB/s) - '/etc/security/keytabs/om.keytab' saved [138/138]
kdc_1       | Oct 16 20:59:26 kdc krb5kdc[9](info): AS_REQ (8 etypes {18 17 20 19 16 23 25 26}) 127.0.0.1: ISSUE: authtime 1571259566, etypes {rep=18 tkt=18 ses=18}, admin/admin@EXAMPLE.COM for kadmin/admin@EXAMPLE.COM
scm_1       | Saving to: '/etc/security/keytabs/om.keytab'
om_1        | 
s3g_1       | 
kms_1       | Length: 158 [application/octet-stream]
jhs         | Length: 140 [application/octet-stream]
datanode_3  | Length: 160 [application/octet-stream]
datanode_2  | Length: 158 [application/octet-stream]
datanode_1  | Length: 158 [application/octet-stream]
rm_1        | 
nm_1        | 
kdc_1       | Oct 16 20:59:26 kdc krb5kdc[9](info): AS_REQ (8 etypes {18 17 20 19 16 23 25 26}) 127.0.0.1: SERVER_NOT_FOUND: admin/admin@EXAMPLE.COM for kadmin/localhost@EXAMPLE.COM, Server not found in Kerberos database
scm_1       | 
om_1        | 2019-10-16 20:59:33 (9.91 MB/s) - '/etc/security/keytabs/om.keytab' saved [138/138]
s3g_1       |      0K                                                       100% 11.1M=0s
kms_1       | Saving to: '/etc/security/keytabs/om.keytab'
jhs         | Saving to: '/etc/security/keytabs/om.keytab'
datanode_3  | Saving to: '/etc/security/keytabs/scm.keytab'
datanode_2  | Saving to: '/etc/security/keytabs/om.keytab'
datanode_1  | Saving to: '/etc/security/keytabs/om.keytab'
rm_1        |      0K                                                       100% 12.6M=0s
nm_1        | Keytab name: FILE:/etc/security/keytabs/om.keytab
kdc_1       | Oct 16 20:59:26 kdc krb5kdc[9](info): AS_REQ (8 etypes {18 17 20 19 16 23 25 26}) 127.0.0.1: ISSUE: authtime 1571259566, etypes {rep=18 tkt=18 ses=18}, admin/admin@EXAMPLE.COM for kadmin/admin@EXAMPLE.COM
scm_1       |      0K                                                       100% 11.9M=0s
om_1        | 
s3g_1       | 
kms_1       | 
jhs         | 
datanode_3  | 
datanode_2  | 
datanode_1  | 
rm_1        | 
nm_1        | KVNO Timestamp         Principal
kdc_1       | Entry for principal test/test@EXAMPLE.COM with kvno 2, encryption type aes256-cts-hmac-sha1-96 added to keytab WRFILE:/data/test.test.keytab.
scm_1       | 
om_1        | Keytab name: FILE:/etc/security/keytabs/om.keytab
s3g_1       | 2019-10-16 20:59:32 (11.1 MB/s) - '/etc/security/keytabs/om.keytab' saved [140/140]
kms_1       |      0K                                                       100% 13.4M=0s
jhs         |      0K                                                       100% 12.5M=0s
datanode_3  |      0K                                                       100% 15.8M=0s
datanode_2  |      0K                                                       100% 12.8M=0s
datanode_1  |      0K                                                       100% 11.5M=0s
rm_1        | 2019-10-16 20:59:32 (12.6 MB/s) - '/etc/security/keytabs/om.keytab' saved [138/138]
nm_1        | ---- ----------------- --------------------------------------------------------
kdc_1       | Entry for principal test/test@EXAMPLE.COM with kvno 2, encryption type aes128-cts-hmac-sha1-96 added to keytab WRFILE:/data/test.test.keytab.
scm_1       | 2019-10-16 20:59:27 (11.9 MB/s) - '/etc/security/keytabs/om.keytab' saved [140/140]
om_1        | KVNO Timestamp         Principal
s3g_1       | 
kms_1       | 
jhs         | 
datanode_3  | 
datanode_2  | 
datanode_1  | 
rm_1        | 
nm_1        |    2 10/16/19 20:59:30 om/nm@EXAMPLE.COM
kdc_1       | Generiting keytab
scm_1       | 
om_1        | ---- ----------------- --------------------------------------------------------
s3g_1       | Keytab name: FILE:/etc/security/keytabs/om.keytab
kms_1       | 2019-10-16 20:59:29 (13.4 MB/s) - '/etc/security/keytabs/om.keytab' saved [158/158]
jhs         | 2019-10-16 20:59:29 (12.5 MB/s) - '/etc/security/keytabs/om.keytab' saved [140/140]
datanode_3  | 2019-10-16 20:59:34 (15.8 MB/s) - '/etc/security/keytabs/scm.keytab' saved [160/160]
datanode_2  | 2019-10-16 20:59:28 (12.8 MB/s) - '/etc/security/keytabs/om.keytab' saved [158/158]
datanode_1  | 2019-10-16 20:59:28 (11.5 MB/s) - '/etc/security/keytabs/om.keytab' saved [158/158]
rm_1        | Keytab name: FILE:/etc/security/keytabs/om.keytab
nm_1        |    2 10/16/19 20:59:30 om/nm@EXAMPLE.COM
scm_1       | Keytab name: FILE:/etc/security/keytabs/om.keytab
kdc_1       | Authenticating as principal admin/admin with keytab /tmp/admin.keytab.
om_1        |    2 10/16/19 20:59:32 om/om@EXAMPLE.COM
s3g_1       | KVNO Timestamp         Principal
kms_1       | 
jhs         | 
datanode_3  | 
datanode_2  | 
datanode_1  | 
rm_1        | KVNO Timestamp         Principal
nm_1        | Download scm/nm@EXAMPLE.COM keytab file to /etc/security/keytabs/scm.keytab
scm_1       | KVNO Timestamp         Principal
kdc_1       | WARNING: no policy specified for dn/scm@EXAMPLE.COM; defaulting to no policy
om_1        |    2 10/16/19 20:59:33 om/om@EXAMPLE.COM
s3g_1       | ---- ----------------- --------------------------------------------------------
kms_1       | Keytab name: FILE:/etc/security/keytabs/om.keytab
jhs         | Keytab name: FILE:/etc/security/keytabs/om.keytab
datanode_3  | Keytab name: FILE:/etc/security/keytabs/scm.keytab
datanode_2  | Keytab name: FILE:/etc/security/keytabs/om.keytab
datanode_1  | Keytab name: FILE:/etc/security/keytabs/om.keytab
rm_1        | ---- ----------------- --------------------------------------------------------
nm_1        | --2019-10-16 20:59:30--  http://kdc:8081/keytab/nm/scm
scm_1       | ---- ----------------- --------------------------------------------------------
kdc_1       | Principal "dn/scm@EXAMPLE.COM" created.
om_1        | Download scm/om@EXAMPLE.COM keytab file to /etc/security/keytabs/scm.keytab
s3g_1       |    2 10/16/19 20:59:32 om/s3g@EXAMPLE.COM
kms_1       | KVNO Timestamp         Principal
datanode_3  | KVNO Timestamp         Principal
jhs         | KVNO Timestamp         Principal
datanode_2  | KVNO Timestamp         Principal
datanode_1  | KVNO Timestamp         Principal
rm_1        |    2 10/16/19 20:59:32 om/rm@EXAMPLE.COM
nm_1        | Resolving kdc (kdc)... 172.18.0.4
scm_1       |    2 10/16/19 20:59:27 om/scm@EXAMPLE.COM
kdc_1       | Authenticating as principal admin/admin with keytab /tmp/admin.keytab.
om_1        | --2019-10-16 20:59:33--  http://kdc:8081/keytab/om/scm
s3g_1       |    2 10/16/19 20:59:32 om/s3g@EXAMPLE.COM
kms_1       | ---- ----------------- --------------------------------------------------------
datanode_3  | ---- ----------------- --------------------------------------------------------
jhs         | ---- ----------------- --------------------------------------------------------
datanode_2  | ---- ----------------- --------------------------------------------------------
datanode_1  | ---- ----------------- --------------------------------------------------------
rm_1        |    2 10/16/19 20:59:32 om/rm@EXAMPLE.COM
nm_1        | Connecting to kdc (kdc)|172.18.0.4|:8081... connected.
scm_1       |    2 10/16/19 20:59:27 om/scm@EXAMPLE.COM
kdc_1       | Entry for principal dn/scm@EXAMPLE.COM with kvno 2, encryption type aes256-cts-hmac-sha1-96 added to keytab WRFILE:/data/dn.scm.keytab.
om_1        | Resolving kdc (kdc)... 172.18.0.4
s3g_1       | Download scm/s3g@EXAMPLE.COM keytab file to /etc/security/keytabs/scm.keytab
kms_1       |    2 10/16/19 20:59:29 om/e2f0c0655480@EXAMPLE.COM
datanode_3  |    2 10/16/19 20:59:34 scm/9b1549138998@EXAMPLE.COM
jhs         |    2 10/16/19 20:59:29 om/jhs@EXAMPLE.COM
datanode_2  |    2 10/16/19 20:59:28 om/c86392bda315@EXAMPLE.COM
datanode_1  |    2 10/16/19 20:59:28 om/ea59c816b51f@EXAMPLE.COM
nm_1        | HTTP request sent, awaiting response... 200 OK
kdc_1       | Entry for principal dn/scm@EXAMPLE.COM with kvno 2, encryption type aes128-cts-hmac-sha1-96 added to keytab WRFILE:/data/dn.scm.keytab.
scm_1       | Download scm/scm@EXAMPLE.COM keytab file to /etc/security/keytabs/scm.keytab
rm_1        | Download scm/rm@EXAMPLE.COM keytab file to /etc/security/keytabs/scm.keytab
om_1        | Connecting to kdc (kdc)|172.18.0.4|:8081... connected.
kms_1       |    2 10/16/19 20:59:29 om/e2f0c0655480@EXAMPLE.COM
datanode_3  |    2 10/16/19 20:59:34 scm/9b1549138998@EXAMPLE.COM
s3g_1       | --2019-10-16 20:59:32--  http://kdc:8081/keytab/s3g/scm
datanode_2  |    2 10/16/19 20:59:28 om/c86392bda315@EXAMPLE.COM
datanode_1  |    2 10/16/19 20:59:28 om/ea59c816b51f@EXAMPLE.COM
jhs         |    2 10/16/19 20:59:29 om/jhs@EXAMPLE.COM
kdc_1       | Generiting keytab
nm_1        | Length: 140 [application/octet-stream]
scm_1       | --2019-10-16 20:59:27--  http://kdc:8081/keytab/scm/scm
rm_1        | --2019-10-16 20:59:32--  http://kdc:8081/keytab/rm/scm
om_1        | HTTP request sent, awaiting response... 200 OK
kms_1       | Download scm/e2f0c0655480@EXAMPLE.COM keytab file to /etc/security/keytabs/scm.keytab
datanode_3  | Download HTTP/9b1549138998@EXAMPLE.COM keytab file to /etc/security/keytabs/HTTP.keytab
s3g_1       | Resolving kdc (kdc)... 172.18.0.4
datanode_2  | Download scm/c86392bda315@EXAMPLE.COM keytab file to /etc/security/keytabs/scm.keytab
datanode_1  | Download scm/ea59c816b51f@EXAMPLE.COM keytab file to /etc/security/keytabs/scm.keytab
jhs         | Download scm/jhs@EXAMPLE.COM keytab file to /etc/security/keytabs/scm.keytab
kdc_1       | Authenticating as principal admin/admin with keytab /tmp/admin.keytab.
nm_1        | Saving to: '/etc/security/keytabs/scm.keytab'
scm_1       | Resolving kdc (kdc)... 172.18.0.4
rm_1        | Resolving kdc (kdc)... 172.18.0.4
om_1        | Length: 140 [application/octet-stream]
kms_1       | --2019-10-16 20:59:29--  http://kdc:8081/keytab/e2f0c0655480/scm
datanode_3  | --2019-10-16 20:59:34--  http://kdc:8081/keytab/9b1549138998/HTTP
s3g_1       | Connecting to kdc (kdc)|172.18.0.4|:8081... connected.
datanode_2  | --2019-10-16 20:59:28--  http://kdc:8081/keytab/c86392bda315/scm
jhs         | --2019-10-16 20:59:29--  http://kdc:8081/keytab/jhs/scm
datanode_1  | --2019-10-16 20:59:28--  http://kdc:8081/keytab/ea59c816b51f/scm
kdc_1       | WARNING: no policy specified for dn/ea59c816b51f@EXAMPLE.COM; defaulting to no policy
nm_1        | 
scm_1       | Connecting to kdc (kdc)|172.18.0.4|:8081... connected.
rm_1        | Connecting to kdc (kdc)|172.18.0.4|:8081... connected.
om_1        | Saving to: '/etc/security/keytabs/scm.keytab'
kms_1       | Resolving kdc (kdc)... 172.18.0.4
datanode_3  | Resolving kdc (kdc)... 172.18.0.4
s3g_1       | HTTP request sent, awaiting response... 200 OK
datanode_2  | Resolving kdc (kdc)... 172.18.0.4
jhs         | Resolving kdc (kdc)... 172.18.0.4
datanode_1  | Resolving kdc (kdc)... 172.18.0.4
kdc_1       | Principal "dn/ea59c816b51f@EXAMPLE.COM" created.
nm_1        |      0K                                                       100% 16.0M=0s
scm_1       | HTTP request sent, awaiting response... 200 OK
rm_1        | HTTP request sent, awaiting response... 200 OK
om_1        | 
kms_1       | Connecting to kdc (kdc)|172.18.0.4|:8081... connected.
datanode_3  | Connecting to kdc (kdc)|172.18.0.4|:8081... connected.
s3g_1       | Length: 142 [application/octet-stream]
datanode_2  | Connecting to kdc (kdc)|172.18.0.4|:8081... connected.
jhs         | Connecting to kdc (kdc)|172.18.0.4|:8081... connected.
datanode_1  | Connecting to kdc (kdc)|172.18.0.4|:8081... connected.
kdc_1       | Authenticating as principal admin/admin with keytab /tmp/admin.keytab.
nm_1        | 
scm_1       | Length: 142 [application/octet-stream]
rm_1        | Length: 140 [application/octet-stream]
om_1        |      0K                                                       100% 12.2M=0s
kms_1       | HTTP request sent, awaiting response... 200 OK
datanode_3  | HTTP request sent, awaiting response... 200 OK
s3g_1       | Saving to: '/etc/security/keytabs/scm.keytab'
datanode_2  | HTTP request sent, awaiting response... 200 OK
jhs         | HTTP request sent, awaiting response... 200 OK
datanode_1  | HTTP request sent, awaiting response... 200 OK
kdc_1       | Entry for principal dn/ea59c816b51f@EXAMPLE.COM with kvno 2, encryption type aes256-cts-hmac-sha1-96 added to keytab WRFILE:/data/dn.ea59c816b51f.keytab.
nm_1        | 2019-10-16 20:59:32 (16.0 MB/s) - '/etc/security/keytabs/scm.keytab' saved [140/140]
scm_1       | Saving to: '/etc/security/keytabs/scm.keytab'
rm_1        | Saving to: '/etc/security/keytabs/scm.keytab'
kms_1       | Length: 160 [application/octet-stream]
om_1        | 
datanode_3  | Length: 162 [application/octet-stream]
s3g_1       | 
datanode_2  | Length: 160 [application/octet-stream]
jhs         | Length: 142 [application/octet-stream]
datanode_1  | Length: 160 [application/octet-stream]
kdc_1       | Entry for principal dn/ea59c816b51f@EXAMPLE.COM with kvno 2, encryption type aes128-cts-hmac-sha1-96 added to keytab WRFILE:/data/dn.ea59c816b51f.keytab.
nm_1        | 
scm_1       | 
rm_1        | 
kms_1       | Saving to: '/etc/security/keytabs/scm.keytab'
om_1        | 2019-10-16 20:59:35 (12.2 MB/s) - '/etc/security/keytabs/scm.keytab' saved [140/140]
datanode_3  | Saving to: '/etc/security/keytabs/HTTP.keytab'
s3g_1       |      0K                                                       100% 12.0M=0s
datanode_2  | Saving to: '/etc/security/keytabs/scm.keytab'
jhs         | Saving to: '/etc/security/keytabs/scm.keytab'
datanode_1  | Saving to: '/etc/security/keytabs/scm.keytab'
kdc_1       | Generiting keytab
nm_1        | Keytab name: FILE:/etc/security/keytabs/scm.keytab
scm_1       |      0K                                                       100% 12.0M=0s
rm_1        |      0K                                                       100% 4.09M=0s
kms_1       | 
om_1        | 
datanode_3  | 
s3g_1       | 
datanode_2  | 
jhs         | 
datanode_1  | 
kdc_1       | Authenticating as principal admin/admin with keytab /tmp/admin.keytab.
nm_1        | KVNO Timestamp         Principal
scm_1       | 
rm_1        | 
kms_1       |      0K                                                       100% 17.5M=0s
om_1        | Keytab name: FILE:/etc/security/keytabs/scm.keytab
datanode_3  |      0K                                                       100% 14.5M=0s
s3g_1       | 2019-10-16 20:59:34 (12.0 MB/s) - '/etc/security/keytabs/scm.keytab' saved [142/142]
datanode_2  |      0K                                                       100% 6.60M=0s
jhs         |      0K                                                       100% 10.8M=0s
datanode_1  |      0K                                                       100% 10.8M=0s
kdc_1       | WARNING: no policy specified for dn/c86392bda315@EXAMPLE.COM; defaulting to no policy
nm_1        | ---- ----------------- --------------------------------------------------------
rm_1        | 2019-10-16 20:59:34 (4.09 MB/s) - '/etc/security/keytabs/scm.keytab' saved [140/140]
scm_1       | 2019-10-16 20:59:28 (12.0 MB/s) - '/etc/security/keytabs/scm.keytab' saved [142/142]
kms_1       | 
om_1        | KVNO Timestamp         Principal
datanode_3  | 
datanode_2  | 
jhs         | 
s3g_1       | 
datanode_1  | 
kdc_1       | Principal "dn/c86392bda315@EXAMPLE.COM" created.
nm_1        |    2 10/16/19 20:59:31 scm/nm@EXAMPLE.COM
rm_1        | 
scm_1       | 
kms_1       | 2019-10-16 20:59:31 (17.5 MB/s) - '/etc/security/keytabs/scm.keytab' saved [160/160]
om_1        | ---- ----------------- --------------------------------------------------------
datanode_3  | 2019-10-16 20:59:36 (14.5 MB/s) - '/etc/security/keytabs/HTTP.keytab' saved [162/162]
datanode_2  | 2019-10-16 20:59:29 (6.60 MB/s) - '/etc/security/keytabs/scm.keytab' saved [160/160]
jhs         | 2019-10-16 20:59:30 (10.8 MB/s) - '/etc/security/keytabs/scm.keytab' saved [142/142]
s3g_1       | Keytab name: FILE:/etc/security/keytabs/scm.keytab
datanode_1  | 2019-10-16 20:59:29 (10.8 MB/s) - '/etc/security/keytabs/scm.keytab' saved [160/160]
kdc_1       | Authenticating as principal admin/admin with keytab /tmp/admin.keytab.
nm_1        |    2 10/16/19 20:59:32 scm/nm@EXAMPLE.COM
rm_1        | Keytab name: FILE:/etc/security/keytabs/scm.keytab
kms_1       | 
om_1        |    2 10/16/19 20:59:35 scm/om@EXAMPLE.COM
scm_1       | Keytab name: FILE:/etc/security/keytabs/scm.keytab
datanode_3  | 
datanode_2  | 
jhs         | 
s3g_1       | KVNO Timestamp         Principal
datanode_1  | 
kdc_1       | Entry for principal dn/c86392bda315@EXAMPLE.COM with kvno 2, encryption type aes256-cts-hmac-sha1-96 added to keytab WRFILE:/data/dn.c86392bda315.keytab.
nm_1        | Download HTTP/nm@EXAMPLE.COM keytab file to /etc/security/keytabs/HTTP.keytab
rm_1        | KVNO Timestamp         Principal
kms_1       | Keytab name: FILE:/etc/security/keytabs/scm.keytab
om_1        |    2 10/16/19 20:59:35 scm/om@EXAMPLE.COM
scm_1       | KVNO Timestamp         Principal
datanode_3  | Keytab name: FILE:/etc/security/keytabs/HTTP.keytab
datanode_2  | Keytab name: FILE:/etc/security/keytabs/scm.keytab
jhs         | Keytab name: FILE:/etc/security/keytabs/scm.keytab
s3g_1       | ---- ----------------- --------------------------------------------------------
datanode_1  | Keytab name: FILE:/etc/security/keytabs/scm.keytab
kdc_1       | Entry for principal dn/c86392bda315@EXAMPLE.COM with kvno 2, encryption type aes128-cts-hmac-sha1-96 added to keytab WRFILE:/data/dn.c86392bda315.keytab.
nm_1        | --2019-10-16 20:59:32--  http://kdc:8081/keytab/nm/HTTP
rm_1        | ---- ----------------- --------------------------------------------------------
kms_1       | KVNO Timestamp         Principal
om_1        | Download HTTP/om@EXAMPLE.COM keytab file to /etc/security/keytabs/HTTP.keytab
datanode_3  | KVNO Timestamp         Principal
scm_1       | ---- ----------------- --------------------------------------------------------
datanode_2  | KVNO Timestamp         Principal
jhs         | KVNO Timestamp         Principal
s3g_1       |    2 10/16/19 20:59:34 scm/s3g@EXAMPLE.COM
datanode_1  | KVNO Timestamp         Principal
kdc_1       | Generiting keytab
nm_1        | Resolving kdc (kdc)... 172.18.0.4
rm_1        |    2 10/16/19 20:59:34 scm/rm@EXAMPLE.COM
kms_1       | ---- ----------------- --------------------------------------------------------
datanode_3  | ---- ----------------- --------------------------------------------------------
scm_1       |    2 10/16/19 20:59:28 scm/scm@EXAMPLE.COM
datanode_2  | ---- ----------------- --------------------------------------------------------
jhs         | ---- ----------------- --------------------------------------------------------
om_1        | --2019-10-16 20:59:35--  http://kdc:8081/keytab/om/HTTP
s3g_1       |    2 10/16/19 20:59:34 scm/s3g@EXAMPLE.COM
datanode_1  | ---- ----------------- --------------------------------------------------------
kdc_1       | Authenticating as principal admin/admin with keytab /tmp/admin.keytab.
nm_1        | Connecting to kdc (kdc)|172.18.0.4|:8081... connected.
rm_1        |    2 10/16/19 20:59:34 scm/rm@EXAMPLE.COM
kms_1       |    2 10/16/19 20:59:31 scm/e2f0c0655480@EXAMPLE.COM
datanode_3  |    2 10/16/19 20:59:36 HTTP/9b1549138998@EXAMPLE.COM
scm_1       |    2 10/16/19 20:59:28 scm/scm@EXAMPLE.COM
datanode_2  |    2 10/16/19 20:59:29 scm/c86392bda315@EXAMPLE.COM
jhs         |    2 10/16/19 20:59:30 scm/jhs@EXAMPLE.COM
om_1        | Resolving kdc (kdc)... 172.18.0.4
s3g_1       | Download HTTP/s3g@EXAMPLE.COM keytab file to /etc/security/keytabs/HTTP.keytab
datanode_1  |    2 10/16/19 20:59:29 scm/ea59c816b51f@EXAMPLE.COM
kdc_1       | WARNING: no policy specified for om/scm@EXAMPLE.COM; defaulting to no policy
nm_1        | HTTP request sent, awaiting response... 200 OK
rm_1        | Download HTTP/rm@EXAMPLE.COM keytab file to /etc/security/keytabs/HTTP.keytab
kms_1       |    2 10/16/19 20:59:31 scm/e2f0c0655480@EXAMPLE.COM
datanode_3  |    2 10/16/19 20:59:36 HTTP/9b1549138998@EXAMPLE.COM
scm_1       | Download HTTP/scm@EXAMPLE.COM keytab file to /etc/security/keytabs/HTTP.keytab
datanode_2  |    2 10/16/19 20:59:29 scm/c86392bda315@EXAMPLE.COM
jhs         |    2 10/16/19 20:59:30 scm/jhs@EXAMPLE.COM
om_1        | Connecting to kdc (kdc)|172.18.0.4|:8081... connected.
s3g_1       | --2019-10-16 20:59:34--  http://kdc:8081/keytab/s3g/HTTP
datanode_1  |    2 10/16/19 20:59:29 scm/ea59c816b51f@EXAMPLE.COM
kdc_1       | Principal "om/scm@EXAMPLE.COM" created.
nm_1        | Length: 142 [application/octet-stream]
rm_1        | --2019-10-16 20:59:34--  http://kdc:8081/keytab/rm/HTTP
kms_1       | Download HTTP/e2f0c0655480@EXAMPLE.COM keytab file to /etc/security/keytabs/HTTP.keytab
datanode_3  | Download testuser/9b1549138998@EXAMPLE.COM keytab file to /etc/security/keytabs/testuser.keytab
scm_1       | --2019-10-16 20:59:28--  http://kdc:8081/keytab/scm/HTTP
datanode_2  | Download HTTP/c86392bda315@EXAMPLE.COM keytab file to /etc/security/keytabs/HTTP.keytab
jhs         | Download HTTP/jhs@EXAMPLE.COM keytab file to /etc/security/keytabs/HTTP.keytab
om_1        | HTTP request sent, awaiting response... 200 OK
s3g_1       | Resolving kdc (kdc)... 172.18.0.4
datanode_1  | Download HTTP/ea59c816b51f@EXAMPLE.COM keytab file to /etc/security/keytabs/HTTP.keytab
kdc_1       | Authenticating as principal admin/admin with keytab /tmp/admin.keytab.
nm_1        | Saving to: '/etc/security/keytabs/HTTP.keytab'
rm_1        | Resolving kdc (kdc)... 172.18.0.4
kms_1       | --2019-10-16 20:59:31--  http://kdc:8081/keytab/e2f0c0655480/HTTP
datanode_3  | --2019-10-16 20:59:36--  http://kdc:8081/keytab/9b1549138998/testuser
scm_1       | Resolving kdc (kdc)... 172.18.0.4
jhs         | --2019-10-16 20:59:30--  http://kdc:8081/keytab/jhs/HTTP
datanode_2  | --2019-10-16 20:59:29--  http://kdc:8081/keytab/c86392bda315/HTTP
om_1        | Length: 142 [application/octet-stream]
s3g_1       | Connecting to kdc (kdc)|172.18.0.4|:8081... connected.
datanode_1  | --2019-10-16 20:59:29--  http://kdc:8081/keytab/ea59c816b51f/HTTP
kdc_1       | Entry for principal om/scm@EXAMPLE.COM with kvno 2, encryption type aes256-cts-hmac-sha1-96 added to keytab WRFILE:/data/om.scm.keytab.
nm_1        | 
kms_1       | Resolving kdc (kdc)... 172.18.0.4
rm_1        | Connecting to kdc (kdc)|172.18.0.4|:8081... connected.
datanode_3  | Resolving kdc (kdc)... 172.18.0.4
scm_1       | Connecting to kdc (kdc)|172.18.0.4|:8081... connected.
jhs         | Resolving kdc (kdc)... 172.18.0.4
datanode_2  | Resolving kdc (kdc)... 172.18.0.4
om_1        | Saving to: '/etc/security/keytabs/HTTP.keytab'
s3g_1       | HTTP request sent, awaiting response... 200 OK
datanode_1  | Resolving kdc (kdc)... 172.18.0.4
kdc_1       | Entry for principal om/scm@EXAMPLE.COM with kvno 2, encryption type aes128-cts-hmac-sha1-96 added to keytab WRFILE:/data/om.scm.keytab.
nm_1        |      0K                                                       100% 11.1M=0s
kms_1       | Connecting to kdc (kdc)|172.18.0.4|:8081... connected.
rm_1        | HTTP request sent, awaiting response... 200 OK
datanode_3  | Connecting to kdc (kdc)|172.18.0.4|:8081... connected.
scm_1       | HTTP request sent, awaiting response... 200 OK
jhs         | Connecting to kdc (kdc)|172.18.0.4|:8081... connected.
datanode_2  | Connecting to kdc (kdc)|172.18.0.4|:8081... connected.
om_1        | 
s3g_1       | Length: 144 [application/octet-stream]
datanode_1  | Connecting to kdc (kdc)|172.18.0.4|:8081... connected.
nm_1        | 
kms_1       | HTTP request sent, awaiting response... 200 OK
kdc_1       | Generiting keytab
rm_1        | Length: 142 [application/octet-stream]
scm_1       | Length: 144 [application/octet-stream]
datanode_3  | HTTP request sent, awaiting response... 200 OK
jhs         | HTTP request sent, awaiting response... 200 OK
datanode_2  | HTTP request sent, awaiting response... 200 OK
om_1        |      0K                                                       100% 6.70M=0s
s3g_1       | Saving to: '/etc/security/keytabs/HTTP.keytab'
datanode_1  | HTTP request sent, awaiting response... 200 OK
nm_1        | 2019-10-16 20:59:34 (11.1 MB/s) - '/etc/security/keytabs/HTTP.keytab' saved [142/142]
kms_1       | Length: 162 [application/octet-stream]
kdc_1       | Authenticating as principal admin/admin with keytab /tmp/admin.keytab.
rm_1        | Saving to: '/etc/security/keytabs/HTTP.keytab'
scm_1       | Saving to: '/etc/security/keytabs/HTTP.keytab'
datanode_3  | Length: 170 [application/octet-stream]
jhs         | Length: 144 [application/octet-stream]
datanode_2  | Length: 162 [application/octet-stream]
om_1        | 
s3g_1       | 
datanode_1  | Length: 162 [application/octet-stream]
nm_1        | 
kms_1       | Saving to: '/etc/security/keytabs/HTTP.keytab'
kdc_1       | WARNING: no policy specified for dn/jhs@EXAMPLE.COM; defaulting to no policy
rm_1        | 
scm_1       | 
datanode_3  | Saving to: '/etc/security/keytabs/testuser.keytab'
jhs         | Saving to: '/etc/security/keytabs/HTTP.keytab'
datanode_2  | Saving to: '/etc/security/keytabs/HTTP.keytab'
om_1        | 2019-10-16 20:59:37 (6.70 MB/s) - '/etc/security/keytabs/HTTP.keytab' saved [142/142]
s3g_1       |      0K                                                       100% 8.15M=0s
datanode_1  | Saving to: '/etc/security/keytabs/HTTP.keytab'
nm_1        | Keytab name: FILE:/etc/security/keytabs/HTTP.keytab
kms_1       | 
kdc_1       | Principal "dn/jhs@EXAMPLE.COM" created.
rm_1        |      0K                                                       100% 13.3M=0s
scm_1       |      0K                                                       100% 11.4M=0s
datanode_3  | 
jhs         | 
datanode_2  | 
om_1        | 
s3g_1       | 
datanode_1  | 
kms_1       |      0K                                                       100% 10.3M=0s
kdc_1       | Authenticating as principal admin/admin with keytab /tmp/admin.keytab.
nm_1        | KVNO Timestamp         Principal
rm_1        | 
scm_1       | 
datanode_3  |      0K                                                       100% 13.3M=0s
jhs         |      0K                                                       100% 20.4M=0s
datanode_2  |      0K                                                       100% 14.2M=0s
om_1        | Keytab name: FILE:/etc/security/keytabs/HTTP.keytab
datanode_1  |      0K                                                       100% 12.5M=0s
kms_1       | 
s3g_1       | 2019-10-16 20:59:37 (8.15 MB/s) - '/etc/security/keytabs/HTTP.keytab' saved [144/144]
kdc_1       | Oct 16 20:59:26 kdc kadmind[15](Notice): Request: kadm5_init, admin/admin@EXAMPLE.COM, success, client=admin/admin@EXAMPLE.COM, service=kadmin/admin@EXAMPLE.COM, addr=127.0.0.1, vers=4, flavor=6
nm_1        | ---- ----------------- --------------------------------------------------------
rm_1        | 2019-10-16 20:59:37 (13.3 MB/s) - '/etc/security/keytabs/HTTP.keytab' saved [142/142]
scm_1       | 2019-10-16 20:59:29 (11.4 MB/s) - '/etc/security/keytabs/HTTP.keytab' saved [144/144]
datanode_3  | 
jhs         | 
datanode_2  | 
om_1        | KVNO Timestamp         Principal
datanode_1  | 
kms_1       | 2019-10-16 20:59:33 (10.3 MB/s) - '/etc/security/keytabs/HTTP.keytab' saved [162/162]
s3g_1       | 
kdc_1       | Oct 16 20:59:26 kdc kadmind[15](Notice): Request: kadm5_randkey_principal, test/test@EXAMPLE.COM, success, client=admin/admin@EXAMPLE.COM, service=kadmin/admin@EXAMPLE.COM, addr=127.0.0.1
nm_1        |    2 10/16/19 20:59:34 HTTP/nm@EXAMPLE.COM
rm_1        | 
scm_1       | 
datanode_3  | 2019-10-16 20:59:38 (13.3 MB/s) - '/etc/security/keytabs/testuser.keytab' saved [170/170]
jhs         | 2019-10-16 20:59:32 (20.4 MB/s) - '/etc/security/keytabs/HTTP.keytab' saved [144/144]
datanode_2  | 2019-10-16 20:59:31 (14.2 MB/s) - '/etc/security/keytabs/HTTP.keytab' saved [162/162]
om_1        | ---- ----------------- --------------------------------------------------------
datanode_1  | 2019-10-16 20:59:31 (12.5 MB/s) - '/etc/security/keytabs/HTTP.keytab' saved [162/162]
kms_1       | 
s3g_1       | Keytab name: FILE:/etc/security/keytabs/HTTP.keytab
kdc_1       | Oct 16 20:59:26 kdc kadmind[15](Notice): Request: kadm5_get_principal, test/test@EXAMPLE.COM, success, client=admin/admin@EXAMPLE.COM, service=kadmin/admin@EXAMPLE.COM, addr=127.0.0.1
nm_1        |    2 10/16/19 20:59:34 HTTP/nm@EXAMPLE.COM
rm_1        | Keytab name: FILE:/etc/security/keytabs/HTTP.keytab
scm_1       | Keytab name: FILE:/etc/security/keytabs/HTTP.keytab
jhs         | 
datanode_3  | 
datanode_2  | 
om_1        |    2 10/16/19 20:59:37 HTTP/om@EXAMPLE.COM
datanode_1  | 
kms_1       | Keytab name: FILE:/etc/security/keytabs/HTTP.keytab
s3g_1       | KVNO Timestamp         Principal
kdc_1       | Oct 16 20:59:27 kdc kadmind[15](info): closing down fd 18
nm_1        | Download testuser/nm@EXAMPLE.COM keytab file to /etc/security/keytabs/testuser.keytab
rm_1        | KVNO Timestamp         Principal
scm_1       | KVNO Timestamp         Principal
jhs         | Keytab name: FILE:/etc/security/keytabs/HTTP.keytab
datanode_3  | Keytab name: FILE:/etc/security/keytabs/testuser.keytab
datanode_2  | Keytab name: FILE:/etc/security/keytabs/HTTP.keytab
om_1        |    2 10/16/19 20:59:37 HTTP/om@EXAMPLE.COM
datanode_1  | Keytab name: FILE:/etc/security/keytabs/HTTP.keytab
kms_1       | KVNO Timestamp         Principal
s3g_1       | ---- ----------------- --------------------------------------------------------
kdc_1       | Oct 16 20:59:27 kdc kadmind[15](Notice): Request: kadm5_init, admin/admin@EXAMPLE.COM, success, client=admin/admin@EXAMPLE.COM, service=kadmin/admin@EXAMPLE.COM, addr=127.0.0.1, vers=4, flavor=6
