datanode_3  | 2019-10-15 19:30:14,557 INFO server.RaftServerConfigKeys: raft.server.log.segment.cache.num.max = 2 (custom)
datanode_1  | 2019-10-15 19:30:14,551 INFO server.RaftServerConfigKeys: raft.server.log.preallocated.size = 16384 (custom)
rm_1        | INFO: Registering org.apache.hadoop.yarn.server.resourcemanager.webapp.RMWebServices as a root resource class
datanode_1  | 2019-10-15 19:30:14,552 INFO server.RaftServerConfigKeys: raft.server.log.write.buffer.size = 33554432 (custom)
nm_1        | 2019-10-15 19:30:09 INFO  NodeStatusUpdaterImpl:641 - Sending out 0 NM container statuses: []
datanode_2  | 2019-10-15 19:30:14,534 INFO server.RaftServerConfigKeys: raft.server.sleep.deviation.threshold = 300 (default)
rm_1        | Oct 15, 2019 7:30:08 PM com.sun.jersey.guice.spi.container.GuiceComponentProviderFactory register
datanode_1  | 2019-10-15 19:30:14,552 INFO server.RaftServerConfigKeys: raft.server.log.force.sync.num = 128 (default)
datanode_3  | 2019-10-15 19:30:14,557 INFO segmented.SegmentedRaftLogWorker: new 26694e6c-88f7-41d5-9643-903bf2700483@group-1E99089D4CF0-SegmentedRaftLogWorker for RaftStorage:Storage Directory /data/metadata/ratis/0853c287-ca38-442b-8d1d-1e99089d4cf0
datanode_1  | 2019-10-15 19:30:14,552 INFO server.RaftServerConfigKeys: raft.server.log.statemachine.data.sync = true (default)
nm_1        | 2019-10-15 19:30:09 INFO  NodeStatusUpdaterImpl:382 - Registering with RM using containers :[]
datanode_3  | 2019-10-15 19:30:14,558 INFO server.RaftServerConfigKeys: raft.server.log.queue.byte-limit = 2147483647 (custom)
datanode_1  | 2019-10-15 19:30:14,552 INFO server.RaftServerConfigKeys: raft.server.log.statemachine.data.sync.timeout = 10s (default)
datanode_3  | 2019-10-15 19:30:14,558 INFO server.RaftServerConfigKeys: raft.server.log.queue.element-limit = 1024 (custom)
datanode_2  | 2019-10-15 19:30:14,534 INFO server.RaftServerConfigKeys: raft.server.log.appender.install.snapshot.enabled = false (custom)
rm_1        | INFO: Registering org.apache.hadoop.yarn.webapp.GenericExceptionHandler as a provider class
datanode_1  | 2019-10-15 19:30:14,552 INFO server.RaftServerConfigKeys: raft.server.log.statemachine.data.sync.timeout.retry = -1 (default)
nm_1        | 2019-10-15 19:30:10 INFO  Client:948 - Retrying connect to server: rm/172.18.0.4:8031. Already tried 0 time(s); retry policy is RetryUpToMaximumCountWithFixedSleep(maxRetries=10, sleepTime=1000 MILLISECONDS)
datanode_3  | 2019-10-15 19:30:14,558 INFO server.RaftServerConfigKeys: raft.server.log.segment.size.max = 1048576 (custom)
datanode_2  | 2019-10-15 19:30:14,534 INFO impl.RaftServerImpl: 3b3a7e81-e4c1-4278-af1f-14d7ae5bf3d4@group-1E99089D4CF0: ConfigurationManager, init=-1: [3b3a7e81-e4c1-4278-af1f-14d7ae5bf3d4:172.18.0.6:9858, 32780a4e-3fb3-4bd5-a120-b3d58fd0a130:172.18.0.8:9858, 26694e6c-88f7-41d5-9643-903bf2700483:172.18.0.9:9858], old=null, confs=<EMPTY_MAP>
rm_1        | Oct 15, 2019 7:30:08 PM com.sun.jersey.server.impl.application.WebApplicationImpl _initiate
datanode_1  | 2019-10-15 19:30:14,552 INFO server.RaftServerConfigKeys: raft.server.log.statemachine.data.caching.enabled = true (custom)
nm_1        | 2019-10-15 19:30:10 INFO  NMContainerTokenSecretManager:143 - Rolling master-key for container-tokens, got key with id 709558280
datanode_3  | 2019-10-15 19:30:14,558 INFO server.RaftServerConfigKeys: raft.server.log.preallocated.size = 16384 (custom)
rm_1        | INFO: Initiating Jersey application, version 'Jersey: 1.19 02/11/2015 03:25 AM'
datanode_2  | 2019-10-15 19:30:14,534 INFO server.RaftServerConfigKeys: raft.server.storage.dir = [/data/metadata/ratis] (custom)
datanode_1  | 2019-10-15 19:30:14,552 INFO segmented.SegmentedRaftLogWorker: 32780a4e-3fb3-4bd5-a120-b3d58fd0a130@group-1E99089D4CF0-SegmentedRaftLogWorker: flushIndex: setUnconditionally 0 -> -1
nm_1        | 2019-10-15 19:30:10 INFO  NMTokenSecretManagerInNM:143 - Rolling master-key for container-tokens, got key with id -102360895
datanode_3  | 2019-10-15 19:30:14,558 INFO server.RaftServerConfigKeys: raft.server.log.write.buffer.size = 33554432 (custom)
datanode_2  | 2019-10-15 19:30:14,534 INFO server.RaftServerConfigKeys: raft.server.log.corruption.policy = EXCEPTION (default)
rm_1        | Oct 15, 2019 7:30:08 PM com.sun.jersey.guice.spi.container.GuiceComponentProviderFactory getComponentProvider
datanode_1  | 2019-10-15 19:30:14,553 INFO server.RaftServerConfigKeys: raft.server.snapshot.auto.trigger.enabled = true (custom)
nm_1        | 2019-10-15 19:30:10 INFO  NodeStatusUpdaterImpl:466 - Registered with ResourceManager as nm:36697 with total resource of <memory:8192, vCores:8>
datanode_3  | 2019-10-15 19:30:14,558 INFO server.RaftServerConfigKeys: raft.server.log.force.sync.num = 128 (default)
datanode_2  | 2019-10-15 19:30:14,534 INFO storage.RaftStorageDirectory: The storage directory /data/metadata/ratis/0853c287-ca38-442b-8d1d-1e99089d4cf0 does not exist. Creating ...
rm_1        | INFO: Binding org.apache.hadoop.yarn.server.resourcemanager.webapp.JAXBContextResolver to GuiceManagedComponentProvider with the scope "Singleton"
datanode_1  | 2019-10-15 19:30:14,553 INFO server.RaftServerConfigKeys: raft.server.snapshot.auto.trigger.threshold = 10000 (custom)
nm_1        | 2019-10-15 19:31:09 INFO  Server:1845 - Auth successful for appattempt_1571167809508_0001_000001 (auth:SIMPLE)
datanode_3  | 2019-10-15 19:30:14,558 INFO server.RaftServerConfigKeys: raft.server.log.statemachine.data.sync = true (default)
datanode_2  | 2019-10-15 19:30:14,547 INFO storage.RaftStorageDirectory: Lock on /data/metadata/ratis/0853c287-ca38-442b-8d1d-1e99089d4cf0/in_use.lock acquired by nodename 7@4d05d5ba6663
rm_1        | Oct 15, 2019 7:30:08 PM com.sun.jersey.guice.spi.container.GuiceComponentProviderFactory getComponentProvider
datanode_1  | 2019-10-15 19:30:14,553 INFO server.RaftServerConfigKeys: raft.server.snapshot.retention.file.num = 5 (custom)
nm_1        | 2019-10-15 19:31:09 INFO  ContainerManagerImpl:1070 - Start request for container_1571167809508_0001_01_000001 by user hadoop
datanode_3  | 2019-10-15 19:30:14,559 INFO server.RaftServerConfigKeys: raft.server.log.statemachine.data.sync.timeout = 10s (default)
datanode_2  | 2019-10-15 19:30:14,553 INFO storage.RaftStorage: Storage directory /data/metadata/ratis/0853c287-ca38-442b-8d1d-1e99089d4cf0 has been successfully formatted.
rm_1        | INFO: Binding org.apache.hadoop.yarn.webapp.GenericExceptionHandler to GuiceManagedComponentProvider with the scope "Singleton"
datanode_1  | 2019-10-15 19:30:14,554 INFO server.RaftServerConfigKeys: raft.server.retrycache.expirytime = 600000ms (custom)
nm_1        | 2019-10-15 19:31:09 INFO  ContainerManagerImpl:1122 - Creating a new application reference for app application_1571167809508_0001
datanode_3  | 2019-10-15 19:30:14,559 INFO server.RaftServerConfigKeys: raft.server.log.statemachine.data.sync.timeout.retry = -1 (default)
datanode_2  | 2019-10-15 19:30:14,553 [pool-8-thread-1] INFO       - group-1E99089D4CF0: The snapshot info is null. Setting the last applied indexto:(t:0, i:~)
rm_1        | Oct 15, 2019 7:30:09 PM com.sun.jersey.guice.spi.container.GuiceComponentProviderFactory getComponentProvider
datanode_1  | 2019-10-15 19:30:14,557 INFO impl.RaftServerImpl: 32780a4e-3fb3-4bd5-a120-b3d58fd0a130@group-1E99089D4CF0: start as a follower, conf=-1: [3b3a7e81-e4c1-4278-af1f-14d7ae5bf3d4:172.18.0.6:9858, 32780a4e-3fb3-4bd5-a120-b3d58fd0a130:172.18.0.8:9858, 26694e6c-88f7-41d5-9643-903bf2700483:172.18.0.9:9858], old=null
datanode_3  | 2019-10-15 19:30:14,559 INFO server.RaftServerConfigKeys: raft.server.log.statemachine.data.caching.enabled = true (custom)
nm_1        | 2019-10-15 19:31:09 INFO  ApplicationImpl:655 - Application application_1571167809508_0001 transitioned from NEW to INITING
datanode_2  | 2019-10-15 19:30:14,554 INFO server.RaftServerConfigKeys: raft.server.notification.no-leader.timeout = 120s (custom)
rm_1        | INFO: Binding org.apache.hadoop.yarn.server.resourcemanager.webapp.RMWebServices to GuiceManagedComponentProvider with the scope "Singleton"
datanode_1  | 2019-10-15 19:30:14,557 INFO impl.RaftServerImpl: 32780a4e-3fb3-4bd5-a120-b3d58fd0a130@group-1E99089D4CF0: changes role from      null to FOLLOWER at term 0 for startAsFollower
datanode_3  | 2019-10-15 19:30:14,559 INFO segmented.SegmentedRaftLogWorker: 26694e6c-88f7-41d5-9643-903bf2700483@group-1E99089D4CF0-SegmentedRaftLogWorker: flushIndex: setUnconditionally 0 -> -1
nm_1        | 2019-10-15 19:31:09 INFO  NMAuditLogger:94 - USER=hadoop	IP=172.18.0.4	OPERATION=Start Container Request	TARGET=ContainerManageImpl	RESULT=SUCCESS	APPID=application_1571167809508_0001	CONTAINERID=container_1571167809508_0001_01_000001
datanode_2  | 2019-10-15 19:30:14,555 INFO server.RaftServerConfigKeys: raft.server.log.use.memory = false (default)
rm_1        | 2019-10-15 19:30:09 INFO  ContextHandler:781 - Started o.e.j.w.WebAppContext@4defd42{/,file:///tmp/jetty-rm-8088-cluster-_-any-9222926180035462178.dir/webapp/,AVAILABLE}{/cluster}
datanode_1  | 2019-10-15 19:30:14,557 INFO impl.RoleInfo: 32780a4e-3fb3-4bd5-a120-b3d58fd0a130: start FollowerState
datanode_3  | 2019-10-15 19:30:14,560 INFO server.RaftServerConfigKeys: raft.server.snapshot.auto.trigger.enabled = true (custom)
nm_1        | 2019-10-15 19:31:09 INFO  ApplicationImpl:463 - Adding container_1571167809508_0001_01_000001 to application application_1571167809508_0001
datanode_2  | 2019-10-15 19:30:14,555 INFO server.RaftServerConfigKeys: raft.server.log.purge.gap = 1000000 (custom)
rm_1        | 2019-10-15 19:30:09 INFO  AbstractConnector:278 - Started ServerConnector@53a665ad{HTTP/1.1,[http/1.1]}{rm:8088}
datanode_3  | 2019-10-15 19:30:14,560 INFO server.RaftServerConfigKeys: raft.server.snapshot.auto.trigger.threshold = 10000 (custom)
datanode_1  | 2019-10-15 19:30:14,558 INFO util.JmxRegister: Successfully registered JMX Bean with object name Ratis:service=RaftServer,group=group-1E99089D4CF0,id=32780a4e-3fb3-4bd5-a120-b3d58fd0a130
datanode_2  | 2019-10-15 19:30:14,555 INFO server.RaftServerConfigKeys: raft.server.log.appender.buffer.byte-limit = 33554432 (custom)
rm_1        | 2019-10-15 19:30:09 INFO  Server:419 - Started @4842ms
nm_1        | 2019-10-15 19:31:09 INFO  ApplicationImpl:655 - Application application_1571167809508_0001 transitioned from INITING to RUNNING
datanode_3  | 2019-10-15 19:30:14,560 INFO server.RaftServerConfigKeys: raft.server.snapshot.retention.file.num = 5 (custom)
datanode_1  | 2019-10-15 19:30:14,633 INFO impl.FollowerState: 32780a4e-3fb3-4bd5-a120-b3d58fd0a130@group-1E99089D4CF0-FollowerState: change to CANDIDATE, lastRpcTime:75ms, electionTimeout:75ms
datanode_2  | 2019-10-15 19:30:14,556 INFO server.RaftServerConfigKeys: raft.server.log.segment.size.max = 1048576 (custom)
rm_1        | 2019-10-15 19:30:09 INFO  WebApps:440 - Web app cluster started at 8088
datanode_3  | 2019-10-15 19:30:14,560 INFO server.RaftServerConfigKeys: raft.server.retrycache.expirytime = 600000ms (custom)
nm_1        | 2019-10-15 19:31:09 INFO  ContainerImpl:2126 - Container container_1571167809508_0001_01_000001 transitioned from NEW to LOCALIZING
datanode_1  | 2019-10-15 19:30:14,634 INFO impl.RoleInfo: 32780a4e-3fb3-4bd5-a120-b3d58fd0a130: shutdown FollowerState
datanode_2  | 2019-10-15 19:30:14,556 INFO server.RaftServerConfigKeys: raft.server.log.segment.cache.num.max = 2 (custom)
rm_1        | 2019-10-15 19:30:09 INFO  CallQueueManager:84 - Using callQueue: class java.util.concurrent.LinkedBlockingQueue queueCapacity: 100 scheduler: class org.apache.hadoop.ipc.DefaultRpcScheduler
datanode_3  | 2019-10-15 19:30:14,565 INFO impl.RaftServerImpl: 26694e6c-88f7-41d5-9643-903bf2700483@group-1E99089D4CF0: start as a follower, conf=-1: [3b3a7e81-e4c1-4278-af1f-14d7ae5bf3d4:172.18.0.6:9858, 32780a4e-3fb3-4bd5-a120-b3d58fd0a130:172.18.0.8:9858, 26694e6c-88f7-41d5-9643-903bf2700483:172.18.0.9:9858], old=null
nm_1        | 2019-10-15 19:31:09 INFO  AuxServices:350 - Got event CONTAINER_INIT for appId application_1571167809508_0001
datanode_1  | 2019-10-15 19:30:14,634 INFO impl.RaftServerImpl: 32780a4e-3fb3-4bd5-a120-b3d58fd0a130@group-1E99089D4CF0: changes role from  FOLLOWER to CANDIDATE at term 0 for changeToCandidate
datanode_2  | 2019-10-15 19:30:14,556 INFO segmented.SegmentedRaftLogWorker: new 3b3a7e81-e4c1-4278-af1f-14d7ae5bf3d4@group-1E99089D4CF0-SegmentedRaftLogWorker for RaftStorage:Storage Directory /data/metadata/ratis/0853c287-ca38-442b-8d1d-1e99089d4cf0
rm_1        | 2019-10-15 19:30:09 INFO  Server:1070 - Starting Socket Reader #1 for port 8033
datanode_3  | 2019-10-15 19:30:14,566 INFO impl.RaftServerImpl: 26694e6c-88f7-41d5-9643-903bf2700483@group-1E99089D4CF0: changes role from      null to FOLLOWER at term 0 for startAsFollower
datanode_1  | 2019-10-15 19:30:14,634 INFO impl.RoleInfo: 32780a4e-3fb3-4bd5-a120-b3d58fd0a130: start LeaderElection
datanode_2  | 2019-10-15 19:30:14,557 INFO server.RaftServerConfigKeys: raft.server.log.queue.byte-limit = 2147483647 (custom)
rm_1        | 2019-10-15 19:30:09 INFO  RpcServerFactoryPBImpl:173 - Adding protocol org.apache.hadoop.yarn.server.api.ResourceManagerAdministrationProtocolPB to the server
datanode_3  | 2019-10-15 19:30:14,566 INFO impl.RoleInfo: 26694e6c-88f7-41d5-9643-903bf2700483: start FollowerState
nm_1        | 2019-10-15 19:31:09 INFO  ResourceLocalizationService:801 - Created localizer for container_1571167809508_0001_01_000001
datanode_1  | 2019-10-15 19:30:14,658 INFO impl.LeaderElection: 32780a4e-3fb3-4bd5-a120-b3d58fd0a130@group-1E99089D4CF0-LeaderElection2: begin an election at term 1 for -1: [3b3a7e81-e4c1-4278-af1f-14d7ae5bf3d4:172.18.0.6:9858, 32780a4e-3fb3-4bd5-a120-b3d58fd0a130:172.18.0.8:9858, 26694e6c-88f7-41d5-9643-903bf2700483:172.18.0.9:9858], old=null
datanode_2  | 2019-10-15 19:30:14,557 INFO server.RaftServerConfigKeys: raft.server.log.queue.element-limit = 1024 (custom)
rm_1        | 2019-10-15 19:30:09 INFO  Server:1310 - IPC Server Responder: starting
datanode_3  | 2019-10-15 19:30:14,567 INFO util.JmxRegister: Successfully registered JMX Bean with object name Ratis:service=RaftServer,group=group-1E99089D4CF0,id=26694e6c-88f7-41d5-9643-903bf2700483
nm_1        | 2019-10-15 19:31:09 INFO  ResourceLocalizationService:1331 - Writing credentials to the nmPrivate file /tmp/hadoop-hadoop/nm-local-dir/nmPrivate/container_1571167809508_0001_01_000001.tokens
datanode_1  | 2019-10-15 19:30:14,826 INFO impl.LeaderElection: 32780a4e-3fb3-4bd5-a120-b3d58fd0a130@group-1E99089D4CF0-LeaderElection2: Election DISCOVERED_A_NEW_TERM; received 1 response(s) [32780a4e-3fb3-4bd5-a120-b3d58fd0a130<-3b3a7e81-e4c1-4278-af1f-14d7ae5bf3d4#0:FAIL-t3] and 0 exception(s); 32780a4e-3fb3-4bd5-a120-b3d58fd0a130@group-1E99089D4CF0:t1, leader=null, voted=32780a4e-3fb3-4bd5-a120-b3d58fd0a130, raftlog=32780a4e-3fb3-4bd5-a120-b3d58fd0a130@group-1E99089D4CF0-SegmentedRaftLog:OPENED:c-1,f-1,i0, conf=-1: [3b3a7e81-e4c1-4278-af1f-14d7ae5bf3d4:172.18.0.6:9858, 32780a4e-3fb3-4bd5-a120-b3d58fd0a130:172.18.0.8:9858, 26694e6c-88f7-41d5-9643-903bf2700483:172.18.0.9:9858], old=null
datanode_2  | 2019-10-15 19:30:14,557 INFO server.RaftServerConfigKeys: raft.server.log.segment.size.max = 1048576 (custom)
rm_1        | 2019-10-15 19:30:09 INFO  Server:1149 - IPC Server listener on 8033: starting
datanode_3  | 2019-10-15 19:30:14,569 INFO impl.LeaderElection: 26694e6c-88f7-41d5-9643-903bf2700483@group-D85A0486CE28-LeaderElection1: begin an election at term 1 for -1: [26694e6c-88f7-41d5-9643-903bf2700483:172.18.0.9:9858], old=null
nm_1        | 2019-10-15 19:31:09 INFO  DefaultContainerExecutor:836 - Initializing user hadoop
datanode_1  | 2019-10-15 19:30:14,827 INFO impl.RaftServerImpl: 32780a4e-3fb3-4bd5-a120-b3d58fd0a130@group-1E99089D4CF0: changes role from CANDIDATE to FOLLOWER at term 3 for DISCOVERED_A_NEW_TERM
datanode_2  | 2019-10-15 19:30:14,557 INFO server.RaftServerConfigKeys: raft.server.log.preallocated.size = 16384 (custom)
rm_1        | 2019-10-15 19:30:09 INFO  ResourceManager:1263 - Transitioning to active state
datanode_3  | 2019-10-15 19:30:14,570 INFO impl.RoleInfo: 26694e6c-88f7-41d5-9643-903bf2700483: shutdown LeaderElection
nm_1        | 2019-10-15 19:31:09 INFO  DefaultContainerExecutor:166 - Copying from /tmp/hadoop-hadoop/nm-local-dir/nmPrivate/container_1571167809508_0001_01_000001.tokens to /tmp/hadoop-hadoop/nm-local-dir/usercache/hadoop/appcache/application_1571167809508_0001/container_1571167809508_0001_01_000001.tokens
datanode_1  | 2019-10-15 19:30:14,827 INFO impl.RoleInfo: 32780a4e-3fb3-4bd5-a120-b3d58fd0a130: shutdown LeaderElection
datanode_2  | 2019-10-15 19:30:14,557 INFO server.RaftServerConfigKeys: raft.server.log.write.buffer.size = 33554432 (custom)
rm_1        | 2019-10-15 19:30:09 INFO  RMStateStore:549 - Updating AMRMToken
datanode_3  | 2019-10-15 19:30:14,571 INFO impl.RaftServerImpl: 26694e6c-88f7-41d5-9643-903bf2700483@group-D85A0486CE28: changes role from CANDIDATE to LEADER at term 1 for changeToLeader
nm_1        | 2019-10-15 19:31:09 INFO  DefaultContainerExecutor:174 - Localizer CWD set to /tmp/hadoop-hadoop/nm-local-dir/usercache/hadoop/appcache/application_1571167809508_0001 = file:/tmp/hadoop-hadoop/nm-local-dir/usercache/hadoop/appcache/application_1571167809508_0001
datanode_1  | 2019-10-15 19:30:14,827 INFO impl.RoleInfo: 32780a4e-3fb3-4bd5-a120-b3d58fd0a130: start FollowerState
datanode_2  | 2019-10-15 19:30:14,558 INFO server.RaftServerConfigKeys: raft.server.log.force.sync.num = 128 (default)
rm_1        | 2019-10-15 19:30:09 INFO  RMContainerTokenSecretManager:109 - Rolling master-key for container-tokens
datanode_3  | 2019-10-15 19:30:14,571 INFO impl.RaftServerImpl: 26694e6c-88f7-41d5-9643-903bf2700483@group-D85A0486CE28: change Leader from null to 26694e6c-88f7-41d5-9643-903bf2700483 at term 1 for becomeLeader, leader elected after 297ms
datanode_1  | 2019-10-15 19:30:14,869 INFO impl.RaftServerImpl: 32780a4e-3fb3-4bd5-a120-b3d58fd0a130@group-1E99089D4CF0: changes role from  FOLLOWER to FOLLOWER at term 3 for recognizeCandidate:3b3a7e81-e4c1-4278-af1f-14d7ae5bf3d4
nm_1        | 2019-10-15 19:31:09 INFO  ContainerLocalizer:139 - Disk Validator: yarn.nodemanager.disk-validator is loaded.
datanode_2  | 2019-10-15 19:30:14,558 INFO server.RaftServerConfigKeys: raft.server.log.statemachine.data.sync = true (default)
rm_1        | 2019-10-15 19:30:09 INFO  NMTokenSecretManagerInRM:95 - Rolling master-key for nm-tokens
datanode_3  | 2019-10-15 19:30:14,576 INFO server.RaftServerConfigKeys: raft.server.staging.catchup.gap = 1000 (default)
datanode_1  | 2019-10-15 19:30:14,869 INFO impl.RoleInfo: 32780a4e-3fb3-4bd5-a120-b3d58fd0a130: shutdown FollowerState
nm_1        | 2019-10-15 19:31:09 INFO  Configuration:3318 - Removed undeclared tags:
datanode_2  | 2019-10-15 19:30:14,558 INFO server.RaftServerConfigKeys: raft.server.log.statemachine.data.sync.timeout = 10s (default)
datanode_3  | 2019-10-15 19:30:14,577 INFO server.RaftServerConfigKeys: raft.server.rpc.sleep.time = 25ms (default)
datanode_1  | 2019-10-15 19:30:14,870 INFO impl.RoleInfo: 32780a4e-3fb3-4bd5-a120-b3d58fd0a130: start FollowerState
nm_1        | 2019-10-15 19:31:09 INFO  Configuration:3318 - Removed undeclared tags:
rm_1        | 2019-10-15 19:30:09 INFO  AbstractDelegationTokenSecretManager:347 - Updating the current master key for generating delegation tokens
datanode_3  | 2019-10-15 19:30:14,580 INFO server.RaftServerConfigKeys: raft.server.write.element-limit = 4096 (default)
datanode_2  | 2019-10-15 19:30:14,558 INFO server.RaftServerConfigKeys: raft.server.log.statemachine.data.sync.timeout.retry = -1 (default)
datanode_1  | 2019-10-15 19:30:14,870 INFO impl.FollowerState: 32780a4e-3fb3-4bd5-a120-b3d58fd0a130@group-1E99089D4CF0-FollowerState was interrupted: java.lang.InterruptedException: sleep interrupted
nm_1        | 2019-10-15 19:31:09 INFO  Configuration:3318 - Removed undeclared tags:
datanode_3  | 2019-10-15 19:30:14,584 INFO server.RaftServerConfigKeys: raft.server.watch.timeout = 10s (default)
datanode_2  | 2019-10-15 19:30:14,558 INFO server.RaftServerConfigKeys: raft.server.log.statemachine.data.caching.enabled = true (custom)
datanode_1  | 2019-10-15 19:30:14,970 INFO impl.RaftServerImpl: 32780a4e-3fb3-4bd5-a120-b3d58fd0a130@group-1E99089D4CF0: change Leader from null to 3b3a7e81-e4c1-4278-af1f-14d7ae5bf3d4 at term 3 for appendEntries, leader elected after 419ms
nm_1        | 2019-10-15 19:31:10 WARN  MetricsSystemImpl:151 - NodeManager metrics system already initialized!
datanode_3  | 2019-10-15 19:30:14,584 INFO server.RaftServerConfigKeys: raft.server.watch.timeout.denomination = 1s (default)
datanode_2  | 2019-10-15 19:30:14,559 INFO segmented.SegmentedRaftLogWorker: 3b3a7e81-e4c1-4278-af1f-14d7ae5bf3d4@group-1E99089D4CF0-SegmentedRaftLogWorker: flushIndex: setUnconditionally 0 -> -1
rm_1        | 2019-10-15 19:30:09 INFO  RMDelegationTokenSecretManager:92 - storing master key with keyID 1
datanode_1  | 2019-10-15 19:30:14,989 INFO impl.RaftServerImpl: 32780a4e-3fb3-4bd5-a120-b3d58fd0a130@group-1E99089D4CF0: set configuration 0: [3b3a7e81-e4c1-4278-af1f-14d7ae5bf3d4:172.18.0.6:9858, 32780a4e-3fb3-4bd5-a120-b3d58fd0a130:172.18.0.8:9858, 26694e6c-88f7-41d5-9643-903bf2700483:172.18.0.9:9858], old=null at 0
nm_1        | 2019-10-15 19:31:10 INFO  Configuration:3318 - Removed undeclared tags:
datanode_2  | 2019-10-15 19:30:14,559 INFO server.RaftServerConfigKeys: raft.server.snapshot.auto.trigger.enabled = true (custom)
datanode_3  | 2019-10-15 19:30:14,585 INFO server.RaftServerConfigKeys: raft.server.watch.element-limit = 65536 (default)
rm_1        | 2019-10-15 19:30:09 INFO  RMStateStore:500 - Storing RMDTMasterKey.
datanode_1  | 2019-10-15 19:30:14,989 INFO segmented.SegmentedRaftLogWorker: 32780a4e-3fb3-4bd5-a120-b3d58fd0a130@group-1E99089D4CF0-SegmentedRaftLogWorker: Starting segment from index:0
nm_1        | 2019-10-15 19:31:10 INFO  Configuration:3318 - Removed undeclared tags:
datanode_2  | 2019-10-15 19:30:14,559 INFO server.RaftServerConfigKeys: raft.server.snapshot.auto.trigger.threshold = 10000 (custom)
datanode_3  | 2019-10-15 19:30:14,598 INFO impl.RoleInfo: 26694e6c-88f7-41d5-9643-903bf2700483: start LeaderState
rm_1        | 2019-10-15 19:30:09 INFO  AbstractDelegationTokenSecretManager:679 - Starting expired delegation token remover thread, tokenRemoverScanInterval=60 min(s)
datanode_1  | 2019-10-15 19:30:15,022 INFO segmented.SegmentedRaftLogWorker: 32780a4e-3fb3-4bd5-a120-b3d58fd0a130@group-1E99089D4CF0-SegmentedRaftLogWorker: created new log segment /data/metadata/ratis/0853c287-ca38-442b-8d1d-1e99089d4cf0/current/log_inprogress_0
nm_1        | 2019-10-15 19:31:11 INFO  Configuration:3318 - Removed undeclared tags:
datanode_2  | 2019-10-15 19:30:14,559 INFO server.RaftServerConfigKeys: raft.server.snapshot.retention.file.num = 5 (custom)
datanode_3  | 2019-10-15 19:30:14,616 INFO segmented.SegmentedRaftLogWorker: 26694e6c-88f7-41d5-9643-903bf2700483@group-D85A0486CE28-SegmentedRaftLogWorker: Starting segment from index:0
rm_1        | 2019-10-15 19:30:09 INFO  AbstractDelegationTokenSecretManager:347 - Updating the current master key for generating delegation tokens
nm_1        | 2019-10-15 19:31:11 INFO  ContainerImpl:2126 - Container container_1571167809508_0001_01_000001 transitioned from LOCALIZING to SCHEDULED
datanode_2  | 2019-10-15 19:30:14,559 INFO server.RaftServerConfigKeys: raft.server.retrycache.expirytime = 600000ms (custom)
datanode_3  | 2019-10-15 19:30:14,624 INFO impl.RaftServerImpl: 26694e6c-88f7-41d5-9643-903bf2700483@group-D85A0486CE28: set configuration 0: [26694e6c-88f7-41d5-9643-903bf2700483:172.18.0.9:9858], old=null at 0
nm_1        | 2019-10-15 19:31:11 INFO  ContainerScheduler:511 - Starting container [container_1571167809508_0001_01_000001]
datanode_2  | 2019-10-15 19:30:14,562 INFO impl.RaftServerImpl: 3b3a7e81-e4c1-4278-af1f-14d7ae5bf3d4@group-1E99089D4CF0: start as a follower, conf=-1: [3b3a7e81-e4c1-4278-af1f-14d7ae5bf3d4:172.18.0.6:9858, 32780a4e-3fb3-4bd5-a120-b3d58fd0a130:172.18.0.8:9858, 26694e6c-88f7-41d5-9643-903bf2700483:172.18.0.9:9858], old=null
datanode_3  | 2019-10-15 19:30:14,637 INFO impl.FollowerState: 26694e6c-88f7-41d5-9643-903bf2700483@group-1E99089D4CF0-FollowerState: change to CANDIDATE, lastRpcTime:71ms, electionTimeout:70ms
rm_1        | 2019-10-15 19:30:09 INFO  RMDelegationTokenSecretManager:92 - storing master key with keyID 2
nm_1        | 2019-10-15 19:31:11 INFO  Configuration:3318 - Removed undeclared tags:
datanode_2  | 2019-10-15 19:30:14,562 INFO impl.RaftServerImpl: 3b3a7e81-e4c1-4278-af1f-14d7ae5bf3d4@group-1E99089D4CF0: changes role from      null to FOLLOWER at term 0 for startAsFollower
datanode_3  | 2019-10-15 19:30:14,638 INFO impl.RoleInfo: 26694e6c-88f7-41d5-9643-903bf2700483: shutdown FollowerState
rm_1        | 2019-10-15 19:30:09 INFO  RMStateStore:500 - Storing RMDTMasterKey.
nm_1        | 2019-10-15 19:31:12 INFO  ContainerImpl:2126 - Container container_1571167809508_0001_01_000001 transitioned from SCHEDULED to RUNNING
datanode_2  | 2019-10-15 19:30:14,562 INFO impl.RoleInfo: 3b3a7e81-e4c1-4278-af1f-14d7ae5bf3d4: start FollowerState
rm_1        | 2019-10-15 19:30:09 INFO  AsyncDispatcher:223 - Registering class org.apache.hadoop.yarn.nodelabels.event.NodeLabelsStoreEventType for class org.apache.hadoop.yarn.nodelabels.CommonNodeLabelsManager$ForwardingEventHandler
datanode_3  | 2019-10-15 19:30:14,638 INFO impl.RaftServerImpl: 26694e6c-88f7-41d5-9643-903bf2700483@group-1E99089D4CF0: changes role from  FOLLOWER to CANDIDATE at term 0 for changeToCandidate
nm_1        | 2019-10-15 19:31:12 INFO  ContainersMonitorImpl:943 - Starting resource-monitoring for container_1571167809508_0001_01_000001
datanode_2  | 2019-10-15 19:30:14,563 INFO util.JmxRegister: Successfully registered JMX Bean with object name Ratis:service=RaftServer,group=group-1E99089D4CF0,id=3b3a7e81-e4c1-4278-af1f-14d7ae5bf3d4
rm_1        | 2019-10-15 19:30:09 INFO  CallQueueManager:84 - Using callQueue: class java.util.concurrent.LinkedBlockingQueue queueCapacity: 5000 scheduler: class org.apache.hadoop.ipc.DefaultRpcScheduler
datanode_3  | 2019-10-15 19:30:14,638 INFO impl.RoleInfo: 26694e6c-88f7-41d5-9643-903bf2700483: start LeaderElection
nm_1        | 2019-10-15 19:31:12 INFO  DefaultContainerExecutor:370 - launchContainer: [bash, /tmp/hadoop-hadoop/nm-local-dir/usercache/hadoop/appcache/application_1571167809508_0001/container_1571167809508_0001_01_000001/default_container_executor.sh]
datanode_2  | 2019-10-15 19:30:14,672 INFO impl.FollowerState: 3b3a7e81-e4c1-4278-af1f-14d7ae5bf3d4@group-1E99089D4CF0-FollowerState: change to CANDIDATE, lastRpcTime:109ms, electionTimeout:109ms
rm_1        | 2019-10-15 19:30:09 INFO  Server:1070 - Starting Socket Reader #1 for port 8031
datanode_3  | 2019-10-15 19:30:14,658 INFO impl.LeaderElection: 26694e6c-88f7-41d5-9643-903bf2700483@group-1E99089D4CF0-LeaderElection2: begin an election at term 1 for -1: [3b3a7e81-e4c1-4278-af1f-14d7ae5bf3d4:172.18.0.6:9858, 32780a4e-3fb3-4bd5-a120-b3d58fd0a130:172.18.0.8:9858, 26694e6c-88f7-41d5-9643-903bf2700483:172.18.0.9:9858], old=null
nm_1        | 2019-10-15 19:31:12 INFO  ContainersMonitorImpl:567 - container_1571167809508_0001_01_000001's ip = 172.18.0.5, and hostname = nm
datanode_2  | 2019-10-15 19:30:14,673 INFO impl.RoleInfo: 3b3a7e81-e4c1-4278-af1f-14d7ae5bf3d4: shutdown FollowerState
datanode_3  | 2019-10-15 19:30:14,722 INFO impl.LeaderElection: 26694e6c-88f7-41d5-9643-903bf2700483@group-1E99089D4CF0-LeaderElection2: Election TIMEOUT; received 0 response(s) [] and 0 exception(s); 26694e6c-88f7-41d5-9643-903bf2700483@group-1E99089D4CF0:t1, leader=null, voted=26694e6c-88f7-41d5-9643-903bf2700483, raftlog=26694e6c-88f7-41d5-9643-903bf2700483@group-1E99089D4CF0-SegmentedRaftLog:OPENED:c-1,f-1,i0, conf=-1: [3b3a7e81-e4c1-4278-af1f-14d7ae5bf3d4:172.18.0.6:9858, 32780a4e-3fb3-4bd5-a120-b3d58fd0a130:172.18.0.8:9858, 26694e6c-88f7-41d5-9643-903bf2700483:172.18.0.9:9858], old=null
nm_1        | 2019-10-15 19:31:12 INFO  Configuration:3318 - Removed undeclared tags:
rm_1        | 2019-10-15 19:30:09 INFO  RpcServerFactoryPBImpl:173 - Adding protocol org.apache.hadoop.yarn.server.api.ResourceTrackerPB to the server
datanode_2  | 2019-10-15 19:30:14,673 INFO impl.RaftServerImpl: 3b3a7e81-e4c1-4278-af1f-14d7ae5bf3d4@group-1E99089D4CF0: changes role from  FOLLOWER to CANDIDATE at term 0 for changeToCandidate
datanode_3  | 2019-10-15 19:30:14,762 INFO segmented.SegmentedRaftLogWorker: 26694e6c-88f7-41d5-9643-903bf2700483@group-D85A0486CE28-SegmentedRaftLogWorker: created new log segment /data/metadata/ratis/c92b290f-ad97-45ee-8458-d85a0486ce28/current/log_inprogress_0
nm_1        | 2019-10-15 19:31:15 INFO  ContainersMonitorImpl:468 - Skipping monitoring container container_1571167809508_0001_01_000001 since CPU usage is not yet available.
rm_1        | 2019-10-15 19:30:09 INFO  Server:1310 - IPC Server Responder: starting
datanode_3  | 2019-10-15 19:30:14,762 INFO impl.LeaderElection: 26694e6c-88f7-41d5-9643-903bf2700483@group-1E99089D4CF0-LeaderElection2: begin an election at term 2 for -1: [3b3a7e81-e4c1-4278-af1f-14d7ae5bf3d4:172.18.0.6:9858, 32780a4e-3fb3-4bd5-a120-b3d58fd0a130:172.18.0.8:9858, 26694e6c-88f7-41d5-9643-903bf2700483:172.18.0.9:9858], old=null
nm_1        | 2019-10-15 19:31:22 INFO  Server:1845 - Auth successful for appattempt_1571167809508_0001_000001 (auth:SIMPLE)
datanode_2  | 2019-10-15 19:30:14,673 INFO impl.RoleInfo: 3b3a7e81-e4c1-4278-af1f-14d7ae5bf3d4: start LeaderElection
rm_1        | 2019-10-15 19:30:09 INFO  Server:1149 - IPC Server listener on 8031: starting
datanode_3  | 2019-10-15 19:30:14,860 INFO impl.LeaderElection: 26694e6c-88f7-41d5-9643-903bf2700483@group-1E99089D4CF0-LeaderElection2: Election DISCOVERED_A_NEW_TERM; received 1 response(s) [26694e6c-88f7-41d5-9643-903bf2700483<-32780a4e-3fb3-4bd5-a120-b3d58fd0a130#0:FAIL-t3] and 0 exception(s); 26694e6c-88f7-41d5-9643-903bf2700483@group-1E99089D4CF0:t2, leader=null, voted=26694e6c-88f7-41d5-9643-903bf2700483, raftlog=26694e6c-88f7-41d5-9643-903bf2700483@group-1E99089D4CF0-SegmentedRaftLog:OPENED:c-1,f-1,i0, conf=-1: [3b3a7e81-e4c1-4278-af1f-14d7ae5bf3d4:172.18.0.6:9858, 32780a4e-3fb3-4bd5-a120-b3d58fd0a130:172.18.0.8:9858, 26694e6c-88f7-41d5-9643-903bf2700483:172.18.0.9:9858], old=null
nm_1        | 2019-10-15 19:31:22 INFO  ContainerManagerImpl:1070 - Start request for container_1571167809508_0001_01_000002 by user hadoop
datanode_2  | 2019-10-15 19:30:14,685 INFO impl.LeaderElection: 3b3a7e81-e4c1-4278-af1f-14d7ae5bf3d4@group-1E99089D4CF0-LeaderElection2: begin an election at term 1 for -1: [3b3a7e81-e4c1-4278-af1f-14d7ae5bf3d4:172.18.0.6:9858, 32780a4e-3fb3-4bd5-a120-b3d58fd0a130:172.18.0.8:9858, 26694e6c-88f7-41d5-9643-903bf2700483:172.18.0.9:9858], old=null
rm_1        | 2019-10-15 19:30:09 INFO  JvmPauseMonitor:188 - Starting JVM pause monitor
datanode_3  | 2019-10-15 19:30:14,863 INFO impl.RaftServerImpl: 26694e6c-88f7-41d5-9643-903bf2700483@group-1E99089D4CF0: changes role from CANDIDATE to FOLLOWER at term 3 for DISCOVERED_A_NEW_TERM
nm_1        | 2019-10-15 19:31:22 INFO  NMAuditLogger:94 - USER=hadoop	IP=172.18.0.5	OPERATION=Start Container Request	TARGET=ContainerManageImpl	RESULT=SUCCESS	APPID=application_1571167809508_0001	CONTAINERID=container_1571167809508_0001_01_000002
datanode_2  | 2019-10-15 19:30:14,696 INFO impl.LeaderElection: 3b3a7e81-e4c1-4278-af1f-14d7ae5bf3d4@group-1E99089D4CF0-LeaderElection2: Election TIMEOUT; received 0 response(s) [] and 0 exception(s); 3b3a7e81-e4c1-4278-af1f-14d7ae5bf3d4@group-1E99089D4CF0:t1, leader=null, voted=3b3a7e81-e4c1-4278-af1f-14d7ae5bf3d4, raftlog=3b3a7e81-e4c1-4278-af1f-14d7ae5bf3d4@group-1E99089D4CF0-SegmentedRaftLog:OPENED:c-1,f-1,i0, conf=-1: [3b3a7e81-e4c1-4278-af1f-14d7ae5bf3d4:172.18.0.6:9858, 32780a4e-3fb3-4bd5-a120-b3d58fd0a130:172.18.0.8:9858, 26694e6c-88f7-41d5-9643-903bf2700483:172.18.0.9:9858], old=null
datanode_3  | 2019-10-15 19:30:14,864 INFO impl.RoleInfo: 26694e6c-88f7-41d5-9643-903bf2700483: shutdown LeaderElection
rm_1        | 2019-10-15 19:30:09 INFO  CallQueueManager:84 - Using callQueue: class java.util.concurrent.LinkedBlockingQueue queueCapacity: 5000 scheduler: class org.apache.hadoop.ipc.DefaultRpcScheduler
nm_1        | 2019-10-15 19:31:22 INFO  ApplicationImpl:463 - Adding container_1571167809508_0001_01_000002 to application application_1571167809508_0001
datanode_2  | 2019-10-15 19:30:14,709 INFO impl.LeaderElection: 3b3a7e81-e4c1-4278-af1f-14d7ae5bf3d4@group-1E99089D4CF0-LeaderElection2: begin an election at term 2 for -1: [3b3a7e81-e4c1-4278-af1f-14d7ae5bf3d4:172.18.0.6:9858, 32780a4e-3fb3-4bd5-a120-b3d58fd0a130:172.18.0.8:9858, 26694e6c-88f7-41d5-9643-903bf2700483:172.18.0.9:9858], old=null
rm_1        | 2019-10-15 19:30:09 INFO  Server:1070 - Starting Socket Reader #1 for port 8030
datanode_3  | 2019-10-15 19:30:14,864 INFO impl.RoleInfo: 26694e6c-88f7-41d5-9643-903bf2700483: start FollowerState
nm_1        | 2019-10-15 19:31:22 INFO  ContainerImpl:2126 - Container container_1571167809508_0001_01_000002 transitioned from NEW to LOCALIZING
datanode_2  | 2019-10-15 19:30:14,784 INFO impl.LeaderElection: 3b3a7e81-e4c1-4278-af1f-14d7ae5bf3d4@group-1E99089D4CF0-LeaderElection2: Election TIMEOUT; received 0 response(s) [] and 0 exception(s); 3b3a7e81-e4c1-4278-af1f-14d7ae5bf3d4@group-1E99089D4CF0:t2, leader=null, voted=3b3a7e81-e4c1-4278-af1f-14d7ae5bf3d4, raftlog=3b3a7e81-e4c1-4278-af1f-14d7ae5bf3d4@group-1E99089D4CF0-SegmentedRaftLog:OPENED:c-1,f-1,i0, conf=-1: [3b3a7e81-e4c1-4278-af1f-14d7ae5bf3d4:172.18.0.6:9858, 32780a4e-3fb3-4bd5-a120-b3d58fd0a130:172.18.0.8:9858, 26694e6c-88f7-41d5-9643-903bf2700483:172.18.0.9:9858], old=null
rm_1        | 2019-10-15 19:30:09 INFO  RpcServerFactoryPBImpl:173 - Adding protocol org.apache.hadoop.yarn.api.ApplicationMasterProtocolPB to the server
datanode_3  | 2019-10-15 19:30:14,884 INFO impl.RaftServerImpl: 26694e6c-88f7-41d5-9643-903bf2700483@group-1E99089D4CF0: changes role from  FOLLOWER to FOLLOWER at term 3 for recognizeCandidate:3b3a7e81-e4c1-4278-af1f-14d7ae5bf3d4
nm_1        | 2019-10-15 19:31:22 INFO  AuxServices:350 - Got event CONTAINER_INIT for appId application_1571167809508_0001
datanode_2  | 2019-10-15 19:30:14,797 INFO impl.LeaderElection: 3b3a7e81-e4c1-4278-af1f-14d7ae5bf3d4@group-1E99089D4CF0-LeaderElection2: begin an election at term 3 for -1: [3b3a7e81-e4c1-4278-af1f-14d7ae5bf3d4:172.18.0.6:9858, 32780a4e-3fb3-4bd5-a120-b3d58fd0a130:172.18.0.8:9858, 26694e6c-88f7-41d5-9643-903bf2700483:172.18.0.9:9858], old=null
rm_1        | 2019-10-15 19:30:09 INFO  Server:1149 - IPC Server listener on 8030: starting
datanode_3  | 2019-10-15 19:30:14,900 INFO impl.RoleInfo: 26694e6c-88f7-41d5-9643-903bf2700483: shutdown FollowerState
nm_1        | 2019-10-15 19:31:22 INFO  AuxServices:350 - Got event APPLICATION_INIT for appId application_1571167809508_0001
datanode_2  | 2019-10-15 19:30:14,892 INFO impl.LeaderElection: 3b3a7e81-e4c1-4278-af1f-14d7ae5bf3d4@group-1E99089D4CF0-LeaderElection2: Election PASSED; received 1 response(s) [3b3a7e81-e4c1-4278-af1f-14d7ae5bf3d4<-32780a4e-3fb3-4bd5-a120-b3d58fd0a130#0:OK-t3] and 0 exception(s); 3b3a7e81-e4c1-4278-af1f-14d7ae5bf3d4@group-1E99089D4CF0:t3, leader=null, voted=3b3a7e81-e4c1-4278-af1f-14d7ae5bf3d4, raftlog=3b3a7e81-e4c1-4278-af1f-14d7ae5bf3d4@group-1E99089D4CF0-SegmentedRaftLog:OPENED:c-1,f-1,i0, conf=-1: [3b3a7e81-e4c1-4278-af1f-14d7ae5bf3d4:172.18.0.6:9858, 32780a4e-3fb3-4bd5-a120-b3d58fd0a130:172.18.0.8:9858, 26694e6c-88f7-41d5-9643-903bf2700483:172.18.0.9:9858], old=null
rm_1        | 2019-10-15 19:30:09 INFO  Server:1310 - IPC Server Responder: starting
datanode_3  | 2019-10-15 19:30:14,900 INFO impl.FollowerState: 26694e6c-88f7-41d5-9643-903bf2700483@group-1E99089D4CF0-FollowerState was interrupted: java.lang.InterruptedException: sleep interrupted
nm_1        | 2019-10-15 19:31:22 INFO  AuxServices:354 - Got APPLICATION_INIT for service mapreduce_shuffle
rm_1        | 2019-10-15 19:30:09 INFO  CallQueueManager:84 - Using callQueue: class java.util.concurrent.LinkedBlockingQueue queueCapacity: 5000 scheduler: class org.apache.hadoop.ipc.DefaultRpcScheduler
datanode_3  | 2019-10-15 19:30:14,900 INFO impl.RoleInfo: 26694e6c-88f7-41d5-9643-903bf2700483: start FollowerState
nm_1        | 2019-10-15 19:31:22 INFO  ShuffleHandler:719 - Added token for job_1571167809508_0001
datanode_2  | 2019-10-15 19:30:14,893 INFO impl.RoleInfo: 3b3a7e81-e4c1-4278-af1f-14d7ae5bf3d4: shutdown LeaderElection
rm_1        | 2019-10-15 19:30:09 INFO  Server:1070 - Starting Socket Reader #1 for port 8032
datanode_3  | 2019-10-15 19:30:14,970 INFO impl.RaftServerImpl: 26694e6c-88f7-41d5-9643-903bf2700483@group-1E99089D4CF0: change Leader from null to 3b3a7e81-e4c1-4278-af1f-14d7ae5bf3d4 at term 3 for appendEntries, leader elected after 414ms
nm_1        | 2019-10-15 19:31:22 INFO  ContainerImpl:2126 - Container container_1571167809508_0001_01_000002 transitioned from LOCALIZING to SCHEDULED
datanode_2  | 2019-10-15 19:30:14,893 INFO impl.RaftServerImpl: 3b3a7e81-e4c1-4278-af1f-14d7ae5bf3d4@group-1E99089D4CF0: changes role from CANDIDATE to LEADER at term 3 for changeToLeader
rm_1        | 2019-10-15 19:30:09 INFO  RpcServerFactoryPBImpl:173 - Adding protocol org.apache.hadoop.yarn.api.ApplicationClientProtocolPB to the server
nm_1        | 2019-10-15 19:31:22 INFO  ContainerScheduler:511 - Starting container [container_1571167809508_0001_01_000002]
datanode_3  | 2019-10-15 19:30:14,988 INFO impl.RaftServerImpl: 26694e6c-88f7-41d5-9643-903bf2700483@group-1E99089D4CF0: set configuration 0: [3b3a7e81-e4c1-4278-af1f-14d7ae5bf3d4:172.18.0.6:9858, 32780a4e-3fb3-4bd5-a120-b3d58fd0a130:172.18.0.8:9858, 26694e6c-88f7-41d5-9643-903bf2700483:172.18.0.9:9858], old=null at 0
datanode_2  | 2019-10-15 19:30:14,893 INFO impl.RaftServerImpl: 3b3a7e81-e4c1-4278-af1f-14d7ae5bf3d4@group-1E99089D4CF0: change Leader from null to 3b3a7e81-e4c1-4278-af1f-14d7ae5bf3d4 at term 3 for becomeLeader, leader elected after 338ms
nm_1        | 2019-10-15 19:31:22 INFO  Configuration:3318 - Removed undeclared tags:
datanode_3  | 2019-10-15 19:30:14,988 INFO segmented.SegmentedRaftLogWorker: 26694e6c-88f7-41d5-9643-903bf2700483@group-1E99089D4CF0-SegmentedRaftLogWorker: Starting segment from index:0
rm_1        | 2019-10-15 19:30:09 INFO  Server:1310 - IPC Server Responder: starting
datanode_2  | 2019-10-15 19:30:14,894 INFO server.RaftServerConfigKeys: raft.server.staging.catchup.gap = 1000 (default)
nm_1        | 2019-10-15 19:31:22 INFO  ContainerImpl:2126 - Container container_1571167809508_0001_01_000002 transitioned from SCHEDULED to RUNNING
datanode_3  | 2019-10-15 19:30:15,022 INFO segmented.SegmentedRaftLogWorker: 26694e6c-88f7-41d5-9643-903bf2700483@group-1E99089D4CF0-SegmentedRaftLogWorker: created new log segment /data/metadata/ratis/0853c287-ca38-442b-8d1d-1e99089d4cf0/current/log_inprogress_0
rm_1        | 2019-10-15 19:30:09 INFO  Server:1149 - IPC Server listener on 8032: starting
datanode_2  | 2019-10-15 19:30:14,894 INFO server.RaftServerConfigKeys: raft.server.rpc.sleep.time = 25ms (default)
datanode_3  | 2019-10-15 19:30:39,035 WARN client.GrpcClientProtocolService: 0-OrderedRequestStreamObserver0: onError: org.apache.ratis.thirdparty.io.grpc.StatusRuntimeException: CANCELLED: cancelled before receiving half close
nm_1        | 2019-10-15 19:31:22 INFO  ContainersMonitorImpl:943 - Starting resource-monitoring for container_1571167809508_0001_01_000002
rm_1        | 2019-10-15 19:30:09 INFO  ResourceManager:1279 - Transitioned to active state
datanode_2  | 2019-10-15 19:30:14,894 INFO server.RaftServerConfigKeys: raft.server.write.element-limit = 4096 (default)
nm_1        | 2019-10-15 19:31:22 INFO  DefaultContainerExecutor:370 - launchContainer: [bash, /tmp/hadoop-hadoop/nm-local-dir/usercache/hadoop/appcache/application_1571167809508_0001/container_1571167809508_0001_01_000002/default_container_executor.sh]
rm_1        | 2019-10-15 19:30:10 INFO  ResourceTrackerService:495 - NodeManager from node nm(cmPort: 36697 httpPort: 8042) registered with capability: <memory:8192, vCores:8>, assigned nodeId nm:36697
datanode_2  | 2019-10-15 19:30:14,894 INFO server.RaftServerConfigKeys: raft.server.watch.timeout = 10s (default)
nm_1        | 2019-10-15 19:31:24 INFO  ContainersMonitorImpl:567 - container_1571167809508_0001_01_000002's ip = 172.18.0.5, and hostname = nm
rm_1        | 2019-10-15 19:30:10 INFO  RMNodeImpl:671 - nm:36697 Node Transitioned from NEW to RUNNING
nm_1        | 2019-10-15 19:31:27 INFO  ContainerLaunch:589 - Container container_1571167809508_0001_01_000002 succeeded 
rm_1        | 2019-10-15 19:30:10 INFO  CapacityScheduler:1866 - Added node nm:36697 clusterResource: <memory:8192, vCores:8>
datanode_2  | 2019-10-15 19:30:14,894 INFO server.RaftServerConfigKeys: raft.server.watch.timeout.denomination = 1s (default)
nm_1        | 2019-10-15 19:31:27 INFO  ContainerImpl:2126 - Container container_1571167809508_0001_01_000002 transitioned from RUNNING to EXITED_WITH_SUCCESS
rm_1        | 2019-10-15 19:31:06 INFO  ClientRMService:341 - Allocated new applicationId: 1
datanode_2  | 2019-10-15 19:30:14,894 INFO server.RaftServerConfigKeys: raft.server.watch.element-limit = 65536 (default)
nm_1        | 2019-10-15 19:31:27 INFO  ContainerLaunch:745 - Cleaning up container container_1571167809508_0001_01_000002
rm_1        | 2019-10-15 19:31:08 INFO  CapacityScheduler:2500 - Application 'application_1571167809508_0001' is submitted without priority hence considering default queue/cluster priority: 0
datanode_2  | 2019-10-15 19:30:14,902 INFO server.RaftServerConfigKeys: raft.server.log.appender.snapshot.chunk.size.max = 16MB (=16777216) (default)
rm_1        | 2019-10-15 19:31:08 INFO  CapacityScheduler:2521 - Priority '0' is acceptable in queue : default for application: application_1571167809508_0001
nm_1        | 2019-10-15 19:31:27 INFO  Configuration:3318 - Removed undeclared tags:
datanode_2  | 2019-10-15 19:30:14,903 INFO server.RaftServerConfigKeys: raft.server.log.appender.buffer.byte-limit = 33554432 (custom)
rm_1        | 2019-10-15 19:31:08 INFO  ClientRMService:650 - Application with id 1 submitted by user hadoop
nm_1        | 2019-10-15 19:31:27 INFO  DefaultContainerExecutor:634 - Deleting absolute path : /tmp/hadoop-hadoop/nm-local-dir/usercache/hadoop/appcache/application_1571167809508_0001/container_1571167809508_0001_01_000002/launch_container.sh
datanode_2  | 2019-10-15 19:30:14,904 INFO server.RaftServerConfigKeys: raft.server.log.appender.buffer.element-limit = 1 (custom)
rm_1        | 2019-10-15 19:31:08 INFO  RMAppImpl:1259 - Storing application with id application_1571167809508_0001
datanode_2  | 2019-10-15 19:30:14,907 INFO grpc.GrpcConfigKeys$Server: raft.grpc.server.leader.outstanding.appends.max = 128 (default)
rm_1        | 2019-10-15 19:31:08 INFO  RMAuditLogger:310 - USER=hadoop	IP=172.18.0.4	OPERATION=Submit Application Request	TARGET=ClientRMService	RESULT=SUCCESS	APPID=application_1571167809508_0001	CALLERCONTEXT=CLI	QUEUENAME=default
nm_1        | 2019-10-15 19:31:27 INFO  DefaultContainerExecutor:634 - Deleting absolute path : /tmp/hadoop-hadoop/nm-local-dir/usercache/hadoop/appcache/application_1571167809508_0001/container_1571167809508_0001_01_000002/container_tokens
datanode_2  | 2019-10-15 19:30:14,907 INFO server.RaftServerConfigKeys: raft.server.rpc.request.timeout = 3000ms (default)
rm_1        | 2019-10-15 19:31:08 INFO  RMStateStore:222 - Storing info for app: application_1571167809508_0001
nm_1        | 2019-10-15 19:31:27 INFO  NMAuditLogger:94 - USER=hadoop	OPERATION=Container Finished - Succeeded	TARGET=ContainerImpl	RESULT=SUCCESS	APPID=application_1571167809508_0001	CONTAINERID=container_1571167809508_0001_01_000002
datanode_2  | 2019-10-15 19:30:14,907 INFO server.RaftServerConfigKeys: raft.server.log.appender.install.snapshot.enabled = false (custom)
rm_1        | 2019-10-15 19:31:08 INFO  RMAppImpl:912 - application_1571167809508_0001 State change from NEW to NEW_SAVING on event = START
nm_1        | 2019-10-15 19:31:27 INFO  ContainerImpl:2126 - Container container_1571167809508_0001_01_000002 transitioned from EXITED_WITH_SUCCESS to DONE
datanode_2  | 2019-10-15 19:30:14,912 INFO server.RaftServerConfigKeys: raft.server.log.appender.snapshot.chunk.size.max = 16MB (=16777216) (default)
rm_1        | 2019-10-15 19:31:08 INFO  RMAppImpl:912 - application_1571167809508_0001 State change from NEW_SAVING to SUBMITTED on event = APP_NEW_SAVED
datanode_2  | 2019-10-15 19:30:14,912 INFO server.RaftServerConfigKeys: raft.server.log.appender.buffer.byte-limit = 33554432 (custom)
rm_1        | 2019-10-15 19:31:08 INFO  ParentQueue:494 - Application added - appId: application_1571167809508_0001 user: hadoop leaf-queue of parent: root #applications: 1
datanode_2  | 2019-10-15 19:30:14,912 INFO server.RaftServerConfigKeys: raft.server.log.appender.buffer.element-limit = 1 (custom)
nm_1        | 2019-10-15 19:31:27 INFO  ApplicationImpl:512 - Removing container_1571167809508_0001_01_000002 from application application_1571167809508_0001
rm_1        | 2019-10-15 19:31:08 INFO  CapacityScheduler:954 - Accepted application application_1571167809508_0001 from user: hadoop, in queue: default
datanode_2  | 2019-10-15 19:30:14,912 INFO grpc.GrpcConfigKeys$Server: raft.grpc.server.leader.outstanding.appends.max = 128 (default)
nm_1        | 2019-10-15 19:31:27 INFO  ContainersMonitorImpl:934 - Stopping resource-monitoring for container_1571167809508_0001_01_000002
rm_1        | 2019-10-15 19:31:08 INFO  RMAppImpl:912 - application_1571167809508_0001 State change from SUBMITTED to ACCEPTED on event = APP_ACCEPTED
datanode_2  | 2019-10-15 19:30:14,912 INFO server.RaftServerConfigKeys: raft.server.rpc.request.timeout = 3000ms (default)
rm_1        | 2019-10-15 19:31:08 INFO  ApplicationMasterService:479 - Registering app attempt : appattempt_1571167809508_0001_000001
nm_1        | 2019-10-15 19:31:27 INFO  AuxServices:350 - Got event CONTAINER_STOP for appId application_1571167809508_0001
datanode_2  | 2019-10-15 19:30:14,912 INFO server.RaftServerConfigKeys: raft.server.log.appender.install.snapshot.enabled = false (custom)
rm_1        | 2019-10-15 19:31:08 INFO  RMAppAttemptImpl:927 - appattempt_1571167809508_0001_000001 State change from NEW to SUBMITTED on event = START
nm_1        | 2019-10-15 19:31:28 INFO  Server:1845 - Auth successful for appattempt_1571167809508_0001_000001 (auth:SIMPLE)
datanode_2  | 2019-10-15 19:30:14,916 INFO impl.RoleInfo: 3b3a7e81-e4c1-4278-af1f-14d7ae5bf3d4: start LeaderState
nm_1        | 2019-10-15 19:31:28 INFO  ContainerManagerImpl:1070 - Start request for container_1571167809508_0001_01_000003 by user hadoop
datanode_2  | 2019-10-15 19:30:14,916 INFO segmented.SegmentedRaftLogWorker: 3b3a7e81-e4c1-4278-af1f-14d7ae5bf3d4@group-1E99089D4CF0-SegmentedRaftLogWorker: Starting segment from index:0
rm_1        | 2019-10-15 19:31:08 WARN  LeafQueue:846 - maximum-am-resource-percent is insufficient to start a single application in queue, it is likely set too low. skipping enforcement to allow at least one application to start
nm_1        | 2019-10-15 19:31:28 INFO  NMAuditLogger:94 - USER=hadoop	IP=172.18.0.5	OPERATION=Start Container Request	TARGET=ContainerManageImpl	RESULT=SUCCESS	APPID=application_1571167809508_0001	CONTAINERID=container_1571167809508_0001_01_000003
datanode_2  | 2019-10-15 19:30:14,917 INFO impl.RaftServerImpl: 3b3a7e81-e4c1-4278-af1f-14d7ae5bf3d4@group-1E99089D4CF0: set configuration 0: [3b3a7e81-e4c1-4278-af1f-14d7ae5bf3d4:172.18.0.6:9858, 32780a4e-3fb3-4bd5-a120-b3d58fd0a130:172.18.0.8:9858, 26694e6c-88f7-41d5-9643-903bf2700483:172.18.0.9:9858], old=null at 0
rm_1        | 2019-10-15 19:31:08 WARN  LeafQueue:882 - maximum-am-resource-percent is insufficient to start a single application in queue for user, it is likely set too low. skipping enforcement to allow at least one application to start
nm_1        | 2019-10-15 19:31:28 INFO  ApplicationImpl:463 - Adding container_1571167809508_0001_01_000003 to application application_1571167809508_0001
datanode_2  | 2019-10-15 19:30:14,941 INFO segmented.SegmentedRaftLogWorker: 3b3a7e81-e4c1-4278-af1f-14d7ae5bf3d4@group-1E99089D4CF0-SegmentedRaftLogWorker: created new log segment /data/metadata/ratis/0853c287-ca38-442b-8d1d-1e99089d4cf0/current/log_inprogress_0
rm_1        | 2019-10-15 19:31:08 INFO  LeafQueue:911 - Application application_1571167809508_0001 from user: hadoop activated in queue: default
nm_1        | 2019-10-15 19:31:28 INFO  ContainerImpl:2126 - Container container_1571167809508_0001_01_000003 transitioned from NEW to LOCALIZING
rm_1        | 2019-10-15 19:31:08 INFO  LeafQueue:941 - Application added - appId: application_1571167809508_0001 user: hadoop, leaf-queue: default #user-pending-applications: 0 #user-active-applications: 1 #queue-pending-applications: 0 #queue-active-applications: 1
nm_1        | 2019-10-15 19:31:28 INFO  AuxServices:350 - Got event CONTAINER_INIT for appId application_1571167809508_0001
rm_1        | 2019-10-15 19:31:08 INFO  CapacityScheduler:1000 - Added Application Attempt appattempt_1571167809508_0001_000001 to scheduler from user hadoop in queue default
nm_1        | 2019-10-15 19:31:28 INFO  AuxServices:350 - Got event APPLICATION_INIT for appId application_1571167809508_0001
rm_1        | 2019-10-15 19:31:08 INFO  RMAppAttemptImpl:927 - appattempt_1571167809508_0001_000001 State change from SUBMITTED to SCHEDULED on event = ATTEMPT_ADDED
rm_1        | 2019-10-15 19:31:08 INFO  AbstractContainerAllocator:129 - assignedContainer application attempt=appattempt_1571167809508_0001_000001 container=null queue=default clusterResource=<memory:8192, vCores:8> type=OFF_SWITCH requestedPartition=
