scm_1       | --2019-10-06 06:40:55--  http://kdc:8081/keytab/scm/yarn
jhs         | Keytab name: FILE:/etc/security/keytabs/nm.keytab
om_1        | ---- ----------------- --------------------------------------------------------
datanode_3  | KVNO Timestamp         Principal
datanode_1  | Keytab name: FILE:/etc/security/keytabs/nm.keytab
rm_1        | Length: 142 [application/octet-stream]
kdc_1       | Oct 06 06:40:37 kdc krb5kdc[9](info): AS_REQ (8 etypes {18 17 20 19 16 23 25 26}) 127.0.0.1: SERVER_NOT_FOUND: admin/admin@EXAMPLE.COM for kadmin/localhost@EXAMPLE.COM, Server not found in Kerberos database
nm_1        | Keytab name: FILE:/etc/security/keytabs/nm.keytab
s3g_1       |      0K                                                       100% 12.6M=0s
datanode_2  |      0K                                                       100% 16.0M=0s
kms_1       | 
scm_1       | Resolving kdc (kdc)... 172.18.0.2
jhs         | KVNO Timestamp         Principal
om_1        |    2 10/06/19 06:40:50 nm/om@EXAMPLE.COM
datanode_3  | ---- ----------------- --------------------------------------------------------
datanode_1  | KVNO Timestamp         Principal
kdc_1       | Oct 06 06:40:37 kdc krb5kdc[9](info): AS_REQ (8 etypes {18 17 20 19 16 23 25 26}) 127.0.0.1: ISSUE: authtime 1570344037, etypes {rep=18 tkt=18 ses=18}, admin/admin@EXAMPLE.COM for kadmin/admin@EXAMPLE.COM
nm_1        | KVNO Timestamp         Principal
s3g_1       | 
datanode_2  | 
kms_1       | Keytab name: FILE:/etc/security/keytabs/nm.keytab
scm_1       | Connecting to kdc (kdc)|172.18.0.2|:8081... connected.
rm_1        | Saving to: '/etc/security/keytabs/yarn.keytab'
jhs         | ---- ----------------- --------------------------------------------------------
om_1        |    2 10/06/19 06:40:50 nm/om@EXAMPLE.COM
datanode_3  |    2 10/06/19 06:40:52 nm/4df058313071@EXAMPLE.COM
datanode_1  | ---- ----------------- --------------------------------------------------------
kdc_1       | Oct 06 06:40:37 kdc krb5kdc[9](info): AS_REQ (8 etypes {18 17 20 19 16 23 25 26}) 127.0.0.1: SERVER_NOT_FOUND: admin/admin@EXAMPLE.COM for kadmin/localhost@EXAMPLE.COM, Server not found in Kerberos database
s3g_1       | 2019-10-06 06:40:43 (12.6 MB/s) - '/etc/security/keytabs/nm.keytab' saved [140/140]
nm_1        | ---- ----------------- --------------------------------------------------------
scm_1       | HTTP request sent, awaiting response... 200 OK
kms_1       | KVNO Timestamp         Principal
datanode_2  | 2019-10-06 06:40:44 (16.0 MB/s) - '/etc/security/keytabs/nm.keytab' saved [158/158]
rm_1        | 
jhs         |    2 10/06/19 06:40:54 nm/jhs@EXAMPLE.COM
om_1        | Download yarn/om@EXAMPLE.COM keytab file to /etc/security/keytabs/yarn.keytab
datanode_3  |    2 10/06/19 06:40:52 nm/4df058313071@EXAMPLE.COM
datanode_1  |    2 10/06/19 06:40:51 nm/b13524c67f71@EXAMPLE.COM
kdc_1       | Oct 06 06:40:37 kdc krb5kdc[9](info): AS_REQ (8 etypes {18 17 20 19 16 23 25 26}) 127.0.0.1: ISSUE: authtime 1570344037, etypes {rep=18 tkt=18 ses=18}, admin/admin@EXAMPLE.COM for kadmin/admin@EXAMPLE.COM
s3g_1       | 
nm_1        |    2 10/06/19 06:40:52 nm/nm@EXAMPLE.COM
scm_1       | Length: 144 [application/octet-stream]
kms_1       | ---- ----------------- --------------------------------------------------------
rm_1        |      0K                                                       100% 19.9M=0s
jhs         |    2 10/06/19 06:40:54 nm/jhs@EXAMPLE.COM
om_1        | --2019-10-06 06:40:50--  http://kdc:8081/keytab/om/yarn
datanode_1  |    2 10/06/19 06:40:51 nm/b13524c67f71@EXAMPLE.COM
datanode_3  | Download yarn/4df058313071@EXAMPLE.COM keytab file to /etc/security/keytabs/yarn.keytab
datanode_2  | 
kdc_1       | Oct 06 06:40:38 kdc krb5kdc[9](info): AS_REQ (8 etypes {18 17 20 19 16 23 25 26}) 127.0.0.1: SERVER_NOT_FOUND: admin/admin@EXAMPLE.COM for kadmin/localhost@EXAMPLE.COM, Server not found in Kerberos database
s3g_1       | Keytab name: FILE:/etc/security/keytabs/nm.keytab
nm_1        |    2 10/06/19 06:40:52 nm/nm@EXAMPLE.COM
kms_1       |    2 10/06/19 06:40:51 nm/768d1d7044a6@EXAMPLE.COM
scm_1       | Saving to: '/etc/security/keytabs/yarn.keytab'
rm_1        | 
jhs         | Download yarn/jhs@EXAMPLE.COM keytab file to /etc/security/keytabs/yarn.keytab
datanode_1  | Download yarn/b13524c67f71@EXAMPLE.COM keytab file to /etc/security/keytabs/yarn.keytab
om_1        | Resolving kdc (kdc)... 172.18.0.2
datanode_3  | --2019-10-06 06:40:52--  http://kdc:8081/keytab/4df058313071/yarn
datanode_2  | Keytab name: FILE:/etc/security/keytabs/nm.keytab
kdc_1       | Oct 06 06:40:38 kdc krb5kdc[9](info): AS_REQ (8 etypes {18 17 20 19 16 23 25 26}) 127.0.0.1: ISSUE: authtime 1570344038, etypes {rep=18 tkt=18 ses=18}, admin/admin@EXAMPLE.COM for kadmin/admin@EXAMPLE.COM
s3g_1       | KVNO Timestamp         Principal
nm_1        | Download yarn/nm@EXAMPLE.COM keytab file to /etc/security/keytabs/yarn.keytab
kms_1       |    2 10/06/19 06:40:51 nm/768d1d7044a6@EXAMPLE.COM
scm_1       | 
jhs         | --2019-10-06 06:40:54--  http://kdc:8081/keytab/jhs/yarn
rm_1        | 2019-10-06 06:40:56 (19.9 MB/s) - '/etc/security/keytabs/yarn.keytab' saved [142/142]
datanode_1  | --2019-10-06 06:40:51--  http://kdc:8081/keytab/b13524c67f71/yarn
datanode_3  | Resolving kdc (kdc)... 172.18.0.2
datanode_2  | KVNO Timestamp         Principal
kdc_1       | Oct 06 06:40:37 kdc kadmind[15](info): closing down fd 18
s3g_1       | ---- ----------------- --------------------------------------------------------
om_1        | Connecting to kdc (kdc)|172.18.0.2|:8081... connected.
nm_1        | --2019-10-06 06:40:52--  http://kdc:8081/keytab/nm/yarn
kms_1       | Download yarn/768d1d7044a6@EXAMPLE.COM keytab file to /etc/security/keytabs/yarn.keytab
scm_1       |      0K                                                       100% 20.7M=0s
jhs         | Resolving kdc (kdc)... 172.18.0.2
rm_1        | 
datanode_3  | Connecting to kdc (kdc)|172.18.0.2|:8081... connected.
datanode_1  | Resolving kdc (kdc)... 172.18.0.2
datanode_2  | ---- ----------------- --------------------------------------------------------
kdc_1       | Oct 06 06:40:37 kdc kadmind[15](Notice): Request: kadm5_init, admin/admin@EXAMPLE.COM, success, client=admin/admin@EXAMPLE.COM, service=kadmin/admin@EXAMPLE.COM, addr=127.0.0.1, vers=4, flavor=6
s3g_1       |    2 10/06/19 06:40:43 nm/s3g@EXAMPLE.COM
om_1        | HTTP request sent, awaiting response... 200 OK
nm_1        | Resolving kdc (kdc)... 172.18.0.2
kms_1       | --2019-10-06 06:40:51--  http://kdc:8081/keytab/768d1d7044a6/yarn
scm_1       | 
jhs         | Connecting to kdc (kdc)|172.18.0.2|:8081... connected.
rm_1        | Keytab name: FILE:/etc/security/keytabs/yarn.keytab
datanode_3  | HTTP request sent, awaiting response... 200 OK
datanode_1  | Connecting to kdc (kdc)|172.18.0.2|:8081... connected.
datanode_2  |    2 10/06/19 06:40:44 nm/17248f48b238@EXAMPLE.COM
kdc_1       | Oct 06 06:40:37 kdc kadmind[15](Notice): Request: kadm5_get_policy, default, Policy does not exist, client=admin/admin@EXAMPLE.COM, service=kadmin/admin@EXAMPLE.COM, addr=127.0.0.1
s3g_1       |    2 10/06/19 06:40:43 nm/s3g@EXAMPLE.COM
nm_1        | Connecting to kdc (kdc)|172.18.0.2|:8081... connected.
om_1        | Length: 142 [application/octet-stream]
kms_1       | Resolving kdc (kdc)... 172.18.0.2
scm_1       | 2019-10-06 06:40:56 (20.7 MB/s) - '/etc/security/keytabs/yarn.keytab' saved [144/144]
rm_1        | KVNO Timestamp         Principal
jhs         | HTTP request sent, awaiting response... 200 OK
datanode_3  | Length: 162 [application/octet-stream]
datanode_1  | HTTP request sent, awaiting response... 200 OK
datanode_2  |    2 10/06/19 06:40:44 nm/17248f48b238@EXAMPLE.COM
kdc_1       | Oct 06 06:40:37 kdc kadmind[15](Notice): Request: kadm5_create_principal, dn/17248f48b238@EXAMPLE.COM, success, client=admin/admin@EXAMPLE.COM, service=kadmin/admin@EXAMPLE.COM, addr=127.0.0.1
s3g_1       | Download yarn/s3g@EXAMPLE.COM keytab file to /etc/security/keytabs/yarn.keytab
nm_1        | HTTP request sent, awaiting response... 200 OK
om_1        | Saving to: '/etc/security/keytabs/yarn.keytab'
kms_1       | Connecting to kdc (kdc)|172.18.0.2|:8081... connected.
scm_1       | 
rm_1        | ---- ----------------- --------------------------------------------------------
jhs         | Length: 144 [application/octet-stream]
datanode_3  | Saving to: '/etc/security/keytabs/yarn.keytab'
datanode_1  | Length: 162 [application/octet-stream]
datanode_2  | Download yarn/17248f48b238@EXAMPLE.COM keytab file to /etc/security/keytabs/yarn.keytab
kdc_1       | Oct 06 06:40:37 kdc kadmind[15](info): closing down fd 18
s3g_1       | --2019-10-06 06:40:43--  http://kdc:8081/keytab/s3g/yarn
nm_1        | Length: 142 [application/octet-stream]
om_1        | 
kms_1       | HTTP request sent, awaiting response... 200 OK
scm_1       | Keytab name: FILE:/etc/security/keytabs/yarn.keytab
rm_1        |    2 10/06/19 06:40:56 yarn/rm@EXAMPLE.COM
jhs         | Saving to: '/etc/security/keytabs/yarn.keytab'
datanode_3  | 
datanode_1  | Saving to: '/etc/security/keytabs/yarn.keytab'
datanode_2  | --2019-10-06 06:40:44--  http://kdc:8081/keytab/17248f48b238/yarn
kdc_1       | Oct 06 06:40:37 kdc kadmind[15](Notice): Request: kadm5_init, admin/admin@EXAMPLE.COM, success, client=admin/admin@EXAMPLE.COM, service=kadmin/admin@EXAMPLE.COM, addr=127.0.0.1, vers=4, flavor=6
s3g_1       | Resolving kdc (kdc)... 172.18.0.2
nm_1        | Saving to: '/etc/security/keytabs/yarn.keytab'
om_1        |      0K                                                       100% 13.8M=0s
kms_1       | Length: 162 [application/octet-stream]
scm_1       | KVNO Timestamp         Principal
rm_1        |    2 10/06/19 06:40:56 yarn/rm@EXAMPLE.COM
jhs         | 
datanode_3  |      0K                                                       100% 16.8M=0s
datanode_2  | Resolving kdc (kdc)... 172.18.0.2
datanode_1  | 
kdc_1       | Oct 06 06:40:37 kdc kadmind[15](Notice): Request: kadm5_randkey_principal, dn/17248f48b238@EXAMPLE.COM, success, client=admin/admin@EXAMPLE.COM, service=kadmin/admin@EXAMPLE.COM, addr=127.0.0.1
s3g_1       | Connecting to kdc (kdc)|172.18.0.2|:8081... connected.
nm_1        | 
kms_1       | Saving to: '/etc/security/keytabs/yarn.keytab'
om_1        | 
scm_1       | ---- ----------------- --------------------------------------------------------
rm_1        | Download jhs/rm@EXAMPLE.COM keytab file to /etc/security/keytabs/jhs.keytab
jhs         |      0K                                                       100% 15.6M=0s
datanode_3  | 
datanode_2  | Connecting to kdc (kdc)|172.18.0.2|:8081... connected.
datanode_1  |      0K                                                       100% 17.0M=0s
kdc_1       | Oct 06 06:40:37 kdc kadmind[15](Notice): Request: kadm5_get_principal, dn/17248f48b238@EXAMPLE.COM, success, client=admin/admin@EXAMPLE.COM, service=kadmin/admin@EXAMPLE.COM, addr=127.0.0.1
s3g_1       | HTTP request sent, awaiting response... 200 OK
nm_1        |      0K                                                       100% 14.9M=0s
kms_1       | 
om_1        | 2019-10-06 06:40:52 (13.8 MB/s) - '/etc/security/keytabs/yarn.keytab' saved [142/142]
scm_1       |    2 10/06/19 06:40:56 yarn/scm@EXAMPLE.COM
jhs         | 
rm_1        | --2019-10-06 06:40:56--  http://kdc:8081/keytab/rm/jhs
datanode_3  | 2019-10-06 06:40:54 (16.8 MB/s) - '/etc/security/keytabs/yarn.keytab' saved [162/162]
datanode_2  | HTTP request sent, awaiting response... 200 OK
datanode_1  | 
kdc_1       | Oct 06 06:40:37 kdc kadmind[15](info): closing down fd 18
nm_1        | 
om_1        | 
kms_1       |      0K                                                       100% 17.0M=0s
scm_1       |    2 10/06/19 06:40:56 yarn/scm@EXAMPLE.COM
jhs         | 2019-10-06 06:40:55 (15.6 MB/s) - '/etc/security/keytabs/yarn.keytab' saved [144/144]
s3g_1       | Length: 144 [application/octet-stream]
rm_1        | Resolving kdc (kdc)... 172.18.0.2
datanode_3  | 
datanode_2  | Length: 162 [application/octet-stream]
kdc_1       | Oct 06 06:40:37 kdc kadmind[15](Notice): Request: kadm5_init, admin/admin@EXAMPLE.COM, success, client=admin/admin@EXAMPLE.COM, service=kadmin/admin@EXAMPLE.COM, addr=127.0.0.1, vers=4, flavor=6
datanode_1  | 2019-10-06 06:40:53 (17.0 MB/s) - '/etc/security/keytabs/yarn.keytab' saved [162/162]
nm_1        | 2019-10-06 06:40:54 (14.9 MB/s) - '/etc/security/keytabs/yarn.keytab' saved [142/142]
om_1        | Keytab name: FILE:/etc/security/keytabs/yarn.keytab
kms_1       | 
scm_1       | Download jhs/scm@EXAMPLE.COM keytab file to /etc/security/keytabs/jhs.keytab
jhs         | 
datanode_3  | Keytab name: FILE:/etc/security/keytabs/yarn.keytab
rm_1        | Connecting to kdc (kdc)|172.18.0.2|:8081... connected.
s3g_1       | Saving to: '/etc/security/keytabs/yarn.keytab'
datanode_2  | Saving to: '/etc/security/keytabs/yarn.keytab'
kdc_1       | Oct 06 06:40:37 kdc kadmind[15](Notice): Request: kadm5_get_policy, default, Policy does not exist, client=admin/admin@EXAMPLE.COM, service=kadmin/admin@EXAMPLE.COM, addr=127.0.0.1
nm_1        | 
om_1        | KVNO Timestamp         Principal
datanode_1  | 
kms_1       | 2019-10-06 06:40:54 (17.0 MB/s) - '/etc/security/keytabs/yarn.keytab' saved [162/162]
jhs         | Keytab name: FILE:/etc/security/keytabs/yarn.keytab
scm_1       | --2019-10-06 06:40:56--  http://kdc:8081/keytab/scm/jhs
datanode_3  | KVNO Timestamp         Principal
rm_1        | HTTP request sent, awaiting response... 200 OK
s3g_1       | 
datanode_2  | 
kdc_1       | Oct 06 06:40:37 kdc kadmind[15](Notice): Request: kadm5_create_principal, om/s3g@EXAMPLE.COM, success, client=admin/admin@EXAMPLE.COM, service=kadmin/admin@EXAMPLE.COM, addr=127.0.0.1
nm_1        | Keytab name: FILE:/etc/security/keytabs/yarn.keytab
om_1        | ---- ----------------- --------------------------------------------------------
datanode_1  | Keytab name: FILE:/etc/security/keytabs/yarn.keytab
kms_1       | 
jhs         | KVNO Timestamp         Principal
scm_1       | Resolving kdc (kdc)... 172.18.0.2
datanode_3  | ---- ----------------- --------------------------------------------------------
rm_1        | Length: 140 [application/octet-stream]
s3g_1       |      0K                                                       100% 14.7M=0s
datanode_2  |      0K                                                       100% 15.9M=0s
kdc_1       | Oct 06 06:40:37 kdc kadmind[15](info): closing down fd 18
nm_1        | KVNO Timestamp         Principal
om_1        |    2 10/06/19 06:40:52 yarn/om@EXAMPLE.COM
datanode_1  | KVNO Timestamp         Principal
kms_1       | Keytab name: FILE:/etc/security/keytabs/yarn.keytab
datanode_3  |    2 10/06/19 06:40:54 yarn/4df058313071@EXAMPLE.COM
scm_1       | Connecting to kdc (kdc)|172.18.0.2|:8081... connected.
jhs         | ---- ----------------- --------------------------------------------------------
rm_1        | Saving to: '/etc/security/keytabs/jhs.keytab'
s3g_1       | 
datanode_2  | 
kdc_1       | Oct 06 06:40:37 kdc kadmind[15](Notice): Request: kadm5_init, admin/admin@EXAMPLE.COM, success, client=admin/admin@EXAMPLE.COM, service=kadmin/admin@EXAMPLE.COM, addr=127.0.0.1, vers=4, flavor=6
nm_1        | ---- ----------------- --------------------------------------------------------
om_1        |    2 10/06/19 06:40:52 yarn/om@EXAMPLE.COM
datanode_1  | ---- ----------------- --------------------------------------------------------
kms_1       | KVNO Timestamp         Principal
scm_1       | HTTP request sent, awaiting response... 200 OK
jhs         |    2 10/06/19 06:40:55 yarn/jhs@EXAMPLE.COM
rm_1        | 
datanode_3  |    2 10/06/19 06:40:54 yarn/4df058313071@EXAMPLE.COM
s3g_1       | 2019-10-06 06:40:44 (14.7 MB/s) - '/etc/security/keytabs/yarn.keytab' saved [144/144]
datanode_2  | 2019-10-06 06:40:46 (15.9 MB/s) - '/etc/security/keytabs/yarn.keytab' saved [162/162]
kdc_1       | Oct 06 06:40:37 kdc kadmind[15](Notice): Request: kadm5_randkey_principal, om/s3g@EXAMPLE.COM, success, client=admin/admin@EXAMPLE.COM, service=kadmin/admin@EXAMPLE.COM, addr=127.0.0.1
nm_1        |    2 10/06/19 06:40:54 yarn/nm@EXAMPLE.COM
om_1        | Download jhs/om@EXAMPLE.COM keytab file to /etc/security/keytabs/jhs.keytab
datanode_1  |    2 10/06/19 06:40:52 yarn/b13524c67f71@EXAMPLE.COM
kms_1       | ---- ----------------- --------------------------------------------------------
scm_1       | Length: 142 [application/octet-stream]
jhs         |    2 10/06/19 06:40:55 yarn/jhs@EXAMPLE.COM
rm_1        |      0K                                                       100% 13.9M=0s
s3g_1       | 
datanode_3  | Download jhs/4df058313071@EXAMPLE.COM keytab file to /etc/security/keytabs/jhs.keytab
datanode_2  | 
kdc_1       | Oct 06 06:40:37 kdc kadmind[15](Notice): Request: kadm5_get_principal, om/s3g@EXAMPLE.COM, success, client=admin/admin@EXAMPLE.COM, service=kadmin/admin@EXAMPLE.COM, addr=127.0.0.1
nm_1        |    2 10/06/19 06:40:54 yarn/nm@EXAMPLE.COM
om_1        | --2019-10-06 06:40:52--  http://kdc:8081/keytab/om/jhs
datanode_1  |    2 10/06/19 06:40:52 yarn/b13524c67f71@EXAMPLE.COM
kms_1       |    2 10/06/19 06:40:54 yarn/768d1d7044a6@EXAMPLE.COM
scm_1       | Saving to: '/etc/security/keytabs/jhs.keytab'
jhs         | Download jhs/jhs@EXAMPLE.COM keytab file to /etc/security/keytabs/jhs.keytab
rm_1        | 
s3g_1       | Keytab name: FILE:/etc/security/keytabs/yarn.keytab
datanode_3  | --2019-10-06 06:40:54--  http://kdc:8081/keytab/4df058313071/jhs
datanode_2  | Keytab name: FILE:/etc/security/keytabs/yarn.keytab
kdc_1       | Oct 06 06:40:37 kdc kadmind[15](info): closing down fd 18
nm_1        | Download jhs/nm@EXAMPLE.COM keytab file to /etc/security/keytabs/jhs.keytab
om_1        | Resolving kdc (kdc)... 172.18.0.2
kms_1       |    2 10/06/19 06:40:54 yarn/768d1d7044a6@EXAMPLE.COM
datanode_1  | Download jhs/b13524c67f71@EXAMPLE.COM keytab file to /etc/security/keytabs/jhs.keytab
scm_1       | 
jhs         | --2019-10-06 06:40:55--  http://kdc:8081/keytab/jhs/jhs
rm_1        | 2019-10-06 06:40:57 (13.9 MB/s) - '/etc/security/keytabs/jhs.keytab' saved [140/140]
datanode_3  | Resolving kdc (kdc)... 172.18.0.2
datanode_2  | KVNO Timestamp         Principal
s3g_1       | KVNO Timestamp         Principal
kdc_1       | Oct 06 06:40:37 kdc kadmind[15](Notice): Request: kadm5_init, admin/admin@EXAMPLE.COM, success, client=admin/admin@EXAMPLE.COM, service=kadmin/admin@EXAMPLE.COM, addr=127.0.0.1, vers=4, flavor=6
nm_1        | --2019-10-06 06:40:54--  http://kdc:8081/keytab/nm/jhs
om_1        | Connecting to kdc (kdc)|172.18.0.2|:8081... connected.
kms_1       | Download jhs/768d1d7044a6@EXAMPLE.COM keytab file to /etc/security/keytabs/jhs.keytab
datanode_1  | --2019-10-06 06:40:53--  http://kdc:8081/keytab/b13524c67f71/jhs
scm_1       |      0K                                                       100% 14.1M=0s
jhs         | Resolving kdc (kdc)... 172.18.0.2
rm_1        | 
datanode_3  | Connecting to kdc (kdc)|172.18.0.2|:8081... connected.
datanode_2  | ---- ----------------- --------------------------------------------------------
s3g_1       | ---- ----------------- --------------------------------------------------------
kdc_1       | Oct 06 06:40:37 kdc kadmind[15](Notice): Request: kadm5_get_policy, default, Policy does not exist, client=admin/admin@EXAMPLE.COM, service=kadmin/admin@EXAMPLE.COM, addr=127.0.0.1
nm_1        | Resolving kdc (kdc)... 172.18.0.2
om_1        | HTTP request sent, awaiting response... 200 OK
kms_1       | --2019-10-06 06:40:54--  http://kdc:8081/keytab/768d1d7044a6/jhs
datanode_1  | Resolving kdc (kdc)... 172.18.0.2
scm_1       | 
jhs         | Connecting to kdc (kdc)|172.18.0.2|:8081... connected.
rm_1        | Keytab name: FILE:/etc/security/keytabs/jhs.keytab
datanode_3  | HTTP request sent, awaiting response... 200 OK
datanode_2  |    2 10/06/19 06:40:46 yarn/17248f48b238@EXAMPLE.COM
kdc_1       | Oct 06 06:40:37 kdc kadmind[15](Notice): Request: kadm5_create_principal, om/17248f48b238@EXAMPLE.COM, success, client=admin/admin@EXAMPLE.COM, service=kadmin/admin@EXAMPLE.COM, addr=127.0.0.1
nm_1        | Connecting to kdc (kdc)|172.18.0.2|:8081... connected.
kms_1       | Resolving kdc (kdc)... 172.18.0.2
om_1        | Length: 140 [application/octet-stream]
s3g_1       |    2 10/06/19 06:40:44 yarn/s3g@EXAMPLE.COM
datanode_1  | Connecting to kdc (kdc)|172.18.0.2|:8081... connected.
scm_1       | 2019-10-06 06:40:58 (14.1 MB/s) - '/etc/security/keytabs/jhs.keytab' saved [142/142]
jhs         | HTTP request sent, awaiting response... 200 OK
datanode_3  | Length: 160 [application/octet-stream]
datanode_2  |    2 10/06/19 06:40:46 yarn/17248f48b238@EXAMPLE.COM
rm_1        | KVNO Timestamp         Principal
nm_1        | HTTP request sent, awaiting response... 200 OK
kdc_1       | Oct 06 06:40:37 kdc kadmind[15](info): closing down fd 18
kms_1       | Connecting to kdc (kdc)|172.18.0.2|:8081... connected.
om_1        | Saving to: '/etc/security/keytabs/jhs.keytab'
s3g_1       |    2 10/06/19 06:40:44 yarn/s3g@EXAMPLE.COM
datanode_1  | HTTP request sent, awaiting response... 200 OK
scm_1       | 
jhs         | Length: 142 [application/octet-stream]
datanode_3  | Saving to: '/etc/security/keytabs/jhs.keytab'
datanode_2  | Download jhs/17248f48b238@EXAMPLE.COM keytab file to /etc/security/keytabs/jhs.keytab
rm_1        | ---- ----------------- --------------------------------------------------------
nm_1        | Length: 140 [application/octet-stream]
kdc_1       | Oct 06 06:40:37 kdc kadmind[15](Notice): Request: kadm5_init, admin/admin@EXAMPLE.COM, success, client=admin/admin@EXAMPLE.COM, service=kadmin/admin@EXAMPLE.COM, addr=127.0.0.1, vers=4, flavor=6
kms_1       | HTTP request sent, awaiting response... 200 OK
om_1        | 
s3g_1       | Download jhs/s3g@EXAMPLE.COM keytab file to /etc/security/keytabs/jhs.keytab
datanode_1  | Length: 160 [application/octet-stream]
scm_1       | Keytab name: FILE:/etc/security/keytabs/jhs.keytab
jhs         | Saving to: '/etc/security/keytabs/jhs.keytab'
datanode_3  | 
datanode_2  | --2019-10-06 06:40:46--  http://kdc:8081/keytab/17248f48b238/jhs
rm_1        |    2 10/06/19 06:40:57 jhs/rm@EXAMPLE.COM
nm_1        | Saving to: '/etc/security/keytabs/jhs.keytab'
kdc_1       | Oct 06 06:40:37 kdc kadmind[15](Notice): Request: kadm5_randkey_principal, om/17248f48b238@EXAMPLE.COM, success, client=admin/admin@EXAMPLE.COM, service=kadmin/admin@EXAMPLE.COM, addr=127.0.0.1
kms_1       | Length: 160 [application/octet-stream]
om_1        |      0K                                                       100% 11.5M=0s
s3g_1       | --2019-10-06 06:40:44--  http://kdc:8081/keytab/s3g/jhs
datanode_1  | Saving to: '/etc/security/keytabs/jhs.keytab'
scm_1       | KVNO Timestamp         Principal
jhs         | 
datanode_3  |      0K                                                       100% 16.6M=0s
datanode_2  | Resolving kdc (kdc)... 172.18.0.2
rm_1        |    2 10/06/19 06:40:57 jhs/rm@EXAMPLE.COM
nm_1        | 
kdc_1       | Oct 06 06:40:37 kdc kadmind[15](Notice): Request: kadm5_get_principal, om/17248f48b238@EXAMPLE.COM, success, client=admin/admin@EXAMPLE.COM, service=kadmin/admin@EXAMPLE.COM, addr=127.0.0.1
kms_1       | Saving to: '/etc/security/keytabs/jhs.keytab'
om_1        | 
s3g_1       | Resolving kdc (kdc)... 172.18.0.2
datanode_1  | 
scm_1       | ---- ----------------- --------------------------------------------------------
jhs         |      0K                                                       100% 13.5M=0s
datanode_3  | 
rm_1        | Download hadoop/rm@EXAMPLE.COM keytab file to /etc/security/keytabs/hadoop.keytab
nm_1        |      0K                                                       100% 16.6M=0s
kms_1       | 
kdc_1       | Oct 06 06:40:37 kdc kadmind[15](info): closing down fd 18
datanode_2  | Connecting to kdc (kdc)|172.18.0.2|:8081... connected.
om_1        | 2019-10-06 06:40:54 (11.5 MB/s) - '/etc/security/keytabs/jhs.keytab' saved [140/140]
s3g_1       | Connecting to kdc (kdc)|172.18.0.2|:8081... connected.
datanode_1  |      0K                                                       100% 15.3M=0s
scm_1       |    2 10/06/19 06:40:58 jhs/scm@EXAMPLE.COM
jhs         | 
datanode_3  | 2019-10-06 06:40:55 (16.6 MB/s) - '/etc/security/keytabs/jhs.keytab' saved [160/160]
rm_1        | --2019-10-06 06:40:57--  http://kdc:8081/keytab/rm/hadoop
nm_1        | 
kms_1       |      0K                                                       100% 20.2M=0s
kdc_1       | Oct 06 06:40:37 kdc kadmind[15](Notice): Request: kadm5_init, admin/admin@EXAMPLE.COM, success, client=admin/admin@EXAMPLE.COM, service=kadmin/admin@EXAMPLE.COM, addr=127.0.0.1, vers=4, flavor=6
datanode_2  | HTTP request sent, awaiting response... 200 OK
om_1        | 
s3g_1       | HTTP request sent, awaiting response... 200 OK
datanode_1  | 
scm_1       |    2 10/06/19 06:40:58 jhs/scm@EXAMPLE.COM
jhs         | 2019-10-06 06:40:57 (13.5 MB/s) - '/etc/security/keytabs/jhs.keytab' saved [142/142]
datanode_3  | 
rm_1        | Resolving kdc (kdc)... 172.18.0.2
nm_1        | 2019-10-06 06:40:55 (16.6 MB/s) - '/etc/security/keytabs/jhs.keytab' saved [140/140]
kms_1       | 
kdc_1       | Oct 06 06:40:37 kdc kadmind[15](Notice): Request: kadm5_get_policy, default, Policy does not exist, client=admin/admin@EXAMPLE.COM, service=kadmin/admin@EXAMPLE.COM, addr=127.0.0.1
datanode_2  | Length: 160 [application/octet-stream]
om_1        | Keytab name: FILE:/etc/security/keytabs/jhs.keytab
s3g_1       | Length: 142 [application/octet-stream]
datanode_1  | 2019-10-06 06:40:54 (15.3 MB/s) - '/etc/security/keytabs/jhs.keytab' saved [160/160]
scm_1       | Download hadoop/scm@EXAMPLE.COM keytab file to /etc/security/keytabs/hadoop.keytab
jhs         | 
datanode_3  | Keytab name: FILE:/etc/security/keytabs/jhs.keytab
rm_1        | Connecting to kdc (kdc)|172.18.0.2|:8081... connected.
nm_1        | 
kms_1       | 2019-10-06 06:40:55 (20.2 MB/s) - '/etc/security/keytabs/jhs.keytab' saved [160/160]
kdc_1       | Oct 06 06:40:37 kdc kadmind[15](Notice): Request: kadm5_create_principal, scm/s3g@EXAMPLE.COM, success, client=admin/admin@EXAMPLE.COM, service=kadmin/admin@EXAMPLE.COM, addr=127.0.0.1
datanode_2  | Saving to: '/etc/security/keytabs/jhs.keytab'
om_1        | KVNO Timestamp         Principal
s3g_1       | Saving to: '/etc/security/keytabs/jhs.keytab'
datanode_1  | 
scm_1       | --2019-10-06 06:40:58--  http://kdc:8081/keytab/scm/hadoop
jhs         | Keytab name: FILE:/etc/security/keytabs/jhs.keytab
datanode_3  | KVNO Timestamp         Principal
rm_1        | HTTP request sent, awaiting response... 200 OK
nm_1        | Keytab name: FILE:/etc/security/keytabs/jhs.keytab
kms_1       | 
kdc_1       | Oct 06 06:40:37 kdc kadmind[15](info): closing down fd 18
datanode_2  | 
om_1        | ---- ----------------- --------------------------------------------------------
s3g_1       | 
datanode_1  | Keytab name: FILE:/etc/security/keytabs/jhs.keytab
scm_1       | Resolving kdc (kdc)... 172.18.0.2
jhs         | KVNO Timestamp         Principal
rm_1        | Length: 146 [application/octet-stream]
nm_1        | KVNO Timestamp         Principal
kms_1       | Keytab name: FILE:/etc/security/keytabs/jhs.keytab
kdc_1       | Oct 06 06:40:37 kdc kadmind[15](Notice): Request: kadm5_init, admin/admin@EXAMPLE.COM, success, client=admin/admin@EXAMPLE.COM, service=kadmin/admin@EXAMPLE.COM, addr=127.0.0.1, vers=4, flavor=6
datanode_2  |      0K                                                       100% 16.5M=0s
om_1        |    2 10/06/19 06:40:54 jhs/om@EXAMPLE.COM
datanode_3  | ---- ----------------- --------------------------------------------------------
datanode_1  | KVNO Timestamp         Principal
s3g_1       |      0K                                                       100% 13.3M=0s
scm_1       | Connecting to kdc (kdc)|172.18.0.2|:8081... connected.
jhs         | ---- ----------------- --------------------------------------------------------
rm_1        | Saving to: '/etc/security/keytabs/hadoop.keytab'
nm_1        | ---- ----------------- --------------------------------------------------------
kms_1       | KVNO Timestamp         Principal
kdc_1       | Oct 06 06:40:37 kdc kadmind[15](Notice): Request: kadm5_randkey_principal, scm/s3g@EXAMPLE.COM, success, client=admin/admin@EXAMPLE.COM, service=kadmin/admin@EXAMPLE.COM, addr=127.0.0.1
datanode_2  | 
om_1        |    2 10/06/19 06:40:54 jhs/om@EXAMPLE.COM
datanode_3  |    2 10/06/19 06:40:55 jhs/4df058313071@EXAMPLE.COM
datanode_1  | ---- ----------------- --------------------------------------------------------
s3g_1       | 
scm_1       | HTTP request sent, awaiting response... 200 OK
jhs         |    2 10/06/19 06:40:56 jhs/jhs@EXAMPLE.COM
rm_1        | 
nm_1        |    2 10/06/19 06:40:55 jhs/nm@EXAMPLE.COM
kms_1       | ---- ----------------- --------------------------------------------------------
kdc_1       | Oct 06 06:40:37 kdc kadmind[15](Notice): Request: kadm5_get_principal, scm/s3g@EXAMPLE.COM, success, client=admin/admin@EXAMPLE.COM, service=kadmin/admin@EXAMPLE.COM, addr=127.0.0.1
datanode_2  | 2019-10-06 06:40:48 (16.5 MB/s) - '/etc/security/keytabs/jhs.keytab' saved [160/160]
om_1        | Download hadoop/om@EXAMPLE.COM keytab file to /etc/security/keytabs/hadoop.keytab
datanode_3  |    2 10/06/19 06:40:55 jhs/4df058313071@EXAMPLE.COM
datanode_1  |    2 10/06/19 06:40:54 jhs/b13524c67f71@EXAMPLE.COM
scm_1       | Length: 148 [application/octet-stream]
jhs         |    2 10/06/19 06:40:57 jhs/jhs@EXAMPLE.COM
s3g_1       | 2019-10-06 06:40:46 (13.3 MB/s) - '/etc/security/keytabs/jhs.keytab' saved [142/142]
rm_1        |      0K                                                       100% 14.2M=0s
kms_1       |    2 10/06/19 06:40:55 jhs/768d1d7044a6@EXAMPLE.COM
kdc_1       | Oct 06 06:40:37 kdc kadmind[15](info): closing down fd 18
datanode_2  | 
om_1        | --2019-10-06 06:40:54--  http://kdc:8081/keytab/om/hadoop
datanode_3  | Download hadoop/4df058313071@EXAMPLE.COM keytab file to /etc/security/keytabs/hadoop.keytab
datanode_1  |    2 10/06/19 06:40:54 jhs/b13524c67f71@EXAMPLE.COM
scm_1       | Saving to: '/etc/security/keytabs/hadoop.keytab'
jhs         | Download hadoop/jhs@EXAMPLE.COM keytab file to /etc/security/keytabs/hadoop.keytab
s3g_1       | 
nm_1        |    2 10/06/19 06:40:55 jhs/nm@EXAMPLE.COM
rm_1        | 
kms_1       |    2 10/06/19 06:40:55 jhs/768d1d7044a6@EXAMPLE.COM
datanode_2  | Keytab name: FILE:/etc/security/keytabs/jhs.keytab
om_1        | Resolving kdc (kdc)... 172.18.0.2
datanode_3  | --2019-10-06 06:40:55--  http://kdc:8081/keytab/4df058313071/hadoop
kdc_1       | Oct 06 06:40:37 kdc kadmind[15](Notice): Request: kadm5_init, admin/admin@EXAMPLE.COM, success, client=admin/admin@EXAMPLE.COM, service=kadmin/admin@EXAMPLE.COM, addr=127.0.0.1, vers=4, flavor=6
scm_1       | 
datanode_1  | Download hadoop/b13524c67f71@EXAMPLE.COM keytab file to /etc/security/keytabs/hadoop.keytab
jhs         | --2019-10-06 06:40:57--  http://kdc:8081/keytab/jhs/hadoop
s3g_1       | Keytab name: FILE:/etc/security/keytabs/jhs.keytab
nm_1        | Download hadoop/nm@EXAMPLE.COM keytab file to /etc/security/keytabs/hadoop.keytab
rm_1        | 2019-10-06 06:40:59 (14.2 MB/s) - '/etc/security/keytabs/hadoop.keytab' saved [146/146]
kms_1       | Download hadoop/768d1d7044a6@EXAMPLE.COM keytab file to /etc/security/keytabs/hadoop.keytab
datanode_2  | KVNO Timestamp         Principal
om_1        | Connecting to kdc (kdc)|172.18.0.2|:8081... connected.
datanode_3  | Resolving kdc (kdc)... 172.18.0.2
datanode_1  | --2019-10-06 06:40:54--  http://kdc:8081/keytab/b13524c67f71/hadoop
scm_1       |      0K                                                       100% 15.7M=0s
kdc_1       | Oct 06 06:40:37 kdc kadmind[15](Notice): Request: kadm5_get_policy, default, Policy does not exist, client=admin/admin@EXAMPLE.COM, service=kadmin/admin@EXAMPLE.COM, addr=127.0.0.1
jhs         | Resolving kdc (kdc)... 172.18.0.2
s3g_1       | KVNO Timestamp         Principal
nm_1        | --2019-10-06 06:40:55--  http://kdc:8081/keytab/nm/hadoop
rm_1        | 
kms_1       | --2019-10-06 06:40:55--  http://kdc:8081/keytab/768d1d7044a6/hadoop
datanode_2  | ---- ----------------- --------------------------------------------------------
om_1        | HTTP request sent, awaiting response... 200 OK
datanode_1  | Resolving kdc (kdc)... 172.18.0.2
datanode_3  | Connecting to kdc (kdc)|172.18.0.2|:8081... connected.
scm_1       | 
kdc_1       | Oct 06 06:40:37 kdc kadmind[15](Notice): Request: kadm5_create_principal, scm/17248f48b238@EXAMPLE.COM, success, client=admin/admin@EXAMPLE.COM, service=kadmin/admin@EXAMPLE.COM, addr=127.0.0.1
jhs         | Connecting to kdc (kdc)|172.18.0.2|:8081... connected.
s3g_1       | ---- ----------------- --------------------------------------------------------
nm_1        | Resolving kdc (kdc)... 172.18.0.2
rm_1        | Keytab name: FILE:/etc/security/keytabs/hadoop.keytab
kms_1       | Resolving kdc (kdc)... 172.18.0.2
datanode_2  |    2 10/06/19 06:40:48 jhs/17248f48b238@EXAMPLE.COM
om_1        | Length: 146 [application/octet-stream]
datanode_1  | Connecting to kdc (kdc)|172.18.0.2|:8081... connected.
datanode_3  | HTTP request sent, awaiting response... 200 OK
scm_1       | 2019-10-06 06:40:59 (15.7 MB/s) - '/etc/security/keytabs/hadoop.keytab' saved [148/148]
kdc_1       | Oct 06 06:40:37 kdc kadmind[15](info): closing down fd 18
jhs         | HTTP request sent, awaiting response... 200 OK
s3g_1       |    2 10/06/19 06:40:46 jhs/s3g@EXAMPLE.COM
nm_1        | Connecting to kdc (kdc)|172.18.0.2|:8081... connected.
rm_1        | KVNO Timestamp         Principal
kms_1       | Connecting to kdc (kdc)|172.18.0.2|:8081... connected.
datanode_2  |    2 10/06/19 06:40:48 jhs/17248f48b238@EXAMPLE.COM
om_1        | Saving to: '/etc/security/keytabs/hadoop.keytab'
datanode_1  | HTTP request sent, awaiting response... 200 OK
datanode_3  | Length: 166 [application/octet-stream]
scm_1       | 
kdc_1       | Oct 06 06:40:37 kdc kadmind[15](Notice): Request: kadm5_init, admin/admin@EXAMPLE.COM, success, client=admin/admin@EXAMPLE.COM, service=kadmin/admin@EXAMPLE.COM, addr=127.0.0.1, vers=4, flavor=6
s3g_1       |    2 10/06/19 06:40:46 jhs/s3g@EXAMPLE.COM
nm_1        | HTTP request sent, awaiting response... 200 OK
rm_1        | ---- ----------------- --------------------------------------------------------
kms_1       | HTTP request sent, awaiting response... 200 OK
om_1        | 
datanode_2  | Download hadoop/17248f48b238@EXAMPLE.COM keytab file to /etc/security/keytabs/hadoop.keytab
jhs         | Length: 148 [application/octet-stream]
datanode_1  | Length: 166 [application/octet-stream]
datanode_3  | Saving to: '/etc/security/keytabs/hadoop.keytab'
scm_1       | Keytab name: FILE:/etc/security/keytabs/hadoop.keytab
s3g_1       | Download hadoop/s3g@EXAMPLE.COM keytab file to /etc/security/keytabs/hadoop.keytab
kdc_1       | Oct 06 06:40:37 kdc kadmind[15](Notice): Request: kadm5_randkey_principal, scm/17248f48b238@EXAMPLE.COM, success, client=admin/admin@EXAMPLE.COM, service=kadmin/admin@EXAMPLE.COM, addr=127.0.0.1
nm_1        | Length: 146 [application/octet-stream]
rm_1        |    2 10/06/19 06:40:59 hadoop/rm@EXAMPLE.COM
kms_1       | Length: 166 [application/octet-stream]
om_1        |      0K                                                       100% 16.1M=0s
datanode_2  | --2019-10-06 06:40:48--  http://kdc:8081/keytab/17248f48b238/hadoop
jhs         | Saving to: '/etc/security/keytabs/hadoop.keytab'
datanode_1  | Saving to: '/etc/security/keytabs/hadoop.keytab'
datanode_3  | 
scm_1       | KVNO Timestamp         Principal
s3g_1       | --2019-10-06 06:40:46--  http://kdc:8081/keytab/s3g/hadoop
kdc_1       | Oct 06 06:40:37 kdc kadmind[15](Notice): Request: kadm5_get_principal, scm/17248f48b238@EXAMPLE.COM, success, client=admin/admin@EXAMPLE.COM, service=kadmin/admin@EXAMPLE.COM, addr=127.0.0.1
nm_1        | Saving to: '/etc/security/keytabs/hadoop.keytab'
rm_1        |    2 10/06/19 06:40:59 hadoop/rm@EXAMPLE.COM
kms_1       | Saving to: '/etc/security/keytabs/hadoop.keytab'
om_1        | 
datanode_2  | Resolving kdc (kdc)... 172.18.0.2
jhs         | 
datanode_1  | 
datanode_3  |      0K                                                       100% 19.6M=0s
s3g_1       | Resolving kdc (kdc)... 172.18.0.2
kdc_1       | Oct 06 06:40:37 kdc kadmind[15](info): closing down fd 18
nm_1        | 
rm_1        | Download spark/rm@EXAMPLE.COM keytab file to /etc/security/keytabs/spark.keytab
scm_1       | ---- ----------------- --------------------------------------------------------
kms_1       | 
om_1        | 2019-10-06 06:40:55 (16.1 MB/s) - '/etc/security/keytabs/hadoop.keytab' saved [146/146]
datanode_2  | Connecting to kdc (kdc)|172.18.0.2|:8081... connected.
jhs         |      0K                                                       100% 11.0M=0s
datanode_1  |      0K                                                       100% 19.5M=0s
datanode_3  | 
s3g_1       | Connecting to kdc (kdc)|172.18.0.2|:8081... connected.
kdc_1       | Oct 06 06:40:37 kdc kadmind[15](Notice): Request: kadm5_init, admin/admin@EXAMPLE.COM, success, client=admin/admin@EXAMPLE.COM, service=kadmin/admin@EXAMPLE.COM, addr=127.0.0.1, vers=4, flavor=6
nm_1        |      0K                                                       100% 15.5M=0s
rm_1        | --2019-10-06 06:40:59--  http://kdc:8081/keytab/rm/spark
scm_1       |    2 10/06/19 06:40:59 hadoop/scm@EXAMPLE.COM
kms_1       |      0K                                                       100% 18.0M=0s
om_1        | 
datanode_2  | HTTP request sent, awaiting response... 200 OK
jhs         | 
datanode_1  | 
datanode_3  | 2019-10-06 06:40:57 (19.6 MB/s) - '/etc/security/keytabs/hadoop.keytab' saved [166/166]
s3g_1       | HTTP request sent, awaiting response... 200 OK
kdc_1       | Oct 06 06:40:37 kdc kadmind[15](Notice): Request: kadm5_get_policy, default, Policy does not exist, client=admin/admin@EXAMPLE.COM, service=kadmin/admin@EXAMPLE.COM, addr=127.0.0.1
nm_1        | 
rm_1        | Resolving kdc (kdc)... 172.18.0.2
scm_1       |    2 10/06/19 06:40:59 hadoop/scm@EXAMPLE.COM
kms_1       | 
om_1        | Keytab name: FILE:/etc/security/keytabs/hadoop.keytab
datanode_2  | Length: 166 [application/octet-stream]
datanode_1  | 2019-10-06 06:40:56 (19.5 MB/s) - '/etc/security/keytabs/hadoop.keytab' saved [166/166]
s3g_1       | Length: 148 [application/octet-stream]
datanode_3  | 
jhs         | 2019-10-06 06:40:58 (11.0 MB/s) - '/etc/security/keytabs/hadoop.keytab' saved [148/148]
kdc_1       | Oct 06 06:40:38 kdc kadmind[15](Notice): Request: kadm5_create_principal, HTTP/s3g@EXAMPLE.COM, success, client=admin/admin@EXAMPLE.COM, service=kadmin/admin@EXAMPLE.COM, addr=127.0.0.1
nm_1        | 2019-10-06 06:40:57 (15.5 MB/s) - '/etc/security/keytabs/hadoop.keytab' saved [146/146]
rm_1        | Connecting to kdc (kdc)|172.18.0.2|:8081... connected.
scm_1       | Download spark/scm@EXAMPLE.COM keytab file to /etc/security/keytabs/spark.keytab
kms_1       | 2019-10-06 06:40:56 (18.0 MB/s) - '/etc/security/keytabs/hadoop.keytab' saved [166/166]
om_1        | KVNO Timestamp         Principal
datanode_2  | Saving to: '/etc/security/keytabs/hadoop.keytab'
datanode_1  | 
s3g_1       | Saving to: '/etc/security/keytabs/hadoop.keytab'
datanode_3  | Keytab name: FILE:/etc/security/keytabs/hadoop.keytab
jhs         | 
nm_1        | 
rm_1        | HTTP request sent, awaiting response... 200 OK
scm_1       | --2019-10-06 06:40:59--  http://kdc:8081/keytab/scm/spark
kms_1       | 
om_1        | ---- ----------------- --------------------------------------------------------
kdc_1       | Oct 06 06:40:38 kdc kadmind[15](info): closing down fd 18
datanode_2  | 
datanode_1  | Keytab name: FILE:/etc/security/keytabs/hadoop.keytab
s3g_1       | 
datanode_3  | KVNO Timestamp         Principal
jhs         | Keytab name: FILE:/etc/security/keytabs/hadoop.keytab
nm_1        | Keytab name: FILE:/etc/security/keytabs/hadoop.keytab
rm_1        | Length: 144 [application/octet-stream]
scm_1       | Resolving kdc (kdc)... 172.18.0.2
kms_1       | Keytab name: FILE:/etc/security/keytabs/hadoop.keytab
kdc_1       | Oct 06 06:40:38 kdc kadmind[15](Notice): Request: kadm5_init, admin/admin@EXAMPLE.COM, success, client=admin/admin@EXAMPLE.COM, service=kadmin/admin@EXAMPLE.COM, addr=127.0.0.1, vers=4, flavor=6
om_1        |    2 10/06/19 06:40:55 hadoop/om@EXAMPLE.COM
datanode_2  |      0K                                                       100% 24.2M=0s
datanode_1  | KVNO Timestamp         Principal
s3g_1       |      0K                                                       100% 15.9M=0s
datanode_3  | ---- ----------------- --------------------------------------------------------
jhs         | KVNO Timestamp         Principal
nm_1        | KVNO Timestamp         Principal
rm_1        | Saving to: '/etc/security/keytabs/spark.keytab'
scm_1       | Connecting to kdc (kdc)|172.18.0.2|:8081... connected.
kms_1       | KVNO Timestamp         Principal
kdc_1       | Oct 06 06:40:38 kdc kadmind[15](Notice): Request: kadm5_randkey_principal, HTTP/s3g@EXAMPLE.COM, success, client=admin/admin@EXAMPLE.COM, service=kadmin/admin@EXAMPLE.COM, addr=127.0.0.1
om_1        |    2 10/06/19 06:40:55 hadoop/om@EXAMPLE.COM
datanode_2  | 
datanode_1  | ---- ----------------- --------------------------------------------------------
s3g_1       | 
datanode_3  |    2 10/06/19 06:40:57 hadoop/4df058313071@EXAMPLE.COM
jhs         | ---- ----------------- --------------------------------------------------------
nm_1        | ---- ----------------- --------------------------------------------------------
rm_1        | 
scm_1       | HTTP request sent, awaiting response... 200 OK
kms_1       | ---- ----------------- --------------------------------------------------------
kdc_1       | Oct 06 06:40:38 kdc kadmind[15](Notice): Request: kadm5_get_principal, HTTP/s3g@EXAMPLE.COM, success, client=admin/admin@EXAMPLE.COM, service=kadmin/admin@EXAMPLE.COM, addr=127.0.0.1
om_1        | Download spark/om@EXAMPLE.COM keytab file to /etc/security/keytabs/spark.keytab
datanode_2  | 2019-10-06 06:40:50 (24.2 MB/s) - '/etc/security/keytabs/hadoop.keytab' saved [166/166]
datanode_1  |    2 10/06/19 06:40:56 hadoop/b13524c67f71@EXAMPLE.COM
s3g_1       | 2019-10-06 06:40:49 (15.9 MB/s) - '/etc/security/keytabs/hadoop.keytab' saved [148/148]
datanode_3  |    2 10/06/19 06:40:57 hadoop/4df058313071@EXAMPLE.COM
jhs         |    2 10/06/19 06:40:58 hadoop/jhs@EXAMPLE.COM
nm_1        |    2 10/06/19 06:40:57 hadoop/nm@EXAMPLE.COM
rm_1        |      0K                                                       100% 2.96M=0s
scm_1       | Length: 146 [application/octet-stream]
kms_1       |    2 10/06/19 06:40:56 hadoop/768d1d7044a6@EXAMPLE.COM
kdc_1       | Entry for principal HTTP/s3g@EXAMPLE.COM with kvno 2, encryption type aes256-cts-hmac-sha1-96 added to keytab WRFILE:/data/HTTP.s3g.keytab.
om_1        | --2019-10-06 06:40:55--  http://kdc:8081/keytab/om/spark
datanode_2  | 
datanode_1  |    2 10/06/19 06:40:56 hadoop/b13524c67f71@EXAMPLE.COM
s3g_1       | 
jhs         |    2 10/06/19 06:40:58 hadoop/jhs@EXAMPLE.COM
datanode_3  | Download spark/4df058313071@EXAMPLE.COM keytab file to /etc/security/keytabs/spark.keytab
nm_1        |    2 10/06/19 06:40:57 hadoop/nm@EXAMPLE.COM
rm_1        | 
kms_1       |    2 10/06/19 06:40:56 hadoop/768d1d7044a6@EXAMPLE.COM
scm_1       | Saving to: '/etc/security/keytabs/spark.keytab'
kdc_1       | Entry for principal HTTP/s3g@EXAMPLE.COM with kvno 2, encryption type aes128-cts-hmac-sha1-96 added to keytab WRFILE:/data/HTTP.s3g.keytab.
om_1        | Resolving kdc (kdc)... 172.18.0.2
datanode_2  | Keytab name: FILE:/etc/security/keytabs/hadoop.keytab
datanode_1  | Download spark/b13524c67f71@EXAMPLE.COM keytab file to /etc/security/keytabs/spark.keytab
s3g_1       | Keytab name: FILE:/etc/security/keytabs/hadoop.keytab
jhs         | Download spark/jhs@EXAMPLE.COM keytab file to /etc/security/keytabs/spark.keytab
datanode_3  | --2019-10-06 06:40:57--  http://kdc:8081/keytab/4df058313071/spark
nm_1        | Download spark/nm@EXAMPLE.COM keytab file to /etc/security/keytabs/spark.keytab
rm_1        | 2019-10-06 06:41:00 (2.96 MB/s) - '/etc/security/keytabs/spark.keytab' saved [144/144]
kms_1       | Download spark/768d1d7044a6@EXAMPLE.COM keytab file to /etc/security/keytabs/spark.keytab
scm_1       | 
kdc_1       | Generiting keytab
datanode_2  | KVNO Timestamp         Principal
om_1        | Connecting to kdc (kdc)|172.18.0.2|:8081... connected.
datanode_1  | --2019-10-06 06:40:56--  http://kdc:8081/keytab/b13524c67f71/spark
s3g_1       | KVNO Timestamp         Principal
jhs         | --2019-10-06 06:40:58--  http://kdc:8081/keytab/jhs/spark
datanode_3  | Resolving kdc (kdc)... 172.18.0.2
nm_1        | --2019-10-06 06:40:57--  http://kdc:8081/keytab/nm/spark
rm_1        | 
kms_1       | --2019-10-06 06:40:56--  http://kdc:8081/keytab/768d1d7044a6/spark
scm_1       |      0K                                                       100% 13.5M=0s
kdc_1       | Authenticating as principal admin/admin with keytab /tmp/admin.keytab.
datanode_2  | ---- ----------------- --------------------------------------------------------
om_1        | HTTP request sent, awaiting response... 200 OK
datanode_1  | Resolving kdc (kdc)... 172.18.0.2
s3g_1       | ---- ----------------- --------------------------------------------------------
jhs         | Resolving kdc (kdc)... 172.18.0.2
datanode_3  | Connecting to kdc (kdc)|172.18.0.2|:8081... connected.
nm_1        | Resolving kdc (kdc)... 172.18.0.2
rm_1        | Keytab name: FILE:/etc/security/keytabs/spark.keytab
kms_1       | Resolving kdc (kdc)... 172.18.0.2
scm_1       | 
kdc_1       | WARNING: no policy specified for HTTP/17248f48b238@EXAMPLE.COM; defaulting to no policy
datanode_2  |    2 10/06/19 06:40:50 hadoop/17248f48b238@EXAMPLE.COM
om_1        | Length: 144 [application/octet-stream]
datanode_1  | Connecting to kdc (kdc)|172.18.0.2|:8081... connected.
s3g_1       |    2 10/06/19 06:40:48 hadoop/s3g@EXAMPLE.COM
jhs         | Connecting to kdc (kdc)|172.18.0.2|:8081... connected.
datanode_3  | HTTP request sent, awaiting response... 200 OK
nm_1        | Connecting to kdc (kdc)|172.18.0.2|:8081... connected.
rm_1        | KVNO Timestamp         Principal
kms_1       | Connecting to kdc (kdc)|172.18.0.2|:8081... connected.
scm_1       | 2019-10-06 06:41:00 (13.5 MB/s) - '/etc/security/keytabs/spark.keytab' saved [146/146]
kdc_1       | Principal "HTTP/17248f48b238@EXAMPLE.COM" created.
datanode_2  |    2 10/06/19 06:40:50 hadoop/17248f48b238@EXAMPLE.COM
om_1        | Saving to: '/etc/security/keytabs/spark.keytab'
datanode_1  | HTTP request sent, awaiting response... 200 OK
s3g_1       |    2 10/06/19 06:40:48 hadoop/s3g@EXAMPLE.COM
jhs         | HTTP request sent, awaiting response... 200 OK
datanode_3  | Length: 164 [application/octet-stream]
nm_1        | HTTP request sent, awaiting response... 200 OK
rm_1        | ---- ----------------- --------------------------------------------------------
kms_1       | HTTP request sent, awaiting response... 200 OK
kdc_1       | Authenticating as principal admin/admin with keytab /tmp/admin.keytab.
scm_1       | 
datanode_2  | Download spark/17248f48b238@EXAMPLE.COM keytab file to /etc/security/keytabs/spark.keytab
om_1        | 
datanode_1  | Length: 164 [application/octet-stream]
s3g_1       | Download spark/s3g@EXAMPLE.COM keytab file to /etc/security/keytabs/spark.keytab
datanode_3  | Saving to: '/etc/security/keytabs/spark.keytab'
nm_1        | Length: 144 [application/octet-stream]
jhs         | Length: 146 [application/octet-stream]
rm_1        |    2 10/06/19 06:41:00 spark/rm@EXAMPLE.COM
kms_1       | Length: 164 [application/octet-stream]
kdc_1       | Entry for principal HTTP/17248f48b238@EXAMPLE.COM with kvno 2, encryption type aes256-cts-hmac-sha1-96 added to keytab WRFILE:/data/HTTP.17248f48b238.keytab.
scm_1       | Keytab name: FILE:/etc/security/keytabs/spark.keytab
datanode_2  | --2019-10-06 06:40:50--  http://kdc:8081/keytab/17248f48b238/spark
om_1        |      0K                                                       100% 16.3M=0s
datanode_1  | Saving to: '/etc/security/keytabs/spark.keytab'
s3g_1       | --2019-10-06 06:40:49--  http://kdc:8081/keytab/s3g/spark
nm_1        | Saving to: '/etc/security/keytabs/spark.keytab'
rm_1        |    2 10/06/19 06:41:00 spark/rm@EXAMPLE.COM
kms_1       | Saving to: '/etc/security/keytabs/spark.keytab'
datanode_3  | 
jhs         | Saving to: '/etc/security/keytabs/spark.keytab'
kdc_1       | Entry for principal HTTP/17248f48b238@EXAMPLE.COM with kvno 2, encryption type aes128-cts-hmac-sha1-96 added to keytab WRFILE:/data/HTTP.17248f48b238.keytab.
scm_1       | KVNO Timestamp         Principal
datanode_2  | Resolving kdc (kdc)... 172.18.0.2
om_1        | 
datanode_1  | 
s3g_1       | Resolving kdc (kdc)... 172.18.0.2
nm_1        | 
rm_1        | # Licensed to the Apache Software Foundation (ASF) under one or more
kms_1       | 
datanode_3  |      0K                                                       100% 15.6M=0s
jhs         | 
kdc_1       | Generiting keytab
scm_1       | ---- ----------------- --------------------------------------------------------
datanode_2  | Connecting to kdc (kdc)|172.18.0.2|:8081... connected.
om_1        | 2019-10-06 06:40:57 (16.3 MB/s) - '/etc/security/keytabs/spark.keytab' saved [144/144]
datanode_1  |      0K                                                       100% 17.1M=0s
s3g_1       | Connecting to kdc (kdc)|172.18.0.2|:8081... connected.
nm_1        |      0K                                                       100% 16.4M=0s
rm_1        | # contributor license agreements.  See the NOTICE file distributed with
