datanode_1  | Keytab name: FILE:/etc/security/keytabs/HTTP.keytab
kms_1       | 2019-10-06 06:40:43 (20.8 MB/s) - '/etc/security/keytabs/HTTP.keytab' saved [162/162]
om_1        | ---- ----------------- --------------------------------------------------------
scm_1       | Resolving kdc (kdc)... 172.18.0.2
nm_1        | Keytab name: FILE:/etc/security/keytabs/HTTP.keytab
datanode_3  | KVNO Timestamp         Principal
jhs         | KVNO Timestamp         Principal
s3g_1       | 
rm_1        | 
kdc_1       | Oct 06 06:40:37 kdc kadmind[15](Notice): Request: kadm5_init, admin/admin@EXAMPLE.COM, success, client=admin/admin@EXAMPLE.COM, service=kadmin/admin@EXAMPLE.COM, addr=127.0.0.1, vers=4, flavor=6
datanode_2  | 
datanode_1  | KVNO Timestamp         Principal
kms_1       | 
om_1        |    2 10/06/19 06:40:42 HTTP/om@EXAMPLE.COM
scm_1       | Connecting to kdc (kdc)|172.18.0.2|:8081... connected.
nm_1        | KVNO Timestamp         Principal
datanode_3  | ---- ----------------- --------------------------------------------------------
jhs         | ---- ----------------- --------------------------------------------------------
s3g_1       | 2019-10-06 06:40:38 (15.1 MB/s) - '/etc/security/keytabs/HTTP.keytab' saved [144/144]
rm_1        |      0K                                                       100% 19.3M=0s
kdc_1       | Oct 06 06:40:37 kdc kadmind[15](Notice): Request: kadm5_get_policy, default, Policy does not exist, client=admin/admin@EXAMPLE.COM, service=kadmin/admin@EXAMPLE.COM, addr=127.0.0.1
datanode_2  | 2019-10-06 06:40:38 (16.6 MB/s) - '/etc/security/keytabs/HTTP.keytab' saved [162/162]
kms_1       | Keytab name: FILE:/etc/security/keytabs/HTTP.keytab
om_1        |    2 10/06/19 06:40:43 HTTP/om@EXAMPLE.COM
scm_1       | HTTP request sent, awaiting response... 200 OK
nm_1        | ---- ----------------- --------------------------------------------------------
jhs         |    2 10/06/19 06:40:46 HTTP/jhs@EXAMPLE.COM
datanode_1  | ---- ----------------- --------------------------------------------------------
datanode_3  |    2 10/06/19 06:40:44 HTTP/4df058313071@EXAMPLE.COM
s3g_1       | 
rm_1        | 
kdc_1       | Oct 06 06:40:37 kdc kadmind[15](Notice): Request: kadm5_create_principal, dn/s3g@EXAMPLE.COM, success, client=admin/admin@EXAMPLE.COM, service=kadmin/admin@EXAMPLE.COM, addr=127.0.0.1
kms_1       | KVNO Timestamp         Principal
datanode_2  | 
om_1        | Download testuser/om@EXAMPLE.COM keytab file to /etc/security/keytabs/testuser.keytab
scm_1       | Length: 152 [application/octet-stream]
nm_1        |    2 10/06/19 06:40:44 HTTP/nm@EXAMPLE.COM
jhs         |    2 10/06/19 06:40:46 HTTP/jhs@EXAMPLE.COM
datanode_1  |    2 10/06/19 06:40:43 HTTP/b13524c67f71@EXAMPLE.COM
datanode_3  |    2 10/06/19 06:40:44 HTTP/4df058313071@EXAMPLE.COM
s3g_1       | Keytab name: FILE:/etc/security/keytabs/HTTP.keytab
rm_1        | 2019-10-06 06:40:49 (19.3 MB/s) - '/etc/security/keytabs/testuser.keytab' saved [150/150]
kdc_1       | Oct 06 06:40:37 kdc kadmind[15](info): closing down fd 18
kms_1       | ---- ----------------- --------------------------------------------------------
datanode_2  | Keytab name: FILE:/etc/security/keytabs/HTTP.keytab
om_1        | --2019-10-06 06:40:43--  http://kdc:8081/keytab/om/testuser
nm_1        |    2 10/06/19 06:40:44 HTTP/nm@EXAMPLE.COM
scm_1       | Saving to: '/etc/security/keytabs/testuser.keytab'
jhs         | Download testuser/jhs@EXAMPLE.COM keytab file to /etc/security/keytabs/testuser.keytab
datanode_1  |    2 10/06/19 06:40:43 HTTP/b13524c67f71@EXAMPLE.COM
datanode_3  | Download testuser/4df058313071@EXAMPLE.COM keytab file to /etc/security/keytabs/testuser.keytab
s3g_1       | KVNO Timestamp         Principal
rm_1        | 
kdc_1       | Oct 06 06:40:37 kdc kadmind[15](Notice): Request: kadm5_init, admin/admin@EXAMPLE.COM, success, client=admin/admin@EXAMPLE.COM, service=kadmin/admin@EXAMPLE.COM, addr=127.0.0.1, vers=4, flavor=6
kms_1       |    2 10/06/19 06:40:43 HTTP/768d1d7044a6@EXAMPLE.COM
datanode_2  | KVNO Timestamp         Principal
om_1        | Resolving kdc (kdc)... 172.18.0.2
nm_1        | Download testuser/nm@EXAMPLE.COM keytab file to /etc/security/keytabs/testuser.keytab
scm_1       | 
jhs         | --2019-10-06 06:40:46--  http://kdc:8081/keytab/jhs/testuser
datanode_1  | Download testuser/b13524c67f71@EXAMPLE.COM keytab file to /etc/security/keytabs/testuser.keytab
datanode_3  | --2019-10-06 06:40:44--  http://kdc:8081/keytab/4df058313071/testuser
s3g_1       | ---- ----------------- --------------------------------------------------------
rm_1        | Keytab name: FILE:/etc/security/keytabs/testuser.keytab
kdc_1       | Oct 06 06:40:37 kdc kadmind[15](Notice): Request: kadm5_randkey_principal, dn/s3g@EXAMPLE.COM, success, client=admin/admin@EXAMPLE.COM, service=kadmin/admin@EXAMPLE.COM, addr=127.0.0.1
kms_1       |    2 10/06/19 06:40:43 HTTP/768d1d7044a6@EXAMPLE.COM
datanode_2  | ---- ----------------- --------------------------------------------------------
om_1        | Connecting to kdc (kdc)|172.18.0.2|:8081... connected.
nm_1        | --2019-10-06 06:40:44--  http://kdc:8081/keytab/nm/testuser
scm_1       |      0K                                                       100% 12.8M=0s
jhs         | Resolving kdc (kdc)... 172.18.0.2
datanode_1  | --2019-10-06 06:40:43--  http://kdc:8081/keytab/b13524c67f71/testuser
datanode_3  | Resolving kdc (kdc)... 172.18.0.2
s3g_1       |    2 10/06/19 06:40:38 HTTP/s3g@EXAMPLE.COM
rm_1        | KVNO Timestamp         Principal
kdc_1       | Oct 06 06:40:37 kdc kadmind[15](Notice): Request: kadm5_get_principal, dn/s3g@EXAMPLE.COM, success, client=admin/admin@EXAMPLE.COM, service=kadmin/admin@EXAMPLE.COM, addr=127.0.0.1
kms_1       | Download testuser/768d1d7044a6@EXAMPLE.COM keytab file to /etc/security/keytabs/testuser.keytab
datanode_2  |    2 10/06/19 06:40:38 HTTP/17248f48b238@EXAMPLE.COM
om_1        | HTTP request sent, awaiting response... 200 OK
nm_1        | Resolving kdc (kdc)... 172.18.0.2
scm_1       | 
jhs         | Connecting to kdc (kdc)|172.18.0.2|:8081... connected.
datanode_1  | Resolving kdc (kdc)... 172.18.0.2
datanode_3  | Connecting to kdc (kdc)|172.18.0.2|:8081... connected.
s3g_1       |    2 10/06/19 06:40:38 HTTP/s3g@EXAMPLE.COM
rm_1        | ---- ----------------- --------------------------------------------------------
kms_1       | --2019-10-06 06:40:43--  http://kdc:8081/keytab/768d1d7044a6/testuser
kdc_1       | Entry for principal dn/s3g@EXAMPLE.COM with kvno 2, encryption type aes256-cts-hmac-sha1-96 added to keytab WRFILE:/data/dn.s3g.keytab.
datanode_2  |    2 10/06/19 06:40:38 HTTP/17248f48b238@EXAMPLE.COM
om_1        | Length: 150 [application/octet-stream]
nm_1        | Connecting to kdc (kdc)|172.18.0.2|:8081... connected.
scm_1       | 2019-10-06 06:40:49 (12.8 MB/s) - '/etc/security/keytabs/testuser.keytab' saved [152/152]
datanode_1  | Connecting to kdc (kdc)|172.18.0.2|:8081... connected.
datanode_3  | HTTP request sent, awaiting response... 200 OK
s3g_1       | Download testuser/s3g@EXAMPLE.COM keytab file to /etc/security/keytabs/testuser.keytab
rm_1        |    2 10/06/19 06:40:49 testuser/rm@EXAMPLE.COM
kms_1       | Resolving kdc (kdc)... 172.18.0.2
jhs         | HTTP request sent, awaiting response... 200 OK
kdc_1       | Entry for principal dn/s3g@EXAMPLE.COM with kvno 2, encryption type aes128-cts-hmac-sha1-96 added to keytab WRFILE:/data/dn.s3g.keytab.
datanode_2  | Download testuser/17248f48b238@EXAMPLE.COM keytab file to /etc/security/keytabs/testuser.keytab
om_1        | Saving to: '/etc/security/keytabs/testuser.keytab'
nm_1        | HTTP request sent, awaiting response... 200 OK
scm_1       | 
datanode_1  | HTTP request sent, awaiting response... 200 OK
datanode_3  | Length: 170 [application/octet-stream]
s3g_1       | --2019-10-06 06:40:38--  http://kdc:8081/keytab/s3g/testuser
rm_1        |    2 10/06/19 06:40:49 testuser/rm@EXAMPLE.COM
kms_1       | Connecting to kdc (kdc)|172.18.0.2|:8081... connected.
jhs         | Length: 152 [application/octet-stream]
kdc_1       | Generiting keytab
om_1        | 
datanode_2  | --2019-10-06 06:40:38--  http://kdc:8081/keytab/17248f48b238/testuser
nm_1        | Length: 150 [application/octet-stream]
scm_1       | Keytab name: FILE:/etc/security/keytabs/testuser.keytab
datanode_1  | Length: 170 [application/octet-stream]
datanode_3  | Saving to: '/etc/security/keytabs/testuser.keytab'
s3g_1       | Resolving kdc (kdc)... 172.18.0.2
rm_1        | Download s3g/rm@EXAMPLE.COM keytab file to /etc/security/keytabs/s3g.keytab
kms_1       | HTTP request sent, awaiting response... 200 OK
jhs         | Saving to: '/etc/security/keytabs/testuser.keytab'
kdc_1       | Authenticating as principal admin/admin with keytab /tmp/admin.keytab.
om_1        |      0K                                                       100% 15.0M=0s
datanode_2  | Resolving kdc (kdc)... 172.18.0.2
nm_1        | Saving to: '/etc/security/keytabs/testuser.keytab'
scm_1       | KVNO Timestamp         Principal
datanode_1  | Saving to: '/etc/security/keytabs/testuser.keytab'
datanode_3  | 
s3g_1       | Connecting to kdc (kdc)|172.18.0.2|:8081... connected.
rm_1        | --2019-10-06 06:40:49--  http://kdc:8081/keytab/rm/s3g
kms_1       | Length: 170 [application/octet-stream]
jhs         | 
kdc_1       | WARNING: no policy specified for dn/17248f48b238@EXAMPLE.COM; defaulting to no policy
om_1        | 
datanode_2  | Connecting to kdc (kdc)|172.18.0.2|:8081... connected.
nm_1        | 
scm_1       | ---- ----------------- --------------------------------------------------------
datanode_1  | 
datanode_3  |      0K                                                       100% 18.5M=0s
rm_1        | Resolving kdc (kdc)... 172.18.0.2
kms_1       | Saving to: '/etc/security/keytabs/testuser.keytab'
jhs         |      0K                                                       100% 16.5M=0s
s3g_1       | HTTP request sent, awaiting response... 200 OK
kdc_1       | Principal "dn/17248f48b238@EXAMPLE.COM" created.
om_1        | 2019-10-06 06:40:44 (15.0 MB/s) - '/etc/security/keytabs/testuser.keytab' saved [150/150]
datanode_2  | HTTP request sent, awaiting response... 200 OK
nm_1        |      0K                                                       100% 15.6M=0s
scm_1       |    2 10/06/19 06:40:49 testuser/scm@EXAMPLE.COM
datanode_1  |      0K                                                       100% 9.67M=0s
rm_1        | Connecting to kdc (kdc)|172.18.0.2|:8081... connected.
kms_1       | 
jhs         | 
datanode_3  | 
s3g_1       | Length: 152 [application/octet-stream]
kdc_1       | Authenticating as principal admin/admin with keytab /tmp/admin.keytab.
om_1        | 
datanode_2  | Length: 170 [application/octet-stream]
nm_1        | 
scm_1       |    2 10/06/19 06:40:49 testuser/scm@EXAMPLE.COM
datanode_1  | 
kms_1       |      0K                                                       100% 19.3M=0s
jhs         | 2019-10-06 06:40:48 (16.5 MB/s) - '/etc/security/keytabs/testuser.keytab' saved [152/152]
datanode_3  | 2019-10-06 06:40:47 (18.5 MB/s) - '/etc/security/keytabs/testuser.keytab' saved [170/170]
s3g_1       | Saving to: '/etc/security/keytabs/testuser.keytab'
rm_1        | HTTP request sent, awaiting response... 200 OK
kdc_1       | Entry for principal dn/17248f48b238@EXAMPLE.COM with kvno 2, encryption type aes256-cts-hmac-sha1-96 added to keytab WRFILE:/data/dn.17248f48b238.keytab.
om_1        | Keytab name: FILE:/etc/security/keytabs/testuser.keytab
datanode_2  | Saving to: '/etc/security/keytabs/testuser.keytab'
nm_1        | 2019-10-06 06:40:46 (15.6 MB/s) - '/etc/security/keytabs/testuser.keytab' saved [150/150]
scm_1       | Download s3g/scm@EXAMPLE.COM keytab file to /etc/security/keytabs/s3g.keytab
datanode_1  | 2019-10-06 06:40:45 (9.67 MB/s) - '/etc/security/keytabs/testuser.keytab' saved [170/170]
kms_1       | 
jhs         | 
datanode_3  | 
s3g_1       | 
rm_1        | Length: 140 [application/octet-stream]
kdc_1       | Entry for principal dn/17248f48b238@EXAMPLE.COM with kvno 2, encryption type aes128-cts-hmac-sha1-96 added to keytab WRFILE:/data/dn.17248f48b238.keytab.
om_1        | KVNO Timestamp         Principal
datanode_2  | 
nm_1        | 
scm_1       | --2019-10-06 06:40:49--  http://kdc:8081/keytab/scm/s3g
datanode_1  | 
kms_1       | 2019-10-06 06:40:45 (19.3 MB/s) - '/etc/security/keytabs/testuser.keytab' saved [170/170]
jhs         | Keytab name: FILE:/etc/security/keytabs/testuser.keytab
datanode_3  | Keytab name: FILE:/etc/security/keytabs/testuser.keytab
s3g_1       |      0K                                                       100% 16.5M=0s
rm_1        | Saving to: '/etc/security/keytabs/s3g.keytab'
kdc_1       | Generiting keytab
om_1        | ---- ----------------- --------------------------------------------------------
datanode_2  |      0K                                                       100% 13.8M=0s
nm_1        | Keytab name: FILE:/etc/security/keytabs/testuser.keytab
scm_1       | Resolving kdc (kdc)... 172.18.0.2
datanode_1  | Keytab name: FILE:/etc/security/keytabs/testuser.keytab
kms_1       | 
jhs         | KVNO Timestamp         Principal
datanode_3  | KVNO Timestamp         Principal
s3g_1       | 
rm_1        | 
kdc_1       | Authenticating as principal admin/admin with keytab /tmp/admin.keytab.
om_1        |    2 10/06/19 06:40:44 testuser/om@EXAMPLE.COM
datanode_2  | 
nm_1        | KVNO Timestamp         Principal
scm_1       | Connecting to kdc (kdc)|172.18.0.2|:8081... connected.
jhs         | ---- ----------------- --------------------------------------------------------
kms_1       | Keytab name: FILE:/etc/security/keytabs/testuser.keytab
datanode_3  | ---- ----------------- --------------------------------------------------------
datanode_1  | KVNO Timestamp         Principal
s3g_1       | 2019-10-06 06:40:38 (16.5 MB/s) - '/etc/security/keytabs/testuser.keytab' saved [152/152]
rm_1        |      0K                                                       100% 14.2M=0s
kdc_1       | WARNING: no policy specified for om/s3g@EXAMPLE.COM; defaulting to no policy
om_1        |    2 10/06/19 06:40:44 testuser/om@EXAMPLE.COM
datanode_2  | 2019-10-06 06:40:39 (13.8 MB/s) - '/etc/security/keytabs/testuser.keytab' saved [170/170]
nm_1        | ---- ----------------- --------------------------------------------------------
scm_1       | HTTP request sent, awaiting response... 200 OK
jhs         |    2 10/06/19 06:40:48 testuser/jhs@EXAMPLE.COM
kms_1       | KVNO Timestamp         Principal
datanode_3  |    2 10/06/19 06:40:47 testuser/4df058313071@EXAMPLE.COM
datanode_1  | ---- ----------------- --------------------------------------------------------
s3g_1       | 
rm_1        | 
kdc_1       | Principal "om/s3g@EXAMPLE.COM" created.
om_1        | Download s3g/om@EXAMPLE.COM keytab file to /etc/security/keytabs/s3g.keytab
datanode_2  | 
nm_1        |    2 10/06/19 06:40:46 testuser/nm@EXAMPLE.COM
scm_1       | Length: 142 [application/octet-stream]
jhs         |    2 10/06/19 06:40:48 testuser/jhs@EXAMPLE.COM
kms_1       | ---- ----------------- --------------------------------------------------------
datanode_3  |    2 10/06/19 06:40:47 testuser/4df058313071@EXAMPLE.COM
datanode_1  |    2 10/06/19 06:40:45 testuser/b13524c67f71@EXAMPLE.COM
s3g_1       | Keytab name: FILE:/etc/security/keytabs/testuser.keytab
rm_1        | 2019-10-06 06:40:51 (14.2 MB/s) - '/etc/security/keytabs/s3g.keytab' saved [140/140]
kdc_1       | Authenticating as principal admin/admin with keytab /tmp/admin.keytab.
om_1        | --2019-10-06 06:40:44--  http://kdc:8081/keytab/om/s3g
datanode_2  | Keytab name: FILE:/etc/security/keytabs/testuser.keytab
nm_1        |    2 10/06/19 06:40:46 testuser/nm@EXAMPLE.COM
scm_1       | Saving to: '/etc/security/keytabs/s3g.keytab'
jhs         | Download s3g/jhs@EXAMPLE.COM keytab file to /etc/security/keytabs/s3g.keytab
datanode_3  | Download s3g/4df058313071@EXAMPLE.COM keytab file to /etc/security/keytabs/s3g.keytab
kms_1       |    2 10/06/19 06:40:45 testuser/768d1d7044a6@EXAMPLE.COM
datanode_1  |    2 10/06/19 06:40:45 testuser/b13524c67f71@EXAMPLE.COM
s3g_1       | KVNO Timestamp         Principal
rm_1        | 
kdc_1       | Entry for principal om/s3g@EXAMPLE.COM with kvno 2, encryption type aes256-cts-hmac-sha1-96 added to keytab WRFILE:/data/om.s3g.keytab.
om_1        | Resolving kdc (kdc)... 172.18.0.2
datanode_2  | KVNO Timestamp         Principal
nm_1        | Download s3g/nm@EXAMPLE.COM keytab file to /etc/security/keytabs/s3g.keytab
scm_1       | 
jhs         | --2019-10-06 06:40:48--  http://kdc:8081/keytab/jhs/s3g
datanode_3  | --2019-10-06 06:40:47--  http://kdc:8081/keytab/4df058313071/s3g
kms_1       |    2 10/06/19 06:40:45 testuser/768d1d7044a6@EXAMPLE.COM
datanode_1  | Download s3g/b13524c67f71@EXAMPLE.COM keytab file to /etc/security/keytabs/s3g.keytab
s3g_1       | ---- ----------------- --------------------------------------------------------
rm_1        | Keytab name: FILE:/etc/security/keytabs/s3g.keytab
kdc_1       | Entry for principal om/s3g@EXAMPLE.COM with kvno 2, encryption type aes128-cts-hmac-sha1-96 added to keytab WRFILE:/data/om.s3g.keytab.
om_1        | Connecting to kdc (kdc)|172.18.0.2|:8081... connected.
datanode_2  | ---- ----------------- --------------------------------------------------------
nm_1        | --2019-10-06 06:40:46--  http://kdc:8081/keytab/nm/s3g
jhs         | Resolving kdc (kdc)... 172.18.0.2
scm_1       |      0K                                                       100% 16.8M=0s
datanode_3  | Resolving kdc (kdc)... 172.18.0.2
datanode_1  | --2019-10-06 06:40:45--  http://kdc:8081/keytab/b13524c67f71/s3g
kms_1       | Download s3g/768d1d7044a6@EXAMPLE.COM keytab file to /etc/security/keytabs/s3g.keytab
s3g_1       |    2 10/06/19 06:40:38 testuser/s3g@EXAMPLE.COM
rm_1        | KVNO Timestamp         Principal
kdc_1       | Generiting keytab
om_1        | HTTP request sent, awaiting response... 200 OK
datanode_2  |    2 10/06/19 06:40:39 testuser/17248f48b238@EXAMPLE.COM
nm_1        | Resolving kdc (kdc)... 172.18.0.2
jhs         | Connecting to kdc (kdc)|172.18.0.2|:8081... connected.
scm_1       | 
datanode_3  | Connecting to kdc (kdc)|172.18.0.2|:8081... connected.
datanode_1  | Resolving kdc (kdc)... 172.18.0.2
kms_1       | --2019-10-06 06:40:45--  http://kdc:8081/keytab/768d1d7044a6/s3g
s3g_1       |    2 10/06/19 06:40:38 testuser/s3g@EXAMPLE.COM
rm_1        | ---- ----------------- --------------------------------------------------------
kdc_1       | Authenticating as principal admin/admin with keytab /tmp/admin.keytab.
om_1        | Length: 140 [application/octet-stream]
datanode_2  |    2 10/06/19 06:40:39 testuser/17248f48b238@EXAMPLE.COM
jhs         | HTTP request sent, awaiting response... 200 OK
nm_1        | Connecting to kdc (kdc)|172.18.0.2|:8081... connected.
scm_1       | 2019-10-06 06:40:51 (16.8 MB/s) - '/etc/security/keytabs/s3g.keytab' saved [142/142]
datanode_3  | HTTP request sent, awaiting response... 200 OK
datanode_1  | Connecting to kdc (kdc)|172.18.0.2|:8081... connected.
kms_1       | Resolving kdc (kdc)... 172.18.0.2
s3g_1       | Download s3g/s3g@EXAMPLE.COM keytab file to /etc/security/keytabs/s3g.keytab
rm_1        |    2 10/06/19 06:40:51 s3g/rm@EXAMPLE.COM
kdc_1       | WARNING: no policy specified for om/17248f48b238@EXAMPLE.COM; defaulting to no policy
om_1        | Saving to: '/etc/security/keytabs/s3g.keytab'
datanode_2  | Download s3g/17248f48b238@EXAMPLE.COM keytab file to /etc/security/keytabs/s3g.keytab
jhs         | Length: 142 [application/octet-stream]
nm_1        | HTTP request sent, awaiting response... 200 OK
scm_1       | 
datanode_3  | Length: 160 [application/octet-stream]
datanode_1  | HTTP request sent, awaiting response... 200 OK
kms_1       | Connecting to kdc (kdc)|172.18.0.2|:8081... connected.
s3g_1       | --2019-10-06 06:40:38--  http://kdc:8081/keytab/s3g/s3g
rm_1        |    2 10/06/19 06:40:51 s3g/rm@EXAMPLE.COM
kdc_1       | Principal "om/17248f48b238@EXAMPLE.COM" created.
om_1        | 
datanode_2  | --2019-10-06 06:40:39--  http://kdc:8081/keytab/17248f48b238/s3g
jhs         | Saving to: '/etc/security/keytabs/s3g.keytab'
nm_1        | Length: 140 [application/octet-stream]
scm_1       | Keytab name: FILE:/etc/security/keytabs/s3g.keytab
datanode_3  | Saving to: '/etc/security/keytabs/s3g.keytab'
datanode_1  | Length: 160 [application/octet-stream]
kms_1       | HTTP request sent, awaiting response... 200 OK
s3g_1       | Resolving kdc (kdc)... 172.18.0.2
rm_1        | Download rm/rm@EXAMPLE.COM keytab file to /etc/security/keytabs/rm.keytab
kdc_1       | Authenticating as principal admin/admin with keytab /tmp/admin.keytab.
om_1        |      0K                                                       100% 14.0M=0s
datanode_2  | Resolving kdc (kdc)... 172.18.0.2
nm_1        | Saving to: '/etc/security/keytabs/s3g.keytab'
scm_1       | KVNO Timestamp         Principal
datanode_3  | 
datanode_1  | Saving to: '/etc/security/keytabs/s3g.keytab'
jhs         | 
kms_1       | Length: 160 [application/octet-stream]
s3g_1       | Connecting to kdc (kdc)|172.18.0.2|:8081... connected.
rm_1        | --2019-10-06 06:40:51--  http://kdc:8081/keytab/rm/rm
kdc_1       | Entry for principal om/17248f48b238@EXAMPLE.COM with kvno 2, encryption type aes256-cts-hmac-sha1-96 added to keytab WRFILE:/data/om.17248f48b238.keytab.
om_1        | 
datanode_2  | Connecting to kdc (kdc)|172.18.0.2|:8081... connected.
nm_1        | 
scm_1       | ---- ----------------- --------------------------------------------------------
datanode_3  |      0K                                                       100% 16.5M=0s
jhs         |      0K                                                       100% 18.9M=0s
datanode_1  | 
kms_1       | Saving to: '/etc/security/keytabs/s3g.keytab'
s3g_1       | HTTP request sent, awaiting response... 200 OK
rm_1        | Resolving kdc (kdc)... 172.18.0.2
kdc_1       | Entry for principal om/17248f48b238@EXAMPLE.COM with kvno 2, encryption type aes128-cts-hmac-sha1-96 added to keytab WRFILE:/data/om.17248f48b238.keytab.
om_1        | 2019-10-06 06:40:46 (14.0 MB/s) - '/etc/security/keytabs/s3g.keytab' saved [140/140]
nm_1        |      0K                                                       100% 4.24M=0s
scm_1       |    2 10/06/19 06:40:51 s3g/scm@EXAMPLE.COM
datanode_2  | HTTP request sent, awaiting response... 200 OK
datanode_3  | 
jhs         | 
datanode_1  |      0K                                                       100% 17.1M=0s
kms_1       | 
s3g_1       | Length: 142 [application/octet-stream]
rm_1        | Connecting to kdc (kdc)|172.18.0.2|:8081... connected.
kdc_1       | Generiting keytab
om_1        | 
nm_1        | 
scm_1       |    2 10/06/19 06:40:51 s3g/scm@EXAMPLE.COM
datanode_2  | Length: 160 [application/octet-stream]
datanode_3  | 2019-10-06 06:40:49 (16.5 MB/s) - '/etc/security/keytabs/s3g.keytab' saved [160/160]
jhs         | 2019-10-06 06:40:50 (18.9 MB/s) - '/etc/security/keytabs/s3g.keytab' saved [142/142]
datanode_1  | 
kms_1       |      0K                                                       100% 18.5M=0s
s3g_1       | Saving to: '/etc/security/keytabs/s3g.keytab'
rm_1        | HTTP request sent, awaiting response... 200 OK
kdc_1       | Authenticating as principal admin/admin with keytab /tmp/admin.keytab.
om_1        | Keytab name: FILE:/etc/security/keytabs/s3g.keytab
nm_1        | 2019-10-06 06:40:48 (4.24 MB/s) - '/etc/security/keytabs/s3g.keytab' saved [140/140]
scm_1       | Download rm/scm@EXAMPLE.COM keytab file to /etc/security/keytabs/rm.keytab
datanode_2  | Saving to: '/etc/security/keytabs/s3g.keytab'
datanode_3  | 
jhs         | 
datanode_1  | 2019-10-06 06:40:47 (17.1 MB/s) - '/etc/security/keytabs/s3g.keytab' saved [160/160]
kms_1       | 
s3g_1       | 
kdc_1       | WARNING: no policy specified for scm/s3g@EXAMPLE.COM; defaulting to no policy
rm_1        | Length: 138 [application/octet-stream]
om_1        | KVNO Timestamp         Principal
nm_1        | 
scm_1       | --2019-10-06 06:40:51--  http://kdc:8081/keytab/scm/rm
datanode_2  | 
datanode_3  | Keytab name: FILE:/etc/security/keytabs/s3g.keytab
jhs         | Keytab name: FILE:/etc/security/keytabs/s3g.keytab
datanode_1  | 
kms_1       | 2019-10-06 06:40:48 (18.5 MB/s) - '/etc/security/keytabs/s3g.keytab' saved [160/160]
s3g_1       |      0K                                                       100% 18.9M=0s
kdc_1       | Principal "scm/s3g@EXAMPLE.COM" created.
rm_1        | Saving to: '/etc/security/keytabs/rm.keytab'
om_1        | ---- ----------------- --------------------------------------------------------
nm_1        | Keytab name: FILE:/etc/security/keytabs/s3g.keytab
scm_1       | Resolving kdc (kdc)... 172.18.0.2
datanode_2  |      0K                                                       100% 15.5M=0s
datanode_3  | KVNO Timestamp         Principal
datanode_1  | Keytab name: FILE:/etc/security/keytabs/s3g.keytab
jhs         | KVNO Timestamp         Principal
kms_1       | 
s3g_1       | 
kdc_1       | Authenticating as principal admin/admin with keytab /tmp/admin.keytab.
rm_1        | 
om_1        |    2 10/06/19 06:40:46 s3g/om@EXAMPLE.COM
nm_1        | KVNO Timestamp         Principal
scm_1       | Connecting to kdc (kdc)|172.18.0.2|:8081... connected.
datanode_3  | ---- ----------------- --------------------------------------------------------
datanode_2  | 
datanode_1  | KVNO Timestamp         Principal
jhs         | ---- ----------------- --------------------------------------------------------
kms_1       | Keytab name: FILE:/etc/security/keytabs/s3g.keytab
s3g_1       | 2019-10-06 06:40:39 (18.9 MB/s) - '/etc/security/keytabs/s3g.keytab' saved [142/142]
kdc_1       | Entry for principal scm/s3g@EXAMPLE.COM with kvno 2, encryption type aes256-cts-hmac-sha1-96 added to keytab WRFILE:/data/scm.s3g.keytab.
rm_1        |      0K                                                       100% 1.96M=0s
om_1        |    2 10/06/19 06:40:46 s3g/om@EXAMPLE.COM
nm_1        | ---- ----------------- --------------------------------------------------------
scm_1       | HTTP request sent, awaiting response... 200 OK
datanode_3  |    2 10/06/19 06:40:49 s3g/4df058313071@EXAMPLE.COM
datanode_2  | 2019-10-06 06:40:41 (15.5 MB/s) - '/etc/security/keytabs/s3g.keytab' saved [160/160]
jhs         |    2 10/06/19 06:40:50 s3g/jhs@EXAMPLE.COM
datanode_1  | ---- ----------------- --------------------------------------------------------
kms_1       | KVNO Timestamp         Principal
s3g_1       | 
kdc_1       | Entry for principal scm/s3g@EXAMPLE.COM with kvno 2, encryption type aes128-cts-hmac-sha1-96 added to keytab WRFILE:/data/scm.s3g.keytab.
rm_1        | 
om_1        | Download rm/om@EXAMPLE.COM keytab file to /etc/security/keytabs/rm.keytab
nm_1        |    2 10/06/19 06:40:48 s3g/nm@EXAMPLE.COM
scm_1       | Length: 140 [application/octet-stream]
datanode_3  |    2 10/06/19 06:40:49 s3g/4df058313071@EXAMPLE.COM
datanode_2  | 
jhs         |    2 10/06/19 06:40:50 s3g/jhs@EXAMPLE.COM
datanode_1  |    2 10/06/19 06:40:47 s3g/b13524c67f71@EXAMPLE.COM
kms_1       | ---- ----------------- --------------------------------------------------------
s3g_1       | Keytab name: FILE:/etc/security/keytabs/s3g.keytab
kdc_1       | Generiting keytab
om_1        | --2019-10-06 06:40:46--  http://kdc:8081/keytab/om/rm
nm_1        |    2 10/06/19 06:40:48 s3g/nm@EXAMPLE.COM
datanode_3  | Download rm/4df058313071@EXAMPLE.COM keytab file to /etc/security/keytabs/rm.keytab
scm_1       | Saving to: '/etc/security/keytabs/rm.keytab'
rm_1        | 2019-10-06 06:40:52 (1.96 MB/s) - '/etc/security/keytabs/rm.keytab' saved [138/138]
datanode_2  | Keytab name: FILE:/etc/security/keytabs/s3g.keytab
jhs         | Download rm/jhs@EXAMPLE.COM keytab file to /etc/security/keytabs/rm.keytab
datanode_1  |    2 10/06/19 06:40:47 s3g/b13524c67f71@EXAMPLE.COM
kms_1       |    2 10/06/19 06:40:47 s3g/768d1d7044a6@EXAMPLE.COM
s3g_1       | KVNO Timestamp         Principal
kdc_1       | Authenticating as principal admin/admin with keytab /tmp/admin.keytab.
om_1        | Resolving kdc (kdc)... 172.18.0.2
nm_1        | Download rm/nm@EXAMPLE.COM keytab file to /etc/security/keytabs/rm.keytab
datanode_3  | --2019-10-06 06:40:49--  http://kdc:8081/keytab/4df058313071/rm
scm_1       | 
rm_1        | 
datanode_2  | KVNO Timestamp         Principal
jhs         | --2019-10-06 06:40:50--  http://kdc:8081/keytab/jhs/rm
datanode_1  | Download rm/b13524c67f71@EXAMPLE.COM keytab file to /etc/security/keytabs/rm.keytab
kms_1       |    2 10/06/19 06:40:48 s3g/768d1d7044a6@EXAMPLE.COM
s3g_1       | ---- ----------------- --------------------------------------------------------
kdc_1       | WARNING: no policy specified for scm/17248f48b238@EXAMPLE.COM; defaulting to no policy
om_1        | Connecting to kdc (kdc)|172.18.0.2|:8081... connected.
nm_1        | --2019-10-06 06:40:48--  http://kdc:8081/keytab/nm/rm
datanode_3  | Resolving kdc (kdc)... 172.18.0.2
scm_1       |      0K                                                       100% 3.20M=0s
rm_1        | Keytab name: FILE:/etc/security/keytabs/rm.keytab
datanode_2  | ---- ----------------- --------------------------------------------------------
jhs         | Resolving kdc (kdc)... 172.18.0.2
datanode_1  | --2019-10-06 06:40:47--  http://kdc:8081/keytab/b13524c67f71/rm
kms_1       | Download rm/768d1d7044a6@EXAMPLE.COM keytab file to /etc/security/keytabs/rm.keytab
s3g_1       |    2 10/06/19 06:40:39 s3g/s3g@EXAMPLE.COM
kdc_1       | Principal "scm/17248f48b238@EXAMPLE.COM" created.
om_1        | HTTP request sent, awaiting response... 200 OK
nm_1        | Resolving kdc (kdc)... 172.18.0.2
datanode_3  | Connecting to kdc (kdc)|172.18.0.2|:8081... connected.
scm_1       | 
rm_1        | KVNO Timestamp         Principal
datanode_2  |    2 10/06/19 06:40:40 s3g/17248f48b238@EXAMPLE.COM
jhs         | Connecting to kdc (kdc)|172.18.0.2|:8081... connected.
datanode_1  | Resolving kdc (kdc)... 172.18.0.2
kms_1       | --2019-10-06 06:40:48--  http://kdc:8081/keytab/768d1d7044a6/rm
kdc_1       | Authenticating as principal admin/admin with keytab /tmp/admin.keytab.
om_1        | Length: 138 [application/octet-stream]
nm_1        | Connecting to kdc (kdc)|172.18.0.2|:8081... connected.
datanode_3  | HTTP request sent, awaiting response... 200 OK
scm_1       | 2019-10-06 06:40:53 (3.20 MB/s) - '/etc/security/keytabs/rm.keytab' saved [140/140]
s3g_1       |    2 10/06/19 06:40:39 s3g/s3g@EXAMPLE.COM
rm_1        | ---- ----------------- --------------------------------------------------------
datanode_2  |    2 10/06/19 06:40:40 s3g/17248f48b238@EXAMPLE.COM
jhs         | HTTP request sent, awaiting response... 200 OK
datanode_1  | Connecting to kdc (kdc)|172.18.0.2|:8081... connected.
kms_1       | Resolving kdc (kdc)... 172.18.0.2
kdc_1       | Entry for principal scm/17248f48b238@EXAMPLE.COM with kvno 2, encryption type aes256-cts-hmac-sha1-96 added to keytab WRFILE:/data/scm.17248f48b238.keytab.
om_1        | Saving to: '/etc/security/keytabs/rm.keytab'
nm_1        | HTTP request sent, awaiting response... 200 OK
datanode_3  | Length: 158 [application/octet-stream]
scm_1       | 
s3g_1       | Download rm/s3g@EXAMPLE.COM keytab file to /etc/security/keytabs/rm.keytab
rm_1        |    2 10/06/19 06:40:52 rm/rm@EXAMPLE.COM
datanode_2  | Download rm/17248f48b238@EXAMPLE.COM keytab file to /etc/security/keytabs/rm.keytab
jhs         | Length: 140 [application/octet-stream]
datanode_1  | HTTP request sent, awaiting response... 200 OK
kms_1       | Connecting to kdc (kdc)|172.18.0.2|:8081... connected.
kdc_1       | Entry for principal scm/17248f48b238@EXAMPLE.COM with kvno 2, encryption type aes128-cts-hmac-sha1-96 added to keytab WRFILE:/data/scm.17248f48b238.keytab.
om_1        | 
nm_1        | Length: 138 [application/octet-stream]
datanode_3  | Saving to: '/etc/security/keytabs/rm.keytab'
scm_1       | Keytab name: FILE:/etc/security/keytabs/rm.keytab
s3g_1       | --2019-10-06 06:40:39--  http://kdc:8081/keytab/s3g/rm
rm_1        |    2 10/06/19 06:40:52 rm/rm@EXAMPLE.COM
datanode_2  | --2019-10-06 06:40:41--  http://kdc:8081/keytab/17248f48b238/rm
jhs         | Saving to: '/etc/security/keytabs/rm.keytab'
datanode_1  | Length: 158 [application/octet-stream]
kms_1       | HTTP request sent, awaiting response... 200 OK
kdc_1       | Generiting keytab
om_1        |      0K                                                       100% 14.5M=0s
nm_1        | Saving to: '/etc/security/keytabs/rm.keytab'
datanode_3  | 
scm_1       | KVNO Timestamp         Principal
s3g_1       | Resolving kdc (kdc)... 172.18.0.2
rm_1        | Download nm/rm@EXAMPLE.COM keytab file to /etc/security/keytabs/nm.keytab
datanode_2  | Resolving kdc (kdc)... 172.18.0.2
jhs         | 
datanode_1  | Saving to: '/etc/security/keytabs/rm.keytab'
kms_1       | Length: 158 [application/octet-stream]
kdc_1       | Authenticating as principal admin/admin with keytab /tmp/admin.keytab.
om_1        | 
nm_1        | 
datanode_3  |      0K                                                       100% 14.7M=0s
scm_1       | ---- ----------------- --------------------------------------------------------
s3g_1       | Connecting to kdc (kdc)|172.18.0.2|:8081... connected.
datanode_2  | Connecting to kdc (kdc)|172.18.0.2|:8081... connected.
jhs         |      0K                                                       100% 14.4M=0s
rm_1        | --2019-10-06 06:40:52--  http://kdc:8081/keytab/rm/nm
datanode_1  | 
kms_1       | Saving to: '/etc/security/keytabs/rm.keytab'
kdc_1       | WARNING: no policy specified for HTTP/s3g@EXAMPLE.COM; defaulting to no policy
om_1        | 2019-10-06 06:40:48 (14.5 MB/s) - '/etc/security/keytabs/rm.keytab' saved [138/138]
nm_1        |      0K                                                       100% 10.1M=0s
datanode_3  | 
scm_1       |    2 10/06/19 06:40:53 rm/scm@EXAMPLE.COM
s3g_1       | HTTP request sent, awaiting response... 200 OK
datanode_2  | HTTP request sent, awaiting response... 200 OK
jhs         | 
rm_1        | Resolving kdc (kdc)... 172.18.0.2
datanode_1  |      0K                                                       100% 16.4M=0s
kms_1       | 
kdc_1       | Principal "HTTP/s3g@EXAMPLE.COM" created.
om_1        | 
nm_1        | 
datanode_3  | 2019-10-06 06:40:50 (14.7 MB/s) - '/etc/security/keytabs/rm.keytab' saved [158/158]
scm_1       |    2 10/06/19 06:40:53 rm/scm@EXAMPLE.COM
s3g_1       | Length: 140 [application/octet-stream]
datanode_2  | Length: 158 [application/octet-stream]
jhs         | 2019-10-06 06:40:51 (14.4 MB/s) - '/etc/security/keytabs/rm.keytab' saved [140/140]
rm_1        | Connecting to kdc (kdc)|172.18.0.2|:8081... connected.
datanode_1  | 
kms_1       |      0K                                                       100% 22.8M=0s
kdc_1       | Authenticating as principal admin/admin with keytab /tmp/admin.keytab.
om_1        | Keytab name: FILE:/etc/security/keytabs/rm.keytab
nm_1        | 2019-10-06 06:40:50 (10.1 MB/s) - '/etc/security/keytabs/rm.keytab' saved [138/138]
datanode_3  | 
scm_1       | Download nm/scm@EXAMPLE.COM keytab file to /etc/security/keytabs/nm.keytab
datanode_2  | Saving to: '/etc/security/keytabs/rm.keytab'
jhs         | 
rm_1        | HTTP request sent, awaiting response... 200 OK
datanode_1  | 2019-10-06 06:40:49 (16.4 MB/s) - '/etc/security/keytabs/rm.keytab' saved [158/158]
s3g_1       | Saving to: '/etc/security/keytabs/rm.keytab'
kms_1       | 
kdc_1       | Oct 06 06:40:37 kdc krb5kdc[9](info): AS_REQ (8 etypes {18 17 20 19 16 23 25 26}) 127.0.0.1: SERVER_NOT_FOUND: admin/admin@EXAMPLE.COM for kadmin/localhost@EXAMPLE.COM, Server not found in Kerberos database
om_1        | KVNO Timestamp         Principal
nm_1        | 
datanode_3  | Keytab name: FILE:/etc/security/keytabs/rm.keytab
scm_1       | --2019-10-06 06:40:53--  http://kdc:8081/keytab/scm/nm
datanode_2  | 
jhs         | Keytab name: FILE:/etc/security/keytabs/rm.keytab
rm_1        | Length: 138 [application/octet-stream]
datanode_1  | 
s3g_1       | 
kms_1       | 2019-10-06 06:40:49 (22.8 MB/s) - '/etc/security/keytabs/rm.keytab' saved [158/158]
kdc_1       | Oct 06 06:40:37 kdc krb5kdc[9](info): AS_REQ (8 etypes {18 17 20 19 16 23 25 26}) 127.0.0.1: ISSUE: authtime 1570344037, etypes {rep=18 tkt=18 ses=18}, admin/admin@EXAMPLE.COM for kadmin/admin@EXAMPLE.COM
om_1        | ---- ----------------- --------------------------------------------------------
nm_1        | Keytab name: FILE:/etc/security/keytabs/rm.keytab
datanode_3  | KVNO Timestamp         Principal
scm_1       | Resolving kdc (kdc)... 172.18.0.2
datanode_2  |      0K                                                       100% 12.4M=0s
jhs         | KVNO Timestamp         Principal
rm_1        | Saving to: '/etc/security/keytabs/nm.keytab'
datanode_1  | Keytab name: FILE:/etc/security/keytabs/rm.keytab
s3g_1       |      0K                                                       100% 13.4M=0s
kms_1       | 
kdc_1       | Oct 06 06:40:37 kdc krb5kdc[9](info): AS_REQ (8 etypes {18 17 20 19 16 23 25 26}) 127.0.0.1: SERVER_NOT_FOUND: admin/admin@EXAMPLE.COM for kadmin/localhost@EXAMPLE.COM, Server not found in Kerberos database
om_1        |    2 10/06/19 06:40:48 rm/om@EXAMPLE.COM
nm_1        | KVNO Timestamp         Principal
datanode_3  | ---- ----------------- --------------------------------------------------------
scm_1       | Connecting to kdc (kdc)|172.18.0.2|:8081... connected.
datanode_2  | 
jhs         | ---- ----------------- --------------------------------------------------------
rm_1        | 
datanode_1  | KVNO Timestamp         Principal
s3g_1       | 
kms_1       | Keytab name: FILE:/etc/security/keytabs/rm.keytab
kdc_1       | Oct 06 06:40:37 kdc krb5kdc[9](info): AS_REQ (8 etypes {18 17 20 19 16 23 25 26}) 127.0.0.1: ISSUE: authtime 1570344037, etypes {rep=18 tkt=18 ses=18}, admin/admin@EXAMPLE.COM for kadmin/admin@EXAMPLE.COM
om_1        |    2 10/06/19 06:40:48 rm/om@EXAMPLE.COM
nm_1        | ---- ----------------- --------------------------------------------------------
datanode_3  |    2 10/06/19 06:40:50 rm/4df058313071@EXAMPLE.COM
scm_1       | HTTP request sent, awaiting response... 200 OK
datanode_2  | 2019-10-06 06:40:42 (12.4 MB/s) - '/etc/security/keytabs/rm.keytab' saved [158/158]
jhs         |    2 10/06/19 06:40:51 rm/jhs@EXAMPLE.COM
datanode_1  | ---- ----------------- --------------------------------------------------------
s3g_1       | 2019-10-06 06:40:41 (13.4 MB/s) - '/etc/security/keytabs/rm.keytab' saved [140/140]
kms_1       | KVNO Timestamp         Principal
kdc_1       | Oct 06 06:40:37 kdc krb5kdc[9](info): AS_REQ (8 etypes {18 17 20 19 16 23 25 26}) 127.0.0.1: SERVER_NOT_FOUND: admin/admin@EXAMPLE.COM for kadmin/localhost@EXAMPLE.COM, Server not found in Kerberos database
om_1        | Download nm/om@EXAMPLE.COM keytab file to /etc/security/keytabs/nm.keytab
datanode_3  |    2 10/06/19 06:40:50 rm/4df058313071@EXAMPLE.COM
nm_1        |    2 10/06/19 06:40:50 rm/nm@EXAMPLE.COM
rm_1        |      0K                                                       100% 15.7M=0s
scm_1       | Length: 140 [application/octet-stream]
datanode_2  | 
datanode_1  |    2 10/06/19 06:40:49 rm/b13524c67f71@EXAMPLE.COM
s3g_1       | 
jhs         |    2 10/06/19 06:40:51 rm/jhs@EXAMPLE.COM
kms_1       | ---- ----------------- --------------------------------------------------------
kdc_1       | Oct 06 06:40:37 kdc krb5kdc[9](info): AS_REQ (8 etypes {18 17 20 19 16 23 25 26}) 127.0.0.1: ISSUE: authtime 1570344037, etypes {rep=18 tkt=18 ses=18}, admin/admin@EXAMPLE.COM for kadmin/admin@EXAMPLE.COM
om_1        | --2019-10-06 06:40:48--  http://kdc:8081/keytab/om/nm
datanode_3  | Download nm/4df058313071@EXAMPLE.COM keytab file to /etc/security/keytabs/nm.keytab
nm_1        |    2 10/06/19 06:40:50 rm/nm@EXAMPLE.COM
rm_1        | 
scm_1       | Saving to: '/etc/security/keytabs/nm.keytab'
datanode_1  |    2 10/06/19 06:40:49 rm/b13524c67f71@EXAMPLE.COM
datanode_2  | Keytab name: FILE:/etc/security/keytabs/rm.keytab
s3g_1       | Keytab name: FILE:/etc/security/keytabs/rm.keytab
jhs         | Download nm/jhs@EXAMPLE.COM keytab file to /etc/security/keytabs/nm.keytab
kms_1       |    2 10/06/19 06:40:49 rm/768d1d7044a6@EXAMPLE.COM
om_1        | Resolving kdc (kdc)... 172.18.0.2
kdc_1       | Oct 06 06:40:37 kdc krb5kdc[9](info): AS_REQ (8 etypes {18 17 20 19 16 23 25 26}) 127.0.0.1: SERVER_NOT_FOUND: admin/admin@EXAMPLE.COM for kadmin/localhost@EXAMPLE.COM, Server not found in Kerberos database
datanode_3  | --2019-10-06 06:40:50--  http://kdc:8081/keytab/4df058313071/nm
nm_1        | Download nm/nm@EXAMPLE.COM keytab file to /etc/security/keytabs/nm.keytab
rm_1        | 2019-10-06 06:40:54 (15.7 MB/s) - '/etc/security/keytabs/nm.keytab' saved [138/138]
scm_1       | 
datanode_1  | Download nm/b13524c67f71@EXAMPLE.COM keytab file to /etc/security/keytabs/nm.keytab
datanode_2  | KVNO Timestamp         Principal
s3g_1       | KVNO Timestamp         Principal
jhs         | --2019-10-06 06:40:51--  http://kdc:8081/keytab/jhs/nm
kms_1       |    2 10/06/19 06:40:49 rm/768d1d7044a6@EXAMPLE.COM
om_1        | Connecting to kdc (kdc)|172.18.0.2|:8081... connected.
kdc_1       | Oct 06 06:40:37 kdc krb5kdc[9](info): AS_REQ (8 etypes {18 17 20 19 16 23 25 26}) 127.0.0.1: ISSUE: authtime 1570344037, etypes {rep=18 tkt=18 ses=18}, admin/admin@EXAMPLE.COM for kadmin/admin@EXAMPLE.COM
datanode_3  | Resolving kdc (kdc)... 172.18.0.2
nm_1        | --2019-10-06 06:40:50--  http://kdc:8081/keytab/nm/nm
rm_1        | 
scm_1       |      0K                                                       100% 12.4M=0s
datanode_1  | --2019-10-06 06:40:49--  http://kdc:8081/keytab/b13524c67f71/nm
datanode_2  | ---- ----------------- --------------------------------------------------------
s3g_1       | ---- ----------------- --------------------------------------------------------
jhs         | Resolving kdc (kdc)... 172.18.0.2
kms_1       | Download nm/768d1d7044a6@EXAMPLE.COM keytab file to /etc/security/keytabs/nm.keytab
om_1        | HTTP request sent, awaiting response... 200 OK
kdc_1       | Oct 06 06:40:37 kdc krb5kdc[9](info): AS_REQ (8 etypes {18 17 20 19 16 23 25 26}) 127.0.0.1: SERVER_NOT_FOUND: admin/admin@EXAMPLE.COM for kadmin/localhost@EXAMPLE.COM, Server not found in Kerberos database
nm_1        | Resolving kdc (kdc)... 172.18.0.2
rm_1        | Keytab name: FILE:/etc/security/keytabs/nm.keytab
scm_1       | 
datanode_3  | Connecting to kdc (kdc)|172.18.0.2|:8081... connected.
datanode_1  | Resolving kdc (kdc)... 172.18.0.2
datanode_2  |    2 10/06/19 06:40:42 rm/17248f48b238@EXAMPLE.COM
s3g_1       |    2 10/06/19 06:40:41 rm/s3g@EXAMPLE.COM
jhs         | Connecting to kdc (kdc)|172.18.0.2|:8081... connected.
kms_1       | --2019-10-06 06:40:49--  http://kdc:8081/keytab/768d1d7044a6/nm
om_1        | Length: 138 [application/octet-stream]
kdc_1       | Oct 06 06:40:37 kdc krb5kdc[9](info): AS_REQ (8 etypes {18 17 20 19 16 23 25 26}) 127.0.0.1: ISSUE: authtime 1570344037, etypes {rep=18 tkt=18 ses=18}, admin/admin@EXAMPLE.COM for kadmin/admin@EXAMPLE.COM
nm_1        | Connecting to kdc (kdc)|172.18.0.2|:8081... connected.
rm_1        | KVNO Timestamp         Principal
scm_1       | 2019-10-06 06:40:55 (12.4 MB/s) - '/etc/security/keytabs/nm.keytab' saved [140/140]
datanode_3  | HTTP request sent, awaiting response... 200 OK
datanode_1  | Connecting to kdc (kdc)|172.18.0.2|:8081... connected.
datanode_2  |    2 10/06/19 06:40:42 rm/17248f48b238@EXAMPLE.COM
s3g_1       |    2 10/06/19 06:40:41 rm/s3g@EXAMPLE.COM
kms_1       | Resolving kdc (kdc)... 172.18.0.2
jhs         | HTTP request sent, awaiting response... 200 OK
om_1        | Saving to: '/etc/security/keytabs/nm.keytab'
kdc_1       | Oct 06 06:40:37 kdc krb5kdc[9](info): AS_REQ (8 etypes {18 17 20 19 16 23 25 26}) 127.0.0.1: SERVER_NOT_FOUND: admin/admin@EXAMPLE.COM for kadmin/localhost@EXAMPLE.COM, Server not found in Kerberos database
nm_1        | HTTP request sent, awaiting response... 200 OK
rm_1        | ---- ----------------- --------------------------------------------------------
scm_1       | 
datanode_3  | Length: 158 [application/octet-stream]
datanode_1  | HTTP request sent, awaiting response... 200 OK
datanode_2  | Download nm/17248f48b238@EXAMPLE.COM keytab file to /etc/security/keytabs/nm.keytab
s3g_1       | Download nm/s3g@EXAMPLE.COM keytab file to /etc/security/keytabs/nm.keytab
kms_1       | Connecting to kdc (kdc)|172.18.0.2|:8081... connected.
jhs         | Length: 140 [application/octet-stream]
om_1        | 
nm_1        | Length: 138 [application/octet-stream]
kdc_1       | Oct 06 06:40:37 kdc krb5kdc[9](info): AS_REQ (8 etypes {18 17 20 19 16 23 25 26}) 127.0.0.1: ISSUE: authtime 1570344037, etypes {rep=18 tkt=18 ses=18}, admin/admin@EXAMPLE.COM for kadmin/admin@EXAMPLE.COM
rm_1        |    2 10/06/19 06:40:54 nm/rm@EXAMPLE.COM
scm_1       | Keytab name: FILE:/etc/security/keytabs/nm.keytab
datanode_3  | Saving to: '/etc/security/keytabs/nm.keytab'
datanode_1  | Length: 158 [application/octet-stream]
datanode_2  | --2019-10-06 06:40:42--  http://kdc:8081/keytab/17248f48b238/nm
s3g_1       | --2019-10-06 06:40:41--  http://kdc:8081/keytab/s3g/nm
kms_1       | HTTP request sent, awaiting response... 200 OK
jhs         | Saving to: '/etc/security/keytabs/nm.keytab'
om_1        |      0K                                                       100% 14.4M=0s
nm_1        | Saving to: '/etc/security/keytabs/nm.keytab'
rm_1        |    2 10/06/19 06:40:54 nm/rm@EXAMPLE.COM
datanode_3  | 
scm_1       | KVNO Timestamp         Principal
kdc_1       | Oct 06 06:40:37 kdc krb5kdc[9](info): AS_REQ (8 etypes {18 17 20 19 16 23 25 26}) 127.0.0.1: SERVER_NOT_FOUND: admin/admin@EXAMPLE.COM for kadmin/localhost@EXAMPLE.COM, Server not found in Kerberos database
datanode_1  | Saving to: '/etc/security/keytabs/nm.keytab'
datanode_2  | Resolving kdc (kdc)... 172.18.0.2
s3g_1       | Resolving kdc (kdc)... 172.18.0.2
kms_1       | Length: 158 [application/octet-stream]
jhs         | 
om_1        | 
nm_1        | 
rm_1        | Download yarn/rm@EXAMPLE.COM keytab file to /etc/security/keytabs/yarn.keytab
datanode_3  |      0K                                                       100% 15.2M=0s
datanode_1  | 
kdc_1       | Oct 06 06:40:37 kdc krb5kdc[9](info): AS_REQ (8 etypes {18 17 20 19 16 23 25 26}) 127.0.0.1: ISSUE: authtime 1570344037, etypes {rep=18 tkt=18 ses=18}, admin/admin@EXAMPLE.COM for kadmin/admin@EXAMPLE.COM
s3g_1       | Connecting to kdc (kdc)|172.18.0.2|:8081... connected.
datanode_2  | Connecting to kdc (kdc)|172.18.0.2|:8081... connected.
scm_1       | ---- ----------------- --------------------------------------------------------
kms_1       | Saving to: '/etc/security/keytabs/nm.keytab'
jhs         |      0K                                                       100% 15.6M=0s
om_1        | 2019-10-06 06:40:50 (14.4 MB/s) - '/etc/security/keytabs/nm.keytab' saved [138/138]
nm_1        |      0K                                                       100% 15.0M=0s
rm_1        | --2019-10-06 06:40:54--  http://kdc:8081/keytab/rm/yarn
datanode_3  | 
datanode_1  |      0K                                                       100% 16.4M=0s
kdc_1       | Oct 06 06:40:37 kdc krb5kdc[9](info): AS_REQ (8 etypes {18 17 20 19 16 23 25 26}) 127.0.0.1: SERVER_NOT_FOUND: admin/admin@EXAMPLE.COM for kadmin/localhost@EXAMPLE.COM, Server not found in Kerberos database
s3g_1       | HTTP request sent, awaiting response... 200 OK
datanode_2  | HTTP request sent, awaiting response... 200 OK
kms_1       | 
scm_1       |    2 10/06/19 06:40:55 nm/scm@EXAMPLE.COM
jhs         | 
om_1        | 
nm_1        | 
rm_1        | Resolving kdc (kdc)... 172.18.0.2
datanode_3  | 2019-10-06 06:40:52 (15.2 MB/s) - '/etc/security/keytabs/nm.keytab' saved [158/158]
datanode_1  | 
kdc_1       | Oct 06 06:40:37 kdc krb5kdc[9](info): AS_REQ (8 etypes {18 17 20 19 16 23 25 26}) 127.0.0.1: ISSUE: authtime 1570344037, etypes {rep=18 tkt=18 ses=18}, admin/admin@EXAMPLE.COM for kadmin/admin@EXAMPLE.COM
s3g_1       | Length: 140 [application/octet-stream]
datanode_2  | Length: 158 [application/octet-stream]
kms_1       |      0K                                                       100% 1.92M=0s
scm_1       |    2 10/06/19 06:40:55 nm/scm@EXAMPLE.COM
jhs         | 2019-10-06 06:40:54 (15.6 MB/s) - '/etc/security/keytabs/nm.keytab' saved [140/140]
om_1        | Keytab name: FILE:/etc/security/keytabs/nm.keytab
nm_1        | 2019-10-06 06:40:52 (15.0 MB/s) - '/etc/security/keytabs/nm.keytab' saved [138/138]
rm_1        | Connecting to kdc (kdc)|172.18.0.2|:8081... connected.
datanode_3  | 
datanode_1  | 2019-10-06 06:40:51 (16.4 MB/s) - '/etc/security/keytabs/nm.keytab' saved [158/158]
kdc_1       | Oct 06 06:40:37 kdc krb5kdc[9](info): AS_REQ (8 etypes {18 17 20 19 16 23 25 26}) 127.0.0.1: SERVER_NOT_FOUND: admin/admin@EXAMPLE.COM for kadmin/localhost@EXAMPLE.COM, Server not found in Kerberos database
s3g_1       | Saving to: '/etc/security/keytabs/nm.keytab'
datanode_2  | Saving to: '/etc/security/keytabs/nm.keytab'
kms_1       | 
scm_1       | Download yarn/scm@EXAMPLE.COM keytab file to /etc/security/keytabs/yarn.keytab
jhs         | 
om_1        | KVNO Timestamp         Principal
nm_1        | 
rm_1        | HTTP request sent, awaiting response... 200 OK
datanode_3  | Keytab name: FILE:/etc/security/keytabs/nm.keytab
datanode_1  | 
kdc_1       | Oct 06 06:40:37 kdc krb5kdc[9](info): AS_REQ (8 etypes {18 17 20 19 16 23 25 26}) 127.0.0.1: ISSUE: authtime 1570344037, etypes {rep=18 tkt=18 ses=18}, admin/admin@EXAMPLE.COM for kadmin/admin@EXAMPLE.COM
s3g_1       | 
datanode_2  | 
kms_1       | 2019-10-06 06:40:51 (1.92 MB/s) - '/etc/security/keytabs/nm.keytab' saved [158/158]
