freon_1       | 2019-10-23 17:41:15,968 [pool-2-thread-2] INFO       - Creating Bucket: vol-4-36531/bucket-7-23384, with Versioning false and Storage Type set to DISK and Encryption set to false 
datanode_3    | 2019-10-23 17:40:51,757 INFO server.RaftServerConfigKeys: raft.server.snapshot.retention.file.num = 5 (custom)
scm_1         | 2019-10-23 17:40:50,500 INFO node.SCMNodeManager: Registered Data node : ad938aeb-f582-48cc-bf66-e52aed742744{ip: 172.18.0.6, host: ozoneperf_datanode_3.ozoneperf_default, networkLocation: /default-rack, certSerialId: null}
datanode_2    | 2019-10-23 17:40:52,328 WARN impl.MetricRegistriesImpl: First MetricRegistry has been created without registering reporters. You may need to call MetricRegistries.global().addReportRegistration(...) before.
grafana_1     | t=2019-10-23T17:40:47+0000 lvl=info msg="Executing migration" logger=migrator id="add index data_source.account_id"
om_1          | 2019-10-23 17:41:15,582 [IPC Server handler 5 on 9862] INFO       - created volume:vol-4-36531 for user:hadoop
datanode_1    | 2019-10-23 17:40:51,229 INFO server.RaftServerConfigKeys: raft.server.snapshot.auto.trigger.enabled = true (custom)
datanode_3    | 2019-10-23 17:40:51,758 INFO server.RaftServerConfigKeys: raft.server.retrycache.expirytime = 600000ms (custom)
datanode_2    | 2019-10-23 17:40:52,331 WARN impl.MetricRegistriesImpl: First MetricRegistry has been created without registering reporters. You may need to call MetricRegistries.global().addReportRegistration(...) before.
scm_1         | WARNING: An illegal reflective access operation has occurred
freon_1       | 2019-10-23 17:41:15,977 [pool-2-thread-9] INFO       - Creating Bucket: vol-5-70504/bucket-7-63637, with Versioning false and Storage Type set to DISK and Encryption set to false 
grafana_1     | t=2019-10-23T17:40:48+0000 lvl=info msg="Executing migration" logger=migrator id="add unique index data_source.account_id_name"
om_1          | 2019-10-23 17:41:15,582 [IPC Server handler 2 on 9862] INFO       - created volume:vol-6-93982 for user:hadoop
datanode_1    | 2019-10-23 17:40:51,231 INFO server.RaftServerConfigKeys: raft.server.snapshot.auto.trigger.threshold = 10000 (custom)
datanode_3    | 2019-10-23 17:40:51,772 WARN impl.MetricRegistriesImpl: First MetricRegistry has been created without registering reporters. You may need to call MetricRegistries.global().addReportRegistration(...) before.
datanode_2    | 2019-10-23 17:40:52,333 INFO impl.RaftServerImpl: 1d1aa543-8a1f-411b-8abd-0ad140e98cdf@group-BC4F25742F1B: start as a follower, conf=-1: [1d1aa543-8a1f-411b-8abd-0ad140e98cdf:172.18.0.8:9858], old=null
scm_1         | WARNING: Illegal reflective access by org.apache.ratis.thirdparty.com.google.protobuf.UnsafeUtil (file:/opt/hadoop/share/ozone/lib/ratis-thirdparty-misc-0.2.0.jar) to field java.nio.Buffer.address
freon_1       | 2019-10-23 17:41:15,981 [pool-2-thread-10] INFO       - Creating Bucket: vol-0-66401/bucket-8-52459, with Versioning false and Storage Type set to DISK and Encryption set to false 
grafana_1     | t=2019-10-23T17:40:48+0000 lvl=info msg="Executing migration" logger=migrator id="drop index IDX_data_source_account_id - v1"
om_1          | 2019-10-23 17:41:15,583 [IPC Server handler 7 on 9862] INFO       - created volume:vol-8-26019 for user:hadoop
datanode_1    | 2019-10-23 17:40:51,231 INFO server.RaftServerConfigKeys: raft.server.snapshot.retention.file.num = 5 (custom)
datanode_3    | 2019-10-23 17:40:51,773 WARN impl.MetricRegistriesImpl: First MetricRegistry has been created without registering reporters. You may need to call MetricRegistries.global().addReportRegistration(...) before.
datanode_2    | 2019-10-23 17:40:52,335 INFO impl.RaftServerImpl: 1d1aa543-8a1f-411b-8abd-0ad140e98cdf@group-BC4F25742F1B: changes role from      null to FOLLOWER at term 0 for startAsFollower
scm_1         | WARNING: Please consider reporting this to the maintainers of org.apache.ratis.thirdparty.com.google.protobuf.UnsafeUtil
freon_1       | 2019-10-23 17:41:15,981 [pool-2-thread-1] INFO       - Creating Bucket: vol-9-61894/bucket-7-99879, with Versioning false and Storage Type set to DISK and Encryption set to false 
grafana_1     | t=2019-10-23T17:40:48+0000 lvl=info msg="Executing migration" logger=migrator id="drop index UQE_data_source_account_id_name - v1"
om_1          | 2019-10-23 17:41:15,583 [IPC Server handler 9 on 9862] INFO       - created volume:vol-7-67891 for user:hadoop
datanode_1    | 2019-10-23 17:40:51,232 INFO server.RaftServerConfigKeys: raft.server.retrycache.expirytime = 600000ms (custom)
datanode_3    | 2019-10-23 17:40:51,775 INFO impl.RaftServerImpl: ad938aeb-f582-48cc-bf66-e52aed742744@group-EEDEC1061452: start as a follower, conf=-1: [ad938aeb-f582-48cc-bf66-e52aed742744:172.18.0.6:9858], old=null
datanode_2    | 2019-10-23 17:40:52,336 INFO impl.RoleInfo: 1d1aa543-8a1f-411b-8abd-0ad140e98cdf: start FollowerState
scm_1         | WARNING: Use --illegal-access=warn to enable warnings of further illegal reflective access operations
freon_1       | 2019-10-23 17:41:15,981 [pool-2-thread-8] INFO       - Creating Bucket: vol-7-67891/bucket-7-72707, with Versioning false and Storage Type set to DISK and Encryption set to false 
grafana_1     | t=2019-10-23T17:40:48+0000 lvl=info msg="Executing migration" logger=migrator id="Rename table data_source to data_source_v1 - v1"
om_1          | 2019-10-23 17:41:15,585 [IPC Server handler 10 on 9862] INFO       - created volume:vol-3-24527 for user:hadoop
datanode_1    | 2019-10-23 17:40:51,254 WARN impl.MetricRegistriesImpl: First MetricRegistry has been created without registering reporters. You may need to call MetricRegistries.global().addReportRegistration(...) before.
datanode_3    | 2019-10-23 17:40:51,775 INFO impl.RaftServerImpl: ad938aeb-f582-48cc-bf66-e52aed742744@group-EEDEC1061452: changes role from      null to FOLLOWER at term 0 for startAsFollower
datanode_2    | 2019-10-23 17:40:52,342 INFO util.JmxRegister: Successfully registered JMX Bean with object name Ratis:service=RaftServer,group=group-BC4F25742F1B,id=1d1aa543-8a1f-411b-8abd-0ad140e98cdf
scm_1         | WARNING: All illegal access operations will be denied in a future release
freon_1       | 2019-10-23 17:41:15,981 [pool-2-thread-3] INFO       - Creating Bucket: vol-8-26019/bucket-7-47393, with Versioning false and Storage Type set to DISK and Encryption set to false 
grafana_1     | t=2019-10-23T17:40:48+0000 lvl=info msg="Executing migration" logger=migrator id="create data_source table v2"
om_1          | 2019-10-23 17:41:15,585 [IPC Server handler 11 on 9862] INFO       - created volume:vol-2-64260 for user:hadoop
datanode_1    | 2019-10-23 17:40:51,256 WARN impl.MetricRegistriesImpl: First MetricRegistry has been created without registering reporters. You may need to call MetricRegistries.global().addReportRegistration(...) before.
datanode_3    | 2019-10-23 17:40:51,776 INFO impl.RoleInfo: ad938aeb-f582-48cc-bf66-e52aed742744: start FollowerState
datanode_2    | 2019-10-23 17:40:52,344 WARN impl.MetricRegistriesImpl: First MetricRegistry has been created without registering reporters. You may need to call MetricRegistries.global().addReportRegistration(...) before.
scm_1         | 2019-10-23 17:40:51,365 INFO pipeline.PipelineStateManager: Created pipeline Pipeline[ Id: 564dd6ab-8bd3-45ae-9512-35179d6d0569, Nodes: 9c4db54a-a462-4648-8c68-c1cd1815c13e{ip: 172.18.0.4, host: ozoneperf_datanode_1.ozoneperf_default, networkLocation: /default-rack, certSerialId: null}, Type:RATIS, Factor:ONE, State:OPEN]
freon_1       | 2019-10-23 17:41:15,980 [pool-2-thread-7] INFO       - Creating Bucket: vol-6-93982/bucket-7-76048, with Versioning false and Storage Type set to DISK and Encryption set to false 
grafana_1     | t=2019-10-23T17:40:48+0000 lvl=info msg="Executing migration" logger=migrator id="create index IDX_data_source_org_id - v2"
datanode_3    | 2019-10-23 17:40:51,780 INFO util.JmxRegister: Successfully registered JMX Bean with object name Ratis:service=RaftServer,group=group-EEDEC1061452,id=ad938aeb-f582-48cc-bf66-e52aed742744
datanode_1    | 2019-10-23 17:40:51,258 INFO impl.RaftServerImpl: 9c4db54a-a462-4648-8c68-c1cd1815c13e@group-35179D6D0569: start as a follower, conf=-1: [9c4db54a-a462-4648-8c68-c1cd1815c13e:172.18.0.4:9858], old=null
datanode_2    | 2019-10-23 17:40:52,446 INFO impl.RaftServerProxy: 1d1aa543-8a1f-411b-8abd-0ad140e98cdf: addNew group-6B55F41BB9B4:[1d1aa543-8a1f-411b-8abd-0ad140e98cdf:172.18.0.8:9858, ad938aeb-f582-48cc-bf66-e52aed742744:172.18.0.6:9858, 9c4db54a-a462-4648-8c68-c1cd1815c13e:172.18.0.4:9858] returns group-6B55F41BB9B4:java.util.concurrent.CompletableFuture@31ce6b6b[Not completed]
scm_1         | 2019-10-23 17:40:51,684 INFO net.NetworkTopology: Added a new node: /default-rack/1d1aa543-8a1f-411b-8abd-0ad140e98cdf
freon_1       | 2019-10-23 17:41:15,994 [pool-2-thread-2] INFO       - Creating Bucket: vol-1-56241/bucket-8-68398, with Versioning false and Storage Type set to DISK and Encryption set to false 
grafana_1     | t=2019-10-23T17:40:48+0000 lvl=info msg="Executing migration" logger=migrator id="create index UQE_data_source_org_id_name - v2"
datanode_3    | 2019-10-23 17:40:51,781 WARN impl.MetricRegistriesImpl: First MetricRegistry has been created without registering reporters. You may need to call MetricRegistries.global().addReportRegistration(...) before.
datanode_2    | 2019-10-23 17:40:52,449 INFO impl.RaftServerImpl: 1d1aa543-8a1f-411b-8abd-0ad140e98cdf: new RaftServerImpl for group-6B55F41BB9B4:[1d1aa543-8a1f-411b-8abd-0ad140e98cdf:172.18.0.8:9858, ad938aeb-f582-48cc-bf66-e52aed742744:172.18.0.6:9858, 9c4db54a-a462-4648-8c68-c1cd1815c13e:172.18.0.4:9858] with ContainerStateMachine:uninitialized
datanode_1    | 2019-10-23 17:40:51,259 INFO impl.RaftServerImpl: 9c4db54a-a462-4648-8c68-c1cd1815c13e@group-35179D6D0569: changes role from      null to FOLLOWER at term 0 for startAsFollower
freon_1       | 2019-10-23 17:41:15,995 [pool-2-thread-5] INFO       - Creating Bucket: vol-3-24527/bucket-8-23053, with Versioning false and Storage Type set to DISK and Encryption set to false 
scm_1         | 2019-10-23 17:40:51,684 INFO node.SCMNodeManager: Registered Data node : 1d1aa543-8a1f-411b-8abd-0ad140e98cdf{ip: 172.18.0.8, host: ozoneperf_datanode_2.ozoneperf_default, networkLocation: /default-rack, certSerialId: null}
grafana_1     | t=2019-10-23T17:40:48+0000 lvl=info msg="Executing migration" logger=migrator id="copy data_source v1 to v2"
datanode_3    | 2019-10-23 17:40:52,479 INFO impl.RaftServerProxy: ad938aeb-f582-48cc-bf66-e52aed742744: addNew group-6B55F41BB9B4:[1d1aa543-8a1f-411b-8abd-0ad140e98cdf:172.18.0.8:9858, ad938aeb-f582-48cc-bf66-e52aed742744:172.18.0.6:9858, 9c4db54a-a462-4648-8c68-c1cd1815c13e:172.18.0.4:9858] returns group-6B55F41BB9B4:java.util.concurrent.CompletableFuture@3365de1e[Not completed]
datanode_2    | 2019-10-23 17:40:52,449 INFO server.RaftServerConfigKeys: raft.server.rpc.timeout.min = 5s (custom)
datanode_1    | 2019-10-23 17:40:51,260 INFO impl.RoleInfo: 9c4db54a-a462-4648-8c68-c1cd1815c13e: start FollowerState
freon_1       | 2019-10-23 17:41:15,994 [pool-2-thread-4] INFO       - Creating Bucket: vol-2-64260/bucket-8-54631, with Versioning false and Storage Type set to DISK and Encryption set to false 
scm_1         | 2019-10-23 17:40:51,838 INFO pipeline.PipelineStateManager: Created pipeline Pipeline[ Id: 7677f80e-d921-40fd-93e0-eedec1061452, Nodes: ad938aeb-f582-48cc-bf66-e52aed742744{ip: 172.18.0.6, host: ozoneperf_datanode_3.ozoneperf_default, networkLocation: /default-rack, certSerialId: null}, Type:RATIS, Factor:ONE, State:OPEN]
grafana_1     | t=2019-10-23T17:40:48+0000 lvl=info msg="Executing migration" logger=migrator id="Drop old table data_source_v1 #2"
datanode_3    | 2019-10-23 17:40:52,482 INFO impl.RaftServerImpl: ad938aeb-f582-48cc-bf66-e52aed742744: new RaftServerImpl for group-6B55F41BB9B4:[1d1aa543-8a1f-411b-8abd-0ad140e98cdf:172.18.0.8:9858, ad938aeb-f582-48cc-bf66-e52aed742744:172.18.0.6:9858, 9c4db54a-a462-4648-8c68-c1cd1815c13e:172.18.0.4:9858] with ContainerStateMachine:uninitialized
datanode_2    | 2019-10-23 17:40:52,450 INFO server.RaftServerConfigKeys: raft.server.rpc.timeout.max = 5200ms (custom)
datanode_1    | 2019-10-23 17:40:51,264 INFO util.JmxRegister: Successfully registered JMX Bean with object name Ratis:service=RaftServer,group=group-35179D6D0569,id=9c4db54a-a462-4648-8c68-c1cd1815c13e
freon_1       | 2019-10-23 17:41:16,001 [pool-2-thread-6] INFO       - Creating Bucket: vol-4-36531/bucket-8-18470, with Versioning false and Storage Type set to DISK and Encryption set to false 
scm_1         | 2019-10-23 17:40:52,411 INFO pipeline.PipelineStateManager: Created pipeline Pipeline[ Id: 16dee248-1f9d-4b43-a27d-bc4f25742f1b, Nodes: 1d1aa543-8a1f-411b-8abd-0ad140e98cdf{ip: 172.18.0.8, host: ozoneperf_datanode_2.ozoneperf_default, networkLocation: /default-rack, certSerialId: null}, Type:RATIS, Factor:ONE, State:OPEN]
datanode_3    | 2019-10-23 17:40:52,482 INFO server.RaftServerConfigKeys: raft.server.rpc.timeout.min = 5s (custom)
grafana_1     | t=2019-10-23T17:40:48+0000 lvl=info msg="Executing migration" logger=migrator id="Add column with_credentials"
datanode_2    | 2019-10-23 17:40:52,450 INFO server.RaftServerConfigKeys: raft.server.rpcslowness.timeout = 120s (custom)
datanode_1    | 2019-10-23 17:40:51,265 WARN impl.MetricRegistriesImpl: First MetricRegistry has been created without registering reporters. You may need to call MetricRegistries.global().addReportRegistration(...) before.
freon_1       | 2019-10-23 17:41:16,012 [pool-2-thread-10] INFO       - Creating Bucket: vol-5-70504/bucket-8-96416, with Versioning false and Storage Type set to DISK and Encryption set to false 
scm_1         | 2019-10-23 17:40:52,578 INFO pipeline.PipelineStateManager: Created pipeline Pipeline[ Id: b2c0b0e8-4014-49d1-99ad-6b55f41bb9b4, Nodes: 9c4db54a-a462-4648-8c68-c1cd1815c13e{ip: 172.18.0.4, host: ozoneperf_datanode_1.ozoneperf_default, networkLocation: /default-rack, certSerialId: null}1d1aa543-8a1f-411b-8abd-0ad140e98cdf{ip: 172.18.0.8, host: ozoneperf_datanode_2.ozoneperf_default, networkLocation: /default-rack, certSerialId: null}ad938aeb-f582-48cc-bf66-e52aed742744{ip: 172.18.0.6, host: ozoneperf_datanode_3.ozoneperf_default, networkLocation: /default-rack, certSerialId: null}, Type:RATIS, Factor:THREE, State:OPEN]
datanode_3    | 2019-10-23 17:40:52,482 INFO server.RaftServerConfigKeys: raft.server.rpc.timeout.max = 5200ms (custom)
grafana_1     | t=2019-10-23T17:40:48+0000 lvl=info msg="Executing migration" logger=migrator id="Add secure json data column"
datanode_1    | 2019-10-23 17:40:52,475 INFO impl.RaftServerProxy: 9c4db54a-a462-4648-8c68-c1cd1815c13e: addNew group-6B55F41BB9B4:[1d1aa543-8a1f-411b-8abd-0ad140e98cdf:172.18.0.8:9858, ad938aeb-f582-48cc-bf66-e52aed742744:172.18.0.6:9858, 9c4db54a-a462-4648-8c68-c1cd1815c13e:172.18.0.4:9858] returns group-6B55F41BB9B4:java.util.concurrent.CompletableFuture@6954f475[Not completed]
datanode_2    | 2019-10-23 17:40:52,450 INFO server.RaftServerConfigKeys: raft.server.sleep.deviation.threshold = 300 (default)
freon_1       | 2019-10-23 17:41:16,019 [pool-2-thread-9] INFO       - Creating Bucket: vol-6-93982/bucket-8-87850, with Versioning false and Storage Type set to DISK and Encryption set to false 
scm_1         | 2019-10-23 17:41:08,641 INFO server.SCMBlockProtocolServer: Allocating 1 blocks of size 268435456, with ExcludeList {datanodes = [], containerIds = [], pipelineIds = []}
datanode_3    | 2019-10-23 17:40:52,482 INFO server.RaftServerConfigKeys: raft.server.rpcslowness.timeout = 120s (custom)
grafana_1     | t=2019-10-23T17:40:48+0000 lvl=info msg="Executing migration" logger=migrator id="Update data_source table charset"
datanode_1    | 2019-10-23 17:40:52,478 INFO impl.RaftServerImpl: 9c4db54a-a462-4648-8c68-c1cd1815c13e: new RaftServerImpl for group-6B55F41BB9B4:[1d1aa543-8a1f-411b-8abd-0ad140e98cdf:172.18.0.8:9858, ad938aeb-f582-48cc-bf66-e52aed742744:172.18.0.6:9858, 9c4db54a-a462-4648-8c68-c1cd1815c13e:172.18.0.4:9858] with ContainerStateMachine:uninitialized
datanode_2    | 2019-10-23 17:40:52,450 INFO server.RaftServerConfigKeys: raft.server.log.appender.install.snapshot.enabled = false (custom)
freon_1       | 2019-10-23 17:41:16,019 [pool-2-thread-1] INFO       - Creating Bucket: vol-7-67891/bucket-8-56077, with Versioning false and Storage Type set to DISK and Encryption set to false 
scm_1         | 2019-10-23 17:41:08,646 INFO pipeline.PipelineStateManager: Created pipeline Pipeline[ Id: fc6f435b-7e64-492f-8587-d79e3be0652b, Nodes: 1d1aa543-8a1f-411b-8abd-0ad140e98cdf{ip: 172.18.0.8, host: ozoneperf_datanode_2.ozoneperf_default, networkLocation: /default-rack, certSerialId: null}, Type:STAND_ALONE, Factor:ONE, State:OPEN]
datanode_3    | 2019-10-23 17:40:52,482 INFO server.RaftServerConfigKeys: raft.server.sleep.deviation.threshold = 300 (default)
datanode_1    | 2019-10-23 17:40:52,479 INFO server.RaftServerConfigKeys: raft.server.rpc.timeout.min = 5s (custom)
grafana_1     | t=2019-10-23T17:40:48+0000 lvl=info msg="Executing migration" logger=migrator id="Update initial version to 1"
datanode_2    | 2019-10-23 17:40:52,450 INFO impl.RaftServerImpl: 1d1aa543-8a1f-411b-8abd-0ad140e98cdf@group-6B55F41BB9B4: ConfigurationManager, init=-1: [1d1aa543-8a1f-411b-8abd-0ad140e98cdf:172.18.0.8:9858, ad938aeb-f582-48cc-bf66-e52aed742744:172.18.0.6:9858, 9c4db54a-a462-4648-8c68-c1cd1815c13e:172.18.0.4:9858], old=null, confs=<EMPTY_MAP>
freon_1       | 2019-10-23 17:41:16,021 [pool-2-thread-7] INFO       - Creating Bucket: vol-9-61894/bucket-8-17577, with Versioning false and Storage Type set to DISK and Encryption set to false 
scm_1         | 2019-10-23 17:41:10,482 INFO server.SCMBlockProtocolServer: Allocating 1 blocks of size 268435456, with ExcludeList {datanodes = [], containerIds = [], pipelineIds = []}
datanode_3    | 2019-10-23 17:40:52,482 INFO server.RaftServerConfigKeys: raft.server.log.appender.install.snapshot.enabled = false (custom)
datanode_1    | 2019-10-23 17:40:52,479 INFO server.RaftServerConfigKeys: raft.server.rpc.timeout.max = 5200ms (custom)
grafana_1     | t=2019-10-23T17:40:48+0000 lvl=info msg="Executing migration" logger=migrator id="Add read_only data column"
datanode_2    | 2019-10-23 17:40:52,450 INFO server.RaftServerConfigKeys: raft.server.storage.dir = [/data/metadata/ratis] (custom)
freon_1       | 2019-10-23 17:41:16,021 [pool-2-thread-8] INFO       - Creating Bucket: vol-0-66401/bucket-9-29349, with Versioning false and Storage Type set to DISK and Encryption set to false 
scm_1         | 2019-10-23 17:41:10,858 INFO server.SCMBlockProtocolServer: Allocating 1 blocks of size 268435456, with ExcludeList {datanodes = [], containerIds = [], pipelineIds = []}
datanode_3    | 2019-10-23 17:40:52,482 INFO impl.RaftServerImpl: ad938aeb-f582-48cc-bf66-e52aed742744@group-6B55F41BB9B4: ConfigurationManager, init=-1: [1d1aa543-8a1f-411b-8abd-0ad140e98cdf:172.18.0.8:9858, ad938aeb-f582-48cc-bf66-e52aed742744:172.18.0.6:9858, 9c4db54a-a462-4648-8c68-c1cd1815c13e:172.18.0.4:9858], old=null, confs=<EMPTY_MAP>
grafana_1     | t=2019-10-23T17:40:48+0000 lvl=info msg="Executing migration" logger=migrator id="Migrate logging ds to loki ds"
datanode_2    | 2019-10-23 17:40:52,450 INFO server.RaftServerConfigKeys: raft.server.log.corruption.policy = EXCEPTION (default)
freon_1       | 2019-10-23 17:41:16,021 [pool-2-thread-3] INFO       - Creating Bucket: vol-8-26019/bucket-8-92072, with Versioning false and Storage Type set to DISK and Encryption set to false 
scm_1         | 2019-10-23 17:41:11,221 INFO server.SCMBlockProtocolServer: Allocating 1 blocks of size 268435456, with ExcludeList {datanodes = [], containerIds = [], pipelineIds = []}
datanode_3    | 2019-10-23 17:40:52,482 INFO server.RaftServerConfigKeys: raft.server.storage.dir = [/data/metadata/ratis] (custom)
grafana_1     | t=2019-10-23T17:40:48+0000 lvl=info msg="Executing migration" logger=migrator id="Update json_data with nulls"
datanode_2    | 2019-10-23 17:40:52,450 INFO storage.RaftStorageDirectory: The storage directory /data/metadata/ratis/b2c0b0e8-4014-49d1-99ad-6b55f41bb9b4 does not exist. Creating ...
freon_1       | 2019-10-23 17:41:16,029 [pool-2-thread-2] INFO       - Creating Bucket: vol-1-56241/bucket-9-86575, with Versioning false and Storage Type set to DISK and Encryption set to false 
scm_1         | 2019-10-23 17:41:11,339 INFO server.SCMBlockProtocolServer: Allocating 1 blocks of size 268435456, with ExcludeList {datanodes = [], containerIds = [], pipelineIds = []}
datanode_3    | 2019-10-23 17:40:52,483 INFO server.RaftServerConfigKeys: raft.server.log.corruption.policy = EXCEPTION (default)
grafana_1     | t=2019-10-23T17:40:48+0000 lvl=info msg="Executing migration" logger=migrator id="create api_key table"
datanode_1    | 2019-10-23 17:40:52,479 INFO server.RaftServerConfigKeys: raft.server.rpcslowness.timeout = 120s (custom)
datanode_2    | 2019-10-23 17:40:52,475 INFO storage.RaftStorageDirectory: Lock on /data/metadata/ratis/b2c0b0e8-4014-49d1-99ad-6b55f41bb9b4/in_use.lock acquired by nodename 8@17d972dcc469
freon_1       | 2019-10-23 17:41:16,030 [pool-2-thread-5] INFO       - Creating Bucket: vol-2-64260/bucket-9-20960, with Versioning false and Storage Type set to DISK and Encryption set to false 
scm_1         | 2019-10-23 17:41:12,136 INFO server.SCMBlockProtocolServer: Allocating 1 blocks of size 268435456, with ExcludeList {datanodes = [], containerIds = [], pipelineIds = []}
datanode_3    | 2019-10-23 17:40:52,483 INFO storage.RaftStorageDirectory: The storage directory /data/metadata/ratis/b2c0b0e8-4014-49d1-99ad-6b55f41bb9b4 does not exist. Creating ...
grafana_1     | t=2019-10-23T17:40:48+0000 lvl=info msg="Executing migration" logger=migrator id="add index api_key.account_id"
datanode_1    | 2019-10-23 17:40:52,479 INFO server.RaftServerConfigKeys: raft.server.sleep.deviation.threshold = 300 (default)
datanode_2    | 2019-10-23 17:40:52,547 INFO storage.RaftStorage: Storage directory /data/metadata/ratis/b2c0b0e8-4014-49d1-99ad-6b55f41bb9b4 has been successfully formatted.
freon_1       | 2019-10-23 17:41:16,030 [pool-2-thread-6] INFO       - Creating Bucket: vol-3-24527/bucket-9-99795, with Versioning false and Storage Type set to DISK and Encryption set to false 
scm_1         | 2019-10-23 17:41:12,451 INFO server.SCMBlockProtocolServer: Allocating 1 blocks of size 268435456, with ExcludeList {datanodes = [], containerIds = [], pipelineIds = []}
datanode_3    | 2019-10-23 17:40:52,547 INFO storage.RaftStorageDirectory: Lock on /data/metadata/ratis/b2c0b0e8-4014-49d1-99ad-6b55f41bb9b4/in_use.lock acquired by nodename 7@5a5ae2083129
grafana_1     | t=2019-10-23T17:40:48+0000 lvl=info msg="Executing migration" logger=migrator id="add index api_key.key"
datanode_1    | 2019-10-23 17:40:52,479 INFO server.RaftServerConfigKeys: raft.server.log.appender.install.snapshot.enabled = false (custom)
datanode_2    | 2019-10-23 17:40:52,548 [pool-8-thread-1] INFO       - group-6B55F41BB9B4: The snapshot info is null. Setting the last applied indexto:(t:0, i:~)
freon_1       | 2019-10-23 17:41:16,031 [pool-2-thread-4] INFO       - Creating Bucket: vol-4-36531/bucket-9-53419, with Versioning false and Storage Type set to DISK and Encryption set to false 
scm_1         | 2019-10-23 17:41:12,558 INFO server.SCMBlockProtocolServer: Allocating 1 blocks of size 268435456, with ExcludeList {datanodes = [], containerIds = [], pipelineIds = []}
datanode_3    | 2019-10-23 17:40:52,562 INFO storage.RaftStorage: Storage directory /data/metadata/ratis/b2c0b0e8-4014-49d1-99ad-6b55f41bb9b4 has been successfully formatted.
grafana_1     | t=2019-10-23T17:40:48+0000 lvl=info msg="Executing migration" logger=migrator id="add index api_key.account_id_name"
datanode_2    | 2019-10-23 17:40:52,549 INFO server.RaftServerConfigKeys: raft.server.notification.no-leader.timeout = 120s (custom)
datanode_1    | 2019-10-23 17:40:52,479 INFO impl.RaftServerImpl: 9c4db54a-a462-4648-8c68-c1cd1815c13e@group-6B55F41BB9B4: ConfigurationManager, init=-1: [1d1aa543-8a1f-411b-8abd-0ad140e98cdf:172.18.0.8:9858, ad938aeb-f582-48cc-bf66-e52aed742744:172.18.0.6:9858, 9c4db54a-a462-4648-8c68-c1cd1815c13e:172.18.0.4:9858], old=null, confs=<EMPTY_MAP>
freon_1       | 2019-10-23 17:41:16,063 [pool-2-thread-3] INFO       - Creating Bucket: vol-5-70504/bucket-9-30427, with Versioning false and Storage Type set to DISK and Encryption set to false 
scm_1         | 2019-10-23 17:41:12,654 INFO server.SCMBlockProtocolServer: Allocating 1 blocks of size 268435456, with ExcludeList {datanodes = [], containerIds = [], pipelineIds = []}
datanode_3    | 2019-10-23 17:40:52,562 [pool-8-thread-1] INFO       - group-6B55F41BB9B4: The snapshot info is null. Setting the last applied indexto:(t:0, i:~)
grafana_1     | t=2019-10-23T17:40:48+0000 lvl=info msg="Executing migration" logger=migrator id="drop index IDX_api_key_account_id - v1"
datanode_2    | 2019-10-23 17:40:52,549 INFO server.RaftServerConfigKeys: raft.server.log.use.memory = false (default)
datanode_1    | 2019-10-23 17:40:52,479 INFO server.RaftServerConfigKeys: raft.server.storage.dir = [/data/metadata/ratis] (custom)
freon_1       | 2019-10-23 17:41:16,065 [pool-2-thread-1] INFO       - Creating Bucket: vol-6-93982/bucket-9-06185, with Versioning false and Storage Type set to DISK and Encryption set to false 
datanode_3    | 2019-10-23 17:40:52,563 INFO server.RaftServerConfigKeys: raft.server.notification.no-leader.timeout = 120s (custom)
scm_1         | 2019-10-23 17:41:12,751 INFO server.SCMBlockProtocolServer: Allocating 1 blocks of size 268435456, with ExcludeList {datanodes = [], containerIds = [], pipelineIds = []}
grafana_1     | t=2019-10-23T17:40:48+0000 lvl=info msg="Executing migration" logger=migrator id="drop index UQE_api_key_key - v1"
datanode_2    | 2019-10-23 17:40:52,550 INFO server.RaftServerConfigKeys: raft.server.log.purge.gap = 1000000 (custom)
datanode_1    | 2019-10-23 17:40:52,480 INFO server.RaftServerConfigKeys: raft.server.log.corruption.policy = EXCEPTION (default)
freon_1       | 2019-10-23 17:41:16,065 [pool-2-thread-9] INFO       - Creating Bucket: vol-9-61894/bucket-9-21342, with Versioning false and Storage Type set to DISK and Encryption set to false 
datanode_3    | 2019-10-23 17:40:52,563 INFO server.RaftServerConfigKeys: raft.server.log.use.memory = false (default)
scm_1         | 2019-10-23 17:41:12,848 INFO server.SCMBlockProtocolServer: Allocating 1 blocks of size 268435456, with ExcludeList {datanodes = [], containerIds = [], pipelineIds = []}
datanode_2    | 2019-10-23 17:40:52,550 INFO server.RaftServerConfigKeys: raft.server.log.appender.buffer.byte-limit = 33554432 (custom)
grafana_1     | t=2019-10-23T17:40:48+0000 lvl=info msg="Executing migration" logger=migrator id="drop index UQE_api_key_account_id_name - v1"
datanode_1    | 2019-10-23 17:40:52,480 INFO storage.RaftStorageDirectory: The storage directory /data/metadata/ratis/b2c0b0e8-4014-49d1-99ad-6b55f41bb9b4 does not exist. Creating ...
datanode_3    | 2019-10-23 17:40:52,563 INFO server.RaftServerConfigKeys: raft.server.log.purge.gap = 1000000 (custom)
scm_1         | 2019-10-23 17:41:12,956 INFO server.SCMBlockProtocolServer: Allocating 1 blocks of size 268435456, with ExcludeList {datanodes = [], containerIds = [], pipelineIds = []}
datanode_2    | 2019-10-23 17:40:52,550 INFO server.RaftServerConfigKeys: raft.server.log.segment.size.max = 1048576 (custom)
freon_1       | 2019-10-23 17:41:16,065 [pool-2-thread-7] INFO       - Creating Bucket: vol-7-67891/bucket-9-96367, with Versioning false and Storage Type set to DISK and Encryption set to false 
grafana_1     | t=2019-10-23T17:40:48+0000 lvl=info msg="Executing migration" logger=migrator id="Rename table api_key to api_key_v1 - v1"
datanode_1    | 2019-10-23 17:40:52,547 INFO storage.RaftStorageDirectory: Lock on /data/metadata/ratis/b2c0b0e8-4014-49d1-99ad-6b55f41bb9b4/in_use.lock acquired by nodename 7@1e343e54cfc6
datanode_3    | 2019-10-23 17:40:52,563 INFO server.RaftServerConfigKeys: raft.server.log.appender.buffer.byte-limit = 33554432 (custom)
scm_1         | 2019-10-23 17:41:13,082 INFO server.SCMBlockProtocolServer: Allocating 1 blocks of size 268435456, with ExcludeList {datanodes = [], containerIds = [], pipelineIds = []}
datanode_2    | 2019-10-23 17:40:52,551 INFO server.RaftServerConfigKeys: raft.server.log.segment.cache.num.max = 2 (custom)
freon_1       | 2019-10-23 17:41:16,065 [pool-2-thread-10] INFO       - Creating Bucket: vol-8-26019/bucket-9-35245, with Versioning false and Storage Type set to DISK and Encryption set to false 
grafana_1     | t=2019-10-23T17:40:49+0000 lvl=info msg="Executing migration" logger=migrator id="create api_key table v2"
datanode_1    | 2019-10-23 17:40:52,562 INFO storage.RaftStorage: Storage directory /data/metadata/ratis/b2c0b0e8-4014-49d1-99ad-6b55f41bb9b4 has been successfully formatted.
datanode_3    | 2019-10-23 17:40:52,564 INFO server.RaftServerConfigKeys: raft.server.log.segment.size.max = 1048576 (custom)
scm_1         | 2019-10-23 17:41:13,173 INFO server.SCMBlockProtocolServer: Allocating 1 blocks of size 268435456, with ExcludeList {datanodes = [], containerIds = [], pipelineIds = []}
freon_1       | 2019-10-23 17:41:16,065 [pool-2-thread-8] INFO       - Creating Bucket: vol-0-66401/bucket-10-38508, with Versioning false and Storage Type set to DISK and Encryption set to false 
grafana_1     | t=2019-10-23T17:40:49+0000 lvl=info msg="Executing migration" logger=migrator id="create index IDX_api_key_org_id - v2"
datanode_2    | 2019-10-23 17:40:52,551 INFO segmented.SegmentedRaftLogWorker: new 1d1aa543-8a1f-411b-8abd-0ad140e98cdf@group-6B55F41BB9B4-SegmentedRaftLogWorker for RaftStorage:Storage Directory /data/metadata/ratis/b2c0b0e8-4014-49d1-99ad-6b55f41bb9b4
datanode_1    | 2019-10-23 17:40:52,562 [pool-8-thread-1] INFO       - group-6B55F41BB9B4: The snapshot info is null. Setting the last applied indexto:(t:0, i:~)
datanode_3    | 2019-10-23 17:40:52,564 INFO server.RaftServerConfigKeys: raft.server.log.segment.cache.num.max = 2 (custom)
scm_1         | 2019-10-23 17:41:13,266 INFO server.SCMBlockProtocolServer: Allocating 1 blocks of size 268435456, with ExcludeList {datanodes = [], containerIds = [], pipelineIds = []}
freon_1       | 2019-10-23 17:41:16,088 [pool-2-thread-5] INFO       - Creating Bucket: vol-1-56241/bucket-10-97269, with Versioning false and Storage Type set to DISK and Encryption set to false 
grafana_1     | t=2019-10-23T17:40:49+0000 lvl=info msg="Executing migration" logger=migrator id="create index UQE_api_key_key - v2"
datanode_2    | 2019-10-23 17:40:52,551 INFO server.RaftServerConfigKeys: raft.server.log.queue.byte-limit = 2147483647 (custom)
datanode_1    | 2019-10-23 17:40:52,563 INFO server.RaftServerConfigKeys: raft.server.notification.no-leader.timeout = 120s (custom)
datanode_3    | 2019-10-23 17:40:52,564 INFO segmented.SegmentedRaftLogWorker: new ad938aeb-f582-48cc-bf66-e52aed742744@group-6B55F41BB9B4-SegmentedRaftLogWorker for RaftStorage:Storage Directory /data/metadata/ratis/b2c0b0e8-4014-49d1-99ad-6b55f41bb9b4
freon_1       | 2019-10-23 17:41:16,088 [pool-2-thread-4] INFO       - Creating Bucket: vol-2-64260/bucket-10-86761, with Versioning false and Storage Type set to DISK and Encryption set to false 
scm_1         | 2019-10-23 17:41:13,385 INFO server.SCMBlockProtocolServer: Allocating 1 blocks of size 268435456, with ExcludeList {datanodes = [], containerIds = [], pipelineIds = []}
grafana_1     | t=2019-10-23T17:40:49+0000 lvl=info msg="Executing migration" logger=migrator id="create index UQE_api_key_org_id_name - v2"
datanode_2    | 2019-10-23 17:40:52,551 INFO server.RaftServerConfigKeys: raft.server.log.queue.element-limit = 1024 (custom)
datanode_1    | 2019-10-23 17:40:52,563 INFO server.RaftServerConfigKeys: raft.server.log.use.memory = false (default)
freon_1       | 2019-10-23 17:41:16,088 [pool-2-thread-2] INFO       - Creating Bucket: vol-4-36531/bucket-10-09980, with Versioning false and Storage Type set to DISK and Encryption set to false 
scm_1         | 2019-10-23 17:41:13,493 INFO server.SCMBlockProtocolServer: Allocating 1 blocks of size 268435456, with ExcludeList {datanodes = [], containerIds = [], pipelineIds = []}
grafana_1     | t=2019-10-23T17:40:49+0000 lvl=info msg="Executing migration" logger=migrator id="copy api_key v1 to v2"
datanode_3    | 2019-10-23 17:40:52,564 INFO server.RaftServerConfigKeys: raft.server.log.queue.byte-limit = 2147483647 (custom)
datanode_2    | 2019-10-23 17:40:52,551 INFO server.RaftServerConfigKeys: raft.server.log.segment.size.max = 1048576 (custom)
datanode_1    | 2019-10-23 17:40:52,563 INFO server.RaftServerConfigKeys: raft.server.log.purge.gap = 1000000 (custom)
freon_1       | 2019-10-23 17:41:16,088 [pool-2-thread-6] INFO       - Creating Bucket: vol-3-24527/bucket-10-32214, with Versioning false and Storage Type set to DISK and Encryption set to false 
scm_1         | 2019-10-23 17:41:13,594 INFO server.SCMBlockProtocolServer: Allocating 1 blocks of size 268435456, with ExcludeList {datanodes = [], containerIds = [], pipelineIds = []}
grafana_1     | t=2019-10-23T17:40:49+0000 lvl=info msg="Executing migration" logger=migrator id="Drop old table api_key_v1"
datanode_3    | 2019-10-23 17:40:52,564 INFO server.RaftServerConfigKeys: raft.server.log.queue.element-limit = 1024 (custom)
datanode_1    | 2019-10-23 17:40:52,563 INFO server.RaftServerConfigKeys: raft.server.log.appender.buffer.byte-limit = 33554432 (custom)
datanode_2    | 2019-10-23 17:40:52,552 INFO server.RaftServerConfigKeys: raft.server.log.preallocated.size = 16384 (custom)
freon_1       | 2019-10-23 17:41:16,113 [pool-2-thread-1] INFO       - Creating Bucket: vol-5-70504/bucket-10-94122, with Versioning false and Storage Type set to DISK and Encryption set to false 
scm_1         | 2019-10-23 17:41:13,712 INFO server.SCMBlockProtocolServer: Allocating 1 blocks of size 268435456, with ExcludeList {datanodes = [], containerIds = [], pipelineIds = []}
datanode_3    | 2019-10-23 17:40:52,564 INFO server.RaftServerConfigKeys: raft.server.log.segment.size.max = 1048576 (custom)
datanode_1    | 2019-10-23 17:40:52,564 INFO server.RaftServerConfigKeys: raft.server.log.segment.size.max = 1048576 (custom)
datanode_2    | 2019-10-23 17:40:52,552 INFO server.RaftServerConfigKeys: raft.server.log.write.buffer.size = 33554432 (custom)
scm_1         | 2019-10-23 17:41:13,803 INFO server.SCMBlockProtocolServer: Allocating 1 blocks of size 268435456, with ExcludeList {datanodes = [], containerIds = [], pipelineIds = []}
datanode_3    | 2019-10-23 17:40:52,564 INFO server.RaftServerConfigKeys: raft.server.log.preallocated.size = 16384 (custom)
datanode_1    | 2019-10-23 17:40:52,564 INFO server.RaftServerConfigKeys: raft.server.log.segment.cache.num.max = 2 (custom)
freon_1       | 2019-10-23 17:41:16,114 [pool-2-thread-9] INFO       - Creating Bucket: vol-6-93982/bucket-10-92582, with Versioning false and Storage Type set to DISK and Encryption set to false 
scm_1         | 2019-10-23 17:41:13,904 INFO server.SCMBlockProtocolServer: Allocating 1 blocks of size 268435456, with ExcludeList {datanodes = [], containerIds = [], pipelineIds = []}
datanode_2    | 2019-10-23 17:40:52,552 INFO server.RaftServerConfigKeys: raft.server.log.force.sync.num = 128 (default)
datanode_3    | 2019-10-23 17:40:52,565 INFO server.RaftServerConfigKeys: raft.server.log.write.buffer.size = 33554432 (custom)
datanode_1    | 2019-10-23 17:40:52,564 INFO segmented.SegmentedRaftLogWorker: new 9c4db54a-a462-4648-8c68-c1cd1815c13e@group-6B55F41BB9B4-SegmentedRaftLogWorker for RaftStorage:Storage Directory /data/metadata/ratis/b2c0b0e8-4014-49d1-99ad-6b55f41bb9b4
freon_1       | 2019-10-23 17:41:16,114 [pool-2-thread-7] INFO       - Creating Bucket: vol-8-26019/bucket-10-91093, with Versioning false and Storage Type set to DISK and Encryption set to false 
scm_1         | 2019-10-23 17:41:14,047 INFO server.SCMBlockProtocolServer: Allocating 1 blocks of size 268435456, with ExcludeList {datanodes = [], containerIds = [], pipelineIds = []}
datanode_2    | 2019-10-23 17:40:52,552 INFO server.RaftServerConfigKeys: raft.server.log.statemachine.data.sync = true (default)
grafana_1     | t=2019-10-23T17:40:49+0000 lvl=info msg="Executing migration" logger=migrator id="Update api_key table charset"
datanode_1    | 2019-10-23 17:40:52,564 INFO server.RaftServerConfigKeys: raft.server.log.queue.byte-limit = 2147483647 (custom)
scm_1         | 2019-10-23 17:41:14,147 INFO server.SCMBlockProtocolServer: Allocating 1 blocks of size 268435456, with ExcludeList {datanodes = [], containerIds = [], pipelineIds = []}
freon_1       | 2019-10-23 17:41:16,114 [pool-2-thread-8] INFO       - Creating Bucket: vol-7-67891/bucket-10-71883, with Versioning false and Storage Type set to DISK and Encryption set to false 
datanode_3    | 2019-10-23 17:40:52,565 INFO server.RaftServerConfigKeys: raft.server.log.force.sync.num = 128 (default)
datanode_2    | 2019-10-23 17:40:52,552 INFO server.RaftServerConfigKeys: raft.server.log.statemachine.data.sync.timeout = 10s (default)
datanode_1    | 2019-10-23 17:40:52,564 INFO server.RaftServerConfigKeys: raft.server.log.queue.element-limit = 1024 (custom)
grafana_1     | t=2019-10-23T17:40:49+0000 lvl=info msg="Executing migration" logger=migrator id="Add expires to api_key table"
scm_1         | 2019-10-23 17:41:14,239 INFO server.SCMBlockProtocolServer: Allocating 1 blocks of size 268435456, with ExcludeList {datanodes = [], containerIds = [], pipelineIds = []}
freon_1       | 2019-10-23 17:41:16,114 [pool-2-thread-10] INFO       - Creating Bucket: vol-9-61894/bucket-10-23073, with Versioning false and Storage Type set to DISK and Encryption set to false 
datanode_3    | 2019-10-23 17:40:52,565 INFO server.RaftServerConfigKeys: raft.server.log.statemachine.data.sync = true (default)
datanode_2    | 2019-10-23 17:40:52,553 INFO server.RaftServerConfigKeys: raft.server.log.statemachine.data.sync.timeout.retry = -1 (default)
datanode_1    | 2019-10-23 17:40:52,564 INFO server.RaftServerConfigKeys: raft.server.log.segment.size.max = 1048576 (custom)
grafana_1     | t=2019-10-23T17:40:49+0000 lvl=info msg="Executing migration" logger=migrator id="create dashboard_snapshot table v4"
scm_1         | 2019-10-23 17:41:14,340 INFO server.SCMBlockProtocolServer: Allocating 1 blocks of size 268435456, with ExcludeList {datanodes = [], containerIds = [], pipelineIds = []}
freon_1       | 2019-10-23 17:41:16,119 [pool-2-thread-3] INFO       - Creating Bucket: vol-0-66401/bucket-11-57740, with Versioning false and Storage Type set to DISK and Encryption set to false 
datanode_3    | 2019-10-23 17:40:52,565 INFO server.RaftServerConfigKeys: raft.server.log.statemachine.data.sync.timeout = 10s (default)
datanode_2    | 2019-10-23 17:40:52,553 INFO server.RaftServerConfigKeys: raft.server.log.statemachine.data.caching.enabled = true (custom)
datanode_1    | 2019-10-23 17:40:52,564 INFO server.RaftServerConfigKeys: raft.server.log.preallocated.size = 16384 (custom)
grafana_1     | t=2019-10-23T17:40:49+0000 lvl=info msg="Executing migration" logger=migrator id="drop table dashboard_snapshot_v4 #1"
scm_1         | 2019-10-23 17:41:14,450 INFO server.SCMBlockProtocolServer: Allocating 1 blocks of size 268435456, with ExcludeList {datanodes = [], containerIds = [], pipelineIds = []}
freon_1       | 2019-10-23 17:41:16,139 [pool-2-thread-5] INFO       - Creating Bucket: vol-1-56241/bucket-11-55642, with Versioning false and Storage Type set to DISK and Encryption set to false 
datanode_3    | 2019-10-23 17:40:52,565 INFO server.RaftServerConfigKeys: raft.server.log.statemachine.data.sync.timeout.retry = -1 (default)
datanode_2    | 2019-10-23 17:40:52,554 INFO segmented.SegmentedRaftLogWorker: 1d1aa543-8a1f-411b-8abd-0ad140e98cdf@group-6B55F41BB9B4-SegmentedRaftLogWorker: flushIndex: setUnconditionally 0 -> -1
datanode_1    | 2019-10-23 17:40:52,565 INFO server.RaftServerConfigKeys: raft.server.log.write.buffer.size = 33554432 (custom)
grafana_1     | t=2019-10-23T17:40:49+0000 lvl=info msg="Executing migration" logger=migrator id="create dashboard_snapshot table v5 #2"
scm_1         | 2019-10-23 17:41:14,559 INFO server.SCMBlockProtocolServer: Allocating 1 blocks of size 268435456, with ExcludeList {datanodes = [], containerIds = [], pipelineIds = []}
freon_1       | 2019-10-23 17:41:16,140 [pool-2-thread-6] INFO       - Creating Bucket: vol-2-64260/bucket-11-69863, with Versioning false and Storage Type set to DISK and Encryption set to false 
datanode_3    | 2019-10-23 17:40:52,565 INFO server.RaftServerConfigKeys: raft.server.log.statemachine.data.caching.enabled = true (custom)
datanode_2    | 2019-10-23 17:40:52,554 INFO server.RaftServerConfigKeys: raft.server.snapshot.auto.trigger.enabled = true (custom)
datanode_1    | 2019-10-23 17:40:52,565 INFO server.RaftServerConfigKeys: raft.server.log.force.sync.num = 128 (default)
grafana_1     | t=2019-10-23T17:40:49+0000 lvl=info msg="Executing migration" logger=migrator id="create index UQE_dashboard_snapshot_key - v5"
scm_1         | 2019-10-23 17:41:14,650 INFO server.SCMBlockProtocolServer: Allocating 1 blocks of size 268435456, with ExcludeList {datanodes = [], containerIds = [], pipelineIds = []}
freon_1       | 2019-10-23 17:41:16,141 [pool-2-thread-2] INFO       - Creating Bucket: vol-3-24527/bucket-11-63346, with Versioning false and Storage Type set to DISK and Encryption set to false 
datanode_3    | 2019-10-23 17:40:52,566 INFO segmented.SegmentedRaftLogWorker: ad938aeb-f582-48cc-bf66-e52aed742744@group-6B55F41BB9B4-SegmentedRaftLogWorker: flushIndex: setUnconditionally 0 -> -1
datanode_2    | 2019-10-23 17:40:52,555 INFO server.RaftServerConfigKeys: raft.server.snapshot.auto.trigger.threshold = 10000 (custom)
grafana_1     | t=2019-10-23T17:40:49+0000 lvl=info msg="Executing migration" logger=migrator id="create index UQE_dashboard_snapshot_delete_key - v5"
scm_1         | 2019-10-23 17:41:14,743 INFO server.SCMBlockProtocolServer: Allocating 1 blocks of size 268435456, with ExcludeList {datanodes = [], containerIds = [], pipelineIds = []}
datanode_1    | 2019-10-23 17:40:52,565 INFO server.RaftServerConfigKeys: raft.server.log.statemachine.data.sync = true (default)
freon_1       | 2019-10-23 17:41:16,141 [pool-2-thread-4] INFO       - Creating Bucket: vol-4-36531/bucket-11-01937, with Versioning false and Storage Type set to DISK and Encryption set to false 
datanode_3    | 2019-10-23 17:40:52,566 INFO server.RaftServerConfigKeys: raft.server.snapshot.auto.trigger.enabled = true (custom)
datanode_2    | 2019-10-23 17:40:52,555 INFO server.RaftServerConfigKeys: raft.server.snapshot.retention.file.num = 5 (custom)
grafana_1     | t=2019-10-23T17:40:49+0000 lvl=info msg="Executing migration" logger=migrator id="create index IDX_dashboard_snapshot_user_id - v5"
scm_1         | 2019-10-23 17:41:14,828 INFO server.SCMBlockProtocolServer: Allocating 1 blocks of size 268435456, with ExcludeList {datanodes = [], containerIds = [], pipelineIds = []}
datanode_1    | 2019-10-23 17:40:52,565 INFO server.RaftServerConfigKeys: raft.server.log.statemachine.data.sync.timeout = 10s (default)
freon_1       | 2019-10-23 17:41:16,165 [pool-2-thread-1] INFO       - Creating Bucket: vol-5-70504/bucket-11-40334, with Versioning false and Storage Type set to DISK and Encryption set to false 
datanode_3    | 2019-10-23 17:40:52,567 INFO server.RaftServerConfigKeys: raft.server.snapshot.auto.trigger.threshold = 10000 (custom)
datanode_2    | 2019-10-23 17:40:52,555 INFO server.RaftServerConfigKeys: raft.server.retrycache.expirytime = 600000ms (custom)
grafana_1     | t=2019-10-23T17:40:49+0000 lvl=info msg="Executing migration" logger=migrator id="alter dashboard_snapshot to mediumtext v2"
scm_1         | 2019-10-23 17:41:14,936 INFO server.SCMBlockProtocolServer: Allocating 1 blocks of size 268435456, with ExcludeList {datanodes = [], containerIds = [], pipelineIds = []}
datanode_1    | 2019-10-23 17:40:52,565 INFO server.RaftServerConfigKeys: raft.server.log.statemachine.data.sync.timeout.retry = -1 (default)
freon_1       | 2019-10-23 17:41:16,166 [pool-2-thread-9] INFO       - Creating Bucket: vol-6-93982/bucket-11-99189, with Versioning false and Storage Type set to DISK and Encryption set to false 
datanode_3    | 2019-10-23 17:40:52,567 INFO server.RaftServerConfigKeys: raft.server.snapshot.retention.file.num = 5 (custom)
datanode_2    | 2019-10-23 17:40:52,555 WARN impl.MetricRegistriesImpl: First MetricRegistry has been created without registering reporters. You may need to call MetricRegistries.global().addReportRegistration(...) before.
grafana_1     | t=2019-10-23T17:40:49+0000 lvl=info msg="Executing migration" logger=migrator id="Update dashboard_snapshot table charset"
scm_1         | 2019-10-23 17:41:15,030 INFO server.SCMBlockProtocolServer: Allocating 1 blocks of size 268435456, with ExcludeList {datanodes = [], containerIds = [], pipelineIds = []}
datanode_1    | 2019-10-23 17:40:52,566 INFO server.RaftServerConfigKeys: raft.server.log.statemachine.data.caching.enabled = true (custom)
freon_1       | 2019-10-23 17:41:16,166 [pool-2-thread-7] INFO       - Creating Bucket: vol-7-67891/bucket-11-10162, with Versioning false and Storage Type set to DISK and Encryption set to false 
datanode_3    | 2019-10-23 17:40:52,567 INFO server.RaftServerConfigKeys: raft.server.retrycache.expirytime = 600000ms (custom)
datanode_2    | 2019-10-23 17:40:52,556 WARN impl.MetricRegistriesImpl: First MetricRegistry has been created without registering reporters. You may need to call MetricRegistries.global().addReportRegistration(...) before.
grafana_1     | t=2019-10-23T17:40:50+0000 lvl=info msg="Executing migration" logger=migrator id="Add column external_delete_url to dashboard_snapshots table"
scm_1         | 2019-10-23 17:41:15,120 INFO server.SCMBlockProtocolServer: Allocating 1 blocks of size 268435456, with ExcludeList {datanodes = [], containerIds = [], pipelineIds = []}
datanode_1    | 2019-10-23 17:40:52,566 INFO segmented.SegmentedRaftLogWorker: 9c4db54a-a462-4648-8c68-c1cd1815c13e@group-6B55F41BB9B4-SegmentedRaftLogWorker: flushIndex: setUnconditionally 0 -> -1
freon_1       | 2019-10-23 17:41:16,168 [pool-2-thread-3] INFO       - Creating Bucket: vol-8-26019/bucket-11-81223, with Versioning false and Storage Type set to DISK and Encryption set to false 
datanode_3    | 2019-10-23 17:40:52,567 WARN impl.MetricRegistriesImpl: First MetricRegistry has been created without registering reporters. You may need to call MetricRegistries.global().addReportRegistration(...) before.
datanode_2    | 2019-10-23 17:40:52,556 INFO impl.RaftServerImpl: 1d1aa543-8a1f-411b-8abd-0ad140e98cdf@group-6B55F41BB9B4: start as a follower, conf=-1: [1d1aa543-8a1f-411b-8abd-0ad140e98cdf:172.18.0.8:9858, ad938aeb-f582-48cc-bf66-e52aed742744:172.18.0.6:9858, 9c4db54a-a462-4648-8c68-c1cd1815c13e:172.18.0.4:9858], old=null
scm_1         | 2019-10-23 17:41:15,230 INFO server.SCMBlockProtocolServer: Allocating 1 blocks of size 268435456, with ExcludeList {datanodes = [], containerIds = [], pipelineIds = []}
grafana_1     | t=2019-10-23T17:40:50+0000 lvl=info msg="Executing migration" logger=migrator id="create quota table v1"
datanode_1    | 2019-10-23 17:40:52,567 INFO server.RaftServerConfigKeys: raft.server.snapshot.auto.trigger.enabled = true (custom)
datanode_3    | 2019-10-23 17:40:52,567 WARN impl.MetricRegistriesImpl: First MetricRegistry has been created without registering reporters. You may need to call MetricRegistries.global().addReportRegistration(...) before.
datanode_2    | 2019-10-23 17:40:52,556 INFO impl.RaftServerImpl: 1d1aa543-8a1f-411b-8abd-0ad140e98cdf@group-6B55F41BB9B4: changes role from      null to FOLLOWER at term 0 for startAsFollower
scm_1         | 2019-10-23 17:41:15,329 INFO server.SCMBlockProtocolServer: Allocating 1 blocks of size 268435456, with ExcludeList {datanodes = [], containerIds = [], pipelineIds = []}
freon_1       | 2019-10-23 17:41:16,172 [pool-2-thread-10] INFO       - Creating Bucket: vol-9-61894/bucket-11-57781, with Versioning false and Storage Type set to DISK and Encryption set to false 
grafana_1     | t=2019-10-23T17:40:50+0000 lvl=info msg="Executing migration" logger=migrator id="create index UQE_quota_org_id_user_id_target - v1"
datanode_1    | 2019-10-23 17:40:52,567 INFO server.RaftServerConfigKeys: raft.server.snapshot.auto.trigger.threshold = 10000 (custom)
datanode_3    | 2019-10-23 17:40:52,568 INFO impl.RaftServerImpl: ad938aeb-f582-48cc-bf66-e52aed742744@group-6B55F41BB9B4: start as a follower, conf=-1: [1d1aa543-8a1f-411b-8abd-0ad140e98cdf:172.18.0.8:9858, ad938aeb-f582-48cc-bf66-e52aed742744:172.18.0.6:9858, 9c4db54a-a462-4648-8c68-c1cd1815c13e:172.18.0.4:9858], old=null
datanode_2    | 2019-10-23 17:40:52,556 INFO impl.RoleInfo: 1d1aa543-8a1f-411b-8abd-0ad140e98cdf: start FollowerState
scm_1         | 2019-10-23 17:41:15,439 INFO server.SCMBlockProtocolServer: Allocating 1 blocks of size 268435456, with ExcludeList {datanodes = [], containerIds = [], pipelineIds = []}
freon_1       | 2019-10-23 17:41:16,172 [pool-2-thread-8] INFO       - Creating Bucket: vol-0-66401/bucket-12-27021, with Versioning false and Storage Type set to DISK and Encryption set to false 
grafana_1     | t=2019-10-23T17:40:50+0000 lvl=info msg="Executing migration" logger=migrator id="Update quota table charset"
datanode_1    | 2019-10-23 17:40:52,567 INFO server.RaftServerConfigKeys: raft.server.snapshot.retention.file.num = 5 (custom)
