datanode_3  | 2019-10-23 17:53:20,543 INFO impl.RaftServerImpl: a6a38831-85fd-4172-9362-b89caaacc110@group-BCC5FCFF8E37: changes role from      null to FOLLOWER at term 0 for startAsFollower
datanode_1  | 2019-10-23 17:53:20,524 WARN impl.MetricRegistriesImpl: First MetricRegistry has been created without registering reporters. You may need to call MetricRegistries.global().addReportRegistration(...) before.
s3g_1       | 	at org.jboss.weld.manager.BeanManagerImpl.getReference(BeanManagerImpl.java:785)
datanode_2  | 2019-10-23 17:53:20,543 WARN impl.MetricRegistriesImpl: First MetricRegistry has been created without registering reporters. You may need to call MetricRegistries.global().addReportRegistration(...) before.
scm_1       | 2019-10-23 17:53:43,710 INFO server.SCMBlockProtocolServer: Allocating 1 blocks of size 268435456, with ExcludeList {datanodes = [], containerIds = [], pipelineIds = []}
om_1        | 2019-10-23 17:54:28,874 INFO authorize.ServiceAuthorizationManager: Authorization successful for testuser/scm@EXAMPLE.COM (auth:KERBEROS) for protocol=interface org.apache.hadoop.ozone.om.protocol.OzoneManagerProtocol
kdc_1       | Authenticating as principal admin/admin with keytab /tmp/admin.keytab.
datanode_3  | 2019-10-23 17:53:20,543 INFO impl.RoleInfo: a6a38831-85fd-4172-9362-b89caaacc110: start FollowerState
datanode_1  | 2019-10-23 17:53:25,405 INFO impl.FollowerState: ad7a4fd6-148f-4e9a-86c9-36b7139bb634@group-EDBA97F88B2A-FollowerState: change to CANDIDATE, lastRpcTime:5063ms, electionTimeout:5062ms
s3g_1       | 	at org.jboss.weld.manager.BeanManagerImpl.getInjectableReference(BeanManagerImpl.java:885)
scm_1       | 2019-10-23 17:53:43,820 INFO server.SCMBlockProtocolServer: Allocating 1 blocks of size 268435456, with ExcludeList {datanodes = [], containerIds = [], pipelineIds = []}
datanode_2  | 2019-10-23 17:53:20,543 INFO impl.RaftServerImpl: 27a7679e-61f8-4287-adad-da7fe51745e6@group-BCC5FCFF8E37: start as a follower, conf=-1: [a6a38831-85fd-4172-9362-b89caaacc110:172.18.0.5:9858, ad7a4fd6-148f-4e9a-86c9-36b7139bb634:172.18.0.10:9858, 27a7679e-61f8-4287-adad-da7fe51745e6:172.18.0.6:9858], old=null
om_1        | 2019-10-23 17:54:33,345 INFO ipc.Server: Auth successful for testuser/scm@EXAMPLE.COM (auth:KERBEROS)
kdc_1       | WARNING: no policy specified for om/0f87048e2a67@EXAMPLE.COM; defaulting to no policy
datanode_3  | 2019-10-23 17:53:20,544 INFO util.JmxRegister: Successfully registered JMX Bean with object name Ratis:service=RaftServer,group=group-BCC5FCFF8E37,id=a6a38831-85fd-4172-9362-b89caaacc110
datanode_1  | 2019-10-23 17:53:25,407 INFO impl.RoleInfo: ad7a4fd6-148f-4e9a-86c9-36b7139bb634: shutdown FollowerState
s3g_1       | 	at org.jboss.weld.injection.FieldInjectionPoint.inject(FieldInjectionPoint.java:92)
scm_1       | 2019-10-23 17:53:43,907 INFO server.SCMBlockProtocolServer: Allocating 1 blocks of size 268435456, with ExcludeList {datanodes = [], containerIds = [], pipelineIds = []}
datanode_2  | 2019-10-23 17:53:20,543 INFO impl.RaftServerImpl: 27a7679e-61f8-4287-adad-da7fe51745e6@group-BCC5FCFF8E37: changes role from      null to FOLLOWER at term 0 for startAsFollower
om_1        | 2019-10-23 17:54:33,356 INFO authorize.ServiceAuthorizationManager: Authorization successful for testuser/scm@EXAMPLE.COM (auth:KERBEROS) for protocol=interface org.apache.hadoop.ozone.om.protocol.OzoneManagerProtocol
kdc_1       | Principal "om/0f87048e2a67@EXAMPLE.COM" created.
datanode_3  | 2019-10-23 17:53:20,544 WARN impl.MetricRegistriesImpl: First MetricRegistry has been created without registering reporters. You may need to call MetricRegistries.global().addReportRegistration(...) before.
datanode_1  | 2019-10-23 17:53:25,408 INFO impl.RaftServerImpl: ad7a4fd6-148f-4e9a-86c9-36b7139bb634@group-EDBA97F88B2A: changes role from  FOLLOWER to CANDIDATE at term 0 for changeToCandidate
s3g_1       | 	at org.jboss.weld.util.Beans.injectBoundFields(Beans.java:358)
scm_1       | 2019-10-23 17:53:44,027 INFO server.SCMBlockProtocolServer: Allocating 1 blocks of size 268435456, with ExcludeList {datanodes = [], containerIds = [], pipelineIds = []}
datanode_2  | 2019-10-23 17:53:20,543 INFO impl.RoleInfo: 27a7679e-61f8-4287-adad-da7fe51745e6: start FollowerState
om_1        | 2019-10-23 17:54:36,279 INFO ipc.Server: Auth successful for testuser/scm@EXAMPLE.COM (auth:KERBEROS)
kdc_1       | Authenticating as principal admin/admin with keytab /tmp/admin.keytab.
datanode_3  | 2019-10-23 17:53:24,436 INFO impl.FollowerState: a6a38831-85fd-4172-9362-b89caaacc110@group-F543394EC1C8-FollowerState: change to CANDIDATE, lastRpcTime:5136ms, electionTimeout:5135ms
datanode_1  | 2019-10-23 17:53:25,413 INFO impl.RoleInfo: ad7a4fd6-148f-4e9a-86c9-36b7139bb634: start LeaderElection
s3g_1       | 	at org.jboss.weld.util.Beans.injectFieldsAndInitializers(Beans.java:369)
datanode_2  | 2019-10-23 17:53:20,544 INFO util.JmxRegister: Successfully registered JMX Bean with object name Ratis:service=RaftServer,group=group-BCC5FCFF8E37,id=27a7679e-61f8-4287-adad-da7fe51745e6
scm_1       | 2019-10-23 17:53:44,134 INFO server.SCMBlockProtocolServer: Allocating 1 blocks of size 268435456, with ExcludeList {datanodes = [], containerIds = [], pipelineIds = []}
om_1        | 2019-10-23 17:54:36,297 INFO authorize.ServiceAuthorizationManager: Authorization successful for testuser/scm@EXAMPLE.COM (auth:KERBEROS) for protocol=interface org.apache.hadoop.ozone.om.protocol.OzoneManagerProtocol
kdc_1       | Entry for principal om/0f87048e2a67@EXAMPLE.COM with kvno 2, encryption type aes256-cts-hmac-sha1-96 added to keytab WRFILE:/data/om.0f87048e2a67.keytab.
datanode_3  | 2019-10-23 17:53:24,437 INFO impl.RoleInfo: a6a38831-85fd-4172-9362-b89caaacc110: shutdown FollowerState
datanode_1  | 2019-10-23 17:53:25,436 INFO impl.LeaderElection: ad7a4fd6-148f-4e9a-86c9-36b7139bb634@group-EDBA97F88B2A-LeaderElection1: begin an election at term 1 for -1: [ad7a4fd6-148f-4e9a-86c9-36b7139bb634:172.18.0.10:9858], old=null
s3g_1       | 	at org.jboss.weld.injection.producer.ResourceInjector$1.proceed(ResourceInjector.java:70)
datanode_2  | 2019-10-23 17:53:20,544 WARN impl.MetricRegistriesImpl: First MetricRegistry has been created without registering reporters. You may need to call MetricRegistries.global().addReportRegistration(...) before.
scm_1       | 2019-10-23 17:53:44,260 INFO server.SCMBlockProtocolServer: Allocating 1 blocks of size 268435456, with ExcludeList {datanodes = [], containerIds = [], pipelineIds = []}
om_1        | 2019-10-23 17:54:39,291 INFO ipc.Server: Auth successful for testuser/scm@EXAMPLE.COM (auth:KERBEROS)
kdc_1       | Entry for principal om/0f87048e2a67@EXAMPLE.COM with kvno 2, encryption type aes128-cts-hmac-sha1-96 added to keytab WRFILE:/data/om.0f87048e2a67.keytab.
datanode_1  | 2019-10-23 17:53:25,438 INFO impl.RoleInfo: ad7a4fd6-148f-4e9a-86c9-36b7139bb634: shutdown LeaderElection
datanode_3  | 2019-10-23 17:53:24,438 INFO impl.RaftServerImpl: a6a38831-85fd-4172-9362-b89caaacc110@group-F543394EC1C8: changes role from  FOLLOWER to CANDIDATE at term 0 for changeToCandidate
s3g_1       | 	at org.jboss.weld.injection.InjectionContextImpl.run(InjectionContextImpl.java:48)
datanode_2  | 2019-10-23 17:53:24,824 INFO impl.FollowerState: 27a7679e-61f8-4287-adad-da7fe51745e6@group-6FD458DB3343-FollowerState: change to CANDIDATE, lastRpcTime:5002ms, electionTimeout:5001ms
scm_1       | 2019-10-23 17:53:44,377 INFO server.SCMBlockProtocolServer: Allocating 1 blocks of size 268435456, with ExcludeList {datanodes = [], containerIds = [], pipelineIds = []}
om_1        | 2019-10-23 17:54:39,304 INFO authorize.ServiceAuthorizationManager: Authorization successful for testuser/scm@EXAMPLE.COM (auth:KERBEROS) for protocol=interface org.apache.hadoop.ozone.om.protocol.OzoneManagerProtocol
kdc_1       | Generiting keytab
datanode_1  | 2019-10-23 17:53:25,439 INFO impl.RaftServerImpl: ad7a4fd6-148f-4e9a-86c9-36b7139bb634@group-EDBA97F88B2A: changes role from CANDIDATE to LEADER at term 1 for changeToLeader
datanode_3  | 2019-10-23 17:53:24,443 INFO impl.RoleInfo: a6a38831-85fd-4172-9362-b89caaacc110: start LeaderElection
s3g_1       | 	at org.jboss.weld.injection.producer.ResourceInjector.inject(ResourceInjector.java:72)
datanode_2  | 2019-10-23 17:53:24,825 INFO impl.RoleInfo: 27a7679e-61f8-4287-adad-da7fe51745e6: shutdown FollowerState
om_1        | 2019-10-23 17:54:42,246 INFO ipc.Server: Auth successful for testuser/scm@EXAMPLE.COM (auth:KERBEROS)
scm_1       | 2019-10-23 17:53:44,502 INFO server.SCMBlockProtocolServer: Allocating 1 blocks of size 268435456, with ExcludeList {datanodes = [], containerIds = [], pipelineIds = []}
kdc_1       | Authenticating as principal admin/admin with keytab /tmp/admin.keytab.
datanode_3  | 2019-10-23 17:53:24,454 INFO impl.LeaderElection: a6a38831-85fd-4172-9362-b89caaacc110@group-F543394EC1C8-LeaderElection1: begin an election at term 1 for -1: [a6a38831-85fd-4172-9362-b89caaacc110:172.18.0.5:9858], old=null
datanode_1  | 2019-10-23 17:53:25,440 INFO impl.RaftServerImpl: ad7a4fd6-148f-4e9a-86c9-36b7139bb634@group-EDBA97F88B2A: change Leader from null to ad7a4fd6-148f-4e9a-86c9-36b7139bb634 at term 1 for becomeLeader, leader elected after 5197ms
datanode_2  | 2019-10-23 17:53:24,826 INFO impl.RaftServerImpl: 27a7679e-61f8-4287-adad-da7fe51745e6@group-6FD458DB3343: changes role from  FOLLOWER to CANDIDATE at term 0 for changeToCandidate
om_1        | 2019-10-23 17:54:42,259 INFO authorize.ServiceAuthorizationManager: Authorization successful for testuser/scm@EXAMPLE.COM (auth:KERBEROS) for protocol=interface org.apache.hadoop.ozone.om.protocol.OzoneManagerProtocol
scm_1       | 2019-10-23 17:53:44,620 INFO server.SCMBlockProtocolServer: Allocating 1 blocks of size 268435456, with ExcludeList {datanodes = [], containerIds = [], pipelineIds = []}
s3g_1       | 	at org.jboss.weld.injection.producer.BasicInjectionTarget.inject(BasicInjectionTarget.java:117)
kdc_1       | WARNING: no policy specified for om/21917967b3d7@EXAMPLE.COM; defaulting to no policy
datanode_3  | 2019-10-23 17:53:24,456 INFO impl.RoleInfo: a6a38831-85fd-4172-9362-b89caaacc110: shutdown LeaderElection
datanode_1  | 2019-10-23 17:53:25,446 INFO server.RaftServerConfigKeys: raft.server.staging.catchup.gap = 1000 (default)
datanode_2  | 2019-10-23 17:53:24,831 INFO impl.RoleInfo: 27a7679e-61f8-4287-adad-da7fe51745e6: start LeaderElection
om_1        | 2019-10-23 17:54:45,129 INFO ipc.Server: Auth successful for testuser/scm@EXAMPLE.COM (auth:KERBEROS)
s3g_1       | 	at org.glassfish.jersey.ext.cdi1x.internal.CdiComponentProvider$InjectionManagerInjectedCdiTarget.inject(CdiComponentProvider.java:873)
kdc_1       | Principal "om/21917967b3d7@EXAMPLE.COM" created.
datanode_1  | 2019-10-23 17:53:25,446 INFO server.RaftServerConfigKeys: raft.server.rpc.sleep.time = 25ms (default)
datanode_3  | 2019-10-23 17:53:24,456 INFO impl.RaftServerImpl: a6a38831-85fd-4172-9362-b89caaacc110@group-F543394EC1C8: changes role from CANDIDATE to LEADER at term 1 for changeToLeader
scm_1       | 2019-10-23 17:53:44,754 INFO server.SCMBlockProtocolServer: Allocating 1 blocks of size 268435456, with ExcludeList {datanodes = [], containerIds = [], pipelineIds = []}
datanode_2  | 2019-10-23 17:53:24,856 INFO impl.LeaderElection: 27a7679e-61f8-4287-adad-da7fe51745e6@group-6FD458DB3343-LeaderElection1: begin an election at term 1 for -1: [27a7679e-61f8-4287-adad-da7fe51745e6:172.18.0.6:9858], old=null
om_1        | 2019-10-23 17:54:45,141 INFO authorize.ServiceAuthorizationManager: Authorization successful for testuser/scm@EXAMPLE.COM (auth:KERBEROS) for protocol=interface org.apache.hadoop.ozone.om.protocol.OzoneManagerProtocol
s3g_1       | 	at org.jboss.weld.bean.ManagedBean.create(ManagedBean.java:159)
kdc_1       | Authenticating as principal admin/admin with keytab /tmp/admin.keytab.
datanode_1  | 2019-10-23 17:53:25,451 INFO server.RaftServerConfigKeys: raft.server.write.element-limit = 4096 (default)
datanode_3  | 2019-10-23 17:53:24,457 INFO impl.RaftServerImpl: a6a38831-85fd-4172-9362-b89caaacc110@group-F543394EC1C8: change Leader from null to a6a38831-85fd-4172-9362-b89caaacc110 at term 1 for becomeLeader, leader elected after 5245ms
om_1        | 2019-10-23 17:54:47,997 INFO ipc.Server: Auth successful for testuser/scm@EXAMPLE.COM (auth:KERBEROS)
datanode_2  | 2019-10-23 17:53:24,858 INFO impl.RoleInfo: 27a7679e-61f8-4287-adad-da7fe51745e6: shutdown LeaderElection
scm_1       | 2019-10-23 17:53:44,880 INFO server.SCMBlockProtocolServer: Allocating 1 blocks of size 268435456, with ExcludeList {datanodes = [], containerIds = [], pipelineIds = []}
s3g_1       | 	at org.jboss.weld.context.unbound.DependentContextImpl.get(DependentContextImpl.java:70)
kdc_1       | Entry for principal om/21917967b3d7@EXAMPLE.COM with kvno 2, encryption type aes256-cts-hmac-sha1-96 added to keytab WRFILE:/data/om.21917967b3d7.keytab.
datanode_1  | 2019-10-23 17:53:25,457 INFO server.RaftServerConfigKeys: raft.server.watch.timeout = 10s (default)
datanode_3  | 2019-10-23 17:53:24,462 INFO server.RaftServerConfigKeys: raft.server.staging.catchup.gap = 1000 (default)
om_1        | 2019-10-23 17:54:48,010 INFO authorize.ServiceAuthorizationManager: Authorization successful for testuser/scm@EXAMPLE.COM (auth:KERBEROS) for protocol=interface org.apache.hadoop.ozone.om.protocol.OzoneManagerProtocol
datanode_2  | 2019-10-23 17:53:24,859 INFO impl.RaftServerImpl: 27a7679e-61f8-4287-adad-da7fe51745e6@group-6FD458DB3343: changes role from CANDIDATE to LEADER at term 1 for changeToLeader
scm_1       | 2019-10-23 17:53:44,999 INFO server.SCMBlockProtocolServer: Allocating 1 blocks of size 268435456, with ExcludeList {datanodes = [], containerIds = [], pipelineIds = []}
s3g_1       | 	at org.jboss.weld.bean.ContextualInstanceStrategy$DefaultContextualInstanceStrategy.get(ContextualInstanceStrategy.java:100)
kdc_1       | Entry for principal om/21917967b3d7@EXAMPLE.COM with kvno 2, encryption type aes128-cts-hmac-sha1-96 added to keytab WRFILE:/data/om.21917967b3d7.keytab.
datanode_3  | 2019-10-23 17:53:24,463 INFO server.RaftServerConfigKeys: raft.server.rpc.sleep.time = 25ms (default)
datanode_1  | 2019-10-23 17:53:25,457 INFO server.RaftServerConfigKeys: raft.server.watch.timeout.denomination = 1s (default)
om_1        | 2019-10-23 17:54:50,745 INFO ipc.Server: Auth successful for testuser/scm@EXAMPLE.COM (auth:KERBEROS)
datanode_2  | 2019-10-23 17:53:24,859 INFO impl.RaftServerImpl: 27a7679e-61f8-4287-adad-da7fe51745e6@group-6FD458DB3343: change Leader from null to 27a7679e-61f8-4287-adad-da7fe51745e6 at term 1 for becomeLeader, leader elected after 5118ms
scm_1       | 2019-10-23 17:53:45,123 INFO server.SCMBlockProtocolServer: Allocating 1 blocks of size 268435456, with ExcludeList {datanodes = [], containerIds = [], pipelineIds = []}
kdc_1       | Generiting keytab
s3g_1       | 	at org.jboss.weld.bean.ContextualInstance.get(ContextualInstance.java:50)
datanode_3  | 2019-10-23 17:53:24,467 INFO server.RaftServerConfigKeys: raft.server.write.element-limit = 4096 (default)
om_1        | 2019-10-23 17:54:50,757 INFO authorize.ServiceAuthorizationManager: Authorization successful for testuser/scm@EXAMPLE.COM (auth:KERBEROS) for protocol=interface org.apache.hadoop.ozone.om.protocol.OzoneManagerProtocol
datanode_1  | 2019-10-23 17:53:25,458 INFO server.RaftServerConfigKeys: raft.server.watch.element-limit = 65536 (default)
datanode_2  | 2019-10-23 17:53:24,865 INFO server.RaftServerConfigKeys: raft.server.staging.catchup.gap = 1000 (default)
scm_1       | 2019-10-23 17:53:45,250 INFO server.SCMBlockProtocolServer: Allocating 1 blocks of size 268435456, with ExcludeList {datanodes = [], containerIds = [], pipelineIds = []}
kdc_1       | Authenticating as principal admin/admin with keytab /tmp/admin.keytab.
s3g_1       | 	at org.jboss.weld.manager.BeanManagerImpl.getReference(BeanManagerImpl.java:785)
om_1        | 2019-10-23 17:54:53,650 INFO ipc.Server: Auth successful for testuser/scm@EXAMPLE.COM (auth:KERBEROS)
datanode_1  | 2019-10-23 17:53:25,467 INFO impl.RoleInfo: ad7a4fd6-148f-4e9a-86c9-36b7139bb634: start LeaderState
datanode_3  | 2019-10-23 17:53:24,473 INFO server.RaftServerConfigKeys: raft.server.watch.timeout = 10s (default)
datanode_2  | 2019-10-23 17:53:24,865 INFO server.RaftServerConfigKeys: raft.server.rpc.sleep.time = 25ms (default)
scm_1       | 2019-10-23 17:53:45,369 INFO server.SCMBlockProtocolServer: Allocating 1 blocks of size 268435456, with ExcludeList {datanodes = [], containerIds = [], pipelineIds = []}
kdc_1       | WARNING: no policy specified for om/69c199039e8b@EXAMPLE.COM; defaulting to no policy
s3g_1       | 	at org.jboss.weld.manager.BeanManagerImpl.getReference(BeanManagerImpl.java:808)
om_1        | 2019-10-23 17:54:53,663 INFO authorize.ServiceAuthorizationManager: Authorization successful for testuser/scm@EXAMPLE.COM (auth:KERBEROS) for protocol=interface org.apache.hadoop.ozone.om.protocol.OzoneManagerProtocol
datanode_1  | 2019-10-23 17:53:25,491 INFO segmented.SegmentedRaftLogWorker: ad7a4fd6-148f-4e9a-86c9-36b7139bb634@group-EDBA97F88B2A-SegmentedRaftLogWorker: Starting segment from index:0
datanode_2  | 2019-10-23 17:53:24,870 INFO server.RaftServerConfigKeys: raft.server.write.element-limit = 4096 (default)
datanode_3  | 2019-10-23 17:53:24,473 INFO server.RaftServerConfigKeys: raft.server.watch.timeout.denomination = 1s (default)
kdc_1       | Principal "om/69c199039e8b@EXAMPLE.COM" created.
scm_1       | 2019-10-23 17:53:45,482 INFO server.SCMBlockProtocolServer: Allocating 1 blocks of size 268435456, with ExcludeList {datanodes = [], containerIds = [], pipelineIds = []}
om_1        | 2019-10-23 17:54:54,411 [IPC Server handler 14 on 9862] INFO       - created volume:37789-rpcwoport2 for user:testuser/scm@EXAMPLE.COM
datanode_1  | 2019-10-23 17:53:25,502 INFO impl.RaftServerImpl: ad7a4fd6-148f-4e9a-86c9-36b7139bb634@group-EDBA97F88B2A: set configuration 0: [ad7a4fd6-148f-4e9a-86c9-36b7139bb634:172.18.0.10:9858], old=null at 0
s3g_1       | 	at org.jboss.weld.util.ForwardingBeanManager.getReference(ForwardingBeanManager.java:61)
datanode_2  | 2019-10-23 17:53:24,876 INFO server.RaftServerConfigKeys: raft.server.watch.timeout = 10s (default)
datanode_3  | 2019-10-23 17:53:24,475 INFO server.RaftServerConfigKeys: raft.server.watch.element-limit = 65536 (default)
kdc_1       | Authenticating as principal admin/admin with keytab /tmp/admin.keytab.
scm_1       | 2019-10-23 17:53:45,590 INFO server.SCMBlockProtocolServer: Allocating 1 blocks of size 268435456, with ExcludeList {datanodes = [], containerIds = [], pipelineIds = []}
om_1        | 2019-10-23 17:54:56,584 INFO ipc.Server: Auth successful for testuser/scm@EXAMPLE.COM (auth:KERBEROS)
datanode_1  | 2019-10-23 17:53:25,655 INFO impl.FollowerState: ad7a4fd6-148f-4e9a-86c9-36b7139bb634@group-BCC5FCFF8E37-FollowerState: change to CANDIDATE, lastRpcTime:5131ms, electionTimeout:5131ms
s3g_1       | 	at org.jboss.weld.bean.builtin.BeanManagerProxy.getReference(BeanManagerProxy.java:85)
datanode_3  | 2019-10-23 17:53:24,485 INFO impl.RoleInfo: a6a38831-85fd-4172-9362-b89caaacc110: start LeaderState
kdc_1       | Entry for principal om/69c199039e8b@EXAMPLE.COM with kvno 2, encryption type aes256-cts-hmac-sha1-96 added to keytab WRFILE:/data/om.69c199039e8b.keytab.
om_1        | 2019-10-23 17:54:56,597 INFO authorize.ServiceAuthorizationManager: Authorization successful for testuser/scm@EXAMPLE.COM (auth:KERBEROS) for protocol=interface org.apache.hadoop.ozone.om.protocol.OzoneManagerProtocol
scm_1       | 2019-10-23 17:53:45,708 INFO server.SCMBlockProtocolServer: Allocating 1 blocks of size 268435456, with ExcludeList {datanodes = [], containerIds = [], pipelineIds = []}
datanode_2  | 2019-10-23 17:53:24,876 INFO server.RaftServerConfigKeys: raft.server.watch.timeout.denomination = 1s (default)
datanode_1  | 2019-10-23 17:53:25,656 INFO segmented.SegmentedRaftLogWorker: ad7a4fd6-148f-4e9a-86c9-36b7139bb634@group-EDBA97F88B2A-SegmentedRaftLogWorker: created new log segment /data/metadata/ratis/efe48765-7f43-4258-9c67-edba97f88b2a/current/log_inprogress_0
s3g_1       | 	at org.glassfish.jersey.ext.cdi1x.internal.CdiUtil.getBeanReference(CdiUtil.java:151)
datanode_3  | 2019-10-23 17:53:24,511 INFO segmented.SegmentedRaftLogWorker: a6a38831-85fd-4172-9362-b89caaacc110@group-F543394EC1C8-SegmentedRaftLogWorker: Starting segment from index:0
om_1        | 2019-10-23 17:54:59,556 INFO ipc.Server: Auth successful for testuser/scm@EXAMPLE.COM (auth:KERBEROS)
kdc_1       | Entry for principal om/69c199039e8b@EXAMPLE.COM with kvno 2, encryption type aes128-cts-hmac-sha1-96 added to keytab WRFILE:/data/om.69c199039e8b.keytab.
scm_1       | 2019-10-23 17:53:45,825 INFO server.SCMBlockProtocolServer: Allocating 1 blocks of size 268435456, with ExcludeList {datanodes = [], containerIds = [], pipelineIds = []}
datanode_2  | 2019-10-23 17:53:24,877 INFO server.RaftServerConfigKeys: raft.server.watch.element-limit = 65536 (default)
datanode_1  | 2019-10-23 17:53:25,656 INFO impl.RoleInfo: ad7a4fd6-148f-4e9a-86c9-36b7139bb634: shutdown FollowerState
s3g_1       | 	at org.glassfish.jersey.ext.cdi1x.internal.AbstractCdiBeanSupplier$1.getInstance(AbstractCdiBeanSupplier.java:93)
datanode_3  | 2019-10-23 17:53:24,522 INFO impl.RaftServerImpl: a6a38831-85fd-4172-9362-b89caaacc110@group-F543394EC1C8: set configuration 0: [a6a38831-85fd-4172-9362-b89caaacc110:172.18.0.5:9858], old=null at 0
om_1        | 2019-10-23 17:54:59,567 INFO authorize.ServiceAuthorizationManager: Authorization successful for testuser/scm@EXAMPLE.COM (auth:KERBEROS) for protocol=interface org.apache.hadoop.ozone.om.protocol.OzoneManagerProtocol
kdc_1       | Generiting keytab
scm_1       | 2019-10-23 17:53:45,943 INFO server.SCMBlockProtocolServer: Allocating 1 blocks of size 268435456, with ExcludeList {datanodes = [], containerIds = [], pipelineIds = []}
datanode_2  | 2019-10-23 17:53:24,886 INFO impl.RoleInfo: 27a7679e-61f8-4287-adad-da7fe51745e6: start LeaderState
datanode_1  | 2019-10-23 17:53:25,656 INFO impl.RaftServerImpl: ad7a4fd6-148f-4e9a-86c9-36b7139bb634@group-BCC5FCFF8E37: changes role from  FOLLOWER to CANDIDATE at term 0 for changeToCandidate
s3g_1       | 	at org.glassfish.jersey.ext.cdi1x.internal.AbstractCdiBeanSupplier._provide(AbstractCdiBeanSupplier.java:127)
om_1        | 2019-10-23 17:55:02,326 INFO ipc.Server: Auth successful for testuser/scm@EXAMPLE.COM (auth:KERBEROS)
datanode_3  | 2019-10-23 17:53:24,655 INFO segmented.SegmentedRaftLogWorker: a6a38831-85fd-4172-9362-b89caaacc110@group-F543394EC1C8-SegmentedRaftLogWorker: created new log segment /data/metadata/ratis/bf79b503-bb6e-4724-83a7-f543394ec1c8/current/log_inprogress_0
kdc_1       | Authenticating as principal admin/admin with keytab /tmp/admin.keytab.
scm_1       | 2019-10-23 17:53:46,061 INFO server.SCMBlockProtocolServer: Allocating 1 blocks of size 268435456, with ExcludeList {datanodes = [], containerIds = [], pipelineIds = []}
datanode_2  | 2019-10-23 17:53:24,907 INFO segmented.SegmentedRaftLogWorker: 27a7679e-61f8-4287-adad-da7fe51745e6@group-6FD458DB3343-SegmentedRaftLogWorker: Starting segment from index:0
datanode_1  | 2019-10-23 17:53:25,656 INFO impl.RoleInfo: ad7a4fd6-148f-4e9a-86c9-36b7139bb634: start LeaderElection
s3g_1       | 	at org.glassfish.jersey.ext.cdi1x.internal.RequestScopedCdiBeanSupplier.get(RequestScopedCdiBeanSupplier.java:70)
om_1        | 2019-10-23 17:55:02,338 INFO authorize.ServiceAuthorizationManager: Authorization successful for testuser/scm@EXAMPLE.COM (auth:KERBEROS) for protocol=interface org.apache.hadoop.ozone.om.protocol.OzoneManagerProtocol
datanode_3  | 2019-10-23 17:53:25,564 INFO impl.FollowerState: a6a38831-85fd-4172-9362-b89caaacc110@group-BCC5FCFF8E37-FollowerState: change to CANDIDATE, lastRpcTime:5020ms, electionTimeout:5020ms
kdc_1       | WARNING: no policy specified for scm/s3g@EXAMPLE.COM; defaulting to no policy
scm_1       | 2019-10-23 17:53:46,177 INFO server.SCMBlockProtocolServer: Allocating 1 blocks of size 268435456, with ExcludeList {datanodes = [], containerIds = [], pipelineIds = []}
datanode_2  | 2019-10-23 17:53:24,918 INFO impl.RaftServerImpl: 27a7679e-61f8-4287-adad-da7fe51745e6@group-6FD458DB3343: set configuration 0: [27a7679e-61f8-4287-adad-da7fe51745e6:172.18.0.6:9858], old=null at 0
datanode_1  | 2019-10-23 17:53:25,681 INFO impl.LeaderElection: ad7a4fd6-148f-4e9a-86c9-36b7139bb634@group-BCC5FCFF8E37-LeaderElection2: begin an election at term 1 for -1: [a6a38831-85fd-4172-9362-b89caaacc110:172.18.0.5:9858, ad7a4fd6-148f-4e9a-86c9-36b7139bb634:172.18.0.10:9858, 27a7679e-61f8-4287-adad-da7fe51745e6:172.18.0.6:9858], old=null
s3g_1       | 	at org.glassfish.jersey.inject.hk2.InstanceSupplierFactoryBridge.provide(InstanceSupplierFactoryBridge.java:77)
om_1        | 2019-10-23 17:55:05,193 INFO ipc.Server: Auth successful for testuser/scm@EXAMPLE.COM (auth:KERBEROS)
datanode_3  | 2019-10-23 17:53:25,565 INFO impl.RoleInfo: a6a38831-85fd-4172-9362-b89caaacc110: shutdown FollowerState
kdc_1       | Principal "scm/s3g@EXAMPLE.COM" created.
datanode_2  | 2019-10-23 17:53:25,051 INFO segmented.SegmentedRaftLogWorker: 27a7679e-61f8-4287-adad-da7fe51745e6@group-6FD458DB3343-SegmentedRaftLogWorker: created new log segment /data/metadata/ratis/034f50dc-b3ef-47b3-ad13-6fd458db3343/current/log_inprogress_0
scm_1       | 2019-10-23 17:53:46,294 INFO server.SCMBlockProtocolServer: Allocating 1 blocks of size 268435456, with ExcludeList {datanodes = [], containerIds = [], pipelineIds = []}
datanode_1  | 2019-10-23 17:53:25,862 INFO impl.LeaderElection: ad7a4fd6-148f-4e9a-86c9-36b7139bb634@group-BCC5FCFF8E37-LeaderElection2: Election REJECTED; received 2 response(s) [ad7a4fd6-148f-4e9a-86c9-36b7139bb634<-a6a38831-85fd-4172-9362-b89caaacc110#0:FAIL-t1, ad7a4fd6-148f-4e9a-86c9-36b7139bb634<-27a7679e-61f8-4287-adad-da7fe51745e6#0:FAIL-t1] and 0 exception(s); ad7a4fd6-148f-4e9a-86c9-36b7139bb634@group-BCC5FCFF8E37:t1, leader=null, voted=ad7a4fd6-148f-4e9a-86c9-36b7139bb634, raftlog=ad7a4fd6-148f-4e9a-86c9-36b7139bb634@group-BCC5FCFF8E37-SegmentedRaftLog:OPENED:c-1,f-1,i0, conf=-1: [a6a38831-85fd-4172-9362-b89caaacc110:172.18.0.5:9858, ad7a4fd6-148f-4e9a-86c9-36b7139bb634:172.18.0.10:9858, 27a7679e-61f8-4287-adad-da7fe51745e6:172.18.0.6:9858], old=null
s3g_1       | 	at org.jvnet.hk2.internal.FactoryCreator.create(FactoryCreator.java:153)
om_1        | 2019-10-23 17:55:05,206 INFO authorize.ServiceAuthorizationManager: Authorization successful for testuser/scm@EXAMPLE.COM (auth:KERBEROS) for protocol=interface org.apache.hadoop.ozone.om.protocol.OzoneManagerProtocol
datanode_3  | 2019-10-23 17:53:25,565 INFO impl.RaftServerImpl: a6a38831-85fd-4172-9362-b89caaacc110@group-BCC5FCFF8E37: changes role from  FOLLOWER to CANDIDATE at term 0 for changeToCandidate
kdc_1       | Authenticating as principal admin/admin with keytab /tmp/admin.keytab.
datanode_2  | 2019-10-23 17:53:25,704 INFO impl.FollowerState: 27a7679e-61f8-4287-adad-da7fe51745e6@group-BCC5FCFF8E37-FollowerState: change to CANDIDATE, lastRpcTime:5160ms, electionTimeout:5160ms
scm_1       | 2019-10-23 17:53:46,402 INFO server.SCMBlockProtocolServer: Allocating 1 blocks of size 268435456, with ExcludeList {datanodes = [], containerIds = [], pipelineIds = []}
datanode_1  | 2019-10-23 17:53:25,864 INFO impl.RaftServerImpl: ad7a4fd6-148f-4e9a-86c9-36b7139bb634@group-BCC5FCFF8E37: changes role from CANDIDATE to FOLLOWER at term 1 for DISCOVERED_A_NEW_TERM
s3g_1       | 	at org.jvnet.hk2.internal.SystemDescriptor.create(SystemDescriptor.java:487)
om_1        | 2019-10-23 17:55:07,866 INFO ipc.Server: Auth successful for testuser/scm@EXAMPLE.COM (auth:KERBEROS)
datanode_3  | 2019-10-23 17:53:25,565 INFO impl.RoleInfo: a6a38831-85fd-4172-9362-b89caaacc110: start LeaderElection
kdc_1       | Entry for principal scm/s3g@EXAMPLE.COM with kvno 2, encryption type aes256-cts-hmac-sha1-96 added to keytab WRFILE:/data/scm.s3g.keytab.
datanode_2  | 2019-10-23 17:53:25,705 INFO impl.RoleInfo: 27a7679e-61f8-4287-adad-da7fe51745e6: shutdown FollowerState
scm_1       | 2019-10-23 17:53:46,533 INFO server.SCMBlockProtocolServer: Allocating 1 blocks of size 268435456, with ExcludeList {datanodes = [], containerIds = [], pipelineIds = []}
datanode_1  | 2019-10-23 17:53:25,864 INFO impl.RoleInfo: ad7a4fd6-148f-4e9a-86c9-36b7139bb634: shutdown LeaderElection
s3g_1       | 	at org.jvnet.hk2.internal.PerLookupContext.findOrCreate(PerLookupContext.java:70)
om_1        | 2019-10-23 17:55:07,877 INFO authorize.ServiceAuthorizationManager: Authorization successful for testuser/scm@EXAMPLE.COM (auth:KERBEROS) for protocol=interface org.apache.hadoop.ozone.om.protocol.OzoneManagerProtocol
datanode_3  | 2019-10-23 17:53:25,595 INFO impl.LeaderElection: a6a38831-85fd-4172-9362-b89caaacc110@group-BCC5FCFF8E37-LeaderElection2: begin an election at term 1 for -1: [a6a38831-85fd-4172-9362-b89caaacc110:172.18.0.5:9858, ad7a4fd6-148f-4e9a-86c9-36b7139bb634:172.18.0.10:9858, 27a7679e-61f8-4287-adad-da7fe51745e6:172.18.0.6:9858], old=null
kdc_1       | Entry for principal scm/s3g@EXAMPLE.COM with kvno 2, encryption type aes128-cts-hmac-sha1-96 added to keytab WRFILE:/data/scm.s3g.keytab.
datanode_2  | 2019-10-23 17:53:25,705 INFO impl.RaftServerImpl: 27a7679e-61f8-4287-adad-da7fe51745e6@group-BCC5FCFF8E37: changes role from  FOLLOWER to CANDIDATE at term 0 for changeToCandidate
scm_1       | 2019-10-23 17:53:46,628 INFO server.SCMBlockProtocolServer: Allocating 1 blocks of size 268435456, with ExcludeList {datanodes = [], containerIds = [], pipelineIds = []}
datanode_1  | 2019-10-23 17:53:25,865 INFO impl.RoleInfo: ad7a4fd6-148f-4e9a-86c9-36b7139bb634: start FollowerState
s3g_1       | 	at org.jvnet.hk2.internal.Utilities.createService(Utilities.java:2126)
om_1        | 2019-10-23 17:55:10,688 INFO ipc.Server: Auth successful for testuser/scm@EXAMPLE.COM (auth:KERBEROS)
datanode_3  | 2019-10-23 17:53:25,782 INFO impl.LeaderElection: a6a38831-85fd-4172-9362-b89caaacc110@group-BCC5FCFF8E37-LeaderElection2: Election REJECTED; received 2 response(s) [a6a38831-85fd-4172-9362-b89caaacc110<-ad7a4fd6-148f-4e9a-86c9-36b7139bb634#0:FAIL-t1, a6a38831-85fd-4172-9362-b89caaacc110<-27a7679e-61f8-4287-adad-da7fe51745e6#0:FAIL-t1] and 0 exception(s); a6a38831-85fd-4172-9362-b89caaacc110@group-BCC5FCFF8E37:t1, leader=null, voted=a6a38831-85fd-4172-9362-b89caaacc110, raftlog=a6a38831-85fd-4172-9362-b89caaacc110@group-BCC5FCFF8E37-SegmentedRaftLog:OPENED:c-1,f-1,i0, conf=-1: [a6a38831-85fd-4172-9362-b89caaacc110:172.18.0.5:9858, ad7a4fd6-148f-4e9a-86c9-36b7139bb634:172.18.0.10:9858, 27a7679e-61f8-4287-adad-da7fe51745e6:172.18.0.6:9858], old=null
kdc_1       | Generiting keytab
datanode_2  | 2019-10-23 17:53:25,705 INFO impl.RoleInfo: 27a7679e-61f8-4287-adad-da7fe51745e6: start LeaderElection
scm_1       | 2019-10-23 17:53:46,741 INFO server.SCMBlockProtocolServer: Allocating 1 blocks of size 268435456, with ExcludeList {datanodes = [], containerIds = [], pipelineIds = []}
datanode_1  | 2019-10-23 17:53:30,902 INFO impl.RaftServerImpl: ad7a4fd6-148f-4e9a-86c9-36b7139bb634@group-BCC5FCFF8E37: changes role from  FOLLOWER to FOLLOWER at term 2 for recognizeCandidate:a6a38831-85fd-4172-9362-b89caaacc110
s3g_1       | 	at org.jvnet.hk2.internal.ServiceLocatorImpl.internalGetService(ServiceLocatorImpl.java:777)
om_1        | 2019-10-23 17:55:10,701 INFO authorize.ServiceAuthorizationManager: Authorization successful for testuser/scm@EXAMPLE.COM (auth:KERBEROS) for protocol=interface org.apache.hadoop.ozone.om.protocol.OzoneManagerProtocol
kdc_1       | Authenticating as principal admin/admin with keytab /tmp/admin.keytab.
datanode_2  | 2019-10-23 17:53:25,720 INFO impl.LeaderElection: 27a7679e-61f8-4287-adad-da7fe51745e6@group-BCC5FCFF8E37-LeaderElection2: begin an election at term 1 for -1: [a6a38831-85fd-4172-9362-b89caaacc110:172.18.0.5:9858, ad7a4fd6-148f-4e9a-86c9-36b7139bb634:172.18.0.10:9858, 27a7679e-61f8-4287-adad-da7fe51745e6:172.18.0.6:9858], old=null
datanode_1  | 2019-10-23 17:53:30,903 INFO impl.RoleInfo: ad7a4fd6-148f-4e9a-86c9-36b7139bb634: shutdown FollowerState
scm_1       | 2019-10-23 17:53:46,865 INFO server.SCMBlockProtocolServer: Allocating 1 blocks of size 268435456, with ExcludeList {datanodes = [], containerIds = [], pipelineIds = []}
datanode_3  | 2019-10-23 17:53:25,784 INFO impl.RaftServerImpl: a6a38831-85fd-4172-9362-b89caaacc110@group-BCC5FCFF8E37: changes role from CANDIDATE to FOLLOWER at term 1 for DISCOVERED_A_NEW_TERM
s3g_1       | 	at org.jvnet.hk2.internal.ServiceLocatorImpl.internalGetService(ServiceLocatorImpl.java:740)
om_1        | 2019-10-23 17:55:13,468 INFO ipc.Server: Auth successful for testuser/scm@EXAMPLE.COM (auth:KERBEROS)
kdc_1       | WARNING: no policy specified for scm/25aa99d19e99@EXAMPLE.COM; defaulting to no policy
datanode_2  | 2019-10-23 17:53:25,906 INFO impl.LeaderElection: 27a7679e-61f8-4287-adad-da7fe51745e6@group-BCC5FCFF8E37-LeaderElection2: Election REJECTED; received 2 response(s) [27a7679e-61f8-4287-adad-da7fe51745e6<-a6a38831-85fd-4172-9362-b89caaacc110#0:FAIL-t1, 27a7679e-61f8-4287-adad-da7fe51745e6<-ad7a4fd6-148f-4e9a-86c9-36b7139bb634#0:FAIL-t1] and 0 exception(s); 27a7679e-61f8-4287-adad-da7fe51745e6@group-BCC5FCFF8E37:t1, leader=null, voted=27a7679e-61f8-4287-adad-da7fe51745e6, raftlog=27a7679e-61f8-4287-adad-da7fe51745e6@group-BCC5FCFF8E37-SegmentedRaftLog:OPENED:c-1,f-1,i0, conf=-1: [a6a38831-85fd-4172-9362-b89caaacc110:172.18.0.5:9858, ad7a4fd6-148f-4e9a-86c9-36b7139bb634:172.18.0.10:9858, 27a7679e-61f8-4287-adad-da7fe51745e6:172.18.0.6:9858], old=null
datanode_1  | 2019-10-23 17:53:30,903 INFO impl.RoleInfo: ad7a4fd6-148f-4e9a-86c9-36b7139bb634: start FollowerState
scm_1       | 2019-10-23 17:53:46,974 INFO server.SCMBlockProtocolServer: Allocating 1 blocks of size 268435456, with ExcludeList {datanodes = [], containerIds = [], pipelineIds = []}
datanode_3  | 2019-10-23 17:53:25,784 INFO impl.RoleInfo: a6a38831-85fd-4172-9362-b89caaacc110: shutdown LeaderElection
s3g_1       | 	at org.jvnet.hk2.internal.ServiceLocatorImpl.getService(ServiceLocatorImpl.java:710)
om_1        | 2019-10-23 17:55:13,480 INFO authorize.ServiceAuthorizationManager: Authorization successful for testuser/scm@EXAMPLE.COM (auth:KERBEROS) for protocol=interface org.apache.hadoop.ozone.om.protocol.OzoneManagerProtocol
kdc_1       | Principal "scm/25aa99d19e99@EXAMPLE.COM" created.
datanode_2  | 2019-10-23 17:53:25,907 INFO impl.RaftServerImpl: 27a7679e-61f8-4287-adad-da7fe51745e6@group-BCC5FCFF8E37: changes role from CANDIDATE to FOLLOWER at term 1 for DISCOVERED_A_NEW_TERM
datanode_1  | 2019-10-23 17:53:30,903 INFO impl.FollowerState: ad7a4fd6-148f-4e9a-86c9-36b7139bb634@group-BCC5FCFF8E37-FollowerState was interrupted: java.lang.InterruptedException: sleep interrupted
scm_1       | 2019-10-23 17:53:47,082 INFO server.SCMBlockProtocolServer: Allocating 1 blocks of size 268435456, with ExcludeList {datanodes = [], containerIds = [], pipelineIds = []}
datanode_3  | 2019-10-23 17:53:25,784 INFO impl.RoleInfo: a6a38831-85fd-4172-9362-b89caaacc110: start FollowerState
s3g_1       | 	at org.glassfish.jersey.inject.hk2.AbstractHk2InjectionManager.getInstance(AbstractHk2InjectionManager.java:184)
om_1        | 2019-10-23 17:55:16,257 INFO ipc.Server: Auth successful for testuser/scm@EXAMPLE.COM (auth:KERBEROS)
kdc_1       | Authenticating as principal admin/admin with keytab /tmp/admin.keytab.
datanode_1  | 2019-10-23 17:53:31,024 INFO impl.RaftServerImpl: ad7a4fd6-148f-4e9a-86c9-36b7139bb634@group-BCC5FCFF8E37: change Leader from null to a6a38831-85fd-4172-9362-b89caaacc110 at term 2 for appendEntries, leader elected after 10507ms
scm_1       | 2019-10-23 17:53:47,191 INFO server.SCMBlockProtocolServer: Allocating 1 blocks of size 268435456, with ExcludeList {datanodes = [], containerIds = [], pipelineIds = []}
datanode_3  | 2019-10-23 17:53:30,849 INFO impl.FollowerState: a6a38831-85fd-4172-9362-b89caaacc110@group-BCC5FCFF8E37-FollowerState: change to CANDIDATE, lastRpcTime:5064ms, electionTimeout:5064ms
s3g_1       | 	at org.glassfish.jersey.inject.hk2.ImmediateHk2InjectionManager.getInstance(ImmediateHk2InjectionManager.java:54)
om_1        | 2019-10-23 17:55:16,269 INFO authorize.ServiceAuthorizationManager: Authorization successful for testuser/scm@EXAMPLE.COM (auth:KERBEROS) for protocol=interface org.apache.hadoop.ozone.om.protocol.OzoneManagerProtocol
datanode_2  | 2019-10-23 17:53:25,907 INFO impl.RoleInfo: 27a7679e-61f8-4287-adad-da7fe51745e6: shutdown LeaderElection
kdc_1       | Oct 23 17:52:58 kdc krb5kdc[9](info): AS_REQ (8 etypes {18 17 20 19 16 23 25 26}) 127.0.0.1: SERVER_NOT_FOUND: admin/admin@EXAMPLE.COM for kadmin/localhost@EXAMPLE.COM, Server not found in Kerberos database
datanode_1  | 2019-10-23 17:53:31,052 INFO impl.RaftServerImpl: ad7a4fd6-148f-4e9a-86c9-36b7139bb634@group-BCC5FCFF8E37: set configuration 0: [a6a38831-85fd-4172-9362-b89caaacc110:172.18.0.5:9858, ad7a4fd6-148f-4e9a-86c9-36b7139bb634:172.18.0.10:9858, 27a7679e-61f8-4287-adad-da7fe51745e6:172.18.0.6:9858], old=null at 0
scm_1       | 2019-10-23 17:53:47,300 INFO server.SCMBlockProtocolServer: Allocating 1 blocks of size 268435456, with ExcludeList {datanodes = [], containerIds = [], pipelineIds = []}
datanode_3  | 2019-10-23 17:53:30,850 INFO impl.RoleInfo: a6a38831-85fd-4172-9362-b89caaacc110: shutdown FollowerState
s3g_1       | 	at org.glassfish.jersey.internal.inject.Injections.getOrCreate(Injections.java:129)
om_1        | 2019-10-23 17:55:19,022 INFO ipc.Server: Auth successful for testuser/scm@EXAMPLE.COM (auth:KERBEROS)
datanode_2  | 2019-10-23 17:53:25,907 INFO impl.RoleInfo: 27a7679e-61f8-4287-adad-da7fe51745e6: start FollowerState
kdc_1       | Oct 23 17:52:58 kdc krb5kdc[9](info): AS_REQ (8 etypes {18 17 20 19 16 23 25 26}) 127.0.0.1: ISSUE: authtime 1571853178, etypes {rep=18 tkt=18 ses=18}, admin/admin@EXAMPLE.COM for kadmin/admin@EXAMPLE.COM
datanode_1  | 2019-10-23 17:53:31,052 INFO segmented.SegmentedRaftLogWorker: ad7a4fd6-148f-4e9a-86c9-36b7139bb634@group-BCC5FCFF8E37-SegmentedRaftLogWorker: Starting segment from index:0
scm_1       | 2019-10-23 17:53:47,408 INFO server.SCMBlockProtocolServer: Allocating 1 blocks of size 268435456, with ExcludeList {datanodes = [], containerIds = [], pipelineIds = []}
datanode_3  | 2019-10-23 17:53:30,850 INFO impl.RaftServerImpl: a6a38831-85fd-4172-9362-b89caaacc110@group-BCC5FCFF8E37: changes role from  FOLLOWER to CANDIDATE at term 1 for changeToCandidate
s3g_1       | 	at org.glassfish.jersey.server.model.MethodHandler$ClassBasedMethodHandler.getInstance(MethodHandler.java:284)
om_1        | 2019-10-23 17:55:19,035 INFO authorize.ServiceAuthorizationManager: Authorization successful for testuser/scm@EXAMPLE.COM (auth:KERBEROS) for protocol=interface org.apache.hadoop.ozone.om.protocol.OzoneManagerProtocol
datanode_2  | 2019-10-23 17:53:30,902 INFO impl.RaftServerImpl: 27a7679e-61f8-4287-adad-da7fe51745e6@group-BCC5FCFF8E37: changes role from  FOLLOWER to FOLLOWER at term 2 for recognizeCandidate:a6a38831-85fd-4172-9362-b89caaacc110
kdc_1       | Oct 23 17:52:58 kdc krb5kdc[9](info): AS_REQ (8 etypes {18 17 20 19 16 23 25 26}) 127.0.0.1: SERVER_NOT_FOUND: admin/admin@EXAMPLE.COM for kadmin/localhost@EXAMPLE.COM, Server not found in Kerberos database
datanode_1  | 2019-10-23 17:53:31,106 INFO segmented.SegmentedRaftLogWorker: ad7a4fd6-148f-4e9a-86c9-36b7139bb634@group-BCC5FCFF8E37-SegmentedRaftLogWorker: created new log segment /data/metadata/ratis/6d2bb715-51c0-41c4-bd5a-bcc5fcff8e37/current/log_inprogress_0
scm_1       | 2019-10-23 17:53:47,510 INFO server.SCMBlockProtocolServer: Allocating 1 blocks of size 268435456, with ExcludeList {datanodes = [], containerIds = [], pipelineIds = []}
datanode_3  | 2019-10-23 17:53:30,850 INFO impl.RoleInfo: a6a38831-85fd-4172-9362-b89caaacc110: start LeaderElection
s3g_1       | 	at org.glassfish.jersey.server.internal.routing.PushMethodHandlerRouter.apply(PushMethodHandlerRouter.java:75)
om_1        | 2019-10-23 17:55:21,880 INFO ipc.Server: Auth successful for testuser/scm@EXAMPLE.COM (auth:KERBEROS)
datanode_2  | 2019-10-23 17:53:30,903 INFO impl.RoleInfo: 27a7679e-61f8-4287-adad-da7fe51745e6: shutdown FollowerState
kdc_1       | Oct 23 17:52:58 kdc krb5kdc[9](info): AS_REQ (8 etypes {18 17 20 19 16 23 25 26}) 127.0.0.1: ISSUE: authtime 1571853178, etypes {rep=18 tkt=18 ses=18}, admin/admin@EXAMPLE.COM for kadmin/admin@EXAMPLE.COM
datanode_1  | 2019-10-23 17:54:25,588 INFO client.DNCertificateClient: Getting certificate with certSerialId:12199980135930261.
scm_1       | 2019-10-23 17:53:47,619 INFO server.SCMBlockProtocolServer: Allocating 1 blocks of size 268435456, with ExcludeList {datanodes = [], containerIds = [], pipelineIds = []}
datanode_3  | 2019-10-23 17:53:30,876 INFO impl.LeaderElection: a6a38831-85fd-4172-9362-b89caaacc110@group-BCC5FCFF8E37-LeaderElection3: begin an election at term 2 for -1: [a6a38831-85fd-4172-9362-b89caaacc110:172.18.0.5:9858, ad7a4fd6-148f-4e9a-86c9-36b7139bb634:172.18.0.10:9858, 27a7679e-61f8-4287-adad-da7fe51745e6:172.18.0.6:9858], old=null
s3g_1       | 	at org.glassfish.jersey.server.internal.routing.RoutingStage._apply(RoutingStage.java:110)
om_1        | 2019-10-23 17:55:21,892 INFO authorize.ServiceAuthorizationManager: Authorization successful for testuser/scm@EXAMPLE.COM (auth:KERBEROS) for protocol=interface org.apache.hadoop.ozone.om.protocol.OzoneManagerProtocol
datanode_2  | 2019-10-23 17:53:30,903 INFO impl.RoleInfo: 27a7679e-61f8-4287-adad-da7fe51745e6: start FollowerState
kdc_1       | Oct 23 17:52:58 kdc krb5kdc[9](info): AS_REQ (8 etypes {18 17 20 19 16 23 25 26}) 127.0.0.1: SERVER_NOT_FOUND: admin/admin@EXAMPLE.COM for kadmin/localhost@EXAMPLE.COM, Server not found in Kerberos database
datanode_1  | 2019-10-23 17:54:26,762 WARN client.GrpcClientProtocolService: 0-OrderedRequestStreamObserver0: onError: org.apache.ratis.thirdparty.io.grpc.StatusRuntimeException: CANCELLED: cancelled before receiving half close
scm_1       | 2019-10-23 17:53:47,728 INFO server.SCMBlockProtocolServer: Allocating 1 blocks of size 268435456, with ExcludeList {datanodes = [], containerIds = [], pipelineIds = []}
s3g_1       | 	at org.glassfish.jersey.server.internal.routing.RoutingStage._apply(RoutingStage.java:113)
datanode_3  | 2019-10-23 17:53:30,936 INFO impl.LeaderElection: a6a38831-85fd-4172-9362-b89caaacc110@group-BCC5FCFF8E37-LeaderElection3: Election PASSED; received 1 response(s) [a6a38831-85fd-4172-9362-b89caaacc110<-ad7a4fd6-148f-4e9a-86c9-36b7139bb634#0:OK-t2] and 0 exception(s); a6a38831-85fd-4172-9362-b89caaacc110@group-BCC5FCFF8E37:t2, leader=null, voted=a6a38831-85fd-4172-9362-b89caaacc110, raftlog=a6a38831-85fd-4172-9362-b89caaacc110@group-BCC5FCFF8E37-SegmentedRaftLog:OPENED:c-1,f-1,i0, conf=-1: [a6a38831-85fd-4172-9362-b89caaacc110:172.18.0.5:9858, ad7a4fd6-148f-4e9a-86c9-36b7139bb634:172.18.0.10:9858, 27a7679e-61f8-4287-adad-da7fe51745e6:172.18.0.6:9858], old=null
om_1        | 2019-10-23 17:55:22,541 [IPC Server handler 18 on 9862] ERROR      - Add acl [user:superuser1:rwxy[ACCESS]] to path /37789-rpcwoport2/bb1 failed, because acl already exist
datanode_2  | 2019-10-23 17:53:30,903 INFO impl.FollowerState: 27a7679e-61f8-4287-adad-da7fe51745e6@group-BCC5FCFF8E37-FollowerState was interrupted: java.lang.InterruptedException: sleep interrupted
kdc_1       | Oct 23 17:52:58 kdc krb5kdc[9](info): AS_REQ (8 etypes {18 17 20 19 16 23 25 26}) 127.0.0.1: ISSUE: authtime 1571853178, etypes {rep=18 tkt=18 ses=18}, admin/admin@EXAMPLE.COM for kadmin/admin@EXAMPLE.COM
datanode_1  | 2019-10-23 17:58:59,256 WARN client.GrpcClientProtocolService: 1-OrderedRequestStreamObserver1: onError: org.apache.ratis.thirdparty.io.grpc.StatusRuntimeException: CANCELLED: cancelled before receiving half close
scm_1       | 2019-10-23 17:53:47,853 INFO server.SCMBlockProtocolServer: Allocating 1 blocks of size 268435456, with ExcludeList {datanodes = [], containerIds = [], pipelineIds = []}
s3g_1       | 	at org.glassfish.jersey.server.internal.routing.RoutingStage._apply(RoutingStage.java:113)
datanode_3  | 2019-10-23 17:53:30,936 INFO impl.RoleInfo: a6a38831-85fd-4172-9362-b89caaacc110: shutdown LeaderElection
om_1        | 2019-10-23 17:55:24,803 INFO ipc.Server: Auth successful for testuser/scm@EXAMPLE.COM (auth:KERBEROS)
datanode_2  | 2019-10-23 17:53:31,024 INFO impl.RaftServerImpl: 27a7679e-61f8-4287-adad-da7fe51745e6@group-BCC5FCFF8E37: change Leader from null to a6a38831-85fd-4172-9362-b89caaacc110 at term 2 for appendEntries, leader elected after 10485ms
datanode_1  | 2019-10-23 18:03:09,576 WARN client.GrpcClientProtocolService: 4-OrderedRequestStreamObserver4: onError: org.apache.ratis.thirdparty.io.grpc.StatusRuntimeException: CANCELLED: cancelled before receiving half close
kdc_1       | Oct 23 17:52:58 kdc krb5kdc[9](info): AS_REQ (8 etypes {18 17 20 19 16 23 25 26}) 127.0.0.1: SERVER_NOT_FOUND: admin/admin@EXAMPLE.COM for kadmin/localhost@EXAMPLE.COM, Server not found in Kerberos database
s3g_1       | 	at org.glassfish.jersey.server.internal.routing.RoutingStage._apply(RoutingStage.java:113)
datanode_3  | 2019-10-23 17:53:30,937 INFO impl.RaftServerImpl: a6a38831-85fd-4172-9362-b89caaacc110@group-BCC5FCFF8E37: changes role from CANDIDATE to LEADER at term 2 for changeToLeader
scm_1       | 2019-10-23 17:53:47,962 INFO server.SCMBlockProtocolServer: Allocating 1 blocks of size 268435456, with ExcludeList {datanodes = [], containerIds = [], pipelineIds = []}
om_1        | 2019-10-23 17:55:24,815 INFO authorize.ServiceAuthorizationManager: Authorization successful for testuser/scm@EXAMPLE.COM (auth:KERBEROS) for protocol=interface org.apache.hadoop.ozone.om.protocol.OzoneManagerProtocol
datanode_2  | 2019-10-23 17:53:31,052 INFO impl.RaftServerImpl: 27a7679e-61f8-4287-adad-da7fe51745e6@group-BCC5FCFF8E37: set configuration 0: [a6a38831-85fd-4172-9362-b89caaacc110:172.18.0.5:9858, ad7a4fd6-148f-4e9a-86c9-36b7139bb634:172.18.0.10:9858, 27a7679e-61f8-4287-adad-da7fe51745e6:172.18.0.6:9858], old=null at 0
kdc_1       | Oct 23 17:52:58 kdc krb5kdc[9](info): AS_REQ (8 etypes {18 17 20 19 16 23 25 26}) 127.0.0.1: ISSUE: authtime 1571853178, etypes {rep=18 tkt=18 ses=18}, admin/admin@EXAMPLE.COM for kadmin/admin@EXAMPLE.COM
s3g_1       | 	at org.glassfish.jersey.server.internal.routing.RoutingStage.apply(RoutingStage.java:93)
datanode_3  | 2019-10-23 17:53:30,937 INFO impl.RaftServerImpl: a6a38831-85fd-4172-9362-b89caaacc110@group-BCC5FCFF8E37: change Leader from null to a6a38831-85fd-4172-9362-b89caaacc110 at term 2 for becomeLeader, leader elected after 10398ms
scm_1       | 2019-10-23 17:53:48,062 INFO server.SCMBlockProtocolServer: Allocating 1 blocks of size 268435456, with ExcludeList {datanodes = [], containerIds = [], pipelineIds = []}
om_1        | 2019-10-23 17:55:27,623 INFO ipc.Server: Auth successful for testuser/scm@EXAMPLE.COM (auth:KERBEROS)
datanode_2  | 2019-10-23 17:53:31,053 INFO segmented.SegmentedRaftLogWorker: 27a7679e-61f8-4287-adad-da7fe51745e6@group-BCC5FCFF8E37-SegmentedRaftLogWorker: Starting segment from index:0
kdc_1       | Oct 23 17:52:58 kdc krb5kdc[9](info): AS_REQ (8 etypes {18 17 20 19 16 23 25 26}) 127.0.0.1: SERVER_NOT_FOUND: admin/admin@EXAMPLE.COM for kadmin/localhost@EXAMPLE.COM, Server not found in Kerberos database
s3g_1       | 	at org.glassfish.jersey.server.internal.routing.RoutingStage.apply(RoutingStage.java:62)
datanode_3  | 2019-10-23 17:53:30,937 INFO server.RaftServerConfigKeys: raft.server.staging.catchup.gap = 1000 (default)
scm_1       | 2019-10-23 17:53:48,172 INFO server.SCMBlockProtocolServer: Allocating 1 blocks of size 268435456, with ExcludeList {datanodes = [], containerIds = [], pipelineIds = []}
om_1        | 2019-10-23 17:55:27,635 INFO authorize.ServiceAuthorizationManager: Authorization successful for testuser/scm@EXAMPLE.COM (auth:KERBEROS) for protocol=interface org.apache.hadoop.ozone.om.protocol.OzoneManagerProtocol
datanode_2  | 2019-10-23 17:53:31,106 INFO segmented.SegmentedRaftLogWorker: 27a7679e-61f8-4287-adad-da7fe51745e6@group-BCC5FCFF8E37-SegmentedRaftLogWorker: created new log segment /data/metadata/ratis/6d2bb715-51c0-41c4-bd5a-bcc5fcff8e37/current/log_inprogress_0
kdc_1       | Oct 23 17:52:58 kdc krb5kdc[9](info): AS_REQ (8 etypes {18 17 20 19 16 23 25 26}) 127.0.0.1: ISSUE: authtime 1571853178, etypes {rep=18 tkt=18 ses=18}, admin/admin@EXAMPLE.COM for kadmin/admin@EXAMPLE.COM
s3g_1       | 	at org.glassfish.jersey.process.internal.Stages.process(Stages.java:197)
datanode_3  | 2019-10-23 17:53:30,937 INFO server.RaftServerConfigKeys: raft.server.rpc.sleep.time = 25ms (default)
datanode_2  | 2019-10-23 17:56:29,667 INFO client.DNCertificateClient: Getting certificate with certSerialId:12199980135930261.
scm_1       | 2019-10-23 17:53:48,281 INFO server.SCMBlockProtocolServer: Allocating 1 blocks of size 268435456, with ExcludeList {datanodes = [], containerIds = [], pipelineIds = []}
kdc_1       | Oct 23 17:52:58 kdc krb5kdc[9](info): AS_REQ (8 etypes {18 17 20 19 16 23 25 26}) 127.0.0.1: SERVER_NOT_FOUND: admin/admin@EXAMPLE.COM for kadmin/localhost@EXAMPLE.COM, Server not found in Kerberos database
s3g_1       | 	at org.glassfish.jersey.server.ServerRuntime$1.run(ServerRuntime.java:269)
om_1        | 2019-10-23 17:55:30,457 INFO ipc.Server: Auth successful for testuser/scm@EXAMPLE.COM (auth:KERBEROS)
datanode_2  | 2019-10-23 17:56:30,761 WARN client.GrpcClientProtocolService: 0-OrderedRequestStreamObserver0: onError: org.apache.ratis.thirdparty.io.grpc.StatusRuntimeException: CANCELLED: cancelled before receiving half close
datanode_3  | 2019-10-23 17:53:30,937 INFO server.RaftServerConfigKeys: raft.server.write.element-limit = 4096 (default)
