datanode_2  | 2019-10-05 03:05:31 INFO  Server:419 - Started @8076ms
datanode_3  | 2019-10-05 03:05:36 INFO  RaftServerImpl:95 - f0a02d64-c629-47ae-8006-4d9ea2b57aee: new RaftServerImpl for group-2E1C9D03AA7C:[f0a02d64-c629-47ae-8006-4d9ea2b57aee:172.18.0.9:9858] with ContainerStateMachine:uninitialized
datanode_1  | 2019-10-05 03:05:31 INFO  ContextHandler:781 - Started o.e.j.s.ServletContextHandler@7d42404e{/static,jar:file:/opt/hadoop/share/ozone/lib/hadoop-hdds-container-service-0.5.0-SNAPSHOT.jar!/webapps/static,AVAILABLE}
s3g_1       | 20191005T031503Z
scm_1       | 2019-10-05 03:05:29 INFO  CallQueueManager:84 - Using callQueue: class java.util.concurrent.LinkedBlockingQueue, queueCapacity: 1000, scheduler: class org.apache.hadoop.ipc.DefaultRpcScheduler, ipcBackoff: false.
om_1        | 2019-10-05 03:05:34 INFO  OMCertificateClient:148 - Added certificate from file:/data/metadata/om/certs/908955476761554.crt.
kdc_1       | Oct 05 03:05:18 kdc kadmind[15](Notice): Request: kadm5_create_principal, dn/s3g@EXAMPLE.COM, success, client=admin/admin@EXAMPLE.COM, service=kadmin/admin@EXAMPLE.COM, addr=127.0.0.1
datanode_2  | 2019-10-05 03:05:31 INFO  MetricsSinkAdapter:204 - Sink prometheus started
datanode_3  | 2019-10-05 03:05:36 INFO  RaftServerConfigKeys:43 - raft.server.rpc.timeout.min = 5s (custom)
datanode_1  | 2019-10-05 03:05:31 INFO  KerberosAuthenticationHandler:164 - Using keytab /etc/security/keytabs/HTTP.keytab, for principal HTTP/35e8ccb58470@EXAMPLE.COM
s3g_1       | 20191005/us-west-1/s3/aws4_request
scm_1       | 2019-10-05 03:05:29 INFO  Server:1074 - Starting Socket Reader #1 for port 9861
om_1        | 2019-10-05 03:05:34 INFO  OMCertificateClient:148 - Added certificate from file:/data/metadata/om/certs/CA-1.crt.
kdc_1       | Oct 05 03:05:18 kdc kadmind[15](info): closing down fd 18
datanode_3  | 2019-10-05 03:05:36 INFO  RaftServerConfigKeys:43 - raft.server.rpc.timeout.max = 5200ms (custom)
datanode_2  | 2019-10-05 03:05:31 INFO  MetricsSystemImpl:301 - Registered sink prometheus
datanode_1  | 2019-10-05 03:05:31 INFO  ContextHandler:781 - Started o.e.j.w.WebAppContext@3cdff901{/,file:///tmp/jetty-0.0.0.0-9882-hddsDatanode-_-any-9426035744111765326.dir/webapp/,AVAILABLE}{/hddsDatanode}
s3g_1       | 0ef373523f7007653ca1c58d552152d6441c63cf8a3a1109461bc7fc544b2f16, signature=b29bc86e7a25429168c6fb6c84e40df3c8201f67f223279e3a9518232cb80ce6, awsAccessKeyId=dlfknslnfslf, while invoking $Proxy93.submitRequest over nodeId=null,nodeAddress=om:9862 after 3 failover attempts. Trying to failover immediately.
scm_1       | 2019-10-05 03:05:29 INFO  CallQueueManager:84 - Using callQueue: class java.util.concurrent.LinkedBlockingQueue, queueCapacity: 1000, scheduler: class org.apache.hadoop.ipc.DefaultRpcScheduler, ipcBackoff: false.
om_1        | 2019-10-05 03:05:34 WARN  ServerUtils:222 - ozone.om.db.dirs is not configured. We recommend adding this setting. Falling back to ozone.metadata.dirs instead.
kdc_1       | Oct 05 03:05:18 kdc kadmind[15](Notice): Request: kadm5_init, admin/admin@EXAMPLE.COM, success, client=admin/admin@EXAMPLE.COM, service=kadmin/admin@EXAMPLE.COM, addr=127.0.0.1, vers=4, flavor=6
datanode_3  | 2019-10-05 03:05:36 INFO  RaftServerConfigKeys:43 - raft.server.rpcslowness.timeout = 120s (custom)
datanode_1  | 2019-10-05 03:05:31 INFO  AbstractConnector:278 - Started ServerConnector@285005b8{HTTP/1.1,[http/1.1]}{0.0.0.0:9882}
datanode_2  | 2019-10-05 03:05:31 INFO  BaseHttpServer:215 - HTTP server of HDDSDATANODE is listening at http://0.0.0.0:9882
s3g_1       | 2019-10-05 03:15:04 WARN  Client:755 - Exception encountered while connecting to the server : org.apache.hadoop.ipc.RemoteException(org.apache.hadoop.security.token.SecretManager$InvalidToken): No S3 secret found for S3 identifier:OzoneToken owner=dlfknslnfslf, renewer=, realUser=, issueDate=0, maxDate=0, sequenceNumber=0, masterKeyId=0, strToSign=AWS4-HMAC-SHA256
scm_1       | 2019-10-05 03:05:29 INFO  Server:1074 - Starting Socket Reader #1 for port 9863
om_1        | 2019-10-05 03:05:34 INFO  log:192 - Logging initialized @2789ms
kdc_1       | Oct 05 03:05:18 kdc kadmind[15](Notice): Request: kadm5_randkey_principal, dn/s3g@EXAMPLE.COM, success, client=admin/admin@EXAMPLE.COM, service=kadmin/admin@EXAMPLE.COM, addr=127.0.0.1
datanode_3  | 2019-10-05 03:05:36 INFO  RaftServerConfigKeys:43 - raft.server.sleep.deviation.threshold = 300 (default)
datanode_1  | 2019-10-05 03:05:31 INFO  Server:419 - Started @8088ms
datanode_2  | 2019-10-05 03:05:31 INFO  JvmPauseMonitor:188 - Starting JVM pause monitor
s3g_1       | 20191005T031503Z
scm_1       | 2019-10-05 03:05:29 INFO  CallQueueManager:84 - Using callQueue: class java.util.concurrent.LinkedBlockingQueue, queueCapacity: 1000, scheduler: class org.apache.hadoop.ipc.DefaultRpcScheduler, ipcBackoff: false.
om_1        | 2019-10-05 03:05:34 INFO  DBStoreBuilder:117 - using custom profile for table: userTable
kdc_1       | Oct 05 03:05:18 kdc kadmind[15](Notice): Request: kadm5_get_principal, dn/s3g@EXAMPLE.COM, success, client=admin/admin@EXAMPLE.COM, service=kadmin/admin@EXAMPLE.COM, addr=127.0.0.1
datanode_3  | 2019-10-05 03:05:36 INFO  RaftServerConfigKeys:43 - raft.server.log.appender.install.snapshot.enabled = false (custom)
datanode_1  | 2019-10-05 03:05:31 INFO  MetricsSinkAdapter:204 - Sink prometheus started
datanode_2  | 2019-10-05 03:05:33 INFO  OzoneContainer:217 - Attempting to start container services.
s3g_1       | 20191005/us-west-1/s3/aws4_request
scm_1       | 2019-10-05 03:05:29 INFO  Server:1074 - Starting Socket Reader #1 for port 9860
kdc_1       | Oct 05 03:05:18 kdc kadmind[15](info): closing down fd 18
om_1        | 2019-10-05 03:05:34 INFO  DBStoreBuilder:168 - Using default column profile:DBProfile.DISK for Table:userTable
datanode_3  | 2019-10-05 03:05:36 INFO  RaftServerImpl:103 - f0a02d64-c629-47ae-8006-4d9ea2b57aee@group-2E1C9D03AA7C: ConfigurationManager, init=-1: [f0a02d64-c629-47ae-8006-4d9ea2b57aee:172.18.0.9:9858], old=null, confs=<EMPTY_MAP>
datanode_2  | 2019-10-05 03:05:33 INFO  OzoneContainer:179 - Background container scanner has been disabled.
s3g_1       | 0ef373523f7007653ca1c58d552152d6441c63cf8a3a1109461bc7fc544b2f16, signature=b29bc86e7a25429168c6fb6c84e40df3c8201f67f223279e3a9518232cb80ce6, awsAccessKeyId=dlfknslnfslf
datanode_1  | 2019-10-05 03:05:31 INFO  MetricsSystemImpl:301 - Registered sink prometheus
scm_1       | 2019-10-05 03:05:29 INFO  DFSUtil:1629 - Starting web server as: HTTP/scm@EXAMPLE.COM
kdc_1       | Oct 05 03:05:18 kdc kadmind[15](Notice): Request: kadm5_init, admin/admin@EXAMPLE.COM, success, client=admin/admin@EXAMPLE.COM, service=kadmin/admin@EXAMPLE.COM, addr=127.0.0.1, vers=4, flavor=6
om_1        | 2019-10-05 03:05:34 INFO  DBStoreBuilder:117 - using custom profile for table: volumeTable
datanode_3  | 2019-10-05 03:05:36 INFO  RaftServerConfigKeys:43 - raft.server.storage.dir = [/data/metadata/ratis] (custom)
s3g_1       | 2019-10-05 03:15:04 INFO  RetryInvocationHandler:411 - com.google.protobuf.ServiceException: org.apache.hadoop.ipc.RemoteException(org.apache.hadoop.security.token.SecretManager$InvalidToken): No S3 secret found for S3 identifier:OzoneToken owner=dlfknslnfslf, renewer=, realUser=, issueDate=0, maxDate=0, sequenceNumber=0, masterKeyId=0, strToSign=AWS4-HMAC-SHA256
datanode_2  | 2019-10-05 03:05:33 INFO  XceiverServerRatis:417 - Starting XceiverServerRatis 7a7c6d5f-a74a-4490-a8e1-ccc5a24469f9 at port 9858
kdc_1       | Oct 05 03:05:18 kdc kadmind[15](Notice): Request: kadm5_get_policy, default, Policy does not exist, client=admin/admin@EXAMPLE.COM, service=kadmin/admin@EXAMPLE.COM, addr=127.0.0.1
scm_1       | 2019-10-05 03:05:29 INFO  DFSUtil:1641 - Starting Web-server for scm at: http://0.0.0.0:9876
datanode_1  | 2019-10-05 03:05:31 INFO  BaseHttpServer:215 - HTTP server of HDDSDATANODE is listening at http://0.0.0.0:9882
om_1        | 2019-10-05 03:05:34 INFO  DBStoreBuilder:168 - Using default column profile:DBProfile.DISK for Table:volumeTable
datanode_3  | 2019-10-05 03:05:36 INFO  RaftServerConfigKeys:43 - raft.server.log.corruption.policy = EXCEPTION (default)
s3g_1       | 20191005T031503Z
datanode_2  | 2019-10-05 03:05:33 INFO  RaftServerProxy:299 - 7a7c6d5f-a74a-4490-a8e1-ccc5a24469f9: start RPC server
kdc_1       | Oct 05 03:05:18 kdc kadmind[15](Notice): Request: kadm5_create_principal, dn/23b4208a5833@EXAMPLE.COM, success, client=admin/admin@EXAMPLE.COM, service=kadmin/admin@EXAMPLE.COM, addr=127.0.0.1
scm_1       | 2019-10-05 03:05:29 INFO  AuthenticationFilter:240 - Unable to initialize FileSignerSecretProvider, falling back to use random secrets.
datanode_1  | 2019-10-05 03:05:31 INFO  JvmPauseMonitor:188 - Starting JVM pause monitor
om_1        | 2019-10-05 03:05:34 INFO  DBStoreBuilder:117 - using custom profile for table: bucketTable
datanode_3  | 2019-10-05 03:05:36 INFO  RaftStorageDirectory:246 - The storage directory /data/metadata/ratis/f2d6ce8b-0228-46db-bf91-2e1c9d03aa7c does not exist. Creating ...
s3g_1       | 20191005/us-west-1/s3/aws4_request
datanode_2  | 2019-10-05 03:05:33 INFO  GrpcService:158 - 7a7c6d5f-a74a-4490-a8e1-ccc5a24469f9: GrpcService started, listening on 0.0.0.0/0.0.0.0:9858
kdc_1       | Oct 05 03:05:18 kdc kadmind[15](info): closing down fd 18
scm_1       | 2019-10-05 03:05:29 INFO  HttpRequestLog:81 - Http request log for http.requests.scm is not defined
datanode_1  | 2019-10-05 03:05:33 INFO  OzoneContainer:217 - Attempting to start container services.
om_1        | 2019-10-05 03:05:34 INFO  DBStoreBuilder:168 - Using default column profile:DBProfile.DISK for Table:bucketTable
datanode_3  | 2019-10-05 03:05:37 INFO  RaftStorageDirectory:328 - Lock on /data/metadata/ratis/f2d6ce8b-0228-46db-bf91-2e1c9d03aa7c/in_use.lock acquired by nodename 7@01a9fa5a7d09
s3g_1       | 0ef373523f7007653ca1c58d552152d6441c63cf8a3a1109461bc7fc544b2f16, signature=b29bc86e7a25429168c6fb6c84e40df3c8201f67f223279e3a9518232cb80ce6, awsAccessKeyId=dlfknslnfslf, while invoking $Proxy93.submitRequest over nodeId=null,nodeAddress=om:9862 after 4 failover attempts. Trying to failover immediately.
datanode_2  | 2019-10-05 03:05:36 INFO  RaftServerProxy:89 - 7a7c6d5f-a74a-4490-a8e1-ccc5a24469f9: addNew group-03CEB6FC90C4:[7a7c6d5f-a74a-4490-a8e1-ccc5a24469f9:172.18.0.5:9858] returns group-03CEB6FC90C4:java.util.concurrent.CompletableFuture@2f8ddd5d[Not completed]
kdc_1       | Oct 05 03:05:18 kdc kadmind[15](Notice): Request: kadm5_init, admin/admin@EXAMPLE.COM, success, client=admin/admin@EXAMPLE.COM, service=kadmin/admin@EXAMPLE.COM, addr=127.0.0.1, vers=4, flavor=6
scm_1       | 2019-10-05 03:05:29 INFO  HttpServer2:975 - Added global filter 'safety' (class=org.apache.hadoop.http.HttpServer2$QuotingInputFilter)
datanode_1  | 2019-10-05 03:05:33 INFO  OzoneContainer:179 - Background container scanner has been disabled.
om_1        | 2019-10-05 03:05:34 INFO  DBStoreBuilder:117 - using custom profile for table: keyTable
datanode_3  | 2019-10-05 03:05:37 INFO  RaftStorage:84 - Storage directory /data/metadata/ratis/f2d6ce8b-0228-46db-bf91-2e1c9d03aa7c has been successfully formatted.
s3g_1       | 2019-10-05 03:15:04 WARN  Client:755 - Exception encountered while connecting to the server : org.apache.hadoop.ipc.RemoteException(org.apache.hadoop.security.token.SecretManager$InvalidToken): No S3 secret found for S3 identifier:OzoneToken owner=dlfknslnfslf, renewer=, realUser=, issueDate=0, maxDate=0, sequenceNumber=0, masterKeyId=0, strToSign=AWS4-HMAC-SHA256
datanode_2  | 2019-10-05 03:05:36 INFO  RaftServerImpl:95 - 7a7c6d5f-a74a-4490-a8e1-ccc5a24469f9: new RaftServerImpl for group-03CEB6FC90C4:[7a7c6d5f-a74a-4490-a8e1-ccc5a24469f9:172.18.0.5:9858] with ContainerStateMachine:uninitialized
kdc_1       | Oct 05 03:05:18 kdc kadmind[15](Notice): Request: kadm5_randkey_principal, dn/23b4208a5833@EXAMPLE.COM, success, client=admin/admin@EXAMPLE.COM, service=kadmin/admin@EXAMPLE.COM, addr=127.0.0.1
scm_1       | 2019-10-05 03:05:29 INFO  HttpServer2:948 - Added filter authentication (class=org.apache.hadoop.security.authentication.server.AuthenticationFilter) to context scm
datanode_1  | 2019-10-05 03:05:33 INFO  XceiverServerRatis:417 - Starting XceiverServerRatis f8e94c39-873a-44e7-b764-a782028c659a at port 9858
om_1        | 2019-10-05 03:05:34 INFO  DBStoreBuilder:168 - Using default column profile:DBProfile.DISK for Table:keyTable
datanode_3  | 2019-10-05 03:05:37 INFO  ContainerStateMachine:231 - group-2E1C9D03AA7C: The snapshot info is null. Setting the last applied indexto:(t:0, i:~)
s3g_1       | 20191005T031503Z
datanode_2  | 2019-10-05 03:05:36 INFO  RaftServerConfigKeys:43 - raft.server.rpc.timeout.min = 5s (custom)
kdc_1       | Oct 05 03:05:18 kdc kadmind[15](Notice): Request: kadm5_get_principal, dn/23b4208a5833@EXAMPLE.COM, success, client=admin/admin@EXAMPLE.COM, service=kadmin/admin@EXAMPLE.COM, addr=127.0.0.1
scm_1       | 2019-10-05 03:05:29 INFO  HttpServer2:958 - Added filter authentication (class=org.apache.hadoop.security.authentication.server.AuthenticationFilter) to context static
datanode_1  | 2019-10-05 03:05:33 INFO  RaftServerProxy:299 - f8e94c39-873a-44e7-b764-a782028c659a: start RPC server
om_1        | 2019-10-05 03:05:34 INFO  DBStoreBuilder:117 - using custom profile for table: deletedTable
datanode_3  | 2019-10-05 03:05:37 INFO  RaftServerConfigKeys:43 - raft.server.notification.no-leader.timeout = 120s (custom)
s3g_1       | 20191005/us-west-1/s3/aws4_request
kdc_1       | Oct 05 03:05:18 kdc kadmind[15](info): closing down fd 18
datanode_2  | 2019-10-05 03:05:36 INFO  RaftServerConfigKeys:43 - raft.server.rpc.timeout.max = 5200ms (custom)
scm_1       | 2019-10-05 03:05:29 INFO  HttpServer2:958 - Added filter authentication (class=org.apache.hadoop.security.authentication.server.AuthenticationFilter) to context logs
om_1        | 2019-10-05 03:05:34 INFO  DBStoreBuilder:168 - Using default column profile:DBProfile.DISK for Table:deletedTable
datanode_3  | 2019-10-05 03:05:37 INFO  RaftServerConfigKeys:43 - raft.server.log.use.memory = false (default)
datanode_1  | 2019-10-05 03:05:34 INFO  GrpcService:158 - f8e94c39-873a-44e7-b764-a782028c659a: GrpcService started, listening on 0.0.0.0/0.0.0.0:9858
s3g_1       | 0ef373523f7007653ca1c58d552152d6441c63cf8a3a1109461bc7fc544b2f16, signature=b29bc86e7a25429168c6fb6c84e40df3c8201f67f223279e3a9518232cb80ce6, awsAccessKeyId=dlfknslnfslf
kdc_1       | Oct 05 03:05:18 kdc kadmind[15](Notice): Request: kadm5_init, admin/admin@EXAMPLE.COM, success, client=admin/admin@EXAMPLE.COM, service=kadmin/admin@EXAMPLE.COM, addr=127.0.0.1, vers=4, flavor=6
datanode_2  | 2019-10-05 03:05:36 INFO  RaftServerConfigKeys:43 - raft.server.rpcslowness.timeout = 120s (custom)
scm_1       | 2019-10-05 03:05:29 DEBUG HttpServer2:857 - Found existing conf servlet at path /conf; will replace mapping with conf servlet
datanode_3  | 2019-10-05 03:05:37 INFO  RaftServerConfigKeys:43 - raft.server.log.purge.gap = 1000000 (custom)
om_1        | 2019-10-05 03:05:34 INFO  DBStoreBuilder:117 - using custom profile for table: openKeyTable
datanode_1  | 2019-10-05 03:05:37 INFO  RaftServerProxy:89 - f8e94c39-873a-44e7-b764-a782028c659a: addNew group-6F1351733DB8:[f8e94c39-873a-44e7-b764-a782028c659a:172.18.0.8:9858] returns group-6F1351733DB8:java.util.concurrent.CompletableFuture@19367fac[Not completed]
s3g_1       | 2019-10-05 03:15:04 INFO  RetryInvocationHandler:411 - com.google.protobuf.ServiceException: org.apache.hadoop.ipc.RemoteException(org.apache.hadoop.security.token.SecretManager$InvalidToken): No S3 secret found for S3 identifier:OzoneToken owner=dlfknslnfslf, renewer=, realUser=, issueDate=0, maxDate=0, sequenceNumber=0, masterKeyId=0, strToSign=AWS4-HMAC-SHA256
kdc_1       | Oct 05 03:05:18 kdc kadmind[15](Notice): Request: kadm5_get_policy, default, Policy does not exist, client=admin/admin@EXAMPLE.COM, service=kadmin/admin@EXAMPLE.COM, addr=127.0.0.1
datanode_2  | 2019-10-05 03:05:36 INFO  RaftServerConfigKeys:43 - raft.server.sleep.deviation.threshold = 300 (default)
scm_1       | 2019-10-05 03:05:29 INFO  StorageContainerManager:770 - StorageContainerLocationProtocol RPC server is listening at /0.0.0.0:9860
datanode_3  | 2019-10-05 03:05:37 INFO  RaftServerConfigKeys:43 - raft.server.log.appender.buffer.byte-limit = 33554432 (custom)
om_1        | 2019-10-05 03:05:34 INFO  DBStoreBuilder:168 - Using default column profile:DBProfile.DISK for Table:openKeyTable
datanode_1  | 2019-10-05 03:05:37 INFO  RaftServerImpl:95 - f8e94c39-873a-44e7-b764-a782028c659a: new RaftServerImpl for group-6F1351733DB8:[f8e94c39-873a-44e7-b764-a782028c659a:172.18.0.8:9858] with ContainerStateMachine:uninitialized
s3g_1       | 20191005T031503Z
kdc_1       | Oct 05 03:05:18 kdc kadmind[15](Notice): Request: kadm5_create_principal, dn/2f15a050fc1c@EXAMPLE.COM, success, client=admin/admin@EXAMPLE.COM, service=kadmin/admin@EXAMPLE.COM, addr=127.0.0.1
datanode_2  | 2019-10-05 03:05:36 INFO  RaftServerConfigKeys:43 - raft.server.log.appender.install.snapshot.enabled = false (custom)
scm_1       | 2019-10-05 03:05:29 INFO  MetricsConfig:118 - Loaded properties from hadoop-metrics2.properties
datanode_3  | 2019-10-05 03:05:37 INFO  RaftServerConfigKeys:43 - raft.server.log.segment.size.max = 1048576 (custom)
datanode_1  | 2019-10-05 03:05:37 INFO  RaftServerConfigKeys:43 - raft.server.rpc.timeout.min = 5s (custom)
kdc_1       | Oct 05 03:05:18 kdc kadmind[15](info): closing down fd 18
s3g_1       | 20191005/us-west-1/s3/aws4_request
om_1        | 2019-10-05 03:05:34 INFO  DBStoreBuilder:117 - using custom profile for table: s3Table
datanode_2  | 2019-10-05 03:05:36 INFO  RaftServerImpl:103 - 7a7c6d5f-a74a-4490-a8e1-ccc5a24469f9@group-03CEB6FC90C4: ConfigurationManager, init=-1: [7a7c6d5f-a74a-4490-a8e1-ccc5a24469f9:172.18.0.5:9858], old=null, confs=<EMPTY_MAP>
scm_1       | 2019-10-05 03:05:29 INFO  MetricsSystemImpl:374 - Scheduled Metric snapshot period at 10 second(s).
datanode_3  | 2019-10-05 03:05:37 WARN  MetricsSystemImpl:151 - HddsDatanode metrics system already initialized!
datanode_1  | 2019-10-05 03:05:37 INFO  RaftServerConfigKeys:43 - raft.server.rpc.timeout.max = 5200ms (custom)
kdc_1       | Oct 05 03:05:18 kdc kadmind[15](Notice): Request: kadm5_init, admin/admin@EXAMPLE.COM, success, client=admin/admin@EXAMPLE.COM, service=kadmin/admin@EXAMPLE.COM, addr=127.0.0.1, vers=4, flavor=6
s3g_1       | 0ef373523f7007653ca1c58d552152d6441c63cf8a3a1109461bc7fc544b2f16, signature=b29bc86e7a25429168c6fb6c84e40df3c8201f67f223279e3a9518232cb80ce6, awsAccessKeyId=dlfknslnfslf, while invoking $Proxy93.submitRequest over nodeId=null,nodeAddress=om:9862 after 5 failover attempts. Trying to failover immediately.
om_1        | 2019-10-05 03:05:34 INFO  DBStoreBuilder:168 - Using default column profile:DBProfile.DISK for Table:s3Table
datanode_2  | 2019-10-05 03:05:36 INFO  RaftServerConfigKeys:43 - raft.server.storage.dir = [/data/metadata/ratis] (custom)
scm_1       | 2019-10-05 03:05:29 INFO  MetricsSystemImpl:191 - StorageContainerManager metrics system started
datanode_3  | 2019-10-05 03:05:37 INFO  MetricRegistries:64 - Loaded MetricRegistries class org.apache.ratis.metrics.impl.MetricRegistriesImpl
datanode_1  | 2019-10-05 03:05:37 INFO  RaftServerConfigKeys:43 - raft.server.rpcslowness.timeout = 120s (custom)
s3g_1       | 2019-10-05 03:15:04 WARN  Client:755 - Exception encountered while connecting to the server : org.apache.hadoop.ipc.RemoteException(org.apache.hadoop.security.token.SecretManager$InvalidToken): No S3 secret found for S3 identifier:OzoneToken owner=dlfknslnfslf, renewer=, realUser=, issueDate=0, maxDate=0, sequenceNumber=0, masterKeyId=0, strToSign=AWS4-HMAC-SHA256
kdc_1       | Oct 05 03:05:18 kdc kadmind[15](Notice): Request: kadm5_randkey_principal, dn/2f15a050fc1c@EXAMPLE.COM, success, client=admin/admin@EXAMPLE.COM, service=kadmin/admin@EXAMPLE.COM, addr=127.0.0.1
om_1        | 2019-10-05 03:05:34 INFO  DBStoreBuilder:117 - using custom profile for table: multipartInfoTable
datanode_2  | 2019-10-05 03:05:36 INFO  RaftServerConfigKeys:43 - raft.server.log.corruption.policy = EXCEPTION (default)
scm_1       | 2019-10-05 03:05:29 INFO  SCMClientProtocolServer:159 - RPC server for Client  is listening at /0.0.0.0:9860
datanode_3  | 2019-10-05 03:05:37 INFO  RaftServerConfigKeys:43 - raft.server.log.segment.cache.num.max = 2 (custom)
datanode_1  | 2019-10-05 03:05:37 INFO  RaftServerConfigKeys:43 - raft.server.sleep.deviation.threshold = 300 (default)
s3g_1       | 20191005T031503Z
kdc_1       | Oct 05 03:05:18 kdc kadmind[15](Notice): Request: kadm5_get_principal, dn/2f15a050fc1c@EXAMPLE.COM, success, client=admin/admin@EXAMPLE.COM, service=kadmin/admin@EXAMPLE.COM, addr=127.0.0.1
om_1        | 2019-10-05 03:05:34 INFO  DBStoreBuilder:168 - Using default column profile:DBProfile.DISK for Table:multipartInfoTable
datanode_2  | 2019-10-05 03:05:36 INFO  RaftStorageDirectory:246 - The storage directory /data/metadata/ratis/a7e404cd-5617-4ab6-b36e-03ceb6fc90c4 does not exist. Creating ...
datanode_3  | 2019-10-05 03:05:37 INFO  SegmentedRaftLogWorker:173 - new f0a02d64-c629-47ae-8006-4d9ea2b57aee@group-2E1C9D03AA7C-SegmentedRaftLogWorker for RaftStorage:Storage Directory /data/metadata/ratis/f2d6ce8b-0228-46db-bf91-2e1c9d03aa7c
scm_1       | 2019-10-05 03:05:29 INFO  Server:1314 - IPC Server Responder: starting
datanode_1  | 2019-10-05 03:05:37 INFO  RaftServerConfigKeys:43 - raft.server.log.appender.install.snapshot.enabled = false (custom)
s3g_1       | 20191005/us-west-1/s3/aws4_request
kdc_1       | Oct 05 03:05:18 kdc kadmind[15](info): closing down fd 18
om_1        | 2019-10-05 03:05:34 INFO  DBStoreBuilder:117 - using custom profile for table: dTokenTable
datanode_3  | 2019-10-05 03:05:37 INFO  RaftServerConfigKeys:43 - raft.server.log.queue.byte-limit = 2147483647 (custom)
scm_1       | 2019-10-05 03:05:29 INFO  Server:1153 - IPC Server listener on 9860: starting
datanode_2  | 2019-10-05 03:05:36 INFO  RaftStorageDirectory:328 - Lock on /data/metadata/ratis/a7e404cd-5617-4ab6-b36e-03ceb6fc90c4/in_use.lock acquired by nodename 7@2f15a050fc1c
datanode_1  | 2019-10-05 03:05:37 INFO  RaftServerImpl:103 - f8e94c39-873a-44e7-b764-a782028c659a@group-6F1351733DB8: ConfigurationManager, init=-1: [f8e94c39-873a-44e7-b764-a782028c659a:172.18.0.8:9858], old=null, confs=<EMPTY_MAP>
s3g_1       | 0ef373523f7007653ca1c58d552152d6441c63cf8a3a1109461bc7fc544b2f16, signature=b29bc86e7a25429168c6fb6c84e40df3c8201f67f223279e3a9518232cb80ce6, awsAccessKeyId=dlfknslnfslf
kdc_1       | Oct 05 03:05:18 kdc kadmind[15](Notice): Request: kadm5_init, admin/admin@EXAMPLE.COM, success, client=admin/admin@EXAMPLE.COM, service=kadmin/admin@EXAMPLE.COM, addr=127.0.0.1, vers=4, flavor=6
om_1        | 2019-10-05 03:05:34 INFO  DBStoreBuilder:168 - Using default column profile:DBProfile.DISK for Table:dTokenTable
datanode_3  | 2019-10-05 03:05:37 INFO  RaftServerConfigKeys:43 - raft.server.log.queue.element-limit = 1024 (custom)
scm_1       | 2019-10-05 03:05:29 INFO  StorageContainerManager:780 - ScmBlockLocationProtocol RPC server is listening at /0.0.0.0:9863
datanode_2  | 2019-10-05 03:05:36 INFO  RaftStorage:84 - Storage directory /data/metadata/ratis/a7e404cd-5617-4ab6-b36e-03ceb6fc90c4 has been successfully formatted.
datanode_1  | 2019-10-05 03:05:37 INFO  RaftServerConfigKeys:43 - raft.server.storage.dir = [/data/metadata/ratis] (custom)
s3g_1       | 2019-10-05 03:15:04 INFO  RetryInvocationHandler:411 - com.google.protobuf.ServiceException: org.apache.hadoop.ipc.RemoteException(org.apache.hadoop.security.token.SecretManager$InvalidToken): No S3 secret found for S3 identifier:OzoneToken owner=dlfknslnfslf, renewer=, realUser=, issueDate=0, maxDate=0, sequenceNumber=0, masterKeyId=0, strToSign=AWS4-HMAC-SHA256
kdc_1       | Oct 05 03:05:18 kdc kadmind[15](Notice): Request: kadm5_get_policy, default, Policy does not exist, client=admin/admin@EXAMPLE.COM, service=kadmin/admin@EXAMPLE.COM, addr=127.0.0.1
om_1        | 2019-10-05 03:05:34 INFO  DBStoreBuilder:117 - using custom profile for table: s3SecretTable
datanode_3  | 2019-10-05 03:05:37 INFO  RaftServerConfigKeys:43 - raft.server.log.segment.size.max = 1048576 (custom)
scm_1       | 2019-10-05 03:05:29 INFO  SCMBlockProtocolServer:146 - RPC server for Block Protocol is listening at /0.0.0.0:9863
datanode_2  | 2019-10-05 03:05:36 INFO  ContainerStateMachine:231 - group-03CEB6FC90C4: The snapshot info is null. Setting the last applied indexto:(t:0, i:~)
datanode_1  | 2019-10-05 03:05:37 INFO  RaftServerConfigKeys:43 - raft.server.log.corruption.policy = EXCEPTION (default)
s3g_1       | 20191005T031503Z
kdc_1       | Oct 05 03:05:18 kdc kadmind[15](Notice): Request: kadm5_create_principal, dn/scm@EXAMPLE.COM, success, client=admin/admin@EXAMPLE.COM, service=kadmin/admin@EXAMPLE.COM, addr=127.0.0.1
om_1        | 2019-10-05 03:05:34 INFO  DBStoreBuilder:168 - Using default column profile:DBProfile.DISK for Table:s3SecretTable
datanode_3  | 2019-10-05 03:05:37 INFO  RaftServerConfigKeys:43 - raft.server.log.preallocated.size = 16384 (custom)
scm_1       | 2019-10-05 03:05:29 INFO  Server:1314 - IPC Server Responder: starting
datanode_2  | 2019-10-05 03:05:36 INFO  RaftServerConfigKeys:43 - raft.server.notification.no-leader.timeout = 120s (custom)
datanode_1  | 2019-10-05 03:05:37 INFO  RaftStorageDirectory:246 - The storage directory /data/metadata/ratis/c403edc8-87da-4aea-a307-6f1351733db8 does not exist. Creating ...
s3g_1       | 20191005/us-west-1/s3/aws4_request
kdc_1       | Oct 05 03:05:18 kdc kadmind[15](info): closing down fd 18
om_1        | 2019-10-05 03:05:34 INFO  DBStoreBuilder:117 - using custom profile for table: prefixTable
datanode_3  | 2019-10-05 03:05:37 INFO  RaftServerConfigKeys:43 - raft.server.log.write.buffer.size = 33554432 (custom)
scm_1       | 2019-10-05 03:05:29 INFO  Server:1153 - IPC Server listener on 9863: starting
datanode_1  | 2019-10-05 03:05:37 INFO  RaftStorageDirectory:328 - Lock on /data/metadata/ratis/c403edc8-87da-4aea-a307-6f1351733db8/in_use.lock acquired by nodename 7@35e8ccb58470
datanode_2  | 2019-10-05 03:05:36 INFO  RaftServerConfigKeys:43 - raft.server.log.use.memory = false (default)
s3g_1       | 0ef373523f7007653ca1c58d552152d6441c63cf8a3a1109461bc7fc544b2f16, signature=b29bc86e7a25429168c6fb6c84e40df3c8201f67f223279e3a9518232cb80ce6, awsAccessKeyId=dlfknslnfslf, while invoking $Proxy93.submitRequest over nodeId=null,nodeAddress=om:9862 after 6 failover attempts. Trying to failover immediately.
kdc_1       | Oct 05 03:05:18 kdc kadmind[15](Notice): Request: kadm5_init, admin/admin@EXAMPLE.COM, success, client=admin/admin@EXAMPLE.COM, service=kadmin/admin@EXAMPLE.COM, addr=127.0.0.1, vers=4, flavor=6
om_1        | 2019-10-05 03:05:34 INFO  DBStoreBuilder:168 - Using default column profile:DBProfile.DISK for Table:prefixTable
datanode_3  | 2019-10-05 03:05:37 INFO  RaftServerConfigKeys:43 - raft.server.log.force.sync.num = 128 (default)
scm_1       | 2019-10-05 03:05:29 INFO  StorageContainerManager:784 - ScmDatanodeProtocl RPC server is listening at /0.0.0.0:9861
datanode_1  | 2019-10-05 03:05:37 INFO  RaftStorage:84 - Storage directory /data/metadata/ratis/c403edc8-87da-4aea-a307-6f1351733db8 has been successfully formatted.
datanode_2  | 2019-10-05 03:05:36 INFO  RaftServerConfigKeys:43 - raft.server.log.purge.gap = 1000000 (custom)
s3g_1       | 2019-10-05 03:15:04 WARN  Client:755 - Exception encountered while connecting to the server : org.apache.hadoop.ipc.RemoteException(org.apache.hadoop.security.token.SecretManager$InvalidToken): No S3 secret found for S3 identifier:OzoneToken owner=dlfknslnfslf, renewer=, realUser=, issueDate=0, maxDate=0, sequenceNumber=0, masterKeyId=0, strToSign=AWS4-HMAC-SHA256
kdc_1       | Oct 05 03:05:18 kdc kadmind[15](Notice): Request: kadm5_randkey_principal, dn/scm@EXAMPLE.COM, success, client=admin/admin@EXAMPLE.COM, service=kadmin/admin@EXAMPLE.COM, addr=127.0.0.1
om_1        | 2019-10-05 03:05:34 INFO  DBStoreBuilder:117 - using custom profile for table: default
scm_1       | 2019-10-05 03:05:29 INFO  SCMDatanodeProtocolServer:169 - RPC server for DataNodes is listening at /0.0.0.0:9861
datanode_3  | 2019-10-05 03:05:37 INFO  RaftServerConfigKeys:43 - raft.server.log.statemachine.data.sync = true (default)
datanode_1  | 2019-10-05 03:05:37 INFO  ContainerStateMachine:231 - group-6F1351733DB8: The snapshot info is null. Setting the last applied indexto:(t:0, i:~)
datanode_2  | 2019-10-05 03:05:36 INFO  RaftServerConfigKeys:43 - raft.server.log.appender.buffer.byte-limit = 33554432 (custom)
s3g_1       | 20191005T031503Z
kdc_1       | Oct 05 03:05:18 kdc kadmind[15](Notice): Request: kadm5_get_principal, dn/scm@EXAMPLE.COM, success, client=admin/admin@EXAMPLE.COM, service=kadmin/admin@EXAMPLE.COM, addr=127.0.0.1
om_1        | 2019-10-05 03:05:34 INFO  DBStoreBuilder:174 - Using default column profile:DBProfile.DISK for Table:default
scm_1       | 2019-10-05 03:05:29 INFO  Server:1314 - IPC Server Responder: starting
datanode_3  | 2019-10-05 03:05:37 INFO  RaftServerConfigKeys:43 - raft.server.log.statemachine.data.sync.timeout = 10s (default)
datanode_1  | 2019-10-05 03:05:37 INFO  RaftServerConfigKeys:43 - raft.server.notification.no-leader.timeout = 120s (custom)
datanode_2  | 2019-10-05 03:05:36 INFO  RaftServerConfigKeys:43 - raft.server.log.segment.size.max = 1048576 (custom)
s3g_1       | 20191005/us-west-1/s3/aws4_request
kdc_1       | Entry for principal dn/scm@EXAMPLE.COM with kvno 2, encryption type aes256-cts-hmac-sha1-96 added to keytab WRFILE:/data/dn.scm.keytab.
om_1        | 2019-10-05 03:05:34 INFO  DBStoreBuilder:205 - Using default options. DBProfile.DISK
scm_1       | 2019-10-05 03:05:29 INFO  Server:1153 - IPC Server listener on 9861: starting
datanode_3  | 2019-10-05 03:05:37 INFO  RaftServerConfigKeys:43 - raft.server.log.statemachine.data.sync.timeout.retry = -1 (default)
datanode_1  | 2019-10-05 03:05:37 INFO  RaftServerConfigKeys:43 - raft.server.log.use.memory = false (default)
datanode_2  | 2019-10-05 03:05:36 WARN  MetricsSystemImpl:151 - HddsDatanode metrics system already initialized!
s3g_1       | 0ef373523f7007653ca1c58d552152d6441c63cf8a3a1109461bc7fc544b2f16, signature=b29bc86e7a25429168c6fb6c84e40df3c8201f67f223279e3a9518232cb80ce6, awsAccessKeyId=dlfknslnfslf
om_1        | 2019-10-05 03:05:34 INFO  deprecation:1394 - No unit for ozone.manager.delegation.remover.scan.interval(3600000) assuming MILLISECONDS
scm_1       | 2019-10-05 03:05:29 INFO  SCMClientProtocolServer:204 - Starting RPC server for SCMSecurityProtocolServer. is listening at /0.0.0.0:9961
kdc_1       | Entry for principal dn/scm@EXAMPLE.COM with kvno 2, encryption type aes128-cts-hmac-sha1-96 added to keytab WRFILE:/data/dn.scm.keytab.
datanode_1  | 2019-10-05 03:05:37 INFO  RaftServerConfigKeys:43 - raft.server.log.purge.gap = 1000000 (custom)
datanode_2  | 2019-10-05 03:05:36 INFO  MetricRegistries:64 - Loaded MetricRegistries class org.apache.ratis.metrics.impl.MetricRegistriesImpl
s3g_1       | 2019-10-05 03:15:04 INFO  RetryInvocationHandler:411 - com.google.protobuf.ServiceException: org.apache.hadoop.ipc.RemoteException(org.apache.hadoop.security.token.SecretManager$InvalidToken): No S3 secret found for S3 identifier:OzoneToken owner=dlfknslnfslf, renewer=, realUser=, issueDate=0, maxDate=0, sequenceNumber=0, masterKeyId=0, strToSign=AWS4-HMAC-SHA256
om_1        | 2019-10-05 03:05:34 INFO  OzoneSecretStore:69 - Loaded 0 tokens
datanode_3  | 2019-10-05 03:05:37 INFO  RaftServerConfigKeys:43 - raft.server.log.statemachine.data.caching.enabled = true (custom)
scm_1       | 2019-10-05 03:05:29 INFO  Server:1314 - IPC Server Responder: starting
kdc_1       | Generiting keytab
datanode_1  | 2019-10-05 03:05:37 INFO  RaftServerConfigKeys:43 - raft.server.log.appender.buffer.byte-limit = 33554432 (custom)
datanode_2  | 2019-10-05 03:05:36 INFO  RaftServerConfigKeys:43 - raft.server.log.segment.cache.num.max = 2 (custom)
s3g_1       | 20191005T031503Z
om_1        | 2019-10-05 03:05:34 INFO  OzoneDelegationTokenSecretManager:424 - Loading token state into token manager.
datanode_3  | 2019-10-05 03:05:37 INFO  SegmentedRaftLogWorker:128 - f0a02d64-c629-47ae-8006-4d9ea2b57aee@group-2E1C9D03AA7C-SegmentedRaftLogWorker: flushIndex: setUnconditionally 0 -> -1
scm_1       | 2019-10-05 03:05:29 INFO  Server:1153 - IPC Server listener on 9961: starting
kdc_1       | Authenticating as principal admin/admin with keytab /tmp/admin.keytab.
datanode_1  | 2019-10-05 03:05:37 INFO  RaftServerConfigKeys:43 - raft.server.log.segment.size.max = 1048576 (custom)
datanode_2  | 2019-10-05 03:05:36 INFO  SegmentedRaftLogWorker:173 - new 7a7c6d5f-a74a-4490-a8e1-ccc5a24469f9@group-03CEB6FC90C4-SegmentedRaftLogWorker for RaftStorage:Storage Directory /data/metadata/ratis/a7e404cd-5617-4ab6-b36e-03ceb6fc90c4
s3g_1       | 20191005/us-west-1/s3/aws4_request
datanode_3  | 2019-10-05 03:05:37 INFO  RaftServerConfigKeys:43 - raft.server.snapshot.auto.trigger.enabled = true (custom)
om_1        | 2019-10-05 03:05:35 INFO  CallQueueManager:84 - Using callQueue: class java.util.concurrent.LinkedBlockingQueue, queueCapacity: 2000, scheduler: class org.apache.hadoop.ipc.DefaultRpcScheduler, ipcBackoff: false.
scm_1       | 2019-10-05 03:05:29 DEBUG HttpServer2:1273 - opening listeners: [ServerConnector@3a479fda{HTTP/1.1,[http/1.1]}{0.0.0.0:9876}]
kdc_1       | WARNING: no policy specified for dn/35e8ccb58470@EXAMPLE.COM; defaulting to no policy
datanode_1  | 2019-10-05 03:05:37 WARN  MetricsSystemImpl:151 - HddsDatanode metrics system already initialized!
datanode_2  | 2019-10-05 03:05:36 INFO  RaftServerConfigKeys:43 - raft.server.log.queue.byte-limit = 2147483647 (custom)
s3g_1       | 0ef373523f7007653ca1c58d552152d6441c63cf8a3a1109461bc7fc544b2f16, signature=b29bc86e7a25429168c6fb6c84e40df3c8201f67f223279e3a9518232cb80ce6, awsAccessKeyId=dlfknslnfslf, while invoking $Proxy93.submitRequest over nodeId=null,nodeAddress=om:9862 after 7 failover attempts. Trying to failover immediately.
datanode_3  | 2019-10-05 03:05:37 INFO  RaftServerConfigKeys:43 - raft.server.snapshot.auto.trigger.threshold = 10000 (custom)
om_1        | 2019-10-05 03:05:35 INFO  Server:1074 - Starting Socket Reader #1 for port 9862
scm_1       | 2019-10-05 03:05:29 INFO  HttpServer2:1191 - Jetty bound to port 9876
datanode_1  | 2019-10-05 03:05:37 INFO  MetricRegistries:64 - Loaded MetricRegistries class org.apache.ratis.metrics.impl.MetricRegistriesImpl
datanode_2  | 2019-10-05 03:05:36 INFO  RaftServerConfigKeys:43 - raft.server.log.queue.element-limit = 1024 (custom)
s3g_1       | 2019-10-05 03:15:04 WARN  Client:755 - Exception encountered while connecting to the server : org.apache.hadoop.ipc.RemoteException(org.apache.hadoop.security.token.SecretManager$InvalidToken): No S3 secret found for S3 identifier:OzoneToken owner=dlfknslnfslf, renewer=, realUser=, issueDate=0, maxDate=0, sequenceNumber=0, masterKeyId=0, strToSign=AWS4-HMAC-SHA256
datanode_3  | 2019-10-05 03:05:37 INFO  RaftServerConfigKeys:43 - raft.server.snapshot.retention.file.num = 5 (custom)
kdc_1       | Principal "dn/35e8ccb58470@EXAMPLE.COM" created.
om_1        | 2019-10-05 03:05:35 INFO  OzoneManager:1069 - OzoneManager RPC server is listening at om/172.18.0.7:9862
scm_1       | 2019-10-05 03:05:29 INFO  Server:351 - jetty-9.3.25.v20180904, build timestamp: 2018-09-04T21:11:46Z, git hash: 3ce520221d0240229c862b122d2b06c12a625732
datanode_1  | 2019-10-05 03:05:37 INFO  RaftServerConfigKeys:43 - raft.server.log.segment.cache.num.max = 2 (custom)
datanode_2  | 2019-10-05 03:05:36 INFO  RaftServerConfigKeys:43 - raft.server.log.segment.size.max = 1048576 (custom)
s3g_1       | 20191005T031503Z
datanode_3  | 2019-10-05 03:05:37 INFO  RaftServerConfigKeys:43 - raft.server.retrycache.expirytime = 600000ms (custom)
kdc_1       | Authenticating as principal admin/admin with keytab /tmp/admin.keytab.
scm_1       | 2019-10-05 03:05:30 INFO  AuthenticationFilter:240 - Unable to initialize FileSignerSecretProvider, falling back to use random secrets.
datanode_1  | 2019-10-05 03:05:37 INFO  SegmentedRaftLogWorker:173 - new f8e94c39-873a-44e7-b764-a782028c659a@group-6F1351733DB8-SegmentedRaftLogWorker for RaftStorage:Storage Directory /data/metadata/ratis/c403edc8-87da-4aea-a307-6f1351733db8
datanode_2  | 2019-10-05 03:05:36 INFO  RaftServerConfigKeys:43 - raft.server.log.preallocated.size = 16384 (custom)
s3g_1       | 20191005/us-west-1/s3/aws4_request
datanode_3  | 2019-10-05 03:05:37 INFO  RaftServerImpl:181 - f0a02d64-c629-47ae-8006-4d9ea2b57aee@group-2E1C9D03AA7C: start as a follower, conf=-1: [f0a02d64-c629-47ae-8006-4d9ea2b57aee:172.18.0.9:9858], old=null
kdc_1       | Entry for principal dn/35e8ccb58470@EXAMPLE.COM with kvno 2, encryption type aes256-cts-hmac-sha1-96 added to keytab WRFILE:/data/dn.35e8ccb58470.keytab.
scm_1       | 2019-10-05 03:05:30 INFO  KerberosAuthenticationHandler:164 - Using keytab /etc/security/keytabs/HTTP.keytab, for principal HTTP/scm@EXAMPLE.COM
om_1        | 2019-10-05 03:05:35 INFO  MetricsConfig:118 - Loaded properties from hadoop-metrics2.properties
datanode_1  | 2019-10-05 03:05:37 INFO  RaftServerConfigKeys:43 - raft.server.log.queue.byte-limit = 2147483647 (custom)
datanode_2  | 2019-10-05 03:05:36 INFO  RaftServerConfigKeys:43 - raft.server.log.write.buffer.size = 33554432 (custom)
datanode_3  | 2019-10-05 03:05:37 INFO  RaftServerImpl:170 - f0a02d64-c629-47ae-8006-4d9ea2b57aee@group-2E1C9D03AA7C: changes role from      null to FOLLOWER at term 0 for startAsFollower
scm_1       | 2019-10-05 03:05:30 INFO  ContextHandler:781 - Started o.e.j.s.ServletContextHandler@4d1ff6b1{/logs,file:///var/log/hadoop/,AVAILABLE}
kdc_1       | Entry for principal dn/35e8ccb58470@EXAMPLE.COM with kvno 2, encryption type aes128-cts-hmac-sha1-96 added to keytab WRFILE:/data/dn.35e8ccb58470.keytab.
s3g_1       | 0ef373523f7007653ca1c58d552152d6441c63cf8a3a1109461bc7fc544b2f16, signature=b29bc86e7a25429168c6fb6c84e40df3c8201f67f223279e3a9518232cb80ce6, awsAccessKeyId=dlfknslnfslf
om_1        | 2019-10-05 03:05:35 INFO  MetricsSystemImpl:374 - Scheduled Metric snapshot period at 10 second(s).
datanode_1  | 2019-10-05 03:05:37 INFO  RaftServerConfigKeys:43 - raft.server.log.queue.element-limit = 1024 (custom)
datanode_2  | 2019-10-05 03:05:36 INFO  RaftServerConfigKeys:43 - raft.server.log.force.sync.num = 128 (default)
datanode_3  | 2019-10-05 03:05:37 INFO  RoleInfo:143 - f0a02d64-c629-47ae-8006-4d9ea2b57aee: start FollowerState
kdc_1       | Generiting keytab
s3g_1       | 2019-10-05 03:15:04 INFO  RetryInvocationHandler:411 - com.google.protobuf.ServiceException: org.apache.hadoop.ipc.RemoteException(org.apache.hadoop.security.token.SecretManager$InvalidToken): No S3 secret found for S3 identifier:OzoneToken owner=dlfknslnfslf, renewer=, realUser=, issueDate=0, maxDate=0, sequenceNumber=0, masterKeyId=0, strToSign=AWS4-HMAC-SHA256
scm_1       | 2019-10-05 03:05:30 INFO  ContextHandler:781 - Started o.e.j.s.ServletContextHandler@49d30c6f{/static,jar:file:/opt/hadoop/share/ozone/lib/hadoop-hdds-server-scm-0.5.0-SNAPSHOT.jar!/webapps/static,AVAILABLE}
om_1        | 2019-10-05 03:05:35 INFO  MetricsSystemImpl:191 - OzoneManager metrics system started
datanode_1  | 2019-10-05 03:05:37 INFO  RaftServerConfigKeys:43 - raft.server.log.segment.size.max = 1048576 (custom)
datanode_3  | 2019-10-05 03:05:37 INFO  JmxRegister:44 - Successfully registered JMX Bean with object name Ratis:service=RaftServer,group=group-2E1C9D03AA7C,id=f0a02d64-c629-47ae-8006-4d9ea2b57aee
datanode_2  | 2019-10-05 03:05:36 INFO  RaftServerConfigKeys:43 - raft.server.log.statemachine.data.sync = true (default)
kdc_1       | Authenticating as principal admin/admin with keytab /tmp/admin.keytab.
om_1        | 2019-10-05 03:05:35 INFO  OzoneManager:713 - Reading keypair and certificate from file system.
datanode_1  | 2019-10-05 03:05:37 INFO  RaftServerConfigKeys:43 - raft.server.log.preallocated.size = 16384 (custom)
s3g_1       | 20191005T031503Z
scm_1       | 2019-10-05 03:05:30 INFO  KerberosAuthenticationHandler:164 - Using keytab /etc/security/keytabs/HTTP.keytab, for principal HTTP/scm@EXAMPLE.COM
datanode_3  | 2019-10-05 03:05:37 INFO  RaftServerProxy:89 - f0a02d64-c629-47ae-8006-4d9ea2b57aee: addNew group-7F2D22249509:[f8e94c39-873a-44e7-b764-a782028c659a:172.18.0.8:9858, 7a7c6d5f-a74a-4490-a8e1-ccc5a24469f9:172.18.0.5:9858, f0a02d64-c629-47ae-8006-4d9ea2b57aee:172.18.0.9:9858] returns group-7F2D22249509:java.util.concurrent.CompletableFuture@3bc4a2df[Not completed]
datanode_2  | 2019-10-05 03:05:36 INFO  RaftServerConfigKeys:43 - raft.server.log.statemachine.data.sync.timeout = 10s (default)
kdc_1       | WARNING: no policy specified for dn/01a9fa5a7d09@EXAMPLE.COM; defaulting to no policy
om_1        | 2019-10-05 03:05:35 INFO  OzoneManager:679 - Starting OM block token secret manager
datanode_1  | 2019-10-05 03:05:37 INFO  RaftServerConfigKeys:43 - raft.server.log.write.buffer.size = 33554432 (custom)
scm_1       | 2019-10-05 03:05:30 INFO  ContextHandler:781 - Started o.e.j.w.WebAppContext@7c40ffef{/,file:///tmp/jetty-0.0.0.0-9876-scm-_-any-3196104660086097949.dir/webapp/,AVAILABLE}{/scm}
datanode_3  | 2019-10-05 03:05:37 INFO  RaftServerImpl:95 - f0a02d64-c629-47ae-8006-4d9ea2b57aee: new RaftServerImpl for group-7F2D22249509:[f8e94c39-873a-44e7-b764-a782028c659a:172.18.0.8:9858, 7a7c6d5f-a74a-4490-a8e1-ccc5a24469f9:172.18.0.5:9858, f0a02d64-c629-47ae-8006-4d9ea2b57aee:172.18.0.9:9858] with ContainerStateMachine:uninitialized
datanode_2  | 2019-10-05 03:05:36 INFO  RaftServerConfigKeys:43 - raft.server.log.statemachine.data.sync.timeout.retry = -1 (default)
s3g_1       | 20191005/us-west-1/s3/aws4_request
kdc_1       | Principal "dn/01a9fa5a7d09@EXAMPLE.COM" created.
om_1        | 2019-10-05 03:05:35 INFO  OzoneBlockTokenSecretManager:168 - Updating the current master key for generating tokens
datanode_1  | 2019-10-05 03:05:37 INFO  RaftServerConfigKeys:43 - raft.server.log.force.sync.num = 128 (default)
scm_1       | 2019-10-05 03:05:30 INFO  Server:1849 - Auth successful for om/om@EXAMPLE.COM (auth:KERBEROS)
datanode_3  | 2019-10-05 03:05:37 INFO  RaftServerConfigKeys:43 - raft.server.rpc.timeout.min = 5s (custom)
datanode_2  | 2019-10-05 03:05:36 INFO  RaftServerConfigKeys:43 - raft.server.log.statemachine.data.caching.enabled = true (custom)
s3g_1       | 0ef373523f7007653ca1c58d552152d6441c63cf8a3a1109461bc7fc544b2f16, signature=b29bc86e7a25429168c6fb6c84e40df3c8201f67f223279e3a9518232cb80ce6, awsAccessKeyId=dlfknslnfslf, while invoking $Proxy93.submitRequest over nodeId=null,nodeAddress=om:9862 after 8 failover attempts. Trying to failover immediately.
kdc_1       | Authenticating as principal admin/admin with keytab /tmp/admin.keytab.
datanode_1  | 2019-10-05 03:05:37 INFO  RaftServerConfigKeys:43 - raft.server.log.statemachine.data.sync = true (default)
om_1        | 2019-10-05 03:05:35 INFO  OzoneManager:690 - Starting OM delegation token secret manager
scm_1       | 2019-10-05 03:05:30 INFO  AbstractConnector:278 - Started ServerConnector@3a479fda{HTTP/1.1,[http/1.1]}{0.0.0.0:9876}
datanode_3  | 2019-10-05 03:05:37 INFO  RaftServerConfigKeys:43 - raft.server.rpc.timeout.max = 5200ms (custom)
datanode_2  | 2019-10-05 03:05:36 INFO  SegmentedRaftLogWorker:128 - 7a7c6d5f-a74a-4490-a8e1-ccc5a24469f9@group-03CEB6FC90C4-SegmentedRaftLogWorker: flushIndex: setUnconditionally 0 -> -1
s3g_1       | 2019-10-05 03:15:04 WARN  Client:755 - Exception encountered while connecting to the server : org.apache.hadoop.ipc.RemoteException(org.apache.hadoop.security.token.SecretManager$InvalidToken): No S3 secret found for S3 identifier:OzoneToken owner=dlfknslnfslf, renewer=, realUser=, issueDate=0, maxDate=0, sequenceNumber=0, masterKeyId=0, strToSign=AWS4-HMAC-SHA256
kdc_1       | Entry for principal dn/01a9fa5a7d09@EXAMPLE.COM with kvno 2, encryption type aes256-cts-hmac-sha1-96 added to keytab WRFILE:/data/dn.01a9fa5a7d09.keytab.
datanode_1  | 2019-10-05 03:05:37 INFO  RaftServerConfigKeys:43 - raft.server.log.statemachine.data.sync.timeout = 10s (default)
om_1        | 2019-10-05 03:05:35 INFO  OzoneDelegationTokenSecretManager:168 - Updating the current master key for generating tokens
scm_1       | 2019-10-05 03:05:30 INFO  Server:419 - Started @4973ms
datanode_3  | 2019-10-05 03:05:37 INFO  RaftServerConfigKeys:43 - raft.server.rpcslowness.timeout = 120s (custom)
datanode_2  | 2019-10-05 03:05:36 INFO  RaftServerConfigKeys:43 - raft.server.snapshot.auto.trigger.enabled = true (custom)
s3g_1       | 20191005T031503Z
kdc_1       | Entry for principal dn/01a9fa5a7d09@EXAMPLE.COM with kvno 2, encryption type aes128-cts-hmac-sha1-96 added to keytab WRFILE:/data/dn.01a9fa5a7d09.keytab.
datanode_1  | 2019-10-05 03:05:37 INFO  RaftServerConfigKeys:43 - raft.server.log.statemachine.data.sync.timeout.retry = -1 (default)
om_1        | 2019-10-05 03:05:35 INFO  OzoneDelegationTokenSecretManager:529 - Starting expired delegation token remover thread, tokenRemoverScanInterval=60 min(s)
scm_1       | 2019-10-05 03:05:30 INFO  Server:1849 - Auth successful for dn/2f15a050fc1c@EXAMPLE.COM (auth:KERBEROS)
datanode_3  | 2019-10-05 03:05:37 INFO  RaftServerConfigKeys:43 - raft.server.sleep.deviation.threshold = 300 (default)
datanode_2  | 2019-10-05 03:05:36 INFO  RaftServerConfigKeys:43 - raft.server.snapshot.auto.trigger.threshold = 10000 (custom)
s3g_1       | 20191005/us-west-1/s3/aws4_request
kdc_1       | Generiting keytab
datanode_1  | 2019-10-05 03:05:37 INFO  RaftServerConfigKeys:43 - raft.server.log.statemachine.data.caching.enabled = true (custom)
om_1        | 2019-10-05 03:05:35 INFO  Server:1314 - IPC Server Responder: starting
scm_1       | 2019-10-05 03:05:30 INFO  MetricsSinkAdapter:204 - Sink prometheus started
datanode_3  | 2019-10-05 03:05:37 INFO  RaftServerConfigKeys:43 - raft.server.log.appender.install.snapshot.enabled = false (custom)
datanode_2  | 2019-10-05 03:05:36 INFO  RaftServerConfigKeys:43 - raft.server.snapshot.retention.file.num = 5 (custom)
s3g_1       | 0ef373523f7007653ca1c58d552152d6441c63cf8a3a1109461bc7fc544b2f16, signature=b29bc86e7a25429168c6fb6c84e40df3c8201f67f223279e3a9518232cb80ce6, awsAccessKeyId=dlfknslnfslf
datanode_1  | 2019-10-05 03:05:37 INFO  SegmentedRaftLogWorker:128 - f8e94c39-873a-44e7-b764-a782028c659a@group-6F1351733DB8-SegmentedRaftLogWorker: flushIndex: setUnconditionally 0 -> -1
kdc_1       | Authenticating as principal admin/admin with keytab /tmp/admin.keytab.
om_1        | 2019-10-05 03:05:35 INFO  Server:1153 - IPC Server listener on 9862: starting
scm_1       | 2019-10-05 03:05:30 INFO  MetricsSystemImpl:301 - Registered sink prometheus
datanode_3  | 2019-10-05 03:05:37 INFO  RaftServerImpl:103 - f0a02d64-c629-47ae-8006-4d9ea2b57aee@group-7F2D22249509: ConfigurationManager, init=-1: [f8e94c39-873a-44e7-b764-a782028c659a:172.18.0.8:9858, 7a7c6d5f-a74a-4490-a8e1-ccc5a24469f9:172.18.0.5:9858, f0a02d64-c629-47ae-8006-4d9ea2b57aee:172.18.0.9:9858], old=null, confs=<EMPTY_MAP>
datanode_2  | 2019-10-05 03:05:36 INFO  RaftServerConfigKeys:43 - raft.server.retrycache.expirytime = 600000ms (custom)
s3g_1       | 2019-10-05 03:15:04 INFO  RetryInvocationHandler:411 - com.google.protobuf.ServiceException: org.apache.hadoop.ipc.RemoteException(org.apache.hadoop.security.token.SecretManager$InvalidToken): No S3 secret found for S3 identifier:OzoneToken owner=dlfknslnfslf, renewer=, realUser=, issueDate=0, maxDate=0, sequenceNumber=0, masterKeyId=0, strToSign=AWS4-HMAC-SHA256
datanode_1  | 2019-10-05 03:05:37 INFO  RaftServerConfigKeys:43 - raft.server.snapshot.auto.trigger.enabled = true (custom)
kdc_1       | WARNING: no policy specified for dn/om@EXAMPLE.COM; defaulting to no policy
om_1        | 2019-10-05 03:05:35 INFO  DFSUtil:1629 - Starting web server as: HTTP/om@EXAMPLE.COM
scm_1       | 2019-10-05 03:05:30 INFO  Server:1849 - Auth successful for dn/01a9fa5a7d09@EXAMPLE.COM (auth:KERBEROS)
datanode_2  | 2019-10-05 03:05:36 INFO  RaftServerImpl:181 - 7a7c6d5f-a74a-4490-a8e1-ccc5a24469f9@group-03CEB6FC90C4: start as a follower, conf=-1: [7a7c6d5f-a74a-4490-a8e1-ccc5a24469f9:172.18.0.5:9858], old=null
datanode_3  | 2019-10-05 03:05:37 INFO  RaftServerConfigKeys:43 - raft.server.storage.dir = [/data/metadata/ratis] (custom)
s3g_1       | 20191005T031503Z
datanode_1  | 2019-10-05 03:05:37 INFO  RaftServerConfigKeys:43 - raft.server.snapshot.auto.trigger.threshold = 10000 (custom)
kdc_1       | Principal "dn/om@EXAMPLE.COM" created.
om_1        | 2019-10-05 03:05:35 INFO  DFSUtil:1641 - Starting Web-server for ozoneManager at: http://0.0.0.0:9874
scm_1       | 2019-10-05 03:05:30 INFO  BaseHttpServer:215 - HTTP server of SCM is listening at http://0.0.0.0:9876
datanode_2  | 2019-10-05 03:05:36 INFO  RaftServerImpl:170 - 7a7c6d5f-a74a-4490-a8e1-ccc5a24469f9@group-03CEB6FC90C4: changes role from      null to FOLLOWER at term 0 for startAsFollower
datanode_3  | 2019-10-05 03:05:37 INFO  RaftServerConfigKeys:43 - raft.server.log.corruption.policy = EXCEPTION (default)
s3g_1       | 20191005/us-west-1/s3/aws4_request
datanode_1  | 2019-10-05 03:05:37 INFO  RaftServerConfigKeys:43 - raft.server.snapshot.retention.file.num = 5 (custom)
om_1        | 2019-10-05 03:05:35 INFO  AuthenticationFilter:240 - Unable to initialize FileSignerSecretProvider, falling back to use random secrets.
kdc_1       | Authenticating as principal admin/admin with keytab /tmp/admin.keytab.
scm_1       | 2019-10-05 03:05:30 INFO  Server:1849 - Auth successful for dn/35e8ccb58470@EXAMPLE.COM (auth:KERBEROS)
datanode_2  | 2019-10-05 03:05:36 INFO  RoleInfo:143 - 7a7c6d5f-a74a-4490-a8e1-ccc5a24469f9: start FollowerState
datanode_3  | 2019-10-05 03:05:37 INFO  RaftStorageDirectory:246 - The storage directory /data/metadata/ratis/72462ef0-04ed-4950-b815-7f2d22249509 does not exist. Creating ...
