om_1          | 2019-10-18 06:49:23,927 INFO server.BaseHttpServer: HTTP server of OZONEMANAGER is listening at http://0.0.0.0:9874
scm_1         | WARNING: All illegal access operations will be denied in a future release
datanode_1    | 2019-10-18 06:49:21,599 INFO server.RaftServerConfigKeys: raft.server.log.statemachine.data.sync.timeout.retry = -1 (default)
datanode_3    | 2019-10-18 06:49:22,399 INFO impl.RaftServerImpl: a7894b2c-a81e-44ae-9933-4078e65642cd@group-05A40F66621D: change Leader from null to a7894b2c-a81e-44ae-9933-4078e65642cd at term 1 for becomeLeader, leader elected after 285ms
freon_1       | 2019-10-18 06:49:44,357 [pool-2-thread-3] INFO       - Creating Bucket: vol-8-13065/bucket-6-21984, with Versioning false and Storage Type set to DISK and Encryption set to false 
grafana_1     | t=2019-10-18T06:49:12+0000 lvl=info msg="Executing migration" logger=migrator id="create dashboard_provisioning v2"
datanode_2    | 2019-10-18 06:49:22,709 INFO segmented.SegmentedRaftLogWorker: c9dc481f-cee0-4d83-9619-e53519322a34@group-A55CCB4CDF0A-SegmentedRaftLogWorker: flushIndex: setUnconditionally 0 -> -1
om_1          | 2019-10-18 06:49:38,310 [IPC Server handler 1 on 9862] INFO       - created volume:vol-0-12107 for user:hadoop
scm_1         | 2019-10-18 06:49:21,436 INFO net.NetworkTopology: Added a new node: /default-rack/c9dc481f-cee0-4d83-9619-e53519322a34
datanode_1    | 2019-10-18 06:49:21,610 INFO server.RaftServerConfigKeys: raft.server.log.statemachine.data.caching.enabled = true (custom)
datanode_3    | 2019-10-18 06:49:22,404 INFO server.RaftServerConfigKeys: raft.server.staging.catchup.gap = 1000 (default)
freon_1       | 2019-10-18 06:49:44,359 [pool-2-thread-6] INFO       - Creating Bucket: vol-9-71286/bucket-6-53570, with Versioning false and Storage Type set to DISK and Encryption set to false 
grafana_1     | t=2019-10-18T06:49:12+0000 lvl=info msg="Executing migration" logger=migrator id="create index IDX_dashboard_provisioning_dashboard_id - v2"
om_1          | 2019-10-18 06:49:38,341 [IPC Server handler 3 on 9862] INFO       - created volume:vol-1-10183 for user:hadoop
datanode_2    | 2019-10-18 06:49:22,715 INFO server.RaftServerConfigKeys: raft.server.snapshot.auto.trigger.enabled = true (custom)
scm_1         | 2019-10-18 06:49:21,436 INFO node.SCMNodeManager: Registered Data node : c9dc481f-cee0-4d83-9619-e53519322a34{ip: 172.18.0.8, host: ozoneperf_datanode_2.ozoneperf_default, networkLocation: /default-rack, certSerialId: null}
datanode_1    | 2019-10-18 06:49:21,614 INFO segmented.SegmentedRaftLogWorker: 46a9905c-819d-4608-bc81-395a7e22d3ce@group-8C13C6307DF2-SegmentedRaftLogWorker: flushIndex: setUnconditionally 0 -> -1
datanode_3    | 2019-10-18 06:49:22,404 INFO server.RaftServerConfigKeys: raft.server.rpc.sleep.time = 25ms (default)
freon_1       | 2019-10-18 06:49:44,360 [pool-2-thread-4] INFO       - Creating Bucket: vol-0-38418/bucket-7-96054, with Versioning false and Storage Type set to DISK and Encryption set to false 
grafana_1     | t=2019-10-18T06:49:12+0000 lvl=info msg="Executing migration" logger=migrator id="create index IDX_dashboard_provisioning_dashboard_id_name - v2"
om_1          | 2019-10-18 06:49:38,352 [IPC Server handler 0 on 9862] INFO       - created volume:vol-2-17635 for user:hadoop
datanode_2    | 2019-10-18 06:49:22,717 INFO server.RaftServerConfigKeys: raft.server.snapshot.auto.trigger.threshold = 10000 (custom)
scm_1         | 2019-10-18 06:49:21,470 INFO net.NetworkTopology: Added a new node: /default-rack/a7894b2c-a81e-44ae-9933-4078e65642cd
datanode_1    | 2019-10-18 06:49:21,618 INFO server.RaftServerConfigKeys: raft.server.snapshot.auto.trigger.enabled = true (custom)
datanode_3    | 2019-10-18 06:49:22,408 INFO server.RaftServerConfigKeys: raft.server.write.element-limit = 4096 (default)
freon_1       | 2019-10-18 06:49:44,360 [pool-2-thread-10] INFO       - Creating Bucket: vol-1-06408/bucket-7-97650, with Versioning false and Storage Type set to DISK and Encryption set to false 
grafana_1     | t=2019-10-18T06:49:12+0000 lvl=info msg="Executing migration" logger=migrator id="copy dashboard_provisioning v1 to v2"
datanode_2    | 2019-10-18 06:49:22,717 INFO server.RaftServerConfigKeys: raft.server.snapshot.retention.file.num = 5 (custom)
om_1          | 2019-10-18 06:49:38,364 [IPC Server handler 5 on 9862] INFO       - created volume:vol-3-49320 for user:hadoop
scm_1         | 2019-10-18 06:49:21,471 INFO node.SCMNodeManager: Registered Data node : a7894b2c-a81e-44ae-9933-4078e65642cd{ip: 172.18.0.11, host: ozoneperf_datanode_3.ozoneperf_default, networkLocation: /default-rack, certSerialId: null}
datanode_1    | 2019-10-18 06:49:21,619 INFO server.RaftServerConfigKeys: raft.server.snapshot.auto.trigger.threshold = 10000 (custom)
datanode_3    | 2019-10-18 06:49:22,411 INFO server.RaftServerConfigKeys: raft.server.watch.timeout = 10s (default)
grafana_1     | t=2019-10-18T06:49:12+0000 lvl=info msg="Executing migration" logger=migrator id="drop dashboard_provisioning_tmp_qwerty"
datanode_2    | 2019-10-18 06:49:22,718 INFO server.RaftServerConfigKeys: raft.server.retrycache.expirytime = 600000ms (custom)
freon_1       | 2019-10-18 06:49:44,363 [pool-2-thread-2] INFO       - Creating Bucket: vol-2-02239/bucket-7-95068, with Versioning false and Storage Type set to DISK and Encryption set to false 
scm_1         | 2019-10-18 06:49:21,768 INFO pipeline.PipelineStateManager: Created pipeline Pipeline[ Id: 987e1107-076c-49ed-8e82-8c13c6307df2, Nodes: 46a9905c-819d-4608-bc81-395a7e22d3ce{ip: 172.18.0.4, host: ozoneperf_datanode_1.ozoneperf_default, networkLocation: /default-rack, certSerialId: null}, Type:RATIS, Factor:ONE, State:ALLOCATED]
om_1          | 2019-10-18 06:49:38,373 [IPC Server handler 8 on 9862] INFO       - created volume:vol-4-05791 for user:hadoop
datanode_1    | 2019-10-18 06:49:21,619 INFO server.RaftServerConfigKeys: raft.server.snapshot.retention.file.num = 5 (custom)
datanode_3    | 2019-10-18 06:49:22,411 INFO server.RaftServerConfigKeys: raft.server.watch.timeout.denomination = 1s (default)
datanode_2    | 2019-10-18 06:49:22,757 INFO impl.RaftServerImpl: c9dc481f-cee0-4d83-9619-e53519322a34@group-A55CCB4CDF0A: start as a follower, conf=-1: [c9dc481f-cee0-4d83-9619-e53519322a34:172.18.0.8:9858], old=null
grafana_1     | t=2019-10-18T06:49:13+0000 lvl=info msg="Executing migration" logger=migrator id="Add check_sum column"
om_1          | 2019-10-18 06:49:44,231 [IPC Server handler 16 on 9862] INFO       - created volume:vol-8-13065 for user:hadoop
scm_1         | 2019-10-18 06:49:22,268 INFO pipeline.PipelineStateManager: Created pipeline Pipeline[ Id: 18b96b8c-7807-427d-8048-05a40f66621d, Nodes: a7894b2c-a81e-44ae-9933-4078e65642cd{ip: 172.18.0.11, host: ozoneperf_datanode_3.ozoneperf_default, networkLocation: /default-rack, certSerialId: null}, Type:RATIS, Factor:ONE, State:ALLOCATED]
freon_1       | 2019-10-18 06:49:44,367 [pool-2-thread-1] INFO       - Creating Bucket: vol-5-30456/bucket-7-89952, with Versioning false and Storage Type set to DISK and Encryption set to false 
datanode_1    | 2019-10-18 06:49:21,620 INFO server.RaftServerConfigKeys: raft.server.retrycache.expirytime = 600000ms (custom)
datanode_3    | 2019-10-18 06:49:22,412 INFO server.RaftServerConfigKeys: raft.server.watch.element-limit = 65536 (default)
datanode_2    | 2019-10-18 06:49:22,758 INFO impl.RaftServerImpl: c9dc481f-cee0-4d83-9619-e53519322a34@group-A55CCB4CDF0A: changes role from      null to FOLLOWER at term 0 for startAsFollower
grafana_1     | t=2019-10-18T06:49:13+0000 lvl=info msg="Executing migration" logger=migrator id="create data_source table"
om_1          | 2019-10-18 06:49:44,232 [IPC Server handler 18 on 9862] INFO       - created volume:vol-4-43957 for user:hadoop
scm_1         | 2019-10-18 06:49:22,835 INFO pipeline.PipelineStateManager: Created pipeline Pipeline[ Id: ee1bb088-70fd-4a82-a2f5-a55ccb4cdf0a, Nodes: c9dc481f-cee0-4d83-9619-e53519322a34{ip: 172.18.0.8, host: ozoneperf_datanode_2.ozoneperf_default, networkLocation: /default-rack, certSerialId: null}, Type:RATIS, Factor:ONE, State:ALLOCATED]
datanode_1    | 2019-10-18 06:49:21,647 INFO impl.RaftServerImpl: 46a9905c-819d-4608-bc81-395a7e22d3ce@group-8C13C6307DF2: start as a follower, conf=-1: [46a9905c-819d-4608-bc81-395a7e22d3ce:172.18.0.4:9858], old=null
freon_1       | 2019-10-18 06:49:44,367 [pool-2-thread-5] INFO       - Creating Bucket: vol-3-71998/bucket-7-52717, with Versioning false and Storage Type set to DISK and Encryption set to false 
datanode_3    | 2019-10-18 06:49:22,425 INFO impl.RoleInfo: a7894b2c-a81e-44ae-9933-4078e65642cd: start LeaderState
datanode_2    | 2019-10-18 06:49:22,760 INFO impl.RoleInfo: c9dc481f-cee0-4d83-9619-e53519322a34: start FollowerState
grafana_1     | t=2019-10-18T06:49:13+0000 lvl=info msg="Executing migration" logger=migrator id="add index data_source.account_id"
om_1          | 2019-10-18 06:49:44,235 [IPC Server handler 17 on 9862] INFO       - created volume:vol-2-02239 for user:hadoop
scm_1         | 2019-10-18 06:49:22,998 INFO pipeline.PipelineStateManager: Created pipeline Pipeline[ Id: 95fb6388-984b-4d3f-9c22-cccb6a5f08aa, Nodes: a7894b2c-a81e-44ae-9933-4078e65642cd{ip: 172.18.0.11, host: ozoneperf_datanode_3.ozoneperf_default, networkLocation: /default-rack, certSerialId: null}46a9905c-819d-4608-bc81-395a7e22d3ce{ip: 172.18.0.4, host: ozoneperf_datanode_1.ozoneperf_default, networkLocation: /default-rack, certSerialId: null}c9dc481f-cee0-4d83-9619-e53519322a34{ip: 172.18.0.8, host: ozoneperf_datanode_2.ozoneperf_default, networkLocation: /default-rack, certSerialId: null}, Type:RATIS, Factor:THREE, State:ALLOCATED]
datanode_1    | 2019-10-18 06:49:21,649 INFO impl.RaftServerImpl: 46a9905c-819d-4608-bc81-395a7e22d3ce@group-8C13C6307DF2: changes role from      null to FOLLOWER at term 0 for startAsFollower
freon_1       | 2019-10-18 06:49:44,367 [pool-2-thread-9] INFO       - Creating Bucket: vol-4-43957/bucket-7-43985, with Versioning false and Storage Type set to DISK and Encryption set to false 
datanode_3    | 2019-10-18 06:49:22,440 INFO segmented.SegmentedRaftLogWorker: a7894b2c-a81e-44ae-9933-4078e65642cd@group-05A40F66621D-SegmentedRaftLogWorker: Starting segment from index:0
datanode_2    | 2019-10-18 06:49:22,764 INFO util.JmxRegister: Successfully registered JMX Bean with object name Ratis:service=RaftServer,group=group-A55CCB4CDF0A,id=c9dc481f-cee0-4d83-9619-e53519322a34
grafana_1     | t=2019-10-18T06:49:13+0000 lvl=info msg="Executing migration" logger=migrator id="add unique index data_source.account_id_name"
om_1          | 2019-10-18 06:49:44,236 [IPC Server handler 1 on 9862] INFO       - created volume:vol-9-71286 for user:hadoop
scm_1         | 2019-10-18 06:49:23,000 INFO pipeline.PipelineReportHandler: Pipeline PipelineID=987e1107-076c-49ed-8e82-8c13c6307df2 reported by 46a9905c-819d-4608-bc81-395a7e22d3ce{ip: 172.18.0.4, host: ozoneperf_datanode_1.ozoneperf_default, networkLocation: /default-rack, certSerialId: null} with leaderId 46a9905c-819d-4608-bc81-395a7e22d3ce
datanode_1    | 2019-10-18 06:49:21,650 INFO impl.RoleInfo: 46a9905c-819d-4608-bc81-395a7e22d3ce: start FollowerState
freon_1       | 2019-10-18 06:49:44,369 [pool-2-thread-10] INFO       - Creating Bucket: vol-6-91783/bucket-7-62309, with Versioning false and Storage Type set to DISK and Encryption set to false 
datanode_3    | 2019-10-18 06:49:22,448 INFO impl.RaftServerImpl: a7894b2c-a81e-44ae-9933-4078e65642cd@group-05A40F66621D: set configuration 0: [a7894b2c-a81e-44ae-9933-4078e65642cd:172.18.0.11:9858], old=null at 0
datanode_2    | 2019-10-18 06:49:22,791 INFO impl.FollowerState: c9dc481f-cee0-4d83-9619-e53519322a34@group-A55CCB4CDF0A-FollowerState: change to CANDIDATE, lastRpcTime:31ms, electionTimeout:30ms
grafana_1     | t=2019-10-18T06:49:13+0000 lvl=info msg="Executing migration" logger=migrator id="drop index IDX_data_source_account_id - v1"
om_1          | 2019-10-18 06:49:44,236 [IPC Server handler 19 on 9862] INFO       - created volume:vol-7-14533 for user:hadoop
scm_1         | 2019-10-18 06:49:23,001 INFO pipeline.PipelineStateManager: Pipeline Pipeline[ Id: 987e1107-076c-49ed-8e82-8c13c6307df2, Nodes: 46a9905c-819d-4608-bc81-395a7e22d3ce{ip: 172.18.0.4, host: ozoneperf_datanode_1.ozoneperf_default, networkLocation: /default-rack, certSerialId: null}, Type:RATIS, Factor:ONE, State:OPEN] moved to OPEN state
datanode_1    | 2019-10-18 06:49:21,655 INFO util.JmxRegister: Successfully registered JMX Bean with object name Ratis:service=RaftServer,group=group-8C13C6307DF2,id=46a9905c-819d-4608-bc81-395a7e22d3ce
datanode_3    | 2019-10-18 06:49:22,558 INFO segmented.SegmentedRaftLogWorker: a7894b2c-a81e-44ae-9933-4078e65642cd@group-05A40F66621D-SegmentedRaftLogWorker: created new log segment /data/metadata/ratis/18b96b8c-7807-427d-8048-05a40f66621d/current/log_inprogress_0
freon_1       | 2019-10-18 06:49:44,369 [pool-2-thread-8] INFO       - Creating Bucket: vol-7-14533/bucket-7-41165, with Versioning false and Storage Type set to DISK and Encryption set to false 
datanode_2    | 2019-10-18 06:49:22,793 INFO impl.RoleInfo: c9dc481f-cee0-4d83-9619-e53519322a34: shutdown FollowerState
grafana_1     | t=2019-10-18T06:49:13+0000 lvl=info msg="Executing migration" logger=migrator id="drop index UQE_data_source_account_id_name - v1"
om_1          | 2019-10-18 06:49:44,237 [IPC Server handler 0 on 9862] INFO       - created volume:vol-5-30456 for user:hadoop
scm_1         | 2019-10-18 06:49:23,002 INFO pipeline.PipelineReportHandler: Pipeline PipelineID=18b96b8c-7807-427d-8048-05a40f66621d reported by a7894b2c-a81e-44ae-9933-4078e65642cd{ip: 172.18.0.11, host: ozoneperf_datanode_3.ozoneperf_default, networkLocation: /default-rack, certSerialId: null} with leaderId a7894b2c-a81e-44ae-9933-4078e65642cd
datanode_1    | 2019-10-18 06:49:21,811 INFO impl.FollowerState: 46a9905c-819d-4608-bc81-395a7e22d3ce@group-8C13C6307DF2-FollowerState: change to CANDIDATE, lastRpcTime:161ms, electionTimeout:160ms
datanode_3    | 2019-10-18 06:49:22,890 INFO impl.RaftServerProxy: a7894b2c-a81e-44ae-9933-4078e65642cd: addNew group-CCCB6A5F08AA:[46a9905c-819d-4608-bc81-395a7e22d3ce:172.18.0.4:9858, c9dc481f-cee0-4d83-9619-e53519322a34:172.18.0.8:9858, a7894b2c-a81e-44ae-9933-4078e65642cd:172.18.0.11:9858] returns group-CCCB6A5F08AA:java.util.concurrent.CompletableFuture@2c969c54[Not completed]
freon_1       | 2019-10-18 06:49:44,370 [pool-2-thread-6] INFO       - Creating Bucket: vol-8-13065/bucket-7-67615, with Versioning false and Storage Type set to DISK and Encryption set to false 
datanode_2    | 2019-10-18 06:49:22,793 INFO impl.RaftServerImpl: c9dc481f-cee0-4d83-9619-e53519322a34@group-A55CCB4CDF0A: changes role from  FOLLOWER to CANDIDATE at term 0 for changeToCandidate
grafana_1     | t=2019-10-18T06:49:13+0000 lvl=info msg="Executing migration" logger=migrator id="Rename table data_source to data_source_v1 - v1"
om_1          | 2019-10-18 06:49:44,238 [IPC Server handler 3 on 9862] INFO       - created volume:vol-3-71998 for user:hadoop
scm_1         | 2019-10-18 06:49:23,002 INFO pipeline.PipelineStateManager: Pipeline Pipeline[ Id: 18b96b8c-7807-427d-8048-05a40f66621d, Nodes: a7894b2c-a81e-44ae-9933-4078e65642cd{ip: 172.18.0.11, host: ozoneperf_datanode_3.ozoneperf_default, networkLocation: /default-rack, certSerialId: null}, Type:RATIS, Factor:ONE, State:OPEN] moved to OPEN state
datanode_1    | 2019-10-18 06:49:21,813 INFO impl.RoleInfo: 46a9905c-819d-4608-bc81-395a7e22d3ce: shutdown FollowerState
freon_1       | 2019-10-18 06:49:44,370 [pool-2-thread-3] INFO       - Creating Bucket: vol-9-71286/bucket-7-94491, with Versioning false and Storage Type set to DISK and Encryption set to false 
grafana_1     | t=2019-10-18T06:49:13+0000 lvl=info msg="Executing migration" logger=migrator id="create data_source table v2"
datanode_3    | 2019-10-18 06:49:22,893 INFO impl.RaftServerImpl: a7894b2c-a81e-44ae-9933-4078e65642cd: new RaftServerImpl for group-CCCB6A5F08AA:[46a9905c-819d-4608-bc81-395a7e22d3ce:172.18.0.4:9858, c9dc481f-cee0-4d83-9619-e53519322a34:172.18.0.8:9858, a7894b2c-a81e-44ae-9933-4078e65642cd:172.18.0.11:9858] with ContainerStateMachine:uninitialized
om_1          | 2019-10-18 06:49:44,238 [IPC Server handler 5 on 9862] INFO       - created volume:vol-6-91783 for user:hadoop
datanode_2    | 2019-10-18 06:49:22,796 INFO impl.RoleInfo: c9dc481f-cee0-4d83-9619-e53519322a34: start LeaderElection
scm_1         | 2019-10-18 06:49:23,002 INFO pipeline.PipelineReportHandler: Pipeline PipelineID=ee1bb088-70fd-4a82-a2f5-a55ccb4cdf0a reported by c9dc481f-cee0-4d83-9619-e53519322a34{ip: 172.18.0.8, host: ozoneperf_datanode_2.ozoneperf_default, networkLocation: /default-rack, certSerialId: null} with leaderId c9dc481f-cee0-4d83-9619-e53519322a34
datanode_1    | 2019-10-18 06:49:21,814 INFO impl.RaftServerImpl: 46a9905c-819d-4608-bc81-395a7e22d3ce@group-8C13C6307DF2: changes role from  FOLLOWER to CANDIDATE at term 0 for changeToCandidate
freon_1       | 2019-10-18 06:49:44,372 [pool-2-thread-7] INFO       - Creating Bucket: vol-0-38418/bucket-8-32041, with Versioning false and Storage Type set to DISK and Encryption set to false 
grafana_1     | t=2019-10-18T06:49:13+0000 lvl=info msg="Executing migration" logger=migrator id="create index IDX_data_source_org_id - v2"
om_1          | 2019-10-18 06:49:44,239 [IPC Server handler 6 on 9862] INFO       - created volume:vol-1-06408 for user:hadoop
datanode_2    | 2019-10-18 06:49:22,812 INFO impl.LeaderElection: c9dc481f-cee0-4d83-9619-e53519322a34@group-A55CCB4CDF0A-LeaderElection1: begin an election at term 1 for -1: [c9dc481f-cee0-4d83-9619-e53519322a34:172.18.0.8:9858], old=null
datanode_3    | 2019-10-18 06:49:22,893 INFO server.RaftServerConfigKeys: raft.server.rpc.timeout.min = 5s (custom)
scm_1         | 2019-10-18 06:49:23,002 INFO pipeline.PipelineStateManager: Pipeline Pipeline[ Id: ee1bb088-70fd-4a82-a2f5-a55ccb4cdf0a, Nodes: c9dc481f-cee0-4d83-9619-e53519322a34{ip: 172.18.0.8, host: ozoneperf_datanode_2.ozoneperf_default, networkLocation: /default-rack, certSerialId: null}, Type:RATIS, Factor:ONE, State:OPEN] moved to OPEN state
datanode_1    | 2019-10-18 06:49:21,817 INFO impl.RoleInfo: 46a9905c-819d-4608-bc81-395a7e22d3ce: start LeaderElection
freon_1       | 2019-10-18 06:49:44,376 [pool-2-thread-4] INFO       - Creating Bucket: vol-1-06408/bucket-8-87988, with Versioning false and Storage Type set to DISK and Encryption set to false 
grafana_1     | t=2019-10-18T06:49:13+0000 lvl=info msg="Executing migration" logger=migrator id="create index UQE_data_source_org_id_name - v2"
datanode_2    | 2019-10-18 06:49:22,813 INFO impl.RoleInfo: c9dc481f-cee0-4d83-9619-e53519322a34: shutdown LeaderElection
om_1          | 2019-10-18 06:49:44,240 [IPC Server handler 4 on 9862] INFO       - created volume:vol-0-38418 for user:hadoop
datanode_3    | 2019-10-18 06:49:22,893 INFO server.RaftServerConfigKeys: raft.server.rpc.timeout.max = 5200ms (custom)
scm_1         | 2019-10-18 06:49:23,559 INFO pipeline.PipelineReportHandler: Pipeline PipelineID=95fb6388-984b-4d3f-9c22-cccb6a5f08aa reported by a7894b2c-a81e-44ae-9933-4078e65642cd{ip: 172.18.0.11, host: ozoneperf_datanode_3.ozoneperf_default, networkLocation: /default-rack, certSerialId: null} with leaderId a7894b2c-a81e-44ae-9933-4078e65642cd
datanode_1    | 2019-10-18 06:49:21,832 INFO impl.LeaderElection: 46a9905c-819d-4608-bc81-395a7e22d3ce@group-8C13C6307DF2-LeaderElection1: begin an election at term 1 for -1: [46a9905c-819d-4608-bc81-395a7e22d3ce:172.18.0.4:9858], old=null
freon_1       | 2019-10-18 06:49:44,377 [pool-2-thread-2] INFO       - Creating Bucket: vol-2-02239/bucket-8-51500, with Versioning false and Storage Type set to DISK and Encryption set to false 
grafana_1     | t=2019-10-18T06:49:13+0000 lvl=info msg="Executing migration" logger=migrator id="copy data_source v1 to v2"
datanode_2    | 2019-10-18 06:49:22,814 INFO impl.RaftServerImpl: c9dc481f-cee0-4d83-9619-e53519322a34@group-A55CCB4CDF0A: changes role from CANDIDATE to LEADER at term 1 for changeToLeader
datanode_3    | 2019-10-18 06:49:22,894 INFO server.RaftServerConfigKeys: raft.server.rpcslowness.timeout = 120s (custom)
scm_1         | 2019-10-18 06:49:23,657 INFO pipeline.PipelineReportHandler: Pipeline PipelineID=95fb6388-984b-4d3f-9c22-cccb6a5f08aa reported by 46a9905c-819d-4608-bc81-395a7e22d3ce{ip: 172.18.0.4, host: ozoneperf_datanode_1.ozoneperf_default, networkLocation: /default-rack, certSerialId: null} with leaderId 46a9905c-819d-4608-bc81-395a7e22d3ce
datanode_1    | 2019-10-18 06:49:21,833 INFO impl.RoleInfo: 46a9905c-819d-4608-bc81-395a7e22d3ce: shutdown LeaderElection
freon_1       | 2019-10-18 06:49:44,379 [pool-2-thread-1] INFO       - Creating Bucket: vol-3-71998/bucket-8-24631, with Versioning false and Storage Type set to DISK and Encryption set to false 
grafana_1     | t=2019-10-18T06:49:13+0000 lvl=info msg="Executing migration" logger=migrator id="Drop old table data_source_v1 #2"
datanode_2    | 2019-10-18 06:49:22,814 [c9dc481f-cee0-4d83-9619-e53519322a34@group-A55CCB4CDF0A-LeaderElection1] INFO       - Leader change notification received for group: group-A55CCB4CDF0A with new leaderId: c9dc481f-cee0-4d83-9619-e53519322a34
datanode_3    | 2019-10-18 06:49:22,894 INFO server.RaftServerConfigKeys: raft.server.sleep.deviation.threshold = 300 (default)
scm_1         | 2019-10-18 06:49:23,729 INFO pipeline.PipelineReportHandler: Pipeline PipelineID=95fb6388-984b-4d3f-9c22-cccb6a5f08aa reported by a7894b2c-a81e-44ae-9933-4078e65642cd{ip: 172.18.0.11, host: ozoneperf_datanode_3.ozoneperf_default, networkLocation: /default-rack, certSerialId: null} with leaderId 46a9905c-819d-4608-bc81-395a7e22d3ce
datanode_1    | 2019-10-18 06:49:21,834 INFO impl.RaftServerImpl: 46a9905c-819d-4608-bc81-395a7e22d3ce@group-8C13C6307DF2: changes role from CANDIDATE to LEADER at term 1 for changeToLeader
freon_1       | 2019-10-18 06:49:44,381 [pool-2-thread-8] INFO       - Creating Bucket: vol-4-43957/bucket-8-90981, with Versioning false and Storage Type set to DISK and Encryption set to false 
grafana_1     | t=2019-10-18T06:49:13+0000 lvl=info msg="Executing migration" logger=migrator id="Add column with_credentials"
datanode_2    | 2019-10-18 06:49:22,826 INFO impl.RaftServerImpl: c9dc481f-cee0-4d83-9619-e53519322a34@group-A55CCB4CDF0A: change Leader from null to c9dc481f-cee0-4d83-9619-e53519322a34 at term 1 for becomeLeader, leader elected after 176ms
datanode_3    | 2019-10-18 06:49:22,894 INFO server.RaftServerConfigKeys: raft.server.log.appender.install.snapshot.enabled = false (custom)
scm_1         | 2019-10-18 06:49:38,672 INFO pipeline.PipelineStateManager: Created pipeline Pipeline[ Id: 457b1ef0-db67-4199-bf4e-f205ea37588c, Nodes: c9dc481f-cee0-4d83-9619-e53519322a34{ip: 172.18.0.8, host: ozoneperf_datanode_2.ozoneperf_default, networkLocation: /default-rack, certSerialId: null}, Type:STAND_ALONE, Factor:ONE, State:OPEN]
datanode_1    | 2019-10-18 06:49:21,834 [46a9905c-819d-4608-bc81-395a7e22d3ce@group-8C13C6307DF2-LeaderElection1] INFO       - Leader change notification received for group: group-8C13C6307DF2 with new leaderId: 46a9905c-819d-4608-bc81-395a7e22d3ce
freon_1       | 2019-10-18 06:49:44,381 [pool-2-thread-5] INFO       - Creating Bucket: vol-5-30456/bucket-8-79937, with Versioning false and Storage Type set to DISK and Encryption set to false 
grafana_1     | t=2019-10-18T06:49:13+0000 lvl=info msg="Executing migration" logger=migrator id="Add secure json data column"
datanode_3    | 2019-10-18 06:49:22,894 INFO impl.RaftServerImpl: a7894b2c-a81e-44ae-9933-4078e65642cd@group-CCCB6A5F08AA: ConfigurationManager, init=-1: [46a9905c-819d-4608-bc81-395a7e22d3ce:172.18.0.4:9858, c9dc481f-cee0-4d83-9619-e53519322a34:172.18.0.8:9858, a7894b2c-a81e-44ae-9933-4078e65642cd:172.18.0.11:9858], old=null, confs=<EMPTY_MAP>
datanode_2    | 2019-10-18 06:49:22,832 INFO server.RaftServerConfigKeys: raft.server.staging.catchup.gap = 1000 (default)
datanode_1    | 2019-10-18 06:49:21,839 INFO impl.RaftServerImpl: 46a9905c-819d-4608-bc81-395a7e22d3ce@group-8C13C6307DF2: change Leader from null to 46a9905c-819d-4608-bc81-395a7e22d3ce at term 1 for becomeLeader, leader elected after 296ms
freon_1       | 2019-10-18 06:49:44,383 [pool-2-thread-6] INFO       - Creating Bucket: vol-6-91783/bucket-8-12517, with Versioning false and Storage Type set to DISK and Encryption set to false 
datanode_3    | 2019-10-18 06:49:22,895 INFO server.RaftServerConfigKeys: raft.server.storage.dir = [/data/metadata/ratis] (custom)
grafana_1     | t=2019-10-18T06:49:13+0000 lvl=info msg="Executing migration" logger=migrator id="Update data_source table charset"
datanode_2    | 2019-10-18 06:49:22,832 INFO server.RaftServerConfigKeys: raft.server.rpc.sleep.time = 25ms (default)
datanode_1    | 2019-10-18 06:49:21,842 INFO server.RaftServerConfigKeys: raft.server.staging.catchup.gap = 1000 (default)
freon_1       | 2019-10-18 06:49:44,384 [pool-2-thread-10] INFO       - Creating Bucket: vol-7-14533/bucket-8-43985, with Versioning false and Storage Type set to DISK and Encryption set to false 
datanode_3    | 2019-10-18 06:49:22,895 INFO server.RaftServerConfigKeys: raft.server.log.corruption.policy = EXCEPTION (default)
grafana_1     | t=2019-10-18T06:49:13+0000 lvl=info msg="Executing migration" logger=migrator id="Update initial version to 1"
datanode_2    | 2019-10-18 06:49:22,835 INFO server.RaftServerConfigKeys: raft.server.write.element-limit = 4096 (default)
freon_1       | 2019-10-18 06:49:44,387 [pool-2-thread-2] INFO       - Creating Bucket: vol-8-13065/bucket-8-89471, with Versioning false and Storage Type set to DISK and Encryption set to false 
datanode_1    | 2019-10-18 06:49:21,843 INFO server.RaftServerConfigKeys: raft.server.rpc.sleep.time = 25ms (default)
datanode_3    | 2019-10-18 06:49:22,895 INFO storage.RaftStorageDirectory: The storage directory /data/metadata/ratis/95fb6388-984b-4d3f-9c22-cccb6a5f08aa does not exist. Creating ...
grafana_1     | t=2019-10-18T06:49:13+0000 lvl=info msg="Executing migration" logger=migrator id="Add read_only data column"
datanode_2    | 2019-10-18 06:49:22,840 INFO server.RaftServerConfigKeys: raft.server.watch.timeout = 10s (default)
freon_1       | 2019-10-18 06:49:44,388 [pool-2-thread-9] INFO       - Creating Bucket: vol-0-38418/bucket-9-17924, with Versioning false and Storage Type set to DISK and Encryption set to false 
datanode_1    | 2019-10-18 06:49:21,846 INFO server.RaftServerConfigKeys: raft.server.write.element-limit = 4096 (default)
grafana_1     | t=2019-10-18T06:49:13+0000 lvl=info msg="Executing migration" logger=migrator id="Migrate logging ds to loki ds"
datanode_3    | 2019-10-18 06:49:22,932 INFO storage.RaftStorageDirectory: Lock on /data/metadata/ratis/95fb6388-984b-4d3f-9c22-cccb6a5f08aa/in_use.lock acquired by nodename 8@ebc12ca9e112
datanode_2    | 2019-10-18 06:49:22,840 INFO server.RaftServerConfigKeys: raft.server.watch.timeout.denomination = 1s (default)
freon_1       | 2019-10-18 06:49:44,388 [pool-2-thread-3] INFO       - Creating Bucket: vol-9-71286/bucket-8-60097, with Versioning false and Storage Type set to DISK and Encryption set to false 
datanode_1    | 2019-10-18 06:49:21,849 INFO server.RaftServerConfigKeys: raft.server.watch.timeout = 10s (default)
grafana_1     | t=2019-10-18T06:49:13+0000 lvl=info msg="Executing migration" logger=migrator id="Update json_data with nulls"
datanode_3    | 2019-10-18 06:49:22,968 INFO storage.RaftStorage: Storage directory /data/metadata/ratis/95fb6388-984b-4d3f-9c22-cccb6a5f08aa has been successfully formatted.
datanode_2    | 2019-10-18 06:49:22,842 INFO server.RaftServerConfigKeys: raft.server.watch.element-limit = 65536 (default)
freon_1       | 2019-10-18 06:49:44,389 [pool-2-thread-7] INFO       - Creating Bucket: vol-1-06408/bucket-9-48356, with Versioning false and Storage Type set to DISK and Encryption set to false 
datanode_1    | 2019-10-18 06:49:21,850 INFO server.RaftServerConfigKeys: raft.server.watch.timeout.denomination = 1s (default)
grafana_1     | t=2019-10-18T06:49:13+0000 lvl=info msg="Executing migration" logger=migrator id="create api_key table"
datanode_3    | 2019-10-18 06:49:22,968 [pool-8-thread-1] INFO       - group-CCCB6A5F08AA: The snapshot info is null. Setting the last applied indexto:(t:0, i:~)
datanode_2    | 2019-10-18 06:49:22,865 INFO impl.RoleInfo: c9dc481f-cee0-4d83-9619-e53519322a34: start LeaderState
freon_1       | 2019-10-18 06:49:44,389 [pool-2-thread-4] INFO       - Creating Bucket: vol-2-02239/bucket-9-42884, with Versioning false and Storage Type set to DISK and Encryption set to false 
datanode_1    | 2019-10-18 06:49:21,850 INFO server.RaftServerConfigKeys: raft.server.watch.element-limit = 65536 (default)
grafana_1     | t=2019-10-18T06:49:13+0000 lvl=info msg="Executing migration" logger=migrator id="add index api_key.account_id"
datanode_3    | 2019-10-18 06:49:22,968 INFO server.RaftServerConfigKeys: raft.server.notification.no-leader.timeout = 120s (custom)
datanode_2    | 2019-10-18 06:49:22,890 INFO segmented.SegmentedRaftLogWorker: c9dc481f-cee0-4d83-9619-e53519322a34@group-A55CCB4CDF0A-SegmentedRaftLogWorker: Starting segment from index:0
freon_1       | 2019-10-18 06:49:44,393 [pool-2-thread-1] INFO       - Creating Bucket: vol-3-71998/bucket-9-65310, with Versioning false and Storage Type set to DISK and Encryption set to false 
datanode_1    | 2019-10-18 06:49:21,868 INFO impl.RoleInfo: 46a9905c-819d-4608-bc81-395a7e22d3ce: start LeaderState
datanode_3    | 2019-10-18 06:49:22,968 INFO server.RaftServerConfigKeys: raft.server.log.use.memory = false (default)
grafana_1     | t=2019-10-18T06:49:13+0000 lvl=info msg="Executing migration" logger=migrator id="add index api_key.key"
datanode_2    | 2019-10-18 06:49:22,890 INFO impl.RaftServerProxy: c9dc481f-cee0-4d83-9619-e53519322a34: addNew group-CCCB6A5F08AA:[46a9905c-819d-4608-bc81-395a7e22d3ce:172.18.0.4:9858, c9dc481f-cee0-4d83-9619-e53519322a34:172.18.0.8:9858, a7894b2c-a81e-44ae-9933-4078e65642cd:172.18.0.11:9858] returns group-CCCB6A5F08AA:java.util.concurrent.CompletableFuture@9f53165[Not completed]
freon_1       | 2019-10-18 06:49:44,396 [pool-2-thread-8] INFO       - Creating Bucket: vol-4-43957/bucket-9-70248, with Versioning false and Storage Type set to DISK and Encryption set to false 
datanode_1    | 2019-10-18 06:49:21,888 INFO segmented.SegmentedRaftLogWorker: 46a9905c-819d-4608-bc81-395a7e22d3ce@group-8C13C6307DF2-SegmentedRaftLogWorker: Starting segment from index:0
datanode_3    | 2019-10-18 06:49:22,969 INFO server.RaftServerConfigKeys: raft.server.log.purge.gap = 1000000 (custom)
grafana_1     | t=2019-10-18T06:49:13+0000 lvl=info msg="Executing migration" logger=migrator id="add index api_key.account_id_name"
datanode_2    | 2019-10-18 06:49:22,894 INFO impl.RaftServerImpl: c9dc481f-cee0-4d83-9619-e53519322a34: new RaftServerImpl for group-CCCB6A5F08AA:[46a9905c-819d-4608-bc81-395a7e22d3ce:172.18.0.4:9858, c9dc481f-cee0-4d83-9619-e53519322a34:172.18.0.8:9858, a7894b2c-a81e-44ae-9933-4078e65642cd:172.18.0.11:9858] with ContainerStateMachine:uninitialized
freon_1       | 2019-10-18 06:49:44,410 [pool-2-thread-6] INFO       - Creating Bucket: vol-6-91783/bucket-9-59075, with Versioning false and Storage Type set to DISK and Encryption set to false 
datanode_1    | 2019-10-18 06:49:21,896 INFO impl.RaftServerImpl: 46a9905c-819d-4608-bc81-395a7e22d3ce@group-8C13C6307DF2: set configuration 0: [46a9905c-819d-4608-bc81-395a7e22d3ce:172.18.0.4:9858], old=null at 0
datanode_3    | 2019-10-18 06:49:22,969 INFO server.RaftServerConfigKeys: raft.server.log.appender.buffer.byte-limit = 33554432 (custom)
datanode_2    | 2019-10-18 06:49:22,894 INFO server.RaftServerConfigKeys: raft.server.rpc.timeout.min = 5s (custom)
grafana_1     | t=2019-10-18T06:49:13+0000 lvl=info msg="Executing migration" logger=migrator id="drop index IDX_api_key_account_id - v1"
freon_1       | 2019-10-18 06:49:44,410 [pool-2-thread-5] INFO       - Creating Bucket: vol-5-30456/bucket-9-93603, with Versioning false and Storage Type set to DISK and Encryption set to false 
datanode_1    | 2019-10-18 06:49:22,033 INFO segmented.SegmentedRaftLogWorker: 46a9905c-819d-4608-bc81-395a7e22d3ce@group-8C13C6307DF2-SegmentedRaftLogWorker: created new log segment /data/metadata/ratis/987e1107-076c-49ed-8e82-8c13c6307df2/current/log_inprogress_0
datanode_3    | 2019-10-18 06:49:22,969 INFO server.RaftServerConfigKeys: raft.server.log.segment.size.max = 1048576 (custom)
datanode_2    | 2019-10-18 06:49:22,894 INFO server.RaftServerConfigKeys: raft.server.rpc.timeout.max = 5200ms (custom)
grafana_1     | t=2019-10-18T06:49:13+0000 lvl=info msg="Executing migration" logger=migrator id="drop index UQE_api_key_key - v1"
freon_1       | 2019-10-18 06:49:44,411 [pool-2-thread-3] INFO       - Creating Bucket: vol-7-14533/bucket-9-12254, with Versioning false and Storage Type set to DISK and Encryption set to false 
datanode_1    | 2019-10-18 06:49:22,877 INFO impl.RaftServerProxy: 46a9905c-819d-4608-bc81-395a7e22d3ce: addNew group-CCCB6A5F08AA:[46a9905c-819d-4608-bc81-395a7e22d3ce:172.18.0.4:9858, c9dc481f-cee0-4d83-9619-e53519322a34:172.18.0.8:9858, a7894b2c-a81e-44ae-9933-4078e65642cd:172.18.0.11:9858] returns group-CCCB6A5F08AA:java.util.concurrent.CompletableFuture@7472a1a2[Not completed]
datanode_3    | 2019-10-18 06:49:22,969 INFO server.RaftServerConfigKeys: raft.server.log.segment.cache.num.max = 2 (custom)
datanode_2    | 2019-10-18 06:49:22,895 INFO server.RaftServerConfigKeys: raft.server.rpcslowness.timeout = 120s (custom)
freon_1       | 2019-10-18 06:49:44,414 [pool-2-thread-2] INFO       - Creating Bucket: vol-9-71286/bucket-9-44019, with Versioning false and Storage Type set to DISK and Encryption set to false 
grafana_1     | t=2019-10-18T06:49:13+0000 lvl=info msg="Executing migration" logger=migrator id="drop index UQE_api_key_account_id_name - v1"
datanode_1    | 2019-10-18 06:49:22,879 INFO impl.RaftServerImpl: 46a9905c-819d-4608-bc81-395a7e22d3ce: new RaftServerImpl for group-CCCB6A5F08AA:[46a9905c-819d-4608-bc81-395a7e22d3ce:172.18.0.4:9858, c9dc481f-cee0-4d83-9619-e53519322a34:172.18.0.8:9858, a7894b2c-a81e-44ae-9933-4078e65642cd:172.18.0.11:9858] with ContainerStateMachine:uninitialized
datanode_3    | 2019-10-18 06:49:22,969 INFO segmented.SegmentedRaftLogWorker: new a7894b2c-a81e-44ae-9933-4078e65642cd@group-CCCB6A5F08AA-SegmentedRaftLogWorker for RaftStorage:Storage Directory /data/metadata/ratis/95fb6388-984b-4d3f-9c22-cccb6a5f08aa
datanode_2    | 2019-10-18 06:49:22,895 INFO server.RaftServerConfigKeys: raft.server.sleep.deviation.threshold = 300 (default)
freon_1       | 2019-10-18 06:49:44,415 [pool-2-thread-10] INFO       - Creating Bucket: vol-0-38418/bucket-10-17247, with Versioning false and Storage Type set to DISK and Encryption set to false 
grafana_1     | t=2019-10-18T06:49:13+0000 lvl=info msg="Executing migration" logger=migrator id="Rename table api_key to api_key_v1 - v1"
datanode_3    | 2019-10-18 06:49:22,969 INFO server.RaftServerConfigKeys: raft.server.log.queue.byte-limit = 2147483647 (custom)
freon_1       | 2019-10-18 06:49:44,414 [pool-2-thread-9] INFO       - Creating Bucket: vol-8-13065/bucket-9-27132, with Versioning false and Storage Type set to DISK and Encryption set to false 
datanode_2    | 2019-10-18 06:49:22,895 INFO server.RaftServerConfigKeys: raft.server.log.appender.install.snapshot.enabled = false (custom)
datanode_1    | 2019-10-18 06:49:22,879 INFO server.RaftServerConfigKeys: raft.server.rpc.timeout.min = 5s (custom)
grafana_1     | t=2019-10-18T06:49:13+0000 lvl=info msg="Executing migration" logger=migrator id="create api_key table v2"
datanode_3    | 2019-10-18 06:49:22,969 INFO server.RaftServerConfigKeys: raft.server.log.queue.element-limit = 1024 (custom)
freon_1       | 2019-10-18 06:49:44,419 [pool-2-thread-7] INFO       - Creating Bucket: vol-1-06408/bucket-10-69809, with Versioning false and Storage Type set to DISK and Encryption set to false 
datanode_1    | 2019-10-18 06:49:22,879 INFO server.RaftServerConfigKeys: raft.server.rpc.timeout.max = 5200ms (custom)
grafana_1     | t=2019-10-18T06:49:13+0000 lvl=info msg="Executing migration" logger=migrator id="create index IDX_api_key_org_id - v2"
datanode_2    | 2019-10-18 06:49:22,895 INFO impl.RaftServerImpl: c9dc481f-cee0-4d83-9619-e53519322a34@group-CCCB6A5F08AA: ConfigurationManager, init=-1: [46a9905c-819d-4608-bc81-395a7e22d3ce:172.18.0.4:9858, c9dc481f-cee0-4d83-9619-e53519322a34:172.18.0.8:9858, a7894b2c-a81e-44ae-9933-4078e65642cd:172.18.0.11:9858], old=null, confs=<EMPTY_MAP>
datanode_3    | 2019-10-18 06:49:22,969 INFO server.RaftServerConfigKeys: raft.server.log.segment.size.max = 1048576 (custom)
freon_1       | 2019-10-18 06:49:44,421 [pool-2-thread-1] INFO       - Creating Bucket: vol-2-02239/bucket-10-19378, with Versioning false and Storage Type set to DISK and Encryption set to false 
datanode_1    | 2019-10-18 06:49:22,879 INFO server.RaftServerConfigKeys: raft.server.rpcslowness.timeout = 120s (custom)
grafana_1     | t=2019-10-18T06:49:13+0000 lvl=info msg="Executing migration" logger=migrator id="create index UQE_api_key_key - v2"
datanode_2    | 2019-10-18 06:49:22,895 INFO server.RaftServerConfigKeys: raft.server.storage.dir = [/data/metadata/ratis] (custom)
datanode_3    | 2019-10-18 06:49:22,970 INFO server.RaftServerConfigKeys: raft.server.log.preallocated.size = 16384 (custom)
freon_1       | 2019-10-18 06:49:44,421 [pool-2-thread-4] INFO       - Creating Bucket: vol-3-71998/bucket-10-81285, with Versioning false and Storage Type set to DISK and Encryption set to false 
datanode_1    | 2019-10-18 06:49:22,880 INFO server.RaftServerConfigKeys: raft.server.sleep.deviation.threshold = 300 (default)
grafana_1     | t=2019-10-18T06:49:13+0000 lvl=info msg="Executing migration" logger=migrator id="create index UQE_api_key_org_id_name - v2"
datanode_2    | 2019-10-18 06:49:22,896 INFO server.RaftServerConfigKeys: raft.server.log.corruption.policy = EXCEPTION (default)
datanode_3    | 2019-10-18 06:49:22,970 INFO server.RaftServerConfigKeys: raft.server.log.write.buffer.size = 33554432 (custom)
freon_1       | 2019-10-18 06:49:44,423 [pool-2-thread-5] INFO       - Creating Bucket: vol-4-43957/bucket-10-77992, with Versioning false and Storage Type set to DISK and Encryption set to false 
datanode_1    | 2019-10-18 06:49:22,880 INFO server.RaftServerConfigKeys: raft.server.log.appender.install.snapshot.enabled = false (custom)
datanode_2    | 2019-10-18 06:49:22,896 INFO storage.RaftStorageDirectory: The storage directory /data/metadata/ratis/95fb6388-984b-4d3f-9c22-cccb6a5f08aa does not exist. Creating ...
datanode_3    | 2019-10-18 06:49:22,970 INFO server.RaftServerConfigKeys: raft.server.log.force.sync.num = 128 (default)
grafana_1     | t=2019-10-18T06:49:13+0000 lvl=info msg="Executing migration" logger=migrator id="copy api_key v1 to v2"
freon_1       | 2019-10-18 06:49:44,424 [pool-2-thread-8] INFO       - Creating Bucket: vol-5-30456/bucket-10-72056, with Versioning false and Storage Type set to DISK and Encryption set to false 
datanode_1    | 2019-10-18 06:49:22,880 INFO impl.RaftServerImpl: 46a9905c-819d-4608-bc81-395a7e22d3ce@group-CCCB6A5F08AA: ConfigurationManager, init=-1: [46a9905c-819d-4608-bc81-395a7e22d3ce:172.18.0.4:9858, c9dc481f-cee0-4d83-9619-e53519322a34:172.18.0.8:9858, a7894b2c-a81e-44ae-9933-4078e65642cd:172.18.0.11:9858], old=null, confs=<EMPTY_MAP>
datanode_2    | 2019-10-18 06:49:22,898 INFO impl.RaftServerImpl: c9dc481f-cee0-4d83-9619-e53519322a34@group-A55CCB4CDF0A: set configuration 0: [c9dc481f-cee0-4d83-9619-e53519322a34:172.18.0.8:9858], old=null at 0
datanode_3    | 2019-10-18 06:49:22,970 INFO server.RaftServerConfigKeys: raft.server.log.statemachine.data.sync = true (default)
freon_1       | 2019-10-18 06:49:44,427 [pool-2-thread-7] INFO       - Creating Bucket: vol-6-91783/bucket-10-71930, with Versioning false and Storage Type set to DISK and Encryption set to false 
datanode_1    | 2019-10-18 06:49:22,880 INFO server.RaftServerConfigKeys: raft.server.storage.dir = [/data/metadata/ratis] (custom)
grafana_1     | t=2019-10-18T06:49:14+0000 lvl=info msg="Executing migration" logger=migrator id="Drop old table api_key_v1"
datanode_2    | 2019-10-18 06:49:22,967 INFO storage.RaftStorageDirectory: Lock on /data/metadata/ratis/95fb6388-984b-4d3f-9c22-cccb6a5f08aa/in_use.lock acquired by nodename 7@624b8b65b496
datanode_3    | 2019-10-18 06:49:22,970 INFO server.RaftServerConfigKeys: raft.server.log.statemachine.data.sync.timeout = 10s (default)
datanode_1    | 2019-10-18 06:49:22,881 INFO server.RaftServerConfigKeys: raft.server.log.corruption.policy = EXCEPTION (default)
freon_1       | 2019-10-18 06:49:44,427 [pool-2-thread-9] INFO       - Creating Bucket: vol-7-14533/bucket-10-02632, with Versioning false and Storage Type set to DISK and Encryption set to false 
grafana_1     | t=2019-10-18T06:49:14+0000 lvl=info msg="Executing migration" logger=migrator id="Update api_key table charset"
datanode_2    | 2019-10-18 06:49:22,981 INFO storage.RaftStorage: Storage directory /data/metadata/ratis/95fb6388-984b-4d3f-9c22-cccb6a5f08aa has been successfully formatted.
datanode_3    | 2019-10-18 06:49:22,970 INFO server.RaftServerConfigKeys: raft.server.log.statemachine.data.sync.timeout.retry = -1 (default)
datanode_1    | 2019-10-18 06:49:22,881 INFO storage.RaftStorageDirectory: The storage directory /data/metadata/ratis/95fb6388-984b-4d3f-9c22-cccb6a5f08aa does not exist. Creating ...
grafana_1     | t=2019-10-18T06:49:14+0000 lvl=info msg="Executing migration" logger=migrator id="Add expires to api_key table"
datanode_2    | 2019-10-18 06:49:22,982 [pool-8-thread-1] INFO       - group-CCCB6A5F08AA: The snapshot info is null. Setting the last applied indexto:(t:0, i:~)
freon_1       | 2019-10-18 06:49:44,429 [pool-2-thread-1] INFO       - Creating Bucket: vol-8-13065/bucket-10-58015, with Versioning false and Storage Type set to DISK and Encryption set to false 
datanode_3    | 2019-10-18 06:49:22,970 INFO server.RaftServerConfigKeys: raft.server.log.statemachine.data.caching.enabled = true (custom)
datanode_1    | 2019-10-18 06:49:22,894 INFO storage.RaftStorageDirectory: Lock on /data/metadata/ratis/95fb6388-984b-4d3f-9c22-cccb6a5f08aa/in_use.lock acquired by nodename 7@b2f8433d5bd8
grafana_1     | t=2019-10-18T06:49:14+0000 lvl=info msg="Executing migration" logger=migrator id="create dashboard_snapshot table v4"
datanode_2    | 2019-10-18 06:49:22,982 INFO server.RaftServerConfigKeys: raft.server.notification.no-leader.timeout = 120s (custom)
freon_1       | 2019-10-18 06:49:44,430 [pool-2-thread-6] INFO       - Creating Bucket: vol-9-71286/bucket-10-13397, with Versioning false and Storage Type set to DISK and Encryption set to false 
datanode_3    | 2019-10-18 06:49:22,971 INFO segmented.SegmentedRaftLogWorker: a7894b2c-a81e-44ae-9933-4078e65642cd@group-CCCB6A5F08AA-SegmentedRaftLogWorker: flushIndex: setUnconditionally 0 -> -1
datanode_1    | 2019-10-18 06:49:22,932 INFO storage.RaftStorage: Storage directory /data/metadata/ratis/95fb6388-984b-4d3f-9c22-cccb6a5f08aa has been successfully formatted.
grafana_1     | t=2019-10-18T06:49:14+0000 lvl=info msg="Executing migration" logger=migrator id="drop table dashboard_snapshot_v4 #1"
datanode_2    | 2019-10-18 06:49:22,982 INFO server.RaftServerConfigKeys: raft.server.log.use.memory = false (default)
freon_1       | 2019-10-18 06:49:44,431 [pool-2-thread-10] INFO       - Creating Bucket: vol-0-38418/bucket-11-74781, with Versioning false and Storage Type set to DISK and Encryption set to false 
datanode_3    | 2019-10-18 06:49:22,971 INFO server.RaftServerConfigKeys: raft.server.snapshot.auto.trigger.enabled = true (custom)
datanode_1    | 2019-10-18 06:49:22,932 [pool-8-thread-1] INFO       - group-CCCB6A5F08AA: The snapshot info is null. Setting the last applied indexto:(t:0, i:~)
grafana_1     | t=2019-10-18T06:49:14+0000 lvl=info msg="Executing migration" logger=migrator id="create dashboard_snapshot table v5 #2"
datanode_2    | 2019-10-18 06:49:22,982 INFO server.RaftServerConfigKeys: raft.server.log.purge.gap = 1000000 (custom)
freon_1       | 2019-10-18 06:49:44,431 [pool-2-thread-3] INFO       - Creating Bucket: vol-1-06408/bucket-11-49554, with Versioning false and Storage Type set to DISK and Encryption set to false 
datanode_3    | 2019-10-18 06:49:22,971 INFO server.RaftServerConfigKeys: raft.server.snapshot.auto.trigger.threshold = 10000 (custom)
datanode_1    | 2019-10-18 06:49:22,933 INFO server.RaftServerConfigKeys: raft.server.notification.no-leader.timeout = 120s (custom)
grafana_1     | t=2019-10-18T06:49:14+0000 lvl=info msg="Executing migration" logger=migrator id="create index UQE_dashboard_snapshot_key - v5"
datanode_2    | 2019-10-18 06:49:22,982 INFO server.RaftServerConfigKeys: raft.server.log.appender.buffer.byte-limit = 33554432 (custom)
freon_1       | 2019-10-18 06:49:44,434 [pool-2-thread-2] INFO       - Creating Bucket: vol-2-02239/bucket-11-94746, with Versioning false and Storage Type set to DISK and Encryption set to false 
datanode_3    | 2019-10-18 06:49:22,971 INFO server.RaftServerConfigKeys: raft.server.snapshot.retention.file.num = 5 (custom)
datanode_1    | 2019-10-18 06:49:22,933 INFO server.RaftServerConfigKeys: raft.server.log.use.memory = false (default)
grafana_1     | t=2019-10-18T06:49:14+0000 lvl=info msg="Executing migration" logger=migrator id="create index UQE_dashboard_snapshot_delete_key - v5"
datanode_2    | 2019-10-18 06:49:22,983 INFO server.RaftServerConfigKeys: raft.server.log.segment.size.max = 1048576 (custom)
freon_1       | 2019-10-18 06:49:44,440 [pool-2-thread-5] INFO       - Creating Bucket: vol-3-71998/bucket-11-13801, with Versioning false and Storage Type set to DISK and Encryption set to false 
datanode_3    | 2019-10-18 06:49:22,972 INFO server.RaftServerConfigKeys: raft.server.retrycache.expirytime = 600000ms (custom)
datanode_1    | 2019-10-18 06:49:22,933 INFO server.RaftServerConfigKeys: raft.server.log.purge.gap = 1000000 (custom)
grafana_1     | t=2019-10-18T06:49:14+0000 lvl=info msg="Executing migration" logger=migrator id="create index IDX_dashboard_snapshot_user_id - v5"
datanode_2    | 2019-10-18 06:49:22,983 INFO server.RaftServerConfigKeys: raft.server.log.segment.cache.num.max = 2 (custom)
freon_1       | 2019-10-18 06:49:44,441 [pool-2-thread-8] INFO       - Creating Bucket: vol-4-43957/bucket-11-05565, with Versioning false and Storage Type set to DISK and Encryption set to false 
datanode_3    | 2019-10-18 06:49:22,975 INFO impl.RaftServerImpl: a7894b2c-a81e-44ae-9933-4078e65642cd@group-CCCB6A5F08AA: start as a follower, conf=-1: [46a9905c-819d-4608-bc81-395a7e22d3ce:172.18.0.4:9858, c9dc481f-cee0-4d83-9619-e53519322a34:172.18.0.8:9858, a7894b2c-a81e-44ae-9933-4078e65642cd:172.18.0.11:9858], old=null
datanode_1    | 2019-10-18 06:49:22,933 INFO server.RaftServerConfigKeys: raft.server.log.appender.buffer.byte-limit = 33554432 (custom)
grafana_1     | t=2019-10-18T06:49:14+0000 lvl=info msg="Executing migration" logger=migrator id="alter dashboard_snapshot to mediumtext v2"
datanode_2    | 2019-10-18 06:49:22,983 INFO segmented.SegmentedRaftLogWorker: new c9dc481f-cee0-4d83-9619-e53519322a34@group-CCCB6A5F08AA-SegmentedRaftLogWorker for RaftStorage:Storage Directory /data/metadata/ratis/95fb6388-984b-4d3f-9c22-cccb6a5f08aa
datanode_3    | 2019-10-18 06:49:22,975 INFO impl.RaftServerImpl: a7894b2c-a81e-44ae-9933-4078e65642cd@group-CCCB6A5F08AA: changes role from      null to FOLLOWER at term 0 for startAsFollower
grafana_1     | t=2019-10-18T06:49:14+0000 lvl=info msg="Executing migration" logger=migrator id="Update dashboard_snapshot table charset"
datanode_1    | 2019-10-18 06:49:22,934 INFO server.RaftServerConfigKeys: raft.server.log.segment.size.max = 1048576 (custom)
freon_1       | 2019-10-18 06:49:44,441 [pool-2-thread-9] INFO       - Creating Bucket: vol-5-30456/bucket-11-31708, with Versioning false and Storage Type set to DISK and Encryption set to false 
datanode_3    | 2019-10-18 06:49:22,975 INFO impl.RoleInfo: a7894b2c-a81e-44ae-9933-4078e65642cd: start FollowerState
grafana_1     | t=2019-10-18T06:49:14+0000 lvl=info msg="Executing migration" logger=migrator id="Add column external_delete_url to dashboard_snapshots table"
datanode_1    | 2019-10-18 06:49:22,934 INFO server.RaftServerConfigKeys: raft.server.log.segment.cache.num.max = 2 (custom)
datanode_2    | 2019-10-18 06:49:22,983 INFO server.RaftServerConfigKeys: raft.server.log.queue.byte-limit = 2147483647 (custom)
datanode_3    | 2019-10-18 06:49:22,975 INFO util.JmxRegister: Successfully registered JMX Bean with object name Ratis:service=RaftServer,group=group-CCCB6A5F08AA,id=a7894b2c-a81e-44ae-9933-4078e65642cd
grafana_1     | t=2019-10-18T06:49:14+0000 lvl=info msg="Executing migration" logger=migrator id="create quota table v1"
datanode_1    | 2019-10-18 06:49:22,934 INFO segmented.SegmentedRaftLogWorker: new 46a9905c-819d-4608-bc81-395a7e22d3ce@group-CCCB6A5F08AA-SegmentedRaftLogWorker for RaftStorage:Storage Directory /data/metadata/ratis/95fb6388-984b-4d3f-9c22-cccb6a5f08aa
freon_1       | 2019-10-18 06:49:44,444 [pool-2-thread-3] INFO       - Creating Bucket: vol-6-91783/bucket-11-62108, with Versioning false and Storage Type set to DISK and Encryption set to false 
datanode_2    | 2019-10-18 06:49:22,983 INFO server.RaftServerConfigKeys: raft.server.log.queue.element-limit = 1024 (custom)
datanode_3    | 2019-10-18 06:49:23,166 INFO impl.FollowerState: a7894b2c-a81e-44ae-9933-4078e65642cd@group-CCCB6A5F08AA-FollowerState: change to CANDIDATE, lastRpcTime:190ms, electionTimeout:190ms
