scm_1       | 2019-10-18 06:47:16,911 INFO server.SCMDatanodeProtocolServer: RPC server for DataNodes is listening at /0.0.0.0:9861
om_1        | 2019-10-18 06:47:21,185 INFO http.HttpRequestLog: Http request log for http.requests.ozoneManager is not defined
datanode_3  | 2019-10-18 06:47:20,306 INFO server.RaftServerConfigKeys: raft.server.log.write.buffer.size = 33554432 (custom)
datanode_1  | 2019-10-18 06:47:19,619 INFO server.RaftServerConfigKeys: raft.server.log.segment.size.max = 1048576 (custom)
scm_1       | 2019-10-18 06:47:16,912 INFO ipc.Server: IPC Server Responder: starting
om_1        | 2019-10-18 06:47:21,192 INFO http.HttpServer2: Added global filter 'safety' (class=org.apache.hadoop.http.HttpServer2$QuotingInputFilter)
datanode_3  | 2019-10-18 06:47:20,307 INFO server.RaftServerConfigKeys: raft.server.log.force.sync.num = 128 (default)
datanode_2  | 2019-10-18 06:47:20,817 INFO segmented.SegmentedRaftLogWorker: new 43f6e927-84d7-46f0-8ba5-73ee37fa31ac@group-5FA7E377D190-SegmentedRaftLogWorker for RaftStorage:Storage Directory /data/metadata/ratis/86d3b125-ca45-4c78-9e89-5fa7e377d190
datanode_1  | 2019-10-18 06:47:19,621 WARN impl.MetricsSystemImpl: HddsDatanode metrics system already initialized!
scm_1       | 2019-10-18 06:47:16,913 INFO ipc.Server: IPC Server listener on 9861: starting
om_1        | 2019-10-18 06:47:21,194 INFO http.HttpServer2: Added filter static_user_filter (class=org.apache.hadoop.http.lib.StaticUserWebFilter$StaticUserFilter) to context ozoneManager
datanode_3  | 2019-10-18 06:47:20,307 INFO server.RaftServerConfigKeys: raft.server.log.statemachine.data.sync = true (default)
datanode_2  | 2019-10-18 06:47:20,817 INFO server.RaftServerConfigKeys: raft.server.log.queue.byte-limit = 2147483647 (custom)
datanode_1  | 2019-10-18 06:47:19,625 INFO metrics.MetricRegistries: Loaded MetricRegistries class org.apache.ratis.metrics.impl.MetricRegistriesImpl
scm_1       | 2019-10-18 06:47:16,917 INFO http.HttpServer2: Jetty bound to port 9876
om_1        | 2019-10-18 06:47:21,194 INFO http.HttpServer2: Added filter static_user_filter (class=org.apache.hadoop.http.lib.StaticUserWebFilter$StaticUserFilter) to context logs
datanode_3  | 2019-10-18 06:47:20,307 INFO server.RaftServerConfigKeys: raft.server.log.statemachine.data.sync.timeout = 10s (default)
datanode_2  | 2019-10-18 06:47:20,818 INFO server.RaftServerConfigKeys: raft.server.log.queue.element-limit = 1024 (custom)
datanode_1  | 2019-10-18 06:47:19,663 INFO server.RaftServerConfigKeys: raft.server.log.segment.cache.num.max = 2 (custom)
scm_1       | 2019-10-18 06:47:16,919 INFO server.Server: jetty-9.3.25.v20180904, build timestamp: 2018-09-04T21:11:46Z, git hash: 3ce520221d0240229c862b122d2b06c12a625732
om_1        | 2019-10-18 06:47:21,195 INFO http.HttpServer2: Added filter static_user_filter (class=org.apache.hadoop.http.lib.StaticUserWebFilter$StaticUserFilter) to context static
datanode_3  | 2019-10-18 06:47:20,308 INFO server.RaftServerConfigKeys: raft.server.log.statemachine.data.sync.timeout.retry = -1 (default)
datanode_2  | 2019-10-18 06:47:20,819 INFO server.RaftServerConfigKeys: raft.server.log.segment.size.max = 1048576 (custom)
datanode_1  | 2019-10-18 06:47:19,667 INFO segmented.SegmentedRaftLogWorker: new 4e1525c8-1206-44b9-8062-085cf04c9d43@group-C4F36ADAB3A3-SegmentedRaftLogWorker for RaftStorage:Storage Directory /data/metadata/ratis/846d9734-250f-4f87-a603-c4f36adab3a3
scm_1       | 2019-10-18 06:47:16,964 INFO handler.ContextHandler: Started o.e.j.s.ServletContextHandler@73017a80{/logs,file:///var/log/hadoop/,AVAILABLE}
om_1        | 2019-10-18 06:47:21,213 WARN server.BaseHttpServer: /prof java profiling servlet is activated. Not safe for production!
datanode_2  | 2019-10-18 06:47:20,819 INFO server.RaftServerConfigKeys: raft.server.log.preallocated.size = 16384 (custom)
datanode_3  | 2019-10-18 06:47:20,317 INFO server.RaftServerConfigKeys: raft.server.log.statemachine.data.caching.enabled = true (custom)
datanode_1  | 2019-10-18 06:47:19,668 INFO server.RaftServerConfigKeys: raft.server.log.queue.byte-limit = 2147483647 (custom)
scm_1       | 2019-10-18 06:47:16,965 INFO handler.ContextHandler: Started o.e.j.s.ServletContextHandler@5c0f79f0{/static,jar:file:/opt/hadoop/share/ozone/lib/hadoop-hdds-server-scm-0.5.0-SNAPSHOT.jar!/webapps/static,AVAILABLE}
om_1        | 2019-10-18 06:47:21,216 INFO http.HttpServer2: Jetty bound to port 9874
datanode_2  | 2019-10-18 06:47:20,820 INFO server.RaftServerConfigKeys: raft.server.log.write.buffer.size = 33554432 (custom)
datanode_3  | 2019-10-18 06:47:20,320 INFO segmented.SegmentedRaftLogWorker: 58967184-28d3-4b3a-9804-94d3c022534c@group-244D90F89EB5-SegmentedRaftLogWorker: flushIndex: setUnconditionally 0 -> -1
scm_1       | 2019-10-18 06:47:17,040 INFO handler.ContextHandler: Started o.e.j.w.WebAppContext@1292071f{/,file:///tmp/jetty-0.0.0.0-9876-scm-_-any-8421553267400612069.dir/webapp/,AVAILABLE}{/scm}
datanode_1  | 2019-10-18 06:47:19,668 INFO server.RaftServerConfigKeys: raft.server.log.queue.element-limit = 1024 (custom)
om_1        | 2019-10-18 06:47:21,217 INFO server.Server: jetty-9.3.25.v20180904, build timestamp: 2018-09-04T21:11:46Z, git hash: 3ce520221d0240229c862b122d2b06c12a625732
datanode_2  | 2019-10-18 06:47:20,820 INFO server.RaftServerConfigKeys: raft.server.log.force.sync.num = 128 (default)
datanode_3  | 2019-10-18 06:47:20,324 INFO server.RaftServerConfigKeys: raft.server.snapshot.auto.trigger.enabled = true (custom)
scm_1       | 2019-10-18 06:47:17,050 INFO server.AbstractConnector: Started ServerConnector@7fbb97b8{HTTP/1.1,[http/1.1]}{0.0.0.0:9876}
datanode_1  | 2019-10-18 06:47:19,669 INFO server.RaftServerConfigKeys: raft.server.log.segment.size.max = 1048576 (custom)
om_1        | 2019-10-18 06:47:21,246 INFO handler.ContextHandler: Started o.e.j.s.ServletContextHandler@169268a7{/logs,file:///var/log/hadoop/,AVAILABLE}
datanode_2  | 2019-10-18 06:47:20,821 INFO server.RaftServerConfigKeys: raft.server.log.statemachine.data.sync = true (default)
datanode_3  | 2019-10-18 06:47:20,325 INFO server.RaftServerConfigKeys: raft.server.snapshot.auto.trigger.threshold = 10000 (custom)
scm_1       | 2019-10-18 06:47:17,050 INFO server.Server: Started @3285ms
datanode_1  | 2019-10-18 06:47:19,669 INFO server.RaftServerConfigKeys: raft.server.log.preallocated.size = 16384 (custom)
om_1        | 2019-10-18 06:47:21,247 INFO handler.ContextHandler: Started o.e.j.s.ServletContextHandler@313f8301{/static,jar:file:/opt/hadoop/share/ozone/lib/hadoop-ozone-ozone-manager-0.5.0-SNAPSHOT.jar!/webapps/static,AVAILABLE}
datanode_2  | 2019-10-18 06:47:20,822 INFO server.RaftServerConfigKeys: raft.server.log.statemachine.data.sync.timeout = 10s (default)
datanode_3  | 2019-10-18 06:47:20,325 INFO server.RaftServerConfigKeys: raft.server.snapshot.retention.file.num = 5 (custom)
scm_1       | 2019-10-18 06:47:17,055 INFO impl.MetricsSinkAdapter: Sink prometheus started
datanode_1  | 2019-10-18 06:47:19,670 INFO server.RaftServerConfigKeys: raft.server.log.write.buffer.size = 33554432 (custom)
om_1        | 2019-10-18 06:47:21,330 INFO handler.ContextHandler: Started o.e.j.w.WebAppContext@66933239{/,file:///tmp/jetty-0.0.0.0-9874-ozoneManager-_-any-14769627092597467284.dir/webapp/,AVAILABLE}{/ozoneManager}
datanode_2  | 2019-10-18 06:47:20,822 INFO server.RaftServerConfigKeys: raft.server.log.statemachine.data.sync.timeout.retry = -1 (default)
datanode_3  | 2019-10-18 06:47:20,326 INFO server.RaftServerConfigKeys: raft.server.retrycache.expirytime = 600000ms (custom)
scm_1       | 2019-10-18 06:47:17,055 INFO impl.MetricsSystemImpl: Registered sink prometheus
datanode_1  | 2019-10-18 06:47:19,670 INFO server.RaftServerConfigKeys: raft.server.log.force.sync.num = 128 (default)
datanode_2  | 2019-10-18 06:47:20,833 INFO server.RaftServerConfigKeys: raft.server.log.statemachine.data.caching.enabled = true (custom)
om_1        | 2019-10-18 06:47:21,337 INFO server.AbstractConnector: Started ServerConnector@4a901445{HTTP/1.1,[http/1.1]}{0.0.0.0:9874}
datanode_3  | 2019-10-18 06:47:20,352 INFO impl.RaftServerImpl: 58967184-28d3-4b3a-9804-94d3c022534c@group-244D90F89EB5: start as a follower, conf=-1: [58967184-28d3-4b3a-9804-94d3c022534c:172.18.0.6:9858], old=null
datanode_1  | 2019-10-18 06:47:19,671 INFO server.RaftServerConfigKeys: raft.server.log.statemachine.data.sync = true (default)
datanode_2  | 2019-10-18 06:47:20,838 INFO segmented.SegmentedRaftLogWorker: 43f6e927-84d7-46f0-8ba5-73ee37fa31ac@group-5FA7E377D190-SegmentedRaftLogWorker: flushIndex: setUnconditionally 0 -> -1
om_1        | 2019-10-18 06:47:21,337 INFO server.Server: Started @3916ms
scm_1       | 2019-10-18 06:47:17,059 INFO server.BaseHttpServer: HTTP server of SCM is listening at http://0.0.0.0:9876
datanode_3  | 2019-10-18 06:47:20,353 INFO impl.RaftServerImpl: 58967184-28d3-4b3a-9804-94d3c022534c@group-244D90F89EB5: changes role from      null to FOLLOWER at term 0 for startAsFollower
datanode_1  | 2019-10-18 06:47:19,671 INFO server.RaftServerConfigKeys: raft.server.log.statemachine.data.sync.timeout = 10s (default)
datanode_2  | 2019-10-18 06:47:20,843 INFO server.RaftServerConfigKeys: raft.server.snapshot.auto.trigger.enabled = true (custom)
om_1        | 2019-10-18 06:47:21,339 INFO impl.MetricsSinkAdapter: Sink prometheus started
scm_1       | 2019-10-18 06:47:17,070 INFO util.JvmPauseMonitor: Starting JVM pause monitor
datanode_3  | 2019-10-18 06:47:20,354 INFO impl.RoleInfo: 58967184-28d3-4b3a-9804-94d3c022534c: start FollowerState
datanode_2  | 2019-10-18 06:47:20,844 INFO server.RaftServerConfigKeys: raft.server.snapshot.auto.trigger.threshold = 10000 (custom)
datanode_1  | 2019-10-18 06:47:19,671 INFO server.RaftServerConfigKeys: raft.server.log.statemachine.data.sync.timeout.retry = -1 (default)
om_1        | 2019-10-18 06:47:21,339 INFO impl.MetricsSystemImpl: Registered sink prometheus
datanode_3  | 2019-10-18 06:47:20,358 INFO util.JmxRegister: Successfully registered JMX Bean with object name Ratis:service=RaftServer,group=group-244D90F89EB5,id=58967184-28d3-4b3a-9804-94d3c022534c
scm_1       | 2019-10-18 06:47:18,564 INFO net.NetworkTopology: Added a new node: /default-rack/4e1525c8-1206-44b9-8062-085cf04c9d43
datanode_2  | 2019-10-18 06:47:20,844 INFO server.RaftServerConfigKeys: raft.server.snapshot.retention.file.num = 5 (custom)
datanode_1  | 2019-10-18 06:47:19,680 INFO server.RaftServerConfigKeys: raft.server.log.statemachine.data.caching.enabled = true (custom)
om_1        | 2019-10-18 06:47:21,341 INFO server.BaseHttpServer: HTTP server of OZONEMANAGER is listening at http://0.0.0.0:9874
datanode_3  | 2019-10-18 06:47:20,416 INFO impl.FollowerState: 58967184-28d3-4b3a-9804-94d3c022534c@group-244D90F89EB5-FollowerState: change to CANDIDATE, lastRpcTime:62ms, electionTimeout:62ms
scm_1       | 2019-10-18 06:47:18,564 INFO node.SCMNodeManager: Registered Data node : 4e1525c8-1206-44b9-8062-085cf04c9d43{ip: 172.18.0.4, host: ozone_datanode_1.ozone_default, networkLocation: /default-rack, certSerialId: null}
datanode_2  | 2019-10-18 06:47:20,845 INFO server.RaftServerConfigKeys: raft.server.retrycache.expirytime = 600000ms (custom)
datanode_1  | 2019-10-18 06:47:19,683 INFO segmented.SegmentedRaftLogWorker: 4e1525c8-1206-44b9-8062-085cf04c9d43@group-C4F36ADAB3A3-SegmentedRaftLogWorker: flushIndex: setUnconditionally 0 -> -1
datanode_3  | 2019-10-18 06:47:20,419 INFO impl.RoleInfo: 58967184-28d3-4b3a-9804-94d3c022534c: shutdown FollowerState
om_1        | 2019-10-18 06:47:35,114 [IPC Server handler 0 on 9862] INFO       - created volume:vol-0-91367 for user:hadoop
scm_1       | 2019-10-18 06:47:18,570 INFO safemode.SCMSafeModeManager: SCM in safe mode. 1 DataNodes registered, 1 required.
datanode_2  | 2019-10-18 06:47:20,881 INFO impl.RaftServerImpl: 43f6e927-84d7-46f0-8ba5-73ee37fa31ac@group-5FA7E377D190: start as a follower, conf=-1: [43f6e927-84d7-46f0-8ba5-73ee37fa31ac:172.18.0.5:9858], old=null
datanode_1  | 2019-10-18 06:47:19,688 INFO server.RaftServerConfigKeys: raft.server.snapshot.auto.trigger.enabled = true (custom)
datanode_3  | 2019-10-18 06:47:20,419 INFO impl.RaftServerImpl: 58967184-28d3-4b3a-9804-94d3c022534c@group-244D90F89EB5: changes role from  FOLLOWER to CANDIDATE at term 0 for changeToCandidate
om_1        | 2019-10-18 06:47:35,141 [IPC Server handler 1 on 9862] INFO       - created volume:vol-1-34437 for user:hadoop
scm_1       | 2019-10-18 06:47:18,571 INFO safemode.SCMSafeModeManager: ScmSafeModeManager, all rules are successfully validated
datanode_2  | 2019-10-18 06:47:20,883 INFO impl.RaftServerImpl: 43f6e927-84d7-46f0-8ba5-73ee37fa31ac@group-5FA7E377D190: changes role from      null to FOLLOWER at term 0 for startAsFollower
datanode_1  | 2019-10-18 06:47:19,689 INFO server.RaftServerConfigKeys: raft.server.snapshot.auto.trigger.threshold = 10000 (custom)
datanode_3  | 2019-10-18 06:47:20,424 INFO impl.RoleInfo: 58967184-28d3-4b3a-9804-94d3c022534c: start LeaderElection
om_1        | 2019-10-18 06:47:35,150 [IPC Server handler 2 on 9862] INFO       - created volume:vol-2-41381 for user:hadoop
scm_1       | 2019-10-18 06:47:18,571 INFO safemode.SCMSafeModeManager: SCM exiting safe mode.
datanode_2  | 2019-10-18 06:47:20,884 INFO impl.RoleInfo: 43f6e927-84d7-46f0-8ba5-73ee37fa31ac: start FollowerState
datanode_1  | 2019-10-18 06:47:19,689 INFO server.RaftServerConfigKeys: raft.server.snapshot.retention.file.num = 5 (custom)
datanode_3  | 2019-10-18 06:47:20,431 INFO impl.LeaderElection: 58967184-28d3-4b3a-9804-94d3c022534c@group-244D90F89EB5-LeaderElection1: begin an election at term 1 for -1: [58967184-28d3-4b3a-9804-94d3c022534c:172.18.0.6:9858], old=null
om_1        | 2019-10-18 06:47:35,159 [IPC Server handler 6 on 9862] INFO       - created volume:vol-3-37489 for user:hadoop
scm_1       | 2019-10-18 06:47:18,756 INFO net.NetworkTopology: Added a new node: /default-rack/58967184-28d3-4b3a-9804-94d3c022534c
datanode_2  | 2019-10-18 06:47:20,889 INFO util.JmxRegister: Successfully registered JMX Bean with object name Ratis:service=RaftServer,group=group-5FA7E377D190,id=43f6e927-84d7-46f0-8ba5-73ee37fa31ac
datanode_1  | 2019-10-18 06:47:19,690 INFO server.RaftServerConfigKeys: raft.server.retrycache.expirytime = 600000ms (custom)
datanode_3  | 2019-10-18 06:47:20,433 INFO impl.RoleInfo: 58967184-28d3-4b3a-9804-94d3c022534c: shutdown LeaderElection
om_1        | 2019-10-18 06:47:35,167 [IPC Server handler 8 on 9862] INFO       - created volume:vol-4-91041 for user:hadoop
scm_1       | 2019-10-18 06:47:18,756 INFO node.SCMNodeManager: Registered Data node : 58967184-28d3-4b3a-9804-94d3c022534c{ip: 172.18.0.6, host: ozone_datanode_3.ozone_default, networkLocation: /default-rack, certSerialId: null}
datanode_2  | 2019-10-18 06:47:20,925 INFO impl.FollowerState: 43f6e927-84d7-46f0-8ba5-73ee37fa31ac@group-5FA7E377D190-FollowerState: change to CANDIDATE, lastRpcTime:41ms, electionTimeout:40ms
datanode_1  | 2019-10-18 06:47:19,719 INFO impl.RaftServerImpl: 4e1525c8-1206-44b9-8062-085cf04c9d43@group-C4F36ADAB3A3: start as a follower, conf=-1: [4e1525c8-1206-44b9-8062-085cf04c9d43:172.18.0.4:9858], old=null
datanode_3  | 2019-10-18 06:47:20,433 INFO impl.RaftServerImpl: 58967184-28d3-4b3a-9804-94d3c022534c@group-244D90F89EB5: changes role from CANDIDATE to LEADER at term 1 for changeToLeader
om_1        | 2019-10-18 06:47:49,448 [IPC Server handler 4 on 9862] INFO       - created volume:eumbr for user:hadoop
datanode_2  | 2019-10-18 06:47:20,927 INFO impl.RoleInfo: 43f6e927-84d7-46f0-8ba5-73ee37fa31ac: shutdown FollowerState
datanode_1  | 2019-10-18 06:47:19,720 INFO impl.RaftServerImpl: 4e1525c8-1206-44b9-8062-085cf04c9d43@group-C4F36ADAB3A3: changes role from      null to FOLLOWER at term 0 for startAsFollower
datanode_3  | 2019-10-18 06:47:20,433 [58967184-28d3-4b3a-9804-94d3c022534c@group-244D90F89EB5-LeaderElection1] INFO       - Leader change notification received for group: group-244D90F89EB5 with new leaderId: 58967184-28d3-4b3a-9804-94d3c022534c
scm_1       | 2019-10-18 06:47:18,780 INFO net.NetworkTopology: Added a new node: /default-rack/43f6e927-84d7-46f0-8ba5-73ee37fa31ac
datanode_2  | 2019-10-18 06:47:20,927 INFO impl.RaftServerImpl: 43f6e927-84d7-46f0-8ba5-73ee37fa31ac@group-5FA7E377D190: changes role from  FOLLOWER to CANDIDATE at term 0 for changeToCandidate
datanode_1  | 2019-10-18 06:47:19,722 INFO impl.RoleInfo: 4e1525c8-1206-44b9-8062-085cf04c9d43: start FollowerState
datanode_3  | 2019-10-18 06:47:20,438 INFO impl.RaftServerImpl: 58967184-28d3-4b3a-9804-94d3c022534c@group-244D90F89EB5: change Leader from null to 58967184-28d3-4b3a-9804-94d3c022534c at term 1 for becomeLeader, leader elected after 195ms
scm_1       | 2019-10-18 06:47:18,780 INFO node.SCMNodeManager: Registered Data node : 43f6e927-84d7-46f0-8ba5-73ee37fa31ac{ip: 172.18.0.5, host: ozone_datanode_2.ozone_default, networkLocation: /default-rack, certSerialId: null}
datanode_2  | 2019-10-18 06:47:20,930 INFO impl.RoleInfo: 43f6e927-84d7-46f0-8ba5-73ee37fa31ac: start LeaderElection
datanode_3  | 2019-10-18 06:47:20,443 INFO server.RaftServerConfigKeys: raft.server.staging.catchup.gap = 1000 (default)
scm_1       | WARNING: An illegal reflective access operation has occurred
datanode_1  | 2019-10-18 06:47:19,725 INFO util.JmxRegister: Successfully registered JMX Bean with object name Ratis:service=RaftServer,group=group-C4F36ADAB3A3,id=4e1525c8-1206-44b9-8062-085cf04c9d43
datanode_3  | 2019-10-18 06:47:20,444 INFO server.RaftServerConfigKeys: raft.server.rpc.sleep.time = 25ms (default)
datanode_2  | 2019-10-18 06:47:20,946 INFO impl.LeaderElection: 43f6e927-84d7-46f0-8ba5-73ee37fa31ac@group-5FA7E377D190-LeaderElection1: begin an election at term 1 for -1: [43f6e927-84d7-46f0-8ba5-73ee37fa31ac:172.18.0.5:9858], old=null
scm_1       | WARNING: Illegal reflective access by org.apache.ratis.thirdparty.com.google.protobuf.UnsafeUtil (file:/opt/hadoop/share/ozone/lib/ratis-thirdparty-misc-0.2.0.jar) to field java.nio.Buffer.address
datanode_1  | 2019-10-18 06:47:19,756 INFO impl.FollowerState: 4e1525c8-1206-44b9-8062-085cf04c9d43@group-C4F36ADAB3A3-FollowerState: change to CANDIDATE, lastRpcTime:34ms, electionTimeout:34ms
datanode_3  | 2019-10-18 06:47:20,447 INFO server.RaftServerConfigKeys: raft.server.write.element-limit = 4096 (default)
datanode_2  | 2019-10-18 06:47:20,947 INFO impl.RoleInfo: 43f6e927-84d7-46f0-8ba5-73ee37fa31ac: shutdown LeaderElection
scm_1       | WARNING: Please consider reporting this to the maintainers of org.apache.ratis.thirdparty.com.google.protobuf.UnsafeUtil
datanode_3  | 2019-10-18 06:47:20,451 INFO server.RaftServerConfigKeys: raft.server.watch.timeout = 10s (default)
datanode_2  | 2019-10-18 06:47:20,948 INFO impl.RaftServerImpl: 43f6e927-84d7-46f0-8ba5-73ee37fa31ac@group-5FA7E377D190: changes role from CANDIDATE to LEADER at term 1 for changeToLeader
scm_1       | WARNING: Use --illegal-access=warn to enable warnings of further illegal reflective access operations
datanode_1  | 2019-10-18 06:47:19,759 INFO impl.RoleInfo: 4e1525c8-1206-44b9-8062-085cf04c9d43: shutdown FollowerState
datanode_3  | 2019-10-18 06:47:20,451 INFO server.RaftServerConfigKeys: raft.server.watch.timeout.denomination = 1s (default)
datanode_2  | 2019-10-18 06:47:20,948 [43f6e927-84d7-46f0-8ba5-73ee37fa31ac@group-5FA7E377D190-LeaderElection1] INFO       - Leader change notification received for group: group-5FA7E377D190 with new leaderId: 43f6e927-84d7-46f0-8ba5-73ee37fa31ac
scm_1       | WARNING: All illegal access operations will be denied in a future release
datanode_1  | 2019-10-18 06:47:19,760 INFO impl.RaftServerImpl: 4e1525c8-1206-44b9-8062-085cf04c9d43@group-C4F36ADAB3A3: changes role from  FOLLOWER to CANDIDATE at term 0 for changeToCandidate
datanode_3  | 2019-10-18 06:47:20,452 INFO server.RaftServerConfigKeys: raft.server.watch.element-limit = 65536 (default)
datanode_2  | 2019-10-18 06:47:20,958 INFO impl.RaftServerImpl: 43f6e927-84d7-46f0-8ba5-73ee37fa31ac@group-5FA7E377D190: change Leader from null to 43f6e927-84d7-46f0-8ba5-73ee37fa31ac at term 1 for becomeLeader, leader elected after 196ms
scm_1       | 2019-10-18 06:47:19,818 INFO pipeline.PipelineStateManager: Created pipeline Pipeline[ Id: 846d9734-250f-4f87-a603-c4f36adab3a3, Nodes: 4e1525c8-1206-44b9-8062-085cf04c9d43{ip: 172.18.0.4, host: ozone_datanode_1.ozone_default, networkLocation: /default-rack, certSerialId: null}, Type:RATIS, Factor:ONE, State:ALLOCATED]
datanode_1  | 2019-10-18 06:47:19,762 INFO impl.RoleInfo: 4e1525c8-1206-44b9-8062-085cf04c9d43: start LeaderElection
datanode_3  | 2019-10-18 06:47:20,467 INFO impl.RoleInfo: 58967184-28d3-4b3a-9804-94d3c022534c: start LeaderState
datanode_2  | 2019-10-18 06:47:20,964 INFO server.RaftServerConfigKeys: raft.server.staging.catchup.gap = 1000 (default)
scm_1       | 2019-10-18 06:47:20,424 INFO pipeline.PipelineStateManager: Created pipeline Pipeline[ Id: 3aed6469-dfa4-417e-a769-244d90f89eb5, Nodes: 58967184-28d3-4b3a-9804-94d3c022534c{ip: 172.18.0.6, host: ozone_datanode_3.ozone_default, networkLocation: /default-rack, certSerialId: null}, Type:RATIS, Factor:ONE, State:ALLOCATED]
datanode_1  | 2019-10-18 06:47:19,797 INFO impl.LeaderElection: 4e1525c8-1206-44b9-8062-085cf04c9d43@group-C4F36ADAB3A3-LeaderElection1: begin an election at term 1 for -1: [4e1525c8-1206-44b9-8062-085cf04c9d43:172.18.0.4:9858], old=null
datanode_3  | 2019-10-18 06:47:20,486 INFO segmented.SegmentedRaftLogWorker: 58967184-28d3-4b3a-9804-94d3c022534c@group-244D90F89EB5-SegmentedRaftLogWorker: Starting segment from index:0
datanode_2  | 2019-10-18 06:47:20,964 INFO server.RaftServerConfigKeys: raft.server.rpc.sleep.time = 25ms (default)
scm_1       | 2019-10-18 06:47:20,963 INFO pipeline.PipelineStateManager: Created pipeline Pipeline[ Id: 86d3b125-ca45-4c78-9e89-5fa7e377d190, Nodes: 43f6e927-84d7-46f0-8ba5-73ee37fa31ac{ip: 172.18.0.5, host: ozone_datanode_2.ozone_default, networkLocation: /default-rack, certSerialId: null}, Type:RATIS, Factor:ONE, State:ALLOCATED]
datanode_1  | 2019-10-18 06:47:19,798 INFO impl.RoleInfo: 4e1525c8-1206-44b9-8062-085cf04c9d43: shutdown LeaderElection
datanode_3  | 2019-10-18 06:47:20,495 INFO impl.RaftServerImpl: 58967184-28d3-4b3a-9804-94d3c022534c@group-244D90F89EB5: set configuration 0: [58967184-28d3-4b3a-9804-94d3c022534c:172.18.0.6:9858], old=null at 0
datanode_2  | 2019-10-18 06:47:20,968 INFO server.RaftServerConfigKeys: raft.server.write.element-limit = 4096 (default)
scm_1       | 2019-10-18 06:47:21,108 INFO pipeline.PipelineStateManager: Created pipeline Pipeline[ Id: fdf01eab-a442-44c1-96d0-44adf2c08b38, Nodes: 58967184-28d3-4b3a-9804-94d3c022534c{ip: 172.18.0.6, host: ozone_datanode_3.ozone_default, networkLocation: /default-rack, certSerialId: null}4e1525c8-1206-44b9-8062-085cf04c9d43{ip: 172.18.0.4, host: ozone_datanode_1.ozone_default, networkLocation: /default-rack, certSerialId: null}43f6e927-84d7-46f0-8ba5-73ee37fa31ac{ip: 172.18.0.5, host: ozone_datanode_2.ozone_default, networkLocation: /default-rack, certSerialId: null}, Type:RATIS, Factor:THREE, State:ALLOCATED]
datanode_1  | 2019-10-18 06:47:19,799 INFO impl.RaftServerImpl: 4e1525c8-1206-44b9-8062-085cf04c9d43@group-C4F36ADAB3A3: changes role from CANDIDATE to LEADER at term 1 for changeToLeader
datanode_3  | 2019-10-18 06:47:20,599 INFO segmented.SegmentedRaftLogWorker: 58967184-28d3-4b3a-9804-94d3c022534c@group-244D90F89EB5-SegmentedRaftLogWorker: created new log segment /data/metadata/ratis/3aed6469-dfa4-417e-a769-244d90f89eb5/current/log_inprogress_0
datanode_2  | 2019-10-18 06:47:20,971 INFO server.RaftServerConfigKeys: raft.server.watch.timeout = 10s (default)
scm_1       | 2019-10-18 06:47:21,110 INFO pipeline.PipelineReportHandler: Pipeline PipelineID=846d9734-250f-4f87-a603-c4f36adab3a3 reported by 4e1525c8-1206-44b9-8062-085cf04c9d43{ip: 172.18.0.4, host: ozone_datanode_1.ozone_default, networkLocation: /default-rack, certSerialId: null} with leaderId 4e1525c8-1206-44b9-8062-085cf04c9d43
datanode_1  | 2019-10-18 06:47:19,799 [4e1525c8-1206-44b9-8062-085cf04c9d43@group-C4F36ADAB3A3-LeaderElection1] INFO       - Leader change notification received for group: group-C4F36ADAB3A3 with new leaderId: 4e1525c8-1206-44b9-8062-085cf04c9d43
datanode_3  | 2019-10-18 06:47:21,031 INFO impl.RaftServerProxy: 58967184-28d3-4b3a-9804-94d3c022534c: addNew group-44ADF2C08B38:[43f6e927-84d7-46f0-8ba5-73ee37fa31ac:172.18.0.5:9858, 4e1525c8-1206-44b9-8062-085cf04c9d43:172.18.0.4:9858, 58967184-28d3-4b3a-9804-94d3c022534c:172.18.0.6:9858] returns group-44ADF2C08B38:java.util.concurrent.CompletableFuture@7b170670[Not completed]
datanode_2  | 2019-10-18 06:47:20,971 INFO server.RaftServerConfigKeys: raft.server.watch.timeout.denomination = 1s (default)
scm_1       | 2019-10-18 06:47:21,112 INFO pipeline.PipelineStateManager: Pipeline Pipeline[ Id: 846d9734-250f-4f87-a603-c4f36adab3a3, Nodes: 4e1525c8-1206-44b9-8062-085cf04c9d43{ip: 172.18.0.4, host: ozone_datanode_1.ozone_default, networkLocation: /default-rack, certSerialId: null}, Type:RATIS, Factor:ONE, State:OPEN] moved to OPEN state
datanode_1  | 2019-10-18 06:47:19,804 INFO impl.RaftServerImpl: 4e1525c8-1206-44b9-8062-085cf04c9d43@group-C4F36ADAB3A3: change Leader from null to 4e1525c8-1206-44b9-8062-085cf04c9d43 at term 1 for becomeLeader, leader elected after 189ms
datanode_3  | 2019-10-18 06:47:21,035 INFO impl.RaftServerImpl: 58967184-28d3-4b3a-9804-94d3c022534c: new RaftServerImpl for group-44ADF2C08B38:[43f6e927-84d7-46f0-8ba5-73ee37fa31ac:172.18.0.5:9858, 4e1525c8-1206-44b9-8062-085cf04c9d43:172.18.0.4:9858, 58967184-28d3-4b3a-9804-94d3c022534c:172.18.0.6:9858] with ContainerStateMachine:uninitialized
datanode_2  | 2019-10-18 06:47:20,972 INFO server.RaftServerConfigKeys: raft.server.watch.element-limit = 65536 (default)
scm_1       | 2019-10-18 06:47:21,112 INFO pipeline.PipelineReportHandler: Pipeline PipelineID=3aed6469-dfa4-417e-a769-244d90f89eb5 reported by 58967184-28d3-4b3a-9804-94d3c022534c{ip: 172.18.0.6, host: ozone_datanode_3.ozone_default, networkLocation: /default-rack, certSerialId: null} with leaderId 58967184-28d3-4b3a-9804-94d3c022534c
datanode_1  | 2019-10-18 06:47:19,807 INFO server.RaftServerConfigKeys: raft.server.staging.catchup.gap = 1000 (default)
datanode_3  | 2019-10-18 06:47:21,036 INFO server.RaftServerConfigKeys: raft.server.rpc.timeout.min = 5s (custom)
datanode_2  | 2019-10-18 06:47:20,988 INFO impl.RoleInfo: 43f6e927-84d7-46f0-8ba5-73ee37fa31ac: start LeaderState
scm_1       | 2019-10-18 06:47:21,113 INFO pipeline.PipelineStateManager: Pipeline Pipeline[ Id: 3aed6469-dfa4-417e-a769-244d90f89eb5, Nodes: 58967184-28d3-4b3a-9804-94d3c022534c{ip: 172.18.0.6, host: ozone_datanode_3.ozone_default, networkLocation: /default-rack, certSerialId: null}, Type:RATIS, Factor:ONE, State:OPEN] moved to OPEN state
datanode_1  | 2019-10-18 06:47:19,807 INFO server.RaftServerConfigKeys: raft.server.rpc.sleep.time = 25ms (default)
datanode_2  | 2019-10-18 06:47:21,005 INFO segmented.SegmentedRaftLogWorker: 43f6e927-84d7-46f0-8ba5-73ee37fa31ac@group-5FA7E377D190-SegmentedRaftLogWorker: Starting segment from index:0
scm_1       | 2019-10-18 06:47:21,113 INFO pipeline.PipelineReportHandler: Pipeline PipelineID=86d3b125-ca45-4c78-9e89-5fa7e377d190 reported by 43f6e927-84d7-46f0-8ba5-73ee37fa31ac{ip: 172.18.0.5, host: ozone_datanode_2.ozone_default, networkLocation: /default-rack, certSerialId: null} with leaderId 43f6e927-84d7-46f0-8ba5-73ee37fa31ac
datanode_1  | 2019-10-18 06:47:19,811 INFO server.RaftServerConfigKeys: raft.server.write.element-limit = 4096 (default)
datanode_2  | 2019-10-18 06:47:21,016 INFO impl.RaftServerImpl: 43f6e927-84d7-46f0-8ba5-73ee37fa31ac@group-5FA7E377D190: set configuration 0: [43f6e927-84d7-46f0-8ba5-73ee37fa31ac:172.18.0.5:9858], old=null at 0
scm_1       | 2019-10-18 06:47:21,113 INFO pipeline.PipelineStateManager: Pipeline Pipeline[ Id: 86d3b125-ca45-4c78-9e89-5fa7e377d190, Nodes: 43f6e927-84d7-46f0-8ba5-73ee37fa31ac{ip: 172.18.0.5, host: ozone_datanode_2.ozone_default, networkLocation: /default-rack, certSerialId: null}, Type:RATIS, Factor:ONE, State:OPEN] moved to OPEN state
datanode_1  | 2019-10-18 06:47:19,814 INFO server.RaftServerConfigKeys: raft.server.watch.timeout = 10s (default)
datanode_3  | 2019-10-18 06:47:21,036 INFO server.RaftServerConfigKeys: raft.server.rpc.timeout.max = 5200ms (custom)
datanode_2  | 2019-10-18 06:47:21,033 INFO impl.RaftServerProxy: 43f6e927-84d7-46f0-8ba5-73ee37fa31ac: addNew group-44ADF2C08B38:[43f6e927-84d7-46f0-8ba5-73ee37fa31ac:172.18.0.5:9858, 4e1525c8-1206-44b9-8062-085cf04c9d43:172.18.0.4:9858, 58967184-28d3-4b3a-9804-94d3c022534c:172.18.0.6:9858] returns group-44ADF2C08B38:java.util.concurrent.CompletableFuture@52da9757[Not completed]
scm_1       | 2019-10-18 06:47:21,527 INFO pipeline.PipelineReportHandler: Pipeline PipelineID=fdf01eab-a442-44c1-96d0-44adf2c08b38 reported by 58967184-28d3-4b3a-9804-94d3c022534c{ip: 172.18.0.6, host: ozone_datanode_3.ozone_default, networkLocation: /default-rack, certSerialId: null} with leaderId 58967184-28d3-4b3a-9804-94d3c022534c
datanode_1  | 2019-10-18 06:47:19,814 INFO server.RaftServerConfigKeys: raft.server.watch.timeout.denomination = 1s (default)
datanode_3  | 2019-10-18 06:47:21,036 INFO server.RaftServerConfigKeys: raft.server.rpcslowness.timeout = 120s (custom)
datanode_2  | 2019-10-18 06:47:21,036 INFO impl.RaftServerImpl: 43f6e927-84d7-46f0-8ba5-73ee37fa31ac: new RaftServerImpl for group-44ADF2C08B38:[43f6e927-84d7-46f0-8ba5-73ee37fa31ac:172.18.0.5:9858, 4e1525c8-1206-44b9-8062-085cf04c9d43:172.18.0.4:9858, 58967184-28d3-4b3a-9804-94d3c022534c:172.18.0.6:9858] with ContainerStateMachine:uninitialized
scm_1       | 2019-10-18 06:47:21,595 INFO pipeline.PipelineReportHandler: Pipeline PipelineID=fdf01eab-a442-44c1-96d0-44adf2c08b38 reported by 4e1525c8-1206-44b9-8062-085cf04c9d43{ip: 172.18.0.4, host: ozone_datanode_1.ozone_default, networkLocation: /default-rack, certSerialId: null} with leaderId 4e1525c8-1206-44b9-8062-085cf04c9d43
datanode_1  | 2019-10-18 06:47:19,814 INFO server.RaftServerConfigKeys: raft.server.watch.element-limit = 65536 (default)
datanode_3  | 2019-10-18 06:47:21,036 INFO server.RaftServerConfigKeys: raft.server.sleep.deviation.threshold = 300 (default)
scm_1       | 2019-10-18 06:47:21,671 INFO pipeline.PipelineReportHandler: Pipeline PipelineID=fdf01eab-a442-44c1-96d0-44adf2c08b38 reported by 58967184-28d3-4b3a-9804-94d3c022534c{ip: 172.18.0.6, host: ozone_datanode_3.ozone_default, networkLocation: /default-rack, certSerialId: null} with leaderId 4e1525c8-1206-44b9-8062-085cf04c9d43
datanode_2  | 2019-10-18 06:47:21,037 INFO server.RaftServerConfigKeys: raft.server.rpc.timeout.min = 5s (custom)
datanode_1  | 2019-10-18 06:47:19,829 INFO impl.RoleInfo: 4e1525c8-1206-44b9-8062-085cf04c9d43: start LeaderState
datanode_3  | 2019-10-18 06:47:21,036 INFO server.RaftServerConfigKeys: raft.server.log.appender.install.snapshot.enabled = false (custom)
scm_1       | 2019-10-18 06:47:21,673 INFO pipeline.PipelineReportHandler: Pipeline PipelineID=fdf01eab-a442-44c1-96d0-44adf2c08b38 reported by 43f6e927-84d7-46f0-8ba5-73ee37fa31ac{ip: 172.18.0.5, host: ozone_datanode_2.ozone_default, networkLocation: /default-rack, certSerialId: null} with leaderId 4e1525c8-1206-44b9-8062-085cf04c9d43
datanode_2  | 2019-10-18 06:47:21,037 INFO server.RaftServerConfigKeys: raft.server.rpc.timeout.max = 5200ms (custom)
datanode_1  | 2019-10-18 06:47:19,845 INFO segmented.SegmentedRaftLogWorker: 4e1525c8-1206-44b9-8062-085cf04c9d43@group-C4F36ADAB3A3-SegmentedRaftLogWorker: Starting segment from index:0
datanode_3  | 2019-10-18 06:47:21,037 INFO impl.RaftServerImpl: 58967184-28d3-4b3a-9804-94d3c022534c@group-44ADF2C08B38: ConfigurationManager, init=-1: [43f6e927-84d7-46f0-8ba5-73ee37fa31ac:172.18.0.5:9858, 4e1525c8-1206-44b9-8062-085cf04c9d43:172.18.0.4:9858, 58967184-28d3-4b3a-9804-94d3c022534c:172.18.0.6:9858], old=null, confs=<EMPTY_MAP>
scm_1       | 2019-10-18 06:47:21,673 INFO pipeline.PipelineStateManager: Pipeline Pipeline[ Id: fdf01eab-a442-44c1-96d0-44adf2c08b38, Nodes: 58967184-28d3-4b3a-9804-94d3c022534c{ip: 172.18.0.6, host: ozone_datanode_3.ozone_default, networkLocation: /default-rack, certSerialId: null}4e1525c8-1206-44b9-8062-085cf04c9d43{ip: 172.18.0.4, host: ozone_datanode_1.ozone_default, networkLocation: /default-rack, certSerialId: null}43f6e927-84d7-46f0-8ba5-73ee37fa31ac{ip: 172.18.0.5, host: ozone_datanode_2.ozone_default, networkLocation: /default-rack, certSerialId: null}, Type:RATIS, Factor:THREE, State:OPEN] moved to OPEN state
datanode_2  | 2019-10-18 06:47:21,037 INFO server.RaftServerConfigKeys: raft.server.rpcslowness.timeout = 120s (custom)
datanode_1  | 2019-10-18 06:47:19,854 INFO impl.RaftServerImpl: 4e1525c8-1206-44b9-8062-085cf04c9d43@group-C4F36ADAB3A3: set configuration 0: [4e1525c8-1206-44b9-8062-085cf04c9d43:172.18.0.4:9858], old=null at 0
datanode_3  | 2019-10-18 06:47:21,037 INFO server.RaftServerConfigKeys: raft.server.storage.dir = [/data/metadata/ratis] (custom)
scm_1       | 2019-10-18 06:47:35,390 INFO pipeline.PipelineStateManager: Created pipeline Pipeline[ Id: 8908ee62-2615-4a69-9158-8b0cd58b8e1e, Nodes: 43f6e927-84d7-46f0-8ba5-73ee37fa31ac{ip: 172.18.0.5, host: ozone_datanode_2.ozone_default, networkLocation: /default-rack, certSerialId: null}, Type:STAND_ALONE, Factor:ONE, State:OPEN]
datanode_2  | 2019-10-18 06:47:21,037 INFO server.RaftServerConfigKeys: raft.server.sleep.deviation.threshold = 300 (default)
datanode_1  | 2019-10-18 06:47:19,968 INFO segmented.SegmentedRaftLogWorker: 4e1525c8-1206-44b9-8062-085cf04c9d43@group-C4F36ADAB3A3-SegmentedRaftLogWorker: created new log segment /data/metadata/ratis/846d9734-250f-4f87-a603-c4f36adab3a3/current/log_inprogress_0
datanode_3  | 2019-10-18 06:47:21,043 INFO server.RaftServerConfigKeys: raft.server.log.corruption.policy = EXCEPTION (default)
scm_1       | 2019-10-18 06:48:21,075 INFO server.SCMBlockProtocolServer: SCM is informed by OM to delete 2 blocks
datanode_2  | 2019-10-18 06:47:21,037 INFO server.RaftServerConfigKeys: raft.server.log.appender.install.snapshot.enabled = false (custom)
datanode_3  | 2019-10-18 06:47:21,044 INFO storage.RaftStorageDirectory: The storage directory /data/metadata/ratis/fdf01eab-a442-44c1-96d0-44adf2c08b38 does not exist. Creating ...
scm_1       | 2019-10-18 06:48:21,076 INFO block.BlockManagerImpl: Deleting blocks conID: 4 locID: 102982043312717949 bcsId: 0
datanode_2  | 2019-10-18 06:47:21,037 INFO impl.RaftServerImpl: 43f6e927-84d7-46f0-8ba5-73ee37fa31ac@group-44ADF2C08B38: ConfigurationManager, init=-1: [43f6e927-84d7-46f0-8ba5-73ee37fa31ac:172.18.0.5:9858, 4e1525c8-1206-44b9-8062-085cf04c9d43:172.18.0.4:9858, 58967184-28d3-4b3a-9804-94d3c022534c:172.18.0.6:9858], old=null, confs=<EMPTY_MAP>
datanode_3  | 2019-10-18 06:47:21,066 INFO storage.RaftStorageDirectory: Lock on /data/metadata/ratis/fdf01eab-a442-44c1-96d0-44adf2c08b38/in_use.lock acquired by nodename 7@c7fc1dc19f27
datanode_1  | 2019-10-18 06:47:21,012 INFO impl.RaftServerProxy: 4e1525c8-1206-44b9-8062-085cf04c9d43: addNew group-44ADF2C08B38:[43f6e927-84d7-46f0-8ba5-73ee37fa31ac:172.18.0.5:9858, 4e1525c8-1206-44b9-8062-085cf04c9d43:172.18.0.4:9858, 58967184-28d3-4b3a-9804-94d3c022534c:172.18.0.6:9858] returns group-44ADF2C08B38:java.util.concurrent.CompletableFuture@19ba6a59[Not completed]
scm_1       | 2019-10-18 06:48:21,088 INFO block.BlockManagerImpl: Deleting blocks conID: 5 locID: 102982044222685310 bcsId: 0
datanode_2  | 2019-10-18 06:47:21,038 INFO server.RaftServerConfigKeys: raft.server.storage.dir = [/data/metadata/ratis] (custom)
datanode_3  | 2019-10-18 06:47:21,081 INFO storage.RaftStorage: Storage directory /data/metadata/ratis/fdf01eab-a442-44c1-96d0-44adf2c08b38 has been successfully formatted.
datanode_1  | 2019-10-18 06:47:21,015 INFO impl.RaftServerImpl: 4e1525c8-1206-44b9-8062-085cf04c9d43: new RaftServerImpl for group-44ADF2C08B38:[43f6e927-84d7-46f0-8ba5-73ee37fa31ac:172.18.0.5:9858, 4e1525c8-1206-44b9-8062-085cf04c9d43:172.18.0.4:9858, 58967184-28d3-4b3a-9804-94d3c022534c:172.18.0.6:9858] with ContainerStateMachine:uninitialized
datanode_2  | 2019-10-18 06:47:21,043 INFO server.RaftServerConfigKeys: raft.server.log.corruption.policy = EXCEPTION (default)
datanode_3  | 2019-10-18 06:47:21,081 [pool-8-thread-1] INFO       - group-44ADF2C08B38: The snapshot info is null. Setting the last applied indexto:(t:0, i:~)
datanode_1  | 2019-10-18 06:47:21,016 INFO server.RaftServerConfigKeys: raft.server.rpc.timeout.min = 5s (custom)
datanode_2  | 2019-10-18 06:47:21,044 INFO storage.RaftStorageDirectory: The storage directory /data/metadata/ratis/fdf01eab-a442-44c1-96d0-44adf2c08b38 does not exist. Creating ...
datanode_3  | 2019-10-18 06:47:21,082 INFO server.RaftServerConfigKeys: raft.server.notification.no-leader.timeout = 120s (custom)
datanode_2  | 2019-10-18 06:47:21,066 INFO storage.RaftStorageDirectory: Lock on /data/metadata/ratis/fdf01eab-a442-44c1-96d0-44adf2c08b38/in_use.lock acquired by nodename 7@a880e400571d
datanode_2  | 2019-10-18 06:47:21,081 INFO storage.RaftStorage: Storage directory /data/metadata/ratis/fdf01eab-a442-44c1-96d0-44adf2c08b38 has been successfully formatted.
datanode_1  | 2019-10-18 06:47:21,016 INFO server.RaftServerConfigKeys: raft.server.rpc.timeout.max = 5200ms (custom)
datanode_2  | 2019-10-18 06:47:21,081 [pool-8-thread-1] INFO       - group-44ADF2C08B38: The snapshot info is null. Setting the last applied indexto:(t:0, i:~)
datanode_2  | 2019-10-18 06:47:21,082 INFO server.RaftServerConfigKeys: raft.server.notification.no-leader.timeout = 120s (custom)
datanode_2  | 2019-10-18 06:47:21,083 INFO server.RaftServerConfigKeys: raft.server.log.use.memory = false (default)
datanode_1  | 2019-10-18 06:47:21,016 INFO server.RaftServerConfigKeys: raft.server.rpcslowness.timeout = 120s (custom)
datanode_3  | 2019-10-18 06:47:21,082 INFO server.RaftServerConfigKeys: raft.server.log.use.memory = false (default)
datanode_2  | 2019-10-18 06:47:21,083 INFO server.RaftServerConfigKeys: raft.server.log.purge.gap = 1000000 (custom)
datanode_2  | 2019-10-18 06:47:21,083 INFO server.RaftServerConfigKeys: raft.server.log.appender.buffer.byte-limit = 33554432 (custom)
datanode_3  | 2019-10-18 06:47:21,082 INFO server.RaftServerConfigKeys: raft.server.log.purge.gap = 1000000 (custom)
datanode_1  | 2019-10-18 06:47:21,017 INFO server.RaftServerConfigKeys: raft.server.sleep.deviation.threshold = 300 (default)
datanode_2  | 2019-10-18 06:47:21,084 INFO server.RaftServerConfigKeys: raft.server.log.segment.size.max = 1048576 (custom)
datanode_3  | 2019-10-18 06:47:21,082 INFO server.RaftServerConfigKeys: raft.server.log.appender.buffer.byte-limit = 33554432 (custom)
datanode_1  | 2019-10-18 06:47:21,017 INFO server.RaftServerConfigKeys: raft.server.log.appender.install.snapshot.enabled = false (custom)
datanode_2  | 2019-10-18 06:47:21,084 INFO server.RaftServerConfigKeys: raft.server.log.segment.cache.num.max = 2 (custom)
datanode_3  | 2019-10-18 06:47:21,084 INFO server.RaftServerConfigKeys: raft.server.log.segment.size.max = 1048576 (custom)
datanode_1  | 2019-10-18 06:47:21,017 INFO impl.RaftServerImpl: 4e1525c8-1206-44b9-8062-085cf04c9d43@group-44ADF2C08B38: ConfigurationManager, init=-1: [43f6e927-84d7-46f0-8ba5-73ee37fa31ac:172.18.0.5:9858, 4e1525c8-1206-44b9-8062-085cf04c9d43:172.18.0.4:9858, 58967184-28d3-4b3a-9804-94d3c022534c:172.18.0.6:9858], old=null, confs=<EMPTY_MAP>
datanode_2  | 2019-10-18 06:47:21,084 INFO segmented.SegmentedRaftLogWorker: new 43f6e927-84d7-46f0-8ba5-73ee37fa31ac@group-44ADF2C08B38-SegmentedRaftLogWorker for RaftStorage:Storage Directory /data/metadata/ratis/fdf01eab-a442-44c1-96d0-44adf2c08b38
datanode_3  | 2019-10-18 06:47:21,086 INFO server.RaftServerConfigKeys: raft.server.log.segment.cache.num.max = 2 (custom)
datanode_2  | 2019-10-18 06:47:21,084 INFO server.RaftServerConfigKeys: raft.server.log.queue.byte-limit = 2147483647 (custom)
datanode_3  | 2019-10-18 06:47:21,086 INFO segmented.SegmentedRaftLogWorker: new 58967184-28d3-4b3a-9804-94d3c022534c@group-44ADF2C08B38-SegmentedRaftLogWorker for RaftStorage:Storage Directory /data/metadata/ratis/fdf01eab-a442-44c1-96d0-44adf2c08b38
datanode_2  | 2019-10-18 06:47:21,084 INFO server.RaftServerConfigKeys: raft.server.log.queue.element-limit = 1024 (custom)
datanode_1  | 2019-10-18 06:47:21,019 INFO server.RaftServerConfigKeys: raft.server.storage.dir = [/data/metadata/ratis] (custom)
datanode_3  | 2019-10-18 06:47:21,086 INFO server.RaftServerConfigKeys: raft.server.log.queue.byte-limit = 2147483647 (custom)
datanode_2  | 2019-10-18 06:47:21,085 INFO server.RaftServerConfigKeys: raft.server.log.segment.size.max = 1048576 (custom)
datanode_1  | 2019-10-18 06:47:21,020 INFO server.RaftServerConfigKeys: raft.server.log.corruption.policy = EXCEPTION (default)
datanode_3  | 2019-10-18 06:47:21,087 INFO server.RaftServerConfigKeys: raft.server.log.queue.element-limit = 1024 (custom)
datanode_2  | 2019-10-18 06:47:21,085 INFO server.RaftServerConfigKeys: raft.server.log.preallocated.size = 16384 (custom)
datanode_1  | 2019-10-18 06:47:21,020 INFO storage.RaftStorageDirectory: The storage directory /data/metadata/ratis/fdf01eab-a442-44c1-96d0-44adf2c08b38 does not exist. Creating ...
datanode_3  | 2019-10-18 06:47:21,087 INFO server.RaftServerConfigKeys: raft.server.log.segment.size.max = 1048576 (custom)
datanode_2  | 2019-10-18 06:47:21,085 INFO server.RaftServerConfigKeys: raft.server.log.write.buffer.size = 33554432 (custom)
datanode_1  | 2019-10-18 06:47:21,044 INFO storage.RaftStorageDirectory: Lock on /data/metadata/ratis/fdf01eab-a442-44c1-96d0-44adf2c08b38/in_use.lock acquired by nodename 7@a7d1f05c8afc
datanode_3  | 2019-10-18 06:47:21,087 INFO server.RaftServerConfigKeys: raft.server.log.preallocated.size = 16384 (custom)
datanode_2  | 2019-10-18 06:47:21,085 INFO server.RaftServerConfigKeys: raft.server.log.force.sync.num = 128 (default)
datanode_3  | 2019-10-18 06:47:21,087 INFO server.RaftServerConfigKeys: raft.server.log.write.buffer.size = 33554432 (custom)
datanode_1  | 2019-10-18 06:47:21,066 INFO storage.RaftStorage: Storage directory /data/metadata/ratis/fdf01eab-a442-44c1-96d0-44adf2c08b38 has been successfully formatted.
datanode_2  | 2019-10-18 06:47:21,085 INFO server.RaftServerConfigKeys: raft.server.log.statemachine.data.sync = true (default)
datanode_3  | 2019-10-18 06:47:21,087 INFO server.RaftServerConfigKeys: raft.server.log.force.sync.num = 128 (default)
datanode_1  | 2019-10-18 06:47:21,066 [pool-8-thread-1] INFO       - group-44ADF2C08B38: The snapshot info is null. Setting the last applied indexto:(t:0, i:~)
datanode_2  | 2019-10-18 06:47:21,085 INFO server.RaftServerConfigKeys: raft.server.log.statemachine.data.sync.timeout = 10s (default)
datanode_3  | 2019-10-18 06:47:21,087 INFO server.RaftServerConfigKeys: raft.server.log.statemachine.data.sync = true (default)
datanode_1  | 2019-10-18 06:47:21,067 INFO server.RaftServerConfigKeys: raft.server.notification.no-leader.timeout = 120s (custom)
datanode_2  | 2019-10-18 06:47:21,086 INFO server.RaftServerConfigKeys: raft.server.log.statemachine.data.sync.timeout.retry = -1 (default)
datanode_1  | 2019-10-18 06:47:21,067 INFO server.RaftServerConfigKeys: raft.server.log.use.memory = false (default)
datanode_3  | 2019-10-18 06:47:21,087 INFO server.RaftServerConfigKeys: raft.server.log.statemachine.data.sync.timeout = 10s (default)
datanode_2  | 2019-10-18 06:47:21,086 INFO server.RaftServerConfigKeys: raft.server.log.statemachine.data.caching.enabled = true (custom)
datanode_1  | 2019-10-18 06:47:21,067 INFO server.RaftServerConfigKeys: raft.server.log.purge.gap = 1000000 (custom)
datanode_2  | 2019-10-18 06:47:21,086 INFO segmented.SegmentedRaftLogWorker: 43f6e927-84d7-46f0-8ba5-73ee37fa31ac@group-44ADF2C08B38-SegmentedRaftLogWorker: flushIndex: setUnconditionally 0 -> -1
datanode_3  | 2019-10-18 06:47:21,087 INFO server.RaftServerConfigKeys: raft.server.log.statemachine.data.sync.timeout.retry = -1 (default)
datanode_1  | 2019-10-18 06:47:21,067 INFO server.RaftServerConfigKeys: raft.server.log.appender.buffer.byte-limit = 33554432 (custom)
datanode_3  | 2019-10-18 06:47:21,087 INFO server.RaftServerConfigKeys: raft.server.log.statemachine.data.caching.enabled = true (custom)
datanode_1  | 2019-10-18 06:47:21,067 INFO server.RaftServerConfigKeys: raft.server.log.segment.size.max = 1048576 (custom)
datanode_2  | 2019-10-18 06:47:21,087 INFO server.RaftServerConfigKeys: raft.server.snapshot.auto.trigger.enabled = true (custom)
datanode_1  | 2019-10-18 06:47:21,068 INFO server.RaftServerConfigKeys: raft.server.log.segment.cache.num.max = 2 (custom)
datanode_3  | 2019-10-18 06:47:21,088 INFO segmented.SegmentedRaftLogWorker: 58967184-28d3-4b3a-9804-94d3c022534c@group-44ADF2C08B38-SegmentedRaftLogWorker: flushIndex: setUnconditionally 0 -> -1
datanode_2  | 2019-10-18 06:47:21,087 INFO server.RaftServerConfigKeys: raft.server.snapshot.auto.trigger.threshold = 10000 (custom)
datanode_1  | 2019-10-18 06:47:21,068 INFO segmented.SegmentedRaftLogWorker: new 4e1525c8-1206-44b9-8062-085cf04c9d43@group-44ADF2C08B38-SegmentedRaftLogWorker for RaftStorage:Storage Directory /data/metadata/ratis/fdf01eab-a442-44c1-96d0-44adf2c08b38
datanode_2  | 2019-10-18 06:47:21,087 INFO server.RaftServerConfigKeys: raft.server.snapshot.retention.file.num = 5 (custom)
datanode_1  | 2019-10-18 06:47:21,068 INFO server.RaftServerConfigKeys: raft.server.log.queue.byte-limit = 2147483647 (custom)
datanode_2  | 2019-10-18 06:47:21,087 INFO server.RaftServerConfigKeys: raft.server.retrycache.expirytime = 600000ms (custom)
datanode_3  | 2019-10-18 06:47:21,088 INFO server.RaftServerConfigKeys: raft.server.snapshot.auto.trigger.enabled = true (custom)
datanode_1  | 2019-10-18 06:47:21,068 INFO server.RaftServerConfigKeys: raft.server.log.queue.element-limit = 1024 (custom)
datanode_2  | 2019-10-18 06:47:21,094 INFO impl.RaftServerImpl: 43f6e927-84d7-46f0-8ba5-73ee37fa31ac@group-44ADF2C08B38: start as a follower, conf=-1: [43f6e927-84d7-46f0-8ba5-73ee37fa31ac:172.18.0.5:9858, 4e1525c8-1206-44b9-8062-085cf04c9d43:172.18.0.4:9858, 58967184-28d3-4b3a-9804-94d3c022534c:172.18.0.6:9858], old=null
datanode_3  | 2019-10-18 06:47:21,088 INFO server.RaftServerConfigKeys: raft.server.snapshot.auto.trigger.threshold = 10000 (custom)
datanode_2  | 2019-10-18 06:47:21,095 INFO impl.RaftServerImpl: 43f6e927-84d7-46f0-8ba5-73ee37fa31ac@group-44ADF2C08B38: changes role from      null to FOLLOWER at term 0 for startAsFollower
datanode_1  | 2019-10-18 06:47:21,068 INFO server.RaftServerConfigKeys: raft.server.log.segment.size.max = 1048576 (custom)
datanode_3  | 2019-10-18 06:47:21,089 INFO server.RaftServerConfigKeys: raft.server.snapshot.retention.file.num = 5 (custom)
datanode_1  | 2019-10-18 06:47:21,068 INFO server.RaftServerConfigKeys: raft.server.log.preallocated.size = 16384 (custom)
datanode_2  | 2019-10-18 06:47:21,095 INFO impl.RoleInfo: 43f6e927-84d7-46f0-8ba5-73ee37fa31ac: start FollowerState
datanode_3  | 2019-10-18 06:47:21,089 INFO server.RaftServerConfigKeys: raft.server.retrycache.expirytime = 600000ms (custom)
datanode_1  | 2019-10-18 06:47:21,068 INFO server.RaftServerConfigKeys: raft.server.log.write.buffer.size = 33554432 (custom)
datanode_2  | 2019-10-18 06:47:21,096 INFO util.JmxRegister: Successfully registered JMX Bean with object name Ratis:service=RaftServer,group=group-44ADF2C08B38,id=43f6e927-84d7-46f0-8ba5-73ee37fa31ac
datanode_3  | 2019-10-18 06:47:21,094 INFO impl.RaftServerImpl: 58967184-28d3-4b3a-9804-94d3c022534c@group-44ADF2C08B38: start as a follower, conf=-1: [43f6e927-84d7-46f0-8ba5-73ee37fa31ac:172.18.0.5:9858, 4e1525c8-1206-44b9-8062-085cf04c9d43:172.18.0.4:9858, 58967184-28d3-4b3a-9804-94d3c022534c:172.18.0.6:9858], old=null
datanode_1  | 2019-10-18 06:47:21,068 INFO server.RaftServerConfigKeys: raft.server.log.force.sync.num = 128 (default)
datanode_2  | 2019-10-18 06:47:21,143 INFO segmented.SegmentedRaftLogWorker: 43f6e927-84d7-46f0-8ba5-73ee37fa31ac@group-5FA7E377D190-SegmentedRaftLogWorker: created new log segment /data/metadata/ratis/86d3b125-ca45-4c78-9e89-5fa7e377d190/current/log_inprogress_0
datanode_3  | 2019-10-18 06:47:21,095 INFO impl.RaftServerImpl: 58967184-28d3-4b3a-9804-94d3c022534c@group-44ADF2C08B38: changes role from      null to FOLLOWER at term 0 for startAsFollower
datanode_1  | 2019-10-18 06:47:21,069 INFO server.RaftServerConfigKeys: raft.server.log.statemachine.data.sync = true (default)
datanode_2  | 2019-10-18 06:47:21,183 INFO impl.FollowerState: 43f6e927-84d7-46f0-8ba5-73ee37fa31ac@group-44ADF2C08B38-FollowerState: change to CANDIDATE, lastRpcTime:87ms, electionTimeout:87ms
datanode_3  | 2019-10-18 06:47:21,095 INFO impl.RoleInfo: 58967184-28d3-4b3a-9804-94d3c022534c: start FollowerState
datanode_1  | 2019-10-18 06:47:21,069 INFO server.RaftServerConfigKeys: raft.server.log.statemachine.data.sync.timeout = 10s (default)
datanode_2  | 2019-10-18 06:47:21,183 INFO impl.RoleInfo: 43f6e927-84d7-46f0-8ba5-73ee37fa31ac: shutdown FollowerState
datanode_3  | 2019-10-18 06:47:21,095 INFO util.JmxRegister: Successfully registered JMX Bean with object name Ratis:service=RaftServer,group=group-44ADF2C08B38,id=58967184-28d3-4b3a-9804-94d3c022534c
datanode_1  | 2019-10-18 06:47:21,069 INFO server.RaftServerConfigKeys: raft.server.log.statemachine.data.sync.timeout.retry = -1 (default)
datanode_2  | 2019-10-18 06:47:21,184 INFO impl.RaftServerImpl: 43f6e927-84d7-46f0-8ba5-73ee37fa31ac@group-44ADF2C08B38: changes role from  FOLLOWER to CANDIDATE at term 0 for changeToCandidate
datanode_3  | 2019-10-18 06:47:21,250 INFO impl.FollowerState: 58967184-28d3-4b3a-9804-94d3c022534c@group-44ADF2C08B38-FollowerState: change to CANDIDATE, lastRpcTime:155ms, electionTimeout:155ms
datanode_1  | 2019-10-18 06:47:21,069 INFO server.RaftServerConfigKeys: raft.server.log.statemachine.data.caching.enabled = true (custom)
