datanode_2    | 2019-10-18 04:44:02,697 INFO server.RaftServerConfigKeys: raft.server.retrycache.expirytime = 600000ms (custom)
datanode_3    | 2019-10-18 04:44:03,039 INFO impl.RaftServerImpl: 39524a15-fbfc-4e2a-bf9a-377bcc6517eb@group-B0C5684344AF: changes role from  FOLLOWER to CANDIDATE at term 0 for changeToCandidate
freon_1       | 2019-10-18 04:44:21,762 [pool-2-thread-3] INFO       - Creating Bucket: vol-5-12511/bucket-12-70866, with Versioning false and Storage Type set to DISK and Encryption set to false 
datanode_1    | 2019-10-18 04:44:02,691 INFO server.RaftServerConfigKeys: raft.server.log.statemachine.data.caching.enabled = true (custom)
grafana_1     | t=2019-10-18T04:43:54+0000 lvl=info msg="Executing migration" logger=migrator id="Drop old table playlist_item table"
scm_1         | 	at org.apache.ratis.grpc.client.GrpcClientProtocolClient.blockingCall(GrpcClientProtocolClient.java:182)
datanode_2    | 2019-10-18 04:44:02,704 INFO impl.RaftServerImpl: 66ceb4d9-0380-45d1-a98c-0e5e0c5728af@group-54F46EC279D9: start as a follower, conf=-1: [39524a15-fbfc-4e2a-bf9a-377bcc6517eb:172.18.0.6:9858, 66ceb4d9-0380-45d1-a98c-0e5e0c5728af:172.18.0.9:9858, e1078de6-5c8a-4571-80d8-4bdab0de6be7:172.18.0.4:9858], old=null
freon_1       | 2019-10-18 04:44:21,763 [pool-2-thread-8] INFO       - Creating Bucket: vol-6-46732/bucket-12-02566, with Versioning false and Storage Type set to DISK and Encryption set to false 
datanode_1    | 2019-10-18 04:44:02,696 INFO segmented.SegmentedRaftLogWorker: e1078de6-5c8a-4571-80d8-4bdab0de6be7@group-54F46EC279D9-SegmentedRaftLogWorker: flushIndex: setUnconditionally 0 -> -1
grafana_1     | t=2019-10-18T04:43:54+0000 lvl=info msg="Executing migration" logger=migrator id="create playlist table v2"
scm_1         | 	... 26 more
datanode_3    | 2019-10-18 04:44:03,047 INFO impl.RoleInfo: 39524a15-fbfc-4e2a-bf9a-377bcc6517eb: start LeaderElection
datanode_2    | 2019-10-18 04:44:02,704 INFO segmented.SegmentedRaftLogWorker: 66ceb4d9-0380-45d1-a98c-0e5e0c5728af@group-84215F397C7E-SegmentedRaftLogWorker: Starting segment from index:0
freon_1       | 2019-10-18 04:44:21,765 [pool-2-thread-7] INFO       - Creating Bucket: vol-7-31042/bucket-12-57060, with Versioning false and Storage Type set to DISK and Encryption set to false 
datanode_1    | 2019-10-18 04:44:02,697 INFO server.RaftServerConfigKeys: raft.server.snapshot.auto.trigger.enabled = true (custom)
grafana_1     | t=2019-10-18T04:43:54+0000 lvl=info msg="Executing migration" logger=migrator id="create playlist item table v2"
scm_1         | 2019-10-18 04:44:03,033 INFO pipeline.PipelineStateManager: Created pipeline Pipeline[ Id: 5e5296cb-84be-4179-963b-54f46ec279d9, Nodes: e1078de6-5c8a-4571-80d8-4bdab0de6be7{ip: 172.18.0.4, host: ozoneperf_datanode_1.ozoneperf_default, networkLocation: /default-rack, certSerialId: null}66ceb4d9-0380-45d1-a98c-0e5e0c5728af{ip: 172.18.0.9, host: ozoneperf_datanode_2.ozoneperf_default, networkLocation: /default-rack, certSerialId: null}39524a15-fbfc-4e2a-bf9a-377bcc6517eb{ip: 172.18.0.6, host: ozoneperf_datanode_3.ozoneperf_default, networkLocation: /default-rack, certSerialId: null}, Type:RATIS, Factor:THREE, State:OPEN]
datanode_3    | 2019-10-18 04:44:03,047 INFO impl.RoleInfo: 39524a15-fbfc-4e2a-bf9a-377bcc6517eb: start LeaderElection
datanode_2    | 2019-10-18 04:44:02,704 INFO impl.RaftServerImpl: 66ceb4d9-0380-45d1-a98c-0e5e0c5728af@group-54F46EC279D9: changes role from      null to FOLLOWER at term 0 for startAsFollower
freon_1       | 2019-10-18 04:44:21,766 [pool-2-thread-1] INFO       - Creating Bucket: vol-9-28776/bucket-12-49650, with Versioning false and Storage Type set to DISK and Encryption set to false 
datanode_1    | 2019-10-18 04:44:02,697 INFO server.RaftServerConfigKeys: raft.server.snapshot.auto.trigger.threshold = 10000 (custom)
grafana_1     | t=2019-10-18T04:43:54+0000 lvl=info msg="Executing migration" logger=migrator id="Update playlist table charset"
scm_1         | 2019-10-18 04:44:03,181 INFO pipeline.PipelineStateManager: Created pipeline Pipeline[ Id: 08442c3e-b52e-4af9-a7b1-333dcbc4adec, Nodes: 39524a15-fbfc-4e2a-bf9a-377bcc6517eb{ip: 172.18.0.6, host: ozoneperf_datanode_3.ozoneperf_default, networkLocation: /default-rack, certSerialId: null}, Type:RATIS, Factor:ONE, State:OPEN]
datanode_3    | 2019-10-18 04:44:03,070 INFO impl.RaftServerProxy: 39524a15-fbfc-4e2a-bf9a-377bcc6517eb: addNew group-333DCBC4ADEC:[39524a15-fbfc-4e2a-bf9a-377bcc6517eb:172.18.0.6:9858] returns group-333DCBC4ADEC:java.util.concurrent.CompletableFuture@171c6e61[Not completed]
datanode_2    | 2019-10-18 04:44:02,705 INFO impl.RoleInfo: 66ceb4d9-0380-45d1-a98c-0e5e0c5728af: start FollowerState
freon_1       | 2019-10-18 04:44:21,766 [pool-2-thread-9] INFO       - Creating Bucket: vol-0-95574/bucket-13-43988, with Versioning false and Storage Type set to DISK and Encryption set to false 
datanode_1    | 2019-10-18 04:44:02,697 INFO server.RaftServerConfigKeys: raft.server.snapshot.retention.file.num = 5 (custom)
grafana_1     | t=2019-10-18T04:43:54+0000 lvl=info msg="Executing migration" logger=migrator id="Update playlist_item table charset"
datanode_3    | 2019-10-18 04:44:03,073 INFO impl.RaftServerImpl: 39524a15-fbfc-4e2a-bf9a-377bcc6517eb: new RaftServerImpl for group-333DCBC4ADEC:[39524a15-fbfc-4e2a-bf9a-377bcc6517eb:172.18.0.6:9858] with ContainerStateMachine:uninitialized
freon_1       | 2019-10-18 04:44:21,766 [pool-2-thread-10] INFO       - Creating Bucket: vol-8-08073/bucket-12-96575, with Versioning false and Storage Type set to DISK and Encryption set to false 
datanode_2    | 2019-10-18 04:44:02,705 INFO util.JmxRegister: Successfully registered JMX Bean with object name Ratis:service=RaftServer,group=group-54F46EC279D9,id=66ceb4d9-0380-45d1-a98c-0e5e0c5728af
scm_1         | 2019-10-18 04:44:11,869 INFO pipeline.PipelineStateManager: Created pipeline Pipeline[ Id: e72a11d6-d728-4e17-910f-e34ba5e75831, Nodes: 66ceb4d9-0380-45d1-a98c-0e5e0c5728af{ip: 172.18.0.9, host: ozoneperf_datanode_2.ozoneperf_default, networkLocation: /default-rack, certSerialId: null}, Type:STAND_ALONE, Factor:ONE, State:OPEN]
datanode_1    | 2019-10-18 04:44:02,697 INFO server.RaftServerConfigKeys: raft.server.retrycache.expirytime = 600000ms (custom)
grafana_1     | t=2019-10-18T04:43:54+0000 lvl=info msg="Executing migration" logger=migrator id="drop preferences table v2"
datanode_3    | 2019-10-18 04:44:03,073 INFO server.RaftServerConfigKeys: raft.server.rpc.timeout.min = 5s (custom)
freon_1       | 2019-10-18 04:44:21,768 [pool-2-thread-5] INFO       - Creating Bucket: vol-1-00746/bucket-13-23954, with Versioning false and Storage Type set to DISK and Encryption set to false 
datanode_2    | 2019-10-18 04:44:02,718 INFO impl.RaftServerImpl: 66ceb4d9-0380-45d1-a98c-0e5e0c5728af@group-84215F397C7E: set configuration 0: [66ceb4d9-0380-45d1-a98c-0e5e0c5728af:172.18.0.9:9858], old=null at 0
datanode_1    | 2019-10-18 04:44:02,701 INFO impl.RaftServerImpl: e1078de6-5c8a-4571-80d8-4bdab0de6be7@group-54F46EC279D9: start as a follower, conf=-1: [39524a15-fbfc-4e2a-bf9a-377bcc6517eb:172.18.0.6:9858, 66ceb4d9-0380-45d1-a98c-0e5e0c5728af:172.18.0.9:9858, e1078de6-5c8a-4571-80d8-4bdab0de6be7:172.18.0.4:9858], old=null
grafana_1     | t=2019-10-18T04:43:54+0000 lvl=info msg="Executing migration" logger=migrator id="drop preferences table v3"
datanode_3    | 2019-10-18 04:44:03,073 INFO server.RaftServerConfigKeys: raft.server.rpc.timeout.max = 5200ms (custom)
freon_1       | 2019-10-18 04:44:21,768 [pool-2-thread-2] INFO       - Creating Bucket: vol-2-87497/bucket-13-63020, with Versioning false and Storage Type set to DISK and Encryption set to false 
datanode_1    | 2019-10-18 04:44:02,702 INFO impl.RaftServerImpl: e1078de6-5c8a-4571-80d8-4bdab0de6be7@group-54F46EC279D9: changes role from      null to FOLLOWER at term 0 for startAsFollower
datanode_2    | 2019-10-18 04:44:02,838 INFO impl.FollowerState: 66ceb4d9-0380-45d1-a98c-0e5e0c5728af@group-54F46EC279D9-FollowerState: change to CANDIDATE, lastRpcTime:133ms, electionTimeout:133ms
grafana_1     | t=2019-10-18T04:43:54+0000 lvl=info msg="Executing migration" logger=migrator id="create preferences table v3"
datanode_3    | 2019-10-18 04:44:03,074 INFO impl.LeaderElection: 39524a15-fbfc-4e2a-bf9a-377bcc6517eb@group-54F46EC279D9-LeaderElection1: begin an election at term 1 for -1: [39524a15-fbfc-4e2a-bf9a-377bcc6517eb:172.18.0.6:9858, 66ceb4d9-0380-45d1-a98c-0e5e0c5728af:172.18.0.9:9858, e1078de6-5c8a-4571-80d8-4bdab0de6be7:172.18.0.4:9858], old=null
freon_1       | 2019-10-18 04:44:21,769 [pool-2-thread-4] INFO       - Creating Bucket: vol-3-10925/bucket-13-95573, with Versioning false and Storage Type set to DISK and Encryption set to false 
datanode_1    | 2019-10-18 04:44:02,702 INFO impl.RoleInfo: e1078de6-5c8a-4571-80d8-4bdab0de6be7: start FollowerState
datanode_2    | 2019-10-18 04:44:02,839 INFO impl.RoleInfo: 66ceb4d9-0380-45d1-a98c-0e5e0c5728af: shutdown FollowerState
grafana_1     | t=2019-10-18T04:43:54+0000 lvl=info msg="Executing migration" logger=migrator id="Update preferences table charset"
datanode_3    | 2019-10-18 04:44:03,074 INFO server.RaftServerConfigKeys: raft.server.rpcslowness.timeout = 120s (custom)
freon_1       | 2019-10-18 04:44:21,770 [pool-2-thread-6] INFO       - Creating Bucket: vol-4-22366/bucket-13-18274, with Versioning false and Storage Type set to DISK and Encryption set to false 
datanode_1    | 2019-10-18 04:44:02,702 INFO util.JmxRegister: Successfully registered JMX Bean with object name Ratis:service=RaftServer,group=group-54F46EC279D9,id=e1078de6-5c8a-4571-80d8-4bdab0de6be7
datanode_2    | 2019-10-18 04:44:02,839 INFO impl.RaftServerImpl: 66ceb4d9-0380-45d1-a98c-0e5e0c5728af@group-54F46EC279D9: changes role from  FOLLOWER to CANDIDATE at term 0 for changeToCandidate
grafana_1     | t=2019-10-18T04:43:54+0000 lvl=info msg="Executing migration" logger=migrator id="Add column team_id in preferences"
datanode_3    | 2019-10-18 04:44:03,074 INFO server.RaftServerConfigKeys: raft.server.sleep.deviation.threshold = 300 (default)
datanode_1    | 2019-10-18 04:44:02,876 INFO impl.FollowerState: e1078de6-5c8a-4571-80d8-4bdab0de6be7@group-54F46EC279D9-FollowerState: change to CANDIDATE, lastRpcTime:174ms, electionTimeout:173ms
datanode_2    | 2019-10-18 04:44:02,839 INFO impl.RoleInfo: 66ceb4d9-0380-45d1-a98c-0e5e0c5728af: start LeaderElection
datanode_2    | 2019-10-18 04:44:02,854 INFO segmented.SegmentedRaftLogWorker: 66ceb4d9-0380-45d1-a98c-0e5e0c5728af@group-84215F397C7E-SegmentedRaftLogWorker: created new log segment /data/metadata/ratis/8ef76958-dfaa-460e-b2ca-84215f397c7e/current/log_inprogress_0
grafana_1     | t=2019-10-18T04:43:54+0000 lvl=info msg="Executing migration" logger=migrator id="Update team_id column values in preferences"
datanode_1    | 2019-10-18 04:44:02,877 INFO impl.RoleInfo: e1078de6-5c8a-4571-80d8-4bdab0de6be7: shutdown FollowerState
datanode_3    | 2019-10-18 04:44:03,075 INFO server.RaftServerConfigKeys: raft.server.log.appender.install.snapshot.enabled = false (custom)
freon_1       | 2019-10-18 04:44:21,771 [pool-2-thread-8] INFO       - Creating Bucket: vol-5-12511/bucket-13-40771, with Versioning false and Storage Type set to DISK and Encryption set to false 
datanode_2    | 2019-10-18 04:44:02,871 INFO impl.LeaderElection: 66ceb4d9-0380-45d1-a98c-0e5e0c5728af@group-54F46EC279D9-LeaderElection2: begin an election at term 1 for -1: [39524a15-fbfc-4e2a-bf9a-377bcc6517eb:172.18.0.6:9858, 66ceb4d9-0380-45d1-a98c-0e5e0c5728af:172.18.0.9:9858, e1078de6-5c8a-4571-80d8-4bdab0de6be7:172.18.0.4:9858], old=null
grafana_1     | t=2019-10-18T04:43:54+0000 lvl=info msg="Executing migration" logger=migrator id="create alert table v1"
datanode_1    | 2019-10-18 04:44:02,877 INFO impl.RaftServerImpl: e1078de6-5c8a-4571-80d8-4bdab0de6be7@group-54F46EC279D9: changes role from  FOLLOWER to CANDIDATE at term 0 for changeToCandidate
datanode_3    | 2019-10-18 04:44:03,075 INFO impl.RaftServerImpl: 39524a15-fbfc-4e2a-bf9a-377bcc6517eb@group-333DCBC4ADEC: ConfigurationManager, init=-1: [39524a15-fbfc-4e2a-bf9a-377bcc6517eb:172.18.0.6:9858], old=null, confs=<EMPTY_MAP>
freon_1       | 2019-10-18 04:44:21,771 [pool-2-thread-3] INFO       - Creating Bucket: vol-6-46732/bucket-13-99697, with Versioning false and Storage Type set to DISK and Encryption set to false 
datanode_2    | 2019-10-18 04:44:02,914 INFO impl.LeaderElection: 66ceb4d9-0380-45d1-a98c-0e5e0c5728af@group-54F46EC279D9-LeaderElection2: Election TIMEOUT; received 0 response(s) [] and 0 exception(s); 66ceb4d9-0380-45d1-a98c-0e5e0c5728af@group-54F46EC279D9:t1, leader=null, voted=66ceb4d9-0380-45d1-a98c-0e5e0c5728af, raftlog=66ceb4d9-0380-45d1-a98c-0e5e0c5728af@group-54F46EC279D9-SegmentedRaftLog:OPENED:c-1,f-1,i0, conf=-1: [39524a15-fbfc-4e2a-bf9a-377bcc6517eb:172.18.0.6:9858, 66ceb4d9-0380-45d1-a98c-0e5e0c5728af:172.18.0.9:9858, e1078de6-5c8a-4571-80d8-4bdab0de6be7:172.18.0.4:9858], old=null
grafana_1     | t=2019-10-18T04:43:54+0000 lvl=info msg="Executing migration" logger=migrator id="add index alert org_id & id "
datanode_1    | 2019-10-18 04:44:02,877 INFO impl.RoleInfo: e1078de6-5c8a-4571-80d8-4bdab0de6be7: start LeaderElection
datanode_3    | 2019-10-18 04:44:03,075 INFO server.RaftServerConfigKeys: raft.server.storage.dir = [/data/metadata/ratis] (custom)
freon_1       | 2019-10-18 04:44:21,777 [pool-2-thread-1] INFO       - Creating Bucket: vol-7-31042/bucket-13-65804, with Versioning false and Storage Type set to DISK and Encryption set to false 
datanode_2    | 2019-10-18 04:44:02,940 INFO impl.LeaderElection: 66ceb4d9-0380-45d1-a98c-0e5e0c5728af@group-54F46EC279D9-LeaderElection2: begin an election at term 2 for -1: [39524a15-fbfc-4e2a-bf9a-377bcc6517eb:172.18.0.6:9858, 66ceb4d9-0380-45d1-a98c-0e5e0c5728af:172.18.0.9:9858, e1078de6-5c8a-4571-80d8-4bdab0de6be7:172.18.0.4:9858], old=null
grafana_1     | t=2019-10-18T04:43:54+0000 lvl=info msg="Executing migration" logger=migrator id="add index alert state"
datanode_1    | 2019-10-18 04:44:02,905 INFO impl.LeaderElection: e1078de6-5c8a-4571-80d8-4bdab0de6be7@group-54F46EC279D9-LeaderElection2: begin an election at term 1 for -1: [39524a15-fbfc-4e2a-bf9a-377bcc6517eb:172.18.0.6:9858, 66ceb4d9-0380-45d1-a98c-0e5e0c5728af:172.18.0.9:9858, e1078de6-5c8a-4571-80d8-4bdab0de6be7:172.18.0.4:9858], old=null
datanode_3    | 2019-10-18 04:44:03,076 INFO server.RaftServerConfigKeys: raft.server.log.corruption.policy = EXCEPTION (default)
freon_1       | 2019-10-18 04:44:21,778 [pool-2-thread-2] INFO       - Creating Bucket: vol-8-08073/bucket-13-29783, with Versioning false and Storage Type set to DISK and Encryption set to false 
datanode_2    | 2019-10-18 04:44:03,016 INFO impl.LeaderElection: 66ceb4d9-0380-45d1-a98c-0e5e0c5728af@group-54F46EC279D9-LeaderElection2: Election TIMEOUT; received 0 response(s) [] and 0 exception(s); 66ceb4d9-0380-45d1-a98c-0e5e0c5728af@group-54F46EC279D9:t2, leader=null, voted=66ceb4d9-0380-45d1-a98c-0e5e0c5728af, raftlog=66ceb4d9-0380-45d1-a98c-0e5e0c5728af@group-54F46EC279D9-SegmentedRaftLog:OPENED:c-1,f-1,i0, conf=-1: [39524a15-fbfc-4e2a-bf9a-377bcc6517eb:172.18.0.6:9858, 66ceb4d9-0380-45d1-a98c-0e5e0c5728af:172.18.0.9:9858, e1078de6-5c8a-4571-80d8-4bdab0de6be7:172.18.0.4:9858], old=null
grafana_1     | t=2019-10-18T04:43:54+0000 lvl=info msg="Executing migration" logger=migrator id="add index alert dashboard_id"
datanode_1    | 2019-10-18 04:44:03,006 INFO impl.LeaderElection: e1078de6-5c8a-4571-80d8-4bdab0de6be7@group-54F46EC279D9-LeaderElection2: Election TIMEOUT; received 0 response(s) [] and 0 exception(s); e1078de6-5c8a-4571-80d8-4bdab0de6be7@group-54F46EC279D9:t1, leader=null, voted=e1078de6-5c8a-4571-80d8-4bdab0de6be7, raftlog=e1078de6-5c8a-4571-80d8-4bdab0de6be7@group-54F46EC279D9-SegmentedRaftLog:OPENED:c-1,f-1,i0, conf=-1: [39524a15-fbfc-4e2a-bf9a-377bcc6517eb:172.18.0.6:9858, 66ceb4d9-0380-45d1-a98c-0e5e0c5728af:172.18.0.9:9858, e1078de6-5c8a-4571-80d8-4bdab0de6be7:172.18.0.4:9858], old=null
datanode_3    | 2019-10-18 04:44:03,076 INFO storage.RaftStorageDirectory: The storage directory /data/metadata/ratis/08442c3e-b52e-4af9-a7b1-333dcbc4adec does not exist. Creating ...
freon_1       | 2019-10-18 04:44:21,779 [pool-2-thread-6] INFO       - Creating Bucket: vol-0-95574/bucket-14-91501, with Versioning false and Storage Type set to DISK and Encryption set to false 
datanode_2    | 2019-10-18 04:44:03,035 INFO impl.LeaderElection: 66ceb4d9-0380-45d1-a98c-0e5e0c5728af@group-54F46EC279D9-LeaderElection2: begin an election at term 3 for -1: [39524a15-fbfc-4e2a-bf9a-377bcc6517eb:172.18.0.6:9858, 66ceb4d9-0380-45d1-a98c-0e5e0c5728af:172.18.0.9:9858, e1078de6-5c8a-4571-80d8-4bdab0de6be7:172.18.0.4:9858], old=null
grafana_1     | t=2019-10-18T04:43:54+0000 lvl=info msg="Executing migration" logger=migrator id="Create alert_rule_tag table v1"
datanode_1    | 2019-10-18 04:44:03,011 INFO impl.LeaderElection: e1078de6-5c8a-4571-80d8-4bdab0de6be7@group-54F46EC279D9-LeaderElection2: begin an election at term 2 for -1: [39524a15-fbfc-4e2a-bf9a-377bcc6517eb:172.18.0.6:9858, 66ceb4d9-0380-45d1-a98c-0e5e0c5728af:172.18.0.9:9858, e1078de6-5c8a-4571-80d8-4bdab0de6be7:172.18.0.4:9858], old=null
datanode_3    | 2019-10-18 04:44:03,088 INFO impl.RaftServerImpl: 39524a15-fbfc-4e2a-bf9a-377bcc6517eb@group-54F46EC279D9: changes role from CANDIDATE to FOLLOWER at term 2 for recognizeCandidate:66ceb4d9-0380-45d1-a98c-0e5e0c5728af
freon_1       | 2019-10-18 04:44:21,780 [pool-2-thread-7] INFO       - Creating Bucket: vol-9-28776/bucket-13-26582, with Versioning false and Storage Type set to DISK and Encryption set to false 
grafana_1     | t=2019-10-18T04:43:54+0000 lvl=info msg="Executing migration" logger=migrator id="Add unique index alert_rule_tag.alert_id_tag_id"
datanode_3    | 2019-10-18 04:44:03,088 INFO impl.RoleInfo: 39524a15-fbfc-4e2a-bf9a-377bcc6517eb: shutdown LeaderElection
datanode_1    | 2019-10-18 04:44:03,073 INFO impl.RaftServerImpl: e1078de6-5c8a-4571-80d8-4bdab0de6be7@group-54F46EC279D9: changes role from CANDIDATE to FOLLOWER at term 3 for recognizeCandidate:66ceb4d9-0380-45d1-a98c-0e5e0c5728af
freon_1       | 2019-10-18 04:44:21,780 [pool-2-thread-5] INFO       - Creating Bucket: vol-1-00746/bucket-14-46981, with Versioning false and Storage Type set to DISK and Encryption set to false 
datanode_3    | 2019-10-18 04:44:03,090 INFO impl.RoleInfo: 39524a15-fbfc-4e2a-bf9a-377bcc6517eb: start FollowerState
datanode_1    | 2019-10-18 04:44:03,074 INFO impl.RoleInfo: e1078de6-5c8a-4571-80d8-4bdab0de6be7: shutdown LeaderElection
datanode_2    | 2019-10-18 04:44:03,084 INFO impl.LeaderElection: 66ceb4d9-0380-45d1-a98c-0e5e0c5728af@group-54F46EC279D9-LeaderElection2: Election TIMEOUT; received 0 response(s) [] and 0 exception(s); 66ceb4d9-0380-45d1-a98c-0e5e0c5728af@group-54F46EC279D9:t3, leader=null, voted=66ceb4d9-0380-45d1-a98c-0e5e0c5728af, raftlog=66ceb4d9-0380-45d1-a98c-0e5e0c5728af@group-54F46EC279D9-SegmentedRaftLog:OPENED:c-1,f-1,i0, conf=-1: [39524a15-fbfc-4e2a-bf9a-377bcc6517eb:172.18.0.6:9858, 66ceb4d9-0380-45d1-a98c-0e5e0c5728af:172.18.0.9:9858, e1078de6-5c8a-4571-80d8-4bdab0de6be7:172.18.0.4:9858], old=null
grafana_1     | t=2019-10-18T04:43:54+0000 lvl=info msg="Executing migration" logger=migrator id="create alert_notification table v1"
freon_1       | 2019-10-18 04:44:21,781 [pool-2-thread-10] INFO       - Creating Bucket: vol-2-87497/bucket-14-60860, with Versioning false and Storage Type set to DISK and Encryption set to false 
datanode_3    | 2019-10-18 04:44:03,095 INFO impl.LeaderElection: 39524a15-fbfc-4e2a-bf9a-377bcc6517eb@group-B0C5684344AF-LeaderElection2: begin an election at term 1 for -1: [39524a15-fbfc-4e2a-bf9a-377bcc6517eb:172.18.0.6:9858], old=null
datanode_3    | 2019-10-18 04:44:03,096 INFO impl.RoleInfo: 39524a15-fbfc-4e2a-bf9a-377bcc6517eb: shutdown LeaderElection
datanode_2    | 2019-10-18 04:44:03,104 INFO impl.LeaderElection: 66ceb4d9-0380-45d1-a98c-0e5e0c5728af@group-54F46EC279D9-LeaderElection2: begin an election at term 4 for -1: [39524a15-fbfc-4e2a-bf9a-377bcc6517eb:172.18.0.6:9858, 66ceb4d9-0380-45d1-a98c-0e5e0c5728af:172.18.0.9:9858, e1078de6-5c8a-4571-80d8-4bdab0de6be7:172.18.0.4:9858], old=null
grafana_1     | t=2019-10-18T04:43:54+0000 lvl=info msg="Executing migration" logger=migrator id="Add column is_default"
freon_1       | 2019-10-18 04:44:21,781 [pool-2-thread-9] INFO       - Creating Bucket: vol-3-10925/bucket-14-60893, with Versioning false and Storage Type set to DISK and Encryption set to false 
datanode_1    | 2019-10-18 04:44:03,075 INFO impl.RoleInfo: e1078de6-5c8a-4571-80d8-4bdab0de6be7: start FollowerState
datanode_2    | 2019-10-18 04:44:03,157 INFO impl.LeaderElection: 66ceb4d9-0380-45d1-a98c-0e5e0c5728af@group-54F46EC279D9-LeaderElection2: Election PASSED; received 1 response(s) [66ceb4d9-0380-45d1-a98c-0e5e0c5728af<-e1078de6-5c8a-4571-80d8-4bdab0de6be7#0:OK-t4] and 0 exception(s); 66ceb4d9-0380-45d1-a98c-0e5e0c5728af@group-54F46EC279D9:t4, leader=null, voted=66ceb4d9-0380-45d1-a98c-0e5e0c5728af, raftlog=66ceb4d9-0380-45d1-a98c-0e5e0c5728af@group-54F46EC279D9-SegmentedRaftLog:OPENED:c-1,f-1,i0, conf=-1: [39524a15-fbfc-4e2a-bf9a-377bcc6517eb:172.18.0.6:9858, 66ceb4d9-0380-45d1-a98c-0e5e0c5728af:172.18.0.9:9858, e1078de6-5c8a-4571-80d8-4bdab0de6be7:172.18.0.4:9858], old=null
grafana_1     | t=2019-10-18T04:43:54+0000 lvl=info msg="Executing migration" logger=migrator id="Add column frequency"
datanode_3    | 2019-10-18 04:44:03,096 INFO impl.RaftServerImpl: 39524a15-fbfc-4e2a-bf9a-377bcc6517eb@group-B0C5684344AF: changes role from CANDIDATE to LEADER at term 1 for changeToLeader
freon_1       | 2019-10-18 04:44:21,784 [pool-2-thread-8] INFO       - Creating Bucket: vol-4-22366/bucket-14-11350, with Versioning false and Storage Type set to DISK and Encryption set to false 
datanode_1    | 2019-10-18 04:44:03,148 INFO impl.LeaderElection: e1078de6-5c8a-4571-80d8-4bdab0de6be7@group-54F46EC279D9-LeaderElection2: Election DISCOVERED_A_NEW_TERM; received 1 response(s) [e1078de6-5c8a-4571-80d8-4bdab0de6be7<-66ceb4d9-0380-45d1-a98c-0e5e0c5728af#0:FAIL-t4] and 0 exception(s); e1078de6-5c8a-4571-80d8-4bdab0de6be7@group-54F46EC279D9:t3, leader=null, voted=null, raftlog=e1078de6-5c8a-4571-80d8-4bdab0de6be7@group-54F46EC279D9-SegmentedRaftLog:OPENED:c-1,f-1,i0, conf=-1: [39524a15-fbfc-4e2a-bf9a-377bcc6517eb:172.18.0.6:9858, 66ceb4d9-0380-45d1-a98c-0e5e0c5728af:172.18.0.9:9858, e1078de6-5c8a-4571-80d8-4bdab0de6be7:172.18.0.4:9858], old=null
datanode_2    | 2019-10-18 04:44:03,158 INFO impl.RoleInfo: 66ceb4d9-0380-45d1-a98c-0e5e0c5728af: shutdown LeaderElection
datanode_3    | 2019-10-18 04:44:03,096 INFO impl.RaftServerImpl: 39524a15-fbfc-4e2a-bf9a-377bcc6517eb@group-B0C5684344AF: change Leader from null to 39524a15-fbfc-4e2a-bf9a-377bcc6517eb at term 1 for becomeLeader, leader elected after 426ms
freon_1       | 2019-10-18 04:44:21,785 [pool-2-thread-4] INFO       - Creating Bucket: vol-5-12511/bucket-14-58404, with Versioning false and Storage Type set to DISK and Encryption set to false 
grafana_1     | t=2019-10-18T04:43:54+0000 lvl=info msg="Executing migration" logger=migrator id="Add column send_reminder"
datanode_1    | 2019-10-18 04:44:03,148 INFO impl.RaftServerImpl: e1078de6-5c8a-4571-80d8-4bdab0de6be7@group-54F46EC279D9: changes role from  FOLLOWER to FOLLOWER at term 4 for recognizeCandidate:66ceb4d9-0380-45d1-a98c-0e5e0c5728af
datanode_2    | 2019-10-18 04:44:03,158 INFO impl.RaftServerImpl: 66ceb4d9-0380-45d1-a98c-0e5e0c5728af@group-54F46EC279D9: changes role from CANDIDATE to LEADER at term 4 for changeToLeader
datanode_3    | 2019-10-18 04:44:03,100 INFO server.RaftServerConfigKeys: raft.server.staging.catchup.gap = 1000 (default)
freon_1       | 2019-10-18 04:44:21,786 [pool-2-thread-3] INFO       - Creating Bucket: vol-6-46732/bucket-14-65160, with Versioning false and Storage Type set to DISK and Encryption set to false 
grafana_1     | t=2019-10-18T04:43:54+0000 lvl=info msg="Executing migration" logger=migrator id="Add column disable_resolve_message"
datanode_1    | 2019-10-18 04:44:03,148 INFO impl.RoleInfo: e1078de6-5c8a-4571-80d8-4bdab0de6be7: shutdown FollowerState
datanode_1    | 2019-10-18 04:44:03,148 INFO impl.RoleInfo: e1078de6-5c8a-4571-80d8-4bdab0de6be7: start FollowerState
datanode_2    | 2019-10-18 04:44:03,158 INFO impl.RaftServerImpl: 66ceb4d9-0380-45d1-a98c-0e5e0c5728af@group-54F46EC279D9: change Leader from null to 66ceb4d9-0380-45d1-a98c-0e5e0c5728af at term 4 for becomeLeader, leader elected after 469ms
freon_1       | 2019-10-18 04:44:21,787 [pool-2-thread-1] INFO       - Creating Bucket: vol-7-31042/bucket-14-84736, with Versioning false and Storage Type set to DISK and Encryption set to false 
datanode_1    | 2019-10-18 04:44:03,148 INFO impl.FollowerState: e1078de6-5c8a-4571-80d8-4bdab0de6be7@group-54F46EC279D9-FollowerState was interrupted: java.lang.InterruptedException: sleep interrupted
datanode_3    | 2019-10-18 04:44:03,100 INFO server.RaftServerConfigKeys: raft.server.rpc.sleep.time = 25ms (default)
datanode_2    | 2019-10-18 04:44:03,158 INFO server.RaftServerConfigKeys: raft.server.staging.catchup.gap = 1000 (default)
datanode_2    | 2019-10-18 04:44:03,158 INFO server.RaftServerConfigKeys: raft.server.rpc.sleep.time = 25ms (default)
freon_1       | 2019-10-18 04:44:21,791 [pool-2-thread-2] INFO       - Creating Bucket: vol-8-08073/bucket-14-84357, with Versioning false and Storage Type set to DISK and Encryption set to false 
datanode_1    | 2019-10-18 04:44:03,230 INFO impl.RaftServerImpl: e1078de6-5c8a-4571-80d8-4bdab0de6be7@group-54F46EC279D9: change Leader from null to 66ceb4d9-0380-45d1-a98c-0e5e0c5728af at term 4 for appendEntries, leader elected after 540ms
datanode_3    | 2019-10-18 04:44:03,102 INFO server.RaftServerConfigKeys: raft.server.write.element-limit = 4096 (default)
datanode_2    | 2019-10-18 04:44:03,158 INFO server.RaftServerConfigKeys: raft.server.write.element-limit = 4096 (default)
grafana_1     | t=2019-10-18T04:43:54+0000 lvl=info msg="Executing migration" logger=migrator id="add index alert_notification org_id & name"
freon_1       | 2019-10-18 04:44:21,794 [pool-2-thread-7] INFO       - Creating Bucket: vol-9-28776/bucket-14-66732, with Versioning false and Storage Type set to DISK and Encryption set to false 
datanode_3    | 2019-10-18 04:44:03,103 INFO storage.RaftStorageDirectory: Lock on /data/metadata/ratis/08442c3e-b52e-4af9-a7b1-333dcbc4adec/in_use.lock acquired by nodename 7@99f8732e326f
datanode_2    | 2019-10-18 04:44:03,158 INFO server.RaftServerConfigKeys: raft.server.watch.timeout = 10s (default)
freon_1       | 2019-10-18 04:44:21,794 [pool-2-thread-9] INFO       - Creating Bucket: vol-0-95574/bucket-15-62182, with Versioning false and Storage Type set to DISK and Encryption set to false 
grafana_1     | t=2019-10-18T04:43:54+0000 lvl=info msg="Executing migration" logger=migrator id="Update alert table charset"
datanode_1    | 2019-10-18 04:44:03,247 INFO impl.RaftServerImpl: e1078de6-5c8a-4571-80d8-4bdab0de6be7@group-54F46EC279D9: set configuration 0: [39524a15-fbfc-4e2a-bf9a-377bcc6517eb:172.18.0.6:9858, 66ceb4d9-0380-45d1-a98c-0e5e0c5728af:172.18.0.9:9858, e1078de6-5c8a-4571-80d8-4bdab0de6be7:172.18.0.4:9858], old=null at 0
datanode_3    | 2019-10-18 04:44:03,104 INFO impl.RaftServerImpl: 39524a15-fbfc-4e2a-bf9a-377bcc6517eb@group-54F46EC279D9: changes role from  FOLLOWER to FOLLOWER at term 2 for recognizeCandidate:e1078de6-5c8a-4571-80d8-4bdab0de6be7
datanode_2    | 2019-10-18 04:44:03,159 INFO server.RaftServerConfigKeys: raft.server.watch.timeout.denomination = 1s (default)
freon_1       | 2019-10-18 04:44:21,797 [pool-2-thread-10] INFO       - Creating Bucket: vol-1-00746/bucket-15-73100, with Versioning false and Storage Type set to DISK and Encryption set to false 
grafana_1     | t=2019-10-18T04:43:55+0000 lvl=info msg="Executing migration" logger=migrator id="Update alert_notification table charset"
datanode_1    | 2019-10-18 04:44:03,247 INFO segmented.SegmentedRaftLogWorker: e1078de6-5c8a-4571-80d8-4bdab0de6be7@group-54F46EC279D9-SegmentedRaftLogWorker: Starting segment from index:0
datanode_3    | 2019-10-18 04:44:03,104 INFO impl.RoleInfo: 39524a15-fbfc-4e2a-bf9a-377bcc6517eb: shutdown FollowerState
datanode_2    | 2019-10-18 04:44:03,159 INFO server.RaftServerConfigKeys: raft.server.watch.element-limit = 65536 (default)
freon_1       | 2019-10-18 04:44:21,797 [pool-2-thread-1] INFO       - Creating Bucket: vol-2-87497/bucket-15-60662, with Versioning false and Storage Type set to DISK and Encryption set to false 
grafana_1     | t=2019-10-18T04:43:55+0000 lvl=info msg="Executing migration" logger=migrator id="create notification_journal table v1"
datanode_1    | 2019-10-18 04:44:03,269 INFO server.GrpcServerProtocolService: e1078de6-5c8a-4571-80d8-4bdab0de6be7: Completed APPEND_ENTRIES, lastRequest: 66ceb4d9-0380-45d1-a98c-0e5e0c5728af->e1078de6-5c8a-4571-80d8-4bdab0de6be7#1-t4, previous=(t:0, i:0), leaderCommit=0, initializing? false, entries: size=1, first=(t:4, i:0), CONFIGURATIONENTRY
datanode_3    | 2019-10-18 04:44:03,104 INFO impl.RoleInfo: 39524a15-fbfc-4e2a-bf9a-377bcc6517eb: start FollowerState
datanode_2    | 2019-10-18 04:44:03,164 INFO server.RaftServerConfigKeys: raft.server.log.appender.snapshot.chunk.size.max = 16MB (=16777216) (default)
freon_1       | 2019-10-18 04:44:21,797 [pool-2-thread-5] INFO       - Creating Bucket: vol-3-10925/bucket-15-11368, with Versioning false and Storage Type set to DISK and Encryption set to false 
grafana_1     | t=2019-10-18T04:43:55+0000 lvl=info msg="Executing migration" logger=migrator id="add index notification_journal org_id & alert_id & notifier_id"
datanode_1    | 2019-10-18 04:44:03,274 INFO segmented.SegmentedRaftLogWorker: e1078de6-5c8a-4571-80d8-4bdab0de6be7@group-54F46EC279D9-SegmentedRaftLogWorker: created new log segment /data/metadata/ratis/5e5296cb-84be-4179-963b-54f46ec279d9/current/log_inprogress_0
datanode_2    | 2019-10-18 04:44:03,164 INFO server.RaftServerConfigKeys: raft.server.log.appender.buffer.byte-limit = 33554432 (custom)
grafana_1     | t=2019-10-18T04:43:55+0000 lvl=info msg="Executing migration" logger=migrator id="drop alert_notification_journal"
freon_1       | 2019-10-18 04:44:21,797 [pool-2-thread-6] INFO       - Creating Bucket: vol-4-22366/bucket-15-99002, with Versioning false and Storage Type set to DISK and Encryption set to false 
datanode_1    | 2019-10-18 04:44:03,338 INFO impl.RaftServerImpl: e1078de6-5c8a-4571-80d8-4bdab0de6be7@group-54F46EC279D9: change Leader from 66ceb4d9-0380-45d1-a98c-0e5e0c5728af to null at term 5 for updateCurrentTerm
datanode_2    | 2019-10-18 04:44:03,165 INFO server.RaftServerConfigKeys: raft.server.log.appender.buffer.element-limit = 1 (custom)
freon_1       | 2019-10-18 04:44:21,799 [pool-2-thread-8] INFO       - Creating Bucket: vol-5-12511/bucket-15-28156, with Versioning false and Storage Type set to DISK and Encryption set to false 
grafana_1     | t=2019-10-18T04:43:55+0000 lvl=info msg="Executing migration" logger=migrator id="create alert_notification_state table v1"
datanode_3    | 2019-10-18 04:44:03,104 INFO impl.FollowerState: 39524a15-fbfc-4e2a-bf9a-377bcc6517eb@group-54F46EC279D9-FollowerState was interrupted: java.lang.InterruptedException: sleep interrupted
datanode_1    | 2019-10-18 04:44:03,339 INFO impl.RaftServerImpl: e1078de6-5c8a-4571-80d8-4bdab0de6be7@group-54F46EC279D9: changes role from  FOLLOWER to FOLLOWER at term 5 for recognizeCandidate:39524a15-fbfc-4e2a-bf9a-377bcc6517eb
datanode_2    | 2019-10-18 04:44:03,168 INFO grpc.GrpcConfigKeys$Server: raft.grpc.server.leader.outstanding.appends.max = 128 (default)
grafana_1     | t=2019-10-18T04:43:55+0000 lvl=info msg="Executing migration" logger=migrator id="add index alert_notification_state org_id & alert_id & notifier_id"
freon_1       | 2019-10-18 04:44:21,800 [pool-2-thread-3] INFO       - Creating Bucket: vol-6-46732/bucket-15-21695, with Versioning false and Storage Type set to DISK and Encryption set to false 
datanode_3    | 2019-10-18 04:44:03,105 INFO server.RaftServerConfigKeys: raft.server.watch.timeout = 10s (default)
datanode_1    | 2019-10-18 04:44:03,339 INFO impl.RoleInfo: e1078de6-5c8a-4571-80d8-4bdab0de6be7: shutdown FollowerState
datanode_2    | 2019-10-18 04:44:03,168 INFO server.RaftServerConfigKeys: raft.server.rpc.request.timeout = 3000ms (default)
grafana_1     | t=2019-10-18T04:43:55+0000 lvl=info msg="Executing migration" logger=migrator id="Add for to alert table"
datanode_3    | 2019-10-18 04:44:03,116 INFO server.RaftServerConfigKeys: raft.server.watch.timeout.denomination = 1s (default)
freon_1       | 2019-10-18 04:44:21,805 [pool-2-thread-4] INFO       - Creating Bucket: vol-7-31042/bucket-15-24338, with Versioning false and Storage Type set to DISK and Encryption set to false 
datanode_1    | 2019-10-18 04:44:03,339 INFO impl.FollowerState: e1078de6-5c8a-4571-80d8-4bdab0de6be7@group-54F46EC279D9-FollowerState was interrupted: java.lang.InterruptedException: sleep interrupted
datanode_2    | 2019-10-18 04:44:03,169 INFO server.RaftServerConfigKeys: raft.server.log.appender.install.snapshot.enabled = false (custom)
grafana_1     | t=2019-10-18T04:43:55+0000 lvl=info msg="Executing migration" logger=migrator id="Add column uid in alert_notification"
datanode_3    | 2019-10-18 04:44:03,117 INFO server.RaftServerConfigKeys: raft.server.watch.element-limit = 65536 (default)
freon_1       | 2019-10-18 04:44:21,806 [pool-2-thread-2] INFO       - Creating Bucket: vol-8-08073/bucket-15-56880, with Versioning false and Storage Type set to DISK and Encryption set to false 
datanode_1    | 2019-10-18 04:44:03,340 INFO impl.RoleInfo: e1078de6-5c8a-4571-80d8-4bdab0de6be7: start FollowerState
datanode_2    | 2019-10-18 04:44:03,174 INFO server.RaftServerConfigKeys: raft.server.log.appender.snapshot.chunk.size.max = 16MB (=16777216) (default)
grafana_1     | t=2019-10-18T04:43:55+0000 lvl=info msg="Executing migration" logger=migrator id="Update uid column values in alert_notification"
datanode_3    | 2019-10-18 04:44:03,119 INFO storage.RaftStorage: Storage directory /data/metadata/ratis/08442c3e-b52e-4af9-a7b1-333dcbc4adec has been successfully formatted.
freon_1       | 2019-10-18 04:44:21,806 [pool-2-thread-7] INFO       - Creating Bucket: vol-9-28776/bucket-15-85148, with Versioning false and Storage Type set to DISK and Encryption set to false 
datanode_2    | 2019-10-18 04:44:03,174 INFO server.RaftServerConfigKeys: raft.server.log.appender.buffer.byte-limit = 33554432 (custom)
grafana_1     | t=2019-10-18T04:43:55+0000 lvl=info msg="Executing migration" logger=migrator id="Add unique index alert_notification_org_id_uid"
datanode_3    | 2019-10-18 04:44:03,120 [pool-8-thread-1] INFO       - group-333DCBC4ADEC: The snapshot info is null. Setting the last applied indexto:(t:0, i:~)
datanode_1    | 2019-10-18 04:44:03,500 INFO impl.RaftServerImpl: e1078de6-5c8a-4571-80d8-4bdab0de6be7@group-54F46EC279D9: changes role from  FOLLOWER to FOLLOWER at term 6 for recognizeCandidate:39524a15-fbfc-4e2a-bf9a-377bcc6517eb
freon_1       | 2019-10-18 04:44:21,806 [pool-2-thread-10] INFO       - Creating Bucket: vol-0-95574/bucket-16-59114, with Versioning false and Storage Type set to DISK and Encryption set to false 
freon_1       | 2019-10-18 04:44:21,807 [pool-2-thread-9] INFO       - Creating Bucket: vol-1-00746/bucket-16-41308, with Versioning false and Storage Type set to DISK and Encryption set to false 
grafana_1     | t=2019-10-18T04:43:55+0000 lvl=info msg="Executing migration" logger=migrator id="Remove unique index org_id_name"
datanode_3    | 2019-10-18 04:44:03,120 INFO server.RaftServerConfigKeys: raft.server.notification.no-leader.timeout = 120s (custom)
datanode_1    | 2019-10-18 04:44:03,500 INFO impl.RoleInfo: e1078de6-5c8a-4571-80d8-4bdab0de6be7: shutdown FollowerState
datanode_2    | 2019-10-18 04:44:03,174 INFO server.RaftServerConfigKeys: raft.server.log.appender.buffer.element-limit = 1 (custom)
freon_1       | 2019-10-18 04:44:21,811 [pool-2-thread-5] INFO       - Creating Bucket: vol-2-87497/bucket-16-54649, with Versioning false and Storage Type set to DISK and Encryption set to false 
grafana_1     | t=2019-10-18T04:43:55+0000 lvl=info msg="Executing migration" logger=migrator id="Drop old annotation table v4"
datanode_3    | 2019-10-18 04:44:03,120 INFO server.RaftServerConfigKeys: raft.server.log.use.memory = false (default)
datanode_1    | 2019-10-18 04:44:03,500 INFO impl.RoleInfo: e1078de6-5c8a-4571-80d8-4bdab0de6be7: start FollowerState
datanode_2    | 2019-10-18 04:44:03,174 INFO grpc.GrpcConfigKeys$Server: raft.grpc.server.leader.outstanding.appends.max = 128 (default)
freon_1       | 2019-10-18 04:44:21,812 [pool-2-thread-1] INFO       - Creating Bucket: vol-3-10925/bucket-16-54145, with Versioning false and Storage Type set to DISK and Encryption set to false 
grafana_1     | t=2019-10-18T04:43:55+0000 lvl=info msg="Executing migration" logger=migrator id="create annotation table v5"
datanode_3    | 2019-10-18 04:44:03,121 INFO server.RaftServerConfigKeys: raft.server.log.purge.gap = 1000000 (custom)
datanode_1    | 2019-10-18 04:44:03,500 INFO impl.FollowerState: e1078de6-5c8a-4571-80d8-4bdab0de6be7@group-54F46EC279D9-FollowerState was interrupted: java.lang.InterruptedException: sleep interrupted
datanode_2    | 2019-10-18 04:44:03,174 INFO server.RaftServerConfigKeys: raft.server.rpc.request.timeout = 3000ms (default)
grafana_1     | t=2019-10-18T04:43:55+0000 lvl=info msg="Executing migration" logger=migrator id="add index annotation 0 v3"
freon_1       | 2019-10-18 04:44:21,813 [pool-2-thread-2] INFO       - Creating Bucket: vol-4-22366/bucket-16-18768, with Versioning false and Storage Type set to DISK and Encryption set to false 
datanode_3    | 2019-10-18 04:44:03,121 INFO server.RaftServerConfigKeys: raft.server.log.appender.buffer.byte-limit = 33554432 (custom)
datanode_1    | 2019-10-18 04:44:03,588 INFO impl.RaftServerImpl: e1078de6-5c8a-4571-80d8-4bdab0de6be7@group-54F46EC279D9: changes role from  FOLLOWER to FOLLOWER at term 7 for recognizeCandidate:39524a15-fbfc-4e2a-bf9a-377bcc6517eb
datanode_2    | 2019-10-18 04:44:03,174 INFO server.RaftServerConfigKeys: raft.server.log.appender.install.snapshot.enabled = false (custom)
grafana_1     | t=2019-10-18T04:43:55+0000 lvl=info msg="Executing migration" logger=migrator id="add index annotation 1 v3"
freon_1       | 2019-10-18 04:44:21,814 [pool-2-thread-8] INFO       - Creating Bucket: vol-5-12511/bucket-16-31056, with Versioning false and Storage Type set to DISK and Encryption set to false 
datanode_3    | 2019-10-18 04:44:03,121 INFO server.RaftServerConfigKeys: raft.server.log.segment.size.max = 1048576 (custom)
datanode_1    | 2019-10-18 04:44:03,589 INFO impl.RoleInfo: e1078de6-5c8a-4571-80d8-4bdab0de6be7: shutdown FollowerState
datanode_2    | 2019-10-18 04:44:03,179 INFO impl.RoleInfo: 66ceb4d9-0380-45d1-a98c-0e5e0c5728af: start LeaderState
grafana_1     | t=2019-10-18T04:43:55+0000 lvl=info msg="Executing migration" logger=migrator id="add index annotation 2 v3"
freon_1       | 2019-10-18 04:44:21,816 [pool-2-thread-3] INFO       - Creating Bucket: vol-6-46732/bucket-16-43834, with Versioning false and Storage Type set to DISK and Encryption set to false 
datanode_3    | 2019-10-18 04:44:03,121 INFO server.RaftServerConfigKeys: raft.server.log.segment.cache.num.max = 2 (custom)
datanode_1    | 2019-10-18 04:44:03,589 INFO impl.FollowerState: e1078de6-5c8a-4571-80d8-4bdab0de6be7@group-54F46EC279D9-FollowerState was interrupted: java.lang.InterruptedException: sleep interrupted
datanode_2    | 2019-10-18 04:44:03,179 INFO segmented.SegmentedRaftLogWorker: 66ceb4d9-0380-45d1-a98c-0e5e0c5728af@group-54F46EC279D9-SegmentedRaftLogWorker: Starting segment from index:0
grafana_1     | t=2019-10-18T04:43:55+0000 lvl=info msg="Executing migration" logger=migrator id="add index annotation 3 v3"
datanode_3    | 2019-10-18 04:44:03,121 INFO segmented.SegmentedRaftLogWorker: new 39524a15-fbfc-4e2a-bf9a-377bcc6517eb@group-333DCBC4ADEC-SegmentedRaftLogWorker for RaftStorage:Storage Directory /data/metadata/ratis/08442c3e-b52e-4af9-a7b1-333dcbc4adec
datanode_1    | 2019-10-18 04:44:03,590 INFO impl.RoleInfo: e1078de6-5c8a-4571-80d8-4bdab0de6be7: start FollowerState
freon_1       | 2019-10-18 04:44:21,817 [pool-2-thread-6] INFO       - Creating Bucket: vol-7-31042/bucket-16-28202, with Versioning false and Storage Type set to DISK and Encryption set to false 
datanode_2    | 2019-10-18 04:44:03,180 INFO impl.RaftServerImpl: 66ceb4d9-0380-45d1-a98c-0e5e0c5728af@group-54F46EC279D9: set configuration 0: [39524a15-fbfc-4e2a-bf9a-377bcc6517eb:172.18.0.6:9858, 66ceb4d9-0380-45d1-a98c-0e5e0c5728af:172.18.0.9:9858, e1078de6-5c8a-4571-80d8-4bdab0de6be7:172.18.0.4:9858], old=null at 0
grafana_1     | t=2019-10-18T04:43:55+0000 lvl=info msg="Executing migration" logger=migrator id="add index annotation 4 v3"
datanode_3    | 2019-10-18 04:44:03,121 INFO server.RaftServerConfigKeys: raft.server.log.queue.byte-limit = 2147483647 (custom)
datanode_1    | 2019-10-18 04:44:03,661 INFO impl.RaftServerImpl: e1078de6-5c8a-4571-80d8-4bdab0de6be7@group-54F46EC279D9: changes role from  FOLLOWER to FOLLOWER at term 8 for recognizeCandidate:39524a15-fbfc-4e2a-bf9a-377bcc6517eb
freon_1       | 2019-10-18 04:44:21,818 [pool-2-thread-7] INFO       - Creating Bucket: vol-9-28776/bucket-16-78320, with Versioning false and Storage Type set to DISK and Encryption set to false 
grafana_1     | t=2019-10-18T04:43:55+0000 lvl=info msg="Executing migration" logger=migrator id="Update annotation table charset"
datanode_1    | 2019-10-18 04:44:03,661 INFO impl.RoleInfo: e1078de6-5c8a-4571-80d8-4bdab0de6be7: shutdown FollowerState
datanode_3    | 2019-10-18 04:44:03,121 INFO server.RaftServerConfigKeys: raft.server.log.queue.element-limit = 1024 (custom)
datanode_2    | 2019-10-18 04:44:03,224 INFO segmented.SegmentedRaftLogWorker: 66ceb4d9-0380-45d1-a98c-0e5e0c5728af@group-54F46EC279D9-SegmentedRaftLogWorker: created new log segment /data/metadata/ratis/5e5296cb-84be-4179-963b-54f46ec279d9/current/log_inprogress_0
freon_1       | 2019-10-18 04:44:21,818 [pool-2-thread-9] INFO       - Creating Bucket: vol-8-08073/bucket-16-98860, with Versioning false and Storage Type set to DISK and Encryption set to false 
datanode_1    | 2019-10-18 04:44:03,662 INFO impl.FollowerState: e1078de6-5c8a-4571-80d8-4bdab0de6be7@group-54F46EC279D9-FollowerState was interrupted: java.lang.InterruptedException: sleep interrupted
grafana_1     | t=2019-10-18T04:43:55+0000 lvl=info msg="Executing migration" logger=migrator id="Add column region_id to annotation table"
datanode_3    | 2019-10-18 04:44:03,121 INFO server.RaftServerConfigKeys: raft.server.log.segment.size.max = 1048576 (custom)
datanode_2    | 2019-10-18 04:44:03,256 INFO impl.RaftServerImpl: 66ceb4d9-0380-45d1-a98c-0e5e0c5728af@group-54F46EC279D9: change Leader from 66ceb4d9-0380-45d1-a98c-0e5e0c5728af to null at term 5 for updateCurrentTerm
freon_1       | 2019-10-18 04:44:21,819 [pool-2-thread-4] INFO       - Creating Bucket: vol-0-95574/bucket-17-32546, with Versioning false and Storage Type set to DISK and Encryption set to false 
datanode_1    | 2019-10-18 04:44:03,663 INFO impl.RoleInfo: e1078de6-5c8a-4571-80d8-4bdab0de6be7: start FollowerState
datanode_3    | 2019-10-18 04:44:03,122 INFO server.RaftServerConfigKeys: raft.server.log.preallocated.size = 16384 (custom)
datanode_2    | 2019-10-18 04:44:03,256 INFO impl.RaftServerImpl: 66ceb4d9-0380-45d1-a98c-0e5e0c5728af@group-54F46EC279D9: changes role from    LEADER to FOLLOWER at term 5 for stepDown
freon_1       | 2019-10-18 04:44:21,820 [pool-2-thread-5] INFO       - Creating Bucket: vol-1-00746/bucket-17-11199, with Versioning false and Storage Type set to DISK and Encryption set to false 
grafana_1     | t=2019-10-18T04:43:55+0000 lvl=info msg="Executing migration" logger=migrator id="Drop category_id index"
grafana_1     | t=2019-10-18T04:43:55+0000 lvl=info msg="Executing migration" logger=migrator id="Add column tags to annotation table"
datanode_3    | 2019-10-18 04:44:03,122 INFO server.RaftServerConfigKeys: raft.server.log.write.buffer.size = 33554432 (custom)
datanode_2    | 2019-10-18 04:44:03,257 INFO impl.RoleInfo: 66ceb4d9-0380-45d1-a98c-0e5e0c5728af: shutdown LeaderState
freon_1       | 2019-10-18 04:44:21,824 [pool-2-thread-10] INFO       - Creating Bucket: vol-2-87497/bucket-17-16770, with Versioning false and Storage Type set to DISK and Encryption set to false 
datanode_1    | 2019-10-18 04:44:03,742 INFO impl.RaftServerImpl: e1078de6-5c8a-4571-80d8-4bdab0de6be7@group-54F46EC279D9: changes role from  FOLLOWER to FOLLOWER at term 9 for recognizeCandidate:39524a15-fbfc-4e2a-bf9a-377bcc6517eb
grafana_1     | t=2019-10-18T04:43:56+0000 lvl=info msg="Executing migration" logger=migrator id="Create annotation_tag table v2"
datanode_3    | 2019-10-18 04:44:03,122 INFO server.RaftServerConfigKeys: raft.server.log.force.sync.num = 128 (default)
datanode_2    | 2019-10-18 04:44:03,260 WARN server.GrpcLogAppender: 66ceb4d9-0380-45d1-a98c-0e5e0c5728af@group-54F46EC279D9->39524a15-fbfc-4e2a-bf9a-377bcc6517eb-GrpcLogAppender: Wait interrupted by java.lang.InterruptedException
freon_1       | 2019-10-18 04:44:21,826 [pool-2-thread-1] INFO       - Creating Bucket: vol-3-10925/bucket-17-49871, with Versioning false and Storage Type set to DISK and Encryption set to false 
datanode_1    | 2019-10-18 04:44:03,742 INFO impl.RoleInfo: e1078de6-5c8a-4571-80d8-4bdab0de6be7: shutdown FollowerState
grafana_1     | t=2019-10-18T04:43:56+0000 lvl=info msg="Executing migration" logger=migrator id="Add unique index annotation_tag.annotation_id_tag_id"
datanode_3    | 2019-10-18 04:44:03,122 INFO server.RaftServerConfigKeys: raft.server.log.statemachine.data.sync = true (default)
datanode_2    | 2019-10-18 04:44:03,262 INFO impl.PendingRequests: 66ceb4d9-0380-45d1-a98c-0e5e0c5728af@group-54F46EC279D9-PendingRequests: sendNotLeaderResponses
freon_1       | 2019-10-18 04:44:21,829 [pool-2-thread-8] INFO       - Creating Bucket: vol-4-22366/bucket-17-60666, with Versioning false and Storage Type set to DISK and Encryption set to false 
datanode_1    | 2019-10-18 04:44:03,742 INFO impl.RoleInfo: e1078de6-5c8a-4571-80d8-4bdab0de6be7: start FollowerState
grafana_1     | t=2019-10-18T04:43:56+0000 lvl=info msg="Executing migration" logger=migrator id="Update alert annotations and set TEXT to empty"
datanode_3    | 2019-10-18 04:44:03,122 INFO server.RaftServerConfigKeys: raft.server.log.statemachine.data.sync.timeout = 10s (default)
datanode_2    | 2019-10-18 04:44:03,263 INFO impl.RoleInfo: 66ceb4d9-0380-45d1-a98c-0e5e0c5728af: start FollowerState
freon_1       | 2019-10-18 04:44:21,830 [pool-2-thread-6] INFO       - Creating Bucket: vol-5-12511/bucket-17-57363, with Versioning false and Storage Type set to DISK and Encryption set to false 
datanode_1    | 2019-10-18 04:44:03,742 INFO impl.FollowerState: e1078de6-5c8a-4571-80d8-4bdab0de6be7@group-54F46EC279D9-FollowerState was interrupted: java.lang.InterruptedException: sleep interrupted
grafana_1     | t=2019-10-18T04:43:56+0000 lvl=info msg="Executing migration" logger=migrator id="Add created time to annotation table"
datanode_3    | 2019-10-18 04:44:03,122 INFO server.RaftServerConfigKeys: raft.server.log.statemachine.data.sync.timeout.retry = -1 (default)
datanode_2    | 2019-10-18 04:44:03,261 WARN server.GrpcLogAppender: 66ceb4d9-0380-45d1-a98c-0e5e0c5728af@group-54F46EC279D9->e1078de6-5c8a-4571-80d8-4bdab0de6be7-GrpcLogAppender: Wait interrupted by java.lang.InterruptedException
freon_1       | 2019-10-18 04:44:21,831 [pool-2-thread-3] INFO       - Creating Bucket: vol-7-31042/bucket-17-77548, with Versioning false and Storage Type set to DISK and Encryption set to false 
datanode_1    | 2019-10-18 04:44:03,847 INFO impl.RaftServerImpl: e1078de6-5c8a-4571-80d8-4bdab0de6be7@group-54F46EC279D9: changes role from  FOLLOWER to FOLLOWER at term 10 for recognizeCandidate:39524a15-fbfc-4e2a-bf9a-377bcc6517eb
grafana_1     | t=2019-10-18T04:43:56+0000 lvl=info msg="Executing migration" logger=migrator id="Add updated time to annotation table"
datanode_2    | 2019-10-18 04:44:03,270 INFO server.GrpcLogAppender: 66ceb4d9-0380-45d1-a98c-0e5e0c5728af@group-54F46EC279D9->e1078de6-5c8a-4571-80d8-4bdab0de6be7-AppendLogResponseHandler: follower responses appendEntries COMPLETED
datanode_3    | 2019-10-18 04:44:03,123 INFO server.RaftServerConfigKeys: raft.server.log.statemachine.data.caching.enabled = true (custom)
freon_1       | 2019-10-18 04:44:21,832 [pool-2-thread-7] INFO       - Creating Bucket: vol-8-08073/bucket-17-04493, with Versioning false and Storage Type set to DISK and Encryption set to false 
datanode_1    | 2019-10-18 04:44:03,847 INFO impl.RoleInfo: e1078de6-5c8a-4571-80d8-4bdab0de6be7: shutdown FollowerState
grafana_1     | t=2019-10-18T04:43:56+0000 lvl=info msg="Executing migration" logger=migrator id="Add index for created in annotation table"
datanode_2    | 2019-10-18 04:44:03,271 INFO server.GrpcLogAppender: 66ceb4d9-0380-45d1-a98c-0e5e0c5728af@group-54F46EC279D9->39524a15-fbfc-4e2a-bf9a-377bcc6517eb-AppendLogResponseHandler: follower responses appendEntries COMPLETED
datanode_3    | 2019-10-18 04:44:03,132 INFO segmented.SegmentedRaftLogWorker: 39524a15-fbfc-4e2a-bf9a-377bcc6517eb@group-333DCBC4ADEC-SegmentedRaftLogWorker: flushIndex: setUnconditionally 0 -> -1
datanode_1    | 2019-10-18 04:44:03,847 INFO impl.RoleInfo: e1078de6-5c8a-4571-80d8-4bdab0de6be7: start FollowerState
grafana_1     | t=2019-10-18T04:43:56+0000 lvl=info msg="Executing migration" logger=migrator id="Add index for updated in annotation table"
