datanode_1  | 2019-10-18 04:56:45,475 INFO impl.LeaderElection: 873dd3c6-ecf8-4129-8a9a-1f59d0d71d41@group-86C0BF44C224-LeaderElection1: begin an election at term 1 for -1: [873dd3c6-ecf8-4129-8a9a-1f59d0d71d41:172.18.0.8:9858], old=null
s3g_1       | 20191018T050303Z
datanode_3  | 2019-10-18 04:56:45,460 INFO server.RaftServerConfigKeys: raft.server.retrycache.expirytime = 600000ms (custom)
scm_1       | 2019-10-18 04:57:35,920 INFO authorize.ServiceAuthorizationManager: Authorization successful for dn/52a8473a00c2@EXAMPLE.COM (auth:KERBEROS) for protocol=interface org.apache.hadoop.hdds.protocol.SCMSecurityProtocol
datanode_2  | 2019-10-18 04:56:45,435 INFO server.RaftServerConfigKeys: raft.server.log.statemachine.data.sync.timeout = 10s (default)
kdc_1       | Oct 18 04:56:23 kdc kadmind[15](Notice): Request: kadm5_get_principal, testuser2/om@EXAMPLE.COM, success, client=admin/admin@EXAMPLE.COM, service=kadmin/admin@EXAMPLE.COM, addr=127.0.0.1
om_1        | 2019-10-18 04:57:17,026 INFO authorize.ServiceAuthorizationManager: Authorization successful for testuser/scm@EXAMPLE.COM (auth:KERBEROS) for protocol=interface org.apache.hadoop.ozone.om.protocol.OzoneManagerProtocol
datanode_1  | 2019-10-18 04:56:45,476 INFO impl.RoleInfo: 873dd3c6-ecf8-4129-8a9a-1f59d0d71d41: shutdown LeaderElection
datanode_3  | 2019-10-18 04:56:45,463 INFO impl.RaftServerImpl: 8911d3e9-eff5-4fe1-82bc-8b34642b9a7e@group-85FD0EDBA826: start as a follower, conf=-1: [6e5cd0b1-2596-41f6-a7ea-dcbd0e43ada1:172.18.0.9:9858, 8911d3e9-eff5-4fe1-82bc-8b34642b9a7e:172.18.0.10:9858, 873dd3c6-ecf8-4129-8a9a-1f59d0d71d41:172.18.0.8:9858], old=null
datanode_2  | 2019-10-18 04:56:45,436 INFO server.RaftServerConfigKeys: raft.server.log.statemachine.data.sync.timeout.retry = -1 (default)
scm_1       | 2019-10-18 04:57:36,235 INFO ipc.Server: Auth successful for dn/52a8473a00c2@EXAMPLE.COM (auth:KERBEROS)
s3g_1       | 20191018/us-west-1/s3/aws4_request
kdc_1       | Oct 18 04:56:23 kdc kadmind[15](info): closing down fd 18
om_1        | 2019-10-18 04:57:19,510 INFO ipc.Server: Auth successful for testuser/scm@EXAMPLE.COM (auth:KERBEROS)
datanode_1  | 2019-10-18 04:56:45,477 INFO impl.RaftServerImpl: 873dd3c6-ecf8-4129-8a9a-1f59d0d71d41@group-86C0BF44C224: changes role from CANDIDATE to LEADER at term 1 for changeToLeader
datanode_3  | 2019-10-18 04:56:45,464 INFO impl.RaftServerImpl: 8911d3e9-eff5-4fe1-82bc-8b34642b9a7e@group-85FD0EDBA826: changes role from      null to FOLLOWER at term 0 for startAsFollower
datanode_2  | 2019-10-18 04:56:45,436 INFO server.RaftServerConfigKeys: raft.server.log.statemachine.data.caching.enabled = true (custom)
scm_1       | 2019-10-18 04:57:36,239 INFO authorize.ServiceAuthorizationManager: Authorization successful for dn/52a8473a00c2@EXAMPLE.COM (auth:KERBEROS) for protocol=interface org.apache.hadoop.ozone.protocol.StorageContainerDatanodeProtocol
s3g_1       | 3408caff7310c208ce6a601726bde86b1c16724ab5a44f2a12418ae8c3cdb934, signature=4930fee9a3c665ad581452e3311ae32e07c5d725b2501040e3ce728ba5d2d4d2, awsAccessKeyId=dlfknslnfslf, while invoking $Proxy83.submitRequest over nodeId=null,nodeAddress=om:9862 after 15 failover attempts. Trying to failover immediately.
kdc_1       | tabase
om_1        | 2019-10-18 04:57:19,522 INFO authorize.ServiceAuthorizationManager: Authorization successful for testuser/scm@EXAMPLE.COM (auth:KERBEROS) for protocol=interface org.apache.hadoop.ozone.om.protocol.OzoneManagerProtocol
datanode_1  | 2019-10-18 04:56:45,477 INFO impl.RaftServerImpl: 873dd3c6-ecf8-4129-8a9a-1f59d0d71d41@group-86C0BF44C224: change Leader from null to 873dd3c6-ecf8-4129-8a9a-1f59d0d71d41 at term 1 for becomeLeader, leader elected after 326ms
datanode_2  | 2019-10-18 04:56:45,436 INFO segmented.SegmentedRaftLogWorker: 6e5cd0b1-2596-41f6-a7ea-dcbd0e43ada1@group-85FD0EDBA826-SegmentedRaftLogWorker: flushIndex: setUnconditionally 0 -> -1
datanode_3  | 2019-10-18 04:56:45,464 INFO impl.RoleInfo: 8911d3e9-eff5-4fe1-82bc-8b34642b9a7e: start FollowerState
scm_1       | 2019-10-18 04:57:45,449 INFO ipc.Server: Auth successful for dn/b2c544c557fb@EXAMPLE.COM (auth:KERBEROS)
s3g_1       | 2019-10-18 05:03:04,081 WARN ipc.Client: Exception encountered while connecting to the server : org.apache.hadoop.ipc.RemoteException(org.apache.hadoop.security.token.SecretManager$InvalidToken): No S3 secret found for S3 identifier:OzoneToken owner=dlfknslnfslf, renewer=, realUser=, issueDate=0, maxDate=0, sequenceNumber=0, masterKeyId=0, strToSign=AWS4-HMAC-SHA256
kdc_1       | Oct 18 04:56:23 kdc krb5kdc[9](info): AS_REQ (8 etypes {18 17 20 19 16 23 25 26}) 127.0.0.1: ISSUE: authtime 1571374583, etypes {rep=18 tkt=18 ses=18}, admin/admin@EXAMPLE.COM for kadmin/admin@EXAMPLE.COM
om_1        | 2019-10-18 04:57:21,994 INFO ipc.Server: Auth successful for testuser/scm@EXAMPLE.COM (auth:KERBEROS)
datanode_1  | 2019-10-18 04:56:45,482 INFO server.RaftServerConfigKeys: raft.server.staging.catchup.gap = 1000 (default)
datanode_2  | 2019-10-18 04:56:45,437 INFO server.RaftServerConfigKeys: raft.server.snapshot.auto.trigger.enabled = true (custom)
datanode_3  | 2019-10-18 04:56:45,464 INFO util.JmxRegister: Successfully registered JMX Bean with object name Ratis:service=RaftServer,group=group-85FD0EDBA826,id=8911d3e9-eff5-4fe1-82bc-8b34642b9a7e
scm_1       | 2019-10-18 04:57:45,451 INFO authorize.ServiceAuthorizationManager: Authorization successful for dn/b2c544c557fb@EXAMPLE.COM (auth:KERBEROS) for protocol=interface org.apache.hadoop.ozone.protocol.StorageContainerDatanodeProtocol
s3g_1       | 20191018T050303Z
kdc_1       | Oct 18 04:56:23 kdc krb5kdc[9](info): AS_REQ (8 etypes {18 17 20 19 16 23 25 26}) 127.0.0.1: SERVER_NOT_FOUND: admin/admin@EXAMPLE.COM for kadmin/localhost@EXAMPLE.COM, Server not found in Kerberos database
om_1        | 2019-10-18 04:57:22,004 INFO authorize.ServiceAuthorizationManager: Authorization successful for testuser/scm@EXAMPLE.COM (auth:KERBEROS) for protocol=interface org.apache.hadoop.ozone.om.protocol.OzoneManagerProtocol
datanode_1  | 2019-10-18 04:56:45,482 INFO server.RaftServerConfigKeys: raft.server.rpc.sleep.time = 25ms (default)
datanode_2  | 2019-10-18 04:56:45,437 INFO server.RaftServerConfigKeys: raft.server.snapshot.auto.trigger.threshold = 10000 (custom)
datanode_3  | 2019-10-18 04:56:45,496 INFO impl.FollowerState: 8911d3e9-eff5-4fe1-82bc-8b34642b9a7e@group-85FD0EDBA826-FollowerState: change to CANDIDATE, lastRpcTime:32ms, electionTimeout:32ms
scm_1       | 2019-10-18 04:58:04,579 INFO ipc.Server: Auth successful for dn/9873b981d60d@EXAMPLE.COM (auth:KERBEROS)
s3g_1       | 20191018/us-west-1/s3/aws4_request
om_1        | 2019-10-18 04:57:24,402 INFO ipc.Server: Auth successful for testuser/scm@EXAMPLE.COM (auth:KERBEROS)
datanode_1  | 2019-10-18 04:56:45,486 INFO server.RaftServerConfigKeys: raft.server.write.element-limit = 4096 (default)
datanode_3  | 2019-10-18 04:56:45,497 INFO impl.RoleInfo: 8911d3e9-eff5-4fe1-82bc-8b34642b9a7e: shutdown FollowerState
datanode_2  | 2019-10-18 04:56:45,437 INFO server.RaftServerConfigKeys: raft.server.snapshot.retention.file.num = 5 (custom)
kdc_1       | Oct 18 04:56:23 kdc krb5kdc[9](info): AS_REQ (8 etypes {18 17 20 19 16 23 25 26}) 127.0.0.1: ISSUE: authtime 1571374583, etypes {rep=18 tkt=18 ses=18}, admin/admin@EXAMPLE.COM for kadmin/admin@EXAMPLE.COM
scm_1       | 2019-10-18 04:58:04,582 INFO authorize.ServiceAuthorizationManager: Authorization successful for dn/9873b981d60d@EXAMPLE.COM (auth:KERBEROS) for protocol=interface org.apache.hadoop.ozone.protocol.StorageContainerDatanodeProtocol
s3g_1       | 3408caff7310c208ce6a601726bde86b1c16724ab5a44f2a12418ae8c3cdb934, signature=4930fee9a3c665ad581452e3311ae32e07c5d725b2501040e3ce728ba5d2d4d2, awsAccessKeyId=dlfknslnfslf
om_1        | 2019-10-18 04:57:24,412 INFO authorize.ServiceAuthorizationManager: Authorization successful for testuser/scm@EXAMPLE.COM (auth:KERBEROS) for protocol=interface org.apache.hadoop.ozone.om.protocol.OzoneManagerProtocol
datanode_1  | 2019-10-18 04:56:45,489 INFO server.RaftServerConfigKeys: raft.server.watch.timeout = 10s (default)
datanode_2  | 2019-10-18 04:56:45,437 INFO server.RaftServerConfigKeys: raft.server.retrycache.expirytime = 600000ms (custom)
scm_1       | 2019-10-18 04:58:06,236 INFO ipc.Server: Auth successful for dn/52a8473a00c2@EXAMPLE.COM (auth:KERBEROS)
kdc_1       | Oct 18 04:56:23 kdc krb5kdc[9](info): AS_REQ (8 etypes {18 17 20 19 16 23 25 26}) 127.0.0.1: SERVER_NOT_FOUND: admin/admin@EXAMPLE.COM for kadmin/localhost@EXAMPLE.COM, Server not found in Kerberos database
s3g_1       | 2019-10-18 05:03:04,081 INFO retry.RetryInvocationHandler: com.google.protobuf.ServiceException: org.apache.hadoop.ipc.RemoteException(org.apache.hadoop.security.token.SecretManager$InvalidToken): No S3 secret found for S3 identifier:OzoneToken owner=dlfknslnfslf, renewer=, realUser=, issueDate=0, maxDate=0, sequenceNumber=0, masterKeyId=0, strToSign=AWS4-HMAC-SHA256
datanode_3  | 2019-10-18 04:56:45,498 INFO impl.RaftServerImpl: 8911d3e9-eff5-4fe1-82bc-8b34642b9a7e@group-85FD0EDBA826: changes role from  FOLLOWER to CANDIDATE at term 0 for changeToCandidate
om_1        | 2019-10-18 04:57:26,775 INFO ipc.Server: Auth successful for testuser/scm@EXAMPLE.COM (auth:KERBEROS)
datanode_1  | 2019-10-18 04:56:45,489 INFO server.RaftServerConfigKeys: raft.server.watch.timeout.denomination = 1s (default)
datanode_2  | 2019-10-18 04:56:45,442 INFO impl.RaftServerImpl: 6e5cd0b1-2596-41f6-a7ea-dcbd0e43ada1@group-85FD0EDBA826: start as a follower, conf=-1: [6e5cd0b1-2596-41f6-a7ea-dcbd0e43ada1:172.18.0.9:9858, 8911d3e9-eff5-4fe1-82bc-8b34642b9a7e:172.18.0.10:9858, 873dd3c6-ecf8-4129-8a9a-1f59d0d71d41:172.18.0.8:9858], old=null
scm_1       | 2019-10-18 04:58:06,238 INFO authorize.ServiceAuthorizationManager: Authorization successful for dn/52a8473a00c2@EXAMPLE.COM (auth:KERBEROS) for protocol=interface org.apache.hadoop.ozone.protocol.StorageContainerDatanodeProtocol
kdc_1       | Oct 18 04:56:23 kdc krb5kdc[9](info): AS_REQ (8 etypes {18 17 20 19 16 23 25 26}) 127.0.0.1: ISSUE: authtime 1571374583, etypes {rep=18 tkt=18 ses=18}, admin/admin@EXAMPLE.COM for kadmin/admin@EXAMPLE.COM
s3g_1       | 20191018T050303Z
datanode_3  | 2019-10-18 04:56:45,498 INFO impl.RoleInfo: 8911d3e9-eff5-4fe1-82bc-8b34642b9a7e: start LeaderElection
om_1        | 2019-10-18 04:57:26,783 INFO authorize.ServiceAuthorizationManager: Authorization successful for testuser/scm@EXAMPLE.COM (auth:KERBEROS) for protocol=interface org.apache.hadoop.ozone.om.protocol.OzoneManagerProtocol
datanode_1  | 2019-10-18 04:56:45,490 INFO server.RaftServerConfigKeys: raft.server.watch.element-limit = 65536 (default)
datanode_2  | 2019-10-18 04:56:45,442 INFO impl.RaftServerImpl: 6e5cd0b1-2596-41f6-a7ea-dcbd0e43ada1@group-85FD0EDBA826: changes role from      null to FOLLOWER at term 0 for startAsFollower
scm_1       | 2019-10-18 04:58:15,451 INFO ipc.Server: Auth successful for dn/b2c544c557fb@EXAMPLE.COM (auth:KERBEROS)
kdc_1       | Oct 18 04:56:23 kdc krb5kdc[9](info): AS_REQ (8 etypes {18 17 20 19 16 23 25 26}) 127.0.0.1: SERVER_NOT_FOUND: admin/admin@EXAMPLE.COM for kadmin/localhost@EXAMPLE.COM, Server not found in Kerberos database
s3g_1       | 20191018/us-west-1/s3/aws4_request
datanode_3  | 2019-10-18 04:56:45,530 INFO impl.LeaderElection: 8911d3e9-eff5-4fe1-82bc-8b34642b9a7e@group-85FD0EDBA826-LeaderElection2: begin an election at term 1 for -1: [6e5cd0b1-2596-41f6-a7ea-dcbd0e43ada1:172.18.0.9:9858, 8911d3e9-eff5-4fe1-82bc-8b34642b9a7e:172.18.0.10:9858, 873dd3c6-ecf8-4129-8a9a-1f59d0d71d41:172.18.0.8:9858], old=null
om_1        | 2019-10-18 04:57:29,052 INFO ipc.Server: Auth successful for testuser/scm@EXAMPLE.COM (auth:KERBEROS)
datanode_1  | 2019-10-18 04:56:45,502 INFO impl.RoleInfo: 873dd3c6-ecf8-4129-8a9a-1f59d0d71d41: start LeaderState
datanode_2  | 2019-10-18 04:56:45,442 INFO impl.RoleInfo: 6e5cd0b1-2596-41f6-a7ea-dcbd0e43ada1: start FollowerState
scm_1       | 2019-10-18 04:58:15,453 INFO authorize.ServiceAuthorizationManager: Authorization successful for dn/b2c544c557fb@EXAMPLE.COM (auth:KERBEROS) for protocol=interface org.apache.hadoop.ozone.protocol.StorageContainerDatanodeProtocol
kdc_1       | Oct 18 04:56:23 kdc krb5kdc[9](info): AS_REQ (8 etypes {18 17 20 19 16 23 25 26}) 127.0.0.1: ISSUE: authtime 1571374583, etypes {rep=18 tkt=18 ses=18}, admin/admin@EXAMPLE.COM for kadmin/admin@EXAMPLE.COM
s3g_1       | 3408caff7310c208ce6a601726bde86b1c16724ab5a44f2a12418ae8c3cdb934, signature=4930fee9a3c665ad581452e3311ae32e07c5d725b2501040e3ce728ba5d2d4d2, awsAccessKeyId=dlfknslnfslf, while invoking $Proxy83.submitRequest over nodeId=null,nodeAddress=om:9862 after 16 failover attempts. Trying to failover immediately.
datanode_3  | 2019-10-18 04:56:45,675 INFO impl.LeaderElection: 8911d3e9-eff5-4fe1-82bc-8b34642b9a7e@group-85FD0EDBA826-LeaderElection2: Election REJECTED; received 2 response(s) [8911d3e9-eff5-4fe1-82bc-8b34642b9a7e<-6e5cd0b1-2596-41f6-a7ea-dcbd0e43ada1#0:FAIL-t1, 8911d3e9-eff5-4fe1-82bc-8b34642b9a7e<-873dd3c6-ecf8-4129-8a9a-1f59d0d71d41#0:FAIL-t1] and 0 exception(s); 8911d3e9-eff5-4fe1-82bc-8b34642b9a7e@group-85FD0EDBA826:t1, leader=null, voted=8911d3e9-eff5-4fe1-82bc-8b34642b9a7e, raftlog=8911d3e9-eff5-4fe1-82bc-8b34642b9a7e@group-85FD0EDBA826-SegmentedRaftLog:OPENED:c-1,f-1,i0, conf=-1: [6e5cd0b1-2596-41f6-a7ea-dcbd0e43ada1:172.18.0.9:9858, 8911d3e9-eff5-4fe1-82bc-8b34642b9a7e:172.18.0.10:9858, 873dd3c6-ecf8-4129-8a9a-1f59d0d71d41:172.18.0.8:9858], old=null
om_1        | 2019-10-18 04:57:29,062 INFO authorize.ServiceAuthorizationManager: Authorization successful for testuser/scm@EXAMPLE.COM (auth:KERBEROS) for protocol=interface org.apache.hadoop.ozone.om.protocol.OzoneManagerProtocol
datanode_1  | 2019-10-18 04:56:45,517 INFO segmented.SegmentedRaftLogWorker: 873dd3c6-ecf8-4129-8a9a-1f59d0d71d41@group-86C0BF44C224-SegmentedRaftLogWorker: Starting segment from index:0
datanode_2  | 2019-10-18 04:56:45,443 INFO util.JmxRegister: Successfully registered JMX Bean with object name Ratis:service=RaftServer,group=group-85FD0EDBA826,id=6e5cd0b1-2596-41f6-a7ea-dcbd0e43ada1
scm_1       | 2019-10-18 04:58:34,571 INFO ipc.Server: Auth successful for dn/9873b981d60d@EXAMPLE.COM (auth:KERBEROS)
kdc_1       | Oct 18 04:56:23 kdc krb5kdc[9](info): AS_REQ (8 etypes {18 17 20 19 16 23 25 26}) 127.0.0.1: SERVER_NOT_FOUND: admin/admin@EXAMPLE.COM for kadmin/localhost@EXAMPLE.COM, Server not found in Kerberos database
s3g_1       | 2019-10-18 05:03:04,087 WARN ipc.Client: Exception encountered while connecting to the server : org.apache.hadoop.ipc.RemoteException(org.apache.hadoop.security.token.SecretManager$InvalidToken): No S3 secret found for S3 identifier:OzoneToken owner=dlfknslnfslf, renewer=, realUser=, issueDate=0, maxDate=0, sequenceNumber=0, masterKeyId=0, strToSign=AWS4-HMAC-SHA256
datanode_3  | 2019-10-18 04:56:45,676 INFO impl.RaftServerImpl: 8911d3e9-eff5-4fe1-82bc-8b34642b9a7e@group-85FD0EDBA826: changes role from CANDIDATE to FOLLOWER at term 1 for DISCOVERED_A_NEW_TERM
om_1        | 2019-10-18 04:57:31,472 INFO ipc.Server: Auth successful for testuser/scm@EXAMPLE.COM (auth:KERBEROS)
datanode_1  | 2019-10-18 04:56:45,524 INFO impl.RaftServerImpl: 873dd3c6-ecf8-4129-8a9a-1f59d0d71d41@group-86C0BF44C224: set configuration 0: [873dd3c6-ecf8-4129-8a9a-1f59d0d71d41:172.18.0.8:9858], old=null at 0
om_1        | 2019-10-18 04:57:31,481 INFO authorize.ServiceAuthorizationManager: Authorization successful for testuser/scm@EXAMPLE.COM (auth:KERBEROS) for protocol=interface org.apache.hadoop.ozone.om.protocol.OzoneManagerProtocol
scm_1       | 2019-10-18 04:58:34,577 INFO authorize.ServiceAuthorizationManager: Authorization successful for dn/9873b981d60d@EXAMPLE.COM (auth:KERBEROS) for protocol=interface org.apache.hadoop.ozone.protocol.StorageContainerDatanodeProtocol
s3g_1       | 20191018T050303Z
kdc_1       | Oct 18 04:56:23 kdc krb5kdc[9](info): AS_REQ (8 etypes {18 17 20 19 16 23 25 26}) 127.0.0.1: ISSUE: authtime 1571374583, etypes {rep=18 tkt=18 ses=18}, admin/admin@EXAMPLE.COM for kadmin/admin@EXAMPLE.COM
datanode_3  | 2019-10-18 04:56:45,676 INFO impl.RoleInfo: 8911d3e9-eff5-4fe1-82bc-8b34642b9a7e: shutdown LeaderElection
datanode_2  | 2019-10-18 04:56:45,586 INFO impl.FollowerState: 6e5cd0b1-2596-41f6-a7ea-dcbd0e43ada1@group-85FD0EDBA826-FollowerState: change to CANDIDATE, lastRpcTime:144ms, electionTimeout:143ms
datanode_1  | 2019-10-18 04:56:45,619 INFO impl.FollowerState: 873dd3c6-ecf8-4129-8a9a-1f59d0d71d41@group-85FD0EDBA826-FollowerState: change to CANDIDATE, lastRpcTime:174ms, electionTimeout:174ms
om_1        | 2019-10-18 04:57:33,984 INFO ipc.Server: Auth successful for testuser/scm@EXAMPLE.COM (auth:KERBEROS)
scm_1       | 2019-10-18 04:58:36,239 INFO ipc.Server: Auth successful for dn/52a8473a00c2@EXAMPLE.COM (auth:KERBEROS)
s3g_1       | 20191018/us-west-1/s3/aws4_request
kdc_1       | Oct 18 04:56:23 kdc krb5kdc[9](info): AS_REQ (8 etypes {18 17 20 19 16 23 25 26}) 127.0.0.1: SERVER_NOT_FOUND: admin/admin@EXAMPLE.COM for kadmin/localhost@EXAMPLE.COM, Server not found in Kerberos database
datanode_3  | 2019-10-18 04:56:45,676 INFO impl.RoleInfo: 8911d3e9-eff5-4fe1-82bc-8b34642b9a7e: start FollowerState
datanode_2  | 2019-10-18 04:56:45,587 INFO impl.RoleInfo: 6e5cd0b1-2596-41f6-a7ea-dcbd0e43ada1: shutdown FollowerState
datanode_1  | 2019-10-18 04:56:45,622 INFO impl.RoleInfo: 873dd3c6-ecf8-4129-8a9a-1f59d0d71d41: shutdown FollowerState
om_1        | 2019-10-18 04:57:33,994 INFO authorize.ServiceAuthorizationManager: Authorization successful for testuser/scm@EXAMPLE.COM (auth:KERBEROS) for protocol=interface org.apache.hadoop.ozone.om.protocol.OzoneManagerProtocol
scm_1       | 2019-10-18 04:58:36,242 INFO authorize.ServiceAuthorizationManager: Authorization successful for dn/52a8473a00c2@EXAMPLE.COM (auth:KERBEROS) for protocol=interface org.apache.hadoop.ozone.protocol.StorageContainerDatanodeProtocol
s3g_1       | 3408caff7310c208ce6a601726bde86b1c16724ab5a44f2a12418ae8c3cdb934, signature=4930fee9a3c665ad581452e3311ae32e07c5d725b2501040e3ce728ba5d2d4d2, awsAccessKeyId=dlfknslnfslf
datanode_3  | 2019-10-18 04:56:45,768 INFO impl.RaftServerImpl: 8911d3e9-eff5-4fe1-82bc-8b34642b9a7e@group-85FD0EDBA826: changes role from  FOLLOWER to FOLLOWER at term 2 for recognizeCandidate:6e5cd0b1-2596-41f6-a7ea-dcbd0e43ada1
kdc_1       | Oct 18 04:56:23 kdc krb5kdc[9](info): AS_REQ (8 etypes {18 17 20 19 16 23 25 26}) 127.0.0.1: ISSUE: authtime 1571374583, etypes {rep=18 tkt=18 ses=18}, admin/admin@EXAMPLE.COM for kadmin/admin@EXAMPLE.COM
datanode_1  | 2019-10-18 04:56:45,622 INFO impl.RaftServerImpl: 873dd3c6-ecf8-4129-8a9a-1f59d0d71d41@group-85FD0EDBA826: changes role from  FOLLOWER to CANDIDATE at term 0 for changeToCandidate
datanode_2  | 2019-10-18 04:56:45,587 INFO impl.RaftServerImpl: 6e5cd0b1-2596-41f6-a7ea-dcbd0e43ada1@group-85FD0EDBA826: changes role from  FOLLOWER to CANDIDATE at term 0 for changeToCandidate
om_1        | 2019-10-18 04:57:38,720 INFO ipc.Server: Auth successful for testuser/scm@EXAMPLE.COM (auth:KERBEROS)
scm_1       | 2019-10-18 04:58:41,627 INFO ipc.Server: Auth successful for om/om@EXAMPLE.COM (auth:KERBEROS)
s3g_1       | 2019-10-18 05:03:04,087 INFO retry.RetryInvocationHandler: com.google.protobuf.ServiceException: org.apache.hadoop.ipc.RemoteException(org.apache.hadoop.security.token.SecretManager$InvalidToken): No S3 secret found for S3 identifier:OzoneToken owner=dlfknslnfslf, renewer=, realUser=, issueDate=0, maxDate=0, sequenceNumber=0, masterKeyId=0, strToSign=AWS4-HMAC-SHA256
datanode_3  | 2019-10-18 04:56:45,768 INFO impl.RoleInfo: 8911d3e9-eff5-4fe1-82bc-8b34642b9a7e: shutdown FollowerState
kdc_1       | Oct 18 04:56:23 kdc krb5kdc[9](info): AS_REQ (8 etypes {18 17 20 19 16 23 25 26}) 127.0.0.1: SERVER_NOT_FOUND: admin/admin@EXAMPLE.COM for kadmin/localhost@EXAMPLE.COM, Server not found in Kerberos database
datanode_1  | 2019-10-18 04:56:45,622 INFO impl.RoleInfo: 873dd3c6-ecf8-4129-8a9a-1f59d0d71d41: start LeaderElection
om_1        | 2019-10-18 04:57:38,730 INFO authorize.ServiceAuthorizationManager: Authorization successful for testuser/scm@EXAMPLE.COM (auth:KERBEROS) for protocol=interface org.apache.hadoop.ozone.om.protocol.OzoneManagerProtocol
scm_1       | 2019-10-18 04:58:41,630 INFO authorize.ServiceAuthorizationManager: Authorization successful for om/om@EXAMPLE.COM (auth:KERBEROS) for protocol=interface org.apache.hadoop.hdds.scm.protocol.ScmBlockLocationProtocol
datanode_3  | 2019-10-18 04:56:45,768 INFO impl.RoleInfo: 8911d3e9-eff5-4fe1-82bc-8b34642b9a7e: start FollowerState
s3g_1       | 20191018T050303Z
datanode_2  | 2019-10-18 04:56:45,587 INFO impl.RoleInfo: 6e5cd0b1-2596-41f6-a7ea-dcbd0e43ada1: start LeaderElection
kdc_1       | Oct 18 04:56:23 kdc krb5kdc[9](info): AS_REQ (8 etypes {18 17 20 19 16 23 25 26}) 127.0.0.1: ISSUE: authtime 1571374583, etypes {rep=18 tkt=18 ses=18}, admin/admin@EXAMPLE.COM for kadmin/admin@EXAMPLE.COM
om_1        | 2019-10-18 04:57:42,664 INFO ipc.Server: Auth successful for testuser/scm@EXAMPLE.COM (auth:KERBEROS)
datanode_1  | 2019-10-18 04:56:45,626 INFO segmented.SegmentedRaftLogWorker: 873dd3c6-ecf8-4129-8a9a-1f59d0d71d41@group-86C0BF44C224-SegmentedRaftLogWorker: created new log segment /data/metadata/ratis/5e1c1f1e-6014-48cc-8a16-86c0bf44c224/current/log_inprogress_0
scm_1       | 2019-10-18 04:58:43,310 INFO server.SCMBlockProtocolServer: SCM is informed by OM to delete 1 blocks
datanode_3  | 2019-10-18 04:56:45,768 INFO impl.FollowerState: 8911d3e9-eff5-4fe1-82bc-8b34642b9a7e@group-85FD0EDBA826-FollowerState was interrupted: java.lang.InterruptedException: sleep interrupted
s3g_1       | 20191018/us-west-1/s3/aws4_request
datanode_2  | 2019-10-18 04:56:45,614 INFO impl.LeaderElection: 6e5cd0b1-2596-41f6-a7ea-dcbd0e43ada1@group-85FD0EDBA826-LeaderElection2: begin an election at term 1 for -1: [6e5cd0b1-2596-41f6-a7ea-dcbd0e43ada1:172.18.0.9:9858, 8911d3e9-eff5-4fe1-82bc-8b34642b9a7e:172.18.0.10:9858, 873dd3c6-ecf8-4129-8a9a-1f59d0d71d41:172.18.0.8:9858], old=null
kdc_1       | WARNING: no policy specified for om/scm@EXAMPLE.COM; defaulting to no policy
om_1        | 2019-10-18 04:57:42,673 INFO authorize.ServiceAuthorizationManager: Authorization successful for testuser/scm@EXAMPLE.COM (auth:KERBEROS) for protocol=interface org.apache.hadoop.ozone.om.protocol.OzoneManagerProtocol
scm_1       | 2019-10-18 04:58:43,311 INFO block.BlockManagerImpl: Deleting blocks conID: 4 locID: 102981609367666813 bcsId: 0
datanode_1  | 2019-10-18 04:56:45,641 INFO impl.LeaderElection: 873dd3c6-ecf8-4129-8a9a-1f59d0d71d41@group-85FD0EDBA826-LeaderElection2: begin an election at term 1 for -1: [6e5cd0b1-2596-41f6-a7ea-dcbd0e43ada1:172.18.0.9:9858, 8911d3e9-eff5-4fe1-82bc-8b34642b9a7e:172.18.0.10:9858, 873dd3c6-ecf8-4129-8a9a-1f59d0d71d41:172.18.0.8:9858], old=null
datanode_3  | 2019-10-18 04:56:45,824 INFO impl.RaftServerImpl: 8911d3e9-eff5-4fe1-82bc-8b34642b9a7e@group-85FD0EDBA826: changes role from  FOLLOWER to FOLLOWER at term 3 for recognizeCandidate:6e5cd0b1-2596-41f6-a7ea-dcbd0e43ada1
s3g_1       | 3408caff7310c208ce6a601726bde86b1c16724ab5a44f2a12418ae8c3cdb934, signature=4930fee9a3c665ad581452e3311ae32e07c5d725b2501040e3ce728ba5d2d4d2, awsAccessKeyId=dlfknslnfslf, while invoking $Proxy83.submitRequest over nodeId=null,nodeAddress=om:9862 after 17 failover attempts. Trying to failover immediately.
kdc_1       | Principal "om/scm@EXAMPLE.COM" created.
datanode_2  | 2019-10-18 04:56:45,720 INFO impl.LeaderElection: 6e5cd0b1-2596-41f6-a7ea-dcbd0e43ada1@group-85FD0EDBA826-LeaderElection2: Election TIMEOUT; received 0 response(s) [] and 0 exception(s); 6e5cd0b1-2596-41f6-a7ea-dcbd0e43ada1@group-85FD0EDBA826:t1, leader=null, voted=6e5cd0b1-2596-41f6-a7ea-dcbd0e43ada1, raftlog=6e5cd0b1-2596-41f6-a7ea-dcbd0e43ada1@group-85FD0EDBA826-SegmentedRaftLog:OPENED:c-1,f-1,i0, conf=-1: [6e5cd0b1-2596-41f6-a7ea-dcbd0e43ada1:172.18.0.9:9858, 8911d3e9-eff5-4fe1-82bc-8b34642b9a7e:172.18.0.10:9858, 873dd3c6-ecf8-4129-8a9a-1f59d0d71d41:172.18.0.8:9858], old=null
om_1        | 2019-10-18 04:57:45,256 INFO ipc.Server: Auth successful for testuser/scm@EXAMPLE.COM (auth:KERBEROS)
scm_1       | 2019-10-18 04:58:45,448 INFO ipc.Server: Auth successful for dn/b2c544c557fb@EXAMPLE.COM (auth:KERBEROS)
datanode_1  | 2019-10-18 04:56:45,691 INFO impl.LeaderElection: 873dd3c6-ecf8-4129-8a9a-1f59d0d71d41@group-85FD0EDBA826-LeaderElection2: Election TIMEOUT; received 0 response(s) [] and 0 exception(s); 873dd3c6-ecf8-4129-8a9a-1f59d0d71d41@group-85FD0EDBA826:t1, leader=null, voted=873dd3c6-ecf8-4129-8a9a-1f59d0d71d41, raftlog=873dd3c6-ecf8-4129-8a9a-1f59d0d71d41@group-85FD0EDBA826-SegmentedRaftLog:OPENED:c-1,f-1,i0, conf=-1: [6e5cd0b1-2596-41f6-a7ea-dcbd0e43ada1:172.18.0.9:9858, 8911d3e9-eff5-4fe1-82bc-8b34642b9a7e:172.18.0.10:9858, 873dd3c6-ecf8-4129-8a9a-1f59d0d71d41:172.18.0.8:9858], old=null
datanode_3  | 2019-10-18 04:56:45,824 INFO impl.RoleInfo: 8911d3e9-eff5-4fe1-82bc-8b34642b9a7e: shutdown FollowerState
s3g_1       | 2019-10-18 05:03:04,094 WARN ipc.Client: Exception encountered while connecting to the server : org.apache.hadoop.ipc.RemoteException(org.apache.hadoop.security.token.SecretManager$InvalidToken): No S3 secret found for S3 identifier:OzoneToken owner=dlfknslnfslf, renewer=, realUser=, issueDate=0, maxDate=0, sequenceNumber=0, masterKeyId=0, strToSign=AWS4-HMAC-SHA256
kdc_1       | Authenticating as principal admin/admin with keytab /tmp/admin.keytab.
datanode_2  | 2019-10-18 04:56:45,733 INFO impl.LeaderElection: 6e5cd0b1-2596-41f6-a7ea-dcbd0e43ada1@group-85FD0EDBA826-LeaderElection2: begin an election at term 2 for -1: [6e5cd0b1-2596-41f6-a7ea-dcbd0e43ada1:172.18.0.9:9858, 8911d3e9-eff5-4fe1-82bc-8b34642b9a7e:172.18.0.10:9858, 873dd3c6-ecf8-4129-8a9a-1f59d0d71d41:172.18.0.8:9858], old=null
om_1        | 2019-10-18 04:57:45,266 INFO authorize.ServiceAuthorizationManager: Authorization successful for testuser/scm@EXAMPLE.COM (auth:KERBEROS) for protocol=interface org.apache.hadoop.ozone.om.protocol.OzoneManagerProtocol
scm_1       | 2019-10-18 04:58:45,451 INFO authorize.ServiceAuthorizationManager: Authorization successful for dn/b2c544c557fb@EXAMPLE.COM (auth:KERBEROS) for protocol=interface org.apache.hadoop.ozone.protocol.StorageContainerDatanodeProtocol
datanode_1  | 2019-10-18 04:56:45,713 INFO impl.LeaderElection: 873dd3c6-ecf8-4129-8a9a-1f59d0d71d41@group-85FD0EDBA826-LeaderElection2: begin an election at term 2 for -1: [6e5cd0b1-2596-41f6-a7ea-dcbd0e43ada1:172.18.0.9:9858, 8911d3e9-eff5-4fe1-82bc-8b34642b9a7e:172.18.0.10:9858, 873dd3c6-ecf8-4129-8a9a-1f59d0d71d41:172.18.0.8:9858], old=null
datanode_3  | 2019-10-18 04:56:45,824 INFO impl.FollowerState: 8911d3e9-eff5-4fe1-82bc-8b34642b9a7e@group-85FD0EDBA826-FollowerState was interrupted: java.lang.InterruptedException: sleep interrupted
s3g_1       | 20191018T050303Z
kdc_1       | Entry for principal om/scm@EXAMPLE.COM with kvno 2, encryption type aes256-cts-hmac-sha1-96 added to keytab WRFILE:/data/om.scm.keytab.
datanode_2  | 2019-10-18 04:56:45,763 INFO impl.LeaderElection: 6e5cd0b1-2596-41f6-a7ea-dcbd0e43ada1@group-85FD0EDBA826-LeaderElection2: Election TIMEOUT; received 0 response(s) [] and 0 exception(s); 6e5cd0b1-2596-41f6-a7ea-dcbd0e43ada1@group-85FD0EDBA826:t2, leader=null, voted=6e5cd0b1-2596-41f6-a7ea-dcbd0e43ada1, raftlog=6e5cd0b1-2596-41f6-a7ea-dcbd0e43ada1@group-85FD0EDBA826-SegmentedRaftLog:OPENED:c-1,f-1,i0, conf=-1: [6e5cd0b1-2596-41f6-a7ea-dcbd0e43ada1:172.18.0.9:9858, 8911d3e9-eff5-4fe1-82bc-8b34642b9a7e:172.18.0.10:9858, 873dd3c6-ecf8-4129-8a9a-1f59d0d71d41:172.18.0.8:9858], old=null
om_1        | 2019-10-18 04:57:47,737 INFO ipc.Server: Auth successful for testuser/scm@EXAMPLE.COM (auth:KERBEROS)
scm_1       | 2019-10-18 04:59:04,581 INFO ipc.Server: Auth successful for dn/9873b981d60d@EXAMPLE.COM (auth:KERBEROS)
datanode_1  | 2019-10-18 04:56:45,821 INFO impl.RaftServerImpl: 873dd3c6-ecf8-4129-8a9a-1f59d0d71d41@group-85FD0EDBA826: changes role from CANDIDATE to FOLLOWER at term 3 for recognizeCandidate:6e5cd0b1-2596-41f6-a7ea-dcbd0e43ada1
datanode_3  | 2019-10-18 04:56:45,824 INFO impl.RoleInfo: 8911d3e9-eff5-4fe1-82bc-8b34642b9a7e: start FollowerState
s3g_1       | 20191018/us-west-1/s3/aws4_request
om_1        | 2019-10-18 04:57:47,750 INFO authorize.ServiceAuthorizationManager: Authorization successful for testuser/scm@EXAMPLE.COM (auth:KERBEROS) for protocol=interface org.apache.hadoop.ozone.om.protocol.OzoneManagerProtocol
datanode_2  | 2019-10-18 04:56:45,795 INFO impl.LeaderElection: 6e5cd0b1-2596-41f6-a7ea-dcbd0e43ada1@group-85FD0EDBA826-LeaderElection2: begin an election at term 3 for -1: [6e5cd0b1-2596-41f6-a7ea-dcbd0e43ada1:172.18.0.9:9858, 8911d3e9-eff5-4fe1-82bc-8b34642b9a7e:172.18.0.10:9858, 873dd3c6-ecf8-4129-8a9a-1f59d0d71d41:172.18.0.8:9858], old=null
kdc_1       | Entry for principal om/scm@EXAMPLE.COM with kvno 2, encryption type aes128-cts-hmac-sha1-96 added to keytab WRFILE:/data/om.scm.keytab.
datanode_1  | 2019-10-18 04:56:45,821 INFO impl.RoleInfo: 873dd3c6-ecf8-4129-8a9a-1f59d0d71d41: shutdown LeaderElection
datanode_3  | 2019-10-18 04:56:45,856 INFO impl.FollowerState: 8911d3e9-eff5-4fe1-82bc-8b34642b9a7e@group-85FD0EDBA826-FollowerState: change to CANDIDATE, lastRpcTime:31ms, electionTimeout:30ms
s3g_1       | 3408caff7310c208ce6a601726bde86b1c16724ab5a44f2a12418ae8c3cdb934, signature=4930fee9a3c665ad581452e3311ae32e07c5d725b2501040e3ce728ba5d2d4d2, awsAccessKeyId=dlfknslnfslf
scm_1       | 2019-10-18 04:59:04,584 INFO authorize.ServiceAuthorizationManager: Authorization successful for dn/9873b981d60d@EXAMPLE.COM (auth:KERBEROS) for protocol=interface org.apache.hadoop.ozone.protocol.StorageContainerDatanodeProtocol
om_1        | 2019-10-18 04:57:50,330 INFO ipc.Server: Auth successful for testuser/scm@EXAMPLE.COM (auth:KERBEROS)
datanode_2  | 2019-10-18 04:56:45,849 INFO impl.LeaderElection: 6e5cd0b1-2596-41f6-a7ea-dcbd0e43ada1@group-85FD0EDBA826-LeaderElection2: Election PASSED; received 1 response(s) [6e5cd0b1-2596-41f6-a7ea-dcbd0e43ada1<-8911d3e9-eff5-4fe1-82bc-8b34642b9a7e#0:OK-t3] and 0 exception(s); 6e5cd0b1-2596-41f6-a7ea-dcbd0e43ada1@group-85FD0EDBA826:t3, leader=null, voted=6e5cd0b1-2596-41f6-a7ea-dcbd0e43ada1, raftlog=6e5cd0b1-2596-41f6-a7ea-dcbd0e43ada1@group-85FD0EDBA826-SegmentedRaftLog:OPENED:c-1,f-1,i0, conf=-1: [6e5cd0b1-2596-41f6-a7ea-dcbd0e43ada1:172.18.0.9:9858, 8911d3e9-eff5-4fe1-82bc-8b34642b9a7e:172.18.0.10:9858, 873dd3c6-ecf8-4129-8a9a-1f59d0d71d41:172.18.0.8:9858], old=null
kdc_1       | Generiting keytab
datanode_1  | 2019-10-18 04:56:45,822 INFO impl.RoleInfo: 873dd3c6-ecf8-4129-8a9a-1f59d0d71d41: start FollowerState
s3g_1       | 2019-10-18 05:03:04,094 INFO retry.RetryInvocationHandler: com.google.protobuf.ServiceException: org.apache.hadoop.ipc.RemoteException(org.apache.hadoop.security.token.SecretManager$InvalidToken): No S3 secret found for S3 identifier:OzoneToken owner=dlfknslnfslf, renewer=, realUser=, issueDate=0, maxDate=0, sequenceNumber=0, masterKeyId=0, strToSign=AWS4-HMAC-SHA256
om_1        | 2019-10-18 04:57:50,341 INFO authorize.ServiceAuthorizationManager: Authorization successful for testuser/scm@EXAMPLE.COM (auth:KERBEROS) for protocol=interface org.apache.hadoop.ozone.om.protocol.OzoneManagerProtocol
scm_1       | 2019-10-18 04:59:13,002 INFO ipc.Server: Auth successful for dn/52a8473a00c2@EXAMPLE.COM (auth:KERBEROS)
datanode_2  | 2019-10-18 04:56:45,850 INFO impl.RoleInfo: 6e5cd0b1-2596-41f6-a7ea-dcbd0e43ada1: shutdown LeaderElection
datanode_3  | 2019-10-18 04:56:45,856 INFO impl.RoleInfo: 8911d3e9-eff5-4fe1-82bc-8b34642b9a7e: shutdown FollowerState
kdc_1       | Authenticating as principal admin/admin with keytab /tmp/admin.keytab.
s3g_1       | 20191018T050303Z
datanode_1  | 2019-10-18 04:56:45,826 INFO impl.LeaderElection: 873dd3c6-ecf8-4129-8a9a-1f59d0d71d41@group-85FD0EDBA826-LeaderElection2: Election DISCOVERED_A_NEW_TERM; received 1 response(s) [873dd3c6-ecf8-4129-8a9a-1f59d0d71d41<-6e5cd0b1-2596-41f6-a7ea-dcbd0e43ada1#0:FAIL-t3] and 0 exception(s); 873dd3c6-ecf8-4129-8a9a-1f59d0d71d41@group-85FD0EDBA826:t3, leader=null, voted=null, raftlog=873dd3c6-ecf8-4129-8a9a-1f59d0d71d41@group-85FD0EDBA826-SegmentedRaftLog:OPENED:c-1,f-1,i0, conf=-1: [6e5cd0b1-2596-41f6-a7ea-dcbd0e43ada1:172.18.0.9:9858, 8911d3e9-eff5-4fe1-82bc-8b34642b9a7e:172.18.0.10:9858, 873dd3c6-ecf8-4129-8a9a-1f59d0d71d41:172.18.0.8:9858], old=null
om_1        | 2019-10-18 04:57:52,845 INFO ipc.Server: Auth successful for testuser/scm@EXAMPLE.COM (auth:KERBEROS)
scm_1       | 2019-10-18 04:59:13,005 INFO authorize.ServiceAuthorizationManager: Authorization successful for dn/52a8473a00c2@EXAMPLE.COM (auth:KERBEROS) for protocol=interface org.apache.hadoop.ozone.protocol.StorageContainerDatanodeProtocol
datanode_2  | 2019-10-18 04:56:45,850 INFO impl.RaftServerImpl: 6e5cd0b1-2596-41f6-a7ea-dcbd0e43ada1@group-85FD0EDBA826: changes role from CANDIDATE to LEADER at term 3 for changeToLeader
kdc_1       | WARNING: no policy specified for scm/s3g@EXAMPLE.COM; defaulting to no policy
s3g_1       | 20191018/us-west-1/s3/aws4_request
datanode_1  | 2019-10-18 04:56:45,891 INFO impl.RaftServerImpl: 873dd3c6-ecf8-4129-8a9a-1f59d0d71d41@group-85FD0EDBA826: changes role from  FOLLOWER to FOLLOWER at term 4 for recognizeCandidate:8911d3e9-eff5-4fe1-82bc-8b34642b9a7e
om_1        | 2019-10-18 04:57:52,856 INFO authorize.ServiceAuthorizationManager: Authorization successful for testuser/scm@EXAMPLE.COM (auth:KERBEROS) for protocol=interface org.apache.hadoop.ozone.om.protocol.OzoneManagerProtocol
datanode_2  | 2019-10-18 04:56:45,850 INFO impl.RaftServerImpl: 6e5cd0b1-2596-41f6-a7ea-dcbd0e43ada1@group-85FD0EDBA826: change Leader from null to 6e5cd0b1-2596-41f6-a7ea-dcbd0e43ada1 at term 3 for becomeLeader, leader elected after 416ms
scm_1       | 2019-10-18 04:59:15,446 INFO ipc.Server: Auth successful for dn/b2c544c557fb@EXAMPLE.COM (auth:KERBEROS)
datanode_3  | 2019-10-18 04:56:45,856 INFO impl.RaftServerImpl: 8911d3e9-eff5-4fe1-82bc-8b34642b9a7e@group-85FD0EDBA826: changes role from  FOLLOWER to CANDIDATE at term 3 for changeToCandidate
kdc_1       | Principal "scm/s3g@EXAMPLE.COM" created.
s3g_1       | 3408caff7310c208ce6a601726bde86b1c16724ab5a44f2a12418ae8c3cdb934, signature=4930fee9a3c665ad581452e3311ae32e07c5d725b2501040e3ce728ba5d2d4d2, awsAccessKeyId=dlfknslnfslf, while invoking $Proxy83.submitRequest over nodeId=null,nodeAddress=om:9862 after 18 failover attempts. Trying to failover immediately.
datanode_1  | 2019-10-18 04:56:45,891 INFO impl.RoleInfo: 873dd3c6-ecf8-4129-8a9a-1f59d0d71d41: shutdown FollowerState
om_1        | 2019-10-18 04:57:55,272 INFO ipc.Server: Auth successful for testuser/scm@EXAMPLE.COM (auth:KERBEROS)
datanode_2  | 2019-10-18 04:56:45,851 INFO server.RaftServerConfigKeys: raft.server.staging.catchup.gap = 1000 (default)
scm_1       | 2019-10-18 04:59:15,449 INFO authorize.ServiceAuthorizationManager: Authorization successful for dn/b2c544c557fb@EXAMPLE.COM (auth:KERBEROS) for protocol=interface org.apache.hadoop.ozone.protocol.StorageContainerDatanodeProtocol
datanode_3  | 2019-10-18 04:56:45,856 INFO impl.RoleInfo: 8911d3e9-eff5-4fe1-82bc-8b34642b9a7e: start LeaderElection
kdc_1       | Authenticating as principal admin/admin with keytab /tmp/admin.keytab.
s3g_1       | 2019-10-18 05:03:04,101 WARN ipc.Client: Exception encountered while connecting to the server : org.apache.hadoop.ipc.RemoteException(org.apache.hadoop.security.token.SecretManager$InvalidToken): No S3 secret found for S3 identifier:OzoneToken owner=dlfknslnfslf, renewer=, realUser=, issueDate=0, maxDate=0, sequenceNumber=0, masterKeyId=0, strToSign=AWS4-HMAC-SHA256
datanode_1  | 2019-10-18 04:56:45,891 INFO impl.RoleInfo: 873dd3c6-ecf8-4129-8a9a-1f59d0d71d41: start FollowerState
om_1        | 2019-10-18 04:57:55,283 INFO authorize.ServiceAuthorizationManager: Authorization successful for testuser/scm@EXAMPLE.COM (auth:KERBEROS) for protocol=interface org.apache.hadoop.ozone.om.protocol.OzoneManagerProtocol
datanode_2  | 2019-10-18 04:56:45,851 INFO server.RaftServerConfigKeys: raft.server.rpc.sleep.time = 25ms (default)
scm_1       | 2019-10-18 04:59:22,956 INFO ipc.Server: Auth successful for om/om@EXAMPLE.COM (auth:KERBEROS)
datanode_3  | 2019-10-18 04:56:45,872 INFO impl.LeaderElection: 8911d3e9-eff5-4fe1-82bc-8b34642b9a7e@group-85FD0EDBA826-LeaderElection3: begin an election at term 4 for -1: [6e5cd0b1-2596-41f6-a7ea-dcbd0e43ada1:172.18.0.9:9858, 8911d3e9-eff5-4fe1-82bc-8b34642b9a7e:172.18.0.10:9858, 873dd3c6-ecf8-4129-8a9a-1f59d0d71d41:172.18.0.8:9858], old=null
kdc_1       | Entry for principal scm/s3g@EXAMPLE.COM with kvno 2, encryption type aes256-cts-hmac-sha1-96 added to keytab WRFILE:/data/scm.s3g.keytab.
s3g_1       | 20191018T050303Z
datanode_1  | 2019-10-18 04:56:45,891 INFO impl.FollowerState: 873dd3c6-ecf8-4129-8a9a-1f59d0d71d41@group-85FD0EDBA826-FollowerState was interrupted: java.lang.InterruptedException: sleep interrupted
om_1        | 2019-10-18 04:57:57,721 INFO ipc.Server: Auth successful for testuser/scm@EXAMPLE.COM (auth:KERBEROS)
datanode_2  | 2019-10-18 04:56:45,851 INFO server.RaftServerConfigKeys: raft.server.write.element-limit = 4096 (default)
scm_1       | 2019-10-18 04:59:22,958 INFO authorize.ServiceAuthorizationManager: Authorization successful for om/om@EXAMPLE.COM (auth:KERBEROS) for protocol=interface org.apache.hadoop.hdds.scm.protocol.ScmBlockLocationProtocol
datanode_3  | 2019-10-18 04:56:45,903 INFO impl.LeaderElection: 8911d3e9-eff5-4fe1-82bc-8b34642b9a7e@group-85FD0EDBA826-LeaderElection3: Election PASSED; received 1 response(s) [8911d3e9-eff5-4fe1-82bc-8b34642b9a7e<-873dd3c6-ecf8-4129-8a9a-1f59d0d71d41#0:OK-t4] and 0 exception(s); 8911d3e9-eff5-4fe1-82bc-8b34642b9a7e@group-85FD0EDBA826:t4, leader=null, voted=8911d3e9-eff5-4fe1-82bc-8b34642b9a7e, raftlog=8911d3e9-eff5-4fe1-82bc-8b34642b9a7e@group-85FD0EDBA826-SegmentedRaftLog:OPENED:c-1,f-1,i0, conf=-1: [6e5cd0b1-2596-41f6-a7ea-dcbd0e43ada1:172.18.0.9:9858, 8911d3e9-eff5-4fe1-82bc-8b34642b9a7e:172.18.0.10:9858, 873dd3c6-ecf8-4129-8a9a-1f59d0d71d41:172.18.0.8:9858], old=null
kdc_1       | Entry for principal scm/s3g@EXAMPLE.COM with kvno 2, encryption type aes128-cts-hmac-sha1-96 added to keytab WRFILE:/data/scm.s3g.keytab.
s3g_1       | 20191018/us-west-1/s3/aws4_request
datanode_1  | 2019-10-18 04:56:45,916 INFO server.GrpcServerProtocolService: 873dd3c6-ecf8-4129-8a9a-1f59d0d71d41: Completed APPEND_ENTRIES, lastRequest: null
om_1        | 2019-10-18 04:57:57,732 INFO authorize.ServiceAuthorizationManager: Authorization successful for testuser/scm@EXAMPLE.COM (auth:KERBEROS) for protocol=interface org.apache.hadoop.ozone.om.protocol.OzoneManagerProtocol
datanode_2  | 2019-10-18 04:56:45,852 INFO server.RaftServerConfigKeys: raft.server.watch.timeout = 10s (default)
scm_1       | 2019-10-18 04:59:24,253 INFO ipc.Server: Auth successful for dn/b2c544c557fb@EXAMPLE.COM (auth:KERBEROS)
datanode_3  | 2019-10-18 04:56:45,903 INFO impl.RoleInfo: 8911d3e9-eff5-4fe1-82bc-8b34642b9a7e: shutdown LeaderElection
kdc_1       | Generiting keytab
s3g_1       | 3408caff7310c208ce6a601726bde86b1c16724ab5a44f2a12418ae8c3cdb934, signature=4930fee9a3c665ad581452e3311ae32e07c5d725b2501040e3ce728ba5d2d4d2, awsAccessKeyId=dlfknslnfslf
datanode_1  | 2019-10-18 04:56:45,983 INFO impl.RaftServerImpl: 873dd3c6-ecf8-4129-8a9a-1f59d0d71d41@group-85FD0EDBA826: change Leader from null to 8911d3e9-eff5-4fe1-82bc-8b34642b9a7e at term 4 for appendEntries, leader elected after 549ms
datanode_2  | 2019-10-18 04:56:45,852 INFO server.RaftServerConfigKeys: raft.server.watch.timeout.denomination = 1s (default)
om_1        | 2019-10-18 04:58:00,417 INFO ipc.Server: Auth successful for testuser/scm@EXAMPLE.COM (auth:KERBEROS)
scm_1       | 2019-10-18 04:59:24,257 INFO authorize.ServiceAuthorizationManager: Authorization successful for dn/b2c544c557fb@EXAMPLE.COM (auth:KERBEROS) for protocol=interface org.apache.hadoop.hdds.protocol.SCMSecurityProtocol
datanode_3  | 2019-10-18 04:56:45,904 INFO impl.RaftServerImpl: 8911d3e9-eff5-4fe1-82bc-8b34642b9a7e@group-85FD0EDBA826: changes role from CANDIDATE to LEADER at term 4 for changeToLeader
kdc_1       | Authenticating as principal admin/admin with keytab /tmp/admin.keytab.
s3g_1       | 2019-10-18 05:03:04,101 INFO retry.RetryInvocationHandler: com.google.protobuf.ServiceException: org.apache.hadoop.ipc.RemoteException(org.apache.hadoop.security.token.SecretManager$InvalidToken): No S3 secret found for S3 identifier:OzoneToken owner=dlfknslnfslf, renewer=, realUser=, issueDate=0, maxDate=0, sequenceNumber=0, masterKeyId=0, strToSign=AWS4-HMAC-SHA256
datanode_1  | 2019-10-18 04:56:46,001 INFO impl.RaftServerImpl: 873dd3c6-ecf8-4129-8a9a-1f59d0d71d41@group-85FD0EDBA826: set configuration 0: [6e5cd0b1-2596-41f6-a7ea-dcbd0e43ada1:172.18.0.9:9858, 8911d3e9-eff5-4fe1-82bc-8b34642b9a7e:172.18.0.10:9858, 873dd3c6-ecf8-4129-8a9a-1f59d0d71d41:172.18.0.8:9858], old=null at 0
datanode_2  | 2019-10-18 04:56:45,852 INFO server.RaftServerConfigKeys: raft.server.watch.element-limit = 65536 (default)
om_1        | 2019-10-18 04:58:00,428 INFO authorize.ServiceAuthorizationManager: Authorization successful for testuser/scm@EXAMPLE.COM (auth:KERBEROS) for protocol=interface org.apache.hadoop.ozone.om.protocol.OzoneManagerProtocol
scm_1       | 2019-10-18 04:59:34,570 INFO ipc.Server: Auth successful for dn/9873b981d60d@EXAMPLE.COM (auth:KERBEROS)
datanode_3  | 2019-10-18 04:56:45,904 INFO impl.RaftServerImpl: 8911d3e9-eff5-4fe1-82bc-8b34642b9a7e@group-85FD0EDBA826: change Leader from null to 8911d3e9-eff5-4fe1-82bc-8b34642b9a7e at term 4 for becomeLeader, leader elected after 446ms
kdc_1       | WARNING: no policy specified for dn/9873b981d60d@EXAMPLE.COM; defaulting to no policy
s3g_1       | 20191018T050303Z
datanode_1  | 2019-10-18 04:56:46,002 INFO segmented.SegmentedRaftLogWorker: 873dd3c6-ecf8-4129-8a9a-1f59d0d71d41@group-85FD0EDBA826-SegmentedRaftLogWorker: Starting segment from index:0
datanode_2  | 2019-10-18 04:56:45,858 INFO server.RaftServerConfigKeys: raft.server.log.appender.snapshot.chunk.size.max = 16MB (=16777216) (default)
om_1        | 2019-10-18 04:58:01,056 [IPC Server handler 1 on 9862] INFO       - created volume:86680-rpcwoport2 for user:testuser/scm@EXAMPLE.COM
scm_1       | 2019-10-18 04:59:34,572 INFO authorize.ServiceAuthorizationManager: Authorization successful for dn/9873b981d60d@EXAMPLE.COM (auth:KERBEROS) for protocol=interface org.apache.hadoop.ozone.protocol.StorageContainerDatanodeProtocol
datanode_3  | 2019-10-18 04:56:45,904 INFO server.RaftServerConfigKeys: raft.server.staging.catchup.gap = 1000 (default)
kdc_1       | Principal "dn/9873b981d60d@EXAMPLE.COM" created.
datanode_1  | 2019-10-18 04:56:46,154 INFO segmented.SegmentedRaftLogWorker: 873dd3c6-ecf8-4129-8a9a-1f59d0d71d41@group-85FD0EDBA826-SegmentedRaftLogWorker: created new log segment /data/metadata/ratis/fae085d1-b976-4ee9-bee2-85fd0edba826/current/log_inprogress_0
datanode_2  | 2019-10-18 04:56:45,858 INFO server.RaftServerConfigKeys: raft.server.log.appender.buffer.byte-limit = 33554432 (custom)
scm_1       | 2019-10-18 04:59:43,007 INFO ipc.Server: Auth successful for dn/52a8473a00c2@EXAMPLE.COM (auth:KERBEROS)
om_1        | 2019-10-18 04:58:02,806 INFO ipc.Server: Auth successful for testuser/scm@EXAMPLE.COM (auth:KERBEROS)
datanode_3  | 2019-10-18 04:56:45,904 INFO server.RaftServerConfigKeys: raft.server.rpc.sleep.time = 25ms (default)
datanode_1  | 2019-10-18 04:57:03,556 INFO client.DNCertificateClient: Getting certificate with certSerialId:11721384926728181.
kdc_1       | Authenticating as principal admin/admin with keytab /tmp/admin.keytab.
s3g_1       | 20191018/us-west-1/s3/aws4_request
datanode_2  | 2019-10-18 04:56:45,859 INFO server.RaftServerConfigKeys: raft.server.log.appender.buffer.element-limit = 1 (custom)
scm_1       | 2019-10-18 04:59:43,010 INFO authorize.ServiceAuthorizationManager: Authorization successful for dn/52a8473a00c2@EXAMPLE.COM (auth:KERBEROS) for protocol=interface org.apache.hadoop.ozone.protocol.StorageContainerDatanodeProtocol
om_1        | 2019-10-18 04:58:02,817 INFO authorize.ServiceAuthorizationManager: Authorization successful for testuser/scm@EXAMPLE.COM (auth:KERBEROS) for protocol=interface org.apache.hadoop.ozone.om.protocol.OzoneManagerProtocol
datanode_3  | 2019-10-18 04:56:45,904 INFO server.RaftServerConfigKeys: raft.server.write.element-limit = 4096 (default)
kdc_1       | Entry for principal dn/9873b981d60d@EXAMPLE.COM with kvno 2, encryption type aes256-cts-hmac-sha1-96 added to keytab WRFILE:/data/dn.9873b981d60d.keytab.
s3g_1       | 3408caff7310c208ce6a601726bde86b1c16724ab5a44f2a12418ae8c3cdb934, signature=4930fee9a3c665ad581452e3311ae32e07c5d725b2501040e3ce728ba5d2d4d2, awsAccessKeyId=dlfknslnfslf, while invoking $Proxy83.submitRequest over nodeId=null,nodeAddress=om:9862 after 19 failover attempts. Trying to failover immediately.
datanode_2  | 2019-10-18 04:56:45,862 INFO grpc.GrpcConfigKeys$Server: raft.grpc.server.leader.outstanding.appends.max = 128 (default)
scm_1       | 2019-10-18 04:59:43,343 INFO ipc.Server: Auth successful for om/om@EXAMPLE.COM (auth:KERBEROS)
om_1        | 2019-10-18 04:58:05,268 INFO ipc.Server: Auth successful for testuser/scm@EXAMPLE.COM (auth:KERBEROS)
datanode_3  | 2019-10-18 04:56:45,904 INFO server.RaftServerConfigKeys: raft.server.watch.timeout = 10s (default)
kdc_1       | Entry for principal dn/9873b981d60d@EXAMPLE.COM with kvno 2, encryption type aes128-cts-hmac-sha1-96 added to keytab WRFILE:/data/dn.9873b981d60d.keytab.
s3g_1       | 2019-10-18 05:03:04,106 WARN ipc.Client: Exception encountered while connecting to the server : org.apache.hadoop.ipc.RemoteException(org.apache.hadoop.security.token.SecretManager$InvalidToken): No S3 secret found for S3 identifier:OzoneToken owner=dlfknslnfslf, renewer=, realUser=, issueDate=0, maxDate=0, sequenceNumber=0, masterKeyId=0, strToSign=AWS4-HMAC-SHA256
datanode_2  | 2019-10-18 04:56:45,862 INFO server.RaftServerConfigKeys: raft.server.rpc.request.timeout = 3000ms (default)
scm_1       | 2019-10-18 04:59:43,345 INFO authorize.ServiceAuthorizationManager: Authorization successful for om/om@EXAMPLE.COM (auth:KERBEROS) for protocol=interface org.apache.hadoop.hdds.scm.protocol.ScmBlockLocationProtocol
om_1        | 2019-10-18 04:58:05,279 INFO authorize.ServiceAuthorizationManager: Authorization successful for testuser/scm@EXAMPLE.COM (auth:KERBEROS) for protocol=interface org.apache.hadoop.ozone.om.protocol.OzoneManagerProtocol
datanode_3  | 2019-10-18 04:56:45,904 INFO server.RaftServerConfigKeys: raft.server.watch.timeout.denomination = 1s (default)
s3g_1       | 20191018T050303Z
kdc_1       | Generiting keytab
datanode_2  | 2019-10-18 04:56:45,863 INFO server.RaftServerConfigKeys: raft.server.log.appender.install.snapshot.enabled = false (custom)
scm_1       | 2019-10-18 04:59:43,346 INFO server.SCMBlockProtocolServer: SCM is informed by OM to delete 1 blocks
om_1        | 2019-10-18 04:58:07,515 INFO ipc.Server: Auth successful for testuser/scm@EXAMPLE.COM (auth:KERBEROS)
datanode_3  | 2019-10-18 04:56:45,904 INFO server.RaftServerConfigKeys: raft.server.watch.element-limit = 65536 (default)
s3g_1       | 20191018/us-west-1/s3/aws4_request
kdc_1       | Authenticating as principal admin/admin with keytab /tmp/admin.keytab.
datanode_2  | 2019-10-18 04:56:45,868 INFO server.RaftServerConfigKeys: raft.server.log.appender.snapshot.chunk.size.max = 16MB (=16777216) (default)
scm_1       | 2019-10-18 04:59:43,346 INFO block.BlockManagerImpl: Deleting blocks conID: 6 locID: 102981616465281151 bcsId: 0
om_1        | 2019-10-18 04:58:07,527 INFO authorize.ServiceAuthorizationManager: Authorization successful for testuser/scm@EXAMPLE.COM (auth:KERBEROS) for protocol=interface org.apache.hadoop.ozone.om.protocol.OzoneManagerProtocol
datanode_3  | 2019-10-18 04:56:45,910 INFO server.RaftServerConfigKeys: raft.server.log.appender.snapshot.chunk.size.max = 16MB (=16777216) (default)
s3g_1       | 3408caff7310c208ce6a601726bde86b1c16724ab5a44f2a12418ae8c3cdb934, signature=4930fee9a3c665ad581452e3311ae32e07c5d725b2501040e3ce728ba5d2d4d2, awsAccessKeyId=dlfknslnfslf
kdc_1       | WARNING: no policy specified for om/52a8473a00c2@EXAMPLE.COM; defaulting to no policy
datanode_2  | 2019-10-18 04:56:45,868 INFO server.RaftServerConfigKeys: raft.server.log.appender.buffer.byte-limit = 33554432 (custom)
scm_1       | 2019-10-18 04:59:54,596 INFO ipc.Server: Auth successful for dn/b2c544c557fb@EXAMPLE.COM (auth:KERBEROS)
datanode_3  | 2019-10-18 04:56:45,910 INFO server.RaftServerConfigKeys: raft.server.log.appender.buffer.byte-limit = 33554432 (custom)
s3g_1       | 2019-10-18 05:03:04,106 INFO retry.RetryInvocationHandler: com.google.protobuf.ServiceException: org.apache.hadoop.ipc.RemoteException(org.apache.hadoop.security.token.SecretManager$InvalidToken): No S3 secret found for S3 identifier:OzoneToken owner=dlfknslnfslf, renewer=, realUser=, issueDate=0, maxDate=0, sequenceNumber=0, masterKeyId=0, strToSign=AWS4-HMAC-SHA256
om_1        | 2019-10-18 04:58:10,048 INFO ipc.Server: Auth successful for testuser/scm@EXAMPLE.COM (auth:KERBEROS)
kdc_1       | Principal "om/52a8473a00c2@EXAMPLE.COM" created.
datanode_2  | 2019-10-18 04:56:45,868 INFO server.RaftServerConfigKeys: raft.server.log.appender.buffer.element-limit = 1 (custom)
scm_1       | 2019-10-18 04:59:54,602 INFO authorize.ServiceAuthorizationManager: Authorization successful for dn/b2c544c557fb@EXAMPLE.COM (auth:KERBEROS) for protocol=interface org.apache.hadoop.ozone.protocol.StorageContainerDatanodeProtocol
datanode_3  | 2019-10-18 04:56:45,911 INFO server.RaftServerConfigKeys: raft.server.log.appender.buffer.element-limit = 1 (custom)
