om_1        | STARTUP_MSG:   classpath = /etc/hadoop:/opt/hadoop/share/hadoop/common/*:/opt/hadoop/share/ozone/lib/kerb-simplekdc-1.0.1.jar:/opt/hadoop/share/ozone/lib/protobuf-java-2.5.0.jar:/opt/hadoop/share/ozone/lib/bcpkix-jdk15on-1.60.jar:/opt/hadoop/share/ozone/lib/sqlite-jdbc-3.25.2.jar:/opt/hadoop/share/ozone/lib/netty-3.10.5.Final.jar:/opt/hadoop/share/ozone/lib/commons-validator-1.6.jar:/opt/hadoop/share/ozone/lib/jaxb-impl-2.3.0.1.jar:/opt/hadoop/share/ozone/lib/kerb-core-1.0.1.jar:/opt/hadoop/share/ozone/lib/hadoop-ozone-common-0.5.0-SNAPSHOT.jar:/opt/hadoop/share/ozone/lib/ratis-thirdparty-misc-0.2.0.jar:/opt/hadoop/share/ozone/lib/jsr305-3.0.0.jar:/opt/hadoop/share/ozone/lib/leveldbjni-all-1.8.jar:/opt/hadoop/share/ozone/lib/htrace-core4-4.1.0-incubating.jar:/opt/hadoop/share/ozone/lib/ratis-metrics-0.5.0-3f446aa-SNAPSHOT.jar:/opt/hadoop/share/ozone/lib/hadoop-annotations-3.2.0.jar:/opt/hadoop/share/ozone/lib/hadoop-hdds-tools-0.5.0-SNAPSHOT.jar:/opt/hadoop/share/ozone/lib/kerb-util-1.0.1.jar:/opt/hadoop/share/ozone/lib/dropwizard-metrics-hadoop-metrics2-reporter-0.1.2.jar:/opt/hadoop/share/ozone/lib/jackson-jaxrs-1.9.13.jar:/opt/hadoop/share/ozone/lib/ratis-netty-0.5.0-3f446aa-SNAPSHOT.jar:/opt/hadoop/share/ozone/lib/kerby-xdr-1.0.1.jar:/opt/hadoop/share/ozone/lib/jetty-webapp-9.3.25.v20180904.jar:/opt/hadoop/share/ozone/lib/jackson-core-asl-1.9.13.jar:/opt/hadoop/share/ozone/lib/commons-net-3.6.jar:/opt/hadoop/share/ozone/lib/log4j-api-2.11.0.jar:/opt/hadoop/share/ozone/lib/netty-all-4.0.52.Final.jar:/opt/hadoop/share/ozone/lib/hadoop-hdfs-3.2.0.jar:/opt/hadoop/share/ozone/lib/jline-0.9.94.jar:/opt/hadoop/share/ozone/lib/opentracing-api-0.31.0.jar:/opt/hadoop/share/ozone/lib/hadoop-hdds-server-framework-0.5.0-SNAPSHOT.jar:/opt/hadoop/share/ozone/lib/slf4j-log4j12-1.7.25.jar:/opt/hadoop/share/ozone/lib/hadoop-hdfs-client-3.2.0.jar:/opt/hadoop/share/ozone/lib/kerby-config-1.0.1.jar:/opt/hadoop/share/ozone/lib/jetty-util-9.3.25.v20180904.jar:/opt/hadoop/share/ozone/lib/metrics-ganglia-3.2.5.jar:/opt/hadoop/share/ozone/lib/libthrift-0.12.0.jar:/opt/hadoop/share/ozone/lib/metrics-core-3.2.4.jar:/opt/hadoop/share/ozone/lib/kerby-pkix-1.0.1.jar:/opt/hadoop/share/ozone/lib/xz-1.0.jar:/opt/hadoop/share/ozone/lib/hadoop-hdds-config-0.5.0-SNAPSHOT.jar:/opt/hadoop/share/ozone/lib/nimbus-jose-jwt-4.41.1.jar:/opt/hadoop/share/ozone/lib/jsr311-api-1.1.1.jar:/opt/hadoop/share/ozone/lib/commons-beanutils-1.9.4.jar:/opt/hadoop/share/ozone/lib/javax.servlet-api-3.1.0.jar:/opt/hadoop/share/ozone/lib/kerb-server-1.0.1.jar:/opt/hadoop/share/ozone/lib/zookeeper-3.4.13.jar:/opt/hadoop/share/ozone/lib/avro-1.7.7.jar:/opt/hadoop/share/ozone/lib/kerb-client-1.0.1.jar:/opt/hadoop/share/ozone/lib/jackson-xc-1.9.13.jar:/opt/hadoop/share/ozone/lib/disruptor-3.4.2.jar:/opt/hadoop/share/ozone/lib/guava-11.0.2.jar:/opt/hadoop/share/ozone/lib/hadoop-hdds-common-0.5.0-SNAPSHOT.jar:/opt/hadoop/share/ozone/lib/curator-framework-2.12.0.jar:/opt/hadoop/share/ozone/lib/dnsjava-2.1.7.jar:/opt/hadoop/share/ozone/lib/commons-configuration2-2.1.1.jar:/opt/hadoop/share/ozone/lib/json-smart-2.3.jar:/opt/hadoop/share/ozone/lib/token-provider-1.0.1.jar:/opt/hadoop/share/ozone/lib/log4j-1.2.17.jar:/opt/hadoop/share/ozone/lib/commons-daemon-1.0.13.jar:/opt/hadoop/share/ozone/lib/bcprov-jdk15on-1.60.jar:/opt/hadoop/share/ozone/lib/commons-lang3-3.7.jar:/opt/hadoop/share/ozone/lib/commons-compress-1.4.1.jar:/opt/hadoop/share/ozone/lib/jaeger-client-0.34.0.jar:/opt/hadoop/share/ozone/lib/jetty-server-9.3.25.v20180904.jar:/opt/hadoop/share/ozone/lib/accessors-smart-1.2.jar:/opt/hadoop/share/ozone/lib/re2j-1.1.jar:/opt/hadoop/share/ozone/lib/curator-recipes-2.12.0.jar:/opt/hadoop/share/ozone/lib/jackson-core-2.9.9.jar:/opt/hadoop/share/ozone/lib/commons-math3-3.1.1.jar:/opt/hadoop/share/ozone/lib/ratis-server-0.5.0-3f446aa-SNAPSHOT.jar:/opt/hadoop/share/ozone/lib/gmetric4j-1.0.7.jar:/opt/hadoop/share/ozone/lib/opentracing-noop-0.31.0.jar:/opt/hadoop/share/ozone/lib/httpclient-4.5.2.jar:/opt/hadoop/share/ozone/lib/jaeger-core-0.34.0.jar:/opt/hadoop/share/ozone/lib/asm-5.0.4.jar:/opt/hadoop/share/ozone/lib/ratis-proto-0.5.0-3f446aa-SNAPSHOT.jar:/opt/hadoop/share/ozone/lib/curator-client-2.12.0.jar:/opt/hadoop/share/ozone/lib/audience-annotations-0.5.0.jar:/opt/hadoop/share/ozone/lib/kerby-util-1.0.1.jar:/opt/hadoop/share/ozone/lib/jackson-mapper-asl-1.9.13.jar:/opt/hadoop/share/ozone/lib/rocksdbjni-6.0.1.jar:/opt/hadoop/share/ozone/lib/jsp-api-2.1.jar:/opt/hadoop/share/ozone/lib/jsch-0.1.54.jar:/opt/hadoop/share/ozone/lib/opentracing-tracerresolver-0.1.5.jar:/opt/hadoop/share/ozone/lib/ratis-client-0.5.0-3f446aa-SNAPSHOT.jar:/opt/hadoop/share/ozone/lib/paranamer-2.3.jar:/opt/hadoop/share/ozone/lib/log4j-core-2.11.0.jar:/opt/hadoop/share/ozone/lib/jetty-io-9.3.25.v20180904.jar:/opt/hadoop/share/ozone/lib/jetty-xml-9.3.25.v20180904.jar:/opt/hadoop/share/ozone/lib/commons-codec-1.11.jar:/opt/hadoop/share/ozone/lib/commons-pool2-2.6.0.jar:/opt/hadoop/share/ozone/lib/gson-2.2.4.jar:/opt/hadoop/share/ozone/lib/jcip-annotations-1.0-1.jar:/opt/hadoop/share/ozone/lib/kerb-admin-1.0.1.jar:/opt/hadoop/share/ozone/lib/okio-1.13.0.jar:/opt/hadoop/share/ozone/lib/commons-io-2.5.jar:/opt/hadoop/share/ozone/lib/snakeyaml-1.16.jar:/opt/hadoop/share/ozone/lib/hadoop-ozone-client-0.5.0-SNAPSHOT.jar:/opt/hadoop/share/ozone/lib/jersey-core-1.19.jar:/opt/hadoop/share/ozone/lib/ratis-grpc-0.5.0-3f446aa-SNAPSHOT.jar:/opt/hadoop/share/ozone/lib/ratis-common-0.5.0-3f446aa-SNAPSHOT.jar:/opt/hadoop/share/ozone/lib/jackson-databind-2.9.9.jar:/opt/hadoop/share/ozone/lib/hadoop-hdds-container-service-0.5.0-SNAPSHOT.jar:/opt/hadoop/share/ozone/lib/picocli-3.9.6.jar:/opt/hadoop/share/ozone/lib/jaeger-thrift-0.34.0.jar:/opt/hadoop/share/ozone/lib/jackson-annotations-2.9.9.jar:/opt/hadoop/share/ozone/lib/commons-cli-1.2.jar:/opt/hadoop/share/ozone/lib/hadoop-hdds-docs-0.5.0-SNAPSHOT.jar:/opt/hadoop/share/ozone/lib/woodstox-core-5.0.3.jar:/opt/hadoop/share/ozone/lib/javax.annotation-api-1.2.jar:/opt/hadoop/share/ozone/lib/snappy-java-1.0.5.jar:/opt/hadoop/share/ozone/lib/jaeger-tracerresolver-0.34.0.jar:/opt/hadoop/share/ozone/lib/jetty-security-9.3.25.v20180904.jar:/opt/hadoop/share/ozone/lib/jetty-http-9.3.25.v20180904.jar:/opt/hadoop/share/ozone/lib/kerby-asn1-1.0.1.jar:/opt/hadoop/share/ozone/lib/okhttp-3.9.0.jar:/opt/hadoop/share/ozone/lib/stax2-api-3.1.4.jar:/opt/hadoop/share/ozone/lib/commons-digester-1.8.1.jar:/opt/hadoop/share/ozone/lib/commons-collections-3.2.2.jar:/opt/hadoop/share/ozone/lib/jettison-1.1.jar:/opt/hadoop/share/ozone/lib/commons-text-1.4.jar:/opt/hadoop/share/ozone/lib/jersey-servlet-1.19.jar:/opt/hadoop/share/ozone/lib/jersey-json-1.19.jar:/opt/hadoop/share/ozone/lib/slf4j-api-1.7.25.jar:/opt/hadoop/share/ozone/lib/jetty-util-ajax-9.3.25.v20180904.jar:/opt/hadoop/share/ozone/lib/commons-logging-1.1.3.jar:/opt/hadoop/share/ozone/lib/hadoop-hdds-client-0.5.0-SNAPSHOT.jar:/opt/hadoop/share/ozone/lib/kerb-identity-1.0.1.jar:/opt/hadoop/share/ozone/lib/opentracing-util-0.31.0.jar:/opt/hadoop/share/ozone/lib/hadoop-common-3.2.0.jar:/opt/hadoop/share/ozone/lib/hadoop-auth-3.2.0.jar:/opt/hadoop/share/ozone/lib/kerb-common-1.0.1.jar:/opt/hadoop/share/ozone/lib/jetty-servlet-9.3.25.v20180904.jar:/opt/hadoop/share/ozone/lib/jersey-server-1.19.jar:/opt/hadoop/share/ozone/lib/kerb-crypto-1.0.1.jar:/opt/hadoop/share/ozone/lib/httpcore-4.4.4.jar:/opt/hadoop/share/ozone/lib/metrics-jvm-3.2.5.jar:/opt/hadoop/share/ozone/web:/opt/hadoop/share/ozone/lib/hadoop-ozone-ozone-manager-0.5.0-SNAPSHOT.jar
nm_1        | ************************************************************/
rm_1        | STARTUP_MSG:   build = https://github.com/apache/hadoop.git -r 1019dde65bcf12e05ef48ac71e84550d589e5d9a; compiled by 'sunilg' on 2019-01-29T01:39Z
scm_1       | 2019-10-22 01:53:27,416 INFO server.StorageContainerManagerStarter: registered UNIX signal handlers for [TERM, HUP, INT]
datanode_1  | 2019-10-22 01:53:28,223 INFO server.RaftServerConfigKeys: raft.server.rpc.request.timeout = 3000ms (default)
datanode_3  | 2019-10-22 01:53:28,045 INFO util.JvmPauseMonitor: Starting JVM pause monitor
datanode_2  | 2019-10-22 01:53:27,846 INFO handler.ContextHandler: Started o.e.j.s.ServletContextHandler@50fb33a{/logs,file:///var/log/hadoop/,AVAILABLE}
nm_1        | 2019-10-22 01:53:23 INFO  NodeManager:51 - registered UNIX signal handlers for [TERM, HUP, INT]
om_1        | STARTUP_MSG:   build = https://github.com/apache/hadoop.git -r e97acb3bd8f3befd27418996fa5d4b50bf2e17bf; compiled by 'sunilg' on 2019-01-15T17:34Z
rm_1        | STARTUP_MSG:   java = 1.8.0_181
scm_1       | 2019-10-22 01:53:27,790 WARN server.ServerUtils: ozone.scm.db.dirs is not configured. We recommend adding this setting. Falling back to ozone.metadata.dirs instead.
datanode_1  | 2019-10-22 01:53:28,386 INFO server.RaftServerConfigKeys: raft.server.storage.dir = [/data/metadata/ratis] (custom)
datanode_3  | 2019-10-22 01:53:28,212 [Datanode State Machine Thread - 0] INFO       - DatanodeDetails is persisted to /data/metadata/datanode.id
datanode_2  | 2019-10-22 01:53:27,859 INFO handler.ContextHandler: Started o.e.j.s.ServletContextHandler@20b9d5d5{/static,jar:file:/opt/hadoop/share/ozone/lib/hadoop-hdds-container-service-0.5.0-SNAPSHOT.jar!/webapps/static,AVAILABLE}
nm_1        | 2019-10-22 01:53:24 INFO  NodeManager:322 - Node Manager health check script is not available or doesn't have execute permission, so not starting the node health script runner.
om_1        | STARTUP_MSG:   java = 11.0.3
rm_1        | ************************************************************/
scm_1       | 2019-10-22 01:53:27,803 WARN server.ServerUtils: ozone.scm.db.dirs is not configured. We recommend adding this setting. Falling back to ozone.metadata.dirs instead.
datanode_1  | 2019-10-22 01:53:28,541 INFO hdfs.DFSUtil: Starting Web-server for hddsDatanode at: http://0.0.0.0:9882
datanode_3  | 2019-10-22 01:53:30,232 [Datanode State Machine Thread - 0] INFO       - Attempting to start container services.
datanode_2  | 2019-10-22 01:53:27,940 INFO handler.ContextHandler: Started o.e.j.w.WebAppContext@17dd671f{/,file:///tmp/jetty-0.0.0.0-9882-hddsDatanode-_-any-11647217206818274681.dir/webapp/,AVAILABLE}{/hddsDatanode}
nm_1        | 2019-10-22 01:53:24 INFO  AsyncDispatcher:223 - Registering class org.apache.hadoop.yarn.server.nodemanager.containermanager.container.ContainerEventType for class org.apache.hadoop.yarn.server.nodemanager.containermanager.ContainerManagerImpl$ContainerEventDispatcher
om_1        | ************************************************************/
rm_1        | 2019-10-22 01:53:22 INFO  ResourceManager:49 - registered UNIX signal handlers for [TERM, HUP, INT]
scm_1       | 2019-10-22 01:53:27,834 INFO util.log: Logging initialized @1571ms
datanode_1  | 2019-10-22 01:53:28,565 INFO util.log: Logging initialized @3787ms
datanode_3  | 2019-10-22 01:53:30,234 [Datanode State Machine Thread - 0] INFO       - Background container scanner has been disabled.
datanode_2  | 2019-10-22 01:53:27,948 INFO server.AbstractConnector: Started ServerConnector@5875de6a{HTTP/1.1,[http/1.1]}{0.0.0.0:9882}
nm_1        | 2019-10-22 01:53:24 INFO  AsyncDispatcher:223 - Registering class org.apache.hadoop.yarn.server.nodemanager.containermanager.application.ApplicationEventType for class org.apache.hadoop.yarn.server.nodemanager.containermanager.ContainerManagerImpl$ApplicationEventDispatcher
om_1        | 2019-10-22 01:53:37,099 [main] INFO       - registered UNIX signal handlers for [TERM, HUP, INT]
scm_1       | 2019-10-22 01:53:27,995 INFO db.DBStoreBuilder: using custom profile for table: deletedBlocks
datanode_3  | 2019-10-22 01:53:30,234 [Datanode State Machine Thread - 0] INFO       - Starting XceiverServerRatis f0ac6df8-ba6f-47b2-91ed-27744816dad5 at port 9858
datanode_1  | 2019-10-22 01:53:28,660 INFO server.AuthenticationFilter: Unable to initialize FileSignerSecretProvider, falling back to use random secrets.
rm_1        | 2019-10-22 01:53:22 INFO  Configuration:2755 - found resource core-site.xml at file:/opt/hadoop/etc/hadoop/core-site.xml
datanode_2  | 2019-10-22 01:53:27,949 INFO server.Server: Started @4366ms
om_1        | 2019-10-22 01:53:38,035 [main] INFO       - Configuration either no ozone.om.address set. Falling back to the default OM address om/172.18.0.3:9862
nm_1        | 2019-10-22 01:53:24 INFO  AsyncDispatcher:223 - Registering class org.apache.hadoop.yarn.server.nodemanager.containermanager.localizer.event.LocalizationEventType for class org.apache.hadoop.yarn.server.nodemanager.containermanager.ContainerManagerImpl$LocalizationEventHandlerWrapper
scm_1       | 2019-10-22 01:53:27,995 INFO db.DBStoreBuilder: Using default column profile:DBProfile.DISK for Table:deletedBlocks
datanode_3  | 2019-10-22 01:53:30,254 INFO impl.RaftServerProxy: f0ac6df8-ba6f-47b2-91ed-27744816dad5: start RPC server
datanode_1  | 2019-10-22 01:53:28,663 INFO http.HttpRequestLog: Http request log for http.requests.hddsDatanode is not defined
rm_1        | 2019-10-22 01:53:22 INFO  Configuration:2752 - resource-types.xml not found
datanode_2  | 2019-10-22 01:53:27,953 INFO impl.MetricsSinkAdapter: Sink prometheus started
om_1        | 2019-10-22 01:53:38,035 [main] INFO       - OM Service ID is not set. Setting it to the default ID: omServiceIdDefault
nm_1        | 2019-10-22 01:53:24 INFO  AsyncDispatcher:223 - Registering class org.apache.hadoop.yarn.server.nodemanager.containermanager.AuxServicesEventType for class org.apache.hadoop.yarn.server.nodemanager.containermanager.AuxServices
scm_1       | 2019-10-22 01:53:27,996 INFO db.DBStoreBuilder: using custom profile for table: validCerts
datanode_3  | 2019-10-22 01:53:30,352 INFO server.GrpcService: f0ac6df8-ba6f-47b2-91ed-27744816dad5: GrpcService started, listening on 0.0.0.0/0.0.0.0:9858
datanode_1  | 2019-10-22 01:53:28,670 INFO http.HttpServer2: Added global filter 'safety' (class=org.apache.hadoop.http.HttpServer2$QuotingInputFilter)
rm_1        | 2019-10-22 01:53:22 INFO  ResourceUtils:418 - Unable to find 'resource-types.xml'.
datanode_2  | 2019-10-22 01:53:27,953 INFO impl.MetricsSystemImpl: Registered sink prometheus
om_1        | 2019-10-22 01:53:38,040 WARN server.ServerUtils: ozone.om.db.dirs is not configured. We recommend adding this setting. Falling back to ozone.metadata.dirs instead.
nm_1        | 2019-10-22 01:53:24 INFO  AsyncDispatcher:223 - Registering class org.apache.hadoop.yarn.server.nodemanager.containermanager.monitor.ContainersMonitorEventType for class org.apache.hadoop.yarn.server.nodemanager.containermanager.monitor.ContainersMonitorImpl
scm_1       | 2019-10-22 01:53:27,996 INFO db.DBStoreBuilder: Using default column profile:DBProfile.DISK for Table:validCerts
datanode_3  | WARNING: An illegal reflective access operation has occurred
datanode_1  | 2019-10-22 01:53:28,671 INFO http.HttpServer2: Added filter static_user_filter (class=org.apache.hadoop.http.lib.StaticUserWebFilter$StaticUserFilter) to context hddsDatanode
rm_1        | 2019-10-22 01:53:22 INFO  Configuration:2755 - found resource yarn-site.xml at file:/opt/hadoop/etc/hadoop/yarn-site.xml
datanode_2  | 2019-10-22 01:53:27,956 INFO server.BaseHttpServer: HTTP server of HDDSDATANODE is listening at http://0.0.0.0:9882
om_1        | 2019-10-22 01:53:38,049 WARN server.ServerUtils: ozone.om.db.dirs is not configured. We recommend adding this setting. Falling back to ozone.metadata.dirs instead.
nm_1        | 2019-10-22 01:53:24 INFO  AsyncDispatcher:223 - Registering class org.apache.hadoop.yarn.server.nodemanager.containermanager.launcher.ContainersLauncherEventType for class org.apache.hadoop.yarn.server.nodemanager.containermanager.launcher.ContainersLauncher
scm_1       | 2019-10-22 01:53:27,996 INFO db.DBStoreBuilder: using custom profile for table: revokedCerts
datanode_1  | 2019-10-22 01:53:28,671 INFO http.HttpServer2: Added filter static_user_filter (class=org.apache.hadoop.http.lib.StaticUserWebFilter$StaticUserFilter) to context logs
datanode_3  | WARNING: Illegal reflective access by org.apache.ratis.thirdparty.com.google.protobuf.UnsafeUtil (file:/opt/hadoop/share/ozone/lib/ratis-thirdparty-misc-0.2.0.jar) to field java.nio.Buffer.address
rm_1        | 2019-10-22 01:53:22 INFO  AsyncDispatcher:223 - Registering class org.apache.hadoop.yarn.server.resourcemanager.RMFatalEventType for class org.apache.hadoop.yarn.server.resourcemanager.ResourceManager$RMFatalEventDispatcher
datanode_2  | 2019-10-22 01:53:27,970 INFO util.JvmPauseMonitor: Starting JVM pause monitor
om_1        | 2019-10-22 01:53:38,739 WARN server.ServerUtils: ozone.om.db.dirs is not configured. We recommend adding this setting. Falling back to ozone.metadata.dirs instead.
nm_1        | 2019-10-22 01:53:24 INFO  AsyncDispatcher:223 - Registering class org.apache.hadoop.yarn.server.nodemanager.containermanager.scheduler.ContainerSchedulerEventType for class org.apache.hadoop.yarn.server.nodemanager.containermanager.scheduler.ContainerScheduler
scm_1       | 2019-10-22 01:53:27,996 INFO db.DBStoreBuilder: Using default column profile:DBProfile.DISK for Table:revokedCerts
datanode_1  | 2019-10-22 01:53:28,671 INFO http.HttpServer2: Added filter static_user_filter (class=org.apache.hadoop.http.lib.StaticUserWebFilter$StaticUserFilter) to context static
datanode_3  | WARNING: Please consider reporting this to the maintainers of org.apache.ratis.thirdparty.com.google.protobuf.UnsafeUtil
rm_1        | 2019-10-22 01:53:23 INFO  NMTokenSecretManagerInRM:75 - NMTokenKeyRollingInterval: 86400000ms and NMTokenKeyActivationDelay: 900000ms
datanode_2  | 2019-10-22 01:53:28,144 [Datanode State Machine Thread - 0] INFO       - DatanodeDetails is persisted to /data/metadata/datanode.id
om_1        | 2019-10-22 01:53:38,762 INFO util.log: Logging initialized @2492ms
nm_1        | 2019-10-22 01:53:24 INFO  NMLogAggregationStatusTracker:89 - the rolling interval seconds for the NodeManager Cached Log aggregation status is 600
scm_1       | 2019-10-22 01:53:28,010 INFO db.DBStoreBuilder: using custom profile for table: default
datanode_1  | 2019-10-22 01:53:28,696 INFO http.HttpServer2: Jetty bound to port 9882
datanode_3  | WARNING: Use --illegal-access=warn to enable warnings of further illegal reflective access operations
rm_1        | 2019-10-22 01:53:23 INFO  RMContainerTokenSecretManager:81 - ContainerTokenKeyRollingInterval: 86400000ms and ContainerTokenKeyActivationDelay: 900000ms
datanode_2  | 2019-10-22 01:53:30,232 [Datanode State Machine Thread - 0] INFO       - Attempting to start container services.
om_1        | 2019-10-22 01:53:38,851 INFO db.DBStoreBuilder: using custom profile for table: userTable
nm_1        | 2019-10-22 01:53:24 INFO  AsyncDispatcher:223 - Registering class org.apache.hadoop.yarn.server.nodemanager.ContainerManagerEventType for class org.apache.hadoop.yarn.server.nodemanager.containermanager.ContainerManagerImpl
scm_1       | 2019-10-22 01:53:28,010 INFO db.DBStoreBuilder: Using default column profile:DBProfile.DISK for Table:default
datanode_1  | 2019-10-22 01:53:28,697 INFO server.Server: jetty-9.3.25.v20180904, build timestamp: 2018-09-04T21:11:46Z, git hash: 3ce520221d0240229c862b122d2b06c12a625732
rm_1        | 2019-10-22 01:53:23 INFO  AMRMTokenSecretManager:94 - AMRMTokenKeyRollingInterval: 86400000ms and AMRMTokenKeyActivationDelay: 900000 ms
datanode_2  | 2019-10-22 01:53:30,234 [Datanode State Machine Thread - 0] INFO       - Background container scanner has been disabled.
om_1        | 2019-10-22 01:53:38,851 INFO db.DBStoreBuilder: Using default column profile:DBProfile.DISK for Table:userTable
nm_1        | 2019-10-22 01:53:24 INFO  AsyncDispatcher:223 - Registering class org.apache.hadoop.yarn.server.nodemanager.NodeManagerEventType for class org.apache.hadoop.yarn.server.nodemanager.NodeManager
datanode_3  | WARNING: All illegal access operations will be denied in a future release
scm_1       | 2019-10-22 01:53:28,011 INFO db.DBStoreBuilder: Using default options. DBProfile.DISK
datanode_1  | 2019-10-22 01:53:28,723 INFO handler.ContextHandler: Started o.e.j.s.ServletContextHandler@4228bf58{/logs,file:///var/log/hadoop/,AVAILABLE}
rm_1        | 2019-10-22 01:53:23 INFO  AsyncDispatcher:223 - Registering class org.apache.hadoop.yarn.server.resourcemanager.recovery.RMStateStoreEventType for class org.apache.hadoop.yarn.server.resourcemanager.recovery.RMStateStore$ForwardingEventHandler
datanode_2  | 2019-10-22 01:53:30,234 [Datanode State Machine Thread - 0] INFO       - Starting XceiverServerRatis d159ee86-5de2-4bb7-9ae1-ddc50b0d5233 at port 9858
om_1        | 2019-10-22 01:53:38,851 INFO db.DBStoreBuilder: using custom profile for table: volumeTable
nm_1        | 2019-10-22 01:53:24 INFO  FluentPropertyBeanIntrospector:147 - Error when creating PropertyDescriptor for public final void org.apache.commons.configuration2.AbstractConfiguration.setProperty(java.lang.String,java.lang.Object)! Ignoring this property.
datanode_3  | 2019-10-22 01:53:35,734 INFO impl.RaftServerProxy: f0ac6df8-ba6f-47b2-91ed-27744816dad5: addNew group-80DE62D97B80:[d159ee86-5de2-4bb7-9ae1-ddc50b0d5233:172.18.0.6:9858, f0ac6df8-ba6f-47b2-91ed-27744816dad5:172.18.0.9:9858, 33d587a0-48b9-4f93-b2d0-b2cfc2fcc316:172.18.0.8:9858] returns group-80DE62D97B80:java.util.concurrent.CompletableFuture@2ce545f4[Not completed]
scm_1       | 2019-10-22 01:53:28,237 INFO net.NodeSchemaLoader: Loading file from java.lang.CompoundEnumeration@4e07b95f
datanode_1  | 2019-10-22 01:53:28,723 INFO handler.ContextHandler: Started o.e.j.s.ServletContextHandler@25aeb5ac{/static,jar:file:/opt/hadoop/share/ozone/lib/hadoop-hdds-container-service-0.5.0-SNAPSHOT.jar!/webapps/static,AVAILABLE}
rm_1        | 2019-10-22 01:53:23 INFO  AsyncDispatcher:223 - Registering class org.apache.hadoop.yarn.server.resourcemanager.NodesListManagerEventType for class org.apache.hadoop.yarn.server.resourcemanager.NodesListManager
om_1        | 2019-10-22 01:53:38,851 INFO db.DBStoreBuilder: Using default column profile:DBProfile.DISK for Table:volumeTable
datanode_2  | 2019-10-22 01:53:30,253 INFO impl.RaftServerProxy: d159ee86-5de2-4bb7-9ae1-ddc50b0d5233: start RPC server
nm_1        | 2019-10-22 01:53:24 INFO  MetricsConfig:121 - loaded properties from hadoop-metrics2.properties
datanode_3  | 2019-10-22 01:53:35,747 INFO impl.RaftServerImpl: f0ac6df8-ba6f-47b2-91ed-27744816dad5: new RaftServerImpl for group-80DE62D97B80:[d159ee86-5de2-4bb7-9ae1-ddc50b0d5233:172.18.0.6:9858, f0ac6df8-ba6f-47b2-91ed-27744816dad5:172.18.0.9:9858, 33d587a0-48b9-4f93-b2d0-b2cfc2fcc316:172.18.0.8:9858] with ContainerStateMachine:uninitialized
scm_1       | 2019-10-22 01:53:28,238 INFO net.NodeSchemaLoader: Loading network topology layer schema file
datanode_1  | 2019-10-22 01:53:28,780 INFO handler.ContextHandler: Started o.e.j.w.WebAppContext@358ab600{/,file:///tmp/jetty-0.0.0.0-9882-hddsDatanode-_-any-224098099084789804.dir/webapp/,AVAILABLE}{/hddsDatanode}
rm_1        | 2019-10-22 01:53:23 INFO  ResourceManager:440 - Using Scheduler: org.apache.hadoop.yarn.server.resourcemanager.scheduler.capacity.CapacityScheduler
om_1        | 2019-10-22 01:53:38,852 INFO db.DBStoreBuilder: using custom profile for table: bucketTable
datanode_2  | 2019-10-22 01:53:30,349 INFO server.GrpcService: d159ee86-5de2-4bb7-9ae1-ddc50b0d5233: GrpcService started, listening on 0.0.0.0/0.0.0.0:9858
datanode_3  | 2019-10-22 01:53:35,748 INFO server.RaftServerConfigKeys: raft.server.rpc.timeout.min = 5s (custom)
nm_1        | 2019-10-22 01:53:24 INFO  MetricsSystemImpl:374 - Scheduled Metric snapshot period at 10 second(s).
scm_1       | 2019-10-22 01:53:28,334 INFO node.SCMNodeManager: Entering startup safe mode.
datanode_1  | 2019-10-22 01:53:28,786 INFO server.AbstractConnector: Started ServerConnector@33956d1a{HTTP/1.1,[http/1.1]}{0.0.0.0:9882}
rm_1        | 2019-10-22 01:53:23 INFO  AsyncDispatcher:223 - Registering class org.apache.hadoop.yarn.server.resourcemanager.scheduler.event.SchedulerEventType for class org.apache.hadoop.yarn.event.EventDispatcher
om_1        | 2019-10-22 01:53:38,852 INFO db.DBStoreBuilder: Using default column profile:DBProfile.DISK for Table:bucketTable
datanode_2  | WARNING: An illegal reflective access operation has occurred
datanode_3  | 2019-10-22 01:53:35,749 INFO server.RaftServerConfigKeys: raft.server.rpc.timeout.max = 5200ms (custom)
nm_1        | 2019-10-22 01:53:24 INFO  MetricsSystemImpl:191 - NodeManager metrics system started
scm_1       | 2019-10-22 01:53:28,432 INFO algorithms.ContainerPlacementPolicyFactory: Create container placement policy of type org.apache.hadoop.hdds.scm.container.placement.algorithms.SCMContainerPlacementRandom
datanode_1  | 2019-10-22 01:53:28,787 INFO server.Server: Started @4009ms
rm_1        | 2019-10-22 01:53:23 INFO  AsyncDispatcher:223 - Registering class org.apache.hadoop.yarn.server.resourcemanager.rmapp.RMAppEventType for class org.apache.hadoop.yarn.server.resourcemanager.ResourceManager$ApplicationEventDispatcher
om_1        | 2019-10-22 01:53:38,852 INFO db.DBStoreBuilder: using custom profile for table: keyTable
datanode_2  | WARNING: Illegal reflective access by org.apache.ratis.thirdparty.com.google.protobuf.UnsafeUtil (file:/opt/hadoop/share/ozone/lib/ratis-thirdparty-misc-0.2.0.jar) to field java.nio.Buffer.address
datanode_3  | 2019-10-22 01:53:35,749 INFO server.RaftServerConfigKeys: raft.server.rpcslowness.timeout = 120s (custom)
nm_1        | 2019-10-22 01:53:24 INFO  DirectoryCollection:189 - Disk Validator: yarn.nodemanager.disk-validator is loaded.
datanode_1  | 2019-10-22 01:53:28,791 INFO impl.MetricsSinkAdapter: Sink prometheus started
scm_1       | 2019-10-22 01:53:28,448 WARN server.ServerUtils: ozone.scm.db.dirs is not configured. We recommend adding this setting. Falling back to ozone.metadata.dirs instead.
rm_1        | 2019-10-22 01:53:23 INFO  AsyncDispatcher:223 - Registering class org.apache.hadoop.yarn.server.resourcemanager.rmapp.attempt.RMAppAttemptEventType for class org.apache.hadoop.yarn.server.resourcemanager.ResourceManager$ApplicationAttemptEventDispatcher
datanode_2  | WARNING: Please consider reporting this to the maintainers of org.apache.ratis.thirdparty.com.google.protobuf.UnsafeUtil
om_1        | 2019-10-22 01:53:38,852 INFO db.DBStoreBuilder: Using default column profile:DBProfile.DISK for Table:keyTable
datanode_3  | 2019-10-22 01:53:35,749 INFO server.RaftServerConfigKeys: raft.server.sleep.deviation.threshold = 300 (default)
nm_1        | 2019-10-22 01:53:24 INFO  DirectoryCollection:189 - Disk Validator: yarn.nodemanager.disk-validator is loaded.
datanode_1  | 2019-10-22 01:53:28,791 INFO impl.MetricsSystemImpl: Registered sink prometheus
scm_1       | 2019-10-22 01:53:28,510 INFO pipeline.SCMPipelineManager: No pipeline exists in current db
rm_1        | 2019-10-22 01:53:23 INFO  AsyncDispatcher:223 - Registering class org.apache.hadoop.yarn.server.resourcemanager.rmnode.RMNodeEventType for class org.apache.hadoop.yarn.server.resourcemanager.ResourceManager$NodeEventDispatcher
datanode_2  | WARNING: Use --illegal-access=warn to enable warnings of further illegal reflective access operations
om_1        | 2019-10-22 01:53:38,852 INFO db.DBStoreBuilder: using custom profile for table: deletedTable
datanode_3  | 2019-10-22 01:53:35,750 INFO server.RaftServerConfigKeys: raft.server.log.appender.install.snapshot.enabled = false (custom)
nm_1        | 2019-10-22 01:53:24 INFO  NodeResourceMonitorImpl:75 -  Using ResourceCalculatorPlugin : org.apache.hadoop.yarn.util.ResourceCalculatorPlugin@59e2d8e3
datanode_1  | 2019-10-22 01:53:28,793 INFO server.BaseHttpServer: HTTP server of HDDSDATANODE is listening at http://0.0.0.0:9882
scm_1       | 2019-10-22 01:53:28,512 WARN server.ServerUtils: ozone.scm.db.dirs is not configured. We recommend adding this setting. Falling back to ozone.metadata.dirs instead.
rm_1        | 2019-10-22 01:53:23 INFO  FluentPropertyBeanIntrospector:147 - Error when creating PropertyDescriptor for public final void org.apache.commons.configuration2.AbstractConfiguration.setProperty(java.lang.String,java.lang.Object)! Ignoring this property.
datanode_2  | WARNING: All illegal access operations will be denied in a future release
datanode_3  | 2019-10-22 01:53:35,755 INFO impl.RaftServerImpl: f0ac6df8-ba6f-47b2-91ed-27744816dad5@group-80DE62D97B80: ConfigurationManager, init=-1: [d159ee86-5de2-4bb7-9ae1-ddc50b0d5233:172.18.0.6:9858, f0ac6df8-ba6f-47b2-91ed-27744816dad5:172.18.0.9:9858, 33d587a0-48b9-4f93-b2d0-b2cfc2fcc316:172.18.0.8:9858], old=null, confs=<EMPTY_MAP>
om_1        | 2019-10-22 01:53:38,852 INFO db.DBStoreBuilder: Using default column profile:DBProfile.DISK for Table:deletedTable
nm_1        | 2019-10-22 01:53:24 INFO  AsyncDispatcher:223 - Registering class org.apache.hadoop.yarn.server.nodemanager.containermanager.loghandler.event.LogHandlerEventType for class org.apache.hadoop.yarn.server.nodemanager.containermanager.loghandler.NonAggregatingLogHandler
datanode_1  | 2019-10-22 01:53:28,806 INFO util.JvmPauseMonitor: Starting JVM pause monitor
scm_1       | 2019-10-22 01:53:28,606 WARN events.EventQueue: No event handler registered for event TypedEvent{payloadType=SafeModeStatus, name='SafeModeStatus'}
rm_1        | 2019-10-22 01:53:23 INFO  MetricsConfig:121 - loaded properties from hadoop-metrics2.properties
datanode_2  | 2019-10-22 01:53:32,875 INFO impl.RaftServerProxy: d159ee86-5de2-4bb7-9ae1-ddc50b0d5233: addNew group-AAEE1ECE04F7:[d159ee86-5de2-4bb7-9ae1-ddc50b0d5233:172.18.0.6:9858] returns group-AAEE1ECE04F7:java.util.concurrent.CompletableFuture@757ebd04[Not completed]
datanode_3  | 2019-10-22 01:53:35,755 INFO server.RaftServerConfigKeys: raft.server.storage.dir = [/data/metadata/ratis] (custom)
om_1        | 2019-10-22 01:53:38,853 INFO db.DBStoreBuilder: using custom profile for table: openKeyTable
nm_1        | 2019-10-22 01:53:24 INFO  AsyncDispatcher:223 - Registering class org.apache.hadoop.yarn.server.nodemanager.containermanager.localizer.sharedcache.SharedCacheUploadEventType for class org.apache.hadoop.yarn.server.nodemanager.containermanager.localizer.sharedcache.SharedCacheUploadService
datanode_1  | 2019-10-22 01:53:28,940 [Datanode State Machine Thread - 0] INFO       - DatanodeDetails is persisted to /data/metadata/datanode.id
scm_1       | 2019-10-22 01:53:29,163 INFO ipc.CallQueueManager: Using callQueue: class java.util.concurrent.LinkedBlockingQueue, queueCapacity: 1000, scheduler: class org.apache.hadoop.ipc.DefaultRpcScheduler, ipcBackoff: false.
rm_1        | 2019-10-22 01:53:23 INFO  MetricsSystemImpl:374 - Scheduled Metric snapshot period at 10 second(s).
datanode_2  | 2019-10-22 01:53:32,937 INFO impl.RaftServerImpl: d159ee86-5de2-4bb7-9ae1-ddc50b0d5233: new RaftServerImpl for group-AAEE1ECE04F7:[d159ee86-5de2-4bb7-9ae1-ddc50b0d5233:172.18.0.6:9858] with ContainerStateMachine:uninitialized
datanode_3  | 2019-10-22 01:53:35,759 INFO server.RaftServerConfigKeys: raft.server.log.corruption.policy = EXCEPTION (default)
om_1        | 2019-10-22 01:53:38,853 INFO db.DBStoreBuilder: Using default column profile:DBProfile.DISK for Table:openKeyTable
nm_1        | 2019-10-22 01:53:24 INFO  ContainerManagerImpl:336 - AMRMProxyService is disabled
datanode_1  | 2019-10-22 01:53:30,936 [Datanode State Machine Thread - 0] INFO       - Attempting to start container services.
scm_1       | 2019-10-22 01:53:29,194 INFO ipc.Server: Starting Socket Reader #1 for port 9861
rm_1        | 2019-10-22 01:53:23 INFO  MetricsSystemImpl:191 - ResourceManager metrics system started
datanode_2  | 2019-10-22 01:53:32,938 INFO server.RaftServerConfigKeys: raft.server.rpc.timeout.min = 5s (custom)
datanode_3  | 2019-10-22 01:53:35,760 INFO storage.RaftStorageDirectory: The storage directory /data/metadata/ratis/c66d3054-6232-46c9-8847-80de62d97b80 does not exist. Creating ...
nm_1        | 2019-10-22 01:53:24 INFO  ResourceLocalizationService:242 - per directory file limit = 8192
om_1        | 2019-10-22 01:53:38,853 INFO db.DBStoreBuilder: using custom profile for table: s3Table
datanode_1  | 2019-10-22 01:53:30,940 [Datanode State Machine Thread - 0] INFO       - Background container scanner has been disabled.
scm_1       | 2019-10-22 01:53:29,227 INFO ipc.CallQueueManager: Using callQueue: class java.util.concurrent.LinkedBlockingQueue, queueCapacity: 1000, scheduler: class org.apache.hadoop.ipc.DefaultRpcScheduler, ipcBackoff: false.
rm_1        | 2019-10-22 01:53:23 INFO  YarnAuthorizationProvider:58 - org.apache.hadoop.yarn.security.ConfiguredYarnAuthorizer is instantiated.
datanode_2  | 2019-10-22 01:53:32,939 INFO server.RaftServerConfigKeys: raft.server.rpc.timeout.max = 5200ms (custom)
nm_1        | 2019-10-22 01:53:24 INFO  ResourceLocalizationService:271 - Disk Validator: yarn.nodemanager.disk-validator is loaded.
om_1        | 2019-10-22 01:53:38,853 INFO db.DBStoreBuilder: Using default column profile:DBProfile.DISK for Table:s3Table
datanode_1  | 2019-10-22 01:53:30,940 [Datanode State Machine Thread - 0] INFO       - Starting XceiverServerRatis 33d587a0-48b9-4f93-b2d0-b2cfc2fcc316 at port 9858
rm_1        | 2019-10-22 01:53:23 INFO  AsyncDispatcher:223 - Registering class org.apache.hadoop.yarn.server.resourcemanager.RMAppManagerEventType for class org.apache.hadoop.yarn.server.resourcemanager.RMAppManager
scm_1       | 2019-10-22 01:53:29,228 INFO ipc.Server: Starting Socket Reader #1 for port 9863
datanode_3  | 2019-10-22 01:53:36,141 INFO storage.RaftStorageDirectory: Lock on /data/metadata/ratis/c66d3054-6232-46c9-8847-80de62d97b80/in_use.lock acquired by nodename 7@442ba2d4459d
datanode_2  | 2019-10-22 01:53:32,939 INFO server.RaftServerConfigKeys: raft.server.rpcslowness.timeout = 120s (custom)
nm_1        | 2019-10-22 01:53:24 INFO  AsyncDispatcher:223 - Registering class org.apache.hadoop.yarn.server.nodemanager.containermanager.localizer.event.LocalizerEventType for class org.apache.hadoop.yarn.server.nodemanager.containermanager.localizer.ResourceLocalizationService$LocalizerTracker
om_1        | 2019-10-22 01:53:38,853 INFO db.DBStoreBuilder: using custom profile for table: multipartInfoTable
datanode_1  | 2019-10-22 01:53:30,959 INFO impl.RaftServerProxy: 33d587a0-48b9-4f93-b2d0-b2cfc2fcc316: start RPC server
scm_1       | 2019-10-22 01:53:29,241 INFO ipc.CallQueueManager: Using callQueue: class java.util.concurrent.LinkedBlockingQueue, queueCapacity: 1000, scheduler: class org.apache.hadoop.ipc.DefaultRpcScheduler, ipcBackoff: false.
datanode_2  | 2019-10-22 01:53:32,940 INFO server.RaftServerConfigKeys: raft.server.sleep.deviation.threshold = 300 (default)
rm_1        | 2019-10-22 01:53:23 INFO  AsyncDispatcher:223 - Registering class org.apache.hadoop.yarn.server.resourcemanager.amlauncher.AMLauncherEventType for class org.apache.hadoop.yarn.server.resourcemanager.amlauncher.ApplicationMasterLauncher
nm_1        | 2019-10-22 01:53:24 INFO  AuxServices:103 - Adding auxiliary service mapreduce_shuffle, "mapreduce_shuffle"
om_1        | 2019-10-22 01:53:38,853 INFO db.DBStoreBuilder: Using default column profile:DBProfile.DISK for Table:multipartInfoTable
datanode_1  | 2019-10-22 01:53:31,086 INFO server.GrpcService: 33d587a0-48b9-4f93-b2d0-b2cfc2fcc316: GrpcService started, listening on 0.0.0.0/0.0.0.0:9858
datanode_3  | 2019-10-22 01:53:37,189 INFO storage.RaftStorage: Storage directory /data/metadata/ratis/c66d3054-6232-46c9-8847-80de62d97b80 has been successfully formatted.
scm_1       | 2019-10-22 01:53:29,242 INFO ipc.Server: Starting Socket Reader #1 for port 9860
datanode_2  | 2019-10-22 01:53:32,941 INFO server.RaftServerConfigKeys: raft.server.log.appender.install.snapshot.enabled = false (custom)
rm_1        | 2019-10-22 01:53:23 INFO  RMNMInfo:63 - Registered RMNMInfo MBean
nm_1        | 2019-10-22 01:53:24 INFO  ContainersMonitorImpl:130 -  Using ResourceCalculatorPlugin : org.apache.hadoop.yarn.util.ResourceCalculatorPlugin@6c2ed0cd
om_1        | 2019-10-22 01:53:38,854 INFO db.DBStoreBuilder: using custom profile for table: dTokenTable
datanode_1  | WARNING: An illegal reflective access operation has occurred
datanode_3  | 2019-10-22 01:53:37,194 [pool-8-thread-1] INFO       - group-80DE62D97B80: The snapshot info is null. Setting the last applied indexto:(t:0, i:~)
datanode_2  | 2019-10-22 01:53:32,950 INFO impl.RaftServerImpl: d159ee86-5de2-4bb7-9ae1-ddc50b0d5233@group-AAEE1ECE04F7: ConfigurationManager, init=-1: [d159ee86-5de2-4bb7-9ae1-ddc50b0d5233:172.18.0.6:9858], old=null, confs=<EMPTY_MAP>
scm_1       | 2019-10-22 01:53:29,264 INFO hdfs.DFSUtil: Starting Web-server for scm at: http://0.0.0.0:9876
rm_1        | 2019-10-22 01:53:23 INFO  RMAppLifetimeMonitor:66 - Application lifelime monitor interval set to 3000 ms.
nm_1        | 2019-10-22 01:53:24 INFO  ContainersMonitorImpl:135 -  Using ResourceCalculatorProcessTree : null
om_1        | 2019-10-22 01:53:38,854 INFO db.DBStoreBuilder: Using default column profile:DBProfile.DISK for Table:dTokenTable
datanode_1  | WARNING: Illegal reflective access by org.apache.ratis.thirdparty.com.google.protobuf.UnsafeUtil (file:/opt/hadoop/share/ozone/lib/ratis-thirdparty-misc-0.2.0.jar) to field java.nio.Buffer.address
datanode_3  | 2019-10-22 01:53:37,198 INFO server.RaftServerConfigKeys: raft.server.notification.no-leader.timeout = 120s (custom)
datanode_2  | 2019-10-22 01:53:32,950 INFO server.RaftServerConfigKeys: raft.server.storage.dir = [/data/metadata/ratis] (custom)
scm_1       | 2019-10-22 01:53:29,406 INFO server.AuthenticationFilter: Unable to initialize FileSignerSecretProvider, falling back to use random secrets.
rm_1        | 2019-10-22 01:53:23 INFO  HostsFileReader:211 - Refreshing hosts (include/exclude) list
nm_1        | 2019-10-22 01:53:24 INFO  ContainersMonitorImpl:176 - Physical memory check enabled: false
om_1        | 2019-10-22 01:53:38,854 INFO db.DBStoreBuilder: using custom profile for table: s3SecretTable
datanode_1  | WARNING: Please consider reporting this to the maintainers of org.apache.ratis.thirdparty.com.google.protobuf.UnsafeUtil
datanode_3  | 2019-10-22 01:53:37,200 INFO server.RaftServerConfigKeys: raft.server.log.use.memory = false (default)
datanode_2  | 2019-10-22 01:53:32,956 INFO server.RaftServerConfigKeys: raft.server.log.corruption.policy = EXCEPTION (default)
scm_1       | 2019-10-22 01:53:29,420 INFO http.HttpRequestLog: Http request log for http.requests.scm is not defined
rm_1        | 2019-10-22 01:53:23 INFO  Configuration:2755 - found resource capacity-scheduler.xml at file:/opt/hadoop/etc/hadoop/capacity-scheduler.xml
nm_1        | 2019-10-22 01:53:24 INFO  ContainersMonitorImpl:177 - Virtual memory check enabled: false
om_1        | 2019-10-22 01:53:38,854 INFO db.DBStoreBuilder: Using default column profile:DBProfile.DISK for Table:s3SecretTable
datanode_1  | WARNING: Use --illegal-access=warn to enable warnings of further illegal reflective access operations
datanode_3  | 2019-10-22 01:53:37,205 INFO server.RaftServerConfigKeys: raft.server.log.purge.gap = 1000000 (custom)
scm_1       | 2019-10-22 01:53:29,427 INFO http.HttpServer2: Added global filter 'safety' (class=org.apache.hadoop.http.HttpServer2$QuotingInputFilter)
datanode_2  | 2019-10-22 01:53:32,958 INFO storage.RaftStorageDirectory: The storage directory /data/metadata/ratis/9e416918-2b17-4bf7-bd41-aaee1ece04f7 does not exist. Creating ...
rm_1        | 2019-10-22 01:53:23 INFO  AbstractYarnScheduler:1371 - Minimum allocation = <memory:1024, vCores:1>
nm_1        | 2019-10-22 01:53:24 INFO  ContainersMonitorImpl:181 - ContainersMonitor enabled: true
om_1        | 2019-10-22 01:53:38,854 INFO db.DBStoreBuilder: using custom profile for table: prefixTable
datanode_1  | WARNING: All illegal access operations will be denied in a future release
datanode_3  | 2019-10-22 01:53:37,205 INFO server.RaftServerConfigKeys: raft.server.log.appender.buffer.byte-limit = 33554432 (custom)
scm_1       | 2019-10-22 01:53:29,429 INFO http.HttpServer2: Added filter static_user_filter (class=org.apache.hadoop.http.lib.StaticUserWebFilter$StaticUserFilter) to context scm
datanode_2  | 2019-10-22 01:53:35,317 INFO storage.RaftStorageDirectory: Lock on /data/metadata/ratis/9e416918-2b17-4bf7-bd41-aaee1ece04f7/in_use.lock acquired by nodename 7@618b52044a01
rm_1        | 2019-10-22 01:53:23 INFO  AbstractYarnScheduler:1383 - Maximum allocation = <memory:8192, vCores:4>
nm_1        | 2019-10-22 01:53:24 INFO  ContainerManagerImpl:394 - Not a recoverable state store. Nothing to recover.
datanode_1  | 2019-10-22 01:53:35,738 INFO impl.RaftServerProxy: 33d587a0-48b9-4f93-b2d0-b2cfc2fcc316: addNew group-80DE62D97B80:[d159ee86-5de2-4bb7-9ae1-ddc50b0d5233:172.18.0.6:9858, f0ac6df8-ba6f-47b2-91ed-27744816dad5:172.18.0.9:9858, 33d587a0-48b9-4f93-b2d0-b2cfc2fcc316:172.18.0.8:9858] returns group-80DE62D97B80:java.util.concurrent.CompletableFuture@3a3a46c4[Not completed]
om_1        | 2019-10-22 01:53:38,854 INFO db.DBStoreBuilder: Using default column profile:DBProfile.DISK for Table:prefixTable
datanode_3  | 2019-10-22 01:53:37,207 INFO server.RaftServerConfigKeys: raft.server.log.segment.size.max = 1048576 (custom)
scm_1       | 2019-10-22 01:53:29,429 INFO http.HttpServer2: Added filter static_user_filter (class=org.apache.hadoop.http.lib.StaticUserWebFilter$StaticUserFilter) to context static
datanode_2  | 2019-10-22 01:53:35,480 INFO impl.RaftServerProxy: d159ee86-5de2-4bb7-9ae1-ddc50b0d5233: addNew group-80DE62D97B80:[d159ee86-5de2-4bb7-9ae1-ddc50b0d5233:172.18.0.6:9858, f0ac6df8-ba6f-47b2-91ed-27744816dad5:172.18.0.9:9858, 33d587a0-48b9-4f93-b2d0-b2cfc2fcc316:172.18.0.8:9858] returns group-80DE62D97B80:java.util.concurrent.CompletableFuture@52233326[Not completed]
rm_1        | 2019-10-22 01:53:23 INFO  CapacitySchedulerConfiguration:912 - max alloc mb per queue for root is undefined
nm_1        | 2019-10-22 01:53:24 INFO  Configuration:2752 - resource-types.xml not found
datanode_1  | 2019-10-22 01:53:35,753 INFO impl.RaftServerImpl: 33d587a0-48b9-4f93-b2d0-b2cfc2fcc316: new RaftServerImpl for group-80DE62D97B80:[d159ee86-5de2-4bb7-9ae1-ddc50b0d5233:172.18.0.6:9858, f0ac6df8-ba6f-47b2-91ed-27744816dad5:172.18.0.9:9858, 33d587a0-48b9-4f93-b2d0-b2cfc2fcc316:172.18.0.8:9858] with ContainerStateMachine:uninitialized
om_1        | 2019-10-22 01:53:38,863 INFO db.DBStoreBuilder: using custom profile for table: default
datanode_3  | 2019-10-22 01:53:37,208 WARN impl.MetricsSystemImpl: HddsDatanode metrics system already initialized!
scm_1       | 2019-10-22 01:53:29,429 INFO http.HttpServer2: Added filter static_user_filter (class=org.apache.hadoop.http.lib.StaticUserWebFilter$StaticUserFilter) to context logs
rm_1        | 2019-10-22 01:53:23 INFO  CapacitySchedulerConfiguration:916 - max alloc vcore per queue for root is undefined
nm_1        | 2019-10-22 01:53:24 INFO  ResourceUtils:418 - Unable to find 'resource-types.xml'.
datanode_1  | 2019-10-22 01:53:35,755 INFO server.RaftServerConfigKeys: raft.server.rpc.timeout.min = 5s (custom)
datanode_2  | 2019-10-22 01:53:36,154 INFO storage.RaftStorage: Storage directory /data/metadata/ratis/9e416918-2b17-4bf7-bd41-aaee1ece04f7 has been successfully formatted.
om_1        | 2019-10-22 01:53:38,864 INFO db.DBStoreBuilder: Using default column profile:DBProfile.DISK for Table:default
datanode_3  | 2019-10-22 01:53:37,213 INFO metrics.MetricRegistries: Loaded MetricRegistries class org.apache.ratis.metrics.impl.MetricRegistriesImpl
rm_1        | 2019-10-22 01:53:23 INFO  ParentQueue:151 - root, capacity=1.0, absoluteCapacity=1.0, maxCapacity=1.0, absoluteMaxCapacity=1.0, state=RUNNING, acls=ADMINISTER_QUEUE:*SUBMIT_APP:*, labels=*,
scm_1       | 2019-10-22 01:53:29,451 INFO server.StorageContainerManager: StorageContainerLocationProtocol RPC server is listening at /0.0.0.0:9860
nm_1        | 2019-10-22 01:53:24 INFO  Configuration:2752 - node-resources.xml not found
datanode_2  | 2019-10-22 01:53:36,159 [pool-8-thread-1] INFO       - group-AAEE1ECE04F7: The snapshot info is null. Setting the last applied indexto:(t:0, i:~)
datanode_3  | 2019-10-22 01:53:37,255 INFO server.RaftServerConfigKeys: raft.server.log.segment.cache.num.max = 2 (custom)
om_1        | 2019-10-22 01:53:38,865 INFO db.DBStoreBuilder: Using default options. DBProfile.DISK
datanode_1  | 2019-10-22 01:53:35,755 INFO server.RaftServerConfigKeys: raft.server.rpc.timeout.max = 5200ms (custom)
rm_1        | , reservationsContinueLooking=true, orderingPolicy=utilization, priority=0
scm_1       | 2019-10-22 01:53:29,509 INFO impl.MetricsConfig: Loaded properties from hadoop-metrics2.properties
nm_1        | 2019-10-22 01:53:24 INFO  ResourceUtils:418 - Unable to find 'node-resources.xml'.
datanode_2  | 2019-10-22 01:53:36,160 INFO server.RaftServerConfigKeys: raft.server.notification.no-leader.timeout = 120s (custom)
datanode_3  | 2019-10-22 01:53:37,261 INFO segmented.SegmentedRaftLogWorker: new f0ac6df8-ba6f-47b2-91ed-27744816dad5@group-80DE62D97B80-SegmentedRaftLogWorker for RaftStorage:Storage Directory /data/metadata/ratis/c66d3054-6232-46c9-8847-80de62d97b80
om_1        | 2019-10-22 01:53:39,328 INFO ipc.CallQueueManager: Using callQueue: class java.util.concurrent.LinkedBlockingQueue, queueCapacity: 2000, scheduler: class org.apache.hadoop.ipc.DefaultRpcScheduler, ipcBackoff: false.
datanode_1  | 2019-10-22 01:53:35,756 INFO server.RaftServerConfigKeys: raft.server.rpcslowness.timeout = 120s (custom)
rm_1        | 2019-10-22 01:53:23 INFO  ParentQueue:114 - Initialized parent-queue root name=root, fullname=root
scm_1       | 2019-10-22 01:53:29,545 INFO impl.MetricsSystemImpl: Scheduled Metric snapshot period at 10 second(s).
nm_1        | 2019-10-22 01:53:24 INFO  NodeStatusUpdaterImpl:192 - Nodemanager resources is set to: <memory:8192, vCores:8>
datanode_2  | 2019-10-22 01:53:36,163 INFO server.RaftServerConfigKeys: raft.server.log.use.memory = false (default)
datanode_3  | 2019-10-22 01:53:37,262 INFO server.RaftServerConfigKeys: raft.server.log.queue.byte-limit = 2147483647 (custom)
om_1        | 2019-10-22 01:53:39,336 INFO ipc.Server: Starting Socket Reader #1 for port 9862
datanode_1  | 2019-10-22 01:53:35,756 INFO server.RaftServerConfigKeys: raft.server.sleep.deviation.threshold = 300 (default)
scm_1       | 2019-10-22 01:53:29,545 INFO impl.MetricsSystemImpl: StorageContainerManager metrics system started
datanode_2  | 2019-10-22 01:53:36,169 INFO server.RaftServerConfigKeys: raft.server.log.purge.gap = 1000000 (custom)
datanode_3  | 2019-10-22 01:53:37,262 INFO server.RaftServerConfigKeys: raft.server.log.queue.element-limit = 1024 (custom)
om_1        | 2019-10-22 01:53:39,364 [main] INFO       - OzoneManager RPC server is listening at om/172.18.0.3:9862
nm_1        | 2019-10-22 01:53:24 INFO  NodeStatusUpdaterImpl:236 - Initialized nodemanager with : physical-memory=8192 virtual-memory=17204 virtual-cores=8
datanode_1  | 2019-10-22 01:53:35,756 INFO server.RaftServerConfigKeys: raft.server.log.appender.install.snapshot.enabled = false (custom)
rm_1        | 2019-10-22 01:53:23 INFO  CapacitySchedulerConfiguration:912 - max alloc mb per queue for root.default is undefined
scm_1       | 2019-10-22 01:53:29,721 INFO server.SCMClientProtocolServer: RPC server for Client  is listening at /0.0.0.0:9860
datanode_2  | 2019-10-22 01:53:36,169 INFO server.RaftServerConfigKeys: raft.server.log.appender.buffer.byte-limit = 33554432 (custom)
datanode_3  | 2019-10-22 01:53:37,264 INFO server.RaftServerConfigKeys: raft.server.log.segment.size.max = 1048576 (custom)
om_1        | 2019-10-22 01:53:39,434 INFO impl.MetricsConfig: Loaded properties from hadoop-metrics2.properties
nm_1        | 2019-10-22 01:53:24 INFO  CallQueueManager:84 - Using callQueue: class java.util.concurrent.LinkedBlockingQueue queueCapacity: 2000 scheduler: class org.apache.hadoop.ipc.DefaultRpcScheduler
rm_1        | 2019-10-22 01:53:23 INFO  CapacitySchedulerConfiguration:916 - max alloc vcore per queue for root.default is undefined
scm_1       | 2019-10-22 01:53:29,721 INFO ipc.Server: IPC Server Responder: starting
datanode_1  | 2019-10-22 01:53:35,762 INFO impl.RaftServerImpl: 33d587a0-48b9-4f93-b2d0-b2cfc2fcc316@group-80DE62D97B80: ConfigurationManager, init=-1: [d159ee86-5de2-4bb7-9ae1-ddc50b0d5233:172.18.0.6:9858, f0ac6df8-ba6f-47b2-91ed-27744816dad5:172.18.0.9:9858, 33d587a0-48b9-4f93-b2d0-b2cfc2fcc316:172.18.0.8:9858], old=null, confs=<EMPTY_MAP>
datanode_2  | 2019-10-22 01:53:36,171 INFO server.RaftServerConfigKeys: raft.server.log.segment.size.max = 1048576 (custom)
datanode_3  | 2019-10-22 01:53:37,264 INFO server.RaftServerConfigKeys: raft.server.log.preallocated.size = 16384 (custom)
nm_1        | 2019-10-22 01:53:24 INFO  Server:1070 - Starting Socket Reader #1 for port 39991
om_1        | 2019-10-22 01:53:39,492 INFO impl.MetricsSystemImpl: Scheduled Metric snapshot period at 10 second(s).
rm_1        | 2019-10-22 01:53:23 INFO  LeafQueue:289 - Initializing default
datanode_1  | 2019-10-22 01:53:35,762 INFO server.RaftServerConfigKeys: raft.server.storage.dir = [/data/metadata/ratis] (custom)
datanode_2  | 2019-10-22 01:53:36,173 WARN impl.MetricsSystemImpl: HddsDatanode metrics system already initialized!
scm_1       | 2019-10-22 01:53:29,722 INFO ipc.Server: IPC Server listener on 9860: starting
datanode_3  | 2019-10-22 01:53:37,265 INFO server.RaftServerConfigKeys: raft.server.log.write.buffer.size = 33554432 (custom)
nm_1        | 2019-10-22 01:53:25 INFO  RpcServerFactoryPBImpl:173 - Adding protocol org.apache.hadoop.yarn.api.ContainerManagementProtocolPB to the server
om_1        | 2019-10-22 01:53:39,493 INFO impl.MetricsSystemImpl: OzoneManager metrics system started
rm_1        | capacity = 1.0 [= (float) configuredCapacity / 100 ]
datanode_1  | 2019-10-22 01:53:35,767 INFO server.RaftServerConfigKeys: raft.server.log.corruption.policy = EXCEPTION (default)
