om_1        | STARTUP_MSG:   classpath = /etc/hadoop:/opt/hadoop/share/hadoop/common/*:/opt/hadoop/share/ozone/lib/kerb-simplekdc-1.0.1.jar:/opt/hadoop/share/ozone/lib/protobuf-java-2.5.0.jar:/opt/hadoop/share/ozone/lib/bcpkix-jdk15on-1.60.jar:/opt/hadoop/share/ozone/lib/sqlite-jdbc-3.25.2.jar:/opt/hadoop/share/ozone/lib/netty-3.10.5.Final.jar:/opt/hadoop/share/ozone/lib/commons-validator-1.6.jar:/opt/hadoop/share/ozone/lib/jaxb-impl-2.3.0.1.jar:/opt/hadoop/share/ozone/lib/kerb-core-1.0.1.jar:/opt/hadoop/share/ozone/lib/ratis-grpc-0.5.0-63cd2fb-SNAPSHOT.jar:/opt/hadoop/share/ozone/lib/hadoop-ozone-common-0.5.0-SNAPSHOT.jar:/opt/hadoop/share/ozone/lib/ratis-thirdparty-misc-0.2.0.jar:/opt/hadoop/share/ozone/lib/jsr305-3.0.0.jar:/opt/hadoop/share/ozone/lib/leveldbjni-all-1.8.jar:/opt/hadoop/share/ozone/lib/htrace-core4-4.1.0-incubating.jar:/opt/hadoop/share/ozone/lib/hadoop-annotations-3.2.0.jar:/opt/hadoop/share/ozone/lib/hadoop-hdds-tools-0.5.0-SNAPSHOT.jar:/opt/hadoop/share/ozone/lib/kerb-util-1.0.1.jar:/opt/hadoop/share/ozone/lib/dropwizard-metrics-hadoop-metrics2-reporter-0.1.2.jar:/opt/hadoop/share/ozone/lib/jackson-jaxrs-1.9.13.jar:/opt/hadoop/share/ozone/lib/kerby-xdr-1.0.1.jar:/opt/hadoop/share/ozone/lib/jetty-webapp-9.3.25.v20180904.jar:/opt/hadoop/share/ozone/lib/jackson-core-asl-1.9.13.jar:/opt/hadoop/share/ozone/lib/commons-net-3.6.jar:/opt/hadoop/share/ozone/lib/log4j-api-2.11.0.jar:/opt/hadoop/share/ozone/lib/netty-all-4.0.52.Final.jar:/opt/hadoop/share/ozone/lib/ratis-common-0.5.0-63cd2fb-SNAPSHOT.jar:/opt/hadoop/share/ozone/lib/hadoop-hdfs-3.2.0.jar:/opt/hadoop/share/ozone/lib/jline-0.9.94.jar:/opt/hadoop/share/ozone/lib/opentracing-api-0.31.0.jar:/opt/hadoop/share/ozone/lib/hadoop-hdds-server-framework-0.5.0-SNAPSHOT.jar:/opt/hadoop/share/ozone/lib/slf4j-log4j12-1.7.25.jar:/opt/hadoop/share/ozone/lib/hadoop-hdfs-client-3.2.0.jar:/opt/hadoop/share/ozone/lib/kerby-config-1.0.1.jar:/opt/hadoop/share/ozone/lib/jetty-util-9.3.25.v20180904.jar:/opt/hadoop/share/ozone/lib/metrics-ganglia-3.2.5.jar:/opt/hadoop/share/ozone/lib/libthrift-0.12.0.jar:/opt/hadoop/share/ozone/lib/metrics-core-3.2.4.jar:/opt/hadoop/share/ozone/lib/kerby-pkix-1.0.1.jar:/opt/hadoop/share/ozone/lib/xz-1.0.jar:/opt/hadoop/share/ozone/lib/hadoop-hdds-config-0.5.0-SNAPSHOT.jar:/opt/hadoop/share/ozone/lib/nimbus-jose-jwt-4.41.1.jar:/opt/hadoop/share/ozone/lib/jsr311-api-1.1.1.jar:/opt/hadoop/share/ozone/lib/commons-beanutils-1.9.4.jar:/opt/hadoop/share/ozone/lib/javax.servlet-api-3.1.0.jar:/opt/hadoop/share/ozone/lib/kerb-server-1.0.1.jar:/opt/hadoop/share/ozone/lib/zookeeper-3.4.13.jar:/opt/hadoop/share/ozone/lib/avro-1.7.7.jar:/opt/hadoop/share/ozone/lib/kerb-client-1.0.1.jar:/opt/hadoop/share/ozone/lib/jackson-xc-1.9.13.jar:/opt/hadoop/share/ozone/lib/disruptor-3.4.2.jar:/opt/hadoop/share/ozone/lib/guava-11.0.2.jar:/opt/hadoop/share/ozone/lib/ratis-netty-0.5.0-63cd2fb-SNAPSHOT.jar:/opt/hadoop/share/ozone/lib/hadoop-hdds-common-0.5.0-SNAPSHOT.jar:/opt/hadoop/share/ozone/lib/curator-framework-2.12.0.jar:/opt/hadoop/share/ozone/lib/dnsjava-2.1.7.jar:/opt/hadoop/share/ozone/lib/commons-configuration2-2.1.1.jar:/opt/hadoop/share/ozone/lib/json-smart-2.3.jar:/opt/hadoop/share/ozone/lib/token-provider-1.0.1.jar:/opt/hadoop/share/ozone/lib/log4j-1.2.17.jar:/opt/hadoop/share/ozone/lib/commons-daemon-1.0.13.jar:/opt/hadoop/share/ozone/lib/bcprov-jdk15on-1.60.jar:/opt/hadoop/share/ozone/lib/ratis-server-0.5.0-63cd2fb-SNAPSHOT.jar:/opt/hadoop/share/ozone/lib/commons-lang3-3.7.jar:/opt/hadoop/share/ozone/lib/commons-compress-1.4.1.jar:/opt/hadoop/share/ozone/lib/jaeger-client-0.34.0.jar:/opt/hadoop/share/ozone/lib/jetty-server-9.3.25.v20180904.jar:/opt/hadoop/share/ozone/lib/accessors-smart-1.2.jar:/opt/hadoop/share/ozone/lib/re2j-1.1.jar:/opt/hadoop/share/ozone/lib/curator-recipes-2.12.0.jar:/opt/hadoop/share/ozone/lib/jackson-core-2.9.9.jar:/opt/hadoop/share/ozone/lib/commons-math3-3.1.1.jar:/opt/hadoop/share/ozone/lib/gmetric4j-1.0.7.jar:/opt/hadoop/share/ozone/lib/opentracing-noop-0.31.0.jar:/opt/hadoop/share/ozone/lib/httpclient-4.5.2.jar:/opt/hadoop/share/ozone/lib/jaeger-core-0.34.0.jar:/opt/hadoop/share/ozone/lib/asm-5.0.4.jar:/opt/hadoop/share/ozone/lib/curator-client-2.12.0.jar:/opt/hadoop/share/ozone/lib/audience-annotations-0.5.0.jar:/opt/hadoop/share/ozone/lib/kerby-util-1.0.1.jar:/opt/hadoop/share/ozone/lib/jackson-mapper-asl-1.9.13.jar:/opt/hadoop/share/ozone/lib/ratis-proto-0.5.0-63cd2fb-SNAPSHOT.jar:/opt/hadoop/share/ozone/lib/ratis-metrics-0.5.0-63cd2fb-SNAPSHOT.jar:/opt/hadoop/share/ozone/lib/rocksdbjni-6.0.1.jar:/opt/hadoop/share/ozone/lib/jsp-api-2.1.jar:/opt/hadoop/share/ozone/lib/jsch-0.1.54.jar:/opt/hadoop/share/ozone/lib/opentracing-tracerresolver-0.1.5.jar:/opt/hadoop/share/ozone/lib/paranamer-2.3.jar:/opt/hadoop/share/ozone/lib/log4j-core-2.11.0.jar:/opt/hadoop/share/ozone/lib/jetty-io-9.3.25.v20180904.jar:/opt/hadoop/share/ozone/lib/jetty-xml-9.3.25.v20180904.jar:/opt/hadoop/share/ozone/lib/commons-codec-1.11.jar:/opt/hadoop/share/ozone/lib/commons-pool2-2.6.0.jar:/opt/hadoop/share/ozone/lib/gson-2.2.4.jar:/opt/hadoop/share/ozone/lib/jcip-annotations-1.0-1.jar:/opt/hadoop/share/ozone/lib/kerb-admin-1.0.1.jar:/opt/hadoop/share/ozone/lib/okio-1.13.0.jar:/opt/hadoop/share/ozone/lib/commons-io-2.5.jar:/opt/hadoop/share/ozone/lib/snakeyaml-1.16.jar:/opt/hadoop/share/ozone/lib/hadoop-ozone-client-0.5.0-SNAPSHOT.jar:/opt/hadoop/share/ozone/lib/jersey-core-1.19.jar:/opt/hadoop/share/ozone/lib/ratis-client-0.5.0-63cd2fb-SNAPSHOT.jar:/opt/hadoop/share/ozone/lib/jackson-databind-2.9.9.jar:/opt/hadoop/share/ozone/lib/hadoop-hdds-container-service-0.5.0-SNAPSHOT.jar:/opt/hadoop/share/ozone/lib/picocli-3.9.6.jar:/opt/hadoop/share/ozone/lib/jaeger-thrift-0.34.0.jar:/opt/hadoop/share/ozone/lib/jackson-annotations-2.9.9.jar:/opt/hadoop/share/ozone/lib/commons-cli-1.2.jar:/opt/hadoop/share/ozone/lib/hadoop-hdds-docs-0.5.0-SNAPSHOT.jar:/opt/hadoop/share/ozone/lib/woodstox-core-5.0.3.jar:/opt/hadoop/share/ozone/lib/javax.annotation-api-1.2.jar:/opt/hadoop/share/ozone/lib/snappy-java-1.0.5.jar:/opt/hadoop/share/ozone/lib/jaeger-tracerresolver-0.34.0.jar:/opt/hadoop/share/ozone/lib/jetty-security-9.3.25.v20180904.jar:/opt/hadoop/share/ozone/lib/jetty-http-9.3.25.v20180904.jar:/opt/hadoop/share/ozone/lib/kerby-asn1-1.0.1.jar:/opt/hadoop/share/ozone/lib/okhttp-3.9.0.jar:/opt/hadoop/share/ozone/lib/stax2-api-3.1.4.jar:/opt/hadoop/share/ozone/lib/commons-digester-1.8.1.jar:/opt/hadoop/share/ozone/lib/commons-collections-3.2.2.jar:/opt/hadoop/share/ozone/lib/jettison-1.1.jar:/opt/hadoop/share/ozone/lib/commons-text-1.4.jar:/opt/hadoop/share/ozone/lib/jersey-servlet-1.19.jar:/opt/hadoop/share/ozone/lib/jersey-json-1.19.jar:/opt/hadoop/share/ozone/lib/slf4j-api-1.7.25.jar:/opt/hadoop/share/ozone/lib/jetty-util-ajax-9.3.25.v20180904.jar:/opt/hadoop/share/ozone/lib/commons-logging-1.1.3.jar:/opt/hadoop/share/ozone/lib/hadoop-hdds-client-0.5.0-SNAPSHOT.jar:/opt/hadoop/share/ozone/lib/kerb-identity-1.0.1.jar:/opt/hadoop/share/ozone/lib/opentracing-util-0.31.0.jar:/opt/hadoop/share/ozone/lib/hadoop-common-3.2.0.jar:/opt/hadoop/share/ozone/lib/hadoop-auth-3.2.0.jar:/opt/hadoop/share/ozone/lib/kerb-common-1.0.1.jar:/opt/hadoop/share/ozone/lib/jetty-servlet-9.3.25.v20180904.jar:/opt/hadoop/share/ozone/lib/jersey-server-1.19.jar:/opt/hadoop/share/ozone/lib/kerb-crypto-1.0.1.jar:/opt/hadoop/share/ozone/lib/httpcore-4.4.4.jar:/opt/hadoop/share/ozone/lib/metrics-jvm-3.2.5.jar:/opt/hadoop/share/ozone/web:/opt/hadoop/share/ozone/lib/hadoop-ozone-ozone-manager-0.5.0-SNAPSHOT.jar
scm_1       | STARTUP_MSG:   build = https://github.com/apache/hadoop.git -r e97acb3bd8f3befd27418996fa5d4b50bf2e17bf; compiled by 'sunilg' on 2019-01-15T17:34Z
datanode_3  | 2019-10-14 23:54:33,627 INFO http.HttpServer2: Jetty bound to port 9882
nm_1        | 2019-10-14 23:54:30 INFO  AsyncDispatcher:223 - Registering class org.apache.hadoop.yarn.server.nodemanager.containermanager.localizer.event.LocalizationEventType for class org.apache.hadoop.yarn.server.nodemanager.containermanager.ContainerManagerImpl$LocalizationEventHandlerWrapper
datanode_2  | 2019-10-14 23:54:30,409 INFO server.RaftServerConfigKeys: raft.server.log.appender.buffer.byte-limit = 33554432 (custom)
s3g_1       | 2019-10-14 23:54:30,299 INFO server.Server: Started @4082ms
datanode_1  | 2019-10-14 23:54:29,020 INFO grpc.GrpcConfigKeys$Server: raft.grpc.server.port = 9858 (custom)
rm_1        | ************************************************************/
scm_1       | STARTUP_MSG:   java = 11.0.3
om_1        | STARTUP_MSG:   build = https://github.com/apache/hadoop.git -r e97acb3bd8f3befd27418996fa5d4b50bf2e17bf; compiled by 'sunilg' on 2019-01-15T17:34Z
datanode_3  | 2019-10-14 23:54:33,629 INFO server.Server: jetty-9.3.25.v20180904, build timestamp: 2018-09-04T21:11:46Z, git hash: 3ce520221d0240229c862b122d2b06c12a625732
nm_1        | 2019-10-14 23:54:30 INFO  AsyncDispatcher:223 - Registering class org.apache.hadoop.yarn.server.nodemanager.containermanager.AuxServicesEventType for class org.apache.hadoop.yarn.server.nodemanager.containermanager.AuxServices
datanode_2  | 2019-10-14 23:54:30,409 INFO server.GrpcService: raft.grpc.flow.control.window = 1MB (=1048576) (default)
s3g_1       | 2019-10-14 23:54:30,301 INFO server.BaseHttpServer: HTTP server of S3GATEWAY is listening at http://0.0.0.0:9878
datanode_1  | 2019-10-14 23:54:29,021 INFO server.GrpcService: raft.grpc.message.size.max = 33570816 (custom)
rm_1        | 2019-10-14 23:54:30 INFO  ResourceManager:49 - registered UNIX signal handlers for [TERM, HUP, INT]
scm_1       | ************************************************************/
om_1        | STARTUP_MSG:   java = 11.0.3
datanode_3  | 2019-10-14 23:54:33,684 INFO handler.ContextHandler: Started o.e.j.s.ServletContextHandler@671d1157{/logs,file:///var/log/hadoop/,AVAILABLE}
nm_1        | 2019-10-14 23:54:30 INFO  AsyncDispatcher:223 - Registering class org.apache.hadoop.yarn.server.nodemanager.containermanager.monitor.ContainersMonitorEventType for class org.apache.hadoop.yarn.server.nodemanager.containermanager.monitor.ContainersMonitorImpl
datanode_2  | 2019-10-14 23:54:30,410 INFO server.RaftServerConfigKeys: raft.server.rpc.request.timeout = 3000ms (default)
datanode_1  | 2019-10-14 23:54:29,024 INFO server.RaftServerConfigKeys: raft.server.log.appender.buffer.byte-limit = 33554432 (custom)
rm_1        | 2019-10-14 23:54:30 INFO  Configuration:2755 - found resource core-site.xml at file:/opt/hadoop/etc/hadoop/core-site.xml
scm_1       | 2019-10-14 23:54:31,189 INFO server.StorageContainerManagerStarter: registered UNIX signal handlers for [TERM, HUP, INT]
om_1        | ************************************************************/
datanode_3  | 2019-10-14 23:54:33,685 INFO handler.ContextHandler: Started o.e.j.s.ServletContextHandler@250a500b{/static,jar:file:/opt/hadoop/share/ozone/lib/hadoop-hdds-container-service-0.5.0-SNAPSHOT.jar!/webapps/static,AVAILABLE}
nm_1        | 2019-10-14 23:54:30 INFO  AsyncDispatcher:223 - Registering class org.apache.hadoop.yarn.server.nodemanager.containermanager.launcher.ContainersLauncherEventType for class org.apache.hadoop.yarn.server.nodemanager.containermanager.launcher.ContainersLauncher
datanode_2  | 2019-10-14 23:54:30,550 INFO server.RaftServerConfigKeys: raft.server.storage.dir = [/data/metadata/ratis] (custom)
datanode_1  | 2019-10-14 23:54:29,025 INFO server.GrpcService: raft.grpc.flow.control.window = 1MB (=1048576) (default)
scm_1       | 2019-10-14 23:54:31,372 WARN server.ServerUtils: ozone.scm.db.dirs is not configured. We recommend adding this setting. Falling back to ozone.metadata.dirs instead.
rm_1        | 2019-10-14 23:54:30 INFO  Configuration:2752 - resource-types.xml not found
om_1        | 2019-10-14 23:54:37,679 [main] INFO       - registered UNIX signal handlers for [TERM, HUP, INT]
datanode_3  | 2019-10-14 23:54:33,775 INFO handler.ContextHandler: Started o.e.j.w.WebAppContext@3791f50e{/,file:///tmp/jetty-0.0.0.0-9882-hddsDatanode-_-any-6383088340999488891.dir/webapp/,AVAILABLE}{/hddsDatanode}
nm_1        | 2019-10-14 23:54:30 INFO  AsyncDispatcher:223 - Registering class org.apache.hadoop.yarn.server.nodemanager.containermanager.scheduler.ContainerSchedulerEventType for class org.apache.hadoop.yarn.server.nodemanager.containermanager.scheduler.ContainerScheduler
datanode_2  | 2019-10-14 23:54:30,714 INFO hdfs.DFSUtil: Starting Web-server for hddsDatanode at: http://0.0.0.0:9882
datanode_1  | 2019-10-14 23:54:29,026 INFO server.RaftServerConfigKeys: raft.server.rpc.request.timeout = 3000ms (default)
scm_1       | 2019-10-14 23:54:31,382 WARN server.ServerUtils: ozone.scm.db.dirs is not configured. We recommend adding this setting. Falling back to ozone.metadata.dirs instead.
rm_1        | 2019-10-14 23:54:30 INFO  ResourceUtils:418 - Unable to find 'resource-types.xml'.
om_1        | 2019-10-14 23:54:38,587 [main] INFO       - Configuration either no ozone.om.address set. Falling back to the default OM address om/172.18.0.9:9862
datanode_3  | 2019-10-14 23:54:33,793 INFO server.AbstractConnector: Started ServerConnector@71b0610{HTTP/1.1,[http/1.1]}{0.0.0.0:9882}
nm_1        | 2019-10-14 23:54:30 INFO  NMLogAggregationStatusTracker:89 - the rolling interval seconds for the NodeManager Cached Log aggregation status is 600
datanode_2  | 2019-10-14 23:54:30,736 INFO util.log: Logging initialized @3208ms
datanode_1  | 2019-10-14 23:54:29,202 INFO server.RaftServerConfigKeys: raft.server.storage.dir = [/data/metadata/ratis] (custom)
scm_1       | 2019-10-14 23:54:31,403 INFO util.log: Logging initialized @1037ms
rm_1        | 2019-10-14 23:54:30 INFO  Configuration:2755 - found resource yarn-site.xml at file:/opt/hadoop/etc/hadoop/yarn-site.xml
om_1        | 2019-10-14 23:54:38,587 [main] INFO       - OM Service ID is not set. Setting it to the default ID: omServiceIdDefault
datanode_3  | 2019-10-14 23:54:33,794 INFO server.Server: Started @3330ms
nm_1        | 2019-10-14 23:54:30 INFO  AsyncDispatcher:223 - Registering class org.apache.hadoop.yarn.server.nodemanager.ContainerManagerEventType for class org.apache.hadoop.yarn.server.nodemanager.containermanager.ContainerManagerImpl
datanode_2  | 2019-10-14 23:54:30,849 INFO server.AuthenticationFilter: Unable to initialize FileSignerSecretProvider, falling back to use random secrets.
datanode_1  | 2019-10-14 23:54:29,381 INFO hdfs.DFSUtil: Starting Web-server for hddsDatanode at: http://0.0.0.0:9882
scm_1       | 2019-10-14 23:54:31,513 INFO db.DBStoreBuilder: using custom profile for table: deletedBlocks
rm_1        | 2019-10-14 23:54:30 INFO  AsyncDispatcher:223 - Registering class org.apache.hadoop.yarn.server.resourcemanager.RMFatalEventType for class org.apache.hadoop.yarn.server.resourcemanager.ResourceManager$RMFatalEventDispatcher
om_1        | 2019-10-14 23:54:38,592 WARN server.ServerUtils: ozone.om.db.dirs is not configured. We recommend adding this setting. Falling back to ozone.metadata.dirs instead.
datanode_3  | 2019-10-14 23:54:33,799 INFO impl.MetricsSinkAdapter: Sink prometheus started
nm_1        | 2019-10-14 23:54:30 INFO  AsyncDispatcher:223 - Registering class org.apache.hadoop.yarn.server.nodemanager.NodeManagerEventType for class org.apache.hadoop.yarn.server.nodemanager.NodeManager
datanode_2  | 2019-10-14 23:54:30,853 INFO http.HttpRequestLog: Http request log for http.requests.hddsDatanode is not defined
datanode_1  | 2019-10-14 23:54:29,409 INFO util.log: Logging initialized @2882ms
scm_1       | 2019-10-14 23:54:31,514 INFO db.DBStoreBuilder: Using default column profile:DBProfile.DISK for Table:deletedBlocks
om_1        | 2019-10-14 23:54:38,602 WARN server.ServerUtils: ozone.om.db.dirs is not configured. We recommend adding this setting. Falling back to ozone.metadata.dirs instead.
datanode_3  | 2019-10-14 23:54:33,799 INFO impl.MetricsSystemImpl: Registered sink prometheus
rm_1        | 2019-10-14 23:54:30 INFO  NMTokenSecretManagerInRM:75 - NMTokenKeyRollingInterval: 86400000ms and NMTokenKeyActivationDelay: 900000ms
nm_1        | 2019-10-14 23:54:30 INFO  FluentPropertyBeanIntrospector:147 - Error when creating PropertyDescriptor for public final void org.apache.commons.configuration2.AbstractConfiguration.setProperty(java.lang.String,java.lang.Object)! Ignoring this property.
datanode_2  | 2019-10-14 23:54:30,860 INFO http.HttpServer2: Added global filter 'safety' (class=org.apache.hadoop.http.HttpServer2$QuotingInputFilter)
datanode_1  | 2019-10-14 23:54:29,531 INFO server.AuthenticationFilter: Unable to initialize FileSignerSecretProvider, falling back to use random secrets.
om_1        | 2019-10-14 23:54:39,368 WARN server.ServerUtils: ozone.om.db.dirs is not configured. We recommend adding this setting. Falling back to ozone.metadata.dirs instead.
scm_1       | 2019-10-14 23:54:31,514 INFO db.DBStoreBuilder: using custom profile for table: validCerts
datanode_3  | 2019-10-14 23:54:33,803 INFO server.BaseHttpServer: HTTP server of HDDSDATANODE is listening at http://0.0.0.0:9882
rm_1        | 2019-10-14 23:54:30 INFO  RMContainerTokenSecretManager:81 - ContainerTokenKeyRollingInterval: 86400000ms and ContainerTokenKeyActivationDelay: 900000ms
nm_1        | 2019-10-14 23:54:31 INFO  MetricsConfig:121 - loaded properties from hadoop-metrics2.properties
datanode_2  | 2019-10-14 23:54:30,861 INFO http.HttpServer2: Added filter static_user_filter (class=org.apache.hadoop.http.lib.StaticUserWebFilter$StaticUserFilter) to context hddsDatanode
datanode_1  | 2019-10-14 23:54:29,535 INFO http.HttpRequestLog: Http request log for http.requests.hddsDatanode is not defined
om_1        | 2019-10-14 23:54:39,392 INFO util.log: Logging initialized @2571ms
scm_1       | 2019-10-14 23:54:31,514 INFO db.DBStoreBuilder: Using default column profile:DBProfile.DISK for Table:validCerts
datanode_3  | 2019-10-14 23:54:33,821 INFO util.JvmPauseMonitor: Starting JVM pause monitor
rm_1        | 2019-10-14 23:54:30 INFO  AMRMTokenSecretManager:94 - AMRMTokenKeyRollingInterval: 86400000ms and AMRMTokenKeyActivationDelay: 900000 ms
nm_1        | 2019-10-14 23:54:31 INFO  MetricsSystemImpl:374 - Scheduled Metric snapshot period at 10 second(s).
datanode_2  | 2019-10-14 23:54:30,862 INFO http.HttpServer2: Added filter static_user_filter (class=org.apache.hadoop.http.lib.StaticUserWebFilter$StaticUserFilter) to context logs
datanode_1  | 2019-10-14 23:54:29,546 INFO http.HttpServer2: Added global filter 'safety' (class=org.apache.hadoop.http.HttpServer2$QuotingInputFilter)
om_1        | 2019-10-14 23:54:39,496 INFO db.DBStoreBuilder: using custom profile for table: userTable
scm_1       | 2019-10-14 23:54:31,514 INFO db.DBStoreBuilder: using custom profile for table: revokedCerts
datanode_3  | 2019-10-14 23:54:34,013 [Datanode State Machine Thread - 0] INFO       - DatanodeDetails is persisted to /data/metadata/datanode.id
rm_1        | 2019-10-14 23:54:30 INFO  AsyncDispatcher:223 - Registering class org.apache.hadoop.yarn.server.resourcemanager.recovery.RMStateStoreEventType for class org.apache.hadoop.yarn.server.resourcemanager.recovery.RMStateStore$ForwardingEventHandler
nm_1        | 2019-10-14 23:54:31 INFO  MetricsSystemImpl:191 - NodeManager metrics system started
datanode_2  | 2019-10-14 23:54:30,862 INFO http.HttpServer2: Added filter static_user_filter (class=org.apache.hadoop.http.lib.StaticUserWebFilter$StaticUserFilter) to context static
datanode_1  | 2019-10-14 23:54:29,549 INFO http.HttpServer2: Added filter static_user_filter (class=org.apache.hadoop.http.lib.StaticUserWebFilter$StaticUserFilter) to context hddsDatanode
om_1        | 2019-10-14 23:54:39,496 INFO db.DBStoreBuilder: Using default column profile:DBProfile.DISK for Table:userTable
scm_1       | 2019-10-14 23:54:31,514 INFO db.DBStoreBuilder: Using default column profile:DBProfile.DISK for Table:revokedCerts
datanode_3  | 2019-10-14 23:54:35,958 [Datanode State Machine Thread - 0] INFO       - Attempting to start container services.
rm_1        | 2019-10-14 23:54:30 INFO  AsyncDispatcher:223 - Registering class org.apache.hadoop.yarn.server.resourcemanager.NodesListManagerEventType for class org.apache.hadoop.yarn.server.resourcemanager.NodesListManager
nm_1        | 2019-10-14 23:54:31 INFO  DirectoryCollection:189 - Disk Validator: yarn.nodemanager.disk-validator is loaded.
datanode_2  | 2019-10-14 23:54:30,887 INFO http.HttpServer2: Jetty bound to port 9882
datanode_1  | 2019-10-14 23:54:29,549 INFO http.HttpServer2: Added filter static_user_filter (class=org.apache.hadoop.http.lib.StaticUserWebFilter$StaticUserFilter) to context static
scm_1       | 2019-10-14 23:54:31,526 INFO db.DBStoreBuilder: using custom profile for table: default
rm_1        | 2019-10-14 23:54:30 INFO  ResourceManager:440 - Using Scheduler: org.apache.hadoop.yarn.server.resourcemanager.scheduler.capacity.CapacityScheduler
datanode_3  | 2019-10-14 23:54:35,961 [Datanode State Machine Thread - 0] INFO       - Background container scanner has been disabled.
om_1        | 2019-10-14 23:54:39,496 INFO db.DBStoreBuilder: using custom profile for table: volumeTable
nm_1        | 2019-10-14 23:54:31 INFO  DirectoryCollection:189 - Disk Validator: yarn.nodemanager.disk-validator is loaded.
datanode_2  | 2019-10-14 23:54:30,888 INFO server.Server: jetty-9.3.25.v20180904, build timestamp: 2018-09-04T21:11:46Z, git hash: 3ce520221d0240229c862b122d2b06c12a625732
datanode_1  | 2019-10-14 23:54:29,549 INFO http.HttpServer2: Added filter static_user_filter (class=org.apache.hadoop.http.lib.StaticUserWebFilter$StaticUserFilter) to context logs
scm_1       | 2019-10-14 23:54:31,526 INFO db.DBStoreBuilder: Using default column profile:DBProfile.DISK for Table:default
rm_1        | 2019-10-14 23:54:30 INFO  AsyncDispatcher:223 - Registering class org.apache.hadoop.yarn.server.resourcemanager.scheduler.event.SchedulerEventType for class org.apache.hadoop.yarn.event.EventDispatcher
datanode_3  | 2019-10-14 23:54:35,961 [Datanode State Machine Thread - 0] INFO       - Starting XceiverServerRatis bf3545aa-595a-4ccd-be74-3455f0c09614 at port 9858
om_1        | 2019-10-14 23:54:39,496 INFO db.DBStoreBuilder: Using default column profile:DBProfile.DISK for Table:volumeTable
nm_1        | 2019-10-14 23:54:31 INFO  NodeResourceMonitorImpl:75 -  Using ResourceCalculatorPlugin : org.apache.hadoop.yarn.util.ResourceCalculatorPlugin@59e2d8e3
datanode_2  | 2019-10-14 23:54:30,918 INFO handler.ContextHandler: Started o.e.j.s.ServletContextHandler@6f94fb9d{/logs,file:///var/log/hadoop/,AVAILABLE}
scm_1       | 2019-10-14 23:54:31,527 INFO db.DBStoreBuilder: Using default options. DBProfile.DISK
rm_1        | 2019-10-14 23:54:30 INFO  AsyncDispatcher:223 - Registering class org.apache.hadoop.yarn.server.resourcemanager.rmapp.RMAppEventType for class org.apache.hadoop.yarn.server.resourcemanager.ResourceManager$ApplicationEventDispatcher
datanode_1  | 2019-10-14 23:54:29,583 INFO http.HttpServer2: Jetty bound to port 9882
datanode_3  | 2019-10-14 23:54:35,979 INFO impl.RaftServerProxy: bf3545aa-595a-4ccd-be74-3455f0c09614: start RPC server
om_1        | 2019-10-14 23:54:39,497 INFO db.DBStoreBuilder: using custom profile for table: bucketTable
nm_1        | 2019-10-14 23:54:31 INFO  AsyncDispatcher:223 - Registering class org.apache.hadoop.yarn.server.nodemanager.containermanager.loghandler.event.LogHandlerEventType for class org.apache.hadoop.yarn.server.nodemanager.containermanager.loghandler.NonAggregatingLogHandler
datanode_2  | 2019-10-14 23:54:30,919 INFO handler.ContextHandler: Started o.e.j.s.ServletContextHandler@44cffc25{/static,jar:file:/opt/hadoop/share/ozone/lib/hadoop-hdds-container-service-0.5.0-SNAPSHOT.jar!/webapps/static,AVAILABLE}
rm_1        | 2019-10-14 23:54:30 INFO  AsyncDispatcher:223 - Registering class org.apache.hadoop.yarn.server.resourcemanager.rmapp.attempt.RMAppAttemptEventType for class org.apache.hadoop.yarn.server.resourcemanager.ResourceManager$ApplicationAttemptEventDispatcher
scm_1       | 2019-10-14 23:54:31,690 INFO net.NodeSchemaLoader: Loading file from java.lang.CompoundEnumeration@51c693d
datanode_1  | 2019-10-14 23:54:29,585 INFO server.Server: jetty-9.3.25.v20180904, build timestamp: 2018-09-04T21:11:46Z, git hash: 3ce520221d0240229c862b122d2b06c12a625732
datanode_3  | 2019-10-14 23:54:36,088 INFO server.GrpcService: bf3545aa-595a-4ccd-be74-3455f0c09614: GrpcService started, listening on 0.0.0.0/0.0.0.0:9858
om_1        | 2019-10-14 23:54:39,497 INFO db.DBStoreBuilder: Using default column profile:DBProfile.DISK for Table:bucketTable
nm_1        | 2019-10-14 23:54:31 INFO  AsyncDispatcher:223 - Registering class org.apache.hadoop.yarn.server.nodemanager.containermanager.localizer.sharedcache.SharedCacheUploadEventType for class org.apache.hadoop.yarn.server.nodemanager.containermanager.localizer.sharedcache.SharedCacheUploadService
datanode_2  | 2019-10-14 23:54:30,993 INFO handler.ContextHandler: Started o.e.j.w.WebAppContext@9b9a327{/,file:///tmp/jetty-0.0.0.0-9882-hddsDatanode-_-any-13253114814439746008.dir/webapp/,AVAILABLE}{/hddsDatanode}
rm_1        | 2019-10-14 23:54:30 INFO  AsyncDispatcher:223 - Registering class org.apache.hadoop.yarn.server.resourcemanager.rmnode.RMNodeEventType for class org.apache.hadoop.yarn.server.resourcemanager.ResourceManager$NodeEventDispatcher
scm_1       | 2019-10-14 23:54:31,691 INFO net.NodeSchemaLoader: Loading network topology layer schema file
datanode_1  | 2019-10-14 23:54:29,622 INFO handler.ContextHandler: Started o.e.j.s.ServletContextHandler@60c8a093{/logs,file:///var/log/hadoop/,AVAILABLE}
datanode_3  | WARNING: An illegal reflective access operation has occurred
om_1        | 2019-10-14 23:54:39,497 INFO db.DBStoreBuilder: using custom profile for table: keyTable
nm_1        | 2019-10-14 23:54:31 INFO  ContainerManagerImpl:336 - AMRMProxyService is disabled
datanode_2  | 2019-10-14 23:54:31,002 INFO server.AbstractConnector: Started ServerConnector@5a75ec37{HTTP/1.1,[http/1.1]}{0.0.0.0:9882}
rm_1        | 2019-10-14 23:54:31 INFO  FluentPropertyBeanIntrospector:147 - Error when creating PropertyDescriptor for public final void org.apache.commons.configuration2.AbstractConfiguration.setProperty(java.lang.String,java.lang.Object)! Ignoring this property.
scm_1       | 2019-10-14 23:54:31,792 INFO node.SCMNodeManager: Entering startup safe mode.
datanode_3  | WARNING: Illegal reflective access by org.apache.ratis.thirdparty.com.google.protobuf.UnsafeUtil (file:/opt/hadoop/share/ozone/lib/ratis-thirdparty-misc-0.2.0.jar) to field java.nio.Buffer.address
datanode_1  | 2019-10-14 23:54:29,623 INFO handler.ContextHandler: Started o.e.j.s.ServletContextHandler@75d982d3{/static,jar:file:/opt/hadoop/share/ozone/lib/hadoop-hdds-container-service-0.5.0-SNAPSHOT.jar!/webapps/static,AVAILABLE}
om_1        | 2019-10-14 23:54:39,497 INFO db.DBStoreBuilder: Using default column profile:DBProfile.DISK for Table:keyTable
nm_1        | 2019-10-14 23:54:31 INFO  ResourceLocalizationService:242 - per directory file limit = 8192
datanode_2  | 2019-10-14 23:54:31,003 INFO server.Server: Started @3474ms
rm_1        | 2019-10-14 23:54:31 INFO  MetricsConfig:121 - loaded properties from hadoop-metrics2.properties
scm_1       | 2019-10-14 23:54:31,892 INFO algorithms.ContainerPlacementPolicyFactory: Create container placement policy of type org.apache.hadoop.hdds.scm.container.placement.algorithms.SCMContainerPlacementRandom
datanode_3  | WARNING: Please consider reporting this to the maintainers of org.apache.ratis.thirdparty.com.google.protobuf.UnsafeUtil
datanode_1  | 2019-10-14 23:54:29,717 INFO handler.ContextHandler: Started o.e.j.w.WebAppContext@574b7f4a{/,file:///tmp/jetty-0.0.0.0-9882-hddsDatanode-_-any-14097507523776061940.dir/webapp/,AVAILABLE}{/hddsDatanode}
om_1        | 2019-10-14 23:54:39,498 INFO db.DBStoreBuilder: using custom profile for table: deletedTable
nm_1        | 2019-10-14 23:54:31 INFO  ResourceLocalizationService:271 - Disk Validator: yarn.nodemanager.disk-validator is loaded.
datanode_2  | 2019-10-14 23:54:31,006 INFO impl.MetricsSinkAdapter: Sink prometheus started
rm_1        | 2019-10-14 23:54:31 INFO  MetricsSystemImpl:374 - Scheduled Metric snapshot period at 10 second(s).
scm_1       | 2019-10-14 23:54:31,902 WARN server.ServerUtils: ozone.scm.db.dirs is not configured. We recommend adding this setting. Falling back to ozone.metadata.dirs instead.
datanode_1  | 2019-10-14 23:54:29,726 INFO server.AbstractConnector: Started ServerConnector@1161f7ea{HTTP/1.1,[http/1.1]}{0.0.0.0:9882}
om_1        | 2019-10-14 23:54:39,498 INFO db.DBStoreBuilder: Using default column profile:DBProfile.DISK for Table:deletedTable
datanode_3  | WARNING: Use --illegal-access=warn to enable warnings of further illegal reflective access operations
nm_1        | 2019-10-14 23:54:31 INFO  AsyncDispatcher:223 - Registering class org.apache.hadoop.yarn.server.nodemanager.containermanager.localizer.event.LocalizerEventType for class org.apache.hadoop.yarn.server.nodemanager.containermanager.localizer.ResourceLocalizationService$LocalizerTracker
datanode_2  | 2019-10-14 23:54:31,006 INFO impl.MetricsSystemImpl: Registered sink prometheus
scm_1       | 2019-10-14 23:54:31,949 INFO pipeline.SCMPipelineManager: No pipeline exists in current db
rm_1        | 2019-10-14 23:54:31 INFO  MetricsSystemImpl:191 - ResourceManager metrics system started
datanode_1  | 2019-10-14 23:54:29,727 INFO server.Server: Started @3201ms
om_1        | 2019-10-14 23:54:39,498 INFO db.DBStoreBuilder: using custom profile for table: openKeyTable
datanode_3  | WARNING: All illegal access operations will be denied in a future release
nm_1        | 2019-10-14 23:54:31 INFO  AuxServices:103 - Adding auxiliary service mapreduce_shuffle, "mapreduce_shuffle"
datanode_2  | 2019-10-14 23:54:31,008 INFO server.BaseHttpServer: HTTP server of HDDSDATANODE is listening at http://0.0.0.0:9882
scm_1       | 2019-10-14 23:54:31,951 WARN server.ServerUtils: ozone.scm.db.dirs is not configured. We recommend adding this setting. Falling back to ozone.metadata.dirs instead.
rm_1        | 2019-10-14 23:54:31 INFO  YarnAuthorizationProvider:58 - org.apache.hadoop.yarn.security.ConfiguredYarnAuthorizer is instantiated.
datanode_1  | 2019-10-14 23:54:29,732 INFO impl.MetricsSinkAdapter: Sink prometheus started
om_1        | 2019-10-14 23:54:39,498 INFO db.DBStoreBuilder: Using default column profile:DBProfile.DISK for Table:openKeyTable
datanode_3  | 2019-10-14 23:54:38,173 INFO impl.RaftServerProxy: bf3545aa-595a-4ccd-be74-3455f0c09614: addNew group-B2198FD88FF0:[bf3545aa-595a-4ccd-be74-3455f0c09614:172.18.0.8:9858] returns group-B2198FD88FF0:java.util.concurrent.CompletableFuture@61bf2358[Not completed]
nm_1        | 2019-10-14 23:54:31 INFO  ContainersMonitorImpl:130 -  Using ResourceCalculatorPlugin : org.apache.hadoop.yarn.util.ResourceCalculatorPlugin@6c2ed0cd
datanode_2  | 2019-10-14 23:54:31,021 INFO util.JvmPauseMonitor: Starting JVM pause monitor
scm_1       | 2019-10-14 23:54:32,009 WARN events.EventQueue: No event handler registered for event TypedEvent{payloadType=SafeModeStatus, name='SafeModeStatus'}
rm_1        | 2019-10-14 23:54:31 INFO  AsyncDispatcher:223 - Registering class org.apache.hadoop.yarn.server.resourcemanager.RMAppManagerEventType for class org.apache.hadoop.yarn.server.resourcemanager.RMAppManager
datanode_1  | 2019-10-14 23:54:29,732 INFO impl.MetricsSystemImpl: Registered sink prometheus
om_1        | 2019-10-14 23:54:39,498 INFO db.DBStoreBuilder: using custom profile for table: s3Table
datanode_3  | 2019-10-14 23:54:38,188 INFO impl.RaftServerImpl: bf3545aa-595a-4ccd-be74-3455f0c09614: new RaftServerImpl for group-B2198FD88FF0:[bf3545aa-595a-4ccd-be74-3455f0c09614:172.18.0.8:9858] with ContainerStateMachine:uninitialized
nm_1        | 2019-10-14 23:54:31 INFO  ContainersMonitorImpl:135 -  Using ResourceCalculatorProcessTree : null
datanode_2  | 2019-10-14 23:54:31,189 [Datanode State Machine Thread - 0] INFO       - DatanodeDetails is persisted to /data/metadata/datanode.id
scm_1       | 2019-10-14 23:54:32,563 INFO ipc.CallQueueManager: Using callQueue: class java.util.concurrent.LinkedBlockingQueue, queueCapacity: 1000, scheduler: class org.apache.hadoop.ipc.DefaultRpcScheduler, ipcBackoff: false.
rm_1        | 2019-10-14 23:54:31 INFO  AsyncDispatcher:223 - Registering class org.apache.hadoop.yarn.server.resourcemanager.amlauncher.AMLauncherEventType for class org.apache.hadoop.yarn.server.resourcemanager.amlauncher.ApplicationMasterLauncher
datanode_1  | 2019-10-14 23:54:29,736 INFO server.BaseHttpServer: HTTP server of HDDSDATANODE is listening at http://0.0.0.0:9882
om_1        | 2019-10-14 23:54:39,498 INFO db.DBStoreBuilder: Using default column profile:DBProfile.DISK for Table:s3Table
nm_1        | 2019-10-14 23:54:31 INFO  ContainersMonitorImpl:176 - Physical memory check enabled: false
datanode_2  | 2019-10-14 23:54:33,739 [Datanode State Machine Thread - 0] INFO       - Attempting to start container services.
scm_1       | 2019-10-14 23:54:32,586 INFO ipc.Server: Starting Socket Reader #1 for port 9861
rm_1        | 2019-10-14 23:54:31 INFO  RMNMInfo:63 - Registered RMNMInfo MBean
datanode_3  | 2019-10-14 23:54:38,189 INFO server.RaftServerConfigKeys: raft.server.rpc.timeout.min = 5s (custom)
datanode_1  | 2019-10-14 23:54:29,753 INFO util.JvmPauseMonitor: Starting JVM pause monitor
om_1        | 2019-10-14 23:54:39,499 INFO db.DBStoreBuilder: using custom profile for table: multipartInfoTable
nm_1        | 2019-10-14 23:54:31 INFO  ContainersMonitorImpl:177 - Virtual memory check enabled: false
datanode_2  | 2019-10-14 23:54:33,742 [Datanode State Machine Thread - 0] INFO       - Background container scanner has been disabled.
scm_1       | 2019-10-14 23:54:32,615 INFO ipc.CallQueueManager: Using callQueue: class java.util.concurrent.LinkedBlockingQueue, queueCapacity: 1000, scheduler: class org.apache.hadoop.ipc.DefaultRpcScheduler, ipcBackoff: false.
datanode_3  | 2019-10-14 23:54:38,190 INFO server.RaftServerConfigKeys: raft.server.rpc.timeout.max = 5200ms (custom)
datanode_1  | 2019-10-14 23:54:29,935 [Datanode State Machine Thread - 0] INFO       - DatanodeDetails is persisted to /data/metadata/datanode.id
rm_1        | 2019-10-14 23:54:31 INFO  RMAppLifetimeMonitor:66 - Application lifelime monitor interval set to 3000 ms.
om_1        | 2019-10-14 23:54:39,499 INFO db.DBStoreBuilder: Using default column profile:DBProfile.DISK for Table:multipartInfoTable
nm_1        | 2019-10-14 23:54:31 INFO  ContainersMonitorImpl:181 - ContainersMonitor enabled: true
scm_1       | 2019-10-14 23:54:32,616 INFO ipc.Server: Starting Socket Reader #1 for port 9863
datanode_2  | 2019-10-14 23:54:33,743 [Datanode State Machine Thread - 0] INFO       - Starting XceiverServerRatis f32de9ba-4bae-482b-81d6-d46fd9fd64ba at port 9858
datanode_3  | 2019-10-14 23:54:38,190 INFO server.RaftServerConfigKeys: raft.server.rpcslowness.timeout = 120s (custom)
datanode_1  | 2019-10-14 23:54:32,831 INFO ipc.Client: Retrying connect to server: scm/172.18.0.5:9861. Already tried 0 time(s); retry policy is RetryUpToMaximumCountWithFixedSleep(maxRetries=2147483647, sleepTime=1000 MILLISECONDS)
rm_1        | 2019-10-14 23:54:31 INFO  HostsFileReader:211 - Refreshing hosts (include/exclude) list
om_1        | 2019-10-14 23:54:39,499 INFO db.DBStoreBuilder: using custom profile for table: dTokenTable
nm_1        | 2019-10-14 23:54:31 INFO  ContainerManagerImpl:394 - Not a recoverable state store. Nothing to recover.
scm_1       | 2019-10-14 23:54:32,624 INFO ipc.CallQueueManager: Using callQueue: class java.util.concurrent.LinkedBlockingQueue, queueCapacity: 1000, scheduler: class org.apache.hadoop.ipc.DefaultRpcScheduler, ipcBackoff: false.
datanode_2  | 2019-10-14 23:54:33,776 INFO impl.RaftServerProxy: f32de9ba-4bae-482b-81d6-d46fd9fd64ba: start RPC server
datanode_3  | 2019-10-14 23:54:38,190 INFO server.RaftServerConfigKeys: raft.server.sleep.deviation.threshold = 300 (default)
datanode_1  | 2019-10-14 23:54:33,739 [Datanode State Machine Thread - 0] INFO       - Attempting to start container services.
om_1        | 2019-10-14 23:54:39,499 INFO db.DBStoreBuilder: Using default column profile:DBProfile.DISK for Table:dTokenTable
rm_1        | 2019-10-14 23:54:31 INFO  Configuration:2755 - found resource capacity-scheduler.xml at file:/opt/hadoop/etc/hadoop/capacity-scheduler.xml
nm_1        | 2019-10-14 23:54:31 INFO  Configuration:2752 - resource-types.xml not found
scm_1       | 2019-10-14 23:54:32,625 INFO ipc.Server: Starting Socket Reader #1 for port 9860
datanode_2  | 2019-10-14 23:54:33,909 INFO server.GrpcService: f32de9ba-4bae-482b-81d6-d46fd9fd64ba: GrpcService started, listening on 0.0.0.0/0.0.0.0:9858
datanode_3  | 2019-10-14 23:54:38,191 INFO server.RaftServerConfigKeys: raft.server.log.appender.install.snapshot.enabled = false (custom)
datanode_1  | 2019-10-14 23:54:33,743 [Datanode State Machine Thread - 0] INFO       - Background container scanner has been disabled.
om_1        | 2019-10-14 23:54:39,499 INFO db.DBStoreBuilder: using custom profile for table: s3SecretTable
rm_1        | 2019-10-14 23:54:31 INFO  AbstractYarnScheduler:1371 - Minimum allocation = <memory:1024, vCores:1>
nm_1        | 2019-10-14 23:54:31 INFO  ResourceUtils:418 - Unable to find 'resource-types.xml'.
datanode_2  | WARNING: An illegal reflective access operation has occurred
datanode_3  | 2019-10-14 23:54:38,196 INFO impl.RaftServerImpl: bf3545aa-595a-4ccd-be74-3455f0c09614@group-B2198FD88FF0: ConfigurationManager, init=-1: [bf3545aa-595a-4ccd-be74-3455f0c09614:172.18.0.8:9858], old=null, confs=<EMPTY_MAP>
om_1        | 2019-10-14 23:54:39,499 INFO db.DBStoreBuilder: Using default column profile:DBProfile.DISK for Table:s3SecretTable
scm_1       | 2019-10-14 23:54:32,647 INFO hdfs.DFSUtil: Starting Web-server for scm at: http://0.0.0.0:9876
rm_1        | 2019-10-14 23:54:31 INFO  AbstractYarnScheduler:1383 - Maximum allocation = <memory:8192, vCores:4>
datanode_1  | 2019-10-14 23:54:33,743 [Datanode State Machine Thread - 0] INFO       - Starting XceiverServerRatis e52e46f3-4f17-46af-949d-86ad24f8313a at port 9858
nm_1        | 2019-10-14 23:54:31 INFO  Configuration:2752 - node-resources.xml not found
datanode_2  | WARNING: Illegal reflective access by org.apache.ratis.thirdparty.com.google.protobuf.UnsafeUtil (file:/opt/hadoop/share/ozone/lib/ratis-thirdparty-misc-0.2.0.jar) to field java.nio.Buffer.address
datanode_3  | 2019-10-14 23:54:38,197 INFO server.RaftServerConfigKeys: raft.server.storage.dir = [/data/metadata/ratis] (custom)
om_1        | 2019-10-14 23:54:39,500 INFO db.DBStoreBuilder: using custom profile for table: prefixTable
scm_1       | 2019-10-14 23:54:32,831 INFO server.AuthenticationFilter: Unable to initialize FileSignerSecretProvider, falling back to use random secrets.
rm_1        | 2019-10-14 23:54:31 INFO  CapacitySchedulerConfiguration:912 - max alloc mb per queue for root is undefined
datanode_1  | 2019-10-14 23:54:33,774 INFO impl.RaftServerProxy: e52e46f3-4f17-46af-949d-86ad24f8313a: start RPC server
nm_1        | 2019-10-14 23:54:31 INFO  ResourceUtils:418 - Unable to find 'node-resources.xml'.
datanode_2  | WARNING: Please consider reporting this to the maintainers of org.apache.ratis.thirdparty.com.google.protobuf.UnsafeUtil
datanode_3  | 2019-10-14 23:54:38,201 INFO server.RaftServerConfigKeys: raft.server.log.corruption.policy = EXCEPTION (default)
om_1        | 2019-10-14 23:54:39,500 INFO db.DBStoreBuilder: Using default column profile:DBProfile.DISK for Table:prefixTable
scm_1       | 2019-10-14 23:54:32,845 INFO http.HttpRequestLog: Http request log for http.requests.scm is not defined
rm_1        | 2019-10-14 23:54:31 INFO  CapacitySchedulerConfiguration:916 - max alloc vcore per queue for root is undefined
datanode_1  | 2019-10-14 23:54:33,885 INFO server.GrpcService: e52e46f3-4f17-46af-949d-86ad24f8313a: GrpcService started, listening on 0.0.0.0/0.0.0.0:9858
nm_1        | 2019-10-14 23:54:31 INFO  NodeStatusUpdaterImpl:192 - Nodemanager resources is set to: <memory:8192, vCores:8>
datanode_2  | WARNING: Use --illegal-access=warn to enable warnings of further illegal reflective access operations
datanode_3  | 2019-10-14 23:54:38,202 INFO storage.RaftStorageDirectory: The storage directory /data/metadata/ratis/e60d983f-b714-4a5c-bdc8-b2198fd88ff0 does not exist. Creating ...
om_1        | 2019-10-14 23:54:39,514 INFO db.DBStoreBuilder: using custom profile for table: default
scm_1       | 2019-10-14 23:54:32,853 INFO http.HttpServer2: Added global filter 'safety' (class=org.apache.hadoop.http.HttpServer2$QuotingInputFilter)
rm_1        | 2019-10-14 23:54:31 INFO  ParentQueue:151 - root, capacity=1.0, absoluteCapacity=1.0, maxCapacity=1.0, absoluteMaxCapacity=1.0, state=RUNNING, acls=ADMINISTER_QUEUE:*SUBMIT_APP:*, labels=*,
datanode_1  | WARNING: An illegal reflective access operation has occurred
nm_1        | 2019-10-14 23:54:31 INFO  NodeStatusUpdaterImpl:236 - Initialized nodemanager with : physical-memory=8192 virtual-memory=17204 virtual-cores=8
datanode_2  | WARNING: All illegal access operations will be denied in a future release
datanode_3  | 2019-10-14 23:54:38,219 INFO storage.RaftStorageDirectory: Lock on /data/metadata/ratis/e60d983f-b714-4a5c-bdc8-b2198fd88ff0/in_use.lock acquired by nodename 7@9c7d470c607d
om_1        | 2019-10-14 23:54:39,514 INFO db.DBStoreBuilder: Using default column profile:DBProfile.DISK for Table:default
rm_1        | , reservationsContinueLooking=true, orderingPolicy=utilization, priority=0
datanode_1  | WARNING: Illegal reflective access by org.apache.ratis.thirdparty.com.google.protobuf.UnsafeUtil (file:/opt/hadoop/share/ozone/lib/ratis-thirdparty-misc-0.2.0.jar) to field java.nio.Buffer.address
scm_1       | 2019-10-14 23:54:32,856 INFO http.HttpServer2: Added filter static_user_filter (class=org.apache.hadoop.http.lib.StaticUserWebFilter$StaticUserFilter) to context scm
nm_1        | 2019-10-14 23:54:31 INFO  CallQueueManager:84 - Using callQueue: class java.util.concurrent.LinkedBlockingQueue queueCapacity: 2000 scheduler: class org.apache.hadoop.ipc.DefaultRpcScheduler
datanode_2  | 2019-10-14 23:54:36,063 INFO impl.RaftServerProxy: f32de9ba-4bae-482b-81d6-d46fd9fd64ba: addNew group-806A757FEC86:[f32de9ba-4bae-482b-81d6-d46fd9fd64ba:172.18.0.4:9858] returns group-806A757FEC86:java.util.concurrent.CompletableFuture@3bd6df6e[Not completed]
om_1        | 2019-10-14 23:54:39,515 INFO db.DBStoreBuilder: Using default options. DBProfile.DISK
datanode_3  | 2019-10-14 23:54:38,234 INFO storage.RaftStorage: Storage directory /data/metadata/ratis/e60d983f-b714-4a5c-bdc8-b2198fd88ff0 has been successfully formatted.
rm_1        | 2019-10-14 23:54:31 INFO  ParentQueue:114 - Initialized parent-queue root name=root, fullname=root
datanode_1  | WARNING: Please consider reporting this to the maintainers of org.apache.ratis.thirdparty.com.google.protobuf.UnsafeUtil
scm_1       | 2019-10-14 23:54:32,856 INFO http.HttpServer2: Added filter static_user_filter (class=org.apache.hadoop.http.lib.StaticUserWebFilter$StaticUserFilter) to context logs
nm_1        | 2019-10-14 23:54:31 INFO  Server:1070 - Starting Socket Reader #1 for port 35630
datanode_2  | 2019-10-14 23:54:36,077 INFO impl.RaftServerImpl: f32de9ba-4bae-482b-81d6-d46fd9fd64ba: new RaftServerImpl for group-806A757FEC86:[f32de9ba-4bae-482b-81d6-d46fd9fd64ba:172.18.0.4:9858] with ContainerStateMachine:uninitialized
om_1        | 2019-10-14 23:54:39,799 INFO ipc.CallQueueManager: Using callQueue: class java.util.concurrent.LinkedBlockingQueue, queueCapacity: 2000, scheduler: class org.apache.hadoop.ipc.DefaultRpcScheduler, ipcBackoff: false.
datanode_3  | 2019-10-14 23:54:38,237 [pool-8-thread-1] INFO       - group-B2198FD88FF0: The snapshot info is null. Setting the last applied indexto:(t:0, i:~)
rm_1        | 2019-10-14 23:54:31 INFO  CapacitySchedulerConfiguration:912 - max alloc mb per queue for root.default is undefined
datanode_1  | WARNING: Use --illegal-access=warn to enable warnings of further illegal reflective access operations
scm_1       | 2019-10-14 23:54:32,856 INFO http.HttpServer2: Added filter static_user_filter (class=org.apache.hadoop.http.lib.StaticUserWebFilter$StaticUserFilter) to context static
nm_1        | 2019-10-14 23:54:31 INFO  RpcServerFactoryPBImpl:173 - Adding protocol org.apache.hadoop.yarn.api.ContainerManagementProtocolPB to the server
datanode_2  | 2019-10-14 23:54:36,078 INFO server.RaftServerConfigKeys: raft.server.rpc.timeout.min = 5s (custom)
datanode_3  | 2019-10-14 23:54:38,237 INFO server.RaftServerConfigKeys: raft.server.notification.no-leader.timeout = 120s (custom)
rm_1        | 2019-10-14 23:54:31 INFO  CapacitySchedulerConfiguration:916 - max alloc vcore per queue for root.default is undefined
om_1        | 2019-10-14 23:54:39,811 INFO ipc.Server: Starting Socket Reader #1 for port 9862
datanode_1  | WARNING: All illegal access operations will be denied in a future release
scm_1       | 2019-10-14 23:54:32,884 INFO server.StorageContainerManager: StorageContainerLocationProtocol RPC server is listening at /0.0.0.0:9860
nm_1        | 2019-10-14 23:54:31 INFO  Server:1310 - IPC Server Responder: starting
datanode_2  | 2019-10-14 23:54:36,079 INFO server.RaftServerConfigKeys: raft.server.rpc.timeout.max = 5200ms (custom)
datanode_3  | 2019-10-14 23:54:38,239 INFO server.RaftServerConfigKeys: raft.server.log.use.memory = false (default)
rm_1        | 2019-10-14 23:54:31 INFO  LeafQueue:289 - Initializing default
om_1        | 2019-10-14 23:54:39,862 [main] INFO       - OzoneManager RPC server is listening at om/172.18.0.9:9862
datanode_1  | 2019-10-14 23:54:36,596 INFO impl.RaftServerProxy: e52e46f3-4f17-46af-949d-86ad24f8313a: addNew group-781979EC4BA2:[e52e46f3-4f17-46af-949d-86ad24f8313a:172.18.0.2:9858] returns group-781979EC4BA2:java.util.concurrent.CompletableFuture@2c57f8aa[Not completed]
scm_1       | 2019-10-14 23:54:32,958 INFO impl.MetricsConfig: Loaded properties from hadoop-metrics2.properties
nm_1        | 2019-10-14 23:54:31 INFO  Server:1149 - IPC Server listener on 35630: starting
datanode_2  | 2019-10-14 23:54:36,079 INFO server.RaftServerConfigKeys: raft.server.rpcslowness.timeout = 120s (custom)
datanode_3  | 2019-10-14 23:54:38,243 INFO server.RaftServerConfigKeys: raft.server.log.purge.gap = 1000000 (custom)
rm_1        | capacity = 1.0 [= (float) configuredCapacity / 100 ]
om_1        | 2019-10-14 23:54:39,953 INFO impl.MetricsConfig: Loaded properties from hadoop-metrics2.properties
datanode_1  | 2019-10-14 23:54:36,620 INFO impl.RaftServerImpl: e52e46f3-4f17-46af-949d-86ad24f8313a: new RaftServerImpl for group-781979EC4BA2:[e52e46f3-4f17-46af-949d-86ad24f8313a:172.18.0.2:9858] with ContainerStateMachine:uninitialized
scm_1       | 2019-10-14 23:54:33,011 INFO impl.MetricsSystemImpl: Scheduled Metric snapshot period at 10 second(s).
datanode_2  | 2019-10-14 23:54:36,079 INFO server.RaftServerConfigKeys: raft.server.sleep.deviation.threshold = 300 (default)
datanode_3  | 2019-10-14 23:54:38,243 INFO server.RaftServerConfigKeys: raft.server.log.appender.buffer.byte-limit = 33554432 (custom)
nm_1        | 2019-10-14 23:54:31 INFO  NMContainerTokenSecretManager:265 - Updating node address : nm:35630
rm_1        | absoluteCapacity = 1.0 [= parentAbsoluteCapacity * capacity ]
om_1        | 2019-10-14 23:54:39,998 INFO impl.MetricsSystemImpl: Scheduled Metric snapshot period at 10 second(s).
datanode_1  | 2019-10-14 23:54:36,621 INFO server.RaftServerConfigKeys: raft.server.rpc.timeout.min = 5s (custom)
scm_1       | 2019-10-14 23:54:33,012 INFO impl.MetricsSystemImpl: StorageContainerManager metrics system started
datanode_2  | 2019-10-14 23:54:36,080 INFO server.RaftServerConfigKeys: raft.server.log.appender.install.snapshot.enabled = false (custom)
datanode_3  | 2019-10-14 23:54:38,245 INFO server.RaftServerConfigKeys: raft.server.log.segment.size.max = 1048576 (custom)
nm_1        | 2019-10-14 23:54:31 INFO  CallQueueManager:84 - Using callQueue: class java.util.concurrent.LinkedBlockingQueue queueCapacity: 500 scheduler: class org.apache.hadoop.ipc.DefaultRpcScheduler
rm_1        | maxCapacity = 1.0 [= configuredMaxCapacity ]
om_1        | 2019-10-14 23:54:39,999 INFO impl.MetricsSystemImpl: OzoneManager metrics system started
datanode_1  | 2019-10-14 23:54:36,621 INFO server.RaftServerConfigKeys: raft.server.rpc.timeout.max = 5200ms (custom)
scm_1       | 2019-10-14 23:54:33,332 INFO server.SCMClientProtocolServer: RPC server for Client  is listening at /0.0.0.0:9860
datanode_2  | 2019-10-14 23:54:36,086 INFO impl.RaftServerImpl: f32de9ba-4bae-482b-81d6-d46fd9fd64ba@group-806A757FEC86: ConfigurationManager, init=-1: [f32de9ba-4bae-482b-81d6-d46fd9fd64ba:172.18.0.4:9858], old=null, confs=<EMPTY_MAP>
datanode_3  | 2019-10-14 23:54:38,246 WARN impl.MetricsSystemImpl: HddsDatanode metrics system already initialized!
nm_1        | 2019-10-14 23:54:31 INFO  Server:1070 - Starting Socket Reader #1 for port 8040
rm_1        | absoluteMaxCapacity = 1.0 [= 1.0 maximumCapacity undefined, (parentAbsoluteMaxCapacity * maximumCapacity) / 100 otherwise ]
om_1        | 2019-10-14 23:54:40,053 INFO ipc.Server: IPC Server Responder: starting
datanode_1  | 2019-10-14 23:54:36,622 INFO server.RaftServerConfigKeys: raft.server.rpcslowness.timeout = 120s (custom)
scm_1       | 2019-10-14 23:54:33,334 INFO ipc.Server: IPC Server Responder: starting
datanode_2  | 2019-10-14 23:54:36,086 INFO server.RaftServerConfigKeys: raft.server.storage.dir = [/data/metadata/ratis] (custom)
datanode_3  | 2019-10-14 23:54:38,250 INFO metrics.MetricRegistries: Loaded MetricRegistries class org.apache.ratis.metrics.impl.MetricRegistriesImpl
