kdc_1       | Oct 15 00:15:48 kdc krb5kdc[9](info): AS_REQ (8 etypes {18 17 20 19 16 23 25 26}) 127.0.0.1: SERVER_NOT_FOUND: admin/admin@EXAMPLE.COM for kadmin/localhost@EXAMPLE.COM, Server not found in Kerberos database
datanode_1  | 2019-10-15 00:16:05,575 INFO impl.RaftServerImpl: 7b09454b-89b8-4929-bb55-7547fa77b83a@group-A9D6FAD7380C: start as a follower, conf=-1: [7b09454b-89b8-4929-bb55-7547fa77b83a:172.18.0.2:9858], old=null
datanode_3  | 2019-10-15 00:16:05,748 INFO server.RaftServerConfigKeys: raft.server.rpcslowness.timeout = 120s (custom)
scm_1       | 2019-10-15 00:16:01,420 INFO authorize.ServiceAuthorizationManager: Authorization successful for dn/b3417b76156e@EXAMPLE.COM (auth:KERBEROS) for protocol=interface org.apache.hadoop.ozone.protocol.StorageContainerDatanodeProtocol
om_1        | 2019-10-15 00:16:02,954 INFO server.Server: jetty-9.3.25.v20180904, build timestamp: 2018-09-04T21:11:46Z, git hash: 3ce520221d0240229c862b122d2b06c12a625732
s3g_1       | 	at java.base/jdk.internal.reflect.NativeMethodAccessorImpl.invoke(NativeMethodAccessorImpl.java:62)
datanode_2  | 2019-10-15 00:16:04,445 INFO util.JmxRegister: Successfully registered JMX Bean with object name Ratis:service=RaftServer,group=group-D1FBA68D22C9,id=f4853b14-57b6-480e-b5c3-1dbec739121c
kdc_1       | Oct 15 00:15:48 kdc krb5kdc[9](info): AS_REQ (8 etypes {18 17 20 19 16 23 25 26}) 127.0.0.1: ISSUE: authtime 1571098548, etypes {rep=18 tkt=18 ses=18}, admin/admin@EXAMPLE.COM for kadmin/admin@EXAMPLE.COM
datanode_1  | 2019-10-15 00:16:05,577 INFO impl.RaftServerImpl: 7b09454b-89b8-4929-bb55-7547fa77b83a@group-A9D6FAD7380C: changes role from      null to FOLLOWER at term 0 for startAsFollower
datanode_3  | 2019-10-15 00:16:05,748 INFO server.RaftServerConfigKeys: raft.server.sleep.deviation.threshold = 300 (default)
scm_1       | 2019-10-15 00:16:01,424 INFO ipc.Server: Auth successful for om/om@EXAMPLE.COM (auth:KERBEROS)
om_1        | 2019-10-15 00:16:02,992 INFO server.AuthenticationFilter: Unable to initialize FileSignerSecretProvider, falling back to use random secrets.
s3g_1       | 	at java.base/jdk.internal.reflect.DelegatingMethodAccessorImpl.invoke(DelegatingMethodAccessorImpl.java:43)
kdc_1       | Oct 15 00:15:48 kdc krb5kdc[9](info): AS_REQ (8 etypes {18 17 20 19 16 23 25 26}) 127.0.0.1: SERVER_NOT_FOUND: admin/admin@EXAMPLE.COM for kadmin/localhost@EXAMPLE.COM, Server not found in Kerberos database
datanode_2  | 2019-10-15 00:16:05,782 INFO impl.RaftServerProxy: f4853b14-57b6-480e-b5c3-1dbec739121c: addNew group-3A58A93F27FE:[7b09454b-89b8-4929-bb55-7547fa77b83a:172.18.0.2:9858, f4853b14-57b6-480e-b5c3-1dbec739121c:172.18.0.6:9858, 24b52fb2-1e29-47d1-b22b-63f4ff5475e1:172.18.0.8:9858] returns group-3A58A93F27FE:java.util.concurrent.CompletableFuture@2d7d33ba[Not completed]
datanode_1  | 2019-10-15 00:16:05,579 INFO impl.RoleInfo: 7b09454b-89b8-4929-bb55-7547fa77b83a: start FollowerState
scm_1       | 2019-10-15 00:16:01,434 INFO authorize.ServiceAuthorizationManager: Authorization successful for om/om@EXAMPLE.COM (auth:KERBEROS) for protocol=interface org.apache.hadoop.hdds.scm.protocol.ScmBlockLocationProtocol
datanode_3  | 2019-10-15 00:16:05,748 INFO server.RaftServerConfigKeys: raft.server.log.appender.install.snapshot.enabled = false (custom)
om_1        | 2019-10-15 00:16:02,994 INFO server.KerberosAuthenticationHandler: Using keytab /etc/security/keytabs/HTTP.keytab, for principal HTTP/om@EXAMPLE.COM
s3g_1       | 	at java.base/java.lang.reflect.Method.invoke(Method.java:566)
kdc_1       | Oct 15 00:15:48 kdc krb5kdc[9](info): AS_REQ (8 etypes {18 17 20 19 16 23 25 26}) 127.0.0.1: ISSUE: authtime 1571098548, etypes {rep=18 tkt=18 ses=18}, admin/admin@EXAMPLE.COM for kadmin/admin@EXAMPLE.COM
datanode_2  | 2019-10-15 00:16:05,784 INFO impl.RaftServerImpl: f4853b14-57b6-480e-b5c3-1dbec739121c: new RaftServerImpl for group-3A58A93F27FE:[7b09454b-89b8-4929-bb55-7547fa77b83a:172.18.0.2:9858, f4853b14-57b6-480e-b5c3-1dbec739121c:172.18.0.6:9858, 24b52fb2-1e29-47d1-b22b-63f4ff5475e1:172.18.0.8:9858] with ContainerStateMachine:uninitialized
datanode_1  | 2019-10-15 00:16:05,585 INFO util.JmxRegister: Successfully registered JMX Bean with object name Ratis:service=RaftServer,group=group-A9D6FAD7380C,id=7b09454b-89b8-4929-bb55-7547fa77b83a
scm_1       | 2019-10-15 00:16:03,304 INFO net.NetworkTopology: Added a new node: /default-rack/f4853b14-57b6-480e-b5c3-1dbec739121c
datanode_3  | 2019-10-15 00:16:05,748 INFO impl.RaftServerImpl: 24b52fb2-1e29-47d1-b22b-63f4ff5475e1@group-3A58A93F27FE: ConfigurationManager, init=-1: [7b09454b-89b8-4929-bb55-7547fa77b83a:172.18.0.2:9858, f4853b14-57b6-480e-b5c3-1dbec739121c:172.18.0.6:9858, 24b52fb2-1e29-47d1-b22b-63f4ff5475e1:172.18.0.8:9858], old=null, confs=<EMPTY_MAP>
om_1        | 2019-10-15 00:16:02,998 INFO handler.ContextHandler: Started o.e.j.s.ServletContextHandler@39941489{/logs,file:///var/log/hadoop/,AVAILABLE}
s3g_1       | 	at org.apache.hadoop.hdds.tracing.TraceAllMethod.invoke(TraceAllMethod.java:66)
kdc_1       | Oct 15 00:15:48 kdc krb5kdc[9](info): AS_REQ (8 etypes {18 17 20 19 16 23 25 26}) 127.0.0.1: SERVER_NOT_FOUND: admin/admin@EXAMPLE.COM for kadmin/localhost@EXAMPLE.COM, Server not found in Kerberos database
datanode_2  | 2019-10-15 00:16:05,785 INFO server.RaftServerConfigKeys: raft.server.rpc.timeout.min = 5s (custom)
datanode_1  | 2019-10-15 00:16:05,762 INFO impl.RaftServerProxy: 7b09454b-89b8-4929-bb55-7547fa77b83a: addNew group-3A58A93F27FE:[7b09454b-89b8-4929-bb55-7547fa77b83a:172.18.0.2:9858, f4853b14-57b6-480e-b5c3-1dbec739121c:172.18.0.6:9858, 24b52fb2-1e29-47d1-b22b-63f4ff5475e1:172.18.0.8:9858] returns group-3A58A93F27FE:java.util.concurrent.CompletableFuture@1f8759dd[Not completed]
scm_1       | 2019-10-15 00:16:03,304 INFO node.SCMNodeManager: Registered Data node : f4853b14-57b6-480e-b5c3-1dbec739121c{ip: 172.18.0.6, host: ozonesecure_datanode_2.ozonesecure_default, networkLocation: /default-rack, certSerialId: 1762781901134666}
datanode_3  | 2019-10-15 00:16:05,748 INFO server.RaftServerConfigKeys: raft.server.storage.dir = [/data/metadata/ratis] (custom)
om_1        | 2019-10-15 00:16:02,999 INFO handler.ContextHandler: Started o.e.j.s.ServletContextHandler@4538856f{/static,jar:file:/opt/hadoop/share/ozone/lib/hadoop-ozone-ozone-manager-0.5.0-SNAPSHOT.jar!/webapps/static,AVAILABLE}
s3g_1       | 	at com.sun.proxy.$Proxy84.getServiceInfo(Unknown Source)
datanode_2  | 2019-10-15 00:16:05,785 INFO server.RaftServerConfigKeys: raft.server.rpc.timeout.max = 5200ms (custom)
datanode_1  | 2019-10-15 00:16:05,766 INFO impl.RaftServerImpl: 7b09454b-89b8-4929-bb55-7547fa77b83a: new RaftServerImpl for group-3A58A93F27FE:[7b09454b-89b8-4929-bb55-7547fa77b83a:172.18.0.2:9858, f4853b14-57b6-480e-b5c3-1dbec739121c:172.18.0.6:9858, 24b52fb2-1e29-47d1-b22b-63f4ff5475e1:172.18.0.8:9858] with ContainerStateMachine:uninitialized
kdc_1       | Oct 15 00:15:48 kdc krb5kdc[9](info): AS_REQ (8 etypes {18 17 20 19 16 23 25 26}) 127.0.0.1: ISSUE: authtime 1571098548, etypes {rep=18 tkt=18 ses=18}, admin/admin@EXAMPLE.COM for kadmin/admin@EXAMPLE.COM
scm_1       | 2019-10-15 00:16:03,310 INFO safemode.SCMSafeModeManager: SCM in safe mode. 1 DataNodes registered, 1 required.
datanode_3  | 2019-10-15 00:16:05,749 INFO server.RaftServerConfigKeys: raft.server.log.corruption.policy = EXCEPTION (default)
om_1        | 2019-10-15 00:16:03,091 INFO server.KerberosAuthenticationHandler: Using keytab /etc/security/keytabs/HTTP.keytab, for principal HTTP/om@EXAMPLE.COM
s3g_1       | 	at org.apache.hadoop.ozone.client.rpc.RpcClient.<init>(RpcClient.java:154)
datanode_2  | 2019-10-15 00:16:05,785 INFO server.RaftServerConfigKeys: raft.server.rpcslowness.timeout = 120s (custom)
datanode_1  | 2019-10-15 00:16:05,767 INFO server.RaftServerConfigKeys: raft.server.rpc.timeout.min = 5s (custom)
kdc_1       | Oct 15 00:15:48 kdc krb5kdc[9](info): AS_REQ (8 etypes {18 17 20 19 16 23 25 26}) 127.0.0.1: SERVER_NOT_FOUND: admin/admin@EXAMPLE.COM for kadmin/localhost@EXAMPLE.COM, Server not found in Kerberos database
scm_1       | 2019-10-15 00:16:03,311 INFO safemode.SCMSafeModeManager: ScmSafeModeManager, all rules are successfully validated
datanode_3  | 2019-10-15 00:16:05,749 INFO storage.RaftStorageDirectory: The storage directory /data/metadata/ratis/7a1ecbbd-2617-4661-b9a4-3a58a93f27fe does not exist. Creating ...
om_1        | 2019-10-15 00:16:03,096 INFO handler.ContextHandler: Started o.e.j.w.WebAppContext@1ad9b8d3{/,file:///tmp/jetty-0.0.0.0-9874-ozoneManager-_-any-246366428423698621.dir/webapp/,AVAILABLE}{/ozoneManager}
s3g_1       | 	at org.apache.hadoop.ozone.client.OzoneClientFactory.getClientProtocol(OzoneClientFactory.java:256)
datanode_2  | 2019-10-15 00:16:05,785 INFO server.RaftServerConfigKeys: raft.server.sleep.deviation.threshold = 300 (default)
datanode_1  | 2019-10-15 00:16:05,767 INFO server.RaftServerConfigKeys: raft.server.rpc.timeout.max = 5200ms (custom)
kdc_1       | Oct 15 00:15:48 kdc krb5kdc[9](info): AS_REQ (8 etypes {18 17 20 19 16 23 25 26}) 127.0.0.1: ISSUE: authtime 1571098548, etypes {rep=18 tkt=18 ses=18}, admin/admin@EXAMPLE.COM for kadmin/admin@EXAMPLE.COM
scm_1       | 2019-10-15 00:16:03,311 INFO safemode.SCMSafeModeManager: SCM exiting safe mode.
datanode_3  | 2019-10-15 00:16:05,761 INFO storage.RaftStorageDirectory: Lock on /data/metadata/ratis/7a1ecbbd-2617-4661-b9a4-3a58a93f27fe/in_use.lock acquired by nodename 7@b3417b76156e
om_1        | 2019-10-15 00:16:03,100 INFO server.AbstractConnector: Started ServerConnector@661d6bb6{HTTP/1.1,[http/1.1]}{0.0.0.0:9874}
s3g_1       | 	at org.apache.hadoop.ozone.client.OzoneClientFactory.getClientProtocol(OzoneClientFactory.java:239)
datanode_2  | 2019-10-15 00:16:05,785 INFO server.RaftServerConfigKeys: raft.server.log.appender.install.snapshot.enabled = false (custom)
kdc_1       | Oct 15 00:15:48 kdc krb5kdc[9](info): AS_REQ (8 etypes {18 17 20 19 16 23 25 26}) 127.0.0.1: SERVER_NOT_FOUND: admin/admin@EXAMPLE.COM for kadmin/localhost@EXAMPLE.COM, Server not found in Kerberos database
datanode_1  | 2019-10-15 00:16:05,767 INFO server.RaftServerConfigKeys: raft.server.rpcslowness.timeout = 120s (custom)
scm_1       | 2019-10-15 00:16:03,364 INFO net.NetworkTopology: Added a new node: /default-rack/7b09454b-89b8-4929-bb55-7547fa77b83a
datanode_3  | 2019-10-15 00:16:05,795 INFO storage.RaftStorage: Storage directory /data/metadata/ratis/7a1ecbbd-2617-4661-b9a4-3a58a93f27fe has been successfully formatted.
om_1        | 2019-10-15 00:16:03,100 INFO server.Server: Started @4008ms
s3g_1       | 	at org.apache.hadoop.ozone.client.OzoneClientFactory.getClient(OzoneClientFactory.java:75)
datanode_2  | 2019-10-15 00:16:05,785 INFO impl.RaftServerImpl: f4853b14-57b6-480e-b5c3-1dbec739121c@group-3A58A93F27FE: ConfigurationManager, init=-1: [7b09454b-89b8-4929-bb55-7547fa77b83a:172.18.0.2:9858, f4853b14-57b6-480e-b5c3-1dbec739121c:172.18.0.6:9858, 24b52fb2-1e29-47d1-b22b-63f4ff5475e1:172.18.0.8:9858], old=null, confs=<EMPTY_MAP>
datanode_1  | 2019-10-15 00:16:05,767 INFO server.RaftServerConfigKeys: raft.server.sleep.deviation.threshold = 300 (default)
scm_1       | 2019-10-15 00:16:03,365 INFO node.SCMNodeManager: Registered Data node : 7b09454b-89b8-4929-bb55-7547fa77b83a{ip: 172.18.0.2, host: ozonesecure_datanode_1.ozonesecure_default, networkLocation: /default-rack, certSerialId: 1762781862982374}
kdc_1       | Oct 15 00:15:48 kdc krb5kdc[9](info): AS_REQ (8 etypes {18 17 20 19 16 23 25 26}) 127.0.0.1: ISSUE: authtime 1571098548, etypes {rep=18 tkt=18 ses=18}, admin/admin@EXAMPLE.COM for kadmin/admin@EXAMPLE.COM
datanode_3  | 2019-10-15 00:16:05,795 [pool-9-thread-1] INFO       - group-3A58A93F27FE: The snapshot info is null. Setting the last applied indexto:(t:0, i:~)
om_1        | 2019-10-15 00:16:03,122 INFO impl.MetricsSinkAdapter: Sink prometheus started
s3g_1       | 	at org.apache.hadoop.ozone.s3.OzoneClientProducer.getClient(OzoneClientProducer.java:114)
datanode_2  | 2019-10-15 00:16:05,785 INFO server.RaftServerConfigKeys: raft.server.storage.dir = [/data/metadata/ratis] (custom)
scm_1       | 2019-10-15 00:16:03,418 INFO net.NetworkTopology: Added a new node: /default-rack/24b52fb2-1e29-47d1-b22b-63f4ff5475e1
datanode_1  | 2019-10-15 00:16:05,767 INFO server.RaftServerConfigKeys: raft.server.log.appender.install.snapshot.enabled = false (custom)
kdc_1       | Oct 15 00:15:48 kdc krb5kdc[9](info): AS_REQ (8 etypes {18 17 20 19 16 23 25 26}) 127.0.0.1: SERVER_NOT_FOUND: admin/admin@EXAMPLE.COM for kadmin/localhost@EXAMPLE.COM, Server not found in Kerberos database
datanode_3  | 2019-10-15 00:16:05,796 INFO server.RaftServerConfigKeys: raft.server.notification.no-leader.timeout = 120s (custom)
om_1        | 2019-10-15 00:16:03,122 INFO impl.MetricsSystemImpl: Registered sink prometheus
s3g_1       | 	at org.apache.hadoop.ozone.s3.OzoneClientProducer.createClient(OzoneClientProducer.java:71)
datanode_2  | 2019-10-15 00:16:05,786 INFO server.RaftServerConfigKeys: raft.server.log.corruption.policy = EXCEPTION (default)
scm_1       | 2019-10-15 00:16:03,418 INFO node.SCMNodeManager: Registered Data node : 24b52fb2-1e29-47d1-b22b-63f4ff5475e1{ip: 172.18.0.8, host: ozonesecure_datanode_3.ozonesecure_default, networkLocation: /default-rack, certSerialId: 1762781862977775}
datanode_1  | 2019-10-15 00:16:05,767 INFO impl.RaftServerImpl: 7b09454b-89b8-4929-bb55-7547fa77b83a@group-3A58A93F27FE: ConfigurationManager, init=-1: [7b09454b-89b8-4929-bb55-7547fa77b83a:172.18.0.2:9858, f4853b14-57b6-480e-b5c3-1dbec739121c:172.18.0.6:9858, 24b52fb2-1e29-47d1-b22b-63f4ff5475e1:172.18.0.8:9858], old=null, confs=<EMPTY_MAP>
kdc_1       | Oct 15 00:15:48 kdc krb5kdc[9](info): AS_REQ (8 etypes {18 17 20 19 16 23 25 26}) 127.0.0.1: ISSUE: authtime 1571098548, etypes {rep=18 tkt=18 ses=18}, admin/admin@EXAMPLE.COM for kadmin/admin@EXAMPLE.COM
om_1        | 2019-10-15 00:16:03,124 INFO server.BaseHttpServer: HTTP server of OZONEMANAGER is listening at http://0.0.0.0:9874
datanode_3  | 2019-10-15 00:16:05,796 INFO server.RaftServerConfigKeys: raft.server.log.use.memory = false (default)
s3g_1       | 	at java.base/jdk.internal.reflect.NativeMethodAccessorImpl.invoke0(Native Method)
datanode_2  | 2019-10-15 00:16:05,786 INFO storage.RaftStorageDirectory: The storage directory /data/metadata/ratis/7a1ecbbd-2617-4661-b9a4-3a58a93f27fe does not exist. Creating ...
datanode_1  | 2019-10-15 00:16:05,768 INFO server.RaftServerConfigKeys: raft.server.storage.dir = [/data/metadata/ratis] (custom)
kdc_1       | Oct 15 00:15:48 kdc krb5kdc[9](info): AS_REQ (8 etypes {18 17 20 19 16 23 25 26}) 127.0.0.1: SERVER_NOT_FOUND: admin/admin@EXAMPLE.COM for kadmin/localhost@EXAMPLE.COM, Server not found in Kerberos database
om_1        | 2019-10-15 00:16:20,292 INFO ipc.Server: Auth successful for HTTP/scm@EXAMPLE.COM (auth:KERBEROS)
datanode_3  | 2019-10-15 00:16:05,796 INFO server.RaftServerConfigKeys: raft.server.log.purge.gap = 1000000 (custom)
scm_1       | 2019-10-15 00:16:04,540 INFO pipeline.PipelineStateManager: Created pipeline Pipeline[ Id: 5d78968b-44dd-40c4-8ffc-d1fba68d22c9, Nodes: f4853b14-57b6-480e-b5c3-1dbec739121c{ip: 172.18.0.6, host: ozonesecure_datanode_2.ozonesecure_default, networkLocation: /default-rack, certSerialId: null}, Type:RATIS, Factor:ONE, State:ALLOCATED]
datanode_2  | 2019-10-15 00:16:05,795 INFO storage.RaftStorageDirectory: Lock on /data/metadata/ratis/7a1ecbbd-2617-4661-b9a4-3a58a93f27fe/in_use.lock acquired by nodename 7@aa410ae8d7e5
s3g_1       | 	at java.base/jdk.internal.reflect.NativeMethodAccessorImpl.invoke(NativeMethodAccessorImpl.java:62)
datanode_1  | 2019-10-15 00:16:05,768 INFO server.RaftServerConfigKeys: raft.server.log.corruption.policy = EXCEPTION (default)
kdc_1       | Oct 15 00:15:48 kdc krb5kdc[9](info): AS_REQ (8 etypes {18 17 20 19 16 23 25 26}) 127.0.0.1: ISSUE: authtime 1571098548, etypes {rep=18 tkt=18 ses=18}, admin/admin@EXAMPLE.COM for kadmin/admin@EXAMPLE.COM
om_1        | 2019-10-15 00:16:20,309 INFO authorize.ServiceAuthorizationManager: Authorization successful for HTTP/scm@EXAMPLE.COM (auth:KERBEROS) for protocol=interface org.apache.hadoop.ozone.om.protocol.OzoneManagerProtocol
datanode_3  | 2019-10-15 00:16:05,797 INFO server.RaftServerConfigKeys: raft.server.log.appender.buffer.byte-limit = 33554432 (custom)
scm_1       | 2019-10-15 00:16:05,073 INFO pipeline.PipelineStateManager: Created pipeline Pipeline[ Id: fbbae8c4-1639-4540-bfd9-0c5d5bfe2fe3, Nodes: 24b52fb2-1e29-47d1-b22b-63f4ff5475e1{ip: 172.18.0.8, host: ozonesecure_datanode_3.ozonesecure_default, networkLocation: /default-rack, certSerialId: null}, Type:RATIS, Factor:ONE, State:ALLOCATED]
datanode_2  | 2019-10-15 00:16:05,809 INFO storage.RaftStorage: Storage directory /data/metadata/ratis/7a1ecbbd-2617-4661-b9a4-3a58a93f27fe has been successfully formatted.
s3g_1       | 	at java.base/jdk.internal.reflect.DelegatingMethodAccessorImpl.invoke(DelegatingMethodAccessorImpl.java:43)
datanode_1  | 2019-10-15 00:16:05,768 INFO storage.RaftStorageDirectory: The storage directory /data/metadata/ratis/7a1ecbbd-2617-4661-b9a4-3a58a93f27fe does not exist. Creating ...
kdc_1       | Oct 15 00:15:48 kdc krb5kdc[9](info): AS_REQ (8 etypes {18 17 20 19 16 23 25 26}) 127.0.0.1: SERVER_NOT_FOUND: admin/admin@EXAMPLE.COM for kadmin/localhost@EXAMPLE.COM, Server not found in Kerberos database
om_1        | 2019-10-15 00:16:21,757 [IPC Server handler 0 on 9862] INFO       - created volume:vol-0-71475 for user:HTTP/scm@EXAMPLE.COM
datanode_3  | 2019-10-15 00:16:05,797 INFO server.RaftServerConfigKeys: raft.server.log.segment.size.max = 1048576 (custom)
datanode_2  | 2019-10-15 00:16:05,810 [pool-9-thread-1] INFO       - group-3A58A93F27FE: The snapshot info is null. Setting the last applied indexto:(t:0, i:~)
s3g_1       | 	at java.base/java.lang.reflect.Method.invoke(Method.java:566)
kdc_1       | Oct 15 00:15:48 kdc krb5kdc[9](info): AS_REQ (8 etypes {18 17 20 19 16 23 25 26}) 127.0.0.1: ISSUE: authtime 1571098548, etypes {rep=18 tkt=18 ses=18}, admin/admin@EXAMPLE.COM for kadmin/admin@EXAMPLE.COM
datanode_1  | 2019-10-15 00:16:05,795 INFO storage.RaftStorageDirectory: Lock on /data/metadata/ratis/7a1ecbbd-2617-4661-b9a4-3a58a93f27fe/in_use.lock acquired by nodename 7@0a80a19b835f
scm_1       | 2019-10-15 00:16:05,676 INFO pipeline.PipelineStateManager: Created pipeline Pipeline[ Id: 5456ca76-820a-4c7d-bbe0-a9d6fad7380c, Nodes: 7b09454b-89b8-4929-bb55-7547fa77b83a{ip: 172.18.0.2, host: ozonesecure_datanode_1.ozonesecure_default, networkLocation: /default-rack, certSerialId: null}, Type:RATIS, Factor:ONE, State:ALLOCATED]
om_1        | 2019-10-15 00:16:21,790 [IPC Server handler 2 on 9862] INFO       - created volume:vol-1-56283 for user:HTTP/scm@EXAMPLE.COM
datanode_3  | 2019-10-15 00:16:05,797 INFO server.RaftServerConfigKeys: raft.server.log.segment.cache.num.max = 2 (custom)
datanode_2  | 2019-10-15 00:16:05,810 INFO server.RaftServerConfigKeys: raft.server.notification.no-leader.timeout = 120s (custom)
s3g_1       | 	at org.jboss.weld.injection.StaticMethodInjectionPoint.invoke(StaticMethodInjectionPoint.java:88)
kdc_1       | Oct 15 00:15:48 kdc krb5kdc[9](info): AS_REQ (8 etypes {18 17 20 19 16 23 25 26}) 127.0.0.1: SERVER_NOT_FOUND: admin/admin@EXAMPLE.COM for kadmin/localhost@EXAMPLE.COM, Server not found in Kerberos database
datanode_1  | 2019-10-15 00:16:05,809 INFO storage.RaftStorage: Storage directory /data/metadata/ratis/7a1ecbbd-2617-4661-b9a4-3a58a93f27fe has been successfully formatted.
om_1        | 2019-10-15 00:16:21,802 [IPC Server handler 1 on 9862] INFO       - created volume:vol-2-39878 for user:HTTP/scm@EXAMPLE.COM
datanode_3  | 2019-10-15 00:16:05,797 INFO segmented.SegmentedRaftLogWorker: new 24b52fb2-1e29-47d1-b22b-63f4ff5475e1@group-3A58A93F27FE-SegmentedRaftLogWorker for RaftStorage:Storage Directory /data/metadata/ratis/7a1ecbbd-2617-4661-b9a4-3a58a93f27fe
datanode_2  | 2019-10-15 00:16:05,811 INFO server.RaftServerConfigKeys: raft.server.log.use.memory = false (default)
s3g_1       | 	at org.jboss.weld.injection.StaticMethodInjectionPoint.invoke(StaticMethodInjectionPoint.java:78)
kdc_1       | Oct 15 00:15:48 kdc krb5kdc[9](info): AS_REQ (8 etypes {18 17 20 19 16 23 25 26}) 127.0.0.1: ISSUE: authtime 1571098548, etypes {rep=18 tkt=18 ses=18}, admin/admin@EXAMPLE.COM for kadmin/admin@EXAMPLE.COM
scm_1       | 2019-10-15 00:16:05,840 INFO pipeline.PipelineStateManager: Created pipeline Pipeline[ Id: 7a1ecbbd-2617-4661-b9a4-3a58a93f27fe, Nodes: f4853b14-57b6-480e-b5c3-1dbec739121c{ip: 172.18.0.6, host: ozonesecure_datanode_2.ozonesecure_default, networkLocation: /default-rack, certSerialId: null}24b52fb2-1e29-47d1-b22b-63f4ff5475e1{ip: 172.18.0.8, host: ozonesecure_datanode_3.ozonesecure_default, networkLocation: /default-rack, certSerialId: null}7b09454b-89b8-4929-bb55-7547fa77b83a{ip: 172.18.0.2, host: ozonesecure_datanode_1.ozonesecure_default, networkLocation: /default-rack, certSerialId: null}, Type:RATIS, Factor:THREE, State:ALLOCATED]
om_1        | 2019-10-15 00:16:21,813 [IPC Server handler 5 on 9862] INFO       - created volume:vol-3-58644 for user:HTTP/scm@EXAMPLE.COM
datanode_3  | 2019-10-15 00:16:05,797 INFO server.RaftServerConfigKeys: raft.server.log.queue.byte-limit = 2147483647 (custom)
datanode_1  | 2019-10-15 00:16:05,810 [pool-9-thread-1] INFO       - group-3A58A93F27FE: The snapshot info is null. Setting the last applied indexto:(t:0, i:~)
datanode_2  | 2019-10-15 00:16:05,811 INFO server.RaftServerConfigKeys: raft.server.log.purge.gap = 1000000 (custom)
s3g_1       | 	at org.jboss.weld.injection.producer.ProducerMethodProducer.produce(ProducerMethodProducer.java:100)
kdc_1       | Oct 15 00:15:48 kdc krb5kdc[9](info): AS_REQ (8 etypes {18 17 20 19 16 23 25 26}) 127.0.0.1: SERVER_NOT_FOUND: admin/admin@EXAMPLE.COM for kadmin/localhost@EXAMPLE.COM, Server not found in Kerberos database
scm_1       | 2019-10-15 00:16:09,634 INFO pipeline.PipelineReportHandler: Pipeline PipelineID=7a1ecbbd-2617-4661-b9a4-3a58a93f27fe reported by f4853b14-57b6-480e-b5c3-1dbec739121c{ip: 172.18.0.6, host: ozonesecure_datanode_2.ozonesecure_default, networkLocation: /default-rack, certSerialId: 1762781901134666} with leaderId 
om_1        | 2019-10-15 00:16:21,824 [IPC Server handler 7 on 9862] INFO       - created volume:vol-4-71150 for user:HTTP/scm@EXAMPLE.COM
datanode_3  | 2019-10-15 00:16:05,797 INFO server.RaftServerConfigKeys: raft.server.log.queue.element-limit = 1024 (custom)
datanode_1  | 2019-10-15 00:16:05,810 INFO server.RaftServerConfigKeys: raft.server.notification.no-leader.timeout = 120s (custom)
datanode_2  | 2019-10-15 00:16:05,811 INFO server.RaftServerConfigKeys: raft.server.log.appender.buffer.byte-limit = 33554432 (custom)
s3g_1       | 	at org.jboss.weld.injection.producer.AbstractMemberProducer.produce(AbstractMemberProducer.java:161)
kdc_1       | Oct 15 00:15:48 kdc krb5kdc[9](info): AS_REQ (8 etypes {18 17 20 19 16 23 25 26}) 127.0.0.1: ISSUE: authtime 1571098548, etypes {rep=18 tkt=18 ses=18}, admin/admin@EXAMPLE.COM for kadmin/admin@EXAMPLE.COM
scm_1       | 2019-10-15 00:16:09,635 INFO pipeline.PipelineReportHandler: Pipeline PipelineID=5d78968b-44dd-40c4-8ffc-d1fba68d22c9 reported by f4853b14-57b6-480e-b5c3-1dbec739121c{ip: 172.18.0.6, host: ozonesecure_datanode_2.ozonesecure_default, networkLocation: /default-rack, certSerialId: 1762781901134666} with leaderId f4853b14-57b6-480e-b5c3-1dbec739121c
om_1        | 2019-10-15 00:16:34,282 INFO ipc.Server: Auth successful for testuser/scm@EXAMPLE.COM (auth:KERBEROS)
datanode_1  | 2019-10-15 00:16:05,811 INFO server.RaftServerConfigKeys: raft.server.log.use.memory = false (default)
datanode_3  | 2019-10-15 00:16:05,798 INFO server.RaftServerConfigKeys: raft.server.log.segment.size.max = 1048576 (custom)
datanode_2  | 2019-10-15 00:16:05,812 INFO server.RaftServerConfigKeys: raft.server.log.segment.size.max = 1048576 (custom)
s3g_1       | 	at org.jboss.weld.bean.AbstractProducerBean.create(AbstractProducerBean.java:180)
kdc_1       | Oct 15 00:15:48 kdc krb5kdc[9](info): AS_REQ (8 etypes {18 17 20 19 16 23 25 26}) 127.0.0.1: SERVER_NOT_FOUND: admin/admin@EXAMPLE.COM for kadmin/localhost@EXAMPLE.COM, Server not found in Kerberos database
om_1        | 2019-10-15 00:16:34,295 INFO authorize.ServiceAuthorizationManager: Authorization successful for testuser/scm@EXAMPLE.COM (auth:KERBEROS) for protocol=interface org.apache.hadoop.ozone.om.protocol.OzoneManagerProtocol
datanode_1  | 2019-10-15 00:16:05,811 INFO server.RaftServerConfigKeys: raft.server.log.purge.gap = 1000000 (custom)
scm_1       | 2019-10-15 00:16:09,636 INFO pipeline.PipelineStateManager: Pipeline Pipeline[ Id: 5d78968b-44dd-40c4-8ffc-d1fba68d22c9, Nodes: f4853b14-57b6-480e-b5c3-1dbec739121c{ip: 172.18.0.6, host: ozonesecure_datanode_2.ozonesecure_default, networkLocation: /default-rack, certSerialId: null}, Type:RATIS, Factor:ONE, State:OPEN] moved to OPEN state
datanode_3  | 2019-10-15 00:16:05,798 INFO server.RaftServerConfigKeys: raft.server.log.preallocated.size = 16384 (custom)
datanode_2  | 2019-10-15 00:16:05,812 INFO server.RaftServerConfigKeys: raft.server.log.segment.cache.num.max = 2 (custom)
s3g_1       | 	at org.jboss.weld.context.unbound.DependentContextImpl.get(DependentContextImpl.java:70)
kdc_1       | Oct 15 00:15:48 kdc krb5kdc[9](info): AS_REQ (8 etypes {18 17 20 19 16 23 25 26}) 127.0.0.1: ISSUE: authtime 1571098548, etypes {rep=18 tkt=18 ses=18}, admin/admin@EXAMPLE.COM for kadmin/admin@EXAMPLE.COM
om_1        | 2019-10-15 00:16:35,110 [IPC Server handler 13 on 9862] INFO       - created volume:28811-rpcwoport for user:testuser/scm@EXAMPLE.COM
datanode_1  | 2019-10-15 00:16:05,811 INFO server.RaftServerConfigKeys: raft.server.log.appender.buffer.byte-limit = 33554432 (custom)
scm_1       | 2019-10-15 00:16:10,172 INFO pipeline.PipelineReportHandler: Pipeline PipelineID=7a1ecbbd-2617-4661-b9a4-3a58a93f27fe reported by 24b52fb2-1e29-47d1-b22b-63f4ff5475e1{ip: 172.18.0.8, host: ozonesecure_datanode_3.ozonesecure_default, networkLocation: /default-rack, certSerialId: 1762781862977775} with leaderId 
datanode_3  | 2019-10-15 00:16:05,798 INFO server.RaftServerConfigKeys: raft.server.log.write.buffer.size = 33554432 (custom)
datanode_2  | 2019-10-15 00:16:05,812 INFO segmented.SegmentedRaftLogWorker: new f4853b14-57b6-480e-b5c3-1dbec739121c@group-3A58A93F27FE-SegmentedRaftLogWorker for RaftStorage:Storage Directory /data/metadata/ratis/7a1ecbbd-2617-4661-b9a4-3a58a93f27fe
s3g_1       | 	at org.jboss.weld.bean.ContextualInstanceStrategy$DefaultContextualInstanceStrategy.get(ContextualInstanceStrategy.java:100)
kdc_1       | Oct 15 00:15:48 kdc krb5kdc[9](info): AS_REQ (8 etypes {18 17 20 19 16 23 25 26}) 127.0.0.1: SERVER_NOT_FOUND: admin/admin@EXAMPLE.COM for kadmin/localhost@EXAMPLE.COM, Server not found in Kerberos database
datanode_1  | 2019-10-15 00:16:05,811 INFO server.RaftServerConfigKeys: raft.server.log.segment.size.max = 1048576 (custom)
scm_1       | 2019-10-15 00:16:10,173 INFO pipeline.PipelineReportHandler: Pipeline PipelineID=fbbae8c4-1639-4540-bfd9-0c5d5bfe2fe3 reported by 24b52fb2-1e29-47d1-b22b-63f4ff5475e1{ip: 172.18.0.8, host: ozonesecure_datanode_3.ozonesecure_default, networkLocation: /default-rack, certSerialId: 1762781862977775} with leaderId 24b52fb2-1e29-47d1-b22b-63f4ff5475e1
datanode_3  | 2019-10-15 00:16:05,798 INFO server.RaftServerConfigKeys: raft.server.log.force.sync.num = 128 (default)
datanode_2  | 2019-10-15 00:16:05,812 INFO server.RaftServerConfigKeys: raft.server.log.queue.byte-limit = 2147483647 (custom)
om_1        | 2019-10-15 00:16:37,382 INFO ipc.Server: Auth successful for testuser/scm@EXAMPLE.COM (auth:KERBEROS)
s3g_1       | 	at org.jboss.weld.bean.ContextualInstance.get(ContextualInstance.java:50)
kdc_1       | Oct 15 00:15:48 kdc krb5kdc[9](info): AS_REQ (8 etypes {18 17 20 19 16 23 25 26}) 127.0.0.1: ISSUE: authtime 1571098548, etypes {rep=18 tkt=18 ses=18}, admin/admin@EXAMPLE.COM for kadmin/admin@EXAMPLE.COM
datanode_1  | 2019-10-15 00:16:05,812 INFO server.RaftServerConfigKeys: raft.server.log.segment.cache.num.max = 2 (custom)
scm_1       | 2019-10-15 00:16:10,173 INFO pipeline.PipelineStateManager: Pipeline Pipeline[ Id: fbbae8c4-1639-4540-bfd9-0c5d5bfe2fe3, Nodes: 24b52fb2-1e29-47d1-b22b-63f4ff5475e1{ip: 172.18.0.8, host: ozonesecure_datanode_3.ozonesecure_default, networkLocation: /default-rack, certSerialId: null}, Type:RATIS, Factor:ONE, State:OPEN] moved to OPEN state
datanode_3  | 2019-10-15 00:16:05,798 INFO server.RaftServerConfigKeys: raft.server.log.statemachine.data.sync = true (default)
datanode_2  | 2019-10-15 00:16:05,812 INFO server.RaftServerConfigKeys: raft.server.log.queue.element-limit = 1024 (custom)
om_1        | 2019-10-15 00:16:37,397 INFO authorize.ServiceAuthorizationManager: Authorization successful for testuser/scm@EXAMPLE.COM (auth:KERBEROS) for protocol=interface org.apache.hadoop.ozone.om.protocol.OzoneManagerProtocol
s3g_1       | 	at org.jboss.weld.manager.BeanManagerImpl.getReference(BeanManagerImpl.java:785)
kdc_1       | Oct 15 00:15:48 kdc krb5kdc[9](info): AS_REQ (8 etypes {18 17 20 19 16 23 25 26}) 127.0.0.1: SERVER_NOT_FOUND: admin/admin@EXAMPLE.COM for kadmin/localhost@EXAMPLE.COM, Server not found in Kerberos database
datanode_1  | 2019-10-15 00:16:05,812 INFO segmented.SegmentedRaftLogWorker: new 7b09454b-89b8-4929-bb55-7547fa77b83a@group-3A58A93F27FE-SegmentedRaftLogWorker for RaftStorage:Storage Directory /data/metadata/ratis/7a1ecbbd-2617-4661-b9a4-3a58a93f27fe
scm_1       | 2019-10-15 00:16:10,813 INFO pipeline.PipelineReportHandler: Pipeline PipelineID=7a1ecbbd-2617-4661-b9a4-3a58a93f27fe reported by 7b09454b-89b8-4929-bb55-7547fa77b83a{ip: 172.18.0.2, host: ozonesecure_datanode_1.ozonesecure_default, networkLocation: /default-rack, certSerialId: 1762781862982374} with leaderId 
datanode_3  | 2019-10-15 00:16:05,798 INFO server.RaftServerConfigKeys: raft.server.log.statemachine.data.sync.timeout = 10s (default)
datanode_2  | 2019-10-15 00:16:05,813 INFO server.RaftServerConfigKeys: raft.server.log.segment.size.max = 1048576 (custom)
om_1        | 2019-10-15 00:16:40,202 INFO ipc.Server: Auth successful for testuser/scm@EXAMPLE.COM (auth:KERBEROS)
s3g_1       | 	at org.jboss.weld.manager.BeanManagerImpl.getInjectableReference(BeanManagerImpl.java:885)
kdc_1       | Oct 15 00:15:48 kdc krb5kdc[9](info): AS_REQ (8 etypes {18 17 20 19 16 23 25 26}) 127.0.0.1: ISSUE: authtime 1571098548, etypes {rep=18 tkt=18 ses=18}, admin/admin@EXAMPLE.COM for kadmin/admin@EXAMPLE.COM
datanode_1  | 2019-10-15 00:16:05,812 INFO server.RaftServerConfigKeys: raft.server.log.queue.byte-limit = 2147483647 (custom)
scm_1       | 2019-10-15 00:16:10,813 INFO pipeline.PipelineStateManager: Pipeline Pipeline[ Id: 7a1ecbbd-2617-4661-b9a4-3a58a93f27fe, Nodes: f4853b14-57b6-480e-b5c3-1dbec739121c{ip: 172.18.0.6, host: ozonesecure_datanode_2.ozonesecure_default, networkLocation: /default-rack, certSerialId: null}24b52fb2-1e29-47d1-b22b-63f4ff5475e1{ip: 172.18.0.8, host: ozonesecure_datanode_3.ozonesecure_default, networkLocation: /default-rack, certSerialId: null}7b09454b-89b8-4929-bb55-7547fa77b83a{ip: 172.18.0.2, host: ozonesecure_datanode_1.ozonesecure_default, networkLocation: /default-rack, certSerialId: null}, Type:RATIS, Factor:THREE, State:OPEN] moved to OPEN state
datanode_3  | 2019-10-15 00:16:05,798 INFO server.RaftServerConfigKeys: raft.server.log.statemachine.data.sync.timeout.retry = -1 (default)
datanode_2  | 2019-10-15 00:16:05,813 INFO server.RaftServerConfigKeys: raft.server.log.preallocated.size = 16384 (custom)
om_1        | 2019-10-15 00:16:40,215 INFO authorize.ServiceAuthorizationManager: Authorization successful for testuser/scm@EXAMPLE.COM (auth:KERBEROS) for protocol=interface org.apache.hadoop.ozone.om.protocol.OzoneManagerProtocol
s3g_1       | 	at org.jboss.weld.injection.FieldInjectionPoint.inject(FieldInjectionPoint.java:92)
kdc_1       | Oct 15 00:15:48 kdc krb5kdc[9](info): AS_REQ (8 etypes {18 17 20 19 16 23 25 26}) 127.0.0.1: SERVER_NOT_FOUND: admin/admin@EXAMPLE.COM for kadmin/localhost@EXAMPLE.COM, Server not found in Kerberos database
datanode_1  | 2019-10-15 00:16:05,812 INFO server.RaftServerConfigKeys: raft.server.log.queue.element-limit = 1024 (custom)
datanode_3  | 2019-10-15 00:16:05,799 INFO server.RaftServerConfigKeys: raft.server.log.statemachine.data.caching.enabled = true (custom)
scm_1       | 2019-10-15 00:16:10,813 INFO pipeline.PipelineReportHandler: Pipeline PipelineID=5456ca76-820a-4c7d-bbe0-a9d6fad7380c reported by 7b09454b-89b8-4929-bb55-7547fa77b83a{ip: 172.18.0.2, host: ozonesecure_datanode_1.ozonesecure_default, networkLocation: /default-rack, certSerialId: 1762781862982374} with leaderId 7b09454b-89b8-4929-bb55-7547fa77b83a
datanode_2  | 2019-10-15 00:16:05,813 INFO server.RaftServerConfigKeys: raft.server.log.write.buffer.size = 33554432 (custom)
om_1        | 2019-10-15 00:16:43,089 INFO ipc.Server: Auth successful for testuser/scm@EXAMPLE.COM (auth:KERBEROS)
s3g_1       | 	at org.jboss.weld.util.Beans.injectBoundFields(Beans.java:358)
kdc_1       | Oct 15 00:15:48 kdc krb5kdc[9](info): AS_REQ (8 etypes {18 17 20 19 16 23 25 26}) 127.0.0.1: ISSUE: authtime 1571098548, etypes {rep=18 tkt=18 ses=18}, admin/admin@EXAMPLE.COM for kadmin/admin@EXAMPLE.COM
datanode_1  | 2019-10-15 00:16:05,812 INFO server.RaftServerConfigKeys: raft.server.log.segment.size.max = 1048576 (custom)
datanode_3  | 2019-10-15 00:16:05,799 INFO segmented.SegmentedRaftLogWorker: 24b52fb2-1e29-47d1-b22b-63f4ff5475e1@group-3A58A93F27FE-SegmentedRaftLogWorker: flushIndex: setUnconditionally 0 -> -1
scm_1       | 2019-10-15 00:16:10,814 INFO pipeline.PipelineStateManager: Pipeline Pipeline[ Id: 5456ca76-820a-4c7d-bbe0-a9d6fad7380c, Nodes: 7b09454b-89b8-4929-bb55-7547fa77b83a{ip: 172.18.0.2, host: ozonesecure_datanode_1.ozonesecure_default, networkLocation: /default-rack, certSerialId: null}, Type:RATIS, Factor:ONE, State:OPEN] moved to OPEN state
datanode_2  | 2019-10-15 00:16:05,813 INFO server.RaftServerConfigKeys: raft.server.log.force.sync.num = 128 (default)
om_1        | 2019-10-15 00:16:43,101 INFO authorize.ServiceAuthorizationManager: Authorization successful for testuser/scm@EXAMPLE.COM (auth:KERBEROS) for protocol=interface org.apache.hadoop.ozone.om.protocol.OzoneManagerProtocol
s3g_1       | 	at org.jboss.weld.util.Beans.injectFieldsAndInitializers(Beans.java:369)
kdc_1       | Oct 15 00:15:49 kdc krb5kdc[9](info): AS_REQ (8 etypes {18 17 20 19 16 23 25 26}) 127.0.0.1: SERVER_NOT_FOUND: admin/admin@EXAMPLE.COM for kadmin/localhost@EXAMPLE.COM, Server not found in Kerberos database
datanode_1  | 2019-10-15 00:16:05,812 INFO server.RaftServerConfigKeys: raft.server.log.preallocated.size = 16384 (custom)
datanode_3  | 2019-10-15 00:16:05,800 INFO server.RaftServerConfigKeys: raft.server.snapshot.auto.trigger.enabled = true (custom)
scm_1       | 2019-10-15 00:16:20,773 INFO ipc.Server: Auth successful for om/om@EXAMPLE.COM (auth:KERBEROS)
datanode_2  | 2019-10-15 00:16:05,813 INFO server.RaftServerConfigKeys: raft.server.log.statemachine.data.sync = true (default)
om_1        | 2019-10-15 00:16:45,909 INFO ipc.Server: Auth successful for testuser/scm@EXAMPLE.COM (auth:KERBEROS)
s3g_1       | 	at org.jboss.weld.injection.producer.ResourceInjector$1.proceed(ResourceInjector.java:70)
kdc_1       | Oct 15 00:15:49 kdc krb5kdc[9](info): AS_REQ (8 etypes {18 17 20 19 16 23 25 26}) 127.0.0.1: ISSUE: authtime 1571098549, etypes {rep=18 tkt=18 ses=18}, admin/admin@EXAMPLE.COM for kadmin/admin@EXAMPLE.COM
datanode_1  | 2019-10-15 00:16:05,812 INFO server.RaftServerConfigKeys: raft.server.log.write.buffer.size = 33554432 (custom)
datanode_3  | 2019-10-15 00:16:05,800 INFO server.RaftServerConfigKeys: raft.server.snapshot.auto.trigger.threshold = 10000 (custom)
scm_1       | 2019-10-15 00:16:20,779 INFO authorize.ServiceAuthorizationManager: Authorization successful for om/om@EXAMPLE.COM (auth:KERBEROS) for protocol=interface org.apache.hadoop.hdds.scm.protocol.StorageContainerLocationProtocol
datanode_2  | 2019-10-15 00:16:05,813 INFO server.RaftServerConfigKeys: raft.server.log.statemachine.data.sync.timeout = 10s (default)
om_1        | 2019-10-15 00:16:45,922 INFO authorize.ServiceAuthorizationManager: Authorization successful for testuser/scm@EXAMPLE.COM (auth:KERBEROS) for protocol=interface org.apache.hadoop.ozone.om.protocol.OzoneManagerProtocol
s3g_1       | 	at org.jboss.weld.injection.InjectionContextImpl.run(InjectionContextImpl.java:48)
kdc_1       | Oct 15 00:15:49 kdc krb5kdc[9](info): AS_REQ (8 etypes {18 17 20 19 16 23 25 26}) 127.0.0.1: SERVER_NOT_FOUND: admin/admin@EXAMPLE.COM for kadmin/localhost@EXAMPLE.COM, Server not found in Kerberos database
datanode_3  | 2019-10-15 00:16:05,800 INFO server.RaftServerConfigKeys: raft.server.snapshot.retention.file.num = 5 (custom)
datanode_1  | 2019-10-15 00:16:05,812 INFO server.RaftServerConfigKeys: raft.server.log.force.sync.num = 128 (default)
scm_1       | 2019-10-15 00:16:21,392 INFO ipc.Server: Auth successful for dn/b3417b76156e@EXAMPLE.COM (auth:KERBEROS)
om_1        | 2019-10-15 00:16:48,745 INFO ipc.Server: Auth successful for testuser/scm@EXAMPLE.COM (auth:KERBEROS)
kdc_1       | Oct 15 00:15:49 kdc krb5kdc[9](info): AS_REQ (8 etypes {18 17 20 19 16 23 25 26}) 127.0.0.1: ISSUE: authtime 1571098549, etypes {rep=18 tkt=18 ses=18}, admin/admin@EXAMPLE.COM for kadmin/admin@EXAMPLE.COM
s3g_1       | 	at org.jboss.weld.injection.producer.ResourceInjector.inject(ResourceInjector.java:72)
datanode_2  | 2019-10-15 00:16:05,814 INFO server.RaftServerConfigKeys: raft.server.log.statemachine.data.sync.timeout.retry = -1 (default)
datanode_3  | 2019-10-15 00:16:05,800 INFO server.RaftServerConfigKeys: raft.server.retrycache.expirytime = 600000ms (custom)
datanode_1  | 2019-10-15 00:16:05,813 INFO server.RaftServerConfigKeys: raft.server.log.statemachine.data.sync = true (default)
scm_1       | 2019-10-15 00:16:21,426 INFO authorize.ServiceAuthorizationManager: Authorization successful for dn/b3417b76156e@EXAMPLE.COM (auth:KERBEROS) for protocol=interface org.apache.hadoop.ozone.protocol.StorageContainerDatanodeProtocol
om_1        | 2019-10-15 00:16:48,758 INFO authorize.ServiceAuthorizationManager: Authorization successful for testuser/scm@EXAMPLE.COM (auth:KERBEROS) for protocol=interface org.apache.hadoop.ozone.om.protocol.OzoneManagerProtocol
kdc_1       | WARNING: no policy specified for HTTP/scm@EXAMPLE.COM; defaulting to no policy
s3g_1       | 	at org.jboss.weld.injection.producer.BasicInjectionTarget.inject(BasicInjectionTarget.java:117)
datanode_2  | 2019-10-15 00:16:05,814 INFO server.RaftServerConfigKeys: raft.server.log.statemachine.data.caching.enabled = true (custom)
datanode_3  | 2019-10-15 00:16:05,806 INFO impl.RaftServerImpl: 24b52fb2-1e29-47d1-b22b-63f4ff5475e1@group-3A58A93F27FE: start as a follower, conf=-1: [7b09454b-89b8-4929-bb55-7547fa77b83a:172.18.0.2:9858, f4853b14-57b6-480e-b5c3-1dbec739121c:172.18.0.6:9858, 24b52fb2-1e29-47d1-b22b-63f4ff5475e1:172.18.0.8:9858], old=null
datanode_1  | 2019-10-15 00:16:05,813 INFO server.RaftServerConfigKeys: raft.server.log.statemachine.data.sync.timeout = 10s (default)
scm_1       | 2019-10-15 00:16:21,475 INFO ipc.Server: Auth successful for dn/aa410ae8d7e5@EXAMPLE.COM (auth:KERBEROS)
om_1        | 2019-10-15 00:16:51,583 INFO ipc.Server: Auth successful for testuser/scm@EXAMPLE.COM (auth:KERBEROS)
kdc_1       | Principal "HTTP/scm@EXAMPLE.COM" created.
s3g_1       | 	at org.glassfish.jersey.ext.cdi1x.internal.CdiComponentProvider$InjectionManagerInjectedCdiTarget.inject(CdiComponentProvider.java:873)
datanode_2  | 2019-10-15 00:16:05,814 INFO segmented.SegmentedRaftLogWorker: f4853b14-57b6-480e-b5c3-1dbec739121c@group-3A58A93F27FE-SegmentedRaftLogWorker: flushIndex: setUnconditionally 0 -> -1
datanode_3  | 2019-10-15 00:16:05,806 INFO impl.RaftServerImpl: 24b52fb2-1e29-47d1-b22b-63f4ff5475e1@group-3A58A93F27FE: changes role from      null to FOLLOWER at term 0 for startAsFollower
datanode_1  | 2019-10-15 00:16:05,813 INFO server.RaftServerConfigKeys: raft.server.log.statemachine.data.sync.timeout.retry = -1 (default)
scm_1       | 2019-10-15 00:16:21,481 INFO authorize.ServiceAuthorizationManager: Authorization successful for dn/aa410ae8d7e5@EXAMPLE.COM (auth:KERBEROS) for protocol=interface org.apache.hadoop.ozone.protocol.StorageContainerDatanodeProtocol
om_1        | 2019-10-15 00:16:51,597 INFO authorize.ServiceAuthorizationManager: Authorization successful for testuser/scm@EXAMPLE.COM (auth:KERBEROS) for protocol=interface org.apache.hadoop.ozone.om.protocol.OzoneManagerProtocol
kdc_1       | Authenticating as principal admin/admin with keytab /tmp/admin.keytab.
s3g_1       | 	at org.jboss.weld.bean.ManagedBean.create(ManagedBean.java:159)
datanode_2  | 2019-10-15 00:16:05,815 INFO server.RaftServerConfigKeys: raft.server.snapshot.auto.trigger.enabled = true (custom)
datanode_3  | 2019-10-15 00:16:05,806 INFO impl.RoleInfo: 24b52fb2-1e29-47d1-b22b-63f4ff5475e1: start FollowerState
datanode_1  | 2019-10-15 00:16:05,813 INFO server.RaftServerConfigKeys: raft.server.log.statemachine.data.caching.enabled = true (custom)
scm_1       | 2019-10-15 00:16:21,485 INFO ipc.Server: Auth successful for dn/0a80a19b835f@EXAMPLE.COM (auth:KERBEROS)
om_1        | 2019-10-15 00:16:54,427 INFO ipc.Server: Auth successful for testuser/scm@EXAMPLE.COM (auth:KERBEROS)
s3g_1       | 	at org.jboss.weld.context.unbound.DependentContextImpl.get(DependentContextImpl.java:70)
kdc_1       | Entry for principal HTTP/scm@EXAMPLE.COM with kvno 2, encryption type aes256-cts-hmac-sha1-96 added to keytab WRFILE:/data/HTTP.scm.keytab.
datanode_2  | 2019-10-15 00:16:05,815 INFO server.RaftServerConfigKeys: raft.server.snapshot.auto.trigger.threshold = 10000 (custom)
datanode_3  | 2019-10-15 00:16:05,807 INFO util.JmxRegister: Successfully registered JMX Bean with object name Ratis:service=RaftServer,group=group-3A58A93F27FE,id=24b52fb2-1e29-47d1-b22b-63f4ff5475e1
datanode_1  | 2019-10-15 00:16:05,813 INFO segmented.SegmentedRaftLogWorker: 7b09454b-89b8-4929-bb55-7547fa77b83a@group-3A58A93F27FE-SegmentedRaftLogWorker: flushIndex: setUnconditionally 0 -> -1
scm_1       | 2019-10-15 00:16:21,490 INFO authorize.ServiceAuthorizationManager: Authorization successful for dn/0a80a19b835f@EXAMPLE.COM (auth:KERBEROS) for protocol=interface org.apache.hadoop.ozone.protocol.StorageContainerDatanodeProtocol
om_1        | 2019-10-15 00:16:54,437 INFO authorize.ServiceAuthorizationManager: Authorization successful for testuser/scm@EXAMPLE.COM (auth:KERBEROS) for protocol=interface org.apache.hadoop.ozone.om.protocol.OzoneManagerProtocol
s3g_1       | 	at org.jboss.weld.bean.ContextualInstanceStrategy$DefaultContextualInstanceStrategy.get(ContextualInstanceStrategy.java:100)
kdc_1       | Entry for principal HTTP/scm@EXAMPLE.COM with kvno 2, encryption type aes128-cts-hmac-sha1-96 added to keytab WRFILE:/data/HTTP.scm.keytab.
datanode_2  | 2019-10-15 00:16:05,815 INFO server.RaftServerConfigKeys: raft.server.snapshot.retention.file.num = 5 (custom)
datanode_3  | 2019-10-15 00:16:10,121 INFO impl.FollowerState: 24b52fb2-1e29-47d1-b22b-63f4ff5475e1@group-0C5D5BFE2FE3-FollowerState: change to CANDIDATE, lastRpcTime:5138ms, electionTimeout:5137ms
scm_1       | 2019-10-15 00:16:22,196 INFO ipc.Server: Auth successful for om/om@EXAMPLE.COM (auth:KERBEROS)
datanode_1  | 2019-10-15 00:16:05,814 INFO server.RaftServerConfigKeys: raft.server.snapshot.auto.trigger.enabled = true (custom)
om_1        | 2019-10-15 00:16:57,338 INFO ipc.Server: Auth successful for testuser/scm@EXAMPLE.COM (auth:KERBEROS)
s3g_1       | 	at org.jboss.weld.bean.ContextualInstance.get(ContextualInstance.java:50)
kdc_1       | Generiting keytab
datanode_2  | 2019-10-15 00:16:05,816 INFO server.RaftServerConfigKeys: raft.server.retrycache.expirytime = 600000ms (custom)
datanode_3  | 2019-10-15 00:16:10,124 INFO impl.RoleInfo: 24b52fb2-1e29-47d1-b22b-63f4ff5475e1: shutdown FollowerState
scm_1       | 2019-10-15 00:16:22,200 INFO authorize.ServiceAuthorizationManager: Authorization successful for om/om@EXAMPLE.COM (auth:KERBEROS) for protocol=interface org.apache.hadoop.hdds.scm.protocol.ScmBlockLocationProtocol
datanode_1  | 2019-10-15 00:16:05,814 INFO server.RaftServerConfigKeys: raft.server.snapshot.auto.trigger.threshold = 10000 (custom)
om_1        | 2019-10-15 00:16:57,350 INFO authorize.ServiceAuthorizationManager: Authorization successful for testuser/scm@EXAMPLE.COM (auth:KERBEROS) for protocol=interface org.apache.hadoop.ozone.om.protocol.OzoneManagerProtocol
s3g_1       | 	at org.jboss.weld.manager.BeanManagerImpl.getReference(BeanManagerImpl.java:785)
kdc_1       | Authenticating as principal admin/admin with keytab /tmp/admin.keytab.
datanode_2  | 2019-10-15 00:16:05,825 INFO impl.RaftServerImpl: f4853b14-57b6-480e-b5c3-1dbec739121c@group-3A58A93F27FE: start as a follower, conf=-1: [7b09454b-89b8-4929-bb55-7547fa77b83a:172.18.0.2:9858, f4853b14-57b6-480e-b5c3-1dbec739121c:172.18.0.6:9858, 24b52fb2-1e29-47d1-b22b-63f4ff5475e1:172.18.0.8:9858], old=null
datanode_3  | 2019-10-15 00:16:10,124 INFO impl.RaftServerImpl: 24b52fb2-1e29-47d1-b22b-63f4ff5475e1@group-0C5D5BFE2FE3: changes role from  FOLLOWER to CANDIDATE at term 0 for changeToCandidate
scm_1       | 2019-10-15 00:16:22,209 INFO pipeline.PipelineStateManager: Created pipeline Pipeline[ Id: 26935413-0664-4d21-84ca-f75baeb3d453, Nodes: 24b52fb2-1e29-47d1-b22b-63f4ff5475e1{ip: 172.18.0.8, host: ozonesecure_datanode_3.ozonesecure_default, networkLocation: /default-rack, certSerialId: null}, Type:STAND_ALONE, Factor:ONE, State:OPEN]
datanode_1  | 2019-10-15 00:16:05,815 INFO server.RaftServerConfigKeys: raft.server.snapshot.retention.file.num = 5 (custom)
om_1        | 2019-10-15 00:17:02,619 INFO ipc.Server: Auth successful for testuser/scm@EXAMPLE.COM (auth:KERBEROS)
s3g_1       | 	at org.jboss.weld.manager.BeanManagerImpl.getReference(BeanManagerImpl.java:808)
kdc_1       | WARNING: no policy specified for scm/s3g@EXAMPLE.COM; defaulting to no policy
datanode_2  | 2019-10-15 00:16:05,825 INFO impl.RaftServerImpl: f4853b14-57b6-480e-b5c3-1dbec739121c@group-3A58A93F27FE: changes role from      null to FOLLOWER at term 0 for startAsFollower
datanode_3  | 2019-10-15 00:16:10,129 INFO impl.RoleInfo: 24b52fb2-1e29-47d1-b22b-63f4ff5475e1: start LeaderElection
s3g_1       | 	at org.jboss.weld.util.ForwardingBeanManager.getReference(ForwardingBeanManager.java:61)
datanode_1  | 2019-10-15 00:16:05,815 INFO server.RaftServerConfigKeys: raft.server.retrycache.expirytime = 600000ms (custom)
om_1        | 2019-10-15 00:17:02,635 INFO authorize.ServiceAuthorizationManager: Authorization successful for testuser/scm@EXAMPLE.COM (auth:KERBEROS) for protocol=interface org.apache.hadoop.ozone.om.protocol.OzoneManagerProtocol
kdc_1       | Principal "scm/s3g@EXAMPLE.COM" created.
datanode_2  | 2019-10-15 00:16:05,825 INFO impl.RoleInfo: f4853b14-57b6-480e-b5c3-1dbec739121c: start FollowerState
scm_1       | 2019-10-15 00:16:23,305 INFO ipc.Server: Auth successful for dn/b3417b76156e@EXAMPLE.COM (auth:KERBEROS)
datanode_3  | 2019-10-15 00:16:10,156 INFO impl.LeaderElection: 24b52fb2-1e29-47d1-b22b-63f4ff5475e1@group-0C5D5BFE2FE3-LeaderElection1: begin an election at term 1 for -1: [24b52fb2-1e29-47d1-b22b-63f4ff5475e1:172.18.0.8:9858], old=null
datanode_1  | 2019-10-15 00:16:05,822 INFO impl.RaftServerImpl: 7b09454b-89b8-4929-bb55-7547fa77b83a@group-3A58A93F27FE: start as a follower, conf=-1: [7b09454b-89b8-4929-bb55-7547fa77b83a:172.18.0.2:9858, f4853b14-57b6-480e-b5c3-1dbec739121c:172.18.0.6:9858, 24b52fb2-1e29-47d1-b22b-63f4ff5475e1:172.18.0.8:9858], old=null
om_1        | 2019-10-15 00:17:07,022 INFO ipc.Server: Auth successful for testuser/scm@EXAMPLE.COM (auth:KERBEROS)
s3g_1       | 	at org.jboss.weld.bean.builtin.BeanManagerProxy.getReference(BeanManagerProxy.java:85)
kdc_1       | Authenticating as principal admin/admin with keytab /tmp/admin.keytab.
datanode_2  | 2019-10-15 00:16:05,826 INFO util.JmxRegister: Successfully registered JMX Bean with object name Ratis:service=RaftServer,group=group-3A58A93F27FE,id=f4853b14-57b6-480e-b5c3-1dbec739121c
scm_1       | 2019-10-15 00:16:23,309 INFO authorize.ServiceAuthorizationManager: Authorization successful for dn/b3417b76156e@EXAMPLE.COM (auth:KERBEROS) for protocol=interface org.apache.hadoop.hdds.protocol.SCMSecurityProtocol
datanode_3  | 2019-10-15 00:16:10,158 INFO impl.RoleInfo: 24b52fb2-1e29-47d1-b22b-63f4ff5475e1: shutdown LeaderElection
datanode_1  | 2019-10-15 00:16:05,822 INFO impl.RaftServerImpl: 7b09454b-89b8-4929-bb55-7547fa77b83a@group-3A58A93F27FE: changes role from      null to FOLLOWER at term 0 for startAsFollower
om_1        | 2019-10-15 00:17:07,036 INFO authorize.ServiceAuthorizationManager: Authorization successful for testuser/scm@EXAMPLE.COM (auth:KERBEROS) for protocol=interface org.apache.hadoop.ozone.om.protocol.OzoneManagerProtocol
s3g_1       | 	at org.glassfish.jersey.ext.cdi1x.internal.CdiUtil.getBeanReference(CdiUtil.java:151)
datanode_2  | 2019-10-15 00:16:09,576 INFO impl.FollowerState: f4853b14-57b6-480e-b5c3-1dbec739121c@group-D1FBA68D22C9-FollowerState: change to CANDIDATE, lastRpcTime:5136ms, electionTimeout:5135ms
kdc_1       | Entry for principal scm/s3g@EXAMPLE.COM with kvno 2, encryption type aes256-cts-hmac-sha1-96 added to keytab WRFILE:/data/scm.s3g.keytab.
scm_1       | 2019-10-15 00:16:34,314 INFO ipc.Server: Auth successful for om/om@EXAMPLE.COM (auth:KERBEROS)
datanode_3  | 2019-10-15 00:16:10,159 INFO impl.RaftServerImpl: 24b52fb2-1e29-47d1-b22b-63f4ff5475e1@group-0C5D5BFE2FE3: changes role from CANDIDATE to LEADER at term 1 for changeToLeader
datanode_1  | 2019-10-15 00:16:05,823 INFO impl.RoleInfo: 7b09454b-89b8-4929-bb55-7547fa77b83a: start FollowerState
