datanode_1  | 2019-10-08 05:37:56 INFO  RaftServerConfigKeys:43 - raft.server.log.statemachine.data.sync.timeout.retry = -1 (default)
kdc_1       | Oct 08 05:37:24 kdc kadmind[15](info): closing down fd 18
jhs         | INFO: Couldn't find grammar element for class javax.ws.rs.core.Response
om_1        | 2019-10-08 05:39:11 INFO  Server:1849 - Auth successful for hadoop/rm@EXAMPLE.COM (auth:TOKEN)
kms_1       | Oct 08, 2019 5:38:41 AM com.sun.jersey.server.wadl.generators.AbstractWadlGeneratorGrammarGenerator attachTypes
scm_1       | 2019-10-08 05:39:40 INFO  Server:1849 - Auth successful for dn/f89647a80358@EXAMPLE.COM (auth:KERBEROS)
nm_1        | 2019-10-08 05:37:46 INFO  RMProxy:133 - Connecting to ResourceManager at rm/172.18.0.11:8031
rm_1        | 2019-10-08 05:37:45 INFO  RpcServerFactoryPBImpl:173 - Adding protocol org.apache.hadoop.yarn.server.api.ResourceManagerAdministrationProtocolPB to the server
datanode_2  | 2019-10-08 05:37:56 INFO  SegmentedRaftLogWorker:128 - 5069594a-2abc-4ad5-a927-b025d2380006@group-D0DB3715121D-SegmentedRaftLogWorker: flushIndex: setUnconditionally 0 -> -1
datanode_3  | 2019-10-08 05:37:56 INFO  RaftServerConfigKeys:43 - raft.server.log.force.sync.num = 128 (default)
datanode_1  | 2019-10-08 05:37:56 INFO  RaftServerConfigKeys:43 - raft.server.log.statemachine.data.caching.enabled = true (custom)
kdc_1       | Oct 08 05:37:24 kdc kadmind[15](Notice): Request: kadm5_init, admin/admin@EXAMPLE.COM, success, client=admin/admin@EXAMPLE.COM, service=kadmin/admin@EXAMPLE.COM, addr=127.0.0.1, vers=4, flavor=6
jhs         | Oct 08, 2019 5:39:20 AM com.sun.jersey.server.wadl.generators.AbstractWadlGeneratorGrammarGenerator attachTypes
om_1        | 2019-10-08 05:39:13 INFO  Server:1849 - Auth successful for hadoop/rm@EXAMPLE.COM (auth:KERBEROS)
kms_1       | INFO: Couldn't find grammar element for class java.util.Map
scm_1       | 2019-10-08 05:39:41 INFO  Server:1849 - Auth successful for om/om@EXAMPLE.COM (auth:KERBEROS)
nm_1        | 2019-10-08 05:37:46 INFO  NodeStatusUpdaterImpl:652 - Sending out 0 NM container statuses: []
rm_1        | 2019-10-08 05:37:45 INFO  Server:1153 - IPC Server listener on 8033: starting
datanode_2  | 2019-10-08 05:37:56 INFO  RaftServerConfigKeys:43 - raft.server.snapshot.auto.trigger.enabled = true (custom)
datanode_1  | 2019-10-08 05:37:56 INFO  SegmentedRaftLogWorker:128 - 7ac09182-651a-4e92-83a7-cea3ebd61cba@group-D0DB3715121D-SegmentedRaftLogWorker: flushIndex: setUnconditionally 0 -> -1
datanode_3  | 2019-10-08 05:37:56 INFO  RaftServerConfigKeys:43 - raft.server.log.statemachine.data.sync = true (default)
kdc_1       | Oct 08 05:37:24 kdc kadmind[15](Notice): Request: kadm5_randkey_principal, scm/om@EXAMPLE.COM, success, client=admin/admin@EXAMPLE.COM, service=kadmin/admin@EXAMPLE.COM, addr=127.0.0.1
jhs         | INFO: Couldn't find grammar element for class javax.ws.rs.core.Response
om_1        | 2019-10-08 05:39:16 INFO  Server:1849 - Auth successful for hadoop/rm@EXAMPLE.COM (auth:KERBEROS)
kms_1       | Oct 08, 2019 5:38:41 AM com.sun.jersey.server.wadl.generators.AbstractWadlGeneratorGrammarGenerator attachTypes
scm_1       | 2019-10-08 05:39:43 INFO  Server:1849 - Auth successful for dn/1960b700f9e9@EXAMPLE.COM (auth:KERBEROS)
nm_1        | 2019-10-08 05:37:46 INFO  NodeStatusUpdaterImpl:393 - Registering with RM using containers :[]
rm_1        | 2019-10-08 05:37:45 INFO  Server:1314 - IPC Server Responder: starting
datanode_2  | 2019-10-08 05:37:56 INFO  RaftServerConfigKeys:43 - raft.server.snapshot.auto.trigger.threshold = 10000 (custom)
datanode_1  | 2019-10-08 05:37:56 INFO  RaftServerConfigKeys:43 - raft.server.snapshot.auto.trigger.enabled = true (custom)
datanode_3  | 2019-10-08 05:37:56 INFO  RaftServerConfigKeys:43 - raft.server.log.statemachine.data.sync.timeout = 10s (default)
kdc_1       | Oct 08 05:37:24 kdc kadmind[15](Notice): Request: kadm5_get_principal, scm/om@EXAMPLE.COM, success, client=admin/admin@EXAMPLE.COM, service=kadmin/admin@EXAMPLE.COM, addr=127.0.0.1
jhs         | Oct 08, 2019 5:39:20 AM com.sun.jersey.server.wadl.generators.AbstractWadlGeneratorGrammarGenerator attachTypes
om_1        | 2019-10-08 05:39:19 INFO  Server:1849 - Auth successful for hadoop/rm@EXAMPLE.COM (auth:TOKEN)
kms_1       | INFO: Couldn't find grammar element for class javax.ws.rs.core.Response
nm_1        | 2019-10-08 05:37:47 INFO  NMContainerTokenSecretManager:143 - Rolling master-key for container-tokens, got key with id -1117950809
rm_1        | 2019-10-08 05:37:45 INFO  ResourceManager:1292 - Transitioning to active state
datanode_2  | 2019-10-08 05:37:56 INFO  RaftServerConfigKeys:43 - raft.server.snapshot.retention.file.num = 5 (custom)
datanode_1  | 2019-10-08 05:37:56 INFO  RaftServerConfigKeys:43 - raft.server.snapshot.auto.trigger.threshold = 10000 (custom)
kdc_1       | Oct 08 05:37:24 kdc kadmind[15](info): closing down fd 18
datanode_3  | 2019-10-08 05:37:56 INFO  RaftServerConfigKeys:43 - raft.server.log.statemachine.data.sync.timeout.retry = -1 (default)
jhs         | INFO: Couldn't find grammar element for class javax.ws.rs.core.Response
om_1        | 2019-10-08 05:39:20 INFO  Server:1849 - Auth successful for rm/rm@EXAMPLE.COM (auth:KERBEROS)
kms_1       | Oct 08, 2019 5:38:41 AM com.sun.jersey.server.wadl.generators.AbstractWadlGeneratorGrammarGenerator attachTypes
nm_1        | 2019-10-08 05:37:47 INFO  NMTokenSecretManagerInNM:143 - Rolling master-key for container-tokens, got key with id -993987973
rm_1        | 2019-10-08 05:37:45 INFO  RMStateStore:550 - Updating AMRMToken
datanode_2  | 2019-10-08 05:37:56 INFO  RaftServerConfigKeys:43 - raft.server.retrycache.expirytime = 600000ms (custom)
datanode_1  | 2019-10-08 05:37:56 INFO  RaftServerConfigKeys:43 - raft.server.snapshot.retention.file.num = 5 (custom)
kdc_1       | Oct 08 05:37:24 kdc kadmind[15](Notice): Request: kadm5_init, admin/admin@EXAMPLE.COM, success, client=admin/admin@EXAMPLE.COM, service=kadmin/admin@EXAMPLE.COM, addr=127.0.0.1, vers=4, flavor=6
datanode_3  | 2019-10-08 05:37:56 INFO  RaftServerConfigKeys:43 - raft.server.log.statemachine.data.caching.enabled = true (custom)
jhs         | Oct 08, 2019 5:39:20 AM com.sun.jersey.server.wadl.generators.AbstractWadlGeneratorGrammarGenerator attachTypes
om_1        | 2019-10-08 05:39:21 INFO  Server:1849 - Auth successful for nm/nm@EXAMPLE.COM (auth:KERBEROS)
kms_1       | INFO: Couldn't find grammar element for class java.util.Map
nm_1        | 2019-10-08 05:37:47 INFO  NodeStatusUpdaterImpl:477 - Registered with ResourceManager as nm:38401 with total resource of <memory:8192, vCores:8>
rm_1        | 2019-10-08 05:37:45 INFO  RMContainerTokenSecretManager:109 - Rolling master-key for container-tokens
datanode_2  | 2019-10-08 05:37:56 INFO  RaftServerImpl:181 - 5069594a-2abc-4ad5-a927-b025d2380006@group-D0DB3715121D: start as a follower, conf=-1: [7ac09182-651a-4e92-83a7-cea3ebd61cba:172.18.0.2:9858, 47460361-9839-4cfa-ab00-5623a9eae388:172.18.0.3:9858, 5069594a-2abc-4ad5-a927-b025d2380006:172.18.0.10:9858], old=null
kdc_1       | Oct 08 05:37:24 kdc kadmind[15](Notice): Request: kadm5_get_policy, default, Policy does not exist, client=admin/admin@EXAMPLE.COM, service=kadmin/admin@EXAMPLE.COM, addr=127.0.0.1
datanode_1  | 2019-10-08 05:37:56 INFO  RaftServerConfigKeys:43 - raft.server.retrycache.expirytime = 600000ms (custom)
datanode_3  | 2019-10-08 05:37:56 INFO  SegmentedRaftLogWorker:128 - 47460361-9839-4cfa-ab00-5623a9eae388@group-D0DB3715121D-SegmentedRaftLogWorker: flushIndex: setUnconditionally 0 -> -1
jhs         | INFO: Couldn't find grammar element for class javax.ws.rs.core.Response
om_1        | 2019-10-08 05:39:22 INFO  Server:1849 - Auth successful for hadoop/rm@EXAMPLE.COM (auth:TOKEN)
kms_1       | Oct 08, 2019 5:38:41 AM com.sun.jersey.server.wadl.generators.AbstractWadlGeneratorGrammarGenerator attachTypes
nm_1        | 2019-10-08 05:38:47 INFO  Server:1849 - Auth successful for appattempt_1570513065680_0001_000001 (auth:SIMPLE)
rm_1        | 2019-10-08 05:37:45 INFO  NMTokenSecretManagerInRM:95 - Rolling master-key for nm-tokens
datanode_2  | 2019-10-08 05:37:56 INFO  RaftServerImpl:170 - 5069594a-2abc-4ad5-a927-b025d2380006@group-D0DB3715121D: changes role from      null to FOLLOWER at term 0 for startAsFollower
kdc_1       | Oct 08 05:37:24 kdc kadmind[15](Notice): Request: kadm5_create_principal, scm/rm@EXAMPLE.COM, success, client=admin/admin@EXAMPLE.COM, service=kadmin/admin@EXAMPLE.COM, addr=127.0.0.1
datanode_1  | 2019-10-08 05:37:56 INFO  RaftServerImpl:181 - 7ac09182-651a-4e92-83a7-cea3ebd61cba@group-D0DB3715121D: start as a follower, conf=-1: [7ac09182-651a-4e92-83a7-cea3ebd61cba:172.18.0.2:9858, 47460361-9839-4cfa-ab00-5623a9eae388:172.18.0.3:9858, 5069594a-2abc-4ad5-a927-b025d2380006:172.18.0.10:9858], old=null
datanode_3  | 2019-10-08 05:37:56 INFO  RaftServerConfigKeys:43 - raft.server.snapshot.auto.trigger.enabled = true (custom)
jhs         | 2019-10-08 05:39:20 INFO  AbstractDelegationTokenSecretManager:491 - Token renewal for identifier: (TIMELINE_DELEGATION_TOKEN owner=hadoop, renewer=rm, realUser=, issueDate=1570513160637, maxDate=1571117960637, sequenceNumber=2, masterKeyId=2); total currentTokens 2
om_1        | 2019-10-08 05:39:22 INFO  Server:1849 - Auth successful for hadoop/rm@EXAMPLE.COM (auth:TOKEN)
kms_1       | INFO: Couldn't find grammar element for class java.util.Map
rm_1        | 2019-10-08 05:37:45 INFO  AbstractDelegationTokenSecretManager:343 - Updating the current master key for generating delegation tokens
nm_1        | 2019-10-08 05:38:47 INFO  ContainerManagerImpl:1070 - Start request for container_1570513065680_0001_01_000001 by user hadoop
datanode_2  | 2019-10-08 05:37:56 INFO  RoleInfo:143 - 5069594a-2abc-4ad5-a927-b025d2380006: start FollowerState
kdc_1       | Oct 08 05:37:24 kdc kadmind[15](info): closing down fd 18
datanode_1  | 2019-10-08 05:37:56 INFO  RaftServerImpl:170 - 7ac09182-651a-4e92-83a7-cea3ebd61cba@group-D0DB3715121D: changes role from      null to FOLLOWER at term 0 for startAsFollower
datanode_3  | 2019-10-08 05:37:56 INFO  RaftServerConfigKeys:43 - raft.server.snapshot.auto.trigger.threshold = 10000 (custom)
om_1        | 2019-10-08 05:39:24 INFO  Server:1849 - Auth successful for hadoop/rm@EXAMPLE.COM (auth:TOKEN)
kms_1       | Oct 08, 2019 5:38:41 AM com.sun.jersey.server.wadl.generators.AbstractWadlGeneratorGrammarGenerator attachTypes
rm_1        | 2019-10-08 05:37:45 INFO  RMDelegationTokenSecretManager:92 - storing master key with keyID 1
nm_1        | 2019-10-08 05:38:47 INFO  ContainerManagerImpl:1122 - Creating a new application reference for app application_1570513065680_0001
datanode_2  | 2019-10-08 05:37:56 INFO  JmxRegister:44 - Successfully registered JMX Bean with object name Ratis:service=RaftServer,group=group-D0DB3715121D,id=5069594a-2abc-4ad5-a927-b025d2380006
datanode_1  | 2019-10-08 05:37:56 INFO  RoleInfo:143 - 7ac09182-651a-4e92-83a7-cea3ebd61cba: start FollowerState
kdc_1       | Oct 08 05:37:24 kdc kadmind[15](Notice): Request: kadm5_init, admin/admin@EXAMPLE.COM, success, client=admin/admin@EXAMPLE.COM, service=kadmin/admin@EXAMPLE.COM, addr=127.0.0.1, vers=4, flavor=6
datanode_3  | 2019-10-08 05:37:56 INFO  RaftServerConfigKeys:43 - raft.server.snapshot.retention.file.num = 5 (custom)
om_1        | 2019-10-08 05:39:33 INFO  Server:1849 - Auth successful for hadoop/rm@EXAMPLE.COM (auth:TOKEN)
kms_1       | INFO: Couldn't find grammar element for class javax.ws.rs.core.Response
rm_1        | 2019-10-08 05:37:45 INFO  RMStateStore:501 - Storing RMDTMasterKey.
nm_1        | 2019-10-08 05:38:47 INFO  ApplicationImpl:655 - Application application_1570513065680_0001 transitioned from NEW to INITING
datanode_1  | 2019-10-08 05:37:56 INFO  JmxRegister:44 - Successfully registered JMX Bean with object name Ratis:service=RaftServer,group=group-D0DB3715121D,id=7ac09182-651a-4e92-83a7-cea3ebd61cba
datanode_2  | 2019-10-08 05:38:01 INFO  FollowerState:108 - 5069594a-2abc-4ad5-a927-b025d2380006@group-A64FB0CB6A67-FollowerState: change to CANDIDATE, lastRpcTime:5186ms, electionTimeout:5185ms
kdc_1       | Oct 08 05:37:24 kdc kadmind[15](Notice): Request: kadm5_randkey_principal, scm/rm@EXAMPLE.COM, success, client=admin/admin@EXAMPLE.COM, service=kadmin/admin@EXAMPLE.COM, addr=127.0.0.1
datanode_3  | 2019-10-08 05:37:56 INFO  RaftServerConfigKeys:43 - raft.server.retrycache.expirytime = 600000ms (custom)
kms_1       | Oct 08, 2019 5:38:41 AM com.sun.jersey.server.wadl.generators.AbstractWadlGeneratorGrammarGenerator attachTypes
om_1        | 2019-10-08 05:39:40 INFO  Server:1849 - Auth successful for hadoop/rm@EXAMPLE.COM (auth:TOKEN)
rm_1        | 2019-10-08 05:37:45 INFO  AbstractDelegationTokenSecretManager:675 - Starting expired delegation token remover thread, tokenRemoverScanInterval=60 min(s)
datanode_1  | 2019-10-08 05:38:00 INFO  FollowerState:108 - 7ac09182-651a-4e92-83a7-cea3ebd61cba@group-7BC70E23532E-FollowerState: change to CANDIDATE, lastRpcTime:5113ms, electionTimeout:5112ms
datanode_2  | 2019-10-08 05:38:01 INFO  RoleInfo:121 - 5069594a-2abc-4ad5-a927-b025d2380006: shutdown FollowerState
kdc_1       | Oct 08 05:37:24 kdc kadmind[15](Notice): Request: kadm5_get_principal, scm/rm@EXAMPLE.COM, success, client=admin/admin@EXAMPLE.COM, service=kadmin/admin@EXAMPLE.COM, addr=127.0.0.1
nm_1        | 2019-10-08 05:38:47 INFO  ApplicationImpl:463 - Adding container_1570513065680_0001_01_000001 to application application_1570513065680_0001
datanode_3  | 2019-10-08 05:37:56 INFO  RaftServerImpl:181 - 47460361-9839-4cfa-ab00-5623a9eae388@group-D0DB3715121D: start as a follower, conf=-1: [7ac09182-651a-4e92-83a7-cea3ebd61cba:172.18.0.2:9858, 47460361-9839-4cfa-ab00-5623a9eae388:172.18.0.3:9858, 5069594a-2abc-4ad5-a927-b025d2380006:172.18.0.10:9858], old=null
kms_1       | INFO: Couldn't find grammar element for class javax.ws.rs.core.Response
om_1        | 2019-10-08 05:39:42 INFO  Server:1849 - Auth successful for hadoop/rm@EXAMPLE.COM (auth:TOKEN)
datanode_1  | 2019-10-08 05:38:00 INFO  RoleInfo:121 - 7ac09182-651a-4e92-83a7-cea3ebd61cba: shutdown FollowerState
datanode_2  | 2019-10-08 05:38:01 INFO  RaftServerImpl:170 - 5069594a-2abc-4ad5-a927-b025d2380006@group-A64FB0CB6A67: changes role from  FOLLOWER to CANDIDATE at term 0 for changeToCandidate
rm_1        | 2019-10-08 05:37:45 INFO  AbstractDelegationTokenSecretManager:343 - Updating the current master key for generating delegation tokens
kdc_1       | Oct 08 05:37:24 kdc kadmind[15](info): closing down fd 18
nm_1        | 2019-10-08 05:38:47 INFO  NMAuditLogger:94 - USER=hadoop	IP=172.18.0.11	OPERATION=Start Container Request	TARGET=ContainerManageImpl	RESULT=SUCCESS	APPID=application_1570513065680_0001	CONTAINERID=container_1570513065680_0001_01_000001
datanode_3  | 2019-10-08 05:37:56 INFO  RaftServerImpl:170 - 47460361-9839-4cfa-ab00-5623a9eae388@group-D0DB3715121D: changes role from      null to FOLLOWER at term 0 for startAsFollower
kms_1       | Oct 08, 2019 5:38:41 AM com.sun.jersey.server.wadl.generators.AbstractWadlGeneratorGrammarGenerator attachTypes
datanode_2  | 2019-10-08 05:38:01 INFO  RoleInfo:143 - 5069594a-2abc-4ad5-a927-b025d2380006: start LeaderElection
datanode_1  | 2019-10-08 05:38:00 INFO  RaftServerImpl:170 - 7ac09182-651a-4e92-83a7-cea3ebd61cba@group-7BC70E23532E: changes role from  FOLLOWER to CANDIDATE at term 0 for changeToCandidate
rm_1        | 2019-10-08 05:37:45 INFO  RMDelegationTokenSecretManager:92 - storing master key with keyID 2
nm_1        | 2019-10-08 05:38:48 WARN  LogAggregationFileController:284 - Remote Root Log Dir [/tmp/logs] does not exist. Attempting to create it.
kdc_1       | Oct 08 05:37:24 kdc kadmind[15](Notice): Request: kadm5_init, admin/admin@EXAMPLE.COM, success, client=admin/admin@EXAMPLE.COM, service=kadmin/admin@EXAMPLE.COM, addr=127.0.0.1, vers=4, flavor=6
datanode_3  | 2019-10-08 05:37:56 INFO  RoleInfo:143 - 47460361-9839-4cfa-ab00-5623a9eae388: start FollowerState
kms_1       | INFO: Couldn't find grammar element for class java.util.Map
datanode_2  | 2019-10-08 05:38:01 INFO  LeaderElection:178 - 5069594a-2abc-4ad5-a927-b025d2380006@group-A64FB0CB6A67-LeaderElection1: begin an election at term 1 for -1: [5069594a-2abc-4ad5-a927-b025d2380006:172.18.0.10:9858], old=null
datanode_1  | 2019-10-08 05:38:00 INFO  RoleInfo:143 - 7ac09182-651a-4e92-83a7-cea3ebd61cba: start LeaderElection
rm_1        | 2019-10-08 05:37:45 INFO  RMStateStore:501 - Storing RMDTMasterKey.
nm_1        | 2019-10-08 05:38:48 WARN  LogAggregationFileController:298 - No primary group found. The remote root log directory will be created with the HDFS superuser being its group owner. JobHistoryServer may be unable to read the directory.
kdc_1       | Oct 08 05:37:24 kdc kadmind[15](Notice): Request: kadm5_get_policy, default, Policy does not exist, client=admin/admin@EXAMPLE.COM, service=kadmin/admin@EXAMPLE.COM, addr=127.0.0.1
datanode_3  | 2019-10-08 05:37:56 INFO  JmxRegister:44 - Successfully registered JMX Bean with object name Ratis:service=RaftServer,group=group-D0DB3715121D,id=47460361-9839-4cfa-ab00-5623a9eae388
kms_1       | Oct 08, 2019 5:38:41 AM com.sun.jersey.server.wadl.generators.AbstractWadlGeneratorGrammarGenerator attachTypes
datanode_2  | 2019-10-08 05:38:01 INFO  RoleInfo:134 - 5069594a-2abc-4ad5-a927-b025d2380006: shutdown LeaderElection
datanode_1  | 2019-10-08 05:38:00 INFO  LeaderElection:178 - 7ac09182-651a-4e92-83a7-cea3ebd61cba@group-7BC70E23532E-LeaderElection1: begin an election at term 1 for -1: [7ac09182-651a-4e92-83a7-cea3ebd61cba:172.18.0.2:9858], old=null
rm_1        | 2019-10-08 05:37:45 INFO  AsyncDispatcher:223 - Registering class org.apache.hadoop.yarn.nodelabels.event.NodeLabelsStoreEventType for class org.apache.hadoop.yarn.nodelabels.CommonNodeLabelsManager$ForwardingEventHandler
nm_1        | 2019-10-08 05:38:48 INFO  ApplicationImpl:655 - Application application_1570513065680_0001 transitioned from INITING to RUNNING
kdc_1       | Oct 08 05:37:24 kdc kadmind[15](Notice): Request: kadm5_create_principal, HTTP/s3g@EXAMPLE.COM, success, client=admin/admin@EXAMPLE.COM, service=kadmin/admin@EXAMPLE.COM, addr=127.0.0.1
datanode_3  | 2019-10-08 05:38:00 INFO  FollowerState:108 - 47460361-9839-4cfa-ab00-5623a9eae388@group-E21241E3E4A5-FollowerState: change to CANDIDATE, lastRpcTime:5046ms, electionTimeout:5045ms
kms_1       | INFO: Couldn't find grammar element for class java.util.Map
datanode_2  | 2019-10-08 05:38:01 INFO  RaftServerImpl:170 - 5069594a-2abc-4ad5-a927-b025d2380006@group-A64FB0CB6A67: changes role from CANDIDATE to LEADER at term 1 for changeToLeader
datanode_1  | 2019-10-08 05:38:00 INFO  RoleInfo:134 - 7ac09182-651a-4e92-83a7-cea3ebd61cba: shutdown LeaderElection
nm_1        | 2019-10-08 05:38:48 INFO  ContainerImpl:2112 - Container container_1570513065680_0001_01_000001 transitioned from NEW to LOCALIZING
rm_1        | 2019-10-08 05:37:45 INFO  AbstractFSNodeStore:67 - Created store directory :file:/tmp/hadoop-yarn-rm/node-attribute
datanode_3  | 2019-10-08 05:38:00 INFO  RoleInfo:121 - 47460361-9839-4cfa-ab00-5623a9eae388: shutdown FollowerState
kdc_1       | Oct 08 05:37:24 kdc kadmind[15](info): closing down fd 18
kms_1       | Oct 08, 2019 5:38:41 AM com.sun.jersey.server.wadl.generators.AbstractWadlGeneratorGrammarGenerator attachTypes
datanode_2  | 2019-10-08 05:38:01 INFO  RaftServerImpl:255 - 5069594a-2abc-4ad5-a927-b025d2380006@group-A64FB0CB6A67: change Leader from null to 5069594a-2abc-4ad5-a927-b025d2380006 at term 1 for becomeLeader, leader elected after 5364ms
datanode_1  | 2019-10-08 05:38:00 INFO  RaftServerImpl:170 - 7ac09182-651a-4e92-83a7-cea3ebd61cba@group-7BC70E23532E: changes role from CANDIDATE to LEADER at term 1 for changeToLeader
rm_1        | 2019-10-08 05:37:46 INFO  AbstractFSNodeStore:181 - Finished write mirror at:file:/tmp/hadoop-yarn-rm/node-attribute/nodeattribute.mirror
datanode_3  | 2019-10-08 05:38:00 INFO  RaftServerImpl:170 - 47460361-9839-4cfa-ab00-5623a9eae388@group-E21241E3E4A5: changes role from  FOLLOWER to CANDIDATE at term 0 for changeToCandidate
kdc_1       | Oct 08 05:37:24 kdc kadmind[15](Notice): Request: kadm5_init, admin/admin@EXAMPLE.COM, success, client=admin/admin@EXAMPLE.COM, service=kadmin/admin@EXAMPLE.COM, addr=127.0.0.1, vers=4, flavor=6
nm_1        | 2019-10-08 05:38:48 INFO  AuxServices:350 - Got event CONTAINER_INIT for appId application_1570513065680_0001
datanode_2  | 2019-10-08 05:38:01 INFO  RaftServerConfigKeys:43 - raft.server.staging.catchup.gap = 1000 (default)
datanode_1  | 2019-10-08 05:38:00 INFO  RaftServerImpl:255 - 7ac09182-651a-4e92-83a7-cea3ebd61cba@group-7BC70E23532E: change Leader from null to 7ac09182-651a-4e92-83a7-cea3ebd61cba at term 1 for becomeLeader, leader elected after 5271ms
kms_1       | INFO: Couldn't find grammar element for class javax.ws.rs.core.Response
rm_1        | 2019-10-08 05:37:46 INFO  AbstractFSNodeStore:182 - Finished create editlog file at:file:/tmp/hadoop-yarn-rm/node-attribute/nodeattribute.editlog
datanode_3  | 2019-10-08 05:38:00 INFO  RoleInfo:143 - 47460361-9839-4cfa-ab00-5623a9eae388: start LeaderElection
kdc_1       | Oct 08 05:37:24 kdc kadmind[15](Notice): Request: kadm5_randkey_principal, HTTP/s3g@EXAMPLE.COM, success, client=admin/admin@EXAMPLE.COM, service=kadmin/admin@EXAMPLE.COM, addr=127.0.0.1
datanode_2  | 2019-10-08 05:38:01 INFO  RaftServerConfigKeys:43 - raft.server.rpc.sleep.time = 25ms (default)
nm_1        | 2019-10-08 05:38:48 INFO  ResourceLocalizationService:798 - Created localizer for container_1570513065680_0001_01_000001
kms_1       | Oct 08, 2019 5:38:45 AM com.sun.jersey.server.wadl.generators.WadlGeneratorJAXBGrammarGenerator buildModelAndSchemas
datanode_1  | 2019-10-08 05:38:00 INFO  RaftServerConfigKeys:43 - raft.server.staging.catchup.gap = 1000 (default)
rm_1        | 2019-10-08 05:37:46 INFO  AsyncDispatcher:223 - Registering class org.apache.hadoop.yarn.server.resourcemanager.nodelabels.NodeAttributesStoreEventType for class org.apache.hadoop.yarn.server.resourcemanager.nodelabels.NodeAttributesManagerImpl$ForwardingEventHandler
datanode_3  | 2019-10-08 05:38:00 INFO  LeaderElection:178 - 47460361-9839-4cfa-ab00-5623a9eae388@group-E21241E3E4A5-LeaderElection1: begin an election at term 1 for -1: [47460361-9839-4cfa-ab00-5623a9eae388:172.18.0.3:9858], old=null
kdc_1       | Oct 08 05:37:24 kdc kadmind[15](Notice): Request: kadm5_get_principal, HTTP/s3g@EXAMPLE.COM, success, client=admin/admin@EXAMPLE.COM, service=kadmin/admin@EXAMPLE.COM, addr=127.0.0.1
datanode_2  | 2019-10-08 05:38:01 INFO  RaftServerConfigKeys:43 - raft.server.write.element-limit = 4096 (default)
nm_1        | 2019-10-08 05:38:48 INFO  ResourceLocalizationService:1328 - Writing credentials to the nmPrivate file /tmp/hadoop-hadoop/nm-local-dir/nmPrivate/container_1570513065680_0001_01_000001.tokens
kms_1       | SEVERE: Failed to generate the schema for the JAX-B elements
datanode_1  | 2019-10-08 05:38:00 INFO  RaftServerConfigKeys:43 - raft.server.rpc.sleep.time = 25ms (default)
rm_1        | 2019-10-08 05:37:46 INFO  MultiNodeSortingManager:66 - Starting NodeSortingService=MultiNodeSortingManager
datanode_3  | 2019-10-08 05:38:00 INFO  RoleInfo:134 - 47460361-9839-4cfa-ab00-5623a9eae388: shutdown LeaderElection
datanode_2  | 2019-10-08 05:38:01 INFO  RaftServerConfigKeys:43 - raft.server.watch.timeout = 10s (default)
nm_1        | 2019-10-08 05:38:48 INFO  DefaultContainerExecutor:836 - Initializing user hadoop
datanode_1  | 2019-10-08 05:38:00 INFO  RaftServerConfigKeys:43 - raft.server.write.element-limit = 4096 (default)
kdc_1       | Oct 08 05:37:24 kdc kadmind[15](info): closing down fd 18
kms_1       | com.sun.xml.bind.v2.runtime.IllegalAnnotationsException: 2 counts of IllegalAnnotationExceptions
rm_1        | 2019-10-08 05:37:46 INFO  CallQueueManager:84 - Using callQueue: class java.util.concurrent.LinkedBlockingQueue, queueCapacity: 5000, scheduler: class org.apache.hadoop.ipc.DefaultRpcScheduler, ipcBackoff: false.
datanode_3  | 2019-10-08 05:38:00 INFO  RaftServerImpl:170 - 47460361-9839-4cfa-ab00-5623a9eae388@group-E21241E3E4A5: changes role from CANDIDATE to LEADER at term 1 for changeToLeader
datanode_2  | 2019-10-08 05:38:01 INFO  RaftServerConfigKeys:43 - raft.server.watch.timeout.denomination = 1s (default)
nm_1        | 2019-10-08 05:38:48 INFO  DefaultContainerExecutor:166 - Copying from /tmp/hadoop-hadoop/nm-local-dir/nmPrivate/container_1570513065680_0001_01_000001.tokens to /tmp/hadoop-hadoop/nm-local-dir/usercache/hadoop/appcache/application_1570513065680_0001/container_1570513065680_0001_01_000001.tokens
datanode_1  | 2019-10-08 05:38:00 INFO  RaftServerConfigKeys:43 - raft.server.watch.timeout = 10s (default)
kdc_1       | Oct 08 05:37:24 kdc kadmind[15](Notice): Request: kadm5_init, admin/admin@EXAMPLE.COM, success, client=admin/admin@EXAMPLE.COM, service=kadmin/admin@EXAMPLE.COM, addr=127.0.0.1, vers=4, flavor=6
kms_1       | java.util.Map is an interface, and JAXB can't handle interfaces.
rm_1        | 2019-10-08 05:37:46 INFO  Server:1074 - Starting Socket Reader #1 for port 8031
datanode_3  | 2019-10-08 05:38:00 INFO  RaftServerImpl:255 - 47460361-9839-4cfa-ab00-5623a9eae388@group-E21241E3E4A5: change Leader from null to 47460361-9839-4cfa-ab00-5623a9eae388 at term 1 for becomeLeader, leader elected after 5204ms
datanode_2  | 2019-10-08 05:38:01 INFO  RaftServerConfigKeys:43 - raft.server.watch.element-limit = 65536 (default)
nm_1        | 2019-10-08 05:38:48 INFO  DefaultContainerExecutor:174 - Localizer CWD set to /tmp/hadoop-hadoop/nm-local-dir/usercache/hadoop/appcache/application_1570513065680_0001 = file:/tmp/hadoop-hadoop/nm-local-dir/usercache/hadoop/appcache/application_1570513065680_0001
kdc_1       | Oct 08 05:37:24 kdc kadmind[15](Notice): Request: kadm5_get_policy, default, Policy does not exist, client=admin/admin@EXAMPLE.COM, service=kadmin/admin@EXAMPLE.COM, addr=127.0.0.1
datanode_1  | 2019-10-08 05:38:00 INFO  RaftServerConfigKeys:43 - raft.server.watch.timeout.denomination = 1s (default)
rm_1        | 2019-10-08 05:37:46 INFO  RpcServerFactoryPBImpl:173 - Adding protocol org.apache.hadoop.yarn.server.api.ResourceTrackerPB to the server
datanode_3  | 2019-10-08 05:38:00 INFO  RaftServerConfigKeys:43 - raft.server.staging.catchup.gap = 1000 (default)
kms_1       | 	this problem is related to the following location:
datanode_2  | 2019-10-08 05:38:01 INFO  RoleInfo:143 - 5069594a-2abc-4ad5-a927-b025d2380006: start LeaderState
nm_1        | 2019-10-08 05:38:48 INFO  Server:1849 - Auth successful for testing (auth:SIMPLE)
kdc_1       | Oct 08 05:37:24 kdc kadmind[15](Notice): Request: kadm5_create_principal, scm/9e68b9d3ba4e@EXAMPLE.COM, success, client=admin/admin@EXAMPLE.COM, service=kadmin/admin@EXAMPLE.COM, addr=127.0.0.1
datanode_1  | 2019-10-08 05:38:00 INFO  RaftServerConfigKeys:43 - raft.server.watch.element-limit = 65536 (default)
rm_1        | 2019-10-08 05:37:46 INFO  Server:1314 - IPC Server Responder: starting
datanode_3  | 2019-10-08 05:38:00 INFO  RaftServerConfigKeys:43 - raft.server.rpc.sleep.time = 25ms (default)
datanode_2  | 2019-10-08 05:38:01 INFO  SegmentedRaftLogWorker:385 - 5069594a-2abc-4ad5-a927-b025d2380006@group-A64FB0CB6A67-SegmentedRaftLogWorker: Starting segment from index:0
kms_1       | 		at java.util.Map
nm_1        | 2019-10-08 05:38:48 WARN  MetricsSystemImpl:151 - NodeManager metrics system already initialized!
kdc_1       | Oct 08 05:37:24 kdc kadmind[15](info): closing down fd 18
datanode_1  | 2019-10-08 05:38:00 INFO  RoleInfo:143 - 7ac09182-651a-4e92-83a7-cea3ebd61cba: start LeaderState
rm_1        | 2019-10-08 05:37:46 INFO  Server:1153 - IPC Server listener on 8031: starting
datanode_3  | 2019-10-08 05:38:00 INFO  RaftServerConfigKeys:43 - raft.server.write.element-limit = 4096 (default)
datanode_2  | 2019-10-08 05:38:01 INFO  RaftServerImpl:356 - 5069594a-2abc-4ad5-a927-b025d2380006@group-A64FB0CB6A67: set configuration 0: [5069594a-2abc-4ad5-a927-b025d2380006:172.18.0.10:9858], old=null at 0
kms_1       | java.util.Map does not have a no-arg default constructor.
nm_1        | 2019-10-08 05:38:50 INFO  ContainerImpl:2112 - Container container_1570513065680_0001_01_000001 transitioned from LOCALIZING to SCHEDULED
kdc_1       | Oct 08 05:37:24 kdc kadmind[15](Notice): Request: kadm5_init, admin/admin@EXAMPLE.COM, success, client=admin/admin@EXAMPLE.COM, service=kadmin/admin@EXAMPLE.COM, addr=127.0.0.1, vers=4, flavor=6
rm_1        | 2019-10-08 05:37:46 INFO  JvmPauseMonitor:188 - Starting JVM pause monitor
datanode_3  | 2019-10-08 05:38:00 INFO  RaftServerConfigKeys:43 - raft.server.watch.timeout = 10s (default)
datanode_2  | 2019-10-08 05:38:01 INFO  FollowerState:108 - 5069594a-2abc-4ad5-a927-b025d2380006@group-D0DB3715121D-FollowerState: change to CANDIDATE, lastRpcTime:5139ms, electionTimeout:5139ms
kms_1       | 	this problem is related to the following location:
datanode_1  | 2019-10-08 05:38:00 INFO  SegmentedRaftLogWorker:385 - 7ac09182-651a-4e92-83a7-cea3ebd61cba@group-7BC70E23532E-SegmentedRaftLogWorker: Starting segment from index:0
nm_1        | 2019-10-08 05:38:50 INFO  ContainerScheduler:541 - Starting container [container_1570513065680_0001_01_000001]
kdc_1       | Oct 08 05:37:24 kdc kadmind[15](Notice): Request: kadm5_randkey_principal, scm/9e68b9d3ba4e@EXAMPLE.COM, success, client=admin/admin@EXAMPLE.COM, service=kadmin/admin@EXAMPLE.COM, addr=127.0.0.1
rm_1        | 2019-10-08 05:37:46 INFO  CallQueueManager:84 - Using callQueue: class java.util.concurrent.LinkedBlockingQueue, queueCapacity: 5000, scheduler: class org.apache.hadoop.ipc.DefaultRpcScheduler, ipcBackoff: false.
datanode_3  | 2019-10-08 05:38:00 INFO  RaftServerConfigKeys:43 - raft.server.watch.timeout.denomination = 1s (default)
datanode_2  | 2019-10-08 05:38:01 INFO  RoleInfo:121 - 5069594a-2abc-4ad5-a927-b025d2380006: shutdown FollowerState
datanode_1  | 2019-10-08 05:38:00 INFO  RaftServerImpl:356 - 7ac09182-651a-4e92-83a7-cea3ebd61cba@group-7BC70E23532E: set configuration 0: [7ac09182-651a-4e92-83a7-cea3ebd61cba:172.18.0.2:9858], old=null at 0
nm_1        | 2019-10-08 05:38:50 INFO  ContainerImpl:2112 - Container container_1570513065680_0001_01_000001 transitioned from SCHEDULED to RUNNING
kdc_1       | Oct 08 05:37:24 kdc kadmind[15](Notice): Request: kadm5_get_principal, scm/9e68b9d3ba4e@EXAMPLE.COM, success, client=admin/admin@EXAMPLE.COM, service=kadmin/admin@EXAMPLE.COM, addr=127.0.0.1
rm_1        | 2019-10-08 05:37:46 INFO  Server:1074 - Starting Socket Reader #1 for port 8030
datanode_3  | 2019-10-08 05:38:00 INFO  RaftServerConfigKeys:43 - raft.server.watch.element-limit = 65536 (default)
datanode_2  | 2019-10-08 05:38:01 INFO  RaftServerImpl:170 - 5069594a-2abc-4ad5-a927-b025d2380006@group-D0DB3715121D: changes role from  FOLLOWER to CANDIDATE at term 0 for changeToCandidate
kms_1       | 		at java.util.Map
datanode_1  | 2019-10-08 05:38:00 INFO  SegmentedRaftLogWorker:574 - 7ac09182-651a-4e92-83a7-cea3ebd61cba@group-7BC70E23532E-SegmentedRaftLogWorker: created new log segment /data/metadata/ratis/6de5bcad-4ad2-4513-9143-7bc70e23532e/current/log_inprogress_0
nm_1        | 2019-10-08 05:38:50 INFO  ContainersMonitorImpl:1013 - Starting resource-monitoring for container_1570513065680_0001_01_000001
kdc_1       | Entry for principal scm/9e68b9d3ba4e@EXAMPLE.COM with kvno 2, encryption type aes256-cts-hmac-sha1-96 added to keytab WRFILE:/data/scm.9e68b9d3ba4e.keytab.
rm_1        | 2019-10-08 05:37:46 INFO  RpcServerFactoryPBImpl:173 - Adding protocol org.apache.hadoop.yarn.api.ApplicationMasterProtocolPB to the server
datanode_3  | 2019-10-08 05:38:00 INFO  RoleInfo:143 - 47460361-9839-4cfa-ab00-5623a9eae388: start LeaderState
datanode_2  | 2019-10-08 05:38:01 INFO  RoleInfo:143 - 5069594a-2abc-4ad5-a927-b025d2380006: start LeaderElection
kms_1       | 
nm_1        | 2019-10-08 05:38:50 INFO  DefaultContainerExecutor:370 - launchContainer: [bash, /tmp/hadoop-hadoop/nm-local-dir/usercache/hadoop/appcache/application_1570513065680_0001/container_1570513065680_0001_01_000001/default_container_executor.sh]
kdc_1       | Entry for principal scm/9e68b9d3ba4e@EXAMPLE.COM with kvno 2, encryption type aes128-cts-hmac-sha1-96 added to keytab WRFILE:/data/scm.9e68b9d3ba4e.keytab.
rm_1        | 2019-10-08 05:37:46 INFO  Server:1314 - IPC Server Responder: starting
datanode_3  | 2019-10-08 05:38:00 INFO  SegmentedRaftLogWorker:385 - 47460361-9839-4cfa-ab00-5623a9eae388@group-E21241E3E4A5-SegmentedRaftLogWorker: Starting segment from index:0
datanode_1  | 2019-10-08 05:38:01 INFO  FollowerState:108 - 7ac09182-651a-4e92-83a7-cea3ebd61cba@group-D0DB3715121D-FollowerState: change to CANDIDATE, lastRpcTime:5118ms, electionTimeout:5118ms
datanode_2  | 2019-10-08 05:38:01 INFO  LeaderElection:178 - 5069594a-2abc-4ad5-a927-b025d2380006@group-D0DB3715121D-LeaderElection2: begin an election at term 1 for -1: [7ac09182-651a-4e92-83a7-cea3ebd61cba:172.18.0.2:9858, 47460361-9839-4cfa-ab00-5623a9eae388:172.18.0.3:9858, 5069594a-2abc-4ad5-a927-b025d2380006:172.18.0.10:9858], old=null
kms_1       | 	at com.sun.xml.bind.v2.runtime.IllegalAnnotationsException$Builder.check(IllegalAnnotationsException.java:106)
nm_1        | 2019-10-08 05:38:51 INFO  ContainersMonitorImpl:615 - container_1570513065680_0001_01_000001's ip = 172.18.0.5, and hostname = nm
kdc_1       | Generiting keytab
rm_1        | 2019-10-08 05:37:46 INFO  Server:1153 - IPC Server listener on 8030: starting
datanode_1  | 2019-10-08 05:38:01 INFO  RoleInfo:121 - 7ac09182-651a-4e92-83a7-cea3ebd61cba: shutdown FollowerState
datanode_3  | 2019-10-08 05:38:00 INFO  RaftServerImpl:356 - 47460361-9839-4cfa-ab00-5623a9eae388@group-E21241E3E4A5: set configuration 0: [47460361-9839-4cfa-ab00-5623a9eae388:172.18.0.3:9858], old=null at 0
datanode_2  | 2019-10-08 05:38:01 INFO  SegmentedRaftLogWorker:574 - 5069594a-2abc-4ad5-a927-b025d2380006@group-A64FB0CB6A67-SegmentedRaftLogWorker: created new log segment /data/metadata/ratis/6262efa7-5f69-4ce8-99cc-a64fb0cb6a67/current/log_inprogress_0
kms_1       | 	at com.sun.xml.bind.v2.runtime.JAXBContextImpl.getTypeInfoSet(JAXBContextImpl.java:489)
nm_1        | 2019-10-08 05:38:54 INFO  ContainersMonitorImpl:516 - Skipping monitoring container container_1570513065680_0001_01_000001 since CPU usage is not yet available.
kdc_1       | Authenticating as principal admin/admin with keytab /tmp/admin.keytab.
rm_1        | 2019-10-08 05:37:46 INFO  CallQueueManager:84 - Using callQueue: class java.util.concurrent.LinkedBlockingQueue, queueCapacity: 5000, scheduler: class org.apache.hadoop.ipc.DefaultRpcScheduler, ipcBackoff: false.
datanode_1  | 2019-10-08 05:38:01 INFO  RaftServerImpl:170 - 7ac09182-651a-4e92-83a7-cea3ebd61cba@group-D0DB3715121D: changes role from  FOLLOWER to CANDIDATE at term 0 for changeToCandidate
datanode_3  | 2019-10-08 05:38:01 INFO  SegmentedRaftLogWorker:574 - 47460361-9839-4cfa-ab00-5623a9eae388@group-E21241E3E4A5-SegmentedRaftLogWorker: created new log segment /data/metadata/ratis/51d71c85-d6e7-48b1-964b-e21241e3e4a5/current/log_inprogress_0
kms_1       | 	at com.sun.xml.bind.v2.runtime.JAXBContextImpl.<init>(JAXBContextImpl.java:319)
datanode_3  | 2019-10-08 05:38:01 INFO  FollowerState:108 - 47460361-9839-4cfa-ab00-5623a9eae388@group-D0DB3715121D-FollowerState: change to CANDIDATE, lastRpcTime:5031ms, electionTimeout:5031ms
datanode_2  | 2019-10-08 05:38:01 INFO  LeaderElection:56 - 5069594a-2abc-4ad5-a927-b025d2380006@group-D0DB3715121D-LeaderElection2: Election REJECTED; received 2 response(s) [5069594a-2abc-4ad5-a927-b025d2380006<-7ac09182-651a-4e92-83a7-cea3ebd61cba#0:FAIL-t1, 5069594a-2abc-4ad5-a927-b025d2380006<-47460361-9839-4cfa-ab00-5623a9eae388#0:FAIL-t1] and 0 exception(s); 5069594a-2abc-4ad5-a927-b025d2380006@group-D0DB3715121D:t1, leader=null, voted=5069594a-2abc-4ad5-a927-b025d2380006, raftlog=5069594a-2abc-4ad5-a927-b025d2380006@group-D0DB3715121D-SegmentedRaftLog:OPENED:c-1,f-1,i0, conf=-1: [7ac09182-651a-4e92-83a7-cea3ebd61cba:172.18.0.2:9858, 47460361-9839-4cfa-ab00-5623a9eae388:172.18.0.3:9858, 5069594a-2abc-4ad5-a927-b025d2380006:172.18.0.10:9858], old=null
nm_1        | 2019-10-08 05:38:59 INFO  Server:1849 - Auth successful for appattempt_1570513065680_0001_000001 (auth:SIMPLE)
kdc_1       | WARNING: no policy specified for dn/1960b700f9e9@EXAMPLE.COM; defaulting to no policy
rm_1        | 2019-10-08 05:37:46 INFO  Server:1074 - Starting Socket Reader #1 for port 8032
datanode_1  | 2019-10-08 05:38:01 INFO  RoleInfo:143 - 7ac09182-651a-4e92-83a7-cea3ebd61cba: start LeaderElection
kms_1       | 	at com.sun.xml.bind.v2.runtime.JAXBContextImpl$JAXBContextBuilder.build(JAXBContextImpl.java:1170)
datanode_3  | 2019-10-08 05:38:01 INFO  RoleInfo:121 - 47460361-9839-4cfa-ab00-5623a9eae388: shutdown FollowerState
nm_1        | 2019-10-08 05:38:59 INFO  ContainerManagerImpl:1070 - Start request for container_1570513065680_0001_01_000002 by user hadoop
rm_1        | 2019-10-08 05:37:46 INFO  RpcServerFactoryPBImpl:173 - Adding protocol org.apache.hadoop.yarn.api.ApplicationClientProtocolPB to the server
kdc_1       | Principal "dn/1960b700f9e9@EXAMPLE.COM" created.
datanode_2  | 2019-10-08 05:38:01 INFO  RaftServerImpl:170 - 5069594a-2abc-4ad5-a927-b025d2380006@group-D0DB3715121D: changes role from CANDIDATE to FOLLOWER at term 1 for DISCOVERED_A_NEW_TERM
datanode_1  | 2019-10-08 05:38:01 INFO  LeaderElection:178 - 7ac09182-651a-4e92-83a7-cea3ebd61cba@group-D0DB3715121D-LeaderElection2: begin an election at term 1 for -1: [7ac09182-651a-4e92-83a7-cea3ebd61cba:172.18.0.2:9858, 47460361-9839-4cfa-ab00-5623a9eae388:172.18.0.3:9858, 5069594a-2abc-4ad5-a927-b025d2380006:172.18.0.10:9858], old=null
kms_1       | 	at com.sun.xml.bind.v2.ContextFactory.createContext(ContextFactory.java:145)
datanode_3  | 2019-10-08 05:38:01 INFO  RaftServerImpl:170 - 47460361-9839-4cfa-ab00-5623a9eae388@group-D0DB3715121D: changes role from  FOLLOWER to CANDIDATE at term 0 for changeToCandidate
nm_1        | 2019-10-08 05:38:59 INFO  NMAuditLogger:94 - USER=hadoop	IP=172.18.0.5	OPERATION=Start Container Request	TARGET=ContainerManageImpl	RESULT=SUCCESS	APPID=application_1570513065680_0001	CONTAINERID=container_1570513065680_0001_01_000002
kdc_1       | Authenticating as principal admin/admin with keytab /tmp/admin.keytab.
rm_1        | 2019-10-08 05:37:46 INFO  Server:1314 - IPC Server Responder: starting
datanode_2  | 2019-10-08 05:38:01 INFO  RoleInfo:134 - 5069594a-2abc-4ad5-a927-b025d2380006: shutdown LeaderElection
kms_1       | 	at sun.reflect.NativeMethodAccessorImpl.invoke0(Native Method)
datanode_3  | 2019-10-08 05:38:01 INFO  RoleInfo:143 - 47460361-9839-4cfa-ab00-5623a9eae388: start LeaderElection
kdc_1       | Entry for principal dn/1960b700f9e9@EXAMPLE.COM with kvno 2, encryption type aes256-cts-hmac-sha1-96 added to keytab WRFILE:/data/dn.1960b700f9e9.keytab.
nm_1        | 2019-10-08 05:38:59 INFO  ApplicationImpl:463 - Adding container_1570513065680_0001_01_000002 to application application_1570513065680_0001
rm_1        | 2019-10-08 05:37:46 INFO  Server:1153 - IPC Server listener on 8032: starting
datanode_2  | 2019-10-08 05:38:01 INFO  RoleInfo:143 - 5069594a-2abc-4ad5-a927-b025d2380006: start FollowerState
kms_1       | 	at sun.reflect.NativeMethodAccessorImpl.invoke(NativeMethodAccessorImpl.java:62)
datanode_1  | 2019-10-08 05:38:01 INFO  LeaderElection:56 - 7ac09182-651a-4e92-83a7-cea3ebd61cba@group-D0DB3715121D-LeaderElection2: Election REJECTED; received 2 response(s) [7ac09182-651a-4e92-83a7-cea3ebd61cba<-47460361-9839-4cfa-ab00-5623a9eae388#0:FAIL-t1, 7ac09182-651a-4e92-83a7-cea3ebd61cba<-5069594a-2abc-4ad5-a927-b025d2380006#0:FAIL-t1] and 0 exception(s); 7ac09182-651a-4e92-83a7-cea3ebd61cba@group-D0DB3715121D:t1, leader=null, voted=7ac09182-651a-4e92-83a7-cea3ebd61cba, raftlog=7ac09182-651a-4e92-83a7-cea3ebd61cba@group-D0DB3715121D-SegmentedRaftLog:OPENED:c-1,f-1,i0, conf=-1: [7ac09182-651a-4e92-83a7-cea3ebd61cba:172.18.0.2:9858, 47460361-9839-4cfa-ab00-5623a9eae388:172.18.0.3:9858, 5069594a-2abc-4ad5-a927-b025d2380006:172.18.0.10:9858], old=null
kdc_1       | Entry for principal dn/1960b700f9e9@EXAMPLE.COM with kvno 2, encryption type aes128-cts-hmac-sha1-96 added to keytab WRFILE:/data/dn.1960b700f9e9.keytab.
nm_1        | 2019-10-08 05:38:59 INFO  ContainerImpl:2112 - Container container_1570513065680_0001_01_000002 transitioned from NEW to LOCALIZING
rm_1        | 2019-10-08 05:37:46 INFO  ResourceManager:1308 - Transitioned to active state
datanode_3  | 2019-10-08 05:38:01 INFO  LeaderElection:178 - 47460361-9839-4cfa-ab00-5623a9eae388@group-D0DB3715121D-LeaderElection2: begin an election at term 1 for -1: [7ac09182-651a-4e92-83a7-cea3ebd61cba:172.18.0.2:9858, 47460361-9839-4cfa-ab00-5623a9eae388:172.18.0.3:9858, 5069594a-2abc-4ad5-a927-b025d2380006:172.18.0.10:9858], old=null
kms_1       | 	at sun.reflect.DelegatingMethodAccessorImpl.invoke(DelegatingMethodAccessorImpl.java:43)
datanode_2  | 2019-10-08 05:38:06 INFO  RaftServerImpl:170 - 5069594a-2abc-4ad5-a927-b025d2380006@group-D0DB3715121D: changes role from  FOLLOWER to FOLLOWER at term 2 for recognizeCandidate:47460361-9839-4cfa-ab00-5623a9eae388
datanode_1  | 2019-10-08 05:38:01 INFO  RaftServerImpl:170 - 7ac09182-651a-4e92-83a7-cea3ebd61cba@group-D0DB3715121D: changes role from CANDIDATE to FOLLOWER at term 1 for DISCOVERED_A_NEW_TERM
kdc_1       | Generiting keytab
nm_1        | 2019-10-08 05:38:59 INFO  AuxServices:350 - Got event CONTAINER_INIT for appId application_1570513065680_0001
rm_1        | 2019-10-08 05:37:47 INFO  Server:1849 - Auth successful for nm/nm@EXAMPLE.COM (auth:KERBEROS)
kms_1       | 	at java.lang.reflect.Method.invoke(Method.java:498)
datanode_2  | 2019-10-08 05:38:06 INFO  RoleInfo:121 - 5069594a-2abc-4ad5-a927-b025d2380006: shutdown FollowerState
datanode_3  | 2019-10-08 05:38:01 INFO  LeaderElection:56 - 47460361-9839-4cfa-ab00-5623a9eae388@group-D0DB3715121D-LeaderElection2: Election REJECTED; received 2 response(s) [47460361-9839-4cfa-ab00-5623a9eae388<-7ac09182-651a-4e92-83a7-cea3ebd61cba#0:FAIL-t1, 47460361-9839-4cfa-ab00-5623a9eae388<-5069594a-2abc-4ad5-a927-b025d2380006#0:FAIL-t1] and 0 exception(s); 47460361-9839-4cfa-ab00-5623a9eae388@group-D0DB3715121D:t1, leader=null, voted=47460361-9839-4cfa-ab00-5623a9eae388, raftlog=47460361-9839-4cfa-ab00-5623a9eae388@group-D0DB3715121D-SegmentedRaftLog:OPENED:c-1,f-1,i0, conf=-1: [7ac09182-651a-4e92-83a7-cea3ebd61cba:172.18.0.2:9858, 47460361-9839-4cfa-ab00-5623a9eae388:172.18.0.3:9858, 5069594a-2abc-4ad5-a927-b025d2380006:172.18.0.10:9858], old=null
datanode_1  | 2019-10-08 05:38:01 INFO  RoleInfo:134 - 7ac09182-651a-4e92-83a7-cea3ebd61cba: shutdown LeaderElection
kdc_1       | Authenticating as principal admin/admin with keytab /tmp/admin.keytab.
nm_1        | 2019-10-08 05:38:59 INFO  AuxServices:350 - Got event APPLICATION_INIT for appId application_1570513065680_0001
rm_1        | 2019-10-08 05:37:47 INFO  ResourceTrackerService:497 - NodeManager from node nm(cmPort: 38401 httpPort: 8042) registered with capability: <memory:8192, vCores:8>, assigned nodeId nm:38401
kms_1       | 	at javax.xml.bind.ContextFinder.newInstance(ContextFinder.java:247)
datanode_2  | 2019-10-08 05:38:06 INFO  RoleInfo:143 - 5069594a-2abc-4ad5-a927-b025d2380006: start FollowerState
datanode_3  | 2019-10-08 05:38:01 INFO  RaftServerImpl:170 - 47460361-9839-4cfa-ab00-5623a9eae388@group-D0DB3715121D: changes role from CANDIDATE to FOLLOWER at term 1 for DISCOVERED_A_NEW_TERM
datanode_1  | 2019-10-08 05:38:01 INFO  RoleInfo:143 - 7ac09182-651a-4e92-83a7-cea3ebd61cba: start FollowerState
kdc_1       | WARNING: no policy specified for om/scm@EXAMPLE.COM; defaulting to no policy
nm_1        | 2019-10-08 05:38:59 INFO  AuxServices:354 - Got APPLICATION_INIT for service mapreduce_shuffle
rm_1        | 2019-10-08 05:37:47 INFO  RMNodeImpl:674 - nm:38401 Node Transitioned from NEW to RUNNING
kms_1       | 	at javax.xml.bind.ContextFinder.newInstance(ContextFinder.java:234)
datanode_2  | 2019-10-08 05:38:06 INFO  FollowerState:117 - 5069594a-2abc-4ad5-a927-b025d2380006@group-D0DB3715121D-FollowerState was interrupted: java.lang.InterruptedException: sleep interrupted
datanode_3  | 2019-10-08 05:38:01 INFO  RoleInfo:134 - 47460361-9839-4cfa-ab00-5623a9eae388: shutdown LeaderElection
datanode_1  | 2019-10-08 05:38:06 INFO  RaftServerImpl:170 - 7ac09182-651a-4e92-83a7-cea3ebd61cba@group-D0DB3715121D: changes role from  FOLLOWER to FOLLOWER at term 2 for recognizeCandidate:47460361-9839-4cfa-ab00-5623a9eae388
kdc_1       | Principal "om/scm@EXAMPLE.COM" created.
nm_1        | 2019-10-08 05:39:00 INFO  ShuffleHandler:719 - Added token for job_1570513065680_0001
rm_1        | 2019-10-08 05:37:47 INFO  CapacityScheduler:2004 - Added node nm:38401 clusterResource: <memory:8192, vCores:8>
kms_1       | 	at javax.xml.bind.ContextFinder.find(ContextFinder.java:441)
datanode_2  | 2019-10-08 05:38:06 INFO  RaftServerImpl:255 - 5069594a-2abc-4ad5-a927-b025d2380006@group-D0DB3715121D: change Leader from null to 47460361-9839-4cfa-ab00-5623a9eae388 at term 2 for appendEntries, leader elected after 10522ms
datanode_3  | 2019-10-08 05:38:01 INFO  RoleInfo:143 - 47460361-9839-4cfa-ab00-5623a9eae388: start FollowerState
datanode_1  | 2019-10-08 05:38:06 INFO  RoleInfo:121 - 7ac09182-651a-4e92-83a7-cea3ebd61cba: shutdown FollowerState
nm_1        | 2019-10-08 05:39:00 INFO  ContainerImpl:2112 - Container container_1570513065680_0001_01_000002 transitioned from LOCALIZING to SCHEDULED
kdc_1       | Authenticating as principal admin/admin with keytab /tmp/admin.keytab.
rm_1        | 2019-10-08 05:38:41 INFO  Server:1849 - Auth successful for hadoop/rm@EXAMPLE.COM (auth:KERBEROS)
kms_1       | 	at javax.xml.bind.JAXBContext.newInstance(JAXBContext.java:641)
datanode_2  | 2019-10-08 05:38:07 INFO  RaftServerImpl:356 - 5069594a-2abc-4ad5-a927-b025d2380006@group-D0DB3715121D: set configuration 0: [7ac09182-651a-4e92-83a7-cea3ebd61cba:172.18.0.2:9858, 47460361-9839-4cfa-ab00-5623a9eae388:172.18.0.3:9858, 5069594a-2abc-4ad5-a927-b025d2380006:172.18.0.10:9858], old=null at 0
datanode_3  | 2019-10-08 05:38:06 INFO  FollowerState:108 - 47460361-9839-4cfa-ab00-5623a9eae388@group-D0DB3715121D-FollowerState: change to CANDIDATE, lastRpcTime:5107ms, electionTimeout:5107ms
datanode_1  | 2019-10-08 05:38:06 INFO  RoleInfo:143 - 7ac09182-651a-4e92-83a7-cea3ebd61cba: start FollowerState
nm_1        | 2019-10-08 05:39:00 INFO  ContainerScheduler:541 - Starting container [container_1570513065680_0001_01_000002]
kdc_1       | Entry for principal om/scm@EXAMPLE.COM with kvno 2, encryption type aes256-cts-hmac-sha1-96 added to keytab WRFILE:/data/om.scm.keytab.
rm_1        | 2019-10-08 05:38:41 INFO  ClientRMService:355 - Allocated new applicationId: 1
kms_1       | 	at javax.xml.bind.JAXBContext.newInstance(JAXBContext.java:584)
datanode_3  | 2019-10-08 05:38:06 INFO  RoleInfo:121 - 47460361-9839-4cfa-ab00-5623a9eae388: shutdown FollowerState
datanode_2  | 2019-10-08 05:38:07 INFO  SegmentedRaftLogWorker:385 - 5069594a-2abc-4ad5-a927-b025d2380006@group-D0DB3715121D-SegmentedRaftLogWorker: Starting segment from index:0
datanode_1  | 2019-10-08 05:38:06 INFO  FollowerState:117 - 7ac09182-651a-4e92-83a7-cea3ebd61cba@group-D0DB3715121D-FollowerState was interrupted: java.lang.InterruptedException: sleep interrupted
nm_1        | 2019-10-08 05:39:00 INFO  ContainerImpl:2112 - Container container_1570513065680_0001_01_000002 transitioned from SCHEDULED to RUNNING
kdc_1       | Entry for principal om/scm@EXAMPLE.COM with kvno 2, encryption type aes128-cts-hmac-sha1-96 added to keytab WRFILE:/data/om.scm.keytab.
rm_1        | 2019-10-08 05:38:44 INFO  CapacityScheduler:2641 - Application 'application_1570513065680_0001' is submitted without priority hence considering default queue/cluster priority: 0
kms_1       | 	at com.sun.jersey.server.wadl.generators.WadlGeneratorJAXBGrammarGenerator.buildModelAndSchemas(WadlGeneratorJAXBGrammarGenerator.java:169)
datanode_3  | 2019-10-08 05:38:06 INFO  RaftServerImpl:170 - 47460361-9839-4cfa-ab00-5623a9eae388@group-D0DB3715121D: changes role from  FOLLOWER to CANDIDATE at term 1 for changeToCandidate
datanode_2  | 2019-10-08 05:38:07 INFO  SegmentedRaftLogWorker:574 - 5069594a-2abc-4ad5-a927-b025d2380006@group-D0DB3715121D-SegmentedRaftLogWorker: created new log segment /data/metadata/ratis/cf1a1b75-bc58-4580-be3f-d0db3715121d/current/log_inprogress_0
datanode_1  | 2019-10-08 05:38:06 INFO  RaftServerImpl:255 - 7ac09182-651a-4e92-83a7-cea3ebd61cba@group-D0DB3715121D: change Leader from null to 47460361-9839-4cfa-ab00-5623a9eae388 at term 2 for appendEntries, leader elected after 10520ms
nm_1        | 2019-10-08 05:39:00 INFO  ContainersMonitorImpl:1013 - Starting resource-monitoring for container_1570513065680_0001_01_000002
kdc_1       | Generiting keytab
rm_1        | 2019-10-08 05:38:44 INFO  CapacityScheduler:2662 - Priority '0' is acceptable in queue : default for application: application_1570513065680_0001
kms_1       | 	at com.sun.jersey.server.wadl.generators.AbstractWadlGeneratorGrammarGenerator.createExternalGrammar(AbstractWadlGeneratorGrammarGenerator.java:405)
datanode_3  | 2019-10-08 05:38:06 INFO  RoleInfo:143 - 47460361-9839-4cfa-ab00-5623a9eae388: start LeaderElection
datanode_2  | 2019-10-08 05:38:24 INFO  DNCertificateClient:278 - Getting certificate with certSerialId:10859828142331315.
datanode_1  | 2019-10-08 05:38:07 INFO  RaftServerImpl:356 - 7ac09182-651a-4e92-83a7-cea3ebd61cba@group-D0DB3715121D: set configuration 0: [7ac09182-651a-4e92-83a7-cea3ebd61cba:172.18.0.2:9858, 47460361-9839-4cfa-ab00-5623a9eae388:172.18.0.3:9858, 5069594a-2abc-4ad5-a927-b025d2380006:172.18.0.10:9858], old=null at 0
