Attaching to ozonesecure-mr_s3g_1, jhs, ozonesecure-mr_kdc_1, ozonesecure-mr_scm_1, ozonesecure-mr_datanode_2, ozonesecure-mr_rm_1, ozonesecure-mr_datanode_3, ozonesecure-mr_kms_1, ozonesecure-mr_nm_1, ozonesecure-mr_om_1, ozonesecure-mr_datanode_1
s3g_1       | Sleeping for 5 seconds
s3g_1       | Setting up kerberos!!
s3g_1       | KDC ISSUER_SERVER => kdc:8081
s3g_1       | /opt/hadoop/bin/docker/entrypoint.sh: line 66: SLEEP_SECONDS: command not found
s3g_1       | Sleeping for  seconds
jhs         | Sleeping for 5 seconds
s3g_1       | Got 200, KDC service ready!!
jhs         | Setting up kerberos!!
s3g_1       | Download dn/s3g@EXAMPLE.COM keytab file to /etc/security/keytabs/dn.keytab
jhs         | KDC ISSUER_SERVER => kdc:8081
s3g_1       | --2019-10-07 08:06:05--  http://kdc:8081/keytab/s3g/dn
jhs         | /opt/starter.sh: line 66: SLEEP_SECONDS: command not found
s3g_1       | Resolving kdc (kdc)... 172.18.0.8
scm_1       | Sleeping for 5 seconds
jhs         | Sleeping for  seconds
s3g_1       | Connecting to kdc (kdc)|172.18.0.8|:8081... connected.
scm_1       | Setting up kerberos!!
jhs         | Got 200, KDC service ready!!
s3g_1       | HTTP request sent, awaiting response... 200 OK
jhs         | Download dn/jhs@EXAMPLE.COM keytab file to /etc/security/keytabs/dn.keytab
scm_1       | KDC ISSUER_SERVER => kdc:8081
s3g_1       | Length: 140 [application/octet-stream]
scm_1       | /opt/hadoop/bin/docker/entrypoint.sh: line 66: SLEEP_SECONDS: command not found
jhs         | --2019-10-07 08:06:05--  http://kdc:8081/keytab/jhs/dn
s3g_1       | Saving to: '/etc/security/keytabs/dn.keytab'
scm_1       | Sleeping for  seconds
datanode_2  | Sleeping for 5 seconds
jhs         | Resolving kdc (kdc)... 172.18.0.8
s3g_1       | 
jhs         | Connecting to kdc (kdc)|172.18.0.8|:8081... connected.
datanode_2  | Setting up kerberos!!
jhs         | HTTP request sent, awaiting response... 200 OK
scm_1       | Got 200, KDC service ready!!
kdc_1       | Issuer is listening on : 8081krb5kdc: starting...
datanode_2  | KDC ISSUER_SERVER => kdc:8081
jhs         | Length: 140 [application/octet-stream]
s3g_1       |      0K                                                       100% 11.9M=0s
scm_1       | Download dn/scm@EXAMPLE.COM keytab file to /etc/security/keytabs/dn.keytab
kdc_1       | Generiting keytab
datanode_2  | /opt/hadoop/bin/docker/entrypoint.sh: line 66: SLEEP_SECONDS: command not found
jhs         | Saving to: '/etc/security/keytabs/dn.keytab'
datanode_3  | Sleeping for 5 seconds
s3g_1       | 
rm_1        | Sleeping for 5 seconds
datanode_2  | Sleeping for  seconds
om_1        | Sleeping for 5 seconds
datanode_1  | Sleeping for 5 seconds
scm_1       | --2019-10-07 08:06:05--  http://kdc:8081/keytab/scm/dn
jhs         | 
kdc_1       | Authenticating as principal admin/admin with keytab /tmp/admin.keytab.
datanode_3  | Setting up kerberos!!
s3g_1       | 2019-10-07 08:06:05 (11.9 MB/s) - '/etc/security/keytabs/dn.keytab' saved [140/140]
datanode_2  | Got 200, KDC service ready!!
datanode_1  | Setting up kerberos!!
rm_1        | Setting up kerberos!!
om_1        | Setting up kerberos!!
scm_1       | Resolving kdc (kdc)... 172.18.0.8
jhs         |      0K                                                       100% 10.3M=0s
kms_1       | Sleeping for 5 seconds
datanode_3  | KDC ISSUER_SERVER => kdc:8081
kdc_1       | kadmin: Communication failure with server while initializing kadmin interface
nm_1        | Sleeping for 5 seconds
s3g_1       | 
datanode_2  | Download dn/13f66c8bb351@EXAMPLE.COM keytab file to /etc/security/keytabs/dn.keytab
datanode_1  | KDC ISSUER_SERVER => kdc:8081
rm_1        | KDC ISSUER_SERVER => kdc:8081
om_1        | KDC ISSUER_SERVER => kdc:8081
scm_1       | Connecting to kdc (kdc)|172.18.0.8|:8081... connected.
jhs         | 
kms_1       | Setting up kerberos!!
datanode_3  | /opt/hadoop/bin/docker/entrypoint.sh: line 66: SLEEP_SECONDS: command not found
kdc_1       | Authenticating as principal admin/admin with keytab /tmp/admin.keytab.
nm_1        | Setting up kerberos!!
datanode_2  | --2019-10-07 08:06:04--  http://kdc:8081/keytab/13f66c8bb351/dn
s3g_1       | Keytab name: FILE:/etc/security/keytabs/dn.keytab
datanode_1  | /opt/hadoop/bin/docker/entrypoint.sh: line 66: SLEEP_SECONDS: command not found
rm_1        | /opt/starter.sh: line 66: SLEEP_SECONDS: command not found
om_1        | /opt/hadoop/bin/docker/entrypoint.sh: line 66: SLEEP_SECONDS: command not found
jhs         | 2019-10-07 08:06:06 (10.3 MB/s) - '/etc/security/keytabs/dn.keytab' saved [140/140]
scm_1       | HTTP request sent, awaiting response... 200 OK
kms_1       | KDC ISSUER_SERVER => kdc:8081
datanode_3  | Sleeping for  seconds
kdc_1       | kadmin: Communication failure with server while initializing kadmin interface
nm_1        | KDC ISSUER_SERVER => kdc:8081
datanode_2  | Resolving kdc (kdc)... 172.18.0.8
s3g_1       | KVNO Timestamp         Principal
datanode_1  | Sleeping for  seconds
rm_1        | Sleeping for  seconds
om_1        | Sleeping for  seconds
jhs         | 
scm_1       | Length: 140 [application/octet-stream]
kms_1       | /opt/starter.sh: line 66: SLEEP_SECONDS: command not found
datanode_3  | Got 200, KDC service ready!!
kdc_1       | Generiting keytab
nm_1        | Sleeping for  seconds
datanode_2  | Connecting to kdc (kdc)|172.18.0.8|:8081... connected.
s3g_1       | ---- ----------------- --------------------------------------------------------
datanode_1  | Got 000 :( KDC service not ready yet...
rm_1        | Got 200, KDC service ready!!
om_1        | Got 200, KDC service ready!!
jhs         | Keytab name: FILE:/etc/security/keytabs/dn.keytab
scm_1       | Saving to: '/etc/security/keytabs/dn.keytab'
kms_1       | Sleeping for  seconds
datanode_3  | Download dn/2d96acd83dd0@EXAMPLE.COM keytab file to /etc/security/keytabs/dn.keytab
kdc_1       | Authenticating as principal admin/admin with keytab /tmp/admin.keytab.
nm_1        | /opt/starter.sh: line 66: SLEEP_SECONDS: command not found
datanode_2  | HTTP request sent, awaiting response... 200 OK
s3g_1       |    2 10/07/19 08:06:05 dn/s3g@EXAMPLE.COM
datanode_1  | Got 200, KDC service ready!!
rm_1        | Download dn/rm@EXAMPLE.COM keytab file to /etc/security/keytabs/dn.keytab
jhs         | KVNO Timestamp         Principal
scm_1       | 
kms_1       | Got 200, KDC service ready!!
om_1        | Download dn/om@EXAMPLE.COM keytab file to /etc/security/keytabs/dn.keytab
datanode_3  | --2019-10-07 08:06:04--  http://kdc:8081/keytab/2d96acd83dd0/dn
kdc_1       | kadmin: Communication failure with server while initializing kadmin interface
nm_1        | Got 200, KDC service ready!!
s3g_1       |    2 10/07/19 08:06:05 dn/s3g@EXAMPLE.COM
datanode_2  | Length: 158 [application/octet-stream]
datanode_1  | Download dn/c06b5081c981@EXAMPLE.COM keytab file to /etc/security/keytabs/dn.keytab
rm_1        | --2019-10-07 08:06:05--  http://kdc:8081/keytab/rm/dn
scm_1       |      0K                                                       100% 13.2M=0s
jhs         | ---- ----------------- --------------------------------------------------------
kms_1       | Download dn/9609b9e50264@EXAMPLE.COM keytab file to /etc/security/keytabs/dn.keytab
om_1        | --2019-10-07 08:06:04--  http://kdc:8081/keytab/om/dn
datanode_3  | Resolving kdc (kdc)... 172.18.0.8
kdc_1       | Authenticating as principal admin/admin with keytab /tmp/admin.keytab.
nm_1        | Download dn/nm@EXAMPLE.COM keytab file to /etc/security/keytabs/dn.keytab
s3g_1       | Download om/s3g@EXAMPLE.COM keytab file to /etc/security/keytabs/om.keytab
datanode_2  | Saving to: '/etc/security/keytabs/dn.keytab'
datanode_1  | --2019-10-07 08:05:56--  http://kdc:8081/keytab/c06b5081c981/dn
scm_1       | 
rm_1        | Resolving kdc (kdc)... 172.18.0.8
jhs         |    2 10/07/19 08:06:06 dn/jhs@EXAMPLE.COM
kms_1       | --2019-10-07 08:06:04--  http://kdc:8081/keytab/9609b9e50264/dn
om_1        | Resolving kdc (kdc)... 172.18.0.8
datanode_3  | Connecting to kdc (kdc)|172.18.0.8|:8081... connected.
kdc_1       | kadmin: Communication failure with server while initializing kadmin interface
s3g_1       | --2019-10-07 08:06:05--  http://kdc:8081/keytab/s3g/om
datanode_1  | Resolving kdc (kdc)... 172.18.0.8
datanode_2  | 
scm_1       | 2019-10-07 08:06:06 (13.2 MB/s) - '/etc/security/keytabs/dn.keytab' saved [140/140]
nm_1        | --2019-10-07 08:05:55--  http://kdc:8081/keytab/nm/dn
rm_1        | Connecting to kdc (kdc)|172.18.0.8|:8081... connected.
jhs         |    2 10/07/19 08:06:06 dn/jhs@EXAMPLE.COM
kms_1       | Resolving kdc (kdc)... 172.18.0.8
om_1        | Connecting to kdc (kdc)|172.18.0.8|:8081... connected.
datanode_3  | HTTP request sent, awaiting response... 200 OK
kdc_1       | Generiting keytab
s3g_1       | Resolving kdc (kdc)... 172.18.0.8
datanode_1  | Connecting to kdc (kdc)|172.18.0.8|:8081... connected.
datanode_2  |      0K                                                       100% 9.09M=0s
scm_1       | 
nm_1        | Resolving kdc (kdc)... 172.18.0.8
rm_1        | HTTP request sent, awaiting response... 200 OK
jhs         | Download om/jhs@EXAMPLE.COM keytab file to /etc/security/keytabs/om.keytab
kms_1       | Connecting to kdc (kdc)|172.18.0.8|:8081... connected.
om_1        | HTTP request sent, awaiting response... 200 OK
datanode_3  | Length: 158 [application/octet-stream]
kdc_1       | Authenticating as principal admin/admin with keytab /tmp/admin.keytab.
s3g_1       | Connecting to kdc (kdc)|172.18.0.8|:8081... connected.
datanode_2  | 
scm_1       | Keytab name: FILE:/etc/security/keytabs/dn.keytab
nm_1        | Connecting to kdc (kdc)|172.18.0.8|:8081... connected.
rm_1        | Length: 138 [application/octet-stream]
jhs         | --2019-10-07 08:06:06--  http://kdc:8081/keytab/jhs/om
datanode_1  | HTTP request sent, awaiting response... 200 OK
kms_1       | HTTP request sent, awaiting response... 200 OK
datanode_3  | Saving to: '/etc/security/keytabs/dn.keytab'
om_1        | Length: 138 [application/octet-stream]
kdc_1       | kadmin: Communication failure with server while initializing kadmin interface
s3g_1       | HTTP request sent, awaiting response... 200 OK
datanode_2  | 2019-10-07 08:06:04 (9.09 MB/s) - '/etc/security/keytabs/dn.keytab' saved [158/158]
scm_1       | KVNO Timestamp         Principal
nm_1        | HTTP request sent, awaiting response... 200 OK
rm_1        | Saving to: '/etc/security/keytabs/dn.keytab'
datanode_1  | Length: 0 [text/plain]
kms_1       | Length: 158 [application/octet-stream]
jhs         | Resolving kdc (kdc)... 172.18.0.8
datanode_3  | 
om_1        | Saving to: '/etc/security/keytabs/dn.keytab'
kdc_1       | Authenticating as principal admin/admin with keytab /tmp/admin.keytab.
s3g_1       | Length: 140 [application/octet-stream]
datanode_2  | 
scm_1       | ---- ----------------- --------------------------------------------------------
nm_1        | Length: 0 [text/plain]
rm_1        | 
datanode_1  | Saving to: '/etc/security/keytabs/dn.keytab'
kms_1       | Saving to: '/etc/security/keytabs/dn.keytab'
jhs         | Connecting to kdc (kdc)|172.18.0.8|:8081... connected.
datanode_3  |      0K                                                       100% 12.9M=0s
kdc_1       | kadmin: Communication failure with server while initializing kadmin interface
om_1        | 
s3g_1       | Saving to: '/etc/security/keytabs/om.keytab'
datanode_2  | Keytab name: FILE:/etc/security/keytabs/dn.keytab
nm_1        | Saving to: '/etc/security/keytabs/dn.keytab'
scm_1       |    2 10/07/19 08:06:06 dn/scm@EXAMPLE.COM
rm_1        |      0K                                                       100% 10.0M=0s
datanode_1  | 
kms_1       | 
jhs         | HTTP request sent, awaiting response... 200 OK
datanode_3  | 
kdc_1       | Generiting keytab
om_1        |      0K                                                       100% 10.2M=0s
s3g_1       | 
datanode_2  | KVNO Timestamp         Principal
nm_1        | 
scm_1       |    2 10/07/19 08:06:06 dn/scm@EXAMPLE.COM
rm_1        | 
datanode_1  |      0K                                                        0.00 =0s
kms_1       |      0K                                                       100% 11.7M=0s
jhs         | Length: 140 [application/octet-stream]
datanode_3  | 2019-10-07 08:06:04 (12.9 MB/s) - '/etc/security/keytabs/dn.keytab' saved [158/158]
kdc_1       | Authenticating as principal admin/admin with keytab /tmp/admin.keytab.
om_1        | 
s3g_1       |      0K                                                       100% 10.4M=0s
datanode_2  | ---- ----------------- --------------------------------------------------------
nm_1        |      0K                                                        0.00 =0s
scm_1       | Download om/scm@EXAMPLE.COM keytab file to /etc/security/keytabs/om.keytab
rm_1        | 2019-10-07 08:06:05 (10.0 MB/s) - '/etc/security/keytabs/dn.keytab' saved [138/138]
datanode_1  | 
kms_1       | 
jhs         | Saving to: '/etc/security/keytabs/om.keytab'
datanode_3  | 
kdc_1       | kadmin: Communication failure with server while initializing kadmin interface
om_1        | 2019-10-07 08:06:04 (10.2 MB/s) - '/etc/security/keytabs/dn.keytab' saved [138/138]
s3g_1       | 
nm_1        | 
scm_1       | --2019-10-07 08:06:06--  http://kdc:8081/keytab/scm/om
datanode_2  |    2 10/07/19 08:06:04 dn/13f66c8bb351@EXAMPLE.COM
rm_1        | 
datanode_1  | 2019-10-07 08:05:56 (0.00 B/s) - '/etc/security/keytabs/dn.keytab' saved [0/0]
kms_1       | 2019-10-07 08:06:04 (11.7 MB/s) - '/etc/security/keytabs/dn.keytab' saved [158/158]
jhs         | 
datanode_3  | Keytab name: FILE:/etc/security/keytabs/dn.keytab
kdc_1       | Authenticating as principal admin/admin with keytab /tmp/admin.keytab.
om_1        | 
s3g_1       | 2019-10-07 08:06:06 (10.4 MB/s) - '/etc/security/keytabs/om.keytab' saved [140/140]
nm_1        | 2019-10-07 08:05:55 (0.00 B/s) - '/etc/security/keytabs/dn.keytab' saved [0/0]
scm_1       | Resolving kdc (kdc)... 172.18.0.8
datanode_2  |    2 10/07/19 08:06:04 dn/13f66c8bb351@EXAMPLE.COM
rm_1        | Keytab name: FILE:/etc/security/keytabs/dn.keytab
datanode_1  | 
kms_1       | 
jhs         |      0K                                                       100% 10.2M=0s
datanode_3  | KVNO Timestamp         Principal
kdc_1       | kadmin: Communication failure with server while initializing kadmin interface
om_1        | Keytab name: FILE:/etc/security/keytabs/dn.keytab
s3g_1       | 
nm_1        | 
scm_1       | Connecting to kdc (kdc)|172.18.0.8|:8081... connected.
datanode_2  | Download om/13f66c8bb351@EXAMPLE.COM keytab file to /etc/security/keytabs/om.keytab
rm_1        | KVNO Timestamp         Principal
kms_1       | Keytab name: FILE:/etc/security/keytabs/dn.keytab
jhs         | 
datanode_1  | klist: Unsupported key table format version number while starting keytab scan
datanode_3  | ---- ----------------- --------------------------------------------------------
kdc_1       | kadmind: starting...
om_1        | KVNO Timestamp         Principal
s3g_1       | Keytab name: FILE:/etc/security/keytabs/om.keytab
nm_1        | Keytab name: FILE:/etc/security/keytabs/dn.keytab
scm_1       | HTTP request sent, awaiting response... 200 OK
datanode_2  | --2019-10-07 08:06:04--  http://kdc:8081/keytab/13f66c8bb351/om
rm_1        | ---- ----------------- --------------------------------------------------------
kms_1       | KVNO Timestamp         Principal
jhs         | 2019-10-07 08:06:06 (10.2 MB/s) - '/etc/security/keytabs/om.keytab' saved [140/140]
datanode_1  | Keytab name: FILE:/etc/security/keytabs/dn.keytab
datanode_3  |    2 10/07/19 08:06:04 dn/2d96acd83dd0@EXAMPLE.COM
kdc_1       | Oct 07 08:05:55 kdc krb5kdc[9](info): AS_REQ (8 etypes {18 17 20 19 16 23 25 26}) 127.0.0.1: SERVER_NOT_FOUND: admin/admin@EXAMPLE.COM for kadmin/localhost@EXAMPLE.COM, Server not found in Kerberos database
om_1        | ---- ----------------- --------------------------------------------------------
s3g_1       | KVNO Timestamp         Principal
nm_1        | klist: Unsupported key table format version number while starting keytab scan
scm_1       | Length: 140 [application/octet-stream]
datanode_2  | Resolving kdc (kdc)... 172.18.0.8
rm_1        |    2 10/07/19 08:06:05 dn/rm@EXAMPLE.COM
kms_1       | ---- ----------------- --------------------------------------------------------
jhs         | 
datanode_3  |    2 10/07/19 08:06:04 dn/2d96acd83dd0@EXAMPLE.COM
om_1        |    2 10/07/19 08:06:04 dn/om@EXAMPLE.COM
s3g_1       | ---- ----------------- --------------------------------------------------------
kdc_1       | Oct 07 08:05:55 kdc krb5kdc[9](info): AS_REQ (8 etypes {18 17 20 19 16 23 25 26}) 127.0.0.1: ISSUE: authtime 1570435555, etypes {rep=18 tkt=18 ses=18}, admin/admin@EXAMPLE.COM for kadmin/admin@EXAMPLE.COM
scm_1       | Saving to: '/etc/security/keytabs/om.keytab'
datanode_2  | Connecting to kdc (kdc)|172.18.0.8|:8081... connected.
rm_1        |    2 10/07/19 08:06:05 dn/rm@EXAMPLE.COM
kms_1       |    2 10/07/19 08:06:04 dn/9609b9e50264@EXAMPLE.COM
jhs         | Keytab name: FILE:/etc/security/keytabs/om.keytab
datanode_3  | Download om/2d96acd83dd0@EXAMPLE.COM keytab file to /etc/security/keytabs/om.keytab
s3g_1       |    2 10/07/19 08:06:06 om/s3g@EXAMPLE.COM
kdc_1       | Oct 07 08:05:56 kdc krb5kdc[9](info): AS_REQ (8 etypes {18 17 20 19 16 23 25 26}) 127.0.0.1: SERVER_NOT_FOUND: admin/admin@EXAMPLE.COM for kadmin/localhost@EXAMPLE.COM, Server not found in Kerberos database
om_1        |    2 10/07/19 08:06:04 dn/om@EXAMPLE.COM
scm_1       | 
datanode_2  | HTTP request sent, awaiting response... 200 OK
rm_1        | Download om/rm@EXAMPLE.COM keytab file to /etc/security/keytabs/om.keytab
kms_1       |    2 10/07/19 08:06:04 dn/9609b9e50264@EXAMPLE.COM
jhs         | KVNO Timestamp         Principal
datanode_3  | --2019-10-07 08:06:04--  http://kdc:8081/keytab/2d96acd83dd0/om
s3g_1       |    2 10/07/19 08:06:06 om/s3g@EXAMPLE.COM
kdc_1       | Oct 07 08:05:56 kdc krb5kdc[9](info): AS_REQ (8 etypes {18 17 20 19 16 23 25 26}) 127.0.0.1: ISSUE: authtime 1570435556, etypes {rep=18 tkt=18 ses=18}, admin/admin@EXAMPLE.COM for kadmin/admin@EXAMPLE.COM
om_1        | Download om/om@EXAMPLE.COM keytab file to /etc/security/keytabs/om.keytab
scm_1       |      0K                                                       100% 9.55M=0s
datanode_2  | Length: 158 [application/octet-stream]
rm_1        | --2019-10-07 08:06:05--  http://kdc:8081/keytab/rm/om
kms_1       | Download om/9609b9e50264@EXAMPLE.COM keytab file to /etc/security/keytabs/om.keytab
jhs         | ---- ----------------- --------------------------------------------------------
datanode_3  | Resolving kdc (kdc)... 172.18.0.8
s3g_1       | Download scm/s3g@EXAMPLE.COM keytab file to /etc/security/keytabs/scm.keytab
kdc_1       | Oct 07 08:05:56 kdc krb5kdc[9](info): AS_REQ (8 etypes {18 17 20 19 16 23 25 26}) 127.0.0.1: SERVER_NOT_FOUND: admin/admin@EXAMPLE.COM for kadmin/localhost@EXAMPLE.COM, Server not found in Kerberos database
om_1        | --2019-10-07 08:06:04--  http://kdc:8081/keytab/om/om
scm_1       | 
datanode_2  | Saving to: '/etc/security/keytabs/om.keytab'
rm_1        | Resolving kdc (kdc)... 172.18.0.8
kms_1       | --2019-10-07 08:06:04--  http://kdc:8081/keytab/9609b9e50264/om
jhs         |    2 10/07/19 08:06:06 om/jhs@EXAMPLE.COM
datanode_3  | Connecting to kdc (kdc)|172.18.0.8|:8081... connected.
s3g_1       | --2019-10-07 08:06:06--  http://kdc:8081/keytab/s3g/scm
kdc_1       | Oct 07 08:05:56 kdc krb5kdc[9](info): AS_REQ (8 etypes {18 17 20 19 16 23 25 26}) 127.0.0.1: ISSUE: authtime 1570435556, etypes {rep=18 tkt=18 ses=18}, admin/admin@EXAMPLE.COM for kadmin/admin@EXAMPLE.COM
om_1        | Resolving kdc (kdc)... 172.18.0.8
scm_1       | 2019-10-07 08:06:07 (9.55 MB/s) - '/etc/security/keytabs/om.keytab' saved [140/140]
datanode_2  | 
rm_1        | Connecting to kdc (kdc)|172.18.0.8|:8081... connected.
kms_1       | Resolving kdc (kdc)... 172.18.0.8
jhs         |    2 10/07/19 08:06:06 om/jhs@EXAMPLE.COM
datanode_3  | HTTP request sent, awaiting response... 200 OK
s3g_1       | Resolving kdc (kdc)... 172.18.0.8
kdc_1       | Oct 07 08:05:56 kdc krb5kdc[9](info): AS_REQ (8 etypes {18 17 20 19 16 23 25 26}) 127.0.0.1: SERVER_NOT_FOUND: admin/admin@EXAMPLE.COM for kadmin/localhost@EXAMPLE.COM, Server not found in Kerberos database
om_1        | Connecting to kdc (kdc)|172.18.0.8|:8081... connected.
scm_1       | 
datanode_2  |      0K                                                       100% 9.39M=0s
rm_1        | HTTP request sent, awaiting response... 200 OK
kms_1       | Connecting to kdc (kdc)|172.18.0.8|:8081... connected.
jhs         | Download scm/jhs@EXAMPLE.COM keytab file to /etc/security/keytabs/scm.keytab
datanode_3  | Length: 158 [application/octet-stream]
s3g_1       | Connecting to kdc (kdc)|172.18.0.8|:8081... connected.
kdc_1       | Oct 07 08:05:56 kdc krb5kdc[9](info): AS_REQ (8 etypes {18 17 20 19 16 23 25 26}) 127.0.0.1: ISSUE: authtime 1570435556, etypes {rep=18 tkt=18 ses=18}, admin/admin@EXAMPLE.COM for kadmin/admin@EXAMPLE.COM
om_1        | HTTP request sent, awaiting response... 200 OK
scm_1       | Keytab name: FILE:/etc/security/keytabs/om.keytab
datanode_2  | 
rm_1        | Length: 138 [application/octet-stream]
kms_1       | HTTP request sent, awaiting response... 200 OK
jhs         | --2019-10-07 08:06:06--  http://kdc:8081/keytab/jhs/scm
datanode_3  | Saving to: '/etc/security/keytabs/om.keytab'
s3g_1       | HTTP request sent, awaiting response... 200 OK
kdc_1       | Oct 07 08:05:56 kdc krb5kdc[9](info): AS_REQ (8 etypes {18 17 20 19 16 23 25 26}) 127.0.0.1: SERVER_NOT_FOUND: admin/admin@EXAMPLE.COM for kadmin/localhost@EXAMPLE.COM, Server not found in Kerberos database
om_1        | Length: 138 [application/octet-stream]
scm_1       | KVNO Timestamp         Principal
datanode_2  | 2019-10-07 08:06:05 (9.39 MB/s) - '/etc/security/keytabs/om.keytab' saved [158/158]
rm_1        | Saving to: '/etc/security/keytabs/om.keytab'
kms_1       | Length: 158 [application/octet-stream]
jhs         | Resolving kdc (kdc)... 172.18.0.8
datanode_3  | 
s3g_1       | Length: 142 [application/octet-stream]
kdc_1       | Oct 07 08:05:56 kdc krb5kdc[9](info): AS_REQ (8 etypes {18 17 20 19 16 23 25 26}) 127.0.0.1: ISSUE: authtime 1570435556, etypes {rep=18 tkt=18 ses=18}, admin/admin@EXAMPLE.COM for kadmin/admin@EXAMPLE.COM
scm_1       | ---- ----------------- --------------------------------------------------------
datanode_2  | 
om_1        | Saving to: '/etc/security/keytabs/om.keytab'
kms_1       | Saving to: '/etc/security/keytabs/om.keytab'
datanode_3  |      0K                                                       100% 12.9M=0s
jhs         | Connecting to kdc (kdc)|172.18.0.8|:8081... connected.
datanode_3  | 
rm_1        | 
kdc_1       | Oct 07 08:05:28 b566bb24e3fe kadmin.local[1](info): No dictionary file specified, continuing without one.
scm_1       |    2 10/07/19 08:06:07 om/scm@EXAMPLE.COM
datanode_2  | Keytab name: FILE:/etc/security/keytabs/om.keytab
om_1        | 
kms_1       | 
s3g_1       | Saving to: '/etc/security/keytabs/scm.keytab'
jhs         | HTTP request sent, awaiting response... 200 OK
datanode_3  | 2019-10-07 08:06:04 (12.9 MB/s) - '/etc/security/keytabs/om.keytab' saved [158/158]
rm_1        |      0K                                                       100% 7.69M=0s
kdc_1       | Oct 07 08:05:30 345d20be3bad kadmin.local[1](info): No dictionary file specified, continuing without one.
scm_1       |    2 10/07/19 08:06:07 om/scm@EXAMPLE.COM
datanode_2  | KVNO Timestamp         Principal
om_1        |      0K                                                       100% 8.63M=0s
kms_1       |      0K                                                       100% 12.4M=0s
s3g_1       | 
jhs         | Length: 142 [application/octet-stream]
datanode_3  | 
rm_1        | 
kdc_1       | Oct 07 08:05:59 kdc kadmind[30](info): No dictionary file specified, continuing without one.
scm_1       | Download scm/scm@EXAMPLE.COM keytab file to /etc/security/keytabs/scm.keytab
datanode_2  | ---- ----------------- --------------------------------------------------------
om_1        | 
kms_1       | 
s3g_1       |      0K                                                       100% 10.2M=0s
jhs         | Saving to: '/etc/security/keytabs/scm.keytab'
datanode_3  | Keytab name: FILE:/etc/security/keytabs/om.keytab
rm_1        | 2019-10-07 08:06:06 (7.69 MB/s) - '/etc/security/keytabs/om.keytab' saved [138/138]
kdc_1       | Oct 07 08:05:59 kdc kadmind[30](info): setting up network...
scm_1       | --2019-10-07 08:06:07--  http://kdc:8081/keytab/scm/scm
datanode_2  |    2 10/07/19 08:06:05 om/13f66c8bb351@EXAMPLE.COM
om_1        | 2019-10-07 08:06:04 (8.63 MB/s) - '/etc/security/keytabs/om.keytab' saved [138/138]
kms_1       | 2019-10-07 08:06:05 (12.4 MB/s) - '/etc/security/keytabs/om.keytab' saved [158/158]
s3g_1       | 
jhs         | 
datanode_3  | KVNO Timestamp         Principal
kdc_1       | kadmind: setsockopt(9,IPV6_V6ONLY,1) worked
scm_1       | Resolving kdc (kdc)... 172.18.0.8
datanode_2  |    2 10/07/19 08:06:05 om/13f66c8bb351@EXAMPLE.COM
om_1        | 
kms_1       | 
s3g_1       | 2019-10-07 08:06:07 (10.2 MB/s) - '/etc/security/keytabs/scm.keytab' saved [142/142]
jhs         |      0K                                                       100% 7.55M=0s
rm_1        | 
datanode_3  | ---- ----------------- --------------------------------------------------------
kdc_1       | kadmind: setsockopt(11,IPV6_V6ONLY,1) worked
scm_1       | Connecting to kdc (kdc)|172.18.0.8|:8081... connected.
datanode_2  | Download scm/13f66c8bb351@EXAMPLE.COM keytab file to /etc/security/keytabs/scm.keytab
om_1        | Keytab name: FILE:/etc/security/keytabs/om.keytab
kms_1       | Keytab name: FILE:/etc/security/keytabs/om.keytab
s3g_1       | 
jhs         | 
datanode_3  |    2 10/07/19 08:06:04 om/2d96acd83dd0@EXAMPLE.COM
scm_1       | HTTP request sent, awaiting response... 200 OK
kdc_1       | kadmind: setsockopt(13,IPV6_V6ONLY,1) worked
rm_1        | Keytab name: FILE:/etc/security/keytabs/om.keytab
datanode_2  | --2019-10-07 08:06:05--  http://kdc:8081/keytab/13f66c8bb351/scm
om_1        | KVNO Timestamp         Principal
kms_1       | KVNO Timestamp         Principal
s3g_1       | Keytab name: FILE:/etc/security/keytabs/scm.keytab
jhs         | 2019-10-07 08:06:07 (7.55 MB/s) - '/etc/security/keytabs/scm.keytab' saved [142/142]
datanode_3  |    2 10/07/19 08:06:04 om/2d96acd83dd0@EXAMPLE.COM
scm_1       | Length: 142 [application/octet-stream]
kdc_1       | Oct 07 08:05:59 kdc kadmind[30](info): set up 6 sockets
rm_1        | KVNO Timestamp         Principal
datanode_2  | Resolving kdc (kdc)... 172.18.0.8
om_1        | ---- ----------------- --------------------------------------------------------
kms_1       | ---- ----------------- --------------------------------------------------------
s3g_1       | KVNO Timestamp         Principal
jhs         | 
datanode_3  | Download scm/2d96acd83dd0@EXAMPLE.COM keytab file to /etc/security/keytabs/scm.keytab
kdc_1       | Oct 07 08:05:59 kdc kadmind[30](info): Seeding random number generator
rm_1        | ---- ----------------- --------------------------------------------------------
datanode_2  | Connecting to kdc (kdc)|172.18.0.8|:8081... connected.
om_1        |    2 10/07/19 08:06:04 om/om@EXAMPLE.COM
kms_1       |    2 10/07/19 08:06:05 om/9609b9e50264@EXAMPLE.COM
s3g_1       | ---- ----------------- --------------------------------------------------------
jhs         | Keytab name: FILE:/etc/security/keytabs/scm.keytab
scm_1       | Saving to: '/etc/security/keytabs/scm.keytab'
datanode_3  | --2019-10-07 08:06:04--  http://kdc:8081/keytab/2d96acd83dd0/scm
kdc_1       | Oct 07 08:05:59 kdc kadmind[30](info): starting
rm_1        |    2 10/07/19 08:06:06 om/rm@EXAMPLE.COM
datanode_2  | HTTP request sent, awaiting response... 200 OK
om_1        |    2 10/07/19 08:06:04 om/om@EXAMPLE.COM
kms_1       |    2 10/07/19 08:06:05 om/9609b9e50264@EXAMPLE.COM
s3g_1       |    2 10/07/19 08:06:07 scm/s3g@EXAMPLE.COM
jhs         | KVNO Timestamp         Principal
scm_1       | 
datanode_3  | Resolving kdc (kdc)... 172.18.0.8
kdc_1       | Generiting keytab
rm_1        |    2 10/07/19 08:06:06 om/rm@EXAMPLE.COM
datanode_2  | Length: 160 [application/octet-stream]
om_1        | Download scm/om@EXAMPLE.COM keytab file to /etc/security/keytabs/scm.keytab
kms_1       | Download scm/9609b9e50264@EXAMPLE.COM keytab file to /etc/security/keytabs/scm.keytab
jhs         | ---- ----------------- --------------------------------------------------------
s3g_1       |    2 10/07/19 08:06:07 scm/s3g@EXAMPLE.COM
scm_1       |      0K                                                       100% 10.3M=0s
datanode_3  | Connecting to kdc (kdc)|172.18.0.8|:8081... connected.
kdc_1       | Authenticating as principal admin/admin with keytab /tmp/admin.keytab.
rm_1        | Download scm/rm@EXAMPLE.COM keytab file to /etc/security/keytabs/scm.keytab
datanode_2  | Saving to: '/etc/security/keytabs/scm.keytab'
om_1        | --2019-10-07 08:06:04--  http://kdc:8081/keytab/om/scm
kms_1       | --2019-10-07 08:06:05--  http://kdc:8081/keytab/9609b9e50264/scm
jhs         |    2 10/07/19 08:06:07 scm/jhs@EXAMPLE.COM
s3g_1       | Download HTTP/s3g@EXAMPLE.COM keytab file to /etc/security/keytabs/HTTP.keytab
datanode_3  | HTTP request sent, awaiting response... 200 OK
kdc_1       | WARNING: no policy specified for test/test@EXAMPLE.COM; defaulting to no policy
rm_1        | --2019-10-07 08:06:06--  http://kdc:8081/keytab/rm/scm
datanode_2  | 
scm_1       | 
om_1        | Resolving kdc (kdc)... 172.18.0.8
kms_1       | Resolving kdc (kdc)... 172.18.0.8
s3g_1       | --2019-10-07 08:06:07--  http://kdc:8081/keytab/s3g/HTTP
jhs         |    2 10/07/19 08:06:07 scm/jhs@EXAMPLE.COM
datanode_3  | Length: 160 [application/octet-stream]
rm_1        | Resolving kdc (kdc)... 172.18.0.8
kdc_1       | Principal "test/test@EXAMPLE.COM" created.
datanode_2  |      0K                                                       100% 8.79M=0s
scm_1       | 2019-10-07 08:06:08 (10.3 MB/s) - '/etc/security/keytabs/scm.keytab' saved [142/142]
om_1        | Connecting to kdc (kdc)|172.18.0.8|:8081... connected.
kms_1       | Connecting to kdc (kdc)|172.18.0.8|:8081... connected.
s3g_1       | Resolving kdc (kdc)... 172.18.0.8
datanode_3  | Saving to: '/etc/security/keytabs/scm.keytab'
jhs         | Download HTTP/jhs@EXAMPLE.COM keytab file to /etc/security/keytabs/HTTP.keytab
rm_1        | Connecting to kdc (kdc)|172.18.0.8|:8081... connected.
kdc_1       | Authenticating as principal admin/admin with keytab /tmp/admin.keytab.
datanode_2  | 
scm_1       | 
om_1        | HTTP request sent, awaiting response... 200 OK
kms_1       | HTTP request sent, awaiting response... 200 OK
s3g_1       | Connecting to kdc (kdc)|172.18.0.8|:8081... connected.
datanode_3  | 
jhs         | --2019-10-07 08:06:07--  http://kdc:8081/keytab/jhs/HTTP
rm_1        | HTTP request sent, awaiting response... 200 OK
kdc_1       | Entry for principal test/test@EXAMPLE.COM with kvno 2, encryption type aes256-cts-hmac-sha1-96 added to keytab WRFILE:/data/test.test.keytab.
datanode_2  | 2019-10-07 08:06:05 (8.79 MB/s) - '/etc/security/keytabs/scm.keytab' saved [160/160]
scm_1       | Keytab name: FILE:/etc/security/keytabs/scm.keytab
om_1        | Length: 140 [application/octet-stream]
kms_1       | Length: 160 [application/octet-stream]
s3g_1       | HTTP request sent, awaiting response... 200 OK
datanode_3  |      0K                                                       100% 8.76M=0s
jhs         | Resolving kdc (kdc)... 172.18.0.8
rm_1        | Length: 140 [application/octet-stream]
kdc_1       | Entry for principal test/test@EXAMPLE.COM with kvno 2, encryption type aes128-cts-hmac-sha1-96 added to keytab WRFILE:/data/test.test.keytab.
datanode_2  | 
scm_1       | KVNO Timestamp         Principal
om_1        | Saving to: '/etc/security/keytabs/scm.keytab'
kms_1       | Saving to: '/etc/security/keytabs/scm.keytab'
s3g_1       | Length: 144 [application/octet-stream]
datanode_3  | 
jhs         | Connecting to kdc (kdc)|172.18.0.8|:8081... connected.
rm_1        | Saving to: '/etc/security/keytabs/scm.keytab'
kdc_1       | Generiting keytab
scm_1       | ---- ----------------- --------------------------------------------------------
datanode_2  | Keytab name: FILE:/etc/security/keytabs/scm.keytab
om_1        | 
s3g_1       | Saving to: '/etc/security/keytabs/HTTP.keytab'
datanode_3  | 2019-10-07 08:06:04 (8.76 MB/s) - '/etc/security/keytabs/scm.keytab' saved [160/160]
kms_1       | 
jhs         | HTTP request sent, awaiting response... 200 OK
rm_1        | 
kdc_1       | Authenticating as principal admin/admin with keytab /tmp/admin.keytab.
scm_1       |    2 10/07/19 08:06:08 scm/scm@EXAMPLE.COM
datanode_2  | KVNO Timestamp         Principal
om_1        |      0K                                                       100% 11.1M=0s
s3g_1       | 
datanode_3  | 
kms_1       |      0K                                                       100% 12.2M=0s
jhs         | Length: 144 [application/octet-stream]
rm_1        |      0K                                                       100% 10.6M=0s
kdc_1       | WARNING: no policy specified for test/test@EXAMPLE.COM; defaulting to no policy
scm_1       |    2 10/07/19 08:06:08 scm/scm@EXAMPLE.COM
datanode_2  | ---- ----------------- --------------------------------------------------------
s3g_1       |      0K                                                       100% 10.5M=0s
om_1        | 
datanode_3  | Keytab name: FILE:/etc/security/keytabs/scm.keytab
kms_1       | 
jhs         | Saving to: '/etc/security/keytabs/HTTP.keytab'
rm_1        | 
kdc_1       | add_principal: Principal or policy already exists while creating "test/test@EXAMPLE.COM".
scm_1       | Download HTTP/scm@EXAMPLE.COM keytab file to /etc/security/keytabs/HTTP.keytab
datanode_2  |    2 10/07/19 08:06:05 scm/13f66c8bb351@EXAMPLE.COM
s3g_1       | 
om_1        | 2019-10-07 08:06:04 (11.1 MB/s) - '/etc/security/keytabs/scm.keytab' saved [140/140]
datanode_3  | KVNO Timestamp         Principal
kms_1       | 2019-10-07 08:06:05 (12.2 MB/s) - '/etc/security/keytabs/scm.keytab' saved [160/160]
rm_1        | 2019-10-07 08:06:06 (10.6 MB/s) - '/etc/security/keytabs/scm.keytab' saved [140/140]
kdc_1       | Authenticating as principal admin/admin with keytab /tmp/admin.keytab.
datanode_2  |    2 10/07/19 08:06:05 scm/13f66c8bb351@EXAMPLE.COM
scm_1       | --2019-10-07 08:06:08--  http://kdc:8081/keytab/scm/HTTP
jhs         | 
s3g_1       | 2019-10-07 08:06:08 (10.5 MB/s) - '/etc/security/keytabs/HTTP.keytab' saved [144/144]
om_1        | 
datanode_3  | ---- ----------------- --------------------------------------------------------
kms_1       | 
rm_1        | 
kdc_1       | Entry for principal test/test@EXAMPLE.COM with kvno 3, encryption type aes256-cts-hmac-sha1-96 added to keytab WRFILE:/data/test.test.keytab.
datanode_2  | Download HTTP/13f66c8bb351@EXAMPLE.COM keytab file to /etc/security/keytabs/HTTP.keytab
scm_1       | Resolving kdc (kdc)... 172.18.0.8
jhs         |      0K                                                       100% 17.2M=0s
s3g_1       | 
om_1        | Keytab name: FILE:/etc/security/keytabs/scm.keytab
datanode_3  |    2 10/07/19 08:06:04 scm/2d96acd83dd0@EXAMPLE.COM
kms_1       | Keytab name: FILE:/etc/security/keytabs/scm.keytab
rm_1        | Keytab name: FILE:/etc/security/keytabs/scm.keytab
kdc_1       | Entry for principal test/test@EXAMPLE.COM with kvno 3, encryption type aes128-cts-hmac-sha1-96 added to keytab WRFILE:/data/test.test.keytab.
datanode_2  | --2019-10-07 08:06:05--  http://kdc:8081/keytab/13f66c8bb351/HTTP
scm_1       | Connecting to kdc (kdc)|172.18.0.8|:8081... connected.
jhs         | 
s3g_1       | Keytab name: FILE:/etc/security/keytabs/HTTP.keytab
om_1        | KVNO Timestamp         Principal
datanode_3  |    2 10/07/19 08:06:04 scm/2d96acd83dd0@EXAMPLE.COM
kms_1       | KVNO Timestamp         Principal
rm_1        | KVNO Timestamp         Principal
kdc_1       | Generiting keytab
datanode_2  | Resolving kdc (kdc)... 172.18.0.8
s3g_1       | KVNO Timestamp         Principal
jhs         | 2019-10-07 08:06:08 (17.2 MB/s) - '/etc/security/keytabs/HTTP.keytab' saved [144/144]
scm_1       | HTTP request sent, awaiting response... 200 OK
om_1        | ---- ----------------- --------------------------------------------------------
datanode_3  | Download HTTP/2d96acd83dd0@EXAMPLE.COM keytab file to /etc/security/keytabs/HTTP.keytab
kms_1       | ---- ----------------- --------------------------------------------------------
rm_1        | ---- ----------------- --------------------------------------------------------
kdc_1       | Authenticating as principal admin/admin with keytab /tmp/admin.keytab.
datanode_2  | Connecting to kdc (kdc)|172.18.0.8|:8081... connected.
s3g_1       | ---- ----------------- --------------------------------------------------------
scm_1       | Length: 144 [application/octet-stream]
om_1        |    2 10/07/19 08:06:04 scm/om@EXAMPLE.COM
datanode_3  | --2019-10-07 08:06:04--  http://kdc:8081/keytab/2d96acd83dd0/HTTP
kms_1       |    2 10/07/19 08:06:05 scm/9609b9e50264@EXAMPLE.COM
rm_1        |    2 10/07/19 08:06:06 scm/rm@EXAMPLE.COM
kdc_1       | WARNING: no policy specified for dn/om@EXAMPLE.COM; defaulting to no policy
datanode_2  | HTTP request sent, awaiting response... 200 OK
s3g_1       |    2 10/07/19 08:06:08 HTTP/s3g@EXAMPLE.COM
jhs         | 
scm_1       | Saving to: '/etc/security/keytabs/HTTP.keytab'
om_1        |    2 10/07/19 08:06:04 scm/om@EXAMPLE.COM
datanode_3  | Resolving kdc (kdc)... 172.18.0.8
kms_1       |    2 10/07/19 08:06:05 scm/9609b9e50264@EXAMPLE.COM
rm_1        |    2 10/07/19 08:06:06 scm/rm@EXAMPLE.COM
kdc_1       | Principal "dn/om@EXAMPLE.COM" created.
datanode_2  | Length: 162 [application/octet-stream]
s3g_1       |    2 10/07/19 08:06:08 HTTP/s3g@EXAMPLE.COM
jhs         | Keytab name: FILE:/etc/security/keytabs/HTTP.keytab
scm_1       | 
om_1        | Download HTTP/om@EXAMPLE.COM keytab file to /etc/security/keytabs/HTTP.keytab
datanode_3  | Connecting to kdc (kdc)|172.18.0.8|:8081... connected.
kms_1       | Download HTTP/9609b9e50264@EXAMPLE.COM keytab file to /etc/security/keytabs/HTTP.keytab
rm_1        | Download HTTP/rm@EXAMPLE.COM keytab file to /etc/security/keytabs/HTTP.keytab
kdc_1       | Authenticating as principal admin/admin with keytab /tmp/admin.keytab.
s3g_1       | Download testuser/s3g@EXAMPLE.COM keytab file to /etc/security/keytabs/testuser.keytab
jhs         | KVNO Timestamp         Principal
datanode_2  | Saving to: '/etc/security/keytabs/HTTP.keytab'
scm_1       |      0K                                                       100% 12.7M=0s
om_1        | --2019-10-07 08:06:04--  http://kdc:8081/keytab/om/HTTP
datanode_3  | HTTP request sent, awaiting response... 200 OK
kms_1       | --2019-10-07 08:06:05--  http://kdc:8081/keytab/9609b9e50264/HTTP
kdc_1       | Entry for principal dn/om@EXAMPLE.COM with kvno 2, encryption type aes256-cts-hmac-sha1-96 added to keytab WRFILE:/data/dn.om.keytab.
s3g_1       | --2019-10-07 08:06:08--  http://kdc:8081/keytab/s3g/testuser
rm_1        | --2019-10-07 08:06:06--  http://kdc:8081/keytab/rm/HTTP
jhs         | ---- ----------------- --------------------------------------------------------
datanode_2  | 
scm_1       | 
om_1        | Resolving kdc (kdc)... 172.18.0.8
kms_1       | Resolving kdc (kdc)... 172.18.0.8
kdc_1       | Entry for principal dn/om@EXAMPLE.COM with kvno 2, encryption type aes128-cts-hmac-sha1-96 added to keytab WRFILE:/data/dn.om.keytab.
rm_1        | Resolving kdc (kdc)... 172.18.0.8
s3g_1       | Resolving kdc (kdc)... 172.18.0.8
datanode_3  | Length: 162 [application/octet-stream]
datanode_2  |      0K                                                       100% 9.88M=0s
scm_1       | 2019-10-07 08:06:09 (12.7 MB/s) - '/etc/security/keytabs/HTTP.keytab' saved [144/144]
om_1        | Connecting to kdc (kdc)|172.18.0.8|:8081... connected.
jhs         |    2 10/07/19 08:06:08 HTTP/jhs@EXAMPLE.COM
kms_1       | Connecting to kdc (kdc)|172.18.0.8|:8081... connected.
kdc_1       | Generiting keytab
rm_1        | Connecting to kdc (kdc)|172.18.0.8|:8081... connected.
s3g_1       | Connecting to kdc (kdc)|172.18.0.8|:8081... connected.
datanode_3  | Saving to: '/etc/security/keytabs/HTTP.keytab'
datanode_2  | 
scm_1       | 
om_1        | HTTP request sent, awaiting response... 200 OK
jhs         |    2 10/07/19 08:06:08 HTTP/jhs@EXAMPLE.COM
kdc_1       | Authenticating as principal admin/admin with keytab /tmp/admin.keytab.
s3g_1       | HTTP request sent, awaiting response... 200 OK
rm_1        | HTTP request sent, awaiting response... 200 OK
kms_1       | HTTP request sent, awaiting response... 200 OK
datanode_3  | 
datanode_2  | 2019-10-07 08:06:06 (9.88 MB/s) - '/etc/security/keytabs/HTTP.keytab' saved [162/162]
scm_1       | Keytab name: FILE:/etc/security/keytabs/HTTP.keytab
om_1        | Length: 142 [application/octet-stream]
jhs         | Download testuser/jhs@EXAMPLE.COM keytab file to /etc/security/keytabs/testuser.keytab
kdc_1       | WARNING: no policy specified for dn/2d96acd83dd0@EXAMPLE.COM; defaulting to no policy
s3g_1       | Length: 152 [application/octet-stream]
rm_1        | Length: 142 [application/octet-stream]
kms_1       | Length: 162 [application/octet-stream]
datanode_3  |      0K                                                       100% 11.9M=0s
datanode_2  | 
scm_1       | KVNO Timestamp         Principal
om_1        | Saving to: '/etc/security/keytabs/HTTP.keytab'
jhs         | --2019-10-07 08:06:08--  http://kdc:8081/keytab/jhs/testuser
kdc_1       | Principal "dn/2d96acd83dd0@EXAMPLE.COM" created.
s3g_1       | Saving to: '/etc/security/keytabs/testuser.keytab'
rm_1        | Saving to: '/etc/security/keytabs/HTTP.keytab'
kms_1       | Saving to: '/etc/security/keytabs/HTTP.keytab'
datanode_3  | 
scm_1       | ---- ----------------- --------------------------------------------------------
om_1        | 
jhs         | Resolving kdc (kdc)... 172.18.0.8
datanode_2  | Keytab name: FILE:/etc/security/keytabs/HTTP.keytab
kdc_1       | Authenticating as principal admin/admin with keytab /tmp/admin.keytab.
s3g_1       | 
rm_1        | 
kms_1       | 
datanode_3  | 2019-10-07 08:06:05 (11.9 MB/s) - '/etc/security/keytabs/HTTP.keytab' saved [162/162]
scm_1       |    2 10/07/19 08:06:09 HTTP/scm@EXAMPLE.COM
om_1        |      0K                                                       100% 14.2M=0s
jhs         | Connecting to kdc (kdc)|172.18.0.8|:8081... connected.
datanode_2  | KVNO Timestamp         Principal
s3g_1       |      0K                                                       100% 17.4M=0s
kdc_1       | Entry for principal dn/2d96acd83dd0@EXAMPLE.COM with kvno 2, encryption type aes256-cts-hmac-sha1-96 added to keytab WRFILE:/data/dn.2d96acd83dd0.keytab.
rm_1        |      0K                                                       100% 9.13M=0s
kms_1       |      0K                                                       100% 9.23M=0s
datanode_3  | 
scm_1       |    2 10/07/19 08:06:09 HTTP/scm@EXAMPLE.COM
om_1        | 
jhs         | HTTP request sent, awaiting response... 200 OK
datanode_2  | ---- ----------------- --------------------------------------------------------
s3g_1       | 
kdc_1       | Entry for principal dn/2d96acd83dd0@EXAMPLE.COM with kvno 2, encryption type aes128-cts-hmac-sha1-96 added to keytab WRFILE:/data/dn.2d96acd83dd0.keytab.
rm_1        | 
kms_1       | 
datanode_3  | Keytab name: FILE:/etc/security/keytabs/HTTP.keytab
scm_1       | Download testuser/scm@EXAMPLE.COM keytab file to /etc/security/keytabs/testuser.keytab
om_1        | 2019-10-07 08:06:05 (14.2 MB/s) - '/etc/security/keytabs/HTTP.keytab' saved [142/142]
jhs         | Length: 152 [application/octet-stream]
datanode_2  |    2 10/07/19 08:06:06 HTTP/13f66c8bb351@EXAMPLE.COM
s3g_1       | 2019-10-07 08:06:09 (17.4 MB/s) - '/etc/security/keytabs/testuser.keytab' saved [152/152]
kdc_1       | Generiting keytab
rm_1        | 2019-10-07 08:06:07 (9.13 MB/s) - '/etc/security/keytabs/HTTP.keytab' saved [142/142]
kms_1       | 2019-10-07 08:06:06 (9.23 MB/s) - '/etc/security/keytabs/HTTP.keytab' saved [162/162]
datanode_3  | KVNO Timestamp         Principal
scm_1       | --2019-10-07 08:06:09--  http://kdc:8081/keytab/scm/testuser
om_1        | 
jhs         | Saving to: '/etc/security/keytabs/testuser.keytab'
datanode_2  |    2 10/07/19 08:06:06 HTTP/13f66c8bb351@EXAMPLE.COM
s3g_1       | 
kdc_1       | Authenticating as principal admin/admin with keytab /tmp/admin.keytab.
rm_1        | 
kms_1       | 
datanode_3  | ---- ----------------- --------------------------------------------------------
scm_1       | Resolving kdc (kdc)... 172.18.0.8
om_1        | Keytab name: FILE:/etc/security/keytabs/HTTP.keytab
jhs         | 
datanode_2  | Download testuser/13f66c8bb351@EXAMPLE.COM keytab file to /etc/security/keytabs/testuser.keytab
s3g_1       | Keytab name: FILE:/etc/security/keytabs/testuser.keytab
kdc_1       | WARNING: no policy specified for om/om@EXAMPLE.COM; defaulting to no policy
rm_1        | Keytab name: FILE:/etc/security/keytabs/HTTP.keytab
kms_1       | Keytab name: FILE:/etc/security/keytabs/HTTP.keytab
datanode_3  |    2 10/07/19 08:06:05 HTTP/2d96acd83dd0@EXAMPLE.COM
scm_1       | Connecting to kdc (kdc)|172.18.0.8|:8081... connected.
om_1        | KVNO Timestamp         Principal
jhs         |      0K                                                       100% 11.2M=0s
datanode_2  | --2019-10-07 08:06:06--  http://kdc:8081/keytab/13f66c8bb351/testuser
s3g_1       | KVNO Timestamp         Principal
rm_1        | KVNO Timestamp         Principal
kdc_1       | Principal "om/om@EXAMPLE.COM" created.
kms_1       | KVNO Timestamp         Principal
scm_1       | HTTP request sent, awaiting response... 200 OK
om_1        | ---- ----------------- --------------------------------------------------------
datanode_3  |    2 10/07/19 08:06:05 HTTP/2d96acd83dd0@EXAMPLE.COM
jhs         | 
s3g_1       | ---- ----------------- --------------------------------------------------------
rm_1        | ---- ----------------- --------------------------------------------------------
datanode_2  | Resolving kdc (kdc)... 172.18.0.8
kdc_1       | Authenticating as principal admin/admin with keytab /tmp/admin.keytab.
kms_1       | ---- ----------------- --------------------------------------------------------
scm_1       | Length: 152 [application/octet-stream]
datanode_3  | Download testuser/2d96acd83dd0@EXAMPLE.COM keytab file to /etc/security/keytabs/testuser.keytab
om_1        |    2 10/07/19 08:06:04 HTTP/om@EXAMPLE.COM
jhs         | 2019-10-07 08:06:09 (11.2 MB/s) - '/etc/security/keytabs/testuser.keytab' saved [152/152]
s3g_1       |    2 10/07/19 08:06:09 testuser/s3g@EXAMPLE.COM
rm_1        |    2 10/07/19 08:06:07 HTTP/rm@EXAMPLE.COM
datanode_2  | Connecting to kdc (kdc)|172.18.0.8|:8081... connected.
kdc_1       | Entry for principal om/om@EXAMPLE.COM with kvno 2, encryption type aes256-cts-hmac-sha1-96 added to keytab WRFILE:/data/om.om.keytab.
scm_1       | Saving to: '/etc/security/keytabs/testuser.keytab'
datanode_3  | --2019-10-07 08:06:05--  http://kdc:8081/keytab/2d96acd83dd0/testuser
om_1        |    2 10/07/19 08:06:04 HTTP/om@EXAMPLE.COM
jhs         | 
kms_1       |    2 10/07/19 08:06:06 HTTP/9609b9e50264@EXAMPLE.COM
s3g_1       |    2 10/07/19 08:06:09 testuser/s3g@EXAMPLE.COM
rm_1        |    2 10/07/19 08:06:07 HTTP/rm@EXAMPLE.COM
datanode_2  | HTTP request sent, awaiting response... 200 OK
kdc_1       | Entry for principal om/om@EXAMPLE.COM with kvno 2, encryption type aes128-cts-hmac-sha1-96 added to keytab WRFILE:/data/om.om.keytab.
scm_1       | 
datanode_3  | Resolving kdc (kdc)... 172.18.0.8
om_1        | Download testuser/om@EXAMPLE.COM keytab file to /etc/security/keytabs/testuser.keytab
jhs         | Keytab name: FILE:/etc/security/keytabs/testuser.keytab
kms_1       |    2 10/07/19 08:06:06 HTTP/9609b9e50264@EXAMPLE.COM
s3g_1       | Download s3g/s3g@EXAMPLE.COM keytab file to /etc/security/keytabs/s3g.keytab
rm_1        | Download testuser/rm@EXAMPLE.COM keytab file to /etc/security/keytabs/testuser.keytab
datanode_2  | Length: 170 [application/octet-stream]
kdc_1       | Generiting keytab
scm_1       |      0K                                                       100% 18.2M=0s
datanode_3  | Connecting to kdc (kdc)|172.18.0.8|:8081... connected.
om_1        | --2019-10-07 08:06:05--  http://kdc:8081/keytab/om/testuser
jhs         | KVNO Timestamp         Principal
kms_1       | Download testuser/9609b9e50264@EXAMPLE.COM keytab file to /etc/security/keytabs/testuser.keytab
s3g_1       | --2019-10-07 08:06:09--  http://kdc:8081/keytab/s3g/s3g
datanode_2  | Saving to: '/etc/security/keytabs/testuser.keytab'
kdc_1       | Authenticating as principal admin/admin with keytab /tmp/admin.keytab.
scm_1       | 
datanode_3  | HTTP request sent, awaiting response... 200 OK
om_1        | Resolving kdc (kdc)... 172.18.0.8
jhs         | ---- ----------------- --------------------------------------------------------
rm_1        | --2019-10-07 08:06:07--  http://kdc:8081/keytab/rm/testuser
kms_1       | --2019-10-07 08:06:06--  http://kdc:8081/keytab/9609b9e50264/testuser
s3g_1       | Resolving kdc (kdc)... 172.18.0.8
datanode_2  | 
scm_1       | 2019-10-07 08:06:10 (18.2 MB/s) - '/etc/security/keytabs/testuser.keytab' saved [152/152]
datanode_3  | Length: 170 [application/octet-stream]
om_1        | Connecting to kdc (kdc)|172.18.0.8|:8081... connected.
jhs         |    2 10/07/19 08:06:09 testuser/jhs@EXAMPLE.COM
