nm_1        | 2019-10-13 10:05:31 INFO  HttpServer2:424 - adding path spec: /ws/*
rm_1        | nodeLocalityDelay = 40
datanode_2  | 2019-10-13 10:05:37,910 INFO server.RaftServerConfigKeys: raft.server.log.segment.cache.num.max = 2 (custom)
datanode_3  | 2019-10-13 10:05:37,348 INFO server.RaftServerConfigKeys: raft.server.log.segment.cache.num.max = 2 (custom)
om_1        | 2019-10-13 10:05:43,077 INFO server.AbstractConnector: Started ServerConnector@5b47b9df{HTTP/1.1,[http/1.1]}{0.0.0.0:9874}
datanode_1  | 2019-10-13 10:05:38,911 INFO segmented.SegmentedRaftLogWorker: new d8fba815-81e5-4fdb-b60a-4e62afa8e75a@group-6E2B934F89DB-SegmentedRaftLogWorker for RaftStorage:Storage Directory /data/metadata/ratis/2bac34db-95aa-4895-a217-6e2b934f89db
scm_1       | 2019-10-13 10:05:35,359 INFO handler.ContextHandler: Started o.e.j.s.ServletContextHandler@2ba33e2c{/static,jar:file:/opt/hadoop/share/ozone/lib/hadoop-hdds-server-scm-0.5.0-SNAPSHOT.jar!/webapps/static,AVAILABLE}
nm_1        | 2019-10-13 10:05:32 INFO  WebApps:288 - Registered webapp guice modules
rm_1        | labels=*,
datanode_3  | 2019-10-13 10:05:37,352 INFO segmented.SegmentedRaftLogWorker: new c516c638-c0d7-4a20-9509-63220956439e@group-DCE66DBDD110-SegmentedRaftLogWorker for RaftStorage:Storage Directory /data/metadata/ratis/477947b2-85a3-47e4-836e-dce66dbdd110
om_1        | 2019-10-13 10:05:43,078 INFO server.Server: Started @4192ms
datanode_1  | 2019-10-13 10:05:38,911 INFO server.RaftServerConfigKeys: raft.server.log.queue.byte-limit = 2147483647 (custom)
scm_1       | 2019-10-13 10:05:35,465 INFO handler.ContextHandler: Started o.e.j.w.WebAppContext@5f038248{/,file:///tmp/jetty-0.0.0.0-9876-scm-_-any-7722428412861998331.dir/webapp/,AVAILABLE}{/scm}
datanode_2  | 2019-10-13 10:05:37,917 INFO segmented.SegmentedRaftLogWorker: new b79f3848-e7ec-4c72-a925-528e5314866f@group-601CBEC2BDCD-SegmentedRaftLogWorker for RaftStorage:Storage Directory /data/metadata/ratis/05cdea96-445a-4d67-a1eb-601cbec2bdcd
nm_1        | 2019-10-13 10:05:32 INFO  HttpServer2:935 - Jetty bound to port 8042
rm_1        | nodeLocalityDelay = 40
datanode_3  | 2019-10-13 10:05:37,353 INFO server.RaftServerConfigKeys: raft.server.log.queue.byte-limit = 2147483647 (custom)
om_1        | 2019-10-13 10:05:43,081 INFO impl.MetricsSinkAdapter: Sink prometheus started
datanode_1  | 2019-10-13 10:05:38,912 INFO server.RaftServerConfigKeys: raft.server.log.queue.element-limit = 1024 (custom)
scm_1       | 2019-10-13 10:05:35,472 INFO server.AbstractConnector: Started ServerConnector@1a4d1ab7{HTTP/1.1,[http/1.1]}{0.0.0.0:9876}
datanode_2  | 2019-10-13 10:05:37,918 INFO server.RaftServerConfigKeys: raft.server.log.queue.byte-limit = 2147483647 (custom)
nm_1        | 2019-10-13 10:05:32 INFO  log:67 - jetty-6.1.26
rm_1        | reservationsContinueLooking = true
datanode_3  | 2019-10-13 10:05:37,353 INFO server.RaftServerConfigKeys: raft.server.log.queue.element-limit = 1024 (custom)
om_1        | 2019-10-13 10:05:43,081 INFO impl.MetricsSystemImpl: Registered sink prometheus
datanode_1  | 2019-10-13 10:05:38,912 INFO server.RaftServerConfigKeys: raft.server.log.segment.size.max = 1048576 (custom)
scm_1       | 2019-10-13 10:05:35,472 INFO server.Server: Started @3485ms
datanode_2  | 2019-10-13 10:05:37,918 INFO server.RaftServerConfigKeys: raft.server.log.queue.element-limit = 1024 (custom)
nm_1        | 2019-10-13 10:05:32 INFO  log:67 - Extract jar:file:/opt/hadoop/share/hadoop/yarn/hadoop-yarn-common-2.7.7.jar!/webapps/node to /tmp/Jetty_0_0_0_0_8042_node____19tj0x/webapp
rm_1        | preemptionDisabled = true
datanode_3  | 2019-10-13 10:05:37,354 INFO server.RaftServerConfigKeys: raft.server.log.segment.size.max = 1048576 (custom)
om_1        | 2019-10-13 10:05:43,083 INFO server.BaseHttpServer: HTTP server of OZONEMANAGER is listening at http://0.0.0.0:9874
datanode_1  | 2019-10-13 10:05:38,913 INFO server.RaftServerConfigKeys: raft.server.log.preallocated.size = 16384 (custom)
scm_1       | 2019-10-13 10:05:35,477 INFO impl.MetricsSinkAdapter: Sink prometheus started
datanode_2  | 2019-10-13 10:05:37,919 INFO server.RaftServerConfigKeys: raft.server.log.segment.size.max = 1048576 (custom)
nm_1        | Oct 13, 2019 10:05:32 AM com.sun.jersey.guice.spi.container.GuiceComponentProviderFactory register
rm_1        | 
datanode_3  | 2019-10-13 10:05:37,354 INFO server.RaftServerConfigKeys: raft.server.log.preallocated.size = 16384 (custom)
om_1        | 2019-10-13 10:05:56,245 [IPC Server handler 1 on 9862] INFO       - created volume:vol1 for user:hadoop
datanode_1  | 2019-10-13 10:05:38,913 INFO server.RaftServerConfigKeys: raft.server.log.write.buffer.size = 33554432 (custom)
scm_1       | 2019-10-13 10:05:35,477 INFO impl.MetricsSystemImpl: Registered sink prometheus
nm_1        | INFO: Registering org.apache.hadoop.yarn.server.nodemanager.webapp.NMWebServices as a root resource class
rm_1        | 2019-10-13 10:05:29 INFO  CapacityScheduler:634 - Initialized queue: default: capacity=1.0, absoluteCapacity=1.0, usedResources=<memory:0, vCores:0>, usedCapacity=0.0, absoluteUsedCapacity=0.0, numApps=0, numContainers=0
datanode_3  | 2019-10-13 10:05:37,355 INFO server.RaftServerConfigKeys: raft.server.log.write.buffer.size = 33554432 (custom)
datanode_1  | 2019-10-13 10:05:38,914 INFO server.RaftServerConfigKeys: raft.server.log.force.sync.num = 128 (default)
datanode_2  | 2019-10-13 10:05:37,919 INFO server.RaftServerConfigKeys: raft.server.log.preallocated.size = 16384 (custom)
scm_1       | 2019-10-13 10:05:35,480 INFO server.BaseHttpServer: HTTP server of SCM is listening at http://0.0.0.0:9876
nm_1        | Oct 13, 2019 10:05:32 AM com.sun.jersey.guice.spi.container.GuiceComponentProviderFactory register
rm_1        | 2019-10-13 10:05:29 INFO  CapacityScheduler:634 - Initialized queue: root: numChildQueue= 1, capacity=1.0, absoluteCapacity=1.0, usedResources=<memory:0, vCores:0>usedCapacity=0.0, numApps=0, numContainers=0
datanode_3  | 2019-10-13 10:05:37,355 INFO server.RaftServerConfigKeys: raft.server.log.force.sync.num = 128 (default)
datanode_1  | 2019-10-13 10:05:38,914 INFO server.RaftServerConfigKeys: raft.server.log.statemachine.data.sync = true (default)
datanode_2  | 2019-10-13 10:05:37,919 INFO server.RaftServerConfigKeys: raft.server.log.write.buffer.size = 33554432 (custom)
scm_1       | 2019-10-13 10:05:35,488 INFO util.JvmPauseMonitor: Starting JVM pause monitor
nm_1        | INFO: Registering org.apache.hadoop.yarn.webapp.GenericExceptionHandler as a provider class
rm_1        | 2019-10-13 10:05:29 INFO  CapacityScheduler:478 - Initialized root queue root: numChildQueue= 1, capacity=1.0, absoluteCapacity=1.0, usedResources=<memory:0, vCores:0>usedCapacity=0.0, numApps=0, numContainers=0
datanode_3  | 2019-10-13 10:05:37,356 INFO server.RaftServerConfigKeys: raft.server.log.statemachine.data.sync = true (default)
datanode_1  | 2019-10-13 10:05:38,914 INFO server.RaftServerConfigKeys: raft.server.log.statemachine.data.sync.timeout = 10s (default)
datanode_2  | 2019-10-13 10:05:37,920 INFO server.RaftServerConfigKeys: raft.server.log.force.sync.num = 128 (default)
scm_1       | 2019-10-13 10:05:36,265 INFO net.NetworkTopology: Added a new node: /default-rack/c516c638-c0d7-4a20-9509-63220956439e
nm_1        | Oct 13, 2019 10:05:32 AM com.sun.jersey.guice.spi.container.GuiceComponentProviderFactory register
rm_1        | 2019-10-13 10:05:29 INFO  CapacityScheduler:447 - Initialized queue mappings, override: false
datanode_3  | 2019-10-13 10:05:37,356 INFO server.RaftServerConfigKeys: raft.server.log.statemachine.data.sync.timeout = 10s (default)
datanode_1  | 2019-10-13 10:05:38,915 INFO server.RaftServerConfigKeys: raft.server.log.statemachine.data.sync.timeout.retry = -1 (default)
datanode_2  | 2019-10-13 10:05:37,921 INFO server.RaftServerConfigKeys: raft.server.log.statemachine.data.sync = true (default)
scm_1       | 2019-10-13 10:05:36,265 INFO node.SCMNodeManager: Registered Data node : c516c638-c0d7-4a20-9509-63220956439e{ip: 172.18.0.7, host: hadoop27_datanode_3.hadoop27_default, networkLocation: /default-rack, certSerialId: null}
nm_1        | INFO: Registering org.apache.hadoop.yarn.server.nodemanager.webapp.JAXBContextResolver as a provider class
rm_1        | 2019-10-13 10:05:29 INFO  CapacityScheduler:314 - Initialized CapacityScheduler with calculator=class org.apache.hadoop.yarn.util.resource.DefaultResourceCalculator, minimumAllocation=<<memory:1024, vCores:1>>, maximumAllocation=<<memory:8192, vCores:32>>, asynchronousScheduling=false, asyncScheduleInterval=5ms
datanode_3  | 2019-10-13 10:05:37,356 INFO server.RaftServerConfigKeys: raft.server.log.statemachine.data.sync.timeout.retry = -1 (default)
datanode_1  | 2019-10-13 10:05:38,923 INFO server.RaftServerConfigKeys: raft.server.log.statemachine.data.caching.enabled = true (custom)
datanode_2  | 2019-10-13 10:05:37,921 INFO server.RaftServerConfigKeys: raft.server.log.statemachine.data.sync.timeout = 10s (default)
scm_1       | 2019-10-13 10:05:36,269 INFO safemode.SCMSafeModeManager: SCM in safe mode. 1 DataNodes registered, 1 required.
nm_1        | Oct 13, 2019 10:05:32 AM com.sun.jersey.server.impl.application.WebApplicationImpl _initiate
rm_1        | 2019-10-13 10:05:29 INFO  SystemMetricsPublisher:93 - YARN system metrics publishing service is not enabled
datanode_3  | 2019-10-13 10:05:37,364 INFO server.RaftServerConfigKeys: raft.server.log.statemachine.data.caching.enabled = true (custom)
datanode_1  | 2019-10-13 10:05:38,927 INFO segmented.SegmentedRaftLogWorker: d8fba815-81e5-4fdb-b60a-4e62afa8e75a@group-6E2B934F89DB-SegmentedRaftLogWorker: flushIndex: setUnconditionally 0 -> -1
datanode_2  | 2019-10-13 10:05:37,921 INFO server.RaftServerConfigKeys: raft.server.log.statemachine.data.sync.timeout.retry = -1 (default)
scm_1       | 2019-10-13 10:05:36,269 INFO safemode.SCMSafeModeManager: ScmSafeModeManager, all rules are successfully validated
nm_1        | INFO: Initiating Jersey application, version 'Jersey: 1.9 09/02/2011 11:17 AM'
datanode_1  | 2019-10-13 10:05:38,931 INFO server.RaftServerConfigKeys: raft.server.snapshot.auto.trigger.enabled = true (custom)
rm_1        | 2019-10-13 10:05:29 INFO  ResourceManager:1009 - Transitioning to active state
scm_1       | 2019-10-13 10:05:36,270 INFO safemode.SCMSafeModeManager: SCM exiting safe mode.
datanode_2  | 2019-10-13 10:05:37,929 INFO server.RaftServerConfigKeys: raft.server.log.statemachine.data.caching.enabled = true (custom)
datanode_3  | 2019-10-13 10:05:37,368 INFO segmented.SegmentedRaftLogWorker: c516c638-c0d7-4a20-9509-63220956439e@group-DCE66DBDD110-SegmentedRaftLogWorker: flushIndex: setUnconditionally 0 -> -1
nm_1        | Oct 13, 2019 10:05:32 AM com.sun.jersey.guice.spi.container.GuiceComponentProviderFactory getComponentProvider
datanode_1  | 2019-10-13 10:05:38,932 INFO server.RaftServerConfigKeys: raft.server.snapshot.auto.trigger.threshold = 10000 (custom)
rm_1        | 2019-10-13 10:05:29 INFO  RMStateStore:466 - Updating AMRMToken
scm_1       | 2019-10-13 10:05:36,512 INFO net.NetworkTopology: Added a new node: /default-rack/b79f3848-e7ec-4c72-a925-528e5314866f
datanode_2  | 2019-10-13 10:05:37,933 INFO segmented.SegmentedRaftLogWorker: b79f3848-e7ec-4c72-a925-528e5314866f@group-601CBEC2BDCD-SegmentedRaftLogWorker: flushIndex: setUnconditionally 0 -> -1
datanode_3  | 2019-10-13 10:05:37,371 INFO server.RaftServerConfigKeys: raft.server.snapshot.auto.trigger.enabled = true (custom)
nm_1        | INFO: Binding org.apache.hadoop.yarn.server.nodemanager.webapp.JAXBContextResolver to GuiceManagedComponentProvider with the scope "Singleton"
datanode_1  | 2019-10-13 10:05:38,932 INFO server.RaftServerConfigKeys: raft.server.snapshot.retention.file.num = 5 (custom)
rm_1        | 2019-10-13 10:05:29 INFO  RMContainerTokenSecretManager:105 - Rolling master-key for container-tokens
scm_1       | 2019-10-13 10:05:36,512 INFO node.SCMNodeManager: Registered Data node : b79f3848-e7ec-4c72-a925-528e5314866f{ip: 172.18.0.9, host: hadoop27_datanode_2.hadoop27_default, networkLocation: /default-rack, certSerialId: null}
datanode_2  | 2019-10-13 10:05:37,937 INFO server.RaftServerConfigKeys: raft.server.snapshot.auto.trigger.enabled = true (custom)
datanode_3  | 2019-10-13 10:05:37,372 INFO server.RaftServerConfigKeys: raft.server.snapshot.auto.trigger.threshold = 10000 (custom)
nm_1        | Oct 13, 2019 10:05:32 AM com.sun.jersey.guice.spi.container.GuiceComponentProviderFactory getComponentProvider
datanode_1  | 2019-10-13 10:05:38,932 INFO server.RaftServerConfigKeys: raft.server.retrycache.expirytime = 600000ms (custom)
rm_1        | 2019-10-13 10:05:29 INFO  NMTokenSecretManagerInRM:95 - Rolling master-key for nm-tokens
scm_1       | WARNING: An illegal reflective access operation has occurred
datanode_3  | 2019-10-13 10:05:37,372 INFO server.RaftServerConfigKeys: raft.server.snapshot.retention.file.num = 5 (custom)
datanode_2  | 2019-10-13 10:05:37,938 INFO server.RaftServerConfigKeys: raft.server.snapshot.auto.trigger.threshold = 10000 (custom)
nm_1        | INFO: Binding org.apache.hadoop.yarn.webapp.GenericExceptionHandler to GuiceManagedComponentProvider with the scope "Singleton"
datanode_1  | 2019-10-13 10:05:38,955 INFO impl.RaftServerImpl: d8fba815-81e5-4fdb-b60a-4e62afa8e75a@group-6E2B934F89DB: start as a follower, conf=-1: [d8fba815-81e5-4fdb-b60a-4e62afa8e75a:172.18.0.5:9858], old=null
rm_1        | 2019-10-13 10:05:29 INFO  AbstractDelegationTokenSecretManager:326 - Updating the current master key for generating delegation tokens
scm_1       | WARNING: Illegal reflective access by org.apache.ratis.thirdparty.com.google.protobuf.UnsafeUtil (file:/opt/hadoop/share/ozone/lib/ratis-thirdparty-misc-0.2.0.jar) to field java.nio.Buffer.address
datanode_3  | 2019-10-13 10:05:37,372 INFO server.RaftServerConfigKeys: raft.server.retrycache.expirytime = 600000ms (custom)
datanode_2  | 2019-10-13 10:05:37,938 INFO server.RaftServerConfigKeys: raft.server.snapshot.retention.file.num = 5 (custom)
nm_1        | Oct 13, 2019 10:05:33 AM com.sun.jersey.guice.spi.container.GuiceComponentProviderFactory getComponentProvider
datanode_1  | 2019-10-13 10:05:38,955 INFO impl.RaftServerImpl: d8fba815-81e5-4fdb-b60a-4e62afa8e75a@group-6E2B934F89DB: changes role from      null to FOLLOWER at term 0 for startAsFollower
rm_1        | 2019-10-13 10:05:29 INFO  RMDelegationTokenSecretManager:85 - storing master key with keyID 1
scm_1       | WARNING: Please consider reporting this to the maintainers of org.apache.ratis.thirdparty.com.google.protobuf.UnsafeUtil
datanode_3  | 2019-10-13 10:05:37,394 INFO impl.RaftServerImpl: c516c638-c0d7-4a20-9509-63220956439e@group-DCE66DBDD110: start as a follower, conf=-1: [c516c638-c0d7-4a20-9509-63220956439e:172.18.0.7:9858], old=null
datanode_2  | 2019-10-13 10:05:37,939 INFO server.RaftServerConfigKeys: raft.server.retrycache.expirytime = 600000ms (custom)
nm_1        | INFO: Binding org.apache.hadoop.yarn.server.nodemanager.webapp.NMWebServices to GuiceManagedComponentProvider with the scope "Singleton"
rm_1        | 2019-10-13 10:05:29 INFO  RMStateStore:417 - Storing RMDTMasterKey.
scm_1       | WARNING: Use --illegal-access=warn to enable warnings of further illegal reflective access operations
datanode_3  | 2019-10-13 10:05:37,395 INFO impl.RaftServerImpl: c516c638-c0d7-4a20-9509-63220956439e@group-DCE66DBDD110: changes role from      null to FOLLOWER at term 0 for startAsFollower
datanode_1  | 2019-10-13 10:05:38,956 INFO impl.RoleInfo: d8fba815-81e5-4fdb-b60a-4e62afa8e75a: start FollowerState
datanode_2  | 2019-10-13 10:05:37,961 INFO impl.RaftServerImpl: b79f3848-e7ec-4c72-a925-528e5314866f@group-601CBEC2BDCD: start as a follower, conf=-1: [b79f3848-e7ec-4c72-a925-528e5314866f:172.18.0.9:9858], old=null
nm_1        | 2019-10-13 10:05:33 INFO  log:67 - Started HttpServer2$SelectChannelConnectorWithSafeStartup@0.0.0.0:8042
rm_1        | 2019-10-13 10:05:29 INFO  AbstractDelegationTokenSecretManager:644 - Starting expired delegation token remover thread, tokenRemoverScanInterval=60 min(s)
scm_1       | WARNING: All illegal access operations will be denied in a future release
datanode_3  | 2019-10-13 10:05:37,396 INFO impl.RoleInfo: c516c638-c0d7-4a20-9509-63220956439e: start FollowerState
datanode_1  | 2019-10-13 10:05:38,960 INFO util.JmxRegister: Successfully registered JMX Bean with object name Ratis:service=RaftServer,group=group-6E2B934F89DB,id=d8fba815-81e5-4fdb-b60a-4e62afa8e75a
datanode_2  | 2019-10-13 10:05:37,962 INFO impl.RaftServerImpl: b79f3848-e7ec-4c72-a925-528e5314866f@group-601CBEC2BDCD: changes role from      null to FOLLOWER at term 0 for startAsFollower
nm_1        | 2019-10-13 10:05:33 INFO  WebApps:307 - Web app node started at 8042
rm_1        | 2019-10-13 10:05:29 INFO  AbstractDelegationTokenSecretManager:326 - Updating the current master key for generating delegation tokens
datanode_3  | 2019-10-13 10:05:37,415 INFO util.JmxRegister: Successfully registered JMX Bean with object name Ratis:service=RaftServer,group=group-DCE66DBDD110,id=c516c638-c0d7-4a20-9509-63220956439e
scm_1       | 2019-10-13 10:05:37,503 INFO pipeline.PipelineStateManager: Created pipeline Pipeline[ Id: 477947b2-85a3-47e4-836e-dce66dbdd110, Nodes: c516c638-c0d7-4a20-9509-63220956439e{ip: 172.18.0.7, host: hadoop27_datanode_3.hadoop27_default, networkLocation: /default-rack, certSerialId: null}, Type:RATIS, Factor:ONE, State:OPEN]
datanode_1  | 2019-10-13 10:05:39,071 INFO impl.RaftServerProxy: d8fba815-81e5-4fdb-b60a-4e62afa8e75a: addNew group-D72BB0F4240C:[d8fba815-81e5-4fdb-b60a-4e62afa8e75a:172.18.0.5:9858, b79f3848-e7ec-4c72-a925-528e5314866f:172.18.0.9:9858, c516c638-c0d7-4a20-9509-63220956439e:172.18.0.7:9858] returns group-D72BB0F4240C:java.util.concurrent.CompletableFuture@fb4eed8[Not completed]
datanode_2  | 2019-10-13 10:05:37,963 INFO impl.RoleInfo: b79f3848-e7ec-4c72-a925-528e5314866f: start FollowerState
nm_1        | 2019-10-13 10:05:33 INFO  RMProxy:98 - Connecting to ResourceManager at rm/172.18.0.3:8031
rm_1        | 2019-10-13 10:05:29 INFO  RMDelegationTokenSecretManager:85 - storing master key with keyID 2
datanode_3  | 2019-10-13 10:05:39,062 INFO impl.RaftServerProxy: c516c638-c0d7-4a20-9509-63220956439e: addNew group-D72BB0F4240C:[d8fba815-81e5-4fdb-b60a-4e62afa8e75a:172.18.0.5:9858, b79f3848-e7ec-4c72-a925-528e5314866f:172.18.0.9:9858, c516c638-c0d7-4a20-9509-63220956439e:172.18.0.7:9858] returns group-D72BB0F4240C:java.util.concurrent.CompletableFuture@38834d1e[Not completed]
scm_1       | 2019-10-13 10:05:38,031 INFO pipeline.PipelineStateManager: Created pipeline Pipeline[ Id: 05cdea96-445a-4d67-a1eb-601cbec2bdcd, Nodes: b79f3848-e7ec-4c72-a925-528e5314866f{ip: 172.18.0.9, host: hadoop27_datanode_2.hadoop27_default, networkLocation: /default-rack, certSerialId: null}, Type:RATIS, Factor:ONE, State:OPEN]
datanode_1  | 2019-10-13 10:05:39,075 INFO impl.RaftServerImpl: d8fba815-81e5-4fdb-b60a-4e62afa8e75a: new RaftServerImpl for group-D72BB0F4240C:[d8fba815-81e5-4fdb-b60a-4e62afa8e75a:172.18.0.5:9858, b79f3848-e7ec-4c72-a925-528e5314866f:172.18.0.9:9858, c516c638-c0d7-4a20-9509-63220956439e:172.18.0.7:9858] with ContainerStateMachine:uninitialized
datanode_2  | 2019-10-13 10:05:37,967 INFO util.JmxRegister: Successfully registered JMX Bean with object name Ratis:service=RaftServer,group=group-601CBEC2BDCD,id=b79f3848-e7ec-4c72-a925-528e5314866f
nm_1        | 2019-10-13 10:05:33 INFO  NodeStatusUpdaterImpl:435 - Sending out 0 NM container statuses: []
rm_1        | 2019-10-13 10:05:29 INFO  RMStateStore:417 - Storing RMDTMasterKey.
datanode_3  | 2019-10-13 10:05:39,069 INFO impl.RaftServerImpl: c516c638-c0d7-4a20-9509-63220956439e: new RaftServerImpl for group-D72BB0F4240C:[d8fba815-81e5-4fdb-b60a-4e62afa8e75a:172.18.0.5:9858, b79f3848-e7ec-4c72-a925-528e5314866f:172.18.0.9:9858, c516c638-c0d7-4a20-9509-63220956439e:172.18.0.7:9858] with ContainerStateMachine:uninitialized
scm_1       | 2019-10-13 10:05:38,171 INFO net.NetworkTopology: Added a new node: /default-rack/d8fba815-81e5-4fdb-b60a-4e62afa8e75a
datanode_1  | 2019-10-13 10:05:39,075 INFO server.RaftServerConfigKeys: raft.server.rpc.timeout.min = 5s (custom)
datanode_2  | 2019-10-13 10:05:39,075 INFO impl.RaftServerProxy: b79f3848-e7ec-4c72-a925-528e5314866f: addNew group-D72BB0F4240C:[d8fba815-81e5-4fdb-b60a-4e62afa8e75a:172.18.0.5:9858, b79f3848-e7ec-4c72-a925-528e5314866f:172.18.0.9:9858, c516c638-c0d7-4a20-9509-63220956439e:172.18.0.7:9858] returns group-D72BB0F4240C:java.util.concurrent.CompletableFuture@74d48f8e[Not completed]
nm_1        | 2019-10-13 10:05:33 INFO  NodeStatusUpdaterImpl:268 - Registering with RM using containers :[]
rm_1        | 2019-10-13 10:05:29 INFO  AsyncDispatcher:209 - Registering class org.apache.hadoop.yarn.nodelabels.event.NodeLabelsStoreEventType for class org.apache.hadoop.yarn.nodelabels.CommonNodeLabelsManager$ForwardingEventHandler
datanode_3  | 2019-10-13 10:05:39,069 INFO server.RaftServerConfigKeys: raft.server.rpc.timeout.min = 5s (custom)
scm_1       | 2019-10-13 10:05:38,171 INFO node.SCMNodeManager: Registered Data node : d8fba815-81e5-4fdb-b60a-4e62afa8e75a{ip: 172.18.0.5, host: hadoop27_datanode_1.hadoop27_default, networkLocation: /default-rack, certSerialId: null}
datanode_1  | 2019-10-13 10:05:39,075 INFO server.RaftServerConfigKeys: raft.server.rpc.timeout.max = 5200ms (custom)
datanode_2  | 2019-10-13 10:05:39,078 INFO impl.RaftServerImpl: b79f3848-e7ec-4c72-a925-528e5314866f: new RaftServerImpl for group-D72BB0F4240C:[d8fba815-81e5-4fdb-b60a-4e62afa8e75a:172.18.0.5:9858, b79f3848-e7ec-4c72-a925-528e5314866f:172.18.0.9:9858, c516c638-c0d7-4a20-9509-63220956439e:172.18.0.7:9858] with ContainerStateMachine:uninitialized
nm_1        | 2019-10-13 10:05:33 INFO  NMContainerTokenSecretManager:138 - Rolling master-key for container-tokens, got key with id 409254449
rm_1        | 2019-10-13 10:05:29 INFO  CallQueueManager:57 - Using callQueue: class java.util.concurrent.LinkedBlockingQueue queueCapacity: 5000
datanode_3  | 2019-10-13 10:05:39,070 INFO server.RaftServerConfigKeys: raft.server.rpc.timeout.max = 5200ms (custom)
scm_1       | 2019-10-13 10:05:39,021 INFO pipeline.PipelineStateManager: Created pipeline Pipeline[ Id: 2bac34db-95aa-4895-a217-6e2b934f89db, Nodes: d8fba815-81e5-4fdb-b60a-4e62afa8e75a{ip: 172.18.0.5, host: hadoop27_datanode_1.hadoop27_default, networkLocation: /default-rack, certSerialId: null}, Type:RATIS, Factor:ONE, State:OPEN]
datanode_1  | 2019-10-13 10:05:39,075 INFO server.RaftServerConfigKeys: raft.server.rpcslowness.timeout = 120s (custom)
datanode_2  | 2019-10-13 10:05:39,078 INFO server.RaftServerConfigKeys: raft.server.rpc.timeout.min = 5s (custom)
nm_1        | 2019-10-13 10:05:33 INFO  NMTokenSecretManagerInNM:135 - Rolling master-key for container-tokens, got key with id 240626709
rm_1        | 2019-10-13 10:05:29 INFO  Server:722 - Starting Socket Reader #1 for port 8031
datanode_3  | 2019-10-13 10:05:39,070 INFO server.RaftServerConfigKeys: raft.server.rpcslowness.timeout = 120s (custom)
scm_1       | 2019-10-13 10:05:39,153 INFO pipeline.PipelineStateManager: Created pipeline Pipeline[ Id: f586a1f5-4536-4d69-9b1a-d72bb0f4240c, Nodes: b79f3848-e7ec-4c72-a925-528e5314866f{ip: 172.18.0.9, host: hadoop27_datanode_2.hadoop27_default, networkLocation: /default-rack, certSerialId: null}c516c638-c0d7-4a20-9509-63220956439e{ip: 172.18.0.7, host: hadoop27_datanode_3.hadoop27_default, networkLocation: /default-rack, certSerialId: null}d8fba815-81e5-4fdb-b60a-4e62afa8e75a{ip: 172.18.0.5, host: hadoop27_datanode_1.hadoop27_default, networkLocation: /default-rack, certSerialId: null}, Type:RATIS, Factor:THREE, State:OPEN]
datanode_1  | 2019-10-13 10:05:39,075 INFO server.RaftServerConfigKeys: raft.server.sleep.deviation.threshold = 300 (default)
datanode_2  | 2019-10-13 10:05:39,079 INFO server.RaftServerConfigKeys: raft.server.rpc.timeout.max = 5200ms (custom)
nm_1        | 2019-10-13 10:05:33 INFO  NodeStatusUpdaterImpl:317 - Registered with ResourceManager as nm:41595 with total resource of <memory:8192, vCores:8>
rm_1        | 2019-10-13 10:05:29 INFO  RpcServerFactoryPBImpl:174 - Adding protocol org.apache.hadoop.yarn.server.api.ResourceTrackerPB to the server
datanode_3  | 2019-10-13 10:05:39,070 INFO server.RaftServerConfigKeys: raft.server.sleep.deviation.threshold = 300 (default)
scm_1       | 2019-10-13 10:07:42,739 INFO server.SCMBlockProtocolServer: SCM is informed by OM to delete 11 blocks
datanode_1  | 2019-10-13 10:05:39,075 INFO server.RaftServerConfigKeys: raft.server.log.appender.install.snapshot.enabled = false (custom)
datanode_2  | 2019-10-13 10:05:39,079 INFO server.RaftServerConfigKeys: raft.server.rpcslowness.timeout = 120s (custom)
nm_1        | 2019-10-13 10:05:33 INFO  NodeStatusUpdaterImpl:319 - Notifying ContainerManager to unblock new container-requests
rm_1        | 2019-10-13 10:05:29 INFO  Server:962 - IPC Server Responder: starting
datanode_3  | 2019-10-13 10:05:39,070 INFO server.RaftServerConfigKeys: raft.server.log.appender.install.snapshot.enabled = false (custom)
scm_1       | 2019-10-13 10:07:42,740 INFO block.BlockManagerImpl: Deleting blocks conID: 6 locID: 102954512954621957 bcsId: 0
datanode_1  | 2019-10-13 10:05:39,076 INFO impl.RaftServerImpl: d8fba815-81e5-4fdb-b60a-4e62afa8e75a@group-D72BB0F4240C: ConfigurationManager, init=-1: [d8fba815-81e5-4fdb-b60a-4e62afa8e75a:172.18.0.5:9858, b79f3848-e7ec-4c72-a925-528e5314866f:172.18.0.9:9858, c516c638-c0d7-4a20-9509-63220956439e:172.18.0.7:9858], old=null, confs=<EMPTY_MAP>
datanode_2  | 2019-10-13 10:05:39,079 INFO server.RaftServerConfigKeys: raft.server.sleep.deviation.threshold = 300 (default)
nm_1        | 2019-10-13 10:06:39 INFO  Server:1454 - Auth successful for appattempt_1570961129611_0001_000001 (auth:SIMPLE)
rm_1        | 2019-10-13 10:05:29 INFO  Server:801 - IPC Server listener on 8031: starting
datanode_3  | 2019-10-13 10:05:39,070 INFO impl.RaftServerImpl: c516c638-c0d7-4a20-9509-63220956439e@group-D72BB0F4240C: ConfigurationManager, init=-1: [d8fba815-81e5-4fdb-b60a-4e62afa8e75a:172.18.0.5:9858, b79f3848-e7ec-4c72-a925-528e5314866f:172.18.0.9:9858, c516c638-c0d7-4a20-9509-63220956439e:172.18.0.7:9858], old=null, confs=<EMPTY_MAP>
scm_1       | 2019-10-13 10:07:42,746 INFO block.BlockManagerImpl: Deleting blocks conID: 2 locID: 102954512971399174 bcsId: 0
datanode_1  | 2019-10-13 10:05:39,076 INFO server.RaftServerConfigKeys: raft.server.storage.dir = [/data/metadata/ratis] (custom)
datanode_2  | 2019-10-13 10:05:39,079 INFO server.RaftServerConfigKeys: raft.server.log.appender.install.snapshot.enabled = false (custom)
nm_1        | 2019-10-13 10:06:39 INFO  ContainerManagerImpl:810 - Start request for container_1570961129611_0001_01_000001 by user hadoop
rm_1        | 2019-10-13 10:05:29 INFO  CallQueueManager:57 - Using callQueue: class java.util.concurrent.LinkedBlockingQueue queueCapacity: 5000
scm_1       | 2019-10-13 10:07:42,747 INFO block.BlockManagerImpl: Deleting blocks conID: 1 locID: 102954512978935815 bcsId: 0
datanode_3  | 2019-10-13 10:05:39,071 INFO server.RaftServerConfigKeys: raft.server.storage.dir = [/data/metadata/ratis] (custom)
datanode_1  | 2019-10-13 10:05:39,076 INFO server.RaftServerConfigKeys: raft.server.log.corruption.policy = EXCEPTION (default)
datanode_2  | 2019-10-13 10:05:39,079 INFO impl.RaftServerImpl: b79f3848-e7ec-4c72-a925-528e5314866f@group-D72BB0F4240C: ConfigurationManager, init=-1: [d8fba815-81e5-4fdb-b60a-4e62afa8e75a:172.18.0.5:9858, b79f3848-e7ec-4c72-a925-528e5314866f:172.18.0.9:9858, c516c638-c0d7-4a20-9509-63220956439e:172.18.0.7:9858], old=null, confs=<EMPTY_MAP>
nm_1        | 2019-10-13 10:06:39 INFO  ContainerManagerImpl:850 - Creating a new application reference for app application_1570961129611_0001
rm_1        | 2019-10-13 10:05:29 INFO  Server:722 - Starting Socket Reader #1 for port 8030
scm_1       | 2019-10-13 10:07:42,747 INFO block.BlockManagerImpl: Deleting blocks conID: 3 locID: 102954512982147080 bcsId: 0
datanode_3  | 2019-10-13 10:05:39,071 INFO server.RaftServerConfigKeys: raft.server.log.corruption.policy = EXCEPTION (default)
datanode_1  | 2019-10-13 10:05:39,076 INFO storage.RaftStorageDirectory: The storage directory /data/metadata/ratis/f586a1f5-4536-4d69-9b1a-d72bb0f4240c does not exist. Creating ...
datanode_2  | 2019-10-13 10:05:39,079 INFO server.RaftServerConfigKeys: raft.server.storage.dir = [/data/metadata/ratis] (custom)
nm_1        | 2019-10-13 10:06:39 INFO  NMAuditLogger:89 - USER=hadoop	IP=172.18.0.3	OPERATION=Start Container Request	TARGET=ContainerManageImpl	RESULT=SUCCESS	APPID=application_1570961129611_0001	CONTAINERID=container_1570961129611_0001_01_000001
rm_1        | 2019-10-13 10:05:29 INFO  RpcServerFactoryPBImpl:174 - Adding protocol org.apache.hadoop.yarn.api.ApplicationMasterProtocolPB to the server
scm_1       | 2019-10-13 10:07:42,747 INFO block.BlockManagerImpl: Deleting blocks conID: 5 locID: 102954514186174473 bcsId: 0
datanode_3  | 2019-10-13 10:05:39,071 INFO storage.RaftStorageDirectory: The storage directory /data/metadata/ratis/f586a1f5-4536-4d69-9b1a-d72bb0f4240c does not exist. Creating ...
datanode_1  | 2019-10-13 10:05:39,110 INFO storage.RaftStorageDirectory: Lock on /data/metadata/ratis/f586a1f5-4536-4d69-9b1a-d72bb0f4240c/in_use.lock acquired by nodename 7@d5f439055248
datanode_2  | 2019-10-13 10:05:39,080 INFO server.RaftServerConfigKeys: raft.server.log.corruption.policy = EXCEPTION (default)
nm_1        | 2019-10-13 10:06:39 INFO  ApplicationImpl:464 - Application application_1570961129611_0001 transitioned from NEW to INITING
rm_1        | 2019-10-13 10:05:29 INFO  Server:962 - IPC Server Responder: starting
scm_1       | 2019-10-13 10:07:42,747 INFO block.BlockManagerImpl: Deleting blocks conID: 7 locID: 102954514197577738 bcsId: 0
datanode_3  | 2019-10-13 10:05:39,110 INFO storage.RaftStorageDirectory: Lock on /data/metadata/ratis/f586a1f5-4536-4d69-9b1a-d72bb0f4240c/in_use.lock acquired by nodename 7@0947131c190c
datanode_1  | 2019-10-13 10:05:39,124 INFO storage.RaftStorage: Storage directory /data/metadata/ratis/f586a1f5-4536-4d69-9b1a-d72bb0f4240c has been successfully formatted.
datanode_2  | 2019-10-13 10:05:39,080 INFO storage.RaftStorageDirectory: The storage directory /data/metadata/ratis/f586a1f5-4536-4d69-9b1a-d72bb0f4240c does not exist. Creating ...
nm_1        | 2019-10-13 10:06:39 INFO  ApplicationImpl:304 - Adding container_1570961129611_0001_01_000001 to application application_1570961129611_0001
rm_1        | 2019-10-13 10:05:29 INFO  Server:801 - IPC Server listener on 8030: starting
scm_1       | 2019-10-13 10:07:42,747 INFO block.BlockManagerImpl: Deleting blocks conID: 3 locID: 102954512707158018 bcsId: 0
datanode_3  | 2019-10-13 10:05:39,124 INFO storage.RaftStorage: Storage directory /data/metadata/ratis/f586a1f5-4536-4d69-9b1a-d72bb0f4240c has been successfully formatted.
datanode_1  | 2019-10-13 10:05:39,124 [pool-8-thread-1] INFO       - group-D72BB0F4240C: The snapshot info is null. Setting the last applied indexto:(t:0, i:~)
datanode_2  | 2019-10-13 10:05:39,110 INFO storage.RaftStorageDirectory: Lock on /data/metadata/ratis/f586a1f5-4536-4d69-9b1a-d72bb0f4240c/in_use.lock acquired by nodename 7@4f6bb0e0d8c1
nm_1        | 2019-10-13 10:06:39 INFO  ApplicationImpl:464 - Application application_1570961129611_0001 transitioned from INITING to RUNNING
rm_1        | 2019-10-13 10:05:29 INFO  CallQueueManager:57 - Using callQueue: class java.util.concurrent.LinkedBlockingQueue queueCapacity: 5000
datanode_3  | 2019-10-13 10:05:39,124 [pool-8-thread-1] INFO       - group-D72BB0F4240C: The snapshot info is null. Setting the last applied indexto:(t:0, i:~)
datanode_1  | 2019-10-13 10:05:39,125 INFO server.RaftServerConfigKeys: raft.server.notification.no-leader.timeout = 120s (custom)
scm_1       | 2019-10-13 10:07:42,748 INFO block.BlockManagerImpl: Deleting blocks conID: 4 locID: 102954512808148995 bcsId: 0
datanode_2  | 2019-10-13 10:05:39,124 INFO storage.RaftStorage: Storage directory /data/metadata/ratis/f586a1f5-4536-4d69-9b1a-d72bb0f4240c has been successfully formatted.
nm_1        | 2019-10-13 10:06:39 INFO  ContainerImpl:1135 - Container container_1570961129611_0001_01_000001 transitioned from NEW to LOCALIZING
rm_1        | 2019-10-13 10:05:29 INFO  Server:722 - Starting Socket Reader #1 for port 8032
datanode_3  | 2019-10-13 10:05:39,125 INFO server.RaftServerConfigKeys: raft.server.notification.no-leader.timeout = 120s (custom)
datanode_1  | 2019-10-13 10:05:39,125 INFO server.RaftServerConfigKeys: raft.server.log.use.memory = false (default)
scm_1       | 2019-10-13 10:07:42,748 INFO block.BlockManagerImpl: Deleting blocks conID: 5 locID: 102954512821321732 bcsId: 0
datanode_2  | 2019-10-13 10:05:39,124 [pool-8-thread-1] INFO       - group-D72BB0F4240C: The snapshot info is null. Setting the last applied indexto:(t:0, i:~)
nm_1        | 2019-10-13 10:06:39 INFO  AuxServices:196 - Got event CONTAINER_INIT for appId application_1570961129611_0001
rm_1        | 2019-10-13 10:05:29 INFO  RpcServerFactoryPBImpl:174 - Adding protocol org.apache.hadoop.yarn.api.ApplicationClientProtocolPB to the server
datanode_3  | 2019-10-13 10:05:39,125 INFO server.RaftServerConfigKeys: raft.server.log.use.memory = false (default)
datanode_1  | 2019-10-13 10:05:39,125 INFO server.RaftServerConfigKeys: raft.server.log.purge.gap = 1000000 (custom)
scm_1       | 2019-10-13 10:07:42,748 INFO block.BlockManagerImpl: Deleting blocks conID: 6 locID: 102954515740688395 bcsId: 0
datanode_2  | 2019-10-13 10:05:39,125 INFO server.RaftServerConfigKeys: raft.server.notification.no-leader.timeout = 120s (custom)
nm_1        | 2019-10-13 10:06:39 INFO  LocalizedResource:203 - Resource o3fs://bucket1.vol1/user/hadoop/.staging/job_1570961129611_0001/job.splitmetainfo transitioned from INIT to DOWNLOADING
rm_1        | 2019-10-13 10:05:29 INFO  Server:962 - IPC Server Responder: starting
datanode_3  | 2019-10-13 10:05:39,125 INFO server.RaftServerConfigKeys: raft.server.log.purge.gap = 1000000 (custom)
datanode_1  | 2019-10-13 10:05:39,125 INFO server.RaftServerConfigKeys: raft.server.log.appender.buffer.byte-limit = 33554432 (custom)
scm_1       | 2019-10-13 10:07:42,748 INFO block.BlockManagerImpl: Deleting blocks conID: 8 locID: 102954515808976908 bcsId: 0
datanode_2  | 2019-10-13 10:05:39,125 INFO server.RaftServerConfigKeys: raft.server.log.use.memory = false (default)
nm_1        | 2019-10-13 10:06:39 INFO  LocalizedResource:203 - Resource o3fs://bucket1.vol1/user/hadoop/.staging/job_1570961129611_0001/job.jar transitioned from INIT to DOWNLOADING
rm_1        | 2019-10-13 10:05:29 INFO  Server:801 - IPC Server listener on 8032: starting
datanode_3  | 2019-10-13 10:05:39,125 INFO server.RaftServerConfigKeys: raft.server.log.appender.buffer.byte-limit = 33554432 (custom)
datanode_1  | 2019-10-13 10:05:39,125 INFO server.RaftServerConfigKeys: raft.server.log.segment.size.max = 1048576 (custom)
datanode_2  | 2019-10-13 10:05:39,125 INFO server.RaftServerConfigKeys: raft.server.log.purge.gap = 1000000 (custom)
nm_1        | 2019-10-13 10:06:39 INFO  LocalizedResource:203 - Resource o3fs://bucket1.vol1/user/hadoop/.staging/job_1570961129611_0001/job.split transitioned from INIT to DOWNLOADING
rm_1        | 2019-10-13 10:05:30 INFO  ResourceManager:1025 - Transitioned to active state
datanode_3  | 2019-10-13 10:05:39,125 INFO server.RaftServerConfigKeys: raft.server.log.segment.size.max = 1048576 (custom)
datanode_1  | 2019-10-13 10:05:39,125 INFO server.RaftServerConfigKeys: raft.server.log.segment.cache.num.max = 2 (custom)
nm_1        | 2019-10-13 10:06:39 INFO  LocalizedResource:203 - Resource o3fs://bucket1.vol1/user/hadoop/.staging/job_1570961129611_0001/job.xml transitioned from INIT to DOWNLOADING
rm_1        | 2019-10-13 10:05:30 INFO  log:67 - Logging to org.slf4j.impl.Log4jLoggerAdapter(org.mortbay.log) via org.mortbay.log.Slf4jLog
datanode_2  | 2019-10-13 10:05:39,125 INFO server.RaftServerConfigKeys: raft.server.log.appender.buffer.byte-limit = 33554432 (custom)
datanode_3  | 2019-10-13 10:05:39,125 INFO server.RaftServerConfigKeys: raft.server.log.segment.cache.num.max = 2 (custom)
datanode_1  | 2019-10-13 10:05:39,125 INFO segmented.SegmentedRaftLogWorker: new d8fba815-81e5-4fdb-b60a-4e62afa8e75a@group-D72BB0F4240C-SegmentedRaftLogWorker for RaftStorage:Storage Directory /data/metadata/ratis/f586a1f5-4536-4d69-9b1a-d72bb0f4240c
rm_1        | 2019-10-13 10:05:30 INFO  AuthenticationFilter:283 - Unable to initialize FileSignerSecretProvider, falling back to use random secrets.
datanode_2  | 2019-10-13 10:05:39,125 INFO server.RaftServerConfigKeys: raft.server.log.segment.size.max = 1048576 (custom)
nm_1        | 2019-10-13 10:06:39 INFO  ResourceLocalizationService:711 - Created localizer for container_1570961129611_0001_01_000001
datanode_3  | 2019-10-13 10:05:39,125 INFO segmented.SegmentedRaftLogWorker: new c516c638-c0d7-4a20-9509-63220956439e@group-D72BB0F4240C-SegmentedRaftLogWorker for RaftStorage:Storage Directory /data/metadata/ratis/f586a1f5-4536-4d69-9b1a-d72bb0f4240c
rm_1        | 2019-10-13 10:05:30 INFO  HttpRequestLog:80 - Http request log for http.requests.resourcemanager is not defined
datanode_1  | 2019-10-13 10:05:39,125 INFO server.RaftServerConfigKeys: raft.server.log.queue.byte-limit = 2147483647 (custom)
datanode_2  | 2019-10-13 10:05:39,126 INFO server.RaftServerConfigKeys: raft.server.log.segment.cache.num.max = 2 (custom)
nm_1        | 2019-10-13 10:06:39 INFO  ResourceLocalizationService:1195 - Writing credentials to the nmPrivate file /tmp/hadoop-hadoop/nm-local-dir/nmPrivate/container_1570961129611_0001_01_000001.tokens. Credentials list: 
rm_1        | 2019-10-13 10:05:30 INFO  HttpServer2:730 - Added global filter 'safety' (class=org.apache.hadoop.http.HttpServer2$QuotingInputFilter)
datanode_3  | 2019-10-13 10:05:39,125 INFO server.RaftServerConfigKeys: raft.server.log.queue.byte-limit = 2147483647 (custom)
datanode_1  | 2019-10-13 10:05:39,126 INFO server.RaftServerConfigKeys: raft.server.log.queue.element-limit = 1024 (custom)
datanode_2  | 2019-10-13 10:05:39,126 INFO segmented.SegmentedRaftLogWorker: new b79f3848-e7ec-4c72-a925-528e5314866f@group-D72BB0F4240C-SegmentedRaftLogWorker for RaftStorage:Storage Directory /data/metadata/ratis/f586a1f5-4536-4d69-9b1a-d72bb0f4240c
nm_1        | 2019-10-13 10:06:39 INFO  DefaultContainerExecutor:612 - Initializing user hadoop
rm_1        | 2019-10-13 10:05:30 INFO  HttpServer2:705 - Added filter RMAuthenticationFilter (class=org.apache.hadoop.yarn.server.security.http.RMAuthenticationFilter) to context cluster
datanode_1  | 2019-10-13 10:05:39,126 INFO server.RaftServerConfigKeys: raft.server.log.segment.size.max = 1048576 (custom)
datanode_2  | 2019-10-13 10:05:39,126 INFO server.RaftServerConfigKeys: raft.server.log.queue.byte-limit = 2147483647 (custom)
datanode_3  | 2019-10-13 10:05:39,126 INFO server.RaftServerConfigKeys: raft.server.log.queue.element-limit = 1024 (custom)
nm_1        | 2019-10-13 10:06:39 INFO  DefaultContainerExecutor:117 - Copying from /tmp/hadoop-hadoop/nm-local-dir/nmPrivate/container_1570961129611_0001_01_000001.tokens to /tmp/hadoop-hadoop/nm-local-dir/usercache/hadoop/appcache/application_1570961129611_0001/container_1570961129611_0001_01_000001.tokens
rm_1        | 2019-10-13 10:05:30 INFO  HttpServer2:713 - Added filter RMAuthenticationFilter (class=org.apache.hadoop.yarn.server.security.http.RMAuthenticationFilter) to context logs
datanode_2  | 2019-10-13 10:05:39,126 INFO server.RaftServerConfigKeys: raft.server.log.queue.element-limit = 1024 (custom)
datanode_3  | 2019-10-13 10:05:39,126 INFO server.RaftServerConfigKeys: raft.server.log.segment.size.max = 1048576 (custom)
datanode_1  | 2019-10-13 10:05:39,126 INFO server.RaftServerConfigKeys: raft.server.log.preallocated.size = 16384 (custom)
rm_1        | 2019-10-13 10:05:30 INFO  HttpServer2:713 - Added filter RMAuthenticationFilter (class=org.apache.hadoop.yarn.server.security.http.RMAuthenticationFilter) to context static
datanode_2  | 2019-10-13 10:05:39,126 INFO server.RaftServerConfigKeys: raft.server.log.segment.size.max = 1048576 (custom)
datanode_3  | 2019-10-13 10:05:39,126 INFO server.RaftServerConfigKeys: raft.server.log.preallocated.size = 16384 (custom)
nm_1        | 2019-10-13 10:06:39 INFO  DefaultContainerExecutor:124 - Localizer CWD set to /tmp/hadoop-hadoop/nm-local-dir/usercache/hadoop/appcache/application_1570961129611_0001 = file:/tmp/hadoop-hadoop/nm-local-dir/usercache/hadoop/appcache/application_1570961129611_0001
datanode_1  | 2019-10-13 10:05:39,126 INFO server.RaftServerConfigKeys: raft.server.log.write.buffer.size = 33554432 (custom)
rm_1        | 2019-10-13 10:05:30 INFO  HttpServer2:705 - Added filter static_user_filter (class=org.apache.hadoop.http.lib.StaticUserWebFilter$StaticUserFilter) to context cluster
datanode_2  | 2019-10-13 10:05:39,126 INFO server.RaftServerConfigKeys: raft.server.log.preallocated.size = 16384 (custom)
datanode_3  | 2019-10-13 10:05:39,126 INFO server.RaftServerConfigKeys: raft.server.log.write.buffer.size = 33554432 (custom)
nm_1        | 2019-10-13 10:06:40 WARN  NativeCodeLoader:60 - Unable to load native-hadoop library for your platform... using builtin-java classes where applicable
datanode_1  | 2019-10-13 10:05:39,126 INFO server.RaftServerConfigKeys: raft.server.log.force.sync.num = 128 (default)
rm_1        | 2019-10-13 10:05:30 INFO  HttpServer2:713 - Added filter static_user_filter (class=org.apache.hadoop.http.lib.StaticUserWebFilter$StaticUserFilter) to context logs
datanode_2  | 2019-10-13 10:05:39,127 INFO server.RaftServerConfigKeys: raft.server.log.write.buffer.size = 33554432 (custom)
datanode_3  | 2019-10-13 10:05:39,126 INFO server.RaftServerConfigKeys: raft.server.log.force.sync.num = 128 (default)
nm_1        | 2019-10-13 10:06:41 INFO  MetricsConfig:118 - Loaded properties from hadoop-metrics2.properties
datanode_1  | 2019-10-13 10:05:39,126 INFO server.RaftServerConfigKeys: raft.server.log.statemachine.data.sync = true (default)
rm_1        | 2019-10-13 10:05:30 INFO  HttpServer2:713 - Added filter static_user_filter (class=org.apache.hadoop.http.lib.StaticUserWebFilter$StaticUserFilter) to context static
datanode_2  | 2019-10-13 10:05:39,127 INFO server.RaftServerConfigKeys: raft.server.log.force.sync.num = 128 (default)
datanode_3  | 2019-10-13 10:05:39,126 INFO server.RaftServerConfigKeys: raft.server.log.statemachine.data.sync = true (default)
nm_1        | 2019-10-13 10:06:41 INFO  MetricsSystemImpl:374 - Scheduled Metric snapshot period at 10 second(s).
rm_1        | 2019-10-13 10:05:30 INFO  HttpServer2:424 - adding path spec: /cluster/*
datanode_2  | 2019-10-13 10:05:39,127 INFO server.RaftServerConfigKeys: raft.server.log.statemachine.data.sync = true (default)
datanode_3  | 2019-10-13 10:05:39,126 INFO server.RaftServerConfigKeys: raft.server.log.statemachine.data.sync.timeout = 10s (default)
datanode_1  | 2019-10-13 10:05:39,126 INFO server.RaftServerConfigKeys: raft.server.log.statemachine.data.sync.timeout = 10s (default)
nm_1        | 2019-10-13 10:06:41 INFO  MetricsSystemImpl:191 - XceiverClientMetrics metrics system started
rm_1        | 2019-10-13 10:05:30 INFO  HttpServer2:424 - adding path spec: /ws/*
datanode_3  | 2019-10-13 10:05:39,126 INFO server.RaftServerConfigKeys: raft.server.log.statemachine.data.sync.timeout.retry = -1 (default)
datanode_1  | 2019-10-13 10:05:39,126 INFO server.RaftServerConfigKeys: raft.server.log.statemachine.data.sync.timeout.retry = -1 (default)
nm_1        | 2019-10-13 10:06:42 INFO  LocalizedResource:203 - Resource o3fs://bucket1.vol1/user/hadoop/.staging/job_1570961129611_0001/job.splitmetainfo(->/tmp/hadoop-hadoop/nm-local-dir/usercache/hadoop/appcache/application_1570961129611_0001/filecache/10/job.splitmetainfo) transitioned from DOWNLOADING to LOCALIZED
datanode_2  | 2019-10-13 10:05:39,127 INFO server.RaftServerConfigKeys: raft.server.log.statemachine.data.sync.timeout = 10s (default)
datanode_3  | 2019-10-13 10:05:39,126 INFO server.RaftServerConfigKeys: raft.server.log.statemachine.data.caching.enabled = true (custom)
rm_1        | 2019-10-13 10:05:30 INFO  WebApps:288 - Registered webapp guice modules
datanode_1  | 2019-10-13 10:05:39,126 INFO server.RaftServerConfigKeys: raft.server.log.statemachine.data.caching.enabled = true (custom)
nm_1        | 2019-10-13 10:06:42 INFO  LocalizedResource:203 - Resource o3fs://bucket1.vol1/user/hadoop/.staging/job_1570961129611_0001/job.jar(->/tmp/hadoop-hadoop/nm-local-dir/usercache/hadoop/appcache/application_1570961129611_0001/filecache/11/job.jar) transitioned from DOWNLOADING to LOCALIZED
datanode_2  | 2019-10-13 10:05:39,127 INFO server.RaftServerConfigKeys: raft.server.log.statemachine.data.sync.timeout.retry = -1 (default)
datanode_3  | 2019-10-13 10:05:39,127 INFO segmented.SegmentedRaftLogWorker: c516c638-c0d7-4a20-9509-63220956439e@group-D72BB0F4240C-SegmentedRaftLogWorker: flushIndex: setUnconditionally 0 -> -1
rm_1        | 2019-10-13 10:05:30 INFO  HttpServer2:935 - Jetty bound to port 8088
datanode_1  | 2019-10-13 10:05:39,127 INFO segmented.SegmentedRaftLogWorker: d8fba815-81e5-4fdb-b60a-4e62afa8e75a@group-D72BB0F4240C-SegmentedRaftLogWorker: flushIndex: setUnconditionally 0 -> -1
nm_1        | 2019-10-13 10:06:42 INFO  LocalizedResource:203 - Resource o3fs://bucket1.vol1/user/hadoop/.staging/job_1570961129611_0001/job.split(->/tmp/hadoop-hadoop/nm-local-dir/usercache/hadoop/appcache/application_1570961129611_0001/filecache/12/job.split) transitioned from DOWNLOADING to LOCALIZED
datanode_2  | 2019-10-13 10:05:39,127 INFO server.RaftServerConfigKeys: raft.server.log.statemachine.data.caching.enabled = true (custom)
datanode_3  | 2019-10-13 10:05:39,127 INFO server.RaftServerConfigKeys: raft.server.snapshot.auto.trigger.enabled = true (custom)
rm_1        | 2019-10-13 10:05:30 INFO  log:67 - jetty-6.1.26
datanode_1  | 2019-10-13 10:05:39,127 INFO server.RaftServerConfigKeys: raft.server.snapshot.auto.trigger.enabled = true (custom)
datanode_2  | 2019-10-13 10:05:39,128 INFO segmented.SegmentedRaftLogWorker: b79f3848-e7ec-4c72-a925-528e5314866f@group-D72BB0F4240C-SegmentedRaftLogWorker: flushIndex: setUnconditionally 0 -> -1
nm_1        | 2019-10-13 10:06:42 INFO  LocalizedResource:203 - Resource o3fs://bucket1.vol1/user/hadoop/.staging/job_1570961129611_0001/job.xml(->/tmp/hadoop-hadoop/nm-local-dir/usercache/hadoop/appcache/application_1570961129611_0001/filecache/13/job.xml) transitioned from DOWNLOADING to LOCALIZED
datanode_3  | 2019-10-13 10:05:39,127 INFO server.RaftServerConfigKeys: raft.server.snapshot.auto.trigger.threshold = 10000 (custom)
rm_1        | 2019-10-13 10:05:30 INFO  log:67 - Extract jar:file:/opt/hadoop/share/hadoop/yarn/hadoop-yarn-common-2.7.7.jar!/webapps/cluster to /tmp/Jetty_rm_8088_cluster____oilmo9/webapp
datanode_1  | 2019-10-13 10:05:39,127 INFO server.RaftServerConfigKeys: raft.server.snapshot.auto.trigger.threshold = 10000 (custom)
datanode_2  | 2019-10-13 10:05:39,128 INFO server.RaftServerConfigKeys: raft.server.snapshot.auto.trigger.enabled = true (custom)
datanode_3  | 2019-10-13 10:05:39,127 INFO server.RaftServerConfigKeys: raft.server.snapshot.retention.file.num = 5 (custom)
rm_1        | 2019-10-13 10:05:31 INFO  AbstractDelegationTokenSecretManager:326 - Updating the current master key for generating delegation tokens
nm_1        | 2019-10-13 10:06:42 INFO  ContainerImpl:1135 - Container container_1570961129611_0001_01_000001 transitioned from LOCALIZING to LOCALIZED
datanode_1  | 2019-10-13 10:05:39,127 INFO server.RaftServerConfigKeys: raft.server.snapshot.retention.file.num = 5 (custom)
datanode_2  | 2019-10-13 10:05:39,128 INFO server.RaftServerConfigKeys: raft.server.snapshot.auto.trigger.threshold = 10000 (custom)
datanode_3  | 2019-10-13 10:05:39,128 INFO server.RaftServerConfigKeys: raft.server.retrycache.expirytime = 600000ms (custom)
rm_1        | 2019-10-13 10:05:31 INFO  AbstractDelegationTokenSecretManager:644 - Starting expired delegation token remover thread, tokenRemoverScanInterval=60 min(s)
nm_1        | 2019-10-13 10:06:42 INFO  ContainerImpl:1135 - Container container_1570961129611_0001_01_000001 transitioned from LOCALIZED to RUNNING
datanode_1  | 2019-10-13 10:05:39,127 INFO server.RaftServerConfigKeys: raft.server.retrycache.expirytime = 600000ms (custom)
datanode_3  | 2019-10-13 10:05:39,132 INFO impl.RaftServerImpl: c516c638-c0d7-4a20-9509-63220956439e@group-D72BB0F4240C: start as a follower, conf=-1: [d8fba815-81e5-4fdb-b60a-4e62afa8e75a:172.18.0.5:9858, b79f3848-e7ec-4c72-a925-528e5314866f:172.18.0.9:9858, c516c638-c0d7-4a20-9509-63220956439e:172.18.0.7:9858], old=null
rm_1        | 2019-10-13 10:05:31 INFO  AbstractDelegationTokenSecretManager:326 - Updating the current master key for generating delegation tokens
nm_1        | 2019-10-13 10:06:42 INFO  ContainersMonitorImpl:196 - Neither virutal-memory nor physical-memory monitoring is needed. Not running the monitor-thread
datanode_2  | 2019-10-13 10:05:39,128 INFO server.RaftServerConfigKeys: raft.server.snapshot.retention.file.num = 5 (custom)
datanode_1  | 2019-10-13 10:05:39,132 INFO impl.RaftServerImpl: d8fba815-81e5-4fdb-b60a-4e62afa8e75a@group-D72BB0F4240C: start as a follower, conf=-1: [d8fba815-81e5-4fdb-b60a-4e62afa8e75a:172.18.0.5:9858, b79f3848-e7ec-4c72-a925-528e5314866f:172.18.0.9:9858, c516c638-c0d7-4a20-9509-63220956439e:172.18.0.7:9858], old=null
datanode_3  | 2019-10-13 10:05:39,133 INFO impl.RaftServerImpl: c516c638-c0d7-4a20-9509-63220956439e@group-D72BB0F4240C: changes role from      null to FOLLOWER at term 0 for startAsFollower
rm_1        | Oct 13, 2019 10:05:31 AM com.sun.jersey.guice.spi.container.GuiceComponentProviderFactory register
