datanode_3  | 2019-10-13 20:03:14,673 INFO impl.LeaderElection: 0578081b-ef78-4c50-9760-3bacadf16a0c@group-5FD20BC6F357-LeaderElection2: Election REJECTED; received 2 response(s) [0578081b-ef78-4c50-9760-3bacadf16a0c<-3be427eb-ae92-4280-b247-86b56deb5fd1#0:FAIL-t1, 0578081b-ef78-4c50-9760-3bacadf16a0c<-0c58bf73-cc03-4658-b3aa-45deeb5b4a10#0:FAIL-t1] and 0 exception(s); 0578081b-ef78-4c50-9760-3bacadf16a0c@group-5FD20BC6F357:t1, leader=null, voted=0578081b-ef78-4c50-9760-3bacadf16a0c, raftlog=0578081b-ef78-4c50-9760-3bacadf16a0c@group-5FD20BC6F357-SegmentedRaftLog:OPENED:c-1,f-1,i0, conf=-1: [3be427eb-ae92-4280-b247-86b56deb5fd1:172.18.0.3:9858, 0578081b-ef78-4c50-9760-3bacadf16a0c:172.18.0.5:9858, 0c58bf73-cc03-4658-b3aa-45deeb5b4a10:172.18.0.6:9858], old=null
datanode_1  | 2019-10-13 20:03:19,741 INFO impl.RoleInfo: 0c58bf73-cc03-4658-b3aa-45deeb5b4a10: start LeaderElection
datanode_2  | 2019-10-13 20:03:14,443 INFO impl.RoleInfo: 3be427eb-ae92-4280-b247-86b56deb5fd1: shutdown FollowerState
datanode_3  | 2019-10-13 20:03:14,674 INFO impl.RaftServerImpl: 0578081b-ef78-4c50-9760-3bacadf16a0c@group-5FD20BC6F357: changes role from CANDIDATE to FOLLOWER at term 1 for DISCOVERED_A_NEW_TERM
datanode_1  | 2019-10-13 20:03:19,757 INFO impl.LeaderElection: 0c58bf73-cc03-4658-b3aa-45deeb5b4a10@group-5FD20BC6F357-LeaderElection3: begin an election at term 2 for -1: [3be427eb-ae92-4280-b247-86b56deb5fd1:172.18.0.3:9858, 0578081b-ef78-4c50-9760-3bacadf16a0c:172.18.0.5:9858, 0c58bf73-cc03-4658-b3aa-45deeb5b4a10:172.18.0.6:9858], old=null
datanode_2  | 2019-10-13 20:03:14,443 INFO impl.RaftServerImpl: 3be427eb-ae92-4280-b247-86b56deb5fd1@group-5FD20BC6F357: changes role from  FOLLOWER to CANDIDATE at term 0 for changeToCandidate
datanode_3  | 2019-10-13 20:03:14,674 INFO impl.RoleInfo: 0578081b-ef78-4c50-9760-3bacadf16a0c: shutdown LeaderElection
datanode_2  | 2019-10-13 20:03:14,443 INFO impl.RoleInfo: 3be427eb-ae92-4280-b247-86b56deb5fd1: start LeaderElection
datanode_3  | 2019-10-13 20:03:14,675 INFO impl.RoleInfo: 0578081b-ef78-4c50-9760-3bacadf16a0c: start FollowerState
datanode_1  | 2019-10-13 20:03:19,811 INFO impl.LeaderElection: 0c58bf73-cc03-4658-b3aa-45deeb5b4a10@group-5FD20BC6F357-LeaderElection3: Election REJECTED; received 2 response(s) [0c58bf73-cc03-4658-b3aa-45deeb5b4a10<-3be427eb-ae92-4280-b247-86b56deb5fd1#0:FAIL-t2, 0c58bf73-cc03-4658-b3aa-45deeb5b4a10<-0578081b-ef78-4c50-9760-3bacadf16a0c#0:FAIL-t2] and 0 exception(s); 0c58bf73-cc03-4658-b3aa-45deeb5b4a10@group-5FD20BC6F357:t2, leader=null, voted=0c58bf73-cc03-4658-b3aa-45deeb5b4a10, raftlog=0c58bf73-cc03-4658-b3aa-45deeb5b4a10@group-5FD20BC6F357-SegmentedRaftLog:OPENED:c-1,f-1,i0, conf=-1: [3be427eb-ae92-4280-b247-86b56deb5fd1:172.18.0.3:9858, 0578081b-ef78-4c50-9760-3bacadf16a0c:172.18.0.5:9858, 0c58bf73-cc03-4658-b3aa-45deeb5b4a10:172.18.0.6:9858], old=null
datanode_2  | 2019-10-13 20:03:14,467 INFO impl.LeaderElection: 3be427eb-ae92-4280-b247-86b56deb5fd1@group-5FD20BC6F357-LeaderElection2: begin an election at term 1 for -1: [3be427eb-ae92-4280-b247-86b56deb5fd1:172.18.0.3:9858, 0578081b-ef78-4c50-9760-3bacadf16a0c:172.18.0.5:9858, 0c58bf73-cc03-4658-b3aa-45deeb5b4a10:172.18.0.6:9858], old=null
datanode_3  | 2019-10-13 20:03:19,760 INFO impl.FollowerState: 0578081b-ef78-4c50-9760-3bacadf16a0c@group-5FD20BC6F357-FollowerState: change to CANDIDATE, lastRpcTime:5085ms, electionTimeout:5085ms
datanode_2  | 2019-10-13 20:03:14,648 INFO impl.LeaderElection: 3be427eb-ae92-4280-b247-86b56deb5fd1@group-5FD20BC6F357-LeaderElection2: Election REJECTED; received 2 response(s) [3be427eb-ae92-4280-b247-86b56deb5fd1<-0578081b-ef78-4c50-9760-3bacadf16a0c#0:FAIL-t1, 3be427eb-ae92-4280-b247-86b56deb5fd1<-0c58bf73-cc03-4658-b3aa-45deeb5b4a10#0:FAIL-t1] and 0 exception(s); 3be427eb-ae92-4280-b247-86b56deb5fd1@group-5FD20BC6F357:t1, leader=null, voted=3be427eb-ae92-4280-b247-86b56deb5fd1, raftlog=3be427eb-ae92-4280-b247-86b56deb5fd1@group-5FD20BC6F357-SegmentedRaftLog:OPENED:c-1,f-1,i0, conf=-1: [3be427eb-ae92-4280-b247-86b56deb5fd1:172.18.0.3:9858, 0578081b-ef78-4c50-9760-3bacadf16a0c:172.18.0.5:9858, 0c58bf73-cc03-4658-b3aa-45deeb5b4a10:172.18.0.6:9858], old=null
datanode_3  | 2019-10-13 20:03:19,760 INFO impl.RoleInfo: 0578081b-ef78-4c50-9760-3bacadf16a0c: shutdown FollowerState
datanode_2  | 2019-10-13 20:03:14,650 INFO impl.RaftServerImpl: 3be427eb-ae92-4280-b247-86b56deb5fd1@group-5FD20BC6F357: changes role from CANDIDATE to FOLLOWER at term 1 for DISCOVERED_A_NEW_TERM
datanode_3  | 2019-10-13 20:03:19,761 INFO impl.RaftServerImpl: 0578081b-ef78-4c50-9760-3bacadf16a0c@group-5FD20BC6F357: changes role from  FOLLOWER to CANDIDATE at term 1 for changeToCandidate
datanode_1  | 2019-10-13 20:03:19,812 INFO impl.RaftServerImpl: 0c58bf73-cc03-4658-b3aa-45deeb5b4a10@group-5FD20BC6F357: changes role from CANDIDATE to FOLLOWER at term 2 for DISCOVERED_A_NEW_TERM
datanode_2  | 2019-10-13 20:03:14,650 INFO impl.RoleInfo: 3be427eb-ae92-4280-b247-86b56deb5fd1: shutdown LeaderElection
datanode_1  | 2019-10-13 20:03:19,812 INFO impl.RoleInfo: 0c58bf73-cc03-4658-b3aa-45deeb5b4a10: shutdown LeaderElection
datanode_2  | 2019-10-13 20:03:14,650 INFO impl.RoleInfo: 3be427eb-ae92-4280-b247-86b56deb5fd1: start FollowerState
datanode_1  | 2019-10-13 20:03:19,812 INFO impl.RoleInfo: 0c58bf73-cc03-4658-b3aa-45deeb5b4a10: start FollowerState
datanode_2  | 2019-10-13 20:03:19,760 INFO impl.FollowerState: 3be427eb-ae92-4280-b247-86b56deb5fd1@group-5FD20BC6F357-FollowerState: change to CANDIDATE, lastRpcTime:5110ms, electionTimeout:5110ms
datanode_1  | 2019-10-13 20:03:24,829 INFO impl.FollowerState: 0c58bf73-cc03-4658-b3aa-45deeb5b4a10@group-5FD20BC6F357-FollowerState: change to CANDIDATE, lastRpcTime:5016ms, electionTimeout:5016ms
datanode_3  | 2019-10-13 20:03:19,761 INFO impl.RoleInfo: 0578081b-ef78-4c50-9760-3bacadf16a0c: start LeaderElection
datanode_2  | 2019-10-13 20:03:19,761 INFO impl.RoleInfo: 3be427eb-ae92-4280-b247-86b56deb5fd1: shutdown FollowerState
datanode_1  | 2019-10-13 20:03:24,830 INFO impl.RoleInfo: 0c58bf73-cc03-4658-b3aa-45deeb5b4a10: shutdown FollowerState
datanode_3  | 2019-10-13 20:03:19,775 INFO impl.LeaderElection: 0578081b-ef78-4c50-9760-3bacadf16a0c@group-5FD20BC6F357-LeaderElection3: begin an election at term 2 for -1: [3be427eb-ae92-4280-b247-86b56deb5fd1:172.18.0.3:9858, 0578081b-ef78-4c50-9760-3bacadf16a0c:172.18.0.5:9858, 0c58bf73-cc03-4658-b3aa-45deeb5b4a10:172.18.0.6:9858], old=null
datanode_2  | 2019-10-13 20:03:19,761 INFO impl.RaftServerImpl: 3be427eb-ae92-4280-b247-86b56deb5fd1@group-5FD20BC6F357: changes role from  FOLLOWER to CANDIDATE at term 1 for changeToCandidate
datanode_1  | 2019-10-13 20:03:24,830 INFO impl.RaftServerImpl: 0c58bf73-cc03-4658-b3aa-45deeb5b4a10@group-5FD20BC6F357: changes role from  FOLLOWER to CANDIDATE at term 2 for changeToCandidate
datanode_3  | 2019-10-13 20:03:19,813 INFO impl.LeaderElection: 0578081b-ef78-4c50-9760-3bacadf16a0c@group-5FD20BC6F357-LeaderElection3: Election REJECTED; received 2 response(s) [0578081b-ef78-4c50-9760-3bacadf16a0c<-3be427eb-ae92-4280-b247-86b56deb5fd1#0:FAIL-t2, 0578081b-ef78-4c50-9760-3bacadf16a0c<-0c58bf73-cc03-4658-b3aa-45deeb5b4a10#0:FAIL-t2] and 0 exception(s); 0578081b-ef78-4c50-9760-3bacadf16a0c@group-5FD20BC6F357:t2, leader=null, voted=0578081b-ef78-4c50-9760-3bacadf16a0c, raftlog=0578081b-ef78-4c50-9760-3bacadf16a0c@group-5FD20BC6F357-SegmentedRaftLog:OPENED:c-1,f-1,i0, conf=-1: [3be427eb-ae92-4280-b247-86b56deb5fd1:172.18.0.3:9858, 0578081b-ef78-4c50-9760-3bacadf16a0c:172.18.0.5:9858, 0c58bf73-cc03-4658-b3aa-45deeb5b4a10:172.18.0.6:9858], old=null
datanode_1  | 2019-10-13 20:03:24,830 INFO impl.RoleInfo: 0c58bf73-cc03-4658-b3aa-45deeb5b4a10: start LeaderElection
datanode_3  | 2019-10-13 20:03:19,813 INFO impl.RaftServerImpl: 0578081b-ef78-4c50-9760-3bacadf16a0c@group-5FD20BC6F357: changes role from CANDIDATE to FOLLOWER at term 2 for DISCOVERED_A_NEW_TERM
datanode_1  | 2019-10-13 20:03:24,889 INFO impl.LeaderElection: 0c58bf73-cc03-4658-b3aa-45deeb5b4a10@group-5FD20BC6F357-LeaderElection4: begin an election at term 3 for -1: [3be427eb-ae92-4280-b247-86b56deb5fd1:172.18.0.3:9858, 0578081b-ef78-4c50-9760-3bacadf16a0c:172.18.0.5:9858, 0c58bf73-cc03-4658-b3aa-45deeb5b4a10:172.18.0.6:9858], old=null
datanode_3  | 2019-10-13 20:03:19,813 INFO impl.RoleInfo: 0578081b-ef78-4c50-9760-3bacadf16a0c: shutdown LeaderElection
datanode_1  | 2019-10-13 20:03:24,939 INFO impl.LeaderElection: 0c58bf73-cc03-4658-b3aa-45deeb5b4a10@group-5FD20BC6F357-LeaderElection4: Election PASSED; received 1 response(s) [0c58bf73-cc03-4658-b3aa-45deeb5b4a10<-0578081b-ef78-4c50-9760-3bacadf16a0c#0:OK-t3] and 0 exception(s); 0c58bf73-cc03-4658-b3aa-45deeb5b4a10@group-5FD20BC6F357:t3, leader=null, voted=0c58bf73-cc03-4658-b3aa-45deeb5b4a10, raftlog=0c58bf73-cc03-4658-b3aa-45deeb5b4a10@group-5FD20BC6F357-SegmentedRaftLog:OPENED:c-1,f-1,i0, conf=-1: [3be427eb-ae92-4280-b247-86b56deb5fd1:172.18.0.3:9858, 0578081b-ef78-4c50-9760-3bacadf16a0c:172.18.0.5:9858, 0c58bf73-cc03-4658-b3aa-45deeb5b4a10:172.18.0.6:9858], old=null
datanode_3  | 2019-10-13 20:03:19,814 INFO impl.RoleInfo: 0578081b-ef78-4c50-9760-3bacadf16a0c: start FollowerState
datanode_2  | 2019-10-13 20:03:19,761 INFO impl.RoleInfo: 3be427eb-ae92-4280-b247-86b56deb5fd1: start LeaderElection
datanode_1  | 2019-10-13 20:03:24,940 INFO impl.RoleInfo: 0c58bf73-cc03-4658-b3aa-45deeb5b4a10: shutdown LeaderElection
datanode_3  | 2019-10-13 20:03:24,911 INFO impl.RaftServerImpl: 0578081b-ef78-4c50-9760-3bacadf16a0c@group-5FD20BC6F357: changes role from  FOLLOWER to FOLLOWER at term 3 for recognizeCandidate:0c58bf73-cc03-4658-b3aa-45deeb5b4a10
datanode_1  | 2019-10-13 20:03:24,944 INFO impl.RaftServerImpl: 0c58bf73-cc03-4658-b3aa-45deeb5b4a10@group-5FD20BC6F357: changes role from CANDIDATE to LEADER at term 3 for changeToLeader
datanode_3  | 2019-10-13 20:03:24,911 INFO impl.RoleInfo: 0578081b-ef78-4c50-9760-3bacadf16a0c: shutdown FollowerState
datanode_3  | 2019-10-13 20:03:24,911 INFO impl.RoleInfo: 0578081b-ef78-4c50-9760-3bacadf16a0c: start FollowerState
datanode_1  | 2019-10-13 20:03:24,944 INFO impl.RaftServerImpl: 0c58bf73-cc03-4658-b3aa-45deeb5b4a10@group-5FD20BC6F357: change Leader from null to 0c58bf73-cc03-4658-b3aa-45deeb5b4a10 at term 3 for becomeLeader, leader elected after 15598ms
datanode_2  | 2019-10-13 20:03:19,775 INFO impl.LeaderElection: 3be427eb-ae92-4280-b247-86b56deb5fd1@group-5FD20BC6F357-LeaderElection3: begin an election at term 2 for -1: [3be427eb-ae92-4280-b247-86b56deb5fd1:172.18.0.3:9858, 0578081b-ef78-4c50-9760-3bacadf16a0c:172.18.0.5:9858, 0c58bf73-cc03-4658-b3aa-45deeb5b4a10:172.18.0.6:9858], old=null
datanode_3  | 2019-10-13 20:03:24,912 INFO impl.FollowerState: 0578081b-ef78-4c50-9760-3bacadf16a0c@group-5FD20BC6F357-FollowerState was interrupted: java.lang.InterruptedException: sleep interrupted
datanode_1  | 2019-10-13 20:03:24,945 INFO server.RaftServerConfigKeys: raft.server.staging.catchup.gap = 1000 (default)
datanode_2  | 2019-10-13 20:03:19,811 INFO impl.LeaderElection: 3be427eb-ae92-4280-b247-86b56deb5fd1@group-5FD20BC6F357-LeaderElection3: Election REJECTED; received 2 response(s) [3be427eb-ae92-4280-b247-86b56deb5fd1<-0578081b-ef78-4c50-9760-3bacadf16a0c#0:FAIL-t2, 3be427eb-ae92-4280-b247-86b56deb5fd1<-0c58bf73-cc03-4658-b3aa-45deeb5b4a10#0:FAIL-t2] and 0 exception(s); 3be427eb-ae92-4280-b247-86b56deb5fd1@group-5FD20BC6F357:t2, leader=null, voted=3be427eb-ae92-4280-b247-86b56deb5fd1, raftlog=3be427eb-ae92-4280-b247-86b56deb5fd1@group-5FD20BC6F357-SegmentedRaftLog:OPENED:c-1,f-1,i0, conf=-1: [3be427eb-ae92-4280-b247-86b56deb5fd1:172.18.0.3:9858, 0578081b-ef78-4c50-9760-3bacadf16a0c:172.18.0.5:9858, 0c58bf73-cc03-4658-b3aa-45deeb5b4a10:172.18.0.6:9858], old=null
datanode_3  | 2019-10-13 20:03:25,005 INFO impl.RaftServerImpl: 0578081b-ef78-4c50-9760-3bacadf16a0c@group-5FD20BC6F357: change Leader from null to 0c58bf73-cc03-4658-b3aa-45deeb5b4a10 at term 3 for appendEntries, leader elected after 15672ms
datanode_1  | 2019-10-13 20:03:24,945 INFO server.RaftServerConfigKeys: raft.server.rpc.sleep.time = 25ms (default)
datanode_2  | 2019-10-13 20:03:19,812 INFO impl.RaftServerImpl: 3be427eb-ae92-4280-b247-86b56deb5fd1@group-5FD20BC6F357: changes role from CANDIDATE to FOLLOWER at term 2 for DISCOVERED_A_NEW_TERM
datanode_3  | 2019-10-13 20:03:25,021 INFO impl.RaftServerImpl: 0578081b-ef78-4c50-9760-3bacadf16a0c@group-5FD20BC6F357: set configuration 0: [3be427eb-ae92-4280-b247-86b56deb5fd1:172.18.0.3:9858, 0578081b-ef78-4c50-9760-3bacadf16a0c:172.18.0.5:9858, 0c58bf73-cc03-4658-b3aa-45deeb5b4a10:172.18.0.6:9858], old=null at 0
datanode_1  | 2019-10-13 20:03:24,945 INFO server.RaftServerConfigKeys: raft.server.write.element-limit = 4096 (default)
datanode_2  | 2019-10-13 20:03:19,812 INFO impl.RoleInfo: 3be427eb-ae92-4280-b247-86b56deb5fd1: shutdown LeaderElection
datanode_3  | 2019-10-13 20:03:25,021 INFO segmented.SegmentedRaftLogWorker: 0578081b-ef78-4c50-9760-3bacadf16a0c@group-5FD20BC6F357-SegmentedRaftLogWorker: Starting segment from index:0
datanode_1  | 2019-10-13 20:03:24,945 INFO server.RaftServerConfigKeys: raft.server.watch.timeout = 10s (default)
datanode_3  | 2019-10-13 20:03:25,055 INFO segmented.SegmentedRaftLogWorker: 0578081b-ef78-4c50-9760-3bacadf16a0c@group-5FD20BC6F357-SegmentedRaftLogWorker: created new log segment /data/metadata/ratis/114c9a2a-b65d-41d4-9bab-5fd20bc6f357/current/log_inprogress_0
datanode_2  | 2019-10-13 20:03:19,812 INFO impl.RoleInfo: 3be427eb-ae92-4280-b247-86b56deb5fd1: start FollowerState
datanode_1  | 2019-10-13 20:03:24,945 INFO server.RaftServerConfigKeys: raft.server.watch.timeout.denomination = 1s (default)
datanode_2  | 2019-10-13 20:03:24,910 INFO impl.RaftServerImpl: 3be427eb-ae92-4280-b247-86b56deb5fd1@group-5FD20BC6F357: changes role from  FOLLOWER to FOLLOWER at term 3 for recognizeCandidate:0c58bf73-cc03-4658-b3aa-45deeb5b4a10
datanode_3  | 2019-10-13 20:04:22,916 WARN client.GrpcClientProtocolService: 0-OrderedRequestStreamObserver0: onError: org.apache.ratis.thirdparty.io.grpc.StatusRuntimeException: CANCELLED: cancelled before receiving half close
datanode_1  | 2019-10-13 20:03:24,945 INFO server.RaftServerConfigKeys: raft.server.watch.element-limit = 65536 (default)
datanode_2  | 2019-10-13 20:03:24,910 INFO impl.RoleInfo: 3be427eb-ae92-4280-b247-86b56deb5fd1: shutdown FollowerState
datanode_1  | 2019-10-13 20:03:24,951 INFO server.RaftServerConfigKeys: raft.server.log.appender.snapshot.chunk.size.max = 16MB (=16777216) (default)
datanode_2  | 2019-10-13 20:03:24,910 INFO impl.RoleInfo: 3be427eb-ae92-4280-b247-86b56deb5fd1: start FollowerState
datanode_1  | 2019-10-13 20:03:24,951 INFO server.RaftServerConfigKeys: raft.server.log.appender.buffer.byte-limit = 33554432 (custom)
datanode_2  | 2019-10-13 20:03:24,910 INFO impl.FollowerState: 3be427eb-ae92-4280-b247-86b56deb5fd1@group-5FD20BC6F357-FollowerState was interrupted: java.lang.InterruptedException: sleep interrupted
datanode_1  | 2019-10-13 20:03:24,951 INFO server.RaftServerConfigKeys: raft.server.log.appender.buffer.element-limit = 1 (custom)
datanode_2  | 2019-10-13 20:03:25,003 INFO impl.RaftServerImpl: 3be427eb-ae92-4280-b247-86b56deb5fd1@group-5FD20BC6F357: change Leader from null to 0c58bf73-cc03-4658-b3aa-45deeb5b4a10 at term 3 for appendEntries, leader elected after 15657ms
datanode_1  | 2019-10-13 20:03:24,954 INFO grpc.GrpcConfigKeys$Server: raft.grpc.server.leader.outstanding.appends.max = 128 (default)
datanode_2  | 2019-10-13 20:03:25,021 INFO impl.RaftServerImpl: 3be427eb-ae92-4280-b247-86b56deb5fd1@group-5FD20BC6F357: set configuration 0: [3be427eb-ae92-4280-b247-86b56deb5fd1:172.18.0.3:9858, 0578081b-ef78-4c50-9760-3bacadf16a0c:172.18.0.5:9858, 0c58bf73-cc03-4658-b3aa-45deeb5b4a10:172.18.0.6:9858], old=null at 0
datanode_1  | 2019-10-13 20:03:24,954 INFO server.RaftServerConfigKeys: raft.server.rpc.request.timeout = 3000ms (default)
datanode_2  | 2019-10-13 20:03:25,021 INFO segmented.SegmentedRaftLogWorker: 3be427eb-ae92-4280-b247-86b56deb5fd1@group-5FD20BC6F357-SegmentedRaftLogWorker: Starting segment from index:0
datanode_1  | 2019-10-13 20:03:24,954 INFO server.RaftServerConfigKeys: raft.server.log.appender.install.snapshot.enabled = false (custom)
datanode_2  | 2019-10-13 20:03:25,055 INFO segmented.SegmentedRaftLogWorker: 3be427eb-ae92-4280-b247-86b56deb5fd1@group-5FD20BC6F357-SegmentedRaftLogWorker: created new log segment /data/metadata/ratis/114c9a2a-b65d-41d4-9bab-5fd20bc6f357/current/log_inprogress_0
datanode_1  | 2019-10-13 20:03:24,955 INFO server.RaftServerConfigKeys: raft.server.log.appender.snapshot.chunk.size.max = 16MB (=16777216) (default)
datanode_2  | 2019-10-13 20:03:45,384 WARN client.GrpcClientProtocolService: 0-OrderedRequestStreamObserver0: onError: org.apache.ratis.thirdparty.io.grpc.StatusRuntimeException: CANCELLED: cancelled before receiving half close
datanode_1  | 2019-10-13 20:03:24,955 INFO server.RaftServerConfigKeys: raft.server.log.appender.buffer.byte-limit = 33554432 (custom)
datanode_1  | 2019-10-13 20:03:24,955 INFO server.RaftServerConfigKeys: raft.server.log.appender.buffer.element-limit = 1 (custom)
datanode_1  | 2019-10-13 20:03:24,955 INFO grpc.GrpcConfigKeys$Server: raft.grpc.server.leader.outstanding.appends.max = 128 (default)
datanode_1  | 2019-10-13 20:03:24,955 INFO server.RaftServerConfigKeys: raft.server.rpc.request.timeout = 3000ms (default)
datanode_1  | 2019-10-13 20:03:24,955 INFO server.RaftServerConfigKeys: raft.server.log.appender.install.snapshot.enabled = false (custom)
datanode_1  | 2019-10-13 20:03:24,957 INFO impl.RoleInfo: 0c58bf73-cc03-4658-b3aa-45deeb5b4a10: start LeaderState
datanode_1  | 2019-10-13 20:03:24,957 INFO segmented.SegmentedRaftLogWorker: 0c58bf73-cc03-4658-b3aa-45deeb5b4a10@group-5FD20BC6F357-SegmentedRaftLogWorker: Starting segment from index:0
datanode_1  | 2019-10-13 20:03:24,958 INFO impl.RaftServerImpl: 0c58bf73-cc03-4658-b3aa-45deeb5b4a10@group-5FD20BC6F357: set configuration 0: [3be427eb-ae92-4280-b247-86b56deb5fd1:172.18.0.3:9858, 0578081b-ef78-4c50-9760-3bacadf16a0c:172.18.0.5:9858, 0c58bf73-cc03-4658-b3aa-45deeb5b4a10:172.18.0.6:9858], old=null at 0
datanode_1  | 2019-10-13 20:03:24,997 INFO segmented.SegmentedRaftLogWorker: 0c58bf73-cc03-4658-b3aa-45deeb5b4a10@group-5FD20BC6F357-SegmentedRaftLogWorker: created new log segment /data/metadata/ratis/114c9a2a-b65d-41d4-9bab-5fd20bc6f357/current/log_inprogress_0
datanode_1  | 2019-10-13 20:03:58,348 WARN client.GrpcClientProtocolService: 0-OrderedRequestStreamObserver0: onError: org.apache.ratis.thirdparty.io.grpc.StatusRuntimeException: CANCELLED: cancelled before receiving half close
datanode_1  | 2019-10-13 20:04:10,639 WARN client.GrpcClientProtocolService: 1-OrderedRequestStreamObserver1: onError: org.apache.ratis.thirdparty.io.grpc.StatusRuntimeException: CANCELLED: cancelled before receiving half close
