datanode_1  | 2019-10-15 16:02:28,376 INFO server.RaftServerConfigKeys: raft.server.snapshot.auto.trigger.threshold = 10000 (custom)
datanode_2  | 2019-10-15 16:02:27,965 INFO impl.RoleInfo: 08420688-24a5-40aa-bcee-5e287e9562d7: shutdown FollowerState
scm_1       | 2019-10-15 16:02:24,368 INFO authorize.ServiceAuthorizationManager: Authorization successful for dn/889a5a8def3c@EXAMPLE.COM (auth:KERBEROS) for protocol=interface org.apache.hadoop.ozone.protocol.StorageContainerDatanodeProtocol
kdc_1       | Authenticating as principal admin/admin with keytab /tmp/admin.keytab.
datanode_3  | 2019-10-15 16:02:27,372 INFO impl.RaftServerImpl: 49f6daca-781b-4061-8009-3df885c81c4a@group-D2CA913437BA: changes role from      null to FOLLOWER at term 0 for startAsFollower
om_1        | 2019-10-15 16:02:26,733 INFO handler.ContextHandler: Started o.e.j.w.WebAppContext@28babeca{/,file:///tmp/jetty-0.0.0.0-9874-ozoneManager-_-any-17437806950316950118.dir/webapp/,AVAILABLE}{/ozoneManager}
s3g_1       | 	at org.apache.hadoop.ipc.ProtobufRpcEngine$Invoker.invoke(ProtobufRpcEngine.java:116)
datanode_1  | 2019-10-15 16:02:28,377 INFO server.RaftServerConfigKeys: raft.server.snapshot.retention.file.num = 5 (custom)
datanode_2  | 2019-10-15 16:02:27,969 INFO impl.RaftServerImpl: 08420688-24a5-40aa-bcee-5e287e9562d7@group-7D325AE1D449: changes role from  FOLLOWER to CANDIDATE at term 0 for changeToCandidate
scm_1       | 2019-10-15 16:02:24,444 INFO ipc.Server: Auth successful for dn/22a87bcade26@EXAMPLE.COM (auth:KERBEROS)
kdc_1       | Entry for principal om/s3g@EXAMPLE.COM with kvno 2, encryption type aes256-cts-hmac-sha1-96 added to keytab WRFILE:/data/om.s3g.keytab.
datanode_3  | 2019-10-15 16:02:27,373 INFO impl.RoleInfo: 49f6daca-781b-4061-8009-3df885c81c4a: start FollowerState
om_1        | 2019-10-15 16:02:26,739 INFO server.AbstractConnector: Started ServerConnector@6c977dcf{HTTP/1.1,[http/1.1]}{0.0.0.0:9874}
s3g_1       | 	at com.sun.proxy.$Proxy83.submitRequest(Unknown Source)
datanode_1  | 2019-10-15 16:02:28,377 INFO server.RaftServerConfigKeys: raft.server.retrycache.expirytime = 600000ms (custom)
datanode_2  | 2019-10-15 16:02:27,972 INFO impl.RoleInfo: 08420688-24a5-40aa-bcee-5e287e9562d7: start LeaderElection
scm_1       | 2019-10-15 16:02:24,447 INFO authorize.ServiceAuthorizationManager: Authorization successful for dn/22a87bcade26@EXAMPLE.COM (auth:KERBEROS) for protocol=interface org.apache.hadoop.ozone.protocol.StorageContainerDatanodeProtocol
kdc_1       | Entry for principal om/s3g@EXAMPLE.COM with kvno 2, encryption type aes128-cts-hmac-sha1-96 added to keytab WRFILE:/data/om.s3g.keytab.
datanode_3  | 2019-10-15 16:02:27,377 INFO util.JmxRegister: Successfully registered JMX Bean with object name Ratis:service=RaftServer,group=group-D2CA913437BA,id=49f6daca-781b-4061-8009-3df885c81c4a
om_1        | 2019-10-15 16:02:26,739 INFO server.Server: Started @4430ms
s3g_1       | 	at jdk.internal.reflect.GeneratedMethodAccessor9.invoke(Unknown Source)
scm_1       | 2019-10-15 16:02:24,465 INFO ipc.Server: Auth successful for om/om@EXAMPLE.COM (auth:KERBEROS)
datanode_2  | 2019-10-15 16:02:28,003 INFO impl.LeaderElection: 08420688-24a5-40aa-bcee-5e287e9562d7@group-7D325AE1D449-LeaderElection1: begin an election at term 1 for -1: [08420688-24a5-40aa-bcee-5e287e9562d7:172.18.0.6:9858], old=null
datanode_3  | 2019-10-15 16:02:27,444 INFO impl.FollowerState: 49f6daca-781b-4061-8009-3df885c81c4a@group-D2CA913437BA-FollowerState: change to CANDIDATE, lastRpcTime:72ms, electionTimeout:71ms
datanode_1  | 2019-10-15 16:02:28,414 INFO impl.RaftServerImpl: 65ba9fd1-3c88-44c6-a67c-bb8a865b7d90@group-36B2CDA01D21: start as a follower, conf=-1: [65ba9fd1-3c88-44c6-a67c-bb8a865b7d90:172.18.0.3:9858], old=null
om_1        | 2019-10-15 16:02:26,742 INFO impl.MetricsSinkAdapter: Sink prometheus started
kdc_1       | Generiting keytab
s3g_1       | 	at java.base/jdk.internal.reflect.DelegatingMethodAccessorImpl.invoke(DelegatingMethodAccessorImpl.java:43)
scm_1       | 2019-10-15 16:02:24,478 INFO authorize.ServiceAuthorizationManager: Authorization successful for om/om@EXAMPLE.COM (auth:KERBEROS) for protocol=interface org.apache.hadoop.hdds.scm.protocol.ScmBlockLocationProtocol
datanode_2  | 2019-10-15 16:02:28,005 INFO impl.RoleInfo: 08420688-24a5-40aa-bcee-5e287e9562d7: shutdown LeaderElection
datanode_3  | 2019-10-15 16:02:27,447 INFO impl.RoleInfo: 49f6daca-781b-4061-8009-3df885c81c4a: shutdown FollowerState
datanode_1  | 2019-10-15 16:02:28,415 INFO impl.RaftServerImpl: 65ba9fd1-3c88-44c6-a67c-bb8a865b7d90@group-36B2CDA01D21: changes role from      null to FOLLOWER at term 0 for startAsFollower
om_1        | 2019-10-15 16:02:26,742 INFO impl.MetricsSystemImpl: Registered sink prometheus
kdc_1       | Authenticating as principal admin/admin with keytab /tmp/admin.keytab.
s3g_1       | 	at java.base/java.lang.reflect.Method.invoke(Method.java:566)
scm_1       | 2019-10-15 16:02:26,321 INFO net.NetworkTopology: Added a new node: /default-rack/49f6daca-781b-4061-8009-3df885c81c4a
datanode_2  | 2019-10-15 16:02:28,005 INFO impl.RaftServerImpl: 08420688-24a5-40aa-bcee-5e287e9562d7@group-7D325AE1D449: changes role from CANDIDATE to LEADER at term 1 for changeToLeader
datanode_1  | 2019-10-15 16:02:28,417 INFO impl.RoleInfo: 65ba9fd1-3c88-44c6-a67c-bb8a865b7d90: start FollowerState
datanode_3  | 2019-10-15 16:02:27,447 INFO impl.RaftServerImpl: 49f6daca-781b-4061-8009-3df885c81c4a@group-D2CA913437BA: changes role from  FOLLOWER to CANDIDATE at term 0 for changeToCandidate
om_1        | 2019-10-15 16:02:26,744 INFO server.BaseHttpServer: HTTP server of OZONEMANAGER is listening at http://0.0.0.0:9874
kdc_1       | WARNING: no policy specified for dn/scm@EXAMPLE.COM; defaulting to no policy
s3g_1       | 	at org.apache.hadoop.io.retry.RetryInvocationHandler.invokeMethod(RetryInvocationHandler.java:422)
scm_1       | 2019-10-15 16:02:26,321 INFO node.SCMNodeManager: Registered Data node : 49f6daca-781b-4061-8009-3df885c81c4a{ip: 172.18.0.8, host: ozonesecure_datanode_3.ozonesecure_default, networkLocation: /default-rack, certSerialId: 11502126947621480}
datanode_1  | 2019-10-15 16:02:28,420 INFO impl.FollowerState: 65ba9fd1-3c88-44c6-a67c-bb8a865b7d90@group-36B2CDA01D21-FollowerState: change to CANDIDATE, lastRpcTime:4ms, electionTimeout:3ms
datanode_3  | 2019-10-15 16:02:27,452 INFO impl.RoleInfo: 49f6daca-781b-4061-8009-3df885c81c4a: start LeaderElection
datanode_2  | 2019-10-15 16:02:28,005 INFO impl.RaftServerImpl: 08420688-24a5-40aa-bcee-5e287e9562d7@group-7D325AE1D449: change Leader from null to 08420688-24a5-40aa-bcee-5e287e9562d7 at term 1 for becomeLeader, leader elected after 222ms
om_1        | 2019-10-15 16:02:43,585 INFO ipc.Server: Auth successful for HTTP/scm@EXAMPLE.COM (auth:KERBEROS)
kdc_1       | Principal "dn/scm@EXAMPLE.COM" created.
s3g_1       | 	at org.apache.hadoop.io.retry.RetryInvocationHandler$Call.invokeMethod(RetryInvocationHandler.java:165)
scm_1       | 2019-10-15 16:02:26,324 INFO safemode.SCMSafeModeManager: SCM in safe mode. 1 DataNodes registered, 1 required.
datanode_1  | 2019-10-15 16:02:28,421 INFO impl.RoleInfo: 65ba9fd1-3c88-44c6-a67c-bb8a865b7d90: shutdown FollowerState
datanode_3  | 2019-10-15 16:02:27,466 INFO impl.LeaderElection: 49f6daca-781b-4061-8009-3df885c81c4a@group-D2CA913437BA-LeaderElection1: begin an election at term 1 for -1: [49f6daca-781b-4061-8009-3df885c81c4a:172.18.0.8:9858], old=null
datanode_2  | 2019-10-15 16:02:28,008 INFO server.RaftServerConfigKeys: raft.server.staging.catchup.gap = 1000 (default)
om_1        | 2019-10-15 16:02:43,601 INFO authorize.ServiceAuthorizationManager: Authorization successful for HTTP/scm@EXAMPLE.COM (auth:KERBEROS) for protocol=interface org.apache.hadoop.ozone.om.protocol.OzoneManagerProtocol
kdc_1       | Authenticating as principal admin/admin with keytab /tmp/admin.keytab.
s3g_1       | 	at org.apache.hadoop.io.retry.RetryInvocationHandler$Call.invoke(RetryInvocationHandler.java:157)
scm_1       | 2019-10-15 16:02:26,324 INFO safemode.SCMSafeModeManager: ScmSafeModeManager, all rules are successfully validated
datanode_1  | 2019-10-15 16:02:28,423 INFO util.JmxRegister: Successfully registered JMX Bean with object name Ratis:service=RaftServer,group=group-36B2CDA01D21,id=65ba9fd1-3c88-44c6-a67c-bb8a865b7d90
datanode_3  | 2019-10-15 16:02:27,467 INFO impl.RoleInfo: 49f6daca-781b-4061-8009-3df885c81c4a: shutdown LeaderElection
datanode_2  | 2019-10-15 16:02:28,009 INFO server.RaftServerConfigKeys: raft.server.rpc.sleep.time = 25ms (default)
om_1        | 2019-10-15 16:02:44,872 [IPC Server handler 1 on 9862] INFO       - created volume:vol-0-09256 for user:HTTP/scm@EXAMPLE.COM
kdc_1       | Entry for principal dn/scm@EXAMPLE.COM with kvno 2, encryption type aes256-cts-hmac-sha1-96 added to keytab WRFILE:/data/dn.scm.keytab.
s3g_1       | 	at org.apache.hadoop.io.retry.RetryInvocationHandler$Call.invokeOnce(RetryInvocationHandler.java:95)
scm_1       | 2019-10-15 16:02:26,325 INFO safemode.SCMSafeModeManager: SCM exiting safe mode.
datanode_1  | 2019-10-15 16:02:28,423 INFO impl.RaftServerImpl: 65ba9fd1-3c88-44c6-a67c-bb8a865b7d90@group-36B2CDA01D21: changes role from  FOLLOWER to CANDIDATE at term 0 for changeToCandidate
datanode_2  | 2019-10-15 16:02:28,011 INFO server.RaftServerConfigKeys: raft.server.write.element-limit = 4096 (default)
datanode_3  | 2019-10-15 16:02:27,468 INFO impl.RaftServerImpl: 49f6daca-781b-4061-8009-3df885c81c4a@group-D2CA913437BA: changes role from CANDIDATE to LEADER at term 1 for changeToLeader
om_1        | 2019-10-15 16:02:44,922 [IPC Server handler 2 on 9862] INFO       - created volume:vol-1-91180 for user:HTTP/scm@EXAMPLE.COM
kdc_1       | Entry for principal dn/scm@EXAMPLE.COM with kvno 2, encryption type aes128-cts-hmac-sha1-96 added to keytab WRFILE:/data/dn.scm.keytab.
datanode_3  | 2019-10-15 16:02:27,468 INFO impl.RaftServerImpl: 49f6daca-781b-4061-8009-3df885c81c4a@group-D2CA913437BA: change Leader from null to 49f6daca-781b-4061-8009-3df885c81c4a at term 1 for becomeLeader, leader elected after 233ms
scm_1       | 2019-10-15 16:02:26,359 INFO net.NetworkTopology: Added a new node: /default-rack/65ba9fd1-3c88-44c6-a67c-bb8a865b7d90
datanode_1  | 2019-10-15 16:02:28,426 INFO impl.RoleInfo: 65ba9fd1-3c88-44c6-a67c-bb8a865b7d90: start LeaderElection
datanode_2  | 2019-10-15 16:02:28,014 INFO server.RaftServerConfigKeys: raft.server.watch.timeout = 10s (default)
om_1        | 2019-10-15 16:02:44,932 [IPC Server handler 3 on 9862] INFO       - created volume:vol-2-68066 for user:HTTP/scm@EXAMPLE.COM
s3g_1       | 	at org.apache.hadoop.io.retry.RetryInvocationHandler.invoke(RetryInvocationHandler.java:359)
kdc_1       | Generiting keytab
scm_1       | 2019-10-15 16:02:26,360 INFO node.SCMNodeManager: Registered Data node : 65ba9fd1-3c88-44c6-a67c-bb8a865b7d90{ip: 172.18.0.3, host: ozonesecure_datanode_1.ozonesecure_default, networkLocation: /default-rack, certSerialId: 11502126947624257}
datanode_3  | 2019-10-15 16:02:27,472 INFO server.RaftServerConfigKeys: raft.server.staging.catchup.gap = 1000 (default)
datanode_2  | 2019-10-15 16:02:28,014 INFO server.RaftServerConfigKeys: raft.server.watch.timeout.denomination = 1s (default)
om_1        | 2019-10-15 16:02:44,940 [IPC Server handler 6 on 9862] INFO       - created volume:vol-3-44362 for user:HTTP/scm@EXAMPLE.COM
s3g_1       | 	at com.sun.proxy.$Proxy83.submitRequest(Unknown Source)
datanode_1  | 2019-10-15 16:02:28,457 INFO impl.LeaderElection: 65ba9fd1-3c88-44c6-a67c-bb8a865b7d90@group-36B2CDA01D21-LeaderElection1: begin an election at term 1 for -1: [65ba9fd1-3c88-44c6-a67c-bb8a865b7d90:172.18.0.3:9858], old=null
kdc_1       | Authenticating as principal admin/admin with keytab /tmp/admin.keytab.
scm_1       | 2019-10-15 16:02:26,420 INFO net.NetworkTopology: Added a new node: /default-rack/08420688-24a5-40aa-bcee-5e287e9562d7
datanode_2  | 2019-10-15 16:02:28,015 INFO server.RaftServerConfigKeys: raft.server.watch.element-limit = 65536 (default)
om_1        | 2019-10-15 16:02:44,952 [IPC Server handler 8 on 9862] INFO       - created volume:vol-4-21774 for user:HTTP/scm@EXAMPLE.COM
s3g_1       | 	at org.apache.hadoop.ozone.om.protocolPB.OzoneManagerProtocolClientSideTranslatorPB.submitRequest(OzoneManagerProtocolClientSideTranslatorPB.java:338)
datanode_3  | 2019-10-15 16:02:27,472 INFO server.RaftServerConfigKeys: raft.server.rpc.sleep.time = 25ms (default)
scm_1       | 2019-10-15 16:02:26,420 INFO node.SCMNodeManager: Registered Data node : 08420688-24a5-40aa-bcee-5e287e9562d7{ip: 172.18.0.6, host: ozonesecure_datanode_2.ozonesecure_default, networkLocation: /default-rack, certSerialId: 11502126993904882}
kdc_1       | WARNING: no policy specified for testuser2/7a6844961bb6@EXAMPLE.COM; defaulting to no policy
datanode_2  | 2019-10-15 16:02:28,027 INFO impl.RoleInfo: 08420688-24a5-40aa-bcee-5e287e9562d7: start LeaderState
om_1        | 2019-10-15 16:02:57,051 INFO ipc.Server: Auth successful for testuser/scm@EXAMPLE.COM (auth:KERBEROS)
s3g_1       | 	at org.apache.hadoop.ozone.om.protocolPB.OzoneManagerProtocolClientSideTranslatorPB.getServiceInfo(OzoneManagerProtocolClientSideTranslatorPB.java:1223)
datanode_3  | 2019-10-15 16:02:27,475 INFO server.RaftServerConfigKeys: raft.server.write.element-limit = 4096 (default)
datanode_1  | 2019-10-15 16:02:28,458 INFO impl.RoleInfo: 65ba9fd1-3c88-44c6-a67c-bb8a865b7d90: shutdown LeaderElection
scm_1       | 2019-10-15 16:02:27,502 INFO pipeline.PipelineStateManager: Created pipeline Pipeline[ Id: 53034990-b577-4c98-b999-d2ca913437ba, Nodes: 49f6daca-781b-4061-8009-3df885c81c4a{ip: 172.18.0.8, host: ozonesecure_datanode_3.ozonesecure_default, networkLocation: /default-rack, certSerialId: null}, Type:RATIS, Factor:ONE, State:OPEN]
kdc_1       | Principal "testuser2/7a6844961bb6@EXAMPLE.COM" created.
datanode_2  | 2019-10-15 16:02:28,044 INFO segmented.SegmentedRaftLogWorker: 08420688-24a5-40aa-bcee-5e287e9562d7@group-7D325AE1D449-SegmentedRaftLogWorker: Starting segment from index:0
om_1        | 2019-10-15 16:02:57,060 INFO authorize.ServiceAuthorizationManager: Authorization successful for testuser/scm@EXAMPLE.COM (auth:KERBEROS) for protocol=interface org.apache.hadoop.ozone.om.protocol.OzoneManagerProtocol
s3g_1       | 	at java.base/jdk.internal.reflect.NativeMethodAccessorImpl.invoke0(Native Method)
datanode_3  | 2019-10-15 16:02:27,478 INFO server.RaftServerConfigKeys: raft.server.watch.timeout = 10s (default)
datanode_1  | 2019-10-15 16:02:28,459 INFO impl.RaftServerImpl: 65ba9fd1-3c88-44c6-a67c-bb8a865b7d90@group-36B2CDA01D21: changes role from CANDIDATE to LEADER at term 1 for changeToLeader
scm_1       | 2019-10-15 16:02:27,981 INFO pipeline.PipelineStateManager: Created pipeline Pipeline[ Id: 76883c32-f57c-48d3-b0a1-7d325ae1d449, Nodes: 08420688-24a5-40aa-bcee-5e287e9562d7{ip: 172.18.0.6, host: ozonesecure_datanode_2.ozonesecure_default, networkLocation: /default-rack, certSerialId: null}, Type:RATIS, Factor:ONE, State:OPEN]
kdc_1       | Authenticating as principal admin/admin with keytab /tmp/admin.keytab.
datanode_2  | 2019-10-15 16:02:28,051 INFO impl.RaftServerImpl: 08420688-24a5-40aa-bcee-5e287e9562d7@group-7D325AE1D449: set configuration 0: [08420688-24a5-40aa-bcee-5e287e9562d7:172.18.0.6:9858], old=null at 0
om_1        | 2019-10-15 16:02:57,712 [IPC Server handler 6 on 9862] INFO       - created volume:07492-rpcwoport for user:testuser/scm@EXAMPLE.COM
s3g_1       | 	at java.base/jdk.internal.reflect.NativeMethodAccessorImpl.invoke(NativeMethodAccessorImpl.java:62)
datanode_3  | 2019-10-15 16:02:27,478 INFO server.RaftServerConfigKeys: raft.server.watch.timeout.denomination = 1s (default)
datanode_1  | 2019-10-15 16:02:28,459 INFO impl.RaftServerImpl: 65ba9fd1-3c88-44c6-a67c-bb8a865b7d90@group-36B2CDA01D21: change Leader from null to 65ba9fd1-3c88-44c6-a67c-bb8a865b7d90 at term 1 for becomeLeader, leader elected after 174ms
kdc_1       | Entry for principal testuser2/7a6844961bb6@EXAMPLE.COM with kvno 2, encryption type aes256-cts-hmac-sha1-96 added to keytab WRFILE:/data/testuser2.7a6844961bb6.keytab.
scm_1       | 2019-10-15 16:02:28,485 INFO pipeline.PipelineStateManager: Created pipeline Pipeline[ Id: 900f6166-6e32-443f-abf5-36b2cda01d21, Nodes: 65ba9fd1-3c88-44c6-a67c-bb8a865b7d90{ip: 172.18.0.3, host: ozonesecure_datanode_1.ozonesecure_default, networkLocation: /default-rack, certSerialId: null}, Type:RATIS, Factor:ONE, State:OPEN]
datanode_2  | 2019-10-15 16:02:28,154 INFO segmented.SegmentedRaftLogWorker: 08420688-24a5-40aa-bcee-5e287e9562d7@group-7D325AE1D449-SegmentedRaftLogWorker: created new log segment /data/metadata/ratis/76883c32-f57c-48d3-b0a1-7d325ae1d449/current/log_inprogress_0
om_1        | 2019-10-15 16:02:59,556 INFO ipc.Server: Auth successful for testuser/scm@EXAMPLE.COM (auth:KERBEROS)
s3g_1       | 	at java.base/jdk.internal.reflect.DelegatingMethodAccessorImpl.invoke(DelegatingMethodAccessorImpl.java:43)
datanode_3  | 2019-10-15 16:02:27,479 INFO server.RaftServerConfigKeys: raft.server.watch.element-limit = 65536 (default)
datanode_1  | 2019-10-15 16:02:28,462 INFO server.RaftServerConfigKeys: raft.server.staging.catchup.gap = 1000 (default)
kdc_1       | Entry for principal testuser2/7a6844961bb6@EXAMPLE.COM with kvno 2, encryption type aes128-cts-hmac-sha1-96 added to keytab WRFILE:/data/testuser2.7a6844961bb6.keytab.
datanode_2  | 2019-10-15 16:02:28,544 INFO impl.RaftServerProxy: 08420688-24a5-40aa-bcee-5e287e9562d7: addNew group-FAB5EAF1D213:[49f6daca-781b-4061-8009-3df885c81c4a:172.18.0.8:9858, 65ba9fd1-3c88-44c6-a67c-bb8a865b7d90:172.18.0.3:9858, 08420688-24a5-40aa-bcee-5e287e9562d7:172.18.0.6:9858] returns group-FAB5EAF1D213:java.util.concurrent.CompletableFuture@2d7d33ba[Not completed]
scm_1       | 2019-10-15 16:02:28,620 INFO pipeline.PipelineStateManager: Created pipeline Pipeline[ Id: 99e42a93-376f-4997-b6a0-fab5eaf1d213, Nodes: 08420688-24a5-40aa-bcee-5e287e9562d7{ip: 172.18.0.6, host: ozonesecure_datanode_2.ozonesecure_default, networkLocation: /default-rack, certSerialId: null}49f6daca-781b-4061-8009-3df885c81c4a{ip: 172.18.0.8, host: ozonesecure_datanode_3.ozonesecure_default, networkLocation: /default-rack, certSerialId: null}65ba9fd1-3c88-44c6-a67c-bb8a865b7d90{ip: 172.18.0.3, host: ozonesecure_datanode_1.ozonesecure_default, networkLocation: /default-rack, certSerialId: null}, Type:RATIS, Factor:THREE, State:OPEN]
s3g_1       | 	at java.base/java.lang.reflect.Method.invoke(Method.java:566)
datanode_3  | 2019-10-15 16:02:27,491 INFO impl.RoleInfo: 49f6daca-781b-4061-8009-3df885c81c4a: start LeaderState
datanode_1  | 2019-10-15 16:02:28,462 INFO server.RaftServerConfigKeys: raft.server.rpc.sleep.time = 25ms (default)
om_1        | 2019-10-15 16:02:59,568 INFO authorize.ServiceAuthorizationManager: Authorization successful for testuser/scm@EXAMPLE.COM (auth:KERBEROS) for protocol=interface org.apache.hadoop.ozone.om.protocol.OzoneManagerProtocol
kdc_1       | Generiting keytab
datanode_2  | 2019-10-15 16:02:28,548 INFO impl.RaftServerImpl: 08420688-24a5-40aa-bcee-5e287e9562d7: new RaftServerImpl for group-FAB5EAF1D213:[49f6daca-781b-4061-8009-3df885c81c4a:172.18.0.8:9858, 65ba9fd1-3c88-44c6-a67c-bb8a865b7d90:172.18.0.3:9858, 08420688-24a5-40aa-bcee-5e287e9562d7:172.18.0.6:9858] with ContainerStateMachine:uninitialized
scm_1       | 2019-10-15 16:02:44,004 INFO ipc.Server: Auth successful for om/om@EXAMPLE.COM (auth:KERBEROS)
s3g_1       | 	at org.apache.hadoop.hdds.tracing.TraceAllMethod.invoke(TraceAllMethod.java:66)
datanode_3  | 2019-10-15 16:02:27,508 INFO segmented.SegmentedRaftLogWorker: 49f6daca-781b-4061-8009-3df885c81c4a@group-D2CA913437BA-SegmentedRaftLogWorker: Starting segment from index:0
datanode_1  | 2019-10-15 16:02:28,465 INFO server.RaftServerConfigKeys: raft.server.write.element-limit = 4096 (default)
om_1        | 2019-10-15 16:03:02,107 INFO ipc.Server: Auth successful for testuser/scm@EXAMPLE.COM (auth:KERBEROS)
kdc_1       | Authenticating as principal admin/admin with keytab /tmp/admin.keytab.
scm_1       | 2019-10-15 16:02:44,008 INFO authorize.ServiceAuthorizationManager: Authorization successful for om/om@EXAMPLE.COM (auth:KERBEROS) for protocol=interface org.apache.hadoop.hdds.scm.protocol.StorageContainerLocationProtocol
datanode_2  | 2019-10-15 16:02:28,548 INFO server.RaftServerConfigKeys: raft.server.rpc.timeout.min = 5s (custom)
s3g_1       | 	at com.sun.proxy.$Proxy84.getServiceInfo(Unknown Source)
datanode_3  | 2019-10-15 16:02:27,519 INFO impl.RaftServerImpl: 49f6daca-781b-4061-8009-3df885c81c4a@group-D2CA913437BA: set configuration 0: [49f6daca-781b-4061-8009-3df885c81c4a:172.18.0.8:9858], old=null at 0
datanode_1  | 2019-10-15 16:02:28,471 INFO server.RaftServerConfigKeys: raft.server.watch.timeout = 10s (default)
om_1        | 2019-10-15 16:03:02,117 INFO authorize.ServiceAuthorizationManager: Authorization successful for testuser/scm@EXAMPLE.COM (auth:KERBEROS) for protocol=interface org.apache.hadoop.ozone.om.protocol.OzoneManagerProtocol
kdc_1       | WARNING: no policy specified for scm/889a5a8def3c@EXAMPLE.COM; defaulting to no policy
scm_1       | 2019-10-15 16:02:45,237 INFO ipc.Server: Auth successful for om/om@EXAMPLE.COM (auth:KERBEROS)
datanode_2  | 2019-10-15 16:02:28,548 INFO server.RaftServerConfigKeys: raft.server.rpc.timeout.max = 5200ms (custom)
s3g_1       | 	at org.apache.hadoop.ozone.client.rpc.RpcClient.<init>(RpcClient.java:154)
datanode_1  | 2019-10-15 16:02:28,471 INFO server.RaftServerConfigKeys: raft.server.watch.timeout.denomination = 1s (default)
om_1        | 2019-10-15 16:03:04,515 INFO ipc.Server: Auth successful for testuser/scm@EXAMPLE.COM (auth:KERBEROS)
kdc_1       | Principal "scm/889a5a8def3c@EXAMPLE.COM" created.
scm_1       | 2019-10-15 16:02:45,240 INFO authorize.ServiceAuthorizationManager: Authorization successful for om/om@EXAMPLE.COM (auth:KERBEROS) for protocol=interface org.apache.hadoop.hdds.scm.protocol.ScmBlockLocationProtocol
datanode_2  | 2019-10-15 16:02:28,548 INFO server.RaftServerConfigKeys: raft.server.rpcslowness.timeout = 120s (custom)
datanode_3  | 2019-10-15 16:02:27,626 INFO segmented.SegmentedRaftLogWorker: 49f6daca-781b-4061-8009-3df885c81c4a@group-D2CA913437BA-SegmentedRaftLogWorker: created new log segment /data/metadata/ratis/53034990-b577-4c98-b999-d2ca913437ba/current/log_inprogress_0
s3g_1       | 	at org.apache.hadoop.ozone.client.OzoneClientFactory.getClientProtocol(OzoneClientFactory.java:256)
datanode_1  | 2019-10-15 16:02:28,471 INFO server.RaftServerConfigKeys: raft.server.watch.element-limit = 65536 (default)
om_1        | 2019-10-15 16:03:04,528 INFO authorize.ServiceAuthorizationManager: Authorization successful for testuser/scm@EXAMPLE.COM (auth:KERBEROS) for protocol=interface org.apache.hadoop.ozone.om.protocol.OzoneManagerProtocol
kdc_1       | Authenticating as principal admin/admin with keytab /tmp/admin.keytab.
scm_1       | 2019-10-15 16:02:45,246 INFO pipeline.PipelineStateManager: Created pipeline Pipeline[ Id: 0780f802-463c-4321-baca-c263af5a110c, Nodes: 08420688-24a5-40aa-bcee-5e287e9562d7{ip: 172.18.0.6, host: ozonesecure_datanode_2.ozonesecure_default, networkLocation: /default-rack, certSerialId: null}, Type:STAND_ALONE, Factor:ONE, State:OPEN]
datanode_2  | 2019-10-15 16:02:28,548 INFO server.RaftServerConfigKeys: raft.server.sleep.deviation.threshold = 300 (default)
datanode_3  | 2019-10-15 16:02:28,520 INFO impl.RaftServerProxy: 49f6daca-781b-4061-8009-3df885c81c4a: addNew group-FAB5EAF1D213:[49f6daca-781b-4061-8009-3df885c81c4a:172.18.0.8:9858, 65ba9fd1-3c88-44c6-a67c-bb8a865b7d90:172.18.0.3:9858, 08420688-24a5-40aa-bcee-5e287e9562d7:172.18.0.6:9858] returns group-FAB5EAF1D213:java.util.concurrent.CompletableFuture@596511a5[Not completed]
s3g_1       | 	at org.apache.hadoop.ozone.client.OzoneClientFactory.getClientProtocol(OzoneClientFactory.java:239)
datanode_1  | 2019-10-15 16:02:28,487 INFO impl.RoleInfo: 65ba9fd1-3c88-44c6-a67c-bb8a865b7d90: start LeaderState
om_1        | 2019-10-15 16:03:06,995 INFO ipc.Server: Auth successful for testuser/scm@EXAMPLE.COM (auth:KERBEROS)
scm_1       | 2019-10-15 16:02:46,209 INFO ipc.Server: Auth successful for dn/22a87bcade26@EXAMPLE.COM (auth:KERBEROS)
kdc_1       | Entry for principal scm/889a5a8def3c@EXAMPLE.COM with kvno 2, encryption type aes256-cts-hmac-sha1-96 added to keytab WRFILE:/data/scm.889a5a8def3c.keytab.
datanode_2  | 2019-10-15 16:02:28,548 INFO server.RaftServerConfigKeys: raft.server.log.appender.install.snapshot.enabled = false (custom)
datanode_3  | 2019-10-15 16:02:28,523 INFO impl.RaftServerImpl: 49f6daca-781b-4061-8009-3df885c81c4a: new RaftServerImpl for group-FAB5EAF1D213:[49f6daca-781b-4061-8009-3df885c81c4a:172.18.0.8:9858, 65ba9fd1-3c88-44c6-a67c-bb8a865b7d90:172.18.0.3:9858, 08420688-24a5-40aa-bcee-5e287e9562d7:172.18.0.6:9858] with ContainerStateMachine:uninitialized
s3g_1       | 	at org.apache.hadoop.ozone.client.OzoneClientFactory.getClient(OzoneClientFactory.java:75)
datanode_1  | 2019-10-15 16:02:28,515 INFO segmented.SegmentedRaftLogWorker: 65ba9fd1-3c88-44c6-a67c-bb8a865b7d90@group-36B2CDA01D21-SegmentedRaftLogWorker: Starting segment from index:0
om_1        | 2019-10-15 16:03:07,008 INFO authorize.ServiceAuthorizationManager: Authorization successful for testuser/scm@EXAMPLE.COM (auth:KERBEROS) for protocol=interface org.apache.hadoop.ozone.om.protocol.OzoneManagerProtocol
scm_1       | 2019-10-15 16:02:46,212 INFO authorize.ServiceAuthorizationManager: Authorization successful for dn/22a87bcade26@EXAMPLE.COM (auth:KERBEROS) for protocol=interface org.apache.hadoop.hdds.protocol.SCMSecurityProtocol
kdc_1       | Entry for principal scm/889a5a8def3c@EXAMPLE.COM with kvno 2, encryption type aes128-cts-hmac-sha1-96 added to keytab WRFILE:/data/scm.889a5a8def3c.keytab.
datanode_2  | 2019-10-15 16:02:28,548 INFO impl.RaftServerImpl: 08420688-24a5-40aa-bcee-5e287e9562d7@group-FAB5EAF1D213: ConfigurationManager, init=-1: [49f6daca-781b-4061-8009-3df885c81c4a:172.18.0.8:9858, 65ba9fd1-3c88-44c6-a67c-bb8a865b7d90:172.18.0.3:9858, 08420688-24a5-40aa-bcee-5e287e9562d7:172.18.0.6:9858], old=null, confs=<EMPTY_MAP>
datanode_3  | 2019-10-15 16:02:28,523 INFO server.RaftServerConfigKeys: raft.server.rpc.timeout.min = 5s (custom)
datanode_1  | 2019-10-15 16:02:28,523 INFO impl.RaftServerImpl: 65ba9fd1-3c88-44c6-a67c-bb8a865b7d90@group-36B2CDA01D21: set configuration 0: [65ba9fd1-3c88-44c6-a67c-bb8a865b7d90:172.18.0.3:9858], old=null at 0
s3g_1       | 	at org.apache.hadoop.ozone.s3.OzoneClientProducer.getClient(OzoneClientProducer.java:114)
om_1        | 2019-10-15 16:03:09,553 INFO ipc.Server: Auth successful for testuser/scm@EXAMPLE.COM (auth:KERBEROS)
kdc_1       | Generiting keytab
scm_1       | 2019-10-15 16:02:46,515 INFO ipc.Server: Auth successful for dn/22a87bcade26@EXAMPLE.COM (auth:KERBEROS)
datanode_2  | 2019-10-15 16:02:28,548 INFO server.RaftServerConfigKeys: raft.server.storage.dir = [/data/metadata/ratis] (custom)
datanode_1  | 2019-10-15 16:02:28,543 INFO impl.RaftServerProxy: 65ba9fd1-3c88-44c6-a67c-bb8a865b7d90: addNew group-FAB5EAF1D213:[49f6daca-781b-4061-8009-3df885c81c4a:172.18.0.8:9858, 65ba9fd1-3c88-44c6-a67c-bb8a865b7d90:172.18.0.3:9858, 08420688-24a5-40aa-bcee-5e287e9562d7:172.18.0.6:9858] returns group-FAB5EAF1D213:java.util.concurrent.CompletableFuture@31993c0c[Not completed]
s3g_1       | 	at org.apache.hadoop.ozone.s3.OzoneClientProducer.createClient(OzoneClientProducer.java:71)
datanode_3  | 2019-10-15 16:02:28,523 INFO server.RaftServerConfigKeys: raft.server.rpc.timeout.max = 5200ms (custom)
om_1        | 2019-10-15 16:03:09,565 INFO authorize.ServiceAuthorizationManager: Authorization successful for testuser/scm@EXAMPLE.COM (auth:KERBEROS) for protocol=interface org.apache.hadoop.ozone.om.protocol.OzoneManagerProtocol
kdc_1       | Authenticating as principal admin/admin with keytab /tmp/admin.keytab.
scm_1       | 2019-10-15 16:02:46,519 INFO authorize.ServiceAuthorizationManager: Authorization successful for dn/22a87bcade26@EXAMPLE.COM (auth:KERBEROS) for protocol=interface org.apache.hadoop.ozone.protocol.StorageContainerDatanodeProtocol
datanode_2  | 2019-10-15 16:02:28,549 INFO server.RaftServerConfigKeys: raft.server.log.corruption.policy = EXCEPTION (default)
datanode_1  | 2019-10-15 16:02:28,547 INFO impl.RaftServerImpl: 65ba9fd1-3c88-44c6-a67c-bb8a865b7d90: new RaftServerImpl for group-FAB5EAF1D213:[49f6daca-781b-4061-8009-3df885c81c4a:172.18.0.8:9858, 65ba9fd1-3c88-44c6-a67c-bb8a865b7d90:172.18.0.3:9858, 08420688-24a5-40aa-bcee-5e287e9562d7:172.18.0.6:9858] with ContainerStateMachine:uninitialized
s3g_1       | 	at java.base/jdk.internal.reflect.NativeMethodAccessorImpl.invoke0(Native Method)
datanode_3  | 2019-10-15 16:02:28,523 INFO server.RaftServerConfigKeys: raft.server.rpcslowness.timeout = 120s (custom)
kdc_1       | WARNING: no policy specified for om/7b9605abb2a9@EXAMPLE.COM; defaulting to no policy
scm_1       | 2019-10-15 16:02:57,076 INFO ipc.Server: Auth successful for om/om@EXAMPLE.COM (auth:KERBEROS)
datanode_2  | 2019-10-15 16:02:28,549 INFO storage.RaftStorageDirectory: The storage directory /data/metadata/ratis/99e42a93-376f-4997-b6a0-fab5eaf1d213 does not exist. Creating ...
om_1        | 2019-10-15 16:03:12,053 INFO ipc.Server: Auth successful for testuser/scm@EXAMPLE.COM (auth:KERBEROS)
datanode_1  | 2019-10-15 16:02:28,547 INFO server.RaftServerConfigKeys: raft.server.rpc.timeout.min = 5s (custom)
s3g_1       | 	at java.base/jdk.internal.reflect.NativeMethodAccessorImpl.invoke(NativeMethodAccessorImpl.java:62)
datanode_3  | 2019-10-15 16:02:28,524 INFO server.RaftServerConfigKeys: raft.server.sleep.deviation.threshold = 300 (default)
kdc_1       | Oct 15 16:02:05 kdc kadmind[15](Notice): Request: kadm5_init, admin/admin@EXAMPLE.COM, success, client=admin/admin@EXAMPLE.COM, service=kadmin/admin@EXAMPLE.COM, addr=127.0.0.1, vers=4, flavor=6
scm_1       | 2019-10-15 16:02:57,080 INFO authorize.ServiceAuthorizationManager: Authorization successful for om/om@EXAMPLE.COM (auth:KERBEROS) for protocol=interface org.apache.hadoop.hdds.scm.protocol.StorageContainerLocationProtocol
datanode_2  | 2019-10-15 16:02:28,575 INFO storage.RaftStorageDirectory: Lock on /data/metadata/ratis/99e42a93-376f-4997-b6a0-fab5eaf1d213/in_use.lock acquired by nodename 7@22a87bcade26
om_1        | 2019-10-15 16:03:12,064 INFO authorize.ServiceAuthorizationManager: Authorization successful for testuser/scm@EXAMPLE.COM (auth:KERBEROS) for protocol=interface org.apache.hadoop.ozone.om.protocol.OzoneManagerProtocol
datanode_1  | 2019-10-15 16:02:28,547 INFO server.RaftServerConfigKeys: raft.server.rpc.timeout.max = 5200ms (custom)
s3g_1       | 	at java.base/jdk.internal.reflect.DelegatingMethodAccessorImpl.invoke(DelegatingMethodAccessorImpl.java:43)
datanode_3  | 2019-10-15 16:02:28,524 INFO server.RaftServerConfigKeys: raft.server.log.appender.install.snapshot.enabled = false (custom)
kdc_1       | Oct 15 16:02:05 kdc kadmind[15](Notice): Request: kadm5_get_policy, default, Policy does not exist, client=admin/admin@EXAMPLE.COM, service=kadmin/admin@EXAMPLE.COM, addr=127.0.0.1
scm_1       | 2019-10-15 16:02:58,310 INFO ipc.Server: Auth successful for dn/7b9605abb2a9@EXAMPLE.COM (auth:KERBEROS)
datanode_2  | 2019-10-15 16:02:28,600 INFO storage.RaftStorage: Storage directory /data/metadata/ratis/99e42a93-376f-4997-b6a0-fab5eaf1d213 has been successfully formatted.
om_1        | 2019-10-15 16:03:14,486 INFO ipc.Server: Auth successful for testuser/scm@EXAMPLE.COM (auth:KERBEROS)
datanode_1  | 2019-10-15 16:02:28,548 INFO server.RaftServerConfigKeys: raft.server.rpcslowness.timeout = 120s (custom)
s3g_1       | 	at java.base/java.lang.reflect.Method.invoke(Method.java:566)
datanode_3  | 2019-10-15 16:02:28,524 INFO impl.RaftServerImpl: 49f6daca-781b-4061-8009-3df885c81c4a@group-FAB5EAF1D213: ConfigurationManager, init=-1: [49f6daca-781b-4061-8009-3df885c81c4a:172.18.0.8:9858, 65ba9fd1-3c88-44c6-a67c-bb8a865b7d90:172.18.0.3:9858, 08420688-24a5-40aa-bcee-5e287e9562d7:172.18.0.6:9858], old=null, confs=<EMPTY_MAP>
kdc_1       | Oct 15 16:02:05 kdc kadmind[15](Notice): Request: kadm5_create_principal, dn/22a87bcade26@EXAMPLE.COM, success, client=admin/admin@EXAMPLE.COM, service=kadmin/admin@EXAMPLE.COM, addr=127.0.0.1
scm_1       | 2019-10-15 16:02:58,313 INFO authorize.ServiceAuthorizationManager: Authorization successful for dn/7b9605abb2a9@EXAMPLE.COM (auth:KERBEROS) for protocol=interface org.apache.hadoop.ozone.protocol.StorageContainerDatanodeProtocol
datanode_2  | 2019-10-15 16:02:28,601 [pool-9-thread-1] INFO       - group-FAB5EAF1D213: The snapshot info is null. Setting the last applied indexto:(t:0, i:~)
om_1        | 2019-10-15 16:03:14,497 INFO authorize.ServiceAuthorizationManager: Authorization successful for testuser/scm@EXAMPLE.COM (auth:KERBEROS) for protocol=interface org.apache.hadoop.ozone.om.protocol.OzoneManagerProtocol
datanode_1  | 2019-10-15 16:02:28,548 INFO server.RaftServerConfigKeys: raft.server.sleep.deviation.threshold = 300 (default)
s3g_1       | 	at org.jboss.weld.injection.StaticMethodInjectionPoint.invoke(StaticMethodInjectionPoint.java:88)
kdc_1       | Oct 15 16:02:05 kdc kadmind[15](info): closing down fd 18
datanode_3  | 2019-10-15 16:02:28,524 INFO server.RaftServerConfigKeys: raft.server.storage.dir = [/data/metadata/ratis] (custom)
scm_1       | 2019-10-15 16:02:58,354 INFO ipc.Server: Auth successful for dn/889a5a8def3c@EXAMPLE.COM (auth:KERBEROS)
datanode_2  | 2019-10-15 16:02:28,601 INFO server.RaftServerConfigKeys: raft.server.notification.no-leader.timeout = 120s (custom)
om_1        | 2019-10-15 16:03:17,160 INFO ipc.Server: Auth successful for testuser/scm@EXAMPLE.COM (auth:KERBEROS)
datanode_1  | 2019-10-15 16:02:28,548 INFO server.RaftServerConfigKeys: raft.server.log.appender.install.snapshot.enabled = false (custom)
s3g_1       | 	at org.jboss.weld.injection.StaticMethodInjectionPoint.invoke(StaticMethodInjectionPoint.java:78)
kdc_1       | Oct 15 16:02:05 kdc kadmind[15](Notice): Request: kadm5_init, admin/admin@EXAMPLE.COM, success, client=admin/admin@EXAMPLE.COM, service=kadmin/admin@EXAMPLE.COM, addr=127.0.0.1, vers=4, flavor=6
datanode_3  | 2019-10-15 16:02:28,525 INFO server.RaftServerConfigKeys: raft.server.log.corruption.policy = EXCEPTION (default)
scm_1       | 2019-10-15 16:02:58,356 INFO authorize.ServiceAuthorizationManager: Authorization successful for dn/889a5a8def3c@EXAMPLE.COM (auth:KERBEROS) for protocol=interface org.apache.hadoop.ozone.protocol.StorageContainerDatanodeProtocol
datanode_2  | 2019-10-15 16:02:28,601 INFO server.RaftServerConfigKeys: raft.server.log.use.memory = false (default)
datanode_1  | 2019-10-15 16:02:28,548 INFO impl.RaftServerImpl: 65ba9fd1-3c88-44c6-a67c-bb8a865b7d90@group-FAB5EAF1D213: ConfigurationManager, init=-1: [49f6daca-781b-4061-8009-3df885c81c4a:172.18.0.8:9858, 65ba9fd1-3c88-44c6-a67c-bb8a865b7d90:172.18.0.3:9858, 08420688-24a5-40aa-bcee-5e287e9562d7:172.18.0.6:9858], old=null, confs=<EMPTY_MAP>
om_1        | 2019-10-15 16:03:17,173 INFO authorize.ServiceAuthorizationManager: Authorization successful for testuser/scm@EXAMPLE.COM (auth:KERBEROS) for protocol=interface org.apache.hadoop.ozone.om.protocol.OzoneManagerProtocol
s3g_1       | 	at org.jboss.weld.injection.producer.ProducerMethodProducer.produce(ProducerMethodProducer.java:100)
kdc_1       | Oct 15 16:02:05 kdc kadmind[15](Notice): Request: kadm5_randkey_principal, dn/22a87bcade26@EXAMPLE.COM, success, client=admin/admin@EXAMPLE.COM, service=kadmin/admin@EXAMPLE.COM, addr=127.0.0.1
datanode_3  | 2019-10-15 16:02:28,525 INFO storage.RaftStorageDirectory: The storage directory /data/metadata/ratis/99e42a93-376f-4997-b6a0-fab5eaf1d213 does not exist. Creating ...
scm_1       | 2019-10-15 16:03:17,369 INFO ipc.Server: Auth successful for dn/22a87bcade26@EXAMPLE.COM (auth:KERBEROS)
datanode_2  | 2019-10-15 16:02:28,601 INFO server.RaftServerConfigKeys: raft.server.log.purge.gap = 1000000 (custom)
datanode_1  | 2019-10-15 16:02:28,548 INFO server.RaftServerConfigKeys: raft.server.storage.dir = [/data/metadata/ratis] (custom)
om_1        | 2019-10-15 16:03:21,627 INFO ipc.Server: Auth successful for testuser/scm@EXAMPLE.COM (auth:KERBEROS)
s3g_1       | 	at org.jboss.weld.injection.producer.AbstractMemberProducer.produce(AbstractMemberProducer.java:161)
kdc_1       | Oct 15 16:02:05 kdc kadmind[15](Notice): Request: kadm5_get_principal, dn/22a87bcade26@EXAMPLE.COM, success, client=admin/admin@EXAMPLE.COM, service=kadmin/admin@EXAMPLE.COM, addr=127.0.0.1
datanode_3  | 2019-10-15 16:02:28,549 INFO storage.RaftStorageDirectory: Lock on /data/metadata/ratis/99e42a93-376f-4997-b6a0-fab5eaf1d213/in_use.lock acquired by nodename 7@7b9605abb2a9
scm_1       | 2019-10-15 16:03:17,372 INFO authorize.ServiceAuthorizationManager: Authorization successful for dn/22a87bcade26@EXAMPLE.COM (auth:KERBEROS) for protocol=interface org.apache.hadoop.ozone.protocol.StorageContainerDatanodeProtocol
datanode_2  | 2019-10-15 16:02:28,602 INFO server.RaftServerConfigKeys: raft.server.log.appender.buffer.byte-limit = 33554432 (custom)
datanode_1  | 2019-10-15 16:02:28,549 INFO server.RaftServerConfigKeys: raft.server.log.corruption.policy = EXCEPTION (default)
om_1        | 2019-10-15 16:03:21,638 INFO authorize.ServiceAuthorizationManager: Authorization successful for testuser/scm@EXAMPLE.COM (auth:KERBEROS) for protocol=interface org.apache.hadoop.ozone.om.protocol.OzoneManagerProtocol
s3g_1       | 	at org.jboss.weld.bean.AbstractProducerBean.create(AbstractProducerBean.java:180)
kdc_1       | Oct 15 16:02:06 kdc kadmind[15](info): closing down fd 18
datanode_3  | 2019-10-15 16:02:28,575 INFO storage.RaftStorage: Storage directory /data/metadata/ratis/99e42a93-376f-4997-b6a0-fab5eaf1d213 has been successfully formatted.
scm_1       | 2019-10-15 16:03:17,855 INFO ipc.Server: Auth successful for om/om@EXAMPLE.COM (auth:KERBEROS)
datanode_2  | 2019-10-15 16:02:28,602 INFO server.RaftServerConfigKeys: raft.server.log.segment.size.max = 1048576 (custom)
datanode_1  | 2019-10-15 16:02:28,549 INFO storage.RaftStorageDirectory: The storage directory /data/metadata/ratis/99e42a93-376f-4997-b6a0-fab5eaf1d213 does not exist. Creating ...
om_1        | 2019-10-15 16:03:25,502 INFO ipc.Server: Auth successful for testuser/scm@EXAMPLE.COM (auth:KERBEROS)
s3g_1       | 	at org.jboss.weld.context.unbound.DependentContextImpl.get(DependentContextImpl.java:70)
kdc_1       | Oct 15 16:02:06 kdc kadmind[15](Notice): Request: kadm5_init, admin/admin@EXAMPLE.COM, success, client=admin/admin@EXAMPLE.COM, service=kadmin/admin@EXAMPLE.COM, addr=127.0.0.1, vers=4, flavor=6
datanode_3  | 2019-10-15 16:02:28,575 [pool-9-thread-1] INFO       - group-FAB5EAF1D213: The snapshot info is null. Setting the last applied indexto:(t:0, i:~)
scm_1       | 2019-10-15 16:03:17,857 INFO authorize.ServiceAuthorizationManager: Authorization successful for om/om@EXAMPLE.COM (auth:KERBEROS) for protocol=interface org.apache.hadoop.hdds.scm.protocol.ScmBlockLocationProtocol
datanode_2  | 2019-10-15 16:02:28,602 INFO server.RaftServerConfigKeys: raft.server.log.segment.cache.num.max = 2 (custom)
datanode_1  | 2019-10-15 16:02:28,575 INFO storage.RaftStorageDirectory: Lock on /data/metadata/ratis/99e42a93-376f-4997-b6a0-fab5eaf1d213/in_use.lock acquired by nodename 7@889a5a8def3c
om_1        | 2019-10-15 16:03:25,512 INFO authorize.ServiceAuthorizationManager: Authorization successful for testuser/scm@EXAMPLE.COM (auth:KERBEROS) for protocol=interface org.apache.hadoop.ozone.om.protocol.OzoneManagerProtocol
s3g_1       | 	at org.jboss.weld.bean.ContextualInstanceStrategy$DefaultContextualInstanceStrategy.get(ContextualInstanceStrategy.java:100)
kdc_1       | Oct 15 16:02:06 kdc kadmind[15](Notice): Request: kadm5_get_policy, default, Policy does not exist, client=admin/admin@EXAMPLE.COM, service=kadmin/admin@EXAMPLE.COM, addr=127.0.0.1
datanode_3  | 2019-10-15 16:02:28,575 INFO server.RaftServerConfigKeys: raft.server.notification.no-leader.timeout = 120s (custom)
scm_1       | 2019-10-15 16:03:28,308 INFO ipc.Server: Auth successful for dn/7b9605abb2a9@EXAMPLE.COM (auth:KERBEROS)
datanode_2  | 2019-10-15 16:02:28,602 INFO segmented.SegmentedRaftLogWorker: new 08420688-24a5-40aa-bcee-5e287e9562d7@group-FAB5EAF1D213-SegmentedRaftLogWorker for RaftStorage:Storage Directory /data/metadata/ratis/99e42a93-376f-4997-b6a0-fab5eaf1d213
datanode_1  | 2019-10-15 16:02:28,600 INFO storage.RaftStorage: Storage directory /data/metadata/ratis/99e42a93-376f-4997-b6a0-fab5eaf1d213 has been successfully formatted.
om_1        | 2019-10-15 16:03:28,055 INFO ipc.Server: Auth successful for testuser/scm@EXAMPLE.COM (auth:KERBEROS)
s3g_1       | 	at org.jboss.weld.bean.ContextualInstance.get(ContextualInstance.java:50)
kdc_1       | Oct 15 16:02:06 kdc kadmind[15](Notice): Request: kadm5_create_principal, om/s3g@EXAMPLE.COM, success, client=admin/admin@EXAMPLE.COM, service=kadmin/admin@EXAMPLE.COM, addr=127.0.0.1
datanode_3  | 2019-10-15 16:02:28,576 INFO server.RaftServerConfigKeys: raft.server.log.use.memory = false (default)
scm_1       | 2019-10-15 16:03:28,312 INFO authorize.ServiceAuthorizationManager: Authorization successful for dn/7b9605abb2a9@EXAMPLE.COM (auth:KERBEROS) for protocol=interface org.apache.hadoop.ozone.protocol.StorageContainerDatanodeProtocol
datanode_2  | 2019-10-15 16:02:28,602 INFO server.RaftServerConfigKeys: raft.server.log.queue.byte-limit = 2147483647 (custom)
datanode_1  | 2019-10-15 16:02:28,601 [pool-9-thread-1] INFO       - group-FAB5EAF1D213: The snapshot info is null. Setting the last applied indexto:(t:0, i:~)
om_1        | 2019-10-15 16:03:28,064 INFO authorize.ServiceAuthorizationManager: Authorization successful for testuser/scm@EXAMPLE.COM (auth:KERBEROS) for protocol=interface org.apache.hadoop.ozone.om.protocol.OzoneManagerProtocol
s3g_1       | 	at org.jboss.weld.manager.BeanManagerImpl.getReference(BeanManagerImpl.java:785)
kdc_1       | Oct 15 16:02:06 kdc kadmind[15](info): closing down fd 18
datanode_3  | 2019-10-15 16:02:28,576 INFO server.RaftServerConfigKeys: raft.server.log.purge.gap = 1000000 (custom)
scm_1       | 2019-10-15 16:03:28,357 INFO ipc.Server: Auth successful for dn/889a5a8def3c@EXAMPLE.COM (auth:KERBEROS)
datanode_2  | 2019-10-15 16:02:28,602 INFO server.RaftServerConfigKeys: raft.server.log.queue.element-limit = 1024 (custom)
datanode_1  | 2019-10-15 16:02:28,601 INFO server.RaftServerConfigKeys: raft.server.notification.no-leader.timeout = 120s (custom)
om_1        | 2019-10-15 16:03:30,407 INFO ipc.Server: Auth successful for testuser/scm@EXAMPLE.COM (auth:KERBEROS)
s3g_1       | 	at org.jboss.weld.manager.BeanManagerImpl.getInjectableReference(BeanManagerImpl.java:885)
kdc_1       | Oct 15 16:02:06 kdc kadmind[15](Notice): Request: kadm5_init, admin/admin@EXAMPLE.COM, success, client=admin/admin@EXAMPLE.COM, service=kadmin/admin@EXAMPLE.COM, addr=127.0.0.1, vers=4, flavor=6
scm_1       | 2019-10-15 16:03:28,360 INFO authorize.ServiceAuthorizationManager: Authorization successful for dn/889a5a8def3c@EXAMPLE.COM (auth:KERBEROS) for protocol=interface org.apache.hadoop.ozone.protocol.StorageContainerDatanodeProtocol
datanode_2  | 2019-10-15 16:02:28,602 INFO server.RaftServerConfigKeys: raft.server.log.segment.size.max = 1048576 (custom)
datanode_1  | 2019-10-15 16:02:28,601 INFO server.RaftServerConfigKeys: raft.server.log.use.memory = false (default)
om_1        | 2019-10-15 16:03:30,423 INFO authorize.ServiceAuthorizationManager: Authorization successful for testuser/scm@EXAMPLE.COM (auth:KERBEROS) for protocol=interface org.apache.hadoop.ozone.om.protocol.OzoneManagerProtocol
datanode_3  | 2019-10-15 16:02:28,576 INFO server.RaftServerConfigKeys: raft.server.log.appender.buffer.byte-limit = 33554432 (custom)
s3g_1       | 	at org.jboss.weld.injection.FieldInjectionPoint.inject(FieldInjectionPoint.java:92)
kdc_1       | Oct 15 16:02:06 kdc kadmind[15](Notice): Request: kadm5_randkey_principal, om/s3g@EXAMPLE.COM, success, client=admin/admin@EXAMPLE.COM, service=kadmin/admin@EXAMPLE.COM, addr=127.0.0.1
scm_1       | 2019-10-15 16:03:49,243 INFO ipc.Server: Auth successful for dn/22a87bcade26@EXAMPLE.COM (auth:KERBEROS)
datanode_2  | 2019-10-15 16:02:28,602 INFO server.RaftServerConfigKeys: raft.server.log.preallocated.size = 16384 (custom)
datanode_1  | 2019-10-15 16:02:28,602 INFO server.RaftServerConfigKeys: raft.server.log.purge.gap = 1000000 (custom)
datanode_3  | 2019-10-15 16:02:28,576 INFO server.RaftServerConfigKeys: raft.server.log.segment.size.max = 1048576 (custom)
s3g_1       | 	at org.jboss.weld.util.Beans.injectBoundFields(Beans.java:358)
om_1        | 2019-10-15 16:03:32,785 INFO ipc.Server: Auth successful for testuser/scm@EXAMPLE.COM (auth:KERBEROS)
kdc_1       | Oct 15 16:02:06 kdc kadmind[15](Notice): Request: kadm5_get_principal, om/s3g@EXAMPLE.COM, success, client=admin/admin@EXAMPLE.COM, service=kadmin/admin@EXAMPLE.COM, addr=127.0.0.1
scm_1       | 2019-10-15 16:03:49,246 INFO authorize.ServiceAuthorizationManager: Authorization successful for dn/22a87bcade26@EXAMPLE.COM (auth:KERBEROS) for protocol=interface org.apache.hadoop.ozone.protocol.StorageContainerDatanodeProtocol
datanode_2  | 2019-10-15 16:02:28,602 INFO server.RaftServerConfigKeys: raft.server.log.write.buffer.size = 33554432 (custom)
datanode_1  | 2019-10-15 16:02:28,602 INFO server.RaftServerConfigKeys: raft.server.log.appender.buffer.byte-limit = 33554432 (custom)
datanode_3  | 2019-10-15 16:02:28,576 INFO server.RaftServerConfigKeys: raft.server.log.segment.cache.num.max = 2 (custom)
s3g_1       | 	at org.jboss.weld.util.Beans.injectFieldsAndInitializers(Beans.java:369)
kdc_1       | Oct 15 16:02:06 kdc kadmind[15](info): closing down fd 18
scm_1       | 2019-10-15 16:03:58,314 INFO ipc.Server: Auth successful for dn/7b9605abb2a9@EXAMPLE.COM (auth:KERBEROS)
datanode_2  | 2019-10-15 16:02:28,602 INFO server.RaftServerConfigKeys: raft.server.log.force.sync.num = 128 (default)
om_1        | 2019-10-15 16:03:32,793 INFO authorize.ServiceAuthorizationManager: Authorization successful for testuser/scm@EXAMPLE.COM (auth:KERBEROS) for protocol=interface org.apache.hadoop.ozone.om.protocol.OzoneManagerProtocol
datanode_1  | 2019-10-15 16:02:28,602 INFO server.RaftServerConfigKeys: raft.server.log.segment.size.max = 1048576 (custom)
datanode_3  | 2019-10-15 16:02:28,576 INFO segmented.SegmentedRaftLogWorker: new 49f6daca-781b-4061-8009-3df885c81c4a@group-FAB5EAF1D213-SegmentedRaftLogWorker for RaftStorage:Storage Directory /data/metadata/ratis/99e42a93-376f-4997-b6a0-fab5eaf1d213
s3g_1       | 	at org.jboss.weld.injection.producer.ResourceInjector$1.proceed(ResourceInjector.java:70)
kdc_1       | Oct 15 16:02:06 kdc kadmind[15](Notice): Request: kadm5_init, admin/admin@EXAMPLE.COM, success, client=admin/admin@EXAMPLE.COM, service=kadmin/admin@EXAMPLE.COM, addr=127.0.0.1, vers=4, flavor=6
scm_1       | 2019-10-15 16:03:58,317 INFO authorize.ServiceAuthorizationManager: Authorization successful for dn/7b9605abb2a9@EXAMPLE.COM (auth:KERBEROS) for protocol=interface org.apache.hadoop.ozone.protocol.StorageContainerDatanodeProtocol
datanode_2  | 2019-10-15 16:02:28,602 INFO server.RaftServerConfigKeys: raft.server.log.statemachine.data.sync = true (default)
datanode_1  | 2019-10-15 16:02:28,602 INFO server.RaftServerConfigKeys: raft.server.log.segment.cache.num.max = 2 (custom)
om_1        | 2019-10-15 16:03:35,431 INFO ipc.Server: Auth successful for testuser/scm@EXAMPLE.COM (auth:KERBEROS)
datanode_3  | 2019-10-15 16:02:28,576 INFO server.RaftServerConfigKeys: raft.server.log.queue.byte-limit = 2147483647 (custom)
s3g_1       | 	at org.jboss.weld.injection.InjectionContextImpl.run(InjectionContextImpl.java:48)
kdc_1       | Oct 15 16:02:06 kdc kadmind[15](Notice): Request: kadm5_get_policy, default, Policy does not exist, client=admin/admin@EXAMPLE.COM, service=kadmin/admin@EXAMPLE.COM, addr=127.0.0.1
scm_1       | 2019-10-15 16:03:58,362 INFO ipc.Server: Auth successful for dn/889a5a8def3c@EXAMPLE.COM (auth:KERBEROS)
datanode_2  | 2019-10-15 16:02:28,602 INFO server.RaftServerConfigKeys: raft.server.log.statemachine.data.sync.timeout = 10s (default)
datanode_1  | 2019-10-15 16:02:28,602 INFO segmented.SegmentedRaftLogWorker: new 65ba9fd1-3c88-44c6-a67c-bb8a865b7d90@group-FAB5EAF1D213-SegmentedRaftLogWorker for RaftStorage:Storage Directory /data/metadata/ratis/99e42a93-376f-4997-b6a0-fab5eaf1d213
om_1        | 2019-10-15 16:03:35,442 INFO authorize.ServiceAuthorizationManager: Authorization successful for testuser/scm@EXAMPLE.COM (auth:KERBEROS) for protocol=interface org.apache.hadoop.ozone.om.protocol.OzoneManagerProtocol
datanode_3  | 2019-10-15 16:02:28,576 INFO server.RaftServerConfigKeys: raft.server.log.queue.element-limit = 1024 (custom)
s3g_1       | 	at org.jboss.weld.injection.producer.ResourceInjector.inject(ResourceInjector.java:72)
kdc_1       | Oct 15 16:02:06 kdc kadmind[15](Notice): Request: kadm5_create_principal, dn/scm@EXAMPLE.COM, success, client=admin/admin@EXAMPLE.COM, service=kadmin/admin@EXAMPLE.COM, addr=127.0.0.1
scm_1       | 2019-10-15 16:03:58,366 INFO authorize.ServiceAuthorizationManager: Authorization successful for dn/889a5a8def3c@EXAMPLE.COM (auth:KERBEROS) for protocol=interface org.apache.hadoop.ozone.protocol.StorageContainerDatanodeProtocol
datanode_2  | 2019-10-15 16:02:28,603 INFO server.RaftServerConfigKeys: raft.server.log.statemachine.data.sync.timeout.retry = -1 (default)
datanode_1  | 2019-10-15 16:02:28,602 INFO server.RaftServerConfigKeys: raft.server.log.queue.byte-limit = 2147483647 (custom)
datanode_3  | 2019-10-15 16:02:28,576 INFO server.RaftServerConfigKeys: raft.server.log.segment.size.max = 1048576 (custom)
s3g_1       | 	at org.jboss.weld.injection.producer.BasicInjectionTarget.inject(BasicInjectionTarget.java:117)
