nm_1        | 2019-10-15 15:38:40 INFO  ApplicationImpl:347 - Removing container_1571153806335_0001_01_000001 from application application_1571153806335_0001
nm_1        | 2019-10-15 15:38:40 INFO  ContainersMonitorImpl:196 - Neither virutal-memory nor physical-memory monitoring is needed. Not running the monitor-thread
datanode_3  | 2019-10-15 15:37:02,433 INFO impl.LeaderElection: fb6de3e6-5b5c-4f9f-9e7f-364067240201@group-3FDF8B7319D7-LeaderElection4: begin an election at term 2 for -1: [014be0fa-9c6a-4130-9a71-78af621263a8:172.18.0.4:9858, fb6de3e6-5b5c-4f9f-9e7f-364067240201:172.18.0.7:9858, ed1da9e1-d88a-43e0-ae53-8d0d69db0b86:172.18.0.8:9858], old=null
datanode_1  | 2019-10-15 15:37:02,337 INFO impl.RaftServerImpl: 014be0fa-9c6a-4130-9a71-78af621263a8@group-F9DEE6DA16A2: changes role from  FOLLOWER to FOLLOWER at term 5 for recognizeCandidate:fb6de3e6-5b5c-4f9f-9e7f-364067240201
rm_1        | 2019-10-15 15:38:18 INFO  RMContainerImpl:410 - container_1571153806335_0001_01_000003 Container Transitioned from ACQUIRED to RUNNING
rm_1        | 2019-10-15 15:38:21 INFO  RMContainerImpl:410 - container_1571153806335_0001_01_000003 Container Transitioned from RUNNING to COMPLETED
scm_1       | Caused by: org.apache.ratis.thirdparty.io.grpc.StatusRuntimeException: DEADLINE_EXCEEDED: deadline exceeded after 2997139566ns
nm_1        | 2019-10-15 15:38:40 INFO  AuxServices:196 - Got event CONTAINER_STOP for appId application_1571153806335_0001
datanode_3  | 2019-10-15 15:37:02,499 INFO impl.LeaderElection: fb6de3e6-5b5c-4f9f-9e7f-364067240201@group-F9DEE6DA16A2-LeaderElection3: Election TIMEOUT; received 0 response(s) [] and 0 exception(s); fb6de3e6-5b5c-4f9f-9e7f-364067240201@group-F9DEE6DA16A2:t6, leader=null, voted=fb6de3e6-5b5c-4f9f-9e7f-364067240201, raftlog=fb6de3e6-5b5c-4f9f-9e7f-364067240201@group-F9DEE6DA16A2-SegmentedRaftLog:OPENED:c-1,f-1,i0, conf=-1: [014be0fa-9c6a-4130-9a71-78af621263a8:172.18.0.4:9858, fb6de3e6-5b5c-4f9f-9e7f-364067240201:172.18.0.7:9858, ed1da9e1-d88a-43e0-ae53-8d0d69db0b86:172.18.0.8:9858], old=null
datanode_1  | 2019-10-15 15:37:02,337 INFO impl.RoleInfo: 014be0fa-9c6a-4130-9a71-78af621263a8: shutdown FollowerState
rm_1        | 2019-10-15 15:38:21 INFO  FiCaSchedulerApp:113 - Completed container: container_1571153806335_0001_01_000003 in state: COMPLETED event:FINISHED
datanode_2  | 2019-10-15 15:37:01,671 INFO storage.RaftStorageDirectory: The storage directory /data/metadata/ratis/e2f0642a-89fa-431a-89a1-3fdf8b7319d7 does not exist. Creating ...
scm_1       | 	at org.apache.ratis.thirdparty.io.grpc.stub.ClientCalls.toStatusRuntimeException(ClientCalls.java:233)
nm_1        | 2019-10-15 15:38:40 INFO  Server:1454 - Auth successful for appattempt_1571153806335_0001_000001 (auth:SIMPLE)
datanode_3  | 2019-10-15 15:37:02,534 INFO impl.LeaderElection: fb6de3e6-5b5c-4f9f-9e7f-364067240201@group-F9DEE6DA16A2-LeaderElection3: begin an election at term 7 for -1: [014be0fa-9c6a-4130-9a71-78af621263a8:172.18.0.4:9858, fb6de3e6-5b5c-4f9f-9e7f-364067240201:172.18.0.7:9858, ed1da9e1-d88a-43e0-ae53-8d0d69db0b86:172.18.0.8:9858], old=null
datanode_1  | 2019-10-15 15:37:02,337 INFO impl.RoleInfo: 014be0fa-9c6a-4130-9a71-78af621263a8: start FollowerState
rm_1        | 2019-10-15 15:38:21 INFO  RMAuditLogger:116 - USER=hadoop	OPERATION=AM Released Container	TARGET=SchedulerApp	RESULT=SUCCESS	APPID=application_1571153806335_0001	CONTAINERID=container_1571153806335_0001_01_000003
datanode_2  | 2019-10-15 15:37:01,696 INFO storage.RaftStorageDirectory: Lock on /data/metadata/ratis/e2f0642a-89fa-431a-89a1-3fdf8b7319d7/in_use.lock acquired by nodename 7@8154b7770591
nm_1        | 2019-10-15 15:38:40 INFO  ContainerManagerImpl:960 - Stopping container with container Id: container_1571153806335_0001_01_000001
scm_1       | 	at org.apache.ratis.thirdparty.io.grpc.stub.ClientCalls.getUnchecked(ClientCalls.java:214)
datanode_3  | 2019-10-15 15:37:02,634 INFO impl.LeaderElection: fb6de3e6-5b5c-4f9f-9e7f-364067240201@group-3FDF8B7319D7-LeaderElection4: Election TIMEOUT; received 0 response(s) [] and 0 exception(s); fb6de3e6-5b5c-4f9f-9e7f-364067240201@group-3FDF8B7319D7:t2, leader=null, voted=fb6de3e6-5b5c-4f9f-9e7f-364067240201, raftlog=fb6de3e6-5b5c-4f9f-9e7f-364067240201@group-3FDF8B7319D7-SegmentedRaftLog:OPENED:c-1,f-1,i0, conf=-1: [014be0fa-9c6a-4130-9a71-78af621263a8:172.18.0.4:9858, fb6de3e6-5b5c-4f9f-9e7f-364067240201:172.18.0.7:9858, ed1da9e1-d88a-43e0-ae53-8d0d69db0b86:172.18.0.8:9858], old=null
datanode_1  | 2019-10-15 15:37:02,337 INFO impl.FollowerState: 014be0fa-9c6a-4130-9a71-78af621263a8@group-F9DEE6DA16A2-FollowerState was interrupted: java.lang.InterruptedException: sleep interrupted
rm_1        | 2019-10-15 15:38:21 INFO  SchedulerNode:216 - Released container container_1571153806335_0001_01_000003 of capacity <memory:4096, vCores:1> on host nm:42052, which currently has 1 containers, <memory:2048, vCores:1> used and <memory:6144, vCores:7> available, release resources=true
nm_1        | 2019-10-15 15:38:40 INFO  NMAuditLogger:89 - USER=hadoop	IP=172.18.0.5	OPERATION=Stop Container Request	TARGET=ContainerManageImpl	RESULT=SUCCESS	APPID=application_1571153806335_0001	CONTAINERID=container_1571153806335_0001_01_000001
datanode_2  | 2019-10-15 15:37:01,734 INFO storage.RaftStorage: Storage directory /data/metadata/ratis/e2f0642a-89fa-431a-89a1-3fdf8b7319d7 has been successfully formatted.
scm_1       | 	at org.apache.ratis.thirdparty.io.grpc.stub.ClientCalls.blockingUnaryCall(ClientCalls.java:139)
datanode_3  | 2019-10-15 15:37:02,652 INFO impl.LeaderElection: fb6de3e6-5b5c-4f9f-9e7f-364067240201@group-3FDF8B7319D7-LeaderElection4: begin an election at term 3 for -1: [014be0fa-9c6a-4130-9a71-78af621263a8:172.18.0.4:9858, fb6de3e6-5b5c-4f9f-9e7f-364067240201:172.18.0.7:9858, ed1da9e1-d88a-43e0-ae53-8d0d69db0b86:172.18.0.8:9858], old=null
datanode_1  | 2019-10-15 15:37:02,355 INFO impl.LeaderElection: 014be0fa-9c6a-4130-9a71-78af621263a8@group-3FDF8B7319D7-LeaderElection3: Election TIMEOUT; received 0 response(s) [] and 0 exception(s); 014be0fa-9c6a-4130-9a71-78af621263a8@group-3FDF8B7319D7:t2, leader=null, voted=014be0fa-9c6a-4130-9a71-78af621263a8, raftlog=014be0fa-9c6a-4130-9a71-78af621263a8@group-3FDF8B7319D7-SegmentedRaftLog:OPENED:c-1,f-1,i0, conf=-1: [014be0fa-9c6a-4130-9a71-78af621263a8:172.18.0.4:9858, fb6de3e6-5b5c-4f9f-9e7f-364067240201:172.18.0.7:9858, ed1da9e1-d88a-43e0-ae53-8d0d69db0b86:172.18.0.8:9858], old=null
rm_1        | 2019-10-15 15:38:21 INFO  LeafQueue:1712 - default used=<memory:2048, vCores:1> numContainers=1 user=hadoop user-resources=<memory:2048, vCores:1>
nm_1        | 2019-10-15 15:38:41 INFO  NodeStatusUpdaterImpl:490 - Removed completed containers from NM context: [container_1571153806335_0001_01_000005, container_1571153806335_0001_01_000001]
datanode_2  | 2019-10-15 15:37:01,734 [pool-8-thread-1] INFO       - group-3FDF8B7319D7: The snapshot info is null. Setting the last applied indexto:(t:0, i:~)
scm_1       | 	at org.apache.ratis.proto.grpc.AdminProtocolServiceGrpc$AdminProtocolServiceBlockingStub.groupManagement(AdminProtocolServiceGrpc.java:274)
datanode_3  | 2019-10-15 15:37:02,704 INFO impl.LeaderElection: fb6de3e6-5b5c-4f9f-9e7f-364067240201@group-F9DEE6DA16A2-LeaderElection3: Election TIMEOUT; received 0 response(s) [] and 0 exception(s); fb6de3e6-5b5c-4f9f-9e7f-364067240201@group-F9DEE6DA16A2:t7, leader=null, voted=fb6de3e6-5b5c-4f9f-9e7f-364067240201, raftlog=fb6de3e6-5b5c-4f9f-9e7f-364067240201@group-F9DEE6DA16A2-SegmentedRaftLog:OPENED:c-1,f-1,i0, conf=-1: [014be0fa-9c6a-4130-9a71-78af621263a8:172.18.0.4:9858, fb6de3e6-5b5c-4f9f-9e7f-364067240201:172.18.0.7:9858, ed1da9e1-d88a-43e0-ae53-8d0d69db0b86:172.18.0.8:9858], old=null
datanode_1  | 2019-10-15 15:37:02,377 INFO impl.LeaderElection: 014be0fa-9c6a-4130-9a71-78af621263a8@group-3FDF8B7319D7-LeaderElection3: begin an election at term 3 for -1: [014be0fa-9c6a-4130-9a71-78af621263a8:172.18.0.4:9858, fb6de3e6-5b5c-4f9f-9e7f-364067240201:172.18.0.7:9858, ed1da9e1-d88a-43e0-ae53-8d0d69db0b86:172.18.0.8:9858], old=null
datanode_2  | 2019-10-15 15:37:01,734 INFO segmented.SegmentedRaftLogWorker: ed1da9e1-d88a-43e0-ae53-8d0d69db0b86@group-7A0F88F325FC-SegmentedRaftLogWorker: created new log segment /data/metadata/ratis/3578f92f-1c21-4b8e-a77e-7a0f88f325fc/current/log_inprogress_0
rm_1        | 2019-10-15 15:38:21 INFO  LeafQueue:1663 - completedContainer container=Container: [ContainerId: container_1571153806335_0001_01_000003, NodeId: nm:42052, NodeHttpAddress: nm:8042, Resource: <memory:4096, vCores:1>, Priority: 20, Token: Token { kind: ContainerToken, service: 172.18.0.6:42052 }, ] queue=default: capacity=1.0, absoluteCapacity=1.0, usedResources=<memory:2048, vCores:1>, usedCapacity=0.25, absoluteUsedCapacity=0.25, numApps=1, numContainers=1 cluster=<memory:8192, vCores:8>
nm_1        | 2019-10-15 15:38:41 INFO  ApplicationImpl:464 - Application application_1571153806335_0001 transitioned from RUNNING to APPLICATION_RESOURCES_CLEANINGUP
scm_1       | 	at org.apache.ratis.grpc.client.GrpcClientProtocolClient.lambda$groupAdd$3(GrpcClientProtocolClient.java:155)
datanode_3  | 2019-10-15 15:37:02,709 INFO impl.LeaderElection: fb6de3e6-5b5c-4f9f-9e7f-364067240201@group-F9DEE6DA16A2-LeaderElection3: begin an election at term 8 for -1: [014be0fa-9c6a-4130-9a71-78af621263a8:172.18.0.4:9858, fb6de3e6-5b5c-4f9f-9e7f-364067240201:172.18.0.7:9858, ed1da9e1-d88a-43e0-ae53-8d0d69db0b86:172.18.0.8:9858], old=null
datanode_1  | 2019-10-15 15:37:02,700 INFO impl.FollowerState: 014be0fa-9c6a-4130-9a71-78af621263a8@group-F9DEE6DA16A2-FollowerState: change to CANDIDATE, lastRpcTime:363ms, electionTimeout:141ms
datanode_2  | 2019-10-15 15:37:01,734 INFO segmented.SegmentedRaftLogWorker: ed1da9e1-d88a-43e0-ae53-8d0d69db0b86@group-5CF9729A283A-SegmentedRaftLogWorker: created new log segment /data/metadata/ratis/0963f31b-d463-4397-9d7f-5cf9729a283a/current/log_inprogress_0
rm_1        | 2019-10-15 15:38:21 INFO  ParentQueue:568 - completedContainer queue=root usedCapacity=0.25 absoluteUsedCapacity=0.25 used=<memory:2048, vCores:1> cluster=<memory:8192, vCores:8>
nm_1        | 2019-10-15 15:38:41 INFO  AuxServices:196 - Got event APPLICATION_STOP for appId application_1571153806335_0001
scm_1       | 	at org.apache.ratis.grpc.client.GrpcClientProtocolClient.blockingCall(GrpcClientProtocolClient.java:182)
datanode_1  | 2019-10-15 15:37:02,701 INFO impl.RoleInfo: 014be0fa-9c6a-4130-9a71-78af621263a8: shutdown FollowerState
datanode_3  | 2019-10-15 15:37:02,743 INFO impl.LeaderElection: fb6de3e6-5b5c-4f9f-9e7f-364067240201@group-F9DEE6DA16A2-LeaderElection3: Election PASSED; received 1 response(s) [fb6de3e6-5b5c-4f9f-9e7f-364067240201<-ed1da9e1-d88a-43e0-ae53-8d0d69db0b86#0:OK-t8] and 0 exception(s); fb6de3e6-5b5c-4f9f-9e7f-364067240201@group-F9DEE6DA16A2:t8, leader=null, voted=fb6de3e6-5b5c-4f9f-9e7f-364067240201, raftlog=fb6de3e6-5b5c-4f9f-9e7f-364067240201@group-F9DEE6DA16A2-SegmentedRaftLog:OPENED:c-1,f-1,i0, conf=-1: [014be0fa-9c6a-4130-9a71-78af621263a8:172.18.0.4:9858, fb6de3e6-5b5c-4f9f-9e7f-364067240201:172.18.0.7:9858, ed1da9e1-d88a-43e0-ae53-8d0d69db0b86:172.18.0.8:9858], old=null
datanode_2  | 2019-10-15 15:37:01,734 INFO server.RaftServerConfigKeys: raft.server.notification.no-leader.timeout = 120s (custom)
rm_1        | 2019-10-15 15:38:21 INFO  ParentQueue:585 - Re-sorting completed queue: root.default stats: default: capacity=1.0, absoluteCapacity=1.0, usedResources=<memory:2048, vCores:1>, usedCapacity=0.25, absoluteUsedCapacity=0.25, numApps=1, numContainers=1
nm_1        | 2019-10-15 15:38:41 INFO  ApplicationImpl:464 - Application application_1571153806335_0001 transitioned from APPLICATION_RESOURCES_CLEANINGUP to FINISHED
scm_1       | 	... 16 more
datanode_1  | 2019-10-15 15:37:02,701 INFO impl.LeaderElection: 014be0fa-9c6a-4130-9a71-78af621263a8@group-3FDF8B7319D7-LeaderElection3: Election TIMEOUT; received 0 response(s) [] and 0 exception(s); 014be0fa-9c6a-4130-9a71-78af621263a8@group-3FDF8B7319D7:t3, leader=null, voted=014be0fa-9c6a-4130-9a71-78af621263a8, raftlog=014be0fa-9c6a-4130-9a71-78af621263a8@group-3FDF8B7319D7-SegmentedRaftLog:OPENED:c-1,f-1,i0, conf=-1: [014be0fa-9c6a-4130-9a71-78af621263a8:172.18.0.4:9858, fb6de3e6-5b5c-4f9f-9e7f-364067240201:172.18.0.7:9858, ed1da9e1-d88a-43e0-ae53-8d0d69db0b86:172.18.0.8:9858], old=null
datanode_3  | 2019-10-15 15:37:02,743 INFO impl.RoleInfo: fb6de3e6-5b5c-4f9f-9e7f-364067240201: shutdown LeaderElection
datanode_2  | 2019-10-15 15:37:01,736 INFO server.RaftServerConfigKeys: raft.server.log.use.memory = false (default)
nm_1        | 2019-10-15 15:38:41 INFO  NonAggregatingLogHandler:167 - Scheduling Log Deletion for application: application_1571153806335_0001, with delay of 10800 seconds
scm_1       | 2019-10-15 15:37:01,499 INFO pipeline.PipelineStateManager: Created pipeline Pipeline[ Id: 0963f31b-d463-4397-9d7f-5cf9729a283a, Nodes: ed1da9e1-d88a-43e0-ae53-8d0d69db0b86{ip: 172.18.0.8, host: hadoop27_datanode_2.hadoop27_default, networkLocation: /default-rack, certSerialId: null}, Type:RATIS, Factor:ONE, State:OPEN]
datanode_1  | 2019-10-15 15:37:02,701 INFO impl.RaftServerImpl: 014be0fa-9c6a-4130-9a71-78af621263a8@group-F9DEE6DA16A2: changes role from  FOLLOWER to CANDIDATE at term 5 for changeToCandidate
datanode_3  | 2019-10-15 15:37:02,744 INFO impl.RaftServerImpl: fb6de3e6-5b5c-4f9f-9e7f-364067240201@group-F9DEE6DA16A2: changes role from CANDIDATE to LEADER at term 8 for changeToLeader
rm_1        | 2019-10-15 15:38:21 INFO  CapacityScheduler:1443 - Application attempt appattempt_1571153806335_0001_000001 released container container_1571153806335_0001_01_000003 on node: host: nm:42052 #containers=1 available=<memory:6144, vCores:7> used=<memory:2048, vCores:1> with event: FINISHED
datanode_2  | 2019-10-15 15:37:01,736 INFO server.RaftServerConfigKeys: raft.server.log.purge.gap = 1000000 (custom)
nm_1        | 2019-10-15 15:38:43 INFO  Server:1454 - Auth successful for appattempt_1571153806335_0002_000001 (auth:SIMPLE)
scm_1       | 2019-10-15 15:37:01,626 INFO pipeline.PipelineStateManager: Created pipeline Pipeline[ Id: bf6b1942-9cbb-4bc1-be53-9e35c789e7a6, Nodes: 014be0fa-9c6a-4130-9a71-78af621263a8{ip: 172.18.0.4, host: hadoop27_datanode_1.hadoop27_default, networkLocation: /default-rack, certSerialId: null}, Type:RATIS, Factor:ONE, State:OPEN]
datanode_1  | 2019-10-15 15:37:02,701 INFO impl.RoleInfo: 014be0fa-9c6a-4130-9a71-78af621263a8: start LeaderElection
datanode_2  | 2019-10-15 15:37:01,742 INFO server.RaftServerConfigKeys: raft.server.log.appender.buffer.byte-limit = 33554432 (custom)
rm_1        | 2019-10-15 15:38:22 INFO  RMContainerImpl:410 - container_1571153806335_0001_01_000004 Container Transitioned from NEW to ALLOCATED
datanode_3  | 2019-10-15 15:37:02,744 INFO impl.RaftServerImpl: fb6de3e6-5b5c-4f9f-9e7f-364067240201@group-F9DEE6DA16A2: change Leader from null to fb6de3e6-5b5c-4f9f-9e7f-364067240201 at term 8 for becomeLeader, leader elected after 1413ms
nm_1        | 2019-10-15 15:38:43 INFO  ContainerManagerImpl:810 - Start request for container_1571153806335_0002_01_000001 by user hadoop
scm_1       | 2019-10-15 15:37:01,852 INFO pipeline.PipelineStateManager: Created pipeline Pipeline[ Id: e2f0642a-89fa-431a-89a1-3fdf8b7319d7, Nodes: fb6de3e6-5b5c-4f9f-9e7f-364067240201{ip: 172.18.0.7, host: hadoop27_datanode_3.hadoop27_default, networkLocation: /default-rack, certSerialId: null}ed1da9e1-d88a-43e0-ae53-8d0d69db0b86{ip: 172.18.0.8, host: hadoop27_datanode_2.hadoop27_default, networkLocation: /default-rack, certSerialId: null}014be0fa-9c6a-4130-9a71-78af621263a8{ip: 172.18.0.4, host: hadoop27_datanode_1.hadoop27_default, networkLocation: /default-rack, certSerialId: null}, Type:RATIS, Factor:THREE, State:OPEN]
datanode_1  | 2019-10-15 15:37:02,709 INFO impl.LeaderElection: 014be0fa-9c6a-4130-9a71-78af621263a8@group-3FDF8B7319D7-LeaderElection3: begin an election at term 4 for -1: [014be0fa-9c6a-4130-9a71-78af621263a8:172.18.0.4:9858, fb6de3e6-5b5c-4f9f-9e7f-364067240201:172.18.0.7:9858, ed1da9e1-d88a-43e0-ae53-8d0d69db0b86:172.18.0.8:9858], old=null
datanode_2  | 2019-10-15 15:37:01,742 INFO server.RaftServerConfigKeys: raft.server.log.segment.size.max = 1048576 (custom)
rm_1        | 2019-10-15 15:38:22 INFO  RMAuditLogger:116 - USER=hadoop	OPERATION=AM Allocated Container	TARGET=SchedulerApp	RESULT=SUCCESS	APPID=application_1571153806335_0001	CONTAINERID=container_1571153806335_0001_01_000004
scm_1       | 2019-10-15 15:39:05,573 INFO server.SCMBlockProtocolServer: SCM is informed by OM to delete 11 blocks
nm_1        | 2019-10-15 15:38:43 INFO  ContainerManagerImpl:850 - Creating a new application reference for app application_1571153806335_0002
datanode_3  | 2019-10-15 15:37:02,744 INFO server.RaftServerConfigKeys: raft.server.staging.catchup.gap = 1000 (default)
datanode_1  | 2019-10-15 15:37:02,840 INFO impl.LeaderElection: 014be0fa-9c6a-4130-9a71-78af621263a8@group-F9DEE6DA16A2-LeaderElection4: begin an election at term 6 for -1: [014be0fa-9c6a-4130-9a71-78af621263a8:172.18.0.4:9858, fb6de3e6-5b5c-4f9f-9e7f-364067240201:172.18.0.7:9858, ed1da9e1-d88a-43e0-ae53-8d0d69db0b86:172.18.0.8:9858], old=null
datanode_2  | 2019-10-15 15:37:01,742 INFO server.RaftServerConfigKeys: raft.server.log.segment.cache.num.max = 2 (custom)
rm_1        | 2019-10-15 15:38:22 INFO  SchedulerNode:153 - Assigned container container_1571153806335_0001_01_000004 of capacity <memory:4096, vCores:1> on host nm:42052, which has 2 containers, <memory:6144, vCores:2> used and <memory:2048, vCores:6> available after allocation
scm_1       | 2019-10-15 15:39:05,573 INFO block.BlockManagerImpl: Deleting blocks conID: 6 locID: 102967140024254469 bcsId: 0
nm_1        | 2019-10-15 15:38:43 INFO  NMAuditLogger:89 - USER=hadoop	IP=172.18.0.5	OPERATION=Start Container Request	TARGET=ContainerManageImpl	RESULT=SUCCESS	APPID=application_1571153806335_0002	CONTAINERID=container_1571153806335_0002_01_000001
datanode_3  | 2019-10-15 15:37:02,744 INFO server.RaftServerConfigKeys: raft.server.rpc.sleep.time = 25ms (default)
datanode_1  | 2019-10-15 15:37:02,841 INFO impl.RaftServerImpl: 014be0fa-9c6a-4130-9a71-78af621263a8@group-F9DEE6DA16A2: changes role from CANDIDATE to FOLLOWER at term 7 for recognizeCandidate:fb6de3e6-5b5c-4f9f-9e7f-364067240201
datanode_2  | 2019-10-15 15:37:01,743 INFO segmented.SegmentedRaftLogWorker: new ed1da9e1-d88a-43e0-ae53-8d0d69db0b86@group-3FDF8B7319D7-SegmentedRaftLogWorker for RaftStorage:Storage Directory /data/metadata/ratis/e2f0642a-89fa-431a-89a1-3fdf8b7319d7
rm_1        | 2019-10-15 15:38:22 INFO  LeafQueue:1558 - assignedContainer application attempt=appattempt_1571153806335_0001_000001 container=Container: [ContainerId: container_1571153806335_0001_01_000004, NodeId: nm:42052, NodeHttpAddress: nm:8042, Resource: <memory:4096, vCores:1>, Priority: 20, Token: null, ] queue=default: capacity=1.0, absoluteCapacity=1.0, usedResources=<memory:2048, vCores:1>, usedCapacity=0.25, absoluteUsedCapacity=0.25, numApps=1, numContainers=1 clusterResource=<memory:8192, vCores:8> type=RACK_LOCAL requestedPartition=
scm_1       | 2019-10-15 15:39:05,580 INFO block.BlockManagerImpl: Deleting blocks conID: 7 locID: 102967140047716358 bcsId: 0
nm_1        | 2019-10-15 15:38:43 INFO  ApplicationImpl:464 - Application application_1571153806335_0002 transitioned from NEW to INITING
datanode_3  | 2019-10-15 15:37:02,744 INFO server.RaftServerConfigKeys: raft.server.write.element-limit = 4096 (default)
datanode_1  | 2019-10-15 15:37:02,841 INFO impl.RoleInfo: 014be0fa-9c6a-4130-9a71-78af621263a8: shutdown LeaderElection
datanode_2  | 2019-10-15 15:37:01,743 INFO server.RaftServerConfigKeys: raft.server.log.queue.byte-limit = 2147483647 (custom)
rm_1        | 2019-10-15 15:38:22 INFO  ParentQueue:523 - Re-sorting assigned queue: root.default stats: default: capacity=1.0, absoluteCapacity=1.0, usedResources=<memory:6144, vCores:2>, usedCapacity=0.75, absoluteUsedCapacity=0.75, numApps=1, numContainers=2
scm_1       | 2019-10-15 15:39:05,580 INFO block.BlockManagerImpl: Deleting blocks conID: 8 locID: 102967140064296967 bcsId: 0
nm_1        | 2019-10-15 15:38:43 INFO  ApplicationImpl:304 - Adding container_1571153806335_0002_01_000001 to application application_1571153806335_0002
datanode_3  | 2019-10-15 15:37:02,744 INFO server.RaftServerConfigKeys: raft.server.watch.timeout = 10s (default)
datanode_1  | 2019-10-15 15:37:02,842 INFO impl.RoleInfo: 014be0fa-9c6a-4130-9a71-78af621263a8: start FollowerState
datanode_2  | 2019-10-15 15:37:01,743 INFO server.RaftServerConfigKeys: raft.server.log.queue.element-limit = 1024 (custom)
rm_1        | 2019-10-15 15:38:22 INFO  ParentQueue:420 - assignedContainer queue=root usedCapacity=0.75 absoluteUsedCapacity=0.75 used=<memory:6144, vCores:2> cluster=<memory:8192, vCores:8>
scm_1       | 2019-10-15 15:39:05,580 INFO block.BlockManagerImpl: Deleting blocks conID: 9 locID: 102967140074455048 bcsId: 0
nm_1        | 2019-10-15 15:38:43 INFO  ApplicationImpl:464 - Application application_1571153806335_0002 transitioned from INITING to RUNNING
datanode_3  | 2019-10-15 15:37:02,744 INFO server.RaftServerConfigKeys: raft.server.watch.timeout.denomination = 1s (default)
datanode_1  | 2019-10-15 15:37:02,926 INFO impl.LeaderElection: 014be0fa-9c6a-4130-9a71-78af621263a8@group-3FDF8B7319D7-LeaderElection3: Election TIMEOUT; received 0 response(s) [] and 0 exception(s); 014be0fa-9c6a-4130-9a71-78af621263a8@group-3FDF8B7319D7:t4, leader=null, voted=014be0fa-9c6a-4130-9a71-78af621263a8, raftlog=014be0fa-9c6a-4130-9a71-78af621263a8@group-3FDF8B7319D7-SegmentedRaftLog:OPENED:c-1,f-1,i0, conf=-1: [014be0fa-9c6a-4130-9a71-78af621263a8:172.18.0.4:9858, fb6de3e6-5b5c-4f9f-9e7f-364067240201:172.18.0.7:9858, ed1da9e1-d88a-43e0-ae53-8d0d69db0b86:172.18.0.8:9858], old=null
datanode_2  | 2019-10-15 15:37:01,743 INFO server.RaftServerConfigKeys: raft.server.log.segment.size.max = 1048576 (custom)
rm_1        | 2019-10-15 15:38:23 INFO  RMContainerImpl:410 - container_1571153806335_0001_01_000004 Container Transitioned from ALLOCATED to ACQUIRED
scm_1       | 2019-10-15 15:39:05,580 INFO block.BlockManagerImpl: Deleting blocks conID: 2 locID: 102967141228544009 bcsId: 0
nm_1        | 2019-10-15 15:38:43 INFO  ContainerImpl:1135 - Container container_1571153806335_0002_01_000001 transitioned from NEW to LOCALIZING
datanode_3  | 2019-10-15 15:37:02,745 INFO server.RaftServerConfigKeys: raft.server.watch.element-limit = 65536 (default)
datanode_1  | 2019-10-15 15:37:02,941 INFO impl.LeaderElection: 014be0fa-9c6a-4130-9a71-78af621263a8@group-3FDF8B7319D7-LeaderElection3: begin an election at term 5 for -1: [014be0fa-9c6a-4130-9a71-78af621263a8:172.18.0.4:9858, fb6de3e6-5b5c-4f9f-9e7f-364067240201:172.18.0.7:9858, ed1da9e1-d88a-43e0-ae53-8d0d69db0b86:172.18.0.8:9858], old=null
rm_1        | 2019-10-15 15:38:23 INFO  RMContainerImpl:410 - container_1571153806335_0001_01_000004 Container Transitioned from ACQUIRED to RUNNING
datanode_2  | 2019-10-15 15:37:01,743 INFO server.RaftServerConfigKeys: raft.server.log.preallocated.size = 16384 (custom)
scm_1       | 2019-10-15 15:39:05,580 INFO block.BlockManagerImpl: Deleting blocks conID: 7 locID: 102967141240930314 bcsId: 0
nm_1        | 2019-10-15 15:38:43 INFO  AuxServices:196 - Got event CONTAINER_INIT for appId application_1571153806335_0002
datanode_3  | 2019-10-15 15:37:02,750 INFO impl.LeaderElection: fb6de3e6-5b5c-4f9f-9e7f-364067240201@group-3FDF8B7319D7-LeaderElection4: Election TIMEOUT; received 1 response(s) [fb6de3e6-5b5c-4f9f-9e7f-364067240201<-ed1da9e1-d88a-43e0-ae53-8d0d69db0b86#0:FAIL-t3] and 0 exception(s); fb6de3e6-5b5c-4f9f-9e7f-364067240201@group-3FDF8B7319D7:t3, leader=null, voted=fb6de3e6-5b5c-4f9f-9e7f-364067240201, raftlog=fb6de3e6-5b5c-4f9f-9e7f-364067240201@group-3FDF8B7319D7-SegmentedRaftLog:OPENED:c-1,f-1,i0, conf=-1: [014be0fa-9c6a-4130-9a71-78af621263a8:172.18.0.4:9858, fb6de3e6-5b5c-4f9f-9e7f-364067240201:172.18.0.7:9858, ed1da9e1-d88a-43e0-ae53-8d0d69db0b86:172.18.0.8:9858], old=null
datanode_1  | 2019-10-15 15:37:02,989 INFO impl.RaftServerImpl: 014be0fa-9c6a-4130-9a71-78af621263a8@group-F9DEE6DA16A2: changes role from  FOLLOWER to FOLLOWER at term 8 for recognizeCandidate:fb6de3e6-5b5c-4f9f-9e7f-364067240201
rm_1        | 2019-10-15 15:38:24 INFO  AppSchedulingInfo:204 - checking for deactivate of application :application_1571153806335_0001
datanode_2  | 2019-10-15 15:37:01,743 INFO server.RaftServerConfigKeys: raft.server.log.write.buffer.size = 33554432 (custom)
scm_1       | 2019-10-15 15:39:05,581 INFO block.BlockManagerImpl: Deleting blocks conID: 3 locID: 102967139793895426 bcsId: 0
nm_1        | 2019-10-15 15:38:43 INFO  LocalizedResource:203 - Resource o3fs://bucket1.vol1/user/hadoop/.staging/job_1571153806335_0002/job.splitmetainfo transitioned from INIT to DOWNLOADING
datanode_3  | 2019-10-15 15:37:02,751 INFO server.RaftServerConfigKeys: raft.server.log.appender.snapshot.chunk.size.max = 16MB (=16777216) (default)
datanode_1  | 2019-10-15 15:37:02,990 INFO impl.RoleInfo: 014be0fa-9c6a-4130-9a71-78af621263a8: shutdown FollowerState
rm_1        | 2019-10-15 15:38:28 INFO  RMContainerImpl:410 - container_1571153806335_0001_01_000004 Container Transitioned from RUNNING to COMPLETED
datanode_2  | 2019-10-15 15:37:01,743 INFO server.RaftServerConfigKeys: raft.server.log.force.sync.num = 128 (default)
scm_1       | 2019-10-15 15:39:05,581 INFO block.BlockManagerImpl: Deleting blocks conID: 4 locID: 102967139896066051 bcsId: 0
nm_1        | 2019-10-15 15:38:43 INFO  LocalizedResource:203 - Resource o3fs://bucket1.vol1/user/hadoop/.staging/job_1571153806335_0002/job.jar transitioned from INIT to DOWNLOADING
datanode_3  | 2019-10-15 15:37:02,751 INFO server.RaftServerConfigKeys: raft.server.log.appender.buffer.byte-limit = 33554432 (custom)
datanode_1  | 2019-10-15 15:37:02,990 INFO impl.FollowerState: 014be0fa-9c6a-4130-9a71-78af621263a8@group-F9DEE6DA16A2-FollowerState was interrupted: java.lang.InterruptedException: sleep interrupted
rm_1        | 2019-10-15 15:38:28 INFO  FiCaSchedulerApp:113 - Completed container: container_1571153806335_0001_01_000004 in state: COMPLETED event:FINISHED
datanode_2  | 2019-10-15 15:37:01,743 INFO server.RaftServerConfigKeys: raft.server.log.statemachine.data.sync = true (default)
scm_1       | 2019-10-15 15:39:05,581 INFO block.BlockManagerImpl: Deleting blocks conID: 5 locID: 102967139909369860 bcsId: 0
nm_1        | 2019-10-15 15:38:43 INFO  LocalizedResource:203 - Resource o3fs://bucket1.vol1/user/hadoop/.staging/job_1571153806335_0002/job.split transitioned from INIT to DOWNLOADING
datanode_3  | 2019-10-15 15:37:02,751 INFO server.RaftServerConfigKeys: raft.server.log.appender.buffer.element-limit = 1 (custom)
datanode_1  | 2019-10-15 15:37:02,990 INFO impl.RoleInfo: 014be0fa-9c6a-4130-9a71-78af621263a8: start FollowerState
rm_1        | 2019-10-15 15:38:28 INFO  RMAuditLogger:116 - USER=hadoop	OPERATION=AM Released Container	TARGET=SchedulerApp	RESULT=SUCCESS	APPID=application_1571153806335_0001	CONTAINERID=container_1571153806335_0001_01_000004
datanode_2  | 2019-10-15 15:37:01,743 INFO server.RaftServerConfigKeys: raft.server.log.statemachine.data.sync.timeout = 10s (default)
scm_1       | 2019-10-15 15:39:05,581 INFO block.BlockManagerImpl: Deleting blocks conID: 1 locID: 102967142773620747 bcsId: 0
nm_1        | 2019-10-15 15:38:43 INFO  LocalizedResource:203 - Resource o3fs://bucket1.vol1/user/hadoop/.staging/job_1571153806335_0002/job.xml transitioned from INIT to DOWNLOADING
datanode_3  | 2019-10-15 15:37:02,754 INFO grpc.GrpcConfigKeys$Server: raft.grpc.server.leader.outstanding.appends.max = 128 (default)
datanode_1  | 2019-10-15 15:37:02,993 INFO impl.LeaderElection: 014be0fa-9c6a-4130-9a71-78af621263a8@group-F9DEE6DA16A2-LeaderElection4: Election REJECTED; received 0 response(s) [] and 0 exception(s); 014be0fa-9c6a-4130-9a71-78af621263a8@group-F9DEE6DA16A2:t8, leader=null, voted=null, raftlog=014be0fa-9c6a-4130-9a71-78af621263a8@group-F9DEE6DA16A2-SegmentedRaftLog:OPENED:c-1,f-1,i0, conf=-1: [014be0fa-9c6a-4130-9a71-78af621263a8:172.18.0.4:9858, fb6de3e6-5b5c-4f9f-9e7f-364067240201:172.18.0.7:9858, ed1da9e1-d88a-43e0-ae53-8d0d69db0b86:172.18.0.8:9858], old=null
rm_1        | 2019-10-15 15:38:28 INFO  SchedulerNode:216 - Released container container_1571153806335_0001_01_000004 of capacity <memory:4096, vCores:1> on host nm:42052, which currently has 1 containers, <memory:2048, vCores:1> used and <memory:6144, vCores:7> available, release resources=true
datanode_2  | 2019-10-15 15:37:01,744 INFO server.RaftServerConfigKeys: raft.server.log.statemachine.data.sync.timeout.retry = -1 (default)
scm_1       | 2019-10-15 15:39:05,582 INFO block.BlockManagerImpl: Deleting blocks conID: 6 locID: 102967142843088908 bcsId: 0
nm_1        | 2019-10-15 15:38:43 INFO  ResourceLocalizationService:711 - Created localizer for container_1571153806335_0002_01_000001
datanode_3  | 2019-10-15 15:37:02,755 INFO server.RaftServerConfigKeys: raft.server.rpc.request.timeout = 3000ms (default)
datanode_1  | 2019-10-15 15:37:03,138 INFO impl.LeaderElection: 014be0fa-9c6a-4130-9a71-78af621263a8@group-3FDF8B7319D7-LeaderElection3: Election TIMEOUT; received 0 response(s) [] and 0 exception(s); 014be0fa-9c6a-4130-9a71-78af621263a8@group-3FDF8B7319D7:t5, leader=null, voted=014be0fa-9c6a-4130-9a71-78af621263a8, raftlog=014be0fa-9c6a-4130-9a71-78af621263a8@group-3FDF8B7319D7-SegmentedRaftLog:OPENED:c-1,f-1,i0, conf=-1: [014be0fa-9c6a-4130-9a71-78af621263a8:172.18.0.4:9858, fb6de3e6-5b5c-4f9f-9e7f-364067240201:172.18.0.7:9858, ed1da9e1-d88a-43e0-ae53-8d0d69db0b86:172.18.0.8:9858], old=null
rm_1        | 2019-10-15 15:38:28 INFO  LeafQueue:1712 - default used=<memory:2048, vCores:1> numContainers=1 user=hadoop user-resources=<memory:2048, vCores:1>
datanode_2  | 2019-10-15 15:37:01,744 INFO server.RaftServerConfigKeys: raft.server.log.statemachine.data.caching.enabled = true (custom)
nm_1        | 2019-10-15 15:38:43 INFO  ResourceLocalizationService:1195 - Writing credentials to the nmPrivate file /tmp/hadoop-hadoop/nm-local-dir/nmPrivate/container_1571153806335_0002_01_000001.tokens. Credentials list: 
datanode_3  | 2019-10-15 15:37:02,755 INFO server.RaftServerConfigKeys: raft.server.log.appender.install.snapshot.enabled = false (custom)
datanode_1  | 2019-10-15 15:37:03,160 INFO impl.LeaderElection: 014be0fa-9c6a-4130-9a71-78af621263a8@group-3FDF8B7319D7-LeaderElection3: begin an election at term 6 for -1: [014be0fa-9c6a-4130-9a71-78af621263a8:172.18.0.4:9858, fb6de3e6-5b5c-4f9f-9e7f-364067240201:172.18.0.7:9858, ed1da9e1-d88a-43e0-ae53-8d0d69db0b86:172.18.0.8:9858], old=null
rm_1        | 2019-10-15 15:38:28 INFO  LeafQueue:1663 - completedContainer container=Container: [ContainerId: container_1571153806335_0001_01_000004, NodeId: nm:42052, NodeHttpAddress: nm:8042, Resource: <memory:4096, vCores:1>, Priority: 20, Token: Token { kind: ContainerToken, service: 172.18.0.6:42052 }, ] queue=default: capacity=1.0, absoluteCapacity=1.0, usedResources=<memory:2048, vCores:1>, usedCapacity=0.25, absoluteUsedCapacity=0.25, numApps=1, numContainers=1 cluster=<memory:8192, vCores:8>
datanode_2  | 2019-10-15 15:37:01,744 INFO segmented.SegmentedRaftLogWorker: ed1da9e1-d88a-43e0-ae53-8d0d69db0b86@group-3FDF8B7319D7-SegmentedRaftLogWorker: flushIndex: setUnconditionally 0 -> -1
nm_1        | 2019-10-15 15:38:43 INFO  DefaultContainerExecutor:612 - Initializing user hadoop
datanode_3  | 2019-10-15 15:37:02,757 INFO impl.LeaderElection: fb6de3e6-5b5c-4f9f-9e7f-364067240201@group-3FDF8B7319D7-LeaderElection4: begin an election at term 4 for -1: [014be0fa-9c6a-4130-9a71-78af621263a8:172.18.0.4:9858, fb6de3e6-5b5c-4f9f-9e7f-364067240201:172.18.0.7:9858, ed1da9e1-d88a-43e0-ae53-8d0d69db0b86:172.18.0.8:9858], old=null
datanode_1  | 2019-10-15 15:37:03,160 INFO impl.RaftServerImpl: 014be0fa-9c6a-4130-9a71-78af621263a8@group-F9DEE6DA16A2: change Leader from null to fb6de3e6-5b5c-4f9f-9e7f-364067240201 at term 8 for appendEntries, leader elected after 1825ms
rm_1        | 2019-10-15 15:38:28 INFO  ParentQueue:568 - completedContainer queue=root usedCapacity=0.25 absoluteUsedCapacity=0.25 used=<memory:2048, vCores:1> cluster=<memory:8192, vCores:8>
datanode_2  | 2019-10-15 15:37:01,794 INFO impl.FollowerState: ed1da9e1-d88a-43e0-ae53-8d0d69db0b86@group-F9DEE6DA16A2-FollowerState: change to CANDIDATE, lastRpcTime:179ms, electionTimeout:168ms
nm_1        | 2019-10-15 15:38:43 INFO  DefaultContainerExecutor:117 - Copying from /tmp/hadoop-hadoop/nm-local-dir/nmPrivate/container_1571153806335_0002_01_000001.tokens to /tmp/hadoop-hadoop/nm-local-dir/usercache/hadoop/appcache/application_1571153806335_0002/container_1571153806335_0002_01_000001.tokens
datanode_3  | 2019-10-15 15:37:02,760 INFO server.RaftServerConfigKeys: raft.server.log.appender.snapshot.chunk.size.max = 16MB (=16777216) (default)
datanode_2  | 2019-10-15 15:37:01,794 INFO server.RaftServerConfigKeys: raft.server.snapshot.auto.trigger.enabled = true (custom)
rm_1        | 2019-10-15 15:38:28 INFO  ParentQueue:585 - Re-sorting completed queue: root.default stats: default: capacity=1.0, absoluteCapacity=1.0, usedResources=<memory:2048, vCores:1>, usedCapacity=0.25, absoluteUsedCapacity=0.25, numApps=1, numContainers=1
datanode_1  | 2019-10-15 15:37:03,160 INFO impl.RaftServerImpl: 014be0fa-9c6a-4130-9a71-78af621263a8@group-F9DEE6DA16A2: change Leader from fb6de3e6-5b5c-4f9f-9e7f-364067240201 to null at term 9 for updateCurrentTerm
nm_1        | 2019-10-15 15:38:43 INFO  DefaultContainerExecutor:124 - Localizer CWD set to /tmp/hadoop-hadoop/nm-local-dir/usercache/hadoop/appcache/application_1571153806335_0002 = file:/tmp/hadoop-hadoop/nm-local-dir/usercache/hadoop/appcache/application_1571153806335_0002
datanode_3  | 2019-10-15 15:37:02,761 INFO server.RaftServerConfigKeys: raft.server.log.appender.buffer.byte-limit = 33554432 (custom)
datanode_2  | 2019-10-15 15:37:01,794 INFO server.RaftServerConfigKeys: raft.server.snapshot.auto.trigger.threshold = 10000 (custom)
rm_1        | 2019-10-15 15:38:28 INFO  CapacityScheduler:1443 - Application attempt appattempt_1571153806335_0001_000001 released container container_1571153806335_0001_01_000004 on node: host: nm:42052 #containers=1 available=<memory:6144, vCores:7> used=<memory:2048, vCores:1> with event: FINISHED
nm_1        | 2019-10-15 15:38:44 WARN  NativeCodeLoader:60 - Unable to load native-hadoop library for your platform... using builtin-java classes where applicable
datanode_3  | 2019-10-15 15:37:02,761 INFO server.RaftServerConfigKeys: raft.server.log.appender.buffer.element-limit = 1 (custom)
datanode_1  | 2019-10-15 15:37:03,160 INFO impl.RaftServerImpl: 014be0fa-9c6a-4130-9a71-78af621263a8@group-F9DEE6DA16A2: changes role from  FOLLOWER to FOLLOWER at term 9 for recognizeCandidate:ed1da9e1-d88a-43e0-ae53-8d0d69db0b86
datanode_2  | 2019-10-15 15:37:01,794 INFO impl.RoleInfo: ed1da9e1-d88a-43e0-ae53-8d0d69db0b86: shutdown FollowerState
rm_1        | 2019-10-15 15:38:28 INFO  RMContainerImpl:410 - container_1571153806335_0001_01_000005 Container Transitioned from NEW to ALLOCATED
nm_1        | 2019-10-15 15:38:45 INFO  MetricsConfig:118 - Loaded properties from hadoop-metrics2.properties
datanode_3  | 2019-10-15 15:37:02,761 INFO grpc.GrpcConfigKeys$Server: raft.grpc.server.leader.outstanding.appends.max = 128 (default)
datanode_1  | 2019-10-15 15:37:03,161 INFO impl.RoleInfo: 014be0fa-9c6a-4130-9a71-78af621263a8: shutdown FollowerState
datanode_2  | 2019-10-15 15:37:01,794 INFO server.RaftServerConfigKeys: raft.server.snapshot.retention.file.num = 5 (custom)
rm_1        | 2019-10-15 15:38:28 INFO  RMAuditLogger:116 - USER=hadoop	OPERATION=AM Allocated Container	TARGET=SchedulerApp	RESULT=SUCCESS	APPID=application_1571153806335_0001	CONTAINERID=container_1571153806335_0001_01_000005
nm_1        | 2019-10-15 15:38:45 WARN  MBeans:105 - Failed to register MBean "Hadoop:service=XceiverClientMetrics,name=MetricsSystem,sub=Stats": Instance already exists.
datanode_3  | 2019-10-15 15:37:02,761 INFO server.RaftServerConfigKeys: raft.server.rpc.request.timeout = 3000ms (default)
datanode_1  | 2019-10-15 15:37:03,161 INFO impl.RoleInfo: 014be0fa-9c6a-4130-9a71-78af621263a8: start FollowerState
datanode_2  | 2019-10-15 15:37:01,794 INFO impl.RaftServerImpl: ed1da9e1-d88a-43e0-ae53-8d0d69db0b86@group-F9DEE6DA16A2: changes role from  FOLLOWER to CANDIDATE at term 1 for changeToCandidate
rm_1        | 2019-10-15 15:38:28 INFO  SchedulerNode:153 - Assigned container container_1571153806335_0001_01_000005 of capacity <memory:4096, vCores:1> on host nm:42052, which has 2 containers, <memory:6144, vCores:2> used and <memory:2048, vCores:6> available after allocation
nm_1        | 2019-10-15 15:38:45 INFO  MetricsSystemImpl:374 - Scheduled Metric snapshot period at 10 second(s).
datanode_3  | 2019-10-15 15:37:02,761 INFO server.RaftServerConfigKeys: raft.server.log.appender.install.snapshot.enabled = false (custom)
datanode_1  | 2019-10-15 15:37:03,161 INFO impl.FollowerState: 014be0fa-9c6a-4130-9a71-78af621263a8@group-F9DEE6DA16A2-FollowerState was interrupted: java.lang.InterruptedException: sleep interrupted
datanode_2  | 2019-10-15 15:37:01,795 INFO server.RaftServerConfigKeys: raft.server.retrycache.expirytime = 600000ms (custom)
rm_1        | 2019-10-15 15:38:28 INFO  LeafQueue:1558 - assignedContainer application attempt=appattempt_1571153806335_0001_000001 container=Container: [ContainerId: container_1571153806335_0001_01_000005, NodeId: nm:42052, NodeHttpAddress: nm:8042, Resource: <memory:4096, vCores:1>, Priority: 10, Token: null, ] queue=default: capacity=1.0, absoluteCapacity=1.0, usedResources=<memory:2048, vCores:1>, usedCapacity=0.25, absoluteUsedCapacity=0.25, numApps=1, numContainers=1 clusterResource=<memory:8192, vCores:8> type=OFF_SWITCH requestedPartition=
datanode_3  | 2019-10-15 15:37:02,766 INFO impl.RoleInfo: fb6de3e6-5b5c-4f9f-9e7f-364067240201: start LeaderState
nm_1        | 2019-10-15 15:38:45 INFO  MetricsSystemImpl:191 - XceiverClientMetrics metrics system started
datanode_1  | 2019-10-15 15:37:03,190 INFO server.GrpcServerProtocolService: 014be0fa-9c6a-4130-9a71-78af621263a8: Completed APPEND_ENTRIES, lastRequest: fb6de3e6-5b5c-4f9f-9e7f-364067240201->014be0fa-9c6a-4130-9a71-78af621263a8#0-t8, previous=(t:0, i:0), leaderCommit=-1, initializing? false, entries: <empty>
datanode_2  | 2019-10-15 15:37:01,795 INFO impl.RoleInfo: ed1da9e1-d88a-43e0-ae53-8d0d69db0b86: start LeaderElection
rm_1        | 2019-10-15 15:38:28 INFO  ParentQueue:523 - Re-sorting assigned queue: root.default stats: default: capacity=1.0, absoluteCapacity=1.0, usedResources=<memory:6144, vCores:2>, usedCapacity=0.75, absoluteUsedCapacity=0.75, numApps=1, numContainers=2
nm_1        | 2019-10-15 15:38:45 WARN  MBeans:105 - Failed to register MBean "Hadoop:service=XceiverClientMetrics,name=UgiMetrics": Instance already exists.
datanode_3  | 2019-10-15 15:37:02,766 INFO segmented.SegmentedRaftLogWorker: fb6de3e6-5b5c-4f9f-9e7f-364067240201@group-F9DEE6DA16A2-SegmentedRaftLogWorker: Starting segment from index:0
datanode_2  | 2019-10-15 15:37:01,799 INFO impl.RaftServerImpl: ed1da9e1-d88a-43e0-ae53-8d0d69db0b86@group-3FDF8B7319D7: start as a follower, conf=-1: [014be0fa-9c6a-4130-9a71-78af621263a8:172.18.0.4:9858, fb6de3e6-5b5c-4f9f-9e7f-364067240201:172.18.0.7:9858, ed1da9e1-d88a-43e0-ae53-8d0d69db0b86:172.18.0.8:9858], old=null
rm_1        | 2019-10-15 15:38:28 INFO  ParentQueue:420 - assignedContainer queue=root usedCapacity=0.75 absoluteUsedCapacity=0.75 used=<memory:6144, vCores:2> cluster=<memory:8192, vCores:8>
nm_1        | 2019-10-15 15:38:45 WARN  MBeans:105 - Failed to register MBean "Hadoop:service=XceiverClientMetrics,name=MetricsSystem,sub=Control": Instance already exists.
datanode_3  | 2019-10-15 15:37:02,767 INFO impl.RaftServerImpl: fb6de3e6-5b5c-4f9f-9e7f-364067240201@group-F9DEE6DA16A2: set configuration 0: [014be0fa-9c6a-4130-9a71-78af621263a8:172.18.0.4:9858, fb6de3e6-5b5c-4f9f-9e7f-364067240201:172.18.0.7:9858, ed1da9e1-d88a-43e0-ae53-8d0d69db0b86:172.18.0.8:9858], old=null at 0
datanode_2  | 2019-10-15 15:37:01,800 INFO impl.RaftServerImpl: ed1da9e1-d88a-43e0-ae53-8d0d69db0b86@group-3FDF8B7319D7: changes role from      null to FOLLOWER at term 0 for startAsFollower
datanode_1  | 2019-10-15 15:37:03,219 INFO impl.LeaderElection: 014be0fa-9c6a-4130-9a71-78af621263a8@group-3FDF8B7319D7-LeaderElection3: Election PASSED; received 1 response(s) [014be0fa-9c6a-4130-9a71-78af621263a8<-fb6de3e6-5b5c-4f9f-9e7f-364067240201#0:OK-t6] and 0 exception(s); 014be0fa-9c6a-4130-9a71-78af621263a8@group-3FDF8B7319D7:t6, leader=null, voted=014be0fa-9c6a-4130-9a71-78af621263a8, raftlog=014be0fa-9c6a-4130-9a71-78af621263a8@group-3FDF8B7319D7-SegmentedRaftLog:OPENED:c-1,f-1,i0, conf=-1: [014be0fa-9c6a-4130-9a71-78af621263a8:172.18.0.4:9858, fb6de3e6-5b5c-4f9f-9e7f-364067240201:172.18.0.7:9858, ed1da9e1-d88a-43e0-ae53-8d0d69db0b86:172.18.0.8:9858], old=null
rm_1        | 2019-10-15 15:38:28 INFO  RMContainerImpl:410 - container_1571153806335_0001_01_000005 Container Transitioned from ALLOCATED to ACQUIRED
nm_1        | 2019-10-15 15:38:45 INFO  LocalizedResource:203 - Resource o3fs://bucket1.vol1/user/hadoop/.staging/job_1571153806335_0002/job.splitmetainfo(->/tmp/hadoop-hadoop/nm-local-dir/usercache/hadoop/appcache/application_1571153806335_0002/filecache/10/job.splitmetainfo) transitioned from DOWNLOADING to LOCALIZED
datanode_3  | 2019-10-15 15:37:02,888 INFO impl.LeaderElection: fb6de3e6-5b5c-4f9f-9e7f-364067240201@group-3FDF8B7319D7-LeaderElection4: Election TIMEOUT; received 0 response(s) [] and 0 exception(s); fb6de3e6-5b5c-4f9f-9e7f-364067240201@group-3FDF8B7319D7:t4, leader=null, voted=fb6de3e6-5b5c-4f9f-9e7f-364067240201, raftlog=fb6de3e6-5b5c-4f9f-9e7f-364067240201@group-3FDF8B7319D7-SegmentedRaftLog:OPENED:c-1,f-1,i0, conf=-1: [014be0fa-9c6a-4130-9a71-78af621263a8:172.18.0.4:9858, fb6de3e6-5b5c-4f9f-9e7f-364067240201:172.18.0.7:9858, ed1da9e1-d88a-43e0-ae53-8d0d69db0b86:172.18.0.8:9858], old=null
datanode_2  | 2019-10-15 15:37:01,800 INFO impl.RoleInfo: ed1da9e1-d88a-43e0-ae53-8d0d69db0b86: start FollowerState
datanode_1  | 2019-10-15 15:37:03,219 INFO impl.RoleInfo: 014be0fa-9c6a-4130-9a71-78af621263a8: shutdown LeaderElection
rm_1        | 2019-10-15 15:38:29 INFO  RMContainerImpl:410 - container_1571153806335_0001_01_000005 Container Transitioned from ACQUIRED to RUNNING
nm_1        | 2019-10-15 15:38:46 INFO  LocalizedResource:203 - Resource o3fs://bucket1.vol1/user/hadoop/.staging/job_1571153806335_0002/job.jar(->/tmp/hadoop-hadoop/nm-local-dir/usercache/hadoop/appcache/application_1571153806335_0002/filecache/11/job.jar) transitioned from DOWNLOADING to LOCALIZED
datanode_3  | 2019-10-15 15:37:02,905 INFO segmented.SegmentedRaftLogWorker: fb6de3e6-5b5c-4f9f-9e7f-364067240201@group-F9DEE6DA16A2-SegmentedRaftLogWorker: created new log segment /data/metadata/ratis/29f19eb1-7d10-4105-a0ba-f9dee6da16a2/current/log_inprogress_0
datanode_2  | 2019-10-15 15:37:01,800 INFO util.JmxRegister: Successfully registered JMX Bean with object name Ratis:service=RaftServer,group=group-3FDF8B7319D7,id=ed1da9e1-d88a-43e0-ae53-8d0d69db0b86
datanode_1  | 2019-10-15 15:37:03,219 INFO impl.RaftServerImpl: 014be0fa-9c6a-4130-9a71-78af621263a8@group-3FDF8B7319D7: changes role from CANDIDATE to LEADER at term 6 for changeToLeader
rm_1        | 2019-10-15 15:38:29 INFO  AppSchedulingInfo:204 - checking for deactivate of application :application_1571153806335_0001
nm_1        | 2019-10-15 15:38:46 INFO  LocalizedResource:203 - Resource o3fs://bucket1.vol1/user/hadoop/.staging/job_1571153806335_0002/job.split(->/tmp/hadoop-hadoop/nm-local-dir/usercache/hadoop/appcache/application_1571153806335_0002/filecache/12/job.split) transitioned from DOWNLOADING to LOCALIZED
datanode_3  | 2019-10-15 15:37:02,905 INFO impl.LeaderElection: fb6de3e6-5b5c-4f9f-9e7f-364067240201@group-3FDF8B7319D7-LeaderElection4: begin an election at term 5 for -1: [014be0fa-9c6a-4130-9a71-78af621263a8:172.18.0.4:9858, fb6de3e6-5b5c-4f9f-9e7f-364067240201:172.18.0.7:9858, ed1da9e1-d88a-43e0-ae53-8d0d69db0b86:172.18.0.8:9858], old=null
datanode_2  | 2019-10-15 15:37:01,801 INFO impl.FollowerState: ed1da9e1-d88a-43e0-ae53-8d0d69db0b86@group-3FDF8B7319D7-FollowerState: change to CANDIDATE, lastRpcTime:1ms, electionTimeout:1ms
datanode_1  | 2019-10-15 15:37:03,219 INFO impl.RaftServerImpl: 014be0fa-9c6a-4130-9a71-78af621263a8@group-3FDF8B7319D7: change Leader from null to 014be0fa-9c6a-4130-9a71-78af621263a8 at term 6 for becomeLeader, leader elected after 1398ms
rm_1        | 2019-10-15 15:38:33 INFO  RMContainerImpl:410 - container_1571153806335_0001_01_000005 Container Transitioned from RUNNING to COMPLETED
datanode_3  | 2019-10-15 15:37:03,147 INFO impl.RaftServerImpl: fb6de3e6-5b5c-4f9f-9e7f-364067240201@group-F9DEE6DA16A2: change Leader from fb6de3e6-5b5c-4f9f-9e7f-364067240201 to null at term 9 for updateCurrentTerm
nm_1        | 2019-10-15 15:38:46 INFO  LocalizedResource:203 - Resource o3fs://bucket1.vol1/user/hadoop/.staging/job_1571153806335_0002/job.xml(->/tmp/hadoop-hadoop/nm-local-dir/usercache/hadoop/appcache/application_1571153806335_0002/filecache/13/job.xml) transitioned from DOWNLOADING to LOCALIZED
datanode_2  | 2019-10-15 15:37:01,801 INFO impl.RoleInfo: ed1da9e1-d88a-43e0-ae53-8d0d69db0b86: shutdown FollowerState
datanode_1  | 2019-10-15 15:37:03,220 INFO server.RaftServerConfigKeys: raft.server.staging.catchup.gap = 1000 (default)
rm_1        | 2019-10-15 15:38:33 INFO  FiCaSchedulerApp:113 - Completed container: container_1571153806335_0001_01_000005 in state: COMPLETED event:FINISHED
datanode_3  | 2019-10-15 15:37:03,148 INFO impl.RaftServerImpl: fb6de3e6-5b5c-4f9f-9e7f-364067240201@group-F9DEE6DA16A2: changes role from    LEADER to FOLLOWER at term 9 for recognizeCandidate:ed1da9e1-d88a-43e0-ae53-8d0d69db0b86
nm_1        | 2019-10-15 15:38:46 INFO  ContainerImpl:1135 - Container container_1571153806335_0002_01_000001 transitioned from LOCALIZING to LOCALIZED
datanode_2  | 2019-10-15 15:37:01,801 INFO impl.RaftServerImpl: ed1da9e1-d88a-43e0-ae53-8d0d69db0b86@group-3FDF8B7319D7: changes role from  FOLLOWER to CANDIDATE at term 0 for changeToCandidate
datanode_1  | 2019-10-15 15:37:03,220 INFO server.RaftServerConfigKeys: raft.server.rpc.sleep.time = 25ms (default)
rm_1        | 2019-10-15 15:38:33 INFO  RMAuditLogger:116 - USER=hadoop	OPERATION=AM Released Container	TARGET=SchedulerApp	RESULT=SUCCESS	APPID=application_1571153806335_0001	CONTAINERID=container_1571153806335_0001_01_000005
datanode_3  | 2019-10-15 15:37:03,148 INFO impl.RoleInfo: fb6de3e6-5b5c-4f9f-9e7f-364067240201: shutdown LeaderState
nm_1        | 2019-10-15 15:38:46 INFO  ContainerImpl:1135 - Container container_1571153806335_0002_01_000001 transitioned from LOCALIZED to RUNNING
datanode_2  | 2019-10-15 15:37:01,801 INFO impl.RoleInfo: ed1da9e1-d88a-43e0-ae53-8d0d69db0b86: start LeaderElection
datanode_1  | 2019-10-15 15:37:03,220 INFO server.RaftServerConfigKeys: raft.server.write.element-limit = 4096 (default)
rm_1        | 2019-10-15 15:38:33 INFO  SchedulerNode:216 - Released container container_1571153806335_0001_01_000005 of capacity <memory:4096, vCores:1> on host nm:42052, which currently has 1 containers, <memory:2048, vCores:1> used and <memory:6144, vCores:7> available, release resources=true
datanode_3  | 2019-10-15 15:37:03,149 WARN server.GrpcLogAppender: fb6de3e6-5b5c-4f9f-9e7f-364067240201@group-F9DEE6DA16A2->ed1da9e1-d88a-43e0-ae53-8d0d69db0b86-GrpcLogAppender: Wait interrupted by java.lang.InterruptedException
nm_1        | 2019-10-15 15:38:46 INFO  ContainersMonitorImpl:196 - Neither virutal-memory nor physical-memory monitoring is needed. Not running the monitor-thread
datanode_2  | 2019-10-15 15:37:01,815 INFO impl.LeaderElection: ed1da9e1-d88a-43e0-ae53-8d0d69db0b86@group-F9DEE6DA16A2-LeaderElection3: begin an election at term 2 for -1: [014be0fa-9c6a-4130-9a71-78af621263a8:172.18.0.4:9858, fb6de3e6-5b5c-4f9f-9e7f-364067240201:172.18.0.7:9858, ed1da9e1-d88a-43e0-ae53-8d0d69db0b86:172.18.0.8:9858], old=null
datanode_1  | 2019-10-15 15:37:03,220 INFO server.RaftServerConfigKeys: raft.server.watch.timeout = 10s (default)
nm_1        | 2019-10-15 15:38:46 INFO  DefaultContainerExecutor:268 - launchContainer: [bash, /tmp/hadoop-hadoop/nm-local-dir/usercache/hadoop/appcache/application_1571153806335_0002/container_1571153806335_0002_01_000001/default_container_executor.sh]
datanode_1  | 2019-10-15 15:37:03,220 INFO server.RaftServerConfigKeys: raft.server.watch.timeout.denomination = 1s (default)
rm_1        | 2019-10-15 15:38:33 INFO  LeafQueue:1712 - default used=<memory:2048, vCores:1> numContainers=1 user=hadoop user-resources=<memory:2048, vCores:1>
datanode_3  | 2019-10-15 15:37:03,150 INFO impl.PendingRequests: fb6de3e6-5b5c-4f9f-9e7f-364067240201@group-F9DEE6DA16A2-PendingRequests: sendNotLeaderResponses
nm_1        | 2019-10-15 15:39:02 INFO  Server:1454 - Auth successful for appattempt_1571153806335_0002_000001 (auth:SIMPLE)
datanode_1  | 2019-10-15 15:37:03,220 INFO server.RaftServerConfigKeys: raft.server.watch.element-limit = 65536 (default)
datanode_2  | 2019-10-15 15:37:01,819 INFO impl.LeaderElection: ed1da9e1-d88a-43e0-ae53-8d0d69db0b86@group-3FDF8B7319D7-LeaderElection4: begin an election at term 1 for -1: [014be0fa-9c6a-4130-9a71-78af621263a8:172.18.0.4:9858, fb6de3e6-5b5c-4f9f-9e7f-364067240201:172.18.0.7:9858, ed1da9e1-d88a-43e0-ae53-8d0d69db0b86:172.18.0.8:9858], old=null
