om_1        | STARTUP_MSG:   classpath = /etc/hadoop:/opt/hadoop/share/hadoop/common/*:/opt/hadoop/share/ozone/lib/ratis-common-0.5.0-201fc85-SNAPSHOT.jar:/opt/hadoop/share/ozone/lib/ratis-grpc-0.5.0-201fc85-SNAPSHOT.jar:/opt/hadoop/share/ozone/lib/kerb-simplekdc-1.0.1.jar:/opt/hadoop/share/ozone/lib/protobuf-java-2.5.0.jar:/opt/hadoop/share/ozone/lib/bcpkix-jdk15on-1.60.jar:/opt/hadoop/share/ozone/lib/sqlite-jdbc-3.25.2.jar:/opt/hadoop/share/ozone/lib/netty-3.10.5.Final.jar:/opt/hadoop/share/ozone/lib/commons-validator-1.6.jar:/opt/hadoop/share/ozone/lib/jaxb-impl-2.3.0.1.jar:/opt/hadoop/share/ozone/lib/kerb-core-1.0.1.jar:/opt/hadoop/share/ozone/lib/hadoop-ozone-common-0.5.0-SNAPSHOT.jar:/opt/hadoop/share/ozone/lib/ratis-thirdparty-misc-0.2.0.jar:/opt/hadoop/share/ozone/lib/jsr305-3.0.0.jar:/opt/hadoop/share/ozone/lib/leveldbjni-all-1.8.jar:/opt/hadoop/share/ozone/lib/ratis-proto-0.5.0-201fc85-SNAPSHOT.jar:/opt/hadoop/share/ozone/lib/htrace-core4-4.1.0-incubating.jar:/opt/hadoop/share/ozone/lib/hadoop-annotations-3.2.0.jar:/opt/hadoop/share/ozone/lib/hadoop-hdds-tools-0.5.0-SNAPSHOT.jar:/opt/hadoop/share/ozone/lib/kerb-util-1.0.1.jar:/opt/hadoop/share/ozone/lib/dropwizard-metrics-hadoop-metrics2-reporter-0.1.2.jar:/opt/hadoop/share/ozone/lib/jackson-jaxrs-1.9.13.jar:/opt/hadoop/share/ozone/lib/ratis-metrics-0.5.0-201fc85-SNAPSHOT.jar:/opt/hadoop/share/ozone/lib/kerby-xdr-1.0.1.jar:/opt/hadoop/share/ozone/lib/jetty-webapp-9.3.25.v20180904.jar:/opt/hadoop/share/ozone/lib/jackson-core-asl-1.9.13.jar:/opt/hadoop/share/ozone/lib/commons-net-3.6.jar:/opt/hadoop/share/ozone/lib/log4j-api-2.11.0.jar:/opt/hadoop/share/ozone/lib/netty-all-4.0.52.Final.jar:/opt/hadoop/share/ozone/lib/hadoop-hdfs-3.2.0.jar:/opt/hadoop/share/ozone/lib/jline-0.9.94.jar:/opt/hadoop/share/ozone/lib/opentracing-api-0.31.0.jar:/opt/hadoop/share/ozone/lib/hadoop-hdds-server-framework-0.5.0-SNAPSHOT.jar:/opt/hadoop/share/ozone/lib/slf4j-log4j12-1.7.25.jar:/opt/hadoop/share/ozone/lib/hadoop-hdfs-client-3.2.0.jar:/opt/hadoop/share/ozone/lib/kerby-config-1.0.1.jar:/opt/hadoop/share/ozone/lib/jetty-util-9.3.25.v20180904.jar:/opt/hadoop/share/ozone/lib/metrics-ganglia-3.2.5.jar:/opt/hadoop/share/ozone/lib/libthrift-0.12.0.jar:/opt/hadoop/share/ozone/lib/metrics-core-3.2.4.jar:/opt/hadoop/share/ozone/lib/kerby-pkix-1.0.1.jar:/opt/hadoop/share/ozone/lib/xz-1.0.jar:/opt/hadoop/share/ozone/lib/hadoop-hdds-config-0.5.0-SNAPSHOT.jar:/opt/hadoop/share/ozone/lib/nimbus-jose-jwt-4.41.1.jar:/opt/hadoop/share/ozone/lib/jsr311-api-1.1.1.jar:/opt/hadoop/share/ozone/lib/commons-beanutils-1.9.4.jar:/opt/hadoop/share/ozone/lib/javax.servlet-api-3.1.0.jar:/opt/hadoop/share/ozone/lib/kerb-server-1.0.1.jar:/opt/hadoop/share/ozone/lib/zookeeper-3.4.13.jar:/opt/hadoop/share/ozone/lib/avro-1.7.7.jar:/opt/hadoop/share/ozone/lib/kerb-client-1.0.1.jar:/opt/hadoop/share/ozone/lib/jackson-xc-1.9.13.jar:/opt/hadoop/share/ozone/lib/disruptor-3.4.2.jar:/opt/hadoop/share/ozone/lib/guava-11.0.2.jar:/opt/hadoop/share/ozone/lib/hadoop-hdds-common-0.5.0-SNAPSHOT.jar:/opt/hadoop/share/ozone/lib/curator-framework-2.12.0.jar:/opt/hadoop/share/ozone/lib/dnsjava-2.1.7.jar:/opt/hadoop/share/ozone/lib/ratis-client-0.5.0-201fc85-SNAPSHOT.jar:/opt/hadoop/share/ozone/lib/commons-configuration2-2.1.1.jar:/opt/hadoop/share/ozone/lib/json-smart-2.3.jar:/opt/hadoop/share/ozone/lib/token-provider-1.0.1.jar:/opt/hadoop/share/ozone/lib/log4j-1.2.17.jar:/opt/hadoop/share/ozone/lib/commons-daemon-1.0.13.jar:/opt/hadoop/share/ozone/lib/bcprov-jdk15on-1.60.jar:/opt/hadoop/share/ozone/lib/commons-lang3-3.7.jar:/opt/hadoop/share/ozone/lib/commons-compress-1.4.1.jar:/opt/hadoop/share/ozone/lib/jaeger-client-0.34.0.jar:/opt/hadoop/share/ozone/lib/jetty-server-9.3.25.v20180904.jar:/opt/hadoop/share/ozone/lib/accessors-smart-1.2.jar:/opt/hadoop/share/ozone/lib/re2j-1.1.jar:/opt/hadoop/share/ozone/lib/curator-recipes-2.12.0.jar:/opt/hadoop/share/ozone/lib/jackson-core-2.9.9.jar:/opt/hadoop/share/ozone/lib/commons-math3-3.1.1.jar:/opt/hadoop/share/ozone/lib/gmetric4j-1.0.7.jar:/opt/hadoop/share/ozone/lib/opentracing-noop-0.31.0.jar:/opt/hadoop/share/ozone/lib/httpclient-4.5.2.jar:/opt/hadoop/share/ozone/lib/jaeger-core-0.34.0.jar:/opt/hadoop/share/ozone/lib/asm-5.0.4.jar:/opt/hadoop/share/ozone/lib/curator-client-2.12.0.jar:/opt/hadoop/share/ozone/lib/audience-annotations-0.5.0.jar:/opt/hadoop/share/ozone/lib/kerby-util-1.0.1.jar:/opt/hadoop/share/ozone/lib/jackson-mapper-asl-1.9.13.jar:/opt/hadoop/share/ozone/lib/rocksdbjni-6.0.1.jar:/opt/hadoop/share/ozone/lib/jsp-api-2.1.jar:/opt/hadoop/share/ozone/lib/jsch-0.1.54.jar:/opt/hadoop/share/ozone/lib/opentracing-tracerresolver-0.1.5.jar:/opt/hadoop/share/ozone/lib/paranamer-2.3.jar:/opt/hadoop/share/ozone/lib/log4j-core-2.11.0.jar:/opt/hadoop/share/ozone/lib/jetty-io-9.3.25.v20180904.jar:/opt/hadoop/share/ozone/lib/jetty-xml-9.3.25.v20180904.jar:/opt/hadoop/share/ozone/lib/commons-codec-1.11.jar:/opt/hadoop/share/ozone/lib/commons-pool2-2.6.0.jar:/opt/hadoop/share/ozone/lib/gson-2.2.4.jar:/opt/hadoop/share/ozone/lib/jcip-annotations-1.0-1.jar:/opt/hadoop/share/ozone/lib/kerb-admin-1.0.1.jar:/opt/hadoop/share/ozone/lib/okio-1.13.0.jar:/opt/hadoop/share/ozone/lib/commons-io-2.5.jar:/opt/hadoop/share/ozone/lib/snakeyaml-1.16.jar:/opt/hadoop/share/ozone/lib/hadoop-ozone-client-0.5.0-SNAPSHOT.jar:/opt/hadoop/share/ozone/lib/ratis-netty-0.5.0-201fc85-SNAPSHOT.jar:/opt/hadoop/share/ozone/lib/jersey-core-1.19.jar:/opt/hadoop/share/ozone/lib/jackson-databind-2.9.9.jar:/opt/hadoop/share/ozone/lib/hadoop-hdds-container-service-0.5.0-SNAPSHOT.jar:/opt/hadoop/share/ozone/lib/picocli-3.9.6.jar:/opt/hadoop/share/ozone/lib/jaeger-thrift-0.34.0.jar:/opt/hadoop/share/ozone/lib/jackson-annotations-2.9.9.jar:/opt/hadoop/share/ozone/lib/commons-cli-1.2.jar:/opt/hadoop/share/ozone/lib/hadoop-hdds-docs-0.5.0-SNAPSHOT.jar:/opt/hadoop/share/ozone/lib/woodstox-core-5.0.3.jar:/opt/hadoop/share/ozone/lib/javax.annotation-api-1.2.jar:/opt/hadoop/share/ozone/lib/snappy-java-1.0.5.jar:/opt/hadoop/share/ozone/lib/jaeger-tracerresolver-0.34.0.jar:/opt/hadoop/share/ozone/lib/jetty-security-9.3.25.v20180904.jar:/opt/hadoop/share/ozone/lib/jetty-http-9.3.25.v20180904.jar:/opt/hadoop/share/ozone/lib/kerby-asn1-1.0.1.jar:/opt/hadoop/share/ozone/lib/okhttp-3.9.0.jar:/opt/hadoop/share/ozone/lib/ratis-server-0.5.0-201fc85-SNAPSHOT.jar:/opt/hadoop/share/ozone/lib/stax2-api-3.1.4.jar:/opt/hadoop/share/ozone/lib/commons-digester-1.8.1.jar:/opt/hadoop/share/ozone/lib/commons-collections-3.2.2.jar:/opt/hadoop/share/ozone/lib/jettison-1.1.jar:/opt/hadoop/share/ozone/lib/commons-text-1.4.jar:/opt/hadoop/share/ozone/lib/jersey-servlet-1.19.jar:/opt/hadoop/share/ozone/lib/jersey-json-1.19.jar:/opt/hadoop/share/ozone/lib/slf4j-api-1.7.25.jar:/opt/hadoop/share/ozone/lib/jetty-util-ajax-9.3.25.v20180904.jar:/opt/hadoop/share/ozone/lib/commons-logging-1.1.3.jar:/opt/hadoop/share/ozone/lib/hadoop-hdds-client-0.5.0-SNAPSHOT.jar:/opt/hadoop/share/ozone/lib/kerb-identity-1.0.1.jar:/opt/hadoop/share/ozone/lib/opentracing-util-0.31.0.jar:/opt/hadoop/share/ozone/lib/hadoop-common-3.2.0.jar:/opt/hadoop/share/ozone/lib/hadoop-auth-3.2.0.jar:/opt/hadoop/share/ozone/lib/kerb-common-1.0.1.jar:/opt/hadoop/share/ozone/lib/jetty-servlet-9.3.25.v20180904.jar:/opt/hadoop/share/ozone/lib/jersey-server-1.19.jar:/opt/hadoop/share/ozone/lib/kerb-crypto-1.0.1.jar:/opt/hadoop/share/ozone/lib/httpcore-4.4.4.jar:/opt/hadoop/share/ozone/lib/metrics-jvm-3.2.5.jar:/opt/hadoop/share/ozone/web:/opt/hadoop/share/ozone/lib/hadoop-ozone-ozone-manager-0.5.0-SNAPSHOT.jar
datanode_2  | 2019-10-11 16:07:07,193 INFO http.HttpServer2: Added global filter 'safety' (class=org.apache.hadoop.http.HttpServer2$QuotingInputFilter)
rm_1        | 2019-10-11 16:07:04 INFO  RMContainerTokenSecretManager:77 - ContainerTokenKeyRollingInterval: 86400000ms and ContainerTokenKeyActivationDelay: 900000ms
datanode_1  | 2019-10-11 16:07:06,864 INFO http.HttpServer2: Added filter static_user_filter (class=org.apache.hadoop.http.lib.StaticUserWebFilter$StaticUserFilter) to context static
scm_1       | 2019-10-11 16:07:05,947 INFO db.DBStoreBuilder: using custom profile for table: revokedCerts
nm_1        | 2019-10-11 16:07:05 INFO  AsyncDispatcher:209 - Registering class org.apache.hadoop.yarn.server.nodemanager.containermanager.application.ApplicationEventType for class org.apache.hadoop.yarn.server.nodemanager.containermanager.ContainerManagerImpl$ApplicationEventDispatcher
datanode_3  | 2019-10-11 16:07:09,712 INFO impl.RaftServerProxy: 1dc9fdb9-98ed-4560-a4dc-8b9d8e7cc509: start RPC server
om_1        | STARTUP_MSG:   build = https://github.com/apache/hadoop.git -r e97acb3bd8f3befd27418996fa5d4b50bf2e17bf; compiled by 'sunilg' on 2019-01-15T17:34Z
datanode_2  | 2019-10-11 16:07:07,195 INFO http.HttpServer2: Added filter static_user_filter (class=org.apache.hadoop.http.lib.StaticUserWebFilter$StaticUserFilter) to context hddsDatanode
rm_1        | 2019-10-11 16:07:04 INFO  AMRMTokenSecretManager:94 - AMRMTokenKeyRollingInterval: 86400000ms and AMRMTokenKeyActivationDelay: 900000 ms
datanode_1  | 2019-10-11 16:07:06,897 INFO http.HttpServer2: Jetty bound to port 9882
scm_1       | 2019-10-11 16:07:05,947 INFO db.DBStoreBuilder: Using default column profile:DBProfile.DISK for Table:revokedCerts
nm_1        | 2019-10-11 16:07:05 INFO  AsyncDispatcher:209 - Registering class org.apache.hadoop.yarn.server.nodemanager.containermanager.localizer.event.LocalizationEventType for class org.apache.hadoop.yarn.server.nodemanager.containermanager.localizer.ResourceLocalizationService
datanode_3  | 2019-10-11 16:07:09,815 INFO server.GrpcService: 1dc9fdb9-98ed-4560-a4dc-8b9d8e7cc509: GrpcService started, listening on 0.0.0.0/0.0.0.0:9858
om_1        | STARTUP_MSG:   java = 11.0.3
datanode_2  | 2019-10-11 16:07:07,195 INFO http.HttpServer2: Added filter static_user_filter (class=org.apache.hadoop.http.lib.StaticUserWebFilter$StaticUserFilter) to context logs
rm_1        | 2019-10-11 16:07:04 INFO  AsyncDispatcher:209 - Registering class org.apache.hadoop.yarn.server.resourcemanager.recovery.RMStateStoreEventType for class org.apache.hadoop.yarn.server.resourcemanager.recovery.RMStateStore$ForwardingEventHandler
datanode_1  | 2019-10-11 16:07:06,899 INFO server.Server: jetty-9.3.25.v20180904, build timestamp: 2018-09-04T21:11:46Z, git hash: 3ce520221d0240229c862b122d2b06c12a625732
scm_1       | 2019-10-11 16:07:05,963 INFO db.DBStoreBuilder: using custom profile for table: default
nm_1        | 2019-10-11 16:07:05 INFO  AsyncDispatcher:209 - Registering class org.apache.hadoop.yarn.server.nodemanager.containermanager.AuxServicesEventType for class org.apache.hadoop.yarn.server.nodemanager.containermanager.AuxServices
datanode_3  | WARNING: An illegal reflective access operation has occurred
om_1        | ************************************************************/
datanode_2  | 2019-10-11 16:07:07,195 INFO http.HttpServer2: Added filter static_user_filter (class=org.apache.hadoop.http.lib.StaticUserWebFilter$StaticUserFilter) to context static
rm_1        | 2019-10-11 16:07:04 INFO  AsyncDispatcher:209 - Registering class org.apache.hadoop.yarn.server.resourcemanager.NodesListManagerEventType for class org.apache.hadoop.yarn.server.resourcemanager.NodesListManager
scm_1       | 2019-10-11 16:07:05,963 INFO db.DBStoreBuilder: Using default column profile:DBProfile.DISK for Table:default
datanode_1  | 2019-10-11 16:07:06,932 INFO handler.ContextHandler: Started o.e.j.s.ServletContextHandler@6f94fb9d{/logs,file:///var/log/hadoop/,AVAILABLE}
nm_1        | 2019-10-11 16:07:05 INFO  AsyncDispatcher:209 - Registering class org.apache.hadoop.yarn.server.nodemanager.containermanager.monitor.ContainersMonitorEventType for class org.apache.hadoop.yarn.server.nodemanager.containermanager.monitor.ContainersMonitorImpl
datanode_3  | WARNING: Illegal reflective access by org.apache.ratis.thirdparty.com.google.protobuf.UnsafeUtil (file:/opt/hadoop/share/ozone/lib/ratis-thirdparty-misc-0.2.0.jar) to field java.nio.Buffer.address
om_1        | 2019-10-11 16:07:11,847 [main] INFO       - registered UNIX signal handlers for [TERM, HUP, INT]
datanode_2  | 2019-10-11 16:07:07,235 INFO http.HttpServer2: Jetty bound to port 9882
rm_1        | 2019-10-11 16:07:04 INFO  ResourceManager:293 - Using Scheduler: org.apache.hadoop.yarn.server.resourcemanager.scheduler.capacity.CapacityScheduler
scm_1       | 2019-10-11 16:07:05,965 INFO db.DBStoreBuilder: Using default options. DBProfile.DISK
datanode_1  | 2019-10-11 16:07:06,934 INFO handler.ContextHandler: Started o.e.j.s.ServletContextHandler@44cffc25{/static,jar:file:/opt/hadoop/share/ozone/lib/hadoop-hdds-container-service-0.5.0-SNAPSHOT.jar!/webapps/static,AVAILABLE}
nm_1        | 2019-10-11 16:07:05 INFO  AsyncDispatcher:209 - Registering class org.apache.hadoop.yarn.server.nodemanager.containermanager.launcher.ContainersLauncherEventType for class org.apache.hadoop.yarn.server.nodemanager.containermanager.launcher.ContainersLauncher
datanode_3  | WARNING: Please consider reporting this to the maintainers of org.apache.ratis.thirdparty.com.google.protobuf.UnsafeUtil
om_1        | 2019-10-11 16:07:12,831 [main] INFO       - Configuration either no ozone.om.address set. Falling back to the default OM address om/172.18.0.3:9862
datanode_2  | 2019-10-11 16:07:07,237 INFO server.Server: jetty-9.3.25.v20180904, build timestamp: 2018-09-04T21:11:46Z, git hash: 3ce520221d0240229c862b122d2b06c12a625732
rm_1        | 2019-10-11 16:07:04 INFO  AsyncDispatcher:209 - Registering class org.apache.hadoop.yarn.server.resourcemanager.scheduler.event.SchedulerEventType for class org.apache.hadoop.yarn.server.resourcemanager.ResourceManager$SchedulerEventDispatcher
scm_1       | 2019-10-11 16:07:06,266 INFO net.NodeSchemaLoader: Loading file from java.lang.CompoundEnumeration@51c693d
datanode_1  | 2019-10-11 16:07:07,041 INFO handler.ContextHandler: Started o.e.j.w.WebAppContext@9b9a327{/,file:///tmp/jetty-0.0.0.0-9882-hddsDatanode-_-any-14903815746403827331.dir/webapp/,AVAILABLE}{/hddsDatanode}
nm_1        | 2019-10-11 16:07:05 INFO  AsyncDispatcher:209 - Registering class org.apache.hadoop.yarn.server.nodemanager.ContainerManagerEventType for class org.apache.hadoop.yarn.server.nodemanager.containermanager.ContainerManagerImpl
datanode_3  | WARNING: Use --illegal-access=warn to enable warnings of further illegal reflective access operations
datanode_2  | 2019-10-11 16:07:07,282 INFO handler.ContextHandler: Started o.e.j.s.ServletContextHandler@6f94fb9d{/logs,file:///var/log/hadoop/,AVAILABLE}
om_1        | 2019-10-11 16:07:12,831 [main] INFO       - OM Service ID is not set. Setting it to the default ID: omServiceIdDefault
rm_1        | 2019-10-11 16:07:04 INFO  AsyncDispatcher:209 - Registering class org.apache.hadoop.yarn.server.resourcemanager.rmapp.RMAppEventType for class org.apache.hadoop.yarn.server.resourcemanager.ResourceManager$ApplicationEventDispatcher
scm_1       | 2019-10-11 16:07:06,270 INFO net.NodeSchemaLoader: Loading network topology layer schema file
datanode_1  | 2019-10-11 16:07:07,051 INFO server.AbstractConnector: Started ServerConnector@431a1e5c{HTTP/1.1,[http/1.1]}{0.0.0.0:9882}
nm_1        | 2019-10-11 16:07:05 INFO  AsyncDispatcher:209 - Registering class org.apache.hadoop.yarn.server.nodemanager.NodeManagerEventType for class org.apache.hadoop.yarn.server.nodemanager.NodeManager
datanode_3  | WARNING: All illegal access operations will be denied in a future release
datanode_2  | 2019-10-11 16:07:07,283 INFO handler.ContextHandler: Started o.e.j.s.ServletContextHandler@44cffc25{/static,jar:file:/opt/hadoop/share/ozone/lib/hadoop-hdds-container-service-0.5.0-SNAPSHOT.jar!/webapps/static,AVAILABLE}
om_1        | 2019-10-11 16:07:12,836 WARN server.ServerUtils: ozone.om.db.dirs is not configured. We recommend adding this setting. Falling back to ozone.metadata.dirs instead.
scm_1       | 2019-10-11 16:07:06,370 INFO node.SCMNodeManager: Entering startup safe mode.
datanode_1  | 2019-10-11 16:07:07,051 INFO server.Server: Started @3869ms
rm_1        | 2019-10-11 16:07:04 INFO  AsyncDispatcher:209 - Registering class org.apache.hadoop.yarn.server.resourcemanager.rmapp.attempt.RMAppAttemptEventType for class org.apache.hadoop.yarn.server.resourcemanager.ResourceManager$ApplicationAttemptEventDispatcher
datanode_3  | 2019-10-11 16:07:12,582 INFO impl.RaftServerProxy: 1dc9fdb9-98ed-4560-a4dc-8b9d8e7cc509: addNew group-FB9A3CF2AE89:[1dc9fdb9-98ed-4560-a4dc-8b9d8e7cc509:172.18.0.9:9858] returns group-FB9A3CF2AE89:java.util.concurrent.CompletableFuture@6792409[Not completed]
datanode_2  | 2019-10-11 16:07:07,386 INFO handler.ContextHandler: Started o.e.j.w.WebAppContext@9b9a327{/,file:///tmp/jetty-0.0.0.0-9882-hddsDatanode-_-any-2004842380939141352.dir/webapp/,AVAILABLE}{/hddsDatanode}
nm_1        | 2019-10-11 16:07:05 INFO  MetricsConfig:112 - loaded properties from hadoop-metrics2.properties
om_1        | 2019-10-11 16:07:12,846 WARN server.ServerUtils: ozone.om.db.dirs is not configured. We recommend adding this setting. Falling back to ozone.metadata.dirs instead.
scm_1       | 2019-10-11 16:07:06,499 INFO algorithms.ContainerPlacementPolicyFactory: Create container placement policy of type org.apache.hadoop.hdds.scm.container.placement.algorithms.SCMContainerPlacementRandom
datanode_1  | 2019-10-11 16:07:07,055 INFO impl.MetricsSinkAdapter: Sink prometheus started
rm_1        | 2019-10-11 16:07:04 INFO  AsyncDispatcher:209 - Registering class org.apache.hadoop.yarn.server.resourcemanager.rmnode.RMNodeEventType for class org.apache.hadoop.yarn.server.resourcemanager.ResourceManager$NodeEventDispatcher
datanode_3  | 2019-10-11 16:07:12,598 INFO impl.RaftServerImpl: 1dc9fdb9-98ed-4560-a4dc-8b9d8e7cc509: new RaftServerImpl for group-FB9A3CF2AE89:[1dc9fdb9-98ed-4560-a4dc-8b9d8e7cc509:172.18.0.9:9858] with ContainerStateMachine:uninitialized
datanode_2  | 2019-10-11 16:07:07,393 INFO server.AbstractConnector: Started ServerConnector@5a75ec37{HTTP/1.1,[http/1.1]}{0.0.0.0:9882}
nm_1        | 2019-10-11 16:07:05 INFO  MetricsSystemImpl:376 - Scheduled snapshot period at 10 second(s).
om_1        | 2019-10-11 16:07:13,574 WARN server.ServerUtils: ozone.om.db.dirs is not configured. We recommend adding this setting. Falling back to ozone.metadata.dirs instead.
scm_1       | 2019-10-11 16:07:06,513 WARN server.ServerUtils: ozone.scm.db.dirs is not configured. We recommend adding this setting. Falling back to ozone.metadata.dirs instead.
datanode_1  | 2019-10-11 16:07:07,055 INFO impl.MetricsSystemImpl: Registered sink prometheus
datanode_3  | 2019-10-11 16:07:12,599 INFO server.RaftServerConfigKeys: raft.server.rpc.timeout.min = 5s (custom)
datanode_2  | 2019-10-11 16:07:07,395 INFO server.Server: Started @4002ms
rm_1        | 2019-10-11 16:07:04 INFO  MetricsConfig:112 - loaded properties from hadoop-metrics2.properties
om_1        | 2019-10-11 16:07:13,596 INFO util.log: Logging initialized @2574ms
scm_1       | 2019-10-11 16:07:06,564 INFO pipeline.SCMPipelineManager: No pipeline exists in current db
nm_1        | 2019-10-11 16:07:05 INFO  MetricsSystemImpl:192 - NodeManager metrics system started
datanode_1  | 2019-10-11 16:07:07,056 INFO server.BaseHttpServer: HTTP server of HDDSDATANODE is listening at http://0.0.0.0:9882
datanode_3  | 2019-10-11 16:07:12,600 INFO server.RaftServerConfigKeys: raft.server.rpc.timeout.max = 5200ms (custom)
datanode_2  | 2019-10-11 16:07:07,397 INFO impl.MetricsSinkAdapter: Sink prometheus started
rm_1        | 2019-10-11 16:07:04 INFO  MetricsSystemImpl:376 - Scheduled snapshot period at 10 second(s).
om_1        | 2019-10-11 16:07:13,687 INFO db.DBStoreBuilder: using custom profile for table: userTable
scm_1       | 2019-10-11 16:07:06,567 WARN server.ServerUtils: ozone.scm.db.dirs is not configured. We recommend adding this setting. Falling back to ozone.metadata.dirs instead.
nm_1        | 2019-10-11 16:07:05 INFO  AsyncDispatcher:209 - Registering class org.apache.hadoop.yarn.server.nodemanager.containermanager.loghandler.event.LogHandlerEventType for class org.apache.hadoop.yarn.server.nodemanager.containermanager.loghandler.NonAggregatingLogHandler
datanode_1  | 2019-10-11 16:07:07,071 INFO util.JvmPauseMonitor: Starting JVM pause monitor
datanode_3  | 2019-10-11 16:07:12,600 INFO server.RaftServerConfigKeys: raft.server.rpcslowness.timeout = 120s (custom)
datanode_2  | 2019-10-11 16:07:07,397 INFO impl.MetricsSystemImpl: Registered sink prometheus
rm_1        | 2019-10-11 16:07:04 INFO  MetricsSystemImpl:192 - ResourceManager metrics system started
om_1        | 2019-10-11 16:07:13,687 INFO db.DBStoreBuilder: Using default column profile:DBProfile.DISK for Table:userTable
scm_1       | 2019-10-11 16:07:06,636 WARN events.EventQueue: No event handler registered for event TypedEvent{payloadType=SafeModeStatus, name='SafeModeStatus'}
nm_1        | 2019-10-11 16:07:05 INFO  AsyncDispatcher:209 - Registering class org.apache.hadoop.yarn.server.nodemanager.containermanager.localizer.sharedcache.SharedCacheUploadEventType for class org.apache.hadoop.yarn.server.nodemanager.containermanager.localizer.sharedcache.SharedCacheUploadService
datanode_1  | 2019-10-11 16:07:07,295 [Datanode State Machine Thread - 0] INFO       - DatanodeDetails is persisted to /data/metadata/datanode.id
datanode_3  | 2019-10-11 16:07:12,601 INFO server.RaftServerConfigKeys: raft.server.sleep.deviation.threshold = 300 (default)
datanode_2  | 2019-10-11 16:07:07,401 INFO server.BaseHttpServer: HTTP server of HDDSDATANODE is listening at http://0.0.0.0:9882
rm_1        | 2019-10-11 16:07:04 INFO  AsyncDispatcher:209 - Registering class org.apache.hadoop.yarn.server.resourcemanager.RMAppManagerEventType for class org.apache.hadoop.yarn.server.resourcemanager.RMAppManager
om_1        | 2019-10-11 16:07:13,688 INFO db.DBStoreBuilder: using custom profile for table: volumeTable
scm_1       | 2019-10-11 16:07:07,374 INFO ipc.CallQueueManager: Using callQueue: class java.util.concurrent.LinkedBlockingQueue, queueCapacity: 1000, scheduler: class org.apache.hadoop.ipc.DefaultRpcScheduler, ipcBackoff: false.
nm_1        | 2019-10-11 16:07:05 INFO  ResourceLocalizationService:219 - per directory file limit = 8192
datanode_1  | 2019-10-11 16:07:09,356 [Datanode State Machine Thread - 0] INFO       - Attempting to start container services.
datanode_3  | 2019-10-11 16:07:12,601 INFO server.RaftServerConfigKeys: raft.server.log.appender.install.snapshot.enabled = false (custom)
datanode_2  | 2019-10-11 16:07:07,422 INFO util.JvmPauseMonitor: Starting JVM pause monitor
rm_1        | 2019-10-11 16:07:04 INFO  AsyncDispatcher:209 - Registering class org.apache.hadoop.yarn.server.resourcemanager.amlauncher.AMLauncherEventType for class org.apache.hadoop.yarn.server.resourcemanager.amlauncher.ApplicationMasterLauncher
om_1        | 2019-10-11 16:07:13,688 INFO db.DBStoreBuilder: Using default column profile:DBProfile.DISK for Table:volumeTable
scm_1       | 2019-10-11 16:07:07,403 INFO ipc.Server: Starting Socket Reader #1 for port 9861
nm_1        | 2019-10-11 16:07:05 INFO  AsyncDispatcher:209 - Registering class org.apache.hadoop.yarn.server.nodemanager.containermanager.localizer.event.LocalizerEventType for class org.apache.hadoop.yarn.server.nodemanager.containermanager.localizer.ResourceLocalizationService$LocalizerTracker
datanode_1  | 2019-10-11 16:07:09,359 [Datanode State Machine Thread - 0] INFO       - Background container scanner has been disabled.
datanode_3  | 2019-10-11 16:07:12,612 INFO impl.RaftServerImpl: 1dc9fdb9-98ed-4560-a4dc-8b9d8e7cc509@group-FB9A3CF2AE89: ConfigurationManager, init=-1: [1dc9fdb9-98ed-4560-a4dc-8b9d8e7cc509:172.18.0.9:9858], old=null, confs=<EMPTY_MAP>
datanode_2  | 2019-10-11 16:07:07,647 [Datanode State Machine Thread - 0] INFO       - DatanodeDetails is persisted to /data/metadata/datanode.id
rm_1        | 2019-10-11 16:07:04 INFO  RMNMInfo:63 - Registered RMNMInfo MBean
om_1        | 2019-10-11 16:07:13,688 INFO db.DBStoreBuilder: using custom profile for table: bucketTable
scm_1       | 2019-10-11 16:07:07,446 INFO ipc.CallQueueManager: Using callQueue: class java.util.concurrent.LinkedBlockingQueue, queueCapacity: 1000, scheduler: class org.apache.hadoop.ipc.DefaultRpcScheduler, ipcBackoff: false.
nm_1        | 2019-10-11 16:07:05 WARN  AuxServices:130 - The Auxilurary Service named 'mapreduce_shuffle' in the configuration is for class org.apache.hadoop.mapred.ShuffleHandler which has a name of 'httpshuffle'. Because these are not the same tools trying to send ServiceData and read Service Meta Data may have issues unless the refer to the name in the config.
datanode_1  | 2019-10-11 16:07:09,359 [Datanode State Machine Thread - 0] INFO       - Starting XceiverServerRatis 1ab6afe6-9ccd-427a-b980-49f25a551c6a at port 9858
datanode_3  | 2019-10-11 16:07:12,613 INFO server.RaftServerConfigKeys: raft.server.storage.dir = [/data/metadata/ratis] (custom)
datanode_2  | 2019-10-11 16:07:09,543 [Datanode State Machine Thread - 0] INFO       - Attempting to start container services.
rm_1        | 2019-10-11 16:07:04 INFO  YarnAuthorizationProvider:57 - org.apache.hadoop.yarn.security.ConfiguredYarnAuthorizer is instiantiated.
om_1        | 2019-10-11 16:07:13,688 INFO db.DBStoreBuilder: Using default column profile:DBProfile.DISK for Table:bucketTable
scm_1       | 2019-10-11 16:07:07,447 INFO ipc.Server: Starting Socket Reader #1 for port 9863
nm_1        | 2019-10-11 16:07:05 INFO  AuxServices:72 - Adding auxiliary service httpshuffle, "mapreduce_shuffle"
datanode_1  | 2019-10-11 16:07:09,378 INFO impl.RaftServerProxy: 1ab6afe6-9ccd-427a-b980-49f25a551c6a: start RPC server
datanode_3  | 2019-10-11 16:07:12,619 INFO server.RaftServerConfigKeys: raft.server.log.corruption.policy = EXCEPTION (default)
rm_1        | 2019-10-11 16:07:04 INFO  HostsFileReader:131 - Refreshing hosts (include/exclude) list
datanode_2  | 2019-10-11 16:07:09,546 [Datanode State Machine Thread - 0] INFO       - Background container scanner has been disabled.
om_1        | 2019-10-11 16:07:13,688 INFO db.DBStoreBuilder: using custom profile for table: keyTable
scm_1       | 2019-10-11 16:07:07,461 INFO ipc.CallQueueManager: Using callQueue: class java.util.concurrent.LinkedBlockingQueue, queueCapacity: 1000, scheduler: class org.apache.hadoop.ipc.DefaultRpcScheduler, ipcBackoff: false.
nm_1        | 2019-10-11 16:07:05 INFO  ContainersMonitorImpl:106 -  Using ResourceCalculatorPlugin : org.apache.hadoop.yarn.util.LinuxResourceCalculatorPlugin@264f218
datanode_1  | 2019-10-11 16:07:09,483 INFO server.GrpcService: 1ab6afe6-9ccd-427a-b980-49f25a551c6a: GrpcService started, listening on 0.0.0.0/0.0.0.0:9858
datanode_3  | 2019-10-11 16:07:12,621 INFO storage.RaftStorageDirectory: The storage directory /data/metadata/ratis/a0c2a828-cca2-4197-80d8-fb9a3cf2ae89 does not exist. Creating ...
rm_1        | 2019-10-11 16:07:04 INFO  Configuration:2427 - found resource capacity-scheduler.xml at file:/opt/hadoop/etc/hadoop/capacity-scheduler.xml
datanode_2  | 2019-10-11 16:07:09,546 [Datanode State Machine Thread - 0] INFO       - Starting XceiverServerRatis 9db1a0d7-dacf-43d6-8789-8f400bd544bf at port 9858
om_1        | 2019-10-11 16:07:13,688 INFO db.DBStoreBuilder: Using default column profile:DBProfile.DISK for Table:keyTable
scm_1       | 2019-10-11 16:07:07,462 INFO ipc.Server: Starting Socket Reader #1 for port 9860
nm_1        | 2019-10-11 16:07:05 INFO  ContainersMonitorImpl:111 -  Using ResourceCalculatorProcessTree : null
datanode_1  | WARNING: An illegal reflective access operation has occurred
datanode_3  | 2019-10-11 16:07:12,639 INFO storage.RaftStorageDirectory: Lock on /data/metadata/ratis/a0c2a828-cca2-4197-80d8-fb9a3cf2ae89/in_use.lock acquired by nodename 7@93660661481e
datanode_2  | 2019-10-11 16:07:09,564 INFO impl.RaftServerProxy: 9db1a0d7-dacf-43d6-8789-8f400bd544bf: start RPC server
om_1        | 2019-10-11 16:07:13,688 INFO db.DBStoreBuilder: using custom profile for table: deletedTable
rm_1        | 2019-10-11 16:07:04 INFO  CapacitySchedulerConfiguration:603 - max alloc mb per queue for root is undefined
scm_1       | 2019-10-11 16:07:07,492 INFO hdfs.DFSUtil: Starting Web-server for scm at: http://0.0.0.0:9876
nm_1        | 2019-10-11 16:07:05 INFO  ContainersMonitorImpl:151 - Physical memory check enabled: false
datanode_3  | 2019-10-11 16:07:12,650 INFO storage.RaftStorage: Storage directory /data/metadata/ratis/a0c2a828-cca2-4197-80d8-fb9a3cf2ae89 has been successfully formatted.
datanode_2  | 2019-10-11 16:07:09,674 INFO server.GrpcService: 9db1a0d7-dacf-43d6-8789-8f400bd544bf: GrpcService started, listening on 0.0.0.0/0.0.0.0:9858
datanode_1  | WARNING: Illegal reflective access by org.apache.ratis.thirdparty.com.google.protobuf.UnsafeUtil (file:/opt/hadoop/share/ozone/lib/ratis-thirdparty-misc-0.2.0.jar) to field java.nio.Buffer.address
om_1        | 2019-10-11 16:07:13,688 INFO db.DBStoreBuilder: Using default column profile:DBProfile.DISK for Table:deletedTable
rm_1        | 2019-10-11 16:07:04 INFO  CapacitySchedulerConfiguration:607 - max alloc vcore per queue for root is undefined
scm_1       | 2019-10-11 16:07:07,697 INFO server.AuthenticationFilter: Unable to initialize FileSignerSecretProvider, falling back to use random secrets.
nm_1        | 2019-10-11 16:07:05 INFO  ContainersMonitorImpl:152 - Virtual memory check enabled: false
datanode_3  | 2019-10-11 16:07:12,654 [pool-8-thread-1] INFO       - group-FB9A3CF2AE89: The snapshot info is null. Setting the last applied indexto:(t:0, i:~)
datanode_2  | WARNING: An illegal reflective access operation has occurred
om_1        | 2019-10-11 16:07:13,689 INFO db.DBStoreBuilder: using custom profile for table: openKeyTable
rm_1        | 2019-10-11 16:07:04 INFO  ParentQueue:121 - root, capacity=1.0, asboluteCapacity=1.0, maxCapacity=1.0, asboluteMaxCapacity=1.0, state=RUNNING, acls=SUBMIT_APP:*ADMINISTER_QUEUE:*, labels=*,
scm_1       | 2019-10-11 16:07:07,730 INFO http.HttpRequestLog: Http request log for http.requests.scm is not defined
datanode_1  | WARNING: Please consider reporting this to the maintainers of org.apache.ratis.thirdparty.com.google.protobuf.UnsafeUtil
nm_1        | 2019-10-11 16:07:05 INFO  NodeStatusUpdaterImpl:181 - Initialized nodemanager for null: physical-memory=8192 virtual-memory=17204 virtual-cores=8
datanode_3  | 2019-10-11 16:07:12,654 INFO server.RaftServerConfigKeys: raft.server.notification.no-leader.timeout = 120s (custom)
datanode_2  | WARNING: Illegal reflective access by org.apache.ratis.thirdparty.com.google.protobuf.UnsafeUtil (file:/opt/hadoop/share/ozone/lib/ratis-thirdparty-misc-0.2.0.jar) to field java.nio.Buffer.address
om_1        | 2019-10-11 16:07:13,689 INFO db.DBStoreBuilder: Using default column profile:DBProfile.DISK for Table:openKeyTable
rm_1        | , reservationsContinueLooking=true
scm_1       | 2019-10-11 16:07:07,754 INFO http.HttpServer2: Added global filter 'safety' (class=org.apache.hadoop.http.HttpServer2$QuotingInputFilter)
datanode_1  | WARNING: Use --illegal-access=warn to enable warnings of further illegal reflective access operations
nm_1        | 2019-10-11 16:07:05 INFO  CallQueueManager:57 - Using callQueue: class java.util.concurrent.LinkedBlockingQueue queueCapacity: 2000
datanode_3  | 2019-10-11 16:07:12,656 INFO server.RaftServerConfigKeys: raft.server.log.use.memory = false (default)
datanode_2  | WARNING: Please consider reporting this to the maintainers of org.apache.ratis.thirdparty.com.google.protobuf.UnsafeUtil
om_1        | 2019-10-11 16:07:13,689 INFO db.DBStoreBuilder: using custom profile for table: s3Table
rm_1        | 2019-10-11 16:07:04 INFO  ParentQueue:100 - Initialized parent-queue root name=root, fullname=root
datanode_1  | WARNING: All illegal access operations will be denied in a future release
nm_1        | 2019-10-11 16:07:05 INFO  Server:722 - Starting Socket Reader #1 for port 38940
scm_1       | 2019-10-11 16:07:07,757 INFO http.HttpServer2: Added filter static_user_filter (class=org.apache.hadoop.http.lib.StaticUserWebFilter$StaticUserFilter) to context scm
datanode_2  | WARNING: Use --illegal-access=warn to enable warnings of further illegal reflective access operations
om_1        | 2019-10-11 16:07:13,689 INFO db.DBStoreBuilder: Using default column profile:DBProfile.DISK for Table:s3Table
rm_1        | 2019-10-11 16:07:04 INFO  CapacitySchedulerConfiguration:603 - max alloc mb per queue for root.default is undefined
datanode_3  | 2019-10-11 16:07:12,660 INFO server.RaftServerConfigKeys: raft.server.log.purge.gap = 1000000 (custom)
datanode_1  | 2019-10-11 16:07:12,063 INFO impl.RaftServerProxy: 1ab6afe6-9ccd-427a-b980-49f25a551c6a: addNew group-9C51F6CDEE36:[1ab6afe6-9ccd-427a-b980-49f25a551c6a:172.18.0.7:9858] returns group-9C51F6CDEE36:java.util.concurrent.CompletableFuture@56ef548f[Not completed]
nm_1        | 2019-10-11 16:07:05 INFO  RpcServerFactoryPBImpl:174 - Adding protocol org.apache.hadoop.yarn.api.ContainerManagementProtocolPB to the server
scm_1       | 2019-10-11 16:07:07,757 INFO http.HttpServer2: Added filter static_user_filter (class=org.apache.hadoop.http.lib.StaticUserWebFilter$StaticUserFilter) to context logs
datanode_2  | WARNING: All illegal access operations will be denied in a future release
om_1        | 2019-10-11 16:07:13,689 INFO db.DBStoreBuilder: using custom profile for table: multipartInfoTable
rm_1        | 2019-10-11 16:07:04 INFO  CapacitySchedulerConfiguration:607 - max alloc vcore per queue for root.default is undefined
datanode_1  | 2019-10-11 16:07:12,078 INFO impl.RaftServerImpl: 1ab6afe6-9ccd-427a-b980-49f25a551c6a: new RaftServerImpl for group-9C51F6CDEE36:[1ab6afe6-9ccd-427a-b980-49f25a551c6a:172.18.0.7:9858] with ContainerStateMachine:uninitialized
nm_1        | 2019-10-11 16:07:05 INFO  ContainerManagerImpl:427 - Blocking new container-requests as container manager rpc server is still starting.
scm_1       | 2019-10-11 16:07:07,757 INFO http.HttpServer2: Added filter static_user_filter (class=org.apache.hadoop.http.lib.StaticUserWebFilter$StaticUserFilter) to context static
datanode_2  | 2019-10-11 16:07:13,085 INFO impl.RaftServerProxy: 9db1a0d7-dacf-43d6-8789-8f400bd544bf: addNew group-355FFC69EBE1:[9db1a0d7-dacf-43d6-8789-8f400bd544bf:172.18.0.8:9858] returns group-355FFC69EBE1:java.util.concurrent.CompletableFuture@2104bb6f[Not completed]
om_1        | 2019-10-11 16:07:13,689 INFO db.DBStoreBuilder: Using default column profile:DBProfile.DISK for Table:multipartInfoTable
rm_1        | 2019-10-11 16:07:04 INFO  LeafQueue:215 - Initializing default
datanode_1  | 2019-10-11 16:07:12,079 INFO server.RaftServerConfigKeys: raft.server.rpc.timeout.min = 5s (custom)
scm_1       | 2019-10-11 16:07:07,795 INFO server.StorageContainerManager: StorageContainerLocationProtocol RPC server is listening at /0.0.0.0:9860
nm_1        | 2019-10-11 16:07:05 INFO  Server:962 - IPC Server Responder: starting
datanode_3  | 2019-10-11 16:07:12,660 INFO server.RaftServerConfigKeys: raft.server.log.appender.buffer.byte-limit = 33554432 (custom)
datanode_2  | 2019-10-11 16:07:13,102 INFO impl.RaftServerImpl: 9db1a0d7-dacf-43d6-8789-8f400bd544bf: new RaftServerImpl for group-355FFC69EBE1:[9db1a0d7-dacf-43d6-8789-8f400bd544bf:172.18.0.8:9858] with ContainerStateMachine:uninitialized
rm_1        | capacity = 1.0 [= (float) configuredCapacity / 100 ]
om_1        | 2019-10-11 16:07:13,689 INFO db.DBStoreBuilder: using custom profile for table: dTokenTable
scm_1       | 2019-10-11 16:07:07,883 INFO impl.MetricsConfig: Loaded properties from hadoop-metrics2.properties
nm_1        | 2019-10-11 16:07:05 INFO  Server:801 - IPC Server listener on 38940: starting
datanode_3  | 2019-10-11 16:07:12,662 INFO server.RaftServerConfigKeys: raft.server.log.segment.size.max = 1048576 (custom)
datanode_2  | 2019-10-11 16:07:13,104 INFO server.RaftServerConfigKeys: raft.server.rpc.timeout.min = 5s (custom)
rm_1        | asboluteCapacity = 1.0 [= parentAbsoluteCapacity * capacity ]
om_1        | 2019-10-11 16:07:13,689 INFO db.DBStoreBuilder: Using default column profile:DBProfile.DISK for Table:dTokenTable
scm_1       | 2019-10-11 16:07:07,923 INFO impl.MetricsSystemImpl: Scheduled Metric snapshot period at 10 second(s).
datanode_1  | 2019-10-11 16:07:12,080 INFO server.RaftServerConfigKeys: raft.server.rpc.timeout.max = 5200ms (custom)
scm_1       | 2019-10-11 16:07:07,923 INFO impl.MetricsSystemImpl: StorageContainerManager metrics system started
datanode_3  | 2019-10-11 16:07:12,666 WARN impl.MetricsSystemImpl: HddsDatanode metrics system already initialized!
datanode_2  | 2019-10-11 16:07:13,104 INFO server.RaftServerConfigKeys: raft.server.rpc.timeout.max = 5200ms (custom)
rm_1        | maxCapacity = 1.0 [= configuredMaxCapacity ]
om_1        | 2019-10-11 16:07:13,690 INFO db.DBStoreBuilder: using custom profile for table: s3SecretTable
nm_1        | 2019-10-11 16:07:05 INFO  NMContainerTokenSecretManager:260 - Updating node address : nm:38940
scm_1       | 2019-10-11 16:07:08,169 INFO server.SCMClientProtocolServer: RPC server for Client  is listening at /0.0.0.0:9860
datanode_2  | 2019-10-11 16:07:13,105 INFO server.RaftServerConfigKeys: raft.server.rpcslowness.timeout = 120s (custom)
datanode_3  | 2019-10-11 16:07:12,670 INFO metrics.MetricRegistries: Loaded MetricRegistries class org.apache.ratis.metrics.impl.MetricRegistriesImpl
datanode_1  | 2019-10-11 16:07:12,080 INFO server.RaftServerConfigKeys: raft.server.rpcslowness.timeout = 120s (custom)
rm_1        | absoluteMaxCapacity = 1.0 [= 1.0 maximumCapacity undefined, (parentAbsoluteMaxCapacity * maximumCapacity) / 100 otherwise ]
om_1        | 2019-10-11 16:07:13,690 INFO db.DBStoreBuilder: Using default column profile:DBProfile.DISK for Table:s3SecretTable
nm_1        | 2019-10-11 16:07:05 INFO  CallQueueManager:57 - Using callQueue: class java.util.concurrent.LinkedBlockingQueue queueCapacity: 500
scm_1       | 2019-10-11 16:07:08,169 INFO ipc.Server: IPC Server Responder: starting
datanode_2  | 2019-10-11 16:07:13,107 INFO server.RaftServerConfigKeys: raft.server.sleep.deviation.threshold = 300 (default)
datanode_3  | 2019-10-11 16:07:12,702 INFO server.RaftServerConfigKeys: raft.server.log.segment.cache.num.max = 2 (custom)
datanode_1  | 2019-10-11 16:07:12,080 INFO server.RaftServerConfigKeys: raft.server.sleep.deviation.threshold = 300 (default)
rm_1        | userLimit = 100 [= configuredUserLimit ]
om_1        | 2019-10-11 16:07:13,690 INFO db.DBStoreBuilder: using custom profile for table: prefixTable
nm_1        | 2019-10-11 16:07:05 INFO  Server:722 - Starting Socket Reader #1 for port 8040
scm_1       | 2019-10-11 16:07:08,170 INFO ipc.Server: IPC Server listener on 9860: starting
datanode_2  | 2019-10-11 16:07:13,109 INFO server.RaftServerConfigKeys: raft.server.log.appender.install.snapshot.enabled = false (custom)
datanode_3  | 2019-10-11 16:07:12,706 INFO segmented.SegmentedRaftLogWorker: new 1dc9fdb9-98ed-4560-a4dc-8b9d8e7cc509@group-FB9A3CF2AE89-SegmentedRaftLogWorker for RaftStorage:Storage Directory /data/metadata/ratis/a0c2a828-cca2-4197-80d8-fb9a3cf2ae89
datanode_1  | 2019-10-11 16:07:12,081 INFO server.RaftServerConfigKeys: raft.server.log.appender.install.snapshot.enabled = false (custom)
rm_1        | userLimitFactor = 1.0 [= configuredUserLimitFactor ]
om_1        | 2019-10-11 16:07:13,690 INFO db.DBStoreBuilder: Using default column profile:DBProfile.DISK for Table:prefixTable
nm_1        | 2019-10-11 16:07:05 INFO  RpcServerFactoryPBImpl:174 - Adding protocol org.apache.hadoop.yarn.server.nodemanager.api.LocalizationProtocolPB to the server
datanode_2  | 2019-10-11 16:07:13,117 INFO impl.RaftServerImpl: 9db1a0d7-dacf-43d6-8789-8f400bd544bf@group-355FFC69EBE1: ConfigurationManager, init=-1: [9db1a0d7-dacf-43d6-8789-8f400bd544bf:172.18.0.8:9858], old=null, confs=<EMPTY_MAP>
scm_1       | 2019-10-11 16:07:08,188 INFO server.StorageContainerManager: ScmBlockLocationProtocol RPC server is listening at /0.0.0.0:9863
datanode_3  | 2019-10-11 16:07:12,707 INFO server.RaftServerConfigKeys: raft.server.log.queue.byte-limit = 2147483647 (custom)
datanode_1  | 2019-10-11 16:07:12,086 INFO impl.RaftServerImpl: 1ab6afe6-9ccd-427a-b980-49f25a551c6a@group-9C51F6CDEE36: ConfigurationManager, init=-1: [1ab6afe6-9ccd-427a-b980-49f25a551c6a:172.18.0.7:9858], old=null, confs=<EMPTY_MAP>
rm_1        | maxApplications = 10000 [= configuredMaximumSystemApplicationsPerQueue or (int)(configuredMaximumSystemApplications * absoluteCapacity)]
om_1        | 2019-10-11 16:07:13,700 INFO db.DBStoreBuilder: using custom profile for table: default
nm_1        | 2019-10-11 16:07:05 INFO  Server:801 - IPC Server listener on 8040: starting
datanode_2  | 2019-10-11 16:07:13,117 INFO server.RaftServerConfigKeys: raft.server.storage.dir = [/data/metadata/ratis] (custom)
scm_1       | 2019-10-11 16:07:08,189 INFO server.SCMBlockProtocolServer: RPC server for Block Protocol is listening at /0.0.0.0:9863
datanode_3  | 2019-10-11 16:07:12,707 INFO server.RaftServerConfigKeys: raft.server.log.queue.element-limit = 1024 (custom)
datanode_1  | 2019-10-11 16:07:12,087 INFO server.RaftServerConfigKeys: raft.server.storage.dir = [/data/metadata/ratis] (custom)
rm_1        | maxApplicationsPerUser = 10000 [= (int)(maxApplications * (userLimit / 100.0f) * userLimitFactor) ]
om_1        | 2019-10-11 16:07:13,700 INFO db.DBStoreBuilder: Using default column profile:DBProfile.DISK for Table:default
nm_1        | 2019-10-11 16:07:05 INFO  Server:962 - IPC Server Responder: starting
datanode_2  | 2019-10-11 16:07:13,121 INFO server.RaftServerConfigKeys: raft.server.log.corruption.policy = EXCEPTION (default)
scm_1       | 2019-10-11 16:07:08,190 INFO ipc.Server: IPC Server Responder: starting
datanode_3  | 2019-10-11 16:07:12,708 INFO server.RaftServerConfigKeys: raft.server.log.segment.size.max = 1048576 (custom)
datanode_1  | 2019-10-11 16:07:12,092 INFO server.RaftServerConfigKeys: raft.server.log.corruption.policy = EXCEPTION (default)
rm_1        | usedCapacity = 0.0 [= usedResourcesMemory / (clusterResourceMemory * absoluteCapacity)]
om_1        | 2019-10-11 16:07:13,702 INFO db.DBStoreBuilder: Using default options. DBProfile.DISK
nm_1        | 2019-10-11 16:07:05 INFO  ResourceLocalizationService:344 - Localizer started on port 8040
datanode_2  | 2019-10-11 16:07:13,123 INFO storage.RaftStorageDirectory: The storage directory /data/metadata/ratis/19177867-356a-445a-bc81-355ffc69ebe1 does not exist. Creating ...
scm_1       | 2019-10-11 16:07:08,190 INFO ipc.Server: IPC Server listener on 9863: starting
datanode_3  | 2019-10-11 16:07:12,708 INFO server.RaftServerConfigKeys: raft.server.log.preallocated.size = 16384 (custom)
datanode_1  | 2019-10-11 16:07:12,093 INFO storage.RaftStorageDirectory: The storage directory /data/metadata/ratis/0b8d78cf-f908-4ded-8474-9c51f6cdee36 does not exist. Creating ...
rm_1        | absoluteUsedCapacity = 0.0 [= usedResourcesMemory / clusterResourceMemory]
om_1        | 2019-10-11 16:07:15,112 INFO ipc.CallQueueManager: Using callQueue: class java.util.concurrent.LinkedBlockingQueue, queueCapacity: 2000, scheduler: class org.apache.hadoop.ipc.DefaultRpcScheduler, ipcBackoff: false.
nm_1        | 2019-10-11 16:07:05 INFO  IndexCache:47 - IndexCache created with max memory = 10485760
datanode_2  | 2019-10-11 16:07:13,139 INFO storage.RaftStorageDirectory: Lock on /data/metadata/ratis/19177867-356a-445a-bc81-355ffc69ebe1/in_use.lock acquired by nodename 7@933382812de8
datanode_3  | 2019-10-11 16:07:12,709 INFO server.RaftServerConfigKeys: raft.server.log.write.buffer.size = 33554432 (custom)
scm_1       | 2019-10-11 16:07:08,199 INFO server.StorageContainerManager: ScmDatanodeProtocl RPC server is listening at /0.0.0.0:9861
datanode_1  | 2019-10-11 16:07:12,110 INFO storage.RaftStorageDirectory: Lock on /data/metadata/ratis/0b8d78cf-f908-4ded-8474-9c51f6cdee36/in_use.lock acquired by nodename 7@0cc80814da0d
rm_1        | maxAMResourcePerQueuePercent = 0.1 [= configuredMaximumAMResourcePercent ]
om_1        | 2019-10-11 16:07:15,122 INFO ipc.Server: Starting Socket Reader #1 for port 9862
nm_1        | 2019-10-11 16:07:05 INFO  ShuffleHandler:510 - httpshuffle listening on port 13562
datanode_3  | 2019-10-11 16:07:12,709 INFO server.RaftServerConfigKeys: raft.server.log.force.sync.num = 128 (default)
scm_1       | 2019-10-11 16:07:08,199 INFO server.SCMDatanodeProtocolServer: RPC server for DataNodes is listening at /0.0.0.0:9861
datanode_2  | 2019-10-11 16:07:13,155 INFO storage.RaftStorage: Storage directory /data/metadata/ratis/19177867-356a-445a-bc81-355ffc69ebe1 has been successfully formatted.
datanode_1  | 2019-10-11 16:07:12,121 INFO storage.RaftStorage: Storage directory /data/metadata/ratis/0b8d78cf-f908-4ded-8474-9c51f6cdee36 has been successfully formatted.
om_1        | 2019-10-11 16:07:15,153 [main] INFO       - OzoneManager RPC server is listening at om/172.18.0.3:9862
nm_1        | 2019-10-11 16:07:05 INFO  ContainersMonitorImpl:196 - Neither virutal-memory nor physical-memory monitoring is needed. Not running the monitor-thread
datanode_3  | 2019-10-11 16:07:12,710 INFO server.RaftServerConfigKeys: raft.server.log.statemachine.data.sync = true (default)
scm_1       | 2019-10-11 16:07:08,200 INFO ipc.Server: IPC Server Responder: starting
rm_1        | minimumAllocationFactor = 0.875 [= (float)(maximumAllocationMemory - minimumAllocationMemory) / maximumAllocationMemory ]
datanode_2  | 2019-10-11 16:07:13,158 [pool-8-thread-1] INFO       - group-355FFC69EBE1: The snapshot info is null. Setting the last applied indexto:(t:0, i:~)
datanode_1  | 2019-10-11 16:07:12,126 [pool-8-thread-1] INFO       - group-9C51F6CDEE36: The snapshot info is null. Setting the last applied indexto:(t:0, i:~)
om_1        | 2019-10-11 16:07:15,224 INFO impl.MetricsConfig: Loaded properties from hadoop-metrics2.properties
nm_1        | 2019-10-11 16:07:05 INFO  ContainerManagerImpl:472 - ContainerManager started at nm/172.18.0.2:38940
datanode_3  | 2019-10-11 16:07:12,710 INFO server.RaftServerConfigKeys: raft.server.log.statemachine.data.sync.timeout = 10s (default)
rm_1        | maximumAllocation = <memory:8192, vCores:32> [= configuredMaxAllocation ]
scm_1       | 2019-10-11 16:07:08,203 INFO ipc.Server: IPC Server listener on 9861: starting
datanode_2  | 2019-10-11 16:07:13,159 INFO server.RaftServerConfigKeys: raft.server.notification.no-leader.timeout = 120s (custom)
datanode_1  | 2019-10-11 16:07:12,127 INFO server.RaftServerConfigKeys: raft.server.notification.no-leader.timeout = 120s (custom)
om_1        | 2019-10-11 16:07:15,276 INFO impl.MetricsSystemImpl: Scheduled Metric snapshot period at 10 second(s).
nm_1        | 2019-10-11 16:07:05 INFO  ContainerManagerImpl:473 - ContainerManager bound to 0.0.0.0/0.0.0.0:0
datanode_3  | 2019-10-11 16:07:12,710 INFO server.RaftServerConfigKeys: raft.server.log.statemachine.data.sync.timeout.retry = -1 (default)
rm_1        | numContainers = 0 [= currentNumContainers ]
scm_1       | 2019-10-11 16:07:08,207 INFO http.HttpServer2: Jetty bound to port 9876
datanode_2  | 2019-10-11 16:07:13,161 INFO server.RaftServerConfigKeys: raft.server.log.use.memory = false (default)
datanode_1  | 2019-10-11 16:07:12,129 INFO server.RaftServerConfigKeys: raft.server.log.use.memory = false (default)
om_1        | 2019-10-11 16:07:15,276 INFO impl.MetricsSystemImpl: OzoneManager metrics system started
nm_1        | 2019-10-11 16:07:05 INFO  WebServer:70 - Instantiating NMWebApp at 0.0.0.0:8042
datanode_3  | 2019-10-11 16:07:12,719 INFO server.RaftServerConfigKeys: raft.server.log.statemachine.data.caching.enabled = true (custom)
rm_1        | state = RUNNING [= configuredState ]
scm_1       | 2019-10-11 16:07:08,209 INFO server.Server: jetty-9.3.25.v20180904, build timestamp: 2018-09-04T21:11:46Z, git hash: 3ce520221d0240229c862b122d2b06c12a625732
datanode_2  | 2019-10-11 16:07:13,164 INFO server.RaftServerConfigKeys: raft.server.log.purge.gap = 1000000 (custom)
datanode_1  | 2019-10-11 16:07:12,133 INFO server.RaftServerConfigKeys: raft.server.log.purge.gap = 1000000 (custom)
om_1        | 2019-10-11 16:07:15,326 INFO ipc.Server: IPC Server Responder: starting
nm_1        | 2019-10-11 16:07:06 INFO  log:67 - Logging to org.slf4j.impl.Log4jLoggerAdapter(org.mortbay.log) via org.mortbay.log.Slf4jLog
datanode_3  | 2019-10-11 16:07:12,723 INFO segmented.SegmentedRaftLogWorker: 1dc9fdb9-98ed-4560-a4dc-8b9d8e7cc509@group-FB9A3CF2AE89-SegmentedRaftLogWorker: flushIndex: setUnconditionally 0 -> -1
rm_1        | acls = SUBMIT_APP:*ADMINISTER_QUEUE:* [= configuredAcls ]
scm_1       | 2019-10-11 16:07:08,243 INFO handler.ContextHandler: Started o.e.j.s.ServletContextHandler@2ab2710{/logs,file:///var/log/hadoop/,AVAILABLE}
datanode_2  | 2019-10-11 16:07:13,165 INFO server.RaftServerConfigKeys: raft.server.log.appender.buffer.byte-limit = 33554432 (custom)
datanode_1  | 2019-10-11 16:07:12,133 INFO server.RaftServerConfigKeys: raft.server.log.appender.buffer.byte-limit = 33554432 (custom)
om_1        | 2019-10-11 16:07:15,326 INFO ipc.Server: IPC Server listener on 9862: starting
nm_1        | 2019-10-11 16:07:06 INFO  AuthenticationFilter:283 - Unable to initialize FileSignerSecretProvider, falling back to use random secrets.
datanode_3  | 2019-10-11 16:07:12,728 INFO server.RaftServerConfigKeys: raft.server.snapshot.auto.trigger.enabled = true (custom)
rm_1        | nodeLocalityDelay = 40
scm_1       | 2019-10-11 16:07:08,244 INFO handler.ContextHandler: Started o.e.j.s.ServletContextHandler@1f193686{/static,jar:file:/opt/hadoop/share/ozone/lib/hadoop-hdds-server-scm-0.5.0-SNAPSHOT.jar!/webapps/static,AVAILABLE}
datanode_2  | 2019-10-11 16:07:13,166 INFO server.RaftServerConfigKeys: raft.server.log.segment.size.max = 1048576 (custom)
