kms_1       | 	at com.sun.xml.bind.v2.ContextFactory.createContext(ContextFactory.java:145)
datanode_1  | 2019-10-20 03:56:25,945 INFO server.AbstractConnector: Started ServerConnector@1ef31f71{HTTP/1.1,[http/1.1]}{0.0.0.0:9882}
jhs         | 2019-10-20 03:56:19 INFO  Server:1153 - IPC Server listener on 10200: starting
datanode_2  | 2019-10-20 03:56:25,890 INFO server.BaseHttpServer: HTTP server of HDDSDATANODE is listening at http://0.0.0.0:9882
kdc_1       | Oct 20 03:55:56 kdc krb5kdc[9](info): AS_REQ (8 etypes {18 17 20 19 16 23 25 26}) 127.0.0.1: SERVER_NOT_FOUND: admin/admin@EXAMPLE.COM for kadmin/localhost@EXAMPLE.COM, Server not found in Kerberos database
om_1        | 2019-10-20 03:56:27,475 [main] INFO       - Ozone Manager login successful.
nm_1        | 2019-10-20 03:56:17 INFO  ContainersMonitorImpl:191 - Virtual memory check enabled: false
scm_1       | 2019-10-20 03:56:23,658 INFO server.AuthenticationFilter: Unable to initialize FileSignerSecretProvider, falling back to use random secrets.
datanode_3  | 2019-10-20 03:56:28,311 INFO server.GrpcService: 614453c4-675d-44a9-983f-733dc7f12140: GrpcService started, listening on 0.0.0.0/0.0.0.0:9858
rm_1        | 2019-10-20 03:56:19 INFO  MetricsSystemImpl:374 - Scheduled Metric snapshot period at 10 second(s).
datanode_1  | 2019-10-20 03:56:25,945 INFO server.Server: Started @10695ms
kms_1       | 	at sun.reflect.NativeMethodAccessorImpl.invoke0(Native Method)
jhs         | 2019-10-20 03:56:19 INFO  ApplicationHistoryClientService:111 - Instantiated ApplicationHistoryClientService at jhs/172.18.0.7:10200
kdc_1       | Oct 20 03:55:56 kdc krb5kdc[9](info): AS_REQ (8 etypes {18 17 20 19 16 23 25 26}) 127.0.0.1: ISSUE: authtime 1571543756, etypes {rep=18 tkt=18 ses=18}, admin/admin@EXAMPLE.COM for kadmin/admin@EXAMPLE.COM
om_1        | 2019-10-20 03:56:27,476 WARN server.ServerUtils: ozone.om.db.dirs is not configured. We recommend adding this setting. Falling back to ozone.metadata.dirs instead.
nm_1        | 2019-10-20 03:56:17 INFO  ContainersMonitorImpl:192 - Elastic memory control enabled: false
datanode_2  | 2019-10-20 03:56:25,904 INFO util.JvmPauseMonitor: Starting JVM pause monitor
scm_1       | 2019-10-20 03:56:23,671 INFO http.HttpRequestLog: Http request log for http.requests.scm is not defined
datanode_3  | 2019-10-20 03:56:30,854 INFO impl.RaftServerProxy: 614453c4-675d-44a9-983f-733dc7f12140: addNew group-E7C477BBA6E9:[614453c4-675d-44a9-983f-733dc7f12140:172.18.0.8:9858] returns group-E7C477BBA6E9:java.util.concurrent.CompletableFuture@1b80abd[Not completed]
rm_1        | 2019-10-20 03:56:19 INFO  MetricsSystemImpl:191 - ResourceManager metrics system started
datanode_1  | 2019-10-20 03:56:25,948 INFO impl.MetricsSinkAdapter: Sink prometheus started
kms_1       | 	at sun.reflect.NativeMethodAccessorImpl.invoke(NativeMethodAccessorImpl.java:62)
jhs         | 2019-10-20 03:56:19 INFO  JvmPauseMonitor:188 - Starting JVM pause monitor
kdc_1       | Oct 20 03:55:56 kdc krb5kdc[9](info): AS_REQ (8 etypes {18 17 20 19 16 23 25 26}) 127.0.0.1: SERVER_NOT_FOUND: admin/admin@EXAMPLE.COM for kadmin/localhost@EXAMPLE.COM, Server not found in Kerberos database
om_1        | 2019-10-20 03:56:28,269 INFO client.OMCertificateClient: Loading certificate from location:/data/metadata/om/certs.
nm_1        | 2019-10-20 03:56:17 INFO  ContainersMonitorImpl:193 - Strict memory control enabled: true
datanode_2  | 2019-10-20 03:56:28,105 [Datanode State Machine Thread - 0] INFO       - Attempting to start container services.
scm_1       | 2019-10-20 03:56:23,677 INFO http.HttpServer2: Added global filter 'safety' (class=org.apache.hadoop.http.HttpServer2$QuotingInputFilter)
datanode_3  | 2019-10-20 03:56:30,871 INFO impl.RaftServerImpl: 614453c4-675d-44a9-983f-733dc7f12140: new RaftServerImpl for group-E7C477BBA6E9:[614453c4-675d-44a9-983f-733dc7f12140:172.18.0.8:9858] with ContainerStateMachine:uninitialized
rm_1        | 2019-10-20 03:56:19 INFO  YarnAuthorizationProvider:58 - org.apache.hadoop.yarn.security.ConfiguredYarnAuthorizer is instantiated.
kms_1       | 	at sun.reflect.DelegatingMethodAccessorImpl.invoke(DelegatingMethodAccessorImpl.java:43)
jhs         | 2019-10-20 03:56:19 INFO  TimelineServerUtils:66 - Filter initializers set for timeline service: org.apache.hadoop.http.lib.StaticUserWebFilter,org.apache.hadoop.yarn.server.timeline.security.TimelineAuthenticationFilterInitializer
datanode_1  | 2019-10-20 03:56:25,948 INFO impl.MetricsSystemImpl: Registered sink prometheus
kdc_1       | Oct 20 03:55:56 kdc krb5kdc[9](info): AS_REQ (8 etypes {18 17 20 19 16 23 25 26}) 127.0.0.1: ISSUE: authtime 1571543756, etypes {rep=18 tkt=18 ses=18}, admin/admin@EXAMPLE.COM for kadmin/admin@EXAMPLE.COM
om_1        | 2019-10-20 03:56:28,359 INFO client.OMCertificateClient: Added certificate from file:/data/metadata/om/certs/11890571512190094.crt.
nm_1        | 2019-10-20 03:56:17 INFO  ContainersMonitorImpl:218 - ContainersMonitor enabled: true
datanode_2  | 2019-10-20 03:56:28,107 [Datanode State Machine Thread - 0] INFO       - Background container scanner has been disabled.
scm_1       | 2019-10-20 03:56:23,679 INFO http.HttpServer2: Added filter static_user_filter (class=org.apache.hadoop.http.lib.StaticUserWebFilter$StaticUserFilter) to context scm
datanode_3  | 2019-10-20 03:56:30,873 INFO server.RaftServerConfigKeys: raft.server.rpc.timeout.min = 5s (custom)
rm_1        | 2019-10-20 03:56:19 INFO  AsyncDispatcher:223 - Registering class org.apache.hadoop.yarn.server.resourcemanager.RMAppManagerEventType for class org.apache.hadoop.yarn.server.resourcemanager.RMAppManager
kms_1       | 	at java.lang.reflect.Method.invoke(Method.java:498)
jhs         | 2019-10-20 03:56:19 INFO  log:192 - Logging initialized @2082ms
datanode_1  | 2019-10-20 03:56:25,949 INFO server.BaseHttpServer: HTTP server of HDDSDATANODE is listening at http://0.0.0.0:9882
kdc_1       | Oct 20 03:55:56 kdc krb5kdc[9](info): AS_REQ (8 etypes {18 17 20 19 16 23 25 26}) 127.0.0.1: SERVER_NOT_FOUND: admin/admin@EXAMPLE.COM for kadmin/localhost@EXAMPLE.COM, Server not found in Kerberos database
om_1        | 2019-10-20 03:56:28,368 INFO client.OMCertificateClient: Added certificate from file:/data/metadata/om/certs/CA-1.crt.
nm_1        | 2019-10-20 03:56:17 INFO  LogAggregationService:139 - rollingMonitorInterval is set as 3600. The logs will be aggregated every 3600 seconds
datanode_2  | 2019-10-20 03:56:28,107 [Datanode State Machine Thread - 0] INFO       - Starting XceiverServerRatis 1012a8fd-22ef-412c-a4c2-c70fb43d8281 at port 9858
scm_1       | 2019-10-20 03:56:23,679 INFO http.HttpServer2: Added filter static_user_filter (class=org.apache.hadoop.http.lib.StaticUserWebFilter$StaticUserFilter) to context logs
datanode_3  | 2019-10-20 03:56:30,873 INFO server.RaftServerConfigKeys: raft.server.rpc.timeout.max = 5200ms (custom)
rm_1        | 2019-10-20 03:56:19 INFO  AsyncDispatcher:223 - Registering class org.apache.hadoop.yarn.server.resourcemanager.amlauncher.AMLauncherEventType for class org.apache.hadoop.yarn.server.resourcemanager.amlauncher.ApplicationMasterLauncher
kms_1       | 	at javax.xml.bind.ContextFinder.newInstance(ContextFinder.java:247)
jhs         | 2019-10-20 03:56:19 INFO  AuthenticationFilter:240 - Unable to initialize FileSignerSecretProvider, falling back to use random secrets.
datanode_1  | 2019-10-20 03:56:25,965 INFO util.JvmPauseMonitor: Starting JVM pause monitor
om_1        | 2019-10-20 03:56:28,388 WARN server.ServerUtils: ozone.om.db.dirs is not configured. We recommend adding this setting. Falling back to ozone.metadata.dirs instead.
kdc_1       | Oct 20 03:55:56 kdc krb5kdc[9](info): AS_REQ (8 etypes {18 17 20 19 16 23 25 26}) 127.0.0.1: ISSUE: authtime 1571543756, etypes {rep=18 tkt=18 ses=18}, admin/admin@EXAMPLE.COM for kadmin/admin@EXAMPLE.COM
nm_1        | 2019-10-20 03:56:17 INFO  ContainerManagerImpl:394 - Not a recoverable state store. Nothing to recover.
datanode_2  | 2019-10-20 03:56:28,125 INFO impl.RaftServerProxy: 1012a8fd-22ef-412c-a4c2-c70fb43d8281: start RPC server
scm_1       | 2019-10-20 03:56:23,679 INFO http.HttpServer2: Added filter static_user_filter (class=org.apache.hadoop.http.lib.StaticUserWebFilter$StaticUserFilter) to context static
datanode_3  | 2019-10-20 03:56:30,873 INFO server.RaftServerConfigKeys: raft.server.rpcslowness.timeout = 120s (custom)
rm_1        | 2019-10-20 03:56:19 INFO  RMNMInfo:63 - Registered RMNMInfo MBean
kms_1       | 	at javax.xml.bind.ContextFinder.newInstance(ContextFinder.java:234)
jhs         | 2019-10-20 03:56:19 INFO  HttpRequestLog:81 - Http request log for http.requests.applicationhistory is not defined
datanode_1  | 2019-10-20 03:56:28,105 [Datanode State Machine Thread - 0] INFO       - Attempting to start container services.
om_1        | 2019-10-20 03:56:28,412 INFO util.log: Logging initialized @2787ms
kdc_1       | Oct 20 03:55:56 kdc krb5kdc[9](info): AS_REQ (8 etypes {18 17 20 19 16 23 25 26}) 127.0.0.1: SERVER_NOT_FOUND: admin/admin@EXAMPLE.COM for kadmin/localhost@EXAMPLE.COM, Server not found in Kerberos database
datanode_2  | 2019-10-20 03:56:28,288 INFO server.GrpcService: 1012a8fd-22ef-412c-a4c2-c70fb43d8281: GrpcService started, listening on 0.0.0.0/0.0.0.0:9858
nm_1        | 2019-10-20 03:56:17 INFO  Configuration:2752 - resource-types.xml not found
scm_1       | 2019-10-20 03:56:23,703 INFO server.StorageContainerManager: StorageContainerLocationProtocol RPC server is listening at /0.0.0.0:9860
datanode_3  | 2019-10-20 03:56:30,874 INFO server.RaftServerConfigKeys: raft.server.sleep.deviation.threshold = 300 (default)
rm_1        | 2019-10-20 03:56:19 INFO  RMAppLifetimeMonitor:66 - Application lifelime monitor interval set to 3000 ms.
kms_1       | 	at javax.xml.bind.ContextFinder.find(ContextFinder.java:441)
jhs         | 2019-10-20 03:56:19 INFO  HttpServer2:975 - Added global filter 'safety' (class=org.apache.hadoop.http.HttpServer2$QuotingInputFilter)
datanode_1  | 2019-10-20 03:56:28,107 [Datanode State Machine Thread - 0] INFO       - Background container scanner has been disabled.
om_1        | 2019-10-20 03:56:28,508 INFO db.DBStoreBuilder: using custom profile for table: userTable
kdc_1       | Oct 20 03:55:56 kdc krb5kdc[9](info): AS_REQ (8 etypes {18 17 20 19 16 23 25 26}) 127.0.0.1: ISSUE: authtime 1571543756, etypes {rep=18 tkt=18 ses=18}, admin/admin@EXAMPLE.COM for kadmin/admin@EXAMPLE.COM
datanode_2  | 2019-10-20 03:56:31,836 INFO impl.RaftServerProxy: 1012a8fd-22ef-412c-a4c2-c70fb43d8281: addNew group-92AD07D0A52A:[1012a8fd-22ef-412c-a4c2-c70fb43d8281:172.18.0.2:9858] returns group-92AD07D0A52A:java.util.concurrent.CompletableFuture@369d3cca[Not completed]
nm_1        | 2019-10-20 03:56:17 INFO  ResourceUtils:419 - Unable to find 'resource-types.xml'.
scm_1       | 2019-10-20 03:56:23,762 INFO impl.MetricsConfig: Loaded properties from hadoop-metrics2.properties
datanode_3  | 2019-10-20 03:56:30,874 INFO server.RaftServerConfigKeys: raft.server.log.appender.install.snapshot.enabled = false (custom)
rm_1        | 2019-10-20 03:56:19 INFO  MultiNodeSortingManager:59 - Initializing NodeSortingService=MultiNodeSortingManager
kms_1       | 	at javax.xml.bind.JAXBContext.newInstance(JAXBContext.java:641)
jhs         | 2019-10-20 03:56:19 INFO  HttpServer2:948 - Added filter static_user_filter (class=org.apache.hadoop.http.lib.StaticUserWebFilter$StaticUserFilter) to context applicationhistory
datanode_1  | 2019-10-20 03:56:28,107 [Datanode State Machine Thread - 0] INFO       - Starting XceiverServerRatis 97130f68-c9d4-4baa-b9e9-f5668f33d27f at port 9858
om_1        | 2019-10-20 03:56:28,508 INFO db.DBStoreBuilder: Using default column profile:DBProfile.DISK for Table:userTable
kdc_1       | Oct 20 03:55:56 kdc krb5kdc[9](info): AS_REQ (8 etypes {18 17 20 19 16 23 25 26}) 127.0.0.1: SERVER_NOT_FOUND: admin/admin@EXAMPLE.COM for kadmin/localhost@EXAMPLE.COM, Server not found in Kerberos database
datanode_2  | 2019-10-20 03:56:31,850 INFO impl.RaftServerImpl: 1012a8fd-22ef-412c-a4c2-c70fb43d8281: new RaftServerImpl for group-92AD07D0A52A:[1012a8fd-22ef-412c-a4c2-c70fb43d8281:172.18.0.2:9858] with ContainerStateMachine:uninitialized
nm_1        | 2019-10-20 03:56:17 INFO  Configuration:2752 - node-resources.xml not found
scm_1       | 2019-10-20 03:56:23,800 INFO impl.MetricsSystemImpl: Scheduled Metric snapshot period at 10 second(s).
datanode_3  | 2019-10-20 03:56:30,881 INFO impl.RaftServerImpl: 614453c4-675d-44a9-983f-733dc7f12140@group-E7C477BBA6E9: ConfigurationManager, init=-1: [614453c4-675d-44a9-983f-733dc7f12140:172.18.0.8:9858], old=null, confs=<EMPTY_MAP>
rm_1        | 2019-10-20 03:56:19 INFO  HostsFileReader:211 - Refreshing hosts (include/exclude) list
kms_1       | 	at javax.xml.bind.JAXBContext.newInstance(JAXBContext.java:584)
jhs         | 2019-10-20 03:56:19 INFO  HttpServer2:958 - Added filter static_user_filter (class=org.apache.hadoop.http.lib.StaticUserWebFilter$StaticUserFilter) to context logs
datanode_1  | 2019-10-20 03:56:28,126 INFO impl.RaftServerProxy: 97130f68-c9d4-4baa-b9e9-f5668f33d27f: start RPC server
om_1        | 2019-10-20 03:56:28,508 INFO db.DBStoreBuilder: using custom profile for table: volumeTable
kdc_1       | Oct 20 03:55:56 kdc krb5kdc[9](info): AS_REQ (8 etypes {18 17 20 19 16 23 25 26}) 127.0.0.1: ISSUE: authtime 1571543756, etypes {rep=18 tkt=18 ses=18}, admin/admin@EXAMPLE.COM for kadmin/admin@EXAMPLE.COM
datanode_2  | 2019-10-20 03:56:31,851 INFO server.RaftServerConfigKeys: raft.server.rpc.timeout.min = 5s (custom)
nm_1        | 2019-10-20 03:56:17 INFO  ResourceUtils:419 - Unable to find 'node-resources.xml'.
scm_1       | 2019-10-20 03:56:23,801 INFO impl.MetricsSystemImpl: StorageContainerManager metrics system started
kms_1       | 	at com.sun.jersey.server.wadl.generators.WadlGeneratorJAXBGrammarGenerator.buildModelAndSchemas(WadlGeneratorJAXBGrammarGenerator.java:169)
rm_1        | 2019-10-20 03:56:19 INFO  Configuration:2755 - found resource capacity-scheduler.xml at file:/opt/hadoop/etc/hadoop/capacity-scheduler.xml
datanode_3  | 2019-10-20 03:56:30,881 INFO server.RaftServerConfigKeys: raft.server.storage.dir = [/data/metadata/ratis] (custom)
jhs         | 2019-10-20 03:56:19 INFO  HttpServer2:958 - Added filter static_user_filter (class=org.apache.hadoop.http.lib.StaticUserWebFilter$StaticUserFilter) to context static
datanode_1  | 2019-10-20 03:56:28,300 INFO server.GrpcService: 97130f68-c9d4-4baa-b9e9-f5668f33d27f: GrpcService started, listening on 0.0.0.0/0.0.0.0:9858
om_1        | 2019-10-20 03:56:28,508 INFO db.DBStoreBuilder: Using default column profile:DBProfile.DISK for Table:volumeTable
kdc_1       | Oct 20 03:55:56 kdc krb5kdc[9](info): AS_REQ (8 etypes {18 17 20 19 16 23 25 26}) 127.0.0.1: SERVER_NOT_FOUND: admin/admin@EXAMPLE.COM for kadmin/localhost@EXAMPLE.COM, Server not found in Kerberos database
datanode_2  | 2019-10-20 03:56:31,852 INFO server.RaftServerConfigKeys: raft.server.rpc.timeout.max = 5200ms (custom)
nm_1        | 2019-10-20 03:56:17 INFO  NodeStatusUpdaterImpl:199 - Nodemanager resources is set to: <memory:8192, vCores:8>
scm_1       | 2019-10-20 03:56:24,000 INFO server.SCMClientProtocolServer: RPC server for Client  is listening at /0.0.0.0:9860
kms_1       | 	at com.sun.jersey.server.wadl.generators.AbstractWadlGeneratorGrammarGenerator.createExternalGrammar(AbstractWadlGeneratorGrammarGenerator.java:405)
rm_1        | 2019-10-20 03:56:19 INFO  AbstractYarnScheduler:1390 - Minimum allocation = <memory:1024, vCores:1>
datanode_3  | 2019-10-20 03:56:30,885 INFO server.RaftServerConfigKeys: raft.server.log.corruption.policy = EXCEPTION (default)
jhs         | 2019-10-20 03:56:19 INFO  HttpServer2:975 - Added global filter 'Timeline Authentication Filter' (class=org.apache.hadoop.yarn.server.timeline.security.TimelineAuthenticationFilter)
datanode_1  | 2019-10-20 03:56:31,389 INFO impl.RaftServerProxy: 97130f68-c9d4-4baa-b9e9-f5668f33d27f: addNew group-BB3D3EFBC7E5:[97130f68-c9d4-4baa-b9e9-f5668f33d27f:172.18.0.4:9858] returns group-BB3D3EFBC7E5:java.util.concurrent.CompletableFuture@31ef6a33[Not completed]
om_1        | 2019-10-20 03:56:28,509 INFO db.DBStoreBuilder: using custom profile for table: bucketTable
kdc_1       | Oct 20 03:55:56 kdc krb5kdc[9](info): AS_REQ (8 etypes {18 17 20 19 16 23 25 26}) 127.0.0.1: ISSUE: authtime 1571543756, etypes {rep=18 tkt=18 ses=18}, admin/admin@EXAMPLE.COM for kadmin/admin@EXAMPLE.COM
datanode_2  | 2019-10-20 03:56:31,852 INFO server.RaftServerConfigKeys: raft.server.rpcslowness.timeout = 120s (custom)
nm_1        | 2019-10-20 03:56:17 INFO  NodeStatusUpdaterImpl:247 - Initialized nodemanager with : physical-memory=8192 virtual-memory=17204 virtual-cores=8
scm_1       | 2019-10-20 03:56:24,001 INFO ipc.Server: IPC Server listener on 9860: starting
kms_1       | 	at com.sun.jersey.server.wadl.WadlBuilder.generate(WadlBuilder.java:149)
rm_1        | 2019-10-20 03:56:19 INFO  AbstractYarnScheduler:1402 - Maximum allocation = <memory:8192, vCores:4>
datanode_3  | 2019-10-20 03:56:30,886 INFO storage.RaftStorageDirectory: The storage directory /data/metadata/ratis/bb6736b4-2caa-4fb8-9f6e-e7c477bba6e9 does not exist. Creating ...
jhs         | 2019-10-20 03:56:19 INFO  HttpServer2:613 - adding path spec: /applicationhistory/*
datanode_1  | 2019-10-20 03:56:31,406 INFO impl.RaftServerImpl: 97130f68-c9d4-4baa-b9e9-f5668f33d27f: new RaftServerImpl for group-BB3D3EFBC7E5:[97130f68-c9d4-4baa-b9e9-f5668f33d27f:172.18.0.4:9858] with ContainerStateMachine:uninitialized
om_1        | 2019-10-20 03:56:28,509 INFO db.DBStoreBuilder: Using default column profile:DBProfile.DISK for Table:bucketTable
kdc_1       | Oct 20 03:55:55 kdc kadmind[15](Notice): Request: kadm5_create_principal, om/7a0efa260dce@EXAMPLE.COM, success, client=admin/admin@EXAMPLE.COM, service=kadmin/admin@EXAMPLE.COM, addr=127.0.0.1
datanode_2  | 2019-10-20 03:56:31,852 INFO server.RaftServerConfigKeys: raft.server.sleep.deviation.threshold = 300 (default)
nm_1        | 2019-10-20 03:56:17 INFO  CallQueueManager:84 - Using callQueue: class java.util.concurrent.LinkedBlockingQueue, queueCapacity: 2000, scheduler: class org.apache.hadoop.ipc.DefaultRpcScheduler, ipcBackoff: false.
scm_1       | 2019-10-20 03:56:24,001 INFO ipc.Server: IPC Server Responder: starting
kms_1       | 	at com.sun.jersey.server.impl.wadl.WadlApplicationContextImpl.getApplication(WadlApplicationContextImpl.java:119)
rm_1        | 2019-10-20 03:56:19 INFO  CapacitySchedulerConfiguration:894 - max alloc mb per queue for root is undefined
datanode_3  | 2019-10-20 03:56:30,916 INFO storage.RaftStorageDirectory: Lock on /data/metadata/ratis/bb6736b4-2caa-4fb8-9f6e-e7c477bba6e9/in_use.lock acquired by nodename 7@ca72fe68deee
jhs         | 2019-10-20 03:56:19 INFO  HttpServer2:613 - adding path spec: /ws/*
datanode_1  | 2019-10-20 03:56:31,408 INFO server.RaftServerConfigKeys: raft.server.rpc.timeout.min = 5s (custom)
kdc_1       | Oct 20 03:55:55 kdc kadmind[15](info): closing down fd 18
nm_1        | 2019-10-20 03:56:17 INFO  Server:1074 - Starting Socket Reader #1 for port 42803
om_1        | 2019-10-20 03:56:28,509 INFO db.DBStoreBuilder: using custom profile for table: keyTable
datanode_2  | 2019-10-20 03:56:31,853 INFO server.RaftServerConfigKeys: raft.server.log.appender.install.snapshot.enabled = false (custom)
scm_1       | 2019-10-20 03:56:24,004 INFO server.StorageContainerManager: ScmBlockLocationProtocol RPC server is listening at /0.0.0.0:9863
kms_1       | 	at com.sun.jersey.server.impl.wadl.WadlApplicationContextImpl.getApplication(WadlApplicationContextImpl.java:138)
rm_1        | 2019-10-20 03:56:19 INFO  CapacitySchedulerConfiguration:898 - max alloc vcore per queue for root is undefined
jhs         | 2019-10-20 03:56:19 INFO  WebApps:395 - Registered webapp guice modules
datanode_3  | 2019-10-20 03:56:30,936 INFO storage.RaftStorage: Storage directory /data/metadata/ratis/bb6736b4-2caa-4fb8-9f6e-e7c477bba6e9 has been successfully formatted.
datanode_1  | 2019-10-20 03:56:31,408 INFO server.RaftServerConfigKeys: raft.server.rpc.timeout.max = 5200ms (custom)
kdc_1       | Oct 20 03:55:55 kdc kadmind[15](Notice): Request: kadm5_init, admin/admin@EXAMPLE.COM, success, client=admin/admin@EXAMPLE.COM, service=kadmin/admin@EXAMPLE.COM, addr=127.0.0.1, vers=4, flavor=6
nm_1        | 2019-10-20 03:56:18 INFO  RpcServerFactoryPBImpl:173 - Adding protocol org.apache.hadoop.yarn.api.ContainerManagementProtocolPB to the server
om_1        | 2019-10-20 03:56:28,509 INFO db.DBStoreBuilder: Using default column profile:DBProfile.DISK for Table:keyTable
datanode_2  | 2019-10-20 03:56:31,859 INFO impl.RaftServerImpl: 1012a8fd-22ef-412c-a4c2-c70fb43d8281@group-92AD07D0A52A: ConfigurationManager, init=-1: [1012a8fd-22ef-412c-a4c2-c70fb43d8281:172.18.0.2:9858], old=null, confs=<EMPTY_MAP>
scm_1       | 2019-10-20 03:56:24,005 INFO server.SCMBlockProtocolServer: RPC server for Block Protocol is listening at /0.0.0.0:9863
kms_1       | 	at com.sun.jersey.server.impl.wadl.WadlMethodFactory$WadlOptionsMethodDispatcher.dispatch(WadlMethodFactory.java:110)
rm_1        | 2019-10-20 03:56:19 INFO  ParentQueue:151 - root, capacity=1.0, absoluteCapacity=1.0, maxCapacity=1.0, absoluteMaxCapacity=1.0, state=RUNNING, acls=ADMINISTER_QUEUE:*SUBMIT_APP:*, labels=*,
jhs         | 2019-10-20 03:56:19 INFO  HttpServer2:1191 - Jetty bound to port 8188
datanode_3  | 2019-10-20 03:56:30,939 [pool-9-thread-1] INFO       - group-E7C477BBA6E9: The snapshot info is null. Setting the last applied indexto:(t:0, i:~)
datanode_1  | 2019-10-20 03:56:31,408 INFO server.RaftServerConfigKeys: raft.server.rpcslowness.timeout = 120s (custom)
kdc_1       | Oct 20 03:55:55 kdc kadmind[15](Notice): Request: kadm5_randkey_principal, om/7a0efa260dce@EXAMPLE.COM, success, client=admin/admin@EXAMPLE.COM, service=kadmin/admin@EXAMPLE.COM, addr=127.0.0.1
nm_1        | 2019-10-20 03:56:18 INFO  Server:1314 - IPC Server Responder: starting
om_1        | 2019-10-20 03:56:28,509 INFO db.DBStoreBuilder: using custom profile for table: deletedTable
datanode_2  | 2019-10-20 03:56:31,859 INFO server.RaftServerConfigKeys: raft.server.storage.dir = [/data/metadata/ratis] (custom)
kms_1       | 	at com.sun.jersey.server.impl.uri.rules.HttpMethodRule.accept(HttpMethodRule.java:302)
rm_1        | , reservationsContinueLooking=true, orderingPolicy=utilization, priority=0
jhs         | 2019-10-20 03:56:19 INFO  Server:351 - jetty-9.3.24.v20180605, build timestamp: 2018-06-05T17:11:56Z, git hash: 84205aa28f11a4f31f2a3b86d1bba2cc8ab69827
scm_1       | 2019-10-20 03:56:24,005 INFO ipc.Server: IPC Server Responder: starting
datanode_3  | 2019-10-20 03:56:30,939 INFO server.RaftServerConfigKeys: raft.server.notification.no-leader.timeout = 120s (custom)
datanode_1  | 2019-10-20 03:56:31,409 INFO server.RaftServerConfigKeys: raft.server.sleep.deviation.threshold = 300 (default)
kdc_1       | Oct 20 03:55:55 kdc kadmind[15](Notice): Request: kadm5_get_principal, om/7a0efa260dce@EXAMPLE.COM, success, client=admin/admin@EXAMPLE.COM, service=kadmin/admin@EXAMPLE.COM, addr=127.0.0.1
nm_1        | 2019-10-20 03:56:18 INFO  Server:1153 - IPC Server listener on 42803: starting
datanode_2  | 2019-10-20 03:56:31,864 INFO server.RaftServerConfigKeys: raft.server.log.corruption.policy = EXCEPTION (default)
om_1        | 2019-10-20 03:56:28,509 INFO db.DBStoreBuilder: Using default column profile:DBProfile.DISK for Table:deletedTable
kms_1       | 	at com.sun.jersey.server.impl.uri.rules.ResourceClassRule.accept(ResourceClassRule.java:108)
rm_1        | 2019-10-20 03:56:19 INFO  ParentQueue:114 - Initialized parent-queue root name=root, fullname=root
jhs         | 2019-10-20 03:56:19 INFO  AbstractDelegationTokenSecretManager:343 - Updating the current master key for generating delegation tokens
scm_1       | 2019-10-20 03:56:24,005 INFO ipc.Server: IPC Server listener on 9863: starting
datanode_3  | 2019-10-20 03:56:30,942 INFO server.RaftServerConfigKeys: raft.server.log.use.memory = false (default)
datanode_1  | 2019-10-20 03:56:31,409 INFO server.RaftServerConfigKeys: raft.server.log.appender.install.snapshot.enabled = false (custom)
kdc_1       | Oct 20 03:55:55 kdc kadmind[15](info): closing down fd 18
nm_1        | 2019-10-20 03:56:18 INFO  NMContainerTokenSecretManager:265 - Updating node address : nm:42803
datanode_2  | 2019-10-20 03:56:31,865 INFO storage.RaftStorageDirectory: The storage directory /data/metadata/ratis/1547a2d1-065a-4be4-9ce5-92ad07d0a52a does not exist. Creating ...
om_1        | 2019-10-20 03:56:28,509 INFO db.DBStoreBuilder: using custom profile for table: openKeyTable
kms_1       | 	at com.sun.jersey.server.impl.uri.rules.RightHandPathRule.accept(RightHandPathRule.java:147)
jhs         | 2019-10-20 03:56:19 INFO  AbstractDelegationTokenSecretManager:675 - Starting expired delegation token remover thread, tokenRemoverScanInterval=60 min(s)
rm_1        | 2019-10-20 03:56:19 INFO  CapacitySchedulerConfiguration:894 - max alloc mb per queue for root.default is undefined
scm_1       | 2019-10-20 03:56:24,009 INFO server.StorageContainerManager: ScmDatanodeProtocl RPC server is listening at /0.0.0.0:9861
datanode_3  | 2019-10-20 03:56:30,946 INFO server.RaftServerConfigKeys: raft.server.log.purge.gap = 1000000 (custom)
datanode_1  | 2019-10-20 03:56:31,416 INFO impl.RaftServerImpl: 97130f68-c9d4-4baa-b9e9-f5668f33d27f@group-BB3D3EFBC7E5: ConfigurationManager, init=-1: [97130f68-c9d4-4baa-b9e9-f5668f33d27f:172.18.0.4:9858], old=null, confs=<EMPTY_MAP>
kdc_1       | Oct 20 03:55:55 kdc kadmind[15](Notice): Request: kadm5_init, admin/admin@EXAMPLE.COM, success, client=admin/admin@EXAMPLE.COM, service=kadmin/admin@EXAMPLE.COM, addr=127.0.0.1, vers=4, flavor=6
nm_1        | 2019-10-20 03:56:18 INFO  CallQueueManager:84 - Using callQueue: class java.util.concurrent.LinkedBlockingQueue, queueCapacity: 500, scheduler: class org.apache.hadoop.ipc.DefaultRpcScheduler, ipcBackoff: false.
datanode_2  | 2019-10-20 03:56:31,882 INFO storage.RaftStorageDirectory: Lock on /data/metadata/ratis/1547a2d1-065a-4be4-9ce5-92ad07d0a52a/in_use.lock acquired by nodename 7@6fe626a2e264
om_1        | 2019-10-20 03:56:28,509 INFO db.DBStoreBuilder: Using default column profile:DBProfile.DISK for Table:openKeyTable
jhs         | 2019-10-20 03:56:19 INFO  ContextHandler:781 - Started o.e.j.s.ServletContextHandler@6a47b187{/logs,file:///opt/hadoop/logs/,AVAILABLE}
kms_1       | 	at com.sun.jersey.server.impl.uri.rules.RootResourceClassesRule.accept(RootResourceClassesRule.java:84)
scm_1       | 2019-10-20 03:56:24,009 INFO server.SCMDatanodeProtocolServer: RPC server for DataNodes is listening at /0.0.0.0:9861
rm_1        | 2019-10-20 03:56:19 INFO  CapacitySchedulerConfiguration:898 - max alloc vcore per queue for root.default is undefined
datanode_3  | 2019-10-20 03:56:30,946 INFO server.RaftServerConfigKeys: raft.server.log.appender.buffer.byte-limit = 33554432 (custom)
datanode_1  | 2019-10-20 03:56:31,416 INFO server.RaftServerConfigKeys: raft.server.storage.dir = [/data/metadata/ratis] (custom)
kdc_1       | Oct 20 03:55:55 kdc kadmind[15](Notice): Request: kadm5_get_policy, default, Policy does not exist, client=admin/admin@EXAMPLE.COM, service=kadmin/admin@EXAMPLE.COM, addr=127.0.0.1
nm_1        | 2019-10-20 03:56:18 INFO  Server:1074 - Starting Socket Reader #1 for port 8040
datanode_2  | 2019-10-20 03:56:31,897 INFO storage.RaftStorage: Storage directory /data/metadata/ratis/1547a2d1-065a-4be4-9ce5-92ad07d0a52a has been successfully formatted.
om_1        | 2019-10-20 03:56:28,509 INFO db.DBStoreBuilder: using custom profile for table: s3Table
jhs         | 2019-10-20 03:56:19 INFO  ContextHandler:781 - Started o.e.j.s.ServletContextHandler@11bb571c{/static,jar:file:/opt/hadoop/share/hadoop/yarn/hadoop-yarn-common-3.2.0.jar!/webapps/static,AVAILABLE}
kms_1       | 	at com.sun.jersey.server.impl.application.WebApplicationImpl._handleRequest(WebApplicationImpl.java:1542)
scm_1       | 2019-10-20 03:56:24,010 INFO ipc.Server: IPC Server Responder: starting
datanode_3  | 2019-10-20 03:56:30,948 INFO server.RaftServerConfigKeys: raft.server.log.segment.size.max = 1048576 (custom)
rm_1        | 2019-10-20 03:56:19 INFO  LeafQueue:285 - Initializing default
datanode_1  | 2019-10-20 03:56:31,420 INFO server.RaftServerConfigKeys: raft.server.log.corruption.policy = EXCEPTION (default)
kdc_1       | Oct 20 03:55:55 kdc kadmind[15](Notice): Request: kadm5_create_principal, scm/s3g@EXAMPLE.COM, success, client=admin/admin@EXAMPLE.COM, service=kadmin/admin@EXAMPLE.COM, addr=127.0.0.1
datanode_2  | 2019-10-20 03:56:31,900 [pool-9-thread-1] INFO       - group-92AD07D0A52A: The snapshot info is null. Setting the last applied indexto:(t:0, i:~)
om_1        | 2019-10-20 03:56:28,509 INFO db.DBStoreBuilder: Using default column profile:DBProfile.DISK for Table:s3Table
jhs         | Oct 20, 2019 3:56:20 AM com.sun.jersey.guice.spi.container.GuiceComponentProviderFactory register
kms_1       | 	at com.sun.jersey.server.impl.application.WebApplicationImpl._handleRequest(WebApplicationImpl.java:1473)
scm_1       | 2019-10-20 03:56:24,010 INFO ipc.Server: IPC Server listener on 9861: starting
datanode_3  | 2019-10-20 03:56:30,950 WARN impl.MetricsSystemImpl: HddsDatanode metrics system already initialized!
rm_1        | capacity = 1.0 [= (float) configuredCapacity / 100 ]
nm_1        | 2019-10-20 03:56:18 INFO  RpcServerFactoryPBImpl:173 - Adding protocol org.apache.hadoop.yarn.server.nodemanager.api.LocalizationProtocolPB to the server
datanode_1  | 2019-10-20 03:56:31,422 INFO storage.RaftStorageDirectory: The storage directory /data/metadata/ratis/9d927533-3fa0-4979-b386-bb3d3efbc7e5 does not exist. Creating ...
kdc_1       | Oct 20 03:55:55 kdc kadmind[15](info): closing down fd 18
datanode_2  | 2019-10-20 03:56:31,901 INFO server.RaftServerConfigKeys: raft.server.notification.no-leader.timeout = 120s (custom)
om_1        | 2019-10-20 03:56:28,510 INFO db.DBStoreBuilder: using custom profile for table: multipartInfoTable
jhs         | INFO: Registering org.apache.hadoop.yarn.webapp.YarnJacksonJaxbJsonProvider as a provider class
kms_1       | 	at com.sun.jersey.server.impl.application.WebApplicationImpl.handleRequest(WebApplicationImpl.java:1419)
scm_1       | 2019-10-20 03:56:24,014 INFO server.SCMClientProtocolServer: Starting RPC server for SCMSecurityProtocolServer. is listening at /0.0.0.0:9961
rm_1        | absoluteCapacity = 1.0 [= parentAbsoluteCapacity * capacity ]
datanode_1  | 2019-10-20 03:56:31,436 INFO storage.RaftStorageDirectory: Lock on /data/metadata/ratis/9d927533-3fa0-4979-b386-bb3d3efbc7e5/in_use.lock acquired by nodename 7@850da851438a
kdc_1       | Oct 20 03:55:55 kdc kadmind[15](Notice): Request: kadm5_init, admin/admin@EXAMPLE.COM, success, client=admin/admin@EXAMPLE.COM, service=kadmin/admin@EXAMPLE.COM, addr=127.0.0.1, vers=4, flavor=6
om_1        | 2019-10-20 03:56:28,510 INFO db.DBStoreBuilder: Using default column profile:DBProfile.DISK for Table:multipartInfoTable
nm_1        | 2019-10-20 03:56:18 INFO  Server:1314 - IPC Server Responder: starting
datanode_2  | 2019-10-20 03:56:31,903 INFO server.RaftServerConfigKeys: raft.server.log.use.memory = false (default)
jhs         | Oct 20, 2019 3:56:20 AM com.sun.jersey.guice.spi.container.GuiceComponentProviderFactory register
datanode_3  | 2019-10-20 03:56:30,956 INFO metrics.MetricRegistries: Loaded MetricRegistries class org.apache.ratis.metrics.impl.MetricRegistriesImpl
scm_1       | 2019-10-20 03:56:24,016 INFO ipc.Server: IPC Server Responder: starting
rm_1        | maxCapacity = 1.0 [= configuredMaxCapacity ]
datanode_1  | 2019-10-20 03:56:31,451 INFO storage.RaftStorage: Storage directory /data/metadata/ratis/9d927533-3fa0-4979-b386-bb3d3efbc7e5 has been successfully formatted.
kdc_1       | Oct 20 03:55:55 kdc kadmind[15](Notice): Request: kadm5_randkey_principal, scm/s3g@EXAMPLE.COM, success, client=admin/admin@EXAMPLE.COM, service=kadmin/admin@EXAMPLE.COM, addr=127.0.0.1
om_1        | 2019-10-20 03:56:28,511 INFO db.DBStoreBuilder: using custom profile for table: dTokenTable
nm_1        | 2019-10-20 03:56:18 INFO  Server:1153 - IPC Server listener on 8040: starting
kms_1       | 	at com.sun.jersey.server.impl.application.WebApplicationImpl.handleRequest(WebApplicationImpl.java:1409)
datanode_2  | 2019-10-20 03:56:31,908 INFO server.RaftServerConfigKeys: raft.server.log.purge.gap = 1000000 (custom)
jhs         | INFO: Registering org.apache.hadoop.yarn.server.applicationhistoryservice.webapp.AHSWebServices as a root resource class
datanode_3  | 2019-10-20 03:56:30,993 INFO server.RaftServerConfigKeys: raft.server.log.segment.cache.num.max = 2 (custom)
scm_1       | 2019-10-20 03:56:24,016 INFO ipc.Server: IPC Server listener on 9961: starting
rm_1        | absoluteMaxCapacity = 1.0 [= 1.0 maximumCapacity undefined, (parentAbsoluteMaxCapacity * maximumCapacity) / 100 otherwise ]
datanode_1  | 2019-10-20 03:56:31,454 [pool-9-thread-1] INFO       - group-BB3D3EFBC7E5: The snapshot info is null. Setting the last applied indexto:(t:0, i:~)
kdc_1       | Oct 20 03:55:55 kdc kadmind[15](Notice): Request: kadm5_get_principal, scm/s3g@EXAMPLE.COM, success, client=admin/admin@EXAMPLE.COM, service=kadmin/admin@EXAMPLE.COM, addr=127.0.0.1
nm_1        | 2019-10-20 03:56:18 INFO  ResourceLocalizationService:392 - Localizer started on port 8040
kms_1       | 	at com.sun.jersey.spi.container.servlet.WebComponent.service(WebComponent.java:409)
datanode_2  | 2019-10-20 03:56:31,908 INFO server.RaftServerConfigKeys: raft.server.log.appender.buffer.byte-limit = 33554432 (custom)
jhs         | Oct 20, 2019 3:56:20 AM com.sun.jersey.guice.spi.container.GuiceComponentProviderFactory register
datanode_3  | 2019-10-20 03:56:30,998 INFO segmented.SegmentedRaftLogWorker: new 614453c4-675d-44a9-983f-733dc7f12140@group-E7C477BBA6E9-SegmentedRaftLogWorker for RaftStorage:Storage Directory /data/metadata/ratis/bb6736b4-2caa-4fb8-9f6e-e7c477bba6e9
scm_1       | 2019-10-20 03:56:24,020 INFO http.HttpServer2: Jetty bound to port 9876
datanode_1  | 2019-10-20 03:56:31,454 INFO server.RaftServerConfigKeys: raft.server.notification.no-leader.timeout = 120s (custom)
kdc_1       | Oct 20 03:55:56 kdc kadmind[15](info): closing down fd 18
nm_1        | 2019-10-20 03:56:18 INFO  IndexCache:47 - IndexCache created with max memory = 10485760
kms_1       | 	at com.sun.jersey.spi.container.servlet.ServletContainer.service(ServletContainer.java:558)
datanode_2  | 2019-10-20 03:56:31,909 INFO server.RaftServerConfigKeys: raft.server.log.segment.size.max = 1048576 (custom)
datanode_3  | 2019-10-20 03:56:30,998 INFO server.RaftServerConfigKeys: raft.server.log.queue.byte-limit = 2147483647 (custom)
rm_1        | effectiveMinResource=<memory:0, vCores:0>
om_1        | 2019-10-20 03:56:28,511 INFO db.DBStoreBuilder: Using default column profile:DBProfile.DISK for Table:dTokenTable
scm_1       | 2019-10-20 03:56:24,022 INFO server.Server: jetty-9.3.25.v20180904, build timestamp: 2018-09-04T21:11:46Z, git hash: 3ce520221d0240229c862b122d2b06c12a625732
datanode_1  | 2019-10-20 03:56:31,456 INFO server.RaftServerConfigKeys: raft.server.log.use.memory = false (default)
kdc_1       | Oct 20 03:55:56 kdc kadmind[15](Notice): Request: kadm5_init, admin/admin@EXAMPLE.COM, success, client=admin/admin@EXAMPLE.COM, service=kadmin/admin@EXAMPLE.COM, addr=127.0.0.1, vers=4, flavor=6
jhs         | INFO: Registering org.apache.hadoop.yarn.server.timeline.webapp.TimelineWebServices as a root resource class
nm_1        | 2019-10-20 03:56:18 INFO  ShuffleHandler:549 - mapreduce_shuffle listening on port 13562
kms_1       | 	at com.sun.jersey.spi.container.servlet.ServletContainer.service(ServletContainer.java:733)
datanode_2  | 2019-10-20 03:56:31,911 WARN impl.MetricsSystemImpl: HddsDatanode metrics system already initialized!
datanode_3  | 2019-10-20 03:56:30,998 INFO server.RaftServerConfigKeys: raft.server.log.queue.element-limit = 1024 (custom)
rm_1        |  , effectiveMaxResource=<memory:0, vCores:0>
om_1        | 2019-10-20 03:56:28,511 INFO db.DBStoreBuilder: using custom profile for table: s3SecretTable
scm_1       | 2019-10-20 03:56:24,065 INFO handler.ContextHandler: Started o.e.j.s.ServletContextHandler@4483d35{/logs,file:///var/log/hadoop/,AVAILABLE}
datanode_1  | 2019-10-20 03:56:31,461 INFO server.RaftServerConfigKeys: raft.server.log.purge.gap = 1000000 (custom)
kdc_1       | Oct 20 03:55:56 kdc kadmind[15](Notice): Request: kadm5_get_policy, default, Policy does not exist, client=admin/admin@EXAMPLE.COM, service=kadmin/admin@EXAMPLE.COM, addr=127.0.0.1
jhs         | Oct 20, 2019 3:56:20 AM com.sun.jersey.guice.spi.container.GuiceComponentProviderFactory register
nm_1        | 2019-10-20 03:56:18 INFO  ContainerManagerImpl:666 - ContainerManager started at nm/172.18.0.10:42803
kms_1       | 	at javax.servlet.http.HttpServlet.service(HttpServlet.java:790)
datanode_2  | 2019-10-20 03:56:31,917 INFO metrics.MetricRegistries: Loaded MetricRegistries class org.apache.ratis.metrics.impl.MetricRegistriesImpl
datanode_3  | 2019-10-20 03:56:30,999 INFO server.RaftServerConfigKeys: raft.server.log.segment.size.max = 1048576 (custom)
rm_1        | userLimit = 100 [= configuredUserLimit ]
om_1        | 2019-10-20 03:56:28,511 INFO db.DBStoreBuilder: Using default column profile:DBProfile.DISK for Table:s3SecretTable
scm_1       | 2019-10-20 03:56:24,066 INFO handler.ContextHandler: Started o.e.j.s.ServletContextHandler@3762c4fc{/static,jar:file:/opt/hadoop/share/ozone/lib/hadoop-hdds-server-scm-0.5.0-SNAPSHOT.jar!/webapps/static,AVAILABLE}
datanode_1  | 2019-10-20 03:56:31,461 INFO server.RaftServerConfigKeys: raft.server.log.appender.buffer.byte-limit = 33554432 (custom)
kdc_1       | Oct 20 03:55:56 kdc kadmind[15](Notice): Request: kadm5_create_principal, om/nm@EXAMPLE.COM, success, client=admin/admin@EXAMPLE.COM, service=kadmin/admin@EXAMPLE.COM, addr=127.0.0.1
jhs         | INFO: Registering org.apache.hadoop.yarn.webapp.GenericExceptionHandler as a provider class
nm_1        | 2019-10-20 03:56:18 INFO  ContainerManagerImpl:667 - ContainerManager bound to 0.0.0.0/0.0.0.0:0
kms_1       | 	at org.eclipse.jetty.servlet.ServletHolder.handle(ServletHolder.java:848)
datanode_2  | 2019-10-20 03:56:31,960 INFO server.RaftServerConfigKeys: raft.server.log.segment.cache.num.max = 2 (custom)
datanode_3  | 2019-10-20 03:56:31,000 INFO server.RaftServerConfigKeys: raft.server.log.preallocated.size = 16384 (custom)
om_1        | 2019-10-20 03:56:28,512 INFO db.DBStoreBuilder: using custom profile for table: prefixTable
rm_1        | userLimitFactor = 1.0 [= configuredUserLimitFactor ]
scm_1       | 2019-10-20 03:56:24,191 INFO server.KerberosAuthenticationHandler: Using keytab /etc/security/keytabs/HTTP.keytab, for principal HTTP/scm@EXAMPLE.COM
datanode_1  | 2019-10-20 03:56:31,463 INFO server.RaftServerConfigKeys: raft.server.log.segment.size.max = 1048576 (custom)
kdc_1       | Oct 20 03:55:56 kdc kadmind[15](info): closing down fd 18
jhs         | Oct 20, 2019 3:56:20 AM com.sun.jersey.server.impl.application.WebApplicationImpl _initiate
nm_1        | 2019-10-20 03:56:18 INFO  WebServer:99 - Instantiating NMWebApp at 0.0.0.0:8042
kms_1       | 	at org.eclipse.jetty.servlet.ServletHandler$CachedChain.doFilter(ServletHandler.java:1772)
datanode_2  | 2019-10-20 03:56:31,966 INFO segmented.SegmentedRaftLogWorker: new 1012a8fd-22ef-412c-a4c2-c70fb43d8281@group-92AD07D0A52A-SegmentedRaftLogWorker for RaftStorage:Storage Directory /data/metadata/ratis/1547a2d1-065a-4be4-9ce5-92ad07d0a52a
datanode_3  | 2019-10-20 03:56:31,000 INFO server.RaftServerConfigKeys: raft.server.log.write.buffer.size = 33554432 (custom)
om_1        | 2019-10-20 03:56:28,512 INFO db.DBStoreBuilder: Using default column profile:DBProfile.DISK for Table:prefixTable
rm_1        | maxApplications = 10000 [= configuredMaximumSystemApplicationsPerQueue or (int)(configuredMaximumSystemApplications * absoluteCapacity)]
scm_1       | 2019-10-20 03:56:24,197 INFO handler.ContextHandler: Started o.e.j.w.WebAppContext@10850d17{/,file:///tmp/jetty-0.0.0.0-9876-scm-_-any-14862747052943788894.dir/webapp/,AVAILABLE}{/scm}
datanode_1  | 2019-10-20 03:56:31,465 WARN impl.MetricsSystemImpl: HddsDatanode metrics system already initialized!
kdc_1       | Oct 20 03:55:56 kdc kadmind[15](Notice): Request: kadm5_init, admin/admin@EXAMPLE.COM, success, client=admin/admin@EXAMPLE.COM, service=kadmin/admin@EXAMPLE.COM, addr=127.0.0.1, vers=4, flavor=6
jhs         | INFO: Initiating Jersey application, version 'Jersey: 1.19 02/11/2015 03:25 AM'
nm_1        | 2019-10-20 03:56:18 INFO  log:192 - Logging initialized @2307ms
kms_1       | 	at org.apache.hadoop.crypto.key.kms.server.KMSMDCFilter.doFilter(KMSMDCFilter.java:84)
datanode_2  | 2019-10-20 03:56:31,967 INFO server.RaftServerConfigKeys: raft.server.log.queue.byte-limit = 2147483647 (custom)
datanode_3  | 2019-10-20 03:56:31,000 INFO server.RaftServerConfigKeys: raft.server.log.force.sync.num = 128 (default)
om_1        | 2019-10-20 03:56:28,529 INFO db.DBStoreBuilder: using custom profile for table: default
rm_1        | maxApplicationsPerUser = 10000 [= (int)(maxApplications * (userLimit / 100.0f) * userLimitFactor) ]
scm_1       | 2019-10-20 03:56:24,203 INFO server.AbstractConnector: Started ServerConnector@5a7df831{HTTP/1.1,[http/1.1]}{0.0.0.0:9876}
kdc_1       | Oct 20 03:55:56 kdc kadmind[15](Notice): Request: kadm5_randkey_principal, om/nm@EXAMPLE.COM, success, client=admin/admin@EXAMPLE.COM, service=kadmin/admin@EXAMPLE.COM, addr=127.0.0.1
datanode_1  | 2019-10-20 03:56:31,470 INFO metrics.MetricRegistries: Loaded MetricRegistries class org.apache.ratis.metrics.impl.MetricRegistriesImpl
jhs         | Oct 20, 2019 3:56:20 AM com.sun.jersey.guice.spi.container.GuiceComponentProviderFactory getComponentProvider
nm_1        | 2019-10-20 03:56:18 INFO  AuthenticationFilter:240 - Unable to initialize FileSignerSecretProvider, falling back to use random secrets.
kms_1       | 	at org.eclipse.jetty.servlet.ServletHandler$CachedChain.doFilter(ServletHandler.java:1759)
datanode_2  | 2019-10-20 03:56:31,967 INFO server.RaftServerConfigKeys: raft.server.log.queue.element-limit = 1024 (custom)
datanode_3  | 2019-10-20 03:56:31,001 INFO server.RaftServerConfigKeys: raft.server.log.statemachine.data.sync = true (default)
rm_1        | usedCapacity = 0.0 [= usedResourcesMemory / (clusterResourceMemory * absoluteCapacity)]
scm_1       | 2019-10-20 03:56:24,204 INFO server.Server: Started @4711ms
om_1        | 2019-10-20 03:56:28,529 INFO db.DBStoreBuilder: Using default column profile:DBProfile.DISK for Table:default
kdc_1       | Oct 20 03:55:56 kdc kadmind[15](Notice): Request: kadm5_get_principal, om/nm@EXAMPLE.COM, success, client=admin/admin@EXAMPLE.COM, service=kadmin/admin@EXAMPLE.COM, addr=127.0.0.1
datanode_1  | 2019-10-20 03:56:31,507 INFO server.RaftServerConfigKeys: raft.server.log.segment.cache.num.max = 2 (custom)
jhs         | INFO: Binding org.apache.hadoop.yarn.webapp.GenericExceptionHandler to GuiceManagedComponentProvider with the scope "Singleton"
nm_1        | 2019-10-20 03:56:18 INFO  HttpRequestLog:81 - Http request log for http.requests.nodemanager is not defined
kms_1       | 	at org.apache.hadoop.security.authentication.server.AuthenticationFilter.doFilter(AuthenticationFilter.java:644)
datanode_2  | 2019-10-20 03:56:31,969 INFO server.RaftServerConfigKeys: raft.server.log.segment.size.max = 1048576 (custom)
datanode_3  | 2019-10-20 03:56:31,001 INFO server.RaftServerConfigKeys: raft.server.log.statemachine.data.sync.timeout = 10s (default)
rm_1        | absoluteUsedCapacity = 0.0 [= usedResourcesMemory / clusterResourceMemory]
scm_1       | 2019-10-20 03:56:24,206 INFO impl.MetricsSinkAdapter: Sink prometheus started
om_1        | 2019-10-20 03:56:28,531 INFO db.DBStoreBuilder: Using default options. DBProfile.DISK
kdc_1       | Oct 20 03:55:56 kdc kadmind[15](info): closing down fd 18
jhs         | Oct 20, 2019 3:56:20 AM com.sun.jersey.guice.spi.container.GuiceComponentProviderFactory getComponentProvider
datanode_1  | 2019-10-20 03:56:31,512 INFO segmented.SegmentedRaftLogWorker: new 97130f68-c9d4-4baa-b9e9-f5668f33d27f@group-BB3D3EFBC7E5-SegmentedRaftLogWorker for RaftStorage:Storage Directory /data/metadata/ratis/9d927533-3fa0-4979-b386-bb3d3efbc7e5
nm_1        | 2019-10-20 03:56:18 INFO  HttpServer2:975 - Added global filter 'safety' (class=org.apache.hadoop.http.HttpServer2$QuotingInputFilter)
kms_1       | 	at org.apache.hadoop.security.token.delegation.web.DelegationTokenAuthenticationFilter.doFilter(DelegationTokenAuthenticationFilter.java:304)
datanode_2  | 2019-10-20 03:56:31,969 INFO server.RaftServerConfigKeys: raft.server.log.preallocated.size = 16384 (custom)
datanode_3  | 2019-10-20 03:56:31,002 INFO server.RaftServerConfigKeys: raft.server.log.statemachine.data.sync.timeout.retry = -1 (default)
rm_1        | maxAMResourcePerQueuePercent = 0.1 [= configuredMaximumAMResourcePercent ]
scm_1       | 2019-10-20 03:56:24,206 INFO impl.MetricsSystemImpl: Registered sink prometheus
om_1        | 2019-10-20 03:56:29,038 INFO Configuration.deprecation: No unit for ozone.manager.delegation.remover.scan.interval(3600000) assuming MILLISECONDS
kdc_1       | Oct 20 03:55:56 kdc kadmind[15](Notice): Request: kadm5_init, admin/admin@EXAMPLE.COM, success, client=admin/admin@EXAMPLE.COM, service=kadmin/admin@EXAMPLE.COM, addr=127.0.0.1, vers=4, flavor=6
jhs         | INFO: Binding org.apache.hadoop.yarn.webapp.YarnJacksonJaxbJsonProvider to GuiceManagedComponentProvider with the scope "Singleton"
datanode_1  | 2019-10-20 03:56:31,512 INFO server.RaftServerConfigKeys: raft.server.log.queue.byte-limit = 2147483647 (custom)
kms_1       | 	at org.apache.hadoop.security.authentication.server.AuthenticationFilter.doFilter(AuthenticationFilter.java:592)
nm_1        | 2019-10-20 03:56:18 INFO  HttpServer2:948 - Added filter static_user_filter (class=org.apache.hadoop.http.lib.StaticUserWebFilter$StaticUserFilter) to context node
datanode_2  | 2019-10-20 03:56:31,970 INFO server.RaftServerConfigKeys: raft.server.log.write.buffer.size = 33554432 (custom)
datanode_3  | 2019-10-20 03:56:31,010 INFO server.RaftServerConfigKeys: raft.server.log.statemachine.data.caching.enabled = true (custom)
rm_1        | minimumAllocationFactor = 0.875 [= (float)(maximumAllocationMemory - minimumAllocationMemory) / maximumAllocationMemory ]
scm_1       | 2019-10-20 03:56:24,208 INFO server.BaseHttpServer: HTTP server of SCM is listening at http://0.0.0.0:9876
om_1        | 2019-10-20 03:56:29,041 [main] INFO       - Loaded 0 tokens
kdc_1       | Oct 20 03:55:56 kdc kadmind[15](Notice): Request: kadm5_get_policy, default, Policy does not exist, client=admin/admin@EXAMPLE.COM, service=kadmin/admin@EXAMPLE.COM, addr=127.0.0.1
jhs         | Oct 20, 2019 3:56:21 AM com.sun.jersey.guice.spi.container.GuiceComponentProviderFactory getComponentProvider
datanode_1  | 2019-10-20 03:56:31,512 INFO server.RaftServerConfigKeys: raft.server.log.queue.element-limit = 1024 (custom)
kms_1       | 	at org.apache.hadoop.crypto.key.kms.server.KMSAuthenticationFilter.doFilter(KMSAuthenticationFilter.java:142)
nm_1        | 2019-10-20 03:56:18 INFO  HttpServer2:958 - Added filter static_user_filter (class=org.apache.hadoop.http.lib.StaticUserWebFilter$StaticUserFilter) to context static
datanode_2  | 2019-10-20 03:56:31,970 INFO server.RaftServerConfigKeys: raft.server.log.force.sync.num = 128 (default)
datanode_3  | 2019-10-20 03:56:31,014 INFO segmented.SegmentedRaftLogWorker: 614453c4-675d-44a9-983f-733dc7f12140@group-E7C477BBA6E9-SegmentedRaftLogWorker: flushIndex: setUnconditionally 0 -> -1
rm_1        | maximumAllocation = <memory:8192, vCores:4> [= configuredMaxAllocation ]
scm_1       | 2019-10-20 03:56:24,216 INFO util.JvmPauseMonitor: Starting JVM pause monitor
kdc_1       | Oct 20 03:55:56 kdc kadmind[15](Notice): Request: kadm5_create_principal, dn/jhs@EXAMPLE.COM, success, client=admin/admin@EXAMPLE.COM, service=kadmin/admin@EXAMPLE.COM, addr=127.0.0.1
om_1        | 2019-10-20 03:56:29,042 [main] INFO       - Loading token state into token manager.
datanode_1  | 2019-10-20 03:56:31,513 INFO server.RaftServerConfigKeys: raft.server.log.segment.size.max = 1048576 (custom)
kms_1       | 	at org.eclipse.jetty.servlet.ServletHandler$CachedChain.doFilter(ServletHandler.java:1751)
nm_1        | 2019-10-20 03:56:18 INFO  HttpServer2:958 - Added filter static_user_filter (class=org.apache.hadoop.http.lib.StaticUserWebFilter$StaticUserFilter) to context logs
datanode_2  | 2019-10-20 03:56:31,971 INFO server.RaftServerConfigKeys: raft.server.log.statemachine.data.sync = true (default)
datanode_3  | 2019-10-20 03:56:31,019 INFO server.RaftServerConfigKeys: raft.server.snapshot.auto.trigger.enabled = true (custom)
rm_1        | numContainers = 0 [= currentNumContainers ]
scm_1       | 2019-10-20 03:56:24,224 INFO ipc.Server: Auth successful for om/om@EXAMPLE.COM (auth:KERBEROS)
kdc_1       | Oct 20 03:55:56 kdc kadmind[15](info): closing down fd 18
om_1        | 2019-10-20 03:56:29,093 INFO ipc.CallQueueManager: Using callQueue: class java.util.concurrent.LinkedBlockingQueue, queueCapacity: 2000, scheduler: class org.apache.hadoop.ipc.DefaultRpcScheduler, ipcBackoff: false.
datanode_1  | 2019-10-20 03:56:31,514 INFO server.RaftServerConfigKeys: raft.server.log.preallocated.size = 16384 (custom)
kms_1       | 	at org.apache.hadoop.http.HttpServer2$QuotingInputFilter.doFilter(HttpServer2.java:1609)
nm_1        | 2019-10-20 03:56:18 INFO  HttpServer2:948 - Added filter authentication (class=org.apache.hadoop.security.authentication.server.AuthenticationFilter) to context node
datanode_2  | 2019-10-20 03:56:31,971 INFO server.RaftServerConfigKeys: raft.server.log.statemachine.data.sync.timeout = 10s (default)
