datanode_1    | 2019-10-20 03:47:34,734 INFO server.RaftServerConfigKeys: raft.server.log.statemachine.data.sync.timeout = 10s (default)
freon_1       | 2019-10-20 03:47:59,180 [pool-2-thread-6] INFO       - Creating Bucket: vol-0-97992/bucket-7-77412, with Versioning false and Storage Type set to DISK and Encryption set to false 
datanode_2    | 2019-10-20 03:47:35,348 INFO impl.RaftServerImpl: 4b33234a-b25e-41bc-b730-671bcd1265f8@group-FE196CB6A369: changes role from      null to FOLLOWER at term 0 for startAsFollower
grafana_1     | t=2019-10-20T03:47:29+0000 lvl=info msg="Executing migration" logger=migrator id="add unique index data_source.account_id_name"
datanode_3    | 2019-10-20 03:47:34,189 INFO server.RaftServerConfigKeys: raft.server.snapshot.retention.file.num = 5 (custom)
scm_1         | 2019-10-20 03:47:33,049 INFO safemode.SCMSafeModeManager: ScmSafeModeManager, all rules are successfully validated
datanode_1    | 2019-10-20 03:47:34,735 INFO server.RaftServerConfigKeys: raft.server.log.statemachine.data.sync.timeout.retry = -1 (default)
datanode_2    | 2019-10-20 03:47:35,349 INFO impl.RoleInfo: 4b33234a-b25e-41bc-b730-671bcd1265f8: start FollowerState
freon_1       | 2019-10-20 03:47:59,182 [pool-2-thread-9] INFO       - Creating Bucket: vol-1-21424/bucket-7-11572, with Versioning false and Storage Type set to DISK and Encryption set to false 
grafana_1     | t=2019-10-20T03:47:29+0000 lvl=info msg="Executing migration" logger=migrator id="drop index IDX_data_source_account_id - v1"
datanode_3    | 2019-10-20 03:47:34,190 INFO server.RaftServerConfigKeys: raft.server.retrycache.expirytime = 600000ms (custom)
scm_1         | 2019-10-20 03:47:33,049 INFO safemode.SCMSafeModeManager: SCM exiting safe mode.
datanode_1    | 2019-10-20 03:47:34,744 INFO server.RaftServerConfigKeys: raft.server.log.statemachine.data.caching.enabled = true (custom)
datanode_2    | 2019-10-20 03:47:35,353 INFO util.JmxRegister: Successfully registered JMX Bean with object name Ratis:service=RaftServer,group=group-FE196CB6A369,id=4b33234a-b25e-41bc-b730-671bcd1265f8
freon_1       | 2019-10-20 03:47:59,185 [pool-2-thread-5] INFO       - Creating Bucket: vol-2-63830/bucket-7-86360, with Versioning false and Storage Type set to DISK and Encryption set to false 
grafana_1     | t=2019-10-20T03:47:29+0000 lvl=info msg="Executing migration" logger=migrator id="drop index UQE_data_source_account_id_name - v1"
datanode_3    | 2019-10-20 03:47:34,218 INFO impl.RaftServerImpl: 321a4440-0796-4940-b2e3-436a5e833cc8@group-ECB1E6637519: start as a follower, conf=-1: [321a4440-0796-4940-b2e3-436a5e833cc8:172.18.0.5:9858], old=null
datanode_1    | 2019-10-20 03:47:34,748 INFO segmented.SegmentedRaftLogWorker: 23160a79-e9d2-413c-a9a6-20717e601633@group-3AAD95D6F9AD-SegmentedRaftLogWorker: flushIndex: setUnconditionally 0 -> -1
datanode_2    | 2019-10-20 03:47:35,456 INFO impl.FollowerState: 4b33234a-b25e-41bc-b730-671bcd1265f8@group-FE196CB6A369-FollowerState: change to CANDIDATE, lastRpcTime:107ms, electionTimeout:106ms
freon_1       | 2019-10-20 03:47:59,186 [pool-2-thread-10] INFO       - Creating Bucket: vol-3-90169/bucket-7-75083, with Versioning false and Storage Type set to DISK and Encryption set to false 
scm_1         | 2019-10-20 03:47:33,148 INFO net.NetworkTopology: Added a new node: /default-rack/23160a79-e9d2-413c-a9a6-20717e601633
grafana_1     | t=2019-10-20T03:47:29+0000 lvl=info msg="Executing migration" logger=migrator id="Rename table data_source to data_source_v1 - v1"
datanode_3    | 2019-10-20 03:47:34,219 INFO impl.RaftServerImpl: 321a4440-0796-4940-b2e3-436a5e833cc8@group-ECB1E6637519: changes role from      null to FOLLOWER at term 0 for startAsFollower
datanode_1    | 2019-10-20 03:47:34,751 INFO server.RaftServerConfigKeys: raft.server.snapshot.auto.trigger.enabled = true (custom)
datanode_2    | 2019-10-20 03:47:35,458 INFO impl.RaftServerProxy: 4b33234a-b25e-41bc-b730-671bcd1265f8: addNew group-EC3C745C5D33:[23160a79-e9d2-413c-a9a6-20717e601633:172.18.0.4:9858, 4b33234a-b25e-41bc-b730-671bcd1265f8:172.18.0.8:9858, 321a4440-0796-4940-b2e3-436a5e833cc8:172.18.0.5:9858] returns group-EC3C745C5D33:java.util.concurrent.CompletableFuture@7bb63e5e[Not completed]
scm_1         | 2019-10-20 03:47:33,149 INFO node.SCMNodeManager: Registered Data node : 23160a79-e9d2-413c-a9a6-20717e601633{ip: 172.18.0.4, host: ozoneperf_datanode_1.ozoneperf_default, networkLocation: /default-rack, certSerialId: null}
freon_1       | 2019-10-20 03:47:59,187 [pool-2-thread-7] INFO       - Creating Bucket: vol-4-99866/bucket-7-67171, with Versioning false and Storage Type set to DISK and Encryption set to false 
grafana_1     | t=2019-10-20T03:47:29+0000 lvl=info msg="Executing migration" logger=migrator id="create data_source table v2"
datanode_3    | 2019-10-20 03:47:34,220 INFO impl.RoleInfo: 321a4440-0796-4940-b2e3-436a5e833cc8: start FollowerState
datanode_1    | 2019-10-20 03:47:34,752 INFO server.RaftServerConfigKeys: raft.server.snapshot.auto.trigger.threshold = 10000 (custom)
datanode_2    | 2019-10-20 03:47:35,459 INFO impl.RoleInfo: 4b33234a-b25e-41bc-b730-671bcd1265f8: shutdown FollowerState
scm_1         | WARNING: An illegal reflective access operation has occurred
freon_1       | 2019-10-20 03:47:59,187 [pool-2-thread-1] INFO       - Creating Bucket: vol-5-87902/bucket-7-50692, with Versioning false and Storage Type set to DISK and Encryption set to false 
grafana_1     | t=2019-10-20T03:47:29+0000 lvl=info msg="Executing migration" logger=migrator id="create index IDX_data_source_org_id - v2"
datanode_1    | 2019-10-20 03:47:34,752 INFO server.RaftServerConfigKeys: raft.server.snapshot.retention.file.num = 5 (custom)
datanode_3    | 2019-10-20 03:47:34,224 INFO util.JmxRegister: Successfully registered JMX Bean with object name Ratis:service=RaftServer,group=group-ECB1E6637519,id=321a4440-0796-4940-b2e3-436a5e833cc8
datanode_2    | 2019-10-20 03:47:35,460 INFO impl.RaftServerImpl: 4b33234a-b25e-41bc-b730-671bcd1265f8@group-FE196CB6A369: changes role from  FOLLOWER to CANDIDATE at term 0 for changeToCandidate
scm_1         | WARNING: Illegal reflective access by org.apache.ratis.thirdparty.com.google.protobuf.UnsafeUtil (file:/opt/hadoop/share/ozone/lib/ratis-thirdparty-misc-0.2.0.jar) to field java.nio.Buffer.address
freon_1       | 2019-10-20 03:47:59,188 [pool-2-thread-3] INFO       - Creating Bucket: vol-6-06534/bucket-7-94353, with Versioning false and Storage Type set to DISK and Encryption set to false 
grafana_1     | t=2019-10-20T03:47:29+0000 lvl=info msg="Executing migration" logger=migrator id="create index UQE_data_source_org_id_name - v2"
datanode_1    | 2019-10-20 03:47:34,753 INFO server.RaftServerConfigKeys: raft.server.retrycache.expirytime = 600000ms (custom)
datanode_3    | 2019-10-20 03:47:34,416 INFO impl.FollowerState: 321a4440-0796-4940-b2e3-436a5e833cc8@group-ECB1E6637519-FollowerState: change to CANDIDATE, lastRpcTime:196ms, electionTimeout:195ms
datanode_2    | 2019-10-20 03:47:35,462 INFO impl.RaftServerImpl: 4b33234a-b25e-41bc-b730-671bcd1265f8: new RaftServerImpl for group-EC3C745C5D33:[23160a79-e9d2-413c-a9a6-20717e601633:172.18.0.4:9858, 4b33234a-b25e-41bc-b730-671bcd1265f8:172.18.0.8:9858, 321a4440-0796-4940-b2e3-436a5e833cc8:172.18.0.5:9858] with ContainerStateMachine:uninitialized
scm_1         | WARNING: Please consider reporting this to the maintainers of org.apache.ratis.thirdparty.com.google.protobuf.UnsafeUtil
freon_1       | 2019-10-20 03:47:59,190 [pool-2-thread-8] INFO       - Creating Bucket: vol-7-33918/bucket-7-34326, with Versioning false and Storage Type set to DISK and Encryption set to false 
grafana_1     | t=2019-10-20T03:47:29+0000 lvl=info msg="Executing migration" logger=migrator id="copy data_source v1 to v2"
datanode_1    | 2019-10-20 03:47:34,780 INFO impl.RaftServerImpl: 23160a79-e9d2-413c-a9a6-20717e601633@group-3AAD95D6F9AD: start as a follower, conf=-1: [23160a79-e9d2-413c-a9a6-20717e601633:172.18.0.4:9858], old=null
datanode_2    | 2019-10-20 03:47:35,462 INFO server.RaftServerConfigKeys: raft.server.rpc.timeout.min = 5s (custom)
datanode_3    | 2019-10-20 03:47:34,418 INFO impl.RoleInfo: 321a4440-0796-4940-b2e3-436a5e833cc8: shutdown FollowerState
scm_1         | WARNING: Use --illegal-access=warn to enable warnings of further illegal reflective access operations
freon_1       | 2019-10-20 03:47:59,190 [pool-2-thread-4] INFO       - Creating Bucket: vol-8-84897/bucket-7-55896, with Versioning false and Storage Type set to DISK and Encryption set to false 
grafana_1     | t=2019-10-20T03:47:29+0000 lvl=info msg="Executing migration" logger=migrator id="Drop old table data_source_v1 #2"
datanode_1    | 2019-10-20 03:47:34,781 INFO impl.RaftServerImpl: 23160a79-e9d2-413c-a9a6-20717e601633@group-3AAD95D6F9AD: changes role from      null to FOLLOWER at term 0 for startAsFollower
datanode_2    | 2019-10-20 03:47:35,462 INFO server.RaftServerConfigKeys: raft.server.rpc.timeout.max = 5200ms (custom)
datanode_3    | 2019-10-20 03:47:34,418 INFO impl.RaftServerImpl: 321a4440-0796-4940-b2e3-436a5e833cc8@group-ECB1E6637519: changes role from  FOLLOWER to CANDIDATE at term 0 for changeToCandidate
scm_1         | WARNING: All illegal access operations will be denied in a future release
freon_1       | 2019-10-20 03:47:59,191 [pool-2-thread-2] INFO       - Creating Bucket: vol-9-05324/bucket-7-20007, with Versioning false and Storage Type set to DISK and Encryption set to false 
grafana_1     | t=2019-10-20T03:47:29+0000 lvl=info msg="Executing migration" logger=migrator id="Add column with_credentials"
datanode_1    | 2019-10-20 03:47:34,782 INFO impl.RoleInfo: 23160a79-e9d2-413c-a9a6-20717e601633: start FollowerState
datanode_2    | 2019-10-20 03:47:35,463 INFO server.RaftServerConfigKeys: raft.server.rpcslowness.timeout = 120s (custom)
datanode_3    | 2019-10-20 03:47:34,421 INFO impl.RoleInfo: 321a4440-0796-4940-b2e3-436a5e833cc8: start LeaderElection
scm_1         | 2019-10-20 03:47:34,152 INFO net.NetworkTopology: Added a new node: /default-rack/4b33234a-b25e-41bc-b730-671bcd1265f8
freon_1       | 2019-10-20 03:47:59,196 [pool-2-thread-10] INFO       - Creating Bucket: vol-0-97992/bucket-8-66872, with Versioning false and Storage Type set to DISK and Encryption set to false 
grafana_1     | t=2019-10-20T03:47:29+0000 lvl=info msg="Executing migration" logger=migrator id="Add secure json data column"
datanode_1    | 2019-10-20 03:47:34,786 INFO util.JmxRegister: Successfully registered JMX Bean with object name Ratis:service=RaftServer,group=group-3AAD95D6F9AD,id=23160a79-e9d2-413c-a9a6-20717e601633
datanode_2    | 2019-10-20 03:47:35,463 INFO server.RaftServerConfigKeys: raft.server.sleep.deviation.threshold = 300 (default)
datanode_3    | 2019-10-20 03:47:34,444 INFO impl.LeaderElection: 321a4440-0796-4940-b2e3-436a5e833cc8@group-ECB1E6637519-LeaderElection1: begin an election at term 1 for -1: [321a4440-0796-4940-b2e3-436a5e833cc8:172.18.0.5:9858], old=null
scm_1         | 2019-10-20 03:47:34,153 INFO node.SCMNodeManager: Registered Data node : 4b33234a-b25e-41bc-b730-671bcd1265f8{ip: 172.18.0.8, host: ozoneperf_datanode_2.ozoneperf_default, networkLocation: /default-rack, certSerialId: null}
grafana_1     | t=2019-10-20T03:47:29+0000 lvl=info msg="Executing migration" logger=migrator id="Update data_source table charset"
datanode_1    | 2019-10-20 03:47:34,954 INFO impl.FollowerState: 23160a79-e9d2-413c-a9a6-20717e601633@group-3AAD95D6F9AD-FollowerState: change to CANDIDATE, lastRpcTime:171ms, electionTimeout:171ms
freon_1       | 2019-10-20 03:47:59,196 [pool-2-thread-9] INFO       - Creating Bucket: vol-1-21424/bucket-8-09579, with Versioning false and Storage Type set to DISK and Encryption set to false 
datanode_3    | 2019-10-20 03:47:34,447 INFO impl.RoleInfo: 321a4440-0796-4940-b2e3-436a5e833cc8: shutdown LeaderElection
scm_1         | 2019-10-20 03:47:34,326 INFO pipeline.PipelineStateManager: Created pipeline Pipeline[ Id: bedda14a-2917-4398-ad91-ecb1e6637519, Nodes: 321a4440-0796-4940-b2e3-436a5e833cc8{ip: 172.18.0.5, host: ozoneperf_datanode_3.ozoneperf_default, networkLocation: /default-rack, certSerialId: null}, Type:RATIS, Factor:ONE, State:OPEN]
grafana_1     | t=2019-10-20T03:47:29+0000 lvl=info msg="Executing migration" logger=migrator id="Update initial version to 1"
datanode_1    | 2019-10-20 03:47:34,956 INFO impl.RoleInfo: 23160a79-e9d2-413c-a9a6-20717e601633: shutdown FollowerState
freon_1       | 2019-10-20 03:47:59,196 [pool-2-thread-7] INFO       - Creating Bucket: vol-2-63830/bucket-8-20355, with Versioning false and Storage Type set to DISK and Encryption set to false 
datanode_2    | 2019-10-20 03:47:35,463 INFO server.RaftServerConfigKeys: raft.server.log.appender.install.snapshot.enabled = false (custom)
datanode_3    | 2019-10-20 03:47:34,448 INFO impl.RaftServerImpl: 321a4440-0796-4940-b2e3-436a5e833cc8@group-ECB1E6637519: changes role from CANDIDATE to LEADER at term 1 for changeToLeader
scm_1         | 2019-10-20 03:47:34,844 INFO pipeline.PipelineStateManager: Created pipeline Pipeline[ Id: 4aad6924-6591-4453-b5e9-3aad95d6f9ad, Nodes: 23160a79-e9d2-413c-a9a6-20717e601633{ip: 172.18.0.4, host: ozoneperf_datanode_1.ozoneperf_default, networkLocation: /default-rack, certSerialId: null}, Type:RATIS, Factor:ONE, State:OPEN]
grafana_1     | t=2019-10-20T03:47:29+0000 lvl=info msg="Executing migration" logger=migrator id="Add read_only data column"
datanode_1    | 2019-10-20 03:47:34,956 INFO impl.RaftServerImpl: 23160a79-e9d2-413c-a9a6-20717e601633@group-3AAD95D6F9AD: changes role from  FOLLOWER to CANDIDATE at term 0 for changeToCandidate
freon_1       | 2019-10-20 03:47:59,198 [pool-2-thread-5] INFO       - Creating Bucket: vol-3-90169/bucket-8-70740, with Versioning false and Storage Type set to DISK and Encryption set to false 
datanode_2    | 2019-10-20 03:47:35,464 INFO impl.RaftServerImpl: 4b33234a-b25e-41bc-b730-671bcd1265f8@group-EC3C745C5D33: ConfigurationManager, init=-1: [23160a79-e9d2-413c-a9a6-20717e601633:172.18.0.4:9858, 4b33234a-b25e-41bc-b730-671bcd1265f8:172.18.0.8:9858, 321a4440-0796-4940-b2e3-436a5e833cc8:172.18.0.5:9858], old=null, confs=<EMPTY_MAP>
datanode_3    | 2019-10-20 03:47:34,448 INFO impl.RaftServerImpl: 321a4440-0796-4940-b2e3-436a5e833cc8@group-ECB1E6637519: change Leader from null to 321a4440-0796-4940-b2e3-436a5e833cc8 at term 1 for becomeLeader, leader elected after 337ms
scm_1         | 2019-10-20 03:47:35,414 INFO pipeline.PipelineStateManager: Created pipeline Pipeline[ Id: a7d76b85-7b9c-49ce-8e37-fe196cb6a369, Nodes: 4b33234a-b25e-41bc-b730-671bcd1265f8{ip: 172.18.0.8, host: ozoneperf_datanode_2.ozoneperf_default, networkLocation: /default-rack, certSerialId: null}, Type:RATIS, Factor:ONE, State:OPEN]
grafana_1     | t=2019-10-20T03:47:29+0000 lvl=info msg="Executing migration" logger=migrator id="Migrate logging ds to loki ds"
freon_1       | 2019-10-20 03:47:59,199 [pool-2-thread-6] INFO       - Creating Bucket: vol-4-99866/bucket-8-06494, with Versioning false and Storage Type set to DISK and Encryption set to false 
datanode_1    | 2019-10-20 03:47:34,959 INFO impl.RoleInfo: 23160a79-e9d2-413c-a9a6-20717e601633: start LeaderElection
datanode_2    | 2019-10-20 03:47:35,464 INFO impl.RoleInfo: 4b33234a-b25e-41bc-b730-671bcd1265f8: start LeaderElection
datanode_3    | 2019-10-20 03:47:34,452 INFO server.RaftServerConfigKeys: raft.server.staging.catchup.gap = 1000 (default)
scm_1         | 2019-10-20 03:47:35,522 INFO pipeline.PipelineStateManager: Created pipeline Pipeline[ Id: 2ce18682-b9ba-4d15-a3b1-ec3c745c5d33, Nodes: 23160a79-e9d2-413c-a9a6-20717e601633{ip: 172.18.0.4, host: ozoneperf_datanode_1.ozoneperf_default, networkLocation: /default-rack, certSerialId: null}4b33234a-b25e-41bc-b730-671bcd1265f8{ip: 172.18.0.8, host: ozoneperf_datanode_2.ozoneperf_default, networkLocation: /default-rack, certSerialId: null}321a4440-0796-4940-b2e3-436a5e833cc8{ip: 172.18.0.5, host: ozoneperf_datanode_3.ozoneperf_default, networkLocation: /default-rack, certSerialId: null}, Type:RATIS, Factor:THREE, State:OPEN]
freon_1       | 2019-10-20 03:47:59,199 [pool-2-thread-8] INFO       - Creating Bucket: vol-5-87902/bucket-8-54078, with Versioning false and Storage Type set to DISK and Encryption set to false 
datanode_2    | 2019-10-20 03:47:35,464 INFO server.RaftServerConfigKeys: raft.server.storage.dir = [/data/metadata/ratis] (custom)
datanode_1    | 2019-10-20 03:47:34,973 INFO impl.LeaderElection: 23160a79-e9d2-413c-a9a6-20717e601633@group-3AAD95D6F9AD-LeaderElection1: begin an election at term 1 for -1: [23160a79-e9d2-413c-a9a6-20717e601633:172.18.0.4:9858], old=null
grafana_1     | t=2019-10-20T03:47:29+0000 lvl=info msg="Executing migration" logger=migrator id="Update json_data with nulls"
datanode_3    | 2019-10-20 03:47:34,452 INFO server.RaftServerConfigKeys: raft.server.rpc.sleep.time = 25ms (default)
scm_1         | 2019-10-20 03:47:50,910 INFO pipeline.PipelineStateManager: Created pipeline Pipeline[ Id: 0b25b6ba-80b2-4a6a-95c9-d99139e149ca, Nodes: 4b33234a-b25e-41bc-b730-671bcd1265f8{ip: 172.18.0.8, host: ozoneperf_datanode_2.ozoneperf_default, networkLocation: /default-rack, certSerialId: null}, Type:STAND_ALONE, Factor:ONE, State:OPEN]
freon_1       | 2019-10-20 03:47:59,200 [pool-2-thread-1] INFO       - Creating Bucket: vol-6-06534/bucket-8-67838, with Versioning false and Storage Type set to DISK and Encryption set to false 
datanode_2    | 2019-10-20 03:47:35,464 INFO server.RaftServerConfigKeys: raft.server.log.corruption.policy = EXCEPTION (default)
datanode_1    | 2019-10-20 03:47:34,974 INFO impl.RoleInfo: 23160a79-e9d2-413c-a9a6-20717e601633: shutdown LeaderElection
grafana_1     | t=2019-10-20T03:47:29+0000 lvl=info msg="Executing migration" logger=migrator id="create api_key table"
datanode_3    | 2019-10-20 03:47:34,456 INFO server.RaftServerConfigKeys: raft.server.write.element-limit = 4096 (default)
freon_1       | 2019-10-20 03:47:59,203 [pool-2-thread-4] INFO       - Creating Bucket: vol-7-33918/bucket-8-25634, with Versioning false and Storage Type set to DISK and Encryption set to false 
datanode_1    | 2019-10-20 03:47:34,975 INFO impl.RaftServerImpl: 23160a79-e9d2-413c-a9a6-20717e601633@group-3AAD95D6F9AD: changes role from CANDIDATE to LEADER at term 1 for changeToLeader
datanode_2    | 2019-10-20 03:47:35,465 INFO storage.RaftStorageDirectory: The storage directory /data/metadata/ratis/2ce18682-b9ba-4d15-a3b1-ec3c745c5d33 does not exist. Creating ...
grafana_1     | t=2019-10-20T03:47:30+0000 lvl=info msg="Executing migration" logger=migrator id="add index api_key.account_id"
datanode_3    | 2019-10-20 03:47:34,459 INFO server.RaftServerConfigKeys: raft.server.watch.timeout = 10s (default)
freon_1       | 2019-10-20 03:47:59,204 [pool-2-thread-2] INFO       - Creating Bucket: vol-8-84897/bucket-8-07802, with Versioning false and Storage Type set to DISK and Encryption set to false 
datanode_1    | 2019-10-20 03:47:34,975 INFO impl.RaftServerImpl: 23160a79-e9d2-413c-a9a6-20717e601633@group-3AAD95D6F9AD: change Leader from null to 23160a79-e9d2-413c-a9a6-20717e601633 at term 1 for becomeLeader, leader elected after 296ms
datanode_2    | 2019-10-20 03:47:35,479 INFO storage.RaftStorageDirectory: Lock on /data/metadata/ratis/2ce18682-b9ba-4d15-a3b1-ec3c745c5d33/in_use.lock acquired by nodename 7@128ed8c7f724
grafana_1     | t=2019-10-20T03:47:30+0000 lvl=info msg="Executing migration" logger=migrator id="add index api_key.key"
freon_1       | 2019-10-20 03:47:59,204 [pool-2-thread-3] INFO       - Creating Bucket: vol-9-05324/bucket-8-09580, with Versioning false and Storage Type set to DISK and Encryption set to false 
datanode_3    | 2019-10-20 03:47:34,459 INFO server.RaftServerConfigKeys: raft.server.watch.timeout.denomination = 1s (default)
datanode_1    | 2019-10-20 03:47:34,978 INFO server.RaftServerConfigKeys: raft.server.staging.catchup.gap = 1000 (default)
datanode_2    | 2019-10-20 03:47:35,479 INFO impl.LeaderElection: 4b33234a-b25e-41bc-b730-671bcd1265f8@group-FE196CB6A369-LeaderElection1: begin an election at term 1 for -1: [4b33234a-b25e-41bc-b730-671bcd1265f8:172.18.0.8:9858], old=null
grafana_1     | t=2019-10-20T03:47:30+0000 lvl=info msg="Executing migration" logger=migrator id="add index api_key.account_id_name"
freon_1       | 2019-10-20 03:47:59,206 [pool-2-thread-9] INFO       - Creating Bucket: vol-0-97992/bucket-9-78351, with Versioning false and Storage Type set to DISK and Encryption set to false 
datanode_3    | 2019-10-20 03:47:34,460 INFO server.RaftServerConfigKeys: raft.server.watch.element-limit = 65536 (default)
datanode_1    | 2019-10-20 03:47:34,978 INFO server.RaftServerConfigKeys: raft.server.rpc.sleep.time = 25ms (default)
datanode_2    | 2019-10-20 03:47:35,480 INFO impl.RoleInfo: 4b33234a-b25e-41bc-b730-671bcd1265f8: shutdown LeaderElection
grafana_1     | t=2019-10-20T03:47:30+0000 lvl=info msg="Executing migration" logger=migrator id="drop index IDX_api_key_account_id - v1"
freon_1       | 2019-10-20 03:47:59,218 [pool-2-thread-5] INFO       - Creating Bucket: vol-1-21424/bucket-9-76286, with Versioning false and Storage Type set to DISK and Encryption set to false 
datanode_3    | 2019-10-20 03:47:34,473 INFO impl.RoleInfo: 321a4440-0796-4940-b2e3-436a5e833cc8: start LeaderState
datanode_1    | 2019-10-20 03:47:34,981 INFO server.RaftServerConfigKeys: raft.server.write.element-limit = 4096 (default)
datanode_2    | 2019-10-20 03:47:35,481 INFO impl.RaftServerImpl: 4b33234a-b25e-41bc-b730-671bcd1265f8@group-FE196CB6A369: changes role from CANDIDATE to LEADER at term 1 for changeToLeader
grafana_1     | t=2019-10-20T03:47:30+0000 lvl=info msg="Executing migration" logger=migrator id="drop index UQE_api_key_key - v1"
freon_1       | 2019-10-20 03:47:59,219 [pool-2-thread-7] INFO       - Creating Bucket: vol-2-63830/bucket-9-77528, with Versioning false and Storage Type set to DISK and Encryption set to false 
datanode_3    | 2019-10-20 03:47:34,488 INFO segmented.SegmentedRaftLogWorker: 321a4440-0796-4940-b2e3-436a5e833cc8@group-ECB1E6637519-SegmentedRaftLogWorker: Starting segment from index:0
datanode_1    | 2019-10-20 03:47:34,984 INFO server.RaftServerConfigKeys: raft.server.watch.timeout = 10s (default)
datanode_2    | 2019-10-20 03:47:35,481 INFO impl.RaftServerImpl: 4b33234a-b25e-41bc-b730-671bcd1265f8@group-FE196CB6A369: change Leader from null to 4b33234a-b25e-41bc-b730-671bcd1265f8 at term 1 for becomeLeader, leader elected after 270ms
grafana_1     | t=2019-10-20T03:47:30+0000 lvl=info msg="Executing migration" logger=migrator id="drop index UQE_api_key_account_id_name - v1"
freon_1       | 2019-10-20 03:47:59,222 [pool-2-thread-8] INFO       - Creating Bucket: vol-3-90169/bucket-9-49822, with Versioning false and Storage Type set to DISK and Encryption set to false 
datanode_3    | 2019-10-20 03:47:34,496 INFO impl.RaftServerImpl: 321a4440-0796-4940-b2e3-436a5e833cc8@group-ECB1E6637519: set configuration 0: [321a4440-0796-4940-b2e3-436a5e833cc8:172.18.0.5:9858], old=null at 0
datanode_1    | 2019-10-20 03:47:34,984 INFO server.RaftServerConfigKeys: raft.server.watch.timeout.denomination = 1s (default)
datanode_2    | 2019-10-20 03:47:35,483 INFO storage.RaftStorage: Storage directory /data/metadata/ratis/2ce18682-b9ba-4d15-a3b1-ec3c745c5d33 has been successfully formatted.
grafana_1     | t=2019-10-20T03:47:30+0000 lvl=info msg="Executing migration" logger=migrator id="Rename table api_key to api_key_v1 - v1"
freon_1       | 2019-10-20 03:47:59,222 [pool-2-thread-10] INFO       - Creating Bucket: vol-4-99866/bucket-9-93418, with Versioning false and Storage Type set to DISK and Encryption set to false 
datanode_3    | 2019-10-20 03:47:34,627 INFO segmented.SegmentedRaftLogWorker: 321a4440-0796-4940-b2e3-436a5e833cc8@group-ECB1E6637519-SegmentedRaftLogWorker: created new log segment /data/metadata/ratis/bedda14a-2917-4398-ad91-ecb1e6637519/current/log_inprogress_0
datanode_1    | 2019-10-20 03:47:34,985 INFO server.RaftServerConfigKeys: raft.server.watch.element-limit = 65536 (default)
datanode_2    | 2019-10-20 03:47:35,483 [pool-8-thread-1] INFO       - group-EC3C745C5D33: The snapshot info is null. Setting the last applied indexto:(t:0, i:~)
grafana_1     | t=2019-10-20T03:47:30+0000 lvl=info msg="Executing migration" logger=migrator id="create api_key table v2"
freon_1       | 2019-10-20 03:47:59,222 [pool-2-thread-6] INFO       - Creating Bucket: vol-5-87902/bucket-9-17762, with Versioning false and Storage Type set to DISK and Encryption set to false 
datanode_3    | 2019-10-20 03:47:35,472 INFO impl.RaftServerProxy: 321a4440-0796-4940-b2e3-436a5e833cc8: addNew group-EC3C745C5D33:[23160a79-e9d2-413c-a9a6-20717e601633:172.18.0.4:9858, 4b33234a-b25e-41bc-b730-671bcd1265f8:172.18.0.8:9858, 321a4440-0796-4940-b2e3-436a5e833cc8:172.18.0.5:9858] returns group-EC3C745C5D33:java.util.concurrent.CompletableFuture@d424d42[Not completed]
datanode_1    | 2019-10-20 03:47:34,997 INFO impl.RoleInfo: 23160a79-e9d2-413c-a9a6-20717e601633: start LeaderState
grafana_1     | t=2019-10-20T03:47:30+0000 lvl=info msg="Executing migration" logger=migrator id="create index IDX_api_key_org_id - v2"
datanode_2    | 2019-10-20 03:47:35,484 INFO server.RaftServerConfigKeys: raft.server.notification.no-leader.timeout = 120s (custom)
freon_1       | 2019-10-20 03:47:59,223 [pool-2-thread-9] INFO       - Creating Bucket: vol-6-06534/bucket-9-10178, with Versioning false and Storage Type set to DISK and Encryption set to false 
datanode_3    | 2019-10-20 03:47:35,476 INFO impl.RaftServerImpl: 321a4440-0796-4940-b2e3-436a5e833cc8: new RaftServerImpl for group-EC3C745C5D33:[23160a79-e9d2-413c-a9a6-20717e601633:172.18.0.4:9858, 4b33234a-b25e-41bc-b730-671bcd1265f8:172.18.0.8:9858, 321a4440-0796-4940-b2e3-436a5e833cc8:172.18.0.5:9858] with ContainerStateMachine:uninitialized
datanode_1    | 2019-10-20 03:47:35,012 INFO segmented.SegmentedRaftLogWorker: 23160a79-e9d2-413c-a9a6-20717e601633@group-3AAD95D6F9AD-SegmentedRaftLogWorker: Starting segment from index:0
grafana_1     | t=2019-10-20T03:47:30+0000 lvl=info msg="Executing migration" logger=migrator id="create index UQE_api_key_key - v2"
datanode_2    | 2019-10-20 03:47:35,484 INFO server.RaftServerConfigKeys: raft.server.log.use.memory = false (default)
freon_1       | 2019-10-20 03:47:59,226 [pool-2-thread-4] INFO       - Creating Bucket: vol-7-33918/bucket-9-95250, with Versioning false and Storage Type set to DISK and Encryption set to false 
datanode_3    | 2019-10-20 03:47:35,476 INFO server.RaftServerConfigKeys: raft.server.rpc.timeout.min = 5s (custom)
datanode_1    | 2019-10-20 03:47:35,020 INFO impl.RaftServerImpl: 23160a79-e9d2-413c-a9a6-20717e601633@group-3AAD95D6F9AD: set configuration 0: [23160a79-e9d2-413c-a9a6-20717e601633:172.18.0.4:9858], old=null at 0
grafana_1     | t=2019-10-20T03:47:30+0000 lvl=info msg="Executing migration" logger=migrator id="create index UQE_api_key_org_id_name - v2"
datanode_2    | 2019-10-20 03:47:35,484 INFO server.RaftServerConfigKeys: raft.server.log.purge.gap = 1000000 (custom)
freon_1       | 2019-10-20 03:47:59,227 [pool-2-thread-2] INFO       - Creating Bucket: vol-9-05324/bucket-9-19348, with Versioning false and Storage Type set to DISK and Encryption set to false 
datanode_3    | 2019-10-20 03:47:35,476 INFO server.RaftServerConfigKeys: raft.server.rpc.timeout.max = 5200ms (custom)
datanode_1    | 2019-10-20 03:47:35,129 INFO segmented.SegmentedRaftLogWorker: 23160a79-e9d2-413c-a9a6-20717e601633@group-3AAD95D6F9AD-SegmentedRaftLogWorker: created new log segment /data/metadata/ratis/4aad6924-6591-4453-b5e9-3aad95d6f9ad/current/log_inprogress_0
grafana_1     | t=2019-10-20T03:47:30+0000 lvl=info msg="Executing migration" logger=migrator id="copy api_key v1 to v2"
datanode_2    | 2019-10-20 03:47:35,485 INFO server.RaftServerConfigKeys: raft.server.log.appender.buffer.byte-limit = 33554432 (custom)
freon_1       | 2019-10-20 03:47:59,227 [pool-2-thread-3] INFO       - Creating Bucket: vol-8-84897/bucket-9-91545, with Versioning false and Storage Type set to DISK and Encryption set to false 
datanode_3    | 2019-10-20 03:47:35,476 INFO server.RaftServerConfigKeys: raft.server.rpcslowness.timeout = 120s (custom)
datanode_1    | 2019-10-20 03:47:35,459 INFO impl.RaftServerProxy: 23160a79-e9d2-413c-a9a6-20717e601633: addNew group-EC3C745C5D33:[23160a79-e9d2-413c-a9a6-20717e601633:172.18.0.4:9858, 4b33234a-b25e-41bc-b730-671bcd1265f8:172.18.0.8:9858, 321a4440-0796-4940-b2e3-436a5e833cc8:172.18.0.5:9858] returns group-EC3C745C5D33:java.util.concurrent.CompletableFuture@76a8a636[Not completed]
grafana_1     | t=2019-10-20T03:47:30+0000 lvl=info msg="Executing migration" logger=migrator id="Drop old table api_key_v1"
datanode_2    | 2019-10-20 03:47:35,485 INFO server.RaftServerConfigKeys: raft.server.log.segment.size.max = 1048576 (custom)
freon_1       | 2019-10-20 03:47:59,228 [pool-2-thread-1] INFO       - Creating Bucket: vol-0-97992/bucket-10-89792, with Versioning false and Storage Type set to DISK and Encryption set to false 
datanode_1    | 2019-10-20 03:47:35,463 INFO impl.RaftServerImpl: 23160a79-e9d2-413c-a9a6-20717e601633: new RaftServerImpl for group-EC3C745C5D33:[23160a79-e9d2-413c-a9a6-20717e601633:172.18.0.4:9858, 4b33234a-b25e-41bc-b730-671bcd1265f8:172.18.0.8:9858, 321a4440-0796-4940-b2e3-436a5e833cc8:172.18.0.5:9858] with ContainerStateMachine:uninitialized
datanode_3    | 2019-10-20 03:47:35,476 INFO server.RaftServerConfigKeys: raft.server.sleep.deviation.threshold = 300 (default)
datanode_2    | 2019-10-20 03:47:35,485 INFO server.RaftServerConfigKeys: raft.server.staging.catchup.gap = 1000 (default)
freon_1       | 2019-10-20 03:47:59,231 [pool-2-thread-5] INFO       - Creating Bucket: vol-1-21424/bucket-10-38083, with Versioning false and Storage Type set to DISK and Encryption set to false 
datanode_1    | 2019-10-20 03:47:35,463 INFO server.RaftServerConfigKeys: raft.server.rpc.timeout.min = 5s (custom)
datanode_2    | 2019-10-20 03:47:35,485 INFO server.RaftServerConfigKeys: raft.server.log.segment.cache.num.max = 2 (custom)
datanode_3    | 2019-10-20 03:47:35,477 INFO server.RaftServerConfigKeys: raft.server.log.appender.install.snapshot.enabled = false (custom)
grafana_1     | t=2019-10-20T03:47:30+0000 lvl=info msg="Executing migration" logger=migrator id="Update api_key table charset"
freon_1       | 2019-10-20 03:47:59,234 [pool-2-thread-9] INFO       - Creating Bucket: vol-2-63830/bucket-10-91719, with Versioning false and Storage Type set to DISK and Encryption set to false 
datanode_1    | 2019-10-20 03:47:35,463 INFO server.RaftServerConfigKeys: raft.server.rpc.timeout.max = 5200ms (custom)
datanode_2    | 2019-10-20 03:47:35,486 INFO segmented.SegmentedRaftLogWorker: new 4b33234a-b25e-41bc-b730-671bcd1265f8@group-EC3C745C5D33-SegmentedRaftLogWorker for RaftStorage:Storage Directory /data/metadata/ratis/2ce18682-b9ba-4d15-a3b1-ec3c745c5d33
datanode_3    | 2019-10-20 03:47:35,477 INFO impl.RaftServerImpl: 321a4440-0796-4940-b2e3-436a5e833cc8@group-EC3C745C5D33: ConfigurationManager, init=-1: [23160a79-e9d2-413c-a9a6-20717e601633:172.18.0.4:9858, 4b33234a-b25e-41bc-b730-671bcd1265f8:172.18.0.8:9858, 321a4440-0796-4940-b2e3-436a5e833cc8:172.18.0.5:9858], old=null, confs=<EMPTY_MAP>
grafana_1     | t=2019-10-20T03:47:30+0000 lvl=info msg="Executing migration" logger=migrator id="Add expires to api_key table"
freon_1       | 2019-10-20 03:47:59,236 [pool-2-thread-8] INFO       - Creating Bucket: vol-3-90169/bucket-10-58090, with Versioning false and Storage Type set to DISK and Encryption set to false 
datanode_1    | 2019-10-20 03:47:35,463 INFO server.RaftServerConfigKeys: raft.server.rpcslowness.timeout = 120s (custom)
datanode_2    | 2019-10-20 03:47:35,486 INFO server.RaftServerConfigKeys: raft.server.rpc.sleep.time = 25ms (default)
datanode_3    | 2019-10-20 03:47:35,477 INFO server.RaftServerConfigKeys: raft.server.storage.dir = [/data/metadata/ratis] (custom)
grafana_1     | t=2019-10-20T03:47:30+0000 lvl=info msg="Executing migration" logger=migrator id="create dashboard_snapshot table v4"
freon_1       | 2019-10-20 03:47:59,237 [pool-2-thread-6] INFO       - Creating Bucket: vol-4-99866/bucket-10-30940, with Versioning false and Storage Type set to DISK and Encryption set to false 
datanode_1    | 2019-10-20 03:47:35,464 INFO server.RaftServerConfigKeys: raft.server.sleep.deviation.threshold = 300 (default)
datanode_2    | 2019-10-20 03:47:35,487 INFO server.RaftServerConfigKeys: raft.server.log.queue.byte-limit = 2147483647 (custom)
datanode_3    | 2019-10-20 03:47:35,477 INFO server.RaftServerConfigKeys: raft.server.log.corruption.policy = EXCEPTION (default)
grafana_1     | t=2019-10-20T03:47:30+0000 lvl=info msg="Executing migration" logger=migrator id="drop table dashboard_snapshot_v4 #1"
freon_1       | 2019-10-20 03:47:59,238 [pool-2-thread-10] INFO       - Creating Bucket: vol-5-87902/bucket-10-44146, with Versioning false and Storage Type set to DISK and Encryption set to false 
datanode_2    | 2019-10-20 03:47:35,487 INFO server.RaftServerConfigKeys: raft.server.log.queue.element-limit = 1024 (custom)
datanode_1    | 2019-10-20 03:47:35,464 INFO server.RaftServerConfigKeys: raft.server.log.appender.install.snapshot.enabled = false (custom)
datanode_3    | 2019-10-20 03:47:35,477 INFO storage.RaftStorageDirectory: The storage directory /data/metadata/ratis/2ce18682-b9ba-4d15-a3b1-ec3c745c5d33 does not exist. Creating ...
grafana_1     | t=2019-10-20T03:47:30+0000 lvl=info msg="Executing migration" logger=migrator id="create dashboard_snapshot table v5 #2"
freon_1       | 2019-10-20 03:47:59,241 [pool-2-thread-7] INFO       - Creating Bucket: vol-6-06534/bucket-10-80253, with Versioning false and Storage Type set to DISK and Encryption set to false 
datanode_2    | 2019-10-20 03:47:35,487 INFO server.RaftServerConfigKeys: raft.server.log.segment.size.max = 1048576 (custom)
datanode_1    | 2019-10-20 03:47:35,464 INFO impl.RaftServerImpl: 23160a79-e9d2-413c-a9a6-20717e601633@group-EC3C745C5D33: ConfigurationManager, init=-1: [23160a79-e9d2-413c-a9a6-20717e601633:172.18.0.4:9858, 4b33234a-b25e-41bc-b730-671bcd1265f8:172.18.0.8:9858, 321a4440-0796-4940-b2e3-436a5e833cc8:172.18.0.5:9858], old=null, confs=<EMPTY_MAP>
datanode_3    | 2019-10-20 03:47:35,482 INFO storage.RaftStorageDirectory: Lock on /data/metadata/ratis/2ce18682-b9ba-4d15-a3b1-ec3c745c5d33/in_use.lock acquired by nodename 7@876697fe4a62
grafana_1     | t=2019-10-20T03:47:30+0000 lvl=info msg="Executing migration" logger=migrator id="create index UQE_dashboard_snapshot_key - v5"
freon_1       | 2019-10-20 03:47:59,241 [pool-2-thread-1] INFO       - Creating Bucket: vol-7-33918/bucket-10-79787, with Versioning false and Storage Type set to DISK and Encryption set to false 
datanode_2    | 2019-10-20 03:47:35,487 INFO server.RaftServerConfigKeys: raft.server.log.preallocated.size = 16384 (custom)
datanode_3    | 2019-10-20 03:47:35,502 INFO storage.RaftStorage: Storage directory /data/metadata/ratis/2ce18682-b9ba-4d15-a3b1-ec3c745c5d33 has been successfully formatted.
grafana_1     | t=2019-10-20T03:47:30+0000 lvl=info msg="Executing migration" logger=migrator id="create index UQE_dashboard_snapshot_delete_key - v5"
datanode_1    | 2019-10-20 03:47:35,464 INFO server.RaftServerConfigKeys: raft.server.storage.dir = [/data/metadata/ratis] (custom)
freon_1       | 2019-10-20 03:47:59,241 [pool-2-thread-4] INFO       - Creating Bucket: vol-8-84897/bucket-10-88728, with Versioning false and Storage Type set to DISK and Encryption set to false 
datanode_2    | 2019-10-20 03:47:35,487 INFO server.RaftServerConfigKeys: raft.server.log.write.buffer.size = 33554432 (custom)
datanode_3    | 2019-10-20 03:47:35,503 [pool-8-thread-1] INFO       - group-EC3C745C5D33: The snapshot info is null. Setting the last applied indexto:(t:0, i:~)
grafana_1     | t=2019-10-20T03:47:30+0000 lvl=info msg="Executing migration" logger=migrator id="create index IDX_dashboard_snapshot_user_id - v5"
datanode_1    | 2019-10-20 03:47:35,465 INFO server.RaftServerConfigKeys: raft.server.log.corruption.policy = EXCEPTION (default)
datanode_2    | 2019-10-20 03:47:35,487 INFO server.RaftServerConfigKeys: raft.server.log.force.sync.num = 128 (default)
freon_1       | 2019-10-20 03:47:59,245 [pool-2-thread-2] INFO       - Creating Bucket: vol-9-05324/bucket-10-48320, with Versioning false and Storage Type set to DISK and Encryption set to false 
datanode_3    | 2019-10-20 03:47:35,503 INFO server.RaftServerConfigKeys: raft.server.notification.no-leader.timeout = 120s (custom)
grafana_1     | t=2019-10-20T03:47:30+0000 lvl=info msg="Executing migration" logger=migrator id="alter dashboard_snapshot to mediumtext v2"
datanode_1    | 2019-10-20 03:47:35,465 INFO storage.RaftStorageDirectory: The storage directory /data/metadata/ratis/2ce18682-b9ba-4d15-a3b1-ec3c745c5d33 does not exist. Creating ...
datanode_2    | 2019-10-20 03:47:35,488 INFO server.RaftServerConfigKeys: raft.server.log.statemachine.data.sync = true (default)
freon_1       | 2019-10-20 03:47:59,245 [pool-2-thread-5] INFO       - Creating Bucket: vol-0-97992/bucket-11-73379, with Versioning false and Storage Type set to DISK and Encryption set to false 
datanode_3    | 2019-10-20 03:47:35,503 INFO server.RaftServerConfigKeys: raft.server.log.use.memory = false (default)
grafana_1     | t=2019-10-20T03:47:30+0000 lvl=info msg="Executing migration" logger=migrator id="Update dashboard_snapshot table charset"
datanode_1    | 2019-10-20 03:47:35,479 INFO storage.RaftStorageDirectory: Lock on /data/metadata/ratis/2ce18682-b9ba-4d15-a3b1-ec3c745c5d33/in_use.lock acquired by nodename 7@f7c8902eef18
freon_1       | 2019-10-20 03:47:59,249 [pool-2-thread-3] INFO       - Creating Bucket: vol-1-21424/bucket-11-19408, with Versioning false and Storage Type set to DISK and Encryption set to false 
datanode_2    | 2019-10-20 03:47:35,488 INFO server.RaftServerConfigKeys: raft.server.log.statemachine.data.sync.timeout = 10s (default)
datanode_3    | 2019-10-20 03:47:35,503 INFO server.RaftServerConfigKeys: raft.server.log.purge.gap = 1000000 (custom)
grafana_1     | t=2019-10-20T03:47:31+0000 lvl=info msg="Executing migration" logger=migrator id="Add column external_delete_url to dashboard_snapshots table"
datanode_1    | 2019-10-20 03:47:35,483 INFO storage.RaftStorage: Storage directory /data/metadata/ratis/2ce18682-b9ba-4d15-a3b1-ec3c745c5d33 has been successfully formatted.
freon_1       | 2019-10-20 03:47:59,249 [pool-2-thread-6] INFO       - Creating Bucket: vol-2-63830/bucket-11-11819, with Versioning false and Storage Type set to DISK and Encryption set to false 
datanode_2    | 2019-10-20 03:47:35,488 INFO server.RaftServerConfigKeys: raft.server.log.statemachine.data.sync.timeout.retry = -1 (default)
datanode_3    | 2019-10-20 03:47:35,503 INFO server.RaftServerConfigKeys: raft.server.log.appender.buffer.byte-limit = 33554432 (custom)
grafana_1     | t=2019-10-20T03:47:31+0000 lvl=info msg="Executing migration" logger=migrator id="create quota table v1"
datanode_1    | 2019-10-20 03:47:35,483 [pool-8-thread-1] INFO       - group-EC3C745C5D33: The snapshot info is null. Setting the last applied indexto:(t:0, i:~)
freon_1       | 2019-10-20 03:47:59,249 [pool-2-thread-8] INFO       - Creating Bucket: vol-3-90169/bucket-11-21244, with Versioning false and Storage Type set to DISK and Encryption set to false 
datanode_2    | 2019-10-20 03:47:35,488 INFO server.RaftServerConfigKeys: raft.server.log.statemachine.data.caching.enabled = true (custom)
datanode_3    | 2019-10-20 03:47:35,504 INFO server.RaftServerConfigKeys: raft.server.log.segment.size.max = 1048576 (custom)
grafana_1     | t=2019-10-20T03:47:31+0000 lvl=info msg="Executing migration" logger=migrator id="create index UQE_quota_org_id_user_id_target - v1"
datanode_1    | 2019-10-20 03:47:35,484 INFO server.RaftServerConfigKeys: raft.server.notification.no-leader.timeout = 120s (custom)
datanode_2    | 2019-10-20 03:47:35,489 INFO server.RaftServerConfigKeys: raft.server.write.element-limit = 4096 (default)
datanode_3    | 2019-10-20 03:47:35,504 INFO server.RaftServerConfigKeys: raft.server.log.segment.cache.num.max = 2 (custom)
datanode_1    | 2019-10-20 03:47:35,484 INFO server.RaftServerConfigKeys: raft.server.log.use.memory = false (default)
datanode_2    | 2019-10-20 03:47:35,492 INFO server.RaftServerConfigKeys: raft.server.watch.timeout = 10s (default)
grafana_1     | t=2019-10-20T03:47:31+0000 lvl=info msg="Executing migration" logger=migrator id="Update quota table charset"
freon_1       | 2019-10-20 03:47:59,251 [pool-2-thread-10] INFO       - Creating Bucket: vol-4-99866/bucket-11-94800, with Versioning false and Storage Type set to DISK and Encryption set to false 
datanode_3    | 2019-10-20 03:47:35,504 INFO segmented.SegmentedRaftLogWorker: new 321a4440-0796-4940-b2e3-436a5e833cc8@group-EC3C745C5D33-SegmentedRaftLogWorker for RaftStorage:Storage Directory /data/metadata/ratis/2ce18682-b9ba-4d15-a3b1-ec3c745c5d33
datanode_1    | 2019-10-20 03:47:35,484 INFO server.RaftServerConfigKeys: raft.server.log.purge.gap = 1000000 (custom)
datanode_2    | 2019-10-20 03:47:35,492 INFO server.RaftServerConfigKeys: raft.server.watch.timeout.denomination = 1s (default)
grafana_1     | t=2019-10-20T03:47:31+0000 lvl=info msg="Executing migration" logger=migrator id="create plugin_setting table"
datanode_3    | 2019-10-20 03:47:35,504 INFO server.RaftServerConfigKeys: raft.server.log.queue.byte-limit = 2147483647 (custom)
datanode_1    | 2019-10-20 03:47:35,484 INFO server.RaftServerConfigKeys: raft.server.log.appender.buffer.byte-limit = 33554432 (custom)
freon_1       | 2019-10-20 03:47:59,252 [pool-2-thread-7] INFO       - Creating Bucket: vol-5-87902/bucket-11-30458, with Versioning false and Storage Type set to DISK and Encryption set to false 
datanode_2    | 2019-10-20 03:47:35,493 INFO server.RaftServerConfigKeys: raft.server.watch.element-limit = 65536 (default)
grafana_1     | t=2019-10-20T03:47:31+0000 lvl=info msg="Executing migration" logger=migrator id="create index UQE_plugin_setting_org_id_plugin_id - v1"
datanode_3    | 2019-10-20 03:47:35,504 INFO server.RaftServerConfigKeys: raft.server.log.queue.element-limit = 1024 (custom)
datanode_1    | 2019-10-20 03:47:35,484 INFO server.RaftServerConfigKeys: raft.server.log.segment.size.max = 1048576 (custom)
freon_1       | 2019-10-20 03:47:59,253 [pool-2-thread-1] INFO       - Creating Bucket: vol-6-06534/bucket-11-29966, with Versioning false and Storage Type set to DISK and Encryption set to false 
datanode_2    | 2019-10-20 03:47:35,502 INFO segmented.SegmentedRaftLogWorker: 4b33234a-b25e-41bc-b730-671bcd1265f8@group-EC3C745C5D33-SegmentedRaftLogWorker: flushIndex: setUnconditionally 0 -> -1
grafana_1     | t=2019-10-20T03:47:31+0000 lvl=info msg="Executing migration" logger=migrator id="Add column plugin_version to plugin_settings"
datanode_3    | 2019-10-20 03:47:35,504 INFO server.RaftServerConfigKeys: raft.server.log.segment.size.max = 1048576 (custom)
datanode_1    | 2019-10-20 03:47:35,485 INFO server.RaftServerConfigKeys: raft.server.log.segment.cache.num.max = 2 (custom)
freon_1       | 2019-10-20 03:47:59,256 [pool-2-thread-9] INFO       - Creating Bucket: vol-7-33918/bucket-11-27774, with Versioning false and Storage Type set to DISK and Encryption set to false 
datanode_2    | 2019-10-20 03:47:35,503 INFO server.RaftServerConfigKeys: raft.server.snapshot.auto.trigger.enabled = true (custom)
grafana_1     | t=2019-10-20T03:47:31+0000 lvl=info msg="Executing migration" logger=migrator id="Update plugin_setting table charset"
datanode_3    | 2019-10-20 03:47:35,504 INFO server.RaftServerConfigKeys: raft.server.log.preallocated.size = 16384 (custom)
datanode_1    | 2019-10-20 03:47:35,485 INFO segmented.SegmentedRaftLogWorker: new 23160a79-e9d2-413c-a9a6-20717e601633@group-EC3C745C5D33-SegmentedRaftLogWorker for RaftStorage:Storage Directory /data/metadata/ratis/2ce18682-b9ba-4d15-a3b1-ec3c745c5d33
freon_1       | 2019-10-20 03:47:59,257 [pool-2-thread-4] INFO       - Creating Bucket: vol-8-84897/bucket-11-31133, with Versioning false and Storage Type set to DISK and Encryption set to false 
datanode_2    | 2019-10-20 03:47:35,503 INFO server.RaftServerConfigKeys: raft.server.snapshot.auto.trigger.threshold = 10000 (custom)
grafana_1     | t=2019-10-20T03:47:33+0000 lvl=info msg="Executing migration" logger=migrator id="create session table"
datanode_3    | 2019-10-20 03:47:35,504 INFO server.RaftServerConfigKeys: raft.server.log.write.buffer.size = 33554432 (custom)
datanode_1    | 2019-10-20 03:47:35,485 INFO server.RaftServerConfigKeys: raft.server.log.queue.byte-limit = 2147483647 (custom)
freon_1       | 2019-10-20 03:47:59,261 [pool-2-thread-5] INFO       - Creating Bucket: vol-9-05324/bucket-11-00891, with Versioning false and Storage Type set to DISK and Encryption set to false 
datanode_2    | 2019-10-20 03:47:35,503 INFO server.RaftServerConfigKeys: raft.server.snapshot.retention.file.num = 5 (custom)
grafana_1     | t=2019-10-20T03:47:33+0000 lvl=info msg="Executing migration" logger=migrator id="Drop old table playlist table"
datanode_3    | 2019-10-20 03:47:35,504 INFO server.RaftServerConfigKeys: raft.server.log.force.sync.num = 128 (default)
datanode_1    | 2019-10-20 03:47:35,485 INFO server.RaftServerConfigKeys: raft.server.log.queue.element-limit = 1024 (custom)
freon_1       | 2019-10-20 03:47:59,261 [pool-2-thread-3] INFO       - Creating Bucket: vol-1-21424/bucket-12-72235, with Versioning false and Storage Type set to DISK and Encryption set to false 
datanode_2    | 2019-10-20 03:47:35,503 INFO server.RaftServerConfigKeys: raft.server.retrycache.expirytime = 600000ms (custom)
grafana_1     | t=2019-10-20T03:47:33+0000 lvl=info msg="Executing migration" logger=migrator id="Drop old table playlist_item table"
datanode_3    | 2019-10-20 03:47:35,504 INFO server.RaftServerConfigKeys: raft.server.log.statemachine.data.sync = true (default)
datanode_1    | 2019-10-20 03:47:35,485 INFO server.RaftServerConfigKeys: raft.server.log.segment.size.max = 1048576 (custom)
freon_1       | 2019-10-20 03:47:59,262 [pool-2-thread-2] INFO       - Creating Bucket: vol-0-97992/bucket-12-38617, with Versioning false and Storage Type set to DISK and Encryption set to false 
datanode_2    | 2019-10-20 03:47:35,505 INFO impl.RoleInfo: 4b33234a-b25e-41bc-b730-671bcd1265f8: start LeaderState
grafana_1     | t=2019-10-20T03:47:33+0000 lvl=info msg="Executing migration" logger=migrator id="create playlist table v2"
datanode_3    | 2019-10-20 03:47:35,504 INFO server.RaftServerConfigKeys: raft.server.log.statemachine.data.sync.timeout = 10s (default)
datanode_1    | 2019-10-20 03:47:35,485 INFO server.RaftServerConfigKeys: raft.server.log.preallocated.size = 16384 (custom)
freon_1       | 2019-10-20 03:47:59,263 [pool-2-thread-7] INFO       - Creating Bucket: vol-2-63830/bucket-12-26934, with Versioning false and Storage Type set to DISK and Encryption set to false 
datanode_2    | 2019-10-20 03:47:35,508 INFO impl.RaftServerImpl: 4b33234a-b25e-41bc-b730-671bcd1265f8@group-EC3C745C5D33: start as a follower, conf=-1: [23160a79-e9d2-413c-a9a6-20717e601633:172.18.0.4:9858, 4b33234a-b25e-41bc-b730-671bcd1265f8:172.18.0.8:9858, 321a4440-0796-4940-b2e3-436a5e833cc8:172.18.0.5:9858], old=null
datanode_3    | 2019-10-20 03:47:35,505 INFO server.RaftServerConfigKeys: raft.server.log.statemachine.data.sync.timeout.retry = -1 (default)
grafana_1     | t=2019-10-20T03:47:33+0000 lvl=info msg="Executing migration" logger=migrator id="create playlist item table v2"
datanode_1    | 2019-10-20 03:47:35,485 INFO server.RaftServerConfigKeys: raft.server.log.write.buffer.size = 33554432 (custom)
freon_1       | 2019-10-20 03:47:59,265 [pool-2-thread-10] INFO       - Creating Bucket: vol-3-90169/bucket-12-93165, with Versioning false and Storage Type set to DISK and Encryption set to false 
datanode_2    | 2019-10-20 03:47:35,508 INFO impl.RaftServerImpl: 4b33234a-b25e-41bc-b730-671bcd1265f8@group-EC3C745C5D33: changes role from      null to FOLLOWER at term 0 for startAsFollower
datanode_3    | 2019-10-20 03:47:35,505 INFO server.RaftServerConfigKeys: raft.server.log.statemachine.data.caching.enabled = true (custom)
grafana_1     | t=2019-10-20T03:47:33+0000 lvl=info msg="Executing migration" logger=migrator id="Update playlist table charset"
freon_1       | 2019-10-20 03:47:59,265 [pool-2-thread-6] INFO       - Creating Bucket: vol-4-99866/bucket-12-98120, with Versioning false and Storage Type set to DISK and Encryption set to false 
datanode_1    | 2019-10-20 03:47:35,485 INFO server.RaftServerConfigKeys: raft.server.log.force.sync.num = 128 (default)
datanode_2    | 2019-10-20 03:47:35,508 INFO impl.RoleInfo: 4b33234a-b25e-41bc-b730-671bcd1265f8: start FollowerState
grafana_1     | t=2019-10-20T03:47:33+0000 lvl=info msg="Executing migration" logger=migrator id="Update playlist_item table charset"
freon_1       | 2019-10-20 03:47:59,267 [pool-2-thread-8] INFO       - Creating Bucket: vol-5-87902/bucket-12-93034, with Versioning false and Storage Type set to DISK and Encryption set to false 
datanode_1    | 2019-10-20 03:47:35,485 INFO server.RaftServerConfigKeys: raft.server.log.statemachine.data.sync = true (default)
datanode_3    | 2019-10-20 03:47:35,505 INFO segmented.SegmentedRaftLogWorker: 321a4440-0796-4940-b2e3-436a5e833cc8@group-EC3C745C5D33-SegmentedRaftLogWorker: flushIndex: setUnconditionally 0 -> -1
datanode_2    | 2019-10-20 03:47:35,508 INFO util.JmxRegister: Successfully registered JMX Bean with object name Ratis:service=RaftServer,group=group-EC3C745C5D33,id=4b33234a-b25e-41bc-b730-671bcd1265f8
