datanode_1  | 2019-10-16 13:28:10,758 INFO storage.RaftStorageDirectory: The storage directory /data/metadata/ratis/f87c504d-a5b6-4495-8310-13aae5384c10 does not exist. Creating ...
datanode_3  | 2019-10-16 13:28:10,755 INFO server.RaftServerConfigKeys: raft.server.log.appender.install.snapshot.enabled = false (custom)
nm_1        | 2019-10-16 13:28:02 INFO  NMTokenSecretManagerInNM:143 - Rolling master-key for container-tokens, got key with id -1031023676
om_1        | 2019-10-16 13:28:30,883 INFO ipc.Server: Auth successful for testuser/om@EXAMPLE.COM (auth:KERBEROS)
kms_1       | INFO: Couldn't find grammar element for class java.util.Map
scm_1       | 2019-10-16 13:28:56,517 INFO ipc.Server: Auth successful for dn/016c5ed7e3b7@EXAMPLE.COM (auth:KERBEROS)
datanode_2  | 2019-10-16 13:28:10,781 INFO server.RaftServerConfigKeys: raft.server.log.segment.size.max = 1048576 (custom)
kdc_1       | WARNING: no policy specified for hadoop/7764d1af3d47@EXAMPLE.COM; defaulting to no policy
rm_1        | 2019-10-16 13:27:59 INFO  log:192 - Logging initialized @2717ms
jhs         | Oct 16, 2019 1:29:33 PM com.sun.jersey.server.wadl.generators.AbstractWadlGeneratorGrammarGenerator attachTypes
datanode_1  | 2019-10-16 13:28:10,778 INFO storage.RaftStorageDirectory: Lock on /data/metadata/ratis/f87c504d-a5b6-4495-8310-13aae5384c10/in_use.lock acquired by nodename 7@016c5ed7e3b7
datanode_3  | 2019-10-16 13:28:10,755 INFO impl.RaftServerImpl: 25367887-a8c2-4b8c-99a2-0fc8576e216c@group-13AAE5384C10: ConfigurationManager, init=-1: [0f2656ed-03f9-4f87-b38b-d805f3faa09d:172.18.0.3:9858, 25367887-a8c2-4b8c-99a2-0fc8576e216c:172.18.0.2:9858, 6390a067-33fa-4264-9e9b-4c0543686546:172.18.0.5:9858], old=null, confs=<EMPTY_MAP>
nm_1        | 2019-10-16 13:28:02 INFO  NodeStatusUpdaterImpl:477 - Registered with ResourceManager as nm:46042 with total resource of <memory:8192, vCores:8>
om_1        | 2019-10-16 13:28:33,500 INFO ipc.Server: Auth successful for testuser/om@EXAMPLE.COM (auth:KERBEROS)
kms_1       | Oct 16, 2019 1:28:54 PM com.sun.jersey.server.wadl.generators.AbstractWadlGeneratorGrammarGenerator attachTypes
scm_1       | 2019-10-16 13:29:09,421 INFO ipc.Server: Auth successful for om/om@EXAMPLE.COM (auth:KERBEROS)
datanode_2  | 2019-10-16 13:28:10,782 INFO server.RaftServerConfigKeys: raft.server.log.preallocated.size = 16384 (custom)
kdc_1       | Principal "hadoop/7764d1af3d47@EXAMPLE.COM" created.
rm_1        | 2019-10-16 13:27:59 INFO  AuthenticationFilter:240 - Unable to initialize FileSignerSecretProvider, falling back to use random secrets.
jhs         | INFO: Couldn't find grammar element for class javax.ws.rs.core.Response
datanode_1  | 2019-10-16 13:28:10,802 INFO storage.RaftStorage: Storage directory /data/metadata/ratis/f87c504d-a5b6-4495-8310-13aae5384c10 has been successfully formatted.
datanode_3  | 2019-10-16 13:28:10,755 INFO server.RaftServerConfigKeys: raft.server.storage.dir = [/data/metadata/ratis] (custom)
nm_1        | 2019-10-16 13:29:00 INFO  Server:1849 - Auth successful for appattempt_1571232481352_0001_000001 (auth:SIMPLE)
om_1        | 2019-10-16 13:28:36,026 INFO ipc.Server: Auth successful for testuser/om@EXAMPLE.COM (auth:KERBEROS)
kms_1       | INFO: Couldn't find grammar element for class java.util.Map
scm_1       | 2019-10-16 13:29:09,985 INFO ipc.Server: Auth successful for dn/7764d1af3d47@EXAMPLE.COM (auth:KERBEROS)
datanode_2  | 2019-10-16 13:28:10,782 INFO server.RaftServerConfigKeys: raft.server.log.write.buffer.size = 33554432 (custom)
kdc_1       | Authenticating as principal admin/admin with keytab /tmp/admin.keytab.
rm_1        | 2019-10-16 13:27:59 INFO  HttpRequestLog:81 - Http request log for http.requests.resourcemanager is not defined
jhs         | Oct 16, 2019 1:29:33 PM com.sun.jersey.server.wadl.generators.AbstractWadlGeneratorGrammarGenerator attachTypes
datanode_1  | 2019-10-16 13:28:10,802 [pool-9-thread-1] INFO       - group-13AAE5384C10: The snapshot info is null. Setting the last applied indexto:(t:0, i:~)
datanode_3  | 2019-10-16 13:28:10,756 INFO server.RaftServerConfigKeys: raft.server.log.corruption.policy = EXCEPTION (default)
nm_1        | 2019-10-16 13:29:00 INFO  ContainerManagerImpl:1070 - Start request for container_1571232481352_0001_01_000001 by user hadoop
om_1        | 2019-10-16 13:28:41,511 INFO ipc.Server: Auth successful for testuser/om@EXAMPLE.COM (auth:KERBEROS)
kms_1       | Oct 16, 2019 1:28:54 PM com.sun.jersey.server.wadl.generators.AbstractWadlGeneratorGrammarGenerator attachTypes
scm_1       | 2019-10-16 13:29:22,566 INFO ipc.Server: Auth successful for om/om@EXAMPLE.COM (auth:KERBEROS)
datanode_2  | 2019-10-16 13:28:10,782 INFO server.RaftServerConfigKeys: raft.server.log.force.sync.num = 128 (default)
kdc_1       | Entry for principal hadoop/7764d1af3d47@EXAMPLE.COM with kvno 2, encryption type aes256-cts-hmac-sha1-96 added to keytab WRFILE:/data/hadoop.7764d1af3d47.keytab.
rm_1        | 2019-10-16 13:27:59 INFO  HttpServer2:975 - Added global filter 'safety' (class=org.apache.hadoop.http.HttpServer2$QuotingInputFilter)
jhs         | INFO: Couldn't find grammar element for class javax.ws.rs.core.Response
datanode_1  | 2019-10-16 13:28:10,803 INFO server.RaftServerConfigKeys: raft.server.notification.no-leader.timeout = 120s (custom)
datanode_3  | 2019-10-16 13:28:10,756 INFO storage.RaftStorageDirectory: The storage directory /data/metadata/ratis/f87c504d-a5b6-4495-8310-13aae5384c10 does not exist. Creating ...
nm_1        | 2019-10-16 13:29:00 INFO  ContainerManagerImpl:1122 - Creating a new application reference for app application_1571232481352_0001
om_1        | 2019-10-16 13:28:44,361 INFO ipc.Server: Auth successful for testuser/om@EXAMPLE.COM (auth:KERBEROS)
kms_1       | INFO: Couldn't find grammar element for class javax.ws.rs.core.Response
datanode_2  | 2019-10-16 13:28:10,782 INFO server.RaftServerConfigKeys: raft.server.log.statemachine.data.sync = true (default)
scm_1       | 2019-10-16 13:29:23,858 INFO ipc.Server: Auth successful for dn/7764d1af3d47@EXAMPLE.COM (auth:KERBEROS)
rm_1        | 2019-10-16 13:27:59 INFO  HttpServer2:948 - Added filter static_user_filter (class=org.apache.hadoop.http.lib.StaticUserWebFilter$StaticUserFilter) to context cluster
jhs         | 2019-10-16 13:29:33 INFO  AbstractDelegationTokenSecretManager:403 - Creating password for identifier: (TIMELINE_DELEGATION_TOKEN owner=hadoop, renewer=rm, realUser=, issueDate=1571232573334, maxDate=1571837373334, sequenceNumber=2, masterKeyId=2), currentKey: 2
datanode_1  | 2019-10-16 13:28:10,803 INFO server.RaftServerConfigKeys: raft.server.log.use.memory = false (default)
nm_1        | 2019-10-16 13:29:00 INFO  NMAuditLogger:94 - USER=hadoop	IP=172.18.0.12	OPERATION=Start Container Request	TARGET=ContainerManageImpl	RESULT=SUCCESS	APPID=application_1571232481352_0001	CONTAINERID=container_1571232481352_0001_01_000001
datanode_3  | 2019-10-16 13:28:10,778 INFO storage.RaftStorageDirectory: Lock on /data/metadata/ratis/f87c504d-a5b6-4495-8310-13aae5384c10/in_use.lock acquired by nodename 7@7764d1af3d47
kdc_1       | Entry for principal hadoop/7764d1af3d47@EXAMPLE.COM with kvno 2, encryption type aes128-cts-hmac-sha1-96 added to keytab WRFILE:/data/hadoop.7764d1af3d47.keytab.
om_1        | 2019-10-16 13:28:51,120 INFO ipc.Server: Auth successful for hadoop/rm@EXAMPLE.COM (auth:KERBEROS)
kms_1       | Oct 16, 2019 1:28:54 PM com.sun.jersey.server.wadl.generators.AbstractWadlGeneratorGrammarGenerator attachTypes
datanode_2  | 2019-10-16 13:28:10,782 INFO server.RaftServerConfigKeys: raft.server.log.statemachine.data.sync.timeout = 10s (default)
scm_1       | 2019-10-16 13:29:23,874 INFO ipc.Server: Auth successful for dn/ce0b5c440cfa@EXAMPLE.COM (auth:KERBEROS)
rm_1        | 2019-10-16 13:27:59 INFO  HttpServer2:958 - Added filter static_user_filter (class=org.apache.hadoop.http.lib.StaticUserWebFilter$StaticUserFilter) to context static
datanode_1  | 2019-10-16 13:28:10,803 INFO server.RaftServerConfigKeys: raft.server.log.purge.gap = 1000000 (custom)
nm_1        | 2019-10-16 13:29:00 INFO  ApplicationImpl:655 - Application application_1571232481352_0001 transitioned from NEW to INITING
nm_1        | 2019-10-16 13:29:00 INFO  ApplicationImpl:463 - Adding container_1571232481352_0001_01_000001 to application application_1571232481352_0001
nm_1        | 2019-10-16 13:29:01 WARN  LogAggregationFileController:284 - Remote Root Log Dir [/tmp/logs] does not exist. Attempting to create it.
kms_1       | INFO: Couldn't find grammar element for class java.util.Map
om_1        | 2019-10-16 13:28:58,465 INFO ipc.Server: Auth successful for rm/rm@EXAMPLE.COM (auth:KERBEROS)
jhs         | Oct 16, 2019 1:29:33 PM com.sun.jersey.server.wadl.generators.AbstractWadlGeneratorGrammarGenerator attachTypes
datanode_2  | 2019-10-16 13:28:10,782 INFO server.RaftServerConfigKeys: raft.server.log.statemachine.data.sync.timeout.retry = -1 (default)
rm_1        | 2019-10-16 13:27:59 INFO  HttpServer2:958 - Added filter static_user_filter (class=org.apache.hadoop.http.lib.StaticUserWebFilter$StaticUserFilter) to context logs
scm_1       | 2019-10-16 13:29:24,514 INFO ipc.Server: Auth successful for dn/016c5ed7e3b7@EXAMPLE.COM (auth:KERBEROS)
datanode_1  | 2019-10-16 13:28:10,803 INFO server.RaftServerConfigKeys: raft.server.log.appender.buffer.byte-limit = 33554432 (custom)
kdc_1       | Generiting keytab
nm_1        | 2019-10-16 13:29:01 WARN  LogAggregationFileController:298 - No primary group found. The remote root log directory will be created with the HDFS superuser being its group owner. JobHistoryServer may be unable to read the directory.
datanode_3  | 2019-10-16 13:28:10,802 INFO storage.RaftStorage: Storage directory /data/metadata/ratis/f87c504d-a5b6-4495-8310-13aae5384c10 has been successfully formatted.
om_1        | 2019-10-16 13:29:00,897 INFO ipc.Server: Auth successful for nm/nm@EXAMPLE.COM (auth:KERBEROS)
datanode_2  | 2019-10-16 13:28:10,782 INFO server.RaftServerConfigKeys: raft.server.log.statemachine.data.caching.enabled = true (custom)
jhs         | INFO: Couldn't find grammar element for class javax.ws.rs.core.Response
kms_1       | Oct 16, 2019 1:28:54 PM com.sun.jersey.server.wadl.generators.AbstractWadlGeneratorGrammarGenerator attachTypes
rm_1        | 2019-10-16 13:27:59 INFO  HttpServer2:613 - adding path spec: /cluster/*
scm_1       | 2019-10-16 13:29:53,859 INFO ipc.Server: Auth successful for dn/7764d1af3d47@EXAMPLE.COM (auth:KERBEROS)
datanode_1  | 2019-10-16 13:28:10,804 INFO server.RaftServerConfigKeys: raft.server.log.segment.size.max = 1048576 (custom)
kdc_1       | Authenticating as principal admin/admin with keytab /tmp/admin.keytab.
nm_1        | 2019-10-16 13:29:01 INFO  ApplicationImpl:655 - Application application_1571232481352_0001 transitioned from INITING to RUNNING
datanode_3  | 2019-10-16 13:28:10,802 [pool-9-thread-1] INFO       - group-13AAE5384C10: The snapshot info is null. Setting the last applied indexto:(t:0, i:~)
om_1        | 2019-10-16 13:29:01,307 INFO ipc.Server: Auth successful for hadoop/rm@EXAMPLE.COM (auth:TOKEN)
datanode_2  | 2019-10-16 13:28:10,782 INFO segmented.SegmentedRaftLogWorker: 6390a067-33fa-4264-9e9b-4c0543686546@group-13AAE5384C10-SegmentedRaftLogWorker: flushIndex: setUnconditionally 0 -> -1
jhs         | Oct 16, 2019 1:29:33 PM com.sun.jersey.server.wadl.generators.AbstractWadlGeneratorGrammarGenerator attachTypes
kms_1       | INFO: Couldn't find grammar element for class java.util.Map
rm_1        | 2019-10-16 13:27:59 INFO  HttpServer2:613 - adding path spec: /ws/*
scm_1       | 2019-10-16 13:29:53,879 INFO ipc.Server: Auth successful for dn/ce0b5c440cfa@EXAMPLE.COM (auth:KERBEROS)
datanode_1  | 2019-10-16 13:28:10,804 INFO server.RaftServerConfigKeys: raft.server.log.segment.cache.num.max = 2 (custom)
kdc_1       | WARNING: no policy specified for nm/016c5ed7e3b7@EXAMPLE.COM; defaulting to no policy
nm_1        | 2019-10-16 13:29:01 INFO  ContainerImpl:2112 - Container container_1571232481352_0001_01_000001 transitioned from NEW to LOCALIZING
datanode_3  | 2019-10-16 13:28:10,803 INFO server.RaftServerConfigKeys: raft.server.notification.no-leader.timeout = 120s (custom)
om_1        | 2019-10-16 13:29:01,632 INFO ipc.Server: Auth successful for hadoop/rm@EXAMPLE.COM (auth:TOKEN)
datanode_2  | 2019-10-16 13:28:10,783 INFO server.RaftServerConfigKeys: raft.server.snapshot.auto.trigger.enabled = true (custom)
jhs         | INFO: Couldn't find grammar element for class javax.ws.rs.core.Response
kms_1       | Oct 16, 2019 1:28:54 PM com.sun.jersey.server.wadl.generators.AbstractWadlGeneratorGrammarGenerator attachTypes
rm_1        | 2019-10-16 13:27:59 INFO  HttpServer2:613 - adding path spec: /app/*
scm_1       | 2019-10-16 13:29:54,310 INFO ipc.Server: Auth successful for om/om@EXAMPLE.COM (auth:KERBEROS)
datanode_1  | 2019-10-16 13:28:10,804 INFO segmented.SegmentedRaftLogWorker: new 0f2656ed-03f9-4f87-b38b-d805f3faa09d@group-13AAE5384C10-SegmentedRaftLogWorker for RaftStorage:Storage Directory /data/metadata/ratis/f87c504d-a5b6-4495-8310-13aae5384c10
kdc_1       | Principal "nm/016c5ed7e3b7@EXAMPLE.COM" created.
datanode_3  | 2019-10-16 13:28:10,803 INFO server.RaftServerConfigKeys: raft.server.log.use.memory = false (default)
nm_1        | 2019-10-16 13:29:01 INFO  AuxServices:350 - Got event CONTAINER_INIT for appId application_1571232481352_0001
datanode_2  | 2019-10-16 13:28:10,783 INFO server.RaftServerConfigKeys: raft.server.snapshot.auto.trigger.threshold = 10000 (custom)
jhs         | Oct 16, 2019 1:29:33 PM com.sun.jersey.server.wadl.generators.AbstractWadlGeneratorGrammarGenerator attachTypes
kms_1       | INFO: Couldn't find grammar element for class javax.ws.rs.core.Response
rm_1        | 2019-10-16 13:27:59 INFO  WebApps:395 - Registered webapp guice modules
scm_1       | 2019-10-16 13:29:54,510 INFO ipc.Server: Auth successful for dn/016c5ed7e3b7@EXAMPLE.COM (auth:KERBEROS)
datanode_1  | 2019-10-16 13:28:10,804 INFO server.RaftServerConfigKeys: raft.server.log.queue.byte-limit = 2147483647 (custom)
om_1        | 2019-10-16 13:29:05,071 INFO ipc.Server: Auth successful for hadoop/rm@EXAMPLE.COM (auth:TOKEN)
kdc_1       | Authenticating as principal admin/admin with keytab /tmp/admin.keytab.
datanode_3  | 2019-10-16 13:28:10,803 INFO server.RaftServerConfigKeys: raft.server.log.purge.gap = 1000000 (custom)
nm_1        | 2019-10-16 13:29:01 INFO  ResourceLocalizationService:798 - Created localizer for container_1571232481352_0001_01_000001
datanode_2  | 2019-10-16 13:28:10,784 INFO server.RaftServerConfigKeys: raft.server.snapshot.retention.file.num = 5 (custom)
jhs         | INFO: Couldn't find grammar element for class javax.ws.rs.core.Response
kms_1       | Oct 16, 2019 1:28:54 PM com.sun.jersey.server.wadl.generators.AbstractWadlGeneratorGrammarGenerator attachTypes
rm_1        | 2019-10-16 13:27:59 INFO  HttpServer2:1191 - Jetty bound to port 8088
datanode_1  | 2019-10-16 13:28:10,804 INFO server.RaftServerConfigKeys: raft.server.log.queue.element-limit = 1024 (custom)
om_1        | 2019-10-16 13:29:15,304 INFO ipc.Server: Auth successful for hadoop/rm@EXAMPLE.COM (auth:TOKEN)
kdc_1       | Entry for principal nm/016c5ed7e3b7@EXAMPLE.COM with kvno 2, encryption type aes256-cts-hmac-sha1-96 added to keytab WRFILE:/data/nm.016c5ed7e3b7.keytab.
datanode_3  | 2019-10-16 13:28:10,803 INFO server.RaftServerConfigKeys: raft.server.log.appender.buffer.byte-limit = 33554432 (custom)
nm_1        | 2019-10-16 13:29:01 INFO  ResourceLocalizationService:1328 - Writing credentials to the nmPrivate file /tmp/hadoop-hadoop/nm-local-dir/nmPrivate/container_1571232481352_0001_01_000001.tokens
datanode_2  | 2019-10-16 13:28:10,784 INFO server.RaftServerConfigKeys: raft.server.retrycache.expirytime = 600000ms (custom)
jhs         | Oct 16, 2019 1:29:33 PM com.sun.jersey.server.wadl.generators.AbstractWadlGeneratorGrammarGenerator attachTypes
kms_1       | INFO: Couldn't find grammar element for class javax.ws.rs.core.Response
rm_1        | 2019-10-16 13:27:59 INFO  Server:351 - jetty-9.3.24.v20180605, build timestamp: 2018-06-05T17:11:56Z, git hash: 84205aa28f11a4f31f2a3b86d1bba2cc8ab69827
datanode_1  | 2019-10-16 13:28:10,804 INFO server.RaftServerConfigKeys: raft.server.log.segment.size.max = 1048576 (custom)
om_1        | 2019-10-16 13:29:15,945 INFO ipc.Server: Auth successful for hadoop/rm@EXAMPLE.COM (auth:TOKEN)
kdc_1       | Entry for principal nm/016c5ed7e3b7@EXAMPLE.COM with kvno 2, encryption type aes128-cts-hmac-sha1-96 added to keytab WRFILE:/data/nm.016c5ed7e3b7.keytab.
datanode_3  | 2019-10-16 13:28:10,803 INFO server.RaftServerConfigKeys: raft.server.log.segment.size.max = 1048576 (custom)
nm_1        | 2019-10-16 13:29:01 INFO  DefaultContainerExecutor:836 - Initializing user hadoop
datanode_2  | 2019-10-16 13:28:10,792 INFO impl.RaftServerImpl: 6390a067-33fa-4264-9e9b-4c0543686546@group-13AAE5384C10: start as a follower, conf=-1: [0f2656ed-03f9-4f87-b38b-d805f3faa09d:172.18.0.3:9858, 25367887-a8c2-4b8c-99a2-0fc8576e216c:172.18.0.2:9858, 6390a067-33fa-4264-9e9b-4c0543686546:172.18.0.5:9858], old=null
jhs         | INFO: Couldn't find grammar element for class javax.ws.rs.core.Response
kms_1       | Oct 16, 2019 1:28:54 PM com.sun.jersey.server.wadl.generators.AbstractWadlGeneratorGrammarGenerator attachTypes
datanode_1  | 2019-10-16 13:28:10,805 INFO server.RaftServerConfigKeys: raft.server.log.preallocated.size = 16384 (custom)
rm_1        | 2019-10-16 13:27:59 INFO  ContextHandler:781 - Started o.e.j.s.ServletContextHandler@3234f74e{/logs,file:///opt/hadoop/logs/,AVAILABLE}
om_1        | 2019-10-16 13:29:16,943 INFO ipc.Server: Auth successful for hadoop/rm@EXAMPLE.COM (auth:TOKEN)
kdc_1       | Generiting keytab
datanode_3  | 2019-10-16 13:28:10,803 INFO server.RaftServerConfigKeys: raft.server.log.segment.cache.num.max = 2 (custom)
nm_1        | 2019-10-16 13:29:01 INFO  DefaultContainerExecutor:166 - Copying from /tmp/hadoop-hadoop/nm-local-dir/nmPrivate/container_1571232481352_0001_01_000001.tokens to /tmp/hadoop-hadoop/nm-local-dir/usercache/hadoop/appcache/application_1571232481352_0001/container_1571232481352_0001_01_000001.tokens
datanode_2  | 2019-10-16 13:28:10,792 INFO impl.RaftServerImpl: 6390a067-33fa-4264-9e9b-4c0543686546@group-13AAE5384C10: changes role from      null to FOLLOWER at term 0 for startAsFollower
jhs         | 2019-10-16 13:29:33 INFO  AbstractDelegationTokenSecretManager:491 - Token renewal for identifier: (TIMELINE_DELEGATION_TOKEN owner=hadoop, renewer=rm, realUser=, issueDate=1571232573334, maxDate=1571837373334, sequenceNumber=2, masterKeyId=2); total currentTokens 2
kms_1       | INFO: Couldn't find grammar element for class java.util.Map
datanode_1  | 2019-10-16 13:28:10,805 INFO server.RaftServerConfigKeys: raft.server.log.write.buffer.size = 33554432 (custom)
rm_1        | 2019-10-16 13:27:59 INFO  ContextHandler:781 - Started o.e.j.s.ServletContextHandler@557a1e2d{/static,jar:file:/opt/hadoop/share/hadoop/yarn/hadoop-yarn-common-3.2.0.jar!/webapps/static,AVAILABLE}
om_1        | 2019-10-16 13:29:21,845 INFO ipc.Server: Auth successful for hadoop/rm@EXAMPLE.COM (auth:TOKEN)
kdc_1       | Authenticating as principal admin/admin with keytab /tmp/admin.keytab.
datanode_3  | 2019-10-16 13:28:10,804 INFO segmented.SegmentedRaftLogWorker: new 25367887-a8c2-4b8c-99a2-0fc8576e216c@group-13AAE5384C10-SegmentedRaftLogWorker for RaftStorage:Storage Directory /data/metadata/ratis/f87c504d-a5b6-4495-8310-13aae5384c10
nm_1        | 2019-10-16 13:29:01 INFO  DefaultContainerExecutor:174 - Localizer CWD set to /tmp/hadoop-hadoop/nm-local-dir/usercache/hadoop/appcache/application_1571232481352_0001 = file:/tmp/hadoop-hadoop/nm-local-dir/usercache/hadoop/appcache/application_1571232481352_0001
datanode_2  | 2019-10-16 13:28:10,792 INFO impl.RoleInfo: 6390a067-33fa-4264-9e9b-4c0543686546: start FollowerState
kms_1       | Oct 16, 2019 1:28:54 PM com.sun.jersey.server.wadl.generators.AbstractWadlGeneratorGrammarGenerator attachTypes
datanode_1  | 2019-10-16 13:28:10,805 INFO server.RaftServerConfigKeys: raft.server.log.force.sync.num = 128 (default)
rm_1        | Oct 16, 2019 1:28:00 PM com.sun.jersey.guice.spi.container.GuiceComponentProviderFactory register
om_1        | 2019-10-16 13:29:24,196 INFO ipc.Server: Auth successful for hadoop/rm@EXAMPLE.COM (auth:TOKEN)
kdc_1       | WARNING: no policy specified for spark/7764d1af3d47@EXAMPLE.COM; defaulting to no policy
datanode_3  | 2019-10-16 13:28:10,804 INFO server.RaftServerConfigKeys: raft.server.log.queue.byte-limit = 2147483647 (custom)
nm_1        | 2019-10-16 13:29:01 INFO  Server:1849 - Auth successful for testing (auth:SIMPLE)
datanode_2  | 2019-10-16 13:28:10,793 INFO util.JmxRegister: Successfully registered JMX Bean with object name Ratis:service=RaftServer,group=group-13AAE5384C10,id=6390a067-33fa-4264-9e9b-4c0543686546
kms_1       | INFO: Couldn't find grammar element for class java.util.Map
datanode_1  | 2019-10-16 13:28:10,805 INFO server.RaftServerConfigKeys: raft.server.log.statemachine.data.sync = true (default)
rm_1        | INFO: Registering org.apache.hadoop.yarn.server.resourcemanager.webapp.JAXBContextResolver as a provider class
om_1        | 2019-10-16 13:29:26,766 INFO ipc.Server: Auth successful for hadoop/rm@EXAMPLE.COM (auth:KERBEROS)
kdc_1       | Principal "spark/7764d1af3d47@EXAMPLE.COM" created.
datanode_3  | 2019-10-16 13:28:10,804 INFO server.RaftServerConfigKeys: raft.server.log.queue.element-limit = 1024 (custom)
datanode_2  | 2019-10-16 13:28:15,158 INFO impl.FollowerState: 6390a067-33fa-4264-9e9b-4c0543686546@group-D4AFAA2B56F6-FollowerState: change to CANDIDATE, lastRpcTime:5067ms, electionTimeout:5066ms
nm_1        | 2019-10-16 13:29:01 WARN  MetricsSystemImpl:151 - NodeManager metrics system already initialized!
kms_1       | Oct 16, 2019 1:28:54 PM com.sun.jersey.server.wadl.generators.AbstractWadlGeneratorGrammarGenerator attachTypes
datanode_1  | 2019-10-16 13:28:10,805 INFO server.RaftServerConfigKeys: raft.server.log.statemachine.data.sync.timeout = 10s (default)
rm_1        | Oct 16, 2019 1:28:00 PM com.sun.jersey.guice.spi.container.GuiceComponentProviderFactory register
om_1        | 2019-10-16 13:29:29,427 INFO ipc.Server: Auth successful for hadoop/rm@EXAMPLE.COM (auth:KERBEROS)
kdc_1       | Authenticating as principal admin/admin with keytab /tmp/admin.keytab.
datanode_3  | 2019-10-16 13:28:10,804 INFO server.RaftServerConfigKeys: raft.server.log.segment.size.max = 1048576 (custom)
nm_1        | 2019-10-16 13:29:03 INFO  ContainerImpl:2112 - Container container_1571232481352_0001_01_000001 transitioned from LOCALIZING to SCHEDULED
datanode_2  | 2019-10-16 13:28:15,160 INFO impl.RoleInfo: 6390a067-33fa-4264-9e9b-4c0543686546: shutdown FollowerState
kms_1       | INFO: Couldn't find grammar element for class javax.ws.rs.core.Response
datanode_1  | 2019-10-16 13:28:10,805 INFO server.RaftServerConfigKeys: raft.server.log.statemachine.data.sync.timeout.retry = -1 (default)
rm_1        | INFO: Registering org.apache.hadoop.yarn.server.resourcemanager.webapp.RMWebServices as a root resource class
om_1        | 2019-10-16 13:29:32,614 INFO ipc.Server: Auth successful for hadoop/rm@EXAMPLE.COM (auth:TOKEN)
kdc_1       | Entry for principal spark/7764d1af3d47@EXAMPLE.COM with kvno 2, encryption type aes256-cts-hmac-sha1-96 added to keytab WRFILE:/data/spark.7764d1af3d47.keytab.
datanode_3  | 2019-10-16 13:28:10,804 INFO server.RaftServerConfigKeys: raft.server.log.preallocated.size = 16384 (custom)
nm_1        | 2019-10-16 13:29:03 INFO  ContainerScheduler:541 - Starting container [container_1571232481352_0001_01_000001]
datanode_2  | 2019-10-16 13:28:15,161 INFO impl.RaftServerImpl: 6390a067-33fa-4264-9e9b-4c0543686546@group-D4AFAA2B56F6: changes role from  FOLLOWER to CANDIDATE at term 0 for changeToCandidate
kms_1       | Oct 16, 2019 1:28:57 PM com.sun.jersey.server.wadl.generators.WadlGeneratorJAXBGrammarGenerator buildModelAndSchemas
datanode_1  | 2019-10-16 13:28:10,806 INFO server.RaftServerConfigKeys: raft.server.log.statemachine.data.caching.enabled = true (custom)
rm_1        | Oct 16, 2019 1:28:00 PM com.sun.jersey.guice.spi.container.GuiceComponentProviderFactory register
kdc_1       | Entry for principal spark/7764d1af3d47@EXAMPLE.COM with kvno 2, encryption type aes128-cts-hmac-sha1-96 added to keytab WRFILE:/data/spark.7764d1af3d47.keytab.
datanode_3  | 2019-10-16 13:28:10,804 INFO server.RaftServerConfigKeys: raft.server.log.write.buffer.size = 33554432 (custom)
datanode_2  | 2019-10-16 13:28:15,166 INFO impl.RoleInfo: 6390a067-33fa-4264-9e9b-4c0543686546: start LeaderElection
nm_1        | 2019-10-16 13:29:03 INFO  ContainerImpl:2112 - Container container_1571232481352_0001_01_000001 transitioned from SCHEDULED to RUNNING
om_1        | 2019-10-16 13:29:33,437 INFO ipc.Server: Auth successful for rm/rm@EXAMPLE.COM (auth:KERBEROS)
kms_1       | SEVERE: Failed to generate the schema for the JAX-B elements
datanode_1  | 2019-10-16 13:28:10,806 INFO segmented.SegmentedRaftLogWorker: 0f2656ed-03f9-4f87-b38b-d805f3faa09d@group-13AAE5384C10-SegmentedRaftLogWorker: flushIndex: setUnconditionally 0 -> -1
rm_1        | INFO: Registering org.apache.hadoop.yarn.webapp.GenericExceptionHandler as a provider class
kdc_1       | Generiting keytab
datanode_3  | 2019-10-16 13:28:10,804 INFO server.RaftServerConfigKeys: raft.server.log.force.sync.num = 128 (default)
datanode_2  | 2019-10-16 13:28:15,182 INFO impl.LeaderElection: 6390a067-33fa-4264-9e9b-4c0543686546@group-D4AFAA2B56F6-LeaderElection1: begin an election at term 1 for -1: [6390a067-33fa-4264-9e9b-4c0543686546:172.18.0.5:9858], old=null
nm_1        | 2019-10-16 13:29:03 INFO  ContainersMonitorImpl:1013 - Starting resource-monitoring for container_1571232481352_0001_01_000001
om_1        | 2019-10-16 13:29:34,657 INFO ipc.Server: Auth successful for nm/nm@EXAMPLE.COM (auth:KERBEROS)
kms_1       | com.sun.xml.bind.v2.runtime.IllegalAnnotationsException: 2 counts of IllegalAnnotationExceptions
datanode_1  | 2019-10-16 13:28:10,806 INFO server.RaftServerConfigKeys: raft.server.snapshot.auto.trigger.enabled = true (custom)
rm_1        | Oct 16, 2019 1:28:00 PM com.sun.jersey.server.impl.application.WebApplicationImpl _initiate
kdc_1       | Authenticating as principal admin/admin with keytab /tmp/admin.keytab.
datanode_3  | 2019-10-16 13:28:10,804 INFO server.RaftServerConfigKeys: raft.server.log.statemachine.data.sync = true (default)
datanode_2  | 2019-10-16 13:28:15,183 INFO impl.RoleInfo: 6390a067-33fa-4264-9e9b-4c0543686546: shutdown LeaderElection
nm_1        | 2019-10-16 13:29:03 INFO  DefaultContainerExecutor:370 - launchContainer: [bash, /tmp/hadoop-hadoop/nm-local-dir/usercache/hadoop/appcache/application_1571232481352_0001/container_1571232481352_0001_01_000001/default_container_executor.sh]
om_1        | 2019-10-16 13:29:34,698 INFO ipc.Server: Auth successful for hadoop/rm@EXAMPLE.COM (auth:TOKEN)
kms_1       | java.util.Map is an interface, and JAXB can't handle interfaces.
datanode_1  | 2019-10-16 13:28:10,807 INFO server.RaftServerConfigKeys: raft.server.snapshot.auto.trigger.threshold = 10000 (custom)
rm_1        | INFO: Initiating Jersey application, version 'Jersey: 1.19 02/11/2015 03:25 AM'
kdc_1       | WARNING: no policy specified for yarn/016c5ed7e3b7@EXAMPLE.COM; defaulting to no policy
datanode_3  | 2019-10-16 13:28:10,805 INFO server.RaftServerConfigKeys: raft.server.log.statemachine.data.sync.timeout = 10s (default)
datanode_2  | 2019-10-16 13:28:15,184 INFO impl.RaftServerImpl: 6390a067-33fa-4264-9e9b-4c0543686546@group-D4AFAA2B56F6: changes role from CANDIDATE to LEADER at term 1 for changeToLeader
nm_1        | 2019-10-16 13:29:05 INFO  ContainersMonitorImpl:615 - container_1571232481352_0001_01_000001's ip = 172.18.0.10, and hostname = nm
om_1        | 2019-10-16 13:29:34,783 INFO ipc.Server: Auth successful for hadoop/rm@EXAMPLE.COM (auth:TOKEN)
kms_1       | 	this problem is related to the following location:
datanode_1  | 2019-10-16 13:28:10,807 INFO server.RaftServerConfigKeys: raft.server.snapshot.retention.file.num = 5 (custom)
rm_1        | Oct 16, 2019 1:28:00 PM com.sun.jersey.guice.spi.container.GuiceComponentProviderFactory getComponentProvider
kdc_1       | Principal "yarn/016c5ed7e3b7@EXAMPLE.COM" created.
datanode_3  | 2019-10-16 13:28:10,805 INFO server.RaftServerConfigKeys: raft.server.log.statemachine.data.sync.timeout.retry = -1 (default)
datanode_2  | 2019-10-16 13:28:15,184 INFO impl.RaftServerImpl: 6390a067-33fa-4264-9e9b-4c0543686546@group-D4AFAA2B56F6: change Leader from null to 6390a067-33fa-4264-9e9b-4c0543686546 at term 1 for becomeLeader, leader elected after 5199ms
om_1        | 2019-10-16 13:29:36,957 INFO ipc.Server: Auth successful for hadoop/rm@EXAMPLE.COM (auth:TOKEN)
nm_1        | 2019-10-16 13:29:08 INFO  ContainersMonitorImpl:516 - Skipping monitoring container container_1571232481352_0001_01_000001 since CPU usage is not yet available.
kms_1       | 		at java.util.Map
datanode_1  | 2019-10-16 13:28:10,807 INFO server.RaftServerConfigKeys: raft.server.retrycache.expirytime = 600000ms (custom)
rm_1        | INFO: Binding org.apache.hadoop.yarn.server.resourcemanager.webapp.JAXBContextResolver to GuiceManagedComponentProvider with the scope "Singleton"
kdc_1       | Authenticating as principal admin/admin with keytab /tmp/admin.keytab.
datanode_3  | 2019-10-16 13:28:10,805 INFO server.RaftServerConfigKeys: raft.server.log.statemachine.data.caching.enabled = true (custom)
datanode_2  | 2019-10-16 13:28:15,188 INFO server.RaftServerConfigKeys: raft.server.staging.catchup.gap = 1000 (default)
om_1        | 2019-10-16 13:29:46,948 INFO ipc.Server: Auth successful for hadoop/rm@EXAMPLE.COM (auth:TOKEN)
nm_1        | 2019-10-16 13:29:12 INFO  Server:1849 - Auth successful for appattempt_1571232481352_0001_000001 (auth:SIMPLE)
kms_1       | java.util.Map does not have a no-arg default constructor.
datanode_1  | 2019-10-16 13:28:10,813 INFO impl.RaftServerImpl: 0f2656ed-03f9-4f87-b38b-d805f3faa09d@group-13AAE5384C10: start as a follower, conf=-1: [0f2656ed-03f9-4f87-b38b-d805f3faa09d:172.18.0.3:9858, 25367887-a8c2-4b8c-99a2-0fc8576e216c:172.18.0.2:9858, 6390a067-33fa-4264-9e9b-4c0543686546:172.18.0.5:9858], old=null
rm_1        | Oct 16, 2019 1:28:00 PM com.sun.jersey.guice.spi.container.GuiceComponentProviderFactory getComponentProvider
kdc_1       | Entry for principal yarn/016c5ed7e3b7@EXAMPLE.COM with kvno 2, encryption type aes256-cts-hmac-sha1-96 added to keytab WRFILE:/data/yarn.016c5ed7e3b7.keytab.
datanode_3  | 2019-10-16 13:28:10,805 INFO segmented.SegmentedRaftLogWorker: 25367887-a8c2-4b8c-99a2-0fc8576e216c@group-13AAE5384C10-SegmentedRaftLogWorker: flushIndex: setUnconditionally 0 -> -1
datanode_2  | 2019-10-16 13:28:15,188 INFO server.RaftServerConfigKeys: raft.server.rpc.sleep.time = 25ms (default)
om_1        | 2019-10-16 13:29:53,665 INFO ipc.Server: Auth successful for hadoop/rm@EXAMPLE.COM (auth:TOKEN)
nm_1        | 2019-10-16 13:29:12 INFO  ContainerManagerImpl:1070 - Start request for container_1571232481352_0001_01_000002 by user hadoop
kms_1       | 	this problem is related to the following location:
datanode_1  | 2019-10-16 13:28:10,813 INFO impl.RaftServerImpl: 0f2656ed-03f9-4f87-b38b-d805f3faa09d@group-13AAE5384C10: changes role from      null to FOLLOWER at term 0 for startAsFollower
kdc_1       | Entry for principal yarn/016c5ed7e3b7@EXAMPLE.COM with kvno 2, encryption type aes128-cts-hmac-sha1-96 added to keytab WRFILE:/data/yarn.016c5ed7e3b7.keytab.
datanode_3  | 2019-10-16 13:28:10,806 INFO server.RaftServerConfigKeys: raft.server.snapshot.auto.trigger.enabled = true (custom)
om_1        | 2019-10-16 13:29:55,784 INFO ipc.Server: Auth successful for hadoop/rm@EXAMPLE.COM (auth:TOKEN)
datanode_2  | 2019-10-16 13:28:15,191 INFO server.RaftServerConfigKeys: raft.server.write.element-limit = 4096 (default)
rm_1        | INFO: Binding org.apache.hadoop.yarn.webapp.GenericExceptionHandler to GuiceManagedComponentProvider with the scope "Singleton"
nm_1        | 2019-10-16 13:29:12 INFO  NMAuditLogger:94 - USER=hadoop	IP=172.18.0.10	OPERATION=Start Container Request	TARGET=ContainerManageImpl	RESULT=SUCCESS	APPID=application_1571232481352_0001	CONTAINERID=container_1571232481352_0001_01_000002
kms_1       | 		at java.util.Map
datanode_1  | 2019-10-16 13:28:10,814 INFO impl.RoleInfo: 0f2656ed-03f9-4f87-b38b-d805f3faa09d: start FollowerState
kdc_1       | Generiting keytab
datanode_3  | 2019-10-16 13:28:10,806 INFO server.RaftServerConfigKeys: raft.server.snapshot.auto.trigger.threshold = 10000 (custom)
datanode_2  | 2019-10-16 13:28:15,195 INFO server.RaftServerConfigKeys: raft.server.watch.timeout = 10s (default)
nm_1        | 2019-10-16 13:29:12 INFO  ApplicationImpl:463 - Adding container_1571232481352_0001_01_000002 to application application_1571232481352_0001
kms_1       | 
kdc_1       | Authenticating as principal admin/admin with keytab /tmp/admin.keytab.
datanode_1  | 2019-10-16 13:28:10,814 INFO util.JmxRegister: Successfully registered JMX Bean with object name Ratis:service=RaftServer,group=group-13AAE5384C10,id=0f2656ed-03f9-4f87-b38b-d805f3faa09d
rm_1        | Oct 16, 2019 1:28:01 PM com.sun.jersey.guice.spi.container.GuiceComponentProviderFactory getComponentProvider
datanode_3  | 2019-10-16 13:28:10,806 INFO server.RaftServerConfigKeys: raft.server.snapshot.retention.file.num = 5 (custom)
datanode_2  | 2019-10-16 13:28:15,195 INFO server.RaftServerConfigKeys: raft.server.watch.timeout.denomination = 1s (default)
nm_1        | 2019-10-16 13:29:12 INFO  ContainerImpl:2112 - Container container_1571232481352_0001_01_000002 transitioned from NEW to LOCALIZING
kms_1       | 	at com.sun.xml.bind.v2.runtime.IllegalAnnotationsException$Builder.check(IllegalAnnotationsException.java:106)
kdc_1       | WARNING: no policy specified for jhs/016c5ed7e3b7@EXAMPLE.COM; defaulting to no policy
datanode_1  | 2019-10-16 13:28:15,665 INFO impl.FollowerState: 0f2656ed-03f9-4f87-b38b-d805f3faa09d@group-D48CDD05190B-FollowerState: change to CANDIDATE, lastRpcTime:5046ms, electionTimeout:5045ms
datanode_3  | 2019-10-16 13:28:10,807 INFO server.RaftServerConfigKeys: raft.server.retrycache.expirytime = 600000ms (custom)
rm_1        | INFO: Binding org.apache.hadoop.yarn.server.resourcemanager.webapp.RMWebServices to GuiceManagedComponentProvider with the scope "Singleton"
datanode_2  | 2019-10-16 13:28:15,196 INFO server.RaftServerConfigKeys: raft.server.watch.element-limit = 65536 (default)
nm_1        | 2019-10-16 13:29:12 INFO  AuxServices:350 - Got event CONTAINER_INIT for appId application_1571232481352_0001
kms_1       | 	at com.sun.xml.bind.v2.runtime.JAXBContextImpl.getTypeInfoSet(JAXBContextImpl.java:489)
kdc_1       | Principal "jhs/016c5ed7e3b7@EXAMPLE.COM" created.
datanode_1  | 2019-10-16 13:28:15,667 INFO impl.RoleInfo: 0f2656ed-03f9-4f87-b38b-d805f3faa09d: shutdown FollowerState
datanode_3  | 2019-10-16 13:28:10,812 INFO impl.RaftServerImpl: 25367887-a8c2-4b8c-99a2-0fc8576e216c@group-13AAE5384C10: start as a follower, conf=-1: [0f2656ed-03f9-4f87-b38b-d805f3faa09d:172.18.0.3:9858, 25367887-a8c2-4b8c-99a2-0fc8576e216c:172.18.0.2:9858, 6390a067-33fa-4264-9e9b-4c0543686546:172.18.0.5:9858], old=null
rm_1        | 2019-10-16 13:28:01 INFO  ContextHandler:781 - Started o.e.j.w.WebAppContext@64524dd{/,file:///tmp/jetty-rm-8088-cluster-_-any-6037422326161036611.dir/webapp/,AVAILABLE}{/cluster}
datanode_2  | 2019-10-16 13:28:15,207 INFO impl.RoleInfo: 6390a067-33fa-4264-9e9b-4c0543686546: start LeaderState
nm_1        | 2019-10-16 13:29:12 INFO  AuxServices:350 - Got event APPLICATION_INIT for appId application_1571232481352_0001
kms_1       | 	at com.sun.xml.bind.v2.runtime.JAXBContextImpl.<init>(JAXBContextImpl.java:319)
kdc_1       | Authenticating as principal admin/admin with keytab /tmp/admin.keytab.
datanode_3  | 2019-10-16 13:28:10,812 INFO impl.RaftServerImpl: 25367887-a8c2-4b8c-99a2-0fc8576e216c@group-13AAE5384C10: changes role from      null to FOLLOWER at term 0 for startAsFollower
rm_1        | 2019-10-16 13:28:01 INFO  AbstractConnector:278 - Started ServerConnector@3531f3ca{HTTP/1.1,[http/1.1]}{rm:8088}
datanode_1  | 2019-10-16 13:28:15,668 INFO impl.RaftServerImpl: 0f2656ed-03f9-4f87-b38b-d805f3faa09d@group-D48CDD05190B: changes role from  FOLLOWER to CANDIDATE at term 0 for changeToCandidate
datanode_2  | 2019-10-16 13:28:15,226 INFO segmented.SegmentedRaftLogWorker: 6390a067-33fa-4264-9e9b-4c0543686546@group-D4AFAA2B56F6-SegmentedRaftLogWorker: Starting segment from index:0
nm_1        | 2019-10-16 13:29:12 INFO  AuxServices:354 - Got APPLICATION_INIT for service mapreduce_shuffle
kms_1       | 	at com.sun.xml.bind.v2.runtime.JAXBContextImpl$JAXBContextBuilder.build(JAXBContextImpl.java:1170)
kdc_1       | Entry for principal jhs/016c5ed7e3b7@EXAMPLE.COM with kvno 2, encryption type aes256-cts-hmac-sha1-96 added to keytab WRFILE:/data/jhs.016c5ed7e3b7.keytab.
datanode_3  | 2019-10-16 13:28:10,812 INFO impl.RoleInfo: 25367887-a8c2-4b8c-99a2-0fc8576e216c: start FollowerState
rm_1        | 2019-10-16 13:28:01 INFO  Server:419 - Started @4837ms
datanode_2  | 2019-10-16 13:28:15,234 INFO impl.RaftServerImpl: 6390a067-33fa-4264-9e9b-4c0543686546@group-D4AFAA2B56F6: set configuration 0: [6390a067-33fa-4264-9e9b-4c0543686546:172.18.0.5:9858], old=null at 0
nm_1        | 2019-10-16 13:29:12 INFO  ShuffleHandler:719 - Added token for job_1571232481352_0001
datanode_1  | 2019-10-16 13:28:15,673 INFO impl.RoleInfo: 0f2656ed-03f9-4f87-b38b-d805f3faa09d: start LeaderElection
kms_1       | 	at com.sun.xml.bind.v2.ContextFactory.createContext(ContextFactory.java:145)
kdc_1       | Entry for principal jhs/016c5ed7e3b7@EXAMPLE.COM with kvno 2, encryption type aes128-cts-hmac-sha1-96 added to keytab WRFILE:/data/jhs.016c5ed7e3b7.keytab.
datanode_3  | 2019-10-16 13:28:10,812 INFO util.JmxRegister: Successfully registered JMX Bean with object name Ratis:service=RaftServer,group=group-13AAE5384C10,id=25367887-a8c2-4b8c-99a2-0fc8576e216c
datanode_2  | 2019-10-16 13:28:15,574 INFO segmented.SegmentedRaftLogWorker: 6390a067-33fa-4264-9e9b-4c0543686546@group-D4AFAA2B56F6-SegmentedRaftLogWorker: created new log segment /data/metadata/ratis/d64746b4-a84e-44b7-9b5c-d4afaa2b56f6/current/log_inprogress_0
rm_1        | 2019-10-16 13:28:01 INFO  WebApps:440 - Web app cluster started at 8088
nm_1        | 2019-10-16 13:29:12 INFO  ContainerImpl:2112 - Container container_1571232481352_0001_01_000002 transitioned from LOCALIZING to SCHEDULED
kms_1       | 	at sun.reflect.NativeMethodAccessorImpl.invoke0(Native Method)
datanode_1  | 2019-10-16 13:28:15,689 INFO impl.LeaderElection: 0f2656ed-03f9-4f87-b38b-d805f3faa09d@group-D48CDD05190B-LeaderElection1: begin an election at term 1 for -1: [0f2656ed-03f9-4f87-b38b-d805f3faa09d:172.18.0.3:9858], old=null
kdc_1       | Generiting keytab
datanode_2  | 2019-10-16 13:28:15,932 INFO impl.FollowerState: 6390a067-33fa-4264-9e9b-4c0543686546@group-13AAE5384C10-FollowerState: change to CANDIDATE, lastRpcTime:5139ms, electionTimeout:5139ms
datanode_3  | 2019-10-16 13:28:14,635 INFO impl.FollowerState: 25367887-a8c2-4b8c-99a2-0fc8576e216c@group-C90D53BE4165-FollowerState: change to CANDIDATE, lastRpcTime:5077ms, electionTimeout:5076ms
rm_1        | 2019-10-16 13:28:01 INFO  CallQueueManager:84 - Using callQueue: class java.util.concurrent.LinkedBlockingQueue, queueCapacity: 100, scheduler: class org.apache.hadoop.ipc.DefaultRpcScheduler, ipcBackoff: false.
nm_1        | 2019-10-16 13:29:12 INFO  ContainerScheduler:541 - Starting container [container_1571232481352_0001_01_000002]
kms_1       | 	at sun.reflect.NativeMethodAccessorImpl.invoke(NativeMethodAccessorImpl.java:62)
datanode_1  | 2019-10-16 13:28:15,691 INFO impl.RoleInfo: 0f2656ed-03f9-4f87-b38b-d805f3faa09d: shutdown LeaderElection
datanode_3  | 2019-10-16 13:28:14,638 INFO impl.RoleInfo: 25367887-a8c2-4b8c-99a2-0fc8576e216c: shutdown FollowerState
datanode_2  | 2019-10-16 13:28:15,933 INFO impl.RoleInfo: 6390a067-33fa-4264-9e9b-4c0543686546: shutdown FollowerState
kdc_1       | Oct 16 13:27:41 kdc krb5kdc[9](info): AS_REQ (8 etypes {18 17 20 19 16 23 25 26}) 127.0.0.1: SERVER_NOT_FOUND: admin/admin@EXAMPLE.COM for kadmin/localhost@EXAMPLE.COM, Server not found in Kerberos database
rm_1        | 2019-10-16 13:28:01 INFO  Server:1074 - Starting Socket Reader #1 for port 8033
nm_1        | 2019-10-16 13:29:12 INFO  ContainerImpl:2112 - Container container_1571232481352_0001_01_000002 transitioned from SCHEDULED to RUNNING
kms_1       | 	at sun.reflect.DelegatingMethodAccessorImpl.invoke(DelegatingMethodAccessorImpl.java:43)
datanode_1  | 2019-10-16 13:28:15,692 INFO impl.RaftServerImpl: 0f2656ed-03f9-4f87-b38b-d805f3faa09d@group-D48CDD05190B: changes role from CANDIDATE to LEADER at term 1 for changeToLeader
datanode_3  | 2019-10-16 13:28:14,639 INFO impl.RaftServerImpl: 25367887-a8c2-4b8c-99a2-0fc8576e216c@group-C90D53BE4165: changes role from  FOLLOWER to CANDIDATE at term 0 for changeToCandidate
datanode_2  | 2019-10-16 13:28:15,933 INFO impl.RaftServerImpl: 6390a067-33fa-4264-9e9b-4c0543686546@group-13AAE5384C10: changes role from  FOLLOWER to CANDIDATE at term 0 for changeToCandidate
kdc_1       | Oct 16 13:27:41 kdc krb5kdc[9](info): AS_REQ (8 etypes {18 17 20 19 16 23 25 26}) 127.0.0.1: ISSUE: authtime 1571232461, etypes {rep=18 tkt=18 ses=18}, admin/admin@EXAMPLE.COM for kadmin/admin@EXAMPLE.COM
nm_1        | 2019-10-16 13:29:12 INFO  ContainersMonitorImpl:1013 - Starting resource-monitoring for container_1571232481352_0001_01_000002
kms_1       | 	at java.lang.reflect.Method.invoke(Method.java:498)
datanode_1  | 2019-10-16 13:28:15,692 INFO impl.RaftServerImpl: 0f2656ed-03f9-4f87-b38b-d805f3faa09d@group-D48CDD05190B: change Leader from null to 0f2656ed-03f9-4f87-b38b-d805f3faa09d at term 1 for becomeLeader, leader elected after 5224ms
datanode_2  | 2019-10-16 13:28:15,933 INFO impl.RoleInfo: 6390a067-33fa-4264-9e9b-4c0543686546: start LeaderElection
datanode_3  | 2019-10-16 13:28:14,645 INFO impl.RoleInfo: 25367887-a8c2-4b8c-99a2-0fc8576e216c: start LeaderElection
rm_1        | 2019-10-16 13:28:01 INFO  RpcServerFactoryPBImpl:173 - Adding protocol org.apache.hadoop.yarn.server.api.ResourceManagerAdministrationProtocolPB to the server
kdc_1       | Oct 16 13:27:41 kdc krb5kdc[9](info): AS_REQ (8 etypes {18 17 20 19 16 23 25 26}) 127.0.0.1: SERVER_NOT_FOUND: admin/admin@EXAMPLE.COM for kadmin/localhost@EXAMPLE.COM, Server not found in Kerberos database
nm_1        | 2019-10-16 13:29:12 INFO  DefaultContainerExecutor:370 - launchContainer: [bash, /tmp/hadoop-hadoop/nm-local-dir/usercache/hadoop/appcache/application_1571232481352_0001/container_1571232481352_0001_01_000002/default_container_executor.sh]
kms_1       | 	at javax.xml.bind.ContextFinder.newInstance(ContextFinder.java:247)
datanode_1  | 2019-10-16 13:28:15,698 INFO server.RaftServerConfigKeys: raft.server.staging.catchup.gap = 1000 (default)
datanode_2  | 2019-10-16 13:28:15,958 INFO impl.LeaderElection: 6390a067-33fa-4264-9e9b-4c0543686546@group-13AAE5384C10-LeaderElection2: begin an election at term 1 for -1: [0f2656ed-03f9-4f87-b38b-d805f3faa09d:172.18.0.3:9858, 25367887-a8c2-4b8c-99a2-0fc8576e216c:172.18.0.2:9858, 6390a067-33fa-4264-9e9b-4c0543686546:172.18.0.5:9858], old=null
datanode_3  | 2019-10-16 13:28:14,663 INFO impl.LeaderElection: 25367887-a8c2-4b8c-99a2-0fc8576e216c@group-C90D53BE4165-LeaderElection1: begin an election at term 1 for -1: [25367887-a8c2-4b8c-99a2-0fc8576e216c:172.18.0.2:9858], old=null
rm_1        | 2019-10-16 13:28:01 INFO  Server:1314 - IPC Server Responder: starting
kdc_1       | Oct 16 13:27:41 kdc krb5kdc[9](info): AS_REQ (8 etypes {18 17 20 19 16 23 25 26}) 127.0.0.1: ISSUE: authtime 1571232461, etypes {rep=18 tkt=18 ses=18}, admin/admin@EXAMPLE.COM for kadmin/admin@EXAMPLE.COM
nm_1        | 2019-10-16 13:29:13 INFO  Server:1849 - Auth successful for appattempt_1571232481352_0001_000001 (auth:SIMPLE)
kms_1       | 	at javax.xml.bind.ContextFinder.newInstance(ContextFinder.java:234)
datanode_1  | 2019-10-16 13:28:15,698 INFO server.RaftServerConfigKeys: raft.server.rpc.sleep.time = 25ms (default)
datanode_2  | 2019-10-16 13:28:16,173 INFO impl.LeaderElection: 6390a067-33fa-4264-9e9b-4c0543686546@group-13AAE5384C10-LeaderElection2: Election REJECTED; received 2 response(s) [6390a067-33fa-4264-9e9b-4c0543686546<-0f2656ed-03f9-4f87-b38b-d805f3faa09d#0:FAIL-t1, 6390a067-33fa-4264-9e9b-4c0543686546<-25367887-a8c2-4b8c-99a2-0fc8576e216c#0:FAIL-t1] and 0 exception(s); 6390a067-33fa-4264-9e9b-4c0543686546@group-13AAE5384C10:t1, leader=null, voted=6390a067-33fa-4264-9e9b-4c0543686546, raftlog=6390a067-33fa-4264-9e9b-4c0543686546@group-13AAE5384C10-SegmentedRaftLog:OPENED:c-1,f-1,i0, conf=-1: [0f2656ed-03f9-4f87-b38b-d805f3faa09d:172.18.0.3:9858, 25367887-a8c2-4b8c-99a2-0fc8576e216c:172.18.0.2:9858, 6390a067-33fa-4264-9e9b-4c0543686546:172.18.0.5:9858], old=null
datanode_3  | 2019-10-16 13:28:14,665 INFO impl.RoleInfo: 25367887-a8c2-4b8c-99a2-0fc8576e216c: shutdown LeaderElection
rm_1        | 2019-10-16 13:28:01 INFO  Server:1153 - IPC Server listener on 8033: starting
kdc_1       | Oct 16 13:27:42 kdc krb5kdc[9](info): AS_REQ (8 etypes {18 17 20 19 16 23 25 26}) 127.0.0.1: SERVER_NOT_FOUND: admin/admin@EXAMPLE.COM for kadmin/localhost@EXAMPLE.COM, Server not found in Kerberos database
nm_1        | 2019-10-16 13:29:13 INFO  ContainerManagerImpl:1070 - Start request for container_1571232481352_0001_01_000003 by user hadoop
kms_1       | 	at javax.xml.bind.ContextFinder.find(ContextFinder.java:441)
datanode_1  | 2019-10-16 13:28:15,703 INFO server.RaftServerConfigKeys: raft.server.write.element-limit = 4096 (default)
datanode_2  | 2019-10-16 13:28:16,174 INFO impl.RaftServerImpl: 6390a067-33fa-4264-9e9b-4c0543686546@group-13AAE5384C10: changes role from CANDIDATE to FOLLOWER at term 1 for DISCOVERED_A_NEW_TERM
rm_1        | 2019-10-16 13:28:01 INFO  ResourceManager:1292 - Transitioning to active state
datanode_3  | 2019-10-16 13:28:14,666 INFO impl.RaftServerImpl: 25367887-a8c2-4b8c-99a2-0fc8576e216c@group-C90D53BE4165: changes role from CANDIDATE to LEADER at term 1 for changeToLeader
kdc_1       | Oct 16 13:27:42 kdc krb5kdc[9](info): AS_REQ (8 etypes {18 17 20 19 16 23 25 26}) 127.0.0.1: ISSUE: authtime 1571232462, etypes {rep=18 tkt=18 ses=18}, admin/admin@EXAMPLE.COM for kadmin/admin@EXAMPLE.COM
nm_1        | 2019-10-16 13:29:13 INFO  NMAuditLogger:94 - USER=hadoop	IP=172.18.0.10	OPERATION=Start Container Request	TARGET=ContainerManageImpl	RESULT=SUCCESS	APPID=application_1571232481352_0001	CONTAINERID=container_1571232481352_0001_01_000003
kms_1       | 	at javax.xml.bind.JAXBContext.newInstance(JAXBContext.java:641)
datanode_1  | 2019-10-16 13:28:15,707 INFO server.RaftServerConfigKeys: raft.server.watch.timeout = 10s (default)
datanode_2  | 2019-10-16 13:28:16,174 INFO impl.RoleInfo: 6390a067-33fa-4264-9e9b-4c0543686546: shutdown LeaderElection
rm_1        | 2019-10-16 13:28:01 INFO  RMStateStore:550 - Updating AMRMToken
datanode_3  | 2019-10-16 13:28:14,667 INFO impl.RaftServerImpl: 25367887-a8c2-4b8c-99a2-0fc8576e216c@group-C90D53BE4165: change Leader from null to 25367887-a8c2-4b8c-99a2-0fc8576e216c at term 1 for becomeLeader, leader elected after 5242ms
kdc_1       | Oct 16 13:27:42 kdc krb5kdc[9](info): AS_REQ (8 etypes {18 17 20 19 16 23 25 26}) 127.0.0.1: SERVER_NOT_FOUND: admin/admin@EXAMPLE.COM for kadmin/localhost@EXAMPLE.COM, Server not found in Kerberos database
nm_1        | 2019-10-16 13:29:13 INFO  ApplicationImpl:463 - Adding container_1571232481352_0001_01_000003 to application application_1571232481352_0001
kms_1       | 	at javax.xml.bind.JAXBContext.newInstance(JAXBContext.java:584)
datanode_1  | 2019-10-16 13:28:15,708 INFO server.RaftServerConfigKeys: raft.server.watch.timeout.denomination = 1s (default)
datanode_2  | 2019-10-16 13:28:16,174 INFO impl.RoleInfo: 6390a067-33fa-4264-9e9b-4c0543686546: start FollowerState
rm_1        | 2019-10-16 13:28:01 INFO  RMContainerTokenSecretManager:109 - Rolling master-key for container-tokens
datanode_3  | 2019-10-16 13:28:14,673 INFO server.RaftServerConfigKeys: raft.server.staging.catchup.gap = 1000 (default)
kdc_1       | Oct 16 13:27:42 kdc krb5kdc[9](info): AS_REQ (8 etypes {18 17 20 19 16 23 25 26}) 127.0.0.1: ISSUE: authtime 1571232462, etypes {rep=18 tkt=18 ses=18}, admin/admin@EXAMPLE.COM for kadmin/admin@EXAMPLE.COM
kms_1       | 	at com.sun.jersey.server.wadl.generators.WadlGeneratorJAXBGrammarGenerator.buildModelAndSchemas(WadlGeneratorJAXBGrammarGenerator.java:169)
datanode_1  | 2019-10-16 13:28:15,708 INFO server.RaftServerConfigKeys: raft.server.watch.element-limit = 65536 (default)
nm_1        | 2019-10-16 13:29:13 INFO  ContainerImpl:2112 - Container container_1571232481352_0001_01_000003 transitioned from NEW to LOCALIZING
datanode_2  | 2019-10-16 13:28:21,188 INFO impl.FollowerState: 6390a067-33fa-4264-9e9b-4c0543686546@group-13AAE5384C10-FollowerState: change to CANDIDATE, lastRpcTime:5014ms, electionTimeout:5013ms
rm_1        | 2019-10-16 13:28:01 INFO  NMTokenSecretManagerInRM:95 - Rolling master-key for nm-tokens
datanode_3  | 2019-10-16 13:28:14,673 INFO server.RaftServerConfigKeys: raft.server.rpc.sleep.time = 25ms (default)
kms_1       | 	at com.sun.jersey.server.wadl.generators.AbstractWadlGeneratorGrammarGenerator.createExternalGrammar(AbstractWadlGeneratorGrammarGenerator.java:405)
datanode_1  | 2019-10-16 13:28:15,722 INFO impl.RoleInfo: 0f2656ed-03f9-4f87-b38b-d805f3faa09d: start LeaderState
nm_1        | 2019-10-16 13:29:13 INFO  AuxServices:350 - Got event CONTAINER_INIT for appId application_1571232481352_0001
