s3g_1       | 	at org.eclipse.jetty.servlet.ServletHolder.handle(ServletHolder.java:840)
datanode_3  | 2019-10-15 08:50:25,209 INFO server.RaftServerConfigKeys: raft.server.log.statemachine.data.sync.timeout.retry = -1 (default)
datanode_2  | 2019-10-15 08:50:23,633 INFO storage.RaftStorageDirectory: The storage directory /data/metadata/ratis/970fef8d-8098-4d13-882e-fa9ba59fb6a3 does not exist. Creating ...
om_1        | 2019-10-15 08:50:22,105 INFO db.DBStoreBuilder: using custom profile for table: s3Table
scm_1       | 2019-10-15 08:50:18,995 INFO ipc.Server: IPC Server listener on 9860: starting
datanode_1  | 2019-10-15 08:50:23,716 INFO server.RaftServerConfigKeys: raft.server.log.corruption.policy = EXCEPTION (default)
datanode_3  | 2019-10-15 08:50:25,244 INFO server.RaftServerConfigKeys: raft.server.log.statemachine.data.caching.enabled = true (custom)
datanode_2  | 2019-10-15 08:50:23,652 INFO storage.RaftStorageDirectory: Lock on /data/metadata/ratis/970fef8d-8098-4d13-882e-fa9ba59fb6a3/in_use.lock acquired by nodename 7@7abbbc6a9ab2
om_1        | 2019-10-15 08:50:22,106 INFO db.DBStoreBuilder: Using default column profile:DBProfile.DISK for Table:s3Table
scm_1       | 2019-10-15 08:50:18,999 INFO server.StorageContainerManager: ScmBlockLocationProtocol RPC server is listening at /0.0.0.0:9863
datanode_1  | 2019-10-15 08:50:23,718 INFO storage.RaftStorageDirectory: The storage directory /data/metadata/ratis/8bf069dc-d275-4d29-8533-92f12232fa7d does not exist. Creating ...
s3g_1       | 	at org.eclipse.jetty.servlet.ServletHandler$CachedChain.doFilter(ServletHandler.java:1780)
datanode_3  | 2019-10-15 08:50:25,249 INFO segmented.SegmentedRaftLogWorker: 2fc3f5f2-aae0-4015-b451-ecbb935d6b05@group-3880D325B458-SegmentedRaftLogWorker: flushIndex: setUnconditionally 0 -> -1
datanode_2  | 2019-10-15 08:50:23,668 INFO storage.RaftStorage: Storage directory /data/metadata/ratis/970fef8d-8098-4d13-882e-fa9ba59fb6a3 has been successfully formatted.
scm_1       | 2019-10-15 08:50:19,001 INFO server.SCMBlockProtocolServer: RPC server for Block Protocol is listening at /0.0.0.0:9863
om_1        | 2019-10-15 08:50:22,106 INFO db.DBStoreBuilder: using custom profile for table: multipartInfoTable
datanode_1  | 2019-10-15 08:50:23,737 INFO storage.RaftStorageDirectory: Lock on /data/metadata/ratis/8bf069dc-d275-4d29-8533-92f12232fa7d/in_use.lock acquired by nodename 7@4605fd9b3736
s3g_1       | 	at org.apache.hadoop.http.HttpServer2$QuotingInputFilter.doFilter(HttpServer2.java:1609)
datanode_3  | 2019-10-15 08:50:25,253 INFO server.RaftServerConfigKeys: raft.server.snapshot.auto.trigger.enabled = true (custom)
datanode_2  | 2019-10-15 08:50:23,673 [pool-8-thread-1] INFO       - group-FA9BA59FB6A3: The snapshot info is null. Setting the last applied indexto:(t:0, i:~)
om_1        | 2019-10-15 08:50:22,106 INFO db.DBStoreBuilder: Using default column profile:DBProfile.DISK for Table:multipartInfoTable
datanode_1  | 2019-10-15 08:50:23,786 INFO storage.RaftStorage: Storage directory /data/metadata/ratis/8bf069dc-d275-4d29-8533-92f12232fa7d has been successfully formatted.
scm_1       | 2019-10-15 08:50:19,001 INFO ipc.Server: IPC Server Responder: starting
s3g_1       | 	at org.eclipse.jetty.servlet.ServletHandler$CachedChain.doFilter(ServletHandler.java:1767)
datanode_2  | 2019-10-15 08:50:23,674 INFO server.RaftServerConfigKeys: raft.server.notification.no-leader.timeout = 120s (custom)
om_1        | 2019-10-15 08:50:22,106 INFO db.DBStoreBuilder: using custom profile for table: dTokenTable
datanode_1  | 2019-10-15 08:50:23,860 [pool-8-thread-1] INFO       - group-92F12232FA7D: The snapshot info is null. Setting the last applied indexto:(t:0, i:~)
scm_1       | 2019-10-15 08:50:19,001 INFO ipc.Server: IPC Server listener on 9863: starting
datanode_3  | 2019-10-15 08:50:25,254 INFO server.RaftServerConfigKeys: raft.server.snapshot.auto.trigger.threshold = 10000 (custom)
s3g_1       | 	at org.apache.hadoop.http.NoCacheFilter.doFilter(NoCacheFilter.java:45)
datanode_2  | 2019-10-15 08:50:23,677 INFO server.RaftServerConfigKeys: raft.server.log.use.memory = false (default)
om_1        | 2019-10-15 08:50:22,106 INFO db.DBStoreBuilder: Using default column profile:DBProfile.DISK for Table:dTokenTable
datanode_1  | 2019-10-15 08:50:23,860 INFO server.RaftServerConfigKeys: raft.server.notification.no-leader.timeout = 120s (custom)
scm_1       | 2019-10-15 08:50:19,005 INFO server.StorageContainerManager: ScmDatanodeProtocl RPC server is listening at /0.0.0.0:9861
datanode_3  | 2019-10-15 08:50:25,272 INFO server.RaftServerConfigKeys: raft.server.snapshot.retention.file.num = 5 (custom)
s3g_1       | 	at org.eclipse.jetty.servlet.ServletHandler$CachedChain.doFilter(ServletHandler.java:1767)
datanode_2  | 2019-10-15 08:50:23,684 INFO server.RaftServerConfigKeys: raft.server.log.purge.gap = 1000000 (custom)
om_1        | 2019-10-15 08:50:22,106 INFO db.DBStoreBuilder: using custom profile for table: s3SecretTable
datanode_1  | 2019-10-15 08:50:23,863 INFO server.RaftServerConfigKeys: raft.server.log.use.memory = false (default)
scm_1       | 2019-10-15 08:50:19,005 INFO server.SCMDatanodeProtocolServer: RPC server for DataNodes is listening at /0.0.0.0:9861
datanode_3  | 2019-10-15 08:50:25,272 INFO server.RaftServerConfigKeys: raft.server.retrycache.expirytime = 600000ms (custom)
s3g_1       | 	at org.eclipse.jetty.servlet.ServletHandler.doHandle(ServletHandler.java:583)
datanode_2  | 2019-10-15 08:50:23,684 INFO server.RaftServerConfigKeys: raft.server.log.appender.buffer.byte-limit = 33554432 (custom)
om_1        | 2019-10-15 08:50:22,106 INFO db.DBStoreBuilder: Using default column profile:DBProfile.DISK for Table:s3SecretTable
scm_1       | 2019-10-15 08:50:19,006 INFO ipc.Server: IPC Server Responder: starting
datanode_3  | 2019-10-15 08:50:25,296 INFO impl.RaftServerImpl: 2fc3f5f2-aae0-4015-b451-ecbb935d6b05@group-3880D325B458: start as a follower, conf=-1: [2fc3f5f2-aae0-4015-b451-ecbb935d6b05:172.18.0.7:9858], old=null
datanode_1  | 2019-10-15 08:50:23,869 INFO server.RaftServerConfigKeys: raft.server.log.purge.gap = 1000000 (custom)
om_1        | 2019-10-15 08:50:22,107 INFO db.DBStoreBuilder: using custom profile for table: prefixTable
s3g_1       | 	at org.eclipse.jetty.server.handler.ScopedHandler.handle(ScopedHandler.java:143)
datanode_2  | 2019-10-15 08:50:23,687 INFO server.RaftServerConfigKeys: raft.server.log.segment.size.max = 1048576 (custom)
scm_1       | 2019-10-15 08:50:19,006 INFO ipc.Server: IPC Server listener on 9861: starting
datanode_3  | 2019-10-15 08:50:25,296 INFO impl.RaftServerImpl: 2fc3f5f2-aae0-4015-b451-ecbb935d6b05@group-3880D325B458: changes role from      null to FOLLOWER at term 0 for startAsFollower
s3g_1       | 	at org.eclipse.jetty.security.SecurityHandler.handle(SecurityHandler.java:548)
om_1        | 2019-10-15 08:50:22,107 INFO db.DBStoreBuilder: Using default column profile:DBProfile.DISK for Table:prefixTable
datanode_1  | 2019-10-15 08:50:23,870 INFO server.RaftServerConfigKeys: raft.server.log.appender.buffer.byte-limit = 33554432 (custom)
scm_1       | 2019-10-15 08:50:19,011 INFO http.HttpServer2: Jetty bound to port 9876
datanode_2  | 2019-10-15 08:50:23,692 WARN impl.MetricsSystemImpl: HddsDatanode metrics system already initialized!
datanode_3  | 2019-10-15 08:50:25,297 INFO impl.RoleInfo: 2fc3f5f2-aae0-4015-b451-ecbb935d6b05: start FollowerState
om_1        | 2019-10-15 08:50:22,117 INFO db.DBStoreBuilder: using custom profile for table: default
s3g_1       | 	at org.eclipse.jetty.server.session.SessionHandler.doHandle(SessionHandler.java:226)
datanode_1  | 2019-10-15 08:50:23,873 INFO server.RaftServerConfigKeys: raft.server.log.segment.size.max = 1048576 (custom)
scm_1       | 2019-10-15 08:50:19,012 INFO server.Server: jetty-9.3.25.v20180904, build timestamp: 2018-09-04T21:11:46Z, git hash: 3ce520221d0240229c862b122d2b06c12a625732
datanode_2  | 2019-10-15 08:50:23,698 INFO metrics.MetricRegistries: Loaded MetricRegistries class org.apache.ratis.metrics.impl.MetricRegistriesImpl
datanode_3  | 2019-10-15 08:50:25,301 INFO util.JmxRegister: Successfully registered JMX Bean with object name Ratis:service=RaftServer,group=group-3880D325B458,id=2fc3f5f2-aae0-4015-b451-ecbb935d6b05
om_1        | 2019-10-15 08:50:22,117 INFO db.DBStoreBuilder: Using default column profile:DBProfile.DISK for Table:default
s3g_1       | 	at org.eclipse.jetty.server.handler.ContextHandler.doHandle(ContextHandler.java:1180)
datanode_1  | 2019-10-15 08:50:23,877 WARN impl.MetricsSystemImpl: HddsDatanode metrics system already initialized!
scm_1       | 2019-10-15 08:50:19,056 INFO handler.ContextHandler: Started o.e.j.s.ServletContextHandler@4f8b4bd0{/logs,file:///var/log/hadoop/,AVAILABLE}
datanode_2  | 2019-10-15 08:50:23,773 INFO server.RaftServerConfigKeys: raft.server.log.segment.cache.num.max = 2 (custom)
datanode_3  | 2019-10-15 08:50:25,327 [Command processor thread] INFO       - Create Pipeline RATIS ONE #id: "4741fe65-5602-434b-9ae8-3880d325b458"
om_1        | 2019-10-15 08:50:22,119 INFO db.DBStoreBuilder: Using default options. DBProfile.DISK
s3g_1       | 	at org.eclipse.jetty.servlet.ServletHandler.doScope(ServletHandler.java:513)
datanode_1  | 2019-10-15 08:50:23,881 INFO metrics.MetricRegistries: Loaded MetricRegistries class org.apache.ratis.metrics.impl.MetricRegistriesImpl
scm_1       | 2019-10-15 08:50:19,057 INFO handler.ContextHandler: Started o.e.j.s.ServletContextHandler@7bbbb6a8{/static,jar:file:/opt/hadoop/share/ozone/lib/hadoop-hdds-server-scm-0.5.0-SNAPSHOT.jar!/webapps/static,AVAILABLE}
datanode_2  | 2019-10-15 08:50:23,802 INFO segmented.SegmentedRaftLogWorker: new 3066625f-89a2-4b3a-b08f-a2c41536af90@group-FA9BA59FB6A3-SegmentedRaftLogWorker for RaftStorage:Storage Directory /data/metadata/ratis/970fef8d-8098-4d13-882e-fa9ba59fb6a3
datanode_3  |  command succeed on datanode 2fc3f5f2-aae0-4015-b451-ecbb935d6b05.
om_1        | 2019-10-15 08:50:22,533 INFO ipc.CallQueueManager: Using callQueue: class java.util.concurrent.LinkedBlockingQueue, queueCapacity: 2000, scheduler: class org.apache.hadoop.ipc.DefaultRpcScheduler, ipcBackoff: false.
s3g_1       | 	at org.eclipse.jetty.server.session.SessionHandler.doScope(SessionHandler.java:185)
datanode_1  | 2019-10-15 08:50:23,916 INFO server.RaftServerConfigKeys: raft.server.log.segment.cache.num.max = 2 (custom)
scm_1       | 2019-10-15 08:50:19,145 INFO handler.ContextHandler: Started o.e.j.w.WebAppContext@71904469{/,file:///tmp/jetty-0.0.0.0-9876-scm-_-any-9791623807020795610.dir/webapp/,AVAILABLE}{/scm}
datanode_2  | 2019-10-15 08:50:23,804 INFO server.RaftServerConfigKeys: raft.server.log.queue.byte-limit = 2147483647 (custom)
datanode_3  | 2019-10-15 08:50:25,332 INFO impl.RaftServerProxy: 2fc3f5f2-aae0-4015-b451-ecbb935d6b05: addNew group-C51822F19D28:[abecc0ac-6479-4cf2-8076-3aef0cad0a00:172.18.0.5:9858, 2fc3f5f2-aae0-4015-b451-ecbb935d6b05:172.18.0.7:9858, 3066625f-89a2-4b3a-b08f-a2c41536af90:172.18.0.3:9858] returns group-C51822F19D28:java.util.concurrent.CompletableFuture@3a3c587b[Not completed]
om_1        | 2019-10-15 08:50:22,542 INFO ipc.Server: Starting Socket Reader #1 for port 9862
s3g_1       | 	at org.eclipse.jetty.server.handler.ContextHandler.doScope(ContextHandler.java:1112)
datanode_1  | 2019-10-15 08:50:23,920 INFO segmented.SegmentedRaftLogWorker: new abecc0ac-6479-4cf2-8076-3aef0cad0a00@group-92F12232FA7D-SegmentedRaftLogWorker for RaftStorage:Storage Directory /data/metadata/ratis/8bf069dc-d275-4d29-8533-92f12232fa7d
scm_1       | 2019-10-15 08:50:19,153 INFO server.AbstractConnector: Started ServerConnector@2f37f1f9{HTTP/1.1,[http/1.1]}{0.0.0.0:9876}
datanode_2  | 2019-10-15 08:50:23,805 INFO server.RaftServerConfigKeys: raft.server.log.queue.element-limit = 1024 (custom)
datanode_3  | 2019-10-15 08:50:25,334 INFO impl.RaftServerImpl: 2fc3f5f2-aae0-4015-b451-ecbb935d6b05: new RaftServerImpl for group-C51822F19D28:[abecc0ac-6479-4cf2-8076-3aef0cad0a00:172.18.0.5:9858, 2fc3f5f2-aae0-4015-b451-ecbb935d6b05:172.18.0.7:9858, 3066625f-89a2-4b3a-b08f-a2c41536af90:172.18.0.3:9858] with ContainerStateMachine:uninitialized
om_1        | 2019-10-15 08:50:22,581 [main] INFO       - OzoneManager RPC server is listening at om/172.18.0.2:9862
s3g_1       | 	at org.eclipse.jetty.server.handler.ScopedHandler.handle(ScopedHandler.java:141)
datanode_1  | 2019-10-15 08:50:23,921 INFO server.RaftServerConfigKeys: raft.server.log.queue.byte-limit = 2147483647 (custom)
scm_1       | 2019-10-15 08:50:19,153 INFO server.Server: Started @3254ms
datanode_3  | 2019-10-15 08:50:25,334 INFO server.RaftServerConfigKeys: raft.server.rpc.timeout.min = 5s (custom)
datanode_2  | 2019-10-15 08:50:23,808 INFO server.RaftServerConfigKeys: raft.server.log.segment.size.max = 1048576 (custom)
om_1        | 2019-10-15 08:50:22,679 INFO impl.MetricsConfig: Loaded properties from hadoop-metrics2.properties
s3g_1       | 	at org.eclipse.jetty.server.handler.HandlerCollection.handle(HandlerCollection.java:119)
datanode_1  | 2019-10-15 08:50:23,921 INFO server.RaftServerConfigKeys: raft.server.log.queue.element-limit = 1024 (custom)
datanode_2  | 2019-10-15 08:50:23,809 INFO server.RaftServerConfigKeys: raft.server.log.preallocated.size = 16384 (custom)
datanode_3  | 2019-10-15 08:50:25,334 INFO server.RaftServerConfigKeys: raft.server.rpc.timeout.max = 5200ms (custom)
scm_1       | 2019-10-15 08:50:19,156 INFO impl.MetricsSinkAdapter: Sink prometheus started
s3g_1       | 	at org.eclipse.jetty.server.handler.HandlerWrapper.handle(HandlerWrapper.java:134)
om_1        | 2019-10-15 08:50:22,721 INFO impl.MetricsSystemImpl: Scheduled Metric snapshot period at 10 second(s).
datanode_1  | 2019-10-15 08:50:23,922 INFO server.RaftServerConfigKeys: raft.server.log.segment.size.max = 1048576 (custom)
datanode_2  | 2019-10-15 08:50:23,811 INFO server.RaftServerConfigKeys: raft.server.log.write.buffer.size = 33554432 (custom)
datanode_3  | 2019-10-15 08:50:25,334 INFO server.RaftServerConfigKeys: raft.server.rpcslowness.timeout = 120s (custom)
scm_1       | 2019-10-15 08:50:19,156 INFO impl.MetricsSystemImpl: Registered sink prometheus
s3g_1       | 	at org.eclipse.jetty.server.Server.handle(Server.java:539)
om_1        | 2019-10-15 08:50:22,721 INFO impl.MetricsSystemImpl: OzoneManager metrics system started
datanode_1  | 2019-10-15 08:50:23,922 INFO server.RaftServerConfigKeys: raft.server.log.preallocated.size = 16384 (custom)
datanode_2  | 2019-10-15 08:50:23,812 INFO server.RaftServerConfigKeys: raft.server.log.force.sync.num = 128 (default)
datanode_3  | 2019-10-15 08:50:25,335 INFO server.RaftServerConfigKeys: raft.server.sleep.deviation.threshold = 300 (default)
scm_1       | 2019-10-15 08:50:19,158 INFO server.BaseHttpServer: HTTP server of SCM is listening at http://0.0.0.0:9876
s3g_1       | 	at org.eclipse.jetty.server.HttpChannel.handle(HttpChannel.java:333)
om_1        | 2019-10-15 08:50:22,769 INFO ipc.Server: IPC Server Responder: starting
datanode_1  | 2019-10-15 08:50:23,923 INFO server.RaftServerConfigKeys: raft.server.log.write.buffer.size = 33554432 (custom)
datanode_2  | 2019-10-15 08:50:23,817 INFO server.RaftServerConfigKeys: raft.server.log.statemachine.data.sync = true (default)
datanode_3  | 2019-10-15 08:50:25,335 INFO server.RaftServerConfigKeys: raft.server.log.appender.install.snapshot.enabled = false (custom)
scm_1       | 2019-10-15 08:50:19,165 INFO util.JvmPauseMonitor: Starting JVM pause monitor
s3g_1       | 	at org.eclipse.jetty.server.HttpConnection.onFillable(HttpConnection.java:251)
om_1        | 2019-10-15 08:50:22,770 INFO ipc.Server: IPC Server listener on 9862: starting
datanode_1  | 2019-10-15 08:50:23,923 INFO server.RaftServerConfigKeys: raft.server.log.force.sync.num = 128 (default)
datanode_2  | 2019-10-15 08:50:23,818 INFO server.RaftServerConfigKeys: raft.server.log.statemachine.data.sync.timeout = 10s (default)
datanode_3  | 2019-10-15 08:50:25,335 INFO impl.RaftServerImpl: 2fc3f5f2-aae0-4015-b451-ecbb935d6b05@group-C51822F19D28: ConfigurationManager, init=-1: [abecc0ac-6479-4cf2-8076-3aef0cad0a00:172.18.0.5:9858, 2fc3f5f2-aae0-4015-b451-ecbb935d6b05:172.18.0.7:9858, 3066625f-89a2-4b3a-b08f-a2c41536af90:172.18.0.3:9858], old=null, confs=<EMPTY_MAP>
s3g_1       | 	at org.eclipse.jetty.io.AbstractConnection$ReadCallback.succeeded(AbstractConnection.java:283)
scm_1       | 2019-10-15 08:50:20,608 INFO net.NetworkTopology: Added a new node: /default-rack/3066625f-89a2-4b3a-b08f-a2c41536af90
om_1        | 2019-10-15 08:50:22,800 INFO hdfs.DFSUtil: Starting Web-server for ozoneManager at: http://0.0.0.0:9874
datanode_1  | 2019-10-15 08:50:23,924 INFO server.RaftServerConfigKeys: raft.server.log.statemachine.data.sync = true (default)
datanode_2  | 2019-10-15 08:50:23,822 INFO server.RaftServerConfigKeys: raft.server.log.statemachine.data.sync.timeout.retry = -1 (default)
datanode_3  | 2019-10-15 08:50:25,335 INFO server.RaftServerConfigKeys: raft.server.storage.dir = [/data/metadata/ratis] (custom)
s3g_1       | 	at org.eclipse.jetty.io.FillInterest.fillable(FillInterest.java:108)
om_1        | 2019-10-15 08:50:22,944 INFO server.AuthenticationFilter: Unable to initialize FileSignerSecretProvider, falling back to use random secrets.
scm_1       | 2019-10-15 08:50:20,608 INFO node.SCMNodeManager: Registered Data node : 3066625f-89a2-4b3a-b08f-a2c41536af90{ip: 172.18.0.3, host: ozones3_datanode_2.ozones3_default, networkLocation: /default-rack, certSerialId: null}
datanode_1  | 2019-10-15 08:50:23,924 INFO server.RaftServerConfigKeys: raft.server.log.statemachine.data.sync.timeout = 10s (default)
datanode_2  | 2019-10-15 08:50:23,837 INFO server.RaftServerConfigKeys: raft.server.log.statemachine.data.caching.enabled = true (custom)
datanode_3  | 2019-10-15 08:50:25,336 INFO server.RaftServerConfigKeys: raft.server.log.corruption.policy = EXCEPTION (default)
s3g_1       | 	at org.eclipse.jetty.io.SelectChannelEndPoint$2.run(SelectChannelEndPoint.java:93)
scm_1       | 2019-10-15 08:50:20,613 INFO safemode.SCMSafeModeManager: SCM in safe mode. 1 DataNodes registered, 1 required.
om_1        | 2019-10-15 08:50:22,947 INFO http.HttpRequestLog: Http request log for http.requests.ozoneManager is not defined
datanode_1  | 2019-10-15 08:50:23,925 INFO server.RaftServerConfigKeys: raft.server.log.statemachine.data.sync.timeout.retry = -1 (default)
datanode_2  | 2019-10-15 08:50:23,849 INFO segmented.SegmentedRaftLogWorker: 3066625f-89a2-4b3a-b08f-a2c41536af90@group-FA9BA59FB6A3-SegmentedRaftLogWorker: flushIndex: setUnconditionally 0 -> -1
datanode_3  | 2019-10-15 08:50:25,336 INFO storage.RaftStorageDirectory: The storage directory /data/metadata/ratis/3c1fff73-c52f-404f-810c-c51822f19d28 does not exist. Creating ...
s3g_1       | 	at org.eclipse.jetty.util.thread.strategy.ExecuteProduceConsume.executeProduceConsume(ExecuteProduceConsume.java:303)
scm_1       | 2019-10-15 08:50:20,613 INFO safemode.SCMSafeModeManager: ContainerSafeModeRule rule is successfully validated
om_1        | 2019-10-15 08:50:22,954 INFO http.HttpServer2: Added global filter 'safety' (class=org.apache.hadoop.http.HttpServer2$QuotingInputFilter)
datanode_1  | 2019-10-15 08:50:23,945 INFO server.RaftServerConfigKeys: raft.server.log.statemachine.data.caching.enabled = true (custom)
datanode_2  | 2019-10-15 08:50:23,855 INFO server.RaftServerConfigKeys: raft.server.snapshot.auto.trigger.enabled = true (custom)
datanode_3  | 2019-10-15 08:50:25,348 INFO storage.RaftStorageDirectory: Lock on /data/metadata/ratis/3c1fff73-c52f-404f-810c-c51822f19d28/in_use.lock acquired by nodename 7@7a1d60fcb0c0
s3g_1       | 	at org.eclipse.jetty.util.thread.strategy.ExecuteProduceConsume.produceConsume(ExecuteProduceConsume.java:148)
scm_1       | 2019-10-15 08:50:20,614 INFO safemode.SCMSafeModeManager: DataNodeSafeModeRule rule is successfully validated
om_1        | 2019-10-15 08:50:22,956 INFO http.HttpServer2: Added filter static_user_filter (class=org.apache.hadoop.http.lib.StaticUserWebFilter$StaticUserFilter) to context ozoneManager
datanode_1  | 2019-10-15 08:50:23,950 INFO segmented.SegmentedRaftLogWorker: abecc0ac-6479-4cf2-8076-3aef0cad0a00@group-92F12232FA7D-SegmentedRaftLogWorker: flushIndex: setUnconditionally 0 -> -1
datanode_2  | 2019-10-15 08:50:23,856 INFO server.RaftServerConfigKeys: raft.server.snapshot.auto.trigger.threshold = 10000 (custom)
datanode_3  | 2019-10-15 08:50:25,360 INFO storage.RaftStorage: Storage directory /data/metadata/ratis/3c1fff73-c52f-404f-810c-c51822f19d28 has been successfully formatted.
s3g_1       | 	at org.eclipse.jetty.util.thread.strategy.ExecuteProduceConsume.run(ExecuteProduceConsume.java:136)
scm_1       | 2019-10-15 08:50:20,617 INFO pipeline.RatisPipelineProvider: Send pipeline:PipelineID=970fef8d-8098-4d13-882e-fa9ba59fb6a3 create command to datanode 3066625f-89a2-4b3a-b08f-a2c41536af90
om_1        | 2019-10-15 08:50:22,956 INFO http.HttpServer2: Added filter static_user_filter (class=org.apache.hadoop.http.lib.StaticUserWebFilter$StaticUserFilter) to context logs
datanode_1  | 2019-10-15 08:50:23,955 INFO server.RaftServerConfigKeys: raft.server.snapshot.auto.trigger.enabled = true (custom)
datanode_2  | 2019-10-15 08:50:23,857 INFO server.RaftServerConfigKeys: raft.server.snapshot.retention.file.num = 5 (custom)
datanode_3  | 2019-10-15 08:50:25,361 [pool-8-thread-1] INFO       - group-C51822F19D28: The snapshot info is null. Setting the last applied indexto:(t:0, i:~)
s3g_1       | 	at org.eclipse.jetty.util.thread.QueuedThreadPool.runJob(QueuedThreadPool.java:671)
scm_1       | 2019-10-15 08:50:20,679 INFO net.NetworkTopology: Added a new node: /default-rack/abecc0ac-6479-4cf2-8076-3aef0cad0a00
om_1        | 2019-10-15 08:50:22,956 INFO http.HttpServer2: Added filter static_user_filter (class=org.apache.hadoop.http.lib.StaticUserWebFilter$StaticUserFilter) to context static
datanode_1  | 2019-10-15 08:50:23,955 INFO server.RaftServerConfigKeys: raft.server.snapshot.auto.trigger.threshold = 10000 (custom)
datanode_2  | 2019-10-15 08:50:23,858 INFO server.RaftServerConfigKeys: raft.server.retrycache.expirytime = 600000ms (custom)
datanode_3  | 2019-10-15 08:50:25,361 INFO server.RaftServerConfigKeys: raft.server.notification.no-leader.timeout = 120s (custom)
s3g_1       | 	at org.eclipse.jetty.util.thread.QueuedThreadPool$2.run(QueuedThreadPool.java:589)
scm_1       | 2019-10-15 08:50:20,680 INFO node.SCMNodeManager: Registered Data node : abecc0ac-6479-4cf2-8076-3aef0cad0a00{ip: 172.18.0.5, host: ozones3_datanode_1.ozones3_default, networkLocation: /default-rack, certSerialId: null}
datanode_1  | 2019-10-15 08:50:23,956 INFO server.RaftServerConfigKeys: raft.server.snapshot.retention.file.num = 5 (custom)
om_1        | 2019-10-15 08:50:22,977 INFO http.HttpServer2: Jetty bound to port 9874
datanode_2  | 2019-10-15 08:50:23,884 INFO impl.RaftServerImpl: 3066625f-89a2-4b3a-b08f-a2c41536af90@group-FA9BA59FB6A3: start as a follower, conf=-1: [3066625f-89a2-4b3a-b08f-a2c41536af90:172.18.0.3:9858], old=null
datanode_3  | 2019-10-15 08:50:25,362 INFO server.RaftServerConfigKeys: raft.server.log.use.memory = false (default)
s3g_1       | 	at java.base/java.lang.Thread.run(Thread.java:834)
scm_1       | 2019-10-15 08:50:20,680 INFO safemode.SCMSafeModeManager: DataNodeSafeModeRule rule is successfully validated
datanode_1  | 2019-10-15 08:50:23,956 INFO server.RaftServerConfigKeys: raft.server.retrycache.expirytime = 600000ms (custom)
om_1        | 2019-10-15 08:50:22,978 INFO server.Server: jetty-9.3.25.v20180904, build timestamp: 2018-09-04T21:11:46Z, git hash: 3ce520221d0240229c862b122d2b06c12a625732
datanode_2  | 2019-10-15 08:50:23,885 INFO impl.RaftServerImpl: 3066625f-89a2-4b3a-b08f-a2c41536af90@group-FA9BA59FB6A3: changes role from      null to FOLLOWER at term 0 for startAsFollower
s3g_1       | 2019-10-15 08:51:31,770 WARN servlet.ServletHandler: 
scm_1       | 2019-10-15 08:50:20,680 INFO safemode.SCMSafeModeManager: ContainerSafeModeRule rule is successfully validated
datanode_3  | 2019-10-15 08:50:25,362 INFO server.RaftServerConfigKeys: raft.server.log.purge.gap = 1000000 (custom)
datanode_1  | 2019-10-15 08:50:23,978 INFO impl.RaftServerImpl: abecc0ac-6479-4cf2-8076-3aef0cad0a00@group-92F12232FA7D: start as a follower, conf=-1: [abecc0ac-6479-4cf2-8076-3aef0cad0a00:172.18.0.5:9858], old=null
om_1        | 2019-10-15 08:50:23,015 INFO handler.ContextHandler: Started o.e.j.s.ServletContextHandler@169268a7{/logs,file:///var/log/hadoop/,AVAILABLE}
datanode_2  | 2019-10-15 08:50:23,887 INFO impl.RoleInfo: 3066625f-89a2-4b3a-b08f-a2c41536af90: start FollowerState
s3g_1       | javax.servlet.ServletException: org.glassfish.jersey.server.ContainerException: SCM_IN_SAFE_MODE org.apache.hadoop.ozone.om.exceptions.OMException: SafeModePrecheck failed for allocateBlock
scm_1       | 2019-10-15 08:50:20,682 INFO pipeline.RatisPipelineProvider: Send pipeline:PipelineID=8bf069dc-d275-4d29-8533-92f12232fa7d create command to datanode abecc0ac-6479-4cf2-8076-3aef0cad0a00
datanode_3  | 2019-10-15 08:50:25,362 INFO server.RaftServerConfigKeys: raft.server.log.appender.buffer.byte-limit = 33554432 (custom)
datanode_1  | 2019-10-15 08:50:23,980 INFO impl.RaftServerImpl: abecc0ac-6479-4cf2-8076-3aef0cad0a00@group-92F12232FA7D: changes role from      null to FOLLOWER at term 0 for startAsFollower
datanode_2  | 2019-10-15 08:50:23,892 INFO util.JmxRegister: Successfully registered JMX Bean with object name Ratis:service=RaftServer,group=group-FA9BA59FB6A3,id=3066625f-89a2-4b3a-b08f-a2c41536af90
om_1        | 2019-10-15 08:50:23,016 INFO handler.ContextHandler: Started o.e.j.s.ServletContextHandler@313f8301{/static,jar:file:/opt/hadoop/share/ozone/lib/hadoop-ozone-ozone-manager-0.5.0-SNAPSHOT.jar!/webapps/static,AVAILABLE}
s3g_1       | 	at org.glassfish.jersey.servlet.WebComponent.serviceImpl(WebComponent.java:432)
scm_1       | 2019-10-15 08:50:22,021 INFO net.NetworkTopology: Added a new node: /default-rack/2fc3f5f2-aae0-4015-b451-ecbb935d6b05
datanode_3  | 2019-10-15 08:50:25,362 INFO server.RaftServerConfigKeys: raft.server.log.segment.size.max = 1048576 (custom)
datanode_1  | 2019-10-15 08:50:23,981 INFO impl.RoleInfo: abecc0ac-6479-4cf2-8076-3aef0cad0a00: start FollowerState
datanode_2  | 2019-10-15 08:50:23,917 [Command processor thread] INFO       - Create Pipeline RATIS ONE #id: "970fef8d-8098-4d13-882e-fa9ba59fb6a3"
om_1        | 2019-10-15 08:50:23,114 INFO handler.ContextHandler: Started o.e.j.w.WebAppContext@2b5c4f17{/,file:///tmp/jetty-0.0.0.0-9874-ozoneManager-_-any-9114863352234855941.dir/webapp/,AVAILABLE}{/ozoneManager}
s3g_1       | 	at org.glassfish.jersey.servlet.WebComponent.service(WebComponent.java:370)
scm_1       | 2019-10-15 08:50:22,021 INFO node.SCMNodeManager: Registered Data node : 2fc3f5f2-aae0-4015-b451-ecbb935d6b05{ip: 172.18.0.7, host: ozones3_datanode_3.ozones3_default, networkLocation: /default-rack, certSerialId: null}
datanode_3  | 2019-10-15 08:50:25,362 INFO server.RaftServerConfigKeys: raft.server.log.segment.cache.num.max = 2 (custom)
datanode_1  | 2019-10-15 08:50:23,985 INFO util.JmxRegister: Successfully registered JMX Bean with object name Ratis:service=RaftServer,group=group-92F12232FA7D,id=abecc0ac-6479-4cf2-8076-3aef0cad0a00
datanode_2  |  command succeed on datanode 3066625f-89a2-4b3a-b08f-a2c41536af90.
om_1        | 2019-10-15 08:50:23,118 INFO server.AbstractConnector: Started ServerConnector@6848a051{HTTP/1.1,[http/1.1]}{0.0.0.0:9874}
s3g_1       | 	at org.glassfish.jersey.servlet.ServletContainer.service(ServletContainer.java:389)
scm_1       | 2019-10-15 08:50:22,021 INFO safemode.SCMSafeModeManager: DataNodeSafeModeRule rule is successfully validated
datanode_3  | 2019-10-15 08:50:25,362 INFO segmented.SegmentedRaftLogWorker: new 2fc3f5f2-aae0-4015-b451-ecbb935d6b05@group-C51822F19D28-SegmentedRaftLogWorker for RaftStorage:Storage Directory /data/metadata/ratis/3c1fff73-c52f-404f-810c-c51822f19d28
datanode_1  | 2019-10-15 08:50:24,004 [Command processor thread] INFO       - Create Pipeline RATIS ONE #id: "8bf069dc-d275-4d29-8533-92f12232fa7d"
datanode_2  | 2019-10-15 08:50:23,923 INFO impl.RaftServerProxy: 3066625f-89a2-4b3a-b08f-a2c41536af90: addNew group-C51822F19D28:[abecc0ac-6479-4cf2-8076-3aef0cad0a00:172.18.0.5:9858, 2fc3f5f2-aae0-4015-b451-ecbb935d6b05:172.18.0.7:9858, 3066625f-89a2-4b3a-b08f-a2c41536af90:172.18.0.3:9858] returns group-C51822F19D28:java.util.concurrent.CompletableFuture@29df5a53[Not completed]
om_1        | 2019-10-15 08:50:23,118 INFO server.Server: Started @3690ms
s3g_1       | 	at org.glassfish.jersey.servlet.ServletContainer.service(ServletContainer.java:342)
scm_1       | 2019-10-15 08:50:22,021 INFO safemode.SCMSafeModeManager: ContainerSafeModeRule rule is successfully validated
datanode_3  | 2019-10-15 08:50:25,363 INFO server.RaftServerConfigKeys: raft.server.log.queue.byte-limit = 2147483647 (custom)
datanode_1  |  command succeed on datanode abecc0ac-6479-4cf2-8076-3aef0cad0a00.
datanode_2  | 2019-10-15 08:50:23,931 INFO impl.RaftServerImpl: 3066625f-89a2-4b3a-b08f-a2c41536af90: new RaftServerImpl for group-C51822F19D28:[abecc0ac-6479-4cf2-8076-3aef0cad0a00:172.18.0.5:9858, 2fc3f5f2-aae0-4015-b451-ecbb935d6b05:172.18.0.7:9858, 3066625f-89a2-4b3a-b08f-a2c41536af90:172.18.0.3:9858] with ContainerStateMachine:uninitialized
om_1        | 2019-10-15 08:50:23,121 INFO impl.MetricsSinkAdapter: Sink prometheus started
s3g_1       | 	at org.glassfish.jersey.servlet.ServletContainer.service(ServletContainer.java:229)
scm_1       | 2019-10-15 08:50:22,023 INFO pipeline.RatisPipelineProvider: Send pipeline:PipelineID=4741fe65-5602-434b-9ae8-3880d325b458 create command to datanode 2fc3f5f2-aae0-4015-b451-ecbb935d6b05
datanode_3  | 2019-10-15 08:50:25,363 INFO server.RaftServerConfigKeys: raft.server.log.queue.element-limit = 1024 (custom)
datanode_1  | 2019-10-15 08:50:24,007 INFO impl.RaftServerProxy: abecc0ac-6479-4cf2-8076-3aef0cad0a00: addNew group-C51822F19D28:[abecc0ac-6479-4cf2-8076-3aef0cad0a00:172.18.0.5:9858, 2fc3f5f2-aae0-4015-b451-ecbb935d6b05:172.18.0.7:9858, 3066625f-89a2-4b3a-b08f-a2c41536af90:172.18.0.3:9858] returns group-C51822F19D28:java.util.concurrent.CompletableFuture@49d5fca2[Not completed]
datanode_2  | 2019-10-15 08:50:23,931 INFO server.RaftServerConfigKeys: raft.server.rpc.timeout.min = 5s (custom)
om_1        | 2019-10-15 08:50:23,121 INFO impl.MetricsSystemImpl: Registered sink prometheus
s3g_1       | 	at org.eclipse.jetty.servlet.ServletHolder.handle(ServletHolder.java:840)
scm_1       | 2019-10-15 08:50:22,025 INFO pipeline.RatisPipelineProvider: Send pipeline:PipelineID=3c1fff73-c52f-404f-810c-c51822f19d28 create command to datanode 2fc3f5f2-aae0-4015-b451-ecbb935d6b05
datanode_2  | 2019-10-15 08:50:23,931 INFO server.RaftServerConfigKeys: raft.server.rpc.timeout.max = 5200ms (custom)
om_1        | 2019-10-15 08:50:23,124 INFO server.BaseHttpServer: HTTP server of OZONEMANAGER is listening at http://0.0.0.0:9874
s3g_1       | 	at org.eclipse.jetty.servlet.ServletHandler$CachedChain.doFilter(ServletHandler.java:1780)
datanode_1  | 2019-10-15 08:50:24,011 INFO impl.RaftServerImpl: abecc0ac-6479-4cf2-8076-3aef0cad0a00: new RaftServerImpl for group-C51822F19D28:[abecc0ac-6479-4cf2-8076-3aef0cad0a00:172.18.0.5:9858, 2fc3f5f2-aae0-4015-b451-ecbb935d6b05:172.18.0.7:9858, 3066625f-89a2-4b3a-b08f-a2c41536af90:172.18.0.3:9858] with ContainerStateMachine:uninitialized
scm_1       | 2019-10-15 08:50:22,025 INFO pipeline.RatisPipelineProvider: Send pipeline:PipelineID=3c1fff73-c52f-404f-810c-c51822f19d28 create command to datanode 3066625f-89a2-4b3a-b08f-a2c41536af90
datanode_3  | 2019-10-15 08:50:25,363 INFO server.RaftServerConfigKeys: raft.server.log.segment.size.max = 1048576 (custom)
datanode_2  | 2019-10-15 08:50:23,931 INFO server.RaftServerConfigKeys: raft.server.rpcslowness.timeout = 120s (custom)
om_1        | 2019-10-15 08:50:37,286 [IPC Server handler 0 on 9862] INFO       - created volume:vol-0-99014 for user:hadoop
s3g_1       | 	at org.apache.hadoop.http.HttpServer2$QuotingInputFilter.doFilter(HttpServer2.java:1609)
datanode_1  | 2019-10-15 08:50:24,011 INFO server.RaftServerConfigKeys: raft.server.rpc.timeout.min = 5s (custom)
scm_1       | 2019-10-15 08:50:22,025 INFO pipeline.RatisPipelineProvider: Send pipeline:PipelineID=3c1fff73-c52f-404f-810c-c51822f19d28 create command to datanode abecc0ac-6479-4cf2-8076-3aef0cad0a00
datanode_3  | 2019-10-15 08:50:25,363 INFO server.RaftServerConfigKeys: raft.server.log.preallocated.size = 16384 (custom)
datanode_2  | 2019-10-15 08:50:23,931 INFO server.RaftServerConfigKeys: raft.server.sleep.deviation.threshold = 300 (default)
om_1        | 2019-10-15 08:50:37,353 [IPC Server handler 3 on 9862] INFO       - created volume:vol-1-88553 for user:hadoop
s3g_1       | 	at org.eclipse.jetty.servlet.ServletHandler$CachedChain.doFilter(ServletHandler.java:1767)
datanode_1  | 2019-10-15 08:50:24,012 INFO server.RaftServerConfigKeys: raft.server.rpc.timeout.max = 5200ms (custom)
scm_1       | 2019-10-15 08:50:23,930 INFO pipeline.PipelineReportHandler: Pipeline ONE PipelineID=970fef8d-8098-4d13-882e-fa9ba59fb6a3 reported by 3066625f-89a2-4b3a-b08f-a2c41536af90{ip: 172.18.0.3, host: ozones3_datanode_2.ozones3_default, networkLocation: /default-rack, certSerialId: null}
datanode_3  | 2019-10-15 08:50:25,363 INFO server.RaftServerConfigKeys: raft.server.log.write.buffer.size = 33554432 (custom)
datanode_2  | 2019-10-15 08:50:23,931 INFO server.RaftServerConfigKeys: raft.server.log.appender.install.snapshot.enabled = false (custom)
om_1        | 2019-10-15 08:50:37,364 [IPC Server handler 1 on 9862] INFO       - created volume:vol-2-51557 for user:hadoop
s3g_1       | 	at org.apache.hadoop.http.NoCacheFilter.doFilter(NoCacheFilter.java:45)
datanode_1  | 2019-10-15 08:50:24,012 INFO server.RaftServerConfigKeys: raft.server.rpcslowness.timeout = 120s (custom)
scm_1       | 2019-10-15 08:50:23,931 INFO pipeline.PipelineStateManager: Pipeline Pipeline[ Id: 970fef8d-8098-4d13-882e-fa9ba59fb6a3, Nodes: 3066625f-89a2-4b3a-b08f-a2c41536af90{ip: 172.18.0.3, host: ozones3_datanode_2.ozones3_default, networkLocation: /default-rack, certSerialId: null}, Type:RATIS, Factor:ONE, State:ALLOCATED] moved to OPEN state
datanode_3  | 2019-10-15 08:50:25,364 INFO server.RaftServerConfigKeys: raft.server.log.force.sync.num = 128 (default)
datanode_2  | 2019-10-15 08:50:23,931 INFO impl.RaftServerImpl: 3066625f-89a2-4b3a-b08f-a2c41536af90@group-C51822F19D28: ConfigurationManager, init=-1: [abecc0ac-6479-4cf2-8076-3aef0cad0a00:172.18.0.5:9858, 2fc3f5f2-aae0-4015-b451-ecbb935d6b05:172.18.0.7:9858, 3066625f-89a2-4b3a-b08f-a2c41536af90:172.18.0.3:9858], old=null, confs=<EMPTY_MAP>
s3g_1       | 	at org.eclipse.jetty.servlet.ServletHandler$CachedChain.doFilter(ServletHandler.java:1767)
datanode_1  | 2019-10-15 08:50:24,012 INFO server.RaftServerConfigKeys: raft.server.sleep.deviation.threshold = 300 (default)
om_1        | 2019-10-15 08:50:37,375 [IPC Server handler 6 on 9862] INFO       - created volume:vol-3-77701 for user:hadoop
datanode_3  | 2019-10-15 08:50:25,364 INFO server.RaftServerConfigKeys: raft.server.log.statemachine.data.sync = true (default)
datanode_2  | 2019-10-15 08:50:23,932 INFO server.RaftServerConfigKeys: raft.server.storage.dir = [/data/metadata/ratis] (custom)
s3g_1       | 	at org.eclipse.jetty.servlet.ServletHandler.doHandle(ServletHandler.java:583)
scm_1       | 2019-10-15 08:50:23,935 INFO safemode.SCMSafeModeManager: AtleastOneDatanodeReportedRule rule is successfully validated
datanode_1  | 2019-10-15 08:50:24,012 INFO server.RaftServerConfigKeys: raft.server.log.appender.install.snapshot.enabled = false (custom)
om_1        | 2019-10-15 08:50:37,385 [IPC Server handler 8 on 9862] INFO       - created volume:vol-4-84166 for user:hadoop
datanode_3  | 2019-10-15 08:50:25,364 INFO server.RaftServerConfigKeys: raft.server.log.statemachine.data.sync.timeout = 10s (default)
datanode_2  | 2019-10-15 08:50:23,932 INFO server.RaftServerConfigKeys: raft.server.log.corruption.policy = EXCEPTION (default)
s3g_1       | 	at org.eclipse.jetty.server.handler.ScopedHandler.handle(ScopedHandler.java:143)
scm_1       | 2019-10-15 08:50:23,935 INFO safemode.SCMSafeModeManager: SCM in safe mode. Healthy pipelines reported count is 1, required healthy pipeline reported count is 1
datanode_1  | 2019-10-15 08:50:24,012 INFO impl.RaftServerImpl: abecc0ac-6479-4cf2-8076-3aef0cad0a00@group-C51822F19D28: ConfigurationManager, init=-1: [abecc0ac-6479-4cf2-8076-3aef0cad0a00:172.18.0.5:9858, 2fc3f5f2-aae0-4015-b451-ecbb935d6b05:172.18.0.7:9858, 3066625f-89a2-4b3a-b08f-a2c41536af90:172.18.0.3:9858], old=null, confs=<EMPTY_MAP>
om_1        | 2019-10-15 08:51:48,174 [IPC Server handler 12 on 9862] ERROR      - S3Bucket Creation Failed for userName: 408a471635b80160c579a897a992d8ed, s3BucketName bucket-39595, VolumeName s3408a471635b80160c579a897a992d8ed
datanode_3  | 2019-10-15 08:50:25,364 INFO server.RaftServerConfigKeys: raft.server.log.statemachine.data.sync.timeout.retry = -1 (default)
datanode_2  | 2019-10-15 08:50:23,932 INFO storage.RaftStorageDirectory: The storage directory /data/metadata/ratis/3c1fff73-c52f-404f-810c-c51822f19d28 does not exist. Creating ...
s3g_1       | 	at org.eclipse.jetty.security.SecurityHandler.handle(SecurityHandler.java:548)
scm_1       | 2019-10-15 08:50:23,935 INFO safemode.SCMSafeModeManager: HealthyPipelineSafeModeRule rule is successfully validated
datanode_1  | 2019-10-15 08:50:24,012 INFO server.RaftServerConfigKeys: raft.server.storage.dir = [/data/metadata/ratis] (custom)
om_1        | 2019-10-15 08:53:22,821 [IPC Server handler 12 on 9862] ERROR      - Abort Multipart request is failed for KeyName multipartKey5 in VolumeName/Bucket s3408a471635b80160c579a897a992d8ed/bucket-83963
datanode_3  | 2019-10-15 08:50:25,364 INFO server.RaftServerConfigKeys: raft.server.log.statemachine.data.caching.enabled = true (custom)
datanode_2  | 2019-10-15 08:50:23,945 INFO storage.RaftStorageDirectory: Lock on /data/metadata/ratis/3c1fff73-c52f-404f-810c-c51822f19d28/in_use.lock acquired by nodename 7@7abbbc6a9ab2
s3g_1       | 	at org.eclipse.jetty.server.session.SessionHandler.doHandle(SessionHandler.java:226)
scm_1       | 2019-10-15 08:50:23,936 INFO safemode.SCMSafeModeManager: ScmSafeModeManager, all rules are successfully validated
datanode_1  | 2019-10-15 08:50:24,013 INFO server.RaftServerConfigKeys: raft.server.log.corruption.policy = EXCEPTION (default)
om_1        | NO_SUCH_MULTIPART_UPLOAD_ERROR org.apache.hadoop.ozone.om.exceptions.OMException: Abort Multipart Upload Failed: volume: s3408a471635b80160c579a897a992d8edbucket: bucket-83963key: multipartKey5
datanode_3  | 2019-10-15 08:50:25,365 INFO segmented.SegmentedRaftLogWorker: 2fc3f5f2-aae0-4015-b451-ecbb935d6b05@group-C51822F19D28-SegmentedRaftLogWorker: flushIndex: setUnconditionally 0 -> -1
datanode_2  | 2019-10-15 08:50:23,959 INFO storage.RaftStorage: Storage directory /data/metadata/ratis/3c1fff73-c52f-404f-810c-c51822f19d28 has been successfully formatted.
s3g_1       | 	at org.eclipse.jetty.server.handler.ContextHandler.doHandle(ContextHandler.java:1180)
scm_1       | 2019-10-15 08:50:23,982 INFO pipeline.PipelineReportHandler: Pipeline THREE PipelineID=3c1fff73-c52f-404f-810c-c51822f19d28 reported by 3066625f-89a2-4b3a-b08f-a2c41536af90{ip: 172.18.0.3, host: ozones3_datanode_2.ozones3_default, networkLocation: /default-rack, certSerialId: null}
datanode_1  | 2019-10-15 08:50:24,013 INFO storage.RaftStorageDirectory: The storage directory /data/metadata/ratis/3c1fff73-c52f-404f-810c-c51822f19d28 does not exist. Creating ...
om_1        | 	at org.apache.hadoop.ozone.om.request.s3.multipart.S3MultipartUploadAbortRequest.validateAndUpdateCache(S3MultipartUploadAbortRequest.java:116)
datanode_3  | 2019-10-15 08:50:25,365 INFO server.RaftServerConfigKeys: raft.server.snapshot.auto.trigger.enabled = true (custom)
datanode_2  | 2019-10-15 08:50:23,960 [pool-8-thread-1] INFO       - group-C51822F19D28: The snapshot info is null. Setting the last applied indexto:(t:0, i:~)
s3g_1       | 	at org.eclipse.jetty.servlet.ServletHandler.doScope(ServletHandler.java:513)
scm_1       | 2019-10-15 08:50:24,011 INFO pipeline.PipelineReportHandler: Pipeline ONE PipelineID=8bf069dc-d275-4d29-8533-92f12232fa7d reported by abecc0ac-6479-4cf2-8076-3aef0cad0a00{ip: 172.18.0.5, host: ozones3_datanode_1.ozones3_default, networkLocation: /default-rack, certSerialId: null}
datanode_1  | 2019-10-15 08:50:24,026 INFO storage.RaftStorageDirectory: Lock on /data/metadata/ratis/3c1fff73-c52f-404f-810c-c51822f19d28/in_use.lock acquired by nodename 7@4605fd9b3736
om_1        | 	at org.apache.hadoop.ozone.protocolPB.OzoneManagerProtocolServerSideTranslatorPB.submitRequestDirectlyToOM(OzoneManagerProtocolServerSideTranslatorPB.java:219)
datanode_2  | 2019-10-15 08:50:23,960 INFO server.RaftServerConfigKeys: raft.server.notification.no-leader.timeout = 120s (custom)
datanode_3  | 2019-10-15 08:50:25,366 INFO server.RaftServerConfigKeys: raft.server.snapshot.auto.trigger.threshold = 10000 (custom)
s3g_1       | 	at org.eclipse.jetty.server.session.SessionHandler.doScope(SessionHandler.java:185)
scm_1       | 2019-10-15 08:50:24,011 INFO pipeline.PipelineStateManager: Pipeline Pipeline[ Id: 8bf069dc-d275-4d29-8533-92f12232fa7d, Nodes: abecc0ac-6479-4cf2-8076-3aef0cad0a00{ip: 172.18.0.5, host: ozones3_datanode_1.ozones3_default, networkLocation: /default-rack, certSerialId: null}, Type:RATIS, Factor:ONE, State:ALLOCATED] moved to OPEN state
datanode_1  | 2019-10-15 08:50:24,039 INFO storage.RaftStorage: Storage directory /data/metadata/ratis/3c1fff73-c52f-404f-810c-c51822f19d28 has been successfully formatted.
om_1        | 	at org.apache.hadoop.ozone.protocolPB.OzoneManagerProtocolServerSideTranslatorPB.processRequest(OzoneManagerProtocolServerSideTranslatorPB.java:134)
datanode_2  | 2019-10-15 08:50:23,960 INFO server.RaftServerConfigKeys: raft.server.log.use.memory = false (default)
datanode_3  | 2019-10-15 08:50:25,366 INFO server.RaftServerConfigKeys: raft.server.snapshot.retention.file.num = 5 (custom)
s3g_1       | 	at org.eclipse.jetty.server.handler.ContextHandler.doScope(ContextHandler.java:1112)
scm_1       | 2019-10-15 08:50:24,059 INFO pipeline.PipelineReportHandler: Pipeline THREE PipelineID=3c1fff73-c52f-404f-810c-c51822f19d28 reported by abecc0ac-6479-4cf2-8076-3aef0cad0a00{ip: 172.18.0.5, host: ozones3_datanode_1.ozones3_default, networkLocation: /default-rack, certSerialId: null}
datanode_1  | 2019-10-15 08:50:24,040 [pool-8-thread-1] INFO       - group-C51822F19D28: The snapshot info is null. Setting the last applied indexto:(t:0, i:~)
om_1        | 	at org.apache.hadoop.hdds.server.OzoneProtocolMessageDispatcher.processRequest(OzoneProtocolMessageDispatcher.java:72)
datanode_2  | 2019-10-15 08:50:23,960 INFO server.RaftServerConfigKeys: raft.server.log.purge.gap = 1000000 (custom)
datanode_3  | 2019-10-15 08:50:25,366 INFO server.RaftServerConfigKeys: raft.server.retrycache.expirytime = 600000ms (custom)
s3g_1       | 	at org.eclipse.jetty.server.handler.ScopedHandler.handle(ScopedHandler.java:141)
scm_1       | 2019-10-15 08:50:25,336 INFO pipeline.PipelineReportHandler: Pipeline ONE PipelineID=4741fe65-5602-434b-9ae8-3880d325b458 reported by 2fc3f5f2-aae0-4015-b451-ecbb935d6b05{ip: 172.18.0.7, host: ozones3_datanode_3.ozones3_default, networkLocation: /default-rack, certSerialId: null}
datanode_1  | 2019-10-15 08:50:24,040 INFO server.RaftServerConfigKeys: raft.server.notification.no-leader.timeout = 120s (custom)
om_1        | 	at org.apache.hadoop.ozone.protocolPB.OzoneManagerProtocolServerSideTranslatorPB.submitRequest(OzoneManagerProtocolServerSideTranslatorPB.java:100)
datanode_2  | 2019-10-15 08:50:23,960 INFO server.RaftServerConfigKeys: raft.server.log.appender.buffer.byte-limit = 33554432 (custom)
datanode_3  | 2019-10-15 08:50:25,374 INFO impl.RaftServerImpl: 2fc3f5f2-aae0-4015-b451-ecbb935d6b05@group-C51822F19D28: start as a follower, conf=-1: [abecc0ac-6479-4cf2-8076-3aef0cad0a00:172.18.0.5:9858, 2fc3f5f2-aae0-4015-b451-ecbb935d6b05:172.18.0.7:9858, 3066625f-89a2-4b3a-b08f-a2c41536af90:172.18.0.3:9858], old=null
s3g_1       | 	at org.eclipse.jetty.server.handler.HandlerCollection.handle(HandlerCollection.java:119)
scm_1       | 2019-10-15 08:50:25,337 INFO pipeline.PipelineStateManager: Pipeline Pipeline[ Id: 4741fe65-5602-434b-9ae8-3880d325b458, Nodes: 2fc3f5f2-aae0-4015-b451-ecbb935d6b05{ip: 172.18.0.7, host: ozones3_datanode_3.ozones3_default, networkLocation: /default-rack, certSerialId: null}, Type:RATIS, Factor:ONE, State:ALLOCATED] moved to OPEN state
datanode_1  | 2019-10-15 08:50:24,040 INFO server.RaftServerConfigKeys: raft.server.log.use.memory = false (default)
om_1        | 	at org.apache.hadoop.ozone.protocol.proto.OzoneManagerProtocolProtos$OzoneManagerService$2.callBlockingMethod(OzoneManagerProtocolProtos.java)
datanode_2  | 2019-10-15 08:50:23,961 INFO server.RaftServerConfigKeys: raft.server.log.segment.size.max = 1048576 (custom)
datanode_3  | 2019-10-15 08:50:25,374 INFO impl.RaftServerImpl: 2fc3f5f2-aae0-4015-b451-ecbb935d6b05@group-C51822F19D28: changes role from      null to FOLLOWER at term 0 for startAsFollower
scm_1       | 2019-10-15 08:50:25,388 INFO pipeline.PipelineReportHandler: Pipeline THREE PipelineID=3c1fff73-c52f-404f-810c-c51822f19d28 reported by 2fc3f5f2-aae0-4015-b451-ecbb935d6b05{ip: 172.18.0.7, host: ozones3_datanode_3.ozones3_default, networkLocation: /default-rack, certSerialId: null}
s3g_1       | 	at org.eclipse.jetty.server.handler.HandlerWrapper.handle(HandlerWrapper.java:134)
datanode_1  | 2019-10-15 08:50:24,040 INFO server.RaftServerConfigKeys: raft.server.log.purge.gap = 1000000 (custom)
om_1        | 	at org.apache.hadoop.ipc.ProtobufRpcEngine$Server$ProtoBufRpcInvoker.call(ProtobufRpcEngine.java:524)
datanode_2  | 2019-10-15 08:50:23,961 INFO server.RaftServerConfigKeys: raft.server.log.segment.cache.num.max = 2 (custom)
datanode_3  | 2019-10-15 08:50:25,375 INFO impl.RoleInfo: 2fc3f5f2-aae0-4015-b451-ecbb935d6b05: start FollowerState
scm_1       | 2019-10-15 08:50:25,388 INFO pipeline.PipelineStateManager: Pipeline Pipeline[ Id: 3c1fff73-c52f-404f-810c-c51822f19d28, Nodes: 2fc3f5f2-aae0-4015-b451-ecbb935d6b05{ip: 172.18.0.7, host: ozones3_datanode_3.ozones3_default, networkLocation: /default-rack, certSerialId: null}3066625f-89a2-4b3a-b08f-a2c41536af90{ip: 172.18.0.3, host: ozones3_datanode_2.ozones3_default, networkLocation: /default-rack, certSerialId: null}abecc0ac-6479-4cf2-8076-3aef0cad0a00{ip: 172.18.0.5, host: ozones3_datanode_1.ozones3_default, networkLocation: /default-rack, certSerialId: null}, Type:RATIS, Factor:THREE, State:ALLOCATED] moved to OPEN state
s3g_1       | 	at org.eclipse.jetty.server.Server.handle(Server.java:539)
datanode_1  | 2019-10-15 08:50:24,040 INFO server.RaftServerConfigKeys: raft.server.log.appender.buffer.byte-limit = 33554432 (custom)
om_1        | 	at org.apache.hadoop.ipc.RPC$Server.call(RPC.java:1025)
datanode_2  | 2019-10-15 08:50:23,961 INFO segmented.SegmentedRaftLogWorker: new 3066625f-89a2-4b3a-b08f-a2c41536af90@group-C51822F19D28-SegmentedRaftLogWorker for RaftStorage:Storage Directory /data/metadata/ratis/3c1fff73-c52f-404f-810c-c51822f19d28
datanode_3  | 2019-10-15 08:50:25,375 INFO util.JmxRegister: Successfully registered JMX Bean with object name Ratis:service=RaftServer,group=group-C51822F19D28,id=2fc3f5f2-aae0-4015-b451-ecbb935d6b05
scm_1       | 2019-10-15 08:55:23,936 INFO safemode.SCMSafeModeManager: SCM exiting safe mode.
s3g_1       | 	at org.eclipse.jetty.server.HttpChannel.handle(HttpChannel.java:333)
datanode_1  | 2019-10-15 08:50:24,041 INFO server.RaftServerConfigKeys: raft.server.log.segment.size.max = 1048576 (custom)
om_1        | 	at org.apache.hadoop.ipc.Server$RpcCall.run(Server.java:876)
datanode_2  | 2019-10-15 08:50:23,961 INFO server.RaftServerConfigKeys: raft.server.log.queue.byte-limit = 2147483647 (custom)
datanode_3  | 2019-10-15 08:50:25,383 [Command processor thread] INFO       - Create Pipeline RATIS THREE #id: "3c1fff73-c52f-404f-810c-c51822f19d28"
scm_1       | 2019-10-15 08:55:23,937 INFO safemode.SCMSafeModeManager: AtleastOneDatanodeReportedRule rule is successfully validated
s3g_1       | 	at org.eclipse.jetty.server.HttpConnection.onFillable(HttpConnection.java:251)
datanode_1  | 2019-10-15 08:50:24,041 INFO server.RaftServerConfigKeys: raft.server.log.segment.cache.num.max = 2 (custom)
om_1        | 	at org.apache.hadoop.ipc.Server$RpcCall.run(Server.java:822)
datanode_2  | 2019-10-15 08:50:23,961 INFO server.RaftServerConfigKeys: raft.server.log.queue.element-limit = 1024 (custom)
datanode_3  |  command succeed on datanode 2fc3f5f2-aae0-4015-b451-ecbb935d6b05.
scm_1       | 2019-10-15 08:55:23,938 INFO safemode.SCMSafeModeManager: ScmSafeModeManager, all rules are successfully validated
s3g_1       | 	at org.eclipse.jetty.io.AbstractConnection$ReadCallback.succeeded(AbstractConnection.java:283)
datanode_1  | 2019-10-15 08:50:24,041 INFO segmented.SegmentedRaftLogWorker: new abecc0ac-6479-4cf2-8076-3aef0cad0a00@group-C51822F19D28-SegmentedRaftLogWorker for RaftStorage:Storage Directory /data/metadata/ratis/3c1fff73-c52f-404f-810c-c51822f19d28
om_1        | 	at java.base/java.security.AccessController.doPrivileged(Native Method)
datanode_2  | 2019-10-15 08:50:23,961 INFO server.RaftServerConfigKeys: raft.server.log.segment.size.max = 1048576 (custom)
scm_1       | 2019-10-15 08:56:22,805 INFO server.SCMBlockProtocolServer: SCM is informed by OM to delete 4 blocks
s3g_1       | 	at org.eclipse.jetty.io.FillInterest.fillable(FillInterest.java:108)
datanode_1  | 2019-10-15 08:50:24,041 INFO server.RaftServerConfigKeys: raft.server.log.queue.byte-limit = 2147483647 (custom)
om_1        | 	at java.base/javax.security.auth.Subject.doAs(Subject.java:423)
