datanode_3  | 2019-10-15 15:36:20,711 INFO impl.LeaderElection: 31c0af55-439b-459c-b5ff-2fe2b8f111e7@group-C3987637FAF4-LeaderElection2: Election REJECTED; received 2 response(s) [31c0af55-439b-459c-b5ff-2fe2b8f111e7<-b5915ae6-ba16-4b4c-a4e1-ee5293ffc74d#0:FAIL-t1, 31c0af55-439b-459c-b5ff-2fe2b8f111e7<-3274559f-f670-489c-97be-2c76bb8398d6#0:FAIL-t1] and 0 exception(s); 31c0af55-439b-459c-b5ff-2fe2b8f111e7@group-C3987637FAF4:t1, leader=null, voted=31c0af55-439b-459c-b5ff-2fe2b8f111e7, raftlog=31c0af55-439b-459c-b5ff-2fe2b8f111e7@group-C3987637FAF4-SegmentedRaftLog:OPENED:c-1,f-1,i0, conf=-1: [b5915ae6-ba16-4b4c-a4e1-ee5293ffc74d:172.18.0.7:9858, 3274559f-f670-489c-97be-2c76bb8398d6:172.18.0.2:9858, 31c0af55-439b-459c-b5ff-2fe2b8f111e7:172.18.0.5:9858], old=null
datanode_2  | 2019-10-15 15:36:20,740 INFO impl.LeaderElection: b5915ae6-ba16-4b4c-a4e1-ee5293ffc74d@group-C3987637FAF4-LeaderElection2: Election REJECTED; received 2 response(s) [b5915ae6-ba16-4b4c-a4e1-ee5293ffc74d<-3274559f-f670-489c-97be-2c76bb8398d6#0:FAIL-t1, b5915ae6-ba16-4b4c-a4e1-ee5293ffc74d<-31c0af55-439b-459c-b5ff-2fe2b8f111e7#0:FAIL-t1] and 0 exception(s); b5915ae6-ba16-4b4c-a4e1-ee5293ffc74d@group-C3987637FAF4:t1, leader=null, voted=b5915ae6-ba16-4b4c-a4e1-ee5293ffc74d, raftlog=b5915ae6-ba16-4b4c-a4e1-ee5293ffc74d@group-C3987637FAF4-SegmentedRaftLog:OPENED:c-1,f-1,i0, conf=-1: [b5915ae6-ba16-4b4c-a4e1-ee5293ffc74d:172.18.0.7:9858, 3274559f-f670-489c-97be-2c76bb8398d6:172.18.0.2:9858, 31c0af55-439b-459c-b5ff-2fe2b8f111e7:172.18.0.5:9858], old=null
datanode_1  | 2019-10-15 15:36:19,918 INFO segmented.SegmentedRaftLogWorker: 3274559f-f670-489c-97be-2c76bb8398d6@group-675A094500CA-SegmentedRaftLogWorker: Starting segment from index:0
datanode_3  | 2019-10-15 15:36:20,713 INFO impl.RaftServerImpl: 31c0af55-439b-459c-b5ff-2fe2b8f111e7@group-C3987637FAF4: changes role from CANDIDATE to FOLLOWER at term 1 for DISCOVERED_A_NEW_TERM
datanode_2  | 2019-10-15 15:36:20,741 INFO impl.RaftServerImpl: b5915ae6-ba16-4b4c-a4e1-ee5293ffc74d@group-C3987637FAF4: changes role from CANDIDATE to FOLLOWER at term 1 for DISCOVERED_A_NEW_TERM
datanode_1  | 2019-10-15 15:36:19,927 INFO impl.RaftServerImpl: 3274559f-f670-489c-97be-2c76bb8398d6@group-675A094500CA: set configuration 0: [3274559f-f670-489c-97be-2c76bb8398d6:172.18.0.2:9858], old=null at 0
datanode_3  | 2019-10-15 15:36:20,713 INFO impl.RoleInfo: 31c0af55-439b-459c-b5ff-2fe2b8f111e7: shutdown LeaderElection
datanode_2  | 2019-10-15 15:36:20,741 INFO impl.RoleInfo: b5915ae6-ba16-4b4c-a4e1-ee5293ffc74d: shutdown LeaderElection
datanode_1  | 2019-10-15 15:36:20,033 INFO segmented.SegmentedRaftLogWorker: 3274559f-f670-489c-97be-2c76bb8398d6@group-675A094500CA-SegmentedRaftLogWorker: created new log segment /data/metadata/ratis/7d921d34-5703-48f8-91a9-675a094500ca/current/log_inprogress_0
datanode_3  | 2019-10-15 15:36:20,714 INFO impl.RoleInfo: 31c0af55-439b-459c-b5ff-2fe2b8f111e7: start FollowerState
datanode_2  | 2019-10-15 15:36:20,741 INFO impl.RoleInfo: b5915ae6-ba16-4b4c-a4e1-ee5293ffc74d: start FollowerState
datanode_1  | 2019-10-15 15:36:20,489 INFO impl.FollowerState: 3274559f-f670-489c-97be-2c76bb8398d6@group-C3987637FAF4-FollowerState: change to CANDIDATE, lastRpcTime:5129ms, electionTimeout:5129ms
datanode_2  | 2019-10-15 15:36:25,815 INFO impl.RaftServerImpl: b5915ae6-ba16-4b4c-a4e1-ee5293ffc74d@group-C3987637FAF4: changes role from  FOLLOWER to FOLLOWER at term 2 for recognizeCandidate:3274559f-f670-489c-97be-2c76bb8398d6
datanode_3  | 2019-10-15 15:36:25,804 INFO impl.FollowerState: 31c0af55-439b-459c-b5ff-2fe2b8f111e7@group-C3987637FAF4-FollowerState: change to CANDIDATE, lastRpcTime:5090ms, electionTimeout:5090ms
datanode_1  | 2019-10-15 15:36:20,490 INFO impl.RoleInfo: 3274559f-f670-489c-97be-2c76bb8398d6: shutdown FollowerState
datanode_2  | 2019-10-15 15:36:25,816 INFO impl.RoleInfo: b5915ae6-ba16-4b4c-a4e1-ee5293ffc74d: shutdown FollowerState
datanode_3  | 2019-10-15 15:36:25,805 INFO impl.RoleInfo: 31c0af55-439b-459c-b5ff-2fe2b8f111e7: shutdown FollowerState
datanode_1  | 2019-10-15 15:36:20,490 INFO impl.RaftServerImpl: 3274559f-f670-489c-97be-2c76bb8398d6@group-C3987637FAF4: changes role from  FOLLOWER to CANDIDATE at term 0 for changeToCandidate
datanode_2  | 2019-10-15 15:36:25,816 INFO impl.RoleInfo: b5915ae6-ba16-4b4c-a4e1-ee5293ffc74d: start FollowerState
datanode_3  | 2019-10-15 15:36:25,805 INFO impl.RaftServerImpl: 31c0af55-439b-459c-b5ff-2fe2b8f111e7@group-C3987637FAF4: changes role from  FOLLOWER to CANDIDATE at term 1 for changeToCandidate
datanode_1  | 2019-10-15 15:36:20,491 INFO impl.RoleInfo: 3274559f-f670-489c-97be-2c76bb8398d6: start LeaderElection
datanode_2  | 2019-10-15 15:36:25,816 INFO impl.FollowerState: b5915ae6-ba16-4b4c-a4e1-ee5293ffc74d@group-C3987637FAF4-FollowerState was interrupted: java.lang.InterruptedException: sleep interrupted
datanode_3  | 2019-10-15 15:36:25,805 INFO impl.RoleInfo: 31c0af55-439b-459c-b5ff-2fe2b8f111e7: start LeaderElection
datanode_1  | 2019-10-15 15:36:20,508 INFO impl.LeaderElection: 3274559f-f670-489c-97be-2c76bb8398d6@group-C3987637FAF4-LeaderElection2: begin an election at term 1 for -1: [b5915ae6-ba16-4b4c-a4e1-ee5293ffc74d:172.18.0.7:9858, 3274559f-f670-489c-97be-2c76bb8398d6:172.18.0.2:9858, 31c0af55-439b-459c-b5ff-2fe2b8f111e7:172.18.0.5:9858], old=null
datanode_3  | 2019-10-15 15:36:25,818 INFO impl.LeaderElection: 31c0af55-439b-459c-b5ff-2fe2b8f111e7@group-C3987637FAF4-LeaderElection3: begin an election at term 2 for -1: [b5915ae6-ba16-4b4c-a4e1-ee5293ffc74d:172.18.0.7:9858, 3274559f-f670-489c-97be-2c76bb8398d6:172.18.0.2:9858, 31c0af55-439b-459c-b5ff-2fe2b8f111e7:172.18.0.5:9858], old=null
datanode_1  | 2019-10-15 15:36:20,717 INFO impl.LeaderElection: 3274559f-f670-489c-97be-2c76bb8398d6@group-C3987637FAF4-LeaderElection2: Election REJECTED; received 2 response(s) [3274559f-f670-489c-97be-2c76bb8398d6<-b5915ae6-ba16-4b4c-a4e1-ee5293ffc74d#0:FAIL-t1, 3274559f-f670-489c-97be-2c76bb8398d6<-31c0af55-439b-459c-b5ff-2fe2b8f111e7#0:FAIL-t1] and 0 exception(s); 3274559f-f670-489c-97be-2c76bb8398d6@group-C3987637FAF4:t1, leader=null, voted=3274559f-f670-489c-97be-2c76bb8398d6, raftlog=3274559f-f670-489c-97be-2c76bb8398d6@group-C3987637FAF4-SegmentedRaftLog:OPENED:c-1,f-1,i0, conf=-1: [b5915ae6-ba16-4b4c-a4e1-ee5293ffc74d:172.18.0.7:9858, 3274559f-f670-489c-97be-2c76bb8398d6:172.18.0.2:9858, 31c0af55-439b-459c-b5ff-2fe2b8f111e7:172.18.0.5:9858], old=null
datanode_2  | 2019-10-15 15:36:25,915 INFO impl.RaftServerImpl: b5915ae6-ba16-4b4c-a4e1-ee5293ffc74d@group-C3987637FAF4: change Leader from null to 3274559f-f670-489c-97be-2c76bb8398d6 at term 2 for appendEntries, leader elected after 10552ms
datanode_1  | 2019-10-15 15:36:20,719 INFO impl.RaftServerImpl: 3274559f-f670-489c-97be-2c76bb8398d6@group-C3987637FAF4: changes role from CANDIDATE to FOLLOWER at term 1 for DISCOVERED_A_NEW_TERM
datanode_3  | 2019-10-15 15:36:25,885 INFO impl.LeaderElection: 31c0af55-439b-459c-b5ff-2fe2b8f111e7@group-C3987637FAF4-LeaderElection3: Election REJECTED; received 2 response(s) [31c0af55-439b-459c-b5ff-2fe2b8f111e7<-b5915ae6-ba16-4b4c-a4e1-ee5293ffc74d#0:FAIL-t2, 31c0af55-439b-459c-b5ff-2fe2b8f111e7<-3274559f-f670-489c-97be-2c76bb8398d6#0:FAIL-t2] and 0 exception(s); 31c0af55-439b-459c-b5ff-2fe2b8f111e7@group-C3987637FAF4:t2, leader=null, voted=31c0af55-439b-459c-b5ff-2fe2b8f111e7, raftlog=31c0af55-439b-459c-b5ff-2fe2b8f111e7@group-C3987637FAF4-SegmentedRaftLog:OPENED:c-1,f-1,i0, conf=-1: [b5915ae6-ba16-4b4c-a4e1-ee5293ffc74d:172.18.0.7:9858, 3274559f-f670-489c-97be-2c76bb8398d6:172.18.0.2:9858, 31c0af55-439b-459c-b5ff-2fe2b8f111e7:172.18.0.5:9858], old=null
datanode_1  | 2019-10-15 15:36:20,719 INFO impl.RoleInfo: 3274559f-f670-489c-97be-2c76bb8398d6: shutdown LeaderElection
datanode_2  | 2019-10-15 15:36:25,936 INFO impl.RaftServerImpl: b5915ae6-ba16-4b4c-a4e1-ee5293ffc74d@group-C3987637FAF4: set configuration 0: [b5915ae6-ba16-4b4c-a4e1-ee5293ffc74d:172.18.0.7:9858, 3274559f-f670-489c-97be-2c76bb8398d6:172.18.0.2:9858, 31c0af55-439b-459c-b5ff-2fe2b8f111e7:172.18.0.5:9858], old=null at 0
datanode_3  | 2019-10-15 15:36:25,886 INFO impl.RaftServerImpl: 31c0af55-439b-459c-b5ff-2fe2b8f111e7@group-C3987637FAF4: changes role from CANDIDATE to FOLLOWER at term 2 for DISCOVERED_A_NEW_TERM
datanode_1  | 2019-10-15 15:36:20,719 INFO impl.RoleInfo: 3274559f-f670-489c-97be-2c76bb8398d6: start FollowerState
datanode_2  | 2019-10-15 15:36:25,937 INFO segmented.SegmentedRaftLogWorker: b5915ae6-ba16-4b4c-a4e1-ee5293ffc74d@group-C3987637FAF4-SegmentedRaftLogWorker: Starting segment from index:0
datanode_3  | 2019-10-15 15:36:25,887 INFO impl.RoleInfo: 31c0af55-439b-459c-b5ff-2fe2b8f111e7: shutdown LeaderElection
datanode_1  | 2019-10-15 15:36:25,756 INFO impl.FollowerState: 3274559f-f670-489c-97be-2c76bb8398d6@group-C3987637FAF4-FollowerState: change to CANDIDATE, lastRpcTime:5036ms, electionTimeout:5036ms
datanode_2  | 2019-10-15 15:36:25,972 INFO segmented.SegmentedRaftLogWorker: b5915ae6-ba16-4b4c-a4e1-ee5293ffc74d@group-C3987637FAF4-SegmentedRaftLogWorker: created new log segment /data/metadata/ratis/4c93c817-033b-497e-83c2-c3987637faf4/current/log_inprogress_0
datanode_3  | 2019-10-15 15:36:25,887 INFO impl.RoleInfo: 31c0af55-439b-459c-b5ff-2fe2b8f111e7: start FollowerState
datanode_3  | 2019-10-15 15:36:25,914 INFO impl.RaftServerImpl: 31c0af55-439b-459c-b5ff-2fe2b8f111e7@group-C3987637FAF4: change Leader from null to 3274559f-f670-489c-97be-2c76bb8398d6 at term 2 for appendEntries, leader elected after 10551ms
datanode_3  | 2019-10-15 15:36:25,936 INFO impl.RaftServerImpl: 31c0af55-439b-459c-b5ff-2fe2b8f111e7@group-C3987637FAF4: set configuration 0: [b5915ae6-ba16-4b4c-a4e1-ee5293ffc74d:172.18.0.7:9858, 3274559f-f670-489c-97be-2c76bb8398d6:172.18.0.2:9858, 31c0af55-439b-459c-b5ff-2fe2b8f111e7:172.18.0.5:9858], old=null at 0
datanode_1  | 2019-10-15 15:36:25,757 INFO impl.RoleInfo: 3274559f-f670-489c-97be-2c76bb8398d6: shutdown FollowerState
datanode_3  | 2019-10-15 15:36:25,936 INFO segmented.SegmentedRaftLogWorker: 31c0af55-439b-459c-b5ff-2fe2b8f111e7@group-C3987637FAF4-SegmentedRaftLogWorker: Starting segment from index:0
datanode_1  | 2019-10-15 15:36:25,757 INFO impl.RaftServerImpl: 3274559f-f670-489c-97be-2c76bb8398d6@group-C3987637FAF4: changes role from  FOLLOWER to CANDIDATE at term 1 for changeToCandidate
datanode_3  | 2019-10-15 15:36:25,972 INFO segmented.SegmentedRaftLogWorker: 31c0af55-439b-459c-b5ff-2fe2b8f111e7@group-C3987637FAF4-SegmentedRaftLogWorker: created new log segment /data/metadata/ratis/4c93c817-033b-497e-83c2-c3987637faf4/current/log_inprogress_0
datanode_1  | 2019-10-15 15:36:25,757 INFO impl.RoleInfo: 3274559f-f670-489c-97be-2c76bb8398d6: start LeaderElection
datanode_1  | 2019-10-15 15:36:25,784 INFO impl.LeaderElection: 3274559f-f670-489c-97be-2c76bb8398d6@group-C3987637FAF4-LeaderElection3: begin an election at term 2 for -1: [b5915ae6-ba16-4b4c-a4e1-ee5293ffc74d:172.18.0.7:9858, 3274559f-f670-489c-97be-2c76bb8398d6:172.18.0.2:9858, 31c0af55-439b-459c-b5ff-2fe2b8f111e7:172.18.0.5:9858], old=null
datanode_1  | 2019-10-15 15:36:25,838 INFO impl.LeaderElection: 3274559f-f670-489c-97be-2c76bb8398d6@group-C3987637FAF4-LeaderElection3: Election PASSED; received 2 response(s) [3274559f-f670-489c-97be-2c76bb8398d6<-b5915ae6-ba16-4b4c-a4e1-ee5293ffc74d#0:OK-t2, 3274559f-f670-489c-97be-2c76bb8398d6<-31c0af55-439b-459c-b5ff-2fe2b8f111e7#0:FAIL-t2] and 0 exception(s); 3274559f-f670-489c-97be-2c76bb8398d6@group-C3987637FAF4:t2, leader=null, voted=3274559f-f670-489c-97be-2c76bb8398d6, raftlog=3274559f-f670-489c-97be-2c76bb8398d6@group-C3987637FAF4-SegmentedRaftLog:OPENED:c-1,f-1,i0, conf=-1: [b5915ae6-ba16-4b4c-a4e1-ee5293ffc74d:172.18.0.7:9858, 3274559f-f670-489c-97be-2c76bb8398d6:172.18.0.2:9858, 31c0af55-439b-459c-b5ff-2fe2b8f111e7:172.18.0.5:9858], old=null
datanode_1  | 2019-10-15 15:36:25,839 INFO impl.RoleInfo: 3274559f-f670-489c-97be-2c76bb8398d6: shutdown LeaderElection
datanode_1  | 2019-10-15 15:36:25,839 INFO impl.RaftServerImpl: 3274559f-f670-489c-97be-2c76bb8398d6@group-C3987637FAF4: changes role from CANDIDATE to LEADER at term 2 for changeToLeader
datanode_1  | 2019-10-15 15:36:25,841 INFO impl.RaftServerImpl: 3274559f-f670-489c-97be-2c76bb8398d6@group-C3987637FAF4: change Leader from null to 3274559f-f670-489c-97be-2c76bb8398d6 at term 2 for becomeLeader, leader elected after 10489ms
datanode_1  | 2019-10-15 15:36:25,842 INFO server.RaftServerConfigKeys: raft.server.staging.catchup.gap = 1000 (default)
datanode_1  | 2019-10-15 15:36:25,842 INFO server.RaftServerConfigKeys: raft.server.rpc.sleep.time = 25ms (default)
datanode_1  | 2019-10-15 15:36:25,842 INFO server.RaftServerConfigKeys: raft.server.write.element-limit = 4096 (default)
datanode_1  | 2019-10-15 15:36:25,842 INFO server.RaftServerConfigKeys: raft.server.watch.timeout = 10s (default)
datanode_1  | 2019-10-15 15:36:25,842 INFO server.RaftServerConfigKeys: raft.server.watch.timeout.denomination = 1s (default)
datanode_1  | 2019-10-15 15:36:25,842 INFO server.RaftServerConfigKeys: raft.server.watch.element-limit = 65536 (default)
datanode_1  | 2019-10-15 15:36:25,851 INFO server.RaftServerConfigKeys: raft.server.log.appender.snapshot.chunk.size.max = 16MB (=16777216) (default)
datanode_1  | 2019-10-15 15:36:25,851 INFO server.RaftServerConfigKeys: raft.server.log.appender.buffer.byte-limit = 33554432 (custom)
datanode_1  | 2019-10-15 15:36:25,851 INFO server.RaftServerConfigKeys: raft.server.log.appender.buffer.element-limit = 1 (custom)
datanode_1  | 2019-10-15 15:36:25,854 INFO grpc.GrpcConfigKeys$Server: raft.grpc.server.leader.outstanding.appends.max = 128 (default)
datanode_1  | 2019-10-15 15:36:25,855 INFO server.RaftServerConfigKeys: raft.server.rpc.request.timeout = 3000ms (default)
datanode_1  | 2019-10-15 15:36:25,855 INFO server.RaftServerConfigKeys: raft.server.log.appender.install.snapshot.enabled = false (custom)
datanode_1  | 2019-10-15 15:36:25,856 INFO server.RaftServerConfigKeys: raft.server.log.appender.snapshot.chunk.size.max = 16MB (=16777216) (default)
datanode_1  | 2019-10-15 15:36:25,856 INFO server.RaftServerConfigKeys: raft.server.log.appender.buffer.byte-limit = 33554432 (custom)
datanode_1  | 2019-10-15 15:36:25,856 INFO server.RaftServerConfigKeys: raft.server.log.appender.buffer.element-limit = 1 (custom)
datanode_1  | 2019-10-15 15:36:25,856 INFO grpc.GrpcConfigKeys$Server: raft.grpc.server.leader.outstanding.appends.max = 128 (default)
datanode_1  | 2019-10-15 15:36:25,857 INFO server.RaftServerConfigKeys: raft.server.rpc.request.timeout = 3000ms (default)
datanode_1  | 2019-10-15 15:36:25,857 INFO server.RaftServerConfigKeys: raft.server.log.appender.install.snapshot.enabled = false (custom)
datanode_1  | 2019-10-15 15:36:25,860 INFO impl.RoleInfo: 3274559f-f670-489c-97be-2c76bb8398d6: start LeaderState
datanode_1  | 2019-10-15 15:36:25,860 INFO segmented.SegmentedRaftLogWorker: 3274559f-f670-489c-97be-2c76bb8398d6@group-C3987637FAF4-SegmentedRaftLogWorker: Starting segment from index:0
datanode_1  | 2019-10-15 15:36:25,863 INFO impl.RaftServerImpl: 3274559f-f670-489c-97be-2c76bb8398d6@group-C3987637FAF4: set configuration 0: [b5915ae6-ba16-4b4c-a4e1-ee5293ffc74d:172.18.0.7:9858, 3274559f-f670-489c-97be-2c76bb8398d6:172.18.0.2:9858, 31c0af55-439b-459c-b5ff-2fe2b8f111e7:172.18.0.5:9858], old=null at 0
datanode_1  | 2019-10-15 15:36:25,881 INFO impl.RaftServerImpl: 3274559f-f670-489c-97be-2c76bb8398d6@group-C3987637FAF4-   LEADER: Withhold vote from candidate 31c0af55-439b-459c-b5ff-2fe2b8f111e7 with term 2. State: leader=3274559f-f670-489c-97be-2c76bb8398d6, term=2, lastRpcElapsed=null
datanode_1  | 2019-10-15 15:36:25,905 INFO segmented.SegmentedRaftLogWorker: 3274559f-f670-489c-97be-2c76bb8398d6@group-C3987637FAF4-SegmentedRaftLogWorker: created new log segment /data/metadata/ratis/4c93c817-033b-497e-83c2-c3987637faf4/current/log_inprogress_0
