kdc_1       | Oct 13 19:53:23 kdc kadmind[15](Notice): Request: kadm5_get_principal, dn/s3g@EXAMPLE.COM, success, client=admin/admin@EXAMPLE.COM, service=kadmin/admin@EXAMPLE.COM, addr=127.0.0.1
s3g_1       | 	at org.jboss.weld.injection.producer.ResourceInjector.inject(ResourceInjector.java:72)
scm_1       | 2019-10-13 19:57:24,675 INFO ipc.Server: Auth successful for dn/9eda413d9b96@EXAMPLE.COM (auth:KERBEROS)
datanode_1  | 2019-10-13 19:53:43,717 INFO util.JmxRegister: Successfully registered JMX Bean with object name Ratis:service=RaftServer,group=group-3DF65C46F91B,id=50f3886c-19e6-4381-ba66-f3fbe440c1eb
om_1        | 2019-10-13 19:54:35,673 INFO authorize.ServiceAuthorizationManager: Authorization successful for testuser/scm@EXAMPLE.COM (auth:KERBEROS) for protocol=interface org.apache.hadoop.ozone.om.protocol.OzoneManagerProtocol
datanode_3  | 2019-10-13 19:53:47,488 INFO impl.FollowerState: 8c575118-1ba6-4e5c-a09d-e9881325c364@group-67E333B661CC-FollowerState: change to CANDIDATE, lastRpcTime:5126ms, electionTimeout:5125ms
datanode_2  | 2019-10-13 19:53:43,690 INFO impl.RaftServerImpl: c23259d6-4eed-45d7-926a-7a8378492496@group-3DF65C46F91B: changes role from      null to FOLLOWER at term 0 for startAsFollower
kdc_1       | Oct 13 19:53:23 kdc kadmind[15](info): closing down fd 18
s3g_1       | 	at org.jboss.weld.injection.producer.BasicInjectionTarget.inject(BasicInjectionTarget.java:117)
scm_1       | 2019-10-13 19:57:24,678 INFO authorize.ServiceAuthorizationManager: Authorization successful for dn/9eda413d9b96@EXAMPLE.COM (auth:KERBEROS) for protocol=interface org.apache.hadoop.hdds.protocol.SCMSecurityProtocol
om_1        | 2019-10-13 19:54:40,249 INFO ipc.Server: Auth successful for testuser/scm@EXAMPLE.COM (auth:KERBEROS)
datanode_1  | 2019-10-13 19:53:48,531 INFO impl.FollowerState: 50f3886c-19e6-4381-ba66-f3fbe440c1eb@group-8EE64E9097DF-FollowerState: change to CANDIDATE, lastRpcTime:5021ms, electionTimeout:5020ms
datanode_3  | 2019-10-13 19:53:47,490 INFO impl.RoleInfo: 8c575118-1ba6-4e5c-a09d-e9881325c364: shutdown FollowerState
datanode_2  | 2019-10-13 19:53:43,690 INFO impl.RoleInfo: c23259d6-4eed-45d7-926a-7a8378492496: start FollowerState
kdc_1       | Oct 13 19:53:23 kdc kadmind[15](Notice): Request: kadm5_init, admin/admin@EXAMPLE.COM, success, client=admin/admin@EXAMPLE.COM, service=kadmin/admin@EXAMPLE.COM, addr=127.0.0.1, vers=4, flavor=6
s3g_1       | 	at org.glassfish.jersey.ext.cdi1x.internal.CdiComponentProvider$InjectionManagerInjectedCdiTarget.inject(CdiComponentProvider.java:873)
scm_1       | 2019-10-13 19:57:25,040 INFO ipc.Server: Auth successful for dn/9eda413d9b96@EXAMPLE.COM (auth:KERBEROS)
datanode_1  | 2019-10-13 19:53:48,533 INFO impl.RoleInfo: 50f3886c-19e6-4381-ba66-f3fbe440c1eb: shutdown FollowerState
om_1        | 2019-10-13 19:54:40,259 INFO authorize.ServiceAuthorizationManager: Authorization successful for testuser/scm@EXAMPLE.COM (auth:KERBEROS) for protocol=interface org.apache.hadoop.ozone.om.protocol.OzoneManagerProtocol
om_1        | 2019-10-13 19:54:44,405 INFO ipc.Server: Auth successful for testuser/scm@EXAMPLE.COM (auth:KERBEROS)
datanode_2  | 2019-10-13 19:53:43,690 INFO util.JmxRegister: Successfully registered JMX Bean with object name Ratis:service=RaftServer,group=group-3DF65C46F91B,id=c23259d6-4eed-45d7-926a-7a8378492496
kdc_1       | Oct 13 19:53:23 kdc kadmind[15](Notice): Request: kadm5_get_policy, default, Policy does not exist, client=admin/admin@EXAMPLE.COM, service=kadmin/admin@EXAMPLE.COM, addr=127.0.0.1
s3g_1       | 	at org.jboss.weld.bean.ManagedBean.create(ManagedBean.java:159)
s3g_1       | 	at org.jboss.weld.context.unbound.DependentContextImpl.get(DependentContextImpl.java:70)
datanode_1  | 2019-10-13 19:53:48,534 INFO impl.RaftServerImpl: 50f3886c-19e6-4381-ba66-f3fbe440c1eb@group-8EE64E9097DF: changes role from  FOLLOWER to CANDIDATE at term 0 for changeToCandidate
datanode_3  | 2019-10-13 19:53:47,491 INFO impl.RaftServerImpl: 8c575118-1ba6-4e5c-a09d-e9881325c364@group-67E333B661CC: changes role from  FOLLOWER to CANDIDATE at term 0 for changeToCandidate
om_1        | 2019-10-13 19:54:44,415 INFO authorize.ServiceAuthorizationManager: Authorization successful for testuser/scm@EXAMPLE.COM (auth:KERBEROS) for protocol=interface org.apache.hadoop.ozone.om.protocol.OzoneManagerProtocol
datanode_2  | 2019-10-13 19:53:48,138 INFO impl.FollowerState: c23259d6-4eed-45d7-926a-7a8378492496@group-D8AAD1F351AA-FollowerState: change to CANDIDATE, lastRpcTime:5157ms, electionTimeout:5156ms
kdc_1       | Oct 13 19:53:23 kdc kadmind[15](Notice): Request: kadm5_create_principal, dn/a4a4721ea9fe@EXAMPLE.COM, success, client=admin/admin@EXAMPLE.COM, service=kadmin/admin@EXAMPLE.COM, addr=127.0.0.1
s3g_1       | 	at org.jboss.weld.bean.ContextualInstanceStrategy$DefaultContextualInstanceStrategy.get(ContextualInstanceStrategy.java:100)
scm_1       | 2019-10-13 19:57:25,045 INFO authorize.ServiceAuthorizationManager: Authorization successful for dn/9eda413d9b96@EXAMPLE.COM (auth:KERBEROS) for protocol=interface org.apache.hadoop.ozone.protocol.StorageContainerDatanodeProtocol
datanode_1  | 2019-10-13 19:53:48,538 INFO impl.RoleInfo: 50f3886c-19e6-4381-ba66-f3fbe440c1eb: start LeaderElection
datanode_3  | 2019-10-13 19:53:47,495 INFO impl.RoleInfo: 8c575118-1ba6-4e5c-a09d-e9881325c364: start LeaderElection
om_1        | 2019-10-13 19:54:47,198 INFO ipc.Server: Auth successful for testuser/scm@EXAMPLE.COM (auth:KERBEROS)
datanode_2  | 2019-10-13 19:53:48,140 INFO impl.RoleInfo: c23259d6-4eed-45d7-926a-7a8378492496: shutdown FollowerState
kdc_1       | Oct 13 19:53:23 kdc kadmind[15](info): closing down fd 18
s3g_1       | 	at org.jboss.weld.bean.ContextualInstance.get(ContextualInstance.java:50)
scm_1       | 2019-10-13 19:57:28,790 INFO ipc.Server: Auth successful for dn/6e54b4115416@EXAMPLE.COM (auth:KERBEROS)
datanode_1  | 2019-10-13 19:53:48,561 INFO impl.LeaderElection: 50f3886c-19e6-4381-ba66-f3fbe440c1eb@group-8EE64E9097DF-LeaderElection1: begin an election at term 1 for -1: [50f3886c-19e6-4381-ba66-f3fbe440c1eb:172.18.0.4:9858], old=null
datanode_3  | 2019-10-13 19:53:47,566 INFO impl.LeaderElection: 8c575118-1ba6-4e5c-a09d-e9881325c364@group-67E333B661CC-LeaderElection1: begin an election at term 1 for -1: [8c575118-1ba6-4e5c-a09d-e9881325c364:172.18.0.3:9858], old=null
datanode_3  | 2019-10-13 19:53:47,568 INFO impl.RoleInfo: 8c575118-1ba6-4e5c-a09d-e9881325c364: shutdown LeaderElection
datanode_2  | 2019-10-13 19:53:48,141 INFO impl.RaftServerImpl: c23259d6-4eed-45d7-926a-7a8378492496@group-D8AAD1F351AA: changes role from  FOLLOWER to CANDIDATE at term 0 for changeToCandidate
kdc_1       | Oct 13 19:53:23 kdc kadmind[15](Notice): Request: kadm5_init, admin/admin@EXAMPLE.COM, success, client=admin/admin@EXAMPLE.COM, service=kadmin/admin@EXAMPLE.COM, addr=127.0.0.1, vers=4, flavor=6
s3g_1       | 	at org.jboss.weld.manager.BeanManagerImpl.getReference(BeanManagerImpl.java:785)
scm_1       | 2019-10-13 19:57:28,793 INFO authorize.ServiceAuthorizationManager: Authorization successful for dn/6e54b4115416@EXAMPLE.COM (auth:KERBEROS) for protocol=interface org.apache.hadoop.ozone.protocol.StorageContainerDatanodeProtocol
datanode_1  | 2019-10-13 19:53:48,563 INFO impl.RoleInfo: 50f3886c-19e6-4381-ba66-f3fbe440c1eb: shutdown LeaderElection
datanode_3  | 2019-10-13 19:53:47,569 INFO impl.RaftServerImpl: 8c575118-1ba6-4e5c-a09d-e9881325c364@group-67E333B661CC: changes role from CANDIDATE to LEADER at term 1 for changeToLeader
datanode_2  | 2019-10-13 19:53:48,145 INFO impl.RoleInfo: c23259d6-4eed-45d7-926a-7a8378492496: start LeaderElection
kdc_1       | Oct 13 19:53:23 kdc kadmind[15](Notice): Request: kadm5_randkey_principal, dn/a4a4721ea9fe@EXAMPLE.COM, success, client=admin/admin@EXAMPLE.COM, service=kadmin/admin@EXAMPLE.COM, addr=127.0.0.1
s3g_1       | 	at org.jboss.weld.manager.BeanManagerImpl.getReference(BeanManagerImpl.java:808)
om_1        | 2019-10-13 19:54:47,209 INFO authorize.ServiceAuthorizationManager: Authorization successful for testuser/scm@EXAMPLE.COM (auth:KERBEROS) for protocol=interface org.apache.hadoop.ozone.om.protocol.OzoneManagerProtocol
scm_1       | 2019-10-13 19:57:41,208 INFO ipc.Server: Auth successful for om/om@EXAMPLE.COM (auth:KERBEROS)
datanode_1  | 2019-10-13 19:53:48,564 INFO impl.RaftServerImpl: 50f3886c-19e6-4381-ba66-f3fbe440c1eb@group-8EE64E9097DF: changes role from CANDIDATE to LEADER at term 1 for changeToLeader
datanode_3  | 2019-10-13 19:53:47,569 INFO impl.RaftServerImpl: 8c575118-1ba6-4e5c-a09d-e9881325c364@group-67E333B661CC: change Leader from null to 8c575118-1ba6-4e5c-a09d-e9881325c364 at term 1 for becomeLeader, leader elected after 5328ms
datanode_2  | 2019-10-13 19:53:48,158 INFO impl.LeaderElection: c23259d6-4eed-45d7-926a-7a8378492496@group-D8AAD1F351AA-LeaderElection1: begin an election at term 1 for -1: [c23259d6-4eed-45d7-926a-7a8378492496:172.18.0.7:9858], old=null
kdc_1       | Oct 13 19:53:23 kdc kadmind[15](Notice): Request: kadm5_get_principal, dn/a4a4721ea9fe@EXAMPLE.COM, success, client=admin/admin@EXAMPLE.COM, service=kadmin/admin@EXAMPLE.COM, addr=127.0.0.1
s3g_1       | 	at org.jboss.weld.util.ForwardingBeanManager.getReference(ForwardingBeanManager.java:61)
om_1        | 2019-10-13 19:54:49,777 INFO ipc.Server: Auth successful for testuser/scm@EXAMPLE.COM (auth:KERBEROS)
scm_1       | 2019-10-13 19:57:41,210 INFO authorize.ServiceAuthorizationManager: Authorization successful for om/om@EXAMPLE.COM (auth:KERBEROS) for protocol=interface org.apache.hadoop.hdds.scm.protocol.ScmBlockLocationProtocol
datanode_1  | 2019-10-13 19:53:48,564 INFO impl.RaftServerImpl: 50f3886c-19e6-4381-ba66-f3fbe440c1eb@group-8EE64E9097DF: change Leader from null to 50f3886c-19e6-4381-ba66-f3fbe440c1eb at term 1 for becomeLeader, leader elected after 5163ms
datanode_3  | 2019-10-13 19:53:47,575 INFO server.RaftServerConfigKeys: raft.server.staging.catchup.gap = 1000 (default)
datanode_2  | 2019-10-13 19:53:48,160 INFO impl.RoleInfo: c23259d6-4eed-45d7-926a-7a8378492496: shutdown LeaderElection
kdc_1       | Oct 13 19:53:23 kdc kadmind[15](info): closing down fd 18
om_1        | 2019-10-13 19:54:49,787 INFO authorize.ServiceAuthorizationManager: Authorization successful for testuser/scm@EXAMPLE.COM (auth:KERBEROS) for protocol=interface org.apache.hadoop.ozone.om.protocol.OzoneManagerProtocol
s3g_1       | 	at org.jboss.weld.bean.builtin.BeanManagerProxy.getReference(BeanManagerProxy.java:85)
datanode_1  | 2019-10-13 19:53:48,569 INFO server.RaftServerConfigKeys: raft.server.staging.catchup.gap = 1000 (default)
datanode_3  | 2019-10-13 19:53:47,575 INFO server.RaftServerConfigKeys: raft.server.rpc.sleep.time = 25ms (default)
datanode_2  | 2019-10-13 19:53:48,161 INFO impl.RaftServerImpl: c23259d6-4eed-45d7-926a-7a8378492496@group-D8AAD1F351AA: changes role from CANDIDATE to LEADER at term 1 for changeToLeader
kdc_1       | Oct 13 19:53:23 kdc kadmind[15](Notice): Request: kadm5_init, admin/admin@EXAMPLE.COM, success, client=admin/admin@EXAMPLE.COM, service=kadmin/admin@EXAMPLE.COM, addr=127.0.0.1, vers=4, flavor=6
om_1        | 2019-10-13 19:54:52,365 INFO ipc.Server: Auth successful for testuser/scm@EXAMPLE.COM (auth:KERBEROS)
scm_1       | 2019-10-13 19:57:41,210 INFO server.SCMBlockProtocolServer: SCM is informed by OM to delete 1 blocks
datanode_1  | 2019-10-13 19:53:48,569 INFO server.RaftServerConfigKeys: raft.server.rpc.sleep.time = 25ms (default)
datanode_2  | 2019-10-13 19:53:48,161 INFO impl.RaftServerImpl: c23259d6-4eed-45d7-926a-7a8378492496@group-D8AAD1F351AA: change Leader from null to c23259d6-4eed-45d7-926a-7a8378492496 at term 1 for becomeLeader, leader elected after 5322ms
datanode_3  | 2019-10-13 19:53:47,581 INFO server.RaftServerConfigKeys: raft.server.write.element-limit = 4096 (default)
s3g_1       | 	at org.glassfish.jersey.ext.cdi1x.internal.CdiUtil.getBeanReference(CdiUtil.java:151)
kdc_1       | Oct 13 19:53:23 kdc kadmind[15](Notice): Request: kadm5_get_policy, default, Policy does not exist, client=admin/admin@EXAMPLE.COM, service=kadmin/admin@EXAMPLE.COM, addr=127.0.0.1
scm_1       | 2019-10-13 19:57:41,211 INFO block.BlockManagerImpl: Deleting blocks conID: 6 locID: 102956832324845695 bcsId: 0
om_1        | 2019-10-13 19:54:52,376 INFO authorize.ServiceAuthorizationManager: Authorization successful for testuser/scm@EXAMPLE.COM (auth:KERBEROS) for protocol=interface org.apache.hadoop.ozone.om.protocol.OzoneManagerProtocol
datanode_1  | 2019-10-13 19:53:48,573 INFO server.RaftServerConfigKeys: raft.server.write.element-limit = 4096 (default)
datanode_2  | 2019-10-13 19:53:48,166 INFO server.RaftServerConfigKeys: raft.server.staging.catchup.gap = 1000 (default)
datanode_3  | 2019-10-13 19:53:47,585 INFO server.RaftServerConfigKeys: raft.server.watch.timeout = 10s (default)
s3g_1       | 	at org.glassfish.jersey.ext.cdi1x.internal.AbstractCdiBeanSupplier$1.getInstance(AbstractCdiBeanSupplier.java:93)
kdc_1       | Oct 13 19:53:23 kdc kadmind[15](Notice): Request: kadm5_create_principal, scm/72e5000e2e06@EXAMPLE.COM, success, client=admin/admin@EXAMPLE.COM, service=kadmin/admin@EXAMPLE.COM, addr=127.0.0.1
scm_1       | 2019-10-13 19:57:45,073 INFO ipc.Server: Auth successful for dn/a4a4721ea9fe@EXAMPLE.COM (auth:KERBEROS)
om_1        | 2019-10-13 19:54:54,977 INFO ipc.Server: Auth successful for testuser/scm@EXAMPLE.COM (auth:KERBEROS)
datanode_1  | 2019-10-13 19:53:48,576 INFO server.RaftServerConfigKeys: raft.server.watch.timeout = 10s (default)
datanode_2  | 2019-10-13 19:53:48,166 INFO server.RaftServerConfigKeys: raft.server.rpc.sleep.time = 25ms (default)
datanode_3  | 2019-10-13 19:53:47,585 INFO server.RaftServerConfigKeys: raft.server.watch.timeout.denomination = 1s (default)
s3g_1       | 	at org.glassfish.jersey.ext.cdi1x.internal.AbstractCdiBeanSupplier._provide(AbstractCdiBeanSupplier.java:127)
kdc_1       | Oct 13 19:53:23 kdc kadmind[15](info): closing down fd 18
scm_1       | 2019-10-13 19:57:45,076 INFO authorize.ServiceAuthorizationManager: Authorization successful for dn/a4a4721ea9fe@EXAMPLE.COM (auth:KERBEROS) for protocol=interface org.apache.hadoop.ozone.protocol.StorageContainerDatanodeProtocol
om_1        | 2019-10-13 19:54:54,986 INFO authorize.ServiceAuthorizationManager: Authorization successful for testuser/scm@EXAMPLE.COM (auth:KERBEROS) for protocol=interface org.apache.hadoop.ozone.om.protocol.OzoneManagerProtocol
datanode_2  | 2019-10-13 19:53:48,170 INFO server.RaftServerConfigKeys: raft.server.write.element-limit = 4096 (default)
datanode_1  | 2019-10-13 19:53:48,576 INFO server.RaftServerConfigKeys: raft.server.watch.timeout.denomination = 1s (default)
datanode_3  | 2019-10-13 19:53:47,586 INFO server.RaftServerConfigKeys: raft.server.watch.element-limit = 65536 (default)
s3g_1       | 	at org.glassfish.jersey.ext.cdi1x.internal.RequestScopedCdiBeanSupplier.get(RequestScopedCdiBeanSupplier.java:70)
kdc_1       | Oct 13 19:53:23 kdc kadmind[15](Notice): Request: kadm5_init, admin/admin@EXAMPLE.COM, success, client=admin/admin@EXAMPLE.COM, service=kadmin/admin@EXAMPLE.COM, addr=127.0.0.1, vers=4, flavor=6
scm_1       | 2019-10-13 19:57:55,038 INFO ipc.Server: Auth successful for dn/9eda413d9b96@EXAMPLE.COM (auth:KERBEROS)
om_1        | 2019-10-13 19:54:57,468 INFO ipc.Server: Auth successful for testuser/scm@EXAMPLE.COM (auth:KERBEROS)
datanode_2  | 2019-10-13 19:53:48,173 INFO server.RaftServerConfigKeys: raft.server.watch.timeout = 10s (default)
datanode_1  | 2019-10-13 19:53:48,577 INFO server.RaftServerConfigKeys: raft.server.watch.element-limit = 65536 (default)
datanode_3  | 2019-10-13 19:53:47,601 INFO impl.RoleInfo: 8c575118-1ba6-4e5c-a09d-e9881325c364: start LeaderState
s3g_1       | 	at org.glassfish.jersey.inject.hk2.InstanceSupplierFactoryBridge.provide(InstanceSupplierFactoryBridge.java:77)
kdc_1       | Oct 13 19:53:23 kdc kadmind[15](Notice): Request: kadm5_randkey_principal, scm/72e5000e2e06@EXAMPLE.COM, success, client=admin/admin@EXAMPLE.COM, service=kadmin/admin@EXAMPLE.COM, addr=127.0.0.1
scm_1       | 2019-10-13 19:57:55,042 INFO authorize.ServiceAuthorizationManager: Authorization successful for dn/9eda413d9b96@EXAMPLE.COM (auth:KERBEROS) for protocol=interface org.apache.hadoop.ozone.protocol.StorageContainerDatanodeProtocol
om_1        | 2019-10-13 19:54:57,481 INFO authorize.ServiceAuthorizationManager: Authorization successful for testuser/scm@EXAMPLE.COM (auth:KERBEROS) for protocol=interface org.apache.hadoop.ozone.om.protocol.OzoneManagerProtocol
datanode_2  | 2019-10-13 19:53:48,174 INFO server.RaftServerConfigKeys: raft.server.watch.timeout.denomination = 1s (default)
datanode_1  | 2019-10-13 19:53:48,589 INFO impl.RoleInfo: 50f3886c-19e6-4381-ba66-f3fbe440c1eb: start LeaderState
datanode_3  | 2019-10-13 19:53:47,624 INFO segmented.SegmentedRaftLogWorker: 8c575118-1ba6-4e5c-a09d-e9881325c364@group-67E333B661CC-SegmentedRaftLogWorker: Starting segment from index:0
kdc_1       | Oct 13 19:53:23 kdc kadmind[15](Notice): Request: kadm5_get_principal, scm/72e5000e2e06@EXAMPLE.COM, success, client=admin/admin@EXAMPLE.COM, service=kadmin/admin@EXAMPLE.COM, addr=127.0.0.1
s3g_1       | 	at org.jvnet.hk2.internal.FactoryCreator.create(FactoryCreator.java:153)
scm_1       | 2019-10-13 19:57:58,789 INFO ipc.Server: Auth successful for dn/6e54b4115416@EXAMPLE.COM (auth:KERBEROS)
om_1        | 2019-10-13 19:55:00,020 INFO ipc.Server: Auth successful for testuser/scm@EXAMPLE.COM (auth:KERBEROS)
datanode_2  | 2019-10-13 19:53:48,175 INFO server.RaftServerConfigKeys: raft.server.watch.element-limit = 65536 (default)
datanode_1  | 2019-10-13 19:53:48,606 INFO segmented.SegmentedRaftLogWorker: 50f3886c-19e6-4381-ba66-f3fbe440c1eb@group-8EE64E9097DF-SegmentedRaftLogWorker: Starting segment from index:0
datanode_3  | 2019-10-13 19:53:47,634 INFO impl.RaftServerImpl: 8c575118-1ba6-4e5c-a09d-e9881325c364@group-67E333B661CC: set configuration 0: [8c575118-1ba6-4e5c-a09d-e9881325c364:172.18.0.3:9858], old=null at 0
kdc_1       | Oct 13 19:53:24 kdc kadmind[15](info): closing down fd 18
scm_1       | 2019-10-13 19:57:58,794 INFO authorize.ServiceAuthorizationManager: Authorization successful for dn/6e54b4115416@EXAMPLE.COM (auth:KERBEROS) for protocol=interface org.apache.hadoop.ozone.protocol.StorageContainerDatanodeProtocol
om_1        | 2019-10-13 19:55:00,031 INFO authorize.ServiceAuthorizationManager: Authorization successful for testuser/scm@EXAMPLE.COM (auth:KERBEROS) for protocol=interface org.apache.hadoop.ozone.om.protocol.OzoneManagerProtocol
datanode_2  | 2019-10-13 19:53:48,187 INFO impl.RoleInfo: c23259d6-4eed-45d7-926a-7a8378492496: start LeaderState
s3g_1       | 	at org.jvnet.hk2.internal.SystemDescriptor.create(SystemDescriptor.java:487)
datanode_1  | 2019-10-13 19:53:48,615 INFO impl.RaftServerImpl: 50f3886c-19e6-4381-ba66-f3fbe440c1eb@group-8EE64E9097DF: set configuration 0: [50f3886c-19e6-4381-ba66-f3fbe440c1eb:172.18.0.4:9858], old=null at 0
kdc_1       | Oct 13 19:53:24 kdc kadmind[15](Notice): Request: kadm5_init, admin/admin@EXAMPLE.COM, success, client=admin/admin@EXAMPLE.COM, service=kadmin/admin@EXAMPLE.COM, addr=127.0.0.1, vers=4, flavor=6
datanode_3  | 2019-10-13 19:53:47,770 INFO segmented.SegmentedRaftLogWorker: 8c575118-1ba6-4e5c-a09d-e9881325c364@group-67E333B661CC-SegmentedRaftLogWorker: created new log segment /data/metadata/ratis/0e39d62e-375f-4917-b6dd-67e333b661cc/current/log_inprogress_0
scm_1       | 2019-10-13 19:58:15,079 INFO ipc.Server: Auth successful for dn/a4a4721ea9fe@EXAMPLE.COM (auth:KERBEROS)
om_1        | 2019-10-13 19:55:02,571 INFO ipc.Server: Auth successful for testuser/scm@EXAMPLE.COM (auth:KERBEROS)
s3g_1       | 	at org.jvnet.hk2.internal.PerLookupContext.findOrCreate(PerLookupContext.java:70)
datanode_2  | 2019-10-13 19:53:48,211 INFO segmented.SegmentedRaftLogWorker: c23259d6-4eed-45d7-926a-7a8378492496@group-D8AAD1F351AA-SegmentedRaftLogWorker: Starting segment from index:0
kdc_1       | Oct 13 19:53:24 kdc kadmind[15](Notice): Request: kadm5_get_policy, default, Policy does not exist, client=admin/admin@EXAMPLE.COM, service=kadmin/admin@EXAMPLE.COM, addr=127.0.0.1
datanode_1  | 2019-10-13 19:53:48,725 INFO segmented.SegmentedRaftLogWorker: 50f3886c-19e6-4381-ba66-f3fbe440c1eb@group-8EE64E9097DF-SegmentedRaftLogWorker: created new log segment /data/metadata/ratis/9745377b-4732-4d6c-9366-8ee64e9097df/current/log_inprogress_0
datanode_3  | 2019-10-13 19:53:48,880 INFO impl.FollowerState: 8c575118-1ba6-4e5c-a09d-e9881325c364@group-3DF65C46F91B-FollowerState: change to CANDIDATE, lastRpcTime:5168ms, electionTimeout:5168ms
scm_1       | 2019-10-13 19:58:15,083 INFO authorize.ServiceAuthorizationManager: Authorization successful for dn/a4a4721ea9fe@EXAMPLE.COM (auth:KERBEROS) for protocol=interface org.apache.hadoop.ozone.protocol.StorageContainerDatanodeProtocol
om_1        | 2019-10-13 19:55:02,582 INFO authorize.ServiceAuthorizationManager: Authorization successful for testuser/scm@EXAMPLE.COM (auth:KERBEROS) for protocol=interface org.apache.hadoop.ozone.om.protocol.OzoneManagerProtocol
s3g_1       | 	at org.jvnet.hk2.internal.Utilities.createService(Utilities.java:2126)
datanode_2  | 2019-10-13 19:53:48,221 INFO impl.RaftServerImpl: c23259d6-4eed-45d7-926a-7a8378492496@group-D8AAD1F351AA: set configuration 0: [c23259d6-4eed-45d7-926a-7a8378492496:172.18.0.7:9858], old=null at 0
kdc_1       | Oct 13 19:53:24 kdc kadmind[15](Notice): Request: kadm5_create_principal, scm/om@EXAMPLE.COM, success, client=admin/admin@EXAMPLE.COM, service=kadmin/admin@EXAMPLE.COM, addr=127.0.0.1
datanode_3  | 2019-10-13 19:53:48,890 INFO impl.RoleInfo: 8c575118-1ba6-4e5c-a09d-e9881325c364: shutdown FollowerState
scm_1       | 2019-10-13 19:58:25,036 INFO ipc.Server: Auth successful for dn/9eda413d9b96@EXAMPLE.COM (auth:KERBEROS)
om_1        | 2019-10-13 19:55:03,223 [IPC Server handler 4 on 9862] INFO       - created volume:90571-rpcwoport2 for user:testuser/scm@EXAMPLE.COM
s3g_1       | 	at org.jvnet.hk2.internal.ServiceLocatorImpl.internalGetService(ServiceLocatorImpl.java:777)
datanode_2  | 2019-10-13 19:53:48,375 INFO segmented.SegmentedRaftLogWorker: c23259d6-4eed-45d7-926a-7a8378492496@group-D8AAD1F351AA-SegmentedRaftLogWorker: created new log segment /data/metadata/ratis/373b8657-4a00-423a-98a9-d8aad1f351aa/current/log_inprogress_0
kdc_1       | Oct 13 19:53:24 kdc kadmind[15](info): closing down fd 18
datanode_3  | 2019-10-13 19:53:48,890 INFO impl.RaftServerImpl: 8c575118-1ba6-4e5c-a09d-e9881325c364@group-3DF65C46F91B: changes role from  FOLLOWER to CANDIDATE at term 0 for changeToCandidate
datanode_1  | 2019-10-13 19:53:48,737 INFO impl.FollowerState: 50f3886c-19e6-4381-ba66-f3fbe440c1eb@group-3DF65C46F91B-FollowerState: change to CANDIDATE, lastRpcTime:5020ms, electionTimeout:5020ms
scm_1       | 2019-10-13 19:58:25,039 INFO authorize.ServiceAuthorizationManager: Authorization successful for dn/9eda413d9b96@EXAMPLE.COM (auth:KERBEROS) for protocol=interface org.apache.hadoop.ozone.protocol.StorageContainerDatanodeProtocol
om_1        | 2019-10-13 19:55:05,191 INFO ipc.Server: Auth successful for testuser/scm@EXAMPLE.COM (auth:KERBEROS)
s3g_1       | 	at org.jvnet.hk2.internal.ServiceLocatorImpl.internalGetService(ServiceLocatorImpl.java:740)
datanode_2  | 2019-10-13 19:53:48,732 INFO impl.FollowerState: c23259d6-4eed-45d7-926a-7a8378492496@group-3DF65C46F91B-FollowerState: change to CANDIDATE, lastRpcTime:5041ms, electionTimeout:5041ms
kdc_1       | Oct 13 19:53:24 kdc kadmind[15](Notice): Request: kadm5_init, admin/admin@EXAMPLE.COM, success, client=admin/admin@EXAMPLE.COM, service=kadmin/admin@EXAMPLE.COM, addr=127.0.0.1, vers=4, flavor=6
datanode_3  | 2019-10-13 19:53:48,890 INFO impl.RoleInfo: 8c575118-1ba6-4e5c-a09d-e9881325c364: start LeaderElection
datanode_1  | 2019-10-13 19:53:48,737 INFO impl.RoleInfo: 50f3886c-19e6-4381-ba66-f3fbe440c1eb: shutdown FollowerState
scm_1       | 2019-10-13 19:58:28,784 INFO ipc.Server: Auth successful for dn/6e54b4115416@EXAMPLE.COM (auth:KERBEROS)
om_1        | 2019-10-13 19:55:05,201 INFO authorize.ServiceAuthorizationManager: Authorization successful for testuser/scm@EXAMPLE.COM (auth:KERBEROS) for protocol=interface org.apache.hadoop.ozone.om.protocol.OzoneManagerProtocol
s3g_1       | 	at org.jvnet.hk2.internal.ServiceLocatorImpl.getService(ServiceLocatorImpl.java:710)
kdc_1       | Oct 13 19:53:24 kdc kadmind[15](Notice): Request: kadm5_randkey_principal, scm/om@EXAMPLE.COM, success, client=admin/admin@EXAMPLE.COM, service=kadmin/admin@EXAMPLE.COM, addr=127.0.0.1
datanode_3  | 2019-10-13 19:53:48,907 INFO impl.LeaderElection: 8c575118-1ba6-4e5c-a09d-e9881325c364@group-3DF65C46F91B-LeaderElection2: begin an election at term 1 for -1: [50f3886c-19e6-4381-ba66-f3fbe440c1eb:172.18.0.4:9858, c23259d6-4eed-45d7-926a-7a8378492496:172.18.0.7:9858, 8c575118-1ba6-4e5c-a09d-e9881325c364:172.18.0.3:9858], old=null
datanode_1  | 2019-10-13 19:53:48,738 INFO impl.RaftServerImpl: 50f3886c-19e6-4381-ba66-f3fbe440c1eb@group-3DF65C46F91B: changes role from  FOLLOWER to CANDIDATE at term 0 for changeToCandidate
om_1        | 2019-10-13 19:55:07,754 INFO ipc.Server: Auth successful for testuser/scm@EXAMPLE.COM (auth:KERBEROS)
scm_1       | 2019-10-13 19:58:28,787 INFO authorize.ServiceAuthorizationManager: Authorization successful for dn/6e54b4115416@EXAMPLE.COM (auth:KERBEROS) for protocol=interface org.apache.hadoop.ozone.protocol.StorageContainerDatanodeProtocol
datanode_2  | 2019-10-13 19:53:48,733 INFO impl.RoleInfo: c23259d6-4eed-45d7-926a-7a8378492496: shutdown FollowerState
s3g_1       | 	at org.glassfish.jersey.inject.hk2.AbstractHk2InjectionManager.getInstance(AbstractHk2InjectionManager.java:184)
kdc_1       | Oct 13 19:53:24 kdc kadmind[15](Notice): Request: kadm5_get_principal, scm/om@EXAMPLE.COM, success, client=admin/admin@EXAMPLE.COM, service=kadmin/admin@EXAMPLE.COM, addr=127.0.0.1
datanode_3  | 2019-10-13 19:53:49,107 INFO impl.LeaderElection: 8c575118-1ba6-4e5c-a09d-e9881325c364@group-3DF65C46F91B-LeaderElection2: Election REJECTED; received 2 response(s) [8c575118-1ba6-4e5c-a09d-e9881325c364<-50f3886c-19e6-4381-ba66-f3fbe440c1eb#0:FAIL-t1, 8c575118-1ba6-4e5c-a09d-e9881325c364<-c23259d6-4eed-45d7-926a-7a8378492496#0:FAIL-t1] and 0 exception(s); 8c575118-1ba6-4e5c-a09d-e9881325c364@group-3DF65C46F91B:t1, leader=null, voted=8c575118-1ba6-4e5c-a09d-e9881325c364, raftlog=8c575118-1ba6-4e5c-a09d-e9881325c364@group-3DF65C46F91B-SegmentedRaftLog:OPENED:c-1,f-1,i0, conf=-1: [50f3886c-19e6-4381-ba66-f3fbe440c1eb:172.18.0.4:9858, c23259d6-4eed-45d7-926a-7a8378492496:172.18.0.7:9858, 8c575118-1ba6-4e5c-a09d-e9881325c364:172.18.0.3:9858], old=null
datanode_1  | 2019-10-13 19:53:48,738 INFO impl.RoleInfo: 50f3886c-19e6-4381-ba66-f3fbe440c1eb: start LeaderElection
om_1        | 2019-10-13 19:55:07,764 INFO authorize.ServiceAuthorizationManager: Authorization successful for testuser/scm@EXAMPLE.COM (auth:KERBEROS) for protocol=interface org.apache.hadoop.ozone.om.protocol.OzoneManagerProtocol
scm_1       | 2019-10-13 19:58:41,225 INFO ipc.Server: Auth successful for om/om@EXAMPLE.COM (auth:KERBEROS)
datanode_2  | 2019-10-13 19:53:48,733 INFO impl.RaftServerImpl: c23259d6-4eed-45d7-926a-7a8378492496@group-3DF65C46F91B: changes role from  FOLLOWER to CANDIDATE at term 0 for changeToCandidate
s3g_1       | 	at org.glassfish.jersey.inject.hk2.ImmediateHk2InjectionManager.getInstance(ImmediateHk2InjectionManager.java:54)
kdc_1       | Oct 13 19:53:24 kdc kadmind[15](info): closing down fd 18
datanode_3  | 2019-10-13 19:53:49,108 INFO impl.RaftServerImpl: 8c575118-1ba6-4e5c-a09d-e9881325c364@group-3DF65C46F91B: changes role from CANDIDATE to FOLLOWER at term 1 for DISCOVERED_A_NEW_TERM
datanode_1  | 2019-10-13 19:53:48,766 INFO impl.LeaderElection: 50f3886c-19e6-4381-ba66-f3fbe440c1eb@group-3DF65C46F91B-LeaderElection2: begin an election at term 1 for -1: [50f3886c-19e6-4381-ba66-f3fbe440c1eb:172.18.0.4:9858, c23259d6-4eed-45d7-926a-7a8378492496:172.18.0.7:9858, 8c575118-1ba6-4e5c-a09d-e9881325c364:172.18.0.3:9858], old=null
om_1        | 2019-10-13 19:55:10,256 INFO ipc.Server: Auth successful for testuser/scm@EXAMPLE.COM (auth:KERBEROS)
scm_1       | 2019-10-13 19:58:41,228 INFO authorize.ServiceAuthorizationManager: Authorization successful for om/om@EXAMPLE.COM (auth:KERBEROS) for protocol=interface org.apache.hadoop.hdds.scm.protocol.ScmBlockLocationProtocol
datanode_2  | 2019-10-13 19:53:48,733 INFO impl.RoleInfo: c23259d6-4eed-45d7-926a-7a8378492496: start LeaderElection
s3g_1       | 	at org.glassfish.jersey.internal.inject.Injections.getOrCreate(Injections.java:129)
kdc_1       | Oct 13 19:53:24 kdc kadmind[15](Notice): Request: kadm5_init, admin/admin@EXAMPLE.COM, success, client=admin/admin@EXAMPLE.COM, service=kadmin/admin@EXAMPLE.COM, addr=127.0.0.1, vers=4, flavor=6
datanode_1  | 2019-10-13 19:53:48,966 INFO impl.LeaderElection: 50f3886c-19e6-4381-ba66-f3fbe440c1eb@group-3DF65C46F91B-LeaderElection2: Election REJECTED; received 2 response(s) [50f3886c-19e6-4381-ba66-f3fbe440c1eb<-c23259d6-4eed-45d7-926a-7a8378492496#0:FAIL-t1, 50f3886c-19e6-4381-ba66-f3fbe440c1eb<-8c575118-1ba6-4e5c-a09d-e9881325c364#0:FAIL-t1] and 0 exception(s); 50f3886c-19e6-4381-ba66-f3fbe440c1eb@group-3DF65C46F91B:t1, leader=null, voted=50f3886c-19e6-4381-ba66-f3fbe440c1eb, raftlog=50f3886c-19e6-4381-ba66-f3fbe440c1eb@group-3DF65C46F91B-SegmentedRaftLog:OPENED:c-1,f-1,i0, conf=-1: [50f3886c-19e6-4381-ba66-f3fbe440c1eb:172.18.0.4:9858, c23259d6-4eed-45d7-926a-7a8378492496:172.18.0.7:9858, 8c575118-1ba6-4e5c-a09d-e9881325c364:172.18.0.3:9858], old=null
datanode_3  | 2019-10-13 19:53:49,108 INFO impl.RoleInfo: 8c575118-1ba6-4e5c-a09d-e9881325c364: shutdown LeaderElection
om_1        | 2019-10-13 19:55:10,266 INFO authorize.ServiceAuthorizationManager: Authorization successful for testuser/scm@EXAMPLE.COM (auth:KERBEROS) for protocol=interface org.apache.hadoop.ozone.om.protocol.OzoneManagerProtocol
scm_1       | 2019-10-13 19:58:41,229 INFO server.SCMBlockProtocolServer: SCM is informed by OM to delete 1 blocks
datanode_2  | 2019-10-13 19:53:48,752 INFO impl.LeaderElection: c23259d6-4eed-45d7-926a-7a8378492496@group-3DF65C46F91B-LeaderElection2: begin an election at term 1 for -1: [50f3886c-19e6-4381-ba66-f3fbe440c1eb:172.18.0.4:9858, c23259d6-4eed-45d7-926a-7a8378492496:172.18.0.7:9858, 8c575118-1ba6-4e5c-a09d-e9881325c364:172.18.0.3:9858], old=null
s3g_1       | 	at org.glassfish.jersey.server.model.MethodHandler$ClassBasedMethodHandler.getInstance(MethodHandler.java:284)
kdc_1       | Oct 13 19:53:24 kdc kadmind[15](Notice): Request: kadm5_get_policy, default, Policy does not exist, client=admin/admin@EXAMPLE.COM, service=kadmin/admin@EXAMPLE.COM, addr=127.0.0.1
datanode_1  | 2019-10-13 19:53:48,968 INFO impl.RaftServerImpl: 50f3886c-19e6-4381-ba66-f3fbe440c1eb@group-3DF65C46F91B: changes role from CANDIDATE to FOLLOWER at term 1 for DISCOVERED_A_NEW_TERM
om_1        | 2019-10-13 19:55:12,913 INFO ipc.Server: Auth successful for testuser/scm@EXAMPLE.COM (auth:KERBEROS)
datanode_3  | 2019-10-13 19:53:49,109 INFO impl.RoleInfo: 8c575118-1ba6-4e5c-a09d-e9881325c364: start FollowerState
scm_1       | 2019-10-13 19:58:41,229 INFO block.BlockManagerImpl: Deleting blocks conID: 7 locID: 102956836021010560 bcsId: 0
datanode_2  | 2019-10-13 19:53:48,959 INFO impl.LeaderElection: c23259d6-4eed-45d7-926a-7a8378492496@group-3DF65C46F91B-LeaderElection2: Election REJECTED; received 2 response(s) [c23259d6-4eed-45d7-926a-7a8378492496<-50f3886c-19e6-4381-ba66-f3fbe440c1eb#0:FAIL-t1, c23259d6-4eed-45d7-926a-7a8378492496<-8c575118-1ba6-4e5c-a09d-e9881325c364#0:FAIL-t1] and 0 exception(s); c23259d6-4eed-45d7-926a-7a8378492496@group-3DF65C46F91B:t1, leader=null, voted=c23259d6-4eed-45d7-926a-7a8378492496, raftlog=c23259d6-4eed-45d7-926a-7a8378492496@group-3DF65C46F91B-SegmentedRaftLog:OPENED:c-1,f-1,i0, conf=-1: [50f3886c-19e6-4381-ba66-f3fbe440c1eb:172.18.0.4:9858, c23259d6-4eed-45d7-926a-7a8378492496:172.18.0.7:9858, 8c575118-1ba6-4e5c-a09d-e9881325c364:172.18.0.3:9858], old=null
s3g_1       | 	at org.glassfish.jersey.server.internal.routing.PushMethodHandlerRouter.apply(PushMethodHandlerRouter.java:75)
kdc_1       | Principal "scm/scm@EXAMPLE.COM" created.
datanode_1  | 2019-10-13 19:53:48,968 INFO impl.RoleInfo: 50f3886c-19e6-4381-ba66-f3fbe440c1eb: shutdown LeaderElection
om_1        | 2019-10-13 19:55:12,924 INFO authorize.ServiceAuthorizationManager: Authorization successful for testuser/scm@EXAMPLE.COM (auth:KERBEROS) for protocol=interface org.apache.hadoop.ozone.om.protocol.OzoneManagerProtocol
datanode_3  | 2019-10-13 19:53:54,064 INFO impl.RaftServerImpl: 8c575118-1ba6-4e5c-a09d-e9881325c364@group-3DF65C46F91B: changes role from  FOLLOWER to FOLLOWER at term 2 for recognizeCandidate:50f3886c-19e6-4381-ba66-f3fbe440c1eb
scm_1       | 2019-10-13 19:58:41,315 INFO container.ReplicationManager: Starting Replication Monitor Thread.
datanode_2  | 2019-10-13 19:53:48,960 INFO impl.RaftServerImpl: c23259d6-4eed-45d7-926a-7a8378492496@group-3DF65C46F91B: changes role from CANDIDATE to FOLLOWER at term 1 for DISCOVERED_A_NEW_TERM
s3g_1       | 	at org.glassfish.jersey.server.internal.routing.RoutingStage._apply(RoutingStage.java:110)
kdc_1       | Authenticating as principal admin/admin with keytab /tmp/admin.keytab.
datanode_1  | 2019-10-13 19:53:48,968 INFO impl.RoleInfo: 50f3886c-19e6-4381-ba66-f3fbe440c1eb: start FollowerState
om_1        | 2019-10-13 19:55:15,406 INFO ipc.Server: Auth successful for testuser/scm@EXAMPLE.COM (auth:KERBEROS)
datanode_3  | 2019-10-13 19:53:54,064 INFO impl.RoleInfo: 8c575118-1ba6-4e5c-a09d-e9881325c364: shutdown FollowerState
datanode_2  | 2019-10-13 19:53:48,960 INFO impl.RoleInfo: c23259d6-4eed-45d7-926a-7a8378492496: shutdown LeaderElection
s3g_1       | 	at org.glassfish.jersey.server.internal.routing.RoutingStage._apply(RoutingStage.java:113)
scm_1       | 2019-10-13 19:58:41,330 INFO container.ReplicationManager: Replication Monitor Thread took 8 milliseconds for processing 7 containers.
datanode_1  | 2019-10-13 19:53:54,009 INFO impl.FollowerState: 50f3886c-19e6-4381-ba66-f3fbe440c1eb@group-3DF65C46F91B-FollowerState: change to CANDIDATE, lastRpcTime:5041ms, electionTimeout:5041ms
om_1        | 2019-10-13 19:55:15,416 INFO authorize.ServiceAuthorizationManager: Authorization successful for testuser/scm@EXAMPLE.COM (auth:KERBEROS) for protocol=interface org.apache.hadoop.ozone.om.protocol.OzoneManagerProtocol
datanode_3  | 2019-10-13 19:53:54,064 INFO impl.RoleInfo: 8c575118-1ba6-4e5c-a09d-e9881325c364: start FollowerState
datanode_2  | 2019-10-13 19:53:48,961 INFO impl.RoleInfo: c23259d6-4eed-45d7-926a-7a8378492496: start FollowerState
kdc_1       | Entry for principal scm/scm@EXAMPLE.COM with kvno 2, encryption type aes256-cts-hmac-sha1-96 added to keytab WRFILE:/data/scm.scm.keytab.
s3g_1       | 	at org.glassfish.jersey.server.internal.routing.RoutingStage._apply(RoutingStage.java:113)
scm_1       | 2019-10-13 19:58:45,078 INFO ipc.Server: Auth successful for dn/a4a4721ea9fe@EXAMPLE.COM (auth:KERBEROS)
datanode_1  | 2019-10-13 19:53:54,011 INFO impl.RoleInfo: 50f3886c-19e6-4381-ba66-f3fbe440c1eb: shutdown FollowerState
om_1        | 2019-10-13 19:55:17,883 INFO ipc.Server: Auth successful for testuser/scm@EXAMPLE.COM (auth:KERBEROS)
datanode_3  | 2019-10-13 19:53:54,064 INFO impl.FollowerState: 8c575118-1ba6-4e5c-a09d-e9881325c364@group-3DF65C46F91B-FollowerState was interrupted: java.lang.InterruptedException: sleep interrupted
datanode_2  | 2019-10-13 19:53:54,067 INFO impl.RaftServerImpl: c23259d6-4eed-45d7-926a-7a8378492496@group-3DF65C46F91B: changes role from  FOLLOWER to FOLLOWER at term 2 for recognizeCandidate:50f3886c-19e6-4381-ba66-f3fbe440c1eb
kdc_1       | Entry for principal scm/scm@EXAMPLE.COM with kvno 2, encryption type aes128-cts-hmac-sha1-96 added to keytab WRFILE:/data/scm.scm.keytab.
s3g_1       | 	at org.glassfish.jersey.server.internal.routing.RoutingStage._apply(RoutingStage.java:113)
scm_1       | 2019-10-13 19:58:45,081 INFO authorize.ServiceAuthorizationManager: Authorization successful for dn/a4a4721ea9fe@EXAMPLE.COM (auth:KERBEROS) for protocol=interface org.apache.hadoop.ozone.protocol.StorageContainerDatanodeProtocol
datanode_1  | 2019-10-13 19:53:54,011 INFO impl.RaftServerImpl: 50f3886c-19e6-4381-ba66-f3fbe440c1eb@group-3DF65C46F91B: changes role from  FOLLOWER to CANDIDATE at term 1 for changeToCandidate
om_1        | 2019-10-13 19:55:17,895 INFO authorize.ServiceAuthorizationManager: Authorization successful for testuser/scm@EXAMPLE.COM (auth:KERBEROS) for protocol=interface org.apache.hadoop.ozone.om.protocol.OzoneManagerProtocol
datanode_3  | 2019-10-13 19:53:54,171 INFO impl.RaftServerImpl: 8c575118-1ba6-4e5c-a09d-e9881325c364@group-3DF65C46F91B: change Leader from null to 50f3886c-19e6-4381-ba66-f3fbe440c1eb at term 2 for appendEntries, leader elected after 10466ms
datanode_2  | 2019-10-13 19:53:54,068 INFO impl.RoleInfo: c23259d6-4eed-45d7-926a-7a8378492496: shutdown FollowerState
kdc_1       | Generiting keytab
s3g_1       | 	at org.glassfish.jersey.server.internal.routing.RoutingStage.apply(RoutingStage.java:93)
scm_1       | 2019-10-13 19:58:55,042 INFO ipc.Server: Auth successful for dn/9eda413d9b96@EXAMPLE.COM (auth:KERBEROS)
datanode_1  | 2019-10-13 19:53:54,012 INFO impl.RoleInfo: 50f3886c-19e6-4381-ba66-f3fbe440c1eb: start LeaderElection
om_1        | 2019-10-13 19:55:20,281 INFO ipc.Server: Auth successful for testuser/scm@EXAMPLE.COM (auth:KERBEROS)
datanode_3  | 2019-10-13 19:53:54,190 INFO impl.RaftServerImpl: 8c575118-1ba6-4e5c-a09d-e9881325c364@group-3DF65C46F91B: set configuration 0: [50f3886c-19e6-4381-ba66-f3fbe440c1eb:172.18.0.4:9858, c23259d6-4eed-45d7-926a-7a8378492496:172.18.0.7:9858, 8c575118-1ba6-4e5c-a09d-e9881325c364:172.18.0.3:9858], old=null at 0
datanode_2  | 2019-10-13 19:53:54,068 INFO impl.RoleInfo: c23259d6-4eed-45d7-926a-7a8378492496: start FollowerState
kdc_1       | Authenticating as principal admin/admin with keytab /tmp/admin.keytab.
s3g_1       | 	at org.glassfish.jersey.server.internal.routing.RoutingStage.apply(RoutingStage.java:62)
scm_1       | 2019-10-13 19:58:55,045 INFO authorize.ServiceAuthorizationManager: Authorization successful for dn/9eda413d9b96@EXAMPLE.COM (auth:KERBEROS) for protocol=interface org.apache.hadoop.ozone.protocol.StorageContainerDatanodeProtocol
datanode_1  | 2019-10-13 19:53:54,028 INFO impl.LeaderElection: 50f3886c-19e6-4381-ba66-f3fbe440c1eb@group-3DF65C46F91B-LeaderElection3: begin an election at term 2 for -1: [50f3886c-19e6-4381-ba66-f3fbe440c1eb:172.18.0.4:9858, c23259d6-4eed-45d7-926a-7a8378492496:172.18.0.7:9858, 8c575118-1ba6-4e5c-a09d-e9881325c364:172.18.0.3:9858], old=null
om_1        | 2019-10-13 19:55:20,292 INFO authorize.ServiceAuthorizationManager: Authorization successful for testuser/scm@EXAMPLE.COM (auth:KERBEROS) for protocol=interface org.apache.hadoop.ozone.om.protocol.OzoneManagerProtocol
datanode_3  | 2019-10-13 19:53:54,191 INFO segmented.SegmentedRaftLogWorker: 8c575118-1ba6-4e5c-a09d-e9881325c364@group-3DF65C46F91B-SegmentedRaftLogWorker: Starting segment from index:0
datanode_2  | 2019-10-13 19:53:54,068 INFO impl.FollowerState: c23259d6-4eed-45d7-926a-7a8378492496@group-3DF65C46F91B-FollowerState was interrupted: java.lang.InterruptedException: sleep interrupted
kdc_1       | WARNING: no policy specified for HTTP/9eda413d9b96@EXAMPLE.COM; defaulting to no policy
s3g_1       | 	at org.glassfish.jersey.process.internal.Stages.process(Stages.java:197)
scm_1       | 2019-10-13 19:58:58,785 INFO ipc.Server: Auth successful for dn/6e54b4115416@EXAMPLE.COM (auth:KERBEROS)
datanode_1  | 2019-10-13 19:53:54,097 INFO impl.LeaderElection: 50f3886c-19e6-4381-ba66-f3fbe440c1eb@group-3DF65C46F91B-LeaderElection3: Election PASSED; received 1 response(s) [50f3886c-19e6-4381-ba66-f3fbe440c1eb<-8c575118-1ba6-4e5c-a09d-e9881325c364#0:OK-t2] and 0 exception(s); 50f3886c-19e6-4381-ba66-f3fbe440c1eb@group-3DF65C46F91B:t2, leader=null, voted=50f3886c-19e6-4381-ba66-f3fbe440c1eb, raftlog=50f3886c-19e6-4381-ba66-f3fbe440c1eb@group-3DF65C46F91B-SegmentedRaftLog:OPENED:c-1,f-1,i0, conf=-1: [50f3886c-19e6-4381-ba66-f3fbe440c1eb:172.18.0.4:9858, c23259d6-4eed-45d7-926a-7a8378492496:172.18.0.7:9858, 8c575118-1ba6-4e5c-a09d-e9881325c364:172.18.0.3:9858], old=null
datanode_3  | 2019-10-13 19:53:54,229 INFO segmented.SegmentedRaftLogWorker: 8c575118-1ba6-4e5c-a09d-e9881325c364@group-3DF65C46F91B-SegmentedRaftLogWorker: created new log segment /data/metadata/ratis/2fbe8c17-a00c-462a-aa75-3df65c46f91b/current/log_inprogress_0
datanode_2  | 2019-10-13 19:53:54,170 INFO impl.RaftServerImpl: c23259d6-4eed-45d7-926a-7a8378492496@group-3DF65C46F91B: change Leader from null to 50f3886c-19e6-4381-ba66-f3fbe440c1eb at term 2 for appendEntries, leader elected after 10488ms
kdc_1       | Principal "HTTP/9eda413d9b96@EXAMPLE.COM" created.
om_1        | 2019-10-13 19:55:22,787 INFO ipc.Server: Auth successful for testuser/scm@EXAMPLE.COM (auth:KERBEROS)
s3g_1       | 	at org.glassfish.jersey.server.ServerRuntime$1.run(ServerRuntime.java:269)
scm_1       | 2019-10-13 19:58:58,789 INFO authorize.ServiceAuthorizationManager: Authorization successful for dn/6e54b4115416@EXAMPLE.COM (auth:KERBEROS) for protocol=interface org.apache.hadoop.ozone.protocol.StorageContainerDatanodeProtocol
datanode_1  | 2019-10-13 19:53:54,098 INFO impl.RoleInfo: 50f3886c-19e6-4381-ba66-f3fbe440c1eb: shutdown LeaderElection
datanode_3  | 2019-10-13 19:56:28,310 INFO client.DNCertificateClient: Getting certificate with certSerialId:11343175160906335.
datanode_2  | 2019-10-13 19:53:54,191 INFO impl.RaftServerImpl: c23259d6-4eed-45d7-926a-7a8378492496@group-3DF65C46F91B: set configuration 0: [50f3886c-19e6-4381-ba66-f3fbe440c1eb:172.18.0.4:9858, c23259d6-4eed-45d7-926a-7a8378492496:172.18.0.7:9858, 8c575118-1ba6-4e5c-a09d-e9881325c364:172.18.0.3:9858], old=null at 0
kdc_1       | Authenticating as principal admin/admin with keytab /tmp/admin.keytab.
om_1        | 2019-10-13 19:55:22,796 INFO authorize.ServiceAuthorizationManager: Authorization successful for testuser/scm@EXAMPLE.COM (auth:KERBEROS) for protocol=interface org.apache.hadoop.ozone.om.protocol.OzoneManagerProtocol
s3g_1       | 	at org.glassfish.jersey.internal.Errors$1.call(Errors.java:272)
scm_1       | 2019-10-13 19:59:01,194 INFO ipc.Server: Auth successful for om/om@EXAMPLE.COM (auth:KERBEROS)
datanode_1  | 2019-10-13 19:53:54,099 INFO impl.RaftServerImpl: 50f3886c-19e6-4381-ba66-f3fbe440c1eb@group-3DF65C46F91B: changes role from CANDIDATE to LEADER at term 2 for changeToLeader
datanode_3  | 2019-10-13 19:56:29,425 WARN client.GrpcClientProtocolService: 0-OrderedRequestStreamObserver0: onError: org.apache.ratis.thirdparty.io.grpc.StatusRuntimeException: CANCELLED: cancelled before receiving half close
datanode_2  | 2019-10-13 19:53:54,191 INFO segmented.SegmentedRaftLogWorker: c23259d6-4eed-45d7-926a-7a8378492496@group-3DF65C46F91B-SegmentedRaftLogWorker: Starting segment from index:0
kdc_1       | Entry for principal HTTP/9eda413d9b96@EXAMPLE.COM with kvno 2, encryption type aes256-cts-hmac-sha1-96 added to keytab WRFILE:/data/HTTP.9eda413d9b96.keytab.
om_1        | 2019-10-13 19:55:25,397 INFO ipc.Server: Auth successful for testuser/scm@EXAMPLE.COM (auth:KERBEROS)
s3g_1       | 	at org.glassfish.jersey.internal.Errors$1.call(Errors.java:268)
scm_1       | 2019-10-13 19:59:01,195 INFO authorize.ServiceAuthorizationManager: Authorization successful for om/om@EXAMPLE.COM (auth:KERBEROS) for protocol=interface org.apache.hadoop.hdds.scm.protocol.ScmBlockLocationProtocol
datanode_1  | 2019-10-13 19:53:54,099 INFO impl.RaftServerImpl: 50f3886c-19e6-4381-ba66-f3fbe440c1eb@group-3DF65C46F91B: change Leader from null to 50f3886c-19e6-4381-ba66-f3fbe440c1eb at term 2 for becomeLeader, leader elected after 10394ms
datanode_2  | 2019-10-13 19:53:54,229 INFO segmented.SegmentedRaftLogWorker: c23259d6-4eed-45d7-926a-7a8378492496@group-3DF65C46F91B-SegmentedRaftLogWorker: created new log segment /data/metadata/ratis/2fbe8c17-a00c-462a-aa75-3df65c46f91b/current/log_inprogress_0
kdc_1       | Entry for principal HTTP/9eda413d9b96@EXAMPLE.COM with kvno 2, encryption type aes128-cts-hmac-sha1-96 added to keytab WRFILE:/data/HTTP.9eda413d9b96.keytab.
om_1        | 2019-10-13 19:55:25,406 INFO authorize.ServiceAuthorizationManager: Authorization successful for testuser/scm@EXAMPLE.COM (auth:KERBEROS) for protocol=interface org.apache.hadoop.ozone.om.protocol.OzoneManagerProtocol
s3g_1       | 	at org.glassfish.jersey.internal.Errors.process(Errors.java:316)
scm_1       | 2019-10-13 19:59:15,085 INFO ipc.Server: Auth successful for dn/a4a4721ea9fe@EXAMPLE.COM (auth:KERBEROS)
datanode_1  | 2019-10-13 19:53:54,099 INFO server.RaftServerConfigKeys: raft.server.staging.catchup.gap = 1000 (default)
datanode_2  | 2019-10-13 19:54:03,700 INFO client.DNCertificateClient: Getting certificate with certSerialId:11343175160906335.
kdc_1       | Generiting keytab
om_1        | 2019-10-13 19:55:27,953 INFO ipc.Server: Auth successful for testuser/scm@EXAMPLE.COM (auth:KERBEROS)
s3g_1       | 	at org.glassfish.jersey.internal.Errors.process(Errors.java:298)
scm_1       | 2019-10-13 19:59:15,101 INFO authorize.ServiceAuthorizationManager: Authorization successful for dn/a4a4721ea9fe@EXAMPLE.COM (auth:KERBEROS) for protocol=interface org.apache.hadoop.ozone.protocol.StorageContainerDatanodeProtocol
datanode_1  | 2019-10-13 19:53:54,099 INFO server.RaftServerConfigKeys: raft.server.rpc.sleep.time = 25ms (default)
datanode_2  | 2019-10-13 19:54:38,397 WARN client.GrpcClientProtocolService: 0-OrderedRequestStreamObserver0: onError: org.apache.ratis.thirdparty.io.grpc.StatusRuntimeException: CANCELLED: cancelled before receiving half close
kdc_1       | Authenticating as principal admin/admin with keytab /tmp/admin.keytab.
om_1        | 2019-10-13 19:55:27,963 INFO authorize.ServiceAuthorizationManager: Authorization successful for testuser/scm@EXAMPLE.COM (auth:KERBEROS) for protocol=interface org.apache.hadoop.ozone.om.protocol.OzoneManagerProtocol
s3g_1       | 	at org.glassfish.jersey.internal.Errors.process(Errors.java:268)
datanode_1  | 2019-10-13 19:53:54,099 INFO server.RaftServerConfigKeys: raft.server.write.element-limit = 4096 (default)
scm_1       | 2019-10-13 19:59:28,806 INFO ipc.Server: Auth successful for dn/6e54b4115416@EXAMPLE.COM (auth:KERBEROS)
datanode_2  | 2019-10-13 19:55:45,601 WARN client.GrpcClientProtocolService: 1-OrderedRequestStreamObserver1: onError: org.apache.ratis.thirdparty.io.grpc.StatusRuntimeException: CANCELLED: cancelled before receiving half close
kdc_1       | WARNING: no policy specified for om/6e54b4115416@EXAMPLE.COM; defaulting to no policy
om_1        | 2019-10-13 19:55:28,557 [IPC Server handler 7 on 9862] ERROR      - Add acl [user:superuser1:rwxy[ACCESS]] to path /90571-rpcwoport2/bb1 failed, because acl already exist
s3g_1       | 	at org.glassfish.jersey.process.internal.RequestScope.runInScope(RequestScope.java:289)
datanode_1  | 2019-10-13 19:53:54,099 INFO server.RaftServerConfigKeys: raft.server.watch.timeout = 10s (default)
scm_1       | 2019-10-13 19:59:28,816 INFO authorize.ServiceAuthorizationManager: Authorization successful for dn/6e54b4115416@EXAMPLE.COM (auth:KERBEROS) for protocol=interface org.apache.hadoop.ozone.protocol.StorageContainerDatanodeProtocol
kdc_1       | Principal "om/6e54b4115416@EXAMPLE.COM" created.
om_1        | 2019-10-13 19:55:30,461 INFO ipc.Server: Auth successful for testuser/scm@EXAMPLE.COM (auth:KERBEROS)
scm_1       | 2019-10-13 19:59:32,475 INFO ipc.Server: Auth successful for dn/9eda413d9b96@EXAMPLE.COM (auth:KERBEROS)
s3g_1       | 	at org.glassfish.jersey.server.ServerRuntime.process(ServerRuntime.java:256)
kdc_1       | Authenticating as principal admin/admin with keytab /tmp/admin.keytab.
datanode_1  | 2019-10-13 19:53:54,100 INFO server.RaftServerConfigKeys: raft.server.watch.timeout.denomination = 1s (default)
om_1        | 2019-10-13 19:55:30,471 INFO authorize.ServiceAuthorizationManager: Authorization successful for testuser/scm@EXAMPLE.COM (auth:KERBEROS) for protocol=interface org.apache.hadoop.ozone.om.protocol.OzoneManagerProtocol
scm_1       | 2019-10-13 19:59:32,477 INFO authorize.ServiceAuthorizationManager: Authorization successful for dn/9eda413d9b96@EXAMPLE.COM (auth:KERBEROS) for protocol=interface org.apache.hadoop.ozone.protocol.StorageContainerDatanodeProtocol
s3g_1       | 	at org.glassfish.jersey.server.ApplicationHandler.handle(ApplicationHandler.java:703)
kdc_1       | Entry for principal om/6e54b4115416@EXAMPLE.COM with kvno 2, encryption type aes256-cts-hmac-sha1-96 added to keytab WRFILE:/data/om.6e54b4115416.keytab.
datanode_1  | 2019-10-13 19:53:54,100 INFO server.RaftServerConfigKeys: raft.server.watch.element-limit = 65536 (default)
om_1        | 2019-10-13 19:55:33,060 INFO ipc.Server: Auth successful for testuser/scm@EXAMPLE.COM (auth:KERBEROS)
scm_1       | 2019-10-13 19:59:45,081 INFO ipc.Server: Auth successful for dn/a4a4721ea9fe@EXAMPLE.COM (auth:KERBEROS)
s3g_1       | 	at org.glassfish.jersey.servlet.WebComponent.serviceImpl(WebComponent.java:416)
kdc_1       | Entry for principal om/6e54b4115416@EXAMPLE.COM with kvno 2, encryption type aes128-cts-hmac-sha1-96 added to keytab WRFILE:/data/om.6e54b4115416.keytab.
datanode_1  | 2019-10-13 19:53:54,106 INFO server.RaftServerConfigKeys: raft.server.log.appender.snapshot.chunk.size.max = 16MB (=16777216) (default)
om_1        | 2019-10-13 19:55:33,069 INFO authorize.ServiceAuthorizationManager: Authorization successful for testuser/scm@EXAMPLE.COM (auth:KERBEROS) for protocol=interface org.apache.hadoop.ozone.om.protocol.OzoneManagerProtocol
s3g_1       | 	at org.glassfish.jersey.servlet.WebComponent.service(WebComponent.java:370)
