Attaching to ozonesecure-mr_rm_1, ozonesecure-mr_nm_1, ozonesecure-mr_kms_1, jhs, ozonesecure-mr_s3g_1, ozonesecure-mr_kdc_1, ozonesecure-mr_scm_1, ozonesecure-mr_datanode_3, ozonesecure-mr_datanode_1, ozonesecure-mr_om_1, ozonesecure-mr_datanode_2
rm_1        | Sleeping for 5 seconds
rm_1        | Setting up kerberos!!
rm_1        | KDC ISSUER_SERVER => kdc:8081
rm_1        | /opt/starter.sh: line 66: SLEEP_SECONDS: command not found
rm_1        | Sleeping for  seconds
rm_1        | Got 200, KDC service ready!!
rm_1        | Download dn/rm@EXAMPLE.COM keytab file to /etc/security/keytabs/dn.keytab
rm_1        | --2019-10-10 18:23:33--  http://kdc:8081/keytab/rm/dn
rm_1        | Resolving kdc (kdc)... 172.18.0.7
rm_1        | Connecting to kdc (kdc)|172.18.0.7|:8081... connected.
rm_1        | HTTP request sent, awaiting response... 200 OK
rm_1        | Length: 138 [application/octet-stream]
rm_1        | Saving to: '/etc/security/keytabs/dn.keytab'
nm_1        | Sleeping for 5 seconds
nm_1        | Setting up kerberos!!
rm_1        | 
nm_1        | KDC ISSUER_SERVER => kdc:8081
rm_1        |      0K                                                       100% 16.4M=0s
nm_1        | /opt/starter.sh: line 66: SLEEP_SECONDS: command not found
rm_1        | 
nm_1        | Sleeping for  seconds
kms_1       | Sleeping for 5 seconds
s3g_1       | Sleeping for 5 seconds
rm_1        | 2019-10-10 18:23:34 (16.4 MB/s) - '/etc/security/keytabs/dn.keytab' saved [138/138]
nm_1        | Got 200, KDC service ready!!
kms_1       | Setting up kerberos!!
s3g_1       | Setting up kerberos!!
rm_1        | 
kdc_1       | Issuer is listening on : 8081krb5kdc: starting...
nm_1        | Download dn/nm@EXAMPLE.COM keytab file to /etc/security/keytabs/dn.keytab
kms_1       | KDC ISSUER_SERVER => kdc:8081
jhs         | Sleeping for 5 seconds
s3g_1       | KDC ISSUER_SERVER => kdc:8081
datanode_3  | Sleeping for 5 seconds
rm_1        | Keytab name: FILE:/etc/security/keytabs/dn.keytab
om_1        | Sleeping for 5 seconds
kdc_1       | kadmind: starting...
nm_1        | --2019-10-10 18:23:34--  http://kdc:8081/keytab/nm/dn
kms_1       | /opt/starter.sh: line 66: SLEEP_SECONDS: command not found
jhs         | Setting up kerberos!!
s3g_1       | Sleeping for 5 seconds
datanode_3  | Setting up kerberos!!
datanode_2  | Sleeping for 5 seconds
om_1        | Setting up kerberos!!
kdc_1       | otp: Loaded
rm_1        | KVNO Timestamp         Principal
nm_1        | Resolving kdc (kdc)... 172.18.0.7
scm_1       | Sleeping for 5 seconds
datanode_1  | Sleeping for 5 seconds
kms_1       | Sleeping for  seconds
jhs         | KDC ISSUER_SERVER => kdc:8081
s3g_1       | Got 200, KDC service ready!!
datanode_3  | KDC ISSUER_SERVER => kdc:8081
datanode_2  | Setting up kerberos!!
om_1        | KDC ISSUER_SERVER => kdc:8081
kdc_1       | Oct 10 18:23:22 kdc krb5kdc[9](info): setting up network...
rm_1        | ---- ----------------- --------------------------------------------------------
scm_1       | Setting up kerberos!!
nm_1        | Connecting to kdc (kdc)|172.18.0.7|:8081... connected.
datanode_1  | Setting up kerberos!!
kms_1       | Got 200, KDC service ready!!
jhs         | /opt/starter.sh: line 66: SLEEP_SECONDS: command not found
datanode_3  | Sleeping for 5 seconds
datanode_2  | KDC ISSUER_SERVER => kdc:8081
s3g_1       | Download dn/s3g@EXAMPLE.COM keytab file to /etc/security/keytabs/dn.keytab
kdc_1       | krb5kdc: setsockopt(9,IPV6_V6ONLY,1) worked
om_1        | Sleeping for 5 seconds
scm_1       | KDC ISSUER_SERVER => kdc:8081
nm_1        | HTTP request sent, awaiting response... 200 OK
rm_1        |    2 10/10/19 18:23:34 dn/rm@EXAMPLE.COM
datanode_1  | KDC ISSUER_SERVER => kdc:8081
kms_1       | Download dn/f013c6420a08@EXAMPLE.COM keytab file to /etc/security/keytabs/dn.keytab
jhs         | Sleeping for  seconds
datanode_3  | Got 200, KDC service ready!!
datanode_2  | Sleeping for 5 seconds
s3g_1       | --2019-10-10 18:23:33--  http://kdc:8081/keytab/s3g/dn
kdc_1       | krb5kdc: setsockopt(11,IPV6_V6ONLY,1) worked
om_1        | Got 200, KDC service ready!!
scm_1       | Sleeping for 5 seconds
nm_1        | Length: 138 [application/octet-stream]
rm_1        |    2 10/10/19 18:23:34 dn/rm@EXAMPLE.COM
datanode_1  | Sleeping for 5 seconds
kms_1       | --2019-10-10 18:23:32--  http://kdc:8081/keytab/f013c6420a08/dn
jhs         | Got 200, KDC service ready!!
datanode_2  | Got 200, KDC service ready!!
s3g_1       | Resolving kdc (kdc)... 172.18.0.7
kdc_1       | Oct 10 18:23:22 kdc krb5kdc[9](info): set up 4 sockets
datanode_3  | Download dn/61839cff4e7d@EXAMPLE.COM keytab file to /etc/security/keytabs/dn.keytab
om_1        | Download dn/om@EXAMPLE.COM keytab file to /etc/security/keytabs/dn.keytab
scm_1       | Got 200, KDC service ready!!
rm_1        | Download om/rm@EXAMPLE.COM keytab file to /etc/security/keytabs/om.keytab
datanode_1  | Got 200, KDC service ready!!
jhs         | Download dn/jhs@EXAMPLE.COM keytab file to /etc/security/keytabs/dn.keytab
nm_1        | Saving to: '/etc/security/keytabs/dn.keytab'
kms_1       | Resolving kdc (kdc)... 172.18.0.7
datanode_2  | Download dn/5a35d8606bb4@EXAMPLE.COM keytab file to /etc/security/keytabs/dn.keytab
s3g_1       | Connecting to kdc (kdc)|172.18.0.7|:8081... connected.
kdc_1       | Oct 10 18:23:22 kdc krb5kdc[9](info): commencing operation
datanode_3  | --2019-10-10 18:23:32--  http://kdc:8081/keytab/61839cff4e7d/dn
om_1        | --2019-10-10 18:23:31--  http://kdc:8081/keytab/om/dn
scm_1       | Download dn/scm@EXAMPLE.COM keytab file to /etc/security/keytabs/dn.keytab
rm_1        | --2019-10-10 18:23:34--  http://kdc:8081/keytab/rm/om
datanode_1  | Download dn/1f383803a652@EXAMPLE.COM keytab file to /etc/security/keytabs/dn.keytab
jhs         | --2019-10-10 18:23:32--  http://kdc:8081/keytab/jhs/dn
nm_1        | 
kms_1       | Connecting to kdc (kdc)|172.18.0.7|:8081... connected.
datanode_2  | --2019-10-10 18:23:31--  http://kdc:8081/keytab/5a35d8606bb4/dn
s3g_1       | HTTP request sent, awaiting response... 200 OK
kdc_1       | Oct 10 18:22:31 5160d3e3da17 kadmin.local[1](info): No dictionary file specified, continuing without one.
datanode_3  | Resolving kdc (kdc)... 172.18.0.7
om_1        | Resolving kdc (kdc)... 172.18.0.7
scm_1       | --2019-10-10 18:23:32--  http://kdc:8081/keytab/scm/dn
rm_1        | Resolving kdc (kdc)... 172.18.0.7
datanode_1  | --2019-10-10 18:23:32--  http://kdc:8081/keytab/1f383803a652/dn
jhs         | Resolving kdc (kdc)... 172.18.0.7
nm_1        |      0K                                                       100% 9.61M=0s
kms_1       | HTTP request sent, awaiting response... 200 OK
datanode_2  | Resolving kdc (kdc)... 172.18.0.7
s3g_1       | Length: 140 [application/octet-stream]
kdc_1       | Oct 10 18:22:32 b985244d8288 kadmin.local[1](info): No dictionary file specified, continuing without one.
datanode_3  | Connecting to kdc (kdc)|172.18.0.7|:8081... connected.
om_1        | Connecting to kdc (kdc)|172.18.0.7|:8081... connected.
scm_1       | Resolving kdc (kdc)... 172.18.0.7
rm_1        | Connecting to kdc (kdc)|172.18.0.7|:8081... connected.
datanode_1  | Resolving kdc (kdc)... 172.18.0.7
jhs         | Connecting to kdc (kdc)|172.18.0.7|:8081... connected.
kms_1       | Length: 158 [application/octet-stream]
datanode_2  | Connecting to kdc (kdc)|172.18.0.7|:8081... connected.
nm_1        | 
s3g_1       | Saving to: '/etc/security/keytabs/dn.keytab'
kdc_1       | Oct 10 18:23:26 kdc kadmind[15](info): No dictionary file specified, continuing without one.
om_1        | HTTP request sent, awaiting response... 200 OK
datanode_3  | HTTP request sent, awaiting response... 200 OK
scm_1       | Connecting to kdc (kdc)|172.18.0.7|:8081... connected.
rm_1        | HTTP request sent, awaiting response... 200 OK
datanode_1  | Connecting to kdc (kdc)|172.18.0.7|:8081... connected.
jhs         | HTTP request sent, awaiting response... 200 OK
kms_1       | Saving to: '/etc/security/keytabs/dn.keytab'
datanode_2  | HTTP request sent, awaiting response... 200 OK
nm_1        | 2019-10-10 18:23:35 (9.61 MB/s) - '/etc/security/keytabs/dn.keytab' saved [138/138]
s3g_1       | 
kdc_1       | Oct 10 18:23:26 kdc kadmind[15](info): setting up network...
om_1        | Length: 138 [application/octet-stream]
datanode_3  | Length: 158 [application/octet-stream]
scm_1       | HTTP request sent, awaiting response... 200 OK
rm_1        | Length: 138 [application/octet-stream]
datanode_1  | HTTP request sent, awaiting response... 200 OK
jhs         | Length: 140 [application/octet-stream]
kms_1       | 
datanode_2  | Length: 158 [application/octet-stream]
nm_1        | 
s3g_1       |      0K                                                       100% 12.2M=0s
kdc_1       | kadmind: setsockopt(9,IPV6_V6ONLY,1) worked
om_1        | Saving to: '/etc/security/keytabs/dn.keytab'
scm_1       | Length: 140 [application/octet-stream]
rm_1        | Saving to: '/etc/security/keytabs/om.keytab'
datanode_1  | Length: 158 [application/octet-stream]
datanode_3  | Saving to: '/etc/security/keytabs/dn.keytab'
jhs         | Saving to: '/etc/security/keytabs/dn.keytab'
kms_1       |      0K                                                       100% 11.9M=0s
datanode_2  | Saving to: '/etc/security/keytabs/dn.keytab'
nm_1        | Keytab name: FILE:/etc/security/keytabs/dn.keytab
s3g_1       | 
kdc_1       | kadmind: setsockopt(11,IPV6_V6ONLY,1) worked
om_1        | 
scm_1       | Saving to: '/etc/security/keytabs/dn.keytab'
rm_1        | 
datanode_1  | Saving to: '/etc/security/keytabs/dn.keytab'
datanode_3  | 
jhs         | 
kms_1       | 
datanode_2  | 
s3g_1       | 2019-10-10 18:23:34 (12.2 MB/s) - '/etc/security/keytabs/dn.keytab' saved [140/140]
nm_1        | KVNO Timestamp         Principal
kdc_1       | kadmind: setsockopt(13,IPV6_V6ONLY,1) worked
om_1        |      0K                                                       100% 10.1M=0s
scm_1       | 
rm_1        |      0K                                                       100% 7.67M=0s
datanode_1  | 
datanode_3  |      0K                                                       100% 13.0M=0s
jhs         |      0K                                                       100% 8.34M=0s
kms_1       | 2019-10-10 18:23:33 (11.9 MB/s) - '/etc/security/keytabs/dn.keytab' saved [158/158]
datanode_2  |      0K                                                       100% 11.1M=0s
s3g_1       | 
nm_1        | ---- ----------------- --------------------------------------------------------
kdc_1       | Oct 10 18:23:26 kdc kadmind[15](info): set up 6 sockets
om_1        | 
scm_1       |      0K                                                       100% 12.3M=0s
rm_1        | 
datanode_1  |      0K                                                       100% 14.3M=0s
datanode_3  | 
jhs         | 
datanode_2  | 
s3g_1       | Keytab name: FILE:/etc/security/keytabs/dn.keytab
kms_1       | 
nm_1        |    2 10/10/19 18:23:35 dn/nm@EXAMPLE.COM
kdc_1       | Oct 10 18:23:26 kdc kadmind[15](info): Seeding random number generator
om_1        | 2019-10-10 18:23:32 (10.1 MB/s) - '/etc/security/keytabs/dn.keytab' saved [138/138]
scm_1       | 
rm_1        | 2019-10-10 18:23:35 (7.67 MB/s) - '/etc/security/keytabs/om.keytab' saved [138/138]
datanode_1  | 
datanode_3  | 2019-10-10 18:23:32 (13.0 MB/s) - '/etc/security/keytabs/dn.keytab' saved [158/158]
datanode_2  | 2019-10-10 18:23:32 (11.1 MB/s) - '/etc/security/keytabs/dn.keytab' saved [158/158]
jhs         | 2019-10-10 18:23:33 (8.34 MB/s) - '/etc/security/keytabs/dn.keytab' saved [140/140]
kms_1       | Keytab name: FILE:/etc/security/keytabs/dn.keytab
s3g_1       | KVNO Timestamp         Principal
nm_1        |    2 10/10/19 18:23:35 dn/nm@EXAMPLE.COM
kdc_1       | Oct 10 18:23:26 kdc kadmind[15](info): starting
om_1        | 
scm_1       | 2019-10-10 18:23:32 (12.3 MB/s) - '/etc/security/keytabs/dn.keytab' saved [140/140]
rm_1        | 
datanode_1  | 2019-10-10 18:23:32 (14.3 MB/s) - '/etc/security/keytabs/dn.keytab' saved [158/158]
datanode_3  | 
datanode_2  | 
jhs         | 
kms_1       | KVNO Timestamp         Principal
s3g_1       | ---- ----------------- --------------------------------------------------------
nm_1        | Download om/nm@EXAMPLE.COM keytab file to /etc/security/keytabs/om.keytab
kdc_1       | Generiting keytab
om_1        | Keytab name: FILE:/etc/security/keytabs/dn.keytab
rm_1        | Keytab name: FILE:/etc/security/keytabs/om.keytab
scm_1       | 
datanode_1  | 
datanode_3  | Keytab name: FILE:/etc/security/keytabs/dn.keytab
datanode_2  | Keytab name: FILE:/etc/security/keytabs/dn.keytab
jhs         | Keytab name: FILE:/etc/security/keytabs/dn.keytab
kms_1       | ---- ----------------- --------------------------------------------------------
s3g_1       |    2 10/10/19 18:23:33 dn/s3g@EXAMPLE.COM
nm_1        | --2019-10-10 18:23:35--  http://kdc:8081/keytab/nm/om
kdc_1       | Authenticating as principal admin/admin with keytab /tmp/admin.keytab.
om_1        | KVNO Timestamp         Principal
scm_1       | Keytab name: FILE:/etc/security/keytabs/dn.keytab
rm_1        | KVNO Timestamp         Principal
datanode_1  | Keytab name: FILE:/etc/security/keytabs/dn.keytab
datanode_3  | KVNO Timestamp         Principal
datanode_2  | KVNO Timestamp         Principal
jhs         | KVNO Timestamp         Principal
kms_1       |    2 10/10/19 18:23:33 dn/f013c6420a08@EXAMPLE.COM
s3g_1       |    2 10/10/19 18:23:33 dn/s3g@EXAMPLE.COM
nm_1        | Resolving kdc (kdc)... 172.18.0.7
kdc_1       | WARNING: no policy specified for test/test@EXAMPLE.COM; defaulting to no policy
om_1        | ---- ----------------- --------------------------------------------------------
scm_1       | KVNO Timestamp         Principal
rm_1        | ---- ----------------- --------------------------------------------------------
datanode_1  | KVNO Timestamp         Principal
datanode_3  | ---- ----------------- --------------------------------------------------------
datanode_2  | ---- ----------------- --------------------------------------------------------
jhs         | ---- ----------------- --------------------------------------------------------
kms_1       |    2 10/10/19 18:23:33 dn/f013c6420a08@EXAMPLE.COM
s3g_1       | Download om/s3g@EXAMPLE.COM keytab file to /etc/security/keytabs/om.keytab
nm_1        | Connecting to kdc (kdc)|172.18.0.7|:8081... connected.
kdc_1       | Principal "test/test@EXAMPLE.COM" created.
om_1        |    2 10/10/19 18:23:32 dn/om@EXAMPLE.COM
scm_1       | ---- ----------------- --------------------------------------------------------
rm_1        |    2 10/10/19 18:23:35 om/rm@EXAMPLE.COM
datanode_1  | ---- ----------------- --------------------------------------------------------
datanode_3  |    2 10/10/19 18:23:32 dn/61839cff4e7d@EXAMPLE.COM
datanode_2  |    2 10/10/19 18:23:32 dn/5a35d8606bb4@EXAMPLE.COM
jhs         |    2 10/10/19 18:23:33 dn/jhs@EXAMPLE.COM
kms_1       | Download om/f013c6420a08@EXAMPLE.COM keytab file to /etc/security/keytabs/om.keytab
s3g_1       | --2019-10-10 18:23:34--  http://kdc:8081/keytab/s3g/om
nm_1        | HTTP request sent, awaiting response... 200 OK
kdc_1       | Authenticating as principal admin/admin with keytab /tmp/admin.keytab.
scm_1       |    2 10/10/19 18:23:32 dn/scm@EXAMPLE.COM
om_1        |    2 10/10/19 18:23:32 dn/om@EXAMPLE.COM
rm_1        |    2 10/10/19 18:23:35 om/rm@EXAMPLE.COM
datanode_1  |    2 10/10/19 18:23:32 dn/1f383803a652@EXAMPLE.COM
datanode_3  |    2 10/10/19 18:23:32 dn/61839cff4e7d@EXAMPLE.COM
datanode_2  |    2 10/10/19 18:23:32 dn/5a35d8606bb4@EXAMPLE.COM
jhs         |    2 10/10/19 18:23:33 dn/jhs@EXAMPLE.COM
kms_1       | --2019-10-10 18:23:33--  http://kdc:8081/keytab/f013c6420a08/om
s3g_1       | Resolving kdc (kdc)... 172.18.0.7
nm_1        | Length: 138 [application/octet-stream]
kdc_1       | Entry for principal test/test@EXAMPLE.COM with kvno 2, encryption type aes256-cts-hmac-sha1-96 added to keytab WRFILE:/data/test.test.keytab.
om_1        | Download om/om@EXAMPLE.COM keytab file to /etc/security/keytabs/om.keytab
scm_1       |    2 10/10/19 18:23:32 dn/scm@EXAMPLE.COM
rm_1        | Download scm/rm@EXAMPLE.COM keytab file to /etc/security/keytabs/scm.keytab
datanode_3  | Download om/61839cff4e7d@EXAMPLE.COM keytab file to /etc/security/keytabs/om.keytab
datanode_2  | Download om/5a35d8606bb4@EXAMPLE.COM keytab file to /etc/security/keytabs/om.keytab
datanode_1  |    2 10/10/19 18:23:32 dn/1f383803a652@EXAMPLE.COM
jhs         | Download om/jhs@EXAMPLE.COM keytab file to /etc/security/keytabs/om.keytab
kms_1       | Resolving kdc (kdc)... 172.18.0.7
s3g_1       | Connecting to kdc (kdc)|172.18.0.7|:8081... connected.
nm_1        | Saving to: '/etc/security/keytabs/om.keytab'
kdc_1       | Entry for principal test/test@EXAMPLE.COM with kvno 2, encryption type aes128-cts-hmac-sha1-96 added to keytab WRFILE:/data/test.test.keytab.
om_1        | --2019-10-10 18:23:32--  http://kdc:8081/keytab/om/om
scm_1       | Download om/scm@EXAMPLE.COM keytab file to /etc/security/keytabs/om.keytab
rm_1        | --2019-10-10 18:23:35--  http://kdc:8081/keytab/rm/scm
datanode_3  | --2019-10-10 18:23:32--  http://kdc:8081/keytab/61839cff4e7d/om
datanode_2  | --2019-10-10 18:23:32--  http://kdc:8081/keytab/5a35d8606bb4/om
datanode_1  | Download om/1f383803a652@EXAMPLE.COM keytab file to /etc/security/keytabs/om.keytab
jhs         | --2019-10-10 18:23:33--  http://kdc:8081/keytab/jhs/om
kms_1       | Connecting to kdc (kdc)|172.18.0.7|:8081... connected.
nm_1        | 
kdc_1       | Generiting keytab
s3g_1       | HTTP request sent, awaiting response... 200 OK
om_1        | Resolving kdc (kdc)... 172.18.0.7
scm_1       | --2019-10-10 18:23:32--  http://kdc:8081/keytab/scm/om
rm_1        | Resolving kdc (kdc)... 172.18.0.7
datanode_3  | Resolving kdc (kdc)... 172.18.0.7
datanode_2  | Resolving kdc (kdc)... 172.18.0.7
datanode_1  | --2019-10-10 18:23:32--  http://kdc:8081/keytab/1f383803a652/om
jhs         | Resolving kdc (kdc)... 172.18.0.7
kms_1       | HTTP request sent, awaiting response... 200 OK
nm_1        |      0K                                                       100% 8.35M=0s
kdc_1       | Authenticating as principal admin/admin with keytab /tmp/admin.keytab.
s3g_1       | Length: 140 [application/octet-stream]
om_1        | Connecting to kdc (kdc)|172.18.0.7|:8081... connected.
scm_1       | Resolving kdc (kdc)... 172.18.0.7
rm_1        | Connecting to kdc (kdc)|172.18.0.7|:8081... connected.
datanode_3  | Connecting to kdc (kdc)|172.18.0.7|:8081... connected.
datanode_2  | Connecting to kdc (kdc)|172.18.0.7|:8081... connected.
datanode_1  | Resolving kdc (kdc)... 172.18.0.7
jhs         | Connecting to kdc (kdc)|172.18.0.7|:8081... connected.
kms_1       | Length: 158 [application/octet-stream]
nm_1        | 
kdc_1       | WARNING: no policy specified for dn/5a35d8606bb4@EXAMPLE.COM; defaulting to no policy
s3g_1       | Saving to: '/etc/security/keytabs/om.keytab'
scm_1       | Connecting to kdc (kdc)|172.18.0.7|:8081... connected.
om_1        | HTTP request sent, awaiting response... 200 OK
datanode_3  | HTTP request sent, awaiting response... 200 OK
datanode_2  | HTTP request sent, awaiting response... 200 OK
datanode_1  | Connecting to kdc (kdc)|172.18.0.7|:8081... connected.
jhs         | HTTP request sent, awaiting response... 200 OK
kms_1       | Saving to: '/etc/security/keytabs/om.keytab'
nm_1        | 2019-10-10 18:23:36 (8.35 MB/s) - '/etc/security/keytabs/om.keytab' saved [138/138]
kdc_1       | Principal "dn/5a35d8606bb4@EXAMPLE.COM" created.
s3g_1       | 
rm_1        | HTTP request sent, awaiting response... 200 OK
scm_1       | HTTP request sent, awaiting response... 200 OK
om_1        | Length: 138 [application/octet-stream]
datanode_3  | Length: 158 [application/octet-stream]
datanode_2  | Length: 158 [application/octet-stream]
datanode_1  | HTTP request sent, awaiting response... 200 OK
jhs         | Length: 140 [application/octet-stream]
nm_1        | 
kms_1       | 
kdc_1       | Authenticating as principal admin/admin with keytab /tmp/admin.keytab.
s3g_1       |      0K                                                       100% 10.8M=0s
rm_1        | Length: 140 [application/octet-stream]
scm_1       | Length: 140 [application/octet-stream]
datanode_3  | Saving to: '/etc/security/keytabs/om.keytab'
om_1        | Saving to: '/etc/security/keytabs/om.keytab'
datanode_1  | Length: 158 [application/octet-stream]
jhs         | Saving to: '/etc/security/keytabs/om.keytab'
datanode_2  | Saving to: '/etc/security/keytabs/om.keytab'
nm_1        | Keytab name: FILE:/etc/security/keytabs/om.keytab
kms_1       |      0K                                                       100% 10.7M=0s
kdc_1       | Entry for principal dn/5a35d8606bb4@EXAMPLE.COM with kvno 2, encryption type aes256-cts-hmac-sha1-96 added to keytab WRFILE:/data/dn.5a35d8606bb4.keytab.
s3g_1       | 
rm_1        | Saving to: '/etc/security/keytabs/scm.keytab'
scm_1       | Saving to: '/etc/security/keytabs/om.keytab'
datanode_3  | 
om_1        | 
datanode_1  | Saving to: '/etc/security/keytabs/om.keytab'
jhs         | 
nm_1        | KVNO Timestamp         Principal
kms_1       | 
kdc_1       | Entry for principal dn/5a35d8606bb4@EXAMPLE.COM with kvno 2, encryption type aes128-cts-hmac-sha1-96 added to keytab WRFILE:/data/dn.5a35d8606bb4.keytab.
s3g_1       | 2019-10-10 18:23:35 (10.8 MB/s) - '/etc/security/keytabs/om.keytab' saved [140/140]
datanode_2  | 
rm_1        | 
scm_1       | 
datanode_3  |      0K                                                       100% 10.3M=0s
om_1        |      0K                                                       100% 10.5M=0s
jhs         |      0K                                                       100% 10.3M=0s
datanode_1  | 
nm_1        | ---- ----------------- --------------------------------------------------------
kms_1       | 2019-10-10 18:23:34 (10.7 MB/s) - '/etc/security/keytabs/om.keytab' saved [158/158]
kdc_1       | Generiting keytab
s3g_1       | 
datanode_2  |      0K                                                       100% 12.1M=0s
rm_1        |      0K                                                       100% 11.4M=0s
scm_1       |      0K                                                       100% 9.38M=0s
datanode_3  | 
om_1        | 
jhs         | 
datanode_1  |      0K                                                       100% 12.1M=0s
nm_1        |    2 10/10/19 18:23:36 om/nm@EXAMPLE.COM
kms_1       | 
kdc_1       | Authenticating as principal admin/admin with keytab /tmp/admin.keytab.
s3g_1       | Keytab name: FILE:/etc/security/keytabs/om.keytab
datanode_2  | 
rm_1        | 
scm_1       | 
datanode_3  | 2019-10-10 18:23:33 (10.3 MB/s) - '/etc/security/keytabs/om.keytab' saved [158/158]
om_1        | 2019-10-10 18:23:32 (10.5 MB/s) - '/etc/security/keytabs/om.keytab' saved [138/138]
jhs         | 2019-10-10 18:23:34 (10.3 MB/s) - '/etc/security/keytabs/om.keytab' saved [140/140]
datanode_1  | 
nm_1        |    2 10/10/19 18:23:36 om/nm@EXAMPLE.COM
kms_1       | Keytab name: FILE:/etc/security/keytabs/om.keytab
kdc_1       | WARNING: no policy specified for dn/om@EXAMPLE.COM; defaulting to no policy
s3g_1       | KVNO Timestamp         Principal
datanode_2  | 2019-10-10 18:23:32 (12.1 MB/s) - '/etc/security/keytabs/om.keytab' saved [158/158]
rm_1        | 2019-10-10 18:23:36 (11.4 MB/s) - '/etc/security/keytabs/scm.keytab' saved [140/140]
scm_1       | 2019-10-10 18:23:33 (9.38 MB/s) - '/etc/security/keytabs/om.keytab' saved [140/140]
datanode_3  | 
om_1        | 
jhs         | 
nm_1        | Download scm/nm@EXAMPLE.COM keytab file to /etc/security/keytabs/scm.keytab
kms_1       | KVNO Timestamp         Principal
datanode_1  | 2019-10-10 18:23:33 (12.1 MB/s) - '/etc/security/keytabs/om.keytab' saved [158/158]
kdc_1       | Principal "dn/om@EXAMPLE.COM" created.
s3g_1       | ---- ----------------- --------------------------------------------------------
datanode_2  | 
rm_1        | 
scm_1       | 
datanode_3  | Keytab name: FILE:/etc/security/keytabs/om.keytab
jhs         | Keytab name: FILE:/etc/security/keytabs/om.keytab
om_1        | Keytab name: FILE:/etc/security/keytabs/om.keytab
nm_1        | --2019-10-10 18:23:36--  http://kdc:8081/keytab/nm/scm
kms_1       | ---- ----------------- --------------------------------------------------------
datanode_1  | 
kdc_1       | Authenticating as principal admin/admin with keytab /tmp/admin.keytab.
datanode_2  | Keytab name: FILE:/etc/security/keytabs/om.keytab
rm_1        | Keytab name: FILE:/etc/security/keytabs/scm.keytab
s3g_1       |    2 10/10/19 18:23:35 om/s3g@EXAMPLE.COM
scm_1       | Keytab name: FILE:/etc/security/keytabs/om.keytab
datanode_3  | KVNO Timestamp         Principal
jhs         | KVNO Timestamp         Principal
om_1        | KVNO Timestamp         Principal
kms_1       |    2 10/10/19 18:23:34 om/f013c6420a08@EXAMPLE.COM
datanode_1  | Keytab name: FILE:/etc/security/keytabs/om.keytab
nm_1        | Resolving kdc (kdc)... 172.18.0.7
kdc_1       | Entry for principal dn/om@EXAMPLE.COM with kvno 2, encryption type aes256-cts-hmac-sha1-96 added to keytab WRFILE:/data/dn.om.keytab.
datanode_2  | KVNO Timestamp         Principal
rm_1        | KVNO Timestamp         Principal
s3g_1       |    2 10/10/19 18:23:35 om/s3g@EXAMPLE.COM
scm_1       | KVNO Timestamp         Principal
datanode_3  | ---- ----------------- --------------------------------------------------------
jhs         | ---- ----------------- --------------------------------------------------------
om_1        | ---- ----------------- --------------------------------------------------------
kms_1       |    2 10/10/19 18:23:34 om/f013c6420a08@EXAMPLE.COM
datanode_1  | KVNO Timestamp         Principal
nm_1        | Connecting to kdc (kdc)|172.18.0.7|:8081... connected.
datanode_2  | ---- ----------------- --------------------------------------------------------
rm_1        | ---- ----------------- --------------------------------------------------------
kdc_1       | Entry for principal dn/om@EXAMPLE.COM with kvno 2, encryption type aes128-cts-hmac-sha1-96 added to keytab WRFILE:/data/dn.om.keytab.
s3g_1       | Download scm/s3g@EXAMPLE.COM keytab file to /etc/security/keytabs/scm.keytab
scm_1       | ---- ----------------- --------------------------------------------------------
datanode_3  |    2 10/10/19 18:23:33 om/61839cff4e7d@EXAMPLE.COM
jhs         |    2 10/10/19 18:23:34 om/jhs@EXAMPLE.COM
om_1        |    2 10/10/19 18:23:32 om/om@EXAMPLE.COM
kms_1       | Download scm/f013c6420a08@EXAMPLE.COM keytab file to /etc/security/keytabs/scm.keytab
datanode_1  | ---- ----------------- --------------------------------------------------------
nm_1        | HTTP request sent, awaiting response... 200 OK
datanode_2  |    2 10/10/19 18:23:32 om/5a35d8606bb4@EXAMPLE.COM
rm_1        |    2 10/10/19 18:23:36 scm/rm@EXAMPLE.COM
kdc_1       | Generiting keytab
s3g_1       | --2019-10-10 18:23:35--  http://kdc:8081/keytab/s3g/scm
scm_1       |    2 10/10/19 18:23:33 om/scm@EXAMPLE.COM
datanode_3  |    2 10/10/19 18:23:33 om/61839cff4e7d@EXAMPLE.COM
jhs         |    2 10/10/19 18:23:34 om/jhs@EXAMPLE.COM
om_1        |    2 10/10/19 18:23:32 om/om@EXAMPLE.COM
kms_1       | --2019-10-10 18:23:34--  http://kdc:8081/keytab/f013c6420a08/scm
datanode_1  |    2 10/10/19 18:23:33 om/1f383803a652@EXAMPLE.COM
nm_1        | Length: 140 [application/octet-stream]
datanode_2  |    2 10/10/19 18:23:32 om/5a35d8606bb4@EXAMPLE.COM
rm_1        |    2 10/10/19 18:23:36 scm/rm@EXAMPLE.COM
kdc_1       | Authenticating as principal admin/admin with keytab /tmp/admin.keytab.
s3g_1       | Resolving kdc (kdc)... 172.18.0.7
scm_1       |    2 10/10/19 18:23:33 om/scm@EXAMPLE.COM
datanode_3  | Download scm/61839cff4e7d@EXAMPLE.COM keytab file to /etc/security/keytabs/scm.keytab
jhs         | Download scm/jhs@EXAMPLE.COM keytab file to /etc/security/keytabs/scm.keytab
om_1        | Download scm/om@EXAMPLE.COM keytab file to /etc/security/keytabs/scm.keytab
kms_1       | Resolving kdc (kdc)... 172.18.0.7
datanode_1  |    2 10/10/19 18:23:33 om/1f383803a652@EXAMPLE.COM
nm_1        | Saving to: '/etc/security/keytabs/scm.keytab'
datanode_2  | Download scm/5a35d8606bb4@EXAMPLE.COM keytab file to /etc/security/keytabs/scm.keytab
rm_1        | Download HTTP/rm@EXAMPLE.COM keytab file to /etc/security/keytabs/HTTP.keytab
kdc_1       | WARNING: no policy specified for om/5a35d8606bb4@EXAMPLE.COM; defaulting to no policy
s3g_1       | Connecting to kdc (kdc)|172.18.0.7|:8081... connected.
scm_1       | Download scm/scm@EXAMPLE.COM keytab file to /etc/security/keytabs/scm.keytab
datanode_3  | --2019-10-10 18:23:33--  http://kdc:8081/keytab/61839cff4e7d/scm
jhs         | --2019-10-10 18:23:34--  http://kdc:8081/keytab/jhs/scm
om_1        | --2019-10-10 18:23:32--  http://kdc:8081/keytab/om/scm
kms_1       | Connecting to kdc (kdc)|172.18.0.7|:8081... connected.
datanode_1  | Download scm/1f383803a652@EXAMPLE.COM keytab file to /etc/security/keytabs/scm.keytab
nm_1        | 
datanode_2  | --2019-10-10 18:23:32--  http://kdc:8081/keytab/5a35d8606bb4/scm
rm_1        | --2019-10-10 18:23:36--  http://kdc:8081/keytab/rm/HTTP
kdc_1       | Principal "om/5a35d8606bb4@EXAMPLE.COM" created.
s3g_1       | HTTP request sent, awaiting response... 200 OK
scm_1       | --2019-10-10 18:23:33--  http://kdc:8081/keytab/scm/scm
datanode_3  | Resolving kdc (kdc)... 172.18.0.7
jhs         | Resolving kdc (kdc)... 172.18.0.7
om_1        | Resolving kdc (kdc)... 172.18.0.7
kms_1       | HTTP request sent, awaiting response... 200 OK
datanode_1  | --2019-10-10 18:23:33--  http://kdc:8081/keytab/1f383803a652/scm
nm_1        |      0K                                                       100% 13.3M=0s
datanode_2  | Resolving kdc (kdc)... 172.18.0.7
rm_1        | Resolving kdc (kdc)... 172.18.0.7
kdc_1       | Authenticating as principal admin/admin with keytab /tmp/admin.keytab.
scm_1       | Resolving kdc (kdc)... 172.18.0.7
s3g_1       | Length: 142 [application/octet-stream]
datanode_3  | Connecting to kdc (kdc)|172.18.0.7|:8081... connected.
jhs         | Connecting to kdc (kdc)|172.18.0.7|:8081... connected.
om_1        | Connecting to kdc (kdc)|172.18.0.7|:8081... connected.
kms_1       | Length: 160 [application/octet-stream]
datanode_1  | Resolving kdc (kdc)... 172.18.0.7
nm_1        | 
datanode_2  | Connecting to kdc (kdc)|172.18.0.7|:8081... connected.
rm_1        | Connecting to kdc (kdc)|172.18.0.7|:8081... connected.
kdc_1       | Entry for principal om/5a35d8606bb4@EXAMPLE.COM with kvno 2, encryption type aes256-cts-hmac-sha1-96 added to keytab WRFILE:/data/om.5a35d8606bb4.keytab.
scm_1       | Connecting to kdc (kdc)|172.18.0.7|:8081... connected.
s3g_1       | Saving to: '/etc/security/keytabs/scm.keytab'
datanode_3  | HTTP request sent, awaiting response... 200 OK
jhs         | HTTP request sent, awaiting response... 200 OK
om_1        | HTTP request sent, awaiting response... 200 OK
kms_1       | Saving to: '/etc/security/keytabs/scm.keytab'
datanode_1  | Connecting to kdc (kdc)|172.18.0.7|:8081... connected.
nm_1        | 2019-10-10 18:23:38 (13.3 MB/s) - '/etc/security/keytabs/scm.keytab' saved [140/140]
datanode_2  | HTTP request sent, awaiting response... 200 OK
rm_1        | HTTP request sent, awaiting response... 200 OK
kdc_1       | Entry for principal om/5a35d8606bb4@EXAMPLE.COM with kvno 2, encryption type aes128-cts-hmac-sha1-96 added to keytab WRFILE:/data/om.5a35d8606bb4.keytab.
scm_1       | HTTP request sent, awaiting response... 200 OK
s3g_1       | 
datanode_3  | Length: 160 [application/octet-stream]
jhs         | Length: 142 [application/octet-stream]
om_1        | Length: 140 [application/octet-stream]
kms_1       | 
datanode_1  | HTTP request sent, awaiting response... 200 OK
nm_1        | 
datanode_2  | Length: 160 [application/octet-stream]
rm_1        | Length: 142 [application/octet-stream]
kdc_1       | Generiting keytab
scm_1       | Length: 142 [application/octet-stream]
s3g_1       |      0K                                                       100% 10.3M=0s
datanode_3  | Saving to: '/etc/security/keytabs/scm.keytab'
jhs         | Saving to: '/etc/security/keytabs/scm.keytab'
om_1        | Saving to: '/etc/security/keytabs/scm.keytab'
kms_1       |      0K                                                       100% 12.5M=0s
datanode_1  | Length: 160 [application/octet-stream]
nm_1        | Keytab name: FILE:/etc/security/keytabs/scm.keytab
datanode_2  | Saving to: '/etc/security/keytabs/scm.keytab'
rm_1        | Saving to: '/etc/security/keytabs/HTTP.keytab'
kdc_1       | Authenticating as principal admin/admin with keytab /tmp/admin.keytab.
scm_1       | Saving to: '/etc/security/keytabs/scm.keytab'
s3g_1       | 
datanode_3  | 
jhs         | 
om_1        | 
kms_1       | 
datanode_1  | Saving to: '/etc/security/keytabs/scm.keytab'
nm_1        | KVNO Timestamp         Principal
datanode_2  | 
rm_1        | 
kdc_1       | WARNING: no policy specified for dn/1f383803a652@EXAMPLE.COM; defaulting to no policy
scm_1       | 
s3g_1       | 2019-10-10 18:23:36 (10.3 MB/s) - '/etc/security/keytabs/scm.keytab' saved [142/142]
datanode_3  |      0K                                                       100% 12.3M=0s
jhs         |      0K                                                       100% 10.7M=0s
om_1        |      0K                                                       100% 7.78M=0s
kms_1       | 2019-10-10 18:23:36 (12.5 MB/s) - '/etc/security/keytabs/scm.keytab' saved [160/160]
datanode_1  | 
nm_1        | ---- ----------------- --------------------------------------------------------
datanode_2  |      0K                                                       100% 12.5M=0s
rm_1        |      0K                                                       100% 12.6M=0s
kdc_1       | Principal "dn/1f383803a652@EXAMPLE.COM" created.
scm_1       |      0K                                                       100% 12.8M=0s
s3g_1       | 
datanode_3  | 
jhs         | 
om_1        | 
kms_1       | 
datanode_1  |      0K                                                       100% 10.7M=0s
nm_1        |    2 10/10/19 18:23:38 scm/nm@EXAMPLE.COM
datanode_2  | 
rm_1        | 
kdc_1       | Authenticating as principal admin/admin with keytab /tmp/admin.keytab.
scm_1       | 
s3g_1       | Keytab name: FILE:/etc/security/keytabs/scm.keytab
datanode_3  | 2019-10-10 18:23:34 (12.3 MB/s) - '/etc/security/keytabs/scm.keytab' saved [160/160]
jhs         | 2019-10-10 18:23:36 (10.7 MB/s) - '/etc/security/keytabs/scm.keytab' saved [142/142]
om_1        | 2019-10-10 18:23:33 (7.78 MB/s) - '/etc/security/keytabs/scm.keytab' saved [140/140]
kms_1       | Keytab name: FILE:/etc/security/keytabs/scm.keytab
datanode_1  | 
nm_1        |    2 10/10/19 18:23:38 scm/nm@EXAMPLE.COM
datanode_2  | 2019-10-10 18:23:32 (12.5 MB/s) - '/etc/security/keytabs/scm.keytab' saved [160/160]
rm_1        | 2019-10-10 18:23:38 (12.6 MB/s) - '/etc/security/keytabs/HTTP.keytab' saved [142/142]
kdc_1       | Entry for principal dn/1f383803a652@EXAMPLE.COM with kvno 2, encryption type aes256-cts-hmac-sha1-96 added to keytab WRFILE:/data/dn.1f383803a652.keytab.
scm_1       | 2019-10-10 18:23:34 (12.8 MB/s) - '/etc/security/keytabs/scm.keytab' saved [142/142]
s3g_1       | KVNO Timestamp         Principal
datanode_3  | 
jhs         | 
om_1        | 
datanode_1  | 2019-10-10 18:23:33 (10.7 MB/s) - '/etc/security/keytabs/scm.keytab' saved [160/160]
datanode_2  | 
nm_1        | Download HTTP/nm@EXAMPLE.COM keytab file to /etc/security/keytabs/HTTP.keytab
kms_1       | KVNO Timestamp         Principal
rm_1        | 
kdc_1       | Entry for principal dn/1f383803a652@EXAMPLE.COM with kvno 2, encryption type aes128-cts-hmac-sha1-96 added to keytab WRFILE:/data/dn.1f383803a652.keytab.
scm_1       | 
s3g_1       | ---- ----------------- --------------------------------------------------------
datanode_3  | Keytab name: FILE:/etc/security/keytabs/scm.keytab
jhs         | Keytab name: FILE:/etc/security/keytabs/scm.keytab
om_1        | Keytab name: FILE:/etc/security/keytabs/scm.keytab
datanode_1  | 
datanode_2  | Keytab name: FILE:/etc/security/keytabs/scm.keytab
nm_1        | --2019-10-10 18:23:38--  http://kdc:8081/keytab/nm/HTTP
kms_1       | ---- ----------------- --------------------------------------------------------
rm_1        | Keytab name: FILE:/etc/security/keytabs/HTTP.keytab
kdc_1       | Generiting keytab
scm_1       | Keytab name: FILE:/etc/security/keytabs/scm.keytab
s3g_1       |    2 10/10/19 18:23:36 scm/s3g@EXAMPLE.COM
datanode_3  | KVNO Timestamp         Principal
om_1        | KVNO Timestamp         Principal
jhs         | KVNO Timestamp         Principal
datanode_1  | Keytab name: FILE:/etc/security/keytabs/scm.keytab
datanode_2  | KVNO Timestamp         Principal
nm_1        | Resolving kdc (kdc)... 172.18.0.7
kms_1       |    2 10/10/19 18:23:36 scm/f013c6420a08@EXAMPLE.COM
rm_1        | KVNO Timestamp         Principal
kdc_1       | Authenticating as principal admin/admin with keytab /tmp/admin.keytab.
scm_1       | KVNO Timestamp         Principal
s3g_1       |    2 10/10/19 18:23:36 scm/s3g@EXAMPLE.COM
datanode_3  | ---- ----------------- --------------------------------------------------------
om_1        | ---- ----------------- --------------------------------------------------------
jhs         | ---- ----------------- --------------------------------------------------------
datanode_1  | KVNO Timestamp         Principal
datanode_2  | ---- ----------------- --------------------------------------------------------
nm_1        | Connecting to kdc (kdc)|172.18.0.7|:8081... connected.
kms_1       |    2 10/10/19 18:23:36 scm/f013c6420a08@EXAMPLE.COM
rm_1        | ---- ----------------- --------------------------------------------------------
kdc_1       | WARNING: no policy specified for om/om@EXAMPLE.COM; defaulting to no policy
scm_1       | ---- ----------------- --------------------------------------------------------
s3g_1       | Download HTTP/s3g@EXAMPLE.COM keytab file to /etc/security/keytabs/HTTP.keytab
om_1        |    2 10/10/19 18:23:33 scm/om@EXAMPLE.COM
jhs         |    2 10/10/19 18:23:35 scm/jhs@EXAMPLE.COM
datanode_1  | ---- ----------------- --------------------------------------------------------
datanode_2  |    2 10/10/19 18:23:32 scm/5a35d8606bb4@EXAMPLE.COM
datanode_3  |    2 10/10/19 18:23:34 scm/61839cff4e7d@EXAMPLE.COM
nm_1        | HTTP request sent, awaiting response... 200 OK
kms_1       | Download HTTP/f013c6420a08@EXAMPLE.COM keytab file to /etc/security/keytabs/HTTP.keytab
rm_1        |    2 10/10/19 18:23:38 HTTP/rm@EXAMPLE.COM
kdc_1       | Principal "om/om@EXAMPLE.COM" created.
scm_1       |    2 10/10/19 18:23:34 scm/scm@EXAMPLE.COM
s3g_1       | --2019-10-10 18:23:36--  http://kdc:8081/keytab/s3g/HTTP
om_1        |    2 10/10/19 18:23:33 scm/om@EXAMPLE.COM
jhs         |    2 10/10/19 18:23:36 scm/jhs@EXAMPLE.COM
datanode_1  |    2 10/10/19 18:23:33 scm/1f383803a652@EXAMPLE.COM
datanode_2  |    2 10/10/19 18:23:32 scm/5a35d8606bb4@EXAMPLE.COM
datanode_3  |    2 10/10/19 18:23:34 scm/61839cff4e7d@EXAMPLE.COM
nm_1        | Length: 142 [application/octet-stream]
rm_1        |    2 10/10/19 18:23:38 HTTP/rm@EXAMPLE.COM
kdc_1       | Authenticating as principal admin/admin with keytab /tmp/admin.keytab.
kms_1       | --2019-10-10 18:23:36--  http://kdc:8081/keytab/f013c6420a08/HTTP
scm_1       |    2 10/10/19 18:23:34 scm/scm@EXAMPLE.COM
s3g_1       | Resolving kdc (kdc)... 172.18.0.7
om_1        | Download HTTP/om@EXAMPLE.COM keytab file to /etc/security/keytabs/HTTP.keytab
jhs         | Download HTTP/jhs@EXAMPLE.COM keytab file to /etc/security/keytabs/HTTP.keytab
datanode_1  |    2 10/10/19 18:23:33 scm/1f383803a652@EXAMPLE.COM
datanode_2  | Download HTTP/5a35d8606bb4@EXAMPLE.COM keytab file to /etc/security/keytabs/HTTP.keytab
datanode_3  | Download HTTP/61839cff4e7d@EXAMPLE.COM keytab file to /etc/security/keytabs/HTTP.keytab
nm_1        | Saving to: '/etc/security/keytabs/HTTP.keytab'
rm_1        | Download testuser/rm@EXAMPLE.COM keytab file to /etc/security/keytabs/testuser.keytab
kdc_1       | Entry for principal om/om@EXAMPLE.COM with kvno 2, encryption type aes256-cts-hmac-sha1-96 added to keytab WRFILE:/data/om.om.keytab.
kms_1       | Resolving kdc (kdc)... 172.18.0.7
scm_1       | Download HTTP/scm@EXAMPLE.COM keytab file to /etc/security/keytabs/HTTP.keytab
s3g_1       | Connecting to kdc (kdc)|172.18.0.7|:8081... connected.
om_1        | --2019-10-10 18:23:33--  http://kdc:8081/keytab/om/HTTP
jhs         | --2019-10-10 18:23:36--  http://kdc:8081/keytab/jhs/HTTP
datanode_1  | Download HTTP/1f383803a652@EXAMPLE.COM keytab file to /etc/security/keytabs/HTTP.keytab
datanode_3  | --2019-10-10 18:23:34--  http://kdc:8081/keytab/61839cff4e7d/HTTP
nm_1        | 
datanode_2  | --2019-10-10 18:23:32--  http://kdc:8081/keytab/5a35d8606bb4/HTTP
rm_1        | --2019-10-10 18:23:38--  http://kdc:8081/keytab/rm/testuser
kdc_1       | Entry for principal om/om@EXAMPLE.COM with kvno 2, encryption type aes128-cts-hmac-sha1-96 added to keytab WRFILE:/data/om.om.keytab.
kms_1       | Connecting to kdc (kdc)|172.18.0.7|:8081... connected.
scm_1       | --2019-10-10 18:23:34--  http://kdc:8081/keytab/scm/HTTP
s3g_1       | HTTP request sent, awaiting response... 200 OK
om_1        | Resolving kdc (kdc)... 172.18.0.7
jhs         | Resolving kdc (kdc)... 172.18.0.7
datanode_1  | --2019-10-10 18:23:33--  http://kdc:8081/keytab/1f383803a652/HTTP
datanode_3  | Resolving kdc (kdc)... 172.18.0.7
nm_1        |      0K                                                       100% 12.6M=0s
datanode_2  | Resolving kdc (kdc)... 172.18.0.7
rm_1        | Resolving kdc (kdc)... 172.18.0.7
kdc_1       | Generiting keytab
kms_1       | HTTP request sent, awaiting response... 200 OK
scm_1       | Resolving kdc (kdc)... 172.18.0.7
s3g_1       | Length: 144 [application/octet-stream]
om_1        | Connecting to kdc (kdc)|172.18.0.7|:8081... connected.
datanode_1  | Resolving kdc (kdc)... 172.18.0.7
jhs         | Connecting to kdc (kdc)|172.18.0.7|:8081... connected.
datanode_3  | Connecting to kdc (kdc)|172.18.0.7|:8081... connected.
nm_1        | 
datanode_2  | Connecting to kdc (kdc)|172.18.0.7|:8081... connected.
kdc_1       | Authenticating as principal admin/admin with keytab /tmp/admin.keytab.
rm_1        | Connecting to kdc (kdc)|172.18.0.7|:8081... connected.
scm_1       | Connecting to kdc (kdc)|172.18.0.7|:8081... connected.
kms_1       | Length: 162 [application/octet-stream]
s3g_1       | Saving to: '/etc/security/keytabs/HTTP.keytab'
om_1        | HTTP request sent, awaiting response... 200 OK
datanode_1  | Connecting to kdc (kdc)|172.18.0.7|:8081... connected.
jhs         | HTTP request sent, awaiting response... 200 OK
datanode_3  | HTTP request sent, awaiting response... 200 OK
nm_1        | 2019-10-10 18:23:39 (12.6 MB/s) - '/etc/security/keytabs/HTTP.keytab' saved [142/142]
kdc_1       | Oct 10 18:23:31 kdc krb5kdc[9](info): AS_REQ (8 etypes {18 17 20 19 16 23 25 26}) 127.0.0.1: SERVER_NOT_FOUND: admin/admin@EXAMPLE.COM for kadmin/localhost@EXAMPLE.COM, Server not found in Kerberos database
rm_1        | HTTP request sent, awaiting response... 200 OK
scm_1       | HTTP request sent, awaiting response... 200 OK
datanode_2  | HTTP request sent, awaiting response... 200 OK
om_1        | Length: 142 [application/octet-stream]
s3g_1       | 
kms_1       | Saving to: '/etc/security/keytabs/HTTP.keytab'
datanode_1  | HTTP request sent, awaiting response... 200 OK
jhs         | Length: 144 [application/octet-stream]
datanode_3  | Length: 162 [application/octet-stream]
nm_1        | 
kdc_1       | Oct 10 18:23:31 kdc krb5kdc[9](info): AS_REQ (8 etypes {18 17 20 19 16 23 25 26}) 127.0.0.1: ISSUE: authtime 1570731811, etypes {rep=18 tkt=18 ses=18}, admin/admin@EXAMPLE.COM for kadmin/admin@EXAMPLE.COM
rm_1        | Length: 150 [application/octet-stream]
scm_1       | Length: 144 [application/octet-stream]
datanode_2  | Length: 162 [application/octet-stream]
om_1        | Saving to: '/etc/security/keytabs/HTTP.keytab'
s3g_1       |      0K                                                       100% 11.1M=0s
kms_1       | 
datanode_1  | Length: 162 [application/octet-stream]
jhs         | Saving to: '/etc/security/keytabs/HTTP.keytab'
datanode_3  | Saving to: '/etc/security/keytabs/HTTP.keytab'
nm_1        | Keytab name: FILE:/etc/security/keytabs/HTTP.keytab
kdc_1       | Oct 10 18:23:31 kdc krb5kdc[9](info): AS_REQ (8 etypes {18 17 20 19 16 23 25 26}) 127.0.0.1: SERVER_NOT_FOUND: admin/admin@EXAMPLE.COM for kadmin/localhost@EXAMPLE.COM, Server not found in Kerberos database
rm_1        | Saving to: '/etc/security/keytabs/testuser.keytab'
scm_1       | Saving to: '/etc/security/keytabs/HTTP.keytab'
datanode_2  | Saving to: '/etc/security/keytabs/HTTP.keytab'
om_1        | 
s3g_1       | 
datanode_1  | Saving to: '/etc/security/keytabs/HTTP.keytab'
kms_1       |      0K                                                       100% 10.3M=0s
jhs         | 
datanode_3  | 
nm_1        | KVNO Timestamp         Principal
kdc_1       | Oct 10 18:23:31 kdc krb5kdc[9](info): AS_REQ (8 etypes {18 17 20 19 16 23 25 26}) 127.0.0.1: ISSUE: authtime 1570731811, etypes {rep=18 tkt=18 ses=18}, admin/admin@EXAMPLE.COM for kadmin/admin@EXAMPLE.COM
rm_1        | 
scm_1       | 
datanode_2  | 
om_1        |      0K                                                       100% 12.4M=0s
s3g_1       | 2019-10-10 18:23:37 (11.1 MB/s) - '/etc/security/keytabs/HTTP.keytab' saved [144/144]
datanode_1  | 
kms_1       | 
jhs         |      0K                                                       100% 15.2M=0s
datanode_3  |      0K                                                       100% 9.55M=0s
nm_1        | ---- ----------------- --------------------------------------------------------
kdc_1       | Oct 10 18:23:31 kdc krb5kdc[9](info): AS_REQ (8 etypes {18 17 20 19 16 23 25 26}) 127.0.0.1: SERVER_NOT_FOUND: admin/admin@EXAMPLE.COM for kadmin/localhost@EXAMPLE.COM, Server not found in Kerberos database
rm_1        |      0K                                                       100% 16.4M=0s
scm_1       |      0K                                                       100% 14.8M=0s
datanode_2  |      0K                                                       100% 16.7M=0s
om_1        | 
s3g_1       | 
datanode_1  |      0K                                                       100% 13.9M=0s
kms_1       | 2019-10-10 18:23:37 (10.3 MB/s) - '/etc/security/keytabs/HTTP.keytab' saved [162/162]
jhs         | 
datanode_3  | 
nm_1        |    2 10/10/19 18:23:39 HTTP/nm@EXAMPLE.COM
kdc_1       | Oct 10 18:23:31 kdc krb5kdc[9](info): AS_REQ (8 etypes {18 17 20 19 16 23 25 26}) 127.0.0.1: ISSUE: authtime 1570731811, etypes {rep=18 tkt=18 ses=18}, admin/admin@EXAMPLE.COM for kadmin/admin@EXAMPLE.COM
rm_1        | 
scm_1       | 
om_1        | 2019-10-10 18:23:34 (12.4 MB/s) - '/etc/security/keytabs/HTTP.keytab' saved [142/142]
s3g_1       | Keytab name: FILE:/etc/security/keytabs/HTTP.keytab
datanode_1  | 
jhs         | 2019-10-10 18:23:37 (15.2 MB/s) - '/etc/security/keytabs/HTTP.keytab' saved [144/144]
kms_1       | 
datanode_3  | 2019-10-10 18:23:35 (9.55 MB/s) - '/etc/security/keytabs/HTTP.keytab' saved [162/162]
datanode_2  | 
kdc_1       | Oct 10 18:23:32 kdc krb5kdc[9](info): AS_REQ (8 etypes {18 17 20 19 16 23 25 26}) 127.0.0.1: SERVER_NOT_FOUND: admin/admin@EXAMPLE.COM for kadmin/localhost@EXAMPLE.COM, Server not found in Kerberos database
rm_1        | 2019-10-10 18:23:39 (16.4 MB/s) - '/etc/security/keytabs/testuser.keytab' saved [150/150]
om_1        | 
scm_1       | 2019-10-10 18:23:36 (14.8 MB/s) - '/etc/security/keytabs/HTTP.keytab' saved [144/144]
nm_1        |    2 10/10/19 18:23:39 HTTP/nm@EXAMPLE.COM
s3g_1       | KVNO Timestamp         Principal
datanode_1  | 2019-10-10 18:23:35 (13.9 MB/s) - '/etc/security/keytabs/HTTP.keytab' saved [162/162]
jhs         | 
kms_1       | Keytab name: FILE:/etc/security/keytabs/HTTP.keytab
datanode_3  | 
datanode_2  | 2019-10-10 18:23:33 (16.7 MB/s) - '/etc/security/keytabs/HTTP.keytab' saved [162/162]
kdc_1       | Oct 10 18:23:32 kdc krb5kdc[9](info): AS_REQ (8 etypes {18 17 20 19 16 23 25 26}) 127.0.0.1: ISSUE: authtime 1570731812, etypes {rep=18 tkt=18 ses=18}, admin/admin@EXAMPLE.COM for kadmin/admin@EXAMPLE.COM
rm_1        | 
scm_1       | 
om_1        | Keytab name: FILE:/etc/security/keytabs/HTTP.keytab
nm_1        | Download testuser/nm@EXAMPLE.COM keytab file to /etc/security/keytabs/testuser.keytab
s3g_1       | ---- ----------------- --------------------------------------------------------
datanode_1  | 
jhs         | Keytab name: FILE:/etc/security/keytabs/HTTP.keytab
kms_1       | KVNO Timestamp         Principal
datanode_3  | Keytab name: FILE:/etc/security/keytabs/HTTP.keytab
datanode_2  | 
kdc_1       | Oct 10 18:23:32 kdc krb5kdc[9](info): AS_REQ (8 etypes {18 17 20 19 16 23 25 26}) 127.0.0.1: SERVER_NOT_FOUND: admin/admin@EXAMPLE.COM for kadmin/localhost@EXAMPLE.COM, Server not found in Kerberos database
rm_1        | Keytab name: FILE:/etc/security/keytabs/testuser.keytab
scm_1       | Keytab name: FILE:/etc/security/keytabs/HTTP.keytab
om_1        | KVNO Timestamp         Principal
nm_1        | --2019-10-10 18:23:39--  http://kdc:8081/keytab/nm/testuser
s3g_1       |    2 10/10/19 18:23:37 HTTP/s3g@EXAMPLE.COM
datanode_1  | Keytab name: FILE:/etc/security/keytabs/HTTP.keytab
jhs         | KVNO Timestamp         Principal
kms_1       | ---- ----------------- --------------------------------------------------------
datanode_3  | KVNO Timestamp         Principal
datanode_2  | Keytab name: FILE:/etc/security/keytabs/HTTP.keytab
rm_1        | KVNO Timestamp         Principal
