datanode_3  | 2019-10-19 00:38:01,501 INFO impl.RoleInfo: 9c0ea085-46e6-425e-8b97-263d5b3acfac: shutdown FollowerState
rm_1        | 2019-10-19 00:39:15 INFO  RMContainerImpl:480 - container_1571445475833_0001_01_000003 Container Transitioned from NEW to ALLOCATED
datanode_1  | 2019-10-19 00:38:01,646 INFO impl.RaftServerImpl: 09f460ed-d4db-4720-aa37-5306df8081b1@group-7491D208186D: changes role from  FOLLOWER to FOLLOWER at term 12 for recognizeCandidate:8167792e-ef5b-4547-97f7-07ae5b77b598
datanode_2  | 2019-10-19 00:38:01,878 INFO impl.FollowerState: 8167792e-ef5b-4547-97f7-07ae5b77b598@group-7491D208186D-FollowerState: change to CANDIDATE, lastRpcTime:151ms, electionTimeout:151ms
nm_1        | 2019-10-19 00:39:27 INFO  ContainersMonitorImpl:934 - Stopping resource-monitoring for container_1571445475833_0001_01_000004
datanode_3  | 2019-10-19 00:38:01,501 INFO impl.RoleInfo: 9c0ea085-46e6-425e-8b97-263d5b3acfac: start FollowerState
rm_1        | 2019-10-19 00:39:15 INFO  FiCaSchedulerNode:169 - Assigned container container_1571445475833_0001_01_000003 of capacity <memory:4096, vCores:1> on host nm:35707, which has 2 containers, <memory:6144, vCores:2> used and <memory:2048, vCores:6> available after allocation
datanode_1  | 2019-10-19 00:38:01,646 INFO impl.RoleInfo: 09f460ed-d4db-4720-aa37-5306df8081b1: shutdown FollowerState
datanode_2  | 2019-10-19 00:38:01,879 INFO impl.RoleInfo: 8167792e-ef5b-4547-97f7-07ae5b77b598: shutdown FollowerState
nm_1        | 2019-10-19 00:39:27 INFO  AuxServices:350 - Got event CONTAINER_STOP for appId application_1571445475833_0001
datanode_3  | 2019-10-19 00:38:01,501 INFO impl.FollowerState: 9c0ea085-46e6-425e-8b97-263d5b3acfac@group-7491D208186D-FollowerState was interrupted: java.lang.InterruptedException: sleep interrupted
rm_1        | 2019-10-19 00:39:15 INFO  RMAuditLogger:231 - USER=hadoop	OPERATION=AM Allocated Container	TARGET=SchedulerApp	RESULT=SUCCESS	APPID=application_1571445475833_0001	CONTAINERID=container_1571445475833_0001_01_000003	RESOURCE=<memory:4096, vCores:1>	QUEUENAME=default
datanode_1  | 2019-10-19 00:38:01,646 INFO impl.RoleInfo: 09f460ed-d4db-4720-aa37-5306df8081b1: start FollowerState
datanode_2  | 2019-10-19 00:38:01,879 INFO impl.RaftServerImpl: 8167792e-ef5b-4547-97f7-07ae5b77b598@group-7491D208186D: changes role from  FOLLOWER to CANDIDATE at term 13 for changeToCandidate
nm_1        | 2019-10-19 00:39:27 INFO  Server:1845 - Auth successful for appattempt_1571445475833_0001_000001 (auth:SIMPLE)
datanode_3  | 2019-10-19 00:38:01,613 INFO impl.RaftServerImpl: 9c0ea085-46e6-425e-8b97-263d5b3acfac@group-7491D208186D: changes role from  FOLLOWER to FOLLOWER at term 11 for recognizeCandidate:8167792e-ef5b-4547-97f7-07ae5b77b598
rm_1        | 2019-10-19 00:39:15 INFO  ParentQueue:1340 - assignedContainer queue=root usedCapacity=0.75 absoluteUsedCapacity=0.75 used=<memory:6144, vCores:2> cluster=<memory:8192, vCores:8>
datanode_1  | 2019-10-19 00:38:01,646 INFO impl.FollowerState: 09f460ed-d4db-4720-aa37-5306df8081b1@group-7491D208186D-FollowerState was interrupted: java.lang.InterruptedException: sleep interrupted
nm_1        | 2019-10-19 00:39:27 INFO  ContainerManagerImpl:1070 - Start request for container_1571445475833_0001_01_000005 by user hadoop
datanode_3  | 2019-10-19 00:38:01,613 INFO impl.RoleInfo: 9c0ea085-46e6-425e-8b97-263d5b3acfac: shutdown FollowerState
datanode_2  | 2019-10-19 00:38:01,880 INFO impl.RoleInfo: 8167792e-ef5b-4547-97f7-07ae5b77b598: start LeaderElection
rm_1        | 2019-10-19 00:39:15 INFO  CapacityScheduler:2894 - Allocation proposal accepted
datanode_1  | 2019-10-19 00:38:01,692 INFO impl.RaftServerImpl: 09f460ed-d4db-4720-aa37-5306df8081b1@group-7491D208186D: changes role from  FOLLOWER to FOLLOWER at term 13 for recognizeCandidate:8167792e-ef5b-4547-97f7-07ae5b77b598
datanode_3  | 2019-10-19 00:38:01,613 INFO impl.FollowerState: 9c0ea085-46e6-425e-8b97-263d5b3acfac@group-7491D208186D-FollowerState was interrupted: java.lang.InterruptedException: sleep interrupted
datanode_2  | 2019-10-19 00:38:02,027 INFO impl.LeaderElection: 8167792e-ef5b-4547-97f7-07ae5b77b598@group-7491D208186D-LeaderElection8: begin an election at term 14 for -1: [09f460ed-d4db-4720-aa37-5306df8081b1:172.18.0.7:9858, 9c0ea085-46e6-425e-8b97-263d5b3acfac:172.18.0.9:9858, 8167792e-ef5b-4547-97f7-07ae5b77b598:172.18.0.3:9858], old=null
rm_1        | 2019-10-19 00:39:16 INFO  RMContainerImpl:480 - container_1571445475833_0001_01_000003 Container Transitioned from ALLOCATED to ACQUIRED
datanode_1  | 2019-10-19 00:38:01,692 INFO impl.RoleInfo: 09f460ed-d4db-4720-aa37-5306df8081b1: shutdown FollowerState
datanode_3  | 2019-10-19 00:38:01,613 INFO impl.RoleInfo: 9c0ea085-46e6-425e-8b97-263d5b3acfac: start FollowerState
datanode_2  | 2019-10-19 00:38:02,108 INFO impl.LeaderElection: 8167792e-ef5b-4547-97f7-07ae5b77b598@group-7491D208186D-LeaderElection8: Election REJECTED; received 2 response(s) [8167792e-ef5b-4547-97f7-07ae5b77b598<-09f460ed-d4db-4720-aa37-5306df8081b1#0:FAIL-t14, 8167792e-ef5b-4547-97f7-07ae5b77b598<-9c0ea085-46e6-425e-8b97-263d5b3acfac#0:FAIL-t14] and 0 exception(s); 8167792e-ef5b-4547-97f7-07ae5b77b598@group-7491D208186D:t14, leader=null, voted=8167792e-ef5b-4547-97f7-07ae5b77b598, raftlog=8167792e-ef5b-4547-97f7-07ae5b77b598@group-7491D208186D-SegmentedRaftLog:OPENED:c-1,f-1,i0, conf=-1: [09f460ed-d4db-4720-aa37-5306df8081b1:172.18.0.7:9858, 9c0ea085-46e6-425e-8b97-263d5b3acfac:172.18.0.9:9858, 8167792e-ef5b-4547-97f7-07ae5b77b598:172.18.0.3:9858], old=null
rm_1        | 2019-10-19 00:39:16 INFO  RMContainerImpl:480 - container_1571445475833_0001_01_000003 Container Transitioned from ACQUIRED to RUNNING
datanode_1  | 2019-10-19 00:38:01,692 INFO impl.FollowerState: 09f460ed-d4db-4720-aa37-5306df8081b1@group-7491D208186D-FollowerState was interrupted: java.lang.InterruptedException: sleep interrupted
datanode_2  | 2019-10-19 00:38:02,109 INFO impl.RaftServerImpl: 8167792e-ef5b-4547-97f7-07ae5b77b598@group-7491D208186D: changes role from CANDIDATE to FOLLOWER at term 14 for DISCOVERED_A_NEW_TERM
datanode_3  | 2019-10-19 00:38:01,647 INFO impl.RaftServerImpl: 9c0ea085-46e6-425e-8b97-263d5b3acfac@group-7491D208186D: changes role from  FOLLOWER to FOLLOWER at term 12 for recognizeCandidate:8167792e-ef5b-4547-97f7-07ae5b77b598
nm_1        | 2019-10-19 00:39:27 INFO  NMAuditLogger:94 - USER=hadoop	IP=172.18.0.8	OPERATION=Start Container Request	TARGET=ContainerManageImpl	RESULT=SUCCESS	APPID=application_1571445475833_0001	CONTAINERID=container_1571445475833_0001_01_000005
rm_1        | 2019-10-19 00:39:21 INFO  RMContainerImpl:480 - container_1571445475833_0001_01_000003 Container Transitioned from RUNNING to COMPLETED
datanode_1  | 2019-10-19 00:38:01,692 INFO impl.RoleInfo: 09f460ed-d4db-4720-aa37-5306df8081b1: start FollowerState
datanode_2  | 2019-10-19 00:38:02,109 INFO impl.RoleInfo: 8167792e-ef5b-4547-97f7-07ae5b77b598: shutdown LeaderElection
datanode_3  | 2019-10-19 00:38:01,647 INFO impl.RoleInfo: 9c0ea085-46e6-425e-8b97-263d5b3acfac: shutdown FollowerState
rm_1        | 2019-10-19 00:39:21 INFO  RMAuditLogger:231 - USER=hadoop	OPERATION=AM Released Container	TARGET=SchedulerApp	RESULT=SUCCESS	APPID=application_1571445475833_0001	CONTAINERID=container_1571445475833_0001_01_000003	RESOURCE=<memory:4096, vCores:1>	QUEUENAME=default
nm_1        | 2019-10-19 00:39:27 INFO  ApplicationImpl:463 - Adding container_1571445475833_0001_01_000005 to application application_1571445475833_0001
datanode_1  | 2019-10-19 00:38:02,048 INFO impl.RaftServerImpl: 09f460ed-d4db-4720-aa37-5306df8081b1@group-7491D208186D: changes role from  FOLLOWER to FOLLOWER at term 14 for recognizeCandidate:8167792e-ef5b-4547-97f7-07ae5b77b598
datanode_2  | 2019-10-19 00:38:02,110 INFO impl.RoleInfo: 8167792e-ef5b-4547-97f7-07ae5b77b598: start FollowerState
datanode_3  | 2019-10-19 00:38:01,647 INFO impl.FollowerState: 9c0ea085-46e6-425e-8b97-263d5b3acfac@group-7491D208186D-FollowerState was interrupted: java.lang.InterruptedException: sleep interrupted
rm_1        | 2019-10-19 00:39:22 INFO  AbstractContainerAllocator:129 - assignedContainer application attempt=appattempt_1571445475833_0001_000001 container=null queue=default clusterResource=<memory:8192, vCores:8> type=RACK_LOCAL requestedPartition=
datanode_1  | 2019-10-19 00:38:02,048 INFO impl.RoleInfo: 09f460ed-d4db-4720-aa37-5306df8081b1: shutdown FollowerState
nm_1        | 2019-10-19 00:39:27 INFO  ContainerImpl:2126 - Container container_1571445475833_0001_01_000005 transitioned from NEW to LOCALIZING
datanode_2  | 2019-10-19 00:38:02,254 INFO impl.FollowerState: 8167792e-ef5b-4547-97f7-07ae5b77b598@group-7491D208186D-FollowerState: change to CANDIDATE, lastRpcTime:144ms, electionTimeout:144ms
datanode_3  | 2019-10-19 00:38:01,647 INFO impl.RoleInfo: 9c0ea085-46e6-425e-8b97-263d5b3acfac: start FollowerState
rm_1        | 2019-10-19 00:39:22 INFO  RMContainerImpl:480 - container_1571445475833_0001_01_000004 Container Transitioned from NEW to ALLOCATED
datanode_1  | 2019-10-19 00:38:02,049 INFO impl.FollowerState: 09f460ed-d4db-4720-aa37-5306df8081b1@group-7491D208186D-FollowerState was interrupted: java.lang.InterruptedException: sleep interrupted
nm_1        | 2019-10-19 00:39:27 INFO  AuxServices:350 - Got event CONTAINER_INIT for appId application_1571445475833_0001
datanode_2  | 2019-10-19 00:38:02,255 INFO impl.RoleInfo: 8167792e-ef5b-4547-97f7-07ae5b77b598: shutdown FollowerState
datanode_3  | 2019-10-19 00:38:01,692 INFO impl.RaftServerImpl: 9c0ea085-46e6-425e-8b97-263d5b3acfac@group-7491D208186D: changes role from  FOLLOWER to FOLLOWER at term 13 for recognizeCandidate:8167792e-ef5b-4547-97f7-07ae5b77b598
rm_1        | 2019-10-19 00:39:22 INFO  FiCaSchedulerNode:169 - Assigned container container_1571445475833_0001_01_000004 of capacity <memory:4096, vCores:1> on host nm:35707, which has 2 containers, <memory:6144, vCores:2> used and <memory:2048, vCores:6> available after allocation
datanode_1  | 2019-10-19 00:38:02,049 INFO impl.RoleInfo: 09f460ed-d4db-4720-aa37-5306df8081b1: start FollowerState
nm_1        | 2019-10-19 00:39:27 INFO  AuxServices:350 - Got event APPLICATION_INIT for appId application_1571445475833_0001
datanode_2  | 2019-10-19 00:38:02,255 INFO impl.RaftServerImpl: 8167792e-ef5b-4547-97f7-07ae5b77b598@group-7491D208186D: changes role from  FOLLOWER to CANDIDATE at term 14 for changeToCandidate
datanode_3  | 2019-10-19 00:38:01,693 INFO impl.RoleInfo: 9c0ea085-46e6-425e-8b97-263d5b3acfac: shutdown FollowerState
datanode_1  | 2019-10-19 00:38:02,810 INFO impl.RaftServerImpl: 09f460ed-d4db-4720-aa37-5306df8081b1@group-7491D208186D: changes role from  FOLLOWER to FOLLOWER at term 15 for recognizeCandidate:8167792e-ef5b-4547-97f7-07ae5b77b598
nm_1        | 2019-10-19 00:39:27 INFO  AuxServices:354 - Got APPLICATION_INIT for service mapreduce_shuffle
datanode_2  | 2019-10-19 00:38:02,256 INFO impl.RoleInfo: 8167792e-ef5b-4547-97f7-07ae5b77b598: start LeaderElection
datanode_3  | 2019-10-19 00:38:01,693 INFO impl.FollowerState: 9c0ea085-46e6-425e-8b97-263d5b3acfac@group-7491D208186D-FollowerState was interrupted: java.lang.InterruptedException: sleep interrupted
datanode_1  | 2019-10-19 00:38:02,811 INFO impl.RoleInfo: 09f460ed-d4db-4720-aa37-5306df8081b1: shutdown FollowerState
nm_1        | 2019-10-19 00:39:27 INFO  ShuffleHandler:719 - Added token for job_1571445475833_0001
datanode_2  | 2019-10-19 00:38:02,784 INFO impl.LeaderElection: 8167792e-ef5b-4547-97f7-07ae5b77b598@group-7491D208186D-LeaderElection9: begin an election at term 15 for -1: [09f460ed-d4db-4720-aa37-5306df8081b1:172.18.0.7:9858, 9c0ea085-46e6-425e-8b97-263d5b3acfac:172.18.0.9:9858, 8167792e-ef5b-4547-97f7-07ae5b77b598:172.18.0.3:9858], old=null
rm_1        | 2019-10-19 00:39:22 INFO  RMAuditLogger:231 - USER=hadoop	OPERATION=AM Allocated Container	TARGET=SchedulerApp	RESULT=SUCCESS	APPID=application_1571445475833_0001	CONTAINERID=container_1571445475833_0001_01_000004	RESOURCE=<memory:4096, vCores:1>	QUEUENAME=default
datanode_3  | 2019-10-19 00:38:01,693 INFO impl.RoleInfo: 9c0ea085-46e6-425e-8b97-263d5b3acfac: start FollowerState
nm_1        | 2019-10-19 00:39:27 INFO  ContainerImpl:2126 - Container container_1571445475833_0001_01_000005 transitioned from LOCALIZING to SCHEDULED
datanode_2  | 2019-10-19 00:38:02,817 INFO impl.LeaderElection: 8167792e-ef5b-4547-97f7-07ae5b77b598@group-7491D208186D-LeaderElection9: Election TIMEOUT; received 0 response(s) [] and 0 exception(s); 8167792e-ef5b-4547-97f7-07ae5b77b598@group-7491D208186D:t15, leader=null, voted=8167792e-ef5b-4547-97f7-07ae5b77b598, raftlog=8167792e-ef5b-4547-97f7-07ae5b77b598@group-7491D208186D-SegmentedRaftLog:OPENED:c-1,f-1,i0, conf=-1: [09f460ed-d4db-4720-aa37-5306df8081b1:172.18.0.7:9858, 9c0ea085-46e6-425e-8b97-263d5b3acfac:172.18.0.9:9858, 8167792e-ef5b-4547-97f7-07ae5b77b598:172.18.0.3:9858], old=null
datanode_1  | 2019-10-19 00:38:02,811 INFO impl.FollowerState: 09f460ed-d4db-4720-aa37-5306df8081b1@group-7491D208186D-FollowerState was interrupted: java.lang.InterruptedException: sleep interrupted
rm_1        | 2019-10-19 00:39:22 INFO  ParentQueue:1340 - assignedContainer queue=root usedCapacity=0.75 absoluteUsedCapacity=0.75 used=<memory:6144, vCores:2> cluster=<memory:8192, vCores:8>
datanode_3  | 2019-10-19 00:38:02,045 INFO impl.RaftServerImpl: 9c0ea085-46e6-425e-8b97-263d5b3acfac@group-7491D208186D: changes role from  FOLLOWER to FOLLOWER at term 14 for recognizeCandidate:8167792e-ef5b-4547-97f7-07ae5b77b598
nm_1        | 2019-10-19 00:39:27 INFO  ContainerScheduler:511 - Starting container [container_1571445475833_0001_01_000005]
datanode_2  | 2019-10-19 00:38:03,083 INFO impl.LeaderElection: 8167792e-ef5b-4547-97f7-07ae5b77b598@group-7491D208186D-LeaderElection9: begin an election at term 16 for -1: [09f460ed-d4db-4720-aa37-5306df8081b1:172.18.0.7:9858, 9c0ea085-46e6-425e-8b97-263d5b3acfac:172.18.0.9:9858, 8167792e-ef5b-4547-97f7-07ae5b77b598:172.18.0.3:9858], old=null
rm_1        | 2019-10-19 00:39:22 INFO  CapacityScheduler:2894 - Allocation proposal accepted
datanode_1  | 2019-10-19 00:38:02,811 INFO impl.RoleInfo: 09f460ed-d4db-4720-aa37-5306df8081b1: start FollowerState
datanode_3  | 2019-10-19 00:38:02,046 INFO impl.RoleInfo: 9c0ea085-46e6-425e-8b97-263d5b3acfac: shutdown FollowerState
nm_1        | 2019-10-19 00:39:27 INFO  Configuration:3318 - Removed undeclared tags:
datanode_2  | 2019-10-19 00:38:03,151 INFO impl.LeaderElection: 8167792e-ef5b-4547-97f7-07ae5b77b598@group-7491D208186D-LeaderElection9: Election TIMEOUT; received 0 response(s) [] and 0 exception(s); 8167792e-ef5b-4547-97f7-07ae5b77b598@group-7491D208186D:t16, leader=null, voted=8167792e-ef5b-4547-97f7-07ae5b77b598, raftlog=8167792e-ef5b-4547-97f7-07ae5b77b598@group-7491D208186D-SegmentedRaftLog:OPENED:c-1,f-1,i0, conf=-1: [09f460ed-d4db-4720-aa37-5306df8081b1:172.18.0.7:9858, 9c0ea085-46e6-425e-8b97-263d5b3acfac:172.18.0.9:9858, 8167792e-ef5b-4547-97f7-07ae5b77b598:172.18.0.3:9858], old=null
rm_1        | 2019-10-19 00:39:22 INFO  RMContainerImpl:480 - container_1571445475833_0001_01_000004 Container Transitioned from ALLOCATED to ACQUIRED
datanode_1  | 2019-10-19 00:38:03,121 INFO impl.RaftServerImpl: 09f460ed-d4db-4720-aa37-5306df8081b1@group-7491D208186D: changes role from  FOLLOWER to FOLLOWER at term 16 for recognizeCandidate:8167792e-ef5b-4547-97f7-07ae5b77b598
datanode_3  | 2019-10-19 00:38:02,046 INFO impl.RoleInfo: 9c0ea085-46e6-425e-8b97-263d5b3acfac: start FollowerState
nm_1        | 2019-10-19 00:39:27 INFO  ContainerImpl:2126 - Container container_1571445475833_0001_01_000005 transitioned from SCHEDULED to RUNNING
datanode_2  | 2019-10-19 00:38:03,241 INFO impl.LeaderElection: 8167792e-ef5b-4547-97f7-07ae5b77b598@group-7491D208186D-LeaderElection9: begin an election at term 17 for -1: [09f460ed-d4db-4720-aa37-5306df8081b1:172.18.0.7:9858, 9c0ea085-46e6-425e-8b97-263d5b3acfac:172.18.0.9:9858, 8167792e-ef5b-4547-97f7-07ae5b77b598:172.18.0.3:9858], old=null
rm_1        | 2019-10-19 00:39:23 INFO  RMContainerImpl:480 - container_1571445475833_0001_01_000004 Container Transitioned from ACQUIRED to RUNNING
datanode_1  | 2019-10-19 00:38:03,121 INFO impl.RoleInfo: 09f460ed-d4db-4720-aa37-5306df8081b1: shutdown FollowerState
datanode_3  | 2019-10-19 00:38:02,046 INFO impl.FollowerState: 9c0ea085-46e6-425e-8b97-263d5b3acfac@group-7491D208186D-FollowerState was interrupted: java.lang.InterruptedException: sleep interrupted
nm_1        | 2019-10-19 00:39:27 INFO  ContainersMonitorImpl:943 - Starting resource-monitoring for container_1571445475833_0001_01_000005
datanode_2  | 2019-10-19 00:38:03,330 INFO impl.LeaderElection: 8167792e-ef5b-4547-97f7-07ae5b77b598@group-7491D208186D-LeaderElection9: Election TIMEOUT; received 0 response(s) [] and 0 exception(s); 8167792e-ef5b-4547-97f7-07ae5b77b598@group-7491D208186D:t17, leader=null, voted=8167792e-ef5b-4547-97f7-07ae5b77b598, raftlog=8167792e-ef5b-4547-97f7-07ae5b77b598@group-7491D208186D-SegmentedRaftLog:OPENED:c-1,f-1,i0, conf=-1: [09f460ed-d4db-4720-aa37-5306df8081b1:172.18.0.7:9858, 9c0ea085-46e6-425e-8b97-263d5b3acfac:172.18.0.9:9858, 8167792e-ef5b-4547-97f7-07ae5b77b598:172.18.0.3:9858], old=null
rm_1        | 2019-10-19 00:39:23 INFO  AppSchedulingInfo:367 - checking for deactivate of application :application_1571445475833_0001
datanode_1  | 2019-10-19 00:38:03,121 INFO impl.RoleInfo: 09f460ed-d4db-4720-aa37-5306df8081b1: start FollowerState
nm_1        | 2019-10-19 00:39:27 INFO  DefaultContainerExecutor:370 - launchContainer: [bash, /tmp/hadoop-hadoop/nm-local-dir/usercache/hadoop/appcache/application_1571445475833_0001/container_1571445475833_0001_01_000005/default_container_executor.sh]
datanode_2  | 2019-10-19 00:38:03,962 INFO impl.LeaderElection: 8167792e-ef5b-4547-97f7-07ae5b77b598@group-7491D208186D-LeaderElection9: begin an election at term 18 for -1: [09f460ed-d4db-4720-aa37-5306df8081b1:172.18.0.7:9858, 9c0ea085-46e6-425e-8b97-263d5b3acfac:172.18.0.9:9858, 8167792e-ef5b-4547-97f7-07ae5b77b598:172.18.0.3:9858], old=null
rm_1        | 2019-10-19 00:39:27 INFO  RMContainerImpl:480 - container_1571445475833_0001_01_000004 Container Transitioned from RUNNING to COMPLETED
datanode_1  | 2019-10-19 00:38:03,121 INFO impl.FollowerState: 09f460ed-d4db-4720-aa37-5306df8081b1@group-7491D208186D-FollowerState was interrupted: java.lang.InterruptedException: sleep interrupted
nm_1        | 2019-10-19 00:39:28 INFO  ContainersMonitorImpl:567 - container_1571445475833_0001_01_000005's ip = 172.18.0.8, and hostname = nm
datanode_3  | 2019-10-19 00:38:02,809 INFO impl.RaftServerImpl: 9c0ea085-46e6-425e-8b97-263d5b3acfac@group-7491D208186D: changes role from  FOLLOWER to FOLLOWER at term 15 for recognizeCandidate:8167792e-ef5b-4547-97f7-07ae5b77b598
datanode_2  | 2019-10-19 00:38:04,003 INFO impl.LeaderElection: 8167792e-ef5b-4547-97f7-07ae5b77b598@group-7491D208186D-LeaderElection9: Election TIMEOUT; received 0 response(s) [] and 0 exception(s); 8167792e-ef5b-4547-97f7-07ae5b77b598@group-7491D208186D:t18, leader=null, voted=8167792e-ef5b-4547-97f7-07ae5b77b598, raftlog=8167792e-ef5b-4547-97f7-07ae5b77b598@group-7491D208186D-SegmentedRaftLog:OPENED:c-1,f-1,i0, conf=-1: [09f460ed-d4db-4720-aa37-5306df8081b1:172.18.0.7:9858, 9c0ea085-46e6-425e-8b97-263d5b3acfac:172.18.0.9:9858, 8167792e-ef5b-4547-97f7-07ae5b77b598:172.18.0.3:9858], old=null
rm_1        | 2019-10-19 00:39:27 INFO  RMAuditLogger:231 - USER=hadoop	OPERATION=AM Released Container	TARGET=SchedulerApp	RESULT=SUCCESS	APPID=application_1571445475833_0001	CONTAINERID=container_1571445475833_0001_01_000004	RESOURCE=<memory:4096, vCores:1>	QUEUENAME=default
datanode_1  | 2019-10-19 00:38:03,272 INFO impl.RaftServerImpl: 09f460ed-d4db-4720-aa37-5306df8081b1@group-7491D208186D: changes role from  FOLLOWER to FOLLOWER at term 17 for recognizeCandidate:8167792e-ef5b-4547-97f7-07ae5b77b598
rm_1        | 2019-10-19 00:39:27 INFO  AbstractContainerAllocator:129 - assignedContainer application attempt=appattempt_1571445475833_0001_000001 container=null queue=default clusterResource=<memory:8192, vCores:8> type=OFF_SWITCH requestedPartition=
nm_1        | 2019-10-19 00:39:29 INFO  NodeStatusUpdaterImpl:696 - Removed completed containers from NM context: [container_1571445475833_0001_01_000004]
datanode_3  | 2019-10-19 00:38:02,809 INFO impl.RoleInfo: 9c0ea085-46e6-425e-8b97-263d5b3acfac: shutdown FollowerState
datanode_2  | 2019-10-19 00:38:04,157 INFO impl.LeaderElection: 8167792e-ef5b-4547-97f7-07ae5b77b598@group-7491D208186D-LeaderElection9: begin an election at term 19 for -1: [09f460ed-d4db-4720-aa37-5306df8081b1:172.18.0.7:9858, 9c0ea085-46e6-425e-8b97-263d5b3acfac:172.18.0.9:9858, 8167792e-ef5b-4547-97f7-07ae5b77b598:172.18.0.3:9858], old=null
datanode_1  | 2019-10-19 00:38:03,272 INFO impl.RoleInfo: 09f460ed-d4db-4720-aa37-5306df8081b1: shutdown FollowerState
rm_1        | 2019-10-19 00:39:27 INFO  RMContainerImpl:480 - container_1571445475833_0001_01_000005 Container Transitioned from NEW to ALLOCATED
nm_1        | 2019-10-19 00:39:30 INFO  Configuration:3318 - Removed undeclared tags:
datanode_3  | 2019-10-19 00:38:02,809 INFO impl.FollowerState: 9c0ea085-46e6-425e-8b97-263d5b3acfac@group-7491D208186D-FollowerState was interrupted: java.lang.InterruptedException: sleep interrupted
datanode_2  | 2019-10-19 00:38:04,225 INFO impl.LeaderElection: 8167792e-ef5b-4547-97f7-07ae5b77b598@group-7491D208186D-LeaderElection9: Election TIMEOUT; received 0 response(s) [] and 0 exception(s); 8167792e-ef5b-4547-97f7-07ae5b77b598@group-7491D208186D:t19, leader=null, voted=8167792e-ef5b-4547-97f7-07ae5b77b598, raftlog=8167792e-ef5b-4547-97f7-07ae5b77b598@group-7491D208186D-SegmentedRaftLog:OPENED:c-1,f-1,i0, conf=-1: [09f460ed-d4db-4720-aa37-5306df8081b1:172.18.0.7:9858, 9c0ea085-46e6-425e-8b97-263d5b3acfac:172.18.0.9:9858, 8167792e-ef5b-4547-97f7-07ae5b77b598:172.18.0.3:9858], old=null
datanode_1  | 2019-10-19 00:38:03,273 INFO impl.RoleInfo: 09f460ed-d4db-4720-aa37-5306df8081b1: start FollowerState
nm_1        | 2019-10-19 00:39:30 INFO  Configuration:3318 - Removed undeclared tags:
datanode_3  | 2019-10-19 00:38:02,809 INFO impl.RoleInfo: 9c0ea085-46e6-425e-8b97-263d5b3acfac: start FollowerState
datanode_2  | 2019-10-19 00:38:06,373 INFO impl.LeaderElection: 8167792e-ef5b-4547-97f7-07ae5b77b598@group-7491D208186D-LeaderElection9: begin an election at term 20 for -1: [09f460ed-d4db-4720-aa37-5306df8081b1:172.18.0.7:9858, 9c0ea085-46e6-425e-8b97-263d5b3acfac:172.18.0.9:9858, 8167792e-ef5b-4547-97f7-07ae5b77b598:172.18.0.3:9858], old=null
datanode_1  | 2019-10-19 00:38:03,273 INFO impl.FollowerState: 09f460ed-d4db-4720-aa37-5306df8081b1@group-7491D208186D-FollowerState was interrupted: java.lang.InterruptedException: sleep interrupted
rm_1        | 2019-10-19 00:39:27 INFO  FiCaSchedulerNode:169 - Assigned container container_1571445475833_0001_01_000005 of capacity <memory:4096, vCores:1> on host nm:35707, which has 2 containers, <memory:6144, vCores:2> used and <memory:2048, vCores:6> available after allocation
nm_1        | 2019-10-19 00:39:31 INFO  ContainersMonitorImpl:468 - Skipping monitoring container container_1571445475833_0001_01_000005 since CPU usage is not yet available.
datanode_3  | 2019-10-19 00:38:03,121 INFO impl.RaftServerImpl: 9c0ea085-46e6-425e-8b97-263d5b3acfac@group-7491D208186D: changes role from  FOLLOWER to FOLLOWER at term 16 for recognizeCandidate:8167792e-ef5b-4547-97f7-07ae5b77b598
datanode_1  | 2019-10-19 00:38:03,980 INFO impl.RaftServerImpl: 09f460ed-d4db-4720-aa37-5306df8081b1@group-7491D208186D: changes role from  FOLLOWER to FOLLOWER at term 18 for recognizeCandidate:8167792e-ef5b-4547-97f7-07ae5b77b598
datanode_2  | 2019-10-19 00:38:06,412 INFO impl.LeaderElection: 8167792e-ef5b-4547-97f7-07ae5b77b598@group-7491D208186D-LeaderElection9: Election REJECTED; received 2 response(s) [8167792e-ef5b-4547-97f7-07ae5b77b598<-09f460ed-d4db-4720-aa37-5306df8081b1#0:FAIL-t20, 8167792e-ef5b-4547-97f7-07ae5b77b598<-9c0ea085-46e6-425e-8b97-263d5b3acfac#0:FAIL-t20] and 0 exception(s); 8167792e-ef5b-4547-97f7-07ae5b77b598@group-7491D208186D:t20, leader=null, voted=8167792e-ef5b-4547-97f7-07ae5b77b598, raftlog=8167792e-ef5b-4547-97f7-07ae5b77b598@group-7491D208186D-SegmentedRaftLog:OPENED:c-1,f-1,i0, conf=-1: [09f460ed-d4db-4720-aa37-5306df8081b1:172.18.0.7:9858, 9c0ea085-46e6-425e-8b97-263d5b3acfac:172.18.0.9:9858, 8167792e-ef5b-4547-97f7-07ae5b77b598:172.18.0.3:9858], old=null
rm_1        | 2019-10-19 00:39:27 INFO  RMAuditLogger:231 - USER=hadoop	OPERATION=AM Allocated Container	TARGET=SchedulerApp	RESULT=SUCCESS	APPID=application_1571445475833_0001	CONTAINERID=container_1571445475833_0001_01_000005	RESOURCE=<memory:4096, vCores:1>	QUEUENAME=default
datanode_3  | 2019-10-19 00:38:03,121 INFO impl.RoleInfo: 9c0ea085-46e6-425e-8b97-263d5b3acfac: shutdown FollowerState
nm_1        | 2019-10-19 00:39:33 INFO  ContainerLaunch:589 - Container container_1571445475833_0001_01_000005 succeeded 
datanode_1  | 2019-10-19 00:38:03,980 INFO impl.RoleInfo: 09f460ed-d4db-4720-aa37-5306df8081b1: shutdown FollowerState
datanode_2  | 2019-10-19 00:38:06,412 INFO impl.RaftServerImpl: 8167792e-ef5b-4547-97f7-07ae5b77b598@group-7491D208186D: changes role from CANDIDATE to FOLLOWER at term 20 for DISCOVERED_A_NEW_TERM
rm_1        | 2019-10-19 00:39:27 INFO  ParentQueue:1340 - assignedContainer queue=root usedCapacity=0.75 absoluteUsedCapacity=0.75 used=<memory:6144, vCores:2> cluster=<memory:8192, vCores:8>
datanode_3  | 2019-10-19 00:38:03,122 INFO impl.FollowerState: 9c0ea085-46e6-425e-8b97-263d5b3acfac@group-7491D208186D-FollowerState was interrupted: java.lang.InterruptedException: sleep interrupted
nm_1        | 2019-10-19 00:39:33 INFO  ContainerImpl:2126 - Container container_1571445475833_0001_01_000005 transitioned from RUNNING to EXITED_WITH_SUCCESS
datanode_1  | 2019-10-19 00:38:03,980 INFO impl.RoleInfo: 09f460ed-d4db-4720-aa37-5306df8081b1: start FollowerState
rm_1        | 2019-10-19 00:39:27 INFO  CapacityScheduler:2894 - Allocation proposal accepted
datanode_2  | 2019-10-19 00:38:06,412 INFO impl.RoleInfo: 8167792e-ef5b-4547-97f7-07ae5b77b598: shutdown LeaderElection
nm_1        | 2019-10-19 00:39:33 INFO  ContainerLaunch:745 - Cleaning up container container_1571445475833_0001_01_000005
datanode_3  | 2019-10-19 00:38:03,122 INFO impl.RoleInfo: 9c0ea085-46e6-425e-8b97-263d5b3acfac: start FollowerState
datanode_1  | 2019-10-19 00:38:03,980 INFO impl.FollowerState: 09f460ed-d4db-4720-aa37-5306df8081b1@group-7491D208186D-FollowerState was interrupted: java.lang.InterruptedException: sleep interrupted
rm_1        | 2019-10-19 00:39:27 INFO  RMContainerImpl:480 - container_1571445475833_0001_01_000005 Container Transitioned from ALLOCATED to ACQUIRED
datanode_2  | 2019-10-19 00:38:06,412 INFO impl.RoleInfo: 8167792e-ef5b-4547-97f7-07ae5b77b598: start FollowerState
nm_1        | 2019-10-19 00:39:33 INFO  Configuration:3318 - Removed undeclared tags:
datanode_3  | 2019-10-19 00:38:03,267 INFO impl.RaftServerImpl: 9c0ea085-46e6-425e-8b97-263d5b3acfac@group-7491D208186D: changes role from  FOLLOWER to FOLLOWER at term 17 for recognizeCandidate:8167792e-ef5b-4547-97f7-07ae5b77b598
rm_1        | 2019-10-19 00:39:28 INFO  RMContainerImpl:480 - container_1571445475833_0001_01_000005 Container Transitioned from ACQUIRED to RUNNING
datanode_2  | 2019-10-19 00:38:06,437 INFO impl.FollowerState: 8167792e-ef5b-4547-97f7-07ae5b77b598@group-7491D208186D-FollowerState: change to CANDIDATE, lastRpcTime:24ms, electionTimeout:24ms
datanode_1  | 2019-10-19 00:38:04,183 INFO impl.RaftServerImpl: 09f460ed-d4db-4720-aa37-5306df8081b1@group-7491D208186D: changes role from  FOLLOWER to FOLLOWER at term 19 for recognizeCandidate:8167792e-ef5b-4547-97f7-07ae5b77b598
nm_1        | 2019-10-19 00:39:33 INFO  DefaultContainerExecutor:634 - Deleting absolute path : /tmp/hadoop-hadoop/nm-local-dir/usercache/hadoop/appcache/application_1571445475833_0001/container_1571445475833_0001_01_000005/launch_container.sh
datanode_3  | 2019-10-19 00:38:03,267 INFO impl.RoleInfo: 9c0ea085-46e6-425e-8b97-263d5b3acfac: shutdown FollowerState
rm_1        | 2019-10-19 00:39:28 INFO  AppSchedulingInfo:367 - checking for deactivate of application :application_1571445475833_0001
datanode_2  | 2019-10-19 00:38:06,438 INFO impl.RoleInfo: 8167792e-ef5b-4547-97f7-07ae5b77b598: shutdown FollowerState
datanode_1  | 2019-10-19 00:38:04,183 INFO impl.RoleInfo: 09f460ed-d4db-4720-aa37-5306df8081b1: shutdown FollowerState
nm_1        | 2019-10-19 00:39:33 INFO  DefaultContainerExecutor:634 - Deleting absolute path : /tmp/hadoop-hadoop/nm-local-dir/usercache/hadoop/appcache/application_1571445475833_0001/container_1571445475833_0001_01_000005/container_tokens
datanode_3  | 2019-10-19 00:38:03,267 INFO impl.RoleInfo: 9c0ea085-46e6-425e-8b97-263d5b3acfac: start FollowerState
rm_1        | 2019-10-19 00:39:33 INFO  RMContainerImpl:480 - container_1571445475833_0001_01_000005 Container Transitioned from RUNNING to COMPLETED
datanode_2  | 2019-10-19 00:38:06,438 INFO impl.RaftServerImpl: 8167792e-ef5b-4547-97f7-07ae5b77b598@group-7491D208186D: changes role from  FOLLOWER to CANDIDATE at term 20 for changeToCandidate
datanode_1  | 2019-10-19 00:38:04,183 INFO impl.FollowerState: 09f460ed-d4db-4720-aa37-5306df8081b1@group-7491D208186D-FollowerState was interrupted: java.lang.InterruptedException: sleep interrupted
nm_1        | 2019-10-19 00:39:33 INFO  NMAuditLogger:94 - USER=hadoop	OPERATION=Container Finished - Succeeded	TARGET=ContainerImpl	RESULT=SUCCESS	APPID=application_1571445475833_0001	CONTAINERID=container_1571445475833_0001_01_000005
datanode_3  | 2019-10-19 00:38:03,267 INFO impl.FollowerState: 9c0ea085-46e6-425e-8b97-263d5b3acfac@group-7491D208186D-FollowerState was interrupted: java.lang.InterruptedException: sleep interrupted
rm_1        | 2019-10-19 00:39:33 INFO  RMAuditLogger:231 - USER=hadoop	OPERATION=AM Released Container	TARGET=SchedulerApp	RESULT=SUCCESS	APPID=application_1571445475833_0001	CONTAINERID=container_1571445475833_0001_01_000005	RESOURCE=<memory:4096, vCores:1>	QUEUENAME=default
datanode_2  | 2019-10-19 00:38:06,438 INFO impl.RoleInfo: 8167792e-ef5b-4547-97f7-07ae5b77b598: start LeaderElection
datanode_1  | 2019-10-19 00:38:04,183 INFO impl.RoleInfo: 09f460ed-d4db-4720-aa37-5306df8081b1: start FollowerState
nm_1        | 2019-10-19 00:39:33 INFO  ContainerImpl:2126 - Container container_1571445475833_0001_01_000005 transitioned from EXITED_WITH_SUCCESS to DONE
datanode_3  | 2019-10-19 00:38:03,983 INFO impl.RaftServerImpl: 9c0ea085-46e6-425e-8b97-263d5b3acfac@group-7491D208186D: changes role from  FOLLOWER to FOLLOWER at term 18 for recognizeCandidate:8167792e-ef5b-4547-97f7-07ae5b77b598
rm_1        | 2019-10-19 00:39:33 INFO  RMAppAttemptImpl:1420 - Updating application attempt appattempt_1571445475833_0001_000001 with final state: FINISHING, and exit status: -1000
datanode_2  | 2019-10-19 00:38:06,451 INFO impl.LeaderElection: 8167792e-ef5b-4547-97f7-07ae5b77b598@group-7491D208186D-LeaderElection10: begin an election at term 21 for -1: [09f460ed-d4db-4720-aa37-5306df8081b1:172.18.0.7:9858, 9c0ea085-46e6-425e-8b97-263d5b3acfac:172.18.0.9:9858, 8167792e-ef5b-4547-97f7-07ae5b77b598:172.18.0.3:9858], old=null
datanode_1  | 2019-10-19 00:38:06,401 INFO impl.RaftServerImpl: 09f460ed-d4db-4720-aa37-5306df8081b1@group-7491D208186D: changes role from  FOLLOWER to FOLLOWER at term 20 for recognizeCandidate:8167792e-ef5b-4547-97f7-07ae5b77b598
nm_1        | 2019-10-19 00:39:33 INFO  ApplicationImpl:512 - Removing container_1571445475833_0001_01_000005 from application application_1571445475833_0001
datanode_3  | 2019-10-19 00:38:03,983 INFO impl.RoleInfo: 9c0ea085-46e6-425e-8b97-263d5b3acfac: shutdown FollowerState
rm_1        | 2019-10-19 00:39:33 INFO  RMAppAttemptImpl:927 - appattempt_1571445475833_0001_000001 State change from RUNNING to FINAL_SAVING on event = UNREGISTERED
datanode_2  | 2019-10-19 00:38:06,479 INFO impl.LeaderElection: 8167792e-ef5b-4547-97f7-07ae5b77b598@group-7491D208186D-LeaderElection10: Election TIMEOUT; received 0 response(s) [] and 0 exception(s); 8167792e-ef5b-4547-97f7-07ae5b77b598@group-7491D208186D:t21, leader=null, voted=8167792e-ef5b-4547-97f7-07ae5b77b598, raftlog=8167792e-ef5b-4547-97f7-07ae5b77b598@group-7491D208186D-SegmentedRaftLog:OPENED:c-1,f-1,i0, conf=-1: [09f460ed-d4db-4720-aa37-5306df8081b1:172.18.0.7:9858, 9c0ea085-46e6-425e-8b97-263d5b3acfac:172.18.0.9:9858, 8167792e-ef5b-4547-97f7-07ae5b77b598:172.18.0.3:9858], old=null
datanode_1  | 2019-10-19 00:38:06,402 INFO impl.RoleInfo: 09f460ed-d4db-4720-aa37-5306df8081b1: shutdown FollowerState
nm_1        | 2019-10-19 00:39:33 INFO  ContainersMonitorImpl:934 - Stopping resource-monitoring for container_1571445475833_0001_01_000005
datanode_3  | 2019-10-19 00:38:03,983 INFO impl.RoleInfo: 9c0ea085-46e6-425e-8b97-263d5b3acfac: start FollowerState
datanode_2  | 2019-10-19 00:38:06,506 INFO impl.LeaderElection: 8167792e-ef5b-4547-97f7-07ae5b77b598@group-7491D208186D-LeaderElection10: begin an election at term 22 for -1: [09f460ed-d4db-4720-aa37-5306df8081b1:172.18.0.7:9858, 9c0ea085-46e6-425e-8b97-263d5b3acfac:172.18.0.9:9858, 8167792e-ef5b-4547-97f7-07ae5b77b598:172.18.0.3:9858], old=null
rm_1        | 2019-10-19 00:39:33 INFO  RMAppImpl:1278 - Updating application application_1571445475833_0001 with final state: FINISHING
datanode_1  | 2019-10-19 00:38:06,402 INFO impl.FollowerState: 09f460ed-d4db-4720-aa37-5306df8081b1@group-7491D208186D-FollowerState was interrupted: java.lang.InterruptedException: sleep interrupted
datanode_2  | 2019-10-19 00:38:06,547 INFO impl.LeaderElection: 8167792e-ef5b-4547-97f7-07ae5b77b598@group-7491D208186D-LeaderElection10: Election REJECTED; received 2 response(s) [8167792e-ef5b-4547-97f7-07ae5b77b598<-09f460ed-d4db-4720-aa37-5306df8081b1#0:FAIL-t22, 8167792e-ef5b-4547-97f7-07ae5b77b598<-9c0ea085-46e6-425e-8b97-263d5b3acfac#0:FAIL-t22] and 0 exception(s); 8167792e-ef5b-4547-97f7-07ae5b77b598@group-7491D208186D:t22, leader=null, voted=8167792e-ef5b-4547-97f7-07ae5b77b598, raftlog=8167792e-ef5b-4547-97f7-07ae5b77b598@group-7491D208186D-SegmentedRaftLog:OPENED:c-1,f-1,i0, conf=-1: [09f460ed-d4db-4720-aa37-5306df8081b1:172.18.0.7:9858, 9c0ea085-46e6-425e-8b97-263d5b3acfac:172.18.0.9:9858, 8167792e-ef5b-4547-97f7-07ae5b77b598:172.18.0.3:9858], old=null
datanode_3  | 2019-10-19 00:38:03,983 INFO impl.FollowerState: 9c0ea085-46e6-425e-8b97-263d5b3acfac@group-7491D208186D-FollowerState was interrupted: java.lang.InterruptedException: sleep interrupted
nm_1        | 2019-10-19 00:39:33 INFO  AuxServices:350 - Got event CONTAINER_STOP for appId application_1571445475833_0001
rm_1        | 2019-10-19 00:39:33 INFO  RMAppImpl:912 - application_1571445475833_0001 State change from RUNNING to FINAL_SAVING on event = ATTEMPT_UNREGISTERED
datanode_1  | 2019-10-19 00:38:06,402 INFO impl.RoleInfo: 09f460ed-d4db-4720-aa37-5306df8081b1: start FollowerState
datanode_2  | 2019-10-19 00:38:06,547 INFO impl.RaftServerImpl: 8167792e-ef5b-4547-97f7-07ae5b77b598@group-7491D208186D: changes role from CANDIDATE to FOLLOWER at term 22 for DISCOVERED_A_NEW_TERM
datanode_3  | 2019-10-19 00:38:04,177 INFO impl.RaftServerImpl: 9c0ea085-46e6-425e-8b97-263d5b3acfac@group-7491D208186D: changes role from  FOLLOWER to FOLLOWER at term 19 for recognizeCandidate:8167792e-ef5b-4547-97f7-07ae5b77b598
nm_1        | 2019-10-19 00:39:33 INFO  Server:1845 - Auth successful for appattempt_1571445475833_0001_000001 (auth:SIMPLE)
rm_1        | 2019-10-19 00:39:33 INFO  RMStateStore:260 - Updating info for app: application_1571445475833_0001
datanode_1  | 2019-10-19 00:38:06,476 INFO impl.RaftServerImpl: 09f460ed-d4db-4720-aa37-5306df8081b1@group-7491D208186D: changes role from  FOLLOWER to FOLLOWER at term 21 for recognizeCandidate:8167792e-ef5b-4547-97f7-07ae5b77b598
datanode_2  | 2019-10-19 00:38:06,547 INFO impl.RoleInfo: 8167792e-ef5b-4547-97f7-07ae5b77b598: shutdown LeaderElection
datanode_3  | 2019-10-19 00:38:04,177 INFO impl.RoleInfo: 9c0ea085-46e6-425e-8b97-263d5b3acfac: shutdown FollowerState
rm_1        | 2019-10-19 00:39:33 INFO  RMAppAttemptImpl:927 - appattempt_1571445475833_0001_000001 State change from FINAL_SAVING to FINISHING on event = ATTEMPT_UPDATE_SAVED
nm_1        | 2019-10-19 00:39:33 INFO  ContainerManagerImpl:1409 - Stopping container with container Id: container_1571445475833_0001_01_000005
datanode_1  | 2019-10-19 00:38:06,476 INFO impl.RoleInfo: 09f460ed-d4db-4720-aa37-5306df8081b1: shutdown FollowerState
datanode_2  | 2019-10-19 00:38:06,547 INFO impl.RoleInfo: 8167792e-ef5b-4547-97f7-07ae5b77b598: start FollowerState
datanode_3  | 2019-10-19 00:38:04,177 INFO impl.RoleInfo: 9c0ea085-46e6-425e-8b97-263d5b3acfac: start FollowerState
rm_1        | 2019-10-19 00:39:33 INFO  RMAppImpl:912 - application_1571445475833_0001 State change from FINAL_SAVING to FINISHING on event = APP_UPDATE_SAVED
nm_1        | 2019-10-19 00:39:33 INFO  NMAuditLogger:94 - USER=hadoop	IP=172.18.0.8	OPERATION=Stop Container Request	TARGET=ContainerManageImpl	RESULT=SUCCESS	APPID=application_1571445475833_0001	CONTAINERID=container_1571445475833_0001_01_000005
datanode_1  | 2019-10-19 00:38:06,477 INFO impl.FollowerState: 09f460ed-d4db-4720-aa37-5306df8081b1@group-7491D208186D-FollowerState was interrupted: java.lang.InterruptedException: sleep interrupted
datanode_2  | 2019-10-19 00:38:06,660 INFO impl.FollowerState: 8167792e-ef5b-4547-97f7-07ae5b77b598@group-7491D208186D-FollowerState: change to CANDIDATE, lastRpcTime:112ms, electionTimeout:112ms
datanode_3  | 2019-10-19 00:38:04,177 INFO impl.FollowerState: 9c0ea085-46e6-425e-8b97-263d5b3acfac@group-7491D208186D-FollowerState was interrupted: java.lang.InterruptedException: sleep interrupted
rm_1        | 2019-10-19 00:39:34 INFO  ApplicationMasterService:313 - application_1571445475833_0001 unregistered successfully. 
nm_1        | 2019-10-19 00:39:40 INFO  ContainerLaunch:589 - Container container_1571445475833_0001_01_000001 succeeded 
datanode_1  | 2019-10-19 00:38:06,477 INFO impl.RoleInfo: 09f460ed-d4db-4720-aa37-5306df8081b1: start FollowerState
datanode_2  | 2019-10-19 00:38:06,660 INFO impl.RoleInfo: 8167792e-ef5b-4547-97f7-07ae5b77b598: shutdown FollowerState
datanode_3  | 2019-10-19 00:38:06,401 INFO impl.RaftServerImpl: 9c0ea085-46e6-425e-8b97-263d5b3acfac@group-7491D208186D: changes role from  FOLLOWER to FOLLOWER at term 20 for recognizeCandidate:8167792e-ef5b-4547-97f7-07ae5b77b598
rm_1        | 2019-10-19 00:39:38 INFO  ClientRMService:341 - Allocated new applicationId: 2
nm_1        | 2019-10-19 00:39:40 INFO  ContainerImpl:2126 - Container container_1571445475833_0001_01_000001 transitioned from RUNNING to EXITED_WITH_SUCCESS
datanode_1  | 2019-10-19 00:38:06,526 INFO impl.RaftServerImpl: 09f460ed-d4db-4720-aa37-5306df8081b1@group-7491D208186D: changes role from  FOLLOWER to FOLLOWER at term 22 for recognizeCandidate:8167792e-ef5b-4547-97f7-07ae5b77b598
datanode_2  | 2019-10-19 00:38:06,660 INFO impl.RaftServerImpl: 8167792e-ef5b-4547-97f7-07ae5b77b598@group-7491D208186D: changes role from  FOLLOWER to CANDIDATE at term 22 for changeToCandidate
datanode_3  | 2019-10-19 00:38:06,401 INFO impl.RoleInfo: 9c0ea085-46e6-425e-8b97-263d5b3acfac: shutdown FollowerState
rm_1        | 2019-10-19 00:39:40 INFO  RMContainerImpl:480 - container_1571445475833_0001_01_000001 Container Transitioned from RUNNING to COMPLETED
nm_1        | 2019-10-19 00:39:40 INFO  ContainerLaunch:745 - Cleaning up container container_1571445475833_0001_01_000001
datanode_1  | 2019-10-19 00:38:06,526 INFO impl.RoleInfo: 09f460ed-d4db-4720-aa37-5306df8081b1: shutdown FollowerState
datanode_2  | 2019-10-19 00:38:06,661 INFO impl.RoleInfo: 8167792e-ef5b-4547-97f7-07ae5b77b598: start LeaderElection
datanode_3  | 2019-10-19 00:38:06,402 INFO impl.RoleInfo: 9c0ea085-46e6-425e-8b97-263d5b3acfac: start FollowerState
rm_1        | 2019-10-19 00:39:40 INFO  ApplicationMasterService:496 - Unregistering app attempt : appattempt_1571445475833_0001_000001
nm_1        | 2019-10-19 00:39:40 INFO  Configuration:3318 - Removed undeclared tags:
datanode_1  | 2019-10-19 00:38:06,526 INFO impl.RoleInfo: 09f460ed-d4db-4720-aa37-5306df8081b1: start FollowerState
datanode_2  | 2019-10-19 00:38:06,669 INFO impl.LeaderElection: 8167792e-ef5b-4547-97f7-07ae5b77b598@group-7491D208186D-LeaderElection11: begin an election at term 23 for -1: [09f460ed-d4db-4720-aa37-5306df8081b1:172.18.0.7:9858, 9c0ea085-46e6-425e-8b97-263d5b3acfac:172.18.0.9:9858, 8167792e-ef5b-4547-97f7-07ae5b77b598:172.18.0.3:9858], old=null
datanode_3  | 2019-10-19 00:38:06,402 INFO impl.FollowerState: 9c0ea085-46e6-425e-8b97-263d5b3acfac@group-7491D208186D-FollowerState was interrupted: java.lang.InterruptedException: sleep interrupted
rm_1        | 2019-10-19 00:39:40 INFO  RMAuditLogger:231 - USER=hadoop	OPERATION=AM Released Container	TARGET=SchedulerApp	RESULT=SUCCESS	APPID=application_1571445475833_0001	CONTAINERID=container_1571445475833_0001_01_000001	RESOURCE=<memory:2048, vCores:1>	QUEUENAME=default
nm_1        | 2019-10-19 00:39:40 INFO  DefaultContainerExecutor:634 - Deleting absolute path : /tmp/hadoop-hadoop/nm-local-dir/usercache/hadoop/appcache/application_1571445475833_0001/container_1571445475833_0001_01_000001/launch_container.sh
datanode_1  | 2019-10-19 00:38:06,526 INFO impl.FollowerState: 09f460ed-d4db-4720-aa37-5306df8081b1@group-7491D208186D-FollowerState was interrupted: java.lang.InterruptedException: sleep interrupted
datanode_2  | 2019-10-19 00:38:06,670 INFO impl.LeaderElection: 8167792e-ef5b-4547-97f7-07ae5b77b598@group-7491D208186D-LeaderElection11: Election TIMEOUT; received 0 response(s) [] and 0 exception(s); 8167792e-ef5b-4547-97f7-07ae5b77b598@group-7491D208186D:t23, leader=null, voted=8167792e-ef5b-4547-97f7-07ae5b77b598, raftlog=8167792e-ef5b-4547-97f7-07ae5b77b598@group-7491D208186D-SegmentedRaftLog:OPENED:c-1,f-1,i0, conf=-1: [09f460ed-d4db-4720-aa37-5306df8081b1:172.18.0.7:9858, 9c0ea085-46e6-425e-8b97-263d5b3acfac:172.18.0.9:9858, 8167792e-ef5b-4547-97f7-07ae5b77b598:172.18.0.3:9858], old=null
datanode_3  | 2019-10-19 00:38:06,470 INFO impl.RaftServerImpl: 9c0ea085-46e6-425e-8b97-263d5b3acfac@group-7491D208186D: changes role from  FOLLOWER to FOLLOWER at term 21 for recognizeCandidate:8167792e-ef5b-4547-97f7-07ae5b77b598
rm_1        | 2019-10-19 00:39:40 INFO  AMRMTokenSecretManager:124 - Application finished, removing password for appattempt_1571445475833_0001_000001
nm_1        | 2019-10-19 00:39:40 INFO  DefaultContainerExecutor:634 - Deleting absolute path : /tmp/hadoop-hadoop/nm-local-dir/usercache/hadoop/appcache/application_1571445475833_0001/container_1571445475833_0001_01_000001/container_tokens
datanode_1  | 2019-10-19 00:38:06,693 INFO impl.RaftServerImpl: 09f460ed-d4db-4720-aa37-5306df8081b1@group-7491D208186D: changes role from  FOLLOWER to FOLLOWER at term 23 for recognizeCandidate:8167792e-ef5b-4547-97f7-07ae5b77b598
datanode_2  | 2019-10-19 00:38:06,689 INFO impl.LeaderElection: 8167792e-ef5b-4547-97f7-07ae5b77b598@group-7491D208186D-LeaderElection11: begin an election at term 24 for -1: [09f460ed-d4db-4720-aa37-5306df8081b1:172.18.0.7:9858, 9c0ea085-46e6-425e-8b97-263d5b3acfac:172.18.0.9:9858, 8167792e-ef5b-4547-97f7-07ae5b77b598:172.18.0.3:9858], old=null
datanode_3  | 2019-10-19 00:38:06,470 INFO impl.RoleInfo: 9c0ea085-46e6-425e-8b97-263d5b3acfac: shutdown FollowerState
rm_1        | 2019-10-19 00:39:40 INFO  RMAppAttemptImpl:927 - appattempt_1571445475833_0001_000001 State change from FINISHING to FINISHED on event = CONTAINER_FINISHED
nm_1        | 2019-10-19 00:39:40 INFO  NMAuditLogger:94 - USER=hadoop	OPERATION=Container Finished - Succeeded	TARGET=ContainerImpl	RESULT=SUCCESS	APPID=application_1571445475833_0001	CONTAINERID=container_1571445475833_0001_01_000001
datanode_1  | 2019-10-19 00:38:06,693 INFO impl.RoleInfo: 09f460ed-d4db-4720-aa37-5306df8081b1: shutdown FollowerState
datanode_2  | 2019-10-19 00:38:06,719 INFO impl.LeaderElection: 8167792e-ef5b-4547-97f7-07ae5b77b598@group-7491D208186D-LeaderElection11: Election TIMEOUT; received 0 response(s) [] and 0 exception(s); 8167792e-ef5b-4547-97f7-07ae5b77b598@group-7491D208186D:t24, leader=null, voted=8167792e-ef5b-4547-97f7-07ae5b77b598, raftlog=8167792e-ef5b-4547-97f7-07ae5b77b598@group-7491D208186D-SegmentedRaftLog:OPENED:c-1,f-1,i0, conf=-1: [09f460ed-d4db-4720-aa37-5306df8081b1:172.18.0.7:9858, 9c0ea085-46e6-425e-8b97-263d5b3acfac:172.18.0.9:9858, 8167792e-ef5b-4547-97f7-07ae5b77b598:172.18.0.3:9858], old=null
datanode_3  | 2019-10-19 00:38:06,470 INFO impl.RoleInfo: 9c0ea085-46e6-425e-8b97-263d5b3acfac: start FollowerState
rm_1        | 2019-10-19 00:39:40 INFO  RMAppImpl:912 - application_1571445475833_0001 State change from FINISHING to FINISHED on event = ATTEMPT_FINISHED
nm_1        | 2019-10-19 00:39:40 INFO  ContainerImpl:2126 - Container container_1571445475833_0001_01_000001 transitioned from EXITED_WITH_SUCCESS to DONE
datanode_1  | 2019-10-19 00:38:06,693 INFO impl.RoleInfo: 09f460ed-d4db-4720-aa37-5306df8081b1: start FollowerState
datanode_2  | 2019-10-19 00:38:06,740 INFO impl.LeaderElection: 8167792e-ef5b-4547-97f7-07ae5b77b598@group-7491D208186D-LeaderElection11: begin an election at term 25 for -1: [09f460ed-d4db-4720-aa37-5306df8081b1:172.18.0.7:9858, 9c0ea085-46e6-425e-8b97-263d5b3acfac:172.18.0.9:9858, 8167792e-ef5b-4547-97f7-07ae5b77b598:172.18.0.3:9858], old=null
datanode_3  | 2019-10-19 00:38:06,470 INFO impl.FollowerState: 9c0ea085-46e6-425e-8b97-263d5b3acfac@group-7491D208186D-FollowerState was interrupted: java.lang.InterruptedException: sleep interrupted
rm_1        | 2019-10-19 00:39:40 INFO  CapacityScheduler:1049 - Application Attempt appattempt_1571445475833_0001_000001 is done. finalState=FINISHED
nm_1        | 2019-10-19 00:39:40 INFO  ApplicationImpl:512 - Removing container_1571445475833_0001_01_000001 from application application_1571445475833_0001
datanode_1  | 2019-10-19 00:38:06,694 INFO impl.FollowerState: 09f460ed-d4db-4720-aa37-5306df8081b1@group-7491D208186D-FollowerState was interrupted: java.lang.InterruptedException: sleep interrupted
datanode_2  | 2019-10-19 00:38:06,766 INFO impl.LeaderElection: 8167792e-ef5b-4547-97f7-07ae5b77b598@group-7491D208186D-LeaderElection11: Election TIMEOUT; received 0 response(s) [] and 0 exception(s); 8167792e-ef5b-4547-97f7-07ae5b77b598@group-7491D208186D:t25, leader=null, voted=8167792e-ef5b-4547-97f7-07ae5b77b598, raftlog=8167792e-ef5b-4547-97f7-07ae5b77b598@group-7491D208186D-SegmentedRaftLog:OPENED:c-1,f-1,i0, conf=-1: [09f460ed-d4db-4720-aa37-5306df8081b1:172.18.0.7:9858, 9c0ea085-46e6-425e-8b97-263d5b3acfac:172.18.0.9:9858, 8167792e-ef5b-4547-97f7-07ae5b77b598:172.18.0.3:9858], old=null
rm_1        | 2019-10-19 00:39:40 INFO  AppSchedulingInfo:159 - Application application_1571445475833_0001 requests cleared
datanode_3  | 2019-10-19 00:38:06,529 INFO impl.RaftServerImpl: 9c0ea085-46e6-425e-8b97-263d5b3acfac@group-7491D208186D: changes role from  FOLLOWER to FOLLOWER at term 22 for recognizeCandidate:8167792e-ef5b-4547-97f7-07ae5b77b598
nm_1        | 2019-10-19 00:39:40 INFO  ContainersMonitorImpl:934 - Stopping resource-monitoring for container_1571445475833_0001_01_000001
datanode_1  | 2019-10-19 00:38:06,709 INFO impl.RaftServerImpl: 09f460ed-d4db-4720-aa37-5306df8081b1@group-7491D208186D: changes role from  FOLLOWER to FOLLOWER at term 24 for recognizeCandidate:8167792e-ef5b-4547-97f7-07ae5b77b598
datanode_2  | 2019-10-19 00:38:06,792 INFO impl.LeaderElection: 8167792e-ef5b-4547-97f7-07ae5b77b598@group-7491D208186D-LeaderElection11: begin an election at term 26 for -1: [09f460ed-d4db-4720-aa37-5306df8081b1:172.18.0.7:9858, 9c0ea085-46e6-425e-8b97-263d5b3acfac:172.18.0.9:9858, 8167792e-ef5b-4547-97f7-07ae5b77b598:172.18.0.3:9858], old=null
rm_1        | 2019-10-19 00:39:40 INFO  AMLauncher:317 - Cleaning master appattempt_1571445475833_0001_000001
datanode_3  | 2019-10-19 00:38:06,529 INFO impl.RoleInfo: 9c0ea085-46e6-425e-8b97-263d5b3acfac: shutdown FollowerState
nm_1        | 2019-10-19 00:39:40 INFO  AuxServices:350 - Got event CONTAINER_STOP for appId application_1571445475833_0001
datanode_1  | 2019-10-19 00:38:06,709 INFO impl.RoleInfo: 09f460ed-d4db-4720-aa37-5306df8081b1: shutdown FollowerState
datanode_2  | 2019-10-19 00:38:06,831 INFO impl.LeaderElection: 8167792e-ef5b-4547-97f7-07ae5b77b598@group-7491D208186D-LeaderElection11: Election REJECTED; received 2 response(s) [8167792e-ef5b-4547-97f7-07ae5b77b598<-09f460ed-d4db-4720-aa37-5306df8081b1#0:FAIL-t26, 8167792e-ef5b-4547-97f7-07ae5b77b598<-9c0ea085-46e6-425e-8b97-263d5b3acfac#0:FAIL-t26] and 0 exception(s); 8167792e-ef5b-4547-97f7-07ae5b77b598@group-7491D208186D:t26, leader=null, voted=8167792e-ef5b-4547-97f7-07ae5b77b598, raftlog=8167792e-ef5b-4547-97f7-07ae5b77b598@group-7491D208186D-SegmentedRaftLog:OPENED:c-1,f-1,i0, conf=-1: [09f460ed-d4db-4720-aa37-5306df8081b1:172.18.0.7:9858, 9c0ea085-46e6-425e-8b97-263d5b3acfac:172.18.0.9:9858, 8167792e-ef5b-4547-97f7-07ae5b77b598:172.18.0.3:9858], old=null
rm_1        | 2019-10-19 00:39:40 INFO  LeafQueue:1003 - Application removed - appId: application_1571445475833_0001 user: hadoop queue: default #user-pending-applications: 0 #user-active-applications: 0 #queue-pending-applications: 0 #queue-active-applications: 0
datanode_3  | 2019-10-19 00:38:06,529 INFO impl.RoleInfo: 9c0ea085-46e6-425e-8b97-263d5b3acfac: start FollowerState
nm_1        | 2019-10-19 00:39:40 INFO  Server:1845 - Auth successful for appattempt_1571445475833_0001_000001 (auth:SIMPLE)
datanode_1  | 2019-10-19 00:38:06,709 INFO impl.RoleInfo: 09f460ed-d4db-4720-aa37-5306df8081b1: start FollowerState
