s3g_1       | 	at org.glassfish.jersey.inject.hk2.ImmediateHk2InjectionManager.getInstance(ImmediateHk2InjectionManager.java:54)
datanode_1  | 2019-10-08 21:40:25 INFO  LeaderElection:178 - f5ed6e6e-fa29-404a-8187-9f9d21f39476@group-9B399D9CECDE-LeaderElection1: begin an election at term 1 for -1: [f5ed6e6e-fa29-404a-8187-9f9d21f39476:172.18.0.4:9858], old=null
scm_1       | 2019-10-08 21:41:41 INFO  ServiceAuthorizationManager:138 - Authorization successful for dn/666d4eee9b8a@EXAMPLE.COM (auth:KERBEROS) for protocol=interface org.apache.hadoop.ozone.protocol.StorageContainerDatanodeProtocol
om_1        | 2019-10-08 21:41:17 INFO  Server:1849 - Auth successful for testuser/scm@EXAMPLE.COM (auth:KERBEROS)
kdc_1       | Principal "om/df7203aa6214@EXAMPLE.COM" created.
datanode_3  | 2019-10-08 21:40:24 INFO  RaftServerImpl:255 - 936f144e-23ea-4222-8b77-85f1a082a5f7@group-B65A34D58385: change Leader from null to 936f144e-23ea-4222-8b77-85f1a082a5f7 at term 1 for becomeLeader, leader elected after 5300ms
datanode_2  | 2019-10-08 21:40:24 INFO  RoleInfo:134 - 9dcfb06e-ec52-4403-b26b-33faedbe8f3b: shutdown LeaderElection
s3g_1       | 	at org.glassfish.jersey.internal.inject.Injections.getOrCreate(Injections.java:129)
datanode_1  | 2019-10-08 21:40:25 INFO  RoleInfo:134 - f5ed6e6e-fa29-404a-8187-9f9d21f39476: shutdown LeaderElection
scm_1       | 2019-10-08 21:41:50 INFO  Server:1849 - Auth successful for dn/df7203aa6214@EXAMPLE.COM (auth:KERBEROS)
om_1        | 2019-10-08 21:41:17 INFO  ServiceAuthorizationManager:138 - Authorization successful for testuser/scm@EXAMPLE.COM (auth:KERBEROS) for protocol=interface org.apache.hadoop.ozone.om.protocol.OzoneManagerProtocol
datanode_2  | 2019-10-08 21:40:24 INFO  RaftServerImpl:170 - 9dcfb06e-ec52-4403-b26b-33faedbe8f3b@group-8F95AFC4468B: changes role from CANDIDATE to LEADER at term 1 for changeToLeader
s3g_1       | 	at org.glassfish.jersey.server.model.MethodHandler$ClassBasedMethodHandler.getInstance(MethodHandler.java:284)
datanode_3  | 2019-10-08 21:40:24 INFO  RaftServerConfigKeys:43 - raft.server.staging.catchup.gap = 1000 (default)
datanode_1  | 2019-10-08 21:40:25 INFO  RaftServerImpl:170 - f5ed6e6e-fa29-404a-8187-9f9d21f39476@group-9B399D9CECDE: changes role from CANDIDATE to LEADER at term 1 for changeToLeader
scm_1       | 2019-10-08 21:41:50 INFO  ServiceAuthorizationManager:138 - Authorization successful for dn/df7203aa6214@EXAMPLE.COM (auth:KERBEROS) for protocol=interface org.apache.hadoop.ozone.protocol.StorageContainerDatanodeProtocol
datanode_2  | 2019-10-08 21:40:24 INFO  RaftServerImpl:255 - 9dcfb06e-ec52-4403-b26b-33faedbe8f3b@group-8F95AFC4468B: change Leader from null to 9dcfb06e-ec52-4403-b26b-33faedbe8f3b at term 1 for becomeLeader, leader elected after 5209ms
om_1        | 2019-10-08 21:41:20 INFO  Server:1849 - Auth successful for testuser/scm@EXAMPLE.COM (auth:KERBEROS)
kdc_1       | Authenticating as principal admin/admin with keytab /tmp/admin.keytab.
s3g_1       | 	at org.glassfish.jersey.server.internal.routing.PushMethodHandlerRouter.apply(PushMethodHandlerRouter.java:75)
datanode_1  | 2019-10-08 21:40:25 INFO  RaftServerImpl:255 - f5ed6e6e-fa29-404a-8187-9f9d21f39476@group-9B399D9CECDE: change Leader from null to f5ed6e6e-fa29-404a-8187-9f9d21f39476 at term 1 for becomeLeader, leader elected after 5279ms
scm_1       | 2019-10-08 21:42:07 INFO  Server:1849 - Auth successful for dn/cd2faf66b49f@EXAMPLE.COM (auth:KERBEROS)
datanode_2  | 2019-10-08 21:40:24 INFO  RaftServerConfigKeys:43 - raft.server.staging.catchup.gap = 1000 (default)
datanode_3  | 2019-10-08 21:40:24 INFO  RaftServerConfigKeys:43 - raft.server.rpc.sleep.time = 25ms (default)
om_1        | 2019-10-08 21:41:20 INFO  ServiceAuthorizationManager:138 - Authorization successful for testuser/scm@EXAMPLE.COM (auth:KERBEROS) for protocol=interface org.apache.hadoop.ozone.om.protocol.OzoneManagerProtocol
kdc_1       | Entry for principal om/df7203aa6214@EXAMPLE.COM with kvno 2, encryption type aes256-cts-hmac-sha1-96 added to keytab WRFILE:/data/om.df7203aa6214.keytab.
datanode_1  | 2019-10-08 21:40:25 INFO  RaftServerConfigKeys:43 - raft.server.staging.catchup.gap = 1000 (default)
s3g_1       | 	at org.glassfish.jersey.server.internal.routing.RoutingStage._apply(RoutingStage.java:110)
scm_1       | 2019-10-08 21:42:07 INFO  ServiceAuthorizationManager:138 - Authorization successful for dn/cd2faf66b49f@EXAMPLE.COM (auth:KERBEROS) for protocol=interface org.apache.hadoop.ozone.protocol.StorageContainerDatanodeProtocol
datanode_2  | 2019-10-08 21:40:24 INFO  RaftServerConfigKeys:43 - raft.server.rpc.sleep.time = 25ms (default)
datanode_3  | 2019-10-08 21:40:24 INFO  RaftServerConfigKeys:43 - raft.server.write.element-limit = 4096 (default)
om_1        | 2019-10-08 21:41:23 INFO  Server:1849 - Auth successful for testuser/scm@EXAMPLE.COM (auth:KERBEROS)
kdc_1       | Entry for principal om/df7203aa6214@EXAMPLE.COM with kvno 2, encryption type aes128-cts-hmac-sha1-96 added to keytab WRFILE:/data/om.df7203aa6214.keytab.
datanode_1  | 2019-10-08 21:40:25 INFO  RaftServerConfigKeys:43 - raft.server.rpc.sleep.time = 25ms (default)
s3g_1       | 	at org.glassfish.jersey.server.internal.routing.RoutingStage._apply(RoutingStage.java:113)
scm_1       | 2019-10-08 21:42:11 INFO  Server:1849 - Auth successful for dn/666d4eee9b8a@EXAMPLE.COM (auth:KERBEROS)
datanode_2  | 2019-10-08 21:40:24 INFO  RaftServerConfigKeys:43 - raft.server.write.element-limit = 4096 (default)
datanode_3  | 2019-10-08 21:40:24 INFO  RaftServerConfigKeys:43 - raft.server.watch.timeout = 10s (default)
om_1        | 2019-10-08 21:41:23 INFO  ServiceAuthorizationManager:138 - Authorization successful for testuser/scm@EXAMPLE.COM (auth:KERBEROS) for protocol=interface org.apache.hadoop.ozone.om.protocol.OzoneManagerProtocol
kdc_1       | Generiting keytab
datanode_1  | 2019-10-08 21:40:25 INFO  RaftServerConfigKeys:43 - raft.server.write.element-limit = 4096 (default)
s3g_1       | 	at org.glassfish.jersey.server.internal.routing.RoutingStage._apply(RoutingStage.java:113)
scm_1       | 2019-10-08 21:42:11 INFO  ServiceAuthorizationManager:138 - Authorization successful for dn/666d4eee9b8a@EXAMPLE.COM (auth:KERBEROS) for protocol=interface org.apache.hadoop.ozone.protocol.StorageContainerDatanodeProtocol
datanode_2  | 2019-10-08 21:40:24 INFO  RaftServerConfigKeys:43 - raft.server.watch.timeout = 10s (default)
datanode_3  | 2019-10-08 21:40:24 INFO  RaftServerConfigKeys:43 - raft.server.watch.timeout.denomination = 1s (default)
kdc_1       | Authenticating as principal admin/admin with keytab /tmp/admin.keytab.
om_1        | 2019-10-08 21:41:25 INFO  Server:1849 - Auth successful for testuser/scm@EXAMPLE.COM (auth:KERBEROS)
datanode_1  | 2019-10-08 21:40:25 INFO  RaftServerConfigKeys:43 - raft.server.watch.timeout = 10s (default)
s3g_1       | 	at org.glassfish.jersey.server.internal.routing.RoutingStage._apply(RoutingStage.java:113)
scm_1       | 2019-10-08 21:42:17 INFO  Server:1849 - Auth successful for om/om@EXAMPLE.COM (auth:KERBEROS)
datanode_2  | 2019-10-08 21:40:24 INFO  RaftServerConfigKeys:43 - raft.server.watch.timeout.denomination = 1s (default)
datanode_3  | 2019-10-08 21:40:24 INFO  RaftServerConfigKeys:43 - raft.server.watch.element-limit = 65536 (default)
kdc_1       | WARNING: no policy specified for om/scm@EXAMPLE.COM; defaulting to no policy
datanode_1  | 2019-10-08 21:40:25 INFO  RaftServerConfigKeys:43 - raft.server.watch.timeout.denomination = 1s (default)
s3g_1       | 	at org.glassfish.jersey.server.internal.routing.RoutingStage.apply(RoutingStage.java:93)
om_1        | 2019-10-08 21:41:25 INFO  ServiceAuthorizationManager:138 - Authorization successful for testuser/scm@EXAMPLE.COM (auth:KERBEROS) for protocol=interface org.apache.hadoop.ozone.om.protocol.OzoneManagerProtocol
datanode_2  | 2019-10-08 21:40:24 INFO  RaftServerConfigKeys:43 - raft.server.watch.element-limit = 65536 (default)
scm_1       | 2019-10-08 21:42:17 INFO  ServiceAuthorizationManager:138 - Authorization successful for om/om@EXAMPLE.COM (auth:KERBEROS) for protocol=interface org.apache.hadoop.hdds.scm.protocol.ScmBlockLocationProtocol
datanode_3  | 2019-10-08 21:40:24 INFO  RoleInfo:143 - 936f144e-23ea-4222-8b77-85f1a082a5f7: start LeaderState
datanode_1  | 2019-10-08 21:40:25 INFO  RaftServerConfigKeys:43 - raft.server.watch.element-limit = 65536 (default)
s3g_1       | 	at org.glassfish.jersey.server.internal.routing.RoutingStage.apply(RoutingStage.java:62)
kdc_1       | Principal "om/scm@EXAMPLE.COM" created.
datanode_2  | 2019-10-08 21:40:24 INFO  RoleInfo:143 - 9dcfb06e-ec52-4403-b26b-33faedbe8f3b: start LeaderState
scm_1       | 2019-10-08 21:42:18 INFO  SCMBlockProtocolServer:212 - SCM is informed by OM to delete 1 blocks
datanode_3  | 2019-10-08 21:40:24 INFO  SegmentedRaftLogWorker:385 - 936f144e-23ea-4222-8b77-85f1a082a5f7@group-B65A34D58385-SegmentedRaftLogWorker: Starting segment from index:0
om_1        | 2019-10-08 21:41:28 INFO  Server:1849 - Auth successful for testuser/scm@EXAMPLE.COM (auth:KERBEROS)
datanode_1  | 2019-10-08 21:40:25 INFO  RoleInfo:143 - f5ed6e6e-fa29-404a-8187-9f9d21f39476: start LeaderState
s3g_1       | 	at org.glassfish.jersey.process.internal.Stages.process(Stages.java:197)
kdc_1       | Authenticating as principal admin/admin with keytab /tmp/admin.keytab.
datanode_2  | 2019-10-08 21:40:24 INFO  SegmentedRaftLogWorker:385 - 9dcfb06e-ec52-4403-b26b-33faedbe8f3b@group-8F95AFC4468B-SegmentedRaftLogWorker: Starting segment from index:0
scm_1       | 2019-10-08 21:42:18 INFO  BlockManagerImpl:273 - Deleting blocks conID: 4 locID: 102928932514431101 bcsId: 0
datanode_3  | 2019-10-08 21:40:24 INFO  RaftServerImpl:356 - 936f144e-23ea-4222-8b77-85f1a082a5f7@group-B65A34D58385: set configuration 0: [936f144e-23ea-4222-8b77-85f1a082a5f7:172.18.0.6:9858], old=null at 0
om_1        | 2019-10-08 21:41:28 INFO  ServiceAuthorizationManager:138 - Authorization successful for testuser/scm@EXAMPLE.COM (auth:KERBEROS) for protocol=interface org.apache.hadoop.ozone.om.protocol.OzoneManagerProtocol
datanode_1  | 2019-10-08 21:40:25 INFO  SegmentedRaftLogWorker:385 - f5ed6e6e-fa29-404a-8187-9f9d21f39476@group-9B399D9CECDE-SegmentedRaftLogWorker: Starting segment from index:0
s3g_1       | 	at org.glassfish.jersey.server.ServerRuntime$1.run(ServerRuntime.java:269)
kdc_1       | Entry for principal om/scm@EXAMPLE.COM with kvno 2, encryption type aes256-cts-hmac-sha1-96 added to keytab WRFILE:/data/om.scm.keytab.
datanode_2  | 2019-10-08 21:40:24 INFO  RaftServerImpl:356 - 9dcfb06e-ec52-4403-b26b-33faedbe8f3b@group-8F95AFC4468B: set configuration 0: [9dcfb06e-ec52-4403-b26b-33faedbe8f3b:172.18.0.5:9858], old=null at 0
scm_1       | 2019-10-08 21:42:20 INFO  Server:1849 - Auth successful for dn/df7203aa6214@EXAMPLE.COM (auth:KERBEROS)
datanode_3  | 2019-10-08 21:40:25 INFO  SegmentedRaftLogWorker:574 - 936f144e-23ea-4222-8b77-85f1a082a5f7@group-B65A34D58385-SegmentedRaftLogWorker: created new log segment /data/metadata/ratis/075eafc9-794c-475e-adab-b65a34d58385/current/log_inprogress_0
om_1        | 2019-10-08 21:41:30 INFO  Server:1849 - Auth successful for testuser/scm@EXAMPLE.COM (auth:KERBEROS)
s3g_1       | 	at org.glassfish.jersey.internal.Errors$1.call(Errors.java:272)
kdc_1       | Entry for principal om/scm@EXAMPLE.COM with kvno 2, encryption type aes128-cts-hmac-sha1-96 added to keytab WRFILE:/data/om.scm.keytab.
datanode_2  | 2019-10-08 21:40:24 INFO  SegmentedRaftLogWorker:574 - 9dcfb06e-ec52-4403-b26b-33faedbe8f3b@group-8F95AFC4468B-SegmentedRaftLogWorker: created new log segment /data/metadata/ratis/df548337-40af-4ccb-94db-8f95afc4468b/current/log_inprogress_0
scm_1       | 2019-10-08 21:42:20 INFO  ServiceAuthorizationManager:138 - Authorization successful for dn/df7203aa6214@EXAMPLE.COM (auth:KERBEROS) for protocol=interface org.apache.hadoop.ozone.protocol.StorageContainerDatanodeProtocol
datanode_1  | 2019-10-08 21:40:25 INFO  RaftServerImpl:356 - f5ed6e6e-fa29-404a-8187-9f9d21f39476@group-9B399D9CECDE: set configuration 0: [f5ed6e6e-fa29-404a-8187-9f9d21f39476:172.18.0.4:9858], old=null at 0
datanode_3  | 2019-10-08 21:40:25 INFO  FollowerState:108 - 936f144e-23ea-4222-8b77-85f1a082a5f7@group-51B3596E4780-FollowerState: change to CANDIDATE, lastRpcTime:5143ms, electionTimeout:5143ms
om_1        | 2019-10-08 21:41:30 INFO  ServiceAuthorizationManager:138 - Authorization successful for testuser/scm@EXAMPLE.COM (auth:KERBEROS) for protocol=interface org.apache.hadoop.ozone.om.protocol.OzoneManagerProtocol
s3g_1       | 	at org.glassfish.jersey.internal.Errors$1.call(Errors.java:268)
kdc_1       | Generiting keytab
datanode_2  | 2019-10-08 21:40:25 INFO  FollowerState:108 - 9dcfb06e-ec52-4403-b26b-33faedbe8f3b@group-51B3596E4780-FollowerState: change to CANDIDATE, lastRpcTime:5165ms, electionTimeout:5165ms
scm_1       | 2019-10-08 21:42:37 INFO  Server:1849 - Auth successful for dn/cd2faf66b49f@EXAMPLE.COM (auth:KERBEROS)
datanode_3  | 2019-10-08 21:40:25 INFO  RoleInfo:121 - 936f144e-23ea-4222-8b77-85f1a082a5f7: shutdown FollowerState
datanode_1  | 2019-10-08 21:40:25 INFO  SegmentedRaftLogWorker:574 - f5ed6e6e-fa29-404a-8187-9f9d21f39476@group-9B399D9CECDE-SegmentedRaftLogWorker: created new log segment /data/metadata/ratis/cb17eb97-b6cb-4dc6-9ed1-9b399d9cecde/current/log_inprogress_0
om_1        | 2019-10-08 21:41:33 INFO  Server:1849 - Auth successful for testuser/scm@EXAMPLE.COM (auth:KERBEROS)
s3g_1       | 	at org.glassfish.jersey.internal.Errors.process(Errors.java:316)
kdc_1       | Authenticating as principal admin/admin with keytab /tmp/admin.keytab.
datanode_2  | 2019-10-08 21:40:25 INFO  RoleInfo:121 - 9dcfb06e-ec52-4403-b26b-33faedbe8f3b: shutdown FollowerState
scm_1       | 2019-10-08 21:42:37 INFO  ServiceAuthorizationManager:138 - Authorization successful for dn/cd2faf66b49f@EXAMPLE.COM (auth:KERBEROS) for protocol=interface org.apache.hadoop.ozone.protocol.StorageContainerDatanodeProtocol
datanode_1  | 2019-10-08 21:40:25 INFO  FollowerState:108 - f5ed6e6e-fa29-404a-8187-9f9d21f39476@group-51B3596E4780-FollowerState: change to CANDIDATE, lastRpcTime:5055ms, electionTimeout:5053ms
datanode_3  | 2019-10-08 21:40:25 INFO  RaftServerImpl:170 - 936f144e-23ea-4222-8b77-85f1a082a5f7@group-51B3596E4780: changes role from  FOLLOWER to CANDIDATE at term 0 for changeToCandidate
om_1        | 2019-10-08 21:41:33 INFO  ServiceAuthorizationManager:138 - Authorization successful for testuser/scm@EXAMPLE.COM (auth:KERBEROS) for protocol=interface org.apache.hadoop.ozone.om.protocol.OzoneManagerProtocol
s3g_1       | 	at org.glassfish.jersey.internal.Errors.process(Errors.java:298)
kdc_1       | WARNING: no policy specified for om/fa04b9f2d3fa@EXAMPLE.COM; defaulting to no policy
datanode_2  | 2019-10-08 21:40:25 INFO  RaftServerImpl:170 - 9dcfb06e-ec52-4403-b26b-33faedbe8f3b@group-51B3596E4780: changes role from  FOLLOWER to CANDIDATE at term 0 for changeToCandidate
datanode_1  | 2019-10-08 21:40:25 INFO  RoleInfo:121 - f5ed6e6e-fa29-404a-8187-9f9d21f39476: shutdown FollowerState
datanode_3  | 2019-10-08 21:40:25 INFO  RoleInfo:143 - 936f144e-23ea-4222-8b77-85f1a082a5f7: start LeaderElection
scm_1       | 2019-10-08 21:42:49 INFO  Server:1849 - Auth successful for dn/666d4eee9b8a@EXAMPLE.COM (auth:KERBEROS)
om_1        | 2019-10-08 21:41:35 INFO  Server:1849 - Auth successful for testuser/scm@EXAMPLE.COM (auth:KERBEROS)
s3g_1       | 	at org.glassfish.jersey.internal.Errors.process(Errors.java:268)
kdc_1       | Principal "om/fa04b9f2d3fa@EXAMPLE.COM" created.
datanode_2  | 2019-10-08 21:40:25 INFO  RoleInfo:143 - 9dcfb06e-ec52-4403-b26b-33faedbe8f3b: start LeaderElection
datanode_3  | 2019-10-08 21:40:25 INFO  LeaderElection:178 - 936f144e-23ea-4222-8b77-85f1a082a5f7@group-51B3596E4780-LeaderElection2: begin an election at term 1 for -1: [f5ed6e6e-fa29-404a-8187-9f9d21f39476:172.18.0.4:9858, 936f144e-23ea-4222-8b77-85f1a082a5f7:172.18.0.6:9858, 9dcfb06e-ec52-4403-b26b-33faedbe8f3b:172.18.0.5:9858], old=null
om_1        | 2019-10-08 21:41:35 INFO  ServiceAuthorizationManager:138 - Authorization successful for testuser/scm@EXAMPLE.COM (auth:KERBEROS) for protocol=interface org.apache.hadoop.ozone.om.protocol.OzoneManagerProtocol
datanode_1  | 2019-10-08 21:40:25 INFO  RaftServerImpl:170 - f5ed6e6e-fa29-404a-8187-9f9d21f39476@group-51B3596E4780: changes role from  FOLLOWER to CANDIDATE at term 0 for changeToCandidate
scm_1       | 2019-10-08 21:42:49 INFO  ServiceAuthorizationManager:138 - Authorization successful for dn/666d4eee9b8a@EXAMPLE.COM (auth:KERBEROS) for protocol=interface org.apache.hadoop.ozone.protocol.StorageContainerDatanodeProtocol
s3g_1       | 	at org.glassfish.jersey.process.internal.RequestScope.runInScope(RequestScope.java:289)
kdc_1       | Authenticating as principal admin/admin with keytab /tmp/admin.keytab.
datanode_3  | 2019-10-08 21:40:26 INFO  LeaderElection:56 - 936f144e-23ea-4222-8b77-85f1a082a5f7@group-51B3596E4780-LeaderElection2: Election REJECTED; received 2 response(s) [936f144e-23ea-4222-8b77-85f1a082a5f7<-f5ed6e6e-fa29-404a-8187-9f9d21f39476#0:FAIL-t1, 936f144e-23ea-4222-8b77-85f1a082a5f7<-9dcfb06e-ec52-4403-b26b-33faedbe8f3b#0:FAIL-t1] and 0 exception(s); 936f144e-23ea-4222-8b77-85f1a082a5f7@group-51B3596E4780:t1, leader=null, voted=936f144e-23ea-4222-8b77-85f1a082a5f7, raftlog=936f144e-23ea-4222-8b77-85f1a082a5f7@group-51B3596E4780-SegmentedRaftLog:OPENED:c-1,f-1,i0, conf=-1: [f5ed6e6e-fa29-404a-8187-9f9d21f39476:172.18.0.4:9858, 936f144e-23ea-4222-8b77-85f1a082a5f7:172.18.0.6:9858, 9dcfb06e-ec52-4403-b26b-33faedbe8f3b:172.18.0.5:9858], old=null
datanode_2  | 2019-10-08 21:40:25 INFO  LeaderElection:178 - 9dcfb06e-ec52-4403-b26b-33faedbe8f3b@group-51B3596E4780-LeaderElection2: begin an election at term 1 for -1: [f5ed6e6e-fa29-404a-8187-9f9d21f39476:172.18.0.4:9858, 936f144e-23ea-4222-8b77-85f1a082a5f7:172.18.0.6:9858, 9dcfb06e-ec52-4403-b26b-33faedbe8f3b:172.18.0.5:9858], old=null
om_1        | 2019-10-08 21:41:36 INFO  OMVolumeCreateRequest:193 - created volume:88946-rpcwoport2 for user:testuser/scm@EXAMPLE.COM
scm_1       | 2019-10-08 21:42:50 INFO  Server:1849 - Auth successful for dn/df7203aa6214@EXAMPLE.COM (auth:KERBEROS)
s3g_1       | 	at org.glassfish.jersey.server.ServerRuntime.process(ServerRuntime.java:256)
kdc_1       | Entry for principal om/fa04b9f2d3fa@EXAMPLE.COM with kvno 2, encryption type aes256-cts-hmac-sha1-96 added to keytab WRFILE:/data/om.fa04b9f2d3fa.keytab.
datanode_1  | 2019-10-08 21:40:25 INFO  RoleInfo:143 - f5ed6e6e-fa29-404a-8187-9f9d21f39476: start LeaderElection
datanode_3  | 2019-10-08 21:40:26 INFO  RaftServerImpl:170 - 936f144e-23ea-4222-8b77-85f1a082a5f7@group-51B3596E4780: changes role from CANDIDATE to FOLLOWER at term 1 for DISCOVERED_A_NEW_TERM
om_1        | 2019-10-08 21:41:38 INFO  Server:1849 - Auth successful for testuser/scm@EXAMPLE.COM (auth:KERBEROS)
datanode_2  | 2019-10-08 21:40:26 INFO  LeaderElection:56 - 9dcfb06e-ec52-4403-b26b-33faedbe8f3b@group-51B3596E4780-LeaderElection2: Election REJECTED; received 2 response(s) [9dcfb06e-ec52-4403-b26b-33faedbe8f3b<-f5ed6e6e-fa29-404a-8187-9f9d21f39476#0:FAIL-t1, 9dcfb06e-ec52-4403-b26b-33faedbe8f3b<-936f144e-23ea-4222-8b77-85f1a082a5f7#0:FAIL-t1] and 0 exception(s); 9dcfb06e-ec52-4403-b26b-33faedbe8f3b@group-51B3596E4780:t1, leader=null, voted=9dcfb06e-ec52-4403-b26b-33faedbe8f3b, raftlog=9dcfb06e-ec52-4403-b26b-33faedbe8f3b@group-51B3596E4780-SegmentedRaftLog:OPENED:c-1,f-1,i0, conf=-1: [f5ed6e6e-fa29-404a-8187-9f9d21f39476:172.18.0.4:9858, 936f144e-23ea-4222-8b77-85f1a082a5f7:172.18.0.6:9858, 9dcfb06e-ec52-4403-b26b-33faedbe8f3b:172.18.0.5:9858], old=null
scm_1       | 2019-10-08 21:42:50 INFO  ServiceAuthorizationManager:138 - Authorization successful for dn/df7203aa6214@EXAMPLE.COM (auth:KERBEROS) for protocol=interface org.apache.hadoop.ozone.protocol.StorageContainerDatanodeProtocol
s3g_1       | 	at org.glassfish.jersey.server.ApplicationHandler.handle(ApplicationHandler.java:703)
kdc_1       | Entry for principal om/fa04b9f2d3fa@EXAMPLE.COM with kvno 2, encryption type aes128-cts-hmac-sha1-96 added to keytab WRFILE:/data/om.fa04b9f2d3fa.keytab.
datanode_1  | 2019-10-08 21:40:25 INFO  LeaderElection:178 - f5ed6e6e-fa29-404a-8187-9f9d21f39476@group-51B3596E4780-LeaderElection2: begin an election at term 1 for -1: [f5ed6e6e-fa29-404a-8187-9f9d21f39476:172.18.0.4:9858, 936f144e-23ea-4222-8b77-85f1a082a5f7:172.18.0.6:9858, 9dcfb06e-ec52-4403-b26b-33faedbe8f3b:172.18.0.5:9858], old=null
datanode_3  | 2019-10-08 21:40:26 INFO  RoleInfo:134 - 936f144e-23ea-4222-8b77-85f1a082a5f7: shutdown LeaderElection
om_1        | 2019-10-08 21:41:38 INFO  ServiceAuthorizationManager:138 - Authorization successful for testuser/scm@EXAMPLE.COM (auth:KERBEROS) for protocol=interface org.apache.hadoop.ozone.om.protocol.OzoneManagerProtocol
datanode_2  | 2019-10-08 21:40:26 INFO  RaftServerImpl:170 - 9dcfb06e-ec52-4403-b26b-33faedbe8f3b@group-51B3596E4780: changes role from CANDIDATE to FOLLOWER at term 1 for DISCOVERED_A_NEW_TERM
scm_1       | 2019-10-08 21:43:01 INFO  Server:1849 - Auth successful for om/om@EXAMPLE.COM (auth:KERBEROS)
s3g_1       | 	at org.glassfish.jersey.servlet.WebComponent.serviceImpl(WebComponent.java:416)
kdc_1       | Generiting keytab
datanode_1  | 2019-10-08 21:40:25 INFO  LeaderElection:56 - f5ed6e6e-fa29-404a-8187-9f9d21f39476@group-51B3596E4780-LeaderElection2: Election REJECTED; received 2 response(s) [f5ed6e6e-fa29-404a-8187-9f9d21f39476<-936f144e-23ea-4222-8b77-85f1a082a5f7#0:FAIL-t1, f5ed6e6e-fa29-404a-8187-9f9d21f39476<-9dcfb06e-ec52-4403-b26b-33faedbe8f3b#0:FAIL-t1] and 0 exception(s); f5ed6e6e-fa29-404a-8187-9f9d21f39476@group-51B3596E4780:t1, leader=null, voted=f5ed6e6e-fa29-404a-8187-9f9d21f39476, raftlog=f5ed6e6e-fa29-404a-8187-9f9d21f39476@group-51B3596E4780-SegmentedRaftLog:OPENED:c-1,f-1,i0, conf=-1: [f5ed6e6e-fa29-404a-8187-9f9d21f39476:172.18.0.4:9858, 936f144e-23ea-4222-8b77-85f1a082a5f7:172.18.0.6:9858, 9dcfb06e-ec52-4403-b26b-33faedbe8f3b:172.18.0.5:9858], old=null
datanode_3  | 2019-10-08 21:40:26 INFO  RoleInfo:143 - 936f144e-23ea-4222-8b77-85f1a082a5f7: start FollowerState
om_1        | 2019-10-08 21:41:41 INFO  Server:1849 - Auth successful for testuser/scm@EXAMPLE.COM (auth:KERBEROS)
datanode_2  | 2019-10-08 21:40:26 INFO  RoleInfo:134 - 9dcfb06e-ec52-4403-b26b-33faedbe8f3b: shutdown LeaderElection
scm_1       | 2019-10-08 21:43:01 INFO  ServiceAuthorizationManager:138 - Authorization successful for om/om@EXAMPLE.COM (auth:KERBEROS) for protocol=interface org.apache.hadoop.hdds.scm.protocol.ScmBlockLocationProtocol
s3g_1       | 	at org.glassfish.jersey.servlet.WebComponent.service(WebComponent.java:370)
kdc_1       | Authenticating as principal admin/admin with keytab /tmp/admin.keytab.
datanode_3  | 2019-10-08 21:40:30 INFO  RaftServerImpl:170 - 936f144e-23ea-4222-8b77-85f1a082a5f7@group-51B3596E4780: changes role from  FOLLOWER to FOLLOWER at term 2 for recognizeCandidate:f5ed6e6e-fa29-404a-8187-9f9d21f39476
datanode_1  | 2019-10-08 21:40:25 INFO  RaftServerImpl:170 - f5ed6e6e-fa29-404a-8187-9f9d21f39476@group-51B3596E4780: changes role from CANDIDATE to FOLLOWER at term 1 for DISCOVERED_A_NEW_TERM
om_1        | 2019-10-08 21:41:41 INFO  ServiceAuthorizationManager:138 - Authorization successful for testuser/scm@EXAMPLE.COM (auth:KERBEROS) for protocol=interface org.apache.hadoop.ozone.om.protocol.OzoneManagerProtocol
datanode_2  | 2019-10-08 21:40:26 INFO  RoleInfo:143 - 9dcfb06e-ec52-4403-b26b-33faedbe8f3b: start FollowerState
scm_1       | 2019-10-08 21:43:02 INFO  Server:1849 - Auth successful for dn/cd2faf66b49f@EXAMPLE.COM (auth:KERBEROS)
s3g_1       | 	at org.glassfish.jersey.servlet.ServletContainer.service(ServletContainer.java:389)
kdc_1       | WARNING: no policy specified for om/s3g@EXAMPLE.COM; defaulting to no policy
datanode_3  | 2019-10-08 21:40:30 INFO  RoleInfo:121 - 936f144e-23ea-4222-8b77-85f1a082a5f7: shutdown FollowerState
datanode_1  | 2019-10-08 21:40:25 INFO  RoleInfo:134 - f5ed6e6e-fa29-404a-8187-9f9d21f39476: shutdown LeaderElection
om_1        | 2019-10-08 21:41:43 INFO  Server:1849 - Auth successful for testuser/scm@EXAMPLE.COM (auth:KERBEROS)
datanode_2  | 2019-10-08 21:40:30 INFO  RaftServerImpl:170 - 9dcfb06e-ec52-4403-b26b-33faedbe8f3b@group-51B3596E4780: changes role from  FOLLOWER to FOLLOWER at term 2 for recognizeCandidate:f5ed6e6e-fa29-404a-8187-9f9d21f39476
s3g_1       | 	at org.glassfish.jersey.servlet.ServletContainer.service(ServletContainer.java:342)
kdc_1       | Principal "om/s3g@EXAMPLE.COM" created.
datanode_3  | 2019-10-08 21:40:30 INFO  RoleInfo:143 - 936f144e-23ea-4222-8b77-85f1a082a5f7: start FollowerState
scm_1       | 2019-10-08 21:43:02 INFO  ServiceAuthorizationManager:138 - Authorization successful for dn/cd2faf66b49f@EXAMPLE.COM (auth:KERBEROS) for protocol=interface org.apache.hadoop.ozone.protocol.StorageContainerDatanodeProtocol
datanode_1  | 2019-10-08 21:40:25 INFO  RoleInfo:143 - f5ed6e6e-fa29-404a-8187-9f9d21f39476: start FollowerState
om_1        | 2019-10-08 21:41:43 INFO  ServiceAuthorizationManager:138 - Authorization successful for testuser/scm@EXAMPLE.COM (auth:KERBEROS) for protocol=interface org.apache.hadoop.ozone.om.protocol.OzoneManagerProtocol
datanode_2  | 2019-10-08 21:40:30 INFO  RoleInfo:121 - 9dcfb06e-ec52-4403-b26b-33faedbe8f3b: shutdown FollowerState
s3g_1       | 	at org.glassfish.jersey.servlet.ServletContainer.service(ServletContainer.java:229)
kdc_1       | Authenticating as principal admin/admin with keytab /tmp/admin.keytab.
datanode_3  | 2019-10-08 21:40:30 INFO  FollowerState:117 - 936f144e-23ea-4222-8b77-85f1a082a5f7@group-51B3596E4780-FollowerState was interrupted: java.lang.InterruptedException: sleep interrupted
scm_1       | 2019-10-08 21:43:19 INFO  Server:1849 - Auth successful for dn/666d4eee9b8a@EXAMPLE.COM (auth:KERBEROS)
datanode_1  | 2019-10-08 21:40:30 INFO  FollowerState:108 - f5ed6e6e-fa29-404a-8187-9f9d21f39476@group-51B3596E4780-FollowerState: change to CANDIDATE, lastRpcTime:5033ms, electionTimeout:5033ms
om_1        | 2019-10-08 21:41:46 INFO  Server:1849 - Auth successful for testuser/scm@EXAMPLE.COM (auth:KERBEROS)
datanode_2  | 2019-10-08 21:40:30 INFO  RoleInfo:143 - 9dcfb06e-ec52-4403-b26b-33faedbe8f3b: start FollowerState
s3g_1       | 	at org.eclipse.jetty.servlet.ServletHolder.handle(ServletHolder.java:840)
kdc_1       | Entry for principal om/s3g@EXAMPLE.COM with kvno 2, encryption type aes256-cts-hmac-sha1-96 added to keytab WRFILE:/data/om.s3g.keytab.
datanode_3  | 2019-10-08 21:40:31 INFO  RaftServerImpl:255 - 936f144e-23ea-4222-8b77-85f1a082a5f7@group-51B3596E4780: change Leader from null to f5ed6e6e-fa29-404a-8187-9f9d21f39476 at term 2 for appendEntries, leader elected after 10430ms
scm_1       | 2019-10-08 21:43:19 INFO  ServiceAuthorizationManager:138 - Authorization successful for dn/666d4eee9b8a@EXAMPLE.COM (auth:KERBEROS) for protocol=interface org.apache.hadoop.ozone.protocol.StorageContainerDatanodeProtocol
datanode_1  | 2019-10-08 21:40:30 INFO  RoleInfo:121 - f5ed6e6e-fa29-404a-8187-9f9d21f39476: shutdown FollowerState
datanode_2  | 2019-10-08 21:40:30 INFO  FollowerState:117 - 9dcfb06e-ec52-4403-b26b-33faedbe8f3b@group-51B3596E4780-FollowerState was interrupted: java.lang.InterruptedException: sleep interrupted
om_1        | 2019-10-08 21:41:46 INFO  ServiceAuthorizationManager:138 - Authorization successful for testuser/scm@EXAMPLE.COM (auth:KERBEROS) for protocol=interface org.apache.hadoop.ozone.om.protocol.OzoneManagerProtocol
s3g_1       | 	at org.eclipse.jetty.servlet.ServletHandler$CachedChain.doFilter(ServletHandler.java:1780)
datanode_3  | 2019-10-08 21:40:31 INFO  RaftServerImpl:356 - 936f144e-23ea-4222-8b77-85f1a082a5f7@group-51B3596E4780: set configuration 0: [f5ed6e6e-fa29-404a-8187-9f9d21f39476:172.18.0.4:9858, 936f144e-23ea-4222-8b77-85f1a082a5f7:172.18.0.6:9858, 9dcfb06e-ec52-4403-b26b-33faedbe8f3b:172.18.0.5:9858], old=null at 0
scm_1       | 2019-10-08 21:43:20 INFO  Server:1849 - Auth successful for dn/df7203aa6214@EXAMPLE.COM (auth:KERBEROS)
kdc_1       | Entry for principal om/s3g@EXAMPLE.COM with kvno 2, encryption type aes128-cts-hmac-sha1-96 added to keytab WRFILE:/data/om.s3g.keytab.
datanode_1  | 2019-10-08 21:40:30 INFO  RaftServerImpl:170 - f5ed6e6e-fa29-404a-8187-9f9d21f39476@group-51B3596E4780: changes role from  FOLLOWER to CANDIDATE at term 1 for changeToCandidate
datanode_2  | 2019-10-08 21:40:31 INFO  RaftServerImpl:255 - 9dcfb06e-ec52-4403-b26b-33faedbe8f3b@group-51B3596E4780: change Leader from null to f5ed6e6e-fa29-404a-8187-9f9d21f39476 at term 2 for appendEntries, leader elected after 10417ms
om_1        | 2019-10-08 21:41:48 INFO  Server:1849 - Auth successful for testuser/scm@EXAMPLE.COM (auth:KERBEROS)
s3g_1       | 	at org.apache.hadoop.http.HttpServer2$QuotingInputFilter.doFilter(HttpServer2.java:1609)
datanode_3  | 2019-10-08 21:40:31 INFO  SegmentedRaftLogWorker:385 - 936f144e-23ea-4222-8b77-85f1a082a5f7@group-51B3596E4780-SegmentedRaftLogWorker: Starting segment from index:0
scm_1       | 2019-10-08 21:43:20 INFO  ServiceAuthorizationManager:138 - Authorization successful for dn/df7203aa6214@EXAMPLE.COM (auth:KERBEROS) for protocol=interface org.apache.hadoop.ozone.protocol.StorageContainerDatanodeProtocol
kdc_1       | Generiting keytab
datanode_1  | 2019-10-08 21:40:30 INFO  RoleInfo:143 - f5ed6e6e-fa29-404a-8187-9f9d21f39476: start LeaderElection
datanode_2  | 2019-10-08 21:40:31 INFO  RaftServerImpl:356 - 9dcfb06e-ec52-4403-b26b-33faedbe8f3b@group-51B3596E4780: set configuration 0: [f5ed6e6e-fa29-404a-8187-9f9d21f39476:172.18.0.4:9858, 936f144e-23ea-4222-8b77-85f1a082a5f7:172.18.0.6:9858, 9dcfb06e-ec52-4403-b26b-33faedbe8f3b:172.18.0.5:9858], old=null at 0
om_1        | 2019-10-08 21:41:48 INFO  ServiceAuthorizationManager:138 - Authorization successful for testuser/scm@EXAMPLE.COM (auth:KERBEROS) for protocol=interface org.apache.hadoop.ozone.om.protocol.OzoneManagerProtocol
s3g_1       | 	at org.eclipse.jetty.servlet.ServletHandler$CachedChain.doFilter(ServletHandler.java:1767)
datanode_3  | 2019-10-08 21:40:31 INFO  SegmentedRaftLogWorker:574 - 936f144e-23ea-4222-8b77-85f1a082a5f7@group-51B3596E4780-SegmentedRaftLogWorker: created new log segment /data/metadata/ratis/fccb0039-a225-47f1-8153-51b3596e4780/current/log_inprogress_0
scm_1       | 2019-10-08 21:43:32 INFO  Server:1849 - Auth successful for dn/cd2faf66b49f@EXAMPLE.COM (auth:KERBEROS)
kdc_1       | Authenticating as principal admin/admin with keytab /tmp/admin.keytab.
datanode_1  | 2019-10-08 21:40:30 INFO  LeaderElection:178 - f5ed6e6e-fa29-404a-8187-9f9d21f39476@group-51B3596E4780-LeaderElection3: begin an election at term 2 for -1: [f5ed6e6e-fa29-404a-8187-9f9d21f39476:172.18.0.4:9858, 936f144e-23ea-4222-8b77-85f1a082a5f7:172.18.0.6:9858, 9dcfb06e-ec52-4403-b26b-33faedbe8f3b:172.18.0.5:9858], old=null
datanode_2  | 2019-10-08 21:40:31 INFO  SegmentedRaftLogWorker:385 - 9dcfb06e-ec52-4403-b26b-33faedbe8f3b@group-51B3596E4780-SegmentedRaftLogWorker: Starting segment from index:0
om_1        | 2019-10-08 21:41:51 INFO  Server:1849 - Auth successful for testuser/scm@EXAMPLE.COM (auth:KERBEROS)
s3g_1       | 	at org.apache.hadoop.http.NoCacheFilter.doFilter(NoCacheFilter.java:45)
datanode_3  | 2019-10-08 21:43:52 INFO  DNCertificateClient:278 - Getting certificate with certSerialId:1235038096522604.
scm_1       | 2019-10-08 21:43:32 INFO  ServiceAuthorizationManager:138 - Authorization successful for dn/cd2faf66b49f@EXAMPLE.COM (auth:KERBEROS) for protocol=interface org.apache.hadoop.ozone.protocol.StorageContainerDatanodeProtocol
kdc_1       | WARNING: no policy specified for om/666d4eee9b8a@EXAMPLE.COM; defaulting to no policy
datanode_1  | 2019-10-08 21:40:30 INFO  LeaderElection:56 - f5ed6e6e-fa29-404a-8187-9f9d21f39476@group-51B3596E4780-LeaderElection3: Election PASSED; received 1 response(s) [f5ed6e6e-fa29-404a-8187-9f9d21f39476<-936f144e-23ea-4222-8b77-85f1a082a5f7#0:OK-t2] and 0 exception(s); f5ed6e6e-fa29-404a-8187-9f9d21f39476@group-51B3596E4780:t2, leader=null, voted=f5ed6e6e-fa29-404a-8187-9f9d21f39476, raftlog=f5ed6e6e-fa29-404a-8187-9f9d21f39476@group-51B3596E4780-SegmentedRaftLog:OPENED:c-1,f-1,i0, conf=-1: [f5ed6e6e-fa29-404a-8187-9f9d21f39476:172.18.0.4:9858, 936f144e-23ea-4222-8b77-85f1a082a5f7:172.18.0.6:9858, 9dcfb06e-ec52-4403-b26b-33faedbe8f3b:172.18.0.5:9858], old=null
datanode_2  | 2019-10-08 21:40:31 INFO  SegmentedRaftLogWorker:574 - 9dcfb06e-ec52-4403-b26b-33faedbe8f3b@group-51B3596E4780-SegmentedRaftLogWorker: created new log segment /data/metadata/ratis/fccb0039-a225-47f1-8153-51b3596e4780/current/log_inprogress_0
om_1        | 2019-10-08 21:41:51 INFO  ServiceAuthorizationManager:138 - Authorization successful for testuser/scm@EXAMPLE.COM (auth:KERBEROS) for protocol=interface org.apache.hadoop.ozone.om.protocol.OzoneManagerProtocol
s3g_1       | 	at org.eclipse.jetty.servlet.ServletHandler$CachedChain.doFilter(ServletHandler.java:1767)
datanode_3  | 2019-10-08 21:43:53 WARN  GrpcClientProtocolService:134 - 0-OrderedRequestStreamObserver0: onError: org.apache.ratis.thirdparty.io.grpc.StatusRuntimeException: CANCELLED: cancelled before receiving half close
scm_1       | 2019-10-08 21:43:49 INFO  Server:1849 - Auth successful for dn/666d4eee9b8a@EXAMPLE.COM (auth:KERBEROS)
kdc_1       | Principal "om/666d4eee9b8a@EXAMPLE.COM" created.
datanode_2  | 2019-10-08 21:41:11 INFO  DNCertificateClient:278 - Getting certificate with certSerialId:1235038096522604.
datanode_1  | 2019-10-08 21:40:30 INFO  RoleInfo:134 - f5ed6e6e-fa29-404a-8187-9f9d21f39476: shutdown LeaderElection
om_1        | 2019-10-08 21:41:53 INFO  Server:1849 - Auth successful for testuser/scm@EXAMPLE.COM (auth:KERBEROS)
s3g_1       | 	at org.eclipse.jetty.servlet.ServletHandler.doHandle(ServletHandler.java:583)
datanode_3  | 2019-10-08 21:45:22 WARN  GrpcClientProtocolService:134 - 1-OrderedRequestStreamObserver1: onError: org.apache.ratis.thirdparty.io.grpc.StatusRuntimeException: CANCELLED: cancelled before receiving half close
scm_1       | 2019-10-08 21:43:49 INFO  ServiceAuthorizationManager:138 - Authorization successful for dn/666d4eee9b8a@EXAMPLE.COM (auth:KERBEROS) for protocol=interface org.apache.hadoop.ozone.protocol.StorageContainerDatanodeProtocol
kdc_1       | Authenticating as principal admin/admin with keytab /tmp/admin.keytab.
datanode_2  | 2019-10-08 21:41:11 WARN  GrpcClientProtocolService:134 - 0-OrderedRequestStreamObserver0: onError: org.apache.ratis.thirdparty.io.grpc.StatusRuntimeException: CANCELLED: cancelled before receiving half close
datanode_1  | 2019-10-08 21:40:30 INFO  RaftServerImpl:170 - f5ed6e6e-fa29-404a-8187-9f9d21f39476@group-51B3596E4780: changes role from CANDIDATE to LEADER at term 2 for changeToLeader
s3g_1       | 	at org.eclipse.jetty.server.handler.ScopedHandler.handle(ScopedHandler.java:143)
om_1        | 2019-10-08 21:41:53 INFO  ServiceAuthorizationManager:138 - Authorization successful for testuser/scm@EXAMPLE.COM (auth:KERBEROS) for protocol=interface org.apache.hadoop.ozone.om.protocol.OzoneManagerProtocol
scm_1       | 2019-10-08 21:43:50 INFO  Server:1849 - Auth successful for dn/df7203aa6214@EXAMPLE.COM (auth:KERBEROS)
kdc_1       | Entry for principal om/666d4eee9b8a@EXAMPLE.COM with kvno 2, encryption type aes256-cts-hmac-sha1-96 added to keytab WRFILE:/data/om.666d4eee9b8a.keytab.
datanode_2  | 2019-10-08 21:42:19 WARN  GrpcClientProtocolService:134 - 1-OrderedRequestStreamObserver1: onError: org.apache.ratis.thirdparty.io.grpc.StatusRuntimeException: CANCELLED: cancelled before receiving half close
datanode_1  | 2019-10-08 21:40:30 INFO  RaftServerImpl:255 - f5ed6e6e-fa29-404a-8187-9f9d21f39476@group-51B3596E4780: change Leader from null to f5ed6e6e-fa29-404a-8187-9f9d21f39476 at term 2 for becomeLeader, leader elected after 10330ms
s3g_1       | 	at org.eclipse.jetty.security.SecurityHandler.handle(SecurityHandler.java:548)
om_1        | 2019-10-08 21:41:56 INFO  Server:1849 - Auth successful for testuser/scm@EXAMPLE.COM (auth:KERBEROS)
scm_1       | 2019-10-08 21:43:50 INFO  ServiceAuthorizationManager:138 - Authorization successful for dn/df7203aa6214@EXAMPLE.COM (auth:KERBEROS) for protocol=interface org.apache.hadoop.ozone.protocol.StorageContainerDatanodeProtocol
kdc_1       | Entry for principal om/666d4eee9b8a@EXAMPLE.COM with kvno 2, encryption type aes128-cts-hmac-sha1-96 added to keytab WRFILE:/data/om.666d4eee9b8a.keytab.
datanode_2  | 2019-10-08 21:49:03 WARN  GrpcClientProtocolService:134 - 3-OrderedRequestStreamObserver3: onError: org.apache.ratis.thirdparty.io.grpc.StatusRuntimeException: CANCELLED: cancelled before receiving half close
datanode_1  | 2019-10-08 21:40:30 INFO  RaftServerConfigKeys:43 - raft.server.staging.catchup.gap = 1000 (default)
s3g_1       | 	at org.eclipse.jetty.server.session.SessionHandler.doHandle(SessionHandler.java:226)
om_1        | 2019-10-08 21:41:56 INFO  ServiceAuthorizationManager:138 - Authorization successful for testuser/scm@EXAMPLE.COM (auth:KERBEROS) for protocol=interface org.apache.hadoop.ozone.om.protocol.OzoneManagerProtocol
scm_1       | 2019-10-08 21:43:50 INFO  Server:1849 - Auth successful for om/om@EXAMPLE.COM (auth:KERBEROS)
kdc_1       | Generiting keytab
datanode_1  | 2019-10-08 21:40:30 INFO  RaftServerConfigKeys:43 - raft.server.rpc.sleep.time = 25ms (default)
s3g_1       | 	at org.eclipse.jetty.server.handler.ContextHandler.doHandle(ContextHandler.java:1180)
scm_1       | 2019-10-08 21:43:50 INFO  ServiceAuthorizationManager:138 - Authorization successful for om/om@EXAMPLE.COM (auth:KERBEROS) for protocol=interface org.apache.hadoop.hdds.scm.protocol.ScmBlockLocationProtocol
kdc_1       | Authenticating as principal admin/admin with keytab /tmp/admin.keytab.
om_1        | 2019-10-08 21:41:59 INFO  Server:1849 - Auth successful for testuser/scm@EXAMPLE.COM (auth:KERBEROS)
datanode_1  | 2019-10-08 21:40:30 INFO  RaftServerConfigKeys:43 - raft.server.write.element-limit = 4096 (default)
s3g_1       | 	at org.eclipse.jetty.servlet.ServletHandler.doScope(ServletHandler.java:513)
kdc_1       | WARNING: no policy specified for scm/cd2faf66b49f@EXAMPLE.COM; defaulting to no policy
om_1        | 2019-10-08 21:41:59 INFO  ServiceAuthorizationManager:138 - Authorization successful for testuser/scm@EXAMPLE.COM (auth:KERBEROS) for protocol=interface org.apache.hadoop.ozone.om.protocol.OzoneManagerProtocol
datanode_1  | 2019-10-08 21:40:30 INFO  RaftServerConfigKeys:43 - raft.server.watch.timeout = 10s (default)
s3g_1       | 	at org.eclipse.jetty.server.session.SessionHandler.doScope(SessionHandler.java:185)
scm_1       | 2019-10-08 21:43:52 INFO  Server:1849 - Auth successful for dn/df7203aa6214@EXAMPLE.COM (auth:KERBEROS)
kdc_1       | Principal "scm/cd2faf66b49f@EXAMPLE.COM" created.
om_1        | 2019-10-08 21:42:01 INFO  Server:1849 - Auth successful for testuser/scm@EXAMPLE.COM (auth:KERBEROS)
datanode_1  | 2019-10-08 21:40:30 INFO  RaftServerConfigKeys:43 - raft.server.watch.timeout.denomination = 1s (default)
s3g_1       | 	at org.eclipse.jetty.server.handler.ContextHandler.doScope(ContextHandler.java:1112)
scm_1       | 2019-10-08 21:43:52 INFO  ServiceAuthorizationManager:138 - Authorization successful for dn/df7203aa6214@EXAMPLE.COM (auth:KERBEROS) for protocol=interface org.apache.hadoop.hdds.protocol.SCMSecurityProtocol
kdc_1       | Authenticating as principal admin/admin with keytab /tmp/admin.keytab.
om_1        | 2019-10-08 21:42:01 INFO  ServiceAuthorizationManager:138 - Authorization successful for testuser/scm@EXAMPLE.COM (auth:KERBEROS) for protocol=interface org.apache.hadoop.ozone.om.protocol.OzoneManagerProtocol
s3g_1       | 	at org.eclipse.jetty.server.handler.ScopedHandler.handle(ScopedHandler.java:141)
scm_1       | 2019-10-08 21:44:02 INFO  Server:1849 - Auth successful for dn/cd2faf66b49f@EXAMPLE.COM (auth:KERBEROS)
datanode_1  | 2019-10-08 21:40:30 INFO  RaftServerConfigKeys:43 - raft.server.watch.element-limit = 65536 (default)
kdc_1       | Entry for principal scm/cd2faf66b49f@EXAMPLE.COM with kvno 2, encryption type aes256-cts-hmac-sha1-96 added to keytab WRFILE:/data/scm.cd2faf66b49f.keytab.
om_1        | 2019-10-08 21:42:02 ERROR OMBucketAddAclRequest:112 - Add acl [user:superuser1:rwxy[ACCESS]] to path /88946-rpcwoport2/bb1 failed, because acl already exist
s3g_1       | 	at org.eclipse.jetty.server.handler.HandlerCollection.handle(HandlerCollection.java:119)
scm_1       | 2019-10-08 21:44:02 INFO  ServiceAuthorizationManager:138 - Authorization successful for dn/cd2faf66b49f@EXAMPLE.COM (auth:KERBEROS) for protocol=interface org.apache.hadoop.ozone.protocol.StorageContainerDatanodeProtocol
datanode_1  | 2019-10-08 21:40:30 INFO  RaftServerConfigKeys:43 - raft.server.log.appender.snapshot.chunk.size.max = 16MB (=16777216) (default)
kdc_1       | Entry for principal scm/cd2faf66b49f@EXAMPLE.COM with kvno 2, encryption type aes128-cts-hmac-sha1-96 added to keytab WRFILE:/data/scm.cd2faf66b49f.keytab.
om_1        | 2019-10-08 21:42:04 INFO  Server:1849 - Auth successful for testuser/scm@EXAMPLE.COM (auth:KERBEROS)
s3g_1       | 	at org.eclipse.jetty.server.handler.HandlerWrapper.handle(HandlerWrapper.java:134)
datanode_1  | 2019-10-08 21:40:30 INFO  RaftServerConfigKeys:43 - raft.server.log.appender.buffer.byte-limit = 33554432 (custom)
scm_1       | 2019-10-08 21:44:18 INFO  Server:1849 - Auth successful for om/om@EXAMPLE.COM (auth:KERBEROS)
kdc_1       | Generiting keytab
om_1        | 2019-10-08 21:42:04 INFO  ServiceAuthorizationManager:138 - Authorization successful for testuser/scm@EXAMPLE.COM (auth:KERBEROS) for protocol=interface org.apache.hadoop.ozone.om.protocol.OzoneManagerProtocol
s3g_1       | 	at org.eclipse.jetty.server.Server.handle(Server.java:539)
datanode_1  | 2019-10-08 21:40:30 INFO  RaftServerConfigKeys:43 - raft.server.log.appender.buffer.element-limit = 1 (custom)
scm_1       | 2019-10-08 21:44:18 INFO  ServiceAuthorizationManager:138 - Authorization successful for om/om@EXAMPLE.COM (auth:KERBEROS) for protocol=interface org.apache.hadoop.hdds.scm.protocol.ScmBlockLocationProtocol
kdc_1       | Authenticating as principal admin/admin with keytab /tmp/admin.keytab.
om_1        | 2019-10-08 21:42:06 INFO  Server:1849 - Auth successful for testuser/scm@EXAMPLE.COM (auth:KERBEROS)
s3g_1       | 	at org.eclipse.jetty.server.HttpChannel.handle(HttpChannel.java:333)
scm_1       | 2019-10-08 21:44:18 INFO  SCMBlockProtocolServer:212 - SCM is informed by OM to delete 2 blocks
datanode_1  | 2019-10-08 21:40:30 INFO  GrpcConfigKeys$Server:43 - raft.grpc.server.leader.outstanding.appends.max = 128 (default)
kdc_1       | WARNING: no policy specified for scm/om@EXAMPLE.COM; defaulting to no policy
s3g_1       | 	at org.eclipse.jetty.server.HttpConnection.onFillable(HttpConnection.java:251)
om_1        | 2019-10-08 21:42:06 INFO  ServiceAuthorizationManager:138 - Authorization successful for testuser/scm@EXAMPLE.COM (auth:KERBEROS) for protocol=interface org.apache.hadoop.ozone.om.protocol.OzoneManagerProtocol
scm_1       | 2019-10-08 21:44:18 INFO  BlockManagerImpl:273 - Deleting blocks conID: 7 locID: 102928943086305408 bcsId: 0
datanode_1  | 2019-10-08 21:40:30 INFO  RaftServerConfigKeys:43 - raft.server.rpc.request.timeout = 3000ms (default)
kdc_1       | Principal "scm/om@EXAMPLE.COM" created.
s3g_1       | 	at org.eclipse.jetty.io.AbstractConnection$ReadCallback.succeeded(AbstractConnection.java:283)
om_1        | 2019-10-08 21:42:09 INFO  Server:1849 - Auth successful for testuser/scm@EXAMPLE.COM (auth:KERBEROS)
scm_1       | 2019-10-08 21:44:18 INFO  BlockManagerImpl:273 - Deleting blocks conID: 6 locID: 102928939840569471 bcsId: 0
datanode_1  | 2019-10-08 21:40:30 INFO  RaftServerConfigKeys:43 - raft.server.log.appender.install.snapshot.enabled = false (custom)
kdc_1       | Authenticating as principal admin/admin with keytab /tmp/admin.keytab.
kdc_1       | Entry for principal scm/om@EXAMPLE.COM with kvno 2, encryption type aes256-cts-hmac-sha1-96 added to keytab WRFILE:/data/scm.om.keytab.
kdc_1       | Entry for principal scm/om@EXAMPLE.COM with kvno 2, encryption type aes128-cts-hmac-sha1-96 added to keytab WRFILE:/data/scm.om.keytab.
datanode_1  | 2019-10-08 21:40:30 INFO  RaftServerConfigKeys:43 - raft.server.log.appender.snapshot.chunk.size.max = 16MB (=16777216) (default)
om_1        | 2019-10-08 21:42:09 INFO  ServiceAuthorizationManager:138 - Authorization successful for testuser/scm@EXAMPLE.COM (auth:KERBEROS) for protocol=interface org.apache.hadoop.ozone.om.protocol.OzoneManagerProtocol
kdc_1       | Generiting keytab
s3g_1       | 	at org.eclipse.jetty.io.FillInterest.fillable(FillInterest.java:108)
scm_1       | 2019-10-08 21:44:19 INFO  Server:1849 - Auth successful for dn/666d4eee9b8a@EXAMPLE.COM (auth:KERBEROS)
datanode_1  | 2019-10-08 21:40:30 INFO  RaftServerConfigKeys:43 - raft.server.log.appender.buffer.byte-limit = 33554432 (custom)
om_1        | 2019-10-08 21:42:11 INFO  Server:1849 - Auth successful for testuser/scm@EXAMPLE.COM (auth:KERBEROS)
kdc_1       | Authenticating as principal admin/admin with keytab /tmp/admin.keytab.
kdc_1       | WARNING: no policy specified for scm/df7203aa6214@EXAMPLE.COM; defaulting to no policy
scm_1       | 2019-10-08 21:44:19 INFO  ServiceAuthorizationManager:138 - Authorization successful for dn/666d4eee9b8a@EXAMPLE.COM (auth:KERBEROS) for protocol=interface org.apache.hadoop.ozone.protocol.StorageContainerDatanodeProtocol
datanode_1  | 2019-10-08 21:40:30 INFO  RaftServerConfigKeys:43 - raft.server.log.appender.buffer.element-limit = 1 (custom)
om_1        | 2019-10-08 21:42:11 INFO  ServiceAuthorizationManager:138 - Authorization successful for testuser/scm@EXAMPLE.COM (auth:KERBEROS) for protocol=interface org.apache.hadoop.ozone.om.protocol.OzoneManagerProtocol
kdc_1       | Principal "scm/df7203aa6214@EXAMPLE.COM" created.
s3g_1       | 	at org.eclipse.jetty.io.SelectChannelEndPoint$2.run(SelectChannelEndPoint.java:93)
scm_1       | 2019-10-08 21:44:22 INFO  Server:1849 - Auth successful for dn/df7203aa6214@EXAMPLE.COM (auth:KERBEROS)
scm_1       | 2019-10-08 21:44:22 INFO  ServiceAuthorizationManager:138 - Authorization successful for dn/df7203aa6214@EXAMPLE.COM (auth:KERBEROS) for protocol=interface org.apache.hadoop.ozone.protocol.StorageContainerDatanodeProtocol
scm_1       | 2019-10-08 21:44:32 INFO  Server:1849 - Auth successful for dn/cd2faf66b49f@EXAMPLE.COM (auth:KERBEROS)
scm_1       | 2019-10-08 21:44:32 INFO  ServiceAuthorizationManager:138 - Authorization successful for dn/cd2faf66b49f@EXAMPLE.COM (auth:KERBEROS) for protocol=interface org.apache.hadoop.ozone.protocol.StorageContainerDatanodeProtocol
s3g_1       | 	at org.eclipse.jetty.util.thread.strategy.ExecuteProduceConsume.executeProduceConsume(ExecuteProduceConsume.java:303)
scm_1       | 2019-10-08 21:44:49 INFO  Server:1849 - Auth successful for dn/666d4eee9b8a@EXAMPLE.COM (auth:KERBEROS)
datanode_1  | 2019-10-08 21:40:30 INFO  GrpcConfigKeys$Server:43 - raft.grpc.server.leader.outstanding.appends.max = 128 (default)
kdc_1       | Authenticating as principal admin/admin with keytab /tmp/admin.keytab.
om_1        | 2019-10-08 21:42:14 INFO  Server:1849 - Auth successful for testuser/scm@EXAMPLE.COM (auth:KERBEROS)
s3g_1       | 	at org.eclipse.jetty.util.thread.strategy.ExecuteProduceConsume.produceConsume(ExecuteProduceConsume.java:148)
datanode_1  | 2019-10-08 21:40:30 INFO  RaftServerConfigKeys:43 - raft.server.rpc.request.timeout = 3000ms (default)
datanode_1  | 2019-10-08 21:40:30 INFO  RaftServerConfigKeys:43 - raft.server.log.appender.install.snapshot.enabled = false (custom)
kdc_1       | Entry for principal scm/df7203aa6214@EXAMPLE.COM with kvno 2, encryption type aes256-cts-hmac-sha1-96 added to keytab WRFILE:/data/scm.df7203aa6214.keytab.
s3g_1       | 	at org.eclipse.jetty.util.thread.strategy.ExecuteProduceConsume.run(ExecuteProduceConsume.java:136)
scm_1       | 2019-10-08 21:44:49 INFO  ServiceAuthorizationManager:138 - Authorization successful for dn/666d4eee9b8a@EXAMPLE.COM (auth:KERBEROS) for protocol=interface org.apache.hadoop.ozone.protocol.StorageContainerDatanodeProtocol
om_1        | 2019-10-08 21:42:14 INFO  ServiceAuthorizationManager:138 - Authorization successful for testuser/scm@EXAMPLE.COM (auth:KERBEROS) for protocol=interface org.apache.hadoop.ozone.om.protocol.OzoneManagerProtocol
datanode_1  | 2019-10-08 21:40:31 INFO  RoleInfo:143 - f5ed6e6e-fa29-404a-8187-9f9d21f39476: start LeaderState
kdc_1       | Entry for principal scm/df7203aa6214@EXAMPLE.COM with kvno 2, encryption type aes128-cts-hmac-sha1-96 added to keytab WRFILE:/data/scm.df7203aa6214.keytab.
s3g_1       | 	at org.eclipse.jetty.util.thread.QueuedThreadPool.runJob(QueuedThreadPool.java:671)
scm_1       | 2019-10-08 21:44:52 INFO  Server:1849 - Auth successful for dn/df7203aa6214@EXAMPLE.COM (auth:KERBEROS)
om_1        | 2019-10-08 21:42:17 INFO  Server:1849 - Auth successful for testuser/scm@EXAMPLE.COM (auth:KERBEROS)
datanode_1  | 2019-10-08 21:40:31 INFO  SegmentedRaftLogWorker:385 - f5ed6e6e-fa29-404a-8187-9f9d21f39476@group-51B3596E4780-SegmentedRaftLogWorker: Starting segment from index:0
s3g_1       | 	at org.eclipse.jetty.util.thread.QueuedThreadPool$2.run(QueuedThreadPool.java:589)
kdc_1       | Generiting keytab
scm_1       | 2019-10-08 21:44:52 INFO  ServiceAuthorizationManager:138 - Authorization successful for dn/df7203aa6214@EXAMPLE.COM (auth:KERBEROS) for protocol=interface org.apache.hadoop.ozone.protocol.StorageContainerDatanodeProtocol
om_1        | 2019-10-08 21:42:17 INFO  ServiceAuthorizationManager:138 - Authorization successful for testuser/scm@EXAMPLE.COM (auth:KERBEROS) for protocol=interface org.apache.hadoop.ozone.om.protocol.OzoneManagerProtocol
