Attaching to ozonesecure_datanode_1, ozonesecure_scm_1, ozonesecure_datanode_2, ozonesecure_kms_1, ozonesecure_datanode_3, ozonesecure_om_1, ozonesecure_s3g_1, ozonesecure_kdc_1, ozonesecure_recon_1
datanode_1  | Sleeping for 5 seconds
datanode_1  | Setting up kerberos!!
datanode_1  | KDC ISSUER_SERVER => kdc:8081
datanode_1  | Sleeping for 5 seconds
datanode_1  | Got 200, KDC service ready!!
datanode_1  | Download dn/38661de26363@EXAMPLE.COM keytab file to /etc/security/keytabs/dn.keytab
datanode_1  | --2019-10-17 06:54:11--  http://kdc:8081/keytab/38661de26363/dn
datanode_1  | Resolving kdc (kdc)... 172.18.0.3
datanode_1  | Connecting to kdc (kdc)|172.18.0.3|:8081... connected.
datanode_1  | HTTP request sent, awaiting response... 200 OK
datanode_1  | Length: 158 [application/octet-stream]
datanode_1  | Saving to: '/etc/security/keytabs/dn.keytab'
datanode_1  | 
datanode_1  |      0K                                                       100% 9.07M=0s
datanode_1  | 
datanode_1  | 2019-10-17 06:54:12 (9.07 MB/s) - '/etc/security/keytabs/dn.keytab' saved [158/158]
datanode_2  | Sleeping for 5 seconds
datanode_1  | 
datanode_2  | Setting up kerberos!!
scm_1       | Sleeping for 5 seconds
datanode_1  | Keytab name: FILE:/etc/security/keytabs/dn.keytab
datanode_2  | KDC ISSUER_SERVER => kdc:8081
scm_1       | Setting up kerberos!!
datanode_1  | KVNO Timestamp         Principal
datanode_2  | Sleeping for 5 seconds
scm_1       | KDC ISSUER_SERVER => kdc:8081
datanode_3  | Sleeping for 5 seconds
kms_1       | Sleeping for 5 seconds
datanode_1  | ---- ----------------- --------------------------------------------------------
datanode_2  | Got 200, KDC service ready!!
datanode_3  | Setting up kerberos!!
kms_1       | Setting up kerberos!!
datanode_1  |    2 10/17/19 06:54:12 dn/38661de26363@EXAMPLE.COM
scm_1       | Sleeping for 5 seconds
datanode_2  | Download dn/9abf15b18c38@EXAMPLE.COM keytab file to /etc/security/keytabs/dn.keytab
datanode_3  | KDC ISSUER_SERVER => kdc:8081
om_1        | Sleeping for 5 seconds
kdc_1       | Issuer is listening on : 8081krb5kdc: starting...
kms_1       | KDC ISSUER_SERVER => kdc:8081
datanode_1  |    2 10/17/19 06:54:12 dn/38661de26363@EXAMPLE.COM
scm_1       | Got 200, KDC service ready!!
datanode_2  | --2019-10-17 06:54:11--  http://kdc:8081/keytab/9abf15b18c38/dn
datanode_3  | Sleeping for 5 seconds
om_1        | Setting up kerberos!!
kdc_1       | kadmind: starting...
kms_1       | /opt/starter.sh: line 66: SLEEP_SECONDS: command not found
scm_1       | Download dn/scm@EXAMPLE.COM keytab file to /etc/security/keytabs/dn.keytab
datanode_1  | Download om/38661de26363@EXAMPLE.COM keytab file to /etc/security/keytabs/om.keytab
datanode_2  | Resolving kdc (kdc)... 172.18.0.3
s3g_1       | Sleeping for 5 seconds
om_1        | KDC ISSUER_SERVER => kdc:8081
datanode_3  | Got 200, KDC service ready!!
kdc_1       | otp: Loaded
kms_1       | Sleeping for  seconds
scm_1       | --2019-10-17 06:54:12--  http://kdc:8081/keytab/scm/dn
datanode_1  | --2019-10-17 06:54:12--  http://kdc:8081/keytab/38661de26363/om
datanode_2  | Connecting to kdc (kdc)|172.18.0.3|:8081... connected.
s3g_1       | Setting up kerberos!!
om_1        | Sleeping for 5 seconds
datanode_3  | Download dn/5ed0e646e5d7@EXAMPLE.COM keytab file to /etc/security/keytabs/dn.keytab
kdc_1       | Oct 17 06:54:00 kdc krb5kdc[9](info): setting up network...
kms_1       | Got 200, KDC service ready!!
datanode_1  | Resolving kdc (kdc)... 172.18.0.3
scm_1       | Resolving kdc (kdc)... 172.18.0.3
datanode_2  | HTTP request sent, awaiting response... 200 OK
s3g_1       | KDC ISSUER_SERVER => kdc:8081
datanode_3  | --2019-10-17 06:54:11--  http://kdc:8081/keytab/5ed0e646e5d7/dn
om_1        | Got 200, KDC service ready!!
recon_1     | Sleeping for 5 seconds
kms_1       | Download dn/01e0f930d892@EXAMPLE.COM keytab file to /etc/security/keytabs/dn.keytab
kdc_1       | krb5kdc: setsockopt(9,IPV6_V6ONLY,1) worked
datanode_1  | Connecting to kdc (kdc)|172.18.0.3|:8081... connected.
scm_1       | Connecting to kdc (kdc)|172.18.0.3|:8081... connected.
datanode_2  | Length: 158 [application/octet-stream]
s3g_1       | Sleeping for 5 seconds
datanode_3  | Resolving kdc (kdc)... 172.18.0.3
om_1        | Download dn/om@EXAMPLE.COM keytab file to /etc/security/keytabs/dn.keytab
recon_1     | Waiting for the service om:9874
kms_1       | --2019-10-17 06:54:11--  http://kdc:8081/keytab/01e0f930d892/dn
kdc_1       | krb5kdc: setsockopt(11,IPV6_V6ONLY,1) worked
datanode_1  | HTTP request sent, awaiting response... 200 OK
scm_1       | HTTP request sent, awaiting response... 200 OK
datanode_2  | Saving to: '/etc/security/keytabs/dn.keytab'
s3g_1       | Got 200, KDC service ready!!
datanode_3  | Connecting to kdc (kdc)|172.18.0.3|:8081... connected.
om_1        | --2019-10-17 06:54:11--  http://kdc:8081/keytab/om/dn
recon_1     | Setting up kerberos!!
kms_1       | Resolving kdc (kdc)... 172.18.0.3
kdc_1       | Oct 17 06:54:00 kdc krb5kdc[9](info): set up 4 sockets
datanode_1  | Length: 158 [application/octet-stream]
scm_1       | Length: 140 [application/octet-stream]
datanode_2  | 
s3g_1       | Download dn/s3g@EXAMPLE.COM keytab file to /etc/security/keytabs/dn.keytab
datanode_3  | HTTP request sent, awaiting response... 200 OK
om_1        | Resolving kdc (kdc)... 172.18.0.3
recon_1     | KDC ISSUER_SERVER => kdc:8081
kms_1       | Connecting to kdc (kdc)|172.18.0.3|:8081... connected.
kdc_1       | Oct 17 06:54:00 kdc krb5kdc[9](info): commencing operation
datanode_1  | Saving to: '/etc/security/keytabs/om.keytab'
scm_1       | Saving to: '/etc/security/keytabs/dn.keytab'
datanode_2  |      0K                                                       100% 8.97M=0s
s3g_1       | --2019-10-17 06:54:11--  http://kdc:8081/keytab/s3g/dn
datanode_3  | Length: 158 [application/octet-stream]
om_1        | Connecting to kdc (kdc)|172.18.0.3|:8081... connected.
recon_1     | Sleeping for 5 seconds
kms_1       | HTTP request sent, awaiting response... 200 OK
kdc_1       | Oct 17 06:53:46 4e39202c9c85 kadmin.local[1](info): No dictionary file specified, continuing without one.
datanode_1  | 
scm_1       | 
datanode_2  | 
s3g_1       | Resolving kdc (kdc)... 172.18.0.3
datanode_3  | Saving to: '/etc/security/keytabs/dn.keytab'
om_1        | HTTP request sent, awaiting response... 200 OK
recon_1     | Got 200, KDC service ready!!
kms_1       | Length: 158 [application/octet-stream]
kdc_1       | Oct 17 06:53:48 12a3f0b7f9d9 kadmin.local[1](info): No dictionary file specified, continuing without one.
datanode_1  |      0K                                                       100% 12.2M=0s
scm_1       |      0K                                                       100% 14.8M=0s
datanode_2  | 2019-10-17 06:54:13 (8.97 MB/s) - '/etc/security/keytabs/dn.keytab' saved [158/158]
s3g_1       | Connecting to kdc (kdc)|172.18.0.3|:8081... connected.
datanode_3  | 
om_1        | Length: 138 [application/octet-stream]
recon_1     | Download dn/recon@EXAMPLE.COM keytab file to /etc/security/keytabs/dn.keytab
kms_1       | Saving to: '/etc/security/keytabs/dn.keytab'
kdc_1       | Oct 17 06:54:04 kdc kadmind[15](info): No dictionary file specified, continuing without one.
scm_1       | 
datanode_2  | 
datanode_1  | 
s3g_1       | HTTP request sent, awaiting response... 200 OK
datanode_3  |      0K                                                       100% 11.8M=0s
om_1        | Saving to: '/etc/security/keytabs/dn.keytab'
recon_1     | --2019-10-17 06:54:41--  http://kdc:8081/keytab/recon/dn
kms_1       | 
kdc_1       | Oct 17 06:54:04 kdc kadmind[15](info): setting up network...
datanode_2  | Keytab name: FILE:/etc/security/keytabs/dn.keytab
datanode_1  | 2019-10-17 06:54:15 (12.2 MB/s) - '/etc/security/keytabs/om.keytab' saved [158/158]
datanode_3  | 
scm_1       | 2019-10-17 06:54:14 (14.8 MB/s) - '/etc/security/keytabs/dn.keytab' saved [140/140]
s3g_1       | Length: 140 [application/octet-stream]
om_1        | 
recon_1     | Resolving kdc (kdc)... 172.18.0.3
kms_1       |      0K                                                       100% 11.5M=0s
kdc_1       | kadmind: setsockopt(9,IPV6_V6ONLY,1) worked
datanode_2  | KVNO Timestamp         Principal
datanode_1  | 
datanode_3  | 2019-10-17 06:54:13 (11.8 MB/s) - '/etc/security/keytabs/dn.keytab' saved [158/158]
scm_1       | 
s3g_1       | Saving to: '/etc/security/keytabs/dn.keytab'
om_1        |      0K                                                       100% 7.26M=0s
recon_1     | Connecting to kdc (kdc)|172.18.0.3|:8081... connected.
kms_1       | 
kdc_1       | kadmind: setsockopt(11,IPV6_V6ONLY,1) worked
datanode_1  | Keytab name: FILE:/etc/security/keytabs/om.keytab
datanode_3  | 
scm_1       | Keytab name: FILE:/etc/security/keytabs/dn.keytab
s3g_1       | 
om_1        | 
datanode_2  | ---- ----------------- --------------------------------------------------------
recon_1     | HTTP request sent, awaiting response... 200 OK
kms_1       | 2019-10-17 06:54:11 (11.5 MB/s) - '/etc/security/keytabs/dn.keytab' saved [158/158]
kdc_1       | kadmind: setsockopt(13,IPV6_V6ONLY,1) worked
datanode_1  | KVNO Timestamp         Principal
datanode_3  | Keytab name: FILE:/etc/security/keytabs/dn.keytab
scm_1       | KVNO Timestamp         Principal
s3g_1       |      0K                                                       100% 13.6M=0s
om_1        | 2019-10-17 06:54:12 (7.26 MB/s) - '/etc/security/keytabs/dn.keytab' saved [138/138]
datanode_2  |    2 10/17/19 06:54:13 dn/9abf15b18c38@EXAMPLE.COM
recon_1     | Length: 144 [application/octet-stream]
kdc_1       | Oct 17 06:54:04 kdc kadmind[15](info): set up 6 sockets
kms_1       | 
datanode_1  | ---- ----------------- --------------------------------------------------------
datanode_3  | KVNO Timestamp         Principal
scm_1       | ---- ----------------- --------------------------------------------------------
s3g_1       | 
om_1        | 
datanode_2  |    2 10/17/19 06:54:13 dn/9abf15b18c38@EXAMPLE.COM
recon_1     | Saving to: '/etc/security/keytabs/dn.keytab'
kdc_1       | Oct 17 06:54:05 kdc kadmind[15](info): Seeding random number generator
kms_1       | Keytab name: FILE:/etc/security/keytabs/dn.keytab
datanode_1  |    2 10/17/19 06:54:15 om/38661de26363@EXAMPLE.COM
datanode_3  | ---- ----------------- --------------------------------------------------------
scm_1       |    2 10/17/19 06:54:14 dn/scm@EXAMPLE.COM
s3g_1       | 2019-10-17 06:54:12 (13.6 MB/s) - '/etc/security/keytabs/dn.keytab' saved [140/140]
om_1        | Keytab name: FILE:/etc/security/keytabs/dn.keytab
datanode_2  | Download om/9abf15b18c38@EXAMPLE.COM keytab file to /etc/security/keytabs/om.keytab
recon_1     | 
kdc_1       | Oct 17 06:54:05 kdc kadmind[15](info): starting
kms_1       | KVNO Timestamp         Principal
datanode_1  |    2 10/17/19 06:54:15 om/38661de26363@EXAMPLE.COM
datanode_3  |    2 10/17/19 06:54:12 dn/5ed0e646e5d7@EXAMPLE.COM
scm_1       |    2 10/17/19 06:54:14 dn/scm@EXAMPLE.COM
s3g_1       | 
om_1        | KVNO Timestamp         Principal
datanode_2  | --2019-10-17 06:54:13--  http://kdc:8081/keytab/9abf15b18c38/om
recon_1     |      0K                                                       100% 9.21M=0s
kdc_1       | Generiting keytab
kms_1       | ---- ----------------- --------------------------------------------------------
datanode_1  | Download scm/38661de26363@EXAMPLE.COM keytab file to /etc/security/keytabs/scm.keytab
datanode_3  |    2 10/17/19 06:54:13 dn/5ed0e646e5d7@EXAMPLE.COM
scm_1       | Download om/scm@EXAMPLE.COM keytab file to /etc/security/keytabs/om.keytab
s3g_1       | Keytab name: FILE:/etc/security/keytabs/dn.keytab
om_1        | ---- ----------------- --------------------------------------------------------
datanode_2  | Resolving kdc (kdc)... 172.18.0.3
recon_1     | 
kdc_1       | Authenticating as principal admin/admin with keytab /tmp/admin.keytab.
kms_1       |    2 10/17/19 06:54:11 dn/01e0f930d892@EXAMPLE.COM
datanode_3  | Download om/5ed0e646e5d7@EXAMPLE.COM keytab file to /etc/security/keytabs/om.keytab
scm_1       | --2019-10-17 06:54:14--  http://kdc:8081/keytab/scm/om
s3g_1       | KVNO Timestamp         Principal
datanode_1  | --2019-10-17 06:54:15--  http://kdc:8081/keytab/38661de26363/scm
om_1        |    2 10/17/19 06:54:12 dn/om@EXAMPLE.COM
datanode_2  | Connecting to kdc (kdc)|172.18.0.3|:8081... connected.
recon_1     | 2019-10-17 06:54:41 (9.21 MB/s) - '/etc/security/keytabs/dn.keytab' saved [144/144]
kdc_1       | WARNING: no policy specified for test/test@EXAMPLE.COM; defaulting to no policy
kms_1       |    2 10/17/19 06:54:11 dn/01e0f930d892@EXAMPLE.COM
scm_1       | Resolving kdc (kdc)... 172.18.0.3
s3g_1       | ---- ----------------- --------------------------------------------------------
datanode_1  | Resolving kdc (kdc)... 172.18.0.3
datanode_3  | --2019-10-17 06:54:13--  http://kdc:8081/keytab/5ed0e646e5d7/om
om_1        |    2 10/17/19 06:54:12 dn/om@EXAMPLE.COM
datanode_2  | HTTP request sent, awaiting response... 200 OK
recon_1     | 
kdc_1       | Principal "test/test@EXAMPLE.COM" created.
kms_1       | Download om/01e0f930d892@EXAMPLE.COM keytab file to /etc/security/keytabs/om.keytab
scm_1       | Connecting to kdc (kdc)|172.18.0.3|:8081... connected.
s3g_1       |    2 10/17/19 06:54:12 dn/s3g@EXAMPLE.COM
datanode_1  | Connecting to kdc (kdc)|172.18.0.3|:8081... connected.
datanode_3  | Resolving kdc (kdc)... 172.18.0.3
om_1        | Download om/om@EXAMPLE.COM keytab file to /etc/security/keytabs/om.keytab
datanode_2  | Length: 158 [application/octet-stream]
recon_1     | Keytab name: FILE:/etc/security/keytabs/dn.keytab
kdc_1       | Authenticating as principal admin/admin with keytab /tmp/admin.keytab.
kms_1       | --2019-10-17 06:54:11--  http://kdc:8081/keytab/01e0f930d892/om
scm_1       | HTTP request sent, awaiting response... 200 OK
s3g_1       |    2 10/17/19 06:54:12 dn/s3g@EXAMPLE.COM
datanode_1  | HTTP request sent, awaiting response... 200 OK
datanode_3  | Connecting to kdc (kdc)|172.18.0.3|:8081... connected.
datanode_2  | Saving to: '/etc/security/keytabs/om.keytab'
om_1        | --2019-10-17 06:54:12--  http://kdc:8081/keytab/om/om
recon_1     | KVNO Timestamp         Principal
kdc_1       | Entry for principal test/test@EXAMPLE.COM with kvno 2, encryption type aes256-cts-hmac-sha1-96 added to keytab WRFILE:/data/test.test.keytab.
kms_1       | Resolving kdc (kdc)... 172.18.0.3
scm_1       | Length: 140 [application/octet-stream]
s3g_1       | Download om/s3g@EXAMPLE.COM keytab file to /etc/security/keytabs/om.keytab
datanode_1  | Length: 160 [application/octet-stream]
datanode_3  | HTTP request sent, awaiting response... 200 OK
datanode_2  | 
om_1        | Resolving kdc (kdc)... 172.18.0.3
recon_1     | ---- ----------------- --------------------------------------------------------
kms_1       | Connecting to kdc (kdc)|172.18.0.3|:8081... connected.
kdc_1       | Entry for principal test/test@EXAMPLE.COM with kvno 2, encryption type aes128-cts-hmac-sha1-96 added to keytab WRFILE:/data/test.test.keytab.
scm_1       | Saving to: '/etc/security/keytabs/om.keytab'
s3g_1       | --2019-10-17 06:54:12--  http://kdc:8081/keytab/s3g/om
datanode_1  | Saving to: '/etc/security/keytabs/scm.keytab'
datanode_3  | Length: 158 [application/octet-stream]
datanode_2  |      0K                                                       100% 12.1M=0s
om_1        | Connecting to kdc (kdc)|172.18.0.3|:8081... connected.
recon_1     |    2 10/17/19 06:54:41 dn/recon@EXAMPLE.COM
kms_1       | HTTP request sent, awaiting response... 200 OK
kdc_1       | Generiting keytab
scm_1       | 
s3g_1       | Resolving kdc (kdc)... 172.18.0.3
datanode_1  | 
datanode_3  | Saving to: '/etc/security/keytabs/om.keytab'
datanode_2  | 
om_1        | HTTP request sent, awaiting response... 200 OK
recon_1     |    2 10/17/19 06:54:41 dn/recon@EXAMPLE.COM
kms_1       | Length: 158 [application/octet-stream]
kdc_1       | Authenticating as principal admin/admin with keytab /tmp/admin.keytab.
scm_1       |      0K                                                       100% 11.8M=0s
s3g_1       | Connecting to kdc (kdc)|172.18.0.3|:8081... connected.
datanode_1  |      0K                                                       100% 16.1M=0s
datanode_3  | 
datanode_2  | 2019-10-17 06:54:16 (12.1 MB/s) - '/etc/security/keytabs/om.keytab' saved [158/158]
om_1        | Length: 138 [application/octet-stream]
recon_1     | Download om/recon@EXAMPLE.COM keytab file to /etc/security/keytabs/om.keytab
kms_1       | Saving to: '/etc/security/keytabs/om.keytab'
kdc_1       | WARNING: no policy specified for test/test@EXAMPLE.COM; defaulting to no policy
scm_1       | 
s3g_1       | HTTP request sent, awaiting response... 200 OK
datanode_1  | 
datanode_3  |      0K                                                       100% 12.5M=0s
datanode_2  | 
recon_1     | --2019-10-17 06:54:41--  http://kdc:8081/keytab/recon/om
om_1        | Saving to: '/etc/security/keytabs/om.keytab'
kms_1       | 
kdc_1       | add_principal: Principal or policy already exists while creating "test/test@EXAMPLE.COM".
scm_1       | 2019-10-17 06:54:16 (11.8 MB/s) - '/etc/security/keytabs/om.keytab' saved [140/140]
s3g_1       | Length: 140 [application/octet-stream]
datanode_1  | 2019-10-17 06:54:16 (16.1 MB/s) - '/etc/security/keytabs/scm.keytab' saved [160/160]
datanode_3  | 
datanode_2  | Keytab name: FILE:/etc/security/keytabs/om.keytab
recon_1     | Resolving kdc (kdc)... 172.18.0.3
om_1        | 
kms_1       |      0K                                                       100% 21.2M=0s
kdc_1       | Authenticating as principal admin/admin with keytab /tmp/admin.keytab.
scm_1       | 
s3g_1       | Saving to: '/etc/security/keytabs/om.keytab'
datanode_1  | 
datanode_3  | 2019-10-17 06:54:15 (12.5 MB/s) - '/etc/security/keytabs/om.keytab' saved [158/158]
datanode_2  | KVNO Timestamp         Principal
recon_1     | Connecting to kdc (kdc)|172.18.0.3|:8081... connected.
om_1        |      0K                                                       100% 20.5M=0s
kms_1       | 
kdc_1       | Entry for principal test/test@EXAMPLE.COM with kvno 3, encryption type aes256-cts-hmac-sha1-96 added to keytab WRFILE:/data/test.test.keytab.
datanode_1  | Keytab name: FILE:/etc/security/keytabs/scm.keytab
datanode_2  | ---- ----------------- --------------------------------------------------------
s3g_1       | 
datanode_3  | 
scm_1       | Keytab name: FILE:/etc/security/keytabs/om.keytab
recon_1     | HTTP request sent, awaiting response... 200 OK
om_1        | 
kms_1       | 2019-10-17 06:54:14 (21.2 MB/s) - '/etc/security/keytabs/om.keytab' saved [158/158]
kdc_1       | Entry for principal test/test@EXAMPLE.COM with kvno 3, encryption type aes128-cts-hmac-sha1-96 added to keytab WRFILE:/data/test.test.keytab.
datanode_1  | KVNO Timestamp         Principal
datanode_2  |    2 10/17/19 06:54:16 om/9abf15b18c38@EXAMPLE.COM
s3g_1       |      0K                                                       100% 13.9M=0s
datanode_3  | Keytab name: FILE:/etc/security/keytabs/om.keytab
scm_1       | KVNO Timestamp         Principal
recon_1     | Length: 144 [application/octet-stream]
om_1        | 2019-10-17 06:54:15 (20.5 MB/s) - '/etc/security/keytabs/om.keytab' saved [138/138]
kms_1       | 
kdc_1       | Generiting keytab
datanode_2  |    2 10/17/19 06:54:16 om/9abf15b18c38@EXAMPLE.COM
s3g_1       | 
datanode_1  | ---- ----------------- --------------------------------------------------------
datanode_3  | KVNO Timestamp         Principal
scm_1       | ---- ----------------- --------------------------------------------------------
recon_1     | Saving to: '/etc/security/keytabs/om.keytab'
om_1        | 
kms_1       | Keytab name: FILE:/etc/security/keytabs/om.keytab
kdc_1       | Authenticating as principal admin/admin with keytab /tmp/admin.keytab.
datanode_2  | Download scm/9abf15b18c38@EXAMPLE.COM keytab file to /etc/security/keytabs/scm.keytab
s3g_1       | 2019-10-17 06:54:15 (13.9 MB/s) - '/etc/security/keytabs/om.keytab' saved [140/140]
datanode_1  |    2 10/17/19 06:54:16 scm/38661de26363@EXAMPLE.COM
datanode_3  | ---- ----------------- --------------------------------------------------------
scm_1       |    2 10/17/19 06:54:16 om/scm@EXAMPLE.COM
recon_1     | 
om_1        | Keytab name: FILE:/etc/security/keytabs/om.keytab
kms_1       | KVNO Timestamp         Principal
kdc_1       | WARNING: no policy specified for test/test@EXAMPLE.COM; defaulting to no policy
datanode_2  | --2019-10-17 06:54:16--  http://kdc:8081/keytab/9abf15b18c38/scm
s3g_1       | 
datanode_1  |    2 10/17/19 06:54:16 scm/38661de26363@EXAMPLE.COM
datanode_3  |    2 10/17/19 06:54:15 om/5ed0e646e5d7@EXAMPLE.COM
scm_1       |    2 10/17/19 06:54:16 om/scm@EXAMPLE.COM
recon_1     |      0K                                                       100% 19.6M=0s
om_1        | KVNO Timestamp         Principal
kms_1       | ---- ----------------- --------------------------------------------------------
kdc_1       | add_principal: Principal or policy already exists while creating "test/test@EXAMPLE.COM".
datanode_2  | Resolving kdc (kdc)... 172.18.0.3
s3g_1       | Keytab name: FILE:/etc/security/keytabs/om.keytab
datanode_1  | Download HTTP/38661de26363@EXAMPLE.COM keytab file to /etc/security/keytabs/HTTP.keytab
datanode_3  |    2 10/17/19 06:54:15 om/5ed0e646e5d7@EXAMPLE.COM
scm_1       | Download scm/scm@EXAMPLE.COM keytab file to /etc/security/keytabs/scm.keytab
recon_1     | 
om_1        | ---- ----------------- --------------------------------------------------------
kms_1       |    2 10/17/19 06:54:13 om/01e0f930d892@EXAMPLE.COM
kdc_1       | Authenticating as principal admin/admin with keytab /tmp/admin.keytab.
datanode_2  | Connecting to kdc (kdc)|172.18.0.3|:8081... connected.
s3g_1       | KVNO Timestamp         Principal
datanode_1  | --2019-10-17 06:54:17--  http://kdc:8081/keytab/38661de26363/HTTP
datanode_3  | Download scm/5ed0e646e5d7@EXAMPLE.COM keytab file to /etc/security/keytabs/scm.keytab
scm_1       | --2019-10-17 06:54:16--  http://kdc:8081/keytab/scm/scm
recon_1     | 2019-10-17 06:54:41 (19.6 MB/s) - '/etc/security/keytabs/om.keytab' saved [144/144]
om_1        |    2 10/17/19 06:54:14 om/om@EXAMPLE.COM
kms_1       |    2 10/17/19 06:54:13 om/01e0f930d892@EXAMPLE.COM
kdc_1       | Entry for principal test/test@EXAMPLE.COM with kvno 4, encryption type aes256-cts-hmac-sha1-96 added to keytab WRFILE:/data/test.test.keytab.
datanode_2  | HTTP request sent, awaiting response... 200 OK
s3g_1       | ---- ----------------- --------------------------------------------------------
datanode_1  | Resolving kdc (kdc)... 172.18.0.3
datanode_3  | --2019-10-17 06:54:15--  http://kdc:8081/keytab/5ed0e646e5d7/scm
scm_1       | Resolving kdc (kdc)... 172.18.0.3
recon_1     | 
om_1        |    2 10/17/19 06:54:14 om/om@EXAMPLE.COM
kms_1       | Download scm/01e0f930d892@EXAMPLE.COM keytab file to /etc/security/keytabs/scm.keytab
kdc_1       | Entry for principal test/test@EXAMPLE.COM with kvno 4, encryption type aes128-cts-hmac-sha1-96 added to keytab WRFILE:/data/test.test.keytab.
datanode_2  | Length: 160 [application/octet-stream]
s3g_1       |    2 10/17/19 06:54:15 om/s3g@EXAMPLE.COM
datanode_1  | Connecting to kdc (kdc)|172.18.0.3|:8081... connected.
datanode_3  | Resolving kdc (kdc)... 172.18.0.3
scm_1       | Connecting to kdc (kdc)|172.18.0.3|:8081... connected.
recon_1     | Keytab name: FILE:/etc/security/keytabs/om.keytab
om_1        | Download scm/om@EXAMPLE.COM keytab file to /etc/security/keytabs/scm.keytab
kms_1       | --2019-10-17 06:54:14--  http://kdc:8081/keytab/01e0f930d892/scm
kdc_1       | Generiting keytab
datanode_2  | Saving to: '/etc/security/keytabs/scm.keytab'
s3g_1       |    2 10/17/19 06:54:15 om/s3g@EXAMPLE.COM
datanode_1  | HTTP request sent, awaiting response... 200 OK
datanode_3  | Connecting to kdc (kdc)|172.18.0.3|:8081... connected.
scm_1       | HTTP request sent, awaiting response... 200 OK
recon_1     | KVNO Timestamp         Principal
om_1        | --2019-10-17 06:54:15--  http://kdc:8081/keytab/om/scm
kms_1       | Resolving kdc (kdc)... 172.18.0.3
kdc_1       | Authenticating as principal admin/admin with keytab /tmp/admin.keytab.
datanode_2  | 
datanode_1  | Length: 162 [application/octet-stream]
datanode_3  | HTTP request sent, awaiting response... 200 OK
s3g_1       | Download scm/s3g@EXAMPLE.COM keytab file to /etc/security/keytabs/scm.keytab
scm_1       | Length: 142 [application/octet-stream]
recon_1     | ---- ----------------- --------------------------------------------------------
om_1        | Resolving kdc (kdc)... 172.18.0.3
kms_1       | Connecting to kdc (kdc)|172.18.0.3|:8081... connected.
kdc_1       | WARNING: no policy specified for test/test@EXAMPLE.COM; defaulting to no policy
datanode_2  |      0K                                                       100% 13.7M=0s
datanode_1  | Saving to: '/etc/security/keytabs/HTTP.keytab'
datanode_3  | Length: 160 [application/octet-stream]
s3g_1       | --2019-10-17 06:54:15--  http://kdc:8081/keytab/s3g/scm
scm_1       | Saving to: '/etc/security/keytabs/scm.keytab'
recon_1     |    2 10/17/19 06:54:41 om/recon@EXAMPLE.COM
om_1        | Connecting to kdc (kdc)|172.18.0.3|:8081... connected.
kms_1       | HTTP request sent, awaiting response... 200 OK
kdc_1       | add_principal: Principal or policy already exists while creating "test/test@EXAMPLE.COM".
datanode_2  | 
datanode_1  | 
datanode_3  | Saving to: '/etc/security/keytabs/scm.keytab'
s3g_1       | Resolving kdc (kdc)... 172.18.0.3
scm_1       | 
recon_1     |    2 10/17/19 06:54:41 om/recon@EXAMPLE.COM
om_1        | HTTP request sent, awaiting response... 200 OK
kms_1       | Length: 160 [application/octet-stream]
kdc_1       | Authenticating as principal admin/admin with keytab /tmp/admin.keytab.
datanode_2  | 2019-10-17 06:54:17 (13.7 MB/s) - '/etc/security/keytabs/scm.keytab' saved [160/160]
datanode_1  |      0K                                                       100% 15.1M=0s
datanode_3  | 
s3g_1       | Connecting to kdc (kdc)|172.18.0.3|:8081... connected.
scm_1       |      0K                                                       100% 14.9M=0s
recon_1     | Download scm/recon@EXAMPLE.COM keytab file to /etc/security/keytabs/scm.keytab
om_1        | Length: 140 [application/octet-stream]
kms_1       | Saving to: '/etc/security/keytabs/scm.keytab'
kdc_1       | Entry for principal test/test@EXAMPLE.COM with kvno 5, encryption type aes256-cts-hmac-sha1-96 added to keytab WRFILE:/data/test.test.keytab.
datanode_2  | 
datanode_1  | 
datanode_3  |      0K                                                       100% 22.9M=0s
s3g_1       | HTTP request sent, awaiting response... 200 OK
scm_1       | 
recon_1     | --2019-10-17 06:54:41--  http://kdc:8081/keytab/recon/scm
om_1        | Saving to: '/etc/security/keytabs/scm.keytab'
kms_1       | 
kdc_1       | Entry for principal test/test@EXAMPLE.COM with kvno 5, encryption type aes128-cts-hmac-sha1-96 added to keytab WRFILE:/data/test.test.keytab.
datanode_2  | Keytab name: FILE:/etc/security/keytabs/scm.keytab
datanode_1  | 2019-10-17 06:54:17 (15.1 MB/s) - '/etc/security/keytabs/HTTP.keytab' saved [162/162]
datanode_3  | 
s3g_1       | Length: 142 [application/octet-stream]
scm_1       | 2019-10-17 06:54:17 (14.9 MB/s) - '/etc/security/keytabs/scm.keytab' saved [142/142]
recon_1     | Resolving kdc (kdc)... 172.18.0.3
om_1        | 
kdc_1       | Generiting keytab
kms_1       |      0K                                                       100% 18.3M=0s
datanode_2  | KVNO Timestamp         Principal
datanode_1  | 
datanode_3  | 2019-10-17 06:54:17 (22.9 MB/s) - '/etc/security/keytabs/scm.keytab' saved [160/160]
s3g_1       | Saving to: '/etc/security/keytabs/scm.keytab'
scm_1       | 
recon_1     | Connecting to kdc (kdc)|172.18.0.3|:8081... connected.
om_1        |      0K                                                       100% 10.6M=0s
kdc_1       | Authenticating as principal admin/admin with keytab /tmp/admin.keytab.
kms_1       | 
datanode_2  | ---- ----------------- --------------------------------------------------------
datanode_1  | Keytab name: FILE:/etc/security/keytabs/HTTP.keytab
datanode_3  | 
s3g_1       | 
scm_1       | Keytab name: FILE:/etc/security/keytabs/scm.keytab
recon_1     | HTTP request sent, awaiting response... 200 OK
om_1        | 
kms_1       | 2019-10-17 06:54:16 (18.3 MB/s) - '/etc/security/keytabs/scm.keytab' saved [160/160]
kdc_1       | Oct 17 06:54:10 kdc krb5kdc[9](info): AS_REQ (8 etypes {18 17 20 19 16 23 25 26}) 127.0.0.1: SERVER_NOT_FOUND: admin/admin@EXAMPLE.COM for kadmin/localhost@EXAMPLE.COM, Server not found in Kerberos database
datanode_2  |    2 10/17/19 06:54:17 scm/9abf15b18c38@EXAMPLE.COM
datanode_1  | KVNO Timestamp         Principal
datanode_3  | Keytab name: FILE:/etc/security/keytabs/scm.keytab
s3g_1       |      0K                                                       100% 10.6M=0s
scm_1       | KVNO Timestamp         Principal
recon_1     | Length: 146 [application/octet-stream]
om_1        | 2019-10-17 06:54:16 (10.6 MB/s) - '/etc/security/keytabs/scm.keytab' saved [140/140]
kms_1       | 
datanode_2  |    2 10/17/19 06:54:17 scm/9abf15b18c38@EXAMPLE.COM
datanode_1  | ---- ----------------- --------------------------------------------------------
kdc_1       | Oct 17 06:54:10 kdc krb5kdc[9](info): AS_REQ (8 etypes {18 17 20 19 16 23 25 26}) 127.0.0.1: ISSUE: authtime 1571295250, etypes {rep=18 tkt=18 ses=18}, admin/admin@EXAMPLE.COM for kadmin/admin@EXAMPLE.COM
datanode_3  | KVNO Timestamp         Principal
s3g_1       | 
scm_1       | ---- ----------------- --------------------------------------------------------
recon_1     | Saving to: '/etc/security/keytabs/scm.keytab'
om_1        | 
kms_1       | Keytab name: FILE:/etc/security/keytabs/scm.keytab
datanode_2  | Download HTTP/9abf15b18c38@EXAMPLE.COM keytab file to /etc/security/keytabs/HTTP.keytab
datanode_1  |    2 10/17/19 06:54:17 HTTP/38661de26363@EXAMPLE.COM
kdc_1       | Oct 17 06:54:11 kdc krb5kdc[9](info): AS_REQ (8 etypes {18 17 20 19 16 23 25 26}) 127.0.0.1: SERVER_NOT_FOUND: admin/admin@EXAMPLE.COM for kadmin/localhost@EXAMPLE.COM, Server not found in Kerberos database
datanode_3  | ---- ----------------- --------------------------------------------------------
s3g_1       | 2019-10-17 06:54:16 (10.6 MB/s) - '/etc/security/keytabs/scm.keytab' saved [142/142]
scm_1       |    2 10/17/19 06:54:17 scm/scm@EXAMPLE.COM
recon_1     | 
om_1        | Keytab name: FILE:/etc/security/keytabs/scm.keytab
kms_1       | KVNO Timestamp         Principal
datanode_2  | --2019-10-17 06:54:17--  http://kdc:8081/keytab/9abf15b18c38/HTTP
datanode_1  |    2 10/17/19 06:54:17 HTTP/38661de26363@EXAMPLE.COM
kdc_1       | Oct 17 06:54:11 kdc krb5kdc[9](info): AS_REQ (8 etypes {18 17 20 19 16 23 25 26}) 127.0.0.1: ISSUE: authtime 1571295251, etypes {rep=18 tkt=18 ses=18}, admin/admin@EXAMPLE.COM for kadmin/admin@EXAMPLE.COM
datanode_3  |    2 10/17/19 06:54:17 scm/5ed0e646e5d7@EXAMPLE.COM
s3g_1       | 
scm_1       |    2 10/17/19 06:54:17 scm/scm@EXAMPLE.COM
om_1        | KVNO Timestamp         Principal
kms_1       | ---- ----------------- --------------------------------------------------------
datanode_2  | Resolving kdc (kdc)... 172.18.0.3
datanode_1  | Download testuser/38661de26363@EXAMPLE.COM keytab file to /etc/security/keytabs/testuser.keytab
kdc_1       | Oct 17 06:54:11 kdc krb5kdc[9](info): AS_REQ (8 etypes {18 17 20 19 16 23 25 26}) 127.0.0.1: SERVER_NOT_FOUND: admin/admin@EXAMPLE.COM for kadmin/localhost@EXAMPLE.COM, Server not found in Kerberos database
s3g_1       | Keytab name: FILE:/etc/security/keytabs/scm.keytab
datanode_3  |    2 10/17/19 06:54:17 scm/5ed0e646e5d7@EXAMPLE.COM
recon_1     |      0K                                                       100% 16.6M=0s
scm_1       | Download HTTP/scm@EXAMPLE.COM keytab file to /etc/security/keytabs/HTTP.keytab
om_1        | ---- ----------------- --------------------------------------------------------
kms_1       |    2 10/17/19 06:54:16 scm/01e0f930d892@EXAMPLE.COM
datanode_2  | Connecting to kdc (kdc)|172.18.0.3|:8081... connected.
datanode_1  | --2019-10-17 06:54:17--  http://kdc:8081/keytab/38661de26363/testuser
kdc_1       | Oct 17 06:54:11 kdc krb5kdc[9](info): AS_REQ (8 etypes {18 17 20 19 16 23 25 26}) 127.0.0.1: ISSUE: authtime 1571295251, etypes {rep=18 tkt=18 ses=18}, admin/admin@EXAMPLE.COM for kadmin/admin@EXAMPLE.COM
s3g_1       | KVNO Timestamp         Principal
datanode_3  | Download HTTP/5ed0e646e5d7@EXAMPLE.COM keytab file to /etc/security/keytabs/HTTP.keytab
recon_1     | 
scm_1       | --2019-10-17 06:54:17--  http://kdc:8081/keytab/scm/HTTP
om_1        |    2 10/17/19 06:54:16 scm/om@EXAMPLE.COM
kms_1       |    2 10/17/19 06:54:16 scm/01e0f930d892@EXAMPLE.COM
datanode_2  | HTTP request sent, awaiting response... 200 OK
datanode_1  | Resolving kdc (kdc)... 172.18.0.3
kdc_1       | Oct 17 06:54:11 kdc krb5kdc[9](info): AS_REQ (8 etypes {18 17 20 19 16 23 25 26}) 127.0.0.1: SERVER_NOT_FOUND: admin/admin@EXAMPLE.COM for kadmin/localhost@EXAMPLE.COM, Server not found in Kerberos database
s3g_1       | ---- ----------------- --------------------------------------------------------
datanode_3  | --2019-10-17 06:54:17--  http://kdc:8081/keytab/5ed0e646e5d7/HTTP
recon_1     | 2019-10-17 06:54:41 (16.6 MB/s) - '/etc/security/keytabs/scm.keytab' saved [146/146]
scm_1       | Resolving kdc (kdc)... 172.18.0.3
om_1        |    2 10/17/19 06:54:16 scm/om@EXAMPLE.COM
kms_1       | Download HTTP/01e0f930d892@EXAMPLE.COM keytab file to /etc/security/keytabs/HTTP.keytab
datanode_1  | Connecting to kdc (kdc)|172.18.0.3|:8081... connected.
datanode_2  | Length: 162 [application/octet-stream]
kdc_1       | Oct 17 06:54:11 kdc krb5kdc[9](info): AS_REQ (8 etypes {18 17 20 19 16 23 25 26}) 127.0.0.1: ISSUE: authtime 1571295251, etypes {rep=18 tkt=18 ses=18}, admin/admin@EXAMPLE.COM for kadmin/admin@EXAMPLE.COM
s3g_1       |    2 10/17/19 06:54:16 scm/s3g@EXAMPLE.COM
datanode_3  | Resolving kdc (kdc)... 172.18.0.3
recon_1     | 
scm_1       | Connecting to kdc (kdc)|172.18.0.3|:8081... connected.
om_1        | Download HTTP/om@EXAMPLE.COM keytab file to /etc/security/keytabs/HTTP.keytab
kms_1       | --2019-10-17 06:54:16--  http://kdc:8081/keytab/01e0f930d892/HTTP
datanode_1  | HTTP request sent, awaiting response... 200 OK
datanode_2  | Saving to: '/etc/security/keytabs/HTTP.keytab'
kdc_1       | Oct 17 06:54:11 kdc krb5kdc[9](info): AS_REQ (8 etypes {18 17 20 19 16 23 25 26}) 127.0.0.1: SERVER_NOT_FOUND: admin/admin@EXAMPLE.COM for kadmin/localhost@EXAMPLE.COM, Server not found in Kerberos database
s3g_1       |    2 10/17/19 06:54:16 scm/s3g@EXAMPLE.COM
datanode_3  | Connecting to kdc (kdc)|172.18.0.3|:8081... connected.
recon_1     | Keytab name: FILE:/etc/security/keytabs/scm.keytab
scm_1       | HTTP request sent, awaiting response... 200 OK
om_1        | --2019-10-17 06:54:16--  http://kdc:8081/keytab/om/HTTP
kms_1       | Resolving kdc (kdc)... 172.18.0.3
datanode_1  | Length: 170 [application/octet-stream]
datanode_2  | 
kdc_1       | Oct 17 06:54:11 kdc krb5kdc[9](info): AS_REQ (8 etypes {18 17 20 19 16 23 25 26}) 127.0.0.1: ISSUE: authtime 1571295251, etypes {rep=18 tkt=18 ses=18}, admin/admin@EXAMPLE.COM for kadmin/admin@EXAMPLE.COM
s3g_1       | Download HTTP/s3g@EXAMPLE.COM keytab file to /etc/security/keytabs/HTTP.keytab
datanode_3  | HTTP request sent, awaiting response... 200 OK
recon_1     | KVNO Timestamp         Principal
scm_1       | Length: 144 [application/octet-stream]
om_1        | Resolving kdc (kdc)... 172.18.0.3
kms_1       | Connecting to kdc (kdc)|172.18.0.3|:8081... connected.
datanode_1  | Saving to: '/etc/security/keytabs/testuser.keytab'
datanode_2  |      0K                                                       100% 22.6M=0s
kdc_1       | Oct 17 06:54:11 kdc krb5kdc[9](info): AS_REQ (8 etypes {18 17 20 19 16 23 25 26}) 127.0.0.1: SERVER_NOT_FOUND: admin/admin@EXAMPLE.COM for kadmin/localhost@EXAMPLE.COM, Server not found in Kerberos database
s3g_1       | --2019-10-17 06:54:16--  http://kdc:8081/keytab/s3g/HTTP
datanode_3  | Length: 162 [application/octet-stream]
recon_1     | ---- ----------------- --------------------------------------------------------
scm_1       | Saving to: '/etc/security/keytabs/HTTP.keytab'
om_1        | Connecting to kdc (kdc)|172.18.0.3|:8081... connected.
kms_1       | HTTP request sent, awaiting response... 200 OK
datanode_1  | 
datanode_2  | 
kdc_1       | Oct 17 06:54:11 kdc krb5kdc[9](info): AS_REQ (8 etypes {18 17 20 19 16 23 25 26}) 127.0.0.1: ISSUE: authtime 1571295251, etypes {rep=18 tkt=18 ses=18}, admin/admin@EXAMPLE.COM for kadmin/admin@EXAMPLE.COM
s3g_1       | Resolving kdc (kdc)... 172.18.0.3
recon_1     |    2 10/17/19 06:54:41 scm/recon@EXAMPLE.COM
datanode_3  | Saving to: '/etc/security/keytabs/HTTP.keytab'
scm_1       | 
om_1        | HTTP request sent, awaiting response... 200 OK
kms_1       | Length: 162 [application/octet-stream]
datanode_1  |      0K                                                       100% 14.3M=0s
datanode_2  | 2019-10-17 06:54:18 (22.6 MB/s) - '/etc/security/keytabs/HTTP.keytab' saved [162/162]
kdc_1       | Oct 17 06:54:11 kdc krb5kdc[9](info): AS_REQ (8 etypes {18 17 20 19 16 23 25 26}) 127.0.0.1: SERVER_NOT_FOUND: admin/admin@EXAMPLE.COM for kadmin/localhost@EXAMPLE.COM, Server not found in Kerberos database
s3g_1       | Connecting to kdc (kdc)|172.18.0.3|:8081... connected.
recon_1     |    2 10/17/19 06:54:41 scm/recon@EXAMPLE.COM
datanode_3  | 
scm_1       |      0K                                                       100% 18.4M=0s
om_1        | Length: 142 [application/octet-stream]
kms_1       | Saving to: '/etc/security/keytabs/HTTP.keytab'
datanode_1  | 
datanode_2  | 
kdc_1       | Oct 17 06:54:11 kdc krb5kdc[9](info): AS_REQ (8 etypes {18 17 20 19 16 23 25 26}) 127.0.0.1: ISSUE: authtime 1571295251, etypes {rep=18 tkt=18 ses=18}, admin/admin@EXAMPLE.COM for kadmin/admin@EXAMPLE.COM
s3g_1       | HTTP request sent, awaiting response... 200 OK
recon_1     | Download HTTP/recon@EXAMPLE.COM keytab file to /etc/security/keytabs/HTTP.keytab
datanode_3  |      0K                                                       100% 22.8M=0s
datanode_2  | Keytab name: FILE:/etc/security/keytabs/HTTP.keytab
om_1        | Saving to: '/etc/security/keytabs/HTTP.keytab'
kms_1       | 
datanode_1  | 2019-10-17 06:54:19 (14.3 MB/s) - '/etc/security/keytabs/testuser.keytab' saved [170/170]
kdc_1       | Oct 17 06:54:11 kdc krb5kdc[9](info): AS_REQ (8 etypes {18 17 20 19 16 23 25 26}) 127.0.0.1: SERVER_NOT_FOUND: admin/admin@EXAMPLE.COM for kadmin/localhost@EXAMPLE.COM, Server not found in Kerberos database
s3g_1       | Length: 144 [application/octet-stream]
recon_1     | --2019-10-17 06:54:41--  http://kdc:8081/keytab/recon/HTTP
scm_1       | 
datanode_3  | 
datanode_2  | KVNO Timestamp         Principal
kms_1       |      0K                                                       100% 12.8M=0s
datanode_1  | 
kdc_1       | Oct 17 06:54:11 kdc krb5kdc[9](info): AS_REQ (8 etypes {18 17 20 19 16 23 25 26}) 127.0.0.1: ISSUE: authtime 1571295251, etypes {rep=18 tkt=18 ses=18}, admin/admin@EXAMPLE.COM for kadmin/admin@EXAMPLE.COM
s3g_1       | Saving to: '/etc/security/keytabs/HTTP.keytab'
scm_1       | 2019-10-17 06:54:18 (18.4 MB/s) - '/etc/security/keytabs/HTTP.keytab' saved [144/144]
recon_1     | Resolving kdc (kdc)... 172.18.0.3
om_1        | 
datanode_3  | 2019-10-17 06:54:18 (22.8 MB/s) - '/etc/security/keytabs/HTTP.keytab' saved [162/162]
kms_1       | 
datanode_1  | Keytab name: FILE:/etc/security/keytabs/testuser.keytab
kdc_1       | Oct 17 06:54:11 kdc krb5kdc[9](info): AS_REQ (8 etypes {18 17 20 19 16 23 25 26}) 127.0.0.1: SERVER_NOT_FOUND: admin/admin@EXAMPLE.COM for kadmin/localhost@EXAMPLE.COM, Server not found in Kerberos database
s3g_1       | 
scm_1       | 
recon_1     | Connecting to kdc (kdc)|172.18.0.3|:8081... connected.
om_1        |      0K                                                       100% 18.7M=0s
datanode_3  | 
datanode_2  | ---- ----------------- --------------------------------------------------------
kms_1       | 2019-10-17 06:54:17 (12.8 MB/s) - '/etc/security/keytabs/HTTP.keytab' saved [162/162]
datanode_1  | KVNO Timestamp         Principal
kdc_1       | Oct 17 06:54:10 kdc kadmind[15](Notice): Request: kadm5_init, admin/admin@EXAMPLE.COM, success, client=admin/admin@EXAMPLE.COM, service=kadmin/admin@EXAMPLE.COM, addr=127.0.0.1, vers=4, flavor=6
scm_1       | Keytab name: FILE:/etc/security/keytabs/HTTP.keytab
s3g_1       |      0K                                                       100% 14.9M=0s
recon_1     | HTTP request sent, awaiting response... 200 OK
om_1        | 
datanode_3  | Keytab name: FILE:/etc/security/keytabs/HTTP.keytab
datanode_2  |    2 10/17/19 06:54:18 HTTP/9abf15b18c38@EXAMPLE.COM
kms_1       | 
datanode_1  | ---- ----------------- --------------------------------------------------------
scm_1       | KVNO Timestamp         Principal
s3g_1       | 
kdc_1       | Oct 17 06:54:11 kdc kadmind[15](Notice): Request: kadm5_get_policy, default, Policy does not exist, client=admin/admin@EXAMPLE.COM, service=kadmin/admin@EXAMPLE.COM, addr=127.0.0.1
recon_1     | Length: 148 [application/octet-stream]
om_1        | 2019-10-17 06:54:17 (18.7 MB/s) - '/etc/security/keytabs/HTTP.keytab' saved [142/142]
datanode_3  | KVNO Timestamp         Principal
datanode_2  |    2 10/17/19 06:54:18 HTTP/9abf15b18c38@EXAMPLE.COM
kms_1       | Keytab name: FILE:/etc/security/keytabs/HTTP.keytab
datanode_1  |    2 10/17/19 06:54:19 testuser/38661de26363@EXAMPLE.COM
scm_1       | ---- ----------------- --------------------------------------------------------
s3g_1       | 2019-10-17 06:54:17 (14.9 MB/s) - '/etc/security/keytabs/HTTP.keytab' saved [144/144]
recon_1     | Saving to: '/etc/security/keytabs/HTTP.keytab'
om_1        | 
kdc_1       | Oct 17 06:54:11 kdc kadmind[15](Notice): Request: kadm5_create_principal, test/test@EXAMPLE.COM, success, client=admin/admin@EXAMPLE.COM, service=kadmin/admin@EXAMPLE.COM, addr=127.0.0.1
datanode_3  | ---- ----------------- --------------------------------------------------------
datanode_2  | Download testuser/9abf15b18c38@EXAMPLE.COM keytab file to /etc/security/keytabs/testuser.keytab
kms_1       | KVNO Timestamp         Principal
datanode_1  |    2 10/17/19 06:54:19 testuser/38661de26363@EXAMPLE.COM
scm_1       |    2 10/17/19 06:54:18 HTTP/scm@EXAMPLE.COM
s3g_1       | 
recon_1     | 
om_1        | Keytab name: FILE:/etc/security/keytabs/HTTP.keytab
kdc_1       | Oct 17 06:54:11 kdc kadmind[15](info): closing down fd 18
datanode_3  |    2 10/17/19 06:54:17 HTTP/5ed0e646e5d7@EXAMPLE.COM
datanode_2  | --2019-10-17 06:54:18--  http://kdc:8081/keytab/9abf15b18c38/testuser
kms_1       | ---- ----------------- --------------------------------------------------------
datanode_1  | Download testuser2/38661de26363@EXAMPLE.COM keytab file to /etc/security/keytabs/testuser2.keytab
scm_1       |    2 10/17/19 06:54:18 HTTP/scm@EXAMPLE.COM
s3g_1       | Keytab name: FILE:/etc/security/keytabs/HTTP.keytab
recon_1     |      0K                                                       100% 14.8M=0s
om_1        | KVNO Timestamp         Principal
kdc_1       | Oct 17 06:54:11 kdc kadmind[15](Notice): Request: kadm5_init, admin/admin@EXAMPLE.COM, success, client=admin/admin@EXAMPLE.COM, service=kadmin/admin@EXAMPLE.COM, addr=127.0.0.1, vers=4, flavor=6
datanode_3  |    2 10/17/19 06:54:18 HTTP/5ed0e646e5d7@EXAMPLE.COM
datanode_2  | Resolving kdc (kdc)... 172.18.0.3
kms_1       |    2 10/17/19 06:54:17 HTTP/01e0f930d892@EXAMPLE.COM
datanode_1  | --2019-10-17 06:54:19--  http://kdc:8081/keytab/38661de26363/testuser2
scm_1       | Download testuser/scm@EXAMPLE.COM keytab file to /etc/security/keytabs/testuser.keytab
s3g_1       | KVNO Timestamp         Principal
recon_1     | 
om_1        | ---- ----------------- --------------------------------------------------------
kdc_1       | Oct 17 06:54:11 kdc kadmind[15](Notice): Request: kadm5_randkey_principal, test/test@EXAMPLE.COM, success, client=admin/admin@EXAMPLE.COM, service=kadmin/admin@EXAMPLE.COM, addr=127.0.0.1
datanode_3  | Download testuser/5ed0e646e5d7@EXAMPLE.COM keytab file to /etc/security/keytabs/testuser.keytab
datanode_2  | Connecting to kdc (kdc)|172.18.0.3|:8081... connected.
kms_1       |    2 10/17/19 06:54:17 HTTP/01e0f930d892@EXAMPLE.COM
kms_1       | Download testuser/01e0f930d892@EXAMPLE.COM keytab file to /etc/security/keytabs/testuser.keytab
scm_1       | --2019-10-17 06:54:18--  http://kdc:8081/keytab/scm/testuser
s3g_1       | ---- ----------------- --------------------------------------------------------
recon_1     | 2019-10-17 06:54:42 (14.8 MB/s) - '/etc/security/keytabs/HTTP.keytab' saved [148/148]
om_1        |    2 10/17/19 06:54:17 HTTP/om@EXAMPLE.COM
kdc_1       | Oct 17 06:54:11 kdc kadmind[15](Notice): Request: kadm5_get_principal, test/test@EXAMPLE.COM, success, client=admin/admin@EXAMPLE.COM, service=kadmin/admin@EXAMPLE.COM, addr=127.0.0.1
datanode_3  | --2019-10-17 06:54:18--  http://kdc:8081/keytab/5ed0e646e5d7/testuser
datanode_2  | HTTP request sent, awaiting response... 200 OK
datanode_1  | Resolving kdc (kdc)... 172.18.0.3
kms_1       | --2019-10-17 06:54:17--  http://kdc:8081/keytab/01e0f930d892/testuser
scm_1       | Resolving kdc (kdc)... 172.18.0.3
s3g_1       |    2 10/17/19 06:54:17 HTTP/s3g@EXAMPLE.COM
recon_1     | 
om_1        |    2 10/17/19 06:54:17 HTTP/om@EXAMPLE.COM
kdc_1       | Oct 17 06:54:11 kdc kadmind[15](info): closing down fd 18
datanode_3  | Resolving kdc (kdc)... 172.18.0.3
datanode_2  | Length: 170 [application/octet-stream]
datanode_1  | Connecting to kdc (kdc)|172.18.0.3|:8081... connected.
scm_1       | Connecting to kdc (kdc)|172.18.0.3|:8081... connected.
s3g_1       |    2 10/17/19 06:54:17 HTTP/s3g@EXAMPLE.COM
kms_1       | Resolving kdc (kdc)... 172.18.0.3
recon_1     | Keytab name: FILE:/etc/security/keytabs/HTTP.keytab
om_1        | Download testuser/om@EXAMPLE.COM keytab file to /etc/security/keytabs/testuser.keytab
kdc_1       | Oct 17 06:54:11 kdc kadmind[15](Notice): Request: kadm5_init, admin/admin@EXAMPLE.COM, success, client=admin/admin@EXAMPLE.COM, service=kadmin/admin@EXAMPLE.COM, addr=127.0.0.1, vers=4, flavor=6
datanode_3  | Connecting to kdc (kdc)|172.18.0.3|:8081... connected.
datanode_2  | Saving to: '/etc/security/keytabs/testuser.keytab'
datanode_1  | HTTP request sent, awaiting response... 200 OK
scm_1       | HTTP request sent, awaiting response... 200 OK
s3g_1       | Download testuser/s3g@EXAMPLE.COM keytab file to /etc/security/keytabs/testuser.keytab
kms_1       | Connecting to kdc (kdc)|172.18.0.3|:8081... connected.
recon_1     | KVNO Timestamp         Principal
om_1        | --2019-10-17 06:54:17--  http://kdc:8081/keytab/om/testuser
kdc_1       | Oct 17 06:54:11 kdc kadmind[15](Notice): Request: kadm5_get_policy, default, Policy does not exist, client=admin/admin@EXAMPLE.COM, service=kadmin/admin@EXAMPLE.COM, addr=127.0.0.1
datanode_3  | HTTP request sent, awaiting response... 200 OK
datanode_1  | Length: 172 [application/octet-stream]
s3g_1       | --2019-10-17 06:54:17--  http://kdc:8081/keytab/s3g/testuser
scm_1       | Length: 152 [application/octet-stream]
datanode_2  | 
kms_1       | HTTP request sent, awaiting response... 200 OK
recon_1     | ---- ----------------- --------------------------------------------------------
om_1        | Resolving kdc (kdc)... 172.18.0.3
kdc_1       | Oct 17 06:54:11 kdc kadmind[15](Notice): Request: kadm5_create_principal, test/test@EXAMPLE.COM, Principal or policy already exists, client=admin/admin@EXAMPLE.COM, service=kadmin/admin@EXAMPLE.COM, addr=127.0.0.1
datanode_3  | Length: 170 [application/octet-stream]
datanode_1  | Saving to: '/etc/security/keytabs/testuser2.keytab'
s3g_1       | Resolving kdc (kdc)... 172.18.0.3
scm_1       | Saving to: '/etc/security/keytabs/testuser.keytab'
datanode_2  |      0K                                                       100% 16.2M=0s
kms_1       | Length: 170 [application/octet-stream]
recon_1     |    2 10/17/19 06:54:42 HTTP/recon@EXAMPLE.COM
om_1        | Connecting to kdc (kdc)|172.18.0.3|:8081... connected.
kdc_1       | Oct 17 06:54:11 kdc kadmind[15](info): closing down fd 18
datanode_3  | Saving to: '/etc/security/keytabs/testuser.keytab'
datanode_1  | 
s3g_1       | Connecting to kdc (kdc)|172.18.0.3|:8081... connected.
scm_1       | 
datanode_2  | 
recon_1     |    2 10/17/19 06:54:42 HTTP/recon@EXAMPLE.COM
om_1        | HTTP request sent, awaiting response... 200 OK
kms_1       | Saving to: '/etc/security/keytabs/testuser.keytab'
kdc_1       | Oct 17 06:54:11 kdc kadmind[15](Notice): Request: kadm5_init, admin/admin@EXAMPLE.COM, success, client=admin/admin@EXAMPLE.COM, service=kadmin/admin@EXAMPLE.COM, addr=127.0.0.1, vers=4, flavor=6
datanode_3  | 
datanode_1  |      0K                                                       100% 21.6M=0s
s3g_1       | HTTP request sent, awaiting response... 200 OK
scm_1       |      0K                                                       100% 16.5M=0s
datanode_2  | 2019-10-17 06:54:19 (16.2 MB/s) - '/etc/security/keytabs/testuser.keytab' saved [170/170]
recon_1     | Download testuser/recon@EXAMPLE.COM keytab file to /etc/security/keytabs/testuser.keytab
om_1        | Length: 150 [application/octet-stream]
kms_1       | 
kdc_1       | Oct 17 06:54:11 kdc kadmind[15](Notice): Request: kadm5_randkey_principal, test/test@EXAMPLE.COM, success, client=admin/admin@EXAMPLE.COM, service=kadmin/admin@EXAMPLE.COM, addr=127.0.0.1
datanode_3  |      0K                                                       100% 15.9M=0s
datanode_1  | 
