rm_1        | 2019-10-17 06:29:43 INFO  ApplicationMasterService:354 - application_1571293670354_0001 unregistered successfully. 
datanode_3  | 2019-10-17 06:27:59,691 INFO impl.RoleInfo: 8e07b6f9-6822-4e3c-a7c6-4efbc63ec71a: shutdown LeaderElection
datanode_2  | 2019-10-17 06:28:00,431 INFO impl.FollowerState: 2864cd14-0042-426a-bbe4-317a9cd0a61b@group-8E466005E1F4-FollowerState was interrupted: java.lang.InterruptedException: sleep interrupted
nm_1        | 2019-10-17 06:29:54 INFO  LocalizedResource:203 - Resource o3fs://bucket1.vol1/user/hadoop/.staging/job_1571293670354_0002/job.splitmetainfo(->/tmp/hadoop-hadoop/nm-local-dir/usercache/hadoop/appcache/application_1571293670354_0002/filecache/10/job.splitmetainfo) transitioned from DOWNLOADING to LOCALIZED
datanode_1  | 2019-10-17 06:28:01,655 INFO impl.RoleInfo: 44e95657-3a7e-479e-8c00-8d30399c008c: shutdown FollowerState
rm_1        | 2019-10-17 06:29:48 INFO  ClientRMService:289 - Allocated new applicationId: 2
datanode_3  | 2019-10-17 06:27:59,692 INFO impl.RoleInfo: 8e07b6f9-6822-4e3c-a7c6-4efbc63ec71a: start FollowerState
datanode_2  | 2019-10-17 06:28:00,647 INFO impl.RaftServerImpl: 2864cd14-0042-426a-bbe4-317a9cd0a61b@group-8E466005E1F4: changes role from  FOLLOWER to FOLLOWER at term 24 for recognizeCandidate:8e07b6f9-6822-4e3c-a7c6-4efbc63ec71a
rm_1        | 2019-10-17 06:29:49 INFO  RMContainerImpl:410 - container_1571293670354_0001_01_000001 Container Transitioned from RUNNING to COMPLETED
datanode_1  | 2019-10-17 06:28:01,655 INFO impl.RoleInfo: 44e95657-3a7e-479e-8c00-8d30399c008c: start FollowerState
nm_1        | 2019-10-17 06:29:54 INFO  LocalizedResource:203 - Resource o3fs://bucket1.vol1/user/hadoop/.staging/job_1571293670354_0002/job.jar(->/tmp/hadoop-hadoop/nm-local-dir/usercache/hadoop/appcache/application_1571293670354_0002/filecache/11/job.jar) transitioned from DOWNLOADING to LOCALIZED
datanode_3  | 2019-10-17 06:27:59,842 INFO impl.FollowerState: 8e07b6f9-6822-4e3c-a7c6-4efbc63ec71a@group-8E466005E1F4-FollowerState: change to CANDIDATE, lastRpcTime:149ms, electionTimeout:149ms
datanode_2  | 2019-10-17 06:28:00,647 INFO impl.RoleInfo: 2864cd14-0042-426a-bbe4-317a9cd0a61b: shutdown FollowerState
rm_1        | 2019-10-17 06:29:49 INFO  FiCaSchedulerApp:113 - Completed container: container_1571293670354_0001_01_000001 in state: COMPLETED event:FINISHED
datanode_1  | 2019-10-17 06:28:01,655 INFO impl.FollowerState: 44e95657-3a7e-479e-8c00-8d30399c008c@group-8E466005E1F4-FollowerState was interrupted: java.lang.InterruptedException: sleep interrupted
nm_1        | 2019-10-17 06:29:54 INFO  LocalizedResource:203 - Resource o3fs://bucket1.vol1/user/hadoop/.staging/job_1571293670354_0002/job.split(->/tmp/hadoop-hadoop/nm-local-dir/usercache/hadoop/appcache/application_1571293670354_0002/filecache/12/job.split) transitioned from DOWNLOADING to LOCALIZED
datanode_3  | 2019-10-17 06:27:59,843 INFO impl.RoleInfo: 8e07b6f9-6822-4e3c-a7c6-4efbc63ec71a: shutdown FollowerState
datanode_2  | 2019-10-17 06:28:00,648 INFO impl.RoleInfo: 2864cd14-0042-426a-bbe4-317a9cd0a61b: start FollowerState
datanode_1  | 2019-10-17 06:28:01,680 INFO impl.RaftServerImpl: 44e95657-3a7e-479e-8c00-8d30399c008c@group-8E466005E1F4: changes role from  FOLLOWER to FOLLOWER at term 30 for recognizeCandidate:8e07b6f9-6822-4e3c-a7c6-4efbc63ec71a
rm_1        | 2019-10-17 06:29:49 INFO  RMAuditLogger:116 - USER=hadoop	OPERATION=AM Released Container	TARGET=SchedulerApp	RESULT=SUCCESS	APPID=application_1571293670354_0001	CONTAINERID=container_1571293670354_0001_01_000001
nm_1        | 2019-10-17 06:29:54 INFO  LocalizedResource:203 - Resource o3fs://bucket1.vol1/user/hadoop/.staging/job_1571293670354_0002/job.xml(->/tmp/hadoop-hadoop/nm-local-dir/usercache/hadoop/appcache/application_1571293670354_0002/filecache/13/job.xml) transitioned from DOWNLOADING to LOCALIZED
datanode_3  | 2019-10-17 06:27:59,843 INFO impl.RaftServerImpl: 8e07b6f9-6822-4e3c-a7c6-4efbc63ec71a@group-8E466005E1F4: changes role from  FOLLOWER to CANDIDATE at term 17 for changeToCandidate
datanode_2  | 2019-10-17 06:28:00,648 INFO impl.FollowerState: 2864cd14-0042-426a-bbe4-317a9cd0a61b@group-8E466005E1F4-FollowerState was interrupted: java.lang.InterruptedException: sleep interrupted
rm_1        | 2019-10-17 06:29:49 INFO  SchedulerNode:216 - Released container container_1571293670354_0001_01_000001 of capacity <memory:2048, vCores:1> on host nm:44765, which currently has 0 containers, <memory:0, vCores:0> used and <memory:8192, vCores:8> available, release resources=true
datanode_1  | 2019-10-17 06:28:01,680 INFO impl.RoleInfo: 44e95657-3a7e-479e-8c00-8d30399c008c: shutdown FollowerState
nm_1        | 2019-10-17 06:29:54 INFO  ContainerImpl:1135 - Container container_1571293670354_0002_01_000001 transitioned from LOCALIZING to LOCALIZED
datanode_3  | 2019-10-17 06:27:59,843 INFO impl.RoleInfo: 8e07b6f9-6822-4e3c-a7c6-4efbc63ec71a: start LeaderElection
datanode_2  | 2019-10-17 06:28:00,741 INFO impl.RaftServerImpl: 2864cd14-0042-426a-bbe4-317a9cd0a61b@group-8E466005E1F4: changes role from  FOLLOWER to FOLLOWER at term 25 for recognizeCandidate:8e07b6f9-6822-4e3c-a7c6-4efbc63ec71a
rm_1        | 2019-10-17 06:29:49 INFO  LeafQueue:1712 - default used=<memory:0, vCores:0> numContainers=0 user=hadoop user-resources=<memory:0, vCores:0>
datanode_1  | 2019-10-17 06:28:01,680 INFO impl.FollowerState: 44e95657-3a7e-479e-8c00-8d30399c008c@group-8E466005E1F4-FollowerState was interrupted: java.lang.InterruptedException: sleep interrupted
nm_1        | 2019-10-17 06:29:54 INFO  ContainerImpl:1135 - Container container_1571293670354_0002_01_000001 transitioned from LOCALIZED to RUNNING
datanode_3  | 2019-10-17 06:27:59,870 INFO impl.LeaderElection: 8e07b6f9-6822-4e3c-a7c6-4efbc63ec71a@group-8E466005E1F4-LeaderElection15: begin an election at term 18 for -1: [8e07b6f9-6822-4e3c-a7c6-4efbc63ec71a:172.18.0.9:9858, 2864cd14-0042-426a-bbe4-317a9cd0a61b:172.18.0.7:9858, 44e95657-3a7e-479e-8c00-8d30399c008c:172.18.0.8:9858], old=null
datanode_2  | 2019-10-17 06:28:00,741 INFO impl.RoleInfo: 2864cd14-0042-426a-bbe4-317a9cd0a61b: shutdown FollowerState
rm_1        | 2019-10-17 06:29:49 INFO  LeafQueue:1663 - completedContainer container=Container: [ContainerId: container_1571293670354_0001_01_000001, NodeId: nm:44765, NodeHttpAddress: nm:8042, Resource: <memory:2048, vCores:1>, Priority: 0, Token: Token { kind: ContainerToken, service: 172.18.0.3:44765 }, ] queue=default: capacity=1.0, absoluteCapacity=1.0, usedResources=<memory:0, vCores:0>, usedCapacity=0.0, absoluteUsedCapacity=0.0, numApps=1, numContainers=0 cluster=<memory:8192, vCores:8>
datanode_1  | 2019-10-17 06:28:01,680 INFO impl.RoleInfo: 44e95657-3a7e-479e-8c00-8d30399c008c: start FollowerState
nm_1        | 2019-10-17 06:29:54 INFO  ContainersMonitorImpl:196 - Neither virutal-memory nor physical-memory monitoring is needed. Not running the monitor-thread
datanode_3  | 2019-10-17 06:27:59,875 INFO impl.LeaderElection: 8e07b6f9-6822-4e3c-a7c6-4efbc63ec71a@group-8E466005E1F4-LeaderElection15: Election TIMEOUT; received 0 response(s) [] and 0 exception(s); 8e07b6f9-6822-4e3c-a7c6-4efbc63ec71a@group-8E466005E1F4:t18, leader=null, voted=8e07b6f9-6822-4e3c-a7c6-4efbc63ec71a, raftlog=8e07b6f9-6822-4e3c-a7c6-4efbc63ec71a@group-8E466005E1F4-SegmentedRaftLog:OPENED:c-1,f-1,i0, conf=-1: [8e07b6f9-6822-4e3c-a7c6-4efbc63ec71a:172.18.0.9:9858, 2864cd14-0042-426a-bbe4-317a9cd0a61b:172.18.0.7:9858, 44e95657-3a7e-479e-8c00-8d30399c008c:172.18.0.8:9858], old=null
datanode_2  | 2019-10-17 06:28:00,741 INFO impl.RoleInfo: 2864cd14-0042-426a-bbe4-317a9cd0a61b: start FollowerState
rm_1        | 2019-10-17 06:29:49 INFO  ParentQueue:568 - completedContainer queue=root usedCapacity=0.0 absoluteUsedCapacity=0.0 used=<memory:0, vCores:0> cluster=<memory:8192, vCores:8>
datanode_1  | 2019-10-17 06:28:01,809 INFO impl.RaftServerImpl: 44e95657-3a7e-479e-8c00-8d30399c008c@group-8E466005E1F4: changes role from  FOLLOWER to FOLLOWER at term 31 for recognizeCandidate:8e07b6f9-6822-4e3c-a7c6-4efbc63ec71a
nm_1        | 2019-10-17 06:29:54 INFO  DefaultContainerExecutor:268 - launchContainer: [bash, /tmp/hadoop-hadoop/nm-local-dir/usercache/hadoop/appcache/application_1571293670354_0002/container_1571293670354_0002_01_000001/default_container_executor.sh]
datanode_3  | 2019-10-17 06:27:59,888 INFO impl.LeaderElection: 8e07b6f9-6822-4e3c-a7c6-4efbc63ec71a@group-8E466005E1F4-LeaderElection15: begin an election at term 19 for -1: [8e07b6f9-6822-4e3c-a7c6-4efbc63ec71a:172.18.0.9:9858, 2864cd14-0042-426a-bbe4-317a9cd0a61b:172.18.0.7:9858, 44e95657-3a7e-479e-8c00-8d30399c008c:172.18.0.8:9858], old=null
datanode_2  | 2019-10-17 06:28:00,741 INFO impl.FollowerState: 2864cd14-0042-426a-bbe4-317a9cd0a61b@group-8E466005E1F4-FollowerState was interrupted: java.lang.InterruptedException: sleep interrupted
rm_1        | 2019-10-17 06:29:49 INFO  ParentQueue:585 - Re-sorting completed queue: root.default stats: default: capacity=1.0, absoluteCapacity=1.0, usedResources=<memory:0, vCores:0>, usedCapacity=0.0, absoluteUsedCapacity=0.0, numApps=1, numContainers=0
datanode_1  | 2019-10-17 06:28:01,809 INFO impl.RoleInfo: 44e95657-3a7e-479e-8c00-8d30399c008c: shutdown FollowerState
nm_1        | 2019-10-17 06:30:08 INFO  Server:1454 - Auth successful for appattempt_1571293670354_0002_000001 (auth:SIMPLE)
datanode_3  | 2019-10-17 06:27:59,927 INFO impl.LeaderElection: 8e07b6f9-6822-4e3c-a7c6-4efbc63ec71a@group-8E466005E1F4-LeaderElection15: Election REJECTED; received 2 response(s) [8e07b6f9-6822-4e3c-a7c6-4efbc63ec71a<-2864cd14-0042-426a-bbe4-317a9cd0a61b#0:FAIL-t19, 8e07b6f9-6822-4e3c-a7c6-4efbc63ec71a<-44e95657-3a7e-479e-8c00-8d30399c008c#0:FAIL-t19] and 0 exception(s); 8e07b6f9-6822-4e3c-a7c6-4efbc63ec71a@group-8E466005E1F4:t19, leader=null, voted=8e07b6f9-6822-4e3c-a7c6-4efbc63ec71a, raftlog=8e07b6f9-6822-4e3c-a7c6-4efbc63ec71a@group-8E466005E1F4-SegmentedRaftLog:OPENED:c-1,f-1,i0, conf=-1: [8e07b6f9-6822-4e3c-a7c6-4efbc63ec71a:172.18.0.9:9858, 2864cd14-0042-426a-bbe4-317a9cd0a61b:172.18.0.7:9858, 44e95657-3a7e-479e-8c00-8d30399c008c:172.18.0.8:9858], old=null
datanode_2  | 2019-10-17 06:28:00,983 INFO impl.RaftServerImpl: 2864cd14-0042-426a-bbe4-317a9cd0a61b@group-8E466005E1F4: changes role from  FOLLOWER to FOLLOWER at term 26 for recognizeCandidate:8e07b6f9-6822-4e3c-a7c6-4efbc63ec71a
rm_1        | 2019-10-17 06:29:49 INFO  CapacityScheduler:1443 - Application attempt appattempt_1571293670354_0001_000001 released container container_1571293670354_0001_01_000001 on node: host: nm:44765 #containers=0 available=<memory:8192, vCores:8> used=<memory:0, vCores:0> with event: FINISHED
datanode_1  | 2019-10-17 06:28:01,809 INFO impl.RoleInfo: 44e95657-3a7e-479e-8c00-8d30399c008c: start FollowerState
nm_1        | 2019-10-17 06:30:08 INFO  ContainerManagerImpl:810 - Start request for container_1571293670354_0002_01_000002 by user hadoop
datanode_3  | 2019-10-17 06:27:59,928 INFO impl.RaftServerImpl: 8e07b6f9-6822-4e3c-a7c6-4efbc63ec71a@group-8E466005E1F4: changes role from CANDIDATE to FOLLOWER at term 19 for DISCOVERED_A_NEW_TERM
datanode_2  | 2019-10-17 06:28:00,983 INFO impl.RoleInfo: 2864cd14-0042-426a-bbe4-317a9cd0a61b: shutdown FollowerState
rm_1        | 2019-10-17 06:29:49 INFO  ApplicationMasterService:684 - Unregistering app attempt : appattempt_1571293670354_0001_000001
datanode_1  | 2019-10-17 06:28:01,809 INFO impl.FollowerState: 44e95657-3a7e-479e-8c00-8d30399c008c@group-8E466005E1F4-FollowerState was interrupted: java.lang.InterruptedException: sleep interrupted
nm_1        | 2019-10-17 06:30:08 INFO  NMAuditLogger:89 - USER=hadoop	IP=172.18.0.3	OPERATION=Start Container Request	TARGET=ContainerManageImpl	RESULT=SUCCESS	APPID=application_1571293670354_0002	CONTAINERID=container_1571293670354_0002_01_000002
datanode_3  | 2019-10-17 06:27:59,928 INFO impl.RoleInfo: 8e07b6f9-6822-4e3c-a7c6-4efbc63ec71a: shutdown LeaderElection
rm_1        | 2019-10-17 06:29:49 INFO  AMRMTokenSecretManager:124 - Application finished, removing password for appattempt_1571293670354_0001_000001
datanode_1  | 2019-10-17 06:28:02,178 INFO impl.RaftServerImpl: 44e95657-3a7e-479e-8c00-8d30399c008c@group-8E466005E1F4: changes role from  FOLLOWER to FOLLOWER at term 32 for recognizeCandidate:8e07b6f9-6822-4e3c-a7c6-4efbc63ec71a
datanode_3  | 2019-10-17 06:27:59,928 INFO impl.RoleInfo: 8e07b6f9-6822-4e3c-a7c6-4efbc63ec71a: start FollowerState
nm_1        | 2019-10-17 06:30:08 INFO  ApplicationImpl:304 - Adding container_1571293670354_0002_01_000002 to application application_1571293670354_0002
datanode_2  | 2019-10-17 06:28:00,983 INFO impl.RoleInfo: 2864cd14-0042-426a-bbe4-317a9cd0a61b: start FollowerState
datanode_1  | 2019-10-17 06:28:02,178 INFO impl.RoleInfo: 44e95657-3a7e-479e-8c00-8d30399c008c: shutdown FollowerState
datanode_3  | 2019-10-17 06:27:59,944 INFO impl.FollowerState: 8e07b6f9-6822-4e3c-a7c6-4efbc63ec71a@group-8E466005E1F4-FollowerState: change to CANDIDATE, lastRpcTime:16ms, electionTimeout:16ms
nm_1        | 2019-10-17 06:30:08 INFO  ContainerImpl:1135 - Container container_1571293670354_0002_01_000002 transitioned from NEW to LOCALIZING
datanode_2  | 2019-10-17 06:28:00,983 INFO impl.FollowerState: 2864cd14-0042-426a-bbe4-317a9cd0a61b@group-8E466005E1F4-FollowerState was interrupted: java.lang.InterruptedException: sleep interrupted
datanode_1  | 2019-10-17 06:28:02,178 INFO impl.RoleInfo: 44e95657-3a7e-479e-8c00-8d30399c008c: start FollowerState
rm_1        | 2019-10-17 06:29:49 INFO  RMAppAttemptImpl:815 - appattempt_1571293670354_0001_000001 State change from FINISHING to FINISHED
datanode_3  | 2019-10-17 06:27:59,945 INFO impl.RoleInfo: 8e07b6f9-6822-4e3c-a7c6-4efbc63ec71a: shutdown FollowerState
nm_1        | 2019-10-17 06:30:08 INFO  AuxServices:196 - Got event CONTAINER_INIT for appId application_1571293670354_0002
datanode_2  | 2019-10-17 06:28:01,145 INFO impl.RaftServerImpl: 2864cd14-0042-426a-bbe4-317a9cd0a61b@group-8E466005E1F4: changes role from  FOLLOWER to FOLLOWER at term 27 for recognizeCandidate:8e07b6f9-6822-4e3c-a7c6-4efbc63ec71a
datanode_1  | 2019-10-17 06:28:02,178 INFO impl.FollowerState: 44e95657-3a7e-479e-8c00-8d30399c008c@group-8E466005E1F4-FollowerState was interrupted: java.lang.InterruptedException: sleep interrupted
datanode_3  | 2019-10-17 06:27:59,945 INFO impl.RaftServerImpl: 8e07b6f9-6822-4e3c-a7c6-4efbc63ec71a@group-8E466005E1F4: changes role from  FOLLOWER to CANDIDATE at term 19 for changeToCandidate
rm_1        | 2019-10-17 06:29:49 INFO  RMAppImpl:718 - application_1571293670354_0001 State change from FINISHING to FINISHED on event=ATTEMPT_FINISHED
nm_1        | 2019-10-17 06:30:08 INFO  AuxServices:196 - Got event APPLICATION_INIT for appId application_1571293670354_0002
datanode_2  | 2019-10-17 06:28:01,145 INFO impl.RoleInfo: 2864cd14-0042-426a-bbe4-317a9cd0a61b: shutdown FollowerState
datanode_1  | 2019-10-17 06:28:02,391 INFO impl.RaftServerImpl: 44e95657-3a7e-479e-8c00-8d30399c008c@group-8E466005E1F4: changes role from  FOLLOWER to FOLLOWER at term 33 for recognizeCandidate:8e07b6f9-6822-4e3c-a7c6-4efbc63ec71a
datanode_3  | 2019-10-17 06:27:59,945 INFO impl.RoleInfo: 8e07b6f9-6822-4e3c-a7c6-4efbc63ec71a: start LeaderElection
rm_1        | 2019-10-17 06:29:49 INFO  CapacityScheduler:882 - Application Attempt appattempt_1571293670354_0001_000001 is done. finalState=FINISHED
nm_1        | 2019-10-17 06:30:08 INFO  AuxServices:200 - Got APPLICATION_INIT for service mapreduce_shuffle
datanode_2  | 2019-10-17 06:28:01,146 INFO impl.FollowerState: 2864cd14-0042-426a-bbe4-317a9cd0a61b@group-8E466005E1F4-FollowerState was interrupted: java.lang.InterruptedException: sleep interrupted
datanode_1  | 2019-10-17 06:28:02,391 INFO impl.RoleInfo: 44e95657-3a7e-479e-8c00-8d30399c008c: shutdown FollowerState
rm_1        | 2019-10-17 06:29:49 INFO  AppSchedulingInfo:115 - Application application_1571293670354_0001 requests cleared
datanode_3  | 2019-10-17 06:27:59,960 INFO impl.LeaderElection: 8e07b6f9-6822-4e3c-a7c6-4efbc63ec71a@group-8E466005E1F4-LeaderElection16: begin an election at term 20 for -1: [8e07b6f9-6822-4e3c-a7c6-4efbc63ec71a:172.18.0.9:9858, 2864cd14-0042-426a-bbe4-317a9cd0a61b:172.18.0.7:9858, 44e95657-3a7e-479e-8c00-8d30399c008c:172.18.0.8:9858], old=null
nm_1        | 2019-10-17 06:30:08 INFO  ShuffleHandler:677 - Added token for job_1571293670354_0002
datanode_2  | 2019-10-17 06:28:01,146 INFO impl.RoleInfo: 2864cd14-0042-426a-bbe4-317a9cd0a61b: start FollowerState
datanode_1  | 2019-10-17 06:28:02,391 INFO impl.RoleInfo: 44e95657-3a7e-479e-8c00-8d30399c008c: start FollowerState
rm_1        | 2019-10-17 06:29:49 INFO  RMAuditLogger:158 - USER=hadoop	OPERATION=Application Finished - Succeeded	TARGET=RMAppManager	RESULT=SUCCESS	APPID=application_1571293670354_0001
nm_1        | 2019-10-17 06:30:08 INFO  ContainerImpl:1135 - Container container_1571293670354_0002_01_000002 transitioned from LOCALIZING to LOCALIZED
datanode_2  | 2019-10-17 06:28:01,401 INFO impl.RaftServerImpl: 2864cd14-0042-426a-bbe4-317a9cd0a61b@group-8E466005E1F4: changes role from  FOLLOWER to FOLLOWER at term 28 for recognizeCandidate:8e07b6f9-6822-4e3c-a7c6-4efbc63ec71a
datanode_1  | 2019-10-17 06:28:02,391 INFO impl.FollowerState: 44e95657-3a7e-479e-8c00-8d30399c008c@group-8E466005E1F4-FollowerState was interrupted: java.lang.InterruptedException: sleep interrupted
datanode_3  | 2019-10-17 06:28:00,002 INFO impl.LeaderElection: 8e07b6f9-6822-4e3c-a7c6-4efbc63ec71a@group-8E466005E1F4-LeaderElection16: Election REJECTED; received 2 response(s) [8e07b6f9-6822-4e3c-a7c6-4efbc63ec71a<-2864cd14-0042-426a-bbe4-317a9cd0a61b#0:FAIL-t20, 8e07b6f9-6822-4e3c-a7c6-4efbc63ec71a<-44e95657-3a7e-479e-8c00-8d30399c008c#0:FAIL-t20] and 0 exception(s); 8e07b6f9-6822-4e3c-a7c6-4efbc63ec71a@group-8E466005E1F4:t20, leader=null, voted=8e07b6f9-6822-4e3c-a7c6-4efbc63ec71a, raftlog=8e07b6f9-6822-4e3c-a7c6-4efbc63ec71a@group-8E466005E1F4-SegmentedRaftLog:OPENED:c-1,f-1,i0, conf=-1: [8e07b6f9-6822-4e3c-a7c6-4efbc63ec71a:172.18.0.9:9858, 2864cd14-0042-426a-bbe4-317a9cd0a61b:172.18.0.7:9858, 44e95657-3a7e-479e-8c00-8d30399c008c:172.18.0.8:9858], old=null
rm_1        | 2019-10-17 06:29:49 INFO  AMLauncher:263 - Cleaning master appattempt_1571293670354_0001_000001
nm_1        | 2019-10-17 06:30:08 INFO  ContainerImpl:1135 - Container container_1571293670354_0002_01_000002 transitioned from LOCALIZED to RUNNING
datanode_2  | 2019-10-17 06:28:01,401 INFO impl.RoleInfo: 2864cd14-0042-426a-bbe4-317a9cd0a61b: shutdown FollowerState
datanode_1  | 2019-10-17 06:28:03,126 INFO impl.RaftServerImpl: 44e95657-3a7e-479e-8c00-8d30399c008c@group-8E466005E1F4: changes role from  FOLLOWER to FOLLOWER at term 34 for recognizeCandidate:8e07b6f9-6822-4e3c-a7c6-4efbc63ec71a
nm_1        | 2019-10-17 06:30:08 INFO  ContainersMonitorImpl:196 - Neither virutal-memory nor physical-memory monitoring is needed. Not running the monitor-thread
datanode_2  | 2019-10-17 06:28:01,401 INFO impl.RoleInfo: 2864cd14-0042-426a-bbe4-317a9cd0a61b: start FollowerState
datanode_1  | 2019-10-17 06:28:03,126 INFO impl.RoleInfo: 44e95657-3a7e-479e-8c00-8d30399c008c: shutdown FollowerState
rm_1        | 2019-10-17 06:29:49 INFO  LeafQueue:729 - Application removed - appId: application_1571293670354_0001 user: hadoop queue: default #user-pending-applications: 0 #user-active-applications: 0 #queue-pending-applications: 0 #queue-active-applications: 0
datanode_3  | 2019-10-17 06:28:00,002 INFO impl.RaftServerImpl: 8e07b6f9-6822-4e3c-a7c6-4efbc63ec71a@group-8E466005E1F4: changes role from CANDIDATE to FOLLOWER at term 20 for DISCOVERED_A_NEW_TERM
nm_1        | 2019-10-17 06:30:08 INFO  DefaultContainerExecutor:268 - launchContainer: [bash, /tmp/hadoop-hadoop/nm-local-dir/usercache/hadoop/appcache/application_1571293670354_0002/container_1571293670354_0002_01_000002/default_container_executor.sh]
datanode_2  | 2019-10-17 06:28:01,401 INFO impl.FollowerState: 2864cd14-0042-426a-bbe4-317a9cd0a61b@group-8E466005E1F4-FollowerState was interrupted: java.lang.InterruptedException: sleep interrupted
datanode_1  | 2019-10-17 06:28:03,126 INFO impl.RoleInfo: 44e95657-3a7e-479e-8c00-8d30399c008c: start FollowerState
rm_1        | 2019-10-17 06:29:49 INFO  ParentQueue:370 - Application removed - appId: application_1571293670354_0001 user: hadoop leaf-queue of parent: root #applications: 0
datanode_3  | 2019-10-17 06:28:00,003 INFO impl.RoleInfo: 8e07b6f9-6822-4e3c-a7c6-4efbc63ec71a: shutdown LeaderElection
nm_1        | 2019-10-17 06:30:12 INFO  Server:1454 - Auth successful for appattempt_1571293670354_0002_000001 (auth:SIMPLE)
rm_1        | 2019-10-17 06:29:49 INFO  RMAppManager$ApplicationSummary:186 - appId=application_1571293670354_0001,name=QuasiMonteCarlo,user=hadoop,queue=default,state=FINISHED,trackingUrl=http://rm:8088/proxy/application_1571293670354_0001/,appMasterHost=nm,startTime=1571293741996,finishTime=1571293782427,finalStatus=SUCCEEDED,memorySeconds=177850,vcoreSeconds=65,preemptedAMContainers=0,preemptedNonAMContainers=0,preemptedResources=<memory:0\, vCores:0>,applicationType=MAPREDUCE
datanode_3  | 2019-10-17 06:28:00,003 INFO impl.RoleInfo: 8e07b6f9-6822-4e3c-a7c6-4efbc63ec71a: start FollowerState
datanode_1  | 2019-10-17 06:28:03,126 INFO impl.FollowerState: 44e95657-3a7e-479e-8c00-8d30399c008c@group-8E466005E1F4-FollowerState was interrupted: java.lang.InterruptedException: sleep interrupted
nm_1        | 2019-10-17 06:30:12 INFO  ContainerManagerImpl:960 - Stopping container with container Id: container_1571293670354_0002_01_000002
rm_1        | 2019-10-17 06:29:51 INFO  ClientRMService:583 - Application with id 2 submitted by user hadoop
datanode_1  | 2019-10-17 06:28:06,474 INFO impl.RaftServerImpl: 44e95657-3a7e-479e-8c00-8d30399c008c@group-8E466005E1F4: changes role from  FOLLOWER to FOLLOWER at term 35 for recognizeCandidate:8e07b6f9-6822-4e3c-a7c6-4efbc63ec71a
datanode_2  | 2019-10-17 06:28:01,666 INFO impl.RaftServerImpl: 2864cd14-0042-426a-bbe4-317a9cd0a61b@group-8E466005E1F4: changes role from  FOLLOWER to FOLLOWER at term 29 for recognizeCandidate:8e07b6f9-6822-4e3c-a7c6-4efbc63ec71a
nm_1        | 2019-10-17 06:30:12 INFO  NMAuditLogger:89 - USER=hadoop	IP=172.18.0.3	OPERATION=Stop Container Request	TARGET=ContainerManageImpl	RESULT=SUCCESS	APPID=application_1571293670354_0002	CONTAINERID=container_1571293670354_0002_01_000002
datanode_3  | 2019-10-17 06:28:00,024 INFO impl.FollowerState: 8e07b6f9-6822-4e3c-a7c6-4efbc63ec71a@group-8E466005E1F4-FollowerState: change to CANDIDATE, lastRpcTime:21ms, electionTimeout:21ms
rm_1        | 2019-10-17 06:29:51 INFO  RMAppImpl:977 - Storing application with id application_1571293670354_0002
datanode_1  | 2019-10-17 06:28:06,475 INFO impl.RoleInfo: 44e95657-3a7e-479e-8c00-8d30399c008c: shutdown FollowerState
nm_1        | 2019-10-17 06:30:12 INFO  ContainerImpl:1135 - Container container_1571293670354_0002_01_000002 transitioned from RUNNING to KILLING
datanode_2  | 2019-10-17 06:28:01,666 INFO impl.RoleInfo: 2864cd14-0042-426a-bbe4-317a9cd0a61b: shutdown FollowerState
datanode_3  | 2019-10-17 06:28:00,025 INFO impl.RoleInfo: 8e07b6f9-6822-4e3c-a7c6-4efbc63ec71a: shutdown FollowerState
rm_1        | 2019-10-17 06:29:51 INFO  RMAuditLogger:158 - USER=hadoop	IP=172.18.0.5	OPERATION=Submit Application Request	TARGET=ClientRMService	RESULT=SUCCESS	APPID=application_1571293670354_0002
datanode_1  | 2019-10-17 06:28:06,475 INFO impl.FollowerState: 44e95657-3a7e-479e-8c00-8d30399c008c@group-8E466005E1F4-FollowerState was interrupted: java.lang.InterruptedException: sleep interrupted
nm_1        | 2019-10-17 06:30:12 INFO  ContainerLaunch:370 - Cleaning up container container_1571293670354_0002_01_000002
datanode_2  | 2019-10-17 06:28:01,667 INFO impl.RoleInfo: 2864cd14-0042-426a-bbe4-317a9cd0a61b: start FollowerState
datanode_3  | 2019-10-17 06:28:00,025 INFO impl.RaftServerImpl: 8e07b6f9-6822-4e3c-a7c6-4efbc63ec71a@group-8E466005E1F4: changes role from  FOLLOWER to CANDIDATE at term 20 for changeToCandidate
rm_1        | 2019-10-17 06:29:51 INFO  RMStateStore:194 - Storing info for app: application_1571293670354_0002
datanode_1  | 2019-10-17 06:28:06,475 INFO impl.RoleInfo: 44e95657-3a7e-479e-8c00-8d30399c008c: start FollowerState
datanode_2  | 2019-10-17 06:28:01,667 INFO impl.FollowerState: 2864cd14-0042-426a-bbe4-317a9cd0a61b@group-8E466005E1F4-FollowerState was interrupted: java.lang.InterruptedException: sleep interrupted
nm_1        | 2019-10-17 06:30:12 WARN  DefaultContainerExecutor:224 - Exit code from container container_1571293670354_0002_01_000002 is : 143
datanode_3  | 2019-10-17 06:28:00,025 INFO impl.RoleInfo: 8e07b6f9-6822-4e3c-a7c6-4efbc63ec71a: start LeaderElection
rm_1        | 2019-10-17 06:29:51 INFO  RMAppImpl:718 - application_1571293670354_0002 State change from NEW to NEW_SAVING on event=START
datanode_1  | 2019-10-17 06:28:07,897 INFO impl.RaftServerImpl: 44e95657-3a7e-479e-8c00-8d30399c008c@group-8E466005E1F4: changes role from  FOLLOWER to FOLLOWER at term 36 for recognizeCandidate:8e07b6f9-6822-4e3c-a7c6-4efbc63ec71a
datanode_2  | 2019-10-17 06:28:01,682 INFO impl.RaftServerImpl: 2864cd14-0042-426a-bbe4-317a9cd0a61b@group-8E466005E1F4: changes role from  FOLLOWER to FOLLOWER at term 30 for recognizeCandidate:8e07b6f9-6822-4e3c-a7c6-4efbc63ec71a
nm_1        | 2019-10-17 06:30:12 INFO  ContainerImpl:1135 - Container container_1571293670354_0002_01_000002 transitioned from KILLING to CONTAINER_CLEANEDUP_AFTER_KILL
datanode_3  | 2019-10-17 06:28:00,044 INFO impl.LeaderElection: 8e07b6f9-6822-4e3c-a7c6-4efbc63ec71a@group-8E466005E1F4-LeaderElection17: begin an election at term 21 for -1: [8e07b6f9-6822-4e3c-a7c6-4efbc63ec71a:172.18.0.9:9858, 2864cd14-0042-426a-bbe4-317a9cd0a61b:172.18.0.7:9858, 44e95657-3a7e-479e-8c00-8d30399c008c:172.18.0.8:9858], old=null
rm_1        | 2019-10-17 06:29:51 INFO  RMAppImpl:718 - application_1571293670354_0002 State change from NEW_SAVING to SUBMITTED on event=APP_NEW_SAVED
datanode_1  | 2019-10-17 06:28:07,897 INFO impl.RoleInfo: 44e95657-3a7e-479e-8c00-8d30399c008c: shutdown FollowerState
datanode_2  | 2019-10-17 06:28:01,682 INFO impl.RoleInfo: 2864cd14-0042-426a-bbe4-317a9cd0a61b: shutdown FollowerState
nm_1        | 2019-10-17 06:30:12 INFO  NMAuditLogger:89 - USER=hadoop	OPERATION=Container Finished - Killed	TARGET=ContainerImpl	RESULT=SUCCESS	APPID=application_1571293670354_0002	CONTAINERID=container_1571293670354_0002_01_000002
datanode_3  | 2019-10-17 06:28:00,078 INFO impl.LeaderElection: 8e07b6f9-6822-4e3c-a7c6-4efbc63ec71a@group-8E466005E1F4-LeaderElection17: Election REJECTED; received 2 response(s) [8e07b6f9-6822-4e3c-a7c6-4efbc63ec71a<-2864cd14-0042-426a-bbe4-317a9cd0a61b#0:FAIL-t21, 8e07b6f9-6822-4e3c-a7c6-4efbc63ec71a<-44e95657-3a7e-479e-8c00-8d30399c008c#0:FAIL-t21] and 0 exception(s); 8e07b6f9-6822-4e3c-a7c6-4efbc63ec71a@group-8E466005E1F4:t21, leader=null, voted=8e07b6f9-6822-4e3c-a7c6-4efbc63ec71a, raftlog=8e07b6f9-6822-4e3c-a7c6-4efbc63ec71a@group-8E466005E1F4-SegmentedRaftLog:OPENED:c-1,f-1,i0, conf=-1: [8e07b6f9-6822-4e3c-a7c6-4efbc63ec71a:172.18.0.9:9858, 2864cd14-0042-426a-bbe4-317a9cd0a61b:172.18.0.7:9858, 44e95657-3a7e-479e-8c00-8d30399c008c:172.18.0.8:9858], old=null
rm_1        | 2019-10-17 06:29:51 INFO  ParentQueue:345 - Application added - appId: application_1571293670354_0002 user: hadoop leaf-queue of parent: root #applications: 1
datanode_2  | 2019-10-17 06:28:01,682 INFO impl.FollowerState: 2864cd14-0042-426a-bbe4-317a9cd0a61b@group-8E466005E1F4-FollowerState was interrupted: java.lang.InterruptedException: sleep interrupted
nm_1        | 2019-10-17 06:30:12 INFO  ContainerImpl:1135 - Container container_1571293670354_0002_01_000002 transitioned from CONTAINER_CLEANEDUP_AFTER_KILL to DONE
rm_1        | 2019-10-17 06:29:51 INFO  CapacityScheduler:814 - Accepted application application_1571293670354_0002 from user: hadoop, in queue: default
datanode_3  | 2019-10-17 06:28:00,078 INFO impl.RaftServerImpl: 8e07b6f9-6822-4e3c-a7c6-4efbc63ec71a@group-8E466005E1F4: changes role from CANDIDATE to FOLLOWER at term 21 for DISCOVERED_A_NEW_TERM
datanode_1  | 2019-10-17 06:28:07,897 INFO impl.RoleInfo: 44e95657-3a7e-479e-8c00-8d30399c008c: start FollowerState
datanode_2  | 2019-10-17 06:28:01,683 INFO impl.RoleInfo: 2864cd14-0042-426a-bbe4-317a9cd0a61b: start FollowerState
nm_1        | 2019-10-17 06:30:12 INFO  ApplicationImpl:347 - Removing container_1571293670354_0002_01_000002 from application application_1571293670354_0002
rm_1        | 2019-10-17 06:29:51 INFO  RMAppImpl:718 - application_1571293670354_0002 State change from SUBMITTED to ACCEPTED on event=APP_ACCEPTED
datanode_3  | 2019-10-17 06:28:00,078 INFO impl.RoleInfo: 8e07b6f9-6822-4e3c-a7c6-4efbc63ec71a: shutdown LeaderElection
datanode_1  | 2019-10-17 06:28:07,897 INFO impl.FollowerState: 44e95657-3a7e-479e-8c00-8d30399c008c@group-8E466005E1F4-FollowerState was interrupted: java.lang.InterruptedException: sleep interrupted
nm_1        | 2019-10-17 06:30:12 INFO  ContainersMonitorImpl:196 - Neither virutal-memory nor physical-memory monitoring is needed. Not running the monitor-thread
datanode_2  | 2019-10-17 06:28:01,808 INFO impl.RaftServerImpl: 2864cd14-0042-426a-bbe4-317a9cd0a61b@group-8E466005E1F4: changes role from  FOLLOWER to FOLLOWER at term 31 for recognizeCandidate:8e07b6f9-6822-4e3c-a7c6-4efbc63ec71a
datanode_1  | 2019-10-17 06:28:08,702 INFO impl.RaftServerImpl: 44e95657-3a7e-479e-8c00-8d30399c008c@group-8E466005E1F4: changes role from  FOLLOWER to FOLLOWER at term 37 for recognizeCandidate:8e07b6f9-6822-4e3c-a7c6-4efbc63ec71a
datanode_3  | 2019-10-17 06:28:00,078 INFO impl.RoleInfo: 8e07b6f9-6822-4e3c-a7c6-4efbc63ec71a: start FollowerState
nm_1        | 2019-10-17 06:30:12 INFO  AuxServices:196 - Got event CONTAINER_STOP for appId application_1571293670354_0002
datanode_2  | 2019-10-17 06:28:01,808 INFO impl.RoleInfo: 2864cd14-0042-426a-bbe4-317a9cd0a61b: shutdown FollowerState
datanode_1  | 2019-10-17 06:28:08,702 INFO impl.RoleInfo: 44e95657-3a7e-479e-8c00-8d30399c008c: shutdown FollowerState
rm_1        | 2019-10-17 06:29:51 INFO  ApplicationMasterService:678 - Registering app attempt : appattempt_1571293670354_0002_000001
datanode_3  | 2019-10-17 06:28:00,135 INFO impl.FollowerState: 8e07b6f9-6822-4e3c-a7c6-4efbc63ec71a@group-8E466005E1F4-FollowerState: change to CANDIDATE, lastRpcTime:56ms, electionTimeout:56ms
nm_1        | 2019-10-17 06:30:14 INFO  NodeStatusUpdaterImpl:490 - Removed completed containers from NM context: [container_1571293670354_0002_01_000002]
datanode_2  | 2019-10-17 06:28:01,808 INFO impl.RoleInfo: 2864cd14-0042-426a-bbe4-317a9cd0a61b: start FollowerState
datanode_1  | 2019-10-17 06:28:08,702 INFO impl.RoleInfo: 44e95657-3a7e-479e-8c00-8d30399c008c: start FollowerState
nm_1        | 2019-10-17 06:30:15 INFO  Server:1454 - Auth successful for appattempt_1571293670354_0002_000001 (auth:SIMPLE)
rm_1        | 2019-10-17 06:29:51 INFO  RMAppAttemptImpl:815 - appattempt_1571293670354_0002_000001 State change from NEW to SUBMITTED
datanode_2  | 2019-10-17 06:28:01,808 INFO impl.FollowerState: 2864cd14-0042-426a-bbe4-317a9cd0a61b@group-8E466005E1F4-FollowerState was interrupted: java.lang.InterruptedException: sleep interrupted
nm_1        | 2019-10-17 06:30:15 INFO  ContainerManagerImpl:810 - Start request for container_1571293670354_0002_01_000003 by user hadoop
datanode_3  | 2019-10-17 06:28:00,138 INFO impl.RoleInfo: 8e07b6f9-6822-4e3c-a7c6-4efbc63ec71a: shutdown FollowerState
datanode_1  | 2019-10-17 06:28:08,702 INFO impl.FollowerState: 44e95657-3a7e-479e-8c00-8d30399c008c@group-8E466005E1F4-FollowerState was interrupted: java.lang.InterruptedException: sleep interrupted
rm_1        | 2019-10-17 06:29:51 WARN  LeafQueue:632 - maximum-am-resource-percent is insufficient to start a single application in queue, it is likely set too low. skipping enforcement to allow at least one application to start
datanode_2  | 2019-10-17 06:28:02,178 INFO impl.RaftServerImpl: 2864cd14-0042-426a-bbe4-317a9cd0a61b@group-8E466005E1F4: changes role from  FOLLOWER to FOLLOWER at term 32 for recognizeCandidate:8e07b6f9-6822-4e3c-a7c6-4efbc63ec71a
nm_1        | 2019-10-17 06:30:15 INFO  NMAuditLogger:89 - USER=hadoop	IP=172.18.0.3	OPERATION=Start Container Request	TARGET=ContainerManageImpl	RESULT=SUCCESS	APPID=application_1571293670354_0002	CONTAINERID=container_1571293670354_0002_01_000003
datanode_3  | 2019-10-17 06:28:00,139 INFO impl.RaftServerImpl: 8e07b6f9-6822-4e3c-a7c6-4efbc63ec71a@group-8E466005E1F4: changes role from  FOLLOWER to CANDIDATE at term 21 for changeToCandidate
datanode_1  | 2019-10-17 06:28:09,436 INFO impl.RaftServerImpl: 44e95657-3a7e-479e-8c00-8d30399c008c@group-8E466005E1F4: changes role from  FOLLOWER to FOLLOWER at term 38 for recognizeCandidate:8e07b6f9-6822-4e3c-a7c6-4efbc63ec71a
rm_1        | 2019-10-17 06:29:51 WARN  LeafQueue:653 - maximum-am-resource-percent is insufficient to start a single application in queue for user, it is likely set too low. skipping enforcement to allow at least one application to start
datanode_2  | 2019-10-17 06:28:02,178 INFO impl.RoleInfo: 2864cd14-0042-426a-bbe4-317a9cd0a61b: shutdown FollowerState
nm_1        | 2019-10-17 06:30:15 INFO  ApplicationImpl:304 - Adding container_1571293670354_0002_01_000003 to application application_1571293670354_0002
datanode_3  | 2019-10-17 06:28:00,139 INFO impl.RoleInfo: 8e07b6f9-6822-4e3c-a7c6-4efbc63ec71a: start LeaderElection
datanode_1  | 2019-10-17 06:28:09,436 INFO impl.RoleInfo: 44e95657-3a7e-479e-8c00-8d30399c008c: shutdown FollowerState
rm_1        | 2019-10-17 06:29:51 INFO  LeafQueue:667 - Application application_1571293670354_0002 from user: hadoop activated in queue: default
datanode_2  | 2019-10-17 06:28:02,178 INFO impl.FollowerState: 2864cd14-0042-426a-bbe4-317a9cd0a61b@group-8E466005E1F4-FollowerState was interrupted: java.lang.InterruptedException: sleep interrupted
nm_1        | 2019-10-17 06:30:15 INFO  ContainerImpl:1135 - Container container_1571293670354_0002_01_000003 transitioned from NEW to LOCALIZING
datanode_1  | 2019-10-17 06:28:09,436 INFO impl.RoleInfo: 44e95657-3a7e-479e-8c00-8d30399c008c: start FollowerState
datanode_3  | 2019-10-17 06:28:00,154 INFO impl.LeaderElection: 8e07b6f9-6822-4e3c-a7c6-4efbc63ec71a@group-8E466005E1F4-LeaderElection18: begin an election at term 22 for -1: [8e07b6f9-6822-4e3c-a7c6-4efbc63ec71a:172.18.0.9:9858, 2864cd14-0042-426a-bbe4-317a9cd0a61b:172.18.0.7:9858, 44e95657-3a7e-479e-8c00-8d30399c008c:172.18.0.8:9858], old=null
rm_1        | 2019-10-17 06:29:51 INFO  LeafQueue:683 - Application added - appId: application_1571293670354_0002 user: org.apache.hadoop.yarn.server.resourcemanager.scheduler.capacity.LeafQueue$User@235898bb, leaf-queue: default #user-pending-applications: 0 #user-active-applications: 1 #queue-pending-applications: 0 #queue-active-applications: 1
datanode_2  | 2019-10-17 06:28:02,178 INFO impl.RoleInfo: 2864cd14-0042-426a-bbe4-317a9cd0a61b: start FollowerState
nm_1        | 2019-10-17 06:30:15 INFO  AuxServices:196 - Got event CONTAINER_INIT for appId application_1571293670354_0002
datanode_1  | 2019-10-17 06:28:09,437 INFO impl.FollowerState: 44e95657-3a7e-479e-8c00-8d30399c008c@group-8E466005E1F4-FollowerState was interrupted: java.lang.InterruptedException: sleep interrupted
datanode_3  | 2019-10-17 06:28:00,216 INFO impl.LeaderElection: 8e07b6f9-6822-4e3c-a7c6-4efbc63ec71a@group-8E466005E1F4-LeaderElection18: Election REJECTED; received 2 response(s) [8e07b6f9-6822-4e3c-a7c6-4efbc63ec71a<-44e95657-3a7e-479e-8c00-8d30399c008c#0:FAIL-t22, 8e07b6f9-6822-4e3c-a7c6-4efbc63ec71a<-2864cd14-0042-426a-bbe4-317a9cd0a61b#0:FAIL-t22] and 0 exception(s); 8e07b6f9-6822-4e3c-a7c6-4efbc63ec71a@group-8E466005E1F4:t22, leader=null, voted=8e07b6f9-6822-4e3c-a7c6-4efbc63ec71a, raftlog=8e07b6f9-6822-4e3c-a7c6-4efbc63ec71a@group-8E466005E1F4-SegmentedRaftLog:OPENED:c-1,f-1,i0, conf=-1: [8e07b6f9-6822-4e3c-a7c6-4efbc63ec71a:172.18.0.9:9858, 2864cd14-0042-426a-bbe4-317a9cd0a61b:172.18.0.7:9858, 44e95657-3a7e-479e-8c00-8d30399c008c:172.18.0.8:9858], old=null
rm_1        | 2019-10-17 06:29:51 INFO  CapacityScheduler:843 - Added Application Attempt appattempt_1571293670354_0002_000001 to scheduler from user hadoop in queue default
datanode_2  | 2019-10-17 06:28:02,389 INFO impl.RaftServerImpl: 2864cd14-0042-426a-bbe4-317a9cd0a61b@group-8E466005E1F4: changes role from  FOLLOWER to FOLLOWER at term 33 for recognizeCandidate:8e07b6f9-6822-4e3c-a7c6-4efbc63ec71a
nm_1        | 2019-10-17 06:30:15 INFO  AuxServices:196 - Got event APPLICATION_INIT for appId application_1571293670354_0002
datanode_3  | 2019-10-17 06:28:00,217 INFO impl.RaftServerImpl: 8e07b6f9-6822-4e3c-a7c6-4efbc63ec71a@group-8E466005E1F4: changes role from CANDIDATE to FOLLOWER at term 22 for DISCOVERED_A_NEW_TERM
datanode_1  | 2019-10-17 06:28:10,346 INFO impl.RaftServerImpl: 44e95657-3a7e-479e-8c00-8d30399c008c@group-8E466005E1F4: changes role from  FOLLOWER to FOLLOWER at term 39 for recognizeCandidate:8e07b6f9-6822-4e3c-a7c6-4efbc63ec71a
rm_1        | 2019-10-17 06:29:51 INFO  RMAppAttemptImpl:815 - appattempt_1571293670354_0002_000001 State change from SUBMITTED to SCHEDULED
datanode_2  | 2019-10-17 06:28:02,389 INFO impl.RoleInfo: 2864cd14-0042-426a-bbe4-317a9cd0a61b: shutdown FollowerState
nm_1        | 2019-10-17 06:30:15 INFO  AuxServices:200 - Got APPLICATION_INIT for service mapreduce_shuffle
datanode_3  | 2019-10-17 06:28:00,217 INFO impl.RoleInfo: 8e07b6f9-6822-4e3c-a7c6-4efbc63ec71a: shutdown LeaderElection
datanode_1  | 2019-10-17 06:28:10,346 INFO impl.RoleInfo: 44e95657-3a7e-479e-8c00-8d30399c008c: shutdown FollowerState
datanode_2  | 2019-10-17 06:28:02,389 INFO impl.RoleInfo: 2864cd14-0042-426a-bbe4-317a9cd0a61b: start FollowerState
rm_1        | 2019-10-17 06:29:52 INFO  RMContainerImpl:410 - container_1571293670354_0002_01_000001 Container Transitioned from NEW to ALLOCATED
nm_1        | 2019-10-17 06:30:15 INFO  ShuffleHandler:677 - Added token for job_1571293670354_0002
datanode_3  | 2019-10-17 06:28:00,217 INFO impl.RoleInfo: 8e07b6f9-6822-4e3c-a7c6-4efbc63ec71a: start FollowerState
datanode_1  | 2019-10-17 06:28:10,346 INFO impl.RoleInfo: 44e95657-3a7e-479e-8c00-8d30399c008c: start FollowerState
datanode_2  | 2019-10-17 06:28:02,390 INFO impl.FollowerState: 2864cd14-0042-426a-bbe4-317a9cd0a61b@group-8E466005E1F4-FollowerState was interrupted: java.lang.InterruptedException: sleep interrupted
rm_1        | 2019-10-17 06:29:52 INFO  RMAuditLogger:116 - USER=hadoop	OPERATION=AM Allocated Container	TARGET=SchedulerApp	RESULT=SUCCESS	APPID=application_1571293670354_0002	CONTAINERID=container_1571293670354_0002_01_000001
nm_1        | 2019-10-17 06:30:15 INFO  ContainerImpl:1135 - Container container_1571293670354_0002_01_000003 transitioned from LOCALIZING to LOCALIZED
datanode_3  | 2019-10-17 06:28:00,390 INFO impl.FollowerState: 8e07b6f9-6822-4e3c-a7c6-4efbc63ec71a@group-8E466005E1F4-FollowerState: change to CANDIDATE, lastRpcTime:173ms, electionTimeout:173ms
datanode_1  | 2019-10-17 06:28:10,346 INFO impl.FollowerState: 44e95657-3a7e-479e-8c00-8d30399c008c@group-8E466005E1F4-FollowerState was interrupted: java.lang.InterruptedException: sleep interrupted
datanode_2  | 2019-10-17 06:28:03,125 INFO impl.RaftServerImpl: 2864cd14-0042-426a-bbe4-317a9cd0a61b@group-8E466005E1F4: changes role from  FOLLOWER to FOLLOWER at term 34 for recognizeCandidate:8e07b6f9-6822-4e3c-a7c6-4efbc63ec71a
rm_1        | 2019-10-17 06:29:52 INFO  SchedulerNode:153 - Assigned container container_1571293670354_0002_01_000001 of capacity <memory:2048, vCores:1> on host nm:44765, which has 1 containers, <memory:2048, vCores:1> used and <memory:6144, vCores:7> available after allocation
nm_1        | 2019-10-17 06:30:15 INFO  ContainerImpl:1135 - Container container_1571293670354_0002_01_000003 transitioned from LOCALIZED to RUNNING
datanode_3  | 2019-10-17 06:28:00,391 INFO impl.RoleInfo: 8e07b6f9-6822-4e3c-a7c6-4efbc63ec71a: shutdown FollowerState
datanode_1  | 2019-10-17 06:28:10,425 INFO impl.RaftServerImpl: 44e95657-3a7e-479e-8c00-8d30399c008c@group-8E466005E1F4: changes role from  FOLLOWER to FOLLOWER at term 40 for recognizeCandidate:8e07b6f9-6822-4e3c-a7c6-4efbc63ec71a
datanode_2  | 2019-10-17 06:28:03,125 INFO impl.RoleInfo: 2864cd14-0042-426a-bbe4-317a9cd0a61b: shutdown FollowerState
rm_1        | 2019-10-17 06:29:52 INFO  LeafQueue:1558 - assignedContainer application attempt=appattempt_1571293670354_0002_000001 container=Container: [ContainerId: container_1571293670354_0002_01_000001, NodeId: nm:44765, NodeHttpAddress: nm:8042, Resource: <memory:2048, vCores:1>, Priority: 0, Token: null, ] queue=default: capacity=1.0, absoluteCapacity=1.0, usedResources=<memory:0, vCores:0>, usedCapacity=0.0, absoluteUsedCapacity=0.0, numApps=1, numContainers=0 clusterResource=<memory:8192, vCores:8> type=OFF_SWITCH requestedPartition=
nm_1        | 2019-10-17 06:30:15 INFO  ContainersMonitorImpl:196 - Neither virutal-memory nor physical-memory monitoring is needed. Not running the monitor-thread
datanode_3  | 2019-10-17 06:28:00,391 INFO impl.RaftServerImpl: 8e07b6f9-6822-4e3c-a7c6-4efbc63ec71a@group-8E466005E1F4: changes role from  FOLLOWER to CANDIDATE at term 22 for changeToCandidate
datanode_1  | 2019-10-17 06:28:10,425 INFO impl.RoleInfo: 44e95657-3a7e-479e-8c00-8d30399c008c: shutdown FollowerState
datanode_2  | 2019-10-17 06:28:03,125 INFO impl.RoleInfo: 2864cd14-0042-426a-bbe4-317a9cd0a61b: start FollowerState
rm_1        | 2019-10-17 06:29:52 INFO  ParentQueue:523 - Re-sorting assigned queue: root.default stats: default: capacity=1.0, absoluteCapacity=1.0, usedResources=<memory:2048, vCores:1>, usedCapacity=0.25, absoluteUsedCapacity=0.25, numApps=1, numContainers=1
nm_1        | 2019-10-17 06:30:15 INFO  DefaultContainerExecutor:268 - launchContainer: [bash, /tmp/hadoop-hadoop/nm-local-dir/usercache/hadoop/appcache/application_1571293670354_0002/container_1571293670354_0002_01_000003/default_container_executor.sh]
datanode_3  | 2019-10-17 06:28:00,392 INFO impl.RoleInfo: 8e07b6f9-6822-4e3c-a7c6-4efbc63ec71a: start LeaderElection
datanode_1  | 2019-10-17 06:28:10,426 INFO impl.RoleInfo: 44e95657-3a7e-479e-8c00-8d30399c008c: start FollowerState
datanode_2  | 2019-10-17 06:28:03,126 INFO impl.FollowerState: 2864cd14-0042-426a-bbe4-317a9cd0a61b@group-8E466005E1F4-FollowerState was interrupted: java.lang.InterruptedException: sleep interrupted
rm_1        | 2019-10-17 06:29:52 INFO  ParentQueue:420 - assignedContainer queue=root usedCapacity=0.25 absoluteUsedCapacity=0.25 used=<memory:2048, vCores:1> cluster=<memory:8192, vCores:8>
nm_1        | 2019-10-17 06:30:19 INFO  ShuffleHandler:1053 - Setting connection close header...
datanode_3  | 2019-10-17 06:28:00,410 INFO impl.LeaderElection: 8e07b6f9-6822-4e3c-a7c6-4efbc63ec71a@group-8E466005E1F4-LeaderElection19: begin an election at term 23 for -1: [8e07b6f9-6822-4e3c-a7c6-4efbc63ec71a:172.18.0.9:9858, 2864cd14-0042-426a-bbe4-317a9cd0a61b:172.18.0.7:9858, 44e95657-3a7e-479e-8c00-8d30399c008c:172.18.0.8:9858], old=null
datanode_1  | 2019-10-17 06:28:10,426 INFO impl.FollowerState: 44e95657-3a7e-479e-8c00-8d30399c008c@group-8E466005E1F4-FollowerState was interrupted: java.lang.InterruptedException: sleep interrupted
datanode_2  | 2019-10-17 06:28:06,475 INFO impl.RaftServerImpl: 2864cd14-0042-426a-bbe4-317a9cd0a61b@group-8E466005E1F4: changes role from  FOLLOWER to FOLLOWER at term 35 for recognizeCandidate:8e07b6f9-6822-4e3c-a7c6-4efbc63ec71a
rm_1        | 2019-10-17 06:29:52 INFO  NMTokenSecretManagerInRM:200 - Sending NMToken for nodeId : nm:44765 for container : container_1571293670354_0002_01_000001
datanode_3  | 2019-10-17 06:28:00,447 INFO impl.LeaderElection: 8e07b6f9-6822-4e3c-a7c6-4efbc63ec71a@group-8E466005E1F4-LeaderElection19: Election REJECTED; received 2 response(s) [8e07b6f9-6822-4e3c-a7c6-4efbc63ec71a<-44e95657-3a7e-479e-8c00-8d30399c008c#0:FAIL-t23, 8e07b6f9-6822-4e3c-a7c6-4efbc63ec71a<-2864cd14-0042-426a-bbe4-317a9cd0a61b#0:FAIL-t23] and 0 exception(s); 8e07b6f9-6822-4e3c-a7c6-4efbc63ec71a@group-8E466005E1F4:t23, leader=null, voted=8e07b6f9-6822-4e3c-a7c6-4efbc63ec71a, raftlog=8e07b6f9-6822-4e3c-a7c6-4efbc63ec71a@group-8E466005E1F4-SegmentedRaftLog:OPENED:c-1,f-1,i0, conf=-1: [8e07b6f9-6822-4e3c-a7c6-4efbc63ec71a:172.18.0.9:9858, 2864cd14-0042-426a-bbe4-317a9cd0a61b:172.18.0.7:9858, 44e95657-3a7e-479e-8c00-8d30399c008c:172.18.0.8:9858], old=null
datanode_1  | 2019-10-17 06:28:10,557 INFO impl.RaftServerImpl: 44e95657-3a7e-479e-8c00-8d30399c008c@group-8E466005E1F4: changes role from  FOLLOWER to FOLLOWER at term 41 for recognizeCandidate:8e07b6f9-6822-4e3c-a7c6-4efbc63ec71a
datanode_2  | 2019-10-17 06:28:06,475 INFO impl.RoleInfo: 2864cd14-0042-426a-bbe4-317a9cd0a61b: shutdown FollowerState
rm_1        | 2019-10-17 06:29:52 INFO  RMContainerImpl:410 - container_1571293670354_0002_01_000001 Container Transitioned from ALLOCATED to ACQUIRED
nm_1        | 2019-10-17 06:30:20 INFO  Server:1454 - Auth successful for appattempt_1571293670354_0002_000001 (auth:SIMPLE)
datanode_3  | 2019-10-17 06:28:00,448 INFO impl.RaftServerImpl: 8e07b6f9-6822-4e3c-a7c6-4efbc63ec71a@group-8E466005E1F4: changes role from CANDIDATE to FOLLOWER at term 23 for DISCOVERED_A_NEW_TERM
datanode_1  | 2019-10-17 06:28:10,557 INFO impl.RoleInfo: 44e95657-3a7e-479e-8c00-8d30399c008c: shutdown FollowerState
datanode_2  | 2019-10-17 06:28:06,475 INFO impl.FollowerState: 2864cd14-0042-426a-bbe4-317a9cd0a61b@group-8E466005E1F4-FollowerState was interrupted: java.lang.InterruptedException: sleep interrupted
rm_1        | 2019-10-17 06:29:52 INFO  NMTokenSecretManagerInRM:146 - Clear node set for appattempt_1571293670354_0002_000001
nm_1        | 2019-10-17 06:30:20 INFO  ContainerManagerImpl:960 - Stopping container with container Id: container_1571293670354_0002_01_000003
datanode_3  | 2019-10-17 06:28:00,449 INFO impl.RoleInfo: 8e07b6f9-6822-4e3c-a7c6-4efbc63ec71a: shutdown LeaderElection
datanode_1  | 2019-10-17 06:28:10,557 INFO impl.RoleInfo: 44e95657-3a7e-479e-8c00-8d30399c008c: start FollowerState
datanode_2  | 2019-10-17 06:28:06,475 INFO impl.RoleInfo: 2864cd14-0042-426a-bbe4-317a9cd0a61b: start FollowerState
rm_1        | 2019-10-17 06:29:52 INFO  RMAppAttemptImpl:1924 - Storing attempt: AppId: application_1571293670354_0002 AttemptId: appattempt_1571293670354_0002_000001 MasterContainer: Container: [ContainerId: container_1571293670354_0002_01_000001, NodeId: nm:44765, NodeHttpAddress: nm:8042, Resource: <memory:2048, vCores:1>, Priority: 0, Token: Token { kind: ContainerToken, service: 172.18.0.3:44765 }, ]
nm_1        | 2019-10-17 06:30:20 INFO  NMAuditLogger:89 - USER=hadoop	IP=172.18.0.3	OPERATION=Stop Container Request	TARGET=ContainerManageImpl	RESULT=SUCCESS	APPID=application_1571293670354_0002	CONTAINERID=container_1571293670354_0002_01_000003
datanode_3  | 2019-10-17 06:28:00,449 INFO impl.RoleInfo: 8e07b6f9-6822-4e3c-a7c6-4efbc63ec71a: start FollowerState
datanode_1  | 2019-10-17 06:28:10,557 INFO impl.FollowerState: 44e95657-3a7e-479e-8c00-8d30399c008c@group-8E466005E1F4-FollowerState was interrupted: java.lang.InterruptedException: sleep interrupted
datanode_2  | 2019-10-17 06:28:07,896 INFO impl.RaftServerImpl: 2864cd14-0042-426a-bbe4-317a9cd0a61b@group-8E466005E1F4: changes role from  FOLLOWER to FOLLOWER at term 36 for recognizeCandidate:8e07b6f9-6822-4e3c-a7c6-4efbc63ec71a
rm_1        | 2019-10-17 06:29:52 INFO  RMAppAttemptImpl:815 - appattempt_1571293670354_0002_000001 State change from SCHEDULED to ALLOCATED_SAVING
nm_1        | 2019-10-17 06:30:20 INFO  ContainerImpl:1135 - Container container_1571293670354_0002_01_000003 transitioned from RUNNING to KILLING
datanode_3  | 2019-10-17 06:28:00,602 INFO impl.FollowerState: 8e07b6f9-6822-4e3c-a7c6-4efbc63ec71a@group-8E466005E1F4-FollowerState: change to CANDIDATE, lastRpcTime:152ms, electionTimeout:152ms
datanode_1  | 2019-10-17 06:28:10,608 INFO impl.RaftServerImpl: 44e95657-3a7e-479e-8c00-8d30399c008c@group-8E466005E1F4: changes role from  FOLLOWER to FOLLOWER at term 42 for recognizeCandidate:8e07b6f9-6822-4e3c-a7c6-4efbc63ec71a
datanode_2  | 2019-10-17 06:28:07,896 INFO impl.RoleInfo: 2864cd14-0042-426a-bbe4-317a9cd0a61b: shutdown FollowerState
rm_1        | 2019-10-17 06:29:52 INFO  RMAppAttemptImpl:815 - appattempt_1571293670354_0002_000001 State change from ALLOCATED_SAVING to ALLOCATED
datanode_3  | 2019-10-17 06:28:00,603 INFO impl.RoleInfo: 8e07b6f9-6822-4e3c-a7c6-4efbc63ec71a: shutdown FollowerState
datanode_1  | 2019-10-17 06:28:10,608 INFO impl.RoleInfo: 44e95657-3a7e-479e-8c00-8d30399c008c: shutdown FollowerState
nm_1        | 2019-10-17 06:30:20 INFO  ContainerLaunch:370 - Cleaning up container container_1571293670354_0002_01_000003
datanode_2  | 2019-10-17 06:28:07,896 INFO impl.RoleInfo: 2864cd14-0042-426a-bbe4-317a9cd0a61b: start FollowerState
datanode_3  | 2019-10-17 06:28:00,603 INFO impl.RaftServerImpl: 8e07b6f9-6822-4e3c-a7c6-4efbc63ec71a@group-8E466005E1F4: changes role from  FOLLOWER to CANDIDATE at term 23 for changeToCandidate
rm_1        | 2019-10-17 06:29:52 INFO  AMLauncher:249 - Launching masterappattempt_1571293670354_0002_000001
datanode_1  | 2019-10-17 06:28:10,608 INFO impl.RoleInfo: 44e95657-3a7e-479e-8c00-8d30399c008c: start FollowerState
nm_1        | 2019-10-17 06:30:20 WARN  DefaultContainerExecutor:224 - Exit code from container container_1571293670354_0002_01_000003 is : 143
datanode_3  | 2019-10-17 06:28:00,603 INFO impl.RoleInfo: 8e07b6f9-6822-4e3c-a7c6-4efbc63ec71a: start LeaderElection
rm_1        | 2019-10-17 06:29:52 INFO  AMLauncher:105 - Setting up container Container: [ContainerId: container_1571293670354_0002_01_000001, NodeId: nm:44765, NodeHttpAddress: nm:8042, Resource: <memory:2048, vCores:1>, Priority: 0, Token: Token { kind: ContainerToken, service: 172.18.0.3:44765 }, ] for AM appattempt_1571293670354_0002_000001
