jhs         | Oct 20, 2019 5:39:29 PM com.sun.jersey.guice.spi.container.GuiceComponentProviderFactory getComponentProvider
datanode_1  | 2019-10-20 17:39:38,474 INFO server.RaftServerConfigKeys: raft.server.log.statemachine.data.sync.timeout.retry = -1 (default)
datanode_2  | 2019-10-20 17:39:37,933 INFO server.RaftServerConfigKeys: raft.server.log.statemachine.data.caching.enabled = true (custom)
scm_1       | 2019-10-20 17:39:31,477 INFO server.SCMClientProtocolServer: Processing CSR for dn 90e316b429e9, UUID: f895c286-e7cb-4d08-9a34-a4317a9048d0
kms_1       | 	at org.eclipse.jetty.servlet.ServletHandler$CachedChain.doFilter(ServletHandler.java:1751)
kdc_1       | Entry for principal dn/rm@EXAMPLE.COM with kvno 2, encryption type aes128-cts-hmac-sha1-96 added to keytab WRFILE:/data/dn.rm.keytab.
datanode_3  | 2019-10-20 17:39:38,997 INFO server.RaftServerConfigKeys: raft.server.retrycache.expirytime = 600000ms (custom)
om_1        | 2019-10-20 17:39:36,624 [main] INFO       - Updating the current master key for generating tokens
nm_1        | 2019-10-20 17:39:28 INFO  HttpServer2:613 - adding path spec: /ws/*
jhs         | INFO: Binding org.apache.hadoop.yarn.server.timeline.webapp.TimelineWebServices to GuiceManagedComponentProvider with the scope "Singleton"
datanode_1  | 2019-10-20 17:39:38,487 INFO server.RaftServerConfigKeys: raft.server.log.statemachine.data.caching.enabled = true (custom)
datanode_2  | 2019-10-20 17:39:37,937 INFO segmented.SegmentedRaftLogWorker: 02440c35-a685-4f5c-b2c9-d108334bf0b6@group-B7E95485D517-SegmentedRaftLogWorker: flushIndex: setUnconditionally 0 -> -1
rm_1        | 2019-10-20 17:39:28 INFO  CapacitySchedulerQueueManager:298 - Initialized queue: root: numChildQueue= 1, capacity=1.0, absoluteCapacity=1.0, usedResources=<memory:0, vCores:0>usedCapacity=0.0, numApps=0, numContainers=0
scm_1       | 2019-10-20 17:39:31,477 INFO server.SCMClientProtocolServer: Processing CSR for dn 21ad4dadb085, UUID: 02440c35-a685-4f5c-b2c9-d108334bf0b6
kms_1       | 	at org.apache.hadoop.http.HttpServer2$QuotingInputFilter.doFilter(HttpServer2.java:1609)
kdc_1       | Generiting keytab
datanode_3  | 2019-10-20 17:39:39,023 INFO impl.RaftServerImpl: 89035af8-db5a-454d-a428-3848ca80adba@group-C3F6FBC908C7: start as a follower, conf=-1: [89035af8-db5a-454d-a428-3848ca80adba:172.18.0.9:9858], old=null
om_1        | 2019-10-20 17:39:36,625 [Thread[Thread-11,5,main]] INFO       - Starting expired delegation token remover thread, tokenRemoverScanInterval=60 min(s)
nm_1        | 2019-10-20 17:39:29 INFO  WebApps:395 - Registered webapp guice modules
jhs         | 2019-10-20 17:39:29 INFO  ContextHandler:781 - Started o.e.j.w.WebAppContext@24097e9b{/,file:///tmp/jetty-jhs-8188-applicationhistory-_-any-4315705854656393001.dir/webapp/,AVAILABLE}{/applicationhistory}
datanode_1  | 2019-10-20 17:39:38,493 INFO segmented.SegmentedRaftLogWorker: f895c286-e7cb-4d08-9a34-a4317a9048d0@group-011C8C4B89CC-SegmentedRaftLogWorker: flushIndex: setUnconditionally 0 -> -1
datanode_2  | 2019-10-20 17:39:37,941 INFO server.RaftServerConfigKeys: raft.server.snapshot.auto.trigger.enabled = true (custom)
rm_1        | 2019-10-20 17:39:28 INFO  CapacitySchedulerQueueManager:163 - Initialized root queue root: numChildQueue= 1, capacity=1.0, absoluteCapacity=1.0, usedResources=<memory:0, vCores:0>usedCapacity=0.0, numApps=0, numContainers=0
scm_1       | 2019-10-20 17:39:31,573 INFO server.SCMClientProtocolServer: Processing CSR for dn 4e892982b437, UUID: 89035af8-db5a-454d-a428-3848ca80adba
kms_1       | 	at org.eclipse.jetty.servlet.ServletHandler$CachedChain.doFilter(ServletHandler.java:1759)
kdc_1       | Authenticating as principal admin/admin with keytab /tmp/admin.keytab.
datanode_3  | 2019-10-20 17:39:39,024 INFO impl.RaftServerImpl: 89035af8-db5a-454d-a428-3848ca80adba@group-C3F6FBC908C7: changes role from      null to FOLLOWER at term 0 for startAsFollower
om_1        | 2019-10-20 17:39:36,646 INFO ipc.Server: IPC Server Responder: starting
nm_1        | 2019-10-20 17:39:29 INFO  HttpServer2:1191 - Jetty bound to port 8042
datanode_1  | 2019-10-20 17:39:38,498 INFO server.RaftServerConfigKeys: raft.server.snapshot.auto.trigger.enabled = true (custom)
datanode_2  | 2019-10-20 17:39:37,942 INFO server.RaftServerConfigKeys: raft.server.snapshot.auto.trigger.threshold = 10000 (custom)
rm_1        | 2019-10-20 17:39:28 INFO  UserGroupMappingPlacementRule:237 - Initialized queue mappings, override: false
scm_1       | 2019-10-20 17:39:32,401 INFO ipc.Server: Auth successful for om/om@EXAMPLE.COM (auth:KERBEROS)
kms_1       | 	at org.apache.hadoop.http.NoCacheFilter.doFilter(NoCacheFilter.java:45)
kdc_1       | WARNING: no policy specified for om/4e892982b437@EXAMPLE.COM; defaulting to no policy
datanode_3  | 2019-10-20 17:39:39,025 INFO impl.RoleInfo: 89035af8-db5a-454d-a428-3848ca80adba: start FollowerState
nm_1        | 2019-10-20 17:39:29 INFO  Server:351 - jetty-9.3.24.v20180605, build timestamp: 2018-06-05T17:11:56Z, git hash: 84205aa28f11a4f31f2a3b86d1bba2cc8ab69827
om_1        | 2019-10-20 17:39:36,647 INFO ipc.Server: IPC Server listener on 9862: starting
jhs         | 2019-10-20 17:39:29 INFO  AbstractConnector:278 - Started ServerConnector@3e850122{HTTP/1.1,[http/1.1]}{jhs:8188}
datanode_1  | 2019-10-20 17:39:38,499 INFO server.RaftServerConfigKeys: raft.server.snapshot.auto.trigger.threshold = 10000 (custom)
datanode_2  | 2019-10-20 17:39:37,942 INFO server.RaftServerConfigKeys: raft.server.snapshot.retention.file.num = 5 (custom)
rm_1        | 2019-10-20 17:39:28 INFO  MultiNodeSortingManager:104 - MultiNode scheduling is 'false', and configured policies are 
scm_1       | 2019-10-20 17:39:32,408 INFO server.SCMClientProtocolServer: Processing CSR for om om, UUID: c75ff95e-f113-4d25-8618-ccbacb344784
kms_1       | 	at org.eclipse.jetty.servlet.ServletHandler$CachedChain.doFilter(ServletHandler.java:1759)
kdc_1       | Principal "om/4e892982b437@EXAMPLE.COM" created.
datanode_3  | 2019-10-20 17:39:39,029 INFO util.JmxRegister: Successfully registered JMX Bean with object name Ratis:service=RaftServer,group=group-C3F6FBC908C7,id=89035af8-db5a-454d-a428-3848ca80adba
nm_1        | 2019-10-20 17:39:29 INFO  AuthenticationFilter:240 - Unable to initialize FileSignerSecretProvider, falling back to use random secrets.
om_1        | 2019-10-20 17:39:36,680 INFO hdfs.DFSUtil: Starting web server as: HTTP/om@EXAMPLE.COM
jhs         | 2019-10-20 17:39:29 INFO  Server:419 - Started @5617ms
datanode_1  | 2019-10-20 17:39:38,500 INFO server.RaftServerConfigKeys: raft.server.snapshot.retention.file.num = 5 (custom)
datanode_2  | 2019-10-20 17:39:37,943 INFO server.RaftServerConfigKeys: raft.server.retrycache.expirytime = 600000ms (custom)
rm_1        | 2019-10-20 17:39:28 INFO  CapacityScheduler:408 - Initialized CapacityScheduler with calculator=class org.apache.hadoop.yarn.util.resource.DefaultResourceCalculator, minimumAllocation=<<memory:1024, vCores:1>>, maximumAllocation=<<memory:8192, vCores:4>>, asynchronousScheduling=false, asyncScheduleInterval=5ms,multiNodePlacementEnabled=false
scm_1       | 2019-10-20 17:39:34,926 INFO ipc.Server: Auth successful for dn/21ad4dadb085@EXAMPLE.COM (auth:KERBEROS)
kms_1       | 	at org.eclipse.jetty.servlet.ServletHandler.doHandle(ServletHandler.java:582)
kdc_1       | Authenticating as principal admin/admin with keytab /tmp/admin.keytab.
datanode_3  | 2019-10-20 17:39:39,113 INFO impl.FollowerState: 89035af8-db5a-454d-a428-3848ca80adba@group-C3F6FBC908C7-FollowerState: change to CANDIDATE, lastRpcTime:88ms, electionTimeout:88ms
nm_1        | 2019-10-20 17:39:29 INFO  ContextHandler:781 - Started o.e.j.s.ServletContextHandler@476b0ae6{/logs,file:///opt/hadoop/logs/,AVAILABLE}
om_1        | 2019-10-20 17:39:36,681 INFO hdfs.DFSUtil: Starting Web-server for ozoneManager at: http://0.0.0.0:9874
datanode_2  | 2019-10-20 17:39:37,970 INFO impl.RaftServerImpl: 02440c35-a685-4f5c-b2c9-d108334bf0b6@group-B7E95485D517: start as a follower, conf=-1: [02440c35-a685-4f5c-b2c9-d108334bf0b6:172.18.0.4:9858], old=null
datanode_1  | 2019-10-20 17:39:38,500 INFO server.RaftServerConfigKeys: raft.server.retrycache.expirytime = 600000ms (custom)
jhs         | 2019-10-20 17:39:29 INFO  ApplicationHistoryServer:318 - Instantiating AHSWebApp at 8188
rm_1        | 2019-10-20 17:39:28 INFO  Configuration:2752 - dynamic-resources.xml not found
scm_1       | 2019-10-20 17:39:34,967 INFO ipc.Server: Auth successful for om/om@EXAMPLE.COM (auth:KERBEROS)
kms_1       | 	at org.eclipse.jetty.server.handler.ScopedHandler.handle(ScopedHandler.java:143)
kdc_1       | Entry for principal om/4e892982b437@EXAMPLE.COM with kvno 2, encryption type aes256-cts-hmac-sha1-96 added to keytab WRFILE:/data/om.4e892982b437.keytab.
datanode_3  | 2019-10-20 17:39:39,115 INFO impl.RoleInfo: 89035af8-db5a-454d-a428-3848ca80adba: shutdown FollowerState
nm_1        | 2019-10-20 17:39:29 INFO  ContextHandler:781 - Started o.e.j.s.ServletContextHandler@4b3a45f1{/static,jar:file:/opt/hadoop/share/hadoop/yarn/hadoop-yarn-common-3.2.0.jar!/webapps/static,AVAILABLE}
om_1        | 2019-10-20 17:39:36,783 INFO server.AuthenticationFilter: Unable to initialize FileSignerSecretProvider, falling back to use random secrets.
datanode_2  | 2019-10-20 17:39:37,971 INFO impl.RaftServerImpl: 02440c35-a685-4f5c-b2c9-d108334bf0b6@group-B7E95485D517: changes role from      null to FOLLOWER at term 0 for startAsFollower
datanode_1  | 2019-10-20 17:39:38,530 INFO impl.RaftServerImpl: f895c286-e7cb-4d08-9a34-a4317a9048d0@group-011C8C4B89CC: start as a follower, conf=-1: [f895c286-e7cb-4d08-9a34-a4317a9048d0:172.18.0.3:9858], old=null
rm_1        | 2019-10-20 17:39:28 INFO  AMSProcessingChain:62 - Initializing AMS Processing chain. Root Processor=[org.apache.hadoop.yarn.server.resourcemanager.DefaultAMSProcessor].
scm_1       | 2019-10-20 17:39:35,009 INFO ipc.Server: Auth successful for dn/90e316b429e9@EXAMPLE.COM (auth:KERBEROS)
kms_1       | 	at org.eclipse.jetty.security.SecurityHandler.handle(SecurityHandler.java:548)
kdc_1       | Entry for principal om/4e892982b437@EXAMPLE.COM with kvno 2, encryption type aes128-cts-hmac-sha1-96 added to keytab WRFILE:/data/om.4e892982b437.keytab.
datanode_3  | 2019-10-20 17:39:39,117 INFO impl.RaftServerImpl: 89035af8-db5a-454d-a428-3848ca80adba@group-C3F6FBC908C7: changes role from  FOLLOWER to CANDIDATE at term 0 for changeToCandidate
om_1        | 2019-10-20 17:39:36,787 INFO http.HttpRequestLog: Http request log for http.requests.ozoneManager is not defined
nm_1        | Oct 20, 2019 5:39:29 PM com.sun.jersey.guice.spi.container.GuiceComponentProviderFactory register
jhs         | Oct 20, 2019 5:40:26 PM com.sun.jersey.server.wadl.generators.AbstractWadlGeneratorGrammarGenerator attachTypes
datanode_2  | 2019-10-20 17:39:37,972 INFO impl.RoleInfo: 02440c35-a685-4f5c-b2c9-d108334bf0b6: start FollowerState
rm_1        | 2019-10-20 17:39:28 INFO  ApplicationMasterService:129 - disabled placement handler will be used, all scheduling requests will be rejected.
scm_1       | 2019-10-20 17:39:35,059 INFO ipc.Server: Auth successful for dn/4e892982b437@EXAMPLE.COM (auth:KERBEROS)
kms_1       | 	at org.eclipse.jetty.server.session.SessionHandler.doHandle(SessionHandler.java:226)
kdc_1       | Generiting keytab
datanode_3  | 2019-10-20 17:39:39,121 INFO impl.RoleInfo: 89035af8-db5a-454d-a428-3848ca80adba: start LeaderElection
om_1        | 2019-10-20 17:39:36,797 INFO http.HttpServer2: Added global filter 'safety' (class=org.apache.hadoop.http.HttpServer2$QuotingInputFilter)
jhs         | INFO: Couldn't find grammar element for class javax.ws.rs.core.Response
datanode_1  | 2019-10-20 17:39:38,531 INFO impl.RaftServerImpl: f895c286-e7cb-4d08-9a34-a4317a9048d0@group-011C8C4B89CC: changes role from      null to FOLLOWER at term 0 for startAsFollower
datanode_2  | 2019-10-20 17:39:37,977 INFO util.JmxRegister: Successfully registered JMX Bean with object name Ratis:service=RaftServer,group=group-B7E95485D517,id=02440c35-a685-4f5c-b2c9-d108334bf0b6
nm_1        | INFO: Registering org.apache.hadoop.yarn.server.nodemanager.webapp.NMWebServices as a root resource class
rm_1        | 2019-10-20 17:39:28 INFO  AMSProcessingChain:75 - Adding [org.apache.hadoop.yarn.server.resourcemanager.scheduler.constraint.processor.DisabledPlacementProcessor] tp top of AMS Processing chain. 
scm_1       | 2019-10-20 17:39:36,930 INFO net.NetworkTopology: Added a new node: /default-rack/02440c35-a685-4f5c-b2c9-d108334bf0b6
kms_1       | 	at org.eclipse.jetty.server.handler.ContextHandler.doHandle(ContextHandler.java:1180)
kdc_1       | Authenticating as principal admin/admin with keytab /tmp/admin.keytab.
datanode_3  | 2019-10-20 17:39:39,135 INFO impl.LeaderElection: 89035af8-db5a-454d-a428-3848ca80adba@group-C3F6FBC908C7-LeaderElection1: begin an election at term 1 for -1: [89035af8-db5a-454d-a428-3848ca80adba:172.18.0.9:9858], old=null
jhs         | Oct 20, 2019 5:40:26 PM com.sun.jersey.server.wadl.generators.AbstractWadlGeneratorGrammarGenerator attachTypes
om_1        | 2019-10-20 17:39:36,800 INFO http.HttpServer2: Added filter static_user_filter (class=org.apache.hadoop.http.lib.StaticUserWebFilter$StaticUserFilter) to context ozoneManager
datanode_1  | 2019-10-20 17:39:38,532 INFO impl.RoleInfo: f895c286-e7cb-4d08-9a34-a4317a9048d0: start FollowerState
datanode_2  | 2019-10-20 17:39:38,165 INFO impl.FollowerState: 02440c35-a685-4f5c-b2c9-d108334bf0b6@group-B7E95485D517-FollowerState: change to CANDIDATE, lastRpcTime:193ms, electionTimeout:190ms
nm_1        | Oct 20, 2019 5:39:29 PM com.sun.jersey.guice.spi.container.GuiceComponentProviderFactory register
rm_1        | 2019-10-20 17:39:28 INFO  TimelineClientImpl:129 - Timeline service address: jhs:8188
scm_1       | 2019-10-20 17:39:36,930 INFO node.SCMNodeManager: Registered Data node : 02440c35-a685-4f5c-b2c9-d108334bf0b6{ip: 172.18.0.4, host: ozonesecure-mr_datanode_2.ozone, networkLocation: /default-rack, certSerialId: 11939957661893025}
kms_1       | 	at org.eclipse.jetty.servlet.ServletHandler.doScope(ServletHandler.java:512)
kdc_1       | WARNING: no policy specified for om/90e316b429e9@EXAMPLE.COM; defaulting to no policy
datanode_3  | 2019-10-20 17:39:39,136 INFO impl.RoleInfo: 89035af8-db5a-454d-a428-3848ca80adba: shutdown LeaderElection
jhs         | INFO: Couldn't find grammar element for class javax.ws.rs.core.Response
datanode_1  | 2019-10-20 17:39:38,536 INFO util.JmxRegister: Successfully registered JMX Bean with object name Ratis:service=RaftServer,group=group-011C8C4B89CC,id=f895c286-e7cb-4d08-9a34-a4317a9048d0
datanode_2  | 2019-10-20 17:39:38,167 INFO impl.RoleInfo: 02440c35-a685-4f5c-b2c9-d108334bf0b6: shutdown FollowerState
om_1        | 2019-10-20 17:39:36,800 INFO http.HttpServer2: Added filter static_user_filter (class=org.apache.hadoop.http.lib.StaticUserWebFilter$StaticUserFilter) to context logs
nm_1        | INFO: Registering org.apache.hadoop.yarn.webapp.GenericExceptionHandler as a provider class
rm_1        | 2019-10-20 17:39:29 INFO  AsyncDispatcher:223 - Registering class org.apache.hadoop.yarn.server.resourcemanager.metrics.AbstractSystemMetricsPublisher$SystemMetricsEventType for class org.apache.hadoop.yarn.server.resourcemanager.metrics.TimelineServiceV1Publisher$TimelineV1EventHandler
scm_1       | 2019-10-20 17:39:36,934 INFO safemode.SCMSafeModeManager: SCM in safe mode. 1 DataNodes registered, 1 required.
kms_1       | 	at org.eclipse.jetty.server.session.SessionHandler.doScope(SessionHandler.java:185)
kdc_1       | Principal "om/90e316b429e9@EXAMPLE.COM" created.
datanode_3  | 2019-10-20 17:39:39,138 INFO impl.RaftServerImpl: 89035af8-db5a-454d-a428-3848ca80adba@group-C3F6FBC908C7: changes role from CANDIDATE to LEADER at term 1 for changeToLeader
jhs         | Oct 20, 2019 5:40:26 PM com.sun.jersey.server.wadl.generators.AbstractWadlGeneratorGrammarGenerator attachTypes
datanode_1  | 2019-10-20 17:39:38,618 INFO impl.FollowerState: f895c286-e7cb-4d08-9a34-a4317a9048d0@group-011C8C4B89CC-FollowerState: change to CANDIDATE, lastRpcTime:85ms, electionTimeout:85ms
datanode_2  | 2019-10-20 17:39:38,167 INFO impl.RaftServerImpl: 02440c35-a685-4f5c-b2c9-d108334bf0b6@group-B7E95485D517: changes role from  FOLLOWER to CANDIDATE at term 0 for changeToCandidate
om_1        | 2019-10-20 17:39:36,800 INFO http.HttpServer2: Added filter static_user_filter (class=org.apache.hadoop.http.lib.StaticUserWebFilter$StaticUserFilter) to context static
rm_1        | 2019-10-20 17:39:29 INFO  AsyncDispatcher:223 - Registering class org.apache.hadoop.yarn.server.resourcemanager.metrics.AbstractSystemMetricsPublisher$SystemMetricsEventType for class org.apache.hadoop.yarn.server.resourcemanager.metrics.TimelineServiceV1Publisher$TimelineV1EventHandler
scm_1       | 2019-10-20 17:39:36,934 INFO safemode.SCMSafeModeManager: ScmSafeModeManager, all rules are successfully validated
kms_1       | 	at org.eclipse.jetty.server.handler.ContextHandler.doScope(ContextHandler.java:1112)
kdc_1       | Authenticating as principal admin/admin with keytab /tmp/admin.keytab.
datanode_1  | 2019-10-20 17:39:38,619 INFO impl.RoleInfo: f895c286-e7cb-4d08-9a34-a4317a9048d0: shutdown FollowerState
jhs         | INFO: Couldn't find grammar element for class javax.ws.rs.core.Response
datanode_3  | 2019-10-20 17:39:39,138 INFO impl.RaftServerImpl: 89035af8-db5a-454d-a428-3848ca80adba@group-C3F6FBC908C7: change Leader from null to 89035af8-db5a-454d-a428-3848ca80adba at term 1 for becomeLeader, leader elected after 216ms
datanode_2  | 2019-10-20 17:39:38,171 INFO impl.RoleInfo: 02440c35-a685-4f5c-b2c9-d108334bf0b6: start LeaderElection
om_1        | 2019-10-20 17:39:36,826 INFO http.HttpServer2: Jetty bound to port 9874
scm_1       | 2019-10-20 17:39:36,935 INFO safemode.SCMSafeModeManager: SCM exiting safe mode.
rm_1        | 2019-10-20 17:39:29 INFO  AsyncDispatcher:223 - Registering class org.apache.hadoop.yarn.server.resourcemanager.metrics.AbstractSystemMetricsPublisher$SystemMetricsEventType for class org.apache.hadoop.yarn.server.resourcemanager.metrics.TimelineServiceV1Publisher$TimelineV1EventHandler
nm_1        | Oct 20, 2019 5:39:29 PM com.sun.jersey.guice.spi.container.GuiceComponentProviderFactory register
kms_1       | 	at org.eclipse.jetty.server.handler.ScopedHandler.handle(ScopedHandler.java:141)
kdc_1       | Entry for principal om/90e316b429e9@EXAMPLE.COM with kvno 2, encryption type aes256-cts-hmac-sha1-96 added to keytab WRFILE:/data/om.90e316b429e9.keytab.
datanode_1  | 2019-10-20 17:39:38,620 INFO impl.RaftServerImpl: f895c286-e7cb-4d08-9a34-a4317a9048d0@group-011C8C4B89CC: changes role from  FOLLOWER to CANDIDATE at term 0 for changeToCandidate
jhs         | Oct 20, 2019 5:40:26 PM com.sun.jersey.server.wadl.generators.AbstractWadlGeneratorGrammarGenerator attachTypes
datanode_3  | 2019-10-20 17:39:39,138 INFO impl.RaftServerProxy: 89035af8-db5a-454d-a428-3848ca80adba: addNew group-7128CF7A7564:[02440c35-a685-4f5c-b2c9-d108334bf0b6:172.18.0.4:9858, f895c286-e7cb-4d08-9a34-a4317a9048d0:172.18.0.3:9858, 89035af8-db5a-454d-a428-3848ca80adba:172.18.0.9:9858] returns group-7128CF7A7564:java.util.concurrent.CompletableFuture@446b9d67[Not completed]
datanode_2  | 2019-10-20 17:39:38,186 INFO impl.LeaderElection: 02440c35-a685-4f5c-b2c9-d108334bf0b6@group-B7E95485D517-LeaderElection1: begin an election at term 1 for -1: [02440c35-a685-4f5c-b2c9-d108334bf0b6:172.18.0.4:9858], old=null
om_1        | 2019-10-20 17:39:36,827 INFO server.Server: jetty-9.3.25.v20180904, build timestamp: 2018-09-04T21:11:46Z, git hash: 3ce520221d0240229c862b122d2b06c12a625732
scm_1       | 2019-10-20 17:39:37,000 INFO net.NetworkTopology: Added a new node: /default-rack/f895c286-e7cb-4d08-9a34-a4317a9048d0
rm_1        | 2019-10-20 17:39:29 INFO  AsyncDispatcher:223 - Registering class org.apache.hadoop.yarn.server.resourcemanager.metrics.AbstractSystemMetricsPublisher$SystemMetricsEventType for class org.apache.hadoop.yarn.server.resourcemanager.metrics.TimelineServiceV1Publisher$TimelineV1EventHandler
nm_1        | INFO: Registering org.apache.hadoop.yarn.server.nodemanager.webapp.JAXBContextResolver as a provider class
kms_1       | 	at org.eclipse.jetty.server.handler.HandlerCollection.handle(HandlerCollection.java:119)
kdc_1       | Entry for principal om/90e316b429e9@EXAMPLE.COM with kvno 2, encryption type aes128-cts-hmac-sha1-96 added to keytab WRFILE:/data/om.90e316b429e9.keytab.
jhs         | INFO: Couldn't find grammar element for class javax.ws.rs.core.Response
datanode_1  | 2019-10-20 17:39:38,623 INFO impl.RoleInfo: f895c286-e7cb-4d08-9a34-a4317a9048d0: start LeaderElection
datanode_2  | 2019-10-20 17:39:38,188 INFO impl.RoleInfo: 02440c35-a685-4f5c-b2c9-d108334bf0b6: shutdown LeaderElection
scm_1       | 2019-10-20 17:39:37,001 INFO node.SCMNodeManager: Registered Data node : f895c286-e7cb-4d08-9a34-a4317a9048d0{ip: 172.18.0.3, host: ozonesecure-mr_datanode_1.ozone, networkLocation: /default-rack, certSerialId: 11939957661892868}
om_1        | 2019-10-20 17:39:36,857 INFO handler.ContextHandler: Started o.e.j.s.ServletContextHandler@61ffd148{/logs,file:///var/log/hadoop/,AVAILABLE}
datanode_3  | 2019-10-20 17:39:39,141 INFO server.RaftServerConfigKeys: raft.server.staging.catchup.gap = 1000 (default)
rm_1        | 2019-10-20 17:39:29 INFO  AsyncDispatcher:223 - Registering class org.apache.hadoop.yarn.server.resourcemanager.metrics.AbstractSystemMetricsPublisher$SystemMetricsEventType for class org.apache.hadoop.yarn.server.resourcemanager.metrics.TimelineServiceV1Publisher$TimelineV1EventHandler
kms_1       | 	at org.eclipse.jetty.server.handler.HandlerWrapper.handle(HandlerWrapper.java:134)
nm_1        | Oct 20, 2019 5:39:29 PM com.sun.jersey.server.impl.application.WebApplicationImpl _initiate
kdc_1       | Generiting keytab
jhs         | 2019-10-20 17:40:26 INFO  AbstractDelegationTokenSecretManager:403 - Creating password for identifier: (TIMELINE_DELEGATION_TOKEN owner=hadoop, renewer=rm, realUser=, issueDate=1571593226327, maxDate=1572198026327, sequenceNumber=1, masterKeyId=2), currentKey: 2
datanode_1  | 2019-10-20 17:39:38,649 INFO impl.LeaderElection: f895c286-e7cb-4d08-9a34-a4317a9048d0@group-011C8C4B89CC-LeaderElection1: begin an election at term 1 for -1: [f895c286-e7cb-4d08-9a34-a4317a9048d0:172.18.0.3:9858], old=null
datanode_2  | 2019-10-20 17:39:38,188 INFO impl.RaftServerImpl: 02440c35-a685-4f5c-b2c9-d108334bf0b6@group-B7E95485D517: changes role from CANDIDATE to LEADER at term 1 for changeToLeader
scm_1       | 2019-10-20 17:39:37,045 INFO net.NetworkTopology: Added a new node: /default-rack/89035af8-db5a-454d-a428-3848ca80adba
om_1        | 2019-10-20 17:39:36,858 INFO handler.ContextHandler: Started o.e.j.s.ServletContextHandler@602f8f94{/static,jar:file:/opt/hadoop/share/ozone/lib/hadoop-ozone-ozone-manager-0.5.0-SNAPSHOT.jar!/webapps/static,AVAILABLE}
rm_1        | 2019-10-20 17:39:29 INFO  AsyncDispatcher:223 - Registering class org.apache.hadoop.yarn.server.resourcemanager.metrics.AbstractSystemMetricsPublisher$SystemMetricsEventType for class org.apache.hadoop.yarn.server.resourcemanager.metrics.TimelineServiceV1Publisher$TimelineV1EventHandler
datanode_3  | 2019-10-20 17:39:39,142 INFO server.RaftServerConfigKeys: raft.server.rpc.sleep.time = 25ms (default)
kms_1       | 	at org.eclipse.jetty.server.Server.handle(Server.java:536)
nm_1        | INFO: Initiating Jersey application, version 'Jersey: 1.19 02/11/2015 03:25 AM'
kdc_1       | Authenticating as principal admin/admin with keytab /tmp/admin.keytab.
jhs         | Oct 20, 2019 5:40:26 PM com.sun.jersey.server.wadl.generators.AbstractWadlGeneratorGrammarGenerator attachTypes
datanode_1  | 2019-10-20 17:39:38,650 INFO impl.RoleInfo: f895c286-e7cb-4d08-9a34-a4317a9048d0: shutdown LeaderElection
datanode_2  | 2019-10-20 17:39:38,188 INFO impl.RaftServerImpl: 02440c35-a685-4f5c-b2c9-d108334bf0b6@group-B7E95485D517: change Leader from null to 02440c35-a685-4f5c-b2c9-d108334bf0b6 at term 1 for becomeLeader, leader elected after 338ms
scm_1       | 2019-10-20 17:39:37,045 INFO node.SCMNodeManager: Registered Data node : 89035af8-db5a-454d-a428-3848ca80adba{ip: 172.18.0.9, host: ozonesecure-mr_datanode_3.ozone, networkLocation: /default-rack, certSerialId: 11939957700201016}
om_1        | 2019-10-20 17:39:36,937 INFO server.KerberosAuthenticationHandler: Using keytab /etc/security/keytabs/HTTP.keytab, for principal HTTP/om@EXAMPLE.COM
rm_1        | 2019-10-20 17:39:29 INFO  AsyncDispatcher:223 - Registering class org.apache.hadoop.yarn.server.resourcemanager.metrics.AbstractSystemMetricsPublisher$SystemMetricsEventType for class org.apache.hadoop.yarn.server.resourcemanager.metrics.TimelineServiceV1Publisher$TimelineV1EventHandler
datanode_3  | 2019-10-20 17:39:39,142 INFO impl.RaftServerImpl: 89035af8-db5a-454d-a428-3848ca80adba: new RaftServerImpl for group-7128CF7A7564:[02440c35-a685-4f5c-b2c9-d108334bf0b6:172.18.0.4:9858, f895c286-e7cb-4d08-9a34-a4317a9048d0:172.18.0.3:9858, 89035af8-db5a-454d-a428-3848ca80adba:172.18.0.9:9858] with ContainerStateMachine:uninitialized
kms_1       | 	at org.eclipse.jetty.server.HttpChannel.handle(HttpChannel.java:333)
nm_1        | Oct 20, 2019 5:39:29 PM com.sun.jersey.guice.spi.container.GuiceComponentProviderFactory getComponentProvider
kdc_1       | Oct 20 17:39:03 kdc krb5kdc[9](info): AS_REQ (8 etypes {18 17 20 19 16 23 25 26}) 127.0.0.1: SERVER_NOT_FOUND: admin/admin@EXAMPLE.COM for kadmin/localhost@EXAMPLE.COM, Server not found in Kerberos database
jhs         | INFO: Couldn't find grammar element for class javax.ws.rs.core.Response
datanode_1  | 2019-10-20 17:39:38,651 INFO impl.RaftServerImpl: f895c286-e7cb-4d08-9a34-a4317a9048d0@group-011C8C4B89CC: changes role from CANDIDATE to LEADER at term 1 for changeToLeader
scm_1       | 2019-10-20 17:39:38,066 INFO pipeline.PipelineStateManager: Created pipeline Pipeline[ Id: 4e1bd4f5-dfe5-42b1-9ffd-b7e95485d517, Nodes: 02440c35-a685-4f5c-b2c9-d108334bf0b6{ip: 172.18.0.4, host: ozonesecure-mr_datanode_2.ozone, networkLocation: /default-rack, certSerialId: null}, Type:RATIS, Factor:ONE, State:OPEN]
om_1        | 2019-10-20 17:39:36,945 INFO handler.ContextHandler: Started o.e.j.w.WebAppContext@4ea17147{/,file:///tmp/jetty-0.0.0.0-9874-ozoneManager-_-any-5727514332212180807.dir/webapp/,AVAILABLE}{/ozoneManager}
datanode_2  | 2019-10-20 17:39:38,192 INFO server.RaftServerConfigKeys: raft.server.staging.catchup.gap = 1000 (default)
rm_1        | 2019-10-20 17:39:29 INFO  AsyncDispatcher:223 - Registering class org.apache.hadoop.yarn.server.resourcemanager.metrics.AbstractSystemMetricsPublisher$SystemMetricsEventType for class org.apache.hadoop.yarn.server.resourcemanager.metrics.TimelineServiceV1Publisher$TimelineV1EventHandler
datanode_3  | 2019-10-20 17:39:39,142 INFO server.RaftServerConfigKeys: raft.server.rpc.timeout.min = 5s (custom)
kms_1       | 	at org.eclipse.jetty.server.HttpConnection.onFillable(HttpConnection.java:251)
nm_1        | INFO: Binding org.apache.hadoop.yarn.server.nodemanager.webapp.JAXBContextResolver to GuiceManagedComponentProvider with the scope "Singleton"
jhs         | Oct 20, 2019 5:40:26 PM com.sun.jersey.server.wadl.generators.AbstractWadlGeneratorGrammarGenerator attachTypes
datanode_1  | 2019-10-20 17:39:38,651 INFO impl.RaftServerImpl: f895c286-e7cb-4d08-9a34-a4317a9048d0@group-011C8C4B89CC: change Leader from null to f895c286-e7cb-4d08-9a34-a4317a9048d0 at term 1 for becomeLeader, leader elected after 250ms
scm_1       | 2019-10-20 17:39:38,595 INFO pipeline.PipelineStateManager: Created pipeline Pipeline[ Id: b2c36791-2cec-48b7-a81e-011c8c4b89cc, Nodes: f895c286-e7cb-4d08-9a34-a4317a9048d0{ip: 172.18.0.3, host: ozonesecure-mr_datanode_1.ozone, networkLocation: /default-rack, certSerialId: null}, Type:RATIS, Factor:ONE, State:OPEN]
om_1        | 2019-10-20 17:39:36,952 INFO server.AbstractConnector: Started ServerConnector@697d6ded{HTTP/1.1,[http/1.1]}{0.0.0.0:9874}
rm_1        | 2019-10-20 17:39:29 INFO  AsyncDispatcher:223 - Registering class org.apache.hadoop.yarn.server.resourcemanager.metrics.AbstractSystemMetricsPublisher$SystemMetricsEventType for class org.apache.hadoop.yarn.server.resourcemanager.metrics.TimelineServiceV1Publisher$TimelineV1EventHandler
kdc_1       | Oct 20 17:39:03 kdc krb5kdc[9](info): AS_REQ (8 etypes {18 17 20 19 16 23 25 26}) 127.0.0.1: ISSUE: authtime 1571593143, etypes {rep=18 tkt=18 ses=18}, admin/admin@EXAMPLE.COM for kadmin/admin@EXAMPLE.COM
nm_1        | Oct 20, 2019 5:39:30 PM com.sun.jersey.guice.spi.container.GuiceComponentProviderFactory getComponentProvider
kms_1       | 	at org.eclipse.jetty.io.AbstractConnection$ReadCallback.succeeded(AbstractConnection.java:283)
datanode_2  | 2019-10-20 17:39:38,192 INFO server.RaftServerConfigKeys: raft.server.rpc.sleep.time = 25ms (default)
jhs         | INFO: Couldn't find grammar element for class javax.ws.rs.core.Response
datanode_1  | 2019-10-20 17:39:38,654 INFO server.RaftServerConfigKeys: raft.server.staging.catchup.gap = 1000 (default)
datanode_3  | 2019-10-20 17:39:39,142 INFO server.RaftServerConfigKeys: raft.server.rpc.timeout.max = 5200ms (custom)
scm_1       | 2019-10-20 17:39:39,089 INFO pipeline.PipelineStateManager: Created pipeline Pipeline[ Id: d0781151-4e45-4978-888c-c3f6fbc908c7, Nodes: 89035af8-db5a-454d-a428-3848ca80adba{ip: 172.18.0.9, host: ozonesecure-mr_datanode_3.ozone, networkLocation: /default-rack, certSerialId: null}, Type:RATIS, Factor:ONE, State:OPEN]
om_1        | 2019-10-20 17:39:36,953 INFO server.Server: Started @4281ms
rm_1        | 2019-10-20 17:39:29 INFO  AsyncDispatcher:223 - Registering class org.apache.hadoop.yarn.server.resourcemanager.metrics.AbstractSystemMetricsPublisher$SystemMetricsEventType for class org.apache.hadoop.yarn.server.resourcemanager.metrics.TimelineServiceV1Publisher$TimelineV1EventHandler
nm_1        | INFO: Binding org.apache.hadoop.yarn.webapp.GenericExceptionHandler to GuiceManagedComponentProvider with the scope "Singleton"
kms_1       | 	at org.eclipse.jetty.io.FillInterest.fillable(FillInterest.java:108)
datanode_2  | 2019-10-20 17:39:38,195 INFO server.RaftServerConfigKeys: raft.server.write.element-limit = 4096 (default)
jhs         | Oct 20, 2019 5:40:26 PM com.sun.jersey.server.wadl.generators.AbstractWadlGeneratorGrammarGenerator attachTypes
kdc_1       | Oct 20 17:39:03 kdc krb5kdc[9](info): AS_REQ (8 etypes {18 17 20 19 16 23 25 26}) 127.0.0.1: SERVER_NOT_FOUND: admin/admin@EXAMPLE.COM for kadmin/localhost@EXAMPLE.COM, Server not found in Kerberos database
datanode_1  | 2019-10-20 17:39:38,654 INFO server.RaftServerConfigKeys: raft.server.rpc.sleep.time = 25ms (default)
datanode_3  | 2019-10-20 17:39:39,142 INFO server.RaftServerConfigKeys: raft.server.rpcslowness.timeout = 120s (custom)
scm_1       | 2019-10-20 17:39:39,195 INFO pipeline.PipelineStateManager: Created pipeline Pipeline[ Id: 4f917d2c-30b3-4be1-8b4b-7128cf7a7564, Nodes: 02440c35-a685-4f5c-b2c9-d108334bf0b6{ip: 172.18.0.4, host: ozonesecure-mr_datanode_2.ozone, networkLocation: /default-rack, certSerialId: null}f895c286-e7cb-4d08-9a34-a4317a9048d0{ip: 172.18.0.3, host: ozonesecure-mr_datanode_1.ozone, networkLocation: /default-rack, certSerialId: null}89035af8-db5a-454d-a428-3848ca80adba{ip: 172.18.0.9, host: ozonesecure-mr_datanode_3.ozone, networkLocation: /default-rack, certSerialId: null}, Type:RATIS, Factor:THREE, State:OPEN]
om_1        | 2019-10-20 17:39:36,956 INFO impl.MetricsSinkAdapter: Sink prometheus started
rm_1        | 2019-10-20 17:39:29 INFO  log:192 - Logging initialized @3637ms
nm_1        | Oct 20, 2019 5:39:30 PM com.sun.jersey.guice.spi.container.GuiceComponentProviderFactory getComponentProvider
kms_1       | 	at org.eclipse.jetty.io.SelectChannelEndPoint$2.run(SelectChannelEndPoint.java:93)
datanode_2  | 2019-10-20 17:39:38,198 INFO server.RaftServerConfigKeys: raft.server.watch.timeout = 10s (default)
jhs         | INFO: Couldn't find grammar element for class javax.ws.rs.core.Response
kdc_1       | Oct 20 17:39:03 kdc krb5kdc[9](info): AS_REQ (8 etypes {18 17 20 19 16 23 25 26}) 127.0.0.1: ISSUE: authtime 1571593143, etypes {rep=18 tkt=18 ses=18}, admin/admin@EXAMPLE.COM for kadmin/admin@EXAMPLE.COM
datanode_1  | 2019-10-20 17:39:38,657 INFO server.RaftServerConfigKeys: raft.server.write.element-limit = 4096 (default)
datanode_3  | 2019-10-20 17:39:39,142 INFO server.RaftServerConfigKeys: raft.server.sleep.deviation.threshold = 300 (default)
scm_1       | 2019-10-20 17:39:54,343 INFO ipc.Server: Auth successful for om/om@EXAMPLE.COM (auth:KERBEROS)
om_1        | 2019-10-20 17:39:36,956 INFO impl.MetricsSystemImpl: Registered sink prometheus
rm_1        | 2019-10-20 17:39:29 INFO  AuthenticationFilter:240 - Unable to initialize FileSignerSecretProvider, falling back to use random secrets.
nm_1        | INFO: Binding org.apache.hadoop.yarn.server.nodemanager.webapp.NMWebServices to GuiceManagedComponentProvider with the scope "Singleton"
kms_1       | 	at org.eclipse.jetty.util.thread.strategy.ExecuteProduceConsume.executeProduceConsume(ExecuteProduceConsume.java:303)
datanode_2  | 2019-10-20 17:39:38,198 INFO server.RaftServerConfigKeys: raft.server.watch.timeout.denomination = 1s (default)
jhs         | Oct 20, 2019 5:40:26 PM com.sun.jersey.server.wadl.generators.AbstractWadlGeneratorGrammarGenerator attachTypes
kdc_1       | Oct 20 17:39:03 kdc krb5kdc[9](info): AS_REQ (8 etypes {18 17 20 19 16 23 25 26}) 127.0.0.1: SERVER_NOT_FOUND: admin/admin@EXAMPLE.COM for kadmin/localhost@EXAMPLE.COM, Server not found in Kerberos database
datanode_3  | 2019-10-20 17:39:39,142 INFO server.RaftServerConfigKeys: raft.server.log.appender.install.snapshot.enabled = false (custom)
datanode_1  | 2019-10-20 17:39:38,660 INFO server.RaftServerConfigKeys: raft.server.watch.timeout = 10s (default)
scm_1       | 2019-10-20 17:40:05,653 INFO ipc.Server: Auth successful for om/om@EXAMPLE.COM (auth:KERBEROS)
om_1        | 2019-10-20 17:39:36,990 INFO server.BaseHttpServer: HTTP server of OZONEMANAGER is listening at http://0.0.0.0:9874
rm_1        | 2019-10-20 17:39:29 INFO  HttpRequestLog:81 - Http request log for http.requests.resourcemanager is not defined
kms_1       | 	at org.eclipse.jetty.util.thread.strategy.ExecuteProduceConsume.produceConsume(ExecuteProduceConsume.java:148)
nm_1        | 2019-10-20 17:39:30 INFO  ContextHandler:781 - Started o.e.j.w.WebAppContext@6e1b9411{/,file:///tmp/jetty-0.0.0.0-8042-node-_-any-885453010975345669.dir/webapp/,AVAILABLE}{/node}
datanode_2  | 2019-10-20 17:39:38,199 INFO server.RaftServerConfigKeys: raft.server.watch.element-limit = 65536 (default)
jhs         | INFO: Couldn't find grammar element for class javax.ws.rs.core.Response
kdc_1       | Oct 20 17:39:03 kdc krb5kdc[9](info): AS_REQ (8 etypes {18 17 20 19 16 23 25 26}) 127.0.0.1: ISSUE: authtime 1571593143, etypes {rep=18 tkt=18 ses=18}, admin/admin@EXAMPLE.COM for kadmin/admin@EXAMPLE.COM
datanode_3  | 2019-10-20 17:39:39,142 INFO impl.RaftServerImpl: 89035af8-db5a-454d-a428-3848ca80adba@group-7128CF7A7564: ConfigurationManager, init=-1: [02440c35-a685-4f5c-b2c9-d108334bf0b6:172.18.0.4:9858, f895c286-e7cb-4d08-9a34-a4317a9048d0:172.18.0.3:9858, 89035af8-db5a-454d-a428-3848ca80adba:172.18.0.9:9858], old=null, confs=<EMPTY_MAP>
om_1        | 2019-10-20 17:39:53,945 INFO ipc.Server: Auth successful for testuser/om@EXAMPLE.COM (auth:KERBEROS)
scm_1       | 2019-10-20 17:40:05,661 INFO server.SCMBlockProtocolServer: Allocating 1 blocks of size 268435456, with ExcludeList {datanodes = [], containerIds = [], pipelineIds = []}
datanode_1  | 2019-10-20 17:39:38,660 INFO server.RaftServerConfigKeys: raft.server.watch.timeout.denomination = 1s (default)
rm_1        | 2019-10-20 17:39:29 INFO  HttpServer2:975 - Added global filter 'safety' (class=org.apache.hadoop.http.HttpServer2$QuotingInputFilter)
kms_1       | 	at org.eclipse.jetty.util.thread.strategy.ExecuteProduceConsume.run(ExecuteProduceConsume.java:136)
nm_1        | 2019-10-20 17:39:30 INFO  AbstractConnector:278 - Started ServerConnector@7b78ed6a{HTTP/1.1,[http/1.1]}{0.0.0.0:8042}
datanode_2  | 2019-10-20 17:39:38,211 INFO impl.RoleInfo: 02440c35-a685-4f5c-b2c9-d108334bf0b6: start LeaderState
jhs         | 2019-10-20 17:40:26 INFO  AbstractDelegationTokenSecretManager:491 - Token renewal for identifier: (TIMELINE_DELEGATION_TOKEN owner=hadoop, renewer=rm, realUser=, issueDate=1571593226327, maxDate=1572198026327, sequenceNumber=1, masterKeyId=2); total currentTokens 1
kdc_1       | Oct 20 17:39:03 kdc krb5kdc[9](info): AS_REQ (8 etypes {18 17 20 19 16 23 25 26}) 127.0.0.1: SERVER_NOT_FOUND: admin/admin@EXAMPLE.COM for kadmin/localhost@EXAMPLE.COM, Server not found in Kerberos database
om_1        | 2019-10-20 17:39:56,946 INFO ipc.Server: Auth successful for testuser/om@EXAMPLE.COM (auth:KERBEROS)
scm_1       | 2019-10-20 17:40:07,033 INFO ipc.Server: Auth successful for dn/4e892982b437@EXAMPLE.COM (auth:KERBEROS)
datanode_1  | 2019-10-20 17:39:38,661 INFO server.RaftServerConfigKeys: raft.server.watch.element-limit = 65536 (default)
rm_1        | 2019-10-20 17:39:29 INFO  HttpServer2:948 - Added filter static_user_filter (class=org.apache.hadoop.http.lib.StaticUserWebFilter$StaticUserFilter) to context cluster
kms_1       | 	at org.eclipse.jetty.util.thread.QueuedThreadPool.runJob(QueuedThreadPool.java:671)
nm_1        | 2019-10-20 17:39:30 INFO  Server:419 - Started @5477ms
datanode_3  | 2019-10-20 17:39:39,143 INFO server.RaftServerConfigKeys: raft.server.storage.dir = [/data/metadata/ratis] (custom)
datanode_2  | 2019-10-20 17:39:38,227 INFO segmented.SegmentedRaftLogWorker: 02440c35-a685-4f5c-b2c9-d108334bf0b6@group-B7E95485D517-SegmentedRaftLogWorker: Starting segment from index:0
jhs         | Oct 20, 2019 5:40:27 PM com.sun.jersey.server.wadl.generators.AbstractWadlGeneratorGrammarGenerator attachTypes
kdc_1       | Oct 20 17:39:03 kdc krb5kdc[9](info): AS_REQ (8 etypes {18 17 20 19 16 23 25 26}) 127.0.0.1: ISSUE: authtime 1571593143, etypes {rep=18 tkt=18 ses=18}, admin/admin@EXAMPLE.COM for kadmin/admin@EXAMPLE.COM
scm_1       | 2019-10-20 17:40:07,340 INFO ipc.Server: Auth successful for dn/4e892982b437@EXAMPLE.COM (auth:KERBEROS)
om_1        | 2019-10-20 17:39:57,634 [IPC Server handler 0 on 9862] INFO       - created volume:vol1 for user:hadoop
datanode_1  | 2019-10-20 17:39:38,673 INFO impl.RoleInfo: f895c286-e7cb-4d08-9a34-a4317a9048d0: start LeaderState
rm_1        | 2019-10-20 17:39:29 INFO  HttpServer2:958 - Added filter static_user_filter (class=org.apache.hadoop.http.lib.StaticUserWebFilter$StaticUserFilter) to context static
kms_1       | 	at org.eclipse.jetty.util.thread.QueuedThreadPool$2.run(QueuedThreadPool.java:589)
nm_1        | 2019-10-20 17:39:30 INFO  WebApps:440 - Web app node started at 8042
datanode_3  | 2019-10-20 17:39:39,143 INFO server.RaftServerConfigKeys: raft.server.log.corruption.policy = EXCEPTION (default)
datanode_2  | 2019-10-20 17:39:38,236 INFO impl.RaftServerImpl: 02440c35-a685-4f5c-b2c9-d108334bf0b6@group-B7E95485D517: set configuration 0: [02440c35-a685-4f5c-b2c9-d108334bf0b6:172.18.0.4:9858], old=null at 0
jhs         | INFO: Couldn't find grammar element for class javax.ws.rs.core.Response
kdc_1       | Oct 20 17:39:03 kdc krb5kdc[9](info): AS_REQ (8 etypes {18 17 20 19 16 23 25 26}) 127.0.0.1: SERVER_NOT_FOUND: admin/admin@EXAMPLE.COM for kadmin/localhost@EXAMPLE.COM, Server not found in Kerberos database
scm_1       | 2019-10-20 17:40:08,917 INFO ipc.Server: Auth successful for dn/21ad4dadb085@EXAMPLE.COM (auth:KERBEROS)
datanode_1  | 2019-10-20 17:39:38,689 INFO segmented.SegmentedRaftLogWorker: f895c286-e7cb-4d08-9a34-a4317a9048d0@group-011C8C4B89CC-SegmentedRaftLogWorker: Starting segment from index:0
rm_1        | 2019-10-20 17:39:29 INFO  HttpServer2:958 - Added filter static_user_filter (class=org.apache.hadoop.http.lib.StaticUserWebFilter$StaticUserFilter) to context logs
kms_1       | 	at java.lang.Thread.run(Thread.java:748)
nm_1        | 2019-10-20 17:39:30 INFO  NodeStatusUpdaterImpl:261 - Node ID assigned is : nm:33093
datanode_3  | 2019-10-20 17:39:39,143 INFO storage.RaftStorageDirectory: The storage directory /data/metadata/ratis/4f917d2c-30b3-4be1-8b4b-7128cf7a7564 does not exist. Creating ...
om_1        | 2019-10-20 17:39:59,648 INFO ipc.Server: Auth successful for testuser/om@EXAMPLE.COM (auth:KERBEROS)
datanode_2  | 2019-10-20 17:39:38,348 INFO segmented.SegmentedRaftLogWorker: 02440c35-a685-4f5c-b2c9-d108334bf0b6@group-B7E95485D517-SegmentedRaftLogWorker: created new log segment /data/metadata/ratis/4e1bd4f5-dfe5-42b1-9ffd-b7e95485d517/current/log_inprogress_0
jhs         | Oct 20, 2019 5:40:27 PM com.sun.jersey.server.wadl.generators.AbstractWadlGeneratorGrammarGenerator attachTypes
kdc_1       | Oct 20 17:39:03 kdc krb5kdc[9](info): AS_REQ (8 etypes {18 17 20 19 16 23 25 26}) 127.0.0.1: ISSUE: authtime 1571593143, etypes {rep=18 tkt=18 ses=18}, admin/admin@EXAMPLE.COM for kadmin/admin@EXAMPLE.COM
scm_1       | 2019-10-20 17:40:09,001 INFO ipc.Server: Auth successful for dn/90e316b429e9@EXAMPLE.COM (auth:KERBEROS)
datanode_1  | 2019-10-20 17:39:38,699 INFO impl.RaftServerImpl: f895c286-e7cb-4d08-9a34-a4317a9048d0@group-011C8C4B89CC: set configuration 0: [f895c286-e7cb-4d08-9a34-a4317a9048d0:172.18.0.3:9858], old=null at 0
rm_1        | 2019-10-20 17:39:29 INFO  HttpServer2:613 - adding path spec: /cluster/*
kms_1       | 
nm_1        | 2019-10-20 17:39:30 INFO  JvmPauseMonitor:188 - Starting JVM pause monitor
datanode_3  | 2019-10-20 17:39:39,144 INFO server.RaftServerConfigKeys: raft.server.write.element-limit = 4096 (default)
om_1        | 2019-10-20 17:40:02,248 INFO ipc.Server: Auth successful for testuser/om@EXAMPLE.COM (auth:KERBEROS)
datanode_2  | 2019-10-20 17:39:39,138 INFO impl.RaftServerProxy: 02440c35-a685-4f5c-b2c9-d108334bf0b6: addNew group-7128CF7A7564:[02440c35-a685-4f5c-b2c9-d108334bf0b6:172.18.0.4:9858, f895c286-e7cb-4d08-9a34-a4317a9048d0:172.18.0.3:9858, 89035af8-db5a-454d-a428-3848ca80adba:172.18.0.9:9858] returns group-7128CF7A7564:java.util.concurrent.CompletableFuture@28d99fdd[Not completed]
jhs         | INFO: Couldn't find grammar element for class javax.ws.rs.core.Response
kdc_1       | Oct 20 17:39:04 kdc krb5kdc[9](info): AS_REQ (8 etypes {18 17 20 19 16 23 25 26}) 127.0.0.1: SERVER_NOT_FOUND: admin/admin@EXAMPLE.COM for kadmin/localhost@EXAMPLE.COM, Server not found in Kerberos database
scm_1       | 2019-10-20 17:40:20,097 INFO ipc.Server: Auth successful for om/om@EXAMPLE.COM (auth:KERBEROS)
datanode_1  | 2019-10-20 17:39:38,810 INFO segmented.SegmentedRaftLogWorker: f895c286-e7cb-4d08-9a34-a4317a9048d0@group-011C8C4B89CC-SegmentedRaftLogWorker: created new log segment /data/metadata/ratis/b2c36791-2cec-48b7-a81e-011c8c4b89cc/current/log_inprogress_0
rm_1        | 2019-10-20 17:39:29 INFO  HttpServer2:613 - adding path spec: /ws/*
kms_1       | Oct 20, 2019 5:40:23 PM com.sun.jersey.server.wadl.generators.AbstractWadlGeneratorGrammarGenerator attachTypes
nm_1        | 2019-10-20 17:39:30 INFO  RMProxy:133 - Connecting to ResourceManager at rm/172.18.0.11:8031
datanode_3  | 2019-10-20 17:39:39,147 INFO server.RaftServerConfigKeys: raft.server.watch.timeout = 10s (default)
om_1        | 2019-10-20 17:40:04,900 INFO ipc.Server: Auth successful for testuser/om@EXAMPLE.COM (auth:KERBEROS)
datanode_2  | 2019-10-20 17:39:39,141 INFO impl.RaftServerImpl: 02440c35-a685-4f5c-b2c9-d108334bf0b6: new RaftServerImpl for group-7128CF7A7564:[02440c35-a685-4f5c-b2c9-d108334bf0b6:172.18.0.4:9858, f895c286-e7cb-4d08-9a34-a4317a9048d0:172.18.0.3:9858, 89035af8-db5a-454d-a428-3848ca80adba:172.18.0.9:9858] with ContainerStateMachine:uninitialized
jhs         | Oct 20, 2019 5:40:27 PM com.sun.jersey.server.wadl.generators.AbstractWadlGeneratorGrammarGenerator attachTypes
kdc_1       | Oct 20 17:39:04 kdc krb5kdc[9](info): AS_REQ (8 etypes {18 17 20 19 16 23 25 26}) 127.0.0.1: ISSUE: authtime 1571593144, etypes {rep=18 tkt=18 ses=18}, admin/admin@EXAMPLE.COM for kadmin/admin@EXAMPLE.COM
scm_1       | 2019-10-20 17:40:20,101 INFO server.SCMBlockProtocolServer: Allocating 1 blocks of size 268435456, with ExcludeList {datanodes = [], containerIds = [], pipelineIds = []}
datanode_1  | 2019-10-20 17:39:39,128 INFO impl.RaftServerProxy: f895c286-e7cb-4d08-9a34-a4317a9048d0: addNew group-7128CF7A7564:[02440c35-a685-4f5c-b2c9-d108334bf0b6:172.18.0.4:9858, f895c286-e7cb-4d08-9a34-a4317a9048d0:172.18.0.3:9858, 89035af8-db5a-454d-a428-3848ca80adba:172.18.0.9:9858] returns group-7128CF7A7564:java.util.concurrent.CompletableFuture@d3858a5[Not completed]
rm_1        | 2019-10-20 17:39:29 INFO  HttpServer2:613 - adding path spec: /app/*
kms_1       | INFO: Couldn't find grammar element for class java.util.Map
nm_1        | 2019-10-20 17:39:30 INFO  NodeStatusUpdaterImpl:652 - Sending out 0 NM container statuses: []
datanode_3  | 2019-10-20 17:39:39,147 INFO server.RaftServerConfigKeys: raft.server.watch.timeout.denomination = 1s (default)
om_1        | 2019-10-20 17:40:10,107 INFO ipc.Server: Auth successful for testuser/om@EXAMPLE.COM (auth:KERBEROS)
datanode_2  | 2019-10-20 17:39:39,141 INFO server.RaftServerConfigKeys: raft.server.rpc.timeout.min = 5s (custom)
jhs         | INFO: Couldn't find grammar element for class javax.ws.rs.core.Response
kdc_1       | Oct 20 17:39:04 kdc krb5kdc[9](info): AS_REQ (8 etypes {18 17 20 19 16 23 25 26}) 127.0.0.1: SERVER_NOT_FOUND: admin/admin@EXAMPLE.COM for kadmin/localhost@EXAMPLE.COM, Server not found in Kerberos database
scm_1       | 2019-10-20 17:40:21,656 INFO ipc.Server: Auth successful for dn/4e892982b437@EXAMPLE.COM (auth:KERBEROS)
datanode_1  | 2019-10-20 17:39:39,131 INFO impl.RaftServerImpl: f895c286-e7cb-4d08-9a34-a4317a9048d0: new RaftServerImpl for group-7128CF7A7564:[02440c35-a685-4f5c-b2c9-d108334bf0b6:172.18.0.4:9858, f895c286-e7cb-4d08-9a34-a4317a9048d0:172.18.0.3:9858, 89035af8-db5a-454d-a428-3848ca80adba:172.18.0.9:9858] with ContainerStateMachine:uninitialized
rm_1        | 2019-10-20 17:39:30 INFO  WebApps:395 - Registered webapp guice modules
kms_1       | Oct 20, 2019 5:40:23 PM com.sun.jersey.server.wadl.generators.AbstractWadlGeneratorGrammarGenerator attachTypes
nm_1        | 2019-10-20 17:39:30 INFO  NodeStatusUpdaterImpl:393 - Registering with RM using containers :[]
datanode_3  | 2019-10-20 17:39:39,148 INFO server.RaftServerConfigKeys: raft.server.watch.element-limit = 65536 (default)
om_1        | 2019-10-20 17:40:12,887 INFO ipc.Server: Auth successful for testuser/om@EXAMPLE.COM (auth:KERBEROS)
datanode_2  | 2019-10-20 17:39:39,141 INFO server.RaftServerConfigKeys: raft.server.rpc.timeout.max = 5200ms (custom)
jhs         | Oct 20, 2019 5:40:27 PM com.sun.jersey.server.wadl.generators.AbstractWadlGeneratorGrammarGenerator attachTypes
kdc_1       | Oct 20 17:39:04 kdc krb5kdc[9](info): AS_REQ (8 etypes {18 17 20 19 16 23 25 26}) 127.0.0.1: ISSUE: authtime 1571593144, etypes {rep=18 tkt=18 ses=18}, admin/admin@EXAMPLE.COM for kadmin/admin@EXAMPLE.COM
scm_1       | 2019-10-20 17:40:21,811 INFO server.SCMBlockProtocolServer: Allocating 1 blocks of size 268435456, with ExcludeList {datanodes = [], containerIds = [], pipelineIds = []}
datanode_1  | 2019-10-20 17:39:39,132 INFO server.RaftServerConfigKeys: raft.server.rpc.timeout.min = 5s (custom)
rm_1        | 2019-10-20 17:39:30 INFO  HttpServer2:1191 - Jetty bound to port 8088
kms_1       | INFO: Couldn't find grammar element for class java.util.Map
nm_1        | 2019-10-20 17:39:31 INFO  Client:948 - Retrying connect to server: rm/172.18.0.11:8031. Already tried 0 time(s); retry policy is RetryUpToMaximumCountWithFixedSleep(maxRetries=10, sleepTime=1000 MILLISECONDS)
datanode_3  | 2019-10-20 17:39:39,156 INFO storage.RaftStorageDirectory: Lock on /data/metadata/ratis/4f917d2c-30b3-4be1-8b4b-7128cf7a7564/in_use.lock acquired by nodename 7@4e892982b437
om_1        | 2019-10-20 17:40:19,350 INFO ipc.Server: Auth successful for hadoop/rm@EXAMPLE.COM (auth:KERBEROS)
datanode_2  | 2019-10-20 17:39:39,141 INFO server.RaftServerConfigKeys: raft.server.rpcslowness.timeout = 120s (custom)
jhs         | INFO: Couldn't find grammar element for class javax.ws.rs.core.Response
kdc_1       | Oct 20 17:39:04 kdc krb5kdc[9](info): AS_REQ (8 etypes {18 17 20 19 16 23 25 26}) 127.0.0.1: SERVER_NOT_FOUND: admin/admin@EXAMPLE.COM for kadmin/localhost@EXAMPLE.COM, Server not found in Kerberos database
datanode_1  | 2019-10-20 17:39:39,132 INFO server.RaftServerConfigKeys: raft.server.rpc.timeout.max = 5200ms (custom)
scm_1       | 2019-10-20 17:40:21,940 INFO ipc.Server: Auth successful for dn/21ad4dadb085@EXAMPLE.COM (auth:KERBEROS)
rm_1        | 2019-10-20 17:39:30 INFO  Server:351 - jetty-9.3.24.v20180605, build timestamp: 2018-06-05T17:11:56Z, git hash: 84205aa28f11a4f31f2a3b86d1bba2cc8ab69827
kms_1       | Oct 20, 2019 5:40:23 PM com.sun.jersey.server.wadl.generators.AbstractWadlGeneratorGrammarGenerator attachTypes
nm_1        | 2019-10-20 17:39:32 INFO  NMContainerTokenSecretManager:143 - Rolling master-key for container-tokens, got key with id 2111993258
datanode_3  | 2019-10-20 17:39:39,160 INFO impl.RoleInfo: 89035af8-db5a-454d-a428-3848ca80adba: start LeaderState
om_1        | 2019-10-20 17:40:27,271 INFO ipc.Server: Auth successful for rm/rm@EXAMPLE.COM (auth:KERBEROS)
datanode_2  | 2019-10-20 17:39:39,142 INFO server.RaftServerConfigKeys: raft.server.sleep.deviation.threshold = 300 (default)
jhs         | Oct 20, 2019 5:41:01 PM com.sun.jersey.server.wadl.generators.AbstractWadlGeneratorGrammarGenerator attachTypes
kdc_1       | Oct 20 17:39:04 kdc krb5kdc[9](info): AS_REQ (8 etypes {18 17 20 19 16 23 25 26}) 127.0.0.1: ISSUE: authtime 1571593144, etypes {rep=18 tkt=18 ses=18}, admin/admin@EXAMPLE.COM for kadmin/admin@EXAMPLE.COM
datanode_1  | 2019-10-20 17:39:39,132 INFO server.RaftServerConfigKeys: raft.server.rpcslowness.timeout = 120s (custom)
