datanode_3  | 2019-10-18 19:06:06,605 INFO server.RaftServerConfigKeys: raft.server.log.write.buffer.size = 33554432 (custom)
datanode_2  | 2019-10-18 19:06:07,009 INFO server.RaftServerConfigKeys: raft.server.log.corruption.policy = EXCEPTION (default)
datanode_1  | 2019-10-18 19:06:06,021 INFO server.RaftServerConfigKeys: raft.server.log.segment.cache.num.max = 2 (custom)
scm_1       | 2019-10-18 19:06:01,602 INFO server.SCMClientProtocolServer: RPC server for Client  is listening at /0.0.0.0:9860
om_1        | 2019-10-18 19:06:04,489 INFO db.DBStoreBuilder: Using default options. DBProfile.DISK
datanode_3  | 2019-10-18 19:06:06,605 INFO server.RaftServerConfigKeys: raft.server.log.force.sync.num = 128 (default)
datanode_2  | 2019-10-18 19:06:07,010 INFO storage.RaftStorageDirectory: The storage directory /data/metadata/ratis/5016b7cd-4c99-4f06-8549-b2e814827821 does not exist. Creating ...
datanode_1  | 2019-10-18 19:06:06,026 INFO segmented.SegmentedRaftLogWorker: new bd7295bc-6fd8-4285-8bc6-e2b45d996dfe@group-C68895B32EFF-SegmentedRaftLogWorker for RaftStorage:Storage Directory /data/metadata/ratis/2b75e721-d2cd-40af-89b5-c68895b32eff
scm_1       | 2019-10-18 19:06:01,603 INFO ipc.Server: IPC Server Responder: starting
om_1        | 2019-10-18 19:06:05,291 INFO ipc.CallQueueManager: Using callQueue: class java.util.concurrent.LinkedBlockingQueue, queueCapacity: 2000, scheduler: class org.apache.hadoop.ipc.DefaultRpcScheduler, ipcBackoff: false.
datanode_3  | 2019-10-18 19:06:06,606 INFO server.RaftServerConfigKeys: raft.server.log.statemachine.data.sync = true (default)
datanode_2  | 2019-10-18 19:06:07,034 INFO storage.RaftStorageDirectory: Lock on /data/metadata/ratis/5016b7cd-4c99-4f06-8549-b2e814827821/in_use.lock acquired by nodename 7@b70085950932
datanode_1  | 2019-10-18 19:06:06,026 INFO server.RaftServerConfigKeys: raft.server.log.queue.byte-limit = 2147483647 (custom)
scm_1       | 2019-10-18 19:06:01,603 INFO ipc.Server: IPC Server listener on 9860: starting
om_1        | 2019-10-18 19:06:05,300 INFO ipc.Server: Starting Socket Reader #1 for port 9862
datanode_3  | 2019-10-18 19:06:06,606 INFO server.RaftServerConfigKeys: raft.server.log.statemachine.data.sync.timeout = 10s (default)
datanode_1  | 2019-10-18 19:06:06,026 INFO server.RaftServerConfigKeys: raft.server.log.queue.element-limit = 1024 (custom)
datanode_2  | 2019-10-18 19:06:07,062 INFO storage.RaftStorage: Storage directory /data/metadata/ratis/5016b7cd-4c99-4f06-8549-b2e814827821 has been successfully formatted.
scm_1       | 2019-10-18 19:06:01,606 INFO server.StorageContainerManager: ScmBlockLocationProtocol RPC server is listening at /0.0.0.0:9863
om_1        | 2019-10-18 19:06:05,337 [main] INFO       - OzoneManager RPC server is listening at om/172.18.0.4:9862
datanode_3  | 2019-10-18 19:06:06,606 INFO server.RaftServerConfigKeys: raft.server.log.statemachine.data.sync.timeout.retry = -1 (default)
datanode_1  | 2019-10-18 19:06:06,027 INFO server.RaftServerConfigKeys: raft.server.log.segment.size.max = 1048576 (custom)
scm_1       | 2019-10-18 19:06:01,606 INFO server.SCMBlockProtocolServer: RPC server for Block Protocol is listening at /0.0.0.0:9863
om_1        | 2019-10-18 19:06:05,427 INFO impl.MetricsConfig: Loaded properties from hadoop-metrics2.properties
datanode_2  | 2019-10-18 19:06:07,067 [pool-8-thread-1] INFO       - group-B2E814827821: The snapshot info is null. Setting the last applied indexto:(t:0, i:~)
datanode_3  | 2019-10-18 19:06:06,616 INFO server.RaftServerConfigKeys: raft.server.log.statemachine.data.caching.enabled = true (custom)
datanode_1  | 2019-10-18 19:06:06,028 INFO server.RaftServerConfigKeys: raft.server.log.preallocated.size = 16384 (custom)
scm_1       | 2019-10-18 19:06:01,607 INFO ipc.Server: IPC Server Responder: starting
om_1        | 2019-10-18 19:06:05,481 INFO impl.MetricsSystemImpl: Scheduled Metric snapshot period at 10 second(s).
datanode_2  | 2019-10-18 19:06:07,067 INFO server.RaftServerConfigKeys: raft.server.notification.no-leader.timeout = 120s (custom)
datanode_3  | 2019-10-18 19:06:06,620 INFO segmented.SegmentedRaftLogWorker: 0025b691-f751-4cd6-a6ee-a18577602660@group-D8D6A3EDC488-SegmentedRaftLogWorker: flushIndex: setUnconditionally 0 -> -1
datanode_1  | 2019-10-18 19:06:06,028 INFO server.RaftServerConfigKeys: raft.server.log.write.buffer.size = 33554432 (custom)
scm_1       | 2019-10-18 19:06:01,607 INFO ipc.Server: IPC Server listener on 9863: starting
om_1        | 2019-10-18 19:06:05,481 INFO impl.MetricsSystemImpl: OzoneManager metrics system started
datanode_2  | 2019-10-18 19:06:07,070 INFO server.RaftServerConfigKeys: raft.server.log.use.memory = false (default)
datanode_3  | 2019-10-18 19:06:06,627 INFO server.RaftServerConfigKeys: raft.server.snapshot.auto.trigger.enabled = true (custom)
datanode_1  | 2019-10-18 19:06:06,028 INFO server.RaftServerConfigKeys: raft.server.log.force.sync.num = 128 (default)
scm_1       | 2019-10-18 19:06:01,609 INFO server.StorageContainerManager: ScmDatanodeProtocl RPC server is listening at /0.0.0.0:9861
om_1        | 2019-10-18 19:06:05,535 INFO ipc.Server: IPC Server Responder: starting
datanode_2  | 2019-10-18 19:06:07,074 INFO server.RaftServerConfigKeys: raft.server.log.purge.gap = 1000000 (custom)
datanode_3  | 2019-10-18 19:06:06,628 INFO server.RaftServerConfigKeys: raft.server.snapshot.auto.trigger.threshold = 10000 (custom)
datanode_1  | 2019-10-18 19:06:06,029 INFO server.RaftServerConfigKeys: raft.server.log.statemachine.data.sync = true (default)
scm_1       | 2019-10-18 19:06:01,609 INFO server.SCMDatanodeProtocolServer: RPC server for DataNodes is listening at /0.0.0.0:9861
om_1        | 2019-10-18 19:06:05,535 INFO ipc.Server: IPC Server listener on 9862: starting
datanode_2  | 2019-10-18 19:06:07,074 INFO server.RaftServerConfigKeys: raft.server.log.appender.buffer.byte-limit = 33554432 (custom)
datanode_3  | 2019-10-18 19:06:06,629 INFO server.RaftServerConfigKeys: raft.server.snapshot.retention.file.num = 5 (custom)
datanode_1  | 2019-10-18 19:06:06,029 INFO server.RaftServerConfigKeys: raft.server.log.statemachine.data.sync.timeout = 10s (default)
scm_1       | 2019-10-18 19:06:01,610 INFO ipc.Server: IPC Server Responder: starting
om_1        | 2019-10-18 19:06:05,565 INFO hdfs.DFSUtil: Starting Web-server for ozoneManager at: http://0.0.0.0:9874
datanode_2  | 2019-10-18 19:06:07,076 INFO server.RaftServerConfigKeys: raft.server.log.segment.size.max = 1048576 (custom)
datanode_3  | 2019-10-18 19:06:06,629 INFO server.RaftServerConfigKeys: raft.server.retrycache.expirytime = 600000ms (custom)
datanode_1  | 2019-10-18 19:06:06,030 INFO server.RaftServerConfigKeys: raft.server.log.statemachine.data.sync.timeout.retry = -1 (default)
scm_1       | 2019-10-18 19:06:01,610 INFO ipc.Server: IPC Server listener on 9861: starting
om_1        | 2019-10-18 19:06:05,684 INFO server.AuthenticationFilter: Unable to initialize FileSignerSecretProvider, falling back to use random secrets.
datanode_2  | 2019-10-18 19:06:07,078 WARN impl.MetricsSystemImpl: HddsDatanode metrics system already initialized!
datanode_3  | 2019-10-18 19:06:06,665 INFO impl.RaftServerImpl: 0025b691-f751-4cd6-a6ee-a18577602660@group-D8D6A3EDC488: start as a follower, conf=-1: [0025b691-f751-4cd6-a6ee-a18577602660:172.18.0.6:9858], old=null
datanode_1  | 2019-10-18 19:06:06,038 INFO server.RaftServerConfigKeys: raft.server.log.statemachine.data.caching.enabled = true (custom)
scm_1       | 2019-10-18 19:06:01,615 INFO http.HttpServer2: Jetty bound to port 9876
om_1        | 2019-10-18 19:06:05,687 INFO http.HttpRequestLog: Http request log for http.requests.ozoneManager is not defined
datanode_2  | 2019-10-18 19:06:07,083 INFO metrics.MetricRegistries: Loaded MetricRegistries class org.apache.ratis.metrics.impl.MetricRegistriesImpl
datanode_3  | 2019-10-18 19:06:06,666 INFO impl.RaftServerImpl: 0025b691-f751-4cd6-a6ee-a18577602660@group-D8D6A3EDC488: changes role from      null to FOLLOWER at term 0 for startAsFollower
datanode_1  | 2019-10-18 19:06:06,041 INFO segmented.SegmentedRaftLogWorker: bd7295bc-6fd8-4285-8bc6-e2b45d996dfe@group-C68895B32EFF-SegmentedRaftLogWorker: flushIndex: setUnconditionally 0 -> -1
scm_1       | 2019-10-18 19:06:01,616 INFO server.Server: jetty-9.3.25.v20180904, build timestamp: 2018-09-04T21:11:46Z, git hash: 3ce520221d0240229c862b122d2b06c12a625732
om_1        | 2019-10-18 19:06:05,696 INFO http.HttpServer2: Added global filter 'safety' (class=org.apache.hadoop.http.HttpServer2$QuotingInputFilter)
datanode_2  | 2019-10-18 19:06:07,119 INFO server.RaftServerConfigKeys: raft.server.log.segment.cache.num.max = 2 (custom)
datanode_3  | 2019-10-18 19:06:06,667 INFO impl.RoleInfo: 0025b691-f751-4cd6-a6ee-a18577602660: start FollowerState
datanode_1  | 2019-10-18 19:06:06,045 INFO server.RaftServerConfigKeys: raft.server.snapshot.auto.trigger.enabled = true (custom)
scm_1       | 2019-10-18 19:06:01,644 INFO handler.ContextHandler: Started o.e.j.s.ServletContextHandler@6293e39e{/logs,file:///var/log/hadoop/,AVAILABLE}
om_1        | 2019-10-18 19:06:05,699 INFO http.HttpServer2: Added filter static_user_filter (class=org.apache.hadoop.http.lib.StaticUserWebFilter$StaticUserFilter) to context ozoneManager
datanode_2  | 2019-10-18 19:06:07,124 INFO segmented.SegmentedRaftLogWorker: new 79240d91-77df-4f3e-9191-e31e068b6b4a@group-B2E814827821-SegmentedRaftLogWorker for RaftStorage:Storage Directory /data/metadata/ratis/5016b7cd-4c99-4f06-8549-b2e814827821
datanode_3  | 2019-10-18 19:06:06,670 INFO util.JmxRegister: Successfully registered JMX Bean with object name Ratis:service=RaftServer,group=group-D8D6A3EDC488,id=0025b691-f751-4cd6-a6ee-a18577602660
datanode_1  | 2019-10-18 19:06:06,046 INFO server.RaftServerConfigKeys: raft.server.snapshot.auto.trigger.threshold = 10000 (custom)
scm_1       | 2019-10-18 19:06:01,645 INFO handler.ContextHandler: Started o.e.j.s.ServletContextHandler@29a69a35{/static,jar:file:/opt/hadoop/share/ozone/lib/hadoop-hdds-server-scm-0.5.0-SNAPSHOT.jar!/webapps/static,AVAILABLE}
om_1        | 2019-10-18 19:06:05,699 INFO http.HttpServer2: Added filter static_user_filter (class=org.apache.hadoop.http.lib.StaticUserWebFilter$StaticUserFilter) to context logs
datanode_2  | 2019-10-18 19:06:07,124 INFO server.RaftServerConfigKeys: raft.server.log.queue.byte-limit = 2147483647 (custom)
datanode_3  | 2019-10-18 19:06:06,761 INFO impl.FollowerState: 0025b691-f751-4cd6-a6ee-a18577602660@group-D8D6A3EDC488-FollowerState: change to CANDIDATE, lastRpcTime:93ms, electionTimeout:93ms
datanode_1  | 2019-10-18 19:06:06,046 INFO server.RaftServerConfigKeys: raft.server.snapshot.retention.file.num = 5 (custom)
scm_1       | 2019-10-18 19:06:01,715 INFO handler.ContextHandler: Started o.e.j.w.WebAppContext@5633ed82{/,file:///tmp/jetty-0.0.0.0-9876-scm-_-any-14910431672465224482.dir/webapp/,AVAILABLE}{/scm}
om_1        | 2019-10-18 19:06:05,699 INFO http.HttpServer2: Added filter static_user_filter (class=org.apache.hadoop.http.lib.StaticUserWebFilter$StaticUserFilter) to context static
datanode_3  | 2019-10-18 19:06:06,763 INFO impl.RoleInfo: 0025b691-f751-4cd6-a6ee-a18577602660: shutdown FollowerState
datanode_1  | 2019-10-18 19:06:06,046 INFO server.RaftServerConfigKeys: raft.server.retrycache.expirytime = 600000ms (custom)
datanode_2  | 2019-10-18 19:06:07,125 INFO server.RaftServerConfigKeys: raft.server.log.queue.element-limit = 1024 (custom)
scm_1       | 2019-10-18 19:06:01,720 INFO server.AbstractConnector: Started ServerConnector@5c77ba8f{HTTP/1.1,[http/1.1]}{0.0.0.0:9876}
om_1        | 2019-10-18 19:06:05,722 WARN server.BaseHttpServer: /prof java profiling servlet is activated. Not safe for production!
datanode_3  | 2019-10-18 19:06:06,763 INFO impl.RaftServerImpl: 0025b691-f751-4cd6-a6ee-a18577602660@group-D8D6A3EDC488: changes role from  FOLLOWER to CANDIDATE at term 0 for changeToCandidate
datanode_1  | 2019-10-18 19:06:06,072 INFO impl.RaftServerImpl: bd7295bc-6fd8-4285-8bc6-e2b45d996dfe@group-C68895B32EFF: start as a follower, conf=-1: [bd7295bc-6fd8-4285-8bc6-e2b45d996dfe:172.18.0.7:9858], old=null
datanode_2  | 2019-10-18 19:06:07,125 INFO server.RaftServerConfigKeys: raft.server.log.segment.size.max = 1048576 (custom)
scm_1       | 2019-10-18 19:06:01,720 INFO server.Server: Started @3367ms
datanode_3  | 2019-10-18 19:06:06,766 INFO impl.RoleInfo: 0025b691-f751-4cd6-a6ee-a18577602660: start LeaderElection
om_1        | 2019-10-18 19:06:05,725 INFO http.HttpServer2: Jetty bound to port 9874
datanode_2  | 2019-10-18 19:06:07,126 INFO server.RaftServerConfigKeys: raft.server.log.preallocated.size = 16384 (custom)
scm_1       | 2019-10-18 19:06:01,723 INFO impl.MetricsSinkAdapter: Sink prometheus started
datanode_1  | 2019-10-18 19:06:06,073 INFO impl.RaftServerImpl: bd7295bc-6fd8-4285-8bc6-e2b45d996dfe@group-C68895B32EFF: changes role from      null to FOLLOWER at term 0 for startAsFollower
datanode_3  | 2019-10-18 19:06:06,796 INFO impl.LeaderElection: 0025b691-f751-4cd6-a6ee-a18577602660@group-D8D6A3EDC488-LeaderElection1: begin an election at term 1 for -1: [0025b691-f751-4cd6-a6ee-a18577602660:172.18.0.6:9858], old=null
om_1        | 2019-10-18 19:06:05,726 INFO server.Server: jetty-9.3.25.v20180904, build timestamp: 2018-09-04T21:11:46Z, git hash: 3ce520221d0240229c862b122d2b06c12a625732
scm_1       | 2019-10-18 19:06:01,723 INFO impl.MetricsSystemImpl: Registered sink prometheus
datanode_2  | 2019-10-18 19:06:07,126 INFO server.RaftServerConfigKeys: raft.server.log.write.buffer.size = 33554432 (custom)
datanode_1  | 2019-10-18 19:06:06,074 INFO impl.RoleInfo: bd7295bc-6fd8-4285-8bc6-e2b45d996dfe: start FollowerState
datanode_3  | 2019-10-18 19:06:06,797 INFO impl.RoleInfo: 0025b691-f751-4cd6-a6ee-a18577602660: shutdown LeaderElection
om_1        | 2019-10-18 19:06:05,754 INFO handler.ContextHandler: Started o.e.j.s.ServletContextHandler@169268a7{/logs,file:///var/log/hadoop/,AVAILABLE}
scm_1       | 2019-10-18 19:06:01,725 INFO server.BaseHttpServer: HTTP server of SCM is listening at http://0.0.0.0:9876
datanode_2  | 2019-10-18 19:06:07,126 INFO server.RaftServerConfigKeys: raft.server.log.force.sync.num = 128 (default)
datanode_1  | 2019-10-18 19:06:06,077 INFO util.JmxRegister: Successfully registered JMX Bean with object name Ratis:service=RaftServer,group=group-C68895B32EFF,id=bd7295bc-6fd8-4285-8bc6-e2b45d996dfe
datanode_3  | 2019-10-18 19:06:06,798 INFO impl.RaftServerImpl: 0025b691-f751-4cd6-a6ee-a18577602660@group-D8D6A3EDC488: changes role from CANDIDATE to LEADER at term 1 for changeToLeader
om_1        | 2019-10-18 19:06:05,755 INFO handler.ContextHandler: Started o.e.j.s.ServletContextHandler@313f8301{/static,jar:file:/opt/hadoop/share/ozone/lib/hadoop-ozone-ozone-manager-0.5.0-SNAPSHOT.jar!/webapps/static,AVAILABLE}
datanode_2  | 2019-10-18 19:06:07,127 INFO server.RaftServerConfigKeys: raft.server.log.statemachine.data.sync = true (default)
scm_1       | 2019-10-18 19:06:01,735 INFO util.JvmPauseMonitor: Starting JVM pause monitor
datanode_1  | 2019-10-18 19:06:06,234 INFO impl.FollowerState: bd7295bc-6fd8-4285-8bc6-e2b45d996dfe@group-C68895B32EFF-FollowerState: change to CANDIDATE, lastRpcTime:160ms, electionTimeout:160ms
datanode_3  | 2019-10-18 19:06:06,798 INFO impl.RaftServerImpl: 0025b691-f751-4cd6-a6ee-a18577602660@group-D8D6A3EDC488: change Leader from null to 0025b691-f751-4cd6-a6ee-a18577602660 at term 1 for becomeLeader, leader elected after 245ms
om_1        | 2019-10-18 19:06:05,858 INFO handler.ContextHandler: Started o.e.j.w.WebAppContext@66933239{/,file:///tmp/jetty-0.0.0.0-9874-ozoneManager-_-any-6192134786152446065.dir/webapp/,AVAILABLE}{/ozoneManager}
datanode_2  | 2019-10-18 19:06:07,127 INFO server.RaftServerConfigKeys: raft.server.log.statemachine.data.sync.timeout = 10s (default)
scm_1       | 2019-10-18 19:06:04,945 INFO net.NetworkTopology: Added a new node: /default-rack/bd7295bc-6fd8-4285-8bc6-e2b45d996dfe
datanode_1  | 2019-10-18 19:06:06,239 INFO impl.RoleInfo: bd7295bc-6fd8-4285-8bc6-e2b45d996dfe: shutdown FollowerState
datanode_3  | 2019-10-18 19:06:06,801 INFO server.RaftServerConfigKeys: raft.server.staging.catchup.gap = 1000 (default)
om_1        | 2019-10-18 19:06:05,865 INFO server.AbstractConnector: Started ServerConnector@4a901445{HTTP/1.1,[http/1.1]}{0.0.0.0:9874}
datanode_2  | 2019-10-18 19:06:07,128 INFO server.RaftServerConfigKeys: raft.server.log.statemachine.data.sync.timeout.retry = -1 (default)
scm_1       | 2019-10-18 19:06:04,945 INFO node.SCMNodeManager: Registered Data node : bd7295bc-6fd8-4285-8bc6-e2b45d996dfe{ip: 172.18.0.7, host: ozone-recon_datanode_1.ozone-recon_default, networkLocation: /default-rack, certSerialId: null}
datanode_1  | 2019-10-18 19:06:06,239 INFO impl.RaftServerImpl: bd7295bc-6fd8-4285-8bc6-e2b45d996dfe@group-C68895B32EFF: changes role from  FOLLOWER to CANDIDATE at term 0 for changeToCandidate
datanode_3  | 2019-10-18 19:06:06,801 INFO server.RaftServerConfigKeys: raft.server.rpc.sleep.time = 25ms (default)
om_1        | 2019-10-18 19:06:05,865 INFO server.Server: Started @3679ms
datanode_2  | 2019-10-18 19:06:07,139 INFO server.RaftServerConfigKeys: raft.server.log.statemachine.data.caching.enabled = true (custom)
scm_1       | 2019-10-18 19:06:04,950 INFO safemode.SCMSafeModeManager: SCM in safe mode. 1 DataNodes registered, 1 required.
datanode_1  | 2019-10-18 19:06:06,243 INFO impl.RoleInfo: bd7295bc-6fd8-4285-8bc6-e2b45d996dfe: start LeaderElection
datanode_3  | 2019-10-18 19:06:06,804 INFO server.RaftServerConfigKeys: raft.server.write.element-limit = 4096 (default)
om_1        | 2019-10-18 19:06:05,868 INFO impl.MetricsSinkAdapter: Sink prometheus started
datanode_2  | 2019-10-18 19:06:07,144 INFO segmented.SegmentedRaftLogWorker: 79240d91-77df-4f3e-9191-e31e068b6b4a@group-B2E814827821-SegmentedRaftLogWorker: flushIndex: setUnconditionally 0 -> -1
scm_1       | 2019-10-18 19:06:04,951 INFO safemode.SCMSafeModeManager: ScmSafeModeManager, all rules are successfully validated
datanode_1  | 2019-10-18 19:06:06,270 INFO impl.LeaderElection: bd7295bc-6fd8-4285-8bc6-e2b45d996dfe@group-C68895B32EFF-LeaderElection1: begin an election at term 1 for -1: [bd7295bc-6fd8-4285-8bc6-e2b45d996dfe:172.18.0.7:9858], old=null
datanode_3  | 2019-10-18 19:06:06,808 INFO server.RaftServerConfigKeys: raft.server.watch.timeout = 10s (default)
om_1        | 2019-10-18 19:06:05,868 INFO impl.MetricsSystemImpl: Registered sink prometheus
datanode_2  | 2019-10-18 19:06:07,149 INFO server.RaftServerConfigKeys: raft.server.snapshot.auto.trigger.enabled = true (custom)
scm_1       | 2019-10-18 19:06:04,951 INFO safemode.SCMSafeModeManager: SCM exiting safe mode.
datanode_1  | 2019-10-18 19:06:06,272 INFO impl.RoleInfo: bd7295bc-6fd8-4285-8bc6-e2b45d996dfe: shutdown LeaderElection
datanode_3  | 2019-10-18 19:06:06,808 INFO server.RaftServerConfigKeys: raft.server.watch.timeout.denomination = 1s (default)
om_1        | 2019-10-18 19:06:05,870 INFO server.BaseHttpServer: HTTP server of OZONEMANAGER is listening at http://0.0.0.0:9874
datanode_2  | 2019-10-18 19:06:07,150 INFO server.RaftServerConfigKeys: raft.server.snapshot.auto.trigger.threshold = 10000 (custom)
scm_1       | 2019-10-18 19:06:05,018 INFO net.NetworkTopology: Added a new node: /default-rack/0025b691-f751-4cd6-a6ee-a18577602660
datanode_1  | 2019-10-18 19:06:06,273 INFO impl.RaftServerImpl: bd7295bc-6fd8-4285-8bc6-e2b45d996dfe@group-C68895B32EFF: changes role from CANDIDATE to LEADER at term 1 for changeToLeader
datanode_3  | 2019-10-18 19:06:06,809 INFO server.RaftServerConfigKeys: raft.server.watch.element-limit = 65536 (default)
om_1        | 2019-10-18 19:06:20,038 [IPC Server handler 0 on 9862] INFO       - created volume:vol-0-94846 for user:hadoop
datanode_2  | 2019-10-18 19:06:07,150 INFO server.RaftServerConfigKeys: raft.server.snapshot.retention.file.num = 5 (custom)
datanode_1  | 2019-10-18 19:06:06,273 INFO impl.RaftServerImpl: bd7295bc-6fd8-4285-8bc6-e2b45d996dfe@group-C68895B32EFF: change Leader from null to bd7295bc-6fd8-4285-8bc6-e2b45d996dfe at term 1 for becomeLeader, leader elected after 303ms
scm_1       | 2019-10-18 19:06:05,018 INFO node.SCMNodeManager: Registered Data node : 0025b691-f751-4cd6-a6ee-a18577602660{ip: 172.18.0.6, host: ozone-recon_datanode_3.ozone-recon_default, networkLocation: /default-rack, certSerialId: null}
datanode_3  | 2019-10-18 19:06:06,823 INFO impl.RoleInfo: 0025b691-f751-4cd6-a6ee-a18577602660: start LeaderState
om_1        | 2019-10-18 19:06:20,060 [IPC Server handler 1 on 9862] INFO       - created volume:vol-1-95514 for user:hadoop
datanode_2  | 2019-10-18 19:06:07,151 INFO server.RaftServerConfigKeys: raft.server.retrycache.expirytime = 600000ms (custom)
datanode_1  | 2019-10-18 19:06:06,276 INFO server.RaftServerConfigKeys: raft.server.staging.catchup.gap = 1000 (default)
scm_1       | 2019-10-18 19:06:05,081 INFO net.NetworkTopology: Added a new node: /default-rack/79240d91-77df-4f3e-9191-e31e068b6b4a
datanode_3  | 2019-10-18 19:06:06,845 INFO segmented.SegmentedRaftLogWorker: 0025b691-f751-4cd6-a6ee-a18577602660@group-D8D6A3EDC488-SegmentedRaftLogWorker: Starting segment from index:0
om_1        | 2019-10-18 19:06:20,068 [IPC Server handler 7 on 9862] INFO       - created volume:vol-2-77398 for user:hadoop
datanode_2  | 2019-10-18 19:06:07,181 INFO impl.RaftServerImpl: 79240d91-77df-4f3e-9191-e31e068b6b4a@group-B2E814827821: start as a follower, conf=-1: [79240d91-77df-4f3e-9191-e31e068b6b4a:172.18.0.5:9858], old=null
datanode_1  | 2019-10-18 19:06:06,276 INFO server.RaftServerConfigKeys: raft.server.rpc.sleep.time = 25ms (default)
scm_1       | 2019-10-18 19:06:05,082 INFO node.SCMNodeManager: Registered Data node : 79240d91-77df-4f3e-9191-e31e068b6b4a{ip: 172.18.0.5, host: ozone-recon_datanode_2.ozone-recon_default, networkLocation: /default-rack, certSerialId: null}
datanode_3  | 2019-10-18 19:06:06,866 INFO impl.RaftServerImpl: 0025b691-f751-4cd6-a6ee-a18577602660@group-D8D6A3EDC488: set configuration 0: [0025b691-f751-4cd6-a6ee-a18577602660:172.18.0.6:9858], old=null at 0
datanode_2  | 2019-10-18 19:06:07,183 INFO impl.RaftServerImpl: 79240d91-77df-4f3e-9191-e31e068b6b4a@group-B2E814827821: changes role from      null to FOLLOWER at term 0 for startAsFollower
om_1        | 2019-10-18 19:06:20,078 [IPC Server handler 6 on 9862] INFO       - created volume:vol-3-23412 for user:hadoop
scm_1       | WARNING: An illegal reflective access operation has occurred
datanode_1  | 2019-10-18 19:06:06,279 INFO server.RaftServerConfigKeys: raft.server.write.element-limit = 4096 (default)
datanode_3  | 2019-10-18 19:06:06,971 INFO segmented.SegmentedRaftLogWorker: 0025b691-f751-4cd6-a6ee-a18577602660@group-D8D6A3EDC488-SegmentedRaftLogWorker: created new log segment /data/metadata/ratis/09e36bab-2875-4def-a33a-d8d6a3edc488/current/log_inprogress_0
datanode_2  | 2019-10-18 19:06:07,184 INFO impl.RoleInfo: 79240d91-77df-4f3e-9191-e31e068b6b4a: start FollowerState
scm_1       | WARNING: Illegal reflective access by org.apache.ratis.thirdparty.com.google.protobuf.UnsafeUtil (file:/opt/hadoop/share/ozone/lib/ratis-thirdparty-misc-0.2.0.jar) to field java.nio.Buffer.address
om_1        | 2019-10-18 19:06:20,085 [IPC Server handler 8 on 9862] INFO       - created volume:vol-4-08281 for user:hadoop
datanode_1  | 2019-10-18 19:06:06,282 INFO server.RaftServerConfigKeys: raft.server.watch.timeout = 10s (default)
datanode_3  | 2019-10-18 19:06:07,273 INFO impl.RaftServerProxy: 0025b691-f751-4cd6-a6ee-a18577602660: addNew group-9BAE5A157650:[0025b691-f751-4cd6-a6ee-a18577602660:172.18.0.6:9858, bd7295bc-6fd8-4285-8bc6-e2b45d996dfe:172.18.0.7:9858, 79240d91-77df-4f3e-9191-e31e068b6b4a:172.18.0.5:9858] returns group-9BAE5A157650:java.util.concurrent.CompletableFuture@126dcf7e[Not completed]
datanode_2  | 2019-10-18 19:06:07,188 INFO util.JmxRegister: Successfully registered JMX Bean with object name Ratis:service=RaftServer,group=group-B2E814827821,id=79240d91-77df-4f3e-9191-e31e068b6b4a
scm_1       | WARNING: Please consider reporting this to the maintainers of org.apache.ratis.thirdparty.com.google.protobuf.UnsafeUtil
datanode_1  | 2019-10-18 19:06:06,282 INFO server.RaftServerConfigKeys: raft.server.watch.timeout.denomination = 1s (default)
datanode_3  | 2019-10-18 19:06:07,277 INFO impl.RaftServerImpl: 0025b691-f751-4cd6-a6ee-a18577602660: new RaftServerImpl for group-9BAE5A157650:[0025b691-f751-4cd6-a6ee-a18577602660:172.18.0.6:9858, bd7295bc-6fd8-4285-8bc6-e2b45d996dfe:172.18.0.7:9858, 79240d91-77df-4f3e-9191-e31e068b6b4a:172.18.0.5:9858] with ContainerStateMachine:uninitialized
datanode_2  | 2019-10-18 19:06:07,226 INFO impl.FollowerState: 79240d91-77df-4f3e-9191-e31e068b6b4a@group-B2E814827821-FollowerState: change to CANDIDATE, lastRpcTime:42ms, electionTimeout:41ms
scm_1       | WARNING: Use --illegal-access=warn to enable warnings of further illegal reflective access operations
datanode_1  | 2019-10-18 19:06:06,283 INFO server.RaftServerConfigKeys: raft.server.watch.element-limit = 65536 (default)
datanode_3  | 2019-10-18 19:06:07,277 INFO server.RaftServerConfigKeys: raft.server.rpc.timeout.min = 5s (custom)
datanode_2  | 2019-10-18 19:06:07,236 INFO impl.RoleInfo: 79240d91-77df-4f3e-9191-e31e068b6b4a: shutdown FollowerState
scm_1       | WARNING: All illegal access operations will be denied in a future release
datanode_3  | 2019-10-18 19:06:07,277 INFO server.RaftServerConfigKeys: raft.server.rpc.timeout.max = 5200ms (custom)
datanode_1  | 2019-10-18 19:06:06,297 INFO impl.RoleInfo: bd7295bc-6fd8-4285-8bc6-e2b45d996dfe: start LeaderState
datanode_2  | 2019-10-18 19:06:07,237 INFO impl.RaftServerImpl: 79240d91-77df-4f3e-9191-e31e068b6b4a@group-B2E814827821: changes role from  FOLLOWER to CANDIDATE at term 0 for changeToCandidate
scm_1       | 2019-10-18 19:06:06,166 INFO pipeline.PipelineStateManager: Created pipeline Pipeline[ Id: 2b75e721-d2cd-40af-89b5-c68895b32eff, Nodes: bd7295bc-6fd8-4285-8bc6-e2b45d996dfe{ip: 172.18.0.7, host: ozone-recon_datanode_1.ozone-recon_default, networkLocation: /default-rack, certSerialId: null}, Type:RATIS, Factor:ONE, State:OPEN]
datanode_3  | 2019-10-18 19:06:07,278 INFO server.RaftServerConfigKeys: raft.server.rpcslowness.timeout = 120s (custom)
datanode_1  | 2019-10-18 19:06:06,320 INFO segmented.SegmentedRaftLogWorker: bd7295bc-6fd8-4285-8bc6-e2b45d996dfe@group-C68895B32EFF-SegmentedRaftLogWorker: Starting segment from index:0
datanode_2  | 2019-10-18 19:06:07,240 INFO impl.RoleInfo: 79240d91-77df-4f3e-9191-e31e068b6b4a: start LeaderElection
scm_1       | 2019-10-18 19:06:06,728 INFO pipeline.PipelineStateManager: Created pipeline Pipeline[ Id: 09e36bab-2875-4def-a33a-d8d6a3edc488, Nodes: 0025b691-f751-4cd6-a6ee-a18577602660{ip: 172.18.0.6, host: ozone-recon_datanode_3.ozone-recon_default, networkLocation: /default-rack, certSerialId: null}, Type:RATIS, Factor:ONE, State:OPEN]
datanode_1  | 2019-10-18 19:06:06,329 INFO impl.RaftServerImpl: bd7295bc-6fd8-4285-8bc6-e2b45d996dfe@group-C68895B32EFF: set configuration 0: [bd7295bc-6fd8-4285-8bc6-e2b45d996dfe:172.18.0.7:9858], old=null at 0
datanode_2  | 2019-10-18 19:06:07,266 INFO impl.LeaderElection: 79240d91-77df-4f3e-9191-e31e068b6b4a@group-B2E814827821-LeaderElection1: begin an election at term 1 for -1: [79240d91-77df-4f3e-9191-e31e068b6b4a:172.18.0.5:9858], old=null
datanode_3  | 2019-10-18 19:06:07,278 INFO server.RaftServerConfigKeys: raft.server.sleep.deviation.threshold = 300 (default)
scm_1       | 2019-10-18 19:06:07,246 INFO pipeline.PipelineStateManager: Created pipeline Pipeline[ Id: 5016b7cd-4c99-4f06-8549-b2e814827821, Nodes: 79240d91-77df-4f3e-9191-e31e068b6b4a{ip: 172.18.0.5, host: ozone-recon_datanode_2.ozone-recon_default, networkLocation: /default-rack, certSerialId: null}, Type:RATIS, Factor:ONE, State:OPEN]
datanode_1  | 2019-10-18 19:06:06,428 INFO segmented.SegmentedRaftLogWorker: bd7295bc-6fd8-4285-8bc6-e2b45d996dfe@group-C68895B32EFF-SegmentedRaftLogWorker: created new log segment /data/metadata/ratis/2b75e721-d2cd-40af-89b5-c68895b32eff/current/log_inprogress_0
datanode_2  | 2019-10-18 19:06:07,267 INFO impl.RoleInfo: 79240d91-77df-4f3e-9191-e31e068b6b4a: shutdown LeaderElection
datanode_3  | 2019-10-18 19:06:07,278 INFO server.RaftServerConfigKeys: raft.server.log.appender.install.snapshot.enabled = false (custom)
scm_1       | 2019-10-18 19:06:07,382 INFO pipeline.PipelineStateManager: Created pipeline Pipeline[ Id: eb58540e-cd1b-4360-8d8f-9bae5a157650, Nodes: bd7295bc-6fd8-4285-8bc6-e2b45d996dfe{ip: 172.18.0.7, host: ozone-recon_datanode_1.ozone-recon_default, networkLocation: /default-rack, certSerialId: null}0025b691-f751-4cd6-a6ee-a18577602660{ip: 172.18.0.6, host: ozone-recon_datanode_3.ozone-recon_default, networkLocation: /default-rack, certSerialId: null}79240d91-77df-4f3e-9191-e31e068b6b4a{ip: 172.18.0.5, host: ozone-recon_datanode_2.ozone-recon_default, networkLocation: /default-rack, certSerialId: null}, Type:RATIS, Factor:THREE, State:OPEN]
datanode_1  | 2019-10-18 19:06:07,301 INFO impl.RaftServerProxy: bd7295bc-6fd8-4285-8bc6-e2b45d996dfe: addNew group-9BAE5A157650:[0025b691-f751-4cd6-a6ee-a18577602660:172.18.0.6:9858, bd7295bc-6fd8-4285-8bc6-e2b45d996dfe:172.18.0.7:9858, 79240d91-77df-4f3e-9191-e31e068b6b4a:172.18.0.5:9858] returns group-9BAE5A157650:java.util.concurrent.CompletableFuture@7accf109[Not completed]
datanode_2  | 2019-10-18 19:06:07,269 INFO impl.RaftServerImpl: 79240d91-77df-4f3e-9191-e31e068b6b4a@group-B2E814827821: changes role from CANDIDATE to LEADER at term 1 for changeToLeader
datanode_3  | 2019-10-18 19:06:07,278 INFO impl.RaftServerImpl: 0025b691-f751-4cd6-a6ee-a18577602660@group-9BAE5A157650: ConfigurationManager, init=-1: [0025b691-f751-4cd6-a6ee-a18577602660:172.18.0.6:9858, bd7295bc-6fd8-4285-8bc6-e2b45d996dfe:172.18.0.7:9858, 79240d91-77df-4f3e-9191-e31e068b6b4a:172.18.0.5:9858], old=null, confs=<EMPTY_MAP>
scm_1       | 2019-10-18 19:06:20,312 INFO pipeline.PipelineStateManager: Created pipeline Pipeline[ Id: 10aa616c-51dd-4ccc-a681-3ae6de6c4f96, Nodes: bd7295bc-6fd8-4285-8bc6-e2b45d996dfe{ip: 172.18.0.7, host: ozone-recon_datanode_1.ozone-recon_default, networkLocation: /default-rack, certSerialId: null}, Type:STAND_ALONE, Factor:ONE, State:OPEN]
datanode_1  | 2019-10-18 19:06:07,303 INFO impl.RaftServerImpl: bd7295bc-6fd8-4285-8bc6-e2b45d996dfe: new RaftServerImpl for group-9BAE5A157650:[0025b691-f751-4cd6-a6ee-a18577602660:172.18.0.6:9858, bd7295bc-6fd8-4285-8bc6-e2b45d996dfe:172.18.0.7:9858, 79240d91-77df-4f3e-9191-e31e068b6b4a:172.18.0.5:9858] with ContainerStateMachine:uninitialized
datanode_2  | 2019-10-18 19:06:07,269 INFO impl.RaftServerImpl: 79240d91-77df-4f3e-9191-e31e068b6b4a@group-B2E814827821: change Leader from null to 79240d91-77df-4f3e-9191-e31e068b6b4a at term 1 for becomeLeader, leader elected after 201ms
datanode_3  | 2019-10-18 19:06:07,278 INFO server.RaftServerConfigKeys: raft.server.storage.dir = [/data/metadata/ratis] (custom)
datanode_1  | 2019-10-18 19:06:07,303 INFO server.RaftServerConfigKeys: raft.server.rpc.timeout.min = 5s (custom)
datanode_2  | 2019-10-18 19:06:07,274 INFO server.RaftServerConfigKeys: raft.server.staging.catchup.gap = 1000 (default)
datanode_3  | 2019-10-18 19:06:07,279 INFO server.RaftServerConfigKeys: raft.server.log.corruption.policy = EXCEPTION (default)
datanode_1  | 2019-10-18 19:06:07,303 INFO server.RaftServerConfigKeys: raft.server.rpc.timeout.max = 5200ms (custom)
datanode_2  | 2019-10-18 19:06:07,274 INFO server.RaftServerConfigKeys: raft.server.rpc.sleep.time = 25ms (default)
datanode_3  | 2019-10-18 19:06:07,279 INFO storage.RaftStorageDirectory: The storage directory /data/metadata/ratis/eb58540e-cd1b-4360-8d8f-9bae5a157650 does not exist. Creating ...
datanode_2  | 2019-10-18 19:06:07,277 INFO server.RaftServerConfigKeys: raft.server.write.element-limit = 4096 (default)
datanode_1  | 2019-10-18 19:06:07,304 INFO server.RaftServerConfigKeys: raft.server.rpcslowness.timeout = 120s (custom)
datanode_3  | 2019-10-18 19:06:07,309 INFO storage.RaftStorageDirectory: Lock on /data/metadata/ratis/eb58540e-cd1b-4360-8d8f-9bae5a157650/in_use.lock acquired by nodename 7@eba7111492fc
datanode_2  | 2019-10-18 19:06:07,286 INFO server.RaftServerConfigKeys: raft.server.watch.timeout = 10s (default)
datanode_3  | 2019-10-18 19:06:07,334 INFO storage.RaftStorage: Storage directory /data/metadata/ratis/eb58540e-cd1b-4360-8d8f-9bae5a157650 has been successfully formatted.
datanode_1  | 2019-10-18 19:06:07,304 INFO server.RaftServerConfigKeys: raft.server.sleep.deviation.threshold = 300 (default)
datanode_2  | 2019-10-18 19:06:07,286 INFO server.RaftServerConfigKeys: raft.server.watch.timeout.denomination = 1s (default)
datanode_3  | 2019-10-18 19:06:07,335 [pool-8-thread-1] INFO       - group-9BAE5A157650: The snapshot info is null. Setting the last applied indexto:(t:0, i:~)
datanode_1  | 2019-10-18 19:06:07,304 INFO server.RaftServerConfigKeys: raft.server.log.appender.install.snapshot.enabled = false (custom)
datanode_2  | 2019-10-18 19:06:07,287 INFO server.RaftServerConfigKeys: raft.server.watch.element-limit = 65536 (default)
datanode_3  | 2019-10-18 19:06:07,335 INFO server.RaftServerConfigKeys: raft.server.notification.no-leader.timeout = 120s (custom)
datanode_3  | 2019-10-18 19:06:07,335 INFO server.RaftServerConfigKeys: raft.server.log.use.memory = false (default)
datanode_3  | 2019-10-18 19:06:07,336 INFO server.RaftServerConfigKeys: raft.server.log.purge.gap = 1000000 (custom)
datanode_3  | 2019-10-18 19:06:07,336 INFO server.RaftServerConfigKeys: raft.server.log.appender.buffer.byte-limit = 33554432 (custom)
datanode_2  | 2019-10-18 19:06:07,302 INFO impl.RaftServerProxy: 79240d91-77df-4f3e-9191-e31e068b6b4a: addNew group-9BAE5A157650:[0025b691-f751-4cd6-a6ee-a18577602660:172.18.0.6:9858, bd7295bc-6fd8-4285-8bc6-e2b45d996dfe:172.18.0.7:9858, 79240d91-77df-4f3e-9191-e31e068b6b4a:172.18.0.5:9858] returns group-9BAE5A157650:java.util.concurrent.CompletableFuture@3c9b202c[Not completed]
datanode_1  | 2019-10-18 19:06:07,304 INFO impl.RaftServerImpl: bd7295bc-6fd8-4285-8bc6-e2b45d996dfe@group-9BAE5A157650: ConfigurationManager, init=-1: [0025b691-f751-4cd6-a6ee-a18577602660:172.18.0.6:9858, bd7295bc-6fd8-4285-8bc6-e2b45d996dfe:172.18.0.7:9858, 79240d91-77df-4f3e-9191-e31e068b6b4a:172.18.0.5:9858], old=null, confs=<EMPTY_MAP>
datanode_3  | 2019-10-18 19:06:07,336 INFO server.RaftServerConfigKeys: raft.server.log.segment.size.max = 1048576 (custom)
datanode_2  | 2019-10-18 19:06:07,307 INFO impl.RaftServerImpl: 79240d91-77df-4f3e-9191-e31e068b6b4a: new RaftServerImpl for group-9BAE5A157650:[0025b691-f751-4cd6-a6ee-a18577602660:172.18.0.6:9858, bd7295bc-6fd8-4285-8bc6-e2b45d996dfe:172.18.0.7:9858, 79240d91-77df-4f3e-9191-e31e068b6b4a:172.18.0.5:9858] with ContainerStateMachine:uninitialized
datanode_1  | 2019-10-18 19:06:07,304 INFO server.RaftServerConfigKeys: raft.server.storage.dir = [/data/metadata/ratis] (custom)
datanode_3  | 2019-10-18 19:06:07,336 INFO server.RaftServerConfigKeys: raft.server.log.segment.cache.num.max = 2 (custom)
datanode_2  | 2019-10-18 19:06:07,307 INFO server.RaftServerConfigKeys: raft.server.rpc.timeout.min = 5s (custom)
datanode_1  | 2019-10-18 19:06:07,305 INFO server.RaftServerConfigKeys: raft.server.log.corruption.policy = EXCEPTION (default)
datanode_3  | 2019-10-18 19:06:07,336 INFO segmented.SegmentedRaftLogWorker: new 0025b691-f751-4cd6-a6ee-a18577602660@group-9BAE5A157650-SegmentedRaftLogWorker for RaftStorage:Storage Directory /data/metadata/ratis/eb58540e-cd1b-4360-8d8f-9bae5a157650
datanode_2  | 2019-10-18 19:06:07,307 INFO server.RaftServerConfigKeys: raft.server.rpc.timeout.max = 5200ms (custom)
datanode_1  | 2019-10-18 19:06:07,305 INFO storage.RaftStorageDirectory: The storage directory /data/metadata/ratis/eb58540e-cd1b-4360-8d8f-9bae5a157650 does not exist. Creating ...
datanode_3  | 2019-10-18 19:06:07,336 INFO server.RaftServerConfigKeys: raft.server.log.queue.byte-limit = 2147483647 (custom)
datanode_2  | 2019-10-18 19:06:07,308 INFO server.RaftServerConfigKeys: raft.server.rpcslowness.timeout = 120s (custom)
datanode_1  | 2019-10-18 19:06:07,334 INFO storage.RaftStorageDirectory: Lock on /data/metadata/ratis/eb58540e-cd1b-4360-8d8f-9bae5a157650/in_use.lock acquired by nodename 7@b5a7e4eb2f01
datanode_3  | 2019-10-18 19:06:07,337 INFO server.RaftServerConfigKeys: raft.server.log.queue.element-limit = 1024 (custom)
datanode_2  | 2019-10-18 19:06:07,308 INFO server.RaftServerConfigKeys: raft.server.sleep.deviation.threshold = 300 (default)
datanode_1  | 2019-10-18 19:06:07,358 INFO storage.RaftStorage: Storage directory /data/metadata/ratis/eb58540e-cd1b-4360-8d8f-9bae5a157650 has been successfully formatted.
datanode_3  | 2019-10-18 19:06:07,337 INFO server.RaftServerConfigKeys: raft.server.log.segment.size.max = 1048576 (custom)
datanode_1  | 2019-10-18 19:06:07,358 [pool-8-thread-1] INFO       - group-9BAE5A157650: The snapshot info is null. Setting the last applied indexto:(t:0, i:~)
datanode_2  | 2019-10-18 19:06:07,308 INFO server.RaftServerConfigKeys: raft.server.log.appender.install.snapshot.enabled = false (custom)
datanode_3  | 2019-10-18 19:06:07,337 INFO server.RaftServerConfigKeys: raft.server.log.preallocated.size = 16384 (custom)
datanode_1  | 2019-10-18 19:06:07,359 INFO server.RaftServerConfigKeys: raft.server.notification.no-leader.timeout = 120s (custom)
datanode_2  | 2019-10-18 19:06:07,308 INFO impl.RaftServerImpl: 79240d91-77df-4f3e-9191-e31e068b6b4a@group-9BAE5A157650: ConfigurationManager, init=-1: [0025b691-f751-4cd6-a6ee-a18577602660:172.18.0.6:9858, bd7295bc-6fd8-4285-8bc6-e2b45d996dfe:172.18.0.7:9858, 79240d91-77df-4f3e-9191-e31e068b6b4a:172.18.0.5:9858], old=null, confs=<EMPTY_MAP>
datanode_3  | 2019-10-18 19:06:07,337 INFO server.RaftServerConfigKeys: raft.server.log.write.buffer.size = 33554432 (custom)
datanode_1  | 2019-10-18 19:06:07,359 INFO server.RaftServerConfigKeys: raft.server.log.use.memory = false (default)
datanode_2  | 2019-10-18 19:06:07,308 INFO server.RaftServerConfigKeys: raft.server.storage.dir = [/data/metadata/ratis] (custom)
datanode_3  | 2019-10-18 19:06:07,337 INFO server.RaftServerConfigKeys: raft.server.log.force.sync.num = 128 (default)
datanode_1  | 2019-10-18 19:06:07,360 INFO server.RaftServerConfigKeys: raft.server.log.purge.gap = 1000000 (custom)
datanode_1  | 2019-10-18 19:06:07,360 INFO server.RaftServerConfigKeys: raft.server.log.appender.buffer.byte-limit = 33554432 (custom)
datanode_3  | 2019-10-18 19:06:07,337 INFO server.RaftServerConfigKeys: raft.server.log.statemachine.data.sync = true (default)
datanode_2  | 2019-10-18 19:06:07,309 INFO server.RaftServerConfigKeys: raft.server.log.corruption.policy = EXCEPTION (default)
datanode_3  | 2019-10-18 19:06:07,337 INFO server.RaftServerConfigKeys: raft.server.log.statemachine.data.sync.timeout = 10s (default)
datanode_1  | 2019-10-18 19:06:07,360 INFO server.RaftServerConfigKeys: raft.server.log.segment.size.max = 1048576 (custom)
datanode_2  | 2019-10-18 19:06:07,309 INFO storage.RaftStorageDirectory: The storage directory /data/metadata/ratis/eb58540e-cd1b-4360-8d8f-9bae5a157650 does not exist. Creating ...
datanode_3  | 2019-10-18 19:06:07,337 INFO server.RaftServerConfigKeys: raft.server.log.statemachine.data.sync.timeout.retry = -1 (default)
datanode_1  | 2019-10-18 19:06:07,360 INFO server.RaftServerConfigKeys: raft.server.log.segment.cache.num.max = 2 (custom)
datanode_2  | 2019-10-18 19:06:07,309 INFO impl.RoleInfo: 79240d91-77df-4f3e-9191-e31e068b6b4a: start LeaderState
datanode_3  | 2019-10-18 19:06:07,338 INFO server.RaftServerConfigKeys: raft.server.log.statemachine.data.caching.enabled = true (custom)
datanode_1  | 2019-10-18 19:06:07,361 INFO segmented.SegmentedRaftLogWorker: new bd7295bc-6fd8-4285-8bc6-e2b45d996dfe@group-9BAE5A157650-SegmentedRaftLogWorker for RaftStorage:Storage Directory /data/metadata/ratis/eb58540e-cd1b-4360-8d8f-9bae5a157650
datanode_3  | 2019-10-18 19:06:07,339 INFO segmented.SegmentedRaftLogWorker: 0025b691-f751-4cd6-a6ee-a18577602660@group-9BAE5A157650-SegmentedRaftLogWorker: flushIndex: setUnconditionally 0 -> -1
datanode_1  | 2019-10-18 19:06:07,361 INFO server.RaftServerConfigKeys: raft.server.log.queue.byte-limit = 2147483647 (custom)
datanode_3  | 2019-10-18 19:06:07,339 INFO server.RaftServerConfigKeys: raft.server.snapshot.auto.trigger.enabled = true (custom)
datanode_2  | 2019-10-18 19:06:07,326 INFO segmented.SegmentedRaftLogWorker: 79240d91-77df-4f3e-9191-e31e068b6b4a@group-B2E814827821-SegmentedRaftLogWorker: Starting segment from index:0
datanode_1  | 2019-10-18 19:06:07,361 INFO server.RaftServerConfigKeys: raft.server.log.queue.element-limit = 1024 (custom)
datanode_3  | 2019-10-18 19:06:07,339 INFO server.RaftServerConfigKeys: raft.server.snapshot.auto.trigger.threshold = 10000 (custom)
datanode_2  | 2019-10-18 19:06:07,334 INFO storage.RaftStorageDirectory: Lock on /data/metadata/ratis/eb58540e-cd1b-4360-8d8f-9bae5a157650/in_use.lock acquired by nodename 7@b70085950932
datanode_1  | 2019-10-18 19:06:07,361 INFO server.RaftServerConfigKeys: raft.server.log.segment.size.max = 1048576 (custom)
datanode_3  | 2019-10-18 19:06:07,340 INFO server.RaftServerConfigKeys: raft.server.snapshot.retention.file.num = 5 (custom)
datanode_2  | 2019-10-18 19:06:07,338 INFO impl.RaftServerImpl: 79240d91-77df-4f3e-9191-e31e068b6b4a@group-B2E814827821: set configuration 0: [79240d91-77df-4f3e-9191-e31e068b6b4a:172.18.0.5:9858], old=null at 0
datanode_1  | 2019-10-18 19:06:07,362 INFO server.RaftServerConfigKeys: raft.server.log.preallocated.size = 16384 (custom)
datanode_3  | 2019-10-18 19:06:07,340 INFO server.RaftServerConfigKeys: raft.server.retrycache.expirytime = 600000ms (custom)
datanode_2  | 2019-10-18 19:06:07,358 INFO storage.RaftStorage: Storage directory /data/metadata/ratis/eb58540e-cd1b-4360-8d8f-9bae5a157650 has been successfully formatted.
datanode_1  | 2019-10-18 19:06:07,362 INFO server.RaftServerConfigKeys: raft.server.log.write.buffer.size = 33554432 (custom)
datanode_3  | 2019-10-18 19:06:07,344 INFO impl.RaftServerImpl: 0025b691-f751-4cd6-a6ee-a18577602660@group-9BAE5A157650: start as a follower, conf=-1: [0025b691-f751-4cd6-a6ee-a18577602660:172.18.0.6:9858, bd7295bc-6fd8-4285-8bc6-e2b45d996dfe:172.18.0.7:9858, 79240d91-77df-4f3e-9191-e31e068b6b4a:172.18.0.5:9858], old=null
datanode_2  | 2019-10-18 19:06:07,358 [pool-8-thread-1] INFO       - group-9BAE5A157650: The snapshot info is null. Setting the last applied indexto:(t:0, i:~)
datanode_1  | 2019-10-18 19:06:07,362 INFO server.RaftServerConfigKeys: raft.server.log.force.sync.num = 128 (default)
datanode_3  | 2019-10-18 19:06:07,345 INFO impl.RaftServerImpl: 0025b691-f751-4cd6-a6ee-a18577602660@group-9BAE5A157650: changes role from      null to FOLLOWER at term 0 for startAsFollower
datanode_2  | 2019-10-18 19:06:07,360 INFO server.RaftServerConfigKeys: raft.server.notification.no-leader.timeout = 120s (custom)
datanode_1  | 2019-10-18 19:06:07,362 INFO server.RaftServerConfigKeys: raft.server.log.statemachine.data.sync = true (default)
datanode_3  | 2019-10-18 19:06:07,345 INFO impl.RoleInfo: 0025b691-f751-4cd6-a6ee-a18577602660: start FollowerState
datanode_2  | 2019-10-18 19:06:07,360 INFO server.RaftServerConfigKeys: raft.server.log.use.memory = false (default)
datanode_1  | 2019-10-18 19:06:07,363 INFO server.RaftServerConfigKeys: raft.server.log.statemachine.data.sync.timeout = 10s (default)
datanode_3  | 2019-10-18 19:06:07,345 INFO util.JmxRegister: Successfully registered JMX Bean with object name Ratis:service=RaftServer,group=group-9BAE5A157650,id=0025b691-f751-4cd6-a6ee-a18577602660
datanode_2  | 2019-10-18 19:06:07,360 INFO server.RaftServerConfigKeys: raft.server.log.purge.gap = 1000000 (custom)
datanode_1  | 2019-10-18 19:06:07,363 INFO server.RaftServerConfigKeys: raft.server.log.statemachine.data.sync.timeout.retry = -1 (default)
datanode_3  | 2019-10-18 19:06:07,386 INFO impl.FollowerState: 0025b691-f751-4cd6-a6ee-a18577602660@group-9BAE5A157650-FollowerState: change to CANDIDATE, lastRpcTime:41ms, electionTimeout:41ms
datanode_2  | 2019-10-18 19:06:07,361 INFO server.RaftServerConfigKeys: raft.server.log.appender.buffer.byte-limit = 33554432 (custom)
datanode_1  | 2019-10-18 19:06:07,363 INFO server.RaftServerConfigKeys: raft.server.log.statemachine.data.caching.enabled = true (custom)
datanode_3  | 2019-10-18 19:06:07,387 INFO impl.RoleInfo: 0025b691-f751-4cd6-a6ee-a18577602660: shutdown FollowerState
datanode_2  | 2019-10-18 19:06:07,361 INFO server.RaftServerConfigKeys: raft.server.log.segment.size.max = 1048576 (custom)
datanode_1  | 2019-10-18 19:06:07,364 INFO segmented.SegmentedRaftLogWorker: bd7295bc-6fd8-4285-8bc6-e2b45d996dfe@group-9BAE5A157650-SegmentedRaftLogWorker: flushIndex: setUnconditionally 0 -> -1
datanode_3  | 2019-10-18 19:06:07,387 INFO impl.RaftServerImpl: 0025b691-f751-4cd6-a6ee-a18577602660@group-9BAE5A157650: changes role from  FOLLOWER to CANDIDATE at term 0 for changeToCandidate
datanode_2  | 2019-10-18 19:06:07,361 INFO server.RaftServerConfigKeys: raft.server.log.segment.cache.num.max = 2 (custom)
datanode_1  | 2019-10-18 19:06:07,364 INFO server.RaftServerConfigKeys: raft.server.snapshot.auto.trigger.enabled = true (custom)
datanode_3  | 2019-10-18 19:06:07,387 INFO impl.RoleInfo: 0025b691-f751-4cd6-a6ee-a18577602660: start LeaderElection
datanode_2  | 2019-10-18 19:06:07,362 INFO segmented.SegmentedRaftLogWorker: new 79240d91-77df-4f3e-9191-e31e068b6b4a@group-9BAE5A157650-SegmentedRaftLogWorker for RaftStorage:Storage Directory /data/metadata/ratis/eb58540e-cd1b-4360-8d8f-9bae5a157650
datanode_1  | 2019-10-18 19:06:07,364 INFO server.RaftServerConfigKeys: raft.server.snapshot.auto.trigger.threshold = 10000 (custom)
datanode_3  | 2019-10-18 19:06:07,398 INFO impl.LeaderElection: 0025b691-f751-4cd6-a6ee-a18577602660@group-9BAE5A157650-LeaderElection2: begin an election at term 1 for -1: [0025b691-f751-4cd6-a6ee-a18577602660:172.18.0.6:9858, bd7295bc-6fd8-4285-8bc6-e2b45d996dfe:172.18.0.7:9858, 79240d91-77df-4f3e-9191-e31e068b6b4a:172.18.0.5:9858], old=null
datanode_1  | 2019-10-18 19:06:07,364 INFO server.RaftServerConfigKeys: raft.server.snapshot.retention.file.num = 5 (custom)
datanode_2  | 2019-10-18 19:06:07,362 INFO server.RaftServerConfigKeys: raft.server.log.queue.byte-limit = 2147483647 (custom)
datanode_3  | 2019-10-18 19:06:07,421 INFO impl.LeaderElection: 0025b691-f751-4cd6-a6ee-a18577602660@group-9BAE5A157650-LeaderElection2: Election TIMEOUT; received 0 response(s) [] and 0 exception(s); 0025b691-f751-4cd6-a6ee-a18577602660@group-9BAE5A157650:t1, leader=null, voted=0025b691-f751-4cd6-a6ee-a18577602660, raftlog=0025b691-f751-4cd6-a6ee-a18577602660@group-9BAE5A157650-SegmentedRaftLog:OPENED:c-1,f-1,i0, conf=-1: [0025b691-f751-4cd6-a6ee-a18577602660:172.18.0.6:9858, bd7295bc-6fd8-4285-8bc6-e2b45d996dfe:172.18.0.7:9858, 79240d91-77df-4f3e-9191-e31e068b6b4a:172.18.0.5:9858], old=null
datanode_1  | 2019-10-18 19:06:07,365 INFO server.RaftServerConfigKeys: raft.server.retrycache.expirytime = 600000ms (custom)
datanode_2  | 2019-10-18 19:06:07,362 INFO server.RaftServerConfigKeys: raft.server.log.queue.element-limit = 1024 (custom)
datanode_3  | 2019-10-18 19:06:07,436 INFO impl.LeaderElection: 0025b691-f751-4cd6-a6ee-a18577602660@group-9BAE5A157650-LeaderElection2: begin an election at term 2 for -1: [0025b691-f751-4cd6-a6ee-a18577602660:172.18.0.6:9858, bd7295bc-6fd8-4285-8bc6-e2b45d996dfe:172.18.0.7:9858, 79240d91-77df-4f3e-9191-e31e068b6b4a:172.18.0.5:9858], old=null
datanode_1  | 2019-10-18 19:06:07,371 INFO impl.RaftServerImpl: bd7295bc-6fd8-4285-8bc6-e2b45d996dfe@group-9BAE5A157650: start as a follower, conf=-1: [0025b691-f751-4cd6-a6ee-a18577602660:172.18.0.6:9858, bd7295bc-6fd8-4285-8bc6-e2b45d996dfe:172.18.0.7:9858, 79240d91-77df-4f3e-9191-e31e068b6b4a:172.18.0.5:9858], old=null
datanode_3  | 2019-10-18 19:06:07,482 INFO impl.LeaderElection: 0025b691-f751-4cd6-a6ee-a18577602660@group-9BAE5A157650-LeaderElection2: Election TIMEOUT; received 0 response(s) [] and 0 exception(s); 0025b691-f751-4cd6-a6ee-a18577602660@group-9BAE5A157650:t2, leader=null, voted=0025b691-f751-4cd6-a6ee-a18577602660, raftlog=0025b691-f751-4cd6-a6ee-a18577602660@group-9BAE5A157650-SegmentedRaftLog:OPENED:c-1,f-1,i0, conf=-1: [0025b691-f751-4cd6-a6ee-a18577602660:172.18.0.6:9858, bd7295bc-6fd8-4285-8bc6-e2b45d996dfe:172.18.0.7:9858, 79240d91-77df-4f3e-9191-e31e068b6b4a:172.18.0.5:9858], old=null
datanode_2  | 2019-10-18 19:06:07,362 INFO server.RaftServerConfigKeys: raft.server.log.segment.size.max = 1048576 (custom)
datanode_3  | 2019-10-18 19:06:07,506 INFO impl.LeaderElection: 0025b691-f751-4cd6-a6ee-a18577602660@group-9BAE5A157650-LeaderElection2: begin an election at term 3 for -1: [0025b691-f751-4cd6-a6ee-a18577602660:172.18.0.6:9858, bd7295bc-6fd8-4285-8bc6-e2b45d996dfe:172.18.0.7:9858, 79240d91-77df-4f3e-9191-e31e068b6b4a:172.18.0.5:9858], old=null
datanode_2  | 2019-10-18 19:06:07,363 INFO server.RaftServerConfigKeys: raft.server.log.preallocated.size = 16384 (custom)
datanode_1  | 2019-10-18 19:06:07,372 INFO impl.RaftServerImpl: bd7295bc-6fd8-4285-8bc6-e2b45d996dfe@group-9BAE5A157650: changes role from      null to FOLLOWER at term 0 for startAsFollower
datanode_2  | 2019-10-18 19:06:07,363 INFO server.RaftServerConfigKeys: raft.server.log.write.buffer.size = 33554432 (custom)
datanode_1  | 2019-10-18 19:06:07,372 INFO impl.RoleInfo: bd7295bc-6fd8-4285-8bc6-e2b45d996dfe: start FollowerState
