datanode_1  | Keytab name: FILE:/etc/security/keytabs/HTTP.keytab
om_1        | Connecting to kdc (kdc)|172.18.0.11|:8081... connected.
datanode_2  | KVNO Timestamp         Principal
nm_1        | 2019-10-20 12:38:49 (3.76 MB/s) - '/etc/security/keytabs/HTTP.keytab' saved [142/142]
rm_1        | Keytab name: FILE:/etc/security/keytabs/HTTP.keytab
jhs         |      0K                                                       100% 10.7M=0s
kdc_1       | Oct 20 12:38:44 kdc kadmind[15](info): closing down fd 18
kms_1       | Keytab name: FILE:/etc/security/keytabs/HTTP.keytab
datanode_3  | 2019-10-20 12:38:48 (12.5 MB/s) - '/etc/security/keytabs/HTTP.keytab' saved [162/162]
s3g_1       | KVNO Timestamp         Principal
scm_1       | Keytab name: FILE:/etc/security/keytabs/HTTP.keytab
datanode_1  | KVNO Timestamp         Principal
om_1        | HTTP request sent, awaiting response... 200 OK
datanode_2  | ---- ----------------- --------------------------------------------------------
nm_1        | 
rm_1        | KVNO Timestamp         Principal
jhs         | 
kdc_1       | Oct 20 12:38:44 kdc kadmind[15](Notice): Request: kadm5_init, admin/admin@EXAMPLE.COM, success, client=admin/admin@EXAMPLE.COM, service=kadmin/admin@EXAMPLE.COM, addr=127.0.0.1, vers=4, flavor=6
kms_1       | KVNO Timestamp         Principal
datanode_3  | 
s3g_1       | ---- ----------------- --------------------------------------------------------
datanode_1  | ---- ----------------- --------------------------------------------------------
scm_1       | KVNO Timestamp         Principal
om_1        | Length: 150 [application/octet-stream]
datanode_2  |    2 10/20/19 12:38:49 HTTP/8f2ce611168b@EXAMPLE.COM
nm_1        | Keytab name: FILE:/etc/security/keytabs/HTTP.keytab
rm_1        | ---- ----------------- --------------------------------------------------------
kdc_1       | Oct 20 12:38:44 kdc kadmind[15](Notice): Request: kadm5_get_policy, default, Policy does not exist, client=admin/admin@EXAMPLE.COM, service=kadmin/admin@EXAMPLE.COM, addr=127.0.0.1
kms_1       | ---- ----------------- --------------------------------------------------------
datanode_3  | Keytab name: FILE:/etc/security/keytabs/HTTP.keytab
s3g_1       |    2 10/20/19 12:38:48 HTTP/s3g@EXAMPLE.COM
jhs         | 2019-10-20 12:38:49 (10.7 MB/s) - '/etc/security/keytabs/HTTP.keytab' saved [144/144]
datanode_1  |    2 10/20/19 12:38:49 HTTP/a7d88557153e@EXAMPLE.COM
scm_1       | ---- ----------------- --------------------------------------------------------
om_1        | Saving to: '/etc/security/keytabs/testuser.keytab'
datanode_2  |    2 10/20/19 12:38:49 HTTP/8f2ce611168b@EXAMPLE.COM
nm_1        | KVNO Timestamp         Principal
rm_1        |    2 10/20/19 12:38:49 HTTP/rm@EXAMPLE.COM
kdc_1       | Oct 20 12:38:44 kdc kadmind[15](Notice): Request: kadm5_create_principal, test/test@EXAMPLE.COM, Principal or policy already exists, client=admin/admin@EXAMPLE.COM, service=kadmin/admin@EXAMPLE.COM, addr=127.0.0.1
kms_1       |    2 10/20/19 12:38:49 HTTP/71d87154af1b@EXAMPLE.COM
datanode_3  | KVNO Timestamp         Principal
s3g_1       |    2 10/20/19 12:38:48 HTTP/s3g@EXAMPLE.COM
jhs         | 
datanode_1  |    2 10/20/19 12:38:50 HTTP/a7d88557153e@EXAMPLE.COM
scm_1       |    2 10/20/19 12:38:48 HTTP/scm@EXAMPLE.COM
om_1        | 
datanode_2  | Download testuser/8f2ce611168b@EXAMPLE.COM keytab file to /etc/security/keytabs/testuser.keytab
nm_1        | ---- ----------------- --------------------------------------------------------
rm_1        |    2 10/20/19 12:38:49 HTTP/rm@EXAMPLE.COM
kdc_1       | Oct 20 12:38:44 kdc kadmind[15](info): closing down fd 18
kms_1       |    2 10/20/19 12:38:49 HTTP/71d87154af1b@EXAMPLE.COM
s3g_1       | Download testuser/s3g@EXAMPLE.COM keytab file to /etc/security/keytabs/testuser.keytab
jhs         | Keytab name: FILE:/etc/security/keytabs/HTTP.keytab
datanode_1  | Download testuser/a7d88557153e@EXAMPLE.COM keytab file to /etc/security/keytabs/testuser.keytab
datanode_3  | ---- ----------------- --------------------------------------------------------
scm_1       |    2 10/20/19 12:38:48 HTTP/scm@EXAMPLE.COM
datanode_2  | --2019-10-20 12:38:49--  http://kdc:8081/keytab/8f2ce611168b/testuser
om_1        |      0K                                                       100% 13.3M=0s
nm_1        |    2 10/20/19 12:38:49 HTTP/nm@EXAMPLE.COM
rm_1        | Download testuser/rm@EXAMPLE.COM keytab file to /etc/security/keytabs/testuser.keytab
kdc_1       | Oct 20 12:38:44 kdc kadmind[15](Notice): Request: kadm5_init, admin/admin@EXAMPLE.COM, success, client=admin/admin@EXAMPLE.COM, service=kadmin/admin@EXAMP Kerberos database
kms_1       | Download testuser/71d87154af1b@EXAMPLE.COM keytab file to /etc/security/keytabs/testuser.keytab
s3g_1       | --2019-10-20 12:38:48--  http://kdc:8081/keytab/s3g/testuser
jhs         | KVNO Timestamp         Principal
datanode_1  | --2019-10-20 12:38:50--  http://kdc:8081/keytab/a7d88557153e/testuser
datanode_3  |    2 10/20/19 12:38:48 HTTP/9c57696e6da3@EXAMPLE.COM
scm_1       | Download testuser/scm@EXAMPLE.COM keytab file to /etc/security/keytabs/testuser.keytab
datanode_2  | Resolving kdc (kdc)... 172.18.0.11
om_1        | 
nm_1        |    2 10/20/19 12:38:49 HTTP/nm@EXAMPLE.COM
rm_1        | --2019-10-20 12:38:49--  http://kdc:8081/keytab/rm/testuser
kdc_1       | Oct 20 12:38:44 kdc krb5kdc[9](info): AS_REQ (8 etypes {18 17 20 19 16 23 25 26}) 127.0.0.1: ISSUE: authtime 1571575124, etypes {rep=18 tkt=18 ses=18}, admin/admin@EXAMPLE.COM for kadmin/admin@EXAMPLE.COM
kms_1       | --2019-10-20 12:38:49--  http://kdc:8081/keytab/71d87154af1b/testuser
s3g_1       | Resolving kdc (kdc)... 172.18.0.11
jhs         | ---- ----------------- --------------------------------------------------------
datanode_1  | Resolving kdc (kdc)... 172.18.0.11
datanode_3  |    2 10/20/19 12:38:48 HTTP/9c57696e6da3@EXAMPLE.COM
scm_1       | --2019-10-20 12:38:48--  http://kdc:8081/keytab/scm/testuser
datanode_2  | Connecting to kdc (kdc)|172.18.0.11|:8081... connected.
om_1        | 2019-10-20 12:38:50 (13.3 MB/s) - '/etc/security/keytabs/testuser.keytab' saved [150/150]
nm_1        | Download testuser/nm@EXAMPLE.COM keytab file to /etc/security/keytabs/testuser.keytab
rm_1        | Resolving kdc (kdc)... 172.18.0.11
kdc_1       | Oct 20 12:38:44 kdc krb5kdc[9](info): AS_REQ (8 etypes {18 17 20 19 16 23 25 26}) 127.0.0.1: SERVER_NOT_FOUND: admin/admin@EXAMPLE.COM for kadmin/localhost@EXAMPLE.COM, Server not found in Kerberos database
kms_1       | Resolving kdc (kdc)... 172.18.0.11
s3g_1       | Connecting to kdc (kdc)|172.18.0.11|:8081... connected.
jhs         |    2 10/20/19 12:38:49 HTTP/jhs@EXAMPLE.COM
datanode_1  | Connecting to kdc (kdc)|172.18.0.11|:8081... connected.
datanode_3  | Download testuser/9c57696e6da3@EXAMPLE.COM keytab file to /etc/security/keytabs/testuser.keytab
datanode_2  | HTTP request sent, awaiting response... 200 OK
scm_1       | Resolving kdc (kdc)... 172.18.0.11
om_1        | 
nm_1        | --2019-10-20 12:38:49--  http://kdc:8081/keytab/nm/testuser
rm_1        | Connecting to kdc (kdc)|172.18.0.11|:8081... connected.
kdc_1       | Oct 20 12:38:44 kdc krb5kdc[9](info): AS_REQ (8 etypes {18 17 20 19 16 23 25 26}) 127.0.0.1: ISSUE: authtime 1571575124, etypes {rep=18 tkt=18 ses=18}, admin/admin@EXAMPLE.COM for kadmin/admin@EXAMPLE.COM
kms_1       | Connecting to kdc (kdc)|172.18.0.11|:8081... connected.
s3g_1       | HTTP request sent, awaiting response... 200 OK
jhs         |    2 10/20/19 12:38:49 HTTP/jhs@EXAMPLE.COM
datanode_1  | HTTP request sent, awaiting response... 200 OK
datanode_3  | --2019-10-20 12:38:48--  http://kdc:8081/keytab/9c57696e6da3/testuser
datanode_2  | Length: 170 [application/octet-stream]
scm_1       | Connecting to kdc (kdc)|172.18.0.11|:8081... connected.
om_1        | Keytab name: FILE:/etc/security/keytabs/testuser.keytab
nm_1        | Resolving kdc (kdc)... 172.18.0.11
rm_1        | HTTP request sent, awaiting response... 200 OK
kdc_1       | Oct 20 12:38:44 kdc krb5kdc[9](info): AS_REQ (8 etypes {18 17 20 19 16 23 25 26}) 127.0.0.1: SERVER_NOT_FOUND: admin/admin@EXAMPLE.COM for kadmin/localhost@EXAMPLE.COM, Server not found in Kerberos database
kms_1       | HTTP request sent, awaiting response... 200 OK
s3g_1       | Length: 152 [application/octet-stream]
jhs         | Download testuser/jhs@EXAMPLE.COM keytab file to /etc/security/keytabs/testuser.keytab
datanode_1  | Length: 170 [application/octet-stream]
datanode_3  | Resolving kdc (kdc)... 172.18.0.11
datanode_2  | Saving to: '/etc/security/keytabs/testuser.keytab'
scm_1       | HTTP request sent, awaiting response... 200 OK
om_1        | KVNO Timestamp         Principal
nm_1        | Connecting to kdc (kdc)|172.18.0.11|:8081... connected.
rm_1        | Length: 150 [application/octet-stream]
kms_1       | Length: 170 [application/octet-stream]
kdc_1       | Oct 20 12:38:44 kdc krb5kdc[9](info): AS_REQ (8 etypes {18 17 20 19 16 23 25 26}) 127.0.0.1: ISSUE: authtime 1571575124, etypes {rep=18 tkt=18 ses=18}, admin/admin@EXAMPLE.COM for kLE.COM, addr=127.0.0.1, vers=4, flavor=6
s3g_1       | Saving to: '/etc/security/keytabs/testuser.keytab'
jhs         | --2019-10-20 12:38:49--  http://kdc:8081/keytab/jhs/testuser
datanode_1  | Saving to: '/etc/security/keytabs/testuser.keytab'
datanode_3  | Connecting to kdc (kdc)|172.18.0.11|:8081... connected.
datanode_2  | 
scm_1       | Length: 152 [application/octet-stream]
nm_1        | HTTP request sent, awaiting response... 200 OK
rm_1        | Saving to: '/etc/security/keytabs/testuser.keytab'
om_1        | ---- ----------------- --------------------------------------------------------
kdc_1       | Oct 20 12:38:44 kdc kadmind[15](Notice): Request: kadm5_randkey_principal, test/test@EXAMPLE.COM, success, client=admin/admin@EXAMPLE.COM, service=kadmin/admin@EXAMPLE.COM, addr=127.0.0.1
kms_1       | Saving to: '/etc/security/keytabs/testuser.keytab'
s3g_1       | 
jhs         | Resolving kdc (kdc)... 172.18.0.11
datanode_1  | 
datanode_2  |      0K                                                       100% 10.7M=0s
datanode_3  | HTTP request sent, awaiting response... 200 OK
nm_1        | Length: 150 [application/octet-stream]
rm_1        | 
om_1        |    2 10/20/19 12:38:50 testuser/om@EXAMPLE.COM
kdc_1       | Oct 20 12:38:44 kdc kadmind[15](Notice): Request: kadm5_get_principal, test/test@EXAMPLE.COM, success, client=admin/admin@EXAMPLE.COM, service=kadmin/admin@EXAMPLE.COM, addr=127.0.0.1
kms_1       | 
scm_1       | Saving to: '/etc/security/keytabs/testuser.keytab'
s3g_1       |      0K                                                       100% 11.7M=0s
jhs         | Connecting to kdc (kdc)|172.18.0.11|:8081... connected.
datanode_1  |      0K                                                       100% 16.5M=0s
datanode_2  | 
datanode_3  | Length: 170 [application/octet-stream]
nm_1        | Saving to: '/etc/security/keytabs/testuser.keytab'
rm_1        |      0K                                                       100% 10.7M=0s
om_1        |    2 10/20/19 12:38:50 testuser/om@EXAMPLE.COM
kdc_1       | Oct 20 12:38:44 kdc kadmind[15](info): closing down fd 18
kms_1       |      0K                                                       100% 10.3M=0s
scm_1       | 
s3g_1       | 
jhs         | HTTP request sent, awaiting response... 200 OK
datanode_1  | 
datanode_2  | 2019-10-20 12:38:51 (10.7 MB/s) - '/etc/security/keytabs/testuser.keytab' saved [170/170]
datanode_3  | Saving to: '/etc/security/keytabs/testuser.keytab'
nm_1        | 
rm_1        | 
om_1        | Download s3g/om@EXAMPLE.COM keytab file to /etc/security/keytabs/s3g.keytab
kdc_1       | Oct 20 12:38:44 kdc kadmind[15](Notice): Request: kadm5_init, admin/admin@EXAMPLE.COM, success, client=admin/admin@EXAMPLE.COM, service=kadmin/admin@EXAMPLE.COM, addr=127.0.0.1, vers=4, flavor=6
kms_1       | 
scm_1       |      0K                                                       100% 16.6M=0s
s3g_1       | 2019-10-20 12:38:50 (11.7 MB/s) - '/etc/security/keytabs/testuser.keytab' saved [152/152]
jhs         | Length: 152 [application/octet-stream]
datanode_1  | 2019-10-20 12:38:51 (16.5 MB/s) - '/etc/security/keytabs/testuser.keytab' saved [170/170]
datanode_2  | 
datanode_3  | 
rm_1        | 2019-10-20 12:38:50 (10.7 MB/s) - '/etc/security/keytabs/testuser.keytab' saved [150/150]
nm_1        |      0K                                                       100% 10.7M=0s
om_1        | --2019-10-20 12:38:50--  http://kdc:8081/keytab/om/s3g
kdc_1       | Oct 20 12:38:44 kdc kadmind[15](Notice): Request: kadm5_get_policy, default, Policy does not exist, client=admin/admin@EXAMPLE.COM, service=kadmin/admin@EXAMPLE.COM, addr=127.0.0.1
kms_1       | 2019-10-20 12:38:50 (10.3 MB/s) - '/etc/security/keytabs/testuser.keytab' saved [170/170]
scm_1       | 
s3g_1       | 
jhs         | Saving to: '/etc/security/keytabs/testuser.keytab'
datanode_1  | 
datanode_2  | Keytab name: FILE:/etc/security/keytabs/testuser.keytab
rm_1        | 
datanode_3  |      0K                                                       100% 8.94M=0s
nm_1        | 
om_1        | Resolving kdc (kdc)... 172.18.0.11
kdc_1       | Oct 20 12:38:44 kdc kadmind[15](Notice): Request: kadm5_create_principal, test/test@EXAMPLE.COM, Principal or policy already exists, client=admin/admin@EXAMPLE.COM, service=kadmin/admin@EXAMPLE.COM, addr=127.0.0.1
kms_1       | 
scm_1       | 2019-10-20 12:38:49 (16.6 MB/s) - '/etc/security/keytabs/testuser.keytab' saved [152/152]
s3g_1       | Keytab name: FILE:/etc/security/keytabs/testuser.keytab
jhs         | 
datanode_1  | Keytab name: FILE:/etc/security/keytabs/testuser.keytab
datanode_2  | KVNO Timestamp         Principal
rm_1        | Keytab name: FILE:/etc/security/keytabs/testuser.keytab
datanode_3  | 
nm_1        | 2019-10-20 12:38:50 (10.7 MB/s) - '/etc/security/keytabs/testuser.keytab' saved [150/150]
kdc_1       | Oct 20 12:38:44 kdc kadmind[15](info): closing down fd 18
kms_1       | Keytab name: FILE:/etc/security/keytabs/testuser.keytab
om_1        | Connecting to kdc (kdc)|172.18.0.11|:8081... connected.
scm_1       | 
s3g_1       | KVNO Timestamp         Principal
jhs         |      0K                                                       100% 13.3M=0s
datanode_1  | KVNO Timestamp         Principal
datanode_2  | ---- ----------------- --------------------------------------------------------
rm_1        | KVNO Timestamp         Principal
datanode_3  | 2019-10-20 12:38:50 (8.94 MB/s) - '/etc/security/keytabs/testuser.keytab' saved [170/170]
nm_1        | 
kdc_1       | Oct 20 12:38:44 kdc kadmind[15](Notice): Request: kadm5_init, admin/admin@EXAMPLE.COM, success, client=admin/admin@EXAMPLE.COM, service=kadmin/admin@EXAMPLE.COM, addr=127.0.0.1, vers=4, flavor=6
kms_1       | KVNO Timestamp         Principal
om_1        | HTTP request sent, awaiting response... 200 OK
scm_1       | Keytab name: FILE:/etc/security/keytabs/testuser.keytab
s3g_1       | ---- ----------------- --------------------------------------------------------
jhs         | 
datanode_1  | ---- ----------------- --------------------------------------------------------
datanode_2  |    2 10/20/19 12:38:50 testuser/8f2ce611168b@EXAMPLE.COM
rm_1        | ---- ----------------- --------------------------------------------------------
datanode_3  | 
nm_1        | Keytab name: FILE:/etc/security/keytabs/testuser.keytab
kdc_1       | Oct 20 12:38:44 kdc kadmind[15](Notice): Request: kadm5_randkey_principal, test/test@EXAMPLE.COM, success, client=admin/admin@EXAMPLE.COM, service=kadmin/admin@EXAMPLE.COM, addr=127.0.0.1
kms_1       | ---- ----------------- --------------------------------------------------------
om_1        | Length: 140 [application/octet-stream]
scm_1       | KVNO Timestamp         Principal
s3g_1       |    2 10/20/19 12:38:50 testuser/s3g@EXAMPLE.COM
jhs         | 2019-10-20 12:38:50 (13.3 MB/s) - '/etc/security/keytabs/testuser.keytab' saved [152/152]
datanode_1  |    2 10/20/19 12:38:51 testuser/a7d88557153e@EXAMPLE.COM
datanode_2  |    2 10/20/19 12:38:50 testuser/8f2ce611168b@EXAMPLE.COM
rm_1        |    2 10/20/19 12:38:50 testuser/rm@EXAMPLE.COM
datanode_3  | Keytab name: FILE:/etc/security/keytabs/testuser.keytab
nm_1        | KVNO Timestamp         Principal
kdc_1       | Oct 20 12:38:44 kdc kadmind[15](Notice): Request: kadm5_get_principal, test/test@EXAMPLE.COM, success, client=admin/admin@EXAMPLE.COM, service=kadmin/admin@EXAMPLE.COM, addr=127.0.0.1
kms_1       |    2 10/20/19 12:38:50 testuser/71d87154af1b@EXAMPLE.COM
scm_1       | ---- ----------------- --------------------------------------------------------
om_1        | Saving to: '/etc/security/keytabs/s3g.keytab'
s3g_1       |    2 10/20/19 12:38:50 testuser/s3g@EXAMPLE.COM
datanode_1  |    2 10/20/19 12:38:51 testuser/a7d88557153e@EXAMPLE.COM
datanode_2  | Download s3g/8f2ce611168b@EXAMPLE.COM keytab file to /etc/security/keytabs/s3g.keytab
jhs         | 
rm_1        |    2 10/20/19 12:38:50 testuser/rm@EXAMPLE.COM
datanode_3  | KVNO Timestamp         Principal
nm_1        | ---- ----------------- --------------------------------------------------------
kdc_1       | Oct 20 12:38:44 kdc kadmind[15](info): closing down fd 18
scm_1       |    2 10/20/19 12:38:49 testuser/scm@EXAMPLE.COM
om_1        | 
kms_1       |    2 10/20/19 12:38:50 testuser/71d87154af1b@EXAMPLE.COM
s3g_1       | Download s3g/s3g@EXAMPLE.COM keytab file to /etc/security/keytabs/s3g.keytab
datanode_2  | --2019-10-20 12:38:51--  http://kdc:8081/keytab/8f2ce611168b/s3g
datanode_1  | Download s3g/a7d88557153e@EXAMPLE.COM keytab file to /etc/security/keytabs/s3g.keytab
jhs         | Keytab name: FILE:/etc/security/keytabs/testuser.keytab
rm_1        | Download s3g/rm@EXAMPLE.COM keytab file to /etc/security/keytabs/s3g.keytab
datanode_3  | ---- ----------------- --------------------------------------------------------
nm_1        |    2 10/20/19 12:38:50 testuser/nm@EXAMPLE.COM
kdc_1       | Oct 20 12:38:44 kdc kadmind[15](Notice): Request: kadm5_init, admin/admin@EXAMPLE.COM, success, client=admin/admin@EXAMPLE.COM, service=kadmin/admin@EXAMPLE.COM, addr=127.0.0.1, vers=4, flavor=6
scm_1       |    2 10/20/19 12:38:49 testuser/scm@EXAMPLE.COM
om_1        |      0K                                                       100% 20.0M=0s
kms_1       | Download s3g/71d87154af1b@EXAMPLE.COM keytab file to /etc/security/keytabs/s3g.keytab
datanode_2  | Resolving kdc (kdc)... 172.18.0.11
s3g_1       | --2019-10-20 12:38:50--  http://kdc:8081/keytab/s3g/s3g
datanode_1  | --2019-10-20 12:38:51--  http://kdc:8081/keytab/a7d88557153e/s3g
jhs         | KVNO Timestamp         Principal
rm_1        | --2019-10-20 12:38:50--  http://kdc:8081/keytab/rm/s3g
datanode_3  |    2 10/20/19 12:38:50 testuser/9c57696e6da3@EXAMPLE.COM
nm_1        |    2 10/20/19 12:38:50 testuser/nm@EXAMPLE.COM
kdc_1       | Oct 20 12:38:44 kdc kadmind[15](Notice): Request: kadm5_get_policy, default, Policy does not exist, client=adadmin/admin@EXAMPLE.COM
scm_1       | Download s3g/scm@EXAMPLE.COM keytab file to /etc/security/keytabs/s3g.keytab
om_1        | 
kms_1       | --2019-10-20 12:38:50--  http://kdc:8081/keytab/71d87154af1b/s3g
datanode_2  | Connecting to kdc (kdc)|172.18.0.11|:8081... connected.
s3g_1       | Resolving kdc (kdc)... 172.18.0.11
datanode_1  | Resolving kdc (kdc)... 172.18.0.11
rm_1        | Resolving kdc (kdc)... 172.18.0.11
jhs         | ---- ----------------- --------------------------------------------------------
datanode_3  |    2 10/20/19 12:38:50 testuser/9c57696e6da3@EXAMPLE.COM
nm_1        | Download s3g/nm@EXAMPLE.COM keytab file to /etc/security/keytabs/s3g.keytab
kdc_1       | Oct 20 12:38:44 kdc krb5kdc[9](info): AS_REQ (8 etypes {18 17 20 19 16 23 25 26}) 127.0.0.1: SERVER_NOT_FOUND: admin/admin@EXAMPLE.COM for kadmin/localhost@EXAMPLE.COM, Server not found in Kerberos database
scm_1       | --2019-10-20 12:38:49--  http://kdc:8081/keytab/scm/s3g
om_1        | 2019-10-20 12:38:51 (20.0 MB/s) - '/etc/security/keytabs/s3g.keytab' saved [140/140]
kms_1       | Resolving kdc (kdc)... 172.18.0.11
datanode_2  | HTTP request sent, awaiting response... 200 OK
s3g_1       | Connecting to kdc (kdc)|172.18.0.11|:8081... connected.
datanode_1  | Connecting to kdc (kdc)|172.18.0.11|:8081... connected.
rm_1        | Connecting to kdc (kdc)|172.18.0.11|:8081... connected.
jhs         |    2 10/20/19 12:38:50 testuser/jhs@EXAMPLE.COM
datanode_3  | Download s3g/9c57696e6da3@EXAMPLE.COM keytab file to /etc/security/keytabs/s3g.keytab
nm_1        | --2019-10-20 12:38:50--  http://kdc:8081/keytab/nm/s3g
kdc_1       | Oct 20 12:38:44 kdc krb5kdc[9](info): AS_REQ (8 etypes {18 17 20 19 16 23 25 26}) 127.0.0.1: ISSUE: authtime 1571575124, etypes {rep=18 tkt=18 ses=18}, admin/admin@EXAMPLE.COM for kadmin/admin@EXAMPLE.COM
scm_1       | Resolving kdc (kdc)... 172.18.0.11
om_1        | 
kms_1       | Connecting to kdc (kdc)|172.18.0.11|:8081... connected.
datanode_2  | Length: 160 [application/octet-stream]
s3g_1       | HTTP request sent, awaiting response... 200 OK
rm_1        | HTTP request sent, awaiting response... 200 OK
datanode_1  | HTTP request sent, awaiting response... 200 OK
jhs         |    2 10/20/19 12:38:50 testuser/jhs@EXAMPLE.COM
datanode_3  | --2019-10-20 12:38:50--  http://kdc:8081/keytab/9c57696e6da3/s3g
nm_1        | Resolving kdc (kdc)... 172.18.0.11
kdc_1       | Oct 20 12:38:44 kdc krb5kdc[9](info): AS_REQ (8 etypes {18 17 20 19 16 23 25 26}) 127.0.0.1: SERVER_NOT_FOUND: admin/admin@EXAMPLE.COM for kadmin/localhost@EXAMPLE.COM, Server not found in Kerberos database
scm_1       | Connecting to kdc (kdc)|172.18.0.11|:8081... connected.
om_1        | Keytab name: FILE:/etc/security/keytabs/s3g.keytab
kms_1       | HTTP request sent, awaiting response... 200 OK
datanode_2  | Saving to: '/etc/security/keytabs/s3g.keytab'
s3g_1       | Length: 142 [application/octet-stream]
rm_1        | Length: 140 [application/octet-stream]
datanode_1  | Length: 160 [application/octet-stream]
jhs         | Download s3g/jhs@EXAMPLE.COM keytab file to /etc/security/keytabs/s3g.keytab
datanode_3  | Resolving kdc (kdc)... 172.18.0.11
nm_1        | Connecting to kdc (kdc)|172.18.0.11|:8081... connected.
kdc_1       | Oct 20 12:38:44 kdc krb5kdc[9](info): AS_REQ (8 etypes {18 17 20 19 16 23 25 26}) 127.0.0.1: ISSUE: authtime 1571575124, etypes {rep=18 tkt=18 ses=18}, admin/admin@EXAMPLE.COM for kadmin/admin@EXAMPLE.COM
scm_1       | HTTP request sent, awaiting response... 200 OK
om_1        | KVNO Timestamp         Principal
kms_1       | Length: 160 [application/octet-stream]
s3g_1       | Saving to: '/etc/security/keytabs/s3g.keytab'
datanode_2  | 
rm_1        | Saving to: '/etc/security/keytabs/s3g.keytab'
datanode_1  | Saving to: '/etc/security/keytabs/s3g.keytab'
jhs         | --2019-10-20 12:38:50--  http://kdc:8081/keytab/jhs/s3g
datanode_3  | Connecting to kdc (kdc)|172.18.0.11|:8081... connected.
nm_1        | HTTP request sent, awaiting response... 200 OK
kdc_1       | min/admin@EXAMPLE.COM, service=kadmin/admin@EXAMPLE.COM, addr=127.0.0.1
scm_1       | Length: 142 [application/octet-stream]
om_1        | ---- ----------------- --------------------------------------------------------
kms_1       | Saving to: '/etc/security/keytabs/s3g.keytab'
s3g_1       | 
datanode_2  |      0K                                                       100% 14.7M=0s
rm_1        | 
datanode_1  | 
jhs         | Resolving kdc (kdc)... 172.18.0.11
nm_1        | Length: 140 [application/octet-stream]
datanode_3  | HTTP request sent, awaiting response... 200 OK
scm_1       | Saving to: '/etc/security/keytabs/s3g.keytab'
om_1        |    2 10/20/19 12:38:51 s3g/om@EXAMPLE.COM
kdc_1       | Oct 20 12:38:44 kdc kadmind[15](Notice): Request: kadm5_create_principal, test/test@EXAMPLE.COM, Principal or policy already exists, client=admin/admin@EXAMPLE.COM, service=kadmin/admin@EXAMPLE.COM, addr=127.0.0.1
kms_1       | 
s3g_1       |      0K                                                       100% 10.8M=0s
datanode_2  | 
rm_1        |      0K                                                       100% 8.87M=0s
datanode_1  |      0K                                                       100% 21.0M=0s
jhs         | Connecting to kdc (kdc)|172.18.0.11|:8081... connected.
nm_1        | Saving to: '/etc/security/keytabs/s3g.keytab'
datanode_3  | Length: 160 [application/octet-stream]
scm_1       | 
om_1        |    2 10/20/19 12:38:51 s3g/om@EXAMPLE.COM
kdc_1       | Oct 20 12:38:44 kdc kadmind[15](info): closing down fd 18
kms_1       |      0K                                                       100% 9.64M=0s
s3g_1       | 
datanode_2  | 2019-10-20 12:38:52 (14.7 MB/s) - '/etc/security/keytabs/s3g.keytab' saved [160/160]
rm_1        | 
datanode_1  | 
jhs         | HTTP request sent, awaiting response... 200 OK
nm_1        | 
datanode_3  | Saving to: '/etc/security/keytabs/s3g.keytab'
scm_1       |      0K                                                       100% 10.6M=0s
om_1        | Download rm/om@EXAMPLE.COM keytab file to /etc/security/keytabs/rm.keytab
kdc_1       | Oct 20 12:38:44 kdc kadmind[15](Notice): Request: kadm5_init, admin/admin@EXAMPLE.COM, success, client=admin/admin@EXAMPLE.COM, service=kadmin/admin@EXAMPLE.COM, addr=127.0.0.1, vers=4, flavor=6
kms_1       | 
s3g_1       | 2019-10-20 12:38:51 (10.8 MB/s) - '/etc/security/keytabs/s3g.keytab' saved [142/142]
datanode_2  | 
rm_1        | 2019-10-20 12:38:51 (8.87 MB/s) - '/etc/security/keytabs/s3g.keytab' saved [140/140]
datanode_1  | 2019-10-20 12:38:52 (21.0 MB/s) - '/etc/security/keytabs/s3g.keytab' saved [160/160]
jhs         | Length: 142 [application/octet-stream]
datanode_3  | 
nm_1        |      0K                                                       100% 18.2M=0s
scm_1       | 
om_1        | --2019-10-20 12:38:51--  http://kdc:8081/keytab/om/rm
kdc_1       | Oct 20 12:38:44 kdc kadmind[15](Notice): Request: kadm5_randkey_principal, test/test@EXAMPLE.COM, success, client=admin/admin@EXAMPLE.COM, service=kadmin/admin@EXAMPLE.COM, addr=127.0.0.1
kms_1       | 2019-10-20 12:38:51 (9.64 MB/s) - '/etc/security/keytabs/s3g.keytab' saved [160/160]
s3g_1       | 
datanode_2  | Keytab name: FILE:/etc/security/keytabs/s3g.keytab
rm_1        | 
datanode_1  | 
jhs         | Saving to: '/etc/security/keytabs/s3g.keytab'
datanode_3  |      0K                                                       100% 12.1M=0s
nm_1        | 
scm_1       | 2019-10-20 12:38:51 (10.6 MB/s) - '/etc/security/keytabs/s3g.keytab' saved [142/142]
om_1        | Resolving kdc (kdc)... 172.18.0.11
kdc_1       | Oct 20 12:38:44 kdc kadmind[15](Notice): Request: kadm5_get_principal, test/test@EXAMPLE.COM, success, client=admin/admin@EXAMPLE.COM, service=kadmin/admin@EXAMPLE.COM, addr=127.0.0.1
kms_1       | 
s3g_1       | Keytab name: FILE:/etc/security/keytabs/s3g.keytab
datanode_2  | KVNO Timestamp         Principal
rm_1        | Keytab name: FILE:/etc/security/keytabs/s3g.keytab
datanode_1  | Keytab name: FILE:/etc/security/keytabs/s3g.keytab
jhs         | 
datanode_3  | 
nm_1        | 2019-10-20 12:38:51 (18.2 MB/s) - '/etc/security/keytabs/s3g.keytab' saved [140/140]
scm_1       | 
om_1        | Connecting to kdc (kdc)|172.18.0.11|:8081... connected.
kdc_1       | Oct 20 12:38:44 kdc kadmind[15](info): closing down fd 18
kms_1       | Keytab name: FILE:/etc/security/keytabs/s3g.keytab
s3g_1       | KVNO Timestamp         Principal
rm_1        | KVNO Timestamp         Principal
datanode_1  | KVNO Timestamp         Principal
datanode_2  | ---- ----------------- --------------------------------------------------------
datanode_3  | 2019-10-20 12:38:51 (12.1 MB/s) - '/etc/security/keytabs/s3g.keytab' saved [160/160]
jhs         |      0K                                                       100% 11.6M=0s
nm_1        | 
scm_1       | Keytab name: FILE:/etc/security/keytabs/s3g.keytab
om_1        | HTTP request sent, awaiting response... 200 OK
kdc_1       | Oct 20 12:38:44 kdc kadmind[15](Notice): Request: kadm5_init, admin/admin@EXAMPLE.COM, success, client=admin/admin@EXAMPLE.COM, service=kadmin/admin@EXAMPLE.COM, addr=127.0.0.1, vers=4, flavor=6
kms_1       | KVNO Timestamp         Principal
s3g_1       | ---- ----------------- --------------------------------------------------------
rm_1        | ---- ----------------- --------------------------------------------------------
datanode_1  | ---- ----------------- --------------------------------------------------------
rm_1        |    2 10/20/19 12:38:51 s3g/rm@EXAMPLE.COM
datanode_3  | 
nm_1        | Keytab name: FILE:/etc/security/keytabs/s3g.keytab
jhs         | 
om_1        | Length: 138 [application/octet-stream]
scm_1       | KVNO Timestamp         Principal
kdc_1       | Oct 20 12:38:44 kdc kadmind[15](Notice): Request: kadm5_get_policy, default, Policy does not exist, client=admin/admin@EXAMPLE.COM, service=kadmin/admin@EXAMPLE.COM, addr=127.0.0.1
kms_1       | ---- ----------------- --------------------------------------------------------
s3g_1       |    2 10/20/19 12:38:51 s3g/s3g@EXAMPLE.COM
datanode_2  |    2 10/20/19 12:38:52 s3g/8f2ce611168b@EXAMPLE.COM
datanode_1  |    2 10/20/19 12:38:52 s3g/a7d88557153e@EXAMPLE.COM
rm_1        |    2 10/20/19 12:38:51 s3g/rm@EXAMPLE.COM
datanode_3  | Keytab name: FILE:/etc/security/keytabs/s3g.keytab
nm_1        | KVNO Timestamp         Principal
jhs         | 2019-10-20 12:38:52 (11.6 MB/s) - '/etc/security/keytabs/s3g.keytab' saved [142/142]
om_1        | Saving to: '/etc/security/keytabs/rm.keytab'
scm_1       | ---- ----------------- --------------------------------------------------------
kdc_1       | Oct 20 12:38:44 kdc kadmind[15](Notice): Request: kadm5_create_principal, test/test@EXAMPLE.COM, Principal or policy already exists, client=admin/admin@EXAMPLE.COM, service=kadmin/admin@EXAMPLE.COM, addr=127.0.0.1
kms_1       |    2 10/20/19 12:38:51 s3g/71d87154af1b@EXAMPLE.COM
s3g_1       |    2 10/20/19 12:38:51 s3g/s3g@EXAMPLE.COM
datanode_2  |    2 10/20/19 12:38:52 s3g/8f2ce611168b@EXAMPLE.COM
datanode_1  |    2 10/20/19 12:38:52 s3g/a7d88557153e@EXAMPLE.COM
rm_1        | Download rm/rm@EXAMPLE.COM keytab file to /etc/security/keytabs/rm.keytab
datanode_3  | KVNO Timestamp         Principal
nm_1        | ---- ----------------- --------------------------------------------------------
jhs         | 
om_1        | 
scm_1       |    2 10/20/19 12:38:51 s3g/scm@EXAMPLE.COM
kms_1       |    2 10/20/19 12:38:51 s3g/71d87154af1b@EXAMPLE.COM
kdc_1       | Oct 20 12:38:44 kdc kadmind[15](info): closing down fd 18
s3g_1       | Download rm/s3g@EXAMPLE.COM keytab file to /etc/security/keytabs/rm.keytab
datanode_2  | Download rm/8f2ce611168b@EXAMPLE.COM keytab file to /etc/security/keytabs/rm.keytab
datanode_1  | Download rm/a7d88557153e@EXAMPLE.COM keytab file to /etc/security/keytabs/rm.keytab
rm_1        | --2019-10-20 12:38:51--  http://kdc:8081/keytab/rm/rm
datanode_3  | ---- ----------------- --------------------------------------------------------
nm_1        |    2 10/20/19 12:38:51 s3g/nm@EXAMPLE.COM
jhs         | Keytab name: FILE:/etc/security/keytabs/s3g.keytab
om_1        |      0K                                                       100% 9.13M=0s
scm_1       |    2 10/20/19 12:38:51 s3g/scm@EXAMPLE.COM
kms_1       | Download rm/71d87154af1b@EXAMPLE.COM keytab file to /etc/security/keytabs/rm.keytab
kdc_1       | Oct 20 12:38:44 kdc kadmind[15](Notice): Request: kadm5_init, admin/admin@EXAMPLE.COM, success, client=admin/admin@EXAMPLE.COM, service=kadmin/admin@EXAMPLE.COM, addr=127.0.0.1, vers=4, flavor=6
s3g_1       | --2019-10-20 12:38:51--  http://kdc:8081/keytab/s3g/rm
datanode_2  | --2019-10-20 12:38:52--  http://kdc:8081/keytab/8f2ce611168b/rm
datanode_1  | --2019-10-20 12:38:52--  http://kdc:8081/keytab/a7d88557153e/rm
rm_1        | Resolving kdc (kdc)... 172.18.0.11
nm_1        |    2 10/20/19 12:38:51 s3g/nm@EXAMPLE.COM
jhs         | KVNO Timestamp         Principal
datanode_3  |    2 10/20/19 12:38:51 s3g/9c57696e6da3@EXAMPLE.COM
om_1        | 
scm_1       | Download rm/scm@EXAMPLE.COM keytab file to /etc/security/keytabs/rm.keytab
kms_1       | --2019-10-20 12:38:51--  http://kdc:8081/keytab/71d87154af1b/rm
s3g_1       | Resolving kdc (kdc)... 172.18.0.11
datanode_2  | Resolving kdc (kdc)... 172.18.0.11
rm_1        | Connecting to kdc (kdc)|172.18.0.11|:8081... connected.
datanode_1  | Resolving kdc (kdc)... 172.18.0.11
kdc_1       | Oct 20 12:38:44 kdc kadmind[15](Notice): Request: kadm5_randkey_principal, test/test@EXAMPLE.COM, success, client=admin/admin@EXAMPLE.COM, service=kadmin/admin@EXAMPLE.COM, addr=127.0.0.1
nm_1        | Download rm/nm@EXAMPLE.COM keytab file to /etc/security/keytabs/rm.keytab
jhs         | ---- ----------------- --------------------------------------------------------
datanode_3  |    2 10/20/19 12:38:51 s3g/9c57696e6da3@EXAMPLE.COM
om_1        | 2019-10-20 12:38:52 (9.13 MB/s) - '/etc/security/keytabs/rm.keytab' saved [138/138]
scm_1       | --2019-10-20 12:38:51--  http://kdc:8081/keytab/scm/rm
kms_1       | Resolving kdc (kdc)... 172.18.0.11
s3g_1       | Connecting to kdc (kdc)|172.18.0.11|:8081... connected.
datanode_2  | Connecting to kdc (kdc)|172.18.0.11|:8081... connected.
rm_1        | HTTP request sent, awaiting response... 200 OK
datanode_1  | Connecting to kdc (kdc)|172.18.0.11|:8081... connected.
nm_1        | --2019-10-20 12:38:51--  http://kdc:8081/keytab/nm/rm
kdc_1       | Oct 20 12:38:44 kdc kadmind[15](Notice): Request: kadm5_get_principal, test/test@EXAMPLE.COM, success, client=admin/admin@EXAMPLE.COM, service=kadmin/admin@EXAMPLE.COM, addr=127.0.0.1
jhs         |    2 10/20/19 12:38:52 s3g/jhs@EXAMPLE.COM
om_1        | 
datanode_3  | Download rm/9c57696e6da3@EXAMPLE.COM keytab file to /etc/security/keytabs/rm.keytab
scm_1       | Resolving kdc (kdc)... 172.18.0.11
kms_1       | Connecting to kdc (kdc)|172.18.0.11|:8081... connected.
s3g_1       | HTTP request sent, awaiting response... 200 OK
datanode_2  | HTTP request sent, awaiting response... 200 OK
rm_1        | Length: 138 [application/octet-stream]
datanode_1  | HTTP request sent, awaiting response... 200 OK
nm_1        | Resolving kdc (kdc)... 172.18.0.11
kdc_1       | Oct 20 12:38:44 kdc kadmind[15](info): closing down fd 18
jhs         |    2 10/20/19 12:38:52 s3g/jhs@EXAMPLE.COM
om_1        | Keytab name: FILE:/etc/security/keytabs/rm.keytab
datanode_3  | --2019-10-20 12:38:51--  http://kdc:8081/keytab/9c57696e6da3/rm
scm_1       | Connecting to kdc (kdc)|172.18.0.11|:8081... connected.
kms_1       | HTTP request sent, awaiting response... 200 OK
s3g_1       | Length: 140 [application/octet-stream]
datanode_2  | Length: 158 [application/octet-stream]
rm_1        | Saving to: '/etc/security/keytabs/rm.keytab'
datanode_1  | Length: 158 [application/octet-stream]
nm_1        | Connecting to kdc (kdc)|172.18.0.11|:8081... connected.
kdc_1       | Oct 20 12:38:44 kdc kadmind[15](Notice): Request: kadm5_init, admin/admin@EXAMPLE.COM, success, client=admin/admin@EXAMPLE.COM, service=kadmin/admin@EXAMPLE.COM, addr=127.0.0.1, vers=4, flavor=6
jhs         | Download rm/jhs@EXAMPLE.COM keytab file to /etc/security/keytabs/rm.keytab
om_1        | KVNO Timestamp         Principal
datanode_3  | Resolving kdc (kdc)... 172.18.0.11
kms_1       | Length: 158 [application/octet-stream]
s3g_1       | Saving to: '/etc/security/keytabs/rm.keytab'
rm_1        | 
datanode_2  | Saving to: '/etc/security/keytabs/rm.keytab'
scm_1       | HTTP request sent, awaiting response... 200 OK
datanode_1  | Saving to: '/etc/security/keytabs/rm.keytab'
kdc_1       | Oct 20 12:38:44 kdc kadmind[15](Notice): Request: kadm5_get_policy, default, Policy does not exist, client=admin/admin@EXAMPLE.COM, service=kadmin/admin@EXAMPLE.COM, addr=127.0.0.1
jhs         | --2019-10-20 12:38:52--  http://kdc:8081/keytab/jhs/rm
nm_1        | HTTP request sent, awaiting response... 200 OK
om_1        | ---- ----------------- --------------------------------------------------------
datanode_3  | Connecting to kdc (kdc)|172.18.0.11|:8081... connected.
s3g_1       | 
kms_1       | Saving to: '/etc/security/keytabs/rm.keytab'
rm_1        |      0K                                                       100% 13.3M=0s
datanode_2  | 
scm_1       | Length: 140 [application/octet-stream]
datanode_1  | 
kdc_1       | Oct 20 12:38:44 kdc kadmind[15](Notice): Request: kadm5_create_principal, test/test@EXAMPLE.COM, Principal or policy already exists, client=admin/admin@EXAMPLE.COM, service=kadmin/admin@EXAMPLE.COM, addr=127.0.0.1
jhs         | Resolving kdc (kdc)... 172.18.0.11
nm_1        | Length: 138 [application/octet-stream]
om_1        |    2 10/20/19 12:38:52 rm/om@EXAMPLE.COM
s3g_1       |      0K                                                       100% 15.0M=0s
kms_1       | 
datanode_3  | HTTP request sent, awaiting response... 200 OK
rm_1        | 
datanode_2  |      0K                                                       100% 15.4M=0s
scm_1       | Saving to: '/etc/security/keytabs/rm.keytab'
datanode_1  |      0K                                                       100% 14.2M=0s
kdc_1       | Oct 20 12:38:44 kdc kadmind[15](info): closing down fd 18
jhs         | Connecting to kdc (kdc)|172.18.0.11|:8081... connected.
nm_1        | Saving to: '/etc/security/keytabs/rm.keytab'
om_1        |    2 10/20/19 12:38:52 rm/om@EXAMPLE.COM
s3g_1       | 
kms_1       |      0K                                                       100% 17.8M=0s
datanode_3  | Length: 158 [application/octet-stream]
rm_1        | 2019-10-20 12:38:52 (13.3 MB/s) - '/etc/security/keytabs/rm.keytab' saved [138/138]
datanode_2  | 
scm_1       | 
datanode_1  | 
kdc_1       | Oct 20 12:38:44 kdc kadmind[15](Notice): Request: kadm5_init, admin/admin@EXAMPLE.COM, success, client=admin/admin@EXAMPLE.COM, service=kadmin/admin@EXAMPLE.COM, addr=127.0.0.1, vers=4, flavor=6
jhs         | HTTP request sent, awaiting response... 200 OK
nm_1        | 
s3g_1       | 2019-10-20 12:38:52 (15.0 MB/s) - '/etc/security/keytabs/rm.keytab' saved [140/140]
kms_1       | 
datanode_3  | Saving to: '/etc/security/keytabs/rm.keytab'
rm_1        | 
datanode_2  | 2019-10-20 12:38:53 (15.4 MB/s) - '/etc/security/keytabs/rm.keytab' saved [158/158]
scm_1       |      0K                                                       100% 20.5M=0s
datanode_1  | 2019-10-20 12:38:53 (14.2 MB/s) - '/etc/security/keytabs/rm.keytab' saved [158/158]
kdc_1       | Entry for principal test/test@EXAMPLE.COM with kvno 7, encryption type aes256-cts-hmac-sha1-96 added to keytab WRFILE:/data/test.test.keytab.
om_1        | Download nm/om@EXAMPLE.COM keytab file to /etc/security/keytabs/nm.keytab
jhs         | Length: 140 [application/octet-stream]
nm_1        |      0K                                                       100% 8.66M=0s
s3g_1       | 
kms_1       | 2019-10-20 12:38:52 (17.8 MB/s) - '/etc/security/keytabs/rm.keytab' saved [158/158]
datanode_3  | 
rm_1        | Keytab name: FILE:/etc/security/keytabs/rm.keytab
datanode_2  | 
scm_1       | 
datanode_1  | 
kdc_1       | Entry for principal test/test@EXAMPLE.COM with kvno 7, encryption type aes128-cts-hmac-sha1-96 added to keytab WRFILE:/data/test.test.keytab.
om_1        | --2019-10-20 12:38:52--  http://kdc:8081/keytab/om/nm
jhs         | Saving to: '/etc/security/keytabs/rm.keytab'
nm_1        | 
s3g_1       | Keytab name: FILE:/etc/security/keytabs/rm.keytab
kms_1       | 
datanode_3  |      0K                                                       100% 12.8M=0s
datanode_2  | Keytab name: FILE:/etc/security/keytabs/rm.keytab
scm_1       | 2019-10-20 12:38:52 (20.5 MB/s) - '/etc/security/keytabs/rm.keytab' saved [140/140]
rm_1        | KVNO Timestamp         Principal
datanode_1  | Keytab name: FILE:/etc/security/keytabs/rm.keytab
kdc_1       | Generiting keytab
om_1        | Resolving kdc (kdc)... 172.18.0.11
jhs         | 
nm_1        | 2019-10-20 12:38:53 (8.66 MB/s) - '/etc/security/keytabs/rm.keytab' saved [138/138]
s3g_1       | KVNO Timestamp         Principal
kms_1       | Keytab name: FILE:/etc/security/keytabs/rm.keytab
datanode_3  | 
datanode_2  | KVNO Timestamp         Principal
scm_1       | 
rm_1        | ---- ----------------- --------------------------------------------------------
datanode_1  | KVNO Timestamp         Principal
kdc_1       | Authenticating as principal admin/admin with keytab /tmp/admin.keytab.
om_1        | Connecting to kdc (kdc)|172.18.0.11|:8081... connected.
jhs         |      0K                                                       100% 10.0M=0s
nm_1        | 
kms_1       | KVNO Timestamp         Principal
datanode_3  | 2019-10-20 12:38:52 (12.8 MB/s) - '/etc/security/keytabs/rm.keytab' saved [158/158]
scm_1       | Keytab name: FILE:/etc/security/keytabs/rm.keytab
datanode_2  | ---- ----------------- --------------------------------------------------------
s3g_1       | ---- ----------------- --------------------------------------------------------
rm_1        |    2 10/20/19 12:38:52 rm/rm@EXAMPLE.COM
datanode_1  | ---- ----------------- --------------------------------------------------------
kdc_1       | WARNING: no policy specified for dn/scm@EXAMPLE.COM; defaulting to no policy
om_1        | HTTP request sent, awaiting response... 200 OK
jhs         | 
nm_1        | Keytab name: FILE:/etc/security/keytabs/rm.keytab
datanode_3  | 
kms_1       | ---- ----------------- --------------------------------------------------------
scm_1       | KVNO Timestamp         Principal
datanode_2  |    2 10/20/19 12:38:53 rm/8f2ce611168b@EXAMPLE.COM
s3g_1       |    2 10/20/19 12:38:52 rm/s3g@EXAMPLE.COM
rm_1        |    2 10/20/19 12:38:52 rm/rm@EXAMPLE.COM
datanode_1  |    2 10/20/19 12:38:53 rm/a7d88557153e@EXAMPLE.COM
kdc_1       | Principal "dn/scm@EXAMPLE.COM" created.
om_1        | Length: 138 [application/octet-stream]
jhs         | 2019-10-20 12:38:53 (10.0 MB/s) - '/etc/security/keytabs/rm.keytab' saved [140/140]
nm_1        | KVNO Timestamp         Principal
datanode_3  | Keytab name: FILE:/etc/security/keytabs/rm.keytab
kms_1       |    2 10/20/19 12:38:52 rm/71d87154af1b@EXAMPLE.COM
scm_1       | ---- ----------------- --------------------------------------------------------
datanode_2  |    2 10/20/19 12:38:53 rm/8f2ce611168b@EXAMPLE.COM
s3g_1       |    2 10/20/19 12:38:52 rm/s3g@EXAMPLE.COM
rm_1        | Download nm/rm@EXAMPLE.COM keytab file to /etc/security/keytabs/nm.keytab
datanode_1  |    2 10/20/19 12:38:53 rm/a7d88557153e@EXAMPLE.COM
kdc_1       | Authenticating as principal admin/admin with keytab /tmp/admin.keytab.
om_1        | Saving to: '/etc/security/keytabs/nm.keytab'
jhs         | 
nm_1        | ---- ----------------- --------------------------------------------------------
datanode_3  | KVNO Timestamp         Principal
kms_1       |    2 10/20/19 12:38:52 rm/71d87154af1b@EXAMPLE.COM
scm_1       |    2 10/20/19 12:38:52 rm/scm@EXAMPLE.COM
datanode_2  | Download nm/8f2ce611168b@EXAMPLE.COM keytab file to /etc/security/keytabs/nm.keytab
s3g_1       | Download nm/s3g@EXAMPLE.COM keytab file to /etc/security/keytabs/nm.keytab
rm_1        | --2019-10-20 12:38:52--  http://kdc:8081/keytab/rm/nm
datanode_1  | Download nm/a7d88557153e@EXAMPLE.COM keytab file to /etc/security/keytabs/nm.keytab
kdc_1       | Entry for principal dn/scm@EXAMPLE.COM with kvno 2, encryption type aes256-cts-hmac-sha1-96 added to keytab WRFILE:/data/dn.scm.keytab.
om_1        | 
jhs         | Keytab name: FILE:/etc/security/keytabs/rm.keytab
nm_1        |    2 10/20/19 12:38:53 rm/nm@EXAMPLE.COM
datanode_3  | ---- ----------------- --------------------------------------------------------
kms_1       | Download nm/71d87154af1b@EXAMPLE.COM keytab file to /etc/security/keytabs/nm.keytab
scm_1       |    2 10/20/19 12:38:52 rm/scm@EXAMPLE.COM
datanode_2  | --2019-10-20 12:38:53--  http://kdc:8081/keytab/8f2ce611168b/nm
rm_1        | Resolving kdc (kdc)... 172.18.0.11
datanode_1  | --2019-10-20 12:38:53--  http://kdc:8081/keytab/a7d88557153e/nm
kdc_1       | Entry for principal dn/scm@EXAMPLE.COM with kvno 2, encryption type aes128-cts-hmac-sha1-96 added to keytab WRFILE:/data/dn.scm.keytab.
om_1        |      0K                                                       100% 9.73M=0s
s3g_1       | --2019-10-20 12:38:52--  http://kdc:8081/keytab/s3g/nm
jhs         | KVNO Timestamp         Principal
nm_1        |    2 10/20/19 12:38:53 rm/nm@EXAMPLE.COM
kms_1       | --2019-10-20 12:38:52--  http://kdc:8081/keytab/71d87154af1b/nm
datanode_3  |    2 10/20/19 12:38:52 rm/9c57696e6da3@EXAMPLE.COM
scm_1       | Download nm/scm@EXAMPLE.COM keytab file to /etc/security/keytabs/nm.keytab
datanode_2  | Resolving kdc (kdc)... 172.18.0.11
rm_1        | Connecting to kdc (kdc)|172.18.0.11|:8081... connected.
datanode_1  | Resolving kdc (kdc)... 172.18.0.11
kdc_1       | Generiting keytab
om_1        | 
s3g_1       | Resolving kdc (kdc)... 172.18.0.11
jhs         | ---- ----------------- --------------------------------------------------------
nm_1        | Download nm/nm@EXAMPLE.COM keytab file to /etc/security/keytabs/nm.keytab
kms_1       | Resolving kdc (kdc)... 172.18.0.11
datanode_3  |    2 10/20/19 12:38:52 rm/9c57696e6da3@EXAMPLE.COM
scm_1       | --2019-10-20 12:38:52--  http://kdc:8081/keytab/scm/nm
datanode_2  | Connecting to kdc (kdc)|172.18.0.11|:8081... connected.
rm_1        | HTTP request sent, awaiting response... 200 OK
datanode_1  | Connecting to kdc (kdc)|172.18.0.11|:8081... connected.
kdc_1       | Authenticating as principal admin/admin with keytab /tmp/admin.keytab.
om_1        | 2019-10-20 12:38:54 (9.73 MB/s) - '/etc/security/keytabs/nm.keytab' saved [138/138]
s3g_1       | Connecting to kdc (kdc)|172.18.0.11|:8081... connected.
jhs         |    2 10/20/19 12:38:53 rm/jhs@EXAMPLE.COM
nm_1        | --2019-10-20 12:38:53--  http://kdc:8081/keytab/nm/nm
kms_1       | Connecting to kdc (kdc)|172.18.0.11|:8081... connected.
datanode_3  | Download nm/9c57696e6da3@EXAMPLE.COM keytab file to /etc/security/keytabs/nm.keytab
scm_1       | Resolving kdc (kdc)... 172.18.0.11
datanode_2  | HTTP request sent, awaiting response... 200 OK
rm_1        | Length: 138 [application/octet-stream]
kdc_1       | WARNING: no policy specified for dn/s3g@EXAMPLE.COM; defaulting to no policy
s3g_1       | HTTP request sent, awaiting response... 200 OK
om_1        | 
datanode_1  | HTTP request sent, awaiting response... 200 OK
jhs         |    2 10/20/19 12:38:53 rm/jhs@EXAMPLE.COM
nm_1        | Resolving kdc (kdc)... 172.18.0.11
kms_1       | HTTP request sent, awaiting response... 200 OK
datanode_3  | --2019-10-20 12:38:52--  http://kdc:8081/keytab/9c57696e6da3/nm
scm_1       | Connecting to kdc (kdc)|172.18.0.11|:8081... connected.
datanode_2  | Length: 158 [application/octet-stream]
rm_1        | Saving to: '/etc/security/keytabs/nm.keytab'
kdc_1       | Principal "dn/s3g@EXAMPLE.COM" created.
s3g_1       | Length: 140 [application/octet-stream]
om_1        | Keytab name: FILE:/etc/security/keytabs/nm.keytab
datanode_1  | Length: 158 [application/octet-stream]
jhs         | Download nm/jhs@EXAMPLE.COM keytab file to /etc/security/keytabs/nm.keytab
nm_1        | Connecting to kdc (kdc)|172.18.0.11|:8081... connected.
kms_1       | Length: 158 [application/octet-stream]
datanode_3  | Resolving kdc (kdc)... 172.18.0.11
scm_1       | HTTP request sent, awaiting response... 200 OK
datanode_2  | Saving to: '/etc/security/keytabs/nm.keytab'
rm_1        | 
kdc_1       | Authenticating as principal admin/admin with keytab /tmp/admin.keytab.
s3g_1       | Saving to: '/etc/security/keytabs/nm.keytab'
om_1        | KVNO Timestamp         Principal
datanode_1  | Saving to: '/etc/security/keytabs/nm.keytab'
jhs         | --2019-10-20 12:38:53--  http://kdc:8081/keytab/jhs/nm
nm_1        | HTTP request sent, awaiting response... 200 OK
kms_1       | Saving to: '/etc/security/keytabs/nm.keytab'
datanode_3  | Connecting to kdc (kdc)|172.18.0.11|:8081... connected.
scm_1       | Length: 140 [application/octet-stream]
datanode_2  | 
rm_1        |      0K                                                       100% 10.3M=0s
kdc_1       | Entry for principal dn/s3g@EXAMPLE.COM with kvno 2, encryption type aes256-cts-hmac-sha1-96 added to keytab WRFILE:/data/dn.s3g.keytab.
s3g_1       | 
om_1        | ---- ----------------- --------------------------------------------------------
datanode_1  | 
jhs         | Resolving kdc (kdc)... 172.18.0.11
nm_1        | Length: 138 [application/octet-stream]
kms_1       | 
datanode_3  | HTTP request sent, awaiting response... 200 OK
scm_1       | Saving to: '/etc/security/keytabs/nm.keytab'
datanode_2  |      0K                                                       100% 12.5M=0s
rm_1        | 
kdc_1       | Entry for principal dn/s3g@EXAMPLE.COM with kvno 2, encryption type aes128-cts-hmac-sha1-96 added to keytab WRFILE:/data/dn.s3g.keytab.
s3g_1       |      0K                                                       100% 18.5M=0s
om_1        |    2 10/20/19 12:38:54 nm/om@EXAMPLE.COM
datanode_1  |      0K                                                       100% 20.8M=0s
jhs         | Connecting to kdc (kdc)|172.18.0.11|:8081... connected.
nm_1        | Saving to: '/etc/security/keytabs/nm.keytab'
kms_1       |      0K                                                       100% 8.07M=0s
datanode_3  | Length: 158 [application/octet-stream]
scm_1       | 
datanode_2  | 
rm_1        | 2019-10-20 12:38:54 (10.3 MB/s) - '/etc/security/keytabs/nm.keytab' saved [138/138]
kdc_1       | Generiting keytab
s3g_1       | 
datanode_1  | 
jhs         | HTTP request sent, awaiting response... 200 OK
om_1        |    2 10/20/19 12:38:54 nm/om@EXAMPLE.COM
nm_1        | 
kms_1       | 
datanode_3  | Saving to: '/etc/security/keytabs/nm.keytab'
