Attaching to ozonesecure-mr_datanode_2, ozonesecure-mr_kdc_1, ozonesecure-mr_nm_1, ozonesecure-mr_om_1, ozonesecure-mr_datanode_3, ozonesecure-mr_kms_1, ozonesecure-mr_s3g_1, ozonesecure-mr_datanode_1, ozonesecure-mr_rm_1, jhs, ozonesecure-mr_scm_1
kdc_1       | Issuer is listening on : 8081krb5kdc: starting...
kdc_1       | kadmind: starting...
kdc_1       | otp: Loaded
kdc_1       | Oct 20 12:38:34 kdc krb5kdc[9](info): setting up network...
kdc_1       | krb5kdc: setsockopt(9,IPV6_V6ONLY,1) worked
om_1        | Sleeping for 5 seconds
om_1        | Setting up kerberos!!
om_1        | KDC ISSUER_SERVER => kdc:8081
kdc_1       | krb5kdc: setsockopt(11,IPV6_V6ONLY,1) worked
om_1        | Sleeping for 5 seconds
kdc_1       | Oct 20 12:38:34 kdc krb5kdc[9](info): set up 4 sockets
om_1        | Got 200, KDC service ready!!
om_1        | Download dn/om@EXAMPLE.COM keytab file to /etc/security/keytabs/dn.keytab
kdc_1       | Oct 20 12:38:34 kdc krb5kdc[9](info): commencing operation
om_1        | --2019-10-20 12:38:44--  http://kdc:8081/keytab/om/dn
kdc_1       | Oct 20 12:38:23 2949bc484305 kadmin.local[1](info): No dictionary file specified, continuing without one.
om_1        | Resolving kdc (kdc)... 172.18.0.11
datanode_2  | Sleeping for 5 seconds
kdc_1       | Oct 20 12:38:25 7cf9f387a6f6 kadmin.local[1](info): No dictionary file specified, continuing without one.
om_1        | Connecting to kdc (kdc)|172.18.0.11|:8081... connected.
datanode_2  | Setting up kerberos!!
s3g_1       | Sleeping for 5 seconds
kms_1       | Sleeping for 5 seconds
kdc_1       | Oct 20 12:38:39 kdc kadmind[15](info): No dictionary file specified, continuing without one.
om_1        | HTTP request sent, awaiting response... 200 OK
datanode_1  | Sleeping for 5 seconds
datanode_2  | KDC ISSUER_SERVER => kdc:8081
rm_1        | Sleeping for 5 seconds
kms_1       | Setting up kerberos!!
s3g_1       | Setting up kerberos!!
kdc_1       | Oct 20 12:38:39 kdc kadmind[15](info): setting up network...
om_1        | Length: 138 [application/octet-stream]
datanode_1  | Setting up kerberos!!
datanode_2  | Sleeping for 5 seconds
rm_1        | Setting up kerberos!!
kms_1       | KDC ISSUER_SERVER => kdc:8081
scm_1       | Sleeping for 5 seconds
s3g_1       | KDC ISSUER_SERVER => kdc:8081
om_1        | Saving to: '/etc/security/keytabs/dn.keytab'
jhs         | Sleeping for 5 seconds
nm_1        | Sleeping for 5 seconds
kdc_1       | kadmind: setsockopt(9,IPV6_V6ONLY,1) worked
datanode_1  | KDC ISSUER_SERVER => kdc:8081
rm_1        | KDC ISSUER_SERVER => kdc:8081
datanode_2  | Got 200, KDC service ready!!
scm_1       | Setting up kerberos!!
kms_1       | /opt/starter.sh: line 66: SLEEP_SECONDS: command not found
datanode_3  | Sleeping for 5 seconds
s3g_1       | Sleeping for 5 seconds
om_1        | 
jhs         | Setting up kerberos!!
nm_1        | Setting up kerberos!!
kdc_1       | kadmind: setsockopt(11,IPV6_V6ONLY,1) worked
datanode_1  | Sleeping for 5 seconds
rm_1        | /opt/starter.sh: line 66: SLEEP_SECONDS: command not found
datanode_2  | Download dn/8f2ce611168b@EXAMPLE.COM keytab file to /etc/security/keytabs/dn.keytab
scm_1       | KDC ISSUER_SERVER => kdc:8081
kms_1       | Sleeping for  seconds
datanode_3  | Setting up kerberos!!
s3g_1       | Got 200, KDC service ready!!
om_1        |      0K                                                       100% 7.84M=0s
jhs         | KDC ISSUER_SERVER => kdc:8081
nm_1        | KDC ISSUER_SERVER => kdc:8081
kdc_1       | kadmind: setsockopt(13,IPV6_V6ONLY,1) worked
datanode_1  | Got 200, KDC service ready!!
rm_1        | Sleeping for  seconds
datanode_2  | --2019-10-20 12:38:44--  http://kdc:8081/keytab/8f2ce611168b/dn
scm_1       | Sleeping for 5 seconds
kms_1       | Got 200, KDC service ready!!
datanode_3  | KDC ISSUER_SERVER => kdc:8081
s3g_1       | Download dn/s3g@EXAMPLE.COM keytab file to /etc/security/keytabs/dn.keytab
om_1        | 
jhs         | /opt/starter.sh: line 66: SLEEP_SECONDS: command not found
nm_1        | /opt/starter.sh: line 66: SLEEP_SECONDS: command not found
kdc_1       | Oct 20 12:38:39 kdc kadmind[15](info): set up 6 sockets
datanode_1  | Download dn/a7d88557153e@EXAMPLE.COM keytab file to /etc/security/keytabs/dn.keytab
rm_1        | Got 200, KDC service ready!!
datanode_2  | Resolving kdc (kdc)... 172.18.0.11
scm_1       | Got 200, KDC service ready!!
kms_1       | Download dn/71d87154af1b@EXAMPLE.COM keytab file to /etc/security/keytabs/dn.keytab
datanode_3  | Sleeping for 5 seconds
s3g_1       | --2019-10-20 12:38:44--  http://kdc:8081/keytab/s3g/dn
om_1        | 2019-10-20 12:38:45 (7.84 MB/s) - '/etc/security/keytabs/dn.keytab' saved [138/138]
jhs         | Sleeping for  seconds
nm_1        | Sleeping for  seconds
kdc_1       | Oct 20 12:38:39 kdc kadmind[15](info): Seeding random number generator
datanode_1  | --2019-10-20 12:38:45--  http://kdc:8081/keytab/a7d88557153e/dn
rm_1        | Download dn/rm@EXAMPLE.COM keytab file to /etc/security/keytabs/dn.keytab
scm_1       | Download dn/scm@EXAMPLE.COM keytab file to /etc/security/keytabs/dn.keytab
kms_1       | --2019-10-20 12:38:44--  http://kdc:8081/keytab/71d87154af1b/dn
datanode_3  | Got 200, KDC service ready!!
s3g_1       | Resolving kdc (kdc)... 172.18.0.11
om_1        | 
jhs         | Got 200, KDC service ready!!
nm_1        | Got 200, KDC service ready!!
kdc_1       | Oct 20 12:38:39 kdc kadmind[15](info): starting
datanode_2  | Connecting to kdc (kdc)|172.18.0.11|:8081... connected.
datanode_1  | Resolving kdc (kdc)... 172.18.0.11
rm_1        | --2019-10-20 12:38:44--  http://kdc:8081/keytab/rm/dn
scm_1       | --2019-10-20 12:38:44--  http://kdc:8081/keytab/scm/dn
kms_1       | Resolving kdc (kdc)... 172.18.0.11
datanode_3  | Download dn/9c57696e6da3@EXAMPLE.COM keytab file to /etc/security/keytabs/dn.keytab
s3g_1       | Connecting to kdc (kdc)|172.18.0.11|:8081... connected.
om_1        | Keytab name: FILE:/etc/security/keytabs/dn.keytab
jhs         | Download dn/jhs@EXAMPLE.COM keytab file to /etc/security/keytabs/dn.keytab
nm_1        | Download dn/nm@EXAMPLE.COM keytab file to /etc/security/keytabs/dn.keytab
kdc_1       | Generiting keytab
datanode_2  | HTTP request sent, awaiting response... 200 OK
datanode_1  | Connecting to kdc (kdc)|172.18.0.11|:8081... connected.
rm_1        | Resolving kdc (kdc)... 172.18.0.11
scm_1       | Resolving kdc (kdc)... 172.18.0.11
kms_1       | Connecting to kdc (kdc)|172.18.0.11|:8081... connected.
datanode_3  | --2019-10-20 12:38:44--  http://kdc:8081/keytab/9c57696e6da3/dn
s3g_1       | HTTP request sent, awaiting response... 200 OK
om_1        | KVNO Timestamp         Principal
jhs         | --2019-10-20 12:38:44--  http://kdc:8081/keytab/jhs/dn
nm_1        | --2019-10-20 12:38:44--  http://kdc:8081/keytab/nm/dn
kdc_1       | Authenticating as principal admin/admin with keytab /tmp/admin.keytab.
datanode_2  | Length: 158 [application/octet-stream]
rm_1        | Connecting to kdc (kdc)|172.18.0.11|:8081... connected.
scm_1       | Connecting to kdc (kdc)|172.18.0.11|:8081... connected.
datanode_1  | HTTP request sent, awaiting response... 200 OK
kms_1       | HTTP request sent, awaiting response... 200 OK
datanode_3  | Resolving kdc (kdc)... 172.18.0.11
s3g_1       | Length: 140 [application/octet-stream]
jhs         | Resolving kdc (kdc)... 172.18.0.11
om_1        | ---- ----------------- --------------------------------------------------------
nm_1        | Resolving kdc (kdc)... 172.18.0.11
kdc_1       | WARNING: no policy specified for test/test@EXAMPLE.COM; defaulting to no policy
datanode_2  | Saving to: '/etc/security/keytabs/dn.keytab'
rm_1        | HTTP request sent, awaiting response... 200 OK
scm_1       | HTTP request sent, awaiting response... 200 OK
datanode_1  | Length: 158 [application/octet-stream]
kms_1       | Length: 158 [application/octet-stream]
datanode_3  | Connecting to kdc (kdc)|172.18.0.11|:8081... connected.
s3g_1       | Saving to: '/etc/security/keytabs/dn.keytab'
jhs         | Connecting to kdc (kdc)|172.18.0.11|:8081... connected.
om_1        |    2 10/20/19 12:38:45 dn/om@EXAMPLE.COM
datanode_2  | 
kdc_1       | Principal "test/test@EXAMPLE.COM" created.
nm_1        | Connecting to kdc (kdc)|172.18.0.11|:8081... connected.
rm_1        | Length: 138 [application/octet-stream]
scm_1       | Length: 140 [application/octet-stream]
datanode_1  | Saving to: '/etc/security/keytabs/dn.keytab'
kms_1       | Saving to: '/etc/security/keytabs/dn.keytab'
datanode_3  | HTTP request sent, awaiting response... 200 OK
s3g_1       | 
jhs         | HTTP request sent, awaiting response... 200 OK
om_1        |    2 10/20/19 12:38:45 dn/om@EXAMPLE.COM
datanode_2  |      0K                                                       100% 11.4M=0s
kdc_1       | Authenticating as principal admin/admin with keytab /tmp/admin.keytab.
nm_1        | HTTP request sent, awaiting response... 200 OK
rm_1        | Saving to: '/etc/security/keytabs/dn.keytab'
scm_1       | Saving to: '/etc/security/keytabs/dn.keytab'
datanode_1  | 
datanode_3  | Length: 158 [application/octet-stream]
s3g_1       |      0K                                                       100% 13.1M=0s
jhs         | Length: 140 [application/octet-stream]
kms_1       | 
om_1        | Download om/om@EXAMPLE.COM keytab file to /etc/security/keytabs/om.keytab
kdc_1       | Entry for principal test/test@EXAMPLE.COM with kvno 2, encryption type aes256-cts-hmac-sha1-96 added to keytab WRFILE:/data/test.test.keytab.
nm_1        | Length: 138 [application/octet-stream]
rm_1        | 
datanode_2  | 
scm_1       | 
datanode_1  |      0K                                                       100% 12.5M=0s
datanode_3  | Saving to: '/etc/security/keytabs/dn.keytab'
s3g_1       | 
jhs         | Saving to: '/etc/security/keytabs/dn.keytab'
kms_1       |      0K                                                       100% 11.9M=0s
om_1        | --2019-10-20 12:38:45--  http://kdc:8081/keytab/om/om
kdc_1       | Entry for principal test/test@EXAMPLE.COM with kvno 2, encryption type aes128-cts-hmac-sha1-96 added to keytab WRFILE:/data/test.test.keytab.
nm_1        | Saving to: '/etc/security/keytabs/dn.keytab'
rm_1        |      0K                                                       100% 7.79M=0s
datanode_2  | 2019-10-20 12:38:46 (11.4 MB/s) - '/etc/security/keytabs/dn.keytab' saved [158/158]
datanode_1  | 
datanode_3  | 
jhs         | 
scm_1       |      0K                                                       100% 7.22M=0s
kms_1       | 
om_1        | Resolving kdc (kdc)... 172.18.0.11
kdc_1       | Generiting keytab
rm_1        | 
nm_1        | 
s3g_1       | 2019-10-20 12:38:45 (13.1 MB/s) - '/etc/security/keytabs/dn.keytab' saved [140/140]
datanode_2  | 
datanode_1  | 2019-10-20 12:38:46 (12.5 MB/s) - '/etc/security/keytabs/dn.keytab' saved [158/158]
datanode_3  |      0K                                                       100% 7.83M=0s
jhs         |      0K                                                       100% 9.84M=0s
scm_1       | 
kms_1       | 2019-10-20 12:38:45 (11.9 MB/s) - '/etc/security/keytabs/dn.keytab' saved [158/158]
kdc_1       | Authenticating as principal admin/admin with keytab /tmp/admin.keytab.
om_1        | Connecting to kdc (kdc)|172.18.0.11|:8081... connected.
rm_1        | 2019-10-20 12:38:45 (7.79 MB/s) - '/etc/security/keytabs/dn.keytab' saved [138/138]
nm_1        |      0K                                                       100% 10.8M=0s
s3g_1       | 
datanode_2  | Keytab name: FILE:/etc/security/keytabs/dn.keytab
datanode_1  | 
datanode_3  | 
jhs         | 
scm_1       | 2019-10-20 12:38:45 (7.22 MB/s) - '/etc/security/keytabs/dn.keytab' saved [140/140]
kms_1       | 
kdc_1       | WARNING: no policy specified for test/test@EXAMPLE.COM; defaulting to no policy
om_1        | HTTP request sent, awaiting response... 200 OK
rm_1        | 
nm_1        | 
s3g_1       | Keytab name: FILE:/etc/security/keytabs/dn.keytab
datanode_2  | KVNO Timestamp         Principal
datanode_1  | Keytab name: FILE:/etc/security/keytabs/dn.keytab
datanode_3  | 2019-10-20 12:38:45 (7.83 MB/s) - '/etc/security/keytabs/dn.keytab' saved [158/158]
jhs         | 2019-10-20 12:38:46 (9.84 MB/s) - '/etc/security/keytabs/dn.keytab' saved [140/140]
scm_1       | 
kms_1       | Keytab name: FILE:/etc/security/keytabs/dn.keytab
kdc_1       | add_principal: Principal or policy already exists while creating "test/test@EXAMPLE.COM".
om_1        | Length: 138 [application/octet-stream]
rm_1        | Keytab name: FILE:/etc/security/keytabs/dn.keytab
nm_1        | 2019-10-20 12:38:45 (10.8 MB/s) - '/etc/security/keytabs/dn.keytab' saved [138/138]
s3g_1       | KVNO Timestamp         Principal
datanode_2  | ---- ----------------- --------------------------------------------------------
datanode_1  | KVNO Timestamp         Principal
datanode_3  | 
jhs         | 
scm_1       | Keytab name: FILE:/etc/security/keytabs/dn.keytab
kms_1       | KVNO Timestamp         Principal
kdc_1       | Authenticating as principal admin/admin with keytab /tmp/admin.keytab.
om_1        | Saving to: '/etc/security/keytabs/om.keytab'
rm_1        | KVNO Timestamp         Principal
nm_1        | 
s3g_1       | ---- ----------------- --------------------------------------------------------
datanode_2  |    2 10/20/19 12:38:46 dn/8f2ce611168b@EXAMPLE.COM
datanode_1  | ---- ----------------- --------------------------------------------------------
datanode_3  | Keytab name: FILE:/etc/security/keytabs/dn.keytab
jhs         | Keytab name: FILE:/etc/security/keytabs/dn.keytab
scm_1       | KVNO Timestamp         Principal
kms_1       | ---- ----------------- --------------------------------------------------------
kdc_1       | Entry for principal test/test@EXAMPLE.COM with kvno 3, encryption type aes256-cts-hmac-sha1-96 added to keytab WRFILE:/data/test.test.keytab.
om_1        | 
rm_1        | ---- ----------------- --------------------------------------------------------
nm_1        | Keytab name: FILE:/etc/security/keytabs/dn.keytab
s3g_1       |    2 10/20/19 12:38:45 dn/s3g@EXAMPLE.COM
datanode_2  |    2 10/20/19 12:38:46 dn/8f2ce611168b@EXAMPLE.COM
datanode_1  |    2 10/20/19 12:38:46 dn/a7d88557153e@EXAMPLE.COM
datanode_3  | KVNO Timestamp         Principal
jhs         | KVNO Timestamp         Principal
scm_1       | ---- ----------------- --------------------------------------------------------
kms_1       |    2 10/20/19 12:38:45 dn/71d87154af1b@EXAMPLE.COM
kdc_1       | Entry for principal test/test@EXAMPLE.COM with kvno 3, encryption type aes128-cts-hmac-sha1-96 added to keytab WRFILE:/data/test.test.keytab.
om_1        |      0K                                                       100% 8.11M=0s
rm_1        |    2 10/20/19 12:38:45 dn/rm@EXAMPLE.COM
nm_1        | KVNO Timestamp         Principal
s3g_1       |    2 10/20/19 12:38:45 dn/s3g@EXAMPLE.COM
datanode_2  | Download om/8f2ce611168b@EXAMPLE.COM keytab file to /etc/security/keytabs/om.keytab
datanode_1  |    2 10/20/19 12:38:46 dn/a7d88557153e@EXAMPLE.COM
datanode_3  | ---- ----------------- --------------------------------------------------------
jhs         | ---- ----------------- --------------------------------------------------------
scm_1       |    2 10/20/19 12:38:44 dn/scm@EXAMPLE.COM
kms_1       |    2 10/20/19 12:38:45 dn/71d87154af1b@EXAMPLE.COM
kdc_1       | Generiting keytab
om_1        | 
rm_1        |    2 10/20/19 12:38:45 dn/rm@EXAMPLE.COM
nm_1        | ---- ----------------- --------------------------------------------------------
s3g_1       | Download om/s3g@EXAMPLE.COM keytab file to /etc/security/keytabs/om.keytab
datanode_2  | --2019-10-20 12:38:46--  http://kdc:8081/keytab/8f2ce611168b/om
datanode_1  | Download om/a7d88557153e@EXAMPLE.COM keytab file to /etc/security/keytabs/om.keytab
jhs         |    2 10/20/19 12:38:45 dn/jhs@EXAMPLE.COM
datanode_3  |    2 10/20/19 12:38:45 dn/9c57696e6da3@EXAMPLE.COM
scm_1       |    2 10/20/19 12:38:45 dn/scm@EXAMPLE.COM
kms_1       | Download om/71d87154af1b@EXAMPLE.COM keytab file to /etc/security/keytabs/om.keytab
kdc_1       | Authenticating as principal admin/admin with keytab /tmp/admin.keytab.
om_1        | 2019-10-20 12:38:46 (8.11 MB/s) - '/etc/security/keytabs/om.keytab' saved [138/138]
rm_1        | Download om/rm@EXAMPLE.COM keytab file to /etc/security/keytabs/om.keytab
nm_1        |    2 10/20/19 12:38:45 dn/nm@EXAMPLE.COM
s3g_1       | --2019-10-20 12:38:45--  http://kdc:8081/keytab/s3g/om
datanode_2  | Resolving kdc (kdc)... 172.18.0.11
datanode_1  | --2019-10-20 12:38:46--  http://kdc:8081/keytab/a7d88557153e/om
jhs         |    2 10/20/19 12:38:46 dn/jhs@EXAMPLE.COM
scm_1       | Download om/scm@EXAMPLE.COM keytab file to /etc/security/keytabs/om.keytab
datanode_3  |    2 10/20/19 12:38:45 dn/9c57696e6da3@EXAMPLE.COM
kms_1       | --2019-10-20 12:38:45--  http://kdc:8081/keytab/71d87154af1b/om
kdc_1       | WARNING: no policy specified for test/test@EXAMPLE.COM; defaulting to no policy
om_1        | 
rm_1        | --2019-10-20 12:38:45--  http://kdc:8081/keytab/rm/om
nm_1        |    2 10/20/19 12:38:45 dn/nm@EXAMPLE.COM
s3g_1       | Resolving kdc (kdc)... 172.18.0.11
datanode_2  | Connecting to kdc (kdc)|172.18.0.11|:8081... connected.
datanode_1  | Resolving kdc (kdc)... 172.18.0.11
jhs         | Download om/jhs@EXAMPLE.COM keytab file to /etc/security/keytabs/om.keytab
scm_1       | --2019-10-20 12:38:45--  http://kdc:8081/keytab/scm/om
datanode_3  | Download om/9c57696e6da3@EXAMPLE.COM keytab file to /etc/security/keytabs/om.keytab
kdc_1       | add_principal: Principal or policy already exists while creating "test/test@EXAMPLE.COM".
om_1        | Keytab name: FILE:/etc/security/keytabs/om.keytab
rm_1        | Resolving kdc (kdc)... 172.18.0.11
kms_1       | Resolving kdc (kdc)... 172.18.0.11
nm_1        | Download om/nm@EXAMPLE.COM keytab file to /etc/security/keytabs/om.keytab
s3g_1       | Connecting to kdc (kdc)|172.18.0.11|:8081... connected.
datanode_2  | HTTP request sent, awaiting response... 200 OK
datanode_1  | Connecting to kdc (kdc)|172.18.0.11|:8081... connected.
jhs         | --2019-10-20 12:38:46--  http://kdc:8081/keytab/jhs/om
scm_1       | Resolving kdc (kdc)... 172.18.0.11
datanode_3  | --2019-10-20 12:38:45--  http://kdc:8081/keytab/9c57696e6da3/om
kdc_1       | Authenticating as principal admin/admin with keytab /tmp/admin.keytab.
om_1        | KVNO Timestamp         Principal
rm_1        | Connecting to kdc (kdc)|172.18.0.11|:8081... connected.
kms_1       | Connecting to kdc (kdc)|172.18.0.11|:8081... connected.
nm_1        | --2019-10-20 12:38:45--  http://kdc:8081/keytab/nm/om
s3g_1       | HTTP request sent, awaiting response... 200 OK
datanode_2  | Length: 158 [application/octet-stream]
datanode_1  | HTTP request sent, awaiting response... 200 OK
jhs         | Resolving kdc (kdc)... 172.18.0.11
scm_1       | Connecting to kdc (kdc)|172.18.0.11|:8081... connected.
datanode_3  | Resolving kdc (kdc)... 172.18.0.11
kdc_1       | Entry for principal test/test@EXAMPLE.COM with kvno 4, encryption type aes256-cts-hmac-sha1-96 added to keytab WRFILE:/data/test.test.keytab.
om_1        | ---- ----------------- --------------------------------------------------------
rm_1        | HTTP request sent, awaiting response... 200 OK
kms_1       | HTTP request sent, awaiting response... 200 OK
nm_1        | Resolving kdc (kdc)... 172.18.0.11
s3g_1       | Length: 140 [application/octet-stream]
datanode_2  | Saving to: '/etc/security/keytabs/om.keytab'
datanode_1  | Length: 158 [application/octet-stream]
jhs         | Connecting to kdc (kdc)|172.18.0.11|:8081... connected.
scm_1       | HTTP request sent, awaiting response... 200 OK
datanode_3  | Connecting to kdc (kdc)|172.18.0.11|:8081... connected.
kdc_1       | Entry for principal test/test@EXAMPLE.COM with kvno 4, encryption type aes128-cts-hmac-sha1-96 added to keytab WRFILE:/data/test.test.keytab.
om_1        |    2 10/20/19 12:38:46 om/om@EXAMPLE.COM
rm_1        | Length: 138 [application/octet-stream]
kms_1       | Length: 158 [application/octet-stream]
nm_1        | Connecting to kdc (kdc)|172.18.0.11|:8081... connected.
s3g_1       | Saving to: '/etc/security/keytabs/om.keytab'
datanode_1  | Saving to: '/etc/security/keytabs/om.keytab'
datanode_2  | 
jhs         | HTTP request sent, awaiting response... 200 OK
scm_1       | Length: 140 [application/octet-stream]
datanode_3  | HTTP request sent, awaiting response... 200 OK
kdc_1       | Generiting keytab
om_1        |    2 10/20/19 12:38:46 om/om@EXAMPLE.COM
rm_1        | Saving to: '/etc/security/keytabs/om.keytab'
kms_1       | Saving to: '/etc/security/keytabs/om.keytab'
nm_1        | HTTP request sent, awaiting response... 200 OK
s3g_1       | 
datanode_1  | 
datanode_2  |      0K                                                       100% 15.2M=0s
jhs         | Length: 140 [application/octet-stream]
scm_1       | Saving to: '/etc/security/keytabs/om.keytab'
datanode_3  | Length: 158 [application/octet-stream]
kdc_1       | Authenticating as principal admin/admin with keytab /tmp/admin.keytab.
om_1        | Download scm/om@EXAMPLE.COM keytab file to /etc/security/keytabs/scm.keytab
rm_1        | 
kms_1       | 
nm_1        | Length: 138 [application/octet-stream]
s3g_1       |      0K                                                       100% 10.1M=0s
datanode_1  |      0K                                                       100% 10.9M=0s
datanode_2  | 
jhs         | Saving to: '/etc/security/keytabs/om.keytab'
scm_1       | 
kdc_1       | WARNING: no policy specified for test/test@EXAMPLE.COM; defaulting to no policy
datanode_3  | Saving to: '/etc/security/keytabs/om.keytab'
om_1        | --2019-10-20 12:38:46--  http://kdc:8081/keytab/om/scm
kms_1       |      0K                                                       100% 12.2M=0s
nm_1        | Saving to: '/etc/security/keytabs/om.keytab'
s3g_1       | 
datanode_1  | 
datanode_2  | 2019-10-20 12:38:47 (15.2 MB/s) - '/etc/security/keytabs/om.keytab' saved [158/158]
rm_1        |      0K                                                       100% 11.2M=0s
jhs         | 
scm_1       |      0K                                                       100% 13.7M=0s
kdc_1       | add_principal: Principal or policy already exists while creating "test/test@EXAMPLE.COM".
datanode_3  | 
om_1        | Resolving kdc (kdc)... 172.18.0.11
kms_1       | 
nm_1        | 
s3g_1       | 2019-10-20 12:38:46 (10.1 MB/s) - '/etc/security/keytabs/om.keytab' saved [140/140]
datanode_1  | 2019-10-20 12:38:47 (10.9 MB/s) - '/etc/security/keytabs/om.keytab' saved [158/158]
datanode_2  | 
rm_1        | 
jhs         |      0K                                                       100% 11.4M=0s
scm_1       | 
kdc_1       | Authenticating as principal admin/admin with keytab /tmp/admin.keytab.
datanode_3  |      0K                                                       100% 12.9M=0s
om_1        | Connecting to kdc (kdc)|172.18.0.11|:8081... connected.
kms_1       | 2019-10-20 12:38:46 (12.2 MB/s) - '/etc/security/keytabs/om.keytab' saved [158/158]
nm_1        |      0K                                                       100% 13.9M=0s
datanode_1  | 
s3g_1       | 
datanode_2  | Keytab name: FILE:/etc/security/keytabs/om.keytab
rm_1        | 2019-10-20 12:38:46 (11.2 MB/s) - '/etc/security/keytabs/om.keytab' saved [138/138]
jhs         | 
scm_1       | 2019-10-20 12:38:46 (13.7 MB/s) - '/etc/security/keytabs/om.keytab' saved [140/140]
kdc_1       | Entry for principal test/test@EXAMPLE.COM with kvno 5, encryption type aes256-cts-hmac-sha1-96 added to keytab WRFILE:/data/test.test.keytab.
datanode_3  | 
om_1        | HTTP request sent, awaiting response... 200 OK
kms_1       | 
nm_1        | 
datanode_1  | Keytab name: FILE:/etc/security/keytabs/om.keytab
s3g_1       | Keytab name: FILE:/etc/security/keytabs/om.keytab
datanode_2  | KVNO Timestamp         Principal
jhs         | 2019-10-20 12:38:47 (11.4 MB/s) - '/etc/security/keytabs/om.keytab' saved [140/140]
rm_1        | 
scm_1       | 
kdc_1       | Entry for principal test/test@EXAMPLE.COM with kvno 5, encryption type aes128-cts-hmac-sha1-96 added to keytab WRFILE:/data/test.test.keytab.
datanode_3  | 2019-10-20 12:38:46 (12.9 MB/s) - '/etc/security/keytabs/om.keytab' saved [158/158]
kms_1       | Keytab name: FILE:/etc/security/keytabs/om.keytab
om_1        | Length: 140 [application/octet-stream]
nm_1        | 2019-10-20 12:38:47 (13.9 MB/s) - '/etc/security/keytabs/om.keytab' saved [138/138]
datanode_1  | KVNO Timestamp         Principal
s3g_1       | KVNO Timestamp         Principal
datanode_2  | ---- ----------------- --------------------------------------------------------
jhs         | 
rm_1        | Keytab name: FILE:/etc/security/keytabs/om.keytab
scm_1       | Keytab name: FILE:/etc/security/keytabs/om.keytab
kdc_1       | Generiting keytab
datanode_3  | 
kms_1       | KVNO Timestamp         Principal
om_1        | Saving to: '/etc/security/keytabs/scm.keytab'
nm_1        | 
datanode_1  | ---- ----------------- --------------------------------------------------------
s3g_1       | ---- ----------------- --------------------------------------------------------
jhs         | Keytab name: FILE:/etc/security/keytabs/om.keytab
datanode_2  |    2 10/20/19 12:38:47 om/8f2ce611168b@EXAMPLE.COM
rm_1        | KVNO Timestamp         Principal
scm_1       | KVNO Timestamp         Principal
kdc_1       | Authenticating as principal admin/admin with keytab /tmp/admin.keytab.
datanode_3  | Keytab name: FILE:/etc/security/keytabs/om.keytab
kms_1       | ---- ----------------- --------------------------------------------------------
om_1        | 
nm_1        | Keytab name: FILE:/etc/security/keytabs/om.keytab
datanode_1  |    2 10/20/19 12:38:47 om/a7d88557153e@EXAMPLE.COM
s3g_1       |    2 10/20/19 12:38:46 om/s3g@EXAMPLE.COM
jhs         | KVNO Timestamp         Principal
datanode_2  |    2 10/20/19 12:38:47 om/8f2ce611168b@EXAMPLE.COM
rm_1        | ---- ----------------- --------------------------------------------------------
scm_1       | ---- ----------------- --------------------------------------------------------
kdc_1       | WARNING: no policy specified for test/test@EXAMPLE.COM; defaulting to no policy
datanode_3  | KVNO Timestamp         Principal
kms_1       |    2 10/20/19 12:38:46 om/71d87154af1b@EXAMPLE.COM
om_1        |      0K                                                       100% 11.4M=0s
nm_1        | KVNO Timestamp         Principal
datanode_1  |    2 10/20/19 12:38:47 om/a7d88557153e@EXAMPLE.COM
jhs         | ---- ----------------- --------------------------------------------------------
s3g_1       |    2 10/20/19 12:38:46 om/s3g@EXAMPLE.COM
datanode_2  | Download scm/8f2ce611168b@EXAMPLE.COM keytab file to /etc/security/keytabs/scm.keytab
rm_1        |    2 10/20/19 12:38:46 om/rm@EXAMPLE.COM
scm_1       |    2 10/20/19 12:38:46 om/scm@EXAMPLE.COM
datanode_3  | ---- ----------------- --------------------------------------------------------
kdc_1       | add_principal: Principal or policy already exists while creating "test/test@EXAMPLE.COM".
kms_1       |    2 10/20/19 12:38:46 om/71d87154af1b@EXAMPLE.COM
om_1        | 
nm_1        | ---- ----------------- --------------------------------------------------------
datanode_1  | Download scm/a7d88557153e@EXAMPLE.COM keytab file to /etc/security/keytabs/scm.keytab
jhs         |    2 10/20/19 12:38:47 om/jhs@EXAMPLE.COM
datanode_2  | --2019-10-20 12:38:47--  http://kdc:8081/keytab/8f2ce611168b/scm
rm_1        |    2 10/20/19 12:38:46 om/rm@EXAMPLE.COM
s3g_1       | Download scm/s3g@EXAMPLE.COM keytab file to /etc/security/keytabs/scm.keytab
scm_1       |    2 10/20/19 12:38:46 om/scm@EXAMPLE.COM
kdc_1       | Authenticating as principal admin/admin with keytab /tmp/admin.keytab.
datanode_3  |    2 10/20/19 12:38:46 om/9c57696e6da3@EXAMPLE.COM
kms_1       | Download scm/71d87154af1b@EXAMPLE.COM keytab file to /etc/security/keytabs/scm.keytab
om_1        | 2019-10-20 12:38:48 (11.4 MB/s) - '/etc/security/keytabs/scm.keytab' saved [140/140]
nm_1        |    2 10/20/19 12:38:47 om/nm@EXAMPLE.COM
jhs         |    2 10/20/19 12:38:47 om/jhs@EXAMPLE.COM
datanode_1  | --2019-10-20 12:38:47--  http://kdc:8081/keytab/a7d88557153e/scm
datanode_2  | Resolving kdc (kdc)... 172.18.0.11
rm_1        | Download scm/rm@EXAMPLE.COM keytab file to /etc/security/keytabs/scm.keytab
s3g_1       | --2019-10-20 12:38:46--  http://kdc:8081/keytab/s3g/scm
scm_1       | Download scm/scm@EXAMPLE.COM keytab file to /etc/security/keytabs/scm.keytab
kdc_1       | Entry for principal test/test@EXAMPLE.COM with kvno 6, encryption type aes256-cts-hmac-sha1-96 added to keytab WRFILE:/data/test.test.keytab.
datanode_3  |    2 10/20/19 12:38:46 om/9c57696e6da3@EXAMPLE.COM
kms_1       | --2019-10-20 12:38:46--  http://kdc:8081/keytab/71d87154af1b/scm
om_1        | 
nm_1        |    2 10/20/19 12:38:47 om/nm@EXAMPLE.COM
jhs         | Download scm/jhs@EXAMPLE.COM keytab file to /etc/security/keytabs/scm.keytab
datanode_1  | Resolving kdc (kdc)... 172.18.0.11
datanode_2  | Connecting to kdc (kdc)|172.18.0.11|:8081... connected.
rm_1        | --2019-10-20 12:38:46--  http://kdc:8081/keytab/rm/scm
s3g_1       | Resolving kdc (kdc)... 172.18.0.11
scm_1       | --2019-10-20 12:38:46--  http://kdc:8081/keytab/scm/scm
kdc_1       | Entry for principal test/test@EXAMPLE.COM with kvno 6, encryption type aes128-cts-hmac-sha1-96 added to keytab WRFILE:/data/test.test.keytab.
datanode_3  | Download scm/9c57696e6da3@EXAMPLE.COM keytab file to /etc/security/keytabs/scm.keytab
kms_1       | Resolving kdc (kdc)... 172.18.0.11
om_1        | Keytab name: FILE:/etc/security/keytabs/scm.keytab
nm_1        | Download scm/nm@EXAMPLE.COM keytab file to /etc/security/keytabs/scm.keytab
jhs         | --2019-10-20 12:38:47--  http://kdc:8081/keytab/jhs/scm
datanode_1  | Connecting to kdc (kdc)|172.18.0.11|:8081... connected.
datanode_2  | HTTP request sent, awaiting response... 200 OK
rm_1        | Resolving kdc (kdc)... 172.18.0.11
s3g_1       | Connecting to kdc (kdc)|172.18.0.11|:8081... connected.
scm_1       | Resolving kdc (kdc)... 172.18.0.11
kdc_1       | Generiting keytab
datanode_3  | --2019-10-20 12:38:46--  http://kdc:8081/keytab/9c57696e6da3/scm
kms_1       | Connecting to kdc (kdc)|172.18.0.11|:8081... connected.
om_1        | KVNO Timestamp         Principal
nm_1        | --2019-10-20 12:38:47--  http://kdc:8081/keytab/nm/scm
jhs         | Resolving kdc (kdc)... 172.18.0.11
datanode_1  | HTTP request sent, awaiting response... 200 OK
datanode_2  | Length: 160 [application/octet-stream]
rm_1        | Connecting to kdc (kdc)|172.18.0.11|:8081... connected.
s3g_1       | HTTP request sent, awaiting response... 200 OK
scm_1       | Connecting to kdc (kdc)|172.18.0.11|:8081... connected.
kdc_1       | Authenticating as principal admin/admin with keytab /tmp/admin.keytab.
datanode_3  | Resolving kdc (kdc)... 172.18.0.11
kms_1       | HTTP request sent, awaiting response... 200 OK
nm_1        | Resolving kdc (kdc)... 172.18.0.11
jhs         | Connecting to kdc (kdc)|172.18.0.11|:8081... connected.
datanode_1  | Length: 160 [application/octet-stream]
datanode_2  | Saving to: '/etc/security/keytabs/scm.keytab'
rm_1        | HTTP request sent, awaiting response... 200 OK
s3g_1       | Length: 142 [application/octet-stream]
scm_1       | HTTP request sent, awaiting response... 200 OK
om_1        | ---- ----------------- --------------------------------------------------------
kdc_1       | WARNING: no policy specified for test/test@EXAMPLE.COM; defaulting to no policy
datanode_3  | Connecting to kdc (kdc)|172.18.0.11|:8081... connected.
kms_1       | Length: 160 [application/octet-stream]
nm_1        | Connecting to kdc (kdc)|172.18.0.11|:8081... connected.
jhs         | HTTP request sent, awaiting response... 200 OK
datanode_1  | Saving to: '/etc/security/keytabs/scm.keytab'
rm_1        | Length: 140 [application/octet-stream]
s3g_1       | Saving to: '/etc/security/keytabs/scm.keytab'
scm_1       | Length: 142 [application/octet-stream]
om_1        |    2 10/20/19 12:38:48 scm/om@EXAMPLE.COM
kdc_1       | add_principal: Principal or policy already exists while creating "test/test@EXAMPLE.COM".
datanode_2  | 
datanode_3  | HTTP request sent, awaiting response... 200 OK
kms_1       | Saving to: '/etc/security/keytabs/scm.keytab'
nm_1        | HTTP request sent, awaiting response... 200 OK
jhs         | Length: 142 [application/octet-stream]
datanode_1  | 
rm_1        | Saving to: '/etc/security/keytabs/scm.keytab'
s3g_1       | 
scm_1       | Saving to: '/etc/security/keytabs/scm.keytab'
om_1        |    2 10/20/19 12:38:48 scm/om@EXAMPLE.COM
kdc_1       | Authenticating as principal admin/admin with keytab /tmp/admin.keytab.
datanode_2  |      0K                                                       100% 12.5M=0s
datanode_3  | Length: 160 [application/octet-stream]
nm_1        | Length: 140 [application/octet-stream]
jhs         | Saving to: '/etc/security/keytabs/scm.keytab'
datanode_1  |      0K                                                       100% 12.2M=0s
rm_1        | 
kms_1       | 
s3g_1       |      0K                                                       100% 10.7M=0s
scm_1       | 
om_1        | Download HTTP/om@EXAMPLE.COM keytab file to /etc/security/keytabs/HTTP.keytab
kdc_1       | Oct 20 12:38:44 kdc krb5kdc[9](info): AS_REQ (8 etypes {18 17 20 19 16 23 25 26}) 127.0.0.1: SERVER_NOT_FOUND: admin/admin@EXAMPLE.COM for kadmin/localhost@EXAMPLE.COM, Server not found in Kerberos database
datanode_2  | 
datanode_3  | Saving to: '/etc/security/keytabs/scm.keytab'
jhs         | 
nm_1        | Saving to: '/etc/security/keytabs/scm.keytab'
datanode_1  | 
rm_1        |      0K                                                       100% 9.50M=0s
kms_1       |      0K                                                       100% 12.4M=0s
s3g_1       | 
scm_1       |      0K                                                       100% 9.76M=0s
om_1        | --2019-10-20 12:38:48--  http://kdc:8081/keytab/om/HTTP
kdc_1       | Oct 20 12:38:44 kdc krb5kdc[9](info): AS_REQ (8 etypes {18 17 20 19 16 23 25 26}) 127.0.0.1: ISSUE: authtime 1571575124, etypes {rep=18 tkt=18 ses=18}, admin/admin@EXAMPLE.COM for kadmin/admin@EXAMPLE.COM
datanode_2  | 2019-10-20 12:38:48 (12.5 MB/s) - '/etc/security/keytabs/scm.keytab' saved [160/160]
datanode_3  | 
jhs         |      0K                                                       100% 12.3M=0s
nm_1        | 
datanode_1  | 2019-10-20 12:38:48 (12.2 MB/s) - '/etc/security/keytabs/scm.keytab' saved [160/160]
rm_1        | 
kms_1       | 
s3g_1       | 2019-10-20 12:38:47 (10.7 MB/s) - '/etc/security/keytabs/scm.keytab' saved [142/142]
scm_1       | 
om_1        | Resolving kdc (kdc)... 172.18.0.11
kdc_1       | Oct 20 12:38:44 kdc krb5kdc[9](info): AS_REQ (8 etypes {18 17 20 19 16 23 25 26}) 127.0.0.1: SERVER_NOT_FOUND: admin/admin@EXAMPLE.COM for kadmin/localhost@EXAMPLE.COM, Server not found in Kerberos database
datanode_2  | 
datanode_3  |      0K                                                       100% 11.9M=0s
jhs         | 
nm_1        |      0K                                                       100% 7.78M=0s
datanode_1  | 
rm_1        | 2019-10-20 12:38:48 (9.50 MB/s) - '/etc/security/keytabs/scm.keytab' saved [140/140]
kms_1       | 2019-10-20 12:38:47 (12.4 MB/s) - '/etc/security/keytabs/scm.keytab' saved [160/160]
s3g_1       | 
scm_1       | 2019-10-20 12:38:47 (9.76 MB/s) - '/etc/security/keytabs/scm.keytab' saved [142/142]
kdc_1       | Oct 20 12:38:44 kdc krb5kdc[9](info): AS_REQ (8 etypes {18 17 20 19 16 23 25 26}) 127.0.0.1: ISSUE: authtime 1571575124, etypes {rep=18 tkt=18 ses=18}, admin/admin@EXAMPLE.COM for kadmin/admin@EXAMPLE.COM
om_1        | Connecting to kdc (kdc)|172.18.0.11|:8081... connected.
datanode_2  | Keytab name: FILE:/etc/security/keytabs/scm.keytab
datanode_3  | 
jhs         | 2019-10-20 12:38:48 (12.3 MB/s) - '/etc/security/keytabs/scm.keytab' saved [142/142]
nm_1        | 
datanode_1  | Keytab name: FILE:/etc/security/keytabs/scm.keytab
rm_1        | 
kms_1       | 
s3g_1       | Keytab name: FILE:/etc/security/keytabs/scm.keytab
scm_1       | 
kdc_1       | Oct 20 12:38:44 kdc krb5kdc[9](info): AS_REQ (8 etypes {18 17 20 19 16 23 25 26}) 127.0.0.1: SERVER_NOT_FOUND: admin/admin@EXAMPLE.COM for kadmin/localhost@EXAMPLE.COM, Server not found in Kerberos database
om_1        | HTTP request sent, awaiting response... 200 OK
datanode_2  | KVNO Timestamp         Principal
datanode_3  | 2019-10-20 12:38:47 (11.9 MB/s) - '/etc/security/keytabs/scm.keytab' saved [160/160]
nm_1        | 2019-10-20 12:38:48 (7.78 MB/s) - '/etc/security/keytabs/scm.keytab' saved [140/140]
datanode_1  | KVNO Timestamp         Principal
rm_1        | Keytab name: FILE:/etc/security/keytabs/scm.keytab
kms_1       | Keytab name: FILE:/etc/security/keytabs/scm.keytab
s3g_1       | KVNO Timestamp         Principal
scm_1       | Keytab name: FILE:/etc/security/keytabs/scm.keytab
kdc_1       | Oct 20 12:38:44 kdc krb5kdc[9](info): AS_REQ (8 etypes {18 17 20 19 16 23 25 26}) 127.0.0.1: ISSUE: authtime 1571575124, etypes {rep=18 tkt=18 ses=18}, admin/admin@EXAMPLE.COM for kadmin/admin@EXAMPLE.COM
om_1        | Length: 142 [application/octet-stream]
datanode_2  | ---- ----------------- --------------------------------------------------------
datanode_3  | 
jhs         | 
nm_1        | 
datanode_1  | ---- ----------------- --------------------------------------------------------
rm_1        | KVNO Timestamp         Principal
kms_1       | KVNO Timestamp         Principal
s3g_1       | ---- ----------------- --------------------------------------------------------
scm_1       | KVNO Timestamp         Principal
kdc_1       | Oct 20 12:38:44 kdc krb5kdc[9](info): AS_REQ (8 etypes {18 17 20 19 16 23 25 26}) 127.0.0.1: SERVER_NOT_FOUND: admin/admin@EXAMPLE.COM for kadmin/localhost@EXAMPLE.COM, Server not found in Kerberos database
om_1        | Saving to: '/etc/security/keytabs/HTTP.keytab'
datanode_2  |    2 10/20/19 12:38:48 scm/8f2ce611168b@EXAMPLE.COM
datanode_3  | Keytab name: FILE:/etc/security/keytabs/scm.keytab
jhs         | Keytab name: FILE:/etc/security/keytabs/scm.keytab
nm_1        | Keytab name: FILE:/etc/security/keytabs/scm.keytab
datanode_1  |    2 10/20/19 12:38:48 scm/a7d88557153e@EXAMPLE.COM
rm_1        | ---- ----------------- --------------------------------------------------------
kms_1       | ---- ----------------- --------------------------------------------------------
s3g_1       |    2 10/20/19 12:38:47 scm/s3g@EXAMPLE.COM
scm_1       | ---- ----------------- --------------------------------------------------------
kdc_1       | Oct 20 12:38:44 kdc krb5kdc[9](info): AS_REQ (8 etypes {18 17 20 19 16 23 25 26}) 127.0.0.1: ISSUE: authtime 1571575124, etypes {rep=18 tkt=18 ses=18}, admin/admin@EXAMPLE.COM for kadmin/admin@EXAMPLE.COM
om_1        | 
datanode_3  | KVNO Timestamp         Principal
datanode_2  |    2 10/20/19 12:38:48 scm/8f2ce611168b@EXAMPLE.COM
nm_1        | KVNO Timestamp         Principal
datanode_1  |    2 10/20/19 12:38:48 scm/a7d88557153e@EXAMPLE.COM
jhs         | KVNO Timestamp         Principal
rm_1        |    2 10/20/19 12:38:48 scm/rm@EXAMPLE.COM
kms_1       |    2 10/20/19 12:38:47 scm/71d87154af1b@EXAMPLE.COM
s3g_1       |    2 10/20/19 12:38:47 scm/s3g@EXAMPLE.COM
scm_1       |    2 10/20/19 12:38:47 scm/scm@EXAMPLE.COM
kdc_1       | Oct 20 12:38:44 kdc krb5kdc[9](info): AS_REQ (8 etypes {18 17 20 19 16 23 25 26}) 127.0.0.1: SERVER_NOT_FOUND: admin/admin@EXAMPLE.COM for kadmin/localhost@EXAMPLE.COM, Server not found in Kerberos database
om_1        |      0K                                                       100% 12.6M=0s
datanode_3  | ---- ----------------- --------------------------------------------------------
datanode_2  | Download HTTP/8f2ce611168b@EXAMPLE.COM keytab file to /etc/security/keytabs/HTTP.keytab
nm_1        | ---- ----------------- --------------------------------------------------------
datanode_1  | Download HTTP/a7d88557153e@EXAMPLE.COM keytab file to /etc/security/keytabs/HTTP.keytab
jhs         | ---- ----------------- --------------------------------------------------------
rm_1        |    2 10/20/19 12:38:48 scm/rm@EXAMPLE.COM
kms_1       |    2 10/20/19 12:38:47 scm/71d87154af1b@EXAMPLE.COM
s3g_1       | Download HTTP/s3g@EXAMPLE.COM keytab file to /etc/security/keytabs/HTTP.keytab
scm_1       |    2 10/20/19 12:38:47 scm/scm@EXAMPLE.COM
kdc_1       | Oct 20 12:38:44 kdc krb5kdc[9](info): AS_REQ (8 etypes {18 17 20 19 16 23 25 26}) 127.0.0.1: ISSUE: authtime 1571575124, etypes {rep=18 tkt=18 ses=18}, admin/admin@EXAMPLE.COM for kadmin/admin@Oct 20 12:38:44 kdc kadmind[15](Notice): Request: kadm5_init, admin/admin@EXAMPLE.COM, success, client=admin/admin@EXAMPLE.COM, service=kadmin/admin@EXAMPLE.COM, addr=127.0.0.1, vers=4, flavor=6
datanode_3  |    2 10/20/19 12:38:47 scm/9c57696e6da3@EXAMPLE.COM
datanode_2  | --2019-10-20 12:38:48--  http://kdc:8081/keytab/8f2ce611168b/HTTP
datanode_1  | --2019-10-20 12:38:48--  http://kdc:8081/keytab/a7d88557153e/HTTP
nm_1        |    2 10/20/19 12:38:48 scm/nm@EXAMPLE.COM
om_1        | 
jhs         |    2 10/20/19 12:38:48 scm/jhs@EXAMPLE.COM
rm_1        | Download HTTP/rm@EXAMPLE.COM keytab file to /etc/security/keytabs/HTTP.keytab
kms_1       | Download HTTP/71d87154af1b@EXAMPLE.COM keytab file to /etc/security/keytabs/HTTP.keytab
s3g_1       | --2019-10-20 12:38:47--  http://kdc:8081/keytab/s3g/HTTP
scm_1       | Download HTTP/scm@EXAMPLE.COM keytab file to /etc/security/keytabs/HTTP.keytab
kdc_1       | Oct 20 12:38:44 kdc kadmind[15](Notice): Request: kadm5_get_policy, default, Policy does not exist, client=admin/admin@EXAMPLE.COM, service=kadmin/admin@EXAMPLE.COM, addr=127.0.0.1
datanode_2  | Resolving kdc (kdc)... 172.18.0.11
datanode_1  | Resolving kdc (kdc)... 172.18.0.11
nm_1        |    2 10/20/19 12:38:48 scm/nm@EXAMPLE.COM
om_1        | 2019-10-20 12:38:49 (12.6 MB/s) - '/etc/security/keytabs/HTTP.keytab' saved [142/142]
jhs         |    2 10/20/19 12:38:48 scm/jhs@EXAMPLE.COM
rm_1        | --2019-10-20 12:38:48--  http://kdc:8081/keytab/rm/HTTP
kms_1       | --2019-10-20 12:38:47--  http://kdc:8081/keytab/71d87154af1b/HTTP
datanode_3  |    2 10/20/19 12:38:47 scm/9c57696e6da3@EXAMPLE.COM
s3g_1       | Resolving kdc (kdc)... 172.18.0.11
scm_1       | --2019-10-20 12:38:47--  http://kdc:8081/keytab/scm/HTTP
kdc_1       | Oct 20 12:38:44 kdc kadmind[15](Notice): Request: kadm5_create_principal, test/test@EXAMPLE.COM, success, client=admin/admin@EXAMPLE.COM, service=kadmin/admin@EXAMPLE.COM, addr=127.0.0.1
datanode_2  | Connecting to kdc (kdc)|172.18.0.11|:8081... connected.
datanode_1  | Connecting to kdc (kdc)|172.18.0.11|:8081... connected.
nm_1        | Download HTTP/nm@EXAMPLE.COM keytab file to /etc/security/keytabs/HTTP.keytab
om_1        | 
jhs         | Download HTTP/jhs@EXAMPLE.COM keytab file to /etc/security/keytabs/HTTP.keytab
rm_1        | Resolving kdc (kdc)... 172.18.0.11
kms_1       | Resolving kdc (kdc)... 172.18.0.11
datanode_3  | Download HTTP/9c57696e6da3@EXAMPLE.COM keytab file to /etc/security/keytabs/HTTP.keytab
s3g_1       | Connecting to kdc (kdc)|172.18.0.11|:8081... connected.
scm_1       | Resolving kdc (kdc)... 172.18.0.11
kdc_1       | Oct 20 12:38:44 kdc kadmind[15](info): closing down fd 18
datanode_2  | HTTP request sent, awaiting response... 200 OK
datanode_1  | HTTP request sent, awaiting response... 200 OK
nm_1        | --2019-10-20 12:38:48--  http://kdc:8081/keytab/nm/HTTP
om_1        | Keytab name: FILE:/etc/security/keytabs/HTTP.keytab
jhs         | --2019-10-20 12:38:48--  http://kdc:8081/keytab/jhs/HTTP
rm_1        | Connecting to kdc (kdc)|172.18.0.11|:8081... connected.
kms_1       | Connecting to kdc (kdc)|172.18.0.11|:8081... connected.
datanode_3  | --2019-10-20 12:38:47--  http://kdc:8081/keytab/9c57696e6da3/HTTP
s3g_1       | HTTP request sent, awaiting response... 200 OK
scm_1       | Connecting to kdc (kdc)|172.18.0.11|:8081... connected.
kdc_1       | Oct 20 12:38:44 kdc kadmind[15](Notice): Request: kadm5_init, admin/admin@EXAMPLE.COM, success, client=admin/admin@EXAMPLE.COM, service=kadmin/admin@EXAMPLE.COM, addr=127.0.0.1, vers=4, flavor=6
datanode_2  | Length: 162 [application/octet-stream]
datanode_1  | Length: 162 [application/octet-stream]
nm_1        | Resolving kdc (kdc)... 172.18.0.11
om_1        | KVNO Timestamp         Principal
rm_1        | HTTP request sent, awaiting response... 200 OK
kms_1       | HTTP request sent, awaiting response... 200 OK
datanode_3  | Resolving kdc (kdc)... 172.18.0.11
s3g_1       | Length: 144 [application/octet-stream]
scm_1       | HTTP request sent, awaiting response... 200 OK
kdc_1       | Oct 20 12:38:44 kdc kadmind[15](Notice): Request: kadm5_randkey_principal, test/test@EXAMPLE.COM, success, client=admin/admin@EXAMPLE.COM, service=kadmin/admin@EXAMPLE.COM, addr=127.0.0.1
datanode_2  | Saving to: '/etc/security/keytabs/HTTP.keytab'
datanode_1  | Saving to: '/etc/security/keytabs/HTTP.keytab'
nm_1        | Connecting to kdc (kdc)|172.18.0.11|:8081... connected.
om_1        | ---- ----------------- --------------------------------------------------------
jhs         | Resolving kdc (kdc)... 172.18.0.11
rm_1        | Length: 142 [application/octet-stream]
kms_1       | Length: 162 [application/octet-stream]
datanode_3  | Connecting to kdc (kdc)|172.18.0.11|:8081... connected.
s3g_1       | Saving to: '/etc/security/keytabs/HTTP.keytab'
scm_1       | Length: 144 [application/octet-stream]
kdc_1       | Oct 20 12:38:44 kdc EXAMPLE.COM
datanode_2  | 
datanode_1  | 
nm_1        | HTTP request sent, awaiting response... 200 OK
om_1        |    2 10/20/19 12:38:49 HTTP/om@EXAMPLE.COM
jhs         | Connecting to kdc (kdc)|172.18.0.11|:8081... connected.
rm_1        | Saving to: '/etc/security/keytabs/HTTP.keytab'
kms_1       | Saving to: '/etc/security/keytabs/HTTP.keytab'
datanode_3  | HTTP request sent, awaiting response... 200 OK
s3g_1       | 
scm_1       | Saving to: '/etc/security/keytabs/HTTP.keytab'
datanode_2  |      0K                                                       100% 12.6M=0s
datanode_1  |      0K                                                       100% 11.8M=0s
nm_1        | Length: 142 [application/octet-stream]
jhs         | HTTP request sent, awaiting response... 200 OK
kdc_1       | Oct 20 12:38:44 kdc krb5kdc[9](info): AS_REQ (8 etypes {18 17 20 19 16 23 25 26}) 127.0.0.1: SERVER_NOT_FOUND: admin/admin@EXAMPLE.COM for kadmin/localhost@EXAMPLE.COM, Server not found in Kerberos database
rm_1        | 
kms_1       | 
datanode_3  | Length: 162 [application/octet-stream]
s3g_1       |      0K                                                       100% 8.65M=0s
scm_1       | 
om_1        |    2 10/20/19 12:38:49 HTTP/om@EXAMPLE.COM
datanode_2  | 
datanode_1  | 
nm_1        | Saving to: '/etc/security/keytabs/HTTP.keytab'
jhs         | Length: 144 [application/octet-stream]
rm_1        |      0K                                                       100% 17.2M=0s
kdc_1       | Oct 20 12:38:44 kdc krb5kdc[9](info): AS_REQ (8 etypes {18 17 20 19 16 23 25 26}) 127.0.0.1: ISSUE: authtime 1571575124, etypes {rep=18 tkt=18 ses=18}, admin/admin@EXAMPLE.COM for kadmin/admin@EXAMPLE.COM
kms_1       |      0K                                                       100% 17.4M=0s
datanode_3  | Saving to: '/etc/security/keytabs/HTTP.keytab'
s3g_1       | 
scm_1       |      0K                                                       100% 13.8M=0s
om_1        | Download testuser/om@EXAMPLE.COM keytab file to /etc/security/keytabs/testuser.keytab
datanode_2  | 2019-10-20 12:38:49 (12.6 MB/s) - '/etc/security/keytabs/HTTP.keytab' saved [162/162]
datanode_1  | 2019-10-20 12:38:50 (11.8 MB/s) - '/etc/security/keytabs/HTTP.keytab' saved [162/162]
nm_1        | 
rm_1        | 
kdc_1       | Oct 20 12:38:44 kdc krb5kdc[9](info): AS_REQ (8 etypes {18 17 20 19 16 23 25 26}) 127.0.0.1: SERVER_NOT_FOUND: admin/admin@EXAMPLE.COM for kadmin/localhost@EXAMPLE.COM, Server not found in Kerberos database
kms_1       | 
datanode_3  | 
s3g_1       | 2019-10-20 12:38:48 (8.65 MB/s) - '/etc/security/keytabs/HTTP.keytab' saved [144/144]
om_1        | --2019-10-20 12:38:49--  http://kdc:8081/keytab/om/testuser
scm_1       | 
jhs         | Saving to: '/etc/security/keytabs/HTTP.keytab'
datanode_2  | 
datanode_1  | 
nm_1        |      0K                                                       100% 3.76M=0s
rm_1        | 2019-10-20 12:38:49 (17.2 MB/s) - '/etc/security/keytabs/HTTP.keytab' saved [142/142]
kdc_1       | Oct 20 12:38:44 kdc krb5kdc[9](info): AS_REQ (8 etypes {18 17 20 19 16 23 25 26}) 127.0.0.1: ISSUE: authtime 1571575124, etypes {rep=18 tkt=18 ses=18}, admin/admin@EXAMPLE.COM for kadmin/admin@EXAMPLE.COM
kms_1       | 2019-10-20 12:38:49 (17.4 MB/s) - '/etc/security/keytabs/HTTP.keytab' saved [162/162]
datanode_3  |      0K                                                       100% 12.5M=0s
s3g_1       | 
scm_1       | 2019-10-20 12:38:48 (13.8 MB/s) - '/etc/security/keytabs/HTTP.keytab' saved [144/144]
jhs         | 
om_1        | Resolving kdc (kdc)... 172.18.0.11
datanode_2  | Keytab name: FILE:/etc/security/keytabs/HTTP.keytab
nm_1        | 
rm_1        | 
kdc_1       | Oct 20 12:38:44 kdc krb5kdc[9](info): AS_REQ (8 etypes {18 17 20 19 16 23 25 26}) 127.0.0.1: SERVER_NOT_FOUND: admin/admin@EXAMPLE.COM for kadmin/localhost@EXAMPLE.COM, Server not found inkadmind[15](Notice): Request: kadm5_get_principal, test/test@EXAMPLE.COM, success, client=admin/admin@EXAMPLE.COM, service=kadmin/admin@EXAMPLE.COM, addr=127.0.0.1
kms_1       | 
datanode_3  | 
s3g_1       | Keytab name: FILE:/etc/security/keytabs/HTTP.keytab
scm_1       | 
