kdc_1       | Oct 10 21:11:39 kdc kadmind[15](Notice): Request: kadm5_randkey_principal, HTTP/scm@EXAMPLE.COM, success, client=admin/admin@EXAMPLE.COM, service=kadmin/admin@EXAMPLE.COM, addr=127.0.0.1
datanode_2  | 2019-10-10 21:11:51,419 INFO server.GrpcService: 4786d290-2d47-4f7c-a3fb-a54df0cac239: GrpcService started, listening on 0.0.0.0/0.0.0.0:9858
om_1        | 2019-10-10 21:11:51,353 INFO security.UserGroupInformation: Login successful for user om/om@EXAMPLE.COM using keytab file /etc/security/keytabs/om.keytab
datanode_3  | 2019-10-10 21:11:51,237 [Datanode State Machine Thread - 0] INFO       - Attempting to start container services.
datanode_1  | 2019-10-10 21:11:54,949 INFO server.RaftServerConfigKeys: raft.server.log.appender.install.snapshot.enabled = false (custom)
s3g_1       | 20191010T211851Z
scm_1       | 2019-10-10 21:11:46,417 INFO hdfs.DFSUtil: Starting Web-server for scm at: http://0.0.0.0:9876
kdc_1       | Oct 10 21:11:39 kdc kadmind[15](Notice): Request: kadm5_get_principal, HTTP/scm@EXAMPLE.COM, success, client=admin/admin@EXAMPLE.COM, service=kadmin/admin@EXAMPLE.COM, addr=127.0.0.1
om_1        | 2019-10-10 21:11:51,354 [main] INFO       - Ozone Manager login successful.
datanode_2  | 2019-10-10 21:11:54,448 INFO impl.RaftServerProxy: 4786d290-2d47-4f7c-a3fb-a54df0cac239: addNew group-36A1D62B0197:[4786d290-2d47-4f7c-a3fb-a54df0cac239:172.18.0.10:9858] returns group-36A1D62B0197:java.util.concurrent.CompletableFuture@7da78789[Not completed]
datanode_3  | 2019-10-10 21:11:51,239 [Datanode State Machine Thread - 0] INFO       - Background container scanner has been disabled.
datanode_1  | 2019-10-10 21:11:54,956 INFO impl.RaftServerImpl: 7e342b4d-ed39-4901-9eda-4e78c6f9a327@group-FD1150A02E0E: ConfigurationManager, init=-1: [7e342b4d-ed39-4901-9eda-4e78c6f9a327:172.18.0.9:9858], old=null, confs=<EMPTY_MAP>
s3g_1       | 20191010/us-west-1/s3/aws4_request
scm_1       | 2019-10-10 21:11:46,549 INFO server.AuthenticationFilter: Unable to initialize FileSignerSecretProvider, falling back to use random secrets.
kdc_1       | Oct 10 21:11:39 kdc kadmind[15](info): closing down fd 18
om_1        | 2019-10-10 21:11:51,355 WARN server.ServerUtils: ozone.om.db.dirs is not configured. We recommend adding this setting. Falling back to ozone.metadata.dirs instead.
datanode_2  | 2019-10-10 21:11:54,463 INFO impl.RaftServerImpl: 4786d290-2d47-4f7c-a3fb-a54df0cac239: new RaftServerImpl for group-36A1D62B0197:[4786d290-2d47-4f7c-a3fb-a54df0cac239:172.18.0.10:9858] with ContainerStateMachine:uninitialized
datanode_1  | 2019-10-10 21:11:54,956 INFO server.RaftServerConfigKeys: raft.server.storage.dir = [/data/metadata/ratis] (custom)
s3g_1       | 1699c4e855500961e80ad7685719eed5e3decdac157bb6be85b90e4528e17855, signature=99b86dcb84fee5a1daff6be9428bfe7ffeb25e5190088b9fe6c9b92ccf6e8b04, awsAccessKeyId=dlfknslnfslf
scm_1       | 2019-10-10 21:11:46,563 INFO http.HttpRequestLog: Http request log for http.requests.scm is not defined
datanode_3  | 2019-10-10 21:11:51,239 [Datanode State Machine Thread - 0] INFO       - Starting XceiverServerRatis 16001ff7-b991-4cf0-bcb8-c134c08732a2 at port 9858
kdc_1       | Oct 10 21:11:39 kdc kadmind[15](Notice): Request: kadm5_init, admin/admin@EXAMPLE.COM, successOct 10 21:11:38 kdc krb5kdc[9](info): AS_REQ (8 etypes {18 17 20 19 16 23 25 26}) 127.0.0.1: SERVER_NOT_FOUND: admin/admin@EXAMPLE.COM for kadmin/localhost@EXAMPLE.COM, Server not found in Kerberos database
om_1        | 2019-10-10 21:11:52,186 INFO client.OMCertificateClient: Loading certificate from location:/data/metadata/om/certs.
datanode_1  | 2019-10-10 21:11:54,961 INFO server.RaftServerConfigKeys: raft.server.log.corruption.policy = EXCEPTION (default)
s3g_1       | 2019-10-10 21:18:51,804 INFO retry.RetryInvocationHandler: com.google.protobuf.ServiceException: org.apache.hadoop.ipc.RemoteException(org.apache.hadoop.security.token.SecretManager$InvalidToken): No S3 secret found for S3 identifier:OzoneToken owner=dlfknslnfslf, renewer=, realUser=, issueDate=0, maxDate=0, sequenceNumber=0, masterKeyId=0, strToSign=AWS4-HMAC-SHA256
datanode_2  | 2019-10-10 21:11:54,464 INFO server.RaftServerConfigKeys: raft.server.rpc.timeout.min = 5s (custom)
scm_1       | 2019-10-10 21:11:46,572 INFO http.HttpServer2: Added global filter 'safety' (class=org.apache.hadoop.http.HttpServer2$QuotingInputFilter)
datanode_3  | 2019-10-10 21:11:51,258 INFO impl.RaftServerProxy: 16001ff7-b991-4cf0-bcb8-c134c08732a2: start RPC server
kdc_1       | Oct 10 21:11:38 kdc krb5kdc[9](info): AS_REQ (8 etypes {18 17 20 19 16 23 25 26}) 127.0.0.1: ISSUE: authtime 1570741898, etypes {rep=18 tkt=18 ses=18}, admin/admin@EXAMPLE.COM for kadmin/admin@EXAMPLE.COM
om_1        | 2019-10-10 21:11:52,286 INFO client.OMCertificateClient: Added certificate from file:/data/metadata/om/certs/11088667289622765.crt.
datanode_1  | 2019-10-10 21:11:54,962 INFO storage.RaftStorageDirectory: The storage directory /data/metadata/ratis/8f7c4a40-b9e0-415b-949b-fd1150a02e0e does not exist. Creating ...
s3g_1       | 20191010T211851Z
datanode_2  | 2019-10-10 21:11:54,465 INFO server.RaftServerConfigKeys: raft.server.rpc.timeout.max = 5200ms (custom)
scm_1       | 2019-10-10 21:11:46,575 INFO http.HttpServer2: Added filter authentication (class=org.apache.hadoop.security.authentication.server.AuthenticationFilter) to context scm
datanode_3  | 2019-10-10 21:11:51,443 INFO server.GrpcService: 16001ff7-b991-4cf0-bcb8-c134c08732a2: GrpcService started, listening on 0.0.0.0/0.0.0.0:9858
kdc_1       | Oct 10 21:11:38 kdc krb5kdc[9](info): AS_REQ (8 etypes {18 17 20 19 16 23 25 26}) 127.0.0.1: SERVER_NOT_FOUND: admin/admin@EXAMPLE.COM for kadmin/localhost@EXAMPLE.COM, Server not found in Kerberos database
om_1        | 2019-10-10 21:11:52,295 INFO client.OMCertificateClient: Added certificate from file:/data/metadata/om/certs/CA-1.crt.
datanode_1  | 2019-10-10 21:11:54,972 INFO storage.RaftStorageDirectory: Lock on /data/metadata/ratis/8f7c4a40-b9e0-415b-949b-fd1150a02e0e/in_use.lock acquired by nodename 7@91b01397fc3a
s3g_1       | 20191010/us-west-1/s3/aws4_request
datanode_2  | 2019-10-10 21:11:54,465 INFO server.RaftServerConfigKeys: raft.server.rpcslowness.timeout = 120s (custom)
scm_1       | 2019-10-10 21:11:46,575 INFO http.HttpServer2: Added filter authentication (class=org.apache.hadoop.security.authentication.server.AuthenticationFilter) to context logs
datanode_3  | 2019-10-10 21:11:53,911 INFO impl.RaftServerProxy: 16001ff7-b991-4cf0-bcb8-c134c08732a2: addNew group-F1DCC3A8EE01:[16001ff7-b991-4cf0-bcb8-c134c08732a2:172.18.0.5:9858] returns group-F1DCC3A8EE01:java.util.concurrent.CompletableFuture@6ec536df[Not completed]
kdc_1       | Oct 10 21:11:38 kdc krb5kdc[9](info): AS_REQ (8 etypes {18 17 20 19 16 23 25 26}) 127.0.0.1: ISSUE: authtime 1570741898, etypes {rep=18 tkt=18 ses=18}, admin/admin@EXAMPLE.COM for kadmin/admin@EXAMPLE.COM
om_1        | 2019-10-10 21:11:52,315 WARN server.ServerUtils: ozone.om.db.dirs is not configured. We recommend adding this setting. Falling back to ozone.metadata.dirs instead.
datanode_1  | 2019-10-10 21:11:54,988 INFO storage.RaftStorage: Storage directory /data/metadata/ratis/8f7c4a40-b9e0-415b-949b-fd1150a02e0e has been successfully formatted.
s3g_1       | 1699c4e855500961e80ad7685719eed5e3decdac157bb6be85b90e4528e17855, signature=99b86dcb84fee5a1daff6be9428bfe7ffeb25e5190088b9fe6c9b92ccf6e8b04, awsAccessKeyId=dlfknslnfslf, while invoking $Proxy83.submitRequest over nodeId=null,nodeAddress=om:9862 after 5 failover attempts. Trying to failover immediately.
datanode_2  | 2019-10-10 21:11:54,465 INFO server.RaftServerConfigKeys: raft.server.sleep.deviation.threshold = 300 (default)
scm_1       | 2019-10-10 21:11:46,575 INFO http.HttpServer2: Added filter authentication (class=org.apache.hadoop.security.authentication.server.AuthenticationFilter) to context static
datanode_3  | 2019-10-10 21:11:53,933 INFO impl.RaftServerImpl: 16001ff7-b991-4cf0-bcb8-c134c08732a2: new RaftServerImpl for group-F1DCC3A8EE01:[16001ff7-b991-4cf0-bcb8-c134c08732a2:172.18.0.5:9858] with ContainerStateMachine:uninitialized
kdc_1       | Oct 10 21:11:38 kdc krb5kdc[9](info): AS_REQ (8 etypes {18 17 20 19 16 23 25 26}) 127.0.0.1: SERVER_NOT_FOUND: admin/admin@EXAMPLE.COM for kadmin/localhost@EXAMPLE.COM, Server not found in Kerberos da, client=admin/admin@EXAMPLE.COM, service=kadmin/admin@EXAMPLE.COM, addr=127.0.0.1, vers=4, flavor=6
om_1        | 2019-10-10 21:11:52,339 INFO util.log: Logging initialized @3053ms
datanode_1  | 2019-10-10 21:11:54,991 [pool-9-thread-1] INFO       - group-FD1150A02E0E: The snapshot info is null. Setting the last applied indexto:(t:0, i:~)
s3g_1       | 2019-10-10 21:18:51,809 WARN ipc.Client: Exception encountered while connecting to the server : org.apache.hadoop.ipc.RemoteException(org.apache.hadoop.security.token.SecretManager$InvalidToken): No S3 secret found for S3 identifier:OzoneToken owner=dlfknslnfslf, renewer=, realUser=, issueDate=0, maxDate=0, sequenceNumber=0, masterKeyId=0, strToSign=AWS4-HMAC-SHA256
datanode_2  | 2019-10-10 21:11:54,466 INFO server.RaftServerConfigKeys: raft.server.log.appender.install.snapshot.enabled = false (custom)
scm_1       | 2019-10-10 21:11:46,601 INFO server.StorageContainerManager: StorageContainerLocationProtocol RPC server is listening at /0.0.0.0:9860
datanode_3  | 2019-10-10 21:11:53,935 INFO server.RaftServerConfigKeys: raft.server.rpc.timeout.min = 5s (custom)
kdc_1       | Oct 10 21:11:39 kdc kadmind[15](Notice): Request: kadm5_get_policy, default, Policy does not exist, client=admin/admin@EXAMPLE.COM, service=kadmin/admin@EXAMPLE.COM, addr=127.0.0.1
om_1        | 2019-10-10 21:11:52,460 INFO db.DBStoreBuilder: using custom profile for table: userTable
datanode_1  | 2019-10-10 21:11:54,992 INFO server.RaftServerConfigKeys: raft.server.notification.no-leader.timeout = 120s (custom)
s3g_1       | 20191010T211851Z
datanode_2  | 2019-10-10 21:11:54,472 INFO impl.RaftServerImpl: 4786d290-2d47-4f7c-a3fb-a54df0cac239@group-36A1D62B0197: ConfigurationManager, init=-1: [4786d290-2d47-4f7c-a3fb-a54df0cac239:172.18.0.10:9858], old=null, confs=<EMPTY_MAP>
scm_1       | 2019-10-10 21:11:46,681 INFO impl.MetricsConfig: Loaded properties from hadoop-metrics2.properties
datanode_3  | 2019-10-10 21:11:53,936 INFO server.RaftServerConfigKeys: raft.server.rpc.timeout.max = 5200ms (custom)
kdc_1       | Oct 10 21:11:39 kdc kadmind[15](Notice): Request: kadm5_create_principal, scm/om@EXAMPLE.COM, success, client=admin/admin@EXAMPLE.COM, service=kadmin/admin@EXAMPLE.COM, addr=127.0.0.1
om_1        | 2019-10-10 21:11:52,460 INFO db.DBStoreBuilder: Using default column profile:DBProfile.DISK for Table:userTable
s3g_1       | 20191010/us-west-1/s3/aws4_request
datanode_2  | 2019-10-10 21:11:54,472 INFO server.RaftServerConfigKeys: raft.server.storage.dir = [/data/metadata/ratis] (custom)
datanode_3  | 2019-10-10 21:11:53,936 INFO server.RaftServerConfigKeys: raft.server.rpcslowness.timeout = 120s (custom)
scm_1       | 2019-10-10 21:11:46,735 INFO impl.MetricsSystemImpl: Scheduled Metric snapshot period at 10 second(s).
datanode_1  | 2019-10-10 21:11:54,994 INFO server.RaftServerConfigKeys: raft.server.log.use.memory = false (default)
kdc_1       | Oct 10 21:11:39 kdc kadmind[15](info): closing down fd 18
om_1        | 2019-10-10 21:11:52,460 INFO db.DBStoreBuilder: using custom profile for table: volumeTable
s3g_1       | 1699c4e855500961e80ad7685719eed5e3decdac157bb6be85b90e4528e17855, signature=99b86dcb84fee5a1daff6be9428bfe7ffeb25e5190088b9fe6c9b92ccf6e8b04, awsAccessKeyId=dlfknslnfslf
datanode_3  | 2019-10-10 21:11:53,937 INFO server.RaftServerConfigKeys: raft.server.sleep.deviation.threshold = 300 (default)
datanode_2  | 2019-10-10 21:11:54,476 INFO server.RaftServerConfigKeys: raft.server.log.corruption.policy = EXCEPTION (default)
scm_1       | 2019-10-10 21:11:46,736 INFO impl.MetricsSystemImpl: StorageContainerManager metrics system started
datanode_1  | 2019-10-10 21:11:54,998 INFO server.RaftServerConfigKeys: raft.server.log.purge.gap = 1000000 (custom)
kdc_1       | Oct 10 21:11:39 kdc kadmind[15](Notice): Request: kadm5_init, admin/admin@EXAMPLE.COM, success, client=admin/admin@EXAMPLE.COM, service=kadmin/admin@EXAMPLE.COM, addr=127.0.0.1, vers=4, flavor=6
om_1        | 2019-10-10 21:11:52,460 INFO db.DBStoreBuilder: Using default column profile:DBProfile.DISK for Table:volumeTable
s3g_1       | 2019-10-10 21:18:51,810 INFO retry.RetryInvocationHandler: com.google.protobuf.ServiceException: org.apache.hadoop.ipc.RemoteException(org.apache.hadoop.security.token.SecretManager$InvalidToken): No S3 secret found for S3 identifier:OzoneToken owner=dlfknslnfslf, renewer=, realUser=, issueDate=0, maxDate=0, sequenceNumber=0, masterKeyId=0, strToSign=AWS4-HMAC-SHA256
datanode_3  | 2019-10-10 21:11:53,938 INFO server.RaftServerConfigKeys: raft.server.log.appender.install.snapshot.enabled = false (custom)
datanode_2  | 2019-10-10 21:11:54,477 INFO storage.RaftStorageDirectory: The storage directory /data/metadata/ratis/fe0375da-7c5c-4097-acb7-36a1d62b0197 does not exist. Creating ...
scm_1       | 2019-10-10 21:11:46,978 INFO server.SCMClientProtocolServer: RPC server for Client  is listening at /0.0.0.0:9860
datanode_1  | 2019-10-10 21:11:54,998 INFO server.RaftServerConfigKeys: raft.server.log.appender.buffer.byte-limit = 33554432 (custom)
om_1        | 2019-10-10 21:11:52,460 INFO db.DBStoreBuilder: using custom profile for table: bucketTable
s3g_1       | 20191010T211851Z
datanode_3  | 2019-10-10 21:11:53,946 INFO impl.RaftServerImpl: 16001ff7-b991-4cf0-bcb8-c134c08732a2@group-F1DCC3A8EE01: ConfigurationManager, init=-1: [16001ff7-b991-4cf0-bcb8-c134c08732a2:172.18.0.5:9858], old=null, confs=<EMPTY_MAP>
kdc_1       | Oct 10 21:11:39 kdc kadmind[15](Notice): Request: kadm5_randkey_principal, scm/om@EXAMPLE.COM, success, client=admin/admin@EXAMPLE.COM, service=kadmin/admin@EXAMPLE.COM, addr=127.0.0.1
datanode_2  | 2019-10-10 21:11:54,498 INFO storage.RaftStorageDirectory: Lock on /data/metadata/ratis/fe0375da-7c5c-4097-acb7-36a1d62b0197/in_use.lock acquired by nodename 7@4ff40944c741
scm_1       | 2019-10-10 21:11:46,978 INFO ipc.Server: IPC Server Responder: starting
datanode_1  | 2019-10-10 21:11:54,999 INFO server.RaftServerConfigKeys: raft.server.log.segment.size.max = 1048576 (custom)
om_1        | 2019-10-10 21:11:52,460 INFO db.DBStoreBuilder: Using default column profile:DBProfile.DISK for Table:bucketTable
datanode_2  | 2019-10-10 21:11:54,525 INFO storage.RaftStorage: Storage directory /data/metadata/ratis/fe0375da-7c5c-4097-acb7-36a1d62b0197 has been successfully formatted.
kdc_1       | Oct 10 21:11:39 kdc kadmind[15](Notice): Request: kadm5_get_principal, scm/om@EXAMPLE.COM, success, client=admin/admin@EXAMPLE.COM, service=kadmin/admin@EXAMPLE.COM, addr=127.0.0.1
scm_1       | 2019-10-10 21:11:46,978 INFO ipc.Server: IPC Server listener on 9860: starting
datanode_1  | 2019-10-10 21:11:55,001 WARN impl.MetricsSystemImpl: HddsDatanode metrics system already initialized!
om_1        | 2019-10-10 21:11:52,461 INFO db.DBStoreBuilder: using custom profile for table: keyTable
datanode_3  | 2019-10-10 21:11:53,946 INFO server.RaftServerConfigKeys: raft.server.storage.dir = [/data/metadata/ratis] (custom)
s3g_1       | 20191010/us-west-1/s3/aws4_request
datanode_2  | 2019-10-10 21:11:54,529 [pool-9-thread-1] INFO       - group-36A1D62B0197: The snapshot info is null. Setting the last applied indexto:(t:0, i:~)
kdc_1       | Oct 10 21:11:39 kdc kadmind[15](info): closing down fd 18
scm_1       | 2019-10-10 21:11:46,985 INFO server.StorageContainerManager: ScmBlockLocationProtocol RPC server is listening at /0.0.0.0:9863
datanode_1  | 2019-10-10 21:11:55,007 INFO metrics.MetricRegistries: Loaded MetricRegistries class org.apache.ratis.metrics.impl.MetricRegistriesImpl
om_1        | 2019-10-10 21:11:52,461 INFO db.DBStoreBuilder: Using default column profile:DBProfile.DISK for Table:keyTable
datanode_3  | 2019-10-10 21:11:53,951 INFO server.RaftServerConfigKeys: raft.server.log.corruption.policy = EXCEPTION (default)
s3g_1       | 1699c4e855500961e80ad7685719eed5e3decdac157bb6be85b90e4528e17855, signature=99b86dcb84fee5a1daff6be9428bfe7ffeb25e5190088b9fe6c9b92ccf6e8b04, awsAccessKeyId=dlfknslnfslf, while invoking $Proxy83.submitRequest over nodeId=null,nodeAddress=om:9862 after 6 failover attempts. Trying to failover immediately.
datanode_2  | 2019-10-10 21:11:54,529 INFO server.RaftServerConfigKeys: raft.server.notification.no-leader.timeout = 120s (custom)
kdc_1       | Oct 10 21:11:39 kdc kadmind[15](Notice): Request: kadm5_init, admin/admin@EXAMPLE.COM, success, client=admin/admin@EXAMPLE.COM, service=kadmin/admin@EXAMPLE.COM, addr=127.0.0.1, vers=4, flavor=6
scm_1       | 2019-10-10 21:11:46,987 INFO server.SCMBlockProtocolServer: RPC server for Block Protocol is listening at /0.0.0.0:9863
datanode_1  | 2019-10-10 21:11:55,052 INFO server.RaftServerConfigKeys: raft.server.log.segment.cache.num.max = 2 (custom)
om_1        | 2019-10-10 21:11:52,461 INFO db.DBStoreBuilder: using custom profile for table: deletedTable
datanode_3  | 2019-10-10 21:11:53,953 INFO storage.RaftStorageDirectory: The storage directory /data/metadata/ratis/4615e4c8-8ae4-4824-be0e-f1dcc3a8ee01 does not exist. Creating ...
s3g_1       | 2019-10-10 21:18:51,815 WARN ipc.Client: Exception encountered while connecting to the server : org.apache.hadoop.ipc.RemoteException(org.apache.hadoop.security.token.SecretManager$InvalidToken): No S3 secret found for S3 identifier:OzoneToken owner=dlfknslnfslf, renewer=, realUser=, issueDate=0, maxDate=0, sequenceNumber=0, masterKeyId=0, strToSign=AWS4-HMAC-SHA256
datanode_2  | 2019-10-10 21:11:54,532 INFO server.RaftServerConfigKeys: raft.server.log.use.memory = false (default)
kdc_1       | Oct 10 21:11:39 kdc kadmind[15](Notice): Request: kadm5_get_policy, default, Policy does not exist, client=admin/admin@EXAMPLE.COM, service=kadmin/admin@EXAMPLE.COM, addr=127.0.0.1
datanode_1  | 2019-10-10 21:11:55,056 INFO segmented.SegmentedRaftLogWorker: new 7e342b4d-ed39-4901-9eda-4e78c6f9a327@group-FD1150A02E0E-SegmentedRaftLogWorker for RaftStorage:Storage Directory /data/metadata/ratis/8f7c4a40-b9e0-415b-949b-fd1150a02e0e
scm_1       | 2019-10-10 21:11:46,987 INFO ipc.Server: IPC Server Responder: starting
om_1        | 2019-10-10 21:11:52,461 INFO db.DBStoreBuilder: Using default column profile:DBProfile.DISK for Table:deletedTable
datanode_3  | 2019-10-10 21:11:53,978 INFO storage.RaftStorageDirectory: Lock on /data/metadata/ratis/4615e4c8-8ae4-4824-be0e-f1dcc3a8ee01/in_use.lock acquired by nodename 7@da2cde492087
s3g_1       | 20191010T211851Z
datanode_2  | 2019-10-10 21:11:54,538 INFO server.RaftServerConfigKeys: raft.server.log.purge.gap = 1000000 (custom)
kdc_1       | Oct 10 21:11:39 kdc kadmind[15](Notice): Request: kadm5_create_principal, scm/da2cde492087@EXAMPLE.COM, success, client=admin/admin@EXAMPLE.COM, service=kadmin/admin@EXAMPLE.COM, addr=127.0.0.1
datanode_1  | 2019-10-10 21:11:55,056 INFO server.RaftServerConfigKeys: raft.server.log.queue.byte-limit = 2147483647 (custom)
scm_1       | 2019-10-10 21:11:46,987 INFO ipc.Server: IPC Server listener on 9863: starting
om_1        | 2019-10-10 21:11:52,461 INFO db.DBStoreBuilder: using custom profile for table: openKeyTable
datanode_3  | 2019-10-10 21:11:53,994 INFO storage.RaftStorage: Storage directory /data/metadata/ratis/4615e4c8-8ae4-4824-be0e-f1dcc3a8ee01 has been successfully formatted.
s3g_1       | 20191010/us-west-1/s3/aws4_request
datanode_2  | 2019-10-10 21:11:54,539 INFO server.RaftServerConfigKeys: raft.server.log.appender.buffer.byte-limit = 33554432 (custom)
kdc_1       | Oct 10 21:11:39 kdc kadmind[15](info): closing down fd 18
datanode_1  | 2019-10-10 21:11:55,057 INFO server.RaftServerConfigKeys: raft.server.log.queue.element-limit = 1024 (custom)
scm_1       | 2019-10-10 21:11:46,991 INFO server.StorageContainerManager: ScmDatanodeProtocl RPC server is listening at /0.0.0.0:9861
om_1        | 2019-10-10 21:11:52,461 INFO db.DBStoreBuilder: Using default column profile:DBProfile.DISK for Table:openKeyTable
datanode_3  | 2019-10-10 21:11:53,997 [pool-9-thread-1] INFO       - group-F1DCC3A8EE01: The snapshot info is null. Setting the last applied indexto:(t:0, i:~)
datanode_2  | 2019-10-10 21:11:54,541 INFO server.RaftServerConfigKeys: raft.server.log.segment.size.max = 1048576 (custom)
kdc_1       | Oct 10 21:11:39 kdc kadmind[15](Notice): Request: kadm5_init, admin/admin@EXAMPLE.COM, success, client=admin/admin@EXAMPLE.COM, service=kadmin/admin@EXAMPLE.COM, addr=127.0.0.1, vers=4, flavor=6
s3g_1       | 1699c4e855500961e80ad7685719eed5e3decdac157bb6be85b90e4528e17855, signature=99b86dcb84fee5a1daff6be9428bfe7ffeb25e5190088b9fe6c9b92ccf6e8b04, awsAccessKeyId=dlfknslnfslf
datanode_1  | 2019-10-10 21:11:55,058 INFO server.RaftServerConfigKeys: raft.server.log.segment.size.max = 1048576 (custom)
scm_1       | 2019-10-10 21:11:46,991 INFO server.SCMDatanodeProtocolServer: RPC server for DataNodes is listening at /0.0.0.0:9861
om_1        | 2019-10-10 21:11:52,461 INFO db.DBStoreBuilder: using custom profile for table: s3Table
datanode_3  | 2019-10-10 21:11:53,998 INFO server.RaftServerConfigKeys: raft.server.notification.no-leader.timeout = 120s (custom)
kdc_1       | Oct 10 21:11:39 kdc kadmind[15](Notice): Request: kadm5_randkey_principal, scm/da2tabase
datanode_1  | 2019-10-10 21:11:55,058 INFO server.RaftServerConfigKeys: raft.server.log.preallocated.size = 16384 (custom)
s3g_1       | 2019-10-10 21:18:51,816 INFO retry.RetryInvocationHandler: com.google.protobuf.ServiceException: org.apache.hadoop.ipc.RemoteException(org.apache.hadoop.security.token.SecretManager$InvalidToken): No S3 secret found for S3 identifier:OzoneToken owner=dlfknslnfslf, renewer=, realUser=, issueDate=0, maxDate=0, sequenceNumber=0, masterKeyId=0, strToSign=AWS4-HMAC-SHA256
scm_1       | 2019-10-10 21:11:46,992 INFO ipc.Server: IPC Server Responder: starting
om_1        | 2019-10-10 21:11:52,461 INFO db.DBStoreBuilder: Using default column profile:DBProfile.DISK for Table:s3Table
datanode_3  | 2019-10-10 21:11:54,000 INFO server.RaftServerConfigKeys: raft.server.log.use.memory = false (default)
datanode_2  | 2019-10-10 21:11:54,543 WARN impl.MetricsSystemImpl: HddsDatanode metrics system already initialized!
datanode_1  | 2019-10-10 21:11:55,058 INFO server.RaftServerConfigKeys: raft.server.log.write.buffer.size = 33554432 (custom)
s3g_1       | 20191010T211851Z
scm_1       | 2019-10-10 21:11:46,993 INFO ipc.Server: IPC Server listener on 9861: starting
om_1        | 2019-10-10 21:11:52,461 INFO db.DBStoreBuilder: using custom profile for table: multipartInfoTable
kdc_1       | Oct 10 21:11:38 kdc krb5kdc[9](info): AS_REQ (8 etypes {18 17 20 19 16 23 25 26}) 127.0.0.1: ISSUE: authtime 1570741898, etypes {rep=18 tkt=18 ses=18}, admin/admin@EXAMPLE.COM for kadmin/admin@EXAMPLE.COM
datanode_3  | 2019-10-10 21:11:54,004 INFO server.RaftServerConfigKeys: raft.server.log.purge.gap = 1000000 (custom)
datanode_2  | 2019-10-10 21:11:54,550 INFO metrics.MetricRegistries: Loaded MetricRegistries class org.apache.ratis.metrics.impl.MetricRegistriesImpl
datanode_1  | 2019-10-10 21:11:55,058 INFO server.RaftServerConfigKeys: raft.server.log.force.sync.num = 128 (default)
s3g_1       | 20191010/us-west-1/s3/aws4_request
om_1        | 2019-10-10 21:11:52,462 INFO db.DBStoreBuilder: Using default column profile:DBProfile.DISK for Table:multipartInfoTable
scm_1       | 2019-10-10 21:11:46,997 INFO server.SCMClientProtocolServer: Starting RPC server for SCMSecurityProtocolServer. is listening at /0.0.0.0:9961
kdc_1       | Oct 10 21:11:38 kdc krb5kdc[9](info): AS_REQ (8 etypes {18 17 20 19 16 23 25 26}) 127.0.0.1: SERVER_NOT_FOUND: admin/admin@EXAMPLE.COM for kadmin/localhost@EXAMPLE.COM, Server not found in Kerberos database
datanode_3  | 2019-10-10 21:11:54,004 INFO server.RaftServerConfigKeys: raft.server.log.appender.buffer.byte-limit = 33554432 (custom)
datanode_2  | 2019-10-10 21:11:54,592 INFO server.RaftServerConfigKeys: raft.server.log.segment.cache.num.max = 2 (custom)
datanode_1  | 2019-10-10 21:11:55,059 INFO server.RaftServerConfigKeys: raft.server.log.statemachine.data.sync = true (default)
s3g_1       | 1699c4e855500961e80ad7685719eed5e3decdac157bb6be85b90e4528e17855, signature=99b86dcb84fee5a1daff6be9428bfe7ffeb25e5190088b9fe6c9b92ccf6e8b04, awsAccessKeyId=dlfknslnfslf, while invoking $Proxy83.submitRequest over nodeId=null,nodeAddress=om:9862 after 7 failover attempts. Trying to failover immediately.
om_1        | 2019-10-10 21:11:52,462 INFO db.DBStoreBuilder: using custom profile for table: dTokenTable
kdc_1       | Oct 10 21:11:38 kdc krb5kdc[9](info): AS_REQ (8 etypes {18 17 20 19 16 23 25 26}) 127.0.0.1: ISSUE: authtime 1570741898, etypes {rep=18 tkt=18 ses=18}, admin/admin@EXAMPLE.COM for kadmin/admin@EXAMPLE.COM
scm_1       | 2019-10-10 21:11:46,998 INFO ipc.Server: IPC Server Responder: starting
datanode_3  | 2019-10-10 21:11:54,006 INFO server.RaftServerConfigKeys: raft.server.log.segment.size.max = 1048576 (custom)
datanode_2  | 2019-10-10 21:11:54,597 INFO segmented.SegmentedRaftLogWorker: new 4786d290-2d47-4f7c-a3fb-a54df0cac239@group-36A1D62B0197-SegmentedRaftLogWorker for RaftStorage:Storage Directory /data/metadata/ratis/fe0375da-7c5c-4097-acb7-36a1d62b0197
datanode_1  | 2019-10-10 21:11:55,059 INFO server.RaftServerConfigKeys: raft.server.log.statemachine.data.sync.timeout = 10s (default)
s3g_1       | 2019-10-10 21:18:51,821 WARN ipc.Client: Exception encountered while connecting to the server : org.apache.hadoop.ipc.RemoteException(org.apache.hadoop.security.token.SecretManager$InvalidToken): No S3 secret found for S3 identifier:OzoneToken owner=dlfknslnfslf, renewer=, realUser=, issueDate=0, maxDate=0, sequenceNumber=0, masterKeyId=0, strToSign=AWS4-HMAC-SHA256
om_1        | 2019-10-10 21:11:52,462 INFO db.DBStoreBuilder: Using default column profile:DBProfile.DISK for Table:dTokenTable
kdc_1       | Oct 10 21:11:38 kdc krb5kdc[9](info): AS_REQ (8 etypes {18 17 20 19 16 23 25 26}) 127.0.0.1: SERVER_NOT_FOUND: admin/admin@EXAMPLE.COM for kadmin/localhost@EXAMPLE.COM, Server not found in Kerberos database
scm_1       | 2019-10-10 21:11:47,000 INFO ipc.Server: IPC Server listener on 9961: starting
datanode_3  | 2019-10-10 21:11:54,008 WARN impl.MetricsSystemImpl: HddsDatanode metrics system already initialized!
datanode_2  | 2019-10-10 21:11:54,598 INFO server.RaftServerConfigKeys: raft.server.log.queue.byte-limit = 2147483647 (custom)
datanode_1  | 2019-10-10 21:11:55,060 INFO server.RaftServerConfigKeys: raft.server.log.statemachine.data.sync.timeout.retry = -1 (default)
s3g_1       | 20191010T211851Z
om_1        | 2019-10-10 21:11:52,462 INFO db.DBStoreBuilder: using custom profile for table: s3SecretTable
kdc_1       | Oct 10 21:11:38 kdc krb5kdc[9](info): AS_REQ (8 etypes {18 17 20 19 16 23 25 26}) 127.0.0.1: ISSUE: authtime 1570741898, etypes {rep=18 tkt=18 ses=18}, admin/admin@EXAMPLE.COM for kadmin/admin@cde492087@EXAMPLE.COM, success, client=admin/admin@EXAMPLE.COM, service=kadmin/admin@EXAMPLE.COM, addr=127.0.0.1
scm_1       | 2019-10-10 21:11:47,004 INFO http.HttpServer2: Jetty bound to port 9876
datanode_3  | 2019-10-10 21:11:54,014 INFO metrics.MetricRegistries: Loaded MetricRegistries class org.apache.ratis.metrics.impl.MetricRegistriesImpl
datanode_2  | 2019-10-10 21:11:54,598 INFO server.RaftServerConfigKeys: raft.server.log.queue.element-limit = 1024 (custom)
datanode_1  | 2019-10-10 21:11:55,068 INFO server.RaftServerConfigKeys: raft.server.log.statemachine.data.caching.enabled = true (custom)
om_1        | 2019-10-10 21:11:52,462 INFO db.DBStoreBuilder: Using default column profile:DBProfile.DISK for Table:s3SecretTable
s3g_1       | 20191010/us-west-1/s3/aws4_request
kdc_1       | Oct 10 21:11:39 kdc kadmind[15](Notice): Request: kadm5_get_principal, scm/da2cde492087@EXAMPLE.COM, success, client=admin/admin@EXAMPLE.COM, service=kadmin/admin@EXAMPLE.COM, addr=127.0.0.1
scm_1       | 2019-10-10 21:11:47,010 INFO server.Server: jetty-9.3.25.v20180904, build timestamp: 2018-09-04T21:11:46Z, git hash: 3ce520221d0240229c862b122d2b06c12a625732
datanode_3  | 2019-10-10 21:11:54,050 INFO server.RaftServerConfigKeys: raft.server.log.segment.cache.num.max = 2 (custom)
datanode_2  | 2019-10-10 21:11:54,599 INFO server.RaftServerConfigKeys: raft.server.log.segment.size.max = 1048576 (custom)
datanode_1  | 2019-10-10 21:11:55,071 INFO segmented.SegmentedRaftLogWorker: 7e342b4d-ed39-4901-9eda-4e78c6f9a327@group-FD1150A02E0E-SegmentedRaftLogWorker: flushIndex: setUnconditionally 0 -> -1
om_1        | 2019-10-10 21:11:52,462 INFO db.DBStoreBuilder: using custom profile for table: prefixTable
s3g_1       | 1699c4e855500961e80ad7685719eed5e3decdac157bb6be85b90e4528e17855, signature=99b86dcb84fee5a1daff6be9428bfe7ffeb25e5190088b9fe6c9b92ccf6e8b04, awsAccessKeyId=dlfknslnfslf
kdc_1       | Oct 10 21:11:39 kdc kadmind[15](info): closing down fd 18
scm_1       | 2019-10-10 21:11:47,099 INFO server.AuthenticationFilter: Unable to initialize FileSignerSecretProvider, falling back to use random secrets.
datanode_3  | 2019-10-10 21:11:54,055 INFO segmented.SegmentedRaftLogWorker: new 16001ff7-b991-4cf0-bcb8-c134c08732a2@group-F1DCC3A8EE01-SegmentedRaftLogWorker for RaftStorage:Storage Directory /data/metadata/ratis/4615e4c8-8ae4-4824-be0e-f1dcc3a8ee01
datanode_2  | 2019-10-10 21:11:54,600 INFO server.RaftServerConfigKeys: raft.server.log.preallocated.size = 16384 (custom)
datanode_1  | 2019-10-10 21:11:55,075 INFO server.RaftServerConfigKeys: raft.server.snapshot.auto.trigger.enabled = true (custom)
om_1        | 2019-10-10 21:11:52,462 INFO db.DBStoreBuilder: Using default column profile:DBProfile.DISK for Table:prefixTable
s3g_1       | 2019-10-10 21:18:51,822 INFO retry.RetryInvocationHandler: com.google.protobuf.ServiceException: org.apache.hadoop.ipc.RemoteException(org.apache.hadoop.security.token.SecretManager$InvalidToken): No S3 secret found for S3 identifier:OzoneToken owner=dlfknslnfslf, renewer=, realUser=, issueDate=0, maxDate=0, sequenceNumber=0, masterKeyId=0, strToSign=AWS4-HMAC-SHA256
kdc_1       | Oct 10 21:11:39 kdc kadmind[15](Notice): Request: kadm5_init, admin/admin@EXAMPLE.COM, success, client=admin/admin@EXAMPLE.COM, service=kadmin/admin@EXAMPLE.COM, addr=127.0.0.1, vers=4, flavor=6
scm_1       | 2019-10-10 21:11:47,103 INFO server.KerberosAuthenticationHandler: Using keytab /etc/security/keytabs/HTTP.keytab, for principal HTTP/scm@EXAMPLE.COM
datanode_3  | 2019-10-10 21:11:54,056 INFO server.RaftServerConfigKeys: raft.server.log.queue.byte-limit = 2147483647 (custom)
datanode_2  | 2019-10-10 21:11:54,600 INFO server.RaftServerConfigKeys: raft.server.log.write.buffer.size = 33554432 (custom)
datanode_1  | 2019-10-10 21:11:55,075 INFO server.RaftServerConfigKeys: raft.server.snapshot.auto.trigger.threshold = 10000 (custom)
om_1        | 2019-10-10 21:11:52,473 INFO db.DBStoreBuilder: using custom profile for table: default
s3g_1       | 20191010T211851Z
kdc_1       | Oct 10 21:11:39 kdc kadmind[15](Notice): Request: kadm5_get_policy, default, Policy does not exist, client=admin/admin@EXAMPLE.COM, service=kadmin/admin@EXAMPLE.COM, addr=127.0.0.1
scm_1       | 2019-10-10 21:11:47,111 INFO handler.ContextHandler: Started o.e.j.s.ServletContextHandler@355c94be{/logs,file:///var/log/hadoop/,AVAILABLE}
datanode_3  | 2019-10-10 21:11:54,056 INFO server.RaftServerConfigKeys: raft.server.log.queue.element-limit = 1024 (custom)
datanode_1  | 2019-10-10 21:11:55,076 INFO server.RaftServerConfigKeys: raft.server.snapshot.retention.file.num = 5 (custom)
datanode_2  | 2019-10-10 21:11:54,601 INFO server.RaftServerConfigKeys: raft.server.log.force.sync.num = 128 (default)
om_1        | 2019-10-10 21:11:52,473 INFO db.DBStoreBuilder: Using default column profile:DBProfile.DISK for Table:default
s3g_1       | 20191010/us-west-1/s3/aws4_request
scm_1       | 2019-10-10 21:11:47,112 INFO handler.ContextHandler: Started o.e.j.s.ServletContextHandler@3166f664{/static,jar:file:/opt/hadoop/share/ozone/lib/hadoop-hdds-server-scm-0.5.0-SNAPSHOT.jar!/webapps/static,AVAILABLE}
datanode_3  | 2019-10-10 21:11:54,057 INFO server.RaftServerConfigKeys: raft.server.log.segment.size.max = 1048576 (custom)
kdc_1       | Oct 10 21:11:39 kdc kadmind[15](Notice): Request: kadm5_create_principal, testuser/scm@EXAMPLE.COM, success, client=admin/admin@EXAMPLE.COM, service=kadmin/admin@EXAMPLE.COM, addr=127.0.0.1
datanode_1  | 2019-10-10 21:11:55,076 INFO server.RaftServerConfigKeys: raft.server.retrycache.expirytime = 600000ms (custom)
datanode_2  | 2019-10-10 21:11:54,602 INFO server.RaftServerConfigKeys: raft.server.log.statemachine.data.sync = true (default)
om_1        | 2019-10-10 21:11:52,474 INFO db.DBStoreBuilder: Using default options. DBProfile.DISK
s3g_1       | 1699c4e855500961e80ad7685719eed5e3decdac157bb6be85b90e4528e17855, signature=99b86dcb84fee5a1daff6be9428bfe7ffeb25e5190088b9fe6c9b92ccf6e8b04, awsAccessKeyId=dlfknslnfslf, while invoking $Proxy83.submitRequest over nodeId=null,nodeAddress=om:9862 after 8 failover attempts. Trying to failover immediately.
scm_1       | 2019-10-10 21:11:47,242 INFO server.KerberosAuthenticationHandler: Using keytab /etc/security/keytabs/HTTP.keytab, for principal HTTP/scm@EXAMPLE.COM
datanode_3  | 2019-10-10 21:11:54,057 INFO server.RaftServerConfigKeys: raft.server.log.preallocated.size = 16384 (custom)
kdc_1       | Oct 10 21:11:39 kdc kadmind[15](info): closing down fd 18
datanode_1  | 2019-10-10 21:11:55,099 INFO impl.RaftServerImpl: 7e342b4d-ed39-4901-9eda-4e78c6f9a327@group-FD1150A02E0E: start as a follower, conf=-1: [7e342b4d-ed39-4901-9eda-4e78c6f9a327:172.18.0.9:9858], old=null
datanode_2  | 2019-10-10 21:11:54,602 INFO server.RaftServerConfigKeys: raft.server.log.statemachine.data.sync.timeout = 10s (default)
om_1        | 2019-10-10 21:11:52,788 INFO Configuration.deprecation: No unit for ozone.manager.delegation.remover.scan.interval(3600000) assuming MILLISECONDS
scm_1       | 2019-10-10 21:11:47,250 INFO handler.ContextHandler: Started o.e.j.w.WebAppContext@1bedc703{/,file:///tmp/jetty-0.0.0.0-9876-scm-_-any-11475936837267007063.dir/webapp/,AVAILABLE}{/scm}
s3g_1       | 2019-10-10 21:18:51,828 WARN ipc.Client: Exception encountered while connecting to the server : org.apache.hadoop.ipc.RemoteException(org.apache.hadoop.security.token.SecretManager$InvalidToken): No S3 secret found for S3 identifier:OzoneToken owner=dlfknslnfslf, renewer=, realUser=, issueDate=0, maxDate=0, sequenceNumber=0, masterKeyId=0, strToSign=AWS4-HMAC-SHA256
datanode_3  | 2019-10-10 21:11:54,058 INFO server.RaftServerConfigKeys: raft.server.log.write.buffer.size = 33554432 (custom)
kdc_1       | Oct 10 21:11:39 kdc kadmind[15](NoticeEXAMPLE.COM
datanode_1  | 2019-10-10 21:11:55,100 INFO impl.RaftServerImpl: 7e342b4d-ed39-4901-9eda-4e78c6f9a327@group-FD1150A02E0E: changes role from      null to FOLLOWER at term 0 for startAsFollower
datanode_2  | 2019-10-10 21:11:54,602 INFO server.RaftServerConfigKeys: raft.server.log.statemachine.data.sync.timeout.retry = -1 (default)
om_1        | 2019-10-10 21:11:52,789 [main] INFO       - Loaded 0 tokens
scm_1       | 2019-10-10 21:11:47,259 INFO server.AbstractConnector: Started ServerConnector@290ce783{HTTP/1.1,[http/1.1]}{0.0.0.0:9876}
s3g_1       | 20191010T211851Z
datanode_3  | 2019-10-10 21:11:54,058 INFO server.RaftServerConfigKeys: raft.server.log.force.sync.num = 128 (default)
kdc_1       | Oct 10 21:11:38 kdc krb5kdc[9](info): AS_REQ (8 etypes {18 17 20 19 16 23 25 26}) 127.0.0.1: SERVER_NOT_FOUND: admin/admin@EXAMPLE.COM for kadmin/localhost@EXAMPLE.COM, Server not found in Kerberos database
datanode_1  | 2019-10-10 21:11:55,101 INFO impl.RoleInfo: 7e342b4d-ed39-4901-9eda-4e78c6f9a327: start FollowerState
datanode_2  | 2019-10-10 21:11:54,612 INFO server.RaftServerConfigKeys: raft.server.log.statemachine.data.caching.enabled = true (custom)
om_1        | 2019-10-10 21:11:52,790 [main] INFO       - Loading token state into token manager.
scm_1       | 2019-10-10 21:11:47,260 INFO server.Server: Started @5213ms
s3g_1       | 20191010/us-west-1/s3/aws4_request
datanode_3  | 2019-10-10 21:11:54,059 INFO server.RaftServerConfigKeys: raft.server.log.statemachine.data.sync = true (default)
kdc_1       | Oct 10 21:11:38 kdc krb5kdc[9](info): AS_REQ (8 etypes {18 17 20 19 16 23 25 26}) 127.0.0.1: ISSUE: authtime 1570741898, etypes {rep=18 tkt=18 ses=18}, admin/admin@EXAMPLE.COM for kadmin/admin@EXAMPLE.COM
datanode_1  | 2019-10-10 21:11:55,106 INFO util.JmxRegister: Successfully registered JMX Bean with object name Ratis:service=RaftServer,group=group-FD1150A02E0E,id=7e342b4d-ed39-4901-9eda-4e78c6f9a327
om_1        | 2019-10-10 21:11:52,828 INFO ipc.CallQueueManager: Using callQueue: class java.util.concurrent.LinkedBlockingQueue, queueCapacity: 2000, scheduler: class org.apache.hadoop.ipc.DefaultRpcScheduler, ipcBackoff: false.
scm_1       | 2019-10-10 21:11:47,265 INFO impl.MetricsSinkAdapter: Sink prometheus started
datanode_2  | 2019-10-10 21:11:54,616 INFO segmented.SegmentedRaftLogWorker: 4786d290-2d47-4f7c-a3fb-a54df0cac239@group-36A1D62B0197-SegmentedRaftLogWorker: flushIndex: setUnconditionally 0 -> -1
s3g_1       | 1699c4e855500961e80ad7685719eed5e3decdac157bb6be85b90e4528e17855, signature=99b86dcb84fee5a1daff6be9428bfe7ffeb25e5190088b9fe6c9b92ccf6e8b04, awsAccessKeyId=dlfknslnfslf
kdc_1       | Oct 10 21:11:38 kdc krb5kdc[9](info): AS_REQ (8 etypes {18 17 20 19 16 23 25 26}) 127.0.0.1: SERVER_NOT_FOUND: admin/admin@EXAMPLE.COM for kadmin/localhost@EXAMPLE.COM, Server not found in Kerberos database
datanode_1  | 2019-10-10 21:11:55,231 INFO impl.RaftServerProxy: 7e342b4d-ed39-4901-9eda-4e78c6f9a327: addNew group-FC885BBCCC43:[16001ff7-b991-4cf0-bcb8-c134c08732a2:172.18.0.5:9858, 4786d290-2d47-4f7c-a3fb-a54df0cac239:172.18.0.10:9858, 7e342b4d-ed39-4901-9eda-4e78c6f9a327:172.18.0.9:9858] returns group-FC885BBCCC43:java.util.concurrent.CompletableFuture@710acdf8[Not completed]
om_1        | 2019-10-10 21:11:52,838 INFO ipc.Server: Starting Socket Reader #1 for port 9862
datanode_3  | 2019-10-10 21:11:54,059 INFO server.RaftServerConfigKeys: raft.server.log.statemachine.data.sync.timeout = 10s (default)
scm_1       | 2019-10-10 21:11:47,265 INFO impl.MetricsSystemImpl: Registered sink prometheus
s3g_1       | 2019-10-10 21:18:51,829 INFO retry.RetryInvocationHandler: com.google.protobuf.ServiceException: org.apache.hadoop.ipc.RemoteException(org.apache.hadoop.security.token.SecretManager$InvalidToken): No S3 secret found for S3 identifier:OzoneToken owner=dlfknslnfslf, renewer=, realUser=, issueDate=0, maxDate=0, sequenceNumber=0, masterKeyId=0, strToSign=AWS4-HMAC-SHA256
kdc_1       | Oct 10 21:11:38 kdc krb5kdc[9](info): AS_REQ (8 etypes {18 17 20 19 16 23 25 26}) 127.0.0.1: ISSUE: authtime 1570741898, etypes {rep=18 tkt=18 ses=18}, admin/admin@EXAMPLE.COM for kadmin/admin@EXAMPLE.COM
datanode_1  | 2019-10-10 21:11:55,234 INFO impl.RaftServerImpl: 7e342b4d-ed39-4901-9eda-4e78c6f9a327: new RaftServerImpl for group-FC885BBCCC43:[16001ff7-b991-4cf0-bcb8-c134c08732a2:172.18.0.5:9858, 4786d290-2d47-4f7c-a3fb-a54df0cac239:172.18.0.10:9858, 7e342b4d-ed39-4901-9eda-4e78c6f9a327:172.18.0.9:9858] with ContainerStateMachine:uninitialized
om_1        | 2019-10-10 21:11:52,925 [main] INFO       - OzoneManager RPC server is listening at om/172.18.0.4:9862
datanode_3  | 2019-10-10 21:11:54,059 INFO server.RaftServerConfigKeys: raft.server.log.statemachine.data.sync.timeout.retry = -1 (default)
datanode_2  | 2019-10-10 21:11:54,621 INFO server.RaftServerConfigKeys: raft.server.snapshot.auto.trigger.enabled = true (custom)
scm_1       | 2019-10-10 21:11:47,274 INFO server.BaseHttpServer: HTTP server of SCM is listening at http://0.0.0.0:9876
s3g_1       | 20191010T211851Z
kdc_1       | Oct 10 21:11:38 kdc krb5kdc[9](info): AS_REQ (8 etypes {18 17 20 19 16 23 25 26}) 127.0.0.1: SERVER_NOT_FOUND: admin/admin@EXAMPLE.COM for kadmin/localhost@EXAMPLE.COM, Server not found in): Request: kadm5_init, admin/admin@EXAMPLE.COM, success, client=admin/admin@EXAMPLE.COM, service=kadmin/admin@EXAMPLE.COM, addr=127.0.0.1, vers=4, flavor=6
om_1        | 2019-10-10 21:11:53,000 INFO impl.MetricsConfig: Loaded properties from hadoop-metrics2.properties
datanode_1  | 2019-10-10 21:11:55,234 INFO server.RaftServerConfigKeys: raft.server.rpc.timeout.min = 5s (custom)
datanode_3  | 2019-10-10 21:11:54,068 INFO server.RaftServerConfigKeys: raft.server.log.statemachine.data.caching.enabled = true (custom)
datanode_2  | 2019-10-10 21:11:54,622 INFO server.RaftServerConfigKeys: raft.server.snapshot.auto.trigger.threshold = 10000 (custom)
scm_1       | 2019-10-10 21:11:47,278 INFO ipc.Server: Auth successful for om/om@EXAMPLE.COM (auth:KERBEROS)
s3g_1       | 20191010/us-west-1/s3/aws4_request
kdc_1       | Oct 10 21:11:39 kdc kadmind[15](Notice): Request: kadm5_randkey_principal, testuser/scm@EXAMPLE.COM, success, client=admin/admin@EXAMPLE.COM, service=kadmin/admin@EXAMPLE.COM, addr=127.0.0.1
om_1        | 2019-10-10 21:11:53,037 INFO impl.MetricsSystemImpl: Scheduled Metric snapshot period at 10 second(s).
datanode_1  | 2019-10-10 21:11:55,234 INFO server.RaftServerConfigKeys: raft.server.rpc.timeout.max = 5200ms (custom)
datanode_3  | 2019-10-10 21:11:54,072 INFO segmented.SegmentedRaftLogWorker: 16001ff7-b991-4cf0-bcb8-c134c08732a2@group-F1DCC3A8EE01-SegmentedRaftLogWorker: flushIndex: setUnconditionally 0 -> -1
datanode_2  | 2019-10-10 21:11:54,622 INFO server.RaftServerConfigKeys: raft.server.snapshot.retention.file.num = 5 (custom)
scm_1       | 2019-10-10 21:11:47,289 INFO ipc.Server: Auth successful for dn/da2cde492087@EXAMPLE.COM (auth:KERBEROS)
s3g_1       | 1699c4e855500961e80ad7685719eed5e3decdac157bb6be85b90e4528e17855, signature=99b86dcb84fee5a1daff6be9428bfe7ffeb25e5190088b9fe6c9b92ccf6e8b04, awsAccessKeyId=dlfknslnfslf, while invoking $Proxy83.submitRequest over nodeId=null,nodeAddress=om:9862 after 9 failover attempts. Trying to failover immediately.
kdc_1       | Oct 10 21:11:39 kdc kadmind[15](Notice): Request: kadm5_get_principal, testuser/scm@EXAMPLE.COM, success, client=admin/admin@EXAMPLE.COM, service=kadmin/admin@EXAMPLE.COM, addr=127.0.0.1
om_1        | 2019-10-10 21:11:53,037 INFO impl.MetricsSystemImpl: OzoneManager metrics system started
datanode_1  | 2019-10-10 21:11:55,234 INFO server.RaftServerConfigKeys: raft.server.rpcslowness.timeout = 120s (custom)
datanode_3  | 2019-10-10 21:11:54,076 INFO server.RaftServerConfigKeys: raft.server.snapshot.auto.trigger.enabled = true (custom)
datanode_2  | 2019-10-10 21:11:54,623 INFO server.RaftServerConfigKeys: raft.server.retrycache.expirytime = 600000ms (custom)
scm_1       | 2019-10-10 21:11:47,296 INFO util.JvmPauseMonitor: Starting JVM pause monitor
s3g_1       | 2019-10-10 21:18:51,835 WARN ipc.Client: Exception encountered while connecting to the server : org.apache.hadoop.ipc.RemoteException(org.apache.hadoop.security.token.SecretManager$InvalidToken): No S3 secret found for S3 identifier:OzoneToken owner=dlfknslnfslf, renewer=, realUser=, issueDate=0, maxDate=0, sequenceNumber=0, masterKeyId=0, strToSign=AWS4-HMAC-SHA256
kdc_1       | Oct 10 21:11:39 kdc kadmind[15](info): closing down fd 18
om_1        | 2019-10-10 21:11:53,066 [main] INFO       - Reading keypair and certificate from file system.
datanode_1  | 2019-10-10 21:11:55,235 INFO server.RaftServerConfigKeys: raft.server.sleep.deviation.threshold = 300 (default)
datanode_3  | 2019-10-10 21:11:54,077 INFO server.RaftServerConfigKeys: raft.server.snapshot.auto.trigger.threshold = 10000 (custom)
datanode_2  | 2019-10-10 21:11:54,655 INFO impl.RaftServerImpl: 4786d290-2d47-4f7c-a3fb-a54df0cac239@group-36A1D62B0197: start as a follower, conf=-1: [4786d290-2d47-4f7c-a3fb-a54df0cac239:172.18.0.10:9858], old=null
scm_1       | 2019-10-10 21:11:47,300 INFO ipc.Server: Auth successful for dn/91b01397fc3a@EXAMPLE.COM (auth:KERBEROS)
s3g_1       | 20191010T211851Z
kdc_1       | Oct 10 21:11:39 kdc kadmind[15](Notice): Request: kadm5_init, admin/admin@EXAMPLE.COM, success, client=admin/admin@EXAMPLE.COM, service=kadmin/admin@EXAMPLE.COM, addr=127.0.0.1, vers=4, flavor=6
om_1        | 2019-10-10 21:11:53,081 [main] INFO       - Starting OM block token secret manager
datanode_3  | 2019-10-10 21:11:54,077 INFO server.RaftServerConfigKeys: raft.server.snapshot.retention.file.num = 5 (custom)
datanode_1  | 2019-10-10 21:11:55,235 INFO server.RaftServerConfigKeys: raft.server.log.appender.install.snapshot.enabled = false (custom)
datanode_2  | 2019-10-10 21:11:54,658 INFO impl.RaftServerImpl: 4786d290-2d47-4f7c-a3fb-a54df0cac239@group-36A1D62B0197: changes role from      null to FOLLOWER at term 0 for startAsFollower
scm_1       | 2019-10-10 21:11:47,302 INFO ipc.Server: Auth successful for dn/4ff40944c741@EXAMPLE.COM (auth:KERBEROS)
s3g_1       | 20191010/us-west-1/s3/aws4_request
kdc_1       | Oct 10 21:11:39 kdc kadmind[15](Notice): Request: kadm5_get_policy, default, Policy does not exist, client=admin/admin@EXAMPLE.COM, service=kadmin/admin@EXAMPLE.COM, addr=127.0.0.1
om_1        | 2019-10-10 21:11:53,081 [main] INFO       - Updating the current master key for generating tokens
datanode_3  | 2019-10-10 21:11:54,078 INFO server.RaftServerConfigKeys: raft.server.retrycache.expirytime = 600000ms (custom)
datanode_2  | 2019-10-10 21:11:54,661 INFO impl.RoleInfo: 4786d290-2d47-4f7c-a3fb-a54df0cac239: start FollowerState
datanode_1  | 2019-10-10 21:11:55,235 INFO impl.RaftServerImpl: 7e342b4d-ed39-4901-9eda-4e78c6f9a327@group-FC885BBCCC43: ConfigurationManager, init=-1: [16001ff7-b991-4cf0-bcb8-c134c08732a2:172.18.0.5:9858, 4786d290-2d47-4f7c-a3fb-a54df0cac239:172.18.0.10:9858, 7e342b4d-ed39-4901-9eda-4e78c6f9a327:172.18.0.9:9858], old=null, confs=<EMPTY_MAP>
scm_1       | 2019-10-10 21:11:47,305 INFO authorize.ServiceAuthorizationManager: Authorization successful for om/om@EXAMPLE.COM (auth:KERBEROS) for protocol=interface org.apache.hadoop.hdds.scm.protocol.ScmBlockLocationProtocol
s3g_1       | 1699c4e855500961e80ad7685719eed5e3decdac157bb6be85b90e4528e17855, signature=99b86dcb84fee5a1daff6be9428bfe7ffeb25e5190088b9fe6c9b92ccf6e8b04, awsAccessKeyId=dlfknslnfslf
om_1        | 2019-10-10 21:11:53,082 [main] INFO       - Starting OM delegation token secret manager
datanode_3  | 2019-10-10 21:11:54,105 INFO impl.RaftServerImpl: 16001ff7-b991-4cf0-bcb8-c134c08732a2@group-F1DCC3A8EE01: start as a follower, conf=-1: [16001ff7-b991-4cf0-bcb8-c134c08732a2:172.18.0.5:9858], old=null
datanode_2  | 2019-10-10 21:11:54,666 INFO util.JmxRegister: Successfully registered JMX Bean with object name Ratis:service=RaftServer,group=group-36A1D62B0197,id=4786d290-2d47-4f7c-a3fb-a54df0cac239
kdc_1       | Oct 10 21:11:39 kdc kadmind[15](Notice): Request: kadm5_create_principal, HTTP/om@EXAMPLE.COM, success, client=admin/admin@EXAMPLE.COM, service=kadmin/admin@EXAMPLE.COM, addr=127.0.0.1
scm_1       | 2019-10-10 21:11:47,309 INFO authorize.ServiceAuthorizationManager: Authorization successful for dn/da2cde492087@EXAMPLE.COM (auth:KERBEROS) for protocol=interface org.apache.hadoop.hdds.protocol.SCMSecurityProtocol
datanode_1  | 2019-10-10 21:11:55,235 INFO server.RaftServerConfigKeys: raft.server.storage.dir = [/data/metadata/ratis] (custom)
s3g_1       | 2019-10-10 21:18:51,835 [qtp359368949-27] ERROR      - Failed to connect to OM. Attempted 10 retries and 10 failovers
om_1        | 2019-10-10 21:11:53,082 [main] INFO       - Updating the current master key for generating tokens
datanode_3  | 2019-10-10 21:11:54,106 INFO impl.RaftServerImpl: 16001ff7-b991-4cf0-bcb8-c134c08732a2@group-F1DCC3A8EE01: changes role from      null to FOLLOWER at term 0 for startAsFollower
datanode_2  | 2019-10-10 21:11:55,241 INFO impl.RaftServerProxy: 4786d290-2d47-4f7c-a3fb-a54df0cac239: addNew group-FC885BBCCC43:[16001ff7-b991-4cf0-bcb8-c134c08732a2:172.18.0.5:9858, 4786d290-2d47-4f7c-a3fb-a54df0cac239:172.18.0.10:9858, 7e342b4d-ed39-4901-9eda-4e78c6f9a327:172.18.0.9:9858] returns group-FC885BBCCC43:java.util.concurrent.CompletableFuture@7bd846a7[Not completed]
kdc_1       | Oct 10 21:11:39 kdc kadmind[15](info): closing down fd 18
scm_1       | 2019-10-10 21:11:47,314 INFO authorize.ServiceAuthorizationManager: Authorization successful for dn/91b01397fc3a@EXAMPLE.COM (auth:KERBEROS) for protocol=interface org.apache.hadoop.hdds.protocol.SCMSecurityProtocol
datanode_1  | 2019-10-10 21:11:55,235 INFO server.RaftServerConfigKeys: raft.server.log.corruption.policy = EXCEPTION (default)
s3g_1       | 2019-10-10 21:18:51,837 [qtp359368949-27] ERROR      - Couldn't create RpcClient protocol exception: 
om_1        | 2019-10-10 21:11:53,083 [Thread[Thread-11,5,main]] INFO       - Starting expired delegation token remover thread, tokenRemoverScanInterval=60 min(s)
datanode_3  | 2019-10-10 21:11:54,107 INFO impl.RoleInfo: 16001ff7-b991-4cf0-bcb8-c134c08732a2: start FollowerState
datanode_2  | 2019-10-10 21:11:55,245 INFO impl.RaftServerImpl: 4786d290-2d47-4f7c-a3fb-a54df0cac239: new RaftServerImpl for group-FC885BBCCC43:[16001ff7-b991-4cf0-bcb8-c134c08732a2:172.18.0.5:9858, 4786d290-2d47-4f7c-a3fb-a54df0cac239:172.18.0.10:9858, 7e342b4d-ed39-4901-9eda-4e78c6f9a327:172.18.0.9:9858] with ContainerStateMachine:uninitialized
scm_1       | 2019-10-10 21:11:47,316 INFO authorize.ServiceAuthorizationManager: Authorization successful for dn/4ff40944c741@EXAMPLE.COM (auth:KERBEROS) for protocol=interface org.apache.hadoop.hdds.protocol.SCMSecurityProtocol
kdc_1       | Oct 10 21:11:39 kdc kadmind[15](Notice): Request: kadm5_init, admin/admin@EXAMPLE.COM, success, client=admin/admin@EXAMPLE.COM, service=kadmin/admin@EXAMPLE.COM, addr=127.0.0.1, vers=4, flavor=6
