datanode_1  | 2019-10-10 20:57:25,607 INFO server.RaftServerConfigKeys: raft.server.write.element-limit = 4096 (default)
datanode_3  | 2019-10-10 20:57:33,062 INFO impl.RaftServerImpl: 960e0607-3cb0-4df1-bffc-5346cf46ff08@group-067B29C3E861: change Leader from null to ccfd41b5-a178-4c60-b0c1-3f1352742faa at term 2 for appendEntries, leader elected after 10442ms
datanode_2  | 2019-10-10 20:57:27,163 INFO segmented.SegmentedRaftLogWorker: d3cdfe2f-96a9-4573-b544-3a861ea1cbd7@group-6FFCAB9944BE-SegmentedRaftLogWorker: Starting segment from index:0
datanode_1  | 2019-10-10 20:57:25,611 INFO server.RaftServerConfigKeys: raft.server.watch.timeout = 10s (default)
datanode_3  | 2019-10-10 20:57:33,079 INFO impl.RaftServerImpl: 960e0607-3cb0-4df1-bffc-5346cf46ff08@group-067B29C3E861: set configuration 0: [960e0607-3cb0-4df1-bffc-5346cf46ff08:172.18.0.7:9858, ccfd41b5-a178-4c60-b0c1-3f1352742faa:172.18.0.2:9858, d3cdfe2f-96a9-4573-b544-3a861ea1cbd7:172.18.0.6:9858], old=null at 0
datanode_2  | 2019-10-10 20:57:27,172 INFO impl.RaftServerImpl: d3cdfe2f-96a9-4573-b544-3a861ea1cbd7@group-6FFCAB9944BE: set configuration 0: [d3cdfe2f-96a9-4573-b544-3a861ea1cbd7:172.18.0.6:9858], old=null at 0
datanode_1  | 2019-10-10 20:57:25,611 INFO server.RaftServerConfigKeys: raft.server.watch.timeout.denomination = 1s (default)
datanode_3  | 2019-10-10 20:57:33,080 INFO segmented.SegmentedRaftLogWorker: 960e0607-3cb0-4df1-bffc-5346cf46ff08@group-067B29C3E861-SegmentedRaftLogWorker: Starting segment from index:0
datanode_2  | 2019-10-10 20:57:27,279 INFO segmented.SegmentedRaftLogWorker: d3cdfe2f-96a9-4573-b544-3a861ea1cbd7@group-6FFCAB9944BE-SegmentedRaftLogWorker: created new log segment /data/metadata/ratis/17fd56cc-4ec0-468b-8d7e-6ffcab9944be/current/log_inprogress_0
datanode_1  | 2019-10-10 20:57:25,612 INFO server.RaftServerConfigKeys: raft.server.watch.element-limit = 65536 (default)
datanode_3  | 2019-10-10 20:57:33,107 INFO segmented.SegmentedRaftLogWorker: 960e0607-3cb0-4df1-bffc-5346cf46ff08@group-067B29C3E861-SegmentedRaftLogWorker: created new log segment /data/metadata/ratis/a9d24648-d319-42d8-bc14-067b29c3e861/current/log_inprogress_0
datanode_2  | 2019-10-10 20:57:27,717 INFO impl.FollowerState: d3cdfe2f-96a9-4573-b544-3a861ea1cbd7@group-067B29C3E861-FollowerState: change to CANDIDATE, lastRpcTime:5101ms, electionTimeout:5101ms
datanode_1  | 2019-10-10 20:57:25,628 INFO impl.RoleInfo: ccfd41b5-a178-4c60-b0c1-3f1352742faa: start LeaderState
datanode_2  | 2019-10-10 20:57:27,718 INFO impl.RoleInfo: d3cdfe2f-96a9-4573-b544-3a861ea1cbd7: shutdown FollowerState
datanode_1  | 2019-10-10 20:57:25,649 INFO segmented.SegmentedRaftLogWorker: ccfd41b5-a178-4c60-b0c1-3f1352742faa@group-31CA80431FAC-SegmentedRaftLogWorker: Starting segment from index:0
datanode_2  | 2019-10-10 20:57:27,718 INFO impl.RaftServerImpl: d3cdfe2f-96a9-4573-b544-3a861ea1cbd7@group-067B29C3E861: changes role from  FOLLOWER to CANDIDATE at term 0 for changeToCandidate
datanode_1  | 2019-10-10 20:57:25,659 INFO impl.RaftServerImpl: ccfd41b5-a178-4c60-b0c1-3f1352742faa@group-31CA80431FAC: set configuration 0: [ccfd41b5-a178-4c60-b0c1-3f1352742faa:172.18.0.2:9858], old=null at 0
datanode_2  | 2019-10-10 20:57:27,718 INFO impl.RoleInfo: d3cdfe2f-96a9-4573-b544-3a861ea1cbd7: start LeaderElection
datanode_1  | 2019-10-10 20:57:25,773 INFO segmented.SegmentedRaftLogWorker: ccfd41b5-a178-4c60-b0c1-3f1352742faa@group-31CA80431FAC-SegmentedRaftLogWorker: created new log segment /data/metadata/ratis/8a4a1174-f747-4596-a22c-31ca80431fac/current/log_inprogress_0
datanode_2  | 2019-10-10 20:57:27,789 INFO impl.LeaderElection: d3cdfe2f-96a9-4573-b544-3a861ea1cbd7@group-067B29C3E861-LeaderElection2: begin an election at term 1 for -1: [960e0607-3cb0-4df1-bffc-5346cf46ff08:172.18.0.7:9858, ccfd41b5-a178-4c60-b0c1-3f1352742faa:172.18.0.2:9858, d3cdfe2f-96a9-4573-b544-3a861ea1cbd7:172.18.0.6:9858], old=null
datanode_1  | 2019-10-10 20:57:27,662 INFO impl.FollowerState: ccfd41b5-a178-4c60-b0c1-3f1352742faa@group-067B29C3E861-FollowerState: change to CANDIDATE, lastRpcTime:5045ms, electionTimeout:5045ms
datanode_2  | 2019-10-10 20:57:28,000 INFO impl.LeaderElection: d3cdfe2f-96a9-4573-b544-3a861ea1cbd7@group-067B29C3E861-LeaderElection2: Election REJECTED; received 2 response(s) [d3cdfe2f-96a9-4573-b544-3a861ea1cbd7<-960e0607-3cb0-4df1-bffc-5346cf46ff08#0:FAIL-t1, d3cdfe2f-96a9-4573-b544-3a861ea1cbd7<-ccfd41b5-a178-4c60-b0c1-3f1352742faa#0:FAIL-t1] and 0 exception(s); d3cdfe2f-96a9-4573-b544-3a861ea1cbd7@group-067B29C3E861:t1, leader=null, voted=d3cdfe2f-96a9-4573-b544-3a861ea1cbd7, raftlog=d3cdfe2f-96a9-4573-b544-3a861ea1cbd7@group-067B29C3E861-SegmentedRaftLog:OPENED:c-1,f-1,i0, conf=-1: [960e0607-3cb0-4df1-bffc-5346cf46ff08:172.18.0.7:9858, ccfd41b5-a178-4c60-b0c1-3f1352742faa:172.18.0.2:9858, d3cdfe2f-96a9-4573-b544-3a861ea1cbd7:172.18.0.6:9858], old=null
datanode_1  | 2019-10-10 20:57:27,663 INFO impl.RoleInfo: ccfd41b5-a178-4c60-b0c1-3f1352742faa: shutdown FollowerState
datanode_2  | 2019-10-10 20:57:28,002 INFO impl.RaftServerImpl: d3cdfe2f-96a9-4573-b544-3a861ea1cbd7@group-067B29C3E861: changes role from CANDIDATE to FOLLOWER at term 1 for DISCOVERED_A_NEW_TERM
datanode_1  | 2019-10-10 20:57:27,663 INFO impl.RaftServerImpl: ccfd41b5-a178-4c60-b0c1-3f1352742faa@group-067B29C3E861: changes role from  FOLLOWER to CANDIDATE at term 0 for changeToCandidate
datanode_2  | 2019-10-10 20:57:28,002 INFO impl.RoleInfo: d3cdfe2f-96a9-4573-b544-3a861ea1cbd7: shutdown LeaderElection
datanode_1  | 2019-10-10 20:57:27,663 INFO impl.RoleInfo: ccfd41b5-a178-4c60-b0c1-3f1352742faa: start LeaderElection
datanode_2  | 2019-10-10 20:57:28,002 INFO impl.RoleInfo: d3cdfe2f-96a9-4573-b544-3a861ea1cbd7: start FollowerState
datanode_1  | 2019-10-10 20:57:27,710 INFO impl.LeaderElection: ccfd41b5-a178-4c60-b0c1-3f1352742faa@group-067B29C3E861-LeaderElection2: begin an election at term 1 for -1: [960e0607-3cb0-4df1-bffc-5346cf46ff08:172.18.0.7:9858, ccfd41b5-a178-4c60-b0c1-3f1352742faa:172.18.0.2:9858, d3cdfe2f-96a9-4573-b544-3a861ea1cbd7:172.18.0.6:9858], old=null
datanode_2  | 2019-10-10 20:57:32,973 INFO impl.RaftServerImpl: d3cdfe2f-96a9-4573-b544-3a861ea1cbd7@group-067B29C3E861: changes role from  FOLLOWER to FOLLOWER at term 2 for recognizeCandidate:ccfd41b5-a178-4c60-b0c1-3f1352742faa
datanode_1  | 2019-10-10 20:57:27,910 INFO impl.LeaderElection: ccfd41b5-a178-4c60-b0c1-3f1352742faa@group-067B29C3E861-LeaderElection2: Election REJECTED; received 2 response(s) [ccfd41b5-a178-4c60-b0c1-3f1352742faa<-960e0607-3cb0-4df1-bffc-5346cf46ff08#0:FAIL-t1, ccfd41b5-a178-4c60-b0c1-3f1352742faa<-d3cdfe2f-96a9-4573-b544-3a861ea1cbd7#0:FAIL-t1] and 0 exception(s); ccfd41b5-a178-4c60-b0c1-3f1352742faa@group-067B29C3E861:t1, leader=null, voted=ccfd41b5-a178-4c60-b0c1-3f1352742faa, raftlog=ccfd41b5-a178-4c60-b0c1-3f1352742faa@group-067B29C3E861-SegmentedRaftLog:OPENED:c-1,f-1,i0, conf=-1: [960e0607-3cb0-4df1-bffc-5346cf46ff08:172.18.0.7:9858, ccfd41b5-a178-4c60-b0c1-3f1352742faa:172.18.0.2:9858, d3cdfe2f-96a9-4573-b544-3a861ea1cbd7:172.18.0.6:9858], old=null
datanode_2  | 2019-10-10 20:57:32,974 INFO impl.RoleInfo: d3cdfe2f-96a9-4573-b544-3a861ea1cbd7: shutdown FollowerState
datanode_1  | 2019-10-10 20:57:27,925 INFO impl.RaftServerImpl: ccfd41b5-a178-4c60-b0c1-3f1352742faa@group-067B29C3E861: changes role from CANDIDATE to FOLLOWER at term 1 for DISCOVERED_A_NEW_TERM
datanode_2  | 2019-10-10 20:57:32,974 INFO impl.RoleInfo: d3cdfe2f-96a9-4573-b544-3a861ea1cbd7: start FollowerState
datanode_1  | 2019-10-10 20:57:27,925 INFO impl.RoleInfo: ccfd41b5-a178-4c60-b0c1-3f1352742faa: shutdown LeaderElection
datanode_1  | 2019-10-10 20:57:27,926 INFO impl.RoleInfo: ccfd41b5-a178-4c60-b0c1-3f1352742faa: start FollowerState
datanode_1  | 2019-10-10 20:57:32,950 INFO impl.FollowerState: ccfd41b5-a178-4c60-b0c1-3f1352742faa@group-067B29C3E861-FollowerState: change to CANDIDATE, lastRpcTime:5023ms, electionTimeout:5021ms
datanode_2  | 2019-10-10 20:57:32,974 INFO impl.FollowerState: d3cdfe2f-96a9-4573-b544-3a861ea1cbd7@group-067B29C3E861-FollowerState was interrupted: java.lang.InterruptedException: sleep interrupted
datanode_1  | 2019-10-10 20:57:32,950 INFO impl.RoleInfo: ccfd41b5-a178-4c60-b0c1-3f1352742faa: shutdown FollowerState
datanode_2  | 2019-10-10 20:57:33,063 INFO impl.RaftServerImpl: d3cdfe2f-96a9-4573-b544-3a861ea1cbd7@group-067B29C3E861: change Leader from null to ccfd41b5-a178-4c60-b0c1-3f1352742faa at term 2 for appendEntries, leader elected after 10455ms
datanode_1  | 2019-10-10 20:57:32,951 INFO impl.RaftServerImpl: ccfd41b5-a178-4c60-b0c1-3f1352742faa@group-067B29C3E861: changes role from  FOLLOWER to CANDIDATE at term 1 for changeToCandidate
datanode_2  | 2019-10-10 20:57:33,080 INFO impl.RaftServerImpl: d3cdfe2f-96a9-4573-b544-3a861ea1cbd7@group-067B29C3E861: set configuration 0: [960e0607-3cb0-4df1-bffc-5346cf46ff08:172.18.0.7:9858, ccfd41b5-a178-4c60-b0c1-3f1352742faa:172.18.0.2:9858, d3cdfe2f-96a9-4573-b544-3a861ea1cbd7:172.18.0.6:9858], old=null at 0
datanode_1  | 2019-10-10 20:57:32,951 INFO impl.RoleInfo: ccfd41b5-a178-4c60-b0c1-3f1352742faa: start LeaderElection
datanode_2  | 2019-10-10 20:57:33,080 INFO segmented.SegmentedRaftLogWorker: d3cdfe2f-96a9-4573-b544-3a861ea1cbd7@group-067B29C3E861-SegmentedRaftLogWorker: Starting segment from index:0
datanode_1  | 2019-10-10 20:57:32,954 INFO impl.LeaderElection: ccfd41b5-a178-4c60-b0c1-3f1352742faa@group-067B29C3E861-LeaderElection3: begin an election at term 2 for -1: [960e0607-3cb0-4df1-bffc-5346cf46ff08:172.18.0.7:9858, ccfd41b5-a178-4c60-b0c1-3f1352742faa:172.18.0.2:9858, d3cdfe2f-96a9-4573-b544-3a861ea1cbd7:172.18.0.6:9858], old=null
datanode_2  | 2019-10-10 20:57:33,107 INFO segmented.SegmentedRaftLogWorker: d3cdfe2f-96a9-4573-b544-3a861ea1cbd7@group-067B29C3E861-SegmentedRaftLogWorker: created new log segment /data/metadata/ratis/a9d24648-d319-42d8-bc14-067b29c3e861/current/log_inprogress_0
datanode_1  | 2019-10-10 20:57:32,986 INFO impl.LeaderElection: ccfd41b5-a178-4c60-b0c1-3f1352742faa@group-067B29C3E861-LeaderElection3: Election PASSED; received 1 response(s) [ccfd41b5-a178-4c60-b0c1-3f1352742faa<-960e0607-3cb0-4df1-bffc-5346cf46ff08#0:OK-t2] and 0 exception(s); ccfd41b5-a178-4c60-b0c1-3f1352742faa@group-067B29C3E861:t2, leader=null, voted=ccfd41b5-a178-4c60-b0c1-3f1352742faa, raftlog=ccfd41b5-a178-4c60-b0c1-3f1352742faa@group-067B29C3E861-SegmentedRaftLog:OPENED:c-1,f-1,i0, conf=-1: [960e0607-3cb0-4df1-bffc-5346cf46ff08:172.18.0.7:9858, ccfd41b5-a178-4c60-b0c1-3f1352742faa:172.18.0.2:9858, d3cdfe2f-96a9-4573-b544-3a861ea1cbd7:172.18.0.6:9858], old=null
datanode_1  | 2019-10-10 20:57:32,987 INFO impl.RoleInfo: ccfd41b5-a178-4c60-b0c1-3f1352742faa: shutdown LeaderElection
datanode_1  | 2019-10-10 20:57:32,987 INFO impl.RaftServerImpl: ccfd41b5-a178-4c60-b0c1-3f1352742faa@group-067B29C3E861: changes role from CANDIDATE to LEADER at term 2 for changeToLeader
datanode_1  | 2019-10-10 20:57:32,987 INFO impl.RaftServerImpl: ccfd41b5-a178-4c60-b0c1-3f1352742faa@group-067B29C3E861: change Leader from null to ccfd41b5-a178-4c60-b0c1-3f1352742faa at term 2 for becomeLeader, leader elected after 10380ms
datanode_1  | 2019-10-10 20:57:32,987 INFO server.RaftServerConfigKeys: raft.server.staging.catchup.gap = 1000 (default)
datanode_1  | 2019-10-10 20:57:32,988 INFO server.RaftServerConfigKeys: raft.server.rpc.sleep.time = 25ms (default)
datanode_1  | 2019-10-10 20:57:32,988 INFO server.RaftServerConfigKeys: raft.server.write.element-limit = 4096 (default)
datanode_1  | 2019-10-10 20:57:32,988 INFO server.RaftServerConfigKeys: raft.server.watch.timeout = 10s (default)
datanode_1  | 2019-10-10 20:57:32,988 INFO server.RaftServerConfigKeys: raft.server.watch.timeout.denomination = 1s (default)
datanode_1  | 2019-10-10 20:57:32,988 INFO server.RaftServerConfigKeys: raft.server.watch.element-limit = 65536 (default)
datanode_1  | 2019-10-10 20:57:32,998 INFO server.RaftServerConfigKeys: raft.server.log.appender.snapshot.chunk.size.max = 16MB (=16777216) (default)
datanode_1  | 2019-10-10 20:57:32,998 INFO server.RaftServerConfigKeys: raft.server.log.appender.buffer.byte-limit = 33554432 (custom)
datanode_1  | 2019-10-10 20:57:32,999 INFO server.RaftServerConfigKeys: raft.server.log.appender.buffer.element-limit = 1 (custom)
datanode_1  | 2019-10-10 20:57:33,003 INFO grpc.GrpcConfigKeys$Server: raft.grpc.server.leader.outstanding.appends.max = 128 (default)
datanode_1  | 2019-10-10 20:57:33,004 INFO server.RaftServerConfigKeys: raft.server.rpc.request.timeout = 3000ms (default)
datanode_1  | 2019-10-10 20:57:33,004 INFO server.RaftServerConfigKeys: raft.server.log.appender.install.snapshot.enabled = false (custom)
datanode_1  | 2019-10-10 20:57:33,005 INFO server.RaftServerConfigKeys: raft.server.log.appender.snapshot.chunk.size.max = 16MB (=16777216) (default)
datanode_1  | 2019-10-10 20:57:33,005 INFO server.RaftServerConfigKeys: raft.server.log.appender.buffer.byte-limit = 33554432 (custom)
datanode_1  | 2019-10-10 20:57:33,005 INFO server.RaftServerConfigKeys: raft.server.log.appender.buffer.element-limit = 1 (custom)
datanode_1  | 2019-10-10 20:57:33,005 INFO grpc.GrpcConfigKeys$Server: raft.grpc.server.leader.outstanding.appends.max = 128 (default)
datanode_1  | 2019-10-10 20:57:33,005 INFO server.RaftServerConfigKeys: raft.server.rpc.request.timeout = 3000ms (default)
datanode_1  | 2019-10-10 20:57:33,005 INFO server.RaftServerConfigKeys: raft.server.log.appender.install.snapshot.enabled = false (custom)
datanode_1  | 2019-10-10 20:57:33,008 INFO impl.RoleInfo: ccfd41b5-a178-4c60-b0c1-3f1352742faa: start LeaderState
datanode_1  | 2019-10-10 20:57:33,008 INFO segmented.SegmentedRaftLogWorker: ccfd41b5-a178-4c60-b0c1-3f1352742faa@group-067B29C3E861-SegmentedRaftLogWorker: Starting segment from index:0
datanode_1  | 2019-10-10 20:57:33,009 INFO impl.RaftServerImpl: ccfd41b5-a178-4c60-b0c1-3f1352742faa@group-067B29C3E861: set configuration 0: [960e0607-3cb0-4df1-bffc-5346cf46ff08:172.18.0.7:9858, ccfd41b5-a178-4c60-b0c1-3f1352742faa:172.18.0.2:9858, d3cdfe2f-96a9-4573-b544-3a861ea1cbd7:172.18.0.6:9858], old=null at 0
datanode_1  | 2019-10-10 20:57:33,036 INFO segmented.SegmentedRaftLogWorker: ccfd41b5-a178-4c60-b0c1-3f1352742faa@group-067B29C3E861-SegmentedRaftLogWorker: created new log segment /data/metadata/ratis/a9d24648-d319-42d8-bc14-067b29c3e861/current/log_inprogress_0
