datanode_1  | 2019-10-04 21:00:47 INFO  RaftServerConfigKeys:43 - raft.server.log.use.memory = false (default)
datanode_2  | 2019-10-04 21:00:46 INFO  RaftServerConfigKeys:43 - raft.server.log.queue.byte-limit = 2147483647 (custom)
om_1        | 2019-10-04 21:00:48 INFO  HttpServer2:975 - Added global filter 'safety' (class=org.apache.hadoop.http.HttpServer2$QuotingInputFilter)
scm_1       | 2019-10-04 21:00:44 INFO  Server:351 - jetty-9.3.25.v20180904, build timestamp: 2018-09-04T21:11:46Z, git hash: 3ce520221d0240229c862b122d2b06c12a625732
datanode_3  | 2019-10-04 21:00:48 WARN  MetricsSystemImpl:151 - HddsDatanode metrics system already initialized!
datanode_1  | 2019-10-04 21:00:47 INFO  RaftServerConfigKeys:43 - raft.server.log.purge.gap = 1000000 (custom)
datanode_2  | 2019-10-04 21:00:46 INFO  RaftServerConfigKeys:43 - raft.server.log.queue.element-limit = 1024 (custom)
om_1        | 2019-10-04 21:00:48 INFO  HttpServer2:948 - Added filter static_user_filter (class=org.apache.hadoop.http.lib.StaticUserWebFilter$StaticUserFilter) to context ozoneManager
scm_1       | 2019-10-04 21:00:44 INFO  ContextHandler:781 - Started o.e.j.s.ServletContextHandler@153d4abb{/logs,file:///var/log/hadoop/,AVAILABLE}
datanode_3  | 2019-10-04 21:00:48 INFO  MetricRegistries:64 - Loaded MetricRegistries class org.apache.ratis.metrics.impl.MetricRegistriesImpl
datanode_1  | 2019-10-04 21:00:47 INFO  RaftServerConfigKeys:43 - raft.server.log.appender.buffer.byte-limit = 33554432 (custom)
datanode_2  | 2019-10-04 21:00:46 INFO  RaftServerConfigKeys:43 - raft.server.log.segment.size.max = 1048576 (custom)
om_1        | 2019-10-04 21:00:48 INFO  HttpServer2:958 - Added filter static_user_filter (class=org.apache.hadoop.http.lib.StaticUserWebFilter$StaticUserFilter) to context static
scm_1       | 2019-10-04 21:00:44 INFO  ContextHandler:781 - Started o.e.j.s.ServletContextHandler@64bfd6fd{/static,jar:file:/opt/hadoop/share/ozone/lib/hadoop-hdds-server-scm-0.5.0-SNAPSHOT.jar!/webapps/static,AVAILABLE}
datanode_3  | 2019-10-04 21:00:48 INFO  RaftServerConfigKeys:43 - raft.server.log.segment.cache.num.max = 2 (custom)
datanode_1  | 2019-10-04 21:00:47 INFO  RaftServerConfigKeys:43 - raft.server.log.segment.size.max = 1048576 (custom)
datanode_2  | 2019-10-04 21:00:46 INFO  RaftServerConfigKeys:43 - raft.server.log.preallocated.size = 16384 (custom)
om_1        | 2019-10-04 21:00:48 INFO  HttpServer2:958 - Added filter static_user_filter (class=org.apache.hadoop.http.lib.StaticUserWebFilter$StaticUserFilter) to context logs
scm_1       | 2019-10-04 21:00:44 INFO  ContextHandler:781 - Started o.e.j.w.WebAppContext@290d10ef{/,file:///tmp/jetty-0.0.0.0-9876-scm-_-any-2678205126263537349.dir/webapp/,AVAILABLE}{/scm}
datanode_1  | 2019-10-04 21:00:47 WARN  MetricsSystemImpl:151 - HddsDatanode metrics system already initialized!
datanode_2  | 2019-10-04 21:00:46 INFO  RaftServerConfigKeys:43 - raft.server.log.write.buffer.size = 33554432 (custom)
om_1        | 2019-10-04 21:00:48 WARN  BaseHttpServer:111 - /prof java profiling servlet is activated. Not safe for production!
scm_1       | 2019-10-04 21:00:44 INFO  AbstractConnector:278 - Started ServerConnector@f55bc41{HTTP/1.1,[http/1.1]}{0.0.0.0:9876}
datanode_3  | 2019-10-04 21:00:48 INFO  SegmentedRaftLogWorker:173 - new 0f977165-87c0-4a22-b321-04b7e4c0f1b3@group-BB6CD0BE64DA-SegmentedRaftLogWorker for RaftStorage:Storage Directory /data/metadata/ratis/ece24058-9dd8-4164-95b7-bb6cd0be64da
datanode_1  | 2019-10-04 21:00:47 INFO  MetricRegistries:64 - Loaded MetricRegistries class org.apache.ratis.metrics.impl.MetricRegistriesImpl
datanode_2  | 2019-10-04 21:00:46 INFO  RaftServerConfigKeys:43 - raft.server.log.force.sync.num = 128 (default)
om_1        | 2019-10-04 21:00:48 INFO  HttpServer2:1191 - Jetty bound to port 9874
scm_1       | 2019-10-04 21:00:44 INFO  Server:419 - Started @3408ms
datanode_3  | 2019-10-04 21:00:48 INFO  RaftServerConfigKeys:43 - raft.server.log.queue.byte-limit = 2147483647 (custom)
datanode_1  | 2019-10-04 21:00:47 INFO  RaftServerConfigKeys:43 - raft.server.log.segment.cache.num.max = 2 (custom)
datanode_2  | 2019-10-04 21:00:46 INFO  RaftServerConfigKeys:43 - raft.server.log.statemachine.data.sync = true (default)
om_1        | 2019-10-04 21:00:48 INFO  Server:351 - jetty-9.3.25.v20180904, build timestamp: 2018-09-04T21:11:46Z, git hash: 3ce520221d0240229c862b122d2b06c12a625732
scm_1       | 2019-10-04 21:00:44 INFO  MetricsSinkAdapter:204 - Sink prometheus started
datanode_3  | 2019-10-04 21:00:48 INFO  RaftServerConfigKeys:43 - raft.server.log.queue.element-limit = 1024 (custom)
datanode_1  | 2019-10-04 21:00:47 INFO  SegmentedRaftLogWorker:173 - new efe0a381-92de-466f-89c8-7129ef8fa05d@group-662B18F2E421-SegmentedRaftLogWorker for RaftStorage:Storage Directory /data/metadata/ratis/dde657a1-c004-4d24-852a-662b18f2e421
datanode_2  | 2019-10-04 21:00:46 INFO  RaftServerConfigKeys:43 - raft.server.log.statemachine.data.sync.timeout = 10s (default)
om_1        | 2019-10-04 21:00:48 INFO  ContextHandler:781 - Started o.e.j.s.ServletContextHandler@6614bd4b{/logs,file:///var/log/hadoop/,AVAILABLE}
scm_1       | 2019-10-04 21:00:44 INFO  MetricsSystemImpl:301 - Registered sink prometheus
datanode_1  | 2019-10-04 21:00:47 INFO  RaftServerConfigKeys:43 - raft.server.log.queue.byte-limit = 2147483647 (custom)
datanode_2  | 2019-10-04 21:00:46 INFO  RaftServerConfigKeys:43 - raft.server.log.statemachine.data.sync.timeout.retry = -1 (default)
om_1        | 2019-10-04 21:00:48 INFO  ContextHandler:781 - Started o.e.j.s.ServletContextHandler@196ae579{/static,jar:file:/opt/hadoop/share/ozone/lib/hadoop-ozone-ozone-manager-0.5.0-SNAPSHOT.jar!/webapps/static,AVAILABLE}
datanode_3  | 2019-10-04 21:00:48 INFO  RaftServerConfigKeys:43 - raft.server.log.segment.size.max = 1048576 (custom)
scm_1       | 2019-10-04 21:00:44 INFO  BaseHttpServer:215 - HTTP server of SCM is listening at http://0.0.0.0:9876
datanode_1  | 2019-10-04 21:00:47 INFO  RaftServerConfigKeys:43 - raft.server.log.queue.element-limit = 1024 (custom)
datanode_2  | 2019-10-04 21:00:46 INFO  RaftServerConfigKeys:43 - raft.server.log.statemachine.data.caching.enabled = true (custom)
datanode_3  | 2019-10-04 21:00:48 INFO  RaftServerConfigKeys:43 - raft.server.log.preallocated.size = 16384 (custom)
scm_1       | 2019-10-04 21:00:44 INFO  JvmPauseMonitor:188 - Starting JVM pause monitor
om_1        | 2019-10-04 21:00:48 INFO  ContextHandler:781 - Started o.e.j.w.WebAppContext@44af588b{/,file:///tmp/jetty-0.0.0.0-9874-ozoneManager-_-any-10127830825988050621.dir/webapp/,AVAILABLE}{/ozoneManager}
datanode_1  | 2019-10-04 21:00:47 INFO  RaftServerConfigKeys:43 - raft.server.log.segment.size.max = 1048576 (custom)
datanode_2  | 2019-10-04 21:00:46 INFO  SegmentedRaftLogWorker:128 - af098f56-b96b-4911-b4ef-a36f36d931f0@group-1AC83C49183E-SegmentedRaftLogWorker: flushIndex: setUnconditionally 0 -> -1
datanode_3  | 2019-10-04 21:00:48 INFO  RaftServerConfigKeys:43 - raft.server.log.write.buffer.size = 33554432 (custom)
scm_1       | 2019-10-04 21:00:45 INFO  NetworkTopology:111 - Added a new node: /default-rack/af098f56-b96b-4911-b4ef-a36f36d931f0
om_1        | 2019-10-04 21:00:48 INFO  AbstractConnector:278 - Started ServerConnector@332bcab0{HTTP/1.1,[http/1.1]}{0.0.0.0:9874}
datanode_1  | 2019-10-04 21:00:47 INFO  RaftServerConfigKeys:43 - raft.server.log.preallocated.size = 16384 (custom)
datanode_2  | 2019-10-04 21:00:46 INFO  RaftServerConfigKeys:43 - raft.server.snapshot.auto.trigger.enabled = true (custom)
datanode_3  | 2019-10-04 21:00:48 INFO  RaftServerConfigKeys:43 - raft.server.log.force.sync.num = 128 (default)
om_1        | 2019-10-04 21:00:48 INFO  Server:419 - Started @3827ms
datanode_1  | 2019-10-04 21:00:47 INFO  RaftServerConfigKeys:43 - raft.server.log.write.buffer.size = 33554432 (custom)
datanode_3  | 2019-10-04 21:00:48 INFO  RaftServerConfigKeys:43 - raft.server.log.statemachine.data.sync = true (default)
datanode_2  | 2019-10-04 21:00:46 INFO  RaftServerConfigKeys:43 - raft.server.snapshot.auto.trigger.threshold = 10000 (custom)
scm_1       | 2019-10-04 21:00:45 INFO  SCMNodeManager:268 - Registered Data node : af098f56-b96b-4911-b4ef-a36f36d931f0{ip: 172.18.0.4, host: ozone_datanode_2.ozone_default, networkLocation: /default-rack, certSerialId: null}
datanode_3  | 2019-10-04 21:00:48 INFO  RaftServerConfigKeys:43 - raft.server.log.statemachine.data.sync.timeout = 10s (default)
datanode_1  | 2019-10-04 21:00:47 INFO  RaftServerConfigKeys:43 - raft.server.log.force.sync.num = 128 (default)
datanode_2  | 2019-10-04 21:00:46 INFO  RaftServerConfigKeys:43 - raft.server.snapshot.retention.file.num = 5 (custom)
scm_1       | 2019-10-04 21:00:45 INFO  SCMSafeModeManager:71 - SCM in safe mode. 1 DataNodes registered, 1 required.
om_1        | 2019-10-04 21:00:48 INFO  MetricsSinkAdapter:204 - Sink prometheus started
datanode_3  | 2019-10-04 21:00:48 INFO  RaftServerConfigKeys:43 - raft.server.log.statemachine.data.sync.timeout.retry = -1 (default)
datanode_1  | 2019-10-04 21:00:47 INFO  RaftServerConfigKeys:43 - raft.server.log.statemachine.data.sync = true (default)
datanode_2  | 2019-10-04 21:00:46 INFO  RaftServerConfigKeys:43 - raft.server.retrycache.expirytime = 600000ms (custom)
scm_1       | 2019-10-04 21:00:45 INFO  SCMSafeModeManager:177 - ScmSafeModeManager, all rules are successfully validated
om_1        | 2019-10-04 21:00:48 INFO  MetricsSystemImpl:301 - Registered sink prometheus
datanode_3  | 2019-10-04 21:00:48 INFO  RaftServerConfigKeys:43 - raft.server.log.statemachine.data.caching.enabled = true (custom)
datanode_1  | 2019-10-04 21:00:47 INFO  RaftServerConfigKeys:43 - raft.server.log.statemachine.data.sync.timeout = 10s (default)
datanode_2  | 2019-10-04 21:00:46 INFO  RaftServerImpl:181 - af098f56-b96b-4911-b4ef-a36f36d931f0@group-1AC83C49183E: start as a follower, conf=-1: [af098f56-b96b-4911-b4ef-a36f36d931f0:172.18.0.4:9858], old=null
scm_1       | 2019-10-04 21:00:45 INFO  SCMSafeModeManager:193 - SCM exiting safe mode.
om_1        | 2019-10-04 21:00:48 INFO  BaseHttpServer:215 - HTTP server of OZONEMANAGER is listening at http://0.0.0.0:9874
datanode_3  | 2019-10-04 21:00:48 INFO  SegmentedRaftLogWorker:128 - 0f977165-87c0-4a22-b321-04b7e4c0f1b3@group-BB6CD0BE64DA-SegmentedRaftLogWorker: flushIndex: setUnconditionally 0 -> -1
datanode_1  | 2019-10-04 21:00:47 INFO  RaftServerConfigKeys:43 - raft.server.log.statemachine.data.sync.timeout.retry = -1 (default)
datanode_2  | 2019-10-04 21:00:46 INFO  RaftServerImpl:170 - af098f56-b96b-4911-b4ef-a36f36d931f0@group-1AC83C49183E: changes role from      null to FOLLOWER at term 0 for startAsFollower
scm_1       | 2019-10-04 21:00:45 INFO  NetworkTopology:111 - Added a new node: /default-rack/efe0a381-92de-466f-89c8-7129ef8fa05d
datanode_3  | 2019-10-04 21:00:48 INFO  RaftServerConfigKeys:43 - raft.server.snapshot.auto.trigger.enabled = true (custom)
om_1        | 2019-10-04 21:01:03 INFO  OMVolumeCreateRequest:193 - created volume:vol-0-12129 for user:hadoop
datanode_1  | 2019-10-04 21:00:47 INFO  RaftServerConfigKeys:43 - raft.server.log.statemachine.data.caching.enabled = true (custom)
datanode_2  | 2019-10-04 21:00:46 INFO  RoleInfo:143 - af098f56-b96b-4911-b4ef-a36f36d931f0: start FollowerState
scm_1       | 2019-10-04 21:00:45 INFO  SCMNodeManager:268 - Registered Data node : efe0a381-92de-466f-89c8-7129ef8fa05d{ip: 172.18.0.3, host: ozone_datanode_1.ozone_default, networkLocation: /default-rack, certSerialId: null}
datanode_3  | 2019-10-04 21:00:48 INFO  RaftServerConfigKeys:43 - raft.server.snapshot.auto.trigger.threshold = 10000 (custom)
om_1        | 2019-10-04 21:01:03 INFO  OMVolumeCreateRequest:193 - created volume:vol-1-23054 for user:hadoop
datanode_1  | 2019-10-04 21:00:47 INFO  SegmentedRaftLogWorker:128 - efe0a381-92de-466f-89c8-7129ef8fa05d@group-662B18F2E421-SegmentedRaftLogWorker: flushIndex: setUnconditionally 0 -> -1
datanode_2  | 2019-10-04 21:00:46 INFO  JmxRegister:44 - Successfully registered JMX Bean with object name Ratis:service=RaftServer,group=group-1AC83C49183E,id=af098f56-b96b-4911-b4ef-a36f36d931f0
scm_1       | WARNING: An illegal reflective access operation has occurred
datanode_3  | 2019-10-04 21:00:48 INFO  RaftServerConfigKeys:43 - raft.server.snapshot.retention.file.num = 5 (custom)
om_1        | 2019-10-04 21:01:03 INFO  OMVolumeCreateRequest:193 - created volume:vol-2-12738 for user:hadoop
datanode_1  | 2019-10-04 21:00:47 INFO  RaftServerConfigKeys:43 - raft.server.snapshot.auto.trigger.enabled = true (custom)
datanode_2  | 2019-10-04 21:00:48 INFO  RaftServerProxy:89 - af098f56-b96b-4911-b4ef-a36f36d931f0: addNew group-CBE46460C92D:[efe0a381-92de-466f-89c8-7129ef8fa05d:172.18.0.3:9858, 0f977165-87c0-4a22-b321-04b7e4c0f1b3:172.18.0.6:9858, af098f56-b96b-4911-b4ef-a36f36d931f0:172.18.0.4:9858] returns group-CBE46460C92D:java.util.concurrent.CompletableFuture@3baefd31[Not completed]
scm_1       | WARNING: Illegal reflective access by org.apache.ratis.thirdparty.com.google.protobuf.UnsafeUtil (file:/opt/hadoop/share/ozone/lib/ratis-thirdparty-misc-0.2.0.jar) to field java.nio.Buffer.address
datanode_3  | 2019-10-04 21:00:48 INFO  RaftServerConfigKeys:43 - raft.server.retrycache.expirytime = 600000ms (custom)
datanode_1  | 2019-10-04 21:00:47 INFO  RaftServerConfigKeys:43 - raft.server.snapshot.auto.trigger.threshold = 10000 (custom)
datanode_2  | 2019-10-04 21:00:48 INFO  RaftServerImpl:95 - af098f56-b96b-4911-b4ef-a36f36d931f0: new RaftServerImpl for group-CBE46460C92D:[efe0a381-92de-466f-89c8-7129ef8fa05d:172.18.0.3:9858, 0f977165-87c0-4a22-b321-04b7e4c0f1b3:172.18.0.6:9858, af098f56-b96b-4911-b4ef-a36f36d931f0:172.18.0.4:9858] with ContainerStateMachine:uninitialized
scm_1       | WARNING: Please consider reporting this to the maintainers of org.apache.ratis.thirdparty.com.google.protobuf.UnsafeUtil
datanode_3  | 2019-10-04 21:00:48 INFO  RaftServerImpl:181 - 0f977165-87c0-4a22-b321-04b7e4c0f1b3@group-BB6CD0BE64DA: start as a follower, conf=-1: [0f977165-87c0-4a22-b321-04b7e4c0f1b3:172.18.0.6:9858], old=null
om_1        | 2019-10-04 21:01:03 INFO  OMVolumeCreateRequest:193 - created volume:vol-3-51839 for user:hadoop
datanode_1  | 2019-10-04 21:00:47 INFO  RaftServerConfigKeys:43 - raft.server.snapshot.retention.file.num = 5 (custom)
datanode_2  | 2019-10-04 21:00:48 INFO  RaftServerConfigKeys:43 - raft.server.rpc.timeout.min = 5s (custom)
scm_1       | WARNING: Use --illegal-access=warn to enable warnings of further illegal reflective access operations
datanode_3  | 2019-10-04 21:00:48 INFO  RaftServerImpl:170 - 0f977165-87c0-4a22-b321-04b7e4c0f1b3@group-BB6CD0BE64DA: changes role from      null to FOLLOWER at term 0 for startAsFollower
om_1        | 2019-10-04 21:01:03 INFO  OMVolumeCreateRequest:193 - created volume:vol-4-53570 for user:hadoop
datanode_1  | 2019-10-04 21:00:47 INFO  RaftServerConfigKeys:43 - raft.server.retrycache.expirytime = 600000ms (custom)
datanode_2  | 2019-10-04 21:00:48 INFO  RaftServerConfigKeys:43 - raft.server.rpc.timeout.max = 5200ms (custom)
scm_1       | WARNING: All illegal access operations will be denied in a future release
datanode_3  | 2019-10-04 21:00:48 INFO  RoleInfo:143 - 0f977165-87c0-4a22-b321-04b7e4c0f1b3: start FollowerState
datanode_1  | 2019-10-04 21:00:47 INFO  RaftServerImpl:181 - efe0a381-92de-466f-89c8-7129ef8fa05d@group-662B18F2E421: start as a follower, conf=-1: [efe0a381-92de-466f-89c8-7129ef8fa05d:172.18.0.3:9858], old=null
om_1        | 2019-10-04 21:01:16 INFO  OMVolumeCreateRequest:193 - created volume:wltxj for user:hadoop
datanode_2  | 2019-10-04 21:00:48 INFO  RaftServerConfigKeys:43 - raft.server.rpcslowness.timeout = 120s (custom)
scm_1       | 2019-10-04 21:00:46 INFO  PipelineStateManager:56 - Created pipeline Pipeline[ Id: 852531a3-c5a6-4cc7-b440-1ac83c49183e, Nodes: af098f56-b96b-4911-b4ef-a36f36d931f0{ip: 172.18.0.4, host: ozone_datanode_2.ozone_default, networkLocation: /default-rack, certSerialId: null}, Type:RATIS, Factor:ONE, State:OPEN]
datanode_3  | 2019-10-04 21:00:48 INFO  JmxRegister:44 - Successfully registered JMX Bean with object name Ratis:service=RaftServer,group=group-BB6CD0BE64DA,id=0f977165-87c0-4a22-b321-04b7e4c0f1b3
datanode_1  | 2019-10-04 21:00:47 INFO  RaftServerImpl:170 - efe0a381-92de-466f-89c8-7129ef8fa05d@group-662B18F2E421: changes role from      null to FOLLOWER at term 0 for startAsFollower
datanode_2  | 2019-10-04 21:00:48 INFO  RaftServerConfigKeys:43 - raft.server.sleep.deviation.threshold = 300 (default)
datanode_3  | 2019-10-04 21:00:48 INFO  RaftServerProxy:89 - 0f977165-87c0-4a22-b321-04b7e4c0f1b3: addNew group-CBE46460C92D:[efe0a381-92de-466f-89c8-7129ef8fa05d:172.18.0.3:9858, 0f977165-87c0-4a22-b321-04b7e4c0f1b3:172.18.0.6:9858, af098f56-b96b-4911-b4ef-a36f36d931f0:172.18.0.4:9858] returns group-CBE46460C92D:java.util.concurrent.CompletableFuture@6474eb9f[Not completed]
scm_1       | 2019-10-04 21:00:47 INFO  PipelineStateManager:56 - Created pipeline Pipeline[ Id: dde657a1-c004-4d24-852a-662b18f2e421, Nodes: efe0a381-92de-466f-89c8-7129ef8fa05d{ip: 172.18.0.3, host: ozone_datanode_1.ozone_default, networkLocation: /default-rack, certSerialId: null}, Type:RATIS, Factor:ONE, State:OPEN]
datanode_1  | 2019-10-04 21:00:47 INFO  RoleInfo:143 - efe0a381-92de-466f-89c8-7129ef8fa05d: start FollowerState
datanode_3  | 2019-10-04 21:00:48 INFO  RaftServerImpl:95 - 0f977165-87c0-4a22-b321-04b7e4c0f1b3: new RaftServerImpl for group-CBE46460C92D:[efe0a381-92de-466f-89c8-7129ef8fa05d:172.18.0.3:9858, 0f977165-87c0-4a22-b321-04b7e4c0f1b3:172.18.0.6:9858, af098f56-b96b-4911-b4ef-a36f36d931f0:172.18.0.4:9858] with ContainerStateMachine:uninitialized
scm_1       | 2019-10-04 21:00:47 INFO  NetworkTopology:111 - Added a new node: /default-rack/0f977165-87c0-4a22-b321-04b7e4c0f1b3
datanode_2  | 2019-10-04 21:00:48 INFO  RaftServerConfigKeys:43 - raft.server.log.appender.install.snapshot.enabled = false (custom)
datanode_1  | 2019-10-04 21:00:47 INFO  JmxRegister:44 - Successfully registered JMX Bean with object name Ratis:service=RaftServer,group=group-662B18F2E421,id=efe0a381-92de-466f-89c8-7129ef8fa05d
scm_1       | 2019-10-04 21:00:47 INFO  SCMNodeManager:268 - Registered Data node : 0f977165-87c0-4a22-b321-04b7e4c0f1b3{ip: 172.18.0.6, host: ozone_datanode_3.ozone_default, networkLocation: /default-rack, certSerialId: null}
datanode_3  | 2019-10-04 21:00:48 INFO  RaftServerConfigKeys:43 - raft.server.rpc.timeout.min = 5s (custom)
datanode_2  | 2019-10-04 21:00:48 INFO  RaftServerImpl:103 - af098f56-b96b-4911-b4ef-a36f36d931f0@group-CBE46460C92D: ConfigurationManager, init=-1: [efe0a381-92de-466f-89c8-7129ef8fa05d:172.18.0.3:9858, 0f977165-87c0-4a22-b321-04b7e4c0f1b3:172.18.0.6:9858, af098f56-b96b-4911-b4ef-a36f36d931f0:172.18.0.4:9858], old=null, confs=<EMPTY_MAP>
datanode_1  | 2019-10-04 21:00:48 INFO  RaftServerProxy:89 - efe0a381-92de-466f-89c8-7129ef8fa05d: addNew group-CBE46460C92D:[efe0a381-92de-466f-89c8-7129ef8fa05d:172.18.0.3:9858, 0f977165-87c0-4a22-b321-04b7e4c0f1b3:172.18.0.6:9858, af098f56-b96b-4911-b4ef-a36f36d931f0:172.18.0.4:9858] returns group-CBE46460C92D:java.util.concurrent.CompletableFuture@65ec51ad[Not completed]
scm_1       | 2019-10-04 21:00:48 INFO  PipelineStateManager:56 - Created pipeline Pipeline[ Id: ece24058-9dd8-4164-95b7-bb6cd0be64da, Nodes: 0f977165-87c0-4a22-b321-04b7e4c0f1b3{ip: 172.18.0.6, host: ozone_datanode_3.ozone_default, networkLocation: /default-rack, certSerialId: null}, Type:RATIS, Factor:ONE, State:OPEN]
datanode_3  | 2019-10-04 21:00:48 INFO  RaftServerConfigKeys:43 - raft.server.rpc.timeout.max = 5200ms (custom)
datanode_2  | 2019-10-04 21:00:48 INFO  RaftServerConfigKeys:43 - raft.server.storage.dir = [/data/metadata/ratis] (custom)
datanode_1  | 2019-10-04 21:00:48 INFO  RaftServerImpl:95 - efe0a381-92de-466f-89c8-7129ef8fa05d: new RaftServerImpl for group-CBE46460C92D:[efe0a381-92de-466f-89c8-7129ef8fa05d:172.18.0.3:9858, 0f977165-87c0-4a22-b321-04b7e4c0f1b3:172.18.0.6:9858, af098f56-b96b-4911-b4ef-a36f36d931f0:172.18.0.4:9858] with ContainerStateMachine:uninitialized
scm_1       | 2019-10-04 21:00:48 INFO  PipelineStateManager:56 - Created pipeline Pipeline[ Id: c20f1ccc-a2a6-4926-b126-cbe46460c92d, Nodes: efe0a381-92de-466f-89c8-7129ef8fa05d{ip: 172.18.0.3, host: ozone_datanode_1.ozone_default, networkLocation: /default-rack, certSerialId: null}0f977165-87c0-4a22-b321-04b7e4c0f1b3{ip: 172.18.0.6, host: ozone_datanode_3.ozone_default, networkLocation: /default-rack, certSerialId: null}af098f56-b96b-4911-b4ef-a36f36d931f0{ip: 172.18.0.4, host: ozone_datanode_2.ozone_default, networkLocation: /default-rack, certSerialId: null}, Type:RATIS, Factor:THREE, State:OPEN]
datanode_2  | 2019-10-04 21:00:48 INFO  RaftServerConfigKeys:43 - raft.server.log.corruption.policy = EXCEPTION (default)
datanode_3  | 2019-10-04 21:00:48 INFO  RaftServerConfigKeys:43 - raft.server.rpcslowness.timeout = 120s (custom)
scm_1       | 2019-10-04 21:01:03 INFO  PipelineStateManager:56 - Created pipeline Pipeline[ Id: a7f5c0f4-e72c-40dd-b160-cbf5698fc8b0, Nodes: af098f56-b96b-4911-b4ef-a36f36d931f0{ip: 172.18.0.4, host: ozone_datanode_2.ozone_default, networkLocation: /default-rack, certSerialId: null}, Type:STAND_ALONE, Factor:ONE, State:OPEN]
datanode_1  | 2019-10-04 21:00:48 INFO  RaftServerConfigKeys:43 - raft.server.rpc.timeout.min = 5s (custom)
datanode_2  | 2019-10-04 21:00:48 INFO  RaftStorageDirectory:246 - The storage directory /data/metadata/ratis/c20f1ccc-a2a6-4926-b126-cbe46460c92d does not exist. Creating ...
datanode_3  | 2019-10-04 21:00:48 INFO  RaftServerConfigKeys:43 - raft.server.sleep.deviation.threshold = 300 (default)
scm_1       | 2019-10-04 21:01:47 INFO  SCMBlockProtocolServer:212 - SCM is informed by OM to delete 2 blocks
datanode_1  | 2019-10-04 21:00:48 INFO  RaftServerConfigKeys:43 - raft.server.rpc.timeout.max = 5200ms (custom)
datanode_2  | 2019-10-04 21:00:48 INFO  RaftStorageDirectory:328 - Lock on /data/metadata/ratis/c20f1ccc-a2a6-4926-b126-cbe46460c92d/in_use.lock acquired by nodename 7@d75f87b1cac0
datanode_3  | 2019-10-04 21:00:48 INFO  RaftServerConfigKeys:43 - raft.server.log.appender.install.snapshot.enabled = false (custom)
scm_1       | 2019-10-04 21:01:47 INFO  BlockManagerImpl:269 - Deleting blocks conID: 4 locID: 102906126882832509 bcsId: 0
datanode_1  | 2019-10-04 21:00:48 INFO  RaftServerConfigKeys:43 - raft.server.rpcslowness.timeout = 120s (custom)
datanode_2  | 2019-10-04 21:00:48 INFO  RaftStorage:84 - Storage directory /data/metadata/ratis/c20f1ccc-a2a6-4926-b126-cbe46460c92d has been successfully formatted.
scm_1       | 2019-10-04 21:01:47 INFO  BlockManagerImpl:269 - Deleting blocks conID: 5 locID: 102906127714156670 bcsId: 0
datanode_3  | 2019-10-04 21:00:48 INFO  RaftServerImpl:103 - 0f977165-87c0-4a22-b321-04b7e4c0f1b3@group-CBE46460C92D: ConfigurationManager, init=-1: [efe0a381-92de-466f-89c8-7129ef8fa05d:172.18.0.3:9858, 0f977165-87c0-4a22-b321-04b7e4c0f1b3:172.18.0.6:9858, af098f56-b96b-4911-b4ef-a36f36d931f0:172.18.0.4:9858], old=null, confs=<EMPTY_MAP>
datanode_1  | 2019-10-04 21:00:48 INFO  RaftServerConfigKeys:43 - raft.server.sleep.deviation.threshold = 300 (default)
datanode_2  | 2019-10-04 21:00:48 INFO  ContainerStateMachine:230 - group-CBE46460C92D: The snapshot info is null. Setting the last applied indexto:(t:0, i:~)
datanode_3  | 2019-10-04 21:00:48 INFO  RaftServerConfigKeys:43 - raft.server.storage.dir = [/data/metadata/ratis] (custom)
datanode_1  | 2019-10-04 21:00:48 INFO  RaftServerConfigKeys:43 - raft.server.log.appender.install.snapshot.enabled = false (custom)
datanode_2  | 2019-10-04 21:00:48 INFO  RaftServerConfigKeys:43 - raft.server.notification.no-leader.timeout = 120s (custom)
datanode_3  | 2019-10-04 21:00:48 INFO  RaftServerConfigKeys:43 - raft.server.log.corruption.policy = EXCEPTION (default)
datanode_1  | 2019-10-04 21:00:48 INFO  RaftServerImpl:103 - efe0a381-92de-466f-89c8-7129ef8fa05d@group-CBE46460C92D: ConfigurationManager, init=-1: [efe0a381-92de-466f-89c8-7129ef8fa05d:172.18.0.3:9858, 0f977165-87c0-4a22-b321-04b7e4c0f1b3:172.18.0.6:9858, af098f56-b96b-4911-b4ef-a36f36d931f0:172.18.0.4:9858], old=null, confs=<EMPTY_MAP>
datanode_2  | 2019-10-04 21:00:48 INFO  RaftServerConfigKeys:43 - raft.server.log.use.memory = false (default)
datanode_3  | 2019-10-04 21:00:48 INFO  RaftStorageDirectory:246 - The storage directory /data/metadata/ratis/c20f1ccc-a2a6-4926-b126-cbe46460c92d does not exist. Creating ...
datanode_1  | 2019-10-04 21:00:48 INFO  RaftServerConfigKeys:43 - raft.server.storage.dir = [/data/metadata/ratis] (custom)
datanode_2  | 2019-10-04 21:00:48 INFO  RaftServerConfigKeys:43 - raft.server.log.purge.gap = 1000000 (custom)
datanode_3  | 2019-10-04 21:00:48 INFO  RaftStorageDirectory:328 - Lock on /data/metadata/ratis/c20f1ccc-a2a6-4926-b126-cbe46460c92d/in_use.lock acquired by nodename 7@437f557924da
datanode_1  | 2019-10-04 21:00:48 INFO  RaftServerConfigKeys:43 - raft.server.log.corruption.policy = EXCEPTION (default)
datanode_2  | 2019-10-04 21:00:48 INFO  RaftServerConfigKeys:43 - raft.server.log.appender.buffer.byte-limit = 33554432 (custom)
datanode_3  | 2019-10-04 21:00:48 INFO  RaftStorage:84 - Storage directory /data/metadata/ratis/c20f1ccc-a2a6-4926-b126-cbe46460c92d has been successfully formatted.
datanode_1  | 2019-10-04 21:00:48 INFO  RaftStorageDirectory:246 - The storage directory /data/metadata/ratis/c20f1ccc-a2a6-4926-b126-cbe46460c92d does not exist. Creating ...
datanode_2  | 2019-10-04 21:00:48 INFO  RaftServerConfigKeys:43 - raft.server.log.segment.size.max = 1048576 (custom)
datanode_3  | 2019-10-04 21:00:48 INFO  ContainerStateMachine:230 - group-CBE46460C92D: The snapshot info is null. Setting the last applied indexto:(t:0, i:~)
datanode_1  | 2019-10-04 21:00:48 INFO  RaftStorageDirectory:328 - Lock on /data/metadata/ratis/c20f1ccc-a2a6-4926-b126-cbe46460c92d/in_use.lock acquired by nodename 7@e6098e2ced8c
datanode_2  | 2019-10-04 21:00:48 INFO  RaftServerConfigKeys:43 - raft.server.log.segment.cache.num.max = 2 (custom)
datanode_3  | 2019-10-04 21:00:48 INFO  RaftServerConfigKeys:43 - raft.server.notification.no-leader.timeout = 120s (custom)
datanode_1  | 2019-10-04 21:00:48 INFO  RaftStorage:84 - Storage directory /data/metadata/ratis/c20f1ccc-a2a6-4926-b126-cbe46460c92d has been successfully formatted.
datanode_2  | 2019-10-04 21:00:48 INFO  SegmentedRaftLogWorker:173 - new af098f56-b96b-4911-b4ef-a36f36d931f0@group-CBE46460C92D-SegmentedRaftLogWorker for RaftStorage:Storage Directory /data/metadata/ratis/c20f1ccc-a2a6-4926-b126-cbe46460c92d
datanode_3  | 2019-10-04 21:00:48 INFO  RaftServerConfigKeys:43 - raft.server.log.use.memory = false (default)
datanode_1  | 2019-10-04 21:00:48 INFO  ContainerStateMachine:230 - group-CBE46460C92D: The snapshot info is null. Setting the last applied indexto:(t:0, i:~)
datanode_3  | 2019-10-04 21:00:48 INFO  RaftServerConfigKeys:43 - raft.server.log.purge.gap = 1000000 (custom)
datanode_1  | 2019-10-04 21:00:48 INFO  RaftServerConfigKeys:43 - raft.server.notification.no-leader.timeout = 120s (custom)
datanode_2  | 2019-10-04 21:00:48 INFO  RaftServerConfigKeys:43 - raft.server.log.queue.byte-limit = 2147483647 (custom)
datanode_3  | 2019-10-04 21:00:48 INFO  RaftServerConfigKeys:43 - raft.server.log.appender.buffer.byte-limit = 33554432 (custom)
datanode_1  | 2019-10-04 21:00:48 INFO  RaftServerConfigKeys:43 - raft.server.log.use.memory = false (default)
datanode_2  | 2019-10-04 21:00:48 INFO  RaftServerConfigKeys:43 - raft.server.log.queue.element-limit = 1024 (custom)
datanode_3  | 2019-10-04 21:00:48 INFO  RaftServerConfigKeys:43 - raft.server.log.segment.size.max = 1048576 (custom)
datanode_1  | 2019-10-04 21:00:48 INFO  RaftServerConfigKeys:43 - raft.server.log.purge.gap = 1000000 (custom)
datanode_3  | 2019-10-04 21:00:48 INFO  RaftServerConfigKeys:43 - raft.server.log.segment.cache.num.max = 2 (custom)
datanode_2  | 2019-10-04 21:00:48 INFO  RaftServerConfigKeys:43 - raft.server.log.segment.size.max = 1048576 (custom)
datanode_1  | 2019-10-04 21:00:48 INFO  RaftServerConfigKeys:43 - raft.server.log.appender.buffer.byte-limit = 33554432 (custom)
datanode_3  | 2019-10-04 21:00:48 INFO  SegmentedRaftLogWorker:173 - new 0f977165-87c0-4a22-b321-04b7e4c0f1b3@group-CBE46460C92D-SegmentedRaftLogWorker for RaftStorage:Storage Directory /data/metadata/ratis/c20f1ccc-a2a6-4926-b126-cbe46460c92d
datanode_2  | 2019-10-04 21:00:48 INFO  RaftServerConfigKeys:43 - raft.server.log.preallocated.size = 16384 (custom)
datanode_3  | 2019-10-04 21:00:48 INFO  RaftServerConfigKeys:43 - raft.server.log.queue.byte-limit = 2147483647 (custom)
datanode_1  | 2019-10-04 21:00:48 INFO  RaftServerConfigKeys:43 - raft.server.log.segment.size.max = 1048576 (custom)
datanode_2  | 2019-10-04 21:00:48 INFO  RaftServerConfigKeys:43 - raft.server.log.write.buffer.size = 33554432 (custom)
datanode_3  | 2019-10-04 21:00:48 INFO  RaftServerConfigKeys:43 - raft.server.log.queue.element-limit = 1024 (custom)
datanode_1  | 2019-10-04 21:00:48 INFO  RaftServerConfigKeys:43 - raft.server.log.segment.cache.num.max = 2 (custom)
datanode_3  | 2019-10-04 21:00:48 INFO  RaftServerConfigKeys:43 - raft.server.log.segment.size.max = 1048576 (custom)
datanode_1  | 2019-10-04 21:00:48 INFO  SegmentedRaftLogWorker:173 - new efe0a381-92de-466f-89c8-7129ef8fa05d@group-CBE46460C92D-SegmentedRaftLogWorker for RaftStorage:Storage Directory /data/metadata/ratis/c20f1ccc-a2a6-4926-b126-cbe46460c92d
datanode_3  | 2019-10-04 21:00:48 INFO  RaftServerConfigKeys:43 - raft.server.log.preallocated.size = 16384 (custom)
datanode_1  | 2019-10-04 21:00:48 INFO  RaftServerConfigKeys:43 - raft.server.log.queue.byte-limit = 2147483647 (custom)
datanode_2  | 2019-10-04 21:00:48 INFO  RaftServerConfigKeys:43 - raft.server.log.force.sync.num = 128 (default)
datanode_3  | 2019-10-04 21:00:48 INFO  RaftServerConfigKeys:43 - raft.server.log.write.buffer.size = 33554432 (custom)
datanode_1  | 2019-10-04 21:00:48 INFO  RaftServerConfigKeys:43 - raft.server.log.queue.element-limit = 1024 (custom)
datanode_2  | 2019-10-04 21:00:48 INFO  RaftServerConfigKeys:43 - raft.server.log.statemachine.data.sync = true (default)
datanode_3  | 2019-10-04 21:00:48 INFO  RaftServerConfigKeys:43 - raft.server.log.force.sync.num = 128 (default)
datanode_2  | 2019-10-04 21:00:48 INFO  RaftServerConfigKeys:43 - raft.server.log.statemachine.data.sync.timeout = 10s (default)
datanode_1  | 2019-10-04 21:00:48 INFO  RaftServerConfigKeys:43 - raft.server.log.segment.size.max = 1048576 (custom)
datanode_3  | 2019-10-04 21:00:48 INFO  RaftServerConfigKeys:43 - raft.server.log.statemachine.data.sync = true (default)
datanode_2  | 2019-10-04 21:00:48 INFO  RaftServerConfigKeys:43 - raft.server.log.statemachine.data.sync.timeout.retry = -1 (default)
datanode_1  | 2019-10-04 21:00:48 INFO  RaftServerConfigKeys:43 - raft.server.log.preallocated.size = 16384 (custom)
datanode_2  | 2019-10-04 21:00:48 INFO  RaftServerConfigKeys:43 - raft.server.log.statemachine.data.caching.enabled = true (custom)
datanode_3  | 2019-10-04 21:00:48 INFO  RaftServerConfigKeys:43 - raft.server.log.statemachine.data.sync.timeout = 10s (default)
datanode_2  | 2019-10-04 21:00:48 INFO  SegmentedRaftLogWorker:128 - af098f56-b96b-4911-b4ef-a36f36d931f0@group-CBE46460C92D-SegmentedRaftLogWorker: flushIndex: setUnconditionally 0 -> -1
datanode_1  | 2019-10-04 21:00:48 INFO  RaftServerConfigKeys:43 - raft.server.log.write.buffer.size = 33554432 (custom)
datanode_3  | 2019-10-04 21:00:48 INFO  RaftServerConfigKeys:43 - raft.server.log.statemachine.data.sync.timeout.retry = -1 (default)
datanode_2  | 2019-10-04 21:00:48 INFO  RaftServerConfigKeys:43 - raft.server.snapshot.auto.trigger.enabled = true (custom)
datanode_1  | 2019-10-04 21:00:48 INFO  RaftServerConfigKeys:43 - raft.server.log.force.sync.num = 128 (default)
datanode_3  | 2019-10-04 21:00:48 INFO  RaftServerConfigKeys:43 - raft.server.log.statemachine.data.caching.enabled = true (custom)
datanode_2  | 2019-10-04 21:00:48 INFO  RaftServerConfigKeys:43 - raft.server.snapshot.auto.trigger.threshold = 10000 (custom)
datanode_1  | 2019-10-04 21:00:48 INFO  RaftServerConfigKeys:43 - raft.server.log.statemachine.data.sync = true (default)
datanode_3  | 2019-10-04 21:00:48 INFO  SegmentedRaftLogWorker:128 - 0f977165-87c0-4a22-b321-04b7e4c0f1b3@group-CBE46460C92D-SegmentedRaftLogWorker: flushIndex: setUnconditionally 0 -> -1
datanode_2  | 2019-10-04 21:00:48 INFO  RaftServerConfigKeys:43 - raft.server.snapshot.retention.file.num = 5 (custom)
datanode_3  | 2019-10-04 21:00:48 INFO  RaftServerConfigKeys:43 - raft.server.snapshot.auto.trigger.enabled = true (custom)
datanode_3  | 2019-10-04 21:00:48 INFO  RaftServerConfigKeys:43 - raft.server.snapshot.auto.trigger.threshold = 10000 (custom)
datanode_1  | 2019-10-04 21:00:48 INFO  RaftServerConfigKeys:43 - raft.server.log.statemachine.data.sync.timeout = 10s (default)
datanode_2  | 2019-10-04 21:00:48 INFO  RaftServerConfigKeys:43 - raft.server.retrycache.expirytime = 600000ms (custom)
datanode_1  | 2019-10-04 21:00:48 INFO  RaftServerConfigKeys:43 - raft.server.log.statemachine.data.sync.timeout.retry = -1 (default)
datanode_2  | 2019-10-04 21:00:48 INFO  RaftServerImpl:181 - af098f56-b96b-4911-b4ef-a36f36d931f0@group-CBE46460C92D: start as a follower, conf=-1: [efe0a381-92de-466f-89c8-7129ef8fa05d:172.18.0.3:9858, 0f977165-87c0-4a22-b321-04b7e4c0f1b3:172.18.0.6:9858, af098f56-b96b-4911-b4ef-a36f36d931f0:172.18.0.4:9858], old=null
datanode_3  | 2019-10-04 21:00:48 INFO  RaftServerConfigKeys:43 - raft.server.snapshot.retention.file.num = 5 (custom)
datanode_1  | 2019-10-04 21:00:48 INFO  RaftServerConfigKeys:43 - raft.server.log.statemachine.data.caching.enabled = true (custom)
datanode_2  | 2019-10-04 21:00:48 INFO  RaftServerImpl:170 - af098f56-b96b-4911-b4ef-a36f36d931f0@group-CBE46460C92D: changes role from      null to FOLLOWER at term 0 for startAsFollower
datanode_3  | 2019-10-04 21:00:48 INFO  RaftServerConfigKeys:43 - raft.server.retrycache.expirytime = 600000ms (custom)
datanode_1  | 2019-10-04 21:00:48 INFO  SegmentedRaftLogWorker:128 - efe0a381-92de-466f-89c8-7129ef8fa05d@group-CBE46460C92D-SegmentedRaftLogWorker: flushIndex: setUnconditionally 0 -> -1
datanode_2  | 2019-10-04 21:00:48 INFO  RoleInfo:143 - af098f56-b96b-4911-b4ef-a36f36d931f0: start FollowerState
datanode_3  | 2019-10-04 21:00:48 INFO  RaftServerImpl:181 - 0f977165-87c0-4a22-b321-04b7e4c0f1b3@group-CBE46460C92D: start as a follower, conf=-1: [efe0a381-92de-466f-89c8-7129ef8fa05d:172.18.0.3:9858, 0f977165-87c0-4a22-b321-04b7e4c0f1b3:172.18.0.6:9858, af098f56-b96b-4911-b4ef-a36f36d931f0:172.18.0.4:9858], old=null
datanode_1  | 2019-10-04 21:00:48 INFO  RaftServerConfigKeys:43 - raft.server.snapshot.auto.trigger.enabled = true (custom)
datanode_2  | 2019-10-04 21:00:48 INFO  JmxRegister:44 - Successfully registered JMX Bean with object name Ratis:service=RaftServer,group=group-CBE46460C92D,id=af098f56-b96b-4911-b4ef-a36f36d931f0
datanode_1  | 2019-10-04 21:00:48 INFO  RaftServerConfigKeys:43 - raft.server.snapshot.auto.trigger.threshold = 10000 (custom)
datanode_3  | 2019-10-04 21:00:48 INFO  RaftServerImpl:170 - 0f977165-87c0-4a22-b321-04b7e4c0f1b3@group-CBE46460C92D: changes role from      null to FOLLOWER at term 0 for startAsFollower
datanode_2  | 2019-10-04 21:00:51 INFO  FollowerState:108 - af098f56-b96b-4911-b4ef-a36f36d931f0@group-1AC83C49183E-FollowerState: change to CANDIDATE, lastRpcTime:5184ms, electionTimeout:5183ms
datanode_1  | 2019-10-04 21:00:48 INFO  RaftServerConfigKeys:43 - raft.server.snapshot.retention.file.num = 5 (custom)
datanode_3  | 2019-10-04 21:00:48 INFO  RoleInfo:143 - 0f977165-87c0-4a22-b321-04b7e4c0f1b3: start FollowerState
datanode_2  | 2019-10-04 21:00:51 INFO  RoleInfo:121 - af098f56-b96b-4911-b4ef-a36f36d931f0: shutdown FollowerState
datanode_1  | 2019-10-04 21:00:48 INFO  RaftServerConfigKeys:43 - raft.server.retrycache.expirytime = 600000ms (custom)
datanode_3  | 2019-10-04 21:00:48 INFO  JmxRegister:44 - Successfully registered JMX Bean with object name Ratis:service=RaftServer,group=group-CBE46460C92D,id=0f977165-87c0-4a22-b321-04b7e4c0f1b3
datanode_2  | 2019-10-04 21:00:51 INFO  RaftServerImpl:170 - af098f56-b96b-4911-b4ef-a36f36d931f0@group-1AC83C49183E: changes role from  FOLLOWER to CANDIDATE at term 0 for changeToCandidate
datanode_1  | 2019-10-04 21:00:48 INFO  RaftServerImpl:181 - efe0a381-92de-466f-89c8-7129ef8fa05d@group-CBE46460C92D: start as a follower, conf=-1: [efe0a381-92de-466f-89c8-7129ef8fa05d:172.18.0.3:9858, 0f977165-87c0-4a22-b321-04b7e4c0f1b3:172.18.0.6:9858, af098f56-b96b-4911-b4ef-a36f36d931f0:172.18.0.4:9858], old=null
datanode_2  | 2019-10-04 21:00:51 INFO  RoleInfo:143 - af098f56-b96b-4911-b4ef-a36f36d931f0: start LeaderElection
datanode_3  | 2019-10-04 21:00:53 INFO  FollowerState:108 - 0f977165-87c0-4a22-b321-04b7e4c0f1b3@group-BB6CD0BE64DA-FollowerState: change to CANDIDATE, lastRpcTime:5126ms, electionTimeout:5126ms
datanode_1  | 2019-10-04 21:00:48 INFO  RaftServerImpl:170 - efe0a381-92de-466f-89c8-7129ef8fa05d@group-CBE46460C92D: changes role from      null to FOLLOWER at term 0 for startAsFollower
datanode_2  | 2019-10-04 21:00:51 INFO  LeaderElection:178 - af098f56-b96b-4911-b4ef-a36f36d931f0@group-1AC83C49183E-LeaderElection1: begin an election at term 1 for -1: [af098f56-b96b-4911-b4ef-a36f36d931f0:172.18.0.4:9858], old=null
datanode_3  | 2019-10-04 21:00:53 INFO  RoleInfo:121 - 0f977165-87c0-4a22-b321-04b7e4c0f1b3: shutdown FollowerState
datanode_1  | 2019-10-04 21:00:48 INFO  RoleInfo:143 - efe0a381-92de-466f-89c8-7129ef8fa05d: start FollowerState
datanode_2  | 2019-10-04 21:00:51 INFO  RoleInfo:134 - af098f56-b96b-4911-b4ef-a36f36d931f0: shutdown LeaderElection
datanode_3  | 2019-10-04 21:00:53 INFO  RaftServerImpl:170 - 0f977165-87c0-4a22-b321-04b7e4c0f1b3@group-BB6CD0BE64DA: changes role from  FOLLOWER to CANDIDATE at term 0 for changeToCandidate
datanode_1  | 2019-10-04 21:00:48 INFO  JmxRegister:44 - Successfully registered JMX Bean with object name Ratis:service=RaftServer,group=group-CBE46460C92D,id=efe0a381-92de-466f-89c8-7129ef8fa05d
datanode_2  | 2019-10-04 21:00:51 INFO  RaftServerImpl:170 - af098f56-b96b-4911-b4ef-a36f36d931f0@group-1AC83C49183E: changes role from CANDIDATE to LEADER at term 1 for changeToLeader
datanode_3  | 2019-10-04 21:00:53 INFO  RoleInfo:143 - 0f977165-87c0-4a22-b321-04b7e4c0f1b3: start LeaderElection
datanode_1  | 2019-10-04 21:00:52 INFO  FollowerState:108 - efe0a381-92de-466f-89c8-7129ef8fa05d@group-662B18F2E421-FollowerState: change to CANDIDATE, lastRpcTime:5123ms, electionTimeout:5123ms
datanode_2  | 2019-10-04 21:00:51 INFO  RaftServerImpl:255 - af098f56-b96b-4911-b4ef-a36f36d931f0@group-1AC83C49183E: change Leader from null to af098f56-b96b-4911-b4ef-a36f36d931f0 at term 1 for becomeLeader, leader elected after 5332ms
datanode_3  | 2019-10-04 21:00:53 INFO  LeaderElection:178 - 0f977165-87c0-4a22-b321-04b7e4c0f1b3@group-BB6CD0BE64DA-LeaderElection1: begin an election at term 1 for -1: [0f977165-87c0-4a22-b321-04b7e4c0f1b3:172.18.0.6:9858], old=null
datanode_1  | 2019-10-04 21:00:52 INFO  RoleInfo:121 - efe0a381-92de-466f-89c8-7129ef8fa05d: shutdown FollowerState
datanode_2  | 2019-10-04 21:00:51 INFO  RaftServerConfigKeys:43 - raft.server.staging.catchup.gap = 1000 (default)
datanode_3  | 2019-10-04 21:00:53 INFO  RoleInfo:134 - 0f977165-87c0-4a22-b321-04b7e4c0f1b3: shutdown LeaderElection
datanode_1  | 2019-10-04 21:00:52 INFO  RaftServerImpl:170 - efe0a381-92de-466f-89c8-7129ef8fa05d@group-662B18F2E421: changes role from  FOLLOWER to CANDIDATE at term 0 for changeToCandidate
datanode_2  | 2019-10-04 21:00:51 INFO  RaftServerConfigKeys:43 - raft.server.rpc.sleep.time = 25ms (default)
datanode_3  | 2019-10-04 21:00:53 INFO  RaftServerImpl:170 - 0f977165-87c0-4a22-b321-04b7e4c0f1b3@group-BB6CD0BE64DA: changes role from CANDIDATE to LEADER at term 1 for changeToLeader
datanode_2  | 2019-10-04 21:00:51 INFO  RaftServerConfigKeys:43 - raft.server.write.element-limit = 4096 (default)
datanode_1  | 2019-10-04 21:00:52 INFO  RoleInfo:143 - efe0a381-92de-466f-89c8-7129ef8fa05d: start LeaderElection
datanode_3  | 2019-10-04 21:00:53 INFO  RaftServerImpl:255 - 0f977165-87c0-4a22-b321-04b7e4c0f1b3@group-BB6CD0BE64DA: change Leader from null to 0f977165-87c0-4a22-b321-04b7e4c0f1b3 at term 1 for becomeLeader, leader elected after 5278ms
datanode_2  | 2019-10-04 21:00:51 INFO  RaftServerConfigKeys:43 - raft.server.watch.timeout = 10s (default)
datanode_1  | 2019-10-04 21:00:52 INFO  LeaderElection:178 - efe0a381-92de-466f-89c8-7129ef8fa05d@group-662B18F2E421-LeaderElection1: begin an election at term 1 for -1: [efe0a381-92de-466f-89c8-7129ef8fa05d:172.18.0.3:9858], old=null
datanode_3  | 2019-10-04 21:00:53 INFO  RaftServerConfigKeys:43 - raft.server.staging.catchup.gap = 1000 (default)
datanode_2  | 2019-10-04 21:00:51 INFO  RaftServerConfigKeys:43 - raft.server.watch.timeout.denomination = 1s (default)
datanode_1  | 2019-10-04 21:00:52 INFO  RoleInfo:134 - efe0a381-92de-466f-89c8-7129ef8fa05d: shutdown LeaderElection
datanode_3  | 2019-10-04 21:00:53 INFO  RaftServerConfigKeys:43 - raft.server.rpc.sleep.time = 25ms (default)
datanode_2  | 2019-10-04 21:00:51 INFO  RaftServerConfigKeys:43 - raft.server.watch.element-limit = 65536 (default)
datanode_1  | 2019-10-04 21:00:52 INFO  RaftServerImpl:170 - efe0a381-92de-466f-89c8-7129ef8fa05d@group-662B18F2E421: changes role from CANDIDATE to LEADER at term 1 for changeToLeader
datanode_3  | 2019-10-04 21:00:53 INFO  RaftServerConfigKeys:43 - raft.server.write.element-limit = 4096 (default)
datanode_2  | 2019-10-04 21:00:51 INFO  RoleInfo:143 - af098f56-b96b-4911-b4ef-a36f36d931f0: start LeaderState
datanode_1  | 2019-10-04 21:00:52 INFO  RaftServerImpl:255 - efe0a381-92de-466f-89c8-7129ef8fa05d@group-662B18F2E421: change Leader from null to efe0a381-92de-466f-89c8-7129ef8fa05d at term 1 for becomeLeader, leader elected after 5249ms
datanode_3  | 2019-10-04 21:00:53 INFO  RaftServerConfigKeys:43 - raft.server.watch.timeout = 10s (default)
datanode_1  | 2019-10-04 21:00:52 INFO  RaftServerConfigKeys:43 - raft.server.staging.catchup.gap = 1000 (default)
datanode_3  | 2019-10-04 21:00:53 INFO  RaftServerConfigKeys:43 - raft.server.watch.timeout.denomination = 1s (default)
datanode_2  | 2019-10-04 21:00:51 INFO  SegmentedRaftLogWorker:385 - af098f56-b96b-4911-b4ef-a36f36d931f0@group-1AC83C49183E-SegmentedRaftLogWorker: Starting segment from index:0
datanode_1  | 2019-10-04 21:00:52 INFO  RaftServerConfigKeys:43 - raft.server.rpc.sleep.time = 25ms (default)
datanode_3  | 2019-10-04 21:00:53 INFO  RaftServerConfigKeys:43 - raft.server.watch.element-limit = 65536 (default)
datanode_2  | 2019-10-04 21:00:51 INFO  RaftServerImpl:356 - af098f56-b96b-4911-b4ef-a36f36d931f0@group-1AC83C49183E: set configuration 0: [af098f56-b96b-4911-b4ef-a36f36d931f0:172.18.0.4:9858], old=null at 0
datanode_1  | 2019-10-04 21:00:52 INFO  RaftServerConfigKeys:43 - raft.server.write.element-limit = 4096 (default)
datanode_2  | 2019-10-04 21:00:52 INFO  SegmentedRaftLogWorker:574 - af098f56-b96b-4911-b4ef-a36f36d931f0@group-1AC83C49183E-SegmentedRaftLogWorker: created new log segment /data/metadata/ratis/852531a3-c5a6-4cc7-b440-1ac83c49183e/current/log_inprogress_0
datanode_3  | 2019-10-04 21:00:53 INFO  RoleInfo:143 - 0f977165-87c0-4a22-b321-04b7e4c0f1b3: start LeaderState
datanode_1  | 2019-10-04 21:00:52 INFO  RaftServerConfigKeys:43 - raft.server.watch.timeout = 10s (default)
datanode_2  | 2019-10-04 21:00:53 INFO  FollowerState:108 - af098f56-b96b-4911-b4ef-a36f36d931f0@group-CBE46460C92D-FollowerState: change to CANDIDATE, lastRpcTime:5049ms, electionTimeout:5049ms
datanode_3  | 2019-10-04 21:00:53 INFO  FollowerState:108 - 0f977165-87c0-4a22-b321-04b7e4c0f1b3@group-CBE46460C92D-FollowerState: change to CANDIDATE, lastRpcTime:5043ms, electionTimeout:5043ms
datanode_1  | 2019-10-04 21:00:52 INFO  RaftServerConfigKeys:43 - raft.server.watch.timeout.denomination = 1s (default)
datanode_3  | 2019-10-04 21:00:53 INFO  RoleInfo:121 - 0f977165-87c0-4a22-b321-04b7e4c0f1b3: shutdown FollowerState
datanode_1  | 2019-10-04 21:00:52 INFO  RaftServerConfigKeys:43 - raft.server.watch.element-limit = 65536 (default)
datanode_2  | 2019-10-04 21:00:53 INFO  RoleInfo:121 - af098f56-b96b-4911-b4ef-a36f36d931f0: shutdown FollowerState
datanode_1  | 2019-10-04 21:00:52 INFO  RoleInfo:143 - efe0a381-92de-466f-89c8-7129ef8fa05d: start LeaderState
datanode_2  | 2019-10-04 21:00:53 INFO  RaftServerImpl:170 - af098f56-b96b-4911-b4ef-a36f36d931f0@group-CBE46460C92D: changes role from  FOLLOWER to CANDIDATE at term 0 for changeToCandidate
datanode_3  | 2019-10-04 21:00:53 INFO  RaftServerImpl:170 - 0f977165-87c0-4a22-b321-04b7e4c0f1b3@group-CBE46460C92D: changes role from  FOLLOWER to CANDIDATE at term 0 for changeToCandidate
datanode_3  | 2019-10-04 21:00:53 INFO  RoleInfo:143 - 0f977165-87c0-4a22-b321-04b7e4c0f1b3: start LeaderElection
datanode_3  | 2019-10-04 21:00:53 INFO  SegmentedRaftLogWorker:385 - 0f977165-87c0-4a22-b321-04b7e4c0f1b3@group-BB6CD0BE64DA-SegmentedRaftLogWorker: Starting segment from index:0
datanode_2  | 2019-10-04 21:00:53 INFO  RoleInfo:143 - af098f56-b96b-4911-b4ef-a36f36d931f0: start LeaderElection
datanode_1  | 2019-10-04 21:00:52 INFO  SegmentedRaftLogWorker:385 - efe0a381-92de-466f-89c8-7129ef8fa05d@group-662B18F2E421-SegmentedRaftLogWorker: Starting segment from index:0
datanode_1  | 2019-10-04 21:00:52 INFO  RaftServerImpl:356 - efe0a381-92de-466f-89c8-7129ef8fa05d@group-662B18F2E421: set configuration 0: [efe0a381-92de-466f-89c8-7129ef8fa05d:172.18.0.3:9858], old=null at 0
datanode_3  | 2019-10-04 21:00:53 INFO  RaftServerImpl:356 - 0f977165-87c0-4a22-b321-04b7e4c0f1b3@group-BB6CD0BE64DA: set configuration 0: [0f977165-87c0-4a22-b321-04b7e4c0f1b3:172.18.0.6:9858], old=null at 0
datanode_1  | 2019-10-04 21:00:52 INFO  SegmentedRaftLogWorker:574 - efe0a381-92de-466f-89c8-7129ef8fa05d@group-662B18F2E421-SegmentedRaftLogWorker: created new log segment /data/metadata/ratis/dde657a1-c004-4d24-852a-662b18f2e421/current/log_inprogress_0
datanode_3  | 2019-10-04 21:00:53 INFO  LeaderElection:178 - 0f977165-87c0-4a22-b321-04b7e4c0f1b3@group-CBE46460C92D-LeaderElection2: begin an election at term 1 for -1: [efe0a381-92de-466f-89c8-7129ef8fa05d:172.18.0.3:9858, 0f977165-87c0-4a22-b321-04b7e4c0f1b3:172.18.0.6:9858, af098f56-b96b-4911-b4ef-a36f36d931f0:172.18.0.4:9858], old=null
datanode_1  | 2019-10-04 21:00:53 INFO  FollowerState:108 - efe0a381-92de-466f-89c8-7129ef8fa05d@group-CBE46460C92D-FollowerState: change to CANDIDATE, lastRpcTime:5039ms, electionTimeout:5039ms
datanode_2  | 2019-10-04 21:00:53 INFO  LeaderElection:178 - af098f56-b96b-4911-b4ef-a36f36d931f0@group-CBE46460C92D-LeaderElection2: begin an election at term 1 for -1: [efe0a381-92de-466f-89c8-7129ef8fa05d:172.18.0.3:9858, 0f977165-87c0-4a22-b321-04b7e4c0f1b3:172.18.0.6:9858, af098f56-b96b-4911-b4ef-a36f36d931f0:172.18.0.4:9858], old=null
datanode_3  | 2019-10-04 21:00:53 INFO  SegmentedRaftLogWorker:574 - 0f977165-87c0-4a22-b321-04b7e4c0f1b3@group-BB6CD0BE64DA-SegmentedRaftLogWorker: created new log segment /data/metadata/ratis/ece24058-9dd8-4164-95b7-bb6cd0be64da/current/log_inprogress_0
datanode_1  | 2019-10-04 21:00:53 INFO  RoleInfo:121 - efe0a381-92de-466f-89c8-7129ef8fa05d: shutdown FollowerState
datanode_2  | 2019-10-04 21:00:53 INFO  LeaderElection:56 - af098f56-b96b-4911-b4ef-a36f36d931f0@group-CBE46460C92D-LeaderElection2: Election REJECTED; received 2 response(s) [af098f56-b96b-4911-b4ef-a36f36d931f0<-efe0a381-92de-466f-89c8-7129ef8fa05d#0:FAIL-t1, af098f56-b96b-4911-b4ef-a36f36d931f0<-0f977165-87c0-4a22-b321-04b7e4c0f1b3#0:FAIL-t1] and 0 exception(s); af098f56-b96b-4911-b4ef-a36f36d931f0@group-CBE46460C92D:t1, leader=null, voted=af098f56-b96b-4911-b4ef-a36f36d931f0, raftlog=af098f56-b96b-4911-b4ef-a36f36d931f0@group-CBE46460C92D-SegmentedRaftLog:OPENED:c-1,f-1,i0, conf=-1: [efe0a381-92de-466f-89c8-7129ef8fa05d:172.18.0.3:9858, 0f977165-87c0-4a22-b321-04b7e4c0f1b3:172.18.0.6:9858, af098f56-b96b-4911-b4ef-a36f36d931f0:172.18.0.4:9858], old=null
datanode_3  | 2019-10-04 21:00:53 INFO  LeaderElection:56 - 0f977165-87c0-4a22-b321-04b7e4c0f1b3@group-CBE46460C92D-LeaderElection2: Election REJECTED; received 2 response(s) [0f977165-87c0-4a22-b321-04b7e4c0f1b3<-efe0a381-92de-466f-89c8-7129ef8fa05d#0:FAIL-t1, 0f977165-87c0-4a22-b321-04b7e4c0f1b3<-af098f56-b96b-4911-b4ef-a36f36d931f0#0:FAIL-t1] and 0 exception(s); 0f977165-87c0-4a22-b321-04b7e4c0f1b3@group-CBE46460C92D:t1, leader=null, voted=0f977165-87c0-4a22-b321-04b7e4c0f1b3, raftlog=0f977165-87c0-4a22-b321-04b7e4c0f1b3@group-CBE46460C92D-SegmentedRaftLog:OPENED:c-1,f-1,i0, conf=-1: [efe0a381-92de-466f-89c8-7129ef8fa05d:172.18.0.3:9858, 0f977165-87c0-4a22-b321-04b7e4c0f1b3:172.18.0.6:9858, af098f56-b96b-4911-b4ef-a36f36d931f0:172.18.0.4:9858], old=null
datanode_1  | 2019-10-04 21:00:53 INFO  RaftServerImpl:170 - efe0a381-92de-466f-89c8-7129ef8fa05d@group-CBE46460C92D: changes role from  FOLLOWER to CANDIDATE at term 0 for changeToCandidate
datanode_2  | 2019-10-04 21:00:53 INFO  RaftServerImpl:170 - af098f56-b96b-4911-b4ef-a36f36d931f0@group-CBE46460C92D: changes role from CANDIDATE to FOLLOWER at term 1 for DISCOVERED_A_NEW_TERM
datanode_3  | 2019-10-04 21:00:53 INFO  RaftServerImpl:170 - 0f977165-87c0-4a22-b321-04b7e4c0f1b3@group-CBE46460C92D: changes role from CANDIDATE to FOLLOWER at term 1 for DISCOVERED_A_NEW_TERM
datanode_1  | 2019-10-04 21:00:53 INFO  RoleInfo:143 - efe0a381-92de-466f-89c8-7129ef8fa05d: start LeaderElection
datanode_2  | 2019-10-04 21:00:53 INFO  RoleInfo:134 - af098f56-b96b-4911-b4ef-a36f36d931f0: shutdown LeaderElection
datanode_3  | 2019-10-04 21:00:53 INFO  RoleInfo:134 - 0f977165-87c0-4a22-b321-04b7e4c0f1b3: shutdown LeaderElection
