datanode_1  | 2019-10-04 05:16:07 INFO  RaftServerConfigKeys:43 - raft.server.storage.dir = [/data/metadata/ratis] (custom)
datanode_2  | 2019-10-04 05:16:06 INFO  log:192 - Logging initialized @3803ms
datanode_3  | 2019-10-04 05:16:06 INFO  HttpServer2:958 - Added filter static_user_filter (class=org.apache.hadoop.http.lib.StaticUserWebFilter$StaticUserFilter) to context static
rm_1        | 2019-10-04 05:16:04 INFO  Configuration:2427 - found resource core-site.xml at file:/opt/hadoop/etc/hadoop/core-site.xml
nm_1        | ************************************************************/
datanode_1  | 2019-10-04 05:16:07 INFO  DFSUtil:1641 - Starting Web-server for hddsDatanode at: http://0.0.0.0:9882
datanode_2  | 2019-10-04 05:16:06 INFO  AuthenticationFilter:240 - Unable to initialize FileSignerSecretProvider, falling back to use random secrets.
scm_1       | 2019-10-04 05:16:04 WARN  ServerUtils:145 - ozone.scm.db.dirs is not configured. We recommend adding this setting. Falling back to ozone.metadata.dirs instead.
datanode_3  | 2019-10-04 05:16:06 INFO  HttpServer2:958 - Added filter static_user_filter (class=org.apache.hadoop.http.lib.StaticUserWebFilter$StaticUserFilter) to context logs
rm_1        | 2019-10-04 05:16:04 INFO  Groups:387 - clearing userToGroupsMap cache
nm_1        | 2019-10-04 05:16:02 INFO  NodeManager:45 - registered UNIX signal handlers for [TERM, HUP, INT]
datanode_1  | 2019-10-04 05:16:07 INFO  log:192 - Logging initialized @4079ms
datanode_2  | 2019-10-04 05:16:06 INFO  HttpRequestLog:81 - Http request log for http.requests.hddsDatanode is not defined
scm_1       | 2019-10-04 05:16:05 WARN  ServerUtils:145 - ozone.scm.db.dirs is not configured. We recommend adding this setting. Falling back to ozone.metadata.dirs instead.
scm_1       | 2019-10-04 05:16:05 INFO  log:192 - Logging initialized @1452ms
datanode_3  | 2019-10-04 05:16:06 INFO  HttpServer2:1191 - Jetty bound to port 9882
rm_1        | 2019-10-04 05:16:04 INFO  Configuration:2427 - found resource yarn-site.xml at file:/opt/hadoop/etc/hadoop/yarn-site.xml
nm_1        | 2019-10-04 05:16:04 INFO  AsyncDispatcher:209 - Registering class org.apache.hadoop.yarn.server.nodemanager.containermanager.container.ContainerEventType for class org.apache.hadoop.yarn.server.nodemanager.containermanager.ContainerManagerImpl$ContainerEventDispatcher
datanode_1  | 2019-10-04 05:16:07 INFO  AuthenticationFilter:240 - Unable to initialize FileSignerSecretProvider, falling back to use random secrets.
datanode_2  | 2019-10-04 05:16:06 INFO  HttpServer2:975 - Added global filter 'safety' (class=org.apache.hadoop.http.HttpServer2$QuotingInputFilter)
datanode_2  | 2019-10-04 05:16:06 INFO  HttpServer2:948 - Added filter static_user_filter (class=org.apache.hadoop.http.lib.StaticUserWebFilter$StaticUserFilter) to context hddsDatanode
datanode_2  | 2019-10-04 05:16:06 INFO  HttpServer2:958 - Added filter static_user_filter (class=org.apache.hadoop.http.lib.StaticUserWebFilter$StaticUserFilter) to context static
datanode_3  | 2019-10-04 05:16:06 INFO  Server:351 - jetty-9.3.25.v20180904, build timestamp: 2018-09-04T21:11:46Z, git hash: 3ce520221d0240229c862b122d2b06c12a625732
rm_1        | 2019-10-04 05:16:04 INFO  AsyncDispatcher:209 - Registering class org.apache.hadoop.yarn.server.resourcemanager.RMFatalEventType for class org.apache.hadoop.yarn.server.resourcemanager.ResourceManager$RMFatalEventDispatcher
nm_1        | 2019-10-04 05:16:04 INFO  AsyncDispatcher:209 - Registering class org.apache.hadoop.yarn.server.nodemanager.containermanager.application.ApplicationEventType for class org.apache.hadoop.yarn.server.nodemanager.containermanager.ContainerManagerImpl$ApplicationEventDispatcher
datanode_1  | 2019-10-04 05:16:07 INFO  HttpRequestLog:81 - Http request log for http.requests.hddsDatanode is not defined
om_1        | ************************************************************/
datanode_2  | 2019-10-04 05:16:06 INFO  HttpServer2:958 - Added filter static_user_filter (class=org.apache.hadoop.http.lib.StaticUserWebFilter$StaticUserFilter) to context logs
datanode_3  | 2019-10-04 05:16:06 INFO  ContextHandler:781 - Started o.e.j.s.ServletContextHandler@6caf7803{/logs,file:///var/log/hadoop/,AVAILABLE}
rm_1        | 2019-10-04 05:16:05 INFO  NMTokenSecretManagerInRM:75 - NMTokenKeyRollingInterval: 86400000ms and NMTokenKeyActivationDelay: 900000ms
nm_1        | 2019-10-04 05:16:04 INFO  AsyncDispatcher:209 - Registering class org.apache.hadoop.yarn.server.nodemanager.containermanager.localizer.event.LocalizationEventType for class org.apache.hadoop.yarn.server.nodemanager.containermanager.localizer.ResourceLocalizationService
scm_1       | 2019-10-04 05:16:05 INFO  DBStoreBuilder:117 - using custom profile for table: deletedBlocks
om_1        | 2019-10-04 05:16:11 INFO  OzoneManagerStarter:51 - registered UNIX signal handlers for [TERM, HUP, INT]
datanode_2  | 2019-10-04 05:16:06 INFO  HttpServer2:1191 - Jetty bound to port 9882
datanode_1  | 2019-10-04 05:16:07 INFO  HttpServer2:975 - Added global filter 'safety' (class=org.apache.hadoop.http.HttpServer2$QuotingInputFilter)
datanode_3  | 2019-10-04 05:16:06 INFO  ContextHandler:781 - Started o.e.j.s.ServletContextHandler@6573d2f7{/static,jar:file:/opt/hadoop/share/ozone/lib/hadoop-hdds-container-service-0.5.0-SNAPSHOT.jar!/webapps/static,AVAILABLE}
rm_1        | 2019-10-04 05:16:05 INFO  RMContainerTokenSecretManager:77 - ContainerTokenKeyRollingInterval: 86400000ms and ContainerTokenKeyActivationDelay: 900000ms
nm_1        | 2019-10-04 05:16:04 INFO  AsyncDispatcher:209 - Registering class org.apache.hadoop.yarn.server.nodemanager.containermanager.AuxServicesEventType for class org.apache.hadoop.yarn.server.nodemanager.containermanager.AuxServices
om_1        | 2019-10-04 05:16:12 INFO  OMHANodeDetails:190 - Configuration either no ozone.om.address set. Falling back to the default OM address om/172.18.0.4:9862
scm_1       | 2019-10-04 05:16:05 INFO  DBStoreBuilder:168 - Using default column profile:DBProfile.DISK for Table:deletedBlocks
datanode_2  | 2019-10-04 05:16:06 INFO  Server:351 - jetty-9.3.25.v20180904, build timestamp: 2018-09-04T21:11:46Z, git hash: 3ce520221d0240229c862b122d2b06c12a625732
datanode_1  | 2019-10-04 05:16:07 INFO  HttpServer2:948 - Added filter static_user_filter (class=org.apache.hadoop.http.lib.StaticUserWebFilter$StaticUserFilter) to context hddsDatanode
datanode_3  | 2019-10-04 05:16:06 INFO  ContextHandler:781 - Started o.e.j.w.WebAppContext@640ab13c{/,file:///tmp/jetty-0.0.0.0-9882-hddsDatanode-_-any-10408719301775101282.dir/webapp/,AVAILABLE}{/hddsDatanode}
rm_1        | 2019-10-04 05:16:05 INFO  AMRMTokenSecretManager:94 - AMRMTokenKeyRollingInterval: 86400000ms and AMRMTokenKeyActivationDelay: 900000 ms
nm_1        | 2019-10-04 05:16:04 INFO  AsyncDispatcher:209 - Registering class org.apache.hadoop.yarn.server.nodemanager.containermanager.monitor.ContainersMonitorEventType for class org.apache.hadoop.yarn.server.nodemanager.containermanager.monitor.ContainersMonitorImpl
om_1        | 2019-10-04 05:16:12 INFO  OMHANodeDetails:220 - OM Service ID is not set. Setting it to the default ID: omServiceIdDefault
scm_1       | 2019-10-04 05:16:05 INFO  DBStoreBuilder:117 - using custom profile for table: validCerts
datanode_2  | 2019-10-04 05:16:06 INFO  ContextHandler:781 - Started o.e.j.s.ServletContextHandler@23f3da8b{/logs,file:///var/log/hadoop/,AVAILABLE}
datanode_1  | 2019-10-04 05:16:07 INFO  HttpServer2:958 - Added filter static_user_filter (class=org.apache.hadoop.http.lib.StaticUserWebFilter$StaticUserFilter) to context logs
rm_1        | 2019-10-04 05:16:05 INFO  AsyncDispatcher:209 - Registering class org.apache.hadoop.yarn.server.resourcemanager.recovery.RMStateStoreEventType for class org.apache.hadoop.yarn.server.resourcemanager.recovery.RMStateStore$ForwardingEventHandler
nm_1        | 2019-10-04 05:16:04 INFO  AsyncDispatcher:209 - Registering class org.apache.hadoop.yarn.server.nodemanager.containermanager.launcher.ContainersLauncherEventType for class org.apache.hadoop.yarn.server.nodemanager.containermanager.launcher.ContainersLauncher
scm_1       | 2019-10-04 05:16:05 INFO  DBStoreBuilder:168 - Using default column profile:DBProfile.DISK for Table:validCerts
om_1        | 2019-10-04 05:16:12 WARN  ServerUtils:222 - ozone.om.db.dirs is not configured. We recommend adding this setting. Falling back to ozone.metadata.dirs instead.
datanode_3  | 2019-10-04 05:16:06 INFO  AbstractConnector:278 - Started ServerConnector@373692b3{HTTP/1.1,[http/1.1]}{0.0.0.0:9882}
datanode_2  | 2019-10-04 05:16:06 INFO  ContextHandler:781 - Started o.e.j.s.ServletContextHandler@4e1a46fb{/static,jar:file:/opt/hadoop/share/ozone/lib/hadoop-hdds-container-service-0.5.0-SNAPSHOT.jar!/webapps/static,AVAILABLE}
datanode_1  | 2019-10-04 05:16:07 INFO  HttpServer2:958 - Added filter static_user_filter (class=org.apache.hadoop.http.lib.StaticUserWebFilter$StaticUserFilter) to context static
rm_1        | 2019-10-04 05:16:05 INFO  AsyncDispatcher:209 - Registering class org.apache.hadoop.yarn.server.resourcemanager.NodesListManagerEventType for class org.apache.hadoop.yarn.server.resourcemanager.NodesListManager
nm_1        | 2019-10-04 05:16:04 INFO  AsyncDispatcher:209 - Registering class org.apache.hadoop.yarn.server.nodemanager.ContainerManagerEventType for class org.apache.hadoop.yarn.server.nodemanager.containermanager.ContainerManagerImpl
scm_1       | 2019-10-04 05:16:05 INFO  DBStoreBuilder:117 - using custom profile for table: revokedCerts
om_1        | 2019-10-04 05:16:12 WARN  ServerUtils:222 - ozone.om.db.dirs is not configured. We recommend adding this setting. Falling back to ozone.metadata.dirs instead.
datanode_3  | 2019-10-04 05:16:06 INFO  Server:419 - Started @4008ms
datanode_2  | 2019-10-04 05:16:06 INFO  ContextHandler:781 - Started o.e.j.w.WebAppContext@2c8c16c0{/,file:///tmp/jetty-0.0.0.0-9882-hddsDatanode-_-any-15735374349808158921.dir/webapp/,AVAILABLE}{/hddsDatanode}
datanode_1  | 2019-10-04 05:16:07 INFO  HttpServer2:1191 - Jetty bound to port 9882
rm_1        | 2019-10-04 05:16:05 INFO  ResourceManager:293 - Using Scheduler: org.apache.hadoop.yarn.server.resourcemanager.scheduler.capacity.CapacityScheduler
nm_1        | 2019-10-04 05:16:04 INFO  AsyncDispatcher:209 - Registering class org.apache.hadoop.yarn.server.nodemanager.NodeManagerEventType for class org.apache.hadoop.yarn.server.nodemanager.NodeManager
scm_1       | 2019-10-04 05:16:05 INFO  DBStoreBuilder:168 - Using default column profile:DBProfile.DISK for Table:revokedCerts
om_1        | 2019-10-04 05:16:13 WARN  ServerUtils:222 - ozone.om.db.dirs is not configured. We recommend adding this setting. Falling back to ozone.metadata.dirs instead.
datanode_3  | 2019-10-04 05:16:06 INFO  MetricsSinkAdapter:204 - Sink prometheus started
datanode_2  | 2019-10-04 05:16:06 INFO  AbstractConnector:278 - Started ServerConnector@366d8b97{HTTP/1.1,[http/1.1]}{0.0.0.0:9882}
datanode_1  | 2019-10-04 05:16:07 INFO  Server:351 - jetty-9.3.25.v20180904, build timestamp: 2018-09-04T21:11:46Z, git hash: 3ce520221d0240229c862b122d2b06c12a625732
rm_1        | 2019-10-04 05:16:05 INFO  AsyncDispatcher:209 - Registering class org.apache.hadoop.yarn.server.resourcemanager.scheduler.event.SchedulerEventType for class org.apache.hadoop.yarn.server.resourcemanager.ResourceManager$SchedulerEventDispatcher
nm_1        | 2019-10-04 05:16:04 INFO  MetricsConfig:112 - loaded properties from hadoop-metrics2.properties
scm_1       | 2019-10-04 05:16:05 INFO  DBStoreBuilder:117 - using custom profile for table: default
om_1        | 2019-10-04 05:16:13 INFO  log:192 - Logging initialized @2552ms
datanode_3  | 2019-10-04 05:16:06 INFO  MetricsSystemImpl:301 - Registered sink prometheus
datanode_2  | 2019-10-04 05:16:06 INFO  Server:419 - Started @4239ms
datanode_1  | 2019-10-04 05:16:07 INFO  ContextHandler:781 - Started o.e.j.s.ServletContextHandler@20ab3e3a{/logs,file:///var/log/hadoop/,AVAILABLE}
rm_1        | 2019-10-04 05:16:05 INFO  AsyncDispatcher:209 - Registering class org.apache.hadoop.yarn.server.resourcemanager.rmapp.RMAppEventType for class org.apache.hadoop.yarn.server.resourcemanager.ResourceManager$ApplicationEventDispatcher
nm_1        | 2019-10-04 05:16:04 INFO  MetricsSystemImpl:376 - Scheduled snapshot period at 10 second(s).
scm_1       | 2019-10-04 05:16:05 INFO  DBStoreBuilder:174 - Using default column profile:DBProfile.DISK for Table:default
om_1        | 2019-10-04 05:16:13 INFO  DBStoreBuilder:117 - using custom profile for table: userTable
datanode_3  | 2019-10-04 05:16:06 INFO  BaseHttpServer:215 - HTTP server of HDDSDATANODE is listening at http://0.0.0.0:9882
datanode_2  | 2019-10-04 05:16:06 INFO  MetricsSinkAdapter:204 - Sink prometheus started
datanode_1  | 2019-10-04 05:16:07 INFO  ContextHandler:781 - Started o.e.j.s.ServletContextHandler@1716e8c5{/static,jar:file:/opt/hadoop/share/ozone/lib/hadoop-hdds-container-service-0.5.0-SNAPSHOT.jar!/webapps/static,AVAILABLE}
rm_1        | 2019-10-04 05:16:05 INFO  AsyncDispatcher:209 - Registering class org.apache.hadoop.yarn.server.resourcemanager.rmapp.attempt.RMAppAttemptEventType for class org.apache.hadoop.yarn.server.resourcemanager.ResourceManager$ApplicationAttemptEventDispatcher
nm_1        | 2019-10-04 05:16:04 INFO  MetricsSystemImpl:192 - NodeManager metrics system started
scm_1       | 2019-10-04 05:16:05 INFO  DBStoreBuilder:205 - Using default options. DBProfile.DISK
om_1        | 2019-10-04 05:16:13 INFO  DBStoreBuilder:168 - Using default column profile:DBProfile.DISK for Table:userTable
datanode_3  | 2019-10-04 05:16:06 INFO  JvmPauseMonitor:188 - Starting JVM pause monitor
datanode_2  | 2019-10-04 05:16:06 INFO  MetricsSystemImpl:301 - Registered sink prometheus
datanode_1  | 2019-10-04 05:16:07 INFO  ContextHandler:781 - Started o.e.j.w.WebAppContext@71c17a57{/,file:///tmp/jetty-0.0.0.0-9882-hddsDatanode-_-any-7707418756242620568.dir/webapp/,AVAILABLE}{/hddsDatanode}
rm_1        | 2019-10-04 05:16:05 INFO  AsyncDispatcher:209 - Registering class org.apache.hadoop.yarn.server.resourcemanager.rmnode.RMNodeEventType for class org.apache.hadoop.yarn.server.resourcemanager.ResourceManager$NodeEventDispatcher
nm_1        | 2019-10-04 05:16:04 INFO  AsyncDispatcher:209 - Registering class org.apache.hadoop.yarn.server.nodemanager.containermanager.loghandler.event.LogHandlerEventType for class org.apache.hadoop.yarn.server.nodemanager.containermanager.loghandler.NonAggregatingLogHandler
scm_1       | 2019-10-04 05:16:05 INFO  NodeSchemaLoader:125 - Loading file from java.lang.CompoundEnumeration@295cf707
datanode_3  | 2019-10-04 05:16:06 INFO  InitDatanodeState:140 - DatanodeDetails is persisted to /data/metadata/datanode.id
datanode_2  | 2019-10-04 05:16:06 INFO  BaseHttpServer:215 - HTTP server of HDDSDATANODE is listening at http://0.0.0.0:9882
om_1        | 2019-10-04 05:16:13 INFO  DBStoreBuilder:117 - using custom profile for table: volumeTable
datanode_1  | 2019-10-04 05:16:07 INFO  AbstractConnector:278 - Started ServerConnector@25673087{HTTP/1.1,[http/1.1]}{0.0.0.0:9882}
rm_1        | 2019-10-04 05:16:05 INFO  MetricsConfig:112 - loaded properties from hadoop-metrics2.properties
nm_1        | 2019-10-04 05:16:04 INFO  AsyncDispatcher:209 - Registering class org.apache.hadoop.yarn.server.nodemanager.containermanager.localizer.sharedcache.SharedCacheUploadEventType for class org.apache.hadoop.yarn.server.nodemanager.containermanager.localizer.sharedcache.SharedCacheUploadService
scm_1       | 2019-10-04 05:16:05 INFO  NodeSchemaLoader:171 - Loading network topology layer schema file
datanode_3  | 2019-10-04 05:16:08 INFO  OzoneContainer:217 - Attempting to start container services.
om_1        | 2019-10-04 05:16:13 INFO  DBStoreBuilder:168 - Using default column profile:DBProfile.DISK for Table:volumeTable
datanode_2  | 2019-10-04 05:16:07 INFO  JvmPauseMonitor:188 - Starting JVM pause monitor
datanode_1  | 2019-10-04 05:16:07 INFO  Server:419 - Started @4413ms
rm_1        | 2019-10-04 05:16:05 INFO  MetricsSystemImpl:376 - Scheduled snapshot period at 10 second(s).
nm_1        | 2019-10-04 05:16:04 INFO  ResourceLocalizationService:219 - per directory file limit = 8192
scm_1       | 2019-10-04 05:16:05 INFO  SCMNodeManager:114 - Entering startup safe mode.
datanode_3  | 2019-10-04 05:16:08 INFO  OzoneContainer:179 - Background container scanner has been disabled.
om_1        | 2019-10-04 05:16:13 INFO  DBStoreBuilder:117 - using custom profile for table: bucketTable
datanode_2  | 2019-10-04 05:16:07 INFO  InitDatanodeState:140 - DatanodeDetails is persisted to /data/metadata/datanode.id
datanode_1  | 2019-10-04 05:16:07 INFO  MetricsSinkAdapter:204 - Sink prometheus started
rm_1        | 2019-10-04 05:16:05 INFO  MetricsSystemImpl:192 - ResourceManager metrics system started
nm_1        | 2019-10-04 05:16:04 INFO  AsyncDispatcher:209 - Registering class org.apache.hadoop.yarn.server.nodemanager.containermanager.localizer.event.LocalizerEventType for class org.apache.hadoop.yarn.server.nodemanager.containermanager.localizer.ResourceLocalizationService$LocalizerTracker
scm_1       | 2019-10-04 05:16:05 INFO  ContainerPlacementPolicyFactory:57 - Create container placement policy of type org.apache.hadoop.hdds.scm.container.placement.algorithms.SCMContainerPlacementRandom
om_1        | 2019-10-04 05:16:13 INFO  DBStoreBuilder:168 - Using default column profile:DBProfile.DISK for Table:bucketTable
datanode_3  | 2019-10-04 05:16:08 INFO  XceiverServerRatis:417 - Starting XceiverServerRatis 14c5374f-173d-4ab1-97da-0c9fe951f1d9 at port 9858
datanode_2  | 2019-10-04 05:16:09 INFO  OzoneContainer:217 - Attempting to start container services.
datanode_1  | 2019-10-04 05:16:07 INFO  MetricsSystemImpl:301 - Registered sink prometheus
rm_1        | 2019-10-04 05:16:05 INFO  AsyncDispatcher:209 - Registering class org.apache.hadoop.yarn.server.resourcemanager.RMAppManagerEventType for class org.apache.hadoop.yarn.server.resourcemanager.RMAppManager
nm_1        | 2019-10-04 05:16:04 WARN  AuxServices:130 - The Auxilurary Service named 'mapreduce_shuffle' in the configuration is for class org.apache.hadoop.mapred.ShuffleHandler which has a name of 'httpshuffle'. Because these are not the same tools trying to send ServiceData and read Service Meta Data may have issues unless the refer to the name in the config.
scm_1       | 2019-10-04 05:16:05 WARN  ServerUtils:145 - ozone.scm.db.dirs is not configured. We recommend adding this setting. Falling back to ozone.metadata.dirs instead.
om_1        | 2019-10-04 05:16:13 INFO  DBStoreBuilder:117 - using custom profile for table: keyTable
datanode_3  | 2019-10-04 05:16:08 INFO  RaftServerProxy:299 - 14c5374f-173d-4ab1-97da-0c9fe951f1d9: start RPC server
datanode_2  | 2019-10-04 05:16:09 INFO  OzoneContainer:179 - Background container scanner has been disabled.
datanode_1  | 2019-10-04 05:16:07 INFO  BaseHttpServer:215 - HTTP server of HDDSDATANODE is listening at http://0.0.0.0:9882
nm_1        | 2019-10-04 05:16:04 INFO  AuxServices:72 - Adding auxiliary service httpshuffle, "mapreduce_shuffle"
scm_1       | 2019-10-04 05:16:05 INFO  SCMPipelineManager:132 - No pipeline exists in current db
om_1        | 2019-10-04 05:16:13 INFO  DBStoreBuilder:168 - Using default column profile:DBProfile.DISK for Table:keyTable
datanode_3  | 2019-10-04 05:16:09 INFO  GrpcService:158 - 14c5374f-173d-4ab1-97da-0c9fe951f1d9: GrpcService started, listening on 0.0.0.0/0.0.0.0:9858
datanode_2  | 2019-10-04 05:16:09 INFO  XceiverServerRatis:417 - Starting XceiverServerRatis ab0dc5d2-f546-4e13-a905-fa4cb4890643 at port 9858
datanode_1  | 2019-10-04 05:16:07 INFO  JvmPauseMonitor:188 - Starting JVM pause monitor
rm_1        | 2019-10-04 05:16:05 INFO  AsyncDispatcher:209 - Registering class org.apache.hadoop.yarn.server.resourcemanager.amlauncher.AMLauncherEventType for class org.apache.hadoop.yarn.server.resourcemanager.amlauncher.ApplicationMasterLauncher
nm_1        | 2019-10-04 05:16:04 INFO  ContainersMonitorImpl:106 -  Using ResourceCalculatorPlugin : org.apache.hadoop.yarn.util.LinuxResourceCalculatorPlugin@264f218
om_1        | 2019-10-04 05:16:13 INFO  DBStoreBuilder:117 - using custom profile for table: deletedTable
datanode_3  | WARNING: An illegal reflective access operation has occurred
scm_1       | 2019-10-04 05:16:05 WARN  ServerUtils:145 - ozone.scm.db.dirs is not configured. We recommend adding this setting. Falling back to ozone.metadata.dirs instead.
datanode_2  | 2019-10-04 05:16:09 INFO  RaftServerProxy:299 - ab0dc5d2-f546-4e13-a905-fa4cb4890643: start RPC server
datanode_1  | 2019-10-04 05:16:08 INFO  InitDatanodeState:140 - DatanodeDetails is persisted to /data/metadata/datanode.id
rm_1        | 2019-10-04 05:16:05 INFO  RMNMInfo:63 - Registered RMNMInfo MBean
om_1        | 2019-10-04 05:16:13 INFO  DBStoreBuilder:168 - Using default column profile:DBProfile.DISK for Table:deletedTable
nm_1        | 2019-10-04 05:16:04 INFO  ContainersMonitorImpl:111 -  Using ResourceCalculatorProcessTree : null
datanode_3  | WARNING: Illegal reflective access by org.apache.ratis.thirdparty.com.google.protobuf.UnsafeUtil (file:/opt/hadoop/share/ozone/lib/ratis-thirdparty-misc-0.2.0.jar) to field java.nio.Buffer.address
scm_1       | 2019-10-04 05:16:06 WARN  EventQueue:183 - No event handler registered for event TypedEvent{payloadType=SafeModeStatus, name='SafeModeStatus'}
datanode_2  | 2019-10-04 05:16:09 INFO  GrpcService:158 - ab0dc5d2-f546-4e13-a905-fa4cb4890643: GrpcService started, listening on 0.0.0.0/0.0.0.0:9858
rm_1        | 2019-10-04 05:16:05 INFO  YarnAuthorizationProvider:57 - org.apache.hadoop.yarn.security.ConfiguredYarnAuthorizer is instiantiated.
datanode_1  | 2019-10-04 05:16:10 INFO  OzoneContainer:217 - Attempting to start container services.
om_1        | 2019-10-04 05:16:13 INFO  DBStoreBuilder:117 - using custom profile for table: openKeyTable
nm_1        | 2019-10-04 05:16:04 INFO  ContainersMonitorImpl:151 - Physical memory check enabled: false
datanode_3  | WARNING: Please consider reporting this to the maintainers of org.apache.ratis.thirdparty.com.google.protobuf.UnsafeUtil
scm_1       | 2019-10-04 05:16:06 INFO  CallQueueManager:84 - Using callQueue: class java.util.concurrent.LinkedBlockingQueue, queueCapacity: 1000, scheduler: class org.apache.hadoop.ipc.DefaultRpcScheduler, ipcBackoff: false.
datanode_2  | WARNING: An illegal reflective access operation has occurred
rm_1        | 2019-10-04 05:16:05 INFO  HostsFileReader:131 - Refreshing hosts (include/exclude) list
datanode_1  | 2019-10-04 05:16:10 INFO  OzoneContainer:179 - Background container scanner has been disabled.
om_1        | 2019-10-04 05:16:13 INFO  DBStoreBuilder:168 - Using default column profile:DBProfile.DISK for Table:openKeyTable
datanode_2  | WARNING: Illegal reflective access by org.apache.ratis.thirdparty.com.google.protobuf.UnsafeUtil (file:/opt/hadoop/share/ozone/lib/ratis-thirdparty-misc-0.2.0.jar) to field java.nio.Buffer.address
datanode_3  | WARNING: Use --illegal-access=warn to enable warnings of further illegal reflective access operations
rm_1        | 2019-10-04 05:16:05 INFO  Configuration:2427 - found resource capacity-scheduler.xml at file:/opt/hadoop/etc/hadoop/capacity-scheduler.xml
datanode_1  | 2019-10-04 05:16:10 INFO  XceiverServerRatis:417 - Starting XceiverServerRatis 642ef478-27b2-438a-b884-b54976b1587b at port 9858
om_1        | 2019-10-04 05:16:13 INFO  DBStoreBuilder:117 - using custom profile for table: s3Table
nm_1        | 2019-10-04 05:16:04 INFO  ContainersMonitorImpl:152 - Virtual memory check enabled: false
scm_1       | 2019-10-04 05:16:06 INFO  Server:1074 - Starting Socket Reader #1 for port 9861
datanode_2  | WARNING: Please consider reporting this to the maintainers of org.apache.ratis.thirdparty.com.google.protobuf.UnsafeUtil
datanode_3  | WARNING: All illegal access operations will be denied in a future release
rm_1        | 2019-10-04 05:16:05 INFO  CapacitySchedulerConfiguration:603 - max alloc mb per queue for root is undefined
datanode_1  | 2019-10-04 05:16:10 INFO  RaftServerProxy:299 - 642ef478-27b2-438a-b884-b54976b1587b: start RPC server
om_1        | 2019-10-04 05:16:13 INFO  DBStoreBuilder:168 - Using default column profile:DBProfile.DISK for Table:s3Table
scm_1       | 2019-10-04 05:16:06 INFO  CallQueueManager:84 - Using callQueue: class java.util.concurrent.LinkedBlockingQueue, queueCapacity: 1000, scheduler: class org.apache.hadoop.ipc.DefaultRpcScheduler, ipcBackoff: false.
nm_1        | 2019-10-04 05:16:04 INFO  NodeStatusUpdaterImpl:181 - Initialized nodemanager for null: physical-memory=8192 virtual-memory=17204 virtual-cores=8
datanode_2  | WARNING: Use --illegal-access=warn to enable warnings of further illegal reflective access operations
datanode_3  | 2019-10-04 05:16:11 INFO  RaftServerProxy:89 - 14c5374f-173d-4ab1-97da-0c9fe951f1d9: addNew group-86D267B88013:[14c5374f-173d-4ab1-97da-0c9fe951f1d9:172.18.0.7:9858] returns group-86D267B88013:java.util.concurrent.CompletableFuture@5bc4bf9b[Not completed]
rm_1        | 2019-10-04 05:16:05 INFO  CapacitySchedulerConfiguration:607 - max alloc vcore per queue for root is undefined
datanode_1  | 2019-10-04 05:16:10 INFO  GrpcService:158 - 642ef478-27b2-438a-b884-b54976b1587b: GrpcService started, listening on 0.0.0.0/0.0.0.0:9858
om_1        | 2019-10-04 05:16:13 INFO  DBStoreBuilder:117 - using custom profile for table: multipartInfoTable
scm_1       | 2019-10-04 05:16:06 INFO  Server:1074 - Starting Socket Reader #1 for port 9863
nm_1        | 2019-10-04 05:16:04 INFO  CallQueueManager:57 - Using callQueue: class java.util.concurrent.LinkedBlockingQueue queueCapacity: 2000
datanode_2  | WARNING: All illegal access operations will be denied in a future release
datanode_3  | 2019-10-04 05:16:11 INFO  RaftServerImpl:95 - 14c5374f-173d-4ab1-97da-0c9fe951f1d9: new RaftServerImpl for group-86D267B88013:[14c5374f-173d-4ab1-97da-0c9fe951f1d9:172.18.0.7:9858] with ContainerStateMachine:uninitialized
rm_1        | 2019-10-04 05:16:05 INFO  ParentQueue:121 - root, capacity=1.0, asboluteCapacity=1.0, maxCapacity=1.0, asboluteMaxCapacity=1.0, state=RUNNING, acls=SUBMIT_APP:*ADMINISTER_QUEUE:*, labels=*,
datanode_1  | WARNING: An illegal reflective access operation has occurred
om_1        | 2019-10-04 05:16:13 INFO  DBStoreBuilder:168 - Using default column profile:DBProfile.DISK for Table:multipartInfoTable
scm_1       | 2019-10-04 05:16:06 INFO  CallQueueManager:84 - Using callQueue: class java.util.concurrent.LinkedBlockingQueue, queueCapacity: 1000, scheduler: class org.apache.hadoop.ipc.DefaultRpcScheduler, ipcBackoff: false.
nm_1        | 2019-10-04 05:16:04 INFO  Server:722 - Starting Socket Reader #1 for port 36776
datanode_2  | 2019-10-04 05:16:12 INFO  RaftServerProxy:89 - ab0dc5d2-f546-4e13-a905-fa4cb4890643: addNew group-6FBB9E68A199:[ab0dc5d2-f546-4e13-a905-fa4cb4890643:172.18.0.2:9858] returns group-6FBB9E68A199:java.util.concurrent.CompletableFuture@62a31827[Not completed]
datanode_3  | 2019-10-04 05:16:11 INFO  RaftServerConfigKeys:43 - raft.server.rpc.timeout.min = 5s (custom)
rm_1        | , reservationsContinueLooking=true
datanode_1  | WARNING: Illegal reflective access by org.apache.ratis.thirdparty.com.google.protobuf.UnsafeUtil (file:/opt/hadoop/share/ozone/lib/ratis-thirdparty-misc-0.2.0.jar) to field java.nio.Buffer.address
om_1        | 2019-10-04 05:16:13 INFO  DBStoreBuilder:117 - using custom profile for table: dTokenTable
scm_1       | 2019-10-04 05:16:06 INFO  Server:1074 - Starting Socket Reader #1 for port 9860
nm_1        | 2019-10-04 05:16:04 INFO  RpcServerFactoryPBImpl:174 - Adding protocol org.apache.hadoop.yarn.api.ContainerManagementProtocolPB to the server
datanode_3  | 2019-10-04 05:16:11 INFO  RaftServerConfigKeys:43 - raft.server.rpc.timeout.max = 5200ms (custom)
rm_1        | 2019-10-04 05:16:05 INFO  ParentQueue:100 - Initialized parent-queue root name=root, fullname=root
datanode_2  | 2019-10-04 05:16:12 INFO  RaftServerImpl:95 - ab0dc5d2-f546-4e13-a905-fa4cb4890643: new RaftServerImpl for group-6FBB9E68A199:[ab0dc5d2-f546-4e13-a905-fa4cb4890643:172.18.0.2:9858] with ContainerStateMachine:uninitialized
datanode_1  | WARNING: Please consider reporting this to the maintainers of org.apache.ratis.thirdparty.com.google.protobuf.UnsafeUtil
om_1        | 2019-10-04 05:16:13 INFO  DBStoreBuilder:168 - Using default column profile:DBProfile.DISK for Table:dTokenTable
scm_1       | 2019-10-04 05:16:07 INFO  DFSUtil:1641 - Starting Web-server for scm at: http://0.0.0.0:9876
nm_1        | 2019-10-04 05:16:04 INFO  ContainerManagerImpl:427 - Blocking new container-requests as container manager rpc server is still starting.
datanode_3  | 2019-10-04 05:16:11 INFO  RaftServerConfigKeys:43 - raft.server.rpcslowness.timeout = 120s (custom)
rm_1        | 2019-10-04 05:16:05 INFO  CapacitySchedulerConfiguration:603 - max alloc mb per queue for root.default is undefined
datanode_2  | 2019-10-04 05:16:12 INFO  RaftServerConfigKeys:43 - raft.server.rpc.timeout.min = 5s (custom)
datanode_1  | WARNING: Use --illegal-access=warn to enable warnings of further illegal reflective access operations
om_1        | 2019-10-04 05:16:13 INFO  DBStoreBuilder:117 - using custom profile for table: s3SecretTable
scm_1       | 2019-10-04 05:16:07 INFO  AuthenticationFilter:240 - Unable to initialize FileSignerSecretProvider, falling back to use random secrets.
datanode_3  | 2019-10-04 05:16:11 INFO  RaftServerConfigKeys:43 - raft.server.sleep.deviation.threshold = 300 (default)
rm_1        | 2019-10-04 05:16:05 INFO  CapacitySchedulerConfiguration:607 - max alloc vcore per queue for root.default is undefined
nm_1        | 2019-10-04 05:16:04 INFO  Server:962 - IPC Server Responder: starting
datanode_1  | WARNING: All illegal access operations will be denied in a future release
om_1        | 2019-10-04 05:16:13 INFO  DBStoreBuilder:168 - Using default column profile:DBProfile.DISK for Table:s3SecretTable
datanode_2  | 2019-10-04 05:16:12 INFO  RaftServerConfigKeys:43 - raft.server.rpc.timeout.max = 5200ms (custom)
scm_1       | 2019-10-04 05:16:07 INFO  HttpRequestLog:81 - Http request log for http.requests.scm is not defined
datanode_3  | 2019-10-04 05:16:11 INFO  RaftServerConfigKeys:43 - raft.server.log.appender.install.snapshot.enabled = false (custom)
rm_1        | 2019-10-04 05:16:05 INFO  LeafQueue:215 - Initializing default
nm_1        | 2019-10-04 05:16:04 INFO  Server:801 - IPC Server listener on 36776: starting
datanode_1  | 2019-10-04 05:16:12 INFO  RaftServerProxy:89 - 642ef478-27b2-438a-b884-b54976b1587b: addNew group-04C20F7EF39F:[642ef478-27b2-438a-b884-b54976b1587b:172.18.0.6:9858] returns group-04C20F7EF39F:java.util.concurrent.CompletableFuture@1c1ac95c[Not completed]
om_1        | 2019-10-04 05:16:13 INFO  DBStoreBuilder:117 - using custom profile for table: prefixTable
datanode_2  | 2019-10-04 05:16:12 INFO  RaftServerConfigKeys:43 - raft.server.rpcslowness.timeout = 120s (custom)
scm_1       | 2019-10-04 05:16:07 INFO  HttpServer2:975 - Added global filter 'safety' (class=org.apache.hadoop.http.HttpServer2$QuotingInputFilter)
datanode_3  | 2019-10-04 05:16:11 INFO  RaftServerImpl:103 - 14c5374f-173d-4ab1-97da-0c9fe951f1d9@group-86D267B88013: ConfigurationManager, init=-1: [14c5374f-173d-4ab1-97da-0c9fe951f1d9:172.18.0.7:9858], old=null, confs=<EMPTY_MAP>
rm_1        | capacity = 1.0 [= (float) configuredCapacity / 100 ]
nm_1        | 2019-10-04 05:16:04 INFO  NMContainerTokenSecretManager:260 - Updating node address : nm:36776
datanode_1  | 2019-10-04 05:16:12 INFO  RaftServerImpl:95 - 642ef478-27b2-438a-b884-b54976b1587b: new RaftServerImpl for group-04C20F7EF39F:[642ef478-27b2-438a-b884-b54976b1587b:172.18.0.6:9858] with ContainerStateMachine:uninitialized
om_1        | 2019-10-04 05:16:13 INFO  DBStoreBuilder:168 - Using default column profile:DBProfile.DISK for Table:prefixTable
datanode_2  | 2019-10-04 05:16:12 INFO  RaftServerConfigKeys:43 - raft.server.sleep.deviation.threshold = 300 (default)
scm_1       | 2019-10-04 05:16:07 INFO  HttpServer2:948 - Added filter static_user_filter (class=org.apache.hadoop.http.lib.StaticUserWebFilter$StaticUserFilter) to context scm
datanode_3  | 2019-10-04 05:16:11 INFO  RaftServerConfigKeys:43 - raft.server.storage.dir = [/data/metadata/ratis] (custom)
rm_1        | asboluteCapacity = 1.0 [= parentAbsoluteCapacity * capacity ]
nm_1        | 2019-10-04 05:16:04 INFO  CallQueueManager:57 - Using callQueue: class java.util.concurrent.LinkedBlockingQueue queueCapacity: 500
datanode_1  | 2019-10-04 05:16:12 INFO  RaftServerConfigKeys:43 - raft.server.rpc.timeout.min = 5s (custom)
om_1        | 2019-10-04 05:16:13 INFO  DBStoreBuilder:117 - using custom profile for table: default
scm_1       | 2019-10-04 05:16:07 INFO  HttpServer2:958 - Added filter static_user_filter (class=org.apache.hadoop.http.lib.StaticUserWebFilter$StaticUserFilter) to context logs
datanode_2  | 2019-10-04 05:16:12 INFO  RaftServerConfigKeys:43 - raft.server.log.appender.install.snapshot.enabled = false (custom)
datanode_3  | 2019-10-04 05:16:11 INFO  RaftServerConfigKeys:43 - raft.server.log.corruption.policy = EXCEPTION (default)
rm_1        | maxCapacity = 1.0 [= configuredMaxCapacity ]
nm_1        | 2019-10-04 05:16:04 INFO  Server:722 - Starting Socket Reader #1 for port 8040
datanode_1  | 2019-10-04 05:16:12 INFO  RaftServerConfigKeys:43 - raft.server.rpc.timeout.max = 5200ms (custom)
om_1        | 2019-10-04 05:16:13 INFO  DBStoreBuilder:174 - Using default column profile:DBProfile.DISK for Table:default
scm_1       | 2019-10-04 05:16:07 INFO  HttpServer2:958 - Added filter static_user_filter (class=org.apache.hadoop.http.lib.StaticUserWebFilter$StaticUserFilter) to context static
datanode_2  | 2019-10-04 05:16:12 INFO  RaftServerImpl:103 - ab0dc5d2-f546-4e13-a905-fa4cb4890643@group-6FBB9E68A199: ConfigurationManager, init=-1: [ab0dc5d2-f546-4e13-a905-fa4cb4890643:172.18.0.2:9858], old=null, confs=<EMPTY_MAP>
datanode_3  | 2019-10-04 05:16:11 INFO  RaftStorageDirectory:246 - The storage directory /data/metadata/ratis/da4c1da1-0793-49ee-9ffb-86d267b88013 does not exist. Creating ...
nm_1        | 2019-10-04 05:16:04 INFO  RpcServerFactoryPBImpl:174 - Adding protocol org.apache.hadoop.yarn.server.nodemanager.api.LocalizationProtocolPB to the server
datanode_1  | 2019-10-04 05:16:12 INFO  RaftServerConfigKeys:43 - raft.server.rpcslowness.timeout = 120s (custom)
om_1        | 2019-10-04 05:16:13 INFO  DBStoreBuilder:205 - Using default options. DBProfile.DISK
scm_1       | 2019-10-04 05:16:07 INFO  StorageContainerManager:770 - StorageContainerLocationProtocol RPC server is listening at /0.0.0.0:9860
rm_1        | absoluteMaxCapacity = 1.0 [= 1.0 maximumCapacity undefined, (parentAbsoluteMaxCapacity * maximumCapacity) / 100 otherwise ]
datanode_2  | 2019-10-04 05:16:12 INFO  RaftServerConfigKeys:43 - raft.server.storage.dir = [/data/metadata/ratis] (custom)
datanode_3  | 2019-10-04 05:16:11 INFO  RaftStorageDirectory:328 - Lock on /data/metadata/ratis/da4c1da1-0793-49ee-9ffb-86d267b88013/in_use.lock acquired by nodename 7@998e73acdf26
nm_1        | 2019-10-04 05:16:04 INFO  Server:962 - IPC Server Responder: starting
datanode_1  | 2019-10-04 05:16:12 INFO  RaftServerConfigKeys:43 - raft.server.sleep.deviation.threshold = 300 (default)
scm_1       | 2019-10-04 05:16:07 INFO  MetricsConfig:118 - Loaded properties from hadoop-metrics2.properties
om_1        | 2019-10-04 05:16:14 INFO  CallQueueManager:84 - Using callQueue: class java.util.concurrent.LinkedBlockingQueue, queueCapacity: 2000, scheduler: class org.apache.hadoop.ipc.DefaultRpcScheduler, ipcBackoff: false.
rm_1        | userLimit = 100 [= configuredUserLimit ]
datanode_2  | 2019-10-04 05:16:12 INFO  RaftServerConfigKeys:43 - raft.server.log.corruption.policy = EXCEPTION (default)
datanode_3  | 2019-10-04 05:16:11 INFO  RaftStorage:84 - Storage directory /data/metadata/ratis/da4c1da1-0793-49ee-9ffb-86d267b88013 has been successfully formatted.
nm_1        | 2019-10-04 05:16:04 INFO  Server:801 - IPC Server listener on 8040: starting
datanode_1  | 2019-10-04 05:16:12 INFO  RaftServerConfigKeys:43 - raft.server.log.appender.install.snapshot.enabled = false (custom)
scm_1       | 2019-10-04 05:16:07 INFO  MetricsSystemImpl:374 - Scheduled Metric snapshot period at 10 second(s).
om_1        | 2019-10-04 05:16:14 INFO  Server:1074 - Starting Socket Reader #1 for port 9862
rm_1        | userLimitFactor = 1.0 [= configuredUserLimitFactor ]
datanode_2  | 2019-10-04 05:16:12 INFO  RaftStorageDirectory:246 - The storage directory /data/metadata/ratis/52172c67-eff0-4f51-b48f-6fbb9e68a199 does not exist. Creating ...
nm_1        | 2019-10-04 05:16:04 INFO  ResourceLocalizationService:344 - Localizer started on port 8040
datanode_1  | 2019-10-04 05:16:12 INFO  RaftServerImpl:103 - 642ef478-27b2-438a-b884-b54976b1587b@group-04C20F7EF39F: ConfigurationManager, init=-1: [642ef478-27b2-438a-b884-b54976b1587b:172.18.0.6:9858], old=null, confs=<EMPTY_MAP>
scm_1       | 2019-10-04 05:16:07 INFO  MetricsSystemImpl:191 - StorageContainerManager metrics system started
om_1        | 2019-10-04 05:16:14 INFO  OzoneManager:1069 - OzoneManager RPC server is listening at om/172.18.0.4:9862
rm_1        | maxApplications = 10000 [= configuredMaximumSystemApplicationsPerQueue or (int)(configuredMaximumSystemApplications * absoluteCapacity)]
datanode_3  | 2019-10-04 05:16:11 INFO  ContainerStateMachine:230 - group-86D267B88013: The snapshot info is null. Setting the last applied indexto:(t:0, i:~)
nm_1        | 2019-10-04 05:16:04 INFO  IndexCache:47 - IndexCache created with max memory = 10485760
datanode_1  | 2019-10-04 05:16:12 INFO  RaftServerConfigKeys:43 - raft.server.storage.dir = [/data/metadata/ratis] (custom)
scm_1       | 2019-10-04 05:16:07 INFO  SCMClientProtocolServer:159 - RPC server for Client  is listening at /0.0.0.0:9860
om_1        | 2019-10-04 05:16:14 INFO  MetricsConfig:118 - Loaded properties from hadoop-metrics2.properties
datanode_3  | 2019-10-04 05:16:11 INFO  RaftServerConfigKeys:43 - raft.server.notification.no-leader.timeout = 120s (custom)
datanode_2  | 2019-10-04 05:16:12 INFO  RaftStorageDirectory:328 - Lock on /data/metadata/ratis/52172c67-eff0-4f51-b48f-6fbb9e68a199/in_use.lock acquired by nodename 7@b4195b33bdce
rm_1        | maxApplicationsPerUser = 10000 [= (int)(maxApplications * (userLimit / 100.0f) * userLimitFactor) ]
nm_1        | 2019-10-04 05:16:04 INFO  ShuffleHandler:510 - httpshuffle listening on port 13562
datanode_1  | 2019-10-04 05:16:12 INFO  RaftServerConfigKeys:43 - raft.server.log.corruption.policy = EXCEPTION (default)
scm_1       | 2019-10-04 05:16:07 INFO  Server:1314 - IPC Server Responder: starting
om_1        | 2019-10-04 05:16:14 INFO  MetricsSystemImpl:374 - Scheduled Metric snapshot period at 10 second(s).
datanode_3  | 2019-10-04 05:16:11 INFO  RaftServerConfigKeys:43 - raft.server.log.use.memory = false (default)
datanode_2  | 2019-10-04 05:16:12 INFO  RaftStorage:84 - Storage directory /data/metadata/ratis/52172c67-eff0-4f51-b48f-6fbb9e68a199 has been successfully formatted.
rm_1        | usedCapacity = 0.0 [= usedResourcesMemory / (clusterResourceMemory * absoluteCapacity)]
nm_1        | 2019-10-04 05:16:04 INFO  ContainersMonitorImpl:196 - Neither virutal-memory nor physical-memory monitoring is needed. Not running the monitor-thread
datanode_1  | 2019-10-04 05:16:12 INFO  RaftStorageDirectory:246 - The storage directory /data/metadata/ratis/1d9e01db-5a1a-4df8-b1f1-04c20f7ef39f does not exist. Creating ...
scm_1       | 2019-10-04 05:16:07 INFO  Server:1153 - IPC Server listener on 9860: starting
om_1        | 2019-10-04 05:16:14 INFO  MetricsSystemImpl:191 - OzoneManager metrics system started
datanode_3  | 2019-10-04 05:16:11 INFO  RaftServerConfigKeys:43 - raft.server.log.purge.gap = 1000000 (custom)
datanode_2  | 2019-10-04 05:16:12 INFO  ContainerStateMachine:230 - group-6FBB9E68A199: The snapshot info is null. Setting the last applied indexto:(t:0, i:~)
rm_1        | absoluteUsedCapacity = 0.0 [= usedResourcesMemory / clusterResourceMemory]
nm_1        | 2019-10-04 05:16:04 INFO  ContainerManagerImpl:472 - ContainerManager started at nm/172.18.0.9:36776
datanode_1  | 2019-10-04 05:16:12 INFO  RaftStorageDirectory:328 - Lock on /data/metadata/ratis/1d9e01db-5a1a-4df8-b1f1-04c20f7ef39f/in_use.lock acquired by nodename 7@df549de748a3
scm_1       | 2019-10-04 05:16:07 INFO  StorageContainerManager:780 - ScmBlockLocationProtocol RPC server is listening at /0.0.0.0:9863
om_1        | 2019-10-04 05:16:14 INFO  Server:1153 - IPC Server listener on 9862: starting
datanode_3  | 2019-10-04 05:16:11 INFO  RaftServerConfigKeys:43 - raft.server.log.appender.buffer.byte-limit = 33554432 (custom)
nm_1        | 2019-10-04 05:16:04 INFO  ContainerManagerImpl:473 - ContainerManager bound to 0.0.0.0/0.0.0.0:0
datanode_1  | 2019-10-04 05:16:12 INFO  RaftStorage:84 - Storage directory /data/metadata/ratis/1d9e01db-5a1a-4df8-b1f1-04c20f7ef39f has been successfully formatted.
scm_1       | 2019-10-04 05:16:07 INFO  SCMBlockProtocolServer:146 - RPC server for Block Protocol is listening at /0.0.0.0:9863
om_1        | 2019-10-04 05:16:14 INFO  Server:1314 - IPC Server Responder: starting
rm_1        | maxAMResourcePerQueuePercent = 0.1 [= configuredMaximumAMResourcePercent ]
datanode_2  | 2019-10-04 05:16:12 INFO  RaftServerConfigKeys:43 - raft.server.notification.no-leader.timeout = 120s (custom)
datanode_3  | 2019-10-04 05:16:11 INFO  RaftServerConfigKeys:43 - raft.server.log.segment.size.max = 1048576 (custom)
nm_1        | 2019-10-04 05:16:04 INFO  WebServer:70 - Instantiating NMWebApp at 0.0.0.0:8042
datanode_1  | 2019-10-04 05:16:12 INFO  ContainerStateMachine:230 - group-04C20F7EF39F: The snapshot info is null. Setting the last applied indexto:(t:0, i:~)
scm_1       | 2019-10-04 05:16:07 INFO  Server:1314 - IPC Server Responder: starting
om_1        | 2019-10-04 05:16:14 INFO  DFSUtil:1641 - Starting Web-server for ozoneManager at: http://0.0.0.0:9874
rm_1        | minimumAllocationFactor = 0.875 [= (float)(maximumAllocationMemory - minimumAllocationMemory) / maximumAllocationMemory ]
datanode_2  | 2019-10-04 05:16:12 INFO  RaftServerConfigKeys:43 - raft.server.log.use.memory = false (default)
datanode_3  | 2019-10-04 05:16:11 WARN  MetricsSystemImpl:151 - HddsDatanode metrics system already initialized!
nm_1        | 2019-10-04 05:16:05 INFO  log:67 - Logging to org.slf4j.impl.Log4jLoggerAdapter(org.mortbay.log) via org.mortbay.log.Slf4jLog
scm_1       | 2019-10-04 05:16:07 INFO  Server:1153 - IPC Server listener on 9863: starting
om_1        | 2019-10-04 05:16:14 INFO  AuthenticationFilter:240 - Unable to initialize FileSignerSecretProvider, falling back to use random secrets.
rm_1        | maximumAllocation = <memory:8192, vCores:32> [= configuredMaxAllocation ]
datanode_1  | 2019-10-04 05:16:12 INFO  RaftServerConfigKeys:43 - raft.server.notification.no-leader.timeout = 120s (custom)
datanode_2  | 2019-10-04 05:16:12 INFO  RaftServerConfigKeys:43 - raft.server.log.purge.gap = 1000000 (custom)
datanode_3  | 2019-10-04 05:16:11 INFO  MetricRegistries:64 - Loaded MetricRegistries class org.apache.ratis.metrics.impl.MetricRegistriesImpl
nm_1        | 2019-10-04 05:16:05 INFO  AuthenticationFilter:283 - Unable to initialize FileSignerSecretProvider, falling back to use random secrets.
scm_1       | 2019-10-04 05:16:07 INFO  StorageContainerManager:784 - ScmDatanodeProtocl RPC server is listening at /0.0.0.0:9861
om_1        | 2019-10-04 05:16:14 INFO  HttpRequestLog:81 - Http request log for http.requests.ozoneManager is not defined
rm_1        | numContainers = 0 [= currentNumContainers ]
datanode_2  | 2019-10-04 05:16:12 INFO  RaftServerConfigKeys:43 - raft.server.log.appender.buffer.byte-limit = 33554432 (custom)
datanode_1  | 2019-10-04 05:16:12 INFO  RaftServerConfigKeys:43 - raft.server.log.use.memory = false (default)
datanode_3  | 2019-10-04 05:16:11 INFO  RaftServerConfigKeys:43 - raft.server.log.segment.cache.num.max = 2 (custom)
nm_1        | 2019-10-04 05:16:05 INFO  HttpRequestLog:80 - Http request log for http.requests.nodemanager is not defined
scm_1       | 2019-10-04 05:16:07 INFO  SCMDatanodeProtocolServer:169 - RPC server for DataNodes is listening at /0.0.0.0:9861
om_1        | 2019-10-04 05:16:14 INFO  HttpServer2:975 - Added global filter 'safety' (class=org.apache.hadoop.http.HttpServer2$QuotingInputFilter)
rm_1        | state = RUNNING [= configuredState ]
datanode_2  | 2019-10-04 05:16:12 INFO  RaftServerConfigKeys:43 - raft.server.log.segment.size.max = 1048576 (custom)
datanode_1  | 2019-10-04 05:16:12 INFO  RaftServerConfigKeys:43 - raft.server.log.purge.gap = 1000000 (custom)
datanode_3  | 2019-10-04 05:16:11 INFO  SegmentedRaftLogWorker:173 - new 14c5374f-173d-4ab1-97da-0c9fe951f1d9@group-86D267B88013-SegmentedRaftLogWorker for RaftStorage:Storage Directory /data/metadata/ratis/da4c1da1-0793-49ee-9ffb-86d267b88013
nm_1        | 2019-10-04 05:16:05 INFO  HttpServer2:730 - Added global filter 'safety' (class=org.apache.hadoop.http.HttpServer2$QuotingInputFilter)
scm_1       | 2019-10-04 05:16:07 INFO  Server:1314 - IPC Server Responder: starting
om_1        | 2019-10-04 05:16:14 INFO  HttpServer2:948 - Added filter static_user_filter (class=org.apache.hadoop.http.lib.StaticUserWebFilter$StaticUserFilter) to context ozoneManager
rm_1        | acls = SUBMIT_APP:*ADMINISTER_QUEUE:* [= configuredAcls ]
datanode_1  | 2019-10-04 05:16:12 INFO  RaftServerConfigKeys:43 - raft.server.log.appender.buffer.byte-limit = 33554432 (custom)
datanode_3  | 2019-10-04 05:16:11 INFO  RaftServerConfigKeys:43 - raft.server.log.queue.byte-limit = 2147483647 (custom)
nm_1        | 2019-10-04 05:16:05 INFO  HttpServer2:705 - Added filter static_user_filter (class=org.apache.hadoop.http.lib.StaticUserWebFilter$StaticUserFilter) to context node
datanode_2  | 2019-10-04 05:16:12 WARN  MetricsSystemImpl:151 - HddsDatanode metrics system already initialized!
scm_1       | 2019-10-04 05:16:07 INFO  Server:1153 - IPC Server listener on 9861: starting
om_1        | 2019-10-04 05:16:14 INFO  HttpServer2:958 - Added filter static_user_filter (class=org.apache.hadoop.http.lib.StaticUserWebFilter$StaticUserFilter) to context logs
rm_1        | nodeLocalityDelay = 40
datanode_1  | 2019-10-04 05:16:12 INFO  RaftServerConfigKeys:43 - raft.server.log.segment.size.max = 1048576 (custom)
datanode_3  | 2019-10-04 05:16:11 INFO  RaftServerConfigKeys:43 - raft.server.log.queue.element-limit = 1024 (custom)
nm_1        | 2019-10-04 05:16:05 INFO  HttpServer2:713 - Added filter static_user_filter (class=org.apache.hadoop.http.lib.StaticUserWebFilter$StaticUserFilter) to context static
datanode_2  | 2019-10-04 05:16:12 INFO  MetricRegistries:64 - Loaded MetricRegistries class org.apache.ratis.metrics.impl.MetricRegistriesImpl
scm_1       | 2019-10-04 05:16:07 INFO  HttpServer2:1191 - Jetty bound to port 9876
om_1        | 2019-10-04 05:16:14 INFO  HttpServer2:958 - Added filter static_user_filter (class=org.apache.hadoop.http.lib.StaticUserWebFilter$StaticUserFilter) to context static
datanode_1  | 2019-10-04 05:16:12 WARN  MetricsSystemImpl:151 - HddsDatanode metrics system already initialized!
datanode_3  | 2019-10-04 05:16:11 INFO  RaftServerConfigKeys:43 - raft.server.log.segment.size.max = 1048576 (custom)
rm_1        | labels=*,
nm_1        | 2019-10-04 05:16:05 INFO  HttpServer2:713 - Added filter static_user_filter (class=org.apache.hadoop.http.lib.StaticUserWebFilter$StaticUserFilter) to context logs
datanode_2  | 2019-10-04 05:16:12 INFO  RaftServerConfigKeys:43 - raft.server.log.segment.cache.num.max = 2 (custom)
scm_1       | 2019-10-04 05:16:07 INFO  Server:351 - jetty-9.3.25.v20180904, build timestamp: 2018-09-04T21:11:46Z, git hash: 3ce520221d0240229c862b122d2b06c12a625732
om_1        | 2019-10-04 05:16:14 INFO  HttpServer2:1191 - Jetty bound to port 9874
datanode_1  | 2019-10-04 05:16:12 INFO  MetricRegistries:64 - Loaded MetricRegistries class org.apache.ratis.metrics.impl.MetricRegistriesImpl
datanode_3  | 2019-10-04 05:16:11 INFO  RaftServerConfigKeys:43 - raft.server.log.preallocated.size = 16384 (custom)
datanode_2  | 2019-10-04 05:16:12 INFO  SegmentedRaftLogWorker:173 - new ab0dc5d2-f546-4e13-a905-fa4cb4890643@group-6FBB9E68A199-SegmentedRaftLogWorker for RaftStorage:Storage Directory /data/metadata/ratis/52172c67-eff0-4f51-b48f-6fbb9e68a199
nm_1        | 2019-10-04 05:16:05 INFO  HttpServer2:424 - adding path spec: /node/*
scm_1       | 2019-10-04 05:16:07 INFO  ContextHandler:781 - Started o.e.j.s.ServletContextHandler@29a4f594{/logs,file:///var/log/hadoop/,AVAILABLE}
rm_1        | nodeLocalityDelay = 40
om_1        | 2019-10-04 05:16:14 INFO  Server:351 - jetty-9.3.25.v20180904, build timestamp: 2018-09-04T21:11:46Z, git hash: 3ce520221d0240229c862b122d2b06c12a625732
datanode_1  | 2019-10-04 05:16:12 INFO  RaftServerConfigKeys:43 - raft.server.log.segment.cache.num.max = 2 (custom)
datanode_3  | 2019-10-04 05:16:11 INFO  RaftServerConfigKeys:43 - raft.server.log.write.buffer.size = 33554432 (custom)
datanode_2  | 2019-10-04 05:16:12 INFO  RaftServerConfigKeys:43 - raft.server.log.queue.byte-limit = 2147483647 (custom)
nm_1        | 2019-10-04 05:16:05 INFO  HttpServer2:424 - adding path spec: /ws/*
scm_1       | 2019-10-04 05:16:07 INFO  ContextHandler:781 - Started o.e.j.s.ServletContextHandler@44cb460e{/static,jar:file:/opt/hadoop/share/ozone/lib/hadoop-hdds-server-scm-0.5.0-SNAPSHOT.jar!/webapps/static,AVAILABLE}
rm_1        | reservationsContinueLooking = true
om_1        | 2019-10-04 05:16:14 INFO  ContextHandler:781 - Started o.e.j.s.ServletContextHandler@4f94e148{/logs,file:///var/log/hadoop/,AVAILABLE}
