datanode_2  | 2019-10-14 17:54:28,845 INFO impl.RaftServerImpl: a3bbd4de-b0a7-4d0a-b079-28a276ae9808@group-EEB18D1A95BC: ConfigurationManager, init=-1: [4978bd1c-85ba-40e7-be3c-8158de6b4974:172.18.0.8:9858, cf11f006-e40b-4c1e-a8f1-e7c9a4807476:172.18.0.5:9858, a3bbd4de-b0a7-4d0a-b079-28a276ae9808:172.18.0.2:9858], old=null, confs=<EMPTY_MAP>
rm_1        | 2019-10-14 17:54:20 INFO  HttpServer2:953 - Added filter static_user_filter (class=org.apache.hadoop.http.lib.StaticUserWebFilter$StaticUserFilter) to context logs
datanode_3  | 2019-10-14 17:54:28,872 INFO server.RaftServerConfigKeys: raft.server.log.corruption.policy = EXCEPTION (default)
datanode_1  | 2019-10-14 17:54:28,892 INFO server.RaftServerConfigKeys: raft.server.notification.no-leader.timeout = 120s (custom)
nm_1        | Oct 14, 2019 5:54:23 PM com.sun.jersey.guice.spi.container.GuiceComponentProviderFactory getComponentProvider
datanode_2  | 2019-10-14 17:54:28,845 INFO server.RaftServerConfigKeys: raft.server.storage.dir = [/data/metadata/ratis] (custom)
scm_1       | 2019-10-14 17:56:30,831 INFO block.BlockManagerImpl: Deleting blocks conID: 5 locID: 102962019196862473 bcsId: 0
rm_1        | 2019-10-14 17:54:20 INFO  HttpServer2:953 - Added filter static_user_filter (class=org.apache.hadoop.http.lib.StaticUserWebFilter$StaticUserFilter) to context static
datanode_1  | 2019-10-14 17:54:28,893 INFO server.RaftServerConfigKeys: raft.server.log.use.memory = false (default)
nm_1        | INFO: Binding org.apache.hadoop.yarn.webapp.GenericExceptionHandler to GuiceManagedComponentProvider with the scope "Singleton"
datanode_2  | 2019-10-14 17:54:28,846 INFO server.RaftServerConfigKeys: raft.server.log.corruption.policy = EXCEPTION (default)
scm_1       | 2019-10-14 17:56:30,831 INFO block.BlockManagerImpl: Deleting blocks conID: 4 locID: 102962019211411466 bcsId: 0
rm_1        | 2019-10-14 17:54:20 INFO  HttpServer2:608 - adding path spec: /cluster/*
datanode_3  | 2019-10-14 17:54:28,872 INFO storage.RaftStorageDirectory: The storage directory /data/metadata/ratis/92a5a467-ef0d-4b83-a17f-eeb18d1a95bc does not exist. Creating ...
datanode_1  | 2019-10-14 17:54:28,893 INFO server.RaftServerConfigKeys: raft.server.log.purge.gap = 1000000 (custom)
nm_1        | Oct 14, 2019 5:54:24 PM com.sun.jersey.guice.spi.container.GuiceComponentProviderFactory getComponentProvider
datanode_2  | 2019-10-14 17:54:28,846 INFO storage.RaftStorageDirectory: The storage directory /data/metadata/ratis/92a5a467-ef0d-4b83-a17f-eeb18d1a95bc does not exist. Creating ...
rm_1        | 2019-10-14 17:54:20 INFO  HttpServer2:608 - adding path spec: /ws/*
datanode_3  | 2019-10-14 17:54:28,890 INFO storage.RaftStorageDirectory: Lock on /data/metadata/ratis/92a5a467-ef0d-4b83-a17f-eeb18d1a95bc/in_use.lock acquired by nodename 7@731baa48a4fc
scm_1       | 2019-10-14 17:56:30,831 INFO block.BlockManagerImpl: Deleting blocks conID: 3 locID: 102962018137473026 bcsId: 0
datanode_1  | 2019-10-14 17:54:28,893 INFO server.RaftServerConfigKeys: raft.server.log.appender.buffer.byte-limit = 33554432 (custom)
nm_1        | INFO: Binding org.apache.hadoop.yarn.server.nodemanager.webapp.NMWebServices to GuiceManagedComponentProvider with the scope "Singleton"
datanode_2  | 2019-10-14 17:54:28,873 INFO storage.RaftStorageDirectory: Lock on /data/metadata/ratis/92a5a467-ef0d-4b83-a17f-eeb18d1a95bc/in_use.lock acquired by nodename 7@0db7e3c5bebd
rm_1        | 2019-10-14 17:54:20 INFO  HttpServer2:608 - adding path spec: /app/*
datanode_3  | 2019-10-14 17:54:28,908 INFO storage.RaftStorage: Storage directory /data/metadata/ratis/92a5a467-ef0d-4b83-a17f-eeb18d1a95bc has been successfully formatted.
datanode_1  | 2019-10-14 17:54:28,893 INFO server.RaftServerConfigKeys: raft.server.log.segment.size.max = 1048576 (custom)
nm_1        | 2019-10-14 17:54:24 INFO  ContextHandler:781 - Started o.e.j.w.WebAppContext@6b3f6585{/,file:///tmp/jetty-0.0.0.0-8042-node-_-any-2941239864638651641.dir/webapp/,AVAILABLE}{/node}
rm_1        | 2019-10-14 17:54:21 INFO  WebApps:395 - Registered webapp guice modules
datanode_2  | 2019-10-14 17:54:28,890 INFO storage.RaftStorage: Storage directory /data/metadata/ratis/92a5a467-ef0d-4b83-a17f-eeb18d1a95bc has been successfully formatted.
scm_1       | 2019-10-14 17:56:30,832 INFO block.BlockManagerImpl: Deleting blocks conID: 4 locID: 102962018256683011 bcsId: 0
datanode_3  | 2019-10-14 17:54:28,908 [pool-8-thread-1] INFO       - group-EEB18D1A95BC: The snapshot info is null. Setting the last applied indexto:(t:0, i:~)
datanode_1  | 2019-10-14 17:54:28,893 INFO server.RaftServerConfigKeys: raft.server.log.segment.cache.num.max = 2 (custom)
nm_1        | 2019-10-14 17:54:24 INFO  AbstractConnector:278 - Started ServerConnector@6629ad09{HTTP/1.1,[http/1.1]}{0.0.0.0:8042}
rm_1        | 2019-10-14 17:54:21 INFO  HttpServer2:1186 - Jetty bound to port 8088
datanode_2  | 2019-10-14 17:54:28,891 [pool-8-thread-1] INFO       - group-EEB18D1A95BC: The snapshot info is null. Setting the last applied indexto:(t:0, i:~)
scm_1       | 2019-10-14 17:56:30,832 INFO block.BlockManagerImpl: Deleting blocks conID: 5 locID: 102962018273067012 bcsId: 0
datanode_3  | 2019-10-14 17:54:28,909 INFO server.RaftServerConfigKeys: raft.server.notification.no-leader.timeout = 120s (custom)
datanode_1  | 2019-10-14 17:54:28,894 INFO segmented.SegmentedRaftLogWorker: new cf11f006-e40b-4c1e-a8f1-e7c9a4807476@group-EEB18D1A95BC-SegmentedRaftLogWorker for RaftStorage:Storage Directory /data/metadata/ratis/92a5a467-ef0d-4b83-a17f-eeb18d1a95bc
nm_1        | 2019-10-14 17:54:24 INFO  Server:419 - Started @4579ms
rm_1        | 2019-10-14 17:54:21 INFO  Server:351 - jetty-9.3.24.v20180605, build timestamp: 2018-06-05T17:11:56Z, git hash: 84205aa28f11a4f31f2a3b86d1bba2cc8ab69827
datanode_2  | 2019-10-14 17:54:28,891 INFO server.RaftServerConfigKeys: raft.server.notification.no-leader.timeout = 120s (custom)
datanode_3  | 2019-10-14 17:54:28,909 INFO server.RaftServerConfigKeys: raft.server.log.use.memory = false (default)
scm_1       | 2019-10-14 17:56:30,832 INFO block.BlockManagerImpl: Deleting blocks conID: 9 locID: 102962020960567307 bcsId: 0
datanode_1  | 2019-10-14 17:54:28,894 INFO server.RaftServerConfigKeys: raft.server.log.queue.byte-limit = 2147483647 (custom)
nm_1        | 2019-10-14 17:54:24 INFO  WebApps:440 - Web app node started at 8042
rm_1        | 2019-10-14 17:54:21 INFO  AuthenticationFilter:240 - Unable to initialize FileSignerSecretProvider, falling back to use random secrets.
datanode_2  | 2019-10-14 17:54:28,892 INFO server.RaftServerConfigKeys: raft.server.log.use.memory = false (default)
datanode_3  | 2019-10-14 17:54:28,909 INFO server.RaftServerConfigKeys: raft.server.log.purge.gap = 1000000 (custom)
scm_1       | 2019-10-14 17:56:30,833 INFO block.BlockManagerImpl: Deleting blocks conID: 6 locID: 102962021129650188 bcsId: 0
nm_1        | 2019-10-14 17:54:24 INFO  NodeStatusUpdaterImpl:250 - Node ID assigned is : nm:35981
datanode_1  | 2019-10-14 17:54:28,894 INFO server.RaftServerConfigKeys: raft.server.log.queue.element-limit = 1024 (custom)
rm_1        | 2019-10-14 17:54:21 INFO  AbstractDelegationTokenSecretManager:347 - Updating the current master key for generating delegation tokens
datanode_2  | 2019-10-14 17:54:28,892 INFO server.RaftServerConfigKeys: raft.server.log.purge.gap = 1000000 (custom)
datanode_3  | 2019-10-14 17:54:28,909 INFO server.RaftServerConfigKeys: raft.server.log.appender.buffer.byte-limit = 33554432 (custom)
nm_1        | 2019-10-14 17:54:24 INFO  JvmPauseMonitor:188 - Starting JVM pause monitor
datanode_1  | 2019-10-14 17:54:28,894 INFO server.RaftServerConfigKeys: raft.server.log.segment.size.max = 1048576 (custom)
rm_1        | 2019-10-14 17:54:21 INFO  AbstractDelegationTokenSecretManager:679 - Starting expired delegation token remover thread, tokenRemoverScanInterval=60 min(s)
datanode_2  | 2019-10-14 17:54:28,892 INFO server.RaftServerConfigKeys: raft.server.log.appender.buffer.byte-limit = 33554432 (custom)
datanode_3  | 2019-10-14 17:54:28,909 INFO server.RaftServerConfigKeys: raft.server.log.segment.size.max = 1048576 (custom)
nm_1        | 2019-10-14 17:54:24 INFO  RMProxy:133 - Connecting to ResourceManager at rm/172.18.0.3:8031
rm_1        | 2019-10-14 17:54:21 INFO  AbstractDelegationTokenSecretManager:347 - Updating the current master key for generating delegation tokens
datanode_2  | 2019-10-14 17:54:28,892 INFO server.RaftServerConfigKeys: raft.server.log.segment.size.max = 1048576 (custom)
datanode_1  | 2019-10-14 17:54:28,894 INFO server.RaftServerConfigKeys: raft.server.log.preallocated.size = 16384 (custom)
datanode_3  | 2019-10-14 17:54:28,909 INFO server.RaftServerConfigKeys: raft.server.log.segment.cache.num.max = 2 (custom)
nm_1        | 2019-10-14 17:54:24 INFO  NodeStatusUpdaterImpl:641 - Sending out 0 NM container statuses: []
rm_1        | 2019-10-14 17:54:21 INFO  ContextHandler:781 - Started o.e.j.s.ServletContextHandler@3a12c404{/logs,file:///opt/hadoop/logs/,AVAILABLE}
datanode_2  | 2019-10-14 17:54:28,893 INFO server.RaftServerConfigKeys: raft.server.log.segment.cache.num.max = 2 (custom)
datanode_3  | 2019-10-14 17:54:28,910 INFO segmented.SegmentedRaftLogWorker: new 4978bd1c-85ba-40e7-be3c-8158de6b4974@group-EEB18D1A95BC-SegmentedRaftLogWorker for RaftStorage:Storage Directory /data/metadata/ratis/92a5a467-ef0d-4b83-a17f-eeb18d1a95bc
rm_1        | 2019-10-14 17:54:21 INFO  ContextHandler:781 - Started o.e.j.s.ServletContextHandler@38831718{/static,jar:file:/opt/hadoop/share/hadoop/yarn/hadoop-yarn-common-3.1.2.jar!/webapps/static,AVAILABLE}
nm_1        | 2019-10-14 17:54:24 INFO  NodeStatusUpdaterImpl:382 - Registering with RM using containers :[]
datanode_1  | 2019-10-14 17:54:28,894 INFO server.RaftServerConfigKeys: raft.server.log.write.buffer.size = 33554432 (custom)
datanode_2  | 2019-10-14 17:54:28,894 INFO segmented.SegmentedRaftLogWorker: new a3bbd4de-b0a7-4d0a-b079-28a276ae9808@group-EEB18D1A95BC-SegmentedRaftLogWorker for RaftStorage:Storage Directory /data/metadata/ratis/92a5a467-ef0d-4b83-a17f-eeb18d1a95bc
datanode_3  | 2019-10-14 17:54:28,910 INFO server.RaftServerConfigKeys: raft.server.log.queue.byte-limit = 2147483647 (custom)
rm_1        | Oct 14, 2019 5:54:21 PM com.sun.jersey.guice.spi.container.GuiceComponentProviderFactory register
nm_1        | 2019-10-14 17:54:24 INFO  NMContainerTokenSecretManager:143 - Rolling master-key for container-tokens, got key with id -579806338
datanode_1  | 2019-10-14 17:54:28,895 INFO server.RaftServerConfigKeys: raft.server.log.force.sync.num = 128 (default)
rm_1        | INFO: Registering org.apache.hadoop.yarn.server.resourcemanager.webapp.JAXBContextResolver as a provider class
datanode_3  | 2019-10-14 17:54:28,910 INFO server.RaftServerConfigKeys: raft.server.log.queue.element-limit = 1024 (custom)
datanode_2  | 2019-10-14 17:54:28,894 INFO server.RaftServerConfigKeys: raft.server.log.queue.byte-limit = 2147483647 (custom)
datanode_1  | 2019-10-14 17:54:28,895 INFO server.RaftServerConfigKeys: raft.server.log.statemachine.data.sync = true (default)
rm_1        | Oct 14, 2019 5:54:21 PM com.sun.jersey.guice.spi.container.GuiceComponentProviderFactory register
nm_1        | 2019-10-14 17:54:24 INFO  NMTokenSecretManagerInNM:143 - Rolling master-key for container-tokens, got key with id -653476714
datanode_3  | 2019-10-14 17:54:28,911 INFO server.RaftServerConfigKeys: raft.server.log.segment.size.max = 1048576 (custom)
datanode_2  | 2019-10-14 17:54:28,894 INFO server.RaftServerConfigKeys: raft.server.log.queue.element-limit = 1024 (custom)
rm_1        | INFO: Registering org.apache.hadoop.yarn.server.resourcemanager.webapp.RMWebServices as a root resource class
datanode_1  | 2019-10-14 17:54:28,895 INFO server.RaftServerConfigKeys: raft.server.log.statemachine.data.sync.timeout = 10s (default)
nm_1        | 2019-10-14 17:54:24 INFO  NodeStatusUpdaterImpl:466 - Registered with ResourceManager as nm:35981 with total resource of <memory:8192, vCores:8>
datanode_2  | 2019-10-14 17:54:28,894 INFO server.RaftServerConfigKeys: raft.server.log.segment.size.max = 1048576 (custom)
datanode_3  | 2019-10-14 17:54:28,912 INFO server.RaftServerConfigKeys: raft.server.log.preallocated.size = 16384 (custom)
rm_1        | Oct 14, 2019 5:54:21 PM com.sun.jersey.guice.spi.container.GuiceComponentProviderFactory register
datanode_1  | 2019-10-14 17:54:28,895 INFO server.RaftServerConfigKeys: raft.server.log.statemachine.data.sync.timeout.retry = -1 (default)
datanode_2  | 2019-10-14 17:54:28,895 INFO server.RaftServerConfigKeys: raft.server.log.preallocated.size = 16384 (custom)
nm_1        | 2019-10-14 17:55:22 INFO  Server:1845 - Auth successful for appattempt_1571075663482_0001_000001 (auth:SIMPLE)
rm_1        | INFO: Registering org.apache.hadoop.yarn.webapp.GenericExceptionHandler as a provider class
datanode_3  | 2019-10-14 17:54:28,912 INFO server.RaftServerConfigKeys: raft.server.log.write.buffer.size = 33554432 (custom)
datanode_1  | 2019-10-14 17:54:28,895 INFO server.RaftServerConfigKeys: raft.server.log.statemachine.data.caching.enabled = true (custom)
datanode_2  | 2019-10-14 17:54:28,895 INFO server.RaftServerConfigKeys: raft.server.log.write.buffer.size = 33554432 (custom)
nm_1        | 2019-10-14 17:55:22 INFO  ContainerManagerImpl:1070 - Start request for container_1571075663482_0001_01_000001 by user hadoop
datanode_3  | 2019-10-14 17:54:28,913 INFO server.RaftServerConfigKeys: raft.server.log.force.sync.num = 128 (default)
datanode_1  | 2019-10-14 17:54:28,900 INFO segmented.SegmentedRaftLogWorker: cf11f006-e40b-4c1e-a8f1-e7c9a4807476@group-EEB18D1A95BC-SegmentedRaftLogWorker: flushIndex: setUnconditionally 0 -> -1
datanode_2  | 2019-10-14 17:54:28,895 INFO server.RaftServerConfigKeys: raft.server.log.force.sync.num = 128 (default)
nm_1        | 2019-10-14 17:55:22 INFO  ContainerManagerImpl:1122 - Creating a new application reference for app application_1571075663482_0001
rm_1        | Oct 14, 2019 5:54:21 PM com.sun.jersey.server.impl.application.WebApplicationImpl _initiate
datanode_3  | 2019-10-14 17:54:28,913 INFO server.RaftServerConfigKeys: raft.server.log.statemachine.data.sync = true (default)
datanode_1  | 2019-10-14 17:54:28,900 INFO server.RaftServerConfigKeys: raft.server.snapshot.auto.trigger.enabled = true (custom)
nm_1        | 2019-10-14 17:55:22 INFO  NMAuditLogger:94 - USER=hadoop	IP=172.18.0.3	OPERATION=Start Container Request	TARGET=ContainerManageImpl	RESULT=SUCCESS	APPID=application_1571075663482_0001	CONTAINERID=container_1571075663482_0001_01_000001
datanode_2  | 2019-10-14 17:54:28,895 INFO server.RaftServerConfigKeys: raft.server.log.statemachine.data.sync = true (default)
rm_1        | INFO: Initiating Jersey application, version 'Jersey: 1.19 02/11/2015 03:25 AM'
datanode_3  | 2019-10-14 17:54:28,913 INFO server.RaftServerConfigKeys: raft.server.log.statemachine.data.sync.timeout = 10s (default)
datanode_1  | 2019-10-14 17:54:28,900 INFO server.RaftServerConfigKeys: raft.server.snapshot.auto.trigger.threshold = 10000 (custom)
nm_1        | 2019-10-14 17:55:22 INFO  ApplicationImpl:655 - Application application_1571075663482_0001 transitioned from NEW to INITING
datanode_2  | 2019-10-14 17:54:28,895 INFO server.RaftServerConfigKeys: raft.server.log.statemachine.data.sync.timeout = 10s (default)
rm_1        | Oct 14, 2019 5:54:22 PM com.sun.jersey.guice.spi.container.GuiceComponentProviderFactory getComponentProvider
datanode_3  | 2019-10-14 17:54:28,913 INFO server.RaftServerConfigKeys: raft.server.log.statemachine.data.sync.timeout.retry = -1 (default)
datanode_1  | 2019-10-14 17:54:28,900 INFO server.RaftServerConfigKeys: raft.server.snapshot.retention.file.num = 5 (custom)
nm_1        | 2019-10-14 17:55:22 INFO  ApplicationImpl:463 - Adding container_1571075663482_0001_01_000001 to application application_1571075663482_0001
datanode_2  | 2019-10-14 17:54:28,895 INFO server.RaftServerConfigKeys: raft.server.log.statemachine.data.sync.timeout.retry = -1 (default)
rm_1        | INFO: Binding org.apache.hadoop.yarn.server.resourcemanager.webapp.JAXBContextResolver to GuiceManagedComponentProvider with the scope "Singleton"
datanode_3  | 2019-10-14 17:54:28,913 INFO server.RaftServerConfigKeys: raft.server.log.statemachine.data.caching.enabled = true (custom)
datanode_1  | 2019-10-14 17:54:28,901 INFO server.RaftServerConfigKeys: raft.server.retrycache.expirytime = 600000ms (custom)
nm_1        | 2019-10-14 17:55:22 INFO  ApplicationImpl:655 - Application application_1571075663482_0001 transitioned from INITING to RUNNING
datanode_2  | 2019-10-14 17:54:28,896 INFO server.RaftServerConfigKeys: raft.server.log.statemachine.data.caching.enabled = true (custom)
rm_1        | Oct 14, 2019 5:54:22 PM com.sun.jersey.guice.spi.container.GuiceComponentProviderFactory getComponentProvider
datanode_3  | 2019-10-14 17:54:28,914 INFO segmented.SegmentedRaftLogWorker: 4978bd1c-85ba-40e7-be3c-8158de6b4974@group-EEB18D1A95BC-SegmentedRaftLogWorker: flushIndex: setUnconditionally 0 -> -1
datanode_1  | 2019-10-14 17:54:28,905 INFO impl.RaftServerImpl: cf11f006-e40b-4c1e-a8f1-e7c9a4807476@group-EEB18D1A95BC: start as a follower, conf=-1: [4978bd1c-85ba-40e7-be3c-8158de6b4974:172.18.0.8:9858, cf11f006-e40b-4c1e-a8f1-e7c9a4807476:172.18.0.5:9858, a3bbd4de-b0a7-4d0a-b079-28a276ae9808:172.18.0.2:9858], old=null
nm_1        | 2019-10-14 17:55:22 INFO  ContainerImpl:2126 - Container container_1571075663482_0001_01_000001 transitioned from NEW to LOCALIZING
datanode_2  | 2019-10-14 17:54:28,899 INFO segmented.SegmentedRaftLogWorker: a3bbd4de-b0a7-4d0a-b079-28a276ae9808@group-EEB18D1A95BC-SegmentedRaftLogWorker: flushIndex: setUnconditionally 0 -> -1
rm_1        | INFO: Binding org.apache.hadoop.yarn.webapp.GenericExceptionHandler to GuiceManagedComponentProvider with the scope "Singleton"
datanode_3  | 2019-10-14 17:54:28,914 INFO server.RaftServerConfigKeys: raft.server.snapshot.auto.trigger.enabled = true (custom)
datanode_1  | 2019-10-14 17:54:28,905 INFO impl.RaftServerImpl: cf11f006-e40b-4c1e-a8f1-e7c9a4807476@group-EEB18D1A95BC: changes role from      null to FOLLOWER at term 0 for startAsFollower
datanode_2  | 2019-10-14 17:54:28,900 INFO server.RaftServerConfigKeys: raft.server.snapshot.auto.trigger.enabled = true (custom)
nm_1        | 2019-10-14 17:55:22 INFO  AuxServices:350 - Got event CONTAINER_INIT for appId application_1571075663482_0001
rm_1        | Oct 14, 2019 5:54:23 PM com.sun.jersey.guice.spi.container.GuiceComponentProviderFactory getComponentProvider
datanode_3  | 2019-10-14 17:54:28,914 INFO server.RaftServerConfigKeys: raft.server.snapshot.auto.trigger.threshold = 10000 (custom)
datanode_1  | 2019-10-14 17:54:28,905 INFO impl.RoleInfo: cf11f006-e40b-4c1e-a8f1-e7c9a4807476: start FollowerState
datanode_2  | 2019-10-14 17:54:28,900 INFO server.RaftServerConfigKeys: raft.server.snapshot.auto.trigger.threshold = 10000 (custom)
nm_1        | 2019-10-14 17:55:22 INFO  ResourceLocalizationService:801 - Created localizer for container_1571075663482_0001_01_000001
datanode_3  | 2019-10-14 17:54:28,915 INFO server.RaftServerConfigKeys: raft.server.snapshot.retention.file.num = 5 (custom)
rm_1        | INFO: Binding org.apache.hadoop.yarn.server.resourcemanager.webapp.RMWebServices to GuiceManagedComponentProvider with the scope "Singleton"
datanode_1  | 2019-10-14 17:54:28,905 INFO util.JmxRegister: Successfully registered JMX Bean with object name Ratis:service=RaftServer,group=group-EEB18D1A95BC,id=cf11f006-e40b-4c1e-a8f1-e7c9a4807476
datanode_2  | 2019-10-14 17:54:28,900 INFO server.RaftServerConfigKeys: raft.server.snapshot.retention.file.num = 5 (custom)
datanode_3  | 2019-10-14 17:54:28,915 INFO server.RaftServerConfigKeys: raft.server.retrycache.expirytime = 600000ms (custom)
nm_1        | 2019-10-14 17:55:22 INFO  ResourceLocalizationService:1331 - Writing credentials to the nmPrivate file /tmp/hadoop-hadoop/nm-local-dir/nmPrivate/container_1571075663482_0001_01_000001.tokens
rm_1        | 2019-10-14 17:54:23 INFO  ContextHandler:781 - Started o.e.j.w.WebAppContext@4defd42{/,file:///tmp/jetty-rm-8088-cluster-_-any-4198792308677217917.dir/webapp/,AVAILABLE}{/cluster}
datanode_1  | 2019-10-14 17:54:32,674 INFO impl.FollowerState: cf11f006-e40b-4c1e-a8f1-e7c9a4807476@group-209174DBD16F-FollowerState: change to CANDIDATE, lastRpcTime:5073ms, electionTimeout:5073ms
datanode_2  | 2019-10-14 17:54:28,900 INFO server.RaftServerConfigKeys: raft.server.retrycache.expirytime = 600000ms (custom)
datanode_3  | 2019-10-14 17:54:28,922 INFO impl.RaftServerImpl: 4978bd1c-85ba-40e7-be3c-8158de6b4974@group-EEB18D1A95BC: start as a follower, conf=-1: [4978bd1c-85ba-40e7-be3c-8158de6b4974:172.18.0.8:9858, cf11f006-e40b-4c1e-a8f1-e7c9a4807476:172.18.0.5:9858, a3bbd4de-b0a7-4d0a-b079-28a276ae9808:172.18.0.2:9858], old=null
nm_1        | 2019-10-14 17:55:22 INFO  DefaultContainerExecutor:836 - Initializing user hadoop
rm_1        | 2019-10-14 17:54:23 INFO  AbstractConnector:278 - Started ServerConnector@53a665ad{HTTP/1.1,[http/1.1]}{rm:8088}
datanode_1  | 2019-10-14 17:54:32,676 INFO impl.RoleInfo: cf11f006-e40b-4c1e-a8f1-e7c9a4807476: shutdown FollowerState
datanode_2  | 2019-10-14 17:54:28,905 INFO impl.RaftServerImpl: a3bbd4de-b0a7-4d0a-b079-28a276ae9808@group-EEB18D1A95BC: start as a follower, conf=-1: [4978bd1c-85ba-40e7-be3c-8158de6b4974:172.18.0.8:9858, cf11f006-e40b-4c1e-a8f1-e7c9a4807476:172.18.0.5:9858, a3bbd4de-b0a7-4d0a-b079-28a276ae9808:172.18.0.2:9858], old=null
datanode_3  | 2019-10-14 17:54:28,923 INFO impl.RaftServerImpl: 4978bd1c-85ba-40e7-be3c-8158de6b4974@group-EEB18D1A95BC: changes role from      null to FOLLOWER at term 0 for startAsFollower
nm_1        | 2019-10-14 17:55:22 INFO  DefaultContainerExecutor:166 - Copying from /tmp/hadoop-hadoop/nm-local-dir/nmPrivate/container_1571075663482_0001_01_000001.tokens to /tmp/hadoop-hadoop/nm-local-dir/usercache/hadoop/appcache/application_1571075663482_0001/container_1571075663482_0001_01_000001.tokens
rm_1        | 2019-10-14 17:54:23 INFO  Server:419 - Started @4581ms
datanode_1  | 2019-10-14 17:54:32,677 INFO impl.RaftServerImpl: cf11f006-e40b-4c1e-a8f1-e7c9a4807476@group-209174DBD16F: changes role from  FOLLOWER to CANDIDATE at term 0 for changeToCandidate
datanode_2  | 2019-10-14 17:54:28,905 INFO impl.RaftServerImpl: a3bbd4de-b0a7-4d0a-b079-28a276ae9808@group-EEB18D1A95BC: changes role from      null to FOLLOWER at term 0 for startAsFollower
datanode_3  | 2019-10-14 17:54:28,923 INFO impl.RoleInfo: 4978bd1c-85ba-40e7-be3c-8158de6b4974: start FollowerState
nm_1        | 2019-10-14 17:55:22 INFO  DefaultContainerExecutor:174 - Localizer CWD set to /tmp/hadoop-hadoop/nm-local-dir/usercache/hadoop/appcache/application_1571075663482_0001 = file:/tmp/hadoop-hadoop/nm-local-dir/usercache/hadoop/appcache/application_1571075663482_0001
rm_1        | 2019-10-14 17:54:23 INFO  WebApps:440 - Web app cluster started at 8088
datanode_1  | 2019-10-14 17:54:32,682 INFO impl.RoleInfo: cf11f006-e40b-4c1e-a8f1-e7c9a4807476: start LeaderElection
datanode_2  | 2019-10-14 17:54:28,905 INFO impl.RoleInfo: a3bbd4de-b0a7-4d0a-b079-28a276ae9808: start FollowerState
nm_1        | 2019-10-14 17:55:22 INFO  ContainerLocalizer:139 - Disk Validator: yarn.nodemanager.disk-validator is loaded.
datanode_3  | 2019-10-14 17:54:28,923 INFO util.JmxRegister: Successfully registered JMX Bean with object name Ratis:service=RaftServer,group=group-EEB18D1A95BC,id=4978bd1c-85ba-40e7-be3c-8158de6b4974
datanode_1  | 2019-10-14 17:54:32,737 INFO impl.LeaderElection: cf11f006-e40b-4c1e-a8f1-e7c9a4807476@group-209174DBD16F-LeaderElection1: begin an election at term 1 for -1: [cf11f006-e40b-4c1e-a8f1-e7c9a4807476:172.18.0.5:9858], old=null
datanode_2  | 2019-10-14 17:54:28,905 INFO util.JmxRegister: Successfully registered JMX Bean with object name Ratis:service=RaftServer,group=group-EEB18D1A95BC,id=a3bbd4de-b0a7-4d0a-b079-28a276ae9808
nm_1        | 2019-10-14 17:55:23 INFO  Configuration:3318 - Removed undeclared tags:
datanode_3  | 2019-10-14 17:54:33,368 INFO impl.FollowerState: 4978bd1c-85ba-40e7-be3c-8158de6b4974@group-6872E283D141-FollowerState: change to CANDIDATE, lastRpcTime:5163ms, electionTimeout:5163ms
rm_1        | 2019-10-14 17:54:23 INFO  CallQueueManager:84 - Using callQueue: class java.util.concurrent.LinkedBlockingQueue queueCapacity: 100 scheduler: class org.apache.hadoop.ipc.DefaultRpcScheduler
datanode_1  | 2019-10-14 17:54:32,739 INFO impl.RoleInfo: cf11f006-e40b-4c1e-a8f1-e7c9a4807476: shutdown LeaderElection
datanode_2  | 2019-10-14 17:54:33,853 INFO impl.FollowerState: a3bbd4de-b0a7-4d0a-b079-28a276ae9808@group-965C04DE3D38-FollowerState: change to CANDIDATE, lastRpcTime:5115ms, electionTimeout:5115ms
nm_1        | 2019-10-14 17:55:23 INFO  Configuration:3318 - Removed undeclared tags:
datanode_3  | 2019-10-14 17:54:33,370 INFO impl.RoleInfo: 4978bd1c-85ba-40e7-be3c-8158de6b4974: shutdown FollowerState
rm_1        | 2019-10-14 17:54:23 INFO  Server:1070 - Starting Socket Reader #1 for port 8033
datanode_1  | 2019-10-14 17:54:32,740 INFO impl.RaftServerImpl: cf11f006-e40b-4c1e-a8f1-e7c9a4807476@group-209174DBD16F: changes role from CANDIDATE to LEADER at term 1 for changeToLeader
datanode_2  | 2019-10-14 17:54:33,855 INFO impl.RoleInfo: a3bbd4de-b0a7-4d0a-b079-28a276ae9808: shutdown FollowerState
nm_1        | 2019-10-14 17:55:23 WARN  MetricsSystemImpl:151 - NodeManager metrics system already initialized!
datanode_3  | 2019-10-14 17:54:33,370 INFO impl.RaftServerImpl: 4978bd1c-85ba-40e7-be3c-8158de6b4974@group-6872E283D141: changes role from  FOLLOWER to CANDIDATE at term 0 for changeToCandidate
datanode_1  | 2019-10-14 17:54:32,741 [cf11f006-e40b-4c1e-a8f1-e7c9a4807476@group-209174DBD16F-LeaderElection1] INFO       - Leader change notification received for group: group-209174DBD16F with new leaderId: cf11f006-e40b-4c1e-a8f1-e7c9a4807476
rm_1        | 2019-10-14 17:54:23 INFO  RpcServerFactoryPBImpl:173 - Adding protocol org.apache.hadoop.yarn.server.api.ResourceManagerAdministrationProtocolPB to the server
datanode_2  | 2019-10-14 17:54:33,856 INFO impl.RaftServerImpl: a3bbd4de-b0a7-4d0a-b079-28a276ae9808@group-965C04DE3D38: changes role from  FOLLOWER to CANDIDATE at term 0 for changeToCandidate
nm_1        | 2019-10-14 17:55:24 INFO  Configuration:3318 - Removed undeclared tags:
datanode_3  | 2019-10-14 17:54:33,375 INFO impl.RoleInfo: 4978bd1c-85ba-40e7-be3c-8158de6b4974: start LeaderElection
datanode_1  | 2019-10-14 17:54:32,749 INFO impl.RaftServerImpl: cf11f006-e40b-4c1e-a8f1-e7c9a4807476@group-209174DBD16F: change Leader from null to cf11f006-e40b-4c1e-a8f1-e7c9a4807476 at term 1 for becomeLeader, leader elected after 5266ms
rm_1        | 2019-10-14 17:54:23 INFO  Server:1310 - IPC Server Responder: starting
nm_1        | 2019-10-14 17:55:24 INFO  Configuration:3318 - Removed undeclared tags:
datanode_3  | 2019-10-14 17:54:33,479 INFO impl.LeaderElection: 4978bd1c-85ba-40e7-be3c-8158de6b4974@group-6872E283D141-LeaderElection1: begin an election at term 1 for -1: [4978bd1c-85ba-40e7-be3c-8158de6b4974:172.18.0.8:9858], old=null
datanode_1  | 2019-10-14 17:54:32,755 INFO server.RaftServerConfigKeys: raft.server.staging.catchup.gap = 1000 (default)
rm_1        | 2019-10-14 17:54:23 INFO  Server:1149 - IPC Server listener on 8033: starting
nm_1        | 2019-10-14 17:55:24 INFO  Configuration:3318 - Removed undeclared tags:
datanode_2  | 2019-10-14 17:54:33,861 INFO impl.RoleInfo: a3bbd4de-b0a7-4d0a-b079-28a276ae9808: start LeaderElection
datanode_3  | 2019-10-14 17:54:33,481 INFO impl.RoleInfo: 4978bd1c-85ba-40e7-be3c-8158de6b4974: shutdown LeaderElection
datanode_1  | 2019-10-14 17:54:32,755 INFO server.RaftServerConfigKeys: raft.server.rpc.sleep.time = 25ms (default)
rm_1        | 2019-10-14 17:54:23 INFO  ResourceManager:1263 - Transitioning to active state
datanode_2  | 2019-10-14 17:54:33,891 INFO impl.LeaderElection: a3bbd4de-b0a7-4d0a-b079-28a276ae9808@group-965C04DE3D38-LeaderElection1: begin an election at term 1 for -1: [a3bbd4de-b0a7-4d0a-b079-28a276ae9808:172.18.0.2:9858], old=null
nm_1        | 2019-10-14 17:55:25 INFO  Configuration:3318 - Removed undeclared tags:
datanode_3  | 2019-10-14 17:54:33,481 INFO impl.RaftServerImpl: 4978bd1c-85ba-40e7-be3c-8158de6b4974@group-6872E283D141: changes role from CANDIDATE to LEADER at term 1 for changeToLeader
datanode_1  | 2019-10-14 17:54:32,760 INFO server.RaftServerConfigKeys: raft.server.write.element-limit = 4096 (default)
datanode_2  | 2019-10-14 17:54:33,893 INFO impl.RoleInfo: a3bbd4de-b0a7-4d0a-b079-28a276ae9808: shutdown LeaderElection
nm_1        | 2019-10-14 17:55:25 INFO  ContainerImpl:2126 - Container container_1571075663482_0001_01_000001 transitioned from LOCALIZING to SCHEDULED
rm_1        | 2019-10-14 17:54:23 INFO  RMStateStore:549 - Updating AMRMToken
datanode_3  | 2019-10-14 17:54:33,481 [4978bd1c-85ba-40e7-be3c-8158de6b4974@group-6872E283D141-LeaderElection1] INFO       - Leader change notification received for group: group-6872E283D141 with new leaderId: 4978bd1c-85ba-40e7-be3c-8158de6b4974
datanode_1  | 2019-10-14 17:54:32,764 INFO server.RaftServerConfigKeys: raft.server.watch.timeout = 10s (default)
datanode_2  | 2019-10-14 17:54:33,894 INFO impl.RaftServerImpl: a3bbd4de-b0a7-4d0a-b079-28a276ae9808@group-965C04DE3D38: changes role from CANDIDATE to LEADER at term 1 for changeToLeader
nm_1        | 2019-10-14 17:55:25 INFO  ContainerScheduler:511 - Starting container [container_1571075663482_0001_01_000001]
rm_1        | 2019-10-14 17:54:23 INFO  RMContainerTokenSecretManager:109 - Rolling master-key for container-tokens
datanode_3  | 2019-10-14 17:54:33,490 INFO impl.RaftServerImpl: 4978bd1c-85ba-40e7-be3c-8158de6b4974@group-6872E283D141: change Leader from null to 4978bd1c-85ba-40e7-be3c-8158de6b4974 at term 1 for becomeLeader, leader elected after 5395ms
datanode_1  | 2019-10-14 17:54:32,764 INFO server.RaftServerConfigKeys: raft.server.watch.timeout.denomination = 1s (default)
datanode_2  | 2019-10-14 17:54:33,894 [a3bbd4de-b0a7-4d0a-b079-28a276ae9808@group-965C04DE3D38-LeaderElection1] INFO       - Leader change notification received for group: group-965C04DE3D38 with new leaderId: a3bbd4de-b0a7-4d0a-b079-28a276ae9808
nm_1        | 2019-10-14 17:55:25 INFO  Configuration:3318 - Removed undeclared tags:
rm_1        | 2019-10-14 17:54:23 INFO  NMTokenSecretManagerInRM:95 - Rolling master-key for nm-tokens
datanode_3  | 2019-10-14 17:54:33,496 INFO server.RaftServerConfigKeys: raft.server.staging.catchup.gap = 1000 (default)
datanode_1  | 2019-10-14 17:54:32,766 INFO server.RaftServerConfigKeys: raft.server.watch.element-limit = 65536 (default)
nm_1        | 2019-10-14 17:55:25 INFO  ContainerImpl:2126 - Container container_1571075663482_0001_01_000001 transitioned from SCHEDULED to RUNNING
rm_1        | 2019-10-14 17:54:23 INFO  AbstractDelegationTokenSecretManager:347 - Updating the current master key for generating delegation tokens
datanode_2  | 2019-10-14 17:54:33,903 INFO impl.RaftServerImpl: a3bbd4de-b0a7-4d0a-b079-28a276ae9808@group-965C04DE3D38: change Leader from null to a3bbd4de-b0a7-4d0a-b079-28a276ae9808 at term 1 for becomeLeader, leader elected after 5259ms
datanode_1  | 2019-10-14 17:54:32,783 INFO impl.RoleInfo: cf11f006-e40b-4c1e-a8f1-e7c9a4807476: start LeaderState
nm_1        | 2019-10-14 17:55:25 INFO  ContainersMonitorImpl:943 - Starting resource-monitoring for container_1571075663482_0001_01_000001
datanode_3  | 2019-10-14 17:54:33,497 INFO server.RaftServerConfigKeys: raft.server.rpc.sleep.time = 25ms (default)
datanode_2  | 2019-10-14 17:54:33,910 INFO server.RaftServerConfigKeys: raft.server.staging.catchup.gap = 1000 (default)
rm_1        | 2019-10-14 17:54:23 INFO  RMDelegationTokenSecretManager:92 - storing master key with keyID 1
datanode_1  | 2019-10-14 17:54:32,806 INFO segmented.SegmentedRaftLogWorker: cf11f006-e40b-4c1e-a8f1-e7c9a4807476@group-209174DBD16F-SegmentedRaftLogWorker: Starting segment from index:0
nm_1        | 2019-10-14 17:55:25 INFO  DefaultContainerExecutor:370 - launchContainer: [bash, /tmp/hadoop-hadoop/nm-local-dir/usercache/hadoop/appcache/application_1571075663482_0001/container_1571075663482_0001_01_000001/default_container_executor.sh]
datanode_3  | 2019-10-14 17:54:33,504 INFO server.RaftServerConfigKeys: raft.server.write.element-limit = 4096 (default)
datanode_2  | 2019-10-14 17:54:33,910 INFO server.RaftServerConfigKeys: raft.server.rpc.sleep.time = 25ms (default)
rm_1        | 2019-10-14 17:54:23 INFO  RMStateStore:500 - Storing RMDTMasterKey.
datanode_1  | 2019-10-14 17:54:32,816 INFO impl.RaftServerImpl: cf11f006-e40b-4c1e-a8f1-e7c9a4807476@group-209174DBD16F: set configuration 0: [cf11f006-e40b-4c1e-a8f1-e7c9a4807476:172.18.0.5:9858], old=null at 0
datanode_3  | 2019-10-14 17:54:33,509 INFO server.RaftServerConfigKeys: raft.server.watch.timeout = 10s (default)
datanode_2  | 2019-10-14 17:54:33,915 INFO server.RaftServerConfigKeys: raft.server.write.element-limit = 4096 (default)
nm_1        | 2019-10-14 17:55:26 INFO  Configuration:3318 - Removed undeclared tags:
rm_1        | 2019-10-14 17:54:23 INFO  AbstractDelegationTokenSecretManager:679 - Starting expired delegation token remover thread, tokenRemoverScanInterval=60 min(s)
datanode_3  | 2019-10-14 17:54:33,509 INFO server.RaftServerConfigKeys: raft.server.watch.timeout.denomination = 1s (default)
datanode_1  | 2019-10-14 17:54:33,458 INFO segmented.SegmentedRaftLogWorker: cf11f006-e40b-4c1e-a8f1-e7c9a4807476@group-209174DBD16F-SegmentedRaftLogWorker: created new log segment /data/metadata/ratis/61ac4a51-bb4a-4c25-ae4d-209174dbd16f/current/log_inprogress_0
nm_1        | 2019-10-14 17:55:28 INFO  ContainersMonitorImpl:567 - container_1571075663482_0001_01_000001's ip = 172.18.0.4, and hostname = nm
datanode_2  | 2019-10-14 17:54:33,919 INFO server.RaftServerConfigKeys: raft.server.watch.timeout = 10s (default)
rm_1        | 2019-10-14 17:54:23 INFO  AbstractDelegationTokenSecretManager:347 - Updating the current master key for generating delegation tokens
datanode_3  | 2019-10-14 17:54:33,510 INFO server.RaftServerConfigKeys: raft.server.watch.element-limit = 65536 (default)
datanode_1  | 2019-10-14 17:54:33,943 INFO impl.FollowerState: cf11f006-e40b-4c1e-a8f1-e7c9a4807476@group-EEB18D1A95BC-FollowerState: change to CANDIDATE, lastRpcTime:5037ms, electionTimeout:5037ms
nm_1        | 2019-10-14 17:55:31 INFO  ContainersMonitorImpl:468 - Skipping monitoring container container_1571075663482_0001_01_000001 since CPU usage is not yet available.
datanode_2  | 2019-10-14 17:54:33,920 INFO server.RaftServerConfigKeys: raft.server.watch.timeout.denomination = 1s (default)
rm_1        | 2019-10-14 17:54:23 INFO  RMDelegationTokenSecretManager:92 - storing master key with keyID 2
datanode_3  | 2019-10-14 17:54:33,528 INFO impl.RoleInfo: 4978bd1c-85ba-40e7-be3c-8158de6b4974: start LeaderState
datanode_1  | 2019-10-14 17:54:33,944 INFO impl.RoleInfo: cf11f006-e40b-4c1e-a8f1-e7c9a4807476: shutdown FollowerState
datanode_2  | 2019-10-14 17:54:33,920 INFO server.RaftServerConfigKeys: raft.server.watch.element-limit = 65536 (default)
nm_1        | 2019-10-14 17:55:36 INFO  Server:1845 - Auth successful for appattempt_1571075663482_0001_000001 (auth:SIMPLE)
rm_1        | 2019-10-14 17:54:23 INFO  RMStateStore:500 - Storing RMDTMasterKey.
datanode_1  | 2019-10-14 17:54:33,944 INFO impl.RaftServerImpl: cf11f006-e40b-4c1e-a8f1-e7c9a4807476@group-EEB18D1A95BC: changes role from  FOLLOWER to CANDIDATE at term 0 for changeToCandidate
datanode_2  | 2019-10-14 17:54:33,938 INFO impl.RoleInfo: a3bbd4de-b0a7-4d0a-b079-28a276ae9808: start LeaderState
rm_1        | 2019-10-14 17:54:23 INFO  AsyncDispatcher:223 - Registering class org.apache.hadoop.yarn.nodelabels.event.NodeLabelsStoreEventType for class org.apache.hadoop.yarn.nodelabels.CommonNodeLabelsManager$ForwardingEventHandler
nm_1        | 2019-10-14 17:55:36 INFO  ContainerManagerImpl:1070 - Start request for container_1571075663482_0001_01_000002 by user hadoop
datanode_3  | 2019-10-14 17:54:33,554 INFO segmented.SegmentedRaftLogWorker: 4978bd1c-85ba-40e7-be3c-8158de6b4974@group-6872E283D141-SegmentedRaftLogWorker: Starting segment from index:0
datanode_1  | 2019-10-14 17:54:33,944 INFO impl.RoleInfo: cf11f006-e40b-4c1e-a8f1-e7c9a4807476: start LeaderElection
datanode_2  | 2019-10-14 17:54:33,962 INFO segmented.SegmentedRaftLogWorker: a3bbd4de-b0a7-4d0a-b079-28a276ae9808@group-965C04DE3D38-SegmentedRaftLogWorker: Starting segment from index:0
nm_1        | 2019-10-14 17:55:36 INFO  NMAuditLogger:94 - USER=hadoop	IP=172.18.0.4	OPERATION=Start Container Request	TARGET=ContainerManageImpl	RESULT=SUCCESS	APPID=application_1571075663482_0001	CONTAINERID=container_1571075663482_0001_01_000002
rm_1        | 2019-10-14 17:54:23 INFO  CallQueueManager:84 - Using callQueue: class java.util.concurrent.LinkedBlockingQueue queueCapacity: 5000 scheduler: class org.apache.hadoop.ipc.DefaultRpcScheduler
datanode_3  | 2019-10-14 17:54:33,565 INFO impl.RaftServerImpl: 4978bd1c-85ba-40e7-be3c-8158de6b4974@group-6872E283D141: set configuration 0: [4978bd1c-85ba-40e7-be3c-8158de6b4974:172.18.0.8:9858], old=null at 0
datanode_1  | 2019-10-14 17:54:33,977 INFO impl.LeaderElection: cf11f006-e40b-4c1e-a8f1-e7c9a4807476@group-EEB18D1A95BC-LeaderElection2: begin an election at term 1 for -1: [4978bd1c-85ba-40e7-be3c-8158de6b4974:172.18.0.8:9858, cf11f006-e40b-4c1e-a8f1-e7c9a4807476:172.18.0.5:9858, a3bbd4de-b0a7-4d0a-b079-28a276ae9808:172.18.0.2:9858], old=null
datanode_2  | 2019-10-14 17:54:33,975 INFO impl.RaftServerImpl: a3bbd4de-b0a7-4d0a-b079-28a276ae9808@group-965C04DE3D38: set configuration 0: [a3bbd4de-b0a7-4d0a-b079-28a276ae9808:172.18.0.2:9858], old=null at 0
nm_1        | 2019-10-14 17:55:36 INFO  ApplicationImpl:463 - Adding container_1571075663482_0001_01_000002 to application application_1571075663482_0001
rm_1        | 2019-10-14 17:54:23 INFO  Server:1070 - Starting Socket Reader #1 for port 8031
datanode_2  | 2019-10-14 17:54:34,028 INFO impl.FollowerState: a3bbd4de-b0a7-4d0a-b079-28a276ae9808@group-EEB18D1A95BC-FollowerState: change to CANDIDATE, lastRpcTime:5122ms, electionTimeout:5122ms
datanode_1  | 2019-10-14 17:54:34,170 INFO impl.LeaderElection: cf11f006-e40b-4c1e-a8f1-e7c9a4807476@group-EEB18D1A95BC-LeaderElection2: Election REJECTED; received 2 response(s) [cf11f006-e40b-4c1e-a8f1-e7c9a4807476<-4978bd1c-85ba-40e7-be3c-8158de6b4974#0:FAIL-t1, cf11f006-e40b-4c1e-a8f1-e7c9a4807476<-a3bbd4de-b0a7-4d0a-b079-28a276ae9808#0:FAIL-t1] and 0 exception(s); cf11f006-e40b-4c1e-a8f1-e7c9a4807476@group-EEB18D1A95BC:t1, leader=null, voted=cf11f006-e40b-4c1e-a8f1-e7c9a4807476, raftlog=cf11f006-e40b-4c1e-a8f1-e7c9a4807476@group-EEB18D1A95BC-SegmentedRaftLog:OPENED:c-1,f-1,i0, conf=-1: [4978bd1c-85ba-40e7-be3c-8158de6b4974:172.18.0.8:9858, cf11f006-e40b-4c1e-a8f1-e7c9a4807476:172.18.0.5:9858, a3bbd4de-b0a7-4d0a-b079-28a276ae9808:172.18.0.2:9858], old=null
datanode_3  | 2019-10-14 17:54:33,666 INFO segmented.SegmentedRaftLogWorker: 4978bd1c-85ba-40e7-be3c-8158de6b4974@group-6872E283D141-SegmentedRaftLogWorker: created new log segment /data/metadata/ratis/c25ab1ae-1494-46c6-8107-6872e283d141/current/log_inprogress_0
nm_1        | 2019-10-14 17:55:36 INFO  ContainerImpl:2126 - Container container_1571075663482_0001_01_000002 transitioned from NEW to LOCALIZING
rm_1        | 2019-10-14 17:54:23 INFO  RpcServerFactoryPBImpl:173 - Adding protocol org.apache.hadoop.yarn.server.api.ResourceTrackerPB to the server
datanode_2  | 2019-10-14 17:54:34,028 INFO impl.RoleInfo: a3bbd4de-b0a7-4d0a-b079-28a276ae9808: shutdown FollowerState
datanode_1  | 2019-10-14 17:54:34,172 INFO impl.RaftServerImpl: cf11f006-e40b-4c1e-a8f1-e7c9a4807476@group-EEB18D1A95BC: changes role from CANDIDATE to FOLLOWER at term 1 for DISCOVERED_A_NEW_TERM
datanode_3  | 2019-10-14 17:54:33,942 INFO impl.FollowerState: 4978bd1c-85ba-40e7-be3c-8158de6b4974@group-EEB18D1A95BC-FollowerState: change to CANDIDATE, lastRpcTime:5019ms, electionTimeout:5019ms
nm_1        | 2019-10-14 17:55:36 INFO  AuxServices:350 - Got event CONTAINER_INIT for appId application_1571075663482_0001
rm_1        | 2019-10-14 17:54:23 INFO  Server:1310 - IPC Server Responder: starting
datanode_2  | 2019-10-14 17:54:34,029 INFO impl.RaftServerImpl: a3bbd4de-b0a7-4d0a-b079-28a276ae9808@group-EEB18D1A95BC: changes role from  FOLLOWER to CANDIDATE at term 0 for changeToCandidate
datanode_1  | 2019-10-14 17:54:34,172 INFO impl.RoleInfo: cf11f006-e40b-4c1e-a8f1-e7c9a4807476: shutdown LeaderElection
datanode_3  | 2019-10-14 17:54:33,943 INFO impl.RoleInfo: 4978bd1c-85ba-40e7-be3c-8158de6b4974: shutdown FollowerState
nm_1        | 2019-10-14 17:55:36 INFO  AuxServices:350 - Got event APPLICATION_INIT for appId application_1571075663482_0001
rm_1        | 2019-10-14 17:54:23 INFO  Server:1149 - IPC Server listener on 8031: starting
datanode_2  | 2019-10-14 17:54:34,029 INFO impl.RoleInfo: a3bbd4de-b0a7-4d0a-b079-28a276ae9808: start LeaderElection
datanode_1  | 2019-10-14 17:54:34,172 INFO impl.RoleInfo: cf11f006-e40b-4c1e-a8f1-e7c9a4807476: start FollowerState
nm_1        | 2019-10-14 17:55:36 INFO  AuxServices:354 - Got APPLICATION_INIT for service mapreduce_shuffle
datanode_3  | 2019-10-14 17:54:33,944 INFO impl.RaftServerImpl: 4978bd1c-85ba-40e7-be3c-8158de6b4974@group-EEB18D1A95BC: changes role from  FOLLOWER to CANDIDATE at term 0 for changeToCandidate
rm_1        | 2019-10-14 17:54:23 INFO  JvmPauseMonitor:188 - Starting JVM pause monitor
datanode_2  | 2019-10-14 17:54:34,055 INFO impl.LeaderElection: a3bbd4de-b0a7-4d0a-b079-28a276ae9808@group-EEB18D1A95BC-LeaderElection2: begin an election at term 1 for -1: [4978bd1c-85ba-40e7-be3c-8158de6b4974:172.18.0.8:9858, cf11f006-e40b-4c1e-a8f1-e7c9a4807476:172.18.0.5:9858, a3bbd4de-b0a7-4d0a-b079-28a276ae9808:172.18.0.2:9858], old=null
datanode_1  | 2019-10-14 17:54:39,177 INFO impl.FollowerState: cf11f006-e40b-4c1e-a8f1-e7c9a4807476@group-EEB18D1A95BC-FollowerState: change to CANDIDATE, lastRpcTime:5004ms, electionTimeout:5004ms
nm_1        | 2019-10-14 17:55:36 INFO  ShuffleHandler:719 - Added token for job_1571075663482_0001
datanode_3  | 2019-10-14 17:54:33,944 INFO impl.RoleInfo: 4978bd1c-85ba-40e7-be3c-8158de6b4974: start LeaderElection
rm_1        | 2019-10-14 17:54:23 INFO  CallQueueManager:84 - Using callQueue: class java.util.concurrent.LinkedBlockingQueue queueCapacity: 5000 scheduler: class org.apache.hadoop.ipc.DefaultRpcScheduler
datanode_2  | 2019-10-14 17:54:34,110 INFO segmented.SegmentedRaftLogWorker: a3bbd4de-b0a7-4d0a-b079-28a276ae9808@group-965C04DE3D38-SegmentedRaftLogWorker: created new log segment /data/metadata/ratis/9a3d3695-f4de-44ca-9715-965c04de3d38/current/log_inprogress_0
nm_1        | 2019-10-14 17:55:36 INFO  ContainerImpl:2126 - Container container_1571075663482_0001_01_000002 transitioned from LOCALIZING to SCHEDULED
datanode_1  | 2019-10-14 17:54:39,177 INFO impl.RoleInfo: cf11f006-e40b-4c1e-a8f1-e7c9a4807476: shutdown FollowerState
datanode_3  | 2019-10-14 17:54:33,977 INFO impl.LeaderElection: 4978bd1c-85ba-40e7-be3c-8158de6b4974@group-EEB18D1A95BC-LeaderElection2: begin an election at term 1 for -1: [4978bd1c-85ba-40e7-be3c-8158de6b4974:172.18.0.8:9858, cf11f006-e40b-4c1e-a8f1-e7c9a4807476:172.18.0.5:9858, a3bbd4de-b0a7-4d0a-b079-28a276ae9808:172.18.0.2:9858], old=null
datanode_2  | 2019-10-14 17:54:34,261 INFO impl.LeaderElection: a3bbd4de-b0a7-4d0a-b079-28a276ae9808@group-EEB18D1A95BC-LeaderElection2: Election REJECTED; received 2 response(s) [a3bbd4de-b0a7-4d0a-b079-28a276ae9808<-4978bd1c-85ba-40e7-be3c-8158de6b4974#0:FAIL-t1, a3bbd4de-b0a7-4d0a-b079-28a276ae9808<-cf11f006-e40b-4c1e-a8f1-e7c9a4807476#0:FAIL-t1] and 0 exception(s); a3bbd4de-b0a7-4d0a-b079-28a276ae9808@group-EEB18D1A95BC:t1, leader=null, voted=a3bbd4de-b0a7-4d0a-b079-28a276ae9808, raftlog=a3bbd4de-b0a7-4d0a-b079-28a276ae9808@group-EEB18D1A95BC-SegmentedRaftLog:OPENED:c-1,f-1,i0, conf=-1: [4978bd1c-85ba-40e7-be3c-8158de6b4974:172.18.0.8:9858, cf11f006-e40b-4c1e-a8f1-e7c9a4807476:172.18.0.5:9858, a3bbd4de-b0a7-4d0a-b079-28a276ae9808:172.18.0.2:9858], old=null
nm_1        | 2019-10-14 17:55:36 INFO  ContainerScheduler:511 - Starting container [container_1571075663482_0001_01_000002]
rm_1        | 2019-10-14 17:54:23 INFO  Server:1070 - Starting Socket Reader #1 for port 8030
datanode_1  | 2019-10-14 17:54:39,178 INFO impl.RaftServerImpl: cf11f006-e40b-4c1e-a8f1-e7c9a4807476@group-EEB18D1A95BC: changes role from  FOLLOWER to CANDIDATE at term 1 for changeToCandidate
datanode_3  | 2019-10-14 17:54:34,175 INFO impl.LeaderElection: 4978bd1c-85ba-40e7-be3c-8158de6b4974@group-EEB18D1A95BC-LeaderElection2: Election REJECTED; received 2 response(s) [4978bd1c-85ba-40e7-be3c-8158de6b4974<-cf11f006-e40b-4c1e-a8f1-e7c9a4807476#0:FAIL-t1, 4978bd1c-85ba-40e7-be3c-8158de6b4974<-a3bbd4de-b0a7-4d0a-b079-28a276ae9808#0:FAIL-t1] and 0 exception(s); 4978bd1c-85ba-40e7-be3c-8158de6b4974@group-EEB18D1A95BC:t1, leader=null, voted=4978bd1c-85ba-40e7-be3c-8158de6b4974, raftlog=4978bd1c-85ba-40e7-be3c-8158de6b4974@group-EEB18D1A95BC-SegmentedRaftLog:OPENED:c-1,f-1,i0, conf=-1: [4978bd1c-85ba-40e7-be3c-8158de6b4974:172.18.0.8:9858, cf11f006-e40b-4c1e-a8f1-e7c9a4807476:172.18.0.5:9858, a3bbd4de-b0a7-4d0a-b079-28a276ae9808:172.18.0.2:9858], old=null
datanode_2  | 2019-10-14 17:54:34,262 INFO impl.RaftServerImpl: a3bbd4de-b0a7-4d0a-b079-28a276ae9808@group-EEB18D1A95BC: changes role from CANDIDATE to FOLLOWER at term 1 for DISCOVERED_A_NEW_TERM
nm_1        | 2019-10-14 17:55:36 INFO  Configuration:3318 - Removed undeclared tags:
rm_1        | 2019-10-14 17:54:23 INFO  RpcServerFactoryPBImpl:173 - Adding protocol org.apache.hadoop.yarn.api.ApplicationMasterProtocolPB to the server
datanode_3  | 2019-10-14 17:54:34,177 INFO impl.RaftServerImpl: 4978bd1c-85ba-40e7-be3c-8158de6b4974@group-EEB18D1A95BC: changes role from CANDIDATE to FOLLOWER at term 1 for DISCOVERED_A_NEW_TERM
datanode_1  | 2019-10-14 17:54:39,178 INFO impl.RoleInfo: cf11f006-e40b-4c1e-a8f1-e7c9a4807476: start LeaderElection
datanode_2  | 2019-10-14 17:54:34,262 INFO impl.RoleInfo: a3bbd4de-b0a7-4d0a-b079-28a276ae9808: shutdown LeaderElection
rm_1        | 2019-10-14 17:54:23 INFO  Server:1310 - IPC Server Responder: starting
nm_1        | 2019-10-14 17:55:36 INFO  ContainerImpl:2126 - Container container_1571075663482_0001_01_000002 transitioned from SCHEDULED to RUNNING
datanode_3  | 2019-10-14 17:54:34,177 INFO impl.RoleInfo: 4978bd1c-85ba-40e7-be3c-8158de6b4974: shutdown LeaderElection
datanode_2  | 2019-10-14 17:54:34,262 INFO impl.RoleInfo: a3bbd4de-b0a7-4d0a-b079-28a276ae9808: start FollowerState
rm_1        | 2019-10-14 17:54:23 INFO  Server:1149 - IPC Server listener on 8030: starting
datanode_1  | 2019-10-14 17:54:40,064 INFO impl.LeaderElection: cf11f006-e40b-4c1e-a8f1-e7c9a4807476@group-EEB18D1A95BC-LeaderElection3: begin an election at term 2 for -1: [4978bd1c-85ba-40e7-be3c-8158de6b4974:172.18.0.8:9858, cf11f006-e40b-4c1e-a8f1-e7c9a4807476:172.18.0.5:9858, a3bbd4de-b0a7-4d0a-b079-28a276ae9808:172.18.0.2:9858], old=null
nm_1        | 2019-10-14 17:55:36 INFO  ContainersMonitorImpl:943 - Starting resource-monitoring for container_1571075663482_0001_01_000002
datanode_3  | 2019-10-14 17:54:34,177 INFO impl.RoleInfo: 4978bd1c-85ba-40e7-be3c-8158de6b4974: start FollowerState
rm_1        | 2019-10-14 17:54:23 INFO  CallQueueManager:84 - Using callQueue: class java.util.concurrent.LinkedBlockingQueue queueCapacity: 5000 scheduler: class org.apache.hadoop.ipc.DefaultRpcScheduler
datanode_2  | 2019-10-14 17:54:39,340 INFO impl.FollowerState: a3bbd4de-b0a7-4d0a-b079-28a276ae9808@group-EEB18D1A95BC-FollowerState: change to CANDIDATE, lastRpcTime:5077ms, electionTimeout:5077ms
rm_1        | 2019-10-14 17:54:23 INFO  Server:1070 - Starting Socket Reader #1 for port 8032
datanode_3  | 2019-10-14 17:54:39,185 INFO impl.FollowerState: 4978bd1c-85ba-40e7-be3c-8158de6b4974@group-EEB18D1A95BC-FollowerState: change to CANDIDATE, lastRpcTime:5007ms, electionTimeout:5007ms
nm_1        | 2019-10-14 17:55:36 INFO  DefaultContainerExecutor:370 - launchContainer: [bash, /tmp/hadoop-hadoop/nm-local-dir/usercache/hadoop/appcache/application_1571075663482_0001/container_1571075663482_0001_01_000002/default_container_executor.sh]
datanode_1  | 2019-10-14 17:54:40,092 INFO impl.LeaderElection: cf11f006-e40b-4c1e-a8f1-e7c9a4807476@group-EEB18D1A95BC-LeaderElection3: Election REJECTED; received 2 response(s) [cf11f006-e40b-4c1e-a8f1-e7c9a4807476<-4978bd1c-85ba-40e7-be3c-8158de6b4974#0:FAIL-t2, cf11f006-e40b-4c1e-a8f1-e7c9a4807476<-a3bbd4de-b0a7-4d0a-b079-28a276ae9808#0:FAIL-t2] and 0 exception(s); cf11f006-e40b-4c1e-a8f1-e7c9a4807476@group-EEB18D1A95BC:t2, leader=null, voted=cf11f006-e40b-4c1e-a8f1-e7c9a4807476, raftlog=cf11f006-e40b-4c1e-a8f1-e7c9a4807476@group-EEB18D1A95BC-SegmentedRaftLog:OPENED:c-1,f-1,i0, conf=-1: [4978bd1c-85ba-40e7-be3c-8158de6b4974:172.18.0.8:9858, cf11f006-e40b-4c1e-a8f1-e7c9a4807476:172.18.0.5:9858, a3bbd4de-b0a7-4d0a-b079-28a276ae9808:172.18.0.2:9858], old=null
datanode_2  | 2019-10-14 17:54:39,341 INFO impl.RoleInfo: a3bbd4de-b0a7-4d0a-b079-28a276ae9808: shutdown FollowerState
rm_1        | 2019-10-14 17:54:23 INFO  RpcServerFactoryPBImpl:173 - Adding protocol org.apache.hadoop.yarn.api.ApplicationClientProtocolPB to the server
datanode_3  | 2019-10-14 17:54:39,185 INFO impl.RoleInfo: 4978bd1c-85ba-40e7-be3c-8158de6b4974: shutdown FollowerState
nm_1        | 2019-10-14 17:55:37 INFO  ContainersMonitorImpl:567 - container_1571075663482_0001_01_000002's ip = 172.18.0.4, and hostname = nm
datanode_1  | 2019-10-14 17:54:40,093 INFO impl.RaftServerImpl: cf11f006-e40b-4c1e-a8f1-e7c9a4807476@group-EEB18D1A95BC: changes role from CANDIDATE to FOLLOWER at term 2 for DISCOVERED_A_NEW_TERM
