datanode_2  | 2019-10-15 22:37:22,028 INFO segmented.SegmentedRaftLogWorker: 160e5f9b-d944-4bce-a17f-fd5668f3beea@group-36BC3CF41328-SegmentedRaftLogWorker: flushIndex: setUnconditionally 0 -> -1
datanode_3  | 2019-10-15 22:37:22,028 INFO server.RaftServerConfigKeys: raft.server.log.statemachine.data.sync.timeout = 10s (default)
datanode_1  | 2019-10-15 22:37:26,070 INFO impl.LeaderElection: fb86a42a-d56b-454f-8032-4de2df293a1a@group-48E369C0861B-LeaderElection1: begin an election at term 1 for -1: [fb86a42a-d56b-454f-8032-4de2df293a1a:172.18.0.7:9858], old=null
nm_1        | 2019-10-15 22:37:17 INFO  NodeStatusUpdaterImpl:466 - Registered with ResourceManager as nm:42667 with total resource of <memory:8192, vCores:8>
rm_1        | INFO: Initiating Jersey application, version 'Jersey: 1.19 02/11/2015 03:25 AM'
datanode_2  | 2019-10-15 22:37:22,029 INFO server.RaftServerConfigKeys: raft.server.snapshot.auto.trigger.enabled = true (custom)
datanode_3  | 2019-10-15 22:37:22,028 INFO server.RaftServerConfigKeys: raft.server.log.statemachine.data.sync.timeout.retry = -1 (default)
datanode_1  | 2019-10-15 22:37:26,073 INFO impl.RoleInfo: fb86a42a-d56b-454f-8032-4de2df293a1a: shutdown LeaderElection
nm_1        | 2019-10-15 22:38:20 INFO  Server:1845 - Auth successful for appattempt_1571179036788_0001_000001 (auth:SIMPLE)
rm_1        | Oct 15, 2019 10:37:15 PM com.sun.jersey.guice.spi.container.GuiceComponentProviderFactory getComponentProvider
datanode_2  | 2019-10-15 22:37:22,029 INFO server.RaftServerConfigKeys: raft.server.snapshot.auto.trigger.threshold = 10000 (custom)
datanode_3  | 2019-10-15 22:37:22,028 INFO server.RaftServerConfigKeys: raft.server.log.statemachine.data.caching.enabled = true (custom)
datanode_1  | 2019-10-15 22:37:26,074 INFO impl.RaftServerImpl: fb86a42a-d56b-454f-8032-4de2df293a1a@group-48E369C0861B: changes role from CANDIDATE to LEADER at term 1 for changeToLeader
nm_1        | 2019-10-15 22:38:20 INFO  ContainerManagerImpl:1070 - Start request for container_1571179036788_0001_01_000001 by user hadoop
rm_1        | INFO: Binding org.apache.hadoop.yarn.server.resourcemanager.webapp.JAXBContextResolver to GuiceManagedComponentProvider with the scope "Singleton"
datanode_2  | 2019-10-15 22:37:22,029 INFO server.RaftServerConfigKeys: raft.server.snapshot.retention.file.num = 5 (custom)
datanode_3  | 2019-10-15 22:37:22,029 INFO segmented.SegmentedRaftLogWorker: 9701a8f7-f27f-4706-82a0-99f7f1697d97@group-36BC3CF41328-SegmentedRaftLogWorker: flushIndex: setUnconditionally 0 -> -1
datanode_1  | 2019-10-15 22:37:26,074 INFO impl.RaftServerImpl: fb86a42a-d56b-454f-8032-4de2df293a1a@group-48E369C0861B: change Leader from null to fb86a42a-d56b-454f-8032-4de2df293a1a at term 1 for becomeLeader, leader elected after 5343ms
nm_1        | 2019-10-15 22:38:20 INFO  ContainerManagerImpl:1122 - Creating a new application reference for app application_1571179036788_0001
rm_1        | Oct 15, 2019 10:37:15 PM com.sun.jersey.guice.spi.container.GuiceComponentProviderFactory getComponentProvider
datanode_2  | 2019-10-15 22:37:22,029 INFO server.RaftServerConfigKeys: raft.server.retrycache.expirytime = 600000ms (custom)
datanode_3  | 2019-10-15 22:37:22,029 INFO server.RaftServerConfigKeys: raft.server.snapshot.auto.trigger.enabled = true (custom)
datanode_1  | 2019-10-15 22:37:26,080 INFO server.RaftServerConfigKeys: raft.server.staging.catchup.gap = 1000 (default)
nm_1        | 2019-10-15 22:38:20 INFO  ApplicationImpl:655 - Application application_1571179036788_0001 transitioned from NEW to INITING
rm_1        | INFO: Binding org.apache.hadoop.yarn.webapp.GenericExceptionHandler to GuiceManagedComponentProvider with the scope "Singleton"
datanode_2  | 2019-10-15 22:37:22,034 INFO impl.RaftServerImpl: 160e5f9b-d944-4bce-a17f-fd5668f3beea@group-36BC3CF41328: start as a follower, conf=-1: [fb86a42a-d56b-454f-8032-4de2df293a1a:172.18.0.7:9858, 160e5f9b-d944-4bce-a17f-fd5668f3beea:172.18.0.8:9858, 9701a8f7-f27f-4706-82a0-99f7f1697d97:172.18.0.9:9858], old=null
datanode_3  | 2019-10-15 22:37:22,029 INFO server.RaftServerConfigKeys: raft.server.snapshot.auto.trigger.threshold = 10000 (custom)
datanode_1  | 2019-10-15 22:37:26,080 INFO server.RaftServerConfigKeys: raft.server.rpc.sleep.time = 25ms (default)
nm_1        | 2019-10-15 22:38:20 INFO  NMAuditLogger:94 - USER=hadoop	IP=172.18.0.6	OPERATION=Start Container Request	TARGET=ContainerManageImpl	RESULT=SUCCESS	APPID=application_1571179036788_0001	CONTAINERID=container_1571179036788_0001_01_000001
rm_1        | Oct 15, 2019 10:37:16 PM com.sun.jersey.guice.spi.container.GuiceComponentProviderFactory getComponentProvider
datanode_2  | 2019-10-15 22:37:22,034 INFO impl.RaftServerImpl: 160e5f9b-d944-4bce-a17f-fd5668f3beea@group-36BC3CF41328: changes role from      null to FOLLOWER at term 0 for startAsFollower
datanode_3  | 2019-10-15 22:37:22,029 INFO server.RaftServerConfigKeys: raft.server.snapshot.retention.file.num = 5 (custom)
datanode_1  | 2019-10-15 22:37:26,085 INFO server.RaftServerConfigKeys: raft.server.write.element-limit = 4096 (default)
nm_1        | 2019-10-15 22:38:20 INFO  ApplicationImpl:463 - Adding container_1571179036788_0001_01_000001 to application application_1571179036788_0001
rm_1        | INFO: Binding org.apache.hadoop.yarn.server.resourcemanager.webapp.RMWebServices to GuiceManagedComponentProvider with the scope "Singleton"
datanode_2  | 2019-10-15 22:37:22,034 INFO impl.RoleInfo: 160e5f9b-d944-4bce-a17f-fd5668f3beea: start FollowerState
datanode_3  | 2019-10-15 22:37:22,029 INFO server.RaftServerConfigKeys: raft.server.retrycache.expirytime = 600000ms (custom)
datanode_1  | 2019-10-15 22:37:26,090 INFO server.RaftServerConfigKeys: raft.server.watch.timeout = 10s (default)
nm_1        | 2019-10-15 22:38:20 INFO  ApplicationImpl:655 - Application application_1571179036788_0001 transitioned from INITING to RUNNING
rm_1        | 2019-10-15 22:37:16 INFO  ContextHandler:781 - Started o.e.j.w.WebAppContext@4defd42{/,file:///tmp/jetty-rm-8088-cluster-_-any-1554525107131644445.dir/webapp/,AVAILABLE}{/cluster}
datanode_2  | 2019-10-15 22:37:22,035 INFO util.JmxRegister: Successfully registered JMX Bean with object name Ratis:service=RaftServer,group=group-36BC3CF41328,id=160e5f9b-d944-4bce-a17f-fd5668f3beea
datanode_3  | 2019-10-15 22:37:22,034 INFO impl.RaftServerImpl: 9701a8f7-f27f-4706-82a0-99f7f1697d97@group-36BC3CF41328: start as a follower, conf=-1: [fb86a42a-d56b-454f-8032-4de2df293a1a:172.18.0.7:9858, 160e5f9b-d944-4bce-a17f-fd5668f3beea:172.18.0.8:9858, 9701a8f7-f27f-4706-82a0-99f7f1697d97:172.18.0.9:9858], old=null
datanode_1  | 2019-10-15 22:37:26,090 INFO server.RaftServerConfigKeys: raft.server.watch.timeout.denomination = 1s (default)
nm_1        | 2019-10-15 22:38:20 INFO  ContainerImpl:2126 - Container container_1571179036788_0001_01_000001 transitioned from NEW to LOCALIZING
rm_1        | 2019-10-15 22:37:16 INFO  AbstractConnector:278 - Started ServerConnector@53a665ad{HTTP/1.1,[http/1.1]}{rm:8088}
datanode_2  | 2019-10-15 22:37:26,884 INFO impl.FollowerState: 160e5f9b-d944-4bce-a17f-fd5668f3beea@group-EB5BEC73A2DC-FollowerState: change to CANDIDATE, lastRpcTime:5019ms, electionTimeout:5019ms
datanode_3  | 2019-10-15 22:37:22,034 INFO impl.RaftServerImpl: 9701a8f7-f27f-4706-82a0-99f7f1697d97@group-36BC3CF41328: changes role from      null to FOLLOWER at term 0 for startAsFollower
datanode_1  | 2019-10-15 22:37:26,091 INFO server.RaftServerConfigKeys: raft.server.watch.element-limit = 65536 (default)
nm_1        | 2019-10-15 22:38:20 INFO  AuxServices:350 - Got event CONTAINER_INIT for appId application_1571179036788_0001
rm_1        | 2019-10-15 22:37:16 INFO  Server:419 - Started @5889ms
datanode_2  | 2019-10-15 22:37:26,885 INFO impl.RoleInfo: 160e5f9b-d944-4bce-a17f-fd5668f3beea: shutdown FollowerState
datanode_3  | 2019-10-15 22:37:22,034 INFO impl.RoleInfo: 9701a8f7-f27f-4706-82a0-99f7f1697d97: start FollowerState
datanode_1  | 2019-10-15 22:37:26,108 INFO impl.RoleInfo: fb86a42a-d56b-454f-8032-4de2df293a1a: start LeaderState
rm_1        | 2019-10-15 22:37:16 INFO  WebApps:440 - Web app cluster started at 8088
nm_1        | 2019-10-15 22:38:20 INFO  ResourceLocalizationService:801 - Created localizer for container_1571179036788_0001_01_000001
datanode_2  | 2019-10-15 22:37:26,886 INFO impl.RaftServerImpl: 160e5f9b-d944-4bce-a17f-fd5668f3beea@group-EB5BEC73A2DC: changes role from  FOLLOWER to CANDIDATE at term 0 for changeToCandidate
datanode_3  | 2019-10-15 22:37:22,034 INFO util.JmxRegister: Successfully registered JMX Bean with object name Ratis:service=RaftServer,group=group-36BC3CF41328,id=9701a8f7-f27f-4706-82a0-99f7f1697d97
datanode_1  | 2019-10-15 22:37:26,143 INFO segmented.SegmentedRaftLogWorker: fb86a42a-d56b-454f-8032-4de2df293a1a@group-48E369C0861B-SegmentedRaftLogWorker: Starting segment from index:0
rm_1        | 2019-10-15 22:37:16 INFO  CallQueueManager:84 - Using callQueue: class java.util.concurrent.LinkedBlockingQueue queueCapacity: 100 scheduler: class org.apache.hadoop.ipc.DefaultRpcScheduler
datanode_2  | 2019-10-15 22:37:26,889 INFO impl.RoleInfo: 160e5f9b-d944-4bce-a17f-fd5668f3beea: start LeaderElection
nm_1        | 2019-10-15 22:38:20 INFO  ResourceLocalizationService:1331 - Writing credentials to the nmPrivate file /tmp/hadoop-hadoop/nm-local-dir/nmPrivate/container_1571179036788_0001_01_000001.tokens
datanode_3  | 2019-10-15 22:37:26,509 INFO impl.FollowerState: 9701a8f7-f27f-4706-82a0-99f7f1697d97@group-08B133066F53-FollowerState: change to CANDIDATE, lastRpcTime:5153ms, electionTimeout:5152ms
datanode_1  | 2019-10-15 22:37:26,155 INFO impl.RaftServerImpl: fb86a42a-d56b-454f-8032-4de2df293a1a@group-48E369C0861B: set configuration 0: [fb86a42a-d56b-454f-8032-4de2df293a1a:172.18.0.7:9858], old=null at 0
rm_1        | 2019-10-15 22:37:16 INFO  Server:1070 - Starting Socket Reader #1 for port 8033
datanode_2  | 2019-10-15 22:37:26,920 INFO impl.LeaderElection: 160e5f9b-d944-4bce-a17f-fd5668f3beea@group-EB5BEC73A2DC-LeaderElection1: begin an election at term 1 for -1: [160e5f9b-d944-4bce-a17f-fd5668f3beea:172.18.0.8:9858], old=null
nm_1        | 2019-10-15 22:38:20 INFO  DefaultContainerExecutor:836 - Initializing user hadoop
datanode_3  | 2019-10-15 22:37:26,511 INFO impl.RoleInfo: 9701a8f7-f27f-4706-82a0-99f7f1697d97: shutdown FollowerState
datanode_1  | 2019-10-15 22:37:26,295 INFO segmented.SegmentedRaftLogWorker: fb86a42a-d56b-454f-8032-4de2df293a1a@group-48E369C0861B-SegmentedRaftLogWorker: created new log segment /data/metadata/ratis/5a5b4930-88a4-4522-956d-48e369c0861b/current/log_inprogress_0
rm_1        | 2019-10-15 22:37:16 INFO  RpcServerFactoryPBImpl:173 - Adding protocol org.apache.hadoop.yarn.server.api.ResourceManagerAdministrationProtocolPB to the server
datanode_2  | 2019-10-15 22:37:26,922 INFO impl.RoleInfo: 160e5f9b-d944-4bce-a17f-fd5668f3beea: shutdown LeaderElection
nm_1        | 2019-10-15 22:38:20 INFO  DefaultContainerExecutor:166 - Copying from /tmp/hadoop-hadoop/nm-local-dir/nmPrivate/container_1571179036788_0001_01_000001.tokens to /tmp/hadoop-hadoop/nm-local-dir/usercache/hadoop/appcache/application_1571179036788_0001/container_1571179036788_0001_01_000001.tokens
datanode_3  | 2019-10-15 22:37:26,512 INFO impl.RaftServerImpl: 9701a8f7-f27f-4706-82a0-99f7f1697d97@group-08B133066F53: changes role from  FOLLOWER to CANDIDATE at term 0 for changeToCandidate
datanode_1  | 2019-10-15 22:37:27,093 INFO impl.FollowerState: fb86a42a-d56b-454f-8032-4de2df293a1a@group-36BC3CF41328-FollowerState: change to CANDIDATE, lastRpcTime:5070ms, electionTimeout:5070ms
rm_1        | 2019-10-15 22:37:16 INFO  Server:1310 - IPC Server Responder: starting
datanode_2  | 2019-10-15 22:37:26,923 INFO impl.RaftServerImpl: 160e5f9b-d944-4bce-a17f-fd5668f3beea@group-EB5BEC73A2DC: changes role from CANDIDATE to LEADER at term 1 for changeToLeader
nm_1        | 2019-10-15 22:38:20 INFO  DefaultContainerExecutor:174 - Localizer CWD set to /tmp/hadoop-hadoop/nm-local-dir/usercache/hadoop/appcache/application_1571179036788_0001 = file:/tmp/hadoop-hadoop/nm-local-dir/usercache/hadoop/appcache/application_1571179036788_0001
datanode_3  | 2019-10-15 22:37:26,516 INFO impl.RoleInfo: 9701a8f7-f27f-4706-82a0-99f7f1697d97: start LeaderElection
datanode_1  | 2019-10-15 22:37:27,094 INFO impl.RoleInfo: fb86a42a-d56b-454f-8032-4de2df293a1a: shutdown FollowerState
rm_1        | 2019-10-15 22:37:16 INFO  Server:1149 - IPC Server listener on 8033: starting
datanode_2  | 2019-10-15 22:37:26,924 INFO impl.RaftServerImpl: 160e5f9b-d944-4bce-a17f-fd5668f3beea@group-EB5BEC73A2DC: change Leader from null to 160e5f9b-d944-4bce-a17f-fd5668f3beea at term 1 for becomeLeader, leader elected after 5158ms
nm_1        | 2019-10-15 22:38:20 INFO  ContainerLocalizer:139 - Disk Validator: yarn.nodemanager.disk-validator is loaded.
nm_1        | 2019-10-15 22:38:20 INFO  Configuration:3318 - Removed undeclared tags:
nm_1        | 2019-10-15 22:38:20 INFO  Configuration:3318 - Removed undeclared tags:
nm_1        | 2019-10-15 22:38:20 INFO  Configuration:3318 - Removed undeclared tags:
datanode_2  | 2019-10-15 22:37:26,928 INFO server.RaftServerConfigKeys: raft.server.staging.catchup.gap = 1000 (default)
nm_1        | 2019-10-15 22:38:21 WARN  MetricsSystemImpl:151 - NodeManager metrics system already initialized!
nm_1        | 2019-10-15 22:38:21 INFO  Configuration:3318 - Removed undeclared tags:
datanode_3  | 2019-10-15 22:37:26,537 INFO impl.LeaderElection: 9701a8f7-f27f-4706-82a0-99f7f1697d97@group-08B133066F53-LeaderElection1: begin an election at term 1 for -1: [9701a8f7-f27f-4706-82a0-99f7f1697d97:172.18.0.9:9858], old=null
rm_1        | 2019-10-15 22:37:16 INFO  ResourceManager:1263 - Transitioning to active state
datanode_2  | 2019-10-15 22:37:26,928 INFO server.RaftServerConfigKeys: raft.server.rpc.sleep.time = 25ms (default)
nm_1        | 2019-10-15 22:38:21 INFO  Configuration:3318 - Removed undeclared tags:
datanode_1  | 2019-10-15 22:37:27,094 INFO impl.RaftServerImpl: fb86a42a-d56b-454f-8032-4de2df293a1a@group-36BC3CF41328: changes role from  FOLLOWER to CANDIDATE at term 0 for changeToCandidate
datanode_3  | 2019-10-15 22:37:26,539 INFO impl.RoleInfo: 9701a8f7-f27f-4706-82a0-99f7f1697d97: shutdown LeaderElection
rm_1        | 2019-10-15 22:37:16 INFO  RMStateStore:549 - Updating AMRMToken
nm_1        | 2019-10-15 22:38:22 INFO  Configuration:3318 - Removed undeclared tags:
datanode_1  | 2019-10-15 22:37:27,094 INFO impl.RoleInfo: fb86a42a-d56b-454f-8032-4de2df293a1a: start LeaderElection
datanode_3  | 2019-10-15 22:37:26,539 INFO impl.RaftServerImpl: 9701a8f7-f27f-4706-82a0-99f7f1697d97@group-08B133066F53: changes role from CANDIDATE to LEADER at term 1 for changeToLeader
datanode_2  | 2019-10-15 22:37:26,931 INFO server.RaftServerConfigKeys: raft.server.write.element-limit = 4096 (default)
rm_1        | 2019-10-15 22:37:16 INFO  RMContainerTokenSecretManager:109 - Rolling master-key for container-tokens
nm_1        | 2019-10-15 22:38:23 INFO  ContainerImpl:2126 - Container container_1571179036788_0001_01_000001 transitioned from LOCALIZING to SCHEDULED
datanode_3  | 2019-10-15 22:37:26,540 INFO impl.RaftServerImpl: 9701a8f7-f27f-4706-82a0-99f7f1697d97@group-08B133066F53: change Leader from null to 9701a8f7-f27f-4706-82a0-99f7f1697d97 at term 1 for becomeLeader, leader elected after 5285ms
datanode_1  | 2019-10-15 22:37:27,138 INFO impl.LeaderElection: fb86a42a-d56b-454f-8032-4de2df293a1a@group-36BC3CF41328-LeaderElection2: begin an election at term 1 for -1: [fb86a42a-d56b-454f-8032-4de2df293a1a:172.18.0.7:9858, 160e5f9b-d944-4bce-a17f-fd5668f3beea:172.18.0.8:9858, 9701a8f7-f27f-4706-82a0-99f7f1697d97:172.18.0.9:9858], old=null
datanode_2  | 2019-10-15 22:37:26,936 INFO server.RaftServerConfigKeys: raft.server.watch.timeout = 10s (default)
rm_1        | 2019-10-15 22:37:16 INFO  NMTokenSecretManagerInRM:95 - Rolling master-key for nm-tokens
nm_1        | 2019-10-15 22:38:23 INFO  ContainerScheduler:511 - Starting container [container_1571179036788_0001_01_000001]
datanode_3  | 2019-10-15 22:37:26,544 INFO server.RaftServerConfigKeys: raft.server.staging.catchup.gap = 1000 (default)
datanode_1  | 2019-10-15 22:37:27,357 INFO impl.LeaderElection: fb86a42a-d56b-454f-8032-4de2df293a1a@group-36BC3CF41328-LeaderElection2: Election REJECTED; received 2 response(s) [fb86a42a-d56b-454f-8032-4de2df293a1a<-160e5f9b-d944-4bce-a17f-fd5668f3beea#0:FAIL-t1, fb86a42a-d56b-454f-8032-4de2df293a1a<-9701a8f7-f27f-4706-82a0-99f7f1697d97#0:FAIL-t1] and 0 exception(s); fb86a42a-d56b-454f-8032-4de2df293a1a@group-36BC3CF41328:t1, leader=null, voted=fb86a42a-d56b-454f-8032-4de2df293a1a, raftlog=fb86a42a-d56b-454f-8032-4de2df293a1a@group-36BC3CF41328-SegmentedRaftLog:OPENED:c-1,f-1,i0, conf=-1: [fb86a42a-d56b-454f-8032-4de2df293a1a:172.18.0.7:9858, 160e5f9b-d944-4bce-a17f-fd5668f3beea:172.18.0.8:9858, 9701a8f7-f27f-4706-82a0-99f7f1697d97:172.18.0.9:9858], old=null
datanode_2  | 2019-10-15 22:37:26,936 INFO server.RaftServerConfigKeys: raft.server.watch.timeout.denomination = 1s (default)
nm_1        | 2019-10-15 22:38:23 INFO  Configuration:3318 - Removed undeclared tags:
datanode_3  | 2019-10-15 22:37:26,544 INFO server.RaftServerConfigKeys: raft.server.rpc.sleep.time = 25ms (default)
rm_1        | 2019-10-15 22:37:16 INFO  AbstractDelegationTokenSecretManager:347 - Updating the current master key for generating delegation tokens
datanode_1  | 2019-10-15 22:37:27,358 INFO impl.RaftServerImpl: fb86a42a-d56b-454f-8032-4de2df293a1a@group-36BC3CF41328: changes role from CANDIDATE to FOLLOWER at term 1 for DISCOVERED_A_NEW_TERM
datanode_2  | 2019-10-15 22:37:26,937 INFO server.RaftServerConfigKeys: raft.server.watch.element-limit = 65536 (default)
nm_1        | 2019-10-15 22:38:23 INFO  ContainerImpl:2126 - Container container_1571179036788_0001_01_000001 transitioned from SCHEDULED to RUNNING
datanode_3  | 2019-10-15 22:37:26,548 INFO server.RaftServerConfigKeys: raft.server.write.element-limit = 4096 (default)
datanode_1  | 2019-10-15 22:37:27,358 INFO impl.RoleInfo: fb86a42a-d56b-454f-8032-4de2df293a1a: shutdown LeaderElection
datanode_2  | 2019-10-15 22:37:26,952 INFO impl.RoleInfo: 160e5f9b-d944-4bce-a17f-fd5668f3beea: start LeaderState
datanode_3  | 2019-10-15 22:37:26,552 INFO server.RaftServerConfigKeys: raft.server.watch.timeout = 10s (default)
nm_1        | 2019-10-15 22:38:23 INFO  ContainersMonitorImpl:943 - Starting resource-monitoring for container_1571179036788_0001_01_000001
rm_1        | 2019-10-15 22:37:16 INFO  RMDelegationTokenSecretManager:92 - storing master key with keyID 1
datanode_1  | 2019-10-15 22:37:27,358 INFO impl.RoleInfo: fb86a42a-d56b-454f-8032-4de2df293a1a: start FollowerState
datanode_2  | 2019-10-15 22:37:26,977 INFO segmented.SegmentedRaftLogWorker: 160e5f9b-d944-4bce-a17f-fd5668f3beea@group-EB5BEC73A2DC-SegmentedRaftLogWorker: Starting segment from index:0
datanode_3  | 2019-10-15 22:37:26,552 INFO server.RaftServerConfigKeys: raft.server.watch.timeout.denomination = 1s (default)
nm_1        | 2019-10-15 22:38:23 INFO  DefaultContainerExecutor:370 - launchContainer: [bash, /tmp/hadoop-hadoop/nm-local-dir/usercache/hadoop/appcache/application_1571179036788_0001/container_1571179036788_0001_01_000001/default_container_executor.sh]
rm_1        | 2019-10-15 22:37:16 INFO  RMStateStore:500 - Storing RMDTMasterKey.
datanode_1  | 2019-10-15 22:37:32,430 INFO impl.FollowerState: fb86a42a-d56b-454f-8032-4de2df293a1a@group-36BC3CF41328-FollowerState: change to CANDIDATE, lastRpcTime:5071ms, electionTimeout:5071ms
datanode_2  | 2019-10-15 22:37:26,986 INFO impl.RaftServerImpl: 160e5f9b-d944-4bce-a17f-fd5668f3beea@group-EB5BEC73A2DC: set configuration 0: [160e5f9b-d944-4bce-a17f-fd5668f3beea:172.18.0.8:9858], old=null at 0
datanode_3  | 2019-10-15 22:37:26,552 INFO server.RaftServerConfigKeys: raft.server.watch.element-limit = 65536 (default)
nm_1        | 2019-10-15 22:38:24 INFO  Configuration:3318 - Removed undeclared tags:
rm_1        | 2019-10-15 22:37:16 INFO  AbstractDelegationTokenSecretManager:679 - Starting expired delegation token remover thread, tokenRemoverScanInterval=60 min(s)
datanode_1  | 2019-10-15 22:37:32,431 INFO impl.RoleInfo: fb86a42a-d56b-454f-8032-4de2df293a1a: shutdown FollowerState
datanode_2  | 2019-10-15 22:37:27,096 INFO segmented.SegmentedRaftLogWorker: 160e5f9b-d944-4bce-a17f-fd5668f3beea@group-EB5BEC73A2DC-SegmentedRaftLogWorker: created new log segment /data/metadata/ratis/1630babb-71bb-4c2f-beb1-eb5bec73a2dc/current/log_inprogress_0
datanode_3  | 2019-10-15 22:37:26,567 INFO impl.RoleInfo: 9701a8f7-f27f-4706-82a0-99f7f1697d97: start LeaderState
nm_1        | 2019-10-15 22:38:25 INFO  ContainersMonitorImpl:567 - container_1571179036788_0001_01_000001's ip = 172.18.0.3, and hostname = nm
rm_1        | 2019-10-15 22:37:16 INFO  AbstractDelegationTokenSecretManager:347 - Updating the current master key for generating delegation tokens
datanode_1  | 2019-10-15 22:37:32,431 INFO impl.RaftServerImpl: fb86a42a-d56b-454f-8032-4de2df293a1a@group-36BC3CF41328: changes role from  FOLLOWER to CANDIDATE at term 1 for changeToCandidate
datanode_2  | 2019-10-15 22:37:27,186 INFO impl.FollowerState: 160e5f9b-d944-4bce-a17f-fd5668f3beea@group-36BC3CF41328-FollowerState: change to CANDIDATE, lastRpcTime:5151ms, electionTimeout:5151ms
nm_1        | 2019-10-15 22:38:28 INFO  ContainersMonitorImpl:468 - Skipping monitoring container container_1571179036788_0001_01_000001 since CPU usage is not yet available.
datanode_3  | 2019-10-15 22:37:26,590 INFO segmented.SegmentedRaftLogWorker: 9701a8f7-f27f-4706-82a0-99f7f1697d97@group-08B133066F53-SegmentedRaftLogWorker: Starting segment from index:0
rm_1        | 2019-10-15 22:37:16 INFO  RMDelegationTokenSecretManager:92 - storing master key with keyID 2
datanode_1  | 2019-10-15 22:37:32,432 INFO impl.RoleInfo: fb86a42a-d56b-454f-8032-4de2df293a1a: start LeaderElection
datanode_2  | 2019-10-15 22:37:27,187 INFO impl.RoleInfo: 160e5f9b-d944-4bce-a17f-fd5668f3beea: shutdown FollowerState
nm_1        | 2019-10-15 22:38:33 INFO  Server:1845 - Auth successful for appattempt_1571179036788_0001_000001 (auth:SIMPLE)
datanode_3  | 2019-10-15 22:37:26,600 INFO impl.RaftServerImpl: 9701a8f7-f27f-4706-82a0-99f7f1697d97@group-08B133066F53: set configuration 0: [9701a8f7-f27f-4706-82a0-99f7f1697d97:172.18.0.9:9858], old=null at 0
rm_1        | 2019-10-15 22:37:16 INFO  RMStateStore:500 - Storing RMDTMasterKey.
datanode_2  | 2019-10-15 22:37:27,187 INFO impl.RaftServerImpl: 160e5f9b-d944-4bce-a17f-fd5668f3beea@group-36BC3CF41328: changes role from  FOLLOWER to CANDIDATE at term 0 for changeToCandidate
datanode_1  | 2019-10-15 22:37:32,467 INFO impl.LeaderElection: fb86a42a-d56b-454f-8032-4de2df293a1a@group-36BC3CF41328-LeaderElection3: begin an election at term 2 for -1: [fb86a42a-d56b-454f-8032-4de2df293a1a:172.18.0.7:9858, 160e5f9b-d944-4bce-a17f-fd5668f3beea:172.18.0.8:9858, 9701a8f7-f27f-4706-82a0-99f7f1697d97:172.18.0.9:9858], old=null
nm_1        | 2019-10-15 22:38:33 INFO  ContainerManagerImpl:1070 - Start request for container_1571179036788_0001_01_000002 by user hadoop
datanode_3  | 2019-10-15 22:37:26,719 INFO segmented.SegmentedRaftLogWorker: 9701a8f7-f27f-4706-82a0-99f7f1697d97@group-08B133066F53-SegmentedRaftLogWorker: created new log segment /data/metadata/ratis/fb02e437-b448-424c-bcd7-08b133066f53/current/log_inprogress_0
rm_1        | 2019-10-15 22:37:16 INFO  AsyncDispatcher:223 - Registering class org.apache.hadoop.yarn.nodelabels.event.NodeLabelsStoreEventType for class org.apache.hadoop.yarn.nodelabels.CommonNodeLabelsManager$ForwardingEventHandler
datanode_2  | 2019-10-15 22:37:27,187 INFO impl.RoleInfo: 160e5f9b-d944-4bce-a17f-fd5668f3beea: start LeaderElection
nm_1        | 2019-10-15 22:38:33 INFO  ApplicationImpl:463 - Adding container_1571179036788_0001_01_000002 to application application_1571179036788_0001
rm_1        | 2019-10-15 22:37:16 INFO  CallQueueManager:84 - Using callQueue: class java.util.concurrent.LinkedBlockingQueue queueCapacity: 5000 scheduler: class org.apache.hadoop.ipc.DefaultRpcScheduler
datanode_1  | 2019-10-15 22:37:32,552 INFO impl.LeaderElection: fb86a42a-d56b-454f-8032-4de2df293a1a@group-36BC3CF41328-LeaderElection3: Election REJECTED; received 2 response(s) [fb86a42a-d56b-454f-8032-4de2df293a1a<-160e5f9b-d944-4bce-a17f-fd5668f3beea#0:FAIL-t2, fb86a42a-d56b-454f-8032-4de2df293a1a<-9701a8f7-f27f-4706-82a0-99f7f1697d97#0:FAIL-t2] and 0 exception(s); fb86a42a-d56b-454f-8032-4de2df293a1a@group-36BC3CF41328:t2, leader=null, voted=fb86a42a-d56b-454f-8032-4de2df293a1a, raftlog=fb86a42a-d56b-454f-8032-4de2df293a1a@group-36BC3CF41328-SegmentedRaftLog:OPENED:c-1,f-1,i0, conf=-1: [fb86a42a-d56b-454f-8032-4de2df293a1a:172.18.0.7:9858, 160e5f9b-d944-4bce-a17f-fd5668f3beea:172.18.0.8:9858, 9701a8f7-f27f-4706-82a0-99f7f1697d97:172.18.0.9:9858], old=null
datanode_2  | 2019-10-15 22:37:27,203 INFO impl.LeaderElection: 160e5f9b-d944-4bce-a17f-fd5668f3beea@group-36BC3CF41328-LeaderElection2: begin an election at term 1 for -1: [fb86a42a-d56b-454f-8032-4de2df293a1a:172.18.0.7:9858, 160e5f9b-d944-4bce-a17f-fd5668f3beea:172.18.0.8:9858, 9701a8f7-f27f-4706-82a0-99f7f1697d97:172.18.0.9:9858], old=null
rm_1        | 2019-10-15 22:37:16 INFO  Server:1070 - Starting Socket Reader #1 for port 8031
nm_1        | 2019-10-15 22:38:33 INFO  NMAuditLogger:94 - USER=hadoop	IP=172.18.0.3	OPERATION=Start Container Request	TARGET=ContainerManageImpl	RESULT=SUCCESS	APPID=application_1571179036788_0001	CONTAINERID=container_1571179036788_0001_01_000002
datanode_3  | 2019-10-15 22:37:27,113 INFO impl.FollowerState: 9701a8f7-f27f-4706-82a0-99f7f1697d97@group-36BC3CF41328-FollowerState: change to CANDIDATE, lastRpcTime:5079ms, electionTimeout:5079ms
datanode_1  | 2019-10-15 22:37:32,553 INFO impl.RaftServerImpl: fb86a42a-d56b-454f-8032-4de2df293a1a@group-36BC3CF41328: changes role from CANDIDATE to FOLLOWER at term 2 for DISCOVERED_A_NEW_TERM
datanode_2  | 2019-10-15 22:37:27,398 INFO impl.LeaderElection: 160e5f9b-d944-4bce-a17f-fd5668f3beea@group-36BC3CF41328-LeaderElection2: Election REJECTED; received 2 response(s) [160e5f9b-d944-4bce-a17f-fd5668f3beea<-fb86a42a-d56b-454f-8032-4de2df293a1a#0:FAIL-t1, 160e5f9b-d944-4bce-a17f-fd5668f3beea<-9701a8f7-f27f-4706-82a0-99f7f1697d97#0:FAIL-t1] and 0 exception(s); 160e5f9b-d944-4bce-a17f-fd5668f3beea@group-36BC3CF41328:t1, leader=null, voted=160e5f9b-d944-4bce-a17f-fd5668f3beea, raftlog=160e5f9b-d944-4bce-a17f-fd5668f3beea@group-36BC3CF41328-SegmentedRaftLog:OPENED:c-1,f-1,i0, conf=-1: [fb86a42a-d56b-454f-8032-4de2df293a1a:172.18.0.7:9858, 160e5f9b-d944-4bce-a17f-fd5668f3beea:172.18.0.8:9858, 9701a8f7-f27f-4706-82a0-99f7f1697d97:172.18.0.9:9858], old=null
rm_1        | 2019-10-15 22:37:16 INFO  RpcServerFactoryPBImpl:173 - Adding protocol org.apache.hadoop.yarn.server.api.ResourceTrackerPB to the server
nm_1        | 2019-10-15 22:38:33 INFO  ContainerImpl:2126 - Container container_1571179036788_0001_01_000002 transitioned from NEW to LOCALIZING
datanode_3  | 2019-10-15 22:37:27,114 INFO impl.RoleInfo: 9701a8f7-f27f-4706-82a0-99f7f1697d97: shutdown FollowerState
datanode_1  | 2019-10-15 22:37:32,553 INFO impl.RoleInfo: fb86a42a-d56b-454f-8032-4de2df293a1a: shutdown LeaderElection
datanode_2  | 2019-10-15 22:37:27,401 INFO impl.RaftServerImpl: 160e5f9b-d944-4bce-a17f-fd5668f3beea@group-36BC3CF41328: changes role from CANDIDATE to FOLLOWER at term 1 for DISCOVERED_A_NEW_TERM
rm_1        | 2019-10-15 22:37:16 INFO  Server:1310 - IPC Server Responder: starting
nm_1        | 2019-10-15 22:38:33 INFO  AuxServices:350 - Got event CONTAINER_INIT for appId application_1571179036788_0001
datanode_3  | 2019-10-15 22:37:27,114 INFO impl.RaftServerImpl: 9701a8f7-f27f-4706-82a0-99f7f1697d97@group-36BC3CF41328: changes role from  FOLLOWER to CANDIDATE at term 0 for changeToCandidate
datanode_1  | 2019-10-15 22:37:32,553 INFO impl.RoleInfo: fb86a42a-d56b-454f-8032-4de2df293a1a: start FollowerState
datanode_2  | 2019-10-15 22:37:27,401 INFO impl.RoleInfo: 160e5f9b-d944-4bce-a17f-fd5668f3beea: shutdown LeaderElection
rm_1        | 2019-10-15 22:37:16 INFO  Server:1149 - IPC Server listener on 8031: starting
nm_1        | 2019-10-15 22:38:33 INFO  AuxServices:350 - Got event APPLICATION_INIT for appId application_1571179036788_0001
datanode_3  | 2019-10-15 22:37:27,115 INFO impl.RoleInfo: 9701a8f7-f27f-4706-82a0-99f7f1697d97: start LeaderElection
datanode_1  | 2019-10-15 22:37:32,581 INFO impl.RaftServerImpl: fb86a42a-d56b-454f-8032-4de2df293a1a@group-36BC3CF41328: change Leader from null to 9701a8f7-f27f-4706-82a0-99f7f1697d97 at term 2 for appendEntries, leader elected after 10569ms
datanode_2  | 2019-10-15 22:37:27,401 INFO impl.RoleInfo: 160e5f9b-d944-4bce-a17f-fd5668f3beea: start FollowerState
rm_1        | 2019-10-15 22:37:16 INFO  JvmPauseMonitor:188 - Starting JVM pause monitor
nm_1        | 2019-10-15 22:38:33 INFO  AuxServices:354 - Got APPLICATION_INIT for service mapreduce_shuffle
datanode_3  | 2019-10-15 22:37:27,146 INFO impl.LeaderElection: 9701a8f7-f27f-4706-82a0-99f7f1697d97@group-36BC3CF41328-LeaderElection2: begin an election at term 1 for -1: [fb86a42a-d56b-454f-8032-4de2df293a1a:172.18.0.7:9858, 160e5f9b-d944-4bce-a17f-fd5668f3beea:172.18.0.8:9858, 9701a8f7-f27f-4706-82a0-99f7f1697d97:172.18.0.9:9858], old=null
datanode_1  | 2019-10-15 22:37:32,599 INFO impl.RaftServerImpl: fb86a42a-d56b-454f-8032-4de2df293a1a@group-36BC3CF41328: set configuration 0: [fb86a42a-d56b-454f-8032-4de2df293a1a:172.18.0.7:9858, 160e5f9b-d944-4bce-a17f-fd5668f3beea:172.18.0.8:9858, 9701a8f7-f27f-4706-82a0-99f7f1697d97:172.18.0.9:9858], old=null at 0
datanode_2  | 2019-10-15 22:37:32,462 INFO impl.RaftServerImpl: 160e5f9b-d944-4bce-a17f-fd5668f3beea@group-36BC3CF41328: changes role from  FOLLOWER to FOLLOWER at term 2 for recognizeCandidate:9701a8f7-f27f-4706-82a0-99f7f1697d97
rm_1        | 2019-10-15 22:37:16 INFO  CallQueueManager:84 - Using callQueue: class java.util.concurrent.LinkedBlockingQueue queueCapacity: 5000 scheduler: class org.apache.hadoop.ipc.DefaultRpcScheduler
nm_1        | 2019-10-15 22:38:33 INFO  ShuffleHandler:719 - Added token for job_1571179036788_0001
datanode_3  | 2019-10-15 22:37:27,343 INFO impl.LeaderElection: 9701a8f7-f27f-4706-82a0-99f7f1697d97@group-36BC3CF41328-LeaderElection2: Election REJECTED; received 2 response(s) [9701a8f7-f27f-4706-82a0-99f7f1697d97<-160e5f9b-d944-4bce-a17f-fd5668f3beea#0:FAIL-t1, 9701a8f7-f27f-4706-82a0-99f7f1697d97<-fb86a42a-d56b-454f-8032-4de2df293a1a#0:FAIL-t1] and 0 exception(s); 9701a8f7-f27f-4706-82a0-99f7f1697d97@group-36BC3CF41328:t1, leader=null, voted=9701a8f7-f27f-4706-82a0-99f7f1697d97, raftlog=9701a8f7-f27f-4706-82a0-99f7f1697d97@group-36BC3CF41328-SegmentedRaftLog:OPENED:c-1,f-1,i0, conf=-1: [fb86a42a-d56b-454f-8032-4de2df293a1a:172.18.0.7:9858, 160e5f9b-d944-4bce-a17f-fd5668f3beea:172.18.0.8:9858, 9701a8f7-f27f-4706-82a0-99f7f1697d97:172.18.0.9:9858], old=null
datanode_1  | 2019-10-15 22:37:32,600 INFO segmented.SegmentedRaftLogWorker: fb86a42a-d56b-454f-8032-4de2df293a1a@group-36BC3CF41328-SegmentedRaftLogWorker: Starting segment from index:0
datanode_2  | 2019-10-15 22:37:32,462 INFO impl.RoleInfo: 160e5f9b-d944-4bce-a17f-fd5668f3beea: shutdown FollowerState
rm_1        | 2019-10-15 22:37:16 INFO  Server:1070 - Starting Socket Reader #1 for port 8030
nm_1        | 2019-10-15 22:38:33 INFO  ContainerImpl:2126 - Container container_1571179036788_0001_01_000002 transitioned from LOCALIZING to SCHEDULED
datanode_3  | 2019-10-15 22:37:27,344 INFO impl.RaftServerImpl: 9701a8f7-f27f-4706-82a0-99f7f1697d97@group-36BC3CF41328: changes role from CANDIDATE to FOLLOWER at term 1 for DISCOVERED_A_NEW_TERM
datanode_1  | 2019-10-15 22:37:32,648 INFO segmented.SegmentedRaftLogWorker: fb86a42a-d56b-454f-8032-4de2df293a1a@group-36BC3CF41328-SegmentedRaftLogWorker: created new log segment /data/metadata/ratis/ac771b1e-5168-4a86-9de2-36bc3cf41328/current/log_inprogress_0
datanode_2  | 2019-10-15 22:37:32,462 INFO impl.RoleInfo: 160e5f9b-d944-4bce-a17f-fd5668f3beea: start FollowerState
rm_1        | 2019-10-15 22:37:16 INFO  RpcServerFactoryPBImpl:173 - Adding protocol org.apache.hadoop.yarn.api.ApplicationMasterProtocolPB to the server
nm_1        | 2019-10-15 22:38:33 INFO  ContainerScheduler:511 - Starting container [container_1571179036788_0001_01_000002]
datanode_3  | 2019-10-15 22:37:27,356 INFO impl.RoleInfo: 9701a8f7-f27f-4706-82a0-99f7f1697d97: shutdown LeaderElection
datanode_1  | 2019-10-15 22:37:47,601 WARN client.GrpcClientProtocolService: 0-OrderedRequestStreamObserver0: onError: org.apache.ratis.thirdparty.io.grpc.StatusRuntimeException: CANCELLED: cancelled before receiving half close
datanode_2  | 2019-10-15 22:37:32,462 INFO impl.FollowerState: 160e5f9b-d944-4bce-a17f-fd5668f3beea@group-36BC3CF41328-FollowerState was interrupted: java.lang.InterruptedException: sleep interrupted
rm_1        | 2019-10-15 22:37:16 INFO  Server:1310 - IPC Server Responder: starting
nm_1        | 2019-10-15 22:38:33 INFO  Configuration:3318 - Removed undeclared tags:
datanode_3  | 2019-10-15 22:37:27,357 INFO impl.RoleInfo: 9701a8f7-f27f-4706-82a0-99f7f1697d97: start FollowerState
rm_1        | 2019-10-15 22:37:16 INFO  Server:1149 - IPC Server listener on 8030: starting
nm_1        | 2019-10-15 22:38:33 INFO  ContainerImpl:2126 - Container container_1571179036788_0001_01_000002 transitioned from SCHEDULED to RUNNING
datanode_3  | 2019-10-15 22:37:32,384 INFO impl.FollowerState: 9701a8f7-f27f-4706-82a0-99f7f1697d97@group-36BC3CF41328-FollowerState: change to CANDIDATE, lastRpcTime:5026ms, electionTimeout:5026ms
rm_1        | 2019-10-15 22:37:16 INFO  CallQueueManager:84 - Using callQueue: class java.util.concurrent.LinkedBlockingQueue queueCapacity: 5000 scheduler: class org.apache.hadoop.ipc.DefaultRpcScheduler
datanode_2  | 2019-10-15 22:37:32,581 INFO impl.RaftServerImpl: 160e5f9b-d944-4bce-a17f-fd5668f3beea@group-36BC3CF41328: change Leader from null to 9701a8f7-f27f-4706-82a0-99f7f1697d97 at term 2 for appendEntries, leader elected after 10555ms
nm_1        | 2019-10-15 22:38:33 INFO  ContainersMonitorImpl:943 - Starting resource-monitoring for container_1571179036788_0001_01_000002
datanode_3  | 2019-10-15 22:37:32,385 INFO impl.RoleInfo: 9701a8f7-f27f-4706-82a0-99f7f1697d97: shutdown FollowerState
rm_1        | 2019-10-15 22:37:17 INFO  Server:1070 - Starting Socket Reader #1 for port 8032
datanode_2  | 2019-10-15 22:37:32,599 INFO impl.RaftServerImpl: 160e5f9b-d944-4bce-a17f-fd5668f3beea@group-36BC3CF41328: set configuration 0: [fb86a42a-d56b-454f-8032-4de2df293a1a:172.18.0.7:9858, 160e5f9b-d944-4bce-a17f-fd5668f3beea:172.18.0.8:9858, 9701a8f7-f27f-4706-82a0-99f7f1697d97:172.18.0.9:9858], old=null at 0
datanode_3  | 2019-10-15 22:37:32,385 INFO impl.RaftServerImpl: 9701a8f7-f27f-4706-82a0-99f7f1697d97@group-36BC3CF41328: changes role from  FOLLOWER to CANDIDATE at term 1 for changeToCandidate
rm_1        | 2019-10-15 22:37:17 INFO  RpcServerFactoryPBImpl:173 - Adding protocol org.apache.hadoop.yarn.api.ApplicationClientProtocolPB to the server
datanode_2  | 2019-10-15 22:37:32,600 INFO segmented.SegmentedRaftLogWorker: 160e5f9b-d944-4bce-a17f-fd5668f3beea@group-36BC3CF41328-SegmentedRaftLogWorker: Starting segment from index:0
datanode_3  | 2019-10-15 22:37:32,385 INFO impl.RoleInfo: 9701a8f7-f27f-4706-82a0-99f7f1697d97: start LeaderElection
nm_1        | 2019-10-15 22:38:33 INFO  DefaultContainerExecutor:370 - launchContainer: [bash, /tmp/hadoop-hadoop/nm-local-dir/usercache/hadoop/appcache/application_1571179036788_0001/container_1571179036788_0001_01_000002/default_container_executor.sh]
rm_1        | 2019-10-15 22:37:17 INFO  Server:1310 - IPC Server Responder: starting
datanode_2  | 2019-10-15 22:37:32,648 INFO segmented.SegmentedRaftLogWorker: 160e5f9b-d944-4bce-a17f-fd5668f3beea@group-36BC3CF41328-SegmentedRaftLogWorker: created new log segment /data/metadata/ratis/ac771b1e-5168-4a86-9de2-36bc3cf41328/current/log_inprogress_0
datanode_3  | 2019-10-15 22:37:32,435 INFO impl.LeaderElection: 9701a8f7-f27f-4706-82a0-99f7f1697d97@group-36BC3CF41328-LeaderElection3: begin an election at term 2 for -1: [fb86a42a-d56b-454f-8032-4de2df293a1a:172.18.0.7:9858, 160e5f9b-d944-4bce-a17f-fd5668f3beea:172.18.0.8:9858, 9701a8f7-f27f-4706-82a0-99f7f1697d97:172.18.0.9:9858], old=null
nm_1        | 2019-10-15 22:38:34 INFO  ContainersMonitorImpl:567 - container_1571179036788_0001_01_000002's ip = 172.18.0.3, and hostname = nm
rm_1        | 2019-10-15 22:37:17 INFO  Server:1149 - IPC Server listener on 8032: starting
nm_1        | 2019-10-15 22:38:37 INFO  ContainersMonitorImpl:468 - Skipping monitoring container container_1571179036788_0001_01_000002 since CPU usage is not yet available.
datanode_3  | 2019-10-15 22:37:32,503 INFO impl.LeaderElection: 9701a8f7-f27f-4706-82a0-99f7f1697d97@group-36BC3CF41328-LeaderElection3: Election PASSED; received 2 response(s) [9701a8f7-f27f-4706-82a0-99f7f1697d97<-fb86a42a-d56b-454f-8032-4de2df293a1a#0:FAIL-t2, 9701a8f7-f27f-4706-82a0-99f7f1697d97<-160e5f9b-d944-4bce-a17f-fd5668f3beea#0:OK-t2] and 0 exception(s); 9701a8f7-f27f-4706-82a0-99f7f1697d97@group-36BC3CF41328:t2, leader=null, voted=9701a8f7-f27f-4706-82a0-99f7f1697d97, raftlog=9701a8f7-f27f-4706-82a0-99f7f1697d97@group-36BC3CF41328-SegmentedRaftLog:OPENED:c-1,f-1,i0, conf=-1: [fb86a42a-d56b-454f-8032-4de2df293a1a:172.18.0.7:9858, 160e5f9b-d944-4bce-a17f-fd5668f3beea:172.18.0.8:9858, 9701a8f7-f27f-4706-82a0-99f7f1697d97:172.18.0.9:9858], old=null
rm_1        | 2019-10-15 22:37:17 INFO  ResourceManager:1279 - Transitioned to active state
nm_1        | 2019-10-15 22:38:38 INFO  ContainerLaunch:589 - Container container_1571179036788_0001_01_000002 succeeded 
rm_1        | 2019-10-15 22:37:17 INFO  ResourceTrackerService:495 - NodeManager from node nm(cmPort: 42667 httpPort: 8042) registered with capability: <memory:8192, vCores:8>, assigned nodeId nm:42667
datanode_3  | 2019-10-15 22:37:32,504 INFO impl.RoleInfo: 9701a8f7-f27f-4706-82a0-99f7f1697d97: shutdown LeaderElection
nm_1        | 2019-10-15 22:38:38 INFO  ContainerImpl:2126 - Container container_1571179036788_0001_01_000002 transitioned from RUNNING to EXITED_WITH_SUCCESS
datanode_3  | 2019-10-15 22:37:32,504 INFO impl.RaftServerImpl: 9701a8f7-f27f-4706-82a0-99f7f1697d97@group-36BC3CF41328: changes role from CANDIDATE to LEADER at term 2 for changeToLeader
rm_1        | 2019-10-15 22:37:17 INFO  RMNodeImpl:671 - nm:42667 Node Transitioned from NEW to RUNNING
nm_1        | 2019-10-15 22:38:38 INFO  ContainerLaunch:745 - Cleaning up container container_1571179036788_0001_01_000002
datanode_3  | 2019-10-15 22:37:32,505 INFO impl.RaftServerImpl: 9701a8f7-f27f-4706-82a0-99f7f1697d97@group-36BC3CF41328: change Leader from null to 9701a8f7-f27f-4706-82a0-99f7f1697d97 at term 2 for becomeLeader, leader elected after 10479ms
rm_1        | 2019-10-15 22:37:17 INFO  CapacityScheduler:1866 - Added node nm:42667 clusterResource: <memory:8192, vCores:8>
nm_1        | 2019-10-15 22:38:38 INFO  Configuration:3318 - Removed undeclared tags:
datanode_3  | 2019-10-15 22:37:32,505 INFO server.RaftServerConfigKeys: raft.server.staging.catchup.gap = 1000 (default)
rm_1        | 2019-10-15 22:38:16 INFO  ClientRMService:341 - Allocated new applicationId: 1
nm_1        | 2019-10-15 22:38:38 INFO  DefaultContainerExecutor:634 - Deleting absolute path : /tmp/hadoop-hadoop/nm-local-dir/usercache/hadoop/appcache/application_1571179036788_0001/container_1571179036788_0001_01_000002/launch_container.sh
datanode_3  | 2019-10-15 22:37:32,505 INFO server.RaftServerConfigKeys: raft.server.rpc.sleep.time = 25ms (default)
rm_1        | 2019-10-15 22:38:18 INFO  CapacityScheduler:2500 - Application 'application_1571179036788_0001' is submitted without priority hence considering default queue/cluster priority: 0
nm_1        | 2019-10-15 22:38:38 INFO  DefaultContainerExecutor:634 - Deleting absolute path : /tmp/hadoop-hadoop/nm-local-dir/usercache/hadoop/appcache/application_1571179036788_0001/container_1571179036788_0001_01_000002/container_tokens
datanode_3  | 2019-10-15 22:37:32,506 INFO server.RaftServerConfigKeys: raft.server.write.element-limit = 4096 (default)
nm_1        | 2019-10-15 22:38:38 INFO  NMAuditLogger:94 - USER=hadoop	OPERATION=Container Finished - Succeeded	TARGET=ContainerImpl	RESULT=SUCCESS	APPID=application_1571179036788_0001	CONTAINERID=container_1571179036788_0001_01_000002
rm_1        | 2019-10-15 22:38:18 INFO  CapacityScheduler:2521 - Priority '0' is acceptable in queue : default for application: application_1571179036788_0001
datanode_3  | 2019-10-15 22:37:32,506 INFO server.RaftServerConfigKeys: raft.server.watch.timeout = 10s (default)
nm_1        | 2019-10-15 22:38:38 INFO  ContainerImpl:2126 - Container container_1571179036788_0001_01_000002 transitioned from EXITED_WITH_SUCCESS to DONE
rm_1        | 2019-10-15 22:38:18 INFO  ClientRMService:650 - Application with id 1 submitted by user hadoop
nm_1        | 2019-10-15 22:38:38 INFO  ApplicationImpl:512 - Removing container_1571179036788_0001_01_000002 from application application_1571179036788_0001
datanode_3  | 2019-10-15 22:37:32,506 INFO server.RaftServerConfigKeys: raft.server.watch.timeout.denomination = 1s (default)
rm_1        | 2019-10-15 22:38:18 INFO  RMAppImpl:1259 - Storing application with id application_1571179036788_0001
nm_1        | 2019-10-15 22:38:38 INFO  ContainersMonitorImpl:934 - Stopping resource-monitoring for container_1571179036788_0001_01_000002
datanode_3  | 2019-10-15 22:37:32,506 INFO server.RaftServerConfigKeys: raft.server.watch.element-limit = 65536 (default)
rm_1        | 2019-10-15 22:38:18 INFO  RMAuditLogger:310 - USER=hadoop	IP=172.18.0.6	OPERATION=Submit Application Request	TARGET=ClientRMService	RESULT=SUCCESS	APPID=application_1571179036788_0001	CALLERCONTEXT=CLI	QUEUENAME=default
nm_1        | 2019-10-15 22:38:38 INFO  AuxServices:350 - Got event CONTAINER_STOP for appId application_1571179036788_0001
datanode_3  | 2019-10-15 22:37:32,513 INFO server.RaftServerConfigKeys: raft.server.log.appender.snapshot.chunk.size.max = 16MB (=16777216) (default)
rm_1        | 2019-10-15 22:38:18 INFO  RMStateStore:222 - Storing info for app: application_1571179036788_0001
nm_1        | 2019-10-15 22:38:39 INFO  Server:1845 - Auth successful for appattempt_1571179036788_0001_000001 (auth:SIMPLE)
datanode_3  | 2019-10-15 22:37:32,513 INFO server.RaftServerConfigKeys: raft.server.log.appender.buffer.byte-limit = 33554432 (custom)
rm_1        | 2019-10-15 22:38:18 INFO  RMAppImpl:912 - application_1571179036788_0001 State change from NEW to NEW_SAVING on event = START
datanode_3  | 2019-10-15 22:37:32,514 INFO server.RaftServerConfigKeys: raft.server.log.appender.buffer.element-limit = 1 (custom)
nm_1        | 2019-10-15 22:38:39 INFO  ContainerManagerImpl:1070 - Start request for container_1571179036788_0001_01_000003 by user hadoop
rm_1        | 2019-10-15 22:38:18 INFO  RMAppImpl:912 - application_1571179036788_0001 State change from NEW_SAVING to SUBMITTED on event = APP_NEW_SAVED
datanode_3  | 2019-10-15 22:37:32,517 INFO grpc.GrpcConfigKeys$Server: raft.grpc.server.leader.outstanding.appends.max = 128 (default)
nm_1        | 2019-10-15 22:38:39 INFO  NMAuditLogger:94 - USER=hadoop	IP=172.18.0.3	OPERATION=Start Container Request	TARGET=ContainerManageImpl	RESULT=SUCCESS	APPID=application_1571179036788_0001	CONTAINERID=container_1571179036788_0001_01_000003
rm_1        | 2019-10-15 22:38:18 INFO  ParentQueue:494 - Application added - appId: application_1571179036788_0001 user: hadoop leaf-queue of parent: root #applications: 1
datanode_3  | 2019-10-15 22:37:32,517 INFO server.RaftServerConfigKeys: raft.server.rpc.request.timeout = 3000ms (default)
rm_1        | 2019-10-15 22:38:18 INFO  CapacityScheduler:954 - Accepted application application_1571179036788_0001 from user: hadoop, in queue: default
nm_1        | 2019-10-15 22:38:39 INFO  ApplicationImpl:463 - Adding container_1571179036788_0001_01_000003 to application application_1571179036788_0001
datanode_3  | 2019-10-15 22:37:32,517 INFO server.RaftServerConfigKeys: raft.server.log.appender.install.snapshot.enabled = false (custom)
rm_1        | 2019-10-15 22:38:18 INFO  RMAppImpl:912 - application_1571179036788_0001 State change from SUBMITTED to ACCEPTED on event = APP_ACCEPTED
nm_1        | 2019-10-15 22:38:39 INFO  ContainerImpl:2126 - Container container_1571179036788_0001_01_000003 transitioned from NEW to LOCALIZING
datanode_3  | 2019-10-15 22:37:32,518 INFO server.RaftServerConfigKeys: raft.server.log.appender.snapshot.chunk.size.max = 16MB (=16777216) (default)
rm_1        | 2019-10-15 22:38:19 INFO  ApplicationMasterService:479 - Registering app attempt : appattempt_1571179036788_0001_000001
nm_1        | 2019-10-15 22:38:39 INFO  AuxServices:350 - Got event CONTAINER_INIT for appId application_1571179036788_0001
datanode_3  | 2019-10-15 22:37:32,518 INFO server.RaftServerConfigKeys: raft.server.log.appender.buffer.byte-limit = 33554432 (custom)
rm_1        | 2019-10-15 22:38:19 INFO  RMAppAttemptImpl:927 - appattempt_1571179036788_0001_000001 State change from NEW to SUBMITTED on event = START
nm_1        | 2019-10-15 22:38:39 INFO  AuxServices:350 - Got event APPLICATION_INIT for appId application_1571179036788_0001
datanode_3  | 2019-10-15 22:37:32,518 INFO server.RaftServerConfigKeys: raft.server.log.appender.buffer.element-limit = 1 (custom)
rm_1        | 2019-10-15 22:38:19 WARN  LeafQueue:846 - maximum-am-resource-percent is insufficient to start a single application in queue, it is likely set too low. skipping enforcement to allow at least one application to start
nm_1        | 2019-10-15 22:38:39 INFO  AuxServices:354 - Got APPLICATION_INIT for service mapreduce_shuffle
datanode_3  | 2019-10-15 22:37:32,518 INFO grpc.GrpcConfigKeys$Server: raft.grpc.server.leader.outstanding.appends.max = 128 (default)
rm_1        | 2019-10-15 22:38:19 WARN  LeafQueue:882 - maximum-am-resource-percent is insufficient to start a single application in queue for user, it is likely set too low. skipping enforcement to allow at least one application to start
nm_1        | 2019-10-15 22:38:39 INFO  ShuffleHandler:719 - Added token for job_1571179036788_0001
datanode_3  | 2019-10-15 22:37:32,519 INFO server.RaftServerConfigKeys: raft.server.rpc.request.timeout = 3000ms (default)
rm_1        | 2019-10-15 22:38:19 INFO  LeafQueue:911 - Application application_1571179036788_0001 from user: hadoop activated in queue: default
nm_1        | 2019-10-15 22:38:39 INFO  ContainerImpl:2126 - Container container_1571179036788_0001_01_000003 transitioned from LOCALIZING to SCHEDULED
datanode_3  | 2019-10-15 22:37:32,519 INFO server.RaftServerConfigKeys: raft.server.log.appender.install.snapshot.enabled = false (custom)
rm_1        | 2019-10-15 22:38:19 INFO  LeafQueue:941 - Application added - appId: application_1571179036788_0001 user: hadoop, leaf-queue: default #user-pending-applications: 0 #user-active-applications: 1 #queue-pending-applications: 0 #queue-active-applications: 1
nm_1        | 2019-10-15 22:38:39 INFO  ContainerScheduler:511 - Starting container [container_1571179036788_0001_01_000003]
datanode_3  | 2019-10-15 22:37:32,521 INFO impl.RoleInfo: 9701a8f7-f27f-4706-82a0-99f7f1697d97: start LeaderState
rm_1        | 2019-10-15 22:38:19 INFO  CapacityScheduler:1000 - Added Application Attempt appattempt_1571179036788_0001_000001 to scheduler from user hadoop in queue default
nm_1        | 2019-10-15 22:38:39 INFO  Configuration:3318 - Removed undeclared tags:
datanode_3  | 2019-10-15 22:37:32,521 INFO segmented.SegmentedRaftLogWorker: 9701a8f7-f27f-4706-82a0-99f7f1697d97@group-36BC3CF41328-SegmentedRaftLogWorker: Starting segment from index:0
rm_1        | 2019-10-15 22:38:19 INFO  RMAppAttemptImpl:927 - appattempt_1571179036788_0001_000001 State change from SUBMITTED to SCHEDULED on event = ATTEMPT_ADDED
nm_1        | 2019-10-15 22:38:39 INFO  ContainerImpl:2126 - Container container_1571179036788_0001_01_000003 transitioned from SCHEDULED to RUNNING
datanode_3  | 2019-10-15 22:37:32,523 INFO impl.RaftServerImpl: 9701a8f7-f27f-4706-82a0-99f7f1697d97@group-36BC3CF41328: set configuration 0: [fb86a42a-d56b-454f-8032-4de2df293a1a:172.18.0.7:9858, 160e5f9b-d944-4bce-a17f-fd5668f3beea:172.18.0.8:9858, 9701a8f7-f27f-4706-82a0-99f7f1697d97:172.18.0.9:9858], old=null at 0
datanode_3  | 2019-10-15 22:37:32,548 INFO impl.RaftServerImpl: 9701a8f7-f27f-4706-82a0-99f7f1697d97@group-36BC3CF41328-   LEADER: Withhold vote from candidate fb86a42a-d56b-454f-8032-4de2df293a1a with term 2. State: leader=9701a8f7-f27f-4706-82a0-99f7f1697d97, term=2, lastRpcElapsed=null
rm_1        | 2019-10-15 22:38:19 INFO  AbstractContainerAllocator:129 - assignedContainer application attempt=appattempt_1571179036788_0001_000001 container=null queue=default clusterResource=<memory:8192, vCores:8> type=OFF_SWITCH requestedPartition=
nm_1        | 2019-10-15 22:38:39 INFO  ContainersMonitorImpl:943 - Starting resource-monitoring for container_1571179036788_0001_01_000003
datanode_3  | 2019-10-15 22:37:32,586 INFO segmented.SegmentedRaftLogWorker: 9701a8f7-f27f-4706-82a0-99f7f1697d97@group-36BC3CF41328-SegmentedRaftLogWorker: created new log segment /data/metadata/ratis/ac771b1e-5168-4a86-9de2-36bc3cf41328/current/log_inprogress_0
rm_1        | 2019-10-15 22:38:19 INFO  RMContainerImpl:480 - container_1571179036788_0001_01_000001 Container Transitioned from NEW to ALLOCATED
nm_1        | 2019-10-15 22:38:39 INFO  DefaultContainerExecutor:370 - launchContainer: [bash, /tmp/hadoop-hadoop/nm-local-dir/usercache/hadoop/appcache/application_1571179036788_0001/container_1571179036788_0001_01_000003/default_container_executor.sh]
