kdc_1       | Oct 06 05:34:40 kdc kadmind[15](info): closing down fd 18
s3g_1       | ---- ----------------- --------------------------------------------------------
datanode_1  |    2 10/06/19 05:34:52 nm/06bdb749c5d2@EXAMPLE.COM
scm_1       | HTTP request sent, awaiting response... 200 OK
om_1        | Length: 138 [application/octet-stream]
kms_1       | 
jhs         | 
datanode_3  | Length: 158 [application/octet-stream]
rm_1        | Connecting to kdc (kdc)|172.18.0.7|:8081... connected.
nm_1        |      0K                                                       100% 12.6M=0s
datanode_2  | Saving to: '/etc/security/keytabs/nm.keytab'
kdc_1       | Oct 06 05:34:40 kdc kadmind[15](Notice): Request: kadm5_init, admin/admin@EXAMPLE.COM, success, client=admin/admin@EXAMPLE.COM, service=kadmin/admin@EXAMPLE.COM, addr=127.0.0.1, vers=4, flavor=6
s3g_1       |    2 10/06/19 05:34:52 nm/s3g@EXAMPLE.COM
datanode_1  |    2 10/06/19 05:34:52 nm/06bdb749c5d2@EXAMPLE.COM
scm_1       | Length: 140 [application/octet-stream]
om_1        | Saving to: '/etc/security/keytabs/nm.keytab'
kms_1       | Keytab name: FILE:/etc/security/keytabs/nm.keytab
jhs         | 2019-10-06 05:34:52 (6.54 MB/s) - '/etc/security/keytabs/nm.keytab' saved [140/140]
rm_1        | HTTP request sent, awaiting response... 200 OK
datanode_3  | Saving to: '/etc/security/keytabs/nm.keytab'
nm_1        | 
datanode_2  | 
kdc_1       | Oct 06 05:34:40 kdc kadmind[15](Notice): Request: kadm5_randkey_principal, om/49900dd8e19c@EXAMPLE.COM, success, client=admin/admin@EXAMPLE.COM, service=kadmin/admin@EXAMPLE.COM, addr=127.0.0.1
s3g_1       |    2 10/06/19 05:34:52 nm/s3g@EXAMPLE.COM
datanode_1  | Download yarn/06bdb749c5d2@EXAMPLE.COM keytab file to /etc/security/keytabs/yarn.keytab
scm_1       | Saving to: '/etc/security/keytabs/nm.keytab'
om_1        | 
jhs         | 
kms_1       | KVNO Timestamp         Principal
rm_1        | Length: 142 [application/octet-stream]
datanode_3  | 
nm_1        | 2019-10-06 05:34:56 (12.6 MB/s) - '/etc/security/keytabs/yarn.keytab' saved [142/142]
datanode_2  |      0K                                                       100% 12.2M=0s
kdc_1       | Oct 06 05:34:40 kdc kadmind[15](Notice): Request: kadm5_get_principal, om/49900dd8e19c@EXAMPLE.COM, success, client=admin/admin@EXAMPLE.COM, service=kadmin/admin@EXAMPLE.COM, addr=127.0.0.1
s3g_1       | Download yarn/s3g@EXAMPLE.COM keytab file to /etc/security/keytabs/yarn.keytab
datanode_1  | --2019-10-06 05:34:52--  http://kdc:8081/keytab/06bdb749c5d2/yarn
scm_1       | 
om_1        |      0K                                                       100% 19.0M=0s
jhs         | Keytab name: FILE:/etc/security/keytabs/nm.keytab
rm_1        | Saving to: '/etc/security/keytabs/yarn.keytab'
datanode_3  |      0K                                                       100% 18.3M=0s
kms_1       | ---- ----------------- --------------------------------------------------------
datanode_2  | 
nm_1        | 
kdc_1       | Oct 06 05:34:40 kdc kadmind[15](info): closing down fd 18
datanode_1  | Resolving kdc (kdc)... 172.18.0.7
scm_1       |      0K                                                       100% 11.2M=0s
s3g_1       | --2019-10-06 05:34:52--  http://kdc:8081/keytab/s3g/yarn
s3g_1       | Resolving kdc (kdc)... 172.18.0.7
jhs         | KVNO Timestamp         Principal
jhs         | ---- ----------------- --------------------------------------------------------
datanode_3  | 
datanode_3  | 2019-10-06 05:34:51 (18.3 MB/s) - '/etc/security/keytabs/nm.keytab' saved [158/158]
rm_1        | 
nm_1        | Keytab name: FILE:/etc/security/keytabs/yarn.keytab
nm_1        | KVNO Timestamp         Principal
datanode_1  | Connecting to kdc (kdc)|172.18.0.7|:8081... connected.
scm_1       | 
s3g_1       | Connecting to kdc (kdc)|172.18.0.7|:8081... connected.
s3g_1       | HTTP request sent, awaiting response... 200 OK
jhs         |    2 10/06/19 05:34:52 nm/jhs@EXAMPLE.COM
datanode_3  | 
datanode_2  | 2019-10-06 05:34:48 (12.2 MB/s) - '/etc/security/keytabs/nm.keytab' saved [158/158]
rm_1        |      0K                                                       100% 16.0M=0s
datanode_1  | HTTP request sent, awaiting response... 200 OK
datanode_1  | Length: 162 [application/octet-stream]
scm_1       | 2019-10-06 05:34:49 (11.2 MB/s) - '/etc/security/keytabs/nm.keytab' saved [140/140]
s3g_1       | Length: 144 [application/octet-stream]
s3g_1       | Saving to: '/etc/security/keytabs/yarn.keytab'
jhs         |    2 10/06/19 05:34:52 nm/jhs@EXAMPLE.COM
nm_1        | ---- ----------------- --------------------------------------------------------
datanode_3  | Keytab name: FILE:/etc/security/keytabs/nm.keytab
datanode_3  | KVNO Timestamp         Principal
datanode_1  | Saving to: '/etc/security/keytabs/yarn.keytab'
datanode_1  | 
scm_1       | 
s3g_1       | 
s3g_1       |      0K                                                       100% 12.7M=0s
jhs         | Download yarn/jhs@EXAMPLE.COM keytab file to /etc/security/keytabs/yarn.keytab
jhs         | --2019-10-06 05:34:52--  http://kdc:8081/keytab/jhs/yarn
jhs         | Resolving kdc (kdc)... 172.18.0.7
datanode_3  | ---- ----------------- --------------------------------------------------------
kdc_1       | WARNING: no policy specified for om/scm@EXAMPLE.COM; defaulting to no policy
datanode_2  | 
rm_1        | 
datanode_1  |      0K                                                       100% 15.3M=0s
kms_1       |    2 10/06/19 05:34:53 nm/543ddd4800fd@EXAMPLE.COM
scm_1       | Keytab name: FILE:/etc/security/keytabs/nm.keytab
s3g_1       | 
om_1        | 
jhs         | Connecting to kdc (kdc)|172.18.0.7|:8081... connected.
jhs         | HTTP request sent, awaiting response... 200 OK
datanode_3  |    2 10/06/19 05:34:51 nm/6d0aa6b1c5ba@EXAMPLE.COM
kdc_1       | Principal "om/scm@EXAMPLE.COM" created.
datanode_2  | Keytab name: FILE:/etc/security/keytabs/nm.keytab
rm_1        | 2019-10-06 05:34:55 (16.0 MB/s) - '/etc/security/keytabs/yarn.keytab' saved [142/142]
datanode_1  | 
kms_1       |    2 10/06/19 05:34:53 nm/543ddd4800fd@EXAMPLE.COM
scm_1       | KVNO Timestamp         Principal
s3g_1       | 2019-10-06 05:34:53 (12.7 MB/s) - '/etc/security/keytabs/yarn.keytab' saved [144/144]
om_1        | 2019-10-06 05:34:48 (19.0 MB/s) - '/etc/security/keytabs/nm.keytab' saved [138/138]
jhs         | Length: 144 [application/octet-stream]
nm_1        |    2 10/06/19 05:34:56 yarn/nm@EXAMPLE.COM
datanode_3  |    2 10/06/19 05:34:51 nm/6d0aa6b1c5ba@EXAMPLE.COM
kdc_1       | Authenticating as principal admin/admin with keytab /tmp/admin.keytab.
datanode_2  | KVNO Timestamp         Principal
rm_1        | 
datanode_1  | 2019-10-06 05:34:53 (15.3 MB/s) - '/etc/security/keytabs/yarn.keytab' saved [162/162]
kms_1       | Download yarn/543ddd4800fd@EXAMPLE.COM keytab file to /etc/security/keytabs/yarn.keytab
scm_1       | ---- ----------------- --------------------------------------------------------
s3g_1       | 
om_1        | 
jhs         | Saving to: '/etc/security/keytabs/yarn.keytab'
nm_1        |    2 10/06/19 05:34:56 yarn/nm@EXAMPLE.COM
kdc_1       | Entry for principal om/scm@EXAMPLE.COM with kvno 2, encryption type aes256-cts-hmac-sha1-96 added to keytab WRFILE:/data/om.scm.keytab.
datanode_3  | Download yarn/6d0aa6b1c5ba@EXAMPLE.COM keytab file to /etc/security/keytabs/yarn.keytab
datanode_2  | ---- ----------------- --------------------------------------------------------
rm_1        | Keytab name: FILE:/etc/security/keytabs/yarn.keytab
kms_1       | --2019-10-06 05:34:53--  http://kdc:8081/keytab/543ddd4800fd/yarn
datanode_1  | 
scm_1       |    2 10/06/19 05:34:49 nm/scm@EXAMPLE.COM
s3g_1       | Keytab name: FILE:/etc/security/keytabs/yarn.keytab
om_1        | Keytab name: FILE:/etc/security/keytabs/nm.keytab
jhs         | 
nm_1        | Download jhs/nm@EXAMPLE.COM keytab file to /etc/security/keytabs/jhs.keytab
kdc_1       | Entry for principal om/scm@EXAMPLE.COM with kvno 2, encryption type aes128-cts-hmac-sha1-96 added to keytab WRFILE:/data/om.scm.keytab.
datanode_3  | --2019-10-06 05:34:51--  http://kdc:8081/keytab/6d0aa6b1c5ba/yarn
datanode_2  |    2 10/06/19 05:34:48 nm/49900dd8e19c@EXAMPLE.COM
rm_1        | KVNO Timestamp         Principal
kms_1       | Resolving kdc (kdc)... 172.18.0.7
datanode_1  | Keytab name: FILE:/etc/security/keytabs/yarn.keytab
scm_1       |    2 10/06/19 05:34:49 nm/scm@EXAMPLE.COM
s3g_1       | KVNO Timestamp         Principal
om_1        | KVNO Timestamp         Principal
jhs         |      0K                                                       100% 10.2M=0s
nm_1        | --2019-10-06 05:34:56--  http://kdc:8081/keytab/nm/jhs
kdc_1       | Generiting keytab
datanode_3  | Resolving kdc (kdc)... 172.18.0.7
datanode_2  |    2 10/06/19 05:34:48 nm/49900dd8e19c@EXAMPLE.COM
rm_1        | ---- ----------------- --------------------------------------------------------
datanode_1  | KVNO Timestamp         Principal
kms_1       | Connecting to kdc (kdc)|172.18.0.7|:8081... connected.
scm_1       | Download yarn/scm@EXAMPLE.COM keytab file to /etc/security/keytabs/yarn.keytab
s3g_1       | ---- ----------------- --------------------------------------------------------
om_1        | ---- ----------------- --------------------------------------------------------
jhs         | 
nm_1        | Resolving kdc (kdc)... 172.18.0.7
datanode_3  | Connecting to kdc (kdc)|172.18.0.7|:8081... connected.
datanode_2  | Download yarn/49900dd8e19c@EXAMPLE.COM keytab file to /etc/security/keytabs/yarn.keytab
rm_1        |    2 10/06/19 05:34:55 yarn/rm@EXAMPLE.COM
kdc_1       | Authenticating as principal admin/admin with keytab /tmp/admin.keytab.
kms_1       | HTTP request sent, awaiting response... 200 OK
datanode_1  | ---- ----------------- --------------------------------------------------------
scm_1       | --2019-10-06 05:34:49--  http://kdc:8081/keytab/scm/yarn
s3g_1       |    2 10/06/19 05:34:53 yarn/s3g@EXAMPLE.COM
jhs         | 2019-10-06 05:34:54 (10.2 MB/s) - '/etc/security/keytabs/yarn.keytab' saved [144/144]
nm_1        | Connecting to kdc (kdc)|172.18.0.7|:8081... connected.
datanode_3  | HTTP request sent, awaiting response... 200 OK
datanode_2  | --2019-10-06 05:34:48--  http://kdc:8081/keytab/49900dd8e19c/yarn
rm_1        |    2 10/06/19 05:34:55 yarn/rm@EXAMPLE.COM
kdc_1       | WARNING: no policy specified for scm/om@EXAMPLE.COM; defaulting to no policy
kms_1       | Length: 162 [application/octet-stream]
scm_1       | Resolving kdc (kdc)... 172.18.0.7
datanode_1  |    2 10/06/19 05:34:53 yarn/06bdb749c5d2@EXAMPLE.COM
om_1        |    2 10/06/19 05:34:48 nm/om@EXAMPLE.COM
s3g_1       |    2 10/06/19 05:34:53 yarn/s3g@EXAMPLE.COM
jhs         | 
nm_1        | HTTP request sent, awaiting response... 200 OK
datanode_3  | Length: 162 [application/octet-stream]
datanode_2  | Resolving kdc (kdc)... 172.18.0.7
rm_1        | Download jhs/rm@EXAMPLE.COM keytab file to /etc/security/keytabs/jhs.keytab
kdc_1       | Principal "scm/om@EXAMPLE.COM" created.
kms_1       | Saving to: '/etc/security/keytabs/yarn.keytab'
datanode_1  |    2 10/06/19 05:34:53 yarn/06bdb749c5d2@EXAMPLE.COM
scm_1       | Connecting to kdc (kdc)|172.18.0.7|:8081... connected.
s3g_1       | Download jhs/s3g@EXAMPLE.COM keytab file to /etc/security/keytabs/jhs.keytab
om_1        |    2 10/06/19 05:34:48 nm/om@EXAMPLE.COM
jhs         | Keytab name: FILE:/etc/security/keytabs/yarn.keytab
nm_1        | Length: 140 [application/octet-stream]
datanode_3  | Saving to: '/etc/security/keytabs/yarn.keytab'
datanode_2  | Connecting to kdc (kdc)|172.18.0.7|:8081... connected.
rm_1        | --2019-10-06 05:34:55--  http://kdc:8081/keytab/rm/jhs
kdc_1       | Authenticating as principal admin/admin with keytab /tmp/admin.keytab.
kms_1       | 
scm_1       | HTTP request sent, awaiting response... 200 OK
datanode_1  | Download jhs/06bdb749c5d2@EXAMPLE.COM keytab file to /etc/security/keytabs/jhs.keytab
s3g_1       | --2019-10-06 05:34:53--  http://kdc:8081/keytab/s3g/jhs
om_1        | Download yarn/om@EXAMPLE.COM keytab file to /etc/security/keytabs/yarn.keytab
jhs         | KVNO Timestamp         Principal
nm_1        | Saving to: '/etc/security/keytabs/jhs.keytab'
datanode_3  | 
datanode_2  | HTTP request sent, awaiting response... 200 OK
rm_1        | Resolving kdc (kdc)... 172.18.0.7
kdc_1       | Entry for principal scm/om@EXAMPLE.COM with kvno 2, encryption type aes256-cts-hmac-sha1-96 added to keytab WRFILE:/data/scm.om.keytab.
kms_1       |      0K                                                       100% 22.2M=0s
datanode_1  | --2019-10-06 05:34:53--  http://kdc:8081/keytab/06bdb749c5d2/jhs
scm_1       | Length: 144 [application/octet-stream]
s3g_1       | Resolving kdc (kdc)... 172.18.0.7
om_1        | --2019-10-06 05:34:48--  http://kdc:8081/keytab/om/yarn
jhs         | ---- ----------------- --------------------------------------------------------
nm_1        | 
datanode_3  |      0K                                                       100% 11.4M=0s
rm_1        | Connecting to kdc (kdc)|172.18.0.7|:8081... connected.
kdc_1       | Entry for principal scm/om@EXAMPLE.COM with kvno 2, encryption type aes128-cts-hmac-sha1-96 added to keytab WRFILE:/data/scm.om.keytab.
kms_1       | 
datanode_2  | Length: 162 [application/octet-stream]
datanode_1  | Resolving kdc (kdc)... 172.18.0.7
om_1        | Resolving kdc (kdc)... 172.18.0.7
s3g_1       | Connecting to kdc (kdc)|172.18.0.7|:8081... connected.
jhs         |    2 10/06/19 05:34:54 yarn/jhs@EXAMPLE.COM
scm_1       | Saving to: '/etc/security/keytabs/yarn.keytab'
nm_1        |      0K                                                       100% 14.2M=0s
datanode_3  | 
rm_1        | HTTP request sent, awaiting response... 200 OK
kdc_1       | Generiting keytab
kms_1       | 2019-10-06 05:34:55 (22.2 MB/s) - '/etc/security/keytabs/yarn.keytab' saved [162/162]
datanode_2  | Saving to: '/etc/security/keytabs/yarn.keytab'
datanode_1  | Connecting to kdc (kdc)|172.18.0.7|:8081... connected.
om_1        | Connecting to kdc (kdc)|172.18.0.7|:8081... connected.
s3g_1       | HTTP request sent, awaiting response... 200 OK
jhs         |    2 10/06/19 05:34:54 yarn/jhs@EXAMPLE.COM
scm_1       | 
nm_1        | 
datanode_3  | 2019-10-06 05:34:53 (11.4 MB/s) - '/etc/security/keytabs/yarn.keytab' saved [162/162]
rm_1        | Length: 140 [application/octet-stream]
kdc_1       | Authenticating as principal admin/admin with keytab /tmp/admin.keytab.
kms_1       | 
datanode_2  | 
datanode_1  | HTTP request sent, awaiting response... 200 OK
om_1        | HTTP request sent, awaiting response... 200 OK
s3g_1       | Length: 142 [application/octet-stream]
jhs         | Download jhs/jhs@EXAMPLE.COM keytab file to /etc/security/keytabs/jhs.keytab
scm_1       |      0K                                                       100% 8.01M=0s
nm_1        | 2019-10-06 05:34:57 (14.2 MB/s) - '/etc/security/keytabs/jhs.keytab' saved [140/140]
datanode_3  | 
rm_1        | Saving to: '/etc/security/keytabs/jhs.keytab'
kdc_1       | WARNING: no policy specified for dn/6d0aa6b1c5ba@EXAMPLE.COM; defaulting to no policy
kms_1       | Keytab name: FILE:/etc/security/keytabs/yarn.keytab
datanode_2  |      0K                                                       100% 12.4M=0s
datanode_1  | Length: 160 [application/octet-stream]
om_1        | Length: 142 [application/octet-stream]
jhs         | --2019-10-06 05:34:54--  http://kdc:8081/keytab/jhs/jhs
s3g_1       | Saving to: '/etc/security/keytabs/jhs.keytab'
scm_1       | 
nm_1        | 
datanode_3  | Keytab name: FILE:/etc/security/keytabs/yarn.keytab
rm_1        | 
kdc_1       | Principal "dn/6d0aa6b1c5ba@EXAMPLE.COM" created.
datanode_2  | 
kms_1       | KVNO Timestamp         Principal
datanode_1  | Saving to: '/etc/security/keytabs/jhs.keytab'
om_1        | Saving to: '/etc/security/keytabs/yarn.keytab'
jhs         | Resolving kdc (kdc)... 172.18.0.7
s3g_1       | 
scm_1       | 2019-10-06 05:34:51 (8.01 MB/s) - '/etc/security/keytabs/yarn.keytab' saved [144/144]
nm_1        | Keytab name: FILE:/etc/security/keytabs/jhs.keytab
datanode_3  | KVNO Timestamp         Principal
rm_1        |      0K                                                       100% 20.6M=0s
kdc_1       | Authenticating as principal admin/admin with keytab /tmp/admin.keytab.
kms_1       | ---- ----------------- --------------------------------------------------------
datanode_1  | 
om_1        | 
jhs         | Connecting to kdc (kdc)|172.18.0.7|:8081... connected.
s3g_1       |      0K                                                       100% 18.1M=0s
scm_1       | 
datanode_2  | 2019-10-06 05:34:50 (12.4 MB/s) - '/etc/security/keytabs/yarn.keytab' saved [162/162]
nm_1        | KVNO Timestamp         Principal
datanode_3  | ---- ----------------- --------------------------------------------------------
rm_1        | 
kdc_1       | Entry for principal dn/6d0aa6b1c5ba@EXAMPLE.COM with kvno 2, encryption type aes256-cts-hmac-sha1-96 added to keytab WRFILE:/data/dn.6d0aa6b1c5ba.keytab.
kms_1       |    2 10/06/19 05:34:55 yarn/543ddd4800fd@EXAMPLE.COM
datanode_1  |      0K                                                       100% 20.6M=0s
om_1        |      0K                                                       100% 10.9M=0s
jhs         | HTTP request sent, awaiting response... 200 OK
s3g_1       | 
scm_1       | Keytab name: FILE:/etc/security/keytabs/yarn.keytab
nm_1        | ---- ----------------- --------------------------------------------------------
datanode_3  |    2 10/06/19 05:34:53 yarn/6d0aa6b1c5ba@EXAMPLE.COM
rm_1        | 2019-10-06 05:34:56 (20.6 MB/s) - '/etc/security/keytabs/jhs.keytab' saved [140/140]
datanode_2  | 
kdc_1       | Entry for principal dn/6d0aa6b1c5ba@EXAMPLE.COM with kvno 2, encryption type aes128-cts-hmac-sha1-96 added to keytab WRFILE:/data/dn.6d0aa6b1c5ba.keytab.
kms_1       |    2 10/06/19 05:34:55 yarn/543ddd4800fd@EXAMPLE.COM
datanode_1  | 
om_1        | 
s3g_1       | 2019-10-06 05:34:55 (18.1 MB/s) - '/etc/security/keytabs/jhs.keytab' saved [142/142]
scm_1       | KVNO Timestamp         Principal
nm_1        |    2 10/06/19 05:34:57 jhs/nm@EXAMPLE.COM
datanode_3  |    2 10/06/19 05:34:53 yarn/6d0aa6b1c5ba@EXAMPLE.COM
datanode_2  | Keytab name: FILE:/etc/security/keytabs/yarn.keytab
rm_1        | 
kdc_1       | Generiting keytab
datanode_1  | 2019-10-06 05:34:55 (20.6 MB/s) - '/etc/security/keytabs/jhs.keytab' saved [160/160]
kms_1       | Download jhs/543ddd4800fd@EXAMPLE.COM keytab file to /etc/security/keytabs/jhs.keytab
jhs         | Length: 142 [application/octet-stream]
om_1        | 2019-10-06 05:34:50 (10.9 MB/s) - '/etc/security/keytabs/yarn.keytab' saved [142/142]
s3g_1       | 
scm_1       | ---- ----------------- --------------------------------------------------------
nm_1        |    2 10/06/19 05:34:57 jhs/nm@EXAMPLE.COM
datanode_3  | Download jhs/6d0aa6b1c5ba@EXAMPLE.COM keytab file to /etc/security/keytabs/jhs.keytab
datanode_2  | KVNO Timestamp         Principal
rm_1        | Keytab name: FILE:/etc/security/keytabs/jhs.keytab
kdc_1       | Authenticating as principal admin/admin with keytab /tmp/admin.keytab.
kms_1       | --2019-10-06 05:34:55--  http://kdc:8081/keytab/543ddd4800fd/jhs
jhs         | Saving to: '/etc/security/keytabs/jhs.keytab'
om_1        | 
s3g_1       | Keytab name: FILE:/etc/security/keytabs/jhs.keytab
scm_1       |    2 10/06/19 05:34:51 yarn/scm@EXAMPLE.COM
datanode_1  | 
datanode_3  | --2019-10-06 05:34:53--  http://kdc:8081/keytab/6d0aa6b1c5ba/jhs
nm_1        | Download hadoop/nm@EXAMPLE.COM keytab file to /etc/security/keytabs/hadoop.keytab
datanode_2  | ---- ----------------- --------------------------------------------------------
rm_1        | KVNO Timestamp         Principal
kdc_1       | WARNING: no policy specified for scm/49900dd8e19c@EXAMPLE.COM; defaulting to no policy
kms_1       | Resolving kdc (kdc)... 172.18.0.7
jhs         | 
om_1        | Keytab name: FILE:/etc/security/keytabs/yarn.keytab
s3g_1       | KVNO Timestamp         Principal
scm_1       |    2 10/06/19 05:34:51 yarn/scm@EXAMPLE.COM
datanode_1  | Keytab name: FILE:/etc/security/keytabs/jhs.keytab
datanode_3  | Resolving kdc (kdc)... 172.18.0.7
nm_1        | --2019-10-06 05:34:57--  http://kdc:8081/keytab/nm/hadoop
datanode_2  |    2 10/06/19 05:34:50 yarn/49900dd8e19c@EXAMPLE.COM
rm_1        | ---- ----------------- --------------------------------------------------------
kdc_1       | Principal "scm/49900dd8e19c@EXAMPLE.COM" created.
kms_1       | Connecting to kdc (kdc)|172.18.0.7|:8081... connected.
jhs         |      0K                                                       100% 15.0M=0s
om_1        | KVNO Timestamp         Principal
s3g_1       | ---- ----------------- --------------------------------------------------------
scm_1       | Download jhs/scm@EXAMPLE.COM keytab file to /etc/security/keytabs/jhs.keytab
datanode_3  | Connecting to kdc (kdc)|172.18.0.7|:8081... connected.
nm_1        | Resolving kdc (kdc)... 172.18.0.7
datanode_2  |    2 10/06/19 05:34:50 yarn/49900dd8e19c@EXAMPLE.COM
rm_1        |    2 10/06/19 05:34:56 jhs/rm@EXAMPLE.COM
kdc_1       | Authenticating as principal admin/admin with keytab /tmp/admin.keytab.
datanode_1  | KVNO Timestamp         Principal
kms_1       | HTTP request sent, awaiting response... 200 OK
jhs         | 
om_1        | ---- ----------------- --------------------------------------------------------
s3g_1       |    2 10/06/19 05:34:55 jhs/s3g@EXAMPLE.COM
scm_1       | --2019-10-06 05:34:51--  http://kdc:8081/keytab/scm/jhs
datanode_3  | HTTP request sent, awaiting response... 200 OK
nm_1        | Connecting to kdc (kdc)|172.18.0.7|:8081... connected.
datanode_2  | Download jhs/49900dd8e19c@EXAMPLE.COM keytab file to /etc/security/keytabs/jhs.keytab
kdc_1       | Entry for principal scm/49900dd8e19c@EXAMPLE.COM with kvno 2, encryption type aes256-cts-hmac-sha1-96 added to keytab WRFILE:/data/scm.49900dd8e19c.keytab.
kms_1       | Length: 160 [application/octet-stream]
datanode_1  | ---- ----------------- --------------------------------------------------------
rm_1        |    2 10/06/19 05:34:56 jhs/rm@EXAMPLE.COM
jhs         | 2019-10-06 05:34:56 (15.0 MB/s) - '/etc/security/keytabs/jhs.keytab' saved [142/142]
om_1        |    2 10/06/19 05:34:50 yarn/om@EXAMPLE.COM
s3g_1       |    2 10/06/19 05:34:55 jhs/s3g@EXAMPLE.COM
scm_1       | Resolving kdc (kdc)... 172.18.0.7
datanode_3  | Length: 160 [application/octet-stream]
nm_1        | HTTP request sent, awaiting response... 200 OK
datanode_2  | --2019-10-06 05:34:50--  http://kdc:8081/keytab/49900dd8e19c/jhs
kdc_1       | Entry for principal scm/49900dd8e19c@EXAMPLE.COM with kvno 2, encryption type aes128-cts-hmac-sha1-96 added to keytab WRFILE:/data/scm.49900dd8e19c.keytab.
kms_1       | Saving to: '/etc/security/keytabs/jhs.keytab'
datanode_1  |    2 10/06/19 05:34:55 jhs/06bdb749c5d2@EXAMPLE.COM
rm_1        | Download hadoop/rm@EXAMPLE.COM keytab file to /etc/security/keytabs/hadoop.keytab
jhs         | 
om_1        |    2 10/06/19 05:34:50 yarn/om@EXAMPLE.COM
s3g_1       | Download hadoop/s3g@EXAMPLE.COM keytab file to /etc/security/keytabs/hadoop.keytab
scm_1       | Connecting to kdc (kdc)|172.18.0.7|:8081... connected.
datanode_3  | Saving to: '/etc/security/keytabs/jhs.keytab'
nm_1        | Length: 146 [application/octet-stream]
datanode_2  | Resolving kdc (kdc)... 172.18.0.7
kms_1       | 
datanode_1  |    2 10/06/19 05:34:55 jhs/06bdb749c5d2@EXAMPLE.COM
rm_1        | --2019-10-06 05:34:56--  http://kdc:8081/keytab/rm/hadoop
jhs         | Keytab name: FILE:/etc/security/keytabs/jhs.keytab
kdc_1       | Generiting keytab
om_1        | Download jhs/om@EXAMPLE.COM keytab file to /etc/security/keytabs/jhs.keytab
s3g_1       | --2019-10-06 05:34:55--  http://kdc:8081/keytab/s3g/hadoop
scm_1       | HTTP request sent, awaiting response... 200 OK
datanode_3  | 
nm_1        | Saving to: '/etc/security/keytabs/hadoop.keytab'
datanode_2  | Connecting to kdc (kdc)|172.18.0.7|:8081... connected.
kms_1       |      0K                                                       100% 20.2M=0s
datanode_1  | Download hadoop/06bdb749c5d2@EXAMPLE.COM keytab file to /etc/security/keytabs/hadoop.keytab
rm_1        | Resolving kdc (kdc)... 172.18.0.7
jhs         | KVNO Timestamp         Principal
kdc_1       | Authenticating as principal admin/admin with keytab /tmp/admin.keytab.
om_1        | --2019-10-06 05:34:50--  http://kdc:8081/keytab/om/jhs
s3g_1       | Resolving kdc (kdc)... 172.18.0.7
scm_1       | Length: 142 [application/octet-stream]
datanode_3  |      0K                                                       100% 20.0M=0s
nm_1        | 
datanode_2  | HTTP request sent, awaiting response... 200 OK
kms_1       | 
rm_1        | Connecting to kdc (kdc)|172.18.0.7|:8081... connected.
datanode_1  | --2019-10-06 05:34:55--  http://kdc:8081/keytab/06bdb749c5d2/hadoop
jhs         | ---- ----------------- --------------------------------------------------------
kdc_1       | WARNING: no policy specified for dn/06bdb749c5d2@EXAMPLE.COM; defaulting to no policy
om_1        | Resolving kdc (kdc)... 172.18.0.7
s3g_1       | Connecting to kdc (kdc)|172.18.0.7|:8081... connected.
scm_1       | Saving to: '/etc/security/keytabs/jhs.keytab'
datanode_3  | 
nm_1        |      0K                                                       100% 13.4M=0s
datanode_2  | Length: 160 [application/octet-stream]
kms_1       | 2019-10-06 05:34:56 (20.2 MB/s) - '/etc/security/keytabs/jhs.keytab' saved [160/160]
rm_1        | HTTP request sent, awaiting response... 200 OK
datanode_1  | Resolving kdc (kdc)... 172.18.0.7
jhs         |    2 10/06/19 05:34:55 jhs/jhs@EXAMPLE.COM
kdc_1       | Principal "dn/06bdb749c5d2@EXAMPLE.COM" created.
om_1        | Connecting to kdc (kdc)|172.18.0.7|:8081... connected.
s3g_1       | HTTP request sent, awaiting response... 200 OK
scm_1       | 
datanode_3  | 2019-10-06 05:34:54 (20.0 MB/s) - '/etc/security/keytabs/jhs.keytab' saved [160/160]
nm_1        | 
datanode_2  | Saving to: '/etc/security/keytabs/jhs.keytab'
kms_1       | 
rm_1        | Length: 146 [application/octet-stream]
datanode_1  | Connecting to kdc (kdc)|172.18.0.7|:8081... connected.
jhs         |    2 10/06/19 05:34:55 jhs/jhs@EXAMPLE.COM
kdc_1       | Authenticating as principal admin/admin with keytab /tmp/admin.keytab.
s3g_1       | Length: 148 [application/octet-stream]
scm_1       |      0K                                                       100% 10.4M=0s
om_1        | HTTP request sent, awaiting response... 200 OK
datanode_3  | 
nm_1        | 2019-10-06 05:34:58 (13.4 MB/s) - '/etc/security/keytabs/hadoop.keytab' saved [146/146]
datanode_2  | 
kms_1       | Keytab name: FILE:/etc/security/keytabs/jhs.keytab
rm_1        | Saving to: '/etc/security/keytabs/hadoop.keytab'
datanode_1  | HTTP request sent, awaiting response... 200 OK
jhs         | Download hadoop/jhs@EXAMPLE.COM keytab file to /etc/security/keytabs/hadoop.keytab
kdc_1       | Entry for principal dn/06bdb749c5d2@EXAMPLE.COM with kvno 2, encryption type aes256-cts-hmac-sha1-96 added to keytab WRFILE:/data/dn.06bdb749c5d2.keytab.
s3g_1       | Saving to: '/etc/security/keytabs/hadoop.keytab'
scm_1       | 
om_1        | Length: 140 [application/octet-stream]
datanode_3  | Keytab name: FILE:/etc/security/keytabs/jhs.keytab
nm_1        | 
datanode_2  |      0K                                                       100% 15.3M=0s
kms_1       | KVNO Timestamp         Principal
rm_1        | 
datanode_1  | Length: 166 [application/octet-stream]
jhs         | --2019-10-06 05:34:56--  http://kdc:8081/keytab/jhs/hadoop
kdc_1       | Entry for principal dn/06bdb749c5d2@EXAMPLE.COM with kvno 2, encryption type aes128-cts-hmac-sha1-96 added to keytab WRFILE:/data/dn.06bdb749c5d2.keytab.
s3g_1       | 
scm_1       | 2019-10-06 05:34:52 (10.4 MB/s) - '/etc/security/keytabs/jhs.keytab' saved [142/142]
datanode_3  | KVNO Timestamp         Principal
om_1        | Saving to: '/etc/security/keytabs/jhs.keytab'
nm_1        | Keytab name: FILE:/etc/security/keytabs/hadoop.keytab
datanode_2  | 
rm_1        |      0K                                                       100% 20.7M=0s
datanode_1  | Saving to: '/etc/security/keytabs/hadoop.keytab'
jhs         | Resolving kdc (kdc)... 172.18.0.7
kdc_1       | Generiting keytab
s3g_1       |      0K                                                       100% 14.7M=0s
scm_1       | 
datanode_3  | ---- ----------------- --------------------------------------------------------
om_1        | 
kms_1       | ---- ----------------- --------------------------------------------------------
datanode_2  | 2019-10-06 05:34:51 (15.3 MB/s) - '/etc/security/keytabs/jhs.keytab' saved [160/160]
nm_1        | KVNO Timestamp         Principal
rm_1        | 
datanode_1  | 
jhs         | Connecting to kdc (kdc)|172.18.0.7|:8081... connected.
kdc_1       | Authenticating as principal admin/admin with keytab /tmp/admin.keytab.
s3g_1       | 
scm_1       | Keytab name: FILE:/etc/security/keytabs/jhs.keytab
datanode_3  |    2 10/06/19 05:34:54 jhs/6d0aa6b1c5ba@EXAMPLE.COM
om_1        |      0K                                                       100% 11.0M=0s
kms_1       |    2 10/06/19 05:34:56 jhs/543ddd4800fd@EXAMPLE.COM
datanode_2  | 
nm_1        | ---- ----------------- --------------------------------------------------------
rm_1        | 2019-10-06 05:34:57 (20.7 MB/s) - '/etc/security/keytabs/hadoop.keytab' saved [146/146]
datanode_1  |      0K                                                       100% 16.7M=0s
jhs         | HTTP request sent, awaiting response... 200 OK
kdc_1       | WARNING: no policy specified for dn/s3g@EXAMPLE.COM; defaulting to no policy
s3g_1       | 2019-10-06 05:34:56 (14.7 MB/s) - '/etc/security/keytabs/hadoop.keytab' saved [148/148]
scm_1       | KVNO Timestamp         Principal
datanode_3  |    2 10/06/19 05:34:54 jhs/6d0aa6b1c5ba@EXAMPLE.COM
om_1        | 
kms_1       |    2 10/06/19 05:34:56 jhs/543ddd4800fd@EXAMPLE.COM
datanode_2  | Keytab name: FILE:/etc/security/keytabs/jhs.keytab
nm_1        |    2 10/06/19 05:34:58 hadoop/nm@EXAMPLE.COM
rm_1        | 
datanode_1  | 
jhs         | Length: 148 [application/octet-stream]
kdc_1       | Principal "dn/s3g@EXAMPLE.COM" created.
s3g_1       | 
scm_1       | ---- ----------------- --------------------------------------------------------
datanode_3  | Download hadoop/6d0aa6b1c5ba@EXAMPLE.COM keytab file to /etc/security/keytabs/hadoop.keytab
om_1        | 2019-10-06 05:34:51 (11.0 MB/s) - '/etc/security/keytabs/jhs.keytab' saved [140/140]
kms_1       | Download hadoop/543ddd4800fd@EXAMPLE.COM keytab file to /etc/security/keytabs/hadoop.keytab
datanode_2  | KVNO Timestamp         Principal
nm_1        |    2 10/06/19 05:34:58 hadoop/nm@EXAMPLE.COM
rm_1        | Keytab name: FILE:/etc/security/keytabs/hadoop.keytab
datanode_1  | 2019-10-06 05:34:56 (16.7 MB/s) - '/etc/security/keytabs/hadoop.keytab' saved [166/166]
jhs         | Saving to: '/etc/security/keytabs/hadoop.keytab'
kdc_1       | Authenticating as principal admin/admin with keytab /tmp/admin.keytab.
s3g_1       | Keytab name: FILE:/etc/security/keytabs/hadoop.keytab
scm_1       |    2 10/06/19 05:34:52 jhs/scm@EXAMPLE.COM
datanode_3  | --2019-10-06 05:34:54--  http://kdc:8081/keytab/6d0aa6b1c5ba/hadoop
om_1        | 
kms_1       | --2019-10-06 05:34:56--  http://kdc:8081/keytab/543ddd4800fd/hadoop
datanode_2  | ---- ----------------- --------------------------------------------------------
nm_1        | Download spark/nm@EXAMPLE.COM keytab file to /etc/security/keytabs/spark.keytab
rm_1        | KVNO Timestamp         Principal
datanode_1  | 
jhs         | 
kdc_1       | Entry for principal dn/s3g@EXAMPLE.COM with kvno 2, encryption type aes256-cts-hmac-sha1-96 added to keytab WRFILE:/data/dn.s3g.keytab.
s3g_1       | KVNO Timestamp         Principal
scm_1       |    2 10/06/19 05:34:52 jhs/scm@EXAMPLE.COM
datanode_3  | Resolving kdc (kdc)... 172.18.0.7
om_1        | Keytab name: FILE:/etc/security/keytabs/jhs.keytab
kms_1       | Resolving kdc (kdc)... 172.18.0.7
datanode_2  |    2 10/06/19 05:34:51 jhs/49900dd8e19c@EXAMPLE.COM
nm_1        | --2019-10-06 05:34:58--  http://kdc:8081/keytab/nm/spark
datanode_1  | Keytab name: FILE:/etc/security/keytabs/hadoop.keytab
jhs         |      0K                                                       100% 15.3M=0s
kdc_1       | Entry for principal dn/s3g@EXAMPLE.COM with kvno 2, encryption type aes128-cts-hmac-sha1-96 added to keytab WRFILE:/data/dn.s3g.keytab.
s3g_1       | ---- ----------------- --------------------------------------------------------
datanode_3  | Connecting to kdc (kdc)|172.18.0.7|:8081... connected.
scm_1       | Download hadoop/scm@EXAMPLE.COM keytab file to /etc/security/keytabs/hadoop.keytab
rm_1        | ---- ----------------- --------------------------------------------------------
om_1        | KVNO Timestamp         Principal
kms_1       | Connecting to kdc (kdc)|172.18.0.7|:8081... connected.
datanode_2  |    2 10/06/19 05:34:51 jhs/49900dd8e19c@EXAMPLE.COM
nm_1        | Resolving kdc (kdc)... 172.18.0.7
datanode_1  | KVNO Timestamp         Principal
jhs         | 
kdc_1       | Generiting keytab
s3g_1       |    2 10/06/19 05:34:56 hadoop/s3g@EXAMPLE.COM
datanode_3  | HTTP request sent, awaiting response... 200 OK
scm_1       | --2019-10-06 05:34:52--  http://kdc:8081/keytab/scm/hadoop
rm_1        |    2 10/06/19 05:34:57 hadoop/rm@EXAMPLE.COM
om_1        | ---- ----------------- --------------------------------------------------------
kms_1       | HTTP request sent, awaiting response... 200 OK
datanode_2  | Download hadoop/49900dd8e19c@EXAMPLE.COM keytab file to /etc/security/keytabs/hadoop.keytab
nm_1        | Connecting to kdc (kdc)|172.18.0.7|:8081... connected.
datanode_1  | ---- ----------------- --------------------------------------------------------
jhs         | 2019-10-06 05:34:57 (15.3 MB/s) - '/etc/security/keytabs/hadoop.keytab' saved [148/148]
s3g_1       |    2 10/06/19 05:34:56 hadoop/s3g@EXAMPLE.COM
kdc_1       | Authenticating as principal admin/admin with keytab /tmp/admin.keytab.
datanode_3  | Length: 166 [application/octet-stream]
scm_1       | Resolving kdc (kdc)... 172.18.0.7
rm_1        |    2 10/06/19 05:34:57 hadoop/rm@EXAMPLE.COM
om_1        |    2 10/06/19 05:34:51 jhs/om@EXAMPLE.COM
kms_1       | Length: 166 [application/octet-stream]
datanode_2  | --2019-10-06 05:34:51--  http://kdc:8081/keytab/49900dd8e19c/hadoop
nm_1        | HTTP request sent, awaiting response... 200 OK
datanode_1  |    2 10/06/19 05:34:56 hadoop/06bdb749c5d2@EXAMPLE.COM
jhs         | 
s3g_1       | Download spark/s3g@EXAMPLE.COM keytab file to /etc/security/keytabs/spark.keytab
kdc_1       | WARNING: no policy specified for dn/jhs@EXAMPLE.COM; defaulting to no policy
datanode_3  | Saving to: '/etc/security/keytabs/hadoop.keytab'
scm_1       | Connecting to kdc (kdc)|172.18.0.7|:8081... connected.
rm_1        | Download spark/rm@EXAMPLE.COM keytab file to /etc/security/keytabs/spark.keytab
om_1        |    2 10/06/19 05:34:51 jhs/om@EXAMPLE.COM
kms_1       | Saving to: '/etc/security/keytabs/hadoop.keytab'
datanode_2  | Resolving kdc (kdc)... 172.18.0.7
nm_1        | Length: 144 [application/octet-stream]
datanode_1  |    2 10/06/19 05:34:56 hadoop/06bdb749c5d2@EXAMPLE.COM
jhs         | Keytab name: FILE:/etc/security/keytabs/hadoop.keytab
s3g_1       | --2019-10-06 05:34:56--  http://kdc:8081/keytab/s3g/spark
kdc_1       | Principal "dn/jhs@EXAMPLE.COM" created.
datanode_3  | 
scm_1       | HTTP request sent, awaiting response... 200 OK
rm_1        | --2019-10-06 05:34:57--  http://kdc:8081/keytab/rm/spark
om_1        | Download hadoop/om@EXAMPLE.COM keytab file to /etc/security/keytabs/hadoop.keytab
kms_1       | 
datanode_2  | Connecting to kdc (kdc)|172.18.0.7|:8081... connected.
nm_1        | Saving to: '/etc/security/keytabs/spark.keytab'
datanode_1  | Download spark/06bdb749c5d2@EXAMPLE.COM keytab file to /etc/security/keytabs/spark.keytab
jhs         | KVNO Timestamp         Principal
s3g_1       | Resolving kdc (kdc)... 172.18.0.7
kdc_1       | Authenticating as principal admin/admin with keytab /tmp/admin.keytab.
datanode_3  |      0K                                                       100% 23.3M=0s
scm_1       | Length: 148 [application/octet-stream]
rm_1        | Resolving kdc (kdc)... 172.18.0.7
om_1        | --2019-10-06 05:34:51--  http://kdc:8081/keytab/om/hadoop
datanode_2  | HTTP request sent, awaiting response... 200 OK
nm_1        | 
kms_1       |      0K                                                       100% 17.7M=0s
datanode_1  | --2019-10-06 05:34:56--  http://kdc:8081/keytab/06bdb749c5d2/spark
jhs         | ---- ----------------- --------------------------------------------------------
s3g_1       | Connecting to kdc (kdc)|172.18.0.7|:8081... connected.
kdc_1       | Oct 06 05:34:40 kdc krb5kdc[9](info): AS_REQ (8 etypes {18 17 20 19 16 23 25 26}) 127.0.0.1: ISSUE: authtime 1570340080, etypes {rep=18 tkt=18 ses=18}, admin/admin@EXAMPLE.COM for kadmin/admin@EXAMPLE.COM
datanode_3  | 
scm_1       | Saving to: '/etc/security/keytabs/hadoop.keytab'
rm_1        | Connecting to kdc (kdc)|172.18.0.7|:8081... connected.
om_1        | Resolving kdc (kdc)... 172.18.0.7
datanode_2  | Length: 166 [application/octet-stream]
nm_1        |      0K                                                       100% 12.7M=0s
kms_1       | 
datanode_1  | Resolving kdc (kdc)... 172.18.0.7
jhs         |    2 10/06/19 05:34:57 hadoop/jhs@EXAMPLE.COM
s3g_1       | HTTP request sent, awaiting response... 200 OK
kdc_1       | Oct 06 05:34:40 kdc krb5kdc[9](info): AS_REQ (8 etypes {18 17 20 19 16 23 25 26}) 127.0.0.1: SERVER_NOT_FOUND: admin/admin@EXAMPLE.COM for kadmin/localhost@EXAMPLE.COM, Server not found in Kerberos database
datanode_3  | 2019-10-06 05:34:56 (23.3 MB/s) - '/etc/security/keytabs/hadoop.keytab' saved [166/166]
scm_1       | 
rm_1        | HTTP request sent, awaiting response... 200 OK
om_1        | Connecting to kdc (kdc)|172.18.0.7|:8081... connected.
datanode_2  | Saving to: '/etc/security/keytabs/hadoop.keytab'
nm_1        | 
kms_1       | 2019-10-06 05:34:57 (17.7 MB/s) - '/etc/security/keytabs/hadoop.keytab' saved [166/166]
datanode_1  | Connecting to kdc (kdc)|172.18.0.7|:8081... connected.
jhs         |    2 10/06/19 05:34:57 hadoop/jhs@EXAMPLE.COM
kdc_1       | Oct 06 05:34:40 kdc krb5kdc[9](info): AS_REQ (8 etypes {18 17 20 19 16 23 25 26}) 127.0.0.1: ISSUE: authtime 1570340080, etypes {rep=18 tkt=18 ses=18}, admin/admin@EXAMPLE.COM for kadmin/admin@EXAMPLE.COM
datanode_3  | 
rm_1        | Length: 144 [application/octet-stream]
scm_1       |      0K                                                       100% 14.7M=0s
s3g_1       | Length: 146 [application/octet-stream]
om_1        | HTTP request sent, awaiting response... 200 OK
datanode_2  | 
nm_1        | 2019-10-06 05:34:58 (12.7 MB/s) - '/etc/security/keytabs/spark.keytab' saved [144/144]
kms_1       | 
datanode_1  | HTTP request sent, awaiting response... 200 OK
jhs         | Download spark/jhs@EXAMPLE.COM keytab file to /etc/security/keytabs/spark.keytab
kdc_1       | Oct 06 05:34:41 kdc krb5kdc[9](info): AS_REQ (8 etypes {18 17 20 19 16 23 25 26}) 127.0.0.1: SERVER_NOT_FOUND: admin/admin@EXAMPLE.COM for kadmin/localhost@EXAMPLE.COM, Server not found in Kerberos database
datanode_3  | Keytab name: FILE:/etc/security/keytabs/hadoop.keytab
rm_1        | Saving to: '/etc/security/keytabs/spark.keytab'
scm_1       | 
s3g_1       | Saving to: '/etc/security/keytabs/spark.keytab'
om_1        | Length: 146 [application/octet-stream]
datanode_2  |      0K                                                       100% 13.3M=0s
nm_1        | 
kms_1       | Keytab name: FILE:/etc/security/keytabs/hadoop.keytab
jhs         | --2019-10-06 05:34:57--  http://kdc:8081/keytab/jhs/spark
datanode_1  | Length: 164 [application/octet-stream]
kdc_1       | Oct 06 05:34:41 kdc krb5kdc[9](info): AS_REQ (8 etypes {18 17 20 19 16 23 25 26}) 127.0.0.1: ISSUE: authtime 1570340081, etypes {rep=18 tkt=18 ses=18}, admin/admin@EXAMPLE.COM for kadmin/admin@EXAMPLE.COM
datanode_3  | KVNO Timestamp         Principal
rm_1        | 
scm_1       | 2019-10-06 05:34:54 (14.7 MB/s) - '/etc/security/keytabs/hadoop.keytab' saved [148/148]
s3g_1       | 
om_1        | Saving to: '/etc/security/keytabs/hadoop.keytab'
datanode_2  | 
nm_1        | Keytab name: FILE:/etc/security/keytabs/spark.keytab
kms_1       | KVNO Timestamp         Principal
jhs         | Resolving kdc (kdc)... 172.18.0.7
datanode_3  | ---- ----------------- --------------------------------------------------------
kdc_1       | Oct 06 05:34:41 kdc krb5kdc[9](info): AS_REQ (8 etypes {18 17 20 19 16 23 25 26}) 127.0.0.1: SERVER_NOT_FOUND: admin/admin@EXAMPLE.COM for kadmin/localhost@EXAMPLE.COM, Server not found in Kerberos database
datanode_1  | Saving to: '/etc/security/keytabs/spark.keytab'
rm_1        |      0K                                                       100% 3.17M=0s
scm_1       | 
s3g_1       |      0K                                                       100% 20.5M=0s
om_1        | 
datanode_2  | 2019-10-06 05:34:53 (13.3 MB/s) - '/etc/security/keytabs/hadoop.keytab' saved [166/166]
nm_1        | KVNO Timestamp         Principal
kms_1       | ---- ----------------- --------------------------------------------------------
jhs         | Connecting to kdc (kdc)|172.18.0.7|:8081... connected.
datanode_3  |    2 10/06/19 05:34:56 hadoop/6d0aa6b1c5ba@EXAMPLE.COM
datanode_1  | 
rm_1        | 
scm_1       | Keytab name: FILE:/etc/security/keytabs/hadoop.keytab
s3g_1       | 
kdc_1       | Oct 06 05:34:41 kdc krb5kdc[9](info): AS_REQ (8 etypes {18 17 20 19 16 23 25 26}) 127.0.0.1: ISSUE: authtime 1570340081, etypes {rep=18 tkt=18 ses=18}, admin/admin@EXAMPLE.COM for kadmin/admin@EXAMPLE.COM
om_1        |      0K                                                       100% 10.1M=0s
datanode_2  | 
nm_1        | ---- ----------------- --------------------------------------------------------
kms_1       |    2 10/06/19 05:34:57 hadoop/543ddd4800fd@EXAMPLE.COM
jhs         | HTTP request sent, awaiting response... 200 OK
datanode_3  |    2 10/06/19 05:34:56 hadoop/6d0aa6b1c5ba@EXAMPLE.COM
datanode_1  |      0K                                                       100% 16.3M=0s
rm_1        | 2019-10-06 05:34:58 (3.17 MB/s) - '/etc/security/keytabs/spark.keytab' saved [144/144]
scm_1       | KVNO Timestamp         Principal
kdc_1       | Oct 06 05:34:41 kdc krb5kdc[9](info): AS_REQ (8 etypes {18 17 20 19 16 23 25 26}) 127.0.0.1: SERVER_NOT_FOUND: admin/admin@EXAMPLE.COM for kadmin/localhost@EXAMPLE.COM, Server not found in Kerberos database
om_1        | 
s3g_1       | 2019-10-06 05:34:57 (20.5 MB/s) - '/etc/security/keytabs/spark.keytab' saved [146/146]
datanode_2  | Keytab name: FILE:/etc/security/keytabs/hadoop.keytab
nm_1        |    2 10/06/19 05:34:58 spark/nm@EXAMPLE.COM
kms_1       |    2 10/06/19 05:34:57 hadoop/543ddd4800fd@EXAMPLE.COM
jhs         | Length: 146 [application/octet-stream]
datanode_3  | Download spark/6d0aa6b1c5ba@EXAMPLE.COM keytab file to /etc/security/keytabs/spark.keytab
datanode_1  | 
rm_1        | 
scm_1       | ---- ----------------- --------------------------------------------------------
om_1        | 2019-10-06 05:34:53 (10.1 MB/s) - '/etc/security/keytabs/hadoop.keytab' saved [146/146]
s3g_1       | 
datanode_2  | KVNO Timestamp         Principal
nm_1        |    2 10/06/19 05:34:58 spark/nm@EXAMPLE.COM
kms_1       | Download spark/543ddd4800fd@EXAMPLE.COM keytab file to /etc/security/keytabs/spark.keytab
jhs         | Saving to: '/etc/security/keytabs/spark.keytab'
datanode_3  | --2019-10-06 05:34:56--  http://kdc:8081/keytab/6d0aa6b1c5ba/spark
datanode_1  | 2019-10-06 05:34:57 (16.3 MB/s) - '/etc/security/keytabs/spark.keytab' saved [164/164]
rm_1        | Keytab name: FILE:/etc/security/keytabs/spark.keytab
kdc_1       | Oct 06 05:34:41 kdc krb5kdc[9](info): AS_REQ (8 etypes {18 17 20 19 16 23 25 26}) 127.0.0.1: ISSUE: authtime 1570340081, etypes {rep=18 tkt=18 ses=18}, admin/admin@EXAMPLE.COM for kadmin/admin@EXAMPLE.COM
scm_1       |    2 10/06/19 05:34:54 hadoop/scm@EXAMPLE.COM
om_1        | 
s3g_1       | Keytab name: FILE:/etc/security/keytabs/spark.keytab
datanode_2  | ---- ----------------- --------------------------------------------------------
nm_1        | # Licensed to the Apache Software Foundation (ASF) under one or more
kms_1       | --2019-10-06 05:34:57--  http://kdc:8081/keytab/543ddd4800fd/spark
jhs         | 
datanode_3  | Resolving kdc (kdc)... 172.18.0.7
datanode_1  | 
rm_1        | KVNO Timestamp         Principal
kdc_1       | Oct 06 05:34:41 kdc krb5kdc[9](info): AS_REQ (8 etypes {18 17 20 19 16 23 25 26}) 127.0.0.1: SERVER_NOT_FOUND: admin/admin@EXAMPLE.COM for kadmin/localhost@EXAMPLE.COM, Server not found in Kerberos database
scm_1       |    2 10/06/19 05:34:54 hadoop/scm@EXAMPLE.COM
om_1        | Keytab name: FILE:/etc/security/keytabs/hadoop.keytab
s3g_1       | KVNO Timestamp         Principal
datanode_2  |    2 10/06/19 05:34:53 hadoop/49900dd8e19c@EXAMPLE.COM
nm_1        | # contributor license agreements.  See the NOTICE file distributed with
kms_1       | Resolving kdc (kdc)... 172.18.0.7
jhs         |      0K                                                       100% 14.4M=0s
datanode_3  | Connecting to kdc (kdc)|172.18.0.7|:8081... connected.
datanode_1  | Keytab name: FILE:/etc/security/keytabs/spark.keytab
rm_1        | ---- ----------------- --------------------------------------------------------
kdc_1       | Oct 06 05:34:41 kdc krb5kdc[9](info): AS_REQ (8 etypes {18 17 20 19 16 23 25 26}) 127.0.0.1: ISSUE: authtime 1570340081, etypes {rep=18 tkt=18 ses=18}, admin/admin@EXAMPLE.COM for kadmin/admin@EXAMPLE.COM
scm_1       | Download spark/scm@EXAMPLE.COM keytab file to /etc/security/keytabs/spark.keytab
om_1        | KVNO Timestamp         Principal
s3g_1       | ---- ----------------- --------------------------------------------------------
datanode_2  |    2 10/06/19 05:34:53 hadoop/49900dd8e19c@EXAMPLE.COM
nm_1        | # this work for additional information regarding copyright ownership.
kms_1       | Connecting to kdc (kdc)|172.18.0.7|:8081... connected.
jhs         | 
datanode_3  | HTTP request sent, awaiting response... 200 OK
datanode_1  | KVNO Timestamp         Principal
rm_1        |    2 10/06/19 05:34:58 spark/rm@EXAMPLE.COM
kdc_1       | Oct 06 05:34:41 kdc krb5kdc[9](info): AS_REQ (8 etypes {18 17 20 19 16 23 25 26}) 127.0.0.1: SERVER_NOT_FOUND: admin/admin@EXAMPLE.COM for kadmin/localhost@EXAMPLE.COM, Server not found in Kerberos database
om_1        | ---- ----------------- --------------------------------------------------------
scm_1       | --2019-10-06 05:34:54--  http://kdc:8081/keytab/scm/spark
s3g_1       |    2 10/06/19 05:34:57 spark/s3g@EXAMPLE.COM
datanode_2  | Download spark/49900dd8e19c@EXAMPLE.COM keytab file to /etc/security/keytabs/spark.keytab
nm_1        | # The ASF licenses this file to You under the Apache License, Version 2.0
kms_1       | HTTP request sent, awaiting response... 200 OK
jhs         | 2019-10-06 05:34:58 (14.4 MB/s) - '/etc/security/keytabs/spark.keytab' saved [146/146]
datanode_3  | Length: 164 [application/octet-stream]
datanode_1  | ---- ----------------- --------------------------------------------------------
rm_1        |    2 10/06/19 05:34:58 spark/rm@EXAMPLE.COM
kdc_1       | Oct 06 05:34:41 kdc krb5kdc[9](info): AS_REQ (8 etypes {18 17 20 19 16 23 25 26}) 127.0.0.1: ISSUE: authtime 1570340081, etypes {rep=18 tkt=18 ses=18}, admin/admin@EXAMPLE.COM for kadmin/admin@EXAMPLE.COM
om_1        |    2 10/06/19 05:34:53 hadoop/om@EXAMPLE.COM
scm_1       | Resolving kdc (kdc)... 172.18.0.7
s3g_1       |    2 10/06/19 05:34:57 spark/s3g@EXAMPLE.COM
datanode_2  | --2019-10-06 05:34:53--  http://kdc:8081/keytab/49900dd8e19c/spark
nm_1        | # (the "License"); you may not use this file except in compliance with
kms_1       | Length: 164 [application/octet-stream]
jhs         | 
datanode_3  | Saving to: '/etc/security/keytabs/spark.keytab'
datanode_1  |    2 10/06/19 05:34:57 spark/06bdb749c5d2@EXAMPLE.COM
rm_1        | # Licensed to the Apache Software Foundation (ASF) under one or more
kdc_1       | Oct 06 05:34:41 kdc krb5kdc[9](info): AS_REQ (8 etypes {18 17 20 19 16 23 25 26}) 127.0.0.1: SERVER_NOT_FOUND: admin/admin@EXAMPLE.COM for kadmin/localhost@EXAMPLE.COM, Server not found in Kerberos database
om_1        |    2 10/06/19 05:34:53 hadoop/om@EXAMPLE.COM
scm_1       | Connecting to kdc (kdc)|172.18.0.7|:8081... connected.
s3g_1       | WARNING: An illegal reflective access operation has occurred
datanode_2  | Resolving kdc (kdc)... 172.18.0.7
nm_1        | # the License.  You may obtain a copy of the License at
kms_1       | Saving to: '/etc/security/keytabs/spark.keytab'
jhs         | Keytab name: FILE:/etc/security/keytabs/spark.keytab
datanode_3  | 
datanode_1  |    2 10/06/19 05:34:57 spark/06bdb749c5d2@EXAMPLE.COM
rm_1        | # contributor license agreements.  See the NOTICE file distributed with
om_1        | Download spark/om@EXAMPLE.COM keytab file to /etc/security/keytabs/spark.keytab
kdc_1       | Oct 06 05:34:41 kdc krb5kdc[9](info): AS_REQ (8 etypes {18 17 20 19 16 23 25 26}) 127.0.0.1: ISSUE: authtime 1570340081, etypes {rep=18 tkt=18 ses=18}, admin/admin@EXAMPLE.COM for kadmin/admin@EXAMPLE.COM
scm_1       | HTTP request sent, awaiting response... 200 OK
s3g_1       | WARNING: Illegal reflective access by org.apache.hadoop.security.authentication.util.KerberosUtil (file:/opt/hadoop/share/ozone/lib/hadoop-auth-3.2.0.jar) to method sun.security.krb5.Config.getInstance()
datanode_2  | Connecting to kdc (kdc)|172.18.0.7|:8081... connected.
nm_1        | #
kms_1       | 
