nm_1        | 2019-10-06 05:35:01 INFO  Server:1074 - Starting Socket Reader #1 for port 8040
jhs         | INFO: Registering org.apache.hadoop.yarn.webapp.YarnJacksonJaxbJsonProvider as a provider class
datanode_1  | 2019-10-06 05:35:10 INFO  RaftServerConfigKeys:43 - raft.server.log.appender.buffer.byte-limit = 33554432 (custom)
scm_1       | 2019-10-06 05:35:02 INFO  Server:1314 - IPC Server Responder: starting
rm_1        | userLimit = 100 [= configuredUserLimit ]
om_1        | 2019-10-06 05:35:07 INFO  DBStoreBuilder:168 - Using default column profile:DBProfile.DISK for Table:userTable
datanode_3  | 2019-10-06 05:35:09 INFO  RaftStorageDirectory:328 - Lock on /data/metadata/ratis/fbf649f9-4538-4960-ad6b-0f59e2cd7e4d/in_use.lock acquired by nodename 7@6d0aa6b1c5ba
kdc_1       | WARNING: no policy specified for HTTP/49900dd8e19c@EXAMPLE.COM; defaulting to no policy
kms_1       | 	at com.sun.jersey.server.impl.wadl.WadlMethodFactory$WadlOptionsMethodDispatcher.dispatch(WadlMethodFactory.java:110)
datanode_2  | 2019-10-06 05:35:10 INFO  RaftServerConfigKeys:43 - raft.server.rpc.timeout.max = 5200ms (custom)
jhs         | Oct 06, 2019 5:35:01 AM com.sun.jersey.guice.spi.container.GuiceComponentProviderFactory register
datanode_1  | 2019-10-06 05:35:10 INFO  RaftServerConfigKeys:43 - raft.server.log.segment.size.max = 1048576 (custom)
nm_1        | 2019-10-06 05:35:01 INFO  RpcServerFactoryPBImpl:173 - Adding protocol org.apache.hadoop.yarn.server.nodemanager.api.LocalizationProtocolPB to the server
scm_1       | 2019-10-06 05:35:02 INFO  Server:1153 - IPC Server listener on 9863: starting
rm_1        | userLimitFactor = 1.0 [= configuredUserLimitFactor ]
datanode_3  | 2019-10-06 05:35:09 INFO  RaftStorage:84 - Storage directory /data/metadata/ratis/fbf649f9-4538-4960-ad6b-0f59e2cd7e4d has been successfully formatted.
kdc_1       | Principal "HTTP/49900dd8e19c@EXAMPLE.COM" created.
om_1        | 2019-10-06 05:35:07 INFO  DBStoreBuilder:117 - using custom profile for table: volumeTable
kms_1       | 	at com.sun.jersey.server.impl.uri.rules.HttpMethodRule.accept(HttpMethodRule.java:302)
datanode_2  | 2019-10-06 05:35:10 INFO  RaftServerConfigKeys:43 - raft.server.rpcslowness.timeout = 120s (custom)
jhs         | INFO: Registering org.apache.hadoop.yarn.server.applicationhistoryservice.webapp.AHSWebServices as a root resource class
datanode_1  | 2019-10-06 05:35:10 WARN  MetricsSystemImpl:151 - HddsDatanode metrics system already initialized!
scm_1       | 2019-10-06 05:35:02 INFO  StorageContainerManager:784 - ScmDatanodeProtocl RPC server is listening at /0.0.0.0:9861
rm_1        | maxApplications = 10000 [= configuredMaximumSystemApplicationsPerQueue or (int)(configuredMaximumSystemApplications * absoluteCapacity)]
nm_1        | 2019-10-06 05:35:01 INFO  Server:1314 - IPC Server Responder: starting
datanode_3  | 2019-10-06 05:35:09 INFO  ContainerStateMachine:230 - group-0F59E2CD7E4D: The snapshot info is null. Setting the last applied indexto:(t:0, i:~)
kdc_1       | Authenticating as principal admin/admin with keytab /tmp/admin.keytab.
om_1        | 2019-10-06 05:35:07 INFO  DBStoreBuilder:168 - Using default column profile:DBProfile.DISK for Table:volumeTable
kms_1       | 	at com.sun.jersey.server.impl.uri.rules.ResourceClassRule.accept(ResourceClassRule.java:108)
datanode_2  | 2019-10-06 05:35:10 INFO  RaftServerConfigKeys:43 - raft.server.sleep.deviation.threshold = 300 (default)
jhs         | Oct 06, 2019 5:35:01 AM com.sun.jersey.guice.spi.container.GuiceComponentProviderFactory register
datanode_1  | 2019-10-06 05:35:10 INFO  MetricRegistries:64 - Loaded MetricRegistries class org.apache.ratis.metrics.impl.MetricRegistriesImpl
scm_1       | 2019-10-06 05:35:02 INFO  SCMDatanodeProtocolServer:169 - RPC server for DataNodes is listening at /0.0.0.0:9861
rm_1        | maxApplicationsPerUser = 10000 [= (int)(maxApplications * (userLimit / 100.0f) * userLimitFactor) ]
nm_1        | 2019-10-06 05:35:01 INFO  ResourceLocalizationService:392 - Localizer started on port 8040
datanode_3  | 2019-10-06 05:35:09 INFO  RaftServerConfigKeys:43 - raft.server.notification.no-leader.timeout = 120s (custom)
om_1        | 2019-10-06 05:35:07 INFO  DBStoreBuilder:117 - using custom profile for table: bucketTable
kdc_1       | Entry for principal HTTP/49900dd8e19c@EXAMPLE.COM with kvno 2, encryption type aes256-cts-hmac-sha1-96 added to keytab WRFILE:/data/HTTP.49900dd8e19c.keytab.
kms_1       | 	at com.sun.jersey.server.impl.uri.rules.RightHandPathRule.accept(RightHandPathRule.java:147)
datanode_2  | 2019-10-06 05:35:10 INFO  RaftServerConfigKeys:43 - raft.server.log.appender.install.snapshot.enabled = false (custom)
jhs         | INFO: Registering org.apache.hadoop.yarn.server.timeline.webapp.TimelineWebServices as a root resource class
datanode_1  | 2019-10-06 05:35:10 INFO  RaftServerConfigKeys:43 - raft.server.log.segment.cache.num.max = 2 (custom)
scm_1       | 2019-10-06 05:35:02 INFO  Server:1314 - IPC Server Responder: starting
rm_1        | usedCapacity = 0.0 [= usedResourcesMemory / (clusterResourceMemory * absoluteCapacity)]
nm_1        | 2019-10-06 05:35:01 INFO  Server:1153 - IPC Server listener on 8040: starting
datanode_3  | 2019-10-06 05:35:09 INFO  RaftServerConfigKeys:43 - raft.server.log.use.memory = false (default)
om_1        | 2019-10-06 05:35:07 INFO  DBStoreBuilder:168 - Using default column profile:DBProfile.DISK for Table:bucketTable
kms_1       | 	at com.sun.jersey.server.impl.uri.rules.RootResourceClassesRule.accept(RootResourceClassesRule.java:84)
kdc_1       | Entry for principal HTTP/49900dd8e19c@EXAMPLE.COM with kvno 2, encryption type aes128-cts-hmac-sha1-96 added to keytab WRFILE:/data/HTTP.49900dd8e19c.keytab.
datanode_2  | 2019-10-06 05:35:10 INFO  RaftServerImpl:103 - 51f4c96f-9fae-4491-ad57-84ed751975e9@group-8E72E9A52268: ConfigurationManager, init=-1: [51f4c96f-9fae-4491-ad57-84ed751975e9:172.18.0.2:9858], old=null, confs=<EMPTY_MAP>
jhs         | Oct 06, 2019 5:35:01 AM com.sun.jersey.guice.spi.container.GuiceComponentProviderFactory register
datanode_1  | 2019-10-06 05:35:10 INFO  SegmentedRaftLogWorker:173 - new 220d9736-ad33-4bba-a594-dd11944757ab@group-5DA931744448-SegmentedRaftLogWorker for RaftStorage:Storage Directory /data/metadata/ratis/345b54d1-eaea-4c10-9428-5da931744448
scm_1       | 2019-10-06 05:35:02 INFO  Server:1153 - IPC Server listener on 9861: starting
rm_1        | absoluteUsedCapacity = 0.0 [= usedResourcesMemory / clusterResourceMemory]
nm_1        | 2019-10-06 05:35:01 INFO  IndexCache:47 - IndexCache created with max memory = 10485760
datanode_3  | 2019-10-06 05:35:09 INFO  RaftServerConfigKeys:43 - raft.server.log.purge.gap = 1000000 (custom)
om_1        | 2019-10-06 05:35:07 INFO  DBStoreBuilder:117 - using custom profile for table: keyTable
kdc_1       | Generiting keytab
kms_1       | 	at com.sun.jersey.server.impl.application.WebApplicationImpl._handleRequest(WebApplicationImpl.java:1542)
datanode_2  | 2019-10-06 05:35:10 INFO  RaftServerConfigKeys:43 - raft.server.storage.dir = [/data/metadata/ratis] (custom)
jhs         | INFO: Registering org.apache.hadoop.yarn.webapp.GenericExceptionHandler as a provider class
datanode_1  | 2019-10-06 05:35:10 INFO  RaftServerConfigKeys:43 - raft.server.log.queue.byte-limit = 2147483647 (custom)
scm_1       | 2019-10-06 05:35:02 INFO  SCMClientProtocolServer:204 - Starting RPC server for SCMSecurityProtocolServer. is listening at /0.0.0.0:9961
rm_1        | maxAMResourcePerQueuePercent = 0.1 [= configuredMaximumAMResourcePercent ]
nm_1        | 2019-10-06 05:35:01 INFO  ShuffleHandler:549 - mapreduce_shuffle listening on port 13562
datanode_3  | 2019-10-06 05:35:09 INFO  RaftServerConfigKeys:43 - raft.server.log.appender.buffer.byte-limit = 33554432 (custom)
om_1        | 2019-10-06 05:35:07 INFO  DBStoreBuilder:168 - Using default column profile:DBProfile.DISK for Table:keyTable
kdc_1       | Authenticating as principal admin/admin with keytab /tmp/admin.keytab.
kms_1       | 	at com.sun.jersey.server.impl.application.WebApplicationImpl._handleRequest(WebApplicationImpl.java:1473)
datanode_2  | 2019-10-06 05:35:10 INFO  RaftServerConfigKeys:43 - raft.server.log.corruption.policy = EXCEPTION (default)
datanode_1  | 2019-10-06 05:35:10 INFO  RaftServerConfigKeys:43 - raft.server.log.queue.element-limit = 1024 (custom)
jhs         | Oct 06, 2019 5:35:01 AM com.sun.jersey.server.impl.application.WebApplicationImpl _initiate
rm_1        | minimumAllocationFactor = 0.875 [= (float)(maximumAllocationMemory - minimumAllocationMemory) / maximumAllocationMemory ]
scm_1       | 2019-10-06 05:35:02 INFO  Server:1314 - IPC Server Responder: starting
nm_1        | 2019-10-06 05:35:01 INFO  ContainerManagerImpl:666 - ContainerManager started at nm/172.18.0.10:40904
datanode_3  | 2019-10-06 05:35:09 INFO  RaftServerConfigKeys:43 - raft.server.log.segment.size.max = 1048576 (custom)
om_1        | 2019-10-06 05:35:07 INFO  DBStoreBuilder:117 - using custom profile for table: deletedTable
kdc_1       | WARNING: no policy specified for om/06bdb749c5d2@EXAMPLE.COM; defaulting to no policy
kms_1       | 	at com.sun.jersey.server.impl.application.WebApplicationImpl.handleRequest(WebApplicationImpl.java:1419)
datanode_2  | 2019-10-06 05:35:10 INFO  RaftStorageDirectory:246 - The storage directory /data/metadata/ratis/52cdf6ee-fc9f-4c03-85ed-8e72e9a52268 does not exist. Creating ...
datanode_1  | 2019-10-06 05:35:10 INFO  RaftServerConfigKeys:43 - raft.server.log.segment.size.max = 1048576 (custom)
jhs         | INFO: Initiating Jersey application, version 'Jersey: 1.19 02/11/2015 03:25 AM'
rm_1        | maximumAllocation = <memory:8192, vCores:4> [= configuredMaxAllocation ]
nm_1        | 2019-10-06 05:35:01 INFO  ContainerManagerImpl:667 - ContainerManager bound to 0.0.0.0/0.0.0.0:0
scm_1       | 2019-10-06 05:35:02 INFO  Server:1153 - IPC Server listener on 9961: starting
datanode_3  | 2019-10-06 05:35:09 WARN  MetricsSystemImpl:151 - HddsDatanode metrics system already initialized!
om_1        | 2019-10-06 05:35:07 INFO  DBStoreBuilder:168 - Using default column profile:DBProfile.DISK for Table:deletedTable
kdc_1       | Principal "om/06bdb749c5d2@EXAMPLE.COM" created.
kms_1       | 	at com.sun.jersey.server.impl.application.WebApplicationImpl.handleRequest(WebApplicationImpl.java:1409)
datanode_2  | 2019-10-06 05:35:10 INFO  RaftStorageDirectory:328 - Lock on /data/metadata/ratis/52cdf6ee-fc9f-4c03-85ed-8e72e9a52268/in_use.lock acquired by nodename 7@49900dd8e19c
datanode_1  | 2019-10-06 05:35:10 INFO  RaftServerConfigKeys:43 - raft.server.log.preallocated.size = 16384 (custom)
jhs         | Oct 06, 2019 5:35:01 AM com.sun.jersey.guice.spi.container.GuiceComponentProviderFactory getComponentProvider
rm_1        | numContainers = 0 [= currentNumContainers ]
nm_1        | 2019-10-06 05:35:01 INFO  WebServer:99 - Instantiating NMWebApp at 0.0.0.0:8042
scm_1       | 2019-10-06 05:35:02 INFO  HttpServer2:1191 - Jetty bound to port 9876
datanode_3  | 2019-10-06 05:35:09 INFO  MetricRegistries:64 - Loaded MetricRegistries class org.apache.ratis.metrics.impl.MetricRegistriesImpl
om_1        | 2019-10-06 05:35:07 INFO  DBStoreBuilder:117 - using custom profile for table: openKeyTable
kdc_1       | Authenticating as principal admin/admin with keytab /tmp/admin.keytab.
kms_1       | 	at com.sun.jersey.spi.container.servlet.WebComponent.service(WebComponent.java:409)
datanode_2  | 2019-10-06 05:35:10 INFO  RaftStorage:84 - Storage directory /data/metadata/ratis/52cdf6ee-fc9f-4c03-85ed-8e72e9a52268 has been successfully formatted.
datanode_1  | 2019-10-06 05:35:10 INFO  RaftServerConfigKeys:43 - raft.server.log.write.buffer.size = 33554432 (custom)
jhs         | INFO: Binding org.apache.hadoop.yarn.webapp.GenericExceptionHandler to GuiceManagedComponentProvider with the scope "Singleton"
rm_1        | state = RUNNING [= configuredState ]
nm_1        | 2019-10-06 05:35:01 INFO  log:192 - Logging initialized @2518ms
scm_1       | 2019-10-06 05:35:02 INFO  Server:351 - jetty-9.3.25.v20180904, build timestamp: 2018-09-04T21:11:46Z, git hash: 3ce520221d0240229c862b122d2b06c12a625732
datanode_3  | 2019-10-06 05:35:09 INFO  RaftServerConfigKeys:43 - raft.server.log.segment.cache.num.max = 2 (custom)
om_1        | 2019-10-06 05:35:07 INFO  DBStoreBuilder:168 - Using default column profile:DBProfile.DISK for Table:openKeyTable
kdc_1       | Entry for principal om/06bdb749c5d2@EXAMPLE.COM with kvno 2, encryption type aes256-cts-hmac-sha1-96 added to keytab WRFILE:/data/om.06bdb749c5d2.keytab.
kms_1       | 	at com.sun.jersey.spi.container.servlet.ServletContainer.service(ServletContainer.java:558)
datanode_2  | 2019-10-06 05:35:10 INFO  ContainerStateMachine:230 - group-8E72E9A52268: The snapshot info is null. Setting the last applied indexto:(t:0, i:~)
datanode_1  | 2019-10-06 05:35:10 INFO  RaftServerConfigKeys:43 - raft.server.log.force.sync.num = 128 (default)
jhs         | Oct 06, 2019 5:35:01 AM com.sun.jersey.guice.spi.container.GuiceComponentProviderFactory getComponentProvider
rm_1        | acls = ADMINISTER_QUEUE:*SUBMIT_APP:* [= configuredAcls ]
nm_1        | 2019-10-06 05:35:01 INFO  AuthenticationFilter:240 - Unable to initialize FileSignerSecretProvider, falling back to use random secrets.
scm_1       | 2019-10-06 05:35:02 INFO  ContextHandler:781 - Started o.e.j.s.ServletContextHandler@52d6d273{/logs,file:///var/log/hadoop/,AVAILABLE}
datanode_3  | 2019-10-06 05:35:09 INFO  SegmentedRaftLogWorker:173 - new 7c8c1207-55f7-4ec7-a5c1-64fa161a2138@group-0F59E2CD7E4D-SegmentedRaftLogWorker for RaftStorage:Storage Directory /data/metadata/ratis/fbf649f9-4538-4960-ad6b-0f59e2cd7e4d
om_1        | 2019-10-06 05:35:07 INFO  DBStoreBuilder:117 - using custom profile for table: s3Table
kdc_1       | Entry for principal om/06bdb749c5d2@EXAMPLE.COM with kvno 2, encryption type aes128-cts-hmac-sha1-96 added to keytab WRFILE:/data/om.06bdb749c5d2.keytab.
kms_1       | 	at com.sun.jersey.spi.container.servlet.ServletContainer.service(ServletContainer.java:733)
datanode_2  | 2019-10-06 05:35:10 INFO  RaftServerConfigKeys:43 - raft.server.notification.no-leader.timeout = 120s (custom)
datanode_1  | 2019-10-06 05:35:10 INFO  RaftServerConfigKeys:43 - raft.server.log.statemachine.data.sync = true (default)
jhs         | INFO: Binding org.apache.hadoop.yarn.webapp.YarnJacksonJaxbJsonProvider to GuiceManagedComponentProvider with the scope "Singleton"
rm_1        | nodeLocalityDelay = 40
nm_1        | 2019-10-06 05:35:01 INFO  HttpRequestLog:81 - Http request log for http.requests.nodemanager is not defined
scm_1       | 2019-10-06 05:35:02 INFO  ContextHandler:781 - Started o.e.j.s.ServletContextHandler@5b275811{/static,jar:file:/opt/hadoop/share/ozone/lib/hadoop-hdds-server-scm-0.5.0-SNAPSHOT.jar!/webapps/static,AVAILABLE}
datanode_3  | 2019-10-06 05:35:09 INFO  RaftServerConfigKeys:43 - raft.server.log.queue.byte-limit = 2147483647 (custom)
om_1        | 2019-10-06 05:35:07 INFO  DBStoreBuilder:168 - Using default column profile:DBProfile.DISK for Table:s3Table
kdc_1       | Generiting keytab
kms_1       | 	at javax.servlet.http.HttpServlet.service(HttpServlet.java:790)
datanode_2  | 2019-10-06 05:35:10 INFO  RaftServerConfigKeys:43 - raft.server.log.use.memory = false (default)
datanode_1  | 2019-10-06 05:35:10 INFO  RaftServerConfigKeys:43 - raft.server.log.statemachine.data.sync.timeout = 10s (default)
jhs         | Oct 06, 2019 5:35:02 AM com.sun.jersey.guice.spi.container.GuiceComponentProviderFactory getComponentProvider
rm_1        | rackLocalityAdditionalDelay = -1
scm_1       | 2019-10-06 05:35:02 INFO  KerberosAuthenticationHandler:164 - Using keytab /etc/security/keytabs/HTTP.keytab, for principal HTTP/scm@EXAMPLE.COM
nm_1        | 2019-10-06 05:35:01 INFO  HttpServer2:975 - Added global filter 'safety' (class=org.apache.hadoop.http.HttpServer2$QuotingInputFilter)
datanode_3  | 2019-10-06 05:35:09 INFO  RaftServerConfigKeys:43 - raft.server.log.queue.element-limit = 1024 (custom)
om_1        | 2019-10-06 05:35:07 INFO  DBStoreBuilder:117 - using custom profile for table: multipartInfoTable
kdc_1       | Authenticating as principal admin/admin with keytab /tmp/admin.keytab.
kms_1       | 	at org.eclipse.jetty.servlet.ServletHolder.handle(ServletHolder.java:848)
datanode_2  | 2019-10-06 05:35:10 INFO  RaftServerConfigKeys:43 - raft.server.log.purge.gap = 1000000 (custom)
datanode_1  | 2019-10-06 05:35:10 INFO  RaftServerConfigKeys:43 - raft.server.log.statemachine.data.sync.timeout.retry = -1 (default)
jhs         | INFO: Binding org.apache.hadoop.yarn.server.applicationhistoryservice.webapp.AHSWebServices to GuiceManagedComponentProvider with the scope "Singleton"
rm_1        | labels=*,
scm_1       | 2019-10-06 05:35:02 INFO  ContextHandler:781 - Started o.e.j.w.WebAppContext@285583d4{/,file:///tmp/jetty-0.0.0.0-9876-scm-_-any-10672772313790473021.dir/webapp/,AVAILABLE}{/scm}
nm_1        | 2019-10-06 05:35:01 INFO  HttpServer2:948 - Added filter static_user_filter (class=org.apache.hadoop.http.lib.StaticUserWebFilter$StaticUserFilter) to context node
datanode_3  | 2019-10-06 05:35:09 INFO  RaftServerConfigKeys:43 - raft.server.log.segment.size.max = 1048576 (custom)
om_1        | 2019-10-06 05:35:07 INFO  DBStoreBuilder:168 - Using default column profile:DBProfile.DISK for Table:multipartInfoTable
kdc_1       | WARNING: no policy specified for om/s3g@EXAMPLE.COM; defaulting to no policy
kms_1       | 	at org.eclipse.jetty.servlet.ServletHandler$CachedChain.doFilter(ServletHandler.java:1772)
datanode_2  | 2019-10-06 05:35:10 INFO  RaftServerConfigKeys:43 - raft.server.log.appender.buffer.byte-limit = 33554432 (custom)
datanode_1  | 2019-10-06 05:35:10 INFO  RaftServerConfigKeys:43 - raft.server.log.statemachine.data.caching.enabled = true (custom)
jhs         | Oct 06, 2019 5:35:02 AM com.sun.jersey.guice.spi.container.GuiceComponentProviderFactory getComponentProvider
rm_1        | reservationsContinueLooking = true
scm_1       | 2019-10-06 05:35:02 INFO  AbstractConnector:278 - Started ServerConnector@d133bf5{HTTP/1.1,[http/1.1]}{0.0.0.0:9876}
nm_1        | 2019-10-06 05:35:01 INFO  HttpServer2:958 - Added filter static_user_filter (class=org.apache.hadoop.http.lib.StaticUserWebFilter$StaticUserFilter) to context static
datanode_3  | 2019-10-06 05:35:09 INFO  RaftServerConfigKeys:43 - raft.server.log.preallocated.size = 16384 (custom)
om_1        | 2019-10-06 05:35:07 INFO  DBStoreBuilder:117 - using custom profile for table: dTokenTable
kdc_1       | Principal "om/s3g@EXAMPLE.COM" created.
kms_1       | 	at org.apache.hadoop.crypto.key.kms.server.KMSMDCFilter.doFilter(KMSMDCFilter.java:84)
datanode_2  | 2019-10-06 05:35:10 INFO  RaftServerConfigKeys:43 - raft.server.log.segment.size.max = 1048576 (custom)
datanode_1  | 2019-10-06 05:35:10 INFO  SegmentedRaftLogWorker:128 - 220d9736-ad33-4bba-a594-dd11944757ab@group-5DA931744448-SegmentedRaftLogWorker: flushIndex: setUnconditionally 0 -> -1
jhs         | INFO: Binding org.apache.hadoop.yarn.server.timeline.webapp.TimelineWebServices to GuiceManagedComponentProvider with the scope "Singleton"
rm_1        | preemptionDisabled = true
scm_1       | 2019-10-06 05:35:02 INFO  Server:419 - Started @5314ms
nm_1        | 2019-10-06 05:35:01 INFO  HttpServer2:958 - Added filter static_user_filter (class=org.apache.hadoop.http.lib.StaticUserWebFilter$StaticUserFilter) to context logs
datanode_3  | 2019-10-06 05:35:09 INFO  RaftServerConfigKeys:43 - raft.server.log.write.buffer.size = 33554432 (custom)
om_1        | 2019-10-06 05:35:07 INFO  DBStoreBuilder:168 - Using default column profile:DBProfile.DISK for Table:dTokenTable
kdc_1       | Authenticating as principal admin/admin with keytab /tmp/admin.keytab.
kms_1       | 	at org.eclipse.jetty.servlet.ServletHandler$CachedChain.doFilter(ServletHandler.java:1759)
datanode_2  | 2019-10-06 05:35:10 WARN  MetricsSystemImpl:151 - HddsDatanode metrics system already initialized!
datanode_1  | 2019-10-06 05:35:10 INFO  RaftServerConfigKeys:43 - raft.server.snapshot.auto.trigger.enabled = true (custom)
jhs         | 2019-10-06 05:35:02 INFO  ContextHandler:781 - Started o.e.j.w.WebAppContext@5eb97ced{/,file:///tmp/jetty-jhs-8188-applicationhistory-_-any-2849790220269543371.dir/webapp/,AVAILABLE}{/applicationhistory}
rm_1        | defaultAppPriorityPerQueue = 0
nm_1        | 2019-10-06 05:35:01 INFO  HttpServer2:948 - Added filter authentication (class=org.apache.hadoop.security.authentication.server.AuthenticationFilter) to context node
scm_1       | 2019-10-06 05:35:02 INFO  MetricsSinkAdapter:204 - Sink prometheus started
datanode_3  | 2019-10-06 05:35:09 INFO  RaftServerConfigKeys:43 - raft.server.log.force.sync.num = 128 (default)
om_1        | 2019-10-06 05:35:07 INFO  DBStoreBuilder:117 - using custom profile for table: s3SecretTable
kdc_1       | Entry for principal om/s3g@EXAMPLE.COM with kvno 2, encryption type aes256-cts-hmac-sha1-96 added to keytab WRFILE:/data/om.s3g.keytab.
kms_1       | 	at org.apache.hadoop.security.authentication.server.AuthenticationFilter.doFilter(AuthenticationFilter.java:644)
datanode_2  | 2019-10-06 05:35:10 INFO  MetricRegistries:64 - Loaded MetricRegistries class org.apache.ratis.metrics.impl.MetricRegistriesImpl
datanode_1  | 2019-10-06 05:35:10 INFO  RaftServerConfigKeys:43 - raft.server.snapshot.auto.trigger.threshold = 10000 (custom)
jhs         | 2019-10-06 05:35:02 INFO  AbstractConnector:278 - Started ServerConnector@27fde870{HTTP/1.1,[http/1.1]}{jhs:8188}
rm_1        | priority = 0
nm_1        | 2019-10-06 05:35:01 INFO  HttpServer2:958 - Added filter authentication (class=org.apache.hadoop.security.authentication.server.AuthenticationFilter) to context static
scm_1       | 2019-10-06 05:35:02 INFO  MetricsSystemImpl:301 - Registered sink prometheus
datanode_3  | 2019-10-06 05:35:09 INFO  RaftServerConfigKeys:43 - raft.server.log.statemachine.data.sync = true (default)
om_1        | 2019-10-06 05:35:07 INFO  DBStoreBuilder:168 - Using default column profile:DBProfile.DISK for Table:s3SecretTable
kdc_1       | Entry for principal om/s3g@EXAMPLE.COM with kvno 2, encryption type aes128-cts-hmac-sha1-96 added to keytab WRFILE:/data/om.s3g.keytab.
datanode_2  | 2019-10-06 05:35:10 INFO  RaftServerConfigKeys:43 - raft.server.log.segment.cache.num.max = 2 (custom)
datanode_1  | 2019-10-06 05:35:10 INFO  RaftServerConfigKeys:43 - raft.server.snapshot.retention.file.num = 5 (custom)
kms_1       | 	at org.apache.hadoop.security.token.delegation.web.DelegationTokenAuthenticationFilter.doFilter(DelegationTokenAuthenticationFilter.java:304)
jhs         | 2019-10-06 05:35:02 INFO  Server:419 - Started @4350ms
rm_1        | maxLifetime = -1 seconds
nm_1        | 2019-10-06 05:35:01 INFO  HttpServer2:958 - Added filter authentication (class=org.apache.hadoop.security.authentication.server.AuthenticationFilter) to context logs
datanode_3  | 2019-10-06 05:35:09 INFO  RaftServerConfigKeys:43 - raft.server.log.statemachine.data.sync.timeout = 10s (default)
om_1        | 2019-10-06 05:35:07 INFO  DBStoreBuilder:117 - using custom profile for table: prefixTable
scm_1       | 2019-10-06 05:35:02 INFO  BaseHttpServer:215 - HTTP server of SCM is listening at http://0.0.0.0:9876
kdc_1       | Generiting keytab
datanode_2  | 2019-10-06 05:35:10 INFO  SegmentedRaftLogWorker:173 - new 51f4c96f-9fae-4491-ad57-84ed751975e9@group-8E72E9A52268-SegmentedRaftLogWorker for RaftStorage:Storage Directory /data/metadata/ratis/52cdf6ee-fc9f-4c03-85ed-8e72e9a52268
datanode_1  | 2019-10-06 05:35:10 INFO  RaftServerConfigKeys:43 - raft.server.retrycache.expirytime = 600000ms (custom)
kms_1       | 	at org.apache.hadoop.security.authentication.server.AuthenticationFilter.doFilter(AuthenticationFilter.java:592)
jhs         | 2019-10-06 05:35:02 INFO  ApplicationHistoryServer:318 - Instantiating AHSWebApp at 8188
rm_1        | defaultLifetime = -1 seconds
nm_1        | 2019-10-06 05:35:01 INFO  HttpServer2:613 - adding path spec: /node/*
datanode_3  | 2019-10-06 05:35:09 INFO  RaftServerConfigKeys:43 - raft.server.log.statemachine.data.sync.timeout.retry = -1 (default)
om_1        | 2019-10-06 05:35:07 INFO  DBStoreBuilder:168 - Using default column profile:DBProfile.DISK for Table:prefixTable
scm_1       | 2019-10-06 05:35:02 INFO  JvmPauseMonitor:188 - Starting JVM pause monitor
kdc_1       | Authenticating as principal admin/admin with keytab /tmp/admin.keytab.
datanode_2  | 2019-10-06 05:35:10 INFO  RaftServerConfigKeys:43 - raft.server.log.queue.byte-limit = 2147483647 (custom)
datanode_1  | 2019-10-06 05:35:10 INFO  RaftServerImpl:181 - 220d9736-ad33-4bba-a594-dd11944757ab@group-5DA931744448: start as a follower, conf=-1: [220d9736-ad33-4bba-a594-dd11944757ab:172.18.0.8:9858], old=null
kms_1       | 	at org.apache.hadoop.crypto.key.kms.server.KMSAuthenticationFilter.doFilter(KMSAuthenticationFilter.java:142)
jhs         | Oct 06, 2019 5:35:56 AM com.sun.jersey.server.wadl.generators.AbstractWadlGeneratorGrammarGenerator attachTypes
nm_1        | 2019-10-06 05:35:01 INFO  HttpServer2:613 - adding path spec: /ws/*
rm_1        | 2019-10-06 05:35:00 INFO  CapacitySchedulerQueueManager:298 - Initialized queue: default: capacity=1.0, absoluteCapacity=1.0, usedResources=<memory:0, vCores:0>, usedCapacity=0.0, absoluteUsedCapacity=0.0, numApps=0, numContainers=0, effectiveMinResource=<memory:0, vCores:0> , effectiveMaxResource=<memory:0, vCores:0>
datanode_3  | 2019-10-06 05:35:09 INFO  RaftServerConfigKeys:43 - raft.server.log.statemachine.data.caching.enabled = true (custom)
om_1        | 2019-10-06 05:35:07 INFO  DBStoreBuilder:117 - using custom profile for table: default
scm_1       | 2019-10-06 05:35:02 INFO  Server:1849 - Auth successful for om/om@EXAMPLE.COM (auth:KERBEROS)
kdc_1       | WARNING: no policy specified for dn/543ddd4800fd@EXAMPLE.COM; defaulting to no policy
datanode_2  | 2019-10-06 05:35:10 INFO  RaftServerConfigKeys:43 - raft.server.log.queue.element-limit = 1024 (custom)
datanode_1  | 2019-10-06 05:35:10 INFO  RaftServerImpl:170 - 220d9736-ad33-4bba-a594-dd11944757ab@group-5DA931744448: changes role from      null to FOLLOWER at term 0 for startAsFollower
kms_1       | 	at org.eclipse.jetty.servlet.ServletHandler$CachedChain.doFilter(ServletHandler.java:1751)
jhs         | INFO: Couldn't find grammar element for class javax.ws.rs.core.Response
nm_1        | 2019-10-06 05:35:02 INFO  WebApps:395 - Registered webapp guice modules
scm_1       | 2019-10-06 05:35:02 INFO  Server:1849 - Auth successful for dn/49900dd8e19c@EXAMPLE.COM (auth:KERBEROS)
kdc_1       | Principal "dn/543ddd4800fd@EXAMPLE.COM" created.
om_1        | 2019-10-06 05:35:07 INFO  DBStoreBuilder:174 - Using default column profile:DBProfile.DISK for Table:default
datanode_3  | 2019-10-06 05:35:09 INFO  SegmentedRaftLogWorker:128 - 7c8c1207-55f7-4ec7-a5c1-64fa161a2138@group-0F59E2CD7E4D-SegmentedRaftLogWorker: flushIndex: setUnconditionally 0 -> -1
rm_1        | 2019-10-06 05:35:00 INFO  CapacitySchedulerQueueManager:298 - Initialized queue: root: numChildQueue= 1, capacity=1.0, absoluteCapacity=1.0, usedResources=<memory:0, vCores:0>usedCapacity=0.0, numApps=0, numContainers=0
datanode_2  | 2019-10-06 05:35:10 INFO  RaftServerConfigKeys:43 - raft.server.log.segment.size.max = 1048576 (custom)
datanode_1  | 2019-10-06 05:35:10 INFO  RoleInfo:143 - 220d9736-ad33-4bba-a594-dd11944757ab: start FollowerState
kms_1       | 	at org.apache.hadoop.http.HttpServer2$QuotingInputFilter.doFilter(HttpServer2.java:1609)
jhs         | Oct 06, 2019 5:35:56 AM com.sun.jersey.server.wadl.generators.AbstractWadlGeneratorGrammarGenerator attachTypes
nm_1        | 2019-10-06 05:35:02 INFO  HttpServer2:1191 - Jetty bound to port 8042
scm_1       | 2019-10-06 05:35:02 INFO  Server:1849 - Auth successful for dn/6d0aa6b1c5ba@EXAMPLE.COM (auth:KERBEROS)
kdc_1       | Authenticating as principal admin/admin with keytab /tmp/admin.keytab.
om_1        | 2019-10-06 05:35:07 INFO  DBStoreBuilder:205 - Using default options. DBProfile.DISK
datanode_3  | 2019-10-06 05:35:09 INFO  RaftServerConfigKeys:43 - raft.server.snapshot.auto.trigger.enabled = true (custom)
rm_1        | 2019-10-06 05:35:00 INFO  CapacitySchedulerQueueManager:163 - Initialized root queue root: numChildQueue= 1, capacity=1.0, absoluteCapacity=1.0, usedResources=<memory:0, vCores:0>usedCapacity=0.0, numApps=0, numContainers=0
datanode_2  | 2019-10-06 05:35:10 INFO  RaftServerConfigKeys:43 - raft.server.log.preallocated.size = 16384 (custom)
datanode_1  | 2019-10-06 05:35:10 INFO  JmxRegister:44 - Successfully registered JMX Bean with object name Ratis:service=RaftServer,group=group-5DA931744448,id=220d9736-ad33-4bba-a594-dd11944757ab
kms_1       | 	at org.eclipse.jetty.servlet.ServletHandler$CachedChain.doFilter(ServletHandler.java:1759)
jhs         | INFO: Couldn't find grammar element for class javax.ws.rs.core.Response
nm_1        | 2019-10-06 05:35:02 INFO  Server:351 - jetty-9.3.24.v20180605, build timestamp: 2018-06-05T17:11:56Z, git hash: 84205aa28f11a4f31f2a3b86d1bba2cc8ab69827
scm_1       | 2019-10-06 05:35:02 INFO  Server:1849 - Auth successful for dn/06bdb749c5d2@EXAMPLE.COM (auth:KERBEROS)
kdc_1       | Entry for principal dn/543ddd4800fd@EXAMPLE.COM with kvno 2, encryption type aes256-cts-hmac-sha1-96 added to keytab WRFILE:/data/dn.543ddd4800fd.keytab.
om_1        | 2019-10-06 05:35:07 INFO  deprecation:1394 - No unit for ozone.manager.delegation.remover.scan.interval(3600000) assuming MILLISECONDS
datanode_3  | 2019-10-06 05:35:09 INFO  RaftServerConfigKeys:43 - raft.server.snapshot.auto.trigger.threshold = 10000 (custom)
rm_1        | 2019-10-06 05:35:00 INFO  UserGroupMappingPlacementRule:237 - Initialized queue mappings, override: false
datanode_2  | 2019-10-06 05:35:10 INFO  RaftServerConfigKeys:43 - raft.server.log.write.buffer.size = 33554432 (custom)
datanode_1  | 2019-10-06 05:35:10 INFO  RaftServerProxy:89 - 220d9736-ad33-4bba-a594-dd11944757ab: addNew group-8AEC54342F9A:[220d9736-ad33-4bba-a594-dd11944757ab:172.18.0.8:9858, 51f4c96f-9fae-4491-ad57-84ed751975e9:172.18.0.2:9858, 7c8c1207-55f7-4ec7-a5c1-64fa161a2138:172.18.0.5:9858] returns group-8AEC54342F9A:java.util.concurrent.CompletableFuture@763755ab[Not completed]
kms_1       | 	at org.apache.hadoop.http.NoCacheFilter.doFilter(NoCacheFilter.java:45)
jhs         | Oct 06, 2019 5:35:56 AM com.sun.jersey.server.wadl.generators.AbstractWadlGeneratorGrammarGenerator attachTypes
nm_1        | 2019-10-06 05:35:02 INFO  AuthenticationFilter:240 - Unable to initialize FileSignerSecretProvider, falling back to use random secrets.
scm_1       | 2019-10-06 05:35:02 INFO  SCMClientProtocolServer:114 - Processing CSR for dn 6d0aa6b1c5ba, UUID: 7c8c1207-55f7-4ec7-a5c1-64fa161a2138
kdc_1       | Entry for principal dn/543ddd4800fd@EXAMPLE.COM with kvno 2, encryption type aes128-cts-hmac-sha1-96 added to keytab WRFILE:/data/dn.543ddd4800fd.keytab.
om_1        | 2019-10-06 05:35:07 INFO  OzoneSecretStore:69 - Loaded 0 tokens
datanode_3  | 2019-10-06 05:35:09 INFO  RaftServerConfigKeys:43 - raft.server.snapshot.retention.file.num = 5 (custom)
rm_1        | 2019-10-06 05:35:00 INFO  MultiNodeSortingManager:104 - MultiNode scheduling is 'false', and configured policies are 
datanode_2  | 2019-10-06 05:35:10 INFO  RaftServerConfigKeys:43 - raft.server.log.force.sync.num = 128 (default)
datanode_1  | 2019-10-06 05:35:10 INFO  RaftServerImpl:95 - 220d9736-ad33-4bba-a594-dd11944757ab: new RaftServerImpl for group-8AEC54342F9A:[220d9736-ad33-4bba-a594-dd11944757ab:172.18.0.8:9858, 51f4c96f-9fae-4491-ad57-84ed751975e9:172.18.0.2:9858, 7c8c1207-55f7-4ec7-a5c1-64fa161a2138:172.18.0.5:9858] with ContainerStateMachine:uninitialized
jhs         | INFO: Couldn't find grammar element for class javax.ws.rs.core.Response
kms_1       | 	at org.eclipse.jetty.servlet.ServletHandler$CachedChain.doFilter(ServletHandler.java:1759)
nm_1        | 2019-10-06 05:35:02 INFO  ContextHandler:781 - Started o.e.j.s.ServletContextHandler@476b0ae6{/logs,file:///opt/hadoop/logs/,AVAILABLE}
scm_1       | 2019-10-06 05:35:02 INFO  SCMClientProtocolServer:114 - Processing CSR for dn 49900dd8e19c, UUID: 51f4c96f-9fae-4491-ad57-84ed751975e9
kdc_1       | Generiting keytab
om_1        | 2019-10-06 05:35:07 INFO  OzoneDelegationTokenSecretManager:424 - Loading token state into token manager.
datanode_3  | 2019-10-06 05:35:09 INFO  RaftServerConfigKeys:43 - raft.server.retrycache.expirytime = 600000ms (custom)
rm_1        | 2019-10-06 05:35:00 INFO  CapacityScheduler:408 - Initialized CapacityScheduler with calculator=class org.apache.hadoop.yarn.util.resource.DefaultResourceCalculator, minimumAllocation=<<memory:1024, vCores:1>>, maximumAllocation=<<memory:8192, vCores:4>>, asynchronousScheduling=false, asyncScheduleInterval=5ms,multiNodePlacementEnabled=false
datanode_2  | 2019-10-06 05:35:10 INFO  RaftServerConfigKeys:43 - raft.server.log.statemachine.data.sync = true (default)
datanode_1  | 2019-10-06 05:35:10 INFO  RaftServerConfigKeys:43 - raft.server.rpc.timeout.min = 5s (custom)
jhs         | Oct 06, 2019 5:35:56 AM com.sun.jersey.server.wadl.generators.AbstractWadlGeneratorGrammarGenerator attachTypes
nm_1        | 2019-10-06 05:35:02 INFO  ContextHandler:781 - Started o.e.j.s.ServletContextHandler@4b3a45f1{/static,jar:file:/opt/hadoop/share/hadoop/yarn/hadoop-yarn-common-3.2.0.jar!/webapps/static,AVAILABLE}
kms_1       | 	at org.eclipse.jetty.servlet.ServletHandler.doHandle(ServletHandler.java:582)
scm_1       | 2019-10-06 05:35:03 INFO  SCMClientProtocolServer:114 - Processing CSR for dn 06bdb749c5d2, UUID: 220d9736-ad33-4bba-a594-dd11944757ab
kdc_1       | Authenticating as principal admin/admin with keytab /tmp/admin.keytab.
om_1        | 2019-10-06 05:35:08 INFO  CallQueueManager:84 - Using callQueue: class java.util.concurrent.LinkedBlockingQueue, queueCapacity: 2000, scheduler: class org.apache.hadoop.ipc.DefaultRpcScheduler, ipcBackoff: false.
datanode_3  | 2019-10-06 05:35:09 INFO  RaftServerImpl:181 - 7c8c1207-55f7-4ec7-a5c1-64fa161a2138@group-0F59E2CD7E4D: start as a follower, conf=-1: [7c8c1207-55f7-4ec7-a5c1-64fa161a2138:172.18.0.5:9858], old=null
rm_1        | 2019-10-06 05:35:00 INFO  Configuration:2752 - dynamic-resources.xml not found
datanode_2  | 2019-10-06 05:35:10 INFO  RaftServerConfigKeys:43 - raft.server.log.statemachine.data.sync.timeout = 10s (default)
datanode_1  | 2019-10-06 05:35:10 INFO  RaftServerConfigKeys:43 - raft.server.rpc.timeout.max = 5200ms (custom)
jhs         | INFO: Couldn't find grammar element for class javax.ws.rs.core.Response
nm_1        | Oct 06, 2019 5:35:02 AM com.sun.jersey.guice.spi.container.GuiceComponentProviderFactory register
kms_1       | 	at org.eclipse.jetty.server.handler.ScopedHandler.handle(ScopedHandler.java:143)
scm_1       | 2019-10-06 05:35:04 INFO  Server:1849 - Auth successful for om/om@EXAMPLE.COM (auth:KERBEROS)
kdc_1       | WARNING: no policy specified for dn/rm@EXAMPLE.COM; defaulting to no policy
om_1        | 2019-10-06 05:35:08 INFO  Server:1074 - Starting Socket Reader #1 for port 9862
datanode_3  | 2019-10-06 05:35:09 INFO  RaftServerImpl:170 - 7c8c1207-55f7-4ec7-a5c1-64fa161a2138@group-0F59E2CD7E4D: changes role from      null to FOLLOWER at term 0 for startAsFollower
rm_1        | 2019-10-06 05:35:00 INFO  AMSProcessingChain:62 - Initializing AMS Processing chain. Root Processor=[org.apache.hadoop.yarn.server.resourcemanager.DefaultAMSProcessor].
datanode_2  | 2019-10-06 05:35:10 INFO  RaftServerConfigKeys:43 - raft.server.log.statemachine.data.sync.timeout.retry = -1 (default)
datanode_1  | 2019-10-06 05:35:10 INFO  RaftServerConfigKeys:43 - raft.server.rpcslowness.timeout = 120s (custom)
jhs         | 2019-10-06 05:35:57 INFO  AbstractDelegationTokenSecretManager:403 - Creating password for identifier: (TIMELINE_DELEGATION_TOKEN owner=hadoop, renewer=rm, realUser=, issueDate=1570340157017, maxDate=1570944957017, sequenceNumber=1, masterKeyId=2), currentKey: 2
nm_1        | INFO: Registering org.apache.hadoop.yarn.server.nodemanager.webapp.NMWebServices as a root resource class
kms_1       | 	at org.eclipse.jetty.security.SecurityHandler.handle(SecurityHandler.java:548)
scm_1       | 2019-10-06 05:35:04 INFO  SCMClientProtocolServer:139 - Processing CSR for om om, UUID: a247e563-47cf-4c73-924f-2c70d34a75bf
kdc_1       | Oct 06 05:34:42 kdc krb5kdc[9](info): AS_REQ (8 etypes {18 17 20 19 16 23 25 26}) 127.0.0.1: SERVER_NOT_FOUND: admin/admin@EXAMPLE.COM for kadmin/localhost@EXAMPLE.COM, Server not found in Kerberos database
om_1        | 2019-10-06 05:35:08 INFO  OzoneManager:1069 - OzoneManager RPC server is listening at om/172.18.0.3:9862
datanode_3  | 2019-10-06 05:35:09 INFO  RoleInfo:143 - 7c8c1207-55f7-4ec7-a5c1-64fa161a2138: start FollowerState
rm_1        | 2019-10-06 05:35:00 INFO  ApplicationMasterService:129 - disabled placement handler will be used, all scheduling requests will be rejected.
datanode_2  | 2019-10-06 05:35:10 INFO  RaftServerConfigKeys:43 - raft.server.log.statemachine.data.caching.enabled = true (custom)
datanode_1  | 2019-10-06 05:35:10 INFO  RaftServerConfigKeys:43 - raft.server.sleep.deviation.threshold = 300 (default)
jhs         | Oct 06, 2019 5:35:58 AM com.sun.jersey.server.wadl.generators.AbstractWadlGeneratorGrammarGenerator attachTypes
nm_1        | Oct 06, 2019 5:35:02 AM com.sun.jersey.guice.spi.container.GuiceComponentProviderFactory register
kms_1       | 	at org.eclipse.jetty.server.session.SessionHandler.doHandle(SessionHandler.java:226)
scm_1       | 2019-10-06 05:35:06 INFO  Server:1849 - Auth successful for om/om@EXAMPLE.COM (auth:KERBEROS)
kdc_1       | Oct 06 05:34:42 kdc krb5kdc[9](info): AS_REQ (8 etypes {18 17 20 19 16 23 25 26}) 127.0.0.1: ISSUE: authtime 1570340082, etypes {rep=18 tkt=18 ses=18}, admin/admin@EXAMPLE.COM for kadmin/admin@EXAMPLE.COM
datanode_3  | 2019-10-06 05:35:09 INFO  JmxRegister:44 - Successfully registered JMX Bean with object name Ratis:service=RaftServer,group=group-0F59E2CD7E4D,id=7c8c1207-55f7-4ec7-a5c1-64fa161a2138
rm_1        | 2019-10-06 05:35:00 INFO  AMSProcessingChain:75 - Adding [org.apache.hadoop.yarn.server.resourcemanager.scheduler.constraint.processor.DisabledPlacementProcessor] tp top of AMS Processing chain. 
om_1        | 2019-10-06 05:35:08 INFO  MetricsConfig:118 - Loaded properties from hadoop-metrics2.properties
datanode_2  | 2019-10-06 05:35:10 INFO  SegmentedRaftLogWorker:128 - 51f4c96f-9fae-4491-ad57-84ed751975e9@group-8E72E9A52268-SegmentedRaftLogWorker: flushIndex: setUnconditionally 0 -> -1
jhs         | INFO: Couldn't find grammar element for class javax.ws.rs.core.Response
datanode_1  | 2019-10-06 05:35:10 INFO  RaftServerConfigKeys:43 - raft.server.log.appender.install.snapshot.enabled = false (custom)
nm_1        | INFO: Registering org.apache.hadoop.yarn.webapp.GenericExceptionHandler as a provider class
kms_1       | 	at org.eclipse.jetty.server.handler.ContextHandler.doHandle(ContextHandler.java:1180)
scm_1       | 2019-10-06 05:35:06 INFO  Server:1849 - Auth successful for dn/6d0aa6b1c5ba@EXAMPLE.COM (auth:KERBEROS)
kdc_1       | Oct 06 05:34:42 kdc krb5kdc[9](info): AS_REQ (8 etypes {18 17 20 19 16 23 25 26}) 127.0.0.1: SERVER_NOT_FOUND: admin/admin@EXAMPLE.COM for kadmin/localhost@EXAMPLE.COM, Server not found in Kerberos database
datanode_3  | 2019-10-06 05:35:11 INFO  RaftServerProxy:89 - 7c8c1207-55f7-4ec7-a5c1-64fa161a2138: addNew group-8AEC54342F9A:[220d9736-ad33-4bba-a594-dd11944757ab:172.18.0.8:9858, 51f4c96f-9fae-4491-ad57-84ed751975e9:172.18.0.2:9858, 7c8c1207-55f7-4ec7-a5c1-64fa161a2138:172.18.0.5:9858] returns group-8AEC54342F9A:java.util.concurrent.CompletableFuture@a26af89[Not completed]
rm_1        | 2019-10-06 05:35:00 INFO  TimelineClientImpl:129 - Timeline service address: jhs:8188
om_1        | 2019-10-06 05:35:08 INFO  MetricsSystemImpl:374 - Scheduled Metric snapshot period at 10 second(s).
jhs         | Oct 06, 2019 5:35:58 AM com.sun.jersey.server.wadl.generators.AbstractWadlGeneratorGrammarGenerator attachTypes
datanode_1  | 2019-10-06 05:35:10 INFO  RaftServerImpl:103 - 220d9736-ad33-4bba-a594-dd11944757ab@group-8AEC54342F9A: ConfigurationManager, init=-1: [220d9736-ad33-4bba-a594-dd11944757ab:172.18.0.8:9858, 51f4c96f-9fae-4491-ad57-84ed751975e9:172.18.0.2:9858, 7c8c1207-55f7-4ec7-a5c1-64fa161a2138:172.18.0.5:9858], old=null, confs=<EMPTY_MAP>
nm_1        | Oct 06, 2019 5:35:02 AM com.sun.jersey.guice.spi.container.GuiceComponentProviderFactory register
kms_1       | 	at org.eclipse.jetty.servlet.ServletHandler.doScope(ServletHandler.java:512)
datanode_2  | 2019-10-06 05:35:10 INFO  RaftServerConfigKeys:43 - raft.server.snapshot.auto.trigger.enabled = true (custom)
scm_1       | 2019-10-06 05:35:06 INFO  Server:1849 - Auth successful for dn/06bdb749c5d2@EXAMPLE.COM (auth:KERBEROS)
kdc_1       | Oct 06 05:34:42 kdc krb5kdc[9](info): AS_REQ (8 etypes {18 17 20 19 16 23 25 26}) 127.0.0.1: ISSUE: authtime 1570340082, etypes {rep=18 tkt=18 ses=18}, admin/admin@EXAMPLE.COM for kadmin/admin@EXAMPLE.COM
rm_1        | 2019-10-06 05:35:01 INFO  AsyncDispatcher:223 - Registering class org.apache.hadoop.yarn.server.resourcemanager.metrics.AbstractSystemMetricsPublisher$SystemMetricsEventType for class org.apache.hadoop.yarn.server.resourcemanager.metrics.TimelineServiceV1Publisher$TimelineV1EventHandler
om_1        | 2019-10-06 05:35:08 INFO  MetricsSystemImpl:191 - OzoneManager metrics system started
jhs         | INFO: Couldn't find grammar element for class javax.ws.rs.core.Response
datanode_3  | 2019-10-06 05:35:11 INFO  RaftServerImpl:95 - 7c8c1207-55f7-4ec7-a5c1-64fa161a2138: new RaftServerImpl for group-8AEC54342F9A:[220d9736-ad33-4bba-a594-dd11944757ab:172.18.0.8:9858, 51f4c96f-9fae-4491-ad57-84ed751975e9:172.18.0.2:9858, 7c8c1207-55f7-4ec7-a5c1-64fa161a2138:172.18.0.5:9858] with ContainerStateMachine:uninitialized
datanode_1  | 2019-10-06 05:35:10 INFO  RaftServerConfigKeys:43 - raft.server.storage.dir = [/data/metadata/ratis] (custom)
nm_1        | INFO: Registering org.apache.hadoop.yarn.server.nodemanager.webapp.JAXBContextResolver as a provider class
kms_1       | 	at org.eclipse.jetty.server.session.SessionHandler.doScope(SessionHandler.java:185)
datanode_2  | 2019-10-06 05:35:10 INFO  RaftServerConfigKeys:43 - raft.server.snapshot.auto.trigger.threshold = 10000 (custom)
scm_1       | 2019-10-06 05:35:06 INFO  Server:1849 - Auth successful for dn/49900dd8e19c@EXAMPLE.COM (auth:KERBEROS)
kdc_1       | Oct 06 05:34:42 kdc krb5kdc[9](info): AS_REQ (8 etypes {18 17 20 19 16 23 25 26}) 127.0.0.1: SERVER_NOT_FOUND: admin/admin@EXAMPLE.COM for kadmin/localhost@EXAMPLE.COM, Server not found in Kerberos database
rm_1        | 2019-10-06 05:35:01 INFO  AsyncDispatcher:223 - Registering class org.apache.hadoop.yarn.server.resourcemanager.metrics.AbstractSystemMetricsPublisher$SystemMetricsEventType for class org.apache.hadoop.yarn.server.resourcemanager.metrics.TimelineServiceV1Publisher$TimelineV1EventHandler
om_1        | 2019-10-06 05:35:08 INFO  OzoneManager:713 - Reading keypair and certificate from file system.
jhs         | Oct 06, 2019 5:35:58 AM com.sun.jersey.server.wadl.generators.AbstractWadlGeneratorGrammarGenerator attachTypes
datanode_3  | 2019-10-06 05:35:11 INFO  RaftServerConfigKeys:43 - raft.server.rpc.timeout.min = 5s (custom)
datanode_1  | 2019-10-06 05:35:10 INFO  RaftServerConfigKeys:43 - raft.server.log.corruption.policy = EXCEPTION (default)
nm_1        | Oct 06, 2019 5:35:02 AM com.sun.jersey.server.impl.application.WebApplicationImpl _initiate
kms_1       | 	at org.eclipse.jetty.server.handler.ContextHandler.doScope(ContextHandler.java:1112)
datanode_2  | 2019-10-06 05:35:10 INFO  RaftServerConfigKeys:43 - raft.server.snapshot.retention.file.num = 5 (custom)
scm_1       | 2019-10-06 05:35:08 INFO  NetworkTopology:111 - Added a new node: /default-rack/7c8c1207-55f7-4ec7-a5c1-64fa161a2138
kdc_1       | Oct 06 05:34:42 kdc krb5kdc[9](info): AS_REQ (8 etypes {18 17 20 19 16 23 25 26}) 127.0.0.1: ISSUE: authtime 1570340082, etypes {rep=18 tkt=18 ses=18}, admin/admin@EXAMPLE.COM for kadmin/admin@EXAMPLE.COM
om_1        | 2019-10-06 05:35:08 INFO  OzoneManager:679 - Starting OM block token secret manager
rm_1        | 2019-10-06 05:35:01 INFO  AsyncDispatcher:223 - Registering class org.apache.hadoop.yarn.server.resourcemanager.metrics.AbstractSystemMetricsPublisher$SystemMetricsEventType for class org.apache.hadoop.yarn.server.resourcemanager.metrics.TimelineServiceV1Publisher$TimelineV1EventHandler
jhs         | INFO: Couldn't find grammar element for class javax.ws.rs.core.Response
datanode_3  | 2019-10-06 05:35:11 INFO  RaftServerConfigKeys:43 - raft.server.rpc.timeout.max = 5200ms (custom)
datanode_1  | 2019-10-06 05:35:10 INFO  RaftStorageDirectory:246 - The storage directory /data/metadata/ratis/27268f53-cf57-4b68-920a-8aec54342f9a does not exist. Creating ...
nm_1        | INFO: Initiating Jersey application, version 'Jersey: 1.19 02/11/2015 03:25 AM'
kms_1       | 	at org.eclipse.jetty.server.handler.ScopedHandler.handle(ScopedHandler.java:141)
datanode_2  | 2019-10-06 05:35:10 INFO  RaftServerConfigKeys:43 - raft.server.retrycache.expirytime = 600000ms (custom)
scm_1       | 2019-10-06 05:35:08 INFO  SCMNodeManager:268 - Registered Data node : 7c8c1207-55f7-4ec7-a5c1-64fa161a2138{ip: 172.18.0.5, host: ozonesecure-mr_datanode_3.ozone, networkLocation: /default-rack, certSerialId: 10686861376493198}
kdc_1       | Oct 06 05:34:42 kdc krb5kdc[9](info): AS_REQ (8 etypes {18 17 20 19 16 23 25 26}) 127.0.0.1: SERVER_NOT_FOUND: admin/admin@EXAMPLE.COM for kadmin/localhost@EXAMPLE.COM, Server not found in Kerberos database
om_1        | 2019-10-06 05:35:08 INFO  OzoneBlockTokenSecretManager:168 - Updating the current master key for generating tokens
rm_1        | 2019-10-06 05:35:01 INFO  AsyncDispatcher:223 - Registering class org.apache.hadoop.yarn.server.resourcemanager.metrics.AbstractSystemMetricsPublisher$SystemMetricsEventType for class org.apache.hadoop.yarn.server.resourcemanager.metrics.TimelineServiceV1Publisher$TimelineV1EventHandler
jhs         | Oct 06, 2019 5:35:58 AM com.sun.jersey.server.wadl.generators.AbstractWadlGeneratorGrammarGenerator attachTypes
datanode_3  | 2019-10-06 05:35:11 INFO  RaftServerConfigKeys:43 - raft.server.rpcslowness.timeout = 120s (custom)
nm_1        | Oct 06, 2019 5:35:02 AM com.sun.jersey.guice.spi.container.GuiceComponentProviderFactory getComponentProvider
kms_1       | 	at org.eclipse.jetty.server.handler.HandlerCollection.handle(HandlerCollection.java:119)
datanode_2  | 2019-10-06 05:35:10 INFO  RaftServerImpl:181 - 51f4c96f-9fae-4491-ad57-84ed751975e9@group-8E72E9A52268: start as a follower, conf=-1: [51f4c96f-9fae-4491-ad57-84ed751975e9:172.18.0.2:9858], old=null
scm_1       | 2019-10-06 05:35:08 INFO  SCMSafeModeManager:71 - SCM in safe mode. 1 DataNodes registered, 1 required.
kdc_1       | Oct 06 05:34:42 kdc krb5kdc[9](info): AS_REQ (8 etypes {18 17 20 19 16 23 25 26}) 127.0.0.1: ISSUE: authtime 1570340082, etypes {rep=18 tkt=18 ses=18}, admin/admin@EXAMPLE.COM for kadmin/admin@EXAMPLE.COM
datanode_1  | 2019-10-06 05:35:10 INFO  RaftStorageDirectory:328 - Lock on /data/metadata/ratis/27268f53-cf57-4b68-920a-8aec54342f9a/in_use.lock acquired by nodename 7@06bdb749c5d2
om_1        | 2019-10-06 05:35:08 INFO  OzoneManager:690 - Starting OM delegation token secret manager
rm_1        | 2019-10-06 05:35:01 INFO  AsyncDispatcher:223 - Registering class org.apache.hadoop.yarn.server.resourcemanager.metrics.AbstractSystemMetricsPublisher$SystemMetricsEventType for class org.apache.hadoop.yarn.server.resourcemanager.metrics.TimelineServiceV1Publisher$TimelineV1EventHandler
jhs         | INFO: Couldn't find grammar element for class javax.ws.rs.core.Response
datanode_3  | 2019-10-06 05:35:11 INFO  RaftServerConfigKeys:43 - raft.server.sleep.deviation.threshold = 300 (default)
nm_1        | INFO: Binding org.apache.hadoop.yarn.server.nodemanager.webapp.JAXBContextResolver to GuiceManagedComponentProvider with the scope "Singleton"
kms_1       | 	at org.eclipse.jetty.server.handler.HandlerWrapper.handle(HandlerWrapper.java:134)
datanode_2  | 2019-10-06 05:35:10 INFO  RaftServerImpl:170 - 51f4c96f-9fae-4491-ad57-84ed751975e9@group-8E72E9A52268: changes role from      null to FOLLOWER at term 0 for startAsFollower
scm_1       | 2019-10-06 05:35:08 INFO  SCMSafeModeManager:177 - ScmSafeModeManager, all rules are successfully validated
kdc_1       | Oct 06 05:34:42 kdc krb5kdc[9](info): AS_REQ (8 etypes {18 17 20 19 16 23 25 26}) 127.0.0.1: SERVER_NOT_FOUND: admin/admin@EXAMPLE.COM for kadmin/localhost@EXAMPLE.COM, Server not found in Kerberos database
datanode_1  | 2019-10-06 05:35:11 INFO  RaftStorage:84 - Storage directory /data/metadata/ratis/27268f53-cf57-4b68-920a-8aec54342f9a has been successfully formatted.
om_1        | 2019-10-06 05:35:08 INFO  OzoneDelegationTokenSecretManager:168 - Updating the current master key for generating tokens
rm_1        | 2019-10-06 05:35:01 INFO  AsyncDispatcher:223 - Registering class org.apache.hadoop.yarn.server.resourcemanager.metrics.AbstractSystemMetricsPublisher$SystemMetricsEventType for class org.apache.hadoop.yarn.server.resourcemanager.metrics.TimelineServiceV1Publisher$TimelineV1EventHandler
jhs         | 2019-10-06 05:35:58 INFO  AbstractDelegationTokenSecretManager:491 - Token renewal for identifier: (TIMELINE_DELEGATION_TOKEN owner=hadoop, renewer=rm, realUser=, issueDate=1570340157017, maxDate=1570944957017, sequenceNumber=1, masterKeyId=2); total currentTokens 1
datanode_3  | 2019-10-06 05:35:11 INFO  RaftServerConfigKeys:43 - raft.server.log.appender.install.snapshot.enabled = false (custom)
kms_1       | 	at org.eclipse.jetty.server.Server.handle(Server.java:536)
nm_1        | Oct 06, 2019 5:35:03 AM com.sun.jersey.guice.spi.container.GuiceComponentProviderFactory getComponentProvider
