scm_1       | 2019-10-15 13:40:58,348 INFO authorize.ServiceAuthorizationManager: Authorization successful for dn/b6c1e5c8ae86@EXAMPLE.COM (auth:KERBEROS) for protocol=interface org.apache.hadoop.ozone.protocol.StorageContainerDatanodeProtocol
datanode_2  | 2019-10-15 13:39:35,576 INFO server.RaftServerConfigKeys: raft.server.snapshot.auto.trigger.enabled = true (custom)
s3g_1       | 	at org.jboss.weld.bean.AbstractProducerBean.create(AbstractProducerBean.java:180)
om_1        | 2019-10-15 13:40:31,066 INFO ipc.Server: Auth successful for testuser/scm@EXAMPLE.COM (auth:KERBEROS)
datanode_1  | 2019-10-15 13:39:35,544 INFO segmented.SegmentedRaftLogWorker: 243f5b81-fb9f-456a-a0cd-b4600f71197d@group-FDC6340CF35B-SegmentedRaftLogWorker: flushIndex: setUnconditionally 0 -> -1
kdc_1       | Oct 15 13:39:18 kdc krb5kdc[9](info): AS_REQ (8 etypes {18 17 20 19 16 23 25 26}) 127.0.0.1: ISSUE: authtime 1571146758, etypes {rep=18 tkt=18 ses=18}, admin/admin@EXAMPLE.COM for kadmin/admin@EXAMPLE.COM
datanode_3  | 2019-10-15 13:39:35,576 INFO server.RaftServerConfigKeys: raft.server.log.statemachine.data.caching.enabled = true (custom)
scm_1       | 2019-10-15 13:41:05,101 INFO ipc.Server: Auth successful for dn/caa55ec82cb6@EXAMPLE.COM (auth:KERBEROS)
s3g_1       | 	at org.jboss.weld.context.unbound.DependentContextImpl.get(DependentContextImpl.java:70)
datanode_2  | 2019-10-15 13:39:35,577 INFO server.RaftServerConfigKeys: raft.server.snapshot.auto.trigger.threshold = 10000 (custom)
om_1        | 2019-10-15 13:40:31,079 INFO authorize.ServiceAuthorizationManager: Authorization successful for testuser/scm@EXAMPLE.COM (auth:KERBEROS) for protocol=interface org.apache.hadoop.ozone.om.protocol.OzoneManagerProtocol
datanode_1  | 2019-10-15 13:39:35,544 INFO impl.RaftServerImpl: 243f5b81-fb9f-456a-a0cd-b4600f71197d@group-FF1163D00AE7: changes role from CANDIDATE to LEADER at term 1 for changeToLeader
kdc_1       | Oct 15 13:39:17 kdc kadmind[15](Notice): Request: kadm5_init, admin/admin@EXAMPLE.COM, success, client=admin/admin@EXAMPLE.COM, service=kadmin/admin@EXAMPLE.COM, addr=127.0.0.1, vers=4, flavor=6
datanode_3  | 2019-10-15 13:39:35,576 INFO segmented.SegmentedRaftLogWorker: 7bb685c1-41bc-4a96-9234-87019bea7d7a@group-FDC6340CF35B-SegmentedRaftLogWorker: flushIndex: setUnconditionally 0 -> -1
s3g_1       | 	at org.jboss.weld.bean.ContextualInstanceStrategy$DefaultContextualInstanceStrategy.get(ContextualInstanceStrategy.java:100)
datanode_2  | 2019-10-15 13:39:35,577 INFO server.RaftServerConfigKeys: raft.server.snapshot.retention.file.num = 5 (custom)
om_1        | 2019-10-15 13:40:35,462 INFO ipc.Server: Auth successful for testuser/scm@EXAMPLE.COM (auth:KERBEROS)
scm_1       | 2019-10-15 13:41:05,106 INFO authorize.ServiceAuthorizationManager: Authorization successful for dn/caa55ec82cb6@EXAMPLE.COM (auth:KERBEROS) for protocol=interface org.apache.hadoop.ozone.protocol.StorageContainerDatanodeProtocol
datanode_1  | 2019-10-15 13:39:35,544 INFO server.RaftServerConfigKeys: raft.server.snapshot.auto.trigger.enabled = true (custom)
kdc_1       | Oct 15 13:39:17 kdc kadmind[15](Notice): Request: kadm5_get_policy, default, Policy does not exist, client=admin/admin@EXAMPLE.COM, service=kadmin/admin@EXAMPLE.COM, addr=127.0.0.1
datanode_3  | 2019-10-15 13:39:35,576 INFO server.RaftServerConfigKeys: raft.server.snapshot.auto.trigger.enabled = true (custom)
s3g_1       | 	at org.jboss.weld.bean.ContextualInstance.get(ContextualInstance.java:50)
datanode_2  | 2019-10-15 13:39:35,577 INFO server.RaftServerConfigKeys: raft.server.retrycache.expirytime = 600000ms (custom)
om_1        | 2019-10-15 13:40:35,475 INFO authorize.ServiceAuthorizationManager: Authorization successful for testuser/scm@EXAMPLE.COM (auth:KERBEROS) for protocol=interface org.apache.hadoop.ozone.om.protocol.OzoneManagerProtocol
scm_1       | 2019-10-15 13:41:05,141 INFO ipc.Server: Auth successful for dn/f0cf55e09615@EXAMPLE.COM (auth:KERBEROS)
datanode_1  | 2019-10-15 13:39:35,545 INFO impl.RaftServerImpl: 243f5b81-fb9f-456a-a0cd-b4600f71197d@group-FF1163D00AE7: change Leader from null to 243f5b81-fb9f-456a-a0cd-b4600f71197d at term 1 for becomeLeader, leader elected after 259ms
kdc_1       | Oct 15 13:39:17 kdc kadmind[15](Notice): Request: kadm5_create_principal, HTTP/668aa80a3352@EXAMPLE.COM, success, client=admin/admin@EXAMPLE.COM, service=kadmin/admin@EXAMPLE.COM, addr=127.0.0.1
datanode_3  | 2019-10-15 13:39:35,577 INFO server.RaftServerConfigKeys: raft.server.snapshot.auto.trigger.threshold = 10000 (custom)
s3g_1       | 	at org.jboss.weld.manager.BeanManagerImpl.getReference(BeanManagerImpl.java:785)
datanode_2  | 2019-10-15 13:39:35,582 INFO impl.RaftServerImpl: d5ea5ddb-82db-4c67-9018-ad4d4ff0fca7@group-FDC6340CF35B: start as a follower, conf=-1: [243f5b81-fb9f-456a-a0cd-b4600f71197d:172.18.0.6:9858, 7bb685c1-41bc-4a96-9234-87019bea7d7a:172.18.0.8:9858, d5ea5ddb-82db-4c67-9018-ad4d4ff0fca7:172.18.0.9:9858], old=null
om_1        | 2019-10-15 13:40:38,206 INFO ipc.Server: Auth successful for testuser/scm@EXAMPLE.COM (auth:KERBEROS)
scm_1       | 2019-10-15 13:41:05,144 INFO authorize.ServiceAuthorizationManager: Authorization successful for dn/f0cf55e09615@EXAMPLE.COM (auth:KERBEROS) for protocol=interface org.apache.hadoop.ozone.protocol.StorageContainerDatanodeProtocol
datanode_1  | 2019-10-15 13:39:35,545 INFO server.RaftServerConfigKeys: raft.server.snapshot.auto.trigger.threshold = 10000 (custom)
kdc_1       | Oct 15 13:39:17 kdc kadmind[15](info): closing down fd 18
datanode_3  | 2019-10-15 13:39:35,577 INFO server.RaftServerConfigKeys: raft.server.snapshot.retention.file.num = 5 (custom)
s3g_1       | 	at org.jboss.weld.manager.BeanManagerImpl.getInjectableReference(BeanManagerImpl.java:885)
datanode_2  | 2019-10-15 13:39:35,582 INFO impl.RaftServerImpl: d5ea5ddb-82db-4c67-9018-ad4d4ff0fca7@group-FDC6340CF35B: changes role from      null to FOLLOWER at term 0 for startAsFollower
om_1        | 2019-10-15 13:40:38,219 INFO authorize.ServiceAuthorizationManager: Authorization successful for testuser/scm@EXAMPLE.COM (auth:KERBEROS) for protocol=interface org.apache.hadoop.ozone.om.protocol.OzoneManagerProtocol
scm_1       | 2019-10-15 13:41:28,317 INFO ipc.Server: Auth successful for dn/b6c1e5c8ae86@EXAMPLE.COM (auth:KERBEROS)
datanode_1  | 2019-10-15 13:39:35,545 INFO server.RaftServerConfigKeys: raft.server.snapshot.retention.file.num = 5 (custom)
datanode_3  | 2019-10-15 13:39:35,577 INFO server.RaftServerConfigKeys: raft.server.retrycache.expirytime = 600000ms (custom)
s3g_1       | 	at org.jboss.weld.injection.FieldInjectionPoint.inject(FieldInjectionPoint.java:92)
kdc_1       | Oct 15 13:39:17 kdc kadmind[15](Notice): Request: kadm5_init, admin/admin@EXAMPLE.COM, success, client=admin/admin@EXAMPLE.COM, service=kadmin/admin@EXAMPLE.COM, addr=127.0.0.1, vers=4, flavor=6
datanode_2  | 2019-10-15 13:39:35,582 INFO impl.RoleInfo: d5ea5ddb-82db-4c67-9018-ad4d4ff0fca7: start FollowerState
om_1        | 2019-10-15 13:40:41,049 INFO ipc.Server: Auth successful for testuser/scm@EXAMPLE.COM (auth:KERBEROS)
scm_1       | 2019-10-15 13:41:28,321 INFO authorize.ServiceAuthorizationManager: Authorization successful for dn/b6c1e5c8ae86@EXAMPLE.COM (auth:KERBEROS) for protocol=interface org.apache.hadoop.ozone.protocol.StorageContainerDatanodeProtocol
datanode_1  | 2019-10-15 13:39:35,545 INFO server.RaftServerConfigKeys: raft.server.retrycache.expirytime = 600000ms (custom)
datanode_3  | 2019-10-15 13:39:35,580 INFO impl.RaftServerImpl: 7bb685c1-41bc-4a96-9234-87019bea7d7a@group-FDC6340CF35B: start as a follower, conf=-1: [243f5b81-fb9f-456a-a0cd-b4600f71197d:172.18.0.6:9858, 7bb685c1-41bc-4a96-9234-87019bea7d7a:172.18.0.8:9858, d5ea5ddb-82db-4c67-9018-ad4d4ff0fca7:172.18.0.9:9858], old=null
s3g_1       | 	at org.jboss.weld.util.Beans.injectBoundFields(Beans.java:358)
datanode_2  | 2019-10-15 13:39:35,583 INFO util.JmxRegister: Successfully registered JMX Bean with object name Ratis:service=RaftServer,group=group-FDC6340CF35B,id=d5ea5ddb-82db-4c67-9018-ad4d4ff0fca7
om_1        | 2019-10-15 13:40:41,062 INFO authorize.ServiceAuthorizationManager: Authorization successful for testuser/scm@EXAMPLE.COM (auth:KERBEROS) for protocol=interface org.apache.hadoop.ozone.om.protocol.OzoneManagerProtocol
scm_1       | 2019-10-15 13:41:32,643 INFO ipc.Server: Auth successful for om/om@EXAMPLE.COM (auth:KERBEROS)
kdc_1       | Oct 15 13:39:17 kdc kadmind[15](Notice): Request: kadm5_randkey_principal, HTTP/668aa80a3352@EXAMPLE.COM, success, client=admin/admin@EXAMPLE.COM, service=kadmin/admin@EXAMPLE.COM, addr=127.0.0.1
datanode_1  | 2019-10-15 13:39:35,549 INFO server.RaftServerConfigKeys: raft.server.staging.catchup.gap = 1000 (default)
s3g_1       | 	at org.jboss.weld.util.Beans.injectFieldsAndInitializers(Beans.java:369)
datanode_2  | 2019-10-15 13:39:35,696 INFO impl.FollowerState: d5ea5ddb-82db-4c67-9018-ad4d4ff0fca7@group-FDC6340CF35B-FollowerState: change to CANDIDATE, lastRpcTime:114ms, electionTimeout:114ms
om_1        | 2019-10-15 13:40:43,854 INFO ipc.Server: Auth successful for testuser/scm@EXAMPLE.COM (auth:KERBEROS)
scm_1       | 2019-10-15 13:41:32,646 INFO authorize.ServiceAuthorizationManager: Authorization successful for om/om@EXAMPLE.COM (auth:KERBEROS) for protocol=interface org.apache.hadoop.hdds.scm.protocol.ScmBlockLocationProtocol
datanode_3  | 2019-10-15 13:39:35,580 INFO impl.RaftServerImpl: 7bb685c1-41bc-4a96-9234-87019bea7d7a@group-FDC6340CF35B: changes role from      null to FOLLOWER at term 0 for startAsFollower
kdc_1       | Oct 15 13:39:17 kdc kadmind[15](Notice): Request: kadm5_get_principal, HTTP/668aa80a3352@EXAMPLE.COM, success, client=admin/admin@EXAMPLE.COM, service=kadmin/admin@EXAMPLE.COM, addr=127.0.0.1
datanode_1  | 2019-10-15 13:39:35,549 INFO server.RaftServerConfigKeys: raft.server.rpc.sleep.time = 25ms (default)
s3g_1       | 	at org.jboss.weld.injection.producer.ResourceInjector$1.proceed(ResourceInjector.java:70)
datanode_2  | 2019-10-15 13:39:35,697 INFO impl.RoleInfo: d5ea5ddb-82db-4c67-9018-ad4d4ff0fca7: shutdown FollowerState
om_1        | 2019-10-15 13:40:43,867 INFO authorize.ServiceAuthorizationManager: Authorization successful for testuser/scm@EXAMPLE.COM (auth:KERBEROS) for protocol=interface org.apache.hadoop.ozone.om.protocol.OzoneManagerProtocol
scm_1       | 2019-10-15 13:41:32,659 INFO server.SCMBlockProtocolServer: SCM is informed by OM to delete 1 blocks
datanode_3  | 2019-10-15 13:39:35,580 INFO impl.RoleInfo: 7bb685c1-41bc-4a96-9234-87019bea7d7a: start FollowerState
kdc_1       | Oct 15 13:39:17 kdc kadmind[15](info): closing down fd 18
datanode_1  | 2019-10-15 13:39:35,550 INFO impl.RaftServerImpl: 243f5b81-fb9f-456a-a0cd-b4600f71197d@group-FDC6340CF35B: start as a follower, conf=-1: [243f5b81-fb9f-456a-a0cd-b4600f71197d:172.18.0.6:9858, 7bb685c1-41bc-4a96-9234-87019bea7d7a:172.18.0.8:9858, d5ea5ddb-82db-4c67-9018-ad4d4ff0fca7:172.18.0.9:9858], old=null
s3g_1       | 	at org.jboss.weld.injection.InjectionContextImpl.run(InjectionContextImpl.java:48)
datanode_2  | 2019-10-15 13:39:35,697 INFO impl.RaftServerImpl: d5ea5ddb-82db-4c67-9018-ad4d4ff0fca7@group-FDC6340CF35B: changes role from  FOLLOWER to CANDIDATE at term 0 for changeToCandidate
scm_1       | 2019-10-15 13:41:32,660 INFO block.BlockManagerImpl: Deleting blocks conID: 4 locID: 102966678441754749 bcsId: 0
om_1        | 2019-10-15 13:40:46,785 INFO ipc.Server: Auth successful for testuser/scm@EXAMPLE.COM (auth:KERBEROS)
datanode_3  | 2019-10-15 13:39:35,581 INFO util.JmxRegister: Successfully registered JMX Bean with object name Ratis:service=RaftServer,group=group-FDC6340CF35B,id=7bb685c1-41bc-4a96-9234-87019bea7d7a
kdc_1       | Oct 15 13:39:17 kdc kadmind[15](Notice): Request: kadm5_init, admin/admin@EXAMPLE.COM, success, client=admin/admin@EXAMPLE.COM, service=kadmin/admin@EXAMPLE.COM, addr=127.0.0.1, vers=4, flavor=6
datanode_1  | 2019-10-15 13:39:35,550 INFO impl.RaftServerImpl: 243f5b81-fb9f-456a-a0cd-b4600f71197d@group-FDC6340CF35B: changes role from      null to FOLLOWER at term 0 for startAsFollower
s3g_1       | 	at org.jboss.weld.injection.producer.ResourceInjector.inject(ResourceInjector.java:72)
datanode_2  | 2019-10-15 13:39:35,698 INFO impl.RoleInfo: d5ea5ddb-82db-4c67-9018-ad4d4ff0fca7: start LeaderElection
om_1        | 2019-10-15 13:40:46,797 INFO authorize.ServiceAuthorizationManager: Authorization successful for testuser/scm@EXAMPLE.COM (auth:KERBEROS) for protocol=interface org.apache.hadoop.ozone.om.protocol.OzoneManagerProtocol
scm_1       | 2019-10-15 13:41:35,093 INFO ipc.Server: Auth successful for dn/caa55ec82cb6@EXAMPLE.COM (auth:KERBEROS)
datanode_3  | 2019-10-15 13:39:35,727 INFO impl.RaftServerImpl: 7bb685c1-41bc-4a96-9234-87019bea7d7a@group-FDC6340CF35B: changes role from  FOLLOWER to FOLLOWER at term 1 for recognizeCandidate:243f5b81-fb9f-456a-a0cd-b4600f71197d
kdc_1       | Oct 15 13:39:17 kdc kadmind[15](Notice): Request: kadm5_get_policy, default, Policy does not exist, client=admin/admin@EXAMPLE.COM, service=kadmin/admin@EXAMPLE.COM, addr=127.0.0.1
datanode_1  | 2019-10-15 13:39:35,550 INFO impl.RoleInfo: 243f5b81-fb9f-456a-a0cd-b4600f71197d: start FollowerState
s3g_1       | 	at org.jboss.weld.injection.producer.BasicInjectionTarget.inject(BasicInjectionTarget.java:117)
datanode_2  | 2019-10-15 13:39:35,712 INFO impl.LeaderElection: d5ea5ddb-82db-4c67-9018-ad4d4ff0fca7@group-FDC6340CF35B-LeaderElection2: begin an election at term 1 for -1: [243f5b81-fb9f-456a-a0cd-b4600f71197d:172.18.0.6:9858, 7bb685c1-41bc-4a96-9234-87019bea7d7a:172.18.0.8:9858, d5ea5ddb-82db-4c67-9018-ad4d4ff0fca7:172.18.0.9:9858], old=null
om_1        | 2019-10-15 13:40:49,574 INFO ipc.Server: Auth successful for testuser/scm@EXAMPLE.COM (auth:KERBEROS)
scm_1       | 2019-10-15 13:41:35,098 INFO authorize.ServiceAuthorizationManager: Authorization successful for dn/caa55ec82cb6@EXAMPLE.COM (auth:KERBEROS) for protocol=interface org.apache.hadoop.ozone.protocol.StorageContainerDatanodeProtocol
datanode_3  | 2019-10-15 13:39:35,727 INFO impl.RoleInfo: 7bb685c1-41bc-4a96-9234-87019bea7d7a: shutdown FollowerState
kdc_1       | Oct 15 13:39:17 kdc kadmind[15](Notice): Request: kadm5_create_principal, scm/om@EXAMPLE.COM, success, client=admin/admin@EXAMPLE.COM, service=kadmin/admin@EXAMPLE.COM, addr=127.0.0.1
datanode_1  | 2019-10-15 13:39:35,550 INFO util.JmxRegister: Successfully registered JMX Bean with object name Ratis:service=RaftServer,group=group-FDC6340CF35B,id=243f5b81-fb9f-456a-a0cd-b4600f71197d
s3g_1       | 	at org.glassfish.jersey.ext.cdi1x.internal.CdiComponentProvider$InjectionManagerInjectedCdiTarget.inject(CdiComponentProvider.java:873)
datanode_2  | 2019-10-15 13:39:35,725 INFO impl.RaftServerImpl: d5ea5ddb-82db-4c67-9018-ad4d4ff0fca7@group-FDC6340CF35B: changes role from CANDIDATE to FOLLOWER at term 3 for recognizeCandidate:243f5b81-fb9f-456a-a0cd-b4600f71197d
om_1        | 2019-10-15 13:40:49,586 INFO authorize.ServiceAuthorizationManager: Authorization successful for testuser/scm@EXAMPLE.COM (auth:KERBEROS) for protocol=interface org.apache.hadoop.ozone.om.protocol.OzoneManagerProtocol
scm_1       | 2019-10-15 13:41:35,129 INFO ipc.Server: Auth successful for dn/f0cf55e09615@EXAMPLE.COM (auth:KERBEROS)
kdc_1       | Oct 15 13:39:17 kdc kadmind[15](info): closing down fd 18
datanode_3  | 2019-10-15 13:39:35,727 INFO impl.RoleInfo: 7bb685c1-41bc-4a96-9234-87019bea7d7a: start FollowerState
datanode_1  | 2019-10-15 13:39:35,552 INFO server.RaftServerConfigKeys: raft.server.write.element-limit = 4096 (default)
datanode_2  | 2019-10-15 13:39:35,726 INFO impl.RoleInfo: d5ea5ddb-82db-4c67-9018-ad4d4ff0fca7: shutdown LeaderElection
s3g_1       | 	at org.jboss.weld.bean.ManagedBean.create(ManagedBean.java:159)
om_1        | 2019-10-15 13:40:52,332 INFO ipc.Server: Auth successful for testuser/scm@EXAMPLE.COM (auth:KERBEROS)
scm_1       | 2019-10-15 13:41:35,132 INFO authorize.ServiceAuthorizationManager: Authorization successful for dn/f0cf55e09615@EXAMPLE.COM (auth:KERBEROS) for protocol=interface org.apache.hadoop.ozone.protocol.StorageContainerDatanodeProtocol
kdc_1       | Oct 15 13:39:17 kdc kadmind[15](Notice): Request: kadm5_init, admin/admin@EXAMPLE.COM, success, client=admin/admin@EXAMPLE.COM, service=kadmin/admin@EXAMPLE.COM, addr=127.0.0.1, vers=4, flavor=6
datanode_1  | 2019-10-15 13:39:35,555 INFO server.RaftServerConfigKeys: raft.server.watch.timeout = 10s (default)
datanode_2  | 2019-10-15 13:39:35,726 INFO impl.RoleInfo: d5ea5ddb-82db-4c67-9018-ad4d4ff0fca7: start FollowerState
s3g_1       | 	at org.jboss.weld.context.unbound.DependentContextImpl.get(DependentContextImpl.java:70)
datanode_3  | 2019-10-15 13:39:35,727 INFO impl.FollowerState: 7bb685c1-41bc-4a96-9234-87019bea7d7a@group-FDC6340CF35B-FollowerState was interrupted: java.lang.InterruptedException: sleep interrupted
om_1        | 2019-10-15 13:40:52,348 INFO authorize.ServiceAuthorizationManager: Authorization successful for testuser/scm@EXAMPLE.COM (auth:KERBEROS) for protocol=interface org.apache.hadoop.ozone.om.protocol.OzoneManagerProtocol
scm_1       | 2019-10-15 13:41:43,401 INFO ipc.Server: Auth successful for dn/f0cf55e09615@EXAMPLE.COM (auth:KERBEROS)
kdc_1       | Oct 15 13:39:17 kdc kadmind[15](Notice): Request: kadm5_randkey_principal, scm/om@EXAMPLE.COM, success, client=admin/admin@EXAMPLE.COM, service=kadmin/admin@EXAMPLE.COM, addr=127.0.0.1
datanode_1  | 2019-10-15 13:39:35,555 INFO server.RaftServerConfigKeys: raft.server.watch.timeout.denomination = 1s (default)
s3g_1       | 	at org.jboss.weld.bean.ContextualInstanceStrategy$DefaultContextualInstanceStrategy.get(ContextualInstanceStrategy.java:100)
datanode_3  | 2019-10-15 13:39:35,741 INFO impl.RaftServerImpl: 7bb685c1-41bc-4a96-9234-87019bea7d7a@group-FDC6340CF35B: changes role from  FOLLOWER to FOLLOWER at term 2 for recognizeCandidate:243f5b81-fb9f-456a-a0cd-b4600f71197d
om_1        | 2019-10-15 13:40:55,052 INFO ipc.Server: Auth successful for testuser/scm@EXAMPLE.COM (auth:KERBEROS)
scm_1       | 2019-10-15 13:41:43,406 INFO authorize.ServiceAuthorizationManager: Authorization successful for dn/f0cf55e09615@EXAMPLE.COM (auth:KERBEROS) for protocol=interface org.apache.hadoop.hdds.protocol.SCMSecurityProtocol
kdc_1       | Oct 15 13:39:17 kdc kadmind[15](Notice): Request: kadm5_get_principal, scm/om@EXAMPLE.COM, success, client=admin/admin@EXAMPLE.COM, service=kadmin/admin@EXAMPLE.COM, addr=127.0.0.1
datanode_1  | 2019-10-15 13:39:35,556 INFO server.RaftServerConfigKeys: raft.server.watch.element-limit = 65536 (default)
s3g_1       | 	at org.jboss.weld.bean.ContextualInstance.get(ContextualInstance.java:50)
datanode_3  | 2019-10-15 13:39:35,741 INFO impl.RoleInfo: 7bb685c1-41bc-4a96-9234-87019bea7d7a: shutdown FollowerState
om_1        | 2019-10-15 13:40:55,067 INFO authorize.ServiceAuthorizationManager: Authorization successful for testuser/scm@EXAMPLE.COM (auth:KERBEROS) for protocol=interface org.apache.hadoop.ozone.om.protocol.OzoneManagerProtocol
kdc_1       | Oct 15 13:39:17 kdc kadmind[15](info): closing down fd 18
scm_1       | 2019-10-15 13:41:58,315 INFO ipc.Server: Auth successful for dn/b6c1e5c8ae86@EXAMPLE.COM (auth:KERBEROS)
datanode_1  | 2019-10-15 13:39:35,566 INFO impl.FollowerState: 243f5b81-fb9f-456a-a0cd-b4600f71197d@group-FDC6340CF35B-FollowerState: change to CANDIDATE, lastRpcTime:16ms, electionTimeout:16ms
s3g_1       | 	at org.jboss.weld.manager.BeanManagerImpl.getReference(BeanManagerImpl.java:785)
datanode_3  | 2019-10-15 13:39:35,742 INFO impl.FollowerState: 7bb685c1-41bc-4a96-9234-87019bea7d7a@group-FDC6340CF35B-FollowerState was interrupted: java.lang.InterruptedException: sleep interrupted
om_1        | 2019-10-15 13:40:55,861 [IPC Server handler 1 on 9862] INFO       - created volume:58471-rpcwoport2 for user:testuser/scm@EXAMPLE.COM
kdc_1       | Oct 15 13:39:17 kdc kadmind[15](Notice): Request: kadm5_init, admin/admin@EXAMPLE.COM, success, client=admin/admin@EXAMPLE.COM, service=kadmin/admin@EXAMPLE.COM, addr=127.0.0.1, vers=4, flavor=6
scm_1       | 2019-10-15 13:41:58,319 INFO authorize.ServiceAuthorizationManager: Authorization successful for dn/b6c1e5c8ae86@EXAMPLE.COM (auth:KERBEROS) for protocol=interface org.apache.hadoop.ozone.protocol.StorageContainerDatanodeProtocol
datanode_2  | 2019-10-15 13:39:35,774 INFO impl.RaftServerImpl: d5ea5ddb-82db-4c67-9018-ad4d4ff0fca7@group-FDC6340CF35B: changes role from  FOLLOWER to FOLLOWER at term 4 for recognizeCandidate:243f5b81-fb9f-456a-a0cd-b4600f71197d
datanode_1  | 2019-10-15 13:39:35,567 INFO impl.RoleInfo: 243f5b81-fb9f-456a-a0cd-b4600f71197d: shutdown FollowerState
s3g_1       | 	at org.jboss.weld.manager.BeanManagerImpl.getReference(BeanManagerImpl.java:808)
datanode_3  | 2019-10-15 13:39:35,742 INFO impl.RoleInfo: 7bb685c1-41bc-4a96-9234-87019bea7d7a: start FollowerState
om_1        | 2019-10-15 13:40:57,975 INFO ipc.Server: Auth successful for testuser/scm@EXAMPLE.COM (auth:KERBEROS)
kdc_1       | Oct 15 13:39:17 kdc kadmind[15](Notice): Request: kadm5_get_policy, default, Policy does not exist, client=admin/admin@EXAMPLE.COM, service=kadmin/admin@EXAMPLE.COM, addr=127.0.0.1
scm_1       | 2019-10-15 13:42:05,096 INFO ipc.Server: Auth successful for dn/caa55ec82cb6@EXAMPLE.COM (auth:KERBEROS)
s3g_1       | 	at org.jboss.weld.util.ForwardingBeanManager.getReference(ForwardingBeanManager.java:61)
datanode_1  | 2019-10-15 13:39:35,567 INFO impl.RaftServerImpl: 243f5b81-fb9f-456a-a0cd-b4600f71197d@group-FDC6340CF35B: changes role from  FOLLOWER to CANDIDATE at term 0 for changeToCandidate
datanode_3  | 2019-10-15 13:39:35,780 INFO impl.RaftServerImpl: 7bb685c1-41bc-4a96-9234-87019bea7d7a@group-FDC6340CF35B: changes role from  FOLLOWER to FOLLOWER at term 4 for recognizeCandidate:243f5b81-fb9f-456a-a0cd-b4600f71197d
om_1        | 2019-10-15 13:40:57,986 INFO authorize.ServiceAuthorizationManager: Authorization successful for testuser/scm@EXAMPLE.COM (auth:KERBEROS) for protocol=interface org.apache.hadoop.ozone.om.protocol.OzoneManagerProtocol
kdc_1       | Oct 15 13:39:17 kdc kadmind[15](Notice): Request: kadm5_create_principal, dn/s3g@EXAMPLE.COM, success, client=admin/admin@EXAMPLE.COM, service=kadmin/admin@EXAMPLE.COM, addr=127.0.0.1
scm_1       | 2019-10-15 13:42:05,100 INFO authorize.ServiceAuthorizationManager: Authorization successful for dn/caa55ec82cb6@EXAMPLE.COM (auth:KERBEROS) for protocol=interface org.apache.hadoop.ozone.protocol.StorageContainerDatanodeProtocol
s3g_1       | 	at org.jboss.weld.bean.builtin.BeanManagerProxy.getReference(BeanManagerProxy.java:85)
datanode_1  | 2019-10-15 13:39:35,567 INFO impl.RoleInfo: 243f5b81-fb9f-456a-a0cd-b4600f71197d: start LeaderElection
datanode_3  | 2019-10-15 13:39:35,780 INFO impl.RoleInfo: 7bb685c1-41bc-4a96-9234-87019bea7d7a: shutdown FollowerState
om_1        | 2019-10-15 13:41:00,893 INFO ipc.Server: Auth successful for testuser/scm@EXAMPLE.COM (auth:KERBEROS)
kdc_1       | Oct 15 13:39:17 kdc kadmind[15](info): closing down fd 18
datanode_2  | 2019-10-15 13:39:35,774 INFO impl.RoleInfo: d5ea5ddb-82db-4c67-9018-ad4d4ff0fca7: shutdown FollowerState
scm_1       | 2019-10-15 13:42:13,710 INFO ipc.Server: Auth successful for dn/f0cf55e09615@EXAMPLE.COM (auth:KERBEROS)
datanode_1  | 2019-10-15 13:39:35,573 INFO impl.RoleInfo: 243f5b81-fb9f-456a-a0cd-b4600f71197d: start LeaderState
datanode_3  | 2019-10-15 13:39:35,780 INFO impl.RoleInfo: 7bb685c1-41bc-4a96-9234-87019bea7d7a: start FollowerState
om_1        | 2019-10-15 13:41:00,907 INFO authorize.ServiceAuthorizationManager: Authorization successful for testuser/scm@EXAMPLE.COM (auth:KERBEROS) for protocol=interface org.apache.hadoop.ozone.om.protocol.OzoneManagerProtocol
s3g_1       | 	at org.glassfish.jersey.ext.cdi1x.internal.CdiUtil.getBeanReference(CdiUtil.java:151)
kdc_1       | Oct 15 13:39:17 kdc kadmind[15](Notice): Request: kadm5_init, admin/admin@EXAMPLE.COM, success, client=admin/admin@EXAMPLE.COM, service=kadmin/admin@EXAMPLE.COM, addr=127.0.0.1, vers=4, flavor=6
scm_1       | 2019-10-15 13:42:13,715 INFO authorize.ServiceAuthorizationManager: Authorization successful for dn/f0cf55e09615@EXAMPLE.COM (auth:KERBEROS) for protocol=interface org.apache.hadoop.ozone.protocol.StorageContainerDatanodeProtocol
datanode_1  | 2019-10-15 13:39:35,573 INFO impl.LeaderElection: 243f5b81-fb9f-456a-a0cd-b4600f71197d@group-FDC6340CF35B-LeaderElection2: begin an election at term 1 for -1: [243f5b81-fb9f-456a-a0cd-b4600f71197d:172.18.0.6:9858, 7bb685c1-41bc-4a96-9234-87019bea7d7a:172.18.0.8:9858, d5ea5ddb-82db-4c67-9018-ad4d4ff0fca7:172.18.0.9:9858], old=null
datanode_3  | 2019-10-15 13:39:35,780 INFO impl.FollowerState: 7bb685c1-41bc-4a96-9234-87019bea7d7a@group-FDC6340CF35B-FollowerState was interrupted: java.lang.InterruptedException: sleep interrupted
om_1        | 2019-10-15 13:41:03,698 INFO ipc.Server: Auth successful for testuser/scm@EXAMPLE.COM (auth:KERBEROS)
s3g_1       | 	at org.glassfish.jersey.ext.cdi1x.internal.AbstractCdiBeanSupplier$1.getInstance(AbstractCdiBeanSupplier.java:93)
kdc_1       | Oct 15 13:39:17 kdc kadmind[15](Notice): Request: kadm5_randkey_principal, dn/s3g@EXAMPLE.COM, success, client=admin/admin@EXAMPLE.COM, service=kadmin/admin@EXAMPLE.COM, addr=127.0.0.1
scm_1       | 2019-10-15 13:42:28,323 INFO ipc.Server: Auth successful for dn/b6c1e5c8ae86@EXAMPLE.COM (auth:KERBEROS)
datanode_3  | 2019-10-15 13:39:35,807 INFO impl.FollowerState: 7bb685c1-41bc-4a96-9234-87019bea7d7a@group-FDC6340CF35B-FollowerState: change to CANDIDATE, lastRpcTime:27ms, electionTimeout:11ms
datanode_2  | 2019-10-15 13:39:35,774 INFO impl.RoleInfo: d5ea5ddb-82db-4c67-9018-ad4d4ff0fca7: start FollowerState
datanode_1  | 2019-10-15 13:39:35,590 INFO segmented.SegmentedRaftLogWorker: 243f5b81-fb9f-456a-a0cd-b4600f71197d@group-FF1163D00AE7-SegmentedRaftLogWorker: Starting segment from index:0
om_1        | 2019-10-15 13:41:03,710 INFO authorize.ServiceAuthorizationManager: Authorization successful for testuser/scm@EXAMPLE.COM (auth:KERBEROS) for protocol=interface org.apache.hadoop.ozone.om.protocol.OzoneManagerProtocol
s3g_1       | 	at org.glassfish.jersey.ext.cdi1x.internal.AbstractCdiBeanSupplier._provide(AbstractCdiBeanSupplier.java:127)
kdc_1       | Oct 15 13:39:17 kdc kadmind[15](Notice): Request: kadm5_get_principal, dn/s3g@EXAMPLE.COM, success, client=admin/admin@EXAMPLE.COM, service=kadmin/admin@EXAMPLE.COM, addr=127.0.0.1
scm_1       | 2019-10-15 13:42:28,329 INFO authorize.ServiceAuthorizationManager: Authorization successful for dn/b6c1e5c8ae86@EXAMPLE.COM (auth:KERBEROS) for protocol=interface org.apache.hadoop.ozone.protocol.StorageContainerDatanodeProtocol
datanode_3  | 2019-10-15 13:39:35,808 INFO impl.RoleInfo: 7bb685c1-41bc-4a96-9234-87019bea7d7a: shutdown FollowerState
datanode_1  | 2019-10-15 13:39:35,599 INFO impl.LeaderElection: 243f5b81-fb9f-456a-a0cd-b4600f71197d@group-FDC6340CF35B-LeaderElection2: Election TIMEOUT; received 0 response(s) [] and 0 exception(s); 243f5b81-fb9f-456a-a0cd-b4600f71197d@group-FDC6340CF35B:t1, leader=null, voted=243f5b81-fb9f-456a-a0cd-b4600f71197d, raftlog=243f5b81-fb9f-456a-a0cd-b4600f71197d@group-FDC6340CF35B-SegmentedRaftLog:OPENED:c-1,f-1,i0, conf=-1: [243f5b81-fb9f-456a-a0cd-b4600f71197d:172.18.0.6:9858, 7bb685c1-41bc-4a96-9234-87019bea7d7a:172.18.0.8:9858, d5ea5ddb-82db-4c67-9018-ad4d4ff0fca7:172.18.0.9:9858], old=null
om_1        | 2019-10-15 13:41:06,501 INFO ipc.Server: Auth successful for testuser/scm@EXAMPLE.COM (auth:KERBEROS)
datanode_2  | 2019-10-15 13:39:35,774 INFO impl.FollowerState: d5ea5ddb-82db-4c67-9018-ad4d4ff0fca7@group-FDC6340CF35B-FollowerState was interrupted: java.lang.InterruptedException: sleep interrupted
s3g_1       | 	at org.glassfish.jersey.ext.cdi1x.internal.RequestScopedCdiBeanSupplier.get(RequestScopedCdiBeanSupplier.java:70)
kdc_1       | Oct 15 13:39:18 kdc kadmind[15](info): closing down fd 18
scm_1       | 2019-10-15 13:42:30,891 INFO ipc.Server: Auth successful for om/om@EXAMPLE.COM (auth:KERBEROS)
datanode_3  | 2019-10-15 13:39:35,808 INFO impl.RaftServerImpl: 7bb685c1-41bc-4a96-9234-87019bea7d7a@group-FDC6340CF35B: changes role from  FOLLOWER to CANDIDATE at term 4 for changeToCandidate
datanode_1  | 2019-10-15 13:39:35,602 INFO impl.RaftServerImpl: 243f5b81-fb9f-456a-a0cd-b4600f71197d@group-FF1163D00AE7: set configuration 0: [243f5b81-fb9f-456a-a0cd-b4600f71197d:172.18.0.6:9858], old=null at 0
om_1        | 2019-10-15 13:41:06,514 INFO authorize.ServiceAuthorizationManager: Authorization successful for testuser/scm@EXAMPLE.COM (auth:KERBEROS) for protocol=interface org.apache.hadoop.ozone.om.protocol.OzoneManagerProtocol
datanode_2  | 2019-10-15 13:39:35,847 INFO impl.LeaderElection: d5ea5ddb-82db-4c67-9018-ad4d4ff0fca7@group-FDC6340CF35B-LeaderElection2: Election REJECTED; received 0 response(s) [] and 0 exception(s); d5ea5ddb-82db-4c67-9018-ad4d4ff0fca7@group-FDC6340CF35B:t4, leader=null, voted=243f5b81-fb9f-456a-a0cd-b4600f71197d, raftlog=d5ea5ddb-82db-4c67-9018-ad4d4ff0fca7@group-FDC6340CF35B-SegmentedRaftLog:OPENED:c-1,f-1,i0, conf=-1: [243f5b81-fb9f-456a-a0cd-b4600f71197d:172.18.0.6:9858, 7bb685c1-41bc-4a96-9234-87019bea7d7a:172.18.0.8:9858, d5ea5ddb-82db-4c67-9018-ad4d4ff0fca7:172.18.0.9:9858], old=null
s3g_1       | 	at org.glassfish.jersey.inject.hk2.InstanceSupplierFactoryBridge.provide(InstanceSupplierFactoryBridge.java:77)
kdc_1       | Oct 15 13:39:18 kdc kadmind[15](Notice): Request: kadm5_init, admin/admin@EXAMPLE.COM, success, client=admin/admin@EXAMPLE.COM, service=kadmin/admin@EXAMPLE.COM, addr=127.0.0.1, vers=4, flavor=6
scm_1       | 2019-10-15 13:42:30,894 INFO authorize.ServiceAuthorizationManager: Authorization successful for om/om@EXAMPLE.COM (auth:KERBEROS) for protocol=interface org.apache.hadoop.hdds.scm.protocol.ScmBlockLocationProtocol
datanode_3  | 2019-10-15 13:39:35,808 INFO impl.RoleInfo: 7bb685c1-41bc-4a96-9234-87019bea7d7a: start LeaderElection
datanode_1  | 2019-10-15 13:39:35,612 INFO impl.LeaderElection: 243f5b81-fb9f-456a-a0cd-b4600f71197d@group-FDC6340CF35B-LeaderElection2: begin an election at term 2 for -1: [243f5b81-fb9f-456a-a0cd-b4600f71197d:172.18.0.6:9858, 7bb685c1-41bc-4a96-9234-87019bea7d7a:172.18.0.8:9858, d5ea5ddb-82db-4c67-9018-ad4d4ff0fca7:172.18.0.9:9858], old=null
om_1        | 2019-10-15 13:41:09,497 INFO ipc.Server: Auth successful for testuser/scm@EXAMPLE.COM (auth:KERBEROS)
datanode_2  | 2019-10-15 13:39:35,857 INFO impl.RaftServerImpl: d5ea5ddb-82db-4c67-9018-ad4d4ff0fca7@group-FDC6340CF35B: change Leader from null to 243f5b81-fb9f-456a-a0cd-b4600f71197d at term 4 for appendEntries, leader elected after 282ms
kdc_1       | Oct 15 13:39:18 kdc kadmind[15](Notice): Request: kadm5_get_policy, default, Policy does not exist, client=admin/admin@EXAMPLE.COM, service=kadmin/admin@EXAMPLE.COM, addr=127.0.0.1
scm_1       | 2019-10-15 13:42:32,292 INFO ipc.Server: Auth successful for dn/f0cf55e09615@EXAMPLE.COM (auth:KERBEROS)
s3g_1       | 	at org.jvnet.hk2.internal.FactoryCreator.create(FactoryCreator.java:153)
datanode_3  | 2019-10-15 13:39:35,830 INFO impl.LeaderElection: 7bb685c1-41bc-4a96-9234-87019bea7d7a@group-FDC6340CF35B-LeaderElection2: begin an election at term 5 for -1: [243f5b81-fb9f-456a-a0cd-b4600f71197d:172.18.0.6:9858, 7bb685c1-41bc-4a96-9234-87019bea7d7a:172.18.0.8:9858, d5ea5ddb-82db-4c67-9018-ad4d4ff0fca7:172.18.0.9:9858], old=null
om_1        | 2019-10-15 13:41:09,510 INFO authorize.ServiceAuthorizationManager: Authorization successful for testuser/scm@EXAMPLE.COM (auth:KERBEROS) for protocol=interface org.apache.hadoop.ozone.om.protocol.OzoneManagerProtocol
datanode_2  | 2019-10-15 13:39:35,876 INFO server.GrpcServerProtocolService: d5ea5ddb-82db-4c67-9018-ad4d4ff0fca7: Completed APPEND_ENTRIES, lastRequest: 243f5b81-fb9f-456a-a0cd-b4600f71197d->d5ea5ddb-82db-4c67-9018-ad4d4ff0fca7#0-t4, previous=(t:0, i:0), leaderCommit=-1, initializing? false, entries: <empty>
datanode_1  | 2019-10-15 13:39:35,661 INFO impl.LeaderElection: 243f5b81-fb9f-456a-a0cd-b4600f71197d@group-FDC6340CF35B-LeaderElection2: Election TIMEOUT; received 0 response(s) [] and 0 exception(s); 243f5b81-fb9f-456a-a0cd-b4600f71197d@group-FDC6340CF35B:t2, leader=null, voted=243f5b81-fb9f-456a-a0cd-b4600f71197d, raftlog=243f5b81-fb9f-456a-a0cd-b4600f71197d@group-FDC6340CF35B-SegmentedRaftLog:OPENED:c-1,f-1,i0, conf=-1: [243f5b81-fb9f-456a-a0cd-b4600f71197d:172.18.0.6:9858, 7bb685c1-41bc-4a96-9234-87019bea7d7a:172.18.0.8:9858, d5ea5ddb-82db-4c67-9018-ad4d4ff0fca7:172.18.0.9:9858], old=null
kdc_1       | Oct 15 13:39:18 kdc kadmind[15](Notice): Request: kadm5_create_principal, om/scm@EXAMPLE.COM, success, client=admin/admin@EXAMPLE.COM, service=kadmin/admin@EXAMPLE.COM, addr=127.0.0.1
scm_1       | 2019-10-15 13:42:32,296 INFO authorize.ServiceAuthorizationManager: Authorization successful for dn/f0cf55e09615@EXAMPLE.COM (auth:KERBEROS) for protocol=interface org.apache.hadoop.ozone.protocol.StorageContainerDatanodeProtocol
s3g_1       | 	at org.jvnet.hk2.internal.SystemDescriptor.create(SystemDescriptor.java:487)
datanode_3  | 2019-10-15 13:39:35,866 INFO impl.LeaderElection: 7bb685c1-41bc-4a96-9234-87019bea7d7a@group-FDC6340CF35B-LeaderElection2: Election TIMEOUT; received 0 response(s) [] and 0 exception(s); 7bb685c1-41bc-4a96-9234-87019bea7d7a@group-FDC6340CF35B:t5, leader=null, voted=7bb685c1-41bc-4a96-9234-87019bea7d7a, raftlog=7bb685c1-41bc-4a96-9234-87019bea7d7a@group-FDC6340CF35B-SegmentedRaftLog:OPENED:c-1,f-1,i0, conf=-1: [243f5b81-fb9f-456a-a0cd-b4600f71197d:172.18.0.6:9858, 7bb685c1-41bc-4a96-9234-87019bea7d7a:172.18.0.8:9858, d5ea5ddb-82db-4c67-9018-ad4d4ff0fca7:172.18.0.9:9858], old=null
om_1        | 2019-10-15 13:41:12,291 INFO ipc.Server: Auth successful for testuser/scm@EXAMPLE.COM (auth:KERBEROS)
datanode_2  | 2019-10-15 13:39:35,972 INFO impl.RaftServerImpl: d5ea5ddb-82db-4c67-9018-ad4d4ff0fca7@group-FDC6340CF35B: change Leader from 243f5b81-fb9f-456a-a0cd-b4600f71197d to null at term 5 for updateCurrentTerm
datanode_1  | 2019-10-15 13:39:35,674 INFO impl.LeaderElection: 243f5b81-fb9f-456a-a0cd-b4600f71197d@group-FDC6340CF35B-LeaderElection2: begin an election at term 3 for -1: [243f5b81-fb9f-456a-a0cd-b4600f71197d:172.18.0.6:9858, 7bb685c1-41bc-4a96-9234-87019bea7d7a:172.18.0.8:9858, d5ea5ddb-82db-4c67-9018-ad4d4ff0fca7:172.18.0.9:9858], old=null
scm_1       | 2019-10-15 13:42:35,096 INFO ipc.Server: Auth successful for dn/caa55ec82cb6@EXAMPLE.COM (auth:KERBEROS)
kdc_1       | Oct 15 13:39:18 kdc kadmind[15](info): closing down fd 18
s3g_1       | 	at org.jvnet.hk2.internal.PerLookupContext.findOrCreate(PerLookupContext.java:70)
om_1        | 2019-10-15 13:41:12,303 INFO authorize.ServiceAuthorizationManager: Authorization successful for testuser/scm@EXAMPLE.COM (auth:KERBEROS) for protocol=interface org.apache.hadoop.ozone.om.protocol.OzoneManagerProtocol
datanode_2  | 2019-10-15 13:39:35,972 INFO impl.RaftServerImpl: d5ea5ddb-82db-4c67-9018-ad4d4ff0fca7@group-FDC6340CF35B: changes role from  FOLLOWER to FOLLOWER at term 5 for recognizeCandidate:7bb685c1-41bc-4a96-9234-87019bea7d7a
datanode_1  | 2019-10-15 13:39:35,735 INFO impl.LeaderElection: 243f5b81-fb9f-456a-a0cd-b4600f71197d@group-FDC6340CF35B-LeaderElection2: Election TIMEOUT; received 0 response(s) [] and 0 exception(s); 243f5b81-fb9f-456a-a0cd-b4600f71197d@group-FDC6340CF35B:t3, leader=null, voted=243f5b81-fb9f-456a-a0cd-b4600f71197d, raftlog=243f5b81-fb9f-456a-a0cd-b4600f71197d@group-FDC6340CF35B-SegmentedRaftLog:OPENED:c-1,f-1,i0, conf=-1: [243f5b81-fb9f-456a-a0cd-b4600f71197d:172.18.0.6:9858, 7bb685c1-41bc-4a96-9234-87019bea7d7a:172.18.0.8:9858, d5ea5ddb-82db-4c67-9018-ad4d4ff0fca7:172.18.0.9:9858], old=null
scm_1       | 2019-10-15 13:42:35,100 INFO authorize.ServiceAuthorizationManager: Authorization successful for dn/caa55ec82cb6@EXAMPLE.COM (auth:KERBEROS) for protocol=interface org.apache.hadoop.ozone.protocol.StorageContainerDatanodeProtocol
kdc_1       | Oct 15 13:39:18 kdc kadmind[15](Notice): Request: kadm5_init, admin/admin@EXAMPLE.COM, success, client=admin/admin@EXAMPLE.COM, service=kadmin/admin@EXAMPLE.COM, addr=127.0.0.1, vers=4, flavor=6
s3g_1       | 	at org.jvnet.hk2.internal.Utilities.createService(Utilities.java:2126)
datanode_3  | 2019-10-15 13:39:35,874 INFO server.GrpcServerProtocolService: 7bb685c1-41bc-4a96-9234-87019bea7d7a: Completed APPEND_ENTRIES, lastRequest: 243f5b81-fb9f-456a-a0cd-b4600f71197d->7bb685c1-41bc-4a96-9234-87019bea7d7a#0-t4, previous=(t:0, i:0), leaderCommit=-1, initializing? false, entries: <empty>
om_1        | 2019-10-15 13:41:15,185 INFO ipc.Server: Auth successful for testuser/scm@EXAMPLE.COM (auth:KERBEROS)
datanode_2  | 2019-10-15 13:39:35,972 INFO impl.RoleInfo: d5ea5ddb-82db-4c67-9018-ad4d4ff0fca7: shutdown FollowerState
datanode_1  | 2019-10-15 13:39:35,753 INFO segmented.SegmentedRaftLogWorker: 243f5b81-fb9f-456a-a0cd-b4600f71197d@group-FF1163D00AE7-SegmentedRaftLogWorker: created new log segment /data/metadata/ratis/486b6666-fb0d-4e76-b0d6-ff1163d00ae7/current/log_inprogress_0
scm_1       | 2019-10-15 13:42:58,311 INFO ipc.Server: Auth successful for dn/b6c1e5c8ae86@EXAMPLE.COM (auth:KERBEROS)
kdc_1       | Oct 15 13:39:18 kdc kadmind[15](Notice): Request: kadm5_randkey_principal, om/scm@EXAMPLE.COM, success, client=admin/admin@EXAMPLE.COM, service=kadmin/admin@EXAMPLE.COM, addr=127.0.0.1
s3g_1       | 	at org.jvnet.hk2.internal.ServiceLocatorImpl.internalGetService(ServiceLocatorImpl.java:777)
datanode_3  | 2019-10-15 13:39:35,887 INFO impl.LeaderElection: 7bb685c1-41bc-4a96-9234-87019bea7d7a@group-FDC6340CF35B-LeaderElection2: begin an election at term 6 for -1: [243f5b81-fb9f-456a-a0cd-b4600f71197d:172.18.0.6:9858, 7bb685c1-41bc-4a96-9234-87019bea7d7a:172.18.0.8:9858, d5ea5ddb-82db-4c67-9018-ad4d4ff0fca7:172.18.0.9:9858], old=null
om_1        | 2019-10-15 13:41:15,197 INFO authorize.ServiceAuthorizationManager: Authorization successful for testuser/scm@EXAMPLE.COM (auth:KERBEROS) for protocol=interface org.apache.hadoop.ozone.om.protocol.OzoneManagerProtocol
datanode_2  | 2019-10-15 13:39:35,972 INFO impl.FollowerState: d5ea5ddb-82db-4c67-9018-ad4d4ff0fca7@group-FDC6340CF35B-FollowerState was interrupted: java.lang.InterruptedException: sleep interrupted
datanode_1  | 2019-10-15 13:39:35,754 INFO impl.LeaderElection: 243f5b81-fb9f-456a-a0cd-b4600f71197d@group-FDC6340CF35B-LeaderElection2: begin an election at term 4 for -1: [243f5b81-fb9f-456a-a0cd-b4600f71197d:172.18.0.6:9858, 7bb685c1-41bc-4a96-9234-87019bea7d7a:172.18.0.8:9858, d5ea5ddb-82db-4c67-9018-ad4d4ff0fca7:172.18.0.9:9858], old=null
scm_1       | 2019-10-15 13:42:58,316 INFO authorize.ServiceAuthorizationManager: Authorization successful for dn/b6c1e5c8ae86@EXAMPLE.COM (auth:KERBEROS) for protocol=interface org.apache.hadoop.ozone.protocol.StorageContainerDatanodeProtocol
kdc_1       | Oct 15 13:39:18 kdc kadmind[15](Notice): Request: kadm5_get_principal, om/scm@EXAMPLE.COM, success, client=admin/admin@EXAMPLE.COM, service=kadmin/admin@EXAMPLE.COM, addr=127.0.0.1
s3g_1       | 	at org.jvnet.hk2.internal.ServiceLocatorImpl.internalGetService(ServiceLocatorImpl.java:740)
datanode_3  | 2019-10-15 13:39:35,946 INFO impl.LeaderElection: 7bb685c1-41bc-4a96-9234-87019bea7d7a@group-FDC6340CF35B-LeaderElection2: Election TIMEOUT; received 0 response(s) [] and 0 exception(s); 7bb685c1-41bc-4a96-9234-87019bea7d7a@group-FDC6340CF35B:t6, leader=null, voted=7bb685c1-41bc-4a96-9234-87019bea7d7a, raftlog=7bb685c1-41bc-4a96-9234-87019bea7d7a@group-FDC6340CF35B-SegmentedRaftLog:OPENED:c-1,f-1,i0, conf=-1: [243f5b81-fb9f-456a-a0cd-b4600f71197d:172.18.0.6:9858, 7bb685c1-41bc-4a96-9234-87019bea7d7a:172.18.0.8:9858, d5ea5ddb-82db-4c67-9018-ad4d4ff0fca7:172.18.0.9:9858], old=null
om_1        | 2019-10-15 13:41:18,145 INFO ipc.Server: Auth successful for testuser/scm@EXAMPLE.COM (auth:KERBEROS)
datanode_2  | 2019-10-15 13:39:35,973 INFO impl.RoleInfo: d5ea5ddb-82db-4c67-9018-ad4d4ff0fca7: start FollowerState
datanode_1  | 2019-10-15 13:39:35,785 INFO impl.LeaderElection: 243f5b81-fb9f-456a-a0cd-b4600f71197d@group-FDC6340CF35B-LeaderElection2: Election PASSED; received 1 response(s) [243f5b81-fb9f-456a-a0cd-b4600f71197d<-d5ea5ddb-82db-4c67-9018-ad4d4ff0fca7#0:OK-t4] and 0 exception(s); 243f5b81-fb9f-456a-a0cd-b4600f71197d@group-FDC6340CF35B:t4, leader=null, voted=243f5b81-fb9f-456a-a0cd-b4600f71197d, raftlog=243f5b81-fb9f-456a-a0cd-b4600f71197d@group-FDC6340CF35B-SegmentedRaftLog:OPENED:c-1,f-1,i0, conf=-1: [243f5b81-fb9f-456a-a0cd-b4600f71197d:172.18.0.6:9858, 7bb685c1-41bc-4a96-9234-87019bea7d7a:172.18.0.8:9858, d5ea5ddb-82db-4c67-9018-ad4d4ff0fca7:172.18.0.9:9858], old=null
scm_1       | 2019-10-15 13:43:02,287 INFO ipc.Server: Auth successful for dn/f0cf55e09615@EXAMPLE.COM (auth:KERBEROS)
kdc_1       | Oct 15 13:39:18 kdc kadmind[15](info): closing down fd 18
datanode_3  | 2019-10-15 13:39:35,960 INFO impl.LeaderElection: 7bb685c1-41bc-4a96-9234-87019bea7d7a@group-FDC6340CF35B-LeaderElection2: begin an election at term 7 for -1: [243f5b81-fb9f-456a-a0cd-b4600f71197d:172.18.0.6:9858, 7bb685c1-41bc-4a96-9234-87019bea7d7a:172.18.0.8:9858, d5ea5ddb-82db-4c67-9018-ad4d4ff0fca7:172.18.0.9:9858], old=null
om_1        | 2019-10-15 13:41:18,157 INFO authorize.ServiceAuthorizationManager: Authorization successful for testuser/scm@EXAMPLE.COM (auth:KERBEROS) for protocol=interface org.apache.hadoop.ozone.om.protocol.OzoneManagerProtocol
datanode_2  | 2019-10-15 13:39:35,981 INFO impl.RaftServerImpl: d5ea5ddb-82db-4c67-9018-ad4d4ff0fca7@group-FDC6340CF35B: changes role from  FOLLOWER to FOLLOWER at term 7 for recognizeCandidate:7bb685c1-41bc-4a96-9234-87019bea7d7a
s3g_1       | 	at org.jvnet.hk2.internal.ServiceLocatorImpl.getService(ServiceLocatorImpl.java:710)
datanode_1  | 2019-10-15 13:39:35,785 INFO impl.RoleInfo: 243f5b81-fb9f-456a-a0cd-b4600f71197d: shutdown LeaderElection
scm_1       | 2019-10-15 13:43:02,291 INFO authorize.ServiceAuthorizationManager: Authorization successful for dn/f0cf55e09615@EXAMPLE.COM (auth:KERBEROS) for protocol=interface org.apache.hadoop.ozone.protocol.StorageContainerDatanodeProtocol
kdc_1       | Oct 15 13:39:18 kdc kadmind[15](Notice): Request: kadm5_init, admin/admin@EXAMPLE.COM, success, client=admin/admin@EXAMPLE.COM, service=kadmin/admin@EXAMPLE.COM, addr=127.0.0.1, vers=4, flavor=6
datanode_3  | 2019-10-15 13:39:35,990 INFO impl.LeaderElection: 7bb685c1-41bc-4a96-9234-87019bea7d7a@group-FDC6340CF35B-LeaderElection2: Election PASSED; received 1 response(s) [7bb685c1-41bc-4a96-9234-87019bea7d7a<-d5ea5ddb-82db-4c67-9018-ad4d4ff0fca7#0:OK-t7] and 0 exception(s); 7bb685c1-41bc-4a96-9234-87019bea7d7a@group-FDC6340CF35B:t7, leader=null, voted=7bb685c1-41bc-4a96-9234-87019bea7d7a, raftlog=7bb685c1-41bc-4a96-9234-87019bea7d7a@group-FDC6340CF35B-SegmentedRaftLog:OPENED:c-1,f-1,i0, conf=-1: [243f5b81-fb9f-456a-a0cd-b4600f71197d:172.18.0.6:9858, 7bb685c1-41bc-4a96-9234-87019bea7d7a:172.18.0.8:9858, d5ea5ddb-82db-4c67-9018-ad4d4ff0fca7:172.18.0.9:9858], old=null
om_1        | 2019-10-15 13:41:20,837 INFO ipc.Server: Auth successful for testuser/scm@EXAMPLE.COM (auth:KERBEROS)
datanode_2  | 2019-10-15 13:39:35,981 INFO impl.RoleInfo: d5ea5ddb-82db-4c67-9018-ad4d4ff0fca7: shutdown FollowerState
s3g_1       | 	at org.glassfish.jersey.inject.hk2.AbstractHk2InjectionManager.getInstance(AbstractHk2InjectionManager.java:184)
datanode_1  | 2019-10-15 13:39:35,785 INFO impl.RaftServerImpl: 243f5b81-fb9f-456a-a0cd-b4600f71197d@group-FDC6340CF35B: changes role from CANDIDATE to LEADER at term 4 for changeToLeader
scm_1       | 2019-10-15 13:43:05,097 INFO ipc.Server: Auth successful for dn/caa55ec82cb6@EXAMPLE.COM (auth:KERBEROS)
kdc_1       | Oct 15 13:39:18 kdc kadmind[15](Notice): Request: kadm5_get_policy, default, Policy does not exist, client=admin/admin@EXAMPLE.COM, service=kadmin/admin@EXAMPLE.COM, addr=127.0.0.1
datanode_3  | 2019-10-15 13:39:35,990 INFO impl.RoleInfo: 7bb685c1-41bc-4a96-9234-87019bea7d7a: shutdown LeaderElection
om_1        | 2019-10-15 13:41:20,847 INFO authorize.ServiceAuthorizationManager: Authorization successful for testuser/scm@EXAMPLE.COM (auth:KERBEROS) for protocol=interface org.apache.hadoop.ozone.om.protocol.OzoneManagerProtocol
datanode_2  | 2019-10-15 13:39:35,982 INFO impl.RoleInfo: d5ea5ddb-82db-4c67-9018-ad4d4ff0fca7: start FollowerState
s3g_1       | 	at org.glassfish.jersey.inject.hk2.ImmediateHk2InjectionManager.getInstance(ImmediateHk2InjectionManager.java:54)
datanode_1  | 2019-10-15 13:39:35,785 INFO impl.RaftServerImpl: 243f5b81-fb9f-456a-a0cd-b4600f71197d@group-FDC6340CF35B: change Leader from null to 243f5b81-fb9f-456a-a0cd-b4600f71197d at term 4 for becomeLeader, leader elected after 243ms
kdc_1       | Oct 15 13:39:18 kdc kadmind[15](Notice): Request: kadm5_create_principal, scm/b6c1e5c8ae86@EXAMPLE.COM, success, client=admin/admin@EXAMPLE.COM, service=kadmin/admin@EXAMPLE.COM, addr=127.0.0.1
datanode_3  | 2019-10-15 13:39:35,991 INFO impl.RaftServerImpl: 7bb685c1-41bc-4a96-9234-87019bea7d7a@group-FDC6340CF35B: changes role from CANDIDATE to LEADER at term 7 for changeToLeader
om_1        | 2019-10-15 13:41:23,837 INFO ipc.Server: Auth successful for testuser/scm@EXAMPLE.COM (auth:KERBEROS)
scm_1       | 2019-10-15 13:43:05,101 INFO authorize.ServiceAuthorizationManager: Authorization successful for dn/caa55ec82cb6@EXAMPLE.COM (auth:KERBEROS) for protocol=interface org.apache.hadoop.ozone.protocol.StorageContainerDatanodeProtocol
datanode_2  | 2019-10-15 13:39:35,982 INFO impl.FollowerState: d5ea5ddb-82db-4c67-9018-ad4d4ff0fca7@group-FDC6340CF35B-FollowerState was interrupted: java.lang.InterruptedException: sleep interrupted
s3g_1       | 	at org.glassfish.jersey.internal.inject.Injections.getOrCreate(Injections.java:129)
datanode_1  | 2019-10-15 13:39:35,786 INFO server.RaftServerConfigKeys: raft.server.staging.catchup.gap = 1000 (default)
kdc_1       | Oct 15 13:39:18 kdc kadmind[15](info): closing down fd 18
datanode_3  | 2019-10-15 13:39:35,991 INFO impl.RaftServerImpl: 7bb685c1-41bc-4a96-9234-87019bea7d7a@group-FDC6340CF35B: change Leader from null to 7bb685c1-41bc-4a96-9234-87019bea7d7a at term 7 for becomeLeader, leader elected after 417ms
om_1        | 2019-10-15 13:41:23,852 INFO authorize.ServiceAuthorizationManager: Authorization successful for testuser/scm@EXAMPLE.COM (auth:KERBEROS) for protocol=interface org.apache.hadoop.ozone.om.protocol.OzoneManagerProtocol
scm_1       | 2019-10-15 13:43:23,073 INFO ipc.Server: Auth successful for om/om@EXAMPLE.COM (auth:KERBEROS)
datanode_2  | 2019-10-15 13:39:36,078 INFO impl.RaftServerImpl: d5ea5ddb-82db-4c67-9018-ad4d4ff0fca7@group-FDC6340CF35B: change Leader from null to 7bb685c1-41bc-4a96-9234-87019bea7d7a at term 7 for appendEntries, leader elected after 106ms
s3g_1       | 	at org.glassfish.jersey.server.model.MethodHandler$ClassBasedMethodHandler.getInstance(MethodHandler.java:284)
datanode_1  | 2019-10-15 13:39:35,786 INFO server.RaftServerConfigKeys: raft.server.rpc.sleep.time = 25ms (default)
datanode_3  | 2019-10-15 13:39:35,991 INFO server.RaftServerConfigKeys: raft.server.staging.catchup.gap = 1000 (default)
om_1        | 2019-10-15 13:41:24,623 [IPC Server handler 17 on 9862] ERROR      - Add acl [user:superuser1:rwxy[ACCESS]] to path /58471-rpcwoport2/bb1 failed, because acl already exist
scm_1       | 2019-10-15 13:43:23,075 INFO authorize.ServiceAuthorizationManager: Authorization successful for om/om@EXAMPLE.COM (auth:KERBEROS) for protocol=interface org.apache.hadoop.hdds.scm.protocol.ScmBlockLocationProtocol
datanode_2  | 2019-10-15 13:39:36,095 INFO impl.RaftServerImpl: d5ea5ddb-82db-4c67-9018-ad4d4ff0fca7@group-FDC6340CF35B: set configuration 0: [243f5b81-fb9f-456a-a0cd-b4600f71197d:172.18.0.6:9858, 7bb685c1-41bc-4a96-9234-87019bea7d7a:172.18.0.8:9858, d5ea5ddb-82db-4c67-9018-ad4d4ff0fca7:172.18.0.9:9858], old=null at 0
s3g_1       | 	at org.glassfish.jersey.server.internal.routing.PushMethodHandlerRouter.apply(PushMethodHandlerRouter.java:75)
datanode_1  | 2019-10-15 13:39:35,786 INFO server.RaftServerConfigKeys: raft.server.write.element-limit = 4096 (default)
kdc_1       | Oct 15 13:39:18 kdc kadmind[15](Notice): Request: kadm5_init, admin/admin@EXAMPLE.COM, success, client=admin/admin@EXAMPLE.COM, service=kadmin/admin@EXAMPLE.COM, addr=127.0.0.1, vers=4, flavor=6
datanode_3  | 2019-10-15 13:39:35,991 INFO server.RaftServerConfigKeys: raft.server.rpc.sleep.time = 25ms (default)
om_1        | 2019-10-15 13:41:26,750 INFO ipc.Server: Auth successful for testuser/scm@EXAMPLE.COM (auth:KERBEROS)
scm_1       | 2019-10-15 13:43:24,532 INFO ipc.Server: Auth successful for dn/f0cf55e09615@EXAMPLE.COM (auth:KERBEROS)
datanode_2  | 2019-10-15 13:39:36,096 INFO segmented.SegmentedRaftLogWorker: d5ea5ddb-82db-4c67-9018-ad4d4ff0fca7@group-FDC6340CF35B-SegmentedRaftLogWorker: Starting segment from index:0
s3g_1       | 	at org.glassfish.jersey.server.internal.routing.RoutingStage._apply(RoutingStage.java:110)
datanode_1  | 2019-10-15 13:39:35,786 INFO server.RaftServerConfigKeys: raft.server.watch.timeout = 10s (default)
kdc_1       | Oct 15 13:39:18 kdc kadmind[15](Notice): Request: kadm5_randkey_principal, scm/b6c1e5c8ae86@EXAMPLE.COM, success, client=admin/admin@EXAMPLE.COM, service=kadmin/admin@EXAMPLE.COM, addr=127.0.0.1
datanode_3  | 2019-10-15 13:39:35,992 INFO server.RaftServerConfigKeys: raft.server.write.element-limit = 4096 (default)
scm_1       | 2019-10-15 13:43:24,537 INFO authorize.ServiceAuthorizationManager: Authorization successful for dn/f0cf55e09615@EXAMPLE.COM (auth:KERBEROS) for protocol=interface org.apache.hadoop.ozone.protocol.StorageContainerDatanodeProtocol
datanode_2  | 2019-10-15 13:39:36,136 INFO segmented.SegmentedRaftLogWorker: d5ea5ddb-82db-4c67-9018-ad4d4ff0fca7@group-FDC6340CF35B-SegmentedRaftLogWorker: created new log segment /data/metadata/ratis/d64c49ae-885f-476d-8d28-fdc6340cf35b/current/log_inprogress_0
