datanode_3  | 2019-10-15 13:29:11,741 INFO impl.FollowerState: 610ec9d8-c71e-4af6-88d6-54ca176510b7@group-F661CD00E841-FollowerState was interrupted: java.lang.InterruptedException: sleep interrupted
datanode_2  | 2019-10-15 13:29:06,589 INFO impl.LeaderElection: afa5ad70-b8e5-4bf7-bab6-96a857d051b7@group-F661CD00E841-LeaderElection51: Election REJECTED; received 2 response(s) [afa5ad70-b8e5-4bf7-bab6-96a857d051b7<-82f7d572-cac6-4362-aedf-0cecf65f5700#0:FAIL-t68, afa5ad70-b8e5-4bf7-bab6-96a857d051b7<-610ec9d8-c71e-4af6-88d6-54ca176510b7#0:FAIL-t68] and 0 exception(s); afa5ad70-b8e5-4bf7-bab6-96a857d051b7@group-F661CD00E841:t68, leader=null, voted=afa5ad70-b8e5-4bf7-bab6-96a857d051b7, raftlog=afa5ad70-b8e5-4bf7-bab6-96a857d051b7@group-F661CD00E841-SegmentedRaftLog:OPENED:c-1,f-1,i0, conf=-1: [82f7d572-cac6-4362-aedf-0cecf65f5700:172.18.0.8:9858, 610ec9d8-c71e-4af6-88d6-54ca176510b7:172.18.0.7:9858, afa5ad70-b8e5-4bf7-bab6-96a857d051b7:172.18.0.9:9858], old=null
datanode_1  | 2019-10-15 13:29:12,979 INFO impl.RoleInfo: 82f7d572-cac6-4362-aedf-0cecf65f5700: start FollowerState
datanode_3  | 2019-10-15 13:29:11,896 INFO impl.RaftServerImpl: 610ec9d8-c71e-4af6-88d6-54ca176510b7@group-F661CD00E841: changes role from  FOLLOWER to FOLLOWER at term 111 for recognizeCandidate:afa5ad70-b8e5-4bf7-bab6-96a857d051b7
datanode_2  | 2019-10-15 13:29:06,589 INFO impl.RaftServerImpl: afa5ad70-b8e5-4bf7-bab6-96a857d051b7@group-F661CD00E841: changes role from CANDIDATE to FOLLOWER at term 68 for DISCOVERED_A_NEW_TERM
datanode_1  | 2019-10-15 13:29:12,979 INFO impl.FollowerState: 82f7d572-cac6-4362-aedf-0cecf65f5700@group-F661CD00E841-FollowerState was interrupted: java.lang.InterruptedException: sleep interrupted
datanode_3  | 2019-10-15 13:29:11,896 INFO impl.RoleInfo: 610ec9d8-c71e-4af6-88d6-54ca176510b7: shutdown FollowerState
datanode_2  | 2019-10-15 13:29:06,589 INFO impl.RoleInfo: afa5ad70-b8e5-4bf7-bab6-96a857d051b7: shutdown LeaderElection
datanode_1  | 2019-10-15 13:29:12,996 INFO impl.RaftServerImpl: 82f7d572-cac6-4362-aedf-0cecf65f5700@group-F661CD00E841: changes role from  FOLLOWER to FOLLOWER at term 118 for recognizeCandidate:afa5ad70-b8e5-4bf7-bab6-96a857d051b7
datanode_3  | 2019-10-15 13:29:11,896 INFO impl.FollowerState: 610ec9d8-c71e-4af6-88d6-54ca176510b7@group-F661CD00E841-FollowerState was interrupted: java.lang.InterruptedException: sleep interrupted
datanode_2  | 2019-10-15 13:29:06,589 INFO impl.RoleInfo: afa5ad70-b8e5-4bf7-bab6-96a857d051b7: start FollowerState
datanode_1  | 2019-10-15 13:29:12,996 INFO impl.RoleInfo: 82f7d572-cac6-4362-aedf-0cecf65f5700: shutdown FollowerState
datanode_3  | 2019-10-15 13:29:11,897 INFO impl.RoleInfo: 610ec9d8-c71e-4af6-88d6-54ca176510b7: start FollowerState
datanode_2  | 2019-10-15 13:29:06,744 INFO impl.FollowerState: afa5ad70-b8e5-4bf7-bab6-96a857d051b7@group-F661CD00E841-FollowerState: change to CANDIDATE, lastRpcTime:154ms, electionTimeout:154ms
datanode_1  | 2019-10-15 13:29:12,997 INFO impl.RoleInfo: 82f7d572-cac6-4362-aedf-0cecf65f5700: start FollowerState
datanode_3  | 2019-10-15 13:29:12,082 INFO impl.RaftServerImpl: 610ec9d8-c71e-4af6-88d6-54ca176510b7@group-F661CD00E841: changes role from  FOLLOWER to FOLLOWER at term 112 for recognizeCandidate:afa5ad70-b8e5-4bf7-bab6-96a857d051b7
datanode_2  | 2019-10-15 13:29:06,744 INFO impl.RoleInfo: afa5ad70-b8e5-4bf7-bab6-96a857d051b7: shutdown FollowerState
datanode_1  | 2019-10-15 13:29:12,997 INFO impl.FollowerState: 82f7d572-cac6-4362-aedf-0cecf65f5700@group-F661CD00E841-FollowerState was interrupted: java.lang.InterruptedException: sleep interrupted
datanode_3  | 2019-10-15 13:29:12,082 INFO impl.RoleInfo: 610ec9d8-c71e-4af6-88d6-54ca176510b7: shutdown FollowerState
datanode_1  | 2019-10-15 13:29:13,086 INFO impl.RaftServerImpl: 82f7d572-cac6-4362-aedf-0cecf65f5700@group-F661CD00E841: changes role from  FOLLOWER to FOLLOWER at term 119 for recognizeCandidate:afa5ad70-b8e5-4bf7-bab6-96a857d051b7
datanode_2  | 2019-10-15 13:29:06,744 INFO impl.RaftServerImpl: afa5ad70-b8e5-4bf7-bab6-96a857d051b7@group-F661CD00E841: changes role from  FOLLOWER to CANDIDATE at term 68 for changeToCandidate
datanode_3  | 2019-10-15 13:29:12,082 INFO impl.RoleInfo: 610ec9d8-c71e-4af6-88d6-54ca176510b7: start FollowerState
datanode_1  | 2019-10-15 13:29:13,086 INFO impl.RoleInfo: 82f7d572-cac6-4362-aedf-0cecf65f5700: shutdown FollowerState
datanode_2  | 2019-10-15 13:29:06,744 INFO impl.RoleInfo: afa5ad70-b8e5-4bf7-bab6-96a857d051b7: start LeaderElection
datanode_3  | 2019-10-15 13:29:12,082 INFO impl.FollowerState: 610ec9d8-c71e-4af6-88d6-54ca176510b7@group-F661CD00E841-FollowerState was interrupted: java.lang.InterruptedException: sleep interrupted
datanode_1  | 2019-10-15 13:29:13,086 INFO impl.FollowerState: 82f7d572-cac6-4362-aedf-0cecf65f5700@group-F661CD00E841-FollowerState was interrupted: java.lang.InterruptedException: sleep interrupted
datanode_2  | 2019-10-15 13:29:06,768 INFO impl.LeaderElection: afa5ad70-b8e5-4bf7-bab6-96a857d051b7@group-F661CD00E841-LeaderElection52: begin an election at term 69 for -1: [82f7d572-cac6-4362-aedf-0cecf65f5700:172.18.0.8:9858, 610ec9d8-c71e-4af6-88d6-54ca176510b7:172.18.0.7:9858, afa5ad70-b8e5-4bf7-bab6-96a857d051b7:172.18.0.9:9858], old=null
datanode_3  | 2019-10-15 13:29:12,101 INFO impl.RaftServerImpl: 610ec9d8-c71e-4af6-88d6-54ca176510b7@group-F661CD00E841: changes role from  FOLLOWER to FOLLOWER at term 113 for recognizeCandidate:afa5ad70-b8e5-4bf7-bab6-96a857d051b7
datanode_1  | 2019-10-15 13:29:13,086 INFO impl.RoleInfo: 82f7d572-cac6-4362-aedf-0cecf65f5700: start FollowerState
datanode_2  | 2019-10-15 13:29:06,796 INFO impl.LeaderElection: afa5ad70-b8e5-4bf7-bab6-96a857d051b7@group-F661CD00E841-LeaderElection52: Election REJECTED; received 2 response(s) [afa5ad70-b8e5-4bf7-bab6-96a857d051b7<-82f7d572-cac6-4362-aedf-0cecf65f5700#0:FAIL-t69, afa5ad70-b8e5-4bf7-bab6-96a857d051b7<-610ec9d8-c71e-4af6-88d6-54ca176510b7#0:FAIL-t69] and 0 exception(s); afa5ad70-b8e5-4bf7-bab6-96a857d051b7@group-F661CD00E841:t69, leader=null, voted=afa5ad70-b8e5-4bf7-bab6-96a857d051b7, raftlog=afa5ad70-b8e5-4bf7-bab6-96a857d051b7@group-F661CD00E841-SegmentedRaftLog:OPENED:c-1,f-1,i0, conf=-1: [82f7d572-cac6-4362-aedf-0cecf65f5700:172.18.0.8:9858, 610ec9d8-c71e-4af6-88d6-54ca176510b7:172.18.0.7:9858, afa5ad70-b8e5-4bf7-bab6-96a857d051b7:172.18.0.9:9858], old=null
datanode_3  | 2019-10-15 13:29:12,102 INFO impl.RoleInfo: 610ec9d8-c71e-4af6-88d6-54ca176510b7: shutdown FollowerState
datanode_1  | 2019-10-15 13:29:13,246 INFO impl.RaftServerImpl: 82f7d572-cac6-4362-aedf-0cecf65f5700@group-F661CD00E841: changes role from  FOLLOWER to FOLLOWER at term 120 for recognizeCandidate:afa5ad70-b8e5-4bf7-bab6-96a857d051b7
datanode_2  | 2019-10-15 13:29:06,796 INFO impl.RaftServerImpl: afa5ad70-b8e5-4bf7-bab6-96a857d051b7@group-F661CD00E841: changes role from CANDIDATE to FOLLOWER at term 69 for DISCOVERED_A_NEW_TERM
datanode_3  | 2019-10-15 13:29:12,102 INFO impl.RoleInfo: 610ec9d8-c71e-4af6-88d6-54ca176510b7: start FollowerState
datanode_1  | 2019-10-15 13:29:13,246 INFO impl.RoleInfo: 82f7d572-cac6-4362-aedf-0cecf65f5700: shutdown FollowerState
datanode_2  | 2019-10-15 13:29:06,796 INFO impl.RoleInfo: afa5ad70-b8e5-4bf7-bab6-96a857d051b7: shutdown LeaderElection
datanode_3  | 2019-10-15 13:29:12,102 INFO impl.FollowerState: 610ec9d8-c71e-4af6-88d6-54ca176510b7@group-F661CD00E841-FollowerState was interrupted: java.lang.InterruptedException: sleep interrupted
datanode_1  | 2019-10-15 13:29:13,246 INFO impl.RoleInfo: 82f7d572-cac6-4362-aedf-0cecf65f5700: start FollowerState
datanode_2  | 2019-10-15 13:29:06,796 INFO impl.RoleInfo: afa5ad70-b8e5-4bf7-bab6-96a857d051b7: start FollowerState
datanode_3  | 2019-10-15 13:29:12,334 INFO impl.RaftServerImpl: 610ec9d8-c71e-4af6-88d6-54ca176510b7@group-F661CD00E841: changes role from  FOLLOWER to FOLLOWER at term 114 for recognizeCandidate:afa5ad70-b8e5-4bf7-bab6-96a857d051b7
datanode_1  | 2019-10-15 13:29:13,246 INFO impl.FollowerState: 82f7d572-cac6-4362-aedf-0cecf65f5700@group-F661CD00E841-FollowerState was interrupted: java.lang.InterruptedException: sleep interrupted
datanode_2  | 2019-10-15 13:29:06,799 INFO impl.FollowerState: afa5ad70-b8e5-4bf7-bab6-96a857d051b7@group-F661CD00E841-FollowerState: change to CANDIDATE, lastRpcTime:2ms, electionTimeout:2ms
datanode_3  | 2019-10-15 13:29:12,334 INFO impl.RoleInfo: 610ec9d8-c71e-4af6-88d6-54ca176510b7: shutdown FollowerState
datanode_2  | 2019-10-15 13:29:06,799 INFO impl.RoleInfo: afa5ad70-b8e5-4bf7-bab6-96a857d051b7: shutdown FollowerState
datanode_1  | 2019-10-15 13:29:13,508 INFO impl.RaftServerImpl: 82f7d572-cac6-4362-aedf-0cecf65f5700@group-F661CD00E841: changes role from  FOLLOWER to FOLLOWER at term 121 for recognizeCandidate:afa5ad70-b8e5-4bf7-bab6-96a857d051b7
datanode_3  | 2019-10-15 13:29:12,334 INFO impl.RoleInfo: 610ec9d8-c71e-4af6-88d6-54ca176510b7: start FollowerState
datanode_2  | 2019-10-15 13:29:06,799 INFO impl.RaftServerImpl: afa5ad70-b8e5-4bf7-bab6-96a857d051b7@group-F661CD00E841: changes role from  FOLLOWER to CANDIDATE at term 69 for changeToCandidate
datanode_1  | 2019-10-15 13:29:13,508 INFO impl.RoleInfo: 82f7d572-cac6-4362-aedf-0cecf65f5700: shutdown FollowerState
datanode_3  | 2019-10-15 13:29:12,334 INFO impl.FollowerState: 610ec9d8-c71e-4af6-88d6-54ca176510b7@group-F661CD00E841-FollowerState was interrupted: java.lang.InterruptedException: sleep interrupted
datanode_2  | 2019-10-15 13:29:06,799 INFO impl.RoleInfo: afa5ad70-b8e5-4bf7-bab6-96a857d051b7: start LeaderElection
datanode_1  | 2019-10-15 13:29:13,508 INFO impl.RoleInfo: 82f7d572-cac6-4362-aedf-0cecf65f5700: start FollowerState
datanode_3  | 2019-10-15 13:29:12,580 INFO impl.RaftServerImpl: 610ec9d8-c71e-4af6-88d6-54ca176510b7@group-F661CD00E841: changes role from  FOLLOWER to FOLLOWER at term 115 for recognizeCandidate:afa5ad70-b8e5-4bf7-bab6-96a857d051b7
datanode_2  | 2019-10-15 13:29:06,813 INFO impl.LeaderElection: afa5ad70-b8e5-4bf7-bab6-96a857d051b7@group-F661CD00E841-LeaderElection53: begin an election at term 70 for -1: [82f7d572-cac6-4362-aedf-0cecf65f5700:172.18.0.8:9858, 610ec9d8-c71e-4af6-88d6-54ca176510b7:172.18.0.7:9858, afa5ad70-b8e5-4bf7-bab6-96a857d051b7:172.18.0.9:9858], old=null
datanode_1  | 2019-10-15 13:29:13,508 INFO impl.FollowerState: 82f7d572-cac6-4362-aedf-0cecf65f5700@group-F661CD00E841-FollowerState was interrupted: java.lang.InterruptedException: sleep interrupted
datanode_3  | 2019-10-15 13:29:12,580 INFO impl.RoleInfo: 610ec9d8-c71e-4af6-88d6-54ca176510b7: shutdown FollowerState
datanode_2  | 2019-10-15 13:29:06,849 INFO impl.LeaderElection: afa5ad70-b8e5-4bf7-bab6-96a857d051b7@group-F661CD00E841-LeaderElection53: Election REJECTED; received 2 response(s) [afa5ad70-b8e5-4bf7-bab6-96a857d051b7<-82f7d572-cac6-4362-aedf-0cecf65f5700#0:FAIL-t70, afa5ad70-b8e5-4bf7-bab6-96a857d051b7<-610ec9d8-c71e-4af6-88d6-54ca176510b7#0:FAIL-t70] and 0 exception(s); afa5ad70-b8e5-4bf7-bab6-96a857d051b7@group-F661CD00E841:t70, leader=null, voted=afa5ad70-b8e5-4bf7-bab6-96a857d051b7, raftlog=afa5ad70-b8e5-4bf7-bab6-96a857d051b7@group-F661CD00E841-SegmentedRaftLog:OPENED:c-1,f-1,i0, conf=-1: [82f7d572-cac6-4362-aedf-0cecf65f5700:172.18.0.8:9858, 610ec9d8-c71e-4af6-88d6-54ca176510b7:172.18.0.7:9858, afa5ad70-b8e5-4bf7-bab6-96a857d051b7:172.18.0.9:9858], old=null
datanode_1  | 2019-10-15 13:29:13,705 INFO impl.RaftServerImpl: 82f7d572-cac6-4362-aedf-0cecf65f5700@group-F661CD00E841: changes role from  FOLLOWER to FOLLOWER at term 122 for recognizeCandidate:afa5ad70-b8e5-4bf7-bab6-96a857d051b7
datanode_2  | 2019-10-15 13:29:06,849 INFO impl.RaftServerImpl: afa5ad70-b8e5-4bf7-bab6-96a857d051b7@group-F661CD00E841: changes role from CANDIDATE to FOLLOWER at term 70 for DISCOVERED_A_NEW_TERM
datanode_3  | 2019-10-15 13:29:12,580 INFO impl.RoleInfo: 610ec9d8-c71e-4af6-88d6-54ca176510b7: start FollowerState
datanode_1  | 2019-10-15 13:29:13,705 INFO impl.RoleInfo: 82f7d572-cac6-4362-aedf-0cecf65f5700: shutdown FollowerState
datanode_3  | 2019-10-15 13:29:12,581 INFO impl.FollowerState: 610ec9d8-c71e-4af6-88d6-54ca176510b7@group-F661CD00E841-FollowerState was interrupted: java.lang.InterruptedException: sleep interrupted
datanode_2  | 2019-10-15 13:29:06,849 INFO impl.RoleInfo: afa5ad70-b8e5-4bf7-bab6-96a857d051b7: shutdown LeaderElection
datanode_1  | 2019-10-15 13:29:13,705 INFO impl.RoleInfo: 82f7d572-cac6-4362-aedf-0cecf65f5700: start FollowerState
datanode_3  | 2019-10-15 13:29:12,775 INFO impl.RaftServerImpl: 610ec9d8-c71e-4af6-88d6-54ca176510b7@group-F661CD00E841: changes role from  FOLLOWER to FOLLOWER at term 116 for recognizeCandidate:afa5ad70-b8e5-4bf7-bab6-96a857d051b7
datanode_2  | 2019-10-15 13:29:06,849 INFO impl.RoleInfo: afa5ad70-b8e5-4bf7-bab6-96a857d051b7: start FollowerState
datanode_1  | 2019-10-15 13:29:13,705 INFO impl.FollowerState: 82f7d572-cac6-4362-aedf-0cecf65f5700@group-F661CD00E841-FollowerState was interrupted: java.lang.InterruptedException: sleep interrupted
datanode_3  | 2019-10-15 13:29:12,775 INFO impl.RoleInfo: 610ec9d8-c71e-4af6-88d6-54ca176510b7: shutdown FollowerState
datanode_2  | 2019-10-15 13:29:06,912 INFO impl.FollowerState: afa5ad70-b8e5-4bf7-bab6-96a857d051b7@group-F661CD00E841-FollowerState: change to CANDIDATE, lastRpcTime:62ms, electionTimeout:62ms
datanode_1  | 2019-10-15 13:29:13,722 INFO impl.RaftServerImpl: 82f7d572-cac6-4362-aedf-0cecf65f5700@group-F661CD00E841: changes role from  FOLLOWER to FOLLOWER at term 123 for recognizeCandidate:afa5ad70-b8e5-4bf7-bab6-96a857d051b7
datanode_3  | 2019-10-15 13:29:12,776 INFO impl.FollowerState: 610ec9d8-c71e-4af6-88d6-54ca176510b7@group-F661CD00E841-FollowerState was interrupted: java.lang.InterruptedException: sleep interrupted
datanode_2  | 2019-10-15 13:29:06,912 INFO impl.RoleInfo: afa5ad70-b8e5-4bf7-bab6-96a857d051b7: shutdown FollowerState
datanode_1  | 2019-10-15 13:29:13,722 INFO impl.RoleInfo: 82f7d572-cac6-4362-aedf-0cecf65f5700: shutdown FollowerState
datanode_3  | 2019-10-15 13:29:12,776 INFO impl.RoleInfo: 610ec9d8-c71e-4af6-88d6-54ca176510b7: start FollowerState
datanode_1  | 2019-10-15 13:29:13,723 INFO impl.RoleInfo: 82f7d572-cac6-4362-aedf-0cecf65f5700: start FollowerState
datanode_2  | 2019-10-15 13:29:06,912 INFO impl.RaftServerImpl: afa5ad70-b8e5-4bf7-bab6-96a857d051b7@group-F661CD00E841: changes role from  FOLLOWER to CANDIDATE at term 70 for changeToCandidate
datanode_3  | 2019-10-15 13:29:12,978 INFO impl.RaftServerImpl: 610ec9d8-c71e-4af6-88d6-54ca176510b7@group-F661CD00E841: changes role from  FOLLOWER to FOLLOWER at term 117 for recognizeCandidate:afa5ad70-b8e5-4bf7-bab6-96a857d051b7
datanode_1  | 2019-10-15 13:29:13,723 INFO impl.FollowerState: 82f7d572-cac6-4362-aedf-0cecf65f5700@group-F661CD00E841-FollowerState was interrupted: java.lang.InterruptedException: sleep interrupted
datanode_2  | 2019-10-15 13:29:06,912 INFO impl.RoleInfo: afa5ad70-b8e5-4bf7-bab6-96a857d051b7: start LeaderElection
datanode_3  | 2019-10-15 13:29:12,978 INFO impl.RoleInfo: 610ec9d8-c71e-4af6-88d6-54ca176510b7: shutdown FollowerState
datanode_1  | 2019-10-15 13:29:13,875 INFO impl.RaftServerImpl: 82f7d572-cac6-4362-aedf-0cecf65f5700@group-F661CD00E841: changes role from  FOLLOWER to FOLLOWER at term 124 for recognizeCandidate:afa5ad70-b8e5-4bf7-bab6-96a857d051b7
datanode_2  | 2019-10-15 13:29:06,926 INFO impl.LeaderElection: afa5ad70-b8e5-4bf7-bab6-96a857d051b7@group-F661CD00E841-LeaderElection54: begin an election at term 71 for -1: [82f7d572-cac6-4362-aedf-0cecf65f5700:172.18.0.8:9858, 610ec9d8-c71e-4af6-88d6-54ca176510b7:172.18.0.7:9858, afa5ad70-b8e5-4bf7-bab6-96a857d051b7:172.18.0.9:9858], old=null
datanode_3  | 2019-10-15 13:29:12,978 INFO impl.RoleInfo: 610ec9d8-c71e-4af6-88d6-54ca176510b7: start FollowerState
datanode_1  | 2019-10-15 13:29:13,875 INFO impl.RoleInfo: 82f7d572-cac6-4362-aedf-0cecf65f5700: shutdown FollowerState
datanode_2  | 2019-10-15 13:29:06,947 INFO impl.LeaderElection: afa5ad70-b8e5-4bf7-bab6-96a857d051b7@group-F661CD00E841-LeaderElection54: Election REJECTED; received 2 response(s) [afa5ad70-b8e5-4bf7-bab6-96a857d051b7<-82f7d572-cac6-4362-aedf-0cecf65f5700#0:FAIL-t71, afa5ad70-b8e5-4bf7-bab6-96a857d051b7<-610ec9d8-c71e-4af6-88d6-54ca176510b7#0:FAIL-t71] and 0 exception(s); afa5ad70-b8e5-4bf7-bab6-96a857d051b7@group-F661CD00E841:t71, leader=null, voted=afa5ad70-b8e5-4bf7-bab6-96a857d051b7, raftlog=afa5ad70-b8e5-4bf7-bab6-96a857d051b7@group-F661CD00E841-SegmentedRaftLog:OPENED:c-1,f-1,i0, conf=-1: [82f7d572-cac6-4362-aedf-0cecf65f5700:172.18.0.8:9858, 610ec9d8-c71e-4af6-88d6-54ca176510b7:172.18.0.7:9858, afa5ad70-b8e5-4bf7-bab6-96a857d051b7:172.18.0.9:9858], old=null
datanode_1  | 2019-10-15 13:29:13,876 INFO impl.RoleInfo: 82f7d572-cac6-4362-aedf-0cecf65f5700: start FollowerState
datanode_3  | 2019-10-15 13:29:12,978 INFO impl.FollowerState: 610ec9d8-c71e-4af6-88d6-54ca176510b7@group-F661CD00E841-FollowerState was interrupted: java.lang.InterruptedException: sleep interrupted
datanode_2  | 2019-10-15 13:29:06,947 INFO impl.RaftServerImpl: afa5ad70-b8e5-4bf7-bab6-96a857d051b7@group-F661CD00E841: changes role from CANDIDATE to FOLLOWER at term 71 for DISCOVERED_A_NEW_TERM
datanode_1  | 2019-10-15 13:29:13,876 INFO impl.FollowerState: 82f7d572-cac6-4362-aedf-0cecf65f5700@group-F661CD00E841-FollowerState was interrupted: java.lang.InterruptedException: sleep interrupted
datanode_3  | 2019-10-15 13:29:12,996 INFO impl.RaftServerImpl: 610ec9d8-c71e-4af6-88d6-54ca176510b7@group-F661CD00E841: changes role from  FOLLOWER to FOLLOWER at term 118 for recognizeCandidate:afa5ad70-b8e5-4bf7-bab6-96a857d051b7
datanode_1  | 2019-10-15 13:29:14,066 INFO impl.RaftServerImpl: 82f7d572-cac6-4362-aedf-0cecf65f5700@group-F661CD00E841: changes role from  FOLLOWER to FOLLOWER at term 125 for recognizeCandidate:afa5ad70-b8e5-4bf7-bab6-96a857d051b7
datanode_2  | 2019-10-15 13:29:06,947 INFO impl.RoleInfo: afa5ad70-b8e5-4bf7-bab6-96a857d051b7: shutdown LeaderElection
datanode_3  | 2019-10-15 13:29:12,996 INFO impl.RoleInfo: 610ec9d8-c71e-4af6-88d6-54ca176510b7: shutdown FollowerState
datanode_2  | 2019-10-15 13:29:06,947 INFO impl.RoleInfo: afa5ad70-b8e5-4bf7-bab6-96a857d051b7: start FollowerState
datanode_1  | 2019-10-15 13:29:14,067 INFO impl.RoleInfo: 82f7d572-cac6-4362-aedf-0cecf65f5700: shutdown FollowerState
datanode_3  | 2019-10-15 13:29:12,997 INFO impl.RoleInfo: 610ec9d8-c71e-4af6-88d6-54ca176510b7: start FollowerState
datanode_2  | 2019-10-15 13:29:06,956 INFO impl.FollowerState: afa5ad70-b8e5-4bf7-bab6-96a857d051b7@group-F661CD00E841-FollowerState: change to CANDIDATE, lastRpcTime:8ms, electionTimeout:8ms
datanode_1  | 2019-10-15 13:29:14,067 INFO impl.RoleInfo: 82f7d572-cac6-4362-aedf-0cecf65f5700: start FollowerState
datanode_2  | 2019-10-15 13:29:06,956 INFO impl.RoleInfo: afa5ad70-b8e5-4bf7-bab6-96a857d051b7: shutdown FollowerState
datanode_3  | 2019-10-15 13:29:12,997 INFO impl.FollowerState: 610ec9d8-c71e-4af6-88d6-54ca176510b7@group-F661CD00E841-FollowerState was interrupted: java.lang.InterruptedException: sleep interrupted
datanode_1  | 2019-10-15 13:29:14,067 INFO impl.FollowerState: 82f7d572-cac6-4362-aedf-0cecf65f5700@group-F661CD00E841-FollowerState was interrupted: java.lang.InterruptedException: sleep interrupted
datanode_2  | 2019-10-15 13:29:06,956 INFO impl.RaftServerImpl: afa5ad70-b8e5-4bf7-bab6-96a857d051b7@group-F661CD00E841: changes role from  FOLLOWER to CANDIDATE at term 71 for changeToCandidate
datanode_3  | 2019-10-15 13:29:13,086 INFO impl.RaftServerImpl: 610ec9d8-c71e-4af6-88d6-54ca176510b7@group-F661CD00E841: changes role from  FOLLOWER to FOLLOWER at term 119 for recognizeCandidate:afa5ad70-b8e5-4bf7-bab6-96a857d051b7
datanode_1  | 2019-10-15 13:29:14,205 INFO impl.RaftServerImpl: 82f7d572-cac6-4362-aedf-0cecf65f5700@group-F661CD00E841: changes role from  FOLLOWER to FOLLOWER at term 126 for recognizeCandidate:afa5ad70-b8e5-4bf7-bab6-96a857d051b7
datanode_2  | 2019-10-15 13:29:06,956 INFO impl.RoleInfo: afa5ad70-b8e5-4bf7-bab6-96a857d051b7: start LeaderElection
datanode_3  | 2019-10-15 13:29:13,086 INFO impl.RoleInfo: 610ec9d8-c71e-4af6-88d6-54ca176510b7: shutdown FollowerState
datanode_1  | 2019-10-15 13:29:14,205 INFO impl.RoleInfo: 82f7d572-cac6-4362-aedf-0cecf65f5700: shutdown FollowerState
datanode_2  | 2019-10-15 13:29:06,970 INFO impl.LeaderElection: afa5ad70-b8e5-4bf7-bab6-96a857d051b7@group-F661CD00E841-LeaderElection55: begin an election at term 72 for -1: [82f7d572-cac6-4362-aedf-0cecf65f5700:172.18.0.8:9858, 610ec9d8-c71e-4af6-88d6-54ca176510b7:172.18.0.7:9858, afa5ad70-b8e5-4bf7-bab6-96a857d051b7:172.18.0.9:9858], old=null
datanode_3  | 2019-10-15 13:29:13,086 INFO impl.RoleInfo: 610ec9d8-c71e-4af6-88d6-54ca176510b7: start FollowerState
datanode_1  | 2019-10-15 13:29:14,205 INFO impl.RoleInfo: 82f7d572-cac6-4362-aedf-0cecf65f5700: start FollowerState
datanode_2  | 2019-10-15 13:29:06,993 INFO impl.LeaderElection: afa5ad70-b8e5-4bf7-bab6-96a857d051b7@group-F661CD00E841-LeaderElection55: Election REJECTED; received 2 response(s) [afa5ad70-b8e5-4bf7-bab6-96a857d051b7<-82f7d572-cac6-4362-aedf-0cecf65f5700#0:FAIL-t72, afa5ad70-b8e5-4bf7-bab6-96a857d051b7<-610ec9d8-c71e-4af6-88d6-54ca176510b7#0:FAIL-t72] and 0 exception(s); afa5ad70-b8e5-4bf7-bab6-96a857d051b7@group-F661CD00E841:t72, leader=null, voted=afa5ad70-b8e5-4bf7-bab6-96a857d051b7, raftlog=afa5ad70-b8e5-4bf7-bab6-96a857d051b7@group-F661CD00E841-SegmentedRaftLog:OPENED:c-1,f-1,i0, conf=-1: [82f7d572-cac6-4362-aedf-0cecf65f5700:172.18.0.8:9858, 610ec9d8-c71e-4af6-88d6-54ca176510b7:172.18.0.7:9858, afa5ad70-b8e5-4bf7-bab6-96a857d051b7:172.18.0.9:9858], old=null
datanode_3  | 2019-10-15 13:29:13,086 INFO impl.FollowerState: 610ec9d8-c71e-4af6-88d6-54ca176510b7@group-F661CD00E841-FollowerState was interrupted: java.lang.InterruptedException: sleep interrupted
datanode_1  | 2019-10-15 13:29:14,205 INFO impl.FollowerState: 82f7d572-cac6-4362-aedf-0cecf65f5700@group-F661CD00E841-FollowerState was interrupted: java.lang.InterruptedException: sleep interrupted
datanode_2  | 2019-10-15 13:29:06,993 INFO impl.RaftServerImpl: afa5ad70-b8e5-4bf7-bab6-96a857d051b7@group-F661CD00E841: changes role from CANDIDATE to FOLLOWER at term 72 for DISCOVERED_A_NEW_TERM
datanode_3  | 2019-10-15 13:29:13,246 INFO impl.RaftServerImpl: 610ec9d8-c71e-4af6-88d6-54ca176510b7@group-F661CD00E841: changes role from  FOLLOWER to FOLLOWER at term 120 for recognizeCandidate:afa5ad70-b8e5-4bf7-bab6-96a857d051b7
datanode_1  | 2019-10-15 13:29:14,261 INFO impl.RaftServerImpl: 82f7d572-cac6-4362-aedf-0cecf65f5700@group-F661CD00E841: changes role from  FOLLOWER to FOLLOWER at term 127 for recognizeCandidate:afa5ad70-b8e5-4bf7-bab6-96a857d051b7
datanode_2  | 2019-10-15 13:29:06,993 INFO impl.RoleInfo: afa5ad70-b8e5-4bf7-bab6-96a857d051b7: shutdown LeaderElection
datanode_1  | 2019-10-15 13:29:14,261 INFO impl.RoleInfo: 82f7d572-cac6-4362-aedf-0cecf65f5700: shutdown FollowerState
datanode_3  | 2019-10-15 13:29:13,246 INFO impl.RoleInfo: 610ec9d8-c71e-4af6-88d6-54ca176510b7: shutdown FollowerState
datanode_2  | 2019-10-15 13:29:06,993 INFO impl.RoleInfo: afa5ad70-b8e5-4bf7-bab6-96a857d051b7: start FollowerState
datanode_3  | 2019-10-15 13:29:13,246 INFO impl.RoleInfo: 610ec9d8-c71e-4af6-88d6-54ca176510b7: start FollowerState
datanode_1  | 2019-10-15 13:29:14,261 INFO impl.RoleInfo: 82f7d572-cac6-4362-aedf-0cecf65f5700: start FollowerState
datanode_2  | 2019-10-15 13:29:07,088 INFO impl.FollowerState: afa5ad70-b8e5-4bf7-bab6-96a857d051b7@group-F661CD00E841-FollowerState: change to CANDIDATE, lastRpcTime:94ms, electionTimeout:94ms
datanode_3  | 2019-10-15 13:29:13,246 INFO impl.FollowerState: 610ec9d8-c71e-4af6-88d6-54ca176510b7@group-F661CD00E841-FollowerState was interrupted: java.lang.InterruptedException: sleep interrupted
datanode_2  | 2019-10-15 13:29:07,088 INFO impl.RoleInfo: afa5ad70-b8e5-4bf7-bab6-96a857d051b7: shutdown FollowerState
datanode_1  | 2019-10-15 13:29:14,261 INFO impl.FollowerState: 82f7d572-cac6-4362-aedf-0cecf65f5700@group-F661CD00E841-FollowerState was interrupted: java.lang.InterruptedException: sleep interrupted
datanode_3  | 2019-10-15 13:29:13,509 INFO impl.RaftServerImpl: 610ec9d8-c71e-4af6-88d6-54ca176510b7@group-F661CD00E841: changes role from  FOLLOWER to FOLLOWER at term 121 for recognizeCandidate:afa5ad70-b8e5-4bf7-bab6-96a857d051b7
datanode_2  | 2019-10-15 13:29:07,088 INFO impl.RaftServerImpl: afa5ad70-b8e5-4bf7-bab6-96a857d051b7@group-F661CD00E841: changes role from  FOLLOWER to CANDIDATE at term 72 for changeToCandidate
datanode_3  | 2019-10-15 13:29:13,509 INFO impl.RoleInfo: 610ec9d8-c71e-4af6-88d6-54ca176510b7: shutdown FollowerState
datanode_1  | 2019-10-15 13:29:14,361 INFO impl.RaftServerImpl: 82f7d572-cac6-4362-aedf-0cecf65f5700@group-F661CD00E841: changes role from  FOLLOWER to FOLLOWER at term 128 for recognizeCandidate:afa5ad70-b8e5-4bf7-bab6-96a857d051b7
datanode_2  | 2019-10-15 13:29:07,088 INFO impl.RoleInfo: afa5ad70-b8e5-4bf7-bab6-96a857d051b7: start LeaderElection
datanode_1  | 2019-10-15 13:29:14,361 INFO impl.RoleInfo: 82f7d572-cac6-4362-aedf-0cecf65f5700: shutdown FollowerState
datanode_3  | 2019-10-15 13:29:13,509 INFO impl.RoleInfo: 610ec9d8-c71e-4af6-88d6-54ca176510b7: start FollowerState
datanode_2  | 2019-10-15 13:29:07,112 INFO impl.LeaderElection: afa5ad70-b8e5-4bf7-bab6-96a857d051b7@group-F661CD00E841-LeaderElection56: begin an election at term 73 for -1: [82f7d572-cac6-4362-aedf-0cecf65f5700:172.18.0.8:9858, 610ec9d8-c71e-4af6-88d6-54ca176510b7:172.18.0.7:9858, afa5ad70-b8e5-4bf7-bab6-96a857d051b7:172.18.0.9:9858], old=null
datanode_1  | 2019-10-15 13:29:14,361 INFO impl.RoleInfo: 82f7d572-cac6-4362-aedf-0cecf65f5700: start FollowerState
datanode_3  | 2019-10-15 13:29:13,509 INFO impl.FollowerState: 610ec9d8-c71e-4af6-88d6-54ca176510b7@group-F661CD00E841-FollowerState was interrupted: java.lang.InterruptedException: sleep interrupted
datanode_2  | 2019-10-15 13:29:07,133 INFO impl.LeaderElection: afa5ad70-b8e5-4bf7-bab6-96a857d051b7@group-F661CD00E841-LeaderElection56: Election REJECTED; received 2 response(s) [afa5ad70-b8e5-4bf7-bab6-96a857d051b7<-82f7d572-cac6-4362-aedf-0cecf65f5700#0:FAIL-t73, afa5ad70-b8e5-4bf7-bab6-96a857d051b7<-610ec9d8-c71e-4af6-88d6-54ca176510b7#0:FAIL-t73] and 0 exception(s); afa5ad70-b8e5-4bf7-bab6-96a857d051b7@group-F661CD00E841:t73, leader=null, voted=afa5ad70-b8e5-4bf7-bab6-96a857d051b7, raftlog=afa5ad70-b8e5-4bf7-bab6-96a857d051b7@group-F661CD00E841-SegmentedRaftLog:OPENED:c-1,f-1,i0, conf=-1: [82f7d572-cac6-4362-aedf-0cecf65f5700:172.18.0.8:9858, 610ec9d8-c71e-4af6-88d6-54ca176510b7:172.18.0.7:9858, afa5ad70-b8e5-4bf7-bab6-96a857d051b7:172.18.0.9:9858], old=null
datanode_3  | 2019-10-15 13:29:13,705 INFO impl.RaftServerImpl: 610ec9d8-c71e-4af6-88d6-54ca176510b7@group-F661CD00E841: changes role from  FOLLOWER to FOLLOWER at term 122 for recognizeCandidate:afa5ad70-b8e5-4bf7-bab6-96a857d051b7
datanode_1  | 2019-10-15 13:29:14,361 INFO impl.FollowerState: 82f7d572-cac6-4362-aedf-0cecf65f5700@group-F661CD00E841-FollowerState was interrupted: java.lang.InterruptedException: sleep interrupted
datanode_2  | 2019-10-15 13:29:07,133 INFO impl.RaftServerImpl: afa5ad70-b8e5-4bf7-bab6-96a857d051b7@group-F661CD00E841: changes role from CANDIDATE to FOLLOWER at term 73 for DISCOVERED_A_NEW_TERM
datanode_3  | 2019-10-15 13:29:13,705 INFO impl.RoleInfo: 610ec9d8-c71e-4af6-88d6-54ca176510b7: shutdown FollowerState
datanode_1  | 2019-10-15 13:29:14,407 INFO impl.RaftServerImpl: 82f7d572-cac6-4362-aedf-0cecf65f5700@group-F661CD00E841: changes role from  FOLLOWER to FOLLOWER at term 129 for recognizeCandidate:afa5ad70-b8e5-4bf7-bab6-96a857d051b7
datanode_2  | 2019-10-15 13:29:07,133 INFO impl.RoleInfo: afa5ad70-b8e5-4bf7-bab6-96a857d051b7: shutdown LeaderElection
datanode_3  | 2019-10-15 13:29:13,705 INFO impl.RoleInfo: 610ec9d8-c71e-4af6-88d6-54ca176510b7: start FollowerState
datanode_2  | 2019-10-15 13:29:07,133 INFO impl.RoleInfo: afa5ad70-b8e5-4bf7-bab6-96a857d051b7: start FollowerState
datanode_1  | 2019-10-15 13:29:14,407 INFO impl.RoleInfo: 82f7d572-cac6-4362-aedf-0cecf65f5700: shutdown FollowerState
datanode_2  | 2019-10-15 13:29:07,171 INFO impl.FollowerState: afa5ad70-b8e5-4bf7-bab6-96a857d051b7@group-F661CD00E841-FollowerState: change to CANDIDATE, lastRpcTime:37ms, electionTimeout:37ms
datanode_3  | 2019-10-15 13:29:13,705 INFO impl.FollowerState: 610ec9d8-c71e-4af6-88d6-54ca176510b7@group-F661CD00E841-FollowerState was interrupted: java.lang.InterruptedException: sleep interrupted
datanode_1  | 2019-10-15 13:29:14,408 INFO impl.RoleInfo: 82f7d572-cac6-4362-aedf-0cecf65f5700: start FollowerState
datanode_3  | 2019-10-15 13:29:13,722 INFO impl.RaftServerImpl: 610ec9d8-c71e-4af6-88d6-54ca176510b7@group-F661CD00E841: changes role from  FOLLOWER to FOLLOWER at term 123 for recognizeCandidate:afa5ad70-b8e5-4bf7-bab6-96a857d051b7
datanode_2  | 2019-10-15 13:29:07,171 INFO impl.RoleInfo: afa5ad70-b8e5-4bf7-bab6-96a857d051b7: shutdown FollowerState
datanode_1  | 2019-10-15 13:29:14,408 INFO impl.FollowerState: 82f7d572-cac6-4362-aedf-0cecf65f5700@group-F661CD00E841-FollowerState was interrupted: java.lang.InterruptedException: sleep interrupted
datanode_3  | 2019-10-15 13:29:13,722 INFO impl.RoleInfo: 610ec9d8-c71e-4af6-88d6-54ca176510b7: shutdown FollowerState
datanode_2  | 2019-10-15 13:29:07,171 INFO impl.RaftServerImpl: afa5ad70-b8e5-4bf7-bab6-96a857d051b7@group-F661CD00E841: changes role from  FOLLOWER to CANDIDATE at term 73 for changeToCandidate
datanode_1  | 2019-10-15 13:29:14,551 INFO impl.RaftServerImpl: 82f7d572-cac6-4362-aedf-0cecf65f5700@group-F661CD00E841: changes role from  FOLLOWER to FOLLOWER at term 130 for recognizeCandidate:afa5ad70-b8e5-4bf7-bab6-96a857d051b7
datanode_3  | 2019-10-15 13:29:13,722 INFO impl.RoleInfo: 610ec9d8-c71e-4af6-88d6-54ca176510b7: start FollowerState
datanode_2  | 2019-10-15 13:29:07,171 INFO impl.RoleInfo: afa5ad70-b8e5-4bf7-bab6-96a857d051b7: start LeaderElection
datanode_1  | 2019-10-15 13:29:14,551 INFO impl.RoleInfo: 82f7d572-cac6-4362-aedf-0cecf65f5700: shutdown FollowerState
datanode_3  | 2019-10-15 13:29:13,722 INFO impl.FollowerState: 610ec9d8-c71e-4af6-88d6-54ca176510b7@group-F661CD00E841-FollowerState was interrupted: java.lang.InterruptedException: sleep interrupted
datanode_2  | 2019-10-15 13:29:07,195 INFO impl.LeaderElection: afa5ad70-b8e5-4bf7-bab6-96a857d051b7@group-F661CD00E841-LeaderElection57: begin an election at term 74 for -1: [82f7d572-cac6-4362-aedf-0cecf65f5700:172.18.0.8:9858, 610ec9d8-c71e-4af6-88d6-54ca176510b7:172.18.0.7:9858, afa5ad70-b8e5-4bf7-bab6-96a857d051b7:172.18.0.9:9858], old=null
datanode_3  | 2019-10-15 13:29:13,876 INFO impl.RaftServerImpl: 610ec9d8-c71e-4af6-88d6-54ca176510b7@group-F661CD00E841: changes role from  FOLLOWER to FOLLOWER at term 124 for recognizeCandidate:afa5ad70-b8e5-4bf7-bab6-96a857d051b7
datanode_1  | 2019-10-15 13:29:14,551 INFO impl.RoleInfo: 82f7d572-cac6-4362-aedf-0cecf65f5700: start FollowerState
datanode_2  | 2019-10-15 13:29:07,223 INFO impl.LeaderElection: afa5ad70-b8e5-4bf7-bab6-96a857d051b7@group-F661CD00E841-LeaderElection57: Election REJECTED; received 2 response(s) [afa5ad70-b8e5-4bf7-bab6-96a857d051b7<-82f7d572-cac6-4362-aedf-0cecf65f5700#0:FAIL-t74, afa5ad70-b8e5-4bf7-bab6-96a857d051b7<-610ec9d8-c71e-4af6-88d6-54ca176510b7#0:FAIL-t74] and 0 exception(s); afa5ad70-b8e5-4bf7-bab6-96a857d051b7@group-F661CD00E841:t74, leader=null, voted=afa5ad70-b8e5-4bf7-bab6-96a857d051b7, raftlog=afa5ad70-b8e5-4bf7-bab6-96a857d051b7@group-F661CD00E841-SegmentedRaftLog:OPENED:c-1,f-1,i0, conf=-1: [82f7d572-cac6-4362-aedf-0cecf65f5700:172.18.0.8:9858, 610ec9d8-c71e-4af6-88d6-54ca176510b7:172.18.0.7:9858, afa5ad70-b8e5-4bf7-bab6-96a857d051b7:172.18.0.9:9858], old=null
datanode_3  | 2019-10-15 13:29:13,876 INFO impl.RoleInfo: 610ec9d8-c71e-4af6-88d6-54ca176510b7: shutdown FollowerState
datanode_1  | 2019-10-15 13:29:14,551 INFO impl.FollowerState: 82f7d572-cac6-4362-aedf-0cecf65f5700@group-F661CD00E841-FollowerState was interrupted: java.lang.InterruptedException: sleep interrupted
datanode_2  | 2019-10-15 13:29:07,223 INFO impl.RaftServerImpl: afa5ad70-b8e5-4bf7-bab6-96a857d051b7@group-F661CD00E841: changes role from CANDIDATE to FOLLOWER at term 74 for DISCOVERED_A_NEW_TERM
datanode_3  | 2019-10-15 13:29:13,876 INFO impl.RoleInfo: 610ec9d8-c71e-4af6-88d6-54ca176510b7: start FollowerState
datanode_1  | 2019-10-15 13:29:14,693 INFO impl.RaftServerImpl: 82f7d572-cac6-4362-aedf-0cecf65f5700@group-F661CD00E841: changes role from  FOLLOWER to FOLLOWER at term 131 for recognizeCandidate:afa5ad70-b8e5-4bf7-bab6-96a857d051b7
datanode_2  | 2019-10-15 13:29:07,223 INFO impl.RoleInfo: afa5ad70-b8e5-4bf7-bab6-96a857d051b7: shutdown LeaderElection
datanode_3  | 2019-10-15 13:29:13,876 INFO impl.FollowerState: 610ec9d8-c71e-4af6-88d6-54ca176510b7@group-F661CD00E841-FollowerState was interrupted: java.lang.InterruptedException: sleep interrupted
datanode_1  | 2019-10-15 13:29:14,693 INFO impl.RoleInfo: 82f7d572-cac6-4362-aedf-0cecf65f5700: shutdown FollowerState
datanode_2  | 2019-10-15 13:29:07,223 INFO impl.RoleInfo: afa5ad70-b8e5-4bf7-bab6-96a857d051b7: start FollowerState
datanode_3  | 2019-10-15 13:29:14,068 INFO impl.RaftServerImpl: 610ec9d8-c71e-4af6-88d6-54ca176510b7@group-F661CD00E841: changes role from  FOLLOWER to FOLLOWER at term 125 for recognizeCandidate:afa5ad70-b8e5-4bf7-bab6-96a857d051b7
datanode_1  | 2019-10-15 13:29:14,693 INFO impl.RoleInfo: 82f7d572-cac6-4362-aedf-0cecf65f5700: start FollowerState
datanode_2  | 2019-10-15 13:29:07,364 INFO impl.FollowerState: afa5ad70-b8e5-4bf7-bab6-96a857d051b7@group-F661CD00E841-FollowerState: change to CANDIDATE, lastRpcTime:140ms, electionTimeout:140ms
datanode_3  | 2019-10-15 13:29:14,068 INFO impl.RoleInfo: 610ec9d8-c71e-4af6-88d6-54ca176510b7: shutdown FollowerState
datanode_1  | 2019-10-15 13:29:14,693 INFO impl.FollowerState: 82f7d572-cac6-4362-aedf-0cecf65f5700@group-F661CD00E841-FollowerState was interrupted: java.lang.InterruptedException: sleep interrupted
datanode_3  | 2019-10-15 13:29:14,068 INFO impl.RoleInfo: 610ec9d8-c71e-4af6-88d6-54ca176510b7: start FollowerState
datanode_2  | 2019-10-15 13:29:07,364 INFO impl.RoleInfo: afa5ad70-b8e5-4bf7-bab6-96a857d051b7: shutdown FollowerState
datanode_1  | 2019-10-15 13:29:14,913 INFO impl.RaftServerImpl: 82f7d572-cac6-4362-aedf-0cecf65f5700@group-F661CD00E841: changes role from  FOLLOWER to FOLLOWER at term 132 for recognizeCandidate:afa5ad70-b8e5-4bf7-bab6-96a857d051b7
datanode_2  | 2019-10-15 13:29:07,364 INFO impl.RaftServerImpl: afa5ad70-b8e5-4bf7-bab6-96a857d051b7@group-F661CD00E841: changes role from  FOLLOWER to CANDIDATE at term 74 for changeToCandidate
datanode_3  | 2019-10-15 13:29:14,068 INFO impl.FollowerState: 610ec9d8-c71e-4af6-88d6-54ca176510b7@group-F661CD00E841-FollowerState was interrupted: java.lang.InterruptedException: sleep interrupted
datanode_1  | 2019-10-15 13:29:14,914 INFO impl.RoleInfo: 82f7d572-cac6-4362-aedf-0cecf65f5700: shutdown FollowerState
datanode_2  | 2019-10-15 13:29:07,365 INFO impl.RoleInfo: afa5ad70-b8e5-4bf7-bab6-96a857d051b7: start LeaderElection
datanode_3  | 2019-10-15 13:29:14,205 INFO impl.RaftServerImpl: 610ec9d8-c71e-4af6-88d6-54ca176510b7@group-F661CD00E841: changes role from  FOLLOWER to FOLLOWER at term 126 for recognizeCandidate:afa5ad70-b8e5-4bf7-bab6-96a857d051b7
datanode_1  | 2019-10-15 13:29:14,914 INFO impl.RoleInfo: 82f7d572-cac6-4362-aedf-0cecf65f5700: start FollowerState
datanode_2  | 2019-10-15 13:29:07,390 INFO impl.LeaderElection: afa5ad70-b8e5-4bf7-bab6-96a857d051b7@group-F661CD00E841-LeaderElection58: begin an election at term 75 for -1: [82f7d572-cac6-4362-aedf-0cecf65f5700:172.18.0.8:9858, 610ec9d8-c71e-4af6-88d6-54ca176510b7:172.18.0.7:9858, afa5ad70-b8e5-4bf7-bab6-96a857d051b7:172.18.0.9:9858], old=null
datanode_3  | 2019-10-15 13:29:14,205 INFO impl.RoleInfo: 610ec9d8-c71e-4af6-88d6-54ca176510b7: shutdown FollowerState
datanode_1  | 2019-10-15 13:29:14,914 INFO impl.FollowerState: 82f7d572-cac6-4362-aedf-0cecf65f5700@group-F661CD00E841-FollowerState was interrupted: java.lang.InterruptedException: sleep interrupted
datanode_3  | 2019-10-15 13:29:14,205 INFO impl.RoleInfo: 610ec9d8-c71e-4af6-88d6-54ca176510b7: start FollowerState
datanode_1  | 2019-10-15 13:29:15,060 INFO impl.RaftServerImpl: 82f7d572-cac6-4362-aedf-0cecf65f5700@group-F661CD00E841: changes role from  FOLLOWER to FOLLOWER at term 133 for recognizeCandidate:afa5ad70-b8e5-4bf7-bab6-96a857d051b7
datanode_2  | 2019-10-15 13:29:07,410 INFO impl.LeaderElection: afa5ad70-b8e5-4bf7-bab6-96a857d051b7@group-F661CD00E841-LeaderElection58: Election REJECTED; received 2 response(s) [afa5ad70-b8e5-4bf7-bab6-96a857d051b7<-82f7d572-cac6-4362-aedf-0cecf65f5700#0:FAIL-t75, afa5ad70-b8e5-4bf7-bab6-96a857d051b7<-610ec9d8-c71e-4af6-88d6-54ca176510b7#0:FAIL-t75] and 0 exception(s); afa5ad70-b8e5-4bf7-bab6-96a857d051b7@group-F661CD00E841:t75, leader=null, voted=afa5ad70-b8e5-4bf7-bab6-96a857d051b7, raftlog=afa5ad70-b8e5-4bf7-bab6-96a857d051b7@group-F661CD00E841-SegmentedRaftLog:OPENED:c-1,f-1,i0, conf=-1: [82f7d572-cac6-4362-aedf-0cecf65f5700:172.18.0.8:9858, 610ec9d8-c71e-4af6-88d6-54ca176510b7:172.18.0.7:9858, afa5ad70-b8e5-4bf7-bab6-96a857d051b7:172.18.0.9:9858], old=null
datanode_3  | 2019-10-15 13:29:14,205 INFO impl.FollowerState: 610ec9d8-c71e-4af6-88d6-54ca176510b7@group-F661CD00E841-FollowerState was interrupted: java.lang.InterruptedException: sleep interrupted
datanode_1  | 2019-10-15 13:29:15,060 INFO impl.RoleInfo: 82f7d572-cac6-4362-aedf-0cecf65f5700: shutdown FollowerState
datanode_3  | 2019-10-15 13:29:14,261 INFO impl.RaftServerImpl: 610ec9d8-c71e-4af6-88d6-54ca176510b7@group-F661CD00E841: changes role from  FOLLOWER to FOLLOWER at term 127 for recognizeCandidate:afa5ad70-b8e5-4bf7-bab6-96a857d051b7
datanode_1  | 2019-10-15 13:29:15,060 INFO impl.RoleInfo: 82f7d572-cac6-4362-aedf-0cecf65f5700: start FollowerState
datanode_2  | 2019-10-15 13:29:07,410 INFO impl.RaftServerImpl: afa5ad70-b8e5-4bf7-bab6-96a857d051b7@group-F661CD00E841: changes role from CANDIDATE to FOLLOWER at term 75 for DISCOVERED_A_NEW_TERM
datanode_3  | 2019-10-15 13:29:14,262 INFO impl.RoleInfo: 610ec9d8-c71e-4af6-88d6-54ca176510b7: shutdown FollowerState
datanode_1  | 2019-10-15 13:29:15,060 INFO impl.FollowerState: 82f7d572-cac6-4362-aedf-0cecf65f5700@group-F661CD00E841-FollowerState was interrupted: java.lang.InterruptedException: sleep interrupted
datanode_2  | 2019-10-15 13:29:07,410 INFO impl.RoleInfo: afa5ad70-b8e5-4bf7-bab6-96a857d051b7: shutdown LeaderElection
datanode_3  | 2019-10-15 13:29:14,262 INFO impl.FollowerState: 610ec9d8-c71e-4af6-88d6-54ca176510b7@group-F661CD00E841-FollowerState was interrupted: java.lang.InterruptedException: sleep interrupted
datanode_1  | 2019-10-15 13:29:15,156 INFO impl.RaftServerImpl: 82f7d572-cac6-4362-aedf-0cecf65f5700@group-F661CD00E841: changes role from  FOLLOWER to FOLLOWER at term 134 for recognizeCandidate:afa5ad70-b8e5-4bf7-bab6-96a857d051b7
datanode_3  | 2019-10-15 13:29:14,262 INFO impl.RoleInfo: 610ec9d8-c71e-4af6-88d6-54ca176510b7: start FollowerState
datanode_2  | 2019-10-15 13:29:07,410 INFO impl.RoleInfo: afa5ad70-b8e5-4bf7-bab6-96a857d051b7: start FollowerState
datanode_1  | 2019-10-15 13:29:15,156 INFO impl.RoleInfo: 82f7d572-cac6-4362-aedf-0cecf65f5700: shutdown FollowerState
datanode_3  | 2019-10-15 13:29:14,361 INFO impl.RaftServerImpl: 610ec9d8-c71e-4af6-88d6-54ca176510b7@group-F661CD00E841: changes role from  FOLLOWER to FOLLOWER at term 128 for recognizeCandidate:afa5ad70-b8e5-4bf7-bab6-96a857d051b7
datanode_2  | 2019-10-15 13:29:07,594 INFO impl.FollowerState: afa5ad70-b8e5-4bf7-bab6-96a857d051b7@group-F661CD00E841-FollowerState: change to CANDIDATE, lastRpcTime:183ms, electionTimeout:183ms
datanode_1  | 2019-10-15 13:29:15,157 INFO impl.RoleInfo: 82f7d572-cac6-4362-aedf-0cecf65f5700: start FollowerState
datanode_3  | 2019-10-15 13:29:14,361 INFO impl.RoleInfo: 610ec9d8-c71e-4af6-88d6-54ca176510b7: shutdown FollowerState
datanode_2  | 2019-10-15 13:29:07,594 INFO impl.RoleInfo: afa5ad70-b8e5-4bf7-bab6-96a857d051b7: shutdown FollowerState
datanode_1  | 2019-10-15 13:29:15,157 INFO impl.FollowerState: 82f7d572-cac6-4362-aedf-0cecf65f5700@group-F661CD00E841-FollowerState was interrupted: java.lang.InterruptedException: sleep interrupted
datanode_3  | 2019-10-15 13:29:14,361 INFO impl.FollowerState: 610ec9d8-c71e-4af6-88d6-54ca176510b7@group-F661CD00E841-FollowerState was interrupted: java.lang.InterruptedException: sleep interrupted
datanode_2  | 2019-10-15 13:29:07,594 INFO impl.RaftServerImpl: afa5ad70-b8e5-4bf7-bab6-96a857d051b7@group-F661CD00E841: changes role from  FOLLOWER to CANDIDATE at term 75 for changeToCandidate
datanode_1  | 2019-10-15 13:29:15,339 INFO impl.RaftServerImpl: 82f7d572-cac6-4362-aedf-0cecf65f5700@group-F661CD00E841: changes role from  FOLLOWER to FOLLOWER at term 135 for recognizeCandidate:afa5ad70-b8e5-4bf7-bab6-96a857d051b7
datanode_3  | 2019-10-15 13:29:14,361 INFO impl.RoleInfo: 610ec9d8-c71e-4af6-88d6-54ca176510b7: start FollowerState
datanode_2  | 2019-10-15 13:29:07,594 INFO impl.RoleInfo: afa5ad70-b8e5-4bf7-bab6-96a857d051b7: start LeaderElection
datanode_1  | 2019-10-15 13:29:15,339 INFO impl.RoleInfo: 82f7d572-cac6-4362-aedf-0cecf65f5700: shutdown FollowerState
datanode_3  | 2019-10-15 13:29:14,408 INFO impl.RaftServerImpl: 610ec9d8-c71e-4af6-88d6-54ca176510b7@group-F661CD00E841: changes role from  FOLLOWER to FOLLOWER at term 129 for recognizeCandidate:afa5ad70-b8e5-4bf7-bab6-96a857d051b7
datanode_2  | 2019-10-15 13:29:07,631 INFO impl.LeaderElection: afa5ad70-b8e5-4bf7-bab6-96a857d051b7@group-F661CD00E841-LeaderElection59: begin an election at term 76 for -1: [82f7d572-cac6-4362-aedf-0cecf65f5700:172.18.0.8:9858, 610ec9d8-c71e-4af6-88d6-54ca176510b7:172.18.0.7:9858, afa5ad70-b8e5-4bf7-bab6-96a857d051b7:172.18.0.9:9858], old=null
datanode_1  | 2019-10-15 13:29:15,339 INFO impl.RoleInfo: 82f7d572-cac6-4362-aedf-0cecf65f5700: start FollowerState
datanode_2  | 2019-10-15 13:29:07,653 INFO impl.LeaderElection: afa5ad70-b8e5-4bf7-bab6-96a857d051b7@group-F661CD00E841-LeaderElection59: Election REJECTED; received 2 response(s) [afa5ad70-b8e5-4bf7-bab6-96a857d051b7<-82f7d572-cac6-4362-aedf-0cecf65f5700#0:FAIL-t76, afa5ad70-b8e5-4bf7-bab6-96a857d051b7<-610ec9d8-c71e-4af6-88d6-54ca176510b7#0:FAIL-t76] and 0 exception(s); afa5ad70-b8e5-4bf7-bab6-96a857d051b7@group-F661CD00E841:t76, leader=null, voted=afa5ad70-b8e5-4bf7-bab6-96a857d051b7, raftlog=afa5ad70-b8e5-4bf7-bab6-96a857d051b7@group-F661CD00E841-SegmentedRaftLog:OPENED:c-1,f-1,i0, conf=-1: [82f7d572-cac6-4362-aedf-0cecf65f5700:172.18.0.8:9858, 610ec9d8-c71e-4af6-88d6-54ca176510b7:172.18.0.7:9858, afa5ad70-b8e5-4bf7-bab6-96a857d051b7:172.18.0.9:9858], old=null
datanode_3  | 2019-10-15 13:29:14,408 INFO impl.RoleInfo: 610ec9d8-c71e-4af6-88d6-54ca176510b7: shutdown FollowerState
datanode_1  | 2019-10-15 13:29:15,339 INFO impl.FollowerState: 82f7d572-cac6-4362-aedf-0cecf65f5700@group-F661CD00E841-FollowerState was interrupted: java.lang.InterruptedException: sleep interrupted
datanode_2  | 2019-10-15 13:29:07,653 INFO impl.RaftServerImpl: afa5ad70-b8e5-4bf7-bab6-96a857d051b7@group-F661CD00E841: changes role from CANDIDATE to FOLLOWER at term 76 for DISCOVERED_A_NEW_TERM
datanode_3  | 2019-10-15 13:29:14,408 INFO impl.RoleInfo: 610ec9d8-c71e-4af6-88d6-54ca176510b7: start FollowerState
datanode_1  | 2019-10-15 13:29:15,502 INFO impl.RaftServerImpl: 82f7d572-cac6-4362-aedf-0cecf65f5700@group-F661CD00E841: changes role from  FOLLOWER to FOLLOWER at term 136 for recognizeCandidate:afa5ad70-b8e5-4bf7-bab6-96a857d051b7
datanode_2  | 2019-10-15 13:29:07,653 INFO impl.RoleInfo: afa5ad70-b8e5-4bf7-bab6-96a857d051b7: shutdown LeaderElection
datanode_1  | 2019-10-15 13:29:15,502 INFO impl.RoleInfo: 82f7d572-cac6-4362-aedf-0cecf65f5700: shutdown FollowerState
datanode_3  | 2019-10-15 13:29:14,408 INFO impl.FollowerState: 610ec9d8-c71e-4af6-88d6-54ca176510b7@group-F661CD00E841-FollowerState was interrupted: java.lang.InterruptedException: sleep interrupted
datanode_2  | 2019-10-15 13:29:07,654 INFO impl.RoleInfo: afa5ad70-b8e5-4bf7-bab6-96a857d051b7: start FollowerState
datanode_1  | 2019-10-15 13:29:15,502 INFO impl.RoleInfo: 82f7d572-cac6-4362-aedf-0cecf65f5700: start FollowerState
datanode_3  | 2019-10-15 13:29:14,551 INFO impl.RaftServerImpl: 610ec9d8-c71e-4af6-88d6-54ca176510b7@group-F661CD00E841: changes role from  FOLLOWER to FOLLOWER at term 130 for recognizeCandidate:afa5ad70-b8e5-4bf7-bab6-96a857d051b7
datanode_1  | 2019-10-15 13:29:15,502 INFO impl.FollowerState: 82f7d572-cac6-4362-aedf-0cecf65f5700@group-F661CD00E841-FollowerState was interrupted: java.lang.InterruptedException: sleep interrupted
datanode_2  | 2019-10-15 13:29:07,782 INFO impl.FollowerState: afa5ad70-b8e5-4bf7-bab6-96a857d051b7@group-F661CD00E841-FollowerState: change to CANDIDATE, lastRpcTime:128ms, electionTimeout:128ms
datanode_3  | 2019-10-15 13:29:14,551 INFO impl.RoleInfo: 610ec9d8-c71e-4af6-88d6-54ca176510b7: shutdown FollowerState
datanode_1  | 2019-10-15 13:29:15,737 INFO impl.RaftServerImpl: 82f7d572-cac6-4362-aedf-0cecf65f5700@group-F661CD00E841: changes role from  FOLLOWER to FOLLOWER at term 137 for recognizeCandidate:afa5ad70-b8e5-4bf7-bab6-96a857d051b7
datanode_2  | 2019-10-15 13:29:07,782 INFO impl.RoleInfo: afa5ad70-b8e5-4bf7-bab6-96a857d051b7: shutdown FollowerState
datanode_3  | 2019-10-15 13:29:14,551 INFO impl.FollowerState: 610ec9d8-c71e-4af6-88d6-54ca176510b7@group-F661CD00E841-FollowerState was interrupted: java.lang.InterruptedException: sleep interrupted
datanode_1  | 2019-10-15 13:29:15,737 INFO impl.RoleInfo: 82f7d572-cac6-4362-aedf-0cecf65f5700: shutdown FollowerState
datanode_2  | 2019-10-15 13:29:07,783 INFO impl.RaftServerImpl: afa5ad70-b8e5-4bf7-bab6-96a857d051b7@group-F661CD00E841: changes role from  FOLLOWER to CANDIDATE at term 76 for changeToCandidate
datanode_3  | 2019-10-15 13:29:14,551 INFO impl.RoleInfo: 610ec9d8-c71e-4af6-88d6-54ca176510b7: start FollowerState
datanode_1  | 2019-10-15 13:29:15,737 INFO impl.RoleInfo: 82f7d572-cac6-4362-aedf-0cecf65f5700: start FollowerState
datanode_2  | 2019-10-15 13:29:07,783 INFO impl.RoleInfo: afa5ad70-b8e5-4bf7-bab6-96a857d051b7: start LeaderElection
datanode_3  | 2019-10-15 13:29:14,693 INFO impl.RaftServerImpl: 610ec9d8-c71e-4af6-88d6-54ca176510b7@group-F661CD00E841: changes role from  FOLLOWER to FOLLOWER at term 131 for recognizeCandidate:afa5ad70-b8e5-4bf7-bab6-96a857d051b7
datanode_1  | 2019-10-15 13:29:15,737 INFO impl.FollowerState: 82f7d572-cac6-4362-aedf-0cecf65f5700@group-F661CD00E841-FollowerState was interrupted: java.lang.InterruptedException: sleep interrupted
datanode_2  | 2019-10-15 13:29:07,797 INFO impl.LeaderElection: afa5ad70-b8e5-4bf7-bab6-96a857d051b7@group-F661CD00E841-LeaderElection60: begin an election at term 77 for -1: [82f7d572-cac6-4362-aedf-0cecf65f5700:172.18.0.8:9858, 610ec9d8-c71e-4af6-88d6-54ca176510b7:172.18.0.7:9858, afa5ad70-b8e5-4bf7-bab6-96a857d051b7:172.18.0.9:9858], old=null
datanode_3  | 2019-10-15 13:29:14,694 INFO impl.RoleInfo: 610ec9d8-c71e-4af6-88d6-54ca176510b7: shutdown FollowerState
datanode_1  | 2019-10-15 13:29:15,870 INFO impl.RaftServerImpl: 82f7d572-cac6-4362-aedf-0cecf65f5700@group-F661CD00E841: changes role from  FOLLOWER to FOLLOWER at term 138 for recognizeCandidate:afa5ad70-b8e5-4bf7-bab6-96a857d051b7
datanode_2  | 2019-10-15 13:29:07,818 INFO impl.LeaderElection: afa5ad70-b8e5-4bf7-bab6-96a857d051b7@group-F661CD00E841-LeaderElection60: Election REJECTED; received 2 response(s) [afa5ad70-b8e5-4bf7-bab6-96a857d051b7<-82f7d572-cac6-4362-aedf-0cecf65f5700#0:FAIL-t77, afa5ad70-b8e5-4bf7-bab6-96a857d051b7<-610ec9d8-c71e-4af6-88d6-54ca176510b7#0:FAIL-t77] and 0 exception(s); afa5ad70-b8e5-4bf7-bab6-96a857d051b7@group-F661CD00E841:t77, leader=null, voted=afa5ad70-b8e5-4bf7-bab6-96a857d051b7, raftlog=afa5ad70-b8e5-4bf7-bab6-96a857d051b7@group-F661CD00E841-SegmentedRaftLog:OPENED:c-1,f-1,i0, conf=-1: [82f7d572-cac6-4362-aedf-0cecf65f5700:172.18.0.8:9858, 610ec9d8-c71e-4af6-88d6-54ca176510b7:172.18.0.7:9858, afa5ad70-b8e5-4bf7-bab6-96a857d051b7:172.18.0.9:9858], old=null
datanode_3  | 2019-10-15 13:29:14,694 INFO impl.RoleInfo: 610ec9d8-c71e-4af6-88d6-54ca176510b7: start FollowerState
datanode_1  | 2019-10-15 13:29:15,870 INFO impl.RoleInfo: 82f7d572-cac6-4362-aedf-0cecf65f5700: shutdown FollowerState
datanode_2  | 2019-10-15 13:29:07,818 INFO impl.RaftServerImpl: afa5ad70-b8e5-4bf7-bab6-96a857d051b7@group-F661CD00E841: changes role from CANDIDATE to FOLLOWER at term 77 for DISCOVERED_A_NEW_TERM
datanode_1  | 2019-10-15 13:29:15,870 INFO impl.RoleInfo: 82f7d572-cac6-4362-aedf-0cecf65f5700: start FollowerState
datanode_3  | 2019-10-15 13:29:14,694 INFO impl.FollowerState: 610ec9d8-c71e-4af6-88d6-54ca176510b7@group-F661CD00E841-FollowerState was interrupted: java.lang.InterruptedException: sleep interrupted
datanode_2  | 2019-10-15 13:29:07,819 INFO impl.RoleInfo: afa5ad70-b8e5-4bf7-bab6-96a857d051b7: shutdown LeaderElection
datanode_1  | 2019-10-15 13:29:15,870 INFO impl.FollowerState: 82f7d572-cac6-4362-aedf-0cecf65f5700@group-F661CD00E841-FollowerState was interrupted: java.lang.InterruptedException: sleep interrupted
datanode_3  | 2019-10-15 13:29:14,914 INFO impl.RaftServerImpl: 610ec9d8-c71e-4af6-88d6-54ca176510b7@group-F661CD00E841: changes role from  FOLLOWER to FOLLOWER at term 132 for recognizeCandidate:afa5ad70-b8e5-4bf7-bab6-96a857d051b7
datanode_2  | 2019-10-15 13:29:07,819 INFO impl.RoleInfo: afa5ad70-b8e5-4bf7-bab6-96a857d051b7: start FollowerState
datanode_1  | 2019-10-15 13:29:15,966 INFO impl.RaftServerImpl: 82f7d572-cac6-4362-aedf-0cecf65f5700@group-F661CD00E841: changes role from  FOLLOWER to FOLLOWER at term 139 for recognizeCandidate:afa5ad70-b8e5-4bf7-bab6-96a857d051b7
