om_1        | STARTUP_MSG:   classpath = /etc/hadoop:/opt/hadoop/share/hadoop/common/*:/opt/hadoop/share/ozone/lib/ratis-common-0.5.0-201fc85-SNAPSHOT.jar:/opt/hadoop/share/ozone/lib/ratis-grpc-0.5.0-201fc85-SNAPSHOT.jar:/opt/hadoop/share/ozone/lib/kerb-simplekdc-1.0.1.jar:/opt/hadoop/share/ozone/lib/protobuf-java-2.5.0.jar:/opt/hadoop/share/ozone/lib/bcpkix-jdk15on-1.60.jar:/opt/hadoop/share/ozone/lib/sqlite-jdbc-3.25.2.jar:/opt/hadoop/share/ozone/lib/netty-3.10.5.Final.jar:/opt/hadoop/share/ozone/lib/commons-validator-1.6.jar:/opt/hadoop/share/ozone/lib/jaxb-impl-2.3.0.1.jar:/opt/hadoop/share/ozone/lib/kerb-core-1.0.1.jar:/opt/hadoop/share/ozone/lib/hadoop-ozone-common-0.5.0-SNAPSHOT.jar:/opt/hadoop/share/ozone/lib/ratis-thirdparty-misc-0.2.0.jar:/opt/hadoop/share/ozone/lib/jsr305-3.0.0.jar:/opt/hadoop/share/ozone/lib/leveldbjni-all-1.8.jar:/opt/hadoop/share/ozone/lib/ratis-proto-0.5.0-201fc85-SNAPSHOT.jar:/opt/hadoop/share/ozone/lib/htrace-core4-4.1.0-incubating.jar:/opt/hadoop/share/ozone/lib/hadoop-annotations-3.2.0.jar:/opt/hadoop/share/ozone/lib/hadoop-hdds-tools-0.5.0-SNAPSHOT.jar:/opt/hadoop/share/ozone/lib/kerb-util-1.0.1.jar:/opt/hadoop/share/ozone/lib/dropwizard-metrics-hadoop-metrics2-reporter-0.1.2.jar:/opt/hadoop/share/ozone/lib/jackson-jaxrs-1.9.13.jar:/opt/hadoop/share/ozone/lib/ratis-metrics-0.5.0-201fc85-SNAPSHOT.jar:/opt/hadoop/share/ozone/lib/kerby-xdr-1.0.1.jar:/opt/hadoop/share/ozone/lib/jetty-webapp-9.3.25.v20180904.jar:/opt/hadoop/share/ozone/lib/jackson-core-asl-1.9.13.jar:/opt/hadoop/share/ozone/lib/commons-net-3.6.jar:/opt/hadoop/share/ozone/lib/log4j-api-2.11.0.jar:/opt/hadoop/share/ozone/lib/netty-all-4.0.52.Final.jar:/opt/hadoop/share/ozone/lib/hadoop-hdfs-3.2.0.jar:/opt/hadoop/share/ozone/lib/jline-0.9.94.jar:/opt/hadoop/share/ozone/lib/opentracing-api-0.31.0.jar:/opt/hadoop/share/ozone/lib/hadoop-hdds-server-framework-0.5.0-SNAPSHOT.jar:/opt/hadoop/share/ozone/lib/slf4j-log4j12-1.7.25.jar:/opt/hadoop/share/ozone/lib/hadoop-hdfs-client-3.2.0.jar:/opt/hadoop/share/ozone/lib/kerby-config-1.0.1.jar:/opt/hadoop/share/ozone/lib/jetty-util-9.3.25.v20180904.jar:/opt/hadoop/share/ozone/lib/metrics-ganglia-3.2.5.jar:/opt/hadoop/share/ozone/lib/libthrift-0.12.0.jar:/opt/hadoop/share/ozone/lib/metrics-core-3.2.4.jar:/opt/hadoop/share/ozone/lib/kerby-pkix-1.0.1.jar:/opt/hadoop/share/ozone/lib/xz-1.0.jar:/opt/hadoop/share/ozone/lib/hadoop-hdds-config-0.5.0-SNAPSHOT.jar:/opt/hadoop/share/ozone/lib/nimbus-jose-jwt-4.41.1.jar:/opt/hadoop/share/ozone/lib/jsr311-api-1.1.1.jar:/opt/hadoop/share/ozone/lib/commons-beanutils-1.9.4.jar:/opt/hadoop/share/ozone/lib/javax.servlet-api-3.1.0.jar:/opt/hadoop/share/ozone/lib/kerb-server-1.0.1.jar:/opt/hadoop/share/ozone/lib/zookeeper-3.4.13.jar:/opt/hadoop/share/ozone/lib/avro-1.7.7.jar:/opt/hadoop/share/ozone/lib/kerb-client-1.0.1.jar:/opt/hadoop/share/ozone/lib/jackson-xc-1.9.13.jar:/opt/hadoop/share/ozone/lib/disruptor-3.4.2.jar:/opt/hadoop/share/ozone/lib/guava-11.0.2.jar:/opt/hadoop/share/ozone/lib/hadoop-hdds-common-0.5.0-SNAPSHOT.jar:/opt/hadoop/share/ozone/lib/curator-framework-2.12.0.jar:/opt/hadoop/share/ozone/lib/dnsjava-2.1.7.jar:/opt/hadoop/share/ozone/lib/ratis-client-0.5.0-201fc85-SNAPSHOT.jar:/opt/hadoop/share/ozone/lib/commons-configuration2-2.1.1.jar:/opt/hadoop/share/ozone/lib/json-smart-2.3.jar:/opt/hadoop/share/ozone/lib/token-provider-1.0.1.jar:/opt/hadoop/share/ozone/lib/log4j-1.2.17.jar:/opt/hadoop/share/ozone/lib/commons-daemon-1.0.13.jar:/opt/hadoop/share/ozone/lib/bcprov-jdk15on-1.60.jar:/opt/hadoop/share/ozone/lib/commons-lang3-3.7.jar:/opt/hadoop/share/ozone/lib/commons-compress-1.4.1.jar:/opt/hadoop/share/ozone/lib/jaeger-client-0.34.0.jar:/opt/hadoop/share/ozone/lib/jetty-server-9.3.25.v20180904.jar:/opt/hadoop/share/ozone/lib/accessors-smart-1.2.jar:/opt/hadoop/share/ozone/lib/re2j-1.1.jar:/opt/hadoop/share/ozone/lib/curator-recipes-2.12.0.jar:/opt/hadoop/share/ozone/lib/jackson-core-2.9.9.jar:/opt/hadoop/share/ozone/lib/commons-math3-3.1.1.jar:/opt/hadoop/share/ozone/lib/gmetric4j-1.0.7.jar:/opt/hadoop/share/ozone/lib/opentracing-noop-0.31.0.jar:/opt/hadoop/share/ozone/lib/httpclient-4.5.2.jar:/opt/hadoop/share/ozone/lib/jaeger-core-0.34.0.jar:/opt/hadoop/share/ozone/lib/asm-5.0.4.jar:/opt/hadoop/share/ozone/lib/curator-client-2.12.0.jar:/opt/hadoop/share/ozone/lib/audience-annotations-0.5.0.jar:/opt/hadoop/share/ozone/lib/kerby-util-1.0.1.jar:/opt/hadoop/share/ozone/lib/jackson-mapper-asl-1.9.13.jar:/opt/hadoop/share/ozone/lib/rocksdbjni-6.0.1.jar:/opt/hadoop/share/ozone/lib/jsp-api-2.1.jar:/opt/hadoop/share/ozone/lib/jsch-0.1.54.jar:/opt/hadoop/share/ozone/lib/opentracing-tracerresolver-0.1.5.jar:/opt/hadoop/share/ozone/lib/paranamer-2.3.jar:/opt/hadoop/share/ozone/lib/log4j-core-2.11.0.jar:/opt/hadoop/share/ozone/lib/jetty-io-9.3.25.v20180904.jar:/opt/hadoop/share/ozone/lib/jetty-xml-9.3.25.v20180904.jar:/opt/hadoop/share/ozone/lib/commons-codec-1.11.jar:/opt/hadoop/share/ozone/lib/commons-pool2-2.6.0.jar:/opt/hadoop/share/ozone/lib/gson-2.2.4.jar:/opt/hadoop/share/ozone/lib/jcip-annotations-1.0-1.jar:/opt/hadoop/share/ozone/lib/kerb-admin-1.0.1.jar:/opt/hadoop/share/ozone/lib/okio-1.13.0.jar:/opt/hadoop/share/ozone/lib/commons-io-2.5.jar:/opt/hadoop/share/ozone/lib/snakeyaml-1.16.jar:/opt/hadoop/share/ozone/lib/hadoop-ozone-client-0.5.0-SNAPSHOT.jar:/opt/hadoop/share/ozone/lib/ratis-netty-0.5.0-201fc85-SNAPSHOT.jar:/opt/hadoop/share/ozone/lib/jersey-core-1.19.jar:/opt/hadoop/share/ozone/lib/jackson-databind-2.9.9.jar:/opt/hadoop/share/ozone/lib/hadoop-hdds-container-service-0.5.0-SNAPSHOT.jar:/opt/hadoop/share/ozone/lib/picocli-3.9.6.jar:/opt/hadoop/share/ozone/lib/jaeger-thrift-0.34.0.jar:/opt/hadoop/share/ozone/lib/jackson-annotations-2.9.9.jar:/opt/hadoop/share/ozone/lib/commons-cli-1.2.jar:/opt/hadoop/share/ozone/lib/hadoop-hdds-docs-0.5.0-SNAPSHOT.jar:/opt/hadoop/share/ozone/lib/woodstox-core-5.0.3.jar:/opt/hadoop/share/ozone/lib/javax.annotation-api-1.2.jar:/opt/hadoop/share/ozone/lib/snappy-java-1.0.5.jar:/opt/hadoop/share/ozone/lib/jaeger-tracerresolver-0.34.0.jar:/opt/hadoop/share/ozone/lib/jetty-security-9.3.25.v20180904.jar:/opt/hadoop/share/ozone/lib/jetty-http-9.3.25.v20180904.jar:/opt/hadoop/share/ozone/lib/kerby-asn1-1.0.1.jar:/opt/hadoop/share/ozone/lib/okhttp-3.9.0.jar:/opt/hadoop/share/ozone/lib/ratis-server-0.5.0-201fc85-SNAPSHOT.jar:/opt/hadoop/share/ozone/lib/stax2-api-3.1.4.jar:/opt/hadoop/share/ozone/lib/commons-digester-1.8.1.jar:/opt/hadoop/share/ozone/lib/commons-collections-3.2.2.jar:/opt/hadoop/share/ozone/lib/jettison-1.1.jar:/opt/hadoop/share/ozone/lib/commons-text-1.4.jar:/opt/hadoop/share/ozone/lib/jersey-servlet-1.19.jar:/opt/hadoop/share/ozone/lib/jersey-json-1.19.jar:/opt/hadoop/share/ozone/lib/slf4j-api-1.7.25.jar:/opt/hadoop/share/ozone/lib/jetty-util-ajax-9.3.25.v20180904.jar:/opt/hadoop/share/ozone/lib/commons-logging-1.1.3.jar:/opt/hadoop/share/ozone/lib/hadoop-hdds-client-0.5.0-SNAPSHOT.jar:/opt/hadoop/share/ozone/lib/kerb-identity-1.0.1.jar:/opt/hadoop/share/ozone/lib/opentracing-util-0.31.0.jar:/opt/hadoop/share/ozone/lib/hadoop-common-3.2.0.jar:/opt/hadoop/share/ozone/lib/hadoop-auth-3.2.0.jar:/opt/hadoop/share/ozone/lib/kerb-common-1.0.1.jar:/opt/hadoop/share/ozone/lib/jetty-servlet-9.3.25.v20180904.jar:/opt/hadoop/share/ozone/lib/jersey-server-1.19.jar:/opt/hadoop/share/ozone/lib/kerb-crypto-1.0.1.jar:/opt/hadoop/share/ozone/lib/httpcore-4.4.4.jar:/opt/hadoop/share/ozone/lib/metrics-jvm-3.2.5.jar:/opt/hadoop/share/ozone/web:/opt/hadoop/share/ozone/lib/hadoop-ozone-ozone-manager-0.5.0-SNAPSHOT.jar
datanode_3  | 2019-10-04 19:00:18 INFO  RaftServerConfigKeys:43 - raft.server.rpc.timeout.min = 5s (custom)
datanode_1  | 2019-10-04 19:00:12 INFO  HttpServer2:948 - Added filter static_user_filter (class=org.apache.hadoop.http.lib.StaticUserWebFilter$StaticUserFilter) to context hddsDatanode
datanode_2  | 2019-10-04 19:00:11 INFO  AuthenticationFilter:240 - Unable to initialize FileSignerSecretProvider, falling back to use random secrets.
nm_1        | 2019-10-04 19:00:09 INFO  AsyncDispatcher:209 - Registering class org.apache.hadoop.yarn.server.nodemanager.containermanager.monitor.ContainersMonitorEventType for class org.apache.hadoop.yarn.server.nodemanager.containermanager.monitor.ContainersMonitorImpl
rm_1        | ************************************************************/
scm_1       | 2019-10-04 19:00:11 WARN  ServerUtils:145 - ozone.scm.db.dirs is not configured. We recommend adding this setting. Falling back to ozone.metadata.dirs instead.
om_1        | STARTUP_MSG:   build = https://github.com/apache/hadoop.git -r e97acb3bd8f3befd27418996fa5d4b50bf2e17bf; compiled by 'sunilg' on 2019-01-15T17:34Z
datanode_3  | 2019-10-04 19:00:18 INFO  RaftServerConfigKeys:43 - raft.server.rpc.timeout.max = 5200ms (custom)
datanode_1  | 2019-10-04 19:00:12 INFO  HttpServer2:958 - Added filter static_user_filter (class=org.apache.hadoop.http.lib.StaticUserWebFilter$StaticUserFilter) to context logs
datanode_2  | 2019-10-04 19:00:11 INFO  HttpRequestLog:81 - Http request log for http.requests.hddsDatanode is not defined
nm_1        | 2019-10-04 19:00:09 INFO  AsyncDispatcher:209 - Registering class org.apache.hadoop.yarn.server.nodemanager.containermanager.launcher.ContainersLauncherEventType for class org.apache.hadoop.yarn.server.nodemanager.containermanager.launcher.ContainersLauncher
rm_1        | 2019-10-04 19:00:08 INFO  ResourceManager:45 - registered UNIX signal handlers for [TERM, HUP, INT]
scm_1       | 2019-10-04 19:00:11 INFO  log:192 - Logging initialized @1267ms
datanode_3  | 2019-10-04 19:00:18 INFO  RaftServerConfigKeys:43 - raft.server.rpcslowness.timeout = 120s (custom)
om_1        | STARTUP_MSG:   java = 11.0.3
datanode_2  | 2019-10-04 19:00:11 INFO  HttpServer2:975 - Added global filter 'safety' (class=org.apache.hadoop.http.HttpServer2$QuotingInputFilter)
rm_1        | 2019-10-04 19:00:08 INFO  Configuration:2427 - found resource core-site.xml at file:/opt/hadoop/etc/hadoop/core-site.xml
nm_1        | 2019-10-04 19:00:09 INFO  AsyncDispatcher:209 - Registering class org.apache.hadoop.yarn.server.nodemanager.ContainerManagerEventType for class org.apache.hadoop.yarn.server.nodemanager.containermanager.ContainerManagerImpl
datanode_1  | 2019-10-04 19:00:12 INFO  HttpServer2:958 - Added filter static_user_filter (class=org.apache.hadoop.http.lib.StaticUserWebFilter$StaticUserFilter) to context static
scm_1       | 2019-10-04 19:00:11 INFO  DBStoreBuilder:117 - using custom profile for table: deletedBlocks
datanode_3  | 2019-10-04 19:00:18 INFO  RaftServerConfigKeys:43 - raft.server.sleep.deviation.threshold = 300 (default)
om_1        | ************************************************************/
datanode_2  | 2019-10-04 19:00:11 INFO  HttpServer2:948 - Added filter static_user_filter (class=org.apache.hadoop.http.lib.StaticUserWebFilter$StaticUserFilter) to context hddsDatanode
rm_1        | 2019-10-04 19:00:09 INFO  Groups:387 - clearing userToGroupsMap cache
nm_1        | 2019-10-04 19:00:09 INFO  AsyncDispatcher:209 - Registering class org.apache.hadoop.yarn.server.nodemanager.NodeManagerEventType for class org.apache.hadoop.yarn.server.nodemanager.NodeManager
datanode_1  | 2019-10-04 19:00:12 INFO  HttpServer2:1191 - Jetty bound to port 9882
scm_1       | 2019-10-04 19:00:11 INFO  DBStoreBuilder:168 - Using default column profile:DBProfile.DISK for Table:deletedBlocks
datanode_3  | 2019-10-04 19:00:18 INFO  RaftServerConfigKeys:43 - raft.server.log.appender.install.snapshot.enabled = false (custom)
om_1        | 2019-10-04 19:00:21 INFO  OzoneManagerStarter:51 - registered UNIX signal handlers for [TERM, HUP, INT]
datanode_2  | 2019-10-04 19:00:11 INFO  HttpServer2:958 - Added filter static_user_filter (class=org.apache.hadoop.http.lib.StaticUserWebFilter$StaticUserFilter) to context logs
rm_1        | 2019-10-04 19:00:09 INFO  Configuration:2427 - found resource yarn-site.xml at file:/opt/hadoop/etc/hadoop/yarn-site.xml
datanode_1  | 2019-10-04 19:00:12 INFO  Server:351 - jetty-9.3.25.v20180904, build timestamp: 2018-09-04T21:11:46Z, git hash: 3ce520221d0240229c862b122d2b06c12a625732
nm_1        | 2019-10-04 19:00:09 INFO  MetricsConfig:112 - loaded properties from hadoop-metrics2.properties
scm_1       | 2019-10-04 19:00:11 INFO  DBStoreBuilder:117 - using custom profile for table: validCerts
datanode_3  | 2019-10-04 19:00:18 INFO  RaftServerImpl:103 - c2735c35-96e4-4531-a847-e5b696fa6345@group-ACB30FC72829: ConfigurationManager, init=-1: [c2735c35-96e4-4531-a847-e5b696fa6345:172.18.0.9:9858], old=null, confs=<EMPTY_MAP>
om_1        | 2019-10-04 19:00:22 INFO  OMHANodeDetails:190 - Configuration either no ozone.om.address set. Falling back to the default OM address om/172.18.0.2:9862
datanode_2  | 2019-10-04 19:00:11 INFO  HttpServer2:958 - Added filter static_user_filter (class=org.apache.hadoop.http.lib.StaticUserWebFilter$StaticUserFilter) to context static
rm_1        | 2019-10-04 19:00:09 INFO  AsyncDispatcher:209 - Registering class org.apache.hadoop.yarn.server.resourcemanager.RMFatalEventType for class org.apache.hadoop.yarn.server.resourcemanager.ResourceManager$RMFatalEventDispatcher
datanode_1  | 2019-10-04 19:00:12 INFO  ContextHandler:781 - Started o.e.j.s.ServletContextHandler@3d4e405e{/logs,file:///var/log/hadoop/,AVAILABLE}
nm_1        | 2019-10-04 19:00:09 INFO  MetricsSystemImpl:376 - Scheduled snapshot period at 10 second(s).
scm_1       | 2019-10-04 19:00:11 INFO  DBStoreBuilder:168 - Using default column profile:DBProfile.DISK for Table:validCerts
om_1        | 2019-10-04 19:00:22 INFO  OMHANodeDetails:220 - OM Service ID is not set. Setting it to the default ID: omServiceIdDefault
datanode_3  | 2019-10-04 19:00:18 INFO  RaftServerConfigKeys:43 - raft.server.storage.dir = [/data/metadata/ratis] (custom)
datanode_2  | 2019-10-04 19:00:11 INFO  HttpServer2:1191 - Jetty bound to port 9882
datanode_1  | 2019-10-04 19:00:12 INFO  ContextHandler:781 - Started o.e.j.s.ServletContextHandler@6caf7803{/static,jar:file:/opt/hadoop/share/ozone/lib/hadoop-hdds-container-service-0.5.0-SNAPSHOT.jar!/webapps/static,AVAILABLE}
rm_1        | 2019-10-04 19:00:09 INFO  NMTokenSecretManagerInRM:75 - NMTokenKeyRollingInterval: 86400000ms and NMTokenKeyActivationDelay: 900000ms
nm_1        | 2019-10-04 19:00:09 INFO  MetricsSystemImpl:192 - NodeManager metrics system started
scm_1       | 2019-10-04 19:00:11 INFO  DBStoreBuilder:117 - using custom profile for table: revokedCerts
om_1        | 2019-10-04 19:00:22 WARN  ServerUtils:222 - ozone.om.db.dirs is not configured. We recommend adding this setting. Falling back to ozone.metadata.dirs instead.
datanode_3  | 2019-10-04 19:00:18 INFO  RaftServerConfigKeys:43 - raft.server.log.corruption.policy = EXCEPTION (default)
datanode_1  | 2019-10-04 19:00:12 INFO  ContextHandler:781 - Started o.e.j.w.WebAppContext@4b039c6d{/,file:///tmp/jetty-0.0.0.0-9882-hddsDatanode-_-any-11052954479894365368.dir/webapp/,AVAILABLE}{/hddsDatanode}
rm_1        | 2019-10-04 19:00:09 INFO  RMContainerTokenSecretManager:77 - ContainerTokenKeyRollingInterval: 86400000ms and ContainerTokenKeyActivationDelay: 900000ms
datanode_2  | 2019-10-04 19:00:11 INFO  Server:351 - jetty-9.3.25.v20180904, build timestamp: 2018-09-04T21:11:46Z, git hash: 3ce520221d0240229c862b122d2b06c12a625732
nm_1        | 2019-10-04 19:00:10 INFO  AsyncDispatcher:209 - Registering class org.apache.hadoop.yarn.server.nodemanager.containermanager.loghandler.event.LogHandlerEventType for class org.apache.hadoop.yarn.server.nodemanager.containermanager.loghandler.NonAggregatingLogHandler
scm_1       | 2019-10-04 19:00:11 INFO  DBStoreBuilder:168 - Using default column profile:DBProfile.DISK for Table:revokedCerts
om_1        | 2019-10-04 19:00:22 WARN  ServerUtils:222 - ozone.om.db.dirs is not configured. We recommend adding this setting. Falling back to ozone.metadata.dirs instead.
datanode_3  | 2019-10-04 19:00:18 INFO  RaftStorageDirectory:246 - The storage directory /data/metadata/ratis/c3742bab-4024-445d-b8b6-acb30fc72829 does not exist. Creating ...
datanode_1  | 2019-10-04 19:00:12 INFO  AbstractConnector:278 - Started ServerConnector@ed967e6{HTTP/1.1,[http/1.1]}{0.0.0.0:9882}
rm_1        | 2019-10-04 19:00:09 INFO  AMRMTokenSecretManager:94 - AMRMTokenKeyRollingInterval: 86400000ms and AMRMTokenKeyActivationDelay: 900000 ms
datanode_2  | 2019-10-04 19:00:11 INFO  ContextHandler:781 - Started o.e.j.s.ServletContextHandler@102c577f{/logs,file:///var/log/hadoop/,AVAILABLE}
nm_1        | 2019-10-04 19:00:10 INFO  AsyncDispatcher:209 - Registering class org.apache.hadoop.yarn.server.nodemanager.containermanager.localizer.sharedcache.SharedCacheUploadEventType for class org.apache.hadoop.yarn.server.nodemanager.containermanager.localizer.sharedcache.SharedCacheUploadService
scm_1       | 2019-10-04 19:00:12 INFO  DBStoreBuilder:117 - using custom profile for table: default
om_1        | 2019-10-04 19:00:23 WARN  ServerUtils:222 - ozone.om.db.dirs is not configured. We recommend adding this setting. Falling back to ozone.metadata.dirs instead.
datanode_1  | 2019-10-04 19:00:12 INFO  Server:419 - Started @3852ms
datanode_3  | 2019-10-04 19:00:18 INFO  RaftStorageDirectory:328 - Lock on /data/metadata/ratis/c3742bab-4024-445d-b8b6-acb30fc72829/in_use.lock acquired by nodename 7@f0eb45527727
rm_1        | 2019-10-04 19:00:09 INFO  AsyncDispatcher:209 - Registering class org.apache.hadoop.yarn.server.resourcemanager.recovery.RMStateStoreEventType for class org.apache.hadoop.yarn.server.resourcemanager.recovery.RMStateStore$ForwardingEventHandler
datanode_2  | 2019-10-04 19:00:11 INFO  ContextHandler:781 - Started o.e.j.s.ServletContextHandler@38eb0f4d{/static,jar:file:/opt/hadoop/share/ozone/lib/hadoop-hdds-container-service-0.5.0-SNAPSHOT.jar!/webapps/static,AVAILABLE}
nm_1        | 2019-10-04 19:00:10 INFO  ResourceLocalizationService:219 - per directory file limit = 8192
scm_1       | 2019-10-04 19:00:12 INFO  DBStoreBuilder:174 - Using default column profile:DBProfile.DISK for Table:default
om_1        | 2019-10-04 19:00:23 INFO  log:192 - Logging initialized @2639ms
datanode_1  | 2019-10-04 19:00:12 INFO  MetricsSinkAdapter:204 - Sink prometheus started
rm_1        | 2019-10-04 19:00:09 INFO  AsyncDispatcher:209 - Registering class org.apache.hadoop.yarn.server.resourcemanager.NodesListManagerEventType for class org.apache.hadoop.yarn.server.resourcemanager.NodesListManager
datanode_3  | 2019-10-04 19:00:18 INFO  RaftStorage:84 - Storage directory /data/metadata/ratis/c3742bab-4024-445d-b8b6-acb30fc72829 has been successfully formatted.
datanode_2  | 2019-10-04 19:00:11 INFO  ContextHandler:781 - Started o.e.j.w.WebAppContext@3e67f5f2{/,file:///tmp/jetty-0.0.0.0-9882-hddsDatanode-_-any-15540620471344937229.dir/webapp/,AVAILABLE}{/hddsDatanode}
nm_1        | 2019-10-04 19:00:10 INFO  AsyncDispatcher:209 - Registering class org.apache.hadoop.yarn.server.nodemanager.containermanager.localizer.event.LocalizerEventType for class org.apache.hadoop.yarn.server.nodemanager.containermanager.localizer.ResourceLocalizationService$LocalizerTracker
scm_1       | 2019-10-04 19:00:12 INFO  DBStoreBuilder:205 - Using default options. DBProfile.DISK
om_1        | 2019-10-04 19:00:23 INFO  DBStoreBuilder:117 - using custom profile for table: userTable
datanode_1  | 2019-10-04 19:00:12 INFO  MetricsSystemImpl:301 - Registered sink prometheus
rm_1        | 2019-10-04 19:00:09 INFO  ResourceManager:293 - Using Scheduler: org.apache.hadoop.yarn.server.resourcemanager.scheduler.capacity.CapacityScheduler
datanode_2  | 2019-10-04 19:00:11 INFO  AbstractConnector:278 - Started ServerConnector@2c88a3e8{HTTP/1.1,[http/1.1]}{0.0.0.0:9882}
datanode_3  | 2019-10-04 19:00:18 INFO  ContainerStateMachine:230 - group-ACB30FC72829: The snapshot info is null. Setting the last applied indexto:(t:0, i:~)
nm_1        | 2019-10-04 19:00:10 WARN  AuxServices:130 - The Auxilurary Service named 'mapreduce_shuffle' in the configuration is for class org.apache.hadoop.mapred.ShuffleHandler which has a name of 'httpshuffle'. Because these are not the same tools trying to send ServiceData and read Service Meta Data may have issues unless the refer to the name in the config.
scm_1       | 2019-10-04 19:00:12 INFO  NodeSchemaLoader:125 - Loading file from java.lang.CompoundEnumeration@295cf707
om_1        | 2019-10-04 19:00:23 INFO  DBStoreBuilder:168 - Using default column profile:DBProfile.DISK for Table:userTable
datanode_1  | 2019-10-04 19:00:12 INFO  BaseHttpServer:215 - HTTP server of HDDSDATANODE is listening at http://0.0.0.0:9882
datanode_2  | 2019-10-04 19:00:11 INFO  Server:419 - Started @3707ms
rm_1        | 2019-10-04 19:00:09 INFO  AsyncDispatcher:209 - Registering class org.apache.hadoop.yarn.server.resourcemanager.scheduler.event.SchedulerEventType for class org.apache.hadoop.yarn.server.resourcemanager.ResourceManager$SchedulerEventDispatcher
nm_1        | 2019-10-04 19:00:10 INFO  AuxServices:72 - Adding auxiliary service httpshuffle, "mapreduce_shuffle"
scm_1       | 2019-10-04 19:00:12 INFO  NodeSchemaLoader:171 - Loading network topology layer schema file
datanode_3  | 2019-10-04 19:00:18 INFO  RaftServerConfigKeys:43 - raft.server.notification.no-leader.timeout = 120s (custom)
om_1        | 2019-10-04 19:00:23 INFO  DBStoreBuilder:117 - using custom profile for table: volumeTable
datanode_1  | 2019-10-04 19:00:13 INFO  JvmPauseMonitor:188 - Starting JVM pause monitor
datanode_2  | 2019-10-04 19:00:11 INFO  MetricsSinkAdapter:204 - Sink prometheus started
rm_1        | 2019-10-04 19:00:09 INFO  AsyncDispatcher:209 - Registering class org.apache.hadoop.yarn.server.resourcemanager.rmapp.RMAppEventType for class org.apache.hadoop.yarn.server.resourcemanager.ResourceManager$ApplicationEventDispatcher
nm_1        | 2019-10-04 19:00:10 INFO  ContainersMonitorImpl:106 -  Using ResourceCalculatorPlugin : org.apache.hadoop.yarn.util.LinuxResourceCalculatorPlugin@264f218
scm_1       | 2019-10-04 19:00:12 INFO  SCMNodeManager:116 - Entering startup safe mode.
datanode_3  | 2019-10-04 19:00:18 INFO  RaftServerConfigKeys:43 - raft.server.log.use.memory = false (default)
om_1        | 2019-10-04 19:00:23 INFO  DBStoreBuilder:168 - Using default column profile:DBProfile.DISK for Table:volumeTable
datanode_1  | 2019-10-04 19:00:13 INFO  InitDatanodeState:140 - DatanodeDetails is persisted to /data/metadata/datanode.id
datanode_2  | 2019-10-04 19:00:11 INFO  MetricsSystemImpl:301 - Registered sink prometheus
rm_1        | 2019-10-04 19:00:09 INFO  AsyncDispatcher:209 - Registering class org.apache.hadoop.yarn.server.resourcemanager.rmapp.attempt.RMAppAttemptEventType for class org.apache.hadoop.yarn.server.resourcemanager.ResourceManager$ApplicationAttemptEventDispatcher
nm_1        | 2019-10-04 19:00:10 INFO  ContainersMonitorImpl:111 -  Using ResourceCalculatorProcessTree : null
scm_1       | 2019-10-04 19:00:12 INFO  ContainerPlacementPolicyFactory:57 - Create container placement policy of type org.apache.hadoop.hdds.scm.container.placement.algorithms.SCMContainerPlacementRandom
datanode_3  | 2019-10-04 19:00:18 INFO  RaftServerConfigKeys:43 - raft.server.log.purge.gap = 1000000 (custom)
om_1        | 2019-10-04 19:00:23 INFO  DBStoreBuilder:117 - using custom profile for table: bucketTable
datanode_1  | 2019-10-04 19:00:15 INFO  OzoneContainer:217 - Attempting to start container services.
datanode_2  | 2019-10-04 19:00:11 INFO  BaseHttpServer:215 - HTTP server of HDDSDATANODE is listening at http://0.0.0.0:9882
rm_1        | 2019-10-04 19:00:09 INFO  AsyncDispatcher:209 - Registering class org.apache.hadoop.yarn.server.resourcemanager.rmnode.RMNodeEventType for class org.apache.hadoop.yarn.server.resourcemanager.ResourceManager$NodeEventDispatcher
nm_1        | 2019-10-04 19:00:10 INFO  ContainersMonitorImpl:151 - Physical memory check enabled: false
scm_1       | 2019-10-04 19:00:12 WARN  ServerUtils:145 - ozone.scm.db.dirs is not configured. We recommend adding this setting. Falling back to ozone.metadata.dirs instead.
datanode_3  | 2019-10-04 19:00:18 INFO  RaftServerConfigKeys:43 - raft.server.log.appender.buffer.byte-limit = 33554432 (custom)
om_1        | 2019-10-04 19:00:23 INFO  DBStoreBuilder:168 - Using default column profile:DBProfile.DISK for Table:bucketTable
datanode_1  | 2019-10-04 19:00:15 INFO  OzoneContainer:179 - Background container scanner has been disabled.
datanode_2  | 2019-10-04 19:00:11 INFO  JvmPauseMonitor:188 - Starting JVM pause monitor
rm_1        | 2019-10-04 19:00:09 INFO  MetricsConfig:112 - loaded properties from hadoop-metrics2.properties
nm_1        | 2019-10-04 19:00:10 INFO  ContainersMonitorImpl:152 - Virtual memory check enabled: false
scm_1       | 2019-10-04 19:00:12 INFO  SCMPipelineManager:132 - No pipeline exists in current db
datanode_3  | 2019-10-04 19:00:18 INFO  RaftServerConfigKeys:43 - raft.server.log.segment.size.max = 1048576 (custom)
om_1        | 2019-10-04 19:00:23 INFO  DBStoreBuilder:117 - using custom profile for table: keyTable
datanode_1  | 2019-10-04 19:00:15 INFO  XceiverServerRatis:417 - Starting XceiverServerRatis 04e07ee6-4e56-4e1f-98a2-ce1f630802aa at port 9858
datanode_2  | 2019-10-04 19:00:12 INFO  InitDatanodeState:140 - DatanodeDetails is persisted to /data/metadata/datanode.id
rm_1        | 2019-10-04 19:00:09 INFO  MetricsSystemImpl:376 - Scheduled snapshot period at 10 second(s).
nm_1        | 2019-10-04 19:00:10 INFO  NodeStatusUpdaterImpl:181 - Initialized nodemanager for null: physical-memory=8192 virtual-memory=17204 virtual-cores=8
scm_1       | 2019-10-04 19:00:12 WARN  ServerUtils:145 - ozone.scm.db.dirs is not configured. We recommend adding this setting. Falling back to ozone.metadata.dirs instead.
datanode_3  | 2019-10-04 19:00:18 WARN  MetricsSystemImpl:151 - HddsDatanode metrics system already initialized!
om_1        | 2019-10-04 19:00:23 INFO  DBStoreBuilder:168 - Using default column profile:DBProfile.DISK for Table:keyTable
datanode_1  | 2019-10-04 19:00:15 INFO  RaftServerProxy:299 - 04e07ee6-4e56-4e1f-98a2-ce1f630802aa: start RPC server
datanode_2  | 2019-10-04 19:00:14 INFO  OzoneContainer:217 - Attempting to start container services.
rm_1        | 2019-10-04 19:00:09 INFO  MetricsSystemImpl:192 - ResourceManager metrics system started
nm_1        | 2019-10-04 19:00:10 INFO  CallQueueManager:57 - Using callQueue: class java.util.concurrent.LinkedBlockingQueue queueCapacity: 2000
scm_1       | 2019-10-04 19:00:12 WARN  EventQueue:183 - No event handler registered for event TypedEvent{payloadType=SafeModeStatus, name='SafeModeStatus'}
datanode_3  | 2019-10-04 19:00:18 INFO  MetricRegistries:64 - Loaded MetricRegistries class org.apache.ratis.metrics.impl.MetricRegistriesImpl
om_1        | 2019-10-04 19:00:23 INFO  DBStoreBuilder:117 - using custom profile for table: deletedTable
datanode_1  | 2019-10-04 19:00:15 INFO  GrpcService:158 - 04e07ee6-4e56-4e1f-98a2-ce1f630802aa: GrpcService started, listening on 0.0.0.0/0.0.0.0:9858
datanode_2  | 2019-10-04 19:00:14 INFO  OzoneContainer:179 - Background container scanner has been disabled.
rm_1        | 2019-10-04 19:00:09 INFO  AsyncDispatcher:209 - Registering class org.apache.hadoop.yarn.server.resourcemanager.RMAppManagerEventType for class org.apache.hadoop.yarn.server.resourcemanager.RMAppManager
nm_1        | 2019-10-04 19:00:10 INFO  Server:722 - Starting Socket Reader #1 for port 33655
scm_1       | 2019-10-04 19:00:13 INFO  CallQueueManager:84 - Using callQueue: class java.util.concurrent.LinkedBlockingQueue, queueCapacity: 1000, scheduler: class org.apache.hadoop.ipc.DefaultRpcScheduler, ipcBackoff: false.
datanode_3  | 2019-10-04 19:00:18 INFO  RaftServerConfigKeys:43 - raft.server.log.segment.cache.num.max = 2 (custom)
om_1        | 2019-10-04 19:00:23 INFO  DBStoreBuilder:168 - Using default column profile:DBProfile.DISK for Table:deletedTable
datanode_1  | WARNING: An illegal reflective access operation has occurred
datanode_2  | 2019-10-04 19:00:14 INFO  XceiverServerRatis:417 - Starting XceiverServerRatis 105c5899-0dc7-4e0e-a6bc-4f66814745d5 at port 9858
rm_1        | 2019-10-04 19:00:09 INFO  AsyncDispatcher:209 - Registering class org.apache.hadoop.yarn.server.resourcemanager.amlauncher.AMLauncherEventType for class org.apache.hadoop.yarn.server.resourcemanager.amlauncher.ApplicationMasterLauncher
nm_1        | 2019-10-04 19:00:10 INFO  RpcServerFactoryPBImpl:174 - Adding protocol org.apache.hadoop.yarn.api.ContainerManagementProtocolPB to the server
scm_1       | 2019-10-04 19:00:13 INFO  Server:1074 - Starting Socket Reader #1 for port 9861
datanode_3  | 2019-10-04 19:00:18 INFO  SegmentedRaftLogWorker:173 - new c2735c35-96e4-4531-a847-e5b696fa6345@group-ACB30FC72829-SegmentedRaftLogWorker for RaftStorage:Storage Directory /data/metadata/ratis/c3742bab-4024-445d-b8b6-acb30fc72829
datanode_1  | WARNING: Illegal reflective access by org.apache.ratis.thirdparty.com.google.protobuf.UnsafeUtil (file:/opt/hadoop/share/ozone/lib/ratis-thirdparty-misc-0.2.0.jar) to field java.nio.Buffer.address
om_1        | 2019-10-04 19:00:23 INFO  DBStoreBuilder:117 - using custom profile for table: openKeyTable
datanode_2  | 2019-10-04 19:00:14 INFO  RaftServerProxy:299 - 105c5899-0dc7-4e0e-a6bc-4f66814745d5: start RPC server
rm_1        | 2019-10-04 19:00:09 INFO  RMNMInfo:63 - Registered RMNMInfo MBean
nm_1        | 2019-10-04 19:00:10 INFO  ContainerManagerImpl:427 - Blocking new container-requests as container manager rpc server is still starting.
scm_1       | 2019-10-04 19:00:13 INFO  CallQueueManager:84 - Using callQueue: class java.util.concurrent.LinkedBlockingQueue, queueCapacity: 1000, scheduler: class org.apache.hadoop.ipc.DefaultRpcScheduler, ipcBackoff: false.
datanode_3  | 2019-10-04 19:00:18 INFO  RaftServerConfigKeys:43 - raft.server.log.queue.byte-limit = 2147483647 (custom)
datanode_1  | WARNING: Please consider reporting this to the maintainers of org.apache.ratis.thirdparty.com.google.protobuf.UnsafeUtil
om_1        | 2019-10-04 19:00:23 INFO  DBStoreBuilder:168 - Using default column profile:DBProfile.DISK for Table:openKeyTable
datanode_2  | 2019-10-04 19:00:14 INFO  GrpcService:158 - 105c5899-0dc7-4e0e-a6bc-4f66814745d5: GrpcService started, listening on 0.0.0.0/0.0.0.0:9858
rm_1        | 2019-10-04 19:00:09 INFO  YarnAuthorizationProvider:57 - org.apache.hadoop.yarn.security.ConfiguredYarnAuthorizer is instiantiated.
scm_1       | 2019-10-04 19:00:13 INFO  Server:1074 - Starting Socket Reader #1 for port 9863
nm_1        | 2019-10-04 19:00:10 INFO  Server:962 - IPC Server Responder: starting
datanode_3  | 2019-10-04 19:00:18 INFO  RaftServerConfigKeys:43 - raft.server.log.queue.element-limit = 1024 (custom)
datanode_1  | WARNING: Use --illegal-access=warn to enable warnings of further illegal reflective access operations
om_1        | 2019-10-04 19:00:23 INFO  DBStoreBuilder:117 - using custom profile for table: s3Table
datanode_2  | WARNING: An illegal reflective access operation has occurred
rm_1        | 2019-10-04 19:00:09 INFO  HostsFileReader:131 - Refreshing hosts (include/exclude) list
scm_1       | 2019-10-04 19:00:13 INFO  CallQueueManager:84 - Using callQueue: class java.util.concurrent.LinkedBlockingQueue, queueCapacity: 1000, scheduler: class org.apache.hadoop.ipc.DefaultRpcScheduler, ipcBackoff: false.
nm_1        | 2019-10-04 19:00:10 INFO  Server:801 - IPC Server listener on 33655: starting
datanode_3  | 2019-10-04 19:00:18 INFO  RaftServerConfigKeys:43 - raft.server.log.segment.size.max = 1048576 (custom)
datanode_1  | WARNING: All illegal access operations will be denied in a future release
datanode_2  | WARNING: Illegal reflective access by org.apache.ratis.thirdparty.com.google.protobuf.UnsafeUtil (file:/opt/hadoop/share/ozone/lib/ratis-thirdparty-misc-0.2.0.jar) to field java.nio.Buffer.address
rm_1        | 2019-10-04 19:00:09 INFO  Configuration:2427 - found resource capacity-scheduler.xml at file:/opt/hadoop/etc/hadoop/capacity-scheduler.xml
om_1        | 2019-10-04 19:00:23 INFO  DBStoreBuilder:168 - Using default column profile:DBProfile.DISK for Table:s3Table
scm_1       | 2019-10-04 19:00:13 INFO  Server:1074 - Starting Socket Reader #1 for port 9860
nm_1        | 2019-10-04 19:00:10 INFO  NMContainerTokenSecretManager:260 - Updating node address : nm:33655
datanode_3  | 2019-10-04 19:00:18 INFO  RaftServerConfigKeys:43 - raft.server.log.preallocated.size = 16384 (custom)
datanode_1  | 2019-10-04 19:00:17 INFO  RaftServerProxy:89 - 04e07ee6-4e56-4e1f-98a2-ce1f630802aa: addNew group-A372CF511D7A:[04e07ee6-4e56-4e1f-98a2-ce1f630802aa:172.18.0.8:9858] returns group-A372CF511D7A:java.util.concurrent.CompletableFuture@2a3542bf[Not completed]
datanode_2  | WARNING: Please consider reporting this to the maintainers of org.apache.ratis.thirdparty.com.google.protobuf.UnsafeUtil
rm_1        | 2019-10-04 19:00:09 INFO  CapacitySchedulerConfiguration:603 - max alloc mb per queue for root is undefined
om_1        | 2019-10-04 19:00:23 INFO  DBStoreBuilder:117 - using custom profile for table: multipartInfoTable
scm_1       | 2019-10-04 19:00:13 INFO  DFSUtil:1641 - Starting Web-server for scm at: http://0.0.0.0:9876
nm_1        | 2019-10-04 19:00:10 INFO  CallQueueManager:57 - Using callQueue: class java.util.concurrent.LinkedBlockingQueue queueCapacity: 500
datanode_3  | 2019-10-04 19:00:18 INFO  RaftServerConfigKeys:43 - raft.server.log.write.buffer.size = 33554432 (custom)
datanode_1  | 2019-10-04 19:00:17 INFO  RaftServerImpl:95 - 04e07ee6-4e56-4e1f-98a2-ce1f630802aa: new RaftServerImpl for group-A372CF511D7A:[04e07ee6-4e56-4e1f-98a2-ce1f630802aa:172.18.0.8:9858] with ContainerStateMachine:uninitialized
datanode_2  | WARNING: Use --illegal-access=warn to enable warnings of further illegal reflective access operations
rm_1        | 2019-10-04 19:00:09 INFO  CapacitySchedulerConfiguration:607 - max alloc vcore per queue for root is undefined
om_1        | 2019-10-04 19:00:23 INFO  DBStoreBuilder:168 - Using default column profile:DBProfile.DISK for Table:multipartInfoTable
scm_1       | 2019-10-04 19:00:13 INFO  AuthenticationFilter:240 - Unable to initialize FileSignerSecretProvider, falling back to use random secrets.
nm_1        | 2019-10-04 19:00:10 INFO  Server:722 - Starting Socket Reader #1 for port 8040
datanode_1  | 2019-10-04 19:00:17 INFO  RaftServerConfigKeys:43 - raft.server.rpc.timeout.min = 5s (custom)
datanode_2  | WARNING: All illegal access operations will be denied in a future release
datanode_3  | 2019-10-04 19:00:18 INFO  RaftServerConfigKeys:43 - raft.server.log.force.sync.num = 128 (default)
rm_1        | 2019-10-04 19:00:09 INFO  ParentQueue:121 - root, capacity=1.0, asboluteCapacity=1.0, maxCapacity=1.0, asboluteMaxCapacity=1.0, state=RUNNING, acls=SUBMIT_APP:*ADMINISTER_QUEUE:*, labels=*,
om_1        | 2019-10-04 19:00:23 INFO  DBStoreBuilder:117 - using custom profile for table: dTokenTable
scm_1       | 2019-10-04 19:00:13 INFO  HttpRequestLog:81 - Http request log for http.requests.scm is not defined
nm_1        | 2019-10-04 19:00:10 INFO  RpcServerFactoryPBImpl:174 - Adding protocol org.apache.hadoop.yarn.server.nodemanager.api.LocalizationProtocolPB to the server
datanode_1  | 2019-10-04 19:00:17 INFO  RaftServerConfigKeys:43 - raft.server.rpc.timeout.max = 5200ms (custom)
datanode_2  | 2019-10-04 19:00:16 INFO  RaftServerProxy:89 - 105c5899-0dc7-4e0e-a6bc-4f66814745d5: addNew group-B96BD63A5DEF:[105c5899-0dc7-4e0e-a6bc-4f66814745d5:172.18.0.4:9858] returns group-B96BD63A5DEF:java.util.concurrent.CompletableFuture@502accb4[Not completed]
datanode_3  | 2019-10-04 19:00:18 INFO  RaftServerConfigKeys:43 - raft.server.log.statemachine.data.sync = true (default)
rm_1        | , reservationsContinueLooking=true
scm_1       | 2019-10-04 19:00:13 INFO  HttpServer2:975 - Added global filter 'safety' (class=org.apache.hadoop.http.HttpServer2$QuotingInputFilter)
om_1        | 2019-10-04 19:00:23 INFO  DBStoreBuilder:168 - Using default column profile:DBProfile.DISK for Table:dTokenTable
nm_1        | 2019-10-04 19:00:10 INFO  Server:962 - IPC Server Responder: starting
datanode_1  | 2019-10-04 19:00:17 INFO  RaftServerConfigKeys:43 - raft.server.rpcslowness.timeout = 120s (custom)
datanode_2  | 2019-10-04 19:00:16 INFO  RaftServerImpl:95 - 105c5899-0dc7-4e0e-a6bc-4f66814745d5: new RaftServerImpl for group-B96BD63A5DEF:[105c5899-0dc7-4e0e-a6bc-4f66814745d5:172.18.0.4:9858] with ContainerStateMachine:uninitialized
datanode_3  | 2019-10-04 19:00:18 INFO  RaftServerConfigKeys:43 - raft.server.log.statemachine.data.sync.timeout = 10s (default)
rm_1        | 2019-10-04 19:00:09 INFO  ParentQueue:100 - Initialized parent-queue root name=root, fullname=root
scm_1       | 2019-10-04 19:00:13 INFO  HttpServer2:948 - Added filter static_user_filter (class=org.apache.hadoop.http.lib.StaticUserWebFilter$StaticUserFilter) to context scm
om_1        | 2019-10-04 19:00:23 INFO  DBStoreBuilder:117 - using custom profile for table: s3SecretTable
nm_1        | 2019-10-04 19:00:10 INFO  Server:801 - IPC Server listener on 8040: starting
datanode_1  | 2019-10-04 19:00:17 INFO  RaftServerConfigKeys:43 - raft.server.sleep.deviation.threshold = 300 (default)
datanode_2  | 2019-10-04 19:00:16 INFO  RaftServerConfigKeys:43 - raft.server.rpc.timeout.min = 5s (custom)
datanode_3  | 2019-10-04 19:00:18 INFO  RaftServerConfigKeys:43 - raft.server.log.statemachine.data.sync.timeout.retry = -1 (default)
rm_1        | 2019-10-04 19:00:09 INFO  CapacitySchedulerConfiguration:603 - max alloc mb per queue for root.default is undefined
om_1        | 2019-10-04 19:00:23 INFO  DBStoreBuilder:168 - Using default column profile:DBProfile.DISK for Table:s3SecretTable
nm_1        | 2019-10-04 19:00:10 INFO  ResourceLocalizationService:344 - Localizer started on port 8040
scm_1       | 2019-10-04 19:00:13 INFO  HttpServer2:958 - Added filter static_user_filter (class=org.apache.hadoop.http.lib.StaticUserWebFilter$StaticUserFilter) to context logs
datanode_1  | 2019-10-04 19:00:17 INFO  RaftServerConfigKeys:43 - raft.server.log.appender.install.snapshot.enabled = false (custom)
datanode_2  | 2019-10-04 19:00:16 INFO  RaftServerConfigKeys:43 - raft.server.rpc.timeout.max = 5200ms (custom)
datanode_3  | 2019-10-04 19:00:18 INFO  RaftServerConfigKeys:43 - raft.server.log.statemachine.data.caching.enabled = true (custom)
rm_1        | 2019-10-04 19:00:09 INFO  CapacitySchedulerConfiguration:607 - max alloc vcore per queue for root.default is undefined
om_1        | 2019-10-04 19:00:23 INFO  DBStoreBuilder:117 - using custom profile for table: prefixTable
nm_1        | 2019-10-04 19:00:10 INFO  IndexCache:47 - IndexCache created with max memory = 10485760
scm_1       | 2019-10-04 19:00:13 INFO  HttpServer2:958 - Added filter static_user_filter (class=org.apache.hadoop.http.lib.StaticUserWebFilter$StaticUserFilter) to context static
datanode_1  | 2019-10-04 19:00:17 INFO  RaftServerImpl:103 - 04e07ee6-4e56-4e1f-98a2-ce1f630802aa@group-A372CF511D7A: ConfigurationManager, init=-1: [04e07ee6-4e56-4e1f-98a2-ce1f630802aa:172.18.0.8:9858], old=null, confs=<EMPTY_MAP>
datanode_2  | 2019-10-04 19:00:16 INFO  RaftServerConfigKeys:43 - raft.server.rpcslowness.timeout = 120s (custom)
rm_1        | 2019-10-04 19:00:09 INFO  LeafQueue:215 - Initializing default
datanode_3  | 2019-10-04 19:00:18 INFO  SegmentedRaftLogWorker:128 - c2735c35-96e4-4531-a847-e5b696fa6345@group-ACB30FC72829-SegmentedRaftLogWorker: flushIndex: setUnconditionally 0 -> -1
om_1        | 2019-10-04 19:00:23 INFO  DBStoreBuilder:168 - Using default column profile:DBProfile.DISK for Table:prefixTable
nm_1        | 2019-10-04 19:00:10 INFO  ShuffleHandler:510 - httpshuffle listening on port 13562
scm_1       | 2019-10-04 19:00:13 INFO  StorageContainerManager:770 - StorageContainerLocationProtocol RPC server is listening at /0.0.0.0:9860
datanode_1  | 2019-10-04 19:00:17 INFO  RaftServerConfigKeys:43 - raft.server.storage.dir = [/data/metadata/ratis] (custom)
datanode_2  | 2019-10-04 19:00:16 INFO  RaftServerConfigKeys:43 - raft.server.sleep.deviation.threshold = 300 (default)
rm_1        | capacity = 1.0 [= (float) configuredCapacity / 100 ]
datanode_3  | 2019-10-04 19:00:18 INFO  RaftServerConfigKeys:43 - raft.server.snapshot.auto.trigger.enabled = true (custom)
om_1        | 2019-10-04 19:00:23 INFO  DBStoreBuilder:117 - using custom profile for table: default
nm_1        | 2019-10-04 19:00:10 INFO  ContainersMonitorImpl:196 - Neither virutal-memory nor physical-memory monitoring is needed. Not running the monitor-thread
scm_1       | 2019-10-04 19:00:13 INFO  MetricsConfig:118 - Loaded properties from hadoop-metrics2.properties
datanode_1  | 2019-10-04 19:00:17 INFO  RaftServerConfigKeys:43 - raft.server.log.corruption.policy = EXCEPTION (default)
datanode_2  | 2019-10-04 19:00:16 INFO  RaftServerConfigKeys:43 - raft.server.log.appender.install.snapshot.enabled = false (custom)
datanode_3  | 2019-10-04 19:00:18 INFO  RaftServerConfigKeys:43 - raft.server.snapshot.auto.trigger.threshold = 10000 (custom)
om_1        | 2019-10-04 19:00:23 INFO  DBStoreBuilder:174 - Using default column profile:DBProfile.DISK for Table:default
rm_1        | asboluteCapacity = 1.0 [= parentAbsoluteCapacity * capacity ]
nm_1        | 2019-10-04 19:00:10 INFO  ContainerManagerImpl:472 - ContainerManager started at nm/172.18.0.6:33655
scm_1       | 2019-10-04 19:00:13 INFO  MetricsSystemImpl:374 - Scheduled Metric snapshot period at 10 second(s).
datanode_1  | 2019-10-04 19:00:17 INFO  RaftStorageDirectory:246 - The storage directory /data/metadata/ratis/1d6585b9-17e9-4007-8496-a372cf511d7a does not exist. Creating ...
datanode_2  | 2019-10-04 19:00:16 INFO  RaftServerImpl:103 - 105c5899-0dc7-4e0e-a6bc-4f66814745d5@group-B96BD63A5DEF: ConfigurationManager, init=-1: [105c5899-0dc7-4e0e-a6bc-4f66814745d5:172.18.0.4:9858], old=null, confs=<EMPTY_MAP>
datanode_3  | 2019-10-04 19:00:18 INFO  RaftServerConfigKeys:43 - raft.server.snapshot.retention.file.num = 5 (custom)
om_1        | 2019-10-04 19:00:23 INFO  DBStoreBuilder:205 - Using default options. DBProfile.DISK
rm_1        | maxCapacity = 1.0 [= configuredMaxCapacity ]
nm_1        | 2019-10-04 19:00:10 INFO  ContainerManagerImpl:473 - ContainerManager bound to 0.0.0.0/0.0.0.0:0
scm_1       | 2019-10-04 19:00:13 INFO  MetricsSystemImpl:191 - StorageContainerManager metrics system started
datanode_1  | 2019-10-04 19:00:17 INFO  RaftStorageDirectory:328 - Lock on /data/metadata/ratis/1d6585b9-17e9-4007-8496-a372cf511d7a/in_use.lock acquired by nodename 7@b3e0570805b6
datanode_2  | 2019-10-04 19:00:16 INFO  RaftServerConfigKeys:43 - raft.server.storage.dir = [/data/metadata/ratis] (custom)
datanode_3  | 2019-10-04 19:00:18 INFO  RaftServerConfigKeys:43 - raft.server.retrycache.expirytime = 600000ms (custom)
rm_1        | absoluteMaxCapacity = 1.0 [= 1.0 maximumCapacity undefined, (parentAbsoluteMaxCapacity * maximumCapacity) / 100 otherwise ]
om_1        | 2019-10-04 19:00:24 INFO  CallQueueManager:84 - Using callQueue: class java.util.concurrent.LinkedBlockingQueue, queueCapacity: 2000, scheduler: class org.apache.hadoop.ipc.DefaultRpcScheduler, ipcBackoff: false.
nm_1        | 2019-10-04 19:00:10 INFO  WebServer:70 - Instantiating NMWebApp at 0.0.0.0:8042
scm_1       | 2019-10-04 19:00:14 INFO  SCMClientProtocolServer:159 - RPC server for Client  is listening at /0.0.0.0:9860
datanode_1  | 2019-10-04 19:00:17 INFO  RaftStorage:84 - Storage directory /data/metadata/ratis/1d6585b9-17e9-4007-8496-a372cf511d7a has been successfully formatted.
datanode_2  | 2019-10-04 19:00:16 INFO  RaftServerConfigKeys:43 - raft.server.log.corruption.policy = EXCEPTION (default)
datanode_3  | 2019-10-04 19:00:18 INFO  RaftServerImpl:181 - c2735c35-96e4-4531-a847-e5b696fa6345@group-ACB30FC72829: start as a follower, conf=-1: [c2735c35-96e4-4531-a847-e5b696fa6345:172.18.0.9:9858], old=null
rm_1        | userLimit = 100 [= configuredUserLimit ]
om_1        | 2019-10-04 19:00:24 INFO  Server:1074 - Starting Socket Reader #1 for port 9862
nm_1        | 2019-10-04 19:00:10 INFO  log:67 - Logging to org.slf4j.impl.Log4jLoggerAdapter(org.mortbay.log) via org.mortbay.log.Slf4jLog
scm_1       | 2019-10-04 19:00:14 INFO  Server:1314 - IPC Server Responder: starting
datanode_1  | 2019-10-04 19:00:17 INFO  ContainerStateMachine:230 - group-A372CF511D7A: The snapshot info is null. Setting the last applied indexto:(t:0, i:~)
datanode_2  | 2019-10-04 19:00:16 INFO  RaftStorageDirectory:246 - The storage directory /data/metadata/ratis/73c930ed-98fa-44e8-9b43-b96bd63a5def does not exist. Creating ...
datanode_3  | 2019-10-04 19:00:18 INFO  RaftServerImpl:170 - c2735c35-96e4-4531-a847-e5b696fa6345@group-ACB30FC72829: changes role from      null to FOLLOWER at term 0 for startAsFollower
rm_1        | userLimitFactor = 1.0 [= configuredUserLimitFactor ]
om_1        | 2019-10-04 19:00:24 INFO  OzoneManager:1069 - OzoneManager RPC server is listening at om/172.18.0.2:9862
nm_1        | 2019-10-04 19:00:10 INFO  AuthenticationFilter:283 - Unable to initialize FileSignerSecretProvider, falling back to use random secrets.
scm_1       | 2019-10-04 19:00:14 INFO  Server:1153 - IPC Server listener on 9860: starting
datanode_1  | 2019-10-04 19:00:17 INFO  RaftServerConfigKeys:43 - raft.server.notification.no-leader.timeout = 120s (custom)
datanode_2  | 2019-10-04 19:00:16 INFO  RaftStorageDirectory:328 - Lock on /data/metadata/ratis/73c930ed-98fa-44e8-9b43-b96bd63a5def/in_use.lock acquired by nodename 7@9f7e726b123e
rm_1        | maxApplications = 10000 [= configuredMaximumSystemApplicationsPerQueue or (int)(configuredMaximumSystemApplications * absoluteCapacity)]
om_1        | 2019-10-04 19:00:24 INFO  MetricsConfig:118 - Loaded properties from hadoop-metrics2.properties
datanode_3  | 2019-10-04 19:00:18 INFO  RoleInfo:143 - c2735c35-96e4-4531-a847-e5b696fa6345: start FollowerState
nm_1        | 2019-10-04 19:00:10 INFO  HttpRequestLog:80 - Http request log for http.requests.nodemanager is not defined
scm_1       | 2019-10-04 19:00:14 INFO  StorageContainerManager:780 - ScmBlockLocationProtocol RPC server is listening at /0.0.0.0:9863
datanode_1  | 2019-10-04 19:00:17 INFO  RaftServerConfigKeys:43 - raft.server.log.use.memory = false (default)
datanode_2  | 2019-10-04 19:00:16 INFO  RaftStorage:84 - Storage directory /data/metadata/ratis/73c930ed-98fa-44e8-9b43-b96bd63a5def has been successfully formatted.
rm_1        | maxApplicationsPerUser = 10000 [= (int)(maxApplications * (userLimit / 100.0f) * userLimitFactor) ]
om_1        | 2019-10-04 19:00:24 INFO  MetricsSystemImpl:374 - Scheduled Metric snapshot period at 10 second(s).
datanode_3  | 2019-10-04 19:00:18 INFO  JmxRegister:44 - Successfully registered JMX Bean with object name Ratis:service=RaftServer,group=group-ACB30FC72829,id=c2735c35-96e4-4531-a847-e5b696fa6345
nm_1        | 2019-10-04 19:00:10 INFO  HttpServer2:730 - Added global filter 'safety' (class=org.apache.hadoop.http.HttpServer2$QuotingInputFilter)
scm_1       | 2019-10-04 19:00:14 INFO  SCMBlockProtocolServer:146 - RPC server for Block Protocol is listening at /0.0.0.0:9863
datanode_1  | 2019-10-04 19:00:17 INFO  RaftServerConfigKeys:43 - raft.server.log.purge.gap = 1000000 (custom)
rm_1        | usedCapacity = 0.0 [= usedResourcesMemory / (clusterResourceMemory * absoluteCapacity)]
datanode_2  | 2019-10-04 19:00:16 INFO  ContainerStateMachine:230 - group-B96BD63A5DEF: The snapshot info is null. Setting the last applied indexto:(t:0, i:~)
om_1        | 2019-10-04 19:00:24 INFO  MetricsSystemImpl:191 - OzoneManager metrics system started
datanode_3  | 2019-10-04 19:00:18 INFO  RaftServerProxy:89 - c2735c35-96e4-4531-a847-e5b696fa6345: addNew group-07DD3786A0DB:[105c5899-0dc7-4e0e-a6bc-4f66814745d5:172.18.0.4:9858, c2735c35-96e4-4531-a847-e5b696fa6345:172.18.0.9:9858, 04e07ee6-4e56-4e1f-98a2-ce1f630802aa:172.18.0.8:9858] returns group-07DD3786A0DB:java.util.concurrent.CompletableFuture@2a84a95f[Not completed]
nm_1        | 2019-10-04 19:00:10 INFO  HttpServer2:705 - Added filter static_user_filter (class=org.apache.hadoop.http.lib.StaticUserWebFilter$StaticUserFilter) to context node
scm_1       | 2019-10-04 19:00:14 INFO  Server:1314 - IPC Server Responder: starting
datanode_1  | 2019-10-04 19:00:17 INFO  RaftServerConfigKeys:43 - raft.server.log.appender.buffer.byte-limit = 33554432 (custom)
rm_1        | absoluteUsedCapacity = 0.0 [= usedResourcesMemory / clusterResourceMemory]
datanode_2  | 2019-10-04 19:00:16 INFO  RaftServerConfigKeys:43 - raft.server.notification.no-leader.timeout = 120s (custom)
om_1        | 2019-10-04 19:00:24 INFO  Server:1314 - IPC Server Responder: starting
datanode_3  | 2019-10-04 19:00:18 INFO  RaftServerImpl:95 - c2735c35-96e4-4531-a847-e5b696fa6345: new RaftServerImpl for group-07DD3786A0DB:[105c5899-0dc7-4e0e-a6bc-4f66814745d5:172.18.0.4:9858, c2735c35-96e4-4531-a847-e5b696fa6345:172.18.0.9:9858, 04e07ee6-4e56-4e1f-98a2-ce1f630802aa:172.18.0.8:9858] with ContainerStateMachine:uninitialized
nm_1        | 2019-10-04 19:00:10 INFO  HttpServer2:713 - Added filter static_user_filter (class=org.apache.hadoop.http.lib.StaticUserWebFilter$StaticUserFilter) to context static
scm_1       | 2019-10-04 19:00:14 INFO  Server:1153 - IPC Server listener on 9863: starting
datanode_1  | 2019-10-04 19:00:17 INFO  RaftServerConfigKeys:43 - raft.server.log.segment.size.max = 1048576 (custom)
rm_1        | maxAMResourcePerQueuePercent = 0.1 [= configuredMaximumAMResourcePercent ]
datanode_2  | 2019-10-04 19:00:16 INFO  RaftServerConfigKeys:43 - raft.server.log.use.memory = false (default)
om_1        | 2019-10-04 19:00:24 INFO  Server:1153 - IPC Server listener on 9862: starting
datanode_3  | 2019-10-04 19:00:18 INFO  RaftServerConfigKeys:43 - raft.server.rpc.timeout.min = 5s (custom)
scm_1       | 2019-10-04 19:00:14 INFO  StorageContainerManager:784 - ScmDatanodeProtocl RPC server is listening at /0.0.0.0:9861
