om_1        | 	at org.apache.hadoop.ipc.Server$RpcCall.run(Server.java:876)
scm_1       | 2019-10-04 19:35:35 INFO  BlockManagerImpl:269 - Deleting blocks conID: 15 locID: 102905786350239906 bcsId: 0
kdc_1       | Oct 04 19:21:23 kdc krb5kdc[9](info): AS_REQ (8 etypes {18 17 20 19 16 23 25 26}) 127.0.0.1: SERVER_NOT_FOUND: admin/admin@EXAMPLE.COM for kadmin/localhost@EXAMPLE.COM, Server not found in Kerberos database
s3g_1       | 	at org.apache.hadoop.ozone.client.OzoneClientFactory.getClientProtocol(OzoneClientFactory.java:256)
om_1        | 	at org.apache.hadoop.ipc.Server$RpcCall.run(Server.java:822)
scm_1       | 2019-10-04 19:35:35 INFO  BlockManagerImpl:269 - Deleting blocks conID: 13 locID: 102905787397701795 bcsId: 0
kdc_1       | Oct 04 19:21:23 kdc krb5kdc[9](info): AS_REQ (8 etypes {18 17 20 19 16 23 25 26}) 127.0.0.1: ISSUE: authtime 1570216883, etypes {rep=18 tkt=18 ses=18}, admin/admin@EXAMPLE.COM for kadmin/admin@EXAMPLE.COM
s3g_1       | 	... 101 more
om_1        | 	at java.base/java.security.AccessController.doPrivileged(Native Method)
scm_1       | 2019-10-04 19:35:35 INFO  BlockManagerImpl:269 - Deleting blocks conID: 14 locID: 102905787967471780 bcsId: 0
kdc_1       | Oct 04 19:21:23 kdc krb5kdc[9](info): AS_REQ (8 etypes {18 17 20 19 16 23 25 26}) 127.0.0.1: SERVER_NOT_FOUND: admin/admin@EXAMPLE.COM for kadmin/localhost@EXAMPLE.COM, Server not found in Kerberos database
s3g_1       | 
om_1        | 	at java.base/javax.security.auth.Subject.doAs(Subject.java:423)
kdc_1       | Oct 04 19:21:23 kdc krb5kdc[9](info): AS_REQ (8 etypes {18 17 20 19 16 23 25 26}) 127.0.0.1: ISSUE: authtime 1570216883, etypes {rep=18 tkt=18 ses=18}, admin/admin@EXAMPLE.COM for kadmin/admin@EXAMPLE.COM
s3g_1       | 
om_1        | 	at org.apache.hadoop.security.UserGroupInformation.doAs(UserGroupInformation.java:1730)
kdc_1       | Oct 04 19:21:23 kdc krb5kdc[9](info): AS_REQ (8 etypes {18 17 20 19 16 23 25 26}) 127.0.0.1: SERVER_NOT_FOUND: admin/admin@EXAMPLE.COM for kadmin/localhost@EXAMPLE.COM, Server not found in Kerberos database
s3g_1       | 2019-10-04 19:28:46 WARN  ServletHandler:625 - 
om_1        | 	at org.apache.hadoop.ipc.Server$Handler.run(Server.java:2682)
kdc_1       | Oct 04 19:21:23 kdc krb5kdc[9](info): AS_REQ (8 etypes {18 17 20 19 16 23 25 26}) 127.0.0.1: ISSUE: authtime 1570216883, etypes {rep=18 tkt=18 ses=18}, admin/admin@EXAMPLE.COM for kadmin/admin@EXAMPLE.COM
s3g_1       | javax.servlet.ServletException: A MultiException has 1 exceptions.  They are:
scm_1       | 2019-10-04 19:35:35 INFO  BlockManagerImpl:269 - Deleting blocks conID: 15 locID: 102905788996714661 bcsId: 0
om_1        | 2019-10-04 19:27:37 INFO  Server:1849 - Auth successful for testuser/scm@EXAMPLE.COM (auth:KERBEROS)
kdc_1       | Oct 04 19:21:23 kdc krb5kdc[9](info): AS_REQ (8 etypes {18 17 20 19 16 23 25 26}) 127.0.0.1: SERVER_NOT_FOUND: admin/admin@EXAMPLE.COM for kadmin/localhost@EXAMPLE.COM, Server not found in Kerberos database
s3g_1       | 1. javax.enterprise.inject.CreationException
scm_1       | 2019-10-04 19:35:35 INFO  BlockManagerImpl:269 - Deleting blocks conID: 13 locID: 102905789052420262 bcsId: 0
om_1        | 2019-10-04 19:27:37 INFO  ServiceAuthorizationManager:138 - Authorization successful for testuser/scm@EXAMPLE.COM (auth:KERBEROS) for protocol=interface org.apache.hadoop.ozone.om.protocol.OzoneManagerProtocol
kdc_1       | Oct 04 19:21:23 kdc krb5kdc[9](info): AS_REQ (8 etypes {18 17 20 19 16 23 25 26}) 127.0.0.1: ISSUE: authtime 1570216883, etypes {rep=18 tkt=18 ses=18}, admin/admin@EXAMPLE.COM for kadmin/admin@EXAMPLE.COM
s3g_1       | 
scm_1       | 2019-10-04 19:36:01 INFO  Server:1849 - Auth successful for dn/445121c5a52e@EXAMPLE.COM (auth:KERBEROS)
om_1        | 2019-10-04 19:27:39 INFO  Server:1849 - Auth successful for testuser2/scm@EXAMPLE.COM (auth:KERBEROS)
kdc_1       | Oct 04 19:21:23 kdc krb5kdc[9](info): AS_REQ (8 etypes {18 17 20 19 16 23 25 26}) 127.0.0.1: SERVER_NOT_FOUND: admin/admin@EXAMPLE.COM for kadmin/localhost@EXAMPLE.COM, Server not found in Kerberos database
s3g_1       | 	at org.glassfish.jersey.servlet.WebComponent.serviceImpl(WebComponent.java:432)
scm_1       | 2019-10-04 19:36:01 INFO  ServiceAuthorizationManager:138 - Authorization successful for dn/445121c5a52e@EXAMPLE.COM (auth:KERBEROS) for protocol=interface org.apache.hadoop.ozone.protocol.StorageContainerDatanodeProtocol
om_1        | 2019-10-04 19:27:39 INFO  ServiceAuthorizationManager:138 - Authorization successful for testuser2/scm@EXAMPLE.COM (auth:KERBEROS) for protocol=interface org.apache.hadoop.ozone.om.protocol.OzoneManagerProtocol
s3g_1       | 	at org.glassfish.jersey.servlet.WebComponent.service(WebComponent.java:370)
om_1        | 2019-10-04 19:27:40 WARN  OzoneManager:1621 - User testuser2/scm@EXAMPLE.COM doesn't have LIST permission to access volume
scm_1       | 2019-10-04 19:36:01 INFO  Server:1849 - Auth successful for dn/5e0a61bda65a@EXAMPLE.COM (auth:KERBEROS)
kdc_1       | Oct 04 19:21:23 kdc krb5kdc[9](info): AS_REQ (8 etypes {18 17 20 19 16 23 25 26}) 127.0.0.1: ISSUE: authtime 1570216883, etypes {rep=18 tkt=18 ses=18}, admin/admin@EXAMPLE.COM for kadmin/admin@EXAMPLE.COM
s3g_1       | 	at org.glassfish.jersey.servlet.ServletContainer.service(ServletContainer.java:389)
om_1        | 2019-10-04 19:27:42 INFO  Server:1849 - Auth successful for testuser2/scm@EXAMPLE.COM (auth:KERBEROS)
scm_1       | 2019-10-04 19:36:01 INFO  Server:1849 - Auth successful for dn/41d26cee1c2d@EXAMPLE.COM (auth:KERBEROS)
s3g_1       | 	at org.glassfish.jersey.servlet.ServletContainer.service(ServletContainer.java:342)
kdc_1       | WARNING: no policy specified for testuser2/445121c5a52e@EXAMPLE.COM; defaulting to no policy
om_1        | 2019-10-04 19:27:42 INFO  ServiceAuthorizationManager:138 - Authorization successful for testuser2/scm@EXAMPLE.COM (auth:KERBEROS) for protocol=interface org.apache.hadoop.ozone.om.protocol.OzoneManagerProtocol
s3g_1       | 	at org.glassfish.jersey.servlet.ServletContainer.service(ServletContainer.java:229)
scm_1       | 2019-10-04 19:36:01 INFO  ServiceAuthorizationManager:138 - Authorization successful for dn/5e0a61bda65a@EXAMPLE.COM (auth:KERBEROS) for protocol=interface org.apache.hadoop.ozone.protocol.StorageContainerDatanodeProtocol
om_1        | 2019-10-04 19:27:45 INFO  Server:1849 - Auth successful for testuser2/scm@EXAMPLE.COM (auth:KERBEROS)
s3g_1       | 	at org.eclipse.jetty.servlet.ServletHolder.handle(ServletHolder.java:840)
scm_1       | 2019-10-04 19:36:01 INFO  ServiceAuthorizationManager:138 - Authorization successful for dn/41d26cee1c2d@EXAMPLE.COM (auth:KERBEROS) for protocol=interface org.apache.hadoop.ozone.protocol.StorageContainerDatanodeProtocol
kdc_1       | Principal "testuser2/445121c5a52e@EXAMPLE.COM" created.
om_1        | 2019-10-04 19:27:45 INFO  ServiceAuthorizationManager:138 - Authorization successful for testuser2/scm@EXAMPLE.COM (auth:KERBEROS) for protocol=interface org.apache.hadoop.ozone.om.protocol.OzoneManagerProtocol
s3g_1       | 	at org.eclipse.jetty.servlet.ServletHandler$CachedChain.doFilter(ServletHandler.java:1780)
scm_1       | 2019-10-04 19:36:31 INFO  Server:1849 - Auth successful for dn/445121c5a52e@EXAMPLE.COM (auth:KERBEROS)
kdc_1       | Authenticating as principal admin/admin with keytab /tmp/admin.keytab.
om_1        | 2019-10-04 19:27:48 INFO  Server:1849 - Auth successful for testuser2/scm@EXAMPLE.COM (auth:KERBEROS)
s3g_1       | 	at org.apache.hadoop.http.HttpServer2$QuotingInputFilter.doFilter(HttpServer2.java:1609)
scm_1       | 2019-10-04 19:36:31 INFO  ServiceAuthorizationManager:138 - Authorization successful for dn/445121c5a52e@EXAMPLE.COM (auth:KERBEROS) for protocol=interface org.apache.hadoop.ozone.protocol.StorageContainerDatanodeProtocol
kdc_1       | Entry for principal testuser2/445121c5a52e@EXAMPLE.COM with kvno 2, encryption type aes256-cts-hmac-sha1-96 added to keytab WRFILE:/data/testuser2.445121c5a52e.keytab.
om_1        | 2019-10-04 19:27:48 INFO  ServiceAuthorizationManager:138 - Authorization successful for testuser2/scm@EXAMPLE.COM (auth:KERBEROS) for protocol=interface org.apache.hadoop.ozone.om.protocol.OzoneManagerProtocol
s3g_1       | 	at org.eclipse.jetty.servlet.ServletHandler$CachedChain.doFilter(ServletHandler.java:1767)
scm_1       | 2019-10-04 19:36:31 INFO  Server:1849 - Auth successful for dn/5e0a61bda65a@EXAMPLE.COM (auth:KERBEROS)
kdc_1       | Entry for principal testuser2/445121c5a52e@EXAMPLE.COM with kvno 2, encryption type aes128-cts-hmac-sha1-96 added to keytab WRFILE:/data/testuser2.445121c5a52e.keytab.
om_1        | 2019-10-04 19:27:51 INFO  Server:1849 - Auth successful for testuser2/scm@EXAMPLE.COM (auth:KERBEROS)
s3g_1       | 	at org.apache.hadoop.http.NoCacheFilter.doFilter(NoCacheFilter.java:45)
scm_1       | 2019-10-04 19:36:31 INFO  ServiceAuthorizationManager:138 - Authorization successful for dn/5e0a61bda65a@EXAMPLE.COM (auth:KERBEROS) for protocol=interface org.apache.hadoop.ozone.protocol.StorageContainerDatanodeProtocol
kdc_1       | Generiting keytab
om_1        | 2019-10-04 19:27:51 INFO  ServiceAuthorizationManager:138 - Authorization successful for testuser2/scm@EXAMPLE.COM (auth:KERBEROS) for protocol=interface org.apache.hadoop.ozone.om.protocol.OzoneManagerProtocol
s3g_1       | 	at org.eclipse.jetty.servlet.ServletHandler$CachedChain.doFilter(ServletHandler.java:1767)
scm_1       | 2019-10-04 19:36:31 INFO  Server:1849 - Auth successful for dn/41d26cee1c2d@EXAMPLE.COM (auth:KERBEROS)
om_1        | 2019-10-04 19:27:51 WARN  OzoneManager:1621 - User testuser2/scm@EXAMPLE.COM doesn't have READ permission to access bucket
kdc_1       | Authenticating as principal admin/admin with keytab /tmp/admin.keytab.
s3g_1       | 	at org.eclipse.jetty.servlet.ServletHandler.doHandle(ServletHandler.java:583)
scm_1       | 2019-10-04 19:36:31 INFO  ServiceAuthorizationManager:138 - Authorization successful for dn/41d26cee1c2d@EXAMPLE.COM (auth:KERBEROS) for protocol=interface org.apache.hadoop.ozone.protocol.StorageContainerDatanodeProtocol
om_1        | 2019-10-04 19:27:54 INFO  Server:1849 - Auth successful for testuser/scm@EXAMPLE.COM (auth:KERBEROS)
kdc_1       | WARNING: no policy specified for testuser2/625da278b4b4@EXAMPLE.COM; defaulting to no policy
s3g_1       | 	at org.eclipse.jetty.server.handler.ScopedHandler.handle(ScopedHandler.java:143)
scm_1       | 2019-10-04 19:36:35 INFO  ReplicationManager:225 - Replication Monitor Thread took 1 milliseconds for processing 15 containers.
om_1        | 2019-10-04 19:27:54 INFO  ServiceAuthorizationManager:138 - Authorization successful for testuser/scm@EXAMPLE.COM (auth:KERBEROS) for protocol=interface org.apache.hadoop.ozone.om.protocol.OzoneManagerProtocol
kdc_1       | Principal "testuser2/625da278b4b4@EXAMPLE.COM" created.
s3g_1       | 	at org.eclipse.jetty.security.SecurityHandler.handle(SecurityHandler.java:548)
om_1        | 2019-10-04 19:27:56 INFO  Server:1849 - Auth successful for testuser/scm@EXAMPLE.COM (auth:KERBEROS)
kdc_1       | Authenticating as principal admin/admin with keytab /tmp/admin.keytab.
s3g_1       | 	at org.eclipse.jetty.server.session.SessionHandler.doHandle(SessionHandler.java:226)
om_1        | 2019-10-04 19:27:56 INFO  ServiceAuthorizationManager:138 - Authorization successful for testuser/scm@EXAMPLE.COM (auth:KERBEROS) for protocol=interface org.apache.hadoop.ozone.om.protocol.OzoneManagerProtocol
kdc_1       | Entry for principal testuser2/625da278b4b4@EXAMPLE.COM with kvno 2, encryption type aes256-cts-hmac-sha1-96 added to keytab WRFILE:/data/testuser2.625da278b4b4.keytab.
s3g_1       | 	at org.eclipse.jetty.server.handler.ContextHandler.doHandle(ContextHandler.java:1180)
kdc_1       | Entry for principal testuser2/625da278b4b4@EXAMPLE.COM with kvno 2, encryption type aes128-cts-hmac-sha1-96 added to keytab WRFILE:/data/testuser2.625da278b4b4.keytab.
om_1        | 2019-10-04 19:27:59 INFO  Server:1849 - Auth successful for testuser2/scm@EXAMPLE.COM (auth:KERBEROS)
s3g_1       | 	at org.eclipse.jetty.servlet.ServletHandler.doScope(ServletHandler.java:513)
kdc_1       | Generiting keytab
s3g_1       | 	at org.eclipse.jetty.server.session.SessionHandler.doScope(SessionHandler.java:185)
kdc_1       | Authenticating as principal admin/admin with keytab /tmp/admin.keytab.
s3g_1       | 	at org.eclipse.jetty.server.handler.ContextHandler.doScope(ContextHandler.java:1112)
kdc_1       | WARNING: no policy specified for s3g/scm@EXAMPLE.COM; defaulting to no policy
om_1        | 2019-10-04 19:27:59 INFO  ServiceAuthorizationManager:138 - Authorization successful for testuser2/scm@EXAMPLE.COM (auth:KERBEROS) for protocol=interface org.apache.hadoop.ozone.om.protocol.OzoneManagerProtocol
s3g_1       | 	at org.eclipse.jetty.server.handler.ScopedHandler.handle(ScopedHandler.java:141)
kdc_1       | Principal "s3g/scm@EXAMPLE.COM" created.
s3g_1       | 	at org.eclipse.jetty.server.handler.HandlerCollection.handle(HandlerCollection.java:119)
kdc_1       | Authenticating as principal admin/admin with keytab /tmp/admin.keytab.
om_1        | 2019-10-04 19:28:02 INFO  Server:1849 - Auth successful for testuser2/scm@EXAMPLE.COM (auth:KERBEROS)
s3g_1       | 	at org.eclipse.jetty.server.handler.HandlerWrapper.handle(HandlerWrapper.java:134)
om_1        | 2019-10-04 19:28:02 INFO  ServiceAuthorizationManager:138 - Authorization successful for testuser2/scm@EXAMPLE.COM (auth:KERBEROS) for protocol=interface org.apache.hadoop.ozone.om.protocol.OzoneManagerProtocol
kdc_1       | Entry for principal s3g/scm@EXAMPLE.COM with kvno 2, encryption type aes256-cts-hmac-sha1-96 added to keytab WRFILE:/data/s3g.scm.keytab.
s3g_1       | 	at org.eclipse.jetty.server.Server.handle(Server.java:539)
om_1        | 2019-10-04 19:28:33 INFO  Server:1849 - Auth successful for testuser/scm@EXAMPLE.COM (auth:KERBEROS)
kdc_1       | Entry for principal s3g/scm@EXAMPLE.COM with kvno 2, encryption type aes128-cts-hmac-sha1-96 added to keytab WRFILE:/data/s3g.scm.keytab.
s3g_1       | 	at org.eclipse.jetty.server.HttpChannel.handle(HttpChannel.java:333)
om_1        | 2019-10-04 19:28:33 INFO  ServiceAuthorizationManager:138 - Authorization successful for testuser/scm@EXAMPLE.COM (auth:KERBEROS) for protocol=interface org.apache.hadoop.ozone.om.protocol.OzoneManagerProtocol
kdc_1       | Generiting keytab
s3g_1       | 	at org.eclipse.jetty.server.HttpConnection.onFillable(HttpConnection.java:251)
om_1        | 2019-10-04 19:28:42 INFO  AWSV4AuthValidator:98 - dd5a97be6c28dc921361ec29797d78c45f13fb1c4647e6966281a9fc0d86c61a
kdc_1       | Authenticating as principal admin/admin with keytab /tmp/admin.keytab.
s3g_1       | 	at org.eclipse.jetty.io.AbstractConnection$ReadCallback.succeeded(AbstractConnection.java:283)
om_1        | 2019-10-04 19:28:42 INFO  Server:1849 - Auth successful for testuser/scm@EXAMPLE.COM (auth:TOKEN)
s3g_1       | 	at org.eclipse.jetty.io.FillInterest.fillable(FillInterest.java:108)
kdc_1       | WARNING: no policy specified for s3g/s3g@EXAMPLE.COM; defaulting to no policy
om_1        | 2019-10-04 19:28:42 INFO  ServiceAuthorizationManager:138 - Authorization successful for testuser/scm@EXAMPLE.COM (auth:TOKEN) for protocol=interface org.apache.hadoop.ozone.om.protocol.OzoneManagerProtocol
s3g_1       | 	at org.eclipse.jetty.io.SelectChannelEndPoint$2.run(SelectChannelEndPoint.java:93)
kdc_1       | Principal "s3g/s3g@EXAMPLE.COM" created.
om_1        | 2019-10-04 19:28:43 INFO  AWSV4AuthValidator:98 - dd5a97be6c28dc921361ec29797d78c45f13fb1c4647e6966281a9fc0d86c61a
s3g_1       | 	at org.eclipse.jetty.util.thread.strategy.ExecuteProduceConsume.executeProduceConsume(ExecuteProduceConsume.java:303)
kdc_1       | Authenticating as principal admin/admin with keytab /tmp/admin.keytab.
om_1        | 2019-10-04 19:28:43 INFO  Server:1849 - Auth successful for testuser/scm@EXAMPLE.COM (auth:TOKEN)
s3g_1       | 	at org.eclipse.jetty.util.thread.strategy.ExecuteProduceConsume.produceConsume(ExecuteProduceConsume.java:148)
kdc_1       | Entry for principal s3g/s3g@EXAMPLE.COM with kvno 2, encryption type aes256-cts-hmac-sha1-96 added to keytab WRFILE:/data/s3g.s3g.keytab.
om_1        | 2019-10-04 19:28:43 INFO  ServiceAuthorizationManager:138 - Authorization successful for testuser/scm@EXAMPLE.COM (auth:TOKEN) for protocol=interface org.apache.hadoop.ozone.om.protocol.OzoneManagerProtocol
s3g_1       | 	at org.eclipse.jetty.util.thread.strategy.ExecuteProduceConsume.run(ExecuteProduceConsume.java:136)
om_1        | 2019-10-04 19:28:45 ERROR OzoneDelegationTokenSecretManager:402 - Error while validating S3 identifier:OzoneToken owner=dlfknslnfslf, renewer=, realUser=, issueDate=0, maxDate=0, sequenceNumber=0, masterKeyId=0, strToSign=AWS4-HMAC-SHA256
kdc_1       | Entry for principal s3g/s3g@EXAMPLE.COM with kvno 2, encryption type aes128-cts-hmac-sha1-96 added to keytab WRFILE:/data/s3g.s3g.keytab.
s3g_1       | 	at org.eclipse.jetty.util.thread.QueuedThreadPool.runJob(QueuedThreadPool.java:671)
om_1        | 20191004T192845Z
s3g_1       | 	at org.eclipse.jetty.util.thread.QueuedThreadPool$2.run(QueuedThreadPool.java:589)
om_1        | 20191004/us-west-1/s3/aws4_request
s3g_1       | 	at java.base/java.lang.Thread.run(Thread.java:834)
kdc_1       | Generiting keytab
s3g_1       | Caused by: A MultiException has 1 exceptions.  They are:
om_1        | 3f826466ad103a6668d0e88df9887c20ec05e7d1c6a673faf6c126c8168338d1, signature=e68e5e9f71cd59aee060cf7ab7d0df1c2690241c66f2ee19387e7096f05d6967, awsAccessKeyId=dlfknslnfslf
kdc_1       | Authenticating as principal admin/admin with keytab /tmp/admin.keytab.
s3g_1       | 1. javax.enterprise.inject.CreationException
kdc_1       | WARNING: no policy specified for s3g/5e0a61bda65a@EXAMPLE.COM; defaulting to no policy
om_1        | org.apache.hadoop.ozone.security.OzoneSecurityException: S3 secret not found for awsAccessKeyId dlfknslnfslf
s3g_1       | 
om_1        | 	at org.apache.hadoop.ozone.om.S3SecretManagerImpl.getS3UserSecretString(S3SecretManagerImpl.java:94)
kdc_1       | Principal "s3g/5e0a61bda65a@EXAMPLE.COM" created.
s3g_1       | 	at org.jvnet.hk2.internal.SystemDescriptor.create(SystemDescriptor.java:494)
om_1        | 	at org.apache.hadoop.ozone.security.OzoneDelegationTokenSecretManager.validateS3Token(OzoneDelegationTokenSecretManager.java:399)
kdc_1       | Authenticating as principal admin/admin with keytab /tmp/admin.keytab.
s3g_1       | 	at org.jvnet.hk2.internal.PerLookupContext.findOrCreate(PerLookupContext.java:70)
om_1        | 	at org.apache.hadoop.ozone.security.OzoneDelegationTokenSecretManager.retrievePassword(OzoneDelegationTokenSecretManager.java:347)
kdc_1       | Entry for principal s3g/5e0a61bda65a@EXAMPLE.COM with kvno 2, encryption type aes256-cts-hmac-sha1-96 added to keytab WRFILE:/data/s3g.5e0a61bda65a.keytab.
s3g_1       | 	at org.jvnet.hk2.internal.Utilities.createService(Utilities.java:2126)
om_1        | 	at org.apache.hadoop.ozone.security.OzoneDelegationTokenSecretManager.retrievePassword(OzoneDelegationTokenSecretManager.java:56)
kdc_1       | Entry for principal s3g/5e0a61bda65a@EXAMPLE.COM with kvno 2, encryption type aes128-cts-hmac-sha1-96 added to keytab WRFILE:/data/s3g.5e0a61bda65a.keytab.
s3g_1       | 	at org.jvnet.hk2.internal.ServiceLocatorImpl.internalGetService(ServiceLocatorImpl.java:777)
om_1        | 	at org.apache.hadoop.security.token.SecretManager.retriableRetrievePassword(SecretManager.java:91)
kdc_1       | Generiting keytab
om_1        | 	at org.apache.hadoop.security.SaslRpcServer$SaslDigestCallbackHandler.getPassword(SaslRpcServer.java:277)
s3g_1       | 	at org.jvnet.hk2.internal.ServiceLocatorImpl.internalGetService(ServiceLocatorImpl.java:740)
kdc_1       | Authenticating as principal admin/admin with keytab /tmp/admin.keytab.
s3g_1       | 	at org.jvnet.hk2.internal.ServiceLocatorImpl.getService(ServiceLocatorImpl.java:710)
om_1        | 	at org.apache.hadoop.security.SaslRpcServer$SaslDigestCallbackHandler.handle(SaslRpcServer.java:304)
kdc_1       | WARNING: no policy specified for s3g/om@EXAMPLE.COM; defaulting to no policy
s3g_1       | 	at org.glassfish.jersey.inject.hk2.AbstractHk2InjectionManager.getInstance(AbstractHk2InjectionManager.java:184)
om_1        | 	at java.security.sasl/com.sun.security.sasl.digest.DigestMD5Server.validateClientResponse(DigestMD5Server.java:589)
kdc_1       | Principal "s3g/om@EXAMPLE.COM" created.
s3g_1       | 	at org.glassfish.jersey.inject.hk2.ImmediateHk2InjectionManager.getInstance(ImmediateHk2InjectionManager.java:54)
om_1        | 	at java.security.sasl/com.sun.security.sasl.digest.DigestMD5Server.evaluateResponse(DigestMD5Server.java:244)
kdc_1       | Authenticating as principal admin/admin with keytab /tmp/admin.keytab.
s3g_1       | 	at org.glassfish.jersey.internal.inject.Injections.getOrCreate(Injections.java:129)
kdc_1       | Entry for principal s3g/om@EXAMPLE.COM with kvno 2, encryption type aes256-cts-hmac-sha1-96 added to keytab WRFILE:/data/s3g.om.keytab.
om_1        | 	at org.apache.hadoop.ipc.Server$Connection.processSaslToken(Server.java:1955)
s3g_1       | 	at org.glassfish.jersey.server.model.MethodHandler$ClassBasedMethodHandler.getInstance(MethodHandler.java:284)
om_1        | 	at org.apache.hadoop.ipc.Server$Connection.processSaslMessage(Server.java:1932)
kdc_1       | Entry for principal s3g/om@EXAMPLE.COM with kvno 2, encryption type aes128-cts-hmac-sha1-96 added to keytab WRFILE:/data/s3g.om.keytab.
om_1        | 	at org.apache.hadoop.ipc.Server$Connection.saslProcess(Server.java:1825)
kdc_1       | Generiting keytab
s3g_1       | 	at org.glassfish.jersey.server.internal.routing.PushMethodHandlerRouter.apply(PushMethodHandlerRouter.java:75)
om_1        | 	at org.apache.hadoop.ipc.Server$Connection.saslReadAndProcess(Server.java:1767)
kdc_1       | Authenticating as principal admin/admin with keytab /tmp/admin.keytab.
s3g_1       | 	at org.glassfish.jersey.server.internal.routing.RoutingStage._apply(RoutingStage.java:110)
om_1        | 	at org.apache.hadoop.ipc.Server$Connection.processRpcOutOfBandRequest(Server.java:2532)
kdc_1       | WARNING: no policy specified for s3g/41d26cee1c2d@EXAMPLE.COM; defaulting to no policy
s3g_1       | 	at org.glassfish.jersey.server.internal.routing.RoutingStage._apply(RoutingStage.java:113)
om_1        | 	at org.apache.hadoop.ipc.Server$Connection.processOneRpc(Server.java:2360)
kdc_1       | Principal "s3g/41d26cee1c2d@EXAMPLE.COM" created.
s3g_1       | 	at org.glassfish.jersey.server.internal.routing.RoutingStage._apply(RoutingStage.java:113)
om_1        | 	at org.apache.hadoop.ipc.Server$Connection.readAndProcess(Server.java:2109)
kdc_1       | Authenticating as principal admin/admin with keytab /tmp/admin.keytab.
s3g_1       | 	at org.glassfish.jersey.server.internal.routing.RoutingStage._apply(RoutingStage.java:113)
om_1        | 	at org.apache.hadoop.ipc.Server$Listener.doRead(Server.java:1249)
kdc_1       | Entry for principal s3g/41d26cee1c2d@EXAMPLE.COM with kvno 2, encryption type aes256-cts-hmac-sha1-96 added to keytab WRFILE:/data/s3g.41d26cee1c2d.keytab.
s3g_1       | 	at org.glassfish.jersey.server.internal.routing.RoutingStage.apply(RoutingStage.java:93)
om_1        | 	at org.apache.hadoop.ipc.Server$Listener$Reader.doRunLoop(Server.java:1105)
kdc_1       | Entry for principal s3g/41d26cee1c2d@EXAMPLE.COM with kvno 2, encryption type aes128-cts-hmac-sha1-96 added to keytab WRFILE:/data/s3g.41d26cee1c2d.keytab.
s3g_1       | 	at org.glassfish.jersey.server.internal.routing.RoutingStage.apply(RoutingStage.java:62)
om_1        | 	at org.apache.hadoop.ipc.Server$Listener$Reader.run(Server.java:1076)
kdc_1       | Generiting keytab
s3g_1       | 	at org.glassfish.jersey.process.internal.Stages.process(Stages.java:197)
om_1        | 2019-10-04 19:28:45 WARN  Server:1833 - Auth failed for 172.18.0.4:60216:null (DIGEST-MD5: IO error acquiring password) with true cause: (No S3 secret found for S3 identifier:OzoneToken owner=dlfknslnfslf, renewer=, realUser=, issueDate=0, maxDate=0, sequenceNumber=0, masterKeyId=0, strToSign=AWS4-HMAC-SHA256
kdc_1       | Authenticating as principal admin/admin with keytab /tmp/admin.keytab.
s3g_1       | 	at org.glassfish.jersey.server.ServerRuntime$1.run(ServerRuntime.java:269)
kdc_1       | WARNING: no policy specified for s3g/445121c5a52e@EXAMPLE.COM; defaulting to no policy
om_1        | 20191004T192845Z
s3g_1       | 	at org.glassfish.jersey.internal.Errors$1.call(Errors.java:272)
kdc_1       | Principal "s3g/445121c5a52e@EXAMPLE.COM" created.
om_1        | 20191004/us-west-1/s3/aws4_request
s3g_1       | 	at org.glassfish.jersey.internal.Errors$1.call(Errors.java:268)
kdc_1       | Authenticating as principal admin/admin with keytab /tmp/admin.keytab.
om_1        | 3f826466ad103a6668d0e88df9887c20ec05e7d1c6a673faf6c126c8168338d1, signature=e68e5e9f71cd59aee060cf7ab7d0df1c2690241c66f2ee19387e7096f05d6967, awsAccessKeyId=dlfknslnfslf)
s3g_1       | 	at org.glassfish.jersey.internal.Errors.process(Errors.java:316)
kdc_1       | Entry for principal s3g/445121c5a52e@EXAMPLE.COM with kvno 2, encryption type aes256-cts-hmac-sha1-96 added to keytab WRFILE:/data/s3g.445121c5a52e.keytab.
om_1        | 2019-10-04 19:28:45 ERROR OzoneDelegationTokenSecretManager:402 - Error while validating S3 identifier:OzoneToken owner=dlfknslnfslf, renewer=, realUser=, issueDate=0, maxDate=0, sequenceNumber=0, masterKeyId=0, strToSign=AWS4-HMAC-SHA256
s3g_1       | 	at org.glassfish.jersey.internal.Errors.process(Errors.java:298)
kdc_1       | Entry for principal s3g/445121c5a52e@EXAMPLE.COM with kvno 2, encryption type aes128-cts-hmac-sha1-96 added to keytab WRFILE:/data/s3g.445121c5a52e.keytab.
om_1        | 20191004T192845Z
s3g_1       | 	at org.glassfish.jersey.internal.Errors.process(Errors.java:268)
kdc_1       | Generiting keytab
om_1        | 20191004/us-west-1/s3/aws4_request
s3g_1       | 	at org.glassfish.jersey.process.internal.RequestScope.runInScope(RequestScope.java:289)
kdc_1       | Authenticating as principal admin/admin with keytab /tmp/admin.keytab.
s3g_1       | 	at org.glassfish.jersey.server.ServerRuntime.process(ServerRuntime.java:256)
om_1        | 3f826466ad103a6668d0e88df9887c20ec05e7d1c6a673faf6c126c8168338d1, signature=e68e5e9f71cd59aee060cf7ab7d0df1c2690241c66f2ee19387e7096f05d6967, awsAccessKeyId=dlfknslnfslf
kdc_1       | WARNING: no policy specified for s3g/625da278b4b4@EXAMPLE.COM; defaulting to no policy
s3g_1       | 	at org.glassfish.jersey.server.ApplicationHandler.handle(ApplicationHandler.java:703)
om_1        | org.apache.hadoop.ozone.security.OzoneSecurityException: S3 secret not found for awsAccessKeyId dlfknslnfslf
s3g_1       | 	at org.glassfish.jersey.servlet.WebComponent.serviceImpl(WebComponent.java:416)
kdc_1       | Principal "s3g/625da278b4b4@EXAMPLE.COM" created.
om_1        | 	at org.apache.hadoop.ozone.om.S3SecretManagerImpl.getS3UserSecretString(S3SecretManagerImpl.java:94)
s3g_1       | 	... 33 more
kdc_1       | Authenticating as principal admin/admin with keytab /tmp/admin.keytab.
om_1        | 	at org.apache.hadoop.ozone.security.OzoneDelegationTokenSecretManager.validateS3Token(OzoneDelegationTokenSecretManager.java:399)
s3g_1       | Caused by: javax.enterprise.inject.CreationException
kdc_1       | Entry for principal s3g/625da278b4b4@EXAMPLE.COM with kvno 2, encryption type aes256-cts-hmac-sha1-96 added to keytab WRFILE:/data/s3g.625da278b4b4.keytab.
om_1        | 	at org.apache.hadoop.ozone.security.OzoneDelegationTokenSecretManager.retrievePassword(OzoneDelegationTokenSecretManager.java:347)
s3g_1       | 	at java.base/jdk.internal.reflect.NativeConstructorAccessorImpl.newInstance0(Native Method)
kdc_1       | Entry for principal s3g/625da278b4b4@EXAMPLE.COM with kvno 2, encryption type aes128-cts-hmac-sha1-96 added to keytab WRFILE:/data/s3g.625da278b4b4.keytab.
om_1        | 	at org.apache.hadoop.ozone.security.OzoneDelegationTokenSecretManager.retrievePassword(OzoneDelegationTokenSecretManager.java:56)
s3g_1       | 	at java.base/jdk.internal.reflect.NativeConstructorAccessorImpl.newInstance(NativeConstructorAccessorImpl.java:62)
om_1        | 	at org.apache.hadoop.security.token.SecretManager.retriableRetrievePassword(SecretManager.java:91)
s3g_1       | 	at java.base/jdk.internal.reflect.DelegatingConstructorAccessorImpl.newInstance(DelegatingConstructorAccessorImpl.java:45)
kdc_1       | Oct 04 19:21:23 kdc krb5kdc[9](info): AS_REQ (8 etypes {18 17 20 19 16 23 25 26}) 127.0.0.1: SERVER_NOT_FOUND: admin/admin@EXAMPLE.COM for kadmin/localhost@EXAMPLE.COM, Server not found in Kerberos database
om_1        | 	at org.apache.hadoop.security.SaslRpcServer$SaslDigestCallbackHandler.getPassword(SaslRpcServer.java:277)
kdc_1       | Oct 04 19:21:23 kdc krb5kdc[9](info): AS_REQ (8 etypes {18 17 20 19 16 23 25 26}) 127.0.0.1: ISSUE: authtime 1570216883, etypes {rep=18 tkt=18 ses=18}, admin/admin@EXAMPLE.COM for kadmin/admin@EXAMPLE.COM
om_1        | 	at org.apache.hadoop.security.SaslRpcServer$SaslDigestCallbackHandler.handle(SaslRpcServer.java:304)
kdc_1       | Oct 04 19:21:23 kdc krb5kdc[9](info): AS_REQ (8 etypes {18 17 20 19 16 23 25 26}) 127.0.0.1: SERVER_NOT_FOUND: admin/admin@EXAMPLE.COM for kadmin/localhost@EXAMPLE.COM, Server not found in Kerberos database
s3g_1       | 	at java.base/java.lang.reflect.Constructor.newInstance(Constructor.java:490)
om_1        | 	at java.security.sasl/com.sun.security.sasl.digest.DigestMD5Server.validateClientResponse(DigestMD5Server.java:589)
kdc_1       | Oct 04 19:21:23 kdc krb5kdc[9](info): AS_REQ (8 etypes {18 17 20 19 16 23 25 26}) 127.0.0.1: ISSUE: authtime 1570216883, etypes {rep=18 tkt=18 ses=18}, admin/admin@EXAMPLE.COM for kadmin/admin@EXAMPLE.COM
s3g_1       | 	at java.base/java.lang.Class.newInstance(Class.java:584)
om_1        | 	at java.security.sasl/com.sun.security.sasl.digest.DigestMD5Server.evaluateResponse(DigestMD5Server.java:244)
s3g_1       | 	at org.jboss.weld.security.NewInstanceAction.run(NewInstanceAction.java:33)
kdc_1       | Oct 04 19:21:23 kdc krb5kdc[9](info): AS_REQ (8 etypes {18 17 20 19 16 23 25 26}) 127.0.0.1: SERVER_NOT_FOUND: admin/admin@EXAMPLE.COM for kadmin/localhost@EXAMPLE.COM, Server not found in Kerberos database
om_1        | 	at org.apache.hadoop.ipc.Server$Connection.processSaslToken(Server.java:1955)
kdc_1       | Oct 04 19:21:23 kdc krb5kdc[9](info): AS_REQ (8 etypes {18 17 20 19 16 23 25 26}) 127.0.0.1: ISSUE: authtime 1570216883, etypes {rep=18 tkt=18 ses=18}, admin/admin@EXAMPLE.COM for kadmin/admin@EXAMPLE.COM
s3g_1       | 	at java.base/java.security.AccessController.doPrivileged(Native Method)
om_1        | 	at org.apache.hadoop.ipc.Server$Connection.processSaslMessage(Server.java:1932)
kdc_1       | Oct 04 19:21:23 kdc krb5kdc[9](info): AS_REQ (8 etypes {18 17 20 19 16 23 25 26}) 127.0.0.1: SERVER_NOT_FOUND: admin/admin@EXAMPLE.COM for kadmin/localhost@EXAMPLE.COM, Server not found in Kerberos database
s3g_1       | 	at org.jboss.weld.injection.Exceptions.rethrowException(Exceptions.java:40)
om_1        | 	at org.apache.hadoop.ipc.Server$Connection.saslProcess(Server.java:1825)
kdc_1       | Oct 04 19:21:23 kdc krb5kdc[9](info): AS_REQ (8 etypes {18 17 20 19 16 23 25 26}) 127.0.0.1: ISSUE: authtime 1570216883, etypes {rep=18 tkt=18 ses=18}, admin/admin@EXAMPLE.COM for kadmin/admin@EXAMPLE.COM
s3g_1       | 	at org.jboss.weld.injection.Exceptions.rethrowException(Exceptions.java:78)
om_1        | 	at org.apache.hadoop.ipc.Server$Connection.saslReadAndProcess(Server.java:1767)
kdc_1       | Oct 04 19:21:23 kdc krb5kdc[9](info): AS_REQ (8 etypes {18 17 20 19 16 23 25 26}) 127.0.0.1: SERVER_NOT_FOUND: admin/admin@EXAMPLE.COM for kadmin/localhost@EXAMPLE.COM, Server not found in Kerberos database
s3g_1       | 	at org.jboss.weld.injection.StaticMethodInjectionPoint.invoke(StaticMethodInjectionPoint.java:96)
om_1        | 	at org.apache.hadoop.ipc.Server$Connection.processRpcOutOfBandRequest(Server.java:2532)
s3g_1       | 	at org.jboss.weld.injection.StaticMethodInjectionPoint.invoke(StaticMethodInjectionPoint.java:78)
om_1        | 	at org.apache.hadoop.ipc.Server$Connection.processOneRpc(Server.java:2360)
s3g_1       | 	at org.jboss.weld.injection.producer.ProducerMethodProducer.produce(ProducerMethodProducer.java:100)
kdc_1       | Oct 04 19:21:23 kdc krb5kdc[9](info): AS_REQ (8 etypes {18 17 20 19 16 23 25 26}) 127.0.0.1: ISSUE: authtime 1570216883, etypes {rep=18 tkt=18 ses=18}, admin/admin@EXAMPLE.COM for kadmin/admin@EXAMPLE.COM
om_1        | 	at org.apache.hadoop.ipc.Server$Connection.readAndProcess(Server.java:2109)
s3g_1       | 	at org.jboss.weld.injection.producer.AbstractMemberProducer.produce(AbstractMemberProducer.java:161)
kdc_1       | Oct 04 19:21:23 kdc krb5kdc[9](info): AS_REQ (8 etypes {18 17 20 19 16 23 25 26}) 127.0.0.1: SERVER_NOT_FOUND: admin/admin@EXAMPLE.COM for kadmin/localhost@EXAMPLE.COM, Server not found in Kerberos database
om_1        | 	at org.apache.hadoop.ipc.Server$Listener.doRead(Server.java:1249)
s3g_1       | 	at org.jboss.weld.bean.AbstractProducerBean.create(AbstractProducerBean.java:180)
kdc_1       | Oct 04 19:21:23 kdc krb5kdc[9](info): AS_REQ (8 etypes {18 17 20 19 16 23 25 26}) 127.0.0.1: ISSUE: authtime 1570216883, etypes {rep=18 tkt=18 ses=18}, admin/admin@EXAMPLE.COM for kadmin/admin@EXAMPLE.COM
om_1        | 	at org.apache.hadoop.ipc.Server$Listener$Reader.doRunLoop(Server.java:1105)
kdc_1       | Oct 04 19:21:23 kdc krb5kdc[9](info): AS_REQ (8 etypes {18 17 20 19 16 23 25 26}) 127.0.0.1: SERVER_NOT_FOUND: admin/admin@EXAMPLE.COM for kadmin/localhost@EXAMPLE.COM, Server not found in Kerberos database
om_1        | 	at org.apache.hadoop.ipc.Server$Listener$Reader.run(Server.java:1076)
s3g_1       | 	at org.jboss.weld.context.unbound.DependentContextImpl.get(DependentContextImpl.java:70)
kdc_1       | Oct 04 19:21:23 kdc krb5kdc[9](info): AS_REQ (8 etypes {18 17 20 19 16 23 25 26}) 127.0.0.1: ISSUE: authtime 1570216883, etypes {rep=18 tkt=18 ses=18}, admin/admin@EXAMPLE.COM for kadmin/admin@EXAMPLE.COM
om_1        | 2019-10-04 19:28:45 WARN  Server:1833 - Auth failed for 172.18.0.4:60218:null (DIGEST-MD5: IO error acquiring password) with true cause: (No S3 secret found for S3 identifier:OzoneToken owner=dlfknslnfslf, renewer=, realUser=, issueDate=0, maxDate=0, sequenceNumber=0, masterKeyId=0, strToSign=AWS4-HMAC-SHA256
kdc_1       | Oct 04 19:21:23 kdc krb5kdc[9](info): AS_REQ (8 etypes {18 17 20 19 16 23 25 26}) 127.0.0.1: SERVER_NOT_FOUND: admin/admin@EXAMPLE.COM for kadmin/localhost@EXAMPLE.COM, Server not found in Kerberos database
s3g_1       | 	at org.jboss.weld.bean.ContextualInstanceStrategy$DefaultContextualInstanceStrategy.get(ContextualInstanceStrategy.java:100)
om_1        | 20191004T192845Z
kdc_1       | Oct 04 19:21:23 kdc krb5kdc[9](info): AS_REQ (8 etypes {18 17 20 19 16 23 25 26}) 127.0.0.1: ISSUE: authtime 1570216883, etypes {rep=18 tkt=18 ses=18}, admin/admin@EXAMPLE.COM for kadmin/admin@EXAMPLE.COM
s3g_1       | 	at org.jboss.weld.bean.ContextualInstance.get(ContextualInstance.java:50)
om_1        | 20191004/us-west-1/s3/aws4_request
s3g_1       | 	at org.jboss.weld.manager.BeanManagerImpl.getReference(BeanManagerImpl.java:785)
om_1        | 3f826466ad103a6668d0e88df9887c20ec05e7d1c6a673faf6c126c8168338d1, signature=e68e5e9f71cd59aee060cf7ab7d0df1c2690241c66f2ee19387e7096f05d6967, awsAccessKeyId=dlfknslnfslf)
kdc_1       | Oct 04 19:21:23 kdc krb5kdc[9](info): AS_REQ (8 etypes {18 17 20 19 16 23 25 26}) 127.0.0.1: SERVER_NOT_FOUND: admin/admin@EXAMPLE.COM for kadmin/localhost@EXAMPLE.COM, Server not found in Kerberos database
s3g_1       | 	at org.jboss.weld.manager.BeanManagerImpl.getInjectableReference(BeanManagerImpl.java:885)
om_1        | 2019-10-04 19:28:45 ERROR OzoneDelegationTokenSecretManager:402 - Error while validating S3 identifier:OzoneToken owner=dlfknslnfslf, renewer=, realUser=, issueDate=0, maxDate=0, sequenceNumber=0, masterKeyId=0, strToSign=AWS4-HMAC-SHA256
kdc_1       | Oct 04 19:21:23 kdc krb5kdc[9](info): AS_REQ (8 etypes {18 17 20 19 16 23 25 26}) 127.0.0.1: ISSUE: authtime 1570216883, etypes {rep=18 tkt=18 ses=18}, admin/admin@EXAMPLE.COM for kadmin/admin@EXAMPLE.COM
s3g_1       | 	at org.jboss.weld.injection.FieldInjectionPoint.inject(FieldInjectionPoint.java:92)
om_1        | 20191004T192845Z
kdc_1       | Oct 04 19:21:23 kdc krb5kdc[9](info): AS_REQ (8 etypes {18 17 20 19 16 23 25 26}) 127.0.0.1: SERVER_NOT_FOUND: admin/admin@EXAMPLE.COM for kadmin/localhost@EXAMPLE.COM, Server not found in Kerberos database
s3g_1       | 	at org.jboss.weld.util.Beans.injectBoundFields(Beans.java:358)
om_1        | 20191004/us-west-1/s3/aws4_request
kdc_1       | Oct 04 19:21:23 kdc krb5kdc[9](info): AS_REQ (8 etypes {18 17 20 19 16 23 25 26}) 127.0.0.1: ISSUE: authtime 1570216883, etypes {rep=18 tkt=18 ses=18}, admin/admin@EXAMPLE.COM for kadmin/admin@EXAMPLE.COM
s3g_1       | 	at org.jboss.weld.util.Beans.injectFieldsAndInitializers(Beans.java:369)
om_1        | 3f826466ad103a6668d0e88df9887c20ec05e7d1c6a673faf6c126c8168338d1, signature=e68e5e9f71cd59aee060cf7ab7d0df1c2690241c66f2ee19387e7096f05d6967, awsAccessKeyId=dlfknslnfslf
kdc_1       | Oct 04 19:21:23 kdc krb5kdc[9](info): AS_REQ (8 etypes {18 17 20 19 16 23 25 26}) 127.0.0.1: SERVER_NOT_FOUND: admin/admin@EXAMPLE.COM for kadmin/localhost@EXAMPLE.COM, Server not found in Kerberos database
s3g_1       | 	at org.jboss.weld.injection.producer.ResourceInjector$1.proceed(ResourceInjector.java:70)
om_1        | org.apache.hadoop.ozone.security.OzoneSecurityException: S3 secret not found for awsAccessKeyId dlfknslnfslf
kdc_1       | Oct 04 19:21:23 kdc krb5kdc[9](info): AS_REQ (8 etypes {18 17 20 19 16 23 25 26}) 127.0.0.1: ISSUE: authtime 1570216883, etypes {rep=18 tkt=18 ses=18}, admin/admin@EXAMPLE.COM for kadmin/admin@EXAMPLE.COM
s3g_1       | 	at org.jboss.weld.injection.InjectionContextImpl.run(InjectionContextImpl.java:48)
om_1        | 	at org.apache.hadoop.ozone.om.S3SecretManagerImpl.getS3UserSecretString(S3SecretManagerImpl.java:94)
kdc_1       | Oct 04 19:21:24 kdc krb5kdc[9](info): AS_REQ (8 etypes {18 17 20 19 16 23 25 26}) 127.0.0.1: SERVER_NOT_FOUND: admin/admin@EXAMPLE.COM for kadmin/localhost@EXAMPLE.COM, Server not found in Kerberos database
om_1        | 	at org.apache.hadoop.ozone.security.OzoneDelegationTokenSecretManager.validateS3Token(OzoneDelegationTokenSecretManager.java:399)
s3g_1       | 	at org.jboss.weld.injection.producer.ResourceInjector.inject(ResourceInjector.java:72)
kdc_1       | Oct 04 19:21:24 kdc krb5kdc[9](info): AS_REQ (8 etypes {18 17 20 19 16 23 25 26}) 127.0.0.1: ISSUE: authtime 1570216884, etypes {rep=18 tkt=18 ses=18}, admin/admin@EXAMPLE.COM for kadmin/admin@EXAMPLE.COM
om_1        | 	at org.apache.hadoop.ozone.security.OzoneDelegationTokenSecretManager.retrievePassword(OzoneDelegationTokenSecretManager.java:347)
s3g_1       | 	at org.jboss.weld.injection.producer.BasicInjectionTarget.inject(BasicInjectionTarget.java:117)
kdc_1       | Oct 04 19:21:24 kdc krb5kdc[9](info): AS_REQ (8 etypes {18 17 20 19 16 23 25 26}) 127.0.0.1: SERVER_NOT_FOUND: admin/admin@EXAMPLE.COM for kadmin/localhost@EXAMPLE.COM, Server not found in Kerberos database
s3g_1       | 	at org.glassfish.jersey.ext.cdi1x.internal.CdiComponentProvider$InjectionManagerInjectedCdiTarget.inject(CdiComponentProvider.java:873)
kdc_1       | Oct 04 19:21:24 kdc krb5kdc[9](info): AS_REQ (8 etypes {18 17 20 19 16 23 25 26}) 127.0.0.1: ISSUE: authtime 1570216884, etypes {rep=18 tkt=18 ses=18}, admin/admin@EXAMPLE.COM for kadmin/admin@EXAMPLE.COM
om_1        | 	at org.apache.hadoop.ozone.security.OzoneDelegationTokenSecretManager.retrievePassword(OzoneDelegationTokenSecretManager.java:56)
s3g_1       | 	at org.jboss.weld.bean.ManagedBean.create(ManagedBean.java:159)
kdc_1       | Oct 04 19:21:24 kdc krb5kdc[9](info): AS_REQ (8 etypes {18 17 20 19 16 23 25 26}) 127.0.0.1: SERVER_NOT_FOUND: admin/admin@EXAMPLE.COM for kadmin/localhost@EXAMPLE.COM, Server not found in Kerberos database
om_1        | 	at org.apache.hadoop.security.token.SecretManager.retriableRetrievePassword(SecretManager.java:91)
s3g_1       | 	at org.jboss.weld.context.unbound.DependentContextImpl.get(DependentContextImpl.java:70)
kdc_1       | Oct 04 19:21:24 kdc krb5kdc[9](info): AS_REQ (8 etypes {18 17 20 19 16 23 25 26}) 127.0.0.1: ISSUE: authtime 1570216884, etypes {rep=18 tkt=18 ses=18}, admin/admin@EXAMPLE.COM for kadmin/admin@EXAMPLE.COM
om_1        | 	at org.apache.hadoop.security.SaslRpcServer$SaslDigestCallbackHandler.getPassword(SaslRpcServer.java:277)
s3g_1       | 	at org.jboss.weld.bean.ContextualInstanceStrategy$DefaultContextualInstanceStrategy.get(ContextualInstanceStrategy.java:100)
kdc_1       | Oct 04 19:21:24 kdc krb5kdc[9](info): AS_REQ (8 etypes {18 17 20 19 16 23 25 26}) 127.0.0.1: SERVER_NOT_FOUND: admin/admin@EXAMPLE.COM for kadmin/localhost@EXAMPLE.COM, Server not found in Kerberos database
om_1        | 	at org.apache.hadoop.security.SaslRpcServer$SaslDigestCallbackHandler.handle(SaslRpcServer.java:304)
s3g_1       | 	at org.jboss.weld.bean.ContextualInstance.get(ContextualInstance.java:50)
kdc_1       | Oct 04 19:21:24 kdc krb5kdc[9](info): AS_REQ (8 etypes {18 17 20 19 16 23 25 26}) 127.0.0.1: ISSUE: authtime 1570216884, etypes {rep=18 tkt=18 ses=18}, admin/admin@EXAMPLE.COM for kadmin/admin@EXAMPLE.COM
kdc_1       | Oct 04 19:21:24 kdc krb5kdc[9](info): AS_REQ (8 etypes {18 17 20 19 16 23 25 26}) 127.0.0.1: SERVER_NOT_FOUND: admin/admin@EXAMPLE.COM for kadmin/localhost@EXAMPLE.COM, Server not found in Kerberos database
kdc_1       | Oct 04 19:21:24 kdc krb5kdc[9](info): AS_REQ (8 etypes {18 17 20 19 16 23 25 26}) 127.0.0.1: ISSUE: authtime 1570216884, etypes {rep=18 tkt=18 ses=18}, admin/admin@EXAMPLE.COM for kadmin/admin@EXAMPLE.COM
kdc_1       | Oct 04 19:21:24 kdc krb5kdc[9](info): AS_REQ (8 etypes {18 17 20 19 16 23 25 26}) 127.0.0.1: SERVER_NOT_FOUND: admin/admin@EXAMPLE.COM for kadmin/localhost@EXAMPLE.COM, Server not found in Kerberos database
s3g_1       | 	at org.jboss.weld.manager.BeanManagerImpl.getReference(BeanManagerImpl.java:785)
om_1        | 	at java.security.sasl/com.sun.security.sasl.digest.DigestMD5Server.validateClientResponse(DigestMD5Server.java:589)
kdc_1       | Oct 04 19:21:24 kdc krb5kdc[9](info): AS_REQ (8 etypes {18 17 20 19 16 23 25 26}) 127.0.0.1: ISSUE: authtime 1570216884, etypes {rep=18 tkt=18 ses=18}, admin/admin@EXAMPLE.COM for kadmin/admin@EXAMPLE.COM
om_1        | 	at java.security.sasl/com.sun.security.sasl.digest.DigestMD5Server.evaluateResponse(DigestMD5Server.java:244)
kdc_1       | Oct 04 19:21:25 kdc krb5kdc[9](info): AS_REQ (8 etypes {18 17 20 19 16 23 25 26}) 172.18.0.3: ISSUE: authtime 1570216885, etypes {rep=18 tkt=18 ses=18}, HTTP/scm@EXAMPLE.COM for krbtgt/EXAMPLE.COM@EXAMPLE.COM
s3g_1       | 	at org.jboss.weld.manager.BeanManagerImpl.getReference(BeanManagerImpl.java:808)
om_1        | 	at org.apache.hadoop.ipc.Server$Connection.processSaslToken(Server.java:1955)
kdc_1       | Oct 04 19:21:26 kdc krb5kdc[9](info): AS_REQ (2 etypes {18 17}) 172.18.0.5: ISSUE: authtime 1570216886, etypes {rep=18 tkt=18 ses=18}, dn/5e0a61bda65a@EXAMPLE.COM for krbtgt/EXAMPLE.COM@EXAMPLE.COM
s3g_1       | 	at org.jboss.weld.util.ForwardingBeanManager.getReference(ForwardingBeanManager.java:61)
om_1        | 	at org.apache.hadoop.ipc.Server$Connection.processSaslMessage(Server.java:1932)
s3g_1       | 	at org.jboss.weld.bean.builtin.BeanManagerProxy.getReference(BeanManagerProxy.java:85)
kdc_1       | Oct 04 19:21:26 kdc krb5kdc[9](info): AS_REQ (2 etypes {18 17}) 172.18.0.8: ISSUE: authtime 1570216886, etypes {rep=18 tkt=18 ses=18}, dn/41d26cee1c2d@EXAMPLE.COM for krbtgt/EXAMPLE.COM@EXAMPLE.COM
om_1        | 	at org.apache.hadoop.ipc.Server$Connection.saslProcess(Server.java:1825)
s3g_1       | 	at org.glassfish.jersey.ext.cdi1x.internal.CdiUtil.getBeanReference(CdiUtil.java:151)
kdc_1       | Oct 04 19:21:26 kdc krb5kdc[9](info): AS_REQ (2 etypes {18 17}) 172.18.0.7: ISSUE: authtime 1570216886, etypes {rep=18 tkt=18 ses=18}, om/om@EXAMPLE.COM for krbtgt/EXAMPLE.COM@EXAMPLE.COM
s3g_1       | 	at org.glassfish.jersey.ext.cdi1x.internal.AbstractCdiBeanSupplier$1.getInstance(AbstractCdiBeanSupplier.java:93)
om_1        | 	at org.apache.hadoop.ipc.Server$Connection.saslReadAndProcess(Server.java:1767)
kdc_1       | Oct 04 19:21:26 kdc krb5kdc[9](info): AS_REQ (2 etypes {18 17}) 172.18.0.10: ISSUE: authtime 1570216886, etypes {rep=18 tkt=18 ses=18}, dn/445121c5a52e@EXAMPLE.COM for krbtgt/EXAMPLE.COM@EXAMPLE.COM
s3g_1       | 	at org.glassfish.jersey.ext.cdi1x.internal.AbstractCdiBeanSupplier._provide(AbstractCdiBeanSupplier.java:127)
kdc_1       | Oct 04 19:21:26 kdc krb5kdc[9](info): AS_REQ (2 etypes {18 17}) 172.18.0.3: ISSUE: authtime 1570216886, etypes {rep=18 tkt=18 ses=18}, scm/scm@EXAMPLE.COM for krbtgt/EXAMPLE.COM@EXAMPLE.COM
s3g_1       | 	at org.glassfish.jersey.ext.cdi1x.internal.RequestScopedCdiBeanSupplier.get(RequestScopedCdiBeanSupplier.java:70)
kdc_1       | Oct 04 19:21:28 kdc krb5kdc[9](info): AS_REQ (8 etypes {18 17 20 19 16 23 25 26}) 172.18.0.3: ISSUE: authtime 1570216888, etypes {rep=18 tkt=18 ses=18}, HTTP/scm@EXAMPLE.COM for krbtgt/EXAMPLE.COM@EXAMPLE.COM
om_1        | 	at org.apache.hadoop.ipc.Server$Connection.processRpcOutOfBandRequest(Server.java:2532)
s3g_1       | 	at org.glassfish.jersey.inject.hk2.InstanceSupplierFactoryBridge.provide(InstanceSupplierFactoryBridge.java:77)
kdc_1       | Oct 04 19:21:29 kdc krb5kdc[9](info): TGS_REQ (6 etypes {18 17 20 19 16 23}) 172.18.0.10: ISSUE: authtime 1570216886, etypes {rep=18 tkt=18 ses=18}, dn/445121c5a52e@EXAMPLE.COM for scm/scm@EXAMPLE.COM
om_1        | 	at org.apache.hadoop.ipc.Server$Connection.processOneRpc(Server.java:2360)
s3g_1       | 	at org.jvnet.hk2.internal.FactoryCreator.create(FactoryCreator.java:153)
kdc_1       | Oct 04 19:21:29 kdc krb5kdc[9](info): TGS_REQ (6 etypes {18 17 20 19 16 23}) 172.18.0.8: ISSUE: authtime 1570216886, etypes {rep=18 tkt=18 ses=18}, dn/41d26cee1c2d@EXAMPLE.COM for scm/scm@EXAMPLE.COM
om_1        | 	at org.apache.hadoop.ipc.Server$Connection.readAndProcess(Server.java:2109)
s3g_1       | 	at org.jvnet.hk2.internal.SystemDescriptor.create(SystemDescriptor.java:487)
kdc_1       | Oct 04 19:21:29 kdc krb5kdc[9](info): TGS_REQ (6 etypes {18 17 20 19 16 23}) 172.18.0.5: ISSUE: authtime 1570216886, etypes {rep=18 tkt=18 ses=18}, dn/5e0a61bda65a@EXAMPLE.COM for scm/scm@EXAMPLE.COM
s3g_1       | 	... 60 more
kdc_1       | Oct 04 19:21:30 kdc krb5kdc[9](info): TGS_REQ (6 etypes {18 17 20 19 16 23}) 172.18.0.7: ISSUE: authtime 1570216886, etypes {rep=18 tkt=18 ses=18}, om/om@EXAMPLE.COM for scm/scm@EXAMPLE.COM
om_1        | 	at org.apache.hadoop.ipc.Server$Listener.doRead(Server.java:1249)
kdc_1       | Oct 04 19:21:30 kdc krb5kdc[9](info): AS_REQ (8 etypes {18 17 20 19 16 23 25 26}) 172.18.0.3: ISSUE: authtime 1570216890, etypes {rep=18 tkt=18 ses=18}, HTTP/scm@EXAMPLE.COM for krbtgt/EXAMPLE.COM@EXAMPLE.COM
s3g_1       | Caused by: java.io.IOException: Couldn't create RpcClient protocol
kdc_1       | Oct 04 19:21:31 kdc krb5kdc[9](info): TGS_REQ (8 etypes {18 17 20 19 16 23 25 26}) 172.18.0.3: ISSUE: authtime 1570216890, etypes {rep=18 tkt=18 ses=18}, HTTP/scm@EXAMPLE.COM for HTTP/scm@EXAMPLE.COM
om_1        | 	at org.apache.hadoop.ipc.Server$Listener$Reader.doRunLoop(Server.java:1105)
s3g_1       | 	at org.apache.hadoop.ozone.client.OzoneClientFactory.getClientProtocol(OzoneClientFactory.java:263)
om_1        | 	at org.apache.hadoop.ipc.Server$Listener$Reader.run(Server.java:1076)
s3g_1       | 	at org.apache.hadoop.ozone.client.OzoneClientFactory.getClientProtocol(OzoneClientFactory.java:239)
kdc_1       | Oct 04 19:21:33 kdc krb5kdc[9](info): AS_REQ (2 etypes {18 17}) 172.18.0.7: ISSUE: authtime 1570216893, etypes {rep=18 tkt=18 ses=18}, om/om@EXAMPLE.COM for krbtgt/EXAMPLE.COM@EXAMPLE.COM
om_1        | 2019-10-04 19:28:45 WARN  Server:1833 - Auth failed for 172.18.0.4:60220:null (DIGEST-MD5: IO error acquiring password) with true cause: (No S3 secret found for S3 identifier:OzoneToken owner=dlfknslnfslf, renewer=, realUser=, issueDate=0, maxDate=0, sequenceNumber=0, masterKeyId=0, strToSign=AWS4-HMAC-SHA256
s3g_1       | 	at org.apache.hadoop.ozone.client.OzoneClientFactory.getClient(OzoneClientFactory.java:75)
kdc_1       | Oct 04 19:21:33 kdc krb5kdc[9](info): AS_REQ (8 etypes {18 17 20 19 16 23 25 26}) 172.18.0.3: ISSUE: authtime 1570216893, etypes {rep=18 tkt=18 ses=18}, HTTP/scm@EXAMPLE.COM for krbtgt/EXAMPLE.COM@EXAMPLE.COM
om_1        | 20191004T192845Z
s3g_1       | 	at org.apache.hadoop.ozone.s3.OzoneClientProducer.getClient(OzoneClientProducer.java:113)
kdc_1       | Oct 04 19:21:33 kdc krb5kdc[9](info): TGS_REQ (8 etypes {18 17 20 19 16 23 25 26}) 172.18.0.3: ISSUE: authtime 1570216893, etypes {rep=18 tkt=18 ses=18}, HTTP/scm@EXAMPLE.COM for HTTP/scm@EXAMPLE.COM
s3g_1       | 	at org.apache.hadoop.ozone.s3.OzoneClientProducer.createClient(OzoneClientProducer.java:71)
kdc_1       | Oct 04 19:21:33 kdc krb5kdc[9](info): TGS_REQ (6 etypes {18 17 20 19 16 23}) 172.18.0.7: ISSUE: authtime 1570216893, etypes {rep=18 tkt=18 ses=18}, om/om@EXAMPLE.COM for scm/scm@EXAMPLE.COM
om_1        | 20191004/us-west-1/s3/aws4_request
s3g_1       | 	at java.base/jdk.internal.reflect.NativeMethodAccessorImpl.invoke0(Native Method)
kdc_1       | Oct 04 19:21:36 kdc krb5kdc[9](info): AS_REQ (8 etypes {18 17 20 19 16 23 25 26}) 172.18.0.3: ISSUE: authtime 1570216896, etypes {rep=18 tkt=18 ses=18}, HTTP/scm@EXAMPLE.COM for krbtgt/EXAMPLE.COM@EXAMPLE.COM
om_1        | 3f826466ad103a6668d0e88df9887c20ec05e7d1c6a673faf6c126c8168338d1, signature=e68e5e9f71cd59aee060cf7ab7d0df1c2690241c66f2ee19387e7096f05d6967, awsAccessKeyId=dlfknslnfslf)
s3g_1       | 	at java.base/jdk.internal.reflect.NativeMethodAccessorImpl.invoke(NativeMethodAccessorImpl.java:62)
