om_1        | 2019-10-15 09:19:25,065 WARN server.BaseHttpServer: /prof java profiling servlet is activated. Not safe for production!
scm_1       | 2019-10-15 09:19:21,278 INFO server.SCMDatanodeProtocolServer: RPC server for DataNodes is listening at /0.0.0.0:9861
datanode_1  | 2019-10-15 09:19:24,946 INFO server.RaftServerConfigKeys: raft.server.log.appender.buffer.byte-limit = 33554432 (custom)
datanode_3  | 2019-10-15 09:19:26,072 INFO segmented.SegmentedRaftLogWorker: new 4f28b0ae-387a-4432-9532-ddcfa07ce74c@group-1EA5793BFADC-SegmentedRaftLogWorker for RaftStorage:Storage Directory /data/metadata/ratis/6ba632d8-a715-4ed4-86bd-1ea5793bfadc
datanode_2  | 2019-10-15 09:19:25,544 INFO server.RaftServerConfigKeys: raft.server.log.segment.cache.num.max = 2 (custom)
om_1        | 2019-10-15 09:19:25,067 INFO http.HttpServer2: Jetty bound to port 9874
datanode_1  | 2019-10-15 09:19:24,948 INFO server.RaftServerConfigKeys: raft.server.log.segment.size.max = 1048576 (custom)
scm_1       | 2019-10-15 09:19:21,279 INFO ipc.Server: IPC Server Responder: starting
datanode_3  | 2019-10-15 09:19:26,072 INFO server.RaftServerConfigKeys: raft.server.log.queue.byte-limit = 2147483647 (custom)
datanode_2  | 2019-10-15 09:19:25,548 INFO segmented.SegmentedRaftLogWorker: new ee95cc79-6c40-4458-870b-52a54b3cb635@group-34CA15FAFCEA-SegmentedRaftLogWorker for RaftStorage:Storage Directory /data/metadata/ratis/cc4e6262-472a-4f35-b7a1-34ca15fafcea
om_1        | 2019-10-15 09:19:25,068 INFO server.Server: jetty-9.3.25.v20180904, build timestamp: 2018-09-04T21:11:46Z, git hash: 3ce520221d0240229c862b122d2b06c12a625732
datanode_1  | 2019-10-15 09:19:24,952 WARN impl.MetricsSystemImpl: HddsDatanode metrics system already initialized!
scm_1       | 2019-10-15 09:19:21,279 INFO ipc.Server: IPC Server listener on 9861: starting
datanode_3  | 2019-10-15 09:19:26,073 INFO server.RaftServerConfigKeys: raft.server.log.queue.element-limit = 1024 (custom)
datanode_2  | 2019-10-15 09:19:25,548 INFO server.RaftServerConfigKeys: raft.server.log.queue.byte-limit = 2147483647 (custom)
om_1        | 2019-10-15 09:19:25,099 INFO handler.ContextHandler: Started o.e.j.s.ServletContextHandler@169268a7{/logs,file:///var/log/hadoop/,AVAILABLE}
datanode_1  | 2019-10-15 09:19:24,955 INFO metrics.MetricRegistries: Loaded MetricRegistries class org.apache.ratis.metrics.impl.MetricRegistriesImpl
scm_1       | 2019-10-15 09:19:21,283 INFO http.HttpServer2: Jetty bound to port 9876
datanode_3  | 2019-10-15 09:19:26,073 INFO server.RaftServerConfigKeys: raft.server.log.segment.size.max = 1048576 (custom)
datanode_2  | 2019-10-15 09:19:25,549 INFO server.RaftServerConfigKeys: raft.server.log.queue.element-limit = 1024 (custom)
om_1        | 2019-10-15 09:19:25,100 INFO handler.ContextHandler: Started o.e.j.s.ServletContextHandler@313f8301{/static,jar:file:/opt/hadoop/share/ozone/lib/hadoop-ozone-ozone-manager-0.5.0-SNAPSHOT.jar!/webapps/static,AVAILABLE}
datanode_1  | 2019-10-15 09:19:24,988 INFO server.RaftServerConfigKeys: raft.server.log.segment.cache.num.max = 2 (custom)
scm_1       | 2019-10-15 09:19:21,284 INFO server.Server: jetty-9.3.25.v20180904, build timestamp: 2018-09-04T21:11:46Z, git hash: 3ce520221d0240229c862b122d2b06c12a625732
datanode_3  | 2019-10-15 09:19:26,074 INFO server.RaftServerConfigKeys: raft.server.log.preallocated.size = 16384 (custom)
datanode_2  | 2019-10-15 09:19:25,549 INFO server.RaftServerConfigKeys: raft.server.log.segment.size.max = 1048576 (custom)
om_1        | 2019-10-15 09:19:25,191 INFO handler.ContextHandler: Started o.e.j.w.WebAppContext@66933239{/,file:///tmp/jetty-0.0.0.0-9874-ozoneManager-_-any-4856107994956735594.dir/webapp/,AVAILABLE}{/ozoneManager}
datanode_1  | 2019-10-15 09:19:24,994 INFO segmented.SegmentedRaftLogWorker: new a1365f3d-16ac-4b7f-a270-e1a1884e00ad@group-68213E08AA9A-SegmentedRaftLogWorker for RaftStorage:Storage Directory /data/metadata/ratis/f92c8aea-4888-419c-b319-68213e08aa9a
scm_1       | 2019-10-15 09:19:21,322 INFO handler.ContextHandler: Started o.e.j.s.ServletContextHandler@6ae7deac{/logs,file:///var/log/hadoop/,AVAILABLE}
datanode_3  | 2019-10-15 09:19:26,074 INFO server.RaftServerConfigKeys: raft.server.log.write.buffer.size = 33554432 (custom)
datanode_2  | 2019-10-15 09:19:25,550 INFO server.RaftServerConfigKeys: raft.server.log.preallocated.size = 16384 (custom)
om_1        | 2019-10-15 09:19:25,195 INFO server.AbstractConnector: Started ServerConnector@4a901445{HTTP/1.1,[http/1.1]}{0.0.0.0:9874}
datanode_1  | 2019-10-15 09:19:24,994 INFO server.RaftServerConfigKeys: raft.server.log.queue.byte-limit = 2147483647 (custom)
scm_1       | 2019-10-15 09:19:21,323 INFO handler.ContextHandler: Started o.e.j.s.ServletContextHandler@21fdfefc{/static,jar:file:/opt/hadoop/share/ozone/lib/hadoop-hdds-server-scm-0.5.0-SNAPSHOT.jar!/webapps/static,AVAILABLE}
datanode_3  | 2019-10-15 09:19:26,074 INFO server.RaftServerConfigKeys: raft.server.log.force.sync.num = 128 (default)
datanode_2  | 2019-10-15 09:19:25,550 INFO server.RaftServerConfigKeys: raft.server.log.write.buffer.size = 33554432 (custom)
om_1        | 2019-10-15 09:19:25,195 INFO server.Server: Started @3433ms
datanode_1  | 2019-10-15 09:19:24,994 INFO server.RaftServerConfigKeys: raft.server.log.queue.element-limit = 1024 (custom)
scm_1       | 2019-10-15 09:19:21,437 INFO handler.ContextHandler: Started o.e.j.w.WebAppContext@1f7076bc{/,file:///tmp/jetty-0.0.0.0-9876-scm-_-any-14933317329057687038.dir/webapp/,AVAILABLE}{/scm}
datanode_3  | 2019-10-15 09:19:26,075 INFO server.RaftServerConfigKeys: raft.server.log.statemachine.data.sync = true (default)
datanode_2  | 2019-10-15 09:19:25,550 INFO server.RaftServerConfigKeys: raft.server.log.force.sync.num = 128 (default)
om_1        | 2019-10-15 09:19:25,199 INFO impl.MetricsSinkAdapter: Sink prometheus started
datanode_1  | 2019-10-15 09:19:24,995 INFO server.RaftServerConfigKeys: raft.server.log.segment.size.max = 1048576 (custom)
scm_1       | 2019-10-15 09:19:21,445 INFO server.AbstractConnector: Started ServerConnector@784ecb9b{HTTP/1.1,[http/1.1]}{0.0.0.0:9876}
datanode_2  | 2019-10-15 09:19:25,551 INFO server.RaftServerConfigKeys: raft.server.log.statemachine.data.sync = true (default)
datanode_3  | 2019-10-15 09:19:26,075 INFO server.RaftServerConfigKeys: raft.server.log.statemachine.data.sync.timeout = 10s (default)
om_1        | 2019-10-15 09:19:25,199 INFO impl.MetricsSystemImpl: Registered sink prometheus
datanode_1  | 2019-10-15 09:19:24,996 INFO server.RaftServerConfigKeys: raft.server.log.preallocated.size = 16384 (custom)
scm_1       | 2019-10-15 09:19:21,447 INFO server.Server: Started @2995ms
datanode_2  | 2019-10-15 09:19:25,551 INFO server.RaftServerConfigKeys: raft.server.log.statemachine.data.sync.timeout = 10s (default)
datanode_3  | 2019-10-15 09:19:26,076 INFO server.RaftServerConfigKeys: raft.server.log.statemachine.data.sync.timeout.retry = -1 (default)
om_1        | 2019-10-15 09:19:25,201 INFO server.BaseHttpServer: HTTP server of OZONEMANAGER is listening at http://0.0.0.0:9874
datanode_1  | 2019-10-15 09:19:24,996 INFO server.RaftServerConfigKeys: raft.server.log.write.buffer.size = 33554432 (custom)
scm_1       | 2019-10-15 09:19:21,453 INFO impl.MetricsSinkAdapter: Sink prometheus started
datanode_2  | 2019-10-15 09:19:25,552 INFO server.RaftServerConfigKeys: raft.server.log.statemachine.data.sync.timeout.retry = -1 (default)
datanode_3  | 2019-10-15 09:19:26,084 INFO server.RaftServerConfigKeys: raft.server.log.statemachine.data.caching.enabled = true (custom)
om_1        | 2019-10-15 09:19:39,465 [IPC Server handler 1 on 9862] INFO       - created volume:vol-0-63987 for user:hadoop
datanode_1  | 2019-10-15 09:19:24,996 INFO server.RaftServerConfigKeys: raft.server.log.force.sync.num = 128 (default)
scm_1       | 2019-10-15 09:19:21,453 INFO impl.MetricsSystemImpl: Registered sink prometheus
datanode_2  | 2019-10-15 09:19:25,560 INFO server.RaftServerConfigKeys: raft.server.log.statemachine.data.caching.enabled = true (custom)
datanode_3  | 2019-10-15 09:19:26,088 INFO segmented.SegmentedRaftLogWorker: 4f28b0ae-387a-4432-9532-ddcfa07ce74c@group-1EA5793BFADC-SegmentedRaftLogWorker: flushIndex: setUnconditionally 0 -> -1
om_1        | 2019-10-15 09:19:39,797 [IPC Server handler 3 on 9862] INFO       - created volume:vol-1-02236 for user:hadoop
datanode_1  | 2019-10-15 09:19:24,997 INFO server.RaftServerConfigKeys: raft.server.log.statemachine.data.sync = true (default)
datanode_2  | 2019-10-15 09:19:25,563 INFO segmented.SegmentedRaftLogWorker: ee95cc79-6c40-4458-870b-52a54b3cb635@group-34CA15FAFCEA-SegmentedRaftLogWorker: flushIndex: setUnconditionally 0 -> -1
datanode_3  | 2019-10-15 09:19:26,092 INFO server.RaftServerConfigKeys: raft.server.snapshot.auto.trigger.enabled = true (custom)
om_1        | 2019-10-15 09:19:39,808 [IPC Server handler 6 on 9862] INFO       - created volume:vol-2-10849 for user:hadoop
scm_1       | 2019-10-15 09:19:21,455 INFO server.BaseHttpServer: HTTP server of SCM is listening at http://0.0.0.0:9876
datanode_1  | 2019-10-15 09:19:24,997 INFO server.RaftServerConfigKeys: raft.server.log.statemachine.data.sync.timeout = 10s (default)
datanode_2  | 2019-10-15 09:19:25,567 INFO server.RaftServerConfigKeys: raft.server.snapshot.auto.trigger.enabled = true (custom)
datanode_3  | 2019-10-15 09:19:26,092 INFO server.RaftServerConfigKeys: raft.server.snapshot.auto.trigger.threshold = 10000 (custom)
om_1        | 2019-10-15 09:19:39,821 [IPC Server handler 8 on 9862] INFO       - created volume:vol-3-99041 for user:hadoop
datanode_1  | 2019-10-15 09:19:24,997 INFO server.RaftServerConfigKeys: raft.server.log.statemachine.data.sync.timeout.retry = -1 (default)
scm_1       | 2019-10-15 09:19:21,465 INFO util.JvmPauseMonitor: Starting JVM pause monitor
datanode_2  | 2019-10-15 09:19:25,567 INFO server.RaftServerConfigKeys: raft.server.snapshot.auto.trigger.threshold = 10000 (custom)
datanode_3  | 2019-10-15 09:19:26,093 INFO server.RaftServerConfigKeys: raft.server.snapshot.retention.file.num = 5 (custom)
datanode_1  | 2019-10-15 09:19:25,006 INFO server.RaftServerConfigKeys: raft.server.log.statemachine.data.caching.enabled = true (custom)
scm_1       | 2019-10-15 09:19:23,918 INFO net.NetworkTopology: Added a new node: /default-rack/a1365f3d-16ac-4b7f-a270-e1a1884e00ad
om_1        | 2019-10-15 09:19:39,836 [IPC Server handler 2 on 9862] INFO       - created volume:vol-4-60089 for user:hadoop
datanode_3  | 2019-10-15 09:19:26,093 INFO server.RaftServerConfigKeys: raft.server.retrycache.expirytime = 600000ms (custom)
datanode_2  | 2019-10-15 09:19:25,568 INFO server.RaftServerConfigKeys: raft.server.snapshot.retention.file.num = 5 (custom)
datanode_1  | 2019-10-15 09:19:25,010 INFO segmented.SegmentedRaftLogWorker: a1365f3d-16ac-4b7f-a270-e1a1884e00ad@group-68213E08AA9A-SegmentedRaftLogWorker: flushIndex: setUnconditionally 0 -> -1
scm_1       | 2019-10-15 09:19:23,919 INFO node.SCMNodeManager: Registered Data node : a1365f3d-16ac-4b7f-a270-e1a1884e00ad{ip: 172.18.0.3, host: ozone_datanode_1.ozone_default, networkLocation: /default-rack, certSerialId: null}
om_1        | 2019-10-15 09:19:53,531 [IPC Server handler 6 on 9862] INFO       - created volume:slzsb for user:hadoop
datanode_3  | 2019-10-15 09:19:26,120 INFO impl.RaftServerImpl: 4f28b0ae-387a-4432-9532-ddcfa07ce74c@group-1EA5793BFADC: start as a follower, conf=-1: [4f28b0ae-387a-4432-9532-ddcfa07ce74c:172.18.0.6:9858], old=null
datanode_2  | 2019-10-15 09:19:25,568 INFO server.RaftServerConfigKeys: raft.server.retrycache.expirytime = 600000ms (custom)
datanode_1  | 2019-10-15 09:19:25,014 INFO server.RaftServerConfigKeys: raft.server.snapshot.auto.trigger.enabled = true (custom)
scm_1       | 2019-10-15 09:19:23,924 INFO safemode.SCMSafeModeManager: SCM in safe mode. 1 DataNodes registered, 1 required.
datanode_3  | 2019-10-15 09:19:26,121 INFO impl.RaftServerImpl: 4f28b0ae-387a-4432-9532-ddcfa07ce74c@group-1EA5793BFADC: changes role from      null to FOLLOWER at term 0 for startAsFollower
datanode_2  | 2019-10-15 09:19:25,590 INFO impl.RaftServerImpl: ee95cc79-6c40-4458-870b-52a54b3cb635@group-34CA15FAFCEA: start as a follower, conf=-1: [ee95cc79-6c40-4458-870b-52a54b3cb635:172.18.0.2:9858], old=null
datanode_1  | 2019-10-15 09:19:25,014 INFO server.RaftServerConfigKeys: raft.server.snapshot.auto.trigger.threshold = 10000 (custom)
scm_1       | 2019-10-15 09:19:23,925 INFO safemode.SCMSafeModeManager: ScmSafeModeManager, all rules are successfully validated
datanode_3  | 2019-10-15 09:19:26,123 INFO impl.RoleInfo: 4f28b0ae-387a-4432-9532-ddcfa07ce74c: start FollowerState
datanode_2  | 2019-10-15 09:19:25,591 INFO impl.RaftServerImpl: ee95cc79-6c40-4458-870b-52a54b3cb635@group-34CA15FAFCEA: changes role from      null to FOLLOWER at term 0 for startAsFollower
datanode_1  | 2019-10-15 09:19:25,015 INFO server.RaftServerConfigKeys: raft.server.snapshot.retention.file.num = 5 (custom)
scm_1       | 2019-10-15 09:19:23,925 INFO safemode.SCMSafeModeManager: SCM exiting safe mode.
datanode_3  | 2019-10-15 09:19:26,126 INFO util.JmxRegister: Successfully registered JMX Bean with object name Ratis:service=RaftServer,group=group-1EA5793BFADC,id=4f28b0ae-387a-4432-9532-ddcfa07ce74c
datanode_1  | 2019-10-15 09:19:25,015 INFO server.RaftServerConfigKeys: raft.server.retrycache.expirytime = 600000ms (custom)
datanode_2  | 2019-10-15 09:19:25,592 INFO impl.RoleInfo: ee95cc79-6c40-4458-870b-52a54b3cb635: start FollowerState
scm_1       | 2019-10-15 09:19:24,008 INFO net.NetworkTopology: Added a new node: /default-rack/ee95cc79-6c40-4458-870b-52a54b3cb635
datanode_3  | 2019-10-15 09:19:26,228 INFO impl.RaftServerProxy: 4f28b0ae-387a-4432-9532-ddcfa07ce74c: addNew group-12ABF5D7BE31:[a1365f3d-16ac-4b7f-a270-e1a1884e00ad:172.18.0.3:9858, ee95cc79-6c40-4458-870b-52a54b3cb635:172.18.0.2:9858, 4f28b0ae-387a-4432-9532-ddcfa07ce74c:172.18.0.6:9858] returns group-12ABF5D7BE31:java.util.concurrent.CompletableFuture@5fc90167[Not completed]
datanode_1  | 2019-10-15 09:19:25,037 INFO impl.RaftServerImpl: a1365f3d-16ac-4b7f-a270-e1a1884e00ad@group-68213E08AA9A: start as a follower, conf=-1: [a1365f3d-16ac-4b7f-a270-e1a1884e00ad:172.18.0.3:9858], old=null
datanode_2  | 2019-10-15 09:19:25,596 INFO util.JmxRegister: Successfully registered JMX Bean with object name Ratis:service=RaftServer,group=group-34CA15FAFCEA,id=ee95cc79-6c40-4458-870b-52a54b3cb635
scm_1       | 2019-10-15 09:19:24,009 INFO node.SCMNodeManager: Registered Data node : ee95cc79-6c40-4458-870b-52a54b3cb635{ip: 172.18.0.2, host: ozone_datanode_2.ozone_default, networkLocation: /default-rack, certSerialId: null}
datanode_1  | 2019-10-15 09:19:25,037 INFO impl.RaftServerImpl: a1365f3d-16ac-4b7f-a270-e1a1884e00ad@group-68213E08AA9A: changes role from      null to FOLLOWER at term 0 for startAsFollower
datanode_3  | 2019-10-15 09:19:26,230 INFO impl.RaftServerImpl: 4f28b0ae-387a-4432-9532-ddcfa07ce74c: new RaftServerImpl for group-12ABF5D7BE31:[a1365f3d-16ac-4b7f-a270-e1a1884e00ad:172.18.0.3:9858, ee95cc79-6c40-4458-870b-52a54b3cb635:172.18.0.2:9858, 4f28b0ae-387a-4432-9532-ddcfa07ce74c:172.18.0.6:9858] with ContainerStateMachine:uninitialized
datanode_2  | 2019-10-15 09:19:26,262 INFO impl.RaftServerProxy: ee95cc79-6c40-4458-870b-52a54b3cb635: addNew group-12ABF5D7BE31:[a1365f3d-16ac-4b7f-a270-e1a1884e00ad:172.18.0.3:9858, ee95cc79-6c40-4458-870b-52a54b3cb635:172.18.0.2:9858, 4f28b0ae-387a-4432-9532-ddcfa07ce74c:172.18.0.6:9858] returns group-12ABF5D7BE31:java.util.concurrent.CompletableFuture@4d8e4219[Not completed]
scm_1       | 2019-10-15 09:19:24,362 INFO net.NetworkTopology: Added a new node: /default-rack/4f28b0ae-387a-4432-9532-ddcfa07ce74c
datanode_1  | 2019-10-15 09:19:25,038 INFO impl.RoleInfo: a1365f3d-16ac-4b7f-a270-e1a1884e00ad: start FollowerState
datanode_3  | 2019-10-15 09:19:26,230 INFO server.RaftServerConfigKeys: raft.server.rpc.timeout.min = 5s (custom)
datanode_2  | 2019-10-15 09:19:26,264 INFO impl.RaftServerImpl: ee95cc79-6c40-4458-870b-52a54b3cb635: new RaftServerImpl for group-12ABF5D7BE31:[a1365f3d-16ac-4b7f-a270-e1a1884e00ad:172.18.0.3:9858, ee95cc79-6c40-4458-870b-52a54b3cb635:172.18.0.2:9858, 4f28b0ae-387a-4432-9532-ddcfa07ce74c:172.18.0.6:9858] with ContainerStateMachine:uninitialized
datanode_1  | 2019-10-15 09:19:25,041 INFO util.JmxRegister: Successfully registered JMX Bean with object name Ratis:service=RaftServer,group=group-68213E08AA9A,id=a1365f3d-16ac-4b7f-a270-e1a1884e00ad
scm_1       | 2019-10-15 09:19:24,362 INFO node.SCMNodeManager: Registered Data node : 4f28b0ae-387a-4432-9532-ddcfa07ce74c{ip: 172.18.0.6, host: ozone_datanode_3.ozone_default, networkLocation: /default-rack, certSerialId: null}
datanode_2  | 2019-10-15 09:19:26,264 INFO server.RaftServerConfigKeys: raft.server.rpc.timeout.min = 5s (custom)
datanode_3  | 2019-10-15 09:19:26,231 INFO server.RaftServerConfigKeys: raft.server.rpc.timeout.max = 5200ms (custom)
datanode_1  | 2019-10-15 09:19:26,258 INFO impl.RaftServerProxy: a1365f3d-16ac-4b7f-a270-e1a1884e00ad: addNew group-12ABF5D7BE31:[a1365f3d-16ac-4b7f-a270-e1a1884e00ad:172.18.0.3:9858, ee95cc79-6c40-4458-870b-52a54b3cb635:172.18.0.2:9858, 4f28b0ae-387a-4432-9532-ddcfa07ce74c:172.18.0.6:9858] returns group-12ABF5D7BE31:java.util.concurrent.CompletableFuture@5f7b3585[Not completed]
datanode_2  | 2019-10-15 09:19:26,264 INFO server.RaftServerConfigKeys: raft.server.rpc.timeout.max = 5200ms (custom)
datanode_3  | 2019-10-15 09:19:26,231 INFO server.RaftServerConfigKeys: raft.server.rpcslowness.timeout = 120s (custom)
scm_1       | WARNING: An illegal reflective access operation has occurred
datanode_2  | 2019-10-15 09:19:26,265 INFO server.RaftServerConfigKeys: raft.server.rpcslowness.timeout = 120s (custom)
datanode_1  | 2019-10-15 09:19:26,262 INFO impl.RaftServerImpl: a1365f3d-16ac-4b7f-a270-e1a1884e00ad: new RaftServerImpl for group-12ABF5D7BE31:[a1365f3d-16ac-4b7f-a270-e1a1884e00ad:172.18.0.3:9858, ee95cc79-6c40-4458-870b-52a54b3cb635:172.18.0.2:9858, 4f28b0ae-387a-4432-9532-ddcfa07ce74c:172.18.0.6:9858] with ContainerStateMachine:uninitialized
datanode_3  | 2019-10-15 09:19:26,231 INFO server.RaftServerConfigKeys: raft.server.sleep.deviation.threshold = 300 (default)
scm_1       | WARNING: Illegal reflective access by org.apache.ratis.thirdparty.com.google.protobuf.UnsafeUtil (file:/opt/hadoop/share/ozone/lib/ratis-thirdparty-misc-0.2.0.jar) to field java.nio.Buffer.address
datanode_2  | 2019-10-15 09:19:26,265 INFO server.RaftServerConfigKeys: raft.server.sleep.deviation.threshold = 300 (default)
datanode_1  | 2019-10-15 09:19:26,262 INFO server.RaftServerConfigKeys: raft.server.rpc.timeout.min = 5s (custom)
scm_1       | WARNING: Please consider reporting this to the maintainers of org.apache.ratis.thirdparty.com.google.protobuf.UnsafeUtil
datanode_2  | 2019-10-15 09:19:26,265 INFO server.RaftServerConfigKeys: raft.server.log.appender.install.snapshot.enabled = false (custom)
datanode_1  | 2019-10-15 09:19:26,262 INFO server.RaftServerConfigKeys: raft.server.rpc.timeout.max = 5200ms (custom)
datanode_3  | 2019-10-15 09:19:26,231 INFO server.RaftServerConfigKeys: raft.server.log.appender.install.snapshot.enabled = false (custom)
scm_1       | WARNING: Use --illegal-access=warn to enable warnings of further illegal reflective access operations
datanode_2  | 2019-10-15 09:19:26,265 INFO impl.RaftServerImpl: ee95cc79-6c40-4458-870b-52a54b3cb635@group-12ABF5D7BE31: ConfigurationManager, init=-1: [a1365f3d-16ac-4b7f-a270-e1a1884e00ad:172.18.0.3:9858, ee95cc79-6c40-4458-870b-52a54b3cb635:172.18.0.2:9858, 4f28b0ae-387a-4432-9532-ddcfa07ce74c:172.18.0.6:9858], old=null, confs=<EMPTY_MAP>
datanode_1  | 2019-10-15 09:19:26,262 INFO server.RaftServerConfigKeys: raft.server.rpcslowness.timeout = 120s (custom)
datanode_3  | 2019-10-15 09:19:26,231 INFO impl.RaftServerImpl: 4f28b0ae-387a-4432-9532-ddcfa07ce74c@group-12ABF5D7BE31: ConfigurationManager, init=-1: [a1365f3d-16ac-4b7f-a270-e1a1884e00ad:172.18.0.3:9858, ee95cc79-6c40-4458-870b-52a54b3cb635:172.18.0.2:9858, 4f28b0ae-387a-4432-9532-ddcfa07ce74c:172.18.0.6:9858], old=null, confs=<EMPTY_MAP>
scm_1       | WARNING: All illegal access operations will be denied in a future release
datanode_2  | 2019-10-15 09:19:26,265 INFO server.RaftServerConfigKeys: raft.server.storage.dir = [/data/metadata/ratis] (custom)
datanode_3  | 2019-10-15 09:19:26,231 INFO server.RaftServerConfigKeys: raft.server.storage.dir = [/data/metadata/ratis] (custom)
datanode_2  | 2019-10-15 09:19:26,265 INFO server.RaftServerConfigKeys: raft.server.log.corruption.policy = EXCEPTION (default)
scm_1       | 2019-10-15 09:19:25,141 INFO pipeline.PipelineStateManager: Created pipeline Pipeline[ Id: f92c8aea-4888-419c-b319-68213e08aa9a, Nodes: a1365f3d-16ac-4b7f-a270-e1a1884e00ad{ip: 172.18.0.3, host: ozone_datanode_1.ozone_default, networkLocation: /default-rack, certSerialId: null}, Type:RATIS, Factor:ONE, State:OPEN]
datanode_1  | 2019-10-15 09:19:26,262 INFO server.RaftServerConfigKeys: raft.server.sleep.deviation.threshold = 300 (default)
datanode_3  | 2019-10-15 09:19:26,232 INFO server.RaftServerConfigKeys: raft.server.log.corruption.policy = EXCEPTION (default)
datanode_2  | 2019-10-15 09:19:26,265 INFO storage.RaftStorageDirectory: The storage directory /data/metadata/ratis/c0d4f7b5-3439-446a-831a-12abf5d7be31 does not exist. Creating ...
datanode_1  | 2019-10-15 09:19:26,262 INFO server.RaftServerConfigKeys: raft.server.log.appender.install.snapshot.enabled = false (custom)
scm_1       | 2019-10-15 09:19:25,666 INFO pipeline.PipelineStateManager: Created pipeline Pipeline[ Id: cc4e6262-472a-4f35-b7a1-34ca15fafcea, Nodes: ee95cc79-6c40-4458-870b-52a54b3cb635{ip: 172.18.0.2, host: ozone_datanode_2.ozone_default, networkLocation: /default-rack, certSerialId: null}, Type:RATIS, Factor:ONE, State:OPEN]
datanode_3  | 2019-10-15 09:19:26,232 INFO storage.RaftStorageDirectory: The storage directory /data/metadata/ratis/c0d4f7b5-3439-446a-831a-12abf5d7be31 does not exist. Creating ...
datanode_2  | 2019-10-15 09:19:26,274 INFO storage.RaftStorageDirectory: Lock on /data/metadata/ratis/c0d4f7b5-3439-446a-831a-12abf5d7be31/in_use.lock acquired by nodename 7@b2622b753ecb
datanode_1  | 2019-10-15 09:19:26,263 INFO impl.RaftServerImpl: a1365f3d-16ac-4b7f-a270-e1a1884e00ad@group-12ABF5D7BE31: ConfigurationManager, init=-1: [a1365f3d-16ac-4b7f-a270-e1a1884e00ad:172.18.0.3:9858, ee95cc79-6c40-4458-870b-52a54b3cb635:172.18.0.2:9858, 4f28b0ae-387a-4432-9532-ddcfa07ce74c:172.18.0.6:9858], old=null, confs=<EMPTY_MAP>
scm_1       | 2019-10-15 09:19:26,200 INFO pipeline.PipelineStateManager: Created pipeline Pipeline[ Id: 6ba632d8-a715-4ed4-86bd-1ea5793bfadc, Nodes: 4f28b0ae-387a-4432-9532-ddcfa07ce74c{ip: 172.18.0.6, host: ozone_datanode_3.ozone_default, networkLocation: /default-rack, certSerialId: null}, Type:RATIS, Factor:ONE, State:OPEN]
datanode_3  | 2019-10-15 09:19:26,245 INFO storage.RaftStorageDirectory: Lock on /data/metadata/ratis/c0d4f7b5-3439-446a-831a-12abf5d7be31/in_use.lock acquired by nodename 7@4875fc842bf1
datanode_1  | 2019-10-15 09:19:26,263 INFO server.RaftServerConfigKeys: raft.server.storage.dir = [/data/metadata/ratis] (custom)
scm_1       | 2019-10-15 09:19:26,306 INFO pipeline.PipelineStateManager: Created pipeline Pipeline[ Id: c0d4f7b5-3439-446a-831a-12abf5d7be31, Nodes: ee95cc79-6c40-4458-870b-52a54b3cb635{ip: 172.18.0.2, host: ozone_datanode_2.ozone_default, networkLocation: /default-rack, certSerialId: null}4f28b0ae-387a-4432-9532-ddcfa07ce74c{ip: 172.18.0.6, host: ozone_datanode_3.ozone_default, networkLocation: /default-rack, certSerialId: null}a1365f3d-16ac-4b7f-a270-e1a1884e00ad{ip: 172.18.0.3, host: ozone_datanode_1.ozone_default, networkLocation: /default-rack, certSerialId: null}, Type:RATIS, Factor:THREE, State:OPEN]
datanode_3  | 2019-10-15 09:19:26,259 INFO storage.RaftStorage: Storage directory /data/metadata/ratis/c0d4f7b5-3439-446a-831a-12abf5d7be31 has been successfully formatted.
datanode_2  | 2019-10-15 09:19:26,286 INFO storage.RaftStorage: Storage directory /data/metadata/ratis/c0d4f7b5-3439-446a-831a-12abf5d7be31 has been successfully formatted.
scm_1       | 2019-10-15 09:19:40,150 INFO pipeline.PipelineStateManager: Created pipeline Pipeline[ Id: 9dcf97df-6aa1-4332-b9de-8fbbf4ec2ebb, Nodes: ee95cc79-6c40-4458-870b-52a54b3cb635{ip: 172.18.0.2, host: ozone_datanode_2.ozone_default, networkLocation: /default-rack, certSerialId: null}, Type:STAND_ALONE, Factor:ONE, State:OPEN]
datanode_1  | 2019-10-15 09:19:26,263 INFO server.RaftServerConfigKeys: raft.server.log.corruption.policy = EXCEPTION (default)
datanode_3  | 2019-10-15 09:19:26,259 [pool-8-thread-1] INFO       - group-12ABF5D7BE31: The snapshot info is null. Setting the last applied indexto:(t:0, i:~)
datanode_2  | 2019-10-15 09:19:26,286 [pool-8-thread-1] INFO       - group-12ABF5D7BE31: The snapshot info is null. Setting the last applied indexto:(t:0, i:~)
scm_1       | 2019-10-15 09:20:24,947 INFO server.SCMBlockProtocolServer: SCM is informed by OM to delete 2 blocks
datanode_1  | 2019-10-15 09:19:26,263 INFO storage.RaftStorageDirectory: The storage directory /data/metadata/ratis/c0d4f7b5-3439-446a-831a-12abf5d7be31 does not exist. Creating ...
datanode_3  | 2019-10-15 09:19:26,259 INFO server.RaftServerConfigKeys: raft.server.notification.no-leader.timeout = 120s (custom)
datanode_2  | 2019-10-15 09:19:26,287 INFO server.RaftServerConfigKeys: raft.server.notification.no-leader.timeout = 120s (custom)
scm_1       | 2019-10-15 09:20:24,949 INFO block.BlockManagerImpl: Deleting blocks conID: 4 locID: 102965654336438397 bcsId: 0
datanode_1  | 2019-10-15 09:19:26,274 INFO storage.RaftStorageDirectory: Lock on /data/metadata/ratis/c0d4f7b5-3439-446a-831a-12abf5d7be31/in_use.lock acquired by nodename 7@f100d1f78a6c
datanode_3  | 2019-10-15 09:19:26,260 INFO server.RaftServerConfigKeys: raft.server.log.use.memory = false (default)
datanode_2  | 2019-10-15 09:19:26,287 INFO server.RaftServerConfigKeys: raft.server.log.use.memory = false (default)
scm_1       | 2019-10-15 09:20:24,974 INFO block.BlockManagerImpl: Deleting blocks conID: 5 locID: 102965655259840638 bcsId: 0
datanode_1  | 2019-10-15 09:19:26,286 INFO storage.RaftStorage: Storage directory /data/metadata/ratis/c0d4f7b5-3439-446a-831a-12abf5d7be31 has been successfully formatted.
datanode_2  | 2019-10-15 09:19:26,287 INFO server.RaftServerConfigKeys: raft.server.log.purge.gap = 1000000 (custom)
datanode_3  | 2019-10-15 09:19:26,260 INFO server.RaftServerConfigKeys: raft.server.log.purge.gap = 1000000 (custom)
datanode_1  | 2019-10-15 09:19:26,286 [pool-8-thread-1] INFO       - group-12ABF5D7BE31: The snapshot info is null. Setting the last applied indexto:(t:0, i:~)
datanode_2  | 2019-10-15 09:19:26,287 INFO server.RaftServerConfigKeys: raft.server.log.appender.buffer.byte-limit = 33554432 (custom)
datanode_3  | 2019-10-15 09:19:26,260 INFO server.RaftServerConfigKeys: raft.server.log.appender.buffer.byte-limit = 33554432 (custom)
datanode_1  | 2019-10-15 09:19:26,287 INFO server.RaftServerConfigKeys: raft.server.notification.no-leader.timeout = 120s (custom)
datanode_3  | 2019-10-15 09:19:26,260 INFO server.RaftServerConfigKeys: raft.server.log.segment.size.max = 1048576 (custom)
datanode_2  | 2019-10-15 09:19:26,287 INFO server.RaftServerConfigKeys: raft.server.log.segment.size.max = 1048576 (custom)
datanode_1  | 2019-10-15 09:19:26,287 INFO server.RaftServerConfigKeys: raft.server.log.use.memory = false (default)
datanode_3  | 2019-10-15 09:19:26,260 INFO server.RaftServerConfigKeys: raft.server.log.segment.cache.num.max = 2 (custom)
datanode_2  | 2019-10-15 09:19:26,287 INFO server.RaftServerConfigKeys: raft.server.log.segment.cache.num.max = 2 (custom)
datanode_3  | 2019-10-15 09:19:26,260 INFO segmented.SegmentedRaftLogWorker: new 4f28b0ae-387a-4432-9532-ddcfa07ce74c@group-12ABF5D7BE31-SegmentedRaftLogWorker for RaftStorage:Storage Directory /data/metadata/ratis/c0d4f7b5-3439-446a-831a-12abf5d7be31
datanode_1  | 2019-10-15 09:19:26,287 INFO server.RaftServerConfigKeys: raft.server.log.purge.gap = 1000000 (custom)
datanode_2  | 2019-10-15 09:19:26,287 INFO segmented.SegmentedRaftLogWorker: new ee95cc79-6c40-4458-870b-52a54b3cb635@group-12ABF5D7BE31-SegmentedRaftLogWorker for RaftStorage:Storage Directory /data/metadata/ratis/c0d4f7b5-3439-446a-831a-12abf5d7be31
datanode_3  | 2019-10-15 09:19:26,260 INFO server.RaftServerConfigKeys: raft.server.log.queue.byte-limit = 2147483647 (custom)
datanode_1  | 2019-10-15 09:19:26,287 INFO server.RaftServerConfigKeys: raft.server.log.appender.buffer.byte-limit = 33554432 (custom)
datanode_2  | 2019-10-15 09:19:26,287 INFO server.RaftServerConfigKeys: raft.server.log.queue.byte-limit = 2147483647 (custom)
datanode_1  | 2019-10-15 09:19:26,287 INFO server.RaftServerConfigKeys: raft.server.log.segment.size.max = 1048576 (custom)
datanode_3  | 2019-10-15 09:19:26,260 INFO server.RaftServerConfigKeys: raft.server.log.queue.element-limit = 1024 (custom)
datanode_1  | 2019-10-15 09:19:26,287 INFO server.RaftServerConfigKeys: raft.server.log.segment.cache.num.max = 2 (custom)
datanode_1  | 2019-10-15 09:19:26,287 INFO segmented.SegmentedRaftLogWorker: new a1365f3d-16ac-4b7f-a270-e1a1884e00ad@group-12ABF5D7BE31-SegmentedRaftLogWorker for RaftStorage:Storage Directory /data/metadata/ratis/c0d4f7b5-3439-446a-831a-12abf5d7be31
datanode_1  | 2019-10-15 09:19:26,288 INFO server.RaftServerConfigKeys: raft.server.log.queue.byte-limit = 2147483647 (custom)
datanode_2  | 2019-10-15 09:19:26,288 INFO server.RaftServerConfigKeys: raft.server.log.queue.element-limit = 1024 (custom)
datanode_3  | 2019-10-15 09:19:26,261 INFO server.RaftServerConfigKeys: raft.server.log.segment.size.max = 1048576 (custom)
datanode_2  | 2019-10-15 09:19:26,288 INFO server.RaftServerConfigKeys: raft.server.log.segment.size.max = 1048576 (custom)
datanode_3  | 2019-10-15 09:19:26,261 INFO server.RaftServerConfigKeys: raft.server.log.preallocated.size = 16384 (custom)
datanode_1  | 2019-10-15 09:19:26,288 INFO server.RaftServerConfigKeys: raft.server.log.queue.element-limit = 1024 (custom)
datanode_2  | 2019-10-15 09:19:26,288 INFO server.RaftServerConfigKeys: raft.server.log.preallocated.size = 16384 (custom)
datanode_3  | 2019-10-15 09:19:26,261 INFO server.RaftServerConfigKeys: raft.server.log.write.buffer.size = 33554432 (custom)
datanode_2  | 2019-10-15 09:19:26,288 INFO server.RaftServerConfigKeys: raft.server.log.write.buffer.size = 33554432 (custom)
datanode_3  | 2019-10-15 09:19:26,261 INFO server.RaftServerConfigKeys: raft.server.log.force.sync.num = 128 (default)
datanode_2  | 2019-10-15 09:19:26,288 INFO server.RaftServerConfigKeys: raft.server.log.force.sync.num = 128 (default)
datanode_1  | 2019-10-15 09:19:26,288 INFO server.RaftServerConfigKeys: raft.server.log.segment.size.max = 1048576 (custom)
datanode_3  | 2019-10-15 09:19:26,261 INFO server.RaftServerConfigKeys: raft.server.log.statemachine.data.sync = true (default)
datanode_2  | 2019-10-15 09:19:26,288 INFO server.RaftServerConfigKeys: raft.server.log.statemachine.data.sync = true (default)
datanode_1  | 2019-10-15 09:19:26,288 INFO server.RaftServerConfigKeys: raft.server.log.preallocated.size = 16384 (custom)
datanode_3  | 2019-10-15 09:19:26,261 INFO server.RaftServerConfigKeys: raft.server.log.statemachine.data.sync.timeout = 10s (default)
datanode_2  | 2019-10-15 09:19:26,288 INFO server.RaftServerConfigKeys: raft.server.log.statemachine.data.sync.timeout = 10s (default)
datanode_1  | 2019-10-15 09:19:26,288 INFO server.RaftServerConfigKeys: raft.server.log.write.buffer.size = 33554432 (custom)
datanode_3  | 2019-10-15 09:19:26,261 INFO server.RaftServerConfigKeys: raft.server.log.statemachine.data.sync.timeout.retry = -1 (default)
datanode_2  | 2019-10-15 09:19:26,288 INFO server.RaftServerConfigKeys: raft.server.log.statemachine.data.sync.timeout.retry = -1 (default)
datanode_1  | 2019-10-15 09:19:26,288 INFO server.RaftServerConfigKeys: raft.server.log.force.sync.num = 128 (default)
datanode_3  | 2019-10-15 09:19:26,261 INFO server.RaftServerConfigKeys: raft.server.log.statemachine.data.caching.enabled = true (custom)
datanode_2  | 2019-10-15 09:19:26,288 INFO server.RaftServerConfigKeys: raft.server.log.statemachine.data.caching.enabled = true (custom)
datanode_1  | 2019-10-15 09:19:26,288 INFO server.RaftServerConfigKeys: raft.server.log.statemachine.data.sync = true (default)
datanode_3  | 2019-10-15 09:19:26,261 INFO segmented.SegmentedRaftLogWorker: 4f28b0ae-387a-4432-9532-ddcfa07ce74c@group-12ABF5D7BE31-SegmentedRaftLogWorker: flushIndex: setUnconditionally 0 -> -1
datanode_2  | 2019-10-15 09:19:26,289 INFO segmented.SegmentedRaftLogWorker: ee95cc79-6c40-4458-870b-52a54b3cb635@group-12ABF5D7BE31-SegmentedRaftLogWorker: flushIndex: setUnconditionally 0 -> -1
datanode_1  | 2019-10-15 09:19:26,288 INFO server.RaftServerConfigKeys: raft.server.log.statemachine.data.sync.timeout = 10s (default)
datanode_3  | 2019-10-15 09:19:26,262 INFO server.RaftServerConfigKeys: raft.server.snapshot.auto.trigger.enabled = true (custom)
datanode_2  | 2019-10-15 09:19:26,289 INFO server.RaftServerConfigKeys: raft.server.snapshot.auto.trigger.enabled = true (custom)
datanode_1  | 2019-10-15 09:19:26,288 INFO server.RaftServerConfigKeys: raft.server.log.statemachine.data.sync.timeout.retry = -1 (default)
datanode_3  | 2019-10-15 09:19:26,262 INFO server.RaftServerConfigKeys: raft.server.snapshot.auto.trigger.threshold = 10000 (custom)
datanode_2  | 2019-10-15 09:19:26,289 INFO server.RaftServerConfigKeys: raft.server.snapshot.auto.trigger.threshold = 10000 (custom)
datanode_1  | 2019-10-15 09:19:26,288 INFO server.RaftServerConfigKeys: raft.server.log.statemachine.data.caching.enabled = true (custom)
datanode_3  | 2019-10-15 09:19:26,262 INFO server.RaftServerConfigKeys: raft.server.snapshot.retention.file.num = 5 (custom)
datanode_2  | 2019-10-15 09:19:26,289 INFO server.RaftServerConfigKeys: raft.server.snapshot.retention.file.num = 5 (custom)
datanode_1  | 2019-10-15 09:19:26,289 INFO segmented.SegmentedRaftLogWorker: a1365f3d-16ac-4b7f-a270-e1a1884e00ad@group-12ABF5D7BE31-SegmentedRaftLogWorker: flushIndex: setUnconditionally 0 -> -1
datanode_3  | 2019-10-15 09:19:26,262 INFO server.RaftServerConfigKeys: raft.server.retrycache.expirytime = 600000ms (custom)
datanode_1  | 2019-10-15 09:19:26,289 INFO server.RaftServerConfigKeys: raft.server.snapshot.auto.trigger.enabled = true (custom)
datanode_3  | 2019-10-15 09:19:26,266 INFO impl.RaftServerImpl: 4f28b0ae-387a-4432-9532-ddcfa07ce74c@group-12ABF5D7BE31: start as a follower, conf=-1: [a1365f3d-16ac-4b7f-a270-e1a1884e00ad:172.18.0.3:9858, ee95cc79-6c40-4458-870b-52a54b3cb635:172.18.0.2:9858, 4f28b0ae-387a-4432-9532-ddcfa07ce74c:172.18.0.6:9858], old=null
datanode_2  | 2019-10-15 09:19:26,289 INFO server.RaftServerConfigKeys: raft.server.retrycache.expirytime = 600000ms (custom)
datanode_1  | 2019-10-15 09:19:26,289 INFO server.RaftServerConfigKeys: raft.server.snapshot.auto.trigger.threshold = 10000 (custom)
datanode_3  | 2019-10-15 09:19:26,266 INFO impl.RaftServerImpl: 4f28b0ae-387a-4432-9532-ddcfa07ce74c@group-12ABF5D7BE31: changes role from      null to FOLLOWER at term 0 for startAsFollower
datanode_2  | 2019-10-15 09:19:26,294 INFO impl.RaftServerImpl: ee95cc79-6c40-4458-870b-52a54b3cb635@group-12ABF5D7BE31: start as a follower, conf=-1: [a1365f3d-16ac-4b7f-a270-e1a1884e00ad:172.18.0.3:9858, ee95cc79-6c40-4458-870b-52a54b3cb635:172.18.0.2:9858, 4f28b0ae-387a-4432-9532-ddcfa07ce74c:172.18.0.6:9858], old=null
datanode_1  | 2019-10-15 09:19:26,289 INFO server.RaftServerConfigKeys: raft.server.snapshot.retention.file.num = 5 (custom)
datanode_3  | 2019-10-15 09:19:26,266 INFO impl.RoleInfo: 4f28b0ae-387a-4432-9532-ddcfa07ce74c: start FollowerState
datanode_2  | 2019-10-15 09:19:26,294 INFO impl.RaftServerImpl: ee95cc79-6c40-4458-870b-52a54b3cb635@group-12ABF5D7BE31: changes role from      null to FOLLOWER at term 0 for startAsFollower
datanode_1  | 2019-10-15 09:19:26,289 INFO server.RaftServerConfigKeys: raft.server.retrycache.expirytime = 600000ms (custom)
datanode_3  | 2019-10-15 09:19:26,267 INFO util.JmxRegister: Successfully registered JMX Bean with object name Ratis:service=RaftServer,group=group-12ABF5D7BE31,id=4f28b0ae-387a-4432-9532-ddcfa07ce74c
datanode_2  | 2019-10-15 09:19:26,294 INFO impl.RoleInfo: ee95cc79-6c40-4458-870b-52a54b3cb635: start FollowerState
datanode_1  | 2019-10-15 09:19:26,294 INFO impl.RaftServerImpl: a1365f3d-16ac-4b7f-a270-e1a1884e00ad@group-12ABF5D7BE31: start as a follower, conf=-1: [a1365f3d-16ac-4b7f-a270-e1a1884e00ad:172.18.0.3:9858, ee95cc79-6c40-4458-870b-52a54b3cb635:172.18.0.2:9858, 4f28b0ae-387a-4432-9532-ddcfa07ce74c:172.18.0.6:9858], old=null
datanode_3  | 2019-10-15 09:19:31,152 INFO impl.FollowerState: 4f28b0ae-387a-4432-9532-ddcfa07ce74c@group-1EA5793BFADC-FollowerState: change to CANDIDATE, lastRpcTime:5030ms, electionTimeout:5029ms
datanode_2  | 2019-10-15 09:19:26,294 INFO util.JmxRegister: Successfully registered JMX Bean with object name Ratis:service=RaftServer,group=group-12ABF5D7BE31,id=ee95cc79-6c40-4458-870b-52a54b3cb635
datanode_1  | 2019-10-15 09:19:26,294 INFO impl.RaftServerImpl: a1365f3d-16ac-4b7f-a270-e1a1884e00ad@group-12ABF5D7BE31: changes role from      null to FOLLOWER at term 0 for startAsFollower
datanode_3  | 2019-10-15 09:19:31,155 INFO impl.RoleInfo: 4f28b0ae-387a-4432-9532-ddcfa07ce74c: shutdown FollowerState
datanode_2  | 2019-10-15 09:19:30,788 INFO impl.FollowerState: ee95cc79-6c40-4458-870b-52a54b3cb635@group-34CA15FAFCEA-FollowerState: change to CANDIDATE, lastRpcTime:5196ms, electionTimeout:5195ms
datanode_3  | 2019-10-15 09:19:31,155 INFO impl.RaftServerImpl: 4f28b0ae-387a-4432-9532-ddcfa07ce74c@group-1EA5793BFADC: changes role from  FOLLOWER to CANDIDATE at term 0 for changeToCandidate
datanode_2  | 2019-10-15 09:19:30,790 INFO impl.RoleInfo: ee95cc79-6c40-4458-870b-52a54b3cb635: shutdown FollowerState
datanode_1  | 2019-10-15 09:19:26,294 INFO impl.RoleInfo: a1365f3d-16ac-4b7f-a270-e1a1884e00ad: start FollowerState
datanode_2  | 2019-10-15 09:19:30,791 INFO impl.RaftServerImpl: ee95cc79-6c40-4458-870b-52a54b3cb635@group-34CA15FAFCEA: changes role from  FOLLOWER to CANDIDATE at term 0 for changeToCandidate
datanode_3  | 2019-10-15 09:19:31,160 INFO impl.RoleInfo: 4f28b0ae-387a-4432-9532-ddcfa07ce74c: start LeaderElection
datanode_1  | 2019-10-15 09:19:26,294 INFO util.JmxRegister: Successfully registered JMX Bean with object name Ratis:service=RaftServer,group=group-12ABF5D7BE31,id=a1365f3d-16ac-4b7f-a270-e1a1884e00ad
datanode_2  | 2019-10-15 09:19:30,795 INFO impl.RoleInfo: ee95cc79-6c40-4458-870b-52a54b3cb635: start LeaderElection
datanode_3  | 2019-10-15 09:19:31,175 INFO impl.LeaderElection: 4f28b0ae-387a-4432-9532-ddcfa07ce74c@group-1EA5793BFADC-LeaderElection1: begin an election at term 1 for -1: [4f28b0ae-387a-4432-9532-ddcfa07ce74c:172.18.0.6:9858], old=null
datanode_1  | 2019-10-15 09:19:30,118 INFO impl.FollowerState: a1365f3d-16ac-4b7f-a270-e1a1884e00ad@group-68213E08AA9A-FollowerState: change to CANDIDATE, lastRpcTime:5079ms, electionTimeout:5079ms
datanode_2  | 2019-10-15 09:19:30,810 INFO impl.LeaderElection: ee95cc79-6c40-4458-870b-52a54b3cb635@group-34CA15FAFCEA-LeaderElection1: begin an election at term 1 for -1: [ee95cc79-6c40-4458-870b-52a54b3cb635:172.18.0.2:9858], old=null
datanode_3  | 2019-10-15 09:19:31,177 INFO impl.RoleInfo: 4f28b0ae-387a-4432-9532-ddcfa07ce74c: shutdown LeaderElection
datanode_3  | 2019-10-15 09:19:31,177 INFO impl.RaftServerImpl: 4f28b0ae-387a-4432-9532-ddcfa07ce74c@group-1EA5793BFADC: changes role from CANDIDATE to LEADER at term 1 for changeToLeader
datanode_2  | 2019-10-15 09:19:30,812 INFO impl.RoleInfo: ee95cc79-6c40-4458-870b-52a54b3cb635: shutdown LeaderElection
datanode_1  | 2019-10-15 09:19:30,121 INFO impl.RoleInfo: a1365f3d-16ac-4b7f-a270-e1a1884e00ad: shutdown FollowerState
datanode_3  | 2019-10-15 09:19:31,177 INFO impl.RaftServerImpl: 4f28b0ae-387a-4432-9532-ddcfa07ce74c@group-1EA5793BFADC: change Leader from null to 4f28b0ae-387a-4432-9532-ddcfa07ce74c at term 1 for becomeLeader, leader elected after 5159ms
datanode_2  | 2019-10-15 09:19:30,812 INFO impl.RaftServerImpl: ee95cc79-6c40-4458-870b-52a54b3cb635@group-34CA15FAFCEA: changes role from CANDIDATE to LEADER at term 1 for changeToLeader
datanode_1  | 2019-10-15 09:19:30,121 INFO impl.RaftServerImpl: a1365f3d-16ac-4b7f-a270-e1a1884e00ad@group-68213E08AA9A: changes role from  FOLLOWER to CANDIDATE at term 0 for changeToCandidate
datanode_3  | 2019-10-15 09:19:31,181 INFO server.RaftServerConfigKeys: raft.server.staging.catchup.gap = 1000 (default)
datanode_2  | 2019-10-15 09:19:30,812 INFO impl.RaftServerImpl: ee95cc79-6c40-4458-870b-52a54b3cb635@group-34CA15FAFCEA: change Leader from null to ee95cc79-6c40-4458-870b-52a54b3cb635 at term 1 for becomeLeader, leader elected after 5321ms
datanode_1  | 2019-10-15 09:19:30,125 INFO impl.RoleInfo: a1365f3d-16ac-4b7f-a270-e1a1884e00ad: start LeaderElection
datanode_3  | 2019-10-15 09:19:31,182 INFO server.RaftServerConfigKeys: raft.server.rpc.sleep.time = 25ms (default)
datanode_2  | 2019-10-15 09:19:30,817 INFO server.RaftServerConfigKeys: raft.server.staging.catchup.gap = 1000 (default)
datanode_1  | 2019-10-15 09:19:30,142 INFO impl.LeaderElection: a1365f3d-16ac-4b7f-a270-e1a1884e00ad@group-68213E08AA9A-LeaderElection1: begin an election at term 1 for -1: [a1365f3d-16ac-4b7f-a270-e1a1884e00ad:172.18.0.3:9858], old=null
datanode_3  | 2019-10-15 09:19:31,185 INFO server.RaftServerConfigKeys: raft.server.write.element-limit = 4096 (default)
datanode_2  | 2019-10-15 09:19:30,817 INFO server.RaftServerConfigKeys: raft.server.rpc.sleep.time = 25ms (default)
datanode_1  | 2019-10-15 09:19:30,143 INFO impl.RoleInfo: a1365f3d-16ac-4b7f-a270-e1a1884e00ad: shutdown LeaderElection
datanode_3  | 2019-10-15 09:19:31,188 INFO server.RaftServerConfigKeys: raft.server.watch.timeout = 10s (default)
datanode_2  | 2019-10-15 09:19:30,822 INFO server.RaftServerConfigKeys: raft.server.write.element-limit = 4096 (default)
datanode_3  | 2019-10-15 09:19:31,189 INFO server.RaftServerConfigKeys: raft.server.watch.timeout.denomination = 1s (default)
datanode_2  | 2019-10-15 09:19:30,826 INFO server.RaftServerConfigKeys: raft.server.watch.timeout = 10s (default)
datanode_1  | 2019-10-15 09:19:30,144 INFO impl.RaftServerImpl: a1365f3d-16ac-4b7f-a270-e1a1884e00ad@group-68213E08AA9A: changes role from CANDIDATE to LEADER at term 1 for changeToLeader
datanode_3  | 2019-10-15 09:19:31,190 INFO server.RaftServerConfigKeys: raft.server.watch.element-limit = 65536 (default)
datanode_2  | 2019-10-15 09:19:30,826 INFO server.RaftServerConfigKeys: raft.server.watch.timeout.denomination = 1s (default)
datanode_1  | 2019-10-15 09:19:30,144 INFO impl.RaftServerImpl: a1365f3d-16ac-4b7f-a270-e1a1884e00ad@group-68213E08AA9A: change Leader from null to a1365f3d-16ac-4b7f-a270-e1a1884e00ad at term 1 for becomeLeader, leader elected after 5204ms
datanode_3  | 2019-10-15 09:19:31,201 INFO impl.RoleInfo: 4f28b0ae-387a-4432-9532-ddcfa07ce74c: start LeaderState
datanode_2  | 2019-10-15 09:19:30,827 INFO server.RaftServerConfigKeys: raft.server.watch.element-limit = 65536 (default)
datanode_1  | 2019-10-15 09:19:30,149 INFO server.RaftServerConfigKeys: raft.server.staging.catchup.gap = 1000 (default)
datanode_2  | 2019-10-15 09:19:30,841 INFO impl.RoleInfo: ee95cc79-6c40-4458-870b-52a54b3cb635: start LeaderState
datanode_3  | 2019-10-15 09:19:31,220 INFO segmented.SegmentedRaftLogWorker: 4f28b0ae-387a-4432-9532-ddcfa07ce74c@group-1EA5793BFADC-SegmentedRaftLogWorker: Starting segment from index:0
datanode_1  | 2019-10-15 09:19:30,149 INFO server.RaftServerConfigKeys: raft.server.rpc.sleep.time = 25ms (default)
datanode_2  | 2019-10-15 09:19:30,863 INFO segmented.SegmentedRaftLogWorker: ee95cc79-6c40-4458-870b-52a54b3cb635@group-34CA15FAFCEA-SegmentedRaftLogWorker: Starting segment from index:0
datanode_3  | 2019-10-15 09:19:31,229 INFO impl.RaftServerImpl: 4f28b0ae-387a-4432-9532-ddcfa07ce74c@group-1EA5793BFADC: set configuration 0: [4f28b0ae-387a-4432-9532-ddcfa07ce74c:172.18.0.6:9858], old=null at 0
datanode_1  | 2019-10-15 09:19:30,153 INFO server.RaftServerConfigKeys: raft.server.write.element-limit = 4096 (default)
datanode_2  | 2019-10-15 09:19:30,871 INFO impl.RaftServerImpl: ee95cc79-6c40-4458-870b-52a54b3cb635@group-34CA15FAFCEA: set configuration 0: [ee95cc79-6c40-4458-870b-52a54b3cb635:172.18.0.2:9858], old=null at 0
datanode_3  | 2019-10-15 09:19:31,333 INFO segmented.SegmentedRaftLogWorker: 4f28b0ae-387a-4432-9532-ddcfa07ce74c@group-1EA5793BFADC-SegmentedRaftLogWorker: created new log segment /data/metadata/ratis/6ba632d8-a715-4ed4-86bd-1ea5793bfadc/current/log_inprogress_0
datanode_2  | 2019-10-15 09:19:30,980 INFO segmented.SegmentedRaftLogWorker: ee95cc79-6c40-4458-870b-52a54b3cb635@group-34CA15FAFCEA-SegmentedRaftLogWorker: created new log segment /data/metadata/ratis/cc4e6262-472a-4f35-b7a1-34ca15fafcea/current/log_inprogress_0
datanode_1  | 2019-10-15 09:19:30,157 INFO server.RaftServerConfigKeys: raft.server.watch.timeout = 10s (default)
datanode_3  | 2019-10-15 09:19:31,371 INFO impl.FollowerState: 4f28b0ae-387a-4432-9532-ddcfa07ce74c@group-12ABF5D7BE31-FollowerState: change to CANDIDATE, lastRpcTime:5104ms, electionTimeout:5104ms
datanode_2  | 2019-10-15 09:19:31,435 INFO impl.FollowerState: ee95cc79-6c40-4458-870b-52a54b3cb635@group-12ABF5D7BE31-FollowerState: change to CANDIDATE, lastRpcTime:5141ms, electionTimeout:5141ms
datanode_1  | 2019-10-15 09:19:30,157 INFO server.RaftServerConfigKeys: raft.server.watch.timeout.denomination = 1s (default)
datanode_3  | 2019-10-15 09:19:31,371 INFO impl.RoleInfo: 4f28b0ae-387a-4432-9532-ddcfa07ce74c: shutdown FollowerState
datanode_2  | 2019-10-15 09:19:31,436 INFO impl.RoleInfo: ee95cc79-6c40-4458-870b-52a54b3cb635: shutdown FollowerState
datanode_1  | 2019-10-15 09:19:30,158 INFO server.RaftServerConfigKeys: raft.server.watch.element-limit = 65536 (default)
datanode_3  | 2019-10-15 09:19:31,371 INFO impl.RaftServerImpl: 4f28b0ae-387a-4432-9532-ddcfa07ce74c@group-12ABF5D7BE31: changes role from  FOLLOWER to CANDIDATE at term 0 for changeToCandidate
datanode_2  | 2019-10-15 09:19:31,436 INFO impl.RaftServerImpl: ee95cc79-6c40-4458-870b-52a54b3cb635@group-12ABF5D7BE31: changes role from  FOLLOWER to CANDIDATE at term 0 for changeToCandidate
datanode_1  | 2019-10-15 09:19:30,173 INFO impl.RoleInfo: a1365f3d-16ac-4b7f-a270-e1a1884e00ad: start LeaderState
datanode_3  | 2019-10-15 09:19:31,372 INFO impl.RoleInfo: 4f28b0ae-387a-4432-9532-ddcfa07ce74c: start LeaderElection
datanode_1  | 2019-10-15 09:19:30,205 INFO segmented.SegmentedRaftLogWorker: a1365f3d-16ac-4b7f-a270-e1a1884e00ad@group-68213E08AA9A-SegmentedRaftLogWorker: Starting segment from index:0
datanode_2  | 2019-10-15 09:19:31,436 INFO impl.RoleInfo: ee95cc79-6c40-4458-870b-52a54b3cb635: start LeaderElection
datanode_3  | 2019-10-15 09:19:31,386 INFO impl.LeaderElection: 4f28b0ae-387a-4432-9532-ddcfa07ce74c@group-12ABF5D7BE31-LeaderElection2: begin an election at term 1 for -1: [a1365f3d-16ac-4b7f-a270-e1a1884e00ad:172.18.0.3:9858, ee95cc79-6c40-4458-870b-52a54b3cb635:172.18.0.2:9858, 4f28b0ae-387a-4432-9532-ddcfa07ce74c:172.18.0.6:9858], old=null
datanode_1  | 2019-10-15 09:19:30,217 INFO impl.RaftServerImpl: a1365f3d-16ac-4b7f-a270-e1a1884e00ad@group-68213E08AA9A: set configuration 0: [a1365f3d-16ac-4b7f-a270-e1a1884e00ad:172.18.0.3:9858], old=null at 0
datanode_2  | 2019-10-15 09:19:31,451 INFO impl.LeaderElection: ee95cc79-6c40-4458-870b-52a54b3cb635@group-12ABF5D7BE31-LeaderElection2: begin an election at term 1 for -1: [a1365f3d-16ac-4b7f-a270-e1a1884e00ad:172.18.0.3:9858, ee95cc79-6c40-4458-870b-52a54b3cb635:172.18.0.2:9858, 4f28b0ae-387a-4432-9532-ddcfa07ce74c:172.18.0.6:9858], old=null
datanode_3  | 2019-10-15 09:19:31,573 INFO impl.LeaderElection: 4f28b0ae-387a-4432-9532-ddcfa07ce74c@group-12ABF5D7BE31-LeaderElection2: Election REJECTED; received 2 response(s) [4f28b0ae-387a-4432-9532-ddcfa07ce74c<-a1365f3d-16ac-4b7f-a270-e1a1884e00ad#0:FAIL-t1, 4f28b0ae-387a-4432-9532-ddcfa07ce74c<-ee95cc79-6c40-4458-870b-52a54b3cb635#0:FAIL-t1] and 0 exception(s); 4f28b0ae-387a-4432-9532-ddcfa07ce74c@group-12ABF5D7BE31:t1, leader=null, voted=4f28b0ae-387a-4432-9532-ddcfa07ce74c, raftlog=4f28b0ae-387a-4432-9532-ddcfa07ce74c@group-12ABF5D7BE31-SegmentedRaftLog:OPENED:c-1,f-1,i0, conf=-1: [a1365f3d-16ac-4b7f-a270-e1a1884e00ad:172.18.0.3:9858, ee95cc79-6c40-4458-870b-52a54b3cb635:172.18.0.2:9858, 4f28b0ae-387a-4432-9532-ddcfa07ce74c:172.18.0.6:9858], old=null
datanode_1  | 2019-10-15 09:19:30,322 INFO segmented.SegmentedRaftLogWorker: a1365f3d-16ac-4b7f-a270-e1a1884e00ad@group-68213E08AA9A-SegmentedRaftLogWorker: created new log segment /data/metadata/ratis/f92c8aea-4888-419c-b319-68213e08aa9a/current/log_inprogress_0
datanode_3  | 2019-10-15 09:19:31,574 INFO impl.RaftServerImpl: 4f28b0ae-387a-4432-9532-ddcfa07ce74c@group-12ABF5D7BE31: changes role from CANDIDATE to FOLLOWER at term 1 for DISCOVERED_A_NEW_TERM
datanode_2  | 2019-10-15 09:19:31,636 INFO impl.LeaderElection: ee95cc79-6c40-4458-870b-52a54b3cb635@group-12ABF5D7BE31-LeaderElection2: Election REJECTED; received 2 response(s) [ee95cc79-6c40-4458-870b-52a54b3cb635<-a1365f3d-16ac-4b7f-a270-e1a1884e00ad#0:FAIL-t1, ee95cc79-6c40-4458-870b-52a54b3cb635<-4f28b0ae-387a-4432-9532-ddcfa07ce74c#0:FAIL-t1] and 0 exception(s); ee95cc79-6c40-4458-870b-52a54b3cb635@group-12ABF5D7BE31:t1, leader=null, voted=ee95cc79-6c40-4458-870b-52a54b3cb635, raftlog=ee95cc79-6c40-4458-870b-52a54b3cb635@group-12ABF5D7BE31-SegmentedRaftLog:OPENED:c-1,f-1,i0, conf=-1: [a1365f3d-16ac-4b7f-a270-e1a1884e00ad:172.18.0.3:9858, ee95cc79-6c40-4458-870b-52a54b3cb635:172.18.0.2:9858, 4f28b0ae-387a-4432-9532-ddcfa07ce74c:172.18.0.6:9858], old=null
