rm_1        | INFO: Registering org.apache.hadoop.yarn.server.resourcemanager.webapp.JAXBContextResolver as a provider class
nm_1        | 2019-10-21 21:10:42 INFO  NodeStatusUpdaterImpl:466 - Registered with ResourceManager as nm:46241 with total resource of <memory:8192, vCores:8>
datanode_3  | 2019-10-21 21:10:50,963 INFO server.RaftServerConfigKeys: raft.server.log.use.memory = false (default)
scm_1       | 	at java.base/java.util.stream.ReferencePipeline.forEach(ReferencePipeline.java:497)
datanode_1  | 2019-10-21 21:10:50,742 INFO server.RaftServerConfigKeys: raft.server.log.preallocated.size = 16384 (custom)
datanode_2  | 2019-10-21 21:10:51,128 INFO impl.LeaderElection: a0450bae-0c64-4485-b13a-b8f9cd6e39c9@group-F9629C153D51-LeaderElection1: Election TIMEOUT; received 0 response(s) [] and 0 exception(s); a0450bae-0c64-4485-b13a-b8f9cd6e39c9@group-F9629C153D51:t3, leader=null, voted=a0450bae-0c64-4485-b13a-b8f9cd6e39c9, raftlog=a0450bae-0c64-4485-b13a-b8f9cd6e39c9@group-F9629C153D51-SegmentedRaftLog:OPENED:c-1,f-1,i0, conf=-1: [1fe8acd3-7bb9-4c2e-b275-9df60aef7e88:172.18.0.9:9858, 7d8f32f3-9d5c-4cd4-b8f9-a0b5bb1b4dd1:172.18.0.4:9858, a0450bae-0c64-4485-b13a-b8f9cd6e39c9:172.18.0.2:9858], old=null
rm_1        | Oct 21, 2019 9:10:39 PM com.sun.jersey.guice.spi.container.GuiceComponentProviderFactory register
nm_1        | 2019-10-21 21:11:50 INFO  Server:1845 - Auth successful for appattempt_1571692241133_0001_000001 (auth:SIMPLE)
datanode_3  | 2019-10-21 21:10:50,963 INFO server.RaftServerConfigKeys: raft.server.log.purge.gap = 1000000 (custom)
scm_1       | 	at java.base/java.util.stream.ReferencePipeline$Head.forEach(ReferencePipeline.java:661)
datanode_1  | 2019-10-21 21:10:50,742 INFO server.RaftServerConfigKeys: raft.server.log.write.buffer.size = 33554432 (custom)
datanode_2  | 2019-10-21 21:10:51,134 INFO storage.RaftStorage: Storage directory /data/metadata/ratis/9864f5cf-637d-496d-9d3d-b656e4a9624c has been successfully formatted.
rm_1        | INFO: Registering org.apache.hadoop.yarn.server.resourcemanager.webapp.RMWebServices as a root resource class
datanode_3  | 2019-10-21 21:10:50,963 INFO server.RaftServerConfigKeys: raft.server.log.appender.buffer.byte-limit = 33554432 (custom)
scm_1       | 	at org.apache.hadoop.hdds.scm.pipeline.RatisPipelineProvider.lambda$callRatisRpc$6(RatisPipelineProvider.java:227)
datanode_1  | 2019-10-21 21:10:50,742 INFO server.RaftServerConfigKeys: raft.server.log.force.sync.num = 128 (default)
nm_1        | 2019-10-21 21:11:51 INFO  ContainerManagerImpl:1070 - Start request for container_1571692241133_0001_01_000001 by user hadoop
datanode_2  | 2019-10-21 21:10:51,135 INFO impl.LeaderElection: a0450bae-0c64-4485-b13a-b8f9cd6e39c9@group-F9629C153D51-LeaderElection1: begin an election at term 4 for -1: [1fe8acd3-7bb9-4c2e-b275-9df60aef7e88:172.18.0.9:9858, 7d8f32f3-9d5c-4cd4-b8f9-a0b5bb1b4dd1:172.18.0.4:9858, a0450bae-0c64-4485-b13a-b8f9cd6e39c9:172.18.0.2:9858], old=null
rm_1        | Oct 21, 2019 9:10:39 PM com.sun.jersey.guice.spi.container.GuiceComponentProviderFactory register
datanode_3  | 2019-10-21 21:10:50,963 INFO server.RaftServerConfigKeys: raft.server.log.segment.size.max = 1048576 (custom)
scm_1       | 	at java.base/java.util.concurrent.ForkJoinTask$AdaptedRunnableAction.exec(ForkJoinTask.java:1407)
datanode_1  | 2019-10-21 21:10:50,742 INFO server.RaftServerConfigKeys: raft.server.log.statemachine.data.sync = true (default)
nm_1        | 2019-10-21 21:11:51 INFO  ContainerManagerImpl:1122 - Creating a new application reference for app application_1571692241133_0001
datanode_2  | 2019-10-21 21:10:51,136 [pool-8-thread-1] INFO       - group-B656E4A9624C: The snapshot info is null. Setting the last applied indexto:(t:0, i:~)
rm_1        | INFO: Registering org.apache.hadoop.yarn.webapp.GenericExceptionHandler as a provider class
datanode_3  | 2019-10-21 21:10:50,964 INFO server.RaftServerConfigKeys: raft.server.log.segment.cache.num.max = 2 (custom)
scm_1       | 	at java.base/java.util.concurrent.ForkJoinTask.doExec(ForkJoinTask.java:290)
datanode_1  | 2019-10-21 21:10:50,742 INFO server.RaftServerConfigKeys: raft.server.log.statemachine.data.sync.timeout = 10s (default)
nm_1        | 2019-10-21 21:11:51 INFO  ApplicationImpl:655 - Application application_1571692241133_0001 transitioned from NEW to INITING
datanode_2  | 2019-10-21 21:10:51,136 INFO server.RaftServerConfigKeys: raft.server.notification.no-leader.timeout = 120s (custom)
rm_1        | Oct 21, 2019 9:10:39 PM com.sun.jersey.server.impl.application.WebApplicationImpl _initiate
datanode_3  | 2019-10-21 21:10:50,964 INFO segmented.SegmentedRaftLogWorker: new 1fe8acd3-7bb9-4c2e-b275-9df60aef7e88@group-443E2E4E1476-SegmentedRaftLogWorker for RaftStorage:Storage Directory /data/metadata/ratis/206b03d0-9ab6-494c-83e5-443e2e4e1476
scm_1       | 	at java.base/java.util.concurrent.ForkJoinPool$WorkQueue.topLevelExec(ForkJoinPool.java:1020)
nm_1        | 2019-10-21 21:11:51 INFO  NMAuditLogger:94 - USER=hadoop	IP=172.18.0.3	OPERATION=Start Container Request	TARGET=ContainerManageImpl	RESULT=SUCCESS	APPID=application_1571692241133_0001	CONTAINERID=container_1571692241133_0001_01_000001
rm_1        | INFO: Initiating Jersey application, version 'Jersey: 1.19 02/11/2015 03:25 AM'
datanode_2  | 2019-10-21 21:10:51,136 INFO server.RaftServerConfigKeys: raft.server.log.use.memory = false (default)
datanode_3  | 2019-10-21 21:10:50,964 INFO server.RaftServerConfigKeys: raft.server.log.queue.byte-limit = 2147483647 (custom)
scm_1       | 	at java.base/java.util.concurrent.ForkJoinPool.scan(ForkJoinPool.java:1656)
nm_1        | 2019-10-21 21:11:51 INFO  ApplicationImpl:463 - Adding container_1571692241133_0001_01_000001 to application application_1571692241133_0001
rm_1        | Oct 21, 2019 9:10:39 PM com.sun.jersey.guice.spi.container.GuiceComponentProviderFactory getComponentProvider
datanode_2  | 2019-10-21 21:10:51,137 INFO server.RaftServerConfigKeys: raft.server.log.purge.gap = 1000000 (custom)
datanode_1  | 2019-10-21 21:10:50,742 INFO server.RaftServerConfigKeys: raft.server.log.statemachine.data.sync.timeout.retry = -1 (default)
datanode_3  | 2019-10-21 21:10:50,964 INFO server.RaftServerConfigKeys: raft.server.log.queue.element-limit = 1024 (custom)
scm_1       | 	at java.base/java.util.concurrent.ForkJoinPool.runWorker(ForkJoinPool.java:1594)
nm_1        | 2019-10-21 21:11:51 INFO  ApplicationImpl:655 - Application application_1571692241133_0001 transitioned from INITING to RUNNING
rm_1        | INFO: Binding org.apache.hadoop.yarn.server.resourcemanager.webapp.JAXBContextResolver to GuiceManagedComponentProvider with the scope "Singleton"
scm_1       | 	at java.base/java.util.concurrent.ForkJoinWorkerThread.run(ForkJoinWorkerThread.java:177)
nm_1        | 2019-10-21 21:11:51 INFO  ContainerImpl:2126 - Container container_1571692241133_0001_01_000001 transitioned from NEW to LOCALIZING
datanode_3  | 2019-10-21 21:10:50,965 INFO server.RaftServerConfigKeys: raft.server.log.segment.size.max = 1048576 (custom)
rm_1        | Oct 21, 2019 9:10:40 PM com.sun.jersey.guice.spi.container.GuiceComponentProviderFactory getComponentProvider
datanode_2  | 2019-10-21 21:10:51,137 INFO server.RaftServerConfigKeys: raft.server.log.appender.buffer.byte-limit = 33554432 (custom)
datanode_1  | 2019-10-21 21:10:50,743 INFO server.RaftServerConfigKeys: raft.server.log.statemachine.data.caching.enabled = true (custom)
nm_1        | 2019-10-21 21:11:51 INFO  AuxServices:350 - Got event CONTAINER_INIT for appId application_1571692241133_0001
scm_1       | Caused by: org.apache.ratis.thirdparty.io.grpc.StatusRuntimeException: DEADLINE_EXCEEDED: deadline exceeded after 2954270181ns
datanode_3  | 2019-10-21 21:10:50,965 INFO server.RaftServerConfigKeys: raft.server.log.preallocated.size = 16384 (custom)
rm_1        | INFO: Binding org.apache.hadoop.yarn.webapp.GenericExceptionHandler to GuiceManagedComponentProvider with the scope "Singleton"
datanode_2  | 2019-10-21 21:10:51,137 INFO server.RaftServerConfigKeys: raft.server.log.segment.size.max = 1048576 (custom)
datanode_1  | 2019-10-21 21:10:50,743 INFO segmented.SegmentedRaftLogWorker: 7d8f32f3-9d5c-4cd4-b8f9-a0b5bb1b4dd1@group-F9629C153D51-SegmentedRaftLogWorker: flushIndex: setUnconditionally 0 -> -1
nm_1        | 2019-10-21 21:11:51 INFO  ResourceLocalizationService:801 - Created localizer for container_1571692241133_0001_01_000001
scm_1       | 	at org.apache.ratis.thirdparty.io.grpc.stub.ClientCalls.toStatusRuntimeException(ClientCalls.java:233)
datanode_3  | 2019-10-21 21:10:50,965 INFO server.RaftServerConfigKeys: raft.server.log.write.buffer.size = 33554432 (custom)
rm_1        | Oct 21, 2019 9:10:40 PM com.sun.jersey.guice.spi.container.GuiceComponentProviderFactory getComponentProvider
datanode_2  | 2019-10-21 21:10:51,137 INFO server.RaftServerConfigKeys: raft.server.log.segment.cache.num.max = 2 (custom)
datanode_1  | 2019-10-21 21:10:50,743 INFO server.RaftServerConfigKeys: raft.server.snapshot.auto.trigger.enabled = true (custom)
nm_1        | 2019-10-21 21:11:51 INFO  ResourceLocalizationService:1331 - Writing credentials to the nmPrivate file /tmp/hadoop-hadoop/nm-local-dir/nmPrivate/container_1571692241133_0001_01_000001.tokens
scm_1       | 	at org.apache.ratis.thirdparty.io.grpc.stub.ClientCalls.getUnchecked(ClientCalls.java:214)
datanode_3  | 2019-10-21 21:10:50,965 INFO server.RaftServerConfigKeys: raft.server.log.force.sync.num = 128 (default)
rm_1        | INFO: Binding org.apache.hadoop.yarn.server.resourcemanager.webapp.RMWebServices to GuiceManagedComponentProvider with the scope "Singleton"
datanode_2  | 2019-10-21 21:10:51,138 INFO segmented.SegmentedRaftLogWorker: new a0450bae-0c64-4485-b13a-b8f9cd6e39c9@group-B656E4A9624C-SegmentedRaftLogWorker for RaftStorage:Storage Directory /data/metadata/ratis/9864f5cf-637d-496d-9d3d-b656e4a9624c
datanode_1  | 2019-10-21 21:10:50,744 INFO server.RaftServerConfigKeys: raft.server.snapshot.auto.trigger.threshold = 10000 (custom)
nm_1        | 2019-10-21 21:11:51 INFO  DefaultContainerExecutor:836 - Initializing user hadoop
scm_1       | 	at org.apache.ratis.thirdparty.io.grpc.stub.ClientCalls.blockingUnaryCall(ClientCalls.java:139)
rm_1        | 2019-10-21 21:10:40 INFO  ContextHandler:781 - Started o.e.j.w.WebAppContext@4defd42{/,file:///tmp/jetty-rm-8088-cluster-_-any-6324204645923496332.dir/webapp/,AVAILABLE}{/cluster}
datanode_2  | 2019-10-21 21:10:51,138 INFO server.RaftServerConfigKeys: raft.server.log.queue.byte-limit = 2147483647 (custom)
datanode_3  | 2019-10-21 21:10:50,965 INFO server.RaftServerConfigKeys: raft.server.log.statemachine.data.sync = true (default)
datanode_1  | 2019-10-21 21:10:50,744 INFO server.RaftServerConfigKeys: raft.server.snapshot.retention.file.num = 5 (custom)
nm_1        | 2019-10-21 21:11:51 INFO  DefaultContainerExecutor:166 - Copying from /tmp/hadoop-hadoop/nm-local-dir/nmPrivate/container_1571692241133_0001_01_000001.tokens to /tmp/hadoop-hadoop/nm-local-dir/usercache/hadoop/appcache/application_1571692241133_0001/container_1571692241133_0001_01_000001.tokens
rm_1        | 2019-10-21 21:10:40 INFO  AbstractConnector:278 - Started ServerConnector@53a665ad{HTTP/1.1,[http/1.1]}{rm:8088}
scm_1       | 	at org.apache.ratis.proto.grpc.AdminProtocolServiceGrpc$AdminProtocolServiceBlockingStub.groupManagement(AdminProtocolServiceGrpc.java:274)
datanode_2  | 2019-10-21 21:10:51,138 INFO server.RaftServerConfigKeys: raft.server.log.queue.element-limit = 1024 (custom)
datanode_3  | 2019-10-21 21:10:50,965 INFO server.RaftServerConfigKeys: raft.server.log.statemachine.data.sync.timeout = 10s (default)
datanode_1  | 2019-10-21 21:10:50,744 INFO server.RaftServerConfigKeys: raft.server.retrycache.expirytime = 600000ms (custom)
nm_1        | 2019-10-21 21:11:51 INFO  DefaultContainerExecutor:174 - Localizer CWD set to /tmp/hadoop-hadoop/nm-local-dir/usercache/hadoop/appcache/application_1571692241133_0001 = file:/tmp/hadoop-hadoop/nm-local-dir/usercache/hadoop/appcache/application_1571692241133_0001
rm_1        | 2019-10-21 21:10:40 INFO  Server:419 - Started @4687ms
scm_1       | 	at org.apache.ratis.grpc.client.GrpcClientProtocolClient.lambda$groupAdd$3(GrpcClientProtocolClient.java:155)
scm_1       | 	at org.apache.ratis.grpc.client.GrpcClientProtocolClient.blockingCall(GrpcClientProtocolClient.java:182)
datanode_1  | 2019-10-21 21:10:50,748 INFO impl.RaftServerImpl: 7d8f32f3-9d5c-4cd4-b8f9-a0b5bb1b4dd1@group-F9C3827239C8: start as a follower, conf=-1: [7d8f32f3-9d5c-4cd4-b8f9-a0b5bb1b4dd1:172.18.0.4:9858], old=null
nm_1        | 2019-10-21 21:11:51 INFO  ContainerLocalizer:139 - Disk Validator: yarn.nodemanager.disk-validator is loaded.
datanode_2  | 2019-10-21 21:10:51,138 INFO server.RaftServerConfigKeys: raft.server.log.segment.size.max = 1048576 (custom)
rm_1        | 2019-10-21 21:10:40 INFO  WebApps:440 - Web app cluster started at 8088
datanode_3  | 2019-10-21 21:10:50,965 INFO server.RaftServerConfigKeys: raft.server.log.statemachine.data.sync.timeout.retry = -1 (default)
scm_1       | 	... 26 more
datanode_1  | 2019-10-21 21:10:50,750 INFO impl.RaftServerImpl: 7d8f32f3-9d5c-4cd4-b8f9-a0b5bb1b4dd1@group-F9C3827239C8: changes role from      null to FOLLOWER at term 0 for startAsFollower
nm_1        | 2019-10-21 21:11:51 INFO  Configuration:3318 - Removed undeclared tags:
datanode_2  | 2019-10-21 21:10:51,138 INFO server.RaftServerConfigKeys: raft.server.log.preallocated.size = 16384 (custom)
rm_1        | 2019-10-21 21:10:40 INFO  CallQueueManager:84 - Using callQueue: class java.util.concurrent.LinkedBlockingQueue queueCapacity: 100 scheduler: class org.apache.hadoop.ipc.DefaultRpcScheduler
datanode_3  | 2019-10-21 21:10:50,966 INFO server.RaftServerConfigKeys: raft.server.log.statemachine.data.caching.enabled = true (custom)
scm_1       | 2019-10-21 21:10:50,822 INFO pipeline.PipelineStateManager: Created pipeline Pipeline[ Id: 0622e463-e94c-41d6-b708-f9629c153d51, Nodes: 7d8f32f3-9d5c-4cd4-b8f9-a0b5bb1b4dd1{ip: 172.18.0.4, host: hadoop31_datanode_1.hadoop31_default, networkLocation: /default-rack, certSerialId: null}1fe8acd3-7bb9-4c2e-b275-9df60aef7e88{ip: 172.18.0.9, host: hadoop31_datanode_3.hadoop31_default, networkLocation: /default-rack, certSerialId: null}a0450bae-0c64-4485-b13a-b8f9cd6e39c9{ip: 172.18.0.2, host: hadoop31_datanode_2.hadoop31_default, networkLocation: /default-rack, certSerialId: null}, Type:RATIS, Factor:THREE, State:OPEN]
datanode_1  | 2019-10-21 21:10:50,751 INFO impl.RoleInfo: 7d8f32f3-9d5c-4cd4-b8f9-a0b5bb1b4dd1: start FollowerState
nm_1        | 2019-10-21 21:11:51 INFO  Configuration:3318 - Removed undeclared tags:
datanode_2  | 2019-10-21 21:10:51,138 INFO server.RaftServerConfigKeys: raft.server.log.write.buffer.size = 33554432 (custom)
rm_1        | 2019-10-21 21:10:40 INFO  Server:1070 - Starting Socket Reader #1 for port 8033
datanode_3  | 2019-10-21 21:10:50,966 INFO segmented.SegmentedRaftLogWorker: 1fe8acd3-7bb9-4c2e-b275-9df60aef7e88@group-443E2E4E1476-SegmentedRaftLogWorker: flushIndex: setUnconditionally 0 -> -1
scm_1       | 2019-10-21 21:10:50,899 INFO pipeline.PipelineStateManager: Created pipeline Pipeline[ Id: 2cb73325-7118-4dee-bf60-0d8a963cc892, Nodes: 7d8f32f3-9d5c-4cd4-b8f9-a0b5bb1b4dd1{ip: 172.18.0.4, host: hadoop31_datanode_1.hadoop31_default, networkLocation: /default-rack, certSerialId: null}, Type:RATIS, Factor:ONE, State:OPEN]
datanode_1  | 2019-10-21 21:10:50,754 INFO util.JmxRegister: Successfully registered JMX Bean with object name Ratis:service=RaftServer,group=group-F9C3827239C8,id=7d8f32f3-9d5c-4cd4-b8f9-a0b5bb1b4dd1
nm_1        | 2019-10-21 21:11:52 WARN  MetricsSystemImpl:151 - NodeManager metrics system already initialized!
datanode_2  | 2019-10-21 21:10:51,139 INFO server.RaftServerConfigKeys: raft.server.log.force.sync.num = 128 (default)
rm_1        | 2019-10-21 21:10:41 INFO  RpcServerFactoryPBImpl:173 - Adding protocol org.apache.hadoop.yarn.server.api.ResourceManagerAdministrationProtocolPB to the server
datanode_3  | 2019-10-21 21:10:50,967 INFO server.RaftServerConfigKeys: raft.server.snapshot.auto.trigger.enabled = true (custom)
scm_1       | 2019-10-21 21:10:50,999 INFO pipeline.PipelineStateManager: Created pipeline Pipeline[ Id: 206b03d0-9ab6-494c-83e5-443e2e4e1476, Nodes: 1fe8acd3-7bb9-4c2e-b275-9df60aef7e88{ip: 172.18.0.9, host: hadoop31_datanode_3.hadoop31_default, networkLocation: /default-rack, certSerialId: null}, Type:RATIS, Factor:ONE, State:OPEN]
datanode_1  | 2019-10-21 21:10:50,772 INFO impl.RaftServerImpl: 7d8f32f3-9d5c-4cd4-b8f9-a0b5bb1b4dd1@group-F9629C153D51: start as a follower, conf=-1: [1fe8acd3-7bb9-4c2e-b275-9df60aef7e88:172.18.0.9:9858, 7d8f32f3-9d5c-4cd4-b8f9-a0b5bb1b4dd1:172.18.0.4:9858, a0450bae-0c64-4485-b13a-b8f9cd6e39c9:172.18.0.2:9858], old=null
nm_1        | 2019-10-21 21:11:52 INFO  Configuration:3318 - Removed undeclared tags:
datanode_2  | 2019-10-21 21:10:51,139 INFO server.RaftServerConfigKeys: raft.server.log.statemachine.data.sync = true (default)
rm_1        | 2019-10-21 21:10:41 INFO  Server:1310 - IPC Server Responder: starting
datanode_3  | 2019-10-21 21:10:50,967 INFO server.RaftServerConfigKeys: raft.server.snapshot.auto.trigger.threshold = 10000 (custom)
scm_1       | 2019-10-21 21:10:51,228 INFO pipeline.PipelineStateManager: Created pipeline Pipeline[ Id: 9864f5cf-637d-496d-9d3d-b656e4a9624c, Nodes: a0450bae-0c64-4485-b13a-b8f9cd6e39c9{ip: 172.18.0.2, host: hadoop31_datanode_2.hadoop31_default, networkLocation: /default-rack, certSerialId: null}, Type:RATIS, Factor:ONE, State:OPEN]
datanode_1  | 2019-10-21 21:10:50,772 INFO impl.RaftServerImpl: 7d8f32f3-9d5c-4cd4-b8f9-a0b5bb1b4dd1@group-F9629C153D51: changes role from      null to FOLLOWER at term 0 for startAsFollower
nm_1        | 2019-10-21 21:11:52 INFO  Configuration:3318 - Removed undeclared tags:
datanode_2  | 2019-10-21 21:10:51,139 INFO server.RaftServerConfigKeys: raft.server.log.statemachine.data.sync.timeout = 10s (default)
rm_1        | 2019-10-21 21:10:41 INFO  Server:1149 - IPC Server listener on 8033: starting
scm_1       | 2019-10-21 21:11:13,922 INFO server.SCMBlockProtocolServer: Allocating 1 blocks of size 268435456, with ExcludeList {datanodes = [], containerIds = [], pipelineIds = []}
datanode_1  | 2019-10-21 21:10:50,772 INFO impl.RoleInfo: 7d8f32f3-9d5c-4cd4-b8f9-a0b5bb1b4dd1: start FollowerState
datanode_3  | 2019-10-21 21:10:50,967 INFO server.RaftServerConfigKeys: raft.server.snapshot.retention.file.num = 5 (custom)
nm_1        | 2019-10-21 21:11:52 INFO  Configuration:3318 - Removed undeclared tags:
datanode_2  | 2019-10-21 21:10:51,139 INFO server.RaftServerConfigKeys: raft.server.log.statemachine.data.sync.timeout.retry = -1 (default)
rm_1        | 2019-10-21 21:10:41 INFO  ResourceManager:1263 - Transitioning to active state
scm_1       | 2019-10-21 21:11:34,133 INFO server.SCMBlockProtocolServer: Allocating 1 blocks of size 268435456, with ExcludeList {datanodes = [], containerIds = [], pipelineIds = []}
datanode_1  | 2019-10-21 21:10:50,773 INFO util.JmxRegister: Successfully registered JMX Bean with object name Ratis:service=RaftServer,group=group-F9629C153D51,id=7d8f32f3-9d5c-4cd4-b8f9-a0b5bb1b4dd1
datanode_3  | 2019-10-21 21:10:50,967 INFO server.RaftServerConfigKeys: raft.server.retrycache.expirytime = 600000ms (custom)
nm_1        | 2019-10-21 21:11:53 INFO  Configuration:3318 - Removed undeclared tags:
datanode_2  | 2019-10-21 21:10:51,139 INFO server.RaftServerConfigKeys: raft.server.log.statemachine.data.caching.enabled = true (custom)
rm_1        | 2019-10-21 21:10:41 INFO  RMStateStore:549 - Updating AMRMToken
scm_1       | 2019-10-21 21:11:43,725 INFO server.SCMBlockProtocolServer: Allocating 1 blocks of size 268435456, with ExcludeList {datanodes = [], containerIds = [], pipelineIds = []}
datanode_1  | 2019-10-21 21:10:50,834 INFO impl.FollowerState: 7d8f32f3-9d5c-4cd4-b8f9-a0b5bb1b4dd1@group-F9C3827239C8-FollowerState: change to CANDIDATE, lastRpcTime:83ms, electionTimeout:83ms
datanode_3  | 2019-10-21 21:10:50,975 INFO impl.RaftServerImpl: 1fe8acd3-7bb9-4c2e-b275-9df60aef7e88@group-443E2E4E1476: start as a follower, conf=-1: [1fe8acd3-7bb9-4c2e-b275-9df60aef7e88:172.18.0.9:9858], old=null
nm_1        | 2019-10-21 21:11:53 INFO  ContainerImpl:2126 - Container container_1571692241133_0001_01_000001 transitioned from LOCALIZING to SCHEDULED
datanode_2  | 2019-10-21 21:10:51,150 INFO segmented.SegmentedRaftLogWorker: a0450bae-0c64-4485-b13a-b8f9cd6e39c9@group-B656E4A9624C-SegmentedRaftLogWorker: flushIndex: setUnconditionally 0 -> -1
rm_1        | 2019-10-21 21:10:41 INFO  RMContainerTokenSecretManager:109 - Rolling master-key for container-tokens
scm_1       | 2019-10-21 21:11:45,622 INFO server.SCMBlockProtocolServer: Allocating 1 blocks of size 268435456, with ExcludeList {datanodes = [], containerIds = [], pipelineIds = []}
datanode_1  | 2019-10-21 21:10:50,842 INFO impl.FollowerState: 7d8f32f3-9d5c-4cd4-b8f9-a0b5bb1b4dd1@group-F9629C153D51-FollowerState: change to CANDIDATE, lastRpcTime:69ms, electionTimeout:67ms
datanode_3  | 2019-10-21 21:10:50,975 INFO impl.RaftServerImpl: 1fe8acd3-7bb9-4c2e-b275-9df60aef7e88@group-443E2E4E1476: changes role from      null to FOLLOWER at term 0 for startAsFollower
nm_1        | 2019-10-21 21:11:53 INFO  ContainerScheduler:511 - Starting container [container_1571692241133_0001_01_000001]
datanode_2  | 2019-10-21 21:10:51,151 INFO server.RaftServerConfigKeys: raft.server.snapshot.auto.trigger.enabled = true (custom)
rm_1        | 2019-10-21 21:10:41 INFO  NMTokenSecretManagerInRM:95 - Rolling master-key for nm-tokens
scm_1       | 2019-10-21 21:11:45,854 INFO server.SCMBlockProtocolServer: Allocating 1 blocks of size 268435456, with ExcludeList {datanodes = [], containerIds = [], pipelineIds = []}
datanode_1  | 2019-10-21 21:10:50,844 INFO impl.RoleInfo: 7d8f32f3-9d5c-4cd4-b8f9-a0b5bb1b4dd1: shutdown FollowerState
datanode_3  | 2019-10-21 21:10:50,975 INFO impl.RoleInfo: 1fe8acd3-7bb9-4c2e-b275-9df60aef7e88: start FollowerState
nm_1        | 2019-10-21 21:11:53 INFO  Configuration:3318 - Removed undeclared tags:
datanode_2  | 2019-10-21 21:10:51,151 INFO server.RaftServerConfigKeys: raft.server.snapshot.auto.trigger.threshold = 10000 (custom)
scm_1       | 2019-10-21 21:11:46,862 INFO server.SCMBlockProtocolServer: Allocating 1 blocks of size 268435456, with ExcludeList {datanodes = [], containerIds = [], pipelineIds = []}
datanode_1  | 2019-10-21 21:10:50,844 INFO impl.RoleInfo: 7d8f32f3-9d5c-4cd4-b8f9-a0b5bb1b4dd1: shutdown FollowerState
rm_1        | 2019-10-21 21:10:41 INFO  AbstractDelegationTokenSecretManager:347 - Updating the current master key for generating delegation tokens
nm_1        | 2019-10-21 21:11:53 INFO  ContainerImpl:2126 - Container container_1571692241133_0001_01_000001 transitioned from SCHEDULED to RUNNING
datanode_3  | 2019-10-21 21:10:50,976 INFO util.JmxRegister: Successfully registered JMX Bean with object name Ratis:service=RaftServer,group=group-443E2E4E1476,id=1fe8acd3-7bb9-4c2e-b275-9df60aef7e88
datanode_2  | 2019-10-21 21:10:51,153 INFO server.RaftServerConfigKeys: raft.server.snapshot.retention.file.num = 5 (custom)
scm_1       | 2019-10-21 21:11:47,927 INFO server.SCMBlockProtocolServer: Allocating 1 blocks of size 268435456, with ExcludeList {datanodes = [], containerIds = [], pipelineIds = []}
datanode_1  | 2019-10-21 21:10:50,845 INFO impl.RaftServerImpl: 7d8f32f3-9d5c-4cd4-b8f9-a0b5bb1b4dd1@group-F9C3827239C8: changes role from  FOLLOWER to CANDIDATE at term 0 for changeToCandidate
rm_1        | 2019-10-21 21:10:41 INFO  RMDelegationTokenSecretManager:92 - storing master key with keyID 1
nm_1        | 2019-10-21 21:11:53 INFO  ContainersMonitorImpl:943 - Starting resource-monitoring for container_1571692241133_0001_01_000001
datanode_3  | 2019-10-21 21:10:51,101 INFO impl.LeaderElection: 1fe8acd3-7bb9-4c2e-b275-9df60aef7e88@group-F9629C153D51-LeaderElection1: Election TIMEOUT; received 0 response(s) [] and 0 exception(s); 1fe8acd3-7bb9-4c2e-b275-9df60aef7e88@group-F9629C153D51:t3, leader=null, voted=1fe8acd3-7bb9-4c2e-b275-9df60aef7e88, raftlog=1fe8acd3-7bb9-4c2e-b275-9df60aef7e88@group-F9629C153D51-SegmentedRaftLog:OPENED:c-1,f-1,i0, conf=-1: [1fe8acd3-7bb9-4c2e-b275-9df60aef7e88:172.18.0.9:9858, 7d8f32f3-9d5c-4cd4-b8f9-a0b5bb1b4dd1:172.18.0.4:9858, a0450bae-0c64-4485-b13a-b8f9cd6e39c9:172.18.0.2:9858], old=null
datanode_2  | 2019-10-21 21:10:51,155 INFO server.RaftServerConfigKeys: raft.server.retrycache.expirytime = 600000ms (custom)
scm_1       | 2019-10-21 21:11:48,119 INFO server.SCMBlockProtocolServer: Allocating 1 blocks of size 268435456, with ExcludeList {datanodes = [], containerIds = [], pipelineIds = []}
datanode_1  | 2019-10-21 21:10:50,845 INFO impl.RaftServerImpl: 7d8f32f3-9d5c-4cd4-b8f9-a0b5bb1b4dd1@group-F9629C153D51: changes role from  FOLLOWER to CANDIDATE at term 0 for changeToCandidate
rm_1        | 2019-10-21 21:10:41 INFO  RMStateStore:500 - Storing RMDTMasterKey.
nm_1        | 2019-10-21 21:11:53 INFO  DefaultContainerExecutor:370 - launchContainer: [bash, /tmp/hadoop-hadoop/nm-local-dir/usercache/hadoop/appcache/application_1571692241133_0001/container_1571692241133_0001_01_000001/default_container_executor.sh]
datanode_3  | 2019-10-21 21:10:51,135 INFO impl.LeaderElection: 1fe8acd3-7bb9-4c2e-b275-9df60aef7e88@group-F9629C153D51-LeaderElection1: begin an election at term 4 for -1: [1fe8acd3-7bb9-4c2e-b275-9df60aef7e88:172.18.0.9:9858, 7d8f32f3-9d5c-4cd4-b8f9-a0b5bb1b4dd1:172.18.0.4:9858, a0450bae-0c64-4485-b13a-b8f9cd6e39c9:172.18.0.2:9858], old=null
datanode_2  | 2019-10-21 21:10:51,171 INFO impl.LeaderElection: a0450bae-0c64-4485-b13a-b8f9cd6e39c9@group-F9629C153D51-LeaderElection1: Election TIMEOUT; received 0 response(s) [] and 0 exception(s); a0450bae-0c64-4485-b13a-b8f9cd6e39c9@group-F9629C153D51:t4, leader=null, voted=a0450bae-0c64-4485-b13a-b8f9cd6e39c9, raftlog=a0450bae-0c64-4485-b13a-b8f9cd6e39c9@group-F9629C153D51-SegmentedRaftLog:OPENED:c-1,f-1,i0, conf=-1: [1fe8acd3-7bb9-4c2e-b275-9df60aef7e88:172.18.0.9:9858, 7d8f32f3-9d5c-4cd4-b8f9-a0b5bb1b4dd1:172.18.0.4:9858, a0450bae-0c64-4485-b13a-b8f9cd6e39c9:172.18.0.2:9858], old=null
datanode_1  | 2019-10-21 21:10:50,849 INFO impl.RoleInfo: 7d8f32f3-9d5c-4cd4-b8f9-a0b5bb1b4dd1: start LeaderElection
rm_1        | 2019-10-21 21:10:41 INFO  AbstractDelegationTokenSecretManager:679 - Starting expired delegation token remover thread, tokenRemoverScanInterval=60 min(s)
scm_1       | 2019-10-21 21:11:48,354 INFO server.SCMBlockProtocolServer: Allocating 1 blocks of size 268435456, with ExcludeList {datanodes = [], containerIds = [], pipelineIds = []}
nm_1        | 2019-10-21 21:11:54 INFO  ContainersMonitorImpl:567 - container_1571692241133_0001_01_000001's ip = 172.18.0.5, and hostname = nm
datanode_3  | 2019-10-21 21:10:51,142 INFO impl.FollowerState: 1fe8acd3-7bb9-4c2e-b275-9df60aef7e88@group-443E2E4E1476-FollowerState: change to CANDIDATE, lastRpcTime:166ms, electionTimeout:166ms
datanode_2  | 2019-10-21 21:10:51,183 INFO impl.RaftServerImpl: a0450bae-0c64-4485-b13a-b8f9cd6e39c9@group-B656E4A9624C: start as a follower, conf=-1: [a0450bae-0c64-4485-b13a-b8f9cd6e39c9:172.18.0.2:9858], old=null
datanode_1  | 2019-10-21 21:10:50,849 INFO impl.RoleInfo: 7d8f32f3-9d5c-4cd4-b8f9-a0b5bb1b4dd1: start LeaderElection
rm_1        | 2019-10-21 21:10:41 INFO  AbstractDelegationTokenSecretManager:347 - Updating the current master key for generating delegation tokens
scm_1       | 2019-10-21 21:12:00,013 INFO server.SCMBlockProtocolServer: Allocating 1 blocks of size 268435456, with ExcludeList {datanodes = [], containerIds = [], pipelineIds = []}
nm_1        | 2019-10-21 21:11:54 INFO  Configuration:3318 - Removed undeclared tags:
datanode_3  | 2019-10-21 21:10:51,172 INFO impl.RoleInfo: 1fe8acd3-7bb9-4c2e-b275-9df60aef7e88: shutdown FollowerState
datanode_2  | 2019-10-21 21:10:51,184 INFO impl.RaftServerImpl: a0450bae-0c64-4485-b13a-b8f9cd6e39c9@group-B656E4A9624C: changes role from      null to FOLLOWER at term 0 for startAsFollower
datanode_1  | 2019-10-21 21:10:50,852 INFO impl.RaftServerProxy: 7d8f32f3-9d5c-4cd4-b8f9-a0b5bb1b4dd1: addNew group-0D8A963CC892:[7d8f32f3-9d5c-4cd4-b8f9-a0b5bb1b4dd1:172.18.0.4:9858] returns group-0D8A963CC892:java.util.concurrent.CompletableFuture@562f12f5[Not completed]
rm_1        | 2019-10-21 21:10:41 INFO  RMDelegationTokenSecretManager:92 - storing master key with keyID 2
scm_1       | 2019-10-21 21:12:00,214 INFO server.SCMBlockProtocolServer: Allocating 1 blocks of size 268435456, with ExcludeList {datanodes = [], containerIds = [], pipelineIds = []}
nm_1        | 2019-10-21 21:11:57 INFO  ContainersMonitorImpl:468 - Skipping monitoring container container_1571692241133_0001_01_000001 since CPU usage is not yet available.
datanode_3  | 2019-10-21 21:10:51,172 INFO impl.RaftServerImpl: 1fe8acd3-7bb9-4c2e-b275-9df60aef7e88@group-443E2E4E1476: changes role from  FOLLOWER to CANDIDATE at term 0 for changeToCandidate
datanode_2  | 2019-10-21 21:10:51,184 INFO impl.LeaderElection: a0450bae-0c64-4485-b13a-b8f9cd6e39c9@group-F9629C153D51-LeaderElection1: begin an election at term 5 for -1: [1fe8acd3-7bb9-4c2e-b275-9df60aef7e88:172.18.0.9:9858, 7d8f32f3-9d5c-4cd4-b8f9-a0b5bb1b4dd1:172.18.0.4:9858, a0450bae-0c64-4485-b13a-b8f9cd6e39c9:172.18.0.2:9858], old=null
datanode_1  | 2019-10-21 21:10:50,856 INFO impl.RaftServerImpl: 7d8f32f3-9d5c-4cd4-b8f9-a0b5bb1b4dd1: new RaftServerImpl for group-0D8A963CC892:[7d8f32f3-9d5c-4cd4-b8f9-a0b5bb1b4dd1:172.18.0.4:9858] with ContainerStateMachine:uninitialized
scm_1       | 2019-10-21 21:12:24,653 INFO server.SCMBlockProtocolServer: Allocating 1 blocks of size 268435456, with ExcludeList {datanodes = [], containerIds = [], pipelineIds = []}
nm_1        | 2019-10-21 21:12:03 INFO  Server:1845 - Auth successful for appattempt_1571692241133_0001_000001 (auth:SIMPLE)
datanode_3  | 2019-10-21 21:10:51,172 INFO impl.RoleInfo: 1fe8acd3-7bb9-4c2e-b275-9df60aef7e88: start LeaderElection
datanode_2  | 2019-10-21 21:10:51,185 INFO impl.RoleInfo: a0450bae-0c64-4485-b13a-b8f9cd6e39c9: start FollowerState
rm_1        | 2019-10-21 21:10:41 INFO  RMStateStore:500 - Storing RMDTMasterKey.
datanode_1  | 2019-10-21 21:10:50,856 INFO server.RaftServerConfigKeys: raft.server.rpc.timeout.min = 5s (custom)
scm_1       | 2019-10-21 21:12:25,937 INFO server.SCMBlockProtocolServer: Allocating 1 blocks of size 268435456, with ExcludeList {datanodes = [], containerIds = [], pipelineIds = []}
nm_1        | 2019-10-21 21:12:03 INFO  ContainerManagerImpl:1070 - Start request for container_1571692241133_0001_01_000002 by user hadoop
datanode_2  | 2019-10-21 21:10:51,185 INFO util.JmxRegister: Successfully registered JMX Bean with object name Ratis:service=RaftServer,group=group-B656E4A9624C,id=a0450bae-0c64-4485-b13a-b8f9cd6e39c9
datanode_1  | 2019-10-21 21:10:50,856 INFO server.RaftServerConfigKeys: raft.server.rpc.timeout.max = 5200ms (custom)
nm_1        | 2019-10-21 21:12:03 INFO  NMAuditLogger:94 - USER=hadoop	IP=172.18.0.5	OPERATION=Start Container Request	TARGET=ContainerManageImpl	RESULT=SUCCESS	APPID=application_1571692241133_0001	CONTAINERID=container_1571692241133_0001_01_000002
scm_1       | 2019-10-21 21:12:26,191 INFO server.SCMBlockProtocolServer: Allocating 1 blocks of size 268435456, with ExcludeList {datanodes = [], containerIds = [], pipelineIds = []}
datanode_3  | 2019-10-21 21:10:51,187 INFO impl.LeaderElection: 1fe8acd3-7bb9-4c2e-b275-9df60aef7e88@group-443E2E4E1476-LeaderElection2: begin an election at term 1 for -1: [1fe8acd3-7bb9-4c2e-b275-9df60aef7e88:172.18.0.9:9858], old=null
datanode_2  | 2019-10-21 21:10:51,236 INFO impl.LeaderElection: a0450bae-0c64-4485-b13a-b8f9cd6e39c9@group-F9629C153D51-LeaderElection1: Election PASSED; received 1 response(s) [a0450bae-0c64-4485-b13a-b8f9cd6e39c9<-1fe8acd3-7bb9-4c2e-b275-9df60aef7e88#0:OK-t5] and 0 exception(s); a0450bae-0c64-4485-b13a-b8f9cd6e39c9@group-F9629C153D51:t5, leader=null, voted=a0450bae-0c64-4485-b13a-b8f9cd6e39c9, raftlog=a0450bae-0c64-4485-b13a-b8f9cd6e39c9@group-F9629C153D51-SegmentedRaftLog:OPENED:c-1,f-1,i0, conf=-1: [1fe8acd3-7bb9-4c2e-b275-9df60aef7e88:172.18.0.9:9858, 7d8f32f3-9d5c-4cd4-b8f9-a0b5bb1b4dd1:172.18.0.4:9858, a0450bae-0c64-4485-b13a-b8f9cd6e39c9:172.18.0.2:9858], old=null
rm_1        | 2019-10-21 21:10:41 INFO  AsyncDispatcher:223 - Registering class org.apache.hadoop.yarn.nodelabels.event.NodeLabelsStoreEventType for class org.apache.hadoop.yarn.nodelabels.CommonNodeLabelsManager$ForwardingEventHandler
datanode_1  | 2019-10-21 21:10:50,856 INFO server.RaftServerConfigKeys: raft.server.rpcslowness.timeout = 120s (custom)
nm_1        | 2019-10-21 21:12:03 INFO  ApplicationImpl:463 - Adding container_1571692241133_0001_01_000002 to application application_1571692241133_0001
scm_1       | 2019-10-21 21:12:26,234 INFO server.SCMBlockProtocolServer: Allocating 1 blocks of size 268435456, with ExcludeList {datanodes = [], containerIds = [], pipelineIds = []}
datanode_3  | 2019-10-21 21:10:51,188 INFO impl.RoleInfo: 1fe8acd3-7bb9-4c2e-b275-9df60aef7e88: shutdown LeaderElection
datanode_2  | 2019-10-21 21:10:51,237 INFO impl.RoleInfo: a0450bae-0c64-4485-b13a-b8f9cd6e39c9: shutdown LeaderElection
rm_1        | 2019-10-21 21:10:41 INFO  CallQueueManager:84 - Using callQueue: class java.util.concurrent.LinkedBlockingQueue queueCapacity: 5000 scheduler: class org.apache.hadoop.ipc.DefaultRpcScheduler
datanode_1  | 2019-10-21 21:10:50,857 INFO server.RaftServerConfigKeys: raft.server.sleep.deviation.threshold = 300 (default)
nm_1        | 2019-10-21 21:12:03 INFO  ContainerImpl:2126 - Container container_1571692241133_0001_01_000002 transitioned from NEW to LOCALIZING
scm_1       | 2019-10-21 21:12:26,244 INFO server.SCMBlockProtocolServer: Allocating 1 blocks of size 268435456, with ExcludeList {datanodes = [], containerIds = [], pipelineIds = []}
datanode_3  | 2019-10-21 21:10:51,192 INFO impl.LeaderElection: 1fe8acd3-7bb9-4c2e-b275-9df60aef7e88@group-F9629C153D51-LeaderElection1: Election DISCOVERED_A_NEW_TERM; received 1 response(s) [1fe8acd3-7bb9-4c2e-b275-9df60aef7e88<-a0450bae-0c64-4485-b13a-b8f9cd6e39c9#0:FAIL-t5] and 0 exception(s); 1fe8acd3-7bb9-4c2e-b275-9df60aef7e88@group-F9629C153D51:t4, leader=null, voted=1fe8acd3-7bb9-4c2e-b275-9df60aef7e88, raftlog=1fe8acd3-7bb9-4c2e-b275-9df60aef7e88@group-F9629C153D51-SegmentedRaftLog:OPENED:c-1,f-1,i0, conf=-1: [1fe8acd3-7bb9-4c2e-b275-9df60aef7e88:172.18.0.9:9858, 7d8f32f3-9d5c-4cd4-b8f9-a0b5bb1b4dd1:172.18.0.4:9858, a0450bae-0c64-4485-b13a-b8f9cd6e39c9:172.18.0.2:9858], old=null
datanode_2  | 2019-10-21 21:10:51,239 INFO impl.RaftServerImpl: a0450bae-0c64-4485-b13a-b8f9cd6e39c9@group-F9629C153D51: changes role from CANDIDATE to LEADER at term 5 for changeToLeader
rm_1        | 2019-10-21 21:10:41 INFO  Server:1070 - Starting Socket Reader #1 for port 8031
datanode_1  | 2019-10-21 21:10:50,857 INFO server.RaftServerConfigKeys: raft.server.log.appender.install.snapshot.enabled = false (custom)
nm_1        | 2019-10-21 21:12:03 INFO  AuxServices:350 - Got event CONTAINER_INIT for appId application_1571692241133_0001
scm_1       | 2019-10-21 21:12:26,364 INFO server.SCMBlockProtocolServer: Allocating 1 blocks of size 268435456, with ExcludeList {datanodes = [], containerIds = [], pipelineIds = []}
datanode_3  | 2019-10-21 21:10:51,192 INFO impl.RaftServerImpl: 1fe8acd3-7bb9-4c2e-b275-9df60aef7e88@group-443E2E4E1476: changes role from CANDIDATE to LEADER at term 1 for changeToLeader
datanode_2  | 2019-10-21 21:10:51,239 INFO impl.RaftServerImpl: a0450bae-0c64-4485-b13a-b8f9cd6e39c9@group-F9629C153D51: change Leader from null to a0450bae-0c64-4485-b13a-b8f9cd6e39c9 at term 5 for becomeLeader, leader elected after 651ms
rm_1        | 2019-10-21 21:10:41 INFO  RpcServerFactoryPBImpl:173 - Adding protocol org.apache.hadoop.yarn.server.api.ResourceTrackerPB to the server
datanode_1  | 2019-10-21 21:10:50,857 INFO impl.RaftServerImpl: 7d8f32f3-9d5c-4cd4-b8f9-a0b5bb1b4dd1@group-0D8A963CC892: ConfigurationManager, init=-1: [7d8f32f3-9d5c-4cd4-b8f9-a0b5bb1b4dd1:172.18.0.4:9858], old=null, confs=<EMPTY_MAP>
nm_1        | 2019-10-21 21:12:03 INFO  AuxServices:350 - Got event APPLICATION_INIT for appId application_1571692241133_0001
scm_1       | 2019-10-21 21:12:26,486 INFO server.SCMBlockProtocolServer: Allocating 1 blocks of size 268435456, with ExcludeList {datanodes = [], containerIds = [], pipelineIds = []}
datanode_3  | 2019-10-21 21:10:51,193 INFO impl.RaftServerImpl: 1fe8acd3-7bb9-4c2e-b275-9df60aef7e88@group-443E2E4E1476: change Leader from null to 1fe8acd3-7bb9-4c2e-b275-9df60aef7e88 at term 1 for becomeLeader, leader elected after 230ms
datanode_2  | 2019-10-21 21:10:51,244 INFO server.RaftServerConfigKeys: raft.server.staging.catchup.gap = 1000 (default)
datanode_1  | 2019-10-21 21:10:50,857 INFO server.RaftServerConfigKeys: raft.server.storage.dir = [/data/metadata/ratis] (custom)
nm_1        | 2019-10-21 21:12:03 INFO  AuxServices:354 - Got APPLICATION_INIT for service mapreduce_shuffle
scm_1       | 2019-10-21 21:12:26,619 INFO server.SCMBlockProtocolServer: Allocating 1 blocks of size 268435456, with ExcludeList {datanodes = [], containerIds = [], pipelineIds = []}
rm_1        | 2019-10-21 21:10:41 INFO  Server:1310 - IPC Server Responder: starting
datanode_3  | 2019-10-21 21:10:51,194 INFO impl.RaftServerImpl: 1fe8acd3-7bb9-4c2e-b275-9df60aef7e88@group-F9629C153D51: changes role from CANDIDATE to FOLLOWER at term 5 for DISCOVERED_A_NEW_TERM
datanode_2  | 2019-10-21 21:10:51,244 INFO server.RaftServerConfigKeys: raft.server.rpc.sleep.time = 25ms (default)
datanode_1  | 2019-10-21 21:10:50,857 INFO server.RaftServerConfigKeys: raft.server.log.corruption.policy = EXCEPTION (default)
nm_1        | 2019-10-21 21:12:03 INFO  ShuffleHandler:719 - Added token for job_1571692241133_0001
scm_1       | 2019-10-21 21:12:31,747 INFO server.SCMBlockProtocolServer: Allocating 1 blocks of size 268435456, with ExcludeList {datanodes = [], containerIds = [], pipelineIds = []}
rm_1        | 2019-10-21 21:10:41 INFO  Server:1149 - IPC Server listener on 8031: starting
datanode_3  | 2019-10-21 21:10:51,194 INFO impl.RoleInfo: 1fe8acd3-7bb9-4c2e-b275-9df60aef7e88: shutdown LeaderElection
datanode_2  | 2019-10-21 21:10:51,248 INFO server.RaftServerConfigKeys: raft.server.write.element-limit = 4096 (default)
datanode_1  | 2019-10-21 21:10:50,858 INFO storage.RaftStorageDirectory: The storage directory /data/metadata/ratis/2cb73325-7118-4dee-bf60-0d8a963cc892 does not exist. Creating ...
nm_1        | 2019-10-21 21:12:03 INFO  ContainerImpl:2126 - Container container_1571692241133_0001_01_000002 transitioned from LOCALIZING to SCHEDULED
scm_1       | 2019-10-21 21:12:33,382 INFO server.SCMBlockProtocolServer: Allocating 1 blocks of size 268435456, with ExcludeList {datanodes = [], containerIds = [], pipelineIds = []}
rm_1        | 2019-10-21 21:10:41 INFO  JvmPauseMonitor:188 - Starting JVM pause monitor
datanode_3  | 2019-10-21 21:10:51,194 INFO impl.RoleInfo: 1fe8acd3-7bb9-4c2e-b275-9df60aef7e88: start FollowerState
datanode_2  | 2019-10-21 21:10:51,251 INFO server.RaftServerConfigKeys: raft.server.watch.timeout = 10s (default)
datanode_1  | 2019-10-21 21:10:50,870 INFO storage.RaftStorageDirectory: Lock on /data/metadata/ratis/2cb73325-7118-4dee-bf60-0d8a963cc892/in_use.lock acquired by nodename 7@960f6afa0e72
nm_1        | 2019-10-21 21:12:03 INFO  ContainerScheduler:511 - Starting container [container_1571692241133_0001_01_000002]
scm_1       | 2019-10-21 21:12:33,497 INFO server.SCMBlockProtocolServer: Allocating 1 blocks of size 268435456, with ExcludeList {datanodes = [], containerIds = [], pipelineIds = []}
rm_1        | 2019-10-21 21:10:41 INFO  CallQueueManager:84 - Using callQueue: class java.util.concurrent.LinkedBlockingQueue queueCapacity: 5000 scheduler: class org.apache.hadoop.ipc.DefaultRpcScheduler
datanode_3  | 2019-10-21 21:10:51,200 INFO server.RaftServerConfigKeys: raft.server.staging.catchup.gap = 1000 (default)
datanode_2  | 2019-10-21 21:10:51,251 INFO server.RaftServerConfigKeys: raft.server.watch.timeout.denomination = 1s (default)
datanode_1  | 2019-10-21 21:10:50,870 INFO impl.LeaderElection: 7d8f32f3-9d5c-4cd4-b8f9-a0b5bb1b4dd1@group-F9C3827239C8-LeaderElection1: begin an election at term 1 for -1: [7d8f32f3-9d5c-4cd4-b8f9-a0b5bb1b4dd1:172.18.0.4:9858], old=null
nm_1        | 2019-10-21 21:12:03 INFO  Configuration:3318 - Removed undeclared tags:
scm_1       | 2019-10-21 21:12:33,543 INFO server.SCMBlockProtocolServer: Allocating 1 blocks of size 268435456, with ExcludeList {datanodes = [], containerIds = [], pipelineIds = []}
rm_1        | 2019-10-21 21:10:41 INFO  Server:1070 - Starting Socket Reader #1 for port 8030
datanode_3  | 2019-10-21 21:10:51,200 INFO server.RaftServerConfigKeys: raft.server.rpc.sleep.time = 25ms (default)
datanode_2  | 2019-10-21 21:10:51,252 INFO server.RaftServerConfigKeys: raft.server.watch.element-limit = 65536 (default)
datanode_1  | 2019-10-21 21:10:50,870 INFO impl.LeaderElection: 7d8f32f3-9d5c-4cd4-b8f9-a0b5bb1b4dd1@group-F9629C153D51-LeaderElection2: begin an election at term 1 for -1: [1fe8acd3-7bb9-4c2e-b275-9df60aef7e88:172.18.0.9:9858, 7d8f32f3-9d5c-4cd4-b8f9-a0b5bb1b4dd1:172.18.0.4:9858, a0450bae-0c64-4485-b13a-b8f9cd6e39c9:172.18.0.2:9858], old=null
scm_1       | 2019-10-21 21:12:41,458 INFO server.SCMBlockProtocolServer: Allocating 1 blocks of size 268435456, with ExcludeList {datanodes = [], containerIds = [], pipelineIds = []}
nm_1        | 2019-10-21 21:12:03 INFO  ContainerImpl:2126 - Container container_1571692241133_0001_01_000002 transitioned from SCHEDULED to RUNNING
rm_1        | 2019-10-21 21:10:41 INFO  RpcServerFactoryPBImpl:173 - Adding protocol org.apache.hadoop.yarn.api.ApplicationMasterProtocolPB to the server
datanode_3  | 2019-10-21 21:10:51,205 INFO server.RaftServerConfigKeys: raft.server.write.element-limit = 4096 (default)
datanode_2  | 2019-10-21 21:10:51,273 INFO server.RaftServerConfigKeys: raft.server.log.appender.snapshot.chunk.size.max = 16MB (=16777216) (default)
datanode_1  | 2019-10-21 21:10:50,872 INFO impl.RoleInfo: 7d8f32f3-9d5c-4cd4-b8f9-a0b5bb1b4dd1: shutdown LeaderElection
scm_1       | 2019-10-21 21:12:41,651 INFO server.SCMBlockProtocolServer: Allocating 1 blocks of size 268435456, with ExcludeList {datanodes = [], containerIds = [], pipelineIds = []}
nm_1        | 2019-10-21 21:12:03 INFO  ContainersMonitorImpl:943 - Starting resource-monitoring for container_1571692241133_0001_01_000002
datanode_3  | 2019-10-21 21:10:51,208 INFO server.RaftServerConfigKeys: raft.server.watch.timeout = 10s (default)
rm_1        | 2019-10-21 21:10:41 INFO  Server:1310 - IPC Server Responder: starting
datanode_2  | 2019-10-21 21:10:51,274 INFO server.RaftServerConfigKeys: raft.server.log.appender.buffer.byte-limit = 33554432 (custom)
datanode_1  | 2019-10-21 21:10:50,872 INFO impl.RaftServerImpl: 7d8f32f3-9d5c-4cd4-b8f9-a0b5bb1b4dd1@group-F9C3827239C8: changes role from CANDIDATE to LEADER at term 1 for changeToLeader
scm_1       | 2019-10-21 21:12:53,806 INFO server.SCMBlockProtocolServer: Allocating 1 blocks of size 268435456, with ExcludeList {datanodes = [], containerIds = [], pipelineIds = []}
nm_1        | 2019-10-21 21:12:03 INFO  DefaultContainerExecutor:370 - launchContainer: [bash, /tmp/hadoop-hadoop/nm-local-dir/usercache/hadoop/appcache/application_1571692241133_0001/container_1571692241133_0001_01_000002/default_container_executor.sh]
datanode_3  | 2019-10-21 21:10:51,208 INFO server.RaftServerConfigKeys: raft.server.watch.timeout.denomination = 1s (default)
datanode_2  | 2019-10-21 21:10:51,274 INFO server.RaftServerConfigKeys: raft.server.log.appender.buffer.element-limit = 1 (custom)
rm_1        | 2019-10-21 21:10:41 INFO  Server:1149 - IPC Server listener on 8030: starting
datanode_1  | 2019-10-21 21:10:50,872 INFO impl.RaftServerImpl: 7d8f32f3-9d5c-4cd4-b8f9-a0b5bb1b4dd1@group-F9C3827239C8: change Leader from null to 7d8f32f3-9d5c-4cd4-b8f9-a0b5bb1b4dd1 at term 1 for becomeLeader, leader elected after 284ms
nm_1        | 2019-10-21 21:12:06 INFO  ContainersMonitorImpl:567 - container_1571692241133_0001_01_000002's ip = 172.18.0.5, and hostname = nm
scm_1       | 2019-10-21 21:12:54,198 INFO server.SCMBlockProtocolServer: SCM is informed by OM to delete 11 blocks
datanode_3  | 2019-10-21 21:10:51,209 INFO server.RaftServerConfigKeys: raft.server.watch.element-limit = 65536 (default)
datanode_2  | 2019-10-21 21:10:51,277 INFO grpc.GrpcConfigKeys$Server: raft.grpc.server.leader.outstanding.appends.max = 128 (default)
rm_1        | 2019-10-21 21:10:41 INFO  CallQueueManager:84 - Using callQueue: class java.util.concurrent.LinkedBlockingQueue queueCapacity: 5000 scheduler: class org.apache.hadoop.ipc.DefaultRpcScheduler
datanode_1  | 2019-10-21 21:10:50,876 INFO server.RaftServerConfigKeys: raft.server.staging.catchup.gap = 1000 (default)
nm_1        | 2019-10-21 21:12:08 INFO  ContainerLaunch:589 - Container container_1571692241133_0001_01_000002 succeeded 
scm_1       | 2019-10-21 21:12:54,198 INFO block.BlockManagerImpl: Deleting blocks conID: 6 locID: 103002427022573573 bcsId: 0
datanode_2  | 2019-10-21 21:10:51,277 INFO server.RaftServerConfigKeys: raft.server.rpc.request.timeout = 3000ms (default)
rm_1        | 2019-10-21 21:10:41 INFO  Server:1070 - Starting Socket Reader #1 for port 8032
datanode_3  | 2019-10-21 21:10:51,222 INFO impl.RaftServerImpl: 1fe8acd3-7bb9-4c2e-b275-9df60aef7e88@group-F9629C153D51: changes role from  FOLLOWER to FOLLOWER at term 5 for recognizeCandidate:a0450bae-0c64-4485-b13a-b8f9cd6e39c9
datanode_1  | 2019-10-21 21:10:50,876 INFO server.RaftServerConfigKeys: raft.server.rpc.sleep.time = 25ms (default)
nm_1        | 2019-10-21 21:12:08 INFO  ContainerImpl:2126 - Container container_1571692241133_0001_01_000002 transitioned from RUNNING to EXITED_WITH_SUCCESS
scm_1       | 2019-10-21 21:12:54,229 INFO block.BlockManagerImpl: Deleting blocks conID: 7 locID: 103002427092303878 bcsId: 0
datanode_2  | 2019-10-21 21:10:51,278 INFO server.RaftServerConfigKeys: raft.server.log.appender.install.snapshot.enabled = false (custom)
rm_1        | 2019-10-21 21:10:41 INFO  RpcServerFactoryPBImpl:173 - Adding protocol org.apache.hadoop.yarn.api.ApplicationClientProtocolPB to the server
datanode_3  | 2019-10-21 21:10:51,223 INFO impl.RoleInfo: 1fe8acd3-7bb9-4c2e-b275-9df60aef7e88: shutdown FollowerState
datanode_1  | 2019-10-21 21:10:50,876 INFO storage.RaftStorage: Storage directory /data/metadata/ratis/2cb73325-7118-4dee-bf60-0d8a963cc892 has been successfully formatted.
nm_1        | 2019-10-21 21:12:08 INFO  ContainerLaunch:745 - Cleaning up container container_1571692241133_0001_01_000002
scm_1       | 2019-10-21 21:12:54,230 INFO block.BlockManagerImpl: Deleting blocks conID: 8 locID: 103002427104886791 bcsId: 0
datanode_2  | 2019-10-21 21:10:51,282 INFO impl.FollowerState: a0450bae-0c64-4485-b13a-b8f9cd6e39c9@group-B656E4A9624C-FollowerState: change to CANDIDATE, lastRpcTime:97ms, electionTimeout:97ms
rm_1        | 2019-10-21 21:10:41 INFO  Server:1310 - IPC Server Responder: starting
datanode_3  | 2019-10-21 21:10:51,223 INFO impl.RoleInfo: 1fe8acd3-7bb9-4c2e-b275-9df60aef7e88: start FollowerState
datanode_1  | 2019-10-21 21:10:50,877 [pool-8-thread-1] INFO       - group-0D8A963CC892: The snapshot info is null. Setting the last applied indexto:(t:0, i:~)
nm_1        | 2019-10-21 21:12:08 INFO  Configuration:3318 - Removed undeclared tags:
scm_1       | 2019-10-21 21:12:54,230 INFO block.BlockManagerImpl: Deleting blocks conID: 9 locID: 103002427120287752 bcsId: 0
datanode_2  | 2019-10-21 21:10:51,283 INFO server.RaftServerConfigKeys: raft.server.log.appender.snapshot.chunk.size.max = 16MB (=16777216) (default)
rm_1        | 2019-10-21 21:10:41 INFO  Server:1149 - IPC Server listener on 8032: starting
datanode_3  | 2019-10-21 21:10:51,223 INFO impl.FollowerState: 1fe8acd3-7bb9-4c2e-b275-9df60aef7e88@group-F9629C153D51-FollowerState was interrupted: java.lang.InterruptedException: sleep interrupted
datanode_1  | 2019-10-21 21:10:50,877 INFO server.RaftServerConfigKeys: raft.server.notification.no-leader.timeout = 120s (custom)
nm_1        | 2019-10-21 21:12:08 INFO  DefaultContainerExecutor:634 - Deleting absolute path : /tmp/hadoop-hadoop/nm-local-dir/usercache/hadoop/appcache/application_1571692241133_0001/container_1571692241133_0001_01_000002/launch_container.sh
scm_1       | 2019-10-21 21:12:54,230 INFO block.BlockManagerImpl: Deleting blocks conID: 6 locID: 103002427884437513 bcsId: 0
datanode_2  | 2019-10-21 21:10:51,283 INFO impl.RoleInfo: a0450bae-0c64-4485-b13a-b8f9cd6e39c9: shutdown FollowerState
rm_1        | 2019-10-21 21:10:41 INFO  ResourceManager:1279 - Transitioned to active state
datanode_3  | 2019-10-21 21:10:51,224 INFO impl.RoleInfo: 1fe8acd3-7bb9-4c2e-b275-9df60aef7e88: start LeaderState
datanode_1  | 2019-10-21 21:10:50,877 INFO server.RaftServerConfigKeys: raft.server.log.use.memory = false (default)
scm_1       | 2019-10-21 21:12:54,230 INFO block.BlockManagerImpl: Deleting blocks conID: 1 locID: 103002427897610250 bcsId: 0
datanode_2  | 2019-10-21 21:10:51,283 INFO server.RaftServerConfigKeys: raft.server.log.appender.buffer.byte-limit = 33554432 (custom)
nm_1        | 2019-10-21 21:12:08 INFO  DefaultContainerExecutor:634 - Deleting absolute path : /tmp/hadoop-hadoop/nm-local-dir/usercache/hadoop/appcache/application_1571692241133_0001/container_1571692241133_0001_01_000002/container_tokens
rm_1        | 2019-10-21 21:10:42 INFO  RMNodeImpl:671 - nm:46241 Node Transitioned from NEW to RUNNING
datanode_3  | 2019-10-21 21:10:51,234 INFO impl.FollowerState: 1fe8acd3-7bb9-4c2e-b275-9df60aef7e88@group-F9629C153D51-FollowerState: change to CANDIDATE, lastRpcTime:10ms, electionTimeout:10ms
scm_1       | 2019-10-21 21:12:54,230 INFO block.BlockManagerImpl: Deleting blocks conID: 3 locID: 103002426816987138 bcsId: 0
