nm_1        | 2019-10-21 21:15:30 INFO  ApplicationImpl:655 - Application application_1571692461400_0001 transitioned from INITING to RUNNING
datanode_3  | 2019-10-21 21:14:31,614 INFO impl.RaftServerImpl: 438d1cef-7fed-4e41-83fd-a4a802af80f0: new RaftServerImpl for group-3A1A259FDC44:[f4774554-04d8-4c29-9266-4875815cbe17:172.18.0.7:9858, 438d1cef-7fed-4e41-83fd-a4a802af80f0:172.18.0.5:9858, 83497ac5-f127-4de3-bcbf-f9411f4a2ac4:172.18.0.6:9858] with ContainerStateMachine:uninitialized
datanode_1  | 2019-10-21 21:14:31,633 INFO server.RaftServerConfigKeys: raft.server.watch.timeout = 10s (default)
datanode_2  | 2019-10-21 21:14:31,332 INFO segmented.SegmentedRaftLogWorker: 83497ac5-f127-4de3-bcbf-f9411f4a2ac4@group-5875736FE3C2-SegmentedRaftLogWorker: created new log segment /data/metadata/ratis/51e130b5-75e3-4bb1-8075-5875736fe3c2/current/log_inprogress_0
scm_1       | 2019-10-21 21:16:14,033 INFO server.SCMBlockProtocolServer: Allocating 1 blocks of size 268435456, with ExcludeList {datanodes = [], containerIds = [], pipelineIds = []}
rm_1        | INFO: Registering org.apache.hadoop.yarn.webapp.GenericExceptionHandler as a provider class
nm_1        | 2019-10-21 21:15:30 INFO  ContainerImpl:2112 - Container container_1571692461400_0001_01_000001 transitioned from NEW to LOCALIZING
datanode_3  | 2019-10-21 21:14:31,615 INFO server.RaftServerConfigKeys: raft.server.rpc.timeout.min = 5s (custom)
scm_1       | 2019-10-21 21:16:22,685 INFO server.SCMBlockProtocolServer: Allocating 1 blocks of size 268435456, with ExcludeList {datanodes = [], containerIds = [], pipelineIds = []}
datanode_2  | 2019-10-21 21:14:31,598 INFO impl.RaftServerProxy: 83497ac5-f127-4de3-bcbf-f9411f4a2ac4: addNew group-3A1A259FDC44:[f4774554-04d8-4c29-9266-4875815cbe17:172.18.0.7:9858, 438d1cef-7fed-4e41-83fd-a4a802af80f0:172.18.0.5:9858, 83497ac5-f127-4de3-bcbf-f9411f4a2ac4:172.18.0.6:9858] returns group-3A1A259FDC44:java.util.concurrent.CompletableFuture@21a07d65[Not completed]
rm_1        | Oct 21, 2019 9:14:20 PM com.sun.jersey.server.impl.application.WebApplicationImpl _initiate
datanode_1  | 2019-10-21 21:14:31,634 INFO server.RaftServerConfigKeys: raft.server.watch.timeout.denomination = 1s (default)
nm_1        | 2019-10-21 21:15:30 INFO  AuxServices:350 - Got event CONTAINER_INIT for appId application_1571692461400_0001
datanode_3  | 2019-10-21 21:14:31,615 INFO server.RaftServerConfigKeys: raft.server.rpc.timeout.max = 5200ms (custom)
datanode_2  | 2019-10-21 21:14:31,602 INFO impl.RaftServerImpl: 83497ac5-f127-4de3-bcbf-f9411f4a2ac4: new RaftServerImpl for group-3A1A259FDC44:[f4774554-04d8-4c29-9266-4875815cbe17:172.18.0.7:9858, 438d1cef-7fed-4e41-83fd-a4a802af80f0:172.18.0.5:9858, 83497ac5-f127-4de3-bcbf-f9411f4a2ac4:172.18.0.6:9858] with ContainerStateMachine:uninitialized
rm_1        | INFO: Initiating Jersey application, version 'Jersey: 1.19 02/11/2015 03:25 AM'
scm_1       | 2019-10-21 21:16:22,903 INFO server.SCMBlockProtocolServer: Allocating 1 blocks of size 268435456, with ExcludeList {datanodes = [], containerIds = [], pipelineIds = []}
nm_1        | 2019-10-21 21:15:30 INFO  ResourceLocalizationService:798 - Created localizer for container_1571692461400_0001_01_000001
datanode_2  | 2019-10-21 21:14:31,602 INFO server.RaftServerConfigKeys: raft.server.rpc.timeout.min = 5s (custom)
datanode_3  | 2019-10-21 21:14:31,615 INFO server.RaftServerConfigKeys: raft.server.rpcslowness.timeout = 120s (custom)
datanode_1  | 2019-10-21 21:14:31,634 INFO server.RaftServerConfigKeys: raft.server.watch.element-limit = 65536 (default)
rm_1        | Oct 21, 2019 9:14:20 PM com.sun.jersey.guice.spi.container.GuiceComponentProviderFactory getComponentProvider
scm_1       | 2019-10-21 21:16:33,020 INFO server.SCMBlockProtocolServer: SCM is informed by OM to delete 11 blocks
nm_1        | 2019-10-21 21:15:31 INFO  ResourceLocalizationService:1328 - Writing credentials to the nmPrivate file /tmp/hadoop-hadoop/nm-local-dir/nmPrivate/container_1571692461400_0001_01_000001.tokens
datanode_2  | 2019-10-21 21:14:31,602 INFO server.RaftServerConfigKeys: raft.server.rpc.timeout.max = 5200ms (custom)
datanode_3  | 2019-10-21 21:14:31,615 INFO server.RaftServerConfigKeys: raft.server.sleep.deviation.threshold = 300 (default)
datanode_1  | 2019-10-21 21:14:31,645 INFO storage.RaftStorageDirectory: Lock on /data/metadata/ratis/3910dbc4-f299-4c9b-ba22-3a1a259fdc44/in_use.lock acquired by nodename 7@1d5b1562ba56
scm_1       | 2019-10-21 21:16:33,020 INFO block.BlockManagerImpl: Deleting blocks conID: 6 locID: 103002441456484357 bcsId: 0
rm_1        | INFO: Binding org.apache.hadoop.yarn.server.resourcemanager.webapp.JAXBContextResolver to GuiceManagedComponentProvider with the scope "Singleton"
datanode_2  | 2019-10-21 21:14:31,602 INFO server.RaftServerConfigKeys: raft.server.rpcslowness.timeout = 120s (custom)
datanode_1  | 2019-10-21 21:14:31,647 INFO impl.RoleInfo: f4774554-04d8-4c29-9266-4875815cbe17: start LeaderState
scm_1       | 2019-10-21 21:16:33,029 INFO block.BlockManagerImpl: Deleting blocks conID: 2 locID: 103002441539256326 bcsId: 0
datanode_3  | 2019-10-21 21:14:31,615 INFO server.RaftServerConfigKeys: raft.server.log.appender.install.snapshot.enabled = false (custom)
nm_1        | 2019-10-21 21:15:31 INFO  DefaultContainerExecutor:836 - Initializing user hadoop
rm_1        | Oct 21, 2019 9:14:20 PM com.sun.jersey.guice.spi.container.GuiceComponentProviderFactory getComponentProvider
datanode_2  | 2019-10-21 21:14:31,603 INFO server.RaftServerConfigKeys: raft.server.sleep.deviation.threshold = 300 (default)
datanode_1  | 2019-10-21 21:14:31,660 INFO storage.RaftStorage: Storage directory /data/metadata/ratis/3910dbc4-f299-4c9b-ba22-3a1a259fdc44 has been successfully formatted.
scm_1       | 2019-10-21 21:16:33,029 INFO block.BlockManagerImpl: Deleting blocks conID: 3 locID: 103002441542270983 bcsId: 0
nm_1        | 2019-10-21 21:15:31 INFO  DefaultContainerExecutor:166 - Copying from /tmp/hadoop-hadoop/nm-local-dir/nmPrivate/container_1571692461400_0001_01_000001.tokens to /tmp/hadoop-hadoop/nm-local-dir/usercache/hadoop/appcache/application_1571692461400_0001/container_1571692461400_0001_01_000001.tokens
rm_1        | INFO: Binding org.apache.hadoop.yarn.webapp.GenericExceptionHandler to GuiceManagedComponentProvider with the scope "Singleton"
datanode_2  | 2019-10-21 21:14:31,603 INFO server.RaftServerConfigKeys: raft.server.log.appender.install.snapshot.enabled = false (custom)
datanode_3  | 2019-10-21 21:14:31,615 INFO impl.RaftServerImpl: 438d1cef-7fed-4e41-83fd-a4a802af80f0@group-3A1A259FDC44: ConfigurationManager, init=-1: [f4774554-04d8-4c29-9266-4875815cbe17:172.18.0.7:9858, 438d1cef-7fed-4e41-83fd-a4a802af80f0:172.18.0.5:9858, 83497ac5-f127-4de3-bcbf-f9411f4a2ac4:172.18.0.6:9858], old=null, confs=<EMPTY_MAP>
scm_1       | 2019-10-21 21:16:33,029 INFO block.BlockManagerImpl: Deleting blocks conID: 4 locID: 103002441545678856 bcsId: 0
nm_1        | 2019-10-21 21:15:31 INFO  DefaultContainerExecutor:174 - Localizer CWD set to /tmp/hadoop-hadoop/nm-local-dir/usercache/hadoop/appcache/application_1571692461400_0001 = file:/tmp/hadoop-hadoop/nm-local-dir/usercache/hadoop/appcache/application_1571692461400_0001
datanode_2  | 2019-10-21 21:14:31,603 INFO impl.RaftServerImpl: 83497ac5-f127-4de3-bcbf-f9411f4a2ac4@group-3A1A259FDC44: ConfigurationManager, init=-1: [f4774554-04d8-4c29-9266-4875815cbe17:172.18.0.7:9858, 438d1cef-7fed-4e41-83fd-a4a802af80f0:172.18.0.5:9858, 83497ac5-f127-4de3-bcbf-f9411f4a2ac4:172.18.0.6:9858], old=null, confs=<EMPTY_MAP>
rm_1        | Oct 21, 2019 9:14:21 PM com.sun.jersey.guice.spi.container.GuiceComponentProviderFactory getComponentProvider
datanode_1  | 2019-10-21 21:14:31,660 [pool-8-thread-1] INFO       - group-3A1A259FDC44: The snapshot info is null. Setting the last applied indexto:(t:0, i:~)
datanode_3  | 2019-10-21 21:14:31,615 INFO server.RaftServerConfigKeys: raft.server.storage.dir = [/data/metadata/ratis] (custom)
scm_1       | 2019-10-21 21:16:33,030 INFO block.BlockManagerImpl: Deleting blocks conID: 2 locID: 103002442296590345 bcsId: 0
datanode_2  | 2019-10-21 21:14:31,603 INFO server.RaftServerConfigKeys: raft.server.storage.dir = [/data/metadata/ratis] (custom)
nm_1        | 2019-10-21 21:15:32 WARN  MetricsSystemImpl:151 - NodeManager metrics system already initialized!
rm_1        | INFO: Binding org.apache.hadoop.yarn.server.resourcemanager.webapp.RMWebServices to GuiceManagedComponentProvider with the scope "Singleton"
datanode_1  | 2019-10-21 21:14:31,661 INFO server.RaftServerConfigKeys: raft.server.notification.no-leader.timeout = 120s (custom)
scm_1       | 2019-10-21 21:16:33,030 INFO block.BlockManagerImpl: Deleting blocks conID: 7 locID: 103002442310090762 bcsId: 0
datanode_3  | 2019-10-21 21:14:31,616 INFO server.RaftServerConfigKeys: raft.server.log.corruption.policy = EXCEPTION (default)
datanode_2  | 2019-10-21 21:14:31,603 INFO server.RaftServerConfigKeys: raft.server.log.corruption.policy = EXCEPTION (default)
nm_1        | 2019-10-21 21:15:33 INFO  ContainerImpl:2112 - Container container_1571692461400_0001_01_000001 transitioned from LOCALIZING to SCHEDULED
rm_1        | 2019-10-21 21:14:21 INFO  ContextHandler:781 - Started o.e.j.w.WebAppContext@30501e60{/,file:///tmp/jetty-rm-8088-cluster-_-any-2984004622992517305.dir/webapp/,AVAILABLE}{/cluster}
datanode_1  | 2019-10-21 21:14:31,662 INFO server.RaftServerConfigKeys: raft.server.log.use.memory = false (default)
scm_1       | 2019-10-21 21:16:33,030 INFO block.BlockManagerImpl: Deleting blocks conID: 3 locID: 103002441250766850 bcsId: 0
datanode_3  | 2019-10-21 21:14:31,616 INFO storage.RaftStorageDirectory: The storage directory /data/metadata/ratis/3910dbc4-f299-4c9b-ba22-3a1a259fdc44 does not exist. Creating ...
datanode_2  | 2019-10-21 21:14:31,603 INFO storage.RaftStorageDirectory: The storage directory /data/metadata/ratis/3910dbc4-f299-4c9b-ba22-3a1a259fdc44 does not exist. Creating ...
nm_1        | 2019-10-21 21:15:33 INFO  ContainerScheduler:541 - Starting container [container_1571692461400_0001_01_000001]
rm_1        | 2019-10-21 21:14:21 INFO  AbstractConnector:278 - Started ServerConnector@350e254a{HTTP/1.1,[http/1.1]}{rm:8088}
datanode_1  | 2019-10-21 21:14:31,662 INFO server.RaftServerConfigKeys: raft.server.log.purge.gap = 1000000 (custom)
scm_1       | 2019-10-21 21:16:33,030 INFO block.BlockManagerImpl: Deleting blocks conID: 4 locID: 103002441367093251 bcsId: 0
datanode_3  | 2019-10-21 21:14:31,623 INFO storage.RaftStorageDirectory: Lock on /data/metadata/ratis/3910dbc4-f299-4c9b-ba22-3a1a259fdc44/in_use.lock acquired by nodename 7@88f16215bf62
datanode_2  | 2019-10-21 21:14:31,618 INFO storage.RaftStorageDirectory: Lock on /data/metadata/ratis/3910dbc4-f299-4c9b-ba22-3a1a259fdc44/in_use.lock acquired by nodename 7@c500f0881cd2
nm_1        | 2019-10-21 21:15:33 INFO  ContainerImpl:2112 - Container container_1571692461400_0001_01_000001 transitioned from SCHEDULED to RUNNING
rm_1        | 2019-10-21 21:14:21 INFO  Server:419 - Started @3926ms
datanode_1  | 2019-10-21 21:14:31,662 INFO server.RaftServerConfigKeys: raft.server.log.appender.buffer.byte-limit = 33554432 (custom)
scm_1       | 2019-10-21 21:16:33,031 INFO block.BlockManagerImpl: Deleting blocks conID: 5 locID: 103002441385836548 bcsId: 0
datanode_3  | 2019-10-21 21:14:31,646 INFO storage.RaftStorage: Storage directory /data/metadata/ratis/3910dbc4-f299-4c9b-ba22-3a1a259fdc44 has been successfully formatted.
datanode_2  | 2019-10-21 21:14:31,624 INFO storage.RaftStorage: Storage directory /data/metadata/ratis/3910dbc4-f299-4c9b-ba22-3a1a259fdc44 has been successfully formatted.
nm_1        | 2019-10-21 21:15:33 INFO  ContainersMonitorImpl:1013 - Starting resource-monitoring for container_1571692461400_0001_01_000001
datanode_1  | 2019-10-21 21:14:31,662 INFO server.RaftServerConfigKeys: raft.server.log.segment.size.max = 1048576 (custom)
rm_1        | 2019-10-21 21:14:21 INFO  WebApps:440 - Web app cluster started at 8088
scm_1       | 2019-10-21 21:16:33,031 INFO block.BlockManagerImpl: Deleting blocks conID: 8 locID: 103002443896193035 bcsId: 0
datanode_3  | 2019-10-21 21:14:31,646 [pool-8-thread-1] INFO       - group-3A1A259FDC44: The snapshot info is null. Setting the last applied indexto:(t:0, i:~)
datanode_2  | 2019-10-21 21:14:31,624 [pool-8-thread-1] INFO       - group-3A1A259FDC44: The snapshot info is null. Setting the last applied indexto:(t:0, i:~)
nm_1        | 2019-10-21 21:15:33 INFO  DefaultContainerExecutor:370 - launchContainer: [bash, /tmp/hadoop-hadoop/nm-local-dir/usercache/hadoop/appcache/application_1571692461400_0001/container_1571692461400_0001_01_000001/default_container_executor.sh]
rm_1        | 2019-10-21 21:14:21 INFO  CallQueueManager:84 - Using callQueue: class java.util.concurrent.LinkedBlockingQueue, queueCapacity: 100, scheduler: class org.apache.hadoop.ipc.DefaultRpcScheduler, ipcBackoff: false.
datanode_1  | 2019-10-21 21:14:31,662 INFO server.RaftServerConfigKeys: raft.server.log.segment.cache.num.max = 2 (custom)
datanode_3  | 2019-10-21 21:14:31,646 INFO server.RaftServerConfigKeys: raft.server.notification.no-leader.timeout = 120s (custom)
scm_1       | 2019-10-21 21:16:33,031 INFO block.BlockManagerImpl: Deleting blocks conID: 9 locID: 103002443996594188 bcsId: 0
datanode_2  | 2019-10-21 21:14:31,625 INFO server.RaftServerConfigKeys: raft.server.notification.no-leader.timeout = 120s (custom)
nm_1        | 2019-10-21 21:15:35 INFO  ContainersMonitorImpl:615 - container_1571692461400_0001_01_000001's ip = 172.18.0.4, and hostname = nm
rm_1        | 2019-10-21 21:14:21 INFO  Server:1074 - Starting Socket Reader #1 for port 8033
datanode_1  | 2019-10-21 21:14:31,662 INFO segmented.SegmentedRaftLogWorker: new f4774554-04d8-4c29-9266-4875815cbe17@group-3A1A259FDC44-SegmentedRaftLogWorker for RaftStorage:Storage Directory /data/metadata/ratis/3910dbc4-f299-4c9b-ba22-3a1a259fdc44
datanode_3  | 2019-10-21 21:14:31,646 INFO server.RaftServerConfigKeys: raft.server.log.use.memory = false (default)
scm_1       | 2019-10-21 21:16:36,927 INFO server.SCMBlockProtocolServer: Allocating 1 blocks of size 268435456, with ExcludeList {datanodes = [], containerIds = [], pipelineIds = []}
datanode_2  | 2019-10-21 21:14:31,625 INFO server.RaftServerConfigKeys: raft.server.log.use.memory = false (default)
nm_1        | 2019-10-21 21:15:38 INFO  ContainersMonitorImpl:516 - Skipping monitoring container container_1571692461400_0001_01_000001 since CPU usage is not yet available.
rm_1        | 2019-10-21 21:14:21 INFO  RpcServerFactoryPBImpl:173 - Adding protocol org.apache.hadoop.yarn.server.api.ResourceManagerAdministrationProtocolPB to the server
datanode_3  | 2019-10-21 21:14:31,647 INFO server.RaftServerConfigKeys: raft.server.log.purge.gap = 1000000 (custom)
scm_1       | 2019-10-21 21:16:38,417 INFO server.SCMBlockProtocolServer: Allocating 1 blocks of size 268435456, with ExcludeList {datanodes = [], containerIds = [], pipelineIds = []}
datanode_2  | 2019-10-21 21:14:31,625 INFO server.RaftServerConfigKeys: raft.server.log.purge.gap = 1000000 (custom)
datanode_1  | 2019-10-21 21:14:31,662 INFO server.RaftServerConfigKeys: raft.server.log.queue.byte-limit = 2147483647 (custom)
nm_1        | 2019-10-21 21:15:43 INFO  Server:1849 - Auth successful for appattempt_1571692461400_0001_000001 (auth:SIMPLE)
rm_1        | 2019-10-21 21:14:21 INFO  Server:1314 - IPC Server Responder: starting
datanode_3  | 2019-10-21 21:14:31,647 INFO server.RaftServerConfigKeys: raft.server.log.appender.buffer.byte-limit = 33554432 (custom)
scm_1       | 2019-10-21 21:16:38,468 INFO server.SCMBlockProtocolServer: Allocating 1 blocks of size 268435456, with ExcludeList {datanodes = [], containerIds = [], pipelineIds = []}
datanode_2  | 2019-10-21 21:14:31,625 INFO server.RaftServerConfigKeys: raft.server.log.appender.buffer.byte-limit = 33554432 (custom)
datanode_1  | 2019-10-21 21:14:31,662 INFO server.RaftServerConfigKeys: raft.server.log.queue.element-limit = 1024 (custom)
nm_1        | 2019-10-21 21:15:43 INFO  ContainerManagerImpl:1070 - Start request for container_1571692461400_0001_01_000002 by user hadoop
rm_1        | 2019-10-21 21:14:21 INFO  ResourceManager:1292 - Transitioning to active state
datanode_3  | 2019-10-21 21:14:31,647 INFO server.RaftServerConfigKeys: raft.server.log.segment.size.max = 1048576 (custom)
scm_1       | 2019-10-21 21:16:38,480 INFO server.SCMBlockProtocolServer: Allocating 1 blocks of size 268435456, with ExcludeList {datanodes = [], containerIds = [], pipelineIds = []}
datanode_1  | 2019-10-21 21:14:31,663 INFO server.RaftServerConfigKeys: raft.server.log.segment.size.max = 1048576 (custom)
datanode_2  | 2019-10-21 21:14:31,625 INFO server.RaftServerConfigKeys: raft.server.log.segment.size.max = 1048576 (custom)
nm_1        | 2019-10-21 21:15:43 INFO  NMAuditLogger:94 - USER=hadoop	IP=172.18.0.4	OPERATION=Start Container Request	TARGET=ContainerManageImpl	RESULT=SUCCESS	APPID=application_1571692461400_0001	CONTAINERID=container_1571692461400_0001_01_000002
rm_1        | 2019-10-21 21:14:21 INFO  Server:1153 - IPC Server listener on 8033: starting
datanode_3  | 2019-10-21 21:14:31,647 INFO server.RaftServerConfigKeys: raft.server.log.segment.cache.num.max = 2 (custom)
scm_1       | 2019-10-21 21:16:38,550 INFO server.SCMBlockProtocolServer: Allocating 1 blocks of size 268435456, with ExcludeList {datanodes = [], containerIds = [], pipelineIds = []}
datanode_1  | 2019-10-21 21:14:31,663 INFO server.RaftServerConfigKeys: raft.server.log.preallocated.size = 16384 (custom)
datanode_2  | 2019-10-21 21:14:31,626 INFO server.RaftServerConfigKeys: raft.server.log.segment.cache.num.max = 2 (custom)
nm_1        | 2019-10-21 21:15:43 INFO  ApplicationImpl:463 - Adding container_1571692461400_0001_01_000002 to application application_1571692461400_0001
rm_1        | 2019-10-21 21:14:21 INFO  RMStateStore:550 - Updating AMRMToken
datanode_3  | 2019-10-21 21:14:31,647 INFO segmented.SegmentedRaftLogWorker: new 438d1cef-7fed-4e41-83fd-a4a802af80f0@group-3A1A259FDC44-SegmentedRaftLogWorker for RaftStorage:Storage Directory /data/metadata/ratis/3910dbc4-f299-4c9b-ba22-3a1a259fdc44
scm_1       | 2019-10-21 21:16:38,699 INFO server.SCMBlockProtocolServer: Allocating 1 blocks of size 268435456, with ExcludeList {datanodes = [], containerIds = [], pipelineIds = []}
datanode_1  | 2019-10-21 21:14:31,663 INFO server.RaftServerConfigKeys: raft.server.log.write.buffer.size = 33554432 (custom)
datanode_2  | 2019-10-21 21:14:31,626 INFO segmented.SegmentedRaftLogWorker: new 83497ac5-f127-4de3-bcbf-f9411f4a2ac4@group-3A1A259FDC44-SegmentedRaftLogWorker for RaftStorage:Storage Directory /data/metadata/ratis/3910dbc4-f299-4c9b-ba22-3a1a259fdc44
nm_1        | 2019-10-21 21:15:43 INFO  ContainerImpl:2112 - Container container_1571692461400_0001_01_000002 transitioned from NEW to LOCALIZING
rm_1        | 2019-10-21 21:14:21 INFO  RMContainerTokenSecretManager:109 - Rolling master-key for container-tokens
datanode_3  | 2019-10-21 21:14:31,647 INFO server.RaftServerConfigKeys: raft.server.log.queue.byte-limit = 2147483647 (custom)
scm_1       | 2019-10-21 21:16:38,853 INFO server.SCMBlockProtocolServer: Allocating 1 blocks of size 268435456, with ExcludeList {datanodes = [], containerIds = [], pipelineIds = []}
datanode_1  | 2019-10-21 21:14:31,663 INFO server.RaftServerConfigKeys: raft.server.log.force.sync.num = 128 (default)
datanode_2  | 2019-10-21 21:14:31,626 INFO server.RaftServerConfigKeys: raft.server.log.queue.byte-limit = 2147483647 (custom)
nm_1        | 2019-10-21 21:15:43 INFO  AuxServices:350 - Got event CONTAINER_INIT for appId application_1571692461400_0001
rm_1        | 2019-10-21 21:14:21 INFO  NMTokenSecretManagerInRM:95 - Rolling master-key for nm-tokens
datanode_3  | 2019-10-21 21:14:31,647 INFO server.RaftServerConfigKeys: raft.server.log.queue.element-limit = 1024 (custom)
datanode_1  | 2019-10-21 21:14:31,663 INFO server.RaftServerConfigKeys: raft.server.log.statemachine.data.sync = true (default)
datanode_2  | 2019-10-21 21:14:31,626 INFO server.RaftServerConfigKeys: raft.server.log.queue.element-limit = 1024 (custom)
nm_1        | 2019-10-21 21:15:43 INFO  AuxServices:350 - Got event APPLICATION_INIT for appId application_1571692461400_0001
rm_1        | 2019-10-21 21:14:21 INFO  AbstractDelegationTokenSecretManager:343 - Updating the current master key for generating delegation tokens
datanode_3  | 2019-10-21 21:14:31,647 INFO server.RaftServerConfigKeys: raft.server.log.segment.size.max = 1048576 (custom)
datanode_1  | 2019-10-21 21:14:31,663 INFO server.RaftServerConfigKeys: raft.server.log.statemachine.data.sync.timeout = 10s (default)
datanode_2  | 2019-10-21 21:14:31,626 INFO server.RaftServerConfigKeys: raft.server.log.segment.size.max = 1048576 (custom)
nm_1        | 2019-10-21 21:15:43 INFO  AuxServices:354 - Got APPLICATION_INIT for service mapreduce_shuffle
datanode_3  | 2019-10-21 21:14:31,648 INFO server.RaftServerConfigKeys: raft.server.log.preallocated.size = 16384 (custom)
datanode_1  | 2019-10-21 21:14:31,663 INFO segmented.SegmentedRaftLogWorker: f4774554-04d8-4c29-9266-4875815cbe17@group-7CFA3F1A5EA2-SegmentedRaftLogWorker: Starting segment from index:0
nm_1        | 2019-10-21 21:15:43 INFO  ShuffleHandler:719 - Added token for job_1571692461400_0001
rm_1        | 2019-10-21 21:14:21 INFO  RMDelegationTokenSecretManager:92 - storing master key with keyID 1
datanode_1  | 2019-10-21 21:14:31,664 INFO server.RaftServerConfigKeys: raft.server.log.statemachine.data.sync.timeout.retry = -1 (default)
datanode_2  | 2019-10-21 21:14:31,626 INFO server.RaftServerConfigKeys: raft.server.log.preallocated.size = 16384 (custom)
nm_1        | 2019-10-21 21:15:43 INFO  ContainerImpl:2112 - Container container_1571692461400_0001_01_000002 transitioned from LOCALIZING to SCHEDULED
rm_1        | 2019-10-21 21:14:21 INFO  RMStateStore:501 - Storing RMDTMasterKey.
datanode_3  | 2019-10-21 21:14:31,648 INFO server.RaftServerConfigKeys: raft.server.log.write.buffer.size = 33554432 (custom)
datanode_1  | 2019-10-21 21:14:31,664 INFO server.RaftServerConfigKeys: raft.server.log.statemachine.data.caching.enabled = true (custom)
datanode_2  | 2019-10-21 21:14:31,626 INFO server.RaftServerConfigKeys: raft.server.log.write.buffer.size = 33554432 (custom)
nm_1        | 2019-10-21 21:15:43 INFO  ContainerScheduler:541 - Starting container [container_1571692461400_0001_01_000002]
rm_1        | 2019-10-21 21:14:21 INFO  AbstractDelegationTokenSecretManager:675 - Starting expired delegation token remover thread, tokenRemoverScanInterval=60 min(s)
datanode_3  | 2019-10-21 21:14:31,648 INFO server.RaftServerConfigKeys: raft.server.log.force.sync.num = 128 (default)
datanode_1  | 2019-10-21 21:14:31,664 INFO segmented.SegmentedRaftLogWorker: f4774554-04d8-4c29-9266-4875815cbe17@group-3A1A259FDC44-SegmentedRaftLogWorker: flushIndex: setUnconditionally 0 -> -1
datanode_2  | 2019-10-21 21:14:31,626 INFO server.RaftServerConfigKeys: raft.server.log.force.sync.num = 128 (default)
nm_1        | 2019-10-21 21:15:43 INFO  ContainerImpl:2112 - Container container_1571692461400_0001_01_000002 transitioned from SCHEDULED to RUNNING
rm_1        | 2019-10-21 21:14:21 INFO  AbstractDelegationTokenSecretManager:343 - Updating the current master key for generating delegation tokens
datanode_3  | 2019-10-21 21:14:31,648 INFO server.RaftServerConfigKeys: raft.server.log.statemachine.data.sync = true (default)
datanode_1  | 2019-10-21 21:14:31,665 INFO server.RaftServerConfigKeys: raft.server.snapshot.auto.trigger.enabled = true (custom)
datanode_2  | 2019-10-21 21:14:31,626 INFO server.RaftServerConfigKeys: raft.server.log.statemachine.data.sync = true (default)
nm_1        | 2019-10-21 21:15:43 INFO  ContainersMonitorImpl:1013 - Starting resource-monitoring for container_1571692461400_0001_01_000002
rm_1        | 2019-10-21 21:14:21 INFO  RMDelegationTokenSecretManager:92 - storing master key with keyID 2
datanode_3  | 2019-10-21 21:14:31,648 INFO server.RaftServerConfigKeys: raft.server.log.statemachine.data.sync.timeout = 10s (default)
datanode_1  | 2019-10-21 21:14:31,665 INFO server.RaftServerConfigKeys: raft.server.snapshot.auto.trigger.threshold = 10000 (custom)
datanode_2  | 2019-10-21 21:14:31,626 INFO server.RaftServerConfigKeys: raft.server.log.statemachine.data.sync.timeout = 10s (default)
nm_1        | 2019-10-21 21:15:43 INFO  DefaultContainerExecutor:370 - launchContainer: [bash, /tmp/hadoop-hadoop/nm-local-dir/usercache/hadoop/appcache/application_1571692461400_0001/container_1571692461400_0001_01_000002/default_container_executor.sh]
rm_1        | 2019-10-21 21:14:21 INFO  RMStateStore:501 - Storing RMDTMasterKey.
datanode_3  | 2019-10-21 21:14:31,648 INFO server.RaftServerConfigKeys: raft.server.log.statemachine.data.sync.timeout.retry = -1 (default)
datanode_1  | 2019-10-21 21:14:31,665 INFO server.RaftServerConfigKeys: raft.server.snapshot.retention.file.num = 5 (custom)
datanode_2  | 2019-10-21 21:14:31,626 INFO server.RaftServerConfigKeys: raft.server.log.statemachine.data.sync.timeout.retry = -1 (default)
nm_1        | 2019-10-21 21:15:44 INFO  ContainersMonitorImpl:615 - container_1571692461400_0001_01_000002's ip = 172.18.0.4, and hostname = nm
rm_1        | 2019-10-21 21:14:21 INFO  AsyncDispatcher:223 - Registering class org.apache.hadoop.yarn.nodelabels.event.NodeLabelsStoreEventType for class org.apache.hadoop.yarn.nodelabels.CommonNodeLabelsManager$ForwardingEventHandler
datanode_3  | 2019-10-21 21:14:31,648 INFO server.RaftServerConfigKeys: raft.server.log.statemachine.data.caching.enabled = true (custom)
datanode_1  | 2019-10-21 21:14:31,665 INFO server.RaftServerConfigKeys: raft.server.retrycache.expirytime = 600000ms (custom)
datanode_2  | 2019-10-21 21:14:31,627 INFO server.RaftServerConfigKeys: raft.server.log.statemachine.data.caching.enabled = true (custom)
nm_1        | 2019-10-21 21:15:47 INFO  ContainersMonitorImpl:516 - Skipping monitoring container container_1571692461400_0001_01_000002 since CPU usage is not yet available.
rm_1        | 2019-10-21 21:14:21 INFO  AbstractFSNodeStore:67 - Created store directory :file:/tmp/hadoop-yarn-hadoop/node-attribute
datanode_3  | 2019-10-21 21:14:31,649 INFO segmented.SegmentedRaftLogWorker: 438d1cef-7fed-4e41-83fd-a4a802af80f0@group-3A1A259FDC44-SegmentedRaftLogWorker: flushIndex: setUnconditionally 0 -> -1
datanode_1  | 2019-10-21 21:14:31,669 INFO impl.RaftServerImpl: f4774554-04d8-4c29-9266-4875815cbe17@group-3A1A259FDC44: start as a follower, conf=-1: [f4774554-04d8-4c29-9266-4875815cbe17:172.18.0.7:9858, 438d1cef-7fed-4e41-83fd-a4a802af80f0:172.18.0.5:9858, 83497ac5-f127-4de3-bcbf-f9411f4a2ac4:172.18.0.6:9858], old=null
datanode_2  | 2019-10-21 21:14:31,627 INFO segmented.SegmentedRaftLogWorker: 83497ac5-f127-4de3-bcbf-f9411f4a2ac4@group-3A1A259FDC44-SegmentedRaftLogWorker: flushIndex: setUnconditionally 0 -> -1
nm_1        | 2019-10-21 21:15:48 INFO  ContainerLaunch:595 - Container container_1571692461400_0001_01_000002 succeeded 
rm_1        | 2019-10-21 21:14:21 INFO  AbstractFSNodeStore:181 - Finished write mirror at:file:/tmp/hadoop-yarn-hadoop/node-attribute/nodeattribute.mirror
datanode_3  | 2019-10-21 21:14:31,649 INFO server.RaftServerConfigKeys: raft.server.snapshot.auto.trigger.enabled = true (custom)
nm_1        | 2019-10-21 21:15:48 INFO  ContainerImpl:2112 - Container container_1571692461400_0001_01_000002 transitioned from RUNNING to EXITED_WITH_SUCCESS
rm_1        | 2019-10-21 21:14:21 INFO  AbstractFSNodeStore:182 - Finished create editlog file at:file:/tmp/hadoop-yarn-hadoop/node-attribute/nodeattribute.editlog
datanode_2  | 2019-10-21 21:14:31,627 INFO server.RaftServerConfigKeys: raft.server.snapshot.auto.trigger.enabled = true (custom)
datanode_1  | 2019-10-21 21:14:31,669 INFO impl.RaftServerImpl: f4774554-04d8-4c29-9266-4875815cbe17@group-3A1A259FDC44: changes role from      null to FOLLOWER at term 0 for startAsFollower
nm_1        | 2019-10-21 21:15:48 INFO  ContainerCleanup:87 - Cleaning up container container_1571692461400_0001_01_000002
datanode_3  | 2019-10-21 21:14:31,650 INFO server.RaftServerConfigKeys: raft.server.snapshot.auto.trigger.threshold = 10000 (custom)
rm_1        | 2019-10-21 21:14:21 INFO  AsyncDispatcher:223 - Registering class org.apache.hadoop.yarn.server.resourcemanager.nodelabels.NodeAttributesStoreEventType for class org.apache.hadoop.yarn.server.resourcemanager.nodelabels.NodeAttributesManagerImpl$ForwardingEventHandler
datanode_2  | 2019-10-21 21:14:31,628 INFO server.RaftServerConfigKeys: raft.server.snapshot.auto.trigger.threshold = 10000 (custom)
datanode_1  | 2019-10-21 21:14:31,670 INFO impl.RoleInfo: f4774554-04d8-4c29-9266-4875815cbe17: start FollowerState
nm_1        | 2019-10-21 21:15:48 INFO  NMAuditLogger:94 - USER=hadoop	OPERATION=Container Finished - Succeeded	TARGET=ContainerImpl	RESULT=SUCCESS	APPID=application_1571692461400_0001	CONTAINERID=container_1571692461400_0001_01_000002
datanode_3  | 2019-10-21 21:14:31,650 INFO server.RaftServerConfigKeys: raft.server.snapshot.retention.file.num = 5 (custom)
rm_1        | 2019-10-21 21:14:21 INFO  MultiNodeSortingManager:66 - Starting NodeSortingService=MultiNodeSortingManager
datanode_2  | 2019-10-21 21:14:31,628 INFO server.RaftServerConfigKeys: raft.server.snapshot.retention.file.num = 5 (custom)
datanode_1  | 2019-10-21 21:14:31,670 INFO util.JmxRegister: Successfully registered JMX Bean with object name Ratis:service=RaftServer,group=group-3A1A259FDC44,id=f4774554-04d8-4c29-9266-4875815cbe17
nm_1        | 2019-10-21 21:15:48 INFO  ContainerImpl:2112 - Container container_1571692461400_0001_01_000002 transitioned from EXITED_WITH_SUCCESS to DONE
datanode_3  | 2019-10-21 21:14:31,650 INFO server.RaftServerConfigKeys: raft.server.retrycache.expirytime = 600000ms (custom)
rm_1        | 2019-10-21 21:14:21 INFO  CallQueueManager:84 - Using callQueue: class java.util.concurrent.LinkedBlockingQueue, queueCapacity: 5000, scheduler: class org.apache.hadoop.ipc.DefaultRpcScheduler, ipcBackoff: false.
datanode_2  | 2019-10-21 21:14:31,628 INFO server.RaftServerConfigKeys: raft.server.retrycache.expirytime = 600000ms (custom)
datanode_1  | 2019-10-21 21:14:31,675 INFO impl.RaftServerImpl: f4774554-04d8-4c29-9266-4875815cbe17@group-7CFA3F1A5EA2: set configuration 0: [f4774554-04d8-4c29-9266-4875815cbe17:172.18.0.7:9858], old=null at 0
nm_1        | 2019-10-21 21:15:48 INFO  ApplicationImpl:512 - Removing container_1571692461400_0001_01_000002 from application application_1571692461400_0001
datanode_3  | 2019-10-21 21:14:31,653 INFO impl.RaftServerImpl: 438d1cef-7fed-4e41-83fd-a4a802af80f0@group-3A1A259FDC44: start as a follower, conf=-1: [f4774554-04d8-4c29-9266-4875815cbe17:172.18.0.7:9858, 438d1cef-7fed-4e41-83fd-a4a802af80f0:172.18.0.5:9858, 83497ac5-f127-4de3-bcbf-f9411f4a2ac4:172.18.0.6:9858], old=null
datanode_2  | 2019-10-21 21:14:31,631 INFO impl.RaftServerImpl: 83497ac5-f127-4de3-bcbf-f9411f4a2ac4@group-3A1A259FDC44: start as a follower, conf=-1: [f4774554-04d8-4c29-9266-4875815cbe17:172.18.0.7:9858, 438d1cef-7fed-4e41-83fd-a4a802af80f0:172.18.0.5:9858, 83497ac5-f127-4de3-bcbf-f9411f4a2ac4:172.18.0.6:9858], old=null
rm_1        | 2019-10-21 21:14:21 INFO  Server:1074 - Starting Socket Reader #1 for port 8031
datanode_1  | 2019-10-21 21:14:31,755 INFO impl.FollowerState: f4774554-04d8-4c29-9266-4875815cbe17@group-3A1A259FDC44-FollowerState: change to CANDIDATE, lastRpcTime:85ms, electionTimeout:85ms
nm_1        | 2019-10-21 21:15:48 INFO  ContainersMonitorImpl:1004 - Stopping resource-monitoring for container_1571692461400_0001_01_000002
datanode_3  | 2019-10-21 21:14:31,653 INFO impl.RaftServerImpl: 438d1cef-7fed-4e41-83fd-a4a802af80f0@group-3A1A259FDC44: changes role from      null to FOLLOWER at term 0 for startAsFollower
datanode_2  | 2019-10-21 21:14:31,631 INFO impl.RaftServerImpl: 83497ac5-f127-4de3-bcbf-f9411f4a2ac4@group-3A1A259FDC44: changes role from      null to FOLLOWER at term 0 for startAsFollower
rm_1        | 2019-10-21 21:14:21 INFO  RpcServerFactoryPBImpl:173 - Adding protocol org.apache.hadoop.yarn.server.api.ResourceTrackerPB to the server
datanode_1  | 2019-10-21 21:14:31,759 INFO impl.RoleInfo: f4774554-04d8-4c29-9266-4875815cbe17: shutdown FollowerState
nm_1        | 2019-10-21 21:15:48 INFO  AuxServices:350 - Got event CONTAINER_STOP for appId application_1571692461400_0001
datanode_3  | 2019-10-21 21:14:31,654 INFO impl.RoleInfo: 438d1cef-7fed-4e41-83fd-a4a802af80f0: start FollowerState
datanode_2  | 2019-10-21 21:14:31,631 INFO impl.RoleInfo: 83497ac5-f127-4de3-bcbf-f9411f4a2ac4: start FollowerState
rm_1        | 2019-10-21 21:14:21 INFO  Server:1314 - IPC Server Responder: starting
datanode_1  | 2019-10-21 21:14:31,759 INFO impl.RaftServerImpl: f4774554-04d8-4c29-9266-4875815cbe17@group-3A1A259FDC44: changes role from  FOLLOWER to CANDIDATE at term 0 for changeToCandidate
nm_1        | 2019-10-21 21:15:48 INFO  DefaultContainerExecutor:634 - Deleting absolute path : /tmp/hadoop-hadoop/nm-local-dir/usercache/hadoop/appcache/application_1571692461400_0001/container_1571692461400_0001_01_000002/launch_container.sh
datanode_3  | 2019-10-21 21:14:31,654 INFO util.JmxRegister: Successfully registered JMX Bean with object name Ratis:service=RaftServer,group=group-3A1A259FDC44,id=438d1cef-7fed-4e41-83fd-a4a802af80f0
datanode_2  | 2019-10-21 21:14:31,632 INFO util.JmxRegister: Successfully registered JMX Bean with object name Ratis:service=RaftServer,group=group-3A1A259FDC44,id=83497ac5-f127-4de3-bcbf-f9411f4a2ac4
rm_1        | 2019-10-21 21:14:21 INFO  Server:1153 - IPC Server listener on 8031: starting
datanode_1  | 2019-10-21 21:14:31,759 INFO impl.RoleInfo: f4774554-04d8-4c29-9266-4875815cbe17: start LeaderElection
nm_1        | 2019-10-21 21:15:48 INFO  DefaultContainerExecutor:634 - Deleting absolute path : /tmp/hadoop-hadoop/nm-local-dir/usercache/hadoop/appcache/application_1571692461400_0001/container_1571692461400_0001_01_000002/container_tokens
datanode_3  | 2019-10-21 21:14:31,707 INFO impl.FollowerState: 438d1cef-7fed-4e41-83fd-a4a802af80f0@group-3A1A259FDC44-FollowerState: change to CANDIDATE, lastRpcTime:53ms, electionTimeout:53ms
datanode_2  | 2019-10-21 21:14:31,786 INFO impl.FollowerState: 83497ac5-f127-4de3-bcbf-f9411f4a2ac4@group-3A1A259FDC44-FollowerState: change to CANDIDATE, lastRpcTime:154ms, electionTimeout:154ms
rm_1        | 2019-10-21 21:14:21 INFO  JvmPauseMonitor:188 - Starting JVM pause monitor
nm_1        | 2019-10-21 21:15:50 INFO  Server:1849 - Auth successful for appattempt_1571692461400_0001_000001 (auth:SIMPLE)
datanode_3  | 2019-10-21 21:14:31,708 INFO impl.RoleInfo: 438d1cef-7fed-4e41-83fd-a4a802af80f0: shutdown FollowerState
datanode_2  | 2019-10-21 21:14:31,787 INFO impl.RoleInfo: 83497ac5-f127-4de3-bcbf-f9411f4a2ac4: shutdown FollowerState
datanode_1  | 2019-10-21 21:14:31,776 INFO segmented.SegmentedRaftLogWorker: f4774554-04d8-4c29-9266-4875815cbe17@group-7CFA3F1A5EA2-SegmentedRaftLogWorker: created new log segment /data/metadata/ratis/6fec9fe3-b694-4ed9-9c81-7cfa3f1a5ea2/current/log_inprogress_0
rm_1        | 2019-10-21 21:14:21 INFO  CallQueueManager:84 - Using callQueue: class java.util.concurrent.LinkedBlockingQueue, queueCapacity: 5000, scheduler: class org.apache.hadoop.ipc.DefaultRpcScheduler, ipcBackoff: false.
nm_1        | 2019-10-21 21:15:50 INFO  ContainerManagerImpl:1070 - Start request for container_1571692461400_0001_01_000003 by user hadoop
datanode_3  | 2019-10-21 21:14:31,708 INFO impl.RaftServerImpl: 438d1cef-7fed-4e41-83fd-a4a802af80f0@group-3A1A259FDC44: changes role from  FOLLOWER to CANDIDATE at term 0 for changeToCandidate
datanode_2  | 2019-10-21 21:14:31,787 INFO impl.RaftServerImpl: 83497ac5-f127-4de3-bcbf-f9411f4a2ac4@group-3A1A259FDC44: changes role from  FOLLOWER to CANDIDATE at term 0 for changeToCandidate
datanode_1  | 2019-10-21 21:14:31,776 INFO impl.LeaderElection: f4774554-04d8-4c29-9266-4875815cbe17@group-3A1A259FDC44-LeaderElection2: begin an election at term 1 for -1: [f4774554-04d8-4c29-9266-4875815cbe17:172.18.0.7:9858, 438d1cef-7fed-4e41-83fd-a4a802af80f0:172.18.0.5:9858, 83497ac5-f127-4de3-bcbf-f9411f4a2ac4:172.18.0.6:9858], old=null
rm_1        | 2019-10-21 21:14:21 INFO  Server:1074 - Starting Socket Reader #1 for port 8030
nm_1        | 2019-10-21 21:15:50 INFO  NMAuditLogger:94 - USER=hadoop	IP=172.18.0.4	OPERATION=Start Container Request	TARGET=ContainerManageImpl	RESULT=SUCCESS	APPID=application_1571692461400_0001	CONTAINERID=container_1571692461400_0001_01_000003
datanode_3  | 2019-10-21 21:14:31,708 INFO impl.RoleInfo: 438d1cef-7fed-4e41-83fd-a4a802af80f0: start LeaderElection
datanode_2  | 2019-10-21 21:14:31,787 INFO impl.RoleInfo: 83497ac5-f127-4de3-bcbf-f9411f4a2ac4: start LeaderElection
rm_1        | 2019-10-21 21:14:21 INFO  RpcServerFactoryPBImpl:173 - Adding protocol org.apache.hadoop.yarn.api.ApplicationMasterProtocolPB to the server
nm_1        | 2019-10-21 21:15:50 INFO  ApplicationImpl:463 - Adding container_1571692461400_0001_01_000003 to application application_1571692461400_0001
datanode_1  | 2019-10-21 21:14:31,942 INFO impl.LeaderElection: f4774554-04d8-4c29-9266-4875815cbe17@group-3A1A259FDC44-LeaderElection2: Election TIMEOUT; received 0 response(s) [] and 0 exception(s); f4774554-04d8-4c29-9266-4875815cbe17@group-3A1A259FDC44:t1, leader=null, voted=f4774554-04d8-4c29-9266-4875815cbe17, raftlog=f4774554-04d8-4c29-9266-4875815cbe17@group-3A1A259FDC44-SegmentedRaftLog:OPENED:c-1,f-1,i0, conf=-1: [f4774554-04d8-4c29-9266-4875815cbe17:172.18.0.7:9858, 438d1cef-7fed-4e41-83fd-a4a802af80f0:172.18.0.5:9858, 83497ac5-f127-4de3-bcbf-f9411f4a2ac4:172.18.0.6:9858], old=null
datanode_2  | 2019-10-21 21:14:31,795 INFO impl.LeaderElection: 83497ac5-f127-4de3-bcbf-f9411f4a2ac4@group-3A1A259FDC44-LeaderElection2: begin an election at term 1 for -1: [f4774554-04d8-4c29-9266-4875815cbe17:172.18.0.7:9858, 438d1cef-7fed-4e41-83fd-a4a802af80f0:172.18.0.5:9858, 83497ac5-f127-4de3-bcbf-f9411f4a2ac4:172.18.0.6:9858], old=null
datanode_3  | 2019-10-21 21:14:31,723 INFO impl.LeaderElection: 438d1cef-7fed-4e41-83fd-a4a802af80f0@group-3A1A259FDC44-LeaderElection2: begin an election at term 1 for -1: [f4774554-04d8-4c29-9266-4875815cbe17:172.18.0.7:9858, 438d1cef-7fed-4e41-83fd-a4a802af80f0:172.18.0.5:9858, 83497ac5-f127-4de3-bcbf-f9411f4a2ac4:172.18.0.6:9858], old=null
rm_1        | 2019-10-21 21:14:21 INFO  Server:1314 - IPC Server Responder: starting
nm_1        | 2019-10-21 21:15:50 INFO  ContainerImpl:2112 - Container container_1571692461400_0001_01_000003 transitioned from NEW to LOCALIZING
datanode_1  | 2019-10-21 21:14:31,957 INFO impl.LeaderElection: f4774554-04d8-4c29-9266-4875815cbe17@group-3A1A259FDC44-LeaderElection2: begin an election at term 2 for -1: [f4774554-04d8-4c29-9266-4875815cbe17:172.18.0.7:9858, 438d1cef-7fed-4e41-83fd-a4a802af80f0:172.18.0.5:9858, 83497ac5-f127-4de3-bcbf-f9411f4a2ac4:172.18.0.6:9858], old=null
datanode_2  | 2019-10-21 21:14:31,962 INFO impl.RaftServerImpl: 83497ac5-f127-4de3-bcbf-f9411f4a2ac4@group-3A1A259FDC44: changes role from CANDIDATE to FOLLOWER at term 2 for recognizeCandidate:438d1cef-7fed-4e41-83fd-a4a802af80f0
datanode_3  | 2019-10-21 21:14:31,881 INFO impl.LeaderElection: 438d1cef-7fed-4e41-83fd-a4a802af80f0@group-3A1A259FDC44-LeaderElection2: Election TIMEOUT; received 0 response(s) [] and 0 exception(s); 438d1cef-7fed-4e41-83fd-a4a802af80f0@group-3A1A259FDC44:t1, leader=null, voted=438d1cef-7fed-4e41-83fd-a4a802af80f0, raftlog=438d1cef-7fed-4e41-83fd-a4a802af80f0@group-3A1A259FDC44-SegmentedRaftLog:OPENED:c-1,f-1,i0, conf=-1: [f4774554-04d8-4c29-9266-4875815cbe17:172.18.0.7:9858, 438d1cef-7fed-4e41-83fd-a4a802af80f0:172.18.0.5:9858, 83497ac5-f127-4de3-bcbf-f9411f4a2ac4:172.18.0.6:9858], old=null
rm_1        | 2019-10-21 21:14:21 INFO  Server:1153 - IPC Server listener on 8030: starting
nm_1        | 2019-10-21 21:15:50 INFO  AuxServices:350 - Got event CONTAINER_INIT for appId application_1571692461400_0001
datanode_1  | 2019-10-21 21:14:32,009 INFO impl.LeaderElection: f4774554-04d8-4c29-9266-4875815cbe17@group-3A1A259FDC44-LeaderElection2: Election TIMEOUT; received 0 response(s) [] and 0 exception(s); f4774554-04d8-4c29-9266-4875815cbe17@group-3A1A259FDC44:t2, leader=null, voted=f4774554-04d8-4c29-9266-4875815cbe17, raftlog=f4774554-04d8-4c29-9266-4875815cbe17@group-3A1A259FDC44-SegmentedRaftLog:OPENED:c-1,f-1,i0, conf=-1: [f4774554-04d8-4c29-9266-4875815cbe17:172.18.0.7:9858, 438d1cef-7fed-4e41-83fd-a4a802af80f0:172.18.0.5:9858, 83497ac5-f127-4de3-bcbf-f9411f4a2ac4:172.18.0.6:9858], old=null
datanode_2  | 2019-10-21 21:14:31,962 INFO impl.RoleInfo: 83497ac5-f127-4de3-bcbf-f9411f4a2ac4: shutdown LeaderElection
datanode_3  | 2019-10-21 21:14:31,936 INFO impl.LeaderElection: 438d1cef-7fed-4e41-83fd-a4a802af80f0@group-3A1A259FDC44-LeaderElection2: begin an election at term 2 for -1: [f4774554-04d8-4c29-9266-4875815cbe17:172.18.0.7:9858, 438d1cef-7fed-4e41-83fd-a4a802af80f0:172.18.0.5:9858, 83497ac5-f127-4de3-bcbf-f9411f4a2ac4:172.18.0.6:9858], old=null
rm_1        | 2019-10-21 21:14:22 INFO  CallQueueManager:84 - Using callQueue: class java.util.concurrent.LinkedBlockingQueue, queueCapacity: 5000, scheduler: class org.apache.hadoop.ipc.DefaultRpcScheduler, ipcBackoff: false.
nm_1        | 2019-10-21 21:15:50 INFO  AuxServices:350 - Got event APPLICATION_INIT for appId application_1571692461400_0001
datanode_1  | 2019-10-21 21:14:32,032 INFO impl.LeaderElection: f4774554-04d8-4c29-9266-4875815cbe17@group-3A1A259FDC44-LeaderElection2: begin an election at term 3 for -1: [f4774554-04d8-4c29-9266-4875815cbe17:172.18.0.7:9858, 438d1cef-7fed-4e41-83fd-a4a802af80f0:172.18.0.5:9858, 83497ac5-f127-4de3-bcbf-f9411f4a2ac4:172.18.0.6:9858], old=null
datanode_2  | 2019-10-21 21:14:31,962 INFO impl.RoleInfo: 83497ac5-f127-4de3-bcbf-f9411f4a2ac4: start FollowerState
datanode_3  | 2019-10-21 21:14:31,978 INFO impl.LeaderElection: 438d1cef-7fed-4e41-83fd-a4a802af80f0@group-3A1A259FDC44-LeaderElection2: Election TIMEOUT; received 0 response(s) [] and 0 exception(s); 438d1cef-7fed-4e41-83fd-a4a802af80f0@group-3A1A259FDC44:t2, leader=null, voted=438d1cef-7fed-4e41-83fd-a4a802af80f0, raftlog=438d1cef-7fed-4e41-83fd-a4a802af80f0@group-3A1A259FDC44-SegmentedRaftLog:OPENED:c-1,f-1,i0, conf=-1: [f4774554-04d8-4c29-9266-4875815cbe17:172.18.0.7:9858, 438d1cef-7fed-4e41-83fd-a4a802af80f0:172.18.0.5:9858, 83497ac5-f127-4de3-bcbf-f9411f4a2ac4:172.18.0.6:9858], old=null
rm_1        | 2019-10-21 21:14:22 INFO  Server:1074 - Starting Socket Reader #1 for port 8032
nm_1        | 2019-10-21 21:15:50 INFO  AuxServices:354 - Got APPLICATION_INIT for service mapreduce_shuffle
datanode_2  | 2019-10-21 21:14:31,975 INFO impl.LeaderElection: 83497ac5-f127-4de3-bcbf-f9411f4a2ac4@group-3A1A259FDC44-LeaderElection2: Election DISCOVERED_A_NEW_TERM; received 1 response(s) [83497ac5-f127-4de3-bcbf-f9411f4a2ac4<-f4774554-04d8-4c29-9266-4875815cbe17#0:FAIL-t2] and 0 exception(s); 83497ac5-f127-4de3-bcbf-f9411f4a2ac4@group-3A1A259FDC44:t2, leader=null, voted=null, raftlog=83497ac5-f127-4de3-bcbf-f9411f4a2ac4@group-3A1A259FDC44-SegmentedRaftLog:OPENED:c-1,f-1,i0, conf=-1: [f4774554-04d8-4c29-9266-4875815cbe17:172.18.0.7:9858, 438d1cef-7fed-4e41-83fd-a4a802af80f0:172.18.0.5:9858, 83497ac5-f127-4de3-bcbf-f9411f4a2ac4:172.18.0.6:9858], old=null
datanode_3  | 2019-10-21 21:14:31,993 INFO impl.LeaderElection: 438d1cef-7fed-4e41-83fd-a4a802af80f0@group-3A1A259FDC44-LeaderElection2: begin an election at term 3 for -1: [f4774554-04d8-4c29-9266-4875815cbe17:172.18.0.7:9858, 438d1cef-7fed-4e41-83fd-a4a802af80f0:172.18.0.5:9858, 83497ac5-f127-4de3-bcbf-f9411f4a2ac4:172.18.0.6:9858], old=null
datanode_3  | 2019-10-21 21:14:32,007 INFO impl.LeaderElection: 438d1cef-7fed-4e41-83fd-a4a802af80f0@group-3A1A259FDC44-LeaderElection2: Election TIMEOUT; received 0 response(s) [] and 0 exception(s); 438d1cef-7fed-4e41-83fd-a4a802af80f0@group-3A1A259FDC44:t3, leader=null, voted=438d1cef-7fed-4e41-83fd-a4a802af80f0, raftlog=438d1cef-7fed-4e41-83fd-a4a802af80f0@group-3A1A259FDC44-SegmentedRaftLog:OPENED:c-1,f-1,i0, conf=-1: [f4774554-04d8-4c29-9266-4875815cbe17:172.18.0.7:9858, 438d1cef-7fed-4e41-83fd-a4a802af80f0:172.18.0.5:9858, 83497ac5-f127-4de3-bcbf-f9411f4a2ac4:172.18.0.6:9858], old=null
rm_1        | 2019-10-21 21:14:22 INFO  RpcServerFactoryPBImpl:173 - Adding protocol org.apache.hadoop.yarn.api.ApplicationClientProtocolPB to the server
datanode_2  | 2019-10-21 21:14:31,998 INFO impl.RaftServerImpl: 83497ac5-f127-4de3-bcbf-f9411f4a2ac4@group-3A1A259FDC44: changes role from  FOLLOWER to FOLLOWER at term 2 for recognizeCandidate:f4774554-04d8-4c29-9266-4875815cbe17
datanode_1  | 2019-10-21 21:14:32,062 INFO impl.RaftServerImpl: f4774554-04d8-4c29-9266-4875815cbe17@group-3A1A259FDC44: changes role from CANDIDATE to FOLLOWER at term 4 for recognizeCandidate:438d1cef-7fed-4e41-83fd-a4a802af80f0
rm_1        | 2019-10-21 21:14:22 INFO  Server:1314 - IPC Server Responder: starting
rm_1        | 2019-10-21 21:14:22 INFO  Server:1153 - IPC Server listener on 8032: starting
datanode_3  | 2019-10-21 21:14:32,032 INFO impl.LeaderElection: 438d1cef-7fed-4e41-83fd-a4a802af80f0@group-3A1A259FDC44-LeaderElection2: begin an election at term 4 for -1: [f4774554-04d8-4c29-9266-4875815cbe17:172.18.0.7:9858, 438d1cef-7fed-4e41-83fd-a4a802af80f0:172.18.0.5:9858, 83497ac5-f127-4de3-bcbf-f9411f4a2ac4:172.18.0.6:9858], old=null
datanode_2  | 2019-10-21 21:14:31,998 INFO impl.RoleInfo: 83497ac5-f127-4de3-bcbf-f9411f4a2ac4: shutdown FollowerState
nm_1        | 2019-10-21 21:15:50 INFO  ShuffleHandler:719 - Added token for job_1571692461400_0001
rm_1        | 2019-10-21 21:14:22 INFO  ResourceManager:1308 - Transitioned to active state
datanode_3  | 2019-10-21 21:14:32,080 INFO impl.LeaderElection: 438d1cef-7fed-4e41-83fd-a4a802af80f0@group-3A1A259FDC44-LeaderElection2: Election PASSED; received 1 response(s) [438d1cef-7fed-4e41-83fd-a4a802af80f0<-83497ac5-f127-4de3-bcbf-f9411f4a2ac4#0:OK-t4] and 0 exception(s); 438d1cef-7fed-4e41-83fd-a4a802af80f0@group-3A1A259FDC44:t4, leader=null, voted=438d1cef-7fed-4e41-83fd-a4a802af80f0, raftlog=438d1cef-7fed-4e41-83fd-a4a802af80f0@group-3A1A259FDC44-SegmentedRaftLog:OPENED:c-1,f-1,i0, conf=-1: [f4774554-04d8-4c29-9266-4875815cbe17:172.18.0.7:9858, 438d1cef-7fed-4e41-83fd-a4a802af80f0:172.18.0.5:9858, 83497ac5-f127-4de3-bcbf-f9411f4a2ac4:172.18.0.6:9858], old=null
datanode_2  | 2019-10-21 21:14:31,998 INFO impl.RoleInfo: 83497ac5-f127-4de3-bcbf-f9411f4a2ac4: start FollowerState
nm_1        | 2019-10-21 21:15:50 INFO  ContainerImpl:2112 - Container container_1571692461400_0001_01_000003 transitioned from LOCALIZING to SCHEDULED
rm_1        | 2019-10-21 21:14:25 INFO  ResourceTrackerService:497 - NodeManager from node nm(cmPort: 35997 httpPort: 8042) registered with capability: <memory:8192, vCores:8>, assigned nodeId nm:35997
datanode_3  | 2019-10-21 21:14:32,080 INFO impl.RoleInfo: 438d1cef-7fed-4e41-83fd-a4a802af80f0: shutdown LeaderElection
datanode_2  | 2019-10-21 21:14:31,998 INFO impl.FollowerState: 83497ac5-f127-4de3-bcbf-f9411f4a2ac4@group-3A1A259FDC44-FollowerState was interrupted: java.lang.InterruptedException: sleep interrupted
datanode_1  | 2019-10-21 21:14:32,063 INFO impl.RoleInfo: f4774554-04d8-4c29-9266-4875815cbe17: shutdown LeaderElection
nm_1        | 2019-10-21 21:15:50 INFO  ContainerScheduler:541 - Starting container [container_1571692461400_0001_01_000003]
rm_1        | 2019-10-21 21:14:25 INFO  RMNodeImpl:674 - nm:35997 Node Transitioned from NEW to RUNNING
datanode_3  | 2019-10-21 21:14:32,080 INFO impl.RaftServerImpl: 438d1cef-7fed-4e41-83fd-a4a802af80f0@group-3A1A259FDC44: changes role from CANDIDATE to LEADER at term 4 for changeToLeader
datanode_1  | 2019-10-21 21:14:32,063 INFO impl.RoleInfo: f4774554-04d8-4c29-9266-4875815cbe17: start FollowerState
nm_1        | 2019-10-21 21:15:50 INFO  ContainerImpl:2112 - Container container_1571692461400_0001_01_000003 transitioned from SCHEDULED to RUNNING
rm_1        | 2019-10-21 21:14:25 INFO  CapacityScheduler:2004 - Added node nm:35997 clusterResource: <memory:8192, vCores:8>
datanode_2  | 2019-10-21 21:14:32,032 INFO impl.RaftServerImpl: 83497ac5-f127-4de3-bcbf-f9411f4a2ac4@group-3A1A259FDC44: changes role from  FOLLOWER to FOLLOWER at term 3 for recognizeCandidate:438d1cef-7fed-4e41-83fd-a4a802af80f0
datanode_3  | 2019-10-21 21:14:32,081 INFO impl.RaftServerImpl: 438d1cef-7fed-4e41-83fd-a4a802af80f0@group-3A1A259FDC44: change Leader from null to 438d1cef-7fed-4e41-83fd-a4a802af80f0 at term 4 for becomeLeader, leader elected after 434ms
datanode_1  | 2019-10-21 21:14:32,066 INFO impl.LeaderElection: f4774554-04d8-4c29-9266-4875815cbe17@group-3A1A259FDC44-LeaderElection2: Election DISCOVERED_A_NEW_TERM; received 2 response(s) [f4774554-04d8-4c29-9266-4875815cbe17<-83497ac5-f127-4de3-bcbf-f9411f4a2ac4#0:FAIL-t3, f4774554-04d8-4c29-9266-4875815cbe17<-438d1cef-7fed-4e41-83fd-a4a802af80f0#0:FAIL-t4] and 0 exception(s); f4774554-04d8-4c29-9266-4875815cbe17@group-3A1A259FDC44:t4, leader=null, voted=null, raftlog=f4774554-04d8-4c29-9266-4875815cbe17@group-3A1A259FDC44-SegmentedRaftLog:OPENED:c-1,f-1,i0, conf=-1: [f4774554-04d8-4c29-9266-4875815cbe17:172.18.0.7:9858, 438d1cef-7fed-4e41-83fd-a4a802af80f0:172.18.0.5:9858, 83497ac5-f127-4de3-bcbf-f9411f4a2ac4:172.18.0.6:9858], old=null
nm_1        | 2019-10-21 21:15:50 INFO  ContainersMonitorImpl:1013 - Starting resource-monitoring for container_1571692461400_0001_01_000003
rm_1        | 2019-10-21 21:15:27 INFO  ClientRMService:355 - Allocated new applicationId: 1
datanode_3  | 2019-10-21 21:14:32,081 INFO server.RaftServerConfigKeys: raft.server.staging.catchup.gap = 1000 (default)
datanode_2  | 2019-10-21 21:14:32,033 INFO impl.RoleInfo: 83497ac5-f127-4de3-bcbf-f9411f4a2ac4: shutdown FollowerState
