rm_1        | 2019-10-16 10:44:32 INFO  RMAuditLogger:116 - USER=hadoop	OPERATION=AM Released Container	TARGET=SchedulerApp	RESULT=SUCCESS	APPID=application_1571222546622_0001	CONTAINERID=container_1571222546622_0001_01_000001
datanode_1  | 2019-10-16 10:42:52,944 INFO impl.RoleInfo: f1513b2d-fc31-4141-964b-28862847b44c: start FollowerState
datanode_3  | 2019-10-16 10:42:50,385 INFO impl.RaftServerImpl: 563e2775-6079-44fa-91ae-5aba7f5e67bd@group-DA50EB364432: changes role from  FOLLOWER to FOLLOWER at term 20 for recognizeCandidate:bf9bc3ee-83d3-4cb4-9a74-6304d34ab415
nm_1        | 2019-10-16 10:44:37 INFO  LocalizedResource:203 - Resource o3fs://bucket1.vol1/user/hadoop/.staging/job_1571222546622_0002/job.jar(->/tmp/hadoop-hadoop/nm-local-dir/usercache/hadoop/appcache/application_1571222546622_0002/filecache/11/job.jar) transitioned from DOWNLOADING to LOCALIZED
datanode_2  | 2019-10-16 10:42:48,865 INFO impl.RoleInfo: bf9bc3ee-83d3-4cb4-9a74-6304d34ab415: shutdown LeaderElection
rm_1        | 2019-10-16 10:44:32 INFO  SchedulerNode:216 - Released container container_1571222546622_0001_01_000001 of capacity <memory:2048, vCores:1> on host nm:37778, which currently has 0 containers, <memory:0, vCores:0> used and <memory:8192, vCores:8> available, release resources=true
datanode_1  | 2019-10-16 10:42:52,944 INFO impl.FollowerState: f1513b2d-fc31-4141-964b-28862847b44c@group-DA50EB364432-FollowerState was interrupted: java.lang.InterruptedException: sleep interrupted
datanode_3  | 2019-10-16 10:42:50,386 INFO impl.RoleInfo: 563e2775-6079-44fa-91ae-5aba7f5e67bd: shutdown FollowerState
datanode_2  | 2019-10-16 10:42:48,866 INFO impl.RoleInfo: bf9bc3ee-83d3-4cb4-9a74-6304d34ab415: start FollowerState
rm_1        | 2019-10-16 10:44:32 INFO  LeafQueue:1712 - default used=<memory:0, vCores:0> numContainers=0 user=hadoop user-resources=<memory:0, vCores:0>
nm_1        | 2019-10-16 10:44:37 INFO  LocalizedResource:203 - Resource o3fs://bucket1.vol1/user/hadoop/.staging/job_1571222546622_0002/job.split(->/tmp/hadoop-hadoop/nm-local-dir/usercache/hadoop/appcache/application_1571222546622_0002/filecache/12/job.split) transitioned from DOWNLOADING to LOCALIZED
datanode_1  | 2019-10-16 10:42:53,148 INFO impl.RaftServerImpl: f1513b2d-fc31-4141-964b-28862847b44c@group-DA50EB364432: changes role from  FOLLOWER to FOLLOWER at term 33 for recognizeCandidate:bf9bc3ee-83d3-4cb4-9a74-6304d34ab415
datanode_3  | 2019-10-16 10:42:50,386 INFO impl.FollowerState: 563e2775-6079-44fa-91ae-5aba7f5e67bd@group-DA50EB364432-FollowerState was interrupted: java.lang.InterruptedException: sleep interrupted
datanode_2  | 2019-10-16 10:42:48,902 INFO impl.FollowerState: bf9bc3ee-83d3-4cb4-9a74-6304d34ab415@group-DA50EB364432-FollowerState: change to CANDIDATE, lastRpcTime:35ms, electionTimeout:35ms
rm_1        | 2019-10-16 10:44:32 INFO  LeafQueue:1663 - completedContainer container=Container: [ContainerId: container_1571222546622_0001_01_000001, NodeId: nm:37778, NodeHttpAddress: nm:8042, Resource: <memory:2048, vCores:1>, Priority: 0, Token: Token { kind: ContainerToken, service: 172.18.0.3:37778 }, ] queue=default: capacity=1.0, absoluteCapacity=1.0, usedResources=<memory:0, vCores:0>, usedCapacity=0.0, absoluteUsedCapacity=0.0, numApps=1, numContainers=0 cluster=<memory:8192, vCores:8>
nm_1        | 2019-10-16 10:44:37 INFO  LocalizedResource:203 - Resource o3fs://bucket1.vol1/user/hadoop/.staging/job_1571222546622_0002/job.xml(->/tmp/hadoop-hadoop/nm-local-dir/usercache/hadoop/appcache/application_1571222546622_0002/filecache/13/job.xml) transitioned from DOWNLOADING to LOCALIZED
datanode_1  | 2019-10-16 10:42:53,148 INFO impl.RoleInfo: f1513b2d-fc31-4141-964b-28862847b44c: shutdown FollowerState
datanode_3  | 2019-10-16 10:42:50,386 INFO impl.RoleInfo: 563e2775-6079-44fa-91ae-5aba7f5e67bd: start FollowerState
datanode_2  | 2019-10-16 10:42:48,903 INFO impl.RoleInfo: bf9bc3ee-83d3-4cb4-9a74-6304d34ab415: shutdown FollowerState
rm_1        | 2019-10-16 10:44:32 INFO  ParentQueue:568 - completedContainer queue=root usedCapacity=0.0 absoluteUsedCapacity=0.0 used=<memory:0, vCores:0> cluster=<memory:8192, vCores:8>
nm_1        | 2019-10-16 10:44:37 INFO  ContainerImpl:1135 - Container container_1571222546622_0002_01_000001 transitioned from LOCALIZING to LOCALIZED
datanode_1  | 2019-10-16 10:42:53,148 INFO impl.FollowerState: f1513b2d-fc31-4141-964b-28862847b44c@group-DA50EB364432-FollowerState was interrupted: java.lang.InterruptedException: sleep interrupted
datanode_3  | 2019-10-16 10:42:50,449 INFO impl.RaftServerImpl: 563e2775-6079-44fa-91ae-5aba7f5e67bd@group-DA50EB364432: changes role from  FOLLOWER to FOLLOWER at term 21 for recognizeCandidate:bf9bc3ee-83d3-4cb4-9a74-6304d34ab415
datanode_2  | 2019-10-16 10:42:48,903 INFO impl.RaftServerImpl: bf9bc3ee-83d3-4cb4-9a74-6304d34ab415@group-DA50EB364432: changes role from  FOLLOWER to CANDIDATE at term 9 for changeToCandidate
rm_1        | 2019-10-16 10:44:32 INFO  ParentQueue:585 - Re-sorting completed queue: root.default stats: default: capacity=1.0, absoluteCapacity=1.0, usedResources=<memory:0, vCores:0>, usedCapacity=0.0, absoluteUsedCapacity=0.0, numApps=1, numContainers=0
datanode_1  | 2019-10-16 10:42:53,148 INFO impl.RoleInfo: f1513b2d-fc31-4141-964b-28862847b44c: start FollowerState
nm_1        | 2019-10-16 10:44:37 INFO  ContainerImpl:1135 - Container container_1571222546622_0002_01_000001 transitioned from LOCALIZED to RUNNING
datanode_3  | 2019-10-16 10:42:50,449 INFO impl.RoleInfo: 563e2775-6079-44fa-91ae-5aba7f5e67bd: shutdown FollowerState
datanode_2  | 2019-10-16 10:42:48,903 INFO impl.RoleInfo: bf9bc3ee-83d3-4cb4-9a74-6304d34ab415: start LeaderElection
rm_1        | 2019-10-16 10:44:32 INFO  AMRMTokenSecretManager:124 - Application finished, removing password for appattempt_1571222546622_0001_000001
datanode_1  | 2019-10-16 10:42:53,215 INFO impl.RaftServerImpl: f1513b2d-fc31-4141-964b-28862847b44c@group-DA50EB364432: changes role from  FOLLOWER to FOLLOWER at term 34 for recognizeCandidate:bf9bc3ee-83d3-4cb4-9a74-6304d34ab415
nm_1        | 2019-10-16 10:44:37 INFO  ContainersMonitorImpl:196 - Neither virutal-memory nor physical-memory monitoring is needed. Not running the monitor-thread
datanode_3  | 2019-10-16 10:42:50,449 INFO impl.FollowerState: 563e2775-6079-44fa-91ae-5aba7f5e67bd@group-DA50EB364432-FollowerState was interrupted: java.lang.InterruptedException: sleep interrupted
datanode_2  | 2019-10-16 10:42:48,922 INFO impl.LeaderElection: bf9bc3ee-83d3-4cb4-9a74-6304d34ab415@group-DA50EB364432-LeaderElection9: begin an election at term 10 for -1: [f1513b2d-fc31-4141-964b-28862847b44c:172.18.0.9:9858, 563e2775-6079-44fa-91ae-5aba7f5e67bd:172.18.0.7:9858, bf9bc3ee-83d3-4cb4-9a74-6304d34ab415:172.18.0.8:9858], old=null
datanode_1  | 2019-10-16 10:42:53,215 INFO impl.RoleInfo: f1513b2d-fc31-4141-964b-28862847b44c: shutdown FollowerState
rm_1        | 2019-10-16 10:44:32 INFO  CapacityScheduler:1443 - Application attempt appattempt_1571222546622_0001_000001 released container container_1571222546622_0001_01_000001 on node: host: nm:37778 #containers=0 available=<memory:8192, vCores:8> used=<memory:0, vCores:0> with event: FINISHED
nm_1        | 2019-10-16 10:44:37 INFO  DefaultContainerExecutor:268 - launchContainer: [bash, /tmp/hadoop-hadoop/nm-local-dir/usercache/hadoop/appcache/application_1571222546622_0002/container_1571222546622_0002_01_000001/default_container_executor.sh]
datanode_3  | 2019-10-16 10:42:50,449 INFO impl.RoleInfo: 563e2775-6079-44fa-91ae-5aba7f5e67bd: start FollowerState
datanode_1  | 2019-10-16 10:42:53,215 INFO impl.RoleInfo: f1513b2d-fc31-4141-964b-28862847b44c: start FollowerState
datanode_2  | 2019-10-16 10:42:48,961 INFO impl.LeaderElection: bf9bc3ee-83d3-4cb4-9a74-6304d34ab415@group-DA50EB364432-LeaderElection9: Election REJECTED; received 2 response(s) [bf9bc3ee-83d3-4cb4-9a74-6304d34ab415<-f1513b2d-fc31-4141-964b-28862847b44c#0:FAIL-t10, bf9bc3ee-83d3-4cb4-9a74-6304d34ab415<-563e2775-6079-44fa-91ae-5aba7f5e67bd#0:FAIL-t10] and 0 exception(s); bf9bc3ee-83d3-4cb4-9a74-6304d34ab415@group-DA50EB364432:t10, leader=null, voted=bf9bc3ee-83d3-4cb4-9a74-6304d34ab415, raftlog=bf9bc3ee-83d3-4cb4-9a74-6304d34ab415@group-DA50EB364432-SegmentedRaftLog:OPENED:c-1,f-1,i0, conf=-1: [f1513b2d-fc31-4141-964b-28862847b44c:172.18.0.9:9858, 563e2775-6079-44fa-91ae-5aba7f5e67bd:172.18.0.7:9858, bf9bc3ee-83d3-4cb4-9a74-6304d34ab415:172.18.0.8:9858], old=null
rm_1        | 2019-10-16 10:44:32 INFO  RMAppAttemptImpl:815 - appattempt_1571222546622_0001_000001 State change from FINISHING to FINISHED
nm_1        | 2019-10-16 10:44:52 INFO  Server:1454 - Auth successful for appattempt_1571222546622_0002_000001 (auth:SIMPLE)
datanode_3  | 2019-10-16 10:42:50,663 INFO impl.RaftServerImpl: 563e2775-6079-44fa-91ae-5aba7f5e67bd@group-DA50EB364432: changes role from  FOLLOWER to FOLLOWER at term 22 for recognizeCandidate:bf9bc3ee-83d3-4cb4-9a74-6304d34ab415
datanode_1  | 2019-10-16 10:42:53,215 INFO impl.FollowerState: f1513b2d-fc31-4141-964b-28862847b44c@group-DA50EB364432-FollowerState was interrupted: java.lang.InterruptedException: sleep interrupted
rm_1        | 2019-10-16 10:44:32 INFO  RMAppImpl:718 - application_1571222546622_0001 State change from FINISHING to FINISHED on event=ATTEMPT_FINISHED
nm_1        | 2019-10-16 10:44:52 INFO  ContainerManagerImpl:810 - Start request for container_1571222546622_0002_01_000002 by user hadoop
datanode_3  | 2019-10-16 10:42:50,663 INFO impl.RoleInfo: 563e2775-6079-44fa-91ae-5aba7f5e67bd: shutdown FollowerState
datanode_2  | 2019-10-16 10:42:48,961 INFO impl.RaftServerImpl: bf9bc3ee-83d3-4cb4-9a74-6304d34ab415@group-DA50EB364432: changes role from CANDIDATE to FOLLOWER at term 10 for DISCOVERED_A_NEW_TERM
datanode_1  | 2019-10-16 10:42:53,383 INFO impl.RaftServerImpl: f1513b2d-fc31-4141-964b-28862847b44c@group-DA50EB364432: changes role from  FOLLOWER to FOLLOWER at term 35 for recognizeCandidate:bf9bc3ee-83d3-4cb4-9a74-6304d34ab415
rm_1        | 2019-10-16 10:44:32 INFO  CapacityScheduler:882 - Application Attempt appattempt_1571222546622_0001_000001 is done. finalState=FINISHED
nm_1        | 2019-10-16 10:44:52 INFO  NMAuditLogger:89 - USER=hadoop	IP=172.18.0.3	OPERATION=Start Container Request	TARGET=ContainerManageImpl	RESULT=SUCCESS	APPID=application_1571222546622_0002	CONTAINERID=container_1571222546622_0002_01_000002
datanode_3  | 2019-10-16 10:42:50,663 INFO impl.RoleInfo: 563e2775-6079-44fa-91ae-5aba7f5e67bd: start FollowerState
datanode_2  | 2019-10-16 10:42:48,961 INFO impl.RoleInfo: bf9bc3ee-83d3-4cb4-9a74-6304d34ab415: shutdown LeaderElection
datanode_1  | 2019-10-16 10:42:53,383 INFO impl.RoleInfo: f1513b2d-fc31-4141-964b-28862847b44c: shutdown FollowerState
rm_1        | 2019-10-16 10:44:32 INFO  AppSchedulingInfo:115 - Application application_1571222546622_0001 requests cleared
nm_1        | 2019-10-16 10:44:52 INFO  ApplicationImpl:304 - Adding container_1571222546622_0002_01_000002 to application application_1571222546622_0002
datanode_3  | 2019-10-16 10:42:50,663 INFO impl.FollowerState: 563e2775-6079-44fa-91ae-5aba7f5e67bd@group-DA50EB364432-FollowerState was interrupted: java.lang.InterruptedException: sleep interrupted
datanode_2  | 2019-10-16 10:42:48,962 INFO impl.RoleInfo: bf9bc3ee-83d3-4cb4-9a74-6304d34ab415: start FollowerState
rm_1        | 2019-10-16 10:44:32 INFO  AMLauncher:263 - Cleaning master appattempt_1571222546622_0001_000001
nm_1        | 2019-10-16 10:44:52 INFO  ContainerImpl:1135 - Container container_1571222546622_0002_01_000002 transitioned from NEW to LOCALIZING
datanode_1  | 2019-10-16 10:42:53,383 INFO impl.RoleInfo: f1513b2d-fc31-4141-964b-28862847b44c: start FollowerState
datanode_3  | 2019-10-16 10:42:50,933 INFO impl.RaftServerImpl: 563e2775-6079-44fa-91ae-5aba7f5e67bd@group-DA50EB364432: changes role from  FOLLOWER to FOLLOWER at term 23 for recognizeCandidate:bf9bc3ee-83d3-4cb4-9a74-6304d34ab415
datanode_2  | 2019-10-16 10:42:49,093 INFO impl.FollowerState: bf9bc3ee-83d3-4cb4-9a74-6304d34ab415@group-DA50EB364432-FollowerState: change to CANDIDATE, lastRpcTime:131ms, electionTimeout:131ms
rm_1        | 2019-10-16 10:44:32 INFO  RMAuditLogger:158 - USER=hadoop	OPERATION=Application Finished - Succeeded	TARGET=RMAppManager	RESULT=SUCCESS	APPID=application_1571222546622_0001
nm_1        | 2019-10-16 10:44:52 INFO  AuxServices:196 - Got event CONTAINER_INIT for appId application_1571222546622_0002
datanode_1  | 2019-10-16 10:42:53,383 INFO impl.FollowerState: f1513b2d-fc31-4141-964b-28862847b44c@group-DA50EB364432-FollowerState was interrupted: java.lang.InterruptedException: sleep interrupted
datanode_3  | 2019-10-16 10:42:50,933 INFO impl.RoleInfo: 563e2775-6079-44fa-91ae-5aba7f5e67bd: shutdown FollowerState
datanode_2  | 2019-10-16 10:42:49,094 INFO impl.RoleInfo: bf9bc3ee-83d3-4cb4-9a74-6304d34ab415: shutdown FollowerState
rm_1        | 2019-10-16 10:44:32 INFO  LeafQueue:729 - Application removed - appId: application_1571222546622_0001 user: hadoop queue: default #user-pending-applications: 0 #user-active-applications: 0 #queue-pending-applications: 0 #queue-active-applications: 0
nm_1        | 2019-10-16 10:44:52 INFO  AuxServices:196 - Got event APPLICATION_INIT for appId application_1571222546622_0002
datanode_1  | 2019-10-16 10:42:53,534 INFO impl.RaftServerImpl: f1513b2d-fc31-4141-964b-28862847b44c@group-DA50EB364432: changes role from  FOLLOWER to FOLLOWER at term 36 for recognizeCandidate:bf9bc3ee-83d3-4cb4-9a74-6304d34ab415
datanode_3  | 2019-10-16 10:42:50,933 INFO impl.RoleInfo: 563e2775-6079-44fa-91ae-5aba7f5e67bd: start FollowerState
datanode_2  | 2019-10-16 10:42:49,094 INFO impl.RaftServerImpl: bf9bc3ee-83d3-4cb4-9a74-6304d34ab415@group-DA50EB364432: changes role from  FOLLOWER to CANDIDATE at term 10 for changeToCandidate
rm_1        | 2019-10-16 10:44:32 INFO  ParentQueue:370 - Application removed - appId: application_1571222546622_0001 user: hadoop leaf-queue of parent: root #applications: 0
nm_1        | 2019-10-16 10:44:52 INFO  AuxServices:200 - Got APPLICATION_INIT for service mapreduce_shuffle
datanode_1  | 2019-10-16 10:42:53,534 INFO impl.RoleInfo: f1513b2d-fc31-4141-964b-28862847b44c: shutdown FollowerState
datanode_3  | 2019-10-16 10:42:50,933 INFO impl.FollowerState: 563e2775-6079-44fa-91ae-5aba7f5e67bd@group-DA50EB364432-FollowerState was interrupted: java.lang.InterruptedException: sleep interrupted
datanode_2  | 2019-10-16 10:42:49,094 INFO impl.RoleInfo: bf9bc3ee-83d3-4cb4-9a74-6304d34ab415: start LeaderElection
rm_1        | 2019-10-16 10:44:32 INFO  RMAppManager$ApplicationSummary:186 - appId=application_1571222546622_0001,name=QuasiMonteCarlo,user=hadoop,queue=default,state=FINISHED,trackingUrl=http://rm:8088/proxy/application_1571222546622_0001/,appMasterHost=nm,startTime=1571222623185,finishTime=1571222665886,finalStatus=SUCCEEDED,memorySeconds=184534,vcoreSeconds=68,preemptedAMContainers=0,preemptedNonAMContainers=0,preemptedResources=<memory:0\, vCores:0>,applicationType=MAPREDUCE
nm_1        | 2019-10-16 10:44:52 INFO  ShuffleHandler:677 - Added token for job_1571222546622_0002
datanode_3  | 2019-10-16 10:42:51,076 INFO impl.RaftServerImpl: 563e2775-6079-44fa-91ae-5aba7f5e67bd@group-DA50EB364432: changes role from  FOLLOWER to FOLLOWER at term 24 for recognizeCandidate:bf9bc3ee-83d3-4cb4-9a74-6304d34ab415
datanode_2  | 2019-10-16 10:42:49,116 INFO impl.LeaderElection: bf9bc3ee-83d3-4cb4-9a74-6304d34ab415@group-DA50EB364432-LeaderElection10: begin an election at term 11 for -1: [f1513b2d-fc31-4141-964b-28862847b44c:172.18.0.9:9858, 563e2775-6079-44fa-91ae-5aba7f5e67bd:172.18.0.7:9858, bf9bc3ee-83d3-4cb4-9a74-6304d34ab415:172.18.0.8:9858], old=null
nm_1        | 2019-10-16 10:44:52 INFO  ContainerImpl:1135 - Container container_1571222546622_0002_01_000002 transitioned from LOCALIZING to LOCALIZED
rm_1        | 2019-10-16 10:44:34 INFO  CapacityScheduler:1412 - Null container completed...
datanode_3  | 2019-10-16 10:42:51,076 INFO impl.RoleInfo: 563e2775-6079-44fa-91ae-5aba7f5e67bd: shutdown FollowerState
datanode_1  | 2019-10-16 10:42:53,534 INFO impl.RoleInfo: f1513b2d-fc31-4141-964b-28862847b44c: start FollowerState
datanode_2  | 2019-10-16 10:42:49,178 INFO impl.LeaderElection: bf9bc3ee-83d3-4cb4-9a74-6304d34ab415@group-DA50EB364432-LeaderElection10: Election REJECTED; received 2 response(s) [bf9bc3ee-83d3-4cb4-9a74-6304d34ab415<-f1513b2d-fc31-4141-964b-28862847b44c#0:FAIL-t11, bf9bc3ee-83d3-4cb4-9a74-6304d34ab415<-563e2775-6079-44fa-91ae-5aba7f5e67bd#0:FAIL-t11] and 0 exception(s); bf9bc3ee-83d3-4cb4-9a74-6304d34ab415@group-DA50EB364432:t11, leader=null, voted=bf9bc3ee-83d3-4cb4-9a74-6304d34ab415, raftlog=bf9bc3ee-83d3-4cb4-9a74-6304d34ab415@group-DA50EB364432-SegmentedRaftLog:OPENED:c-1,f-1,i0, conf=-1: [f1513b2d-fc31-4141-964b-28862847b44c:172.18.0.9:9858, 563e2775-6079-44fa-91ae-5aba7f5e67bd:172.18.0.7:9858, bf9bc3ee-83d3-4cb4-9a74-6304d34ab415:172.18.0.8:9858], old=null
nm_1        | 2019-10-16 10:44:52 INFO  ContainerImpl:1135 - Container container_1571222546622_0002_01_000002 transitioned from LOCALIZED to RUNNING
rm_1        | 2019-10-16 10:44:35 INFO  ClientRMService:583 - Application with id 2 submitted by user hadoop
datanode_3  | 2019-10-16 10:42:51,076 INFO impl.RoleInfo: 563e2775-6079-44fa-91ae-5aba7f5e67bd: start FollowerState
datanode_1  | 2019-10-16 10:42:53,534 INFO impl.FollowerState: f1513b2d-fc31-4141-964b-28862847b44c@group-DA50EB364432-FollowerState was interrupted: java.lang.InterruptedException: sleep interrupted
datanode_2  | 2019-10-16 10:42:49,178 INFO impl.RaftServerImpl: bf9bc3ee-83d3-4cb4-9a74-6304d34ab415@group-DA50EB364432: changes role from CANDIDATE to FOLLOWER at term 11 for DISCOVERED_A_NEW_TERM
nm_1        | 2019-10-16 10:44:52 INFO  ContainersMonitorImpl:196 - Neither virutal-memory nor physical-memory monitoring is needed. Not running the monitor-thread
rm_1        | 2019-10-16 10:44:35 INFO  RMAppImpl:977 - Storing application with id application_1571222546622_0002
datanode_1  | 2019-10-16 10:42:53,792 INFO impl.RaftServerImpl: f1513b2d-fc31-4141-964b-28862847b44c@group-DA50EB364432: changes role from  FOLLOWER to FOLLOWER at term 37 for recognizeCandidate:bf9bc3ee-83d3-4cb4-9a74-6304d34ab415
datanode_2  | 2019-10-16 10:42:49,178 INFO impl.RoleInfo: bf9bc3ee-83d3-4cb4-9a74-6304d34ab415: shutdown LeaderElection
datanode_3  | 2019-10-16 10:42:51,076 INFO impl.FollowerState: 563e2775-6079-44fa-91ae-5aba7f5e67bd@group-DA50EB364432-FollowerState was interrupted: java.lang.InterruptedException: sleep interrupted
nm_1        | 2019-10-16 10:44:52 INFO  DefaultContainerExecutor:268 - launchContainer: [bash, /tmp/hadoop-hadoop/nm-local-dir/usercache/hadoop/appcache/application_1571222546622_0002/container_1571222546622_0002_01_000002/default_container_executor.sh]
rm_1        | 2019-10-16 10:44:35 INFO  RMAuditLogger:158 - USER=hadoop	IP=172.18.0.6	OPERATION=Submit Application Request	TARGET=ClientRMService	RESULT=SUCCESS	APPID=application_1571222546622_0002
datanode_1  | 2019-10-16 10:42:53,792 INFO impl.RoleInfo: f1513b2d-fc31-4141-964b-28862847b44c: shutdown FollowerState
datanode_2  | 2019-10-16 10:42:49,178 INFO impl.RoleInfo: bf9bc3ee-83d3-4cb4-9a74-6304d34ab415: start FollowerState
datanode_3  | 2019-10-16 10:42:51,237 INFO impl.RaftServerImpl: 563e2775-6079-44fa-91ae-5aba7f5e67bd@group-DA50EB364432: changes role from  FOLLOWER to FOLLOWER at term 25 for recognizeCandidate:bf9bc3ee-83d3-4cb4-9a74-6304d34ab415
nm_1        | 2019-10-16 10:44:56 INFO  Server:1454 - Auth successful for appattempt_1571222546622_0002_000001 (auth:SIMPLE)
rm_1        | 2019-10-16 10:44:35 INFO  RMStateStore:194 - Storing info for app: application_1571222546622_0002
datanode_1  | 2019-10-16 10:42:53,792 INFO impl.RoleInfo: f1513b2d-fc31-4141-964b-28862847b44c: start FollowerState
datanode_2  | 2019-10-16 10:42:49,222 INFO impl.FollowerState: bf9bc3ee-83d3-4cb4-9a74-6304d34ab415@group-DA50EB364432-FollowerState: change to CANDIDATE, lastRpcTime:43ms, electionTimeout:43ms
datanode_3  | 2019-10-16 10:42:51,237 INFO impl.RoleInfo: 563e2775-6079-44fa-91ae-5aba7f5e67bd: shutdown FollowerState
nm_1        | 2019-10-16 10:44:56 INFO  ContainerManagerImpl:960 - Stopping container with container Id: container_1571222546622_0002_01_000002
rm_1        | 2019-10-16 10:44:35 INFO  RMAppImpl:718 - application_1571222546622_0002 State change from NEW to NEW_SAVING on event=START
datanode_1  | 2019-10-16 10:42:53,792 INFO impl.FollowerState: f1513b2d-fc31-4141-964b-28862847b44c@group-DA50EB364432-FollowerState was interrupted: java.lang.InterruptedException: sleep interrupted
datanode_2  | 2019-10-16 10:42:49,223 INFO impl.RoleInfo: bf9bc3ee-83d3-4cb4-9a74-6304d34ab415: shutdown FollowerState
nm_1        | 2019-10-16 10:44:56 INFO  NMAuditLogger:89 - USER=hadoop	IP=172.18.0.3	OPERATION=Stop Container Request	TARGET=ContainerManageImpl	RESULT=SUCCESS	APPID=application_1571222546622_0002	CONTAINERID=container_1571222546622_0002_01_000002
datanode_3  | 2019-10-16 10:42:51,237 INFO impl.RoleInfo: 563e2775-6079-44fa-91ae-5aba7f5e67bd: start FollowerState
rm_1        | 2019-10-16 10:44:35 INFO  RMAppImpl:718 - application_1571222546622_0002 State change from NEW_SAVING to SUBMITTED on event=APP_NEW_SAVED
datanode_1  | 2019-10-16 10:42:53,978 INFO impl.RaftServerImpl: f1513b2d-fc31-4141-964b-28862847b44c@group-DA50EB364432: changes role from  FOLLOWER to FOLLOWER at term 38 for recognizeCandidate:bf9bc3ee-83d3-4cb4-9a74-6304d34ab415
datanode_2  | 2019-10-16 10:42:49,223 INFO impl.RaftServerImpl: bf9bc3ee-83d3-4cb4-9a74-6304d34ab415@group-DA50EB364432: changes role from  FOLLOWER to CANDIDATE at term 11 for changeToCandidate
nm_1        | 2019-10-16 10:44:56 INFO  ContainerImpl:1135 - Container container_1571222546622_0002_01_000002 transitioned from RUNNING to KILLING
datanode_3  | 2019-10-16 10:42:51,237 INFO impl.FollowerState: 563e2775-6079-44fa-91ae-5aba7f5e67bd@group-DA50EB364432-FollowerState was interrupted: java.lang.InterruptedException: sleep interrupted
rm_1        | 2019-10-16 10:44:35 INFO  ParentQueue:345 - Application added - appId: application_1571222546622_0002 user: hadoop leaf-queue of parent: root #applications: 1
datanode_1  | 2019-10-16 10:42:53,979 INFO impl.RoleInfo: f1513b2d-fc31-4141-964b-28862847b44c: shutdown FollowerState
datanode_2  | 2019-10-16 10:42:49,223 INFO impl.RoleInfo: bf9bc3ee-83d3-4cb4-9a74-6304d34ab415: start LeaderElection
nm_1        | 2019-10-16 10:44:56 INFO  ContainerLaunch:370 - Cleaning up container container_1571222546622_0002_01_000002
datanode_3  | 2019-10-16 10:42:51,367 INFO impl.RaftServerImpl: 563e2775-6079-44fa-91ae-5aba7f5e67bd@group-DA50EB364432: changes role from  FOLLOWER to FOLLOWER at term 26 for recognizeCandidate:bf9bc3ee-83d3-4cb4-9a74-6304d34ab415
rm_1        | 2019-10-16 10:44:35 INFO  CapacityScheduler:814 - Accepted application application_1571222546622_0002 from user: hadoop, in queue: default
datanode_1  | 2019-10-16 10:42:53,979 INFO impl.RoleInfo: f1513b2d-fc31-4141-964b-28862847b44c: start FollowerState
datanode_2  | 2019-10-16 10:42:49,239 INFO impl.LeaderElection: bf9bc3ee-83d3-4cb4-9a74-6304d34ab415@group-DA50EB364432-LeaderElection11: begin an election at term 12 for -1: [f1513b2d-fc31-4141-964b-28862847b44c:172.18.0.9:9858, 563e2775-6079-44fa-91ae-5aba7f5e67bd:172.18.0.7:9858, bf9bc3ee-83d3-4cb4-9a74-6304d34ab415:172.18.0.8:9858], old=null
datanode_3  | 2019-10-16 10:42:51,367 INFO impl.RoleInfo: 563e2775-6079-44fa-91ae-5aba7f5e67bd: shutdown FollowerState
nm_1        | 2019-10-16 10:44:56 WARN  DefaultContainerExecutor:224 - Exit code from container container_1571222546622_0002_01_000002 is : 143
datanode_1  | 2019-10-16 10:42:53,979 INFO impl.FollowerState: f1513b2d-fc31-4141-964b-28862847b44c@group-DA50EB364432-FollowerState was interrupted: java.lang.InterruptedException: sleep interrupted
rm_1        | 2019-10-16 10:44:35 INFO  RMAppImpl:718 - application_1571222546622_0002 State change from SUBMITTED to ACCEPTED on event=APP_ACCEPTED
datanode_2  | 2019-10-16 10:42:49,315 INFO impl.LeaderElection: bf9bc3ee-83d3-4cb4-9a74-6304d34ab415@group-DA50EB364432-LeaderElection11: Election REJECTED; received 2 response(s) [bf9bc3ee-83d3-4cb4-9a74-6304d34ab415<-f1513b2d-fc31-4141-964b-28862847b44c#0:FAIL-t12, bf9bc3ee-83d3-4cb4-9a74-6304d34ab415<-563e2775-6079-44fa-91ae-5aba7f5e67bd#0:FAIL-t12] and 0 exception(s); bf9bc3ee-83d3-4cb4-9a74-6304d34ab415@group-DA50EB364432:t12, leader=null, voted=bf9bc3ee-83d3-4cb4-9a74-6304d34ab415, raftlog=bf9bc3ee-83d3-4cb4-9a74-6304d34ab415@group-DA50EB364432-SegmentedRaftLog:OPENED:c-1,f-1,i0, conf=-1: [f1513b2d-fc31-4141-964b-28862847b44c:172.18.0.9:9858, 563e2775-6079-44fa-91ae-5aba7f5e67bd:172.18.0.7:9858, bf9bc3ee-83d3-4cb4-9a74-6304d34ab415:172.18.0.8:9858], old=null
datanode_3  | 2019-10-16 10:42:51,368 INFO impl.FollowerState: 563e2775-6079-44fa-91ae-5aba7f5e67bd@group-DA50EB364432-FollowerState was interrupted: java.lang.InterruptedException: sleep interrupted
nm_1        | 2019-10-16 10:44:56 INFO  ContainerImpl:1135 - Container container_1571222546622_0002_01_000002 transitioned from KILLING to CONTAINER_CLEANEDUP_AFTER_KILL
datanode_1  | 2019-10-16 10:42:54,045 INFO impl.RaftServerImpl: f1513b2d-fc31-4141-964b-28862847b44c@group-DA50EB364432: changes role from  FOLLOWER to FOLLOWER at term 39 for recognizeCandidate:bf9bc3ee-83d3-4cb4-9a74-6304d34ab415
rm_1        | 2019-10-16 10:44:35 INFO  ApplicationMasterService:678 - Registering app attempt : appattempt_1571222546622_0002_000001
datanode_2  | 2019-10-16 10:42:49,315 INFO impl.RaftServerImpl: bf9bc3ee-83d3-4cb4-9a74-6304d34ab415@group-DA50EB364432: changes role from CANDIDATE to FOLLOWER at term 12 for DISCOVERED_A_NEW_TERM
datanode_3  | 2019-10-16 10:42:51,368 INFO impl.RoleInfo: 563e2775-6079-44fa-91ae-5aba7f5e67bd: start FollowerState
datanode_1  | 2019-10-16 10:42:54,045 INFO impl.RoleInfo: f1513b2d-fc31-4141-964b-28862847b44c: shutdown FollowerState
rm_1        | 2019-10-16 10:44:35 INFO  RMAppAttemptImpl:815 - appattempt_1571222546622_0002_000001 State change from NEW to SUBMITTED
datanode_3  | 2019-10-16 10:42:51,797 INFO impl.RaftServerImpl: 563e2775-6079-44fa-91ae-5aba7f5e67bd@group-DA50EB364432: changes role from  FOLLOWER to FOLLOWER at term 27 for recognizeCandidate:bf9bc3ee-83d3-4cb4-9a74-6304d34ab415
datanode_2  | 2019-10-16 10:42:49,316 INFO impl.RoleInfo: bf9bc3ee-83d3-4cb4-9a74-6304d34ab415: shutdown LeaderElection
nm_1        | 2019-10-16 10:44:56 INFO  NMAuditLogger:89 - USER=hadoop	OPERATION=Container Finished - Killed	TARGET=ContainerImpl	RESULT=SUCCESS	APPID=application_1571222546622_0002	CONTAINERID=container_1571222546622_0002_01_000002
datanode_1  | 2019-10-16 10:42:54,045 INFO impl.RoleInfo: f1513b2d-fc31-4141-964b-28862847b44c: start FollowerState
rm_1        | 2019-10-16 10:44:35 WARN  LeafQueue:632 - maximum-am-resource-percent is insufficient to start a single application in queue, it is likely set too low. skipping enforcement to allow at least one application to start
datanode_3  | 2019-10-16 10:42:51,797 INFO impl.RoleInfo: 563e2775-6079-44fa-91ae-5aba7f5e67bd: shutdown FollowerState
datanode_2  | 2019-10-16 10:42:49,316 INFO impl.RoleInfo: bf9bc3ee-83d3-4cb4-9a74-6304d34ab415: start FollowerState
nm_1        | 2019-10-16 10:44:56 INFO  ContainerImpl:1135 - Container container_1571222546622_0002_01_000002 transitioned from CONTAINER_CLEANEDUP_AFTER_KILL to DONE
datanode_1  | 2019-10-16 10:42:54,045 INFO impl.FollowerState: f1513b2d-fc31-4141-964b-28862847b44c@group-DA50EB364432-FollowerState was interrupted: java.lang.InterruptedException: sleep interrupted
rm_1        | 2019-10-16 10:44:35 WARN  LeafQueue:653 - maximum-am-resource-percent is insufficient to start a single application in queue for user, it is likely set too low. skipping enforcement to allow at least one application to start
datanode_3  | 2019-10-16 10:42:51,797 INFO impl.RoleInfo: 563e2775-6079-44fa-91ae-5aba7f5e67bd: start FollowerState
datanode_2  | 2019-10-16 10:42:49,406 INFO impl.FollowerState: bf9bc3ee-83d3-4cb4-9a74-6304d34ab415@group-DA50EB364432-FollowerState: change to CANDIDATE, lastRpcTime:90ms, electionTimeout:90ms
nm_1        | 2019-10-16 10:44:56 INFO  ApplicationImpl:347 - Removing container_1571222546622_0002_01_000002 from application application_1571222546622_0002
datanode_1  | 2019-10-16 10:42:54,241 INFO impl.RaftServerImpl: f1513b2d-fc31-4141-964b-28862847b44c@group-DA50EB364432: changes role from  FOLLOWER to FOLLOWER at term 40 for recognizeCandidate:bf9bc3ee-83d3-4cb4-9a74-6304d34ab415
rm_1        | 2019-10-16 10:44:35 INFO  LeafQueue:667 - Application application_1571222546622_0002 from user: hadoop activated in queue: default
datanode_3  | 2019-10-16 10:42:51,797 INFO impl.FollowerState: 563e2775-6079-44fa-91ae-5aba7f5e67bd@group-DA50EB364432-FollowerState was interrupted: java.lang.InterruptedException: sleep interrupted
datanode_2  | 2019-10-16 10:42:49,407 INFO impl.RoleInfo: bf9bc3ee-83d3-4cb4-9a74-6304d34ab415: shutdown FollowerState
nm_1        | 2019-10-16 10:44:56 INFO  ContainersMonitorImpl:196 - Neither virutal-memory nor physical-memory monitoring is needed. Not running the monitor-thread
datanode_1  | 2019-10-16 10:42:54,241 INFO impl.RoleInfo: f1513b2d-fc31-4141-964b-28862847b44c: shutdown FollowerState
rm_1        | 2019-10-16 10:44:35 INFO  LeafQueue:683 - Application added - appId: application_1571222546622_0002 user: org.apache.hadoop.yarn.server.resourcemanager.scheduler.capacity.LeafQueue$User@5cae3a1b, leaf-queue: default #user-pending-applications: 0 #user-active-applications: 1 #queue-pending-applications: 0 #queue-active-applications: 1
datanode_3  | 2019-10-16 10:42:52,289 INFO impl.RaftServerImpl: 563e2775-6079-44fa-91ae-5aba7f5e67bd@group-DA50EB364432: changes role from  FOLLOWER to FOLLOWER at term 28 for recognizeCandidate:bf9bc3ee-83d3-4cb4-9a74-6304d34ab415
datanode_2  | 2019-10-16 10:42:49,407 INFO impl.RaftServerImpl: bf9bc3ee-83d3-4cb4-9a74-6304d34ab415@group-DA50EB364432: changes role from  FOLLOWER to CANDIDATE at term 12 for changeToCandidate
nm_1        | 2019-10-16 10:44:56 INFO  AuxServices:196 - Got event CONTAINER_STOP for appId application_1571222546622_0002
datanode_1  | 2019-10-16 10:42:54,241 INFO impl.RoleInfo: f1513b2d-fc31-4141-964b-28862847b44c: start FollowerState
rm_1        | 2019-10-16 10:44:35 INFO  CapacityScheduler:843 - Added Application Attempt appattempt_1571222546622_0002_000001 to scheduler from user hadoop in queue default
datanode_3  | 2019-10-16 10:42:52,289 INFO impl.RoleInfo: 563e2775-6079-44fa-91ae-5aba7f5e67bd: shutdown FollowerState
datanode_2  | 2019-10-16 10:42:49,407 INFO impl.RoleInfo: bf9bc3ee-83d3-4cb4-9a74-6304d34ab415: start LeaderElection
datanode_1  | 2019-10-16 10:42:54,241 INFO impl.FollowerState: f1513b2d-fc31-4141-964b-28862847b44c@group-DA50EB364432-FollowerState was interrupted: java.lang.InterruptedException: sleep interrupted
nm_1        | 2019-10-16 10:44:58 INFO  NodeStatusUpdaterImpl:490 - Removed completed containers from NM context: [container_1571222546622_0002_01_000002]
rm_1        | 2019-10-16 10:44:35 INFO  RMAppAttemptImpl:815 - appattempt_1571222546622_0002_000001 State change from SUBMITTED to SCHEDULED
datanode_3  | 2019-10-16 10:42:52,290 INFO impl.RoleInfo: 563e2775-6079-44fa-91ae-5aba7f5e67bd: start FollowerState
datanode_2  | 2019-10-16 10:42:49,423 INFO impl.LeaderElection: bf9bc3ee-83d3-4cb4-9a74-6304d34ab415@group-DA50EB364432-LeaderElection12: begin an election at term 13 for -1: [f1513b2d-fc31-4141-964b-28862847b44c:172.18.0.9:9858, 563e2775-6079-44fa-91ae-5aba7f5e67bd:172.18.0.7:9858, bf9bc3ee-83d3-4cb4-9a74-6304d34ab415:172.18.0.8:9858], old=null
datanode_1  | 2019-10-16 10:42:54,330 INFO impl.RaftServerImpl: f1513b2d-fc31-4141-964b-28862847b44c@group-DA50EB364432: changes role from  FOLLOWER to FOLLOWER at term 41 for recognizeCandidate:bf9bc3ee-83d3-4cb4-9a74-6304d34ab415
nm_1        | 2019-10-16 10:44:59 INFO  Server:1454 - Auth successful for appattempt_1571222546622_0002_000001 (auth:SIMPLE)
rm_1        | 2019-10-16 10:44:35 INFO  RMContainerImpl:410 - container_1571222546622_0002_01_000001 Container Transitioned from NEW to ALLOCATED
datanode_3  | 2019-10-16 10:42:52,290 INFO impl.FollowerState: 563e2775-6079-44fa-91ae-5aba7f5e67bd@group-DA50EB364432-FollowerState was interrupted: java.lang.InterruptedException: sleep interrupted
datanode_2  | 2019-10-16 10:42:49,465 INFO impl.LeaderElection: bf9bc3ee-83d3-4cb4-9a74-6304d34ab415@group-DA50EB364432-LeaderElection12: Election REJECTED; received 2 response(s) [bf9bc3ee-83d3-4cb4-9a74-6304d34ab415<-f1513b2d-fc31-4141-964b-28862847b44c#0:FAIL-t13, bf9bc3ee-83d3-4cb4-9a74-6304d34ab415<-563e2775-6079-44fa-91ae-5aba7f5e67bd#0:FAIL-t13] and 0 exception(s); bf9bc3ee-83d3-4cb4-9a74-6304d34ab415@group-DA50EB364432:t13, leader=null, voted=bf9bc3ee-83d3-4cb4-9a74-6304d34ab415, raftlog=bf9bc3ee-83d3-4cb4-9a74-6304d34ab415@group-DA50EB364432-SegmentedRaftLog:OPENED:c-1,f-1,i0, conf=-1: [f1513b2d-fc31-4141-964b-28862847b44c:172.18.0.9:9858, 563e2775-6079-44fa-91ae-5aba7f5e67bd:172.18.0.7:9858, bf9bc3ee-83d3-4cb4-9a74-6304d34ab415:172.18.0.8:9858], old=null
datanode_1  | 2019-10-16 10:42:54,330 INFO impl.RoleInfo: f1513b2d-fc31-4141-964b-28862847b44c: shutdown FollowerState
nm_1        | 2019-10-16 10:44:59 INFO  ContainerManagerImpl:810 - Start request for container_1571222546622_0002_01_000003 by user hadoop
datanode_2  | 2019-10-16 10:42:49,466 INFO impl.RaftServerImpl: bf9bc3ee-83d3-4cb4-9a74-6304d34ab415@group-DA50EB364432: changes role from CANDIDATE to FOLLOWER at term 13 for DISCOVERED_A_NEW_TERM
datanode_3  | 2019-10-16 10:42:52,493 INFO impl.RaftServerImpl: 563e2775-6079-44fa-91ae-5aba7f5e67bd@group-DA50EB364432: changes role from  FOLLOWER to FOLLOWER at term 29 for recognizeCandidate:bf9bc3ee-83d3-4cb4-9a74-6304d34ab415
datanode_1  | 2019-10-16 10:42:54,330 INFO impl.FollowerState: f1513b2d-fc31-4141-964b-28862847b44c@group-DA50EB364432-FollowerState was interrupted: java.lang.InterruptedException: sleep interrupted
rm_1        | 2019-10-16 10:44:35 INFO  RMAuditLogger:116 - USER=hadoop	OPERATION=AM Allocated Container	TARGET=SchedulerApp	RESULT=SUCCESS	APPID=application_1571222546622_0002	CONTAINERID=container_1571222546622_0002_01_000001
nm_1        | 2019-10-16 10:44:59 INFO  NMAuditLogger:89 - USER=hadoop	IP=172.18.0.3	OPERATION=Start Container Request	TARGET=ContainerManageImpl	RESULT=SUCCESS	APPID=application_1571222546622_0002	CONTAINERID=container_1571222546622_0002_01_000003
datanode_2  | 2019-10-16 10:42:49,466 INFO impl.RoleInfo: bf9bc3ee-83d3-4cb4-9a74-6304d34ab415: shutdown LeaderElection
datanode_1  | 2019-10-16 10:42:54,330 INFO impl.RoleInfo: f1513b2d-fc31-4141-964b-28862847b44c: start FollowerState
datanode_3  | 2019-10-16 10:42:52,493 INFO impl.RoleInfo: 563e2775-6079-44fa-91ae-5aba7f5e67bd: shutdown FollowerState
rm_1        | 2019-10-16 10:44:35 INFO  SchedulerNode:153 - Assigned container container_1571222546622_0002_01_000001 of capacity <memory:2048, vCores:1> on host nm:37778, which has 1 containers, <memory:2048, vCores:1> used and <memory:6144, vCores:7> available after allocation
nm_1        | 2019-10-16 10:44:59 INFO  ApplicationImpl:304 - Adding container_1571222546622_0002_01_000003 to application application_1571222546622_0002
datanode_2  | 2019-10-16 10:42:49,466 INFO impl.RoleInfo: bf9bc3ee-83d3-4cb4-9a74-6304d34ab415: start FollowerState
datanode_1  | 2019-10-16 10:42:54,560 INFO impl.RaftServerImpl: f1513b2d-fc31-4141-964b-28862847b44c@group-DA50EB364432: changes role from  FOLLOWER to FOLLOWER at term 42 for recognizeCandidate:bf9bc3ee-83d3-4cb4-9a74-6304d34ab415
datanode_3  | 2019-10-16 10:42:52,494 INFO impl.RoleInfo: 563e2775-6079-44fa-91ae-5aba7f5e67bd: start FollowerState
rm_1        | 2019-10-16 10:44:35 INFO  LeafQueue:1558 - assignedContainer application attempt=appattempt_1571222546622_0002_000001 container=Container: [ContainerId: container_1571222546622_0002_01_000001, NodeId: nm:37778, NodeHttpAddress: nm:8042, Resource: <memory:2048, vCores:1>, Priority: 0, Token: null, ] queue=default: capacity=1.0, absoluteCapacity=1.0, usedResources=<memory:0, vCores:0>, usedCapacity=0.0, absoluteUsedCapacity=0.0, numApps=1, numContainers=0 clusterResource=<memory:8192, vCores:8> type=OFF_SWITCH requestedPartition=
nm_1        | 2019-10-16 10:44:59 INFO  ContainerImpl:1135 - Container container_1571222546622_0002_01_000003 transitioned from NEW to LOCALIZING
datanode_2  | 2019-10-16 10:42:49,632 INFO impl.FollowerState: bf9bc3ee-83d3-4cb4-9a74-6304d34ab415@group-DA50EB364432-FollowerState: change to CANDIDATE, lastRpcTime:165ms, electionTimeout:165ms
datanode_1  | 2019-10-16 10:42:54,560 INFO impl.RoleInfo: f1513b2d-fc31-4141-964b-28862847b44c: shutdown FollowerState
datanode_3  | 2019-10-16 10:42:52,494 INFO impl.FollowerState: 563e2775-6079-44fa-91ae-5aba7f5e67bd@group-DA50EB364432-FollowerState was interrupted: java.lang.InterruptedException: sleep interrupted
nm_1        | 2019-10-16 10:44:59 INFO  AuxServices:196 - Got event CONTAINER_INIT for appId application_1571222546622_0002
datanode_2  | 2019-10-16 10:42:49,633 INFO impl.RoleInfo: bf9bc3ee-83d3-4cb4-9a74-6304d34ab415: shutdown FollowerState
datanode_1  | 2019-10-16 10:42:54,560 INFO impl.RoleInfo: f1513b2d-fc31-4141-964b-28862847b44c: start FollowerState
rm_1        | 2019-10-16 10:44:35 INFO  ParentQueue:523 - Re-sorting assigned queue: root.default stats: default: capacity=1.0, absoluteCapacity=1.0, usedResources=<memory:2048, vCores:1>, usedCapacity=0.25, absoluteUsedCapacity=0.25, numApps=1, numContainers=1
datanode_3  | 2019-10-16 10:42:52,674 INFO impl.RaftServerImpl: 563e2775-6079-44fa-91ae-5aba7f5e67bd@group-DA50EB364432: changes role from  FOLLOWER to FOLLOWER at term 30 for recognizeCandidate:bf9bc3ee-83d3-4cb4-9a74-6304d34ab415
nm_1        | 2019-10-16 10:44:59 INFO  AuxServices:196 - Got event APPLICATION_INIT for appId application_1571222546622_0002
datanode_2  | 2019-10-16 10:42:49,633 INFO impl.RaftServerImpl: bf9bc3ee-83d3-4cb4-9a74-6304d34ab415@group-DA50EB364432: changes role from  FOLLOWER to CANDIDATE at term 13 for changeToCandidate
datanode_1  | 2019-10-16 10:42:54,560 INFO impl.FollowerState: f1513b2d-fc31-4141-964b-28862847b44c@group-DA50EB364432-FollowerState was interrupted: java.lang.InterruptedException: sleep interrupted
rm_1        | 2019-10-16 10:44:35 INFO  ParentQueue:420 - assignedContainer queue=root usedCapacity=0.25 absoluteUsedCapacity=0.25 used=<memory:2048, vCores:1> cluster=<memory:8192, vCores:8>
datanode_3  | 2019-10-16 10:42:52,674 INFO impl.RoleInfo: 563e2775-6079-44fa-91ae-5aba7f5e67bd: shutdown FollowerState
nm_1        | 2019-10-16 10:44:59 INFO  AuxServices:200 - Got APPLICATION_INIT for service mapreduce_shuffle
datanode_2  | 2019-10-16 10:42:49,633 INFO impl.RoleInfo: bf9bc3ee-83d3-4cb4-9a74-6304d34ab415: start LeaderElection
datanode_1  | 2019-10-16 10:42:54,837 INFO impl.RaftServerImpl: f1513b2d-fc31-4141-964b-28862847b44c@group-DA50EB364432: changes role from  FOLLOWER to FOLLOWER at term 43 for recognizeCandidate:bf9bc3ee-83d3-4cb4-9a74-6304d34ab415
rm_1        | 2019-10-16 10:44:35 INFO  NMTokenSecretManagerInRM:200 - Sending NMToken for nodeId : nm:37778 for container : container_1571222546622_0002_01_000001
datanode_3  | 2019-10-16 10:42:52,674 INFO impl.RoleInfo: 563e2775-6079-44fa-91ae-5aba7f5e67bd: start FollowerState
nm_1        | 2019-10-16 10:44:59 INFO  ShuffleHandler:677 - Added token for job_1571222546622_0002
datanode_2  | 2019-10-16 10:42:49,647 INFO impl.LeaderElection: bf9bc3ee-83d3-4cb4-9a74-6304d34ab415@group-DA50EB364432-LeaderElection13: begin an election at term 14 for -1: [f1513b2d-fc31-4141-964b-28862847b44c:172.18.0.9:9858, 563e2775-6079-44fa-91ae-5aba7f5e67bd:172.18.0.7:9858, bf9bc3ee-83d3-4cb4-9a74-6304d34ab415:172.18.0.8:9858], old=null
datanode_1  | 2019-10-16 10:42:54,837 INFO impl.RoleInfo: f1513b2d-fc31-4141-964b-28862847b44c: shutdown FollowerState
rm_1        | 2019-10-16 10:44:35 INFO  RMContainerImpl:410 - container_1571222546622_0002_01_000001 Container Transitioned from ALLOCATED to ACQUIRED
datanode_3  | 2019-10-16 10:42:52,674 INFO impl.FollowerState: 563e2775-6079-44fa-91ae-5aba7f5e67bd@group-DA50EB364432-FollowerState was interrupted: java.lang.InterruptedException: sleep interrupted
nm_1        | 2019-10-16 10:44:59 INFO  ContainerImpl:1135 - Container container_1571222546622_0002_01_000003 transitioned from LOCALIZING to LOCALIZED
datanode_1  | 2019-10-16 10:42:54,837 INFO impl.RoleInfo: f1513b2d-fc31-4141-964b-28862847b44c: start FollowerState
datanode_2  | 2019-10-16 10:42:49,708 INFO impl.LeaderElection: bf9bc3ee-83d3-4cb4-9a74-6304d34ab415@group-DA50EB364432-LeaderElection13: Election REJECTED; received 2 response(s) [bf9bc3ee-83d3-4cb4-9a74-6304d34ab415<-f1513b2d-fc31-4141-964b-28862847b44c#0:FAIL-t14, bf9bc3ee-83d3-4cb4-9a74-6304d34ab415<-563e2775-6079-44fa-91ae-5aba7f5e67bd#0:FAIL-t14] and 0 exception(s); bf9bc3ee-83d3-4cb4-9a74-6304d34ab415@group-DA50EB364432:t14, leader=null, voted=bf9bc3ee-83d3-4cb4-9a74-6304d34ab415, raftlog=bf9bc3ee-83d3-4cb4-9a74-6304d34ab415@group-DA50EB364432-SegmentedRaftLog:OPENED:c-1,f-1,i0, conf=-1: [f1513b2d-fc31-4141-964b-28862847b44c:172.18.0.9:9858, 563e2775-6079-44fa-91ae-5aba7f5e67bd:172.18.0.7:9858, bf9bc3ee-83d3-4cb4-9a74-6304d34ab415:172.18.0.8:9858], old=null
rm_1        | 2019-10-16 10:44:35 INFO  NMTokenSecretManagerInRM:146 - Clear node set for appattempt_1571222546622_0002_000001
datanode_3  | 2019-10-16 10:42:52,726 INFO impl.RaftServerImpl: 563e2775-6079-44fa-91ae-5aba7f5e67bd@group-DA50EB364432: changes role from  FOLLOWER to FOLLOWER at term 31 for recognizeCandidate:bf9bc3ee-83d3-4cb4-9a74-6304d34ab415
nm_1        | 2019-10-16 10:44:59 INFO  ContainerImpl:1135 - Container container_1571222546622_0002_01_000003 transitioned from LOCALIZED to RUNNING
datanode_1  | 2019-10-16 10:42:54,837 INFO impl.FollowerState: f1513b2d-fc31-4141-964b-28862847b44c@group-DA50EB364432-FollowerState was interrupted: java.lang.InterruptedException: sleep interrupted
datanode_3  | 2019-10-16 10:42:52,726 INFO impl.RoleInfo: 563e2775-6079-44fa-91ae-5aba7f5e67bd: shutdown FollowerState
rm_1        | 2019-10-16 10:44:35 INFO  RMAppAttemptImpl:1924 - Storing attempt: AppId: application_1571222546622_0002 AttemptId: appattempt_1571222546622_0002_000001 MasterContainer: Container: [ContainerId: container_1571222546622_0002_01_000001, NodeId: nm:37778, NodeHttpAddress: nm:8042, Resource: <memory:2048, vCores:1>, Priority: 0, Token: Token { kind: ContainerToken, service: 172.18.0.3:37778 }, ]
datanode_1  | 2019-10-16 10:42:54,958 INFO impl.RaftServerImpl: f1513b2d-fc31-4141-964b-28862847b44c@group-DA50EB364432: changes role from  FOLLOWER to FOLLOWER at term 44 for recognizeCandidate:bf9bc3ee-83d3-4cb4-9a74-6304d34ab415
datanode_3  | 2019-10-16 10:42:52,727 INFO impl.FollowerState: 563e2775-6079-44fa-91ae-5aba7f5e67bd@group-DA50EB364432-FollowerState was interrupted: java.lang.InterruptedException: sleep interrupted
datanode_2  | 2019-10-16 10:42:49,708 INFO impl.RaftServerImpl: bf9bc3ee-83d3-4cb4-9a74-6304d34ab415@group-DA50EB364432: changes role from CANDIDATE to FOLLOWER at term 14 for DISCOVERED_A_NEW_TERM
nm_1        | 2019-10-16 10:44:59 INFO  ContainersMonitorImpl:196 - Neither virutal-memory nor physical-memory monitoring is needed. Not running the monitor-thread
rm_1        | 2019-10-16 10:44:35 INFO  RMAppAttemptImpl:815 - appattempt_1571222546622_0002_000001 State change from SCHEDULED to ALLOCATED_SAVING
datanode_1  | 2019-10-16 10:42:54,958 INFO impl.RoleInfo: f1513b2d-fc31-4141-964b-28862847b44c: shutdown FollowerState
datanode_3  | 2019-10-16 10:42:52,727 INFO impl.RoleInfo: 563e2775-6079-44fa-91ae-5aba7f5e67bd: start FollowerState
datanode_2  | 2019-10-16 10:42:49,708 INFO impl.RoleInfo: bf9bc3ee-83d3-4cb4-9a74-6304d34ab415: shutdown LeaderElection
nm_1        | 2019-10-16 10:44:59 INFO  DefaultContainerExecutor:268 - launchContainer: [bash, /tmp/hadoop-hadoop/nm-local-dir/usercache/hadoop/appcache/application_1571222546622_0002/container_1571222546622_0002_01_000003/default_container_executor.sh]
rm_1        | 2019-10-16 10:44:35 INFO  RMAppAttemptImpl:815 - appattempt_1571222546622_0002_000001 State change from ALLOCATED_SAVING to ALLOCATED
datanode_1  | 2019-10-16 10:42:54,958 INFO impl.FollowerState: f1513b2d-fc31-4141-964b-28862847b44c@group-DA50EB364432-FollowerState was interrupted: java.lang.InterruptedException: sleep interrupted
datanode_3  | 2019-10-16 10:42:52,944 INFO impl.RaftServerImpl: 563e2775-6079-44fa-91ae-5aba7f5e67bd@group-DA50EB364432: changes role from  FOLLOWER to FOLLOWER at term 32 for recognizeCandidate:bf9bc3ee-83d3-4cb4-9a74-6304d34ab415
datanode_2  | 2019-10-16 10:42:49,709 INFO impl.RoleInfo: bf9bc3ee-83d3-4cb4-9a74-6304d34ab415: start FollowerState
nm_1        | 2019-10-16 10:45:02 INFO  ShuffleHandler:1053 - Setting connection close header...
rm_1        | 2019-10-16 10:44:35 INFO  AMLauncher:249 - Launching masterappattempt_1571222546622_0002_000001
datanode_1  | 2019-10-16 10:42:54,958 INFO impl.RoleInfo: f1513b2d-fc31-4141-964b-28862847b44c: start FollowerState
datanode_3  | 2019-10-16 10:42:52,944 INFO impl.RoleInfo: 563e2775-6079-44fa-91ae-5aba7f5e67bd: shutdown FollowerState
datanode_2  | 2019-10-16 10:42:49,723 INFO impl.FollowerState: bf9bc3ee-83d3-4cb4-9a74-6304d34ab415@group-DA50EB364432-FollowerState: change to CANDIDATE, lastRpcTime:14ms, electionTimeout:14ms
nm_1        | 2019-10-16 10:45:04 INFO  Server:1454 - Auth successful for appattempt_1571222546622_0002_000001 (auth:SIMPLE)
rm_1        | 2019-10-16 10:44:35 INFO  AMLauncher:105 - Setting up container Container: [ContainerId: container_1571222546622_0002_01_000001, NodeId: nm:37778, NodeHttpAddress: nm:8042, Resource: <memory:2048, vCores:1>, Priority: 0, Token: Token { kind: ContainerToken, service: 172.18.0.3:37778 }, ] for AM appattempt_1571222546622_0002_000001
datanode_1  | 2019-10-16 10:42:54,998 INFO impl.RaftServerImpl: f1513b2d-fc31-4141-964b-28862847b44c@group-DA50EB364432: changes role from  FOLLOWER to FOLLOWER at term 45 for recognizeCandidate:bf9bc3ee-83d3-4cb4-9a74-6304d34ab415
datanode_3  | 2019-10-16 10:42:52,945 INFO impl.RoleInfo: 563e2775-6079-44fa-91ae-5aba7f5e67bd: start FollowerState
datanode_2  | 2019-10-16 10:42:49,724 INFO impl.RoleInfo: bf9bc3ee-83d3-4cb4-9a74-6304d34ab415: shutdown FollowerState
nm_1        | 2019-10-16 10:45:04 INFO  ContainerManagerImpl:960 - Stopping container with container Id: container_1571222546622_0002_01_000003
rm_1        | 2019-10-16 10:44:35 INFO  AMLauncher:187 - Command to launch container container_1571222546622_0002_01_000001 : $JAVA_HOME/bin/java -Djava.io.tmpdir=$PWD/tmp -Dlog4j.configuration=container-log4j.properties -Dyarn.app.container.log.dir=<LOG_DIR> -Dyarn.app.container.log.filesize=0 -Dhadoop.root.logger=INFO,CLA -Dhadoop.root.logfile=syslog  -Xmx1024m org.apache.hadoop.mapreduce.v2.app.MRAppMaster 1><LOG_DIR>/stdout 2><LOG_DIR>/stderr 
datanode_3  | 2019-10-16 10:42:52,945 INFO impl.FollowerState: 563e2775-6079-44fa-91ae-5aba7f5e67bd@group-DA50EB364432-FollowerState was interrupted: java.lang.InterruptedException: sleep interrupted
datanode_2  | 2019-10-16 10:42:49,724 INFO impl.RaftServerImpl: bf9bc3ee-83d3-4cb4-9a74-6304d34ab415@group-DA50EB364432: changes role from  FOLLOWER to CANDIDATE at term 14 for changeToCandidate
datanode_1  | 2019-10-16 10:42:54,998 INFO impl.RoleInfo: f1513b2d-fc31-4141-964b-28862847b44c: shutdown FollowerState
nm_1        | 2019-10-16 10:45:04 INFO  NMAuditLogger:89 - USER=hadoop	IP=172.18.0.3	OPERATION=Stop Container Request	TARGET=ContainerManageImpl	RESULT=SUCCESS	APPID=application_1571222546622_0002	CONTAINERID=container_1571222546622_0002_01_000003
rm_1        | 2019-10-16 10:44:35 INFO  AMRMTokenSecretManager:195 - Create AMRMToken for ApplicationAttempt: appattempt_1571222546622_0002_000001
datanode_3  | 2019-10-16 10:42:53,148 INFO impl.RaftServerImpl: 563e2775-6079-44fa-91ae-5aba7f5e67bd@group-DA50EB364432: changes role from  FOLLOWER to FOLLOWER at term 33 for recognizeCandidate:bf9bc3ee-83d3-4cb4-9a74-6304d34ab415
datanode_2  | 2019-10-16 10:42:49,724 INFO impl.RoleInfo: bf9bc3ee-83d3-4cb4-9a74-6304d34ab415: start LeaderElection
datanode_1  | 2019-10-16 10:42:54,999 INFO impl.FollowerState: f1513b2d-fc31-4141-964b-28862847b44c@group-DA50EB364432-FollowerState was interrupted: java.lang.InterruptedException: sleep interrupted
nm_1        | 2019-10-16 10:45:04 INFO  ContainerImpl:1135 - Container container_1571222546622_0002_01_000003 transitioned from RUNNING to KILLING
rm_1        | 2019-10-16 10:44:35 INFO  AMRMTokenSecretManager:307 - Creating password for appattempt_1571222546622_0002_000001
datanode_3  | 2019-10-16 10:42:53,148 INFO impl.RoleInfo: 563e2775-6079-44fa-91ae-5aba7f5e67bd: shutdown FollowerState
datanode_2  | 2019-10-16 10:42:49,770 INFO impl.LeaderElection: bf9bc3ee-83d3-4cb4-9a74-6304d34ab415@group-DA50EB364432-LeaderElection14: begin an election at term 15 for -1: [f1513b2d-fc31-4141-964b-28862847b44c:172.18.0.9:9858, 563e2775-6079-44fa-91ae-5aba7f5e67bd:172.18.0.7:9858, bf9bc3ee-83d3-4cb4-9a74-6304d34ab415:172.18.0.8:9858], old=null
datanode_1  | 2019-10-16 10:42:54,999 INFO impl.RoleInfo: f1513b2d-fc31-4141-964b-28862847b44c: start FollowerState
nm_1        | 2019-10-16 10:45:04 INFO  ContainerLaunch:370 - Cleaning up container container_1571222546622_0002_01_000003
rm_1        | 2019-10-16 10:44:35 INFO  AMLauncher:126 - Done launching container Container: [ContainerId: container_1571222546622_0002_01_000001, NodeId: nm:37778, NodeHttpAddress: nm:8042, Resource: <memory:2048, vCores:1>, Priority: 0, Token: Token { kind: ContainerToken, service: 172.18.0.3:37778 }, ] for AM appattempt_1571222546622_0002_000001
datanode_3  | 2019-10-16 10:42:53,149 INFO impl.RoleInfo: 563e2775-6079-44fa-91ae-5aba7f5e67bd: start FollowerState
