scm_1       | 2019-10-18 14:15:52,996 INFO http.HttpServer2: Added global filter 'safety' (class=org.apache.hadoop.http.HttpServer2$QuotingInputFilter)
datanode_1  | WARNING: All illegal access operations will be denied in a future release
om_1        | 2019-10-18 14:15:57,252 INFO db.DBStoreBuilder: using custom profile for table: default
datanode_2  | 2019-10-18 14:16:00,547 INFO server.RaftServerConfigKeys: raft.server.log.segment.size.max = 1048576 (custom)
datanode_3  | 2019-10-18 14:15:57,906 INFO impl.RaftServerProxy: cc620575-3a09-4ec9-be54-0f5273e81b00: addNew group-F3EA437542CB:[cc620575-3a09-4ec9-be54-0f5273e81b00:172.18.0.8:9858] returns group-F3EA437542CB:java.util.concurrent.CompletableFuture@5735e0ca[Not completed]
datanode_1  | 2019-10-18 14:15:57,238 INFO impl.RaftServerProxy: 9ccefcd9-5c6d-46c2-97a7-38ec78148078: addNew group-FEEFA89CDF35:[9ccefcd9-5c6d-46c2-97a7-38ec78148078:172.18.0.6:9858] returns group-FEEFA89CDF35:java.util.concurrent.CompletableFuture@1a020625[Not completed]
scm_1       | 2019-10-18 14:15:52,999 INFO http.HttpServer2: Added filter static_user_filter (class=org.apache.hadoop.http.lib.StaticUserWebFilter$StaticUserFilter) to context scm
om_1        | 2019-10-18 14:15:57,252 INFO db.DBStoreBuilder: Using default column profile:DBProfile.DISK for Table:default
datanode_2  | 2019-10-18 14:16:00,549 WARN impl.MetricsSystemImpl: HddsDatanode metrics system already initialized!
datanode_3  | 2019-10-18 14:15:57,921 INFO impl.RaftServerImpl: cc620575-3a09-4ec9-be54-0f5273e81b00: new RaftServerImpl for group-F3EA437542CB:[cc620575-3a09-4ec9-be54-0f5273e81b00:172.18.0.8:9858] with ContainerStateMachine:uninitialized
datanode_1  | 2019-10-18 14:15:57,253 INFO impl.RaftServerImpl: 9ccefcd9-5c6d-46c2-97a7-38ec78148078: new RaftServerImpl for group-FEEFA89CDF35:[9ccefcd9-5c6d-46c2-97a7-38ec78148078:172.18.0.6:9858] with ContainerStateMachine:uninitialized
scm_1       | 2019-10-18 14:15:52,999 INFO http.HttpServer2: Added filter static_user_filter (class=org.apache.hadoop.http.lib.StaticUserWebFilter$StaticUserFilter) to context logs
om_1        | 2019-10-18 14:15:57,253 INFO db.DBStoreBuilder: Using default options. DBProfile.DISK
datanode_2  | 2019-10-18 14:16:00,554 INFO metrics.MetricRegistries: Loaded MetricRegistries class org.apache.ratis.metrics.impl.MetricRegistriesImpl
datanode_3  | 2019-10-18 14:15:57,922 INFO server.RaftServerConfigKeys: raft.server.rpc.timeout.min = 5s (custom)
scm_1       | 2019-10-18 14:15:52,999 INFO http.HttpServer2: Added filter static_user_filter (class=org.apache.hadoop.http.lib.StaticUserWebFilter$StaticUserFilter) to context static
datanode_1  | 2019-10-18 14:15:57,255 INFO server.RaftServerConfigKeys: raft.server.rpc.timeout.min = 5s (custom)
om_1        | 2019-10-18 14:15:57,752 INFO ipc.CallQueueManager: Using callQueue: class java.util.concurrent.LinkedBlockingQueue, queueCapacity: 2000, scheduler: class org.apache.hadoop.ipc.DefaultRpcScheduler, ipcBackoff: false.
datanode_2  | 2019-10-18 14:16:00,593 INFO server.RaftServerConfigKeys: raft.server.log.segment.cache.num.max = 2 (custom)
datanode_3  | 2019-10-18 14:15:57,922 INFO server.RaftServerConfigKeys: raft.server.rpc.timeout.max = 5200ms (custom)
scm_1       | 2019-10-18 14:15:53,043 INFO server.StorageContainerManager: StorageContainerLocationProtocol RPC server is listening at /0.0.0.0:9860
datanode_1  | 2019-10-18 14:15:57,255 INFO server.RaftServerConfigKeys: raft.server.rpc.timeout.max = 5200ms (custom)
om_1        | 2019-10-18 14:15:57,761 INFO ipc.Server: Starting Socket Reader #1 for port 9862
datanode_2  | 2019-10-18 14:16:00,599 INFO segmented.SegmentedRaftLogWorker: new 17a2d3fe-210c-4e93-8858-43d10c1d91c1@group-F85A2029D10B-SegmentedRaftLogWorker for RaftStorage:Storage Directory /data/metadata/ratis/d6d34f36-4a6c-4a4a-9409-f85a2029d10b
datanode_3  | 2019-10-18 14:15:57,922 INFO server.RaftServerConfigKeys: raft.server.rpcslowness.timeout = 120s (custom)
scm_1       | 2019-10-18 14:15:53,122 INFO impl.MetricsConfig: Loaded properties from hadoop-metrics2.properties
datanode_1  | 2019-10-18 14:15:57,256 INFO server.RaftServerConfigKeys: raft.server.rpcslowness.timeout = 120s (custom)
om_1        | 2019-10-18 14:15:57,796 [main] INFO       - OzoneManager RPC server is listening at om/172.18.0.7:9862
datanode_2  | 2019-10-18 14:16:00,600 INFO server.RaftServerConfigKeys: raft.server.log.queue.byte-limit = 2147483647 (custom)
datanode_3  | 2019-10-18 14:15:57,923 INFO server.RaftServerConfigKeys: raft.server.sleep.deviation.threshold = 300 (default)
scm_1       | 2019-10-18 14:15:53,162 INFO impl.MetricsSystemImpl: Scheduled Metric snapshot period at 10 second(s).
datanode_1  | 2019-10-18 14:15:57,256 INFO server.RaftServerConfigKeys: raft.server.sleep.deviation.threshold = 300 (default)
om_1        | 2019-10-18 14:15:57,875 INFO impl.MetricsConfig: Loaded properties from hadoop-metrics2.properties
datanode_2  | 2019-10-18 14:16:00,600 INFO server.RaftServerConfigKeys: raft.server.log.queue.element-limit = 1024 (custom)
datanode_3  | 2019-10-18 14:15:57,923 INFO server.RaftServerConfigKeys: raft.server.log.appender.install.snapshot.enabled = false (custom)
scm_1       | 2019-10-18 14:15:53,163 INFO impl.MetricsSystemImpl: StorageContainerManager metrics system started
datanode_1  | 2019-10-18 14:15:57,257 INFO server.RaftServerConfigKeys: raft.server.log.appender.install.snapshot.enabled = false (custom)
om_1        | 2019-10-18 14:15:57,927 INFO impl.MetricsSystemImpl: Scheduled Metric snapshot period at 10 second(s).
datanode_2  | 2019-10-18 14:16:00,602 INFO server.RaftServerConfigKeys: raft.server.log.segment.size.max = 1048576 (custom)
datanode_3  | 2019-10-18 14:15:57,929 INFO impl.RaftServerImpl: cc620575-3a09-4ec9-be54-0f5273e81b00@group-F3EA437542CB: ConfigurationManager, init=-1: [cc620575-3a09-4ec9-be54-0f5273e81b00:172.18.0.8:9858], old=null, confs=<EMPTY_MAP>
scm_1       | 2019-10-18 14:15:53,420 INFO server.SCMClientProtocolServer: RPC server for Client  is listening at /0.0.0.0:9860
om_1        | 2019-10-18 14:15:57,928 INFO impl.MetricsSystemImpl: OzoneManager metrics system started
datanode_1  | 2019-10-18 14:15:57,262 INFO impl.RaftServerImpl: 9ccefcd9-5c6d-46c2-97a7-38ec78148078@group-FEEFA89CDF35: ConfigurationManager, init=-1: [9ccefcd9-5c6d-46c2-97a7-38ec78148078:172.18.0.6:9858], old=null, confs=<EMPTY_MAP>
datanode_2  | 2019-10-18 14:16:00,602 INFO server.RaftServerConfigKeys: raft.server.log.preallocated.size = 16384 (custom)
datanode_3  | 2019-10-18 14:15:57,929 INFO server.RaftServerConfigKeys: raft.server.storage.dir = [/data/metadata/ratis] (custom)
scm_1       | 2019-10-18 14:15:53,420 INFO ipc.Server: IPC Server Responder: starting
om_1        | 2019-10-18 14:15:57,966 INFO ipc.Server: IPC Server listener on 9862: starting
datanode_1  | 2019-10-18 14:15:57,263 INFO server.RaftServerConfigKeys: raft.server.storage.dir = [/data/metadata/ratis] (custom)
datanode_2  | 2019-10-18 14:16:00,602 INFO server.RaftServerConfigKeys: raft.server.log.write.buffer.size = 33554432 (custom)
datanode_3  | 2019-10-18 14:15:57,933 INFO server.RaftServerConfigKeys: raft.server.log.corruption.policy = EXCEPTION (default)
scm_1       | 2019-10-18 14:15:53,420 INFO ipc.Server: IPC Server listener on 9860: starting
om_1        | 2019-10-18 14:15:57,965 INFO ipc.Server: IPC Server Responder: starting
datanode_1  | 2019-10-18 14:15:57,267 INFO server.RaftServerConfigKeys: raft.server.log.corruption.policy = EXCEPTION (default)
datanode_2  | 2019-10-18 14:16:00,603 INFO server.RaftServerConfigKeys: raft.server.log.force.sync.num = 128 (default)
datanode_3  | 2019-10-18 14:15:57,935 INFO storage.RaftStorageDirectory: The storage directory /data/metadata/ratis/d615bfbf-de8b-47f2-831b-f3ea437542cb does not exist. Creating ...
scm_1       | 2019-10-18 14:15:53,423 INFO server.StorageContainerManager: ScmBlockLocationProtocol RPC server is listening at /0.0.0.0:9863
om_1        | 2019-10-18 14:15:57,999 INFO hdfs.DFSUtil: Starting Web-server for ozoneManager at: http://0.0.0.0:9874
datanode_1  | 2019-10-18 14:15:57,268 INFO storage.RaftStorageDirectory: The storage directory /data/metadata/ratis/47c5a1ba-dba6-470b-be56-feefa89cdf35 does not exist. Creating ...
datanode_2  | 2019-10-18 14:16:00,604 INFO server.RaftServerConfigKeys: raft.server.log.statemachine.data.sync = true (default)
datanode_3  | 2019-10-18 14:15:57,951 INFO storage.RaftStorageDirectory: Lock on /data/metadata/ratis/d615bfbf-de8b-47f2-831b-f3ea437542cb/in_use.lock acquired by nodename 7@f77a7a186523
scm_1       | 2019-10-18 14:15:53,424 INFO server.SCMBlockProtocolServer: RPC server for Block Protocol is listening at /0.0.0.0:9863
om_1        | 2019-10-18 14:15:58,099 INFO server.AuthenticationFilter: Unable to initialize FileSignerSecretProvider, falling back to use random secrets.
datanode_1  | 2019-10-18 14:15:57,373 INFO storage.RaftStorageDirectory: Lock on /data/metadata/ratis/47c5a1ba-dba6-470b-be56-feefa89cdf35/in_use.lock acquired by nodename 7@b47a6d3d7e3c
datanode_2  | 2019-10-18 14:16:00,604 INFO server.RaftServerConfigKeys: raft.server.log.statemachine.data.sync.timeout = 10s (default)
scm_1       | 2019-10-18 14:15:53,424 INFO ipc.Server: IPC Server Responder: starting
om_1        | 2019-10-18 14:15:58,102 INFO http.HttpRequestLog: Http request log for http.requests.ozoneManager is not defined
datanode_3  | 2019-10-18 14:15:57,968 INFO storage.RaftStorage: Storage directory /data/metadata/ratis/d615bfbf-de8b-47f2-831b-f3ea437542cb has been successfully formatted.
datanode_1  | 2019-10-18 14:15:57,379 INFO storage.RaftStorage: Storage directory /data/metadata/ratis/47c5a1ba-dba6-470b-be56-feefa89cdf35 has been successfully formatted.
scm_1       | 2019-10-18 14:15:53,425 INFO ipc.Server: IPC Server listener on 9863: starting
om_1        | 2019-10-18 14:15:58,108 INFO http.HttpServer2: Added global filter 'safety' (class=org.apache.hadoop.http.HttpServer2$QuotingInputFilter)
datanode_3  | 2019-10-18 14:15:57,972 [pool-8-thread-1] INFO       - group-F3EA437542CB: The snapshot info is null. Setting the last applied indexto:(t:0, i:~)
datanode_2  | 2019-10-18 14:16:00,604 INFO server.RaftServerConfigKeys: raft.server.log.statemachine.data.sync.timeout.retry = -1 (default)
datanode_1  | 2019-10-18 14:15:57,383 [pool-8-thread-1] INFO       - group-FEEFA89CDF35: The snapshot info is null. Setting the last applied indexto:(t:0, i:~)
scm_1       | 2019-10-18 14:15:53,427 INFO server.StorageContainerManager: ScmDatanodeProtocl RPC server is listening at /0.0.0.0:9861
om_1        | 2019-10-18 14:15:58,110 INFO http.HttpServer2: Added filter static_user_filter (class=org.apache.hadoop.http.lib.StaticUserWebFilter$StaticUserFilter) to context ozoneManager
datanode_3  | 2019-10-18 14:15:57,973 INFO server.RaftServerConfigKeys: raft.server.notification.no-leader.timeout = 120s (custom)
datanode_2  | 2019-10-18 14:16:00,615 INFO server.RaftServerConfigKeys: raft.server.log.statemachine.data.caching.enabled = true (custom)
datanode_1  | 2019-10-18 14:15:57,384 INFO server.RaftServerConfigKeys: raft.server.notification.no-leader.timeout = 120s (custom)
scm_1       | 2019-10-18 14:15:53,427 INFO server.SCMDatanodeProtocolServer: RPC server for DataNodes is listening at /0.0.0.0:9861
om_1        | 2019-10-18 14:15:58,110 INFO http.HttpServer2: Added filter static_user_filter (class=org.apache.hadoop.http.lib.StaticUserWebFilter$StaticUserFilter) to context logs
datanode_3  | 2019-10-18 14:15:57,976 INFO server.RaftServerConfigKeys: raft.server.log.use.memory = false (default)
datanode_1  | 2019-10-18 14:15:57,386 INFO server.RaftServerConfigKeys: raft.server.log.use.memory = false (default)
datanode_2  | 2019-10-18 14:16:00,620 INFO segmented.SegmentedRaftLogWorker: 17a2d3fe-210c-4e93-8858-43d10c1d91c1@group-F85A2029D10B-SegmentedRaftLogWorker: flushIndex: setUnconditionally 0 -> -1
scm_1       | 2019-10-18 14:15:53,428 INFO ipc.Server: IPC Server Responder: starting
om_1        | 2019-10-18 14:15:58,110 INFO http.HttpServer2: Added filter static_user_filter (class=org.apache.hadoop.http.lib.StaticUserWebFilter$StaticUserFilter) to context static
datanode_3  | 2019-10-18 14:15:57,981 INFO server.RaftServerConfigKeys: raft.server.log.purge.gap = 1000000 (custom)
datanode_1  | 2019-10-18 14:15:57,392 INFO server.RaftServerConfigKeys: raft.server.log.purge.gap = 1000000 (custom)
scm_1       | 2019-10-18 14:15:53,428 INFO ipc.Server: IPC Server listener on 9861: starting
datanode_2  | 2019-10-18 14:16:00,624 INFO server.RaftServerConfigKeys: raft.server.snapshot.auto.trigger.enabled = true (custom)
om_1        | 2019-10-18 14:15:58,129 INFO http.HttpServer2: Jetty bound to port 9874
datanode_3  | 2019-10-18 14:15:57,982 INFO server.RaftServerConfigKeys: raft.server.log.appender.buffer.byte-limit = 33554432 (custom)
datanode_1  | 2019-10-18 14:15:57,393 INFO server.RaftServerConfigKeys: raft.server.log.appender.buffer.byte-limit = 33554432 (custom)
scm_1       | 2019-10-18 14:15:53,433 INFO http.HttpServer2: Jetty bound to port 9876
datanode_2  | 2019-10-18 14:16:00,625 INFO server.RaftServerConfigKeys: raft.server.snapshot.auto.trigger.threshold = 10000 (custom)
datanode_3  | 2019-10-18 14:15:57,984 INFO server.RaftServerConfigKeys: raft.server.log.segment.size.max = 1048576 (custom)
datanode_1  | 2019-10-18 14:15:57,395 INFO server.RaftServerConfigKeys: raft.server.log.segment.size.max = 1048576 (custom)
om_1        | 2019-10-18 14:15:58,130 INFO server.Server: jetty-9.3.25.v20180904, build timestamp: 2018-09-04T21:11:46Z, git hash: 3ce520221d0240229c862b122d2b06c12a625732
scm_1       | 2019-10-18 14:15:53,434 INFO server.Server: jetty-9.3.25.v20180904, build timestamp: 2018-09-04T21:11:46Z, git hash: 3ce520221d0240229c862b122d2b06c12a625732
datanode_3  | 2019-10-18 14:15:57,986 WARN impl.MetricsSystemImpl: HddsDatanode metrics system already initialized!
datanode_1  | 2019-10-18 14:15:57,397 WARN impl.MetricsSystemImpl: HddsDatanode metrics system already initialized!
om_1        | 2019-10-18 14:15:58,159 INFO handler.ContextHandler: Started o.e.j.s.ServletContextHandler@169268a7{/logs,file:///var/log/hadoop/,AVAILABLE}
datanode_2  | 2019-10-18 14:16:00,625 INFO server.RaftServerConfigKeys: raft.server.snapshot.retention.file.num = 5 (custom)
scm_1       | 2019-10-18 14:15:53,463 INFO handler.ContextHandler: Started o.e.j.s.ServletContextHandler@73017a80{/logs,file:///var/log/hadoop/,AVAILABLE}
datanode_3  | 2019-10-18 14:15:57,991 INFO metrics.MetricRegistries: Loaded MetricRegistries class org.apache.ratis.metrics.impl.MetricRegistriesImpl
datanode_1  | 2019-10-18 14:15:57,403 INFO metrics.MetricRegistries: Loaded MetricRegistries class org.apache.ratis.metrics.impl.MetricRegistriesImpl
om_1        | 2019-10-18 14:15:58,159 INFO handler.ContextHandler: Started o.e.j.s.ServletContextHandler@313f8301{/static,jar:file:/opt/hadoop/share/ozone/lib/hadoop-ozone-ozone-manager-0.5.0-SNAPSHOT.jar!/webapps/static,AVAILABLE}
datanode_2  | 2019-10-18 14:16:00,626 INFO server.RaftServerConfigKeys: raft.server.retrycache.expirytime = 600000ms (custom)
scm_1       | 2019-10-18 14:15:53,464 INFO handler.ContextHandler: Started o.e.j.s.ServletContextHandler@5c0f79f0{/static,jar:file:/opt/hadoop/share/ozone/lib/hadoop-hdds-server-scm-0.5.0-SNAPSHOT.jar!/webapps/static,AVAILABLE}
datanode_3  | 2019-10-18 14:15:58,028 INFO server.RaftServerConfigKeys: raft.server.log.segment.cache.num.max = 2 (custom)
datanode_1  | 2019-10-18 14:15:57,447 INFO server.RaftServerConfigKeys: raft.server.log.segment.cache.num.max = 2 (custom)
om_1        | 2019-10-18 14:15:58,241 INFO handler.ContextHandler: Started o.e.j.w.WebAppContext@2b5c4f17{/,file:///tmp/jetty-0.0.0.0-9874-ozoneManager-_-any-12473317305689771547.dir/webapp/,AVAILABLE}{/ozoneManager}
datanode_2  | 2019-10-18 14:16:00,656 INFO impl.RaftServerImpl: 17a2d3fe-210c-4e93-8858-43d10c1d91c1@group-F85A2029D10B: start as a follower, conf=-1: [17a2d3fe-210c-4e93-8858-43d10c1d91c1:172.18.0.10:9858], old=null
scm_1       | 2019-10-18 14:15:53,593 INFO handler.ContextHandler: Started o.e.j.w.WebAppContext@6a472566{/,file:///tmp/jetty-0.0.0.0-9876-scm-_-any-5467413354238700604.dir/webapp/,AVAILABLE}{/scm}
datanode_3  | 2019-10-18 14:15:58,033 INFO segmented.SegmentedRaftLogWorker: new cc620575-3a09-4ec9-be54-0f5273e81b00@group-F3EA437542CB-SegmentedRaftLogWorker for RaftStorage:Storage Directory /data/metadata/ratis/d615bfbf-de8b-47f2-831b-f3ea437542cb
datanode_1  | 2019-10-18 14:15:57,453 INFO segmented.SegmentedRaftLogWorker: new 9ccefcd9-5c6d-46c2-97a7-38ec78148078@group-FEEFA89CDF35-SegmentedRaftLogWorker for RaftStorage:Storage Directory /data/metadata/ratis/47c5a1ba-dba6-470b-be56-feefa89cdf35
om_1        | 2019-10-18 14:15:58,246 INFO server.AbstractConnector: Started ServerConnector@49ed5745{HTTP/1.1,[http/1.1]}{0.0.0.0:9874}
datanode_2  | 2019-10-18 14:16:00,657 INFO impl.RaftServerImpl: 17a2d3fe-210c-4e93-8858-43d10c1d91c1@group-F85A2029D10B: changes role from      null to FOLLOWER at term 0 for startAsFollower
scm_1       | 2019-10-18 14:15:53,599 INFO server.AbstractConnector: Started ServerConnector@587a1cfb{HTTP/1.1,[http/1.1]}{0.0.0.0:9876}
datanode_3  | 2019-10-18 14:15:58,034 INFO server.RaftServerConfigKeys: raft.server.log.queue.byte-limit = 2147483647 (custom)
datanode_1  | 2019-10-18 14:15:57,454 INFO server.RaftServerConfigKeys: raft.server.log.queue.byte-limit = 2147483647 (custom)
om_1        | 2019-10-18 14:15:58,246 INFO server.Server: Started @3675ms
datanode_2  | 2019-10-18 14:16:00,659 INFO impl.RoleInfo: 17a2d3fe-210c-4e93-8858-43d10c1d91c1: start FollowerState
scm_1       | 2019-10-18 14:15:53,600 INFO server.Server: Started @4185ms
datanode_3  | 2019-10-18 14:15:58,034 INFO server.RaftServerConfigKeys: raft.server.log.queue.element-limit = 1024 (custom)
datanode_1  | 2019-10-18 14:15:57,454 INFO server.RaftServerConfigKeys: raft.server.log.queue.element-limit = 1024 (custom)
om_1        | 2019-10-18 14:15:58,249 INFO impl.MetricsSinkAdapter: Sink prometheus started
datanode_2  | 2019-10-18 14:16:00,664 INFO util.JmxRegister: Successfully registered JMX Bean with object name Ratis:service=RaftServer,group=group-F85A2029D10B,id=17a2d3fe-210c-4e93-8858-43d10c1d91c1
datanode_3  | 2019-10-18 14:15:58,035 INFO server.RaftServerConfigKeys: raft.server.log.segment.size.max = 1048576 (custom)
datanode_1  | 2019-10-18 14:15:57,455 INFO server.RaftServerConfigKeys: raft.server.log.segment.size.max = 1048576 (custom)
scm_1       | 2019-10-18 14:15:53,605 INFO impl.MetricsSinkAdapter: Sink prometheus started
om_1        | 2019-10-18 14:15:58,249 INFO impl.MetricsSystemImpl: Registered sink prometheus
datanode_2  | 2019-10-18 14:16:00,674 INFO impl.FollowerState: 17a2d3fe-210c-4e93-8858-43d10c1d91c1@group-F85A2029D10B-FollowerState: change to CANDIDATE, lastRpcTime:15ms, electionTimeout:14ms
datanode_3  | 2019-10-18 14:15:58,036 INFO server.RaftServerConfigKeys: raft.server.log.preallocated.size = 16384 (custom)
datanode_1  | 2019-10-18 14:15:57,456 INFO server.RaftServerConfigKeys: raft.server.log.preallocated.size = 16384 (custom)
scm_1       | 2019-10-18 14:15:53,605 INFO impl.MetricsSystemImpl: Registered sink prometheus
om_1        | 2019-10-18 14:15:58,252 INFO server.BaseHttpServer: HTTP server of OZONEMANAGER is listening at http://0.0.0.0:9874
datanode_2  | 2019-10-18 14:16:00,676 INFO impl.RoleInfo: 17a2d3fe-210c-4e93-8858-43d10c1d91c1: shutdown FollowerState
datanode_3  | 2019-10-18 14:15:58,036 INFO server.RaftServerConfigKeys: raft.server.log.write.buffer.size = 33554432 (custom)
datanode_1  | 2019-10-18 14:15:57,456 INFO server.RaftServerConfigKeys: raft.server.log.write.buffer.size = 33554432 (custom)
scm_1       | 2019-10-18 14:15:53,607 INFO server.BaseHttpServer: HTTP server of SCM is listening at http://0.0.0.0:9876
om_1        | 2019-10-18 14:16:17,092 [IPC Server handler 1 on 9862] INFO       - created volume:vol-0-25150 for user:hadoop
datanode_2  | 2019-10-18 14:16:00,677 INFO impl.RaftServerImpl: 17a2d3fe-210c-4e93-8858-43d10c1d91c1@group-F85A2029D10B: changes role from  FOLLOWER to CANDIDATE at term 0 for changeToCandidate
datanode_3  | 2019-10-18 14:15:58,036 INFO server.RaftServerConfigKeys: raft.server.log.force.sync.num = 128 (default)
datanode_1  | 2019-10-18 14:15:57,456 INFO server.RaftServerConfigKeys: raft.server.log.force.sync.num = 128 (default)
om_1        | 2019-10-18 14:16:17,126 [IPC Server handler 4 on 9862] INFO       - created volume:vol-1-74775 for user:hadoop
scm_1       | 2019-10-18 14:15:53,623 INFO util.JvmPauseMonitor: Starting JVM pause monitor
datanode_2  | 2019-10-18 14:16:00,681 INFO impl.RoleInfo: 17a2d3fe-210c-4e93-8858-43d10c1d91c1: start LeaderElection
datanode_3  | 2019-10-18 14:15:58,037 INFO server.RaftServerConfigKeys: raft.server.log.statemachine.data.sync = true (default)
datanode_1  | 2019-10-18 14:15:57,457 INFO server.RaftServerConfigKeys: raft.server.log.statemachine.data.sync = true (default)
om_1        | 2019-10-18 14:16:17,135 [IPC Server handler 5 on 9862] INFO       - created volume:vol-2-13453 for user:hadoop
scm_1       | 2019-10-18 14:15:56,224 INFO net.NetworkTopology: Added a new node: /default-rack/9ccefcd9-5c6d-46c2-97a7-38ec78148078
datanode_3  | 2019-10-18 14:15:58,037 INFO server.RaftServerConfigKeys: raft.server.log.statemachine.data.sync.timeout = 10s (default)
datanode_1  | 2019-10-18 14:15:57,457 INFO server.RaftServerConfigKeys: raft.server.log.statemachine.data.sync.timeout = 10s (default)
om_1        | 2019-10-18 14:16:17,145 [IPC Server handler 3 on 9862] INFO       - created volume:vol-3-19279 for user:hadoop
datanode_2  | 2019-10-18 14:16:00,695 INFO impl.LeaderElection: 17a2d3fe-210c-4e93-8858-43d10c1d91c1@group-F85A2029D10B-LeaderElection1: begin an election at term 1 for -1: [17a2d3fe-210c-4e93-8858-43d10c1d91c1:172.18.0.10:9858], old=null
scm_1       | 2019-10-18 14:15:56,225 INFO node.SCMNodeManager: Registered Data node : 9ccefcd9-5c6d-46c2-97a7-38ec78148078{ip: 172.18.0.6, host: ozones3-haproxy_datanode_1.ozones3-haproxy_default, networkLocation: /default-rack, certSerialId: null}
datanode_3  | 2019-10-18 14:15:58,037 INFO server.RaftServerConfigKeys: raft.server.log.statemachine.data.sync.timeout.retry = -1 (default)
datanode_1  | 2019-10-18 14:15:57,458 INFO server.RaftServerConfigKeys: raft.server.log.statemachine.data.sync.timeout.retry = -1 (default)
datanode_2  | 2019-10-18 14:16:00,696 INFO impl.RoleInfo: 17a2d3fe-210c-4e93-8858-43d10c1d91c1: shutdown LeaderElection
om_1        | 2019-10-18 14:16:17,153 [IPC Server handler 9 on 9862] INFO       - created volume:vol-4-39699 for user:hadoop
scm_1       | 2019-10-18 14:15:56,228 INFO safemode.SCMSafeModeManager: SCM in safe mode. 1 DataNodes registered, 1 required.
datanode_3  | 2019-10-18 14:15:58,046 INFO server.RaftServerConfigKeys: raft.server.log.statemachine.data.caching.enabled = true (custom)
datanode_1  | 2019-10-18 14:15:57,466 INFO server.RaftServerConfigKeys: raft.server.log.statemachine.data.caching.enabled = true (custom)
datanode_2  | 2019-10-18 14:16:00,697 INFO impl.RaftServerImpl: 17a2d3fe-210c-4e93-8858-43d10c1d91c1@group-F85A2029D10B: changes role from CANDIDATE to LEADER at term 1 for changeToLeader
scm_1       | 2019-10-18 14:15:56,228 INFO safemode.SCMSafeModeManager: ScmSafeModeManager, all rules are successfully validated
datanode_1  | 2019-10-18 14:15:57,470 INFO segmented.SegmentedRaftLogWorker: 9ccefcd9-5c6d-46c2-97a7-38ec78148078@group-FEEFA89CDF35-SegmentedRaftLogWorker: flushIndex: setUnconditionally 0 -> -1
datanode_2  | 2019-10-18 14:16:00,697 INFO impl.RaftServerImpl: 17a2d3fe-210c-4e93-8858-43d10c1d91c1@group-F85A2029D10B: change Leader from null to 17a2d3fe-210c-4e93-8858-43d10c1d91c1 at term 1 for becomeLeader, leader elected after 159ms
scm_1       | 2019-10-18 14:15:56,228 INFO safemode.SCMSafeModeManager: SCM exiting safe mode.
datanode_1  | 2019-10-18 14:15:57,476 INFO server.RaftServerConfigKeys: raft.server.snapshot.auto.trigger.enabled = true (custom)
datanode_2  | 2019-10-18 14:16:00,700 INFO server.RaftServerConfigKeys: raft.server.staging.catchup.gap = 1000 (default)
scm_1       | 2019-10-18 14:15:56,934 INFO net.NetworkTopology: Added a new node: /default-rack/cc620575-3a09-4ec9-be54-0f5273e81b00
datanode_1  | 2019-10-18 14:15:57,477 INFO server.RaftServerConfigKeys: raft.server.snapshot.auto.trigger.threshold = 10000 (custom)
datanode_3  | 2019-10-18 14:15:58,050 INFO segmented.SegmentedRaftLogWorker: cc620575-3a09-4ec9-be54-0f5273e81b00@group-F3EA437542CB-SegmentedRaftLogWorker: flushIndex: setUnconditionally 0 -> -1
datanode_2  | 2019-10-18 14:16:00,701 INFO server.RaftServerConfigKeys: raft.server.rpc.sleep.time = 25ms (default)
scm_1       | 2019-10-18 14:15:56,934 INFO node.SCMNodeManager: Registered Data node : cc620575-3a09-4ec9-be54-0f5273e81b00{ip: 172.18.0.8, host: ozones3-haproxy_datanode_3.ozones3-haproxy_default, networkLocation: /default-rack, certSerialId: null}
datanode_1  | 2019-10-18 14:15:57,478 INFO server.RaftServerConfigKeys: raft.server.snapshot.retention.file.num = 5 (custom)
datanode_3  | 2019-10-18 14:15:58,054 INFO server.RaftServerConfigKeys: raft.server.snapshot.auto.trigger.enabled = true (custom)
datanode_2  | 2019-10-18 14:16:00,703 INFO server.RaftServerConfigKeys: raft.server.write.element-limit = 4096 (default)
scm_1       | WARNING: An illegal reflective access operation has occurred
datanode_3  | 2019-10-18 14:15:58,055 INFO server.RaftServerConfigKeys: raft.server.snapshot.auto.trigger.threshold = 10000 (custom)
datanode_2  | 2019-10-18 14:16:00,706 INFO server.RaftServerConfigKeys: raft.server.watch.timeout = 10s (default)
datanode_1  | 2019-10-18 14:15:57,478 INFO server.RaftServerConfigKeys: raft.server.retrycache.expirytime = 600000ms (custom)
scm_1       | WARNING: Illegal reflective access by org.apache.ratis.thirdparty.com.google.protobuf.UnsafeUtil (file:/opt/hadoop/share/ozone/lib/ratis-thirdparty-misc-0.2.0.jar) to field java.nio.Buffer.address
datanode_3  | 2019-10-18 14:15:58,055 INFO server.RaftServerConfigKeys: raft.server.snapshot.retention.file.num = 5 (custom)
datanode_2  | 2019-10-18 14:16:00,706 INFO server.RaftServerConfigKeys: raft.server.watch.timeout.denomination = 1s (default)
datanode_1  | 2019-10-18 14:15:57,516 INFO impl.RaftServerImpl: 9ccefcd9-5c6d-46c2-97a7-38ec78148078@group-FEEFA89CDF35: start as a follower, conf=-1: [9ccefcd9-5c6d-46c2-97a7-38ec78148078:172.18.0.6:9858], old=null
scm_1       | WARNING: Please consider reporting this to the maintainers of org.apache.ratis.thirdparty.com.google.protobuf.UnsafeUtil
datanode_3  | 2019-10-18 14:15:58,056 INFO server.RaftServerConfigKeys: raft.server.retrycache.expirytime = 600000ms (custom)
datanode_2  | 2019-10-18 14:16:00,707 INFO server.RaftServerConfigKeys: raft.server.watch.element-limit = 65536 (default)
datanode_1  | 2019-10-18 14:15:57,517 INFO impl.RaftServerImpl: 9ccefcd9-5c6d-46c2-97a7-38ec78148078@group-FEEFA89CDF35: changes role from      null to FOLLOWER at term 0 for startAsFollower
datanode_3  | 2019-10-18 14:15:58,083 INFO impl.RaftServerImpl: cc620575-3a09-4ec9-be54-0f5273e81b00@group-F3EA437542CB: start as a follower, conf=-1: [cc620575-3a09-4ec9-be54-0f5273e81b00:172.18.0.8:9858], old=null
datanode_2  | 2019-10-18 14:16:00,737 INFO impl.RoleInfo: 17a2d3fe-210c-4e93-8858-43d10c1d91c1: start LeaderState
scm_1       | WARNING: Use --illegal-access=warn to enable warnings of further illegal reflective access operations
datanode_1  | 2019-10-18 14:15:57,518 INFO impl.RoleInfo: 9ccefcd9-5c6d-46c2-97a7-38ec78148078: start FollowerState
datanode_3  | 2019-10-18 14:15:58,084 INFO impl.RaftServerImpl: cc620575-3a09-4ec9-be54-0f5273e81b00@group-F3EA437542CB: changes role from      null to FOLLOWER at term 0 for startAsFollower
datanode_2  | 2019-10-18 14:16:00,764 INFO segmented.SegmentedRaftLogWorker: 17a2d3fe-210c-4e93-8858-43d10c1d91c1@group-F85A2029D10B-SegmentedRaftLogWorker: Starting segment from index:0
scm_1       | WARNING: All illegal access operations will be denied in a future release
datanode_1  | 2019-10-18 14:15:57,522 INFO util.JmxRegister: Successfully registered JMX Bean with object name Ratis:service=RaftServer,group=group-FEEFA89CDF35,id=9ccefcd9-5c6d-46c2-97a7-38ec78148078
datanode_3  | 2019-10-18 14:15:58,085 INFO impl.RoleInfo: cc620575-3a09-4ec9-be54-0f5273e81b00: start FollowerState
datanode_2  | 2019-10-18 14:16:00,773 INFO impl.RaftServerImpl: 17a2d3fe-210c-4e93-8858-43d10c1d91c1@group-F85A2029D10B: set configuration 0: [17a2d3fe-210c-4e93-8858-43d10c1d91c1:172.18.0.10:9858], old=null at 0
scm_1       | 2019-10-18 14:15:57,620 INFO pipeline.PipelineStateManager: Created pipeline Pipeline[ Id: 47c5a1ba-dba6-470b-be56-feefa89cdf35, Nodes: 9ccefcd9-5c6d-46c2-97a7-38ec78148078{ip: 172.18.0.6, host: ozones3-haproxy_datanode_1.ozones3-haproxy_default, networkLocation: /default-rack, certSerialId: null}, Type:RATIS, Factor:ONE, State:OPEN]
datanode_1  | 2019-10-18 14:15:57,689 INFO impl.FollowerState: 9ccefcd9-5c6d-46c2-97a7-38ec78148078@group-FEEFA89CDF35-FollowerState: change to CANDIDATE, lastRpcTime:171ms, electionTimeout:170ms
datanode_3  | 2019-10-18 14:15:58,089 INFO util.JmxRegister: Successfully registered JMX Bean with object name Ratis:service=RaftServer,group=group-F3EA437542CB,id=cc620575-3a09-4ec9-be54-0f5273e81b00
datanode_2  | 2019-10-18 14:16:00,800 INFO impl.RaftServerProxy: 17a2d3fe-210c-4e93-8858-43d10c1d91c1: addNew group-E58BD20B7CE0:[17a2d3fe-210c-4e93-8858-43d10c1d91c1:172.18.0.10:9858, 9ccefcd9-5c6d-46c2-97a7-38ec78148078:172.18.0.6:9858, cc620575-3a09-4ec9-be54-0f5273e81b00:172.18.0.8:9858] returns group-E58BD20B7CE0:java.util.concurrent.CompletableFuture@417d2c70[Not completed]
scm_1       | 2019-10-18 14:15:58,159 INFO pipeline.PipelineStateManager: Created pipeline Pipeline[ Id: d615bfbf-de8b-47f2-831b-f3ea437542cb, Nodes: cc620575-3a09-4ec9-be54-0f5273e81b00{ip: 172.18.0.8, host: ozones3-haproxy_datanode_3.ozones3-haproxy_default, networkLocation: /default-rack, certSerialId: null}, Type:RATIS, Factor:ONE, State:OPEN]
datanode_1  | 2019-10-18 14:15:57,691 INFO impl.RoleInfo: 9ccefcd9-5c6d-46c2-97a7-38ec78148078: shutdown FollowerState
datanode_3  | 2019-10-18 14:15:58,131 INFO impl.FollowerState: cc620575-3a09-4ec9-be54-0f5273e81b00@group-F3EA437542CB-FollowerState: change to CANDIDATE, lastRpcTime:46ms, electionTimeout:46ms
datanode_2  | 2019-10-18 14:16:00,803 INFO impl.RaftServerImpl: 17a2d3fe-210c-4e93-8858-43d10c1d91c1: new RaftServerImpl for group-E58BD20B7CE0:[17a2d3fe-210c-4e93-8858-43d10c1d91c1:172.18.0.10:9858, 9ccefcd9-5c6d-46c2-97a7-38ec78148078:172.18.0.6:9858, cc620575-3a09-4ec9-be54-0f5273e81b00:172.18.0.8:9858] with ContainerStateMachine:uninitialized
scm_1       | 2019-10-18 14:15:58,307 INFO net.NetworkTopology: Added a new node: /default-rack/17a2d3fe-210c-4e93-8858-43d10c1d91c1
datanode_1  | 2019-10-18 14:15:57,691 INFO impl.RaftServerImpl: 9ccefcd9-5c6d-46c2-97a7-38ec78148078@group-FEEFA89CDF35: changes role from  FOLLOWER to CANDIDATE at term 0 for changeToCandidate
datanode_2  | 2019-10-18 14:16:00,803 INFO server.RaftServerConfigKeys: raft.server.rpc.timeout.min = 5s (custom)
scm_1       | 2019-10-18 14:15:58,307 INFO node.SCMNodeManager: Registered Data node : 17a2d3fe-210c-4e93-8858-43d10c1d91c1{ip: 172.18.0.10, host: ozones3-haproxy_datanode_2.ozones3-haproxy_default, networkLocation: /default-rack, certSerialId: null}
datanode_2  | 2019-10-18 14:16:00,803 INFO server.RaftServerConfigKeys: raft.server.rpc.timeout.max = 5200ms (custom)
datanode_1  | 2019-10-18 14:15:57,694 INFO impl.RoleInfo: 9ccefcd9-5c6d-46c2-97a7-38ec78148078: start LeaderElection
datanode_3  | 2019-10-18 14:15:58,147 INFO impl.RoleInfo: cc620575-3a09-4ec9-be54-0f5273e81b00: shutdown FollowerState
scm_1       | 2019-10-18 14:16:00,735 INFO pipeline.PipelineStateManager: Created pipeline Pipeline[ Id: d6d34f36-4a6c-4a4a-9409-f85a2029d10b, Nodes: 17a2d3fe-210c-4e93-8858-43d10c1d91c1{ip: 172.18.0.10, host: ozones3-haproxy_datanode_2.ozones3-haproxy_default, networkLocation: /default-rack, certSerialId: null}, Type:RATIS, Factor:ONE, State:OPEN]
datanode_2  | 2019-10-18 14:16:00,803 INFO server.RaftServerConfigKeys: raft.server.rpcslowness.timeout = 120s (custom)
datanode_3  | 2019-10-18 14:15:58,148 INFO impl.RaftServerImpl: cc620575-3a09-4ec9-be54-0f5273e81b00@group-F3EA437542CB: changes role from  FOLLOWER to CANDIDATE at term 0 for changeToCandidate
datanode_1  | 2019-10-18 14:15:57,704 INFO impl.LeaderElection: 9ccefcd9-5c6d-46c2-97a7-38ec78148078@group-FEEFA89CDF35-LeaderElection1: begin an election at term 1 for -1: [9ccefcd9-5c6d-46c2-97a7-38ec78148078:172.18.0.6:9858], old=null
scm_1       | 2019-10-18 14:16:01,144 INFO pipeline.PipelineStateManager: Created pipeline Pipeline[ Id: 2bc175a1-13d9-40ab-add0-e58bd20b7ce0, Nodes: 17a2d3fe-210c-4e93-8858-43d10c1d91c1{ip: 172.18.0.10, host: ozones3-haproxy_datanode_2.ozones3-haproxy_default, networkLocation: /default-rack, certSerialId: null}cc620575-3a09-4ec9-be54-0f5273e81b00{ip: 172.18.0.8, host: ozones3-haproxy_datanode_3.ozones3-haproxy_default, networkLocation: /default-rack, certSerialId: null}9ccefcd9-5c6d-46c2-97a7-38ec78148078{ip: 172.18.0.6, host: ozones3-haproxy_datanode_1.ozones3-haproxy_default, networkLocation: /default-rack, certSerialId: null}, Type:RATIS, Factor:THREE, State:OPEN]
datanode_2  | 2019-10-18 14:16:00,803 INFO server.RaftServerConfigKeys: raft.server.sleep.deviation.threshold = 300 (default)
datanode_3  | 2019-10-18 14:15:58,151 INFO impl.RoleInfo: cc620575-3a09-4ec9-be54-0f5273e81b00: start LeaderElection
datanode_1  | 2019-10-18 14:15:57,705 INFO impl.RoleInfo: 9ccefcd9-5c6d-46c2-97a7-38ec78148078: shutdown LeaderElection
scm_1       | 2019-10-18 14:16:17,390 INFO pipeline.PipelineStateManager: Created pipeline Pipeline[ Id: 153cada1-57a7-4e3d-9c95-ebc2176ce476, Nodes: 17a2d3fe-210c-4e93-8858-43d10c1d91c1{ip: 172.18.0.10, host: ozones3-haproxy_datanode_2.ozones3-haproxy_default, networkLocation: /default-rack, certSerialId: null}, Type:STAND_ALONE, Factor:ONE, State:OPEN]
datanode_2  | 2019-10-18 14:16:00,804 INFO server.RaftServerConfigKeys: raft.server.log.appender.install.snapshot.enabled = false (custom)
datanode_3  | 2019-10-18 14:15:58,166 INFO impl.LeaderElection: cc620575-3a09-4ec9-be54-0f5273e81b00@group-F3EA437542CB-LeaderElection1: begin an election at term 1 for -1: [cc620575-3a09-4ec9-be54-0f5273e81b00:172.18.0.8:9858], old=null
datanode_1  | 2019-10-18 14:15:57,706 INFO impl.RaftServerImpl: 9ccefcd9-5c6d-46c2-97a7-38ec78148078@group-FEEFA89CDF35: changes role from CANDIDATE to LEADER at term 1 for changeToLeader
datanode_2  | 2019-10-18 14:16:00,804 INFO impl.RaftServerImpl: 17a2d3fe-210c-4e93-8858-43d10c1d91c1@group-E58BD20B7CE0: ConfigurationManager, init=-1: [17a2d3fe-210c-4e93-8858-43d10c1d91c1:172.18.0.10:9858, 9ccefcd9-5c6d-46c2-97a7-38ec78148078:172.18.0.6:9858, cc620575-3a09-4ec9-be54-0f5273e81b00:172.18.0.8:9858], old=null, confs=<EMPTY_MAP>
datanode_3  | 2019-10-18 14:15:58,167 INFO impl.RoleInfo: cc620575-3a09-4ec9-be54-0f5273e81b00: shutdown LeaderElection
datanode_1  | 2019-10-18 14:15:57,706 INFO impl.RaftServerImpl: 9ccefcd9-5c6d-46c2-97a7-38ec78148078@group-FEEFA89CDF35: change Leader from null to 9ccefcd9-5c6d-46c2-97a7-38ec78148078 at term 1 for becomeLeader, leader elected after 322ms
datanode_2  | 2019-10-18 14:16:00,804 INFO server.RaftServerConfigKeys: raft.server.storage.dir = [/data/metadata/ratis] (custom)
datanode_3  | 2019-10-18 14:15:58,168 INFO impl.RaftServerImpl: cc620575-3a09-4ec9-be54-0f5273e81b00@group-F3EA437542CB: changes role from CANDIDATE to LEADER at term 1 for changeToLeader
datanode_1  | 2019-10-18 14:15:57,710 INFO server.RaftServerConfigKeys: raft.server.staging.catchup.gap = 1000 (default)
datanode_2  | 2019-10-18 14:16:01,092 INFO server.RaftServerConfigKeys: raft.server.log.corruption.policy = EXCEPTION (default)
datanode_3  | 2019-10-18 14:15:58,168 INFO impl.RaftServerImpl: cc620575-3a09-4ec9-be54-0f5273e81b00@group-F3EA437542CB: change Leader from null to cc620575-3a09-4ec9-be54-0f5273e81b00 at term 1 for becomeLeader, leader elected after 195ms
datanode_1  | 2019-10-18 14:15:57,710 INFO server.RaftServerConfigKeys: raft.server.rpc.sleep.time = 25ms (default)
datanode_3  | 2019-10-18 14:15:58,172 INFO server.RaftServerConfigKeys: raft.server.staging.catchup.gap = 1000 (default)
datanode_1  | 2019-10-18 14:15:57,713 INFO server.RaftServerConfigKeys: raft.server.write.element-limit = 4096 (default)
datanode_3  | 2019-10-18 14:15:58,172 INFO server.RaftServerConfigKeys: raft.server.rpc.sleep.time = 25ms (default)
datanode_2  | 2019-10-18 14:16:01,093 INFO storage.RaftStorageDirectory: The storage directory /data/metadata/ratis/2bc175a1-13d9-40ab-add0-e58bd20b7ce0 does not exist. Creating ...
datanode_1  | 2019-10-18 14:15:57,716 INFO server.RaftServerConfigKeys: raft.server.watch.timeout = 10s (default)
datanode_3  | 2019-10-18 14:15:58,175 INFO server.RaftServerConfigKeys: raft.server.write.element-limit = 4096 (default)
datanode_1  | 2019-10-18 14:15:57,716 INFO server.RaftServerConfigKeys: raft.server.watch.timeout.denomination = 1s (default)
datanode_3  | 2019-10-18 14:15:58,178 INFO server.RaftServerConfigKeys: raft.server.watch.timeout = 10s (default)
datanode_2  | 2019-10-18 14:16:01,106 INFO storage.RaftStorageDirectory: Lock on /data/metadata/ratis/2bc175a1-13d9-40ab-add0-e58bd20b7ce0/in_use.lock acquired by nodename 7@72bf063e8489
datanode_1  | 2019-10-18 14:15:57,716 INFO server.RaftServerConfigKeys: raft.server.watch.element-limit = 65536 (default)
datanode_3  | 2019-10-18 14:15:58,178 INFO server.RaftServerConfigKeys: raft.server.watch.timeout.denomination = 1s (default)
datanode_2  | 2019-10-18 14:16:01,111 INFO storage.RaftStorage: Storage directory /data/metadata/ratis/2bc175a1-13d9-40ab-add0-e58bd20b7ce0 has been successfully formatted.
datanode_1  | 2019-10-18 14:15:57,728 INFO impl.RoleInfo: 9ccefcd9-5c6d-46c2-97a7-38ec78148078: start LeaderState
datanode_3  | 2019-10-18 14:15:58,179 INFO server.RaftServerConfigKeys: raft.server.watch.element-limit = 65536 (default)
datanode_1  | 2019-10-18 14:15:57,746 INFO segmented.SegmentedRaftLogWorker: 9ccefcd9-5c6d-46c2-97a7-38ec78148078@group-FEEFA89CDF35-SegmentedRaftLogWorker: Starting segment from index:0
datanode_3  | 2019-10-18 14:15:58,194 INFO impl.RoleInfo: cc620575-3a09-4ec9-be54-0f5273e81b00: start LeaderState
datanode_2  | 2019-10-18 14:16:01,112 [pool-8-thread-1] INFO       - group-E58BD20B7CE0: The snapshot info is null. Setting the last applied indexto:(t:0, i:~)
datanode_1  | 2019-10-18 14:15:57,754 INFO impl.RaftServerImpl: 9ccefcd9-5c6d-46c2-97a7-38ec78148078@group-FEEFA89CDF35: set configuration 0: [9ccefcd9-5c6d-46c2-97a7-38ec78148078:172.18.0.6:9858], old=null at 0
datanode_2  | 2019-10-18 14:16:01,113 INFO server.RaftServerConfigKeys: raft.server.notification.no-leader.timeout = 120s (custom)
datanode_3  | 2019-10-18 14:15:58,211 INFO segmented.SegmentedRaftLogWorker: cc620575-3a09-4ec9-be54-0f5273e81b00@group-F3EA437542CB-SegmentedRaftLogWorker: Starting segment from index:0
datanode_1  | 2019-10-18 14:15:57,860 INFO segmented.SegmentedRaftLogWorker: 9ccefcd9-5c6d-46c2-97a7-38ec78148078@group-FEEFA89CDF35-SegmentedRaftLogWorker: created new log segment /data/metadata/ratis/47c5a1ba-dba6-470b-be56-feefa89cdf35/current/log_inprogress_0
datanode_2  | 2019-10-18 14:16:01,113 INFO server.RaftServerConfigKeys: raft.server.log.use.memory = false (default)
datanode_3  | 2019-10-18 14:15:58,221 INFO impl.RaftServerImpl: cc620575-3a09-4ec9-be54-0f5273e81b00@group-F3EA437542CB: set configuration 0: [cc620575-3a09-4ec9-be54-0f5273e81b00:172.18.0.8:9858], old=null at 0
datanode_2  | 2019-10-18 14:16:01,113 INFO server.RaftServerConfigKeys: raft.server.log.purge.gap = 1000000 (custom)
datanode_2  | 2019-10-18 14:16:01,113 INFO server.RaftServerConfigKeys: raft.server.log.appender.buffer.byte-limit = 33554432 (custom)
datanode_3  | 2019-10-18 14:16:00,516 INFO segmented.SegmentedRaftLogWorker: cc620575-3a09-4ec9-be54-0f5273e81b00@group-F3EA437542CB-SegmentedRaftLogWorker: created new log segment /data/metadata/ratis/d615bfbf-de8b-47f2-831b-f3ea437542cb/current/log_inprogress_0
datanode_2  | 2019-10-18 14:16:01,113 INFO server.RaftServerConfigKeys: raft.server.log.segment.size.max = 1048576 (custom)
datanode_2  | 2019-10-18 14:16:01,114 INFO server.RaftServerConfigKeys: raft.server.log.segment.cache.num.max = 2 (custom)
datanode_2  | 2019-10-18 14:16:01,114 INFO segmented.SegmentedRaftLogWorker: new 17a2d3fe-210c-4e93-8858-43d10c1d91c1@group-E58BD20B7CE0-SegmentedRaftLogWorker for RaftStorage:Storage Directory /data/metadata/ratis/2bc175a1-13d9-40ab-add0-e58bd20b7ce0
datanode_1  | 2019-10-18 14:16:00,800 INFO impl.RaftServerProxy: 9ccefcd9-5c6d-46c2-97a7-38ec78148078: addNew group-E58BD20B7CE0:[17a2d3fe-210c-4e93-8858-43d10c1d91c1:172.18.0.10:9858, 9ccefcd9-5c6d-46c2-97a7-38ec78148078:172.18.0.6:9858, cc620575-3a09-4ec9-be54-0f5273e81b00:172.18.0.8:9858] returns group-E58BD20B7CE0:java.util.concurrent.CompletableFuture@30b6362a[Not completed]
datanode_2  | 2019-10-18 14:16:01,114 INFO server.RaftServerConfigKeys: raft.server.log.queue.byte-limit = 2147483647 (custom)
datanode_1  | 2019-10-18 14:16:00,802 INFO impl.RaftServerImpl: 9ccefcd9-5c6d-46c2-97a7-38ec78148078: new RaftServerImpl for group-E58BD20B7CE0:[17a2d3fe-210c-4e93-8858-43d10c1d91c1:172.18.0.10:9858, 9ccefcd9-5c6d-46c2-97a7-38ec78148078:172.18.0.6:9858, cc620575-3a09-4ec9-be54-0f5273e81b00:172.18.0.8:9858] with ContainerStateMachine:uninitialized
datanode_3  | 2019-10-18 14:16:00,786 INFO impl.RaftServerProxy: cc620575-3a09-4ec9-be54-0f5273e81b00: addNew group-E58BD20B7CE0:[17a2d3fe-210c-4e93-8858-43d10c1d91c1:172.18.0.10:9858, 9ccefcd9-5c6d-46c2-97a7-38ec78148078:172.18.0.6:9858, cc620575-3a09-4ec9-be54-0f5273e81b00:172.18.0.8:9858] returns group-E58BD20B7CE0:java.util.concurrent.CompletableFuture@fb4eed8[Not completed]
datanode_2  | 2019-10-18 14:16:01,114 INFO server.RaftServerConfigKeys: raft.server.log.queue.element-limit = 1024 (custom)
datanode_1  | 2019-10-18 14:16:00,802 INFO server.RaftServerConfigKeys: raft.server.rpc.timeout.min = 5s (custom)
datanode_3  | 2019-10-18 14:16:00,788 INFO impl.RaftServerImpl: cc620575-3a09-4ec9-be54-0f5273e81b00: new RaftServerImpl for group-E58BD20B7CE0:[17a2d3fe-210c-4e93-8858-43d10c1d91c1:172.18.0.10:9858, 9ccefcd9-5c6d-46c2-97a7-38ec78148078:172.18.0.6:9858, cc620575-3a09-4ec9-be54-0f5273e81b00:172.18.0.8:9858] with ContainerStateMachine:uninitialized
datanode_2  | 2019-10-18 14:16:01,114 INFO server.RaftServerConfigKeys: raft.server.log.segment.size.max = 1048576 (custom)
datanode_1  | 2019-10-18 14:16:00,802 INFO server.RaftServerConfigKeys: raft.server.rpc.timeout.max = 5200ms (custom)
datanode_3  | 2019-10-18 14:16:00,788 INFO server.RaftServerConfigKeys: raft.server.rpc.timeout.min = 5s (custom)
datanode_2  | 2019-10-18 14:16:01,114 INFO server.RaftServerConfigKeys: raft.server.log.preallocated.size = 16384 (custom)
datanode_1  | 2019-10-18 14:16:00,802 INFO server.RaftServerConfigKeys: raft.server.rpcslowness.timeout = 120s (custom)
datanode_3  | 2019-10-18 14:16:00,788 INFO server.RaftServerConfigKeys: raft.server.rpc.timeout.max = 5200ms (custom)
datanode_2  | 2019-10-18 14:16:01,115 INFO server.RaftServerConfigKeys: raft.server.log.write.buffer.size = 33554432 (custom)
datanode_3  | 2019-10-18 14:16:00,788 INFO server.RaftServerConfigKeys: raft.server.rpcslowness.timeout = 120s (custom)
datanode_2  | 2019-10-18 14:16:01,115 INFO server.RaftServerConfigKeys: raft.server.log.force.sync.num = 128 (default)
datanode_1  | 2019-10-18 14:16:00,802 INFO server.RaftServerConfigKeys: raft.server.sleep.deviation.threshold = 300 (default)
datanode_2  | 2019-10-18 14:16:01,115 INFO server.RaftServerConfigKeys: raft.server.log.statemachine.data.sync = true (default)
datanode_1  | 2019-10-18 14:16:00,802 INFO server.RaftServerConfigKeys: raft.server.log.appender.install.snapshot.enabled = false (custom)
datanode_3  | 2019-10-18 14:16:00,788 INFO server.RaftServerConfigKeys: raft.server.sleep.deviation.threshold = 300 (default)
datanode_2  | 2019-10-18 14:16:01,115 INFO server.RaftServerConfigKeys: raft.server.log.statemachine.data.sync.timeout = 10s (default)
datanode_1  | 2019-10-18 14:16:00,802 INFO impl.RaftServerImpl: 9ccefcd9-5c6d-46c2-97a7-38ec78148078@group-E58BD20B7CE0: ConfigurationManager, init=-1: [17a2d3fe-210c-4e93-8858-43d10c1d91c1:172.18.0.10:9858, 9ccefcd9-5c6d-46c2-97a7-38ec78148078:172.18.0.6:9858, cc620575-3a09-4ec9-be54-0f5273e81b00:172.18.0.8:9858], old=null, confs=<EMPTY_MAP>
datanode_3  | 2019-10-18 14:16:00,789 INFO server.RaftServerConfigKeys: raft.server.log.appender.install.snapshot.enabled = false (custom)
datanode_2  | 2019-10-18 14:16:01,115 INFO server.RaftServerConfigKeys: raft.server.log.statemachine.data.sync.timeout.retry = -1 (default)
datanode_1  | 2019-10-18 14:16:00,803 INFO server.RaftServerConfigKeys: raft.server.storage.dir = [/data/metadata/ratis] (custom)
datanode_3  | 2019-10-18 14:16:00,789 INFO impl.RaftServerImpl: cc620575-3a09-4ec9-be54-0f5273e81b00@group-E58BD20B7CE0: ConfigurationManager, init=-1: [17a2d3fe-210c-4e93-8858-43d10c1d91c1:172.18.0.10:9858, 9ccefcd9-5c6d-46c2-97a7-38ec78148078:172.18.0.6:9858, cc620575-3a09-4ec9-be54-0f5273e81b00:172.18.0.8:9858], old=null, confs=<EMPTY_MAP>
datanode_2  | 2019-10-18 14:16:01,116 INFO server.RaftServerConfigKeys: raft.server.log.statemachine.data.caching.enabled = true (custom)
datanode_1  | 2019-10-18 14:16:01,092 INFO server.RaftServerConfigKeys: raft.server.log.corruption.policy = EXCEPTION (default)
datanode_2  | 2019-10-18 14:16:01,117 INFO segmented.SegmentedRaftLogWorker: 17a2d3fe-210c-4e93-8858-43d10c1d91c1@group-E58BD20B7CE0-SegmentedRaftLogWorker: flushIndex: setUnconditionally 0 -> -1
datanode_3  | 2019-10-18 14:16:00,789 INFO server.RaftServerConfigKeys: raft.server.storage.dir = [/data/metadata/ratis] (custom)
datanode_1  | 2019-10-18 14:16:01,092 INFO storage.RaftStorageDirectory: The storage directory /data/metadata/ratis/2bc175a1-13d9-40ab-add0-e58bd20b7ce0 does not exist. Creating ...
datanode_2  | 2019-10-18 14:16:01,117 INFO server.RaftServerConfigKeys: raft.server.snapshot.auto.trigger.enabled = true (custom)
datanode_3  | 2019-10-18 14:16:00,789 INFO server.RaftServerConfigKeys: raft.server.log.corruption.policy = EXCEPTION (default)
datanode_1  | 2019-10-18 14:16:01,106 INFO storage.RaftStorageDirectory: Lock on /data/metadata/ratis/2bc175a1-13d9-40ab-add0-e58bd20b7ce0/in_use.lock acquired by nodename 7@b47a6d3d7e3c
datanode_2  | 2019-10-18 14:16:01,119 INFO server.RaftServerConfigKeys: raft.server.snapshot.auto.trigger.threshold = 10000 (custom)
datanode_3  | 2019-10-18 14:16:00,790 INFO storage.RaftStorageDirectory: The storage directory /data/metadata/ratis/2bc175a1-13d9-40ab-add0-e58bd20b7ce0 does not exist. Creating ...
datanode_1  | 2019-10-18 14:16:01,112 INFO storage.RaftStorage: Storage directory /data/metadata/ratis/2bc175a1-13d9-40ab-add0-e58bd20b7ce0 has been successfully formatted.
datanode_2  | 2019-10-18 14:16:01,119 INFO server.RaftServerConfigKeys: raft.server.snapshot.retention.file.num = 5 (custom)
datanode_3  | 2019-10-18 14:16:01,104 INFO storage.RaftStorageDirectory: Lock on /data/metadata/ratis/2bc175a1-13d9-40ab-add0-e58bd20b7ce0/in_use.lock acquired by nodename 7@f77a7a186523
datanode_1  | 2019-10-18 14:16:01,113 [pool-8-thread-1] INFO       - group-E58BD20B7CE0: The snapshot info is null. Setting the last applied indexto:(t:0, i:~)
datanode_2  | 2019-10-18 14:16:01,120 INFO server.RaftServerConfigKeys: raft.server.retrycache.expirytime = 600000ms (custom)
datanode_3  | 2019-10-18 14:16:01,109 INFO storage.RaftStorage: Storage directory /data/metadata/ratis/2bc175a1-13d9-40ab-add0-e58bd20b7ce0 has been successfully formatted.
datanode_1  | 2019-10-18 14:16:01,113 INFO server.RaftServerConfigKeys: raft.server.notification.no-leader.timeout = 120s (custom)
datanode_2  | 2019-10-18 14:16:01,125 INFO impl.RaftServerImpl: 17a2d3fe-210c-4e93-8858-43d10c1d91c1@group-E58BD20B7CE0: start as a follower, conf=-1: [17a2d3fe-210c-4e93-8858-43d10c1d91c1:172.18.0.10:9858, 9ccefcd9-5c6d-46c2-97a7-38ec78148078:172.18.0.6:9858, cc620575-3a09-4ec9-be54-0f5273e81b00:172.18.0.8:9858], old=null
datanode_3  | 2019-10-18 14:16:01,109 [pool-8-thread-1] INFO       - group-E58BD20B7CE0: The snapshot info is null. Setting the last applied indexto:(t:0, i:~)
datanode_2  | 2019-10-18 14:16:01,126 INFO impl.RaftServerImpl: 17a2d3fe-210c-4e93-8858-43d10c1d91c1@group-E58BD20B7CE0: changes role from      null to FOLLOWER at term 0 for startAsFollower
datanode_1  | 2019-10-18 14:16:01,114 INFO server.RaftServerConfigKeys: raft.server.log.use.memory = false (default)
datanode_3  | 2019-10-18 14:16:01,110 INFO server.RaftServerConfigKeys: raft.server.notification.no-leader.timeout = 120s (custom)
datanode_2  | 2019-10-18 14:16:01,126 INFO impl.RoleInfo: 17a2d3fe-210c-4e93-8858-43d10c1d91c1: start FollowerState
datanode_1  | 2019-10-18 14:16:01,114 INFO server.RaftServerConfigKeys: raft.server.log.purge.gap = 1000000 (custom)
datanode_3  | 2019-10-18 14:16:01,110 INFO server.RaftServerConfigKeys: raft.server.log.use.memory = false (default)
datanode_2  | 2019-10-18 14:16:01,127 INFO util.JmxRegister: Successfully registered JMX Bean with object name Ratis:service=RaftServer,group=group-E58BD20B7CE0,id=17a2d3fe-210c-4e93-8858-43d10c1d91c1
datanode_1  | 2019-10-18 14:16:01,114 INFO server.RaftServerConfigKeys: raft.server.log.appender.buffer.byte-limit = 33554432 (custom)
datanode_3  | 2019-10-18 14:16:01,110 INFO server.RaftServerConfigKeys: raft.server.log.purge.gap = 1000000 (custom)
