datanode_1  | 2019-10-18 14:11:43,246 INFO impl.RoleInfo: 68446d27-9b07-4dc2-84df-6fdb39fbf972: start FollowerState
datanode_3  | 2019-10-18 14:11:37,967 INFO impl.FollowerState: 1b93038a-9cb7-4195-b587-6a0adf463fc7@group-B3A1CC956EDE-FollowerState: change to CANDIDATE, lastRpcTime:151ms, electionTimeout:151ms
datanode_2  | 2019-10-18 14:11:44,293 INFO impl.RoleInfo: 04529401-ed05-4fa3-bbcc-525d3b9b2160: shutdown FollowerState
datanode_3  | 2019-10-18 14:11:37,967 INFO impl.RoleInfo: 1b93038a-9cb7-4195-b587-6a0adf463fc7: shutdown FollowerState
datanode_1  | 2019-10-18 14:11:43,311 INFO impl.RaftServerImpl: 68446d27-9b07-4dc2-84df-6fdb39fbf972@group-B3A1CC956EDE: changes role from  FOLLOWER to FOLLOWER at term 118 for recognizeCandidate:1b93038a-9cb7-4195-b587-6a0adf463fc7
datanode_3  | 2019-10-18 14:11:37,967 INFO impl.RaftServerImpl: 1b93038a-9cb7-4195-b587-6a0adf463fc7@group-B3A1CC956EDE: changes role from  FOLLOWER to CANDIDATE at term 68 for changeToCandidate
datanode_2  | 2019-10-18 14:11:44,293 INFO impl.FollowerState: 04529401-ed05-4fa3-bbcc-525d3b9b2160@group-B3A1CC956EDE-FollowerState was interrupted: java.lang.InterruptedException: sleep interrupted
datanode_1  | 2019-10-18 14:11:43,312 INFO impl.RoleInfo: 68446d27-9b07-4dc2-84df-6fdb39fbf972: shutdown FollowerState
datanode_3  | 2019-10-18 14:11:37,967 INFO impl.RoleInfo: 1b93038a-9cb7-4195-b587-6a0adf463fc7: start LeaderElection
datanode_2  | 2019-10-18 14:11:44,293 INFO impl.RoleInfo: 04529401-ed05-4fa3-bbcc-525d3b9b2160: start FollowerState
datanode_1  | 2019-10-18 14:11:43,312 INFO impl.FollowerState: 68446d27-9b07-4dc2-84df-6fdb39fbf972@group-B3A1CC956EDE-FollowerState was interrupted: java.lang.InterruptedException: sleep interrupted
datanode_3  | 2019-10-18 14:11:37,999 INFO impl.LeaderElection: 1b93038a-9cb7-4195-b587-6a0adf463fc7@group-B3A1CC956EDE-LeaderElection55: begin an election at term 69 for -1: [1b93038a-9cb7-4195-b587-6a0adf463fc7:172.18.0.6:9858, 04529401-ed05-4fa3-bbcc-525d3b9b2160:172.18.0.7:9858, 68446d27-9b07-4dc2-84df-6fdb39fbf972:172.18.0.4:9858], old=null
datanode_2  | 2019-10-18 14:11:44,528 INFO impl.RaftServerImpl: 04529401-ed05-4fa3-bbcc-525d3b9b2160@group-B3A1CC956EDE: changes role from  FOLLOWER to FOLLOWER at term 126 for recognizeCandidate:1b93038a-9cb7-4195-b587-6a0adf463fc7
datanode_1  | 2019-10-18 14:11:43,312 INFO impl.RoleInfo: 68446d27-9b07-4dc2-84df-6fdb39fbf972: start FollowerState
datanode_3  | 2019-10-18 14:11:38,014 INFO impl.LeaderElection: 1b93038a-9cb7-4195-b587-6a0adf463fc7@group-B3A1CC956EDE-LeaderElection55: Election REJECTED; received 2 response(s) [1b93038a-9cb7-4195-b587-6a0adf463fc7<-04529401-ed05-4fa3-bbcc-525d3b9b2160#0:FAIL-t69, 1b93038a-9cb7-4195-b587-6a0adf463fc7<-68446d27-9b07-4dc2-84df-6fdb39fbf972#0:FAIL-t69] and 0 exception(s); 1b93038a-9cb7-4195-b587-6a0adf463fc7@group-B3A1CC956EDE:t69, leader=null, voted=1b93038a-9cb7-4195-b587-6a0adf463fc7, raftlog=1b93038a-9cb7-4195-b587-6a0adf463fc7@group-B3A1CC956EDE-SegmentedRaftLog:OPENED:c-1,f-1,i0, conf=-1: [1b93038a-9cb7-4195-b587-6a0adf463fc7:172.18.0.6:9858, 04529401-ed05-4fa3-bbcc-525d3b9b2160:172.18.0.7:9858, 68446d27-9b07-4dc2-84df-6fdb39fbf972:172.18.0.4:9858], old=null
datanode_2  | 2019-10-18 14:11:44,528 INFO impl.RoleInfo: 04529401-ed05-4fa3-bbcc-525d3b9b2160: shutdown FollowerState
datanode_1  | 2019-10-18 14:11:43,476 INFO impl.RaftServerImpl: 68446d27-9b07-4dc2-84df-6fdb39fbf972@group-B3A1CC956EDE: changes role from  FOLLOWER to FOLLOWER at term 119 for recognizeCandidate:1b93038a-9cb7-4195-b587-6a0adf463fc7
datanode_2  | 2019-10-18 14:11:44,528 INFO impl.FollowerState: 04529401-ed05-4fa3-bbcc-525d3b9b2160@group-B3A1CC956EDE-FollowerState was interrupted: java.lang.InterruptedException: sleep interrupted
datanode_3  | 2019-10-18 14:11:38,014 INFO impl.RaftServerImpl: 1b93038a-9cb7-4195-b587-6a0adf463fc7@group-B3A1CC956EDE: changes role from CANDIDATE to FOLLOWER at term 69 for DISCOVERED_A_NEW_TERM
datanode_1  | 2019-10-18 14:11:43,476 INFO impl.RoleInfo: 68446d27-9b07-4dc2-84df-6fdb39fbf972: shutdown FollowerState
datanode_2  | 2019-10-18 14:11:44,528 INFO impl.RoleInfo: 04529401-ed05-4fa3-bbcc-525d3b9b2160: start FollowerState
datanode_3  | 2019-10-18 14:11:38,014 INFO impl.RoleInfo: 1b93038a-9cb7-4195-b587-6a0adf463fc7: shutdown LeaderElection
datanode_1  | 2019-10-18 14:11:43,476 INFO impl.RoleInfo: 68446d27-9b07-4dc2-84df-6fdb39fbf972: start FollowerState
datanode_2  | 2019-10-18 14:11:44,742 INFO impl.RaftServerImpl: 04529401-ed05-4fa3-bbcc-525d3b9b2160@group-B3A1CC956EDE: changes role from  FOLLOWER to FOLLOWER at term 127 for recognizeCandidate:1b93038a-9cb7-4195-b587-6a0adf463fc7
datanode_3  | 2019-10-18 14:11:38,014 INFO impl.RoleInfo: 1b93038a-9cb7-4195-b587-6a0adf463fc7: start FollowerState
datanode_2  | 2019-10-18 14:11:44,742 INFO impl.RoleInfo: 04529401-ed05-4fa3-bbcc-525d3b9b2160: shutdown FollowerState
datanode_1  | 2019-10-18 14:11:43,476 INFO impl.FollowerState: 68446d27-9b07-4dc2-84df-6fdb39fbf972@group-B3A1CC956EDE-FollowerState was interrupted: java.lang.InterruptedException: sleep interrupted
datanode_3  | 2019-10-18 14:11:38,033 INFO impl.FollowerState: 1b93038a-9cb7-4195-b587-6a0adf463fc7@group-B3A1CC956EDE-FollowerState: change to CANDIDATE, lastRpcTime:19ms, electionTimeout:19ms
datanode_1  | 2019-10-18 14:11:43,693 INFO impl.RaftServerImpl: 68446d27-9b07-4dc2-84df-6fdb39fbf972@group-B3A1CC956EDE: changes role from  FOLLOWER to FOLLOWER at term 120 for recognizeCandidate:1b93038a-9cb7-4195-b587-6a0adf463fc7
datanode_2  | 2019-10-18 14:11:44,742 INFO impl.RoleInfo: 04529401-ed05-4fa3-bbcc-525d3b9b2160: start FollowerState
datanode_3  | 2019-10-18 14:11:38,034 INFO impl.RoleInfo: 1b93038a-9cb7-4195-b587-6a0adf463fc7: shutdown FollowerState
datanode_1  | 2019-10-18 14:11:43,693 INFO impl.RoleInfo: 68446d27-9b07-4dc2-84df-6fdb39fbf972: shutdown FollowerState
datanode_2  | 2019-10-18 14:11:44,743 INFO impl.FollowerState: 04529401-ed05-4fa3-bbcc-525d3b9b2160@group-B3A1CC956EDE-FollowerState was interrupted: java.lang.InterruptedException: sleep interrupted
datanode_3  | 2019-10-18 14:11:38,034 INFO impl.RaftServerImpl: 1b93038a-9cb7-4195-b587-6a0adf463fc7@group-B3A1CC956EDE: changes role from  FOLLOWER to CANDIDATE at term 69 for changeToCandidate
datanode_1  | 2019-10-18 14:11:43,694 INFO impl.RoleInfo: 68446d27-9b07-4dc2-84df-6fdb39fbf972: start FollowerState
datanode_2  | 2019-10-18 14:11:44,920 INFO impl.RaftServerImpl: 04529401-ed05-4fa3-bbcc-525d3b9b2160@group-B3A1CC956EDE: changes role from  FOLLOWER to FOLLOWER at term 128 for recognizeCandidate:1b93038a-9cb7-4195-b587-6a0adf463fc7
datanode_3  | 2019-10-18 14:11:38,034 INFO impl.RoleInfo: 1b93038a-9cb7-4195-b587-6a0adf463fc7: start LeaderElection
datanode_1  | 2019-10-18 14:11:43,694 INFO impl.FollowerState: 68446d27-9b07-4dc2-84df-6fdb39fbf972@group-B3A1CC956EDE-FollowerState was interrupted: java.lang.InterruptedException: sleep interrupted
datanode_2  | 2019-10-18 14:11:44,920 INFO impl.RoleInfo: 04529401-ed05-4fa3-bbcc-525d3b9b2160: shutdown FollowerState
datanode_3  | 2019-10-18 14:11:38,053 INFO impl.LeaderElection: 1b93038a-9cb7-4195-b587-6a0adf463fc7@group-B3A1CC956EDE-LeaderElection56: begin an election at term 70 for -1: [1b93038a-9cb7-4195-b587-6a0adf463fc7:172.18.0.6:9858, 04529401-ed05-4fa3-bbcc-525d3b9b2160:172.18.0.7:9858, 68446d27-9b07-4dc2-84df-6fdb39fbf972:172.18.0.4:9858], old=null
datanode_1  | 2019-10-18 14:11:43,809 INFO impl.RaftServerImpl: 68446d27-9b07-4dc2-84df-6fdb39fbf972@group-B3A1CC956EDE: changes role from  FOLLOWER to FOLLOWER at term 121 for recognizeCandidate:1b93038a-9cb7-4195-b587-6a0adf463fc7
datanode_2  | 2019-10-18 14:11:44,920 INFO impl.RoleInfo: 04529401-ed05-4fa3-bbcc-525d3b9b2160: start FollowerState
datanode_3  | 2019-10-18 14:11:38,077 INFO impl.LeaderElection: 1b93038a-9cb7-4195-b587-6a0adf463fc7@group-B3A1CC956EDE-LeaderElection56: Election REJECTED; received 2 response(s) [1b93038a-9cb7-4195-b587-6a0adf463fc7<-04529401-ed05-4fa3-bbcc-525d3b9b2160#0:FAIL-t70, 1b93038a-9cb7-4195-b587-6a0adf463fc7<-68446d27-9b07-4dc2-84df-6fdb39fbf972#0:FAIL-t70] and 0 exception(s); 1b93038a-9cb7-4195-b587-6a0adf463fc7@group-B3A1CC956EDE:t70, leader=null, voted=1b93038a-9cb7-4195-b587-6a0adf463fc7, raftlog=1b93038a-9cb7-4195-b587-6a0adf463fc7@group-B3A1CC956EDE-SegmentedRaftLog:OPENED:c-1,f-1,i0, conf=-1: [1b93038a-9cb7-4195-b587-6a0adf463fc7:172.18.0.6:9858, 04529401-ed05-4fa3-bbcc-525d3b9b2160:172.18.0.7:9858, 68446d27-9b07-4dc2-84df-6fdb39fbf972:172.18.0.4:9858], old=null
datanode_1  | 2019-10-18 14:11:43,809 INFO impl.RoleInfo: 68446d27-9b07-4dc2-84df-6fdb39fbf972: shutdown FollowerState
datanode_2  | 2019-10-18 14:11:44,920 INFO impl.FollowerState: 04529401-ed05-4fa3-bbcc-525d3b9b2160@group-B3A1CC956EDE-FollowerState was interrupted: java.lang.InterruptedException: sleep interrupted
datanode_1  | 2019-10-18 14:11:43,809 INFO impl.RoleInfo: 68446d27-9b07-4dc2-84df-6fdb39fbf972: start FollowerState
datanode_2  | 2019-10-18 14:11:45,002 INFO impl.RaftServerImpl: 04529401-ed05-4fa3-bbcc-525d3b9b2160@group-B3A1CC956EDE: changes role from  FOLLOWER to FOLLOWER at term 129 for recognizeCandidate:1b93038a-9cb7-4195-b587-6a0adf463fc7
datanode_1  | 2019-10-18 14:11:43,809 INFO impl.FollowerState: 68446d27-9b07-4dc2-84df-6fdb39fbf972@group-B3A1CC956EDE-FollowerState was interrupted: java.lang.InterruptedException: sleep interrupted
datanode_3  | 2019-10-18 14:11:38,077 INFO impl.RaftServerImpl: 1b93038a-9cb7-4195-b587-6a0adf463fc7@group-B3A1CC956EDE: changes role from CANDIDATE to FOLLOWER at term 70 for DISCOVERED_A_NEW_TERM
datanode_2  | 2019-10-18 14:11:45,002 INFO impl.RoleInfo: 04529401-ed05-4fa3-bbcc-525d3b9b2160: shutdown FollowerState
datanode_1  | 2019-10-18 14:11:43,992 INFO impl.RaftServerImpl: 68446d27-9b07-4dc2-84df-6fdb39fbf972@group-B3A1CC956EDE: changes role from  FOLLOWER to FOLLOWER at term 122 for recognizeCandidate:1b93038a-9cb7-4195-b587-6a0adf463fc7
datanode_3  | 2019-10-18 14:11:38,077 INFO impl.RoleInfo: 1b93038a-9cb7-4195-b587-6a0adf463fc7: shutdown LeaderElection
datanode_2  | 2019-10-18 14:11:45,003 INFO impl.RoleInfo: 04529401-ed05-4fa3-bbcc-525d3b9b2160: start FollowerState
datanode_1  | 2019-10-18 14:11:43,992 INFO impl.RoleInfo: 68446d27-9b07-4dc2-84df-6fdb39fbf972: shutdown FollowerState
datanode_3  | 2019-10-18 14:11:38,077 INFO impl.RoleInfo: 1b93038a-9cb7-4195-b587-6a0adf463fc7: start FollowerState
datanode_2  | 2019-10-18 14:11:45,003 INFO impl.FollowerState: 04529401-ed05-4fa3-bbcc-525d3b9b2160@group-B3A1CC956EDE-FollowerState was interrupted: java.lang.InterruptedException: sleep interrupted
datanode_1  | 2019-10-18 14:11:43,992 INFO impl.FollowerState: 68446d27-9b07-4dc2-84df-6fdb39fbf972@group-B3A1CC956EDE-FollowerState was interrupted: java.lang.InterruptedException: sleep interrupted
datanode_3  | 2019-10-18 14:11:38,077 INFO impl.FollowerState: 1b93038a-9cb7-4195-b587-6a0adf463fc7@group-B3A1CC956EDE-FollowerState: change to CANDIDATE, lastRpcTime:0ms, electionTimeout:0ms
datanode_2  | 2019-10-18 14:11:45,134 INFO impl.RaftServerImpl: 04529401-ed05-4fa3-bbcc-525d3b9b2160@group-B3A1CC956EDE: changes role from  FOLLOWER to FOLLOWER at term 130 for recognizeCandidate:1b93038a-9cb7-4195-b587-6a0adf463fc7
datanode_1  | 2019-10-18 14:11:43,992 INFO impl.RoleInfo: 68446d27-9b07-4dc2-84df-6fdb39fbf972: start FollowerState
datanode_3  | 2019-10-18 14:11:38,077 INFO impl.RoleInfo: 1b93038a-9cb7-4195-b587-6a0adf463fc7: shutdown FollowerState
datanode_2  | 2019-10-18 14:11:45,134 INFO impl.RoleInfo: 04529401-ed05-4fa3-bbcc-525d3b9b2160: shutdown FollowerState
datanode_3  | 2019-10-18 14:11:38,077 INFO impl.RaftServerImpl: 1b93038a-9cb7-4195-b587-6a0adf463fc7@group-B3A1CC956EDE: changes role from  FOLLOWER to CANDIDATE at term 70 for changeToCandidate
datanode_1  | 2019-10-18 14:11:44,011 INFO impl.RaftServerImpl: 68446d27-9b07-4dc2-84df-6fdb39fbf972@group-B3A1CC956EDE: changes role from  FOLLOWER to FOLLOWER at term 123 for recognizeCandidate:1b93038a-9cb7-4195-b587-6a0adf463fc7
datanode_2  | 2019-10-18 14:11:45,135 INFO impl.RoleInfo: 04529401-ed05-4fa3-bbcc-525d3b9b2160: start FollowerState
datanode_3  | 2019-10-18 14:11:38,077 INFO impl.RoleInfo: 1b93038a-9cb7-4195-b587-6a0adf463fc7: start LeaderElection
datanode_1  | 2019-10-18 14:11:44,011 INFO impl.RoleInfo: 68446d27-9b07-4dc2-84df-6fdb39fbf972: shutdown FollowerState
datanode_2  | 2019-10-18 14:11:45,135 INFO impl.FollowerState: 04529401-ed05-4fa3-bbcc-525d3b9b2160@group-B3A1CC956EDE-FollowerState was interrupted: java.lang.InterruptedException: sleep interrupted
datanode_3  | 2019-10-18 14:11:38,091 INFO impl.LeaderElection: 1b93038a-9cb7-4195-b587-6a0adf463fc7@group-B3A1CC956EDE-LeaderElection57: begin an election at term 71 for -1: [1b93038a-9cb7-4195-b587-6a0adf463fc7:172.18.0.6:9858, 04529401-ed05-4fa3-bbcc-525d3b9b2160:172.18.0.7:9858, 68446d27-9b07-4dc2-84df-6fdb39fbf972:172.18.0.4:9858], old=null
datanode_1  | 2019-10-18 14:11:44,012 INFO impl.FollowerState: 68446d27-9b07-4dc2-84df-6fdb39fbf972@group-B3A1CC956EDE-FollowerState was interrupted: java.lang.InterruptedException: sleep interrupted
datanode_2  | 2019-10-18 14:11:45,213 INFO impl.RaftServerImpl: 04529401-ed05-4fa3-bbcc-525d3b9b2160@group-B3A1CC956EDE: changes role from  FOLLOWER to FOLLOWER at term 131 for recognizeCandidate:1b93038a-9cb7-4195-b587-6a0adf463fc7
datanode_3  | 2019-10-18 14:11:38,102 INFO impl.LeaderElection: 1b93038a-9cb7-4195-b587-6a0adf463fc7@group-B3A1CC956EDE-LeaderElection57: Election REJECTED; received 2 response(s) [1b93038a-9cb7-4195-b587-6a0adf463fc7<-04529401-ed05-4fa3-bbcc-525d3b9b2160#0:FAIL-t71, 1b93038a-9cb7-4195-b587-6a0adf463fc7<-68446d27-9b07-4dc2-84df-6fdb39fbf972#0:FAIL-t71] and 0 exception(s); 1b93038a-9cb7-4195-b587-6a0adf463fc7@group-B3A1CC956EDE:t71, leader=null, voted=1b93038a-9cb7-4195-b587-6a0adf463fc7, raftlog=1b93038a-9cb7-4195-b587-6a0adf463fc7@group-B3A1CC956EDE-SegmentedRaftLog:OPENED:c-1,f-1,i0, conf=-1: [1b93038a-9cb7-4195-b587-6a0adf463fc7:172.18.0.6:9858, 04529401-ed05-4fa3-bbcc-525d3b9b2160:172.18.0.7:9858, 68446d27-9b07-4dc2-84df-6fdb39fbf972:172.18.0.4:9858], old=null
datanode_1  | 2019-10-18 14:11:44,012 INFO impl.RoleInfo: 68446d27-9b07-4dc2-84df-6fdb39fbf972: start FollowerState
datanode_2  | 2019-10-18 14:11:45,213 INFO impl.RoleInfo: 04529401-ed05-4fa3-bbcc-525d3b9b2160: shutdown FollowerState
datanode_3  | 2019-10-18 14:11:38,102 INFO impl.RaftServerImpl: 1b93038a-9cb7-4195-b587-6a0adf463fc7@group-B3A1CC956EDE: changes role from CANDIDATE to FOLLOWER at term 71 for DISCOVERED_A_NEW_TERM
datanode_2  | 2019-10-18 14:11:45,213 INFO impl.RoleInfo: 04529401-ed05-4fa3-bbcc-525d3b9b2160: start FollowerState
datanode_3  | 2019-10-18 14:11:38,102 INFO impl.RoleInfo: 1b93038a-9cb7-4195-b587-6a0adf463fc7: shutdown LeaderElection
datanode_1  | 2019-10-18 14:11:44,248 INFO impl.RaftServerImpl: 68446d27-9b07-4dc2-84df-6fdb39fbf972@group-B3A1CC956EDE: changes role from  FOLLOWER to FOLLOWER at term 124 for recognizeCandidate:1b93038a-9cb7-4195-b587-6a0adf463fc7
datanode_2  | 2019-10-18 14:11:45,213 INFO impl.FollowerState: 04529401-ed05-4fa3-bbcc-525d3b9b2160@group-B3A1CC956EDE-FollowerState was interrupted: java.lang.InterruptedException: sleep interrupted
datanode_3  | 2019-10-18 14:11:38,102 INFO impl.RoleInfo: 1b93038a-9cb7-4195-b587-6a0adf463fc7: start FollowerState
datanode_1  | 2019-10-18 14:11:44,248 INFO impl.RoleInfo: 68446d27-9b07-4dc2-84df-6fdb39fbf972: shutdown FollowerState
datanode_2  | 2019-10-18 14:11:45,267 INFO impl.RaftServerImpl: 04529401-ed05-4fa3-bbcc-525d3b9b2160@group-B3A1CC956EDE: changes role from  FOLLOWER to FOLLOWER at term 132 for recognizeCandidate:1b93038a-9cb7-4195-b587-6a0adf463fc7
datanode_3  | 2019-10-18 14:11:38,123 INFO impl.FollowerState: 1b93038a-9cb7-4195-b587-6a0adf463fc7@group-B3A1CC956EDE-FollowerState: change to CANDIDATE, lastRpcTime:21ms, electionTimeout:21ms
datanode_1  | 2019-10-18 14:11:44,248 INFO impl.RoleInfo: 68446d27-9b07-4dc2-84df-6fdb39fbf972: start FollowerState
datanode_2  | 2019-10-18 14:11:45,267 INFO impl.RoleInfo: 04529401-ed05-4fa3-bbcc-525d3b9b2160: shutdown FollowerState
datanode_3  | 2019-10-18 14:11:38,123 INFO impl.RoleInfo: 1b93038a-9cb7-4195-b587-6a0adf463fc7: shutdown FollowerState
datanode_1  | 2019-10-18 14:11:44,248 INFO impl.FollowerState: 68446d27-9b07-4dc2-84df-6fdb39fbf972@group-B3A1CC956EDE-FollowerState was interrupted: java.lang.InterruptedException: sleep interrupted
datanode_2  | 2019-10-18 14:11:45,267 INFO impl.FollowerState: 04529401-ed05-4fa3-bbcc-525d3b9b2160@group-B3A1CC956EDE-FollowerState was interrupted: java.lang.InterruptedException: sleep interrupted
datanode_3  | 2019-10-18 14:11:38,124 INFO impl.RaftServerImpl: 1b93038a-9cb7-4195-b587-6a0adf463fc7@group-B3A1CC956EDE: changes role from  FOLLOWER to CANDIDATE at term 71 for changeToCandidate
datanode_2  | 2019-10-18 14:11:45,267 INFO impl.RoleInfo: 04529401-ed05-4fa3-bbcc-525d3b9b2160: start FollowerState
datanode_3  | 2019-10-18 14:11:38,124 INFO impl.RoleInfo: 1b93038a-9cb7-4195-b587-6a0adf463fc7: start LeaderElection
datanode_1  | 2019-10-18 14:11:44,293 INFO impl.RaftServerImpl: 68446d27-9b07-4dc2-84df-6fdb39fbf972@group-B3A1CC956EDE: changes role from  FOLLOWER to FOLLOWER at term 125 for recognizeCandidate:1b93038a-9cb7-4195-b587-6a0adf463fc7
datanode_2  | 2019-10-18 14:11:45,324 INFO impl.RaftServerImpl: 04529401-ed05-4fa3-bbcc-525d3b9b2160@group-B3A1CC956EDE: changes role from  FOLLOWER to FOLLOWER at term 133 for recognizeCandidate:1b93038a-9cb7-4195-b587-6a0adf463fc7
datanode_3  | 2019-10-18 14:11:38,135 INFO impl.LeaderElection: 1b93038a-9cb7-4195-b587-6a0adf463fc7@group-B3A1CC956EDE-LeaderElection58: begin an election at term 72 for -1: [1b93038a-9cb7-4195-b587-6a0adf463fc7:172.18.0.6:9858, 04529401-ed05-4fa3-bbcc-525d3b9b2160:172.18.0.7:9858, 68446d27-9b07-4dc2-84df-6fdb39fbf972:172.18.0.4:9858], old=null
datanode_1  | 2019-10-18 14:11:44,293 INFO impl.RoleInfo: 68446d27-9b07-4dc2-84df-6fdb39fbf972: shutdown FollowerState
datanode_2  | 2019-10-18 14:11:45,324 INFO impl.RoleInfo: 04529401-ed05-4fa3-bbcc-525d3b9b2160: shutdown FollowerState
datanode_3  | 2019-10-18 14:11:38,148 INFO impl.LeaderElection: 1b93038a-9cb7-4195-b587-6a0adf463fc7@group-B3A1CC956EDE-LeaderElection58: Election REJECTED; received 2 response(s) [1b93038a-9cb7-4195-b587-6a0adf463fc7<-04529401-ed05-4fa3-bbcc-525d3b9b2160#0:FAIL-t72, 1b93038a-9cb7-4195-b587-6a0adf463fc7<-68446d27-9b07-4dc2-84df-6fdb39fbf972#0:FAIL-t72] and 0 exception(s); 1b93038a-9cb7-4195-b587-6a0adf463fc7@group-B3A1CC956EDE:t72, leader=null, voted=1b93038a-9cb7-4195-b587-6a0adf463fc7, raftlog=1b93038a-9cb7-4195-b587-6a0adf463fc7@group-B3A1CC956EDE-SegmentedRaftLog:OPENED:c-1,f-1,i0, conf=-1: [1b93038a-9cb7-4195-b587-6a0adf463fc7:172.18.0.6:9858, 04529401-ed05-4fa3-bbcc-525d3b9b2160:172.18.0.7:9858, 68446d27-9b07-4dc2-84df-6fdb39fbf972:172.18.0.4:9858], old=null
datanode_1  | 2019-10-18 14:11:44,293 INFO impl.RoleInfo: 68446d27-9b07-4dc2-84df-6fdb39fbf972: start FollowerState
datanode_2  | 2019-10-18 14:11:45,324 INFO impl.RoleInfo: 04529401-ed05-4fa3-bbcc-525d3b9b2160: start FollowerState
datanode_3  | 2019-10-18 14:11:38,149 INFO impl.RaftServerImpl: 1b93038a-9cb7-4195-b587-6a0adf463fc7@group-B3A1CC956EDE: changes role from CANDIDATE to FOLLOWER at term 72 for DISCOVERED_A_NEW_TERM
datanode_1  | 2019-10-18 14:11:44,293 INFO impl.FollowerState: 68446d27-9b07-4dc2-84df-6fdb39fbf972@group-B3A1CC956EDE-FollowerState was interrupted: java.lang.InterruptedException: sleep interrupted
datanode_2  | 2019-10-18 14:11:45,324 INFO impl.FollowerState: 04529401-ed05-4fa3-bbcc-525d3b9b2160@group-B3A1CC956EDE-FollowerState was interrupted: java.lang.InterruptedException: sleep interrupted
datanode_3  | 2019-10-18 14:11:38,149 INFO impl.RoleInfo: 1b93038a-9cb7-4195-b587-6a0adf463fc7: shutdown LeaderElection
datanode_1  | 2019-10-18 14:11:44,528 INFO impl.RaftServerImpl: 68446d27-9b07-4dc2-84df-6fdb39fbf972@group-B3A1CC956EDE: changes role from  FOLLOWER to FOLLOWER at term 126 for recognizeCandidate:1b93038a-9cb7-4195-b587-6a0adf463fc7
datanode_2  | 2019-10-18 14:11:45,398 INFO impl.RaftServerImpl: 04529401-ed05-4fa3-bbcc-525d3b9b2160@group-B3A1CC956EDE: changes role from  FOLLOWER to FOLLOWER at term 134 for recognizeCandidate:1b93038a-9cb7-4195-b587-6a0adf463fc7
datanode_3  | 2019-10-18 14:11:38,149 INFO impl.RoleInfo: 1b93038a-9cb7-4195-b587-6a0adf463fc7: start FollowerState
datanode_1  | 2019-10-18 14:11:44,528 INFO impl.RoleInfo: 68446d27-9b07-4dc2-84df-6fdb39fbf972: shutdown FollowerState
datanode_2  | 2019-10-18 14:11:45,398 INFO impl.RoleInfo: 04529401-ed05-4fa3-bbcc-525d3b9b2160: shutdown FollowerState
datanode_3  | 2019-10-18 14:11:38,318 INFO impl.FollowerState: 1b93038a-9cb7-4195-b587-6a0adf463fc7@group-B3A1CC956EDE-FollowerState: change to CANDIDATE, lastRpcTime:168ms, electionTimeout:168ms
datanode_2  | 2019-10-18 14:11:45,399 INFO impl.RoleInfo: 04529401-ed05-4fa3-bbcc-525d3b9b2160: start FollowerState
datanode_3  | 2019-10-18 14:11:38,318 INFO impl.RoleInfo: 1b93038a-9cb7-4195-b587-6a0adf463fc7: shutdown FollowerState
datanode_3  | 2019-10-18 14:11:38,318 INFO impl.RaftServerImpl: 1b93038a-9cb7-4195-b587-6a0adf463fc7@group-B3A1CC956EDE: changes role from  FOLLOWER to CANDIDATE at term 72 for changeToCandidate
datanode_3  | 2019-10-18 14:11:38,318 INFO impl.RoleInfo: 1b93038a-9cb7-4195-b587-6a0adf463fc7: start LeaderElection
datanode_2  | 2019-10-18 14:11:45,399 INFO impl.FollowerState: 04529401-ed05-4fa3-bbcc-525d3b9b2160@group-B3A1CC956EDE-FollowerState was interrupted: java.lang.InterruptedException: sleep interrupted
datanode_3  | 2019-10-18 14:11:38,342 INFO impl.LeaderElection: 1b93038a-9cb7-4195-b587-6a0adf463fc7@group-B3A1CC956EDE-LeaderElection59: begin an election at term 73 for -1: [1b93038a-9cb7-4195-b587-6a0adf463fc7:172.18.0.6:9858, 04529401-ed05-4fa3-bbcc-525d3b9b2160:172.18.0.7:9858, 68446d27-9b07-4dc2-84df-6fdb39fbf972:172.18.0.4:9858], old=null
datanode_2  | 2019-10-18 14:11:45,490 INFO impl.RaftServerImpl: 04529401-ed05-4fa3-bbcc-525d3b9b2160@group-B3A1CC956EDE: changes role from  FOLLOWER to FOLLOWER at term 135 for recognizeCandidate:1b93038a-9cb7-4195-b587-6a0adf463fc7
datanode_1  | 2019-10-18 14:11:44,528 INFO impl.RoleInfo: 68446d27-9b07-4dc2-84df-6fdb39fbf972: start FollowerState
datanode_2  | 2019-10-18 14:11:45,490 INFO impl.RoleInfo: 04529401-ed05-4fa3-bbcc-525d3b9b2160: shutdown FollowerState
datanode_1  | 2019-10-18 14:11:44,528 INFO impl.FollowerState: 68446d27-9b07-4dc2-84df-6fdb39fbf972@group-B3A1CC956EDE-FollowerState was interrupted: java.lang.InterruptedException: sleep interrupted
datanode_3  | 2019-10-18 14:11:38,367 INFO impl.LeaderElection: 1b93038a-9cb7-4195-b587-6a0adf463fc7@group-B3A1CC956EDE-LeaderElection59: Election REJECTED; received 2 response(s) [1b93038a-9cb7-4195-b587-6a0adf463fc7<-04529401-ed05-4fa3-bbcc-525d3b9b2160#0:FAIL-t73, 1b93038a-9cb7-4195-b587-6a0adf463fc7<-68446d27-9b07-4dc2-84df-6fdb39fbf972#0:FAIL-t73] and 0 exception(s); 1b93038a-9cb7-4195-b587-6a0adf463fc7@group-B3A1CC956EDE:t73, leader=null, voted=1b93038a-9cb7-4195-b587-6a0adf463fc7, raftlog=1b93038a-9cb7-4195-b587-6a0adf463fc7@group-B3A1CC956EDE-SegmentedRaftLog:OPENED:c-1,f-1,i0, conf=-1: [1b93038a-9cb7-4195-b587-6a0adf463fc7:172.18.0.6:9858, 04529401-ed05-4fa3-bbcc-525d3b9b2160:172.18.0.7:9858, 68446d27-9b07-4dc2-84df-6fdb39fbf972:172.18.0.4:9858], old=null
datanode_2  | 2019-10-18 14:11:45,490 INFO impl.RoleInfo: 04529401-ed05-4fa3-bbcc-525d3b9b2160: start FollowerState
datanode_1  | 2019-10-18 14:11:44,744 INFO impl.RaftServerImpl: 68446d27-9b07-4dc2-84df-6fdb39fbf972@group-B3A1CC956EDE: changes role from  FOLLOWER to FOLLOWER at term 127 for recognizeCandidate:1b93038a-9cb7-4195-b587-6a0adf463fc7
datanode_3  | 2019-10-18 14:11:38,367 INFO impl.RaftServerImpl: 1b93038a-9cb7-4195-b587-6a0adf463fc7@group-B3A1CC956EDE: changes role from CANDIDATE to FOLLOWER at term 73 for DISCOVERED_A_NEW_TERM
datanode_2  | 2019-10-18 14:11:45,490 INFO impl.FollowerState: 04529401-ed05-4fa3-bbcc-525d3b9b2160@group-B3A1CC956EDE-FollowerState was interrupted: java.lang.InterruptedException: sleep interrupted
datanode_3  | 2019-10-18 14:11:38,367 INFO impl.RoleInfo: 1b93038a-9cb7-4195-b587-6a0adf463fc7: shutdown LeaderElection
datanode_1  | 2019-10-18 14:11:44,744 INFO impl.RoleInfo: 68446d27-9b07-4dc2-84df-6fdb39fbf972: shutdown FollowerState
datanode_2  | 2019-10-18 14:11:45,644 INFO impl.RaftServerImpl: 04529401-ed05-4fa3-bbcc-525d3b9b2160@group-B3A1CC956EDE: changes role from  FOLLOWER to FOLLOWER at term 136 for recognizeCandidate:1b93038a-9cb7-4195-b587-6a0adf463fc7
datanode_3  | 2019-10-18 14:11:38,367 INFO impl.RoleInfo: 1b93038a-9cb7-4195-b587-6a0adf463fc7: start FollowerState
datanode_1  | 2019-10-18 14:11:44,744 INFO impl.FollowerState: 68446d27-9b07-4dc2-84df-6fdb39fbf972@group-B3A1CC956EDE-FollowerState was interrupted: java.lang.InterruptedException: sleep interrupted
datanode_2  | 2019-10-18 14:11:45,645 INFO impl.RoleInfo: 04529401-ed05-4fa3-bbcc-525d3b9b2160: shutdown FollowerState
datanode_1  | 2019-10-18 14:11:44,744 INFO impl.RoleInfo: 68446d27-9b07-4dc2-84df-6fdb39fbf972: start FollowerState
datanode_2  | 2019-10-18 14:11:45,645 INFO impl.RoleInfo: 04529401-ed05-4fa3-bbcc-525d3b9b2160: start FollowerState
datanode_3  | 2019-10-18 14:11:38,425 INFO impl.FollowerState: 1b93038a-9cb7-4195-b587-6a0adf463fc7@group-B3A1CC956EDE-FollowerState: change to CANDIDATE, lastRpcTime:58ms, electionTimeout:58ms
datanode_1  | 2019-10-18 14:11:44,920 INFO impl.RaftServerImpl: 68446d27-9b07-4dc2-84df-6fdb39fbf972@group-B3A1CC956EDE: changes role from  FOLLOWER to FOLLOWER at term 128 for recognizeCandidate:1b93038a-9cb7-4195-b587-6a0adf463fc7
datanode_2  | 2019-10-18 14:11:45,645 INFO impl.FollowerState: 04529401-ed05-4fa3-bbcc-525d3b9b2160@group-B3A1CC956EDE-FollowerState was interrupted: java.lang.InterruptedException: sleep interrupted
datanode_3  | 2019-10-18 14:11:38,425 INFO impl.RoleInfo: 1b93038a-9cb7-4195-b587-6a0adf463fc7: shutdown FollowerState
datanode_1  | 2019-10-18 14:11:44,920 INFO impl.RoleInfo: 68446d27-9b07-4dc2-84df-6fdb39fbf972: shutdown FollowerState
datanode_2  | 2019-10-18 14:11:45,828 INFO impl.RaftServerImpl: 04529401-ed05-4fa3-bbcc-525d3b9b2160@group-B3A1CC956EDE: changes role from  FOLLOWER to FOLLOWER at term 137 for recognizeCandidate:1b93038a-9cb7-4195-b587-6a0adf463fc7
datanode_3  | 2019-10-18 14:11:38,425 INFO impl.RaftServerImpl: 1b93038a-9cb7-4195-b587-6a0adf463fc7@group-B3A1CC956EDE: changes role from  FOLLOWER to CANDIDATE at term 73 for changeToCandidate
datanode_1  | 2019-10-18 14:11:44,920 INFO impl.RoleInfo: 68446d27-9b07-4dc2-84df-6fdb39fbf972: start FollowerState
datanode_2  | 2019-10-18 14:11:45,828 INFO impl.RoleInfo: 04529401-ed05-4fa3-bbcc-525d3b9b2160: shutdown FollowerState
datanode_3  | 2019-10-18 14:11:38,426 INFO impl.RoleInfo: 1b93038a-9cb7-4195-b587-6a0adf463fc7: start LeaderElection
datanode_1  | 2019-10-18 14:11:44,920 INFO impl.FollowerState: 68446d27-9b07-4dc2-84df-6fdb39fbf972@group-B3A1CC956EDE-FollowerState was interrupted: java.lang.InterruptedException: sleep interrupted
datanode_2  | 2019-10-18 14:11:45,829 INFO impl.FollowerState: 04529401-ed05-4fa3-bbcc-525d3b9b2160@group-B3A1CC956EDE-FollowerState was interrupted: java.lang.InterruptedException: sleep interrupted
datanode_3  | 2019-10-18 14:11:38,428 INFO impl.LeaderElection: 1b93038a-9cb7-4195-b587-6a0adf463fc7@group-B3A1CC956EDE-LeaderElection60: begin an election at term 74 for -1: [1b93038a-9cb7-4195-b587-6a0adf463fc7:172.18.0.6:9858, 04529401-ed05-4fa3-bbcc-525d3b9b2160:172.18.0.7:9858, 68446d27-9b07-4dc2-84df-6fdb39fbf972:172.18.0.4:9858], old=null
datanode_1  | 2019-10-18 14:11:45,003 INFO impl.RaftServerImpl: 68446d27-9b07-4dc2-84df-6fdb39fbf972@group-B3A1CC956EDE: changes role from  FOLLOWER to FOLLOWER at term 129 for recognizeCandidate:1b93038a-9cb7-4195-b587-6a0adf463fc7
datanode_2  | 2019-10-18 14:11:45,830 INFO impl.RoleInfo: 04529401-ed05-4fa3-bbcc-525d3b9b2160: start FollowerState
datanode_3  | 2019-10-18 14:11:38,438 INFO impl.LeaderElection: 1b93038a-9cb7-4195-b587-6a0adf463fc7@group-B3A1CC956EDE-LeaderElection60: Election REJECTED; received 2 response(s) [1b93038a-9cb7-4195-b587-6a0adf463fc7<-04529401-ed05-4fa3-bbcc-525d3b9b2160#0:FAIL-t74, 1b93038a-9cb7-4195-b587-6a0adf463fc7<-68446d27-9b07-4dc2-84df-6fdb39fbf972#0:FAIL-t74] and 0 exception(s); 1b93038a-9cb7-4195-b587-6a0adf463fc7@group-B3A1CC956EDE:t74, leader=null, voted=1b93038a-9cb7-4195-b587-6a0adf463fc7, raftlog=1b93038a-9cb7-4195-b587-6a0adf463fc7@group-B3A1CC956EDE-SegmentedRaftLog:OPENED:c-1,f-1,i0, conf=-1: [1b93038a-9cb7-4195-b587-6a0adf463fc7:172.18.0.6:9858, 04529401-ed05-4fa3-bbcc-525d3b9b2160:172.18.0.7:9858, 68446d27-9b07-4dc2-84df-6fdb39fbf972:172.18.0.4:9858], old=null
datanode_1  | 2019-10-18 14:11:45,004 INFO impl.RoleInfo: 68446d27-9b07-4dc2-84df-6fdb39fbf972: shutdown FollowerState
datanode_2  | 2019-10-18 14:11:46,052 INFO impl.RaftServerImpl: 04529401-ed05-4fa3-bbcc-525d3b9b2160@group-B3A1CC956EDE: changes role from  FOLLOWER to FOLLOWER at term 138 for recognizeCandidate:1b93038a-9cb7-4195-b587-6a0adf463fc7
datanode_3  | 2019-10-18 14:11:38,438 INFO impl.RaftServerImpl: 1b93038a-9cb7-4195-b587-6a0adf463fc7@group-B3A1CC956EDE: changes role from CANDIDATE to FOLLOWER at term 74 for DISCOVERED_A_NEW_TERM
datanode_1  | 2019-10-18 14:11:45,004 INFO impl.FollowerState: 68446d27-9b07-4dc2-84df-6fdb39fbf972@group-B3A1CC956EDE-FollowerState was interrupted: java.lang.InterruptedException: sleep interrupted
datanode_2  | 2019-10-18 14:11:46,053 INFO impl.RoleInfo: 04529401-ed05-4fa3-bbcc-525d3b9b2160: shutdown FollowerState
datanode_3  | 2019-10-18 14:11:38,438 INFO impl.RoleInfo: 1b93038a-9cb7-4195-b587-6a0adf463fc7: shutdown LeaderElection
datanode_1  | 2019-10-18 14:11:45,004 INFO impl.RoleInfo: 68446d27-9b07-4dc2-84df-6fdb39fbf972: start FollowerState
datanode_2  | 2019-10-18 14:11:46,053 INFO impl.RoleInfo: 04529401-ed05-4fa3-bbcc-525d3b9b2160: start FollowerState
datanode_2  | 2019-10-18 14:11:46,053 INFO impl.FollowerState: 04529401-ed05-4fa3-bbcc-525d3b9b2160@group-B3A1CC956EDE-FollowerState was interrupted: java.lang.InterruptedException: sleep interrupted
datanode_3  | 2019-10-18 14:11:38,438 INFO impl.RoleInfo: 1b93038a-9cb7-4195-b587-6a0adf463fc7: start FollowerState
datanode_1  | 2019-10-18 14:11:45,135 INFO impl.RaftServerImpl: 68446d27-9b07-4dc2-84df-6fdb39fbf972@group-B3A1CC956EDE: changes role from  FOLLOWER to FOLLOWER at term 130 for recognizeCandidate:1b93038a-9cb7-4195-b587-6a0adf463fc7
datanode_2  | 2019-10-18 14:11:46,268 INFO impl.RaftServerImpl: 04529401-ed05-4fa3-bbcc-525d3b9b2160@group-B3A1CC956EDE: changes role from  FOLLOWER to FOLLOWER at term 139 for recognizeCandidate:1b93038a-9cb7-4195-b587-6a0adf463fc7
datanode_1  | 2019-10-18 14:11:45,135 INFO impl.RoleInfo: 68446d27-9b07-4dc2-84df-6fdb39fbf972: shutdown FollowerState
datanode_3  | 2019-10-18 14:11:38,440 INFO impl.FollowerState: 1b93038a-9cb7-4195-b587-6a0adf463fc7@group-B3A1CC956EDE-FollowerState: change to CANDIDATE, lastRpcTime:2ms, electionTimeout:2ms
datanode_2  | 2019-10-18 14:11:46,268 INFO impl.RoleInfo: 04529401-ed05-4fa3-bbcc-525d3b9b2160: shutdown FollowerState
datanode_1  | 2019-10-18 14:11:45,135 INFO impl.RoleInfo: 68446d27-9b07-4dc2-84df-6fdb39fbf972: start FollowerState
datanode_3  | 2019-10-18 14:11:38,440 INFO impl.RoleInfo: 1b93038a-9cb7-4195-b587-6a0adf463fc7: shutdown FollowerState
datanode_2  | 2019-10-18 14:11:46,268 INFO impl.RoleInfo: 04529401-ed05-4fa3-bbcc-525d3b9b2160: start FollowerState
datanode_1  | 2019-10-18 14:11:45,135 INFO impl.FollowerState: 68446d27-9b07-4dc2-84df-6fdb39fbf972@group-B3A1CC956EDE-FollowerState was interrupted: java.lang.InterruptedException: sleep interrupted
datanode_3  | 2019-10-18 14:11:38,441 INFO impl.RaftServerImpl: 1b93038a-9cb7-4195-b587-6a0adf463fc7@group-B3A1CC956EDE: changes role from  FOLLOWER to CANDIDATE at term 74 for changeToCandidate
datanode_2  | 2019-10-18 14:11:46,268 INFO impl.FollowerState: 04529401-ed05-4fa3-bbcc-525d3b9b2160@group-B3A1CC956EDE-FollowerState was interrupted: java.lang.InterruptedException: sleep interrupted
datanode_1  | 2019-10-18 14:11:45,214 INFO impl.RaftServerImpl: 68446d27-9b07-4dc2-84df-6fdb39fbf972@group-B3A1CC956EDE: changes role from  FOLLOWER to FOLLOWER at term 131 for recognizeCandidate:1b93038a-9cb7-4195-b587-6a0adf463fc7
datanode_3  | 2019-10-18 14:11:38,441 INFO impl.RoleInfo: 1b93038a-9cb7-4195-b587-6a0adf463fc7: start LeaderElection
datanode_2  | 2019-10-18 14:11:46,284 INFO impl.RaftServerImpl: 04529401-ed05-4fa3-bbcc-525d3b9b2160@group-B3A1CC956EDE: changes role from  FOLLOWER to FOLLOWER at term 140 for recognizeCandidate:1b93038a-9cb7-4195-b587-6a0adf463fc7
datanode_1  | 2019-10-18 14:11:45,214 INFO impl.RoleInfo: 68446d27-9b07-4dc2-84df-6fdb39fbf972: shutdown FollowerState
datanode_3  | 2019-10-18 14:11:38,457 INFO impl.LeaderElection: 1b93038a-9cb7-4195-b587-6a0adf463fc7@group-B3A1CC956EDE-LeaderElection61: begin an election at term 75 for -1: [1b93038a-9cb7-4195-b587-6a0adf463fc7:172.18.0.6:9858, 04529401-ed05-4fa3-bbcc-525d3b9b2160:172.18.0.7:9858, 68446d27-9b07-4dc2-84df-6fdb39fbf972:172.18.0.4:9858], old=null
datanode_2  | 2019-10-18 14:11:46,284 INFO impl.RoleInfo: 04529401-ed05-4fa3-bbcc-525d3b9b2160: shutdown FollowerState
datanode_1  | 2019-10-18 14:11:45,214 INFO impl.RoleInfo: 68446d27-9b07-4dc2-84df-6fdb39fbf972: start FollowerState
datanode_3  | 2019-10-18 14:11:38,477 INFO impl.LeaderElection: 1b93038a-9cb7-4195-b587-6a0adf463fc7@group-B3A1CC956EDE-LeaderElection61: Election REJECTED; received 2 response(s) [1b93038a-9cb7-4195-b587-6a0adf463fc7<-04529401-ed05-4fa3-bbcc-525d3b9b2160#0:FAIL-t75, 1b93038a-9cb7-4195-b587-6a0adf463fc7<-68446d27-9b07-4dc2-84df-6fdb39fbf972#0:FAIL-t75] and 0 exception(s); 1b93038a-9cb7-4195-b587-6a0adf463fc7@group-B3A1CC956EDE:t75, leader=null, voted=1b93038a-9cb7-4195-b587-6a0adf463fc7, raftlog=1b93038a-9cb7-4195-b587-6a0adf463fc7@group-B3A1CC956EDE-SegmentedRaftLog:OPENED:c-1,f-1,i0, conf=-1: [1b93038a-9cb7-4195-b587-6a0adf463fc7:172.18.0.6:9858, 04529401-ed05-4fa3-bbcc-525d3b9b2160:172.18.0.7:9858, 68446d27-9b07-4dc2-84df-6fdb39fbf972:172.18.0.4:9858], old=null
datanode_1  | 2019-10-18 14:11:45,214 INFO impl.FollowerState: 68446d27-9b07-4dc2-84df-6fdb39fbf972@group-B3A1CC956EDE-FollowerState was interrupted: java.lang.InterruptedException: sleep interrupted
datanode_2  | 2019-10-18 14:11:46,284 INFO impl.RoleInfo: 04529401-ed05-4fa3-bbcc-525d3b9b2160: start FollowerState
datanode_1  | 2019-10-18 14:11:45,267 INFO impl.RaftServerImpl: 68446d27-9b07-4dc2-84df-6fdb39fbf972@group-B3A1CC956EDE: changes role from  FOLLOWER to FOLLOWER at term 132 for recognizeCandidate:1b93038a-9cb7-4195-b587-6a0adf463fc7
datanode_3  | 2019-10-18 14:11:38,477 INFO impl.RaftServerImpl: 1b93038a-9cb7-4195-b587-6a0adf463fc7@group-B3A1CC956EDE: changes role from CANDIDATE to FOLLOWER at term 75 for DISCOVERED_A_NEW_TERM
datanode_2  | 2019-10-18 14:11:46,284 INFO impl.FollowerState: 04529401-ed05-4fa3-bbcc-525d3b9b2160@group-B3A1CC956EDE-FollowerState was interrupted: java.lang.InterruptedException: sleep interrupted
datanode_1  | 2019-10-18 14:11:45,267 INFO impl.RoleInfo: 68446d27-9b07-4dc2-84df-6fdb39fbf972: shutdown FollowerState
datanode_3  | 2019-10-18 14:11:38,477 INFO impl.RoleInfo: 1b93038a-9cb7-4195-b587-6a0adf463fc7: shutdown LeaderElection
datanode_2  | 2019-10-18 14:11:46,514 INFO impl.RaftServerImpl: 04529401-ed05-4fa3-bbcc-525d3b9b2160@group-B3A1CC956EDE: changes role from  FOLLOWER to FOLLOWER at term 141 for recognizeCandidate:1b93038a-9cb7-4195-b587-6a0adf463fc7
datanode_1  | 2019-10-18 14:11:45,267 INFO impl.FollowerState: 68446d27-9b07-4dc2-84df-6fdb39fbf972@group-B3A1CC956EDE-FollowerState was interrupted: java.lang.InterruptedException: sleep interrupted
datanode_3  | 2019-10-18 14:11:38,477 INFO impl.RoleInfo: 1b93038a-9cb7-4195-b587-6a0adf463fc7: start FollowerState
datanode_2  | 2019-10-18 14:11:46,515 INFO impl.RoleInfo: 04529401-ed05-4fa3-bbcc-525d3b9b2160: shutdown FollowerState
datanode_1  | 2019-10-18 14:11:45,267 INFO impl.RoleInfo: 68446d27-9b07-4dc2-84df-6fdb39fbf972: start FollowerState
datanode_3  | 2019-10-18 14:11:38,571 INFO impl.FollowerState: 1b93038a-9cb7-4195-b587-6a0adf463fc7@group-B3A1CC956EDE-FollowerState: change to CANDIDATE, lastRpcTime:93ms, electionTimeout:93ms
datanode_2  | 2019-10-18 14:11:46,515 INFO impl.RoleInfo: 04529401-ed05-4fa3-bbcc-525d3b9b2160: start FollowerState
datanode_1  | 2019-10-18 14:11:45,324 INFO impl.RaftServerImpl: 68446d27-9b07-4dc2-84df-6fdb39fbf972@group-B3A1CC956EDE: changes role from  FOLLOWER to FOLLOWER at term 133 for recognizeCandidate:1b93038a-9cb7-4195-b587-6a0adf463fc7
datanode_3  | 2019-10-18 14:11:38,571 INFO impl.RoleInfo: 1b93038a-9cb7-4195-b587-6a0adf463fc7: shutdown FollowerState
datanode_1  | 2019-10-18 14:11:45,324 INFO impl.RoleInfo: 68446d27-9b07-4dc2-84df-6fdb39fbf972: shutdown FollowerState
datanode_2  | 2019-10-18 14:11:46,515 INFO impl.FollowerState: 04529401-ed05-4fa3-bbcc-525d3b9b2160@group-B3A1CC956EDE-FollowerState was interrupted: java.lang.InterruptedException: sleep interrupted
datanode_3  | 2019-10-18 14:11:38,571 INFO impl.RaftServerImpl: 1b93038a-9cb7-4195-b587-6a0adf463fc7@group-B3A1CC956EDE: changes role from  FOLLOWER to CANDIDATE at term 75 for changeToCandidate
datanode_1  | 2019-10-18 14:11:45,324 INFO impl.RoleInfo: 68446d27-9b07-4dc2-84df-6fdb39fbf972: start FollowerState
datanode_2  | 2019-10-18 14:11:46,567 INFO impl.RaftServerImpl: 04529401-ed05-4fa3-bbcc-525d3b9b2160@group-B3A1CC956EDE: changes role from  FOLLOWER to FOLLOWER at term 142 for recognizeCandidate:1b93038a-9cb7-4195-b587-6a0adf463fc7
datanode_3  | 2019-10-18 14:11:38,571 INFO impl.RoleInfo: 1b93038a-9cb7-4195-b587-6a0adf463fc7: start LeaderElection
datanode_1  | 2019-10-18 14:11:45,324 INFO impl.FollowerState: 68446d27-9b07-4dc2-84df-6fdb39fbf972@group-B3A1CC956EDE-FollowerState was interrupted: java.lang.InterruptedException: sleep interrupted
datanode_3  | 2019-10-18 14:11:38,585 INFO impl.LeaderElection: 1b93038a-9cb7-4195-b587-6a0adf463fc7@group-B3A1CC956EDE-LeaderElection62: begin an election at term 76 for -1: [1b93038a-9cb7-4195-b587-6a0adf463fc7:172.18.0.6:9858, 04529401-ed05-4fa3-bbcc-525d3b9b2160:172.18.0.7:9858, 68446d27-9b07-4dc2-84df-6fdb39fbf972:172.18.0.4:9858], old=null
datanode_2  | 2019-10-18 14:11:46,567 INFO impl.RoleInfo: 04529401-ed05-4fa3-bbcc-525d3b9b2160: shutdown FollowerState
datanode_1  | 2019-10-18 14:11:45,399 INFO impl.RaftServerImpl: 68446d27-9b07-4dc2-84df-6fdb39fbf972@group-B3A1CC956EDE: changes role from  FOLLOWER to FOLLOWER at term 134 for recognizeCandidate:1b93038a-9cb7-4195-b587-6a0adf463fc7
datanode_2  | 2019-10-18 14:11:46,567 INFO impl.RoleInfo: 04529401-ed05-4fa3-bbcc-525d3b9b2160: start FollowerState
datanode_3  | 2019-10-18 14:11:38,598 INFO impl.LeaderElection: 1b93038a-9cb7-4195-b587-6a0adf463fc7@group-B3A1CC956EDE-LeaderElection62: Election REJECTED; received 2 response(s) [1b93038a-9cb7-4195-b587-6a0adf463fc7<-04529401-ed05-4fa3-bbcc-525d3b9b2160#0:FAIL-t76, 1b93038a-9cb7-4195-b587-6a0adf463fc7<-68446d27-9b07-4dc2-84df-6fdb39fbf972#0:FAIL-t76] and 0 exception(s); 1b93038a-9cb7-4195-b587-6a0adf463fc7@group-B3A1CC956EDE:t76, leader=null, voted=1b93038a-9cb7-4195-b587-6a0adf463fc7, raftlog=1b93038a-9cb7-4195-b587-6a0adf463fc7@group-B3A1CC956EDE-SegmentedRaftLog:OPENED:c-1,f-1,i0, conf=-1: [1b93038a-9cb7-4195-b587-6a0adf463fc7:172.18.0.6:9858, 04529401-ed05-4fa3-bbcc-525d3b9b2160:172.18.0.7:9858, 68446d27-9b07-4dc2-84df-6fdb39fbf972:172.18.0.4:9858], old=null
datanode_1  | 2019-10-18 14:11:45,399 INFO impl.RoleInfo: 68446d27-9b07-4dc2-84df-6fdb39fbf972: shutdown FollowerState
datanode_2  | 2019-10-18 14:11:46,567 INFO impl.FollowerState: 04529401-ed05-4fa3-bbcc-525d3b9b2160@group-B3A1CC956EDE-FollowerState was interrupted: java.lang.InterruptedException: sleep interrupted
datanode_1  | 2019-10-18 14:11:45,399 INFO impl.RoleInfo: 68446d27-9b07-4dc2-84df-6fdb39fbf972: start FollowerState
datanode_3  | 2019-10-18 14:11:38,598 INFO impl.RaftServerImpl: 1b93038a-9cb7-4195-b587-6a0adf463fc7@group-B3A1CC956EDE: changes role from CANDIDATE to FOLLOWER at term 76 for DISCOVERED_A_NEW_TERM
datanode_2  | 2019-10-18 14:11:46,699 INFO impl.RaftServerImpl: 04529401-ed05-4fa3-bbcc-525d3b9b2160@group-B3A1CC956EDE: changes role from  FOLLOWER to FOLLOWER at term 143 for recognizeCandidate:1b93038a-9cb7-4195-b587-6a0adf463fc7
datanode_1  | 2019-10-18 14:11:45,399 INFO impl.FollowerState: 68446d27-9b07-4dc2-84df-6fdb39fbf972@group-B3A1CC956EDE-FollowerState was interrupted: java.lang.InterruptedException: sleep interrupted
datanode_3  | 2019-10-18 14:11:38,598 INFO impl.RoleInfo: 1b93038a-9cb7-4195-b587-6a0adf463fc7: shutdown LeaderElection
datanode_2  | 2019-10-18 14:11:46,699 INFO impl.RoleInfo: 04529401-ed05-4fa3-bbcc-525d3b9b2160: shutdown FollowerState
datanode_1  | 2019-10-18 14:11:45,490 INFO impl.RaftServerImpl: 68446d27-9b07-4dc2-84df-6fdb39fbf972@group-B3A1CC956EDE: changes role from  FOLLOWER to FOLLOWER at term 135 for recognizeCandidate:1b93038a-9cb7-4195-b587-6a0adf463fc7
datanode_3  | 2019-10-18 14:11:38,598 INFO impl.RoleInfo: 1b93038a-9cb7-4195-b587-6a0adf463fc7: start FollowerState
datanode_2  | 2019-10-18 14:11:46,700 INFO impl.RoleInfo: 04529401-ed05-4fa3-bbcc-525d3b9b2160: start FollowerState
datanode_1  | 2019-10-18 14:11:45,490 INFO impl.RoleInfo: 68446d27-9b07-4dc2-84df-6fdb39fbf972: shutdown FollowerState
datanode_3  | 2019-10-18 14:11:38,677 INFO impl.FollowerState: 1b93038a-9cb7-4195-b587-6a0adf463fc7@group-B3A1CC956EDE-FollowerState: change to CANDIDATE, lastRpcTime:78ms, electionTimeout:78ms
datanode_1  | 2019-10-18 14:11:45,490 INFO impl.FollowerState: 68446d27-9b07-4dc2-84df-6fdb39fbf972@group-B3A1CC956EDE-FollowerState was interrupted: java.lang.InterruptedException: sleep interrupted
datanode_2  | 2019-10-18 14:11:46,700 INFO impl.FollowerState: 04529401-ed05-4fa3-bbcc-525d3b9b2160@group-B3A1CC956EDE-FollowerState was interrupted: java.lang.InterruptedException: sleep interrupted
datanode_3  | 2019-10-18 14:11:38,677 INFO impl.RoleInfo: 1b93038a-9cb7-4195-b587-6a0adf463fc7: shutdown FollowerState
datanode_1  | 2019-10-18 14:11:45,490 INFO impl.RoleInfo: 68446d27-9b07-4dc2-84df-6fdb39fbf972: start FollowerState
datanode_2  | 2019-10-18 14:11:46,757 INFO impl.RaftServerImpl: 04529401-ed05-4fa3-bbcc-525d3b9b2160@group-B3A1CC956EDE: changes role from  FOLLOWER to FOLLOWER at term 144 for recognizeCandidate:1b93038a-9cb7-4195-b587-6a0adf463fc7
datanode_3  | 2019-10-18 14:11:38,677 INFO impl.RaftServerImpl: 1b93038a-9cb7-4195-b587-6a0adf463fc7@group-B3A1CC956EDE: changes role from  FOLLOWER to CANDIDATE at term 76 for changeToCandidate
datanode_1  | 2019-10-18 14:11:45,645 INFO impl.RaftServerImpl: 68446d27-9b07-4dc2-84df-6fdb39fbf972@group-B3A1CC956EDE: changes role from  FOLLOWER to FOLLOWER at term 136 for recognizeCandidate:1b93038a-9cb7-4195-b587-6a0adf463fc7
datanode_2  | 2019-10-18 14:11:46,757 INFO impl.RoleInfo: 04529401-ed05-4fa3-bbcc-525d3b9b2160: shutdown FollowerState
datanode_3  | 2019-10-18 14:11:38,677 INFO impl.RoleInfo: 1b93038a-9cb7-4195-b587-6a0adf463fc7: start LeaderElection
datanode_1  | 2019-10-18 14:11:45,645 INFO impl.RoleInfo: 68446d27-9b07-4dc2-84df-6fdb39fbf972: shutdown FollowerState
datanode_2  | 2019-10-18 14:11:46,757 INFO impl.RoleInfo: 04529401-ed05-4fa3-bbcc-525d3b9b2160: start FollowerState
datanode_3  | 2019-10-18 14:11:38,683 INFO impl.LeaderElection: 1b93038a-9cb7-4195-b587-6a0adf463fc7@group-B3A1CC956EDE-LeaderElection63: begin an election at term 77 for -1: [1b93038a-9cb7-4195-b587-6a0adf463fc7:172.18.0.6:9858, 04529401-ed05-4fa3-bbcc-525d3b9b2160:172.18.0.7:9858, 68446d27-9b07-4dc2-84df-6fdb39fbf972:172.18.0.4:9858], old=null
datanode_1  | 2019-10-18 14:11:45,645 INFO impl.FollowerState: 68446d27-9b07-4dc2-84df-6fdb39fbf972@group-B3A1CC956EDE-FollowerState was interrupted: java.lang.InterruptedException: sleep interrupted
datanode_2  | 2019-10-18 14:11:46,757 INFO impl.FollowerState: 04529401-ed05-4fa3-bbcc-525d3b9b2160@group-B3A1CC956EDE-FollowerState was interrupted: java.lang.InterruptedException: sleep interrupted
datanode_3  | 2019-10-18 14:11:38,706 INFO impl.LeaderElection: 1b93038a-9cb7-4195-b587-6a0adf463fc7@group-B3A1CC956EDE-LeaderElection63: Election REJECTED; received 2 response(s) [1b93038a-9cb7-4195-b587-6a0adf463fc7<-04529401-ed05-4fa3-bbcc-525d3b9b2160#0:FAIL-t77, 1b93038a-9cb7-4195-b587-6a0adf463fc7<-68446d27-9b07-4dc2-84df-6fdb39fbf972#0:FAIL-t77] and 0 exception(s); 1b93038a-9cb7-4195-b587-6a0adf463fc7@group-B3A1CC956EDE:t77, leader=null, voted=1b93038a-9cb7-4195-b587-6a0adf463fc7, raftlog=1b93038a-9cb7-4195-b587-6a0adf463fc7@group-B3A1CC956EDE-SegmentedRaftLog:OPENED:c-1,f-1,i0, conf=-1: [1b93038a-9cb7-4195-b587-6a0adf463fc7:172.18.0.6:9858, 04529401-ed05-4fa3-bbcc-525d3b9b2160:172.18.0.7:9858, 68446d27-9b07-4dc2-84df-6fdb39fbf972:172.18.0.4:9858], old=null
datanode_1  | 2019-10-18 14:11:45,645 INFO impl.RoleInfo: 68446d27-9b07-4dc2-84df-6fdb39fbf972: start FollowerState
datanode_2  | 2019-10-18 14:11:46,773 INFO impl.RaftServerImpl: 04529401-ed05-4fa3-bbcc-525d3b9b2160@group-B3A1CC956EDE: changes role from  FOLLOWER to FOLLOWER at term 145 for recognizeCandidate:1b93038a-9cb7-4195-b587-6a0adf463fc7
datanode_1  | 2019-10-18 14:11:45,829 INFO impl.RaftServerImpl: 68446d27-9b07-4dc2-84df-6fdb39fbf972@group-B3A1CC956EDE: changes role from  FOLLOWER to FOLLOWER at term 137 for recognizeCandidate:1b93038a-9cb7-4195-b587-6a0adf463fc7
datanode_3  | 2019-10-18 14:11:38,706 INFO impl.RaftServerImpl: 1b93038a-9cb7-4195-b587-6a0adf463fc7@group-B3A1CC956EDE: changes role from CANDIDATE to FOLLOWER at term 77 for DISCOVERED_A_NEW_TERM
datanode_2  | 2019-10-18 14:11:46,773 INFO impl.RoleInfo: 04529401-ed05-4fa3-bbcc-525d3b9b2160: shutdown FollowerState
datanode_1  | 2019-10-18 14:11:45,829 INFO impl.RoleInfo: 68446d27-9b07-4dc2-84df-6fdb39fbf972: shutdown FollowerState
datanode_3  | 2019-10-18 14:11:38,706 INFO impl.RoleInfo: 1b93038a-9cb7-4195-b587-6a0adf463fc7: shutdown LeaderElection
datanode_2  | 2019-10-18 14:11:46,773 INFO impl.FollowerState: 04529401-ed05-4fa3-bbcc-525d3b9b2160@group-B3A1CC956EDE-FollowerState was interrupted: java.lang.InterruptedException: sleep interrupted
datanode_1  | 2019-10-18 14:11:45,829 INFO impl.FollowerState: 68446d27-9b07-4dc2-84df-6fdb39fbf972@group-B3A1CC956EDE-FollowerState was interrupted: java.lang.InterruptedException: sleep interrupted
datanode_3  | 2019-10-18 14:11:38,706 INFO impl.RoleInfo: 1b93038a-9cb7-4195-b587-6a0adf463fc7: start FollowerState
datanode_2  | 2019-10-18 14:11:46,773 INFO impl.RoleInfo: 04529401-ed05-4fa3-bbcc-525d3b9b2160: start FollowerState
datanode_1  | 2019-10-18 14:11:45,829 INFO impl.RoleInfo: 68446d27-9b07-4dc2-84df-6fdb39fbf972: start FollowerState
datanode_3  | 2019-10-18 14:11:38,751 INFO impl.FollowerState: 1b93038a-9cb7-4195-b587-6a0adf463fc7@group-B3A1CC956EDE-FollowerState: change to CANDIDATE, lastRpcTime:45ms, electionTimeout:45ms
datanode_2  | 2019-10-18 14:11:46,921 INFO impl.RaftServerImpl: 04529401-ed05-4fa3-bbcc-525d3b9b2160@group-B3A1CC956EDE: changes role from  FOLLOWER to FOLLOWER at term 146 for recognizeCandidate:1b93038a-9cb7-4195-b587-6a0adf463fc7
datanode_1  | 2019-10-18 14:11:46,052 INFO impl.RaftServerImpl: 68446d27-9b07-4dc2-84df-6fdb39fbf972@group-B3A1CC956EDE: changes role from  FOLLOWER to FOLLOWER at term 138 for recognizeCandidate:1b93038a-9cb7-4195-b587-6a0adf463fc7
datanode_3  | 2019-10-18 14:11:38,751 INFO impl.RoleInfo: 1b93038a-9cb7-4195-b587-6a0adf463fc7: shutdown FollowerState
datanode_2  | 2019-10-18 14:11:46,921 INFO impl.RoleInfo: 04529401-ed05-4fa3-bbcc-525d3b9b2160: shutdown FollowerState
datanode_1  | 2019-10-18 14:11:46,052 INFO impl.RoleInfo: 68446d27-9b07-4dc2-84df-6fdb39fbf972: shutdown FollowerState
datanode_2  | 2019-10-18 14:11:46,922 INFO impl.RoleInfo: 04529401-ed05-4fa3-bbcc-525d3b9b2160: start FollowerState
datanode_1  | 2019-10-18 14:11:46,052 INFO impl.RoleInfo: 68446d27-9b07-4dc2-84df-6fdb39fbf972: start FollowerState
datanode_3  | 2019-10-18 14:11:38,751 INFO impl.RaftServerImpl: 1b93038a-9cb7-4195-b587-6a0adf463fc7@group-B3A1CC956EDE: changes role from  FOLLOWER to CANDIDATE at term 77 for changeToCandidate
datanode_2  | 2019-10-18 14:11:46,922 INFO impl.FollowerState: 04529401-ed05-4fa3-bbcc-525d3b9b2160@group-B3A1CC956EDE-FollowerState was interrupted: java.lang.InterruptedException: sleep interrupted
datanode_1  | 2019-10-18 14:11:46,052 INFO impl.FollowerState: 68446d27-9b07-4dc2-84df-6fdb39fbf972@group-B3A1CC956EDE-FollowerState was interrupted: java.lang.InterruptedException: sleep interrupted
datanode_3  | 2019-10-18 14:11:38,752 INFO impl.RoleInfo: 1b93038a-9cb7-4195-b587-6a0adf463fc7: start LeaderElection
datanode_2  | 2019-10-18 14:11:47,092 INFO impl.RaftServerImpl: 04529401-ed05-4fa3-bbcc-525d3b9b2160@group-B3A1CC956EDE: changes role from  FOLLOWER to FOLLOWER at term 147 for recognizeCandidate:1b93038a-9cb7-4195-b587-6a0adf463fc7
datanode_1  | 2019-10-18 14:11:46,268 INFO impl.RaftServerImpl: 68446d27-9b07-4dc2-84df-6fdb39fbf972@group-B3A1CC956EDE: changes role from  FOLLOWER to FOLLOWER at term 139 for recognizeCandidate:1b93038a-9cb7-4195-b587-6a0adf463fc7
datanode_3  | 2019-10-18 14:11:38,759 INFO impl.LeaderElection: 1b93038a-9cb7-4195-b587-6a0adf463fc7@group-B3A1CC956EDE-LeaderElection64: begin an election at term 78 for -1: [1b93038a-9cb7-4195-b587-6a0adf463fc7:172.18.0.6:9858, 04529401-ed05-4fa3-bbcc-525d3b9b2160:172.18.0.7:9858, 68446d27-9b07-4dc2-84df-6fdb39fbf972:172.18.0.4:9858], old=null
datanode_2  | 2019-10-18 14:11:47,093 INFO impl.RoleInfo: 04529401-ed05-4fa3-bbcc-525d3b9b2160: shutdown FollowerState
datanode_1  | 2019-10-18 14:11:46,268 INFO impl.RoleInfo: 68446d27-9b07-4dc2-84df-6fdb39fbf972: shutdown FollowerState
