datanode_2    | WARNING: Please consider reporting this to the maintainers of org.apache.ratis.thirdparty.com.google.protobuf.UnsafeUtil
om_1          | 2019-10-14 00:29:37,265 INFO db.DBStoreBuilder: Using default column profile:DBProfile.DISK for Table:bucketTable
datanode_1    | 2019-10-14 00:29:44,674 INFO server.RaftServerConfigKeys: raft.server.rpc.timeout.min = 5s (custom)
scm_1         | 2019-10-14 00:29:33,556 INFO hdfs.DFSUtil: Starting Web-server for scm at: http://0.0.0.0:9876
grafana_1     | t=2019-10-14T00:29:28+0000 lvl=info msg="Executing migration" logger=migrator id="create org table v1"
datanode_3    | WARNING: All illegal access operations will be denied in a future release
datanode_2    | WARNING: Use --illegal-access=warn to enable warnings of further illegal reflective access operations
om_1          | 2019-10-14 00:29:37,265 INFO db.DBStoreBuilder: using custom profile for table: keyTable
datanode_1    | 2019-10-14 00:29:44,676 INFO server.RaftServerConfigKeys: raft.server.rpc.timeout.max = 5200ms (custom)
scm_1         | 2019-10-14 00:29:33,746 INFO server.AuthenticationFilter: Unable to initialize FileSignerSecretProvider, falling back to use random secrets.
grafana_1     | t=2019-10-14T00:29:28+0000 lvl=info msg="Executing migration" logger=migrator id="create index UQE_org_name - v1"
datanode_3    | 2019-10-14 00:29:45,336 INFO impl.RaftServerProxy: e5925cfe-f258-4298-975e-8412b09b6260: addNew group-0E38B06B47AB:[e5925cfe-f258-4298-975e-8412b09b6260:172.18.0.9:9858] returns group-0E38B06B47AB:java.util.concurrent.CompletableFuture@7f573f63[Not completed]
datanode_2    | WARNING: All illegal access operations will be denied in a future release
om_1          | 2019-10-14 00:29:37,265 INFO db.DBStoreBuilder: Using default column profile:DBProfile.DISK for Table:keyTable
datanode_1    | 2019-10-14 00:29:44,676 INFO server.RaftServerConfigKeys: raft.server.rpcslowness.timeout = 120s (custom)
scm_1         | 2019-10-14 00:29:33,760 INFO http.HttpRequestLog: Http request log for http.requests.scm is not defined
grafana_1     | t=2019-10-14T00:29:28+0000 lvl=info msg="Executing migration" logger=migrator id="create org_user table v1"
datanode_3    | 2019-10-14 00:29:45,355 INFO impl.RaftServerImpl: e5925cfe-f258-4298-975e-8412b09b6260: new RaftServerImpl for group-0E38B06B47AB:[e5925cfe-f258-4298-975e-8412b09b6260:172.18.0.9:9858] with ContainerStateMachine:uninitialized
datanode_2    | 2019-10-14 00:29:38,267 INFO impl.RaftServerProxy: 40e6f85d-cfb3-418a-8ebf-176020609be6: addNew group-9FFA9E5518A8:[40e6f85d-cfb3-418a-8ebf-176020609be6:172.18.0.11:9858] returns group-9FFA9E5518A8:java.util.concurrent.CompletableFuture@5a5dd3d9[Not completed]
om_1          | 2019-10-14 00:29:37,265 INFO db.DBStoreBuilder: using custom profile for table: deletedTable
datanode_1    | 2019-10-14 00:29:44,677 INFO server.RaftServerConfigKeys: raft.server.sleep.deviation.threshold = 300 (default)
scm_1         | 2019-10-14 00:29:33,768 INFO http.HttpServer2: Added global filter 'safety' (class=org.apache.hadoop.http.HttpServer2$QuotingInputFilter)
grafana_1     | t=2019-10-14T00:29:28+0000 lvl=info msg="Executing migration" logger=migrator id="create index IDX_org_user_org_id - v1"
datanode_3    | 2019-10-14 00:29:45,357 INFO server.RaftServerConfigKeys: raft.server.rpc.timeout.min = 5s (custom)
datanode_2    | 2019-10-14 00:29:38,288 INFO impl.RaftServerImpl: 40e6f85d-cfb3-418a-8ebf-176020609be6: new RaftServerImpl for group-9FFA9E5518A8:[40e6f85d-cfb3-418a-8ebf-176020609be6:172.18.0.11:9858] with ContainerStateMachine:uninitialized
om_1          | 2019-10-14 00:29:37,265 INFO db.DBStoreBuilder: Using default column profile:DBProfile.DISK for Table:deletedTable
datanode_1    | 2019-10-14 00:29:44,678 INFO server.RaftServerConfigKeys: raft.server.log.appender.install.snapshot.enabled = false (custom)
scm_1         | 2019-10-14 00:29:33,769 INFO http.HttpServer2: Added filter static_user_filter (class=org.apache.hadoop.http.lib.StaticUserWebFilter$StaticUserFilter) to context scm
grafana_1     | t=2019-10-14T00:29:28+0000 lvl=info msg="Executing migration" logger=migrator id="create index UQE_org_user_org_id_user_id - v1"
datanode_3    | 2019-10-14 00:29:45,357 INFO server.RaftServerConfigKeys: raft.server.rpc.timeout.max = 5200ms (custom)
datanode_2    | 2019-10-14 00:29:38,290 INFO server.RaftServerConfigKeys: raft.server.rpc.timeout.min = 5s (custom)
om_1          | 2019-10-14 00:29:37,265 INFO db.DBStoreBuilder: using custom profile for table: openKeyTable
scm_1         | 2019-10-14 00:29:33,769 INFO http.HttpServer2: Added filter static_user_filter (class=org.apache.hadoop.http.lib.StaticUserWebFilter$StaticUserFilter) to context logs
datanode_1    | 2019-10-14 00:29:44,689 INFO impl.RaftServerImpl: a017b811-1684-41b1-afd9-6543c33dc507@group-F5150011B220: ConfigurationManager, init=-1: [a017b811-1684-41b1-afd9-6543c33dc507:172.18.0.10:9858], old=null, confs=<EMPTY_MAP>
grafana_1     | t=2019-10-14T00:29:28+0000 lvl=info msg="Executing migration" logger=migrator id="Update org table charset"
datanode_3    | 2019-10-14 00:29:45,358 INFO server.RaftServerConfigKeys: raft.server.rpcslowness.timeout = 120s (custom)
datanode_2    | 2019-10-14 00:29:38,291 INFO server.RaftServerConfigKeys: raft.server.rpc.timeout.max = 5200ms (custom)
scm_1         | 2019-10-14 00:29:33,770 INFO http.HttpServer2: Added filter static_user_filter (class=org.apache.hadoop.http.lib.StaticUserWebFilter$StaticUserFilter) to context static
datanode_1    | 2019-10-14 00:29:44,689 INFO server.RaftServerConfigKeys: raft.server.storage.dir = [/data/metadata/ratis] (custom)
grafana_1     | t=2019-10-14T00:29:28+0000 lvl=info msg="Executing migration" logger=migrator id="Update org_user table charset"
datanode_3    | 2019-10-14 00:29:45,358 INFO server.RaftServerConfigKeys: raft.server.sleep.deviation.threshold = 300 (default)
datanode_2    | 2019-10-14 00:29:38,291 INFO server.RaftServerConfigKeys: raft.server.rpcslowness.timeout = 120s (custom)
scm_1         | 2019-10-14 00:29:33,787 WARN server.BaseHttpServer: /prof java profiling servlet is activated. Not safe for production!
datanode_1    | 2019-10-14 00:29:44,695 INFO server.RaftServerConfigKeys: raft.server.log.corruption.policy = EXCEPTION (default)
om_1          | 2019-10-14 00:29:37,265 INFO db.DBStoreBuilder: Using default column profile:DBProfile.DISK for Table:openKeyTable
om_1          | 2019-10-14 00:29:37,266 INFO db.DBStoreBuilder: using custom profile for table: s3Table
datanode_3    | 2019-10-14 00:29:45,359 INFO server.RaftServerConfigKeys: raft.server.log.appender.install.snapshot.enabled = false (custom)
datanode_2    | 2019-10-14 00:29:38,292 INFO server.RaftServerConfigKeys: raft.server.sleep.deviation.threshold = 300 (default)
scm_1         | 2019-10-14 00:29:33,794 INFO server.StorageContainerManager: StorageContainerLocationProtocol RPC server is listening at /0.0.0.0:9860
datanode_1    | 2019-10-14 00:29:44,696 INFO storage.RaftStorageDirectory: The storage directory /data/metadata/ratis/9ff2e25d-117f-45a8-9d3e-f5150011b220 does not exist. Creating ...
om_1          | 2019-10-14 00:29:37,266 INFO db.DBStoreBuilder: Using default column profile:DBProfile.DISK for Table:s3Table
grafana_1     | t=2019-10-14T00:29:28+0000 lvl=info msg="Executing migration" logger=migrator id="Migrate all Read Only Viewers to Viewers"
datanode_3    | 2019-10-14 00:29:45,367 INFO impl.RaftServerImpl: e5925cfe-f258-4298-975e-8412b09b6260@group-0E38B06B47AB: ConfigurationManager, init=-1: [e5925cfe-f258-4298-975e-8412b09b6260:172.18.0.9:9858], old=null, confs=<EMPTY_MAP>
datanode_2    | 2019-10-14 00:29:38,293 INFO server.RaftServerConfigKeys: raft.server.log.appender.install.snapshot.enabled = false (custom)
scm_1         | 2019-10-14 00:29:33,870 INFO impl.MetricsConfig: Loaded properties from hadoop-metrics2.properties
datanode_1    | 2019-10-14 00:29:44,707 INFO storage.RaftStorageDirectory: Lock on /data/metadata/ratis/9ff2e25d-117f-45a8-9d3e-f5150011b220/in_use.lock acquired by nodename 7@c3ddd5556c26
om_1          | 2019-10-14 00:29:37,266 INFO db.DBStoreBuilder: using custom profile for table: multipartInfoTable
grafana_1     | t=2019-10-14T00:29:28+0000 lvl=info msg="Executing migration" logger=migrator id="create dashboard table"
datanode_3    | 2019-10-14 00:29:45,367 INFO server.RaftServerConfigKeys: raft.server.storage.dir = [/data/metadata/ratis] (custom)
datanode_2    | 2019-10-14 00:29:38,331 INFO impl.RaftServerImpl: 40e6f85d-cfb3-418a-8ebf-176020609be6@group-9FFA9E5518A8: ConfigurationManager, init=-1: [40e6f85d-cfb3-418a-8ebf-176020609be6:172.18.0.11:9858], old=null, confs=<EMPTY_MAP>
scm_1         | 2019-10-14 00:29:33,905 INFO impl.MetricsSystemImpl: Scheduled Metric snapshot period at 10 second(s).
om_1          | 2019-10-14 00:29:37,266 INFO db.DBStoreBuilder: Using default column profile:DBProfile.DISK for Table:multipartInfoTable
datanode_3    | 2019-10-14 00:29:45,372 INFO server.RaftServerConfigKeys: raft.server.log.corruption.policy = EXCEPTION (default)
grafana_1     | t=2019-10-14T00:29:28+0000 lvl=info msg="Executing migration" logger=migrator id="add index dashboard.account_id"
datanode_2    | 2019-10-14 00:29:38,332 INFO server.RaftServerConfigKeys: raft.server.storage.dir = [/data/metadata/ratis] (custom)
scm_1         | 2019-10-14 00:29:33,906 INFO impl.MetricsSystemImpl: StorageContainerManager metrics system started
om_1          | 2019-10-14 00:29:37,266 INFO db.DBStoreBuilder: using custom profile for table: dTokenTable
datanode_1    | 2019-10-14 00:29:44,715 INFO storage.RaftStorage: Storage directory /data/metadata/ratis/9ff2e25d-117f-45a8-9d3e-f5150011b220 has been successfully formatted.
datanode_3    | 2019-10-14 00:29:45,374 INFO storage.RaftStorageDirectory: The storage directory /data/metadata/ratis/ede7ece4-9710-42fc-bfe2-0e38b06b47ab does not exist. Creating ...
grafana_1     | t=2019-10-14T00:29:28+0000 lvl=info msg="Executing migration" logger=migrator id="add unique index dashboard_account_id_slug"
scm_1         | 2019-10-14 00:29:34,105 INFO server.SCMClientProtocolServer: RPC server for Client  is listening at /0.0.0.0:9860
datanode_2    | 2019-10-14 00:29:38,338 INFO server.RaftServerConfigKeys: raft.server.log.corruption.policy = EXCEPTION (default)
om_1          | 2019-10-14 00:29:37,266 INFO db.DBStoreBuilder: Using default column profile:DBProfile.DISK for Table:dTokenTable
datanode_3    | 2019-10-14 00:29:45,388 INFO storage.RaftStorageDirectory: Lock on /data/metadata/ratis/ede7ece4-9710-42fc-bfe2-0e38b06b47ab/in_use.lock acquired by nodename 7@54a10e0182f4
grafana_1     | t=2019-10-14T00:29:28+0000 lvl=info msg="Executing migration" logger=migrator id="create dashboard_tag table"
scm_1         | 2019-10-14 00:29:34,105 INFO ipc.Server: IPC Server Responder: starting
datanode_2    | 2019-10-14 00:29:38,339 INFO storage.RaftStorageDirectory: The storage directory /data/metadata/ratis/8e4f94cc-6eda-44e4-9c50-9ffa9e5518a8 does not exist. Creating ...
datanode_1    | 2019-10-14 00:29:44,719 [pool-8-thread-1] INFO       - group-F5150011B220: The snapshot info is null. Setting the last applied indexto:(t:0, i:~)
om_1          | 2019-10-14 00:29:37,266 INFO db.DBStoreBuilder: using custom profile for table: s3SecretTable
grafana_1     | t=2019-10-14T00:29:28+0000 lvl=info msg="Executing migration" logger=migrator id="add unique index dashboard_tag.dasboard_id_term"
scm_1         | 2019-10-14 00:29:34,106 INFO ipc.Server: IPC Server listener on 9860: starting
datanode_3    | 2019-10-14 00:29:45,397 INFO storage.RaftStorage: Storage directory /data/metadata/ratis/ede7ece4-9710-42fc-bfe2-0e38b06b47ab has been successfully formatted.
datanode_1    | 2019-10-14 00:29:44,719 INFO server.RaftServerConfigKeys: raft.server.notification.no-leader.timeout = 120s (custom)
om_1          | 2019-10-14 00:29:37,266 INFO db.DBStoreBuilder: Using default column profile:DBProfile.DISK for Table:s3SecretTable
datanode_2    | 2019-10-14 00:29:40,780 INFO impl.RaftServerProxy: 40e6f85d-cfb3-418a-8ebf-176020609be6: addNew group-A320CAAA5969:[40e6f85d-cfb3-418a-8ebf-176020609be6:172.18.0.11:9858] returns group-A320CAAA5969:java.util.concurrent.CompletableFuture@2cac15ea[Not completed]
grafana_1     | t=2019-10-14T00:29:28+0000 lvl=info msg="Executing migration" logger=migrator id="drop index UQE_dashboard_tag_dashboard_id_term - v1"
scm_1         | 2019-10-14 00:29:34,108 INFO server.StorageContainerManager: ScmBlockLocationProtocol RPC server is listening at /0.0.0.0:9863
datanode_3    | 2019-10-14 00:29:45,401 [pool-8-thread-1] INFO       - group-0E38B06B47AB: The snapshot info is null. Setting the last applied indexto:(t:0, i:~)
datanode_1    | 2019-10-14 00:29:44,721 INFO server.RaftServerConfigKeys: raft.server.log.use.memory = false (default)
om_1          | 2019-10-14 00:29:37,266 INFO db.DBStoreBuilder: using custom profile for table: prefixTable
datanode_2    | 2019-10-14 00:29:43,828 INFO storage.RaftStorageDirectory: Lock on /data/metadata/ratis/8e4f94cc-6eda-44e4-9c50-9ffa9e5518a8/in_use.lock acquired by nodename 7@f94714d6fa99
scm_1         | 2019-10-14 00:29:34,109 INFO server.SCMBlockProtocolServer: RPC server for Block Protocol is listening at /0.0.0.0:9863
grafana_1     | t=2019-10-14T00:29:28+0000 lvl=info msg="Executing migration" logger=migrator id="Rename table dashboard to dashboard_v1 - v1"
datanode_1    | 2019-10-14 00:29:44,725 INFO server.RaftServerConfigKeys: raft.server.log.purge.gap = 1000000 (custom)
datanode_3    | 2019-10-14 00:29:45,401 INFO server.RaftServerConfigKeys: raft.server.notification.no-leader.timeout = 120s (custom)
om_1          | 2019-10-14 00:29:37,266 INFO db.DBStoreBuilder: Using default column profile:DBProfile.DISK for Table:prefixTable
datanode_2    | 2019-10-14 00:29:44,080 INFO storage.RaftStorage: Storage directory /data/metadata/ratis/8e4f94cc-6eda-44e4-9c50-9ffa9e5518a8 has been successfully formatted.
scm_1         | 2019-10-14 00:29:34,109 INFO ipc.Server: IPC Server Responder: starting
grafana_1     | t=2019-10-14T00:29:28+0000 lvl=info msg="Executing migration" logger=migrator id="create dashboard v2"
datanode_1    | 2019-10-14 00:29:44,725 INFO server.RaftServerConfigKeys: raft.server.log.appender.buffer.byte-limit = 33554432 (custom)
datanode_3    | 2019-10-14 00:29:45,404 INFO server.RaftServerConfigKeys: raft.server.log.use.memory = false (default)
datanode_3    | 2019-10-14 00:29:45,409 INFO server.RaftServerConfigKeys: raft.server.log.purge.gap = 1000000 (custom)
datanode_2    | 2019-10-14 00:29:44,086 [pool-8-thread-1] INFO       - group-9FFA9E5518A8: The snapshot info is null. Setting the last applied indexto:(t:0, i:~)
scm_1         | 2019-10-14 00:29:34,109 INFO ipc.Server: IPC Server listener on 9863: starting
grafana_1     | t=2019-10-14T00:29:28+0000 lvl=info msg="Executing migration" logger=migrator id="create index IDX_dashboard_org_id - v2"
datanode_1    | 2019-10-14 00:29:44,727 INFO server.RaftServerConfigKeys: raft.server.log.segment.size.max = 1048576 (custom)
om_1          | 2019-10-14 00:29:37,276 INFO db.DBStoreBuilder: using custom profile for table: default
datanode_3    | 2019-10-14 00:29:45,409 INFO server.RaftServerConfigKeys: raft.server.log.appender.buffer.byte-limit = 33554432 (custom)
datanode_2    | 2019-10-14 00:29:44,087 INFO server.RaftServerConfigKeys: raft.server.notification.no-leader.timeout = 120s (custom)
scm_1         | 2019-10-14 00:29:34,111 INFO server.StorageContainerManager: ScmDatanodeProtocl RPC server is listening at /0.0.0.0:9861
datanode_1    | 2019-10-14 00:29:44,728 WARN impl.MetricsSystemImpl: HddsDatanode metrics system already initialized!
om_1          | 2019-10-14 00:29:37,276 INFO db.DBStoreBuilder: Using default column profile:DBProfile.DISK for Table:default
datanode_3    | 2019-10-14 00:29:45,411 INFO server.RaftServerConfigKeys: raft.server.log.segment.size.max = 1048576 (custom)
datanode_2    | 2019-10-14 00:29:44,090 INFO server.RaftServerConfigKeys: raft.server.log.use.memory = false (default)
datanode_1    | 2019-10-14 00:29:44,734 INFO metrics.MetricRegistries: Loaded MetricRegistries class org.apache.ratis.metrics.impl.MetricRegistriesImpl
datanode_3    | 2019-10-14 00:29:45,413 WARN impl.MetricsSystemImpl: HddsDatanode metrics system already initialized!
grafana_1     | t=2019-10-14T00:29:28+0000 lvl=info msg="Executing migration" logger=migrator id="create index UQE_dashboard_org_id_slug - v2"
om_1          | 2019-10-14 00:29:37,277 INFO db.DBStoreBuilder: Using default options. DBProfile.DISK
scm_1         | 2019-10-14 00:29:34,112 INFO server.SCMDatanodeProtocolServer: RPC server for DataNodes is listening at /0.0.0.0:9861
datanode_2    | 2019-10-14 00:29:44,097 INFO server.RaftServerConfigKeys: raft.server.log.purge.gap = 1000000 (custom)
datanode_3    | 2019-10-14 00:29:45,418 INFO metrics.MetricRegistries: Loaded MetricRegistries class org.apache.ratis.metrics.impl.MetricRegistriesImpl
grafana_1     | t=2019-10-14T00:29:28+0000 lvl=info msg="Executing migration" logger=migrator id="copy dashboard v1 to v2"
datanode_1    | 2019-10-14 00:29:44,770 INFO server.RaftServerConfigKeys: raft.server.log.segment.cache.num.max = 2 (custom)
om_1          | 2019-10-14 00:29:44,434 INFO ipc.CallQueueManager: Using callQueue: class java.util.concurrent.LinkedBlockingQueue, queueCapacity: 2000, scheduler: class org.apache.hadoop.ipc.DefaultRpcScheduler, ipcBackoff: false.
scm_1         | 2019-10-14 00:29:34,113 INFO ipc.Server: IPC Server Responder: starting
datanode_2    | 2019-10-14 00:29:44,098 INFO server.RaftServerConfigKeys: raft.server.log.appender.buffer.byte-limit = 33554432 (custom)
datanode_3    | 2019-10-14 00:29:45,454 INFO server.RaftServerConfigKeys: raft.server.log.segment.cache.num.max = 2 (custom)
grafana_1     | t=2019-10-14T00:29:28+0000 lvl=info msg="Executing migration" logger=migrator id="drop table dashboard_v1"
datanode_1    | 2019-10-14 00:29:44,775 INFO segmented.SegmentedRaftLogWorker: new a017b811-1684-41b1-afd9-6543c33dc507@group-F5150011B220-SegmentedRaftLogWorker for RaftStorage:Storage Directory /data/metadata/ratis/9ff2e25d-117f-45a8-9d3e-f5150011b220
scm_1         | 2019-10-14 00:29:34,113 INFO ipc.Server: IPC Server listener on 9861: starting
om_1          | 2019-10-14 00:29:44,444 INFO ipc.Server: Starting Socket Reader #1 for port 9862
datanode_2    | 2019-10-14 00:29:44,101 INFO server.RaftServerConfigKeys: raft.server.log.segment.size.max = 1048576 (custom)
datanode_3    | 2019-10-14 00:29:45,459 INFO segmented.SegmentedRaftLogWorker: new e5925cfe-f258-4298-975e-8412b09b6260@group-0E38B06B47AB-SegmentedRaftLogWorker for RaftStorage:Storage Directory /data/metadata/ratis/ede7ece4-9710-42fc-bfe2-0e38b06b47ab
grafana_1     | t=2019-10-14T00:29:28+0000 lvl=info msg="Executing migration" logger=migrator id="alter dashboard.data to mediumtext v1"
scm_1         | 2019-10-14 00:29:34,118 INFO http.HttpServer2: Jetty bound to port 9876
datanode_1    | 2019-10-14 00:29:44,775 INFO server.RaftServerConfigKeys: raft.server.log.queue.byte-limit = 2147483647 (custom)
om_1          | 2019-10-14 00:29:44,479 [main] INFO       - OzoneManager RPC server is listening at om/172.18.0.5:9862
datanode_2    | 2019-10-14 00:29:44,103 WARN impl.MetricsSystemImpl: HddsDatanode metrics system already initialized!
datanode_3    | 2019-10-14 00:29:45,459 INFO server.RaftServerConfigKeys: raft.server.log.queue.byte-limit = 2147483647 (custom)
grafana_1     | t=2019-10-14T00:29:28+0000 lvl=info msg="Executing migration" logger=migrator id="Add column updated_by in dashboard - v2"
scm_1         | 2019-10-14 00:29:34,119 INFO server.Server: jetty-9.3.25.v20180904, build timestamp: 2018-09-04T21:11:46Z, git hash: 3ce520221d0240229c862b122d2b06c12a625732
datanode_1    | 2019-10-14 00:29:44,775 INFO server.RaftServerConfigKeys: raft.server.log.queue.element-limit = 1024 (custom)
om_1          | 2019-10-14 00:29:44,579 INFO impl.MetricsConfig: Loaded properties from hadoop-metrics2.properties
datanode_2    | 2019-10-14 00:29:44,109 INFO metrics.MetricRegistries: Loaded MetricRegistries class org.apache.ratis.metrics.impl.MetricRegistriesImpl
datanode_3    | 2019-10-14 00:29:45,460 INFO server.RaftServerConfigKeys: raft.server.log.queue.element-limit = 1024 (custom)
grafana_1     | t=2019-10-14T00:29:28+0000 lvl=info msg="Executing migration" logger=migrator id="Add column created_by in dashboard - v2"
scm_1         | 2019-10-14 00:29:34,153 INFO handler.ContextHandler: Started o.e.j.s.ServletContextHandler@6a9950f1{/logs,file:///var/log/hadoop/,AVAILABLE}
datanode_1    | 2019-10-14 00:29:44,776 INFO server.RaftServerConfigKeys: raft.server.log.segment.size.max = 1048576 (custom)
om_1          | 2019-10-14 00:29:44,648 INFO impl.MetricsSystemImpl: Scheduled Metric snapshot period at 10 second(s).
datanode_3    | 2019-10-14 00:29:45,461 INFO server.RaftServerConfigKeys: raft.server.log.segment.size.max = 1048576 (custom)
datanode_2    | 2019-10-14 00:29:44,149 INFO server.RaftServerConfigKeys: raft.server.log.segment.cache.num.max = 2 (custom)
grafana_1     | t=2019-10-14T00:29:28+0000 lvl=info msg="Executing migration" logger=migrator id="Add column gnetId in dashboard"
scm_1         | 2019-10-14 00:29:34,154 INFO handler.ContextHandler: Started o.e.j.s.ServletContextHandler@365553de{/static,jar:file:/opt/hadoop/share/ozone/lib/hadoop-hdds-server-scm-0.5.0-SNAPSHOT.jar!/webapps/static,AVAILABLE}
datanode_1    | 2019-10-14 00:29:44,777 INFO server.RaftServerConfigKeys: raft.server.log.preallocated.size = 16384 (custom)
om_1          | 2019-10-14 00:29:44,648 INFO impl.MetricsSystemImpl: OzoneManager metrics system started
datanode_2    | 2019-10-14 00:29:44,155 INFO segmented.SegmentedRaftLogWorker: new 40e6f85d-cfb3-418a-8ebf-176020609be6@group-9FFA9E5518A8-SegmentedRaftLogWorker for RaftStorage:Storage Directory /data/metadata/ratis/8e4f94cc-6eda-44e4-9c50-9ffa9e5518a8
datanode_3    | 2019-10-14 00:29:45,461 INFO server.RaftServerConfigKeys: raft.server.log.preallocated.size = 16384 (custom)
grafana_1     | t=2019-10-14T00:29:28+0000 lvl=info msg="Executing migration" logger=migrator id="Add index for gnetId in dashboard"
scm_1         | 2019-10-14 00:29:34,228 INFO handler.ContextHandler: Started o.e.j.w.WebAppContext@6a472566{/,file:///tmp/jetty-0.0.0.0-9876-scm-_-any-1803901684544253992.dir/webapp/,AVAILABLE}{/scm}
datanode_1    | 2019-10-14 00:29:44,777 INFO server.RaftServerConfigKeys: raft.server.log.write.buffer.size = 33554432 (custom)
datanode_2    | 2019-10-14 00:29:44,155 INFO server.RaftServerConfigKeys: raft.server.log.queue.byte-limit = 2147483647 (custom)
datanode_3    | 2019-10-14 00:29:45,461 INFO server.RaftServerConfigKeys: raft.server.log.write.buffer.size = 33554432 (custom)
om_1          | 2019-10-14 00:29:44,690 INFO ipc.Server: IPC Server Responder: starting
grafana_1     | t=2019-10-14T00:29:28+0000 lvl=info msg="Executing migration" logger=migrator id="Add column plugin_id in dashboard"
scm_1         | 2019-10-14 00:29:34,236 INFO server.AbstractConnector: Started ServerConnector@235358b7{HTTP/1.1,[http/1.1]}{0.0.0.0:9876}
datanode_1    | 2019-10-14 00:29:44,778 INFO server.RaftServerConfigKeys: raft.server.log.force.sync.num = 128 (default)
datanode_3    | 2019-10-14 00:29:45,462 INFO server.RaftServerConfigKeys: raft.server.log.force.sync.num = 128 (default)
datanode_2    | 2019-10-14 00:29:44,156 INFO server.RaftServerConfigKeys: raft.server.log.queue.element-limit = 1024 (custom)
om_1          | 2019-10-14 00:29:44,690 INFO ipc.Server: IPC Server listener on 9862: starting
grafana_1     | t=2019-10-14T00:29:28+0000 lvl=info msg="Executing migration" logger=migrator id="Add index for plugin_id in dashboard"
datanode_1    | 2019-10-14 00:29:44,778 INFO server.RaftServerConfigKeys: raft.server.log.statemachine.data.sync = true (default)
scm_1         | 2019-10-14 00:29:34,237 INFO server.Server: Started @3164ms
datanode_3    | 2019-10-14 00:29:45,462 INFO server.RaftServerConfigKeys: raft.server.log.statemachine.data.sync = true (default)
datanode_2    | 2019-10-14 00:29:44,157 INFO server.RaftServerConfigKeys: raft.server.log.segment.size.max = 1048576 (custom)
om_1          | 2019-10-14 00:29:44,717 INFO hdfs.DFSUtil: Starting Web-server for ozoneManager at: http://0.0.0.0:9874
grafana_1     | t=2019-10-14T00:29:28+0000 lvl=info msg="Executing migration" logger=migrator id="Add index for dashboard_id in dashboard_tag"
datanode_1    | 2019-10-14 00:29:44,779 INFO server.RaftServerConfigKeys: raft.server.log.statemachine.data.sync.timeout = 10s (default)
scm_1         | 2019-10-14 00:29:34,240 INFO impl.MetricsSinkAdapter: Sink prometheus started
om_1          | 2019-10-14 00:29:44,854 INFO server.AuthenticationFilter: Unable to initialize FileSignerSecretProvider, falling back to use random secrets.
datanode_3    | 2019-10-14 00:29:45,462 INFO server.RaftServerConfigKeys: raft.server.log.statemachine.data.sync.timeout = 10s (default)
datanode_2    | 2019-10-14 00:29:44,157 INFO server.RaftServerConfigKeys: raft.server.log.preallocated.size = 16384 (custom)
grafana_1     | t=2019-10-14T00:29:28+0000 lvl=info msg="Executing migration" logger=migrator id="Update dashboard table charset"
datanode_1    | 2019-10-14 00:29:44,779 INFO server.RaftServerConfigKeys: raft.server.log.statemachine.data.sync.timeout.retry = -1 (default)
scm_1         | 2019-10-14 00:29:34,240 INFO impl.MetricsSystemImpl: Registered sink prometheus
om_1          | 2019-10-14 00:29:44,858 INFO http.HttpRequestLog: Http request log for http.requests.ozoneManager is not defined
datanode_3    | 2019-10-14 00:29:45,463 INFO server.RaftServerConfigKeys: raft.server.log.statemachine.data.sync.timeout.retry = -1 (default)
datanode_2    | 2019-10-14 00:29:44,158 INFO server.RaftServerConfigKeys: raft.server.log.write.buffer.size = 33554432 (custom)
grafana_1     | t=2019-10-14T00:29:28+0000 lvl=info msg="Executing migration" logger=migrator id="Update dashboard_tag table charset"
datanode_1    | 2019-10-14 00:29:44,788 INFO server.RaftServerConfigKeys: raft.server.log.statemachine.data.caching.enabled = true (custom)
scm_1         | 2019-10-14 00:29:34,242 INFO server.BaseHttpServer: HTTP server of SCM is listening at http://0.0.0.0:9876
om_1          | 2019-10-14 00:29:44,866 INFO http.HttpServer2: Added global filter 'safety' (class=org.apache.hadoop.http.HttpServer2$QuotingInputFilter)
datanode_3    | 2019-10-14 00:29:45,471 INFO server.RaftServerConfigKeys: raft.server.log.statemachine.data.caching.enabled = true (custom)
datanode_2    | 2019-10-14 00:29:44,158 INFO server.RaftServerConfigKeys: raft.server.log.force.sync.num = 128 (default)
datanode_1    | 2019-10-14 00:29:44,793 INFO segmented.SegmentedRaftLogWorker: a017b811-1684-41b1-afd9-6543c33dc507@group-F5150011B220-SegmentedRaftLogWorker: flushIndex: setUnconditionally 0 -> -1
grafana_1     | t=2019-10-14T00:29:28+0000 lvl=info msg="Executing migration" logger=migrator id="Add column folder_id in dashboard"
datanode_3    | 2019-10-14 00:29:45,475 INFO segmented.SegmentedRaftLogWorker: e5925cfe-f258-4298-975e-8412b09b6260@group-0E38B06B47AB-SegmentedRaftLogWorker: flushIndex: setUnconditionally 0 -> -1
om_1          | 2019-10-14 00:29:44,868 INFO http.HttpServer2: Added filter static_user_filter (class=org.apache.hadoop.http.lib.StaticUserWebFilter$StaticUserFilter) to context ozoneManager
scm_1         | 2019-10-14 00:29:34,253 INFO util.JvmPauseMonitor: Starting JVM pause monitor
datanode_2    | 2019-10-14 00:29:44,159 INFO server.RaftServerConfigKeys: raft.server.log.statemachine.data.sync = true (default)
datanode_1    | 2019-10-14 00:29:44,798 INFO server.RaftServerConfigKeys: raft.server.snapshot.auto.trigger.enabled = true (custom)
grafana_1     | t=2019-10-14T00:29:28+0000 lvl=info msg="Executing migration" logger=migrator id="Add column isFolder in dashboard"
datanode_3    | 2019-10-14 00:29:45,478 INFO server.RaftServerConfigKeys: raft.server.snapshot.auto.trigger.enabled = true (custom)
om_1          | 2019-10-14 00:29:44,868 INFO http.HttpServer2: Added filter static_user_filter (class=org.apache.hadoop.http.lib.StaticUserWebFilter$StaticUserFilter) to context logs
scm_1         | 2019-10-14 00:29:37,285 INFO net.NetworkTopology: Added a new node: /default-rack/40e6f85d-cfb3-418a-8ebf-176020609be6
datanode_2    | 2019-10-14 00:29:44,159 INFO server.RaftServerConfigKeys: raft.server.log.statemachine.data.sync.timeout = 10s (default)
datanode_1    | 2019-10-14 00:29:44,798 INFO server.RaftServerConfigKeys: raft.server.snapshot.auto.trigger.threshold = 10000 (custom)
grafana_1     | t=2019-10-14T00:29:28+0000 lvl=info msg="Executing migration" logger=migrator id="Add column has_acl in dashboard"
datanode_3    | 2019-10-14 00:29:45,479 INFO server.RaftServerConfigKeys: raft.server.snapshot.auto.trigger.threshold = 10000 (custom)
om_1          | 2019-10-14 00:29:44,868 INFO http.HttpServer2: Added filter static_user_filter (class=org.apache.hadoop.http.lib.StaticUserWebFilter$StaticUserFilter) to context static
scm_1         | 2019-10-14 00:29:37,286 INFO node.SCMNodeManager: Registered Data node : 40e6f85d-cfb3-418a-8ebf-176020609be6{ip: 172.18.0.11, host: ozoneperf_datanode_2.ozoneperf_default, networkLocation: /default-rack, certSerialId: null}
datanode_2    | 2019-10-14 00:29:44,160 INFO server.RaftServerConfigKeys: raft.server.log.statemachine.data.sync.timeout.retry = -1 (default)
datanode_1    | 2019-10-14 00:29:44,799 INFO server.RaftServerConfigKeys: raft.server.snapshot.retention.file.num = 5 (custom)
grafana_1     | t=2019-10-14T00:29:28+0000 lvl=info msg="Executing migration" logger=migrator id="Add column uid in dashboard"
datanode_3    | 2019-10-14 00:29:45,479 INFO server.RaftServerConfigKeys: raft.server.snapshot.retention.file.num = 5 (custom)
om_1          | 2019-10-14 00:29:44,889 WARN server.BaseHttpServer: /prof java profiling servlet is activated. Not safe for production!
scm_1         | 2019-10-14 00:29:37,293 INFO safemode.SCMSafeModeManager: SCM in safe mode. 1 DataNodes registered, 1 required.
datanode_1    | 2019-10-14 00:29:44,800 INFO server.RaftServerConfigKeys: raft.server.retrycache.expirytime = 600000ms (custom)
datanode_2    | 2019-10-14 00:29:44,172 INFO server.RaftServerConfigKeys: raft.server.log.statemachine.data.caching.enabled = true (custom)
grafana_1     | t=2019-10-14T00:29:28+0000 lvl=info msg="Executing migration" logger=migrator id="Update uid column values in dashboard"
datanode_3    | 2019-10-14 00:29:45,480 INFO server.RaftServerConfigKeys: raft.server.retrycache.expirytime = 600000ms (custom)
om_1          | 2019-10-14 00:29:44,891 INFO http.HttpServer2: Jetty bound to port 9874
scm_1         | 2019-10-14 00:29:37,293 INFO safemode.SCMSafeModeManager: ScmSafeModeManager, all rules are successfully validated
datanode_1    | 2019-10-14 00:29:44,828 INFO impl.RaftServerImpl: a017b811-1684-41b1-afd9-6543c33dc507@group-F5150011B220: start as a follower, conf=-1: [a017b811-1684-41b1-afd9-6543c33dc507:172.18.0.10:9858], old=null
datanode_2    | 2019-10-14 00:29:44,178 INFO segmented.SegmentedRaftLogWorker: 40e6f85d-cfb3-418a-8ebf-176020609be6@group-9FFA9E5518A8-SegmentedRaftLogWorker: flushIndex: setUnconditionally 0 -> -1
grafana_1     | t=2019-10-14T00:29:28+0000 lvl=info msg="Executing migration" logger=migrator id="Add unique index dashboard_org_id_uid"
datanode_3    | 2019-10-14 00:29:45,501 INFO impl.RaftServerImpl: e5925cfe-f258-4298-975e-8412b09b6260@group-0E38B06B47AB: start as a follower, conf=-1: [e5925cfe-f258-4298-975e-8412b09b6260:172.18.0.9:9858], old=null
om_1          | 2019-10-14 00:29:44,892 INFO server.Server: jetty-9.3.25.v20180904, build timestamp: 2018-09-04T21:11:46Z, git hash: 3ce520221d0240229c862b122d2b06c12a625732
scm_1         | 2019-10-14 00:29:37,294 INFO safemode.SCMSafeModeManager: SCM exiting safe mode.
datanode_1    | 2019-10-14 00:29:44,829 INFO impl.RaftServerImpl: a017b811-1684-41b1-afd9-6543c33dc507@group-F5150011B220: changes role from      null to FOLLOWER at term 0 for startAsFollower
datanode_2    | 2019-10-14 00:29:44,185 INFO server.RaftServerConfigKeys: raft.server.snapshot.auto.trigger.enabled = true (custom)
grafana_1     | t=2019-10-14T00:29:29+0000 lvl=info msg="Executing migration" logger=migrator id="Remove unique index org_id_slug"
datanode_3    | 2019-10-14 00:29:45,502 INFO impl.RaftServerImpl: e5925cfe-f258-4298-975e-8412b09b6260@group-0E38B06B47AB: changes role from      null to FOLLOWER at term 0 for startAsFollower
om_1          | 2019-10-14 00:29:44,927 INFO handler.ContextHandler: Started o.e.j.s.ServletContextHandler@329bad59{/logs,file:///var/log/hadoop/,AVAILABLE}
scm_1         | 2019-10-14 00:29:37,325 INFO net.NetworkTopology: Added a new node: /default-rack/e5925cfe-f258-4298-975e-8412b09b6260
datanode_1    | 2019-10-14 00:29:44,831 INFO impl.RoleInfo: a017b811-1684-41b1-afd9-6543c33dc507: start FollowerState
datanode_2    | 2019-10-14 00:29:44,187 INFO server.RaftServerConfigKeys: raft.server.snapshot.auto.trigger.threshold = 10000 (custom)
grafana_1     | t=2019-10-14T00:29:29+0000 lvl=info msg="Executing migration" logger=migrator id="Update dashboard title length"
datanode_3    | 2019-10-14 00:29:45,503 INFO impl.RoleInfo: e5925cfe-f258-4298-975e-8412b09b6260: start FollowerState
om_1          | 2019-10-14 00:29:44,927 INFO handler.ContextHandler: Started o.e.j.s.ServletContextHandler@7bab5898{/static,jar:file:/opt/hadoop/share/ozone/lib/hadoop-ozone-ozone-manager-0.5.0-SNAPSHOT.jar!/webapps/static,AVAILABLE}
scm_1         | 2019-10-14 00:29:37,326 INFO node.SCMNodeManager: Registered Data node : e5925cfe-f258-4298-975e-8412b09b6260{ip: 172.18.0.9, host: ozoneperf_datanode_3.ozoneperf_default, networkLocation: /default-rack, certSerialId: null}
datanode_1    | 2019-10-14 00:29:44,835 INFO util.JmxRegister: Successfully registered JMX Bean with object name Ratis:service=RaftServer,group=group-F5150011B220,id=a017b811-1684-41b1-afd9-6543c33dc507
datanode_2    | 2019-10-14 00:29:44,187 INFO server.RaftServerConfigKeys: raft.server.snapshot.retention.file.num = 5 (custom)
grafana_1     | t=2019-10-14T00:29:29+0000 lvl=info msg="Executing migration" logger=migrator id="Add unique index for dashboard_org_id_title_folder_id"
datanode_3    | 2019-10-14 00:29:45,508 INFO util.JmxRegister: Successfully registered JMX Bean with object name Ratis:service=RaftServer,group=group-0E38B06B47AB,id=e5925cfe-f258-4298-975e-8412b09b6260
om_1          | 2019-10-14 00:29:45,027 INFO handler.ContextHandler: Started o.e.j.w.WebAppContext@593a6726{/,file:///tmp/jetty-0.0.0.0-9874-ozoneManager-_-any-1725785025169027821.dir/webapp/,AVAILABLE}{/ozoneManager}
scm_1         | WARNING: An illegal reflective access operation has occurred
datanode_1    | 2019-10-14 00:29:45,658 INFO impl.RaftServerProxy: a017b811-1684-41b1-afd9-6543c33dc507: addNew group-25314081590E:[e5925cfe-f258-4298-975e-8412b09b6260:172.18.0.9:9858, a017b811-1684-41b1-afd9-6543c33dc507:172.18.0.10:9858, 40e6f85d-cfb3-418a-8ebf-176020609be6:172.18.0.11:9858] returns group-25314081590E:java.util.concurrent.CompletableFuture@2a269e7c[Not completed]
datanode_2    | 2019-10-14 00:29:44,188 INFO server.RaftServerConfigKeys: raft.server.retrycache.expirytime = 600000ms (custom)
grafana_1     | t=2019-10-14T00:29:29+0000 lvl=info msg="Executing migration" logger=migrator id="create dashboard_provisioning"
datanode_3    | 2019-10-14 00:29:45,644 INFO impl.RaftServerProxy: e5925cfe-f258-4298-975e-8412b09b6260: addNew group-25314081590E:[e5925cfe-f258-4298-975e-8412b09b6260:172.18.0.9:9858, a017b811-1684-41b1-afd9-6543c33dc507:172.18.0.10:9858, 40e6f85d-cfb3-418a-8ebf-176020609be6:172.18.0.11:9858] returns group-25314081590E:java.util.concurrent.CompletableFuture@124920f9[Not completed]
om_1          | 2019-10-14 00:29:45,033 INFO server.AbstractConnector: Started ServerConnector@194d329e{HTTP/1.1,[http/1.1]}{0.0.0.0:9874}
scm_1         | WARNING: Illegal reflective access by org.apache.ratis.thirdparty.com.google.protobuf.UnsafeUtil (file:/opt/hadoop/share/ozone/lib/ratis-thirdparty-misc-0.2.0.jar) to field java.nio.Buffer.address
scm_1         | WARNING: Please consider reporting this to the maintainers of org.apache.ratis.thirdparty.com.google.protobuf.UnsafeUtil
grafana_1     | t=2019-10-14T00:29:29+0000 lvl=info msg="Executing migration" logger=migrator id="Rename table dashboard_provisioning to dashboard_provisioning_tmp_qwerty - v1"
om_1          | 2019-10-14 00:29:45,033 INFO server.Server: Started @10352ms
datanode_3    | 2019-10-14 00:29:45,647 INFO impl.RaftServerImpl: e5925cfe-f258-4298-975e-8412b09b6260: new RaftServerImpl for group-25314081590E:[e5925cfe-f258-4298-975e-8412b09b6260:172.18.0.9:9858, a017b811-1684-41b1-afd9-6543c33dc507:172.18.0.10:9858, 40e6f85d-cfb3-418a-8ebf-176020609be6:172.18.0.11:9858] with ContainerStateMachine:uninitialized
scm_1         | WARNING: Use --illegal-access=warn to enable warnings of further illegal reflective access operations
datanode_1    | 2019-10-14 00:29:45,660 INFO impl.RaftServerImpl: a017b811-1684-41b1-afd9-6543c33dc507: new RaftServerImpl for group-25314081590E:[e5925cfe-f258-4298-975e-8412b09b6260:172.18.0.9:9858, a017b811-1684-41b1-afd9-6543c33dc507:172.18.0.10:9858, 40e6f85d-cfb3-418a-8ebf-176020609be6:172.18.0.11:9858] with ContainerStateMachine:uninitialized
grafana_1     | t=2019-10-14T00:29:29+0000 lvl=info msg="Executing migration" logger=migrator id="create dashboard_provisioning v2"
datanode_2    | 2019-10-14 00:29:44,239 INFO impl.RaftServerImpl: 40e6f85d-cfb3-418a-8ebf-176020609be6: new RaftServerImpl for group-A320CAAA5969:[40e6f85d-cfb3-418a-8ebf-176020609be6:172.18.0.11:9858] with ContainerStateMachine:uninitialized
om_1          | 2019-10-14 00:29:45,037 INFO impl.MetricsSinkAdapter: Sink prometheus started
datanode_3    | 2019-10-14 00:29:45,648 INFO server.RaftServerConfigKeys: raft.server.rpc.timeout.min = 5s (custom)
scm_1         | WARNING: All illegal access operations will be denied in a future release
datanode_1    | 2019-10-14 00:29:45,660 INFO server.RaftServerConfigKeys: raft.server.rpc.timeout.min = 5s (custom)
grafana_1     | t=2019-10-14T00:29:29+0000 lvl=info msg="Executing migration" logger=migrator id="create index IDX_dashboard_provisioning_dashboard_id - v2"
datanode_2    | 2019-10-14 00:29:44,239 INFO server.RaftServerConfigKeys: raft.server.rpc.timeout.min = 5s (custom)
om_1          | 2019-10-14 00:29:45,037 INFO impl.MetricsSystemImpl: Registered sink prometheus
datanode_3    | 2019-10-14 00:29:45,648 INFO server.RaftServerConfigKeys: raft.server.rpc.timeout.max = 5200ms (custom)
scm_1         | 2019-10-14 00:29:40,745 ERROR pipeline.RatisPipelineProvider: Failed invoke Ratis rpc org.apache.hadoop.hdds.scm.pipeline.RatisPipelineProvider$$Lambda$172/0x00000008403b1440@392a0bfa for 40e6f85d-cfb3-418a-8ebf-176020609be6
datanode_1    | 2019-10-14 00:29:45,660 INFO server.RaftServerConfigKeys: raft.server.rpc.timeout.max = 5200ms (custom)
grafana_1     | t=2019-10-14T00:29:29+0000 lvl=info msg="Executing migration" logger=migrator id="create index IDX_dashboard_provisioning_dashboard_id_name - v2"
datanode_2    | 2019-10-14 00:29:44,239 INFO server.RaftServerConfigKeys: raft.server.rpc.timeout.max = 5200ms (custom)
om_1          | 2019-10-14 00:29:45,039 INFO server.BaseHttpServer: HTTP server of OZONEMANAGER is listening at http://0.0.0.0:9874
datanode_3    | 2019-10-14 00:29:45,648 INFO server.RaftServerConfigKeys: raft.server.rpcslowness.timeout = 120s (custom)
scm_1         | org.apache.ratis.protocol.TimeoutIOException: deadline exceeded after 2956681440ns
datanode_1    | 2019-10-14 00:29:45,661 INFO server.RaftServerConfigKeys: raft.server.rpcslowness.timeout = 120s (custom)
grafana_1     | t=2019-10-14T00:29:29+0000 lvl=info msg="Executing migration" logger=migrator id="copy dashboard_provisioning v1 to v2"
datanode_2    | 2019-10-14 00:29:44,240 INFO server.RaftServerConfigKeys: raft.server.rpcslowness.timeout = 120s (custom)
om_1          | 2019-10-14 00:30:01,083 [IPC Server handler 1 on 9862] INFO       - created volume:vol-0-73975 for user:hadoop
datanode_3    | 2019-10-14 00:29:45,648 INFO server.RaftServerConfigKeys: raft.server.sleep.deviation.threshold = 300 (default)
scm_1         | 	at org.apache.ratis.grpc.GrpcUtil.tryUnwrapException(GrpcUtil.java:82)
datanode_1    | 2019-10-14 00:29:45,661 INFO server.RaftServerConfigKeys: raft.server.sleep.deviation.threshold = 300 (default)
grafana_1     | t=2019-10-14T00:29:29+0000 lvl=info msg="Executing migration" logger=migrator id="drop dashboard_provisioning_tmp_qwerty"
datanode_2    | 2019-10-14 00:29:44,240 INFO server.RaftServerConfigKeys: raft.server.sleep.deviation.threshold = 300 (default)
om_1          | 2019-10-14 00:30:01,124 [IPC Server handler 3 on 9862] INFO       - created volume:vol-1-53550 for user:hadoop
datanode_3    | 2019-10-14 00:29:45,648 INFO server.RaftServerConfigKeys: raft.server.log.appender.install.snapshot.enabled = false (custom)
scm_1         | 	at org.apache.ratis.grpc.GrpcUtil.unwrapException(GrpcUtil.java:75)
datanode_1    | 2019-10-14 00:29:45,661 INFO server.RaftServerConfigKeys: raft.server.log.appender.install.snapshot.enabled = false (custom)
grafana_1     | t=2019-10-14T00:29:29+0000 lvl=info msg="Executing migration" logger=migrator id="Add check_sum column"
om_1          | 2019-10-14 00:30:01,136 [IPC Server handler 5 on 9862] INFO       - created volume:vol-2-46747 for user:hadoop
datanode_3    | 2019-10-14 00:29:45,648 INFO impl.RaftServerImpl: e5925cfe-f258-4298-975e-8412b09b6260@group-25314081590E: ConfigurationManager, init=-1: [e5925cfe-f258-4298-975e-8412b09b6260:172.18.0.9:9858, a017b811-1684-41b1-afd9-6543c33dc507:172.18.0.10:9858, 40e6f85d-cfb3-418a-8ebf-176020609be6:172.18.0.11:9858], old=null, confs=<EMPTY_MAP>
datanode_2    | 2019-10-14 00:29:44,240 INFO server.RaftServerConfigKeys: raft.server.log.appender.install.snapshot.enabled = false (custom)
scm_1         | 	at org.apache.ratis.grpc.client.GrpcClientProtocolClient.blockingCall(GrpcClientProtocolClient.java:184)
datanode_1    | 2019-10-14 00:29:45,661 INFO impl.RaftServerImpl: a017b811-1684-41b1-afd9-6543c33dc507@group-25314081590E: ConfigurationManager, init=-1: [e5925cfe-f258-4298-975e-8412b09b6260:172.18.0.9:9858, a017b811-1684-41b1-afd9-6543c33dc507:172.18.0.10:9858, 40e6f85d-cfb3-418a-8ebf-176020609be6:172.18.0.11:9858], old=null, confs=<EMPTY_MAP>
grafana_1     | t=2019-10-14T00:29:29+0000 lvl=info msg="Executing migration" logger=migrator id="create data_source table"
datanode_2    | 2019-10-14 00:29:44,240 INFO impl.RaftServerImpl: 40e6f85d-cfb3-418a-8ebf-176020609be6@group-A320CAAA5969: ConfigurationManager, init=-1: [40e6f85d-cfb3-418a-8ebf-176020609be6:172.18.0.11:9858], old=null, confs=<EMPTY_MAP>
datanode_1    | 2019-10-14 00:29:45,661 INFO server.RaftServerConfigKeys: raft.server.storage.dir = [/data/metadata/ratis] (custom)
grafana_1     | t=2019-10-14T00:29:29+0000 lvl=info msg="Executing migration" logger=migrator id="add index data_source.account_id"
om_1          | 2019-10-14 00:30:01,145 [IPC Server handler 6 on 9862] INFO       - created volume:vol-3-92362 for user:hadoop
datanode_3    | 2019-10-14 00:29:45,649 INFO server.RaftServerConfigKeys: raft.server.storage.dir = [/data/metadata/ratis] (custom)
scm_1         | 	at org.apache.ratis.grpc.client.GrpcClientProtocolClient.groupAdd(GrpcClientProtocolClient.java:153)
datanode_2    | 2019-10-14 00:29:44,241 INFO server.RaftServerConfigKeys: raft.server.storage.dir = [/data/metadata/ratis] (custom)
grafana_1     | t=2019-10-14T00:29:29+0000 lvl=info msg="Executing migration" logger=migrator id="add unique index data_source.account_id_name"
datanode_1    | 2019-10-14 00:29:45,661 INFO server.RaftServerConfigKeys: raft.server.log.corruption.policy = EXCEPTION (default)
datanode_3    | 2019-10-14 00:29:45,649 INFO server.RaftServerConfigKeys: raft.server.log.corruption.policy = EXCEPTION (default)
om_1          | 2019-10-14 00:30:01,154 [IPC Server handler 10 on 9862] INFO       - created volume:vol-4-48775 for user:hadoop
datanode_2    | 2019-10-14 00:29:44,241 INFO server.RaftServerConfigKeys: raft.server.log.corruption.policy = EXCEPTION (default)
grafana_1     | t=2019-10-14T00:29:29+0000 lvl=info msg="Executing migration" logger=migrator id="drop index IDX_data_source_account_id - v1"
scm_1         | 	at org.apache.ratis.grpc.client.GrpcClientRpc.sendRequest(GrpcClientRpc.java:94)
datanode_1    | 2019-10-14 00:29:45,661 INFO storage.RaftStorageDirectory: The storage directory /data/metadata/ratis/be2e5333-1da3-4ae3-982b-25314081590e does not exist. Creating ...
datanode_3    | 2019-10-14 00:29:45,649 INFO storage.RaftStorageDirectory: The storage directory /data/metadata/ratis/be2e5333-1da3-4ae3-982b-25314081590e does not exist. Creating ...
datanode_2    | 2019-10-14 00:29:44,241 INFO storage.RaftStorageDirectory: The storage directory /data/metadata/ratis/b1205f2a-f1fa-4ef6-b0d2-a320caaa5969 does not exist. Creating ...
om_1          | 2019-10-14 00:30:01,426 [IPC Server handler 3 on 9862] INFO       - created volume:vol-4-58811 for user:hadoop
grafana_1     | t=2019-10-14T00:29:29+0000 lvl=info msg="Executing migration" logger=migrator id="drop index UQE_data_source_account_id_name - v1"
scm_1         | 	at org.apache.ratis.client.impl.RaftClientImpl.sendRequest(RaftClientImpl.java:278)
datanode_1    | 2019-10-14 00:29:45,665 INFO storage.RaftStorageDirectory: Lock on /data/metadata/ratis/be2e5333-1da3-4ae3-982b-25314081590e/in_use.lock acquired by nodename 7@c3ddd5556c26
datanode_3    | 2019-10-14 00:29:45,667 INFO storage.RaftStorageDirectory: Lock on /data/metadata/ratis/be2e5333-1da3-4ae3-982b-25314081590e/in_use.lock acquired by nodename 7@54a10e0182f4
datanode_2    | 2019-10-14 00:29:44,245 INFO storage.RaftStorageDirectory: Lock on /data/metadata/ratis/b1205f2a-f1fa-4ef6-b0d2-a320caaa5969/in_use.lock acquired by nodename 7@f94714d6fa99
om_1          | 2019-10-14 00:30:01,430 [IPC Server handler 5 on 9862] INFO       - created volume:vol-3-55520 for user:hadoop
grafana_1     | t=2019-10-14T00:29:29+0000 lvl=info msg="Executing migration" logger=migrator id="Rename table data_source to data_source_v1 - v1"
scm_1         | 	at org.apache.ratis.client.impl.RaftClientImpl.groupAdd(RaftClientImpl.java:205)
datanode_1    | 2019-10-14 00:29:45,678 INFO storage.RaftStorage: Storage directory /data/metadata/ratis/be2e5333-1da3-4ae3-982b-25314081590e has been successfully formatted.
datanode_3    | 2019-10-14 00:29:45,678 INFO storage.RaftStorage: Storage directory /data/metadata/ratis/be2e5333-1da3-4ae3-982b-25314081590e has been successfully formatted.
datanode_2    | 2019-10-14 00:29:44,254 INFO storage.RaftStorage: Storage directory /data/metadata/ratis/b1205f2a-f1fa-4ef6-b0d2-a320caaa5969 has been successfully formatted.
om_1          | 2019-10-14 00:30:01,430 [IPC Server handler 4 on 9862] INFO       - created volume:vol-7-07398 for user:hadoop
grafana_1     | t=2019-10-14T00:29:29+0000 lvl=info msg="Executing migration" logger=migrator id="create data_source table v2"
datanode_1    | 2019-10-14 00:29:45,679 [pool-8-thread-1] INFO       - group-25314081590E: The snapshot info is null. Setting the last applied indexto:(t:0, i:~)
scm_1         | 	at org.apache.hadoop.hdds.scm.pipeline.RatisPipelineProvider.lambda$initializePipeline$4(RatisPipelineProvider.java:198)
datanode_2    | 2019-10-14 00:29:44,254 [pool-8-thread-1] INFO       - group-A320CAAA5969: The snapshot info is null. Setting the last applied indexto:(t:0, i:~)
om_1          | 2019-10-14 00:30:01,430 [IPC Server handler 2 on 9862] INFO       - created volume:vol-5-67952 for user:hadoop
grafana_1     | t=2019-10-14T00:29:29+0000 lvl=info msg="Executing migration" logger=migrator id="create index IDX_data_source_org_id - v2"
datanode_1    | 2019-10-14 00:29:45,680 INFO server.RaftServerConfigKeys: raft.server.notification.no-leader.timeout = 120s (custom)
scm_1         | 	at org.apache.hadoop.hdds.scm.pipeline.RatisPipelineProvider.lambda$null$5(RatisPipelineProvider.java:233)
datanode_3    | 2019-10-14 00:29:45,679 [pool-8-thread-1] INFO       - group-25314081590E: The snapshot info is null. Setting the last applied indexto:(t:0, i:~)
datanode_2    | 2019-10-14 00:29:44,254 INFO server.RaftServerConfigKeys: raft.server.notification.no-leader.timeout = 120s (custom)
om_1          | 2019-10-14 00:30:01,431 [IPC Server handler 7 on 9862] INFO       - created volume:vol-2-42123 for user:hadoop
grafana_1     | t=2019-10-14T00:29:29+0000 lvl=info msg="Executing migration" logger=migrator id="create index UQE_data_source_org_id_name - v2"
datanode_1    | 2019-10-14 00:29:45,680 INFO server.RaftServerConfigKeys: raft.server.log.use.memory = false (default)
scm_1         | 	at java.base/java.util.stream.ForEachOps$ForEachOp$OfRef.accept(ForEachOps.java:183)
datanode_3    | 2019-10-14 00:29:45,680 INFO server.RaftServerConfigKeys: raft.server.notification.no-leader.timeout = 120s (custom)
datanode_2    | 2019-10-14 00:29:44,255 INFO server.RaftServerConfigKeys: raft.server.log.use.memory = false (default)
om_1          | 2019-10-14 00:30:01,433 [IPC Server handler 6 on 9862] INFO       - created volume:vol-1-04457 for user:hadoop
grafana_1     | t=2019-10-14T00:29:29+0000 lvl=info msg="Executing migration" logger=migrator id="copy data_source v1 to v2"
datanode_1    | 2019-10-14 00:29:45,682 INFO server.RaftServerConfigKeys: raft.server.log.purge.gap = 1000000 (custom)
scm_1         | 	at java.base/java.util.ArrayList$ArrayListSpliterator.forEachRemaining(ArrayList.java:1654)
datanode_3    | 2019-10-14 00:29:45,680 INFO server.RaftServerConfigKeys: raft.server.log.use.memory = false (default)
om_1          | 2019-10-14 00:30:01,435 [IPC Server handler 8 on 9862] INFO       - created volume:vol-0-76843 for user:hadoop
