nm_1        | 2019-10-15 10:27:24 INFO  ContainerManagerImpl:1070 - Start request for container_1571135162968_0001_01_000003 by user hadoop
datanode_2  | 2019-10-15 10:26:32,086 INFO segmented.SegmentedRaftLogWorker: 9086cde3-f726-4ec4-b4ed-20a7230a75c2@group-FCF3993EFC12-SegmentedRaftLogWorker: Starting segment from index:0
datanode_3  | 2019-10-15 10:26:31,890 INFO impl.FollowerState: 8cef1861-7511-47f8-94b7-210aad78b31c@group-FCF3993EFC12-FollowerState: change to CANDIDATE, lastRpcTime:5074ms, electionTimeout:5074ms
rm_1        | 2019-10-15 10:27:03 INFO  RMAppImpl:912 - application_1571135162968_0001 State change from NEW_SAVING to SUBMITTED on event = APP_NEW_SAVED
datanode_1  | 2019-10-15 10:26:31,900 INFO impl.RoleInfo: ecee3f67-7eea-40be-acfd-305d693066e5: shutdown FollowerState
nm_1        | 2019-10-15 10:27:24 INFO  NMAuditLogger:94 - USER=hadoop	IP=172.18.0.5	OPERATION=Start Container Request	TARGET=ContainerManageImpl	RESULT=SUCCESS	APPID=application_1571135162968_0001	CONTAINERID=container_1571135162968_0001_01_000003
datanode_2  | 2019-10-15 10:26:32,123 INFO segmented.SegmentedRaftLogWorker: 9086cde3-f726-4ec4-b4ed-20a7230a75c2@group-FCF3993EFC12-SegmentedRaftLogWorker: created new log segment /data/metadata/ratis/76a7d97d-7545-4d10-a5cf-fcf3993efc12/current/log_inprogress_0
datanode_3  | 2019-10-15 10:26:31,891 INFO impl.RoleInfo: 8cef1861-7511-47f8-94b7-210aad78b31c: shutdown FollowerState
rm_1        | 2019-10-15 10:27:03 INFO  ParentQueue:494 - Application added - appId: application_1571135162968_0001 user: hadoop leaf-queue of parent: root #applications: 1
datanode_1  | 2019-10-15 10:26:31,900 INFO impl.RaftServerImpl: ecee3f67-7eea-40be-acfd-305d693066e5@group-FCF3993EFC12: changes role from  FOLLOWER to CANDIDATE at term 3 for changeToCandidate
datanode_3  | 2019-10-15 10:26:31,891 INFO impl.RaftServerImpl: 8cef1861-7511-47f8-94b7-210aad78b31c@group-FCF3993EFC12: changes role from  FOLLOWER to CANDIDATE at term 3 for changeToCandidate
nm_1        | 2019-10-15 10:27:24 INFO  ApplicationImpl:463 - Adding container_1571135162968_0001_01_000003 to application application_1571135162968_0001
rm_1        | 2019-10-15 10:27:03 INFO  CapacityScheduler:954 - Accepted application application_1571135162968_0001 from user: hadoop, in queue: default
datanode_1  | 2019-10-15 10:26:31,900 INFO impl.RoleInfo: ecee3f67-7eea-40be-acfd-305d693066e5: start LeaderElection
datanode_3  | 2019-10-15 10:26:31,891 INFO impl.RoleInfo: 8cef1861-7511-47f8-94b7-210aad78b31c: start LeaderElection
nm_1        | 2019-10-15 10:27:24 INFO  ContainerImpl:2126 - Container container_1571135162968_0001_01_000003 transitioned from NEW to LOCALIZING
rm_1        | 2019-10-15 10:27:03 INFO  RMAppImpl:912 - application_1571135162968_0001 State change from SUBMITTED to ACCEPTED on event = APP_ACCEPTED
datanode_1  | 2019-10-15 10:26:31,929 INFO impl.LeaderElection: ecee3f67-7eea-40be-acfd-305d693066e5@group-FCF3993EFC12-LeaderElection5: begin an election at term 4 for -1: [ecee3f67-7eea-40be-acfd-305d693066e5:172.18.0.9:9858, 9086cde3-f726-4ec4-b4ed-20a7230a75c2:172.18.0.8:9858, 8cef1861-7511-47f8-94b7-210aad78b31c:172.18.0.6:9858], old=null
datanode_3  | 2019-10-15 10:26:31,929 INFO impl.LeaderElection: 8cef1861-7511-47f8-94b7-210aad78b31c@group-FCF3993EFC12-LeaderElection5: begin an election at term 4 for -1: [ecee3f67-7eea-40be-acfd-305d693066e5:172.18.0.9:9858, 9086cde3-f726-4ec4-b4ed-20a7230a75c2:172.18.0.8:9858, 8cef1861-7511-47f8-94b7-210aad78b31c:172.18.0.6:9858], old=null
nm_1        | 2019-10-15 10:27:24 INFO  AuxServices:350 - Got event CONTAINER_INIT for appId application_1571135162968_0001
rm_1        | 2019-10-15 10:27:04 INFO  ApplicationMasterService:479 - Registering app attempt : appattempt_1571135162968_0001_000001
datanode_1  | 2019-10-15 10:26:31,970 INFO impl.LeaderElection: ecee3f67-7eea-40be-acfd-305d693066e5@group-FCF3993EFC12-LeaderElection5: Election PASSED; received 2 response(s) [ecee3f67-7eea-40be-acfd-305d693066e5<-9086cde3-f726-4ec4-b4ed-20a7230a75c2#0:OK-t4, ecee3f67-7eea-40be-acfd-305d693066e5<-8cef1861-7511-47f8-94b7-210aad78b31c#0:FAIL-t4] and 0 exception(s); ecee3f67-7eea-40be-acfd-305d693066e5@group-FCF3993EFC12:t4, leader=null, voted=ecee3f67-7eea-40be-acfd-305d693066e5, raftlog=ecee3f67-7eea-40be-acfd-305d693066e5@group-FCF3993EFC12-SegmentedRaftLog:OPENED:c-1,f-1,i0, conf=-1: [ecee3f67-7eea-40be-acfd-305d693066e5:172.18.0.9:9858, 9086cde3-f726-4ec4-b4ed-20a7230a75c2:172.18.0.8:9858, 8cef1861-7511-47f8-94b7-210aad78b31c:172.18.0.6:9858], old=null
datanode_3  | 2019-10-15 10:26:31,970 INFO impl.LeaderElection: 8cef1861-7511-47f8-94b7-210aad78b31c@group-FCF3993EFC12-LeaderElection5: Election REJECTED; received 2 response(s) [8cef1861-7511-47f8-94b7-210aad78b31c<-ecee3f67-7eea-40be-acfd-305d693066e5#0:FAIL-t4, 8cef1861-7511-47f8-94b7-210aad78b31c<-9086cde3-f726-4ec4-b4ed-20a7230a75c2#0:FAIL-t4] and 0 exception(s); 8cef1861-7511-47f8-94b7-210aad78b31c@group-FCF3993EFC12:t4, leader=null, voted=8cef1861-7511-47f8-94b7-210aad78b31c, raftlog=8cef1861-7511-47f8-94b7-210aad78b31c@group-FCF3993EFC12-SegmentedRaftLog:OPENED:c-1,f-1,i0, conf=-1: [ecee3f67-7eea-40be-acfd-305d693066e5:172.18.0.9:9858, 9086cde3-f726-4ec4-b4ed-20a7230a75c2:172.18.0.8:9858, 8cef1861-7511-47f8-94b7-210aad78b31c:172.18.0.6:9858], old=null
nm_1        | 2019-10-15 10:27:24 INFO  AuxServices:350 - Got event APPLICATION_INIT for appId application_1571135162968_0001
rm_1        | 2019-10-15 10:27:04 INFO  RMAppAttemptImpl:927 - appattempt_1571135162968_0001_000001 State change from NEW to SUBMITTED on event = START
datanode_1  | 2019-10-15 10:26:31,971 INFO impl.RoleInfo: ecee3f67-7eea-40be-acfd-305d693066e5: shutdown LeaderElection
datanode_3  | 2019-10-15 10:26:31,970 INFO impl.RaftServerImpl: 8cef1861-7511-47f8-94b7-210aad78b31c@group-FCF3993EFC12: changes role from CANDIDATE to FOLLOWER at term 4 for DISCOVERED_A_NEW_TERM
nm_1        | 2019-10-15 10:27:24 INFO  AuxServices:354 - Got APPLICATION_INIT for service mapreduce_shuffle
rm_1        | 2019-10-15 10:27:04 WARN  LeafQueue:846 - maximum-am-resource-percent is insufficient to start a single application in queue, it is likely set too low. skipping enforcement to allow at least one application to start
datanode_3  | 2019-10-15 10:26:31,970 INFO impl.RoleInfo: 8cef1861-7511-47f8-94b7-210aad78b31c: shutdown LeaderElection
datanode_1  | 2019-10-15 10:26:31,973 INFO impl.RaftServerImpl: ecee3f67-7eea-40be-acfd-305d693066e5@group-FCF3993EFC12: changes role from CANDIDATE to LEADER at term 4 for changeToLeader
nm_1        | 2019-10-15 10:27:24 INFO  ShuffleHandler:719 - Added token for job_1571135162968_0001
rm_1        | 2019-10-15 10:27:04 WARN  LeafQueue:882 - maximum-am-resource-percent is insufficient to start a single application in queue for user, it is likely set too low. skipping enforcement to allow at least one application to start
datanode_3  | 2019-10-15 10:26:31,973 INFO impl.RoleInfo: 8cef1861-7511-47f8-94b7-210aad78b31c: start FollowerState
datanode_1  | 2019-10-15 10:26:31,973 INFO impl.RaftServerImpl: ecee3f67-7eea-40be-acfd-305d693066e5@group-FCF3993EFC12: change Leader from null to ecee3f67-7eea-40be-acfd-305d693066e5 at term 4 for becomeLeader, leader elected after 21928ms
rm_1        | 2019-10-15 10:27:04 INFO  LeafQueue:911 - Application application_1571135162968_0001 from user: hadoop activated in queue: default
nm_1        | 2019-10-15 10:27:24 INFO  ContainerImpl:2126 - Container container_1571135162968_0001_01_000003 transitioned from LOCALIZING to SCHEDULED
datanode_3  | 2019-10-15 10:26:32,071 INFO impl.RaftServerImpl: 8cef1861-7511-47f8-94b7-210aad78b31c@group-FCF3993EFC12: change Leader from null to ecee3f67-7eea-40be-acfd-305d693066e5 at term 4 for appendEntries, leader elected after 22022ms
datanode_1  | 2019-10-15 10:26:31,973 INFO server.RaftServerConfigKeys: raft.server.staging.catchup.gap = 1000 (default)
rm_1        | 2019-10-15 10:27:04 INFO  LeafQueue:941 - Application added - appId: application_1571135162968_0001 user: hadoop, leaf-queue: default #user-pending-applications: 0 #user-active-applications: 1 #queue-pending-applications: 0 #queue-active-applications: 1
datanode_3  | 2019-10-15 10:26:32,086 INFO impl.RaftServerImpl: 8cef1861-7511-47f8-94b7-210aad78b31c@group-FCF3993EFC12: set configuration 0: [ecee3f67-7eea-40be-acfd-305d693066e5:172.18.0.9:9858, 9086cde3-f726-4ec4-b4ed-20a7230a75c2:172.18.0.8:9858, 8cef1861-7511-47f8-94b7-210aad78b31c:172.18.0.6:9858], old=null at 0
datanode_3  | 2019-10-15 10:26:32,086 INFO segmented.SegmentedRaftLogWorker: 8cef1861-7511-47f8-94b7-210aad78b31c@group-FCF3993EFC12-SegmentedRaftLogWorker: Starting segment from index:0
rm_1        | 2019-10-15 10:27:04 INFO  CapacityScheduler:1000 - Added Application Attempt appattempt_1571135162968_0001_000001 to scheduler from user hadoop in queue default
datanode_1  | 2019-10-15 10:26:31,973 INFO server.RaftServerConfigKeys: raft.server.rpc.sleep.time = 25ms (default)
datanode_3  | 2019-10-15 10:26:32,123 INFO segmented.SegmentedRaftLogWorker: 8cef1861-7511-47f8-94b7-210aad78b31c@group-FCF3993EFC12-SegmentedRaftLogWorker: created new log segment /data/metadata/ratis/76a7d97d-7545-4d10-a5cf-fcf3993efc12/current/log_inprogress_0
nm_1        | 2019-10-15 10:27:24 INFO  ContainerScheduler:511 - Starting container [container_1571135162968_0001_01_000003]
rm_1        | 2019-10-15 10:27:04 INFO  RMAppAttemptImpl:927 - appattempt_1571135162968_0001_000001 State change from SUBMITTED to SCHEDULED on event = ATTEMPT_ADDED
datanode_1  | 2019-10-15 10:26:31,973 INFO server.RaftServerConfigKeys: raft.server.write.element-limit = 4096 (default)
datanode_1  | 2019-10-15 10:26:31,973 INFO server.RaftServerConfigKeys: raft.server.watch.timeout = 10s (default)
datanode_1  | 2019-10-15 10:26:31,974 INFO server.RaftServerConfigKeys: raft.server.watch.timeout.denomination = 1s (default)
nm_1        | 2019-10-15 10:27:25 INFO  Configuration:3318 - Removed undeclared tags:
rm_1        | 2019-10-15 10:27:04 INFO  AbstractContainerAllocator:129 - assignedContainer application attempt=appattempt_1571135162968_0001_000001 container=null queue=default clusterResource=<memory:8192, vCores:8> type=OFF_SWITCH requestedPartition=
datanode_1  | 2019-10-15 10:26:31,974 INFO server.RaftServerConfigKeys: raft.server.watch.element-limit = 65536 (default)
datanode_1  | 2019-10-15 10:26:31,986 INFO server.RaftServerConfigKeys: raft.server.log.appender.snapshot.chunk.size.max = 16MB (=16777216) (default)
nm_1        | 2019-10-15 10:27:25 INFO  ContainerImpl:2126 - Container container_1571135162968_0001_01_000003 transitioned from SCHEDULED to RUNNING
rm_1        | 2019-10-15 10:27:04 INFO  RMContainerImpl:480 - container_1571135162968_0001_01_000001 Container Transitioned from NEW to ALLOCATED
datanode_1  | 2019-10-15 10:26:31,987 INFO server.RaftServerConfigKeys: raft.server.log.appender.buffer.byte-limit = 33554432 (custom)
datanode_1  | 2019-10-15 10:26:31,988 INFO server.RaftServerConfigKeys: raft.server.log.appender.buffer.element-limit = 1 (custom)
nm_1        | 2019-10-15 10:27:25 INFO  ContainersMonitorImpl:943 - Starting resource-monitoring for container_1571135162968_0001_01_000003
rm_1        | 2019-10-15 10:27:04 INFO  FiCaSchedulerNode:169 - Assigned container container_1571135162968_0001_01_000001 of capacity <memory:2048, vCores:1> on host nm:43476, which has 1 containers, <memory:2048, vCores:1> used and <memory:6144, vCores:7> available after allocation
datanode_1  | 2019-10-15 10:26:31,995 INFO grpc.GrpcConfigKeys$Server: raft.grpc.server.leader.outstanding.appends.max = 128 (default)
datanode_1  | 2019-10-15 10:26:31,997 INFO server.RaftServerConfigKeys: raft.server.rpc.request.timeout = 3000ms (default)
nm_1        | 2019-10-15 10:27:25 INFO  DefaultContainerExecutor:370 - launchContainer: [bash, /tmp/hadoop-hadoop/nm-local-dir/usercache/hadoop/appcache/application_1571135162968_0001/container_1571135162968_0001_01_000003/default_container_executor.sh]
rm_1        | 2019-10-15 10:27:04 INFO  RMAuditLogger:231 - USER=hadoop	OPERATION=AM Allocated Container	TARGET=SchedulerApp	RESULT=SUCCESS	APPID=application_1571135162968_0001	CONTAINERID=container_1571135162968_0001_01_000001	RESOURCE=<memory:2048, vCores:1>	QUEUENAME=default
datanode_1  | 2019-10-15 10:26:31,997 INFO server.RaftServerConfigKeys: raft.server.log.appender.install.snapshot.enabled = false (custom)
datanode_1  | 2019-10-15 10:26:31,998 INFO server.RaftServerConfigKeys: raft.server.log.appender.snapshot.chunk.size.max = 16MB (=16777216) (default)
nm_1        | 2019-10-15 10:27:25 INFO  NodeStatusUpdaterImpl:696 - Removed completed containers from NM context: [container_1571135162968_0001_01_000002]
rm_1        | 2019-10-15 10:27:04 INFO  NMTokenSecretManagerInRM:200 - Sending NMToken for nodeId : nm:43476 for container : container_1571135162968_0001_01_000001
datanode_1  | 2019-10-15 10:26:31,998 INFO server.RaftServerConfigKeys: raft.server.log.appender.buffer.byte-limit = 33554432 (custom)
rm_1        | 2019-10-15 10:27:04 INFO  RMContainerImpl:480 - container_1571135162968_0001_01_000001 Container Transitioned from ALLOCATED to ACQUIRED
nm_1        | 2019-10-15 10:27:26 INFO  ContainersMonitorImpl:567 - container_1571135162968_0001_01_000003's ip = 172.18.0.5, and hostname = nm
datanode_1  | 2019-10-15 10:26:31,998 INFO server.RaftServerConfigKeys: raft.server.log.appender.buffer.element-limit = 1 (custom)
rm_1        | 2019-10-15 10:27:04 INFO  NMTokenSecretManagerInRM:146 - Clear node set for appattempt_1571135162968_0001_000001
nm_1        | 2019-10-15 10:27:29 INFO  ContainersMonitorImpl:468 - Skipping monitoring container container_1571135162968_0001_01_000003 since CPU usage is not yet available.
datanode_1  | 2019-10-15 10:26:31,998 INFO grpc.GrpcConfigKeys$Server: raft.grpc.server.leader.outstanding.appends.max = 128 (default)
rm_1        | 2019-10-15 10:27:04 INFO  RMAppAttemptImpl:2221 - Storing attempt: AppId: application_1571135162968_0001 AttemptId: appattempt_1571135162968_0001_000001 MasterContainer: Container: [ContainerId: container_1571135162968_0001_01_000001, AllocationRequestId: -1, Version: 0, NodeId: nm:43476, NodeHttpAddress: nm:8042, Resource: <memory:2048, vCores:1>, Priority: 0, Token: Token { kind: ContainerToken, service: 172.18.0.5:43476 }, ExecutionType: GUARANTEED, ]
nm_1        | 2019-10-15 10:27:29 INFO  ContainerLaunch:589 - Container container_1571135162968_0001_01_000003 succeeded 
datanode_1  | 2019-10-15 10:26:31,998 INFO server.RaftServerConfigKeys: raft.server.rpc.request.timeout = 3000ms (default)
nm_1        | 2019-10-15 10:27:29 INFO  ContainerImpl:2126 - Container container_1571135162968_0001_01_000003 transitioned from RUNNING to EXITED_WITH_SUCCESS
rm_1        | 2019-10-15 10:27:04 INFO  ParentQueue:1340 - assignedContainer queue=root usedCapacity=0.25 absoluteUsedCapacity=0.25 used=<memory:2048, vCores:1> cluster=<memory:8192, vCores:8>
nm_1        | 2019-10-15 10:27:29 INFO  ContainerLaunch:745 - Cleaning up container container_1571135162968_0001_01_000003
datanode_1  | 2019-10-15 10:26:31,999 INFO server.RaftServerConfigKeys: raft.server.log.appender.install.snapshot.enabled = false (custom)
rm_1        | 2019-10-15 10:27:04 INFO  CapacityScheduler:2894 - Allocation proposal accepted
nm_1        | 2019-10-15 10:27:29 INFO  Configuration:3318 - Removed undeclared tags:
datanode_1  | 2019-10-15 10:26:32,001 INFO impl.RoleInfo: ecee3f67-7eea-40be-acfd-305d693066e5: start LeaderState
rm_1        | 2019-10-15 10:27:04 INFO  RMAppAttemptImpl:927 - appattempt_1571135162968_0001_000001 State change from SCHEDULED to ALLOCATED_SAVING on event = CONTAINER_ALLOCATED
nm_1        | 2019-10-15 10:27:29 INFO  DefaultContainerExecutor:634 - Deleting absolute path : /tmp/hadoop-hadoop/nm-local-dir/usercache/hadoop/appcache/application_1571135162968_0001/container_1571135162968_0001_01_000003/launch_container.sh
datanode_1  | 2019-10-15 10:26:32,001 INFO segmented.SegmentedRaftLogWorker: ecee3f67-7eea-40be-acfd-305d693066e5@group-FCF3993EFC12-SegmentedRaftLogWorker: Starting segment from index:0
rm_1        | 2019-10-15 10:27:04 INFO  RMAppAttemptImpl:927 - appattempt_1571135162968_0001_000001 State change from ALLOCATED_SAVING to ALLOCATED on event = ATTEMPT_NEW_SAVED
nm_1        | 2019-10-15 10:27:29 INFO  DefaultContainerExecutor:634 - Deleting absolute path : /tmp/hadoop-hadoop/nm-local-dir/usercache/hadoop/appcache/application_1571135162968_0001/container_1571135162968_0001_01_000003/container_tokens
rm_1        | 2019-10-15 10:27:04 INFO  AMLauncher:307 - Launching masterappattempt_1571135162968_0001_000001
datanode_1  | 2019-10-15 10:26:32,003 INFO impl.RaftServerImpl: ecee3f67-7eea-40be-acfd-305d693066e5@group-FCF3993EFC12: set configuration 0: [ecee3f67-7eea-40be-acfd-305d693066e5:172.18.0.9:9858, 9086cde3-f726-4ec4-b4ed-20a7230a75c2:172.18.0.8:9858, 8cef1861-7511-47f8-94b7-210aad78b31c:172.18.0.6:9858], old=null at 0
nm_1        | 2019-10-15 10:27:29 INFO  NMAuditLogger:94 - USER=hadoop	OPERATION=Container Finished - Succeeded	TARGET=ContainerImpl	RESULT=SUCCESS	APPID=application_1571135162968_0001	CONTAINERID=container_1571135162968_0001_01_000003
rm_1        | 2019-10-15 10:27:04 INFO  AMLauncher:109 - Setting up container Container: [ContainerId: container_1571135162968_0001_01_000001, AllocationRequestId: -1, Version: 0, NodeId: nm:43476, NodeHttpAddress: nm:8042, Resource: <memory:2048, vCores:1>, Priority: 0, Token: Token { kind: ContainerToken, service: 172.18.0.5:43476 }, ExecutionType: GUARANTEED, ] for AM appattempt_1571135162968_0001_000001
datanode_1  | 2019-10-15 10:26:32,058 INFO segmented.SegmentedRaftLogWorker: ecee3f67-7eea-40be-acfd-305d693066e5@group-FCF3993EFC12-SegmentedRaftLogWorker: created new log segment /data/metadata/ratis/76a7d97d-7545-4d10-a5cf-fcf3993efc12/current/log_inprogress_0
nm_1        | 2019-10-15 10:27:29 INFO  ContainerImpl:2126 - Container container_1571135162968_0001_01_000003 transitioned from EXITED_WITH_SUCCESS to DONE
rm_1        | 2019-10-15 10:27:04 INFO  AMRMTokenSecretManager:195 - Create AMRMToken for ApplicationAttempt: appattempt_1571135162968_0001_000001
datanode_1  | 2019-10-15 10:26:35,196 WARN client.GrpcClientProtocolService: 0-OrderedRequestStreamObserver0: onError: org.apache.ratis.thirdparty.io.grpc.StatusRuntimeException: CANCELLED: cancelled before receiving half close
nm_1        | 2019-10-15 10:27:29 INFO  ApplicationImpl:512 - Removing container_1571135162968_0001_01_000003 from application application_1571135162968_0001
rm_1        | 2019-10-15 10:27:04 INFO  AMRMTokenSecretManager:307 - Creating password for appattempt_1571135162968_0001_000001
rm_1        | 2019-10-15 10:27:05 INFO  AMLauncher:130 - Done launching container Container: [ContainerId: container_1571135162968_0001_01_000001, AllocationRequestId: -1, Version: 0, NodeId: nm:43476, NodeHttpAddress: nm:8042, Resource: <memory:2048, vCores:1>, Priority: 0, Token: Token { kind: ContainerToken, service: 172.18.0.5:43476 }, ExecutionType: GUARANTEED, ] for AM appattempt_1571135162968_0001_000001
nm_1        | 2019-10-15 10:27:29 INFO  ContainersMonitorImpl:934 - Stopping resource-monitoring for container_1571135162968_0001_01_000003
rm_1        | 2019-10-15 10:27:05 INFO  RMAppAttemptImpl:927 - appattempt_1571135162968_0001_000001 State change from ALLOCATED to LAUNCHED on event = LAUNCHED
nm_1        | 2019-10-15 10:27:29 INFO  AuxServices:350 - Got event CONTAINER_STOP for appId application_1571135162968_0001
nm_1        | 2019-10-15 10:27:31 INFO  Server:1845 - Auth successful for appattempt_1571135162968_0001_000001 (auth:SIMPLE)
rm_1        | 2019-10-15 10:27:05 INFO  RMContainerImpl:480 - container_1571135162968_0001_01_000001 Container Transitioned from ACQUIRED to RUNNING
nm_1        | 2019-10-15 10:27:31 INFO  ContainerManagerImpl:1070 - Start request for container_1571135162968_0001_01_000004 by user hadoop
nm_1        | 2019-10-15 10:27:31 INFO  NMAuditLogger:94 - USER=hadoop	IP=172.18.0.5	OPERATION=Start Container Request	TARGET=ContainerManageImpl	RESULT=SUCCESS	APPID=application_1571135162968_0001	CONTAINERID=container_1571135162968_0001_01_000004
rm_1        | 2019-10-15 10:27:14 INFO  Server:1845 - Auth successful for appattempt_1571135162968_0001_000001 (auth:SIMPLE)
nm_1        | 2019-10-15 10:27:31 INFO  ApplicationImpl:463 - Adding container_1571135162968_0001_01_000004 to application application_1571135162968_0001
rm_1        | 2019-10-15 10:27:14 INFO  DefaultAMSProcessor:127 - AM registration appattempt_1571135162968_0001_000001
nm_1        | 2019-10-15 10:27:31 INFO  ContainerImpl:2126 - Container container_1571135162968_0001_01_000004 transitioned from NEW to LOCALIZING
rm_1        | 2019-10-15 10:27:14 INFO  RMAuditLogger:294 - USER=hadoop	IP=172.18.0.5	OPERATION=Register App Master	TARGET=ApplicationMasterService	RESULT=SUCCESS	APPID=application_1571135162968_0001	APPATTEMPTID=appattempt_1571135162968_0001_000001
rm_1        | 2019-10-15 10:27:14 INFO  RMAppAttemptImpl:927 - appattempt_1571135162968_0001_000001 State change from LAUNCHED to RUNNING on event = REGISTERED
nm_1        | 2019-10-15 10:27:31 INFO  AuxServices:350 - Got event CONTAINER_INIT for appId application_1571135162968_0001
rm_1        | 2019-10-15 10:27:14 INFO  RMAppImpl:912 - application_1571135162968_0001 State change from ACCEPTED to RUNNING on event = ATTEMPT_REGISTERED
nm_1        | 2019-10-15 10:27:31 INFO  AuxServices:350 - Got event APPLICATION_INIT for appId application_1571135162968_0001
nm_1        | 2019-10-15 10:27:31 INFO  AuxServices:354 - Got APPLICATION_INIT for service mapreduce_shuffle
rm_1        | 2019-10-15 10:27:17 INFO  AbstractContainerAllocator:129 - assignedContainer application attempt=appattempt_1571135162968_0001_000001 container=null queue=default clusterResource=<memory:8192, vCores:8> type=RACK_LOCAL requestedPartition=
nm_1        | 2019-10-15 10:27:31 INFO  ShuffleHandler:719 - Added token for job_1571135162968_0001
rm_1        | 2019-10-15 10:27:17 INFO  RMContainerImpl:480 - container_1571135162968_0001_01_000002 Container Transitioned from NEW to ALLOCATED
nm_1        | 2019-10-15 10:27:31 INFO  ContainerImpl:2126 - Container container_1571135162968_0001_01_000004 transitioned from LOCALIZING to SCHEDULED
rm_1        | 2019-10-15 10:27:17 INFO  FiCaSchedulerNode:169 - Assigned container container_1571135162968_0001_01_000002 of capacity <memory:4096, vCores:1> on host nm:43476, which has 2 containers, <memory:6144, vCores:2> used and <memory:2048, vCores:6> available after allocation
nm_1        | 2019-10-15 10:27:31 INFO  ContainerScheduler:511 - Starting container [container_1571135162968_0001_01_000004]
rm_1        | 2019-10-15 10:27:17 INFO  RMAuditLogger:231 - USER=hadoop	OPERATION=AM Allocated Container	TARGET=SchedulerApp	RESULT=SUCCESS	APPID=application_1571135162968_0001	CONTAINERID=container_1571135162968_0001_01_000002	RESOURCE=<memory:4096, vCores:1>	QUEUENAME=default
nm_1        | 2019-10-15 10:27:31 INFO  Configuration:3318 - Removed undeclared tags:
rm_1        | 2019-10-15 10:27:17 INFO  ParentQueue:1340 - assignedContainer queue=root usedCapacity=0.75 absoluteUsedCapacity=0.75 used=<memory:6144, vCores:2> cluster=<memory:8192, vCores:8>
nm_1        | 2019-10-15 10:27:31 INFO  ContainerImpl:2126 - Container container_1571135162968_0001_01_000004 transitioned from SCHEDULED to RUNNING
nm_1        | 2019-10-15 10:27:31 INFO  ContainersMonitorImpl:943 - Starting resource-monitoring for container_1571135162968_0001_01_000004
nm_1        | 2019-10-15 10:27:31 INFO  DefaultContainerExecutor:370 - launchContainer: [bash, /tmp/hadoop-hadoop/nm-local-dir/usercache/hadoop/appcache/application_1571135162968_0001/container_1571135162968_0001_01_000004/default_container_executor.sh]
nm_1        | 2019-10-15 10:27:31 INFO  NodeStatusUpdaterImpl:696 - Removed completed containers from NM context: [container_1571135162968_0001_01_000003]
rm_1        | 2019-10-15 10:27:17 INFO  CapacityScheduler:2894 - Allocation proposal accepted
nm_1        | 2019-10-15 10:27:32 INFO  ContainersMonitorImpl:567 - container_1571135162968_0001_01_000004's ip = 172.18.0.5, and hostname = nm
rm_1        | 2019-10-15 10:27:17 INFO  NMTokenSecretManagerInRM:200 - Sending NMToken for nodeId : nm:43476 for container : container_1571135162968_0001_01_000002
nm_1        | 2019-10-15 10:27:35 INFO  ContainersMonitorImpl:468 - Skipping monitoring container container_1571135162968_0001_01_000004 since CPU usage is not yet available.
rm_1        | 2019-10-15 10:27:17 INFO  RMContainerImpl:480 - container_1571135162968_0001_01_000002 Container Transitioned from ALLOCATED to ACQUIRED
nm_1        | 2019-10-15 10:27:35 INFO  ContainerLaunch:589 - Container container_1571135162968_0001_01_000004 succeeded 
nm_1        | 2019-10-15 10:27:35 INFO  ContainerImpl:2126 - Container container_1571135162968_0001_01_000004 transitioned from RUNNING to EXITED_WITH_SUCCESS
nm_1        | 2019-10-15 10:27:35 INFO  ContainerLaunch:745 - Cleaning up container container_1571135162968_0001_01_000004
rm_1        | 2019-10-15 10:27:18 INFO  RMContainerImpl:480 - container_1571135162968_0001_01_000002 Container Transitioned from ACQUIRED to RUNNING
nm_1        | 2019-10-15 10:27:35 INFO  Configuration:3318 - Removed undeclared tags:
rm_1        | 2019-10-15 10:27:23 INFO  RMContainerImpl:480 - container_1571135162968_0001_01_000002 Container Transitioned from RUNNING to COMPLETED
nm_1        | 2019-10-15 10:27:35 INFO  DefaultContainerExecutor:634 - Deleting absolute path : /tmp/hadoop-hadoop/nm-local-dir/usercache/hadoop/appcache/application_1571135162968_0001/container_1571135162968_0001_01_000004/launch_container.sh
rm_1        | 2019-10-15 10:27:23 INFO  RMAuditLogger:231 - USER=hadoop	OPERATION=AM Released Container	TARGET=SchedulerApp	RESULT=SUCCESS	APPID=application_1571135162968_0001	CONTAINERID=container_1571135162968_0001_01_000002	RESOURCE=<memory:4096, vCores:1>	QUEUENAME=default
nm_1        | 2019-10-15 10:27:35 INFO  DefaultContainerExecutor:634 - Deleting absolute path : /tmp/hadoop-hadoop/nm-local-dir/usercache/hadoop/appcache/application_1571135162968_0001/container_1571135162968_0001_01_000004/container_tokens
rm_1        | 2019-10-15 10:27:24 INFO  AbstractContainerAllocator:129 - assignedContainer application attempt=appattempt_1571135162968_0001_000001 container=null queue=default clusterResource=<memory:8192, vCores:8> type=RACK_LOCAL requestedPartition=
rm_1        | 2019-10-15 10:27:24 INFO  RMContainerImpl:480 - container_1571135162968_0001_01_000003 Container Transitioned from NEW to ALLOCATED
nm_1        | 2019-10-15 10:27:35 INFO  NMAuditLogger:94 - USER=hadoop	OPERATION=Container Finished - Succeeded	TARGET=ContainerImpl	RESULT=SUCCESS	APPID=application_1571135162968_0001	CONTAINERID=container_1571135162968_0001_01_000004
rm_1        | 2019-10-15 10:27:24 INFO  FiCaSchedulerNode:169 - Assigned container container_1571135162968_0001_01_000003 of capacity <memory:4096, vCores:1> on host nm:43476, which has 2 containers, <memory:6144, vCores:2> used and <memory:2048, vCores:6> available after allocation
nm_1        | 2019-10-15 10:27:35 INFO  ContainerImpl:2126 - Container container_1571135162968_0001_01_000004 transitioned from EXITED_WITH_SUCCESS to DONE
rm_1        | 2019-10-15 10:27:24 INFO  RMAuditLogger:231 - USER=hadoop	OPERATION=AM Allocated Container	TARGET=SchedulerApp	RESULT=SUCCESS	APPID=application_1571135162968_0001	CONTAINERID=container_1571135162968_0001_01_000003	RESOURCE=<memory:4096, vCores:1>	QUEUENAME=default
nm_1        | 2019-10-15 10:27:35 INFO  ApplicationImpl:512 - Removing container_1571135162968_0001_01_000004 from application application_1571135162968_0001
rm_1        | 2019-10-15 10:27:24 INFO  ParentQueue:1340 - assignedContainer queue=root usedCapacity=0.75 absoluteUsedCapacity=0.75 used=<memory:6144, vCores:2> cluster=<memory:8192, vCores:8>
rm_1        | 2019-10-15 10:27:24 INFO  CapacityScheduler:2894 - Allocation proposal accepted
nm_1        | 2019-10-15 10:27:35 INFO  ContainersMonitorImpl:934 - Stopping resource-monitoring for container_1571135162968_0001_01_000004
rm_1        | 2019-10-15 10:27:24 INFO  RMContainerImpl:480 - container_1571135162968_0001_01_000003 Container Transitioned from ALLOCATED to ACQUIRED
nm_1        | 2019-10-15 10:27:35 INFO  AuxServices:350 - Got event CONTAINER_STOP for appId application_1571135162968_0001
rm_1        | 2019-10-15 10:27:25 INFO  RMContainerImpl:480 - container_1571135162968_0001_01_000003 Container Transitioned from ACQUIRED to RUNNING
nm_1        | 2019-10-15 10:27:36 INFO  Server:1845 - Auth successful for appattempt_1571135162968_0001_000001 (auth:SIMPLE)
rm_1        | 2019-10-15 10:27:29 INFO  RMContainerImpl:480 - container_1571135162968_0001_01_000003 Container Transitioned from RUNNING to COMPLETED
nm_1        | 2019-10-15 10:27:36 INFO  ContainerManagerImpl:1070 - Start request for container_1571135162968_0001_01_000005 by user hadoop
nm_1        | 2019-10-15 10:27:36 INFO  NMAuditLogger:94 - USER=hadoop	IP=172.18.0.5	OPERATION=Start Container Request	TARGET=ContainerManageImpl	RESULT=SUCCESS	APPID=application_1571135162968_0001	CONTAINERID=container_1571135162968_0001_01_000005
nm_1        | 2019-10-15 10:27:36 INFO  ApplicationImpl:463 - Adding container_1571135162968_0001_01_000005 to application application_1571135162968_0001
rm_1        | 2019-10-15 10:27:29 INFO  RMAuditLogger:231 - USER=hadoop	OPERATION=AM Released Container	TARGET=SchedulerApp	RESULT=SUCCESS	APPID=application_1571135162968_0001	CONTAINERID=container_1571135162968_0001_01_000003	RESOURCE=<memory:4096, vCores:1>	QUEUENAME=default
rm_1        | 2019-10-15 10:27:30 INFO  AbstractContainerAllocator:129 - assignedContainer application attempt=appattempt_1571135162968_0001_000001 container=null queue=default clusterResource=<memory:8192, vCores:8> type=RACK_LOCAL requestedPartition=
rm_1        | 2019-10-15 10:27:30 INFO  RMContainerImpl:480 - container_1571135162968_0001_01_000004 Container Transitioned from NEW to ALLOCATED
nm_1        | 2019-10-15 10:27:36 INFO  ContainerImpl:2126 - Container container_1571135162968_0001_01_000005 transitioned from NEW to LOCALIZING
rm_1        | 2019-10-15 10:27:30 INFO  FiCaSchedulerNode:169 - Assigned container container_1571135162968_0001_01_000004 of capacity <memory:4096, vCores:1> on host nm:43476, which has 2 containers, <memory:6144, vCores:2> used and <memory:2048, vCores:6> available after allocation
nm_1        | 2019-10-15 10:27:36 INFO  AuxServices:350 - Got event CONTAINER_INIT for appId application_1571135162968_0001
rm_1        | 2019-10-15 10:27:30 INFO  RMAuditLogger:231 - USER=hadoop	OPERATION=AM Allocated Container	TARGET=SchedulerApp	RESULT=SUCCESS	APPID=application_1571135162968_0001	CONTAINERID=container_1571135162968_0001_01_000004	RESOURCE=<memory:4096, vCores:1>	QUEUENAME=default
nm_1        | 2019-10-15 10:27:36 INFO  AuxServices:350 - Got event APPLICATION_INIT for appId application_1571135162968_0001
nm_1        | 2019-10-15 10:27:36 INFO  AuxServices:354 - Got APPLICATION_INIT for service mapreduce_shuffle
nm_1        | 2019-10-15 10:27:36 INFO  ShuffleHandler:719 - Added token for job_1571135162968_0001
nm_1        | 2019-10-15 10:27:36 INFO  ContainerImpl:2126 - Container container_1571135162968_0001_01_000005 transitioned from LOCALIZING to SCHEDULED
nm_1        | 2019-10-15 10:27:36 INFO  ContainerScheduler:511 - Starting container [container_1571135162968_0001_01_000005]
rm_1        | 2019-10-15 10:27:30 INFO  ParentQueue:1340 - assignedContainer queue=root usedCapacity=0.75 absoluteUsedCapacity=0.75 used=<memory:6144, vCores:2> cluster=<memory:8192, vCores:8>
nm_1        | 2019-10-15 10:27:36 INFO  Configuration:3318 - Removed undeclared tags:
nm_1        | 2019-10-15 10:27:36 INFO  ContainerImpl:2126 - Container container_1571135162968_0001_01_000005 transitioned from SCHEDULED to RUNNING
rm_1        | 2019-10-15 10:27:30 INFO  CapacityScheduler:2894 - Allocation proposal accepted
nm_1        | 2019-10-15 10:27:36 INFO  ContainersMonitorImpl:943 - Starting resource-monitoring for container_1571135162968_0001_01_000005
rm_1        | 2019-10-15 10:27:30 INFO  RMContainerImpl:480 - container_1571135162968_0001_01_000004 Container Transitioned from ALLOCATED to ACQUIRED
nm_1        | 2019-10-15 10:27:36 INFO  DefaultContainerExecutor:370 - launchContainer: [bash, /tmp/hadoop-hadoop/nm-local-dir/usercache/hadoop/appcache/application_1571135162968_0001/container_1571135162968_0001_01_000005/default_container_executor.sh]
rm_1        | 2019-10-15 10:27:31 INFO  RMContainerImpl:480 - container_1571135162968_0001_01_000004 Container Transitioned from ACQUIRED to RUNNING
nm_1        | 2019-10-15 10:27:38 INFO  NodeStatusUpdaterImpl:696 - Removed completed containers from NM context: [container_1571135162968_0001_01_000004]
rm_1        | 2019-10-15 10:27:32 INFO  AppSchedulingInfo:367 - checking for deactivate of application :application_1571135162968_0001
nm_1        | 2019-10-15 10:27:38 INFO  ContainersMonitorImpl:567 - container_1571135162968_0001_01_000005's ip = 172.18.0.5, and hostname = nm
rm_1        | 2019-10-15 10:27:36 INFO  RMContainerImpl:480 - container_1571135162968_0001_01_000004 Container Transitioned from RUNNING to COMPLETED
nm_1        | 2019-10-15 10:27:39 INFO  Configuration:3318 - Removed undeclared tags:
nm_1        | 2019-10-15 10:27:39 INFO  Configuration:3318 - Removed undeclared tags:
rm_1        | 2019-10-15 10:27:36 INFO  RMAuditLogger:231 - USER=hadoop	OPERATION=AM Released Container	TARGET=SchedulerApp	RESULT=SUCCESS	APPID=application_1571135162968_0001	CONTAINERID=container_1571135162968_0001_01_000004	RESOURCE=<memory:4096, vCores:1>	QUEUENAME=default
nm_1        | 2019-10-15 10:27:41 INFO  ContainersMonitorImpl:468 - Skipping monitoring container container_1571135162968_0001_01_000005 since CPU usage is not yet available.
rm_1        | 2019-10-15 10:27:36 INFO  AbstractContainerAllocator:129 - assignedContainer application attempt=appattempt_1571135162968_0001_000001 container=null queue=default clusterResource=<memory:8192, vCores:8> type=OFF_SWITCH requestedPartition=
nm_1        | 2019-10-15 10:27:41 INFO  Server:1845 - Auth successful for appattempt_1571135162968_0001_000001 (auth:SIMPLE)
rm_1        | 2019-10-15 10:27:36 INFO  RMContainerImpl:480 - container_1571135162968_0001_01_000005 Container Transitioned from NEW to ALLOCATED
nm_1        | 2019-10-15 10:27:41 INFO  ContainerManagerImpl:1409 - Stopping container with container Id: container_1571135162968_0001_01_000005
rm_1        | 2019-10-15 10:27:36 INFO  FiCaSchedulerNode:169 - Assigned container container_1571135162968_0001_01_000005 of capacity <memory:4096, vCores:1> on host nm:43476, which has 2 containers, <memory:6144, vCores:2> used and <memory:2048, vCores:6> available after allocation
nm_1        | 2019-10-15 10:27:41 INFO  NMAuditLogger:94 - USER=hadoop	IP=172.18.0.5	OPERATION=Stop Container Request	TARGET=ContainerManageImpl	RESULT=SUCCESS	APPID=application_1571135162968_0001	CONTAINERID=container_1571135162968_0001_01_000005
rm_1        | 2019-10-15 10:27:36 INFO  RMAuditLogger:231 - USER=hadoop	OPERATION=AM Allocated Container	TARGET=SchedulerApp	RESULT=SUCCESS	APPID=application_1571135162968_0001	CONTAINERID=container_1571135162968_0001_01_000005	RESOURCE=<memory:4096, vCores:1>	QUEUENAME=default
rm_1        | 2019-10-15 10:27:36 INFO  ParentQueue:1340 - assignedContainer queue=root usedCapacity=0.75 absoluteUsedCapacity=0.75 used=<memory:6144, vCores:2> cluster=<memory:8192, vCores:8>
nm_1        | 2019-10-15 10:27:41 INFO  ContainerImpl:2126 - Container container_1571135162968_0001_01_000005 transitioned from RUNNING to KILLING
rm_1        | 2019-10-15 10:27:36 INFO  CapacityScheduler:2894 - Allocation proposal accepted
nm_1        | 2019-10-15 10:27:41 INFO  ContainerLaunch:745 - Cleaning up container container_1571135162968_0001_01_000005
nm_1        | 2019-10-15 10:27:41 WARN  DefaultContainerExecutor:305 - Exit code from container container_1571135162968_0001_01_000005 is : 143
nm_1        | 2019-10-15 10:27:41 INFO  Configuration:3318 - Removed undeclared tags:
rm_1        | 2019-10-15 10:27:36 INFO  RMContainerImpl:480 - container_1571135162968_0001_01_000005 Container Transitioned from ALLOCATED to ACQUIRED
nm_1        | 2019-10-15 10:27:41 INFO  DefaultContainerExecutor:634 - Deleting absolute path : /tmp/hadoop-hadoop/nm-local-dir/usercache/hadoop/appcache/application_1571135162968_0001/container_1571135162968_0001_01_000005/launch_container.sh
rm_1        | 2019-10-15 10:27:37 INFO  RMContainerImpl:480 - container_1571135162968_0001_01_000005 Container Transitioned from ACQUIRED to RUNNING
nm_1        | 2019-10-15 10:27:41 INFO  DefaultContainerExecutor:634 - Deleting absolute path : /tmp/hadoop-hadoop/nm-local-dir/usercache/hadoop/appcache/application_1571135162968_0001/container_1571135162968_0001_01_000005/container_tokens
nm_1        | 2019-10-15 10:27:41 INFO  ContainerImpl:2126 - Container container_1571135162968_0001_01_000005 transitioned from KILLING to CONTAINER_CLEANEDUP_AFTER_KILL
nm_1        | 2019-10-15 10:27:41 INFO  NMAuditLogger:94 - USER=hadoop	OPERATION=Container Finished - Killed	TARGET=ContainerImpl	RESULT=SUCCESS	APPID=application_1571135162968_0001	CONTAINERID=container_1571135162968_0001_01_000005
rm_1        | 2019-10-15 10:27:37 INFO  AppSchedulingInfo:367 - checking for deactivate of application :application_1571135162968_0001
nm_1        | 2019-10-15 10:27:41 INFO  ContainerImpl:2126 - Container container_1571135162968_0001_01_000005 transitioned from CONTAINER_CLEANEDUP_AFTER_KILL to DONE
rm_1        | 2019-10-15 10:27:41 INFO  RMAppAttemptImpl:1420 - Updating application attempt appattempt_1571135162968_0001_000001 with final state: FINISHING, and exit status: -1000
nm_1        | 2019-10-15 10:27:41 INFO  ApplicationImpl:512 - Removing container_1571135162968_0001_01_000005 from application application_1571135162968_0001
nm_1        | 2019-10-15 10:27:41 INFO  ContainersMonitorImpl:934 - Stopping resource-monitoring for container_1571135162968_0001_01_000005
rm_1        | 2019-10-15 10:27:41 INFO  RMAppAttemptImpl:927 - appattempt_1571135162968_0001_000001 State change from RUNNING to FINAL_SAVING on event = UNREGISTERED
rm_1        | 2019-10-15 10:27:41 INFO  RMAppImpl:1278 - Updating application application_1571135162968_0001 with final state: FINISHING
nm_1        | 2019-10-15 10:27:41 INFO  AuxServices:350 - Got event CONTAINER_STOP for appId application_1571135162968_0001
rm_1        | 2019-10-15 10:27:41 INFO  RMAppImpl:912 - application_1571135162968_0001 State change from RUNNING to FINAL_SAVING on event = ATTEMPT_UNREGISTERED
nm_1        | 2019-10-15 10:27:48 INFO  ContainerLaunch:589 - Container container_1571135162968_0001_01_000001 succeeded 
nm_1        | 2019-10-15 10:27:48 INFO  ContainerImpl:2126 - Container container_1571135162968_0001_01_000001 transitioned from RUNNING to EXITED_WITH_SUCCESS
nm_1        | 2019-10-15 10:27:48 INFO  ContainerLaunch:745 - Cleaning up container container_1571135162968_0001_01_000001
rm_1        | 2019-10-15 10:27:41 INFO  RMStateStore:260 - Updating info for app: application_1571135162968_0001
rm_1        | 2019-10-15 10:27:41 INFO  RMAppAttemptImpl:927 - appattempt_1571135162968_0001_000001 State change from FINAL_SAVING to FINISHING on event = ATTEMPT_UPDATE_SAVED
nm_1        | 2019-10-15 10:27:48 INFO  Configuration:3318 - Removed undeclared tags:
rm_1        | 2019-10-15 10:27:41 INFO  RMAppImpl:912 - application_1571135162968_0001 State change from FINAL_SAVING to FINISHING on event = APP_UPDATE_SAVED
nm_1        | 2019-10-15 10:27:48 INFO  DefaultContainerExecutor:634 - Deleting absolute path : /tmp/hadoop-hadoop/nm-local-dir/usercache/hadoop/appcache/application_1571135162968_0001/container_1571135162968_0001_01_000001/launch_container.sh
rm_1        | 2019-10-15 10:27:41 INFO  RMContainerImpl:480 - container_1571135162968_0001_01_000005 Container Transitioned from RUNNING to COMPLETED
nm_1        | 2019-10-15 10:27:48 INFO  DefaultContainerExecutor:634 - Deleting absolute path : /tmp/hadoop-hadoop/nm-local-dir/usercache/hadoop/appcache/application_1571135162968_0001/container_1571135162968_0001_01_000001/container_tokens
rm_1        | 2019-10-15 10:27:41 INFO  RMAuditLogger:231 - USER=hadoop	OPERATION=AM Released Container	TARGET=SchedulerApp	RESULT=SUCCESS	APPID=application_1571135162968_0001	CONTAINERID=container_1571135162968_0001_01_000005	RESOURCE=<memory:4096, vCores:1>	QUEUENAME=default
rm_1        | 2019-10-15 10:27:42 INFO  ApplicationMasterService:313 - application_1571135162968_0001 unregistered successfully. 
nm_1        | 2019-10-15 10:27:48 INFO  NMAuditLogger:94 - USER=hadoop	OPERATION=Container Finished - Succeeded	TARGET=ContainerImpl	RESULT=SUCCESS	APPID=application_1571135162968_0001	CONTAINERID=container_1571135162968_0001_01_000001
rm_1        | 2019-10-15 10:27:47 INFO  ClientRMService:341 - Allocated new applicationId: 2
nm_1        | 2019-10-15 10:27:48 INFO  ContainerImpl:2126 - Container container_1571135162968_0001_01_000001 transitioned from EXITED_WITH_SUCCESS to DONE
nm_1        | 2019-10-15 10:27:48 INFO  ApplicationImpl:512 - Removing container_1571135162968_0001_01_000001 from application application_1571135162968_0001
nm_1        | 2019-10-15 10:27:48 INFO  ContainersMonitorImpl:934 - Stopping resource-monitoring for container_1571135162968_0001_01_000001
rm_1        | 2019-10-15 10:27:48 INFO  RMContainerImpl:480 - container_1571135162968_0001_01_000001 Container Transitioned from RUNNING to COMPLETED
nm_1        | 2019-10-15 10:27:48 INFO  AuxServices:350 - Got event CONTAINER_STOP for appId application_1571135162968_0001
rm_1        | 2019-10-15 10:27:48 INFO  ApplicationMasterService:496 - Unregistering app attempt : appattempt_1571135162968_0001_000001
nm_1        | 2019-10-15 10:27:48 INFO  Server:1845 - Auth successful for appattempt_1571135162968_0001_000001 (auth:SIMPLE)
rm_1        | 2019-10-15 10:27:48 INFO  RMAuditLogger:231 - USER=hadoop	OPERATION=AM Released Container	TARGET=SchedulerApp	RESULT=SUCCESS	APPID=application_1571135162968_0001	CONTAINERID=container_1571135162968_0001_01_000001	RESOURCE=<memory:2048, vCores:1>	QUEUENAME=default
nm_1        | 2019-10-15 10:27:48 INFO  ContainerManagerImpl:1409 - Stopping container with container Id: container_1571135162968_0001_01_000001
rm_1        | 2019-10-15 10:27:48 INFO  AMRMTokenSecretManager:124 - Application finished, removing password for appattempt_1571135162968_0001_000001
rm_1        | 2019-10-15 10:27:48 INFO  RMAppAttemptImpl:927 - appattempt_1571135162968_0001_000001 State change from FINISHING to FINISHED on event = CONTAINER_FINISHED
nm_1        | 2019-10-15 10:27:48 INFO  NMAuditLogger:94 - USER=hadoop	IP=172.18.0.2	OPERATION=Stop Container Request	TARGET=ContainerManageImpl	RESULT=SUCCESS	APPID=application_1571135162968_0001	CONTAINERID=container_1571135162968_0001_01_000001
rm_1        | 2019-10-15 10:27:48 INFO  RMAppImpl:912 - application_1571135162968_0001 State change from FINISHING to FINISHED on event = ATTEMPT_FINISHED
nm_1        | 2019-10-15 10:27:49 INFO  NodeStatusUpdaterImpl:696 - Removed completed containers from NM context: [container_1571135162968_0001_01_000001]
rm_1        | 2019-10-15 10:27:48 INFO  CapacityScheduler:1049 - Application Attempt appattempt_1571135162968_0001_000001 is done. finalState=FINISHED
nm_1        | 2019-10-15 10:27:49 INFO  ApplicationImpl:655 - Application application_1571135162968_0001 transitioned from RUNNING to APPLICATION_RESOURCES_CLEANINGUP
nm_1        | 2019-10-15 10:27:49 INFO  AuxServices:350 - Got event APPLICATION_STOP for appId application_1571135162968_0001
nm_1        | 2019-10-15 10:27:49 INFO  ApplicationImpl:655 - Application application_1571135162968_0001 transitioned from APPLICATION_RESOURCES_CLEANINGUP to FINISHED
rm_1        | 2019-10-15 10:27:48 INFO  AppSchedulingInfo:159 - Application application_1571135162968_0001 requests cleared
nm_1        | 2019-10-15 10:27:49 INFO  NonAggregatingLogHandler:173 - Scheduling Log Deletion for application: application_1571135162968_0001, with delay of 10800 seconds
rm_1        | 2019-10-15 10:27:48 INFO  AMLauncher:317 - Cleaning master appattempt_1571135162968_0001_000001
nm_1        | 2019-10-15 10:27:50 INFO  Server:1845 - Auth successful for appattempt_1571135162968_0002_000001 (auth:SIMPLE)
rm_1        | 2019-10-15 10:27:48 INFO  LeafQueue:1003 - Application removed - appId: application_1571135162968_0001 user: hadoop queue: default #user-pending-applications: 0 #user-active-applications: 0 #queue-pending-applications: 0 #queue-active-applications: 0
rm_1        | 2019-10-15 10:27:48 INFO  ParentQueue:522 - Application removed - appId: application_1571135162968_0001 user: hadoop leaf-queue of parent: root #applications: 0
nm_1        | 2019-10-15 10:27:50 INFO  ContainerManagerImpl:1070 - Start request for container_1571135162968_0002_01_000001 by user hadoop
rm_1        | 2019-10-15 10:27:48 INFO  RMAuditLogger:358 - USER=hadoop	OPERATION=Application Finished - Succeeded	TARGET=RMAppManager	RESULT=SUCCESS	APPID=application_1571135162968_0001
nm_1        | 2019-10-15 10:27:50 INFO  ContainerManagerImpl:1122 - Creating a new application reference for app application_1571135162968_0002
rm_1        | 2019-10-15 10:27:48 INFO  RMAppManager$ApplicationSummary:212 - appId=application_1571135162968_0001,name=QuasiMonteCarlo,user=hadoop,queue=default,state=FINISHED,trackingUrl=http://rm:8088/proxy/application_1571135162968_0001/,appMasterHost=nm,submitTime=1571135223875,startTime=1571135223950,finishTime=1571135261851,finalStatus=SUCCEEDED,memorySeconds=182040,vcoreSeconds=65,preemptedMemorySeconds=0,preemptedVcoreSeconds=0,preemptedAMContainers=0,preemptedNonAMContainers=0,preemptedResources=<memory:0\, vCores:0>,applicationType=MAPREDUCE,resourceSeconds=182040 MB-seconds\, 65 vcore-seconds,preemptedResourceSeconds=0 MB-seconds\, 0 vcore-seconds
rm_1        | 2019-10-15 10:27:49 INFO  CapacityScheduler:2500 - Application 'application_1571135162968_0002' is submitted without priority hence considering default queue/cluster priority: 0
nm_1        | 2019-10-15 10:27:50 INFO  NMAuditLogger:94 - USER=hadoop	IP=172.18.0.2	OPERATION=Start Container Request	TARGET=ContainerManageImpl	RESULT=SUCCESS	APPID=application_1571135162968_0002	CONTAINERID=container_1571135162968_0002_01_000001
rm_1        | 2019-10-15 10:27:49 INFO  CapacityScheduler:2521 - Priority '0' is acceptable in queue : default for application: application_1571135162968_0002
rm_1        | 2019-10-15 10:27:49 INFO  ClientRMService:650 - Application with id 2 submitted by user hadoop
rm_1        | 2019-10-15 10:27:49 INFO  RMAuditLogger:310 - USER=hadoop	IP=172.18.0.2	OPERATION=Submit Application Request	TARGET=ClientRMService	RESULT=SUCCESS	APPID=application_1571135162968_0002	QUEUENAME=default
nm_1        | 2019-10-15 10:27:50 INFO  ApplicationImpl:655 - Application application_1571135162968_0002 transitioned from NEW to INITING
rm_1        | 2019-10-15 10:27:49 INFO  RMAppImpl:1259 - Storing application with id application_1571135162968_0002
nm_1        | 2019-10-15 10:27:50 INFO  ApplicationImpl:463 - Adding container_1571135162968_0002_01_000001 to application application_1571135162968_0002
rm_1        | 2019-10-15 10:27:49 INFO  RMStateStore:222 - Storing info for app: application_1571135162968_0002
nm_1        | 2019-10-15 10:27:50 INFO  ApplicationImpl:655 - Application application_1571135162968_0002 transitioned from INITING to RUNNING
rm_1        | 2019-10-15 10:27:49 INFO  RMAppImpl:912 - application_1571135162968_0002 State change from NEW to NEW_SAVING on event = START
nm_1        | 2019-10-15 10:27:50 INFO  ContainerImpl:2126 - Container container_1571135162968_0002_01_000001 transitioned from NEW to LOCALIZING
nm_1        | 2019-10-15 10:27:50 INFO  AuxServices:350 - Got event CONTAINER_INIT for appId application_1571135162968_0002
nm_1        | 2019-10-15 10:27:50 INFO  ResourceLocalizationService:801 - Created localizer for container_1571135162968_0002_01_000001
nm_1        | 2019-10-15 10:27:50 INFO  ResourceLocalizationService:1331 - Writing credentials to the nmPrivate file /tmp/hadoop-hadoop/nm-local-dir/nmPrivate/container_1571135162968_0002_01_000001.tokens
nm_1        | 2019-10-15 10:27:50 INFO  DefaultContainerExecutor:836 - Initializing user hadoop
rm_1        | 2019-10-15 10:27:49 INFO  RMAppImpl:912 - application_1571135162968_0002 State change from NEW_SAVING to SUBMITTED on event = APP_NEW_SAVED
nm_1        | 2019-10-15 10:27:50 INFO  DefaultContainerExecutor:166 - Copying from /tmp/hadoop-hadoop/nm-local-dir/nmPrivate/container_1571135162968_0002_01_000001.tokens to /tmp/hadoop-hadoop/nm-local-dir/usercache/hadoop/appcache/application_1571135162968_0002/container_1571135162968_0002_01_000001.tokens
nm_1        | 2019-10-15 10:27:50 INFO  DefaultContainerExecutor:174 - Localizer CWD set to /tmp/hadoop-hadoop/nm-local-dir/usercache/hadoop/appcache/application_1571135162968_0002 = file:/tmp/hadoop-hadoop/nm-local-dir/usercache/hadoop/appcache/application_1571135162968_0002
rm_1        | 2019-10-15 10:27:49 INFO  ParentQueue:494 - Application added - appId: application_1571135162968_0002 user: hadoop leaf-queue of parent: root #applications: 1
nm_1        | 2019-10-15 10:27:50 INFO  Configuration:3318 - Removed undeclared tags:
rm_1        | 2019-10-15 10:27:49 INFO  CapacityScheduler:954 - Accepted application application_1571135162968_0002 from user: hadoop, in queue: default
nm_1        | 2019-10-15 10:27:50 INFO  ContainerLocalizer:139 - Disk Validator: yarn.nodemanager.disk-validator is loaded.
