datanode_3  | 2019-10-13 09:20:23,041 INFO server.RaftServerConfigKeys: raft.server.log.queue.element-limit = 1024 (custom)
datanode_1  | 2019-10-13 09:20:23,037 INFO server.RaftServerConfigKeys: raft.server.log.use.memory = false (default)
datanode_2  | 2019-10-13 09:20:23,037 INFO segmented.SegmentedRaftLogWorker: new 5243d106-c59f-4c56-8053-366177b0cb0e@group-EFA93B29F849-SegmentedRaftLogWorker for RaftStorage:Storage Directory /data/metadata/ratis/d2a6fc58-7bb1-4b84-8176-efa93b29f849
s3g_1       | 	at org.apache.ratis.grpc.client.GrpcClientProtocolClient$AsyncStreamObservers.timeoutCheck(GrpcClientProtocolClient.java:324)
om_1        | 	at org.apache.hadoop.hdds.server.OzoneProtocolMessageDispatcher.processRequest(OzoneProtocolMessageDispatcher.java:72)
datanode_3  | 2019-10-13 09:20:23,041 INFO server.RaftServerConfigKeys: raft.server.log.segment.size.max = 1048576 (custom)
datanode_1  | 2019-10-13 09:20:23,038 INFO server.RaftServerConfigKeys: raft.server.log.purge.gap = 1000000 (custom)
datanode_2  | 2019-10-13 09:20:23,038 INFO server.RaftServerConfigKeys: raft.server.log.queue.byte-limit = 2147483647 (custom)
s3g_1       | 	at org.apache.ratis.grpc.client.GrpcClientProtocolClient$AsyncStreamObservers.lambda$onNext$1(GrpcClientProtocolClient.java:318)
om_1        | 	at org.apache.hadoop.ozone.protocolPB.OzoneManagerProtocolServerSideTranslatorPB.submitRequest(OzoneManagerProtocolServerSideTranslatorPB.java:100)
datanode_3  | 2019-10-13 09:20:23,042 INFO server.RaftServerConfigKeys: raft.server.log.preallocated.size = 16384 (custom)
datanode_1  | 2019-10-13 09:20:23,038 INFO server.RaftServerConfigKeys: raft.server.log.appender.buffer.byte-limit = 33554432 (custom)
datanode_2  | 2019-10-13 09:20:23,038 INFO server.RaftServerConfigKeys: raft.server.log.queue.element-limit = 1024 (custom)
s3g_1       | 	at org.apache.ratis.util.TimeoutScheduler.lambda$onTimeout$0(TimeoutScheduler.java:113)
om_1        | 	at org.apache.hadoop.ozone.protocol.proto.OzoneManagerProtocolProtos$OzoneManagerService$2.callBlockingMethod(OzoneManagerProtocolProtos.java)
datanode_3  | 2019-10-13 09:20:23,042 INFO server.RaftServerConfigKeys: raft.server.log.write.buffer.size = 33554432 (custom)
datanode_1  | 2019-10-13 09:20:23,039 INFO server.RaftServerConfigKeys: raft.server.log.segment.size.max = 1048576 (custom)
datanode_2  | 2019-10-13 09:20:23,038 INFO server.RaftServerConfigKeys: raft.server.log.segment.size.max = 1048576 (custom)
s3g_1       | 	at org.apache.ratis.util.TimeoutScheduler.lambda$onTimeout$1(TimeoutScheduler.java:133)
om_1        | 	at org.apache.hadoop.ipc.ProtobufRpcEngine$Server$ProtoBufRpcInvoker.call(ProtobufRpcEngine.java:524)
datanode_3  | 2019-10-13 09:20:23,042 INFO server.RaftServerConfigKeys: raft.server.log.force.sync.num = 128 (default)
datanode_1  | 2019-10-13 09:20:23,040 INFO server.RaftServerConfigKeys: raft.server.log.segment.cache.num.max = 2 (custom)
s3g_1       | 	at org.apache.ratis.util.LogUtils.runAndLog(LogUtils.java:50)
datanode_2  | 2019-10-13 09:20:23,038 INFO server.RaftServerConfigKeys: raft.server.log.preallocated.size = 16384 (custom)
om_1        | 	at org.apache.hadoop.ipc.RPC$Server.call(RPC.java:1025)
datanode_3  | 2019-10-13 09:20:23,042 INFO server.RaftServerConfigKeys: raft.server.log.statemachine.data.sync = true (default)
datanode_1  | 2019-10-13 09:20:23,040 INFO segmented.SegmentedRaftLogWorker: new 78dbb106-b4ec-4979-b1ce-7ec6b7be2281@group-EFA93B29F849-SegmentedRaftLogWorker for RaftStorage:Storage Directory /data/metadata/ratis/d2a6fc58-7bb1-4b84-8176-efa93b29f849
s3g_1       | 	at org.apache.ratis.util.LogUtils$1.run(LogUtils.java:91)
om_1        | 	at org.apache.hadoop.ipc.Server$RpcCall.run(Server.java:876)
datanode_2  | 2019-10-13 09:20:23,038 INFO server.RaftServerConfigKeys: raft.server.log.write.buffer.size = 33554432 (custom)
datanode_3  | 2019-10-13 09:20:23,042 INFO server.RaftServerConfigKeys: raft.server.log.statemachine.data.sync.timeout = 10s (default)
datanode_1  | 2019-10-13 09:20:23,040 INFO server.RaftServerConfigKeys: raft.server.log.queue.byte-limit = 2147483647 (custom)
s3g_1       | 	at java.base/java.util.concurrent.Executors$RunnableAdapter.call(Executors.java:515)
om_1        | 	at org.apache.hadoop.ipc.Server$RpcCall.run(Server.java:822)
datanode_2  | 2019-10-13 09:20:23,038 INFO server.RaftServerConfigKeys: raft.server.log.force.sync.num = 128 (default)
datanode_3  | 2019-10-13 09:20:23,043 INFO server.RaftServerConfigKeys: raft.server.log.statemachine.data.sync.timeout.retry = -1 (default)
datanode_1  | 2019-10-13 09:20:23,040 INFO server.RaftServerConfigKeys: raft.server.log.queue.element-limit = 1024 (custom)
s3g_1       | 	at java.base/java.util.concurrent.FutureTask.run(FutureTask.java:264)
om_1        | 	at java.base/java.security.AccessController.doPrivileged(Native Method)
datanode_2  | 2019-10-13 09:20:23,038 INFO server.RaftServerConfigKeys: raft.server.log.statemachine.data.sync = true (default)
datanode_3  | 2019-10-13 09:20:23,043 INFO server.RaftServerConfigKeys: raft.server.log.statemachine.data.caching.enabled = true (custom)
datanode_1  | 2019-10-13 09:20:23,040 INFO server.RaftServerConfigKeys: raft.server.log.segment.size.max = 1048576 (custom)
s3g_1       | 	at java.base/java.util.concurrent.ScheduledThreadPoolExecutor$ScheduledFutureTask.run(ScheduledThreadPoolExecutor.java:304)
om_1        | 	at java.base/javax.security.auth.Subject.doAs(Subject.java:423)
datanode_2  | 2019-10-13 09:20:23,038 INFO server.RaftServerConfigKeys: raft.server.log.statemachine.data.sync.timeout = 10s (default)
datanode_3  | 2019-10-13 09:20:23,043 INFO segmented.SegmentedRaftLogWorker: c269b040-32c9-423f-8541-9e5ee8c9d885@group-EFA93B29F849-SegmentedRaftLogWorker: flushIndex: setUnconditionally 0 -> -1
datanode_1  | 2019-10-13 09:20:23,041 INFO server.RaftServerConfigKeys: raft.server.log.preallocated.size = 16384 (custom)
s3g_1       | 	at java.base/java.util.concurrent.ThreadPoolExecutor.runWorker(ThreadPoolExecutor.java:1128)
om_1        | 	at org.apache.hadoop.security.UserGroupInformation.doAs(UserGroupInformation.java:1730)
datanode_2  | 2019-10-13 09:20:23,038 INFO server.RaftServerConfigKeys: raft.server.log.statemachine.data.sync.timeout.retry = -1 (default)
datanode_3  | 2019-10-13 09:20:23,044 INFO server.RaftServerConfigKeys: raft.server.snapshot.auto.trigger.enabled = true (custom)
om_1        | 	at org.apache.hadoop.ipc.Server$Handler.run(Server.java:2682)
datanode_2  | 2019-10-13 09:20:23,039 INFO server.RaftServerConfigKeys: raft.server.log.statemachine.data.caching.enabled = true (custom)
s3g_1       | 	at java.base/java.util.concurrent.ThreadPoolExecutor$Worker.run(ThreadPoolExecutor.java:628)
datanode_3  | 2019-10-13 09:20:23,044 INFO server.RaftServerConfigKeys: raft.server.snapshot.auto.trigger.threshold = 10000 (custom)
datanode_1  | 2019-10-13 09:20:23,041 INFO server.RaftServerConfigKeys: raft.server.log.write.buffer.size = 33554432 (custom)
om_1        | 2019-10-13 09:22:53,529 [IPC Server handler 6 on 9862] ERROR      - Abort Multipart request is failed for KeyName multipartKey5 in VolumeName/Bucket s3408a471635b80160c579a897a992d8ed/bucket-57451
datanode_2  | 2019-10-13 09:20:23,039 INFO segmented.SegmentedRaftLogWorker: 5243d106-c59f-4c56-8053-366177b0cb0e@group-EFA93B29F849-SegmentedRaftLogWorker: flushIndex: setUnconditionally 0 -> -1
s3g_1       | 	at java.base/java.lang.Thread.run(Thread.java:834)
datanode_3  | 2019-10-13 09:20:23,044 INFO server.RaftServerConfigKeys: raft.server.snapshot.retention.file.num = 5 (custom)
datanode_1  | 2019-10-13 09:20:23,041 INFO server.RaftServerConfigKeys: raft.server.log.force.sync.num = 128 (default)
om_1        | NO_SUCH_MULTIPART_UPLOAD_ERROR org.apache.hadoop.ozone.om.exceptions.OMException: Abort Multipart Upload Failed: volume: s3408a471635b80160c579a897a992d8edbucket: bucket-57451key: multipartKey5
datanode_2  | 2019-10-13 09:20:23,039 INFO server.RaftServerConfigKeys: raft.server.snapshot.auto.trigger.enabled = true (custom)
s3g_1       | 2019-10-13 09:22:30,038 WARN util.TimeoutScheduler: Failed to task #0: java.lang.NullPointerException
datanode_3  | 2019-10-13 09:20:23,044 INFO server.RaftServerConfigKeys: raft.server.retrycache.expirytime = 600000ms (custom)
datanode_1  | 2019-10-13 09:20:23,041 INFO server.RaftServerConfigKeys: raft.server.log.statemachine.data.sync = true (default)
om_1        | 	at org.apache.hadoop.ozone.om.request.s3.multipart.S3MultipartUploadAbortRequest.validateAndUpdateCache(S3MultipartUploadAbortRequest.java:116)
datanode_2  | 2019-10-13 09:20:23,040 INFO server.RaftServerConfigKeys: raft.server.snapshot.auto.trigger.threshold = 10000 (custom)
datanode_3  | 2019-10-13 09:20:23,051 INFO impl.RaftServerImpl: c269b040-32c9-423f-8541-9e5ee8c9d885@group-EFA93B29F849: start as a follower, conf=-1: [78dbb106-b4ec-4979-b1ce-7ec6b7be2281:172.18.0.2:9858, c269b040-32c9-423f-8541-9e5ee8c9d885:172.18.0.5:9858, 5243d106-c59f-4c56-8053-366177b0cb0e:172.18.0.7:9858], old=null
s3g_1       | 2019-10-13 09:22:34,609 [qtp212683148-30] ERROR      - Error in Complete Multipart Upload Request for bucket: bucket-57451, key: multipartKey2
datanode_1  | 2019-10-13 09:20:23,041 INFO server.RaftServerConfigKeys: raft.server.log.statemachine.data.sync.timeout = 10s (default)
om_1        | 	at org.apache.hadoop.ozone.protocolPB.OzoneManagerProtocolServerSideTranslatorPB.submitRequestDirectlyToOM(OzoneManagerProtocolServerSideTranslatorPB.java:219)
datanode_2  | 2019-10-13 09:20:23,040 INFO server.RaftServerConfigKeys: raft.server.snapshot.retention.file.num = 5 (custom)
datanode_3  | 2019-10-13 09:20:23,052 INFO impl.RaftServerImpl: c269b040-32c9-423f-8541-9e5ee8c9d885@group-EFA93B29F849: changes role from      null to FOLLOWER at term 0 for startAsFollower
s3g_1       | ENTITY_TOO_SMALL org.apache.hadoop.ozone.om.exceptions.OMException: Complete Multipart Upload Failed: Entity too small: volume: s3408a471635b80160c579a897a992d8edbucket: bucket-57451key: multipartKey2
datanode_1  | 2019-10-13 09:20:23,041 INFO server.RaftServerConfigKeys: raft.server.log.statemachine.data.sync.timeout.retry = -1 (default)
om_1        | 	at org.apache.hadoop.ozone.protocolPB.OzoneManagerProtocolServerSideTranslatorPB.processRequest(OzoneManagerProtocolServerSideTranslatorPB.java:134)
datanode_2  | 2019-10-13 09:20:23,040 INFO server.RaftServerConfigKeys: raft.server.retrycache.expirytime = 600000ms (custom)
datanode_3  | 2019-10-13 09:20:23,052 INFO impl.RoleInfo: c269b040-32c9-423f-8541-9e5ee8c9d885: start FollowerState
s3g_1       | 	at org.apache.hadoop.ozone.om.protocolPB.OzoneManagerProtocolClientSideTranslatorPB.handleError(OzoneManagerProtocolClientSideTranslatorPB.java:732)
datanode_1  | 2019-10-13 09:20:23,042 INFO server.RaftServerConfigKeys: raft.server.log.statemachine.data.caching.enabled = true (custom)
om_1        | 	at org.apache.hadoop.hdds.server.OzoneProtocolMessageDispatcher.processRequest(OzoneProtocolMessageDispatcher.java:72)
datanode_2  | 2019-10-13 09:20:23,047 INFO impl.RaftServerImpl: 5243d106-c59f-4c56-8053-366177b0cb0e@group-EFA93B29F849: start as a follower, conf=-1: [78dbb106-b4ec-4979-b1ce-7ec6b7be2281:172.18.0.2:9858, c269b040-32c9-423f-8541-9e5ee8c9d885:172.18.0.5:9858, 5243d106-c59f-4c56-8053-366177b0cb0e:172.18.0.7:9858], old=null
datanode_3  | 2019-10-13 09:20:23,052 INFO util.JmxRegister: Successfully registered JMX Bean with object name Ratis:service=RaftServer,group=group-EFA93B29F849,id=c269b040-32c9-423f-8541-9e5ee8c9d885
s3g_1       | 	at org.apache.hadoop.ozone.om.protocolPB.OzoneManagerProtocolClientSideTranslatorPB.completeMultipartUpload(OzoneManagerProtocolClientSideTranslatorPB.java:1104)
datanode_1  | 2019-10-13 09:20:23,042 INFO segmented.SegmentedRaftLogWorker: 78dbb106-b4ec-4979-b1ce-7ec6b7be2281@group-EFA93B29F849-SegmentedRaftLogWorker: flushIndex: setUnconditionally 0 -> -1
om_1        | 	at org.apache.hadoop.ozone.protocolPB.OzoneManagerProtocolServerSideTranslatorPB.submitRequest(OzoneManagerProtocolServerSideTranslatorPB.java:100)
datanode_2  | 2019-10-13 09:20:23,047 INFO impl.RaftServerImpl: 5243d106-c59f-4c56-8053-366177b0cb0e@group-EFA93B29F849: changes role from      null to FOLLOWER at term 0 for startAsFollower
datanode_3  | 2019-10-13 09:20:27,812 INFO impl.FollowerState: c269b040-32c9-423f-8541-9e5ee8c9d885@group-08FA006EA3F7-FollowerState: change to CANDIDATE, lastRpcTime:5037ms, electionTimeout:5036ms
s3g_1       | 	at java.base/jdk.internal.reflect.NativeMethodAccessorImpl.invoke0(Native Method)
datanode_1  | 2019-10-13 09:20:23,043 INFO server.RaftServerConfigKeys: raft.server.snapshot.auto.trigger.enabled = true (custom)
om_1        | 	at org.apache.hadoop.ozone.protocol.proto.OzoneManagerProtocolProtos$OzoneManagerService$2.callBlockingMethod(OzoneManagerProtocolProtos.java)
datanode_2  | 2019-10-13 09:20:23,047 INFO impl.RoleInfo: 5243d106-c59f-4c56-8053-366177b0cb0e: start FollowerState
datanode_3  | 2019-10-13 09:20:27,814 INFO impl.RoleInfo: c269b040-32c9-423f-8541-9e5ee8c9d885: shutdown FollowerState
s3g_1       | 	at java.base/jdk.internal.reflect.NativeMethodAccessorImpl.invoke(NativeMethodAccessorImpl.java:62)
datanode_1  | 2019-10-13 09:20:23,043 INFO server.RaftServerConfigKeys: raft.server.snapshot.auto.trigger.threshold = 10000 (custom)
om_1        | 	at org.apache.hadoop.ipc.ProtobufRpcEngine$Server$ProtoBufRpcInvoker.call(ProtobufRpcEngine.java:524)
datanode_2  | 2019-10-13 09:20:23,048 INFO util.JmxRegister: Successfully registered JMX Bean with object name Ratis:service=RaftServer,group=group-EFA93B29F849,id=5243d106-c59f-4c56-8053-366177b0cb0e
datanode_3  | 2019-10-13 09:20:27,815 INFO impl.RaftServerImpl: c269b040-32c9-423f-8541-9e5ee8c9d885@group-08FA006EA3F7: changes role from  FOLLOWER to CANDIDATE at term 0 for changeToCandidate
s3g_1       | 	at java.base/jdk.internal.reflect.DelegatingMethodAccessorImpl.invoke(DelegatingMethodAccessorImpl.java:43)
datanode_1  | 2019-10-13 09:20:23,043 INFO server.RaftServerConfigKeys: raft.server.snapshot.retention.file.num = 5 (custom)
om_1        | 	at org.apache.hadoop.ipc.RPC$Server.call(RPC.java:1025)
datanode_2  | 2019-10-13 09:20:27,265 INFO impl.FollowerState: 5243d106-c59f-4c56-8053-366177b0cb0e@group-2BAD9F0D2C24-FollowerState: change to CANDIDATE, lastRpcTime:5148ms, electionTimeout:5147ms
datanode_3  | 2019-10-13 09:20:27,821 INFO impl.RoleInfo: c269b040-32c9-423f-8541-9e5ee8c9d885: start LeaderElection
s3g_1       | 	at java.base/java.lang.reflect.Method.invoke(Method.java:566)
datanode_1  | 2019-10-13 09:20:23,043 INFO server.RaftServerConfigKeys: raft.server.retrycache.expirytime = 600000ms (custom)
om_1        | 	at org.apache.hadoop.ipc.Server$RpcCall.run(Server.java:876)
datanode_2  | 2019-10-13 09:20:27,268 INFO impl.RoleInfo: 5243d106-c59f-4c56-8053-366177b0cb0e: shutdown FollowerState
datanode_3  | 2019-10-13 09:20:27,837 INFO impl.LeaderElection: c269b040-32c9-423f-8541-9e5ee8c9d885@group-08FA006EA3F7-LeaderElection1: begin an election at term 1 for -1: [c269b040-32c9-423f-8541-9e5ee8c9d885:172.18.0.5:9858], old=null
datanode_1  | 2019-10-13 09:20:23,048 INFO impl.RaftServerImpl: 78dbb106-b4ec-4979-b1ce-7ec6b7be2281@group-EFA93B29F849: start as a follower, conf=-1: [78dbb106-b4ec-4979-b1ce-7ec6b7be2281:172.18.0.2:9858, c269b040-32c9-423f-8541-9e5ee8c9d885:172.18.0.5:9858, 5243d106-c59f-4c56-8053-366177b0cb0e:172.18.0.7:9858], old=null
s3g_1       | 	at org.apache.hadoop.hdds.tracing.TraceAllMethod.invoke(TraceAllMethod.java:66)
om_1        | 	at org.apache.hadoop.ipc.Server$RpcCall.run(Server.java:822)
datanode_2  | 2019-10-13 09:20:27,269 INFO impl.RaftServerImpl: 5243d106-c59f-4c56-8053-366177b0cb0e@group-2BAD9F0D2C24: changes role from  FOLLOWER to CANDIDATE at term 0 for changeToCandidate
datanode_3  | 2019-10-13 09:20:27,839 INFO impl.RoleInfo: c269b040-32c9-423f-8541-9e5ee8c9d885: shutdown LeaderElection
datanode_1  | 2019-10-13 09:20:23,049 INFO impl.RaftServerImpl: 78dbb106-b4ec-4979-b1ce-7ec6b7be2281@group-EFA93B29F849: changes role from      null to FOLLOWER at term 0 for startAsFollower
om_1        | 	at java.base/java.security.AccessController.doPrivileged(Native Method)
datanode_3  | 2019-10-13 09:20:27,839 INFO impl.RaftServerImpl: c269b040-32c9-423f-8541-9e5ee8c9d885@group-08FA006EA3F7: changes role from CANDIDATE to LEADER at term 1 for changeToLeader
datanode_2  | 2019-10-13 09:20:27,274 INFO impl.RoleInfo: 5243d106-c59f-4c56-8053-366177b0cb0e: start LeaderElection
datanode_1  | 2019-10-13 09:20:23,049 INFO impl.RoleInfo: 78dbb106-b4ec-4979-b1ce-7ec6b7be2281: start FollowerState
om_1        | 	at java.base/javax.security.auth.Subject.doAs(Subject.java:423)
datanode_3  | 2019-10-13 09:20:27,840 INFO impl.RaftServerImpl: c269b040-32c9-423f-8541-9e5ee8c9d885@group-08FA006EA3F7: change Leader from null to c269b040-32c9-423f-8541-9e5ee8c9d885 at term 1 for becomeLeader, leader elected after 5203ms
s3g_1       | 	at com.sun.proxy.$Proxy84.completeMultipartUpload(Unknown Source)
datanode_2  | 2019-10-13 09:20:27,289 INFO impl.LeaderElection: 5243d106-c59f-4c56-8053-366177b0cb0e@group-2BAD9F0D2C24-LeaderElection1: begin an election at term 1 for -1: [5243d106-c59f-4c56-8053-366177b0cb0e:172.18.0.7:9858], old=null
datanode_1  | 2019-10-13 09:20:23,049 INFO util.JmxRegister: Successfully registered JMX Bean with object name Ratis:service=RaftServer,group=group-EFA93B29F849,id=78dbb106-b4ec-4979-b1ce-7ec6b7be2281
om_1        | 	at org.apache.hadoop.security.UserGroupInformation.doAs(UserGroupInformation.java:1730)
datanode_3  | 2019-10-13 09:20:27,845 INFO server.RaftServerConfigKeys: raft.server.staging.catchup.gap = 1000 (default)
s3g_1       | 	at org.apache.hadoop.ozone.client.rpc.RpcClient.completeMultipartUpload(RpcClient.java:883)
datanode_2  | 2019-10-13 09:20:27,291 INFO impl.RoleInfo: 5243d106-c59f-4c56-8053-366177b0cb0e: shutdown LeaderElection
datanode_1  | 2019-10-13 09:20:26,584 INFO impl.FollowerState: 78dbb106-b4ec-4979-b1ce-7ec6b7be2281@group-7E7320A9C9CE-FollowerState: change to CANDIDATE, lastRpcTime:5083ms, electionTimeout:5082ms
om_1        | 	at org.apache.hadoop.ipc.Server$Handler.run(Server.java:2682)
datanode_3  | 2019-10-13 09:20:27,846 INFO server.RaftServerConfigKeys: raft.server.rpc.sleep.time = 25ms (default)
s3g_1       | 	at org.apache.hadoop.ozone.client.OzoneBucket.completeMultipartUpload(OzoneBucket.java:445)
datanode_2  | 2019-10-13 09:20:27,291 INFO impl.RaftServerImpl: 5243d106-c59f-4c56-8053-366177b0cb0e@group-2BAD9F0D2C24: changes role from CANDIDATE to LEADER at term 1 for changeToLeader
datanode_1  | 2019-10-13 09:20:26,587 INFO impl.RoleInfo: 78dbb106-b4ec-4979-b1ce-7ec6b7be2281: shutdown FollowerState
om_1        | 2019-10-13 09:22:59,006 [IPC Server handler 3 on 9862] ERROR      - ALLOCATE_KEY failed for Key: multipartKey in volume/bucket:s3408a471635b80160c579a897a992d8ed/bucket-57451
datanode_3  | 2019-10-13 09:20:27,850 INFO server.RaftServerConfigKeys: raft.server.write.element-limit = 4096 (default)
s3g_1       | 	at org.apache.hadoop.ozone.s3.endpoint.ObjectEndpoint.completeMultipartUpload(ObjectEndpoint.java:498)
datanode_1  | 2019-10-13 09:20:26,588 INFO impl.RaftServerImpl: 78dbb106-b4ec-4979-b1ce-7ec6b7be2281@group-7E7320A9C9CE: changes role from  FOLLOWER to CANDIDATE at term 0 for changeToCandidate
om_1        | NO_SUCH_MULTIPART_UPLOAD_ERROR org.apache.hadoop.ozone.om.exceptions.OMException: No such Multipart upload is with specified uploadId random
datanode_3  | 2019-10-13 09:20:27,855 INFO server.RaftServerConfigKeys: raft.server.watch.timeout = 10s (default)
s3g_1       | 	at java.base/jdk.internal.reflect.NativeMethodAccessorImpl.invoke0(Native Method)
datanode_2  | 2019-10-13 09:20:27,292 INFO impl.RaftServerImpl: 5243d106-c59f-4c56-8053-366177b0cb0e@group-2BAD9F0D2C24: change Leader from null to 5243d106-c59f-4c56-8053-366177b0cb0e at term 1 for becomeLeader, leader elected after 5298ms
datanode_1  | 2019-10-13 09:20:26,593 INFO impl.RoleInfo: 78dbb106-b4ec-4979-b1ce-7ec6b7be2281: start LeaderElection
om_1        | 	at org.apache.hadoop.ozone.om.request.key.OMKeyRequest.prepareMultipartKeyInfo(OMKeyRequest.java:471)
datanode_3  | 2019-10-13 09:20:27,855 INFO server.RaftServerConfigKeys: raft.server.watch.timeout.denomination = 1s (default)
s3g_1       | 	at java.base/jdk.internal.reflect.NativeMethodAccessorImpl.invoke(NativeMethodAccessorImpl.java:62)
datanode_2  | 2019-10-13 09:20:27,297 INFO server.RaftServerConfigKeys: raft.server.staging.catchup.gap = 1000 (default)
datanode_1  | 2019-10-13 09:20:26,608 INFO impl.LeaderElection: 78dbb106-b4ec-4979-b1ce-7ec6b7be2281@group-7E7320A9C9CE-LeaderElection1: begin an election at term 1 for -1: [78dbb106-b4ec-4979-b1ce-7ec6b7be2281:172.18.0.2:9858], old=null
om_1        | 	at org.apache.hadoop.ozone.om.request.key.OMKeyRequest.prepareKeyInfo(OMKeyRequest.java:423)
datanode_3  | 2019-10-13 09:20:27,856 INFO server.RaftServerConfigKeys: raft.server.watch.element-limit = 65536 (default)
s3g_1       | 	at java.base/jdk.internal.reflect.DelegatingMethodAccessorImpl.invoke(DelegatingMethodAccessorImpl.java:43)
datanode_2  | 2019-10-13 09:20:27,298 INFO server.RaftServerConfigKeys: raft.server.rpc.sleep.time = 25ms (default)
datanode_1  | 2019-10-13 09:20:26,610 INFO impl.RoleInfo: 78dbb106-b4ec-4979-b1ce-7ec6b7be2281: shutdown LeaderElection
om_1        | 	at org.apache.hadoop.ozone.om.request.key.OMKeyCreateRequest.validateAndUpdateCache(OMKeyCreateRequest.java:179)
datanode_3  | 2019-10-13 09:20:27,871 INFO impl.RoleInfo: c269b040-32c9-423f-8541-9e5ee8c9d885: start LeaderState
s3g_1       | 	at java.base/java.lang.reflect.Method.invoke(Method.java:566)
datanode_2  | 2019-10-13 09:20:27,303 INFO server.RaftServerConfigKeys: raft.server.write.element-limit = 4096 (default)
datanode_1  | 2019-10-13 09:20:26,611 INFO impl.RaftServerImpl: 78dbb106-b4ec-4979-b1ce-7ec6b7be2281@group-7E7320A9C9CE: changes role from CANDIDATE to LEADER at term 1 for changeToLeader
om_1        | 	at org.apache.hadoop.ozone.protocolPB.OzoneManagerProtocolServerSideTranslatorPB.submitRequestDirectlyToOM(OzoneManagerProtocolServerSideTranslatorPB.java:219)
datanode_3  | 2019-10-13 09:20:27,896 INFO segmented.SegmentedRaftLogWorker: c269b040-32c9-423f-8541-9e5ee8c9d885@group-08FA006EA3F7-SegmentedRaftLogWorker: Starting segment from index:0
s3g_1       | 	at org.glassfish.jersey.server.model.internal.ResourceMethodInvocationHandlerFactory.lambda$static$0(ResourceMethodInvocationHandlerFactory.java:76)
datanode_2  | 2019-10-13 09:20:27,307 INFO server.RaftServerConfigKeys: raft.server.watch.timeout = 10s (default)
datanode_1  | 2019-10-13 09:20:26,611 INFO impl.RaftServerImpl: 78dbb106-b4ec-4979-b1ce-7ec6b7be2281@group-7E7320A9C9CE: change Leader from null to 78dbb106-b4ec-4979-b1ce-7ec6b7be2281 at term 1 for becomeLeader, leader elected after 5236ms
om_1        | 	at org.apache.hadoop.ozone.protocolPB.OzoneManagerProtocolServerSideTranslatorPB.processRequest(OzoneManagerProtocolServerSideTranslatorPB.java:134)
datanode_3  | 2019-10-13 09:20:27,907 INFO impl.RaftServerImpl: c269b040-32c9-423f-8541-9e5ee8c9d885@group-08FA006EA3F7: set configuration 0: [c269b040-32c9-423f-8541-9e5ee8c9d885:172.18.0.5:9858], old=null at 0
s3g_1       | 	at org.glassfish.jersey.server.model.internal.AbstractJavaResourceMethodDispatcher$1.run(AbstractJavaResourceMethodDispatcher.java:148)
datanode_2  | 2019-10-13 09:20:27,307 INFO server.RaftServerConfigKeys: raft.server.watch.timeout.denomination = 1s (default)
datanode_1  | 2019-10-13 09:20:26,618 INFO server.RaftServerConfigKeys: raft.server.staging.catchup.gap = 1000 (default)
om_1        | 	at org.apache.hadoop.hdds.server.OzoneProtocolMessageDispatcher.processRequest(OzoneProtocolMessageDispatcher.java:72)
datanode_3  | 2019-10-13 09:20:28,094 INFO impl.FollowerState: c269b040-32c9-423f-8541-9e5ee8c9d885@group-EFA93B29F849-FollowerState: change to CANDIDATE, lastRpcTime:5042ms, electionTimeout:5042ms
s3g_1       | 	at org.glassfish.jersey.server.model.internal.AbstractJavaResourceMethodDispatcher.invoke(AbstractJavaResourceMethodDispatcher.java:191)
datanode_2  | 2019-10-13 09:20:27,308 INFO server.RaftServerConfigKeys: raft.server.watch.element-limit = 65536 (default)
datanode_1  | 2019-10-13 09:20:26,618 INFO server.RaftServerConfigKeys: raft.server.rpc.sleep.time = 25ms (default)
om_1        | 	at org.apache.hadoop.ozone.protocolPB.OzoneManagerProtocolServerSideTranslatorPB.submitRequest(OzoneManagerProtocolServerSideTranslatorPB.java:100)
s3g_1       | 	at org.glassfish.jersey.server.model.internal.JavaResourceMethodDispatcherProvider$ResponseOutInvoker.doDispatch(JavaResourceMethodDispatcherProvider.java:200)
datanode_2  | 2019-10-13 09:20:27,320 INFO impl.RoleInfo: 5243d106-c59f-4c56-8053-366177b0cb0e: start LeaderState
datanode_1  | 2019-10-13 09:20:26,624 INFO server.RaftServerConfigKeys: raft.server.write.element-limit = 4096 (default)
om_1        | 	at org.apache.hadoop.ozone.protocol.proto.OzoneManagerProtocolProtos$OzoneManagerService$2.callBlockingMethod(OzoneManagerProtocolProtos.java)
datanode_3  | 2019-10-13 09:20:28,095 INFO impl.RoleInfo: c269b040-32c9-423f-8541-9e5ee8c9d885: shutdown FollowerState
s3g_1       | 	at org.glassfish.jersey.server.model.internal.AbstractJavaResourceMethodDispatcher.dispatch(AbstractJavaResourceMethodDispatcher.java:103)
datanode_2  | 2019-10-13 09:20:27,337 INFO segmented.SegmentedRaftLogWorker: 5243d106-c59f-4c56-8053-366177b0cb0e@group-2BAD9F0D2C24-SegmentedRaftLogWorker: Starting segment from index:0
datanode_1  | 2019-10-13 09:20:26,629 INFO server.RaftServerConfigKeys: raft.server.watch.timeout = 10s (default)
datanode_3  | 2019-10-13 09:20:28,096 INFO impl.RaftServerImpl: c269b040-32c9-423f-8541-9e5ee8c9d885@group-EFA93B29F849: changes role from  FOLLOWER to CANDIDATE at term 0 for changeToCandidate
om_1        | 	at org.apache.hadoop.ipc.ProtobufRpcEngine$Server$ProtoBufRpcInvoker.call(ProtobufRpcEngine.java:524)
s3g_1       | 	at org.glassfish.jersey.server.model.ResourceMethodInvoker.invoke(ResourceMethodInvoker.java:493)
datanode_2  | 2019-10-13 09:20:27,346 INFO impl.RaftServerImpl: 5243d106-c59f-4c56-8053-366177b0cb0e@group-2BAD9F0D2C24: set configuration 0: [5243d106-c59f-4c56-8053-366177b0cb0e:172.18.0.7:9858], old=null at 0
datanode_1  | 2019-10-13 09:20:26,630 INFO server.RaftServerConfigKeys: raft.server.watch.timeout.denomination = 1s (default)
datanode_3  | 2019-10-13 09:20:28,096 INFO impl.RoleInfo: c269b040-32c9-423f-8541-9e5ee8c9d885: start LeaderElection
s3g_1       | 	at org.glassfish.jersey.server.model.ResourceMethodInvoker.apply(ResourceMethodInvoker.java:415)
datanode_1  | 2019-10-13 09:20:26,631 INFO server.RaftServerConfigKeys: raft.server.watch.element-limit = 65536 (default)
datanode_3  | 2019-10-13 09:20:28,103 INFO segmented.SegmentedRaftLogWorker: c269b040-32c9-423f-8541-9e5ee8c9d885@group-08FA006EA3F7-SegmentedRaftLogWorker: created new log segment /data/metadata/ratis/24e6937a-b9d9-4f06-b981-08fa006ea3f7/current/log_inprogress_0
s3g_1       | 	at org.glassfish.jersey.server.model.ResourceMethodInvoker.apply(ResourceMethodInvoker.java:104)
datanode_1  | 2019-10-13 09:20:26,649 INFO impl.RoleInfo: 78dbb106-b4ec-4979-b1ce-7ec6b7be2281: start LeaderState
s3g_1       | 	at org.glassfish.jersey.server.ServerRuntime$1.run(ServerRuntime.java:277)
datanode_2  | 2019-10-13 09:20:27,472 INFO segmented.SegmentedRaftLogWorker: 5243d106-c59f-4c56-8053-366177b0cb0e@group-2BAD9F0D2C24-SegmentedRaftLogWorker: created new log segment /data/metadata/ratis/f03b97a6-8b54-4ff3-b07b-2bad9f0d2c24/current/log_inprogress_0
datanode_3  | 2019-10-13 09:20:28,105 INFO impl.LeaderElection: c269b040-32c9-423f-8541-9e5ee8c9d885@group-EFA93B29F849-LeaderElection2: begin an election at term 1 for -1: [78dbb106-b4ec-4979-b1ce-7ec6b7be2281:172.18.0.2:9858, c269b040-32c9-423f-8541-9e5ee8c9d885:172.18.0.5:9858, 5243d106-c59f-4c56-8053-366177b0cb0e:172.18.0.7:9858], old=null
s3g_1       | 	at org.glassfish.jersey.internal.Errors$1.call(Errors.java:272)
datanode_3  | 2019-10-13 09:20:28,328 INFO impl.LeaderElection: c269b040-32c9-423f-8541-9e5ee8c9d885@group-EFA93B29F849-LeaderElection2: Election REJECTED; received 2 response(s) [c269b040-32c9-423f-8541-9e5ee8c9d885<-78dbb106-b4ec-4979-b1ce-7ec6b7be2281#0:FAIL-t1, c269b040-32c9-423f-8541-9e5ee8c9d885<-5243d106-c59f-4c56-8053-366177b0cb0e#0:FAIL-t1] and 0 exception(s); c269b040-32c9-423f-8541-9e5ee8c9d885@group-EFA93B29F849:t1, leader=null, voted=c269b040-32c9-423f-8541-9e5ee8c9d885, raftlog=c269b040-32c9-423f-8541-9e5ee8c9d885@group-EFA93B29F849-SegmentedRaftLog:OPENED:c-1,f-1,i0, conf=-1: [78dbb106-b4ec-4979-b1ce-7ec6b7be2281:172.18.0.2:9858, c269b040-32c9-423f-8541-9e5ee8c9d885:172.18.0.5:9858, 5243d106-c59f-4c56-8053-366177b0cb0e:172.18.0.7:9858], old=null
om_1        | 	at org.apache.hadoop.ipc.RPC$Server.call(RPC.java:1025)
datanode_1  | 2019-10-13 09:20:26,678 INFO segmented.SegmentedRaftLogWorker: 78dbb106-b4ec-4979-b1ce-7ec6b7be2281@group-7E7320A9C9CE-SegmentedRaftLogWorker: Starting segment from index:0
datanode_3  | 2019-10-13 09:20:28,331 INFO impl.RaftServerImpl: c269b040-32c9-423f-8541-9e5ee8c9d885@group-EFA93B29F849: changes role from CANDIDATE to FOLLOWER at term 1 for DISCOVERED_A_NEW_TERM
s3g_1       | 	at org.glassfish.jersey.internal.Errors$1.call(Errors.java:268)
datanode_2  | 2019-10-13 09:20:28,159 INFO impl.FollowerState: 5243d106-c59f-4c56-8053-366177b0cb0e@group-EFA93B29F849-FollowerState: change to CANDIDATE, lastRpcTime:5111ms, electionTimeout:5111ms
om_1        | 	at org.apache.hadoop.ipc.Server$RpcCall.run(Server.java:876)
datanode_1  | 2019-10-13 09:20:26,697 INFO impl.RaftServerImpl: 78dbb106-b4ec-4979-b1ce-7ec6b7be2281@group-7E7320A9C9CE: set configuration 0: [78dbb106-b4ec-4979-b1ce-7ec6b7be2281:172.18.0.2:9858], old=null at 0
datanode_3  | 2019-10-13 09:20:28,331 INFO impl.RoleInfo: c269b040-32c9-423f-8541-9e5ee8c9d885: shutdown LeaderElection
datanode_2  | 2019-10-13 09:20:28,160 INFO impl.RoleInfo: 5243d106-c59f-4c56-8053-366177b0cb0e: shutdown FollowerState
s3g_1       | 	at org.glassfish.jersey.internal.Errors.process(Errors.java:316)
om_1        | 	at org.apache.hadoop.ipc.Server$RpcCall.run(Server.java:822)
datanode_1  | 2019-10-13 09:20:26,801 INFO segmented.SegmentedRaftLogWorker: 78dbb106-b4ec-4979-b1ce-7ec6b7be2281@group-7E7320A9C9CE-SegmentedRaftLogWorker: created new log segment /data/metadata/ratis/f39ac31b-529f-4bcf-96d7-7e7320a9c9ce/current/log_inprogress_0
datanode_3  | 2019-10-13 09:20:28,331 INFO impl.RoleInfo: c269b040-32c9-423f-8541-9e5ee8c9d885: start FollowerState
datanode_2  | 2019-10-13 09:20:28,160 INFO impl.RaftServerImpl: 5243d106-c59f-4c56-8053-366177b0cb0e@group-EFA93B29F849: changes role from  FOLLOWER to CANDIDATE at term 0 for changeToCandidate
s3g_1       | 	at org.glassfish.jersey.internal.Errors.process(Errors.java:298)
om_1        | 	at java.base/java.security.AccessController.doPrivileged(Native Method)
datanode_1  | 2019-10-13 09:20:28,083 INFO impl.FollowerState: 78dbb106-b4ec-4979-b1ce-7ec6b7be2281@group-EFA93B29F849-FollowerState: change to CANDIDATE, lastRpcTime:5034ms, electionTimeout:5034ms
datanode_3  | 2019-10-13 09:20:33,361 INFO impl.FollowerState: c269b040-32c9-423f-8541-9e5ee8c9d885@group-EFA93B29F849-FollowerState: change to CANDIDATE, lastRpcTime:5030ms, electionTimeout:5029ms
s3g_1       | 	at org.glassfish.jersey.internal.Errors.process(Errors.java:268)
datanode_2  | 2019-10-13 09:20:28,161 INFO impl.RoleInfo: 5243d106-c59f-4c56-8053-366177b0cb0e: start LeaderElection
om_1        | 	at java.base/javax.security.auth.Subject.doAs(Subject.java:423)
datanode_1  | 2019-10-13 09:20:28,084 INFO impl.RoleInfo: 78dbb106-b4ec-4979-b1ce-7ec6b7be2281: shutdown FollowerState
datanode_3  | 2019-10-13 09:20:33,362 INFO impl.RoleInfo: c269b040-32c9-423f-8541-9e5ee8c9d885: shutdown FollowerState
s3g_1       | 	at org.glassfish.jersey.process.internal.RequestScope.runInScope(RequestScope.java:289)
datanode_2  | 2019-10-13 09:20:28,175 INFO impl.LeaderElection: 5243d106-c59f-4c56-8053-366177b0cb0e@group-EFA93B29F849-LeaderElection2: begin an election at term 1 for -1: [78dbb106-b4ec-4979-b1ce-7ec6b7be2281:172.18.0.2:9858, c269b040-32c9-423f-8541-9e5ee8c9d885:172.18.0.5:9858, 5243d106-c59f-4c56-8053-366177b0cb0e:172.18.0.7:9858], old=null
om_1        | 	at org.apache.hadoop.security.UserGroupInformation.doAs(UserGroupInformation.java:1730)
datanode_3  | 2019-10-13 09:20:33,363 INFO impl.RaftServerImpl: c269b040-32c9-423f-8541-9e5ee8c9d885@group-EFA93B29F849: changes role from  FOLLOWER to CANDIDATE at term 1 for changeToCandidate
datanode_1  | 2019-10-13 09:20:28,084 INFO impl.RaftServerImpl: 78dbb106-b4ec-4979-b1ce-7ec6b7be2281@group-EFA93B29F849: changes role from  FOLLOWER to CANDIDATE at term 0 for changeToCandidate
s3g_1       | 	at org.glassfish.jersey.server.ServerRuntime.process(ServerRuntime.java:256)
datanode_2  | 2019-10-13 09:20:28,372 INFO impl.LeaderElection: 5243d106-c59f-4c56-8053-366177b0cb0e@group-EFA93B29F849-LeaderElection2: Election REJECTED; received 2 response(s) [5243d106-c59f-4c56-8053-366177b0cb0e<-78dbb106-b4ec-4979-b1ce-7ec6b7be2281#0:FAIL-t1, 5243d106-c59f-4c56-8053-366177b0cb0e<-c269b040-32c9-423f-8541-9e5ee8c9d885#0:FAIL-t1] and 0 exception(s); 5243d106-c59f-4c56-8053-366177b0cb0e@group-EFA93B29F849:t1, leader=null, voted=5243d106-c59f-4c56-8053-366177b0cb0e, raftlog=5243d106-c59f-4c56-8053-366177b0cb0e@group-EFA93B29F849-SegmentedRaftLog:OPENED:c-1,f-1,i0, conf=-1: [78dbb106-b4ec-4979-b1ce-7ec6b7be2281:172.18.0.2:9858, c269b040-32c9-423f-8541-9e5ee8c9d885:172.18.0.5:9858, 5243d106-c59f-4c56-8053-366177b0cb0e:172.18.0.7:9858], old=null
om_1        | 	at org.apache.hadoop.ipc.Server$Handler.run(Server.java:2682)
datanode_3  | 2019-10-13 09:20:33,363 INFO impl.RoleInfo: c269b040-32c9-423f-8541-9e5ee8c9d885: start LeaderElection
datanode_1  | 2019-10-13 09:20:28,085 INFO impl.RoleInfo: 78dbb106-b4ec-4979-b1ce-7ec6b7be2281: start LeaderElection
datanode_2  | 2019-10-13 09:20:28,374 INFO impl.RaftServerImpl: 5243d106-c59f-4c56-8053-366177b0cb0e@group-EFA93B29F849: changes role from CANDIDATE to FOLLOWER at term 1 for DISCOVERED_A_NEW_TERM
s3g_1       | 	at org.glassfish.jersey.server.ApplicationHandler.handle(ApplicationHandler.java:703)
datanode_1  | 2019-10-13 09:20:28,103 INFO impl.LeaderElection: 78dbb106-b4ec-4979-b1ce-7ec6b7be2281@group-EFA93B29F849-LeaderElection2: begin an election at term 1 for -1: [78dbb106-b4ec-4979-b1ce-7ec6b7be2281:172.18.0.2:9858, c269b040-32c9-423f-8541-9e5ee8c9d885:172.18.0.5:9858, 5243d106-c59f-4c56-8053-366177b0cb0e:172.18.0.7:9858], old=null
datanode_2  | 2019-10-13 09:20:28,374 INFO impl.RoleInfo: 5243d106-c59f-4c56-8053-366177b0cb0e: shutdown LeaderElection
s3g_1       | 	at org.glassfish.jersey.servlet.WebComponent.serviceImpl(WebComponent.java:416)
datanode_1  | 2019-10-13 09:20:28,329 INFO impl.LeaderElection: 78dbb106-b4ec-4979-b1ce-7ec6b7be2281@group-EFA93B29F849-LeaderElection2: Election REJECTED; received 2 response(s) [78dbb106-b4ec-4979-b1ce-7ec6b7be2281<-c269b040-32c9-423f-8541-9e5ee8c9d885#0:FAIL-t1, 78dbb106-b4ec-4979-b1ce-7ec6b7be2281<-5243d106-c59f-4c56-8053-366177b0cb0e#0:FAIL-t1] and 0 exception(s); 78dbb106-b4ec-4979-b1ce-7ec6b7be2281@group-EFA93B29F849:t1, leader=null, voted=78dbb106-b4ec-4979-b1ce-7ec6b7be2281, raftlog=78dbb106-b4ec-4979-b1ce-7ec6b7be2281@group-EFA93B29F849-SegmentedRaftLog:OPENED:c-1,f-1,i0, conf=-1: [78dbb106-b4ec-4979-b1ce-7ec6b7be2281:172.18.0.2:9858, c269b040-32c9-423f-8541-9e5ee8c9d885:172.18.0.5:9858, 5243d106-c59f-4c56-8053-366177b0cb0e:172.18.0.7:9858], old=null
datanode_2  | 2019-10-13 09:20:28,374 INFO impl.RoleInfo: 5243d106-c59f-4c56-8053-366177b0cb0e: start FollowerState
datanode_3  | 2019-10-13 09:20:33,378 INFO impl.LeaderElection: c269b040-32c9-423f-8541-9e5ee8c9d885@group-EFA93B29F849-LeaderElection3: begin an election at term 2 for -1: [78dbb106-b4ec-4979-b1ce-7ec6b7be2281:172.18.0.2:9858, c269b040-32c9-423f-8541-9e5ee8c9d885:172.18.0.5:9858, 5243d106-c59f-4c56-8053-366177b0cb0e:172.18.0.7:9858], old=null
s3g_1       | 	at org.glassfish.jersey.servlet.WebComponent.service(WebComponent.java:370)
datanode_1  | 2019-10-13 09:20:28,331 INFO impl.RaftServerImpl: 78dbb106-b4ec-4979-b1ce-7ec6b7be2281@group-EFA93B29F849: changes role from CANDIDATE to FOLLOWER at term 1 for DISCOVERED_A_NEW_TERM
datanode_2  | 2019-10-13 09:20:33,375 INFO impl.FollowerState: 5243d106-c59f-4c56-8053-366177b0cb0e@group-EFA93B29F849-FollowerState: change to CANDIDATE, lastRpcTime:5000ms, electionTimeout:5000ms
datanode_3  | 2019-10-13 09:20:33,423 INFO impl.LeaderElection: c269b040-32c9-423f-8541-9e5ee8c9d885@group-EFA93B29F849-LeaderElection3: Election PASSED; received 1 response(s) [c269b040-32c9-423f-8541-9e5ee8c9d885<-78dbb106-b4ec-4979-b1ce-7ec6b7be2281#0:OK-t2] and 0 exception(s); c269b040-32c9-423f-8541-9e5ee8c9d885@group-EFA93B29F849:t2, leader=null, voted=c269b040-32c9-423f-8541-9e5ee8c9d885, raftlog=c269b040-32c9-423f-8541-9e5ee8c9d885@group-EFA93B29F849-SegmentedRaftLog:OPENED:c-1,f-1,i0, conf=-1: [78dbb106-b4ec-4979-b1ce-7ec6b7be2281:172.18.0.2:9858, c269b040-32c9-423f-8541-9e5ee8c9d885:172.18.0.5:9858, 5243d106-c59f-4c56-8053-366177b0cb0e:172.18.0.7:9858], old=null
s3g_1       | 	at org.glassfish.jersey.servlet.ServletContainer.service(ServletContainer.java:389)
datanode_1  | 2019-10-13 09:20:28,331 INFO impl.RoleInfo: 78dbb106-b4ec-4979-b1ce-7ec6b7be2281: shutdown LeaderElection
datanode_2  | 2019-10-13 09:20:33,376 INFO impl.RoleInfo: 5243d106-c59f-4c56-8053-366177b0cb0e: shutdown FollowerState
datanode_3  | 2019-10-13 09:20:33,423 INFO impl.RoleInfo: c269b040-32c9-423f-8541-9e5ee8c9d885: shutdown LeaderElection
s3g_1       | 	at org.glassfish.jersey.servlet.ServletContainer.service(ServletContainer.java:342)
datanode_1  | 2019-10-13 09:20:28,331 INFO impl.RoleInfo: 78dbb106-b4ec-4979-b1ce-7ec6b7be2281: start FollowerState
datanode_2  | 2019-10-13 09:20:33,376 INFO impl.RaftServerImpl: 5243d106-c59f-4c56-8053-366177b0cb0e@group-EFA93B29F849: changes role from  FOLLOWER to CANDIDATE at term 1 for changeToCandidate
datanode_3  | 2019-10-13 09:20:33,423 INFO impl.RaftServerImpl: c269b040-32c9-423f-8541-9e5ee8c9d885@group-EFA93B29F849: changes role from CANDIDATE to LEADER at term 2 for changeToLeader
s3g_1       | 	at org.glassfish.jersey.servlet.ServletContainer.service(ServletContainer.java:229)
datanode_1  | 2019-10-13 09:20:33,401 INFO impl.RaftServerImpl: 78dbb106-b4ec-4979-b1ce-7ec6b7be2281@group-EFA93B29F849: changes role from  FOLLOWER to FOLLOWER at term 2 for recognizeCandidate:c269b040-32c9-423f-8541-9e5ee8c9d885
datanode_2  | 2019-10-13 09:20:33,376 INFO impl.RoleInfo: 5243d106-c59f-4c56-8053-366177b0cb0e: start LeaderElection
datanode_3  | 2019-10-13 09:20:33,423 INFO impl.RaftServerImpl: c269b040-32c9-423f-8541-9e5ee8c9d885@group-EFA93B29F849: change Leader from null to c269b040-32c9-423f-8541-9e5ee8c9d885 at term 2 for becomeLeader, leader elected after 10386ms
s3g_1       | 	at org.eclipse.jetty.servlet.ServletHolder.handle(ServletHolder.java:840)
datanode_1  | 2019-10-13 09:20:33,401 INFO impl.RoleInfo: 78dbb106-b4ec-4979-b1ce-7ec6b7be2281: shutdown FollowerState
datanode_3  | 2019-10-13 09:20:33,424 INFO server.RaftServerConfigKeys: raft.server.staging.catchup.gap = 1000 (default)
datanode_1  | 2019-10-13 09:20:33,401 INFO impl.RoleInfo: 78dbb106-b4ec-4979-b1ce-7ec6b7be2281: start FollowerState
datanode_3  | 2019-10-13 09:20:33,424 INFO server.RaftServerConfigKeys: raft.server.rpc.sleep.time = 25ms (default)
s3g_1       | 	at org.eclipse.jetty.servlet.ServletHandler$CachedChain.doFilter(ServletHandler.java:1780)
datanode_1  | 2019-10-13 09:20:33,402 INFO impl.FollowerState: 78dbb106-b4ec-4979-b1ce-7ec6b7be2281@group-EFA93B29F849-FollowerState was interrupted: java.lang.InterruptedException: sleep interrupted
datanode_3  | 2019-10-13 09:20:33,425 INFO server.RaftServerConfigKeys: raft.server.write.element-limit = 4096 (default)
s3g_1       | 	at org.apache.hadoop.http.HttpServer2$QuotingInputFilter.doFilter(HttpServer2.java:1609)
datanode_2  | 2019-10-13 09:20:33,380 INFO impl.LeaderElection: 5243d106-c59f-4c56-8053-366177b0cb0e@group-EFA93B29F849-LeaderElection3: begin an election at term 2 for -1: [78dbb106-b4ec-4979-b1ce-7ec6b7be2281:172.18.0.2:9858, c269b040-32c9-423f-8541-9e5ee8c9d885:172.18.0.5:9858, 5243d106-c59f-4c56-8053-366177b0cb0e:172.18.0.7:9858], old=null
datanode_3  | 2019-10-13 09:20:33,425 INFO server.RaftServerConfigKeys: raft.server.watch.timeout = 10s (default)
s3g_1       | 	at org.eclipse.jetty.servlet.ServletHandler$CachedChain.doFilter(ServletHandler.java:1767)
datanode_1  | 2019-10-13 09:20:33,498 INFO impl.RaftServerImpl: 78dbb106-b4ec-4979-b1ce-7ec6b7be2281@group-EFA93B29F849: change Leader from null to c269b040-32c9-423f-8541-9e5ee8c9d885 at term 2 for appendEntries, leader elected after 10460ms
datanode_3  | 2019-10-13 09:20:33,425 INFO server.RaftServerConfigKeys: raft.server.watch.timeout.denomination = 1s (default)
datanode_2  | 2019-10-13 09:20:33,439 INFO impl.LeaderElection: 5243d106-c59f-4c56-8053-366177b0cb0e@group-EFA93B29F849-LeaderElection3: Election REJECTED; received 2 response(s) [5243d106-c59f-4c56-8053-366177b0cb0e<-78dbb106-b4ec-4979-b1ce-7ec6b7be2281#0:FAIL-t2, 5243d106-c59f-4c56-8053-366177b0cb0e<-c269b040-32c9-423f-8541-9e5ee8c9d885#0:FAIL-t2] and 0 exception(s); 5243d106-c59f-4c56-8053-366177b0cb0e@group-EFA93B29F849:t2, leader=null, voted=5243d106-c59f-4c56-8053-366177b0cb0e, raftlog=5243d106-c59f-4c56-8053-366177b0cb0e@group-EFA93B29F849-SegmentedRaftLog:OPENED:c-1,f-1,i0, conf=-1: [78dbb106-b4ec-4979-b1ce-7ec6b7be2281:172.18.0.2:9858, c269b040-32c9-423f-8541-9e5ee8c9d885:172.18.0.5:9858, 5243d106-c59f-4c56-8053-366177b0cb0e:172.18.0.7:9858], old=null
s3g_1       | 	at org.apache.hadoop.http.NoCacheFilter.doFilter(NoCacheFilter.java:45)
datanode_2  | 2019-10-13 09:20:33,439 INFO impl.RaftServerImpl: 5243d106-c59f-4c56-8053-366177b0cb0e@group-EFA93B29F849: changes role from CANDIDATE to FOLLOWER at term 2 for DISCOVERED_A_NEW_TERM
datanode_3  | 2019-10-13 09:20:33,425 INFO server.RaftServerConfigKeys: raft.server.watch.element-limit = 65536 (default)
datanode_1  | 2019-10-13 09:20:33,516 INFO impl.RaftServerImpl: 78dbb106-b4ec-4979-b1ce-7ec6b7be2281@group-EFA93B29F849: set configuration 0: [78dbb106-b4ec-4979-b1ce-7ec6b7be2281:172.18.0.2:9858, c269b040-32c9-423f-8541-9e5ee8c9d885:172.18.0.5:9858, 5243d106-c59f-4c56-8053-366177b0cb0e:172.18.0.7:9858], old=null at 0
s3g_1       | 	at org.eclipse.jetty.servlet.ServletHandler$CachedChain.doFilter(ServletHandler.java:1767)
datanode_2  | 2019-10-13 09:20:33,441 INFO impl.RoleInfo: 5243d106-c59f-4c56-8053-366177b0cb0e: shutdown LeaderElection
datanode_3  | 2019-10-13 09:20:33,435 INFO server.RaftServerConfigKeys: raft.server.log.appender.snapshot.chunk.size.max = 16MB (=16777216) (default)
datanode_1  | 2019-10-13 09:20:33,516 INFO segmented.SegmentedRaftLogWorker: 78dbb106-b4ec-4979-b1ce-7ec6b7be2281@group-EFA93B29F849-SegmentedRaftLogWorker: Starting segment from index:0
s3g_1       | 	at org.eclipse.jetty.servlet.ServletHandler.doHandle(ServletHandler.java:583)
datanode_2  | 2019-10-13 09:20:33,441 INFO impl.RoleInfo: 5243d106-c59f-4c56-8053-366177b0cb0e: start FollowerState
datanode_3  | 2019-10-13 09:20:33,435 INFO server.RaftServerConfigKeys: raft.server.log.appender.buffer.byte-limit = 33554432 (custom)
datanode_1  | 2019-10-13 09:20:33,553 INFO segmented.SegmentedRaftLogWorker: 78dbb106-b4ec-4979-b1ce-7ec6b7be2281@group-EFA93B29F849-SegmentedRaftLogWorker: created new log segment /data/metadata/ratis/d2a6fc58-7bb1-4b84-8176-efa93b29f849/current/log_inprogress_0
s3g_1       | 	at org.eclipse.jetty.server.handler.ScopedHandler.handle(ScopedHandler.java:143)
datanode_3  | 2019-10-13 09:20:33,436 INFO server.RaftServerConfigKeys: raft.server.log.appender.buffer.element-limit = 1 (custom)
datanode_2  | 2019-10-13 09:20:33,498 INFO impl.RaftServerImpl: 5243d106-c59f-4c56-8053-366177b0cb0e@group-EFA93B29F849: change Leader from null to c269b040-32c9-423f-8541-9e5ee8c9d885 at term 2 for appendEntries, leader elected after 10461ms
s3g_1       | 	at org.eclipse.jetty.security.SecurityHandler.handle(SecurityHandler.java:548)
datanode_3  | 2019-10-13 09:20:33,439 INFO grpc.GrpcConfigKeys$Server: raft.grpc.server.leader.outstanding.appends.max = 128 (default)
datanode_2  | 2019-10-13 09:20:33,518 INFO impl.RaftServerImpl: 5243d106-c59f-4c56-8053-366177b0cb0e@group-EFA93B29F849: set configuration 0: [78dbb106-b4ec-4979-b1ce-7ec6b7be2281:172.18.0.2:9858, c269b040-32c9-423f-8541-9e5ee8c9d885:172.18.0.5:9858, 5243d106-c59f-4c56-8053-366177b0cb0e:172.18.0.7:9858], old=null at 0
s3g_1       | 	at org.eclipse.jetty.server.session.SessionHandler.doHandle(SessionHandler.java:226)
datanode_3  | 2019-10-13 09:20:33,440 INFO server.RaftServerConfigKeys: raft.server.rpc.request.timeout = 3000ms (default)
s3g_1       | 	at org.eclipse.jetty.server.handler.ContextHandler.doHandle(ContextHandler.java:1180)
datanode_3  | 2019-10-13 09:20:33,440 INFO server.RaftServerConfigKeys: raft.server.log.appender.install.snapshot.enabled = false (custom)
s3g_1       | 	at org.eclipse.jetty.servlet.ServletHandler.doScope(ServletHandler.java:513)
datanode_2  | 2019-10-13 09:20:33,519 INFO segmented.SegmentedRaftLogWorker: 5243d106-c59f-4c56-8053-366177b0cb0e@group-EFA93B29F849-SegmentedRaftLogWorker: Starting segment from index:0
datanode_3  | 2019-10-13 09:20:33,441 INFO server.RaftServerConfigKeys: raft.server.log.appender.snapshot.chunk.size.max = 16MB (=16777216) (default)
s3g_1       | 	at org.eclipse.jetty.server.session.SessionHandler.doScope(SessionHandler.java:185)
datanode_2  | 2019-10-13 09:20:33,553 INFO segmented.SegmentedRaftLogWorker: 5243d106-c59f-4c56-8053-366177b0cb0e@group-EFA93B29F849-SegmentedRaftLogWorker: created new log segment /data/metadata/ratis/d2a6fc58-7bb1-4b84-8176-efa93b29f849/current/log_inprogress_0
s3g_1       | 	at org.eclipse.jetty.server.handler.ContextHandler.doScope(ContextHandler.java:1112)
datanode_3  | 2019-10-13 09:20:33,441 INFO server.RaftServerConfigKeys: raft.server.log.appender.buffer.byte-limit = 33554432 (custom)
s3g_1       | 	at org.eclipse.jetty.server.handler.ScopedHandler.handle(ScopedHandler.java:141)
datanode_3  | 2019-10-13 09:20:33,441 INFO server.RaftServerConfigKeys: raft.server.log.appender.buffer.element-limit = 1 (custom)
s3g_1       | 	at org.eclipse.jetty.server.handler.HandlerCollection.handle(HandlerCollection.java:119)
datanode_3  | 2019-10-13 09:20:33,441 INFO grpc.GrpcConfigKeys$Server: raft.grpc.server.leader.outstanding.appends.max = 128 (default)
s3g_1       | 	at org.eclipse.jetty.server.handler.HandlerWrapper.handle(HandlerWrapper.java:134)
s3g_1       | 	at org.eclipse.jetty.server.Server.handle(Server.java:539)
datanode_3  | 2019-10-13 09:20:33,441 INFO server.RaftServerConfigKeys: raft.server.rpc.request.timeout = 3000ms (default)
s3g_1       | 	at org.eclipse.jetty.server.HttpChannel.handle(HttpChannel.java:333)
datanode_3  | 2019-10-13 09:20:33,441 INFO server.RaftServerConfigKeys: raft.server.log.appender.install.snapshot.enabled = false (custom)
s3g_1       | 	at org.eclipse.jetty.server.HttpConnection.onFillable(HttpConnection.java:251)
datanode_3  | 2019-10-13 09:20:33,444 INFO impl.RoleInfo: c269b040-32c9-423f-8541-9e5ee8c9d885: start LeaderState
s3g_1       | 	at org.eclipse.jetty.io.AbstractConnection$ReadCallback.succeeded(AbstractConnection.java:283)
datanode_3  | 2019-10-13 09:20:33,444 INFO segmented.SegmentedRaftLogWorker: c269b040-32c9-423f-8541-9e5ee8c9d885@group-EFA93B29F849-SegmentedRaftLogWorker: Starting segment from index:0
s3g_1       | 	at org.eclipse.jetty.io.FillInterest.fillable(FillInterest.java:108)
datanode_3  | 2019-10-13 09:20:33,445 INFO impl.RaftServerImpl: c269b040-32c9-423f-8541-9e5ee8c9d885@group-EFA93B29F849: set configuration 0: [78dbb106-b4ec-4979-b1ce-7ec6b7be2281:172.18.0.2:9858, c269b040-32c9-423f-8541-9e5ee8c9d885:172.18.0.5:9858, 5243d106-c59f-4c56-8053-366177b0cb0e:172.18.0.7:9858], old=null at 0
datanode_3  | 2019-10-13 09:20:33,490 INFO segmented.SegmentedRaftLogWorker: c269b040-32c9-423f-8541-9e5ee8c9d885@group-EFA93B29F849-SegmentedRaftLogWorker: created new log segment /data/metadata/ratis/d2a6fc58-7bb1-4b84-8176-efa93b29f849/current/log_inprogress_0
s3g_1       | 	at org.eclipse.jetty.io.SelectChannelEndPoint$2.run(SelectChannelEndPoint.java:93)
datanode_3  | 2019-10-13 09:22:29,940 WARN server.GrpcLogAppender: c269b040-32c9-423f-8541-9e5ee8c9d885@group-EFA93B29F849->5243d106-c59f-4c56-8053-366177b0cb0e-GrpcLogAppender: appendEntries Timeout, request=c269b040-32c9-423f-8541-9e5ee8c9d885->5243d106-c59f-4c56-8053-366177b0cb0e#68-t2, previous=(t:2, i:24), leaderCommit=24, initializing? false, entries: size=1, first=(t:2, i:25), STATEMACHINELOGENTRY, client-872F6EA193C6, cid=15
s3g_1       | 	at org.eclipse.jetty.util.thread.strategy.ExecuteProduceConsume.executeProduceConsume(ExecuteProduceConsume.java:303)
datanode_3  | 2019-10-13 09:22:29,940 WARN server.GrpcLogAppender: c269b040-32c9-423f-8541-9e5ee8c9d885@group-EFA93B29F849->78dbb106-b4ec-4979-b1ce-7ec6b7be2281-GrpcLogAppender: appendEntries Timeout, request=c269b040-32c9-423f-8541-9e5ee8c9d885->78dbb106-b4ec-4979-b1ce-7ec6b7be2281#68-t2, previous=(t:2, i:24), leaderCommit=24, initializing? false, entries: size=1, first=(t:2, i:25), STATEMACHINELOGENTRY, client-872F6EA193C6, cid=15
s3g_1       | 	at org.eclipse.jetty.util.thread.strategy.ExecuteProduceConsume.produceConsume(ExecuteProduceConsume.java:148)
datanode_3  | 2019-10-13 09:22:30,908 WARN server.GrpcLogAppender: c269b040-32c9-423f-8541-9e5ee8c9d885@group-EFA93B29F849->5243d106-c59f-4c56-8053-366177b0cb0e-AppendLogResponseHandler: Request not found, ignoring reply: c269b040-32c9-423f-8541-9e5ee8c9d885<-5243d106-c59f-4c56-8053-366177b0cb0e#68:OK,SUCCESS,nextIndex:26,term:2,followerCommit:24
