datanode_1  |      0K                                                       100% 15.0M=0s
kms_1       | HTTP request sent, awaiting response... 200 OK
jhs         | Saving to: '/etc/security/keytabs/HTTP.keytab'
om_1        |      0K                                                       100% 10.8M=0s
datanode_3  |      0K                                                       100% 12.3M=0s
s3g_1       | Resolving kdc (kdc)... 172.18.0.7
datanode_2  | 
scm_1       | KVNO Timestamp         Principal
kdc_1       | Oct 04 18:20:24 kdc krb5kdc[9](info): AS_REQ (8 etypes {18 17 20 19 16 23 25 26}) 127.0.0.1: SERVER_NOT_FOUND: admin/admin@EXAMPLE.COM for kadmin/localhost@EXAMPLE.COM, Server not found inkadmind[15](Notice): Request: kadm5_get_principal, test/test@EXAMPLE.COM, success, client=admin/admin@EXAMPLE.COM, service=kadmin/admin@EXAMPLE.COM, addr=127.0.0.1
nm_1        |    2 10/04/19 18:20:33 testuser/nm@EXAMPLE.COM
rm_1        | Download testuser/rm@EXAMPLE.COM keytab file to /etc/security/keytabs/testuser.keytab
datanode_1  | 
kms_1       | Length: 162 [application/octet-stream]
jhs         | 
om_1        | 
datanode_3  | 
s3g_1       | Connecting to kdc (kdc)|172.18.0.7|:8081... connected.
scm_1       | ---- ----------------- --------------------------------------------------------
datanode_2  | 2019-10-04 18:20:34 (18.7 MB/s) - '/etc/security/keytabs/testuser.keytab' saved [170/170]
kdc_1       | Oct 04 18:20:24 kdc kadmind[15](info): closing down fd 18
nm_1        | Download s3g/nm@EXAMPLE.COM keytab file to /etc/security/keytabs/s3g.keytab
rm_1        | --2019-10-04 18:20:32--  http://kdc:8081/keytab/rm/testuser
datanode_1  | 2019-10-04 18:20:30 (15.0 MB/s) - '/etc/security/keytabs/HTTP.keytab' saved [162/162]
kms_1       | Saving to: '/etc/security/keytabs/HTTP.keytab'
jhs         |      0K                                                       100% 10.3M=0s
om_1        | 2019-10-04 18:20:25 (10.8 MB/s) - '/etc/security/keytabs/HTTP.keytab' saved [142/142]
s3g_1       | HTTP request sent, awaiting response... 200 OK
scm_1       |    2 10/04/19 18:20:31 HTTP/scm@EXAMPLE.COM
datanode_2  | 
kdc_1       | Oct 04 18:20:24 kdc kadmind[15](Notice): Request: kadm5_init, admin/admin@EXAMPLE.COM, success, client=admin/admin@EXAMPLE.COM, service=kadmin/admin@EXAMPLE.COM, addr=127.0.0.1, vers=4, flavor=6
datanode_3  | 2019-10-04 18:20:30 (12.3 MB/s) - '/etc/security/keytabs/HTTP.keytab' saved [162/162]
nm_1        | --2019-10-04 18:20:33--  http://kdc:8081/keytab/nm/s3g
rm_1        | Resolving kdc (kdc)... 172.18.0.7
datanode_1  | 
kms_1       | 
jhs         | 
om_1        | 
s3g_1       | Length: 152 [application/octet-stream]
scm_1       |    2 10/04/19 18:20:31 HTTP/scm@EXAMPLE.COM
datanode_2  | Keytab name: FILE:/etc/security/keytabs/testuser.keytab
kdc_1       | Oct 04 18:20:24 kdc kadmind[15](Notice): Request: kadm5_get_policy, default, Policy does not exist, client=admin/admin@EXAMPLE.COM, service=kadmin/admin@EXAMPLE.COM, addr=127.0.0.1
datanode_3  | 
nm_1        | Resolving kdc (kdc)... 172.18.0.7
rm_1        | Connecting to kdc (kdc)|172.18.0.7|:8081... connected.
datanode_1  | Keytab name: FILE:/etc/security/keytabs/HTTP.keytab
kms_1       |      0K                                                       100% 11.4M=0s
jhs         | 2019-10-04 18:20:30 (10.3 MB/s) - '/etc/security/keytabs/HTTP.keytab' saved [144/144]
om_1        | Keytab name: FILE:/etc/security/keytabs/HTTP.keytab
s3g_1       | Saving to: '/etc/security/keytabs/testuser.keytab'
scm_1       | Download testuser/scm@EXAMPLE.COM keytab file to /etc/security/keytabs/testuser.keytab
datanode_2  | KVNO Timestamp         Principal
datanode_3  | Keytab name: FILE:/etc/security/keytabs/HTTP.keytab
rm_1        | HTTP request sent, awaiting response... 200 OK
datanode_1  | KVNO Timestamp         Principal
kms_1       | 
nm_1        | Connecting to kdc (kdc)|172.18.0.7|:8081... connected.
jhs         | 
om_1        | KVNO Timestamp         Principal
kdc_1       | Oct 04 18:20:24 kdc kadmind[15](Notice): Request: kadm5_create_principal, dn/om@EXAMPLE.COM, success, client=admin/admin@EXAMPLE.COM, service=kadmin/admin@EXAMPLE.COM, addr=127.0.0.1
s3g_1       | 
scm_1       | --2019-10-04 18:20:31--  http://kdc:8081/keytab/scm/testuser
datanode_2  | ---- ----------------- --------------------------------------------------------
datanode_3  | KVNO Timestamp         Principal
rm_1        | Length: 150 [application/octet-stream]
datanode_1  | ---- ----------------- --------------------------------------------------------
kms_1       | 2019-10-04 18:20:30 (11.4 MB/s) - '/etc/security/keytabs/HTTP.keytab' saved [162/162]
nm_1        | HTTP request sent, awaiting response... 200 OK
jhs         | Keytab name: FILE:/etc/security/keytabs/HTTP.keytab
om_1        | ---- ----------------- --------------------------------------------------------
kdc_1       | Oct 04 18:20:24 kdc kadmind[15](info): closing down fd 18
s3g_1       |      0K                                                       100% 21.8M=0s
scm_1       | Resolving kdc (kdc)... 172.18.0.7
datanode_2  |    2 10/04/19 18:20:34 testuser/62a17e5f4322@EXAMPLE.COM
datanode_3  | ---- ----------------- --------------------------------------------------------
rm_1        | Saving to: '/etc/security/keytabs/testuser.keytab'
datanode_1  |    2 10/04/19 18:20:30 HTTP/bf4c2b4ccf65@EXAMPLE.COM
kms_1       | 
nm_1        | Length: 140 [application/octet-stream]
jhs         | KVNO Timestamp         Principal
om_1        |    2 10/04/19 18:20:25 HTTP/om@EXAMPLE.COM
kdc_1       | Oct 04 18:20:24 kdc kadmind[15](Notice): Request: kadm5_init, admin/admin@EXAMPLE.COM, success, client=admin/admin@EXAMPLE.COM, service=kadmin/admin@EXAMPLE.COM, addr=127.0.0.1, vers=4, Kerberos database
s3g_1       | 
scm_1       | Connecting to kdc (kdc)|172.18.0.7|:8081... connected.
datanode_2  |    2 10/04/19 18:20:34 testuser/62a17e5f4322@EXAMPLE.COM
datanode_3  |    2 10/04/19 18:20:30 HTTP/b355c7474a1c@EXAMPLE.COM
rm_1        | 
datanode_1  |    2 10/04/19 18:20:30 HTTP/bf4c2b4ccf65@EXAMPLE.COM
kms_1       | Keytab name: FILE:/etc/security/keytabs/HTTP.keytab
nm_1        | Saving to: '/etc/security/keytabs/s3g.keytab'
jhs         | ---- ----------------- --------------------------------------------------------
om_1        |    2 10/04/19 18:20:25 HTTP/om@EXAMPLE.COM
kdc_1       | Oct 04 18:20:24 kdc krb5kdc[9](info): AS_REQ (8 etypes {18 17 20 19 16 23 25 26}) 127.0.0.1: ISSUE: authtime 1570213224, etypes {rep=18 tkt=18 ses=18}, admin/admin@EXAMPLE.COM for kadmin/admin@EXAMPLE.COM
s3g_1       | 2019-10-04 18:20:34 (21.8 MB/s) - '/etc/security/keytabs/testuser.keytab' saved [152/152]
scm_1       | HTTP request sent, awaiting response... 200 OK
datanode_3  |    2 10/04/19 18:20:30 HTTP/b355c7474a1c@EXAMPLE.COM
datanode_2  | Download s3g/62a17e5f4322@EXAMPLE.COM keytab file to /etc/security/keytabs/s3g.keytab
rm_1        |      0K                                                       100% 19.6M=0s
datanode_1  | Download testuser/bf4c2b4ccf65@EXAMPLE.COM keytab file to /etc/security/keytabs/testuser.keytab
kms_1       | KVNO Timestamp         Principal
nm_1        | 
jhs         |    2 10/04/19 18:20:30 HTTP/jhs@EXAMPLE.COM
om_1        | Download testuser/om@EXAMPLE.COM keytab file to /etc/security/keytabs/testuser.keytab
kdc_1       |  flavor=6
s3g_1       | 
scm_1       | Length: 152 [application/octet-stream]
datanode_3  | Download testuser/b355c7474a1c@EXAMPLE.COM keytab file to /etc/security/keytabs/testuser.keytab
datanode_2  | --2019-10-04 18:20:34--  http://kdc:8081/keytab/62a17e5f4322/s3g
rm_1        | 
datanode_1  | --2019-10-04 18:20:30--  http://kdc:8081/keytab/bf4c2b4ccf65/testuser
kms_1       | ---- ----------------- --------------------------------------------------------
nm_1        |      0K                                                       100% 11.4M=0s
jhs         |    2 10/04/19 18:20:30 HTTP/jhs@EXAMPLE.COM
om_1        | --2019-10-04 18:20:25--  http://kdc:8081/keytab/om/testuser
kdc_1       | Oct 04 18:20:24 kdc kadmind[15](Notice): Request: kadm5_randkey_principal, dn/om@EXAMPLE.COM, success, client=admin/admin@EXAMPLE.COM, service=kadmin/admin@EXAMPLE.COM, addr=127.0.0.1
s3g_1       | Keytab name: FILE:/etc/security/keytabs/testuser.keytab
scm_1       | Saving to: '/etc/security/keytabs/testuser.keytab'
datanode_3  | --2019-10-04 18:20:30--  http://kdc:8081/keytab/b355c7474a1c/testuser
datanode_2  | Resolving kdc (kdc)... 172.18.0.7
rm_1        | 2019-10-04 18:20:33 (19.6 MB/s) - '/etc/security/keytabs/testuser.keytab' saved [150/150]
datanode_1  | Resolving kdc (kdc)... 172.18.0.7
kms_1       |    2 10/04/19 18:20:30 HTTP/69a54a3a42ea@EXAMPLE.COM
nm_1        | 
jhs         | Download testuser/jhs@EXAMPLE.COM keytab file to /etc/security/keytabs/testuser.keytab
om_1        | Resolving kdc (kdc)... 172.18.0.7
kdc_1       | Oct 04 18:20:24 kdc kadmind[15](Notice): Request: kadm5_get_principal, dn/om@EXAMPLE.COM, success, client=admin/admin@EXAMPLE.COM, service=kadmin/admin@EXAMPLE.COM, addr=127.0.0.1
s3g_1       | KVNO Timestamp         Principal
scm_1       | 
datanode_3  | Resolving kdc (kdc)... 172.18.0.7
datanode_2  | Connecting to kdc (kdc)|172.18.0.7|:8081... connected.
rm_1        | 
datanode_1  | Connecting to kdc (kdc)|172.18.0.7|:8081... connected.
kms_1       |    2 10/04/19 18:20:30 HTTP/69a54a3a42ea@EXAMPLE.COM
nm_1        | 2019-10-04 18:20:34 (11.4 MB/s) - '/etc/security/keytabs/s3g.keytab' saved [140/140]
jhs         | --2019-10-04 18:20:30--  http://kdc:8081/keytab/jhs/testuser
om_1        | Connecting to kdc (kdc)|172.18.0.7|:8081... connected.
kdc_1       | Oct 04 18:20:24 kdc kadmind[15](info): closing down fd 18
s3g_1       | ---- ----------------- --------------------------------------------------------
scm_1       |      0K                                                       100% 14.2M=0s
datanode_3  | Connecting to kdc (kdc)|172.18.0.7|:8081... connected.
datanode_2  | HTTP request sent, awaiting response... 200 OK
rm_1        | Keytab name: FILE:/etc/security/keytabs/testuser.keytab
datanode_1  | HTTP request sent, awaiting response... 200 OK
kms_1       | Download testuser/69a54a3a42ea@EXAMPLE.COM keytab file to /etc/security/keytabs/testuser.keytab
nm_1        | 
jhs         | Resolving kdc (kdc)... 172.18.0.7
om_1        | HTTP request sent, awaiting response... 200 OK
kdc_1       | Oct 04 18:20:24 kdc kadmind[15](Notice): Request: kadm5_init, admin/admin@EXAMPLE.COM, success, client=admin/admin@EXAMPLE.COM, service=kadmin/admin@EXAMPLE.COM, addr=127.0.0.1, vers=4, flavor=6
s3g_1       |    2 10/04/19 18:20:34 testuser/s3g@EXAMPLE.COM
scm_1       | 
datanode_3  | HTTP request sent, awaiting response... 200 OK
datanode_2  | Length: 160 [application/octet-stream]
rm_1        | KVNO Timestamp         Principal
datanode_1  | Length: 170 [application/octet-stream]
kms_1       | --2019-10-04 18:20:30--  http://kdc:8081/keytab/69a54a3a42ea/testuser
nm_1        | Keytab name: FILE:/etc/security/keytabs/s3g.keytab
jhs         | Connecting to kdc (kdc)|172.18.0.7|:8081... connected.
om_1        | Length: 150 [application/octet-stream]
kdc_1       | Oct 04 18:20:24 kdc kadmind[15](Notice): Request: kadm5_get_policy, default, Policy does not exist, client=admin/admin@EXAMPLE.COM, service=kadmin/admin@EXAMPLE.COM, addr=127.0.0.1
s3g_1       |    2 10/04/19 18:20:34 testuser/s3g@EXAMPLE.COM
scm_1       | 2019-10-04 18:20:32 (14.2 MB/s) - '/etc/security/keytabs/testuser.keytab' saved [152/152]
datanode_3  | Length: 170 [application/octet-stream]
datanode_2  | Saving to: '/etc/security/keytabs/s3g.keytab'
rm_1        | ---- ----------------- --------------------------------------------------------
datanode_1  | Saving to: '/etc/security/keytabs/testuser.keytab'
kms_1       | Resolving kdc (kdc)... 172.18.0.7
nm_1        | KVNO Timestamp         Principal
jhs         | HTTP request sent, awaiting response... 200 OK
om_1        | Saving to: '/etc/security/keytabs/testuser.keytab'
kdc_1       | Oct 04 18:20:24 kdc kadmind[15](Notice): Request: kadm5_create_principal, om/om@EXAMPLE.COM, success, client=admin/admin@EXAMPLE.COM, service=kadmin/admin@EXAMPLE.COM, addr=127.0.0.1
s3g_1       | Download s3g/s3g@EXAMPLE.COM keytab file to /etc/security/keytabs/s3g.keytab
scm_1       | 
datanode_3  | Saving to: '/etc/security/keytabs/testuser.keytab'
datanode_2  | 
rm_1        |    2 10/04/19 18:20:33 testuser/rm@EXAMPLE.COM
datanode_1  | 
kms_1       | Connecting to kdc (kdc)|172.18.0.7|:8081... connected.
nm_1        | ---- ----------------- --------------------------------------------------------
jhs         | Length: 152 [application/octet-stream]
om_1        | 
kdc_1       | Oct 04 18:20:24 kdc kadmind[15](info): closing down fd 18
s3g_1       | --2019-10-04 18:20:34--  http://kdc:8081/keytab/s3g/s3g
scm_1       | Keytab name: FILE:/etc/security/keytabs/testuser.keytab
datanode_3  | 
datanode_2  |      0K                                                       100% 12.3M=0s
rm_1        |    2 10/04/19 18:20:33 testuser/rm@EXAMPLE.COM
datanode_1  |      0K                                                       100% 15.6M=0s
kms_1       | HTTP request sent, awaiting response... 200 OK
nm_1        |    2 10/04/19 18:20:34 s3g/nm@EXAMPLE.COM
jhs         | Saving to: '/etc/security/keytabs/testuser.keytab'
kdc_1       | Oct 04 18:20:24 kdc kadmind[15](Notice): Request: kadm5_init, admin/admin@EXAMPLE.COM, success, client=admin/admin@EXAMPLE.COM, service=kadmin/admin@EXAMPLE.COM, addr=127.0.0.1, vers=4, flavor=6
s3g_1       | Resolving kdc (kdc)... 172.18.0.7
scm_1       | KVNO Timestamp         Principal
datanode_3  |      0K                                                       100% 17.1M=0s
om_1        |      0K                                                       100% 10.3M=0s
datanode_2  | 
rm_1        | Download s3g/rm@EXAMPLE.COM keytab file to /etc/security/keytabs/s3g.keytab
datanode_1  | 
kms_1       | Length: 170 [application/octet-stream]
nm_1        |    2 10/04/19 18:20:34 s3g/nm@EXAMPLE.COM
jhs         | 
kdc_1       | Oct 04 18:20:24 kdc kadmind[15](Notice): Request: kadm5_randkey_principal, om/om@EXAMPLE.COM, success, client=admin/admin@EXAMPLE.COM, service=kadmin/admin@EXAMPLE.COM, addr=127.0.0.1
s3g_1       | Connecting to kdc (kdc)|172.18.0.7|:8081... connected.
scm_1       | ---- ----------------- --------------------------------------------------------
datanode_3  | 
om_1        | 
datanode_2  | 2019-10-04 18:20:35 (12.3 MB/s) - '/etc/security/keytabs/s3g.keytab' saved [160/160]
rm_1        | --2019-10-04 18:20:33--  http://kdc:8081/keytab/rm/s3g
datanode_1  | 2019-10-04 18:20:32 (15.6 MB/s) - '/etc/security/keytabs/testuser.keytab' saved [170/170]
kms_1       | Saving to: '/etc/security/keytabs/testuser.keytab'
nm_1        | Download rm/nm@EXAMPLE.COM keytab file to /etc/security/keytabs/rm.keytab
jhs         |      0K                                                       100% 15.1M=0s
kdc_1       | Oct 04 18:20:24 kdc kadmind[15](Notice): Request: kadm5_get_principal, om/om@EXAMPLE.COM, success, client=admin/admin@EXAMPLE.COM, service=kadmin/admin@EXAMPLE.COM, addr=127.0.0.1
s3g_1       | HTTP request sent, awaiting response... 200 OK
scm_1       |    2 10/04/19 18:20:32 testuser/scm@EXAMPLE.COM
datanode_3  | 2019-10-04 18:20:32 (17.1 MB/s) - '/etc/security/keytabs/testuser.keytab' saved [170/170]
om_1        | 2019-10-04 18:20:25 (10.3 MB/s) - '/etc/security/keytabs/testuser.keytab' saved [150/150]
datanode_2  | 
rm_1        | Resolving kdc (kdc)... 172.18.0.7
datanode_1  | 
kms_1       | 
nm_1        | --2019-10-04 18:20:34--  http://kdc:8081/keytab/nm/rm
jhs         | 
kdc_1       | Oct 04 18:20:24 kdc kadmind[15](info): closing down fd 18
s3g_1       | Length: 142 [application/octet-stream]
scm_1       |    2 10/04/19 18:20:32 testuser/scm@EXAMPLE.COM
datanode_3  | 
om_1        | 
datanode_2  | Keytab name: FILE:/etc/security/keytabs/s3g.keytab
rm_1        | Connecting to kdc (kdc)|172.18.0.7|:8081... connected.
datanode_1  | Keytab name: FILE:/etc/security/keytabs/testuser.keytab
kms_1       |      0K                                                       100% 13.3M=0s
nm_1        | Resolving kdc (kdc)... 172.18.0.7
jhs         | 2019-10-04 18:20:31 (15.1 MB/s) - '/etc/security/keytabs/testuser.keytab' saved [152/152]
s3g_1       | Saving to: '/etc/security/keytabs/s3g.keytab'
kdc_1       | Oct 04 18:20:24 kdc kadmind[15](Notice): Request: kadm5_init, admin/admin@EXAMPLE.COM, success, client=admin/admin@EXAMPLE.COM, service=kadmin/admin@EXAMPLE.COM, addr=127.0.0.1, vers=4, flavor=6
scm_1       | Download s3g/scm@EXAMPLE.COM keytab file to /etc/security/keytabs/s3g.keytab
datanode_3  | Keytab name: FILE:/etc/security/keytabs/testuser.keytab
om_1        | Keytab name: FILE:/etc/security/keytabs/testuser.keytab
datanode_2  | KVNO Timestamp         Principal
rm_1        | HTTP request sent, awaiting response... 200 OK
datanode_1  | KVNO Timestamp         Principal
kms_1       | 
nm_1        | Connecting to kdc (kdc)|172.18.0.7|:8081... connected.
jhs         | 
s3g_1       | 
kdc_1       | Oct 04 18:20:24 kdc kadmind[15](Notice): Request: kadm5_get_policy, default, Policy does not exist, client=admin/admin@EXAMPLE.COM, service=kadmin/admin@EXAMPLE.COM, addr=127.0.0.1
datanode_3  | KVNO Timestamp         Principal
scm_1       | --2019-10-04 18:20:32--  http://kdc:8081/keytab/scm/s3g
datanode_2  | ---- ----------------- --------------------------------------------------------
om_1        | KVNO Timestamp         Principal
rm_1        | Length: 140 [application/octet-stream]
datanode_1  | ---- ----------------- --------------------------------------------------------
kms_1       | 2019-10-04 18:20:31 (13.3 MB/s) - '/etc/security/keytabs/testuser.keytab' saved [170/170]
nm_1        | HTTP request sent, awaiting response... 200 OK
jhs         | Keytab name: FILE:/etc/security/keytabs/testuser.keytab
s3g_1       |      0K                                                       100% 20.4M=0s
kdc_1       | Oct 04 18:20:24 kdc kadmind[15](Notice): Request: kadm5_create_principal, scm/om@EXAMPLE.COM, success, client=admin/admin@EXAMPLE.COM, service=kadmin/admin@EXAMPLE.COM, addr=127.0.0.1
datanode_3  | ---- ----------------- --------------------------------------------------------
scm_1       | Resolving kdc (kdc)... 172.18.0.7
datanode_2  |    2 10/04/19 18:20:35 s3g/62a17e5f4322@EXAMPLE.COM
om_1        | ---- ----------------- --------------------------------------------------------
rm_1        | Saving to: '/etc/security/keytabs/s3g.keytab'
datanode_1  |    2 10/04/19 18:20:32 testuser/bf4c2b4ccf65@EXAMPLE.COM
kms_1       | 
nm_1        | Length: 138 [application/octet-stream]
jhs         | KVNO Timestamp         Principal
s3g_1       | 
kdc_1       | Oct 04 18:20:24 kdc kadmind[15](info): closing down fd 18
datanode_3  |    2 10/04/19 18:20:32 testuser/b355c7474a1c@EXAMPLE.COM
scm_1       | Connecting to kdc (kdc)|172.18.0.7|:8081... connected.
datanode_2  |    2 10/04/19 18:20:35 s3g/62a17e5f4322@EXAMPLE.COM
om_1        |    2 10/04/19 18:20:25 testuser/om@EXAMPLE.COM
rm_1        | 
datanode_1  |    2 10/04/19 18:20:32 testuser/bf4c2b4ccf65@EXAMPLE.COM
kms_1       | Keytab name: FILE:/etc/security/keytabs/testuser.keytab
jhs         | ---- ----------------- --------------------------------------------------------
s3g_1       | 2019-10-04 18:20:36 (20.4 MB/s) - '/etc/security/keytabs/s3g.keytab' saved [142/142]
nm_1        | Saving to: '/etc/security/keytabs/rm.keytab'
kdc_1       | Oct 04 18:20:24 kdc kadmind[15](Notice): Request: kadm5_init, admin/admin@EXAMPLE.COM, success, client=admin/admin@EXAMPLE.COM, service=kadmin/admin@EXAMPLE.COM, addr=127.0.0.1, vers=4, flavor=6
datanode_3  |    2 10/04/19 18:20:32 testuser/b355c7474a1c@EXAMPLE.COM
scm_1       | HTTP request sent, awaiting response... 200 OK
datanode_2  | Download rm/62a17e5f4322@EXAMPLE.COM keytab file to /etc/security/keytabs/rm.keytab
om_1        |    2 10/04/19 18:20:25 testuser/om@EXAMPLE.COM
rm_1        |      0K                                                       100% 15.7M=0s
datanode_1  | Download s3g/bf4c2b4ccf65@EXAMPLE.COM keytab file to /etc/security/keytabs/s3g.keytab
kms_1       | KVNO Timestamp         Principal
jhs         |    2 10/04/19 18:20:31 testuser/jhs@EXAMPLE.COM
s3g_1       | 
nm_1        | 
kdc_1       | Oct 04 18:20:24 kdc kadmind[15](Notice): Request: kadm5_randkey_principal, scm/om@EXAMPLE.COM, success, client=admin/admin@EXAMPLE.COM, service=kadmin/admin@EXAMPLE.COM, addr=127.0.0.1
scm_1       | Length: 142 [application/octet-stream]
datanode_3  | Download s3g/b355c7474a1c@EXAMPLE.COM keytab file to /etc/security/keytabs/s3g.keytab
datanode_2  | --2019-10-04 18:20:35--  http://kdc:8081/keytab/62a17e5f4322/rm
om_1        | Download s3g/om@EXAMPLE.COM keytab file to /etc/security/keytabs/s3g.keytab
rm_1        | 
datanode_1  | --2019-10-04 18:20:32--  http://kdc:8081/keytab/bf4c2b4ccf65/s3g
kms_1       | ---- ----------------- --------------------------------------------------------
s3g_1       | Keytab name: FILE:/etc/security/keytabs/s3g.keytab
kdc_1       | Oct 04 18:20:24 kdc kadmind[15](Notice): Request: kadm5_get_principal, scm/om@EXAMPLE.COM, success, client=admin/admin@EXAMPLE.COM, service=kadmin/admin@EXAMPLE.COM, addr=127.0.0.1
nm_1        |      0K                                                       100% 20.5M=0s
datanode_3  | --2019-10-04 18:20:32--  http://kdc:8081/keytab/b355c7474a1c/s3g
scm_1       | Saving to: '/etc/security/keytabs/s3g.keytab'
datanode_2  | Resolving kdc (kdc)... 172.18.0.7
jhs         |    2 10/04/19 18:20:31 testuser/jhs@EXAMPLE.COM
om_1        | --2019-10-04 18:20:25--  http://kdc:8081/keytab/om/s3g
rm_1        | 2019-10-04 18:20:34 (15.7 MB/s) - '/etc/security/keytabs/s3g.keytab' saved [140/140]
datanode_1  | Resolving kdc (kdc)... 172.18.0.7
kms_1       |    2 10/04/19 18:20:31 testuser/69a54a3a42ea@EXAMPLE.COM
s3g_1       | KVNO Timestamp         Principal
kdc_1       | Entry for principal scm/om@EXAMPLE.COM with kvno 2, encryption type aes256-cts-hmac-sha1-96 added to keytab WRFILE:/data/scm.om.keytab.
nm_1        | 
datanode_3  | Resolving kdc (kdc)... 172.18.0.7
scm_1       | 
datanode_2  | Connecting to kdc (kdc)|172.18.0.7|:8081... connected.
jhs         | Download s3g/jhs@EXAMPLE.COM keytab file to /etc/security/keytabs/s3g.keytab
rm_1        | 
om_1        | Resolving kdc (kdc)... 172.18.0.7
datanode_1  | Connecting to kdc (kdc)|172.18.0.7|:8081... connected.
kms_1       |    2 10/04/19 18:20:31 testuser/69a54a3a42ea@EXAMPLE.COM
s3g_1       | ---- ----------------- --------------------------------------------------------
kdc_1       | Entry for principal scm/om@EXAMPLE.COM with kvno 2, encryption type aes128-cts-hmac-sha1-96 added to keytab WRFILE:/data/scm.om.keytab.
nm_1        | 2019-10-04 18:20:35 (20.5 MB/s) - '/etc/security/keytabs/rm.keytab' saved [138/138]
datanode_3  | Connecting to kdc (kdc)|172.18.0.7|:8081... connected.
scm_1       |      0K                                                       100% 13.6M=0s
jhs         | --2019-10-04 18:20:31--  http://kdc:8081/keytab/jhs/s3g
datanode_2  | HTTP request sent, awaiting response... 200 OK
rm_1        | Keytab name: FILE:/etc/security/keytabs/s3g.keytab
om_1        | Connecting to kdc (kdc)|172.18.0.7|:8081... connected.
datanode_1  | HTTP request sent, awaiting response... 200 OK
kms_1       | Download s3g/69a54a3a42ea@EXAMPLE.COM keytab file to /etc/security/keytabs/s3g.keytab
s3g_1       |    2 10/04/19 18:20:36 s3g/s3g@EXAMPLE.COM
kdc_1       | Generiting keytab
nm_1        | 
datanode_3  | HTTP request sent, awaiting response... 200 OK
scm_1       | 
jhs         | Resolving kdc (kdc)... 172.18.0.7
datanode_2  | Length: 158 [application/octet-stream]
rm_1        | KVNO Timestamp         Principal
om_1        | HTTP request sent, awaiting response... 200 OK
datanode_1  | Length: 160 [application/octet-stream]
kms_1       | --2019-10-04 18:20:31--  http://kdc:8081/keytab/69a54a3a42ea/s3g
s3g_1       |    2 10/04/19 18:20:36 s3g/s3g@EXAMPLE.COM
nm_1        | Keytab name: FILE:/etc/security/keytabs/rm.keytab
datanode_3  | Length: 160 [application/octet-stream]
scm_1       | 2019-10-04 18:20:33 (13.6 MB/s) - '/etc/security/keytabs/s3g.keytab' saved [142/142]
jhs         | Connecting to kdc (kdc)|172.18.0.7|:8081... connected.
datanode_2  | Saving to: '/etc/security/keytabs/rm.keytab'
rm_1        | ---- ----------------- --------------------------------------------------------
om_1        | Length: 140 [application/octet-stream]
datanode_1  | Saving to: '/etc/security/keytabs/s3g.keytab'
kms_1       | Resolving kdc (kdc)... 172.18.0.7
kdc_1       | Authenticating as principal admin/admin with keytab /tmp/admin.keytab.
s3g_1       | Download rm/s3g@EXAMPLE.COM keytab file to /etc/security/keytabs/rm.keytab
datanode_3  | Saving to: '/etc/security/keytabs/s3g.keytab'
scm_1       | 
jhs         | HTTP request sent, awaiting response... 200 OK
datanode_2  | 
rm_1        |    2 10/04/19 18:20:34 s3g/rm@EXAMPLE.COM
om_1        | Saving to: '/etc/security/keytabs/s3g.keytab'
datanode_1  | 
kms_1       | Connecting to kdc (kdc)|172.18.0.7|:8081... connected.
kdc_1       | WARNING: no policy specified for HTTP/om@EXAMPLE.COM; defaulting to no policy
nm_1        | KVNO Timestamp         Principal
datanode_3  | 
scm_1       | Keytab name: FILE:/etc/security/keytabs/s3g.keytab
s3g_1       | --2019-10-04 18:20:36--  http://kdc:8081/keytab/s3g/rm
jhs         | Length: 142 [application/octet-stream]
datanode_2  |      0K                                                       100% 6.74M=0s
om_1        | 
datanode_1  |      0K                                                       100% 23.0M=0s
rm_1        |    2 10/04/19 18:20:34 s3g/rm@EXAMPLE.COM
kms_1       | HTTP request sent, awaiting response... 200 OK
kdc_1       | Principal "HTTP/om@EXAMPLE.COM" created.
nm_1        | ---- ----------------- --------------------------------------------------------
datanode_3  |      0K                                                       100% 18.0M=0s
scm_1       | KVNO Timestamp         Principal
s3g_1       | Resolving kdc (kdc)... 172.18.0.7
jhs         | Saving to: '/etc/security/keytabs/s3g.keytab'
datanode_2  | 
om_1        |      0K                                                       100% 11.5M=0s
datanode_1  | 
rm_1        | Download rm/rm@EXAMPLE.COM keytab file to /etc/security/keytabs/rm.keytab
kms_1       | Length: 160 [application/octet-stream]
kdc_1       | Authenticating as principal admin/admin with keytab /tmp/admin.keytab.
nm_1        |    2 10/04/19 18:20:35 rm/nm@EXAMPLE.COM
datanode_3  | 
scm_1       | ---- ----------------- --------------------------------------------------------
s3g_1       | Connecting to kdc (kdc)|172.18.0.7|:8081... connected.
jhs         | 
datanode_2  | 2019-10-04 18:20:36 (6.74 MB/s) - '/etc/security/keytabs/rm.keytab' saved [158/158]
om_1        | 
datanode_1  | 2019-10-04 18:20:33 (23.0 MB/s) - '/etc/security/keytabs/s3g.keytab' saved [160/160]
rm_1        | --2019-10-04 18:20:34--  http://kdc:8081/keytab/rm/rm
kms_1       | Saving to: '/etc/security/keytabs/s3g.keytab'
kdc_1       | Entry for principal HTTP/om@EXAMPLE.COM with kvno 2, encryption type aes256-cts-hmac-sha1-96 added to keytab WRFILE:/data/HTTP.om.keytab.
nm_1        |    2 10/04/19 18:20:35 rm/nm@EXAMPLE.COM
datanode_3  | 2019-10-04 18:20:33 (18.0 MB/s) - '/etc/security/keytabs/s3g.keytab' saved [160/160]
scm_1       |    2 10/04/19 18:20:33 s3g/scm@EXAMPLE.COM
s3g_1       | HTTP request sent, awaiting response... 200 OK
datanode_2  | 
om_1        | 2019-10-04 18:20:25 (11.5 MB/s) - '/etc/security/keytabs/s3g.keytab' saved [140/140]
jhs         |      0K                                                       100% 17.2M=0s
datanode_1  | 
kms_1       | 
kdc_1       | Entry for principal HTTP/om@EXAMPLE.COM with kvno 2, encryption type aes128-cts-hmac-sha1-96 added to keytab WRFILE:/data/HTTP.om.keytab.
nm_1        | Download nm/nm@EXAMPLE.COM keytab file to /etc/security/keytabs/nm.keytab
datanode_3  | 
s3g_1       | Length: 140 [application/octet-stream]
scm_1       |    2 10/04/19 18:20:33 s3g/scm@EXAMPLE.COM
rm_1        | Resolving kdc (kdc)... 172.18.0.7
datanode_2  | Keytab name: FILE:/etc/security/keytabs/rm.keytab
om_1        | 
datanode_1  | Keytab name: FILE:/etc/security/keytabs/s3g.keytab
kms_1       |      0K                                                       100% 18.2M=0s
kdc_1       | Generiting keytab
jhs         | 
nm_1        | --2019-10-04 18:20:35--  http://kdc:8081/keytab/nm/nm
datanode_3  | Keytab name: FILE:/etc/security/keytabs/s3g.keytab
s3g_1       | Saving to: '/etc/security/keytabs/rm.keytab'
scm_1       | Download rm/scm@EXAMPLE.COM keytab file to /etc/security/keytabs/rm.keytab
rm_1        | Connecting to kdc (kdc)|172.18.0.7|:8081... connected.
datanode_2  | KVNO Timestamp         Principal
om_1        | Keytab name: FILE:/etc/security/keytabs/s3g.keytab
datanode_1  | KVNO Timestamp         Principal
kms_1       | 
kdc_1       | Authenticating as principal admin/admin with keytab /tmp/admin.keytab.
jhs         | 2019-10-04 18:20:33 (17.2 MB/s) - '/etc/security/keytabs/s3g.keytab' saved [142/142]
nm_1        | Resolving kdc (kdc)... 172.18.0.7
datanode_3  | KVNO Timestamp         Principal
s3g_1       | 
rm_1        | HTTP request sent, awaiting response... 200 OK
datanode_2  | ---- ----------------- --------------------------------------------------------
scm_1       | --2019-10-04 18:20:33--  http://kdc:8081/keytab/scm/rm
om_1        | KVNO Timestamp         Principal
datanode_1  | ---- ----------------- --------------------------------------------------------
kms_1       | 2019-10-04 18:20:33 (18.2 MB/s) - '/etc/security/keytabs/s3g.keytab' saved [160/160]
kdc_1       | WARNING: no policy specified for testuser/om@EXAMPLE.COM; defaulting to no policy
jhs         | 
nm_1        | Connecting to kdc (kdc)|172.18.0.7|:8081... connected.
datanode_3  | ---- ----------------- --------------------------------------------------------
s3g_1       |      0K                                                       100% 14.6M=0s
rm_1        | Length: 138 [application/octet-stream]
datanode_2  |    2 10/04/19 18:20:36 rm/62a17e5f4322@EXAMPLE.COM
scm_1       | Resolving kdc (kdc)... 172.18.0.7
om_1        | ---- ----------------- --------------------------------------------------------
datanode_1  |    2 10/04/19 18:20:33 s3g/bf4c2b4ccf65@EXAMPLE.COM
kms_1       | 
kdc_1       | Principal "testuser/om@EXAMPLE.COM" created.
jhs         | Keytab name: FILE:/etc/security/keytabs/s3g.keytab
nm_1        | HTTP request sent, awaiting response... 200 OK
datanode_3  |    2 10/04/19 18:20:33 s3g/b355c7474a1c@EXAMPLE.COM
s3g_1       | 
rm_1        | Saving to: '/etc/security/keytabs/rm.keytab'
datanode_2  |    2 10/04/19 18:20:36 rm/62a17e5f4322@EXAMPLE.COM
scm_1       | Connecting to kdc (kdc)|172.18.0.7|:8081... connected.
om_1        |    2 10/04/19 18:20:25 s3g/om@EXAMPLE.COM
datanode_1  |    2 10/04/19 18:20:33 s3g/bf4c2b4ccf65@EXAMPLE.COM
kms_1       | Keytab name: FILE:/etc/security/keytabs/s3g.keytab
kdc_1       | Authenticating as principal admin/admin with keytab /tmp/admin.keytab.
jhs         | KVNO Timestamp         Principal
nm_1        | Length: 138 [application/octet-stream]
datanode_3  |    2 10/04/19 18:20:33 s3g/b355c7474a1c@EXAMPLE.COM
s3g_1       | 2019-10-04 18:20:37 (14.6 MB/s) - '/etc/security/keytabs/rm.keytab' saved [140/140]
rm_1        | 
datanode_2  | Download nm/62a17e5f4322@EXAMPLE.COM keytab file to /etc/security/keytabs/nm.keytab
scm_1       | HTTP request sent, awaiting response... 200 OK
om_1        |    2 10/04/19 18:20:25 s3g/om@EXAMPLE.COM
datanode_1  | Download rm/bf4c2b4ccf65@EXAMPLE.COM keytab file to /etc/security/keytabs/rm.keytab
kms_1       | KVNO Timestamp         Principal
kdc_1       | Entry for principal testuser/om@EXAMPLE.COM with kvno 2, encryption type aes256-cts-hmac-sha1-96 added to keytab WRFILE:/data/testuser.om.keytab.
jhs         | ---- ----------------- --------------------------------------------------------
nm_1        | Saving to: '/etc/security/keytabs/nm.keytab'
datanode_3  | Download rm/b355c7474a1c@EXAMPLE.COM keytab file to /etc/security/keytabs/rm.keytab
s3g_1       | 
rm_1        |      0K                                                       100% 12.4M=0s
datanode_2  | --2019-10-04 18:20:36--  http://kdc:8081/keytab/62a17e5f4322/nm
scm_1       | Length: 140 [application/octet-stream]
om_1        | Download rm/om@EXAMPLE.COM keytab file to /etc/security/keytabs/rm.keytab
datanode_1  | --2019-10-04 18:20:33--  http://kdc:8081/keytab/bf4c2b4ccf65/rm
kdc_1       | Entry for principal testuser/om@EXAMPLE.COM with kvno 2, encryption type aes128-cts-hmac-sha1-96 added to keytab WRFILE:/data/testuser.om.keytab.
kms_1       | ---- ----------------- --------------------------------------------------------
jhs         |    2 10/04/19 18:20:33 s3g/jhs@EXAMPLE.COM
nm_1        | 
s3g_1       | Keytab name: FILE:/etc/security/keytabs/rm.keytab
rm_1        | 
datanode_2  | Resolving kdc (kdc)... 172.18.0.7
scm_1       | Saving to: '/etc/security/keytabs/rm.keytab'
datanode_1  | Resolving kdc (kdc)... 172.18.0.7
om_1        | --2019-10-04 18:20:25--  http://kdc:8081/keytab/om/rm
datanode_3  | --2019-10-04 18:20:33--  http://kdc:8081/keytab/b355c7474a1c/rm
kdc_1       | Generiting keytab
kms_1       |    2 10/04/19 18:20:33 s3g/69a54a3a42ea@EXAMPLE.COM
jhs         |    2 10/04/19 18:20:33 s3g/jhs@EXAMPLE.COM
nm_1        |      0K                                                       100% 14.6M=0s
s3g_1       | KVNO Timestamp         Principal
rm_1        | 2019-10-04 18:20:35 (12.4 MB/s) - '/etc/security/keytabs/rm.keytab' saved [138/138]
datanode_2  | Connecting to kdc (kdc)|172.18.0.7|:8081... connected.
scm_1       | 
datanode_1  | Connecting to kdc (kdc)|172.18.0.7|:8081... connected.
om_1        | Resolving kdc (kdc)... 172.18.0.7
datanode_3  | Resolving kdc (kdc)... 172.18.0.7
kms_1       |    2 10/04/19 18:20:33 s3g/69a54a3a42ea@EXAMPLE.COM
kdc_1       | Authenticating as principal admin/admin with keytab /tmp/admin.keytab.
jhs         | Download rm/jhs@EXAMPLE.COM keytab file to /etc/security/keytabs/rm.keytab
nm_1        | 
s3g_1       | ---- ----------------- --------------------------------------------------------
rm_1        | 
datanode_2  | HTTP request sent, awaiting response... 200 OK
scm_1       |      0K                                                       100% 18.2M=0s
datanode_1  | HTTP request sent, awaiting response... 200 OK
om_1        | Connecting to kdc (kdc)|172.18.0.7|:8081... connected.
datanode_3  | Connecting to kdc (kdc)|172.18.0.7|:8081... connected.
kms_1       | Download rm/69a54a3a42ea@EXAMPLE.COM keytab file to /etc/security/keytabs/rm.keytab
kdc_1       | WARNING: no policy specified for s3g/om@EXAMPLE.COM; defaulting to no policy
nm_1        | 2019-10-04 18:20:37 (14.6 MB/s) - '/etc/security/keytabs/nm.keytab' saved [138/138]
jhs         | --2019-10-04 18:20:33--  http://kdc:8081/keytab/jhs/rm
s3g_1       |    2 10/04/19 18:20:37 rm/s3g@EXAMPLE.COM
rm_1        | Keytab name: FILE:/etc/security/keytabs/rm.keytab
datanode_2  | Length: 158 [application/octet-stream]
scm_1       | 
datanode_1  | Length: 158 [application/octet-stream]
om_1        | HTTP request sent, awaiting response... 200 OK
datanode_3  | HTTP request sent, awaiting response... 200 OK
kms_1       | --2019-10-04 18:20:33--  http://kdc:8081/keytab/69a54a3a42ea/rm
kdc_1       | Principal "s3g/om@EXAMPLE.COM" created.
nm_1        | 
jhs         | Resolving kdc (kdc)... 172.18.0.7
s3g_1       |    2 10/04/19 18:20:37 rm/s3g@EXAMPLE.COM
rm_1        | KVNO Timestamp         Principal
datanode_2  | Saving to: '/etc/security/keytabs/nm.keytab'
scm_1       | 2019-10-04 18:20:35 (18.2 MB/s) - '/etc/security/keytabs/rm.keytab' saved [140/140]
datanode_1  | Saving to: '/etc/security/keytabs/rm.keytab'
datanode_3  | Length: 158 [application/octet-stream]
om_1        | Length: 138 [application/octet-stream]
kms_1       | Resolving kdc (kdc)... 172.18.0.7
kdc_1       | Authenticating as principal admin/admin with keytab /tmp/admin.keytab.
nm_1        | Keytab name: FILE:/etc/security/keytabs/nm.keytab
jhs         | Connecting to kdc (kdc)|172.18.0.7|:8081... connected.
s3g_1       | Download nm/s3g@EXAMPLE.COM keytab file to /etc/security/keytabs/nm.keytab
rm_1        | ---- ----------------- --------------------------------------------------------
datanode_2  | 
scm_1       | 
datanode_1  | 
datanode_3  | Saving to: '/etc/security/keytabs/rm.keytab'
om_1        | Saving to: '/etc/security/keytabs/rm.keytab'
kms_1       | Connecting to kdc (kdc)|172.18.0.7|:8081... connected.
kdc_1       | Entry for principal s3g/om@EXAMPLE.COM with kvno 2, encryption type aes256-cts-hmac-sha1-96 added to keytab WRFILE:/data/s3g.om.keytab.
nm_1        | KVNO Timestamp         Principal
jhs         | HTTP request sent, awaiting response... 200 OK
s3g_1       | --2019-10-04 18:20:37--  http://kdc:8081/keytab/s3g/nm
rm_1        |    2 10/04/19 18:20:35 rm/rm@EXAMPLE.COM
datanode_2  |      0K                                                       100% 10.3M=0s
scm_1       | Keytab name: FILE:/etc/security/keytabs/rm.keytab
datanode_1  |      0K                                                       100% 17.1M=0s
datanode_3  | 
om_1        | 
kms_1       | HTTP request sent, awaiting response... 200 OK
kdc_1       | Entry for principal s3g/om@EXAMPLE.COM with kvno 2, encryption type aes128-cts-hmac-sha1-96 added to keytab WRFILE:/data/s3g.om.keytab.
nm_1        | ---- ----------------- --------------------------------------------------------
jhs         | Length: 140 [application/octet-stream]
rm_1        |    2 10/04/19 18:20:35 rm/rm@EXAMPLE.COM
datanode_2  | 
s3g_1       | Resolving kdc (kdc)... 172.18.0.7
scm_1       | KVNO Timestamp         Principal
datanode_3  |      0K                                                       100% 8.47M=0s
om_1        |      0K                                                       100% 16.4M=0s
kms_1       | Length: 158 [application/octet-stream]
kdc_1       | Generiting keytab
jhs         | Saving to: '/etc/security/keytabs/rm.keytab'
datanode_1  | 
datanode_2  | 2019-10-04 18:20:37 (10.3 MB/s) - '/etc/security/keytabs/nm.keytab' saved [158/158]
rm_1        | Download nm/rm@EXAMPLE.COM keytab file to /etc/security/keytabs/nm.keytab
s3g_1       | Connecting to kdc (kdc)|172.18.0.7|:8081... connected.
scm_1       | ---- ----------------- --------------------------------------------------------
datanode_3  | 
nm_1        |    2 10/04/19 18:20:37 nm/nm@EXAMPLE.COM
om_1        | 
kms_1       | Saving to: '/etc/security/keytabs/rm.keytab'
kdc_1       | Authenticating as principal admin/admin with keytab /tmp/admin.keytab.
jhs         | 
datanode_1  | 2019-10-04 18:20:34 (17.1 MB/s) - '/etc/security/keytabs/rm.keytab' saved [158/158]
datanode_2  | 
rm_1        | --2019-10-04 18:20:35--  http://kdc:8081/keytab/rm/nm
s3g_1       | HTTP request sent, awaiting response... 200 OK
scm_1       |    2 10/04/19 18:20:35 rm/scm@EXAMPLE.COM
datanode_3  | 2019-10-04 18:20:34 (8.47 MB/s) - '/etc/security/keytabs/rm.keytab' saved [158/158]
nm_1        |    2 10/04/19 18:20:37 nm/nm@EXAMPLE.COM
om_1        | 2019-10-04 18:20:25 (16.4 MB/s) - '/etc/security/keytabs/rm.keytab' saved [138/138]
kms_1       | 
jhs         |      0K                                                       100% 13.4M=0s
kdc_1       | WARNING: no policy specified for rm/om@EXAMPLE.COM; defaulting to no policy
datanode_1  | 
datanode_2  | Keytab name: FILE:/etc/security/keytabs/nm.keytab
rm_1        | Resolving kdc (kdc)... 172.18.0.7
s3g_1       | Length: 140 [application/octet-stream]
scm_1       |    2 10/04/19 18:20:35 rm/scm@EXAMPLE.COM
datanode_3  | 
nm_1        | Download yarn/nm@EXAMPLE.COM keytab file to /etc/security/keytabs/yarn.keytab
om_1        | 
kms_1       |      0K                                                       100% 21.3M=0s
jhs         | 
kdc_1       | Principal "rm/om@EXAMPLE.COM" created.
datanode_1  | Keytab name: FILE:/etc/security/keytabs/rm.keytab
datanode_2  | KVNO Timestamp         Principal
rm_1        | Connecting to kdc (kdc)|172.18.0.7|:8081... connected.
s3g_1       | Saving to: '/etc/security/keytabs/nm.keytab'
scm_1       | Download nm/scm@EXAMPLE.COM keytab file to /etc/security/keytabs/nm.keytab
datanode_3  | Keytab name: FILE:/etc/security/keytabs/rm.keytab
nm_1        | --2019-10-04 18:20:37--  http://kdc:8081/keytab/nm/yarn
om_1        | Keytab name: FILE:/etc/security/keytabs/rm.keytab
kms_1       | 
jhs         | 2019-10-04 18:20:34 (13.4 MB/s) - '/etc/security/keytabs/rm.keytab' saved [140/140]
kdc_1       | Authenticating as principal admin/admin with keytab /tmp/admin.keytab.
datanode_1  | KVNO Timestamp         Principal
datanode_2  | ---- ----------------- --------------------------------------------------------
rm_1        | HTTP request sent, awaiting response... 200 OK
s3g_1       | 
scm_1       | --2019-10-04 18:20:35--  http://kdc:8081/keytab/scm/nm
datanode_3  | KVNO Timestamp         Principal
nm_1        | Resolving kdc (kdc)... 172.18.0.7
om_1        | KVNO Timestamp         Principal
kms_1       | 2019-10-04 18:20:34 (21.3 MB/s) - '/etc/security/keytabs/rm.keytab' saved [158/158]
jhs         | 
kdc_1       | Entry for principal rm/om@EXAMPLE.COM with kvno 2, encryption type aes256-cts-hmac-sha1-96 added to keytab WRFILE:/data/rm.om.keytab.
datanode_1  | ---- ----------------- --------------------------------------------------------
datanode_2  |    2 10/04/19 18:20:37 nm/62a17e5f4322@EXAMPLE.COM
rm_1        | Length: 138 [application/octet-stream]
s3g_1       |      0K                                                       100% 7.76M=0s
scm_1       | Resolving kdc (kdc)... 172.18.0.7
datanode_3  | ---- ----------------- --------------------------------------------------------
nm_1        | Connecting to kdc (kdc)|172.18.0.7|:8081... connected.
om_1        | ---- ----------------- --------------------------------------------------------
kms_1       | 
jhs         | Keytab name: FILE:/etc/security/keytabs/rm.keytab
kdc_1       | Entry for principal rm/om@EXAMPLE.COM with kvno 2, encryption type aes128-cts-hmac-sha1-96 added to keytab WRFILE:/data/rm.om.keytab.
datanode_1  |    2 10/04/19 18:20:34 rm/bf4c2b4ccf65@EXAMPLE.COM
datanode_2  |    2 10/04/19 18:20:37 nm/62a17e5f4322@EXAMPLE.COM
rm_1        | Saving to: '/etc/security/keytabs/nm.keytab'
s3g_1       | 
scm_1       | Connecting to kdc (kdc)|172.18.0.7|:8081... connected.
datanode_3  |    2 10/04/19 18:20:34 rm/b355c7474a1c@EXAMPLE.COM
nm_1        | HTTP request sent, awaiting response... 200 OK
om_1        |    2 10/04/19 18:20:25 rm/om@EXAMPLE.COM
kms_1       | Keytab name: FILE:/etc/security/keytabs/rm.keytab
jhs         | KVNO Timestamp         Principal
kdc_1       | Generiting keytab
datanode_1  |    2 10/04/19 18:20:34 rm/bf4c2b4ccf65@EXAMPLE.COM
datanode_2  | Download yarn/62a17e5f4322@EXAMPLE.COM keytab file to /etc/security/keytabs/yarn.keytab
rm_1        | 
s3g_1       | 2019-10-04 18:20:38 (7.76 MB/s) - '/etc/security/keytabs/nm.keytab' saved [140/140]
scm_1       | HTTP request sent, awaiting response... 200 OK
datanode_3  |    2 10/04/19 18:20:34 rm/b355c7474a1c@EXAMPLE.COM
nm_1        | Length: 142 [application/octet-stream]
om_1        |    2 10/04/19 18:20:25 rm/om@EXAMPLE.COM
kms_1       | KVNO Timestamp         Principal
jhs         | ---- ----------------- --------------------------------------------------------
kdc_1       | Authenticating as principal admin/admin with keytab /tmp/admin.keytab.
datanode_1  | Download nm/bf4c2b4ccf65@EXAMPLE.COM keytab file to /etc/security/keytabs/nm.keytab
datanode_2  | --2019-10-04 18:20:37--  http://kdc:8081/keytab/62a17e5f4322/yarn
rm_1        |      0K                                                       100% 19.2M=0s
s3g_1       | 
scm_1       | Length: 140 [application/octet-stream]
datanode_3  | Download nm/b355c7474a1c@EXAMPLE.COM keytab file to /etc/security/keytabs/nm.keytab
nm_1        | Saving to: '/etc/security/keytabs/yarn.keytab'
om_1        | Download nm/om@EXAMPLE.COM keytab file to /etc/security/keytabs/nm.keytab
kms_1       | ---- ----------------- --------------------------------------------------------
jhs         |    2 10/04/19 18:20:34 rm/jhs@EXAMPLE.COM
kdc_1       | WARNING: no policy specified for dn/69a54a3a42ea@EXAMPLE.COM; defaulting to no policy
datanode_1  | --2019-10-04 18:20:34--  http://kdc:8081/keytab/bf4c2b4ccf65/nm
datanode_2  | Resolving kdc (kdc)... 172.18.0.7
rm_1        | 
s3g_1       | Keytab name: FILE:/etc/security/keytabs/nm.keytab
scm_1       | Saving to: '/etc/security/keytabs/nm.keytab'
datanode_3  | --2019-10-04 18:20:34--  http://kdc:8081/keytab/b355c7474a1c/nm
nm_1        | 
om_1        | --2019-10-04 18:20:25--  http://kdc:8081/keytab/om/nm
kms_1       |    2 10/04/19 18:20:34 rm/69a54a3a42ea@EXAMPLE.COM
jhs         |    2 10/04/19 18:20:34 rm/jhs@EXAMPLE.COM
kdc_1       | Principal "dn/69a54a3a42ea@EXAMPLE.COM" created.
datanode_1  | Resolving kdc (kdc)... 172.18.0.7
datanode_2  | Connecting to kdc (kdc)|172.18.0.7|:8081... connected.
rm_1        | 2019-10-04 18:20:37 (19.2 MB/s) - '/etc/security/keytabs/nm.keytab' saved [138/138]
s3g_1       | KVNO Timestamp         Principal
scm_1       | 
datanode_3  | Resolving kdc (kdc)... 172.18.0.7
nm_1        |      0K                                                       100% 11.3M=0s
om_1        | Resolving kdc (kdc)... 172.18.0.7
kms_1       |    2 10/04/19 18:20:34 rm/69a54a3a42ea@EXAMPLE.COM
jhs         | Download nm/jhs@EXAMPLE.COM keytab file to /etc/security/keytabs/nm.keytab
kdc_1       | Authenticating as principal admin/admin with keytab /tmp/admin.keytab.
datanode_1  | Connecting to kdc (kdc)|172.18.0.7|:8081... connected.
datanode_2  | HTTP request sent, awaiting response... 200 OK
rm_1        | 
s3g_1       | ---- ----------------- --------------------------------------------------------
scm_1       |      0K                                                       100% 11.1M=0s
datanode_3  | Connecting to kdc (kdc)|172.18.0.7|:8081... connected.
nm_1        | 
om_1        | Connecting to kdc (kdc)|172.18.0.7|:8081... connected.
kms_1       | Download nm/69a54a3a42ea@EXAMPLE.COM keytab file to /etc/security/keytabs/nm.keytab
jhs         | --2019-10-04 18:20:34--  http://kdc:8081/keytab/jhs/nm
kdc_1       | Oct 04 18:20:24 kdc krb5kdc[9](info): AS_REQ (8 etypes {18 17 20 19 16 23 25 26}) 127.0.0.1: SERVER_NOT_FOUND: admin/admin@EXAMPLE.COM for kadmin/localhost@EXAMPLE.COM, Server not found in Kerberos database
datanode_1  | HTTP request sent, awaiting response... 200 OK
datanode_2  | Length: 162 [application/octet-stream]
s3g_1       |    2 10/04/19 18:20:38 nm/s3g@EXAMPLE.COM
scm_1       | 
datanode_3  | HTTP request sent, awaiting response... 200 OK
nm_1        | 2019-10-04 18:20:38 (11.3 MB/s) - '/etc/security/keytabs/yarn.keytab' saved [142/142]
om_1        | HTTP request sent, awaiting response... 200 OK
kms_1       | --2019-10-04 18:20:34--  http://kdc:8081/keytab/69a54a3a42ea/nm
jhs         | Resolving kdc (kdc)... 172.18.0.7
kdc_1       | Oct 04 18:20:24 kdc krb5kdc[9](info): AS_REQ (8 etypes {18 17 20 19 16 23 25 26}) 127.0.0.1: ISSUE: authtime 1570213224, etypes {rep=18 tkt=18 ses=18}, admin/admin@EXAMPLE.COM for kadmin/admin@EXAMPLE.COM
rm_1        | Keytab name: FILE:/etc/security/keytabs/nm.keytab
datanode_2  | Saving to: '/etc/security/keytabs/yarn.keytab'
datanode_1  | Length: 158 [application/octet-stream]
s3g_1       |    2 10/04/19 18:20:38 nm/s3g@EXAMPLE.COM
datanode_3  | Length: 158 [application/octet-stream]
nm_1        | 
scm_1       | 2019-10-04 18:20:36 (11.1 MB/s) - '/etc/security/keytabs/nm.keytab' saved [140/140]
om_1        | Length: 138 [application/octet-stream]
kms_1       | Resolving kdc (kdc)... 172.18.0.7
jhs         | Connecting to kdc (kdc)|172.18.0.7|:8081... connected.
kdc_1       | Oct 04 18:20:24 kdc krb5kdc[9](info): AS_REQ (8 etypes {18 17 20 19 16 23 25 26}) 127.0.0.1: SERVER_NOT_FOUND: admin/admin@EXAMPLE.COM for kadmin/localhost@EXAMPLE.COM, Server not found in Kerberos database
datanode_2  | 
rm_1        | KVNO Timestamp         Principal
datanode_1  | Saving to: '/etc/security/keytabs/nm.keytab'
s3g_1       | Download yarn/s3g@EXAMPLE.COM keytab file to /etc/security/keytabs/yarn.keytab
datanode_3  | Saving to: '/etc/security/keytabs/nm.keytab'
nm_1        | Keytab name: FILE:/etc/security/keytabs/yarn.keytab
om_1        | Saving to: '/etc/security/keytabs/nm.keytab'
kms_1       | Connecting to kdc (kdc)|172.18.0.7|:8081... connected.
jhs         | HTTP request sent, awaiting response... 200 OK
scm_1       | 
kdc_1       | Oct 04 18:20:24 kdc krb5kdc[9](info): AS_REQ (8 etypes {18 17 20 19 16 23 25 26}) 127.0.0.1: ISSUE: authtime 1570213224, etypes {rep=18 tkt=18 ses=18}, admin/admin@EXAMPLE.COM for kadmin/admin@EXAMPLE.COM
datanode_2  |      0K                                                       100% 13.5M=0s
rm_1        | ---- ----------------- --------------------------------------------------------
datanode_1  | 
s3g_1       | --2019-10-04 18:20:38--  http://kdc:8081/keytab/s3g/yarn
datanode_3  | 
nm_1        | KVNO Timestamp         Principal
om_1        | 
kms_1       | HTTP request sent, awaiting response... 200 OK
jhs         | Length: 140 [application/octet-stream]
scm_1       | Keytab name: FILE:/etc/security/keytabs/nm.keytab
kdc_1       | Oct 04 18:20:25 kdc krb5kdc[9](info): AS_REQ (8 etypes {18 17 20 19 16 23 25 26}) 127.0.0.1: SERVER_NOT_FOUND: admin/admin@EXAMPLE.COM for kadmin/localhost@EXAMPLE.COM, Server not found in Kerberos database
datanode_2  | 
rm_1        |    2 10/04/19 18:20:37 nm/rm@EXAMPLE.COM
