Attaching to ozonesecure_om_1, ozonesecure_datanode_3, ozonesecure_recon_1, ozonesecure_datanode_2, ozonesecure_scm_1, ozonesecure_datanode_1, ozonesecure_kdc_1, ozonesecure_s3g_1, ozonesecure_kms_1
datanode_3  | Sleeping for 5 seconds
datanode_3  | Setting up kerberos!!
datanode_3  | KDC ISSUER_SERVER => kdc:8081
datanode_3  | /opt/hadoop/bin/docker/entrypoint.sh: line 66: SLEEP_SECONDS: command not found
datanode_3  | Sleeping for  seconds
om_1        | Sleeping for 5 seconds
om_1        | Setting up kerberos!!
om_1        | KDC ISSUER_SERVER => kdc:8081
om_1        | /opt/hadoop/bin/docker/entrypoint.sh: line 66: SLEEP_SECONDS: command not found
om_1        | Sleeping for  seconds
datanode_3  | Got 200, KDC service ready!!
om_1        | Got 200, KDC service ready!!
datanode_3  | Download dn/75233c3f1fd4@EXAMPLE.COM keytab file to /etc/security/keytabs/dn.keytab
om_1        | Download dn/om@EXAMPLE.COM keytab file to /etc/security/keytabs/dn.keytab
datanode_3  | --2019-10-04 18:22:29--  http://kdc:8081/keytab/75233c3f1fd4/dn
om_1        | --2019-10-04 18:22:29--  http://kdc:8081/keytab/om/dn
datanode_2  | Sleeping for 5 seconds
recon_1     | Sleeping for 5 seconds
datanode_3  | Resolving kdc (kdc)... 172.18.0.4
om_1        | Resolving kdc (kdc)... 172.18.0.4
datanode_2  | Setting up kerberos!!
recon_1     | Waiting for the service om:9874
datanode_3  | Connecting to kdc (kdc)|172.18.0.4|:8081... connected.
om_1        | Connecting to kdc (kdc)|172.18.0.4|:8081... connected.
datanode_2  | KDC ISSUER_SERVER => kdc:8081
recon_1     | Setting up kerberos!!
datanode_3  | HTTP request sent, awaiting response... 200 OK
om_1        | HTTP request sent, awaiting response... 200 OK
datanode_2  | /opt/hadoop/bin/docker/entrypoint.sh: line 66: SLEEP_SECONDS: command not found
recon_1     | KDC ISSUER_SERVER => kdc:8081
datanode_3  | Length: 158 [application/octet-stream]
om_1        | Length: 138 [application/octet-stream]
datanode_2  | Sleeping for  seconds
recon_1     | /opt/hadoop/bin/docker/entrypoint.sh: line 66: SLEEP_SECONDS: command not found
scm_1       | Sleeping for 5 seconds
datanode_3  | Saving to: '/etc/security/keytabs/dn.keytab'
om_1        | Saving to: '/etc/security/keytabs/dn.keytab'
datanode_2  | Got 200, KDC service ready!!
scm_1       | Setting up kerberos!!
kms_1       | Sleeping for 5 seconds
om_1        | 
recon_1     | Sleeping for  seconds
kdc_1       | Issuer is listening on : 8081krb5kdc: starting...
datanode_3  | 
datanode_2  | Download dn/d49909ee7bec@EXAMPLE.COM keytab file to /etc/security/keytabs/dn.keytab
scm_1       | KDC ISSUER_SERVER => kdc:8081
kms_1       | Setting up kerberos!!
om_1        |      0K                                                       100% 13.6M=0s
recon_1     | Got 200, KDC service ready!!
datanode_3  |      0K                                                       100% 10.7M=0s
datanode_2  | --2019-10-04 18:22:29--  http://kdc:8081/keytab/d49909ee7bec/dn
scm_1       | /opt/hadoop/bin/docker/entrypoint.sh: line 66: SLEEP_SECONDS: command not found
kdc_1       | kadmind: starting...
kms_1       | KDC ISSUER_SERVER => kdc:8081
om_1        | 
datanode_3  | 
datanode_2  | Resolving kdc (kdc)... 172.18.0.4
scm_1       | Sleeping for  seconds
kdc_1       | otp: Loaded
recon_1     | Download dn/recon@EXAMPLE.COM keytab file to /etc/security/keytabs/dn.keytab
kms_1       | /opt/starter.sh: line 66: SLEEP_SECONDS: command not found
om_1        | 2019-10-04 18:22:30 (13.6 MB/s) - '/etc/security/keytabs/dn.keytab' saved [138/138]
datanode_3  | 2019-10-04 18:22:30 (10.7 MB/s) - '/etc/security/keytabs/dn.keytab' saved [158/158]
datanode_1  | Sleeping for 5 seconds
datanode_2  | Connecting to kdc (kdc)|172.18.0.4|:8081... connected.
scm_1       | Got 200, KDC service ready!!
kdc_1       | Oct 04 18:22:19 kdc krb5kdc[9](info): setting up network...
recon_1     | --2019-10-04 18:22:54--  http://kdc:8081/keytab/recon/dn
s3g_1       | Sleeping for 5 seconds
kms_1       | Sleeping for  seconds
om_1        | 
datanode_3  | 
datanode_1  | Setting up kerberos!!
datanode_2  | HTTP request sent, awaiting response... 200 OK
scm_1       | Download dn/scm@EXAMPLE.COM keytab file to /etc/security/keytabs/dn.keytab
kdc_1       | krb5kdc: setsockopt(9,IPV6_V6ONLY,1) worked
s3g_1       | Setting up kerberos!!
recon_1     | Resolving kdc (kdc)... 172.18.0.4
kms_1       | Got 200, KDC service ready!!
om_1        | Keytab name: FILE:/etc/security/keytabs/dn.keytab
datanode_3  | Keytab name: FILE:/etc/security/keytabs/dn.keytab
datanode_1  | KDC ISSUER_SERVER => kdc:8081
scm_1       | --2019-10-04 18:22:30--  http://kdc:8081/keytab/scm/dn
kdc_1       | krb5kdc: setsockopt(11,IPV6_V6ONLY,1) worked
datanode_2  | Length: 158 [application/octet-stream]
s3g_1       | KDC ISSUER_SERVER => kdc:8081
recon_1     | Connecting to kdc (kdc)|172.18.0.4|:8081... connected.
kms_1       | Download dn/9fbe9edfa1a4@EXAMPLE.COM keytab file to /etc/security/keytabs/dn.keytab
om_1        | KVNO Timestamp         Principal
datanode_3  | KVNO Timestamp         Principal
datanode_1  | /opt/hadoop/bin/docker/entrypoint.sh: line 66: SLEEP_SECONDS: command not found
scm_1       | Resolving kdc (kdc)... 172.18.0.4
kdc_1       | Oct 04 18:22:19 kdc krb5kdc[9](info): set up 4 sockets
datanode_2  | Saving to: '/etc/security/keytabs/dn.keytab'
s3g_1       | /opt/hadoop/bin/docker/entrypoint.sh: line 66: SLEEP_SECONDS: command not found
recon_1     | HTTP request sent, awaiting response... 200 OK
om_1        | ---- ----------------- --------------------------------------------------------
datanode_3  | ---- ----------------- --------------------------------------------------------
datanode_1  | Sleeping for  seconds
scm_1       | Connecting to kdc (kdc)|172.18.0.4|:8081... connected.
kdc_1       | Oct 04 18:22:19 kdc krb5kdc[9](info): commencing operation
datanode_2  | 
s3g_1       | Sleeping for  seconds
recon_1     | Length: 144 [application/octet-stream]
kms_1       | --2019-10-04 18:22:29--  http://kdc:8081/keytab/9fbe9edfa1a4/dn
datanode_3  |    2 10/04/19 18:22:30 dn/75233c3f1fd4@EXAMPLE.COM
datanode_1  | Got 200, KDC service ready!!
om_1        |    2 10/04/19 18:22:30 dn/om@EXAMPLE.COM
scm_1       | HTTP request sent, awaiting response... 200 OK
kdc_1       | Oct 04 18:22:06 50cbc7904fdf kadmin.local[1](info): No dictionary file specified, continuing without one.
datanode_2  |      0K                                                       100% 12.0M=0s
s3g_1       | Got 200, KDC service ready!!
recon_1     | Saving to: '/etc/security/keytabs/dn.keytab'
kms_1       | Resolving kdc (kdc)... 172.18.0.4
datanode_3  |    2 10/04/19 18:22:30 dn/75233c3f1fd4@EXAMPLE.COM
datanode_1  | Download dn/a6f40def0a23@EXAMPLE.COM keytab file to /etc/security/keytabs/dn.keytab
om_1        |    2 10/04/19 18:22:30 dn/om@EXAMPLE.COM
kdc_1       | Oct 04 18:22:08 006075f5cf7f kadmin.local[1](info): No dictionary file specified, continuing without one.
datanode_2  | 
scm_1       | Length: 140 [application/octet-stream]
s3g_1       | Download dn/s3g@EXAMPLE.COM keytab file to /etc/security/keytabs/dn.keytab
recon_1     | 
kms_1       | Connecting to kdc (kdc)|172.18.0.4|:8081... connected.
datanode_3  | Download om/75233c3f1fd4@EXAMPLE.COM keytab file to /etc/security/keytabs/om.keytab
datanode_1  | --2019-10-04 18:22:29--  http://kdc:8081/keytab/a6f40def0a23/dn
om_1        | Download om/om@EXAMPLE.COM keytab file to /etc/security/keytabs/om.keytab
kdc_1       | Oct 04 18:22:23 kdc kadmind[15](info): No dictionary file specified, continuing without one.
datanode_2  | 2019-10-04 18:22:30 (12.0 MB/s) - '/etc/security/keytabs/dn.keytab' saved [158/158]
scm_1       | Saving to: '/etc/security/keytabs/dn.keytab'
s3g_1       | --2019-10-04 18:22:29--  http://kdc:8081/keytab/s3g/dn
recon_1     |      0K                                                       100% 11.2M=0s
kms_1       | HTTP request sent, awaiting response... 200 OK
datanode_3  | --2019-10-04 18:22:30--  http://kdc:8081/keytab/75233c3f1fd4/om
datanode_1  | Resolving kdc (kdc)... 172.18.0.4
om_1        | --2019-10-04 18:22:30--  http://kdc:8081/keytab/om/om
kdc_1       | Oct 04 18:22:23 kdc kadmind[15](info): setting up network...
datanode_2  | 
scm_1       | 
s3g_1       | Resolving kdc (kdc)... 172.18.0.4
recon_1     | 
kms_1       | Length: 158 [application/octet-stream]
datanode_3  | Resolving kdc (kdc)... 172.18.0.4
datanode_1  | Connecting to kdc (kdc)|172.18.0.4|:8081... connected.
om_1        | Resolving kdc (kdc)... 172.18.0.4
kdc_1       | kadmind: setsockopt(9,IPV6_V6ONLY,1) worked
datanode_2  | Keytab name: FILE:/etc/security/keytabs/dn.keytab
scm_1       |      0K                                                       100% 10.0M=0s
s3g_1       | Connecting to kdc (kdc)|172.18.0.4|:8081... connected.
recon_1     | 2019-10-04 18:22:54 (11.2 MB/s) - '/etc/security/keytabs/dn.keytab' saved [144/144]
kms_1       | Saving to: '/etc/security/keytabs/dn.keytab'
datanode_3  | Connecting to kdc (kdc)|172.18.0.4|:8081... connected.
datanode_1  | HTTP request sent, awaiting response... 200 OK
om_1        | Connecting to kdc (kdc)|172.18.0.4|:8081... connected.
kdc_1       | kadmind: setsockopt(11,IPV6_V6ONLY,1) worked
datanode_2  | KVNO Timestamp         Principal
scm_1       | 
s3g_1       | HTTP request sent, awaiting response... 200 OK
recon_1     | 
kms_1       | 
datanode_3  | HTTP request sent, awaiting response... 200 OK
om_1        | HTTP request sent, awaiting response... 200 OK
kdc_1       | kadmind: setsockopt(13,IPV6_V6ONLY,1) worked
scm_1       | 2019-10-04 18:22:32 (10.0 MB/s) - '/etc/security/keytabs/dn.keytab' saved [140/140]
recon_1     | Keytab name: FILE:/etc/security/keytabs/dn.keytab
kms_1       |      0K                                                       100% 12.8M=0s
datanode_1  | Length: 158 [application/octet-stream]
datanode_3  | Length: 158 [application/octet-stream]
s3g_1       | Length: 140 [application/octet-stream]
om_1        | Length: 138 [application/octet-stream]
kdc_1       | Oct 04 18:22:23 kdc kadmind[15](info): set up 6 sockets
scm_1       | 
datanode_2  | ---- ----------------- --------------------------------------------------------
recon_1     | KVNO Timestamp         Principal
kms_1       | 
datanode_1  | Saving to: '/etc/security/keytabs/dn.keytab'
datanode_3  | Saving to: '/etc/security/keytabs/om.keytab'
s3g_1       | Saving to: '/etc/security/keytabs/dn.keytab'
om_1        | Saving to: '/etc/security/keytabs/om.keytab'
kdc_1       | Oct 04 18:22:23 kdc kadmind[15](info): Seeding random number generator
datanode_2  |    2 10/04/19 18:22:30 dn/d49909ee7bec@EXAMPLE.COM
scm_1       | Keytab name: FILE:/etc/security/keytabs/dn.keytab
recon_1     | ---- ----------------- --------------------------------------------------------
kms_1       | 2019-10-04 18:22:30 (12.8 MB/s) - '/etc/security/keytabs/dn.keytab' saved [158/158]
datanode_1  | 
datanode_3  | 
s3g_1       | 
om_1        | 
kdc_1       | Oct 04 18:22:23 kdc kadmind[15](info): starting
datanode_2  |    2 10/04/19 18:22:30 dn/d49909ee7bec@EXAMPLE.COM
scm_1       | KVNO Timestamp         Principal
recon_1     |    2 10/04/19 18:22:54 dn/recon@EXAMPLE.COM
kms_1       | 
datanode_1  |      0K                                                       100% 11.2M=0s
datanode_3  |      0K                                                       100% 10.8M=0s
om_1        |      0K                                                       100% 9.21M=0s
s3g_1       |      0K                                                       100% 11.5M=0s
kdc_1       | Generiting keytab
datanode_2  | Download om/d49909ee7bec@EXAMPLE.COM keytab file to /etc/security/keytabs/om.keytab
scm_1       | ---- ----------------- --------------------------------------------------------
recon_1     |    2 10/04/19 18:22:54 dn/recon@EXAMPLE.COM
datanode_1  | 
datanode_3  | 
om_1        | 
s3g_1       | 
kms_1       | Keytab name: FILE:/etc/security/keytabs/dn.keytab
datanode_2  | --2019-10-04 18:22:30--  http://kdc:8081/keytab/d49909ee7bec/om
kdc_1       | Authenticating as principal admin/admin with keytab /tmp/admin.keytab.
scm_1       |    2 10/04/19 18:22:32 dn/scm@EXAMPLE.COM
recon_1     | Download om/recon@EXAMPLE.COM keytab file to /etc/security/keytabs/om.keytab
datanode_1  | 2019-10-04 18:22:30 (11.2 MB/s) - '/etc/security/keytabs/dn.keytab' saved [158/158]
datanode_3  | 2019-10-04 18:22:31 (10.8 MB/s) - '/etc/security/keytabs/om.keytab' saved [158/158]
om_1        | 2019-10-04 18:22:31 (9.21 MB/s) - '/etc/security/keytabs/om.keytab' saved [138/138]
s3g_1       | 2019-10-04 18:22:30 (11.5 MB/s) - '/etc/security/keytabs/dn.keytab' saved [140/140]
kms_1       | KVNO Timestamp         Principal
datanode_2  | Resolving kdc (kdc)... 172.18.0.4
kdc_1       | WARNING: no policy specified for test/test@EXAMPLE.COM; defaulting to no policy
scm_1       |    2 10/04/19 18:22:32 dn/scm@EXAMPLE.COM
recon_1     | --2019-10-04 18:22:54--  http://kdc:8081/keytab/recon/om
datanode_1  | 
datanode_3  | 
om_1        | 
s3g_1       | 
kms_1       | ---- ----------------- --------------------------------------------------------
datanode_2  | Connecting to kdc (kdc)|172.18.0.4|:8081... connected.
kdc_1       | Principal "test/test@EXAMPLE.COM" created.
scm_1       | Download om/scm@EXAMPLE.COM keytab file to /etc/security/keytabs/om.keytab
recon_1     | Resolving kdc (kdc)... 172.18.0.4
datanode_1  | Keytab name: FILE:/etc/security/keytabs/dn.keytab
datanode_3  | Keytab name: FILE:/etc/security/keytabs/om.keytab
om_1        | Keytab name: FILE:/etc/security/keytabs/om.keytab
s3g_1       | Keytab name: FILE:/etc/security/keytabs/dn.keytab
kms_1       |    2 10/04/19 18:22:30 dn/9fbe9edfa1a4@EXAMPLE.COM
datanode_2  | HTTP request sent, awaiting response... 200 OK
kdc_1       | Authenticating as principal admin/admin with keytab /tmp/admin.keytab.
scm_1       | --2019-10-04 18:22:32--  http://kdc:8081/keytab/scm/om
recon_1     | Connecting to kdc (kdc)|172.18.0.4|:8081... connected.
datanode_1  | KVNO Timestamp         Principal
datanode_3  | KVNO Timestamp         Principal
om_1        | KVNO Timestamp         Principal
kms_1       |    2 10/04/19 18:22:30 dn/9fbe9edfa1a4@EXAMPLE.COM
datanode_2  | Length: 158 [application/octet-stream]
scm_1       | Resolving kdc (kdc)... 172.18.0.4
s3g_1       | KVNO Timestamp         Principal
kdc_1       | Entry for principal test/test@EXAMPLE.COM with kvno 2, encryption type aes256-cts-hmac-sha1-96 added to keytab WRFILE:/data/test.test.keytab.
recon_1     | HTTP request sent, awaiting response... 200 OK
datanode_1  | ---- ----------------- --------------------------------------------------------
datanode_3  | ---- ----------------- --------------------------------------------------------
om_1        | ---- ----------------- --------------------------------------------------------
kms_1       | Download om/9fbe9edfa1a4@EXAMPLE.COM keytab file to /etc/security/keytabs/om.keytab
datanode_2  | Saving to: '/etc/security/keytabs/om.keytab'
scm_1       | Connecting to kdc (kdc)|172.18.0.4|:8081... connected.
s3g_1       | ---- ----------------- --------------------------------------------------------
kdc_1       | Entry for principal test/test@EXAMPLE.COM with kvno 2, encryption type aes128-cts-hmac-sha1-96 added to keytab WRFILE:/data/test.test.keytab.
recon_1     | Length: 144 [application/octet-stream]
datanode_1  |    2 10/04/19 18:22:29 dn/a6f40def0a23@EXAMPLE.COM
datanode_3  |    2 10/04/19 18:22:31 om/75233c3f1fd4@EXAMPLE.COM
om_1        |    2 10/04/19 18:22:31 om/om@EXAMPLE.COM
kms_1       | --2019-10-04 18:22:30--  http://kdc:8081/keytab/9fbe9edfa1a4/om
datanode_2  | 
scm_1       | HTTP request sent, awaiting response... 200 OK
s3g_1       |    2 10/04/19 18:22:30 dn/s3g@EXAMPLE.COM
kdc_1       | Generiting keytab
recon_1     | Saving to: '/etc/security/keytabs/om.keytab'
datanode_1  |    2 10/04/19 18:22:29 dn/a6f40def0a23@EXAMPLE.COM
datanode_3  |    2 10/04/19 18:22:31 om/75233c3f1fd4@EXAMPLE.COM
om_1        |    2 10/04/19 18:22:31 om/om@EXAMPLE.COM
kms_1       | Resolving kdc (kdc)... 172.18.0.4
datanode_2  |      0K                                                       100% 11.6M=0s
scm_1       | Length: 140 [application/octet-stream]
s3g_1       |    2 10/04/19 18:22:30 dn/s3g@EXAMPLE.COM
kdc_1       | Authenticating as principal admin/admin with keytab /tmp/admin.keytab.
datanode_1  | Download om/a6f40def0a23@EXAMPLE.COM keytab file to /etc/security/keytabs/om.keytab
recon_1     | 
datanode_3  | Download scm/75233c3f1fd4@EXAMPLE.COM keytab file to /etc/security/keytabs/scm.keytab
om_1        | Download scm/om@EXAMPLE.COM keytab file to /etc/security/keytabs/scm.keytab
kms_1       | Connecting to kdc (kdc)|172.18.0.4|:8081... connected.
datanode_2  | 
scm_1       | Saving to: '/etc/security/keytabs/om.keytab'
s3g_1       | Download om/s3g@EXAMPLE.COM keytab file to /etc/security/keytabs/om.keytab
kdc_1       | WARNING: no policy specified for test/test@EXAMPLE.COM; defaulting to no policy
datanode_1  | --2019-10-04 18:22:30--  http://kdc:8081/keytab/a6f40def0a23/om
recon_1     |      0K                                                       100% 7.99M=0s
datanode_3  | --2019-10-04 18:22:31--  http://kdc:8081/keytab/75233c3f1fd4/scm
om_1        | --2019-10-04 18:22:31--  http://kdc:8081/keytab/om/scm
kms_1       | HTTP request sent, awaiting response... 200 OK
datanode_2  | 2019-10-04 18:22:30 (11.6 MB/s) - '/etc/security/keytabs/om.keytab' saved [158/158]
scm_1       | 
s3g_1       | --2019-10-04 18:22:30--  http://kdc:8081/keytab/s3g/om
kdc_1       | add_principal: Principal or policy already exists while creating "test/test@EXAMPLE.COM".
datanode_1  | Resolving kdc (kdc)... 172.18.0.4
recon_1     | 
datanode_3  | Resolving kdc (kdc)... 172.18.0.4
om_1        | Resolving kdc (kdc)... 172.18.0.4
kms_1       | Length: 158 [application/octet-stream]
datanode_2  | 
scm_1       |      0K                                                       100% 7.37M=0s
s3g_1       | Resolving kdc (kdc)... 172.18.0.4
kdc_1       | Authenticating as principal admin/admin with keytab /tmp/admin.keytab.
datanode_1  | Connecting to kdc (kdc)|172.18.0.4|:8081... connected.
recon_1     | 2019-10-04 18:22:54 (7.99 MB/s) - '/etc/security/keytabs/om.keytab' saved [144/144]
om_1        | Connecting to kdc (kdc)|172.18.0.4|:8081... connected.
kms_1       | Saving to: '/etc/security/keytabs/om.keytab'
datanode_3  | Connecting to kdc (kdc)|172.18.0.4|:8081... connected.
datanode_2  | Keytab name: FILE:/etc/security/keytabs/om.keytab
scm_1       | 
s3g_1       | Connecting to kdc (kdc)|172.18.0.4|:8081... connected.
kdc_1       | Entry for principal test/test@EXAMPLE.COM with kvno 3, encryption type aes256-cts-hmac-sha1-96 added to keytab WRFILE:/data/test.test.keytab.
datanode_1  | HTTP request sent, awaiting response... 200 OK
recon_1     | 
om_1        | HTTP request sent, awaiting response... 200 OK
kms_1       | 
datanode_3  | HTTP request sent, awaiting response... 200 OK
datanode_2  | KVNO Timestamp         Principal
scm_1       | 2019-10-04 18:22:33 (7.37 MB/s) - '/etc/security/keytabs/om.keytab' saved [140/140]
s3g_1       | HTTP request sent, awaiting response... 200 OK
kdc_1       | Entry for principal test/test@EXAMPLE.COM with kvno 3, encryption type aes128-cts-hmac-sha1-96 added to keytab WRFILE:/data/test.test.keytab.
datanode_1  | Length: 158 [application/octet-stream]
recon_1     | Keytab name: FILE:/etc/security/keytabs/om.keytab
om_1        | Length: 140 [application/octet-stream]
kms_1       |      0K                                                       100% 10.7M=0s
datanode_3  | Length: 160 [application/octet-stream]
datanode_2  | ---- ----------------- --------------------------------------------------------
scm_1       | 
s3g_1       | Length: 140 [application/octet-stream]
kdc_1       | Generiting keytab
datanode_1  | Saving to: '/etc/security/keytabs/om.keytab'
recon_1     | KVNO Timestamp         Principal
om_1        | Saving to: '/etc/security/keytabs/scm.keytab'
kms_1       | 
datanode_3  | Saving to: '/etc/security/keytabs/scm.keytab'
datanode_2  |    2 10/04/19 18:22:30 om/d49909ee7bec@EXAMPLE.COM
scm_1       | Keytab name: FILE:/etc/security/keytabs/om.keytab
s3g_1       | Saving to: '/etc/security/keytabs/om.keytab'
kdc_1       | Authenticating as principal admin/admin with keytab /tmp/admin.keytab.
datanode_1  | 
recon_1     | ---- ----------------- --------------------------------------------------------
om_1        | 
kms_1       | 2019-10-04 18:22:31 (10.7 MB/s) - '/etc/security/keytabs/om.keytab' saved [158/158]
datanode_3  | 
datanode_2  |    2 10/04/19 18:22:30 om/d49909ee7bec@EXAMPLE.COM
scm_1       | KVNO Timestamp         Principal
s3g_1       | 
kdc_1       | WARNING: no policy specified for dn/a6f40def0a23@EXAMPLE.COM; defaulting to no policy
datanode_1  |      0K                                                       100% 14.2M=0s
recon_1     |    2 10/04/19 18:22:54 om/recon@EXAMPLE.COM
om_1        |      0K                                                       100% 10.9M=0s
kms_1       | 
datanode_3  |      0K                                                       100% 12.5M=0s
datanode_2  | Download scm/d49909ee7bec@EXAMPLE.COM keytab file to /etc/security/keytabs/scm.keytab
scm_1       | ---- ----------------- --------------------------------------------------------
s3g_1       |      0K                                                       100% 9.46M=0s
kdc_1       | Principal "dn/a6f40def0a23@EXAMPLE.COM" created.
recon_1     |    2 10/04/19 18:22:54 om/recon@EXAMPLE.COM
datanode_1  | 
om_1        | 
kms_1       | Keytab name: FILE:/etc/security/keytabs/om.keytab
datanode_3  | 
datanode_2  | --2019-10-04 18:22:30--  http://kdc:8081/keytab/d49909ee7bec/scm
scm_1       |    2 10/04/19 18:22:33 om/scm@EXAMPLE.COM
s3g_1       | 
kdc_1       | Authenticating as principal admin/admin with keytab /tmp/admin.keytab.
recon_1     | Download scm/recon@EXAMPLE.COM keytab file to /etc/security/keytabs/scm.keytab
datanode_1  | 2019-10-04 18:22:30 (14.2 MB/s) - '/etc/security/keytabs/om.keytab' saved [158/158]
om_1        | 2019-10-04 18:22:32 (10.9 MB/s) - '/etc/security/keytabs/scm.keytab' saved [140/140]
kms_1       | KVNO Timestamp         Principal
datanode_3  | 2019-10-04 18:22:32 (12.5 MB/s) - '/etc/security/keytabs/scm.keytab' saved [160/160]
datanode_2  | Resolving kdc (kdc)... 172.18.0.4
scm_1       |    2 10/04/19 18:22:33 om/scm@EXAMPLE.COM
s3g_1       | 2019-10-04 18:22:31 (9.46 MB/s) - '/etc/security/keytabs/om.keytab' saved [140/140]
kdc_1       | Entry for principal dn/a6f40def0a23@EXAMPLE.COM with kvno 2, encryption type aes256-cts-hmac-sha1-96 added to keytab WRFILE:/data/dn.a6f40def0a23.keytab.
recon_1     | --2019-10-04 18:22:54--  http://kdc:8081/keytab/recon/scm
datanode_1  | 
om_1        | 
kms_1       | ---- ----------------- --------------------------------------------------------
datanode_3  | 
datanode_2  | Connecting to kdc (kdc)|172.18.0.4|:8081... connected.
scm_1       | Download scm/scm@EXAMPLE.COM keytab file to /etc/security/keytabs/scm.keytab
s3g_1       | 
recon_1     | Resolving kdc (kdc)... 172.18.0.4
kdc_1       | Entry for principal dn/a6f40def0a23@EXAMPLE.COM with kvno 2, encryption type aes128-cts-hmac-sha1-96 added to keytab WRFILE:/data/dn.a6f40def0a23.keytab.
datanode_1  | Keytab name: FILE:/etc/security/keytabs/om.keytab
om_1        | Keytab name: FILE:/etc/security/keytabs/scm.keytab
kms_1       |    2 10/04/19 18:22:31 om/9fbe9edfa1a4@EXAMPLE.COM
datanode_3  | Keytab name: FILE:/etc/security/keytabs/scm.keytab
datanode_2  | HTTP request sent, awaiting response... 200 OK
scm_1       | --2019-10-04 18:22:33--  http://kdc:8081/keytab/scm/scm
s3g_1       | Keytab name: FILE:/etc/security/keytabs/om.keytab
recon_1     | Connecting to kdc (kdc)|172.18.0.4|:8081... connected.
kdc_1       | Generiting keytab
datanode_1  | KVNO Timestamp         Principal
om_1        | KVNO Timestamp         Principal
kms_1       |    2 10/04/19 18:22:31 om/9fbe9edfa1a4@EXAMPLE.COM
datanode_3  | KVNO Timestamp         Principal
datanode_2  | Length: 160 [application/octet-stream]
scm_1       | Resolving kdc (kdc)... 172.18.0.4
s3g_1       | KVNO Timestamp         Principal
recon_1     | HTTP request sent, awaiting response... 200 OK
kdc_1       | Authenticating as principal admin/admin with keytab /tmp/admin.keytab.
datanode_1  | ---- ----------------- --------------------------------------------------------
om_1        | ---- ----------------- --------------------------------------------------------
kms_1       | Download scm/9fbe9edfa1a4@EXAMPLE.COM keytab file to /etc/security/keytabs/scm.keytab
datanode_3  | ---- ----------------- --------------------------------------------------------
datanode_2  | Saving to: '/etc/security/keytabs/scm.keytab'
scm_1       | Connecting to kdc (kdc)|172.18.0.4|:8081... connected.
recon_1     | Length: 146 [application/octet-stream]
kdc_1       | WARNING: no policy specified for dn/d49909ee7bec@EXAMPLE.COM; defaulting to no policy
s3g_1       | ---- ----------------- --------------------------------------------------------
datanode_1  |    2 10/04/19 18:22:30 om/a6f40def0a23@EXAMPLE.COM
om_1        |    2 10/04/19 18:22:32 scm/om@EXAMPLE.COM
kms_1       | --2019-10-04 18:22:31--  http://kdc:8081/keytab/9fbe9edfa1a4/scm
datanode_3  |    2 10/04/19 18:22:32 scm/75233c3f1fd4@EXAMPLE.COM
datanode_2  | 
scm_1       | HTTP request sent, awaiting response... 200 OK
recon_1     | Saving to: '/etc/security/keytabs/scm.keytab'
kdc_1       | Principal "dn/d49909ee7bec@EXAMPLE.COM" created.
s3g_1       |    2 10/04/19 18:22:31 om/s3g@EXAMPLE.COM
datanode_1  |    2 10/04/19 18:22:30 om/a6f40def0a23@EXAMPLE.COM
om_1        |    2 10/04/19 18:22:32 scm/om@EXAMPLE.COM
kms_1       | Resolving kdc (kdc)... 172.18.0.4
datanode_3  |    2 10/04/19 18:22:32 scm/75233c3f1fd4@EXAMPLE.COM
datanode_2  |      0K                                                       100% 12.2M=0s
scm_1       | Length: 142 [application/octet-stream]
recon_1     | 
kdc_1       | Authenticating as principal admin/admin with keytab /tmp/admin.keytab.
s3g_1       |    2 10/04/19 18:22:31 om/s3g@EXAMPLE.COM
datanode_1  | Download scm/a6f40def0a23@EXAMPLE.COM keytab file to /etc/security/keytabs/scm.keytab
om_1        | Download HTTP/om@EXAMPLE.COM keytab file to /etc/security/keytabs/HTTP.keytab
kms_1       | Connecting to kdc (kdc)|172.18.0.4|:8081... connected.
datanode_3  | Download HTTP/75233c3f1fd4@EXAMPLE.COM keytab file to /etc/security/keytabs/HTTP.keytab
datanode_2  | 
scm_1       | Saving to: '/etc/security/keytabs/scm.keytab'
recon_1     |      0K                                                       100% 8.64M=0s
kdc_1       | Entry for principal dn/d49909ee7bec@EXAMPLE.COM with kvno 2, encryption type aes256-cts-hmac-sha1-96 added to keytab WRFILE:/data/dn.d49909ee7bec.keytab.
s3g_1       | Download scm/s3g@EXAMPLE.COM keytab file to /etc/security/keytabs/scm.keytab
datanode_1  | --2019-10-04 18:22:30--  http://kdc:8081/keytab/a6f40def0a23/scm
om_1        | --2019-10-04 18:22:32--  http://kdc:8081/keytab/om/HTTP
kms_1       | HTTP request sent, awaiting response... 200 OK
datanode_3  | --2019-10-04 18:22:32--  http://kdc:8081/keytab/75233c3f1fd4/HTTP
datanode_2  | 2019-10-04 18:22:32 (12.2 MB/s) - '/etc/security/keytabs/scm.keytab' saved [160/160]
scm_1       | 
recon_1     | 
kdc_1       | Entry for principal dn/d49909ee7bec@EXAMPLE.COM with kvno 2, encryption type aes128-cts-hmac-sha1-96 added to keytab WRFILE:/data/dn.d49909ee7bec.keytab.
s3g_1       | --2019-10-04 18:22:31--  http://kdc:8081/keytab/s3g/scm
datanode_1  | Resolving kdc (kdc)... 172.18.0.4
om_1        | Resolving kdc (kdc)... 172.18.0.4
kms_1       | Length: 160 [application/octet-stream]
datanode_3  | Resolving kdc (kdc)... 172.18.0.4
scm_1       |      0K                                                       100% 11.2M=0s
recon_1     | 2019-10-04 18:22:54 (8.64 MB/s) - '/etc/security/keytabs/scm.keytab' saved [146/146]
datanode_2  | 
kdc_1       | Generiting keytab
s3g_1       | Resolving kdc (kdc)... 172.18.0.4
datanode_1  | Connecting to kdc (kdc)|172.18.0.4|:8081... connected.
om_1        | Connecting to kdc (kdc)|172.18.0.4|:8081... connected.
kms_1       | Saving to: '/etc/security/keytabs/scm.keytab'
datanode_3  | Connecting to kdc (kdc)|172.18.0.4|:8081... connected.
recon_1     | 
scm_1       | 
kdc_1       | Authenticating as principal admin/admin with keytab /tmp/admin.keytab.
datanode_2  | Keytab name: FILE:/etc/security/keytabs/scm.keytab
s3g_1       | Connecting to kdc (kdc)|172.18.0.4|:8081... connected.
datanode_1  | HTTP request sent, awaiting response... 200 OK
om_1        | HTTP request sent, awaiting response... 200 OK
kms_1       | 
datanode_3  | HTTP request sent, awaiting response... 200 OK
recon_1     | Keytab name: FILE:/etc/security/keytabs/scm.keytab
scm_1       | 2019-10-04 18:22:34 (11.2 MB/s) - '/etc/security/keytabs/scm.keytab' saved [142/142]
kdc_1       | WARNING: no policy specified for dn/9fbe9edfa1a4@EXAMPLE.COM; defaulting to no policy
datanode_2  | KVNO Timestamp         Principal
s3g_1       | HTTP request sent, awaiting response... 200 OK
datanode_1  | Length: 160 [application/octet-stream]
om_1        | Length: 142 [application/octet-stream]
kms_1       |      0K                                                       100% 11.3M=0s
datanode_3  | Length: 162 [application/octet-stream]
recon_1     | KVNO Timestamp         Principal
scm_1       | 
kdc_1       | Principal "dn/9fbe9edfa1a4@EXAMPLE.COM" created.
datanode_2  | ---- ----------------- --------------------------------------------------------
s3g_1       | Length: 142 [application/octet-stream]
datanode_1  | Saving to: '/etc/security/keytabs/scm.keytab'
om_1        | Saving to: '/etc/security/keytabs/HTTP.keytab'
kms_1       | 
datanode_3  | Saving to: '/etc/security/keytabs/HTTP.keytab'
recon_1     | ---- ----------------- --------------------------------------------------------
scm_1       | Keytab name: FILE:/etc/security/keytabs/scm.keytab
kdc_1       | Authenticating as principal admin/admin with keytab /tmp/admin.keytab.
datanode_2  |    2 10/04/19 18:22:32 scm/d49909ee7bec@EXAMPLE.COM
s3g_1       | Saving to: '/etc/security/keytabs/scm.keytab'
datanode_1  | 
om_1        | 
kms_1       | 2019-10-04 18:22:32 (11.3 MB/s) - '/etc/security/keytabs/scm.keytab' saved [160/160]
datanode_3  | 
recon_1     |    2 10/04/19 18:22:54 scm/recon@EXAMPLE.COM
scm_1       | KVNO Timestamp         Principal
kdc_1       | Entry for principal dn/9fbe9edfa1a4@EXAMPLE.COM with kvno 2, encryption type aes256-cts-hmac-sha1-96 added to keytab WRFILE:/data/dn.9fbe9edfa1a4.keytab.
datanode_2  |    2 10/04/19 18:22:32 scm/d49909ee7bec@EXAMPLE.COM
s3g_1       | 
datanode_1  |      0K                                                       100% 11.3M=0s
kms_1       | 
om_1        |      0K                                                       100% 9.95M=0s
datanode_3  |      0K                                                       100% 11.4M=0s
recon_1     |    2 10/04/19 18:22:54 scm/recon@EXAMPLE.COM
scm_1       | ---- ----------------- --------------------------------------------------------
kdc_1       | Entry for principal dn/9fbe9edfa1a4@EXAMPLE.COM with kvno 2, encryption type aes128-cts-hmac-sha1-96 added to keytab WRFILE:/data/dn.9fbe9edfa1a4.keytab.
s3g_1       |      0K                                                       100% 10.5M=0s
datanode_1  | 
om_1        | 
kms_1       | Keytab name: FILE:/etc/security/keytabs/scm.keytab
datanode_2  | Download HTTP/d49909ee7bec@EXAMPLE.COM keytab file to /etc/security/keytabs/HTTP.keytab
datanode_3  | 
recon_1     | Download HTTP/recon@EXAMPLE.COM keytab file to /etc/security/keytabs/HTTP.keytab
scm_1       |    2 10/04/19 18:22:34 scm/scm@EXAMPLE.COM
kdc_1       | Generiting keytab
s3g_1       | 
datanode_1  | 2019-10-04 18:22:32 (11.3 MB/s) - '/etc/security/keytabs/scm.keytab' saved [160/160]
om_1        | 2019-10-04 18:22:33 (9.95 MB/s) - '/etc/security/keytabs/HTTP.keytab' saved [142/142]
kms_1       | KVNO Timestamp         Principal
datanode_2  | --2019-10-04 18:22:32--  http://kdc:8081/keytab/d49909ee7bec/HTTP
datanode_3  | 2019-10-04 18:22:33 (11.4 MB/s) - '/etc/security/keytabs/HTTP.keytab' saved [162/162]
recon_1     | --2019-10-04 18:22:54--  http://kdc:8081/keytab/recon/HTTP
scm_1       |    2 10/04/19 18:22:34 scm/scm@EXAMPLE.COM
kdc_1       | Authenticating as principal admin/admin with keytab /tmp/admin.keytab.
s3g_1       | 2019-10-04 18:22:32 (10.5 MB/s) - '/etc/security/keytabs/scm.keytab' saved [142/142]
datanode_1  | 
kms_1       | ---- ----------------- --------------------------------------------------------
om_1        | 
datanode_2  | Resolving kdc (kdc)... 172.18.0.4
datanode_3  | 
recon_1     | Resolving kdc (kdc)... 172.18.0.4
scm_1       | Download HTTP/scm@EXAMPLE.COM keytab file to /etc/security/keytabs/HTTP.keytab
kdc_1       | WARNING: no policy specified for dn/75233c3f1fd4@EXAMPLE.COM; defaulting to no policy
datanode_1  | Keytab name: FILE:/etc/security/keytabs/scm.keytab
s3g_1       | 
kms_1       |    2 10/04/19 18:22:32 scm/9fbe9edfa1a4@EXAMPLE.COM
om_1        | Keytab name: FILE:/etc/security/keytabs/HTTP.keytab
datanode_2  | Connecting to kdc (kdc)|172.18.0.4|:8081... connected.
datanode_3  | Keytab name: FILE:/etc/security/keytabs/HTTP.keytab
scm_1       | --2019-10-04 18:22:34--  http://kdc:8081/keytab/scm/HTTP
kdc_1       | Principal "dn/75233c3f1fd4@EXAMPLE.COM" created.
datanode_1  | KVNO Timestamp         Principal
s3g_1       | Keytab name: FILE:/etc/security/keytabs/scm.keytab
recon_1     | Connecting to kdc (kdc)|172.18.0.4|:8081... connected.
kms_1       |    2 10/04/19 18:22:32 scm/9fbe9edfa1a4@EXAMPLE.COM
om_1        | KVNO Timestamp         Principal
datanode_2  | HTTP request sent, awaiting response... 200 OK
datanode_3  | KVNO Timestamp         Principal
kdc_1       | Authenticating as principal admin/admin with keytab /tmp/admin.keytab.
scm_1       | Resolving kdc (kdc)... 172.18.0.4
datanode_1  | ---- ----------------- --------------------------------------------------------
s3g_1       | KVNO Timestamp         Principal
recon_1     | HTTP request sent, awaiting response... 200 OK
kms_1       | Download HTTP/9fbe9edfa1a4@EXAMPLE.COM keytab file to /etc/security/keytabs/HTTP.keytab
om_1        | ---- ----------------- --------------------------------------------------------
datanode_2  | Length: 162 [application/octet-stream]
datanode_3  | ---- ----------------- --------------------------------------------------------
kdc_1       | Entry for principal dn/75233c3f1fd4@EXAMPLE.COM with kvno 2, encryption type aes256-cts-hmac-sha1-96 added to keytab WRFILE:/data/dn.75233c3f1fd4.keytab.
scm_1       | Connecting to kdc (kdc)|172.18.0.4|:8081... connected.
datanode_1  |    2 10/04/19 18:22:31 scm/a6f40def0a23@EXAMPLE.COM
s3g_1       | ---- ----------------- --------------------------------------------------------
recon_1     | Length: 148 [application/octet-stream]
kms_1       | --2019-10-04 18:22:32--  http://kdc:8081/keytab/9fbe9edfa1a4/HTTP
om_1        |    2 10/04/19 18:22:33 HTTP/om@EXAMPLE.COM
datanode_2  | Saving to: '/etc/security/keytabs/HTTP.keytab'
datanode_3  |    2 10/04/19 18:22:33 HTTP/75233c3f1fd4@EXAMPLE.COM
kdc_1       | Entry for principal dn/75233c3f1fd4@EXAMPLE.COM with kvno 2, encryption type aes128-cts-hmac-sha1-96 added to keytab WRFILE:/data/dn.75233c3f1fd4.keytab.
datanode_1  |    2 10/04/19 18:22:32 scm/a6f40def0a23@EXAMPLE.COM
recon_1     | Saving to: '/etc/security/keytabs/HTTP.keytab'
s3g_1       |    2 10/04/19 18:22:32 scm/s3g@EXAMPLE.COM
scm_1       | HTTP request sent, awaiting response... 200 OK
kms_1       | Resolving kdc (kdc)... 172.18.0.4
om_1        |    2 10/04/19 18:22:33 HTTP/om@EXAMPLE.COM
datanode_2  | 
datanode_3  |    2 10/04/19 18:22:33 HTTP/75233c3f1fd4@EXAMPLE.COM
datanode_1  | Download HTTP/a6f40def0a23@EXAMPLE.COM keytab file to /etc/security/keytabs/HTTP.keytab
kdc_1       | Generiting keytab
recon_1     | 
s3g_1       |    2 10/04/19 18:22:32 scm/s3g@EXAMPLE.COM
scm_1       | Length: 144 [application/octet-stream]
kms_1       | Connecting to kdc (kdc)|172.18.0.4|:8081... connected.
om_1        | Download testuser/om@EXAMPLE.COM keytab file to /etc/security/keytabs/testuser.keytab
datanode_2  |      0K                                                       100% 11.4M=0s
datanode_3  | Download testuser/75233c3f1fd4@EXAMPLE.COM keytab file to /etc/security/keytabs/testuser.keytab
datanode_1  | --2019-10-04 18:22:32--  http://kdc:8081/keytab/a6f40def0a23/HTTP
kdc_1       | Authenticating as principal admin/admin with keytab /tmp/admin.keytab.
recon_1     |      0K                                                       100% 10.7M=0s
s3g_1       | Download HTTP/s3g@EXAMPLE.COM keytab file to /etc/security/keytabs/HTTP.keytab
scm_1       | Saving to: '/etc/security/keytabs/HTTP.keytab'
datanode_2  | 
om_1        | --2019-10-04 18:22:33--  http://kdc:8081/keytab/om/testuser
kms_1       | HTTP request sent, awaiting response... 200 OK
datanode_3  | --2019-10-04 18:22:33--  http://kdc:8081/keytab/75233c3f1fd4/testuser
datanode_1  | Resolving kdc (kdc)... 172.18.0.4
kdc_1       | WARNING: no policy specified for dn/om@EXAMPLE.COM; defaulting to no policy
recon_1     | 
s3g_1       | --2019-10-04 18:22:32--  http://kdc:8081/keytab/s3g/HTTP
scm_1       | 
datanode_2  | 2019-10-04 18:22:33 (11.4 MB/s) - '/etc/security/keytabs/HTTP.keytab' saved [162/162]
om_1        | Resolving kdc (kdc)... 172.18.0.4
kms_1       | Length: 162 [application/octet-stream]
datanode_3  | Resolving kdc (kdc)... 172.18.0.4
datanode_1  | Connecting to kdc (kdc)|172.18.0.4|:8081... connected.
kdc_1       | Principal "dn/om@EXAMPLE.COM" created.
recon_1     | 2019-10-04 18:22:55 (10.7 MB/s) - '/etc/security/keytabs/HTTP.keytab' saved [148/148]
s3g_1       | Resolving kdc (kdc)... 172.18.0.4
scm_1       |      0K                                                       100% 13.8M=0s
datanode_2  | 
om_1        | Connecting to kdc (kdc)|172.18.0.4|:8081... connected.
kms_1       | Saving to: '/etc/security/keytabs/HTTP.keytab'
datanode_3  | Connecting to kdc (kdc)|172.18.0.4|:8081... connected.
datanode_1  | HTTP request sent, awaiting response... 200 OK
kdc_1       | Authenticating as principal admin/admin with keytab /tmp/admin.keytab.
recon_1     | 
s3g_1       | Connecting to kdc (kdc)|172.18.0.4|:8081... connected.
scm_1       | 
datanode_2  | Keytab name: FILE:/etc/security/keytabs/HTTP.keytab
om_1        | HTTP request sent, awaiting response... 200 OK
kms_1       | 
datanode_3  | HTTP request sent, awaiting response... 200 OK
datanode_1  | Length: 162 [application/octet-stream]
kdc_1       | Entry for principal dn/om@EXAMPLE.COM with kvno 2, encryption type aes256-cts-hmac-sha1-96 added to keytab WRFILE:/data/dn.om.keytab.
recon_1     | Keytab name: FILE:/etc/security/keytabs/HTTP.keytab
s3g_1       | HTTP request sent, awaiting response... 200 OK
scm_1       | 2019-10-04 18:22:35 (13.8 MB/s) - '/etc/security/keytabs/HTTP.keytab' saved [144/144]
datanode_2  | KVNO Timestamp         Principal
om_1        | Length: 150 [application/octet-stream]
datanode_3  | Length: 170 [application/octet-stream]
kms_1       |      0K                                                       100% 10.8M=0s
kdc_1       | Entry for principal dn/om@EXAMPLE.COM with kvno 2, encryption type aes128-cts-hmac-sha1-96 added to keytab WRFILE:/data/dn.om.keytab.
recon_1     | KVNO Timestamp         Principal
s3g_1       | Length: 144 [application/octet-stream]
scm_1       | 
datanode_2  | ---- ----------------- --------------------------------------------------------
om_1        | Saving to: '/etc/security/keytabs/testuser.keytab'
datanode_3  | Saving to: '/etc/security/keytabs/testuser.keytab'
datanode_1  | Saving to: '/etc/security/keytabs/HTTP.keytab'
kms_1       | 
kdc_1       | Generiting keytab
recon_1     | ---- ----------------- --------------------------------------------------------
s3g_1       | Saving to: '/etc/security/keytabs/HTTP.keytab'
scm_1       | Keytab name: FILE:/etc/security/keytabs/HTTP.keytab
datanode_2  |    2 10/04/19 18:22:33 HTTP/d49909ee7bec@EXAMPLE.COM
om_1        | 
datanode_3  | 
datanode_1  | 
kms_1       | 2019-10-04 18:22:33 (10.8 MB/s) - '/etc/security/keytabs/HTTP.keytab' saved [162/162]
kdc_1       | Authenticating as principal admin/admin with keytab /tmp/admin.keytab.
recon_1     |    2 10/04/19 18:22:55 HTTP/recon@EXAMPLE.COM
s3g_1       | 
scm_1       | KVNO Timestamp         Principal
datanode_2  |    2 10/04/19 18:22:33 HTTP/d49909ee7bec@EXAMPLE.COM
om_1        |      0K                                                       100% 8.80M=0s
datanode_3  |      0K                                                       100% 18.7M=0s
datanode_1  |      0K                                                       100% 12.0M=0s
kms_1       | 
kdc_1       | WARNING: no policy specified for dn/s3g@EXAMPLE.COM; defaulting to no policy
recon_1     |    2 10/04/19 18:22:55 HTTP/recon@EXAMPLE.COM
s3g_1       |      0K                                                       100% 12.1M=0s
scm_1       | ---- ----------------- --------------------------------------------------------
datanode_2  | Download testuser/d49909ee7bec@EXAMPLE.COM keytab file to /etc/security/keytabs/testuser.keytab
om_1        | 
datanode_3  | 
datanode_1  | 
kms_1       | Keytab name: FILE:/etc/security/keytabs/HTTP.keytab
kdc_1       | Principal "dn/s3g@EXAMPLE.COM" created.
recon_1     | Download testuser/recon@EXAMPLE.COM keytab file to /etc/security/keytabs/testuser.keytab
s3g_1       | 
scm_1       |    2 10/04/19 18:22:35 HTTP/scm@EXAMPLE.COM
datanode_2  | --2019-10-04 18:22:33--  http://kdc:8081/keytab/d49909ee7bec/testuser
om_1        | 2019-10-04 18:22:34 (8.80 MB/s) - '/etc/security/keytabs/testuser.keytab' saved [150/150]
datanode_3  | 2019-10-04 18:22:34 (18.7 MB/s) - '/etc/security/keytabs/testuser.keytab' saved [170/170]
datanode_1  | 2019-10-04 18:22:33 (12.0 MB/s) - '/etc/security/keytabs/HTTP.keytab' saved [162/162]
kms_1       | KVNO Timestamp         Principal
kdc_1       | Authenticating as principal admin/admin with keytab /tmp/admin.keytab.
recon_1     | --2019-10-04 18:22:55--  http://kdc:8081/keytab/recon/testuser
scm_1       |    2 10/04/19 18:22:35 HTTP/scm@EXAMPLE.COM
s3g_1       | 2019-10-04 18:22:33 (12.1 MB/s) - '/etc/security/keytabs/HTTP.keytab' saved [144/144]
datanode_2  | Resolving kdc (kdc)... 172.18.0.4
datanode_3  | 
om_1        | 
kms_1       | ---- ----------------- --------------------------------------------------------
kdc_1       | Oct 04 18:22:29 kdc kadmind[15](Notice): Request: kadm5_init, admin/admin@EXAMPLE.COM, success, client=admin/admin@EXAMPLE.COM, service=kadmin/admin@EXAMPLE.COM, addr=127.0.0.1, vers=4, flavor=6
datanode_1  | 
recon_1     | Resolving kdc (kdc)... 172.18.0.4
scm_1       | Download testuser/scm@EXAMPLE.COM keytab file to /etc/security/keytabs/testuser.keytab
s3g_1       | 
datanode_2  | Connecting to kdc (kdc)|172.18.0.4|:8081... connected.
datanode_3  | Keytab name: FILE:/etc/security/keytabs/testuser.keytab
om_1        | Keytab name: FILE:/etc/security/keytabs/testuser.keytab
kms_1       |    2 10/04/19 18:22:33 HTTP/9fbe9edfa1a4@EXAMPLE.COM
kdc_1       | Oct 04 18:22:29 kdc kadmind[15](Notice): Request: kadm5_get_policy, default, Policy does not exist, client=admin/admin@EXAMPLE.COM, service=kadmin/admin@EXAMPLE.COM, addr=127.0.0.1
datanode_1  | Keytab name: FILE:/etc/security/keytabs/HTTP.keytab
recon_1     | Connecting to kdc (kdc)|172.18.0.4|:8081... connected.
scm_1       | --2019-10-04 18:22:35--  http://kdc:8081/keytab/scm/testuser
s3g_1       | Keytab name: FILE:/etc/security/keytabs/HTTP.keytab
datanode_2  | HTTP request sent, awaiting response... 200 OK
datanode_3  | KVNO Timestamp         Principal
om_1        | KVNO Timestamp         Principal
kms_1       |    2 10/04/19 18:22:33 HTTP/9fbe9edfa1a4@EXAMPLE.COM
kdc_1       | Oct 04 18:22:29 kdc kadmind[15](Notice): Request: kadm5_create_principal, test/test@EXAMPLE.COM, success, client=admin/admin@EXAMPLE.COM, service=kadmin/admin@EXAMPLE.COM, addr=127.0.0.1
datanode_1  | KVNO Timestamp         Principal
recon_1     | HTTP request sent, awaiting response... 200 OK
scm_1       | Resolving kdc (kdc)... 172.18.0.4
s3g_1       | KVNO Timestamp         Principal
datanode_2  | Length: 170 [application/octet-stream]
datanode_3  | ---- ----------------- --------------------------------------------------------
om_1        | ---- ----------------- --------------------------------------------------------
kms_1       | Download testuser/9fbe9edfa1a4@EXAMPLE.COM keytab file to /etc/security/keytabs/testuser.keytab
kdc_1       | Oct 04 18:22:29 kdc kadmind[15](info): closing down fd 18
datanode_1  | ---- ----------------- --------------------------------------------------------
recon_1     | Length: 156 [application/octet-stream]
scm_1       | Connecting to kdc (kdc)|172.18.0.4|:8081... connected.
s3g_1       | ---- ----------------- --------------------------------------------------------
datanode_2  | Saving to: '/etc/security/keytabs/testuser.keytab'
datanode_3  |    2 10/04/19 18:22:34 testuser/75233c3f1fd4@EXAMPLE.COM
om_1        |    2 10/04/19 18:22:34 testuser/om@EXAMPLE.COM
kms_1       | --2019-10-04 18:22:33--  http://kdc:8081/keytab/9fbe9edfa1a4/testuser
kdc_1       | Oct 04 18:22:29 kdc kadmind[15](Notice): Request: kadm5_init, admin/admin@EXAMPLE.COM, success, client=admin/admin@EXAMPLE.COM, service=kadmin/admin@EXAMPLE.COM, addr=127.0.0.1, vers=4, flavor=6
datanode_1  |    2 10/04/19 18:22:33 HTTP/a6f40def0a23@EXAMPLE.COM
recon_1     | Saving to: '/etc/security/keytabs/testuser.keytab'
scm_1       | HTTP request sent, awaiting response... 200 OK
s3g_1       |    2 10/04/19 18:22:33 HTTP/s3g@EXAMPLE.COM
datanode_2  | 
datanode_3  |    2 10/04/19 18:22:34 testuser/75233c3f1fd4@EXAMPLE.COM
om_1        |    2 10/04/19 18:22:34 testuser/om@EXAMPLE.COM
kms_1       | Resolving kdc (kdc)... 172.18.0.4
kdc_1       | Oct 04 18:22:29 kdc kadmind[15](Notice): Request: kadm5_randkey_principal, test/test@EXAMPLE.COM, success, client=admin/admin@EXAMPLE.COM, service=kadmin/admin@EXAMPLE.COM, addr=127.0.0.1
datanode_1  |    2 10/04/19 18:22:33 HTTP/a6f40def0a23@EXAMPLE.COM
recon_1     | 
scm_1       | Length: 152 [application/octet-stream]
s3g_1       |    2 10/04/19 18:22:33 HTTP/s3g@EXAMPLE.COM
datanode_2  |      0K                                                       100% 14.0M=0s
datanode_3  | Download testuser2/75233c3f1fd4@EXAMPLE.COM keytab file to /etc/security/keytabs/testuser2.keytab
om_1        | Download testuser2/om@EXAMPLE.COM keytab file to /etc/security/keytabs/testuser2.keytab
kms_1       | Connecting to kdc (kdc)|172.18.0.4|:8081... connected.
kdc_1       | Oct 04 18:22:29 kdc kadmind[15](Notice): Request: kadm5_get_principal, test/test@EXAMPLE.COM, success, client=admin/admin@EXAMPLE.COM, service=kadmin/admin@EXAMPLE.COM, addr=127.0.0.1
datanode_1  | Download testuser/a6f40def0a23@EXAMPLE.COM keytab file to /etc/security/keytabs/testuser.keytab
recon_1     |      0K                                                       100% 11.7M=0s
scm_1       | Saving to: '/etc/security/keytabs/testuser.keytab'
s3g_1       | Download testuser/s3g@EXAMPLE.COM keytab file to /etc/security/keytabs/testuser.keytab
datanode_2  | 
datanode_3  | --2019-10-04 18:22:34--  http://kdc:8081/keytab/75233c3f1fd4/testuser2
om_1        | --2019-10-04 18:22:34--  http://kdc:8081/keytab/om/testuser2
kms_1       | HTTP request sent, awaiting response... 200 OK
kdc_1       | Oct 04 18:22:29 kdc kadmind[15](info): closing down fd 18
recon_1     | 
scm_1       | 
datanode_1  | --2019-10-04 18:22:33--  http://kdc:8081/keytab/a6f40def0a23/testuser
s3g_1       | --2019-10-04 18:22:33--  http://kdc:8081/keytab/s3g/testuser
datanode_2  | 2019-10-04 18:22:34 (14.0 MB/s) - '/etc/security/keytabs/testuser.keytab' saved [170/170]
datanode_3  | Resolving kdc (kdc)... 172.18.0.4
om_1        | Resolving kdc (kdc)... 172.18.0.4
kms_1       | Length: 170 [application/octet-stream]
recon_1     | 2019-10-04 18:22:55 (11.7 MB/s) - '/etc/security/keytabs/testuser.keytab' saved [156/156]
kdc_1       | Oct 04 18:22:29 kdc kadmind[15](Notice): Request: kadm5_init, admin/admin@EXAMPLE.COM, success, client=admin/admin@EXAMPLE.COM, service=kadmin/admin@EXAMPLE.COM, addr=127.0.0.1, vers=4, flavor=6
datanode_1  | Resolving kdc (kdc)... 172.18.0.4
datanode_2  | 
s3g_1       | Resolving kdc (kdc)... 172.18.0.4
scm_1       |      0K                                                       100% 6.59M=0s
datanode_3  | Connecting to kdc (kdc)|172.18.0.4|:8081... connected.
om_1        | Connecting to kdc (kdc)|172.18.0.4|:8081... connected.
kms_1       | Saving to: '/etc/security/keytabs/testuser.keytab'
recon_1     | 
datanode_1  | Connecting to kdc (kdc)|172.18.0.4|:8081... connected.
kdc_1       | Oct 04 18:22:29 kdc kadmind[15](Notice): Request: kadm5_get_policy, default, Policy does not exist, client=admin/admin@EXAMPLE.COM, service=kadmin/admin@EXAMPLE.COM, addr=127.0.0.1
s3g_1       | Connecting to kdc (kdc)|172.18.0.4|:8081... connected.
scm_1       | 
datanode_3  | HTTP request sent, awaiting response... 200 OK
om_1        | HTTP request sent, awaiting response... 200 OK
datanode_2  | Keytab name: FILE:/etc/security/keytabs/testuser.keytab
kms_1       | 
recon_1     | Keytab name: FILE:/etc/security/keytabs/testuser.keytab
datanode_1  | HTTP request sent, awaiting response... 200 OK
s3g_1       | HTTP request sent, awaiting response... 200 OK
kdc_1       | Oct 04 18:22:29 kdc kadmind[15](Notice): Request: kadm5_create_principal, test/test@EXAMPLE.COM, Principal or policy already exists, client=admin/admin@EXAMPLE.COM, service=kadmin/admin@EXAMPLE.COM, addr=127.0.0.1
