Attaching to ozonesecure-mr_s3g_1, jhs, ozonesecure-mr_om_1, ozonesecure-mr_rm_1, ozonesecure-mr_datanode_3, ozonesecure-mr_kms_1, ozonesecure-mr_scm_1, ozonesecure-mr_kdc_1, ozonesecure-mr_datanode_2, ozonesecure-mr_datanode_1, ozonesecure-mr_nm_1
s3g_1       | Sleeping for 5 seconds
s3g_1       | Setting up kerberos!!
s3g_1       | KDC ISSUER_SERVER => kdc:8081
s3g_1       | Sleeping for 5 seconds
s3g_1       | Got 200, KDC service ready!!
s3g_1       | Download dn/s3g@EXAMPLE.COM keytab file to /etc/security/keytabs/dn.keytab
s3g_1       | --2019-10-21 19:05:35--  http://kdc:8081/keytab/s3g/dn
s3g_1       | Resolving kdc (kdc)... 172.18.0.5
jhs         | Sleeping for 5 seconds
s3g_1       | Connecting to kdc (kdc)|172.18.0.5|:8081... connected.
s3g_1       | HTTP request sent, awaiting response... 200 OK
s3g_1       | Length: 140 [application/octet-stream]
om_1        | Sleeping for 5 seconds
s3g_1       | Saving to: '/etc/security/keytabs/dn.keytab'
s3g_1       | 
s3g_1       |      0K                                                       100% 12.5M=0s
s3g_1       | 
jhs         | Setting up kerberos!!
s3g_1       | 2019-10-21 19:05:36 (12.5 MB/s) - '/etc/security/keytabs/dn.keytab' saved [140/140]
om_1        | Setting up kerberos!!
jhs         | KDC ISSUER_SERVER => kdc:8081
s3g_1       | 
om_1        | KDC ISSUER_SERVER => kdc:8081
jhs         | /opt/starter.sh: line 66: SLEEP_SECONDS: command not found
scm_1       | Sleeping for 5 seconds
datanode_3  | Sleeping for 5 seconds
s3g_1       | Keytab name: FILE:/etc/security/keytabs/dn.keytab
om_1        | Sleeping for 5 seconds
jhs         | Sleeping for  seconds
scm_1       | Setting up kerberos!!
datanode_3  | Setting up kerberos!!
s3g_1       | KVNO Timestamp         Principal
kms_1       | Sleeping for 5 seconds
om_1        | Got 200, KDC service ready!!
jhs         | Got 200, KDC service ready!!
scm_1       | KDC ISSUER_SERVER => kdc:8081
datanode_3  | KDC ISSUER_SERVER => kdc:8081
rm_1        | Sleeping for 5 seconds
kms_1       | Setting up kerberos!!
om_1        | Download dn/om@EXAMPLE.COM keytab file to /etc/security/keytabs/dn.keytab
s3g_1       | ---- ----------------- --------------------------------------------------------
jhs         | Download dn/jhs@EXAMPLE.COM keytab file to /etc/security/keytabs/dn.keytab
scm_1       | Sleeping for 5 seconds
datanode_3  | Sleeping for 5 seconds
rm_1        | Setting up kerberos!!
kms_1       | KDC ISSUER_SERVER => kdc:8081
kdc_1       | Issuer is listening on : 8081krb5kdc: starting...
om_1        | --2019-10-21 19:05:36--  http://kdc:8081/keytab/om/dn
s3g_1       |    2 10/21/19 19:05:36 dn/s3g@EXAMPLE.COM
jhs         | --2019-10-21 19:05:35--  http://kdc:8081/keytab/jhs/dn
scm_1       | Got 200, KDC service ready!!
rm_1        | KDC ISSUER_SERVER => kdc:8081
datanode_3  | Got 200, KDC service ready!!
kms_1       | /opt/starter.sh: line 66: SLEEP_SECONDS: command not found
kdc_1       | kadmind: starting...
om_1        | Resolving kdc (kdc)... 172.18.0.5
s3g_1       |    2 10/21/19 19:05:36 dn/s3g@EXAMPLE.COM
scm_1       | Download dn/scm@EXAMPLE.COM keytab file to /etc/security/keytabs/dn.keytab
rm_1        | /opt/starter.sh: line 66: SLEEP_SECONDS: command not found
jhs         | Resolving kdc (kdc)... 172.18.0.5
datanode_1  | Sleeping for 5 seconds
datanode_3  | Download dn/32d8c6fb71ff@EXAMPLE.COM keytab file to /etc/security/keytabs/dn.keytab
kms_1       | Sleeping for  seconds
kdc_1       | Oct 21 19:05:11 f40b00d218e8 kadmin.local[1](info): No dictionary file specified, continuing without one.
om_1        | Connecting to kdc (kdc)|172.18.0.5|:8081... connected.
s3g_1       | Download om/s3g@EXAMPLE.COM keytab file to /etc/security/keytabs/om.keytab
scm_1       | --2019-10-21 19:05:36--  http://kdc:8081/keytab/scm/dn
datanode_2  | Sleeping for 5 seconds
jhs         | Connecting to kdc (kdc)|172.18.0.5|:8081... connected.
rm_1        | Sleeping for  seconds
datanode_3  | --2019-10-21 19:05:35--  http://kdc:8081/keytab/32d8c6fb71ff/dn
datanode_1  | Setting up kerberos!!
kms_1       | Got 200, KDC service ready!!
kdc_1       | Oct 21 19:05:13 174eea93651b kadmin.local[1](info): No dictionary file specified, continuing without one.
s3g_1       | --2019-10-21 19:05:36--  http://kdc:8081/keytab/s3g/om
om_1        | HTTP request sent, awaiting response... 200 OK
scm_1       | Resolving kdc (kdc)... 172.18.0.5
datanode_2  | Setting up kerberos!!
jhs         | HTTP request sent, awaiting response... 200 OK
nm_1        | Sleeping for 5 seconds
rm_1        | Got 200, KDC service ready!!
datanode_3  | Resolving kdc (kdc)... 172.18.0.5
datanode_1  | KDC ISSUER_SERVER => kdc:8081
kms_1       | Download dn/d3bd87269e40@EXAMPLE.COM keytab file to /etc/security/keytabs/dn.keytab
kdc_1       | Oct 21 19:05:29 kdc kadmind[15](info): No dictionary file specified, continuing without one.
s3g_1       | Resolving kdc (kdc)... 172.18.0.5
scm_1       | Connecting to kdc (kdc)|172.18.0.5|:8081... connected.
om_1        | Length: 138 [application/octet-stream]
datanode_2  | KDC ISSUER_SERVER => kdc:8081
jhs         | Length: 140 [application/octet-stream]
nm_1        | Setting up kerberos!!
rm_1        | Download dn/rm@EXAMPLE.COM keytab file to /etc/security/keytabs/dn.keytab
datanode_3  | Connecting to kdc (kdc)|172.18.0.5|:8081... connected.
datanode_1  | Sleeping for 5 seconds
kms_1       | --2019-10-21 19:05:36--  http://kdc:8081/keytab/d3bd87269e40/dn
kdc_1       | Oct 21 19:05:29 kdc kadmind[15](info): setting up network...
s3g_1       | Connecting to kdc (kdc)|172.18.0.5|:8081... connected.
scm_1       | HTTP request sent, awaiting response... 200 OK
om_1        | Saving to: '/etc/security/keytabs/dn.keytab'
datanode_2  | Sleeping for 5 seconds
jhs         | Saving to: '/etc/security/keytabs/dn.keytab'
nm_1        | KDC ISSUER_SERVER => kdc:8081
rm_1        | --2019-10-21 19:05:35--  http://kdc:8081/keytab/rm/dn
datanode_1  | Got 200, KDC service ready!!
kms_1       | Resolving kdc (kdc)... 172.18.0.5
kdc_1       | kadmind: setsockopt(9,IPV6_V6ONLY,1) worked
s3g_1       | HTTP request sent, awaiting response... 200 OK
scm_1       | Length: 140 [application/octet-stream]
datanode_3  | HTTP request sent, awaiting response... 200 OK
om_1        | 
datanode_2  | Got 200, KDC service ready!!
jhs         | 
nm_1        | /opt/starter.sh: line 66: SLEEP_SECONDS: command not found
rm_1        | Resolving kdc (kdc)... 172.18.0.5
datanode_1  | Download dn/aaf5e7fb462a@EXAMPLE.COM keytab file to /etc/security/keytabs/dn.keytab
kdc_1       | kadmind: setsockopt(11,IPV6_V6ONLY,1) worked
kms_1       | Connecting to kdc (kdc)|172.18.0.5|:8081... connected.
s3g_1       | Length: 140 [application/octet-stream]
scm_1       | Saving to: '/etc/security/keytabs/dn.keytab'
datanode_3  | Length: 158 [application/octet-stream]
om_1        |      0K                                                       100% 13.4M=0s
datanode_2  | Download dn/c41ea1d734fa@EXAMPLE.COM keytab file to /etc/security/keytabs/dn.keytab
jhs         |      0K                                                       100% 4.83M=0s
nm_1        | Sleeping for  seconds
rm_1        | Connecting to kdc (kdc)|172.18.0.5|:8081... connected.
kdc_1       | kadmind: setsockopt(13,IPV6_V6ONLY,1) worked
datanode_1  | --2019-10-21 19:05:35--  http://kdc:8081/keytab/aaf5e7fb462a/dn
kms_1       | HTTP request sent, awaiting response... 200 OK
s3g_1       | Saving to: '/etc/security/keytabs/om.keytab'
scm_1       | 
datanode_3  | Saving to: '/etc/security/keytabs/dn.keytab'
om_1        | 
datanode_2  | --2019-10-21 19:05:35--  http://kdc:8081/keytab/c41ea1d734fa/dn
jhs         | 
nm_1        | Got 200, KDC service ready!!
rm_1        | HTTP request sent, awaiting response... 200 OK
kdc_1       | Oct 21 19:05:29 kdc kadmind[15](info): set up 6 sockets
datanode_1  | Resolving kdc (kdc)... 172.18.0.5
kms_1       | Length: 158 [application/octet-stream]
s3g_1       | 
scm_1       |      0K                                                       100% 14.3M=0s
datanode_3  | 
om_1        | 2019-10-21 19:05:37 (13.4 MB/s) - '/etc/security/keytabs/dn.keytab' saved [138/138]
jhs         | 2019-10-21 19:05:36 (4.83 MB/s) - '/etc/security/keytabs/dn.keytab' saved [140/140]
datanode_2  | Resolving kdc (kdc)... 172.18.0.5
nm_1        | Download dn/nm@EXAMPLE.COM keytab file to /etc/security/keytabs/dn.keytab
rm_1        | Length: 138 [application/octet-stream]
kdc_1       | Oct 21 19:05:29 kdc kadmind[15](info): Seeding random number generator
kms_1       | Saving to: '/etc/security/keytabs/dn.keytab'
datanode_1  | Connecting to kdc (kdc)|172.18.0.5|:8081... connected.
s3g_1       |      0K                                                       100% 19.8M=0s
scm_1       | 
datanode_3  |      0K                                                       100% 12.7M=0s
om_1        | 
jhs         | 
datanode_2  | Connecting to kdc (kdc)|172.18.0.5|:8081... connected.
nm_1        | --2019-10-21 19:05:35--  http://kdc:8081/keytab/nm/dn
kms_1       | 
kdc_1       | Oct 21 19:05:29 kdc kadmind[15](info): starting
rm_1        | Saving to: '/etc/security/keytabs/dn.keytab'
s3g_1       | 
datanode_1  | HTTP request sent, awaiting response... 200 OK
scm_1       | 2019-10-21 19:05:37 (14.3 MB/s) - '/etc/security/keytabs/dn.keytab' saved [140/140]
datanode_3  | 
om_1        | Keytab name: FILE:/etc/security/keytabs/dn.keytab
jhs         | Keytab name: FILE:/etc/security/keytabs/dn.keytab
nm_1        | Resolving kdc (kdc)... 172.18.0.5
datanode_2  | HTTP request sent, awaiting response... 200 OK
kms_1       |      0K                                                       100% 18.7M=0s
kdc_1       | otp: Loaded
rm_1        | 
s3g_1       | 2019-10-21 19:05:38 (19.8 MB/s) - '/etc/security/keytabs/om.keytab' saved [140/140]
datanode_1  | Length: 158 [application/octet-stream]
scm_1       | 
om_1        | KVNO Timestamp         Principal
jhs         | KVNO Timestamp         Principal
datanode_3  | 2019-10-21 19:05:36 (12.7 MB/s) - '/etc/security/keytabs/dn.keytab' saved [158/158]
nm_1        | Connecting to kdc (kdc)|172.18.0.5|:8081... connected.
datanode_2  | Length: 158 [application/octet-stream]
kms_1       | 
kdc_1       | Oct 21 19:05:25 kdc krb5kdc[9](info): setting up network...
rm_1        |      0K                                                       100% 13.8M=0s
s3g_1       | 
datanode_1  | Saving to: '/etc/security/keytabs/dn.keytab'
scm_1       | Keytab name: FILE:/etc/security/keytabs/dn.keytab
om_1        | ---- ----------------- --------------------------------------------------------
datanode_3  | 
jhs         | ---- ----------------- --------------------------------------------------------
nm_1        | HTTP request sent, awaiting response... 200 OK
datanode_2  | Saving to: '/etc/security/keytabs/dn.keytab'
kms_1       | 2019-10-21 19:05:37 (18.7 MB/s) - '/etc/security/keytabs/dn.keytab' saved [158/158]
kdc_1       | krb5kdc: setsockopt(9,IPV6_V6ONLY,1) worked
rm_1        | 
s3g_1       | Keytab name: FILE:/etc/security/keytabs/om.keytab
datanode_1  | 
scm_1       | KVNO Timestamp         Principal
om_1        |    2 10/21/19 19:05:37 dn/om@EXAMPLE.COM
datanode_3  | Keytab name: FILE:/etc/security/keytabs/dn.keytab
jhs         |    2 10/21/19 19:05:36 dn/jhs@EXAMPLE.COM
nm_1        | Length: 138 [application/octet-stream]
datanode_2  | 
kms_1       | 
kdc_1       | krb5kdc: setsockopt(11,IPV6_V6ONLY,1) worked
rm_1        | 2019-10-21 19:05:36 (13.8 MB/s) - '/etc/security/keytabs/dn.keytab' saved [138/138]
s3g_1       | KVNO Timestamp         Principal
datanode_1  |      0K                                                       100% 23.0M=0s
scm_1       | ---- ----------------- --------------------------------------------------------
om_1        |    2 10/21/19 19:05:37 dn/om@EXAMPLE.COM
datanode_3  | KVNO Timestamp         Principal
jhs         |    2 10/21/19 19:05:36 dn/jhs@EXAMPLE.COM
nm_1        | Saving to: '/etc/security/keytabs/dn.keytab'
datanode_2  |      0K                                                       100% 13.8M=0s
kms_1       | Keytab name: FILE:/etc/security/keytabs/dn.keytab
kdc_1       | Oct 21 19:05:25 kdc krb5kdc[9](info): set up 4 sockets
rm_1        | 
s3g_1       | ---- ----------------- --------------------------------------------------------
datanode_1  | 
om_1        | Download om/om@EXAMPLE.COM keytab file to /etc/security/keytabs/om.keytab
scm_1       |    2 10/21/19 19:05:37 dn/scm@EXAMPLE.COM
datanode_3  | ---- ----------------- --------------------------------------------------------
jhs         | Download om/jhs@EXAMPLE.COM keytab file to /etc/security/keytabs/om.keytab
nm_1        | 
datanode_2  | 
kms_1       | KVNO Timestamp         Principal
kdc_1       | Oct 21 19:05:25 kdc krb5kdc[9](info): commencing operation
rm_1        | Keytab name: FILE:/etc/security/keytabs/dn.keytab
s3g_1       |    2 10/21/19 19:05:38 om/s3g@EXAMPLE.COM
datanode_1  | 2019-10-21 19:05:36 (23.0 MB/s) - '/etc/security/keytabs/dn.keytab' saved [158/158]
om_1        | --2019-10-21 19:05:37--  http://kdc:8081/keytab/om/om
scm_1       |    2 10/21/19 19:05:37 dn/scm@EXAMPLE.COM
datanode_3  |    2 10/21/19 19:05:36 dn/32d8c6fb71ff@EXAMPLE.COM
jhs         | --2019-10-21 19:05:36--  http://kdc:8081/keytab/jhs/om
nm_1        |      0K                                                       100% 14.5M=0s
datanode_2  | 2019-10-21 19:05:36 (13.8 MB/s) - '/etc/security/keytabs/dn.keytab' saved [158/158]
kms_1       | ---- ----------------- --------------------------------------------------------
kdc_1       | Generiting keytab
rm_1        | KVNO Timestamp         Principal
s3g_1       |    2 10/21/19 19:05:38 om/s3g@EXAMPLE.COM
datanode_1  | 
om_1        | Resolving kdc (kdc)... 172.18.0.5
scm_1       | Download om/scm@EXAMPLE.COM keytab file to /etc/security/keytabs/om.keytab
datanode_3  |    2 10/21/19 19:05:36 dn/32d8c6fb71ff@EXAMPLE.COM
jhs         | Resolving kdc (kdc)... 172.18.0.5
nm_1        | 
datanode_2  | 
kms_1       |    2 10/21/19 19:05:37 dn/d3bd87269e40@EXAMPLE.COM
kdc_1       | Authenticating as principal admin/admin with keytab /tmp/admin.keytab.
rm_1        | ---- ----------------- --------------------------------------------------------
s3g_1       | Download scm/s3g@EXAMPLE.COM keytab file to /etc/security/keytabs/scm.keytab
datanode_1  | Keytab name: FILE:/etc/security/keytabs/dn.keytab
om_1        | Connecting to kdc (kdc)|172.18.0.5|:8081... connected.
scm_1       | --2019-10-21 19:05:37--  http://kdc:8081/keytab/scm/om
datanode_3  | Download om/32d8c6fb71ff@EXAMPLE.COM keytab file to /etc/security/keytabs/om.keytab
nm_1        | 2019-10-21 19:05:36 (14.5 MB/s) - '/etc/security/keytabs/dn.keytab' saved [138/138]
jhs         | Connecting to kdc (kdc)|172.18.0.5|:8081... connected.
datanode_2  | Keytab name: FILE:/etc/security/keytabs/dn.keytab
kms_1       |    2 10/21/19 19:05:37 dn/d3bd87269e40@EXAMPLE.COM
kdc_1       | Oct 21 19:05:35 kdc krb5kdc[9](info): AS_REQ (8 etypes {18 17 20 19 16 23 25 26}) 127.0.0.1: SERVER_NOT_FOUND: admin/admin@EXAMPLE.COM for kadmin/localhost@EXAMPLE.COM, Server not found in Kerberos database
rm_1        |    2 10/21/19 19:05:36 dn/rm@EXAMPLE.COM
s3g_1       | --2019-10-21 19:05:38--  http://kdc:8081/keytab/s3g/scm
datanode_1  | KVNO Timestamp         Principal
om_1        | HTTP request sent, awaiting response... 200 OK
scm_1       | Resolving kdc (kdc)... 172.18.0.5
jhs         | HTTP request sent, awaiting response... 200 OK
nm_1        | 
datanode_3  | --2019-10-21 19:05:36--  http://kdc:8081/keytab/32d8c6fb71ff/om
datanode_2  | KVNO Timestamp         Principal
kms_1       | Download om/d3bd87269e40@EXAMPLE.COM keytab file to /etc/security/keytabs/om.keytab
kdc_1       | Oct 21 19:05:35 kdc krb5kdc[9](info): AS_REQ (8 etypes {18 17 20 19 16 23 25 26}) 127.0.0.1: ISSUE: authtime 1571684735, etypes {rep=18 tkt=18 ses=18}, admin/admin@EXAMPLE.COM for kadmin/admin@EXAMPLE.COM
rm_1        |    2 10/21/19 19:05:36 dn/rm@EXAMPLE.COM
s3g_1       | Resolving kdc (kdc)... 172.18.0.5
datanode_1  | ---- ----------------- --------------------------------------------------------
scm_1       | Connecting to kdc (kdc)|172.18.0.5|:8081... connected.
jhs         | Length: 140 [application/octet-stream]
om_1        | Length: 138 [application/octet-stream]
nm_1        | Keytab name: FILE:/etc/security/keytabs/dn.keytab
datanode_3  | Resolving kdc (kdc)... 172.18.0.5
datanode_2  | ---- ----------------- --------------------------------------------------------
kms_1       | --2019-10-21 19:05:37--  http://kdc:8081/keytab/d3bd87269e40/om
kdc_1       | WARNING: no policy specified for test/test@EXAMPLE.COM; defaulting to no policy
rm_1        | Download om/rm@EXAMPLE.COM keytab file to /etc/security/keytabs/om.keytab
s3g_1       | Connecting to kdc (kdc)|172.18.0.5|:8081... connected.
datanode_1  |    2 10/21/19 19:05:36 dn/aaf5e7fb462a@EXAMPLE.COM
scm_1       | HTTP request sent, awaiting response... 200 OK
jhs         | Saving to: '/etc/security/keytabs/om.keytab'
om_1        | Saving to: '/etc/security/keytabs/om.keytab'
nm_1        | KVNO Timestamp         Principal
datanode_3  | Connecting to kdc (kdc)|172.18.0.5|:8081... connected.
datanode_2  |    2 10/21/19 19:05:36 dn/c41ea1d734fa@EXAMPLE.COM
kms_1       | Resolving kdc (kdc)... 172.18.0.5
kdc_1       | Principal "test/test@EXAMPLE.COM" created.
rm_1        | --2019-10-21 19:05:36--  http://kdc:8081/keytab/rm/om
s3g_1       | HTTP request sent, awaiting response... 200 OK
datanode_1  |    2 10/21/19 19:05:36 dn/aaf5e7fb462a@EXAMPLE.COM
scm_1       | Length: 140 [application/octet-stream]
jhs         | 
om_1        | 
nm_1        | ---- ----------------- --------------------------------------------------------
datanode_3  | HTTP request sent, awaiting response... 200 OK
datanode_2  |    2 10/21/19 19:05:36 dn/c41ea1d734fa@EXAMPLE.COM
kms_1       | Connecting to kdc (kdc)|172.18.0.5|:8081... connected.
kdc_1       | Authenticating as principal admin/admin with keytab /tmp/admin.keytab.
rm_1        | Resolving kdc (kdc)... 172.18.0.5
s3g_1       | Length: 142 [application/octet-stream]
datanode_1  | Download om/aaf5e7fb462a@EXAMPLE.COM keytab file to /etc/security/keytabs/om.keytab
jhs         |      0K                                                       100% 13.8M=0s
scm_1       | Saving to: '/etc/security/keytabs/om.keytab'
om_1        |      0K                                                       100% 7.49M=0s
datanode_3  | Length: 158 [application/octet-stream]
datanode_2  | Download om/c41ea1d734fa@EXAMPLE.COM keytab file to /etc/security/keytabs/om.keytab
kms_1       | HTTP request sent, awaiting response... 200 OK
kdc_1       | Entry for principal test/test@EXAMPLE.COM with kvno 2, encryption type aes256-cts-hmac-sha1-96 added to keytab WRFILE:/data/test.test.keytab.
s3g_1       | Saving to: '/etc/security/keytabs/scm.keytab'
rm_1        | Connecting to kdc (kdc)|172.18.0.5|:8081... connected.
nm_1        |    2 10/21/19 19:05:36 dn/nm@EXAMPLE.COM
datanode_1  | --2019-10-21 19:05:36--  http://kdc:8081/keytab/aaf5e7fb462a/om
jhs         | 
scm_1       | 
datanode_3  | Saving to: '/etc/security/keytabs/om.keytab'
om_1        | 
datanode_2  | --2019-10-21 19:05:36--  http://kdc:8081/keytab/c41ea1d734fa/om
kms_1       | Length: 158 [application/octet-stream]
kdc_1       | Entry for principal test/test@EXAMPLE.COM with kvno 2, encryption type aes128-cts-hmac-sha1-96 added to keytab WRFILE:/data/test.test.keytab.
s3g_1       | 
rm_1        | HTTP request sent, awaiting response... 200 OK
nm_1        |    2 10/21/19 19:05:36 dn/nm@EXAMPLE.COM
datanode_1  | Resolving kdc (kdc)... 172.18.0.5
jhs         | 2019-10-21 19:05:37 (13.8 MB/s) - '/etc/security/keytabs/om.keytab' saved [140/140]
scm_1       |      0K                                                       100% 12.8M=0s
datanode_3  | 
om_1        | 2019-10-21 19:05:38 (7.49 MB/s) - '/etc/security/keytabs/om.keytab' saved [138/138]
datanode_2  | Resolving kdc (kdc)... 172.18.0.5
kms_1       | Saving to: '/etc/security/keytabs/om.keytab'
kdc_1       | Generiting keytab
s3g_1       |      0K                                                       100% 10.2M=0s
rm_1        | Length: 138 [application/octet-stream]
nm_1        | Download om/nm@EXAMPLE.COM keytab file to /etc/security/keytabs/om.keytab
datanode_1  | Connecting to kdc (kdc)|172.18.0.5|:8081... connected.
jhs         | 
datanode_3  |      0K                                                       100% 16.0M=0s
scm_1       | 
om_1        | 
datanode_2  | Connecting to kdc (kdc)|172.18.0.5|:8081... connected.
kms_1       | 
kdc_1       | Authenticating as principal admin/admin with keytab /tmp/admin.keytab.
s3g_1       | 
rm_1        | Saving to: '/etc/security/keytabs/om.keytab'
nm_1        | --2019-10-21 19:05:36--  http://kdc:8081/keytab/nm/om
datanode_1  | HTTP request sent, awaiting response... 200 OK
jhs         | Keytab name: FILE:/etc/security/keytabs/om.keytab
datanode_3  | 
scm_1       | 2019-10-21 19:05:38 (12.8 MB/s) - '/etc/security/keytabs/om.keytab' saved [140/140]
om_1        | Keytab name: FILE:/etc/security/keytabs/om.keytab
datanode_2  | HTTP request sent, awaiting response... 200 OK
kms_1       |      0K                                                       100% 13.4M=0s
kdc_1       | WARNING: no policy specified for test/test@EXAMPLE.COM; defaulting to no policy
s3g_1       | 2019-10-21 19:05:39 (10.2 MB/s) - '/etc/security/keytabs/scm.keytab' saved [142/142]
rm_1        | 
nm_1        | Resolving kdc (kdc)... 172.18.0.5
jhs         | KVNO Timestamp         Principal
datanode_1  | Length: 158 [application/octet-stream]
datanode_3  | 2019-10-21 19:05:37 (16.0 MB/s) - '/etc/security/keytabs/om.keytab' saved [158/158]
scm_1       | 
om_1        | KVNO Timestamp         Principal
datanode_2  | Length: 158 [application/octet-stream]
kms_1       | 
kdc_1       | add_principal: Principal or policy already exists while creating "test/test@EXAMPLE.COM".
s3g_1       | 
rm_1        |      0K                                                       100% 7.81M=0s
nm_1        | Connecting to kdc (kdc)|172.18.0.5|:8081... connected.
datanode_1  | Saving to: '/etc/security/keytabs/om.keytab'
datanode_3  | 
scm_1       | Keytab name: FILE:/etc/security/keytabs/om.keytab
jhs         | ---- ----------------- --------------------------------------------------------
om_1        | ---- ----------------- --------------------------------------------------------
datanode_2  | Saving to: '/etc/security/keytabs/om.keytab'
kms_1       | 2019-10-21 19:05:38 (13.4 MB/s) - '/etc/security/keytabs/om.keytab' saved [158/158]
kdc_1       | Authenticating as principal admin/admin with keytab /tmp/admin.keytab.
s3g_1       | Keytab name: FILE:/etc/security/keytabs/scm.keytab
rm_1        | 
nm_1        | HTTP request sent, awaiting response... 200 OK
datanode_1  | 
datanode_3  | Keytab name: FILE:/etc/security/keytabs/om.keytab
scm_1       | KVNO Timestamp         Principal
jhs         |    2 10/21/19 19:05:37 om/jhs@EXAMPLE.COM
om_1        |    2 10/21/19 19:05:38 om/om@EXAMPLE.COM
datanode_2  | 
kms_1       | 
kdc_1       | Entry for principal test/test@EXAMPLE.COM with kvno 3, encryption type aes256-cts-hmac-sha1-96 added to keytab WRFILE:/data/test.test.keytab.
s3g_1       | KVNO Timestamp         Principal
rm_1        | 2019-10-21 19:05:37 (7.81 MB/s) - '/etc/security/keytabs/om.keytab' saved [138/138]
nm_1        | Length: 138 [application/octet-stream]
datanode_1  |      0K                                                       100% 9.84M=0s
datanode_3  | KVNO Timestamp         Principal
jhs         |    2 10/21/19 19:05:37 om/jhs@EXAMPLE.COM
scm_1       | ---- ----------------- --------------------------------------------------------
om_1        |    2 10/21/19 19:05:38 om/om@EXAMPLE.COM
datanode_2  |      0K                                                       100% 12.7M=0s
kms_1       | Keytab name: FILE:/etc/security/keytabs/om.keytab
kdc_1       | Entry for principal test/test@EXAMPLE.COM with kvno 3, encryption type aes128-cts-hmac-sha1-96 added to keytab WRFILE:/data/test.test.keytab.
s3g_1       | ---- ----------------- --------------------------------------------------------
rm_1        | 
nm_1        | Saving to: '/etc/security/keytabs/om.keytab'
datanode_1  | 
datanode_3  | ---- ----------------- --------------------------------------------------------
jhs         | Download scm/jhs@EXAMPLE.COM keytab file to /etc/security/keytabs/scm.keytab
scm_1       |    2 10/21/19 19:05:38 om/scm@EXAMPLE.COM
om_1        | Download scm/om@EXAMPLE.COM keytab file to /etc/security/keytabs/scm.keytab
datanode_2  | 
kms_1       | KVNO Timestamp         Principal
kdc_1       | Generiting keytab
s3g_1       |    2 10/21/19 19:05:39 scm/s3g@EXAMPLE.COM
rm_1        | Keytab name: FILE:/etc/security/keytabs/om.keytab
nm_1        | 
datanode_1  | 2019-10-21 19:05:38 (9.84 MB/s) - '/etc/security/keytabs/om.keytab' saved [158/158]
datanode_3  |    2 10/21/19 19:05:37 om/32d8c6fb71ff@EXAMPLE.COM
jhs         | --2019-10-21 19:05:37--  http://kdc:8081/keytab/jhs/scm
om_1        | --2019-10-21 19:05:38--  http://kdc:8081/keytab/om/scm
scm_1       |    2 10/21/19 19:05:38 om/scm@EXAMPLE.COM
datanode_2  | 2019-10-21 19:05:37 (12.7 MB/s) - '/etc/security/keytabs/om.keytab' saved [158/158]
kdc_1       | Authenticating as principal admin/admin with keytab /tmp/admin.keytab.
s3g_1       |    2 10/21/19 19:05:39 scm/s3g@EXAMPLE.COM
rm_1        | KVNO Timestamp         Principal
nm_1        |      0K                                                       100% 8.36M=0s
kms_1       | ---- ----------------- --------------------------------------------------------
datanode_3  |    2 10/21/19 19:05:37 om/32d8c6fb71ff@EXAMPLE.COM
jhs         | Resolving kdc (kdc)... 172.18.0.5
datanode_1  | 
om_1        | Resolving kdc (kdc)... 172.18.0.5
scm_1       | Download scm/scm@EXAMPLE.COM keytab file to /etc/security/keytabs/scm.keytab
datanode_2  | 
kdc_1       | WARNING: no policy specified for test/test@EXAMPLE.COM; defaulting to no policy
s3g_1       | Download HTTP/s3g@EXAMPLE.COM keytab file to /etc/security/keytabs/HTTP.keytab
rm_1        | ---- ----------------- --------------------------------------------------------
kms_1       |    2 10/21/19 19:05:38 om/d3bd87269e40@EXAMPLE.COM
nm_1        | 
datanode_3  | Download scm/32d8c6fb71ff@EXAMPLE.COM keytab file to /etc/security/keytabs/scm.keytab
datanode_1  | Keytab name: FILE:/etc/security/keytabs/om.keytab
jhs         | Connecting to kdc (kdc)|172.18.0.5|:8081... connected.
om_1        | Connecting to kdc (kdc)|172.18.0.5|:8081... connected.
scm_1       | --2019-10-21 19:05:38--  http://kdc:8081/keytab/scm/scm
datanode_2  | Keytab name: FILE:/etc/security/keytabs/om.keytab
kdc_1       | add_principal: Principal or policy already exists while creating "test/test@EXAMPLE.COM".
s3g_1       | --2019-10-21 19:05:39--  http://kdc:8081/keytab/s3g/HTTP
rm_1        |    2 10/21/19 19:05:37 om/rm@EXAMPLE.COM
kms_1       |    2 10/21/19 19:05:38 om/d3bd87269e40@EXAMPLE.COM
nm_1        | 2019-10-21 19:05:37 (8.36 MB/s) - '/etc/security/keytabs/om.keytab' saved [138/138]
datanode_3  | --2019-10-21 19:05:37--  http://kdc:8081/keytab/32d8c6fb71ff/scm
datanode_1  | KVNO Timestamp         Principal
jhs         | HTTP request sent, awaiting response... 200 OK
om_1        | HTTP request sent, awaiting response... 200 OK
datanode_2  | KVNO Timestamp         Principal
scm_1       | Resolving kdc (kdc)... 172.18.0.5
kdc_1       | Authenticating as principal admin/admin with keytab /tmp/admin.keytab.
rm_1        |    2 10/21/19 19:05:37 om/rm@EXAMPLE.COM
kms_1       | Download scm/d3bd87269e40@EXAMPLE.COM keytab file to /etc/security/keytabs/scm.keytab
nm_1        | 
datanode_3  | Resolving kdc (kdc)... 172.18.0.5
datanode_1  | ---- ----------------- --------------------------------------------------------
jhs         | Length: 142 [application/octet-stream]
s3g_1       | Resolving kdc (kdc)... 172.18.0.5
om_1        | Length: 140 [application/octet-stream]
datanode_2  | ---- ----------------- --------------------------------------------------------
scm_1       | Connecting to kdc (kdc)|172.18.0.5|:8081... connected.
kdc_1       | Entry for principal test/test@EXAMPLE.COM with kvno 4, encryption type aes256-cts-hmac-sha1-96 added to keytab WRFILE:/data/test.test.keytab.
rm_1        | Download scm/rm@EXAMPLE.COM keytab file to /etc/security/keytabs/scm.keytab
kms_1       | --2019-10-21 19:05:38--  http://kdc:8081/keytab/d3bd87269e40/scm
nm_1        | Keytab name: FILE:/etc/security/keytabs/om.keytab
datanode_3  | Connecting to kdc (kdc)|172.18.0.5|:8081... connected.
datanode_1  |    2 10/21/19 19:05:38 om/aaf5e7fb462a@EXAMPLE.COM
jhs         | Saving to: '/etc/security/keytabs/scm.keytab'
s3g_1       | Connecting to kdc (kdc)|172.18.0.5|:8081... connected.
om_1        | Saving to: '/etc/security/keytabs/scm.keytab'
datanode_2  |    2 10/21/19 19:05:37 om/c41ea1d734fa@EXAMPLE.COM
scm_1       | HTTP request sent, awaiting response... 200 OK
kdc_1       | Entry for principal test/test@EXAMPLE.COM with kvno 4, encryption type aes128-cts-hmac-sha1-96 added to keytab WRFILE:/data/test.test.keytab.
rm_1        | --2019-10-21 19:05:37--  http://kdc:8081/keytab/rm/scm
kms_1       | Resolving kdc (kdc)... 172.18.0.5
nm_1        | KVNO Timestamp         Principal
datanode_3  | HTTP request sent, awaiting response... 200 OK
datanode_1  |    2 10/21/19 19:05:38 om/aaf5e7fb462a@EXAMPLE.COM
jhs         | 
s3g_1       | HTTP request sent, awaiting response... 200 OK
om_1        | 
datanode_2  |    2 10/21/19 19:05:37 om/c41ea1d734fa@EXAMPLE.COM
scm_1       | Length: 142 [application/octet-stream]
kdc_1       | Generiting keytab
rm_1        | Resolving kdc (kdc)... 172.18.0.5
kms_1       | Connecting to kdc (kdc)|172.18.0.5|:8081... connected.
nm_1        | ---- ----------------- --------------------------------------------------------
datanode_3  | Length: 160 [application/octet-stream]
datanode_1  | Download scm/aaf5e7fb462a@EXAMPLE.COM keytab file to /etc/security/keytabs/scm.keytab
jhs         |      0K                                                       100% 9.44M=0s
s3g_1       | Length: 144 [application/octet-stream]
om_1        |      0K                                                       100% 10.6M=0s
datanode_2  | Download scm/c41ea1d734fa@EXAMPLE.COM keytab file to /etc/security/keytabs/scm.keytab
scm_1       | Saving to: '/etc/security/keytabs/scm.keytab'
kdc_1       | Authenticating as principal admin/admin with keytab /tmp/admin.keytab.
rm_1        | Connecting to kdc (kdc)|172.18.0.5|:8081... connected.
kms_1       | HTTP request sent, awaiting response... 200 OK
nm_1        |    2 10/21/19 19:05:37 om/nm@EXAMPLE.COM
datanode_3  | Saving to: '/etc/security/keytabs/scm.keytab'
datanode_1  | --2019-10-21 19:05:38--  http://kdc:8081/keytab/aaf5e7fb462a/scm
jhs         | 
s3g_1       | Saving to: '/etc/security/keytabs/HTTP.keytab'
om_1        | 
scm_1       | 
datanode_2  | --2019-10-21 19:05:38--  http://kdc:8081/keytab/c41ea1d734fa/scm
kdc_1       | WARNING: no policy specified for test/test@EXAMPLE.COM; defaulting to no policy
rm_1        | HTTP request sent, awaiting response... 200 OK
kms_1       | Length: 160 [application/octet-stream]
nm_1        |    2 10/21/19 19:05:37 om/nm@EXAMPLE.COM
datanode_3  | 
datanode_1  | Resolving kdc (kdc)... 172.18.0.5
jhs         | 2019-10-21 19:05:38 (9.44 MB/s) - '/etc/security/keytabs/scm.keytab' saved [142/142]
s3g_1       | 
om_1        | 2019-10-21 19:05:39 (10.6 MB/s) - '/etc/security/keytabs/scm.keytab' saved [140/140]
scm_1       |      0K                                                       100% 10.8M=0s
datanode_2  | Resolving kdc (kdc)... 172.18.0.5
kdc_1       | add_principal: Principal or policy already exists while creating "test/test@EXAMPLE.COM".
rm_1        | Length: 140 [application/octet-stream]
kms_1       | Saving to: '/etc/security/keytabs/scm.keytab'
nm_1        | Download scm/nm@EXAMPLE.COM keytab file to /etc/security/keytabs/scm.keytab
datanode_3  |      0K                                                       100% 7.94M=0s
datanode_1  | Connecting to kdc (kdc)|172.18.0.5|:8081... connected.
jhs         | 
s3g_1       |      0K                                                       100% 13.1M=0s
om_1        | 
scm_1       | 
datanode_2  | Connecting to kdc (kdc)|172.18.0.5|:8081... connected.
kdc_1       | Authenticating as principal admin/admin with keytab /tmp/admin.keytab.
rm_1        | Saving to: '/etc/security/keytabs/scm.keytab'
kms_1       | 
nm_1        | --2019-10-21 19:05:37--  http://kdc:8081/keytab/nm/scm
datanode_3  | 
datanode_1  | HTTP request sent, awaiting response... 200 OK
jhs         | Keytab name: FILE:/etc/security/keytabs/scm.keytab
s3g_1       | 
om_1        | Keytab name: FILE:/etc/security/keytabs/scm.keytab
scm_1       | 2019-10-21 19:05:40 (10.8 MB/s) - '/etc/security/keytabs/scm.keytab' saved [142/142]
datanode_2  | HTTP request sent, awaiting response... 200 OK
kdc_1       | Entry for principal test/test@EXAMPLE.COM with kvno 5, encryption type aes256-cts-hmac-sha1-96 added to keytab WRFILE:/data/test.test.keytab.
rm_1        | 
kms_1       |      0K                                                       100% 16.5M=0s
nm_1        | Resolving kdc (kdc)... 172.18.0.5
datanode_3  | 2019-10-21 19:05:39 (7.94 MB/s) - '/etc/security/keytabs/scm.keytab' saved [160/160]
datanode_1  | Length: 160 [application/octet-stream]
jhs         | KVNO Timestamp         Principal
s3g_1       | 2019-10-21 19:05:41 (13.1 MB/s) - '/etc/security/keytabs/HTTP.keytab' saved [144/144]
om_1        | KVNO Timestamp         Principal
scm_1       | 
datanode_2  | Length: 160 [application/octet-stream]
kdc_1       | Entry for principal test/test@EXAMPLE.COM with kvno 5, encryption type aes128-cts-hmac-sha1-96 added to keytab WRFILE:/data/test.test.keytab.
rm_1        |      0K                                                       100% 11.3M=0s
kms_1       | 
nm_1        | Connecting to kdc (kdc)|172.18.0.5|:8081... connected.
datanode_3  | 
datanode_1  | Saving to: '/etc/security/keytabs/scm.keytab'
jhs         | ---- ----------------- --------------------------------------------------------
s3g_1       | 
om_1        | ---- ----------------- --------------------------------------------------------
scm_1       | Keytab name: FILE:/etc/security/keytabs/scm.keytab
datanode_2  | Saving to: '/etc/security/keytabs/scm.keytab'
kdc_1       | Generiting keytab
rm_1        | 
kms_1       | 2019-10-21 19:05:40 (16.5 MB/s) - '/etc/security/keytabs/scm.keytab' saved [160/160]
nm_1        | HTTP request sent, awaiting response... 200 OK
datanode_3  | Keytab name: FILE:/etc/security/keytabs/scm.keytab
datanode_1  | 
jhs         |    2 10/21/19 19:05:38 scm/jhs@EXAMPLE.COM
s3g_1       | Keytab name: FILE:/etc/security/keytabs/HTTP.keytab
om_1        |    2 10/21/19 19:05:39 scm/om@EXAMPLE.COM
scm_1       | KVNO Timestamp         Principal
datanode_2  | 
kdc_1       | Authenticating as principal admin/admin with keytab /tmp/admin.keytab.
kms_1       | 
rm_1        | 2019-10-21 19:05:38 (11.3 MB/s) - '/etc/security/keytabs/scm.keytab' saved [140/140]
nm_1        | Length: 140 [application/octet-stream]
datanode_3  | KVNO Timestamp         Principal
datanode_1  |      0K                                                       100% 17.4M=0s
jhs         |    2 10/21/19 19:05:38 scm/jhs@EXAMPLE.COM
s3g_1       | KVNO Timestamp         Principal
om_1        |    2 10/21/19 19:05:39 scm/om@EXAMPLE.COM
scm_1       | ---- ----------------- --------------------------------------------------------
datanode_2  |      0K                                                       100% 18.8M=0s
kms_1       | Keytab name: FILE:/etc/security/keytabs/scm.keytab
rm_1        | 
kdc_1       | WARNING: no policy specified for test/test@EXAMPLE.COM; defaulting to no policy
nm_1        | Saving to: '/etc/security/keytabs/scm.keytab'
datanode_3  | ---- ----------------- --------------------------------------------------------
datanode_1  | 
jhs         | Download HTTP/jhs@EXAMPLE.COM keytab file to /etc/security/keytabs/HTTP.keytab
s3g_1       | ---- ----------------- --------------------------------------------------------
om_1        | Download HTTP/om@EXAMPLE.COM keytab file to /etc/security/keytabs/HTTP.keytab
scm_1       |    2 10/21/19 19:05:40 scm/scm@EXAMPLE.COM
datanode_2  | 
kms_1       | KVNO Timestamp         Principal
rm_1        | Keytab name: FILE:/etc/security/keytabs/scm.keytab
kdc_1       | add_principal: Principal or policy already exists while creating "test/test@EXAMPLE.COM".
nm_1        | 
datanode_3  |    2 10/21/19 19:05:39 scm/32d8c6fb71ff@EXAMPLE.COM
datanode_1  | 2019-10-21 19:05:39 (17.4 MB/s) - '/etc/security/keytabs/scm.keytab' saved [160/160]
jhs         | --2019-10-21 19:05:38--  http://kdc:8081/keytab/jhs/HTTP
s3g_1       |    2 10/21/19 19:05:41 HTTP/s3g@EXAMPLE.COM
om_1        | --2019-10-21 19:05:39--  http://kdc:8081/keytab/om/HTTP
scm_1       |    2 10/21/19 19:05:40 scm/scm@EXAMPLE.COM
datanode_2  | 2019-10-21 19:05:39 (18.8 MB/s) - '/etc/security/keytabs/scm.keytab' saved [160/160]
kms_1       | ---- ----------------- --------------------------------------------------------
rm_1        | KVNO Timestamp         Principal
kdc_1       | Authenticating as principal admin/admin with keytab /tmp/admin.keytab.
nm_1        |      0K                                                       100% 8.92M=0s
datanode_3  |    2 10/21/19 19:05:39 scm/32d8c6fb71ff@EXAMPLE.COM
datanode_1  | 
jhs         | Resolving kdc (kdc)... 172.18.0.5
s3g_1       |    2 10/21/19 19:05:41 HTTP/s3g@EXAMPLE.COM
om_1        | Resolving kdc (kdc)... 172.18.0.5
scm_1       | Download HTTP/scm@EXAMPLE.COM keytab file to /etc/security/keytabs/HTTP.keytab
kms_1       |    2 10/21/19 19:05:40 scm/d3bd87269e40@EXAMPLE.COM
rm_1        | ---- ----------------- --------------------------------------------------------
datanode_2  | 
kdc_1       | Entry for principal test/test@EXAMPLE.COM with kvno 6, encryption type aes256-cts-hmac-sha1-96 added to keytab WRFILE:/data/test.test.keytab.
nm_1        | 
datanode_3  | Download HTTP/32d8c6fb71ff@EXAMPLE.COM keytab file to /etc/security/keytabs/HTTP.keytab
datanode_1  | Keytab name: FILE:/etc/security/keytabs/scm.keytab
jhs         | Connecting to kdc (kdc)|172.18.0.5|:8081... connected.
s3g_1       | Download testuser/s3g@EXAMPLE.COM keytab file to /etc/security/keytabs/testuser.keytab
om_1        | Connecting to kdc (kdc)|172.18.0.5|:8081... connected.
scm_1       | --2019-10-21 19:05:40--  http://kdc:8081/keytab/scm/HTTP
kms_1       |    2 10/21/19 19:05:40 scm/d3bd87269e40@EXAMPLE.COM
rm_1        |    2 10/21/19 19:05:38 scm/rm@EXAMPLE.COM
datanode_2  | Keytab name: FILE:/etc/security/keytabs/scm.keytab
kdc_1       | Entry for principal test/test@EXAMPLE.COM with kvno 6, encryption type aes128-cts-hmac-sha1-96 added to keytab WRFILE:/data/test.test.keytab.
nm_1        | 2019-10-21 19:05:39 (8.92 MB/s) - '/etc/security/keytabs/scm.keytab' saved [140/140]
datanode_3  | --2019-10-21 19:05:39--  http://kdc:8081/keytab/32d8c6fb71ff/HTTP
jhs         | HTTP request sent, awaiting response... 200 OK
datanode_1  | KVNO Timestamp         Principal
s3g_1       | --2019-10-21 19:05:41--  http://kdc:8081/keytab/s3g/testuser
om_1        | HTTP request sent, awaiting response... 200 OK
scm_1       | Resolving kdc (kdc)... 172.18.0.5
rm_1        |    2 10/21/19 19:05:38 scm/rm@EXAMPLE.COM
datanode_2  | KVNO Timestamp         Principal
kdc_1       | Generiting keytab
nm_1        | 
kms_1       | Download HTTP/d3bd87269e40@EXAMPLE.COM keytab file to /etc/security/keytabs/HTTP.keytab
datanode_3  | Resolving kdc (kdc)... 172.18.0.5
jhs         | Length: 144 [application/octet-stream]
datanode_1  | ---- ----------------- --------------------------------------------------------
s3g_1       | Resolving kdc (kdc)... 172.18.0.5
om_1        | Length: 142 [application/octet-stream]
scm_1       | Connecting to kdc (kdc)|172.18.0.5|:8081... connected.
rm_1        | Download HTTP/rm@EXAMPLE.COM keytab file to /etc/security/keytabs/HTTP.keytab
datanode_2  | ---- ----------------- --------------------------------------------------------
kdc_1       | Authenticating as principal admin/admin with keytab /tmp/admin.keytab.
kms_1       | --2019-10-21 19:05:40--  http://kdc:8081/keytab/d3bd87269e40/HTTP
datanode_3  | Connecting to kdc (kdc)|172.18.0.5|:8081... connected.
nm_1        | Keytab name: FILE:/etc/security/keytabs/scm.keytab
jhs         | Saving to: '/etc/security/keytabs/HTTP.keytab'
datanode_1  |    2 10/21/19 19:05:39 scm/aaf5e7fb462a@EXAMPLE.COM
s3g_1       | Connecting to kdc (kdc)|172.18.0.5|:8081... connected.
om_1        | Saving to: '/etc/security/keytabs/HTTP.keytab'
scm_1       | HTTP request sent, awaiting response... 200 OK
rm_1        | --2019-10-21 19:05:38--  http://kdc:8081/keytab/rm/HTTP
datanode_2  |    2 10/21/19 19:05:39 scm/c41ea1d734fa@EXAMPLE.COM
kdc_1       | WARNING: no policy specified for dn/jhs@EXAMPLE.COM; defaulting to no policy
kms_1       | Resolving kdc (kdc)... 172.18.0.5
datanode_3  | HTTP request sent, awaiting response... 200 OK
jhs         | 
nm_1        | KVNO Timestamp         Principal
s3g_1       | HTTP request sent, awaiting response... 200 OK
datanode_1  |    2 10/21/19 19:05:39 scm/aaf5e7fb462a@EXAMPLE.COM
om_1        | 
scm_1       | Length: 144 [application/octet-stream]
rm_1        | Resolving kdc (kdc)... 172.18.0.5
datanode_2  |    2 10/21/19 19:05:39 scm/c41ea1d734fa@EXAMPLE.COM
kdc_1       | Principal "dn/jhs@EXAMPLE.COM" created.
kms_1       | Connecting to kdc (kdc)|172.18.0.5|:8081... connected.
datanode_3  | Length: 162 [application/octet-stream]
jhs         |      0K                                                       100% 12.1M=0s
nm_1        | ---- ----------------- --------------------------------------------------------
s3g_1       | Length: 152 [application/octet-stream]
datanode_1  | Download HTTP/aaf5e7fb462a@EXAMPLE.COM keytab file to /etc/security/keytabs/HTTP.keytab
om_1        |      0K                                                       100% 14.9M=0s
scm_1       | Saving to: '/etc/security/keytabs/HTTP.keytab'
rm_1        | Connecting to kdc (kdc)|172.18.0.5|:8081... connected.
datanode_2  | Download HTTP/c41ea1d734fa@EXAMPLE.COM keytab file to /etc/security/keytabs/HTTP.keytab
kdc_1       | Authenticating as principal admin/admin with keytab /tmp/admin.keytab.
kms_1       | HTTP request sent, awaiting response... 200 OK
datanode_3  | Saving to: '/etc/security/keytabs/HTTP.keytab'
jhs         | 
nm_1        |    2 10/21/19 19:05:39 scm/nm@EXAMPLE.COM
s3g_1       | Saving to: '/etc/security/keytabs/testuser.keytab'
datanode_1  | --2019-10-21 19:05:39--  http://kdc:8081/keytab/aaf5e7fb462a/HTTP
om_1        | 
scm_1       | 
rm_1        | HTTP request sent, awaiting response... 200 OK
datanode_2  | --2019-10-21 19:05:39--  http://kdc:8081/keytab/c41ea1d734fa/HTTP
kdc_1       | Entry for principal dn/jhs@EXAMPLE.COM with kvno 2, encryption type aes256-cts-hmac-sha1-96 added to keytab WRFILE:/data/dn.jhs.keytab.
kms_1       | Length: 162 [application/octet-stream]
jhs         | 2019-10-21 19:05:39 (12.1 MB/s) - '/etc/security/keytabs/HTTP.keytab' saved [144/144]
datanode_3  | 
nm_1        |    2 10/21/19 19:05:39 scm/nm@EXAMPLE.COM
s3g_1       | 
datanode_1  | Resolving kdc (kdc)... 172.18.0.5
om_1        | 2019-10-21 19:05:41 (14.9 MB/s) - '/etc/security/keytabs/HTTP.keytab' saved [142/142]
scm_1       |      0K                                                       100% 14.2M=0s
rm_1        | Length: 142 [application/octet-stream]
datanode_2  | Resolving kdc (kdc)... 172.18.0.5
kdc_1       | Entry for principal dn/jhs@EXAMPLE.COM with kvno 2, encryption type aes128-cts-hmac-sha1-96 added to keytab WRFILE:/data/dn.jhs.keytab.
kms_1       | Saving to: '/etc/security/keytabs/HTTP.keytab'
jhs         | 
datanode_3  |      0K                                                       100% 23.8M=0s
nm_1        | Download HTTP/nm@EXAMPLE.COM keytab file to /etc/security/keytabs/HTTP.keytab
s3g_1       |      0K                                                       100% 11.0M=0s
om_1        | 
datanode_1  | Connecting to kdc (kdc)|172.18.0.5|:8081... connected.
scm_1       | 
rm_1        | Saving to: '/etc/security/keytabs/HTTP.keytab'
datanode_2  | Connecting to kdc (kdc)|172.18.0.5|:8081... connected.
kdc_1       | Generiting keytab
kms_1       | 
jhs         | Keytab name: FILE:/etc/security/keytabs/HTTP.keytab
datanode_3  | 
nm_1        | --2019-10-21 19:05:39--  http://kdc:8081/keytab/nm/HTTP
s3g_1       | 
om_1        | Keytab name: FILE:/etc/security/keytabs/HTTP.keytab
datanode_1  | HTTP request sent, awaiting response... 200 OK
scm_1       | 2019-10-21 19:05:41 (14.2 MB/s) - '/etc/security/keytabs/HTTP.keytab' saved [144/144]
rm_1        | 
datanode_2  | HTTP request sent, awaiting response... 200 OK
kdc_1       | Authenticating as principal admin/admin with keytab /tmp/admin.keytab.
jhs         | KVNO Timestamp         Principal
kms_1       |      0K                                                       100% 15.2M=0s
datanode_3  | 2019-10-21 19:05:40 (23.8 MB/s) - '/etc/security/keytabs/HTTP.keytab' saved [162/162]
nm_1        | Resolving kdc (kdc)... 172.18.0.5
s3g_1       | 2019-10-21 19:05:42 (11.0 MB/s) - '/etc/security/keytabs/testuser.keytab' saved [152/152]
om_1        | KVNO Timestamp         Principal
datanode_1  | Length: 162 [application/octet-stream]
scm_1       | 
rm_1        |      0K                                                       100% 11.0M=0s
datanode_2  | Length: 162 [application/octet-stream]
jhs         | ---- ----------------- --------------------------------------------------------
kdc_1       | WARNING: no policy specified for dn/rm@EXAMPLE.COM; defaulting to no policy
kms_1       | 
datanode_3  | 
nm_1        | Connecting to kdc (kdc)|172.18.0.5|:8081... connected.
om_1        | ---- ----------------- --------------------------------------------------------
datanode_1  | Saving to: '/etc/security/keytabs/HTTP.keytab'
s3g_1       | 
scm_1       | Keytab name: FILE:/etc/security/keytabs/HTTP.keytab
rm_1        | 
datanode_2  | Saving to: '/etc/security/keytabs/HTTP.keytab'
jhs         |    2 10/21/19 19:05:39 HTTP/jhs@EXAMPLE.COM
kdc_1       | Principal "dn/rm@EXAMPLE.COM" created.
datanode_3  | Keytab name: FILE:/etc/security/keytabs/HTTP.keytab
kms_1       | 2019-10-21 19:05:41 (15.2 MB/s) - '/etc/security/keytabs/HTTP.keytab' saved [162/162]
om_1        |    2 10/21/19 19:05:41 HTTP/om@EXAMPLE.COM
datanode_1  | 
nm_1        | HTTP request sent, awaiting response... 200 OK
s3g_1       | Keytab name: FILE:/etc/security/keytabs/testuser.keytab
scm_1       | KVNO Timestamp         Principal
rm_1        | 2019-10-21 19:05:40 (11.0 MB/s) - '/etc/security/keytabs/HTTP.keytab' saved [142/142]
datanode_2  | 
jhs         |    2 10/21/19 19:05:39 HTTP/jhs@EXAMPLE.COM
kdc_1       | Authenticating as principal admin/admin with keytab /tmp/admin.keytab.
datanode_3  | KVNO Timestamp         Principal
kms_1       | 
om_1        |    2 10/21/19 19:05:41 HTTP/om@EXAMPLE.COM
nm_1        | Length: 142 [application/octet-stream]
s3g_1       | KVNO Timestamp         Principal
datanode_1  |      0K                                                       100% 13.2M=0s
scm_1       | ---- ----------------- --------------------------------------------------------
rm_1        | 
datanode_2  |      0K                                                       100% 15.5M=0s
kdc_1       | Oct 21 19:05:35 kdc kadmind[15](Notice): Request: kadm5_init, admin/admin@EXAMPLE.COM, success, client=admin/admin@EXAMPLE.COM, service=kadmin/admin@EXAMPLE.COM, addr=127.0.0.1, vers=4, flavor=6
jhs         | Download testuser/jhs@EXAMPLE.COM keytab file to /etc/security/keytabs/testuser.keytab
datanode_3  | ---- ----------------- --------------------------------------------------------
kms_1       | Keytab name: FILE:/etc/security/keytabs/HTTP.keytab
om_1        | Download testuser/om@EXAMPLE.COM keytab file to /etc/security/keytabs/testuser.keytab
nm_1        | Saving to: '/etc/security/keytabs/HTTP.keytab'
s3g_1       | ---- ----------------- --------------------------------------------------------
datanode_1  | 
scm_1       |    2 10/21/19 19:05:41 HTTP/scm@EXAMPLE.COM
rm_1        | Keytab name: FILE:/etc/security/keytabs/HTTP.keytab
datanode_2  | 
jhs         | --2019-10-21 19:05:39--  http://kdc:8081/keytab/jhs/testuser
kdc_1       | Oct 21 19:05:35 kdc kadmind[15](Notice): Request: kadm5_get_policy, default, Policy does not exist, client=admin/admin@EXAMPLE.COM, service=kadmin/admin@EXAMPLE.COM, addr=127.0.0.1
datanode_3  |    2 10/21/19 19:05:40 HTTP/32d8c6fb71ff@EXAMPLE.COM
kms_1       | KVNO Timestamp         Principal
om_1        | --2019-10-21 19:05:41--  http://kdc:8081/keytab/om/testuser
nm_1        | 
s3g_1       |    2 10/21/19 19:05:42 testuser/s3g@EXAMPLE.COM
datanode_1  | 2019-10-21 19:05:41 (13.2 MB/s) - '/etc/security/keytabs/HTTP.keytab' saved [162/162]
scm_1       |    2 10/21/19 19:05:41 HTTP/scm@EXAMPLE.COM
rm_1        | KVNO Timestamp         Principal
datanode_2  | 2019-10-21 19:05:40 (15.5 MB/s) - '/etc/security/keytabs/HTTP.keytab' saved [162/162]
jhs         | Resolving kdc (kdc)... 172.18.0.5
kdc_1       | Oct 21 19:05:35 kdc kadmind[15](Notice): Request: kadm5_create_principal, test/test@EXAMPLE.COM, success, client=admin/admin@EXAMPLE.COM, service=kadmin/admin@EXAMPLE.COM, addr=127.0.0.1
datanode_3  |    2 10/21/19 19:05:40 HTTP/32d8c6fb71ff@EXAMPLE.COM
kms_1       | ---- ----------------- --------------------------------------------------------
om_1        | Resolving kdc (kdc)... 172.18.0.5
nm_1        |      0K                                                       100% 8.86M=0s
