om_1        | 2019-10-13 19:56:36,349 INFO client.OMCertificateClient: Loading certificate from location:/data/metadata/om/certs.
datanode_2  | 2019-10-13 19:56:34,072 INFO util.JvmPauseMonitor: Starting JVM pause monitor
kms_1       | 	at com.sun.xml.bind.v2.runtime.JAXBContextImpl.<init>(JAXBContextImpl.java:319)
datanode_1  | 2019-10-13 19:56:41,208 INFO server.RaftServerConfigKeys: raft.server.log.segment.cache.num.max = 2 (custom)
scm_1       | 2019-10-13 19:56:29,282 INFO ipc.CallQueueManager: Using callQueue: class java.util.concurrent.LinkedBlockingQueue, queueCapacity: 1000, scheduler: class org.apache.hadoop.ipc.DefaultRpcScheduler, ipcBackoff: false.
kdc_1       | Oct 13 19:56:05 kdc krb5kdc[9](info): AS_REQ (8 etypes {18 17 20 19 16 23 25 26}) 127.0.0.1: ISSUE: authtime 1570996565, etypes {rep=18 tkt=18 ses=18}, admin/admin@EXAMPLE.COM for kadmin/admin@EXAMPLE.COM
datanode_3  | 2019-10-13 19:56:38,267 [Datanode State Machine Thread - 0] INFO       - Background container scanner has been disabled.
nm_1        | 2019-10-13 19:56:29 INFO  ContainerManagerImpl:394 - Not a recoverable state store. Nothing to recover.
jhs         | 2019-10-13 19:56:26 INFO  Server:1314 - IPC Server Responder: starting
rm_1        | 2019-10-13 19:56:27 INFO  AsyncDispatcher:223 - Registering class org.apache.hadoop.yarn.server.resourcemanager.rmnode.RMNodeEventType for class org.apache.hadoop.yarn.server.resourcemanager.ResourceManager$NodeEventDispatcher
om_1        | 2019-10-13 19:56:37,018 INFO client.OMCertificateClient: Added certificate from file:/data/metadata/om/certs/CA-1.crt.
datanode_2  | 2019-10-13 19:56:37,095 [Datanode State Machine Thread - 0] INFO       - Attempting to start container services.
kms_1       | 	at com.sun.xml.bind.v2.runtime.JAXBContextImpl$JAXBContextBuilder.build(JAXBContextImpl.java:1170)
scm_1       | 2019-10-13 19:56:29,285 INFO ipc.Server: Starting Socket Reader #1 for port 9860
datanode_1  | 2019-10-13 19:56:41,214 INFO segmented.SegmentedRaftLogWorker: new 58053822-cbe8-4a56-a8e0-68476732b4d7@group-DD38D24F0B0D-SegmentedRaftLogWorker for RaftStorage:Storage Directory /data/metadata/ratis/0b747dc6-6f5c-4baf-8160-dd38d24f0b0d
kdc_1       | Oct 13 19:56:05 kdc krb5kdc[9](info): AS_REQ (8 etypes {18 17 20 19 16 23 25 26}) 127.0.0.1: SERVER_NOT_FOUND: admin/admin@EXAMPLE.COM for kadmin/localhost@EXAMPLE.COM, Server 04 kdc kadmind[15](info): closing down fd 18
datanode_3  | 2019-10-13 19:56:38,267 [Datanode State Machine Thread - 0] INFO       - Starting XceiverServerRatis 4e3df0ec-99d2-4c91-b63b-6bcd22c72abf at port 9858
nm_1        | 2019-10-13 19:56:29 INFO  Configuration:2752 - resource-types.xml not found
jhs         | 2019-10-13 19:56:26 INFO  Server:1153 - IPC Server listener on 10200: starting
rm_1        | 2019-10-13 19:56:28 INFO  MetricsConfig:118 - Loaded properties from hadoop-metrics2.properties
om_1        | 2019-10-13 19:56:37,021 INFO client.OMCertificateClient: Added certificate from file:/data/metadata/om/certs/10518756557588634.crt.
datanode_2  | 2019-10-13 19:56:37,098 [Datanode State Machine Thread - 0] INFO       - Background container scanner has been disabled.
kms_1       | 	at com.sun.xml.bind.v2.ContextFactory.createContext(ContextFactory.java:145)
scm_1       | 2019-10-13 19:56:29,343 INFO hdfs.DFSUtil: Starting web server as: HTTP/scm@EXAMPLE.COM
datanode_1  | 2019-10-13 19:56:41,214 INFO server.RaftServerConfigKeys: raft.server.log.queue.byte-limit = 2147483647 (custom)
kdc_1       | Oct 13 19:56:04 kdc kadmind[15](Notice): Request: kadm5_init, admin/admin@EXAMPLE.COM, success, client=admin/admin@EXAMPLE.COM, service=kadmin/admin@EXAMPLE.COM, addr=127.0.0.1, vers=4, flavor=6
datanode_3  | 2019-10-13 19:56:38,285 INFO impl.RaftServerProxy: 4e3df0ec-99d2-4c91-b63b-6bcd22c72abf: start RPC server
nm_1        | 2019-10-13 19:56:29 INFO  ResourceUtils:419 - Unable to find 'resource-types.xml'.
jhs         | 2019-10-13 19:56:26 INFO  ApplicationHistoryClientService:111 - Instantiated ApplicationHistoryClientService at jhs/172.18.0.6:10200
rm_1        | 2019-10-13 19:56:28 INFO  MetricsSystemImpl:374 - Scheduled Metric snapshot period at 10 second(s).
om_1        | 2019-10-13 19:56:37,040 WARN server.ServerUtils: ozone.om.db.dirs is not configured. We recommend adding this setting. Falling back to ozone.metadata.dirs instead.
datanode_2  | 2019-10-13 19:56:37,098 [Datanode State Machine Thread - 0] INFO       - Starting XceiverServerRatis b956a439-c3a1-4b19-a5fc-c7ee0f29d0d2 at port 9858
kms_1       | 	at sun.reflect.NativeMethodAccessorImpl.invoke0(Native Method)
scm_1       | 2019-10-13 19:56:29,343 INFO hdfs.DFSUtil: Starting Web-server for scm at: http://0.0.0.0:9876
datanode_1  | 2019-10-13 19:56:41,215 INFO server.RaftServerConfigKeys: raft.server.log.queue.element-limit = 1024 (custom)
kdc_1       | Oct 13 19:56:04 kdc kadmind[15](Notice): Request: kadm5_randkey_principal, dn/21068a067056@EXAMPLE.COM, success, client=admin/admin@EXAMPLE.COM, service=kadmin/admin@EXAMPLE.COM, addr=127.0.0.1
datanode_3  | 2019-10-13 19:56:38,665 INFO server.GrpcService: 4e3df0ec-99d2-4c91-b63b-6bcd22c72abf: GrpcService started, listening on 0.0.0.0/0.0.0.0:9858
nm_1        | 2019-10-13 19:56:29 INFO  Configuration:2752 - node-resources.xml not found
jhs         | 2019-10-13 19:56:26 INFO  JvmPauseMonitor:188 - Starting JVM pause monitor
rm_1        | 2019-10-13 19:56:28 INFO  MetricsSystemImpl:191 - ResourceManager metrics system started
om_1        | 2019-10-13 19:56:37,062 INFO util.log: Logging initialized @3510ms
datanode_2  | 2019-10-13 19:56:37,123 INFO impl.RaftServerProxy: b956a439-c3a1-4b19-a5fc-c7ee0f29d0d2: start RPC server
kms_1       | 	at sun.reflect.NativeMethodAccessorImpl.invoke(NativeMethodAccessorImpl.java:62)
scm_1       | 2019-10-13 19:56:29,516 INFO server.AuthenticationFilter: Unable to initialize FileSignerSecretProvider, falling back to use random secrets.
datanode_1  | 2019-10-13 19:56:41,216 INFO server.RaftServerConfigKeys: raft.server.log.segment.size.max = 1048576 (custom)
nm_1        | 2019-10-13 19:56:29 INFO  ResourceUtils:419 - Unable to find 'node-resources.xml'.
jhs         | 2019-10-13 19:56:26 INFO  TimelineServerUtils:66 - Filter initializers set for timeline service: org.apache.hadoop.http.lib.StaticUserWebFilter,org.apache.hadoop.yarn.server.timeline.security.TimelineAuthenticationFilterInitializer
kdc_1       | Oct 13 19:56:04 kdc kadmind[15](Notice): Request: kadm5_get_principal, dn/21068a067056@EXAMPLE.COM, success, client=admin/admin@EXAMPLE.COM, service=kadmin/admin@EXAMPLE.COM, addr=127.0.0.1
datanode_3  | 2019-10-13 19:56:41,554 INFO impl.RaftServerProxy: 4e3df0ec-99d2-4c91-b63b-6bcd22c72abf: addNew group-22833A02045B:[4e3df0ec-99d2-4c91-b63b-6bcd22c72abf:172.18.0.8:9858] returns group-22833A02045B:java.util.concurrent.CompletableFuture@767723d5[Not completed]
rm_1        | 2019-10-13 19:56:28 INFO  YarnAuthorizationProvider:58 - org.apache.hadoop.yarn.security.ConfiguredYarnAuthorizer is instantiated.
om_1        | 2019-10-13 19:56:37,177 INFO db.DBStoreBuilder: using custom profile for table: userTable
datanode_2  | 2019-10-13 19:56:37,281 INFO server.GrpcService: b956a439-c3a1-4b19-a5fc-c7ee0f29d0d2: GrpcService started, listening on 0.0.0.0/0.0.0.0:9858
kms_1       | 	at sun.reflect.DelegatingMethodAccessorImpl.invoke(DelegatingMethodAccessorImpl.java:43)
scm_1       | 2019-10-13 19:56:29,537 INFO http.HttpRequestLog: Http request log for http.requests.scm is not defined
nm_1        | 2019-10-13 19:56:29 INFO  NodeStatusUpdaterImpl:199 - Nodemanager resources is set to: <memory:8192, vCores:8>
datanode_1  | 2019-10-13 19:56:41,216 INFO server.RaftServerConfigKeys: raft.server.log.preallocated.size = 16384 (custom)
jhs         | 2019-10-13 19:56:27 INFO  log:192 - Logging initialized @2419ms
kdc_1       | Oct 13 19:56:04 kdc kadmind[15](info): closing down fd 18
rm_1        | 2019-10-13 19:56:28 INFO  AsyncDispatcher:223 - Registering class org.apache.hadoop.yarn.server.resourcemanager.RMAppManagerEventType for class org.apache.hadoop.yarn.server.resourcemanager.RMAppManager
om_1        | 2019-10-13 19:56:37,177 INFO db.DBStoreBuilder: Using default column profile:DBProfile.DISK for Table:userTable
kms_1       | 	at java.lang.reflect.Method.invoke(Method.java:498)
datanode_3  | 2019-10-13 19:56:41,569 INFO impl.RaftServerImpl: 4e3df0ec-99d2-4c91-b63b-6bcd22c72abf: new RaftServerImpl for group-22833A02045B:[4e3df0ec-99d2-4c91-b63b-6bcd22c72abf:172.18.0.8:9858] with ContainerStateMachine:uninitialized
scm_1       | 2019-10-13 19:56:29,545 INFO http.HttpServer2: Added global filter 'safety' (class=org.apache.hadoop.http.HttpServer2$QuotingInputFilter)
datanode_2  | 2019-10-13 19:56:39,221 INFO impl.RaftServerProxy: b956a439-c3a1-4b19-a5fc-c7ee0f29d0d2: addNew group-3D194034E62B:[b956a439-c3a1-4b19-a5fc-c7ee0f29d0d2:172.18.0.5:9858] returns group-3D194034E62B:java.util.concurrent.CompletableFuture@32b6decd[Not completed]
nm_1        | 2019-10-13 19:56:29 INFO  NodeStatusUpdaterImpl:247 - Initialized nodemanager with : physical-memory=8192 virtual-memory=17204 virtual-cores=8
datanode_1  | 2019-10-13 19:56:41,216 INFO server.RaftServerConfigKeys: raft.server.log.write.buffer.size = 33554432 (custom)
jhs         | 2019-10-13 19:56:27 INFO  AuthenticationFilter:240 - Unable to initialize FileSignerSecretProvider, falling back to use random secrets.
kdc_1       | Oct 13 19:56:04 kdc kadmind[15](Notice): Request: kadm5_init, admin/admin@EXAMPLE.COM, success, client=admin/admin@EXAMPLE.COM, service=kadmin/admin@EXAMPLE.COM, addr=127.0.0.1, vers=4, flavor=6
rm_1        | 2019-10-13 19:56:28 INFO  AsyncDispatcher:223 - Registering class org.apache.hadoop.yarn.server.resourcemanager.amlauncher.AMLauncherEventType for class org.apache.hadoop.yarn.server.resourcemanager.amlauncher.ApplicationMasterLauncher
om_1        | 2019-10-13 19:56:37,178 INFO db.DBStoreBuilder: using custom profile for table: volumeTable
kms_1       | 	at javax.xml.bind.ContextFinder.newInstance(ContextFinder.java:247)
datanode_3  | 2019-10-13 19:56:41,570 INFO server.RaftServerConfigKeys: raft.server.rpc.timeout.min = 5s (custom)
scm_1       | 2019-10-13 19:56:29,550 INFO http.HttpServer2: Added filter static_user_filter (class=org.apache.hadoop.http.lib.StaticUserWebFilter$StaticUserFilter) to context scm
nm_1        | 2019-10-13 19:56:29 INFO  CallQueueManager:84 - Using callQueue: class java.util.concurrent.LinkedBlockingQueue, queueCapacity: 2000, scheduler: class org.apache.hadoop.ipc.DefaultRpcScheduler, ipcBackoff: false.
datanode_1  | 2019-10-13 19:56:41,217 INFO server.RaftServerConfigKeys: raft.server.log.force.sync.num = 128 (default)
datanode_2  | 2019-10-13 19:56:39,240 INFO impl.RaftServerImpl: b956a439-c3a1-4b19-a5fc-c7ee0f29d0d2: new RaftServerImpl for group-3D194034E62B:[b956a439-c3a1-4b19-a5fc-c7ee0f29d0d2:172.18.0.5:9858] with ContainerStateMachine:uninitialized
jhs         | 2019-10-13 19:56:27 INFO  HttpRequestLog:81 - Http request log for http.requests.applicationhistory is not defined
kdc_1       | Oct 13 19:56:04 kdc kadmind[15](Notice): Request: kadm5_get_policy, default, Policy does not exist, client=admin/admin@EXAMPLE.COM, service=kadmin/admin@EXAMPLE.COM, addr=127.0.0.1
rm_1        | 2019-10-13 19:56:28 INFO  RMNMInfo:63 - Registered RMNMInfo MBean
kms_1       | 	at javax.xml.bind.ContextFinder.newInstance(ContextFinder.java:234)
om_1        | 2019-10-13 19:56:37,178 INFO db.DBStoreBuilder: Using default column profile:DBProfile.DISK for Table:volumeTable
datanode_3  | 2019-10-13 19:56:41,570 INFO server.RaftServerConfigKeys: raft.server.rpc.timeout.max = 5200ms (custom)
nm_1        | 2019-10-13 19:56:29 INFO  Server:1074 - Starting Socket Reader #1 for port 42299
datanode_1  | 2019-10-13 19:56:41,218 INFO server.RaftServerConfigKeys: raft.server.log.statemachine.data.sync = true (default)
datanode_2  | 2019-10-13 19:56:39,242 INFO server.RaftServerConfigKeys: raft.server.rpc.timeout.min = 5s (custom)
scm_1       | 2019-10-13 19:56:29,550 INFO http.HttpServer2: Added filter static_user_filter (class=org.apache.hadoop.http.lib.StaticUserWebFilter$StaticUserFilter) to context logs
jhs         | 2019-10-13 19:56:27 INFO  HttpServer2:975 - Added global filter 'safety' (class=org.apache.hadoop.http.HttpServer2$QuotingInputFilter)
kdc_1       | Oct 13 19:56:04 kdc kadmind[15](Notice): Request: kadm5_create_principal, om/om@EXAMPLE.COM, success, client=admin/admin@EXAMPLE.COM, service=kadmin/admin@EXAMPLE.COM, addr=127.0.0.1
rm_1        | 2019-10-13 19:56:28 INFO  RMAppLifetimeMonitor:66 - Application lifelime monitor interval set to 3000 ms.
kms_1       | 	at javax.xml.bind.ContextFinder.find(ContextFinder.java:441)
om_1        | 2019-10-13 19:56:37,178 INFO db.DBStoreBuilder: using custom profile for table: bucketTable
datanode_3  | 2019-10-13 19:56:41,570 INFO server.RaftServerConfigKeys: raft.server.rpcslowness.timeout = 120s (custom)
datanode_1  | 2019-10-13 19:56:41,218 INFO server.RaftServerConfigKeys: raft.server.log.statemachine.data.sync.timeout = 10s (default)
nm_1        | 2019-10-13 19:56:29 INFO  RpcServerFactoryPBImpl:173 - Adding protocol org.apache.hadoop.yarn.api.ContainerManagementProtocolPB to the server
datanode_2  | 2019-10-13 19:56:39,243 INFO server.RaftServerConfigKeys: raft.server.rpc.timeout.max = 5200ms (custom)
jhs         | 2019-10-13 19:56:27 INFO  HttpServer2:948 - Added filter static_user_filter (class=org.apache.hadoop.http.lib.StaticUserWebFilter$StaticUserFilter) to context applicationhistory
scm_1       | 2019-10-13 19:56:29,551 INFO http.HttpServer2: Added filter static_user_filter (class=org.apache.hadoop.http.lib.StaticUserWebFilter$StaticUserFilter) to context static
rm_1        | 2019-10-13 19:56:28 INFO  MultiNodeSortingManager:59 - Initializing NodeSortingService=MultiNodeSortingManager
om_1        | 2019-10-13 19:56:37,178 INFO db.DBStoreBuilder: Using default column profile:DBProfile.DISK for Table:bucketTable
kms_1       | 	at javax.xml.bind.JAXBContext.newInstance(JAXBContext.java:641)
kdc_1       | Oct 13 19:56:04 kdc kadmind[15](info): closing down fd 18
datanode_3  | 2019-10-13 19:56:41,571 INFO server.RaftServerConfigKeys: raft.server.sleep.deviation.threshold = 300 (default)
datanode_1  | 2019-10-13 19:56:41,218 INFO server.RaftServerConfigKeys: raft.server.log.statemachine.data.sync.timeout.retry = -1 (default)
datanode_2  | 2019-10-13 19:56:39,243 INFO server.RaftServerConfigKeys: raft.server.rpcslowness.timeout = 120s (custom)
jhs         | 2019-10-13 19:56:27 INFO  HttpServer2:958 - Added filter static_user_filter (class=org.apache.hadoop.http.lib.StaticUserWebFilter$StaticUserFilter) to context logs
scm_1       | 2019-10-13 19:56:29,587 INFO server.StorageContainerManager: StorageContainerLocationProtocol RPC server is listening at /0.0.0.0:9860
rm_1        | 2019-10-13 19:56:28 INFO  HostsFileReader:211 - Refreshing hosts (include/exclude) list
om_1        | 2019-10-13 19:56:37,178 INFO db.DBStoreBuilder: using custom profile for table: keyTable
kms_1       | 	at javax.xml.bind.JAXBContext.newInstance(JAXBContext.java:584)
datanode_3  | 2019-10-13 19:56:41,571 INFO server.RaftServerConfigKeys: raft.server.log.appender.install.snapshot.enabled = false (custom)
kdc_1       | Oct 13 19:56:04 kdc kadmind[15](Notice): Request: kadm5_init, admin/admin@EXAMPLE.COM, success, client=admin/admin@EXAMPLE.COM, service=kadmin/admin@EXAMPLE.COM, addr=127.0.0.1, vers=4, flavor=6
nm_1        | 2019-10-13 19:56:29 INFO  Server:1314 - IPC Server Responder: starting
datanode_1  | 2019-10-13 19:56:41,228 INFO server.RaftServerConfigKeys: raft.server.log.statemachine.data.caching.enabled = true (custom)
datanode_2  | 2019-10-13 19:56:39,243 INFO server.RaftServerConfigKeys: raft.server.sleep.deviation.threshold = 300 (default)
jhs         | 2019-10-13 19:56:27 INFO  HttpServer2:958 - Added filter static_user_filter (class=org.apache.hadoop.http.lib.StaticUserWebFilter$StaticUserFilter) to context static
scm_1       | 2019-10-13 19:56:29,696 INFO impl.MetricsConfig: Loaded properties from hadoop-metrics2.properties
rm_1        | 2019-10-13 19:56:28 INFO  Configuration:2755 - found resource capacity-scheduler.xml at file:/opt/hadoop/etc/hadoop/capacity-scheduler.xml
om_1        | 2019-10-13 19:56:37,178 INFO db.DBStoreBuilder: Using default column profile:DBProfile.DISK for Table:keyTable
kms_1       | 	at com.sun.jersey.server.wadl.generators.WadlGeneratorJAXBGrammarGenerator.buildModelAndSchemas(WadlGeneratorJAXBGrammarGenerator.java:169)
datanode_3  | 2019-10-13 19:56:41,577 INFO impl.RaftServerImpl: 4e3df0ec-99d2-4c91-b63b-6bcd22c72abf@group-22833A02045B: ConfigurationManager, init=-1: [4e3df0ec-99d2-4c91-b63b-6bcd22c72abf:172.18.0.8:9858], old=null, confs=<EMPTY_MAP>
kdc_1       | Oct 13 19:56:04 kdc kadmind[15](Notice): Request: kadm5_randkey_principal, om/om@EXAMPLE.COM, success, client=admin/admin@EXAMPLE.COM, service=kadmin/admin@EXAMPLE.COM, addr=127.0.0.1
nm_1        | 2019-10-13 19:56:29 INFO  Server:1153 - IPC Server listener on 42299: starting
datanode_1  | 2019-10-13 19:56:41,232 INFO segmented.SegmentedRaftLogWorker: 58053822-cbe8-4a56-a8e0-68476732b4d7@group-DD38D24F0B0D-SegmentedRaftLogWorker: flushIndex: setUnconditionally 0 -> -1
datanode_2  | 2019-10-13 19:56:39,244 INFO server.RaftServerConfigKeys: raft.server.log.appender.install.snapshot.enabled = false (custom)
jhs         | 2019-10-13 19:56:27 INFO  HttpServer2:975 - Added global filter 'Timeline Authentication Filter' (class=org.apache.hadoop.yarn.server.timeline.security.TimelineAuthenticationFilter)
scm_1       | 2019-10-13 19:56:29,795 INFO impl.MetricsSystemImpl: Scheduled Metric snapshot period at 10 second(s).
rm_1        | 2019-10-13 19:56:28 INFO  AbstractYarnScheduler:1390 - Minimum allocation = <memory:1024, vCores:1>
om_1        | 2019-10-13 19:56:37,178 INFO db.DBStoreBuilder: using custom profile for table: deletedTable
kms_1       | 	at com.sun.jersey.server.wadl.generators.AbstractWadlGeneratorGrammarGenerator.createExternalGrammar(AbstractWadlGeneratorGrammarGenerator.java:405)
datanode_3  | 2019-10-13 19:56:41,577 INFO server.RaftServerConfigKeys: raft.server.storage.dir = [/data/metadata/ratis] (custom)
kdc_1       | Oct 13 19:56:04 kdc kadmind[15](Notice): Request: kadm5_get_principal, om/om@EXAMPLE.COM, success, client=admin/admin@EXAMPLE.COM, service=kadmin/admin@EXAMPLE.COM, addr=127.0.0.1
nm_1        | 2019-10-13 19:56:29 INFO  NMContainerTokenSecretManager:265 - Updating node address : nm:42299
datanode_1  | 2019-10-13 19:56:41,236 INFO server.RaftServerConfigKeys: raft.server.snapshot.auto.trigger.enabled = true (custom)
datanode_2  | 2019-10-13 19:56:39,252 INFO impl.RaftServerImpl: b956a439-c3a1-4b19-a5fc-c7ee0f29d0d2@group-3D194034E62B: ConfigurationManager, init=-1: [b956a439-c3a1-4b19-a5fc-c7ee0f29d0d2:172.18.0.5:9858], old=null, confs=<EMPTY_MAP>
jhs         | 2019-10-13 19:56:27 INFO  HttpServer2:613 - adding path spec: /applicationhistory/*
scm_1       | 2019-10-13 19:56:29,796 INFO impl.MetricsSystemImpl: StorageContainerManager metrics system started
rm_1        | 2019-10-13 19:56:28 INFO  AbstractYarnScheduler:1402 - Maximum allocation = <memory:8192, vCores:4>
om_1        | 2019-10-13 19:56:37,178 INFO db.DBStoreBuilder: Using default column profile:DBProfile.DISK for Table:deletedTable
kms_1       | 	at com.sun.jersey.server.wadl.WadlBuilder.generate(WadlBuilder.java:149)
datanode_3  | 2019-10-13 19:56:41,581 INFO server.RaftServerConfigKeys: raft.server.log.corruption.policy = EXCEPTION (default)
kdc_1       | Oct 13 19:56:04 kdc kadmind[15](info): closing down fd 18
nm_1        | 2019-10-13 19:56:29 INFO  CallQueueManager:84 - Using callQueue: class java.util.concurrent.LinkedBlockingQueue, queueCapacity: 500, scheduler: class org.apache.hadoop.ipc.DefaultRpcScheduler, ipcBackoff: false.
datanode_1  | 2019-10-13 19:56:41,236 INFO server.RaftServerConfigKeys: raft.server.snapshot.auto.trigger.threshold = 10000 (custom)
datanode_2  | 2019-10-13 19:56:39,253 INFO server.RaftServerConfigKeys: raft.server.storage.dir = [/data/metadata/ratis] (custom)
jhs         | 2019-10-13 19:56:27 INFO  HttpServer2:613 - adding path spec: /ws/*
scm_1       | 2019-10-13 19:56:30,057 INFO server.SCMClientProtocolServer: RPC server for Client  is listening at /0.0.0.0:9860
rm_1        | 2019-10-13 19:56:28 INFO  CapacitySchedulerConfiguration:894 - max alloc mb per queue for root is undefined
om_1        | 2019-10-13 19:56:37,178 INFO db.DBStoreBuilder: using custom profile for table: openKeyTable
kms_1       | 	at com.sun.jersey.server.impl.wadl.WadlApplicationContextImpl.getApplication(WadlApplicationContextImpl.java:119)
datanode_3  | 2019-10-13 19:56:41,582 INFO storage.RaftStorageDirectory: The storage directory /data/metadata/ratis/9a80f123-6c2e-40d9-b350-22833a02045b does not exist. Creating ...
kdc_1       | Oct 13 19:56:05 kdc kadmind[15](Notice): Request: kadm5_init, admin/admin@EXAMPLE.COM, success, client=admin/admin@EXAMPLE.COM, servnot found in Kerberos database
datanode_1  | 2019-10-13 19:56:41,237 INFO server.RaftServerConfigKeys: raft.server.snapshot.retention.file.num = 5 (custom)
nm_1        | 2019-10-13 19:56:29 INFO  Server:1074 - Starting Socket Reader #1 for port 8040
datanode_2  | 2019-10-13 19:56:39,258 INFO server.RaftServerConfigKeys: raft.server.log.corruption.policy = EXCEPTION (default)
scm_1       | 2019-10-13 19:56:30,058 INFO ipc.Server: IPC Server Responder: starting
jhs         | 2019-10-13 19:56:27 INFO  WebApps:395 - Registered webapp guice modules
rm_1        | 2019-10-13 19:56:28 INFO  CapacitySchedulerConfiguration:898 - max alloc vcore per queue for root is undefined
om_1        | 2019-10-13 19:56:37,179 INFO db.DBStoreBuilder: Using default column profile:DBProfile.DISK for Table:openKeyTable
datanode_3  | 2019-10-13 19:56:41,629 INFO storage.RaftStorageDirectory: Lock on /data/metadata/ratis/9a80f123-6c2e-40d9-b350-22833a02045b/in_use.lock acquired by nodename 7@945c444f292d
kdc_1       | Oct 13 19:56:05 kdc krb5kdc[9](info): AS_REQ (8 etypes {18 17 20 19 16 23 25 26}) 127.0.0.1: ISSUE: authtime 1570996565, etypes {rep=18 tkt=18 ses=18}, admin/admin@EXAMPLE.COM for kadmin/admin@EXAMPLE.COM
kms_1       | 	at com.sun.jersey.server.impl.wadl.WadlApplicationContextImpl.getApplication(WadlApplicationContextImpl.java:138)
datanode_1  | 2019-10-13 19:56:41,237 INFO server.RaftServerConfigKeys: raft.server.retrycache.expirytime = 600000ms (custom)
datanode_2  | 2019-10-13 19:56:39,259 INFO storage.RaftStorageDirectory: The storage directory /data/metadata/ratis/c345eae5-086d-4b2b-80cd-3d194034e62b does not exist. Creating ...
scm_1       | 2019-10-13 19:56:30,059 INFO ipc.Server: IPC Server listener on 9860: starting
nm_1        | 2019-10-13 19:56:29 INFO  RpcServerFactoryPBImpl:173 - Adding protocol org.apache.hadoop.yarn.server.nodemanager.api.LocalizationProtocolPB to the server
jhs         | 2019-10-13 19:56:27 INFO  HttpServer2:1191 - Jetty bound to port 8188
rm_1        | 2019-10-13 19:56:28 INFO  ParentQueue:151 - root, capacity=1.0, absoluteCapacity=1.0, maxCapacity=1.0, absoluteMaxCapacity=1.0, state=RUNNING, acls=ADMINISTER_QUEUE:*SUBMIT_APP:*, labels=*,
om_1        | 2019-10-13 19:56:37,179 INFO db.DBStoreBuilder: using custom profile for table: s3Table
datanode_3  | 2019-10-13 19:56:41,656 INFO storage.RaftStorage: Storage directory /data/metadata/ratis/9a80f123-6c2e-40d9-b350-22833a02045b has been successfully formatted.
kms_1       | 	at com.sun.jersey.server.impl.wadl.WadlMethodFactory$WadlOptionsMethodDispatcher.dispatch(WadlMethodFactory.java:110)
kdc_1       | ice=kadmin/admin@EXAMPLE.COM, addr=127.0.0.1, vers=4, flavor=6
datanode_1  | 2019-10-13 19:56:41,263 INFO impl.RaftServerImpl: 58053822-cbe8-4a56-a8e0-68476732b4d7@group-DD38D24F0B0D: start as a follower, conf=-1: [58053822-cbe8-4a56-a8e0-68476732b4d7:172.18.0.12:9858], old=null
datanode_2  | 2019-10-13 19:56:39,629 INFO storage.RaftStorageDirectory: Lock on /data/metadata/ratis/c345eae5-086d-4b2b-80cd-3d194034e62b/in_use.lock acquired by nodename 7@21068a067056
scm_1       | 2019-10-13 19:56:30,061 INFO server.StorageContainerManager: ScmBlockLocationProtocol RPC server is listening at /0.0.0.0:9863
nm_1        | 2019-10-13 19:56:29 INFO  Server:1314 - IPC Server Responder: starting
rm_1        | , reservationsContinueLooking=true, orderingPolicy=utilization, priority=0
jhs         | 2019-10-13 19:56:27 INFO  Server:351 - jetty-9.3.24.v20180605, build timestamp: 2018-06-05T17:11:56Z, git hash: 84205aa28f11a4f31f2a3b86d1bba2cc8ab69827
om_1        | 2019-10-13 19:56:37,179 INFO db.DBStoreBuilder: Using default column profile:DBProfile.DISK for Table:s3Table
datanode_3  | 2019-10-13 19:56:41,659 [pool-9-thread-1] INFO       - group-22833A02045B: The snapshot info is null. Setting the last applied indexto:(t:0, i:~)
kms_1       | 	at com.sun.jersey.server.impl.uri.rules.HttpMethodRule.accept(HttpMethodRule.java:302)
kdc_1       | Oct 13 19:56:05 kdc kadmind[15](Notice): Request: kadm5_get_policy, default, Policy does not exist, client=admin/admin@EXAMPLE.COM, service=kadmin/admin@EXAMPLE.COM, addr=127.0.0.1
datanode_1  | 2019-10-13 19:56:41,264 INFO impl.RaftServerImpl: 58053822-cbe8-4a56-a8e0-68476732b4d7@group-DD38D24F0B0D: changes role from      null to FOLLOWER at term 0 for startAsFollower
datanode_2  | 2019-10-13 19:56:40,588 INFO storage.RaftStorage: Storage directory /data/metadata/ratis/c345eae5-086d-4b2b-80cd-3d194034e62b has been successfully formatted.
scm_1       | 2019-10-13 19:56:30,062 INFO server.SCMBlockProtocolServer: RPC server for Block Protocol is listening at /0.0.0.0:9863
nm_1        | 2019-10-13 19:56:29 INFO  ResourceLocalizationService:392 - Localizer started on port 8040
rm_1        | 2019-10-13 19:56:28 INFO  ParentQueue:114 - Initialized parent-queue root name=root, fullname=root
jhs         | 2019-10-13 19:56:27 INFO  AbstractDelegationTokenSecretManager:343 - Updating the current master key for generating delegation tokens
om_1        | 2019-10-13 19:56:37,179 INFO db.DBStoreBuilder: using custom profile for table: multipartInfoTable
datanode_3  | 2019-10-13 19:56:41,661 INFO server.RaftServerConfigKeys: raft.server.notification.no-leader.timeout = 120s (custom)
kms_1       | 	at com.sun.jersey.server.impl.uri.rules.ResourceClassRule.accept(ResourceClassRule.java:108)
kdc_1       | Oct 13 19:56:05 kdc kadmind[15](Notice): Request: kadm5_create_principal, om/jhs@EXAMPLE.COM, success, client=admin/admin@EXAMPLE.COM, service=kadmin/admin@EXAMPLE.COM, addr=127.0.0.1
datanode_1  | 2019-10-13 19:56:41,266 INFO impl.RoleInfo: 58053822-cbe8-4a56-a8e0-68476732b4d7: start FollowerState
datanode_2  | 2019-10-13 19:56:40,592 [pool-9-thread-1] INFO       - group-3D194034E62B: The snapshot info is null. Setting the last applied indexto:(t:0, i:~)
scm_1       | 2019-10-13 19:56:30,063 INFO ipc.Server: IPC Server Responder: starting
nm_1        | 2019-10-13 19:56:29 INFO  Server:1153 - IPC Server listener on 8040: starting
rm_1        | 2019-10-13 19:56:28 INFO  CapacitySchedulerConfiguration:894 - max alloc mb per queue for root.default is undefined
om_1        | 2019-10-13 19:56:37,179 INFO db.DBStoreBuilder: Using default column profile:DBProfile.DISK for Table:multipartInfoTable
jhs         | 2019-10-13 19:56:27 INFO  AbstractDelegationTokenSecretManager:675 - Starting expired delegation token remover thread, tokenRemoverScanInterval=60 min(s)
datanode_3  | 2019-10-13 19:56:41,664 INFO server.RaftServerConfigKeys: raft.server.log.use.memory = false (default)
kms_1       | 	at com.sun.jersey.server.impl.uri.rules.RightHandPathRule.accept(RightHandPathRule.java:147)
kdc_1       | Oct 13 19:56:05 kdc kadmind[15](info): closing down fd 18
datanode_1  | 2019-10-13 19:56:41,269 INFO util.JmxRegister: Successfully registered JMX Bean with object name Ratis:service=RaftServer,group=group-DD38D24F0B0D,id=58053822-cbe8-4a56-a8e0-68476732b4d7
datanode_2  | 2019-10-13 19:56:40,615 INFO server.RaftServerConfigKeys: raft.server.notification.no-leader.timeout = 120s (custom)
scm_1       | 2019-10-13 19:56:30,063 INFO ipc.Server: IPC Server listener on 9863: starting
nm_1        | 2019-10-13 19:56:29 INFO  IndexCache:47 - IndexCache created with max memory = 10485760
rm_1        | 2019-10-13 19:56:28 INFO  CapacitySchedulerConfiguration:898 - max alloc vcore per queue for root.default is undefined
om_1        | 2019-10-13 19:56:37,180 INFO db.DBStoreBuilder: using custom profile for table: dTokenTable
jhs         | 2019-10-13 19:56:27 INFO  ContextHandler:781 - Started o.e.j.s.ServletContextHandler@6a47b187{/logs,file:///opt/hadoop/logs/,AVAILABLE}
datanode_3  | 2019-10-13 19:56:41,669 INFO server.RaftServerConfigKeys: raft.server.log.purge.gap = 1000000 (custom)
kms_1       | 	at com.sun.jersey.server.impl.uri.rules.RootResourceClassesRule.accept(RootResourceClassesRule.java:84)
kdc_1       | Oct 13 19:56:05 kdc kadmind[15](Notice): Request: kadm5_init, admin/admin@EXAMPLE.COM, success, client=admin/admin@EXAMPLE.COM, service=kadmin/admin@EXAMPLE.COM, addr=127.0.0.1, vers=4, flavor=6
datanode_1  | 2019-10-13 19:56:41,916 INFO impl.RaftServerProxy: 58053822-cbe8-4a56-a8e0-68476732b4d7: addNew group-7BA6B5CB0A61:[4e3df0ec-99d2-4c91-b63b-6bcd22c72abf:172.18.0.8:9858, 58053822-cbe8-4a56-a8e0-68476732b4d7:172.18.0.12:9858, b956a439-c3a1-4b19-a5fc-c7ee0f29d0d2:172.18.0.5:9858] returns group-7BA6B5CB0A61:java.util.concurrent.CompletableFuture@31993c0c[Not completed]
datanode_2  | 2019-10-13 19:56:40,617 INFO server.RaftServerConfigKeys: raft.server.log.use.memory = false (default)
scm_1       | 2019-10-13 19:56:30,065 INFO server.StorageContainerManager: ScmDatanodeProtocl RPC server is listening at /0.0.0.0:9861
nm_1        | 2019-10-13 19:56:29 INFO  ShuffleHandler:549 - mapreduce_shuffle listening on port 13562
rm_1        | 2019-10-13 19:56:28 INFO  LeafQueue:285 - Initializing default
om_1        | 2019-10-13 19:56:37,180 INFO db.DBStoreBuilder: Using default column profile:DBProfile.DISK for Table:dTokenTable
jhs         | 2019-10-13 19:56:27 INFO  ContextHandler:781 - Started o.e.j.s.ServletContextHandler@11bb571c{/static,jar:file:/opt/hadoop/share/hadoop/yarn/hadoop-yarn-common-3.2.0.jar!/webapps/static,AVAILABLE}
datanode_3  | 2019-10-13 19:56:41,669 INFO server.RaftServerConfigKeys: raft.server.log.appender.buffer.byte-limit = 33554432 (custom)
kms_1       | 	at com.sun.jersey.server.impl.application.WebApplicationImpl._handleRequest(WebApplicationImpl.java:1542)
kdc_1       | Oct 13 19:56:05 kdc kadmind[15](Notice): Request: kadm5_randkey_principal, om/jhs@EXAMPLE.COM, success, client=admin/admin@EXAMPLE.COM, service=kadmin/admin@EXAMPLE.COM, addr=127.0.0.1
datanode_1  | 2019-10-13 19:56:41,919 INFO impl.RaftServerImpl: 58053822-cbe8-4a56-a8e0-68476732b4d7: new RaftServerImpl for group-7BA6B5CB0A61:[4e3df0ec-99d2-4c91-b63b-6bcd22c72abf:172.18.0.8:9858, 58053822-cbe8-4a56-a8e0-68476732b4d7:172.18.0.12:9858, b956a439-c3a1-4b19-a5fc-c7ee0f29d0d2:172.18.0.5:9858] with ContainerStateMachine:uninitialized
datanode_2  | 2019-10-13 19:56:40,622 INFO server.RaftServerConfigKeys: raft.server.log.purge.gap = 1000000 (custom)
scm_1       | 2019-10-13 19:56:30,065 INFO server.SCMDatanodeProtocolServer: RPC server for DataNodes is listening at /0.0.0.0:9861
nm_1        | 2019-10-13 19:56:29 INFO  ContainerManagerImpl:666 - ContainerManager started at nm/172.18.0.11:42299
rm_1        | capacity = 1.0 [= (float) configuredCapacity / 100 ]
om_1        | 2019-10-13 19:56:37,180 INFO db.DBStoreBuilder: using custom profile for table: s3SecretTable
jhs         | Oct 13, 2019 7:56:28 PM com.sun.jersey.guice.spi.container.GuiceComponentProviderFactory register
datanode_3  | 2019-10-13 19:56:41,671 INFO server.RaftServerConfigKeys: raft.server.log.segment.size.max = 1048576 (custom)
kms_1       | 	at com.sun.jersey.server.impl.application.WebApplicationImpl._handleRequest(WebApplicationImpl.java:1473)
kdc_1       | Oct 13 19:56:05 kdc kadmind[15](Notice): Request: kadm5_get_principal, om/jhs@EXAMPLE.COM, success, client=admin/admin@EXAMPLE.COM, service=kadmin/admin@EXAMPLE.COM, addr=127.0.0.1
datanode_1  | 2019-10-13 19:56:41,920 INFO server.RaftServerConfigKeys: raft.server.rpc.timeout.min = 5s (custom)
scm_1       | 2019-10-13 19:56:30,066 INFO ipc.Server: IPC Server Responder: starting
nm_1        | 2019-10-13 19:56:29 INFO  ContainerManagerImpl:667 - ContainerManager bound to 0.0.0.0/0.0.0.0:0
datanode_2  | 2019-10-13 19:56:40,622 INFO server.RaftServerConfigKeys: raft.server.log.appender.buffer.byte-limit = 33554432 (custom)
rm_1        | absoluteCapacity = 1.0 [= parentAbsoluteCapacity * capacity ]
jhs         | INFO: Registering org.apache.hadoop.yarn.webapp.YarnJacksonJaxbJsonProvider as a provider class
om_1        | 2019-10-13 19:56:37,180 INFO db.DBStoreBuilder: Using default column profile:DBProfile.DISK for Table:s3SecretTable
datanode_3  | 2019-10-13 19:56:41,673 WARN impl.MetricsSystemImpl: HddsDatanode metrics system already initialized!
kms_1       | 	at com.sun.jersey.server.impl.application.WebApplicationImpl.handleRequest(WebApplicationImpl.java:1419)
kdc_1       | Oct 13 19:56:05 kdc kadmind[15](info): closing down fd 18
datanode_1  | 2019-10-13 19:56:41,920 INFO server.RaftServerConfigKeys: raft.server.rpc.timeout.max = 5200ms (custom)
nm_1        | 2019-10-13 19:56:29 INFO  WebServer:99 - Instantiating NMWebApp at 0.0.0.0:8042
scm_1       | 2019-10-13 19:56:30,066 INFO ipc.Server: IPC Server listener on 9861: starting
datanode_2  | 2019-10-13 19:56:40,624 INFO server.RaftServerConfigKeys: raft.server.log.segment.size.max = 1048576 (custom)
rm_1        | maxCapacity = 1.0 [= configuredMaxCapacity ]
jhs         | Oct 13, 2019 7:56:28 PM com.sun.jersey.guice.spi.container.GuiceComponentProviderFactory register
om_1        | 2019-10-13 19:56:37,180 INFO db.DBStoreBuilder: using custom profile for table: prefixTable
datanode_3  | 2019-10-13 19:56:41,678 INFO metrics.MetricRegistries: Loaded MetricRegistries class org.apache.ratis.metrics.impl.MetricRegistriesImpl
kms_1       | 	at com.sun.jersey.server.impl.application.WebApplicationImpl.handleRequest(WebApplicationImpl.java:1409)
kdc_1       | Oct 13 19:56:05 kdc kadmind[15](Notice): Request: kadm5_init, admin/admin@EXAMPLE.COM, success, client=admin/admin@EXAMPLE.COM, service=kadmin/admin@EXAMPLE.COM, addr=127.0.0.1, vers=4, flavor=6
datanode_1  | 2019-10-13 19:56:41,920 INFO server.RaftServerConfigKeys: raft.server.rpcslowness.timeout = 120s (custom)
nm_1        | 2019-10-13 19:56:30 INFO  log:192 - Logging initialized @3461ms
datanode_2  | 2019-10-13 19:56:40,626 WARN impl.MetricsSystemImpl: HddsDatanode metrics system already initialized!
rm_1        | absoluteMaxCapacity = 1.0 [= 1.0 maximumCapacity undefined, (parentAbsoluteMaxCapacity * maximumCapacity) / 100 otherwise ]
scm_1       | 2019-10-13 19:56:30,069 INFO server.SCMClientProtocolServer: Starting RPC server for SCMSecurityProtocolServer. is listening at /0.0.0.0:9961
jhs         | INFO: Registering org.apache.hadoop.yarn.server.applicationhistoryservice.webapp.AHSWebServices as a root resource class
om_1        | 2019-10-13 19:56:37,180 INFO db.DBStoreBuilder: Using default column profile:DBProfile.DISK for Table:prefixTable
datanode_3  | 2019-10-13 19:56:41,715 INFO server.RaftServerConfigKeys: raft.server.log.segment.cache.num.max = 2 (custom)
kms_1       | 	at com.sun.jersey.spi.container.servlet.WebComponent.service(WebComponent.java:409)
kdc_1       | Oct 13 19:56:05 kdc kadmind[15](Notice): Request: kadm5_get_policy, default, Policy does not exist, client=admin/admin@EXAMPLE.COM, service=kadmin/admin@EXAMPLE.COM, addr=127.0.0.1
datanode_1  | 2019-10-13 19:56:41,920 INFO server.RaftServerConfigKeys: raft.server.sleep.deviation.threshold = 300 (default)
nm_1        | 2019-10-13 19:56:30 INFO  AuthenticationFilter:240 - Unable to initialize FileSignerSecretProvider, falling back to use random secrets.
datanode_2  | 2019-10-13 19:56:40,631 INFO metrics.MetricRegistries: Loaded MetricRegistries class org.apache.ratis.metrics.impl.MetricRegistriesImpl
rm_1        | effectiveMinResource=<memory:0, vCores:0>
scm_1       | 2019-10-13 19:56:30,069 INFO ipc.Server: IPC Server Responder: starting
jhs         | Oct 13, 2019 7:56:28 PM com.sun.jersey.guice.spi.container.GuiceComponentProviderFactory register
om_1        | 2019-10-13 19:56:37,192 INFO db.DBStoreBuilder: using custom profile for table: default
datanode_3  | 2019-10-13 19:56:41,720 INFO segmented.SegmentedRaftLogWorker: new 4e3df0ec-99d2-4c91-b63b-6bcd22c72abf@group-22833A02045B-SegmentedRaftLogWorker for RaftStorage:Storage Directory /data/metadata/ratis/9a80f123-6c2e-40d9-b350-22833a02045b
kms_1       | 	at com.sun.jersey.spi.container.servlet.ServletContainer.service(ServletContainer.java:558)
kdc_1       | Oct 13 19:56:05 kdc kadmind[15](Notice): Request: kadm5_create_principal, dn/rm@EXAMPLE.COM, success, client=admin/admin@EXAMPLE.COM, service=kadmin/admin@EXAMPLE.COM, addr=127.0.0.1
datanode_1  | 2019-10-13 19:56:41,921 INFO server.RaftServerConfigKeys: raft.server.log.appender.install.snapshot.enabled = false (custom)
nm_1        | 2019-10-13 19:56:30 INFO  HttpRequestLog:81 - Http request log for http.requests.nodemanager is not defined
datanode_2  | 2019-10-13 19:56:40,668 INFO server.RaftServerConfigKeys: raft.server.log.segment.cache.num.max = 2 (custom)
rm_1        |  , effectiveMaxResource=<memory:0, vCores:0>
scm_1       | 2019-10-13 19:56:30,070 INFO ipc.Server: IPC Server listener on 9961: starting
jhs         | INFO: Registering org.apache.hadoop.yarn.server.timeline.webapp.TimelineWebServices as a root resource class
om_1        | 2019-10-13 19:56:37,192 INFO db.DBStoreBuilder: Using default column profile:DBProfile.DISK for Table:default
datanode_3  | 2019-10-13 19:56:41,720 INFO server.RaftServerConfigKeys: raft.server.log.queue.byte-limit = 2147483647 (custom)
kms_1       | 	at com.sun.jersey.spi.container.servlet.ServletContainer.service(ServletContainer.java:733)
kdc_1       | Oct 13 19:56:05 kdc kadmind[15](info): closing down fd 18
datanode_1  | 2019-10-13 19:56:41,921 INFO impl.RaftServerImpl: 58053822-cbe8-4a56-a8e0-68476732b4d7@group-7BA6B5CB0A61: ConfigurationManager, init=-1: [4e3df0ec-99d2-4c91-b63b-6bcd22c72abf:172.18.0.8:9858, 58053822-cbe8-4a56-a8e0-68476732b4d7:172.18.0.12:9858, b956a439-c3a1-4b19-a5fc-c7ee0f29d0d2:172.18.0.5:9858], old=null, confs=<EMPTY_MAP>
nm_1        | 2019-10-13 19:56:30 INFO  HttpServer2:975 - Added global filter 'safety' (class=org.apache.hadoop.http.HttpServer2$QuotingInputFilter)
datanode_2  | 2019-10-13 19:56:40,673 INFO segmented.SegmentedRaftLogWorker: new b956a439-c3a1-4b19-a5fc-c7ee0f29d0d2@group-3D194034E62B-SegmentedRaftLogWorker for RaftStorage:Storage Directory /data/metadata/ratis/c345eae5-086d-4b2b-80cd-3d194034e62b
rm_1        | userLimit = 100 [= configuredUserLimit ]
scm_1       | 2019-10-13 19:56:30,075 INFO http.HttpServer2: Jetty bound to port 9876
jhs         | Oct 13, 2019 7:56:28 PM com.sun.jersey.guice.spi.container.GuiceComponentProviderFactory register
om_1        | 2019-10-13 19:56:37,193 INFO db.DBStoreBuilder: Using default options. DBProfile.DISK
datanode_3  | 2019-10-13 19:56:41,720 INFO server.RaftServerConfigKeys: raft.server.log.queue.element-limit = 1024 (custom)
kdc_1       | Oct 13 19:56:05 kdc kadmind[15](Notice): Request: kadm5_init, admin/admin@EXAMPLE.COM, success, client=admin/admin@EXAMPLE.COM, service=kadmin/admin@EXAMPLE.COM, addr=127.0.0.1, vers=4, flavor=6
datanode_1  | 2019-10-13 19:56:41,921 INFO server.RaftServerConfigKeys: raft.server.storage.dir = [/data/metadata/ratis] (custom)
kms_1       | 	at javax.servlet.http.HttpServlet.service(HttpServlet.java:790)
nm_1        | 2019-10-13 19:56:30 INFO  HttpServer2:948 - Added filter static_user_filter (class=org.apache.hadoop.http.lib.StaticUserWebFilter$StaticUserFilter) to context node
datanode_2  | 2019-10-13 19:56:40,673 INFO server.RaftServerConfigKeys: raft.server.log.queue.byte-limit = 2147483647 (custom)
rm_1        | userLimitFactor = 1.0 [= configuredUserLimitFactor ]
scm_1       | 2019-10-13 19:56:30,076 INFO server.Server: jetty-9.3.25.v20180904, build timestamp: 2018-09-04T21:11:46Z, git hash: 3ce520221d0240229c862b122d2b06c12a625732
jhs         | INFO: Registering org.apache.hadoop.yarn.webapp.GenericExceptionHandler as a provider class
om_1        | 2019-10-13 19:56:41,082 INFO Configuration.deprecation: No unit for ozone.manager.delegation.remover.scan.interval(3600000) assuming MILLISECONDS
datanode_3  | 2019-10-13 19:56:41,721 INFO server.RaftServerConfigKeys: raft.server.log.segment.size.max = 1048576 (custom)
kdc_1       | Oct 13 19:56:05 kdc kadmind[15](Notice): Request: kadm5_randkey_principal, dn/rm@EXAMPLE.COM, success, client=admin/admin@EXAMPLE.COM, service=kadmin/admin@EXAMPLE.COM, addr=127.0.0.1
datanode_1  | 2019-10-13 19:56:41,922 INFO server.RaftServerConfigKeys: raft.server.log.corruption.policy = EXCEPTION (default)
kms_1       | 	at org.eclipse.jetty.servlet.ServletHolder.handle(ServletHolder.java:848)
nm_1        | 2019-10-13 19:56:30 INFO  HttpServer2:958 - Added filter static_user_filter (class=org.apache.hadoop.http.lib.StaticUserWebFilter$StaticUserFilter) to context static
datanode_2  | 2019-10-13 19:56:40,673 INFO server.RaftServerConfigKeys: raft.server.log.queue.element-limit = 1024 (custom)
rm_1        | maxApplications = 10000 [= configuredMaximumSystemApplicationsPerQueue or (int)(configuredMaximumSystemApplications * absoluteCapacity)]
scm_1       | 2019-10-13 19:56:30,129 INFO handler.ContextHandler: Started o.e.j.s.ServletContextHandler@4483d35{/logs,file:///var/log/hadoop/,AVAILABLE}
jhs         | Oct 13, 2019 7:56:28 PM com.sun.jersey.server.impl.application.WebApplicationImpl _initiate
om_1        | 2019-10-13 19:56:41,084 [main] INFO       - Loaded 0 tokens
datanode_3  | 2019-10-13 19:56:41,722 INFO server.RaftServerConfigKeys: raft.server.log.preallocated.size = 16384 (custom)
kdc_1       | Oct 13 19:56:05 kdc kadmind[15](Notice): Request: kadm5_get_principal, dn/rm@EXAMPLE.COM, success, client=admin/admin@EXAMPLE.COM, service=kadmin/admin@EXAMPLE.COM, addr=127.0.0.1
datanode_1  | 2019-10-13 19:56:41,922 INFO storage.RaftStorageDirectory: The storage directory /data/metadata/ratis/d676b8e3-74a6-4744-8513-7ba6b5cb0a61 does not exist. Creating ...
kms_1       | 	at org.eclipse.jetty.servlet.ServletHandler$CachedChain.doFilter(ServletHandler.java:1772)
nm_1        | 2019-10-13 19:56:30 INFO  HttpServer2:958 - Added filter static_user_filter (class=org.apache.hadoop.http.lib.StaticUserWebFilter$StaticUserFilter) to context logs
datanode_2  | 2019-10-13 19:56:40,674 INFO server.RaftServerConfigKeys: raft.server.log.segment.size.max = 1048576 (custom)
rm_1        | maxApplicationsPerUser = 10000 [= (int)(maxApplications * (userLimit / 100.0f) * userLimitFactor) ]
scm_1       | 2019-10-13 19:56:30,132 INFO handler.ContextHandler: Started o.e.j.s.ServletContextHandler@3762c4fc{/static,jar:file:/opt/hadoop/share/ozone/lib/hadoop-hdds-server-scm-0.5.0-SNAPSHOT.jar!/webapps/static,AVAILABLE}
jhs         | INFO: Initiating Jersey application, version 'Jersey: 1.19 02/11/2015 03:25 AM'
om_1        | 2019-10-13 19:56:41,085 [main] INFO       - Loading token state into token manager.
datanode_3  | 2019-10-13 19:56:41,722 INFO server.RaftServerConfigKeys: raft.server.log.write.buffer.size = 33554432 (custom)
kdc_1       | Oct 13 19:56:05 kdc kadmind[15](info): closing down fd 18
datanode_1  | 2019-10-13 19:56:41,958 INFO storage.RaftStorageDirectory: Lock on /data/metadata/ratis/d676b8e3-74a6-4744-8513-7ba6b5cb0a61/in_use.lock acquired by nodename 7@36bb6365fb14
kms_1       | 	at org.apache.hadoop.crypto.key.kms.server.KMSMDCFilter.doFilter(KMSMDCFilter.java:84)
nm_1        | 2019-10-13 19:56:30 INFO  HttpServer2:948 - Added filter authentication (class=org.apache.hadoop.security.authentication.server.AuthenticationFilter) to context node
datanode_2  | 2019-10-13 19:56:40,675 INFO server.RaftServerConfigKeys: raft.server.log.preallocated.size = 16384 (custom)
rm_1        | usedCapacity = 0.0 [= usedResourcesMemory / (clusterResourceMemory * absoluteCapacity)]
scm_1       | 2019-10-13 19:56:30,269 INFO server.KerberosAuthenticationHandler: Using keytab /etc/security/keytabs/HTTP.keytab, for principal HTTP/scm@EXAMPLE.COM
jhs         | Oct 13, 2019 7:56:28 PM com.sun.jersey.guice.spi.container.GuiceComponentProviderFactory getComponentProvider
om_1        | 2019-10-13 19:56:41,131 INFO ipc.CallQueueManager: Using callQueue: class java.util.concurrent.LinkedBlockingQueue, queueCapacity: 2000, scheduler: class org.apache.hadoop.ipc.DefaultRpcScheduler, ipcBackoff: false.
datanode_3  | 2019-10-13 19:56:41,722 INFO server.RaftServerConfigKeys: raft.server.log.force.sync.num = 128 (default)
kdc_1       | Oct 13 19:56:05 kdc kadmind[15](Notice): Request: kadm5_init, admin/admin@EXAMPLE.COM, success, client=admin/admin@EXAMPLE.COM, service=kadmin/admin@EXAMPLE.COM, addr=127.0.0.1, vers=4, flavor=6
datanode_1  | 2019-10-13 19:56:41,973 INFO storage.RaftStorage: Storage directory /data/metadata/ratis/d676b8e3-74a6-4744-8513-7ba6b5cb0a61 has been successfully formatted.
kms_1       | 	at org.eclipse.jetty.servlet.ServletHandler$CachedChain.doFilter(ServletHandler.java:1759)
nm_1        | 2019-10-13 19:56:30 INFO  HttpServer2:958 - Added filter authentication (class=org.apache.hadoop.security.authentication.server.AuthenticationFilter) to context static
datanode_2  | 2019-10-13 19:56:40,675 INFO server.RaftServerConfigKeys: raft.server.log.write.buffer.size = 33554432 (custom)
rm_1        | absoluteUsedCapacity = 0.0 [= usedResourcesMemory / clusterResourceMemory]
scm_1       | 2019-10-13 19:56:30,298 INFO handler.ContextHandler: Started o.e.j.w.WebAppContext@22d7fd41{/,file:///tmp/jetty-0.0.0.0-9876-scm-_-any-15045743761427126675.dir/webapp/,AVAILABLE}{/scm}
jhs         | INFO: Binding org.apache.hadoop.yarn.webapp.GenericExceptionHandler to GuiceManagedComponentProvider with the scope "Singleton"
om_1        | 2019-10-13 19:56:41,139 INFO ipc.Server: Starting Socket Reader #1 for port 9862
datanode_3  | 2019-10-13 19:56:41,723 INFO server.RaftServerConfigKeys: raft.server.log.statemachine.data.sync = true (default)
kdc_1       | Oct 13 19:56:05 kdc kadmind[15](Notice): Request: kadm5_get_policy, default, Policy does not exist, client=admin/admin@EXAMPLE.COM, service=kadmin/admin@EXAMPLE.COM, addr=127.0.0.1
datanode_1  | 2019-10-13 19:56:41,973 [pool-9-thread-1] INFO       - group-7BA6B5CB0A61: The snapshot info is null. Setting the last applied indexto:(t:0, i:~)
kms_1       | 	at org.apache.hadoop.security.authentication.server.AuthenticationFilter.doFilter(AuthenticationFilter.java:644)
datanode_2  | 2019-10-13 19:56:40,675 INFO server.RaftServerConfigKeys: raft.server.log.force.sync.num = 128 (default)
nm_1        | 2019-10-13 19:56:30 INFO  HttpServer2:958 - Added filter authentication (class=org.apache.hadoop.security.authentication.server.AuthenticationFilter) to context logs
rm_1        | maxAMResourcePerQueuePercent = 0.1 [= configuredMaximumAMResourcePercent ]
scm_1       | 2019-10-13 19:56:30,309 INFO server.AbstractConnector: Started ServerConnector@41f5a34d{HTTP/1.1,[http/1.1]}{0.0.0.0:9876}
jhs         | Oct 13, 2019 7:56:28 PM com.sun.jersey.guice.spi.container.GuiceComponentProviderFactory getComponentProvider
om_1        | 2019-10-13 19:56:41,202 [main] INFO       - OzoneManager RPC server is listening at om/172.18.0.4:9862
datanode_3  | 2019-10-13 19:56:41,723 INFO server.RaftServerConfigKeys: raft.server.log.statemachine.data.sync.timeout = 10s (default)
kdc_1       | Oct 13 19:56:05 kdc kadmind[15](Notice): Request: kadm5_create_principal, scm/scm@EXAMPLE.COM, success, client=admin/admin@EXAMPLE.COM, service=kadmin/admin@EXAMPLE.COM, addr=127.0.0.1
datanode_1  | 2019-10-13 19:56:41,973 INFO server.RaftServerConfigKeys: raft.server.notification.no-leader.timeout = 120s (custom)
kms_1       | 	at org.apache.hadoop.security.token.delegation.web.DelegationTokenAuthenticationFilter.doFilter(DelegationTokenAuthenticationFilter.java:304)
datanode_2  | 2019-10-13 19:56:40,676 INFO server.RaftServerConfigKeys: raft.server.log.statemachine.data.sync = true (default)
rm_1        | minimumAllocationFactor = 0.875 [= (float)(maximumAllocationMemory - minimumAllocationMemory) / maximumAllocationMemory ]
scm_1       | 2019-10-13 19:56:30,309 INFO server.Server: Started @6309ms
nm_1        | 2019-10-13 19:56:30 INFO  HttpServer2:613 - adding path spec: /node/*
jhs         | INFO: Binding org.apache.hadoop.yarn.webapp.YarnJacksonJaxbJsonProvider to GuiceManagedComponentProvider with the scope "Singleton"
om_1        | 2019-10-13 19:56:41,297 INFO impl.MetricsConfig: Loaded properties from hadoop-metrics2.properties
datanode_3  | 2019-10-13 19:56:41,724 INFO server.RaftServerConfigKeys: raft.server.log.statemachine.data.sync.timeout.retry = -1 (default)
kdc_1       | Oct 13 19:56:05 kdc kadmind[15](info): closing down fd 18
datanode_1  | 2019-10-13 19:56:41,974 INFO server.RaftServerConfigKeys: raft.server.log.use.memory = false (default)
kms_1       | 	at org.apache.hadoop.security.authentication.server.AuthenticationFilter.doFilter(AuthenticationFilter.java:592)
datanode_2  | 2019-10-13 19:56:40,676 INFO server.RaftServerConfigKeys: raft.server.log.statemachine.data.sync.timeout = 10s (default)
scm_1       | 2019-10-13 19:56:30,329 INFO impl.MetricsSinkAdapter: Sink prometheus started
nm_1        | 2019-10-13 19:56:30 INFO  HttpServer2:613 - adding path spec: /ws/*
om_1        | 2019-10-13 19:56:41,342 INFO impl.MetricsSystemImpl: Scheduled Metric snapshot period at 10 second(s).
jhs         | Oct 13, 2019 7:56:29 PM com.sun.jersey.guice.spi.container.GuiceComponentProviderFactory getComponentProvider
