kdc_1       | Entry for principal HTTP/e8eb57b51be0@EXAMPLE.COM with kvno 2, encryption type aes256-cts-hmac-sha1-96 added to keytab WRFILE:/data/HTTP.e8eb57b51be0.keytab.
scm_1       | 2019-10-13 20:00:03,991 INFO server.SCMClientProtocolServer: Processing CSR for dn 4fef3b7e9881, UUID: 2eec804e-57eb-43d6-a660-f46ef47f845e
om_1        | 2019-10-13 20:00:09,253 [main] INFO       - Starting OM delegation token secret manager
datanode_2  | 2019-10-13 20:00:10,547 INFO server.RaftServerConfigKeys: raft.server.retrycache.expirytime = 600000ms (custom)
s3g_1       | 	at java.base/jdk.internal.reflect.NativeMethodAccessorImpl.invoke0(Native Method)
datanode_1  | 2019-10-13 20:00:11,105 INFO util.JmxRegister: Successfully registered JMX Bean with object name Ratis:service=RaftServer,group=group-64739C138E00,id=2eec804e-57eb-43d6-a660-f46ef47f845e
kdc_1       | Entry for principal HTTP/e8eb57b51be0@EXAMPLE.COM with kvno 2, encryption type aes128-cts-hmac-sha1-96 added to keytab WRFILE:/data/HTTP.e8eb57b51be0.keytab.
scm_1       | 2019-10-13 20:00:05,095 INFO ipc.Server: Auth successful for om/om@EXAMPLE.COM (auth:KERBEROS)
om_1        | 2019-10-13 20:00:09,253 [main] INFO       - Updating the current master key for generating tokens
datanode_2  | 2019-10-13 20:00:10,578 INFO impl.RaftServerImpl: 7fb8eafc-e330-45c5-bf5f-aa7353470c7b@group-6DDFAD6F78AB: start as a follower, conf=-1: [7fb8eafc-e330-45c5-bf5f-aa7353470c7b:172.18.0.4:9858], old=null
datanode_3  | 2019-10-13 20:00:11,598 INFO util.JmxRegister: Successfully registered JMX Bean with object name Ratis:service=RaftServer,group=group-8865565B0909,id=3e901dcb-56fe-4fad-be30-c865a1771b4b
s3g_1       | 	at java.base/jdk.internal.reflect.NativeMethodAccessorImpl.invoke(NativeMethodAccessorImpl.java:62)
datanode_1  | 2019-10-13 20:00:11,721 INFO impl.RaftServerProxy: 2eec804e-57eb-43d6-a660-f46ef47f845e: addNew group-85CB2928C7EA:[3e901dcb-56fe-4fad-be30-c865a1771b4b:172.18.0.7:9858, 2eec804e-57eb-43d6-a660-f46ef47f845e:172.18.0.6:9858, 7fb8eafc-e330-45c5-bf5f-aa7353470c7b:172.18.0.4:9858] returns group-85CB2928C7EA:java.util.concurrent.CompletableFuture@7009d19a[Not completed]
kdc_1       | Generiting keytab
scm_1       | 2019-10-13 20:00:05,099 INFO authorize.ServiceAuthorizationManager: Authorization successful for om/om@EXAMPLE.COM (auth:KERBEROS) for protocol=interface org.apache.hadoop.hdds.protocol.SCMSecurityProtocol
om_1        | 2019-10-13 20:00:09,254 [Thread[Thread-11,5,main]] INFO       - Starting expired delegation token remover thread, tokenRemoverScanInterval=60 min(s)
datanode_3  | 2019-10-13 20:00:11,735 INFO impl.RaftServerProxy: 3e901dcb-56fe-4fad-be30-c865a1771b4b: addNew group-85CB2928C7EA:[3e901dcb-56fe-4fad-be30-c865a1771b4b:172.18.0.7:9858, 2eec804e-57eb-43d6-a660-f46ef47f845e:172.18.0.6:9858, 7fb8eafc-e330-45c5-bf5f-aa7353470c7b:172.18.0.4:9858] returns group-85CB2928C7EA:java.util.concurrent.CompletableFuture@59eba62e[Not completed]
s3g_1       | 	at java.base/jdk.internal.reflect.DelegatingMethodAccessorImpl.invoke(DelegatingMethodAccessorImpl.java:43)
datanode_2  | 2019-10-13 20:00:10,584 INFO impl.RaftServerImpl: 7fb8eafc-e330-45c5-bf5f-aa7353470c7b@group-6DDFAD6F78AB: changes role from      null to FOLLOWER at term 0 for startAsFollower
datanode_1  | 2019-10-13 20:00:11,725 INFO impl.RaftServerImpl: 2eec804e-57eb-43d6-a660-f46ef47f845e: new RaftServerImpl for group-85CB2928C7EA:[3e901dcb-56fe-4fad-be30-c865a1771b4b:172.18.0.7:9858, 2eec804e-57eb-43d6-a660-f46ef47f845e:172.18.0.6:9858, 7fb8eafc-e330-45c5-bf5f-aa7353470c7b:172.18.0.4:9858] with ContainerStateMachine:uninitialized
kdc_1       | Authenticating as principal admin/admin with keytab /tmp/admin.keytab.
scm_1       | 2019-10-13 20:00:05,101 INFO server.SCMClientProtocolServer: Processing CSR for om om, UUID: 184853ec-d933-46d9-8993-fbd73a8536cd
datanode_3  | 2019-10-13 20:00:11,739 INFO impl.RaftServerImpl: 3e901dcb-56fe-4fad-be30-c865a1771b4b: new RaftServerImpl for group-85CB2928C7EA:[3e901dcb-56fe-4fad-be30-c865a1771b4b:172.18.0.7:9858, 2eec804e-57eb-43d6-a660-f46ef47f845e:172.18.0.6:9858, 7fb8eafc-e330-45c5-bf5f-aa7353470c7b:172.18.0.4:9858] with ContainerStateMachine:uninitialized
om_1        | 2019-10-13 20:00:09,274 INFO ipc.Server: IPC Server listener on 9862: starting
s3g_1       | 	at java.base/java.lang.reflect.Method.invoke(Method.java:566)
datanode_1  | 2019-10-13 20:00:11,726 INFO server.RaftServerConfigKeys: raft.server.rpc.timeout.min = 5s (custom)
datanode_2  | 2019-10-13 20:00:10,585 INFO impl.RoleInfo: 7fb8eafc-e330-45c5-bf5f-aa7353470c7b: start FollowerState
kdc_1       | WARNING: no policy specified for HTTP/a0d76c4738af@EXAMPLE.COM; defaulting to no policy
scm_1       | 2019-10-13 20:00:07,621 INFO ipc.Server: Auth successful for dn/a0d76c4738af@EXAMPLE.COM (auth:KERBEROS)
datanode_3  | 2019-10-13 20:00:11,739 INFO server.RaftServerConfigKeys: raft.server.rpc.timeout.min = 5s (custom)
om_1        | 2019-10-13 20:00:09,274 INFO ipc.Server: IPC Server Responder: starting
s3g_1       | 	at org.apache.hadoop.hdds.tracing.TraceAllMethod.invoke(TraceAllMethod.java:66)
datanode_1  | 2019-10-13 20:00:11,726 INFO server.RaftServerConfigKeys: raft.server.rpc.timeout.max = 5200ms (custom)
kdc_1       | Principal "HTTP/a0d76c4738af@EXAMPLE.COM" created.
scm_1       | 2019-10-13 20:00:07,623 INFO authorize.ServiceAuthorizationManager: Authorization successful for dn/a0d76c4738af@EXAMPLE.COM (auth:KERBEROS) for protocol=interface org.apache.hadoop.ozone.protocol.StorageContainerDatanodeProtocol
datanode_2  | 2019-10-13 20:00:10,590 INFO util.JmxRegister: Successfully registered JMX Bean with object name Ratis:service=RaftServer,group=group-6DDFAD6F78AB,id=7fb8eafc-e330-45c5-bf5f-aa7353470c7b
om_1        | 2019-10-13 20:00:09,304 INFO hdfs.DFSUtil: Starting web server as: HTTP/om@EXAMPLE.COM
s3g_1       | 	at com.sun.proxy.$Proxy84.getServiceInfo(Unknown Source)
datanode_3  | 2019-10-13 20:00:11,739 INFO server.RaftServerConfigKeys: raft.server.rpc.timeout.max = 5200ms (custom)
datanode_1  | 2019-10-13 20:00:11,726 INFO server.RaftServerConfigKeys: raft.server.rpcslowness.timeout = 120s (custom)
kdc_1       | Authenticating as principal admin/admin with keytab /tmp/admin.keytab.
scm_1       | 2019-10-13 20:00:07,670 INFO ipc.Server: Auth successful for dn/c11efb72acc8@EXAMPLE.COM (auth:KERBEROS)
datanode_2  | 2019-10-13 20:00:11,708 INFO impl.RaftServerProxy: 7fb8eafc-e330-45c5-bf5f-aa7353470c7b: addNew group-85CB2928C7EA:[3e901dcb-56fe-4fad-be30-c865a1771b4b:172.18.0.7:9858, 2eec804e-57eb-43d6-a660-f46ef47f845e:172.18.0.6:9858, 7fb8eafc-e330-45c5-bf5f-aa7353470c7b:172.18.0.4:9858] returns group-85CB2928C7EA:java.util.concurrent.CompletableFuture@5fad140f[Not completed]
om_1        | 2019-10-13 20:00:09,304 INFO hdfs.DFSUtil: Starting Web-server for ozoneManager at: http://0.0.0.0:9874
s3g_1       | 	at org.apache.hadoop.ozone.client.rpc.RpcClient.<init>(RpcClient.java:154)
datanode_3  | 2019-10-13 20:00:11,739 INFO server.RaftServerConfigKeys: raft.server.rpcslowness.timeout = 120s (custom)
kdc_1       | Entry for principal HTTP/a0d76c4738af@EXAMPLE.COM with kvno 2, encryption type aes256-cts-hmac-sha1-96 added to keytab WRFILE:/data/HTTP.a0d76c4738af.keytab.
datanode_1  | 2019-10-13 20:00:11,727 INFO server.RaftServerConfigKeys: raft.server.sleep.deviation.threshold = 300 (default)
scm_1       | 2019-10-13 20:00:07,673 INFO authorize.ServiceAuthorizationManager: Authorization successful for dn/c11efb72acc8@EXAMPLE.COM (auth:KERBEROS) for protocol=interface org.apache.hadoop.ozone.protocol.StorageContainerDatanodeProtocol
om_1        | 2019-10-13 20:00:09,414 INFO server.AuthenticationFilter: Unable to initialize FileSignerSecretProvider, falling back to use random secrets.
s3g_1       | 	at org.apache.hadoop.ozone.client.OzoneClientFactory.getClientProtocol(OzoneClientFactory.java:256)
datanode_2  | 2019-10-13 20:00:11,710 INFO impl.RaftServerImpl: 7fb8eafc-e330-45c5-bf5f-aa7353470c7b: new RaftServerImpl for group-85CB2928C7EA:[3e901dcb-56fe-4fad-be30-c865a1771b4b:172.18.0.7:9858, 2eec804e-57eb-43d6-a660-f46ef47f845e:172.18.0.6:9858, 7fb8eafc-e330-45c5-bf5f-aa7353470c7b:172.18.0.4:9858] with ContainerStateMachine:uninitialized
datanode_3  | 2019-10-13 20:00:11,739 INFO server.RaftServerConfigKeys: raft.server.sleep.deviation.threshold = 300 (default)
kdc_1       | Entry for principal HTTP/a0d76c4738af@EXAMPLE.COM with kvno 2, encryption type aes128-cts-hmac-sha1-96 added to keytab WRFILE:/data/HTTP.a0d76c4738af.keytab.
datanode_1  | 2019-10-13 20:00:11,727 INFO server.RaftServerConfigKeys: raft.server.log.appender.install.snapshot.enabled = false (custom)
scm_1       | 2019-10-13 20:00:07,709 INFO ipc.Server: Auth successful for om/om@EXAMPLE.COM (auth:KERBEROS)
om_1        | 2019-10-13 20:00:09,419 INFO http.HttpRequestLog: Http request log for http.requests.ozoneManager is not defined
s3g_1       | 	at org.apache.hadoop.ozone.client.OzoneClientFactory.getClientProtocol(OzoneClientFactory.java:239)
kdc_1       | Generiting keytab
datanode_3  | 2019-10-13 20:00:11,739 INFO server.RaftServerConfigKeys: raft.server.log.appender.install.snapshot.enabled = false (custom)
datanode_1  | 2019-10-13 20:00:11,727 INFO impl.RaftServerImpl: 2eec804e-57eb-43d6-a660-f46ef47f845e@group-85CB2928C7EA: ConfigurationManager, init=-1: [3e901dcb-56fe-4fad-be30-c865a1771b4b:172.18.0.7:9858, 2eec804e-57eb-43d6-a660-f46ef47f845e:172.18.0.6:9858, 7fb8eafc-e330-45c5-bf5f-aa7353470c7b:172.18.0.4:9858], old=null, confs=<EMPTY_MAP>
scm_1       | 2019-10-13 20:00:07,722 INFO authorize.ServiceAuthorizationManager: Authorization successful for om/om@EXAMPLE.COM (auth:KERBEROS) for protocol=interface org.apache.hadoop.hdds.scm.protocol.ScmBlockLocationProtocol
datanode_2  | 2019-10-13 20:00:11,711 INFO server.RaftServerConfigKeys: raft.server.rpc.timeout.min = 5s (custom)
om_1        | 2019-10-13 20:00:09,428 INFO http.HttpServer2: Added global filter 'safety' (class=org.apache.hadoop.http.HttpServer2$QuotingInputFilter)
s3g_1       | 	at org.apache.hadoop.ozone.client.OzoneClientFactory.getClient(OzoneClientFactory.java:75)
kdc_1       | Authenticating as principal admin/admin with keytab /tmp/admin.keytab.
datanode_3  | 2019-10-13 20:00:11,740 INFO impl.RaftServerImpl: 3e901dcb-56fe-4fad-be30-c865a1771b4b@group-85CB2928C7EA: ConfigurationManager, init=-1: [3e901dcb-56fe-4fad-be30-c865a1771b4b:172.18.0.7:9858, 2eec804e-57eb-43d6-a660-f46ef47f845e:172.18.0.6:9858, 7fb8eafc-e330-45c5-bf5f-aa7353470c7b:172.18.0.4:9858], old=null, confs=<EMPTY_MAP>
datanode_1  | 2019-10-13 20:00:11,727 INFO server.RaftServerConfigKeys: raft.server.storage.dir = [/data/metadata/ratis] (custom)
scm_1       | 2019-10-13 20:00:07,732 INFO ipc.Server: Auth successful for dn/4fef3b7e9881@EXAMPLE.COM (auth:KERBEROS)
datanode_2  | 2019-10-13 20:00:11,711 INFO server.RaftServerConfigKeys: raft.server.rpc.timeout.max = 5200ms (custom)
s3g_1       | 	at org.apache.hadoop.ozone.s3.OzoneClientProducer.getClient(OzoneClientProducer.java:114)
om_1        | 2019-10-13 20:00:09,432 INFO http.HttpServer2: Added filter authentication (class=org.apache.hadoop.security.authentication.server.AuthenticationFilter) to context ozoneManager
kdc_1       | WARNING: no policy specified for testuser/om@EXAMPLE.COM; defaulting to no policy
datanode_3  | 2019-10-13 20:00:11,740 INFO server.RaftServerConfigKeys: raft.server.storage.dir = [/data/metadata/ratis] (custom)
datanode_1  | 2019-10-13 20:00:11,728 INFO server.RaftServerConfigKeys: raft.server.log.corruption.policy = EXCEPTION (default)
scm_1       | 2019-10-13 20:00:07,735 INFO authorize.ServiceAuthorizationManager: Authorization successful for dn/4fef3b7e9881@EXAMPLE.COM (auth:KERBEROS) for protocol=interface org.apache.hadoop.ozone.protocol.StorageContainerDatanodeProtocol
datanode_2  | 2019-10-13 20:00:11,711 INFO server.RaftServerConfigKeys: raft.server.rpcslowness.timeout = 120s (custom)
s3g_1       | 	at org.apache.hadoop.ozone.s3.OzoneClientProducer.createClient(OzoneClientProducer.java:71)
kdc_1       | Principal "testuser/om@EXAMPLE.COM" created.
om_1        | 2019-10-13 20:00:09,432 INFO http.HttpServer2: Added filter authentication (class=org.apache.hadoop.security.authentication.server.AuthenticationFilter) to context static
datanode_3  | 2019-10-13 20:00:11,740 INFO server.RaftServerConfigKeys: raft.server.log.corruption.policy = EXCEPTION (default)
datanode_1  | 2019-10-13 20:00:11,728 INFO storage.RaftStorageDirectory: The storage directory /data/metadata/ratis/5ce60444-6378-4650-93e9-85cb2928c7ea does not exist. Creating ...
datanode_2  | 2019-10-13 20:00:11,711 INFO server.RaftServerConfigKeys: raft.server.sleep.deviation.threshold = 300 (default)
s3g_1       | 	at java.base/jdk.internal.reflect.NativeMethodAccessorImpl.invoke0(Native Method)
kdc_1       | Authenticating as principal admin/admin with keytab /tmp/admin.keytab.
om_1        | 2019-10-13 20:00:09,432 INFO http.HttpServer2: Added filter authentication (class=org.apache.hadoop.security.authentication.server.AuthenticationFilter) to context logs
datanode_3  | 2019-10-13 20:00:11,740 INFO storage.RaftStorageDirectory: The storage directory /data/metadata/ratis/5ce60444-6378-4650-93e9-85cb2928c7ea does not exist. Creating ...
datanode_1  | 2019-10-13 20:00:11,808 INFO storage.RaftStorageDirectory: Lock on /data/metadata/ratis/5ce60444-6378-4650-93e9-85cb2928c7ea/in_use.lock acquired by nodename 7@4fef3b7e9881
scm_1       | 2019-10-13 20:00:09,619 INFO net.NetworkTopology: Added a new node: /default-rack/7fb8eafc-e330-45c5-bf5f-aa7353470c7b
datanode_2  | 2019-10-13 20:00:11,711 INFO server.RaftServerConfigKeys: raft.server.log.appender.install.snapshot.enabled = false (custom)
s3g_1       | 	at java.base/jdk.internal.reflect.NativeMethodAccessorImpl.invoke(NativeMethodAccessorImpl.java:62)
kdc_1       | Entry for principal testuser/om@EXAMPLE.COM with kvno 2, encryption type aes256-cts-hmac-sha1-96 added to keytab WRFILE:/data/testuser.om.keytab.
om_1        | 2019-10-13 20:00:09,460 INFO http.HttpServer2: Jetty bound to port 9874
datanode_3  | 2019-10-13 20:00:11,807 INFO storage.RaftStorageDirectory: Lock on /data/metadata/ratis/5ce60444-6378-4650-93e9-85cb2928c7ea/in_use.lock acquired by nodename 7@c11efb72acc8
scm_1       | 2019-10-13 20:00:09,619 INFO node.SCMNodeManager: Registered Data node : 7fb8eafc-e330-45c5-bf5f-aa7353470c7b{ip: 172.18.0.4, host: ozonesecure_datanode_2.ozonesecure_default, networkLocation: /default-rack, certSerialId: 10518968106926330}
datanode_2  | 2019-10-13 20:00:11,711 INFO impl.RaftServerImpl: 7fb8eafc-e330-45c5-bf5f-aa7353470c7b@group-85CB2928C7EA: ConfigurationManager, init=-1: [3e901dcb-56fe-4fad-be30-c865a1771b4b:172.18.0.7:9858, 2eec804e-57eb-43d6-a660-f46ef47f845e:172.18.0.6:9858, 7fb8eafc-e330-45c5-bf5f-aa7353470c7b:172.18.0.4:9858], old=null, confs=<EMPTY_MAP>
datanode_1  | 2019-10-13 20:00:11,834 INFO storage.RaftStorage: Storage directory /data/metadata/ratis/5ce60444-6378-4650-93e9-85cb2928c7ea has been successfully formatted.
s3g_1       | 	at java.base/jdk.internal.reflect.DelegatingMethodAccessorImpl.invoke(DelegatingMethodAccessorImpl.java:43)
kdc_1       | Entry for principal testuser/om@EXAMPLE.COM with kvno 2, encryption type aes128-cts-hmac-sha1-96 added to keytab WRFILE:/data/testuser.om.keytab.
om_1        | 2019-10-13 20:00:09,462 INFO server.Server: jetty-9.3.25.v20180904, build timestamp: 2018-09-04T21:11:46Z, git hash: 3ce520221d0240229c862b122d2b06c12a625732
datanode_3  | 2019-10-13 20:00:11,834 INFO storage.RaftStorage: Storage directory /data/metadata/ratis/5ce60444-6378-4650-93e9-85cb2928c7ea has been successfully formatted.
scm_1       | 2019-10-13 20:00:09,622 INFO safemode.SCMSafeModeManager: SCM in safe mode. 1 DataNodes registered, 1 required.
datanode_2  | 2019-10-13 20:00:11,711 INFO server.RaftServerConfigKeys: raft.server.storage.dir = [/data/metadata/ratis] (custom)
datanode_1  | 2019-10-13 20:00:11,834 [pool-9-thread-1] INFO       - group-85CB2928C7EA: The snapshot info is null. Setting the last applied indexto:(t:0, i:~)
s3g_1       | 	at java.base/java.lang.reflect.Method.invoke(Method.java:566)
kdc_1       | Generiting keytab
om_1        | 2019-10-13 20:00:09,499 INFO server.AuthenticationFilter: Unable to initialize FileSignerSecretProvider, falling back to use random secrets.
datanode_3  | 2019-10-13 20:00:11,834 [pool-9-thread-1] INFO       - group-85CB2928C7EA: The snapshot info is null. Setting the last applied indexto:(t:0, i:~)
scm_1       | 2019-10-13 20:00:09,623 INFO safemode.SCMSafeModeManager: ScmSafeModeManager, all rules are successfully validated
datanode_2  | 2019-10-13 20:00:11,712 INFO server.RaftServerConfigKeys: raft.server.log.corruption.policy = EXCEPTION (default)
datanode_1  | 2019-10-13 20:00:11,834 INFO server.RaftServerConfigKeys: raft.server.notification.no-leader.timeout = 120s (custom)
s3g_1       | 	at org.jboss.weld.injection.StaticMethodInjectionPoint.invoke(StaticMethodInjectionPoint.java:88)
kdc_1       | Authenticating as principal admin/admin with keytab /tmp/admin.keytab.
om_1        | 2019-10-13 20:00:09,501 INFO server.KerberosAuthenticationHandler: Using keytab /etc/security/keytabs/HTTP.keytab, for principal HTTP/om@EXAMPLE.COM
datanode_3  | 2019-10-13 20:00:11,835 INFO server.RaftServerConfigKeys: raft.server.notification.no-leader.timeout = 120s (custom)
scm_1       | 2019-10-13 20:00:09,623 INFO safemode.SCMSafeModeManager: SCM exiting safe mode.
datanode_2  | 2019-10-13 20:00:11,712 INFO storage.RaftStorageDirectory: The storage directory /data/metadata/ratis/5ce60444-6378-4650-93e9-85cb2928c7ea does not exist. Creating ...
datanode_1  | 2019-10-13 20:00:11,835 INFO server.RaftServerConfigKeys: raft.server.log.use.memory = false (default)
s3g_1       | 	at org.jboss.weld.injection.StaticMethodInjectionPoint.invoke(StaticMethodInjectionPoint.java:78)
om_1        | 2019-10-13 20:00:09,505 INFO handler.ContextHandler: Started o.e.j.s.ServletContextHandler@789c3057{/logs,file:///var/log/hadoop/,AVAILABLE}
datanode_3  | 2019-10-13 20:00:11,835 INFO server.RaftServerConfigKeys: raft.server.log.use.memory = false (default)
scm_1       | 2019-10-13 20:00:09,668 INFO net.NetworkTopology: Added a new node: /default-rack/3e901dcb-56fe-4fad-be30-c865a1771b4b
datanode_2  | 2019-10-13 20:00:11,759 INFO storage.RaftStorageDirectory: Lock on /data/metadata/ratis/5ce60444-6378-4650-93e9-85cb2928c7ea/in_use.lock acquired by nodename 7@a0d76c4738af
datanode_1  | 2019-10-13 20:00:11,835 INFO server.RaftServerConfigKeys: raft.server.log.purge.gap = 1000000 (custom)
kdc_1       | WARNING: no policy specified for dn/4fef3b7e9881@EXAMPLE.COM; defaulting to no policy
s3g_1       | 	at org.jboss.weld.injection.producer.ProducerMethodProducer.produce(ProducerMethodProducer.java:100)
om_1        | 2019-10-13 20:00:09,506 INFO handler.ContextHandler: Started o.e.j.s.ServletContextHandler@1e5eb20a{/static,jar:file:/opt/hadoop/share/ozone/lib/hadoop-ozone-ozone-manager-0.5.0-SNAPSHOT.jar!/webapps/static,AVAILABLE}
datanode_3  | 2019-10-13 20:00:11,835 INFO server.RaftServerConfigKeys: raft.server.log.purge.gap = 1000000 (custom)
scm_1       | 2019-10-13 20:00:09,668 INFO node.SCMNodeManager: Registered Data node : 3e901dcb-56fe-4fad-be30-c865a1771b4b{ip: 172.18.0.7, host: ozonesecure_datanode_3.ozonesecure_default, networkLocation: /default-rack, certSerialId: 10518968107169279}
datanode_2  | 2019-10-13 20:00:11,808 INFO storage.RaftStorage: Storage directory /data/metadata/ratis/5ce60444-6378-4650-93e9-85cb2928c7ea has been successfully formatted.
datanode_1  | 2019-10-13 20:00:11,835 INFO server.RaftServerConfigKeys: raft.server.log.appender.buffer.byte-limit = 33554432 (custom)
kdc_1       | Principal "dn/4fef3b7e9881@EXAMPLE.COM" created.
s3g_1       | 	at org.jboss.weld.injection.producer.AbstractMemberProducer.produce(AbstractMemberProducer.java:161)
om_1        | 2019-10-13 20:00:09,605 INFO server.KerberosAuthenticationHandler: Using keytab /etc/security/keytabs/HTTP.keytab, for principal HTTP/om@EXAMPLE.COM
datanode_3  | 2019-10-13 20:00:11,835 INFO server.RaftServerConfigKeys: raft.server.log.appender.buffer.byte-limit = 33554432 (custom)
scm_1       | 2019-10-13 20:00:09,725 INFO net.NetworkTopology: Added a new node: /default-rack/2eec804e-57eb-43d6-a660-f46ef47f845e
datanode_2  | 2019-10-13 20:00:11,808 [pool-9-thread-1] INFO       - group-85CB2928C7EA: The snapshot info is null. Setting the last applied indexto:(t:0, i:~)
datanode_1  | 2019-10-13 20:00:11,835 INFO server.RaftServerConfigKeys: raft.server.log.segment.size.max = 1048576 (custom)
kdc_1       | Authenticating as principal admin/admin with keytab /tmp/admin.keytab.
om_1        | 2019-10-13 20:00:09,610 INFO handler.ContextHandler: Started o.e.j.w.WebAppContext@28babeca{/,file:///tmp/jetty-0.0.0.0-9874-ozoneManager-_-any-6152640550523331647.dir/webapp/,AVAILABLE}{/ozoneManager}
s3g_1       | 	at org.jboss.weld.bean.AbstractProducerBean.create(AbstractProducerBean.java:180)
datanode_3  | 2019-10-13 20:00:11,835 INFO server.RaftServerConfigKeys: raft.server.log.segment.size.max = 1048576 (custom)
scm_1       | 2019-10-13 20:00:09,725 INFO node.SCMNodeManager: Registered Data node : 2eec804e-57eb-43d6-a660-f46ef47f845e{ip: 172.18.0.6, host: ozonesecure_datanode_1.ozonesecure_default, networkLocation: /default-rack, certSerialId: 10518968144827937}
datanode_2  | 2019-10-13 20:00:11,809 INFO server.RaftServerConfigKeys: raft.server.notification.no-leader.timeout = 120s (custom)
datanode_1  | 2019-10-13 20:00:11,835 INFO server.RaftServerConfigKeys: raft.server.log.segment.cache.num.max = 2 (custom)
kdc_1       | Oct 13 19:59:51 kdc kadmind[15](info): closing down fd 18
om_1        | 2019-10-13 20:00:09,615 INFO server.AbstractConnector: Started ServerConnector@6c977dcf{HTTP/1.1,[http/1.1]}{0.0.0.0:9874}
s3g_1       | 	at org.jboss.weld.context.unbound.DependentContextImpl.get(DependentContextImpl.java:70)
datanode_3  | 2019-10-13 20:00:11,835 INFO server.RaftServerConfigKeys: raft.server.log.segment.cache.num.max = 2 (custom)
scm_1       | 2019-10-13 20:00:10,681 INFO pipeline.PipelineStateManager: Created pipeline Pipeline[ Id: d50da212-2474-4e87-8e5e-6ddfad6f78ab, Nodes: 7fb8eafc-e330-45c5-bf5f-aa7353470c7b{ip: 172.18.0.4, host: ozonesecure_datanode_2.ozonesecure_default, networkLocation: /default-rack, certSerialId: null}, Type:RATIS, Factor:ONE, State:OPEN]
datanode_2  | 2019-10-13 20:00:11,809 INFO server.RaftServerConfigKeys: raft.server.log.use.memory = false (default)
datanode_1  | 2019-10-13 20:00:11,835 INFO segmented.SegmentedRaftLogWorker: new 2eec804e-57eb-43d6-a660-f46ef47f845e@group-85CB2928C7EA-SegmentedRaftLogWorker for RaftStorage:Storage Directory /data/metadata/ratis/5ce60444-6378-4650-93e9-85cb2928c7ea
kdc_1       | Oct 13 19:59:51 kdc kadmind[15](Notice): Request: kadm5_init, admin/admin@EXAMPLE.COM, success, client=admin/admin@EXAMPLE.COM, service=kadmin/admin@EXAMPLE.COM, addr=127.0.0.1, vers=4, flavor=6
om_1        | 2019-10-13 20:00:09,615 INFO server.Server: Started @4239ms
s3g_1       | 	at org.jboss.weld.bean.ContextualInstanceStrategy$DefaultContextualInstanceStrategy.get(ContextualInstanceStrategy.java:100)
datanode_3  | 2019-10-13 20:00:11,836 INFO segmented.SegmentedRaftLogWorker: new 3e901dcb-56fe-4fad-be30-c865a1771b4b@group-85CB2928C7EA-SegmentedRaftLogWorker for RaftStorage:Storage Directory /data/metadata/ratis/5ce60444-6378-4650-93e9-85cb2928c7ea
scm_1       | 2019-10-13 20:00:11,166 INFO pipeline.PipelineStateManager: Created pipeline Pipeline[ Id: 69490687-8e1e-4f97-b417-64739c138e00, Nodes: 2eec804e-57eb-43d6-a660-f46ef47f845e{ip: 172.18.0.6, host: ozonesecure_datanode_1.ozonesecure_default, networkLocation: /default-rack, certSerialId: null}, Type:RATIS, Factor:ONE, State:OPEN]
datanode_2  | 2019-10-13 20:00:11,809 INFO server.RaftServerConfigKeys: raft.server.log.purge.gap = 1000000 (custom)
kdc_1       | Oct 13 19:59:51 kdc kadmind[15](Notice): Request: kadm5_get_policy, default, Policy does not exist, client=admin/admin@EXAMPLE.COM, service=kadmin/admin@EXAMPLE.COM, addr=127.0.0.1
datanode_1  | 2019-10-13 20:00:11,836 INFO server.RaftServerConfigKeys: raft.server.log.queue.byte-limit = 2147483647 (custom)
om_1        | 2019-10-13 20:00:09,618 INFO impl.MetricsSinkAdapter: Sink prometheus started
s3g_1       | 	at org.jboss.weld.bean.ContextualInstance.get(ContextualInstance.java:50)
datanode_3  | 2019-10-13 20:00:11,836 INFO server.RaftServerConfigKeys: raft.server.log.queue.byte-limit = 2147483647 (custom)
datanode_2  | 2019-10-13 20:00:11,809 INFO server.RaftServerConfigKeys: raft.server.log.appender.buffer.byte-limit = 33554432 (custom)
scm_1       | 2019-10-13 20:00:11,657 INFO pipeline.PipelineStateManager: Created pipeline Pipeline[ Id: fef92299-3ba3-4a24-9032-8865565b0909, Nodes: 3e901dcb-56fe-4fad-be30-c865a1771b4b{ip: 172.18.0.7, host: ozonesecure_datanode_3.ozonesecure_default, networkLocation: /default-rack, certSerialId: null}, Type:RATIS, Factor:ONE, State:OPEN]
kdc_1       | Oct 13 19:59:51 kdc kadmind[15](Notice): Request: kadm5_create_principal, HTTP/om@EXAMPLE.COM, success, client=admin/admin@EXAMPLE.COM, service=kadmin/admin@EXAMPLE.COM, addr=127.0.0.1
datanode_1  | 2019-10-13 20:00:11,836 INFO server.RaftServerConfigKeys: raft.server.log.queue.element-limit = 1024 (custom)
s3g_1       | 	at org.jboss.weld.manager.BeanManagerImpl.getReference(BeanManagerImpl.java:785)
datanode_3  | 2019-10-13 20:00:11,836 INFO server.RaftServerConfigKeys: raft.server.log.queue.element-limit = 1024 (custom)
om_1        | 2019-10-13 20:00:09,618 INFO impl.MetricsSystemImpl: Registered sink prometheus
datanode_2  | 2019-10-13 20:00:11,809 INFO server.RaftServerConfigKeys: raft.server.log.segment.size.max = 1048576 (custom)
datanode_1  | 2019-10-13 20:00:11,836 INFO server.RaftServerConfigKeys: raft.server.log.segment.size.max = 1048576 (custom)
kdc_1       | Oct 13 19:59:51 kdc kadmind[15](info): closing down fd 18
scm_1       | 2019-10-13 20:00:11,859 INFO pipeline.PipelineStateManager: Created pipeline Pipeline[ Id: 5ce60444-6378-4650-93e9-85cb2928c7ea, Nodes: 2eec804e-57eb-43d6-a660-f46ef47f845e{ip: 172.18.0.6, host: ozonesecure_datanode_1.ozonesecure_default, networkLocation: /default-rack, certSerialId: null}7fb8eafc-e330-45c5-bf5f-aa7353470c7b{ip: 172.18.0.4, host: ozonesecure_datanode_2.ozonesecure_default, networkLocation: /default-rack, certSerialId: null}3e901dcb-56fe-4fad-be30-c865a1771b4b{ip: 172.18.0.7, host: ozonesecure_datanode_3.ozonesecure_default, networkLocation: /default-rack, certSerialId: null}, Type:RATIS, Factor:THREE, State:OPEN]
s3g_1       | 	at org.jboss.weld.manager.BeanManagerImpl.getInjectableReference(BeanManagerImpl.java:885)
datanode_3  | 2019-10-13 20:00:11,836 INFO server.RaftServerConfigKeys: raft.server.log.segment.size.max = 1048576 (custom)
om_1        | 2019-10-13 20:00:09,620 INFO server.BaseHttpServer: HTTP server of OZONEMANAGER is listening at http://0.0.0.0:9874
datanode_2  | 2019-10-13 20:00:11,810 INFO server.RaftServerConfigKeys: raft.server.log.segment.cache.num.max = 2 (custom)
datanode_1  | 2019-10-13 20:00:11,836 INFO server.RaftServerConfigKeys: raft.server.log.preallocated.size = 16384 (custom)
kdc_1       | Oct 13 19:59:51 kdc kadmind[15](Notice): Request: kadm5_init, admin/admin@EXAMPLE.COM, success, client=admin/admin@EXAMPLE.COM, service=kadmin/admin@EXAMPLE.COM, addr=127.0.0.1, vers=4, flavor=6
scm_1       | 2019-10-13 20:00:26,213 INFO ipc.Server: Auth successful for om/om@EXAMPLE.COM (auth:KERBEROS)
s3g_1       | 	at org.jboss.weld.injection.FieldInjectionPoint.inject(FieldInjectionPoint.java:92)
datanode_3  | 2019-10-13 20:00:11,836 INFO server.RaftServerConfigKeys: raft.server.log.preallocated.size = 16384 (custom)
om_1        | 2019-10-13 20:00:25,779 INFO ipc.Server: Auth successful for HTTP/scm@EXAMPLE.COM (auth:KERBEROS)
datanode_2  | 2019-10-13 20:00:11,810 INFO segmented.SegmentedRaftLogWorker: new 7fb8eafc-e330-45c5-bf5f-aa7353470c7b@group-85CB2928C7EA-SegmentedRaftLogWorker for RaftStorage:Storage Directory /data/metadata/ratis/5ce60444-6378-4650-93e9-85cb2928c7ea
datanode_1  | 2019-10-13 20:00:11,836 INFO server.RaftServerConfigKeys: raft.server.log.write.buffer.size = 33554432 (custom)
kdc_1       | Oct 13 19:59:51 kdc kadmind[15](Notice): Request: kadm5_randkey_principal, HTTP/om@EXAMPLE.COM, success, client=admin/admin@EXAMPLE.COM, service=kadmin/admin@EXAMPLE.COM, addr=127.0.0.1
scm_1       | 2019-10-13 20:00:26,216 INFO authorize.ServiceAuthorizationManager: Authorization successful for om/om@EXAMPLE.COM (auth:KERBEROS) for protocol=interface org.apache.hadoop.hdds.scm.protocol.StorageContainerLocationProtocol
s3g_1       | 	at org.jboss.weld.util.Beans.injectBoundFields(Beans.java:358)
datanode_3  | 2019-10-13 20:00:11,836 INFO server.RaftServerConfigKeys: raft.server.log.write.buffer.size = 33554432 (custom)
om_1        | 2019-10-13 20:00:25,827 INFO authorize.ServiceAuthorizationManager: Authorization successful for HTTP/scm@EXAMPLE.COM (auth:KERBEROS) for protocol=interface org.apache.hadoop.ozone.om.protocol.OzoneManagerProtocol
datanode_2  | 2019-10-13 20:00:11,810 INFO server.RaftServerConfigKeys: raft.server.log.queue.byte-limit = 2147483647 (custom)
datanode_1  | 2019-10-13 20:00:11,836 INFO server.RaftServerConfigKeys: raft.server.log.force.sync.num = 128 (default)
kdc_1       | Oct 13 19:59:51 kdc kadmind[15](Notice): Request: kadm5_get_principal, HTTP/om@EXAMPLE.COM, success, client=admin/admin@EXAMPLE.COM, service=kadmin/admin@EXAMPLE.COM, addr=127.0.0.1
scm_1       | 2019-10-13 20:00:27,781 INFO ipc.Server: Auth successful for om/om@EXAMPLE.COM (auth:KERBEROS)
s3g_1       | 	at org.jboss.weld.util.Beans.injectFieldsAndInitializers(Beans.java:369)
datanode_3  | 2019-10-13 20:00:11,836 INFO server.RaftServerConfigKeys: raft.server.log.force.sync.num = 128 (default)
om_1        | 2019-10-13 20:00:27,112 [IPC Server handler 4 on 9862] INFO       - created volume:vol-0-32479 for user:HTTP/scm@EXAMPLE.COM
datanode_2  | 2019-10-13 20:00:11,810 INFO server.RaftServerConfigKeys: raft.server.log.queue.element-limit = 1024 (custom)
datanode_1  | 2019-10-13 20:00:11,836 INFO server.RaftServerConfigKeys: raft.server.log.statemachine.data.sync = true (default)
kdc_1       | Oct 13 19:59:51 kdc kadmind[15](info): closing down fd 18
scm_1       | 2019-10-13 20:00:27,784 INFO authorize.ServiceAuthorizationManager: Authorization successful for om/om@EXAMPLE.COM (auth:KERBEROS) for protocol=interface org.apache.hadoop.hdds.scm.protocol.ScmBlockLocationProtocol
s3g_1       | 	at org.jboss.weld.injection.producer.ResourceInjector$1.proceed(ResourceInjector.java:70)
datanode_3  | 2019-10-13 20:00:11,836 INFO server.RaftServerConfigKeys: raft.server.log.statemachine.data.sync = true (default)
datanode_2  | 2019-10-13 20:00:11,810 INFO server.RaftServerConfigKeys: raft.server.log.segment.size.max = 1048576 (custom)
om_1        | 2019-10-13 20:00:27,142 [IPC Server handler 2 on 9862] INFO       - created volume:vol-1-94932 for user:HTTP/scm@EXAMPLE.COM
datanode_1  | 2019-10-13 20:00:11,836 INFO server.RaftServerConfigKeys: raft.server.log.statemachine.data.sync.timeout = 10s (default)
kdc_1       | Oct 13 19:59:51 kdc kadmind[15](Notice): Request: kadm5_init, admin/admin@EXAMPLE.COM, success, client=admin/admin@EXAMPLE.COM, service=kadmin/admin@EXAMPLE.COM, addr=127.0.0.1, vers=4, flavor=6
scm_1       | 2019-10-13 20:00:27,791 INFO pipeline.PipelineStateManager: Created pipeline Pipeline[ Id: eb51e765-db5c-4348-a1b5-2cd10fec25b3, Nodes: 7fb8eafc-e330-45c5-bf5f-aa7353470c7b{ip: 172.18.0.4, host: ozonesecure_datanode_2.ozonesecure_default, networkLocation: /default-rack, certSerialId: null}, Type:STAND_ALONE, Factor:ONE, State:OPEN]
s3g_1       | 	at org.jboss.weld.injection.InjectionContextImpl.run(InjectionContextImpl.java:48)
datanode_3  | 2019-10-13 20:00:11,837 INFO server.RaftServerConfigKeys: raft.server.log.statemachine.data.sync.timeout = 10s (default)
datanode_2  | 2019-10-13 20:00:11,810 INFO server.RaftServerConfigKeys: raft.server.log.preallocated.size = 16384 (custom)
om_1        | 2019-10-13 20:00:27,155 [IPC Server handler 5 on 9862] INFO       - created volume:vol-2-13536 for user:HTTP/scm@EXAMPLE.COM
datanode_1  | 2019-10-13 20:00:11,837 INFO server.RaftServerConfigKeys: raft.server.log.statemachine.data.sync.timeout.retry = -1 (default)
kdc_1       | Oct 13 19:59:51 kdc kadmind[15](Notice): Request: kadm5_get_policy, default, Policy does not exist, client=admin/admin@EXAMPLE.COM, service=kadmin/admin@EXAMPLE.COM, addr=127.0.0.1
scm_1       | 2019-10-13 20:00:29,143 INFO ipc.Server: Auth successful for dn/a0d76c4738af@EXAMPLE.COM (auth:KERBEROS)
s3g_1       | 	at org.jboss.weld.injection.producer.ResourceInjector.inject(ResourceInjector.java:72)
datanode_3  | 2019-10-13 20:00:11,837 INFO server.RaftServerConfigKeys: raft.server.log.statemachine.data.sync.timeout.retry = -1 (default)
datanode_2  | 2019-10-13 20:00:11,810 INFO server.RaftServerConfigKeys: raft.server.log.write.buffer.size = 33554432 (custom)
om_1        | 2019-10-13 20:00:27,165 [IPC Server handler 7 on 9862] INFO       - created volume:vol-3-77203 for user:HTTP/scm@EXAMPLE.COM
datanode_1  | 2019-10-13 20:00:11,837 INFO server.RaftServerConfigKeys: raft.server.log.statemachine.data.caching.enabled = true (custom)
kdc_1       | Oct 13 19:59:51 kdc kadmind[15](Notice): Request: kadm5_create_principal, HTTP/e8eb57b51be0@EXAMPLE.COM, success, client=admin/admin@EXAMPLE.COM, service=kadmin/admin@EXAMPLE.COM, addr=127.0.0.1
scm_1       | 2019-10-13 20:00:29,146 INFO authorize.ServiceAuthorizationManager: Authorization successful for dn/a0d76c4738af@EXAMPLE.COM (auth:KERBEROS) for protocol=interface org.apache.hadoop.hdds.protocol.SCMSecurityProtocol
s3g_1       | 	at org.jboss.weld.injection.producer.BasicInjectionTarget.inject(BasicInjectionTarget.java:117)
datanode_3  | 2019-10-13 20:00:11,837 INFO server.RaftServerConfigKeys: raft.server.log.statemachine.data.caching.enabled = true (custom)
datanode_2  | 2019-10-13 20:00:11,810 INFO server.RaftServerConfigKeys: raft.server.log.force.sync.num = 128 (default)
om_1        | 2019-10-13 20:00:27,176 [IPC Server handler 10 on 9862] INFO       - created volume:vol-4-96597 for user:HTTP/scm@EXAMPLE.COM
datanode_1  | 2019-10-13 20:00:11,837 INFO segmented.SegmentedRaftLogWorker: 2eec804e-57eb-43d6-a660-f46ef47f845e@group-85CB2928C7EA-SegmentedRaftLogWorker: flushIndex: setUnconditionally 0 -> -1
kdc_1       | Oct 13 19:59:51 kdc kadmind[15](info): closing down fd 18
scm_1       | 2019-10-13 20:00:32,698 INFO ipc.Server: Auth successful for dn/a0d76c4738af@EXAMPLE.COM (auth:KERBEROS)
s3g_1       | 	at org.glassfish.jersey.ext.cdi1x.internal.CdiComponentProvider$InjectionManagerInjectedCdiTarget.inject(CdiComponentProvider.java:873)
datanode_3  | 2019-10-13 20:00:11,838 INFO segmented.SegmentedRaftLogWorker: 3e901dcb-56fe-4fad-be30-c865a1771b4b@group-85CB2928C7EA-SegmentedRaftLogWorker: flushIndex: setUnconditionally 0 -> -1
datanode_2  | 2019-10-13 20:00:11,810 INFO server.RaftServerConfigKeys: raft.server.log.statemachine.data.sync = true (default)
om_1        | 2019-10-13 20:00:44,576 INFO ipc.Server: Auth successful for testuser/scm@EXAMPLE.COM (auth:KERBEROS)
datanode_1  | 2019-10-13 20:00:11,837 INFO server.RaftServerConfigKeys: raft.server.snapshot.auto.trigger.enabled = true (custom)
kdc_1       | Oct 13 19:59:51 kdc kadmind[15](Notice): Request: kadm5_init, admin/admin@EXAMPLE.COM, success, client=admin/admin@EXAMPLE.COM, service=kadmin/admin@EXAMPLE.COM, addr=127.0.0.1, vers=4, flavor=6
s3g_1       | 	at org.jboss.weld.bean.ManagedBean.create(ManagedBean.java:159)
scm_1       | 2019-10-13 20:00:32,701 INFO authorize.ServiceAuthorizationManager: Authorization successful for dn/a0d76c4738af@EXAMPLE.COM (auth:KERBEROS) for protocol=interface org.apache.hadoop.ozone.protocol.StorageContainerDatanodeProtocol
datanode_3  | 2019-10-13 20:00:11,838 INFO server.RaftServerConfigKeys: raft.server.snapshot.auto.trigger.enabled = true (custom)
datanode_2  | 2019-10-13 20:00:11,810 INFO server.RaftServerConfigKeys: raft.server.log.statemachine.data.sync.timeout = 10s (default)
om_1        | 2019-10-13 20:00:44,587 INFO authorize.ServiceAuthorizationManager: Authorization successful for testuser/scm@EXAMPLE.COM (auth:KERBEROS) for protocol=interface org.apache.hadoop.ozone.om.protocol.OzoneManagerProtocol
datanode_1  | 2019-10-13 20:00:11,838 INFO server.RaftServerConfigKeys: raft.server.snapshot.auto.trigger.threshold = 10000 (custom)
kdc_1       | Oct 13 19:59:51 kdc kadmind[15](Notice): Request: kadm5_randkey_principal, HTTP/e8eb57b51be0@EXAMPLE.COM, success, client=admin/admin@EXAMPLE.COM, service=kadmin/admin@EXAMPLE.COM, addr=127.0.0.1
s3g_1       | 	at org.jboss.weld.context.unbound.DependentContextImpl.get(DependentContextImpl.java:70)
scm_1       | 2019-10-13 20:00:41,720 INFO ipc.Server: Auth successful for dn/c11efb72acc8@EXAMPLE.COM (auth:KERBEROS)
datanode_3  | 2019-10-13 20:00:11,838 INFO server.RaftServerConfigKeys: raft.server.snapshot.auto.trigger.threshold = 10000 (custom)
datanode_2  | 2019-10-13 20:00:11,810 INFO server.RaftServerConfigKeys: raft.server.log.statemachine.data.sync.timeout.retry = -1 (default)
datanode_1  | 2019-10-13 20:00:11,838 INFO server.RaftServerConfigKeys: raft.server.snapshot.retention.file.num = 5 (custom)
om_1        | 2019-10-13 20:00:45,308 [IPC Server handler 0 on 9862] INFO       - created volume:04740-rpcwoport for user:testuser/scm@EXAMPLE.COM
kdc_1       | Oct 13 19:59:51 kdc kadmind[15](Notice): Request: kadm5_get_principal, HTTP/e8eb57b51be0@EXAMPLE.COM, success, client=admin/admin@EXAMPLE.COM, service=kadmin/admin@EXAMPLE.COM, addr=127.0.0.1
s3g_1       | 	at org.jboss.weld.bean.ContextualInstanceStrategy$DefaultContextualInstanceStrategy.get(ContextualInstanceStrategy.java:100)
scm_1       | 2019-10-13 20:00:41,723 INFO authorize.ServiceAuthorizationManager: Authorization successful for dn/c11efb72acc8@EXAMPLE.COM (auth:KERBEROS) for protocol=interface org.apache.hadoop.ozone.protocol.StorageContainerDatanodeProtocol
datanode_3  | 2019-10-13 20:00:11,838 INFO server.RaftServerConfigKeys: raft.server.snapshot.retention.file.num = 5 (custom)
datanode_2  | 2019-10-13 20:00:11,811 INFO server.RaftServerConfigKeys: raft.server.log.statemachine.data.caching.enabled = true (custom)
datanode_1  | 2019-10-13 20:00:11,838 INFO server.RaftServerConfigKeys: raft.server.retrycache.expirytime = 600000ms (custom)
om_1        | 2019-10-13 20:00:47,276 INFO ipc.Server: Auth successful for testuser/scm@EXAMPLE.COM (auth:KERBEROS)
kdc_1       | Oct 13 19:59:51 kdc kadmind[15](info): closing down fd 18
s3g_1       | 	at org.jboss.weld.bean.ContextualInstance.get(ContextualInstance.java:50)
scm_1       | 2019-10-13 20:00:41,732 INFO ipc.Server: Auth successful for dn/4fef3b7e9881@EXAMPLE.COM (auth:KERBEROS)
datanode_3  | 2019-10-13 20:00:11,838 INFO server.RaftServerConfigKeys: raft.server.retrycache.expirytime = 600000ms (custom)
datanode_1  | 2019-10-13 20:00:11,844 INFO impl.RaftServerImpl: 2eec804e-57eb-43d6-a660-f46ef47f845e@group-85CB2928C7EA: start as a follower, conf=-1: [3e901dcb-56fe-4fad-be30-c865a1771b4b:172.18.0.7:9858, 2eec804e-57eb-43d6-a660-f46ef47f845e:172.18.0.6:9858, 7fb8eafc-e330-45c5-bf5f-aa7353470c7b:172.18.0.4:9858], old=null
datanode_2  | 2019-10-13 20:00:11,811 INFO segmented.SegmentedRaftLogWorker: 7fb8eafc-e330-45c5-bf5f-aa7353470c7b@group-85CB2928C7EA-SegmentedRaftLogWorker: flushIndex: setUnconditionally 0 -> -1
kdc_1       | Oct 13 19:59:52 kdc kadmind[15](Notice): Request: kadm5_init, admin/admin@EXAMPLE.COM, success, client=admin/admin@EXAMPLE.COM, service=kadmin/admin@EXAMPLE.COM, addr=127.0.0.1, vers=4, flavor=6
s3g_1       | 	at org.jboss.weld.manager.BeanManagerImpl.getReference(BeanManagerImpl.java:785)
scm_1       | 2019-10-13 20:00:41,736 INFO authorize.ServiceAuthorizationManager: Authorization successful for dn/4fef3b7e9881@EXAMPLE.COM (auth:KERBEROS) for protocol=interface org.apache.hadoop.ozone.protocol.StorageContainerDatanodeProtocol
datanode_3  | 2019-10-13 20:00:11,844 INFO impl.RaftServerImpl: 3e901dcb-56fe-4fad-be30-c865a1771b4b@group-85CB2928C7EA: start as a follower, conf=-1: [3e901dcb-56fe-4fad-be30-c865a1771b4b:172.18.0.7:9858, 2eec804e-57eb-43d6-a660-f46ef47f845e:172.18.0.6:9858, 7fb8eafc-e330-45c5-bf5f-aa7353470c7b:172.18.0.4:9858], old=null
datanode_1  | 2019-10-13 20:00:11,844 INFO impl.RaftServerImpl: 2eec804e-57eb-43d6-a660-f46ef47f845e@group-85CB2928C7EA: changes role from      null to FOLLOWER at term 0 for startAsFollower
datanode_2  | 2019-10-13 20:00:11,811 INFO server.RaftServerConfigKeys: raft.server.snapshot.auto.trigger.enabled = true (custom)
om_1        | 2019-10-13 20:00:47,287 INFO authorize.ServiceAuthorizationManager: Authorization successful for testuser/scm@EXAMPLE.COM (auth:KERBEROS) for protocol=interface org.apache.hadoop.ozone.om.protocol.OzoneManagerProtocol
kdc_1       | Oct 13 19:59:52 kdc kadmind[15](Notice): Request: kadm5_get_policy, default, Policy does not exist, client=admin/admin@EXAMPLE.COM, service=kadmin/admin@EXAMPLE.COM, addr=127.0.0.1
s3g_1       | 	at org.jboss.weld.manager.BeanManagerImpl.getReference(BeanManagerImpl.java:808)
datanode_3  | 2019-10-13 20:00:11,844 INFO impl.RaftServerImpl: 3e901dcb-56fe-4fad-be30-c865a1771b4b@group-85CB2928C7EA: changes role from      null to FOLLOWER at term 0 for startAsFollower
scm_1       | 2019-10-13 20:00:44,603 INFO ipc.Server: Auth successful for om/om@EXAMPLE.COM (auth:KERBEROS)
datanode_1  | 2019-10-13 20:00:11,844 INFO impl.RoleInfo: 2eec804e-57eb-43d6-a660-f46ef47f845e: start FollowerState
datanode_2  | 2019-10-13 20:00:11,811 INFO server.RaftServerConfigKeys: raft.server.snapshot.auto.trigger.threshold = 10000 (custom)
om_1        | 2019-10-13 20:00:49,920 INFO ipc.Server: Auth successful for testuser/scm@EXAMPLE.COM (auth:KERBEROS)
kdc_1       | Oct 13 19:59:52 kdc kadmind[15](Notice): Request: kadm5_create_principal, HTTP/a0d76c4738af@EXAMPLE.COM, success, client=admin/admin@EXAMPLE.COM, service=kadmin/admin@EXAMPLE.COM, addr=127.0.0.1
datanode_3  | 2019-10-13 20:00:11,844 INFO impl.RoleInfo: 3e901dcb-56fe-4fad-be30-c865a1771b4b: start FollowerState
s3g_1       | 	at org.jboss.weld.util.ForwardingBeanManager.getReference(ForwardingBeanManager.java:61)
scm_1       | 2019-10-13 20:00:44,605 INFO authorize.ServiceAuthorizationManager: Authorization successful for om/om@EXAMPLE.COM (auth:KERBEROS) for protocol=interface org.apache.hadoop.hdds.scm.protocol.StorageContainerLocationProtocol
datanode_1  | 2019-10-13 20:00:11,845 INFO util.JmxRegister: Successfully registered JMX Bean with object name Ratis:service=RaftServer,group=group-85CB2928C7EA,id=2eec804e-57eb-43d6-a660-f46ef47f845e
datanode_2  | 2019-10-13 20:00:11,812 INFO server.RaftServerConfigKeys: raft.server.snapshot.retention.file.num = 5 (custom)
om_1        | 2019-10-13 20:00:49,932 INFO authorize.ServiceAuthorizationManager: Authorization successful for testuser/scm@EXAMPLE.COM (auth:KERBEROS) for protocol=interface org.apache.hadoop.ozone.om.protocol.OzoneManagerProtocol
kdc_1       | Oct 13 19:59:52 kdc kadmind[15](info): closing down fd 18
datanode_3  | 2019-10-13 20:00:11,845 INFO util.JmxRegister: Successfully registered JMX Bean with object name Ratis:service=RaftServer,group=group-85CB2928C7EA,id=3e901dcb-56fe-4fad-be30-c865a1771b4b
s3g_1       | 	at org.jboss.weld.bean.builtin.BeanManagerProxy.getReference(BeanManagerProxy.java:85)
scm_1       | 2019-10-13 20:01:03,516 INFO ipc.Server: Auth successful for dn/a0d76c4738af@EXAMPLE.COM (auth:KERBEROS)
datanode_1  | 2019-10-13 20:00:16,254 INFO impl.FollowerState: 2eec804e-57eb-43d6-a660-f46ef47f845e@group-64739C138E00-FollowerState: change to CANDIDATE, lastRpcTime:5155ms, electionTimeout:5154ms
datanode_2  | 2019-10-13 20:00:11,812 INFO server.RaftServerConfigKeys: raft.server.retrycache.expirytime = 600000ms (custom)
om_1        | 2019-10-13 20:00:52,378 INFO ipc.Server: Auth successful for testuser/scm@EXAMPLE.COM (auth:KERBEROS)
kdc_1       | Oct 13 19:59:52 kdc kadmind[15](Notice): Request: kadm5_init, admin/admin@EXAMPLE.COM, success, client=admin/admin@EXAMPLE.COM, service=kadmin/admin@EXAMPLE.COM, addr=127.0.0.1, vers=4, flavor=6
datanode_3  | 2019-10-13 20:00:16,612 INFO impl.FollowerState: 3e901dcb-56fe-4fad-be30-c865a1771b4b@group-8865565B0909-FollowerState: change to CANDIDATE, lastRpcTime:5019ms, electionTimeout:5018ms
s3g_1       | 	at org.glassfish.jersey.ext.cdi1x.internal.CdiUtil.getBeanReference(CdiUtil.java:151)
scm_1       | 2019-10-13 20:01:03,519 INFO authorize.ServiceAuthorizationManager: Authorization successful for dn/a0d76c4738af@EXAMPLE.COM (auth:KERBEROS) for protocol=interface org.apache.hadoop.ozone.protocol.StorageContainerDatanodeProtocol
datanode_1  | 2019-10-13 20:00:16,256 INFO impl.RoleInfo: 2eec804e-57eb-43d6-a660-f46ef47f845e: shutdown FollowerState
datanode_2  | 2019-10-13 20:00:11,816 INFO impl.RaftServerImpl: 7fb8eafc-e330-45c5-bf5f-aa7353470c7b@group-85CB2928C7EA: start as a follower, conf=-1: [3e901dcb-56fe-4fad-be30-c865a1771b4b:172.18.0.7:9858, 2eec804e-57eb-43d6-a660-f46ef47f845e:172.18.0.6:9858, 7fb8eafc-e330-45c5-bf5f-aa7353470c7b:172.18.0.4:9858], old=null
om_1        | 2019-10-13 20:00:52,392 INFO authorize.ServiceAuthorizationManager: Authorization successful for testuser/scm@EXAMPLE.COM (auth:KERBEROS) for protocol=interface org.apache.hadoop.ozone.om.protocol.OzoneManagerProtocol
om_1        | 2019-10-13 20:00:55,025 INFO ipc.Server: Auth successful for testuser/scm@EXAMPLE.COM (auth:KERBEROS)
datanode_3  | 2019-10-13 20:00:16,614 INFO impl.RoleInfo: 3e901dcb-56fe-4fad-be30-c865a1771b4b: shutdown FollowerState
s3g_1       | 	at org.glassfish.jersey.ext.cdi1x.internal.AbstractCdiBeanSupplier$1.getInstance(AbstractCdiBeanSupplier.java:93)
scm_1       | 2019-10-13 20:01:05,978 INFO ipc.Server: Auth successful for om/om@EXAMPLE.COM (auth:KERBEROS)
datanode_1  | 2019-10-13 20:00:16,257 INFO impl.RaftServerImpl: 2eec804e-57eb-43d6-a660-f46ef47f845e@group-64739C138E00: changes role from  FOLLOWER to CANDIDATE at term 0 for changeToCandidate
datanode_2  | 2019-10-13 20:00:11,816 INFO impl.RaftServerImpl: 7fb8eafc-e330-45c5-bf5f-aa7353470c7b@group-85CB2928C7EA: changes role from      null to FOLLOWER at term 0 for startAsFollower
kdc_1       | Oct 13 19:59:52 kdc kadmind[15](Notice): Request: kadm5_randkey_principal, HTTP/a0d76c4738af@EXAMPLE.COM, success, client=admin/admin@EXAMPLE.COM, service=kadmin/admin@EXAMPLE.COM, addr=127.0.0.1
om_1        | 2019-10-13 20:00:55,037 INFO authorize.ServiceAuthorizationManager: Authorization successful for testuser/scm@EXAMPLE.COM (auth:KERBEROS) for protocol=interface org.apache.hadoop.ozone.om.protocol.OzoneManagerProtocol
datanode_3  | 2019-10-13 20:00:16,615 INFO impl.RaftServerImpl: 3e901dcb-56fe-4fad-be30-c865a1771b4b@group-8865565B0909: changes role from  FOLLOWER to CANDIDATE at term 0 for changeToCandidate
s3g_1       | 	at org.glassfish.jersey.ext.cdi1x.internal.AbstractCdiBeanSupplier._provide(AbstractCdiBeanSupplier.java:127)
scm_1       | 2019-10-13 20:01:05,980 INFO authorize.ServiceAuthorizationManager: Authorization successful for om/om@EXAMPLE.COM (auth:KERBEROS) for protocol=interface org.apache.hadoop.hdds.scm.protocol.ScmBlockLocationProtocol
datanode_1  | 2019-10-13 20:00:16,260 INFO impl.RoleInfo: 2eec804e-57eb-43d6-a660-f46ef47f845e: start LeaderElection
datanode_2  | 2019-10-13 20:00:11,816 INFO impl.RoleInfo: 7fb8eafc-e330-45c5-bf5f-aa7353470c7b: start FollowerState
kdc_1       | Oct 13 19:59:52 kdc kadmind[15](Notice): Request: kadm5_get_principal, HTTP/a0d76c4738af@EXAMPLE.COM, success, client=admin/admin@EXAMPLE.COM, service=kadmin/admin@EXAMPLE.COM, addr=127.0.0.1
om_1        | 2019-10-13 20:00:57,449 INFO ipc.Server: Auth successful for testuser/scm@EXAMPLE.COM (auth:KERBEROS)
datanode_3  | 2019-10-13 20:00:16,619 INFO impl.RoleInfo: 3e901dcb-56fe-4fad-be30-c865a1771b4b: start LeaderElection
s3g_1       | 	at org.glassfish.jersey.ext.cdi1x.internal.RequestScopedCdiBeanSupplier.get(RequestScopedCdiBeanSupplier.java:70)
scm_1       | 2019-10-13 20:01:07,248 INFO ipc.Server: Auth successful for dn/4fef3b7e9881@EXAMPLE.COM (auth:KERBEROS)
datanode_1  | 2019-10-13 20:00:16,285 INFO impl.LeaderElection: 2eec804e-57eb-43d6-a660-f46ef47f845e@group-64739C138E00-LeaderElection1: begin an election at term 1 for -1: [2eec804e-57eb-43d6-a660-f46ef47f845e:172.18.0.6:9858], old=null
datanode_2  | 2019-10-13 20:00:11,817 INFO util.JmxRegister: Successfully registered JMX Bean with object name Ratis:service=RaftServer,group=group-85CB2928C7EA,id=7fb8eafc-e330-45c5-bf5f-aa7353470c7b
kdc_1       | Oct 13 19:59:52 kdc kadmind[15](info): closing down fd 18
om_1        | 2019-10-13 20:00:57,459 INFO authorize.ServiceAuthorizationManager: Authorization successful for testuser/scm@EXAMPLE.COM (auth:KERBEROS) for protocol=interface org.apache.hadoop.ozone.om.protocol.OzoneManagerProtocol
datanode_3  | 2019-10-13 20:00:16,657 INFO impl.LeaderElection: 3e901dcb-56fe-4fad-be30-c865a1771b4b@group-8865565B0909-LeaderElection1: begin an election at term 1 for -1: [3e901dcb-56fe-4fad-be30-c865a1771b4b:172.18.0.7:9858], old=null
s3g_1       | 	at org.glassfish.jersey.inject.hk2.InstanceSupplierFactoryBridge.provide(InstanceSupplierFactoryBridge.java:77)
scm_1       | 2019-10-13 20:01:07,253 INFO authorize.ServiceAuthorizationManager: Authorization successful for dn/4fef3b7e9881@EXAMPLE.COM (auth:KERBEROS) for protocol=interface org.apache.hadoop.hdds.protocol.SCMSecurityProtocol
datanode_1  | 2019-10-13 20:00:16,286 INFO impl.RoleInfo: 2eec804e-57eb-43d6-a660-f46ef47f845e: shutdown LeaderElection
