rm_1        | 2019-10-13 19:35:48 INFO  ContextHandler:781 - Started o.e.j.s.ServletContextHandler@38831718{/static,jar:file:/opt/hadoop/share/hadoop/yarn/hadoop-yarn-common-3.1.2.jar!/webapps/static,AVAILABLE}
datanode_1  | 2019-10-13 19:35:56,738 INFO server.RaftServerConfigKeys: raft.server.snapshot.auto.trigger.enabled = true (custom)
datanode_3  | 2019-10-13 19:36:01,593 INFO impl.LeaderElection: 3320ae53-cf34-4464-9c7a-52cbfab447ca@group-A52D98F458EB-LeaderElection1: begin an election at term 1 for -1: [3320ae53-cf34-4464-9c7a-52cbfab447ca:172.18.0.9:9858], old=null
nm_1        | 2019-10-13 19:35:51 INFO  NMContainerTokenSecretManager:143 - Rolling master-key for container-tokens, got key with id 1126861067
rm_1        | Oct 13, 2019 7:35:49 PM com.sun.jersey.guice.spi.container.GuiceComponentProviderFactory register
datanode_3  | 2019-10-13 19:36:01,595 INFO impl.RoleInfo: 3320ae53-cf34-4464-9c7a-52cbfab447ca: shutdown LeaderElection
datanode_1  | 2019-10-13 19:35:56,738 INFO server.RaftServerConfigKeys: raft.server.snapshot.auto.trigger.threshold = 10000 (custom)
datanode_2  | 2019-10-13 19:35:56,737 INFO server.RaftServerConfigKeys: raft.server.log.statemachine.data.sync.timeout.retry = -1 (default)
nm_1        | 2019-10-13 19:35:51 INFO  NMTokenSecretManagerInNM:143 - Rolling master-key for container-tokens, got key with id 301124756
rm_1        | INFO: Registering org.apache.hadoop.yarn.server.resourcemanager.webapp.JAXBContextResolver as a provider class
datanode_3  | 2019-10-13 19:36:01,596 INFO impl.RaftServerImpl: 3320ae53-cf34-4464-9c7a-52cbfab447ca@group-A52D98F458EB: changes role from CANDIDATE to LEADER at term 1 for changeToLeader
datanode_1  | 2019-10-13 19:35:56,738 INFO server.RaftServerConfigKeys: raft.server.snapshot.retention.file.num = 5 (custom)
datanode_2  | 2019-10-13 19:35:56,738 INFO server.RaftServerConfigKeys: raft.server.log.statemachine.data.caching.enabled = true (custom)
nm_1        | 2019-10-13 19:35:51 INFO  NodeStatusUpdaterImpl:466 - Registered with ResourceManager as nm:45364 with total resource of <memory:8192, vCores:8>
rm_1        | Oct 13, 2019 7:35:49 PM com.sun.jersey.guice.spi.container.GuiceComponentProviderFactory register
datanode_3  | 2019-10-13 19:36:01,596 INFO impl.RaftServerImpl: 3320ae53-cf34-4464-9c7a-52cbfab447ca@group-A52D98F458EB: change Leader from null to 3320ae53-cf34-4464-9c7a-52cbfab447ca at term 1 for becomeLeader, leader elected after 5169ms
datanode_1  | 2019-10-13 19:35:56,738 INFO server.RaftServerConfigKeys: raft.server.retrycache.expirytime = 600000ms (custom)
datanode_2  | 2019-10-13 19:35:56,739 INFO segmented.SegmentedRaftLogWorker: 5880c893-7ea4-4461-9d7b-752690bfec3b@group-4867792CAC3F-SegmentedRaftLogWorker: flushIndex: setUnconditionally 0 -> -1
nm_1        | 2019-10-13 19:36:50 INFO  Server:1845 - Auth successful for appattempt_1570995350933_0001_000001 (auth:SIMPLE)
rm_1        | INFO: Registering org.apache.hadoop.yarn.server.resourcemanager.webapp.RMWebServices as a root resource class
datanode_3  | 2019-10-13 19:36:01,602 INFO server.RaftServerConfigKeys: raft.server.staging.catchup.gap = 1000 (default)
datanode_1  | 2019-10-13 19:35:56,743 INFO impl.RaftServerImpl: 63e9f001-0726-478f-a6fa-0a9a0ea087cd@group-4867792CAC3F: start as a follower, conf=-1: [63e9f001-0726-478f-a6fa-0a9a0ea087cd:172.18.0.8:9858, 3320ae53-cf34-4464-9c7a-52cbfab447ca:172.18.0.9:9858, 5880c893-7ea4-4461-9d7b-752690bfec3b:172.18.0.7:9858], old=null
datanode_2  | 2019-10-13 19:35:56,740 INFO server.RaftServerConfigKeys: raft.server.snapshot.auto.trigger.enabled = true (custom)
nm_1        | 2019-10-13 19:36:50 INFO  ContainerManagerImpl:1070 - Start request for container_1570995350933_0001_01_000001 by user hadoop
rm_1        | Oct 13, 2019 7:35:49 PM com.sun.jersey.guice.spi.container.GuiceComponentProviderFactory register
datanode_3  | 2019-10-13 19:36:01,603 INFO server.RaftServerConfigKeys: raft.server.rpc.sleep.time = 25ms (default)
datanode_1  | 2019-10-13 19:35:56,743 INFO impl.RaftServerImpl: 63e9f001-0726-478f-a6fa-0a9a0ea087cd@group-4867792CAC3F: changes role from      null to FOLLOWER at term 0 for startAsFollower
datanode_2  | 2019-10-13 19:35:56,740 INFO server.RaftServerConfigKeys: raft.server.snapshot.auto.trigger.threshold = 10000 (custom)
nm_1        | 2019-10-13 19:36:50 INFO  ContainerManagerImpl:1122 - Creating a new application reference for app application_1570995350933_0001
rm_1        | INFO: Registering org.apache.hadoop.yarn.webapp.GenericExceptionHandler as a provider class
datanode_3  | 2019-10-13 19:36:01,608 INFO server.RaftServerConfigKeys: raft.server.write.element-limit = 4096 (default)
datanode_1  | 2019-10-13 19:35:56,743 INFO impl.RoleInfo: 63e9f001-0726-478f-a6fa-0a9a0ea087cd: start FollowerState
datanode_2  | 2019-10-13 19:35:56,740 INFO server.RaftServerConfigKeys: raft.server.snapshot.retention.file.num = 5 (custom)
nm_1        | 2019-10-13 19:36:51 INFO  NMAuditLogger:94 - USER=hadoop	IP=172.18.0.4	OPERATION=Start Container Request	TARGET=ContainerManageImpl	RESULT=SUCCESS	APPID=application_1570995350933_0001	CONTAINERID=container_1570995350933_0001_01_000001
rm_1        | Oct 13, 2019 7:35:49 PM com.sun.jersey.server.impl.application.WebApplicationImpl _initiate
datanode_3  | 2019-10-13 19:36:01,613 INFO server.RaftServerConfigKeys: raft.server.watch.timeout = 10s (default)
datanode_1  | 2019-10-13 19:35:56,744 INFO util.JmxRegister: Successfully registered JMX Bean with object name Ratis:service=RaftServer,group=group-4867792CAC3F,id=63e9f001-0726-478f-a6fa-0a9a0ea087cd
datanode_2  | 2019-10-13 19:35:56,740 INFO server.RaftServerConfigKeys: raft.server.retrycache.expirytime = 600000ms (custom)
nm_1        | 2019-10-13 19:36:51 INFO  ApplicationImpl:655 - Application application_1570995350933_0001 transitioned from NEW to INITING
rm_1        | INFO: Initiating Jersey application, version 'Jersey: 1.19 02/11/2015 03:25 AM'
datanode_3  | 2019-10-13 19:36:01,613 INFO server.RaftServerConfigKeys: raft.server.watch.timeout.denomination = 1s (default)
datanode_1  | 2019-10-13 19:36:00,679 INFO impl.FollowerState: 63e9f001-0726-478f-a6fa-0a9a0ea087cd@group-91DCDE5CC0B8-FollowerState: change to CANDIDATE, lastRpcTime:5141ms, electionTimeout:5141ms
nm_1        | 2019-10-13 19:36:51 INFO  ApplicationImpl:463 - Adding container_1570995350933_0001_01_000001 to application application_1570995350933_0001
datanode_2  | 2019-10-13 19:35:56,748 INFO impl.RaftServerImpl: 5880c893-7ea4-4461-9d7b-752690bfec3b@group-4867792CAC3F: start as a follower, conf=-1: [63e9f001-0726-478f-a6fa-0a9a0ea087cd:172.18.0.8:9858, 3320ae53-cf34-4464-9c7a-52cbfab447ca:172.18.0.9:9858, 5880c893-7ea4-4461-9d7b-752690bfec3b:172.18.0.7:9858], old=null
rm_1        | Oct 13, 2019 7:35:49 PM com.sun.jersey.guice.spi.container.GuiceComponentProviderFactory getComponentProvider
datanode_3  | 2019-10-13 19:36:01,614 INFO server.RaftServerConfigKeys: raft.server.watch.element-limit = 65536 (default)
datanode_1  | 2019-10-13 19:36:00,682 INFO impl.RoleInfo: 63e9f001-0726-478f-a6fa-0a9a0ea087cd: shutdown FollowerState
nm_1        | 2019-10-13 19:36:51 INFO  ApplicationImpl:655 - Application application_1570995350933_0001 transitioned from INITING to RUNNING
rm_1        | INFO: Binding org.apache.hadoop.yarn.server.resourcemanager.webapp.JAXBContextResolver to GuiceManagedComponentProvider with the scope "Singleton"
datanode_2  | 2019-10-13 19:35:56,748 INFO impl.RaftServerImpl: 5880c893-7ea4-4461-9d7b-752690bfec3b@group-4867792CAC3F: changes role from      null to FOLLOWER at term 0 for startAsFollower
datanode_3  | 2019-10-13 19:36:01,632 INFO impl.RoleInfo: 3320ae53-cf34-4464-9c7a-52cbfab447ca: start LeaderState
datanode_1  | 2019-10-13 19:36:00,683 INFO impl.RaftServerImpl: 63e9f001-0726-478f-a6fa-0a9a0ea087cd@group-91DCDE5CC0B8: changes role from  FOLLOWER to CANDIDATE at term 0 for changeToCandidate
rm_1        | Oct 13, 2019 7:35:49 PM com.sun.jersey.guice.spi.container.GuiceComponentProviderFactory getComponentProvider
nm_1        | 2019-10-13 19:36:51 INFO  ContainerImpl:2126 - Container container_1570995350933_0001_01_000001 transitioned from NEW to LOCALIZING
datanode_3  | 2019-10-13 19:36:01,657 INFO segmented.SegmentedRaftLogWorker: 3320ae53-cf34-4464-9c7a-52cbfab447ca@group-A52D98F458EB-SegmentedRaftLogWorker: Starting segment from index:0
datanode_2  | 2019-10-13 19:35:56,749 INFO impl.RoleInfo: 5880c893-7ea4-4461-9d7b-752690bfec3b: start FollowerState
datanode_1  | 2019-10-13 19:36:00,688 INFO impl.RoleInfo: 63e9f001-0726-478f-a6fa-0a9a0ea087cd: start LeaderElection
rm_1        | INFO: Binding org.apache.hadoop.yarn.webapp.GenericExceptionHandler to GuiceManagedComponentProvider with the scope "Singleton"
nm_1        | 2019-10-13 19:36:51 INFO  AuxServices:350 - Got event CONTAINER_INIT for appId application_1570995350933_0001
datanode_2  | 2019-10-13 19:35:56,749 INFO util.JmxRegister: Successfully registered JMX Bean with object name Ratis:service=RaftServer,group=group-4867792CAC3F,id=5880c893-7ea4-4461-9d7b-752690bfec3b
datanode_3  | 2019-10-13 19:36:01,668 INFO impl.RaftServerImpl: 3320ae53-cf34-4464-9c7a-52cbfab447ca@group-A52D98F458EB: set configuration 0: [3320ae53-cf34-4464-9c7a-52cbfab447ca:172.18.0.9:9858], old=null at 0
datanode_1  | 2019-10-13 19:36:00,728 INFO impl.LeaderElection: 63e9f001-0726-478f-a6fa-0a9a0ea087cd@group-91DCDE5CC0B8-LeaderElection1: begin an election at term 1 for -1: [63e9f001-0726-478f-a6fa-0a9a0ea087cd:172.18.0.8:9858], old=null
rm_1        | Oct 13, 2019 7:35:50 PM com.sun.jersey.guice.spi.container.GuiceComponentProviderFactory getComponentProvider
datanode_2  | 2019-10-13 19:36:00,218 INFO impl.FollowerState: 5880c893-7ea4-4461-9d7b-752690bfec3b@group-C0969C9DD7F1-FollowerState: change to CANDIDATE, lastRpcTime:5200ms, electionTimeout:5200ms
datanode_3  | 2019-10-13 19:36:01,780 INFO segmented.SegmentedRaftLogWorker: 3320ae53-cf34-4464-9c7a-52cbfab447ca@group-A52D98F458EB-SegmentedRaftLogWorker: created new log segment /data/metadata/ratis/2c1c29f3-8325-4142-b81d-a52d98f458eb/current/log_inprogress_0
nm_1        | 2019-10-13 19:36:51 INFO  ResourceLocalizationService:801 - Created localizer for container_1570995350933_0001_01_000001
datanode_1  | 2019-10-13 19:36:00,730 INFO impl.RoleInfo: 63e9f001-0726-478f-a6fa-0a9a0ea087cd: shutdown LeaderElection
rm_1        | INFO: Binding org.apache.hadoop.yarn.server.resourcemanager.webapp.RMWebServices to GuiceManagedComponentProvider with the scope "Singleton"
datanode_2  | 2019-10-13 19:36:00,221 INFO impl.RoleInfo: 5880c893-7ea4-4461-9d7b-752690bfec3b: shutdown FollowerState
datanode_3  | 2019-10-13 19:36:01,866 INFO impl.FollowerState: 3320ae53-cf34-4464-9c7a-52cbfab447ca@group-4867792CAC3F-FollowerState: change to CANDIDATE, lastRpcTime:5135ms, electionTimeout:5135ms
datanode_1  | 2019-10-13 19:36:00,731 INFO impl.RaftServerImpl: 63e9f001-0726-478f-a6fa-0a9a0ea087cd@group-91DCDE5CC0B8: changes role from CANDIDATE to LEADER at term 1 for changeToLeader
nm_1        | 2019-10-13 19:36:51 INFO  ResourceLocalizationService:1331 - Writing credentials to the nmPrivate file /tmp/hadoop-hadoop/nm-local-dir/nmPrivate/container_1570995350933_0001_01_000001.tokens
rm_1        | 2019-10-13 19:35:50 INFO  ContextHandler:781 - Started o.e.j.w.WebAppContext@4defd42{/,file:///tmp/jetty-rm-8088-cluster-_-any-7932376986793542746.dir/webapp/,AVAILABLE}{/cluster}
datanode_3  | 2019-10-13 19:36:01,867 INFO impl.RoleInfo: 3320ae53-cf34-4464-9c7a-52cbfab447ca: shutdown FollowerState
datanode_1  | 2019-10-13 19:36:00,731 INFO impl.RaftServerImpl: 63e9f001-0726-478f-a6fa-0a9a0ea087cd@group-91DCDE5CC0B8: change Leader from null to 63e9f001-0726-478f-a6fa-0a9a0ea087cd at term 1 for becomeLeader, leader elected after 5286ms
datanode_2  | 2019-10-13 19:36:00,221 INFO impl.RaftServerImpl: 5880c893-7ea4-4461-9d7b-752690bfec3b@group-C0969C9DD7F1: changes role from  FOLLOWER to CANDIDATE at term 0 for changeToCandidate
nm_1        | 2019-10-13 19:36:51 INFO  DefaultContainerExecutor:836 - Initializing user hadoop
rm_1        | 2019-10-13 19:35:50 INFO  AbstractConnector:278 - Started ServerConnector@53a665ad{HTTP/1.1,[http/1.1]}{rm:8088}
datanode_3  | 2019-10-13 19:36:01,867 INFO impl.RaftServerImpl: 3320ae53-cf34-4464-9c7a-52cbfab447ca@group-4867792CAC3F: changes role from  FOLLOWER to CANDIDATE at term 0 for changeToCandidate
datanode_1  | 2019-10-13 19:36:00,737 INFO server.RaftServerConfigKeys: raft.server.staging.catchup.gap = 1000 (default)
nm_1        | 2019-10-13 19:36:51 INFO  DefaultContainerExecutor:166 - Copying from /tmp/hadoop-hadoop/nm-local-dir/nmPrivate/container_1570995350933_0001_01_000001.tokens to /tmp/hadoop-hadoop/nm-local-dir/usercache/hadoop/appcache/application_1570995350933_0001/container_1570995350933_0001_01_000001.tokens
datanode_2  | 2019-10-13 19:36:00,226 INFO impl.RoleInfo: 5880c893-7ea4-4461-9d7b-752690bfec3b: start LeaderElection
rm_1        | 2019-10-13 19:35:50 INFO  Server:419 - Started @4624ms
datanode_3  | 2019-10-13 19:36:01,867 INFO impl.RoleInfo: 3320ae53-cf34-4464-9c7a-52cbfab447ca: start LeaderElection
datanode_1  | 2019-10-13 19:36:00,738 INFO server.RaftServerConfigKeys: raft.server.rpc.sleep.time = 25ms (default)
nm_1        | 2019-10-13 19:36:51 INFO  DefaultContainerExecutor:174 - Localizer CWD set to /tmp/hadoop-hadoop/nm-local-dir/usercache/hadoop/appcache/application_1570995350933_0001 = file:/tmp/hadoop-hadoop/nm-local-dir/usercache/hadoop/appcache/application_1570995350933_0001
datanode_2  | 2019-10-13 19:36:00,242 INFO impl.LeaderElection: 5880c893-7ea4-4461-9d7b-752690bfec3b@group-C0969C9DD7F1-LeaderElection1: begin an election at term 1 for -1: [5880c893-7ea4-4461-9d7b-752690bfec3b:172.18.0.7:9858], old=null
datanode_3  | 2019-10-13 19:36:01,887 INFO impl.LeaderElection: 3320ae53-cf34-4464-9c7a-52cbfab447ca@group-4867792CAC3F-LeaderElection2: begin an election at term 1 for -1: [63e9f001-0726-478f-a6fa-0a9a0ea087cd:172.18.0.8:9858, 3320ae53-cf34-4464-9c7a-52cbfab447ca:172.18.0.9:9858, 5880c893-7ea4-4461-9d7b-752690bfec3b:172.18.0.7:9858], old=null
rm_1        | 2019-10-13 19:35:50 INFO  WebApps:440 - Web app cluster started at 8088
datanode_1  | 2019-10-13 19:36:00,743 INFO server.RaftServerConfigKeys: raft.server.write.element-limit = 4096 (default)
nm_1        | 2019-10-13 19:36:51 INFO  ContainerLocalizer:139 - Disk Validator: yarn.nodemanager.disk-validator is loaded.
datanode_2  | 2019-10-13 19:36:00,244 INFO impl.RoleInfo: 5880c893-7ea4-4461-9d7b-752690bfec3b: shutdown LeaderElection
datanode_3  | 2019-10-13 19:36:02,088 INFO impl.LeaderElection: 3320ae53-cf34-4464-9c7a-52cbfab447ca@group-4867792CAC3F-LeaderElection2: Election REJECTED; received 2 response(s) [3320ae53-cf34-4464-9c7a-52cbfab447ca<-63e9f001-0726-478f-a6fa-0a9a0ea087cd#0:FAIL-t1, 3320ae53-cf34-4464-9c7a-52cbfab447ca<-5880c893-7ea4-4461-9d7b-752690bfec3b#0:FAIL-t1] and 0 exception(s); 3320ae53-cf34-4464-9c7a-52cbfab447ca@group-4867792CAC3F:t1, leader=null, voted=3320ae53-cf34-4464-9c7a-52cbfab447ca, raftlog=3320ae53-cf34-4464-9c7a-52cbfab447ca@group-4867792CAC3F-SegmentedRaftLog:OPENED:c-1,f-1,i0, conf=-1: [63e9f001-0726-478f-a6fa-0a9a0ea087cd:172.18.0.8:9858, 3320ae53-cf34-4464-9c7a-52cbfab447ca:172.18.0.9:9858, 5880c893-7ea4-4461-9d7b-752690bfec3b:172.18.0.7:9858], old=null
rm_1        | 2019-10-13 19:35:50 INFO  CallQueueManager:84 - Using callQueue: class java.util.concurrent.LinkedBlockingQueue queueCapacity: 100 scheduler: class org.apache.hadoop.ipc.DefaultRpcScheduler
datanode_1  | 2019-10-13 19:36:00,748 INFO server.RaftServerConfigKeys: raft.server.watch.timeout = 10s (default)
nm_1        | 2019-10-13 19:36:51 INFO  Configuration:3318 - Removed undeclared tags:
datanode_2  | 2019-10-13 19:36:00,245 INFO impl.RaftServerImpl: 5880c893-7ea4-4461-9d7b-752690bfec3b@group-C0969C9DD7F1: changes role from CANDIDATE to LEADER at term 1 for changeToLeader
datanode_3  | 2019-10-13 19:36:02,089 INFO impl.RaftServerImpl: 3320ae53-cf34-4464-9c7a-52cbfab447ca@group-4867792CAC3F: changes role from CANDIDATE to FOLLOWER at term 1 for DISCOVERED_A_NEW_TERM
rm_1        | 2019-10-13 19:35:50 INFO  Server:1070 - Starting Socket Reader #1 for port 8033
datanode_1  | 2019-10-13 19:36:00,748 INFO server.RaftServerConfigKeys: raft.server.watch.timeout.denomination = 1s (default)
nm_1        | 2019-10-13 19:36:51 INFO  Configuration:3318 - Removed undeclared tags:
datanode_2  | 2019-10-13 19:36:00,245 INFO impl.RaftServerImpl: 5880c893-7ea4-4461-9d7b-752690bfec3b@group-C0969C9DD7F1: change Leader from null to 5880c893-7ea4-4461-9d7b-752690bfec3b at term 1 for becomeLeader, leader elected after 5340ms
datanode_3  | 2019-10-13 19:36:02,090 INFO impl.RoleInfo: 3320ae53-cf34-4464-9c7a-52cbfab447ca: shutdown LeaderElection
rm_1        | 2019-10-13 19:35:50 INFO  RpcServerFactoryPBImpl:173 - Adding protocol org.apache.hadoop.yarn.server.api.ResourceManagerAdministrationProtocolPB to the server
datanode_1  | 2019-10-13 19:36:00,749 INFO server.RaftServerConfigKeys: raft.server.watch.element-limit = 65536 (default)
nm_1        | 2019-10-13 19:36:52 WARN  MetricsSystemImpl:151 - NodeManager metrics system already initialized!
datanode_2  | 2019-10-13 19:36:00,251 INFO server.RaftServerConfigKeys: raft.server.staging.catchup.gap = 1000 (default)
datanode_3  | 2019-10-13 19:36:02,090 INFO impl.RoleInfo: 3320ae53-cf34-4464-9c7a-52cbfab447ca: start FollowerState
rm_1        | 2019-10-13 19:35:50 INFO  Server:1310 - IPC Server Responder: starting
datanode_1  | 2019-10-13 19:36:00,766 INFO impl.RoleInfo: 63e9f001-0726-478f-a6fa-0a9a0ea087cd: start LeaderState
nm_1        | 2019-10-13 19:36:52 INFO  Configuration:3318 - Removed undeclared tags:
datanode_2  | 2019-10-13 19:36:00,251 INFO server.RaftServerConfigKeys: raft.server.rpc.sleep.time = 25ms (default)
datanode_3  | 2019-10-13 19:36:07,149 INFO impl.FollowerState: 3320ae53-cf34-4464-9c7a-52cbfab447ca@group-4867792CAC3F-FollowerState: change to CANDIDATE, lastRpcTime:5059ms, electionTimeout:5059ms
rm_1        | 2019-10-13 19:35:50 INFO  Server:1149 - IPC Server listener on 8033: starting
datanode_1  | 2019-10-13 19:36:00,794 INFO segmented.SegmentedRaftLogWorker: 63e9f001-0726-478f-a6fa-0a9a0ea087cd@group-91DCDE5CC0B8-SegmentedRaftLogWorker: Starting segment from index:0
nm_1        | 2019-10-13 19:36:52 INFO  Configuration:3318 - Removed undeclared tags:
datanode_2  | 2019-10-13 19:36:00,256 INFO server.RaftServerConfigKeys: raft.server.write.element-limit = 4096 (default)
datanode_3  | 2019-10-13 19:36:07,150 INFO impl.RoleInfo: 3320ae53-cf34-4464-9c7a-52cbfab447ca: shutdown FollowerState
datanode_1  | 2019-10-13 19:36:00,808 INFO impl.RaftServerImpl: 63e9f001-0726-478f-a6fa-0a9a0ea087cd@group-91DCDE5CC0B8: set configuration 0: [63e9f001-0726-478f-a6fa-0a9a0ea087cd:172.18.0.8:9858], old=null at 0
nm_1        | 2019-10-13 19:36:52 INFO  Configuration:3318 - Removed undeclared tags:
datanode_2  | 2019-10-13 19:36:00,261 INFO server.RaftServerConfigKeys: raft.server.watch.timeout = 10s (default)
datanode_3  | 2019-10-13 19:36:07,151 INFO impl.RaftServerImpl: 3320ae53-cf34-4464-9c7a-52cbfab447ca@group-4867792CAC3F: changes role from  FOLLOWER to CANDIDATE at term 1 for changeToCandidate
rm_1        | 2019-10-13 19:35:50 INFO  ResourceManager:1263 - Transitioning to active state
datanode_1  | 2019-10-13 19:36:00,945 INFO segmented.SegmentedRaftLogWorker: 63e9f001-0726-478f-a6fa-0a9a0ea087cd@group-91DCDE5CC0B8-SegmentedRaftLogWorker: created new log segment /data/metadata/ratis/b113c046-d821-415a-80c2-91dcde5cc0b8/current/log_inprogress_0
nm_1        | 2019-10-13 19:36:53 INFO  Configuration:3318 - Removed undeclared tags:
datanode_2  | 2019-10-13 19:36:00,261 INFO server.RaftServerConfigKeys: raft.server.watch.timeout.denomination = 1s (default)
datanode_3  | 2019-10-13 19:36:07,151 INFO impl.RoleInfo: 3320ae53-cf34-4464-9c7a-52cbfab447ca: start LeaderElection
rm_1        | 2019-10-13 19:35:50 INFO  RMStateStore:549 - Updating AMRMToken
datanode_1  | 2019-10-13 19:36:01,809 INFO impl.FollowerState: 63e9f001-0726-478f-a6fa-0a9a0ea087cd@group-4867792CAC3F-FollowerState: change to CANDIDATE, lastRpcTime:5065ms, electionTimeout:5065ms
nm_1        | 2019-10-13 19:36:53 INFO  ContainerImpl:2126 - Container container_1570995350933_0001_01_000001 transitioned from LOCALIZING to SCHEDULED
datanode_2  | 2019-10-13 19:36:00,262 INFO server.RaftServerConfigKeys: raft.server.watch.element-limit = 65536 (default)
datanode_3  | 2019-10-13 19:36:07,166 INFO impl.LeaderElection: 3320ae53-cf34-4464-9c7a-52cbfab447ca@group-4867792CAC3F-LeaderElection3: begin an election at term 2 for -1: [63e9f001-0726-478f-a6fa-0a9a0ea087cd:172.18.0.8:9858, 3320ae53-cf34-4464-9c7a-52cbfab447ca:172.18.0.9:9858, 5880c893-7ea4-4461-9d7b-752690bfec3b:172.18.0.7:9858], old=null
rm_1        | 2019-10-13 19:35:50 INFO  RMContainerTokenSecretManager:109 - Rolling master-key for container-tokens
datanode_1  | 2019-10-13 19:36:01,810 INFO impl.RoleInfo: 63e9f001-0726-478f-a6fa-0a9a0ea087cd: shutdown FollowerState
datanode_2  | 2019-10-13 19:36:00,275 INFO impl.RoleInfo: 5880c893-7ea4-4461-9d7b-752690bfec3b: start LeaderState
nm_1        | 2019-10-13 19:36:53 INFO  ContainerScheduler:511 - Starting container [container_1570995350933_0001_01_000001]
rm_1        | 2019-10-13 19:35:50 INFO  NMTokenSecretManagerInRM:95 - Rolling master-key for nm-tokens
datanode_1  | 2019-10-13 19:36:01,810 INFO impl.RaftServerImpl: 63e9f001-0726-478f-a6fa-0a9a0ea087cd@group-4867792CAC3F: changes role from  FOLLOWER to CANDIDATE at term 0 for changeToCandidate
datanode_2  | 2019-10-13 19:36:00,295 INFO segmented.SegmentedRaftLogWorker: 5880c893-7ea4-4461-9d7b-752690bfec3b@group-C0969C9DD7F1-SegmentedRaftLogWorker: Starting segment from index:0
datanode_3  | 2019-10-13 19:36:07,217 INFO impl.LeaderElection: 3320ae53-cf34-4464-9c7a-52cbfab447ca@group-4867792CAC3F-LeaderElection3: Election REJECTED; received 2 response(s) [3320ae53-cf34-4464-9c7a-52cbfab447ca<-63e9f001-0726-478f-a6fa-0a9a0ea087cd#0:FAIL-t2, 3320ae53-cf34-4464-9c7a-52cbfab447ca<-5880c893-7ea4-4461-9d7b-752690bfec3b#0:FAIL-t2] and 0 exception(s); 3320ae53-cf34-4464-9c7a-52cbfab447ca@group-4867792CAC3F:t2, leader=null, voted=3320ae53-cf34-4464-9c7a-52cbfab447ca, raftlog=3320ae53-cf34-4464-9c7a-52cbfab447ca@group-4867792CAC3F-SegmentedRaftLog:OPENED:c-1,f-1,i0, conf=-1: [63e9f001-0726-478f-a6fa-0a9a0ea087cd:172.18.0.8:9858, 3320ae53-cf34-4464-9c7a-52cbfab447ca:172.18.0.9:9858, 5880c893-7ea4-4461-9d7b-752690bfec3b:172.18.0.7:9858], old=null
nm_1        | 2019-10-13 19:36:53 INFO  Configuration:3318 - Removed undeclared tags:
datanode_1  | 2019-10-13 19:36:01,810 INFO impl.RoleInfo: 63e9f001-0726-478f-a6fa-0a9a0ea087cd: start LeaderElection
rm_1        | 2019-10-13 19:35:50 INFO  AbstractDelegationTokenSecretManager:347 - Updating the current master key for generating delegation tokens
datanode_2  | 2019-10-13 19:36:00,305 INFO impl.RaftServerImpl: 5880c893-7ea4-4461-9d7b-752690bfec3b@group-C0969C9DD7F1: set configuration 0: [5880c893-7ea4-4461-9d7b-752690bfec3b:172.18.0.7:9858], old=null at 0
nm_1        | 2019-10-13 19:36:53 INFO  ContainerImpl:2126 - Container container_1570995350933_0001_01_000001 transitioned from SCHEDULED to RUNNING
datanode_3  | 2019-10-13 19:36:07,218 INFO impl.RaftServerImpl: 3320ae53-cf34-4464-9c7a-52cbfab447ca@group-4867792CAC3F: changes role from CANDIDATE to FOLLOWER at term 2 for DISCOVERED_A_NEW_TERM
datanode_1  | 2019-10-13 19:36:01,836 INFO impl.LeaderElection: 63e9f001-0726-478f-a6fa-0a9a0ea087cd@group-4867792CAC3F-LeaderElection2: begin an election at term 1 for -1: [63e9f001-0726-478f-a6fa-0a9a0ea087cd:172.18.0.8:9858, 3320ae53-cf34-4464-9c7a-52cbfab447ca:172.18.0.9:9858, 5880c893-7ea4-4461-9d7b-752690bfec3b:172.18.0.7:9858], old=null
rm_1        | 2019-10-13 19:35:50 INFO  RMDelegationTokenSecretManager:92 - storing master key with keyID 1
datanode_3  | 2019-10-13 19:36:07,218 INFO impl.RoleInfo: 3320ae53-cf34-4464-9c7a-52cbfab447ca: shutdown LeaderElection
datanode_2  | 2019-10-13 19:36:00,426 INFO segmented.SegmentedRaftLogWorker: 5880c893-7ea4-4461-9d7b-752690bfec3b@group-C0969C9DD7F1-SegmentedRaftLogWorker: created new log segment /data/metadata/ratis/11c328b3-328f-4b90-bf00-c0969c9dd7f1/current/log_inprogress_0
nm_1        | 2019-10-13 19:36:53 INFO  ContainersMonitorImpl:943 - Starting resource-monitoring for container_1570995350933_0001_01_000001
datanode_1  | 2019-10-13 19:36:02,034 INFO impl.LeaderElection: 63e9f001-0726-478f-a6fa-0a9a0ea087cd@group-4867792CAC3F-LeaderElection2: Election REJECTED; received 2 response(s) [63e9f001-0726-478f-a6fa-0a9a0ea087cd<-3320ae53-cf34-4464-9c7a-52cbfab447ca#0:FAIL-t1, 63e9f001-0726-478f-a6fa-0a9a0ea087cd<-5880c893-7ea4-4461-9d7b-752690bfec3b#0:FAIL-t1] and 0 exception(s); 63e9f001-0726-478f-a6fa-0a9a0ea087cd@group-4867792CAC3F:t1, leader=null, voted=63e9f001-0726-478f-a6fa-0a9a0ea087cd, raftlog=63e9f001-0726-478f-a6fa-0a9a0ea087cd@group-4867792CAC3F-SegmentedRaftLog:OPENED:c-1,f-1,i0, conf=-1: [63e9f001-0726-478f-a6fa-0a9a0ea087cd:172.18.0.8:9858, 3320ae53-cf34-4464-9c7a-52cbfab447ca:172.18.0.9:9858, 5880c893-7ea4-4461-9d7b-752690bfec3b:172.18.0.7:9858], old=null
datanode_3  | 2019-10-13 19:36:07,218 INFO impl.RoleInfo: 3320ae53-cf34-4464-9c7a-52cbfab447ca: start FollowerState
rm_1        | 2019-10-13 19:35:50 INFO  RMStateStore:500 - Storing RMDTMasterKey.
datanode_2  | 2019-10-13 19:36:01,868 INFO impl.FollowerState: 5880c893-7ea4-4461-9d7b-752690bfec3b@group-4867792CAC3F-FollowerState: change to CANDIDATE, lastRpcTime:5119ms, electionTimeout:5119ms
nm_1        | 2019-10-13 19:36:53 INFO  DefaultContainerExecutor:370 - launchContainer: [bash, /tmp/hadoop-hadoop/nm-local-dir/usercache/hadoop/appcache/application_1570995350933_0001/container_1570995350933_0001_01_000001/default_container_executor.sh]
datanode_1  | 2019-10-13 19:36:02,036 INFO impl.RaftServerImpl: 63e9f001-0726-478f-a6fa-0a9a0ea087cd@group-4867792CAC3F: changes role from CANDIDATE to FOLLOWER at term 1 for DISCOVERED_A_NEW_TERM
rm_1        | 2019-10-13 19:35:50 INFO  AbstractDelegationTokenSecretManager:679 - Starting expired delegation token remover thread, tokenRemoverScanInterval=60 min(s)
datanode_2  | 2019-10-13 19:36:01,870 INFO impl.RoleInfo: 5880c893-7ea4-4461-9d7b-752690bfec3b: shutdown FollowerState
nm_1        | 2019-10-13 19:36:54 INFO  ContainersMonitorImpl:567 - container_1570995350933_0001_01_000001's ip = 172.18.0.2, and hostname = nm
datanode_1  | 2019-10-13 19:36:02,036 INFO impl.RoleInfo: 63e9f001-0726-478f-a6fa-0a9a0ea087cd: shutdown LeaderElection
datanode_3  | 2019-10-13 19:36:12,254 INFO impl.RaftServerImpl: 3320ae53-cf34-4464-9c7a-52cbfab447ca@group-4867792CAC3F: changes role from  FOLLOWER to FOLLOWER at term 3 for recognizeCandidate:63e9f001-0726-478f-a6fa-0a9a0ea087cd
datanode_2  | 2019-10-13 19:36:01,871 INFO impl.RaftServerImpl: 5880c893-7ea4-4461-9d7b-752690bfec3b@group-4867792CAC3F: changes role from  FOLLOWER to CANDIDATE at term 0 for changeToCandidate
rm_1        | 2019-10-13 19:35:50 INFO  AbstractDelegationTokenSecretManager:347 - Updating the current master key for generating delegation tokens
nm_1        | 2019-10-13 19:36:54 INFO  Configuration:3318 - Removed undeclared tags:
datanode_1  | 2019-10-13 19:36:02,036 INFO impl.RoleInfo: 63e9f001-0726-478f-a6fa-0a9a0ea087cd: start FollowerState
datanode_3  | 2019-10-13 19:36:12,255 INFO impl.RoleInfo: 3320ae53-cf34-4464-9c7a-52cbfab447ca: shutdown FollowerState
datanode_2  | 2019-10-13 19:36:01,871 INFO impl.RoleInfo: 5880c893-7ea4-4461-9d7b-752690bfec3b: start LeaderElection
rm_1        | 2019-10-13 19:35:50 INFO  RMDelegationTokenSecretManager:92 - storing master key with keyID 2
datanode_1  | 2019-10-13 19:36:07,122 INFO impl.FollowerState: 63e9f001-0726-478f-a6fa-0a9a0ea087cd@group-4867792CAC3F-FollowerState: change to CANDIDATE, lastRpcTime:5085ms, electionTimeout:5085ms
nm_1        | 2019-10-13 19:36:57 INFO  ContainersMonitorImpl:468 - Skipping monitoring container container_1570995350933_0001_01_000001 since CPU usage is not yet available.
datanode_3  | 2019-10-13 19:36:12,255 INFO impl.RoleInfo: 3320ae53-cf34-4464-9c7a-52cbfab447ca: start FollowerState
datanode_2  | 2019-10-13 19:36:01,887 INFO impl.LeaderElection: 5880c893-7ea4-4461-9d7b-752690bfec3b@group-4867792CAC3F-LeaderElection2: begin an election at term 1 for -1: [63e9f001-0726-478f-a6fa-0a9a0ea087cd:172.18.0.8:9858, 3320ae53-cf34-4464-9c7a-52cbfab447ca:172.18.0.9:9858, 5880c893-7ea4-4461-9d7b-752690bfec3b:172.18.0.7:9858], old=null
rm_1        | 2019-10-13 19:35:50 INFO  RMStateStore:500 - Storing RMDTMasterKey.
datanode_1  | 2019-10-13 19:36:07,122 INFO impl.RoleInfo: 63e9f001-0726-478f-a6fa-0a9a0ea087cd: shutdown FollowerState
nm_1        | 2019-10-13 19:37:03 INFO  Server:1845 - Auth successful for appattempt_1570995350933_0001_000001 (auth:SIMPLE)
datanode_3  | 2019-10-13 19:36:12,255 INFO impl.FollowerState: 3320ae53-cf34-4464-9c7a-52cbfab447ca@group-4867792CAC3F-FollowerState was interrupted: java.lang.InterruptedException: sleep interrupted
rm_1        | 2019-10-13 19:35:50 INFO  AsyncDispatcher:223 - Registering class org.apache.hadoop.yarn.nodelabels.event.NodeLabelsStoreEventType for class org.apache.hadoop.yarn.nodelabels.CommonNodeLabelsManager$ForwardingEventHandler
datanode_2  | 2019-10-13 19:36:02,081 INFO impl.LeaderElection: 5880c893-7ea4-4461-9d7b-752690bfec3b@group-4867792CAC3F-LeaderElection2: Election REJECTED; received 2 response(s) [5880c893-7ea4-4461-9d7b-752690bfec3b<-63e9f001-0726-478f-a6fa-0a9a0ea087cd#0:FAIL-t1, 5880c893-7ea4-4461-9d7b-752690bfec3b<-3320ae53-cf34-4464-9c7a-52cbfab447ca#0:FAIL-t1] and 0 exception(s); 5880c893-7ea4-4461-9d7b-752690bfec3b@group-4867792CAC3F:t1, leader=null, voted=5880c893-7ea4-4461-9d7b-752690bfec3b, raftlog=5880c893-7ea4-4461-9d7b-752690bfec3b@group-4867792CAC3F-SegmentedRaftLog:OPENED:c-1,f-1,i0, conf=-1: [63e9f001-0726-478f-a6fa-0a9a0ea087cd:172.18.0.8:9858, 3320ae53-cf34-4464-9c7a-52cbfab447ca:172.18.0.9:9858, 5880c893-7ea4-4461-9d7b-752690bfec3b:172.18.0.7:9858], old=null
nm_1        | 2019-10-13 19:37:03 INFO  ContainerManagerImpl:1070 - Start request for container_1570995350933_0001_01_000002 by user hadoop
datanode_3  | 2019-10-13 19:36:12,353 INFO impl.RaftServerImpl: 3320ae53-cf34-4464-9c7a-52cbfab447ca@group-4867792CAC3F: change Leader from null to 63e9f001-0726-478f-a6fa-0a9a0ea087cd at term 3 for appendEntries, leader elected after 15630ms
rm_1        | 2019-10-13 19:35:50 INFO  CallQueueManager:84 - Using callQueue: class java.util.concurrent.LinkedBlockingQueue queueCapacity: 5000 scheduler: class org.apache.hadoop.ipc.DefaultRpcScheduler
datanode_2  | 2019-10-13 19:36:02,085 INFO impl.RaftServerImpl: 5880c893-7ea4-4461-9d7b-752690bfec3b@group-4867792CAC3F: changes role from CANDIDATE to FOLLOWER at term 1 for DISCOVERED_A_NEW_TERM
nm_1        | 2019-10-13 19:37:03 INFO  NMAuditLogger:94 - USER=hadoop	IP=172.18.0.2	OPERATION=Start Container Request	TARGET=ContainerManageImpl	RESULT=SUCCESS	APPID=application_1570995350933_0001	CONTAINERID=container_1570995350933_0001_01_000002
datanode_3  | 2019-10-13 19:36:12,382 INFO impl.RaftServerImpl: 3320ae53-cf34-4464-9c7a-52cbfab447ca@group-4867792CAC3F: set configuration 0: [63e9f001-0726-478f-a6fa-0a9a0ea087cd:172.18.0.8:9858, 3320ae53-cf34-4464-9c7a-52cbfab447ca:172.18.0.9:9858, 5880c893-7ea4-4461-9d7b-752690bfec3b:172.18.0.7:9858], old=null at 0
rm_1        | 2019-10-13 19:35:50 INFO  Server:1070 - Starting Socket Reader #1 for port 8031
datanode_2  | 2019-10-13 19:36:02,085 INFO impl.RoleInfo: 5880c893-7ea4-4461-9d7b-752690bfec3b: shutdown LeaderElection
nm_1        | 2019-10-13 19:37:03 INFO  ApplicationImpl:463 - Adding container_1570995350933_0001_01_000002 to application application_1570995350933_0001
datanode_1  | 2019-10-13 19:36:07,123 INFO impl.RaftServerImpl: 63e9f001-0726-478f-a6fa-0a9a0ea087cd@group-4867792CAC3F: changes role from  FOLLOWER to CANDIDATE at term 1 for changeToCandidate
datanode_3  | 2019-10-13 19:36:12,382 INFO segmented.SegmentedRaftLogWorker: 3320ae53-cf34-4464-9c7a-52cbfab447ca@group-4867792CAC3F-SegmentedRaftLogWorker: Starting segment from index:0
rm_1        | 2019-10-13 19:35:50 INFO  RpcServerFactoryPBImpl:173 - Adding protocol org.apache.hadoop.yarn.server.api.ResourceTrackerPB to the server
datanode_3  | 2019-10-13 19:36:12,479 INFO segmented.SegmentedRaftLogWorker: 3320ae53-cf34-4464-9c7a-52cbfab447ca@group-4867792CAC3F-SegmentedRaftLogWorker: created new log segment /data/metadata/ratis/cd569555-aed0-404d-ae9d-4867792cac3f/current/log_inprogress_0
nm_1        | 2019-10-13 19:37:03 INFO  ContainerImpl:2126 - Container container_1570995350933_0001_01_000002 transitioned from NEW to LOCALIZING
datanode_1  | 2019-10-13 19:36:07,123 INFO impl.RoleInfo: 63e9f001-0726-478f-a6fa-0a9a0ea087cd: start LeaderElection
datanode_2  | 2019-10-13 19:36:02,085 INFO impl.RoleInfo: 5880c893-7ea4-4461-9d7b-752690bfec3b: start FollowerState
rm_1        | 2019-10-13 19:35:50 INFO  Server:1310 - IPC Server Responder: starting
nm_1        | 2019-10-13 19:37:03 INFO  AuxServices:350 - Got event CONTAINER_INIT for appId application_1570995350933_0001
datanode_1  | 2019-10-13 19:36:07,140 INFO impl.LeaderElection: 63e9f001-0726-478f-a6fa-0a9a0ea087cd@group-4867792CAC3F-LeaderElection3: begin an election at term 2 for -1: [63e9f001-0726-478f-a6fa-0a9a0ea087cd:172.18.0.8:9858, 3320ae53-cf34-4464-9c7a-52cbfab447ca:172.18.0.9:9858, 5880c893-7ea4-4461-9d7b-752690bfec3b:172.18.0.7:9858], old=null
datanode_2  | 2019-10-13 19:36:07,153 INFO impl.FollowerState: 5880c893-7ea4-4461-9d7b-752690bfec3b@group-4867792CAC3F-FollowerState: change to CANDIDATE, lastRpcTime:5068ms, electionTimeout:5067ms
rm_1        | 2019-10-13 19:35:50 INFO  Server:1149 - IPC Server listener on 8031: starting
nm_1        | 2019-10-13 19:37:03 INFO  AuxServices:350 - Got event APPLICATION_INIT for appId application_1570995350933_0001
datanode_1  | 2019-10-13 19:36:07,174 INFO impl.LeaderElection: 63e9f001-0726-478f-a6fa-0a9a0ea087cd@group-4867792CAC3F-LeaderElection3: Election REJECTED; received 2 response(s) [63e9f001-0726-478f-a6fa-0a9a0ea087cd<-3320ae53-cf34-4464-9c7a-52cbfab447ca#0:FAIL-t2, 63e9f001-0726-478f-a6fa-0a9a0ea087cd<-5880c893-7ea4-4461-9d7b-752690bfec3b#0:FAIL-t2] and 0 exception(s); 63e9f001-0726-478f-a6fa-0a9a0ea087cd@group-4867792CAC3F:t2, leader=null, voted=63e9f001-0726-478f-a6fa-0a9a0ea087cd, raftlog=63e9f001-0726-478f-a6fa-0a9a0ea087cd@group-4867792CAC3F-SegmentedRaftLog:OPENED:c-1,f-1,i0, conf=-1: [63e9f001-0726-478f-a6fa-0a9a0ea087cd:172.18.0.8:9858, 3320ae53-cf34-4464-9c7a-52cbfab447ca:172.18.0.9:9858, 5880c893-7ea4-4461-9d7b-752690bfec3b:172.18.0.7:9858], old=null
datanode_2  | 2019-10-13 19:36:07,154 INFO impl.RoleInfo: 5880c893-7ea4-4461-9d7b-752690bfec3b: shutdown FollowerState
rm_1        | 2019-10-13 19:35:50 INFO  JvmPauseMonitor:188 - Starting JVM pause monitor
nm_1        | 2019-10-13 19:37:03 INFO  AuxServices:354 - Got APPLICATION_INIT for service mapreduce_shuffle
datanode_1  | 2019-10-13 19:36:07,175 INFO impl.RaftServerImpl: 63e9f001-0726-478f-a6fa-0a9a0ea087cd@group-4867792CAC3F: changes role from CANDIDATE to FOLLOWER at term 2 for DISCOVERED_A_NEW_TERM
datanode_2  | 2019-10-13 19:36:07,154 INFO impl.RaftServerImpl: 5880c893-7ea4-4461-9d7b-752690bfec3b@group-4867792CAC3F: changes role from  FOLLOWER to CANDIDATE at term 1 for changeToCandidate
rm_1        | 2019-10-13 19:35:51 INFO  CallQueueManager:84 - Using callQueue: class java.util.concurrent.LinkedBlockingQueue queueCapacity: 5000 scheduler: class org.apache.hadoop.ipc.DefaultRpcScheduler
nm_1        | 2019-10-13 19:37:03 INFO  ShuffleHandler:719 - Added token for job_1570995350933_0001
datanode_1  | 2019-10-13 19:36:07,175 INFO impl.RoleInfo: 63e9f001-0726-478f-a6fa-0a9a0ea087cd: shutdown LeaderElection
datanode_2  | 2019-10-13 19:36:07,154 INFO impl.RoleInfo: 5880c893-7ea4-4461-9d7b-752690bfec3b: start LeaderElection
rm_1        | 2019-10-13 19:35:51 INFO  Server:1070 - Starting Socket Reader #1 for port 8030
nm_1        | 2019-10-13 19:37:03 INFO  ContainerImpl:2126 - Container container_1570995350933_0001_01_000002 transitioned from LOCALIZING to SCHEDULED
datanode_1  | 2019-10-13 19:36:07,176 INFO impl.RoleInfo: 63e9f001-0726-478f-a6fa-0a9a0ea087cd: start FollowerState
rm_1        | 2019-10-13 19:35:51 INFO  RpcServerFactoryPBImpl:173 - Adding protocol org.apache.hadoop.yarn.api.ApplicationMasterProtocolPB to the server
nm_1        | 2019-10-13 19:37:03 INFO  ContainerScheduler:511 - Starting container [container_1570995350933_0001_01_000002]
rm_1        | 2019-10-13 19:35:51 INFO  Server:1310 - IPC Server Responder: starting
nm_1        | 2019-10-13 19:37:04 INFO  Configuration:3318 - Removed undeclared tags:
nm_1        | 2019-10-13 19:37:04 INFO  ContainerImpl:2126 - Container container_1570995350933_0001_01_000002 transitioned from SCHEDULED to RUNNING
datanode_1  | 2019-10-13 19:36:12,201 INFO impl.FollowerState: 63e9f001-0726-478f-a6fa-0a9a0ea087cd@group-4867792CAC3F-FollowerState: change to CANDIDATE, lastRpcTime:5025ms, electionTimeout:5024ms
datanode_2  | 2019-10-13 19:36:07,166 INFO impl.LeaderElection: 5880c893-7ea4-4461-9d7b-752690bfec3b@group-4867792CAC3F-LeaderElection3: begin an election at term 2 for -1: [63e9f001-0726-478f-a6fa-0a9a0ea087cd:172.18.0.8:9858, 3320ae53-cf34-4464-9c7a-52cbfab447ca:172.18.0.9:9858, 5880c893-7ea4-4461-9d7b-752690bfec3b:172.18.0.7:9858], old=null
nm_1        | 2019-10-13 19:37:04 INFO  ContainersMonitorImpl:943 - Starting resource-monitoring for container_1570995350933_0001_01_000002
rm_1        | 2019-10-13 19:35:51 INFO  Server:1149 - IPC Server listener on 8030: starting
datanode_1  | 2019-10-13 19:36:12,201 INFO impl.RoleInfo: 63e9f001-0726-478f-a6fa-0a9a0ea087cd: shutdown FollowerState
nm_1        | 2019-10-13 19:37:04 INFO  DefaultContainerExecutor:370 - launchContainer: [bash, /tmp/hadoop-hadoop/nm-local-dir/usercache/hadoop/appcache/application_1570995350933_0001/container_1570995350933_0001_01_000002/default_container_executor.sh]
datanode_2  | 2019-10-13 19:36:07,218 INFO impl.LeaderElection: 5880c893-7ea4-4461-9d7b-752690bfec3b@group-4867792CAC3F-LeaderElection3: Election REJECTED; received 2 response(s) [5880c893-7ea4-4461-9d7b-752690bfec3b<-63e9f001-0726-478f-a6fa-0a9a0ea087cd#0:FAIL-t2, 5880c893-7ea4-4461-9d7b-752690bfec3b<-3320ae53-cf34-4464-9c7a-52cbfab447ca#0:FAIL-t2] and 0 exception(s); 5880c893-7ea4-4461-9d7b-752690bfec3b@group-4867792CAC3F:t2, leader=null, voted=5880c893-7ea4-4461-9d7b-752690bfec3b, raftlog=5880c893-7ea4-4461-9d7b-752690bfec3b@group-4867792CAC3F-SegmentedRaftLog:OPENED:c-1,f-1,i0, conf=-1: [63e9f001-0726-478f-a6fa-0a9a0ea087cd:172.18.0.8:9858, 3320ae53-cf34-4464-9c7a-52cbfab447ca:172.18.0.9:9858, 5880c893-7ea4-4461-9d7b-752690bfec3b:172.18.0.7:9858], old=null
datanode_1  | 2019-10-13 19:36:12,202 INFO impl.RaftServerImpl: 63e9f001-0726-478f-a6fa-0a9a0ea087cd@group-4867792CAC3F: changes role from  FOLLOWER to CANDIDATE at term 2 for changeToCandidate
nm_1        | 2019-10-13 19:37:06 INFO  ContainersMonitorImpl:567 - container_1570995350933_0001_01_000002's ip = 172.18.0.2, and hostname = nm
datanode_2  | 2019-10-13 19:36:07,218 INFO impl.RaftServerImpl: 5880c893-7ea4-4461-9d7b-752690bfec3b@group-4867792CAC3F: changes role from CANDIDATE to FOLLOWER at term 2 for DISCOVERED_A_NEW_TERM
rm_1        | 2019-10-13 19:35:51 INFO  CallQueueManager:84 - Using callQueue: class java.util.concurrent.LinkedBlockingQueue queueCapacity: 5000 scheduler: class org.apache.hadoop.ipc.DefaultRpcScheduler
datanode_1  | 2019-10-13 19:36:12,202 INFO impl.RoleInfo: 63e9f001-0726-478f-a6fa-0a9a0ea087cd: start LeaderElection
nm_1        | 2019-10-13 19:37:09 INFO  ContainerLaunch:589 - Container container_1570995350933_0001_01_000002 succeeded 
datanode_2  | 2019-10-13 19:36:07,219 INFO impl.RoleInfo: 5880c893-7ea4-4461-9d7b-752690bfec3b: shutdown LeaderElection
rm_1        | 2019-10-13 19:35:51 INFO  Server:1070 - Starting Socket Reader #1 for port 8032
datanode_1  | 2019-10-13 19:36:12,228 INFO impl.LeaderElection: 63e9f001-0726-478f-a6fa-0a9a0ea087cd@group-4867792CAC3F-LeaderElection4: begin an election at term 3 for -1: [63e9f001-0726-478f-a6fa-0a9a0ea087cd:172.18.0.8:9858, 3320ae53-cf34-4464-9c7a-52cbfab447ca:172.18.0.9:9858, 5880c893-7ea4-4461-9d7b-752690bfec3b:172.18.0.7:9858], old=null
datanode_2  | 2019-10-13 19:36:07,219 INFO impl.RoleInfo: 5880c893-7ea4-4461-9d7b-752690bfec3b: start FollowerState
nm_1        | 2019-10-13 19:37:09 INFO  ContainerImpl:2126 - Container container_1570995350933_0001_01_000002 transitioned from RUNNING to EXITED_WITH_SUCCESS
rm_1        | 2019-10-13 19:35:51 INFO  RpcServerFactoryPBImpl:173 - Adding protocol org.apache.hadoop.yarn.api.ApplicationClientProtocolPB to the server
datanode_1  | 2019-10-13 19:36:12,280 INFO impl.LeaderElection: 63e9f001-0726-478f-a6fa-0a9a0ea087cd@group-4867792CAC3F-LeaderElection4: Election PASSED; received 2 response(s) [63e9f001-0726-478f-a6fa-0a9a0ea087cd<-5880c893-7ea4-4461-9d7b-752690bfec3b#0:FAIL-t3, 63e9f001-0726-478f-a6fa-0a9a0ea087cd<-3320ae53-cf34-4464-9c7a-52cbfab447ca#0:OK-t3] and 0 exception(s); 63e9f001-0726-478f-a6fa-0a9a0ea087cd@group-4867792CAC3F:t3, leader=null, voted=63e9f001-0726-478f-a6fa-0a9a0ea087cd, raftlog=63e9f001-0726-478f-a6fa-0a9a0ea087cd@group-4867792CAC3F-SegmentedRaftLog:OPENED:c-1,f-1,i0, conf=-1: [63e9f001-0726-478f-a6fa-0a9a0ea087cd:172.18.0.8:9858, 3320ae53-cf34-4464-9c7a-52cbfab447ca:172.18.0.9:9858, 5880c893-7ea4-4461-9d7b-752690bfec3b:172.18.0.7:9858], old=null
datanode_2  | 2019-10-13 19:36:12,227 INFO impl.FollowerState: 5880c893-7ea4-4461-9d7b-752690bfec3b@group-4867792CAC3F-FollowerState: change to CANDIDATE, lastRpcTime:5007ms, electionTimeout:5007ms
nm_1        | 2019-10-13 19:37:09 INFO  ContainerLaunch:745 - Cleaning up container container_1570995350933_0001_01_000002
rm_1        | 2019-10-13 19:35:51 INFO  Server:1310 - IPC Server Responder: starting
datanode_1  | 2019-10-13 19:36:12,280 INFO impl.RoleInfo: 63e9f001-0726-478f-a6fa-0a9a0ea087cd: shutdown LeaderElection
datanode_2  | 2019-10-13 19:36:12,228 INFO impl.RoleInfo: 5880c893-7ea4-4461-9d7b-752690bfec3b: shutdown FollowerState
nm_1        | 2019-10-13 19:37:09 INFO  Configuration:3318 - Removed undeclared tags:
rm_1        | 2019-10-13 19:35:51 INFO  Server:1149 - IPC Server listener on 8032: starting
datanode_1  | 2019-10-13 19:36:12,281 INFO impl.RaftServerImpl: 63e9f001-0726-478f-a6fa-0a9a0ea087cd@group-4867792CAC3F: changes role from CANDIDATE to LEADER at term 3 for changeToLeader
datanode_2  | 2019-10-13 19:36:12,228 INFO impl.RaftServerImpl: 5880c893-7ea4-4461-9d7b-752690bfec3b@group-4867792CAC3F: changes role from  FOLLOWER to CANDIDATE at term 2 for changeToCandidate
nm_1        | 2019-10-13 19:37:09 INFO  DefaultContainerExecutor:634 - Deleting absolute path : /tmp/hadoop-hadoop/nm-local-dir/usercache/hadoop/appcache/application_1570995350933_0001/container_1570995350933_0001_01_000002/launch_container.sh
rm_1        | 2019-10-13 19:35:51 INFO  ResourceManager:1279 - Transitioned to active state
datanode_1  | 2019-10-13 19:36:12,282 INFO impl.RaftServerImpl: 63e9f001-0726-478f-a6fa-0a9a0ea087cd@group-4867792CAC3F: change Leader from null to 63e9f001-0726-478f-a6fa-0a9a0ea087cd at term 3 for becomeLeader, leader elected after 15546ms
datanode_2  | 2019-10-13 19:36:12,228 INFO impl.RoleInfo: 5880c893-7ea4-4461-9d7b-752690bfec3b: start LeaderElection
nm_1        | 2019-10-13 19:37:09 INFO  DefaultContainerExecutor:634 - Deleting absolute path : /tmp/hadoop-hadoop/nm-local-dir/usercache/hadoop/appcache/application_1570995350933_0001/container_1570995350933_0001_01_000002/container_tokens
datanode_1  | 2019-10-13 19:36:12,282 INFO server.RaftServerConfigKeys: raft.server.staging.catchup.gap = 1000 (default)
rm_1        | 2019-10-13 19:35:51 INFO  ResourceTrackerService:495 - NodeManager from node nm(cmPort: 45364 httpPort: 8042) registered with capability: <memory:8192, vCores:8>, assigned nodeId nm:45364
datanode_2  | 2019-10-13 19:36:12,254 INFO impl.LeaderElection: 5880c893-7ea4-4461-9d7b-752690bfec3b@group-4867792CAC3F-LeaderElection4: begin an election at term 3 for -1: [63e9f001-0726-478f-a6fa-0a9a0ea087cd:172.18.0.8:9858, 3320ae53-cf34-4464-9c7a-52cbfab447ca:172.18.0.9:9858, 5880c893-7ea4-4461-9d7b-752690bfec3b:172.18.0.7:9858], old=null
nm_1        | 2019-10-13 19:37:09 INFO  NMAuditLogger:94 - USER=hadoop	OPERATION=Container Finished - Succeeded	TARGET=ContainerImpl	RESULT=SUCCESS	APPID=application_1570995350933_0001	CONTAINERID=container_1570995350933_0001_01_000002
datanode_1  | 2019-10-13 19:36:12,282 INFO server.RaftServerConfigKeys: raft.server.rpc.sleep.time = 25ms (default)
rm_1        | 2019-10-13 19:35:51 INFO  RMNodeImpl:671 - nm:45364 Node Transitioned from NEW to RUNNING
datanode_2  | 2019-10-13 19:36:12,331 INFO impl.LeaderElection: 5880c893-7ea4-4461-9d7b-752690bfec3b@group-4867792CAC3F-LeaderElection4: Election REJECTED; received 2 response(s) [5880c893-7ea4-4461-9d7b-752690bfec3b<-63e9f001-0726-478f-a6fa-0a9a0ea087cd#0:FAIL-t3, 5880c893-7ea4-4461-9d7b-752690bfec3b<-3320ae53-cf34-4464-9c7a-52cbfab447ca#0:FAIL-t3] and 0 exception(s); 5880c893-7ea4-4461-9d7b-752690bfec3b@group-4867792CAC3F:t3, leader=null, voted=5880c893-7ea4-4461-9d7b-752690bfec3b, raftlog=5880c893-7ea4-4461-9d7b-752690bfec3b@group-4867792CAC3F-SegmentedRaftLog:OPENED:c-1,f-1,i0, conf=-1: [63e9f001-0726-478f-a6fa-0a9a0ea087cd:172.18.0.8:9858, 3320ae53-cf34-4464-9c7a-52cbfab447ca:172.18.0.9:9858, 5880c893-7ea4-4461-9d7b-752690bfec3b:172.18.0.7:9858], old=null
nm_1        | 2019-10-13 19:37:09 INFO  ContainerImpl:2126 - Container container_1570995350933_0001_01_000002 transitioned from EXITED_WITH_SUCCESS to DONE
datanode_1  | 2019-10-13 19:36:12,283 INFO server.RaftServerConfigKeys: raft.server.write.element-limit = 4096 (default)
rm_1        | 2019-10-13 19:35:51 INFO  CapacityScheduler:1866 - Added node nm:45364 clusterResource: <memory:8192, vCores:8>
datanode_2  | 2019-10-13 19:36:12,331 INFO impl.RaftServerImpl: 5880c893-7ea4-4461-9d7b-752690bfec3b@group-4867792CAC3F: changes role from CANDIDATE to FOLLOWER at term 3 for DISCOVERED_A_NEW_TERM
nm_1        | 2019-10-13 19:37:09 INFO  ApplicationImpl:512 - Removing container_1570995350933_0001_01_000002 from application application_1570995350933_0001
rm_1        | 2019-10-13 19:36:47 INFO  ClientRMService:341 - Allocated new applicationId: 1
datanode_2  | 2019-10-13 19:36:12,332 INFO impl.RoleInfo: 5880c893-7ea4-4461-9d7b-752690bfec3b: shutdown LeaderElection
nm_1        | 2019-10-13 19:37:09 INFO  ContainersMonitorImpl:934 - Stopping resource-monitoring for container_1570995350933_0001_01_000002
rm_1        | 2019-10-13 19:36:49 INFO  CapacityScheduler:2500 - Application 'application_1570995350933_0001' is submitted without priority hence considering default queue/cluster priority: 0
datanode_1  | 2019-10-13 19:36:12,283 INFO server.RaftServerConfigKeys: raft.server.watch.timeout = 10s (default)
datanode_2  | 2019-10-13 19:36:12,332 INFO impl.RoleInfo: 5880c893-7ea4-4461-9d7b-752690bfec3b: start FollowerState
nm_1        | 2019-10-13 19:37:09 INFO  AuxServices:350 - Got event CONTAINER_STOP for appId application_1570995350933_0001
rm_1        | 2019-10-13 19:36:49 INFO  CapacityScheduler:2521 - Priority '0' is acceptable in queue : default for application: application_1570995350933_0001
datanode_1  | 2019-10-13 19:36:12,283 INFO server.RaftServerConfigKeys: raft.server.watch.timeout.denomination = 1s (default)
datanode_2  | 2019-10-13 19:36:12,355 INFO impl.RaftServerImpl: 5880c893-7ea4-4461-9d7b-752690bfec3b@group-4867792CAC3F: change Leader from null to 63e9f001-0726-478f-a6fa-0a9a0ea087cd at term 3 for appendEntries, leader elected after 15619ms
nm_1        | 2019-10-13 19:37:10 INFO  Server:1845 - Auth successful for appattempt_1570995350933_0001_000001 (auth:SIMPLE)
rm_1        | 2019-10-13 19:36:49 INFO  ClientRMService:650 - Application with id 1 submitted by user hadoop
datanode_1  | 2019-10-13 19:36:12,283 INFO server.RaftServerConfigKeys: raft.server.watch.element-limit = 65536 (default)
datanode_2  | 2019-10-13 19:36:12,382 INFO impl.RaftServerImpl: 5880c893-7ea4-4461-9d7b-752690bfec3b@group-4867792CAC3F: set configuration 0: [63e9f001-0726-478f-a6fa-0a9a0ea087cd:172.18.0.8:9858, 3320ae53-cf34-4464-9c7a-52cbfab447ca:172.18.0.9:9858, 5880c893-7ea4-4461-9d7b-752690bfec3b:172.18.0.7:9858], old=null at 0
rm_1        | 2019-10-13 19:36:49 INFO  RMAppImpl:1259 - Storing application with id application_1570995350933_0001
datanode_1  | 2019-10-13 19:36:12,290 INFO server.RaftServerConfigKeys: raft.server.log.appender.snapshot.chunk.size.max = 16MB (=16777216) (default)
datanode_2  | 2019-10-13 19:36:12,382 INFO segmented.SegmentedRaftLogWorker: 5880c893-7ea4-4461-9d7b-752690bfec3b@group-4867792CAC3F-SegmentedRaftLogWorker: Starting segment from index:0
nm_1        | 2019-10-13 19:37:10 INFO  ContainerManagerImpl:1070 - Start request for container_1570995350933_0001_01_000003 by user hadoop
rm_1        | 2019-10-13 19:36:49 INFO  RMAuditLogger:310 - USER=hadoop	IP=172.18.0.4	OPERATION=Submit Application Request	TARGET=ClientRMService	RESULT=SUCCESS	APPID=application_1570995350933_0001	CALLERCONTEXT=CLI	QUEUENAME=default
datanode_1  | 2019-10-13 19:36:12,291 INFO server.RaftServerConfigKeys: raft.server.log.appender.buffer.byte-limit = 33554432 (custom)
datanode_2  | 2019-10-13 19:36:12,479 INFO segmented.SegmentedRaftLogWorker: 5880c893-7ea4-4461-9d7b-752690bfec3b@group-4867792CAC3F-SegmentedRaftLogWorker: created new log segment /data/metadata/ratis/cd569555-aed0-404d-ae9d-4867792cac3f/current/log_inprogress_0
nm_1        | 2019-10-13 19:37:10 INFO  NMAuditLogger:94 - USER=hadoop	IP=172.18.0.2	OPERATION=Start Container Request	TARGET=ContainerManageImpl	RESULT=SUCCESS	APPID=application_1570995350933_0001	CONTAINERID=container_1570995350933_0001_01_000003
