datanode_3  | 2019-10-18 19:15:12,665 INFO impl.RaftServerImpl: 5a0e620c-1d7f-4dd6-8c46-6693af406ec4@group-4656A5087807: changes role from  FOLLOWER to FOLLOWER at term 73 for recognizeCandidate:8e82c162-248e-4ef8-859b-527b0adab7bd
datanode_2  | 2019-10-18 19:15:12,766 INFO impl.RoleInfo: c36ea8e8-cbee-4169-b395-2be1efb1f208: shutdown FollowerState
datanode_1  | 2019-10-18 19:15:07,780 INFO impl.LeaderElection: 8e82c162-248e-4ef8-859b-527b0adab7bd@group-4656A5087807-LeaderElection35: begin an election at term 41 for -1: [c36ea8e8-cbee-4169-b395-2be1efb1f208:172.18.0.3:9858, 5a0e620c-1d7f-4dd6-8c46-6693af406ec4:172.18.0.9:9858, 8e82c162-248e-4ef8-859b-527b0adab7bd:172.18.0.4:9858], old=null
datanode_3  | 2019-10-18 19:15:12,665 INFO impl.RoleInfo: 5a0e620c-1d7f-4dd6-8c46-6693af406ec4: shutdown FollowerState
datanode_2  | 2019-10-18 19:15:12,767 INFO impl.RoleInfo: c36ea8e8-cbee-4169-b395-2be1efb1f208: start FollowerState
datanode_3  | 2019-10-18 19:15:12,665 INFO impl.RoleInfo: 5a0e620c-1d7f-4dd6-8c46-6693af406ec4: start FollowerState
datanode_1  | 2019-10-18 19:15:07,816 INFO impl.LeaderElection: 8e82c162-248e-4ef8-859b-527b0adab7bd@group-4656A5087807-LeaderElection35: Election REJECTED; received 2 response(s) [8e82c162-248e-4ef8-859b-527b0adab7bd<-c36ea8e8-cbee-4169-b395-2be1efb1f208#0:FAIL-t41, 8e82c162-248e-4ef8-859b-527b0adab7bd<-5a0e620c-1d7f-4dd6-8c46-6693af406ec4#0:FAIL-t41] and 0 exception(s); 8e82c162-248e-4ef8-859b-527b0adab7bd@group-4656A5087807:t41, leader=null, voted=8e82c162-248e-4ef8-859b-527b0adab7bd, raftlog=8e82c162-248e-4ef8-859b-527b0adab7bd@group-4656A5087807-SegmentedRaftLog:OPENED:c-1,f-1,i0, conf=-1: [c36ea8e8-cbee-4169-b395-2be1efb1f208:172.18.0.3:9858, 5a0e620c-1d7f-4dd6-8c46-6693af406ec4:172.18.0.9:9858, 8e82c162-248e-4ef8-859b-527b0adab7bd:172.18.0.4:9858], old=null
datanode_2  | 2019-10-18 19:15:12,767 INFO impl.FollowerState: c36ea8e8-cbee-4169-b395-2be1efb1f208@group-4656A5087807-FollowerState was interrupted: java.lang.InterruptedException: sleep interrupted
datanode_3  | 2019-10-18 19:15:12,665 INFO impl.FollowerState: 5a0e620c-1d7f-4dd6-8c46-6693af406ec4@group-4656A5087807-FollowerState was interrupted: java.lang.InterruptedException: sleep interrupted
datanode_1  | 2019-10-18 19:15:07,816 INFO impl.RaftServerImpl: 8e82c162-248e-4ef8-859b-527b0adab7bd@group-4656A5087807: changes role from CANDIDATE to FOLLOWER at term 41 for DISCOVERED_A_NEW_TERM
datanode_2  | 2019-10-18 19:15:12,839 INFO impl.RaftServerImpl: c36ea8e8-cbee-4169-b395-2be1efb1f208@group-4656A5087807: changes role from  FOLLOWER to FOLLOWER at term 75 for recognizeCandidate:8e82c162-248e-4ef8-859b-527b0adab7bd
datanode_3  | 2019-10-18 19:15:12,766 INFO impl.RaftServerImpl: 5a0e620c-1d7f-4dd6-8c46-6693af406ec4@group-4656A5087807: changes role from  FOLLOWER to FOLLOWER at term 74 for recognizeCandidate:8e82c162-248e-4ef8-859b-527b0adab7bd
datanode_2  | 2019-10-18 19:15:12,839 INFO impl.RoleInfo: c36ea8e8-cbee-4169-b395-2be1efb1f208: shutdown FollowerState
datanode_1  | 2019-10-18 19:15:07,816 INFO impl.RoleInfo: 8e82c162-248e-4ef8-859b-527b0adab7bd: shutdown LeaderElection
datanode_2  | 2019-10-18 19:15:12,839 INFO impl.RoleInfo: c36ea8e8-cbee-4169-b395-2be1efb1f208: start FollowerState
datanode_3  | 2019-10-18 19:15:12,767 INFO impl.RoleInfo: 5a0e620c-1d7f-4dd6-8c46-6693af406ec4: shutdown FollowerState
datanode_2  | 2019-10-18 19:15:12,839 INFO impl.FollowerState: c36ea8e8-cbee-4169-b395-2be1efb1f208@group-4656A5087807-FollowerState was interrupted: java.lang.InterruptedException: sleep interrupted
datanode_3  | 2019-10-18 19:15:12,767 INFO impl.FollowerState: 5a0e620c-1d7f-4dd6-8c46-6693af406ec4@group-4656A5087807-FollowerState was interrupted: java.lang.InterruptedException: sleep interrupted
datanode_1  | 2019-10-18 19:15:07,816 INFO impl.RoleInfo: 8e82c162-248e-4ef8-859b-527b0adab7bd: start FollowerState
datanode_2  | 2019-10-18 19:15:13,000 INFO impl.RaftServerImpl: c36ea8e8-cbee-4169-b395-2be1efb1f208@group-4656A5087807: changes role from  FOLLOWER to FOLLOWER at term 76 for recognizeCandidate:8e82c162-248e-4ef8-859b-527b0adab7bd
datanode_1  | 2019-10-18 19:15:07,921 INFO impl.FollowerState: 8e82c162-248e-4ef8-859b-527b0adab7bd@group-4656A5087807-FollowerState: change to CANDIDATE, lastRpcTime:104ms, electionTimeout:104ms
datanode_3  | 2019-10-18 19:15:12,767 INFO impl.RoleInfo: 5a0e620c-1d7f-4dd6-8c46-6693af406ec4: start FollowerState
datanode_2  | 2019-10-18 19:15:13,000 INFO impl.RoleInfo: c36ea8e8-cbee-4169-b395-2be1efb1f208: shutdown FollowerState
datanode_1  | 2019-10-18 19:15:07,922 INFO impl.RoleInfo: 8e82c162-248e-4ef8-859b-527b0adab7bd: shutdown FollowerState
datanode_3  | 2019-10-18 19:15:12,839 INFO impl.RaftServerImpl: 5a0e620c-1d7f-4dd6-8c46-6693af406ec4@group-4656A5087807: changes role from  FOLLOWER to FOLLOWER at term 75 for recognizeCandidate:8e82c162-248e-4ef8-859b-527b0adab7bd
datanode_2  | 2019-10-18 19:15:13,000 INFO impl.RoleInfo: c36ea8e8-cbee-4169-b395-2be1efb1f208: start FollowerState
datanode_1  | 2019-10-18 19:15:07,922 INFO impl.RaftServerImpl: 8e82c162-248e-4ef8-859b-527b0adab7bd@group-4656A5087807: changes role from  FOLLOWER to CANDIDATE at term 41 for changeToCandidate
datanode_3  | 2019-10-18 19:15:12,839 INFO impl.RoleInfo: 5a0e620c-1d7f-4dd6-8c46-6693af406ec4: shutdown FollowerState
datanode_2  | 2019-10-18 19:15:13,000 INFO impl.FollowerState: c36ea8e8-cbee-4169-b395-2be1efb1f208@group-4656A5087807-FollowerState was interrupted: java.lang.InterruptedException: sleep interrupted
datanode_1  | 2019-10-18 19:15:07,922 INFO impl.RoleInfo: 8e82c162-248e-4ef8-859b-527b0adab7bd: start LeaderElection
datanode_3  | 2019-10-18 19:15:12,839 INFO impl.RoleInfo: 5a0e620c-1d7f-4dd6-8c46-6693af406ec4: start FollowerState
datanode_2  | 2019-10-18 19:15:13,160 INFO impl.RaftServerImpl: c36ea8e8-cbee-4169-b395-2be1efb1f208@group-4656A5087807: changes role from  FOLLOWER to FOLLOWER at term 77 for recognizeCandidate:8e82c162-248e-4ef8-859b-527b0adab7bd
datanode_1  | 2019-10-18 19:15:07,982 INFO impl.LeaderElection: 8e82c162-248e-4ef8-859b-527b0adab7bd@group-4656A5087807-LeaderElection36: begin an election at term 42 for -1: [c36ea8e8-cbee-4169-b395-2be1efb1f208:172.18.0.3:9858, 5a0e620c-1d7f-4dd6-8c46-6693af406ec4:172.18.0.9:9858, 8e82c162-248e-4ef8-859b-527b0adab7bd:172.18.0.4:9858], old=null
datanode_3  | 2019-10-18 19:15:12,839 INFO impl.FollowerState: 5a0e620c-1d7f-4dd6-8c46-6693af406ec4@group-4656A5087807-FollowerState was interrupted: java.lang.InterruptedException: sleep interrupted
datanode_1  | 2019-10-18 19:15:08,019 INFO impl.LeaderElection: 8e82c162-248e-4ef8-859b-527b0adab7bd@group-4656A5087807-LeaderElection36: Election REJECTED; received 2 response(s) [8e82c162-248e-4ef8-859b-527b0adab7bd<-c36ea8e8-cbee-4169-b395-2be1efb1f208#0:FAIL-t42, 8e82c162-248e-4ef8-859b-527b0adab7bd<-5a0e620c-1d7f-4dd6-8c46-6693af406ec4#0:FAIL-t42] and 0 exception(s); 8e82c162-248e-4ef8-859b-527b0adab7bd@group-4656A5087807:t42, leader=null, voted=8e82c162-248e-4ef8-859b-527b0adab7bd, raftlog=8e82c162-248e-4ef8-859b-527b0adab7bd@group-4656A5087807-SegmentedRaftLog:OPENED:c-1,f-1,i0, conf=-1: [c36ea8e8-cbee-4169-b395-2be1efb1f208:172.18.0.3:9858, 5a0e620c-1d7f-4dd6-8c46-6693af406ec4:172.18.0.9:9858, 8e82c162-248e-4ef8-859b-527b0adab7bd:172.18.0.4:9858], old=null
datanode_2  | 2019-10-18 19:15:13,160 INFO impl.RoleInfo: c36ea8e8-cbee-4169-b395-2be1efb1f208: shutdown FollowerState
datanode_3  | 2019-10-18 19:15:13,000 INFO impl.RaftServerImpl: 5a0e620c-1d7f-4dd6-8c46-6693af406ec4@group-4656A5087807: changes role from  FOLLOWER to FOLLOWER at term 76 for recognizeCandidate:8e82c162-248e-4ef8-859b-527b0adab7bd
datanode_1  | 2019-10-18 19:15:08,019 INFO impl.RaftServerImpl: 8e82c162-248e-4ef8-859b-527b0adab7bd@group-4656A5087807: changes role from CANDIDATE to FOLLOWER at term 42 for DISCOVERED_A_NEW_TERM
datanode_2  | 2019-10-18 19:15:13,160 INFO impl.FollowerState: c36ea8e8-cbee-4169-b395-2be1efb1f208@group-4656A5087807-FollowerState was interrupted: java.lang.InterruptedException: sleep interrupted
datanode_3  | 2019-10-18 19:15:13,000 INFO impl.RoleInfo: 5a0e620c-1d7f-4dd6-8c46-6693af406ec4: shutdown FollowerState
datanode_1  | 2019-10-18 19:15:08,019 INFO impl.RoleInfo: 8e82c162-248e-4ef8-859b-527b0adab7bd: shutdown LeaderElection
datanode_2  | 2019-10-18 19:15:13,160 INFO impl.RoleInfo: c36ea8e8-cbee-4169-b395-2be1efb1f208: start FollowerState
datanode_3  | 2019-10-18 19:15:13,000 INFO impl.FollowerState: 5a0e620c-1d7f-4dd6-8c46-6693af406ec4@group-4656A5087807-FollowerState was interrupted: java.lang.InterruptedException: sleep interrupted
datanode_1  | 2019-10-18 19:15:08,019 INFO impl.RoleInfo: 8e82c162-248e-4ef8-859b-527b0adab7bd: start FollowerState
datanode_2  | 2019-10-18 19:15:13,262 INFO impl.RaftServerImpl: c36ea8e8-cbee-4169-b395-2be1efb1f208@group-4656A5087807: changes role from  FOLLOWER to FOLLOWER at term 78 for recognizeCandidate:8e82c162-248e-4ef8-859b-527b0adab7bd
datanode_3  | 2019-10-18 19:15:13,000 INFO impl.RoleInfo: 5a0e620c-1d7f-4dd6-8c46-6693af406ec4: start FollowerState
datanode_1  | 2019-10-18 19:15:08,159 INFO impl.FollowerState: 8e82c162-248e-4ef8-859b-527b0adab7bd@group-4656A5087807-FollowerState: change to CANDIDATE, lastRpcTime:140ms, electionTimeout:140ms
datanode_2  | 2019-10-18 19:15:13,262 INFO impl.RoleInfo: c36ea8e8-cbee-4169-b395-2be1efb1f208: shutdown FollowerState
datanode_3  | 2019-10-18 19:15:13,160 INFO impl.RaftServerImpl: 5a0e620c-1d7f-4dd6-8c46-6693af406ec4@group-4656A5087807: changes role from  FOLLOWER to FOLLOWER at term 77 for recognizeCandidate:8e82c162-248e-4ef8-859b-527b0adab7bd
datanode_2  | 2019-10-18 19:15:13,262 INFO impl.FollowerState: c36ea8e8-cbee-4169-b395-2be1efb1f208@group-4656A5087807-FollowerState was interrupted: java.lang.InterruptedException: sleep interrupted
datanode_1  | 2019-10-18 19:15:08,160 INFO impl.RoleInfo: 8e82c162-248e-4ef8-859b-527b0adab7bd: shutdown FollowerState
datanode_3  | 2019-10-18 19:15:13,160 INFO impl.RoleInfo: 5a0e620c-1d7f-4dd6-8c46-6693af406ec4: shutdown FollowerState
datanode_2  | 2019-10-18 19:15:13,262 INFO impl.RoleInfo: c36ea8e8-cbee-4169-b395-2be1efb1f208: start FollowerState
datanode_1  | 2019-10-18 19:15:08,160 INFO impl.RaftServerImpl: 8e82c162-248e-4ef8-859b-527b0adab7bd@group-4656A5087807: changes role from  FOLLOWER to CANDIDATE at term 42 for changeToCandidate
datanode_3  | 2019-10-18 19:15:13,160 INFO impl.FollowerState: 5a0e620c-1d7f-4dd6-8c46-6693af406ec4@group-4656A5087807-FollowerState was interrupted: java.lang.InterruptedException: sleep interrupted
datanode_1  | 2019-10-18 19:15:08,160 INFO impl.RoleInfo: 8e82c162-248e-4ef8-859b-527b0adab7bd: start LeaderElection
datanode_2  | 2019-10-18 19:15:13,353 INFO impl.RaftServerImpl: c36ea8e8-cbee-4169-b395-2be1efb1f208@group-4656A5087807: changes role from  FOLLOWER to FOLLOWER at term 79 for recognizeCandidate:8e82c162-248e-4ef8-859b-527b0adab7bd
datanode_3  | 2019-10-18 19:15:13,160 INFO impl.RoleInfo: 5a0e620c-1d7f-4dd6-8c46-6693af406ec4: start FollowerState
datanode_1  | 2019-10-18 19:15:08,184 INFO impl.LeaderElection: 8e82c162-248e-4ef8-859b-527b0adab7bd@group-4656A5087807-LeaderElection37: begin an election at term 43 for -1: [c36ea8e8-cbee-4169-b395-2be1efb1f208:172.18.0.3:9858, 5a0e620c-1d7f-4dd6-8c46-6693af406ec4:172.18.0.9:9858, 8e82c162-248e-4ef8-859b-527b0adab7bd:172.18.0.4:9858], old=null
datanode_2  | 2019-10-18 19:15:13,354 INFO impl.RoleInfo: c36ea8e8-cbee-4169-b395-2be1efb1f208: shutdown FollowerState
datanode_3  | 2019-10-18 19:15:13,262 INFO impl.RaftServerImpl: 5a0e620c-1d7f-4dd6-8c46-6693af406ec4@group-4656A5087807: changes role from  FOLLOWER to FOLLOWER at term 78 for recognizeCandidate:8e82c162-248e-4ef8-859b-527b0adab7bd
datanode_1  | 2019-10-18 19:15:08,220 INFO impl.LeaderElection: 8e82c162-248e-4ef8-859b-527b0adab7bd@group-4656A5087807-LeaderElection37: Election REJECTED; received 2 response(s) [8e82c162-248e-4ef8-859b-527b0adab7bd<-c36ea8e8-cbee-4169-b395-2be1efb1f208#0:FAIL-t43, 8e82c162-248e-4ef8-859b-527b0adab7bd<-5a0e620c-1d7f-4dd6-8c46-6693af406ec4#0:FAIL-t43] and 0 exception(s); 8e82c162-248e-4ef8-859b-527b0adab7bd@group-4656A5087807:t43, leader=null, voted=8e82c162-248e-4ef8-859b-527b0adab7bd, raftlog=8e82c162-248e-4ef8-859b-527b0adab7bd@group-4656A5087807-SegmentedRaftLog:OPENED:c-1,f-1,i0, conf=-1: [c36ea8e8-cbee-4169-b395-2be1efb1f208:172.18.0.3:9858, 5a0e620c-1d7f-4dd6-8c46-6693af406ec4:172.18.0.9:9858, 8e82c162-248e-4ef8-859b-527b0adab7bd:172.18.0.4:9858], old=null
datanode_3  | 2019-10-18 19:15:13,262 INFO impl.RoleInfo: 5a0e620c-1d7f-4dd6-8c46-6693af406ec4: shutdown FollowerState
datanode_2  | 2019-10-18 19:15:13,354 INFO impl.FollowerState: c36ea8e8-cbee-4169-b395-2be1efb1f208@group-4656A5087807-FollowerState was interrupted: java.lang.InterruptedException: sleep interrupted
datanode_1  | 2019-10-18 19:15:08,220 INFO impl.RaftServerImpl: 8e82c162-248e-4ef8-859b-527b0adab7bd@group-4656A5087807: changes role from CANDIDATE to FOLLOWER at term 43 for DISCOVERED_A_NEW_TERM
datanode_3  | 2019-10-18 19:15:13,263 INFO impl.FollowerState: 5a0e620c-1d7f-4dd6-8c46-6693af406ec4@group-4656A5087807-FollowerState was interrupted: java.lang.InterruptedException: sleep interrupted
datanode_2  | 2019-10-18 19:15:13,354 INFO impl.RoleInfo: c36ea8e8-cbee-4169-b395-2be1efb1f208: start FollowerState
datanode_1  | 2019-10-18 19:15:08,220 INFO impl.RoleInfo: 8e82c162-248e-4ef8-859b-527b0adab7bd: shutdown LeaderElection
datanode_3  | 2019-10-18 19:15:13,263 INFO impl.RoleInfo: 5a0e620c-1d7f-4dd6-8c46-6693af406ec4: start FollowerState
datanode_2  | 2019-10-18 19:15:13,436 INFO impl.RaftServerImpl: c36ea8e8-cbee-4169-b395-2be1efb1f208@group-4656A5087807: changes role from  FOLLOWER to FOLLOWER at term 80 for recognizeCandidate:8e82c162-248e-4ef8-859b-527b0adab7bd
datanode_1  | 2019-10-18 19:15:08,220 INFO impl.RoleInfo: 8e82c162-248e-4ef8-859b-527b0adab7bd: start FollowerState
datanode_3  | 2019-10-18 19:15:13,354 INFO impl.RaftServerImpl: 5a0e620c-1d7f-4dd6-8c46-6693af406ec4@group-4656A5087807: changes role from  FOLLOWER to FOLLOWER at term 79 for recognizeCandidate:8e82c162-248e-4ef8-859b-527b0adab7bd
datanode_2  | 2019-10-18 19:15:13,436 INFO impl.RoleInfo: c36ea8e8-cbee-4169-b395-2be1efb1f208: shutdown FollowerState
datanode_1  | 2019-10-18 19:15:08,415 INFO impl.FollowerState: 8e82c162-248e-4ef8-859b-527b0adab7bd@group-4656A5087807-FollowerState: change to CANDIDATE, lastRpcTime:195ms, electionTimeout:195ms
datanode_3  | 2019-10-18 19:15:13,354 INFO impl.RoleInfo: 5a0e620c-1d7f-4dd6-8c46-6693af406ec4: shutdown FollowerState
datanode_2  | 2019-10-18 19:15:13,437 INFO impl.RoleInfo: c36ea8e8-cbee-4169-b395-2be1efb1f208: start FollowerState
datanode_1  | 2019-10-18 19:15:08,416 INFO impl.RoleInfo: 8e82c162-248e-4ef8-859b-527b0adab7bd: shutdown FollowerState
datanode_3  | 2019-10-18 19:15:13,354 INFO impl.RoleInfo: 5a0e620c-1d7f-4dd6-8c46-6693af406ec4: start FollowerState
datanode_2  | 2019-10-18 19:15:13,437 INFO impl.FollowerState: c36ea8e8-cbee-4169-b395-2be1efb1f208@group-4656A5087807-FollowerState was interrupted: java.lang.InterruptedException: sleep interrupted
datanode_1  | 2019-10-18 19:15:08,416 INFO impl.RaftServerImpl: 8e82c162-248e-4ef8-859b-527b0adab7bd@group-4656A5087807: changes role from  FOLLOWER to CANDIDATE at term 43 for changeToCandidate
datanode_3  | 2019-10-18 19:15:13,354 INFO impl.FollowerState: 5a0e620c-1d7f-4dd6-8c46-6693af406ec4@group-4656A5087807-FollowerState was interrupted: java.lang.InterruptedException: sleep interrupted
datanode_2  | 2019-10-18 19:15:13,994 INFO impl.RaftServerImpl: c36ea8e8-cbee-4169-b395-2be1efb1f208@group-4656A5087807: changes role from  FOLLOWER to FOLLOWER at term 81 for recognizeCandidate:8e82c162-248e-4ef8-859b-527b0adab7bd
datanode_1  | 2019-10-18 19:15:08,416 INFO impl.RoleInfo: 8e82c162-248e-4ef8-859b-527b0adab7bd: start LeaderElection
datanode_3  | 2019-10-18 19:15:13,436 INFO impl.RaftServerImpl: 5a0e620c-1d7f-4dd6-8c46-6693af406ec4@group-4656A5087807: changes role from  FOLLOWER to FOLLOWER at term 80 for recognizeCandidate:8e82c162-248e-4ef8-859b-527b0adab7bd
datanode_2  | 2019-10-18 19:15:13,994 INFO impl.RoleInfo: c36ea8e8-cbee-4169-b395-2be1efb1f208: shutdown FollowerState
datanode_1  | 2019-10-18 19:15:08,441 INFO impl.LeaderElection: 8e82c162-248e-4ef8-859b-527b0adab7bd@group-4656A5087807-LeaderElection38: begin an election at term 44 for -1: [c36ea8e8-cbee-4169-b395-2be1efb1f208:172.18.0.3:9858, 5a0e620c-1d7f-4dd6-8c46-6693af406ec4:172.18.0.9:9858, 8e82c162-248e-4ef8-859b-527b0adab7bd:172.18.0.4:9858], old=null
datanode_3  | 2019-10-18 19:15:13,436 INFO impl.RoleInfo: 5a0e620c-1d7f-4dd6-8c46-6693af406ec4: shutdown FollowerState
datanode_2  | 2019-10-18 19:15:13,994 INFO impl.FollowerState: c36ea8e8-cbee-4169-b395-2be1efb1f208@group-4656A5087807-FollowerState was interrupted: java.lang.InterruptedException: sleep interrupted
datanode_1  | 2019-10-18 19:15:08,481 INFO impl.LeaderElection: 8e82c162-248e-4ef8-859b-527b0adab7bd@group-4656A5087807-LeaderElection38: Election REJECTED; received 2 response(s) [8e82c162-248e-4ef8-859b-527b0adab7bd<-c36ea8e8-cbee-4169-b395-2be1efb1f208#0:FAIL-t44, 8e82c162-248e-4ef8-859b-527b0adab7bd<-5a0e620c-1d7f-4dd6-8c46-6693af406ec4#0:FAIL-t44] and 0 exception(s); 8e82c162-248e-4ef8-859b-527b0adab7bd@group-4656A5087807:t44, leader=null, voted=8e82c162-248e-4ef8-859b-527b0adab7bd, raftlog=8e82c162-248e-4ef8-859b-527b0adab7bd@group-4656A5087807-SegmentedRaftLog:OPENED:c-1,f-1,i0, conf=-1: [c36ea8e8-cbee-4169-b395-2be1efb1f208:172.18.0.3:9858, 5a0e620c-1d7f-4dd6-8c46-6693af406ec4:172.18.0.9:9858, 8e82c162-248e-4ef8-859b-527b0adab7bd:172.18.0.4:9858], old=null
datanode_3  | 2019-10-18 19:15:13,437 INFO impl.RoleInfo: 5a0e620c-1d7f-4dd6-8c46-6693af406ec4: start FollowerState
datanode_2  | 2019-10-18 19:15:13,994 INFO impl.RoleInfo: c36ea8e8-cbee-4169-b395-2be1efb1f208: start FollowerState
datanode_1  | 2019-10-18 19:15:08,482 INFO impl.RaftServerImpl: 8e82c162-248e-4ef8-859b-527b0adab7bd@group-4656A5087807: changes role from CANDIDATE to FOLLOWER at term 44 for DISCOVERED_A_NEW_TERM
datanode_3  | 2019-10-18 19:15:13,437 INFO impl.FollowerState: 5a0e620c-1d7f-4dd6-8c46-6693af406ec4@group-4656A5087807-FollowerState was interrupted: java.lang.InterruptedException: sleep interrupted
datanode_2  | 2019-10-18 19:15:14,169 INFO impl.RaftServerImpl: c36ea8e8-cbee-4169-b395-2be1efb1f208@group-4656A5087807: changes role from  FOLLOWER to FOLLOWER at term 82 for recognizeCandidate:8e82c162-248e-4ef8-859b-527b0adab7bd
datanode_1  | 2019-10-18 19:15:08,482 INFO impl.RoleInfo: 8e82c162-248e-4ef8-859b-527b0adab7bd: shutdown LeaderElection
datanode_3  | 2019-10-18 19:15:13,994 INFO impl.RaftServerImpl: 5a0e620c-1d7f-4dd6-8c46-6693af406ec4@group-4656A5087807: changes role from  FOLLOWER to FOLLOWER at term 81 for recognizeCandidate:8e82c162-248e-4ef8-859b-527b0adab7bd
datanode_2  | 2019-10-18 19:15:14,169 INFO impl.RoleInfo: c36ea8e8-cbee-4169-b395-2be1efb1f208: shutdown FollowerState
datanode_1  | 2019-10-18 19:15:08,482 INFO impl.RoleInfo: 8e82c162-248e-4ef8-859b-527b0adab7bd: start FollowerState
datanode_2  | 2019-10-18 19:15:14,169 INFO impl.RoleInfo: c36ea8e8-cbee-4169-b395-2be1efb1f208: start FollowerState
datanode_1  | 2019-10-18 19:15:08,567 INFO impl.FollowerState: 8e82c162-248e-4ef8-859b-527b0adab7bd@group-4656A5087807-FollowerState: change to CANDIDATE, lastRpcTime:85ms, electionTimeout:85ms
datanode_2  | 2019-10-18 19:15:14,169 INFO impl.FollowerState: c36ea8e8-cbee-4169-b395-2be1efb1f208@group-4656A5087807-FollowerState was interrupted: java.lang.InterruptedException: sleep interrupted
datanode_3  | 2019-10-18 19:15:13,994 INFO impl.RoleInfo: 5a0e620c-1d7f-4dd6-8c46-6693af406ec4: shutdown FollowerState
datanode_1  | 2019-10-18 19:15:08,570 INFO impl.RoleInfo: 8e82c162-248e-4ef8-859b-527b0adab7bd: shutdown FollowerState
datanode_2  | 2019-10-18 19:15:14,388 INFO impl.RaftServerImpl: c36ea8e8-cbee-4169-b395-2be1efb1f208@group-4656A5087807: changes role from  FOLLOWER to FOLLOWER at term 83 for recognizeCandidate:8e82c162-248e-4ef8-859b-527b0adab7bd
datanode_3  | 2019-10-18 19:15:13,994 INFO impl.RoleInfo: 5a0e620c-1d7f-4dd6-8c46-6693af406ec4: start FollowerState
datanode_1  | 2019-10-18 19:15:08,570 INFO impl.RaftServerImpl: 8e82c162-248e-4ef8-859b-527b0adab7bd@group-4656A5087807: changes role from  FOLLOWER to CANDIDATE at term 44 for changeToCandidate
datanode_2  | 2019-10-18 19:15:14,388 INFO impl.RoleInfo: c36ea8e8-cbee-4169-b395-2be1efb1f208: shutdown FollowerState
datanode_3  | 2019-10-18 19:15:13,994 INFO impl.FollowerState: 5a0e620c-1d7f-4dd6-8c46-6693af406ec4@group-4656A5087807-FollowerState was interrupted: java.lang.InterruptedException: sleep interrupted
datanode_1  | 2019-10-18 19:15:08,571 INFO impl.RoleInfo: 8e82c162-248e-4ef8-859b-527b0adab7bd: start LeaderElection
datanode_2  | 2019-10-18 19:15:14,388 INFO impl.RoleInfo: c36ea8e8-cbee-4169-b395-2be1efb1f208: start FollowerState
datanode_3  | 2019-10-18 19:15:14,169 INFO impl.RaftServerImpl: 5a0e620c-1d7f-4dd6-8c46-6693af406ec4@group-4656A5087807: changes role from  FOLLOWER to FOLLOWER at term 82 for recognizeCandidate:8e82c162-248e-4ef8-859b-527b0adab7bd
datanode_1  | 2019-10-18 19:15:08,612 INFO impl.LeaderElection: 8e82c162-248e-4ef8-859b-527b0adab7bd@group-4656A5087807-LeaderElection39: begin an election at term 45 for -1: [c36ea8e8-cbee-4169-b395-2be1efb1f208:172.18.0.3:9858, 5a0e620c-1d7f-4dd6-8c46-6693af406ec4:172.18.0.9:9858, 8e82c162-248e-4ef8-859b-527b0adab7bd:172.18.0.4:9858], old=null
datanode_2  | 2019-10-18 19:15:14,388 INFO impl.FollowerState: c36ea8e8-cbee-4169-b395-2be1efb1f208@group-4656A5087807-FollowerState was interrupted: java.lang.InterruptedException: sleep interrupted
datanode_3  | 2019-10-18 19:15:14,169 INFO impl.RoleInfo: 5a0e620c-1d7f-4dd6-8c46-6693af406ec4: shutdown FollowerState
datanode_2  | 2019-10-18 19:15:14,499 INFO impl.RaftServerImpl: c36ea8e8-cbee-4169-b395-2be1efb1f208@group-4656A5087807: changes role from  FOLLOWER to FOLLOWER at term 84 for recognizeCandidate:8e82c162-248e-4ef8-859b-527b0adab7bd
datanode_3  | 2019-10-18 19:15:14,169 INFO impl.FollowerState: 5a0e620c-1d7f-4dd6-8c46-6693af406ec4@group-4656A5087807-FollowerState was interrupted: java.lang.InterruptedException: sleep interrupted
datanode_2  | 2019-10-18 19:15:14,499 INFO impl.RoleInfo: c36ea8e8-cbee-4169-b395-2be1efb1f208: shutdown FollowerState
datanode_1  | 2019-10-18 19:15:08,633 INFO impl.LeaderElection: 8e82c162-248e-4ef8-859b-527b0adab7bd@group-4656A5087807-LeaderElection39: Election REJECTED; received 2 response(s) [8e82c162-248e-4ef8-859b-527b0adab7bd<-c36ea8e8-cbee-4169-b395-2be1efb1f208#0:FAIL-t45, 8e82c162-248e-4ef8-859b-527b0adab7bd<-5a0e620c-1d7f-4dd6-8c46-6693af406ec4#0:FAIL-t45] and 0 exception(s); 8e82c162-248e-4ef8-859b-527b0adab7bd@group-4656A5087807:t45, leader=null, voted=8e82c162-248e-4ef8-859b-527b0adab7bd, raftlog=8e82c162-248e-4ef8-859b-527b0adab7bd@group-4656A5087807-SegmentedRaftLog:OPENED:c-1,f-1,i0, conf=-1: [c36ea8e8-cbee-4169-b395-2be1efb1f208:172.18.0.3:9858, 5a0e620c-1d7f-4dd6-8c46-6693af406ec4:172.18.0.9:9858, 8e82c162-248e-4ef8-859b-527b0adab7bd:172.18.0.4:9858], old=null
datanode_3  | 2019-10-18 19:15:14,169 INFO impl.RoleInfo: 5a0e620c-1d7f-4dd6-8c46-6693af406ec4: start FollowerState
datanode_2  | 2019-10-18 19:15:14,500 INFO impl.RoleInfo: c36ea8e8-cbee-4169-b395-2be1efb1f208: start FollowerState
datanode_3  | 2019-10-18 19:15:14,389 INFO impl.RaftServerImpl: 5a0e620c-1d7f-4dd6-8c46-6693af406ec4@group-4656A5087807: changes role from  FOLLOWER to FOLLOWER at term 83 for recognizeCandidate:8e82c162-248e-4ef8-859b-527b0adab7bd
datanode_1  | 2019-10-18 19:15:08,633 INFO impl.RaftServerImpl: 8e82c162-248e-4ef8-859b-527b0adab7bd@group-4656A5087807: changes role from CANDIDATE to FOLLOWER at term 45 for DISCOVERED_A_NEW_TERM
datanode_2  | 2019-10-18 19:15:14,500 INFO impl.FollowerState: c36ea8e8-cbee-4169-b395-2be1efb1f208@group-4656A5087807-FollowerState was interrupted: java.lang.InterruptedException: sleep interrupted
datanode_3  | 2019-10-18 19:15:14,389 INFO impl.RoleInfo: 5a0e620c-1d7f-4dd6-8c46-6693af406ec4: shutdown FollowerState
datanode_1  | 2019-10-18 19:15:08,633 INFO impl.RoleInfo: 8e82c162-248e-4ef8-859b-527b0adab7bd: shutdown LeaderElection
datanode_2  | 2019-10-18 19:15:14,744 INFO impl.RaftServerImpl: c36ea8e8-cbee-4169-b395-2be1efb1f208@group-4656A5087807: changes role from  FOLLOWER to FOLLOWER at term 85 for recognizeCandidate:8e82c162-248e-4ef8-859b-527b0adab7bd
datanode_3  | 2019-10-18 19:15:14,389 INFO impl.RoleInfo: 5a0e620c-1d7f-4dd6-8c46-6693af406ec4: start FollowerState
datanode_1  | 2019-10-18 19:15:08,633 INFO impl.RoleInfo: 8e82c162-248e-4ef8-859b-527b0adab7bd: start FollowerState
datanode_2  | 2019-10-18 19:15:14,744 INFO impl.RoleInfo: c36ea8e8-cbee-4169-b395-2be1efb1f208: shutdown FollowerState
datanode_3  | 2019-10-18 19:15:14,389 INFO impl.FollowerState: 5a0e620c-1d7f-4dd6-8c46-6693af406ec4@group-4656A5087807-FollowerState was interrupted: java.lang.InterruptedException: sleep interrupted
datanode_1  | 2019-10-18 19:15:08,682 INFO impl.FollowerState: 8e82c162-248e-4ef8-859b-527b0adab7bd@group-4656A5087807-FollowerState: change to CANDIDATE, lastRpcTime:48ms, electionTimeout:48ms
datanode_3  | 2019-10-18 19:15:14,500 INFO impl.RaftServerImpl: 5a0e620c-1d7f-4dd6-8c46-6693af406ec4@group-4656A5087807: changes role from  FOLLOWER to FOLLOWER at term 84 for recognizeCandidate:8e82c162-248e-4ef8-859b-527b0adab7bd
datanode_3  | 2019-10-18 19:15:14,500 INFO impl.RoleInfo: 5a0e620c-1d7f-4dd6-8c46-6693af406ec4: shutdown FollowerState
datanode_1  | 2019-10-18 19:15:08,682 INFO impl.RoleInfo: 8e82c162-248e-4ef8-859b-527b0adab7bd: shutdown FollowerState
datanode_2  | 2019-10-18 19:15:14,744 INFO impl.FollowerState: c36ea8e8-cbee-4169-b395-2be1efb1f208@group-4656A5087807-FollowerState was interrupted: java.lang.InterruptedException: sleep interrupted
datanode_3  | 2019-10-18 19:15:14,500 INFO impl.FollowerState: 5a0e620c-1d7f-4dd6-8c46-6693af406ec4@group-4656A5087807-FollowerState was interrupted: java.lang.InterruptedException: sleep interrupted
datanode_1  | 2019-10-18 19:15:08,682 INFO impl.RaftServerImpl: 8e82c162-248e-4ef8-859b-527b0adab7bd@group-4656A5087807: changes role from  FOLLOWER to CANDIDATE at term 45 for changeToCandidate
datanode_2  | 2019-10-18 19:15:14,744 INFO impl.RoleInfo: c36ea8e8-cbee-4169-b395-2be1efb1f208: start FollowerState
datanode_3  | 2019-10-18 19:15:14,500 INFO impl.RoleInfo: 5a0e620c-1d7f-4dd6-8c46-6693af406ec4: start FollowerState
datanode_1  | 2019-10-18 19:15:08,682 INFO impl.RoleInfo: 8e82c162-248e-4ef8-859b-527b0adab7bd: start LeaderElection
datanode_2  | 2019-10-18 19:15:14,953 INFO impl.RaftServerImpl: c36ea8e8-cbee-4169-b395-2be1efb1f208@group-4656A5087807: changes role from  FOLLOWER to FOLLOWER at term 86 for recognizeCandidate:8e82c162-248e-4ef8-859b-527b0adab7bd
datanode_3  | 2019-10-18 19:15:14,743 INFO impl.RaftServerImpl: 5a0e620c-1d7f-4dd6-8c46-6693af406ec4@group-4656A5087807: changes role from  FOLLOWER to FOLLOWER at term 85 for recognizeCandidate:8e82c162-248e-4ef8-859b-527b0adab7bd
datanode_1  | 2019-10-18 19:15:08,706 INFO impl.LeaderElection: 8e82c162-248e-4ef8-859b-527b0adab7bd@group-4656A5087807-LeaderElection40: begin an election at term 46 for -1: [c36ea8e8-cbee-4169-b395-2be1efb1f208:172.18.0.3:9858, 5a0e620c-1d7f-4dd6-8c46-6693af406ec4:172.18.0.9:9858, 8e82c162-248e-4ef8-859b-527b0adab7bd:172.18.0.4:9858], old=null
datanode_2  | 2019-10-18 19:15:14,954 INFO impl.RoleInfo: c36ea8e8-cbee-4169-b395-2be1efb1f208: shutdown FollowerState
datanode_3  | 2019-10-18 19:15:14,744 INFO impl.RoleInfo: 5a0e620c-1d7f-4dd6-8c46-6693af406ec4: shutdown FollowerState
datanode_1  | 2019-10-18 19:15:08,737 INFO impl.LeaderElection: 8e82c162-248e-4ef8-859b-527b0adab7bd@group-4656A5087807-LeaderElection40: Election REJECTED; received 2 response(s) [8e82c162-248e-4ef8-859b-527b0adab7bd<-c36ea8e8-cbee-4169-b395-2be1efb1f208#0:FAIL-t46, 8e82c162-248e-4ef8-859b-527b0adab7bd<-5a0e620c-1d7f-4dd6-8c46-6693af406ec4#0:FAIL-t46] and 0 exception(s); 8e82c162-248e-4ef8-859b-527b0adab7bd@group-4656A5087807:t46, leader=null, voted=8e82c162-248e-4ef8-859b-527b0adab7bd, raftlog=8e82c162-248e-4ef8-859b-527b0adab7bd@group-4656A5087807-SegmentedRaftLog:OPENED:c-1,f-1,i0, conf=-1: [c36ea8e8-cbee-4169-b395-2be1efb1f208:172.18.0.3:9858, 5a0e620c-1d7f-4dd6-8c46-6693af406ec4:172.18.0.9:9858, 8e82c162-248e-4ef8-859b-527b0adab7bd:172.18.0.4:9858], old=null
datanode_3  | 2019-10-18 19:15:14,744 INFO impl.RoleInfo: 5a0e620c-1d7f-4dd6-8c46-6693af406ec4: start FollowerState
datanode_1  | 2019-10-18 19:15:08,737 INFO impl.RaftServerImpl: 8e82c162-248e-4ef8-859b-527b0adab7bd@group-4656A5087807: changes role from CANDIDATE to FOLLOWER at term 46 for DISCOVERED_A_NEW_TERM
datanode_2  | 2019-10-18 19:15:14,954 INFO impl.RoleInfo: c36ea8e8-cbee-4169-b395-2be1efb1f208: start FollowerState
datanode_3  | 2019-10-18 19:15:14,744 INFO impl.FollowerState: 5a0e620c-1d7f-4dd6-8c46-6693af406ec4@group-4656A5087807-FollowerState was interrupted: java.lang.InterruptedException: sleep interrupted
datanode_1  | 2019-10-18 19:15:08,737 INFO impl.RoleInfo: 8e82c162-248e-4ef8-859b-527b0adab7bd: shutdown LeaderElection
datanode_2  | 2019-10-18 19:15:14,954 INFO impl.FollowerState: c36ea8e8-cbee-4169-b395-2be1efb1f208@group-4656A5087807-FollowerState was interrupted: java.lang.InterruptedException: sleep interrupted
datanode_3  | 2019-10-18 19:15:14,954 INFO impl.RaftServerImpl: 5a0e620c-1d7f-4dd6-8c46-6693af406ec4@group-4656A5087807: changes role from  FOLLOWER to FOLLOWER at term 86 for recognizeCandidate:8e82c162-248e-4ef8-859b-527b0adab7bd
datanode_1  | 2019-10-18 19:15:08,737 INFO impl.RoleInfo: 8e82c162-248e-4ef8-859b-527b0adab7bd: start FollowerState
datanode_2  | 2019-10-18 19:15:15,174 INFO impl.RaftServerImpl: c36ea8e8-cbee-4169-b395-2be1efb1f208@group-4656A5087807: changes role from  FOLLOWER to FOLLOWER at term 87 for recognizeCandidate:8e82c162-248e-4ef8-859b-527b0adab7bd
datanode_3  | 2019-10-18 19:15:14,954 INFO impl.RoleInfo: 5a0e620c-1d7f-4dd6-8c46-6693af406ec4: shutdown FollowerState
datanode_1  | 2019-10-18 19:15:08,782 INFO impl.FollowerState: 8e82c162-248e-4ef8-859b-527b0adab7bd@group-4656A5087807-FollowerState: change to CANDIDATE, lastRpcTime:44ms, electionTimeout:44ms
datanode_2  | 2019-10-18 19:15:15,174 INFO impl.RoleInfo: c36ea8e8-cbee-4169-b395-2be1efb1f208: shutdown FollowerState
datanode_3  | 2019-10-18 19:15:14,954 INFO impl.FollowerState: 5a0e620c-1d7f-4dd6-8c46-6693af406ec4@group-4656A5087807-FollowerState was interrupted: java.lang.InterruptedException: sleep interrupted
datanode_1  | 2019-10-18 19:15:08,782 INFO impl.RoleInfo: 8e82c162-248e-4ef8-859b-527b0adab7bd: shutdown FollowerState
datanode_2  | 2019-10-18 19:15:15,174 INFO impl.RoleInfo: c36ea8e8-cbee-4169-b395-2be1efb1f208: start FollowerState
datanode_3  | 2019-10-18 19:15:14,954 INFO impl.RoleInfo: 5a0e620c-1d7f-4dd6-8c46-6693af406ec4: start FollowerState
datanode_1  | 2019-10-18 19:15:08,782 INFO impl.RaftServerImpl: 8e82c162-248e-4ef8-859b-527b0adab7bd@group-4656A5087807: changes role from  FOLLOWER to CANDIDATE at term 46 for changeToCandidate
datanode_2  | 2019-10-18 19:15:15,174 INFO impl.FollowerState: c36ea8e8-cbee-4169-b395-2be1efb1f208@group-4656A5087807-FollowerState was interrupted: java.lang.InterruptedException: sleep interrupted
datanode_3  | 2019-10-18 19:15:15,174 INFO impl.RaftServerImpl: 5a0e620c-1d7f-4dd6-8c46-6693af406ec4@group-4656A5087807: changes role from  FOLLOWER to FOLLOWER at term 87 for recognizeCandidate:8e82c162-248e-4ef8-859b-527b0adab7bd
datanode_1  | 2019-10-18 19:15:08,782 INFO impl.RoleInfo: 8e82c162-248e-4ef8-859b-527b0adab7bd: start LeaderElection
datanode_2  | 2019-10-18 19:15:15,294 INFO impl.RaftServerImpl: c36ea8e8-cbee-4169-b395-2be1efb1f208@group-4656A5087807: changes role from  FOLLOWER to FOLLOWER at term 88 for recognizeCandidate:8e82c162-248e-4ef8-859b-527b0adab7bd
datanode_3  | 2019-10-18 19:15:15,174 INFO impl.RoleInfo: 5a0e620c-1d7f-4dd6-8c46-6693af406ec4: shutdown FollowerState
datanode_1  | 2019-10-18 19:15:08,806 INFO impl.LeaderElection: 8e82c162-248e-4ef8-859b-527b0adab7bd@group-4656A5087807-LeaderElection41: begin an election at term 47 for -1: [c36ea8e8-cbee-4169-b395-2be1efb1f208:172.18.0.3:9858, 5a0e620c-1d7f-4dd6-8c46-6693af406ec4:172.18.0.9:9858, 8e82c162-248e-4ef8-859b-527b0adab7bd:172.18.0.4:9858], old=null
datanode_3  | 2019-10-18 19:15:15,174 INFO impl.FollowerState: 5a0e620c-1d7f-4dd6-8c46-6693af406ec4@group-4656A5087807-FollowerState was interrupted: java.lang.InterruptedException: sleep interrupted
datanode_1  | 2019-10-18 19:15:08,835 INFO impl.LeaderElection: 8e82c162-248e-4ef8-859b-527b0adab7bd@group-4656A5087807-LeaderElection41: Election REJECTED; received 2 response(s) [8e82c162-248e-4ef8-859b-527b0adab7bd<-c36ea8e8-cbee-4169-b395-2be1efb1f208#0:FAIL-t47, 8e82c162-248e-4ef8-859b-527b0adab7bd<-5a0e620c-1d7f-4dd6-8c46-6693af406ec4#0:FAIL-t47] and 0 exception(s); 8e82c162-248e-4ef8-859b-527b0adab7bd@group-4656A5087807:t47, leader=null, voted=8e82c162-248e-4ef8-859b-527b0adab7bd, raftlog=8e82c162-248e-4ef8-859b-527b0adab7bd@group-4656A5087807-SegmentedRaftLog:OPENED:c-1,f-1,i0, conf=-1: [c36ea8e8-cbee-4169-b395-2be1efb1f208:172.18.0.3:9858, 5a0e620c-1d7f-4dd6-8c46-6693af406ec4:172.18.0.9:9858, 8e82c162-248e-4ef8-859b-527b0adab7bd:172.18.0.4:9858], old=null
datanode_3  | 2019-10-18 19:15:15,174 INFO impl.RoleInfo: 5a0e620c-1d7f-4dd6-8c46-6693af406ec4: start FollowerState
datanode_2  | 2019-10-18 19:15:15,294 INFO impl.RoleInfo: c36ea8e8-cbee-4169-b395-2be1efb1f208: shutdown FollowerState
datanode_1  | 2019-10-18 19:15:08,836 INFO impl.RaftServerImpl: 8e82c162-248e-4ef8-859b-527b0adab7bd@group-4656A5087807: changes role from CANDIDATE to FOLLOWER at term 47 for DISCOVERED_A_NEW_TERM
datanode_3  | 2019-10-18 19:15:15,294 INFO impl.RaftServerImpl: 5a0e620c-1d7f-4dd6-8c46-6693af406ec4@group-4656A5087807: changes role from  FOLLOWER to FOLLOWER at term 88 for recognizeCandidate:8e82c162-248e-4ef8-859b-527b0adab7bd
datanode_2  | 2019-10-18 19:15:15,294 INFO impl.RoleInfo: c36ea8e8-cbee-4169-b395-2be1efb1f208: start FollowerState
datanode_1  | 2019-10-18 19:15:08,836 INFO impl.RoleInfo: 8e82c162-248e-4ef8-859b-527b0adab7bd: shutdown LeaderElection
datanode_3  | 2019-10-18 19:15:15,294 INFO impl.RoleInfo: 5a0e620c-1d7f-4dd6-8c46-6693af406ec4: shutdown FollowerState
datanode_2  | 2019-10-18 19:15:15,294 INFO impl.FollowerState: c36ea8e8-cbee-4169-b395-2be1efb1f208@group-4656A5087807-FollowerState was interrupted: java.lang.InterruptedException: sleep interrupted
datanode_1  | 2019-10-18 19:15:08,836 INFO impl.RoleInfo: 8e82c162-248e-4ef8-859b-527b0adab7bd: start FollowerState
datanode_3  | 2019-10-18 19:15:15,294 INFO impl.RoleInfo: 5a0e620c-1d7f-4dd6-8c46-6693af406ec4: start FollowerState
datanode_2  | 2019-10-18 19:15:15,411 INFO impl.RaftServerImpl: c36ea8e8-cbee-4169-b395-2be1efb1f208@group-4656A5087807: changes role from  FOLLOWER to FOLLOWER at term 89 for recognizeCandidate:8e82c162-248e-4ef8-859b-527b0adab7bd
datanode_3  | 2019-10-18 19:15:15,294 INFO impl.FollowerState: 5a0e620c-1d7f-4dd6-8c46-6693af406ec4@group-4656A5087807-FollowerState was interrupted: java.lang.InterruptedException: sleep interrupted
datanode_2  | 2019-10-18 19:15:15,411 INFO impl.RoleInfo: c36ea8e8-cbee-4169-b395-2be1efb1f208: shutdown FollowerState
datanode_1  | 2019-10-18 19:15:09,012 INFO impl.FollowerState: 8e82c162-248e-4ef8-859b-527b0adab7bd@group-4656A5087807-FollowerState: change to CANDIDATE, lastRpcTime:176ms, electionTimeout:176ms
datanode_3  | 2019-10-18 19:15:15,412 INFO impl.RaftServerImpl: 5a0e620c-1d7f-4dd6-8c46-6693af406ec4@group-4656A5087807: changes role from  FOLLOWER to FOLLOWER at term 89 for recognizeCandidate:8e82c162-248e-4ef8-859b-527b0adab7bd
datanode_2  | 2019-10-18 19:15:15,411 INFO impl.RoleInfo: c36ea8e8-cbee-4169-b395-2be1efb1f208: start FollowerState
datanode_1  | 2019-10-18 19:15:09,012 INFO impl.RoleInfo: 8e82c162-248e-4ef8-859b-527b0adab7bd: shutdown FollowerState
datanode_3  | 2019-10-18 19:15:15,412 INFO impl.RoleInfo: 5a0e620c-1d7f-4dd6-8c46-6693af406ec4: shutdown FollowerState
datanode_2  | 2019-10-18 19:15:15,411 INFO impl.FollowerState: c36ea8e8-cbee-4169-b395-2be1efb1f208@group-4656A5087807-FollowerState was interrupted: java.lang.InterruptedException: sleep interrupted
datanode_1  | 2019-10-18 19:15:09,013 INFO impl.RaftServerImpl: 8e82c162-248e-4ef8-859b-527b0adab7bd@group-4656A5087807: changes role from  FOLLOWER to CANDIDATE at term 47 for changeToCandidate
datanode_3  | 2019-10-18 19:15:15,412 INFO impl.RoleInfo: 5a0e620c-1d7f-4dd6-8c46-6693af406ec4: start FollowerState
datanode_1  | 2019-10-18 19:15:09,013 INFO impl.RoleInfo: 8e82c162-248e-4ef8-859b-527b0adab7bd: start LeaderElection
datanode_2  | 2019-10-18 19:15:15,484 INFO impl.RaftServerImpl: c36ea8e8-cbee-4169-b395-2be1efb1f208@group-4656A5087807: changes role from  FOLLOWER to FOLLOWER at term 90 for recognizeCandidate:8e82c162-248e-4ef8-859b-527b0adab7bd
datanode_3  | 2019-10-18 19:15:15,412 INFO impl.FollowerState: 5a0e620c-1d7f-4dd6-8c46-6693af406ec4@group-4656A5087807-FollowerState was interrupted: java.lang.InterruptedException: sleep interrupted
datanode_2  | 2019-10-18 19:15:15,484 INFO impl.RoleInfo: c36ea8e8-cbee-4169-b395-2be1efb1f208: shutdown FollowerState
datanode_1  | 2019-10-18 19:15:09,040 INFO impl.LeaderElection: 8e82c162-248e-4ef8-859b-527b0adab7bd@group-4656A5087807-LeaderElection42: begin an election at term 48 for -1: [c36ea8e8-cbee-4169-b395-2be1efb1f208:172.18.0.3:9858, 5a0e620c-1d7f-4dd6-8c46-6693af406ec4:172.18.0.9:9858, 8e82c162-248e-4ef8-859b-527b0adab7bd:172.18.0.4:9858], old=null
datanode_3  | 2019-10-18 19:15:15,484 INFO impl.RaftServerImpl: 5a0e620c-1d7f-4dd6-8c46-6693af406ec4@group-4656A5087807: changes role from  FOLLOWER to FOLLOWER at term 90 for recognizeCandidate:8e82c162-248e-4ef8-859b-527b0adab7bd
datanode_2  | 2019-10-18 19:15:15,485 INFO impl.RoleInfo: c36ea8e8-cbee-4169-b395-2be1efb1f208: start FollowerState
datanode_1  | 2019-10-18 19:15:09,076 INFO impl.LeaderElection: 8e82c162-248e-4ef8-859b-527b0adab7bd@group-4656A5087807-LeaderElection42: Election REJECTED; received 2 response(s) [8e82c162-248e-4ef8-859b-527b0adab7bd<-c36ea8e8-cbee-4169-b395-2be1efb1f208#0:FAIL-t48, 8e82c162-248e-4ef8-859b-527b0adab7bd<-5a0e620c-1d7f-4dd6-8c46-6693af406ec4#0:FAIL-t48] and 0 exception(s); 8e82c162-248e-4ef8-859b-527b0adab7bd@group-4656A5087807:t48, leader=null, voted=8e82c162-248e-4ef8-859b-527b0adab7bd, raftlog=8e82c162-248e-4ef8-859b-527b0adab7bd@group-4656A5087807-SegmentedRaftLog:OPENED:c-1,f-1,i0, conf=-1: [c36ea8e8-cbee-4169-b395-2be1efb1f208:172.18.0.3:9858, 5a0e620c-1d7f-4dd6-8c46-6693af406ec4:172.18.0.9:9858, 8e82c162-248e-4ef8-859b-527b0adab7bd:172.18.0.4:9858], old=null
datanode_3  | 2019-10-18 19:15:15,484 INFO impl.RoleInfo: 5a0e620c-1d7f-4dd6-8c46-6693af406ec4: shutdown FollowerState
datanode_2  | 2019-10-18 19:15:15,485 INFO impl.FollowerState: c36ea8e8-cbee-4169-b395-2be1efb1f208@group-4656A5087807-FollowerState was interrupted: java.lang.InterruptedException: sleep interrupted
datanode_3  | 2019-10-18 19:15:15,484 INFO impl.RoleInfo: 5a0e620c-1d7f-4dd6-8c46-6693af406ec4: start FollowerState
datanode_1  | 2019-10-18 19:15:09,076 INFO impl.RaftServerImpl: 8e82c162-248e-4ef8-859b-527b0adab7bd@group-4656A5087807: changes role from CANDIDATE to FOLLOWER at term 48 for DISCOVERED_A_NEW_TERM
datanode_2  | 2019-10-18 19:15:15,537 INFO impl.RaftServerImpl: c36ea8e8-cbee-4169-b395-2be1efb1f208@group-4656A5087807: changes role from  FOLLOWER to FOLLOWER at term 91 for recognizeCandidate:8e82c162-248e-4ef8-859b-527b0adab7bd
datanode_3  | 2019-10-18 19:15:15,484 INFO impl.FollowerState: 5a0e620c-1d7f-4dd6-8c46-6693af406ec4@group-4656A5087807-FollowerState was interrupted: java.lang.InterruptedException: sleep interrupted
datanode_1  | 2019-10-18 19:15:09,076 INFO impl.RoleInfo: 8e82c162-248e-4ef8-859b-527b0adab7bd: shutdown LeaderElection
datanode_2  | 2019-10-18 19:15:15,538 INFO impl.RoleInfo: c36ea8e8-cbee-4169-b395-2be1efb1f208: shutdown FollowerState
datanode_3  | 2019-10-18 19:15:15,541 INFO impl.RaftServerImpl: 5a0e620c-1d7f-4dd6-8c46-6693af406ec4@group-4656A5087807: changes role from  FOLLOWER to FOLLOWER at term 91 for recognizeCandidate:8e82c162-248e-4ef8-859b-527b0adab7bd
datanode_1  | 2019-10-18 19:15:09,076 INFO impl.RoleInfo: 8e82c162-248e-4ef8-859b-527b0adab7bd: start FollowerState
datanode_2  | 2019-10-18 19:15:15,538 INFO impl.FollowerState: c36ea8e8-cbee-4169-b395-2be1efb1f208@group-4656A5087807-FollowerState was interrupted: java.lang.InterruptedException: sleep interrupted
datanode_3  | 2019-10-18 19:15:15,541 INFO impl.RoleInfo: 5a0e620c-1d7f-4dd6-8c46-6693af406ec4: shutdown FollowerState
datanode_1  | 2019-10-18 19:15:09,273 INFO impl.FollowerState: 8e82c162-248e-4ef8-859b-527b0adab7bd@group-4656A5087807-FollowerState: change to CANDIDATE, lastRpcTime:196ms, electionTimeout:196ms
datanode_2  | 2019-10-18 19:15:15,539 INFO impl.RoleInfo: c36ea8e8-cbee-4169-b395-2be1efb1f208: start FollowerState
datanode_3  | 2019-10-18 19:15:15,541 INFO impl.RoleInfo: 5a0e620c-1d7f-4dd6-8c46-6693af406ec4: start FollowerState
datanode_1  | 2019-10-18 19:15:09,273 INFO impl.RoleInfo: 8e82c162-248e-4ef8-859b-527b0adab7bd: shutdown FollowerState
datanode_2  | 2019-10-18 19:15:15,748 INFO impl.RaftServerImpl: c36ea8e8-cbee-4169-b395-2be1efb1f208@group-4656A5087807: changes role from  FOLLOWER to FOLLOWER at term 92 for recognizeCandidate:8e82c162-248e-4ef8-859b-527b0adab7bd
datanode_3  | 2019-10-18 19:15:15,541 INFO impl.FollowerState: 5a0e620c-1d7f-4dd6-8c46-6693af406ec4@group-4656A5087807-FollowerState was interrupted: java.lang.InterruptedException: sleep interrupted
datanode_1  | 2019-10-18 19:15:09,273 INFO impl.RaftServerImpl: 8e82c162-248e-4ef8-859b-527b0adab7bd@group-4656A5087807: changes role from  FOLLOWER to CANDIDATE at term 48 for changeToCandidate
datanode_2  | 2019-10-18 19:15:15,748 INFO impl.RoleInfo: c36ea8e8-cbee-4169-b395-2be1efb1f208: shutdown FollowerState
datanode_3  | 2019-10-18 19:15:15,748 INFO impl.RaftServerImpl: 5a0e620c-1d7f-4dd6-8c46-6693af406ec4@group-4656A5087807: changes role from  FOLLOWER to FOLLOWER at term 92 for recognizeCandidate:8e82c162-248e-4ef8-859b-527b0adab7bd
datanode_1  | 2019-10-18 19:15:09,273 INFO impl.RoleInfo: 8e82c162-248e-4ef8-859b-527b0adab7bd: start LeaderElection
datanode_2  | 2019-10-18 19:15:15,748 INFO impl.RoleInfo: c36ea8e8-cbee-4169-b395-2be1efb1f208: start FollowerState
datanode_3  | 2019-10-18 19:15:15,748 INFO impl.RoleInfo: 5a0e620c-1d7f-4dd6-8c46-6693af406ec4: shutdown FollowerState
datanode_1  | 2019-10-18 19:15:09,301 INFO impl.LeaderElection: 8e82c162-248e-4ef8-859b-527b0adab7bd@group-4656A5087807-LeaderElection43: begin an election at term 49 for -1: [c36ea8e8-cbee-4169-b395-2be1efb1f208:172.18.0.3:9858, 5a0e620c-1d7f-4dd6-8c46-6693af406ec4:172.18.0.9:9858, 8e82c162-248e-4ef8-859b-527b0adab7bd:172.18.0.4:9858], old=null
datanode_3  | 2019-10-18 19:15:15,748 INFO impl.RoleInfo: 5a0e620c-1d7f-4dd6-8c46-6693af406ec4: start FollowerState
datanode_2  | 2019-10-18 19:15:15,748 INFO impl.FollowerState: c36ea8e8-cbee-4169-b395-2be1efb1f208@group-4656A5087807-FollowerState was interrupted: java.lang.InterruptedException: sleep interrupted
datanode_3  | 2019-10-18 19:15:15,748 INFO impl.FollowerState: 5a0e620c-1d7f-4dd6-8c46-6693af406ec4@group-4656A5087807-FollowerState was interrupted: java.lang.InterruptedException: sleep interrupted
datanode_1  | 2019-10-18 19:15:09,330 INFO impl.LeaderElection: 8e82c162-248e-4ef8-859b-527b0adab7bd@group-4656A5087807-LeaderElection43: Election TIMEOUT; received 0 response(s) [] and 0 exception(s); 8e82c162-248e-4ef8-859b-527b0adab7bd@group-4656A5087807:t49, leader=null, voted=8e82c162-248e-4ef8-859b-527b0adab7bd, raftlog=8e82c162-248e-4ef8-859b-527b0adab7bd@group-4656A5087807-SegmentedRaftLog:OPENED:c-1,f-1,i0, conf=-1: [c36ea8e8-cbee-4169-b395-2be1efb1f208:172.18.0.3:9858, 5a0e620c-1d7f-4dd6-8c46-6693af406ec4:172.18.0.9:9858, 8e82c162-248e-4ef8-859b-527b0adab7bd:172.18.0.4:9858], old=null
datanode_2  | 2019-10-18 19:15:15,901 INFO impl.RaftServerImpl: c36ea8e8-cbee-4169-b395-2be1efb1f208@group-4656A5087807: changes role from  FOLLOWER to FOLLOWER at term 93 for recognizeCandidate:8e82c162-248e-4ef8-859b-527b0adab7bd
datanode_3  | 2019-10-18 19:15:15,901 INFO impl.RaftServerImpl: 5a0e620c-1d7f-4dd6-8c46-6693af406ec4@group-4656A5087807: changes role from  FOLLOWER to FOLLOWER at term 93 for recognizeCandidate:8e82c162-248e-4ef8-859b-527b0adab7bd
datanode_2  | 2019-10-18 19:15:15,901 INFO impl.RoleInfo: c36ea8e8-cbee-4169-b395-2be1efb1f208: shutdown FollowerState
datanode_3  | 2019-10-18 19:15:15,901 INFO impl.RoleInfo: 5a0e620c-1d7f-4dd6-8c46-6693af406ec4: shutdown FollowerState
datanode_2  | 2019-10-18 19:15:15,901 INFO impl.RoleInfo: c36ea8e8-cbee-4169-b395-2be1efb1f208: start FollowerState
datanode_1  | 2019-10-18 19:15:09,352 INFO impl.LeaderElection: 8e82c162-248e-4ef8-859b-527b0adab7bd@group-4656A5087807-LeaderElection43: begin an election at term 50 for -1: [c36ea8e8-cbee-4169-b395-2be1efb1f208:172.18.0.3:9858, 5a0e620c-1d7f-4dd6-8c46-6693af406ec4:172.18.0.9:9858, 8e82c162-248e-4ef8-859b-527b0adab7bd:172.18.0.4:9858], old=null
datanode_3  | 2019-10-18 19:15:15,901 INFO impl.RoleInfo: 5a0e620c-1d7f-4dd6-8c46-6693af406ec4: start FollowerState
datanode_2  | 2019-10-18 19:15:15,901 INFO impl.FollowerState: c36ea8e8-cbee-4169-b395-2be1efb1f208@group-4656A5087807-FollowerState was interrupted: java.lang.InterruptedException: sleep interrupted
datanode_3  | 2019-10-18 19:15:15,901 INFO impl.FollowerState: 5a0e620c-1d7f-4dd6-8c46-6693af406ec4@group-4656A5087807-FollowerState was interrupted: java.lang.InterruptedException: sleep interrupted
datanode_1  | 2019-10-18 19:15:09,372 INFO impl.LeaderElection: 8e82c162-248e-4ef8-859b-527b0adab7bd@group-4656A5087807-LeaderElection43: Election REJECTED; received 2 response(s) [8e82c162-248e-4ef8-859b-527b0adab7bd<-c36ea8e8-cbee-4169-b395-2be1efb1f208#0:FAIL-t50, 8e82c162-248e-4ef8-859b-527b0adab7bd<-5a0e620c-1d7f-4dd6-8c46-6693af406ec4#0:FAIL-t50] and 0 exception(s); 8e82c162-248e-4ef8-859b-527b0adab7bd@group-4656A5087807:t50, leader=null, voted=8e82c162-248e-4ef8-859b-527b0adab7bd, raftlog=8e82c162-248e-4ef8-859b-527b0adab7bd@group-4656A5087807-SegmentedRaftLog:OPENED:c-1,f-1,i0, conf=-1: [c36ea8e8-cbee-4169-b395-2be1efb1f208:172.18.0.3:9858, 5a0e620c-1d7f-4dd6-8c46-6693af406ec4:172.18.0.9:9858, 8e82c162-248e-4ef8-859b-527b0adab7bd:172.18.0.4:9858], old=null
datanode_2  | 2019-10-18 19:15:16,036 INFO impl.RaftServerImpl: c36ea8e8-cbee-4169-b395-2be1efb1f208@group-4656A5087807: changes role from  FOLLOWER to FOLLOWER at term 94 for recognizeCandidate:8e82c162-248e-4ef8-859b-527b0adab7bd
datanode_3  | 2019-10-18 19:15:16,035 INFO impl.RaftServerImpl: 5a0e620c-1d7f-4dd6-8c46-6693af406ec4@group-4656A5087807: changes role from  FOLLOWER to FOLLOWER at term 94 for recognizeCandidate:8e82c162-248e-4ef8-859b-527b0adab7bd
datanode_1  | 2019-10-18 19:15:09,372 INFO impl.RaftServerImpl: 8e82c162-248e-4ef8-859b-527b0adab7bd@group-4656A5087807: changes role from CANDIDATE to FOLLOWER at term 50 for DISCOVERED_A_NEW_TERM
datanode_2  | 2019-10-18 19:15:16,036 INFO impl.RoleInfo: c36ea8e8-cbee-4169-b395-2be1efb1f208: shutdown FollowerState
datanode_3  | 2019-10-18 19:15:16,035 INFO impl.RoleInfo: 5a0e620c-1d7f-4dd6-8c46-6693af406ec4: shutdown FollowerState
datanode_2  | 2019-10-18 19:15:16,036 INFO impl.RoleInfo: c36ea8e8-cbee-4169-b395-2be1efb1f208: start FollowerState
datanode_2  | 2019-10-18 19:15:16,036 INFO impl.FollowerState: c36ea8e8-cbee-4169-b395-2be1efb1f208@group-4656A5087807-FollowerState was interrupted: java.lang.InterruptedException: sleep interrupted
datanode_1  | 2019-10-18 19:15:09,373 INFO impl.RoleInfo: 8e82c162-248e-4ef8-859b-527b0adab7bd: shutdown LeaderElection
datanode_1  | 2019-10-18 19:15:09,373 INFO impl.RoleInfo: 8e82c162-248e-4ef8-859b-527b0adab7bd: start FollowerState
datanode_1  | 2019-10-18 19:15:09,463 INFO impl.FollowerState: 8e82c162-248e-4ef8-859b-527b0adab7bd@group-4656A5087807-FollowerState: change to CANDIDATE, lastRpcTime:90ms, electionTimeout:90ms
datanode_2  | 2019-10-18 19:15:16,309 INFO impl.RaftServerImpl: c36ea8e8-cbee-4169-b395-2be1efb1f208@group-4656A5087807: changes role from  FOLLOWER to FOLLOWER at term 95 for recognizeCandidate:8e82c162-248e-4ef8-859b-527b0adab7bd
datanode_3  | 2019-10-18 19:15:16,035 INFO impl.FollowerState: 5a0e620c-1d7f-4dd6-8c46-6693af406ec4@group-4656A5087807-FollowerState was interrupted: java.lang.InterruptedException: sleep interrupted
datanode_1  | 2019-10-18 19:15:09,463 INFO impl.RoleInfo: 8e82c162-248e-4ef8-859b-527b0adab7bd: shutdown FollowerState
datanode_2  | 2019-10-18 19:15:16,309 INFO impl.RoleInfo: c36ea8e8-cbee-4169-b395-2be1efb1f208: shutdown FollowerState
datanode_3  | 2019-10-18 19:15:16,035 INFO impl.RoleInfo: 5a0e620c-1d7f-4dd6-8c46-6693af406ec4: start FollowerState
datanode_1  | 2019-10-18 19:15:09,463 INFO impl.RaftServerImpl: 8e82c162-248e-4ef8-859b-527b0adab7bd@group-4656A5087807: changes role from  FOLLOWER to CANDIDATE at term 50 for changeToCandidate
datanode_3  | 2019-10-18 19:15:16,309 INFO impl.RaftServerImpl: 5a0e620c-1d7f-4dd6-8c46-6693af406ec4@group-4656A5087807: changes role from  FOLLOWER to FOLLOWER at term 95 for recognizeCandidate:8e82c162-248e-4ef8-859b-527b0adab7bd
datanode_2  | 2019-10-18 19:15:16,309 INFO impl.RoleInfo: c36ea8e8-cbee-4169-b395-2be1efb1f208: start FollowerState
datanode_1  | 2019-10-18 19:15:09,463 INFO impl.RoleInfo: 8e82c162-248e-4ef8-859b-527b0adab7bd: start LeaderElection
datanode_3  | 2019-10-18 19:15:16,309 INFO impl.RoleInfo: 5a0e620c-1d7f-4dd6-8c46-6693af406ec4: shutdown FollowerState
