s3g_1       | 	at org.jboss.weld.bean.ContextualInstanceStrategy$DefaultContextualInstanceStrategy.get(ContextualInstanceStrategy.java:100)
kdc_1       | Oct 18 19:28:41 kdc kadmind[15](Notice): Request: kadm5_init, admin/admin@EXAMPLE.COM, success, client=admin/admin@EXAMPLE.COM, service=kadmin/admin@EXAMPLE.COM, addr=127.0.0.1, vers=4, flavor=6
datanode_3  | 2019-10-18 19:29:02,058 INFO server.RaftServerConfigKeys: raft.server.log.write.buffer.size = 33554432 (custom)
scm_1       | 2019-10-18 19:30:21,101 INFO authorize.ServiceAuthorizationManager: Authorization successful for dn/315837292db1@EXAMPLE.COM (auth:KERBEROS) for protocol=interface org.apache.hadoop.ozone.protocol.StorageContainerDatanodeProtocol
datanode_1  | 2019-10-18 19:29:02,057 INFO server.RaftServerConfigKeys: raft.server.log.statemachine.data.sync = true (default)
datanode_2  | 2019-10-18 19:29:02,058 INFO server.RaftServerConfigKeys: raft.server.log.preallocated.size = 16384 (custom)
om_1        | 2019-10-18 19:30:02,770 INFO authorize.ServiceAuthorizationManager: Authorization successful for testuser/scm@EXAMPLE.COM (auth:KERBEROS) for protocol=interface org.apache.hadoop.ozone.om.protocol.OzoneManagerProtocol
s3g_1       | 	at org.jboss.weld.bean.ContextualInstance.get(ContextualInstance.java:50)
kdc_1       | Oct 18 19:28:41 kdc kadmind[15](Notice): Request: kadm5_randkey_principal, scm/scm@EXAMPLE.COM, success, client=admin/admin@EXAMPLE.COM, service=kadmin/admin@EXAMPLE.COM, addr=127.0.0.1
datanode_3  | 2019-10-18 19:29:02,058 INFO server.RaftServerConfigKeys: raft.server.log.force.sync.num = 128 (default)
scm_1       | 2019-10-18 19:30:23,170 INFO ipc.Server: Auth successful for dn/d3ad430e42e9@EXAMPLE.COM (auth:KERBEROS)
datanode_1  | 2019-10-18 19:29:02,057 INFO server.RaftServerConfigKeys: raft.server.log.statemachine.data.sync.timeout = 10s (default)
datanode_2  | 2019-10-18 19:29:02,058 INFO server.RaftServerConfigKeys: raft.server.log.write.buffer.size = 33554432 (custom)
om_1        | 2019-10-18 19:30:05,485 INFO ipc.Server: Auth successful for testuser/scm@EXAMPLE.COM (auth:KERBEROS)
s3g_1       | 	at org.jboss.weld.manager.BeanManagerImpl.getReference(BeanManagerImpl.java:785)
kdc_1       | Oct 18 19:28:41 kdc kadmind[15](Notice): Request: kadm5_get_principal, scm/scm@EXAMPLE.COM, success, client=admin/admin@EXAMPLE.COM, service=kadmin/admin@EXAMPLE.COM, addr=127.0.0.1
datanode_3  | 2019-10-18 19:29:02,058 INFO server.RaftServerConfigKeys: raft.server.log.statemachine.data.sync = true (default)
scm_1       | 2019-10-18 19:30:23,173 INFO authorize.ServiceAuthorizationManager: Authorization successful for dn/d3ad430e42e9@EXAMPLE.COM (auth:KERBEROS) for protocol=interface org.apache.hadoop.ozone.protocol.StorageContainerDatanodeProtocol
datanode_1  | 2019-10-18 19:29:02,057 INFO server.RaftServerConfigKeys: raft.server.log.statemachine.data.sync.timeout.retry = -1 (default)
datanode_2  | 2019-10-18 19:29:02,058 INFO server.RaftServerConfigKeys: raft.server.log.force.sync.num = 128 (default)
om_1        | 2019-10-18 19:30:05,499 INFO authorize.ServiceAuthorizationManager: Authorization successful for testuser/scm@EXAMPLE.COM (auth:KERBEROS) for protocol=interface org.apache.hadoop.ozone.om.protocol.OzoneManagerProtocol
s3g_1       | 	at org.jboss.weld.manager.BeanManagerImpl.getInjectableReference(BeanManagerImpl.java:885)
datanode_3  | 2019-10-18 19:29:02,058 INFO server.RaftServerConfigKeys: raft.server.log.statemachine.data.sync.timeout = 10s (default)
scm_1       | 2019-10-18 19:30:31,868 INFO ipc.Server: Auth successful for dn/23cfe1082d79@EXAMPLE.COM (auth:KERBEROS)
kdc_1       | Oct 18 19:28:41 kdc kadmind[15](info): closing down fd 18
datanode_1  | 2019-10-18 19:29:02,057 INFO server.RaftServerConfigKeys: raft.server.log.statemachine.data.caching.enabled = true (custom)
datanode_2  | 2019-10-18 19:29:02,058 INFO server.RaftServerConfigKeys: raft.server.log.statemachine.data.sync = true (default)
om_1        | 2019-10-18 19:30:08,186 INFO ipc.Server: Auth successful for testuser/scm@EXAMPLE.COM (auth:KERBEROS)
s3g_1       | 	at org.jboss.weld.injection.FieldInjectionPoint.inject(FieldInjectionPoint.java:92)
datanode_3  | 2019-10-18 19:29:02,058 INFO server.RaftServerConfigKeys: raft.server.log.statemachine.data.sync.timeout.retry = -1 (default)
scm_1       | 2019-10-18 19:30:31,872 INFO authorize.ServiceAuthorizationManager: Authorization successful for dn/23cfe1082d79@EXAMPLE.COM (auth:KERBEROS) for protocol=interface org.apache.hadoop.ozone.protocol.StorageContainerDatanodeProtocol
datanode_1  | 2019-10-18 19:29:02,058 INFO segmented.SegmentedRaftLogWorker: 94cf27ad-f127-4abf-9d9b-311227fc41cb@group-39F81FEFB859-SegmentedRaftLogWorker: flushIndex: setUnconditionally 0 -> -1
datanode_2  | 2019-10-18 19:29:02,058 INFO server.RaftServerConfigKeys: raft.server.log.statemachine.data.sync.timeout = 10s (default)
kdc_1       | Oct 18 19:28:41 kdc kadmind[15](Notice): Request: kadm5_init, admin/admin@EXAMPLE.COM, success, client=admin/admin@EXAMPLE.COM, service=kadmin/admin@EXAMPLE.COM, addr=127.0.0.1, vers=4, flavor=6
s3g_1       | 	at org.jboss.weld.util.Beans.injectBoundFields(Beans.java:358)
datanode_3  | 2019-10-18 19:29:02,059 INFO server.RaftServerConfigKeys: raft.server.log.statemachine.data.caching.enabled = true (custom)
scm_1       | 2019-10-18 19:30:51,095 INFO ipc.Server: Auth successful for dn/315837292db1@EXAMPLE.COM (auth:KERBEROS)
datanode_1  | 2019-10-18 19:29:02,058 INFO server.RaftServerConfigKeys: raft.server.snapshot.auto.trigger.enabled = true (custom)
datanode_2  | 2019-10-18 19:29:02,058 INFO server.RaftServerConfigKeys: raft.server.log.statemachine.data.sync.timeout.retry = -1 (default)
kdc_1       | Oct 18 19:28:41 kdc kadmind[15](Notice): Request: kadm5_get_policy, default, Policy does not exist, client=admin/admin@EXAMPLE.COM, service=kadmin/admin@EXAMPLE.COM, addr=127.0.0.1
om_1        | 2019-10-18 19:30:08,198 INFO authorize.ServiceAuthorizationManager: Authorization successful for testuser/scm@EXAMPLE.COM (auth:KERBEROS) for protocol=interface org.apache.hadoop.ozone.om.protocol.OzoneManagerProtocol
s3g_1       | 	at org.jboss.weld.util.Beans.injectFieldsAndInitializers(Beans.java:369)
datanode_3  | 2019-10-18 19:29:02,059 INFO segmented.SegmentedRaftLogWorker: e50f7026-2bda-4f4c-bea3-d714b9422968@group-39F81FEFB859-SegmentedRaftLogWorker: flushIndex: setUnconditionally 0 -> -1
scm_1       | 2019-10-18 19:30:51,098 INFO authorize.ServiceAuthorizationManager: Authorization successful for dn/315837292db1@EXAMPLE.COM (auth:KERBEROS) for protocol=interface org.apache.hadoop.ozone.protocol.StorageContainerDatanodeProtocol
datanode_1  | 2019-10-18 19:29:02,058 INFO server.RaftServerConfigKeys: raft.server.snapshot.auto.trigger.threshold = 10000 (custom)
datanode_2  | 2019-10-18 19:29:02,059 INFO server.RaftServerConfigKeys: raft.server.log.statemachine.data.caching.enabled = true (custom)
kdc_1       | Oct 18 19:28:41 kdc kadmind[15](Notice): Request: kadm5_create_principal, scm/d3ad430e42e9@EXAMPLE.COM, success, client=admin/admin@EXAMPLE.COM, service=kadmin/admin@EXAMPLE.COM, addr=127.0.0.1
s3g_1       | 	at org.jboss.weld.injection.producer.ResourceInjector$1.proceed(ResourceInjector.java:70)
om_1        | 2019-10-18 19:30:10,891 INFO ipc.Server: Auth successful for testuser/scm@EXAMPLE.COM (auth:KERBEROS)
datanode_3  | 2019-10-18 19:29:02,059 INFO server.RaftServerConfigKeys: raft.server.snapshot.auto.trigger.enabled = true (custom)
scm_1       | 2019-10-18 19:30:53,167 INFO ipc.Server: Auth successful for dn/d3ad430e42e9@EXAMPLE.COM (auth:KERBEROS)
datanode_1  | 2019-10-18 19:29:02,058 INFO server.RaftServerConfigKeys: raft.server.snapshot.retention.file.num = 5 (custom)
datanode_2  | 2019-10-18 19:29:02,059 INFO segmented.SegmentedRaftLogWorker: cc7ce53b-0a92-40bc-a856-cedb9b2e5d0e@group-39F81FEFB859-SegmentedRaftLogWorker: flushIndex: setUnconditionally 0 -> -1
kdc_1       | Oct 18 19:28:41 kdc kadmind[15](info): closing down fd 18
s3g_1       | 	at org.jboss.weld.injection.InjectionContextImpl.run(InjectionContextImpl.java:48)
om_1        | 2019-10-18 19:30:10,903 INFO authorize.ServiceAuthorizationManager: Authorization successful for testuser/scm@EXAMPLE.COM (auth:KERBEROS) for protocol=interface org.apache.hadoop.ozone.om.protocol.OzoneManagerProtocol
datanode_3  | 2019-10-18 19:29:02,059 INFO server.RaftServerConfigKeys: raft.server.snapshot.auto.trigger.threshold = 10000 (custom)
scm_1       | 2019-10-18 19:30:53,170 INFO authorize.ServiceAuthorizationManager: Authorization successful for dn/d3ad430e42e9@EXAMPLE.COM (auth:KERBEROS) for protocol=interface org.apache.hadoop.ozone.protocol.StorageContainerDatanodeProtocol
datanode_1  | 2019-10-18 19:29:02,058 INFO server.RaftServerConfigKeys: raft.server.retrycache.expirytime = 600000ms (custom)
datanode_2  | 2019-10-18 19:29:02,059 INFO server.RaftServerConfigKeys: raft.server.snapshot.auto.trigger.enabled = true (custom)
kdc_1       | Oct 18 19:28:41 kdc kadmind[15](Notice): Request: kadm5_init, admin/admin@EXAMPLE.COM, success, client=admin/admin@EXAMPLE.COM, service=kadmin/admin@EXAMPLE.COM, addr=127.0.0.1, vers=4, flavor=6
s3g_1       | 	at org.jboss.weld.injection.producer.ResourceInjector.inject(ResourceInjector.java:72)
om_1        | 2019-10-18 19:30:13,587 INFO ipc.Server: Auth successful for testuser/scm@EXAMPLE.COM (auth:KERBEROS)
datanode_3  | 2019-10-18 19:29:02,059 INFO server.RaftServerConfigKeys: raft.server.snapshot.retention.file.num = 5 (custom)
scm_1       | 2019-10-18 19:30:59,875 INFO ipc.Server: Auth successful for om/om@EXAMPLE.COM (auth:KERBEROS)
datanode_1  | 2019-10-18 19:29:02,062 INFO impl.RaftServerImpl: 94cf27ad-f127-4abf-9d9b-311227fc41cb@group-39F81FEFB859: start as a follower, conf=-1: [cc7ce53b-0a92-40bc-a856-cedb9b2e5d0e:172.18.0.5:9858, e50f7026-2bda-4f4c-bea3-d714b9422968:172.18.0.3:9858, 94cf27ad-f127-4abf-9d9b-311227fc41cb:172.18.0.7:9858], old=null
datanode_2  | 2019-10-18 19:29:02,059 INFO server.RaftServerConfigKeys: raft.server.snapshot.auto.trigger.threshold = 10000 (custom)
kdc_1       | Oct 18 19:28:41 kdc kadmind[15](Notice): Request: kadm5_randkey_principal, scm/d3ad430e42e9@EXAMPLE.COM, success, client=admin/admin@EXAMPLE.COM, service=kadmin/admin@EXAMPLE.COM, addr=127.0.0.1
s3g_1       | 	at org.jboss.weld.injection.producer.BasicInjectionTarget.inject(BasicInjectionTarget.java:117)
om_1        | 2019-10-18 19:30:13,598 INFO authorize.ServiceAuthorizationManager: Authorization successful for testuser/scm@EXAMPLE.COM (auth:KERBEROS) for protocol=interface org.apache.hadoop.ozone.om.protocol.OzoneManagerProtocol
datanode_3  | 2019-10-18 19:29:02,059 INFO server.RaftServerConfigKeys: raft.server.retrycache.expirytime = 600000ms (custom)
scm_1       | 2019-10-18 19:30:59,878 INFO authorize.ServiceAuthorizationManager: Authorization successful for om/om@EXAMPLE.COM (auth:KERBEROS) for protocol=interface org.apache.hadoop.hdds.scm.protocol.ScmBlockLocationProtocol
datanode_1  | 2019-10-18 19:29:02,063 INFO impl.RaftServerImpl: 94cf27ad-f127-4abf-9d9b-311227fc41cb@group-39F81FEFB859: changes role from      null to FOLLOWER at term 0 for startAsFollower
datanode_2  | 2019-10-18 19:29:02,060 INFO server.RaftServerConfigKeys: raft.server.snapshot.retention.file.num = 5 (custom)
kdc_1       | Oct 18 19:28:41 kdc kadmind[15](Notice): Request: kadm5_get_principal, scm/d3ad430e42e9@EXAMPLE.COM, success, client=admin/admin@EXAMPLE.COM, service=kadmin/admin@EXAMPLE.COM, addr=127.0.0.1
s3g_1       | 	at org.glassfish.jersey.ext.cdi1x.internal.CdiComponentProvider$InjectionManagerInjectedCdiTarget.inject(CdiComponentProvider.java:873)
om_1        | 2019-10-18 19:30:16,054 INFO ipc.Server: Auth successful for testuser/scm@EXAMPLE.COM (auth:KERBEROS)
datanode_3  | 2019-10-18 19:29:02,062 INFO impl.RaftServerImpl: e50f7026-2bda-4f4c-bea3-d714b9422968@group-39F81FEFB859: start as a follower, conf=-1: [cc7ce53b-0a92-40bc-a856-cedb9b2e5d0e:172.18.0.5:9858, e50f7026-2bda-4f4c-bea3-d714b9422968:172.18.0.3:9858, 94cf27ad-f127-4abf-9d9b-311227fc41cb:172.18.0.7:9858], old=null
scm_1       | 2019-10-18 19:30:59,886 INFO server.SCMBlockProtocolServer: SCM is informed by OM to delete 1 blocks
datanode_1  | 2019-10-18 19:29:02,063 INFO impl.RoleInfo: 94cf27ad-f127-4abf-9d9b-311227fc41cb: start FollowerState
datanode_2  | 2019-10-18 19:29:02,060 INFO server.RaftServerConfigKeys: raft.server.retrycache.expirytime = 600000ms (custom)
kdc_1       | Oct 18 19:28:41 kdc kadmind[15](info): closing down fd 18
s3g_1       | 	at org.jboss.weld.bean.ManagedBean.create(ManagedBean.java:159)
om_1        | 2019-10-18 19:30:16,066 INFO authorize.ServiceAuthorizationManager: Authorization successful for testuser/scm@EXAMPLE.COM (auth:KERBEROS) for protocol=interface org.apache.hadoop.ozone.om.protocol.OzoneManagerProtocol
datanode_3  | 2019-10-18 19:29:02,063 INFO impl.RaftServerImpl: e50f7026-2bda-4f4c-bea3-d714b9422968@group-39F81FEFB859: changes role from      null to FOLLOWER at term 0 for startAsFollower
scm_1       | 2019-10-18 19:30:59,887 INFO block.BlockManagerImpl: Deleting blocks conID: 4 locID: 102985039318024317 bcsId: 0
datanode_1  | 2019-10-18 19:29:02,063 INFO util.JmxRegister: Successfully registered JMX Bean with object name Ratis:service=RaftServer,group=group-39F81FEFB859,id=94cf27ad-f127-4abf-9d9b-311227fc41cb
datanode_2  | 2019-10-18 19:29:02,067 INFO impl.RaftServerImpl: cc7ce53b-0a92-40bc-a856-cedb9b2e5d0e@group-39F81FEFB859: start as a follower, conf=-1: [cc7ce53b-0a92-40bc-a856-cedb9b2e5d0e:172.18.0.5:9858, e50f7026-2bda-4f4c-bea3-d714b9422968:172.18.0.3:9858, 94cf27ad-f127-4abf-9d9b-311227fc41cb:172.18.0.7:9858], old=null
kdc_1       | Oct 18 19:28:41 kdc kadmind[15](Notice): Request: kadm5_init, admin/admin@EXAMPLE.COM, success, client=admin/admin@EXAMPLE.COM, service=kadmin/admin@EXAMPLE.COM, addr=127.0.0.1, vers=4, flavor=6
s3g_1       | 	at org.jboss.weld.context.unbound.DependentContextImpl.get(DependentContextImpl.java:70)
om_1        | 2019-10-18 19:30:18,738 INFO ipc.Server: Auth successful for testuser/scm@EXAMPLE.COM (auth:KERBEROS)
datanode_3  | 2019-10-18 19:29:02,063 INFO impl.RoleInfo: e50f7026-2bda-4f4c-bea3-d714b9422968: start FollowerState
datanode_1  | 2019-10-18 19:29:02,070 INFO impl.FollowerState: 94cf27ad-f127-4abf-9d9b-311227fc41cb@group-39F81FEFB859-FollowerState: change to CANDIDATE, lastRpcTime:7ms, electionTimeout:7ms
scm_1       | 2019-10-18 19:31:01,868 INFO ipc.Server: Auth successful for dn/23cfe1082d79@EXAMPLE.COM (auth:KERBEROS)
datanode_2  | 2019-10-18 19:29:02,067 INFO impl.RaftServerImpl: cc7ce53b-0a92-40bc-a856-cedb9b2e5d0e@group-39F81FEFB859: changes role from      null to FOLLOWER at term 0 for startAsFollower
kdc_1       | Oct 18 19:28:41 kdc kadmind[15](Notice): Request: kadm5_get_policy, default, Policy does not exist, client=admin/admin@EXAMPLE.COM, service=kadmin/admin@EXAMPLE.COM, addr=127.0.0.1
s3g_1       | 	at org.jboss.weld.bean.ContextualInstanceStrategy$DefaultContextualInstanceStrategy.get(ContextualInstanceStrategy.java:100)
om_1        | 2019-10-18 19:30:18,748 INFO authorize.ServiceAuthorizationManager: Authorization successful for testuser/scm@EXAMPLE.COM (auth:KERBEROS) for protocol=interface org.apache.hadoop.ozone.om.protocol.OzoneManagerProtocol
datanode_3  | 2019-10-18 19:29:02,063 INFO util.JmxRegister: Successfully registered JMX Bean with object name Ratis:service=RaftServer,group=group-39F81FEFB859,id=e50f7026-2bda-4f4c-bea3-d714b9422968
datanode_1  | 2019-10-18 19:29:02,071 INFO impl.RoleInfo: 94cf27ad-f127-4abf-9d9b-311227fc41cb: shutdown FollowerState
scm_1       | 2019-10-18 19:31:01,878 INFO authorize.ServiceAuthorizationManager: Authorization successful for dn/23cfe1082d79@EXAMPLE.COM (auth:KERBEROS) for protocol=interface org.apache.hadoop.ozone.protocol.StorageContainerDatanodeProtocol
datanode_2  | 2019-10-18 19:29:02,067 INFO impl.RoleInfo: cc7ce53b-0a92-40bc-a856-cedb9b2e5d0e: start FollowerState
kdc_1       | Oct 18 19:28:41 kdc kadmind[15](Notice): Request: kadm5_create_principal, dn/315837292db1@EXAMPLE.COM, success, client=admin/admin@EXAMPLE.COM, service=kadmin/admin@EXAMPLE.COM, addr=127.0.0.1
s3g_1       | 	at org.jboss.weld.bean.ContextualInstance.get(ContextualInstance.java:50)
om_1        | 2019-10-18 19:30:19,373 [IPC Server handler 5 on 9862] INFO       - created volume:38073-rpcwoport2 for user:testuser/scm@EXAMPLE.COM
datanode_3  | 2019-10-18 19:29:02,117 INFO impl.FollowerState: e50f7026-2bda-4f4c-bea3-d714b9422968@group-39F81FEFB859-FollowerState: change to CANDIDATE, lastRpcTime:54ms, electionTimeout:54ms
scm_1       | 2019-10-18 19:31:03,477 INFO ipc.Server: Auth successful for dn/23cfe1082d79@EXAMPLE.COM (auth:KERBEROS)
datanode_2  | 2019-10-18 19:29:02,068 INFO util.JmxRegister: Successfully registered JMX Bean with object name Ratis:service=RaftServer,group=group-39F81FEFB859,id=cc7ce53b-0a92-40bc-a856-cedb9b2e5d0e
datanode_1  | 2019-10-18 19:29:02,071 INFO impl.RaftServerImpl: 94cf27ad-f127-4abf-9d9b-311227fc41cb@group-39F81FEFB859: changes role from  FOLLOWER to CANDIDATE at term 0 for changeToCandidate
kdc_1       | Oct 18 19:28:41 kdc kadmind[15](info): closing down fd 18
s3g_1       | 	at org.jboss.weld.manager.BeanManagerImpl.getReference(BeanManagerImpl.java:785)
om_1        | 2019-10-18 19:30:21,379 INFO ipc.Server: Auth successful for testuser/scm@EXAMPLE.COM (auth:KERBEROS)
scm_1       | 2019-10-18 19:31:03,480 INFO authorize.ServiceAuthorizationManager: Authorization successful for dn/23cfe1082d79@EXAMPLE.COM (auth:KERBEROS) for protocol=interface org.apache.hadoop.hdds.protocol.SCMSecurityProtocol
datanode_2  | 2019-10-18 19:29:02,227 INFO impl.RaftServerImpl: cc7ce53b-0a92-40bc-a856-cedb9b2e5d0e@group-39F81FEFB859: changes role from  FOLLOWER to FOLLOWER at term 1 for recognizeCandidate:94cf27ad-f127-4abf-9d9b-311227fc41cb
datanode_3  | 2019-10-18 19:29:02,118 INFO impl.RoleInfo: e50f7026-2bda-4f4c-bea3-d714b9422968: shutdown FollowerState
kdc_1       | Oct 18 19:28:41 kdc krb5kdc[9](info): AS_REQ (8 etypes {18 17 20 19 16 23 25 26}) 127.0.0.1: SERVER_NOT_FOUND: admin/admin@EXAMPLE.COM for kadmin/localhost@EXAMPLE.COM, Server not found in Kerberos database
datanode_1  | 2019-10-18 19:29:02,071 INFO impl.RoleInfo: 94cf27ad-f127-4abf-9d9b-311227fc41cb: start LeaderElection
s3g_1       | 	at org.jboss.weld.manager.BeanManagerImpl.getReference(BeanManagerImpl.java:808)
om_1        | 2019-10-18 19:30:21,392 INFO authorize.ServiceAuthorizationManager: Authorization successful for testuser/scm@EXAMPLE.COM (auth:KERBEROS) for protocol=interface org.apache.hadoop.ozone.om.protocol.OzoneManagerProtocol
datanode_2  | 2019-10-18 19:29:02,228 INFO impl.RoleInfo: cc7ce53b-0a92-40bc-a856-cedb9b2e5d0e: shutdown FollowerState
datanode_3  | 2019-10-18 19:29:02,118 INFO impl.RaftServerImpl: e50f7026-2bda-4f4c-bea3-d714b9422968@group-39F81FEFB859: changes role from  FOLLOWER to CANDIDATE at term 0 for changeToCandidate
kdc_1       | Oct 18 19:28:41 kdc krb5kdc[9](info): AS_REQ (8 etypes {18 17 20 19 16 23 25 26}) 127.0.0.1: ISSUE: authtime 1571426921, etypes {rep=18 tkt=18 ses=18}, admin/admin@EXAMPLE.COM for kadmin/admin@EXAMPLE.COM
scm_1       | 2019-10-18 19:31:21,094 INFO ipc.Server: Auth successful for dn/315837292db1@EXAMPLE.COM (auth:KERBEROS)
s3g_1       | 	at org.jboss.weld.util.ForwardingBeanManager.getReference(ForwardingBeanManager.java:61)
om_1        | 2019-10-18 19:30:24,151 INFO ipc.Server: Auth successful for testuser/scm@EXAMPLE.COM (auth:KERBEROS)
datanode_1  | 2019-10-18 19:29:02,097 INFO impl.LeaderElection: 94cf27ad-f127-4abf-9d9b-311227fc41cb@group-39F81FEFB859-LeaderElection2: begin an election at term 1 for -1: [cc7ce53b-0a92-40bc-a856-cedb9b2e5d0e:172.18.0.5:9858, e50f7026-2bda-4f4c-bea3-d714b9422968:172.18.0.3:9858, 94cf27ad-f127-4abf-9d9b-311227fc41cb:172.18.0.7:9858], old=null
datanode_2  | 2019-10-18 19:29:02,228 INFO impl.RoleInfo: cc7ce53b-0a92-40bc-a856-cedb9b2e5d0e: start FollowerState
datanode_3  | 2019-10-18 19:29:02,118 INFO impl.RoleInfo: e50f7026-2bda-4f4c-bea3-d714b9422968: start LeaderElection
kdc_1       | Oct 18 19:28:41 kdc krb5kdc[9](info): AS_REQ (8 etypes {18 17 20 19 16 23 25 26}) 127.0.0.1: SERVER_NOT_FOUND: admin/admin@EXAMPLE.COM for kadmin/localhost@EXAMPLE.COM, Server not found in Kerberos database
scm_1       | 2019-10-18 19:31:21,099 INFO authorize.ServiceAuthorizationManager: Authorization successful for dn/315837292db1@EXAMPLE.COM (auth:KERBEROS) for protocol=interface org.apache.hadoop.ozone.protocol.StorageContainerDatanodeProtocol
s3g_1       | 	at org.jboss.weld.bean.builtin.BeanManagerProxy.getReference(BeanManagerProxy.java:85)
om_1        | 2019-10-18 19:30:24,161 INFO authorize.ServiceAuthorizationManager: Authorization successful for testuser/scm@EXAMPLE.COM (auth:KERBEROS) for protocol=interface org.apache.hadoop.ozone.om.protocol.OzoneManagerProtocol
datanode_3  | 2019-10-18 19:29:02,143 INFO impl.LeaderElection: e50f7026-2bda-4f4c-bea3-d714b9422968@group-39F81FEFB859-LeaderElection2: begin an election at term 1 for -1: [cc7ce53b-0a92-40bc-a856-cedb9b2e5d0e:172.18.0.5:9858, e50f7026-2bda-4f4c-bea3-d714b9422968:172.18.0.3:9858, 94cf27ad-f127-4abf-9d9b-311227fc41cb:172.18.0.7:9858], old=null
datanode_2  | 2019-10-18 19:29:02,228 INFO impl.FollowerState: cc7ce53b-0a92-40bc-a856-cedb9b2e5d0e@group-39F81FEFB859-FollowerState was interrupted: java.lang.InterruptedException: sleep interrupted
datanode_1  | 2019-10-18 19:29:02,148 INFO impl.LeaderElection: 94cf27ad-f127-4abf-9d9b-311227fc41cb@group-39F81FEFB859-LeaderElection2: Election TIMEOUT; received 0 response(s) [] and 0 exception(s); 94cf27ad-f127-4abf-9d9b-311227fc41cb@group-39F81FEFB859:t1, leader=null, voted=94cf27ad-f127-4abf-9d9b-311227fc41cb, raftlog=94cf27ad-f127-4abf-9d9b-311227fc41cb@group-39F81FEFB859-SegmentedRaftLog:OPENED:c-1,f-1,i0, conf=-1: [cc7ce53b-0a92-40bc-a856-cedb9b2e5d0e:172.18.0.5:9858, e50f7026-2bda-4f4c-bea3-d714b9422968:172.18.0.3:9858, 94cf27ad-f127-4abf-9d9b-311227fc41cb:172.18.0.7:9858], old=null
kdc_1       | Oct 18 19:28:41 kdc krb5kdc[9](info): AS_REQ (8 etypes {18 17 20 19 16 23 25 26}) 127.0.0.1: ISSUE: authtime 1571426921, etypes {rep=18 tkt=18 ses=18}, admin/admin@EXAMPLE.COM for kadmin/admin@EXAMPLE.COM
scm_1       | 2019-10-18 19:31:23,176 INFO ipc.Server: Auth successful for dn/d3ad430e42e9@EXAMPLE.COM (auth:KERBEROS)
s3g_1       | 	at org.glassfish.jersey.ext.cdi1x.internal.CdiUtil.getBeanReference(CdiUtil.java:151)
om_1        | 2019-10-18 19:30:26,855 INFO ipc.Server: Auth successful for testuser/scm@EXAMPLE.COM (auth:KERBEROS)
datanode_3  | 2019-10-18 19:29:02,288 INFO impl.LeaderElection: e50f7026-2bda-4f4c-bea3-d714b9422968@group-39F81FEFB859-LeaderElection2: Election TIMEOUT; received 0 response(s) [] and 0 exception(s); e50f7026-2bda-4f4c-bea3-d714b9422968@group-39F81FEFB859:t1, leader=null, voted=e50f7026-2bda-4f4c-bea3-d714b9422968, raftlog=e50f7026-2bda-4f4c-bea3-d714b9422968@group-39F81FEFB859-SegmentedRaftLog:OPENED:c-1,f-1,i0, conf=-1: [cc7ce53b-0a92-40bc-a856-cedb9b2e5d0e:172.18.0.5:9858, e50f7026-2bda-4f4c-bea3-d714b9422968:172.18.0.3:9858, 94cf27ad-f127-4abf-9d9b-311227fc41cb:172.18.0.7:9858], old=null
datanode_2  | 2019-10-18 19:29:02,628 INFO segmented.SegmentedRaftLogWorker: cc7ce53b-0a92-40bc-a856-cedb9b2e5d0e@group-85531115CB86-SegmentedRaftLogWorker: created new log segment /data/metadata/ratis/8f009ef0-6795-40b2-ad06-85531115cb86/current/log_inprogress_0
kdc_1       | Oct 18 19:28:41 kdc krb5kdc[9](info): AS_REQ (8 etypes {18 17 20 19 16 23 25 26}) 127.0.0.1: SERVER_NOT_FOUND: admin/admin@EXAMPLE.COM for kadmin/localhost@EXAMPLE.COM, Server not found in Kerberos database
scm_1       | 2019-10-18 19:31:23,181 INFO authorize.ServiceAuthorizationManager: Authorization successful for dn/d3ad430e42e9@EXAMPLE.COM (auth:KERBEROS) for protocol=interface org.apache.hadoop.ozone.protocol.StorageContainerDatanodeProtocol
s3g_1       | 	at org.glassfish.jersey.ext.cdi1x.internal.AbstractCdiBeanSupplier$1.getInstance(AbstractCdiBeanSupplier.java:93)
datanode_1  | 2019-10-18 19:29:02,646 INFO impl.LeaderElection: 94cf27ad-f127-4abf-9d9b-311227fc41cb@group-39F81FEFB859-LeaderElection2: begin an election at term 2 for -1: [cc7ce53b-0a92-40bc-a856-cedb9b2e5d0e:172.18.0.5:9858, e50f7026-2bda-4f4c-bea3-d714b9422968:172.18.0.3:9858, 94cf27ad-f127-4abf-9d9b-311227fc41cb:172.18.0.7:9858], old=null
om_1        | 2019-10-18 19:30:26,869 INFO authorize.ServiceAuthorizationManager: Authorization successful for testuser/scm@EXAMPLE.COM (auth:KERBEROS) for protocol=interface org.apache.hadoop.ozone.om.protocol.OzoneManagerProtocol
datanode_3  | 2019-10-18 19:29:02,976 INFO impl.LeaderElection: e50f7026-2bda-4f4c-bea3-d714b9422968@group-39F81FEFB859-LeaderElection2: begin an election at term 2 for -1: [cc7ce53b-0a92-40bc-a856-cedb9b2e5d0e:172.18.0.5:9858, e50f7026-2bda-4f4c-bea3-d714b9422968:172.18.0.3:9858, 94cf27ad-f127-4abf-9d9b-311227fc41cb:172.18.0.7:9858], old=null
datanode_2  | 2019-10-18 19:29:02,978 INFO impl.RaftServerImpl: cc7ce53b-0a92-40bc-a856-cedb9b2e5d0e@group-39F81FEFB859: changes role from  FOLLOWER to FOLLOWER at term 2 for recognizeCandidate:94cf27ad-f127-4abf-9d9b-311227fc41cb
kdc_1       | Oct 18 19:28:41 kdc krb5kdc[9](info): AS_REQ (8 etypes {18 17 20 19 16 23 25 26}) 127.0.0.1: ISSUE: authtime 1571426921, etypes {rep=18 tkt=18 ses=18}, admin/admin@EXAMPLE.COM for kadmin/admin@EXAMPLE.COM
scm_1       | 2019-10-18 19:31:33,841 INFO ipc.Server: Auth successful for dn/23cfe1082d79@EXAMPLE.COM (auth:KERBEROS)
s3g_1       | 	at org.glassfish.jersey.ext.cdi1x.internal.AbstractCdiBeanSupplier._provide(AbstractCdiBeanSupplier.java:127)
datanode_1  | 2019-10-18 19:29:02,797 INFO impl.LeaderElection: 94cf27ad-f127-4abf-9d9b-311227fc41cb@group-39F81FEFB859-LeaderElection2: Election TIMEOUT; received 0 response(s) [] and 0 exception(s); 94cf27ad-f127-4abf-9d9b-311227fc41cb@group-39F81FEFB859:t2, leader=null, voted=94cf27ad-f127-4abf-9d9b-311227fc41cb, raftlog=94cf27ad-f127-4abf-9d9b-311227fc41cb@group-39F81FEFB859-SegmentedRaftLog:OPENED:c-1,f-1,i0, conf=-1: [cc7ce53b-0a92-40bc-a856-cedb9b2e5d0e:172.18.0.5:9858, e50f7026-2bda-4f4c-bea3-d714b9422968:172.18.0.3:9858, 94cf27ad-f127-4abf-9d9b-311227fc41cb:172.18.0.7:9858], old=null
om_1        | 2019-10-18 19:30:29,606 INFO ipc.Server: Auth successful for testuser/scm@EXAMPLE.COM (auth:KERBEROS)
datanode_3  | 2019-10-18 19:29:03,022 INFO impl.RaftServerImpl: e50f7026-2bda-4f4c-bea3-d714b9422968@group-39F81FEFB859: changes role from CANDIDATE to FOLLOWER at term 3 for recognizeCandidate:94cf27ad-f127-4abf-9d9b-311227fc41cb
datanode_2  | 2019-10-18 19:29:02,978 INFO impl.RoleInfo: cc7ce53b-0a92-40bc-a856-cedb9b2e5d0e: shutdown FollowerState
kdc_1       | Oct 18 19:28:41 kdc krb5kdc[9](info): AS_REQ (8 etypes {18 17 20 19 16 23 25 26}) 127.0.0.1: SERVER_NOT_FOUND: admin/admin@EXAMPLE.COM for kadmin/localhost@EXAMPLE.COM, Server not found in Kerberos database
scm_1       | 2019-10-18 19:31:33,844 INFO authorize.ServiceAuthorizationManager: Authorization successful for dn/23cfe1082d79@EXAMPLE.COM (auth:KERBEROS) for protocol=interface org.apache.hadoop.ozone.protocol.StorageContainerDatanodeProtocol
s3g_1       | 	at org.glassfish.jersey.ext.cdi1x.internal.RequestScopedCdiBeanSupplier.get(RequestScopedCdiBeanSupplier.java:70)
om_1        | 2019-10-18 19:30:29,618 INFO authorize.ServiceAuthorizationManager: Authorization successful for testuser/scm@EXAMPLE.COM (auth:KERBEROS) for protocol=interface org.apache.hadoop.ozone.om.protocol.OzoneManagerProtocol
datanode_3  | 2019-10-18 19:29:03,023 INFO impl.RoleInfo: e50f7026-2bda-4f4c-bea3-d714b9422968: shutdown LeaderElection
datanode_1  | 2019-10-18 19:29:02,977 INFO impl.LeaderElection: 94cf27ad-f127-4abf-9d9b-311227fc41cb@group-39F81FEFB859-LeaderElection2: begin an election at term 3 for -1: [cc7ce53b-0a92-40bc-a856-cedb9b2e5d0e:172.18.0.5:9858, e50f7026-2bda-4f4c-bea3-d714b9422968:172.18.0.3:9858, 94cf27ad-f127-4abf-9d9b-311227fc41cb:172.18.0.7:9858], old=null
datanode_2  | 2019-10-18 19:29:02,979 INFO impl.RoleInfo: cc7ce53b-0a92-40bc-a856-cedb9b2e5d0e: start FollowerState
kdc_1       | Oct 18 19:28:41 kdc krb5kdc[9](info): AS_REQ (8 etypes {18 17 20 19 16 23 25 26}) 127.0.0.1: ISSUE: authtime 1571426921, etypes {rep=18 tkt=18 ses=18}, admin/admin@EXAMPLE.COM for kadmin/admin@EXAMPLE.COM
scm_1       | 2019-10-18 19:31:51,098 INFO ipc.Server: Auth successful for dn/315837292db1@EXAMPLE.COM (auth:KERBEROS)
s3g_1       | 	at org.glassfish.jersey.inject.hk2.InstanceSupplierFactoryBridge.provide(InstanceSupplierFactoryBridge.java:77)
om_1        | 2019-10-18 19:30:32,186 INFO ipc.Server: Auth successful for testuser/scm@EXAMPLE.COM (auth:KERBEROS)
datanode_3  | 2019-10-18 19:29:03,023 INFO impl.LeaderElection: e50f7026-2bda-4f4c-bea3-d714b9422968@group-39F81FEFB859-LeaderElection2: Election DISCOVERED_A_NEW_TERM; received 1 response(s) [e50f7026-2bda-4f4c-bea3-d714b9422968<-94cf27ad-f127-4abf-9d9b-311227fc41cb#0:FAIL-t3] and 0 exception(s); e50f7026-2bda-4f4c-bea3-d714b9422968@group-39F81FEFB859:t3, leader=null, voted=null, raftlog=e50f7026-2bda-4f4c-bea3-d714b9422968@group-39F81FEFB859-SegmentedRaftLog:OPENED:c-1,f-1,i0, conf=-1: [cc7ce53b-0a92-40bc-a856-cedb9b2e5d0e:172.18.0.5:9858, e50f7026-2bda-4f4c-bea3-d714b9422968:172.18.0.3:9858, 94cf27ad-f127-4abf-9d9b-311227fc41cb:172.18.0.7:9858], old=null
datanode_1  | 2019-10-18 19:29:03,041 INFO impl.LeaderElection: 94cf27ad-f127-4abf-9d9b-311227fc41cb@group-39F81FEFB859-LeaderElection2: Election TIMEOUT; received 0 response(s) [] and 0 exception(s); 94cf27ad-f127-4abf-9d9b-311227fc41cb@group-39F81FEFB859:t3, leader=null, voted=94cf27ad-f127-4abf-9d9b-311227fc41cb, raftlog=94cf27ad-f127-4abf-9d9b-311227fc41cb@group-39F81FEFB859-SegmentedRaftLog:OPENED:c-1,f-1,i0, conf=-1: [cc7ce53b-0a92-40bc-a856-cedb9b2e5d0e:172.18.0.5:9858, e50f7026-2bda-4f4c-bea3-d714b9422968:172.18.0.3:9858, 94cf27ad-f127-4abf-9d9b-311227fc41cb:172.18.0.7:9858], old=null
datanode_2  | 2019-10-18 19:29:03,389 INFO impl.FollowerState: cc7ce53b-0a92-40bc-a856-cedb9b2e5d0e@group-39F81FEFB859-FollowerState: change to CANDIDATE, lastRpcTime:409ms, electionTimeout:63ms
kdc_1       | Oct 18 19:28:41 kdc krb5kdc[9](info): AS_REQ (8 etypes {18 17 20 19 16 23 25 26}) 127.0.0.1: SERVER_NOT_FOUND: admin/admin@EXAMPLE.COM for kadmin/localhost@EXAMPLE.COM, Server not found in Kerberos database
scm_1       | 2019-10-18 19:31:51,102 INFO authorize.ServiceAuthorizationManager: Authorization successful for dn/315837292db1@EXAMPLE.COM (auth:KERBEROS) for protocol=interface org.apache.hadoop.ozone.protocol.StorageContainerDatanodeProtocol
s3g_1       | 	at org.jvnet.hk2.internal.FactoryCreator.create(FactoryCreator.java:153)
om_1        | 2019-10-18 19:30:32,198 INFO authorize.ServiceAuthorizationManager: Authorization successful for testuser/scm@EXAMPLE.COM (auth:KERBEROS) for protocol=interface org.apache.hadoop.ozone.om.protocol.OzoneManagerProtocol
datanode_3  | 2019-10-18 19:29:03,023 INFO impl.RoleInfo: e50f7026-2bda-4f4c-bea3-d714b9422968: start FollowerState
datanode_1  | 2019-10-18 19:29:03,423 INFO impl.LeaderElection: 94cf27ad-f127-4abf-9d9b-311227fc41cb@group-39F81FEFB859-LeaderElection2: begin an election at term 4 for -1: [cc7ce53b-0a92-40bc-a856-cedb9b2e5d0e:172.18.0.5:9858, e50f7026-2bda-4f4c-bea3-d714b9422968:172.18.0.3:9858, 94cf27ad-f127-4abf-9d9b-311227fc41cb:172.18.0.7:9858], old=null
datanode_2  | 2019-10-18 19:29:03,389 INFO impl.RoleInfo: cc7ce53b-0a92-40bc-a856-cedb9b2e5d0e: shutdown FollowerState
kdc_1       | Oct 18 19:28:41 kdc krb5kdc[9](info): AS_REQ (8 etypes {18 17 20 19 16 23 25 26}) 127.0.0.1: ISSUE: authtime 1571426921, etypes {rep=18 tkt=18 ses=18}, admin/admin@EXAMPLE.COM for kadmin/admin@EXAMPLE.COM
scm_1       | 2019-10-18 19:31:53,180 INFO ipc.Server: Auth successful for dn/d3ad430e42e9@EXAMPLE.COM (auth:KERBEROS)
s3g_1       | 	at org.jvnet.hk2.internal.SystemDescriptor.create(SystemDescriptor.java:487)
om_1        | 2019-10-18 19:30:34,719 INFO ipc.Server: Auth successful for testuser/scm@EXAMPLE.COM (auth:KERBEROS)
datanode_3  | 2019-10-18 19:29:03,423 INFO impl.FollowerState: e50f7026-2bda-4f4c-bea3-d714b9422968@group-39F81FEFB859-FollowerState: change to CANDIDATE, lastRpcTime:400ms, electionTimeout:108ms
datanode_1  | 2019-10-18 19:29:03,492 INFO impl.LeaderElection: 94cf27ad-f127-4abf-9d9b-311227fc41cb@group-39F81FEFB859-LeaderElection2: Election REJECTED; received 2 response(s) [94cf27ad-f127-4abf-9d9b-311227fc41cb<-cc7ce53b-0a92-40bc-a856-cedb9b2e5d0e#0:FAIL-t4, 94cf27ad-f127-4abf-9d9b-311227fc41cb<-e50f7026-2bda-4f4c-bea3-d714b9422968#0:FAIL-t4] and 0 exception(s); 94cf27ad-f127-4abf-9d9b-311227fc41cb@group-39F81FEFB859:t4, leader=null, voted=94cf27ad-f127-4abf-9d9b-311227fc41cb, raftlog=94cf27ad-f127-4abf-9d9b-311227fc41cb@group-39F81FEFB859-SegmentedRaftLog:OPENED:c-1,f-1,i0, conf=-1: [cc7ce53b-0a92-40bc-a856-cedb9b2e5d0e:172.18.0.5:9858, e50f7026-2bda-4f4c-bea3-d714b9422968:172.18.0.3:9858, 94cf27ad-f127-4abf-9d9b-311227fc41cb:172.18.0.7:9858], old=null
datanode_2  | 2019-10-18 19:29:03,389 INFO impl.RaftServerImpl: cc7ce53b-0a92-40bc-a856-cedb9b2e5d0e@group-39F81FEFB859: changes role from  FOLLOWER to CANDIDATE at term 2 for changeToCandidate
kdc_1       | Oct 18 19:28:41 kdc krb5kdc[9](info): AS_REQ (8 etypes {18 17 20 19 16 23 25 26}) 127.0.0.1: SERVER_NOT_FOUND: admin/admin@EXAMPLE.COM for kadmin/localhost@EXAMPLE.COM, Server not found in Kerberos database
scm_1       | 2019-10-18 19:31:53,184 INFO authorize.ServiceAuthorizationManager: Authorization successful for dn/d3ad430e42e9@EXAMPLE.COM (auth:KERBEROS) for protocol=interface org.apache.hadoop.ozone.protocol.StorageContainerDatanodeProtocol
s3g_1       | 	at org.jvnet.hk2.internal.PerLookupContext.findOrCreate(PerLookupContext.java:70)
om_1        | 2019-10-18 19:30:34,732 INFO authorize.ServiceAuthorizationManager: Authorization successful for testuser/scm@EXAMPLE.COM (auth:KERBEROS) for protocol=interface org.apache.hadoop.ozone.om.protocol.OzoneManagerProtocol
datanode_3  | 2019-10-18 19:29:03,424 INFO impl.RoleInfo: e50f7026-2bda-4f4c-bea3-d714b9422968: shutdown FollowerState
datanode_1  | 2019-10-18 19:29:03,494 INFO impl.RaftServerImpl: 94cf27ad-f127-4abf-9d9b-311227fc41cb@group-39F81FEFB859: changes role from CANDIDATE to FOLLOWER at term 4 for DISCOVERED_A_NEW_TERM
datanode_2  | 2019-10-18 19:29:03,390 INFO impl.RoleInfo: cc7ce53b-0a92-40bc-a856-cedb9b2e5d0e: start LeaderElection
kdc_1       | Oct 18 19:28:41 kdc krb5kdc[9](info): AS_REQ (8 etypes {18 17 20 19 16 23 25 26}) 127.0.0.1: ISSUE: authtime 1571426921, etypes {rep=18 tkt=18 ses=18}, admin/admin@EXAMPLE.COM for kadmin/admin@EXAMPLE.COM
scm_1       | 2019-10-18 19:31:53,230 INFO ipc.Server: Auth successful for om/om@EXAMPLE.COM (auth:KERBEROS)
s3g_1       | 	at org.jvnet.hk2.internal.Utilities.createService(Utilities.java:2126)
om_1        | 2019-10-18 19:30:37,281 INFO ipc.Server: Auth successful for testuser/scm@EXAMPLE.COM (auth:KERBEROS)
datanode_1  | 2019-10-18 19:29:03,494 INFO impl.RoleInfo: 94cf27ad-f127-4abf-9d9b-311227fc41cb: shutdown LeaderElection
datanode_2  | 2019-10-18 19:29:03,425 INFO impl.FollowerState: cc7ce53b-0a92-40bc-a856-cedb9b2e5d0e@group-39F81FEFB859-FollowerState: change to CANDIDATE, lastRpcTime:446ms, electionTimeout:120ms
datanode_3  | 2019-10-18 19:29:03,424 INFO impl.RaftServerImpl: e50f7026-2bda-4f4c-bea3-d714b9422968@group-39F81FEFB859: changes role from  FOLLOWER to CANDIDATE at term 3 for changeToCandidate
kdc_1       | Oct 18 19:28:41 kdc krb5kdc[9](info): AS_REQ (8 etypes {18 17 20 19 16 23 25 26}) 127.0.0.1: SERVER_NOT_FOUND: admin/admin@EXAMPLE.COM for kadmin/localhost@EXAMPLE.COM, Server not found in Kerberos database
scm_1       | 2019-10-18 19:31:53,232 INFO authorize.ServiceAuthorizationManager: Authorization successful for om/om@EXAMPLE.COM (auth:KERBEROS) for protocol=interface org.apache.hadoop.hdds.scm.protocol.ScmBlockLocationProtocol
s3g_1       | 	at org.jvnet.hk2.internal.ServiceLocatorImpl.internalGetService(ServiceLocatorImpl.java:777)
om_1        | 2019-10-18 19:30:37,294 INFO authorize.ServiceAuthorizationManager: Authorization successful for testuser/scm@EXAMPLE.COM (auth:KERBEROS) for protocol=interface org.apache.hadoop.ozone.om.protocol.OzoneManagerProtocol
datanode_1  | 2019-10-18 19:29:03,494 INFO impl.RoleInfo: 94cf27ad-f127-4abf-9d9b-311227fc41cb: start FollowerState
datanode_2  | 2019-10-18 19:29:03,425 INFO impl.LeaderElection: cc7ce53b-0a92-40bc-a856-cedb9b2e5d0e@group-39F81FEFB859-LeaderElection2: begin an election at term 3 for -1: [cc7ce53b-0a92-40bc-a856-cedb9b2e5d0e:172.18.0.5:9858, e50f7026-2bda-4f4c-bea3-d714b9422968:172.18.0.3:9858, 94cf27ad-f127-4abf-9d9b-311227fc41cb:172.18.0.7:9858], old=null
datanode_3  | 2019-10-18 19:29:03,424 INFO impl.RoleInfo: e50f7026-2bda-4f4c-bea3-d714b9422968: start LeaderElection
kdc_1       | Oct 18 19:28:41 kdc krb5kdc[9](info): AS_REQ (8 etypes {18 17 20 19 16 23 25 26}) 127.0.0.1: ISSUE: authtime 1571426921, etypes {rep=18 tkt=18 ses=18}, admin/admin@EXAMPLE.COM for kadmin/admin@EXAMPLE.COM
scm_1       | 2019-10-18 19:32:02,372 INFO ipc.Server: Auth successful for dn/23cfe1082d79@EXAMPLE.COM (auth:KERBEROS)
s3g_1       | 	at org.jvnet.hk2.internal.ServiceLocatorImpl.internalGetService(ServiceLocatorImpl.java:740)
om_1        | 2019-10-18 19:30:40,077 INFO ipc.Server: Auth successful for testuser/scm@EXAMPLE.COM (auth:KERBEROS)
datanode_1  | 2019-10-18 19:29:03,552 INFO impl.FollowerState: 94cf27ad-f127-4abf-9d9b-311227fc41cb@group-39F81FEFB859-FollowerState: change to CANDIDATE, lastRpcTime:57ms, electionTimeout:57ms
datanode_2  | 2019-10-18 19:29:03,429 WARN impl.FollowerState: cc7ce53b-0a92-40bc-a856-cedb9b2e5d0e@group-39F81FEFB859-FollowerState caught an exception
datanode_3  | 2019-10-18 19:29:03,456 INFO impl.LeaderElection: e50f7026-2bda-4f4c-bea3-d714b9422968@group-39F81FEFB859-LeaderElection3: begin an election at term 4 for -1: [cc7ce53b-0a92-40bc-a856-cedb9b2e5d0e:172.18.0.5:9858, e50f7026-2bda-4f4c-bea3-d714b9422968:172.18.0.3:9858, 94cf27ad-f127-4abf-9d9b-311227fc41cb:172.18.0.7:9858], old=null
kdc_1       | Oct 18 19:28:41 kdc krb5kdc[9](info): AS_REQ (8 etypes {18 17 20 19 16 23 25 26}) 127.0.0.1: SERVER_NOT_FOUND: admin/admin@EXAMPLE.COM for kadmin/localhost@EXAMPLE.COM, Server not found in Kerberos database
scm_1       | 2019-10-18 19:32:02,377 INFO authorize.ServiceAuthorizationManager: Authorization successful for dn/23cfe1082d79@EXAMPLE.COM (auth:KERBEROS) for protocol=interface org.apache.hadoop.ozone.protocol.StorageContainerDatanodeProtocol
s3g_1       | 	at org.jvnet.hk2.internal.ServiceLocatorImpl.getService(ServiceLocatorImpl.java:710)
om_1        | 2019-10-18 19:30:40,089 INFO authorize.ServiceAuthorizationManager: Authorization successful for testuser/scm@EXAMPLE.COM (auth:KERBEROS) for protocol=interface org.apache.hadoop.ozone.om.protocol.OzoneManagerProtocol
datanode_1  | 2019-10-18 19:29:03,555 INFO impl.RoleInfo: 94cf27ad-f127-4abf-9d9b-311227fc41cb: shutdown FollowerState
datanode_2  | java.lang.IllegalStateException
datanode_3  | 2019-10-18 19:29:03,537 INFO impl.LeaderElection: e50f7026-2bda-4f4c-bea3-d714b9422968@group-39F81FEFB859-LeaderElection3: Election PASSED; received 2 response(s) [e50f7026-2bda-4f4c-bea3-d714b9422968<-cc7ce53b-0a92-40bc-a856-cedb9b2e5d0e#0:OK-t4, e50f7026-2bda-4f4c-bea3-d714b9422968<-94cf27ad-f127-4abf-9d9b-311227fc41cb#0:FAIL-t4] and 0 exception(s); e50f7026-2bda-4f4c-bea3-d714b9422968@group-39F81FEFB859:t4, leader=null, voted=e50f7026-2bda-4f4c-bea3-d714b9422968, raftlog=e50f7026-2bda-4f4c-bea3-d714b9422968@group-39F81FEFB859-SegmentedRaftLog:OPENED:c-1,f-1,i0, conf=-1: [cc7ce53b-0a92-40bc-a856-cedb9b2e5d0e:172.18.0.5:9858, e50f7026-2bda-4f4c-bea3-d714b9422968:172.18.0.3:9858, 94cf27ad-f127-4abf-9d9b-311227fc41cb:172.18.0.7:9858], old=null
kdc_1       | Oct 18 19:28:41 kdc krb5kdc[9](info): AS_REQ (8 etypes {18 17 20 19 16 23 25 26}) 127.0.0.1: ISSUE: authtime 1571426921, etypes {rep=18 tkt=18 ses=18}, admin/admin@EXAMPLE.COM for kadmin/admin@EXAMPLE.COM
scm_1       | 2019-10-18 19:32:13,815 INFO ipc.Server: Auth successful for om/om@EXAMPLE.COM (auth:KERBEROS)
s3g_1       | 	at org.glassfish.jersey.inject.hk2.AbstractHk2InjectionManager.getInstance(AbstractHk2InjectionManager.java:184)
om_1        | 2019-10-18 19:30:42,727 INFO ipc.Server: Auth successful for testuser/scm@EXAMPLE.COM (auth:KERBEROS)
datanode_1  | 2019-10-18 19:29:03,555 INFO impl.RaftServerImpl: 94cf27ad-f127-4abf-9d9b-311227fc41cb@group-39F81FEFB859: changes role from  FOLLOWER to CANDIDATE at term 4 for changeToCandidate
datanode_2  | 	at org.apache.ratis.util.Preconditions.assertTrue(Preconditions.java:36)
datanode_3  | 2019-10-18 19:29:03,537 INFO impl.RoleInfo: e50f7026-2bda-4f4c-bea3-d714b9422968: shutdown LeaderElection
kdc_1       | Oct 18 19:28:41 kdc krb5kdc[9](info): AS_REQ (8 etypes {18 17 20 19 16 23 25 26}) 127.0.0.1: SERVER_NOT_FOUND: admin/admin@EXAMPLE.COM for kadmin/localhost@EXAMPLE.COM, Server not found in Kerberos database
scm_1       | 2019-10-18 19:32:13,817 INFO authorize.ServiceAuthorizationManager: Authorization successful for om/om@EXAMPLE.COM (auth:KERBEROS) for protocol=interface org.apache.hadoop.hdds.scm.protocol.StorageContainerLocationProtocol
s3g_1       | 	at org.glassfish.jersey.inject.hk2.ImmediateHk2InjectionManager.getInstance(ImmediateHk2InjectionManager.java:54)
om_1        | 2019-10-18 19:30:42,739 INFO authorize.ServiceAuthorizationManager: Authorization successful for testuser/scm@EXAMPLE.COM (auth:KERBEROS) for protocol=interface org.apache.hadoop.ozone.om.protocol.OzoneManagerProtocol
datanode_1  | 2019-10-18 19:29:03,555 INFO impl.RoleInfo: 94cf27ad-f127-4abf-9d9b-311227fc41cb: start LeaderElection
datanode_2  | 	at org.apache.ratis.server.impl.RaftServerImpl.changeToCandidate(RaftServerImpl.java:428)
kdc_1       | Oct 18 19:28:41 kdc krb5kdc[9](info): AS_REQ (8 etypes {18 17 20 19 16 23 25 26}) 127.0.0.1: ISSUE: authtime 1571426921, etypes {rep=18 tkt=18 ses=18}, admin/admin@EXAMPLE.COM for kadmin/admin@EXAMPLE.COM
scm_1       | 2019-10-18 19:32:21,093 INFO ipc.Server: Auth successful for dn/315837292db1@EXAMPLE.COM (auth:KERBEROS)
datanode_3  | 2019-10-18 19:29:03,538 INFO impl.RaftServerImpl: e50f7026-2bda-4f4c-bea3-d714b9422968@group-39F81FEFB859: changes role from CANDIDATE to LEADER at term 4 for changeToLeader
s3g_1       | 	at org.glassfish.jersey.internal.inject.Injections.getOrCreate(Injections.java:129)
om_1        | 2019-10-18 19:30:45,391 INFO ipc.Server: Auth successful for testuser/scm@EXAMPLE.COM (auth:KERBEROS)
datanode_1  | 2019-10-18 19:29:03,624 INFO impl.LeaderElection: 94cf27ad-f127-4abf-9d9b-311227fc41cb@group-39F81FEFB859-LeaderElection3: begin an election at term 5 for -1: [cc7ce53b-0a92-40bc-a856-cedb9b2e5d0e:172.18.0.5:9858, e50f7026-2bda-4f4c-bea3-d714b9422968:172.18.0.3:9858, 94cf27ad-f127-4abf-9d9b-311227fc41cb:172.18.0.7:9858], old=null
datanode_2  | 	at org.apache.ratis.server.impl.FollowerState.run(FollowerState.java:112)
kdc_1       | Entry for principal dn/315837292db1@EXAMPLE.COM with kvno 2, encryption type aes256-cts-hmac-sha1-96 added to keytab WRFILE:/data/dn.315837292db1.keytab.
scm_1       | 2019-10-18 19:32:21,097 INFO authorize.ServiceAuthorizationManager: Authorization successful for dn/315837292db1@EXAMPLE.COM (auth:KERBEROS) for protocol=interface org.apache.hadoop.ozone.protocol.StorageContainerDatanodeProtocol
datanode_3  | 2019-10-18 19:29:03,538 INFO impl.RaftServerImpl: e50f7026-2bda-4f4c-bea3-d714b9422968@group-39F81FEFB859: change Leader from null to e50f7026-2bda-4f4c-bea3-d714b9422968 at term 4 for becomeLeader, leader elected after 1481ms
s3g_1       | 	at org.glassfish.jersey.server.model.MethodHandler$ClassBasedMethodHandler.getInstance(MethodHandler.java:284)
om_1        | 2019-10-18 19:30:45,402 INFO authorize.ServiceAuthorizationManager: Authorization successful for testuser/scm@EXAMPLE.COM (auth:KERBEROS) for protocol=interface org.apache.hadoop.ozone.om.protocol.OzoneManagerProtocol
datanode_1  | 2019-10-18 19:29:03,661 INFO server.GrpcServerProtocolService: 94cf27ad-f127-4abf-9d9b-311227fc41cb: Completed APPEND_ENTRIES, lastRequest: e50f7026-2bda-4f4c-bea3-d714b9422968->94cf27ad-f127-4abf-9d9b-311227fc41cb#0-t4, previous=(t:0, i:0), leaderCommit=-1, initializing? false, entries: <empty>
datanode_2  | 2019-10-18 19:29:03,455 INFO impl.RaftServerImpl: cc7ce53b-0a92-40bc-a856-cedb9b2e5d0e@group-39F81FEFB859: changes role from CANDIDATE to FOLLOWER at term 4 for recognizeCandidate:94cf27ad-f127-4abf-9d9b-311227fc41cb
kdc_1       | Entry for principal dn/315837292db1@EXAMPLE.COM with kvno 2, encryption type aes128-cts-hmac-sha1-96 added to keytab WRFILE:/data/dn.315837292db1.keytab.
scm_1       | 2019-10-18 19:32:23,174 INFO ipc.Server: Auth successful for dn/d3ad430e42e9@EXAMPLE.COM (auth:KERBEROS)
datanode_3  | 2019-10-18 19:29:03,538 INFO server.RaftServerConfigKeys: raft.server.staging.catchup.gap = 1000 (default)
s3g_1       | 	at org.glassfish.jersey.server.internal.routing.PushMethodHandlerRouter.apply(PushMethodHandlerRouter.java:75)
om_1        | 2019-10-18 19:30:46,043 [IPC Server handler 4 on 9862] ERROR      - Add acl [user:superuser1:rwxy[ACCESS]] to path /38073-rpcwoport2/bb1 failed, because acl already exist
datanode_1  | 2019-10-18 19:29:03,726 INFO impl.LeaderElection: 94cf27ad-f127-4abf-9d9b-311227fc41cb@group-39F81FEFB859-LeaderElection3: Election REJECTED; received 2 response(s) [94cf27ad-f127-4abf-9d9b-311227fc41cb<-cc7ce53b-0a92-40bc-a856-cedb9b2e5d0e#0:FAIL-t5, 94cf27ad-f127-4abf-9d9b-311227fc41cb<-e50f7026-2bda-4f4c-bea3-d714b9422968#0:FAIL-t5] and 0 exception(s); 94cf27ad-f127-4abf-9d9b-311227fc41cb@group-39F81FEFB859:t5, leader=null, voted=94cf27ad-f127-4abf-9d9b-311227fc41cb, raftlog=94cf27ad-f127-4abf-9d9b-311227fc41cb@group-39F81FEFB859-SegmentedRaftLog:OPENED:c-1,f-1,i0, conf=-1: [cc7ce53b-0a92-40bc-a856-cedb9b2e5d0e:172.18.0.5:9858, e50f7026-2bda-4f4c-bea3-d714b9422968:172.18.0.3:9858, 94cf27ad-f127-4abf-9d9b-311227fc41cb:172.18.0.7:9858], old=null
datanode_2  | 2019-10-18 19:29:03,455 INFO impl.RoleInfo: cc7ce53b-0a92-40bc-a856-cedb9b2e5d0e: shutdown LeaderElection
kdc_1       | Generiting keytab
scm_1       | 2019-10-18 19:32:23,177 INFO authorize.ServiceAuthorizationManager: Authorization successful for dn/d3ad430e42e9@EXAMPLE.COM (auth:KERBEROS) for protocol=interface org.apache.hadoop.ozone.protocol.StorageContainerDatanodeProtocol
datanode_3  | 2019-10-18 19:29:03,538 INFO server.RaftServerConfigKeys: raft.server.rpc.sleep.time = 25ms (default)
s3g_1       | 	at org.glassfish.jersey.server.internal.routing.RoutingStage._apply(RoutingStage.java:110)
om_1        | 2019-10-18 19:30:48,072 INFO ipc.Server: Auth successful for testuser/scm@EXAMPLE.COM (auth:KERBEROS)
datanode_1  | 2019-10-18 19:29:03,726 INFO impl.RaftServerImpl: 94cf27ad-f127-4abf-9d9b-311227fc41cb@group-39F81FEFB859: changes role from CANDIDATE to FOLLOWER at term 5 for DISCOVERED_A_NEW_TERM
datanode_2  | 2019-10-18 19:29:03,456 INFO impl.RoleInfo: cc7ce53b-0a92-40bc-a856-cedb9b2e5d0e: start FollowerState
kdc_1       | Authenticating as principal admin/admin with keytab /tmp/admin.keytab.
scm_1       | 2019-10-18 19:32:32,368 INFO ipc.Server: Auth successful for dn/23cfe1082d79@EXAMPLE.COM (auth:KERBEROS)
s3g_1       | 	at org.glassfish.jersey.server.internal.routing.RoutingStage._apply(RoutingStage.java:113)
om_1        | 2019-10-18 19:30:48,088 INFO authorize.ServiceAuthorizationManager: Authorization successful for testuser/scm@EXAMPLE.COM (auth:KERBEROS) for protocol=interface org.apache.hadoop.ozone.om.protocol.OzoneManagerProtocol
datanode_1  | 2019-10-18 19:29:03,727 INFO impl.RoleInfo: 94cf27ad-f127-4abf-9d9b-311227fc41cb: shutdown LeaderElection
datanode_3  | 2019-10-18 19:29:03,538 INFO server.RaftServerConfigKeys: raft.server.write.element-limit = 4096 (default)
datanode_2  | 2019-10-18 19:29:03,488 INFO impl.RaftServerImpl: cc7ce53b-0a92-40bc-a856-cedb9b2e5d0e@group-39F81FEFB859: changes role from  FOLLOWER to FOLLOWER at term 4 for recognizeCandidate:e50f7026-2bda-4f4c-bea3-d714b9422968
kdc_1       | WARNING: no policy specified for HTTP/s3g@EXAMPLE.COM; defaulting to no policy
scm_1       | 2019-10-18 19:32:32,371 INFO authorize.ServiceAuthorizationManager: Authorization successful for dn/23cfe1082d79@EXAMPLE.COM (auth:KERBEROS) for protocol=interface org.apache.hadoop.ozone.protocol.StorageContainerDatanodeProtocol
s3g_1       | 	at org.glassfish.jersey.server.internal.routing.RoutingStage._apply(RoutingStage.java:113)
om_1        | 2019-10-18 19:30:50,826 INFO ipc.Server: Auth successful for testuser/scm@EXAMPLE.COM (auth:KERBEROS)
datanode_1  | 2019-10-18 19:29:03,727 INFO impl.RoleInfo: 94cf27ad-f127-4abf-9d9b-311227fc41cb: start FollowerState
datanode_3  | 2019-10-18 19:29:03,538 INFO server.RaftServerConfigKeys: raft.server.watch.timeout = 10s (default)
scm_1       | 2019-10-18 19:32:51,092 INFO ipc.Server: Auth successful for dn/315837292db1@EXAMPLE.COM (auth:KERBEROS)
datanode_2  | 2019-10-18 19:29:03,488 INFO impl.RoleInfo: cc7ce53b-0a92-40bc-a856-cedb9b2e5d0e: shutdown FollowerState
kdc_1       | Principal "HTTP/s3g@EXAMPLE.COM" created.
s3g_1       | 	at org.glassfish.jersey.server.internal.routing.RoutingStage._apply(RoutingStage.java:113)
om_1        | 2019-10-18 19:30:50,841 INFO authorize.ServiceAuthorizationManager: Authorization successful for testuser/scm@EXAMPLE.COM (auth:KERBEROS) for protocol=interface org.apache.hadoop.ozone.om.protocol.OzoneManagerProtocol
datanode_1  | 2019-10-18 19:29:03,775 INFO impl.RaftServerImpl: 94cf27ad-f127-4abf-9d9b-311227fc41cb@group-39F81FEFB859: changes role from  FOLLOWER to FOLLOWER at term 6 for recognizeCandidate:cc7ce53b-0a92-40bc-a856-cedb9b2e5d0e
datanode_3  | 2019-10-18 19:29:03,538 INFO server.RaftServerConfigKeys: raft.server.watch.timeout.denomination = 1s (default)
