datanode_1    | 2019-10-22 06:38:46,027 INFO impl.MetricsSystemImpl: Registered sink prometheus
freon_1       | 2019-10-22 06:39:15,103 [pool-2-thread-1] INFO       - Creating Bucket: vol-3-18319/bucket-2-81288, with Versioning false and Storage Type set to DISK and Encryption set to false 
datanode_3    | 2019-10-22 06:38:47,594 [Datanode State Machine Thread - 0] INFO       - DatanodeDetails is persisted to /data/datanode.id
datanode_2    | 2019-10-22 06:38:46,212 [Datanode State Machine Thread - 0] INFO       - DatanodeDetails is persisted to /data/datanode.id
grafana_1     | t=2019-10-22T06:38:43+0000 lvl=info msg="Executing migration" logger=migrator id="create org_user table v1"
om_1          | 2019-10-22 06:38:53,350 INFO db.DBStoreBuilder: using custom profile for table: openKeyTable
scm_1         | 2019-10-22 06:38:49,607 INFO ipc.CallQueueManager: Using callQueue: class java.util.concurrent.LinkedBlockingQueue, queueCapacity: 1000, scheduler: class org.apache.hadoop.ipc.DefaultRpcScheduler, ipcBackoff: false.
datanode_1    | 2019-10-22 06:38:46,029 INFO server.BaseHttpServer: HTTP server of HDDSDATANODE is listening at http://0.0.0.0:9882
freon_1       | 2019-10-22 06:39:15,105 [pool-2-thread-9] INFO       - Creating Bucket: vol-5-28694/bucket-2-83558, with Versioning false and Storage Type set to DISK and Encryption set to false 
datanode_2    | 2019-10-22 06:38:49,113 INFO ipc.Client: Retrying connect to server: scm/172.18.0.11:9861. Already tried 0 time(s); retry policy is RetryUpToMaximumCountWithFixedSleep(maxRetries=2147483647, sleepTime=1000 MILLISECONDS)
datanode_3    | 2019-10-22 06:38:50,512 INFO ipc.Client: Retrying connect to server: scm/172.18.0.11:9861. Already tried 0 time(s); retry policy is RetryUpToMaximumCountWithFixedSleep(maxRetries=2147483647, sleepTime=1000 MILLISECONDS)
grafana_1     | t=2019-10-22T06:38:43+0000 lvl=info msg="Executing migration" logger=migrator id="create index IDX_org_user_org_id - v1"
om_1          | 2019-10-22 06:38:53,350 INFO db.DBStoreBuilder: Using default column profile:DBProfile.DISK for Table:openKeyTable
scm_1         | 2019-10-22 06:38:49,608 INFO ipc.Server: Starting Socket Reader #1 for port 9860
datanode_1    | 2019-10-22 06:38:46,045 INFO util.JvmPauseMonitor: Starting JVM pause monitor
freon_1       | 2019-10-22 06:39:15,105 [pool-2-thread-6] INFO       - Creating Bucket: vol-6-37510/bucket-2-64555, with Versioning false and Storage Type set to DISK and Encryption set to false 
datanode_2    | 2019-10-22 06:38:50,114 INFO ipc.Client: Retrying connect to server: scm/172.18.0.11:9861. Already tried 1 time(s); retry policy is RetryUpToMaximumCountWithFixedSleep(maxRetries=2147483647, sleepTime=1000 MILLISECONDS)
datanode_3    | 2019-10-22 06:38:50,597 [Datanode State Machine Thread - 0] INFO       - Attempting to start container services.
grafana_1     | t=2019-10-22T06:38:43+0000 lvl=info msg="Executing migration" logger=migrator id="create index UQE_org_user_org_id_user_id - v1"
om_1          | 2019-10-22 06:38:53,350 INFO db.DBStoreBuilder: using custom profile for table: s3Table
scm_1         | 2019-10-22 06:38:49,637 INFO hdfs.DFSUtil: Starting Web-server for scm at: http://0.0.0.0:9876
datanode_1    | 2019-10-22 06:38:46,191 [Datanode State Machine Thread - 0] INFO       - DatanodeDetails is persisted to /data/datanode.id
freon_1       | 2019-10-22 06:39:15,106 [pool-2-thread-8] INFO       - Creating Bucket: vol-7-00886/bucket-2-56446, with Versioning false and Storage Type set to DISK and Encryption set to false 
datanode_2    | 2019-10-22 06:38:50,583 [Datanode State Machine Thread - 0] INFO       - Attempting to start container services.
datanode_3    | 2019-10-22 06:38:50,601 [Datanode State Machine Thread - 0] INFO       - Background container scanner has been disabled.
grafana_1     | t=2019-10-22T06:38:43+0000 lvl=info msg="Executing migration" logger=migrator id="Update org table charset"
om_1          | 2019-10-22 06:38:53,350 INFO db.DBStoreBuilder: Using default column profile:DBProfile.DISK for Table:s3Table
scm_1         | 2019-10-22 06:38:49,842 INFO server.AuthenticationFilter: Unable to initialize FileSignerSecretProvider, falling back to use random secrets.
datanode_1    | 2019-10-22 06:38:49,109 INFO ipc.Client: Retrying connect to server: scm/172.18.0.11:9861. Already tried 0 time(s); retry policy is RetryUpToMaximumCountWithFixedSleep(maxRetries=2147483647, sleepTime=1000 MILLISECONDS)
freon_1       | 2019-10-22 06:39:15,106 [pool-2-thread-7] INFO       - Creating Bucket: vol-8-96421/bucket-2-98041, with Versioning false and Storage Type set to DISK and Encryption set to false 
datanode_2    | 2019-10-22 06:38:50,585 [Datanode State Machine Thread - 0] INFO       - Background container scanner has been disabled.
datanode_3    | 2019-10-22 06:38:50,601 [Datanode State Machine Thread - 0] INFO       - Starting XceiverServerRatis 3ef614cd-d2ba-4704-8802-64b7bafad40a at port 9858
grafana_1     | t=2019-10-22T06:38:43+0000 lvl=info msg="Executing migration" logger=migrator id="Update org_user table charset"
om_1          | 2019-10-22 06:38:53,350 INFO db.DBStoreBuilder: using custom profile for table: multipartInfoTable
scm_1         | 2019-10-22 06:38:49,866 INFO http.HttpRequestLog: Http request log for http.requests.scm is not defined
datanode_1    | 2019-10-22 06:38:50,109 INFO ipc.Client: Retrying connect to server: scm/172.18.0.11:9861. Already tried 1 time(s); retry policy is RetryUpToMaximumCountWithFixedSleep(maxRetries=2147483647, sleepTime=1000 MILLISECONDS)
freon_1       | 2019-10-22 06:39:15,106 [pool-2-thread-10] INFO       - Creating Bucket: vol-4-59323/bucket-2-38804, with Versioning false and Storage Type set to DISK and Encryption set to false 
datanode_2    | 2019-10-22 06:38:50,585 [Datanode State Machine Thread - 0] INFO       - Starting XceiverServerRatis e58417c9-9e57-403d-8012-838ba5130145 at port 9858
datanode_3    | 2019-10-22 06:38:50,622 INFO impl.RaftServerProxy: 3ef614cd-d2ba-4704-8802-64b7bafad40a: start RPC server
grafana_1     | t=2019-10-22T06:38:43+0000 lvl=info msg="Executing migration" logger=migrator id="Migrate all Read Only Viewers to Viewers"
om_1          | 2019-10-22 06:38:53,350 INFO db.DBStoreBuilder: Using default column profile:DBProfile.DISK for Table:multipartInfoTable
scm_1         | 2019-10-22 06:38:49,877 INFO http.HttpServer2: Added global filter 'safety' (class=org.apache.hadoop.http.HttpServer2$QuotingInputFilter)
datanode_1    | 2019-10-22 06:38:50,597 [Datanode State Machine Thread - 0] INFO       - Attempting to start container services.
freon_1       | 2019-10-22 06:39:15,108 [pool-2-thread-4] INFO       - Creating Bucket: vol-9-72072/bucket-2-00526, with Versioning false and Storage Type set to DISK and Encryption set to false 
datanode_2    | 2019-10-22 06:38:50,609 INFO impl.RaftServerProxy: e58417c9-9e57-403d-8012-838ba5130145: start RPC server
datanode_3    | 2019-10-22 06:38:50,736 INFO server.GrpcService: 3ef614cd-d2ba-4704-8802-64b7bafad40a: GrpcService started, listening on 0.0.0.0/0.0.0.0:9858
grafana_1     | t=2019-10-22T06:38:43+0000 lvl=info msg="Executing migration" logger=migrator id="create dashboard table"
om_1          | 2019-10-22 06:38:53,351 INFO db.DBStoreBuilder: using custom profile for table: dTokenTable
datanode_1    | 2019-10-22 06:38:50,599 [Datanode State Machine Thread - 0] INFO       - Background container scanner has been disabled.
scm_1         | 2019-10-22 06:38:49,880 INFO http.HttpServer2: Added filter static_user_filter (class=org.apache.hadoop.http.lib.StaticUserWebFilter$StaticUserFilter) to context scm
datanode_2    | 2019-10-22 06:38:50,725 INFO server.GrpcService: e58417c9-9e57-403d-8012-838ba5130145: GrpcService started, listening on 0.0.0.0/0.0.0.0:9858
datanode_3    | WARNING: An illegal reflective access operation has occurred
grafana_1     | t=2019-10-22T06:38:43+0000 lvl=info msg="Executing migration" logger=migrator id="add index dashboard.account_id"
om_1          | 2019-10-22 06:38:53,351 INFO db.DBStoreBuilder: Using default column profile:DBProfile.DISK for Table:dTokenTable
datanode_1    | 2019-10-22 06:38:50,599 [Datanode State Machine Thread - 0] INFO       - Starting XceiverServerRatis cdaaaba5-a993-449f-8d11-301121ea3668 at port 9858
scm_1         | 2019-10-22 06:38:49,880 INFO http.HttpServer2: Added filter static_user_filter (class=org.apache.hadoop.http.lib.StaticUserWebFilter$StaticUserFilter) to context logs
freon_1       | 2019-10-22 06:39:15,110 [pool-2-thread-3] INFO       - Creating Bucket: vol-0-09302/bucket-3-31423, with Versioning false and Storage Type set to DISK and Encryption set to false 
datanode_2    | WARNING: An illegal reflective access operation has occurred
datanode_3    | WARNING: Illegal reflective access by org.apache.ratis.thirdparty.com.google.protobuf.UnsafeUtil (file:/opt/hadoop/share/ozone/lib/ratis-thirdparty-misc-0.2.0.jar) to field java.nio.Buffer.address
grafana_1     | t=2019-10-22T06:38:44+0000 lvl=info msg="Executing migration" logger=migrator id="add unique index dashboard_account_id_slug"
om_1          | 2019-10-22 06:38:53,351 INFO db.DBStoreBuilder: using custom profile for table: s3SecretTable
datanode_1    | 2019-10-22 06:38:50,620 INFO impl.RaftServerProxy: cdaaaba5-a993-449f-8d11-301121ea3668: start RPC server
scm_1         | 2019-10-22 06:38:49,880 INFO http.HttpServer2: Added filter static_user_filter (class=org.apache.hadoop.http.lib.StaticUserWebFilter$StaticUserFilter) to context static
freon_1       | 2019-10-22 06:39:15,113 [pool-2-thread-1] INFO       - Creating Bucket: vol-1-29616/bucket-3-61741, with Versioning false and Storage Type set to DISK and Encryption set to false 
datanode_2    | WARNING: Illegal reflective access by org.apache.ratis.thirdparty.com.google.protobuf.UnsafeUtil (file:/opt/hadoop/share/ozone/lib/ratis-thirdparty-misc-0.2.0.jar) to field java.nio.Buffer.address
datanode_3    | WARNING: Please consider reporting this to the maintainers of org.apache.ratis.thirdparty.com.google.protobuf.UnsafeUtil
grafana_1     | t=2019-10-22T06:38:44+0000 lvl=info msg="Executing migration" logger=migrator id="create dashboard_tag table"
om_1          | 2019-10-22 06:38:53,351 INFO db.DBStoreBuilder: Using default column profile:DBProfile.DISK for Table:s3SecretTable
datanode_1    | 2019-10-22 06:38:50,726 INFO server.GrpcService: cdaaaba5-a993-449f-8d11-301121ea3668: GrpcService started, listening on 0.0.0.0/0.0.0.0:9858
scm_1         | 2019-10-22 06:38:49,904 WARN server.BaseHttpServer: /prof java profiling servlet is activated. Not safe for production!
freon_1       | 2019-10-22 06:39:15,116 [pool-2-thread-2] INFO       - Creating Bucket: vol-2-32275/bucket-3-41834, with Versioning false and Storage Type set to DISK and Encryption set to false 
datanode_2    | WARNING: Please consider reporting this to the maintainers of org.apache.ratis.thirdparty.com.google.protobuf.UnsafeUtil
datanode_3    | WARNING: Use --illegal-access=warn to enable warnings of further illegal reflective access operations
grafana_1     | t=2019-10-22T06:38:44+0000 lvl=info msg="Executing migration" logger=migrator id="add unique index dashboard_tag.dasboard_id_term"
om_1          | 2019-10-22 06:38:53,351 INFO db.DBStoreBuilder: using custom profile for table: prefixTable
scm_1         | 2019-10-22 06:38:49,917 INFO server.StorageContainerManager: StorageContainerLocationProtocol RPC server is listening at /0.0.0.0:9860
datanode_1    | WARNING: An illegal reflective access operation has occurred
datanode_2    | WARNING: Use --illegal-access=warn to enable warnings of further illegal reflective access operations
datanode_3    | WARNING: All illegal access operations will be denied in a future release
grafana_1     | t=2019-10-22T06:38:44+0000 lvl=info msg="Executing migration" logger=migrator id="drop index UQE_dashboard_tag_dashboard_id_term - v1"
freon_1       | 2019-10-22 06:39:15,119 [pool-2-thread-4] INFO       - Creating Bucket: vol-3-18319/bucket-3-71252, with Versioning false and Storage Type set to DISK and Encryption set to false 
om_1          | 2019-10-22 06:38:53,351 INFO db.DBStoreBuilder: Using default column profile:DBProfile.DISK for Table:prefixTable
scm_1         | 2019-10-22 06:38:49,995 INFO impl.MetricsConfig: Loaded properties from hadoop-metrics2.properties
datanode_1    | WARNING: Illegal reflective access by org.apache.ratis.thirdparty.com.google.protobuf.UnsafeUtil (file:/opt/hadoop/share/ozone/lib/ratis-thirdparty-misc-0.2.0.jar) to field java.nio.Buffer.address
datanode_2    | WARNING: All illegal access operations will be denied in a future release
datanode_3    | 2019-10-22 06:38:52,378 INFO impl.RaftServerProxy: 3ef614cd-d2ba-4704-8802-64b7bafad40a: addNew group-75E5E9462CAF:[3ef614cd-d2ba-4704-8802-64b7bafad40a:172.18.0.6:9858] returns group-75E5E9462CAF:java.util.concurrent.CompletableFuture@114afc4a[Not completed]
grafana_1     | t=2019-10-22T06:38:44+0000 lvl=info msg="Executing migration" logger=migrator id="Rename table dashboard to dashboard_v1 - v1"
freon_1       | 2019-10-22 06:39:15,119 [pool-2-thread-9] INFO       - Creating Bucket: vol-5-28694/bucket-3-67766, with Versioning false and Storage Type set to DISK and Encryption set to false 
om_1          | 2019-10-22 06:38:53,362 INFO db.DBStoreBuilder: using custom profile for table: default
scm_1         | 2019-10-22 06:38:50,037 INFO impl.MetricsSystemImpl: Scheduled Metric snapshot period at 10 second(s).
datanode_1    | WARNING: Please consider reporting this to the maintainers of org.apache.ratis.thirdparty.com.google.protobuf.UnsafeUtil
datanode_2    | 2019-10-22 06:38:53,325 INFO impl.RaftServerProxy: e58417c9-9e57-403d-8012-838ba5130145: addNew group-015C4C53C9F0:[e58417c9-9e57-403d-8012-838ba5130145:172.18.0.7:9858] returns group-015C4C53C9F0:java.util.concurrent.CompletableFuture@4037192e[Not completed]
datanode_3    | 2019-10-22 06:38:52,394 INFO impl.RaftServerImpl: 3ef614cd-d2ba-4704-8802-64b7bafad40a: new RaftServerImpl for group-75E5E9462CAF:[3ef614cd-d2ba-4704-8802-64b7bafad40a:172.18.0.6:9858] with ContainerStateMachine:uninitialized
grafana_1     | t=2019-10-22T06:38:44+0000 lvl=info msg="Executing migration" logger=migrator id="create dashboard v2"
freon_1       | 2019-10-22 06:39:15,119 [pool-2-thread-8] INFO       - Creating Bucket: vol-4-59323/bucket-3-50561, with Versioning false and Storage Type set to DISK and Encryption set to false 
om_1          | 2019-10-22 06:38:53,362 INFO db.DBStoreBuilder: Using default column profile:DBProfile.DISK for Table:default
scm_1         | 2019-10-22 06:38:50,037 INFO impl.MetricsSystemImpl: StorageContainerManager metrics system started
datanode_1    | WARNING: Use --illegal-access=warn to enable warnings of further illegal reflective access operations
datanode_2    | 2019-10-22 06:38:53,339 INFO impl.RaftServerImpl: e58417c9-9e57-403d-8012-838ba5130145: new RaftServerImpl for group-015C4C53C9F0:[e58417c9-9e57-403d-8012-838ba5130145:172.18.0.7:9858] with ContainerStateMachine:uninitialized
datanode_3    | 2019-10-22 06:38:52,395 INFO server.RaftServerConfigKeys: raft.server.rpc.timeout.min = 5s (custom)
grafana_1     | t=2019-10-22T06:38:44+0000 lvl=info msg="Executing migration" logger=migrator id="create index IDX_dashboard_org_id - v2"
freon_1       | 2019-10-22 06:39:15,122 [pool-2-thread-5] INFO       - Creating Bucket: vol-7-00886/bucket-3-49868, with Versioning false and Storage Type set to DISK and Encryption set to false 
om_1          | 2019-10-22 06:38:53,363 INFO db.DBStoreBuilder: Using default options. DBProfile.DISK
scm_1         | 2019-10-22 06:38:50,299 INFO server.SCMClientProtocolServer: RPC server for Client  is listening at /0.0.0.0:9860
datanode_1    | WARNING: All illegal access operations will be denied in a future release
datanode_3    | 2019-10-22 06:38:52,396 INFO server.RaftServerConfigKeys: raft.server.rpc.timeout.max = 5200ms (custom)
grafana_1     | t=2019-10-22T06:38:44+0000 lvl=info msg="Executing migration" logger=migrator id="create index UQE_dashboard_org_id_slug - v2"
freon_1       | 2019-10-22 06:39:15,122 [pool-2-thread-3] INFO       - Creating Bucket: vol-9-72072/bucket-3-14605, with Versioning false and Storage Type set to DISK and Encryption set to false 
om_1          | 2019-10-22 06:38:54,221 INFO ipc.CallQueueManager: Using callQueue: class java.util.concurrent.LinkedBlockingQueue, queueCapacity: 2000, scheduler: class org.apache.hadoop.ipc.DefaultRpcScheduler, ipcBackoff: false.
scm_1         | 2019-10-22 06:38:50,300 INFO ipc.Server: IPC Server Responder: starting
datanode_2    | 2019-10-22 06:38:53,340 INFO server.RaftServerConfigKeys: raft.server.rpc.timeout.min = 5s (custom)
datanode_1    | 2019-10-22 06:38:52,903 INFO impl.RaftServerProxy: cdaaaba5-a993-449f-8d11-301121ea3668: addNew group-771D61872CCB:[cdaaaba5-a993-449f-8d11-301121ea3668:172.18.0.5:9858] returns group-771D61872CCB:java.util.concurrent.CompletableFuture@7a7a46de[Not completed]
datanode_3    | 2019-10-22 06:38:52,396 INFO server.RaftServerConfigKeys: raft.server.rpcslowness.timeout = 120s (custom)
grafana_1     | t=2019-10-22T06:38:44+0000 lvl=info msg="Executing migration" logger=migrator id="copy dashboard v1 to v2"
freon_1       | 2019-10-22 06:39:15,122 [pool-2-thread-6] INFO       - Creating Bucket: vol-8-96421/bucket-3-85211, with Versioning false and Storage Type set to DISK and Encryption set to false 
scm_1         | 2019-10-22 06:38:50,301 INFO ipc.Server: IPC Server listener on 9860: starting
om_1          | 2019-10-22 06:38:54,231 INFO ipc.Server: Starting Socket Reader #1 for port 9862
datanode_2    | 2019-10-22 06:38:53,340 INFO server.RaftServerConfigKeys: raft.server.rpc.timeout.max = 5200ms (custom)
datanode_1    | 2019-10-22 06:38:52,917 INFO impl.RaftServerImpl: cdaaaba5-a993-449f-8d11-301121ea3668: new RaftServerImpl for group-771D61872CCB:[cdaaaba5-a993-449f-8d11-301121ea3668:172.18.0.5:9858] with ContainerStateMachine:uninitialized
datanode_3    | 2019-10-22 06:38:52,396 INFO server.RaftServerConfigKeys: raft.server.sleep.deviation.threshold = 300 (default)
grafana_1     | t=2019-10-22T06:38:44+0000 lvl=info msg="Executing migration" logger=migrator id="drop table dashboard_v1"
freon_1       | 2019-10-22 06:39:15,122 [pool-2-thread-7] INFO       - Creating Bucket: vol-6-37510/bucket-3-95937, with Versioning false and Storage Type set to DISK and Encryption set to false 
scm_1         | 2019-10-22 06:38:50,305 INFO server.StorageContainerManager: ScmBlockLocationProtocol RPC server is listening at /0.0.0.0:9863
om_1          | 2019-10-22 06:38:54,269 [main] INFO       - OzoneManager RPC server is listening at om/172.18.0.8:9862
datanode_2    | 2019-10-22 06:38:53,341 INFO server.RaftServerConfigKeys: raft.server.rpcslowness.timeout = 120s (custom)
datanode_1    | 2019-10-22 06:38:52,919 INFO server.RaftServerConfigKeys: raft.server.rpc.timeout.min = 5s (custom)
datanode_3    | 2019-10-22 06:38:52,397 INFO server.RaftServerConfigKeys: raft.server.log.appender.install.snapshot.enabled = false (custom)
grafana_1     | t=2019-10-22T06:38:44+0000 lvl=info msg="Executing migration" logger=migrator id="alter dashboard.data to mediumtext v1"
freon_1       | 2019-10-22 06:39:15,124 [pool-2-thread-1] INFO       - Creating Bucket: vol-0-09302/bucket-4-58820, with Versioning false and Storage Type set to DISK and Encryption set to false 
scm_1         | 2019-10-22 06:38:50,306 INFO server.SCMBlockProtocolServer: RPC server for Block Protocol is listening at /0.0.0.0:9863
om_1          | 2019-10-22 06:38:54,338 INFO impl.MetricsConfig: Loaded properties from hadoop-metrics2.properties
datanode_2    | 2019-10-22 06:38:53,341 INFO server.RaftServerConfigKeys: raft.server.sleep.deviation.threshold = 300 (default)
datanode_1    | 2019-10-22 06:38:52,919 INFO server.RaftServerConfigKeys: raft.server.rpc.timeout.max = 5200ms (custom)
datanode_3    | 2019-10-22 06:38:52,454 INFO impl.RaftServerImpl: 3ef614cd-d2ba-4704-8802-64b7bafad40a@group-75E5E9462CAF: ConfigurationManager, init=-1: [3ef614cd-d2ba-4704-8802-64b7bafad40a:172.18.0.6:9858], old=null, confs=<EMPTY_MAP>
freon_1       | 2019-10-22 06:39:15,127 [pool-2-thread-10] INFO       - Creating Bucket: vol-1-29616/bucket-4-54548, with Versioning false and Storage Type set to DISK and Encryption set to false 
grafana_1     | t=2019-10-22T06:38:44+0000 lvl=info msg="Executing migration" logger=migrator id="Add column updated_by in dashboard - v2"
scm_1         | 2019-10-22 06:38:50,307 INFO ipc.Server: IPC Server Responder: starting
om_1          | 2019-10-22 06:38:54,384 INFO impl.MetricsSystemImpl: Scheduled Metric snapshot period at 10 second(s).
datanode_2    | 2019-10-22 06:38:53,342 INFO server.RaftServerConfigKeys: raft.server.log.appender.install.snapshot.enabled = false (custom)
datanode_1    | 2019-10-22 06:38:52,919 INFO server.RaftServerConfigKeys: raft.server.rpcslowness.timeout = 120s (custom)
datanode_3    | 2019-10-22 06:38:52,455 INFO server.RaftServerConfigKeys: raft.server.storage.dir = [/data/metadata/ratis] (custom)
freon_1       | 2019-10-22 06:39:15,131 [pool-2-thread-2] INFO       - Creating Bucket: vol-2-32275/bucket-4-57896, with Versioning false and Storage Type set to DISK and Encryption set to false 
grafana_1     | t=2019-10-22T06:38:44+0000 lvl=info msg="Executing migration" logger=migrator id="Add column created_by in dashboard - v2"
scm_1         | 2019-10-22 06:38:50,307 INFO ipc.Server: IPC Server listener on 9863: starting
om_1          | 2019-10-22 06:38:54,384 INFO impl.MetricsSystemImpl: OzoneManager metrics system started
datanode_2    | 2019-10-22 06:38:53,355 INFO impl.RaftServerImpl: e58417c9-9e57-403d-8012-838ba5130145@group-015C4C53C9F0: ConfigurationManager, init=-1: [e58417c9-9e57-403d-8012-838ba5130145:172.18.0.7:9858], old=null, confs=<EMPTY_MAP>
datanode_1    | 2019-10-22 06:38:52,920 INFO server.RaftServerConfigKeys: raft.server.sleep.deviation.threshold = 300 (default)
datanode_3    | 2019-10-22 06:38:52,459 INFO server.RaftServerConfigKeys: raft.server.log.corruption.policy = EXCEPTION (default)
freon_1       | 2019-10-22 06:39:15,132 [pool-2-thread-4] INFO       - Creating Bucket: vol-3-18319/bucket-4-09101, with Versioning false and Storage Type set to DISK and Encryption set to false 
grafana_1     | t=2019-10-22T06:38:44+0000 lvl=info msg="Executing migration" logger=migrator id="Add column gnetId in dashboard"
scm_1         | 2019-10-22 06:38:50,311 INFO server.StorageContainerManager: ScmDatanodeProtocl RPC server is listening at /0.0.0.0:9861
om_1          | 2019-10-22 06:38:54,425 INFO ipc.Server: IPC Server Responder: starting
datanode_2    | 2019-10-22 06:38:53,355 INFO server.RaftServerConfigKeys: raft.server.storage.dir = [/data/metadata/ratis] (custom)
datanode_3    | 2019-10-22 06:38:52,461 INFO storage.RaftStorageDirectory: The storage directory /data/metadata/ratis/cecd0c55-9428-4b7e-9fe7-75e5e9462caf does not exist. Creating ...
datanode_1    | 2019-10-22 06:38:52,920 INFO server.RaftServerConfigKeys: raft.server.log.appender.install.snapshot.enabled = false (custom)
freon_1       | 2019-10-22 06:39:15,133 [pool-2-thread-8] INFO       - Creating Bucket: vol-4-59323/bucket-4-89039, with Versioning false and Storage Type set to DISK and Encryption set to false 
grafana_1     | t=2019-10-22T06:38:44+0000 lvl=info msg="Executing migration" logger=migrator id="Add index for gnetId in dashboard"
scm_1         | 2019-10-22 06:38:50,311 INFO server.SCMDatanodeProtocolServer: RPC server for DataNodes is listening at /0.0.0.0:9861
om_1          | 2019-10-22 06:38:54,426 INFO ipc.Server: IPC Server listener on 9862: starting
datanode_2    | 2019-10-22 06:38:53,360 INFO server.RaftServerConfigKeys: raft.server.log.corruption.policy = EXCEPTION (default)
datanode_3    | 2019-10-22 06:38:52,480 INFO storage.RaftStorageDirectory: Lock on /data/metadata/ratis/cecd0c55-9428-4b7e-9fe7-75e5e9462caf/in_use.lock acquired by nodename 7@5b897ea485e7
datanode_1    | 2019-10-22 06:38:52,926 INFO impl.RaftServerImpl: cdaaaba5-a993-449f-8d11-301121ea3668@group-771D61872CCB: ConfigurationManager, init=-1: [cdaaaba5-a993-449f-8d11-301121ea3668:172.18.0.5:9858], old=null, confs=<EMPTY_MAP>
freon_1       | 2019-10-22 06:39:15,135 [pool-2-thread-9] INFO       - Creating Bucket: vol-5-28694/bucket-4-24183, with Versioning false and Storage Type set to DISK and Encryption set to false 
grafana_1     | t=2019-10-22T06:38:44+0000 lvl=info msg="Executing migration" logger=migrator id="Add column plugin_id in dashboard"
scm_1         | 2019-10-22 06:38:50,312 INFO ipc.Server: IPC Server Responder: starting
om_1          | 2019-10-22 06:38:54,457 INFO hdfs.DFSUtil: Starting Web-server for ozoneManager at: http://0.0.0.0:9874
datanode_1    | 2019-10-22 06:38:52,926 INFO server.RaftServerConfigKeys: raft.server.storage.dir = [/data/metadata/ratis] (custom)
datanode_3    | 2019-10-22 06:38:52,506 INFO storage.RaftStorage: Storage directory /data/metadata/ratis/cecd0c55-9428-4b7e-9fe7-75e5e9462caf has been successfully formatted.
datanode_2    | 2019-10-22 06:38:53,362 INFO storage.RaftStorageDirectory: The storage directory /data/metadata/ratis/e29572b6-d4ab-4024-819a-015c4c53c9f0 does not exist. Creating ...
freon_1       | 2019-10-22 06:39:15,139 [pool-2-thread-10] INFO       - Creating Bucket: vol-6-37510/bucket-4-66165, with Versioning false and Storage Type set to DISK and Encryption set to false 
grafana_1     | t=2019-10-22T06:38:44+0000 lvl=info msg="Executing migration" logger=migrator id="Add index for plugin_id in dashboard"
scm_1         | 2019-10-22 06:38:50,312 INFO ipc.Server: IPC Server listener on 9861: starting
om_1          | 2019-10-22 06:38:54,570 INFO server.AuthenticationFilter: Unable to initialize FileSignerSecretProvider, falling back to use random secrets.
datanode_1    | 2019-10-22 06:38:52,930 INFO server.RaftServerConfigKeys: raft.server.log.corruption.policy = EXCEPTION (default)
freon_1       | 2019-10-22 06:39:15,140 [pool-2-thread-5] INFO       - Creating Bucket: vol-8-96421/bucket-4-39598, with Versioning false and Storage Type set to DISK and Encryption set to false 
datanode_3    | 2019-10-22 06:38:52,509 [pool-8-thread-1] INFO       - group-75E5E9462CAF: The snapshot info is null. Setting the last applied indexto:(t:0, i:~)
datanode_2    | 2019-10-22 06:38:53,391 INFO storage.RaftStorageDirectory: Lock on /data/metadata/ratis/e29572b6-d4ab-4024-819a-015c4c53c9f0/in_use.lock acquired by nodename 7@e08a448d45ac
grafana_1     | t=2019-10-22T06:38:44+0000 lvl=info msg="Executing migration" logger=migrator id="Add index for dashboard_id in dashboard_tag"
scm_1         | 2019-10-22 06:38:50,320 INFO http.HttpServer2: Jetty bound to port 9876
om_1          | 2019-10-22 06:38:54,574 INFO http.HttpRequestLog: Http request log for http.requests.ozoneManager is not defined
datanode_1    | 2019-10-22 06:38:52,931 INFO storage.RaftStorageDirectory: The storage directory /data/metadata/ratis/cf6886ee-9277-4bf1-820e-771d61872ccb does not exist. Creating ...
freon_1       | 2019-10-22 06:39:15,139 [pool-2-thread-6] INFO       - Creating Bucket: vol-7-00886/bucket-4-83225, with Versioning false and Storage Type set to DISK and Encryption set to false 
datanode_2    | 2019-10-22 06:38:53,406 INFO storage.RaftStorage: Storage directory /data/metadata/ratis/e29572b6-d4ab-4024-819a-015c4c53c9f0 has been successfully formatted.
grafana_1     | t=2019-10-22T06:38:44+0000 lvl=info msg="Executing migration" logger=migrator id="Update dashboard table charset"
scm_1         | 2019-10-22 06:38:50,322 INFO server.Server: jetty-9.3.25.v20180904, build timestamp: 2018-09-04T21:11:46Z, git hash: 3ce520221d0240229c862b122d2b06c12a625732
datanode_3    | 2019-10-22 06:38:52,509 INFO server.RaftServerConfigKeys: raft.server.notification.no-leader.timeout = 120s (custom)
om_1          | 2019-10-22 06:38:54,583 INFO http.HttpServer2: Added global filter 'safety' (class=org.apache.hadoop.http.HttpServer2$QuotingInputFilter)
freon_1       | 2019-10-22 06:39:15,141 [pool-2-thread-7] INFO       - Creating Bucket: vol-9-72072/bucket-4-86338, with Versioning false and Storage Type set to DISK and Encryption set to false 
datanode_2    | 2019-10-22 06:38:53,410 [pool-8-thread-1] INFO       - group-015C4C53C9F0: The snapshot info is null. Setting the last applied indexto:(t:0, i:~)
grafana_1     | t=2019-10-22T06:38:44+0000 lvl=info msg="Executing migration" logger=migrator id="Update dashboard_tag table charset"
scm_1         | 2019-10-22 06:38:50,375 INFO handler.ContextHandler: Started o.e.j.s.ServletContextHandler@4a0df195{/logs,file:///var/log/hadoop/,AVAILABLE}
datanode_3    | 2019-10-22 06:38:52,511 INFO server.RaftServerConfigKeys: raft.server.log.use.memory = false (default)
om_1          | 2019-10-22 06:38:54,586 INFO http.HttpServer2: Added filter static_user_filter (class=org.apache.hadoop.http.lib.StaticUserWebFilter$StaticUserFilter) to context ozoneManager
freon_1       | 2019-10-22 06:39:15,143 [pool-2-thread-3] INFO       - Creating Bucket: vol-0-09302/bucket-5-28695, with Versioning false and Storage Type set to DISK and Encryption set to false 
datanode_1    | 2019-10-22 06:38:52,959 INFO storage.RaftStorageDirectory: Lock on /data/metadata/ratis/cf6886ee-9277-4bf1-820e-771d61872ccb/in_use.lock acquired by nodename 7@35ad670ddc12
datanode_2    | 2019-10-22 06:38:53,410 INFO server.RaftServerConfigKeys: raft.server.notification.no-leader.timeout = 120s (custom)
grafana_1     | t=2019-10-22T06:38:44+0000 lvl=info msg="Executing migration" logger=migrator id="Add column folder_id in dashboard"
scm_1         | 2019-10-22 06:38:50,376 INFO handler.ContextHandler: Started o.e.j.s.ServletContextHandler@1cb19dba{/static,jar:file:/opt/hadoop/share/ozone/lib/hadoop-hdds-server-scm-0.5.0-SNAPSHOT.jar!/webapps/static,AVAILABLE}
om_1          | 2019-10-22 06:38:54,586 INFO http.HttpServer2: Added filter static_user_filter (class=org.apache.hadoop.http.lib.StaticUserWebFilter$StaticUserFilter) to context static
freon_1       | 2019-10-22 06:39:15,144 [pool-2-thread-4] INFO       - Creating Bucket: vol-1-29616/bucket-5-21392, with Versioning false and Storage Type set to DISK and Encryption set to false 
datanode_1    | 2019-10-22 06:38:52,975 INFO storage.RaftStorage: Storage directory /data/metadata/ratis/cf6886ee-9277-4bf1-820e-771d61872ccb has been successfully formatted.
datanode_3    | 2019-10-22 06:38:52,515 INFO server.RaftServerConfigKeys: raft.server.log.purge.gap = 1000000 (custom)
datanode_2    | 2019-10-22 06:38:53,412 INFO server.RaftServerConfigKeys: raft.server.log.use.memory = false (default)
grafana_1     | t=2019-10-22T06:38:44+0000 lvl=info msg="Executing migration" logger=migrator id="Add column isFolder in dashboard"
scm_1         | 2019-10-22 06:38:50,489 INFO handler.ContextHandler: Started o.e.j.w.WebAppContext@4674d90{/,file:///tmp/jetty-0.0.0.0-9876-scm-_-any-14647892901559356246.dir/webapp/,AVAILABLE}{/scm}
om_1          | 2019-10-22 06:38:54,587 INFO http.HttpServer2: Added filter static_user_filter (class=org.apache.hadoop.http.lib.StaticUserWebFilter$StaticUserFilter) to context logs
freon_1       | 2019-10-22 06:39:15,145 [pool-2-thread-2] INFO       - Creating Bucket: vol-2-32275/bucket-5-29945, with Versioning false and Storage Type set to DISK and Encryption set to false 
datanode_1    | 2019-10-22 06:38:52,978 [pool-8-thread-1] INFO       - group-771D61872CCB: The snapshot info is null. Setting the last applied indexto:(t:0, i:~)
datanode_3    | 2019-10-22 06:38:52,515 INFO server.RaftServerConfigKeys: raft.server.log.appender.buffer.byte-limit = 33554432 (custom)
datanode_2    | 2019-10-22 06:38:53,416 INFO server.RaftServerConfigKeys: raft.server.log.purge.gap = 1000000 (custom)
grafana_1     | t=2019-10-22T06:38:44+0000 lvl=info msg="Executing migration" logger=migrator id="Add column has_acl in dashboard"
scm_1         | 2019-10-22 06:38:50,497 INFO server.AbstractConnector: Started ServerConnector@5633ed82{HTTP/1.1,[http/1.1]}{0.0.0.0:9876}
om_1          | 2019-10-22 06:38:54,610 WARN server.BaseHttpServer: /prof java profiling servlet is activated. Not safe for production!
freon_1       | 2019-10-22 06:39:15,148 [pool-2-thread-1] INFO       - Creating Bucket: vol-3-18319/bucket-5-40627, with Versioning false and Storage Type set to DISK and Encryption set to false 
datanode_1    | 2019-10-22 06:38:52,979 INFO server.RaftServerConfigKeys: raft.server.notification.no-leader.timeout = 120s (custom)
datanode_3    | 2019-10-22 06:38:52,517 INFO server.RaftServerConfigKeys: raft.server.log.segment.size.max = 1048576 (custom)
datanode_2    | 2019-10-22 06:38:53,416 INFO server.RaftServerConfigKeys: raft.server.log.appender.buffer.byte-limit = 33554432 (custom)
grafana_1     | t=2019-10-22T06:38:45+0000 lvl=info msg="Executing migration" logger=migrator id="Add column uid in dashboard"
scm_1         | 2019-10-22 06:38:50,497 INFO server.Server: Started @3305ms
om_1          | 2019-10-22 06:38:54,612 INFO http.HttpServer2: Jetty bound to port 9874
freon_1       | 2019-10-22 06:39:15,148 [pool-2-thread-8] INFO       - Creating Bucket: vol-4-59323/bucket-5-18687, with Versioning false and Storage Type set to DISK and Encryption set to false 
datanode_1    | 2019-10-22 06:38:52,981 INFO server.RaftServerConfigKeys: raft.server.log.use.memory = false (default)
datanode_3    | 2019-10-22 06:38:52,522 INFO metrics.MetricRegistries: Loaded MetricRegistries class org.apache.ratis.metrics.impl.MetricRegistriesImpl
datanode_2    | 2019-10-22 06:38:53,418 INFO server.RaftServerConfigKeys: raft.server.log.segment.size.max = 1048576 (custom)
grafana_1     | t=2019-10-22T06:38:45+0000 lvl=info msg="Executing migration" logger=migrator id="Update uid column values in dashboard"
scm_1         | 2019-10-22 06:38:50,501 INFO impl.MetricsSinkAdapter: Sink prometheus started
om_1          | 2019-10-22 06:38:54,613 INFO server.Server: jetty-9.3.25.v20180904, build timestamp: 2018-09-04T21:11:46Z, git hash: 3ce520221d0240229c862b122d2b06c12a625732
freon_1       | 2019-10-22 06:39:15,152 [pool-2-thread-6] INFO       - Creating Bucket: vol-5-28694/bucket-5-40095, with Versioning false and Storage Type set to DISK and Encryption set to false 
datanode_1    | 2019-10-22 06:38:52,985 INFO server.RaftServerConfigKeys: raft.server.log.purge.gap = 1000000 (custom)
datanode_3    | 2019-10-22 06:38:52,525 WARN impl.MetricRegistriesImpl: First MetricRegistry has been created without registering reporters. You may need to call MetricRegistries.global().addReportRegistration(...) before.
grafana_1     | t=2019-10-22T06:38:45+0000 lvl=info msg="Executing migration" logger=migrator id="Add unique index dashboard_org_id_uid"
datanode_2    | 2019-10-22 06:38:53,423 INFO metrics.MetricRegistries: Loaded MetricRegistries class org.apache.ratis.metrics.impl.MetricRegistriesImpl
scm_1         | 2019-10-22 06:38:50,501 INFO impl.MetricsSystemImpl: Registered sink prometheus
om_1          | 2019-10-22 06:38:54,652 INFO handler.ContextHandler: Started o.e.j.s.ServletContextHandler@707b1a44{/logs,file:///var/log/hadoop/,AVAILABLE}
freon_1       | 2019-10-22 06:39:15,158 [pool-2-thread-5] INFO       - Creating Bucket: vol-6-37510/bucket-5-17136, with Versioning false and Storage Type set to DISK and Encryption set to false 
datanode_1    | 2019-10-22 06:38:52,985 INFO server.RaftServerConfigKeys: raft.server.log.appender.buffer.byte-limit = 33554432 (custom)
datanode_3    | 2019-10-22 06:38:52,529 INFO server.RaftServerConfigKeys: raft.server.log.segment.cache.num.max = 2 (custom)
grafana_1     | t=2019-10-22T06:38:45+0000 lvl=info msg="Executing migration" logger=migrator id="Remove unique index org_id_slug"
datanode_2    | 2019-10-22 06:38:53,425 WARN impl.MetricRegistriesImpl: First MetricRegistry has been created without registering reporters. You may need to call MetricRegistries.global().addReportRegistration(...) before.
scm_1         | 2019-10-22 06:38:50,504 INFO server.BaseHttpServer: HTTP server of SCM is listening at http://0.0.0.0:9876
om_1          | 2019-10-22 06:38:54,653 INFO handler.ContextHandler: Started o.e.j.s.ServletContextHandler@329bad59{/static,jar:file:/opt/hadoop/share/ozone/lib/hadoop-ozone-ozone-manager-0.5.0-SNAPSHOT.jar!/webapps/static,AVAILABLE}
freon_1       | 2019-10-22 06:39:15,158 [pool-2-thread-7] INFO       - Creating Bucket: vol-7-00886/bucket-5-18403, with Versioning false and Storage Type set to DISK and Encryption set to false 
datanode_1    | 2019-10-22 06:38:52,987 INFO server.RaftServerConfigKeys: raft.server.log.segment.size.max = 1048576 (custom)
datanode_3    | 2019-10-22 06:38:52,533 INFO segmented.SegmentedRaftLogWorker: new 3ef614cd-d2ba-4704-8802-64b7bafad40a@group-75E5E9462CAF-SegmentedRaftLogWorker for RaftStorage:Storage Directory /data/metadata/ratis/cecd0c55-9428-4b7e-9fe7-75e5e9462caf
grafana_1     | t=2019-10-22T06:38:45+0000 lvl=info msg="Executing migration" logger=migrator id="Update dashboard title length"
datanode_2    | 2019-10-22 06:38:53,429 INFO server.RaftServerConfigKeys: raft.server.log.segment.cache.num.max = 2 (custom)
scm_1         | 2019-10-22 06:38:50,519 INFO util.JvmPauseMonitor: Starting JVM pause monitor
om_1          | 2019-10-22 06:38:54,749 INFO handler.ContextHandler: Started o.e.j.w.WebAppContext@6de6faa6{/,file:///tmp/jetty-0.0.0.0-9874-ozoneManager-_-any-18119765322064312833.dir/webapp/,AVAILABLE}{/ozoneManager}
freon_1       | 2019-10-22 06:39:15,159 [pool-2-thread-9] INFO       - Creating Bucket: vol-8-96421/bucket-5-01243, with Versioning false and Storage Type set to DISK and Encryption set to false 
datanode_1    | 2019-10-22 06:38:52,992 INFO metrics.MetricRegistries: Loaded MetricRegistries class org.apache.ratis.metrics.impl.MetricRegistriesImpl
datanode_3    | 2019-10-22 06:38:52,533 INFO server.RaftServerConfigKeys: raft.server.log.queue.byte-limit = 2147483647 (custom)
grafana_1     | t=2019-10-22T06:38:45+0000 lvl=info msg="Executing migration" logger=migrator id="Add unique index for dashboard_org_id_title_folder_id"
datanode_2    | 2019-10-22 06:38:53,433 INFO segmented.SegmentedRaftLogWorker: new e58417c9-9e57-403d-8012-838ba5130145@group-015C4C53C9F0-SegmentedRaftLogWorker for RaftStorage:Storage Directory /data/metadata/ratis/e29572b6-d4ab-4024-819a-015c4c53c9f0
scm_1         | 2019-10-22 06:38:51,465 INFO net.NetworkTopology: Added a new node: /default-rack/3ef614cd-d2ba-4704-8802-64b7bafad40a
om_1          | 2019-10-22 06:38:54,757 INFO server.AbstractConnector: Started ServerConnector@410ae5ac{HTTP/1.1,[http/1.1]}{0.0.0.0:9874}
datanode_1    | 2019-10-22 06:38:52,995 WARN impl.MetricRegistriesImpl: First MetricRegistry has been created without registering reporters. You may need to call MetricRegistries.global().addReportRegistration(...) before.
datanode_3    | 2019-10-22 06:38:52,534 INFO server.RaftServerConfigKeys: raft.server.log.queue.element-limit = 1024 (custom)
grafana_1     | t=2019-10-22T06:38:45+0000 lvl=info msg="Executing migration" logger=migrator id="create dashboard_provisioning"
datanode_2    | 2019-10-22 06:38:53,433 INFO server.RaftServerConfigKeys: raft.server.log.queue.byte-limit = 2147483647 (custom)
freon_1       | 2019-10-22 06:39:15,160 [pool-2-thread-4] INFO       - Creating Bucket: vol-9-72072/bucket-5-35312, with Versioning false and Storage Type set to DISK and Encryption set to false 
scm_1         | 2019-10-22 06:38:51,465 INFO node.SCMNodeManager: Registered Data node : 3ef614cd-d2ba-4704-8802-64b7bafad40a{ip: 172.18.0.6, host: ozoneperf_datanode_3.ozoneperf_default, networkLocation: /default-rack, certSerialId: null}
om_1          | 2019-10-22 06:38:54,757 INFO server.Server: Started @3922ms
datanode_1    | 2019-10-22 06:38:52,999 INFO server.RaftServerConfigKeys: raft.server.log.segment.cache.num.max = 2 (custom)
datanode_3    | 2019-10-22 06:38:52,535 INFO server.RaftServerConfigKeys: raft.server.log.segment.size.max = 1048576 (custom)
grafana_1     | t=2019-10-22T06:38:45+0000 lvl=info msg="Executing migration" logger=migrator id="Rename table dashboard_provisioning to dashboard_provisioning_tmp_qwerty - v1"
datanode_2    | 2019-10-22 06:38:53,434 INFO server.RaftServerConfigKeys: raft.server.log.queue.element-limit = 1024 (custom)
freon_1       | 2019-10-22 06:39:15,160 [pool-2-thread-10] INFO       - Creating Bucket: vol-0-09302/bucket-6-45591, with Versioning false and Storage Type set to DISK and Encryption set to false 
scm_1         | 2019-10-22 06:38:51,469 INFO safemode.SCMSafeModeManager: SCM in safe mode. 1 DataNodes registered, 1 required.
om_1          | 2019-10-22 06:38:54,761 INFO impl.MetricsSinkAdapter: Sink prometheus started
datanode_1    | 2019-10-22 06:38:53,003 INFO segmented.SegmentedRaftLogWorker: new cdaaaba5-a993-449f-8d11-301121ea3668@group-771D61872CCB-SegmentedRaftLogWorker for RaftStorage:Storage Directory /data/metadata/ratis/cf6886ee-9277-4bf1-820e-771d61872ccb
datanode_3    | 2019-10-22 06:38:52,535 INFO server.RaftServerConfigKeys: raft.server.log.preallocated.size = 16384 (custom)
grafana_1     | t=2019-10-22T06:38:45+0000 lvl=info msg="Executing migration" logger=migrator id="create dashboard_provisioning v2"
datanode_2    | 2019-10-22 06:38:53,434 INFO server.RaftServerConfigKeys: raft.server.log.segment.size.max = 1048576 (custom)
freon_1       | 2019-10-22 06:39:15,166 [pool-2-thread-3] INFO       - Creating Bucket: vol-1-29616/bucket-6-60179, with Versioning false and Storage Type set to DISK and Encryption set to false 
scm_1         | 2019-10-22 06:38:51,469 INFO safemode.SCMSafeModeManager: ScmSafeModeManager, all rules are successfully validated
om_1          | 2019-10-22 06:38:54,761 INFO impl.MetricsSystemImpl: Registered sink prometheus
datanode_1    | 2019-10-22 06:38:53,003 INFO server.RaftServerConfigKeys: raft.server.log.queue.byte-limit = 2147483647 (custom)
datanode_3    | 2019-10-22 06:38:52,535 INFO server.RaftServerConfigKeys: raft.server.log.write.buffer.size = 33554432 (custom)
grafana_1     | t=2019-10-22T06:38:45+0000 lvl=info msg="Executing migration" logger=migrator id="create index IDX_dashboard_provisioning_dashboard_id - v2"
datanode_2    | 2019-10-22 06:38:53,435 INFO server.RaftServerConfigKeys: raft.server.log.preallocated.size = 16384 (custom)
freon_1       | 2019-10-22 06:39:15,168 [pool-2-thread-8] INFO       - Creating Bucket: vol-3-18319/bucket-6-52124, with Versioning false and Storage Type set to DISK and Encryption set to false 
scm_1         | 2019-10-22 06:38:51,469 INFO safemode.SCMSafeModeManager: SCM exiting safe mode.
om_1          | 2019-10-22 06:38:54,763 INFO server.BaseHttpServer: HTTP server of OZONEMANAGER is listening at http://0.0.0.0:9874
datanode_1    | 2019-10-22 06:38:53,004 INFO server.RaftServerConfigKeys: raft.server.log.queue.element-limit = 1024 (custom)
datanode_3    | 2019-10-22 06:38:52,536 INFO server.RaftServerConfigKeys: raft.server.log.force.sync.num = 128 (default)
grafana_1     | t=2019-10-22T06:38:45+0000 lvl=info msg="Executing migration" logger=migrator id="create index IDX_dashboard_provisioning_dashboard_id_name - v2"
datanode_2    | 2019-10-22 06:38:53,435 INFO server.RaftServerConfigKeys: raft.server.log.write.buffer.size = 33554432 (custom)
freon_1       | 2019-10-22 06:39:15,168 [pool-2-thread-1] INFO       - Creating Bucket: vol-2-32275/bucket-6-76360, with Versioning false and Storage Type set to DISK and Encryption set to false 
scm_1         | 2019-10-22 06:38:52,078 INFO net.NetworkTopology: Added a new node: /default-rack/cdaaaba5-a993-449f-8d11-301121ea3668
om_1          | 2019-10-22 06:39:09,994 [IPC Server handler 2 on 9862] INFO       - created volume:vol-0-88460 for user:hadoop
datanode_1    | 2019-10-22 06:38:53,004 INFO server.RaftServerConfigKeys: raft.server.log.segment.size.max = 1048576 (custom)
datanode_3    | 2019-10-22 06:38:52,536 INFO server.RaftServerConfigKeys: raft.server.log.statemachine.data.sync = true (default)
grafana_1     | t=2019-10-22T06:38:45+0000 lvl=info msg="Executing migration" logger=migrator id="copy dashboard_provisioning v1 to v2"
datanode_2    | 2019-10-22 06:38:53,435 INFO server.RaftServerConfigKeys: raft.server.log.force.sync.num = 128 (default)
freon_1       | 2019-10-22 06:39:15,169 [pool-2-thread-2] INFO       - Creating Bucket: vol-4-59323/bucket-6-23793, with Versioning false and Storage Type set to DISK and Encryption set to false 
om_1          | 2019-10-22 06:39:10,093 [IPC Server handler 3 on 9862] INFO       - created volume:vol-1-86291 for user:hadoop
scm_1         | 2019-10-22 06:38:52,079 INFO node.SCMNodeManager: Registered Data node : cdaaaba5-a993-449f-8d11-301121ea3668{ip: 172.18.0.5, host: ozoneperf_datanode_1.ozoneperf_default, networkLocation: /default-rack, certSerialId: null}
datanode_1    | 2019-10-22 06:38:53,005 INFO server.RaftServerConfigKeys: raft.server.log.preallocated.size = 16384 (custom)
grafana_1     | t=2019-10-22T06:38:45+0000 lvl=info msg="Executing migration" logger=migrator id="drop dashboard_provisioning_tmp_qwerty"
datanode_3    | 2019-10-22 06:38:52,536 INFO server.RaftServerConfigKeys: raft.server.log.statemachine.data.sync.timeout = 10s (default)
datanode_2    | 2019-10-22 06:38:53,436 INFO server.RaftServerConfigKeys: raft.server.log.statemachine.data.sync = true (default)
freon_1       | 2019-10-22 06:39:15,171 [pool-2-thread-9] INFO       - Creating Bucket: vol-5-28694/bucket-6-20102, with Versioning false and Storage Type set to DISK and Encryption set to false 
om_1          | 2019-10-22 06:39:10,107 [IPC Server handler 0 on 9862] INFO       - created volume:vol-2-52961 for user:hadoop
scm_1         | 2019-10-22 06:38:52,090 INFO net.NetworkTopology: Added a new node: /default-rack/e58417c9-9e57-403d-8012-838ba5130145
datanode_1    | 2019-10-22 06:38:53,005 INFO server.RaftServerConfigKeys: raft.server.log.write.buffer.size = 33554432 (custom)
grafana_1     | t=2019-10-22T06:38:45+0000 lvl=info msg="Executing migration" logger=migrator id="Add check_sum column"
datanode_3    | 2019-10-22 06:38:52,537 INFO server.RaftServerConfigKeys: raft.server.log.statemachine.data.sync.timeout.retry = -1 (default)
datanode_2    | 2019-10-22 06:38:53,436 INFO server.RaftServerConfigKeys: raft.server.log.statemachine.data.sync.timeout = 10s (default)
freon_1       | 2019-10-22 06:39:15,172 [pool-2-thread-10] INFO       - Creating Bucket: vol-6-37510/bucket-6-80810, with Versioning false and Storage Type set to DISK and Encryption set to false 
scm_1         | 2019-10-22 06:38:52,090 INFO node.SCMNodeManager: Registered Data node : e58417c9-9e57-403d-8012-838ba5130145{ip: 172.18.0.7, host: ozoneperf_datanode_2.ozoneperf_default, networkLocation: /default-rack, certSerialId: null}
datanode_1    | 2019-10-22 06:38:53,005 INFO server.RaftServerConfigKeys: raft.server.log.force.sync.num = 128 (default)
grafana_1     | t=2019-10-22T06:38:45+0000 lvl=info msg="Executing migration" logger=migrator id="create data_source table"
om_1          | 2019-10-22 06:39:10,122 [IPC Server handler 6 on 9862] INFO       - created volume:vol-3-38247 for user:hadoop
datanode_3    | 2019-10-22 06:38:52,543 INFO server.RaftServerConfigKeys: raft.server.log.statemachine.data.caching.enabled = true (custom)
datanode_2    | 2019-10-22 06:38:53,437 INFO server.RaftServerConfigKeys: raft.server.log.statemachine.data.sync.timeout.retry = -1 (default)
freon_1       | 2019-10-22 06:39:15,173 [pool-2-thread-5] INFO       - Creating Bucket: vol-7-00886/bucket-6-54690, with Versioning false and Storage Type set to DISK and Encryption set to false 
scm_1         | WARNING: An illegal reflective access operation has occurred
datanode_1    | 2019-10-22 06:38:53,006 INFO server.RaftServerConfigKeys: raft.server.log.statemachine.data.sync = true (default)
grafana_1     | t=2019-10-22T06:38:45+0000 lvl=info msg="Executing migration" logger=migrator id="add index data_source.account_id"
datanode_2    | 2019-10-22 06:38:53,443 INFO server.RaftServerConfigKeys: raft.server.log.statemachine.data.caching.enabled = true (custom)
datanode_3    | 2019-10-22 06:38:52,547 INFO segmented.SegmentedRaftLogWorker: 3ef614cd-d2ba-4704-8802-64b7bafad40a@group-75E5E9462CAF-SegmentedRaftLogWorker: flushIndex: setUnconditionally 0 -> -1
om_1          | 2019-10-22 06:39:10,132 [IPC Server handler 8 on 9862] INFO       - created volume:vol-4-67266 for user:hadoop
freon_1       | 2019-10-22 06:39:15,173 [pool-2-thread-6] INFO       - Creating Bucket: vol-8-96421/bucket-6-98162, with Versioning false and Storage Type set to DISK and Encryption set to false 
scm_1         | WARNING: Illegal reflective access by org.apache.ratis.thirdparty.com.google.protobuf.UnsafeUtil (file:/opt/hadoop/share/ozone/lib/ratis-thirdparty-misc-0.2.0.jar) to field java.nio.Buffer.address
datanode_1    | 2019-10-22 06:38:53,006 INFO server.RaftServerConfigKeys: raft.server.log.statemachine.data.sync.timeout = 10s (default)
grafana_1     | t=2019-10-22T06:38:45+0000 lvl=info msg="Executing migration" logger=migrator id="add unique index data_source.account_id_name"
datanode_2    | 2019-10-22 06:38:53,486 INFO segmented.SegmentedRaftLogWorker: e58417c9-9e57-403d-8012-838ba5130145@group-015C4C53C9F0-SegmentedRaftLogWorker: flushIndex: setUnconditionally 0 -> -1
datanode_3    | 2019-10-22 06:38:52,551 INFO server.RaftServerConfigKeys: raft.server.snapshot.auto.trigger.enabled = true (custom)
om_1          | 2019-10-22 06:39:15,018 [IPC Server handler 7 on 9862] INFO       - created volume:vol-3-18319 for user:hadoop
freon_1       | 2019-10-22 06:39:15,174 [pool-2-thread-4] INFO       - Creating Bucket: vol-9-72072/bucket-6-11661, with Versioning false and Storage Type set to DISK and Encryption set to false 
scm_1         | WARNING: Please consider reporting this to the maintainers of org.apache.ratis.thirdparty.com.google.protobuf.UnsafeUtil
