datanode_2  | 2019-10-22 06:47:37,515 INFO server.RaftServerConfigKeys: raft.server.log.preallocated.size = 16384 (custom)
om_1        | 2019-10-22 06:47:36,008 INFO impl.MetricsSystemImpl: OzoneManager metrics system started
kms_1       | 	at org.eclipse.jetty.security.SecurityHandler.handle(SecurityHandler.java:548)
datanode_1  | 2019-10-22 06:47:37,023 INFO segmented.SegmentedRaftLogWorker: c95c50f2-3f71-4a74-bd94-d75107314c5a@group-66D5A8470F0A-SegmentedRaftLogWorker: flushIndex: setUnconditionally 0 -> -1
rm_1        | defaultLifetime = -1 seconds
jhs         | 2019-10-22 06:47:27 INFO  AbstractConnector:278 - Started ServerConnector@27fde870{HTTP/1.1,[http/1.1]}{jhs:8188}
nm_1        | 2019-10-22 06:47:26 INFO  HttpServer2:948 - Added filter static_user_filter (class=org.apache.hadoop.http.lib.StaticUserWebFilter$StaticUserFilter) to context node
scm_1       | 2019-10-22 06:47:30,603 INFO server.SCMClientProtocolServer: Processing CSR for dn 6b7ff5c794ea, UUID: 412f94cb-0487-4c01-ad87-dca240ec6bec
kdc_1       | WARNING: no policy specified for om/6b7ff5c794ea@EXAMPLE.COM; defaulting to no policy
datanode_3  | 2019-10-22 06:47:38,001 INFO server.RaftServerConfigKeys: raft.server.log.statemachine.data.caching.enabled = true (custom)
datanode_2  | 2019-10-22 06:47:37,516 INFO server.RaftServerConfigKeys: raft.server.log.write.buffer.size = 33554432 (custom)
om_1        | 2019-10-22 06:47:36,039 [main] INFO       - Reading keypair and certificate from file system.
kms_1       | 	at org.eclipse.jetty.server.session.SessionHandler.doHandle(SessionHandler.java:226)
datanode_1  | 2019-10-22 06:47:37,027 INFO server.RaftServerConfigKeys: raft.server.snapshot.auto.trigger.enabled = true (custom)
jhs         | 2019-10-22 06:47:27 INFO  Server:419 - Started @4711ms
nm_1        | 2019-10-22 06:47:26 INFO  HttpServer2:958 - Added filter static_user_filter (class=org.apache.hadoop.http.lib.StaticUserWebFilter$StaticUserFilter) to context static
scm_1       | 2019-10-22 06:47:30,603 INFO server.SCMClientProtocolServer: Processing CSR for dn 0f3740cec97d, UUID: c95c50f2-3f71-4a74-bd94-d75107314c5a
rm_1        | 2019-10-22 06:47:25 INFO  CapacitySchedulerQueueManager:298 - Initialized queue: default: capacity=1.0, absoluteCapacity=1.0, usedResources=<memory:0, vCores:0>, usedCapacity=0.0, absoluteUsedCapacity=0.0, numApps=0, numContainers=0, effectiveMinResource=<memory:0, vCores:0> , effectiveMaxResource=<memory:0, vCores:0>
kdc_1       | Principal "om/6b7ff5c794ea@EXAMPLE.COM" created.
datanode_3  | 2019-10-22 06:47:38,004 INFO segmented.SegmentedRaftLogWorker: 8301e5fe-f661-44f6-9380-7f5b1a2e5281@group-836F715F2B0B-SegmentedRaftLogWorker: flushIndex: setUnconditionally 0 -> -1
datanode_2  | 2019-10-22 06:47:37,516 INFO server.RaftServerConfigKeys: raft.server.log.force.sync.num = 128 (default)
om_1        | 2019-10-22 06:47:36,053 [main] INFO       - Starting OM block token secret manager
kms_1       | 	at org.eclipse.jetty.server.handler.ContextHandler.doHandle(ContextHandler.java:1180)
datanode_1  | 2019-10-22 06:47:37,028 INFO server.RaftServerConfigKeys: raft.server.snapshot.auto.trigger.threshold = 10000 (custom)
scm_1       | 2019-10-22 06:47:30,712 INFO server.SCMClientProtocolServer: Processing CSR for dn e67a45ecd4f9, UUID: 8301e5fe-f661-44f6-9380-7f5b1a2e5281
nm_1        | 2019-10-22 06:47:26 INFO  HttpServer2:958 - Added filter static_user_filter (class=org.apache.hadoop.http.lib.StaticUserWebFilter$StaticUserFilter) to context logs
jhs         | 2019-10-22 06:47:27 INFO  ApplicationHistoryServer:318 - Instantiating AHSWebApp at 8188
datanode_3  | 2019-10-22 06:47:38,009 INFO server.RaftServerConfigKeys: raft.server.snapshot.auto.trigger.enabled = true (custom)
rm_1        | 2019-10-22 06:47:25 INFO  CapacitySchedulerQueueManager:298 - Initialized queue: root: numChildQueue= 1, capacity=1.0, absoluteCapacity=1.0, usedResources=<memory:0, vCores:0>usedCapacity=0.0, numApps=0, numContainers=0
datanode_2  | 2019-10-22 06:47:37,517 INFO server.RaftServerConfigKeys: raft.server.log.statemachine.data.sync = true (default)
om_1        | 2019-10-22 06:47:36,053 [main] INFO       - Updating the current master key for generating tokens
kdc_1       | Authenticating as principal admin/admin with keytab /tmp/admin.keytab.
datanode_1  | 2019-10-22 06:47:37,029 INFO server.RaftServerConfigKeys: raft.server.snapshot.retention.file.num = 5 (custom)
scm_1       | 2019-10-22 06:47:31,550 INFO ipc.Server: Auth successful for om/om@EXAMPLE.COM (auth:KERBEROS)
kms_1       | 	at org.eclipse.jetty.servlet.ServletHandler.doScope(ServletHandler.java:512)
nm_1        | 2019-10-22 06:47:26 INFO  HttpServer2:948 - Added filter authentication (class=org.apache.hadoop.security.authentication.server.AuthenticationFilter) to context node
rm_1        | 2019-10-22 06:47:25 INFO  CapacitySchedulerQueueManager:163 - Initialized root queue root: numChildQueue= 1, capacity=1.0, absoluteCapacity=1.0, usedResources=<memory:0, vCores:0>usedCapacity=0.0, numApps=0, numContainers=0
datanode_2  | 2019-10-22 06:47:37,518 INFO server.RaftServerConfigKeys: raft.server.log.statemachine.data.sync.timeout = 10s (default)
om_1        | 2019-10-22 06:47:36,054 [main] INFO       - Starting OM delegation token secret manager
datanode_3  | 2019-10-22 06:47:38,010 INFO server.RaftServerConfigKeys: raft.server.snapshot.auto.trigger.threshold = 10000 (custom)
kdc_1       | Oct 22 06:47:01 kdc kadmind[15](Notice): Request: kadm5_init, admin/admin@EXAMPLE.COM, success, client=admin/admin@EXAMPLE.COM, service=kadmin/admin@EXAMPLE.COM, addr=127.0.0.1, vers=4, flavor=6
jhs         | Oct 22, 2019 6:48:26 AM com.sun.jersey.server.wadl.generators.AbstractWadlGeneratorGrammarGenerator attachTypes
datanode_1  | 2019-10-22 06:47:37,029 INFO server.RaftServerConfigKeys: raft.server.retrycache.expirytime = 600000ms (custom)
scm_1       | 2019-10-22 06:47:31,556 INFO server.SCMClientProtocolServer: Processing CSR for om om, UUID: cdb400cc-b327-40b7-a2df-dc98fe0f454c
kms_1       | 	at org.eclipse.jetty.server.session.SessionHandler.doScope(SessionHandler.java:185)
nm_1        | 2019-10-22 06:47:26 INFO  HttpServer2:958 - Added filter authentication (class=org.apache.hadoop.security.authentication.server.AuthenticationFilter) to context static
rm_1        | 2019-10-22 06:47:25 INFO  UserGroupMappingPlacementRule:237 - Initialized queue mappings, override: false
datanode_2  | 2019-10-22 06:47:37,518 INFO server.RaftServerConfigKeys: raft.server.log.statemachine.data.sync.timeout.retry = -1 (default)
om_1        | 2019-10-22 06:47:36,054 [main] INFO       - Updating the current master key for generating tokens
datanode_3  | 2019-10-22 06:47:38,010 INFO server.RaftServerConfigKeys: raft.server.snapshot.retention.file.num = 5 (custom)
kdc_1       | Oct 22 06:47:01 kdc kadmind[15](Notice): Request: kadm5_get_policy, default, Policy does not exist, client=admin/admin@EXAMPLE.COM, service=kadmin/admin@EXAMPLE.COM, addr=127.0.0.1
jhs         | INFO: Couldn't find grammar element for class javax.ws.rs.core.Response
datanode_1  | 2019-10-22 06:47:37,046 WARN impl.MetricRegistriesImpl: First MetricRegistry has been created without registering reporters. You may need to call MetricRegistries.global().addReportRegistration(...) before.
scm_1       | 2019-10-22 06:47:33,977 INFO ipc.Server: Auth successful for dn/0f3740cec97d@EXAMPLE.COM (auth:KERBEROS)
kms_1       | 	at org.eclipse.jetty.server.handler.ContextHandler.doScope(ContextHandler.java:1112)
nm_1        | 2019-10-22 06:47:26 INFO  HttpServer2:958 - Added filter authentication (class=org.apache.hadoop.security.authentication.server.AuthenticationFilter) to context logs
rm_1        | 2019-10-22 06:47:25 INFO  MultiNodeSortingManager:104 - MultiNode scheduling is 'false', and configured policies are 
datanode_2  | 2019-10-22 06:47:37,527 INFO server.RaftServerConfigKeys: raft.server.log.statemachine.data.caching.enabled = true (custom)
om_1        | 2019-10-22 06:47:36,055 [Thread[Thread-11,5,main]] INFO       - Starting expired delegation token remover thread, tokenRemoverScanInterval=60 min(s)
datanode_3  | 2019-10-22 06:47:38,011 INFO server.RaftServerConfigKeys: raft.server.retrycache.expirytime = 600000ms (custom)
kdc_1       | Oct 22 06:47:01 kdc kadmind[15](Notice): Request: kadm5_create_principal, dn/3cc1d5f30a83@EXAMPLE.COM, success, client=admin/admin@EXAMPLE.COM, service=kadmin/admin@EXAMPLE.COM, addr=127.0.0.1
jhs         | Oct 22, 2019 6:48:26 AM com.sun.jersey.server.wadl.generators.AbstractWadlGeneratorGrammarGenerator attachTypes
datanode_1  | 2019-10-22 06:47:37,048 WARN impl.MetricRegistriesImpl: First MetricRegistry has been created without registering reporters. You may need to call MetricRegistries.global().addReportRegistration(...) before.
scm_1       | 2019-10-22 06:47:34,042 INFO ipc.Server: Auth successful for dn/6b7ff5c794ea@EXAMPLE.COM (auth:KERBEROS)
kms_1       | 	at org.eclipse.jetty.server.handler.ScopedHandler.handle(ScopedHandler.java:141)
nm_1        | 2019-10-22 06:47:26 INFO  HttpServer2:613 - adding path spec: /node/*
rm_1        | 2019-10-22 06:47:25 INFO  CapacityScheduler:408 - Initialized CapacityScheduler with calculator=class org.apache.hadoop.yarn.util.resource.DefaultResourceCalculator, minimumAllocation=<<memory:1024, vCores:1>>, maximumAllocation=<<memory:8192, vCores:4>>, asynchronousScheduling=false, asyncScheduleInterval=5ms,multiNodePlacementEnabled=false
datanode_2  | 2019-10-22 06:47:37,532 INFO segmented.SegmentedRaftLogWorker: 412f94cb-0487-4c01-ad87-dca240ec6bec@group-8BD0DFDF75FF-SegmentedRaftLogWorker: flushIndex: setUnconditionally 0 -> -1
datanode_3  | 2019-10-22 06:47:38,030 WARN impl.MetricRegistriesImpl: First MetricRegistry has been created without registering reporters. You may need to call MetricRegistries.global().addReportRegistration(...) before.
jhs         | INFO: Couldn't find grammar element for class javax.ws.rs.core.Response
om_1        | 2019-10-22 06:47:36,073 INFO ipc.Server: IPC Server Responder: starting
datanode_1  | 2019-10-22 06:47:37,049 INFO impl.RaftServerImpl: c95c50f2-3f71-4a74-bd94-d75107314c5a@group-66D5A8470F0A: start as a follower, conf=-1: [c95c50f2-3f71-4a74-bd94-d75107314c5a:172.18.0.5:9858], old=null
scm_1       | 2019-10-22 06:47:34,045 INFO ipc.Server: Auth successful for dn/e67a45ecd4f9@EXAMPLE.COM (auth:KERBEROS)
kms_1       | 	at org.eclipse.jetty.server.handler.HandlerCollection.handle(HandlerCollection.java:119)
kdc_1       | Oct 22 06:47:01 kdc kadmind[15](info): closing down fd 18
nm_1        | 2019-10-22 06:47:26 INFO  HttpServer2:613 - adding path spec: /ws/*
rm_1        | 2019-10-22 06:47:25 INFO  Configuration:2752 - dynamic-resources.xml not found
datanode_2  | 2019-10-22 06:47:37,537 INFO server.RaftServerConfigKeys: raft.server.snapshot.auto.trigger.enabled = true (custom)
datanode_3  | 2019-10-22 06:47:38,032 WARN impl.MetricRegistriesImpl: First MetricRegistry has been created without registering reporters. You may need to call MetricRegistries.global().addReportRegistration(...) before.
jhs         | Oct 22, 2019 6:48:26 AM com.sun.jersey.server.wadl.generators.AbstractWadlGeneratorGrammarGenerator attachTypes
om_1        | 2019-10-22 06:47:36,074 INFO ipc.Server: IPC Server listener on 9862: starting
datanode_1  | 2019-10-22 06:47:37,050 INFO impl.RaftServerImpl: c95c50f2-3f71-4a74-bd94-d75107314c5a@group-66D5A8470F0A: changes role from      null to FOLLOWER at term 0 for startAsFollower
scm_1       | 2019-10-22 06:47:34,174 INFO ipc.Server: Auth successful for om/om@EXAMPLE.COM (auth:KERBEROS)
kdc_1       | Oct 22 06:47:01 kdc kadmind[15](Notice): Request: kadm5_init, admin/admin@EXAMPLE.COM, success, client=admin/admin@EXAMPLE.COM, service=kadmin/admin@EXAMPLE.COM, addr=127.0.0.1, vers=4, flavor=6
kms_1       | 	at org.eclipse.jetty.server.handler.HandlerWrapper.handle(HandlerWrapper.java:134)
nm_1        | 2019-10-22 06:47:26 INFO  WebApps:395 - Registered webapp guice modules
rm_1        | 2019-10-22 06:47:25 INFO  AMSProcessingChain:62 - Initializing AMS Processing chain. Root Processor=[org.apache.hadoop.yarn.server.resourcemanager.DefaultAMSProcessor].
datanode_2  | 2019-10-22 06:47:37,538 INFO server.RaftServerConfigKeys: raft.server.snapshot.auto.trigger.threshold = 10000 (custom)
datanode_3  | 2019-10-22 06:47:38,033 INFO impl.RaftServerImpl: 8301e5fe-f661-44f6-9380-7f5b1a2e5281@group-836F715F2B0B: start as a follower, conf=-1: [8301e5fe-f661-44f6-9380-7f5b1a2e5281:172.18.0.4:9858], old=null
jhs         | INFO: Couldn't find grammar element for class javax.ws.rs.core.Response
om_1        | 2019-10-22 06:47:36,108 INFO hdfs.DFSUtil: Starting web server as: HTTP/om@EXAMPLE.COM
datanode_1  | 2019-10-22 06:47:37,051 INFO impl.RoleInfo: c95c50f2-3f71-4a74-bd94-d75107314c5a: start FollowerState
scm_1       | 2019-10-22 06:47:35,986 INFO net.NetworkTopology: Added a new node: /default-rack/c95c50f2-3f71-4a74-bd94-d75107314c5a
kms_1       | 	at org.eclipse.jetty.server.Server.handle(Server.java:536)
kdc_1       | Oct 22 06:47:01 kdc kadmind[15](Notice): Request: kadm5_randkey_principal, dn/3cc1d5f30a83@EXAMPLE.COM, success, client=admin/admin@EXAMPLE.COM, service=kadmin/admin@EXAMPLE.COM, addr=127.0.0.1
nm_1        | 2019-10-22 06:47:26 INFO  HttpServer2:1191 - Jetty bound to port 8042
rm_1        | 2019-10-22 06:47:25 INFO  ApplicationMasterService:129 - disabled placement handler will be used, all scheduling requests will be rejected.
datanode_2  | 2019-10-22 06:47:37,538 INFO server.RaftServerConfigKeys: raft.server.snapshot.retention.file.num = 5 (custom)
datanode_3  | 2019-10-22 06:47:38,034 INFO impl.RaftServerImpl: 8301e5fe-f661-44f6-9380-7f5b1a2e5281@group-836F715F2B0B: changes role from      null to FOLLOWER at term 0 for startAsFollower
jhs         | Oct 22, 2019 6:48:26 AM com.sun.jersey.server.wadl.generators.AbstractWadlGeneratorGrammarGenerator attachTypes
om_1        | 2019-10-22 06:47:36,109 INFO hdfs.DFSUtil: Starting Web-server for ozoneManager at: http://0.0.0.0:9874
scm_1       | 2019-10-22 06:47:35,987 INFO node.SCMNodeManager: Registered Data node : c95c50f2-3f71-4a74-bd94-d75107314c5a{ip: 172.18.0.5, host: ozonesecure-mr_datanode_1.ozone, networkLocation: /default-rack, certSerialId: 12073636801866034}
kms_1       | 	at org.eclipse.jetty.server.HttpChannel.handle(HttpChannel.java:333)
kdc_1       | Oct 22 0Oct 22 06:47:01 kdc krb5kdc[9](info): AS_REQ (8 etypes {18 17 20 19 16 23 25 26}) 127.0.0.1: SERVER_NOT_FOUND: admin/admin@EXAMPLE.COM for kadmin/localhost@EXAMPLE.COM, Server not found in Kerberos database
nm_1        | 2019-10-22 06:47:26 INFO  Server:351 - jetty-9.3.24.v20180605, build timestamp: 2018-06-05T17:11:56Z, git hash: 84205aa28f11a4f31f2a3b86d1bba2cc8ab69827
datanode_1  | 2019-10-22 06:47:37,056 INFO util.JmxRegister: Successfully registered JMX Bean with object name Ratis:service=RaftServer,group=group-66D5A8470F0A,id=c95c50f2-3f71-4a74-bd94-d75107314c5a
datanode_3  | 2019-10-22 06:47:38,035 INFO impl.RoleInfo: 8301e5fe-f661-44f6-9380-7f5b1a2e5281: start FollowerState
rm_1        | 2019-10-22 06:47:25 INFO  AMSProcessingChain:75 - Adding [org.apache.hadoop.yarn.server.resourcemanager.scheduler.constraint.processor.DisabledPlacementProcessor] tp top of AMS Processing chain. 
datanode_2  | 2019-10-22 06:47:37,539 INFO server.RaftServerConfigKeys: raft.server.retrycache.expirytime = 600000ms (custom)
jhs         | INFO: Couldn't find grammar element for class javax.ws.rs.core.Response
om_1        | 2019-10-22 06:47:36,218 INFO server.AuthenticationFilter: Unable to initialize FileSignerSecretProvider, falling back to use random secrets.
scm_1       | 2019-10-22 06:47:35,991 INFO safemode.SCMSafeModeManager: SCM in safe mode. 1 DataNodes registered, 1 required.
kms_1       | 	at org.eclipse.jetty.server.HttpConnection.onFillable(HttpConnection.java:251)
kdc_1       | Oct 22 06:47:01 kdc krb5kdc[9](info): AS_REQ (8 etypes {18 17 20 19 16 23 25 26}) 127.0.0.1: ISSUE: authtime 1571726821, etypes {rep=18 tkt=18 ses=18}, admin/admin@EXAMPLE.COM for kadmin/admin@EXAMPLE.COM
nm_1        | 2019-10-22 06:47:26 INFO  AuthenticationFilter:240 - Unable to initialize FileSignerSecretProvider, falling back to use random secrets.
datanode_1  | 2019-10-22 06:47:37,060 WARN impl.MetricRegistriesImpl: First MetricRegistry has been created without registering reporters. You may need to call MetricRegistries.global().addReportRegistration(...) before.
datanode_3  | 2019-10-22 06:47:38,040 INFO util.JmxRegister: Successfully registered JMX Bean with object name Ratis:service=RaftServer,group=group-836F715F2B0B,id=8301e5fe-f661-44f6-9380-7f5b1a2e5281
rm_1        | 2019-10-22 06:47:25 INFO  TimelineClientImpl:129 - Timeline service address: jhs:8188
datanode_2  | 2019-10-22 06:47:37,558 WARN impl.MetricRegistriesImpl: First MetricRegistry has been created without registering reporters. You may need to call MetricRegistries.global().addReportRegistration(...) before.
jhs         | 2019-10-22 06:48:26 INFO  AbstractDelegationTokenSecretManager:403 - Creating password for identifier: (TIMELINE_DELEGATION_TOKEN owner=hadoop, renewer=rm, realUser=, issueDate=1571726906620, maxDate=1572331706620, sequenceNumber=1, masterKeyId=2), currentKey: 2
om_1        | 2019-10-22 06:47:36,221 INFO http.HttpRequestLog: Http request log for http.requests.ozoneManager is not defined
scm_1       | 2019-10-22 06:47:35,992 INFO safemode.SCMSafeModeManager: ScmSafeModeManager, all rules are successfully validated
kms_1       | 	at org.eclipse.jetty.io.AbstractConnection$ReadCallback.succeeded(AbstractConnection.java:283)
kdc_1       | Oct 22 06:47:01 kdc krb5kdc[9](info): AS_REQ (8 etypes {18 17 20 19 16 23 25 26}) 127.0.0.1: SERVER_NOT_FOUND: admin/admin@EXAMPLE.COM for kadmin/localhost@EXAMPLE.COM, Server not found in Kerberos database
nm_1        | 2019-10-22 06:47:26 INFO  ContextHandler:781 - Started o.e.j.s.ServletContextHandler@476b0ae6{/logs,file:///opt/hadoop/logs/,AVAILABLE}
datanode_1  | 2019-10-22 06:47:38,148 INFO impl.RaftServerProxy: c95c50f2-3f71-4a74-bd94-d75107314c5a: addNew group-A2C57212735C:[412f94cb-0487-4c01-ad87-dca240ec6bec:172.18.0.2:9858, 8301e5fe-f661-44f6-9380-7f5b1a2e5281:172.18.0.4:9858, c95c50f2-3f71-4a74-bd94-d75107314c5a:172.18.0.5:9858] returns group-A2C57212735C:java.util.concurrent.CompletableFuture@7928a25f[Not completed]
datanode_3  | 2019-10-22 06:47:38,041 WARN impl.MetricRegistriesImpl: First MetricRegistry has been created without registering reporters. You may need to call MetricRegistries.global().addReportRegistration(...) before.
rm_1        | 2019-10-22 06:47:26 INFO  AsyncDispatcher:223 - Registering class org.apache.hadoop.yarn.server.resourcemanager.metrics.AbstractSystemMetricsPublisher$SystemMetricsEventType for class org.apache.hadoop.yarn.server.resourcemanager.metrics.TimelineServiceV1Publisher$TimelineV1EventHandler
datanode_2  | 2019-10-22 06:47:37,560 WARN impl.MetricRegistriesImpl: First MetricRegistry has been created without registering reporters. You may need to call MetricRegistries.global().addReportRegistration(...) before.
jhs         | Oct 22, 2019 6:48:28 AM com.sun.jersey.server.wadl.generators.AbstractWadlGeneratorGrammarGenerator attachTypes
om_1        | 2019-10-22 06:47:36,227 INFO http.HttpServer2: Added global filter 'safety' (class=org.apache.hadoop.http.HttpServer2$QuotingInputFilter)
scm_1       | 2019-10-22 06:47:35,992 INFO safemode.SCMSafeModeManager: SCM exiting safe mode.
kms_1       | 	at org.eclipse.jetty.io.FillInterest.fillable(FillInterest.java:108)
kdc_1       | Oct 22 06:47:01 kdc krb5kdc[9](info): AS_REQ (8 etypes {18 17 20 19 16 23 25 26}) 127.0.0.1: ISSUE: authtime 1571726821, etypes {rep=18 tkt=18 ses=18}, admin/admin@EXAMPLE.COM for kadmin/admin@EXAMPLE.COM
nm_1        | 2019-10-22 06:47:26 INFO  ContextHandler:781 - Started o.e.j.s.ServletContextHandler@4b3a45f1{/static,jar:file:/opt/hadoop/share/hadoop/yarn/hadoop-yarn-common-3.2.0.jar!/webapps/static,AVAILABLE}
datanode_3  | 2019-10-22 06:47:38,149 INFO impl.RaftServerProxy: 8301e5fe-f661-44f6-9380-7f5b1a2e5281: addNew group-A2C57212735C:[412f94cb-0487-4c01-ad87-dca240ec6bec:172.18.0.2:9858, 8301e5fe-f661-44f6-9380-7f5b1a2e5281:172.18.0.4:9858, c95c50f2-3f71-4a74-bd94-d75107314c5a:172.18.0.5:9858] returns group-A2C57212735C:java.util.concurrent.CompletableFuture@1c362b66[Not completed]
datanode_1  | 2019-10-22 06:47:38,152 INFO impl.RaftServerImpl: c95c50f2-3f71-4a74-bd94-d75107314c5a: new RaftServerImpl for group-A2C57212735C:[412f94cb-0487-4c01-ad87-dca240ec6bec:172.18.0.2:9858, 8301e5fe-f661-44f6-9380-7f5b1a2e5281:172.18.0.4:9858, c95c50f2-3f71-4a74-bd94-d75107314c5a:172.18.0.5:9858] with ContainerStateMachine:uninitialized
rm_1        | 2019-10-22 06:47:26 INFO  AsyncDispatcher:223 - Registering class org.apache.hadoop.yarn.server.resourcemanager.metrics.AbstractSystemMetricsPublisher$SystemMetricsEventType for class org.apache.hadoop.yarn.server.resourcemanager.metrics.TimelineServiceV1Publisher$TimelineV1EventHandler
datanode_2  | 2019-10-22 06:47:37,561 INFO impl.RaftServerImpl: 412f94cb-0487-4c01-ad87-dca240ec6bec@group-8BD0DFDF75FF: start as a follower, conf=-1: [412f94cb-0487-4c01-ad87-dca240ec6bec:172.18.0.2:9858], old=null
jhs         | INFO: Couldn't find grammar element for class javax.ws.rs.core.Response
scm_1       | 2019-10-22 06:47:36,029 INFO net.NetworkTopology: Added a new node: /default-rack/412f94cb-0487-4c01-ad87-dca240ec6bec
kms_1       | 	at org.eclipse.jetty.io.SelectChannelEndPoint$2.run(SelectChannelEndPoint.java:93)
kdc_1       | Oct 22 06:47:01 kdc krb5kdc[9](info): AS_REQ (8 etypes {18 17 20 19 16 23 25 26}) 127.0.0.1: SERVER_NOT_FOUND: admin/admin@EXAMPLE.COM for kadmin/localhost@EXAMPLE.COM, Server not found in Kerberos database
nm_1        | Oct 22, 2019 6:47:27 AM com.sun.jersey.guice.spi.container.GuiceComponentProviderFactory register
datanode_3  | 2019-10-22 06:47:38,152 INFO impl.RaftServerImpl: 8301e5fe-f661-44f6-9380-7f5b1a2e5281: new RaftServerImpl for group-A2C57212735C:[412f94cb-0487-4c01-ad87-dca240ec6bec:172.18.0.2:9858, 8301e5fe-f661-44f6-9380-7f5b1a2e5281:172.18.0.4:9858, c95c50f2-3f71-4a74-bd94-d75107314c5a:172.18.0.5:9858] with ContainerStateMachine:uninitialized
om_1        | 2019-10-22 06:47:36,229 INFO http.HttpServer2: Added filter static_user_filter (class=org.apache.hadoop.http.lib.StaticUserWebFilter$StaticUserFilter) to context ozoneManager
datanode_1  | 2019-10-22 06:47:38,152 INFO server.RaftServerConfigKeys: raft.server.rpc.timeout.min = 5s (custom)
rm_1        | 2019-10-22 06:47:26 INFO  AsyncDispatcher:223 - Registering class org.apache.hadoop.yarn.server.resourcemanager.metrics.AbstractSystemMetricsPublisher$SystemMetricsEventType for class org.apache.hadoop.yarn.server.resourcemanager.metrics.TimelineServiceV1Publisher$TimelineV1EventHandler
datanode_2  | 2019-10-22 06:47:37,562 INFO impl.RaftServerImpl: 412f94cb-0487-4c01-ad87-dca240ec6bec@group-8BD0DFDF75FF: changes role from      null to FOLLOWER at term 0 for startAsFollower
jhs         | Oct 22, 2019 6:48:28 AM com.sun.jersey.server.wadl.generators.AbstractWadlGeneratorGrammarGenerator attachTypes
scm_1       | 2019-10-22 06:47:36,030 INFO node.SCMNodeManager: Registered Data node : 412f94cb-0487-4c01-ad87-dca240ec6bec{ip: 172.18.0.2, host: ozonesecure-mr_datanode_2.ozone, networkLocation: /default-rack, certSerialId: 12073636801894727}
kms_1       | 	at org.eclipse.jetty.util.thread.strategy.ExecuteProduceConsume.executeProduceConsume(ExecuteProduceConsume.java:303)
kdc_1       | Oct 22 06:47:01 kdc krb5kdc[9](info): AS_REQ (8 etypes {18 17 20 19 16 23 25 26}) 127.0.0.1: ISSUE: authtime 1571726821, etypes {rep=18 tkt=18 ses=18}, admin/admin@EXAMPLE.COM for kadmin/admin@EXAMPLE.COM
nm_1        | INFO: Registering org.apache.hadoop.yarn.server.nodemanager.webapp.NMWebServices as a root resource class
om_1        | 2019-10-22 06:47:36,229 INFO http.HttpServer2: Added filter static_user_filter (class=org.apache.hadoop.http.lib.StaticUserWebFilter$StaticUserFilter) to context logs
datanode_1  | 2019-10-22 06:47:38,153 INFO server.RaftServerConfigKeys: raft.server.rpc.timeout.max = 5200ms (custom)
datanode_2  | 2019-10-22 06:47:37,563 INFO impl.RoleInfo: 412f94cb-0487-4c01-ad87-dca240ec6bec: start FollowerState
rm_1        | 2019-10-22 06:47:26 INFO  AsyncDispatcher:223 - Registering class org.apache.hadoop.yarn.server.resourcemanager.metrics.AbstractSystemMetricsPublisher$SystemMetricsEventType for class org.apache.hadoop.yarn.server.resourcemanager.metrics.TimelineServiceV1Publisher$TimelineV1EventHandler
datanode_3  | 2019-10-22 06:47:38,152 INFO server.RaftServerConfigKeys: raft.server.rpc.timeout.min = 5s (custom)
jhs         | INFO: Couldn't find grammar element for class javax.ws.rs.core.Response
scm_1       | 2019-10-22 06:47:36,041 INFO net.NetworkTopology: Added a new node: /default-rack/8301e5fe-f661-44f6-9380-7f5b1a2e5281
kms_1       | 	at org.eclipse.jetty.util.thread.strategy.ExecuteProduceConsume.produceConsume(ExecuteProduceConsume.java:148)
kdc_1       | Oct 22 06:47:01 kdc krb5kdc[9](info): AS_REQ (8 etypes {18 17 20 19 16 23 25 26}) 127.0.0.1: SERVER_NOT_FOUND: admin/admin@EXAMPLE.COM for kadmin/localhost@EXAMPLE.COM, Server not found in Kerberos database
nm_1        | Oct 22, 2019 6:47:27 AM com.sun.jersey.guice.spi.container.GuiceComponentProviderFactory register
om_1        | 2019-10-22 06:47:36,229 INFO http.HttpServer2: Added filter static_user_filter (class=org.apache.hadoop.http.lib.StaticUserWebFilter$StaticUserFilter) to context static
datanode_2  | 2019-10-22 06:47:37,569 INFO util.JmxRegister: Successfully registered JMX Bean with object name Ratis:service=RaftServer,group=group-8BD0DFDF75FF,id=412f94cb-0487-4c01-ad87-dca240ec6bec
rm_1        | 2019-10-22 06:47:26 INFO  AsyncDispatcher:223 - Registering class org.apache.hadoop.yarn.server.resourcemanager.metrics.AbstractSystemMetricsPublisher$SystemMetricsEventType for class org.apache.hadoop.yarn.server.resourcemanager.metrics.TimelineServiceV1Publisher$TimelineV1EventHandler
jhs         | Oct 22, 2019 6:48:28 AM com.sun.jersey.server.wadl.generators.AbstractWadlGeneratorGrammarGenerator attachTypes
datanode_1  | 2019-10-22 06:47:38,153 INFO server.RaftServerConfigKeys: raft.server.rpcslowness.timeout = 120s (custom)
scm_1       | 2019-10-22 06:47:36,041 INFO node.SCMNodeManager: Registered Data node : 8301e5fe-f661-44f6-9380-7f5b1a2e5281{ip: 172.18.0.4, host: ozonesecure-mr_datanode_3.ozone, networkLocation: /default-rack, certSerialId: 12073636842094697}
kms_1       | 	at org.eclipse.jetty.util.thread.strategy.ExecuteProduceConsume.run(ExecuteProduceConsume.java:136)
kdc_1       | Oct 22 06:47:01 kdc krb5kdc[9](info): AS_REQ (8 etypes {18 17 20 19 16 23 25 26}) 127.0.0.1: ISSUE: authtime 1571726821, etypes {rep=18 tkt=18 ses=18}, admin/admin@EXAMPLE.COM for kadmin/admin@EXAMPLE.COM
datanode_3  | 2019-10-22 06:47:38,153 INFO server.RaftServerConfigKeys: raft.server.rpc.timeout.max = 5200ms (custom)
nm_1        | INFO: Registering org.apache.hadoop.yarn.webapp.GenericExceptionHandler as a provider class
om_1        | 2019-10-22 06:47:36,249 INFO http.HttpServer2: Jetty bound to port 9874
datanode_2  | 2019-10-22 06:47:37,570 WARN impl.MetricRegistriesImpl: First MetricRegistry has been created without registering reporters. You may need to call MetricRegistries.global().addReportRegistration(...) before.
rm_1        | 2019-10-22 06:47:26 INFO  AsyncDispatcher:223 - Registering class org.apache.hadoop.yarn.server.resourcemanager.metrics.AbstractSystemMetricsPublisher$SystemMetricsEventType for class org.apache.hadoop.yarn.server.resourcemanager.metrics.TimelineServiceV1Publisher$TimelineV1EventHandler
jhs         | INFO: Couldn't find grammar element for class javax.ws.rs.core.Response
datanode_1  | 2019-10-22 06:47:38,153 INFO server.RaftServerConfigKeys: raft.server.sleep.deviation.threshold = 300 (default)
scm_1       | 2019-10-22 06:47:37,141 INFO pipeline.PipelineStateManager: Created pipeline Pipeline[ Id: f142670d-1e4d-4a12-9073-66d5a8470f0a, Nodes: c95c50f2-3f71-4a74-bd94-d75107314c5a{ip: 172.18.0.5, host: ozonesecure-mr_datanode_1.ozone, networkLocation: /default-rack, certSerialId: null}, Type:RATIS, Factor:ONE, State:OPEN]
kms_1       | 	at org.eclipse.jetty.util.thread.QueuedThreadPool.runJob(QueuedThreadPool.java:671)
kdc_1       | Oct 22 06:47:01 kdc krb5kdc[9](info): AS_REQ (8 etypes {18 17 20 19 16 23 25 26}) 127.0.0.1: SERVER_NOT_FOUND: admin/admin@EXAMPLE.COM for kadmin/localhost@EXAMPLE.COM, Server not found in Kerberos database
datanode_3  | 2019-10-22 06:47:38,153 INFO server.RaftServerConfigKeys: raft.server.rpcslowness.timeout = 120s (custom)
nm_1        | Oct 22, 2019 6:47:27 AM com.sun.jersey.guice.spi.container.GuiceComponentProviderFactory register
om_1        | 2019-10-22 06:47:36,250 INFO server.Server: jetty-9.3.25.v20180904, build timestamp: 2018-09-04T21:11:46Z, git hash: 3ce520221d0240229c862b122d2b06c12a625732
datanode_2  | 2019-10-22 06:47:38,136 INFO impl.RaftServerProxy: 412f94cb-0487-4c01-ad87-dca240ec6bec: addNew group-A2C57212735C:[412f94cb-0487-4c01-ad87-dca240ec6bec:172.18.0.2:9858, 8301e5fe-f661-44f6-9380-7f5b1a2e5281:172.18.0.4:9858, c95c50f2-3f71-4a74-bd94-d75107314c5a:172.18.0.5:9858] returns group-A2C57212735C:java.util.concurrent.CompletableFuture@4422125c[Not completed]
rm_1        | 2019-10-22 06:47:26 INFO  AsyncDispatcher:223 - Registering class org.apache.hadoop.yarn.server.resourcemanager.metrics.AbstractSystemMetricsPublisher$SystemMetricsEventType for class org.apache.hadoop.yarn.server.resourcemanager.metrics.TimelineServiceV1Publisher$TimelineV1EventHandler
jhs         | Oct 22, 2019 6:48:28 AM com.sun.jersey.server.wadl.generators.AbstractWadlGeneratorGrammarGenerator attachTypes
datanode_1  | 2019-10-22 06:47:38,153 INFO server.RaftServerConfigKeys: raft.server.log.appender.install.snapshot.enabled = false (custom)
scm_1       | 2019-10-22 06:47:37,626 INFO pipeline.PipelineStateManager: Created pipeline Pipeline[ Id: 47dd759d-25ad-48e9-83ef-8bd0dfdf75ff, Nodes: 412f94cb-0487-4c01-ad87-dca240ec6bec{ip: 172.18.0.2, host: ozonesecure-mr_datanode_2.ozone, networkLocation: /default-rack, certSerialId: null}, Type:RATIS, Factor:ONE, State:OPEN]
kms_1       | 	at org.eclipse.jetty.util.thread.QueuedThreadPool$2.run(QueuedThreadPool.java:589)
kdc_1       | Oct 22 06:47:01 kdc krb5kdc[9](info): AS_REQ (8 etypes {18 17 20 19 16 23 25 26}) 127.0.0.1: ISSUE: authtime 1571726821, etypes {rep=18 tkt=18 ses=18}, admin/admin@EXAMPLE.COM for kadmin/admin@6:47:01 kdc kadmind[15](Notice): Request: kadm5_get_principal, dn/3cc1d5f30a83@EXAMPLE.COM, success, client=admin/admin@EXAMPLE.COM, service=kadmin/admin@EXAMPLE.COM, addr=127.0.0.1
datanode_3  | 2019-10-22 06:47:38,153 INFO server.RaftServerConfigKeys: raft.server.sleep.deviation.threshold = 300 (default)
nm_1        | INFO: Registering org.apache.hadoop.yarn.server.nodemanager.webapp.JAXBContextResolver as a provider class
om_1        | 2019-10-22 06:47:36,278 INFO handler.ContextHandler: Started o.e.j.s.ServletContextHandler@6cae2e4d{/logs,file:///var/log/hadoop/,AVAILABLE}
datanode_2  | 2019-10-22 06:47:38,140 INFO impl.RaftServerImpl: 412f94cb-0487-4c01-ad87-dca240ec6bec: new RaftServerImpl for group-A2C57212735C:[412f94cb-0487-4c01-ad87-dca240ec6bec:172.18.0.2:9858, 8301e5fe-f661-44f6-9380-7f5b1a2e5281:172.18.0.4:9858, c95c50f2-3f71-4a74-bd94-d75107314c5a:172.18.0.5:9858] with ContainerStateMachine:uninitialized
rm_1        | 2019-10-22 06:47:26 INFO  AsyncDispatcher:223 - Registering class org.apache.hadoop.yarn.server.resourcemanager.metrics.AbstractSystemMetricsPublisher$SystemMetricsEventType for class org.apache.hadoop.yarn.server.resourcemanager.metrics.TimelineServiceV1Publisher$TimelineV1EventHandler
datanode_1  | 2019-10-22 06:47:38,153 INFO impl.RaftServerImpl: c95c50f2-3f71-4a74-bd94-d75107314c5a@group-A2C57212735C: ConfigurationManager, init=-1: [412f94cb-0487-4c01-ad87-dca240ec6bec:172.18.0.2:9858, 8301e5fe-f661-44f6-9380-7f5b1a2e5281:172.18.0.4:9858, c95c50f2-3f71-4a74-bd94-d75107314c5a:172.18.0.5:9858], old=null, confs=<EMPTY_MAP>
jhs         | INFO: Couldn't find grammar element for class javax.ws.rs.core.Response
scm_1       | 2019-10-22 06:47:38,100 INFO pipeline.PipelineStateManager: Created pipeline Pipeline[ Id: 6fb11719-277e-43dd-99c4-836f715f2b0b, Nodes: 8301e5fe-f661-44f6-9380-7f5b1a2e5281{ip: 172.18.0.4, host: ozonesecure-mr_datanode_3.ozone, networkLocation: /default-rack, certSerialId: null}, Type:RATIS, Factor:ONE, State:OPEN]
kms_1       | 	at java.lang.Thread.run(Thread.java:748)
kdc_1       | Oct 22 06:47:01 kdc kadmind[15](info): closing down fd 18
datanode_3  | 2019-10-22 06:47:38,153 INFO server.RaftServerConfigKeys: raft.server.log.appender.install.snapshot.enabled = false (custom)
nm_1        | Oct 22, 2019 6:47:27 AM com.sun.jersey.server.impl.application.WebApplicationImpl _initiate
om_1        | 2019-10-22 06:47:36,278 INFO handler.ContextHandler: Started o.e.j.s.ServletContextHandler@35d60381{/static,jar:file:/opt/hadoop/share/ozone/lib/hadoop-ozone-ozone-manager-0.5.0-SNAPSHOT.jar!/webapps/static,AVAILABLE}
datanode_2  | 2019-10-22 06:47:38,140 INFO server.RaftServerConfigKeys: raft.server.rpc.timeout.min = 5s (custom)
rm_1        | 2019-10-22 06:47:26 INFO  AsyncDispatcher:223 - Registering class org.apache.hadoop.yarn.server.resourcemanager.metrics.AbstractSystemMetricsPublisher$SystemMetricsEventType for class org.apache.hadoop.yarn.server.resourcemanager.metrics.TimelineServiceV1Publisher$TimelineV1EventHandler
datanode_1  | 2019-10-22 06:47:38,153 INFO server.RaftServerConfigKeys: raft.server.storage.dir = [/data/metadata/ratis] (custom)
scm_1       | 2019-10-22 06:47:38,228 INFO pipeline.PipelineStateManager: Created pipeline Pipeline[ Id: a8838af8-f809-42eb-aff0-a2c57212735c, Nodes: c95c50f2-3f71-4a74-bd94-d75107314c5a{ip: 172.18.0.5, host: ozonesecure-mr_datanode_1.ozone, networkLocation: /default-rack, certSerialId: null}412f94cb-0487-4c01-ad87-dca240ec6bec{ip: 172.18.0.2, host: ozonesecure-mr_datanode_2.ozone, networkLocation: /default-rack, certSerialId: null}8301e5fe-f661-44f6-9380-7f5b1a2e5281{ip: 172.18.0.4, host: ozonesecure-mr_datanode_3.ozone, networkLocation: /default-rack, certSerialId: null}, Type:RATIS, Factor:THREE, State:OPEN]
kms_1       | 
kdc_1       | Oct 22 06:47:01 kdc kadmind[15](Notice): Request: kadm5_init, admin/admin@EXAMPLE.COM, success, client=admin/admin@EXAMPLE.COM, service=kadmin/admin@EXAMPLE.COM, addr=127.0.0.1, vers=4, flavor=6
datanode_3  | 2019-10-22 06:47:38,153 INFO impl.RaftServerImpl: 8301e5fe-f661-44f6-9380-7f5b1a2e5281@group-A2C57212735C: ConfigurationManager, init=-1: [412f94cb-0487-4c01-ad87-dca240ec6bec:172.18.0.2:9858, 8301e5fe-f661-44f6-9380-7f5b1a2e5281:172.18.0.4:9858, c95c50f2-3f71-4a74-bd94-d75107314c5a:172.18.0.5:9858], old=null, confs=<EMPTY_MAP>
nm_1        | INFO: Initiating Jersey application, version 'Jersey: 1.19 02/11/2015 03:25 AM'
datanode_2  | 2019-10-22 06:47:38,140 INFO server.RaftServerConfigKeys: raft.server.rpc.timeout.max = 5200ms (custom)
om_1        | 2019-10-22 06:47:36,353 INFO server.KerberosAuthenticationHandler: Using keytab /etc/security/keytabs/HTTP.keytab, for principal HTTP/om@EXAMPLE.COM
jhs         | 2019-10-22 06:48:28 INFO  AbstractDelegationTokenSecretManager:491 - Token renewal for identifier: (TIMELINE_DELEGATION_TOKEN owner=hadoop, renewer=rm, realUser=, issueDate=1571726906620, maxDate=1572331706620, sequenceNumber=1, masterKeyId=2); total currentTokens 1
rm_1        | 2019-10-22 06:47:26 INFO  AsyncDispatcher:223 - Registering class org.apache.hadoop.yarn.server.resourcemanager.metrics.AbstractSystemMetricsPublisher$SystemMetricsEventType for class org.apache.hadoop.yarn.server.resourcemanager.metrics.TimelineServiceV1Publisher$TimelineV1EventHandler
datanode_1  | 2019-10-22 06:47:38,154 INFO server.RaftServerConfigKeys: raft.server.log.corruption.policy = EXCEPTION (default)
scm_1       | 2019-10-22 06:47:52,455 INFO ipc.Server: Auth successful for om/om@EXAMPLE.COM (auth:KERBEROS)
kms_1       | Oct 22, 2019 6:48:23 AM com.sun.jersey.server.wadl.generators.AbstractWadlGeneratorGrammarGenerator attachTypes
kdc_1       | Oct 22 06:47:01 kdc kadmind[15](Notice): Request: kadm5_get_policy, default, Policy does not exist, client=admin/admin@EXAMPLE.COM, service=kadmin/admin@EXAMPLE.COM, addr=127.0.0.1
datanode_3  | 2019-10-22 06:47:38,153 INFO server.RaftServerConfigKeys: raft.server.storage.dir = [/data/metadata/ratis] (custom)
nm_1        | Oct 22, 2019 6:47:27 AM com.sun.jersey.guice.spi.container.GuiceComponentProviderFactory getComponentProvider
om_1        | 2019-10-22 06:47:36,358 INFO handler.ContextHandler: Started o.e.j.w.WebAppContext@77b3752b{/,file:///tmp/jetty-0.0.0.0-9874-ozoneManager-_-any-5955910194017622113.dir/webapp/,AVAILABLE}{/ozoneManager}
jhs         | Oct 22, 2019 6:48:28 AM com.sun.jersey.server.wadl.generators.AbstractWadlGeneratorGrammarGenerator attachTypes
rm_1        | 2019-10-22 06:47:26 INFO  log:192 - Logging initialized @3053ms
datanode_2  | 2019-10-22 06:47:38,140 INFO server.RaftServerConfigKeys: raft.server.rpcslowness.timeout = 120s (custom)
scm_1       | 2019-10-22 06:48:04,709 INFO ipc.Server: Auth successful for om/om@EXAMPLE.COM (auth:KERBEROS)
kdc_1       | Oct 22 06:47:01 kdc kadmind[15](Notice): Request: kadm5_create_principal, dn/nm@EXAMPLE.COM, success, client=admin/admin@EXAMPLE.COM, service=kadmin/admin@EXAMPLE.COM, addr=127.0.0.1
kms_1       | INFO: Couldn't find grammar element for class java.util.Map
datanode_1  | 2019-10-22 06:47:38,154 INFO storage.RaftStorageDirectory: The storage directory /data/metadata/ratis/a8838af8-f809-42eb-aff0-a2c57212735c does not exist. Creating ...
datanode_3  | 2019-10-22 06:47:38,164 INFO server.RaftServerConfigKeys: raft.server.log.corruption.policy = EXCEPTION (default)
nm_1        | INFO: Binding org.apache.hadoop.yarn.server.nodemanager.webapp.JAXBContextResolver to GuiceManagedComponentProvider with the scope "Singleton"
om_1        | 2019-10-22 06:47:36,362 INFO server.AbstractConnector: Started ServerConnector@2282400e{HTTP/1.1,[http/1.1]}{0.0.0.0:9874}
jhs         | INFO: Couldn't find grammar element for class javax.ws.rs.core.Response
rm_1        | 2019-10-22 06:47:26 INFO  AuthenticationFilter:240 - Unable to initialize FileSignerSecretProvider, falling back to use random secrets.
datanode_2  | 2019-10-22 06:47:38,140 INFO server.RaftServerConfigKeys: raft.server.sleep.deviation.threshold = 300 (default)
scm_1       | 2019-10-22 06:48:04,719 INFO server.SCMBlockProtocolServer: Allocating 1 blocks of size 268435456, with ExcludeList {datanodes = [], containerIds = [], pipelineIds = []}
kdc_1       | Oct 22 06:47:01 kdc kadmind[15](info): closing down fd 18
kms_1       | Oct 22, 2019 6:48:23 AM com.sun.jersey.server.wadl.generators.AbstractWadlGeneratorGrammarGenerator attachTypes
datanode_1  | 2019-10-22 06:47:38,187 INFO storage.RaftStorageDirectory: Lock on /data/metadata/ratis/a8838af8-f809-42eb-aff0-a2c57212735c/in_use.lock acquired by nodename 7@0f3740cec97d
datanode_3  | 2019-10-22 06:47:38,164 INFO storage.RaftStorageDirectory: The storage directory /data/metadata/ratis/a8838af8-f809-42eb-aff0-a2c57212735c does not exist. Creating ...
nm_1        | Oct 22, 2019 6:47:27 AM com.sun.jersey.guice.spi.container.GuiceComponentProviderFactory getComponentProvider
om_1        | 2019-10-22 06:47:36,363 INFO server.Server: Started @4585ms
jhs         | Oct 22, 2019 6:48:28 AM com.sun.jersey.server.wadl.generators.AbstractWadlGeneratorGrammarGenerator attachTypes
rm_1        | 2019-10-22 06:47:26 INFO  HttpRequestLog:81 - Http request log for http.requests.resourcemanager is not defined
datanode_2  | 2019-10-22 06:47:38,140 INFO server.RaftServerConfigKeys: raft.server.log.appender.install.snapshot.enabled = false (custom)
scm_1       | 2019-10-22 06:48:06,295 INFO ipc.Server: Auth successful for dn/0f3740cec97d@EXAMPLE.COM (auth:KERBEROS)
kdc_1       | Oct 22 06:47:01 kdc kadmind[15](Notice): Request: kadm5_init, admin/admin@EXAMPLE.COM, success, client=admin/admin@EXAMPLE.COM, service=kadmin/admin@EXAMPLE.COM, addr=EXAMPLE.COM
kms_1       | INFO: Couldn't find grammar element for class java.util.Map
datanode_3  | 2019-10-22 06:47:38,187 INFO storage.RaftStorageDirectory: Lock on /data/metadata/ratis/a8838af8-f809-42eb-aff0-a2c57212735c/in_use.lock acquired by nodename 7@e67a45ecd4f9
datanode_1  | 2019-10-22 06:47:38,215 INFO storage.RaftStorage: Storage directory /data/metadata/ratis/a8838af8-f809-42eb-aff0-a2c57212735c has been successfully formatted.
nm_1        | INFO: Binding org.apache.hadoop.yarn.webapp.GenericExceptionHandler to GuiceManagedComponentProvider with the scope "Singleton"
om_1        | 2019-10-22 06:47:36,388 INFO impl.MetricsSinkAdapter: Sink prometheus started
jhs         | INFO: Couldn't find grammar element for class javax.ws.rs.core.Response
rm_1        | 2019-10-22 06:47:26 INFO  HttpServer2:975 - Added global filter 'safety' (class=org.apache.hadoop.http.HttpServer2$QuotingInputFilter)
datanode_2  | 2019-10-22 06:47:38,140 INFO impl.RaftServerImpl: 412f94cb-0487-4c01-ad87-dca240ec6bec@group-A2C57212735C: ConfigurationManager, init=-1: [412f94cb-0487-4c01-ad87-dca240ec6bec:172.18.0.2:9858, 8301e5fe-f661-44f6-9380-7f5b1a2e5281:172.18.0.4:9858, c95c50f2-3f71-4a74-bd94-d75107314c5a:172.18.0.5:9858], old=null, confs=<EMPTY_MAP>
scm_1       | 2019-10-22 06:48:06,644 INFO ipc.Server: Auth successful for dn/0f3740cec97d@EXAMPLE.COM (auth:KERBEROS)
kms_1       | Oct 22, 2019 6:48:23 AM com.sun.jersey.server.wadl.generators.AbstractWadlGeneratorGrammarGenerator attachTypes
kdc_1       | Oct 22 06:47:02 kdc krb5kdc[9](info): AS_REQ (8 etypes {18 17 20 19 16 23 25 26}) 127.0.0.1: SERVER_NOT_FOUND: admin/admin@EXAMPLE.COM for kadmin/localhost@EXAMPLE.COM, Server not found in Kerberos database
datanode_3  | 2019-10-22 06:47:38,215 INFO storage.RaftStorage: Storage directory /data/metadata/ratis/a8838af8-f809-42eb-aff0-a2c57212735c has been successfully formatted.
datanode_1  | 2019-10-22 06:47:38,215 [pool-9-thread-1] INFO       - group-A2C57212735C: The snapshot info is null. Setting the last applied indexto:(t:0, i:~)
nm_1        | Oct 22, 2019 6:47:28 AM com.sun.jersey.guice.spi.container.GuiceComponentProviderFactory getComponentProvider
om_1        | 2019-10-22 06:47:36,388 INFO impl.MetricsSystemImpl: Registered sink prometheus
jhs         | Oct 22, 2019 6:48:28 AM com.sun.jersey.server.wadl.generators.AbstractWadlGeneratorGrammarGenerator attachTypes
rm_1        | 2019-10-22 06:47:26 INFO  HttpServer2:948 - Added filter static_user_filter (class=org.apache.hadoop.http.lib.StaticUserWebFilter$StaticUserFilter) to context cluster
datanode_2  | 2019-10-22 06:47:38,141 INFO server.RaftServerConfigKeys: raft.server.storage.dir = [/data/metadata/ratis] (custom)
scm_1       | 2019-10-22 06:48:08,026 INFO ipc.Server: Auth successful for dn/6b7ff5c794ea@EXAMPLE.COM (auth:KERBEROS)
kms_1       | INFO: Couldn't find grammar element for class javax.ws.rs.core.Response
datanode_3  | 2019-10-22 06:47:38,215 [pool-9-thread-1] INFO       - group-A2C57212735C: The snapshot info is null. Setting the last applied indexto:(t:0, i:~)
nm_1        | INFO: Binding org.apache.hadoop.yarn.server.nodemanager.webapp.NMWebServices to GuiceManagedComponentProvider with the scope "Singleton"
datanode_1  | 2019-10-22 06:47:38,216 INFO server.RaftServerConfigKeys: raft.server.notification.no-leader.timeout = 120s (custom)
kdc_1       | Oct 22 06:47:02 kdc krb5kdc[9](info): AS_REQ (8 etypes {18 17 20 19 16 23 25 26}) 127.0.0.1: ISSUE: authtime 1571726822, etypes {rep=18 tkt=18 ses=18}, admin/admin@EXAMPLE.COM for kadmin/admin@EXAMPLE.COM
om_1        | 2019-10-22 06:47:36,390 INFO server.BaseHttpServer: HTTP server of OZONEMANAGER is listening at http://0.0.0.0:9874
jhs         | INFO: Couldn't find grammar element for class javax.ws.rs.core.Response
rm_1        | 2019-10-22 06:47:26 INFO  HttpServer2:958 - Added filter static_user_filter (class=org.apache.hadoop.http.lib.StaticUserWebFilter$StaticUserFilter) to context static
datanode_2  | 2019-10-22 06:47:38,141 INFO server.RaftServerConfigKeys: raft.server.log.corruption.policy = EXCEPTION (default)
scm_1       | 2019-10-22 06:48:08,037 INFO ipc.Server: Auth successful for dn/e67a45ecd4f9@EXAMPLE.COM (auth:KERBEROS)
kms_1       | Oct 22, 2019 6:48:23 AM com.sun.jersey.server.wadl.generators.AbstractWadlGeneratorGrammarGenerator attachTypes
datanode_3  | 2019-10-22 06:47:38,215 INFO server.RaftServerConfigKeys: raft.server.notification.no-leader.timeout = 120s (custom)
nm_1        | 2019-10-22 06:47:28 INFO  ContextHandler:781 - Started o.e.j.w.WebAppContext@6e1b9411{/,file:///tmp/jetty-0.0.0.0-8042-node-_-any-5772797820459642810.dir/webapp/,AVAILABLE}{/node}
kdc_1       | Oct 22 06:47:02 kdc krb5kdc[9](info): AS_REQ (8 etypes {18 17 20 19 16 23 25 26}) 127.0.0.1: SERVER_NOT_FOUND: admin/admin@EXAMPLE.COM for kadmin/localhost@EXAMPLE.COM, Server not found in Kerberos database
om_1        | 2019-10-22 06:47:52,016 INFO ipc.Server: Auth successful for testuser/om@EXAMPLE.COM (auth:KERBEROS)
jhs         | Oct 22, 2019 6:48:28 AM com.sun.jersey.server.wadl.generators.AbstractWadlGeneratorGrammarGenerator attachTypes
datanode_1  | 2019-10-22 06:47:38,216 INFO server.RaftServerConfigKeys: raft.server.log.use.memory = false (default)
rm_1        | 2019-10-22 06:47:26 INFO  HttpServer2:958 - Added filter static_user_filter (class=org.apache.hadoop.http.lib.StaticUserWebFilter$StaticUserFilter) to context logs
datanode_2  | 2019-10-22 06:47:38,141 INFO storage.RaftStorageDirectory: The storage directory /data/metadata/ratis/a8838af8-f809-42eb-aff0-a2c57212735c does not exist. Creating ...
scm_1       | 2019-10-22 06:48:20,073 INFO ipc.Server: Auth successful for om/om@EXAMPLE.COM (auth:KERBEROS)
kms_1       | INFO: Couldn't find grammar element for class javax.ws.rs.core.Response
datanode_3  | 2019-10-22 06:47:38,215 INFO server.RaftServerConfigKeys: raft.server.log.use.memory = false (default)
nm_1        | 2019-10-22 06:47:28 INFO  AbstractConnector:278 - Started ServerConnector@7b78ed6a{HTTP/1.1,[http/1.1]}{0.0.0.0:8042}
kdc_1       | Oct 22 06:47:02 kdc krb5kdc[9](info): AS_REQ (8 etypes {18 17 20 19 16 23 25 26}) 127.0.0.1: ISSUE: authtime 1571726822, etypes {rep=18 tkt=18 ses=18}, admin/admin@EXAMPLE.COM for kadmin/admin@EXAMPLE.COM
om_1        | 2019-10-22 06:47:55,365 INFO ipc.Server: Auth successful for testuser/om@EXAMPLE.COM (auth:KERBEROS)
jhs         | INFO: Couldn't find grammar element for class javax.ws.rs.core.Response
datanode_1  | 2019-10-22 06:47:38,216 INFO server.RaftServerConfigKeys: raft.server.log.purge.gap = 1000000 (custom)
rm_1        | 2019-10-22 06:47:26 INFO  HttpServer2:613 - adding path spec: /cluster/*
datanode_2  | 2019-10-22 06:47:38,164 INFO storage.RaftStorageDirectory: Lock on /data/metadata/ratis/a8838af8-f809-42eb-aff0-a2c57212735c/in_use.lock acquired by nodename 7@6b7ff5c794ea
scm_1       | 2019-10-22 06:48:20,077 INFO server.SCMBlockProtocolServer: Allocating 1 blocks of size 268435456, with ExcludeList {datanodes = [], containerIds = [], pipelineIds = []}
kms_1       | Oct 22, 2019 6:48:23 AM com.sun.jersey.server.wadl.generators.AbstractWadlGeneratorGrammarGenerator attachTypes
datanode_3  | 2019-10-22 06:47:38,215 INFO server.RaftServerConfigKeys: raft.server.log.purge.gap = 1000000 (custom)
nm_1        | 2019-10-22 06:47:28 INFO  Server:419 - Started @4825ms
kdc_1       | Oct 22 06:47:02 kdc krb5kdc[9](info): AS_REQ (8 etypes {18 17 20 19 16 23 25 26}) 127.0.0.1: SERVER_NOT_FOUND: admin/admin@EXAMPLE.COM for kadmin/localhost@EXAMPLE.COM, Server not found in Kerberos database
om_1        | 2019-10-22 06:47:56,220 [IPC Server handler 1 on 9862] INFO       - created volume:vol1 for user:hadoop
jhs         | Oct 22, 2019 6:49:02 AM com.sun.jersey.server.wadl.generators.AbstractWadlGeneratorGrammarGenerator attachTypes
datanode_1  | 2019-10-22 06:47:38,216 INFO server.RaftServerConfigKeys: raft.server.log.appender.buffer.byte-limit = 33554432 (custom)
rm_1        | 2019-10-22 06:47:26 INFO  HttpServer2:613 - adding path spec: /ws/*
datanode_2  | 2019-10-22 06:47:38,187 INFO storage.RaftStorage: Storage directory /data/metadata/ratis/a8838af8-f809-42eb-aff0-a2c57212735c has been successfully formatted.
scm_1       | 2019-10-22 06:48:21,694 INFO ipc.Server: Auth successful for dn/6b7ff5c794ea@EXAMPLE.COM (auth:KERBEROS)
kms_1       | INFO: Couldn't find grammar element for class java.util.Map
datanode_3  | 2019-10-22 06:47:38,215 INFO server.RaftServerConfigKeys: raft.server.log.appender.buffer.byte-limit = 33554432 (custom)
nm_1        | 2019-10-22 06:47:28 INFO  WebApps:440 - Web app node started at 8042
kdc_1       | Oct 22 06:47:02 kdc krb5kdc[9](info): AS_REQ (8 etypes {18 17 20 19 16 23 25 26}) 127.0.0.1: ISSUE: authtime 1571726822, etypes {rep=18 tkt=18 ses=18}, admin/admin@EXAMPLE.COM for kadmin/admin@EXAMPLE.COM
om_1        | 2019-10-22 06:47:58,259 INFO ipc.Server: Auth successful for testuser/om@EXAMPLE.COM (auth:KERBEROS)
jhs         | INFO: Couldn't find grammar element for class javax.ws.rs.core.Response
datanode_1  | 2019-10-22 06:47:38,216 INFO server.RaftServerConfigKeys: raft.server.log.segment.size.max = 1048576 (custom)
rm_1        | 2019-10-22 06:47:26 INFO  HttpServer2:613 - adding path spec: /app/*
datanode_2  | 2019-10-22 06:47:38,187 [pool-9-thread-1] INFO       - group-A2C57212735C: The snapshot info is null. Setting the last applied indexto:(t:0, i:~)
scm_1       | 2019-10-22 06:48:22,026 INFO ipc.Server: Auth successful for dn/6b7ff5c794ea@EXAMPLE.COM (auth:KERBEROS)
kms_1       | Oct 22, 2019 6:48:23 AM com.sun.jersey.server.wadl.generators.AbstractWadlGeneratorGrammarGenerator attachTypes
