datanode_1  | 2019-10-09 14:21:49 INFO  RaftServerConfigKeys:43 - raft.server.log.statemachine.data.sync.timeout = 10s (default)
scm_1       | 2019-10-09 14:21:44 INFO  Server:351 - jetty-9.3.25.v20180904, build timestamp: 2018-09-04T21:11:46Z, git hash: 3ce520221d0240229c862b122d2b06c12a625732
datanode_3  | 2019-10-09 14:21:50 INFO  RaftServerConfigKeys:43 - raft.server.log.use.memory = false (default)
rm_1        | maximumAllocation = <memory:8192, vCores:32> [= configuredMaxAllocation ]
datanode_2  | 2019-10-09 14:21:48 INFO  RaftStorage:84 - Storage directory /data/metadata/ratis/0962571f-4c1c-407e-9153-b3c1827d373b has been successfully formatted.
nm_1        | 2019-10-09 14:21:42 INFO  AuthenticationFilter:283 - Unable to initialize FileSignerSecretProvider, falling back to use random secrets.
om_1        | 2019-10-09 14:21:51 INFO  DFSUtil:1641 - Starting Web-server for ozoneManager at: http://0.0.0.0:9874
datanode_1  | 2019-10-09 14:21:49 INFO  RaftServerConfigKeys:43 - raft.server.log.statemachine.data.sync.timeout.retry = -1 (default)
scm_1       | 2019-10-09 14:21:44 INFO  ContextHandler:781 - Started o.e.j.s.ServletContextHandler@29a4f594{/logs,file:///var/log/hadoop/,AVAILABLE}
datanode_3  | 2019-10-09 14:21:50 INFO  RaftServerConfigKeys:43 - raft.server.log.purge.gap = 1000000 (custom)
rm_1        | numContainers = 0 [= currentNumContainers ]
datanode_2  | 2019-10-09 14:21:48 INFO  ContainerStateMachine:231 - group-B3C1827D373B: The snapshot info is null. Setting the last applied indexto:(t:0, i:~)
nm_1        | 2019-10-09 14:21:42 INFO  HttpRequestLog:80 - Http request log for http.requests.nodemanager is not defined
om_1        | 2019-10-09 14:21:51 INFO  AuthenticationFilter:240 - Unable to initialize FileSignerSecretProvider, falling back to use random secrets.
datanode_1  | 2019-10-09 14:21:49 INFO  RaftServerConfigKeys:43 - raft.server.log.statemachine.data.caching.enabled = true (custom)
scm_1       | 2019-10-09 14:21:44 INFO  ContextHandler:781 - Started o.e.j.s.ServletContextHandler@44cb460e{/static,jar:file:/opt/hadoop/share/ozone/lib/hadoop-hdds-server-scm-0.5.0-SNAPSHOT.jar!/webapps/static,AVAILABLE}
datanode_3  | 2019-10-09 14:21:50 INFO  RaftServerConfigKeys:43 - raft.server.log.appender.buffer.byte-limit = 33554432 (custom)
rm_1        | state = RUNNING [= configuredState ]
nm_1        | 2019-10-09 14:21:42 INFO  HttpServer2:730 - Added global filter 'safety' (class=org.apache.hadoop.http.HttpServer2$QuotingInputFilter)
om_1        | 2019-10-09 14:21:51 INFO  HttpRequestLog:81 - Http request log for http.requests.ozoneManager is not defined
datanode_2  | 2019-10-09 14:21:48 INFO  RaftServerConfigKeys:43 - raft.server.notification.no-leader.timeout = 120s (custom)
scm_1       | 2019-10-09 14:21:45 INFO  ContextHandler:781 - Started o.e.j.w.WebAppContext@472a11ae{/,file:///tmp/jetty-0.0.0.0-9876-scm-_-any-3188192405951962642.dir/webapp/,AVAILABLE}{/scm}
datanode_3  | 2019-10-09 14:21:50 INFO  RaftServerConfigKeys:43 - raft.server.log.segment.size.max = 1048576 (custom)
rm_1        | acls = SUBMIT_APP:*ADMINISTER_QUEUE:* [= configuredAcls ]
datanode_1  | 2019-10-09 14:21:49 INFO  SegmentedRaftLogWorker:128 - d9f59d47-ab4a-486d-a59e-11de5f9e430b@group-D9D44CFE482F-SegmentedRaftLogWorker: flushIndex: setUnconditionally 0 -> -1
nm_1        | 2019-10-09 14:21:42 INFO  HttpServer2:705 - Added filter static_user_filter (class=org.apache.hadoop.http.lib.StaticUserWebFilter$StaticUserFilter) to context node
om_1        | 2019-10-09 14:21:51 INFO  HttpServer2:975 - Added global filter 'safety' (class=org.apache.hadoop.http.HttpServer2$QuotingInputFilter)
datanode_2  | 2019-10-09 14:21:48 INFO  RaftServerConfigKeys:43 - raft.server.log.use.memory = false (default)
scm_1       | 2019-10-09 14:21:45 INFO  AbstractConnector:278 - Started ServerConnector@1ba359bd{HTTP/1.1,[http/1.1]}{0.0.0.0:9876}
datanode_3  | 2019-10-09 14:21:50 WARN  MetricsSystemImpl:151 - HddsDatanode metrics system already initialized!
rm_1        | nodeLocalityDelay = 40
datanode_1  | 2019-10-09 14:21:49 INFO  RaftServerConfigKeys:43 - raft.server.snapshot.auto.trigger.enabled = true (custom)
om_1        | 2019-10-09 14:21:51 INFO  HttpServer2:948 - Added filter static_user_filter (class=org.apache.hadoop.http.lib.StaticUserWebFilter$StaticUserFilter) to context ozoneManager
datanode_2  | 2019-10-09 14:21:48 INFO  RaftServerConfigKeys:43 - raft.server.log.purge.gap = 1000000 (custom)
nm_1        | 2019-10-09 14:21:42 INFO  HttpServer2:713 - Added filter static_user_filter (class=org.apache.hadoop.http.lib.StaticUserWebFilter$StaticUserFilter) to context static
datanode_3  | 2019-10-09 14:21:50 INFO  MetricRegistries:64 - Loaded MetricRegistries class org.apache.ratis.metrics.impl.MetricRegistriesImpl
rm_1        | labels=*,
datanode_1  | 2019-10-09 14:21:49 INFO  RaftServerConfigKeys:43 - raft.server.snapshot.auto.trigger.threshold = 10000 (custom)
scm_1       | 2019-10-09 14:21:45 INFO  Server:419 - Started @3590ms
om_1        | 2019-10-09 14:21:52 INFO  HttpServer2:958 - Added filter static_user_filter (class=org.apache.hadoop.http.lib.StaticUserWebFilter$StaticUserFilter) to context logs
datanode_3  | 2019-10-09 14:21:50 INFO  RaftServerConfigKeys:43 - raft.server.log.segment.cache.num.max = 2 (custom)
datanode_2  | 2019-10-09 14:21:48 INFO  RaftServerConfigKeys:43 - raft.server.log.appender.buffer.byte-limit = 33554432 (custom)
nm_1        | 2019-10-09 14:21:42 INFO  HttpServer2:713 - Added filter static_user_filter (class=org.apache.hadoop.http.lib.StaticUserWebFilter$StaticUserFilter) to context logs
rm_1        | nodeLocalityDelay = 40
datanode_1  | 2019-10-09 14:21:49 INFO  RaftServerConfigKeys:43 - raft.server.snapshot.retention.file.num = 5 (custom)
scm_1       | 2019-10-09 14:21:45 INFO  MetricsSinkAdapter:204 - Sink prometheus started
om_1        | 2019-10-09 14:21:52 INFO  HttpServer2:958 - Added filter static_user_filter (class=org.apache.hadoop.http.lib.StaticUserWebFilter$StaticUserFilter) to context static
datanode_3  | 2019-10-09 14:21:50 INFO  SegmentedRaftLogWorker:173 - new 9c29a5cc-a6d6-40bc-983a-3e3d774f5d43@group-1F53563BB637-SegmentedRaftLogWorker for RaftStorage:Storage Directory /data/metadata/ratis/16619d0e-bb95-4666-be54-1f53563bb637
datanode_2  | 2019-10-09 14:21:48 INFO  RaftServerConfigKeys:43 - raft.server.log.segment.size.max = 1048576 (custom)
rm_1        | reservationsContinueLooking = true
nm_1        | 2019-10-09 14:21:42 INFO  HttpServer2:424 - adding path spec: /node/*
scm_1       | 2019-10-09 14:21:45 INFO  MetricsSystemImpl:301 - Registered sink prometheus
datanode_1  | 2019-10-09 14:21:49 INFO  RaftServerConfigKeys:43 - raft.server.retrycache.expirytime = 600000ms (custom)
om_1        | 2019-10-09 14:21:52 INFO  HttpServer2:1191 - Jetty bound to port 9874
datanode_3  | 2019-10-09 14:21:50 INFO  RaftServerConfigKeys:43 - raft.server.log.queue.byte-limit = 2147483647 (custom)
datanode_2  | 2019-10-09 14:21:48 WARN  MetricsSystemImpl:151 - HddsDatanode metrics system already initialized!
rm_1        | preemptionDisabled = true
scm_1       | 2019-10-09 14:21:45 INFO  BaseHttpServer:215 - HTTP server of SCM is listening at http://0.0.0.0:9876
datanode_1  | 2019-10-09 14:21:49 INFO  RaftServerImpl:181 - d9f59d47-ab4a-486d-a59e-11de5f9e430b@group-D9D44CFE482F: start as a follower, conf=-1: [d9f59d47-ab4a-486d-a59e-11de5f9e430b:172.18.0.9:9858], old=null
om_1        | 2019-10-09 14:21:52 INFO  Server:351 - jetty-9.3.25.v20180904, build timestamp: 2018-09-04T21:11:46Z, git hash: 3ce520221d0240229c862b122d2b06c12a625732
nm_1        | 2019-10-09 14:21:42 INFO  HttpServer2:424 - adding path spec: /ws/*
datanode_3  | 2019-10-09 14:21:50 INFO  RaftServerConfigKeys:43 - raft.server.log.queue.element-limit = 1024 (custom)
datanode_2  | 2019-10-09 14:21:48 INFO  MetricRegistries:64 - Loaded MetricRegistries class org.apache.ratis.metrics.impl.MetricRegistriesImpl
rm_1        | 
scm_1       | 2019-10-09 14:21:45 INFO  JvmPauseMonitor:188 - Starting JVM pause monitor
datanode_1  | 2019-10-09 14:21:49 INFO  RaftServerImpl:170 - d9f59d47-ab4a-486d-a59e-11de5f9e430b@group-D9D44CFE482F: changes role from      null to FOLLOWER at term 0 for startAsFollower
om_1        | 2019-10-09 14:21:52 INFO  ContextHandler:781 - Started o.e.j.s.ServletContextHandler@7d904ff1{/logs,file:///var/log/hadoop/,AVAILABLE}
nm_1        | 2019-10-09 14:21:42 INFO  WebApps:288 - Registered webapp guice modules
datanode_3  | 2019-10-09 14:21:50 INFO  RaftServerConfigKeys:43 - raft.server.log.segment.size.max = 1048576 (custom)
datanode_2  | 2019-10-09 14:21:48 INFO  RaftServerConfigKeys:43 - raft.server.log.segment.cache.num.max = 2 (custom)
scm_1       | 2019-10-09 14:21:47 INFO  NetworkTopology:111 - Added a new node: /default-rack/8268c3d1-2455-4d3f-b701-82f5f3f7d43f
datanode_1  | 2019-10-09 14:21:49 INFO  RoleInfo:143 - d9f59d47-ab4a-486d-a59e-11de5f9e430b: start FollowerState
om_1        | 2019-10-09 14:21:52 INFO  ContextHandler:781 - Started o.e.j.s.ServletContextHandler@5e1dde44{/static,jar:file:/opt/hadoop/share/ozone/lib/hadoop-ozone-ozone-manager-0.5.0-SNAPSHOT.jar!/webapps/static,AVAILABLE}
nm_1        | 2019-10-09 14:21:42 INFO  HttpServer2:935 - Jetty bound to port 8042
datanode_3  | 2019-10-09 14:21:50 INFO  RaftServerConfigKeys:43 - raft.server.log.preallocated.size = 16384 (custom)
rm_1        | 2019-10-09 14:21:41 INFO  CapacityScheduler:634 - Initialized queue: default: capacity=1.0, absoluteCapacity=1.0, usedResources=<memory:0, vCores:0>, usedCapacity=0.0, absoluteUsedCapacity=0.0, numApps=0, numContainers=0
scm_1       | 2019-10-09 14:21:47 INFO  SCMNodeManager:268 - Registered Data node : 8268c3d1-2455-4d3f-b701-82f5f3f7d43f{ip: 172.18.0.5, host: hadoop27_datanode_2.hadoop27_default, networkLocation: /default-rack, certSerialId: null}
datanode_2  | 2019-10-09 14:21:48 INFO  SegmentedRaftLogWorker:173 - new 8268c3d1-2455-4d3f-b701-82f5f3f7d43f@group-B3C1827D373B-SegmentedRaftLogWorker for RaftStorage:Storage Directory /data/metadata/ratis/0962571f-4c1c-407e-9153-b3c1827d373b
datanode_1  | 2019-10-09 14:21:49 INFO  JmxRegister:44 - Successfully registered JMX Bean with object name Ratis:service=RaftServer,group=group-D9D44CFE482F,id=d9f59d47-ab4a-486d-a59e-11de5f9e430b
om_1        | 2019-10-09 14:21:52 INFO  ContextHandler:781 - Started o.e.j.w.WebAppContext@60c73e58{/,file:///tmp/jetty-0.0.0.0-9874-ozoneManager-_-any-12548420863294811391.dir/webapp/,AVAILABLE}{/ozoneManager}
nm_1        | 2019-10-09 14:21:42 INFO  log:67 - jetty-6.1.26
datanode_3  | 2019-10-09 14:21:50 INFO  RaftServerConfigKeys:43 - raft.server.log.write.buffer.size = 33554432 (custom)
rm_1        | 2019-10-09 14:21:41 INFO  CapacityScheduler:634 - Initialized queue: root: numChildQueue= 1, capacity=1.0, absoluteCapacity=1.0, usedResources=<memory:0, vCores:0>usedCapacity=0.0, numApps=0, numContainers=0
datanode_2  | 2019-10-09 14:21:48 INFO  RaftServerConfigKeys:43 - raft.server.log.queue.byte-limit = 2147483647 (custom)
scm_1       | 2019-10-09 14:21:47 INFO  SCMSafeModeManager:71 - SCM in safe mode. 1 DataNodes registered, 1 required.
datanode_1  | 2019-10-09 14:21:50 INFO  RaftServerProxy:89 - d9f59d47-ab4a-486d-a59e-11de5f9e430b: addNew group-9F5E5B2D61FF:[d9f59d47-ab4a-486d-a59e-11de5f9e430b:172.18.0.9:9858, 8268c3d1-2455-4d3f-b701-82f5f3f7d43f:172.18.0.5:9858, 9c29a5cc-a6d6-40bc-983a-3e3d774f5d43:172.18.0.4:9858] returns group-9F5E5B2D61FF:java.util.concurrent.CompletableFuture@28ecebff[Not completed]
nm_1        | 2019-10-09 14:21:42 INFO  log:67 - Extract jar:file:/opt/hadoop/share/hadoop/yarn/hadoop-yarn-common-2.7.7.jar!/webapps/node to /tmp/Jetty_0_0_0_0_8042_node____19tj0x/webapp
datanode_3  | 2019-10-09 14:21:50 INFO  RaftServerConfigKeys:43 - raft.server.log.force.sync.num = 128 (default)
rm_1        | 2019-10-09 14:21:41 INFO  CapacityScheduler:478 - Initialized root queue root: numChildQueue= 1, capacity=1.0, absoluteCapacity=1.0, usedResources=<memory:0, vCores:0>usedCapacity=0.0, numApps=0, numContainers=0
om_1        | 2019-10-09 14:21:52 INFO  AbstractConnector:278 - Started ServerConnector@42938b92{HTTP/1.1,[http/1.1]}{0.0.0.0:9874}
datanode_2  | 2019-10-09 14:21:48 INFO  RaftServerConfigKeys:43 - raft.server.log.queue.element-limit = 1024 (custom)
scm_1       | 2019-10-09 14:21:47 INFO  SCMSafeModeManager:177 - ScmSafeModeManager, all rules are successfully validated
datanode_1  | 2019-10-09 14:21:50 INFO  RaftServerImpl:95 - d9f59d47-ab4a-486d-a59e-11de5f9e430b: new RaftServerImpl for group-9F5E5B2D61FF:[d9f59d47-ab4a-486d-a59e-11de5f9e430b:172.18.0.9:9858, 8268c3d1-2455-4d3f-b701-82f5f3f7d43f:172.18.0.5:9858, 9c29a5cc-a6d6-40bc-983a-3e3d774f5d43:172.18.0.4:9858] with ContainerStateMachine:uninitialized
nm_1        | Oct 09, 2019 2:21:43 PM com.sun.jersey.guice.spi.container.GuiceComponentProviderFactory register
rm_1        | 2019-10-09 14:21:41 INFO  CapacityScheduler:447 - Initialized queue mappings, override: false
om_1        | 2019-10-09 14:21:52 INFO  Server:419 - Started @4038ms
datanode_2  | 2019-10-09 14:21:48 INFO  RaftServerConfigKeys:43 - raft.server.log.segment.size.max = 1048576 (custom)
scm_1       | 2019-10-09 14:21:47 INFO  SCMSafeModeManager:193 - SCM exiting safe mode.
datanode_3  | 2019-10-09 14:21:50 INFO  RaftServerConfigKeys:43 - raft.server.log.statemachine.data.sync = true (default)
datanode_1  | 2019-10-09 14:21:50 INFO  RaftServerConfigKeys:43 - raft.server.rpc.timeout.min = 5s (custom)
nm_1        | INFO: Registering org.apache.hadoop.yarn.server.nodemanager.webapp.NMWebServices as a root resource class
rm_1        | 2019-10-09 14:21:41 INFO  CapacityScheduler:314 - Initialized CapacityScheduler with calculator=class org.apache.hadoop.yarn.util.resource.DefaultResourceCalculator, minimumAllocation=<<memory:1024, vCores:1>>, maximumAllocation=<<memory:8192, vCores:32>>, asynchronousScheduling=false, asyncScheduleInterval=5ms
datanode_2  | 2019-10-09 14:21:48 INFO  RaftServerConfigKeys:43 - raft.server.log.preallocated.size = 16384 (custom)
om_1        | 2019-10-09 14:21:52 INFO  MetricsSinkAdapter:204 - Sink prometheus started
scm_1       | 2019-10-09 14:21:47 INFO  NetworkTopology:111 - Added a new node: /default-rack/9c29a5cc-a6d6-40bc-983a-3e3d774f5d43
datanode_3  | 2019-10-09 14:21:50 INFO  RaftServerConfigKeys:43 - raft.server.log.statemachine.data.sync.timeout = 10s (default)
datanode_1  | 2019-10-09 14:21:50 INFO  RaftServerConfigKeys:43 - raft.server.rpc.timeout.max = 5200ms (custom)
nm_1        | Oct 09, 2019 2:21:43 PM com.sun.jersey.guice.spi.container.GuiceComponentProviderFactory register
rm_1        | 2019-10-09 14:21:41 INFO  SystemMetricsPublisher:93 - YARN system metrics publishing service is not enabled
datanode_2  | 2019-10-09 14:21:48 INFO  RaftServerConfigKeys:43 - raft.server.log.write.buffer.size = 33554432 (custom)
om_1        | 2019-10-09 14:21:52 INFO  MetricsSystemImpl:301 - Registered sink prometheus
scm_1       | 2019-10-09 14:21:47 INFO  SCMNodeManager:268 - Registered Data node : 9c29a5cc-a6d6-40bc-983a-3e3d774f5d43{ip: 172.18.0.4, host: hadoop27_datanode_3.hadoop27_default, networkLocation: /default-rack, certSerialId: null}
datanode_3  | 2019-10-09 14:21:50 INFO  RaftServerConfigKeys:43 - raft.server.log.statemachine.data.sync.timeout.retry = -1 (default)
datanode_1  | 2019-10-09 14:21:50 INFO  RaftServerConfigKeys:43 - raft.server.rpcslowness.timeout = 120s (custom)
nm_1        | INFO: Registering org.apache.hadoop.yarn.webapp.GenericExceptionHandler as a provider class
datanode_2  | 2019-10-09 14:21:48 INFO  RaftServerConfigKeys:43 - raft.server.log.force.sync.num = 128 (default)
om_1        | 2019-10-09 14:21:52 INFO  BaseHttpServer:215 - HTTP server of OZONEMANAGER is listening at http://0.0.0.0:9874
scm_1       | 2019-10-09 14:21:47 INFO  NetworkTopology:111 - Added a new node: /default-rack/d9f59d47-ab4a-486d-a59e-11de5f9e430b
rm_1        | 2019-10-09 14:21:41 INFO  ResourceManager:1009 - Transitioning to active state
datanode_3  | 2019-10-09 14:21:50 INFO  RaftServerConfigKeys:43 - raft.server.log.statemachine.data.caching.enabled = true (custom)
datanode_1  | 2019-10-09 14:21:50 INFO  RaftServerConfigKeys:43 - raft.server.sleep.deviation.threshold = 300 (default)
nm_1        | Oct 09, 2019 2:21:43 PM com.sun.jersey.guice.spi.container.GuiceComponentProviderFactory register
datanode_2  | 2019-10-09 14:21:48 INFO  RaftServerConfigKeys:43 - raft.server.log.statemachine.data.sync = true (default)
om_1        | 2019-10-09 14:22:04 INFO  OMVolumeCreateRequest:193 - created volume:vol1 for user:hadoop
scm_1       | 2019-10-09 14:21:47 INFO  SCMNodeManager:268 - Registered Data node : d9f59d47-ab4a-486d-a59e-11de5f9e430b{ip: 172.18.0.9, host: hadoop27_datanode_1.hadoop27_default, networkLocation: /default-rack, certSerialId: null}
datanode_3  | 2019-10-09 14:21:50 INFO  SegmentedRaftLogWorker:128 - 9c29a5cc-a6d6-40bc-983a-3e3d774f5d43@group-1F53563BB637-SegmentedRaftLogWorker: flushIndex: setUnconditionally 0 -> -1
rm_1        | 2019-10-09 14:21:41 INFO  RMStateStore:466 - Updating AMRMToken
datanode_1  | 2019-10-09 14:21:50 INFO  RaftServerConfigKeys:43 - raft.server.log.appender.install.snapshot.enabled = false (custom)
nm_1        | INFO: Registering org.apache.hadoop.yarn.server.nodemanager.webapp.JAXBContextResolver as a provider class
datanode_2  | 2019-10-09 14:21:48 INFO  RaftServerConfigKeys:43 - raft.server.log.statemachine.data.sync.timeout = 10s (default)
scm_1       | WARNING: An illegal reflective access operation has occurred
datanode_3  | 2019-10-09 14:21:50 INFO  RaftServerConfigKeys:43 - raft.server.snapshot.auto.trigger.enabled = true (custom)
rm_1        | 2019-10-09 14:21:41 INFO  RMContainerTokenSecretManager:105 - Rolling master-key for container-tokens
nm_1        | Oct 09, 2019 2:21:43 PM com.sun.jersey.server.impl.application.WebApplicationImpl _initiate
datanode_2  | 2019-10-09 14:21:48 INFO  RaftServerConfigKeys:43 - raft.server.log.statemachine.data.sync.timeout.retry = -1 (default)
datanode_1  | 2019-10-09 14:21:50 INFO  RaftServerImpl:103 - d9f59d47-ab4a-486d-a59e-11de5f9e430b@group-9F5E5B2D61FF: ConfigurationManager, init=-1: [d9f59d47-ab4a-486d-a59e-11de5f9e430b:172.18.0.9:9858, 8268c3d1-2455-4d3f-b701-82f5f3f7d43f:172.18.0.5:9858, 9c29a5cc-a6d6-40bc-983a-3e3d774f5d43:172.18.0.4:9858], old=null, confs=<EMPTY_MAP>
scm_1       | WARNING: Illegal reflective access by org.apache.ratis.thirdparty.com.google.protobuf.UnsafeUtil (file:/opt/hadoop/share/ozone/lib/ratis-thirdparty-misc-0.2.0.jar) to field java.nio.Buffer.address
datanode_3  | 2019-10-09 14:21:50 INFO  RaftServerConfigKeys:43 - raft.server.snapshot.auto.trigger.threshold = 10000 (custom)
rm_1        | 2019-10-09 14:21:41 INFO  NMTokenSecretManagerInRM:95 - Rolling master-key for nm-tokens
nm_1        | INFO: Initiating Jersey application, version 'Jersey: 1.9 09/02/2011 11:17 AM'
datanode_1  | 2019-10-09 14:21:50 INFO  RaftServerConfigKeys:43 - raft.server.storage.dir = [/data/metadata/ratis] (custom)
datanode_2  | 2019-10-09 14:21:48 INFO  RaftServerConfigKeys:43 - raft.server.log.statemachine.data.caching.enabled = true (custom)
scm_1       | WARNING: Please consider reporting this to the maintainers of org.apache.ratis.thirdparty.com.google.protobuf.UnsafeUtil
datanode_3  | 2019-10-09 14:21:50 INFO  RaftServerConfigKeys:43 - raft.server.snapshot.retention.file.num = 5 (custom)
rm_1        | 2019-10-09 14:21:41 INFO  AbstractDelegationTokenSecretManager:326 - Updating the current master key for generating delegation tokens
nm_1        | Oct 09, 2019 2:21:43 PM com.sun.jersey.guice.spi.container.GuiceComponentProviderFactory getComponentProvider
datanode_1  | 2019-10-09 14:21:50 INFO  RaftServerConfigKeys:43 - raft.server.log.corruption.policy = EXCEPTION (default)
datanode_2  | 2019-10-09 14:21:49 INFO  SegmentedRaftLogWorker:128 - 8268c3d1-2455-4d3f-b701-82f5f3f7d43f@group-B3C1827D373B-SegmentedRaftLogWorker: flushIndex: setUnconditionally 0 -> -1
scm_1       | WARNING: Use --illegal-access=warn to enable warnings of further illegal reflective access operations
datanode_3  | 2019-10-09 14:21:50 INFO  RaftServerConfigKeys:43 - raft.server.retrycache.expirytime = 600000ms (custom)
rm_1        | 2019-10-09 14:21:41 INFO  RMDelegationTokenSecretManager:85 - storing master key with keyID 1
datanode_1  | 2019-10-09 14:21:50 INFO  RaftStorageDirectory:246 - The storage directory /data/metadata/ratis/3473745d-ce03-4ada-ba30-9f5e5b2d61ff does not exist. Creating ...
datanode_2  | 2019-10-09 14:21:49 INFO  RaftServerConfigKeys:43 - raft.server.snapshot.auto.trigger.enabled = true (custom)
nm_1        | INFO: Binding org.apache.hadoop.yarn.server.nodemanager.webapp.JAXBContextResolver to GuiceManagedComponentProvider with the scope "Singleton"
scm_1       | WARNING: All illegal access operations will be denied in a future release
datanode_3  | 2019-10-09 14:21:50 INFO  RaftServerImpl:181 - 9c29a5cc-a6d6-40bc-983a-3e3d774f5d43@group-1F53563BB637: start as a follower, conf=-1: [9c29a5cc-a6d6-40bc-983a-3e3d774f5d43:172.18.0.4:9858], old=null
rm_1        | 2019-10-09 14:21:41 INFO  RMStateStore:417 - Storing RMDTMasterKey.
datanode_1  | 2019-10-09 14:21:50 INFO  RaftStorageDirectory:328 - Lock on /data/metadata/ratis/3473745d-ce03-4ada-ba30-9f5e5b2d61ff/in_use.lock acquired by nodename 7@a94675ce8de4
datanode_2  | 2019-10-09 14:21:49 INFO  RaftServerConfigKeys:43 - raft.server.snapshot.auto.trigger.threshold = 10000 (custom)
nm_1        | Oct 09, 2019 2:21:43 PM com.sun.jersey.guice.spi.container.GuiceComponentProviderFactory getComponentProvider
scm_1       | 2019-10-09 14:21:49 INFO  PipelineStateManager:56 - Created pipeline Pipeline[ Id: 0962571f-4c1c-407e-9153-b3c1827d373b, Nodes: 8268c3d1-2455-4d3f-b701-82f5f3f7d43f{ip: 172.18.0.5, host: hadoop27_datanode_2.hadoop27_default, networkLocation: /default-rack, certSerialId: null}, Type:RATIS, Factor:ONE, State:OPEN]
rm_1        | 2019-10-09 14:21:41 INFO  AbstractDelegationTokenSecretManager:644 - Starting expired delegation token remover thread, tokenRemoverScanInterval=60 min(s)
datanode_1  | 2019-10-09 14:21:50 INFO  RaftStorage:84 - Storage directory /data/metadata/ratis/3473745d-ce03-4ada-ba30-9f5e5b2d61ff has been successfully formatted.
datanode_2  | 2019-10-09 14:21:49 INFO  RaftServerConfigKeys:43 - raft.server.snapshot.retention.file.num = 5 (custom)
datanode_3  | 2019-10-09 14:21:50 INFO  RaftServerImpl:170 - 9c29a5cc-a6d6-40bc-983a-3e3d774f5d43@group-1F53563BB637: changes role from      null to FOLLOWER at term 0 for startAsFollower
nm_1        | INFO: Binding org.apache.hadoop.yarn.webapp.GenericExceptionHandler to GuiceManagedComponentProvider with the scope "Singleton"
scm_1       | 2019-10-09 14:21:49 INFO  PipelineStateManager:56 - Created pipeline Pipeline[ Id: fbc20e90-ca86-4b24-8d89-d9d44cfe482f, Nodes: d9f59d47-ab4a-486d-a59e-11de5f9e430b{ip: 172.18.0.9, host: hadoop27_datanode_1.hadoop27_default, networkLocation: /default-rack, certSerialId: null}, Type:RATIS, Factor:ONE, State:OPEN]
rm_1        | 2019-10-09 14:21:41 INFO  AbstractDelegationTokenSecretManager:326 - Updating the current master key for generating delegation tokens
datanode_1  | 2019-10-09 14:21:50 INFO  ContainerStateMachine:231 - group-9F5E5B2D61FF: The snapshot info is null. Setting the last applied indexto:(t:0, i:~)
datanode_2  | 2019-10-09 14:21:49 INFO  RaftServerConfigKeys:43 - raft.server.retrycache.expirytime = 600000ms (custom)
datanode_3  | 2019-10-09 14:21:50 INFO  RoleInfo:143 - 9c29a5cc-a6d6-40bc-983a-3e3d774f5d43: start FollowerState
nm_1        | Oct 09, 2019 2:21:43 PM com.sun.jersey.guice.spi.container.GuiceComponentProviderFactory getComponentProvider
scm_1       | 2019-10-09 14:21:50 INFO  PipelineStateManager:56 - Created pipeline Pipeline[ Id: 16619d0e-bb95-4666-be54-1f53563bb637, Nodes: 9c29a5cc-a6d6-40bc-983a-3e3d774f5d43{ip: 172.18.0.4, host: hadoop27_datanode_3.hadoop27_default, networkLocation: /default-rack, certSerialId: null}, Type:RATIS, Factor:ONE, State:OPEN]
rm_1        | 2019-10-09 14:21:41 INFO  RMDelegationTokenSecretManager:85 - storing master key with keyID 2
datanode_1  | 2019-10-09 14:21:50 INFO  RaftServerConfigKeys:43 - raft.server.notification.no-leader.timeout = 120s (custom)
datanode_2  | 2019-10-09 14:21:49 INFO  RaftServerImpl:181 - 8268c3d1-2455-4d3f-b701-82f5f3f7d43f@group-B3C1827D373B: start as a follower, conf=-1: [8268c3d1-2455-4d3f-b701-82f5f3f7d43f:172.18.0.5:9858], old=null
datanode_3  | 2019-10-09 14:21:50 INFO  JmxRegister:44 - Successfully registered JMX Bean with object name Ratis:service=RaftServer,group=group-1F53563BB637,id=9c29a5cc-a6d6-40bc-983a-3e3d774f5d43
nm_1        | INFO: Binding org.apache.hadoop.yarn.server.nodemanager.webapp.NMWebServices to GuiceManagedComponentProvider with the scope "Singleton"
scm_1       | 2019-10-09 14:21:50 INFO  PipelineStateManager:56 - Created pipeline Pipeline[ Id: 3473745d-ce03-4ada-ba30-9f5e5b2d61ff, Nodes: d9f59d47-ab4a-486d-a59e-11de5f9e430b{ip: 172.18.0.9, host: hadoop27_datanode_1.hadoop27_default, networkLocation: /default-rack, certSerialId: null}9c29a5cc-a6d6-40bc-983a-3e3d774f5d43{ip: 172.18.0.4, host: hadoop27_datanode_3.hadoop27_default, networkLocation: /default-rack, certSerialId: null}8268c3d1-2455-4d3f-b701-82f5f3f7d43f{ip: 172.18.0.5, host: hadoop27_datanode_2.hadoop27_default, networkLocation: /default-rack, certSerialId: null}, Type:RATIS, Factor:THREE, State:OPEN]
rm_1        | 2019-10-09 14:21:41 INFO  RMStateStore:417 - Storing RMDTMasterKey.
datanode_1  | 2019-10-09 14:21:50 INFO  RaftServerConfigKeys:43 - raft.server.log.use.memory = false (default)
datanode_2  | 2019-10-09 14:21:49 INFO  RaftServerImpl:170 - 8268c3d1-2455-4d3f-b701-82f5f3f7d43f@group-B3C1827D373B: changes role from      null to FOLLOWER at term 0 for startAsFollower
datanode_3  | 2019-10-09 14:21:50 INFO  RaftServerProxy:89 - 9c29a5cc-a6d6-40bc-983a-3e3d774f5d43: addNew group-9F5E5B2D61FF:[d9f59d47-ab4a-486d-a59e-11de5f9e430b:172.18.0.9:9858, 8268c3d1-2455-4d3f-b701-82f5f3f7d43f:172.18.0.5:9858, 9c29a5cc-a6d6-40bc-983a-3e3d774f5d43:172.18.0.4:9858] returns group-9F5E5B2D61FF:java.util.concurrent.CompletableFuture@12367b81[Not completed]
nm_1        | 2019-10-09 14:21:43 INFO  log:67 - Started HttpServer2$SelectChannelConnectorWithSafeStartup@0.0.0.0:8042
rm_1        | 2019-10-09 14:21:41 INFO  AsyncDispatcher:209 - Registering class org.apache.hadoop.yarn.nodelabels.event.NodeLabelsStoreEventType for class org.apache.hadoop.yarn.nodelabels.CommonNodeLabelsManager$ForwardingEventHandler
scm_1       | 2019-10-09 14:23:51 INFO  SCMBlockProtocolServer:212 - SCM is informed by OM to delete 11 blocks
datanode_1  | 2019-10-09 14:21:50 INFO  RaftServerConfigKeys:43 - raft.server.log.purge.gap = 1000000 (custom)
datanode_2  | 2019-10-09 14:21:49 INFO  RoleInfo:143 - 8268c3d1-2455-4d3f-b701-82f5f3f7d43f: start FollowerState
datanode_3  | 2019-10-09 14:21:50 INFO  RaftServerImpl:95 - 9c29a5cc-a6d6-40bc-983a-3e3d774f5d43: new RaftServerImpl for group-9F5E5B2D61FF:[d9f59d47-ab4a-486d-a59e-11de5f9e430b:172.18.0.9:9858, 8268c3d1-2455-4d3f-b701-82f5f3f7d43f:172.18.0.5:9858, 9c29a5cc-a6d6-40bc-983a-3e3d774f5d43:172.18.0.4:9858] with ContainerStateMachine:uninitialized
nm_1        | 2019-10-09 14:21:43 INFO  WebApps:307 - Web app node started at 8042
rm_1        | 2019-10-09 14:21:41 INFO  CallQueueManager:57 - Using callQueue: class java.util.concurrent.LinkedBlockingQueue queueCapacity: 5000
scm_1       | 2019-10-09 14:23:51 INFO  BlockManagerImpl:269 - Deleting blocks conID: 6 locID: 102932870890127365 bcsId: 0
datanode_1  | 2019-10-09 14:21:50 INFO  RaftServerConfigKeys:43 - raft.server.log.appender.buffer.byte-limit = 33554432 (custom)
datanode_2  | 2019-10-09 14:21:49 INFO  JmxRegister:44 - Successfully registered JMX Bean with object name Ratis:service=RaftServer,group=group-B3C1827D373B,id=8268c3d1-2455-4d3f-b701-82f5f3f7d43f
nm_1        | 2019-10-09 14:21:43 INFO  RMProxy:98 - Connecting to ResourceManager at rm/172.18.0.6:8031
datanode_3  | 2019-10-09 14:21:50 INFO  RaftServerConfigKeys:43 - raft.server.rpc.timeout.min = 5s (custom)
rm_1        | 2019-10-09 14:21:41 INFO  Server:722 - Starting Socket Reader #1 for port 8031
scm_1       | 2019-10-09 14:23:51 INFO  BlockManagerImpl:269 - Deleting blocks conID: 7 locID: 102932870912278534 bcsId: 0
datanode_1  | 2019-10-09 14:21:50 INFO  RaftServerConfigKeys:43 - raft.server.log.segment.size.max = 1048576 (custom)
datanode_2  | 2019-10-09 14:21:50 INFO  RaftServerProxy:89 - 8268c3d1-2455-4d3f-b701-82f5f3f7d43f: addNew group-9F5E5B2D61FF:[d9f59d47-ab4a-486d-a59e-11de5f9e430b:172.18.0.9:9858, 8268c3d1-2455-4d3f-b701-82f5f3f7d43f:172.18.0.5:9858, 9c29a5cc-a6d6-40bc-983a-3e3d774f5d43:172.18.0.4:9858] returns group-9F5E5B2D61FF:java.util.concurrent.CompletableFuture@c8897ed[Not completed]
nm_1        | 2019-10-09 14:21:44 INFO  NodeStatusUpdaterImpl:435 - Sending out 0 NM container statuses: []
datanode_3  | 2019-10-09 14:21:50 INFO  RaftServerConfigKeys:43 - raft.server.rpc.timeout.max = 5200ms (custom)
rm_1        | 2019-10-09 14:21:42 INFO  RpcServerFactoryPBImpl:174 - Adding protocol org.apache.hadoop.yarn.server.api.ResourceTrackerPB to the server
scm_1       | 2019-10-09 14:23:51 INFO  BlockManagerImpl:269 - Deleting blocks conID: 8 locID: 102932870937116679 bcsId: 0
datanode_1  | 2019-10-09 14:21:50 INFO  RaftServerConfigKeys:43 - raft.server.log.segment.cache.num.max = 2 (custom)
datanode_2  | 2019-10-09 14:21:50 INFO  RaftServerImpl:95 - 8268c3d1-2455-4d3f-b701-82f5f3f7d43f: new RaftServerImpl for group-9F5E5B2D61FF:[d9f59d47-ab4a-486d-a59e-11de5f9e430b:172.18.0.9:9858, 8268c3d1-2455-4d3f-b701-82f5f3f7d43f:172.18.0.5:9858, 9c29a5cc-a6d6-40bc-983a-3e3d774f5d43:172.18.0.4:9858] with ContainerStateMachine:uninitialized
nm_1        | 2019-10-09 14:21:44 INFO  NodeStatusUpdaterImpl:268 - Registering with RM using containers :[]
datanode_3  | 2019-10-09 14:21:50 INFO  RaftServerConfigKeys:43 - raft.server.rpcslowness.timeout = 120s (custom)
rm_1        | 2019-10-09 14:21:42 INFO  Server:962 - IPC Server Responder: starting
scm_1       | 2019-10-09 14:23:51 INFO  BlockManagerImpl:269 - Deleting blocks conID: 3 locID: 102932870951403528 bcsId: 0
datanode_1  | 2019-10-09 14:21:50 INFO  SegmentedRaftLogWorker:173 - new d9f59d47-ab4a-486d-a59e-11de5f9e430b@group-9F5E5B2D61FF-SegmentedRaftLogWorker for RaftStorage:Storage Directory /data/metadata/ratis/3473745d-ce03-4ada-ba30-9f5e5b2d61ff
datanode_2  | 2019-10-09 14:21:50 INFO  RaftServerConfigKeys:43 - raft.server.rpc.timeout.min = 5s (custom)
datanode_3  | 2019-10-09 14:21:50 INFO  RaftServerConfigKeys:43 - raft.server.sleep.deviation.threshold = 300 (default)
nm_1        | 2019-10-09 14:21:44 INFO  NMContainerTokenSecretManager:138 - Rolling master-key for container-tokens, got key with id 622564344
rm_1        | 2019-10-09 14:21:42 INFO  Server:801 - IPC Server listener on 8031: starting
scm_1       | 2019-10-09 14:23:51 INFO  BlockManagerImpl:269 - Deleting blocks conID: 1 locID: 102932872132034569 bcsId: 0
datanode_1  | 2019-10-09 14:21:50 INFO  RaftServerConfigKeys:43 - raft.server.log.queue.byte-limit = 2147483647 (custom)
datanode_2  | 2019-10-09 14:21:50 INFO  RaftServerConfigKeys:43 - raft.server.rpc.timeout.max = 5200ms (custom)
datanode_3  | 2019-10-09 14:21:50 INFO  RaftServerConfigKeys:43 - raft.server.log.appender.install.snapshot.enabled = false (custom)
nm_1        | 2019-10-09 14:21:44 INFO  NMTokenSecretManagerInNM:135 - Rolling master-key for container-tokens, got key with id 1246562722
rm_1        | 2019-10-09 14:21:42 INFO  CallQueueManager:57 - Using callQueue: class java.util.concurrent.LinkedBlockingQueue queueCapacity: 5000
scm_1       | 2019-10-09 14:23:51 INFO  BlockManagerImpl:269 - Deleting blocks conID: 9 locID: 102932872142585866 bcsId: 0
datanode_1  | 2019-10-09 14:21:50 INFO  RaftServerConfigKeys:43 - raft.server.log.queue.element-limit = 1024 (custom)
datanode_2  | 2019-10-09 14:21:50 INFO  RaftServerConfigKeys:43 - raft.server.rpcslowness.timeout = 120s (custom)
datanode_3  | 2019-10-09 14:21:50 INFO  RaftServerImpl:103 - 9c29a5cc-a6d6-40bc-983a-3e3d774f5d43@group-9F5E5B2D61FF: ConfigurationManager, init=-1: [d9f59d47-ab4a-486d-a59e-11de5f9e430b:172.18.0.9:9858, 8268c3d1-2455-4d3f-b701-82f5f3f7d43f:172.18.0.5:9858, 9c29a5cc-a6d6-40bc-983a-3e3d774f5d43:172.18.0.4:9858], old=null, confs=<EMPTY_MAP>
rm_1        | 2019-10-09 14:21:42 INFO  Server:722 - Starting Socket Reader #1 for port 8030
nm_1        | 2019-10-09 14:21:44 INFO  NodeStatusUpdaterImpl:317 - Registered with ResourceManager as nm:44130 with total resource of <memory:8192, vCores:8>
scm_1       | 2019-10-09 14:23:51 INFO  BlockManagerImpl:269 - Deleting blocks conID: 3 locID: 102932870570508290 bcsId: 0
datanode_1  | 2019-10-09 14:21:50 INFO  RaftServerConfigKeys:43 - raft.server.log.segment.size.max = 1048576 (custom)
datanode_2  | 2019-10-09 14:21:50 INFO  RaftServerConfigKeys:43 - raft.server.sleep.deviation.threshold = 300 (default)
datanode_3  | 2019-10-09 14:21:50 INFO  RaftServerConfigKeys:43 - raft.server.storage.dir = [/data/metadata/ratis] (custom)
rm_1        | 2019-10-09 14:21:42 INFO  RpcServerFactoryPBImpl:174 - Adding protocol org.apache.hadoop.yarn.api.ApplicationMasterProtocolPB to the server
nm_1        | 2019-10-09 14:21:44 INFO  NodeStatusUpdaterImpl:319 - Notifying ContainerManager to unblock new container-requests
scm_1       | 2019-10-09 14:23:51 INFO  BlockManagerImpl:269 - Deleting blocks conID: 4 locID: 102932870723862531 bcsId: 0
datanode_1  | 2019-10-09 14:21:50 INFO  RaftServerConfigKeys:43 - raft.server.log.preallocated.size = 16384 (custom)
datanode_2  | 2019-10-09 14:21:50 INFO  RaftServerConfigKeys:43 - raft.server.log.appender.install.snapshot.enabled = false (custom)
datanode_3  | 2019-10-09 14:21:50 INFO  RaftServerConfigKeys:43 - raft.server.log.corruption.policy = EXCEPTION (default)
rm_1        | 2019-10-09 14:21:42 INFO  Server:801 - IPC Server listener on 8030: starting
nm_1        | 2019-10-09 14:22:48 INFO  Server:1454 - Auth successful for appattempt_1570630901738_0001_000001 (auth:SIMPLE)
scm_1       | 2019-10-09 14:23:51 INFO  BlockManagerImpl:269 - Deleting blocks conID: 5 locID: 102932870771310596 bcsId: 0
datanode_1  | 2019-10-09 14:21:50 INFO  RaftServerConfigKeys:43 - raft.server.log.write.buffer.size = 33554432 (custom)
datanode_2  | 2019-10-09 14:21:50 INFO  RaftServerImpl:103 - 8268c3d1-2455-4d3f-b701-82f5f3f7d43f@group-9F5E5B2D61FF: ConfigurationManager, init=-1: [d9f59d47-ab4a-486d-a59e-11de5f9e430b:172.18.0.9:9858, 8268c3d1-2455-4d3f-b701-82f5f3f7d43f:172.18.0.5:9858, 9c29a5cc-a6d6-40bc-983a-3e3d774f5d43:172.18.0.4:9858], old=null, confs=<EMPTY_MAP>
datanode_3  | 2019-10-09 14:21:50 INFO  RaftStorageDirectory:246 - The storage directory /data/metadata/ratis/3473745d-ce03-4ada-ba30-9f5e5b2d61ff does not exist. Creating ...
rm_1        | 2019-10-09 14:21:42 INFO  Server:962 - IPC Server Responder: starting
nm_1        | 2019-10-09 14:22:48 INFO  ContainerManagerImpl:810 - Start request for container_1570630901738_0001_01_000001 by user hadoop
scm_1       | 2019-10-09 14:23:51 INFO  BlockManagerImpl:269 - Deleting blocks conID: 5 locID: 102932873677373451 bcsId: 0
datanode_1  | 2019-10-09 14:21:50 INFO  RaftServerConfigKeys:43 - raft.server.log.force.sync.num = 128 (default)
datanode_2  | 2019-10-09 14:21:50 INFO  RaftServerConfigKeys:43 - raft.server.storage.dir = [/data/metadata/ratis] (custom)
datanode_3  | 2019-10-09 14:21:50 INFO  RaftStorageDirectory:328 - Lock on /data/metadata/ratis/3473745d-ce03-4ada-ba30-9f5e5b2d61ff/in_use.lock acquired by nodename 7@d2b2b5c159ab
rm_1        | 2019-10-09 14:21:42 INFO  CallQueueManager:57 - Using callQueue: class java.util.concurrent.LinkedBlockingQueue queueCapacity: 5000
nm_1        | 2019-10-09 14:22:48 INFO  ContainerManagerImpl:850 - Creating a new application reference for app application_1570630901738_0001
scm_1       | 2019-10-09 14:23:51 INFO  BlockManagerImpl:269 - Deleting blocks conID: 2 locID: 102932873750315020 bcsId: 0
datanode_1  | 2019-10-09 14:21:50 INFO  RaftServerConfigKeys:43 - raft.server.log.statemachine.data.sync = true (default)
datanode_2  | 2019-10-09 14:21:50 INFO  RaftServerConfigKeys:43 - raft.server.log.corruption.policy = EXCEPTION (default)
datanode_3  | 2019-10-09 14:21:50 INFO  RaftStorage:84 - Storage directory /data/metadata/ratis/3473745d-ce03-4ada-ba30-9f5e5b2d61ff has been successfully formatted.
rm_1        | 2019-10-09 14:21:42 INFO  Server:722 - Starting Socket Reader #1 for port 8032
nm_1        | 2019-10-09 14:22:48 INFO  NMAuditLogger:89 - USER=hadoop	IP=172.18.0.6	OPERATION=Start Container Request	TARGET=ContainerManageImpl	RESULT=SUCCESS	APPID=application_1570630901738_0001	CONTAINERID=container_1570630901738_0001_01_000001
datanode_1  | 2019-10-09 14:21:50 INFO  RaftServerConfigKeys:43 - raft.server.log.statemachine.data.sync.timeout = 10s (default)
rm_1        | 2019-10-09 14:21:42 INFO  RpcServerFactoryPBImpl:174 - Adding protocol org.apache.hadoop.yarn.api.ApplicationClientProtocolPB to the server
datanode_3  | 2019-10-09 14:21:50 INFO  ContainerStateMachine:231 - group-9F5E5B2D61FF: The snapshot info is null. Setting the last applied indexto:(t:0, i:~)
datanode_2  | 2019-10-09 14:21:50 INFO  RaftStorageDirectory:246 - The storage directory /data/metadata/ratis/3473745d-ce03-4ada-ba30-9f5e5b2d61ff does not exist. Creating ...
nm_1        | 2019-10-09 14:22:48 INFO  ApplicationImpl:464 - Application application_1570630901738_0001 transitioned from NEW to INITING
datanode_1  | 2019-10-09 14:21:50 INFO  RaftServerConfigKeys:43 - raft.server.log.statemachine.data.sync.timeout.retry = -1 (default)
rm_1        | 2019-10-09 14:21:42 INFO  Server:962 - IPC Server Responder: starting
datanode_3  | 2019-10-09 14:21:50 INFO  RaftServerConfigKeys:43 - raft.server.notification.no-leader.timeout = 120s (custom)
datanode_2  | 2019-10-09 14:21:50 INFO  RaftStorageDirectory:328 - Lock on /data/metadata/ratis/3473745d-ce03-4ada-ba30-9f5e5b2d61ff/in_use.lock acquired by nodename 7@e9b284471314
nm_1        | 2019-10-09 14:22:48 INFO  ApplicationImpl:304 - Adding container_1570630901738_0001_01_000001 to application application_1570630901738_0001
datanode_1  | 2019-10-09 14:21:50 INFO  RaftServerConfigKeys:43 - raft.server.log.statemachine.data.caching.enabled = true (custom)
rm_1        | 2019-10-09 14:21:42 INFO  Server:801 - IPC Server listener on 8032: starting
datanode_2  | 2019-10-09 14:21:50 INFO  RaftStorage:84 - Storage directory /data/metadata/ratis/3473745d-ce03-4ada-ba30-9f5e5b2d61ff has been successfully formatted.
nm_1        | 2019-10-09 14:22:48 INFO  ApplicationImpl:464 - Application application_1570630901738_0001 transitioned from INITING to RUNNING
datanode_1  | 2019-10-09 14:21:50 INFO  SegmentedRaftLogWorker:128 - d9f59d47-ab4a-486d-a59e-11de5f9e430b@group-9F5E5B2D61FF-SegmentedRaftLogWorker: flushIndex: setUnconditionally 0 -> -1
rm_1        | 2019-10-09 14:21:42 INFO  ResourceManager:1025 - Transitioned to active state
datanode_2  | 2019-10-09 14:21:50 INFO  ContainerStateMachine:231 - group-9F5E5B2D61FF: The snapshot info is null. Setting the last applied indexto:(t:0, i:~)
datanode_3  | 2019-10-09 14:21:50 INFO  RaftServerConfigKeys:43 - raft.server.log.use.memory = false (default)
nm_1        | 2019-10-09 14:22:48 INFO  ContainerImpl:1135 - Container container_1570630901738_0001_01_000001 transitioned from NEW to LOCALIZING
datanode_1  | 2019-10-09 14:21:50 INFO  RaftServerConfigKeys:43 - raft.server.snapshot.auto.trigger.enabled = true (custom)
rm_1        | 2019-10-09 14:21:42 INFO  log:67 - Logging to org.slf4j.impl.Log4jLoggerAdapter(org.mortbay.log) via org.mortbay.log.Slf4jLog
datanode_2  | 2019-10-09 14:21:50 INFO  RaftServerConfigKeys:43 - raft.server.notification.no-leader.timeout = 120s (custom)
datanode_3  | 2019-10-09 14:21:50 INFO  RaftServerConfigKeys:43 - raft.server.log.purge.gap = 1000000 (custom)
nm_1        | 2019-10-09 14:22:48 INFO  AuxServices:196 - Got event CONTAINER_INIT for appId application_1570630901738_0001
datanode_1  | 2019-10-09 14:21:50 INFO  RaftServerConfigKeys:43 - raft.server.snapshot.auto.trigger.threshold = 10000 (custom)
rm_1        | 2019-10-09 14:21:42 INFO  AuthenticationFilter:283 - Unable to initialize FileSignerSecretProvider, falling back to use random secrets.
datanode_3  | 2019-10-09 14:21:50 INFO  RaftServerConfigKeys:43 - raft.server.log.appender.buffer.byte-limit = 33554432 (custom)
nm_1        | 2019-10-09 14:22:48 INFO  LocalizedResource:203 - Resource o3fs://bucket1.vol1/user/hadoop/.staging/job_1570630901738_0001/job.splitmetainfo transitioned from INIT to DOWNLOADING
datanode_1  | 2019-10-09 14:21:50 INFO  RaftServerConfigKeys:43 - raft.server.snapshot.retention.file.num = 5 (custom)
datanode_2  | 2019-10-09 14:21:50 INFO  RaftServerConfigKeys:43 - raft.server.log.use.memory = false (default)
rm_1        | 2019-10-09 14:21:42 INFO  HttpRequestLog:80 - Http request log for http.requests.resourcemanager is not defined
datanode_3  | 2019-10-09 14:21:50 INFO  RaftServerConfigKeys:43 - raft.server.log.segment.size.max = 1048576 (custom)
nm_1        | 2019-10-09 14:22:48 INFO  LocalizedResource:203 - Resource o3fs://bucket1.vol1/user/hadoop/.staging/job_1570630901738_0001/job.jar transitioned from INIT to DOWNLOADING
datanode_1  | 2019-10-09 14:21:50 INFO  RaftServerConfigKeys:43 - raft.server.retrycache.expirytime = 600000ms (custom)
datanode_2  | 2019-10-09 14:21:50 INFO  RaftServerConfigKeys:43 - raft.server.log.purge.gap = 1000000 (custom)
rm_1        | 2019-10-09 14:21:42 INFO  HttpServer2:730 - Added global filter 'safety' (class=org.apache.hadoop.http.HttpServer2$QuotingInputFilter)
nm_1        | 2019-10-09 14:22:48 INFO  LocalizedResource:203 - Resource o3fs://bucket1.vol1/user/hadoop/.staging/job_1570630901738_0001/job.split transitioned from INIT to DOWNLOADING
datanode_1  | 2019-10-09 14:21:50 INFO  RaftServerImpl:181 - d9f59d47-ab4a-486d-a59e-11de5f9e430b@group-9F5E5B2D61FF: start as a follower, conf=-1: [d9f59d47-ab4a-486d-a59e-11de5f9e430b:172.18.0.9:9858, 8268c3d1-2455-4d3f-b701-82f5f3f7d43f:172.18.0.5:9858, 9c29a5cc-a6d6-40bc-983a-3e3d774f5d43:172.18.0.4:9858], old=null
datanode_3  | 2019-10-09 14:21:50 INFO  RaftServerConfigKeys:43 - raft.server.log.segment.cache.num.max = 2 (custom)
nm_1        | 2019-10-09 14:22:48 INFO  LocalizedResource:203 - Resource o3fs://bucket1.vol1/user/hadoop/.staging/job_1570630901738_0001/job.xml transitioned from INIT to DOWNLOADING
datanode_2  | 2019-10-09 14:21:50 INFO  RaftServerConfigKeys:43 - raft.server.log.appender.buffer.byte-limit = 33554432 (custom)
rm_1        | 2019-10-09 14:21:42 INFO  HttpServer2:705 - Added filter RMAuthenticationFilter (class=org.apache.hadoop.yarn.server.security.http.RMAuthenticationFilter) to context cluster
datanode_3  | 2019-10-09 14:21:50 INFO  SegmentedRaftLogWorker:173 - new 9c29a5cc-a6d6-40bc-983a-3e3d774f5d43@group-9F5E5B2D61FF-SegmentedRaftLogWorker for RaftStorage:Storage Directory /data/metadata/ratis/3473745d-ce03-4ada-ba30-9f5e5b2d61ff
nm_1        | 2019-10-09 14:22:48 INFO  ResourceLocalizationService:711 - Created localizer for container_1570630901738_0001_01_000001
datanode_2  | 2019-10-09 14:21:50 INFO  RaftServerConfigKeys:43 - raft.server.log.segment.size.max = 1048576 (custom)
datanode_1  | 2019-10-09 14:21:50 INFO  RaftServerImpl:170 - d9f59d47-ab4a-486d-a59e-11de5f9e430b@group-9F5E5B2D61FF: changes role from      null to FOLLOWER at term 0 for startAsFollower
rm_1        | 2019-10-09 14:21:42 INFO  HttpServer2:713 - Added filter RMAuthenticationFilter (class=org.apache.hadoop.yarn.server.security.http.RMAuthenticationFilter) to context logs
datanode_3  | 2019-10-09 14:21:50 INFO  RaftServerConfigKeys:43 - raft.server.log.queue.byte-limit = 2147483647 (custom)
datanode_2  | 2019-10-09 14:21:50 INFO  RaftServerConfigKeys:43 - raft.server.log.segment.cache.num.max = 2 (custom)
datanode_1  | 2019-10-09 14:21:50 INFO  RoleInfo:143 - d9f59d47-ab4a-486d-a59e-11de5f9e430b: start FollowerState
nm_1        | 2019-10-09 14:22:48 INFO  ResourceLocalizationService:1195 - Writing credentials to the nmPrivate file /tmp/hadoop-hadoop/nm-local-dir/nmPrivate/container_1570630901738_0001_01_000001.tokens. Credentials list: 
rm_1        | 2019-10-09 14:21:42 INFO  HttpServer2:713 - Added filter RMAuthenticationFilter (class=org.apache.hadoop.yarn.server.security.http.RMAuthenticationFilter) to context static
datanode_3  | 2019-10-09 14:21:50 INFO  RaftServerConfigKeys:43 - raft.server.log.queue.element-limit = 1024 (custom)
datanode_2  | 2019-10-09 14:21:50 INFO  SegmentedRaftLogWorker:173 - new 8268c3d1-2455-4d3f-b701-82f5f3f7d43f@group-9F5E5B2D61FF-SegmentedRaftLogWorker for RaftStorage:Storage Directory /data/metadata/ratis/3473745d-ce03-4ada-ba30-9f5e5b2d61ff
nm_1        | 2019-10-09 14:22:48 INFO  DefaultContainerExecutor:612 - Initializing user hadoop
datanode_1  | 2019-10-09 14:21:50 INFO  JmxRegister:44 - Successfully registered JMX Bean with object name Ratis:service=RaftServer,group=group-9F5E5B2D61FF,id=d9f59d47-ab4a-486d-a59e-11de5f9e430b
rm_1        | 2019-10-09 14:21:42 INFO  HttpServer2:705 - Added filter static_user_filter (class=org.apache.hadoop.http.lib.StaticUserWebFilter$StaticUserFilter) to context cluster
datanode_3  | 2019-10-09 14:21:50 INFO  RaftServerConfigKeys:43 - raft.server.log.segment.size.max = 1048576 (custom)
datanode_2  | 2019-10-09 14:21:50 INFO  RaftServerConfigKeys:43 - raft.server.log.queue.byte-limit = 2147483647 (custom)
nm_1        | 2019-10-09 14:22:48 INFO  DefaultContainerExecutor:117 - Copying from /tmp/hadoop-hadoop/nm-local-dir/nmPrivate/container_1570630901738_0001_01_000001.tokens to /tmp/hadoop-hadoop/nm-local-dir/usercache/hadoop/appcache/application_1570630901738_0001/container_1570630901738_0001_01_000001.tokens
datanode_1  | 2019-10-09 14:21:54 INFO  FollowerState:108 - d9f59d47-ab4a-486d-a59e-11de5f9e430b@group-D9D44CFE482F-FollowerState: change to CANDIDATE, lastRpcTime:5117ms, electionTimeout:5117ms
rm_1        | 2019-10-09 14:21:42 INFO  HttpServer2:713 - Added filter static_user_filter (class=org.apache.hadoop.http.lib.StaticUserWebFilter$StaticUserFilter) to context logs
datanode_3  | 2019-10-09 14:21:50 INFO  RaftServerConfigKeys:43 - raft.server.log.preallocated.size = 16384 (custom)
datanode_2  | 2019-10-09 14:21:50 INFO  RaftServerConfigKeys:43 - raft.server.log.queue.element-limit = 1024 (custom)
nm_1        | 2019-10-09 14:22:48 INFO  DefaultContainerExecutor:124 - Localizer CWD set to /tmp/hadoop-hadoop/nm-local-dir/usercache/hadoop/appcache/application_1570630901738_0001 = file:/tmp/hadoop-hadoop/nm-local-dir/usercache/hadoop/appcache/application_1570630901738_0001
datanode_1  | 2019-10-09 14:21:54 INFO  RoleInfo:121 - d9f59d47-ab4a-486d-a59e-11de5f9e430b: shutdown FollowerState
rm_1        | 2019-10-09 14:21:42 INFO  HttpServer2:713 - Added filter static_user_filter (class=org.apache.hadoop.http.lib.StaticUserWebFilter$StaticUserFilter) to context static
datanode_3  | 2019-10-09 14:21:50 INFO  RaftServerConfigKeys:43 - raft.server.log.write.buffer.size = 33554432 (custom)
datanode_2  | 2019-10-09 14:21:50 INFO  RaftServerConfigKeys:43 - raft.server.log.segment.size.max = 1048576 (custom)
datanode_1  | 2019-10-09 14:21:54 INFO  RaftServerImpl:170 - d9f59d47-ab4a-486d-a59e-11de5f9e430b@group-D9D44CFE482F: changes role from  FOLLOWER to CANDIDATE at term 0 for changeToCandidate
nm_1        | 2019-10-09 14:22:49 INFO  MetricsConfig:118 - Loaded properties from hadoop-metrics2.properties
rm_1        | 2019-10-09 14:21:42 INFO  HttpServer2:424 - adding path spec: /cluster/*
datanode_3  | 2019-10-09 14:21:50 INFO  RaftServerConfigKeys:43 - raft.server.log.force.sync.num = 128 (default)
datanode_2  | 2019-10-09 14:21:50 INFO  RaftServerConfigKeys:43 - raft.server.log.preallocated.size = 16384 (custom)
datanode_1  | 2019-10-09 14:21:54 INFO  RoleInfo:143 - d9f59d47-ab4a-486d-a59e-11de5f9e430b: start LeaderElection
nm_1        | 2019-10-09 14:22:49 INFO  MetricsSystemImpl:374 - Scheduled Metric snapshot period at 10 second(s).
rm_1        | 2019-10-09 14:21:42 INFO  HttpServer2:424 - adding path spec: /ws/*
datanode_3  | 2019-10-09 14:21:50 INFO  RaftServerConfigKeys:43 - raft.server.log.statemachine.data.sync = true (default)
datanode_2  | 2019-10-09 14:21:50 INFO  RaftServerConfigKeys:43 - raft.server.log.write.buffer.size = 33554432 (custom)
datanode_1  | 2019-10-09 14:21:54 INFO  LeaderElection:178 - d9f59d47-ab4a-486d-a59e-11de5f9e430b@group-D9D44CFE482F-LeaderElection1: begin an election at term 1 for -1: [d9f59d47-ab4a-486d-a59e-11de5f9e430b:172.18.0.9:9858], old=null
nm_1        | 2019-10-09 14:22:49 INFO  MetricsSystemImpl:191 - XceiverClientMetrics metrics system started
rm_1        | 2019-10-09 14:21:42 INFO  WebApps:288 - Registered webapp guice modules
datanode_3  | 2019-10-09 14:21:50 INFO  RaftServerConfigKeys:43 - raft.server.log.statemachine.data.sync.timeout = 10s (default)
datanode_2  | 2019-10-09 14:21:50 INFO  RaftServerConfigKeys:43 - raft.server.log.force.sync.num = 128 (default)
datanode_1  | 2019-10-09 14:21:54 INFO  RoleInfo:134 - d9f59d47-ab4a-486d-a59e-11de5f9e430b: shutdown LeaderElection
nm_1        | 2019-10-09 14:22:50 INFO  LocalizedResource:203 - Resource o3fs://bucket1.vol1/user/hadoop/.staging/job_1570630901738_0001/job.splitmetainfo(->/tmp/hadoop-hadoop/nm-local-dir/usercache/hadoop/appcache/application_1570630901738_0001/filecache/10/job.splitmetainfo) transitioned from DOWNLOADING to LOCALIZED
rm_1        | 2019-10-09 14:21:42 INFO  HttpServer2:935 - Jetty bound to port 8088
datanode_2  | 2019-10-09 14:21:50 INFO  RaftServerConfigKeys:43 - raft.server.log.statemachine.data.sync = true (default)
datanode_3  | 2019-10-09 14:21:50 INFO  RaftServerConfigKeys:43 - raft.server.log.statemachine.data.sync.timeout.retry = -1 (default)
