nm_1        | 2019-10-18 18:57:01 INFO  AsyncDispatcher:209 - Registering class org.apache.hadoop.yarn.server.nodemanager.containermanager.AuxServicesEventType for class org.apache.hadoop.yarn.server.nodemanager.containermanager.AuxServices
datanode_1  | 2019-10-18 18:57:03,556 INFO http.HttpRequestLog: Http request log for http.requests.hddsDatanode is not defined
scm_1       | 2019-10-18 18:57:04,458 INFO db.DBStoreBuilder: Using default column profile:DBProfile.DISK for Table:deletedBlocks
datanode_3  | 2019-10-18 18:57:02,575 INFO http.HttpServer2: Added filter static_user_filter (class=org.apache.hadoop.http.lib.StaticUserWebFilter$StaticUserFilter) to context hddsDatanode
om_1        | STARTUP_MSG:   build = https://github.com/apache/hadoop.git -r e97acb3bd8f3befd27418996fa5d4b50bf2e17bf; compiled by 'sunilg' on 2019-01-15T17:34Z
datanode_2  | 2019-10-18 18:57:03,573 INFO server.AuthenticationFilter: Unable to initialize FileSignerSecretProvider, falling back to use random secrets.
rm_1        | 2019-10-18 18:57:00 INFO  Configuration:2427 - found resource core-site.xml at file:/opt/hadoop/etc/hadoop/core-site.xml
nm_1        | 2019-10-18 18:57:01 INFO  AsyncDispatcher:209 - Registering class org.apache.hadoop.yarn.server.nodemanager.containermanager.monitor.ContainersMonitorEventType for class org.apache.hadoop.yarn.server.nodemanager.containermanager.monitor.ContainersMonitorImpl
datanode_1  | 2019-10-18 18:57:03,566 INFO http.HttpServer2: Added global filter 'safety' (class=org.apache.hadoop.http.HttpServer2$QuotingInputFilter)
scm_1       | 2019-10-18 18:57:04,459 INFO db.DBStoreBuilder: using custom profile for table: validCerts
datanode_3  | 2019-10-18 18:57:02,576 INFO http.HttpServer2: Added filter static_user_filter (class=org.apache.hadoop.http.lib.StaticUserWebFilter$StaticUserFilter) to context logs
om_1        | STARTUP_MSG:   java = 11.0.3
datanode_2  | 2019-10-18 18:57:03,577 INFO http.HttpRequestLog: Http request log for http.requests.hddsDatanode is not defined
rm_1        | 2019-10-18 18:57:00 INFO  Groups:387 - clearing userToGroupsMap cache
nm_1        | 2019-10-18 18:57:01 INFO  AsyncDispatcher:209 - Registering class org.apache.hadoop.yarn.server.nodemanager.containermanager.launcher.ContainersLauncherEventType for class org.apache.hadoop.yarn.server.nodemanager.containermanager.launcher.ContainersLauncher
datanode_1  | 2019-10-18 18:57:03,568 INFO http.HttpServer2: Added filter static_user_filter (class=org.apache.hadoop.http.lib.StaticUserWebFilter$StaticUserFilter) to context hddsDatanode
scm_1       | 2019-10-18 18:57:04,459 INFO db.DBStoreBuilder: Using default column profile:DBProfile.DISK for Table:validCerts
datanode_3  | 2019-10-18 18:57:02,576 INFO http.HttpServer2: Added filter static_user_filter (class=org.apache.hadoop.http.lib.StaticUserWebFilter$StaticUserFilter) to context static
om_1        | ************************************************************/
datanode_2  | 2019-10-18 18:57:03,588 INFO http.HttpServer2: Added global filter 'safety' (class=org.apache.hadoop.http.HttpServer2$QuotingInputFilter)
rm_1        | 2019-10-18 18:57:00 INFO  Configuration:2427 - found resource yarn-site.xml at file:/opt/hadoop/etc/hadoop/yarn-site.xml
nm_1        | 2019-10-18 18:57:01 INFO  AsyncDispatcher:209 - Registering class org.apache.hadoop.yarn.server.nodemanager.ContainerManagerEventType for class org.apache.hadoop.yarn.server.nodemanager.containermanager.ContainerManagerImpl
datanode_1  | 2019-10-18 18:57:03,568 INFO http.HttpServer2: Added filter static_user_filter (class=org.apache.hadoop.http.lib.StaticUserWebFilter$StaticUserFilter) to context logs
scm_1       | 2019-10-18 18:57:04,460 INFO db.DBStoreBuilder: using custom profile for table: revokedCerts
datanode_3  | 2019-10-18 18:57:02,621 INFO http.HttpServer2: Jetty bound to port 9882
om_1        | 2019-10-18 18:57:13,246 [main] INFO       - registered UNIX signal handlers for [TERM, HUP, INT]
datanode_2  | 2019-10-18 18:57:03,598 INFO http.HttpServer2: Added filter static_user_filter (class=org.apache.hadoop.http.lib.StaticUserWebFilter$StaticUserFilter) to context hddsDatanode
rm_1        | 2019-10-18 18:57:00 INFO  AsyncDispatcher:209 - Registering class org.apache.hadoop.yarn.server.resourcemanager.RMFatalEventType for class org.apache.hadoop.yarn.server.resourcemanager.ResourceManager$RMFatalEventDispatcher
nm_1        | 2019-10-18 18:57:01 INFO  AsyncDispatcher:209 - Registering class org.apache.hadoop.yarn.server.nodemanager.NodeManagerEventType for class org.apache.hadoop.yarn.server.nodemanager.NodeManager
datanode_1  | 2019-10-18 18:57:03,568 INFO http.HttpServer2: Added filter static_user_filter (class=org.apache.hadoop.http.lib.StaticUserWebFilter$StaticUserFilter) to context static
scm_1       | 2019-10-18 18:57:04,460 INFO db.DBStoreBuilder: Using default column profile:DBProfile.DISK for Table:revokedCerts
datanode_3  | 2019-10-18 18:57:02,622 INFO server.Server: jetty-9.3.25.v20180904, build timestamp: 2018-09-04T21:11:46Z, git hash: 3ce520221d0240229c862b122d2b06c12a625732
om_1        | 2019-10-18 18:57:14,119 [main] INFO       - Configuration either no ozone.om.address set. Falling back to the default OM address om/172.18.0.2:9862
datanode_2  | 2019-10-18 18:57:03,599 INFO http.HttpServer2: Added filter static_user_filter (class=org.apache.hadoop.http.lib.StaticUserWebFilter$StaticUserFilter) to context static
nm_1        | 2019-10-18 18:57:01 INFO  MetricsConfig:112 - loaded properties from hadoop-metrics2.properties
rm_1        | 2019-10-18 18:57:00 INFO  NMTokenSecretManagerInRM:75 - NMTokenKeyRollingInterval: 86400000ms and NMTokenKeyActivationDelay: 900000ms
scm_1       | 2019-10-18 18:57:04,474 INFO db.DBStoreBuilder: using custom profile for table: default
datanode_3  | 2019-10-18 18:57:02,656 INFO handler.ContextHandler: Started o.e.j.s.ServletContextHandler@67e13bd0{/logs,file:///var/log/hadoop/,AVAILABLE}
om_1        | 2019-10-18 18:57:14,142 [main] INFO       - OM Service ID is not set. Setting it to the default ID: omServiceIdDefault
datanode_2  | 2019-10-18 18:57:03,599 INFO http.HttpServer2: Added filter static_user_filter (class=org.apache.hadoop.http.lib.StaticUserWebFilter$StaticUserFilter) to context logs
nm_1        | 2019-10-18 18:57:01 INFO  MetricsSystemImpl:376 - Scheduled snapshot period at 10 second(s).
datanode_1  | 2019-10-18 18:57:03,622 INFO http.HttpServer2: Jetty bound to port 9882
rm_1        | 2019-10-18 18:57:00 INFO  RMContainerTokenSecretManager:77 - ContainerTokenKeyRollingInterval: 86400000ms and ContainerTokenKeyActivationDelay: 900000ms
scm_1       | 2019-10-18 18:57:04,474 INFO db.DBStoreBuilder: Using default column profile:DBProfile.DISK for Table:default
datanode_3  | 2019-10-18 18:57:02,657 INFO handler.ContextHandler: Started o.e.j.s.ServletContextHandler@68b9834c{/static,jar:file:/opt/hadoop/share/ozone/lib/hadoop-hdds-container-service-0.5.0-SNAPSHOT.jar!/webapps/static,AVAILABLE}
om_1        | 2019-10-18 18:57:14,147 WARN server.ServerUtils: ozone.om.db.dirs is not configured. We recommend adding this setting. Falling back to ozone.metadata.dirs instead.
datanode_2  | 2019-10-18 18:57:03,633 INFO http.HttpServer2: Jetty bound to port 9882
nm_1        | 2019-10-18 18:57:01 INFO  MetricsSystemImpl:192 - NodeManager metrics system started
datanode_1  | 2019-10-18 18:57:03,624 INFO server.Server: jetty-9.3.25.v20180904, build timestamp: 2018-09-04T21:11:46Z, git hash: 3ce520221d0240229c862b122d2b06c12a625732
rm_1        | 2019-10-18 18:57:00 INFO  AMRMTokenSecretManager:94 - AMRMTokenKeyRollingInterval: 86400000ms and AMRMTokenKeyActivationDelay: 900000 ms
scm_1       | 2019-10-18 18:57:04,500 INFO db.DBStoreBuilder: Using default options. DBProfile.DISK
datanode_3  | 2019-10-18 18:57:02,764 INFO handler.ContextHandler: Started o.e.j.w.WebAppContext@1f03fba0{/,file:///tmp/jetty-0.0.0.0-9882-hddsDatanode-_-any-14866185575021537574.dir/webapp/,AVAILABLE}{/hddsDatanode}
om_1        | 2019-10-18 18:57:14,156 WARN server.ServerUtils: ozone.om.db.dirs is not configured. We recommend adding this setting. Falling back to ozone.metadata.dirs instead.
datanode_2  | 2019-10-18 18:57:03,635 INFO server.Server: jetty-9.3.25.v20180904, build timestamp: 2018-09-04T21:11:46Z, git hash: 3ce520221d0240229c862b122d2b06c12a625732
nm_1        | 2019-10-18 18:57:01 INFO  AsyncDispatcher:209 - Registering class org.apache.hadoop.yarn.server.nodemanager.containermanager.loghandler.event.LogHandlerEventType for class org.apache.hadoop.yarn.server.nodemanager.containermanager.loghandler.NonAggregatingLogHandler
datanode_1  | 2019-10-18 18:57:03,708 INFO handler.ContextHandler: Started o.e.j.s.ServletContextHandler@561b7d53{/logs,file:///var/log/hadoop/,AVAILABLE}
rm_1        | 2019-10-18 18:57:00 INFO  AsyncDispatcher:209 - Registering class org.apache.hadoop.yarn.server.resourcemanager.recovery.RMStateStoreEventType for class org.apache.hadoop.yarn.server.resourcemanager.recovery.RMStateStore$ForwardingEventHandler
scm_1       | 2019-10-18 18:57:04,979 INFO net.NodeSchemaLoader: Loading file from java.lang.CompoundEnumeration@a37aefe
datanode_3  | 2019-10-18 18:57:02,776 INFO server.AbstractConnector: Started ServerConnector@60ef5aab{HTTP/1.1,[http/1.1]}{0.0.0.0:9882}
om_1        | 2019-10-18 18:57:14,928 WARN server.ServerUtils: ozone.om.db.dirs is not configured. We recommend adding this setting. Falling back to ozone.metadata.dirs instead.
datanode_2  | 2019-10-18 18:57:03,687 INFO handler.ContextHandler: Started o.e.j.s.ServletContextHandler@7b948f3e{/logs,file:///var/log/hadoop/,AVAILABLE}
nm_1        | 2019-10-18 18:57:01 INFO  AsyncDispatcher:209 - Registering class org.apache.hadoop.yarn.server.nodemanager.containermanager.localizer.sharedcache.SharedCacheUploadEventType for class org.apache.hadoop.yarn.server.nodemanager.containermanager.localizer.sharedcache.SharedCacheUploadService
datanode_1  | 2019-10-18 18:57:03,710 INFO handler.ContextHandler: Started o.e.j.s.ServletContextHandler@1457fde{/static,jar:file:/opt/hadoop/share/ozone/lib/hadoop-hdds-container-service-0.5.0-SNAPSHOT.jar!/webapps/static,AVAILABLE}
rm_1        | 2019-10-18 18:57:00 INFO  AsyncDispatcher:209 - Registering class org.apache.hadoop.yarn.server.resourcemanager.NodesListManagerEventType for class org.apache.hadoop.yarn.server.resourcemanager.NodesListManager
scm_1       | 2019-10-18 18:57:04,981 INFO net.NodeSchemaLoader: Loading network topology layer schema file
datanode_3  | 2019-10-18 18:57:02,777 INFO server.Server: Started @4073ms
om_1        | 2019-10-18 18:57:14,950 INFO util.log: Logging initialized @2430ms
datanode_2  | 2019-10-18 18:57:03,688 INFO handler.ContextHandler: Started o.e.j.s.ServletContextHandler@1cc680e{/static,jar:file:/opt/hadoop/share/ozone/lib/hadoop-hdds-container-service-0.5.0-SNAPSHOT.jar!/webapps/static,AVAILABLE}
nm_1        | 2019-10-18 18:57:01 INFO  ResourceLocalizationService:219 - per directory file limit = 8192
datanode_1  | 2019-10-18 18:57:03,859 INFO handler.ContextHandler: Started o.e.j.w.WebAppContext@3c78e551{/,file:///tmp/jetty-0.0.0.0-9882-hddsDatanode-_-any-4311307178737025027.dir/webapp/,AVAILABLE}{/hddsDatanode}
rm_1        | 2019-10-18 18:57:00 INFO  ResourceManager:293 - Using Scheduler: org.apache.hadoop.yarn.server.resourcemanager.scheduler.capacity.CapacityScheduler
scm_1       | 2019-10-18 18:57:05,100 INFO node.SCMNodeManager: Entering startup safe mode.
om_1        | 2019-10-18 18:57:16,313 INFO db.DBStoreBuilder: using custom profile for table: userTable
datanode_2  | 2019-10-18 18:57:03,839 INFO handler.ContextHandler: Started o.e.j.w.WebAppContext@65f651eb{/,file:///tmp/jetty-0.0.0.0-9882-hddsDatanode-_-any-13576185032155010352.dir/webapp/,AVAILABLE}{/hddsDatanode}
nm_1        | 2019-10-18 18:57:01 INFO  AsyncDispatcher:209 - Registering class org.apache.hadoop.yarn.server.nodemanager.containermanager.localizer.event.LocalizerEventType for class org.apache.hadoop.yarn.server.nodemanager.containermanager.localizer.ResourceLocalizationService$LocalizerTracker
datanode_1  | 2019-10-18 18:57:03,874 INFO server.AbstractConnector: Started ServerConnector@37219999{HTTP/1.1,[http/1.1]}{0.0.0.0:9882}
datanode_3  | 2019-10-18 18:57:02,782 INFO impl.MetricsSinkAdapter: Sink prometheus started
rm_1        | 2019-10-18 18:57:00 INFO  AsyncDispatcher:209 - Registering class org.apache.hadoop.yarn.server.resourcemanager.scheduler.event.SchedulerEventType for class org.apache.hadoop.yarn.server.resourcemanager.ResourceManager$SchedulerEventDispatcher
scm_1       | 2019-10-18 18:57:05,242 INFO algorithms.ContainerPlacementPolicyFactory: Create container placement policy of type org.apache.hadoop.hdds.scm.container.placement.algorithms.SCMContainerPlacementRandom
om_1        | 2019-10-18 18:57:16,313 INFO db.DBStoreBuilder: Using default column profile:DBProfile.DISK for Table:userTable
datanode_2  | 2019-10-18 18:57:03,847 INFO server.AbstractConnector: Started ServerConnector@2d4608a6{HTTP/1.1,[http/1.1]}{0.0.0.0:9882}
nm_1        | 2019-10-18 18:57:01 WARN  AuxServices:130 - The Auxilurary Service named 'mapreduce_shuffle' in the configuration is for class org.apache.hadoop.mapred.ShuffleHandler which has a name of 'httpshuffle'. Because these are not the same tools trying to send ServiceData and read Service Meta Data may have issues unless the refer to the name in the config.
datanode_1  | 2019-10-18 18:57:03,874 INFO server.Server: Started @3963ms
datanode_3  | 2019-10-18 18:57:02,782 INFO impl.MetricsSystemImpl: Registered sink prometheus
rm_1        | 2019-10-18 18:57:00 INFO  AsyncDispatcher:209 - Registering class org.apache.hadoop.yarn.server.resourcemanager.rmapp.RMAppEventType for class org.apache.hadoop.yarn.server.resourcemanager.ResourceManager$ApplicationEventDispatcher
scm_1       | 2019-10-18 18:57:05,254 WARN server.ServerUtils: ozone.scm.db.dirs is not configured. We recommend adding this setting. Falling back to ozone.metadata.dirs instead.
om_1        | 2019-10-18 18:57:16,314 INFO db.DBStoreBuilder: using custom profile for table: volumeTable
datanode_2  | 2019-10-18 18:57:03,848 INFO server.Server: Started @4262ms
nm_1        | 2019-10-18 18:57:01 INFO  AuxServices:72 - Adding auxiliary service httpshuffle, "mapreduce_shuffle"
datanode_1  | 2019-10-18 18:57:03,889 INFO impl.MetricsSinkAdapter: Sink prometheus started
datanode_3  | 2019-10-18 18:57:02,785 INFO server.BaseHttpServer: HTTP server of HDDSDATANODE is listening at http://0.0.0.0:9882
rm_1        | 2019-10-18 18:57:00 INFO  AsyncDispatcher:209 - Registering class org.apache.hadoop.yarn.server.resourcemanager.rmapp.attempt.RMAppAttemptEventType for class org.apache.hadoop.yarn.server.resourcemanager.ResourceManager$ApplicationAttemptEventDispatcher
scm_1       | 2019-10-18 18:57:06,230 INFO pipeline.SCMPipelineManager: No pipeline exists in current db
om_1        | 2019-10-18 18:57:16,314 INFO db.DBStoreBuilder: Using default column profile:DBProfile.DISK for Table:volumeTable
datanode_2  | 2019-10-18 18:57:03,853 INFO impl.MetricsSinkAdapter: Sink prometheus started
nm_1        | 2019-10-18 18:57:01 INFO  ContainersMonitorImpl:106 -  Using ResourceCalculatorPlugin : org.apache.hadoop.yarn.util.LinuxResourceCalculatorPlugin@264f218
datanode_1  | 2019-10-18 18:57:03,889 INFO impl.MetricsSystemImpl: Registered sink prometheus
datanode_3  | 2019-10-18 18:57:02,835 INFO util.JvmPauseMonitor: Starting JVM pause monitor
rm_1        | 2019-10-18 18:57:00 INFO  AsyncDispatcher:209 - Registering class org.apache.hadoop.yarn.server.resourcemanager.rmnode.RMNodeEventType for class org.apache.hadoop.yarn.server.resourcemanager.ResourceManager$NodeEventDispatcher
om_1        | 2019-10-18 18:57:16,314 INFO db.DBStoreBuilder: using custom profile for table: bucketTable
scm_1       | 2019-10-18 18:57:06,232 WARN server.ServerUtils: ozone.scm.db.dirs is not configured. We recommend adding this setting. Falling back to ozone.metadata.dirs instead.
datanode_2  | 2019-10-18 18:57:03,853 INFO impl.MetricsSystemImpl: Registered sink prometheus
nm_1        | 2019-10-18 18:57:01 INFO  ContainersMonitorImpl:111 -  Using ResourceCalculatorProcessTree : null
datanode_1  | 2019-10-18 18:57:03,891 INFO server.BaseHttpServer: HTTP server of HDDSDATANODE is listening at http://0.0.0.0:9882
datanode_3  | 2019-10-18 18:57:03,057 [Datanode State Machine Thread - 0] INFO       - DatanodeDetails is persisted to /data/metadata/datanode.id
rm_1        | 2019-10-18 18:57:01 INFO  MetricsConfig:112 - loaded properties from hadoop-metrics2.properties
om_1        | 2019-10-18 18:57:16,314 INFO db.DBStoreBuilder: Using default column profile:DBProfile.DISK for Table:bucketTable
scm_1       | 2019-10-18 18:57:06,382 WARN events.EventQueue: No event handler registered for event TypedEvent{payloadType=SafeModeStatus, name='SafeModeStatus'}
datanode_2  | 2019-10-18 18:57:03,856 INFO server.BaseHttpServer: HTTP server of HDDSDATANODE is listening at http://0.0.0.0:9882
nm_1        | 2019-10-18 18:57:01 INFO  ContainersMonitorImpl:151 - Physical memory check enabled: false
datanode_1  | 2019-10-18 18:57:03,937 INFO util.JvmPauseMonitor: Starting JVM pause monitor
datanode_3  | 2019-10-18 18:57:05,919 INFO ipc.Client: Retrying connect to server: scm/172.18.0.7:9861. Already tried 0 time(s); retry policy is RetryUpToMaximumCountWithFixedSleep(maxRetries=2147483647, sleepTime=1000 MILLISECONDS)
om_1        | 2019-10-18 18:57:16,314 INFO db.DBStoreBuilder: using custom profile for table: keyTable
rm_1        | 2019-10-18 18:57:01 INFO  MetricsSystemImpl:376 - Scheduled snapshot period at 10 second(s).
scm_1       | 2019-10-18 18:57:07,236 INFO ipc.CallQueueManager: Using callQueue: class java.util.concurrent.LinkedBlockingQueue, queueCapacity: 1000, scheduler: class org.apache.hadoop.ipc.DefaultRpcScheduler, ipcBackoff: false.
datanode_2  | 2019-10-18 18:57:03,877 INFO util.JvmPauseMonitor: Starting JVM pause monitor
nm_1        | 2019-10-18 18:57:01 INFO  ContainersMonitorImpl:152 - Virtual memory check enabled: false
datanode_1  | 2019-10-18 18:57:04,236 [Datanode State Machine Thread - 0] INFO       - DatanodeDetails is persisted to /data/metadata/datanode.id
datanode_3  | 2019-10-18 18:57:06,920 INFO ipc.Client: Retrying connect to server: scm/172.18.0.7:9861. Already tried 1 time(s); retry policy is RetryUpToMaximumCountWithFixedSleep(maxRetries=2147483647, sleepTime=1000 MILLISECONDS)
om_1        | 2019-10-18 18:57:16,314 INFO db.DBStoreBuilder: Using default column profile:DBProfile.DISK for Table:keyTable
rm_1        | 2019-10-18 18:57:01 INFO  MetricsSystemImpl:192 - ResourceManager metrics system started
scm_1       | 2019-10-18 18:57:07,258 INFO ipc.Server: Starting Socket Reader #1 for port 9861
datanode_2  | 2019-10-18 18:57:04,124 [Datanode State Machine Thread - 0] INFO       - DatanodeDetails is persisted to /data/metadata/datanode.id
nm_1        | 2019-10-18 18:57:01 INFO  NodeStatusUpdaterImpl:181 - Initialized nodemanager for null: physical-memory=8192 virtual-memory=17204 virtual-cores=8
datanode_1  | 2019-10-18 18:57:07,208 INFO ipc.Client: Retrying connect to server: scm/172.18.0.7:9861. Already tried 0 time(s); retry policy is RetryUpToMaximumCountWithFixedSleep(maxRetries=2147483647, sleepTime=1000 MILLISECONDS)
datanode_3  | 2019-10-18 18:57:07,922 INFO ipc.Client: Retrying connect to server: scm/172.18.0.7:9861. Already tried 2 time(s); retry policy is RetryUpToMaximumCountWithFixedSleep(maxRetries=2147483647, sleepTime=1000 MILLISECONDS)
om_1        | 2019-10-18 18:57:16,315 INFO db.DBStoreBuilder: using custom profile for table: deletedTable
rm_1        | 2019-10-18 18:57:01 INFO  AsyncDispatcher:209 - Registering class org.apache.hadoop.yarn.server.resourcemanager.RMAppManagerEventType for class org.apache.hadoop.yarn.server.resourcemanager.RMAppManager
scm_1       | 2019-10-18 18:57:07,288 INFO ipc.CallQueueManager: Using callQueue: class java.util.concurrent.LinkedBlockingQueue, queueCapacity: 1000, scheduler: class org.apache.hadoop.ipc.DefaultRpcScheduler, ipcBackoff: false.
datanode_2  | 2019-10-18 18:57:07,214 INFO ipc.Client: Retrying connect to server: scm/172.18.0.7:9861. Already tried 0 time(s); retry policy is RetryUpToMaximumCountWithFixedSleep(maxRetries=2147483647, sleepTime=1000 MILLISECONDS)
nm_1        | 2019-10-18 18:57:01 INFO  CallQueueManager:57 - Using callQueue: class java.util.concurrent.LinkedBlockingQueue queueCapacity: 2000
datanode_1  | 2019-10-18 18:57:08,209 INFO ipc.Client: Retrying connect to server: scm/172.18.0.7:9861. Already tried 1 time(s); retry policy is RetryUpToMaximumCountWithFixedSleep(maxRetries=2147483647, sleepTime=1000 MILLISECONDS)
datanode_3  | 2019-10-18 18:57:08,523 [Datanode State Machine Thread - 0] INFO       - Attempting to start container services.
om_1        | 2019-10-18 18:57:16,315 INFO db.DBStoreBuilder: Using default column profile:DBProfile.DISK for Table:deletedTable
rm_1        | 2019-10-18 18:57:01 INFO  AsyncDispatcher:209 - Registering class org.apache.hadoop.yarn.server.resourcemanager.amlauncher.AMLauncherEventType for class org.apache.hadoop.yarn.server.resourcemanager.amlauncher.ApplicationMasterLauncher
scm_1       | 2019-10-18 18:57:07,290 INFO ipc.Server: Starting Socket Reader #1 for port 9863
datanode_2  | 2019-10-18 18:57:08,215 INFO ipc.Client: Retrying connect to server: scm/172.18.0.7:9861. Already tried 1 time(s); retry policy is RetryUpToMaximumCountWithFixedSleep(maxRetries=2147483647, sleepTime=1000 MILLISECONDS)
nm_1        | 2019-10-18 18:57:01 INFO  Server:722 - Starting Socket Reader #1 for port 40796
datanode_1  | 2019-10-18 18:57:08,524 [Datanode State Machine Thread - 0] INFO       - Attempting to start container services.
datanode_3  | 2019-10-18 18:57:08,526 [Datanode State Machine Thread - 0] INFO       - Background container scanner has been disabled.
rm_1        | 2019-10-18 18:57:01 INFO  RMNMInfo:63 - Registered RMNMInfo MBean
scm_1       | 2019-10-18 18:57:07,306 INFO ipc.CallQueueManager: Using callQueue: class java.util.concurrent.LinkedBlockingQueue, queueCapacity: 1000, scheduler: class org.apache.hadoop.ipc.DefaultRpcScheduler, ipcBackoff: false.
datanode_2  | 2019-10-18 18:57:08,523 [Datanode State Machine Thread - 0] INFO       - Attempting to start container services.
nm_1        | 2019-10-18 18:57:01 INFO  RpcServerFactoryPBImpl:174 - Adding protocol org.apache.hadoop.yarn.api.ContainerManagementProtocolPB to the server
datanode_1  | 2019-10-18 18:57:08,526 [Datanode State Machine Thread - 0] INFO       - Background container scanner has been disabled.
datanode_3  | 2019-10-18 18:57:08,526 [Datanode State Machine Thread - 0] INFO       - Starting XceiverServerRatis e4de0d91-5b15-404b-b519-eec25123a75e at port 9858
rm_1        | 2019-10-18 18:57:01 INFO  YarnAuthorizationProvider:57 - org.apache.hadoop.yarn.security.ConfiguredYarnAuthorizer is instiantiated.
scm_1       | 2019-10-18 18:57:07,307 INFO ipc.Server: Starting Socket Reader #1 for port 9860
om_1        | 2019-10-18 18:57:16,315 INFO db.DBStoreBuilder: using custom profile for table: openKeyTable
datanode_2  | 2019-10-18 18:57:08,525 [Datanode State Machine Thread - 0] INFO       - Background container scanner has been disabled.
nm_1        | 2019-10-18 18:57:01 INFO  ContainerManagerImpl:427 - Blocking new container-requests as container manager rpc server is still starting.
datanode_1  | 2019-10-18 18:57:08,526 [Datanode State Machine Thread - 0] INFO       - Starting XceiverServerRatis 75523062-48b4-4044-8291-205e5f2fe860 at port 9858
datanode_3  | 2019-10-18 18:57:08,570 INFO impl.RaftServerProxy: e4de0d91-5b15-404b-b519-eec25123a75e: start RPC server
rm_1        | 2019-10-18 18:57:01 INFO  HostsFileReader:131 - Refreshing hosts (include/exclude) list
scm_1       | 2019-10-18 18:57:07,339 INFO hdfs.DFSUtil: Starting Web-server for scm at: http://0.0.0.0:9876
om_1        | 2019-10-18 18:57:16,315 INFO db.DBStoreBuilder: Using default column profile:DBProfile.DISK for Table:openKeyTable
datanode_2  | 2019-10-18 18:57:08,526 [Datanode State Machine Thread - 0] INFO       - Starting XceiverServerRatis 29010e4a-2d54-4deb-bff8-4dc0ed8e51e8 at port 9858
nm_1        | 2019-10-18 18:57:01 INFO  Server:962 - IPC Server Responder: starting
datanode_1  | 2019-10-18 18:57:08,603 INFO impl.RaftServerProxy: 75523062-48b4-4044-8291-205e5f2fe860: start RPC server
datanode_3  | 2019-10-18 18:57:08,743 INFO server.GrpcService: e4de0d91-5b15-404b-b519-eec25123a75e: GrpcService started, listening on 0.0.0.0/0.0.0.0:9858
rm_1        | 2019-10-18 18:57:01 INFO  Configuration:2427 - found resource capacity-scheduler.xml at file:/opt/hadoop/etc/hadoop/capacity-scheduler.xml
scm_1       | 2019-10-18 18:57:07,631 INFO server.AuthenticationFilter: Unable to initialize FileSignerSecretProvider, falling back to use random secrets.
om_1        | 2019-10-18 18:57:16,315 INFO db.DBStoreBuilder: using custom profile for table: s3Table
datanode_2  | 2019-10-18 18:57:08,589 INFO impl.RaftServerProxy: 29010e4a-2d54-4deb-bff8-4dc0ed8e51e8: start RPC server
nm_1        | 2019-10-18 18:57:01 INFO  Server:801 - IPC Server listener on 40796: starting
datanode_1  | 2019-10-18 18:57:08,748 INFO server.GrpcService: 75523062-48b4-4044-8291-205e5f2fe860: GrpcService started, listening on 0.0.0.0/0.0.0.0:9858
datanode_3  | WARNING: An illegal reflective access operation has occurred
rm_1        | 2019-10-18 18:57:01 INFO  CapacitySchedulerConfiguration:603 - max alloc mb per queue for root is undefined
scm_1       | 2019-10-18 18:57:07,651 INFO http.HttpRequestLog: Http request log for http.requests.scm is not defined
om_1        | 2019-10-18 18:57:16,315 INFO db.DBStoreBuilder: Using default column profile:DBProfile.DISK for Table:s3Table
datanode_2  | 2019-10-18 18:57:08,749 INFO server.GrpcService: 29010e4a-2d54-4deb-bff8-4dc0ed8e51e8: GrpcService started, listening on 0.0.0.0/0.0.0.0:9858
nm_1        | 2019-10-18 18:57:01 INFO  NMContainerTokenSecretManager:260 - Updating node address : nm:40796
datanode_3  | WARNING: Illegal reflective access by org.apache.ratis.thirdparty.com.google.protobuf.UnsafeUtil (file:/opt/hadoop/share/ozone/lib/ratis-thirdparty-misc-0.2.0.jar) to field java.nio.Buffer.address
datanode_1  | WARNING: An illegal reflective access operation has occurred
rm_1        | 2019-10-18 18:57:01 INFO  CapacitySchedulerConfiguration:607 - max alloc vcore per queue for root is undefined
scm_1       | 2019-10-18 18:57:07,658 INFO http.HttpServer2: Added global filter 'safety' (class=org.apache.hadoop.http.HttpServer2$QuotingInputFilter)
om_1        | 2019-10-18 18:57:16,316 INFO db.DBStoreBuilder: using custom profile for table: multipartInfoTable
datanode_2  | WARNING: An illegal reflective access operation has occurred
nm_1        | 2019-10-18 18:57:01 INFO  CallQueueManager:57 - Using callQueue: class java.util.concurrent.LinkedBlockingQueue queueCapacity: 500
datanode_3  | WARNING: Please consider reporting this to the maintainers of org.apache.ratis.thirdparty.com.google.protobuf.UnsafeUtil
datanode_1  | WARNING: Illegal reflective access by org.apache.ratis.thirdparty.com.google.protobuf.UnsafeUtil (file:/opt/hadoop/share/ozone/lib/ratis-thirdparty-misc-0.2.0.jar) to field java.nio.Buffer.address
rm_1        | 2019-10-18 18:57:01 INFO  ParentQueue:121 - root, capacity=1.0, asboluteCapacity=1.0, maxCapacity=1.0, asboluteMaxCapacity=1.0, state=RUNNING, acls=SUBMIT_APP:*ADMINISTER_QUEUE:*, labels=*,
scm_1       | 2019-10-18 18:57:07,661 INFO http.HttpServer2: Added filter static_user_filter (class=org.apache.hadoop.http.lib.StaticUserWebFilter$StaticUserFilter) to context scm
om_1        | 2019-10-18 18:57:16,316 INFO db.DBStoreBuilder: Using default column profile:DBProfile.DISK for Table:multipartInfoTable
datanode_2  | WARNING: Illegal reflective access by org.apache.ratis.thirdparty.com.google.protobuf.UnsafeUtil (file:/opt/hadoop/share/ozone/lib/ratis-thirdparty-misc-0.2.0.jar) to field java.nio.Buffer.address
nm_1        | 2019-10-18 18:57:01 INFO  Server:722 - Starting Socket Reader #1 for port 8040
datanode_3  | WARNING: Use --illegal-access=warn to enable warnings of further illegal reflective access operations
datanode_1  | WARNING: Please consider reporting this to the maintainers of org.apache.ratis.thirdparty.com.google.protobuf.UnsafeUtil
rm_1        | , reservationsContinueLooking=true
scm_1       | 2019-10-18 18:57:07,664 INFO http.HttpServer2: Added filter static_user_filter (class=org.apache.hadoop.http.lib.StaticUserWebFilter$StaticUserFilter) to context static
om_1        | 2019-10-18 18:57:16,316 INFO db.DBStoreBuilder: using custom profile for table: dTokenTable
datanode_2  | WARNING: Please consider reporting this to the maintainers of org.apache.ratis.thirdparty.com.google.protobuf.UnsafeUtil
nm_1        | 2019-10-18 18:57:01 INFO  RpcServerFactoryPBImpl:174 - Adding protocol org.apache.hadoop.yarn.server.nodemanager.api.LocalizationProtocolPB to the server
datanode_3  | WARNING: All illegal access operations will be denied in a future release
datanode_1  | WARNING: Use --illegal-access=warn to enable warnings of further illegal reflective access operations
rm_1        | 2019-10-18 18:57:01 INFO  ParentQueue:100 - Initialized parent-queue root name=root, fullname=root
scm_1       | 2019-10-18 18:57:07,664 INFO http.HttpServer2: Added filter static_user_filter (class=org.apache.hadoop.http.lib.StaticUserWebFilter$StaticUserFilter) to context logs
om_1        | 2019-10-18 18:57:16,316 INFO db.DBStoreBuilder: Using default column profile:DBProfile.DISK for Table:dTokenTable
datanode_2  | WARNING: Use --illegal-access=warn to enable warnings of further illegal reflective access operations
nm_1        | 2019-10-18 18:57:01 INFO  Server:962 - IPC Server Responder: starting
datanode_3  | 2019-10-18 18:57:10,158 INFO impl.RaftServerProxy: e4de0d91-5b15-404b-b519-eec25123a75e: addNew group-8723DC73D9B5:[e4de0d91-5b15-404b-b519-eec25123a75e:172.18.0.5:9858] returns group-8723DC73D9B5:java.util.concurrent.CompletableFuture@2c57f8aa[Not completed]
datanode_1  | WARNING: All illegal access operations will be denied in a future release
rm_1        | 2019-10-18 18:57:01 INFO  CapacitySchedulerConfiguration:603 - max alloc mb per queue for root.default is undefined
scm_1       | 2019-10-18 18:57:07,701 INFO server.StorageContainerManager: StorageContainerLocationProtocol RPC server is listening at /0.0.0.0:9860
om_1        | 2019-10-18 18:57:16,316 INFO db.DBStoreBuilder: using custom profile for table: s3SecretTable
datanode_2  | WARNING: All illegal access operations will be denied in a future release
nm_1        | 2019-10-18 18:57:01 INFO  Server:801 - IPC Server listener on 8040: starting
datanode_3  | 2019-10-18 18:57:10,194 INFO impl.RaftServerImpl: e4de0d91-5b15-404b-b519-eec25123a75e: new RaftServerImpl for group-8723DC73D9B5:[e4de0d91-5b15-404b-b519-eec25123a75e:172.18.0.5:9858] with ContainerStateMachine:uninitialized
datanode_1  | 2019-10-18 18:57:10,834 INFO impl.RaftServerProxy: 75523062-48b4-4044-8291-205e5f2fe860: addNew group-5DDDF02BB1FA:[75523062-48b4-4044-8291-205e5f2fe860:172.18.0.6:9858] returns group-5DDDF02BB1FA:java.util.concurrent.CompletableFuture@2b9d715f[Not completed]
rm_1        | 2019-10-18 18:57:01 INFO  CapacitySchedulerConfiguration:607 - max alloc vcore per queue for root.default is undefined
scm_1       | 2019-10-18 18:57:07,785 INFO impl.MetricsConfig: Loaded properties from hadoop-metrics2.properties
om_1        | 2019-10-18 18:57:16,316 INFO db.DBStoreBuilder: Using default column profile:DBProfile.DISK for Table:s3SecretTable
datanode_2  | 2019-10-18 18:57:11,683 INFO impl.RaftServerProxy: 29010e4a-2d54-4deb-bff8-4dc0ed8e51e8: addNew group-86D72A0A6029:[29010e4a-2d54-4deb-bff8-4dc0ed8e51e8:172.18.0.4:9858] returns group-86D72A0A6029:java.util.concurrent.CompletableFuture@248cb069[Not completed]
nm_1        | 2019-10-18 18:57:01 INFO  ResourceLocalizationService:344 - Localizer started on port 8040
datanode_3  | 2019-10-18 18:57:10,202 INFO server.RaftServerConfigKeys: raft.server.rpc.timeout.min = 5s (custom)
datanode_1  | 2019-10-18 18:57:10,869 INFO impl.RaftServerImpl: 75523062-48b4-4044-8291-205e5f2fe860: new RaftServerImpl for group-5DDDF02BB1FA:[75523062-48b4-4044-8291-205e5f2fe860:172.18.0.6:9858] with ContainerStateMachine:uninitialized
rm_1        | 2019-10-18 18:57:01 INFO  LeafQueue:215 - Initializing default
scm_1       | 2019-10-18 18:57:07,832 INFO impl.MetricsSystemImpl: Scheduled Metric snapshot period at 10 second(s).
om_1        | 2019-10-18 18:57:16,317 INFO db.DBStoreBuilder: using custom profile for table: prefixTable
datanode_2  | 2019-10-18 18:57:11,709 INFO impl.RaftServerImpl: 29010e4a-2d54-4deb-bff8-4dc0ed8e51e8: new RaftServerImpl for group-86D72A0A6029:[29010e4a-2d54-4deb-bff8-4dc0ed8e51e8:172.18.0.4:9858] with ContainerStateMachine:uninitialized
nm_1        | 2019-10-18 18:57:01 INFO  IndexCache:47 - IndexCache created with max memory = 10485760
datanode_3  | 2019-10-18 18:57:10,224 INFO server.RaftServerConfigKeys: raft.server.rpc.timeout.max = 5200ms (custom)
datanode_1  | 2019-10-18 18:57:10,871 INFO server.RaftServerConfigKeys: raft.server.rpc.timeout.min = 5s (custom)
rm_1        | capacity = 1.0 [= (float) configuredCapacity / 100 ]
scm_1       | 2019-10-18 18:57:07,832 INFO impl.MetricsSystemImpl: StorageContainerManager metrics system started
om_1        | 2019-10-18 18:57:16,317 INFO db.DBStoreBuilder: Using default column profile:DBProfile.DISK for Table:prefixTable
datanode_2  | 2019-10-18 18:57:11,712 INFO server.RaftServerConfigKeys: raft.server.rpc.timeout.min = 5s (custom)
nm_1        | 2019-10-18 18:57:01 INFO  ShuffleHandler:510 - httpshuffle listening on port 13562
datanode_3  | 2019-10-18 18:57:10,225 INFO server.RaftServerConfigKeys: raft.server.rpcslowness.timeout = 120s (custom)
datanode_1  | 2019-10-18 18:57:10,872 INFO server.RaftServerConfigKeys: raft.server.rpc.timeout.max = 5200ms (custom)
rm_1        | asboluteCapacity = 1.0 [= parentAbsoluteCapacity * capacity ]
scm_1       | 2019-10-18 18:57:08,125 INFO server.SCMClientProtocolServer: RPC server for Client  is listening at /0.0.0.0:9860
om_1        | 2019-10-18 18:57:16,327 INFO db.DBStoreBuilder: using custom profile for table: default
datanode_2  | 2019-10-18 18:57:11,713 INFO server.RaftServerConfigKeys: raft.server.rpc.timeout.max = 5200ms (custom)
datanode_3  | 2019-10-18 18:57:10,226 INFO server.RaftServerConfigKeys: raft.server.sleep.deviation.threshold = 300 (default)
datanode_1  | 2019-10-18 18:57:10,873 INFO server.RaftServerConfigKeys: raft.server.rpcslowness.timeout = 120s (custom)
nm_1        | 2019-10-18 18:57:01 INFO  ContainersMonitorImpl:196 - Neither virutal-memory nor physical-memory monitoring is needed. Not running the monitor-thread
rm_1        | maxCapacity = 1.0 [= configuredMaxCapacity ]
scm_1       | 2019-10-18 18:57:08,125 INFO ipc.Server: IPC Server Responder: starting
om_1        | 2019-10-18 18:57:16,327 INFO db.DBStoreBuilder: Using default column profile:DBProfile.DISK for Table:default
datanode_2  | 2019-10-18 18:57:11,713 INFO server.RaftServerConfigKeys: raft.server.rpcslowness.timeout = 120s (custom)
datanode_3  | 2019-10-18 18:57:10,226 INFO server.RaftServerConfigKeys: raft.server.log.appender.install.snapshot.enabled = false (custom)
datanode_1  | 2019-10-18 18:57:10,874 INFO server.RaftServerConfigKeys: raft.server.sleep.deviation.threshold = 300 (default)
nm_1        | 2019-10-18 18:57:01 INFO  ContainerManagerImpl:472 - ContainerManager started at nm/172.18.0.9:40796
rm_1        | absoluteMaxCapacity = 1.0 [= 1.0 maximumCapacity undefined, (parentAbsoluteMaxCapacity * maximumCapacity) / 100 otherwise ]
scm_1       | 2019-10-18 18:57:08,126 INFO ipc.Server: IPC Server listener on 9860: starting
om_1        | 2019-10-18 18:57:16,328 INFO db.DBStoreBuilder: Using default options. DBProfile.DISK
datanode_2  | 2019-10-18 18:57:11,714 INFO server.RaftServerConfigKeys: raft.server.sleep.deviation.threshold = 300 (default)
datanode_3  | 2019-10-18 18:57:10,235 INFO impl.RaftServerImpl: e4de0d91-5b15-404b-b519-eec25123a75e@group-8723DC73D9B5: ConfigurationManager, init=-1: [e4de0d91-5b15-404b-b519-eec25123a75e:172.18.0.5:9858], old=null, confs=<EMPTY_MAP>
datanode_1  | 2019-10-18 18:57:10,876 INFO server.RaftServerConfigKeys: raft.server.log.appender.install.snapshot.enabled = false (custom)
nm_1        | 2019-10-18 18:57:01 INFO  ContainerManagerImpl:473 - ContainerManager bound to 0.0.0.0/0.0.0.0:0
rm_1        | userLimit = 100 [= configuredUserLimit ]
om_1        | 2019-10-18 18:57:16,855 INFO ipc.CallQueueManager: Using callQueue: class java.util.concurrent.LinkedBlockingQueue, queueCapacity: 2000, scheduler: class org.apache.hadoop.ipc.DefaultRpcScheduler, ipcBackoff: false.
datanode_2  | 2019-10-18 18:57:11,714 INFO server.RaftServerConfigKeys: raft.server.log.appender.install.snapshot.enabled = false (custom)
datanode_3  | 2019-10-18 18:57:10,236 INFO server.RaftServerConfigKeys: raft.server.storage.dir = [/data/metadata/ratis] (custom)
scm_1       | 2019-10-18 18:57:08,129 INFO server.StorageContainerManager: ScmBlockLocationProtocol RPC server is listening at /0.0.0.0:9863
datanode_1  | 2019-10-18 18:57:10,884 INFO impl.RaftServerImpl: 75523062-48b4-4044-8291-205e5f2fe860@group-5DDDF02BB1FA: ConfigurationManager, init=-1: [75523062-48b4-4044-8291-205e5f2fe860:172.18.0.6:9858], old=null, confs=<EMPTY_MAP>
nm_1        | 2019-10-18 18:57:01 INFO  WebServer:70 - Instantiating NMWebApp at 0.0.0.0:8042
rm_1        | userLimitFactor = 1.0 [= configuredUserLimitFactor ]
om_1        | 2019-10-18 18:57:16,864 INFO ipc.Server: Starting Socket Reader #1 for port 9862
datanode_2  | 2019-10-18 18:57:11,722 INFO impl.RaftServerImpl: 29010e4a-2d54-4deb-bff8-4dc0ed8e51e8@group-86D72A0A6029: ConfigurationManager, init=-1: [29010e4a-2d54-4deb-bff8-4dc0ed8e51e8:172.18.0.4:9858], old=null, confs=<EMPTY_MAP>
datanode_3  | 2019-10-18 18:57:10,242 INFO server.RaftServerConfigKeys: raft.server.log.corruption.policy = EXCEPTION (default)
scm_1       | 2019-10-18 18:57:08,130 INFO server.SCMBlockProtocolServer: RPC server for Block Protocol is listening at /0.0.0.0:9863
datanode_1  | 2019-10-18 18:57:10,885 INFO server.RaftServerConfigKeys: raft.server.storage.dir = [/data/metadata/ratis] (custom)
nm_1        | 2019-10-18 18:57:02 INFO  log:67 - Logging to org.slf4j.impl.Log4jLoggerAdapter(org.mortbay.log) via org.mortbay.log.Slf4jLog
rm_1        | maxApplications = 10000 [= configuredMaximumSystemApplicationsPerQueue or (int)(configuredMaximumSystemApplications * absoluteCapacity)]
om_1        | 2019-10-18 18:57:16,896 [main] INFO       - OzoneManager RPC server is listening at om/172.18.0.2:9862
datanode_2  | 2019-10-18 18:57:11,722 INFO server.RaftServerConfigKeys: raft.server.storage.dir = [/data/metadata/ratis] (custom)
datanode_3  | 2019-10-18 18:57:10,244 INFO storage.RaftStorageDirectory: The storage directory /data/metadata/ratis/0041659a-6d28-4103-84cf-8723dc73d9b5 does not exist. Creating ...
scm_1       | 2019-10-18 18:57:08,130 INFO ipc.Server: IPC Server Responder: starting
datanode_1  | 2019-10-18 18:57:10,890 INFO server.RaftServerConfigKeys: raft.server.log.corruption.policy = EXCEPTION (default)
nm_1        | 2019-10-18 18:57:02 INFO  AuthenticationFilter:283 - Unable to initialize FileSignerSecretProvider, falling back to use random secrets.
rm_1        | maxApplicationsPerUser = 10000 [= (int)(maxApplications * (userLimit / 100.0f) * userLimitFactor) ]
om_1        | 2019-10-18 18:57:16,975 INFO impl.MetricsConfig: Loaded properties from hadoop-metrics2.properties
datanode_2  | 2019-10-18 18:57:11,728 INFO server.RaftServerConfigKeys: raft.server.log.corruption.policy = EXCEPTION (default)
datanode_3  | 2019-10-18 18:57:10,290 INFO storage.RaftStorageDirectory: Lock on /data/metadata/ratis/0041659a-6d28-4103-84cf-8723dc73d9b5/in_use.lock acquired by nodename 7@248e2ada2251
scm_1       | 2019-10-18 18:57:08,130 INFO ipc.Server: IPC Server listener on 9863: starting
datanode_1  | 2019-10-18 18:57:10,892 INFO storage.RaftStorageDirectory: The storage directory /data/metadata/ratis/a2afcd10-e6a4-4cd1-a8c8-5dddf02bb1fa does not exist. Creating ...
nm_1        | 2019-10-18 18:57:02 INFO  HttpRequestLog:80 - Http request log for http.requests.nodemanager is not defined
rm_1        | usedCapacity = 0.0 [= usedResourcesMemory / (clusterResourceMemory * absoluteCapacity)]
om_1        | 2019-10-18 18:57:17,069 INFO impl.MetricsSystemImpl: Scheduled Metric snapshot period at 10 second(s).
datanode_2  | 2019-10-18 18:57:11,730 INFO storage.RaftStorageDirectory: The storage directory /data/metadata/ratis/aa9dcbd1-be7f-4151-b015-86d72a0a6029 does not exist. Creating ...
scm_1       | 2019-10-18 18:57:08,138 INFO server.StorageContainerManager: ScmDatanodeProtocl RPC server is listening at /0.0.0.0:9861
nm_1        | 2019-10-18 18:57:02 INFO  HttpServer2:730 - Added global filter 'safety' (class=org.apache.hadoop.http.HttpServer2$QuotingInputFilter)
rm_1        | absoluteUsedCapacity = 0.0 [= usedResourcesMemory / clusterResourceMemory]
om_1        | 2019-10-18 18:57:17,069 INFO impl.MetricsSystemImpl: OzoneManager metrics system started
datanode_2  | 2019-10-18 18:57:11,749 INFO storage.RaftStorageDirectory: Lock on /data/metadata/ratis/aa9dcbd1-be7f-4151-b015-86d72a0a6029/in_use.lock acquired by nodename 7@b6e79d20b4aa
scm_1       | 2019-10-18 18:57:08,138 INFO server.SCMDatanodeProtocolServer: RPC server for DataNodes is listening at /0.0.0.0:9861
datanode_3  | 2019-10-18 18:57:10,315 INFO storage.RaftStorage: Storage directory /data/metadata/ratis/0041659a-6d28-4103-84cf-8723dc73d9b5 has been successfully formatted.
nm_1        | 2019-10-18 18:57:02 INFO  HttpServer2:705 - Added filter static_user_filter (class=org.apache.hadoop.http.lib.StaticUserWebFilter$StaticUserFilter) to context node
rm_1        | maxAMResourcePerQueuePercent = 0.1 [= configuredMaximumAMResourcePercent ]
om_1        | 2019-10-18 18:57:17,118 INFO ipc.Server: IPC Server listener on 9862: starting
datanode_2  | 2019-10-18 18:57:11,772 INFO storage.RaftStorage: Storage directory /data/metadata/ratis/aa9dcbd1-be7f-4151-b015-86d72a0a6029 has been successfully formatted.
datanode_1  | 2019-10-18 18:57:10,950 INFO storage.RaftStorageDirectory: Lock on /data/metadata/ratis/a2afcd10-e6a4-4cd1-a8c8-5dddf02bb1fa/in_use.lock acquired by nodename 7@415476183fa9
datanode_3  | 2019-10-18 18:57:10,321 [pool-8-thread-1] INFO       - group-8723DC73D9B5: The snapshot info is null. Setting the last applied indexto:(t:0, i:~)
nm_1        | 2019-10-18 18:57:02 INFO  HttpServer2:713 - Added filter static_user_filter (class=org.apache.hadoop.http.lib.StaticUserWebFilter$StaticUserFilter) to context static
rm_1        | minimumAllocationFactor = 0.875 [= (float)(maximumAllocationMemory - minimumAllocationMemory) / maximumAllocationMemory ]
scm_1       | 2019-10-18 18:57:08,140 INFO ipc.Server: IPC Server Responder: starting
om_1        | 2019-10-18 18:57:17,118 INFO ipc.Server: IPC Server Responder: starting
datanode_2  | 2019-10-18 18:57:11,776 INFO server.RaftServerConfigKeys: raft.server.notification.no-leader.timeout = 120s (custom)
datanode_1  | 2019-10-18 18:57:10,992 INFO storage.RaftStorage: Storage directory /data/metadata/ratis/a2afcd10-e6a4-4cd1-a8c8-5dddf02bb1fa has been successfully formatted.
datanode_3  | 2019-10-18 18:57:10,322 INFO server.RaftServerConfigKeys: raft.server.notification.no-leader.timeout = 120s (custom)
rm_1        | maximumAllocation = <memory:8192, vCores:32> [= configuredMaxAllocation ]
scm_1       | 2019-10-18 18:57:08,140 INFO ipc.Server: IPC Server listener on 9861: starting
om_1        | 2019-10-18 18:57:17,193 INFO hdfs.DFSUtil: Starting Web-server for ozoneManager at: http://0.0.0.0:9874
datanode_2  | 2019-10-18 18:57:11,776 [pool-8-thread-1] INFO       - group-86D72A0A6029: The snapshot info is null. Setting the last applied indexto:(t:0, i:~)
nm_1        | 2019-10-18 18:57:02 INFO  HttpServer2:713 - Added filter static_user_filter (class=org.apache.hadoop.http.lib.StaticUserWebFilter$StaticUserFilter) to context logs
datanode_3  | 2019-10-18 18:57:10,325 INFO server.RaftServerConfigKeys: raft.server.log.use.memory = false (default)
datanode_1  | 2019-10-18 18:57:11,002 [pool-8-thread-1] INFO       - group-5DDDF02BB1FA: The snapshot info is null. Setting the last applied indexto:(t:0, i:~)
rm_1        | numContainers = 0 [= currentNumContainers ]
scm_1       | 2019-10-18 18:57:08,147 INFO http.HttpServer2: Jetty bound to port 9876
datanode_2  | 2019-10-18 18:57:11,779 INFO server.RaftServerConfigKeys: raft.server.log.use.memory = false (default)
om_1        | 2019-10-18 18:57:17,340 INFO server.AuthenticationFilter: Unable to initialize FileSignerSecretProvider, falling back to use random secrets.
datanode_3  | 2019-10-18 18:57:10,330 INFO server.RaftServerConfigKeys: raft.server.log.purge.gap = 1000000 (custom)
nm_1        | 2019-10-18 18:57:02 INFO  HttpServer2:424 - adding path spec: /node/*
datanode_1  | 2019-10-18 18:57:11,004 INFO server.RaftServerConfigKeys: raft.server.notification.no-leader.timeout = 120s (custom)
rm_1        | state = RUNNING [= configuredState ]
scm_1       | 2019-10-18 18:57:08,149 INFO server.Server: jetty-9.3.25.v20180904, build timestamp: 2018-09-04T21:11:46Z, git hash: 3ce520221d0240229c862b122d2b06c12a625732
datanode_2  | 2019-10-18 18:57:11,784 INFO server.RaftServerConfigKeys: raft.server.log.purge.gap = 1000000 (custom)
om_1        | 2019-10-18 18:57:17,344 INFO http.HttpRequestLog: Http request log for http.requests.ozoneManager is not defined
datanode_3  | 2019-10-18 18:57:10,336 INFO server.RaftServerConfigKeys: raft.server.log.appender.buffer.byte-limit = 33554432 (custom)
nm_1        | 2019-10-18 18:57:02 INFO  HttpServer2:424 - adding path spec: /ws/*
datanode_1  | 2019-10-18 18:57:11,007 INFO server.RaftServerConfigKeys: raft.server.log.use.memory = false (default)
rm_1        | acls = SUBMIT_APP:*ADMINISTER_QUEUE:* [= configuredAcls ]
scm_1       | 2019-10-18 18:57:08,222 INFO handler.ContextHandler: Started o.e.j.s.ServletContextHandler@153d4abb{/logs,file:///var/log/hadoop/,AVAILABLE}
datanode_2  | 2019-10-18 18:57:11,784 INFO server.RaftServerConfigKeys: raft.server.log.appender.buffer.byte-limit = 33554432 (custom)
om_1        | 2019-10-18 18:57:17,354 INFO http.HttpServer2: Added global filter 'safety' (class=org.apache.hadoop.http.HttpServer2$QuotingInputFilter)
datanode_3  | 2019-10-18 18:57:10,338 INFO server.RaftServerConfigKeys: raft.server.log.segment.size.max = 1048576 (custom)
nm_1        | 2019-10-18 18:57:02 INFO  WebApps:288 - Registered webapp guice modules
datanode_1  | 2019-10-18 18:57:11,012 INFO server.RaftServerConfigKeys: raft.server.log.purge.gap = 1000000 (custom)
rm_1        | nodeLocalityDelay = 40
scm_1       | 2019-10-18 18:57:08,223 INFO handler.ContextHandler: Started o.e.j.s.ServletContextHandler@64bfd6fd{/static,jar:file:/opt/hadoop/share/ozone/lib/hadoop-hdds-server-scm-0.5.0-SNAPSHOT.jar!/webapps/static,AVAILABLE}
datanode_2  | 2019-10-18 18:57:11,786 INFO server.RaftServerConfigKeys: raft.server.log.segment.size.max = 1048576 (custom)
om_1        | 2019-10-18 18:57:17,357 INFO http.HttpServer2: Added filter static_user_filter (class=org.apache.hadoop.http.lib.StaticUserWebFilter$StaticUserFilter) to context ozoneManager
datanode_3  | 2019-10-18 18:57:10,343 INFO metrics.MetricRegistries: Loaded MetricRegistries class org.apache.ratis.metrics.impl.MetricRegistriesImpl
nm_1        | 2019-10-18 18:57:02 INFO  HttpServer2:935 - Jetty bound to port 8042
datanode_1  | 2019-10-18 18:57:11,012 INFO server.RaftServerConfigKeys: raft.server.log.appender.buffer.byte-limit = 33554432 (custom)
rm_1        | labels=*,
scm_1       | 2019-10-18 18:57:08,402 INFO handler.ContextHandler: Started o.e.j.w.WebAppContext@5300cac{/,file:///tmp/jetty-0.0.0.0-9876-scm-_-any-15626108737618950473.dir/webapp/,AVAILABLE}{/scm}
datanode_2  | 2019-10-18 18:57:11,796 INFO metrics.MetricRegistries: Loaded MetricRegistries class org.apache.ratis.metrics.impl.MetricRegistriesImpl
om_1        | 2019-10-18 18:57:17,358 INFO http.HttpServer2: Added filter static_user_filter (class=org.apache.hadoop.http.lib.StaticUserWebFilter$StaticUserFilter) to context static
datanode_3  | 2019-10-18 18:57:10,346 WARN impl.MetricRegistriesImpl: First MetricRegistry has been created without registering reporters. You may need to call MetricRegistries.global().addReportRegistration(...) before.
datanode_1  | 2019-10-18 18:57:11,015 INFO server.RaftServerConfigKeys: raft.server.log.segment.size.max = 1048576 (custom)
scm_1       | 2019-10-18 18:57:08,409 INFO server.AbstractConnector: Started ServerConnector@6f49d153{HTTP/1.1,[http/1.1]}{0.0.0.0:9876}
datanode_2  | 2019-10-18 18:57:11,800 WARN impl.MetricRegistriesImpl: First MetricRegistry has been created without registering reporters. You may need to call MetricRegistries.global().addReportRegistration(...) before.
om_1        | 2019-10-18 18:57:17,358 INFO http.HttpServer2: Added filter static_user_filter (class=org.apache.hadoop.http.lib.StaticUserWebFilter$StaticUserFilter) to context logs
rm_1        | nodeLocalityDelay = 40
nm_1        | 2019-10-18 18:57:02 INFO  log:67 - jetty-6.1.26
datanode_3  | 2019-10-18 18:57:10,351 INFO server.RaftServerConfigKeys: raft.server.log.segment.cache.num.max = 2 (custom)
datanode_1  | 2019-10-18 18:57:11,026 INFO metrics.MetricRegistries: Loaded MetricRegistries class org.apache.ratis.metrics.impl.MetricRegistriesImpl
scm_1       | 2019-10-18 18:57:08,409 INFO server.Server: Started @5814ms
datanode_2  | 2019-10-18 18:57:11,806 INFO server.RaftServerConfigKeys: raft.server.log.segment.cache.num.max = 2 (custom)
om_1        | 2019-10-18 18:57:17,382 INFO http.HttpServer2: Jetty bound to port 9874
