kdc_1       | Oct 18 19:17:37 kdc krb5kdc[9](info): AS_REQ (8 etypes {18 17 20 19 16 23 25 26}) 127.0.0.1: ISSUE: authtime 1571426257, etypes {rep=18 tkt=18 ses=18}, admin/admin@EXAMPLE.COM for kadmin/admin@EXAMPLE.COM
datanode_1  | 2019-10-18 19:18:05,987 INFO impl.MetricsSystemImpl: Registered sink prometheus
datanode_3  | 2019-10-18 19:18:11,821 INFO impl.RaftServerImpl: dee2d347-6597-4411-9386-05118b1068fb: new RaftServerImpl for group-F262D148B0B8:[dee2d347-6597-4411-9386-05118b1068fb:172.18.0.8:9858] with ContainerStateMachine:uninitialized
datanode_2  | 2019-10-18 19:18:11,323 INFO server.RaftServerConfigKeys: raft.server.rpc.timeout.min = 5s (custom)
rm_1        | 2019-10-18 19:18:00 INFO  MultiNodeSortingManager:59 - Initializing NodeSortingService=MultiNodeSortingManager
nm_1        | 2019-10-18 19:18:01 INFO  ContainersMonitorImpl:190 - Physical memory check enabled: false
scm_1       | 2019-10-18 19:18:03,393 INFO http.HttpServer2: Added filter static_user_filter (class=org.apache.hadoop.http.lib.StaticUserWebFilter$StaticUserFilter) to context scm
jhs         | 2019-10-18 19:17:59 INFO  Server:1153 - IPC Server listener on 10200: starting
om_1        | 2019-10-18 19:18:08,735 WARN server.ServerUtils: ozone.om.db.dirs is not configured. We recommend adding this setting. Falling back to ozone.metadata.dirs instead.
kms_1       | 	at sun.reflect.NativeMethodAccessorImpl.invoke0(Native Method)
kdc_1       | Oct 18 19:17:37 kdc krb5kdc[9](info): AS_REQ (8 etypes {18 17 20 19 16 23 25 26}) 127.0.0.1: SERVER_NOT_FOUND: admin/admin@EXAMPLE.COM for kadmin/localhost@EXAMPLE.COM, Server not found in Kerberos database
datanode_1  | 2019-10-18 19:18:05,989 INFO server.BaseHttpServer: HTTP server of HDDSDATANODE is listening at http://0.0.0.0:9882
datanode_3  | 2019-10-18 19:18:11,822 INFO server.RaftServerConfigKeys: raft.server.rpc.timeout.min = 5s (custom)
datanode_2  | 2019-10-18 19:18:11,324 INFO server.RaftServerConfigKeys: raft.server.rpc.timeout.max = 5200ms (custom)
rm_1        | 2019-10-18 19:18:00 INFO  HostsFileReader:211 - Refreshing hosts (include/exclude) list
nm_1        | 2019-10-18 19:18:01 INFO  ContainersMonitorImpl:191 - Virtual memory check enabled: false
scm_1       | 2019-10-18 19:18:03,393 INFO http.HttpServer2: Added filter static_user_filter (class=org.apache.hadoop.http.lib.StaticUserWebFilter$StaticUserFilter) to context logs
jhs         | 2019-10-18 19:17:59 INFO  ApplicationHistoryClientService:111 - Instantiated ApplicationHistoryClientService at jhs/172.18.0.7:10200
om_1        | 2019-10-18 19:18:08,767 INFO util.log: Logging initialized @2793ms
kms_1       | 	at sun.reflect.NativeMethodAccessorImpl.invoke(NativeMethodAccessorImpl.java:62)
kdc_1       | Oct 18 19:17:37 kdc krb5kdc[9](info): AS_REQ (8 etypes {18 17 20 19 16 23 25 26}) 127.0.0.1: ISSUE: authtime 1571426257, etypes {rep=18 tkt=18 ses=18}, admin/admin@EXAMPLE.COM for kadmin/admin@EXAMPLE.COM
datanode_3  | 2019-10-18 19:18:11,823 INFO server.RaftServerConfigKeys: raft.server.rpc.timeout.max = 5200ms (custom)
datanode_2  | 2019-10-18 19:18:11,324 INFO server.RaftServerConfigKeys: raft.server.rpcslowness.timeout = 120s (custom)
rm_1        | 2019-10-18 19:18:00 INFO  Configuration:2755 - found resource capacity-scheduler.xml at file:/opt/hadoop/etc/hadoop/capacity-scheduler.xml
datanode_1  | 2019-10-18 19:18:06,018 INFO util.JvmPauseMonitor: Starting JVM pause monitor
scm_1       | 2019-10-18 19:18:03,393 INFO http.HttpServer2: Added filter static_user_filter (class=org.apache.hadoop.http.lib.StaticUserWebFilter$StaticUserFilter) to context static
jhs         | 2019-10-18 19:17:59 INFO  JvmPauseMonitor:188 - Starting JVM pause monitor
nm_1        | 2019-10-18 19:18:01 INFO  ContainersMonitorImpl:192 - Elastic memory control enabled: false
om_1        | 2019-10-18 19:18:08,868 INFO db.DBStoreBuilder: using custom profile for table: userTable
kms_1       | 	at sun.reflect.DelegatingMethodAccessorImpl.invoke(DelegatingMethodAccessorImpl.java:43)
datanode_3  | 2019-10-18 19:18:11,823 INFO server.RaftServerConfigKeys: raft.server.rpcslowness.timeout = 120s (custom)
datanode_2  | 2019-10-18 19:18:11,324 INFO server.RaftServerConfigKeys: raft.server.sleep.deviation.threshold = 300 (default)
rm_1        | 2019-10-18 19:18:00 INFO  AbstractYarnScheduler:1390 - Minimum allocation = <memory:1024, vCores:1>
kdc_1       | Oct 18 19:17:37 kdc krb5kdc[9](info): AS_REQ (8 etypes {18 17 20 19 16 23 25 26}) 127.0.0.1: SERVER_NOT_FOUND: admin/admin@EXAMPLE.COM for kadmin/localhost@EXAMPLE.COM, Server not found in Kerberos database
scm_1       | 2019-10-18 19:18:03,421 INFO server.StorageContainerManager: StorageContainerLocationProtocol RPC server is listening at /0.0.0.0:9860
jhs         | 2019-10-18 19:17:59 INFO  TimelineServerUtils:66 - Filter initializers set for timeline service: org.apache.hadoop.http.lib.StaticUserWebFilter,org.apache.hadoop.yarn.server.timeline.security.TimelineAuthenticationFilterInitializer
datanode_1  | 2019-10-18 19:18:08,148 [Datanode State Machine Thread - 0] INFO       - Attempting to start container services.
nm_1        | 2019-10-18 19:18:01 INFO  ContainersMonitorImpl:193 - Strict memory control enabled: true
om_1        | 2019-10-18 19:18:08,869 INFO db.DBStoreBuilder: Using default column profile:DBProfile.DISK for Table:userTable
kms_1       | 	at java.lang.reflect.Method.invoke(Method.java:498)
datanode_3  | 2019-10-18 19:18:11,824 INFO server.RaftServerConfigKeys: raft.server.sleep.deviation.threshold = 300 (default)
datanode_2  | 2019-10-18 19:18:11,325 INFO server.RaftServerConfigKeys: raft.server.log.appender.install.snapshot.enabled = false (custom)
rm_1        | 2019-10-18 19:18:00 INFO  AbstractYarnScheduler:1402 - Maximum allocation = <memory:8192, vCores:4>
kdc_1       | Oct 18 19:17:37 kdc krb5kdc[9](info): AS_REQ (8 etypes {18 17 20 19 16 23 25 26}) 127.0.0.1: ISSUE: authtime 1571426257, etypes {rep=18 tkt=18 ses=18}, admin/admin@EXAMPLE.COM for kadmin/admin@EXAMPLE.COM
scm_1       | 2019-10-18 19:18:03,515 INFO impl.MetricsConfig: Loaded properties from hadoop-metrics2.properties
jhs         | 2019-10-18 19:17:59 INFO  log:192 - Logging initialized @1875ms
datanode_1  | 2019-10-18 19:18:08,151 [Datanode State Machine Thread - 0] INFO       - Background container scanner has been disabled.
nm_1        | 2019-10-18 19:18:01 INFO  ContainersMonitorImpl:218 - ContainersMonitor enabled: true
om_1        | 2019-10-18 19:18:08,869 INFO db.DBStoreBuilder: using custom profile for table: volumeTable
kms_1       | 	at javax.xml.bind.ContextFinder.newInstance(ContextFinder.java:247)
datanode_3  | 2019-10-18 19:18:11,824 INFO server.RaftServerConfigKeys: raft.server.log.appender.install.snapshot.enabled = false (custom)
datanode_2  | 2019-10-18 19:18:11,330 INFO impl.RaftServerImpl: 8fd39813-f9b2-48f5-83b4-d9d9421f804e@group-D3957A6E5A6B: ConfigurationManager, init=-1: [8fd39813-f9b2-48f5-83b4-d9d9421f804e:172.18.0.9:9858], old=null, confs=<EMPTY_MAP>
rm_1        | 2019-10-18 19:18:00 INFO  CapacitySchedulerConfiguration:894 - max alloc mb per queue for root is undefined
scm_1       | 2019-10-18 19:18:03,585 INFO impl.MetricsSystemImpl: Scheduled Metric snapshot period at 10 second(s).
jhs         | 2019-10-18 19:17:59 INFO  AuthenticationFilter:240 - Unable to initialize FileSignerSecretProvider, falling back to use random secrets.
datanode_1  | 2019-10-18 19:18:08,152 [Datanode State Machine Thread - 0] INFO       - Starting XceiverServerRatis 40d8c7e8-c7e0-4798-9c89-2f90a8899e5b at port 9858
nm_1        | 2019-10-18 19:18:01 INFO  LogAggregationService:139 - rollingMonitorInterval is set as 3600. The logs will be aggregated every 3600 seconds
kdc_1       | Oct 18 19:17:36 kdc kadmind[15](info): closing down fd 18
om_1        | 2019-10-18 19:18:08,869 INFO db.DBStoreBuilder: Using default column profile:DBProfile.DISK for Table:volumeTable
kms_1       | 	at javax.xml.bind.ContextFinder.newInstance(ContextFinder.java:234)
datanode_3  | 2019-10-18 19:18:11,831 INFO impl.RaftServerImpl: dee2d347-6597-4411-9386-05118b1068fb@group-F262D148B0B8: ConfigurationManager, init=-1: [dee2d347-6597-4411-9386-05118b1068fb:172.18.0.8:9858], old=null, confs=<EMPTY_MAP>
datanode_2  | 2019-10-18 19:18:11,331 INFO server.RaftServerConfigKeys: raft.server.storage.dir = [/data/metadata/ratis] (custom)
rm_1        | 2019-10-18 19:18:00 INFO  CapacitySchedulerConfiguration:898 - max alloc vcore per queue for root is undefined
scm_1       | 2019-10-18 19:18:03,586 INFO impl.MetricsSystemImpl: StorageContainerManager metrics system started
jhs         | 2019-10-18 19:17:59 INFO  HttpRequestLog:81 - Http request log for http.requests.applicationhistory is not defined
datanode_1  | 2019-10-18 19:18:08,169 INFO impl.RaftServerProxy: 40d8c7e8-c7e0-4798-9c89-2f90a8899e5b: start RPC server
nm_1        | 2019-10-18 19:18:01 INFO  ContainerManagerImpl:394 - Not a recoverable state store. Nothing to recover.
om_1        | 2019-10-18 19:18:08,869 INFO db.DBStoreBuilder: using custom profile for table: bucketTable
kdc_1       | Oct 18 19:17:36 kdc kadmind[15](Notice): Request: kadm5_init, admin/admin@EXAMPLE.COM, success, client=admin/admin@EXAMPLE.COM, service=kadmin/admin@EXAMPLE.COM, addr=127.0.0.1, vers=4, flavor=6
kms_1       | 	at javax.xml.bind.ContextFinder.find(ContextFinder.java:441)
datanode_3  | 2019-10-18 19:18:11,831 INFO server.RaftServerConfigKeys: raft.server.storage.dir = [/data/metadata/ratis] (custom)
datanode_2  | 2019-10-18 19:18:11,334 INFO server.RaftServerConfigKeys: raft.server.log.corruption.policy = EXCEPTION (default)
rm_1        | 2019-10-18 19:18:00 INFO  ParentQueue:151 - root, capacity=1.0, absoluteCapacity=1.0, maxCapacity=1.0, absoluteMaxCapacity=1.0, state=RUNNING, acls=ADMINISTER_QUEUE:*SUBMIT_APP:*, labels=*,
scm_1       | 2019-10-18 19:18:03,814 INFO server.SCMClientProtocolServer: RPC server for Client  is listening at /0.0.0.0:9860
jhs         | 2019-10-18 19:17:59 INFO  HttpServer2:975 - Added global filter 'safety' (class=org.apache.hadoop.http.HttpServer2$QuotingInputFilter)
datanode_1  | 2019-10-18 19:18:08,337 INFO server.GrpcService: 40d8c7e8-c7e0-4798-9c89-2f90a8899e5b: GrpcService started, listening on 0.0.0.0/0.0.0.0:9858
nm_1        | 2019-10-18 19:18:01 INFO  Configuration:2752 - resource-types.xml not found
om_1        | 2019-10-18 19:18:08,870 INFO db.DBStoreBuilder: Using default column profile:DBProfile.DISK for Table:bucketTable
kdc_1       | Oct 18 19:17:36 kdc kadmind[15](Notice): Request: kadm5_get_policy, default, Policy does not exist, client=admin/admin@EXAMPLE.COM, service=kadmin/admin@EXAMPLE.COM, addr=127.0.0.1
kms_1       | 	at javax.xml.bind.JAXBContext.newInstance(JAXBContext.java:641)
datanode_3  | 2019-10-18 19:18:11,836 INFO server.RaftServerConfigKeys: raft.server.log.corruption.policy = EXCEPTION (default)
datanode_2  | 2019-10-18 19:18:11,335 INFO storage.RaftStorageDirectory: The storage directory /data/metadata/ratis/ea157547-ecd9-44a6-8ad5-d3957a6e5a6b does not exist. Creating ...
rm_1        | , reservationsContinueLooking=true, orderingPolicy=utilization, priority=0
scm_1       | 2019-10-18 19:18:03,814 INFO ipc.Server: IPC Server Responder: starting
jhs         | 2019-10-18 19:17:59 INFO  HttpServer2:948 - Added filter static_user_filter (class=org.apache.hadoop.http.lib.StaticUserWebFilter$StaticUserFilter) to context applicationhistory
datanode_1  | 2019-10-18 19:18:10,838 INFO impl.RaftServerProxy: 40d8c7e8-c7e0-4798-9c89-2f90a8899e5b: addNew group-8839118AF045:[40d8c7e8-c7e0-4798-9c89-2f90a8899e5b:172.18.0.2:9858] returns group-8839118AF045:java.util.concurrent.CompletableFuture@497e7c2c[Not completed]
nm_1        | 2019-10-18 19:18:01 INFO  ResourceUtils:419 - Unable to find 'resource-types.xml'.
om_1        | 2019-10-18 19:18:08,870 INFO db.DBStoreBuilder: using custom profile for table: keyTable
kdc_1       | Oct 18 19:17:36 kdc kadmind[15](Notice): Request: kadm5_create_principal, dn/697730815b99@EXAMPLE.COM, success, client=admin/admin@EXAMPLE.COM, service=kadmin/admin@EXAMPLE.COM, addr=127.0.0.1
kms_1       | 	at javax.xml.bind.JAXBContext.newInstance(JAXBContext.java:584)
datanode_3  | 2019-10-18 19:18:11,837 INFO storage.RaftStorageDirectory: The storage directory /data/metadata/ratis/db3dc3da-eef3-438f-9e16-f262d148b0b8 does not exist. Creating ...
datanode_2  | 2019-10-18 19:18:11,436 INFO storage.RaftStorageDirectory: Lock on /data/metadata/ratis/ea157547-ecd9-44a6-8ad5-d3957a6e5a6b/in_use.lock acquired by nodename 7@697730815b99
rm_1        | 2019-10-18 19:18:00 INFO  ParentQueue:114 - Initialized parent-queue root name=root, fullname=root
scm_1       | 2019-10-18 19:18:03,815 INFO ipc.Server: IPC Server listener on 9860: starting
jhs         | 2019-10-18 19:17:59 INFO  HttpServer2:958 - Added filter static_user_filter (class=org.apache.hadoop.http.lib.StaticUserWebFilter$StaticUserFilter) to context logs
datanode_1  | 2019-10-18 19:18:10,858 INFO impl.RaftServerImpl: 40d8c7e8-c7e0-4798-9c89-2f90a8899e5b: new RaftServerImpl for group-8839118AF045:[40d8c7e8-c7e0-4798-9c89-2f90a8899e5b:172.18.0.2:9858] with ContainerStateMachine:uninitialized
om_1        | 2019-10-18 19:18:08,870 INFO db.DBStoreBuilder: Using default column profile:DBProfile.DISK for Table:keyTable
nm_1        | 2019-10-18 19:18:01 INFO  Configuration:2752 - node-resources.xml not found
kdc_1       | Oct 18 19:17:36 kdc kadmind[15](info): closing down fd 18
kms_1       | 	at com.sun.jersey.server.wadl.generators.WadlGeneratorJAXBGrammarGenerator.buildModelAndSchemas(WadlGeneratorJAXBGrammarGenerator.java:169)
datanode_3  | 2019-10-18 19:18:11,855 INFO storage.RaftStorageDirectory: Lock on /data/metadata/ratis/db3dc3da-eef3-438f-9e16-f262d148b0b8/in_use.lock acquired by nodename 7@2349cf295921
datanode_2  | 2019-10-18 19:18:11,462 INFO storage.RaftStorage: Storage directory /data/metadata/ratis/ea157547-ecd9-44a6-8ad5-d3957a6e5a6b has been successfully formatted.
rm_1        | 2019-10-18 19:18:00 INFO  CapacitySchedulerConfiguration:894 - max alloc mb per queue for root.default is undefined
scm_1       | 2019-10-18 19:18:03,823 INFO server.StorageContainerManager: ScmBlockLocationProtocol RPC server is listening at /0.0.0.0:9863
jhs         | 2019-10-18 19:17:59 INFO  HttpServer2:958 - Added filter static_user_filter (class=org.apache.hadoop.http.lib.StaticUserWebFilter$StaticUserFilter) to context static
datanode_1  | 2019-10-18 19:18:10,860 INFO server.RaftServerConfigKeys: raft.server.rpc.timeout.min = 5s (custom)
nm_1        | 2019-10-18 19:18:01 INFO  ResourceUtils:419 - Unable to find 'node-resources.xml'.
kdc_1       | Oct 18 19:17:36 kdc kadmind[15](Notice): Request: kadm5_init, admin/admin@EXAMPLE.COM, success, client=admin/admin@EXAMPLE.COM, service=kadmin/admin@EXAMPLE.COM, addr=127.0.0.1, vers=4, flavor=6
om_1        | 2019-10-18 19:18:08,870 INFO db.DBStoreBuilder: using custom profile for table: deletedTable
kms_1       | 	at com.sun.jersey.server.wadl.generators.AbstractWadlGeneratorGrammarGenerator.createExternalGrammar(AbstractWadlGeneratorGrammarGenerator.java:405)
kms_1       | 	at com.sun.jersey.server.wadl.WadlBuilder.generate(WadlBuilder.java:149)
datanode_2  | 2019-10-18 19:18:11,467 [pool-9-thread-1] INFO       - group-D3957A6E5A6B: The snapshot info is null. Setting the last applied indexto:(t:0, i:~)
rm_1        | 2019-10-18 19:18:00 INFO  CapacitySchedulerConfiguration:898 - max alloc vcore per queue for root.default is undefined
scm_1       | 2019-10-18 19:18:03,824 INFO server.SCMBlockProtocolServer: RPC server for Block Protocol is listening at /0.0.0.0:9863
jhs         | 2019-10-18 19:17:59 INFO  HttpServer2:975 - Added global filter 'Timeline Authentication Filter' (class=org.apache.hadoop.yarn.server.timeline.security.TimelineAuthenticationFilter)
datanode_1  | 2019-10-18 19:18:10,861 INFO server.RaftServerConfigKeys: raft.server.rpc.timeout.max = 5200ms (custom)
kdc_1       | Oct 18 19:17:36 kdc kadmind[15](Notice): Request: kadm5_randkey_principal, dn/697730815b99@EXAMPLE.COM, success, client=admin/admin@EXAMPLE.COM, service=kadmin/admin@EXAMPLE.COM, addr=127.0.0.1
nm_1        | 2019-10-18 19:18:01 INFO  NodeStatusUpdaterImpl:199 - Nodemanager resources is set to: <memory:8192, vCores:8>
datanode_3  | 2019-10-18 19:18:11,861 INFO storage.RaftStorage: Storage directory /data/metadata/ratis/db3dc3da-eef3-438f-9e16-f262d148b0b8 has been successfully formatted.
kms_1       | 	at com.sun.jersey.server.impl.wadl.WadlApplicationContextImpl.getApplication(WadlApplicationContextImpl.java:119)
om_1        | 2019-10-18 19:18:08,870 INFO db.DBStoreBuilder: Using default column profile:DBProfile.DISK for Table:deletedTable
datanode_2  | 2019-10-18 19:18:11,467 INFO server.RaftServerConfigKeys: raft.server.notification.no-leader.timeout = 120s (custom)
rm_1        | 2019-10-18 19:18:00 INFO  LeafQueue:285 - Initializing default
scm_1       | 2019-10-18 19:18:03,825 INFO ipc.Server: IPC Server Responder: starting
jhs         | 2019-10-18 19:17:59 INFO  HttpServer2:613 - adding path spec: /applicationhistory/*
datanode_1  | 2019-10-18 19:18:10,861 INFO server.RaftServerConfigKeys: raft.server.rpcslowness.timeout = 120s (custom)
kdc_1       | Oct 18 19:17:36 kdc kadmind[15](Notice): Request: kadm5_get_principal, dn/697730815b99@EXAMPLE.COM, success, client=admin/admin@EXAMPLE.COM, service=kadmin/admin@EXAMPLE.COM, addr=127.0.0.1
nm_1        | 2019-10-18 19:18:01 INFO  NodeStatusUpdaterImpl:247 - Initialized nodemanager with : physical-memory=8192 virtual-memory=17204 virtual-cores=8
datanode_3  | 2019-10-18 19:18:11,864 [pool-9-thread-1] INFO       - group-F262D148B0B8: The snapshot info is null. Setting the last applied indexto:(t:0, i:~)
kms_1       | 	at com.sun.jersey.server.impl.wadl.WadlApplicationContextImpl.getApplication(WadlApplicationContextImpl.java:138)
datanode_2  | 2019-10-18 19:18:11,471 INFO server.RaftServerConfigKeys: raft.server.log.use.memory = false (default)
om_1        | 2019-10-18 19:18:08,871 INFO db.DBStoreBuilder: using custom profile for table: openKeyTable
rm_1        | capacity = 1.0 [= (float) configuredCapacity / 100 ]
scm_1       | 2019-10-18 19:18:03,825 INFO ipc.Server: IPC Server listener on 9863: starting
jhs         | 2019-10-18 19:17:59 INFO  HttpServer2:613 - adding path spec: /ws/*
jhs         | 2019-10-18 19:18:00 INFO  WebApps:395 - Registered webapp guice modules
kdc_1       | Oct 18 19:17:36 kdc kadmind[15](info): closing down fd 18
nm_1        | 2019-10-18 19:18:01 INFO  CallQueueManager:84 - Using callQueue: class java.util.concurrent.LinkedBlockingQueue, queueCapacity: 2000, scheduler: class org.apache.hadoop.ipc.DefaultRpcScheduler, ipcBackoff: false.
datanode_3  | 2019-10-18 19:18:11,864 INFO server.RaftServerConfigKeys: raft.server.notification.no-leader.timeout = 120s (custom)
kms_1       | 	at com.sun.jersey.server.impl.wadl.WadlMethodFactory$WadlOptionsMethodDispatcher.dispatch(WadlMethodFactory.java:110)
datanode_2  | 2019-10-18 19:18:11,477 INFO server.RaftServerConfigKeys: raft.server.log.purge.gap = 1000000 (custom)
om_1        | 2019-10-18 19:18:08,871 INFO db.DBStoreBuilder: Using default column profile:DBProfile.DISK for Table:openKeyTable
rm_1        | absoluteCapacity = 1.0 [= parentAbsoluteCapacity * capacity ]
scm_1       | 2019-10-18 19:18:03,827 INFO server.StorageContainerManager: ScmDatanodeProtocl RPC server is listening at /0.0.0.0:9861
jhs         | 2019-10-18 19:18:00 INFO  HttpServer2:1191 - Jetty bound to port 8188
datanode_1  | 2019-10-18 19:18:10,862 INFO server.RaftServerConfigKeys: raft.server.sleep.deviation.threshold = 300 (default)
nm_1        | 2019-10-18 19:18:01 INFO  Server:1074 - Starting Socket Reader #1 for port 33639
datanode_3  | 2019-10-18 19:18:11,867 INFO server.RaftServerConfigKeys: raft.server.log.use.memory = false (default)
kdc_1       | Oct 18 19:17:36 kdc kadmind[15](Notice): Request: kadm5_init, admin/admin@EXAMPLE.COM, success, client=admin/admin@EXAMPLE.COM, service=kadmin/admin@EXAMPLE.COM, addr=127.0.0.1, vers=4, flavor=6
kms_1       | 	at com.sun.jersey.server.impl.uri.rules.HttpMethodRule.accept(HttpMethodRule.java:302)
datanode_2  | 2019-10-18 19:18:11,477 INFO server.RaftServerConfigKeys: raft.server.log.appender.buffer.byte-limit = 33554432 (custom)
om_1        | 2019-10-18 19:18:08,871 INFO db.DBStoreBuilder: using custom profile for table: s3Table
rm_1        | maxCapacity = 1.0 [= configuredMaxCapacity ]
scm_1       | 2019-10-18 19:18:03,827 INFO server.SCMDatanodeProtocolServer: RPC server for DataNodes is listening at /0.0.0.0:9861
jhs         | 2019-10-18 19:18:00 INFO  Server:351 - jetty-9.3.24.v20180605, build timestamp: 2018-06-05T17:11:56Z, git hash: 84205aa28f11a4f31f2a3b86d1bba2cc8ab69827
datanode_1  | 2019-10-18 19:18:10,862 INFO server.RaftServerConfigKeys: raft.server.log.appender.install.snapshot.enabled = false (custom)
datanode_3  | 2019-10-18 19:18:11,870 INFO server.RaftServerConfigKeys: raft.server.log.purge.gap = 1000000 (custom)
nm_1        | 2019-10-18 19:18:02 INFO  RpcServerFactoryPBImpl:173 - Adding protocol org.apache.hadoop.yarn.api.ContainerManagementProtocolPB to the server
kdc_1       | Oct 18 19:17:36 kdc kadmind[15](Notice): Request: kadm5_get_policy, default, Policy does not exist, client=admin/admin@EXAMPLE.COM, service=kadmin/admin@EXAMPLE.COM, addr=127.0.0.1
kms_1       | 	at com.sun.jersey.server.impl.uri.rules.ResourceClassRule.accept(ResourceClassRule.java:108)
datanode_2  | 2019-10-18 19:18:11,480 INFO server.RaftServerConfigKeys: raft.server.log.segment.size.max = 1048576 (custom)
om_1        | 2019-10-18 19:18:08,871 INFO db.DBStoreBuilder: Using default column profile:DBProfile.DISK for Table:s3Table
rm_1        | absoluteMaxCapacity = 1.0 [= 1.0 maximumCapacity undefined, (parentAbsoluteMaxCapacity * maximumCapacity) / 100 otherwise ]
scm_1       | 2019-10-18 19:18:03,828 INFO ipc.Server: IPC Server Responder: starting
jhs         | 2019-10-18 19:18:00 INFO  AbstractDelegationTokenSecretManager:343 - Updating the current master key for generating delegation tokens
datanode_1  | 2019-10-18 19:18:10,870 INFO impl.RaftServerImpl: 40d8c7e8-c7e0-4798-9c89-2f90a8899e5b@group-8839118AF045: ConfigurationManager, init=-1: [40d8c7e8-c7e0-4798-9c89-2f90a8899e5b:172.18.0.2:9858], old=null, confs=<EMPTY_MAP>
datanode_3  | 2019-10-18 19:18:11,871 INFO server.RaftServerConfigKeys: raft.server.log.appender.buffer.byte-limit = 33554432 (custom)
nm_1        | 2019-10-18 19:18:02 INFO  Server:1314 - IPC Server Responder: starting
kdc_1       | Oct 18 19:17:36 kdc kadmind[15](Notice): Request: kadm5_create_principal, om/jhs@EXAMPLE.COM, success, client=admin/admin@EXAMPLE.COM, service=kadmin/admin@EXAMPLE.COM, addr=127.0.0.1
kms_1       | 	at com.sun.jersey.server.impl.uri.rules.RightHandPathRule.accept(RightHandPathRule.java:147)
datanode_2  | 2019-10-18 19:18:11,488 INFO metrics.MetricRegistries: Loaded MetricRegistries class org.apache.ratis.metrics.impl.MetricRegistriesImpl
om_1        | 2019-10-18 19:18:08,872 INFO db.DBStoreBuilder: using custom profile for table: multipartInfoTable
rm_1        | effectiveMinResource=<memory:0, vCores:0>
scm_1       | 2019-10-18 19:18:03,828 INFO ipc.Server: IPC Server listener on 9861: starting
jhs         | 2019-10-18 19:18:00 INFO  AbstractDelegationTokenSecretManager:675 - Starting expired delegation token remover thread, tokenRemoverScanInterval=60 min(s)
datanode_1  | 2019-10-18 19:18:10,871 INFO server.RaftServerConfigKeys: raft.server.storage.dir = [/data/metadata/ratis] (custom)
datanode_3  | 2019-10-18 19:18:11,872 INFO server.RaftServerConfigKeys: raft.server.log.segment.size.max = 1048576 (custom)
nm_1        | 2019-10-18 19:18:02 INFO  Server:1153 - IPC Server listener on 33639: starting
kdc_1       | Oct 18 19:17:36 kdc kadmind[15](info): closing down fd 18
kms_1       | 	at com.sun.jersey.server.impl.uri.rules.RootResourceClassesRule.accept(RootResourceClassesRule.java:84)
datanode_2  | 2019-10-18 19:18:11,492 WARN impl.MetricRegistriesImpl: First MetricRegistry has been created without registering reporters. You may need to call MetricRegistries.global().addReportRegistration(...) before.
om_1        | 2019-10-18 19:18:08,872 INFO db.DBStoreBuilder: Using default column profile:DBProfile.DISK for Table:multipartInfoTable
rm_1        |  , effectiveMaxResource=<memory:0, vCores:0>
om_1        | 2019-10-18 19:18:08,872 INFO db.DBStoreBuilder: using custom profile for table: dTokenTable
datanode_1  | 2019-10-18 19:18:10,876 INFO server.RaftServerConfigKeys: raft.server.log.corruption.policy = EXCEPTION (default)
datanode_3  | 2019-10-18 19:18:11,879 INFO metrics.MetricRegistries: Loaded MetricRegistries class org.apache.ratis.metrics.impl.MetricRegistriesImpl
nm_1        | 2019-10-18 19:18:02 INFO  NMContainerTokenSecretManager:265 - Updating node address : nm:33639
kdc_1       | Oct 18 19:17:37 kdc kadmind[15](Notice): Request: kadm5_init, admin/admin@EXAMPLE.COM, success, client=admin/admin@EXAMPLE.COM, service=kadmin/admin@EXAMPLE.COM, addr=127.0.0.1, vers=4, flavor=6
kms_1       | 	at com.sun.jersey.server.impl.application.WebApplicationImpl._handleRequest(WebApplicationImpl.java:1542)
scm_1       | 2019-10-18 19:18:03,835 INFO server.SCMClientProtocolServer: Starting RPC server for SCMSecurityProtocolServer. is listening at /0.0.0.0:9961
datanode_2  | 2019-10-18 19:18:11,498 INFO server.RaftServerConfigKeys: raft.server.log.segment.cache.num.max = 2 (custom)
jhs         | 2019-10-18 19:18:00 INFO  ContextHandler:781 - Started o.e.j.s.ServletContextHandler@6a47b187{/logs,file:///opt/hadoop/logs/,AVAILABLE}
rm_1        | userLimit = 100 [= configuredUserLimit ]
om_1        | 2019-10-18 19:18:08,872 INFO db.DBStoreBuilder: Using default column profile:DBProfile.DISK for Table:dTokenTable
datanode_1  | 2019-10-18 19:18:10,878 INFO storage.RaftStorageDirectory: The storage directory /data/metadata/ratis/76d86bba-9699-40f3-aec3-8839118af045 does not exist. Creating ...
datanode_3  | 2019-10-18 19:18:11,883 WARN impl.MetricRegistriesImpl: First MetricRegistry has been created without registering reporters. You may need to call MetricRegistries.global().addReportRegistration(...) before.
nm_1        | 2019-10-18 19:18:02 INFO  CallQueueManager:84 - Using callQueue: class java.util.concurrent.LinkedBlockingQueue, queueCapacity: 500, scheduler: class org.apache.hadoop.ipc.DefaultRpcScheduler, ipcBackoff: false.
kdc_1       | Oct 18 19:17:37 kdc kadmind[15](Notice): Request: kadm5_randkey_principal, om/jhs@EXAMPLE.COM, success, client=admin/admin@EXAMPLE.COM, service=kadmin/admin@EXAMPLE.COM, addr=127.0.0.1
kms_1       | 	at com.sun.jersey.server.impl.application.WebApplicationImpl._handleRequest(WebApplicationImpl.java:1473)
scm_1       | 2019-10-18 19:18:03,838 INFO ipc.Server: IPC Server listener on 9961: starting
datanode_2  | 2019-10-18 19:18:11,504 INFO segmented.SegmentedRaftLogWorker: new 8fd39813-f9b2-48f5-83b4-d9d9421f804e@group-D3957A6E5A6B-SegmentedRaftLogWorker for RaftStorage:Storage Directory /data/metadata/ratis/ea157547-ecd9-44a6-8ad5-d3957a6e5a6b
jhs         | 2019-10-18 19:18:00 INFO  ContextHandler:781 - Started o.e.j.s.ServletContextHandler@11bb571c{/static,jar:file:/opt/hadoop/share/hadoop/yarn/hadoop-yarn-common-3.2.0.jar!/webapps/static,AVAILABLE}
rm_1        | userLimitFactor = 1.0 [= configuredUserLimitFactor ]
om_1        | 2019-10-18 19:18:08,872 INFO db.DBStoreBuilder: using custom profile for table: s3SecretTable
datanode_1  | 2019-10-18 19:18:10,912 INFO storage.RaftStorageDirectory: Lock on /data/metadata/ratis/76d86bba-9699-40f3-aec3-8839118af045/in_use.lock acquired by nodename 7@42e98b6e398a
datanode_3  | 2019-10-18 19:18:11,891 INFO server.RaftServerConfigKeys: raft.server.log.segment.cache.num.max = 2 (custom)
nm_1        | 2019-10-18 19:18:02 INFO  Server:1074 - Starting Socket Reader #1 for port 8040
kms_1       | 	at com.sun.jersey.server.impl.application.WebApplicationImpl.handleRequest(WebApplicationImpl.java:1419)
kdc_1       | Oct 18 19:17:37 kdc kadmind[15](Notice): Request: kadm5_get_principal, om/jhs@EXAMPLE.COM, success, client=admin/admin@EXAMPLE.COM, service=kadmin/admin@EXAMPLE.COM, addr=127.0.0.1
scm_1       | 2019-10-18 19:18:03,838 INFO ipc.Server: IPC Server Responder: starting
datanode_2  | 2019-10-18 19:18:11,505 INFO server.RaftServerConfigKeys: raft.server.log.queue.byte-limit = 2147483647 (custom)
jhs         | Oct 18, 2019 7:18:00 PM com.sun.jersey.guice.spi.container.GuiceComponentProviderFactory register
rm_1        | maxApplications = 10000 [= configuredMaximumSystemApplicationsPerQueue or (int)(configuredMaximumSystemApplications * absoluteCapacity)]
om_1        | 2019-10-18 19:18:08,873 INFO db.DBStoreBuilder: Using default column profile:DBProfile.DISK for Table:s3SecretTable
datanode_1  | 2019-10-18 19:18:10,938 INFO storage.RaftStorage: Storage directory /data/metadata/ratis/76d86bba-9699-40f3-aec3-8839118af045 has been successfully formatted.
datanode_3  | 2019-10-18 19:18:11,898 INFO segmented.SegmentedRaftLogWorker: new dee2d347-6597-4411-9386-05118b1068fb@group-F262D148B0B8-SegmentedRaftLogWorker for RaftStorage:Storage Directory /data/metadata/ratis/db3dc3da-eef3-438f-9e16-f262d148b0b8
kms_1       | 	at com.sun.jersey.server.impl.application.WebApplicationImpl.handleRequest(WebApplicationImpl.java:1409)
kdc_1       | Oct 18 19:17:37 kdc kadmind[15](info): closing down fd 18
scm_1       | 2019-10-18 19:18:03,842 INFO http.HttpServer2: Jetty bound to port 9876
datanode_2  | 2019-10-18 19:18:11,505 INFO server.RaftServerConfigKeys: raft.server.log.queue.element-limit = 1024 (custom)
nm_1        | 2019-10-18 19:18:02 INFO  RpcServerFactoryPBImpl:173 - Adding protocol org.apache.hadoop.yarn.server.nodemanager.api.LocalizationProtocolPB to the server
jhs         | INFO: Registering org.apache.hadoop.yarn.webapp.YarnJacksonJaxbJsonProvider as a provider class
rm_1        | maxApplicationsPerUser = 10000 [= (int)(maxApplications * (userLimit / 100.0f) * userLimitFactor) ]
om_1        | 2019-10-18 19:18:08,873 INFO db.DBStoreBuilder: using custom profile for table: prefixTable
datanode_1  | 2019-10-18 19:18:10,941 [pool-9-thread-1] INFO       - group-8839118AF045: The snapshot info is null. Setting the last applied indexto:(t:0, i:~)
datanode_3  | 2019-10-18 19:18:11,898 INFO server.RaftServerConfigKeys: raft.server.log.queue.byte-limit = 2147483647 (custom)
kms_1       | 	at com.sun.jersey.spi.container.servlet.WebComponent.service(WebComponent.java:409)
kdc_1       | Oct 18 19:17:37 kdc kadmind[15](Notice): Request: kadm5_init, admin/admin@EXAMPLE.COM, success, client=admin/admin@EXAMPLE.COM, service=kadmin/admin@EXAMPLE.COM, addr=127.0.0.1, vers=4, flavor=6
scm_1       | 2019-10-18 19:18:03,844 INFO server.Server: jetty-9.3.25.v20180904, build timestamp: 2018-09-04T21:11:46Z, git hash: 3ce520221d0240229c862b122d2b06c12a625732
datanode_2  | 2019-10-18 19:18:11,506 INFO server.RaftServerConfigKeys: raft.server.log.segment.size.max = 1048576 (custom)
nm_1        | 2019-10-18 19:18:02 INFO  Server:1314 - IPC Server Responder: starting
jhs         | Oct 18, 2019 7:18:00 PM com.sun.jersey.guice.spi.container.GuiceComponentProviderFactory register
rm_1        | usedCapacity = 0.0 [= usedResourcesMemory / (clusterResourceMemory * absoluteCapacity)]
om_1        | 2019-10-18 19:18:08,873 INFO db.DBStoreBuilder: Using default column profile:DBProfile.DISK for Table:prefixTable
datanode_3  | 2019-10-18 19:18:11,899 INFO server.RaftServerConfigKeys: raft.server.log.queue.element-limit = 1024 (custom)
datanode_1  | 2019-10-18 19:18:10,941 INFO server.RaftServerConfigKeys: raft.server.notification.no-leader.timeout = 120s (custom)
kms_1       | 	at com.sun.jersey.spi.container.servlet.ServletContainer.service(ServletContainer.java:558)
kdc_1       | Oct 18 19:17:37 kdc kadmind[15](Notice): Request: kadm5_get_policy, default, Policy does not exist, client=admin/admin@EXAMPLE.COM, service=kadmin/admin@EXAMPLE.COM, addr=127.0.0.1
scm_1       | 2019-10-18 19:18:03,931 INFO handler.ContextHandler: Started o.e.j.s.ServletContextHandler@43acd79e{/logs,file:///var/log/hadoop/,AVAILABLE}
datanode_2  | 2019-10-18 19:18:11,507 INFO server.RaftServerConfigKeys: raft.server.log.preallocated.size = 16384 (custom)
nm_1        | 2019-10-18 19:18:02 INFO  Server:1153 - IPC Server listener on 8040: starting
jhs         | INFO: Registering org.apache.hadoop.yarn.server.applicationhistoryservice.webapp.AHSWebServices as a root resource class
om_1        | 2019-10-18 19:18:08,889 INFO db.DBStoreBuilder: using custom profile for table: default
rm_1        | absoluteUsedCapacity = 0.0 [= usedResourcesMemory / clusterResourceMemory]
datanode_3  | 2019-10-18 19:18:11,900 INFO server.RaftServerConfigKeys: raft.server.log.segment.size.max = 1048576 (custom)
datanode_1  | 2019-10-18 19:18:10,944 INFO server.RaftServerConfigKeys: raft.server.log.use.memory = false (default)
kms_1       | 	at com.sun.jersey.spi.container.servlet.ServletContainer.service(ServletContainer.java:733)
kdc_1       | Oct 18 19:17:37 kdc kadmind[15](Notice): Request: kadm5_create_principal, dn/s3g@EXAMPLE.COM, success, client=admin/admin@EXAMPLE.COM, service=kadmin/admin@EXAMPLE.COM, addr=127.0.0.1
scm_1       | 2019-10-18 19:18:04,001 INFO handler.ContextHandler: Started o.e.j.s.ServletContextHandler@5984feef{/static,jar:file:/opt/hadoop/share/ozone/lib/hadoop-hdds-server-scm-0.5.0-SNAPSHOT.jar!/webapps/static,AVAILABLE}
datanode_2  | 2019-10-18 19:18:11,507 INFO server.RaftServerConfigKeys: raft.server.log.write.buffer.size = 33554432 (custom)
nm_1        | 2019-10-18 19:18:02 INFO  ResourceLocalizationService:392 - Localizer started on port 8040
jhs         | Oct 18, 2019 7:18:00 PM com.sun.jersey.guice.spi.container.GuiceComponentProviderFactory register
om_1        | 2019-10-18 19:18:08,889 INFO db.DBStoreBuilder: Using default column profile:DBProfile.DISK for Table:default
rm_1        | maxAMResourcePerQueuePercent = 0.1 [= configuredMaximumAMResourcePercent ]
datanode_3  | 2019-10-18 19:18:11,901 INFO server.RaftServerConfigKeys: raft.server.log.preallocated.size = 16384 (custom)
datanode_1  | 2019-10-18 19:18:10,948 INFO server.RaftServerConfigKeys: raft.server.log.purge.gap = 1000000 (custom)
kms_1       | 	at javax.servlet.http.HttpServlet.service(HttpServlet.java:790)
kdc_1       | Oct 18 19:17:37 kdc kadmind[15](info): closing down fd 18
scm_1       | 2019-10-18 19:18:04,181 INFO server.KerberosAuthenticationHandler: Using keytab /etc/security/keytabs/HTTP.keytab, for principal HTTP/scm@EXAMPLE.COM
datanode_2  | 2019-10-18 19:18:11,508 INFO server.RaftServerConfigKeys: raft.server.log.force.sync.num = 128 (default)
nm_1        | 2019-10-18 19:18:02 INFO  IndexCache:47 - IndexCache created with max memory = 10485760
jhs         | INFO: Registering org.apache.hadoop.yarn.server.timeline.webapp.TimelineWebServices as a root resource class
om_1        | 2019-10-18 19:18:08,891 INFO db.DBStoreBuilder: Using default options. DBProfile.DISK
rm_1        | minimumAllocationFactor = 0.875 [= (float)(maximumAllocationMemory - minimumAllocationMemory) / maximumAllocationMemory ]
datanode_3  | 2019-10-18 19:18:11,901 INFO server.RaftServerConfigKeys: raft.server.log.write.buffer.size = 33554432 (custom)
kms_1       | 	at org.eclipse.jetty.servlet.ServletHolder.handle(ServletHolder.java:848)
kdc_1       | Oct 18 19:17:37 kdc kadmind[15](Notice): Request: kadm5_init, admin/admin@EXAMPLE.COM, success, client=admin/admin@EXAMPLE.COM, service=kadmin/admin@EXAMPLE.COM, addr=127.0.0.1, vers=4, flavor=6
scm_1       | 2019-10-18 19:18:04,186 INFO ipc.Server: Auth successful for om/om@EXAMPLE.COM (auth:KERBEROS)
datanode_2  | 2019-10-18 19:18:11,509 INFO server.RaftServerConfigKeys: raft.server.log.statemachine.data.sync = true (default)
jhs         | Oct 18, 2019 7:18:00 PM com.sun.jersey.guice.spi.container.GuiceComponentProviderFactory register
datanode_1  | 2019-10-18 19:18:10,948 INFO server.RaftServerConfigKeys: raft.server.log.appender.buffer.byte-limit = 33554432 (custom)
om_1        | 2019-10-18 19:18:09,568 INFO Configuration.deprecation: No unit for ozone.manager.delegation.remover.scan.interval(3600000) assuming MILLISECONDS
nm_1        | 2019-10-18 19:18:02 INFO  ShuffleHandler:549 - mapreduce_shuffle listening on port 13562
rm_1        | maximumAllocation = <memory:8192, vCores:4> [= configuredMaxAllocation ]
datanode_3  | 2019-10-18 19:18:11,902 INFO server.RaftServerConfigKeys: raft.server.log.force.sync.num = 128 (default)
kms_1       | 	at org.eclipse.jetty.servlet.ServletHandler$CachedChain.doFilter(ServletHandler.java:1772)
kdc_1       | Oct 18 19:17:37 kdc kadmind[15](Notice): Request: kadm5_randkey_principal, dn/s3g@EXAMPLE.COM, success, client=admin/admin@EXAMPLE.COM, service=kadmin/admin@EXAMPLE.COM, addr=127.0.0.1
scm_1       | 2019-10-18 19:18:04,200 INFO handler.ContextHandler: Started o.e.j.w.WebAppContext@6fa2448b{/,file:///tmp/jetty-0.0.0.0-9876-scm-_-any-7278047711880129102.dir/webapp/,AVAILABLE}{/scm}
datanode_2  | 2019-10-18 19:18:11,509 INFO server.RaftServerConfigKeys: raft.server.log.statemachine.data.sync.timeout = 10s (default)
jhs         | INFO: Registering org.apache.hadoop.yarn.webapp.GenericExceptionHandler as a provider class
datanode_1  | 2019-10-18 19:18:10,950 INFO server.RaftServerConfigKeys: raft.server.log.segment.size.max = 1048576 (custom)
om_1        | 2019-10-18 19:18:09,570 [main] INFO       - Loaded 0 tokens
nm_1        | 2019-10-18 19:18:02 INFO  ContainerManagerImpl:666 - ContainerManager started at nm/172.18.0.12:33639
rm_1        | numContainers = 0 [= currentNumContainers ]
kdc_1       | Oct 18 19:17:37 kdc kadmind[15](Notice): Request: kadm5_get_principal, dn/s3g@EXAMPLE.COM, success, client=admin/admin@EXAMPLE.COM, service=kadmin/admin@EXAMPLE.COM, addr=127.0.0.1
kms_1       | 	at org.apache.hadoop.crypto.key.kms.server.KMSMDCFilter.doFilter(KMSMDCFilter.java:84)
datanode_3  | 2019-10-18 19:18:11,903 INFO server.RaftServerConfigKeys: raft.server.log.statemachine.data.sync = true (default)
scm_1       | 2019-10-18 19:18:04,212 INFO ipc.Server: Auth successful for dn/2349cf295921@EXAMPLE.COM (auth:KERBEROS)
datanode_2  | 2019-10-18 19:18:11,509 INFO server.RaftServerConfigKeys: raft.server.log.statemachine.data.sync.timeout.retry = -1 (default)
jhs         | Oct 18, 2019 7:18:00 PM com.sun.jersey.server.impl.application.WebApplicationImpl _initiate
datanode_1  | 2019-10-18 19:18:10,957 INFO metrics.MetricRegistries: Loaded MetricRegistries class org.apache.ratis.metrics.impl.MetricRegistriesImpl
om_1        | 2019-10-18 19:18:09,570 [main] INFO       - Loading token state into token manager.
nm_1        | 2019-10-18 19:18:02 INFO  ContainerManagerImpl:667 - ContainerManager bound to 0.0.0.0/0.0.0.0:0
rm_1        | state = RUNNING [= configuredState ]
kdc_1       | Oct 18 19:17:37 kdc kadmind[15](info): closing down fd 18
kms_1       | 	at org.eclipse.jetty.servlet.ServletHandler$CachedChain.doFilter(ServletHandler.java:1759)
datanode_3  | 2019-10-18 19:18:11,903 INFO server.RaftServerConfigKeys: raft.server.log.statemachine.data.sync.timeout = 10s (default)
scm_1       | 2019-10-18 19:18:04,222 INFO server.AbstractConnector: Started ServerConnector@67ed7111{HTTP/1.1,[http/1.1]}{0.0.0.0:9876}
datanode_2  | 2019-10-18 19:18:11,518 INFO server.RaftServerConfigKeys: raft.server.log.statemachine.data.caching.enabled = true (custom)
jhs         | INFO: Initiating Jersey application, version 'Jersey: 1.19 02/11/2015 03:25 AM'
datanode_1  | 2019-10-18 19:18:10,961 WARN impl.MetricRegistriesImpl: First MetricRegistry has been created without registering reporters. You may need to call MetricRegistries.global().addReportRegistration(...) before.
om_1        | 2019-10-18 19:18:09,606 INFO ipc.CallQueueManager: Using callQueue: class java.util.concurrent.LinkedBlockingQueue, queueCapacity: 2000, scheduler: class org.apache.hadoop.ipc.DefaultRpcScheduler, ipcBackoff: false.
nm_1        | 2019-10-18 19:18:02 INFO  WebServer:99 - Instantiating NMWebApp at 0.0.0.0:8042
kdc_1       | Oct 18 19:17:37 kdc kadmind[15](Notice): Request: kadm5_init, admin/admin@EXAMPLE.COM, success, client=admin/admin@EXAMPLE.COM, service=kadmin/admin@EXAMPLE.COM, addr=127.0.0.1, vers=4, flavor=6
kms_1       | 	at org.apache.hadoop.security.authentication.server.AuthenticationFilter.doFilter(AuthenticationFilter.java:644)
rm_1        | acls = ADMINISTER_QUEUE:*SUBMIT_APP:* [= configuredAcls ]
datanode_3  | 2019-10-18 19:18:11,904 INFO server.RaftServerConfigKeys: raft.server.log.statemachine.data.sync.timeout.retry = -1 (default)
scm_1       | 2019-10-18 19:18:04,222 INFO server.Server: Started @5573ms
datanode_2  | 2019-10-18 19:18:11,528 INFO segmented.SegmentedRaftLogWorker: 8fd39813-f9b2-48f5-83b4-d9d9421f804e@group-D3957A6E5A6B-SegmentedRaftLogWorker: flushIndex: setUnconditionally 0 -> -1
jhs         | Oct 18, 2019 7:18:00 PM com.sun.jersey.guice.spi.container.GuiceComponentProviderFactory getComponentProvider
datanode_1  | 2019-10-18 19:18:10,965 INFO server.RaftServerConfigKeys: raft.server.log.segment.cache.num.max = 2 (custom)
om_1        | 2019-10-18 19:18:09,614 INFO ipc.Server: Starting Socket Reader #1 for port 9862
nm_1        | 2019-10-18 19:18:02 INFO  log:192 - Logging initialized @2787ms
kdc_1       | Oct 18 19:17:37 kdc kadmind[15](Notice): Request: kadm5_get_policy, default, Policy does not exist, client=admin/admin@EXAMPLE.COM, service=kadmin/admin@EXAMPLE.COM, addr=127.0.0.1
kms_1       | 	at org.apache.hadoop.security.token.delegation.web.DelegationTokenAuthenticationFilter.doFilter(DelegationTokenAuthenticationFilter.java:304)
rm_1        | nodeLocalityDelay = 40
datanode_3  | 2019-10-18 19:18:11,914 INFO server.RaftServerConfigKeys: raft.server.log.statemachine.data.caching.enabled = true (custom)
scm_1       | 2019-10-18 19:18:04,226 INFO ipc.Server: Auth successful for dn/42e98b6e398a@EXAMPLE.COM (auth:KERBEROS)
datanode_2  | 2019-10-18 19:18:11,532 INFO server.RaftServerConfigKeys: raft.server.snapshot.auto.trigger.enabled = true (custom)
jhs         | INFO: Binding org.apache.hadoop.yarn.webapp.GenericExceptionHandler to GuiceManagedComponentProvider with the scope "Singleton"
datanode_1  | 2019-10-18 19:18:10,969 INFO segmented.SegmentedRaftLogWorker: new 40d8c7e8-c7e0-4798-9c89-2f90a8899e5b@group-8839118AF045-SegmentedRaftLogWorker for RaftStorage:Storage Directory /data/metadata/ratis/76d86bba-9699-40f3-aec3-8839118af045
om_1        | 2019-10-18 19:18:09,671 [main] INFO       - OzoneManager RPC server is listening at om/172.18.0.4:9862
nm_1        | 2019-10-18 19:18:02 INFO  AuthenticationFilter:240 - Unable to initialize FileSignerSecretProvider, falling back to use random secrets.
kdc_1       | Oct 18 19:17:37 kdc kadmind[15](Notice): Request: kadm5_create_principal, scm/42e98b6e398a@EXAMPLE.COM, success, client=admin/admin@EXAMPLE.COM, service=kadmin/admin@EXAMPLE.COM, addr=127.0.0.1
kms_1       | 	at org.apache.hadoop.security.authentication.server.AuthenticationFilter.doFilter(AuthenticationFilter.java:592)
rm_1        | rackLocalityAdditionalDelay = -1
datanode_3  | 2019-10-18 19:18:11,919 INFO segmented.SegmentedRaftLogWorker: dee2d347-6597-4411-9386-05118b1068fb@group-F262D148B0B8-SegmentedRaftLogWorker: flushIndex: setUnconditionally 0 -> -1
scm_1       | 2019-10-18 19:18:04,255 INFO impl.MetricsSinkAdapter: Sink prometheus started
datanode_2  | 2019-10-18 19:18:11,533 INFO server.RaftServerConfigKeys: raft.server.snapshot.auto.trigger.threshold = 10000 (custom)
datanode_1  | 2019-10-18 19:18:10,969 INFO server.RaftServerConfigKeys: raft.server.log.queue.byte-limit = 2147483647 (custom)
jhs         | Oct 18, 2019 7:18:01 PM com.sun.jersey.guice.spi.container.GuiceComponentProviderFactory getComponentProvider
om_1        | 2019-10-18 19:18:09,763 INFO impl.MetricsConfig: Loaded properties from hadoop-metrics2.properties
nm_1        | 2019-10-18 19:18:02 INFO  HttpRequestLog:81 - Http request log for http.requests.nodemanager is not defined
kdc_1       | Oct 18 19:17:37 kdc kadmind[15](info): closing down fd 18
kms_1       | 	at org.apache.hadoop.crypto.key.kms.server.KMSAuthenticationFilter.doFilter(KMSAuthenticationFilter.java:142)
rm_1        | labels=*,
datanode_3  | 2019-10-18 19:18:11,924 INFO server.RaftServerConfigKeys: raft.server.snapshot.auto.trigger.enabled = true (custom)
datanode_2  | 2019-10-18 19:18:11,533 INFO server.RaftServerConfigKeys: raft.server.snapshot.retention.file.num = 5 (custom)
scm_1       | 2019-10-18 19:18:04,255 INFO impl.MetricsSystemImpl: Registered sink prometheus
datanode_1  | 2019-10-18 19:18:10,969 INFO server.RaftServerConfigKeys: raft.server.log.queue.element-limit = 1024 (custom)
jhs         | INFO: Binding org.apache.hadoop.yarn.webapp.YarnJacksonJaxbJsonProvider to GuiceManagedComponentProvider with the scope "Singleton"
om_1        | 2019-10-18 19:18:09,800 INFO impl.MetricsSystemImpl: Scheduled Metric snapshot period at 10 second(s).
kdc_1       | Oct 18 19:17:37 kdc kadmind[15](Notice): Request: kadm5_init, admin/admin@EXAMPLE.COM, success, client=admin/admin@EXAMPLE.COM, service=kadmin/admin@EXAMPLE.COM, addr=127.0.0.1, vers=4, flavor=6
nm_1        | 2019-10-18 19:18:02 INFO  HttpServer2:975 - Added global filter 'safety' (class=org.apache.hadoop.http.HttpServer2$QuotingInputFilter)
kms_1       | 	at org.eclipse.jetty.servlet.ServletHandler$CachedChain.doFilter(ServletHandler.java:1751)
rm_1        | reservationsContinueLooking = true
datanode_3  | 2019-10-18 19:18:11,924 INFO server.RaftServerConfigKeys: raft.server.snapshot.auto.trigger.threshold = 10000 (custom)
datanode_2  | 2019-10-18 19:18:11,534 INFO server.RaftServerConfigKeys: raft.server.retrycache.expirytime = 600000ms (custom)
datanode_1  | 2019-10-18 19:18:10,970 INFO server.RaftServerConfigKeys: raft.server.log.segment.size.max = 1048576 (custom)
jhs         | Oct 18, 2019 7:18:01 PM com.sun.jersey.guice.spi.container.GuiceComponentProviderFactory getComponentProvider
om_1        | 2019-10-18 19:18:09,801 INFO impl.MetricsSystemImpl: OzoneManager metrics system started
kdc_1       | Oct 18 19:17:37 kdc kadmind[15](Notice): Request: kadm5_randkey_principal, scm/42e98b6e398a@EXAMPLE.COM, success, client=admin/admin@EXAMPLE.COM, service=kadmin/admin@EXAMPLE.COM, addr=127.0.0.1
kms_1       | 	at org.apache.hadoop.http.HttpServer2$QuotingInputFilter.doFilter(HttpServer2.java:1609)
nm_1        | 2019-10-18 19:18:02 INFO  HttpServer2:948 - Added filter static_user_filter (class=org.apache.hadoop.http.lib.StaticUserWebFilter$StaticUserFilter) to context node
scm_1       | 2019-10-18 19:18:04,255 INFO ipc.Server: Auth successful for dn/697730815b99@EXAMPLE.COM (auth:KERBEROS)
rm_1        | preemptionDisabled = true
datanode_3  | 2019-10-18 19:18:11,925 INFO server.RaftServerConfigKeys: raft.server.snapshot.retention.file.num = 5 (custom)
datanode_2  | 2019-10-18 19:18:11,550 WARN impl.MetricRegistriesImpl: First MetricRegistry has been created without registering reporters. You may need to call MetricRegistries.global().addReportRegistration(...) before.
datanode_1  | 2019-10-18 19:18:10,971 INFO server.RaftServerConfigKeys: raft.server.log.preallocated.size = 16384 (custom)
jhs         | INFO: Binding org.apache.hadoop.yarn.server.applicationhistoryservice.webapp.AHSWebServices to GuiceManagedComponentProvider with the scope "Singleton"
om_1        | 2019-10-18 19:18:09,831 [main] INFO       - Reading keypair and certificate from file system.
kdc_1       | Oct 18 19:17:37 kdc kadmind[15](Notice): Request: kadm5_get_principal, scm/42e98b6e398a@EXAMPLE.COM, success, client=admin/admin@EXAMPLE.COM, service=kadmin/admin@EXAMPLE.COM, addr=127.0.0.1
kms_1       | 	at org.eclipse.jetty.servlet.ServletHandler$CachedChain.doFilter(ServletHandler.java:1759)
nm_1        | 2019-10-18 19:18:02 INFO  HttpServer2:958 - Added filter static_user_filter (class=org.apache.hadoop.http.lib.StaticUserWebFilter$StaticUserFilter) to context static
scm_1       | 2019-10-18 19:18:04,257 INFO server.BaseHttpServer: HTTP server of SCM is listening at http://0.0.0.0:9876
rm_1        | defaultAppPriorityPerQueue = 0
datanode_3  | 2019-10-18 19:18:11,926 INFO server.RaftServerConfigKeys: raft.server.retrycache.expirytime = 600000ms (custom)
datanode_2  | 2019-10-18 19:18:11,552 WARN impl.MetricRegistriesImpl: First MetricRegistry has been created without registering reporters. You may need to call MetricRegistries.global().addReportRegistration(...) before.
datanode_1  | 2019-10-18 19:18:10,971 INFO server.RaftServerConfigKeys: raft.server.log.write.buffer.size = 33554432 (custom)
jhs         | Oct 18, 2019 7:18:01 PM com.sun.jersey.guice.spi.container.GuiceComponentProviderFactory getComponentProvider
kms_1       | 	at org.apache.hadoop.http.NoCacheFilter.doFilter(NoCacheFilter.java:45)
kdc_1       | Oct 18 19:17:37 kdc kadmind[15](info): closing down fd 18
om_1        | 2019-10-18 19:18:09,841 [main] INFO       - Starting OM block token secret manager
nm_1        | 2019-10-18 19:18:02 INFO  HttpServer2:958 - Added filter static_user_filter (class=org.apache.hadoop.http.lib.StaticUserWebFilter$StaticUserFilter) to context logs
scm_1       | 2019-10-18 19:18:04,278 INFO util.JvmPauseMonitor: Starting JVM pause monitor
rm_1        | priority = 0
datanode_3  | 2019-10-18 19:18:11,945 WARN impl.MetricRegistriesImpl: First MetricRegistry has been created without registering reporters. You may need to call MetricRegistries.global().addReportRegistration(...) before.
datanode_2  | 2019-10-18 19:18:11,553 INFO impl.RaftServerImpl: 8fd39813-f9b2-48f5-83b4-d9d9421f804e@group-D3957A6E5A6B: start as a follower, conf=-1: [8fd39813-f9b2-48f5-83b4-d9d9421f804e:172.18.0.9:9858], old=null
datanode_1  | 2019-10-18 19:18:10,971 INFO server.RaftServerConfigKeys: raft.server.log.force.sync.num = 128 (default)
