datanode_2  | 2019-10-09 23:09:46,977 INFO impl.RoleInfo: 117b8299-91ac-45cc-a159-39ecac9b709a: shutdown LeaderElection
kms_1       | INFO: Couldn't find grammar element for class javax.ws.rs.core.Response
om_1        | 2019-10-09 23:10:49,795 INFO ipc.Server: Auth successful for hadoop/rm@EXAMPLE.COM (auth:TOKEN)
kdc_1       | Oct 09 23:09:08 kdc krb5kdc[9](info): AS_REQ (8 etypes {18 17 20 19 16 23 25 26}) 127.0.0.1: SERVER_NOT_FOUND: admin/admin@EXAMPLE.COM for kadmin/localhost@EXAMPLE.COM, Server not found in Kerberos database
nm_1        | 2019-10-09 23:10:35 INFO  Server:1849 - Auth successful for testing (auth:SIMPLE)
rm_1        | Oct 09, 2019 11:09:32 PM com.sun.jersey.guice.spi.container.GuiceComponentProviderFactory register
datanode_3  | 2019-10-09 23:09:47,716 INFO impl.RaftServerImpl: edfc641b-2d0c-410f-834c-5a136b547543@group-EE59CB4428A1: changes role from CANDIDATE to LEADER at term 1 for changeToLeader
datanode_1  | 2019-10-09 23:09:42,767 INFO server.RaftServerConfigKeys: raft.server.snapshot.retention.file.num = 5 (custom)
datanode_2  | 2019-10-09 23:09:46,978 INFO impl.RaftServerImpl: 117b8299-91ac-45cc-a159-39ecac9b709a@group-152505EC2D3D: changes role from CANDIDATE to LEADER at term 1 for changeToLeader
kms_1       | Oct 09, 2019 11:10:28 PM com.sun.jersey.server.wadl.generators.AbstractWadlGeneratorGrammarGenerator attachTypes
om_1        | 2019-10-09 23:10:50,872 INFO ipc.Server: Auth successful for hadoop/rm@EXAMPLE.COM (auth:TOKEN)
kdc_1       | Oct 09 23:09:08 kdc krb5kdc[9](info): AS_REQ (8 etypes {18 17 20 19 16 23 25 26}) 127.0.0.1: ISSUE: authtime 1570662548, etypes {rep=18 tkt=18 ses=18}, admin/admin@EXAMPLE.COM for kadmin/admin@EXAMPLE.COM
nm_1        | 2019-10-09 23:10:35 WARN  MetricsSystemImpl:151 - NodeManager metrics system already initialized!
datanode_3  | 2019-10-09 23:09:47,716 INFO impl.RaftServerImpl: edfc641b-2d0c-410f-834c-5a136b547543@group-EE59CB4428A1: change Leader from null to edfc641b-2d0c-410f-834c-5a136b547543 at term 1 for becomeLeader, leader elected after 5283ms
rm_1        | INFO: Registering org.apache.hadoop.yarn.server.resourcemanager.webapp.RMWebServices as a root resource class
datanode_1  | 2019-10-09 23:09:42,767 INFO server.RaftServerConfigKeys: raft.server.retrycache.expirytime = 600000ms (custom)
datanode_2  | 2019-10-09 23:09:46,979 INFO impl.RaftServerImpl: 117b8299-91ac-45cc-a159-39ecac9b709a@group-152505EC2D3D: change Leader from null to 117b8299-91ac-45cc-a159-39ecac9b709a at term 1 for becomeLeader, leader elected after 5187ms
kms_1       | INFO: Couldn't find grammar element for class javax.ws.rs.core.Response
om_1        | 2019-10-09 23:10:56,002 INFO ipc.Server: Auth successful for hadoop/rm@EXAMPLE.COM (auth:TOKEN)
kdc_1       | Entry for principal dn/nm@EXAMPLE.COM with kvno 2, encryption type aes256-cts-hmac-sha1-96 added to keytab WRFILE:/data/dn.nm.keytab.
nm_1        | 2019-10-09 23:10:36 INFO  ContainerImpl:2112 - Container container_1570662573227_0001_01_000001 transitioned from LOCALIZING to SCHEDULED
datanode_3  | 2019-10-09 23:09:47,721 INFO server.RaftServerConfigKeys: raft.server.staging.catchup.gap = 1000 (default)
rm_1        | Oct 09, 2019 11:09:32 PM com.sun.jersey.guice.spi.container.GuiceComponentProviderFactory register
datanode_1  | 2019-10-09 23:09:42,772 INFO impl.RaftServerImpl: 685bfaed-b20a-48ff-8e68-922acb1008ac@group-50CA3347B97A: start as a follower, conf=-1: [685bfaed-b20a-48ff-8e68-922acb1008ac:172.18.0.2:9858, edfc641b-2d0c-410f-834c-5a136b547543:172.18.0.10:9858, 117b8299-91ac-45cc-a159-39ecac9b709a:172.18.0.12:9858], old=null
datanode_2  | 2019-10-09 23:09:46,984 INFO server.RaftServerConfigKeys: raft.server.staging.catchup.gap = 1000 (default)
kms_1       | Oct 09, 2019 11:10:28 PM com.sun.jersey.server.wadl.generators.AbstractWadlGeneratorGrammarGenerator attachTypes
om_1        | 2019-10-09 23:10:58,874 INFO ipc.Server: Auth successful for hadoop/rm@EXAMPLE.COM (auth:TOKEN)
kdc_1       | Entry for principal dn/nm@EXAMPLE.COM with kvno 2, encryption type aes128-cts-hmac-sha1-96 added to keytab WRFILE:/data/dn.nm.keytab.
nm_1        | 2019-10-09 23:10:36 INFO  ContainerScheduler:541 - Starting container [container_1570662573227_0001_01_000001]
datanode_3  | 2019-10-09 23:09:47,721 INFO server.RaftServerConfigKeys: raft.server.rpc.sleep.time = 25ms (default)
rm_1        | INFO: Registering org.apache.hadoop.yarn.webapp.GenericExceptionHandler as a provider class
datanode_1  | 2019-10-09 23:09:42,773 INFO impl.RaftServerImpl: 685bfaed-b20a-48ff-8e68-922acb1008ac@group-50CA3347B97A: changes role from      null to FOLLOWER at term 0 for startAsFollower
datanode_2  | 2019-10-09 23:09:46,984 INFO server.RaftServerConfigKeys: raft.server.rpc.sleep.time = 25ms (default)
kms_1       | INFO: Couldn't find grammar element for class java.util.Map
om_1        | 2019-10-09 23:11:01,023 INFO ipc.Server: Auth successful for hadoop/rm@EXAMPLE.COM (auth:KERBEROS)
datanode_3  | 2019-10-09 23:09:47,726 INFO server.RaftServerConfigKeys: raft.server.write.element-limit = 4096 (default)
nm_1        | 2019-10-09 23:10:37 INFO  ContainerImpl:2112 - Container container_1570662573227_0001_01_000001 transitioned from SCHEDULED to RUNNING
kdc_1       | Generiting keytab
rm_1        | Oct 09, 2019 11:09:32 PM com.sun.jersey.server.impl.application.WebApplicationImpl _initiate
datanode_1  | 2019-10-09 23:09:42,773 INFO impl.RoleInfo: 685bfaed-b20a-48ff-8e68-922acb1008ac: start FollowerState
datanode_2  | 2019-10-09 23:09:46,989 INFO server.RaftServerConfigKeys: raft.server.write.element-limit = 4096 (default)
kms_1       | Oct 09, 2019 11:10:28 PM com.sun.jersey.server.wadl.generators.AbstractWadlGeneratorGrammarGenerator attachTypes
om_1        | 2019-10-09 23:11:03,726 INFO ipc.Server: Auth successful for hadoop/rm@EXAMPLE.COM (auth:KERBEROS)
nm_1        | 2019-10-09 23:10:37 INFO  ContainersMonitorImpl:1013 - Starting resource-monitoring for container_1570662573227_0001_01_000001
kdc_1       | Authenticating as principal admin/admin with keytab /tmp/admin.keytab.
datanode_3  | 2019-10-09 23:09:47,730 INFO server.RaftServerConfigKeys: raft.server.watch.timeout = 10s (default)
rm_1        | INFO: Initiating Jersey application, version 'Jersey: 1.19 02/11/2015 03:25 AM'
datanode_1  | 2019-10-09 23:09:42,773 INFO util.JmxRegister: Successfully registered JMX Bean with object name Ratis:service=RaftServer,group=group-50CA3347B97A,id=685bfaed-b20a-48ff-8e68-922acb1008ac
datanode_2  | 2019-10-09 23:09:46,993 INFO server.RaftServerConfigKeys: raft.server.watch.timeout = 10s (default)
kms_1       | INFO: Couldn't find grammar element for class java.util.Map
om_1        | 2019-10-09 23:11:07,195 INFO ipc.Server: Auth successful for hadoop/rm@EXAMPLE.COM (auth:TOKEN)
nm_1        | 2019-10-09 23:10:37 INFO  DefaultContainerExecutor:370 - launchContainer: [bash, /tmp/hadoop-hadoop/nm-local-dir/usercache/hadoop/appcache/application_1570662573227_0001/container_1570662573227_0001_01_000001/default_container_executor.sh]
kdc_1       | WARNING: no policy specified for om/rm@EXAMPLE.COM; defaulting to no policy
datanode_3  | 2019-10-09 23:09:47,730 INFO server.RaftServerConfigKeys: raft.server.watch.timeout.denomination = 1s (default)
rm_1        | Oct 09, 2019 11:09:32 PM com.sun.jersey.guice.spi.container.GuiceComponentProviderFactory getComponentProvider
datanode_1  | 2019-10-09 23:09:46,360 INFO impl.FollowerState: 685bfaed-b20a-48ff-8e68-922acb1008ac@group-263967CDE3A4-FollowerState: change to CANDIDATE, lastRpcTime:5015ms, electionTimeout:5014ms
datanode_2  | 2019-10-09 23:09:46,993 INFO server.RaftServerConfigKeys: raft.server.watch.timeout.denomination = 1s (default)
kms_1       | Oct 09, 2019 11:10:28 PM com.sun.jersey.server.wadl.generators.AbstractWadlGeneratorGrammarGenerator attachTypes
om_1        | 2019-10-09 23:11:08,461 INFO ipc.Server: Auth successful for rm/rm@EXAMPLE.COM (auth:KERBEROS)
nm_1        | 2019-10-09 23:10:37 INFO  ContainersMonitorImpl:615 - container_1570662573227_0001_01_000001's ip = 172.18.0.11, and hostname = nm
kdc_1       | Principal "om/rm@EXAMPLE.COM" created.
datanode_3  | 2019-10-09 23:09:47,731 INFO server.RaftServerConfigKeys: raft.server.watch.element-limit = 65536 (default)
rm_1        | INFO: Binding org.apache.hadoop.yarn.server.resourcemanager.webapp.JAXBContextResolver to GuiceManagedComponentProvider with the scope "Singleton"
datanode_1  | 2019-10-09 23:09:46,363 INFO impl.RoleInfo: 685bfaed-b20a-48ff-8e68-922acb1008ac: shutdown FollowerState
datanode_2  | 2019-10-09 23:09:46,994 INFO server.RaftServerConfigKeys: raft.server.watch.element-limit = 65536 (default)
kms_1       | INFO: Couldn't find grammar element for class javax.ws.rs.core.Response
om_1        | 2019-10-09 23:11:09,211 INFO ipc.Server: Auth successful for nm/nm@EXAMPLE.COM (auth:KERBEROS)
nm_1        | 2019-10-09 23:10:40 INFO  ContainersMonitorImpl:516 - Skipping monitoring container container_1570662573227_0001_01_000001 since CPU usage is not yet available.
kdc_1       | Authenticating as principal admin/admin with keytab /tmp/admin.keytab.
datanode_3  | 2019-10-09 23:09:47,747 INFO impl.RoleInfo: edfc641b-2d0c-410f-834c-5a136b547543: start LeaderState
rm_1        | Oct 09, 2019 11:09:32 PM com.sun.jersey.guice.spi.container.GuiceComponentProviderFactory getComponentProvider
datanode_1  | 2019-10-09 23:09:46,363 INFO impl.RaftServerImpl: 685bfaed-b20a-48ff-8e68-922acb1008ac@group-263967CDE3A4: changes role from  FOLLOWER to CANDIDATE at term 0 for changeToCandidate
datanode_2  | 2019-10-09 23:09:47,010 INFO impl.RoleInfo: 117b8299-91ac-45cc-a159-39ecac9b709a: start LeaderState
kms_1       | Oct 09, 2019 11:10:32 PM com.sun.jersey.server.wadl.generators.WadlGeneratorJAXBGrammarGenerator buildModelAndSchemas
om_1        | 2019-10-09 23:11:09,269 INFO ipc.Server: Auth successful for hadoop/rm@EXAMPLE.COM (auth:TOKEN)
nm_1        | 2019-10-09 23:10:46 INFO  Server:1849 - Auth successful for appattempt_1570662573227_0001_000001 (auth:SIMPLE)
kdc_1       | Entry for principal om/rm@EXAMPLE.COM with kvno 2, encryption type aes256-cts-hmac-sha1-96 added to keytab WRFILE:/data/om.rm.keytab.
datanode_3  | 2019-10-09 23:09:47,770 INFO segmented.SegmentedRaftLogWorker: edfc641b-2d0c-410f-834c-5a136b547543@group-EE59CB4428A1-SegmentedRaftLogWorker: Starting segment from index:0
rm_1        | INFO: Binding org.apache.hadoop.yarn.webapp.GenericExceptionHandler to GuiceManagedComponentProvider with the scope "Singleton"
datanode_1  | 2019-10-09 23:09:46,369 INFO impl.RoleInfo: 685bfaed-b20a-48ff-8e68-922acb1008ac: start LeaderElection
kms_1       | SEVERE: Failed to generate the schema for the JAX-B elements
datanode_2  | 2019-10-09 23:09:47,034 INFO segmented.SegmentedRaftLogWorker: 117b8299-91ac-45cc-a159-39ecac9b709a@group-152505EC2D3D-SegmentedRaftLogWorker: Starting segment from index:0
om_1        | 2019-10-09 23:11:09,389 INFO ipc.Server: Auth successful for hadoop/rm@EXAMPLE.COM (auth:TOKEN)
kdc_1       | Entry for principal om/rm@EXAMPLE.COM with kvno 2, encryption type aes128-cts-hmac-sha1-96 added to keytab WRFILE:/data/om.rm.keytab.
nm_1        | 2019-10-09 23:10:46 INFO  ContainerManagerImpl:1070 - Start request for container_1570662573227_0001_01_000002 by user hadoop
datanode_3  | 2019-10-09 23:09:47,781 INFO impl.RaftServerImpl: edfc641b-2d0c-410f-834c-5a136b547543@group-EE59CB4428A1: set configuration 0: [edfc641b-2d0c-410f-834c-5a136b547543:172.18.0.10:9858], old=null at 0
rm_1        | Oct 09, 2019 11:09:32 PM com.sun.jersey.guice.spi.container.GuiceComponentProviderFactory getComponentProvider
datanode_1  | 2019-10-09 23:09:46,539 INFO impl.LeaderElection: 685bfaed-b20a-48ff-8e68-922acb1008ac@group-263967CDE3A4-LeaderElection1: begin an election at term 1 for -1: [685bfaed-b20a-48ff-8e68-922acb1008ac:172.18.0.2:9858], old=null
kms_1       | com.sun.xml.bind.v2.runtime.IllegalAnnotationsException: 2 counts of IllegalAnnotationExceptions
datanode_2  | 2019-10-09 23:09:47,045 INFO impl.RaftServerImpl: 117b8299-91ac-45cc-a159-39ecac9b709a@group-152505EC2D3D: set configuration 0: [117b8299-91ac-45cc-a159-39ecac9b709a:172.18.0.12:9858], old=null at 0
om_1        | 2019-10-09 23:11:11,714 INFO ipc.Server: Auth successful for hadoop/rm@EXAMPLE.COM (auth:TOKEN)
kdc_1       | Generiting keytab
nm_1        | 2019-10-09 23:10:46 INFO  NMAuditLogger:94 - USER=hadoop	IP=172.18.0.11	OPERATION=Start Container Request	TARGET=ContainerManageImpl	RESULT=SUCCESS	APPID=application_1570662573227_0001	CONTAINERID=container_1570662573227_0001_01_000002
datanode_3  | 2019-10-09 23:09:47,921 INFO segmented.SegmentedRaftLogWorker: edfc641b-2d0c-410f-834c-5a136b547543@group-EE59CB4428A1-SegmentedRaftLogWorker: created new log segment /data/metadata/ratis/57c31c11-da00-4166-8d3b-ee59cb4428a1/current/log_inprogress_0
rm_1        | INFO: Binding org.apache.hadoop.yarn.server.resourcemanager.webapp.RMWebServices to GuiceManagedComponentProvider with the scope "Singleton"
datanode_1  | 2019-10-09 23:09:46,541 INFO impl.RoleInfo: 685bfaed-b20a-48ff-8e68-922acb1008ac: shutdown LeaderElection
kms_1       | java.util.Map is an interface, and JAXB can't handle interfaces.
datanode_2  | 2019-10-09 23:09:47,206 INFO segmented.SegmentedRaftLogWorker: 117b8299-91ac-45cc-a159-39ecac9b709a@group-152505EC2D3D-SegmentedRaftLogWorker: created new log segment /data/metadata/ratis/78bba99d-bba4-410d-842b-152505ec2d3d/current/log_inprogress_0
om_1        | 2019-10-09 23:11:22,125 INFO ipc.Server: Auth successful for hadoop/rm@EXAMPLE.COM (auth:TOKEN)
kdc_1       | Authenticating as principal admin/admin with keytab /tmp/admin.keytab.
nm_1        | 2019-10-09 23:10:46 INFO  ApplicationImpl:463 - Adding container_1570662573227_0001_01_000002 to application application_1570662573227_0001
datanode_3  | 2019-10-09 23:09:47,924 INFO impl.FollowerState: edfc641b-2d0c-410f-834c-5a136b547543@group-50CA3347B97A-FollowerState: change to CANDIDATE, lastRpcTime:5161ms, electionTimeout:5161ms
rm_1        | 2019-10-09 23:09:32 INFO  ContextHandler:781 - Started o.e.j.w.WebAppContext@64524dd{/,file:///tmp/jetty-rm-8088-cluster-_-any-5769417244147491351.dir/webapp/,AVAILABLE}{/cluster}
datanode_1  | 2019-10-09 23:09:46,542 INFO impl.RaftServerImpl: 685bfaed-b20a-48ff-8e68-922acb1008ac@group-263967CDE3A4: changes role from CANDIDATE to LEADER at term 1 for changeToLeader
kms_1       | 	this problem is related to the following location:
datanode_2  | 2019-10-09 23:09:47,905 INFO impl.FollowerState: 117b8299-91ac-45cc-a159-39ecac9b709a@group-50CA3347B97A-FollowerState: change to CANDIDATE, lastRpcTime:5117ms, electionTimeout:5117ms
kdc_1       | WARNING: no policy specified for scm/31b75aadcc27@EXAMPLE.COM; defaulting to no policy
om_1        | 2019-10-09 23:11:28,721 INFO ipc.Server: Auth successful for hadoop/rm@EXAMPLE.COM (auth:TOKEN)
nm_1        | 2019-10-09 23:10:46 INFO  ContainerImpl:2112 - Container container_1570662573227_0001_01_000002 transitioned from NEW to LOCALIZING
datanode_3  | 2019-10-09 23:09:47,924 INFO impl.RoleInfo: edfc641b-2d0c-410f-834c-5a136b547543: shutdown FollowerState
rm_1        | 2019-10-09 23:09:32 INFO  AbstractConnector:278 - Started ServerConnector@34dc3305{HTTP/1.1,[http/1.1]}{rm:8088}
datanode_1  | 2019-10-09 23:09:46,542 INFO impl.RaftServerImpl: 685bfaed-b20a-48ff-8e68-922acb1008ac@group-263967CDE3A4: change Leader from null to 685bfaed-b20a-48ff-8e68-922acb1008ac at term 1 for becomeLeader, leader elected after 5317ms
kms_1       | 		at java.util.Map
datanode_2  | 2019-10-09 23:09:47,906 INFO impl.RoleInfo: 117b8299-91ac-45cc-a159-39ecac9b709a: shutdown FollowerState
kdc_1       | Principal "scm/31b75aadcc27@EXAMPLE.COM" created.
om_1        | 2019-10-09 23:11:30,986 INFO ipc.Server: Auth successful for hadoop/rm@EXAMPLE.COM (auth:TOKEN)
nm_1        | 2019-10-09 23:10:46 INFO  AuxServices:350 - Got event CONTAINER_INIT for appId application_1570662573227_0001
datanode_3  | 2019-10-09 23:09:47,924 INFO impl.RaftServerImpl: edfc641b-2d0c-410f-834c-5a136b547543@group-50CA3347B97A: changes role from  FOLLOWER to CANDIDATE at term 0 for changeToCandidate
rm_1        | 2019-10-09 23:09:32 INFO  Server:419 - Started @5172ms
datanode_1  | 2019-10-09 23:09:46,549 INFO server.RaftServerConfigKeys: raft.server.staging.catchup.gap = 1000 (default)
kms_1       | java.util.Map does not have a no-arg default constructor.
datanode_2  | 2019-10-09 23:09:47,906 INFO impl.RaftServerImpl: 117b8299-91ac-45cc-a159-39ecac9b709a@group-50CA3347B97A: changes role from  FOLLOWER to CANDIDATE at term 0 for changeToCandidate
kdc_1       | Authenticating as principal admin/admin with keytab /tmp/admin.keytab.
nm_1        | 2019-10-09 23:10:46 INFO  AuxServices:350 - Got event APPLICATION_INIT for appId application_1570662573227_0001
datanode_3  | 2019-10-09 23:09:47,925 INFO impl.RoleInfo: edfc641b-2d0c-410f-834c-5a136b547543: start LeaderElection
rm_1        | 2019-10-09 23:09:32 INFO  WebApps:440 - Web app cluster started at 8088
datanode_1  | 2019-10-09 23:09:46,549 INFO server.RaftServerConfigKeys: raft.server.rpc.sleep.time = 25ms (default)
kms_1       | 	this problem is related to the following location:
kdc_1       | Entry for principal scm/31b75aadcc27@EXAMPLE.COM with kvno 2, encryption type aes256-cts-hmac-sha1-96 added to keytab WRFILE:/data/scm.31b75aadcc27.keytab.
datanode_2  | 2019-10-09 23:09:47,907 INFO impl.RoleInfo: 117b8299-91ac-45cc-a159-39ecac9b709a: start LeaderElection
nm_1        | 2019-10-09 23:10:46 INFO  AuxServices:354 - Got APPLICATION_INIT for service mapreduce_shuffle
rm_1        | 2019-10-09 23:09:33 INFO  CallQueueManager:84 - Using callQueue: class java.util.concurrent.LinkedBlockingQueue, queueCapacity: 100, scheduler: class org.apache.hadoop.ipc.DefaultRpcScheduler, ipcBackoff: false.
datanode_3  | 2019-10-09 23:09:47,940 INFO impl.LeaderElection: edfc641b-2d0c-410f-834c-5a136b547543@group-50CA3347B97A-LeaderElection2: begin an election at term 1 for -1: [685bfaed-b20a-48ff-8e68-922acb1008ac:172.18.0.2:9858, edfc641b-2d0c-410f-834c-5a136b547543:172.18.0.10:9858, 117b8299-91ac-45cc-a159-39ecac9b709a:172.18.0.12:9858], old=null
datanode_1  | 2019-10-09 23:09:46,555 INFO server.RaftServerConfigKeys: raft.server.write.element-limit = 4096 (default)
kms_1       | 		at java.util.Map
kdc_1       | Entry for principal scm/31b75aadcc27@EXAMPLE.COM with kvno 2, encryption type aes128-cts-hmac-sha1-96 added to keytab WRFILE:/data/scm.31b75aadcc27.keytab.
rm_1        | 2019-10-09 23:09:33 INFO  Server:1074 - Starting Socket Reader #1 for port 8033
nm_1        | 2019-10-09 23:10:46 INFO  ShuffleHandler:719 - Added token for job_1570662573227_0001
datanode_2  | 2019-10-09 23:09:47,921 INFO impl.LeaderElection: 117b8299-91ac-45cc-a159-39ecac9b709a@group-50CA3347B97A-LeaderElection2: begin an election at term 1 for -1: [685bfaed-b20a-48ff-8e68-922acb1008ac:172.18.0.2:9858, edfc641b-2d0c-410f-834c-5a136b547543:172.18.0.10:9858, 117b8299-91ac-45cc-a159-39ecac9b709a:172.18.0.12:9858], old=null
datanode_3  | 2019-10-09 23:09:48,131 INFO impl.LeaderElection: edfc641b-2d0c-410f-834c-5a136b547543@group-50CA3347B97A-LeaderElection2: Election REJECTED; received 2 response(s) [edfc641b-2d0c-410f-834c-5a136b547543<-685bfaed-b20a-48ff-8e68-922acb1008ac#0:FAIL-t1, edfc641b-2d0c-410f-834c-5a136b547543<-117b8299-91ac-45cc-a159-39ecac9b709a#0:FAIL-t1] and 0 exception(s); edfc641b-2d0c-410f-834c-5a136b547543@group-50CA3347B97A:t1, leader=null, voted=edfc641b-2d0c-410f-834c-5a136b547543, raftlog=edfc641b-2d0c-410f-834c-5a136b547543@group-50CA3347B97A-SegmentedRaftLog:OPENED:c-1,f-1,i0, conf=-1: [685bfaed-b20a-48ff-8e68-922acb1008ac:172.18.0.2:9858, edfc641b-2d0c-410f-834c-5a136b547543:172.18.0.10:9858, 117b8299-91ac-45cc-a159-39ecac9b709a:172.18.0.12:9858], old=null
datanode_1  | 2019-10-09 23:09:46,560 INFO server.RaftServerConfigKeys: raft.server.watch.timeout = 10s (default)
kms_1       | 
kdc_1       | Generiting keytab
rm_1        | 2019-10-09 23:09:33 INFO  RpcServerFactoryPBImpl:173 - Adding protocol org.apache.hadoop.yarn.server.api.ResourceManagerAdministrationProtocolPB to the server
nm_1        | 2019-10-09 23:10:46 INFO  ContainerImpl:2112 - Container container_1570662573227_0001_01_000002 transitioned from LOCALIZING to SCHEDULED
datanode_2  | 2019-10-09 23:09:48,126 INFO impl.LeaderElection: 117b8299-91ac-45cc-a159-39ecac9b709a@group-50CA3347B97A-LeaderElection2: Election REJECTED; received 2 response(s) [117b8299-91ac-45cc-a159-39ecac9b709a<-685bfaed-b20a-48ff-8e68-922acb1008ac#0:FAIL-t1, 117b8299-91ac-45cc-a159-39ecac9b709a<-edfc641b-2d0c-410f-834c-5a136b547543#0:FAIL-t1] and 0 exception(s); 117b8299-91ac-45cc-a159-39ecac9b709a@group-50CA3347B97A:t1, leader=null, voted=117b8299-91ac-45cc-a159-39ecac9b709a, raftlog=117b8299-91ac-45cc-a159-39ecac9b709a@group-50CA3347B97A-SegmentedRaftLog:OPENED:c-1,f-1,i0, conf=-1: [685bfaed-b20a-48ff-8e68-922acb1008ac:172.18.0.2:9858, edfc641b-2d0c-410f-834c-5a136b547543:172.18.0.10:9858, 117b8299-91ac-45cc-a159-39ecac9b709a:172.18.0.12:9858], old=null
datanode_3  | 2019-10-09 23:09:48,132 INFO impl.RaftServerImpl: edfc641b-2d0c-410f-834c-5a136b547543@group-50CA3347B97A: changes role from CANDIDATE to FOLLOWER at term 1 for DISCOVERED_A_NEW_TERM
datanode_1  | 2019-10-09 23:09:46,560 INFO server.RaftServerConfigKeys: raft.server.watch.timeout.denomination = 1s (default)
kms_1       | 	at com.sun.xml.bind.v2.runtime.IllegalAnnotationsException$Builder.check(IllegalAnnotationsException.java:106)
kdc_1       | Authenticating as principal admin/admin with keytab /tmp/admin.keytab.
rm_1        | 2019-10-09 23:09:33 INFO  Server:1314 - IPC Server Responder: starting
nm_1        | 2019-10-09 23:10:46 INFO  ContainerScheduler:541 - Starting container [container_1570662573227_0001_01_000002]
datanode_2  | 2019-10-09 23:09:48,128 INFO impl.RaftServerImpl: 117b8299-91ac-45cc-a159-39ecac9b709a@group-50CA3347B97A: changes role from CANDIDATE to FOLLOWER at term 1 for DISCOVERED_A_NEW_TERM
datanode_3  | 2019-10-09 23:09:48,132 INFO impl.RoleInfo: edfc641b-2d0c-410f-834c-5a136b547543: shutdown LeaderElection
datanode_1  | 2019-10-09 23:09:46,562 INFO server.RaftServerConfigKeys: raft.server.watch.element-limit = 65536 (default)
kms_1       | 	at com.sun.xml.bind.v2.runtime.JAXBContextImpl.getTypeInfoSet(JAXBContextImpl.java:489)
kdc_1       | Oct 09 23:09:07 kdc kadmind[15](info): closing down fd 18
rm_1        | 2019-10-09 23:09:33 INFO  Server:1153 - IPC Server listener on 8033: starting
nm_1        | 2019-10-09 23:10:46 INFO  ContainerImpl:2112 - Container container_1570662573227_0001_01_000002 transitioned from SCHEDULED to RUNNING
datanode_2  | 2019-10-09 23:09:48,128 INFO impl.RoleInfo: 117b8299-91ac-45cc-a159-39ecac9b709a: shutdown LeaderElection
datanode_3  | 2019-10-09 23:09:48,132 INFO impl.RoleInfo: edfc641b-2d0c-410f-834c-5a136b547543: start FollowerState
datanode_1  | 2019-10-09 23:09:46,580 INFO impl.RoleInfo: 685bfaed-b20a-48ff-8e68-922acb1008ac: start LeaderState
kdc_1       | Oct 09 23:09:07 kdc kadmind[15](Notice): Request: kadm5_init, admin/admin@EXAMPLE.COM, success, client=admin/admin@EXAMPLE.COM, service=kadmin/admin@EXAMPLE.COM, addr=127.0.0.1, vers=4, flavor=6
rm_1        | 2019-10-09 23:09:33 INFO  ResourceManager:1292 - Transitioning to active state
kms_1       | 	at com.sun.xml.bind.v2.runtime.JAXBContextImpl.<init>(JAXBContextImpl.java:319)
datanode_2  | 2019-10-09 23:09:48,128 INFO impl.RoleInfo: 117b8299-91ac-45cc-a159-39ecac9b709a: start FollowerState
datanode_3  | 2019-10-09 23:09:53,207 INFO impl.FollowerState: edfc641b-2d0c-410f-834c-5a136b547543@group-50CA3347B97A-FollowerState: change to CANDIDATE, lastRpcTime:5074ms, electionTimeout:5074ms
nm_1        | 2019-10-09 23:10:46 INFO  ContainersMonitorImpl:1013 - Starting resource-monitoring for container_1570662573227_0001_01_000002
datanode_1  | 2019-10-09 23:09:46,605 INFO segmented.SegmentedRaftLogWorker: 685bfaed-b20a-48ff-8e68-922acb1008ac@group-263967CDE3A4-SegmentedRaftLogWorker: Starting segment from index:0
kdc_1       | Oct 09 23:09:07 kdc kadmind[15](Notice): Request: kadm5_get_policy, default, Policy does not exist, client=admin/admin@EXAMPLE.COM, service=kadmin/admin@EXAMPLE.COM, addr=127.0.0.1
rm_1        | 2019-10-09 23:09:33 INFO  RMStateStore:550 - Updating AMRMToken
kms_1       | 	at com.sun.xml.bind.v2.runtime.JAXBContextImpl$JAXBContextBuilder.build(JAXBContextImpl.java:1170)
datanode_3  | 2019-10-09 23:09:53,208 INFO impl.RoleInfo: edfc641b-2d0c-410f-834c-5a136b547543: shutdown FollowerState
datanode_2  | 2019-10-09 23:09:53,218 INFO impl.RaftServerImpl: 117b8299-91ac-45cc-a159-39ecac9b709a@group-50CA3347B97A: changes role from  FOLLOWER to FOLLOWER at term 2 for recognizeCandidate:685bfaed-b20a-48ff-8e68-922acb1008ac
nm_1        | 2019-10-09 23:10:46 INFO  DefaultContainerExecutor:370 - launchContainer: [bash, /tmp/hadoop-hadoop/nm-local-dir/usercache/hadoop/appcache/application_1570662573227_0001/container_1570662573227_0001_01_000002/default_container_executor.sh]
kdc_1       | Oct 09 23:09:07 kdc kadmind[15](Notice): Request: kadm5_create_principal, scm/s3g@EXAMPLE.COM, success, client=admin/admin@EXAMPLE.COM, service=kadmin/admin@EXAMPLE.COM, addr=127.0.0.1
rm_1        | 2019-10-09 23:09:33 INFO  RMContainerTokenSecretManager:109 - Rolling master-key for container-tokens
kms_1       | 	at com.sun.xml.bind.v2.ContextFactory.createContext(ContextFactory.java:145)
datanode_1  | 2019-10-09 23:09:46,618 INFO impl.RaftServerImpl: 685bfaed-b20a-48ff-8e68-922acb1008ac@group-263967CDE3A4: set configuration 0: [685bfaed-b20a-48ff-8e68-922acb1008ac:172.18.0.2:9858], old=null at 0
datanode_3  | 2019-10-09 23:09:53,208 INFO impl.RaftServerImpl: edfc641b-2d0c-410f-834c-5a136b547543@group-50CA3347B97A: changes role from  FOLLOWER to CANDIDATE at term 1 for changeToCandidate
datanode_2  | 2019-10-09 23:09:53,219 INFO impl.RoleInfo: 117b8299-91ac-45cc-a159-39ecac9b709a: shutdown FollowerState
nm_1        | 2019-10-09 23:10:47 INFO  Server:1849 - Auth successful for appattempt_1570662573227_0001_000001 (auth:SIMPLE)
kdc_1       | Oct 09 23:09:07 kdc kadmind[15](info): closing down fd 18
rm_1        | 2019-10-09 23:09:33 INFO  NMTokenSecretManagerInRM:95 - Rolling master-key for nm-tokens
kms_1       | 	at sun.reflect.NativeMethodAccessorImpl.invoke0(Native Method)
datanode_3  | 2019-10-09 23:09:53,208 INFO impl.RoleInfo: edfc641b-2d0c-410f-834c-5a136b547543: start LeaderElection
datanode_1  | 2019-10-09 23:09:46,772 INFO segmented.SegmentedRaftLogWorker: 685bfaed-b20a-48ff-8e68-922acb1008ac@group-263967CDE3A4-SegmentedRaftLogWorker: created new log segment /data/metadata/ratis/ac96fe7e-38e3-4e2c-bf5d-263967cde3a4/current/log_inprogress_0
datanode_2  | 2019-10-09 23:09:53,219 INFO impl.RoleInfo: 117b8299-91ac-45cc-a159-39ecac9b709a: start FollowerState
nm_1        | 2019-10-09 23:10:47 INFO  ContainerManagerImpl:1070 - Start request for container_1570662573227_0001_01_000003 by user hadoop
kdc_1       | Oct 09 23:09:07 kdc kadmind[15](Notice): Request: kadm5_init, admin/admin@EXAMPLE.COM, success, client=admin/admin@EXAMPLE.COM, service=kadmin/admin@EXAMPLE.COM, addr=127.0.0.1, vers=4, flavor=6
rm_1        | 2019-10-09 23:09:33 INFO  AbstractDelegationTokenSecretManager:343 - Updating the current master key for generating delegation tokens
kms_1       | 	at sun.reflect.NativeMethodAccessorImpl.invoke(NativeMethodAccessorImpl.java:62)
datanode_3  | 2019-10-09 23:09:53,224 INFO impl.LeaderElection: edfc641b-2d0c-410f-834c-5a136b547543@group-50CA3347B97A-LeaderElection3: begin an election at term 2 for -1: [685bfaed-b20a-48ff-8e68-922acb1008ac:172.18.0.2:9858, edfc641b-2d0c-410f-834c-5a136b547543:172.18.0.10:9858, 117b8299-91ac-45cc-a159-39ecac9b709a:172.18.0.12:9858], old=null
datanode_1  | 2019-10-09 23:09:47,833 INFO impl.FollowerState: 685bfaed-b20a-48ff-8e68-922acb1008ac@group-50CA3347B97A-FollowerState: change to CANDIDATE, lastRpcTime:5060ms, electionTimeout:5060ms
datanode_2  | 2019-10-09 23:09:53,219 INFO impl.FollowerState: 117b8299-91ac-45cc-a159-39ecac9b709a@group-50CA3347B97A-FollowerState was interrupted: java.lang.InterruptedException: sleep interrupted
nm_1        | 2019-10-09 23:10:47 INFO  ApplicationImpl:463 - Adding container_1570662573227_0001_01_000003 to application application_1570662573227_0001
kdc_1       | Oct 09 23:09:07 kdc kadmind[15](Notice): Request: kadm5_randkey_principal, scm/s3g@EXAMPLE.COM, success, client=admin/admin@EXAMPLE.COM, service=kadmin/admin@EXAMPLE.COM, addr=127.0.0.1
rm_1        | 2019-10-09 23:09:33 INFO  RMDelegationTokenSecretManager:92 - storing master key with keyID 1
kms_1       | 	at sun.reflect.DelegatingMethodAccessorImpl.invoke(DelegatingMethodAccessorImpl.java:43)
datanode_3  | 2019-10-09 23:09:53,303 INFO impl.LeaderElection: edfc641b-2d0c-410f-834c-5a136b547543@group-50CA3347B97A-LeaderElection3: Election REJECTED; received 2 response(s) [edfc641b-2d0c-410f-834c-5a136b547543<-685bfaed-b20a-48ff-8e68-922acb1008ac#0:FAIL-t2, edfc641b-2d0c-410f-834c-5a136b547543<-117b8299-91ac-45cc-a159-39ecac9b709a#0:FAIL-t2] and 0 exception(s); edfc641b-2d0c-410f-834c-5a136b547543@group-50CA3347B97A:t2, leader=null, voted=edfc641b-2d0c-410f-834c-5a136b547543, raftlog=edfc641b-2d0c-410f-834c-5a136b547543@group-50CA3347B97A-SegmentedRaftLog:OPENED:c-1,f-1,i0, conf=-1: [685bfaed-b20a-48ff-8e68-922acb1008ac:172.18.0.2:9858, edfc641b-2d0c-410f-834c-5a136b547543:172.18.0.10:9858, 117b8299-91ac-45cc-a159-39ecac9b709a:172.18.0.12:9858], old=null
datanode_1  | 2019-10-09 23:09:47,834 INFO impl.RoleInfo: 685bfaed-b20a-48ff-8e68-922acb1008ac: shutdown FollowerState
datanode_2  | 2019-10-09 23:09:53,334 INFO impl.RaftServerImpl: 117b8299-91ac-45cc-a159-39ecac9b709a@group-50CA3347B97A: change Leader from null to 685bfaed-b20a-48ff-8e68-922acb1008ac at term 2 for appendEntries, leader elected after 10556ms
nm_1        | 2019-10-09 23:10:47 INFO  NMAuditLogger:94 - USER=hadoop	IP=172.18.0.11	OPERATION=Start Container Request	TARGET=ContainerManageImpl	RESULT=SUCCESS	APPID=application_1570662573227_0001	CONTAINERID=container_1570662573227_0001_01_000003
kdc_1       | Oct 09 23:09:07 kdc kadmind[15](Notice): Request: kadm5_get_principal, scm/s3g@EXAMPLE.COM, success, client=admin/admin@EXAMPLE.COM, service=kadmin/admin@EXAMPLE.COM, addr=127.0.0.1
rm_1        | 2019-10-09 23:09:33 INFO  RMStateStore:501 - Storing RMDTMasterKey.
kms_1       | 	at java.lang.reflect.Method.invoke(Method.java:498)
datanode_3  | 2019-10-09 23:09:53,304 INFO impl.RaftServerImpl: edfc641b-2d0c-410f-834c-5a136b547543@group-50CA3347B97A: changes role from CANDIDATE to FOLLOWER at term 2 for DISCOVERED_A_NEW_TERM
datanode_1  | 2019-10-09 23:09:47,835 INFO impl.RaftServerImpl: 685bfaed-b20a-48ff-8e68-922acb1008ac@group-50CA3347B97A: changes role from  FOLLOWER to CANDIDATE at term 0 for changeToCandidate
datanode_2  | 2019-10-09 23:09:53,356 INFO impl.RaftServerImpl: 117b8299-91ac-45cc-a159-39ecac9b709a@group-50CA3347B97A: set configuration 0: [685bfaed-b20a-48ff-8e68-922acb1008ac:172.18.0.2:9858, edfc641b-2d0c-410f-834c-5a136b547543:172.18.0.10:9858, 117b8299-91ac-45cc-a159-39ecac9b709a:172.18.0.12:9858], old=null at 0
nm_1        | 2019-10-09 23:10:47 INFO  ContainerImpl:2112 - Container container_1570662573227_0001_01_000003 transitioned from NEW to LOCALIZING
kdc_1       | Oct 09 23:09:07 kdc kadmind[15](info): closing down fd 18
rm_1        | 2019-10-09 23:09:33 INFO  AbstractDelegationTokenSecretManager:675 - Starting expired delegation token remover thread, tokenRemoverScanInterval=60 min(s)
kms_1       | 	at javax.xml.bind.ContextFinder.newInstance(ContextFinder.java:247)
datanode_3  | 2019-10-09 23:09:53,304 INFO impl.RoleInfo: edfc641b-2d0c-410f-834c-5a136b547543: shutdown LeaderElection
datanode_1  | 2019-10-09 23:09:47,835 INFO impl.RoleInfo: 685bfaed-b20a-48ff-8e68-922acb1008ac: start LeaderElection
datanode_2  | 2019-10-09 23:09:53,357 INFO segmented.SegmentedRaftLogWorker: 117b8299-91ac-45cc-a159-39ecac9b709a@group-50CA3347B97A-SegmentedRaftLogWorker: Starting segment from index:0
nm_1        | 2019-10-09 23:10:47 INFO  AuxServices:350 - Got event CONTAINER_INIT for appId application_1570662573227_0001
kdc_1       | Oct 09 23:09:07 kdc kadmind[15](Notice): Request: kadm5_init, admin/admin@EXAMPLE.COM, success, client=admin/admin@EXAMPLE.COM, service=kadmin/admin@EXAMPLE.COM, addr=127.0.0.1, vers=4, flavor=6
rm_1        | 2019-10-09 23:09:33 INFO  AbstractDelegationTokenSecretManager:343 - Updating the current master key for generating delegation tokens
kms_1       | 	at javax.xml.bind.ContextFinder.newInstance(ContextFinder.java:234)
datanode_3  | 2019-10-09 23:09:53,305 INFO impl.RoleInfo: edfc641b-2d0c-410f-834c-5a136b547543: start FollowerState
datanode_2  | 2019-10-09 23:09:53,406 INFO segmented.SegmentedRaftLogWorker: 117b8299-91ac-45cc-a159-39ecac9b709a@group-50CA3347B97A-SegmentedRaftLogWorker: created new log segment /data/metadata/ratis/9dbbabbb-2580-4ec1-a566-50ca3347b97a/current/log_inprogress_0
datanode_1  | 2019-10-09 23:09:47,872 INFO impl.LeaderElection: 685bfaed-b20a-48ff-8e68-922acb1008ac@group-50CA3347B97A-LeaderElection2: begin an election at term 1 for -1: [685bfaed-b20a-48ff-8e68-922acb1008ac:172.18.0.2:9858, edfc641b-2d0c-410f-834c-5a136b547543:172.18.0.10:9858, 117b8299-91ac-45cc-a159-39ecac9b709a:172.18.0.12:9858], old=null
nm_1        | 2019-10-09 23:10:47 INFO  AuxServices:350 - Got event APPLICATION_INIT for appId application_1570662573227_0001
kdc_1       | Oct 09 23:09:07 kdc kadmind[15](Notice): Request: kadm5_get_policy, default, Policy does not exist, client=admin/admin@EXAMPLE.COM, service=kadmin/admin@EXAMPLE.COM, addr=127.0.0.1
rm_1        | 2019-10-09 23:09:33 INFO  RMDelegationTokenSecretManager:92 - storing master key with keyID 2
kms_1       | 	at javax.xml.bind.ContextFinder.find(ContextFinder.java:441)
datanode_3  | 2019-10-09 23:09:53,334 INFO impl.RaftServerImpl: edfc641b-2d0c-410f-834c-5a136b547543@group-50CA3347B97A: change Leader from null to 685bfaed-b20a-48ff-8e68-922acb1008ac at term 2 for appendEntries, leader elected after 10588ms
datanode_2  | 2019-10-09 23:10:29,220 INFO client.DNCertificateClient: Getting certificate with certSerialId:9862825341146764.
datanode_1  | 2019-10-09 23:09:48,077 INFO impl.LeaderElection: 685bfaed-b20a-48ff-8e68-922acb1008ac@group-50CA3347B97A-LeaderElection2: Election REJECTED; received 2 response(s) [685bfaed-b20a-48ff-8e68-922acb1008ac<-edfc641b-2d0c-410f-834c-5a136b547543#0:FAIL-t1, 685bfaed-b20a-48ff-8e68-922acb1008ac<-117b8299-91ac-45cc-a159-39ecac9b709a#0:FAIL-t1] and 0 exception(s); 685bfaed-b20a-48ff-8e68-922acb1008ac@group-50CA3347B97A:t1, leader=null, voted=685bfaed-b20a-48ff-8e68-922acb1008ac, raftlog=685bfaed-b20a-48ff-8e68-922acb1008ac@group-50CA3347B97A-SegmentedRaftLog:OPENED:c-1,f-1,i0, conf=-1: [685bfaed-b20a-48ff-8e68-922acb1008ac:172.18.0.2:9858, edfc641b-2d0c-410f-834c-5a136b547543:172.18.0.10:9858, 117b8299-91ac-45cc-a159-39ecac9b709a:172.18.0.12:9858], old=null
nm_1        | 2019-10-09 23:10:47 INFO  AuxServices:354 - Got APPLICATION_INIT for service mapreduce_shuffle
kdc_1       | Oct 09 23:09:08 kdc kadmind[15](Notice): Request: kadm5_create_principal, dn/nm@EXAMPLE.COM, success, client=admin/admin@EXAMPLE.COM, service=kadmin/admin@EXAMPLE.COM, addr=127.0.0.1
rm_1        | 2019-10-09 23:09:33 INFO  RMStateStore:501 - Storing RMDTMasterKey.
kms_1       | 	at javax.xml.bind.JAXBContext.newInstance(JAXBContext.java:641)
datanode_3  | 2019-10-09 23:09:53,355 INFO impl.RaftServerImpl: edfc641b-2d0c-410f-834c-5a136b547543@group-50CA3347B97A: set configuration 0: [685bfaed-b20a-48ff-8e68-922acb1008ac:172.18.0.2:9858, edfc641b-2d0c-410f-834c-5a136b547543:172.18.0.10:9858, 117b8299-91ac-45cc-a159-39ecac9b709a:172.18.0.12:9858], old=null at 0
nm_1        | 2019-10-09 23:10:47 INFO  ShuffleHandler:719 - Added token for job_1570662573227_0001
datanode_1  | 2019-10-09 23:09:48,078 INFO impl.RaftServerImpl: 685bfaed-b20a-48ff-8e68-922acb1008ac@group-50CA3347B97A: changes role from CANDIDATE to FOLLOWER at term 1 for DISCOVERED_A_NEW_TERM
kdc_1       | Oct 09 23:09:08 kdc kadmind[15](info): closing down fd 18
rm_1        | 2019-10-09 23:09:33 INFO  AsyncDispatcher:223 - Registering class org.apache.hadoop.yarn.nodelabels.event.NodeLabelsStoreEventType for class org.apache.hadoop.yarn.nodelabels.CommonNodeLabelsManager$ForwardingEventHandler
datanode_3  | 2019-10-09 23:09:53,356 INFO segmented.SegmentedRaftLogWorker: edfc641b-2d0c-410f-834c-5a136b547543@group-50CA3347B97A-SegmentedRaftLogWorker: Starting segment from index:0
kms_1       | 	at javax.xml.bind.JAXBContext.newInstance(JAXBContext.java:584)
nm_1        | 2019-10-09 23:10:47 INFO  ContainerImpl:2112 - Container container_1570662573227_0001_01_000003 transitioned from LOCALIZING to SCHEDULED
datanode_1  | 2019-10-09 23:09:48,078 INFO impl.RoleInfo: 685bfaed-b20a-48ff-8e68-922acb1008ac: shutdown LeaderElection
kdc_1       | Oct 09 23:09:08 kdc kadmind[15](Notice): Request: kadm5_init, admin/admin@EXAMPLE.COM, success, client=admin/admin@EXAMPLE.COM, service=kadmin/admin@EXAMPLE.COM, addr=127.0.0.1, vers=4, flavor=6
rm_1        | 2019-10-09 23:09:33 INFO  AbstractFSNodeStore:67 - Created store directory :file:/tmp/hadoop-yarn-rm/node-attribute
datanode_3  | 2019-10-09 23:09:53,406 INFO segmented.SegmentedRaftLogWorker: edfc641b-2d0c-410f-834c-5a136b547543@group-50CA3347B97A-SegmentedRaftLogWorker: created new log segment /data/metadata/ratis/9dbbabbb-2580-4ec1-a566-50ca3347b97a/current/log_inprogress_0
kms_1       | 	at com.sun.jersey.server.wadl.generators.WadlGeneratorJAXBGrammarGenerator.buildModelAndSchemas(WadlGeneratorJAXBGrammarGenerator.java:169)
nm_1        | 2019-10-09 23:10:47 INFO  ContainerScheduler:541 - Starting container [container_1570662573227_0001_01_000003]
datanode_1  | 2019-10-09 23:09:48,079 INFO impl.RoleInfo: 685bfaed-b20a-48ff-8e68-922acb1008ac: start FollowerState
kdc_1       | Oct 09 23:09:08 kdc kadmind[15](Notice): Request: kadm5_randkey_principal, dn/nm@EXAMPLE.COM, success, client=admin/admin@EXAMPLE.COM, service=kadmin/admin@EXAMPLE.COM, addr=127.0.0.1
rm_1        | 2019-10-09 23:09:33 INFO  AbstractFSNodeStore:181 - Finished write mirror at:file:/tmp/hadoop-yarn-rm/node-attribute/nodeattribute.mirror
datanode_3  | 2019-10-09 23:10:26,671 INFO client.DNCertificateClient: Getting certificate with certSerialId:9862825341146764.
kms_1       | 	at com.sun.jersey.server.wadl.generators.AbstractWadlGeneratorGrammarGenerator.createExternalGrammar(AbstractWadlGeneratorGrammarGenerator.java:405)
nm_1        | 2019-10-09 23:10:47 INFO  ContainerImpl:2112 - Container container_1570662573227_0001_01_000003 transitioned from SCHEDULED to RUNNING
datanode_1  | 2019-10-09 23:09:53,154 INFO impl.FollowerState: 685bfaed-b20a-48ff-8e68-922acb1008ac@group-50CA3347B97A-FollowerState: change to CANDIDATE, lastRpcTime:5075ms, electionTimeout:5075ms
rm_1        | 2019-10-09 23:09:33 INFO  AbstractFSNodeStore:182 - Finished create editlog file at:file:/tmp/hadoop-yarn-rm/node-attribute/nodeattribute.editlog
kms_1       | 	at com.sun.jersey.server.wadl.WadlBuilder.generate(WadlBuilder.java:149)
kdc_1       | Oct 09 23:09:08 kdc kadmind[15](Notice): Request: kadm5_get_principal, dn/nm@EXAMPLE.COM, success, client=admin/admin@EXAMPLE.COM, service=kadmin/admin@EXAMPLE.COM, addr=127.0.0.1
nm_1        | 2019-10-09 23:10:47 INFO  ContainersMonitorImpl:1013 - Starting resource-monitoring for container_1570662573227_0001_01_000003
rm_1        | 2019-10-09 23:09:33 INFO  AsyncDispatcher:223 - Registering class org.apache.hadoop.yarn.server.resourcemanager.nodelabels.NodeAttributesStoreEventType for class org.apache.hadoop.yarn.server.resourcemanager.nodelabels.NodeAttributesManagerImpl$ForwardingEventHandler
kms_1       | 	at com.sun.jersey.server.impl.wadl.WadlApplicationContextImpl.getApplication(WadlApplicationContextImpl.java:119)
datanode_1  | 2019-10-09 23:09:53,156 INFO impl.RoleInfo: 685bfaed-b20a-48ff-8e68-922acb1008ac: shutdown FollowerState
nm_1        | 2019-10-09 23:10:47 INFO  DefaultContainerExecutor:370 - launchContainer: [bash, /tmp/hadoop-hadoop/nm-local-dir/usercache/hadoop/appcache/application_1570662573227_0001/container_1570662573227_0001_01_000003/default_container_executor.sh]
kms_1       | 	at com.sun.jersey.server.impl.wadl.WadlApplicationContextImpl.getApplication(WadlApplicationContextImpl.java:138)
datanode_1  | 2019-10-09 23:09:53,156 INFO impl.RaftServerImpl: 685bfaed-b20a-48ff-8e68-922acb1008ac@group-50CA3347B97A: changes role from  FOLLOWER to CANDIDATE at term 1 for changeToCandidate
rm_1        | 2019-10-09 23:09:33 INFO  MultiNodeSortingManager:66 - Starting NodeSortingService=MultiNodeSortingManager
kdc_1       | Oct 09 23:09:08 kdc kadmind[15](info): closing down fd 18
nm_1        | 2019-10-09 23:10:48 INFO  Server:1849 - Auth successful for appattempt_1570662573227_0001_000001 (auth:SIMPLE)
kms_1       | 	at com.sun.jersey.server.impl.wadl.WadlMethodFactory$WadlOptionsMethodDispatcher.dispatch(WadlMethodFactory.java:110)
datanode_1  | 2019-10-09 23:09:53,156 INFO impl.RoleInfo: 685bfaed-b20a-48ff-8e68-922acb1008ac: start LeaderElection
rm_1        | 2019-10-09 23:09:33 INFO  CallQueueManager:84 - Using callQueue: class java.util.concurrent.LinkedBlockingQueue, queueCapacity: 5000, scheduler: class org.apache.hadoop.ipc.DefaultRpcScheduler, ipcBackoff: false.
kdc_1       | Oct 09 23:09:08 kdc kadmind[15](Notice): Request: kadm5_init, admin/admin@EXAMPLE.COM, success, client=admin/admin@EXAMPLE.COM, service=kadmin/admin@EXAMPLE.COM, addr=127.0.0.1, vers=4, flavor=6
nm_1        | 2019-10-09 23:10:48 INFO  ContainerManagerImpl:1070 - Start request for container_1570662573227_0001_01_000004 by user hadoop
kms_1       | 	at com.sun.jersey.server.impl.uri.rules.HttpMethodRule.accept(HttpMethodRule.java:302)
datanode_1  | 2019-10-09 23:09:53,184 INFO impl.LeaderElection: 685bfaed-b20a-48ff-8e68-922acb1008ac@group-50CA3347B97A-LeaderElection3: begin an election at term 2 for -1: [685bfaed-b20a-48ff-8e68-922acb1008ac:172.18.0.2:9858, edfc641b-2d0c-410f-834c-5a136b547543:172.18.0.10:9858, 117b8299-91ac-45cc-a159-39ecac9b709a:172.18.0.12:9858], old=null
rm_1        | 2019-10-09 23:09:33 INFO  Server:1074 - Starting Socket Reader #1 for port 8031
kdc_1       | Oct 09 23:09:08 kdc kadmind[15](Notice): Request: kadm5_get_policy, default, Policy does not exist, client=admin/admin@EXAMPLE.COM, service=kadmin/admin@EXAMPLE.COM, addr=127.0.0.1
kms_1       | 	at com.sun.jersey.server.impl.uri.rules.ResourceClassRule.accept(ResourceClassRule.java:108)
nm_1        | 2019-10-09 23:10:48 INFO  NMAuditLogger:94 - USER=hadoop	IP=172.18.0.11	OPERATION=Start Container Request	TARGET=ContainerManageImpl	RESULT=SUCCESS	APPID=application_1570662573227_0001	CONTAINERID=container_1570662573227_0001_01_000004
datanode_1  | 2019-10-09 23:09:53,245 INFO impl.LeaderElection: 685bfaed-b20a-48ff-8e68-922acb1008ac@group-50CA3347B97A-LeaderElection3: Election PASSED; received 2 response(s) [685bfaed-b20a-48ff-8e68-922acb1008ac<-edfc641b-2d0c-410f-834c-5a136b547543#0:FAIL-t2, 685bfaed-b20a-48ff-8e68-922acb1008ac<-117b8299-91ac-45cc-a159-39ecac9b709a#0:OK-t2] and 0 exception(s); 685bfaed-b20a-48ff-8e68-922acb1008ac@group-50CA3347B97A:t2, leader=null, voted=685bfaed-b20a-48ff-8e68-922acb1008ac, raftlog=685bfaed-b20a-48ff-8e68-922acb1008ac@group-50CA3347B97A-SegmentedRaftLog:OPENED:c-1,f-1,i0, conf=-1: [685bfaed-b20a-48ff-8e68-922acb1008ac:172.18.0.2:9858, edfc641b-2d0c-410f-834c-5a136b547543:172.18.0.10:9858, 117b8299-91ac-45cc-a159-39ecac9b709a:172.18.0.12:9858], old=null
rm_1        | 2019-10-09 23:09:33 INFO  RpcServerFactoryPBImpl:173 - Adding protocol org.apache.hadoop.yarn.server.api.ResourceTrackerPB to the server
kdc_1       | Oct 09 23:09:08 kdc kadmind[15](Notice): Request: kadm5_create_principal, om/rm@EXAMPLE.COM, success, client=admin/admin@EXAMPLE.COM, service=kadmin/admin@EXAMPLE.COM, addr=127.0.0.1
kms_1       | 	at com.sun.jersey.server.impl.uri.rules.RightHandPathRule.accept(RightHandPathRule.java:147)
nm_1        | 2019-10-09 23:10:48 INFO  ApplicationImpl:463 - Adding container_1570662573227_0001_01_000004 to application application_1570662573227_0001
rm_1        | 2019-10-09 23:09:33 INFO  Server:1314 - IPC Server Responder: starting
datanode_1  | 2019-10-09 23:09:53,245 INFO impl.RoleInfo: 685bfaed-b20a-48ff-8e68-922acb1008ac: shutdown LeaderElection
kdc_1       | Oct 09 23:09:08 kdc kadmind[15](info): closing down fd 18
nm_1        | 2019-10-09 23:10:48 INFO  ContainerImpl:2112 - Container container_1570662573227_0001_01_000004 transitioned from NEW to LOCALIZING
rm_1        | 2019-10-09 23:09:33 INFO  Server:1153 - IPC Server listener on 8031: starting
datanode_1  | 2019-10-09 23:09:53,246 INFO impl.RaftServerImpl: 685bfaed-b20a-48ff-8e68-922acb1008ac@group-50CA3347B97A: changes role from CANDIDATE to LEADER at term 2 for changeToLeader
kms_1       | 	at com.sun.jersey.server.impl.uri.rules.RootResourceClassesRule.accept(RootResourceClassesRule.java:84)
kdc_1       | Oct 09 23:09:08 kdc kadmind[15](Notice): Request: kadm5_init, admin/admin@EXAMPLE.COM, success, client=admin/admin@EXAMPLE.COM, service=kadmin/admin@EXAMPLE.COM, addr=127.0.0.1, vers=4, flavor=6
nm_1        | 2019-10-09 23:10:48 INFO  AuxServices:350 - Got event CONTAINER_INIT for appId application_1570662573227_0001
rm_1        | 2019-10-09 23:09:33 INFO  JvmPauseMonitor:188 - Starting JVM pause monitor
datanode_1  | 2019-10-09 23:09:53,247 INFO impl.RaftServerImpl: 685bfaed-b20a-48ff-8e68-922acb1008ac@group-50CA3347B97A: change Leader from null to 685bfaed-b20a-48ff-8e68-922acb1008ac at term 2 for becomeLeader, leader elected after 10483ms
kms_1       | 	at com.sun.jersey.server.impl.application.WebApplicationImpl._handleRequest(WebApplicationImpl.java:1542)
kdc_1       | Oct 09 23:09:08 kdc kadmind[15](Notice): Request: kadm5_randkey_principal, om/rm@EXAMPLE.COM, success, client=admin/admin@EXAMPLE.COM, service=kadmin/admin@EXAMPLE.COM, addr=127.0.0.1
nm_1        | 2019-10-09 23:10:48 INFO  AuxServices:350 - Got event APPLICATION_INIT for appId application_1570662573227_0001
rm_1        | 2019-10-09 23:09:33 INFO  CallQueueManager:84 - Using callQueue: class java.util.concurrent.LinkedBlockingQueue, queueCapacity: 5000, scheduler: class org.apache.hadoop.ipc.DefaultRpcScheduler, ipcBackoff: false.
datanode_1  | 2019-10-09 23:09:53,247 INFO server.RaftServerConfigKeys: raft.server.staging.catchup.gap = 1000 (default)
kms_1       | 	at com.sun.jersey.server.impl.application.WebApplicationImpl._handleRequest(WebApplicationImpl.java:1473)
kdc_1       | Oct 09 23:09:08 kdc kadmind[15](Notice): Request: kadm5_get_principal, om/rm@EXAMPLE.COM, success, client=admin/admin@EXAMPLE.COM, service=kadmin/admin@EXAMPLE.COM, addr=127.0.0.1
nm_1        | 2019-10-09 23:10:48 INFO  AuxServices:354 - Got APPLICATION_INIT for service mapreduce_shuffle
rm_1        | 2019-10-09 23:09:33 INFO  Server:1074 - Starting Socket Reader #1 for port 8030
datanode_1  | 2019-10-09 23:09:53,247 INFO server.RaftServerConfigKeys: raft.server.rpc.sleep.time = 25ms (default)
kms_1       | 	at com.sun.jersey.server.impl.application.WebApplicationImpl.handleRequest(WebApplicationImpl.java:1419)
kdc_1       | Oct 09 23:09:08 kdc kadmind[15](info): closing down fd 18
nm_1        | 2019-10-09 23:10:48 INFO  ShuffleHandler:719 - Added token for job_1570662573227_0001
rm_1        | 2019-10-09 23:09:33 INFO  RpcServerFactoryPBImpl:173 - Adding protocol org.apache.hadoop.yarn.api.ApplicationMasterProtocolPB to the server
datanode_1  | 2019-10-09 23:09:53,248 INFO server.RaftServerConfigKeys: raft.server.write.element-limit = 4096 (default)
kms_1       | 	at com.sun.jersey.server.impl.application.WebApplicationImpl.handleRequest(WebApplicationImpl.java:1409)
rm_1        | 2019-10-09 23:09:33 INFO  Server:1314 - IPC Server Responder: starting
kdc_1       | Oct 09 23:09:08 kdc kadmind[15](Notice): Request: kadm5_init, admin/admin@EXAMPLE.COM, success, client=admin/admin@EXAMPLE.COM, service=kadmin/admin@EXAMPLE.COM, addr=127.0.0.1, vers=4, flavor=6
kms_1       | 	at com.sun.jersey.spi.container.servlet.WebComponent.service(WebComponent.java:409)
rm_1        | 2019-10-09 23:09:33 INFO  Server:1153 - IPC Server listener on 8030: starting
datanode_1  | 2019-10-09 23:09:53,248 INFO server.RaftServerConfigKeys: raft.server.watch.timeout = 10s (default)
kms_1       | 	at com.sun.jersey.spi.container.servlet.ServletContainer.service(ServletContainer.java:558)
rm_1        | 2019-10-09 23:09:33 INFO  CallQueueManager:84 - Using callQueue: class java.util.concurrent.LinkedBlockingQueue, queueCapacity: 5000, scheduler: class org.apache.hadoop.ipc.DefaultRpcScheduler, ipcBackoff: false.
nm_1        | 2019-10-09 23:10:48 INFO  ContainerImpl:2112 - Container container_1570662573227_0001_01_000004 transitioned from LOCALIZING to SCHEDULED
kdc_1       | Oct 09 23:09:08 kdc kadmind[15](Notice): Request: kadm5_get_policy, default, Policy does not exist, client=admin/admin@EXAMPLE.COM, service=kadmin/admin@EXAMPLE.COM, addr=127.0.0.1
datanode_1  | 2019-10-09 23:09:53,248 INFO server.RaftServerConfigKeys: raft.server.watch.timeout.denomination = 1s (default)
rm_1        | 2019-10-09 23:09:33 INFO  Server:1074 - Starting Socket Reader #1 for port 8032
kms_1       | 	at com.sun.jersey.spi.container.servlet.ServletContainer.service(ServletContainer.java:733)
nm_1        | 2019-10-09 23:10:48 INFO  ContainerScheduler:541 - Starting container [container_1570662573227_0001_01_000004]
kdc_1       | Oct 09 23:09:08 kdc kadmind[15](Notice): Request: kadm5_create_principal, scm/31b75aadcc27@EXAMPLE.COM, success, client=admin/admin@EXAMPLE.COM, service=kadmin/admin@EXAMPLE.COM, addr=127.0.0.1
datanode_1  | 2019-10-09 23:09:53,248 INFO server.RaftServerConfigKeys: raft.server.watch.element-limit = 65536 (default)
kms_1       | 	at javax.servlet.http.HttpServlet.service(HttpServlet.java:790)
