Attaching to ozonesecure_datanode_3, ozonesecure_datanode_2, ozonesecure_datanode_1, ozonesecure_recon_1, ozonesecure_scm_1, ozonesecure_s3g_1, ozonesecure_kms_1, ozonesecure_kdc_1, ozonesecure_om_1
datanode_3  | Sleeping for 5 seconds
datanode_3  | Setting up kerberos!!
datanode_3  | KDC ISSUER_SERVER => kdc:8081
datanode_3  | Sleeping for 5 seconds
datanode_1  | Sleeping for 5 seconds
datanode_3  | Got 200, KDC service ready!!
datanode_1  | Setting up kerberos!!
datanode_2  | Sleeping for 5 seconds
datanode_3  | Download dn/899637c15cfd@EXAMPLE.COM keytab file to /etc/security/keytabs/dn.keytab
recon_1     | Sleeping for 5 seconds
datanode_1  | KDC ISSUER_SERVER => kdc:8081
datanode_2  | Setting up kerberos!!
datanode_1  | Sleeping for 5 seconds
datanode_2  | KDC ISSUER_SERVER => kdc:8081
recon_1     | Waiting for the service om:9874
datanode_3  | --2019-10-10 09:03:36--  http://kdc:8081/keytab/899637c15cfd/dn
datanode_1  | Got 200, KDC service ready!!
datanode_2  | Sleeping for 5 seconds
recon_1     | Setting up kerberos!!
datanode_3  | Resolving kdc (kdc)... 172.18.0.4
datanode_1  | Download dn/03db48ddb849@EXAMPLE.COM keytab file to /etc/security/keytabs/dn.keytab
scm_1       | Sleeping for 5 seconds
datanode_2  | Got 200, KDC service ready!!
s3g_1       | Sleeping for 5 seconds
recon_1     | KDC ISSUER_SERVER => kdc:8081
kms_1       | Sleeping for 5 seconds
datanode_3  | Connecting to kdc (kdc)|172.18.0.4|:8081... connected.
datanode_1  | --2019-10-10 09:03:34--  http://kdc:8081/keytab/03db48ddb849/dn
scm_1       | Setting up kerberos!!
s3g_1       | Setting up kerberos!!
kdc_1       | Issuer is listening on : 8081krb5kdc: starting...
recon_1     | Sleeping for 5 seconds
kms_1       | Setting up kerberos!!
datanode_3  | HTTP request sent, awaiting response... 200 OK
datanode_1  | Resolving kdc (kdc)... 172.18.0.4
s3g_1       | KDC ISSUER_SERVER => kdc:8081
scm_1       | KDC ISSUER_SERVER => kdc:8081
datanode_2  | Download dn/241e2f78a8cc@EXAMPLE.COM keytab file to /etc/security/keytabs/dn.keytab
kdc_1       | kadmind: starting...
recon_1     | Got 200, KDC service ready!!
om_1        | Sleeping for 5 seconds
kms_1       | KDC ISSUER_SERVER => kdc:8081
datanode_3  | Length: 158 [application/octet-stream]
datanode_1  | Connecting to kdc (kdc)|172.18.0.4|:8081... connected.
s3g_1       | Sleeping for 5 seconds
scm_1       | Sleeping for 5 seconds
datanode_2  | --2019-10-10 09:03:36--  http://kdc:8081/keytab/241e2f78a8cc/dn
kdc_1       | otp: Loaded
recon_1     | Download dn/recon@EXAMPLE.COM keytab file to /etc/security/keytabs/dn.keytab
om_1        | Setting up kerberos!!
kms_1       | /opt/starter.sh: line 66: SLEEP_SECONDS: command not found
datanode_3  | Saving to: '/etc/security/keytabs/dn.keytab'
datanode_1  | HTTP request sent, awaiting response... 200 OK
scm_1       | Got 200, KDC service ready!!
datanode_2  | Resolving kdc (kdc)... 172.18.0.4
s3g_1       | Got 200, KDC service ready!!
kdc_1       | Oct 10 09:03:25 kdc krb5kdc[9](info): setting up network...
recon_1     | --2019-10-10 09:03:57--  http://kdc:8081/keytab/recon/dn
om_1        | KDC ISSUER_SERVER => kdc:8081
kms_1       | Sleeping for  seconds
datanode_3  | 
scm_1       | Download dn/scm@EXAMPLE.COM keytab file to /etc/security/keytabs/dn.keytab
datanode_2  | Connecting to kdc (kdc)|172.18.0.4|:8081... connected.
datanode_1  | Length: 158 [application/octet-stream]
s3g_1       | Download dn/s3g@EXAMPLE.COM keytab file to /etc/security/keytabs/dn.keytab
kdc_1       | krb5kdc: setsockopt(9,IPV6_V6ONLY,1) worked
recon_1     | Resolving kdc (kdc)... 172.18.0.4
om_1        | Sleeping for 5 seconds
kms_1       | Got 200, KDC service ready!!
datanode_3  |      0K                                                       100% 11.3M=0s
scm_1       | --2019-10-10 09:03:34--  http://kdc:8081/keytab/scm/dn
datanode_2  | HTTP request sent, awaiting response... 200 OK
datanode_1  | Saving to: '/etc/security/keytabs/dn.keytab'
s3g_1       | --2019-10-10 09:03:34--  http://kdc:8081/keytab/s3g/dn
kdc_1       | krb5kdc: setsockopt(11,IPV6_V6ONLY,1) worked
recon_1     | Connecting to kdc (kdc)|172.18.0.4|:8081... connected.
om_1        | Got 200, KDC service ready!!
kms_1       | Download dn/49288e5bfedd@EXAMPLE.COM keytab file to /etc/security/keytabs/dn.keytab
datanode_3  | 
scm_1       | Resolving kdc (kdc)... 172.18.0.4
datanode_2  | Length: 158 [application/octet-stream]
datanode_1  | 
s3g_1       | Resolving kdc (kdc)... 172.18.0.4
kdc_1       | Oct 10 09:03:25 kdc krb5kdc[9](info): set up 4 sockets
recon_1     | HTTP request sent, awaiting response... 200 OK
om_1        | Download dn/om@EXAMPLE.COM keytab file to /etc/security/keytabs/dn.keytab
kms_1       | --2019-10-10 09:03:34--  http://kdc:8081/keytab/49288e5bfedd/dn
datanode_3  | 2019-10-10 09:03:37 (11.3 MB/s) - '/etc/security/keytabs/dn.keytab' saved [158/158]
scm_1       | Connecting to kdc (kdc)|172.18.0.4|:8081... connected.
datanode_2  | Saving to: '/etc/security/keytabs/dn.keytab'
datanode_1  |      0K                                                       100% 12.5M=0s
s3g_1       | Connecting to kdc (kdc)|172.18.0.4|:8081... connected.
kdc_1       | Oct 10 09:03:25 kdc krb5kdc[9](info): commencing operation
recon_1     | Length: 144 [application/octet-stream]
om_1        | --2019-10-10 09:03:34--  http://kdc:8081/keytab/om/dn
kms_1       | Resolving kdc (kdc)... 172.18.0.4
datanode_3  | 
scm_1       | HTTP request sent, awaiting response... 200 OK
datanode_2  | 
datanode_1  | 
s3g_1       | HTTP request sent, awaiting response... 200 OK
kdc_1       | Oct 10 09:03:13 16c298a0e90b kadmin.local[1](info): No dictionary file specified, continuing without one.
recon_1     | Saving to: '/etc/security/keytabs/dn.keytab'
om_1        | Resolving kdc (kdc)... 172.18.0.4
kms_1       | Connecting to kdc (kdc)|172.18.0.4|:8081... connected.
datanode_3  | Keytab name: FILE:/etc/security/keytabs/dn.keytab
datanode_2  |      0K                                                       100% 11.4M=0s
scm_1       | Length: 140 [application/octet-stream]
kdc_1       | Oct 10 09:03:15 a95a0db903ba kadmin.local[1](info): No dictionary file specified, continuing without one.
s3g_1       | Length: 140 [application/octet-stream]
datanode_1  | 2019-10-10 09:03:35 (12.5 MB/s) - '/etc/security/keytabs/dn.keytab' saved [158/158]
recon_1     | 
om_1        | Connecting to kdc (kdc)|172.18.0.4|:8081... connected.
kms_1       | HTTP request sent, awaiting response... 200 OK
datanode_3  | KVNO Timestamp         Principal
scm_1       | Saving to: '/etc/security/keytabs/dn.keytab'
datanode_2  | 
kdc_1       | Oct 10 09:03:29 kdc kadmind[15](info): No dictionary file specified, continuing without one.
s3g_1       | Saving to: '/etc/security/keytabs/dn.keytab'
datanode_1  | 
recon_1     |      0K                                                       100% 12.1M=0s
kms_1       | Length: 158 [application/octet-stream]
datanode_3  | ---- ----------------- --------------------------------------------------------
scm_1       | 
om_1        | HTTP request sent, awaiting response... 200 OK
datanode_2  | 2019-10-10 09:03:36 (11.4 MB/s) - '/etc/security/keytabs/dn.keytab' saved [158/158]
kdc_1       | Oct 10 09:03:29 kdc kadmind[15](info): setting up network...
s3g_1       | 
datanode_1  | Keytab name: FILE:/etc/security/keytabs/dn.keytab
kms_1       | Saving to: '/etc/security/keytabs/dn.keytab'
recon_1     | 
datanode_3  |    2 10/10/19 09:03:37 dn/899637c15cfd@EXAMPLE.COM
scm_1       |      0K                                                       100% 11.6M=0s
om_1        | Length: 138 [application/octet-stream]
datanode_2  | 
kdc_1       | kadmind: setsockopt(9,IPV6_V6ONLY,1) worked
s3g_1       |      0K                                                       100% 11.3M=0s
datanode_1  | KVNO Timestamp         Principal
kms_1       | 
recon_1     | 2019-10-10 09:03:57 (12.1 MB/s) - '/etc/security/keytabs/dn.keytab' saved [144/144]
datanode_3  |    2 10/10/19 09:03:37 dn/899637c15cfd@EXAMPLE.COM
scm_1       | 
om_1        | Saving to: '/etc/security/keytabs/dn.keytab'
datanode_2  | Keytab name: FILE:/etc/security/keytabs/dn.keytab
kdc_1       | kadmind: setsockopt(11,IPV6_V6ONLY,1) worked
s3g_1       | 
datanode_1  | ---- ----------------- --------------------------------------------------------
kms_1       |      0K                                                       100% 12.5M=0s
recon_1     | 
datanode_3  | Download om/899637c15cfd@EXAMPLE.COM keytab file to /etc/security/keytabs/om.keytab
scm_1       | 2019-10-10 09:03:34 (11.6 MB/s) - '/etc/security/keytabs/dn.keytab' saved [140/140]
om_1        | 
datanode_2  | KVNO Timestamp         Principal
kdc_1       | kadmind: setsockopt(13,IPV6_V6ONLY,1) worked
s3g_1       | 2019-10-10 09:03:34 (11.3 MB/s) - '/etc/security/keytabs/dn.keytab' saved [140/140]
datanode_1  |    2 10/10/19 09:03:35 dn/03db48ddb849@EXAMPLE.COM
kms_1       | 
recon_1     | Keytab name: FILE:/etc/security/keytabs/dn.keytab
datanode_3  | --2019-10-10 09:03:37--  http://kdc:8081/keytab/899637c15cfd/om
scm_1       | 
om_1        |      0K                                                       100% 7.32M=0s
datanode_2  | ---- ----------------- --------------------------------------------------------
kdc_1       | Oct 10 09:03:29 kdc kadmind[15](info): set up 6 sockets
s3g_1       | 
kms_1       | 2019-10-10 09:03:34 (12.5 MB/s) - '/etc/security/keytabs/dn.keytab' saved [158/158]
datanode_1  |    2 10/10/19 09:03:35 dn/03db48ddb849@EXAMPLE.COM
recon_1     | KVNO Timestamp         Principal
datanode_3  | Resolving kdc (kdc)... 172.18.0.4
scm_1       | Keytab name: FILE:/etc/security/keytabs/dn.keytab
om_1        | 
kdc_1       | Oct 10 09:03:29 kdc kadmind[15](info): Seeding random number generator
s3g_1       | Keytab name: FILE:/etc/security/keytabs/dn.keytab
recon_1     | ---- ----------------- --------------------------------------------------------
datanode_3  | Connecting to kdc (kdc)|172.18.0.4|:8081... connected.
scm_1       | KVNO Timestamp         Principal
om_1        | 2019-10-10 09:03:34 (7.32 MB/s) - '/etc/security/keytabs/dn.keytab' saved [138/138]
kms_1       | 
kdc_1       | Oct 10 09:03:29 kdc kadmind[15](info): starting
datanode_1  | Download om/03db48ddb849@EXAMPLE.COM keytab file to /etc/security/keytabs/om.keytab
datanode_2  |    2 10/10/19 09:03:36 dn/241e2f78a8cc@EXAMPLE.COM
s3g_1       | KVNO Timestamp         Principal
recon_1     |    2 10/10/19 09:03:57 dn/recon@EXAMPLE.COM
datanode_3  | HTTP request sent, awaiting response... 200 OK
scm_1       | ---- ----------------- --------------------------------------------------------
om_1        | 
kms_1       | Keytab name: FILE:/etc/security/keytabs/dn.keytab
kdc_1       | Generiting keytab
datanode_1  | --2019-10-10 09:03:35--  http://kdc:8081/keytab/03db48ddb849/om
s3g_1       | ---- ----------------- --------------------------------------------------------
recon_1     |    2 10/10/19 09:03:57 dn/recon@EXAMPLE.COM
scm_1       |    2 10/10/19 09:03:34 dn/scm@EXAMPLE.COM
datanode_3  | Length: 158 [application/octet-stream]
datanode_2  |    2 10/10/19 09:03:36 dn/241e2f78a8cc@EXAMPLE.COM
om_1        | Keytab name: FILE:/etc/security/keytabs/dn.keytab
kms_1       | KVNO Timestamp         Principal
kdc_1       | Authenticating as principal admin/admin with keytab /tmp/admin.keytab.
datanode_1  | Resolving kdc (kdc)... 172.18.0.4
s3g_1       |    2 10/10/19 09:03:34 dn/s3g@EXAMPLE.COM
recon_1     | Download om/recon@EXAMPLE.COM keytab file to /etc/security/keytabs/om.keytab
scm_1       |    2 10/10/19 09:03:34 dn/scm@EXAMPLE.COM
datanode_3  | Saving to: '/etc/security/keytabs/om.keytab'
datanode_2  | Download om/241e2f78a8cc@EXAMPLE.COM keytab file to /etc/security/keytabs/om.keytab
om_1        | KVNO Timestamp         Principal
kms_1       | ---- ----------------- --------------------------------------------------------
kdc_1       | WARNING: no policy specified for test/test@EXAMPLE.COM; defaulting to no policy
datanode_1  | Connecting to kdc (kdc)|172.18.0.4|:8081... connected.
s3g_1       |    2 10/10/19 09:03:34 dn/s3g@EXAMPLE.COM
recon_1     | --2019-10-10 09:03:57--  http://kdc:8081/keytab/recon/om
scm_1       | Download om/scm@EXAMPLE.COM keytab file to /etc/security/keytabs/om.keytab
datanode_3  | 
datanode_2  | --2019-10-10 09:03:36--  http://kdc:8081/keytab/241e2f78a8cc/om
om_1        | ---- ----------------- --------------------------------------------------------
kdc_1       | Principal "test/test@EXAMPLE.COM" created.
kms_1       |    2 10/10/19 09:03:34 dn/49288e5bfedd@EXAMPLE.COM
s3g_1       | Download om/s3g@EXAMPLE.COM keytab file to /etc/security/keytabs/om.keytab
recon_1     | Resolving kdc (kdc)... 172.18.0.4
scm_1       | --2019-10-10 09:03:34--  http://kdc:8081/keytab/scm/om
datanode_3  |      0K                                                       100% 12.0M=0s
datanode_1  | HTTP request sent, awaiting response... 200 OK
datanode_2  | Resolving kdc (kdc)... 172.18.0.4
om_1        |    2 10/10/19 09:03:34 dn/om@EXAMPLE.COM
kdc_1       | Authenticating as principal admin/admin with keytab /tmp/admin.keytab.
kms_1       |    2 10/10/19 09:03:34 dn/49288e5bfedd@EXAMPLE.COM
s3g_1       | --2019-10-10 09:03:34--  http://kdc:8081/keytab/s3g/om
recon_1     | Connecting to kdc (kdc)|172.18.0.4|:8081... connected.
scm_1       | Resolving kdc (kdc)... 172.18.0.4
datanode_3  | 
datanode_1  | Length: 158 [application/octet-stream]
datanode_2  | Connecting to kdc (kdc)|172.18.0.4|:8081... connected.
om_1        |    2 10/10/19 09:03:34 dn/om@EXAMPLE.COM
kdc_1       | Entry for principal test/test@EXAMPLE.COM with kvno 2, encryption type aes256-cts-hmac-sha1-96 added to keytab WRFILE:/data/test.test.keytab.
kms_1       | Download om/49288e5bfedd@EXAMPLE.COM keytab file to /etc/security/keytabs/om.keytab
s3g_1       | Resolving kdc (kdc)... 172.18.0.4
recon_1     | HTTP request sent, awaiting response... 200 OK
scm_1       | Connecting to kdc (kdc)|172.18.0.4|:8081... connected.
datanode_3  | 2019-10-10 09:03:37 (12.0 MB/s) - '/etc/security/keytabs/om.keytab' saved [158/158]
datanode_1  | Saving to: '/etc/security/keytabs/om.keytab'
datanode_2  | HTTP request sent, awaiting response... 200 OK
om_1        | Download om/om@EXAMPLE.COM keytab file to /etc/security/keytabs/om.keytab
kms_1       | --2019-10-10 09:03:34--  http://kdc:8081/keytab/49288e5bfedd/om
s3g_1       | Connecting to kdc (kdc)|172.18.0.4|:8081... connected.
recon_1     | Length: 144 [application/octet-stream]
kdc_1       | Entry for principal test/test@EXAMPLE.COM with kvno 2, encryption type aes128-cts-hmac-sha1-96 added to keytab WRFILE:/data/test.test.keytab.
scm_1       | HTTP request sent, awaiting response... 200 OK
datanode_3  | 
datanode_1  | 
datanode_2  | Length: 158 [application/octet-stream]
om_1        | --2019-10-10 09:03:34--  http://kdc:8081/keytab/om/om
kms_1       | Resolving kdc (kdc)... 172.18.0.4
s3g_1       | HTTP request sent, awaiting response... 200 OK
recon_1     | Saving to: '/etc/security/keytabs/om.keytab'
kdc_1       | Generiting keytab
datanode_1  |      0K                                                       100% 12.7M=0s
datanode_2  | Saving to: '/etc/security/keytabs/om.keytab'
scm_1       | Length: 140 [application/octet-stream]
datanode_3  | Keytab name: FILE:/etc/security/keytabs/om.keytab
om_1        | Resolving kdc (kdc)... 172.18.0.4
kms_1       | Connecting to kdc (kdc)|172.18.0.4|:8081... connected.
s3g_1       | Length: 140 [application/octet-stream]
recon_1     | 
kdc_1       | Authenticating as principal admin/admin with keytab /tmp/admin.keytab.
datanode_1  | 
datanode_2  | 
scm_1       | Saving to: '/etc/security/keytabs/om.keytab'
datanode_3  | KVNO Timestamp         Principal
om_1        | Connecting to kdc (kdc)|172.18.0.4|:8081... connected.
kms_1       | HTTP request sent, awaiting response... 200 OK
recon_1     |      0K                                                       100% 10.6M=0s
kdc_1       | WARNING: no policy specified for dn/om@EXAMPLE.COM; defaulting to no policy
datanode_1  | 2019-10-10 09:03:36 (12.7 MB/s) - '/etc/security/keytabs/om.keytab' saved [158/158]
s3g_1       | Saving to: '/etc/security/keytabs/om.keytab'
datanode_2  |      0K                                                       100% 12.4M=0s
scm_1       | 
datanode_3  | ---- ----------------- --------------------------------------------------------
om_1        | HTTP request sent, awaiting response... 200 OK
kms_1       | Length: 158 [application/octet-stream]
recon_1     | 
kdc_1       | Principal "dn/om@EXAMPLE.COM" created.
datanode_1  | 
s3g_1       | 
datanode_2  | 
scm_1       |      0K                                                       100% 11.1M=0s
datanode_3  |    2 10/10/19 09:03:37 om/899637c15cfd@EXAMPLE.COM
om_1        | Length: 138 [application/octet-stream]
kms_1       | Saving to: '/etc/security/keytabs/om.keytab'
recon_1     | 2019-10-10 09:03:57 (10.6 MB/s) - '/etc/security/keytabs/om.keytab' saved [144/144]
kdc_1       | Oct 10 09:03:33 kdc krb5kdc[9](info): AS_REQ (8 etypes {18 17 20 19 16 23 25 26}) 127.0.0.1: SERVER_NOT_FOUND: admin/admin@EXAMPLE.COM for kadmin/localhost@EXAMPLE.COM, Server not found in Kerberos database
datanode_1  | Keytab name: FILE:/etc/security/keytabs/om.keytab
s3g_1       |      0K                                                       100% 10.1M=0s
datanode_2  | 2019-10-10 09:03:37 (12.4 MB/s) - '/etc/security/keytabs/om.keytab' saved [158/158]
datanode_3  |    2 10/10/19 09:03:37 om/899637c15cfd@EXAMPLE.COM
scm_1       | 
om_1        | Saving to: '/etc/security/keytabs/om.keytab'
kms_1       | 
recon_1     | 
kdc_1       | Oct 10 09:03:33 kdc krb5kdc[9](info): AS_REQ (8 etypes {18 17 20 19 16 23 25 26}) 127.0.0.1: ISSUE: authtime 1570698213, etypes {rep=18 tkt=18 ses=18}, admin/admin@EXAMPLE.COM for kadmin/admin@EXAMPLE.COM
datanode_1  | KVNO Timestamp         Principal
s3g_1       | 
datanode_2  | 
datanode_3  | Download scm/899637c15cfd@EXAMPLE.COM keytab file to /etc/security/keytabs/scm.keytab
scm_1       | 2019-10-10 09:03:35 (11.1 MB/s) - '/etc/security/keytabs/om.keytab' saved [140/140]
om_1        | 
kms_1       |      0K                                                       100% 16.3M=0s
recon_1     | Keytab name: FILE:/etc/security/keytabs/om.keytab
kdc_1       | Oct 10 09:03:34 kdc krb5kdc[9](info): AS_REQ (8 etypes {18 17 20 19 16 23 25 26}) 127.0.0.1: SERVER_NOT_FOUND: admin/admin@EXAMPLE.COM for kadmin/localhost@EXAMPLE.COM, Server not found in Kerberos database
datanode_1  | ---- ----------------- --------------------------------------------------------
datanode_2  | Keytab name: FILE:/etc/security/keytabs/om.keytab
s3g_1       | 2019-10-10 09:03:36 (10.1 MB/s) - '/etc/security/keytabs/om.keytab' saved [140/140]
scm_1       | 
om_1        |      0K                                                       100% 13.4M=0s
kms_1       | 
recon_1     | KVNO Timestamp         Principal
kdc_1       | Oct 10 09:03:34 kdc krb5kdc[9](info): AS_REQ (8 etypes {18 17 20 19 16 23 25 26}) 127.0.0.1: ISSUE: authtime 1570698214, etypes {rep=18 tkt=18 ses=18}, admin/admin@EXAMPLE.COM for kadmin/admin@EXAMPLE.COM
datanode_1  |    2 10/10/19 09:03:36 om/03db48ddb849@EXAMPLE.COM
datanode_2  | KVNO Timestamp         Principal
scm_1       | Keytab name: FILE:/etc/security/keytabs/om.keytab
om_1        | 
kms_1       | 2019-10-10 09:03:34 (16.3 MB/s) - '/etc/security/keytabs/om.keytab' saved [158/158]
recon_1     | ---- ----------------- --------------------------------------------------------
kdc_1       | Oct 10 09:03:34 kdc krb5kdc[9](info): AS_REQ (8 etypes {18 17 20 19 16 23 25 26}) 127.0.0.1: SERVER_NOT_FOUND: admin/admin@EXAMPLE.COM for kadmin/localhost@EXAMPLE.COM, Server not found in Kerberos database
datanode_1  |    2 10/10/19 09:03:36 om/03db48ddb849@EXAMPLE.COM
s3g_1       | 
datanode_2  | ---- ----------------- --------------------------------------------------------
datanode_3  | --2019-10-10 09:03:37--  http://kdc:8081/keytab/899637c15cfd/scm
scm_1       | KVNO Timestamp         Principal
om_1        | 2019-10-10 09:03:34 (13.4 MB/s) - '/etc/security/keytabs/om.keytab' saved [138/138]
kdc_1       | Oct 10 09:03:34 kdc krb5kdc[9](info): AS_REQ (8 etypes {18 17 20 19 16 23 25 26}) 127.0.0.1: ISSUE: authtime 1570698214, etypes {rep=18 tkt=18 ses=18}, admin/admin@EXAMPLE.COM for kadmin/admin@EXAMPLE.COM
datanode_1  | Download scm/03db48ddb849@EXAMPLE.COM keytab file to /etc/security/keytabs/scm.keytab
s3g_1       | Keytab name: FILE:/etc/security/keytabs/om.keytab
recon_1     |    2 10/10/19 09:03:57 om/recon@EXAMPLE.COM
kms_1       | 
datanode_2  |    2 10/10/19 09:03:37 om/241e2f78a8cc@EXAMPLE.COM
datanode_3  | Resolving kdc (kdc)... 172.18.0.4
scm_1       | ---- ----------------- --------------------------------------------------------
om_1        | 
kdc_1       | Oct 10 09:03:34 kdc kadmind[15](Notice): Request: kadm5_init, admin/admin@EXAMPLE.COM, success, client=admin/admin@EXAMPLE.COM, service=kadmin/admin@EXAMPLE.COM, addr=127.0.0.1, vers=4, flavor=6
datanode_1  | --2019-10-10 09:03:36--  http://kdc:8081/keytab/03db48ddb849/scm
s3g_1       | KVNO Timestamp         Principal
recon_1     |    2 10/10/19 09:03:57 om/recon@EXAMPLE.COM
kms_1       | Keytab name: FILE:/etc/security/keytabs/om.keytab
datanode_2  |    2 10/10/19 09:03:37 om/241e2f78a8cc@EXAMPLE.COM
datanode_3  | Connecting to kdc (kdc)|172.18.0.4|:8081... connected.
scm_1       |    2 10/10/19 09:03:35 om/scm@EXAMPLE.COM
kdc_1       | Oct 10 09:03:34 kdc kadmind[15](Notice): Request: kadm5_get_policy, default, Policy does not exist, client=admin/admin@EXAMPLE.COM, service=kadmin/admin@EXAMPLE.COM, addr=127.0.0.1
om_1        | Keytab name: FILE:/etc/security/keytabs/om.keytab
datanode_1  | Resolving kdc (kdc)... 172.18.0.4
s3g_1       | ---- ----------------- --------------------------------------------------------
recon_1     | Download scm/recon@EXAMPLE.COM keytab file to /etc/security/keytabs/scm.keytab
kms_1       | KVNO Timestamp         Principal
datanode_2  | Download scm/241e2f78a8cc@EXAMPLE.COM keytab file to /etc/security/keytabs/scm.keytab
datanode_3  | HTTP request sent, awaiting response... 200 OK
scm_1       |    2 10/10/19 09:03:35 om/scm@EXAMPLE.COM
om_1        | KVNO Timestamp         Principal
kdc_1       | Oct 10 09:03:34 kdc kadmind[15](Notice): Request: kadm5_create_principal, test/test@EXAMPLE.COM, success, client=admin/admin@EXAMPLE.COM, service=kadmin/admin@EXAMPLE.COM, addr=127.0.0.1
datanode_1  | Connecting to kdc (kdc)|172.18.0.4|:8081... connected.
recon_1     | --2019-10-10 09:03:57--  http://kdc:8081/keytab/recon/scm
s3g_1       |    2 10/10/19 09:03:36 om/s3g@EXAMPLE.COM
kms_1       | ---- ----------------- --------------------------------------------------------
datanode_2  | --2019-10-10 09:03:37--  http://kdc:8081/keytab/241e2f78a8cc/scm
datanode_3  | Length: 160 [application/octet-stream]
scm_1       | Download scm/scm@EXAMPLE.COM keytab file to /etc/security/keytabs/scm.keytab
kdc_1       | Oct 10 09:03:34 kdc kadmind[15](info): closing down fd 18
datanode_1  | HTTP request sent, awaiting response... 200 OK
om_1        | ---- ----------------- --------------------------------------------------------
recon_1     | Resolving kdc (kdc)... 172.18.0.4
s3g_1       |    2 10/10/19 09:03:36 om/s3g@EXAMPLE.COM
kms_1       |    2 10/10/19 09:03:34 om/49288e5bfedd@EXAMPLE.COM
datanode_2  | Resolving kdc (kdc)... 172.18.0.4
datanode_3  | Saving to: '/etc/security/keytabs/scm.keytab'
kdc_1       | Oct 10 09:03:34 kdc kadmind[15](Notice): Request: kadm5_init, admin/admin@EXAMPLE.COM, success, client=admin/admin@EXAMPLE.COM, service=kadmin/admin@EXAMPLE.COM, addr=127.0.0.1, vers=4, flavor=6
scm_1       | --2019-10-10 09:03:35--  http://kdc:8081/keytab/scm/scm
om_1        |    2 10/10/19 09:03:34 om/om@EXAMPLE.COM
datanode_1  | Length: 160 [application/octet-stream]
recon_1     | Connecting to kdc (kdc)|172.18.0.4|:8081... connected.
s3g_1       | Download scm/s3g@EXAMPLE.COM keytab file to /etc/security/keytabs/scm.keytab
datanode_2  | Connecting to kdc (kdc)|172.18.0.4|:8081... connected.
datanode_3  | 
kms_1       |    2 10/10/19 09:03:34 om/49288e5bfedd@EXAMPLE.COM
kdc_1       | Oct 10 09:03:34 kdc kadmind[15](Notice): Request: kadm5_randkey_principal, test/test@EXAMPLE.COM, success, client=admin/admin@EXAMPLE.COM, service=kadmin/admin@EXAMPLE.COM, addr=127.0.0.1
scm_1       | Resolving kdc (kdc)... 172.18.0.4
om_1        |    2 10/10/19 09:03:34 om/om@EXAMPLE.COM
datanode_1  | Saving to: '/etc/security/keytabs/scm.keytab'
recon_1     | HTTP request sent, awaiting response... 200 OK
s3g_1       | --2019-10-10 09:03:36--  http://kdc:8081/keytab/s3g/scm
datanode_3  |      0K                                                       100% 12.0M=0s
kms_1       | Download scm/49288e5bfedd@EXAMPLE.COM keytab file to /etc/security/keytabs/scm.keytab
datanode_2  | HTTP request sent, awaiting response... 200 OK
kdc_1       | Oct 10 09:03:34 kdc kadmind[15](Notice): Request: kadm5_get_principal, test/test@EXAMPLE.COM, success, client=admin/admin@EXAMPLE.COM, service=kadmin/admin@EXAMPLE.COM, addr=127.0.0.1
scm_1       | Connecting to kdc (kdc)|172.18.0.4|:8081... connected.
datanode_1  | 
om_1        | Download scm/om@EXAMPLE.COM keytab file to /etc/security/keytabs/scm.keytab
s3g_1       | Resolving kdc (kdc)... 172.18.0.4
datanode_3  | 
kms_1       | --2019-10-10 09:03:34--  http://kdc:8081/keytab/49288e5bfedd/scm
datanode_2  | Length: 160 [application/octet-stream]
recon_1     | Length: 146 [application/octet-stream]
kdc_1       | Oct 10 09:03:34 kdc kadmind[15](info): closing down fd 18
scm_1       | HTTP request sent, awaiting response... 200 OK
datanode_1  |      0K                                                       100% 10.9M=0s
om_1        | --2019-10-10 09:03:34--  http://kdc:8081/keytab/om/scm
s3g_1       | Connecting to kdc (kdc)|172.18.0.4|:8081... connected.
kms_1       | Resolving kdc (kdc)... 172.18.0.4
datanode_3  | 2019-10-10 09:03:39 (12.0 MB/s) - '/etc/security/keytabs/scm.keytab' saved [160/160]
datanode_2  | Saving to: '/etc/security/keytabs/scm.keytab'
recon_1     | Saving to: '/etc/security/keytabs/scm.keytab'
kdc_1       | Oct 10 09:03:34 kdc kadmind[15](Notice): Request: kadm5_init, admin/admin@EXAMPLE.COM, success, client=admin/admin@EXAMPLE.COM, service=kadmin/admin@EXAMPLE.COM, addr=127.0.0.1, vers=4, flavor=6
scm_1       | Length: 142 [application/octet-stream]
datanode_1  | 
om_1        | Resolving kdc (kdc)... 172.18.0.4
s3g_1       | HTTP request sent, awaiting response... 200 OK
kms_1       | Connecting to kdc (kdc)|172.18.0.4|:8081... connected.
datanode_3  | 
datanode_2  | 
recon_1     | 
kdc_1       | Oct 10 09:03:34 kdc kadmind[15](Notice): Request: kadm5_get_policy, default, Policy does not exist, client=admin/admin@EXAMPLE.COM, service=kadmin/admin@EXAMPLE.COM, addr=127.0.0.1
scm_1       | Saving to: '/etc/security/keytabs/scm.keytab'
datanode_1  | 2019-10-10 09:03:37 (10.9 MB/s) - '/etc/security/keytabs/scm.keytab' saved [160/160]
om_1        | Connecting to kdc (kdc)|172.18.0.4|:8081... connected.
s3g_1       | Length: 142 [application/octet-stream]
kms_1       | HTTP request sent, awaiting response... 200 OK
datanode_3  | Keytab name: FILE:/etc/security/keytabs/scm.keytab
datanode_2  |      0K                                                       100% 11.3M=0s
recon_1     |      0K                                                       100% 12.4M=0s
kdc_1       | Oct 10 09:03:34 kdc kadmind[15](Notice): Request: kadm5_create_principal, dn/om@EXAMPLE.COM, success, client=admin/admin@EXAMPLE.COM, service=kadmin/admin@EXAMPLE.COM, addr=127.0.0.1
datanode_1  | 
scm_1       | 
om_1        | HTTP request sent, awaiting response... 200 OK
s3g_1       | Saving to: '/etc/security/keytabs/scm.keytab'
datanode_3  | KVNO Timestamp         Principal
datanode_2  | 
recon_1     | 
kdc_1       | Oct 10 09:03:34 kdc kadmind[15](info): closing down fd 18
datanode_1  | Keytab name: FILE:/etc/security/keytabs/scm.keytab
kms_1       | Length: 160 [application/octet-stream]
scm_1       |      0K                                                       100% 8.11M=0s
om_1        | Length: 140 [application/octet-stream]
s3g_1       | 
datanode_3  | ---- ----------------- --------------------------------------------------------
datanode_2  | 2019-10-10 09:03:38 (11.3 MB/s) - '/etc/security/keytabs/scm.keytab' saved [160/160]
recon_1     | 2019-10-10 09:03:57 (12.4 MB/s) - '/etc/security/keytabs/scm.keytab' saved [146/146]
kdc_1       | Authenticating as principal admin/admin with keytab /tmp/admin.keytab.
datanode_1  | KVNO Timestamp         Principal
kms_1       | Saving to: '/etc/security/keytabs/scm.keytab'
scm_1       | 
om_1        | Saving to: '/etc/security/keytabs/scm.keytab'
s3g_1       |      0K                                                       100% 10.6M=0s
datanode_3  |    2 10/10/19 09:03:39 scm/899637c15cfd@EXAMPLE.COM
datanode_2  | 
recon_1     | 
kdc_1       | Entry for principal dn/om@EXAMPLE.COM with kvno 2, encryption type aes256-cts-hmac-sha1-96 added to keytab WRFILE:/data/dn.om.keytab.
kms_1       | 
datanode_1  | ---- ----------------- --------------------------------------------------------
scm_1       | 2019-10-10 09:03:36 (8.11 MB/s) - '/etc/security/keytabs/scm.keytab' saved [142/142]
om_1        | 
s3g_1       | 
datanode_3  |    2 10/10/19 09:03:39 scm/899637c15cfd@EXAMPLE.COM
recon_1     | Keytab name: FILE:/etc/security/keytabs/scm.keytab
kdc_1       | Entry for principal dn/om@EXAMPLE.COM with kvno 2, encryption type aes128-cts-hmac-sha1-96 added to keytab WRFILE:/data/dn.om.keytab.
datanode_2  | Keytab name: FILE:/etc/security/keytabs/scm.keytab
kms_1       |      0K                                                       100% 12.3M=0s
datanode_1  |    2 10/10/19 09:03:37 scm/03db48ddb849@EXAMPLE.COM
om_1        |      0K                                                       100% 10.9M=0s
scm_1       | 
s3g_1       | 2019-10-10 09:03:37 (10.6 MB/s) - '/etc/security/keytabs/scm.keytab' saved [142/142]
datanode_3  | Download HTTP/899637c15cfd@EXAMPLE.COM keytab file to /etc/security/keytabs/HTTP.keytab
recon_1     | KVNO Timestamp         Principal
kdc_1       | Generiting keytab
datanode_2  | KVNO Timestamp         Principal
kms_1       | 
datanode_1  |    2 10/10/19 09:03:37 scm/03db48ddb849@EXAMPLE.COM
om_1        | 
scm_1       | Keytab name: FILE:/etc/security/keytabs/scm.keytab
s3g_1       | 
datanode_3  | --2019-10-10 09:03:39--  http://kdc:8081/keytab/899637c15cfd/HTTP
recon_1     | ---- ----------------- --------------------------------------------------------
kdc_1       | Authenticating as principal admin/admin with keytab /tmp/admin.keytab.
datanode_2  | ---- ----------------- --------------------------------------------------------
kms_1       | 2019-10-10 09:03:35 (12.3 MB/s) - '/etc/security/keytabs/scm.keytab' saved [160/160]
datanode_1  | Download HTTP/03db48ddb849@EXAMPLE.COM keytab file to /etc/security/keytabs/HTTP.keytab
om_1        | 2019-10-10 09:03:34 (10.9 MB/s) - '/etc/security/keytabs/scm.keytab' saved [140/140]
scm_1       | KVNO Timestamp         Principal
s3g_1       | Keytab name: FILE:/etc/security/keytabs/scm.keytab
datanode_3  | Resolving kdc (kdc)... 172.18.0.4
recon_1     |    2 10/10/19 09:03:57 scm/recon@EXAMPLE.COM
datanode_2  |    2 10/10/19 09:03:38 scm/241e2f78a8cc@EXAMPLE.COM
kms_1       | 
datanode_1  | --2019-10-10 09:03:37--  http://kdc:8081/keytab/03db48ddb849/HTTP
kdc_1       | WARNING: no policy specified for dn/49288e5bfedd@EXAMPLE.COM; defaulting to no policy
om_1        | 
scm_1       | ---- ----------------- --------------------------------------------------------
datanode_3  | Connecting to kdc (kdc)|172.18.0.4|:8081... connected.
datanode_2  |    2 10/10/19 09:03:38 scm/241e2f78a8cc@EXAMPLE.COM
kms_1       | Keytab name: FILE:/etc/security/keytabs/scm.keytab
s3g_1       | KVNO Timestamp         Principal
datanode_1  | Resolving kdc (kdc)... 172.18.0.4
recon_1     |    2 10/10/19 09:03:57 scm/recon@EXAMPLE.COM
kdc_1       | Principal "dn/49288e5bfedd@EXAMPLE.COM" created.
om_1        | Keytab name: FILE:/etc/security/keytabs/scm.keytab
scm_1       |    2 10/10/19 09:03:36 scm/scm@EXAMPLE.COM
datanode_3  | HTTP request sent, awaiting response... 200 OK
datanode_2  | Download HTTP/241e2f78a8cc@EXAMPLE.COM keytab file to /etc/security/keytabs/HTTP.keytab
kms_1       | KVNO Timestamp         Principal
s3g_1       | ---- ----------------- --------------------------------------------------------
datanode_1  | Connecting to kdc (kdc)|172.18.0.4|:8081... connected.
recon_1     | Download HTTP/recon@EXAMPLE.COM keytab file to /etc/security/keytabs/HTTP.keytab
kdc_1       | Authenticating as principal admin/admin with keytab /tmp/admin.keytab.
om_1        | KVNO Timestamp         Principal
datanode_3  | Length: 162 [application/octet-stream]
datanode_2  | --2019-10-10 09:03:38--  http://kdc:8081/keytab/241e2f78a8cc/HTTP
scm_1       |    2 10/10/19 09:03:36 scm/scm@EXAMPLE.COM
kms_1       | ---- ----------------- --------------------------------------------------------
s3g_1       |    2 10/10/19 09:03:37 scm/s3g@EXAMPLE.COM
datanode_1  | HTTP request sent, awaiting response... 200 OK
kdc_1       | Entry for principal dn/49288e5bfedd@EXAMPLE.COM with kvno 2, encryption type aes256-cts-hmac-sha1-96 added to keytab WRFILE:/data/dn.49288e5bfedd.keytab.
recon_1     | --2019-10-10 09:03:57--  http://kdc:8081/keytab/recon/HTTP
om_1        | ---- ----------------- --------------------------------------------------------
datanode_3  | Saving to: '/etc/security/keytabs/HTTP.keytab'
datanode_2  | Resolving kdc (kdc)... 172.18.0.4
scm_1       | Download HTTP/scm@EXAMPLE.COM keytab file to /etc/security/keytabs/HTTP.keytab
kms_1       |    2 10/10/19 09:03:35 scm/49288e5bfedd@EXAMPLE.COM
s3g_1       |    2 10/10/19 09:03:37 scm/s3g@EXAMPLE.COM
datanode_1  | Length: 162 [application/octet-stream]
kdc_1       | Entry for principal dn/49288e5bfedd@EXAMPLE.COM with kvno 2, encryption type aes128-cts-hmac-sha1-96 added to keytab WRFILE:/data/dn.49288e5bfedd.keytab.
recon_1     | Resolving kdc (kdc)... 172.18.0.4
om_1        |    2 10/10/19 09:03:34 scm/om@EXAMPLE.COM
datanode_2  | Connecting to kdc (kdc)|172.18.0.4|:8081... connected.
datanode_3  | 
scm_1       | --2019-10-10 09:03:36--  http://kdc:8081/keytab/scm/HTTP
kms_1       |    2 10/10/19 09:03:35 scm/49288e5bfedd@EXAMPLE.COM
s3g_1       | Download HTTP/s3g@EXAMPLE.COM keytab file to /etc/security/keytabs/HTTP.keytab
datanode_1  | Saving to: '/etc/security/keytabs/HTTP.keytab'
kdc_1       | Generiting keytab
recon_1     | Connecting to kdc (kdc)|172.18.0.4|:8081... connected.
om_1        |    2 10/10/19 09:03:34 scm/om@EXAMPLE.COM
datanode_2  | HTTP request sent, awaiting response... 200 OK
datanode_3  |      0K                                                       100% 14.1M=0s
scm_1       | Resolving kdc (kdc)... 172.18.0.4
kms_1       | Download HTTP/49288e5bfedd@EXAMPLE.COM keytab file to /etc/security/keytabs/HTTP.keytab
s3g_1       | --2019-10-10 09:03:37--  http://kdc:8081/keytab/s3g/HTTP
datanode_1  | 
kdc_1       | Authenticating as principal admin/admin with keytab /tmp/admin.keytab.
recon_1     | HTTP request sent, awaiting response... 200 OK
om_1        | Download HTTP/om@EXAMPLE.COM keytab file to /etc/security/keytabs/HTTP.keytab
datanode_2  | Length: 162 [application/octet-stream]
datanode_3  | 
scm_1       | Connecting to kdc (kdc)|172.18.0.4|:8081... connected.
kms_1       | --2019-10-10 09:03:35--  http://kdc:8081/keytab/49288e5bfedd/HTTP
s3g_1       | Resolving kdc (kdc)... 172.18.0.4
datanode_1  |      0K                                                       100% 12.5M=0s
kdc_1       | WARNING: no policy specified for om/om@EXAMPLE.COM; defaulting to no policy
recon_1     | Length: 148 [application/octet-stream]
om_1        | --2019-10-10 09:03:34--  http://kdc:8081/keytab/om/HTTP
datanode_2  | Saving to: '/etc/security/keytabs/HTTP.keytab'
datanode_3  | 2019-10-10 09:03:40 (14.1 MB/s) - '/etc/security/keytabs/HTTP.keytab' saved [162/162]
scm_1       | HTTP request sent, awaiting response... 200 OK
kms_1       | Resolving kdc (kdc)... 172.18.0.4
datanode_1  | 
kdc_1       | Principal "om/om@EXAMPLE.COM" created.
recon_1     | Saving to: '/etc/security/keytabs/HTTP.keytab'
s3g_1       | Connecting to kdc (kdc)|172.18.0.4|:8081... connected.
om_1        | Resolving kdc (kdc)... 172.18.0.4
datanode_2  | 
datanode_3  | 
scm_1       | Length: 144 [application/octet-stream]
kms_1       | Connecting to kdc (kdc)|172.18.0.4|:8081... connected.
datanode_1  | 2019-10-10 09:03:38 (12.5 MB/s) - '/etc/security/keytabs/HTTP.keytab' saved [162/162]
kdc_1       | Authenticating as principal admin/admin with keytab /tmp/admin.keytab.
s3g_1       | HTTP request sent, awaiting response... 200 OK
recon_1     | 
om_1        | Connecting to kdc (kdc)|172.18.0.4|:8081... connected.
datanode_2  |      0K                                                       100% 15.0M=0s
datanode_3  | Keytab name: FILE:/etc/security/keytabs/HTTP.keytab
scm_1       | Saving to: '/etc/security/keytabs/HTTP.keytab'
kms_1       | HTTP request sent, awaiting response... 200 OK
datanode_1  | 
kdc_1       | Entry for principal om/om@EXAMPLE.COM with kvno 2, encryption type aes256-cts-hmac-sha1-96 added to keytab WRFILE:/data/om.om.keytab.
s3g_1       | Length: 144 [application/octet-stream]
recon_1     |      0K                                                       100% 11.4M=0s
om_1        | HTTP request sent, awaiting response... 200 OK
datanode_2  | 
datanode_3  | KVNO Timestamp         Principal
scm_1       | 
kms_1       | Length: 162 [application/octet-stream]
datanode_1  | Keytab name: FILE:/etc/security/keytabs/HTTP.keytab
kdc_1       | Entry for principal om/om@EXAMPLE.COM with kvno 2, encryption type aes128-cts-hmac-sha1-96 added to keytab WRFILE:/data/om.om.keytab.
s3g_1       | Saving to: '/etc/security/keytabs/HTTP.keytab'
recon_1     | 
om_1        | Length: 142 [application/octet-stream]
datanode_2  | 2019-10-10 09:03:39 (15.0 MB/s) - '/etc/security/keytabs/HTTP.keytab' saved [162/162]
datanode_3  | ---- ----------------- --------------------------------------------------------
scm_1       |      0K                                                       100% 11.6M=0s
kms_1       | Saving to: '/etc/security/keytabs/HTTP.keytab'
datanode_1  | KVNO Timestamp         Principal
kdc_1       | Generiting keytab
s3g_1       | 
recon_1     | 2019-10-10 09:03:57 (11.4 MB/s) - '/etc/security/keytabs/HTTP.keytab' saved [148/148]
om_1        | Saving to: '/etc/security/keytabs/HTTP.keytab'
datanode_3  |    2 10/10/19 09:03:40 HTTP/899637c15cfd@EXAMPLE.COM
scm_1       | 
kms_1       | 
datanode_1  | ---- ----------------- --------------------------------------------------------
kdc_1       | Authenticating as principal admin/admin with keytab /tmp/admin.keytab.
datanode_2  | 
s3g_1       |      0K                                                       100% 11.0M=0s
recon_1     | 
om_1        | 
datanode_3  |    2 10/10/19 09:03:40 HTTP/899637c15cfd@EXAMPLE.COM
scm_1       | 2019-10-10 09:03:37 (11.6 MB/s) - '/etc/security/keytabs/HTTP.keytab' saved [144/144]
kms_1       |      0K                                                       100% 12.2M=0s
datanode_1  |    2 10/10/19 09:03:38 HTTP/03db48ddb849@EXAMPLE.COM
kdc_1       | WARNING: no policy specified for dn/scm@EXAMPLE.COM; defaulting to no policy
datanode_2  | Keytab name: FILE:/etc/security/keytabs/HTTP.keytab
s3g_1       | 
recon_1     | Keytab name: FILE:/etc/security/keytabs/HTTP.keytab
om_1        |      0K                                                       100% 10.8M=0s
datanode_3  | Download testuser/899637c15cfd@EXAMPLE.COM keytab file to /etc/security/keytabs/testuser.keytab
scm_1       | 
kms_1       | 
datanode_1  |    2 10/10/19 09:03:38 HTTP/03db48ddb849@EXAMPLE.COM
kdc_1       | Principal "dn/scm@EXAMPLE.COM" created.
datanode_2  | KVNO Timestamp         Principal
s3g_1       | 2019-10-10 09:03:38 (11.0 MB/s) - '/etc/security/keytabs/HTTP.keytab' saved [144/144]
recon_1     | KVNO Timestamp         Principal
om_1        | 
datanode_3  | --2019-10-10 09:03:40--  http://kdc:8081/keytab/899637c15cfd/testuser
kms_1       | 2019-10-10 09:03:36 (12.2 MB/s) - '/etc/security/keytabs/HTTP.keytab' saved [162/162]
datanode_1  | Download testuser/03db48ddb849@EXAMPLE.COM keytab file to /etc/security/keytabs/testuser.keytab
scm_1       | Keytab name: FILE:/etc/security/keytabs/HTTP.keytab
kdc_1       | Authenticating as principal admin/admin with keytab /tmp/admin.keytab.
datanode_2  | ---- ----------------- --------------------------------------------------------
s3g_1       | 
recon_1     | ---- ----------------- --------------------------------------------------------
om_1        | 2019-10-10 09:03:35 (10.8 MB/s) - '/etc/security/keytabs/HTTP.keytab' saved [142/142]
datanode_3  | Resolving kdc (kdc)... 172.18.0.4
kms_1       | 
datanode_1  | --2019-10-10 09:03:38--  http://kdc:8081/keytab/03db48ddb849/testuser
scm_1       | KVNO Timestamp         Principal
kdc_1       | Entry for principal dn/scm@EXAMPLE.COM with kvno 2, encryption type aes256-cts-hmac-sha1-96 added to keytab WRFILE:/data/dn.scm.keytab.
datanode_2  |    2 10/10/19 09:03:39 HTTP/241e2f78a8cc@EXAMPLE.COM
s3g_1       | Keytab name: FILE:/etc/security/keytabs/HTTP.keytab
recon_1     |    2 10/10/19 09:03:57 HTTP/recon@EXAMPLE.COM
om_1        | 
datanode_3  | Connecting to kdc (kdc)|172.18.0.4|:8081... connected.
kms_1       | Keytab name: FILE:/etc/security/keytabs/HTTP.keytab
datanode_1  | Resolving kdc (kdc)... 172.18.0.4
scm_1       | ---- ----------------- --------------------------------------------------------
kdc_1       | Entry for principal dn/scm@EXAMPLE.COM with kvno 2, encryption type aes128-cts-hmac-sha1-96 added to keytab WRFILE:/data/dn.scm.keytab.
datanode_2  |    2 10/10/19 09:03:39 HTTP/241e2f78a8cc@EXAMPLE.COM
s3g_1       | KVNO Timestamp         Principal
recon_1     |    2 10/10/19 09:03:57 HTTP/recon@EXAMPLE.COM
om_1        | Keytab name: FILE:/etc/security/keytabs/HTTP.keytab
datanode_3  | HTTP request sent, awaiting response... 200 OK
kms_1       | KVNO Timestamp         Principal
datanode_1  | Connecting to kdc (kdc)|172.18.0.4|:8081... connected.
scm_1       |    2 10/10/19 09:03:37 HTTP/scm@EXAMPLE.COM
kdc_1       | Generiting keytab
datanode_2  | Download testuser/241e2f78a8cc@EXAMPLE.COM keytab file to /etc/security/keytabs/testuser.keytab
recon_1     | Download testuser/recon@EXAMPLE.COM keytab file to /etc/security/keytabs/testuser.keytab
s3g_1       | ---- ----------------- --------------------------------------------------------
om_1        | KVNO Timestamp         Principal
datanode_3  | Length: 170 [application/octet-stream]
kms_1       | ---- ----------------- --------------------------------------------------------
datanode_1  | HTTP request sent, awaiting response... 200 OK
kdc_1       | Authenticating as principal admin/admin with keytab /tmp/admin.keytab.
datanode_2  | --2019-10-10 09:03:39--  http://kdc:8081/keytab/241e2f78a8cc/testuser
recon_1     | --2019-10-10 09:03:57--  http://kdc:8081/keytab/recon/testuser
s3g_1       |    2 10/10/19 09:03:38 HTTP/s3g@EXAMPLE.COM
scm_1       |    2 10/10/19 09:03:37 HTTP/scm@EXAMPLE.COM
datanode_3  | Saving to: '/etc/security/keytabs/testuser.keytab'
kms_1       |    2 10/10/19 09:03:36 HTTP/49288e5bfedd@EXAMPLE.COM
kdc_1       | WARNING: no policy specified for om/49288e5bfedd@EXAMPLE.COM; defaulting to no policy
datanode_1  | Length: 170 [application/octet-stream]
om_1        | ---- ----------------- --------------------------------------------------------
datanode_2  | Resolving kdc (kdc)... 172.18.0.4
recon_1     | Resolving kdc (kdc)... 172.18.0.4
s3g_1       |    2 10/10/19 09:03:38 HTTP/s3g@EXAMPLE.COM
scm_1       | Download testuser/scm@EXAMPLE.COM keytab file to /etc/security/keytabs/testuser.keytab
datanode_3  | 
kms_1       |    2 10/10/19 09:03:36 HTTP/49288e5bfedd@EXAMPLE.COM
kdc_1       | Principal "om/49288e5bfedd@EXAMPLE.COM" created.
datanode_1  | Saving to: '/etc/security/keytabs/testuser.keytab'
om_1        |    2 10/10/19 09:03:35 HTTP/om@EXAMPLE.COM
datanode_2  | Connecting to kdc (kdc)|172.18.0.4|:8081... connected.
s3g_1       | Download testuser/s3g@EXAMPLE.COM keytab file to /etc/security/keytabs/testuser.keytab
scm_1       | --2019-10-10 09:03:37--  http://kdc:8081/keytab/scm/testuser
recon_1     | Connecting to kdc (kdc)|172.18.0.4|:8081... connected.
datanode_3  |      0K                                                       100% 16.1M=0s
kms_1       | Download testuser/49288e5bfedd@EXAMPLE.COM keytab file to /etc/security/keytabs/testuser.keytab
kdc_1       | Authenticating as principal admin/admin with keytab /tmp/admin.keytab.
datanode_1  | 
om_1        |    2 10/10/19 09:03:35 HTTP/om@EXAMPLE.COM
datanode_2  | HTTP request sent, awaiting response... 200 OK
s3g_1       | --2019-10-10 09:03:38--  http://kdc:8081/keytab/s3g/testuser
scm_1       | Resolving kdc (kdc)... 172.18.0.4
recon_1     | HTTP request sent, awaiting response... 200 OK
kms_1       | --2019-10-10 09:03:36--  http://kdc:8081/keytab/49288e5bfedd/testuser
datanode_3  | 
kdc_1       | Entry for principal om/49288e5bfedd@EXAMPLE.COM with kvno 2, encryption type aes256-cts-hmac-sha1-96 added to keytab WRFILE:/data/om.49288e5bfedd.keytab.
datanode_1  |      0K                                                       100% 19.4M=0s
om_1        | Download testuser/om@EXAMPLE.COM keytab file to /etc/security/keytabs/testuser.keytab
datanode_2  | Length: 170 [application/octet-stream]
s3g_1       | Resolving kdc (kdc)... 172.18.0.4
scm_1       | Connecting to kdc (kdc)|172.18.0.4|:8081... connected.
recon_1     | Length: 156 [application/octet-stream]
kms_1       | Resolving kdc (kdc)... 172.18.0.4
datanode_3  | 2019-10-10 09:03:40 (16.1 MB/s) - '/etc/security/keytabs/testuser.keytab' saved [170/170]
kdc_1       | Entry for principal om/49288e5bfedd@EXAMPLE.COM with kvno 2, encryption type aes128-cts-hmac-sha1-96 added to keytab WRFILE:/data/om.49288e5bfedd.keytab.
datanode_1  | 
om_1        | --2019-10-10 09:03:35--  http://kdc:8081/keytab/om/testuser
s3g_1       | Connecting to kdc (kdc)|172.18.0.4|:8081... connected.
datanode_2  | Saving to: '/etc/security/keytabs/testuser.keytab'
scm_1       | HTTP request sent, awaiting response... 200 OK
recon_1     | Saving to: '/etc/security/keytabs/testuser.keytab'
kms_1       | Connecting to kdc (kdc)|172.18.0.4|:8081... connected.
kdc_1       | Generiting keytab
datanode_1  | 2019-10-10 09:03:39 (19.4 MB/s) - '/etc/security/keytabs/testuser.keytab' saved [170/170]
datanode_3  | 
om_1        | Resolving kdc (kdc)... 172.18.0.4
s3g_1       | HTTP request sent, awaiting response... 200 OK
datanode_2  | 
scm_1       | Length: 152 [application/octet-stream]
recon_1     | 
kms_1       | HTTP request sent, awaiting response... 200 OK
datanode_1  | 
kdc_1       | Authenticating as principal admin/admin with keytab /tmp/admin.keytab.
datanode_3  | Keytab name: FILE:/etc/security/keytabs/testuser.keytab
om_1        | Connecting to kdc (kdc)|172.18.0.4|:8081... connected.
s3g_1       | Length: 152 [application/octet-stream]
datanode_2  |      0K                                                       100% 21.8M=0s
scm_1       | Saving to: '/etc/security/keytabs/testuser.keytab'
recon_1     |      0K                                                       100% 11.6M=0s
kms_1       | Length: 170 [application/octet-stream]
datanode_1  | Keytab name: FILE:/etc/security/keytabs/testuser.keytab
kdc_1       | WARNING: no policy specified for scm/om@EXAMPLE.COM; defaulting to no policy
datanode_3  | KVNO Timestamp         Principal
om_1        | HTTP request sent, awaiting response... 200 OK
s3g_1       | Saving to: '/etc/security/keytabs/testuser.keytab'
datanode_2  | 
scm_1       | 
recon_1     | 
kms_1       | Saving to: '/etc/security/keytabs/testuser.keytab'
datanode_1  | KVNO Timestamp         Principal
kdc_1       | Principal "scm/om@EXAMPLE.COM" created.
datanode_3  | ---- ----------------- --------------------------------------------------------
om_1        | Length: 150 [application/octet-stream]
s3g_1       | 
scm_1       |      0K                                                       100% 7.81M=0s
datanode_2  | 2019-10-10 09:03:40 (21.8 MB/s) - '/etc/security/keytabs/testuser.keytab' saved [170/170]
recon_1     | 2019-10-10 09:03:58 (11.6 MB/s) - '/etc/security/keytabs/testuser.keytab' saved [156/156]
datanode_1  | ---- ----------------- --------------------------------------------------------
kdc_1       | Authenticating as principal admin/admin with keytab /tmp/admin.keytab.
datanode_3  |    2 10/10/19 09:03:40 testuser/899637c15cfd@EXAMPLE.COM
om_1        | Saving to: '/etc/security/keytabs/testuser.keytab'
s3g_1       |      0K                                                       100% 12.0M=0s
scm_1       | 
datanode_2  | 
kms_1       | 
datanode_1  |    2 10/10/19 09:03:39 testuser/03db48ddb849@EXAMPLE.COM
recon_1     | 
kdc_1       | Entry for principal scm/om@EXAMPLE.COM with kvno 2, encryption type aes256-cts-hmac-sha1-96 added to keytab WRFILE:/data/scm.om.keytab.
datanode_3  |    2 10/10/19 09:03:40 testuser/899637c15cfd@EXAMPLE.COM
om_1        | 
s3g_1       | 
scm_1       | 2019-10-10 09:03:38 (7.81 MB/s) - '/etc/security/keytabs/testuser.keytab' saved [152/152]
datanode_2  | Keytab name: FILE:/etc/security/keytabs/testuser.keytab
kms_1       |      0K                                                       100% 3.81M=0s
datanode_1  |    2 10/10/19 09:03:39 testuser/03db48ddb849@EXAMPLE.COM
recon_1     | Keytab name: FILE:/etc/security/keytabs/testuser.keytab
kdc_1       | Entry for principal scm/om@EXAMPLE.COM with kvno 2, encryption type aes128-cts-hmac-sha1-96 added to keytab WRFILE:/data/scm.om.keytab.
