Attaching to ozonesecure_recon_1, ozonesecure_datanode_2, ozonesecure_kms_1, ozonesecure_om_1, ozonesecure_scm_1, ozonesecure_datanode_1, ozonesecure_datanode_3, ozonesecure_s3g_1, ozonesecure_kdc_1
recon_1     | Sleeping for 5 seconds
recon_1     | Waiting for the service om:9874
recon_1     | Setting up kerberos!!
recon_1     | KDC ISSUER_SERVER => kdc:8081
recon_1     | Sleeping for 5 seconds
kms_1       | Sleeping for 5 seconds
kms_1       | Setting up kerberos!!
recon_1     | Got 200, KDC service ready!!
datanode_2  | Sleeping for 5 seconds
recon_1     | Download dn/recon@EXAMPLE.COM keytab file to /etc/security/keytabs/dn.keytab
datanode_2  | Setting up kerberos!!
recon_1     | --2019-10-17 17:51:38--  http://kdc:8081/keytab/recon/dn
scm_1       | Sleeping for 5 seconds
kms_1       | KDC ISSUER_SERVER => kdc:8081
datanode_2  | KDC ISSUER_SERVER => kdc:8081
recon_1     | Resolving kdc (kdc)... 172.18.0.2
scm_1       | Setting up kerberos!!
kms_1       | /opt/starter.sh: line 66: SLEEP_SECONDS: command not found
recon_1     | Connecting to kdc (kdc)|172.18.0.2|:8081... connected.
datanode_1  | Sleeping for 5 seconds
scm_1       | KDC ISSUER_SERVER => kdc:8081
datanode_2  | Sleeping for 5 seconds
datanode_3  | Sleeping for 5 seconds
kms_1       | Sleeping for  seconds
recon_1     | HTTP request sent, awaiting response... 200 OK
scm_1       | Sleeping for 5 seconds
datanode_2  | Got 200, KDC service ready!!
datanode_1  | Setting up kerberos!!
datanode_3  | Setting up kerberos!!
kms_1       | Got 200, KDC service ready!!
recon_1     | Length: 144 [application/octet-stream]
s3g_1       | Sleeping for 5 seconds
om_1        | Sleeping for 5 seconds
scm_1       | Got 200, KDC service ready!!
datanode_2  | Download dn/3559fda6d8b5@EXAMPLE.COM keytab file to /etc/security/keytabs/dn.keytab
datanode_1  | KDC ISSUER_SERVER => kdc:8081
datanode_3  | KDC ISSUER_SERVER => kdc:8081
kdc_1       | Issuer is listening on : 8081krb5kdc: starting...
kms_1       | Download dn/5af307c8e576@EXAMPLE.COM keytab file to /etc/security/keytabs/dn.keytab
recon_1     | Saving to: '/etc/security/keytabs/dn.keytab'
s3g_1       | Setting up kerberos!!
om_1        | Setting up kerberos!!
scm_1       | Download dn/scm@EXAMPLE.COM keytab file to /etc/security/keytabs/dn.keytab
datanode_2  | --2019-10-17 17:51:14--  http://kdc:8081/keytab/3559fda6d8b5/dn
datanode_1  | Sleeping for 5 seconds
datanode_3  | Sleeping for 5 seconds
kdc_1       | kadmind: starting...
kms_1       | --2019-10-17 17:51:14--  http://kdc:8081/keytab/5af307c8e576/dn
recon_1     | 
s3g_1       | KDC ISSUER_SERVER => kdc:8081
om_1        | KDC ISSUER_SERVER => kdc:8081
scm_1       | --2019-10-17 17:51:13--  http://kdc:8081/keytab/scm/dn
datanode_2  | Resolving kdc (kdc)... 172.18.0.2
datanode_1  | Got 200, KDC service ready!!
datanode_3  | Got 200, KDC service ready!!
kdc_1       | otp: Loaded
kms_1       | Resolving kdc (kdc)... 172.18.0.2
recon_1     |      0K                                                       100% 11.2M=0s
s3g_1       | Sleeping for 5 seconds
om_1        | Sleeping for 5 seconds
scm_1       | Resolving kdc (kdc)... 172.18.0.2
datanode_2  | Connecting to kdc (kdc)|172.18.0.2|:8081... connected.
datanode_3  | Download dn/57792696a33c@EXAMPLE.COM keytab file to /etc/security/keytabs/dn.keytab
datanode_1  | Download dn/cc8e784e1241@EXAMPLE.COM keytab file to /etc/security/keytabs/dn.keytab
kdc_1       | Oct 17 17:51:03 kdc krb5kdc[9](info): setting up network...
kms_1       | Connecting to kdc (kdc)|172.18.0.2|:8081... connected.
recon_1     | 
s3g_1       | Got 200, KDC service ready!!
om_1        | Got 200, KDC service ready!!
scm_1       | Connecting to kdc (kdc)|172.18.0.2|:8081... connected.
datanode_2  | HTTP request sent, awaiting response... 200 OK
datanode_1  | --2019-10-17 17:51:13--  http://kdc:8081/keytab/cc8e784e1241/dn
datanode_3  | --2019-10-17 17:51:13--  http://kdc:8081/keytab/57792696a33c/dn
kdc_1       | krb5kdc: setsockopt(9,IPV6_V6ONLY,1) worked
kms_1       | HTTP request sent, awaiting response... 200 OK
recon_1     | 2019-10-17 17:51:39 (11.2 MB/s) - '/etc/security/keytabs/dn.keytab' saved [144/144]
s3g_1       | Download dn/s3g@EXAMPLE.COM keytab file to /etc/security/keytabs/dn.keytab
om_1        | Download dn/om@EXAMPLE.COM keytab file to /etc/security/keytabs/dn.keytab
scm_1       | HTTP request sent, awaiting response... 200 OK
datanode_2  | Length: 158 [application/octet-stream]
datanode_1  | Resolving kdc (kdc)... 172.18.0.2
datanode_3  | Resolving kdc (kdc)... 172.18.0.2
kdc_1       | krb5kdc: setsockopt(11,IPV6_V6ONLY,1) worked
kms_1       | Length: 158 [application/octet-stream]
recon_1     | 
s3g_1       | --2019-10-17 17:51:13--  http://kdc:8081/keytab/s3g/dn
om_1        | --2019-10-17 17:51:13--  http://kdc:8081/keytab/om/dn
scm_1       | Length: 140 [application/octet-stream]
datanode_2  | Saving to: '/etc/security/keytabs/dn.keytab'
datanode_1  | Connecting to kdc (kdc)|172.18.0.2|:8081... connected.
datanode_3  | Connecting to kdc (kdc)|172.18.0.2|:8081... connected.
kdc_1       | Oct 17 17:51:03 kdc krb5kdc[9](info): set up 4 sockets
recon_1     | Keytab name: FILE:/etc/security/keytabs/dn.keytab
s3g_1       | Resolving kdc (kdc)... 172.18.0.2
kms_1       | Saving to: '/etc/security/keytabs/dn.keytab'
om_1        | Resolving kdc (kdc)... 172.18.0.2
scm_1       | Saving to: '/etc/security/keytabs/dn.keytab'
datanode_1  | HTTP request sent, awaiting response... 200 OK
datanode_2  | 
recon_1     | KVNO Timestamp         Principal
kdc_1       | Oct 17 17:51:03 kdc krb5kdc[9](info): commencing operation
kms_1       | 
s3g_1       | Connecting to kdc (kdc)|172.18.0.2|:8081... connected.
datanode_3  | HTTP request sent, awaiting response... 200 OK
om_1        | Connecting to kdc (kdc)|172.18.0.2|:8081... connected.
scm_1       | 
datanode_1  | Length: 158 [application/octet-stream]
datanode_2  |      0K                                                       100% 16.3M=0s
recon_1     | ---- ----------------- --------------------------------------------------------
kdc_1       | Oct 17 17:50:28 aca03ed929c8 kadmin.local[1](info): No dictionary file specified, continuing without one.
kms_1       |      0K                                                       100% 20.2M=0s
s3g_1       | HTTP request sent, awaiting response... 200 OK
om_1        | HTTP request sent, awaiting response... 200 OK
scm_1       |      0K                                                       100% 22.6M=0s
datanode_3  | Length: 158 [application/octet-stream]
datanode_1  | Saving to: '/etc/security/keytabs/dn.keytab'
datanode_2  | 
recon_1     |    2 10/17/19 17:51:39 dn/recon@EXAMPLE.COM
kdc_1       | Oct 17 17:50:30 56ea585d54f4 kadmin.local[1](info): No dictionary file specified, continuing without one.
kms_1       | 
s3g_1       | Length: 140 [application/octet-stream]
om_1        | Length: 138 [application/octet-stream]
scm_1       | 
datanode_3  | Saving to: '/etc/security/keytabs/dn.keytab'
datanode_1  | 
datanode_2  | 2019-10-17 17:51:15 (16.3 MB/s) - '/etc/security/keytabs/dn.keytab' saved [158/158]
recon_1     |    2 10/17/19 17:51:39 dn/recon@EXAMPLE.COM
kdc_1       | Oct 17 17:51:07 kdc kadmind[15](info): No dictionary file specified, continuing without one.
kms_1       | 2019-10-17 17:51:14 (20.2 MB/s) - '/etc/security/keytabs/dn.keytab' saved [158/158]
s3g_1       | Saving to: '/etc/security/keytabs/dn.keytab'
om_1        | Saving to: '/etc/security/keytabs/dn.keytab'
scm_1       | 2019-10-17 17:51:14 (22.6 MB/s) - '/etc/security/keytabs/dn.keytab' saved [140/140]
datanode_3  | 
datanode_1  |      0K                                                       100% 13.2M=0s
datanode_2  | 
recon_1     | Download om/recon@EXAMPLE.COM keytab file to /etc/security/keytabs/om.keytab
kdc_1       | Oct 17 17:51:07 kdc kadmind[15](info): setting up network...
kms_1       | 
s3g_1       | 
om_1        | 
scm_1       | 
datanode_3  |      0K                                                       100% 20.8M=0s
datanode_1  | 
datanode_2  | Keytab name: FILE:/etc/security/keytabs/dn.keytab
recon_1     | --2019-10-17 17:51:39--  http://kdc:8081/keytab/recon/om
kdc_1       | kadmind: setsockopt(9,IPV6_V6ONLY,1) worked
kms_1       | Keytab name: FILE:/etc/security/keytabs/dn.keytab
s3g_1       |      0K                                                       100% 10.9M=0s
om_1        |      0K                                                       100% 9.65M=0s
scm_1       | Keytab name: FILE:/etc/security/keytabs/dn.keytab
datanode_3  | 
datanode_1  | 2019-10-17 17:51:14 (13.2 MB/s) - '/etc/security/keytabs/dn.keytab' saved [158/158]
datanode_2  | KVNO Timestamp         Principal
recon_1     | Resolving kdc (kdc)... 172.18.0.2
kdc_1       | kadmind: setsockopt(11,IPV6_V6ONLY,1) worked
kms_1       | KVNO Timestamp         Principal
s3g_1       | 
om_1        | 
scm_1       | KVNO Timestamp         Principal
datanode_3  | 2019-10-17 17:51:14 (20.8 MB/s) - '/etc/security/keytabs/dn.keytab' saved [158/158]
datanode_2  | ---- ----------------- --------------------------------------------------------
recon_1     | Connecting to kdc (kdc)|172.18.0.2|:8081... connected.
kms_1       | ---- ----------------- --------------------------------------------------------
kdc_1       | kadmind: setsockopt(13,IPV6_V6ONLY,1) worked
datanode_1  | 
s3g_1       | 2019-10-17 17:51:13 (10.9 MB/s) - '/etc/security/keytabs/dn.keytab' saved [140/140]
om_1        | 2019-10-17 17:51:14 (9.65 MB/s) - '/etc/security/keytabs/dn.keytab' saved [138/138]
scm_1       | ---- ----------------- --------------------------------------------------------
datanode_3  | 
datanode_2  |    2 10/17/19 17:51:15 dn/3559fda6d8b5@EXAMPLE.COM
recon_1     | HTTP request sent, awaiting response... 200 OK
kms_1       |    2 10/17/19 17:51:14 dn/5af307c8e576@EXAMPLE.COM
kdc_1       | Oct 17 17:51:07 kdc kadmind[15](info): set up 6 sockets
datanode_1  | Keytab name: FILE:/etc/security/keytabs/dn.keytab
s3g_1       | 
om_1        | 
scm_1       |    2 10/17/19 17:51:14 dn/scm@EXAMPLE.COM
datanode_3  | Keytab name: FILE:/etc/security/keytabs/dn.keytab
datanode_2  |    2 10/17/19 17:51:15 dn/3559fda6d8b5@EXAMPLE.COM
recon_1     | Length: 144 [application/octet-stream]
kms_1       |    2 10/17/19 17:51:14 dn/5af307c8e576@EXAMPLE.COM
datanode_1  | KVNO Timestamp         Principal
kdc_1       | Oct 17 17:51:07 kdc kadmind[15](info): Seeding random number generator
s3g_1       | Keytab name: FILE:/etc/security/keytabs/dn.keytab
om_1        | Keytab name: FILE:/etc/security/keytabs/dn.keytab
scm_1       |    2 10/17/19 17:51:14 dn/scm@EXAMPLE.COM
datanode_3  | KVNO Timestamp         Principal
datanode_2  | Download om/3559fda6d8b5@EXAMPLE.COM keytab file to /etc/security/keytabs/om.keytab
recon_1     | Saving to: '/etc/security/keytabs/om.keytab'
datanode_1  | ---- ----------------- --------------------------------------------------------
kdc_1       | Oct 17 17:51:07 kdc kadmind[15](info): starting
kms_1       | Download om/5af307c8e576@EXAMPLE.COM keytab file to /etc/security/keytabs/om.keytab
s3g_1       | KVNO Timestamp         Principal
om_1        | KVNO Timestamp         Principal
scm_1       | Download om/scm@EXAMPLE.COM keytab file to /etc/security/keytabs/om.keytab
datanode_3  | ---- ----------------- --------------------------------------------------------
datanode_2  | --2019-10-17 17:51:15--  http://kdc:8081/keytab/3559fda6d8b5/om
recon_1     | 
datanode_1  |    2 10/17/19 17:51:14 dn/cc8e784e1241@EXAMPLE.COM
kdc_1       | Generiting keytab
kms_1       | --2019-10-17 17:51:14--  http://kdc:8081/keytab/5af307c8e576/om
s3g_1       | ---- ----------------- --------------------------------------------------------
om_1        | ---- ----------------- --------------------------------------------------------
datanode_3  |    2 10/17/19 17:51:14 dn/57792696a33c@EXAMPLE.COM
scm_1       | --2019-10-17 17:51:14--  http://kdc:8081/keytab/scm/om
datanode_2  | Resolving kdc (kdc)... 172.18.0.2
recon_1     |      0K                                                       100% 10.3M=0s
datanode_1  |    2 10/17/19 17:51:14 dn/cc8e784e1241@EXAMPLE.COM
kdc_1       | Authenticating as principal admin/admin with keytab /tmp/admin.keytab.
kms_1       | Resolving kdc (kdc)... 172.18.0.2
s3g_1       |    2 10/17/19 17:51:13 dn/s3g@EXAMPLE.COM
om_1        |    2 10/17/19 17:51:13 dn/om@EXAMPLE.COM
datanode_3  |    2 10/17/19 17:51:14 dn/57792696a33c@EXAMPLE.COM
scm_1       | Resolving kdc (kdc)... 172.18.0.2
datanode_2  | Connecting to kdc (kdc)|172.18.0.2|:8081... connected.
datanode_1  | Download om/cc8e784e1241@EXAMPLE.COM keytab file to /etc/security/keytabs/om.keytab
recon_1     | 
kdc_1       | WARNING: no policy specified for test/test@EXAMPLE.COM; defaulting to no policy
kms_1       | Connecting to kdc (kdc)|172.18.0.2|:8081... connected.
s3g_1       |    2 10/17/19 17:51:13 dn/s3g@EXAMPLE.COM
om_1        |    2 10/17/19 17:51:14 dn/om@EXAMPLE.COM
scm_1       | Connecting to kdc (kdc)|172.18.0.2|:8081... connected.
datanode_2  | HTTP request sent, awaiting response... 200 OK
datanode_3  | Download om/57792696a33c@EXAMPLE.COM keytab file to /etc/security/keytabs/om.keytab
datanode_1  | --2019-10-17 17:51:14--  http://kdc:8081/keytab/cc8e784e1241/om
recon_1     | 2019-10-17 17:51:39 (10.3 MB/s) - '/etc/security/keytabs/om.keytab' saved [144/144]
kdc_1       | Principal "test/test@EXAMPLE.COM" created.
kms_1       | HTTP request sent, awaiting response... 200 OK
s3g_1       | Download om/s3g@EXAMPLE.COM keytab file to /etc/security/keytabs/om.keytab
om_1        | Download om/om@EXAMPLE.COM keytab file to /etc/security/keytabs/om.keytab
scm_1       | HTTP request sent, awaiting response... 200 OK
datanode_2  | Length: 158 [application/octet-stream]
datanode_3  | --2019-10-17 17:51:14--  http://kdc:8081/keytab/57792696a33c/om
datanode_1  | Resolving kdc (kdc)... 172.18.0.2
recon_1     | 
kdc_1       | Authenticating as principal admin/admin with keytab /tmp/admin.keytab.
kms_1       | Length: 158 [application/octet-stream]
s3g_1       | --2019-10-17 17:51:13--  http://kdc:8081/keytab/s3g/om
om_1        | --2019-10-17 17:51:14--  http://kdc:8081/keytab/om/om
scm_1       | Length: 140 [application/octet-stream]
datanode_2  | Saving to: '/etc/security/keytabs/om.keytab'
datanode_3  | Resolving kdc (kdc)... 172.18.0.2
datanode_1  | Connecting to kdc (kdc)|172.18.0.2|:8081... connected.
recon_1     | Keytab name: FILE:/etc/security/keytabs/om.keytab
kms_1       | Saving to: '/etc/security/keytabs/om.keytab'
s3g_1       | Resolving kdc (kdc)... 172.18.0.2
om_1        | Resolving kdc (kdc)... 172.18.0.2
kdc_1       | Entry for principal test/test@EXAMPLE.COM with kvno 2, encryption type aes256-cts-hmac-sha1-96 added to keytab WRFILE:/data/test.test.keytab.
scm_1       | Saving to: '/etc/security/keytabs/om.keytab'
datanode_3  | Connecting to kdc (kdc)|172.18.0.2|:8081... connected.
datanode_2  | 
datanode_1  | HTTP request sent, awaiting response... 200 OK
recon_1     | KVNO Timestamp         Principal
kms_1       | 
s3g_1       | Connecting to kdc (kdc)|172.18.0.2|:8081... connected.
om_1        | Connecting to kdc (kdc)|172.18.0.2|:8081... connected.
kdc_1       | Entry for principal test/test@EXAMPLE.COM with kvno 2, encryption type aes128-cts-hmac-sha1-96 added to keytab WRFILE:/data/test.test.keytab.
scm_1       | 
datanode_3  | HTTP request sent, awaiting response... 200 OK
datanode_2  |      0K                                                       100% 11.0M=0s
datanode_1  | Length: 158 [application/octet-stream]
kms_1       |      0K                                                       100% 11.3M=0s
s3g_1       | HTTP request sent, awaiting response... 200 OK
om_1        | HTTP request sent, awaiting response... 200 OK
recon_1     | ---- ----------------- --------------------------------------------------------
kdc_1       | Generiting keytab
scm_1       |      0K                                                       100% 16.5M=0s
datanode_2  | 
datanode_1  | Saving to: '/etc/security/keytabs/om.keytab'
datanode_3  | Length: 158 [application/octet-stream]
kms_1       | 
s3g_1       | Length: 140 [application/octet-stream]
recon_1     |    2 10/17/19 17:51:39 om/recon@EXAMPLE.COM
om_1        | Length: 138 [application/octet-stream]
kdc_1       | Authenticating as principal admin/admin with keytab /tmp/admin.keytab.
scm_1       | 
datanode_2  | 2019-10-17 17:51:16 (11.0 MB/s) - '/etc/security/keytabs/om.keytab' saved [158/158]
datanode_1  | 
datanode_3  | Saving to: '/etc/security/keytabs/om.keytab'
kms_1       | 2019-10-17 17:51:15 (11.3 MB/s) - '/etc/security/keytabs/om.keytab' saved [158/158]
s3g_1       | Saving to: '/etc/security/keytabs/om.keytab'
recon_1     |    2 10/17/19 17:51:39 om/recon@EXAMPLE.COM
om_1        | Saving to: '/etc/security/keytabs/om.keytab'
kdc_1       | WARNING: no policy specified for test/test@EXAMPLE.COM; defaulting to no policy
scm_1       | 2019-10-17 17:51:15 (16.5 MB/s) - '/etc/security/keytabs/om.keytab' saved [140/140]
datanode_2  | 
datanode_1  |      0K                                                       100% 15.2M=0s
datanode_3  | 
kms_1       | 
s3g_1       | 
recon_1     | Download scm/recon@EXAMPLE.COM keytab file to /etc/security/keytabs/scm.keytab
om_1        | 
kdc_1       | add_principal: Principal or policy already exists while creating "test/test@EXAMPLE.COM".
scm_1       | 
datanode_2  | Keytab name: FILE:/etc/security/keytabs/om.keytab
datanode_3  |      0K                                                       100% 12.7M=0s
datanode_1  | 
kms_1       | Keytab name: FILE:/etc/security/keytabs/om.keytab
s3g_1       |      0K                                                       100% 14.5M=0s
recon_1     | --2019-10-17 17:51:39--  http://kdc:8081/keytab/recon/scm
om_1        |      0K                                                       100% 17.8M=0s
kdc_1       | Authenticating as principal admin/admin with keytab /tmp/admin.keytab.
scm_1       | Keytab name: FILE:/etc/security/keytabs/om.keytab
datanode_2  | KVNO Timestamp         Principal
datanode_3  | 
datanode_1  | 2019-10-17 17:51:15 (15.2 MB/s) - '/etc/security/keytabs/om.keytab' saved [158/158]
kms_1       | KVNO Timestamp         Principal
recon_1     | Resolving kdc (kdc)... 172.18.0.2
s3g_1       | 
om_1        | 
kdc_1       | Entry for principal test/test@EXAMPLE.COM with kvno 3, encryption type aes256-cts-hmac-sha1-96 added to keytab WRFILE:/data/test.test.keytab.
scm_1       | KVNO Timestamp         Principal
datanode_2  | ---- ----------------- --------------------------------------------------------
datanode_1  | 
recon_1     | Connecting to kdc (kdc)|172.18.0.2|:8081... connected.
datanode_3  | 2019-10-17 17:51:14 (12.7 MB/s) - '/etc/security/keytabs/om.keytab' saved [158/158]
s3g_1       | 2019-10-17 17:51:14 (14.5 MB/s) - '/etc/security/keytabs/om.keytab' saved [140/140]
kms_1       | ---- ----------------- --------------------------------------------------------
kdc_1       | Entry for principal test/test@EXAMPLE.COM with kvno 3, encryption type aes128-cts-hmac-sha1-96 added to keytab WRFILE:/data/test.test.keytab.
om_1        | 2019-10-17 17:51:14 (17.8 MB/s) - '/etc/security/keytabs/om.keytab' saved [138/138]
scm_1       | ---- ----------------- --------------------------------------------------------
datanode_2  |    2 10/17/19 17:51:16 om/3559fda6d8b5@EXAMPLE.COM
datanode_1  | Keytab name: FILE:/etc/security/keytabs/om.keytab
recon_1     | HTTP request sent, awaiting response... 200 OK
datanode_3  | 
s3g_1       | 
kms_1       |    2 10/17/19 17:51:15 om/5af307c8e576@EXAMPLE.COM
kdc_1       | Generiting keytab
om_1        | 
scm_1       |    2 10/17/19 17:51:15 om/scm@EXAMPLE.COM
datanode_2  |    2 10/17/19 17:51:16 om/3559fda6d8b5@EXAMPLE.COM
datanode_1  | KVNO Timestamp         Principal
recon_1     | Length: 146 [application/octet-stream]
datanode_3  | Keytab name: FILE:/etc/security/keytabs/om.keytab
s3g_1       | Keytab name: FILE:/etc/security/keytabs/om.keytab
kms_1       |    2 10/17/19 17:51:15 om/5af307c8e576@EXAMPLE.COM
kdc_1       | Authenticating as principal admin/admin with keytab /tmp/admin.keytab.
om_1        | Keytab name: FILE:/etc/security/keytabs/om.keytab
scm_1       |    2 10/17/19 17:51:15 om/scm@EXAMPLE.COM
datanode_2  | Download scm/3559fda6d8b5@EXAMPLE.COM keytab file to /etc/security/keytabs/scm.keytab
datanode_1  | ---- ----------------- --------------------------------------------------------
datanode_3  | KVNO Timestamp         Principal
recon_1     | Saving to: '/etc/security/keytabs/scm.keytab'
s3g_1       | KVNO Timestamp         Principal
kdc_1       | WARNING: no policy specified for dn/s3g@EXAMPLE.COM; defaulting to no policy
om_1        | KVNO Timestamp         Principal
kms_1       | Download scm/5af307c8e576@EXAMPLE.COM keytab file to /etc/security/keytabs/scm.keytab
scm_1       | Download scm/scm@EXAMPLE.COM keytab file to /etc/security/keytabs/scm.keytab
datanode_2  | --2019-10-17 17:51:16--  http://kdc:8081/keytab/3559fda6d8b5/scm
datanode_1  |    2 10/17/19 17:51:15 om/cc8e784e1241@EXAMPLE.COM
datanode_3  | ---- ----------------- --------------------------------------------------------
recon_1     | 
s3g_1       | ---- ----------------- --------------------------------------------------------
kdc_1       | Principal "dn/s3g@EXAMPLE.COM" created.
om_1        | ---- ----------------- --------------------------------------------------------
kms_1       | --2019-10-17 17:51:15--  http://kdc:8081/keytab/5af307c8e576/scm
scm_1       | --2019-10-17 17:51:15--  http://kdc:8081/keytab/scm/scm
datanode_2  | Resolving kdc (kdc)... 172.18.0.2
datanode_1  |    2 10/17/19 17:51:15 om/cc8e784e1241@EXAMPLE.COM
datanode_3  |    2 10/17/19 17:51:14 om/57792696a33c@EXAMPLE.COM
recon_1     |      0K                                                       100% 15.1M=0s
s3g_1       |    2 10/17/19 17:51:14 om/s3g@EXAMPLE.COM
kdc_1       | Authenticating as principal admin/admin with keytab /tmp/admin.keytab.
om_1        |    2 10/17/19 17:51:14 om/om@EXAMPLE.COM
kms_1       | Resolving kdc (kdc)... 172.18.0.2
scm_1       | Resolving kdc (kdc)... 172.18.0.2
datanode_2  | Connecting to kdc (kdc)|172.18.0.2|:8081... connected.
datanode_1  | Download scm/cc8e784e1241@EXAMPLE.COM keytab file to /etc/security/keytabs/scm.keytab
recon_1     | 
s3g_1       |    2 10/17/19 17:51:14 om/s3g@EXAMPLE.COM
datanode_3  |    2 10/17/19 17:51:14 om/57792696a33c@EXAMPLE.COM
kdc_1       | Entry for principal dn/s3g@EXAMPLE.COM with kvno 2, encryption type aes256-cts-hmac-sha1-96 added to keytab WRFILE:/data/dn.s3g.keytab.
om_1        |    2 10/17/19 17:51:14 om/om@EXAMPLE.COM
kms_1       | Connecting to kdc (kdc)|172.18.0.2|:8081... connected.
scm_1       | Connecting to kdc (kdc)|172.18.0.2|:8081... connected.
datanode_2  | HTTP request sent, awaiting response... 200 OK
recon_1     | 2019-10-17 17:51:39 (15.1 MB/s) - '/etc/security/keytabs/scm.keytab' saved [146/146]
datanode_1  | --2019-10-17 17:51:15--  http://kdc:8081/keytab/cc8e784e1241/scm
s3g_1       | Download scm/s3g@EXAMPLE.COM keytab file to /etc/security/keytabs/scm.keytab
datanode_3  | Download scm/57792696a33c@EXAMPLE.COM keytab file to /etc/security/keytabs/scm.keytab
kdc_1       | Entry for principal dn/s3g@EXAMPLE.COM with kvno 2, encryption type aes128-cts-hmac-sha1-96 added to keytab WRFILE:/data/dn.s3g.keytab.
om_1        | Download scm/om@EXAMPLE.COM keytab file to /etc/security/keytabs/scm.keytab
kms_1       | HTTP request sent, awaiting response... 200 OK
scm_1       | HTTP request sent, awaiting response... 200 OK
datanode_2  | Length: 160 [application/octet-stream]
recon_1     | 
datanode_1  | Resolving kdc (kdc)... 172.18.0.2
s3g_1       | --2019-10-17 17:51:14--  http://kdc:8081/keytab/s3g/scm
datanode_3  | --2019-10-17 17:51:14--  http://kdc:8081/keytab/57792696a33c/scm
kdc_1       | Generiting keytab
om_1        | --2019-10-17 17:51:14--  http://kdc:8081/keytab/om/scm
kms_1       | Length: 160 [application/octet-stream]
datanode_2  | Saving to: '/etc/security/keytabs/scm.keytab'
scm_1       | Length: 142 [application/octet-stream]
recon_1     | Keytab name: FILE:/etc/security/keytabs/scm.keytab
datanode_1  | Connecting to kdc (kdc)|172.18.0.2|:8081... connected.
s3g_1       | Resolving kdc (kdc)... 172.18.0.2
datanode_3  | Resolving kdc (kdc)... 172.18.0.2
kdc_1       | Authenticating as principal admin/admin with keytab /tmp/admin.keytab.
om_1        | Resolving kdc (kdc)... 172.18.0.2
kms_1       | Saving to: '/etc/security/keytabs/scm.keytab'
datanode_2  | 
scm_1       | Saving to: '/etc/security/keytabs/scm.keytab'
recon_1     | KVNO Timestamp         Principal
datanode_1  | HTTP request sent, awaiting response... 200 OK
s3g_1       | Connecting to kdc (kdc)|172.18.0.2|:8081... connected.
datanode_3  | Connecting to kdc (kdc)|172.18.0.2|:8081... connected.
kdc_1       | WARNING: no policy specified for dn/om@EXAMPLE.COM; defaulting to no policy
om_1        | Connecting to kdc (kdc)|172.18.0.2|:8081... connected.
kms_1       | 
datanode_2  |      0K                                                       100% 6.73M=0s
recon_1     | ---- ----------------- --------------------------------------------------------
scm_1       | 
s3g_1       | HTTP request sent, awaiting response... 200 OK
datanode_3  | HTTP request sent, awaiting response... 200 OK
datanode_1  | Length: 160 [application/octet-stream]
kdc_1       | Principal "dn/om@EXAMPLE.COM" created.
om_1        | HTTP request sent, awaiting response... 200 OK
kms_1       |      0K                                                       100% 14.6M=0s
datanode_2  | 
recon_1     |    2 10/17/19 17:51:39 scm/recon@EXAMPLE.COM
scm_1       |      0K                                                       100% 12.4M=0s
datanode_3  | Length: 160 [application/octet-stream]
s3g_1       | Length: 142 [application/octet-stream]
datanode_1  | Saving to: '/etc/security/keytabs/scm.keytab'
kdc_1       | Authenticating as principal admin/admin with keytab /tmp/admin.keytab.
om_1        | Length: 140 [application/octet-stream]
kms_1       | 
datanode_2  | 2019-10-17 17:51:17 (6.73 MB/s) - '/etc/security/keytabs/scm.keytab' saved [160/160]
recon_1     |    2 10/17/19 17:51:39 scm/recon@EXAMPLE.COM
scm_1       | 
datanode_3  | Saving to: '/etc/security/keytabs/scm.keytab'
s3g_1       | Saving to: '/etc/security/keytabs/scm.keytab'
datanode_1  | 
kdc_1       | Entry for principal dn/om@EXAMPLE.COM with kvno 2, encryption type aes256-cts-hmac-sha1-96 added to keytab WRFILE:/data/dn.om.keytab.
om_1        | Saving to: '/etc/security/keytabs/scm.keytab'
kms_1       | 2019-10-17 17:51:16 (14.6 MB/s) - '/etc/security/keytabs/scm.keytab' saved [160/160]
datanode_2  | 
scm_1       | 2019-10-17 17:51:16 (12.4 MB/s) - '/etc/security/keytabs/scm.keytab' saved [142/142]
datanode_3  | 
recon_1     | Download HTTP/recon@EXAMPLE.COM keytab file to /etc/security/keytabs/HTTP.keytab
s3g_1       | 
datanode_1  |      0K                                                       100% 11.8M=0s
kdc_1       | Entry for principal dn/om@EXAMPLE.COM with kvno 2, encryption type aes128-cts-hmac-sha1-96 added to keytab WRFILE:/data/dn.om.keytab.
om_1        | 
kms_1       | 
datanode_2  | Keytab name: FILE:/etc/security/keytabs/scm.keytab
scm_1       | 
datanode_3  |      0K                                                       100% 19.5M=0s
recon_1     | --2019-10-17 17:51:39--  http://kdc:8081/keytab/recon/HTTP
s3g_1       |      0K                                                       100% 13.7M=0s
datanode_1  | 
kdc_1       | Generiting keytab
om_1        |      0K                                                       100% 9.79M=0s
kms_1       | Keytab name: FILE:/etc/security/keytabs/scm.keytab
datanode_2  | KVNO Timestamp         Principal
scm_1       | Keytab name: FILE:/etc/security/keytabs/scm.keytab
datanode_3  | 
recon_1     | Resolving kdc (kdc)... 172.18.0.2
s3g_1       | 
datanode_1  | 2019-10-17 17:51:16 (11.8 MB/s) - '/etc/security/keytabs/scm.keytab' saved [160/160]
kdc_1       | Authenticating as principal admin/admin with keytab /tmp/admin.keytab.
om_1        | 
kms_1       | KVNO Timestamp         Principal
datanode_2  | ---- ----------------- --------------------------------------------------------
scm_1       | KVNO Timestamp         Principal
datanode_3  | 2019-10-17 17:51:15 (19.5 MB/s) - '/etc/security/keytabs/scm.keytab' saved [160/160]
recon_1     | Connecting to kdc (kdc)|172.18.0.2|:8081... connected.
s3g_1       | 2019-10-17 17:51:15 (13.7 MB/s) - '/etc/security/keytabs/scm.keytab' saved [142/142]
datanode_1  | 
kdc_1       | WARNING: no policy specified for dn/57792696a33c@EXAMPLE.COM; defaulting to no policy
om_1        | 2019-10-17 17:51:15 (9.79 MB/s) - '/etc/security/keytabs/scm.keytab' saved [140/140]
kms_1       | ---- ----------------- --------------------------------------------------------
scm_1       | ---- ----------------- --------------------------------------------------------
datanode_2  |    2 10/17/19 17:51:17 scm/3559fda6d8b5@EXAMPLE.COM
datanode_3  | 
recon_1     | HTTP request sent, awaiting response... 200 OK
s3g_1       | 
datanode_1  | Keytab name: FILE:/etc/security/keytabs/scm.keytab
om_1        | 
kms_1       |    2 10/17/19 17:51:16 scm/5af307c8e576@EXAMPLE.COM
scm_1       |    2 10/17/19 17:51:16 scm/scm@EXAMPLE.COM
kdc_1       | Oct 17 17:51:13 kdc krb5kdc[9](info): AS_REQ (8 etypes {18 17 20 19 16 23 25 26}) 127.0.0.1: SERVER_NOT_FOUND: admin/admin@EXAMPLE.COM for kadmin/localhost@EXAMPLE.COM, Server not found in Kerberos database
datanode_2  |    2 10/17/19 17:51:17 scm/3559fda6d8b5@EXAMPLE.COM
datanode_3  | Keytab name: FILE:/etc/security/keytabs/scm.keytab
recon_1     | Length: 148 [application/octet-stream]
s3g_1       | Keytab name: FILE:/etc/security/keytabs/scm.keytab
datanode_1  | KVNO Timestamp         Principal
om_1        | Keytab name: FILE:/etc/security/keytabs/scm.keytab
kms_1       |    2 10/17/19 17:51:16 scm/5af307c8e576@EXAMPLE.COM
scm_1       |    2 10/17/19 17:51:16 scm/scm@EXAMPLE.COM
kdc_1       | Oct 17 17:51:13 kdc krb5kdc[9](info): AS_REQ (8 etypes {18 17 20 19 16 23 25 26}) 127.0.0.1: ISSUE: authtime 1571334673, etypes {rep=18 tkt=18 ses=18}, admin/admin@EXAMPLE.COM for kadmin/admin@EXAMPLE.COM
datanode_2  | Download HTTP/3559fda6d8b5@EXAMPLE.COM keytab file to /etc/security/keytabs/HTTP.keytab
datanode_3  | KVNO Timestamp         Principal
recon_1     | Saving to: '/etc/security/keytabs/HTTP.keytab'
s3g_1       | KVNO Timestamp         Principal
datanode_1  | ---- ----------------- --------------------------------------------------------
om_1        | KVNO Timestamp         Principal
kms_1       | Download HTTP/5af307c8e576@EXAMPLE.COM keytab file to /etc/security/keytabs/HTTP.keytab
scm_1       | Download HTTP/scm@EXAMPLE.COM keytab file to /etc/security/keytabs/HTTP.keytab
kdc_1       | Oct 17 17:51:13 kdc krb5kdc[9](info): AS_REQ (8 etypes {18 17 20 19 16 23 25 26}) 127.0.0.1: SERVER_NOT_FOUND: admin/admin@EXAMPLE.COM for kadmin/localhost@EXAMPLE.COM, Server not found in Kerberos database
datanode_2  | --2019-10-17 17:51:17--  http://kdc:8081/keytab/3559fda6d8b5/HTTP
datanode_3  | ---- ----------------- --------------------------------------------------------
recon_1     | 
s3g_1       | ---- ----------------- --------------------------------------------------------
datanode_1  |    2 10/17/19 17:51:16 scm/cc8e784e1241@EXAMPLE.COM
om_1        | ---- ----------------- --------------------------------------------------------
kms_1       | --2019-10-17 17:51:16--  http://kdc:8081/keytab/5af307c8e576/HTTP
scm_1       | --2019-10-17 17:51:16--  http://kdc:8081/keytab/scm/HTTP
datanode_2  | Resolving kdc (kdc)... 172.18.0.2
kdc_1       | Oct 17 17:51:13 kdc krb5kdc[9](info): AS_REQ (8 etypes {18 17 20 19 16 23 25 26}) 127.0.0.1: ISSUE: authtime 1571334673, etypes {rep=18 tkt=18 ses=18}, admin/admin@EXAMPLE.COM for kadmin/admin@EXAMPLE.COM
datanode_3  |    2 10/17/19 17:51:15 scm/57792696a33c@EXAMPLE.COM
s3g_1       |    2 10/17/19 17:51:14 scm/s3g@EXAMPLE.COM
datanode_1  |    2 10/17/19 17:51:16 scm/cc8e784e1241@EXAMPLE.COM
recon_1     |      0K                                                       100% 20.0M=0s
om_1        |    2 10/17/19 17:51:15 scm/om@EXAMPLE.COM
kms_1       | Resolving kdc (kdc)... 172.18.0.2
datanode_2  | Connecting to kdc (kdc)|172.18.0.2|:8081... connected.
scm_1       | Resolving kdc (kdc)... 172.18.0.2
kdc_1       | Oct 17 17:51:13 kdc krb5kdc[9](info): AS_REQ (8 etypes {18 17 20 19 16 23 25 26}) 127.0.0.1: SERVER_NOT_FOUND: admin/admin@EXAMPLE.COM for kadmin/localhost@EXAMPLE.COM, Server not found in Kerberos database
s3g_1       |    2 10/17/19 17:51:14 scm/s3g@EXAMPLE.COM
datanode_3  |    2 10/17/19 17:51:15 scm/57792696a33c@EXAMPLE.COM
datanode_1  | Download HTTP/cc8e784e1241@EXAMPLE.COM keytab file to /etc/security/keytabs/HTTP.keytab
recon_1     | 
om_1        |    2 10/17/19 17:51:15 scm/om@EXAMPLE.COM
kms_1       | Connecting to kdc (kdc)|172.18.0.2|:8081... connected.
datanode_2  | HTTP request sent, awaiting response... 200 OK
scm_1       | Connecting to kdc (kdc)|172.18.0.2|:8081... connected.
kdc_1       | Oct 17 17:51:13 kdc krb5kdc[9](info): AS_REQ (8 etypes {18 17 20 19 16 23 25 26}) 127.0.0.1: ISSUE: authtime 1571334673, etypes {rep=18 tkt=18 ses=18}, admin/admin@EXAMPLE.COM for kadmin/admin@EXAMPLE.COM
s3g_1       | Download HTTP/s3g@EXAMPLE.COM keytab file to /etc/security/keytabs/HTTP.keytab
datanode_3  | Download HTTP/57792696a33c@EXAMPLE.COM keytab file to /etc/security/keytabs/HTTP.keytab
datanode_1  | --2019-10-17 17:51:16--  http://kdc:8081/keytab/cc8e784e1241/HTTP
recon_1     | 2019-10-17 17:51:39 (20.0 MB/s) - '/etc/security/keytabs/HTTP.keytab' saved [148/148]
om_1        | Download HTTP/om@EXAMPLE.COM keytab file to /etc/security/keytabs/HTTP.keytab
kms_1       | HTTP request sent, awaiting response... 200 OK
datanode_2  | Length: 162 [application/octet-stream]
scm_1       | HTTP request sent, awaiting response... 200 OK
kdc_1       | Oct 17 17:51:13 kdc krb5kdc[9](info): AS_REQ (8 etypes {18 17 20 19 16 23 25 26}) 127.0.0.1: SERVER_NOT_FOUND: admin/admin@EXAMPLE.COM for kadmin/localhost@EXAMPLE.COM, Server not found in Kerberos database
s3g_1       | --2019-10-17 17:51:15--  http://kdc:8081/keytab/s3g/HTTP
datanode_3  | --2019-10-17 17:51:15--  http://kdc:8081/keytab/57792696a33c/HTTP
datanode_1  | Resolving kdc (kdc)... 172.18.0.2
recon_1     | 
om_1        | --2019-10-17 17:51:15--  http://kdc:8081/keytab/om/HTTP
kms_1       | Length: 162 [application/octet-stream]
datanode_2  | Saving to: '/etc/security/keytabs/HTTP.keytab'
scm_1       | Length: 144 [application/octet-stream]
kdc_1       | Oct 17 17:51:13 kdc krb5kdc[9](info): AS_REQ (8 etypes {18 17 20 19 16 23 25 26}) 127.0.0.1: ISSUE: authtime 1571334673, etypes {rep=18 tkt=18 ses=18}, admin/admin@EXAMPLE.COM for kadmin/admin@EXAMPLE.COM
s3g_1       | Resolving kdc (kdc)... 172.18.0.2
datanode_3  | Resolving kdc (kdc)... 172.18.0.2
datanode_1  | Connecting to kdc (kdc)|172.18.0.2|:8081... connected.
recon_1     | Keytab name: FILE:/etc/security/keytabs/HTTP.keytab
om_1        | Resolving kdc (kdc)... 172.18.0.2
kms_1       | Saving to: '/etc/security/keytabs/HTTP.keytab'
datanode_2  | 
scm_1       | Saving to: '/etc/security/keytabs/HTTP.keytab'
kdc_1       | Oct 17 17:51:13 kdc krb5kdc[9](info): AS_REQ (8 etypes {18 17 20 19 16 23 25 26}) 127.0.0.1: SERVER_NOT_FOUND: admin/admin@EXAMPLE.COM for kadmin/localhost@EXAMPLE.COM, Server not found in Kerberos database
s3g_1       | Connecting to kdc (kdc)|172.18.0.2|:8081... connected.
datanode_3  | Connecting to kdc (kdc)|172.18.0.2|:8081... connected.
datanode_1  | HTTP request sent, awaiting response... 200 OK
recon_1     | KVNO Timestamp         Principal
om_1        | Connecting to kdc (kdc)|172.18.0.2|:8081... connected.
kms_1       | 
datanode_2  |      0K                                                       100% 12.3M=0s
scm_1       | 
kdc_1       | Oct 17 17:51:13 kdc krb5kdc[9](info): AS_REQ (8 etypes {18 17 20 19 16 23 25 26}) 127.0.0.1: ISSUE: authtime 1571334673, etypes {rep=18 tkt=18 ses=18}, admin/admin@EXAMPLE.COM for kadmin/admin@EXAMPLE.COM
s3g_1       | HTTP request sent, awaiting response... 200 OK
datanode_3  | HTTP request sent, awaiting response... 200 OK
datanode_1  | Length: 162 [application/octet-stream]
recon_1     | ---- ----------------- --------------------------------------------------------
om_1        | HTTP request sent, awaiting response... 200 OK
kms_1       |      0K                                                       100% 12.7M=0s
datanode_2  | 
scm_1       |      0K                                                       100% 8.13M=0s
kdc_1       | Oct 17 17:51:13 kdc krb5kdc[9](info): AS_REQ (8 etypes {18 17 20 19 16 23 25 26}) 127.0.0.1: SERVER_NOT_FOUND: admin/admin@EXAMPLE.COM for kadmin/localhost@EXAMPLE.COM, Server not found in Kerberos database
s3g_1       | Length: 144 [application/octet-stream]
datanode_3  | Length: 162 [application/octet-stream]
datanode_1  | Saving to: '/etc/security/keytabs/HTTP.keytab'
recon_1     |    2 10/17/19 17:51:39 HTTP/recon@EXAMPLE.COM
kms_1       | 
om_1        | Length: 142 [application/octet-stream]
datanode_2  | 2019-10-17 17:51:19 (12.3 MB/s) - '/etc/security/keytabs/HTTP.keytab' saved [162/162]
scm_1       | 
kdc_1       | Oct 17 17:51:13 kdc krb5kdc[9](info): AS_REQ (8 etypes {18 17 20 19 16 23 25 26}) 127.0.0.1: ISSUE: authtime 1571334673, etypes {rep=18 tkt=18 ses=18}, admin/admin@EXAMPLE.COM for kadmin/admin@EXAMPLE.COM
s3g_1       | Saving to: '/etc/security/keytabs/HTTP.keytab'
datanode_3  | Saving to: '/etc/security/keytabs/HTTP.keytab'
datanode_1  | 
recon_1     |    2 10/17/19 17:51:39 HTTP/recon@EXAMPLE.COM
kms_1       | 2019-10-17 17:51:18 (12.7 MB/s) - '/etc/security/keytabs/HTTP.keytab' saved [162/162]
datanode_2  | 
om_1        | Saving to: '/etc/security/keytabs/HTTP.keytab'
scm_1       | 2019-10-17 17:51:17 (8.13 MB/s) - '/etc/security/keytabs/HTTP.keytab' saved [144/144]
kdc_1       | Oct 17 17:51:13 kdc krb5kdc[9](info): AS_REQ (8 etypes {18 17 20 19 16 23 25 26}) 127.0.0.1: SERVER_NOT_FOUND: admin/admin@EXAMPLE.COM for kadmin/localhost@EXAMPLE.COM, Server not found in Kerberos database
s3g_1       | 
datanode_3  | 
datanode_1  |      0K                                                       100% 12.0M=0s
recon_1     | Download testuser/recon@EXAMPLE.COM keytab file to /etc/security/keytabs/testuser.keytab
kms_1       | 
datanode_2  | Keytab name: FILE:/etc/security/keytabs/HTTP.keytab
om_1        | 
scm_1       | 
kdc_1       | Oct 17 17:51:13 kdc krb5kdc[9](info): AS_REQ (8 etypes {18 17 20 19 16 23 25 26}) 127.0.0.1: ISSUE: authtime 1571334673, etypes {rep=18 tkt=18 ses=18}, admin/admin@EXAMPLE.COM for kadmin/admin@EXAMPLE.COM
datanode_3  |      0K                                                       100% 16.6M=0s
datanode_1  | 
recon_1     | --2019-10-17 17:51:39--  http://kdc:8081/keytab/recon/testuser
kms_1       | Keytab name: FILE:/etc/security/keytabs/HTTP.keytab
s3g_1       |      0K                                                       100% 11.7M=0s
datanode_2  | KVNO Timestamp         Principal
om_1        |      0K                                                       100% 11.9M=0s
scm_1       | Keytab name: FILE:/etc/security/keytabs/HTTP.keytab
kdc_1       | Oct 17 17:51:13 kdc krb5kdc[9](info): AS_REQ (8 etypes {18 17 20 19 16 23 25 26}) 127.0.0.1: SERVER_NOT_FOUND: admin/admin@EXAMPLE.COM for kadmin/localhost@EXAMPLE.COM, Server not found in Kerberos database
datanode_3  | 
datanode_1  | 2019-10-17 17:51:17 (12.0 MB/s) - '/etc/security/keytabs/HTTP.keytab' saved [162/162]
recon_1     | Resolving kdc (kdc)... 172.18.0.2
kms_1       | KVNO Timestamp         Principal
s3g_1       | 
datanode_2  | ---- ----------------- --------------------------------------------------------
om_1        | 
scm_1       | KVNO Timestamp         Principal
kdc_1       | Oct 17 17:51:13 kdc krb5kdc[9](info): AS_REQ (8 etypes {18 17 20 19 16 23 25 26}) 127.0.0.1: ISSUE: authtime 1571334673, etypes {rep=18 tkt=18 ses=18}, admin/admin@EXAMPLE.COM for kadmin/admin@EXAMPLE.COM
datanode_3  | 2019-10-17 17:51:17 (16.6 MB/s) - '/etc/security/keytabs/HTTP.keytab' saved [162/162]
datanode_1  | 
recon_1     | Connecting to kdc (kdc)|172.18.0.2|:8081... connected.
kms_1       | ---- ----------------- --------------------------------------------------------
s3g_1       | 2019-10-17 17:51:16 (11.7 MB/s) - '/etc/security/keytabs/HTTP.keytab' saved [144/144]
datanode_2  |    2 10/17/19 17:51:19 HTTP/3559fda6d8b5@EXAMPLE.COM
om_1        | 2019-10-17 17:51:16 (11.9 MB/s) - '/etc/security/keytabs/HTTP.keytab' saved [142/142]
scm_1       | ---- ----------------- --------------------------------------------------------
datanode_3  | 
datanode_1  | Keytab name: FILE:/etc/security/keytabs/HTTP.keytab
kdc_1       | Oct 17 17:51:14 kdc krb5kdc[9](info): AS_REQ (8 etypes {18 17 20 19 16 23 25 26}) 127.0.0.1: SERVER_NOT_FOUND: admin/admin@EXAMPLE.COM for kadmin/localhost@EXAMPLE.COM, Server not found in Kerberos database
recon_1     | HTTP request sent, awaiting response... 200 OK
kms_1       |    2 10/17/19 17:51:18 HTTP/5af307c8e576@EXAMPLE.COM
s3g_1       | 
datanode_2  |    2 10/17/19 17:51:19 HTTP/3559fda6d8b5@EXAMPLE.COM
om_1        | 
scm_1       |    2 10/17/19 17:51:17 HTTP/scm@EXAMPLE.COM
datanode_3  | Keytab name: FILE:/etc/security/keytabs/HTTP.keytab
datanode_1  | KVNO Timestamp         Principal
kdc_1       | Oct 17 17:51:14 kdc krb5kdc[9](info): AS_REQ (8 etypes {18 17 20 19 16 23 25 26}) 127.0.0.1: ISSUE: authtime 1571334674, etypes {rep=18 tkt=18 ses=18}, admin/admin@EXAMPLE.COM for kadmin/admin@EXAMPLE.COM
recon_1     | Length: 156 [application/octet-stream]
kms_1       |    2 10/17/19 17:51:18 HTTP/5af307c8e576@EXAMPLE.COM
s3g_1       | Keytab name: FILE:/etc/security/keytabs/HTTP.keytab
datanode_2  | Download testuser/3559fda6d8b5@EXAMPLE.COM keytab file to /etc/security/keytabs/testuser.keytab
om_1        | Keytab name: FILE:/etc/security/keytabs/HTTP.keytab
datanode_3  | KVNO Timestamp         Principal
scm_1       |    2 10/17/19 17:51:17 HTTP/scm@EXAMPLE.COM
datanode_1  | ---- ----------------- --------------------------------------------------------
kms_1       | Download testuser/5af307c8e576@EXAMPLE.COM keytab file to /etc/security/keytabs/testuser.keytab
recon_1     | Saving to: '/etc/security/keytabs/testuser.keytab'
kdc_1       | Oct 17 17:51:13 kdc kadmind[15](Notice): Request: kadm5_init, admin/admin@EXAMPLE.COM, success, client=admin/admin@EXAMPLE.COM, service=kadmin/admin@EXAMPLE.COM, addr=127.0.0.1, vers=4, flavor=6
s3g_1       | KVNO Timestamp         Principal
datanode_2  | --2019-10-17 17:51:19--  http://kdc:8081/keytab/3559fda6d8b5/testuser
om_1        | KVNO Timestamp         Principal
datanode_3  | ---- ----------------- --------------------------------------------------------
scm_1       | Download testuser/scm@EXAMPLE.COM keytab file to /etc/security/keytabs/testuser.keytab
datanode_1  |    2 10/17/19 17:51:17 HTTP/cc8e784e1241@EXAMPLE.COM
kms_1       | --2019-10-17 17:51:18--  http://kdc:8081/keytab/5af307c8e576/testuser
recon_1     | 
s3g_1       | ---- ----------------- --------------------------------------------------------
kdc_1       | Oct 17 17:51:13 kdc kadmind[15](Notice): Request: kadm5_get_policy, default, Policy does not exist, client=admin/admin@EXAMPLE.COM, service=kadmin/admin@EXAMPLE.COM, addr=127.0.0.1
datanode_2  | Resolving kdc (kdc)... 172.18.0.2
om_1        | ---- ----------------- --------------------------------------------------------
datanode_3  |    2 10/17/19 17:51:16 HTTP/57792696a33c@EXAMPLE.COM
scm_1       | --2019-10-17 17:51:17--  http://kdc:8081/keytab/scm/testuser
datanode_1  |    2 10/17/19 17:51:17 HTTP/cc8e784e1241@EXAMPLE.COM
recon_1     |      0K                                                       100% 17.7M=0s
kms_1       | Resolving kdc (kdc)... 172.18.0.2
s3g_1       |    2 10/17/19 17:51:15 HTTP/s3g@EXAMPLE.COM
kdc_1       | Oct 17 17:51:13 kdc kadmind[15](Notice): Request: kadm5_create_principal, test/test@EXAMPLE.COM, success, client=admin/admin@EXAMPLE.COM, service=kadmin/admin@EXAMPLE.COM, addr=127.0.0.1
datanode_2  | Connecting to kdc (kdc)|172.18.0.2|:8081... connected.
om_1        |    2 10/17/19 17:51:16 HTTP/om@EXAMPLE.COM
datanode_3  |    2 10/17/19 17:51:16 HTTP/57792696a33c@EXAMPLE.COM
scm_1       | Resolving kdc (kdc)... 172.18.0.2
datanode_1  | Download testuser/cc8e784e1241@EXAMPLE.COM keytab file to /etc/security/keytabs/testuser.keytab
recon_1     | 
kms_1       | Connecting to kdc (kdc)|172.18.0.2|:8081... connected.
s3g_1       |    2 10/17/19 17:51:15 HTTP/s3g@EXAMPLE.COM
kdc_1       | Oct 17 17:51:13 kdc kadmind[15](info): closing down fd 18
datanode_2  | HTTP request sent, awaiting response... 200 OK
om_1        |    2 10/17/19 17:51:16 HTTP/om@EXAMPLE.COM
datanode_3  | Download testuser/57792696a33c@EXAMPLE.COM keytab file to /etc/security/keytabs/testuser.keytab
scm_1       | Connecting to kdc (kdc)|172.18.0.2|:8081... connected.
datanode_1  | --2019-10-17 17:51:17--  http://kdc:8081/keytab/cc8e784e1241/testuser
recon_1     | 2019-10-17 17:51:40 (17.7 MB/s) - '/etc/security/keytabs/testuser.keytab' saved [156/156]
kms_1       | HTTP request sent, awaiting response... 200 OK
s3g_1       | Download testuser/s3g@EXAMPLE.COM keytab file to /etc/security/keytabs/testuser.keytab
kdc_1       | Oct 17 17:51:13 kdc kadmind[15](Notice): Request: kadm5_init, admin/admin@EXAMPLE.COM, success, client=admin/admin@EXAMPLE.COM, service=kadmin/admin@EXAMPLE.COM, addr=127.0.0.1, vers=4, flavor=6
datanode_2  | Length: 170 [application/octet-stream]
om_1        | Download testuser/om@EXAMPLE.COM keytab file to /etc/security/keytabs/testuser.keytab
datanode_3  | --2019-10-17 17:51:17--  http://kdc:8081/keytab/57792696a33c/testuser
scm_1       | HTTP request sent, awaiting response... 200 OK
datanode_1  | Resolving kdc (kdc)... 172.18.0.2
recon_1     | 
kms_1       | Length: 170 [application/octet-stream]
s3g_1       | --2019-10-17 17:51:16--  http://kdc:8081/keytab/s3g/testuser
kdc_1       | Oct 17 17:51:13 kdc kadmind[15](Notice): Request: kadm5_randkey_principal, test/test@EXAMPLE.COM, success, client=admin/admin@EXAMPLE.COM, service=kadmin/admin@EXAMPLE.COM, addr=127.0.0.1
datanode_2  | Saving to: '/etc/security/keytabs/testuser.keytab'
om_1        | --2019-10-17 17:51:16--  http://kdc:8081/keytab/om/testuser
datanode_3  | Resolving kdc (kdc)... 172.18.0.2
scm_1       | Length: 152 [application/octet-stream]
datanode_1  | Connecting to kdc (kdc)|172.18.0.2|:8081... connected.
recon_1     | Keytab name: FILE:/etc/security/keytabs/testuser.keytab
kms_1       | Saving to: '/etc/security/keytabs/testuser.keytab'
s3g_1       | Resolving kdc (kdc)... 172.18.0.2
kdc_1       | Oct 17 17:51:13 kdc kadmind[15](Notice): Request: kadm5_get_principal, test/test@EXAMPLE.COM, success, client=admin/admin@EXAMPLE.COM, service=kadmin/admin@EXAMPLE.COM, addr=127.0.0.1
datanode_2  | 
om_1        | Resolving kdc (kdc)... 172.18.0.2
datanode_3  | Connecting to kdc (kdc)|172.18.0.2|:8081... connected.
scm_1       | Saving to: '/etc/security/keytabs/testuser.keytab'
datanode_1  | HTTP request sent, awaiting response... 200 OK
recon_1     | KVNO Timestamp         Principal
kms_1       | 
s3g_1       | Connecting to kdc (kdc)|172.18.0.2|:8081... connected.
kdc_1       | Oct 17 17:51:13 kdc kadmind[15](info): closing down fd 18
datanode_2  |      0K                                                       100% 9.38M=0s
om_1        | Connecting to kdc (kdc)|172.18.0.2|:8081... connected.
datanode_3  | HTTP request sent, awaiting response... 200 OK
scm_1       | 
datanode_1  | Length: 170 [application/octet-stream]
recon_1     | ---- ----------------- --------------------------------------------------------
kms_1       |      0K                                                       100% 19.8M=0s
s3g_1       | HTTP request sent, awaiting response... 200 OK
kdc_1       | Oct 17 17:51:13 kdc kadmind[15](Notice): Request: kadm5_init, admin/admin@EXAMPLE.COM, success, client=admin/admin@EXAMPLE.COM, service=kadmin/admin@EXAMPLE.COM, addr=127.0.0.1, vers=4, flavor=6
om_1        | HTTP request sent, awaiting response... 200 OK
datanode_3  | Length: 170 [application/octet-stream]
datanode_1  | Saving to: '/etc/security/keytabs/testuser.keytab'
scm_1       |      0K                                                       100% 11.5M=0s
datanode_2  | 
recon_1     |    2 10/17/19 17:51:39 testuser/recon@EXAMPLE.COM
kms_1       | 
s3g_1       | Length: 152 [application/octet-stream]
kdc_1       | Oct 17 17:51:13 kdc kadmind[15](Notice): Request: kadm5_get_policy, default, Policy does not exist, client=admin/admin@EXAMPLE.COM, service=kadmin/admin@EXAMPLE.COM, addr=127.0.0.1
om_1        | Length: 150 [application/octet-stream]
datanode_3  | Saving to: '/etc/security/keytabs/testuser.keytab'
datanode_1  | 
scm_1       | 
datanode_2  | 2019-10-17 17:51:20 (9.38 MB/s) - '/etc/security/keytabs/testuser.keytab' saved [170/170]
recon_1     |    2 10/17/19 17:51:39 testuser/recon@EXAMPLE.COM
kms_1       | 2019-10-17 17:51:19 (19.8 MB/s) - '/etc/security/keytabs/testuser.keytab' saved [170/170]
s3g_1       | Saving to: '/etc/security/keytabs/testuser.keytab'
kdc_1       | Oct 17 17:51:13 kdc kadmind[15](Notice): Request: kadm5_create_principal, test/test@EXAMPLE.COM, Principal or policy already exists, client=admin/admin@EXAMPLE.COM, service=kadmin/admin@EXAMPLE.COM, addr=127.0.0.1
om_1        | Saving to: '/etc/security/keytabs/testuser.keytab'
datanode_3  | 
scm_1       | 2019-10-17 17:51:19 (11.5 MB/s) - '/etc/security/keytabs/testuser.keytab' saved [152/152]
datanode_1  |      0K                                                       100% 11.3M=0s
datanode_2  | 
