om_1        | 2019-10-09 23:10:43,458 INFO authorize.ServiceAuthorizationManager: Authorization successful for testuser/scm@EXAMPLE.COM (auth:KERBEROS) for protocol=interface org.apache.hadoop.ozone.om.protocol.OzoneManagerProtocol
datanode_1  | 2019-10-09 23:09:48,429 INFO server.RaftServerConfigKeys: raft.server.staging.catchup.gap = 1000 (default)
s3g_1       | 	at org.jboss.weld.util.Beans.injectFieldsAndInitializers(Beans.java:369)
datanode_2  | 2019-10-09 23:09:49,585 INFO impl.FollowerState: 425f4cb0-afbd-4be6-a77b-b8cb22415a66@group-67E9AE0FA814-FollowerState: change to CANDIDATE, lastRpcTime:5092ms, electionTimeout:5092ms
datanode_3  | 2019-10-09 23:09:49,323 INFO server.RaftServerConfigKeys: raft.server.rpc.sleep.time = 25ms (default)
scm_1       | 2019-10-09 23:10:36,989 INFO authorize.ServiceAuthorizationManager: Authorization successful for dn/200010e22e25@EXAMPLE.COM (auth:KERBEROS) for protocol=interface org.apache.hadoop.ozone.protocol.StorageContainerDatanodeProtocol
kdc_1       | Entry for principal dn/a4b36db65d7b@EXAMPLE.COM with kvno 2, encryption type aes128-cts-hmac-sha1-96 added to keytab WRFILE:/data/dn.a4b36db65d7b.keytab.
om_1        | 2019-10-09 23:10:45,985 INFO ipc.Server: Auth successful for testuser/scm@EXAMPLE.COM (auth:KERBEROS)
s3g_1       | 	at org.jboss.weld.injection.producer.ResourceInjector$1.proceed(ResourceInjector.java:70)
datanode_1  | 2019-10-09 23:09:48,429 INFO server.RaftServerConfigKeys: raft.server.rpc.sleep.time = 25ms (default)
datanode_2  | 2019-10-09 23:09:49,586 INFO impl.RoleInfo: 425f4cb0-afbd-4be6-a77b-b8cb22415a66: shutdown FollowerState
datanode_3  | 2019-10-09 23:09:49,326 INFO server.RaftServerConfigKeys: raft.server.write.element-limit = 4096 (default)
scm_1       | 2019-10-09 23:10:44,512 INFO ipc.Server: Auth successful for dn/1ab9053a1e9c@EXAMPLE.COM (auth:KERBEROS)
kdc_1       | Generiting keytab
om_1        | 2019-10-09 23:10:45,996 INFO authorize.ServiceAuthorizationManager: Authorization successful for testuser/scm@EXAMPLE.COM (auth:KERBEROS) for protocol=interface org.apache.hadoop.ozone.om.protocol.OzoneManagerProtocol
s3g_1       | 	at org.jboss.weld.injection.InjectionContextImpl.run(InjectionContextImpl.java:48)
datanode_1  | 2019-10-09 23:09:48,432 INFO server.RaftServerConfigKeys: raft.server.write.element-limit = 4096 (default)
datanode_2  | 2019-10-09 23:09:49,586 INFO impl.RaftServerImpl: 425f4cb0-afbd-4be6-a77b-b8cb22415a66@group-67E9AE0FA814: changes role from  FOLLOWER to CANDIDATE at term 0 for changeToCandidate
datanode_3  | 2019-10-09 23:09:49,329 INFO server.RaftServerConfigKeys: raft.server.watch.timeout = 10s (default)
scm_1       | 2019-10-09 23:10:44,515 INFO authorize.ServiceAuthorizationManager: Authorization successful for dn/1ab9053a1e9c@EXAMPLE.COM (auth:KERBEROS) for protocol=interface org.apache.hadoop.ozone.protocol.StorageContainerDatanodeProtocol
kdc_1       | Authenticating as principal admin/admin with keytab /tmp/admin.keytab.
om_1        | 2019-10-09 23:10:48,555 INFO ipc.Server: Auth successful for testuser/scm@EXAMPLE.COM (auth:KERBEROS)
s3g_1       | 	at org.jboss.weld.injection.producer.ResourceInjector.inject(ResourceInjector.java:72)
datanode_1  | 2019-10-09 23:09:48,435 INFO server.RaftServerConfigKeys: raft.server.watch.timeout = 10s (default)
datanode_2  | 2019-10-09 23:09:49,586 INFO impl.RoleInfo: 425f4cb0-afbd-4be6-a77b-b8cb22415a66: start LeaderElection
scm_1       | 2019-10-09 23:11:03,830 INFO ipc.Server: Auth successful for dn/a4b36db65d7b@EXAMPLE.COM (auth:KERBEROS)
kdc_1       | WARNING: no policy specified for om/s3g@EXAMPLE.COM; defaulting to no policy
om_1        | 2019-10-09 23:10:48,565 INFO authorize.ServiceAuthorizationManager: Authorization successful for testuser/scm@EXAMPLE.COM (auth:KERBEROS) for protocol=interface org.apache.hadoop.ozone.om.protocol.OzoneManagerProtocol
s3g_1       | 	at org.jboss.weld.injection.producer.BasicInjectionTarget.inject(BasicInjectionTarget.java:117)
datanode_3  | 2019-10-09 23:09:49,329 INFO server.RaftServerConfigKeys: raft.server.watch.timeout.denomination = 1s (default)
datanode_1  | 2019-10-09 23:09:48,435 INFO server.RaftServerConfigKeys: raft.server.watch.timeout.denomination = 1s (default)
datanode_2  | 2019-10-09 23:09:49,603 INFO impl.LeaderElection: 425f4cb0-afbd-4be6-a77b-b8cb22415a66@group-67E9AE0FA814-LeaderElection2: begin an election at term 1 for -1: [425f4cb0-afbd-4be6-a77b-b8cb22415a66:172.18.0.9:9858, b7b1892f-4d48-43c1-8ad9-2a7706dedb7a:172.18.0.5:9858, 5c8ca5e1-71d9-427e-a337-f444cf49d7a3:172.18.0.8:9858], old=null
scm_1       | 2019-10-09 23:11:03,833 INFO authorize.ServiceAuthorizationManager: Authorization successful for dn/a4b36db65d7b@EXAMPLE.COM (auth:KERBEROS) for protocol=interface org.apache.hadoop.ozone.protocol.StorageContainerDatanodeProtocol
kdc_1       | Principal "om/s3g@EXAMPLE.COM" created.
om_1        | 2019-10-09 23:10:51,196 INFO ipc.Server: Auth successful for testuser/scm@EXAMPLE.COM (auth:KERBEROS)
s3g_1       | 	at org.glassfish.jersey.ext.cdi1x.internal.CdiComponentProvider$InjectionManagerInjectedCdiTarget.inject(CdiComponentProvider.java:873)
datanode_1  | 2019-10-09 23:09:48,436 INFO server.RaftServerConfigKeys: raft.server.watch.element-limit = 65536 (default)
datanode_3  | 2019-10-09 23:09:49,330 INFO server.RaftServerConfigKeys: raft.server.watch.element-limit = 65536 (default)
datanode_2  | 2019-10-09 23:09:49,799 INFO impl.LeaderElection: 425f4cb0-afbd-4be6-a77b-b8cb22415a66@group-67E9AE0FA814-LeaderElection2: Election REJECTED; received 2 response(s) [425f4cb0-afbd-4be6-a77b-b8cb22415a66<-b7b1892f-4d48-43c1-8ad9-2a7706dedb7a#0:FAIL-t1, 425f4cb0-afbd-4be6-a77b-b8cb22415a66<-5c8ca5e1-71d9-427e-a337-f444cf49d7a3#0:FAIL-t1] and 0 exception(s); 425f4cb0-afbd-4be6-a77b-b8cb22415a66@group-67E9AE0FA814:t1, leader=null, voted=425f4cb0-afbd-4be6-a77b-b8cb22415a66, raftlog=425f4cb0-afbd-4be6-a77b-b8cb22415a66@group-67E9AE0FA814-SegmentedRaftLog:OPENED:c-1,f-1,i0, conf=-1: [425f4cb0-afbd-4be6-a77b-b8cb22415a66:172.18.0.9:9858, b7b1892f-4d48-43c1-8ad9-2a7706dedb7a:172.18.0.5:9858, 5c8ca5e1-71d9-427e-a337-f444cf49d7a3:172.18.0.8:9858], old=null
scm_1       | 2019-10-09 23:11:06,976 INFO ipc.Server: Auth successful for dn/200010e22e25@EXAMPLE.COM (auth:KERBEROS)
kdc_1       | Authenticating as principal admin/admin with keytab /tmp/admin.keytab.
om_1        | 2019-10-09 23:10:51,206 INFO authorize.ServiceAuthorizationManager: Authorization successful for testuser/scm@EXAMPLE.COM (auth:KERBEROS) for protocol=interface org.apache.hadoop.ozone.om.protocol.OzoneManagerProtocol
datanode_1  | 2019-10-09 23:09:48,449 INFO impl.RoleInfo: b7b1892f-4d48-43c1-8ad9-2a7706dedb7a: start LeaderState
datanode_2  | 2019-10-09 23:09:49,800 INFO impl.RaftServerImpl: 425f4cb0-afbd-4be6-a77b-b8cb22415a66@group-67E9AE0FA814: changes role from CANDIDATE to FOLLOWER at term 1 for DISCOVERED_A_NEW_TERM
scm_1       | 2019-10-09 23:11:06,979 INFO authorize.ServiceAuthorizationManager: Authorization successful for dn/200010e22e25@EXAMPLE.COM (auth:KERBEROS) for protocol=interface org.apache.hadoop.ozone.protocol.StorageContainerDatanodeProtocol
s3g_1       | 	at org.jboss.weld.bean.ManagedBean.create(ManagedBean.java:159)
kdc_1       | Entry for principal om/s3g@EXAMPLE.COM with kvno 2, encryption type aes256-cts-hmac-sha1-96 added to keytab WRFILE:/data/om.s3g.keytab.
datanode_3  | 2019-10-09 23:09:49,340 INFO impl.RoleInfo: 5c8ca5e1-71d9-427e-a337-f444cf49d7a3: start LeaderState
om_1        | 2019-10-09 23:10:53,653 INFO ipc.Server: Auth successful for testuser/scm@EXAMPLE.COM (auth:KERBEROS)
datanode_1  | 2019-10-09 23:09:48,466 INFO segmented.SegmentedRaftLogWorker: b7b1892f-4d48-43c1-8ad9-2a7706dedb7a@group-8B4076BFCAC2-SegmentedRaftLogWorker: Starting segment from index:0
datanode_2  | 2019-10-09 23:09:49,800 INFO impl.RoleInfo: 425f4cb0-afbd-4be6-a77b-b8cb22415a66: shutdown LeaderElection
scm_1       | 2019-10-09 23:11:14,506 INFO ipc.Server: Auth successful for dn/1ab9053a1e9c@EXAMPLE.COM (auth:KERBEROS)
s3g_1       | 	at org.jboss.weld.context.unbound.DependentContextImpl.get(DependentContextImpl.java:70)
kdc_1       | Entry for principal om/s3g@EXAMPLE.COM with kvno 2, encryption type aes128-cts-hmac-sha1-96 added to keytab WRFILE:/data/om.s3g.keytab.
datanode_3  | 2019-10-09 23:09:49,358 INFO segmented.SegmentedRaftLogWorker: 5c8ca5e1-71d9-427e-a337-f444cf49d7a3@group-0F0285630996-SegmentedRaftLogWorker: Starting segment from index:0
om_1        | 2019-10-09 23:10:53,665 INFO authorize.ServiceAuthorizationManager: Authorization successful for testuser/scm@EXAMPLE.COM (auth:KERBEROS) for protocol=interface org.apache.hadoop.ozone.om.protocol.OzoneManagerProtocol
datanode_1  | 2019-10-09 23:09:48,475 INFO impl.RaftServerImpl: b7b1892f-4d48-43c1-8ad9-2a7706dedb7a@group-8B4076BFCAC2: set configuration 0: [b7b1892f-4d48-43c1-8ad9-2a7706dedb7a:172.18.0.5:9858], old=null at 0
datanode_2  | 2019-10-09 23:09:49,800 INFO impl.RoleInfo: 425f4cb0-afbd-4be6-a77b-b8cb22415a66: start FollowerState
s3g_1       | 	at org.jboss.weld.bean.ContextualInstanceStrategy$DefaultContextualInstanceStrategy.get(ContextualInstanceStrategy.java:100)
scm_1       | 2019-10-09 23:11:14,508 INFO authorize.ServiceAuthorizationManager: Authorization successful for dn/1ab9053a1e9c@EXAMPLE.COM (auth:KERBEROS) for protocol=interface org.apache.hadoop.ozone.protocol.StorageContainerDatanodeProtocol
kdc_1       | Generiting keytab
datanode_3  | 2019-10-09 23:09:49,366 INFO impl.RaftServerImpl: 5c8ca5e1-71d9-427e-a337-f444cf49d7a3@group-0F0285630996: set configuration 0: [5c8ca5e1-71d9-427e-a337-f444cf49d7a3:172.18.0.8:9858], old=null at 0
om_1        | 2019-10-09 23:10:56,145 INFO ipc.Server: Auth successful for testuser/scm@EXAMPLE.COM (auth:KERBEROS)
datanode_1  | 2019-10-09 23:09:48,568 INFO segmented.SegmentedRaftLogWorker: b7b1892f-4d48-43c1-8ad9-2a7706dedb7a@group-8B4076BFCAC2-SegmentedRaftLogWorker: created new log segment /data/metadata/ratis/6dfd8d12-4ae8-43fc-97e2-8b4076bfcac2/current/log_inprogress_0
datanode_2  | 2019-10-09 23:09:54,897 INFO impl.RaftServerImpl: 425f4cb0-afbd-4be6-a77b-b8cb22415a66@group-67E9AE0FA814: changes role from  FOLLOWER to FOLLOWER at term 2 for recognizeCandidate:5c8ca5e1-71d9-427e-a337-f444cf49d7a3
s3g_1       | 	at org.jboss.weld.bean.ContextualInstance.get(ContextualInstance.java:50)
scm_1       | 2019-10-09 23:11:33,813 INFO ipc.Server: Auth successful for dn/a4b36db65d7b@EXAMPLE.COM (auth:KERBEROS)
kdc_1       | Authenticating as principal admin/admin with keytab /tmp/admin.keytab.
datanode_3  | 2019-10-09 23:09:49,471 INFO segmented.SegmentedRaftLogWorker: 5c8ca5e1-71d9-427e-a337-f444cf49d7a3@group-0F0285630996-SegmentedRaftLogWorker: created new log segment /data/metadata/ratis/516df804-133b-4053-bfe1-0f0285630996/current/log_inprogress_0
om_1        | 2019-10-09 23:10:56,156 INFO authorize.ServiceAuthorizationManager: Authorization successful for testuser/scm@EXAMPLE.COM (auth:KERBEROS) for protocol=interface org.apache.hadoop.ozone.om.protocol.OzoneManagerProtocol
datanode_1  | 2019-10-09 23:09:49,676 INFO impl.FollowerState: b7b1892f-4d48-43c1-8ad9-2a7706dedb7a@group-67E9AE0FA814-FollowerState: change to CANDIDATE, lastRpcTime:5186ms, electionTimeout:5186ms
datanode_2  | 2019-10-09 23:09:54,897 INFO impl.RoleInfo: 425f4cb0-afbd-4be6-a77b-b8cb22415a66: shutdown FollowerState
s3g_1       | 	at org.jboss.weld.manager.BeanManagerImpl.getReference(BeanManagerImpl.java:785)
scm_1       | 2019-10-09 23:11:33,816 INFO authorize.ServiceAuthorizationManager: Authorization successful for dn/a4b36db65d7b@EXAMPLE.COM (auth:KERBEROS) for protocol=interface org.apache.hadoop.ozone.protocol.StorageContainerDatanodeProtocol
kdc_1       | WARNING: no policy specified for om/200010e22e25@EXAMPLE.COM; defaulting to no policy
om_1        | 2019-10-09 23:10:58,670 INFO ipc.Server: Auth successful for testuser/scm@EXAMPLE.COM (auth:KERBEROS)
datanode_1  | 2019-10-09 23:09:49,677 INFO impl.RoleInfo: b7b1892f-4d48-43c1-8ad9-2a7706dedb7a: shutdown FollowerState
datanode_3  | 2019-10-09 23:09:49,598 INFO impl.FollowerState: 5c8ca5e1-71d9-427e-a337-f444cf49d7a3@group-67E9AE0FA814-FollowerState: change to CANDIDATE, lastRpcTime:5127ms, electionTimeout:5127ms
datanode_2  | 2019-10-09 23:09:54,897 INFO impl.RoleInfo: 425f4cb0-afbd-4be6-a77b-b8cb22415a66: start FollowerState
s3g_1       | 	at org.jboss.weld.manager.BeanManagerImpl.getReference(BeanManagerImpl.java:808)
scm_1       | 2019-10-09 23:11:36,984 INFO ipc.Server: Auth successful for dn/200010e22e25@EXAMPLE.COM (auth:KERBEROS)
kdc_1       | Principal "om/200010e22e25@EXAMPLE.COM" created.
datanode_2  | 2019-10-09 23:09:54,897 INFO impl.FollowerState: 425f4cb0-afbd-4be6-a77b-b8cb22415a66@group-67E9AE0FA814-FollowerState was interrupted: java.lang.InterruptedException: sleep interrupted
datanode_1  | 2019-10-09 23:09:49,677 INFO impl.RaftServerImpl: b7b1892f-4d48-43c1-8ad9-2a7706dedb7a@group-67E9AE0FA814: changes role from  FOLLOWER to CANDIDATE at term 0 for changeToCandidate
datanode_3  | 2019-10-09 23:09:49,599 INFO impl.RoleInfo: 5c8ca5e1-71d9-427e-a337-f444cf49d7a3: shutdown FollowerState
om_1        | 2019-10-09 23:10:58,681 INFO authorize.ServiceAuthorizationManager: Authorization successful for testuser/scm@EXAMPLE.COM (auth:KERBEROS) for protocol=interface org.apache.hadoop.ozone.om.protocol.OzoneManagerProtocol
scm_1       | 2019-10-09 23:11:36,987 INFO authorize.ServiceAuthorizationManager: Authorization successful for dn/200010e22e25@EXAMPLE.COM (auth:KERBEROS) for protocol=interface org.apache.hadoop.ozone.protocol.StorageContainerDatanodeProtocol
s3g_1       | 	at org.jboss.weld.util.ForwardingBeanManager.getReference(ForwardingBeanManager.java:61)
kdc_1       | Authenticating as principal admin/admin with keytab /tmp/admin.keytab.
datanode_2  | 2019-10-09 23:09:55,002 INFO impl.RaftServerImpl: 425f4cb0-afbd-4be6-a77b-b8cb22415a66@group-67E9AE0FA814: change Leader from null to 5c8ca5e1-71d9-427e-a337-f444cf49d7a3 at term 2 for appendEntries, leader elected after 10519ms
om_1        | 2019-10-09 23:11:01,364 INFO ipc.Server: Auth successful for testuser/scm@EXAMPLE.COM (auth:KERBEROS)
scm_1       | 2019-10-09 23:11:42,671 INFO ipc.Server: Auth successful for om/om@EXAMPLE.COM (auth:KERBEROS)
datanode_1  | 2019-10-09 23:09:49,677 INFO impl.RoleInfo: b7b1892f-4d48-43c1-8ad9-2a7706dedb7a: start LeaderElection
kdc_1       | Entry for principal om/200010e22e25@EXAMPLE.COM with kvno 2, encryption type aes256-cts-hmac-sha1-96 added to keytab WRFILE:/data/om.200010e22e25.keytab.
datanode_3  | 2019-10-09 23:09:49,599 INFO impl.RaftServerImpl: 5c8ca5e1-71d9-427e-a337-f444cf49d7a3@group-67E9AE0FA814: changes role from  FOLLOWER to CANDIDATE at term 0 for changeToCandidate
s3g_1       | 	at org.jboss.weld.bean.builtin.BeanManagerProxy.getReference(BeanManagerProxy.java:85)
datanode_2  | 2019-10-09 23:09:55,018 INFO impl.RaftServerImpl: 425f4cb0-afbd-4be6-a77b-b8cb22415a66@group-67E9AE0FA814: set configuration 0: [425f4cb0-afbd-4be6-a77b-b8cb22415a66:172.18.0.9:9858, b7b1892f-4d48-43c1-8ad9-2a7706dedb7a:172.18.0.5:9858, 5c8ca5e1-71d9-427e-a337-f444cf49d7a3:172.18.0.8:9858], old=null at 0
om_1        | 2019-10-09 23:11:01,377 INFO authorize.ServiceAuthorizationManager: Authorization successful for testuser/scm@EXAMPLE.COM (auth:KERBEROS) for protocol=interface org.apache.hadoop.ozone.om.protocol.OzoneManagerProtocol
scm_1       | 2019-10-09 23:11:42,674 INFO authorize.ServiceAuthorizationManager: Authorization successful for om/om@EXAMPLE.COM (auth:KERBEROS) for protocol=interface org.apache.hadoop.hdds.scm.protocol.ScmBlockLocationProtocol
datanode_1  | 2019-10-09 23:09:49,709 INFO impl.LeaderElection: b7b1892f-4d48-43c1-8ad9-2a7706dedb7a@group-67E9AE0FA814-LeaderElection2: begin an election at term 1 for -1: [425f4cb0-afbd-4be6-a77b-b8cb22415a66:172.18.0.9:9858, b7b1892f-4d48-43c1-8ad9-2a7706dedb7a:172.18.0.5:9858, 5c8ca5e1-71d9-427e-a337-f444cf49d7a3:172.18.0.8:9858], old=null
datanode_3  | 2019-10-09 23:09:49,599 INFO impl.RoleInfo: 5c8ca5e1-71d9-427e-a337-f444cf49d7a3: start LeaderElection
s3g_1       | 	at org.glassfish.jersey.ext.cdi1x.internal.CdiUtil.getBeanReference(CdiUtil.java:151)
datanode_2  | 2019-10-09 23:09:55,018 INFO segmented.SegmentedRaftLogWorker: 425f4cb0-afbd-4be6-a77b-b8cb22415a66@group-67E9AE0FA814-SegmentedRaftLogWorker: Starting segment from index:0
kdc_1       | Entry for principal om/200010e22e25@EXAMPLE.COM with kvno 2, encryption type aes128-cts-hmac-sha1-96 added to keytab WRFILE:/data/om.200010e22e25.keytab.
om_1        | 2019-10-09 23:11:02,118 [IPC Server handler 13 on 9862] INFO       - created volume:14339-rpcwoport2 for user:testuser/scm@EXAMPLE.COM
scm_1       | 2019-10-09 23:11:42,682 INFO server.SCMBlockProtocolServer: SCM is informed by OM to delete 1 blocks
datanode_1  | 2019-10-09 23:09:49,906 INFO impl.LeaderElection: b7b1892f-4d48-43c1-8ad9-2a7706dedb7a@group-67E9AE0FA814-LeaderElection2: Election REJECTED; received 2 response(s) [b7b1892f-4d48-43c1-8ad9-2a7706dedb7a<-425f4cb0-afbd-4be6-a77b-b8cb22415a66#0:FAIL-t1, b7b1892f-4d48-43c1-8ad9-2a7706dedb7a<-5c8ca5e1-71d9-427e-a337-f444cf49d7a3#0:FAIL-t1] and 0 exception(s); b7b1892f-4d48-43c1-8ad9-2a7706dedb7a@group-67E9AE0FA814:t1, leader=null, voted=b7b1892f-4d48-43c1-8ad9-2a7706dedb7a, raftlog=b7b1892f-4d48-43c1-8ad9-2a7706dedb7a@group-67E9AE0FA814-SegmentedRaftLog:OPENED:c-1,f-1,i0, conf=-1: [425f4cb0-afbd-4be6-a77b-b8cb22415a66:172.18.0.9:9858, b7b1892f-4d48-43c1-8ad9-2a7706dedb7a:172.18.0.5:9858, 5c8ca5e1-71d9-427e-a337-f444cf49d7a3:172.18.0.8:9858], old=null
datanode_3  | 2019-10-09 23:09:49,605 INFO impl.LeaderElection: 5c8ca5e1-71d9-427e-a337-f444cf49d7a3@group-67E9AE0FA814-LeaderElection2: begin an election at term 1 for -1: [425f4cb0-afbd-4be6-a77b-b8cb22415a66:172.18.0.9:9858, b7b1892f-4d48-43c1-8ad9-2a7706dedb7a:172.18.0.5:9858, 5c8ca5e1-71d9-427e-a337-f444cf49d7a3:172.18.0.8:9858], old=null
s3g_1       | 	at org.glassfish.jersey.ext.cdi1x.internal.AbstractCdiBeanSupplier$1.getInstance(AbstractCdiBeanSupplier.java:93)
kdc_1       | Generiting keytab
datanode_2  | 2019-10-09 23:09:55,055 INFO segmented.SegmentedRaftLogWorker: 425f4cb0-afbd-4be6-a77b-b8cb22415a66@group-67E9AE0FA814-SegmentedRaftLogWorker: created new log segment /data/metadata/ratis/dbdbe8de-f0d5-4cbe-8710-67e9ae0fa814/current/log_inprogress_0
om_1        | 2019-10-09 23:11:03,964 INFO ipc.Server: Auth successful for testuser/scm@EXAMPLE.COM (auth:KERBEROS)
scm_1       | 2019-10-09 23:11:42,683 INFO block.BlockManagerImpl: Deleting blocks conID: 4 locID: 102934946473246845 bcsId: 0
datanode_1  | 2019-10-09 23:09:49,907 INFO impl.RaftServerImpl: b7b1892f-4d48-43c1-8ad9-2a7706dedb7a@group-67E9AE0FA814: changes role from CANDIDATE to FOLLOWER at term 1 for DISCOVERED_A_NEW_TERM
datanode_3  | 2019-10-09 23:09:49,790 INFO impl.LeaderElection: 5c8ca5e1-71d9-427e-a337-f444cf49d7a3@group-67E9AE0FA814-LeaderElection2: Election REJECTED; received 2 response(s) [5c8ca5e1-71d9-427e-a337-f444cf49d7a3<-425f4cb0-afbd-4be6-a77b-b8cb22415a66#0:FAIL-t1, 5c8ca5e1-71d9-427e-a337-f444cf49d7a3<-b7b1892f-4d48-43c1-8ad9-2a7706dedb7a#0:FAIL-t1] and 0 exception(s); 5c8ca5e1-71d9-427e-a337-f444cf49d7a3@group-67E9AE0FA814:t1, leader=null, voted=5c8ca5e1-71d9-427e-a337-f444cf49d7a3, raftlog=5c8ca5e1-71d9-427e-a337-f444cf49d7a3@group-67E9AE0FA814-SegmentedRaftLog:OPENED:c-1,f-1,i0, conf=-1: [425f4cb0-afbd-4be6-a77b-b8cb22415a66:172.18.0.9:9858, b7b1892f-4d48-43c1-8ad9-2a7706dedb7a:172.18.0.5:9858, 5c8ca5e1-71d9-427e-a337-f444cf49d7a3:172.18.0.8:9858], old=null
s3g_1       | 	at org.glassfish.jersey.ext.cdi1x.internal.AbstractCdiBeanSupplier._provide(AbstractCdiBeanSupplier.java:127)
kdc_1       | Authenticating as principal admin/admin with keytab /tmp/admin.keytab.
datanode_2  | 2019-10-09 23:10:02,785 INFO client.DNCertificateClient: Getting certificate with certSerialId:11009336598280347.
om_1        | 2019-10-09 23:11:03,974 INFO authorize.ServiceAuthorizationManager: Authorization successful for testuser/scm@EXAMPLE.COM (auth:KERBEROS) for protocol=interface org.apache.hadoop.ozone.om.protocol.OzoneManagerProtocol
scm_1       | 2019-10-09 23:11:44,347 INFO ipc.Server: Auth successful for dn/a4b36db65d7b@EXAMPLE.COM (auth:KERBEROS)
datanode_1  | 2019-10-09 23:09:49,908 INFO impl.RoleInfo: b7b1892f-4d48-43c1-8ad9-2a7706dedb7a: shutdown LeaderElection
datanode_3  | 2019-10-09 23:09:49,794 INFO impl.RaftServerImpl: 5c8ca5e1-71d9-427e-a337-f444cf49d7a3@group-67E9AE0FA814: changes role from CANDIDATE to FOLLOWER at term 1 for DISCOVERED_A_NEW_TERM
s3g_1       | 	at org.glassfish.jersey.ext.cdi1x.internal.RequestScopedCdiBeanSupplier.get(RequestScopedCdiBeanSupplier.java:70)
kdc_1       | WARNING: no policy specified for HTTP/om@EXAMPLE.COM; defaulting to no policy
datanode_2  | 2019-10-09 23:11:44,875 WARN client.GrpcClientProtocolService: 0-OrderedRequestStreamObserver0: onError: org.apache.ratis.thirdparty.io.grpc.StatusRuntimeException: CANCELLED: cancelled before receiving half close
om_1        | 2019-10-09 23:11:06,512 INFO ipc.Server: Auth successful for testuser/scm@EXAMPLE.COM (auth:KERBEROS)
scm_1       | 2019-10-09 23:11:44,351 INFO authorize.ServiceAuthorizationManager: Authorization successful for dn/a4b36db65d7b@EXAMPLE.COM (auth:KERBEROS) for protocol=interface org.apache.hadoop.ozone.protocol.StorageContainerDatanodeProtocol
datanode_1  | 2019-10-09 23:09:49,908 INFO impl.RoleInfo: b7b1892f-4d48-43c1-8ad9-2a7706dedb7a: start FollowerState
datanode_3  | 2019-10-09 23:09:49,794 INFO impl.RoleInfo: 5c8ca5e1-71d9-427e-a337-f444cf49d7a3: shutdown LeaderElection
s3g_1       | 	at org.glassfish.jersey.inject.hk2.InstanceSupplierFactoryBridge.provide(InstanceSupplierFactoryBridge.java:77)
kdc_1       | Principal "HTTP/om@EXAMPLE.COM" created.
datanode_2  | 2019-10-09 23:19:42,816 WARN client.GrpcClientProtocolService: 7-OrderedRequestStreamObserver7: onError: org.apache.ratis.thirdparty.io.grpc.StatusRuntimeException: CANCELLED: cancelled before receiving half close
om_1        | 2019-10-09 23:11:06,522 INFO authorize.ServiceAuthorizationManager: Authorization successful for testuser/scm@EXAMPLE.COM (auth:KERBEROS) for protocol=interface org.apache.hadoop.ozone.om.protocol.OzoneManagerProtocol
scm_1       | 2019-10-09 23:11:44,509 INFO ipc.Server: Auth successful for dn/1ab9053a1e9c@EXAMPLE.COM (auth:KERBEROS)
datanode_1  | 2019-10-09 23:09:54,897 INFO impl.RaftServerImpl: b7b1892f-4d48-43c1-8ad9-2a7706dedb7a@group-67E9AE0FA814: changes role from  FOLLOWER to FOLLOWER at term 2 for recognizeCandidate:5c8ca5e1-71d9-427e-a337-f444cf49d7a3
datanode_3  | 2019-10-09 23:09:49,795 INFO impl.RoleInfo: 5c8ca5e1-71d9-427e-a337-f444cf49d7a3: start FollowerState
s3g_1       | 	at org.jvnet.hk2.internal.FactoryCreator.create(FactoryCreator.java:153)
kdc_1       | Authenticating as principal admin/admin with keytab /tmp/admin.keytab.
om_1        | 2019-10-09 23:11:08,983 INFO ipc.Server: Auth successful for testuser/scm@EXAMPLE.COM (auth:KERBEROS)
datanode_1  | 2019-10-09 23:09:54,897 INFO impl.RoleInfo: b7b1892f-4d48-43c1-8ad9-2a7706dedb7a: shutdown FollowerState
s3g_1       | 	at org.jvnet.hk2.internal.SystemDescriptor.create(SystemDescriptor.java:487)
datanode_3  | 2019-10-09 23:09:54,834 INFO impl.FollowerState: 5c8ca5e1-71d9-427e-a337-f444cf49d7a3@group-67E9AE0FA814-FollowerState: change to CANDIDATE, lastRpcTime:5039ms, electionTimeout:5038ms
kdc_1       | Entry for principal HTTP/om@EXAMPLE.COM with kvno 2, encryption type aes256-cts-hmac-sha1-96 added to keytab WRFILE:/data/HTTP.om.keytab.
scm_1       | 2019-10-09 23:11:44,512 INFO authorize.ServiceAuthorizationManager: Authorization successful for dn/1ab9053a1e9c@EXAMPLE.COM (auth:KERBEROS) for protocol=interface org.apache.hadoop.ozone.protocol.StorageContainerDatanodeProtocol
datanode_1  | 2019-10-09 23:09:54,898 INFO impl.RoleInfo: b7b1892f-4d48-43c1-8ad9-2a7706dedb7a: start FollowerState
om_1        | 2019-10-09 23:11:08,993 INFO authorize.ServiceAuthorizationManager: Authorization successful for testuser/scm@EXAMPLE.COM (auth:KERBEROS) for protocol=interface org.apache.hadoop.ozone.om.protocol.OzoneManagerProtocol
s3g_1       | 	at org.jvnet.hk2.internal.PerLookupContext.findOrCreate(PerLookupContext.java:70)
datanode_3  | 2019-10-09 23:09:54,835 INFO impl.RoleInfo: 5c8ca5e1-71d9-427e-a337-f444cf49d7a3: shutdown FollowerState
kdc_1       | Entry for principal HTTP/om@EXAMPLE.COM with kvno 2, encryption type aes128-cts-hmac-sha1-96 added to keytab WRFILE:/data/HTTP.om.keytab.
scm_1       | 2019-10-09 23:12:06,978 INFO ipc.Server: Auth successful for dn/200010e22e25@EXAMPLE.COM (auth:KERBEROS)
datanode_1  | 2019-10-09 23:09:54,898 INFO impl.FollowerState: b7b1892f-4d48-43c1-8ad9-2a7706dedb7a@group-67E9AE0FA814-FollowerState was interrupted: java.lang.InterruptedException: sleep interrupted
om_1        | 2019-10-09 23:11:11,465 INFO ipc.Server: Auth successful for testuser/scm@EXAMPLE.COM (auth:KERBEROS)
s3g_1       | 	at org.jvnet.hk2.internal.Utilities.createService(Utilities.java:2126)
datanode_3  | 2019-10-09 23:09:54,835 INFO impl.RaftServerImpl: 5c8ca5e1-71d9-427e-a337-f444cf49d7a3@group-67E9AE0FA814: changes role from  FOLLOWER to CANDIDATE at term 1 for changeToCandidate
kdc_1       | Generiting keytab
scm_1       | 2019-10-09 23:12:06,982 INFO authorize.ServiceAuthorizationManager: Authorization successful for dn/200010e22e25@EXAMPLE.COM (auth:KERBEROS) for protocol=interface org.apache.hadoop.ozone.protocol.StorageContainerDatanodeProtocol
datanode_1  | 2019-10-09 23:09:55,003 INFO impl.RaftServerImpl: b7b1892f-4d48-43c1-8ad9-2a7706dedb7a@group-67E9AE0FA814: change Leader from null to 5c8ca5e1-71d9-427e-a337-f444cf49d7a3 at term 2 for appendEntries, leader elected after 10521ms
s3g_1       | 	at org.jvnet.hk2.internal.ServiceLocatorImpl.internalGetService(ServiceLocatorImpl.java:777)
om_1        | 2019-10-09 23:11:11,476 INFO authorize.ServiceAuthorizationManager: Authorization successful for testuser/scm@EXAMPLE.COM (auth:KERBEROS) for protocol=interface org.apache.hadoop.ozone.om.protocol.OzoneManagerProtocol
datanode_3  | 2019-10-09 23:09:54,835 INFO impl.RoleInfo: 5c8ca5e1-71d9-427e-a337-f444cf49d7a3: start LeaderElection
kdc_1       | Authenticating as principal admin/admin with keytab /tmp/admin.keytab.
scm_1       | 2019-10-09 23:12:14,350 INFO ipc.Server: Auth successful for dn/a4b36db65d7b@EXAMPLE.COM (auth:KERBEROS)
datanode_1  | 2019-10-09 23:09:55,019 INFO impl.RaftServerImpl: b7b1892f-4d48-43c1-8ad9-2a7706dedb7a@group-67E9AE0FA814: set configuration 0: [425f4cb0-afbd-4be6-a77b-b8cb22415a66:172.18.0.9:9858, b7b1892f-4d48-43c1-8ad9-2a7706dedb7a:172.18.0.5:9858, 5c8ca5e1-71d9-427e-a337-f444cf49d7a3:172.18.0.8:9858], old=null at 0
s3g_1       | 	at org.jvnet.hk2.internal.ServiceLocatorImpl.internalGetService(ServiceLocatorImpl.java:740)
om_1        | 2019-10-09 23:11:13,862 INFO ipc.Server: Auth successful for testuser/scm@EXAMPLE.COM (auth:KERBEROS)
kdc_1       | WARNING: no policy specified for om/1ab9053a1e9c@EXAMPLE.COM; defaulting to no policy
datanode_3  | 2019-10-09 23:09:54,869 INFO impl.LeaderElection: 5c8ca5e1-71d9-427e-a337-f444cf49d7a3@group-67E9AE0FA814-LeaderElection3: begin an election at term 2 for -1: [425f4cb0-afbd-4be6-a77b-b8cb22415a66:172.18.0.9:9858, b7b1892f-4d48-43c1-8ad9-2a7706dedb7a:172.18.0.5:9858, 5c8ca5e1-71d9-427e-a337-f444cf49d7a3:172.18.0.8:9858], old=null
datanode_1  | 2019-10-09 23:09:55,019 INFO segmented.SegmentedRaftLogWorker: b7b1892f-4d48-43c1-8ad9-2a7706dedb7a@group-67E9AE0FA814-SegmentedRaftLogWorker: Starting segment from index:0
s3g_1       | 	at org.jvnet.hk2.internal.ServiceLocatorImpl.getService(ServiceLocatorImpl.java:710)
om_1        | 2019-10-09 23:11:13,873 INFO authorize.ServiceAuthorizationManager: Authorization successful for testuser/scm@EXAMPLE.COM (auth:KERBEROS) for protocol=interface org.apache.hadoop.ozone.om.protocol.OzoneManagerProtocol
kdc_1       | Principal "om/1ab9053a1e9c@EXAMPLE.COM" created.
datanode_3  | 2019-10-09 23:09:54,926 INFO impl.LeaderElection: 5c8ca5e1-71d9-427e-a337-f444cf49d7a3@group-67E9AE0FA814-LeaderElection3: Election PASSED; received 1 response(s) [5c8ca5e1-71d9-427e-a337-f444cf49d7a3<-b7b1892f-4d48-43c1-8ad9-2a7706dedb7a#0:OK-t2] and 0 exception(s); 5c8ca5e1-71d9-427e-a337-f444cf49d7a3@group-67E9AE0FA814:t2, leader=null, voted=5c8ca5e1-71d9-427e-a337-f444cf49d7a3, raftlog=5c8ca5e1-71d9-427e-a337-f444cf49d7a3@group-67E9AE0FA814-SegmentedRaftLog:OPENED:c-1,f-1,i0, conf=-1: [425f4cb0-afbd-4be6-a77b-b8cb22415a66:172.18.0.9:9858, b7b1892f-4d48-43c1-8ad9-2a7706dedb7a:172.18.0.5:9858, 5c8ca5e1-71d9-427e-a337-f444cf49d7a3:172.18.0.8:9858], old=null
scm_1       | 2019-10-09 23:12:14,353 INFO authorize.ServiceAuthorizationManager: Authorization successful for dn/a4b36db65d7b@EXAMPLE.COM (auth:KERBEROS) for protocol=interface org.apache.hadoop.ozone.protocol.StorageContainerDatanodeProtocol
datanode_1  | 2019-10-09 23:09:55,055 INFO segmented.SegmentedRaftLogWorker: b7b1892f-4d48-43c1-8ad9-2a7706dedb7a@group-67E9AE0FA814-SegmentedRaftLogWorker: created new log segment /data/metadata/ratis/dbdbe8de-f0d5-4cbe-8710-67e9ae0fa814/current/log_inprogress_0
s3g_1       | 	at org.glassfish.jersey.inject.hk2.AbstractHk2InjectionManager.getInstance(AbstractHk2InjectionManager.java:184)
om_1        | 2019-10-09 23:11:16,281 INFO ipc.Server: Auth successful for testuser/scm@EXAMPLE.COM (auth:KERBEROS)
kdc_1       | Authenticating as principal admin/admin with keytab /tmp/admin.keytab.
scm_1       | 2019-10-09 23:12:14,510 INFO ipc.Server: Auth successful for dn/1ab9053a1e9c@EXAMPLE.COM (auth:KERBEROS)
datanode_3  | 2019-10-09 23:09:54,927 INFO impl.RoleInfo: 5c8ca5e1-71d9-427e-a337-f444cf49d7a3: shutdown LeaderElection
datanode_1  | 2019-10-09 23:10:36,674 INFO client.DNCertificateClient: Getting certificate with certSerialId:11009336598280347.
s3g_1       | 	at org.glassfish.jersey.inject.hk2.ImmediateHk2InjectionManager.getInstance(ImmediateHk2InjectionManager.java:54)
om_1        | 2019-10-09 23:11:16,292 INFO authorize.ServiceAuthorizationManager: Authorization successful for testuser/scm@EXAMPLE.COM (auth:KERBEROS) for protocol=interface org.apache.hadoop.ozone.om.protocol.OzoneManagerProtocol
kdc_1       | Oct 09 23:09:26 kdc krb5kdc[9](info): AS_REQ (8 etypes {18 17 20 19 16 23 25 26}) 127.0.0.1: SERVER_NOT_FOUND: admin/admin@EXAMPLE.COM for kadmin/localhost@EXAMPLE.COM, Server not found in Kerberos database
scm_1       | 2019-10-09 23:12:14,513 INFO authorize.ServiceAuthorizationManager: Authorization successful for dn/1ab9053a1e9c@EXAMPLE.COM (auth:KERBEROS) for protocol=interface org.apache.hadoop.ozone.protocol.StorageContainerDatanodeProtocol
datanode_3  | 2019-10-09 23:09:54,927 INFO impl.RaftServerImpl: 5c8ca5e1-71d9-427e-a337-f444cf49d7a3@group-67E9AE0FA814: changes role from CANDIDATE to LEADER at term 2 for changeToLeader
s3g_1       | 	at org.glassfish.jersey.internal.inject.Injections.getOrCreate(Injections.java:129)
datanode_1  | 2019-10-09 23:10:37,575 WARN client.GrpcClientProtocolService: 0-OrderedRequestStreamObserver0: onError: org.apache.ratis.thirdparty.io.grpc.StatusRuntimeException: CANCELLED: cancelled before receiving half close
om_1        | 2019-10-09 23:11:18,783 INFO ipc.Server: Auth successful for testuser/scm@EXAMPLE.COM (auth:KERBEROS)
kdc_1       | Oct 09 23:09:26 kdc krb5kdc[9](info): AS_REQ (8 etypes {18 17 20 19 16 23 25 26}) 127.0.0.1: ISSUE: authtime 1570662566, etypes {rep=18 tkt=18 ses=18}, admin/admin@EXAMPLE.COM for kadmin/admin@EXAMPLE.COM
scm_1       | 2019-10-09 23:12:25,341 INFO ipc.Server: Auth successful for om/om@EXAMPLE.COM (auth:KERBEROS)
datanode_3  | 2019-10-09 23:09:54,928 INFO impl.RaftServerImpl: 5c8ca5e1-71d9-427e-a337-f444cf49d7a3@group-67E9AE0FA814: change Leader from null to 5c8ca5e1-71d9-427e-a337-f444cf49d7a3 at term 2 for becomeLeader, leader elected after 10469ms
s3g_1       | 	at org.glassfish.jersey.server.model.MethodHandler$ClassBasedMethodHandler.getInstance(MethodHandler.java:284)
datanode_1  | 2019-10-09 23:12:27,330 WARN client.GrpcClientProtocolService: 1-OrderedRequestStreamObserver1: onError: org.apache.ratis.thirdparty.io.grpc.StatusRuntimeException: CANCELLED: cancelled before receiving half close
om_1        | 2019-10-09 23:11:18,795 INFO authorize.ServiceAuthorizationManager: Authorization successful for testuser/scm@EXAMPLE.COM (auth:KERBEROS) for protocol=interface org.apache.hadoop.ozone.om.protocol.OzoneManagerProtocol
kdc_1       | Oct 09 23:09:26 kdc krb5kdc[9](info): AS_REQ (8 etypes {18 17 20 19 16 23 25 26}) 127.0.0.1: SERVER_NOT_FOUND: admin/admin@EXAMPLE.COM for kadmin/localhost@EXAMPLE.COM, Server not found in Kerberos database
scm_1       | 2019-10-09 23:12:25,344 INFO authorize.ServiceAuthorizationManager: Authorization successful for om/om@EXAMPLE.COM (auth:KERBEROS) for protocol=interface org.apache.hadoop.hdds.scm.protocol.ScmBlockLocationProtocol
datanode_3  | 2019-10-09 23:09:54,928 INFO server.RaftServerConfigKeys: raft.server.staging.catchup.gap = 1000 (default)
om_1        | 2019-10-09 23:11:21,402 INFO ipc.Server: Auth successful for testuser/scm@EXAMPLE.COM (auth:KERBEROS)
kdc_1       | Oct 09 23:09:26 kdc krb5kdc[9](info): AS_REQ (8 etypes {18 17 20 19 16 23 25 26}) 127.0.0.1: ISSUE: authtime 1570662566, etypes {rep=18 tkt=18 ses=18}, admin/admin@EXAMPLE.COM for kadmin/admin@EXAMPLE.COM
s3g_1       | 	at org.glassfish.jersey.server.internal.routing.PushMethodHandlerRouter.apply(PushMethodHandlerRouter.java:75)
datanode_1  | 2019-10-09 23:13:17,474 WARN client.GrpcClientProtocolService: 2-OrderedRequestStreamObserver2: onError: org.apache.ratis.thirdparty.io.grpc.StatusRuntimeException: CANCELLED: cancelled before receiving half close
scm_1       | 2019-10-09 23:12:26,760 INFO ipc.Server: Auth successful for dn/200010e22e25@EXAMPLE.COM (auth:KERBEROS)
datanode_3  | 2019-10-09 23:09:54,928 INFO server.RaftServerConfigKeys: raft.server.rpc.sleep.time = 25ms (default)
om_1        | 2019-10-09 23:11:21,415 INFO authorize.ServiceAuthorizationManager: Authorization successful for testuser/scm@EXAMPLE.COM (auth:KERBEROS) for protocol=interface org.apache.hadoop.ozone.om.protocol.OzoneManagerProtocol
s3g_1       | 	at org.glassfish.jersey.server.internal.routing.RoutingStage._apply(RoutingStage.java:110)
kdc_1       | Oct 09 23:09:26 kdc krb5kdc[9](info): AS_REQ (8 etypes {18 17 20 19 16 23 25 26}) 127.0.0.1: SERVER_NOT_FOUND: admin/admin@EXAMPLE.COM for kadmin/localhost@EXAMPLE.COM, Server not found in Kerberos daOct 09 23:09:26 kdc kadmind[15](Notice): Request: kadm5_init, admin/admin@EXAMPLE.COM, success, client=admin/admin@EXAMPLE.COM, service=kadmin/admin@EXAMPLE.COM, addr=127.0.0.1, vers=4, flavor=6
datanode_1  | 2019-10-09 23:14:46,285 WARN client.GrpcClientProtocolService: 3-OrderedRequestStreamObserver3: onError: org.apache.ratis.thirdparty.io.grpc.StatusRuntimeException: CANCELLED: cancelled before receiving half close
scm_1       | 2019-10-09 23:12:26,765 INFO authorize.ServiceAuthorizationManager: Authorization successful for dn/200010e22e25@EXAMPLE.COM (auth:KERBEROS) for protocol=interface org.apache.hadoop.ozone.protocol.StorageContainerDatanodeProtocol
datanode_3  | 2019-10-09 23:09:54,928 INFO server.RaftServerConfigKeys: raft.server.write.element-limit = 4096 (default)
om_1        | 2019-10-09 23:11:24,012 INFO ipc.Server: Auth successful for testuser/scm@EXAMPLE.COM (auth:KERBEROS)
kdc_1       | Oct 09 23:09:26 kdc kadmind[15](Notice): Request: kadm5_get_policy, default, Policy does not exist, client=admin/admin@EXAMPLE.COM, service=kadmin/admin@EXAMPLE.COM, addr=127.0.0.1
s3g_1       | 	at org.glassfish.jersey.server.internal.routing.RoutingStage._apply(RoutingStage.java:113)
datanode_3  | 2019-10-09 23:09:54,929 INFO server.RaftServerConfigKeys: raft.server.watch.timeout = 10s (default)
om_1        | 2019-10-09 23:11:24,022 INFO authorize.ServiceAuthorizationManager: Authorization successful for testuser/scm@EXAMPLE.COM (auth:KERBEROS) for protocol=interface org.apache.hadoop.ozone.om.protocol.OzoneManagerProtocol
scm_1       | 2019-10-09 23:12:44,349 INFO ipc.Server: Auth successful for dn/a4b36db65d7b@EXAMPLE.COM (auth:KERBEROS)
kdc_1       | Oct 09 23:09:26 kdc kadmind[15](Notice): Request: kadm5_create_principal, scm/74e7790a22a3@EXAMPLE.COM, success, client=admin/admin@EXAMPLE.COM, service=kadmin/admin@EXAMPLE.COM, addr=127.0.0.1
s3g_1       | 	at org.glassfish.jersey.server.internal.routing.RoutingStage._apply(RoutingStage.java:113)
datanode_3  | 2019-10-09 23:09:54,929 INFO server.RaftServerConfigKeys: raft.server.watch.timeout.denomination = 1s (default)
om_1        | 2019-10-09 23:11:26,536 INFO ipc.Server: Auth successful for testuser/scm@EXAMPLE.COM (auth:KERBEROS)
scm_1       | 2019-10-09 23:12:44,351 INFO authorize.ServiceAuthorizationManager: Authorization successful for dn/a4b36db65d7b@EXAMPLE.COM (auth:KERBEROS) for protocol=interface org.apache.hadoop.ozone.protocol.StorageContainerDatanodeProtocol
kdc_1       | Oct 09 23:09:26 kdc kadmind[15](info): closing down fd 18
s3g_1       | 	at org.glassfish.jersey.server.internal.routing.RoutingStage._apply(RoutingStage.java:113)
datanode_3  | 2019-10-09 23:09:54,929 INFO server.RaftServerConfigKeys: raft.server.watch.element-limit = 65536 (default)
om_1        | 2019-10-09 23:11:26,551 INFO authorize.ServiceAuthorizationManager: Authorization successful for testuser/scm@EXAMPLE.COM (auth:KERBEROS) for protocol=interface org.apache.hadoop.ozone.om.protocol.OzoneManagerProtocol
scm_1       | 2019-10-09 23:12:44,505 INFO ipc.Server: Auth successful for dn/1ab9053a1e9c@EXAMPLE.COM (auth:KERBEROS)
kdc_1       | Oct 09 23:09:26 kdc kadmind[15](Notice): Request: kadm5_init, admin/admin@EXAMPLE.COM, success, client=admin/admin@EXAMPLE.COM, service=kadmin/admin@EXAMPLE.COM, addr=127.0.0.1, vers=4, flavor=6
s3g_1       | 	at org.glassfish.jersey.server.internal.routing.RoutingStage.apply(RoutingStage.java:93)
datanode_3  | 2019-10-09 23:09:54,937 INFO server.RaftServerConfigKeys: raft.server.log.appender.snapshot.chunk.size.max = 16MB (=16777216) (default)
om_1        | 2019-10-09 23:11:27,146 [IPC Server handler 15 on 9862] ERROR      - Add acl [user:superuser1:rwxy[ACCESS]] to path /14339-rpcwoport2/bb1 failed, because acl already exist
scm_1       | 2019-10-09 23:12:44,508 INFO authorize.ServiceAuthorizationManager: Authorization successful for dn/1ab9053a1e9c@EXAMPLE.COM (auth:KERBEROS) for protocol=interface org.apache.hadoop.ozone.protocol.StorageContainerDatanodeProtocol
kdc_1       | Oct 09 23:09:26 kdc kadmind[15](Notice): Request: kadm5_randkey_principal, scm/74e7790a22a3@EXAMPLE.COM, success, client=admin/admin@EXAMPLE.COM, service=kadmin/admin@EXAMPLE.COM, addr=127.0.0.1
s3g_1       | 	at org.glassfish.jersey.server.internal.routing.RoutingStage.apply(RoutingStage.java:62)
datanode_3  | 2019-10-09 23:09:54,937 INFO server.RaftServerConfigKeys: raft.server.log.appender.buffer.byte-limit = 33554432 (custom)
om_1        | 2019-10-09 23:11:29,163 INFO ipc.Server: Auth successful for testuser/scm@EXAMPLE.COM (auth:KERBEROS)
kdc_1       | Oct 09tabase
scm_1       | 2019-10-09 23:12:56,773 INFO ipc.Server: Auth successful for dn/200010e22e25@EXAMPLE.COM (auth:KERBEROS)
s3g_1       | 	at org.glassfish.jersey.process.internal.Stages.process(Stages.java:197)
datanode_3  | 2019-10-09 23:09:54,937 INFO server.RaftServerConfigKeys: raft.server.log.appender.buffer.element-limit = 1 (custom)
om_1        | 2019-10-09 23:11:29,177 INFO authorize.ServiceAuthorizationManager: Authorization successful for testuser/scm@EXAMPLE.COM (auth:KERBEROS) for protocol=interface org.apache.hadoop.ozone.om.protocol.OzoneManagerProtocol
kdc_1       | Oct 09 23:09:26 kdc krb5kdc[9](info): AS_REQ (8 etypes {18 17 20 19 16 23 25 26}) 127.0.0.1: ISSUE: authtime 1570662566, etypes {rep=18 tkt=18 ses=18}, admin/admin@EXAMPLE.COM for kadmin/admin@EXAMPLE.COM
scm_1       | 2019-10-09 23:12:56,777 INFO authorize.ServiceAuthorizationManager: Authorization successful for dn/200010e22e25@EXAMPLE.COM (auth:KERBEROS) for protocol=interface org.apache.hadoop.ozone.protocol.StorageContainerDatanodeProtocol
datanode_3  | 2019-10-09 23:09:54,940 INFO grpc.GrpcConfigKeys$Server: raft.grpc.server.leader.outstanding.appends.max = 128 (default)
s3g_1       | 	at org.glassfish.jersey.server.ServerRuntime$1.run(ServerRuntime.java:269)
om_1        | 2019-10-09 23:11:31,904 INFO ipc.Server: Auth successful for testuser/scm@EXAMPLE.COM (auth:KERBEROS)
kdc_1       | Oct 09 23:09:26 kdc krb5kdc[9](info): AS_REQ (8 etypes {18 17 20 19 16 23 25 26}) 127.0.0.1: SERVER_NOT_FOUND: admin/admin@EXAMPLE.COM for kadmin/localhost@EXAMPLE.COM, Server not found in Kerberos database
scm_1       | 2019-10-09 23:13:14,349 INFO ipc.Server: Auth successful for dn/a4b36db65d7b@EXAMPLE.COM (auth:KERBEROS)
datanode_3  | 2019-10-09 23:09:54,941 INFO server.RaftServerConfigKeys: raft.server.rpc.request.timeout = 3000ms (default)
s3g_1       | 	at org.glassfish.jersey.internal.Errors$1.call(Errors.java:272)
kdc_1       | Oct 09 23:09:26 kdc krb5kdc[9](info): AS_REQ (8 etypes {18 17 20 19 16 23 25 26}) 127.0.0.1: ISSUE: authtime 1570662566, etypes {rep=18 tkt=18 ses=18}, admin/admin@EXAMPLE.COM for kadmin/admin@EXAMPLE.COM
scm_1       | 2019-10-09 23:13:14,351 INFO authorize.ServiceAuthorizationManager: Authorization successful for dn/a4b36db65d7b@EXAMPLE.COM (auth:KERBEROS) for protocol=interface org.apache.hadoop.ozone.protocol.StorageContainerDatanodeProtocol
om_1        | 2019-10-09 23:11:31,914 INFO authorize.ServiceAuthorizationManager: Authorization successful for testuser/scm@EXAMPLE.COM (auth:KERBEROS) for protocol=interface org.apache.hadoop.ozone.om.protocol.OzoneManagerProtocol
datanode_3  | 2019-10-09 23:09:54,941 INFO server.RaftServerConfigKeys: raft.server.log.appender.install.snapshot.enabled = false (custom)
s3g_1       | 	at org.glassfish.jersey.internal.Errors$1.call(Errors.java:268)
kdc_1       | Oct 09 23:09:26 kdc krb5kdc[9](info): AS_REQ (8 etypes {18 17 20 19 16 23 25 26}) 127.0.0.1: SERVER_NOT_FOUND: admin/admin@EXAMPLE.COM for kadmin/localhost@EXAMPLE.COM, Server not found in Kerberos database
scm_1       | 2019-10-09 23:13:14,508 INFO ipc.Server: Auth successful for dn/1ab9053a1e9c@EXAMPLE.COM (auth:KERBEROS)
om_1        | 2019-10-09 23:11:34,460 INFO ipc.Server: Auth successful for testuser/scm@EXAMPLE.COM (auth:KERBEROS)
s3g_1       | 	at org.glassfish.jersey.internal.Errors.process(Errors.java:316)
datanode_3  | 2019-10-09 23:09:54,941 INFO server.RaftServerConfigKeys: raft.server.log.appender.snapshot.chunk.size.max = 16MB (=16777216) (default)
kdc_1       | Oct 09 23:09:26 kdc krb5kdc[9](info): AS_REQ (8 etypes {18 17 20 19 16 23 25 26}) 127.0.0.1: ISSUE: authtime 1570662566, etypes {rep=18 tkt=18 ses=18}, admin/admin@EXAMPLE.COM for kadmin/admin@EXAMPLE.COM
scm_1       | 2019-10-09 23:13:14,510 INFO authorize.ServiceAuthorizationManager: Authorization successful for dn/1ab9053a1e9c@EXAMPLE.COM (auth:KERBEROS) for protocol=interface org.apache.hadoop.ozone.protocol.StorageContainerDatanodeProtocol
s3g_1       | 	at org.glassfish.jersey.internal.Errors.process(Errors.java:298)
datanode_3  | 2019-10-09 23:09:54,942 INFO server.RaftServerConfigKeys: raft.server.log.appender.buffer.byte-limit = 33554432 (custom)
kdc_1       | Oct 09 23:09:26 kdc krb5kdc[9](info): AS_REQ (8 etypes {18 17 20 19 16 23 25 26}) 127.0.0.1: SERVER_NOT_FOUND: admin/admin@EXAMPLE.COM for kadmin/localhost@EXAMPLE.COM, Server not found in Kerberos database
scm_1       | 2019-10-09 23:13:15,489 INFO ipc.Server: Auth successful for om/om@EXAMPLE.COM (auth:KERBEROS)
om_1        | 2019-10-09 23:11:34,469 INFO authorize.ServiceAuthorizationManager: Authorization successful for testuser/scm@EXAMPLE.COM (auth:KERBEROS) for protocol=interface org.apache.hadoop.ozone.om.protocol.OzoneManagerProtocol
s3g_1       | 	at org.glassfish.jersey.internal.Errors.process(Errors.java:268)
datanode_3  | 2019-10-09 23:09:54,942 INFO server.RaftServerConfigKeys: raft.server.log.appender.buffer.element-limit = 1 (custom)
kdc_1       | Oct 09 23:09:26 kdc krb5kdc[9](info): AS_REQ (8 etypes {18 17 20 19 16 23 25 26}) 127.0.0.1: ISSUE: authtime 1570662566, etypes {rep=18 tkt=18 ses=18}, admin/admin@EXAMPLE.COM for kadmin/admin@EXAMPLE.COM
scm_1       | 2019-10-09 23:13:15,491 INFO authorize.ServiceAuthorizationManager: Authorization successful for om/om@EXAMPLE.COM (auth:KERBEROS) for protocol=interface org.apache.hadoop.hdds.scm.protocol.ScmBlockLocationProtocol
om_1        | 2019-10-09 23:11:37,144 INFO ipc.Server: Auth successful for testuser/scm@EXAMPLE.COM (auth:KERBEROS)
datanode_3  | 2019-10-09 23:09:54,942 INFO grpc.GrpcConfigKeys$Server: raft.grpc.server.leader.outstanding.appends.max = 128 (default)
s3g_1       | 	at org.glassfish.jersey.process.internal.RequestScope.runInScope(RequestScope.java:289)
kdc_1       | Oct 09 23:09:26 kdc krb5kdc[9](info): AS_REQ (8 etypes {18 17 20 19 16 23 25 26}) 127.0.0.1: SERVER_NOT_FOUND: admin/admin@EXAMPLE.COM for kadmin/localhost@EXAMPLE.COM, Server not found in Kerberos database
scm_1       | 2019-10-09 23:13:16,907 INFO ipc.Server: Auth successful for dn/200010e22e25@EXAMPLE.COM (auth:KERBEROS)
om_1        | 2019-10-09 23:11:37,155 INFO authorize.ServiceAuthorizationManager: Authorization successful for testuser/scm@EXAMPLE.COM (auth:KERBEROS) for protocol=interface org.apache.hadoop.ozone.om.protocol.OzoneManagerProtocol
datanode_3  | 2019-10-09 23:09:54,942 INFO server.RaftServerConfigKeys: raft.server.rpc.request.timeout = 3000ms (default)
scm_1       | 2019-10-09 23:13:16,910 INFO authorize.ServiceAuthorizationManager: Authorization successful for dn/200010e22e25@EXAMPLE.COM (auth:KERBEROS) for protocol=interface org.apache.hadoop.ozone.protocol.StorageContainerDatanodeProtocol
om_1        | 2019-10-09 23:11:39,636 INFO ipc.Server: Auth successful for testuser/scm@EXAMPLE.COM (auth:KERBEROS)
s3g_1       | 	at org.glassfish.jersey.server.ServerRuntime.process(ServerRuntime.java:256)
kdc_1       | Oct 09 23:09:26 kdc krb5kdc[9](info): AS_REQ (8 etypes {18 17 20 19 16 23 25 26}) 127.0.0.1: ISSUE: authtime 1570662566, etypes {rep=18 tkt=18 ses=18}, admin/admin@EXAMPLE.COM for kadmin/admin@EXAMPLE.COM
datanode_3  | 2019-10-09 23:09:54,942 INFO server.RaftServerConfigKeys: raft.server.log.appender.install.snapshot.enabled = false (custom)
scm_1       | 2019-10-09 23:13:42,713 INFO ipc.Server: Auth successful for om/om@EXAMPLE.COM (auth:KERBEROS)
om_1        | 2019-10-09 23:11:39,646 INFO authorize.ServiceAuthorizationManager: Authorization successful for testuser/scm@EXAMPLE.COM (auth:KERBEROS) for protocol=interface org.apache.hadoop.ozone.om.protocol.OzoneManagerProtocol
s3g_1       | 	at org.glassfish.jersey.server.ApplicationHandler.handle(ApplicationHandler.java:703)
kdc_1       | Oct 09 23:09:26 kdc krb5kdc[9](info): AS_REQ (8 etypes {18 17 20 19 16 23 25 26}) 127.0.0.1: SERVER_NOT_FOUND: admin/admin@EXAMPLE.COM for kadmin/localhost@EXAMPLE.COM, Server not found in 23:09:26 kdc kadmind[15](Notice): Request: kadm5_get_principal, scm/74e7790a22a3@EXAMPLE.COM, success, client=admin/admin@EXAMPLE.COM, service=kadmin/admin@EXAMPLE.COM, addr=127.0.0.1
datanode_3  | 2019-10-09 23:09:54,944 INFO impl.RoleInfo: 5c8ca5e1-71d9-427e-a337-f444cf49d7a3: start LeaderState
scm_1       | 2019-10-09 23:13:42,715 INFO authorize.ServiceAuthorizationManager: Authorization successful for om/om@EXAMPLE.COM (auth:KERBEROS) for protocol=interface org.apache.hadoop.hdds.scm.protocol.ScmBlockLocationProtocol
om_1        | 2019-10-09 23:11:42,274 INFO ipc.Server: Auth successful for testuser/scm@EXAMPLE.COM (auth:KERBEROS)
s3g_1       | 	at org.glassfish.jersey.servlet.WebComponent.serviceImpl(WebComponent.java:416)
datanode_3  | 2019-10-09 23:09:54,945 INFO segmented.SegmentedRaftLogWorker: 5c8ca5e1-71d9-427e-a337-f444cf49d7a3@group-67E9AE0FA814-SegmentedRaftLogWorker: Starting segment from index:0
scm_1       | 2019-10-09 23:13:42,716 INFO server.SCMBlockProtocolServer: SCM is informed by OM to delete 2 blocks
om_1        | 2019-10-09 23:11:42,283 INFO authorize.ServiceAuthorizationManager: Authorization successful for testuser/scm@EXAMPLE.COM (auth:KERBEROS) for protocol=interface org.apache.hadoop.ozone.om.protocol.OzoneManagerProtocol
kdc_1       | Oct 09 23:09:26 kdc kadmind[15](info): closing down fd 18
s3g_1       | 	at org.glassfish.jersey.servlet.WebComponent.service(WebComponent.java:370)
datanode_3  | 2019-10-09 23:09:54,947 INFO impl.RaftServerImpl: 5c8ca5e1-71d9-427e-a337-f444cf49d7a3@group-67E9AE0FA814: set configuration 0: [425f4cb0-afbd-4be6-a77b-b8cb22415a66:172.18.0.9:9858, b7b1892f-4d48-43c1-8ad9-2a7706dedb7a:172.18.0.5:9858, 5c8ca5e1-71d9-427e-a337-f444cf49d7a3:172.18.0.8:9858], old=null at 0
scm_1       | 2019-10-09 23:13:42,717 INFO block.BlockManagerImpl: Deleting blocks conID: 7 locID: 102934956965363840 bcsId: 0
om_1        | 2019-10-09 23:11:46,688 INFO ipc.Server: Auth successful for testuser/scm@EXAMPLE.COM (auth:KERBEROS)
kdc_1       | Oct 09 23:09:26 kdc kadmind[15](Notice): Request: kadm5_init, admin/admin@EXAMPLE.COM, success, client=admin/admin@EXAMPLE.COM, service=kadmin/admin@EXAMPLE.COM, addr=127.0.0.1, vers=4, flavor=6
s3g_1       | 	at org.glassfish.jersey.servlet.ServletContainer.service(ServletContainer.java:389)
datanode_3  | 2019-10-09 23:09:54,995 INFO segmented.SegmentedRaftLogWorker: 5c8ca5e1-71d9-427e-a337-f444cf49d7a3@group-67E9AE0FA814-SegmentedRaftLogWorker: created new log segment /data/metadata/ratis/dbdbe8de-f0d5-4cbe-8710-67e9ae0fa814/current/log_inprogress_0
scm_1       | 2019-10-09 23:13:42,718 INFO block.BlockManagerImpl: Deleting blocks conID: 6 locID: 102934953678995583 bcsId: 0
kdc_1       | Oct 09 23:09:26 kdc kadmind[15](Notice): Request: kadm5_get_policy, default, Policy does not exist, client=admin/admin@EXAMPLE.COM, service=kadmin/admin@EXAMPLE.COM, addr=127.0.0.1
