datanode_2  | 2019-10-18 06:38:54,361 INFO server.RaftServerConfigKeys: raft.server.log.segment.size.max = 1048576 (custom)
om_1        | 2019-10-18 06:38:52,106 INFO http.HttpServer2: Added filter static_user_filter (class=org.apache.hadoop.http.lib.StaticUserWebFilter$StaticUserFilter) to context ozoneManager
scm_1       | 2019-10-18 06:38:48,046 INFO http.HttpServer2: Jetty bound to port 9876
datanode_3  | 2019-10-18 06:38:53,882 INFO server.RaftServerConfigKeys: raft.server.log.queue.byte-limit = 2147483647 (custom)
datanode_1  | 2019-10-18 06:38:52,422 INFO server.RaftServerConfigKeys: raft.server.log.purge.gap = 1000000 (custom)
datanode_2  | 2019-10-18 06:38:54,362 WARN impl.MetricsSystemImpl: HddsDatanode metrics system already initialized!
om_1        | 2019-10-18 06:38:52,106 INFO http.HttpServer2: Added filter static_user_filter (class=org.apache.hadoop.http.lib.StaticUserWebFilter$StaticUserFilter) to context logs
scm_1       | 2019-10-18 06:38:48,047 INFO server.Server: jetty-9.3.25.v20180904, build timestamp: 2018-09-04T21:11:46Z, git hash: 3ce520221d0240229c862b122d2b06c12a625732
datanode_3  | 2019-10-18 06:38:53,882 INFO server.RaftServerConfigKeys: raft.server.log.queue.element-limit = 1024 (custom)
datanode_2  | 2019-10-18 06:38:54,366 INFO metrics.MetricRegistries: Loaded MetricRegistries class org.apache.ratis.metrics.impl.MetricRegistriesImpl
scm_1       | 2019-10-18 06:38:48,100 INFO handler.ContextHandler: Started o.e.j.s.ServletContextHandler@6ae7deac{/logs,file:///var/log/hadoop/,AVAILABLE}
datanode_2  | 2019-10-18 06:38:54,398 INFO server.RaftServerConfigKeys: raft.server.log.segment.cache.num.max = 2 (custom)
om_1        | 2019-10-18 06:38:52,106 INFO http.HttpServer2: Added filter static_user_filter (class=org.apache.hadoop.http.lib.StaticUserWebFilter$StaticUserFilter) to context static
scm_1       | 2019-10-18 06:38:48,101 INFO handler.ContextHandler: Started o.e.j.s.ServletContextHandler@21fdfefc{/static,jar:file:/opt/hadoop/share/ozone/lib/hadoop-hdds-server-scm-0.5.0-SNAPSHOT.jar!/webapps/static,AVAILABLE}
datanode_1  | 2019-10-18 06:38:52,423 INFO server.RaftServerConfigKeys: raft.server.log.appender.buffer.byte-limit = 33554432 (custom)
datanode_3  | 2019-10-18 06:38:53,883 INFO server.RaftServerConfigKeys: raft.server.log.segment.size.max = 1048576 (custom)
datanode_2  | 2019-10-18 06:38:54,402 INFO segmented.SegmentedRaftLogWorker: new a684d79f-214b-40da-be7e-43e1d89d8a1b@group-CD7EDB16CD11-SegmentedRaftLogWorker for RaftStorage:Storage Directory /data/metadata/ratis/d8d5c99f-ab92-4a1a-8fee-cd7edb16cd11
om_1        | 2019-10-18 06:38:52,124 WARN server.BaseHttpServer: /prof java profiling servlet is activated. Not safe for production!
scm_1       | 2019-10-18 06:38:48,179 INFO handler.ContextHandler: Started o.e.j.w.WebAppContext@b606cb6{/,file:///tmp/jetty-0.0.0.0-9876-scm-_-any-13874345905287846228.dir/webapp/,AVAILABLE}{/scm}
datanode_1  | 2019-10-18 06:38:52,424 INFO server.RaftServerConfigKeys: raft.server.log.segment.size.max = 1048576 (custom)
datanode_3  | 2019-10-18 06:38:53,883 INFO server.RaftServerConfigKeys: raft.server.log.preallocated.size = 16384 (custom)
datanode_2  | 2019-10-18 06:38:54,403 INFO server.RaftServerConfigKeys: raft.server.log.queue.byte-limit = 2147483647 (custom)
om_1        | 2019-10-18 06:38:52,127 INFO http.HttpServer2: Jetty bound to port 9874
scm_1       | 2019-10-18 06:38:48,187 INFO server.AbstractConnector: Started ServerConnector@14b789f6{HTTP/1.1,[http/1.1]}{0.0.0.0:9876}
datanode_3  | 2019-10-18 06:38:53,884 INFO server.RaftServerConfigKeys: raft.server.log.write.buffer.size = 33554432 (custom)
datanode_1  | 2019-10-18 06:38:52,426 WARN impl.MetricsSystemImpl: HddsDatanode metrics system already initialized!
datanode_2  | 2019-10-18 06:38:54,403 INFO server.RaftServerConfigKeys: raft.server.log.queue.element-limit = 1024 (custom)
om_1        | 2019-10-18 06:38:52,128 INFO server.Server: jetty-9.3.25.v20180904, build timestamp: 2018-09-04T21:11:46Z, git hash: 3ce520221d0240229c862b122d2b06c12a625732
scm_1       | 2019-10-18 06:38:48,187 INFO server.Server: Started @3338ms
datanode_3  | 2019-10-18 06:38:53,884 INFO server.RaftServerConfigKeys: raft.server.log.force.sync.num = 128 (default)
datanode_1  | 2019-10-18 06:38:52,430 INFO metrics.MetricRegistries: Loaded MetricRegistries class org.apache.ratis.metrics.impl.MetricRegistriesImpl
datanode_2  | 2019-10-18 06:38:54,405 INFO server.RaftServerConfigKeys: raft.server.log.segment.size.max = 1048576 (custom)
om_1        | 2019-10-18 06:38:52,176 INFO handler.ContextHandler: Started o.e.j.s.ServletContextHandler@7ee8130e{/logs,file:///var/log/hadoop/,AVAILABLE}
scm_1       | 2019-10-18 06:38:48,190 INFO impl.MetricsSinkAdapter: Sink prometheus started
datanode_3  | 2019-10-18 06:38:53,885 INFO server.RaftServerConfigKeys: raft.server.log.statemachine.data.sync = true (default)
datanode_1  | 2019-10-18 06:38:52,472 INFO server.RaftServerConfigKeys: raft.server.log.segment.cache.num.max = 2 (custom)
datanode_2  | 2019-10-18 06:38:54,405 INFO server.RaftServerConfigKeys: raft.server.log.preallocated.size = 16384 (custom)
om_1        | 2019-10-18 06:38:52,177 INFO handler.ContextHandler: Started o.e.j.s.ServletContextHandler@79b2852b{/static,jar:file:/opt/hadoop/share/ozone/lib/hadoop-ozone-ozone-manager-0.5.0-SNAPSHOT.jar!/webapps/static,AVAILABLE}
scm_1       | 2019-10-18 06:38:48,190 INFO impl.MetricsSystemImpl: Registered sink prometheus
datanode_3  | 2019-10-18 06:38:53,885 INFO server.RaftServerConfigKeys: raft.server.log.statemachine.data.sync.timeout = 10s (default)
datanode_1  | 2019-10-18 06:38:52,478 INFO segmented.SegmentedRaftLogWorker: new e2fc6660-134c-4fda-abfb-c45df73ff2dd@group-5B1EF9795ECE-SegmentedRaftLogWorker for RaftStorage:Storage Directory /data/metadata/ratis/e6d188bc-a279-4677-91d8-5b1ef9795ece
datanode_2  | 2019-10-18 06:38:54,405 INFO server.RaftServerConfigKeys: raft.server.log.write.buffer.size = 33554432 (custom)
om_1        | 2019-10-18 06:38:52,281 INFO handler.ContextHandler: Started o.e.j.w.WebAppContext@2b5c4f17{/,file:///tmp/jetty-0.0.0.0-9874-ozoneManager-_-any-13882849129833914499.dir/webapp/,AVAILABLE}{/ozoneManager}
datanode_3  | 2019-10-18 06:38:53,885 INFO server.RaftServerConfigKeys: raft.server.log.statemachine.data.sync.timeout.retry = -1 (default)
datanode_1  | 2019-10-18 06:38:52,479 INFO server.RaftServerConfigKeys: raft.server.log.queue.byte-limit = 2147483647 (custom)
scm_1       | 2019-10-18 06:38:48,192 INFO server.BaseHttpServer: HTTP server of SCM is listening at http://0.0.0.0:9876
datanode_2  | 2019-10-18 06:38:54,406 INFO server.RaftServerConfigKeys: raft.server.log.force.sync.num = 128 (default)
om_1        | 2019-10-18 06:38:52,285 INFO server.AbstractConnector: Started ServerConnector@6848a051{HTTP/1.1,[http/1.1]}{0.0.0.0:9874}
datanode_3  | 2019-10-18 06:38:53,894 INFO server.RaftServerConfigKeys: raft.server.log.statemachine.data.caching.enabled = true (custom)
datanode_1  | 2019-10-18 06:38:52,479 INFO server.RaftServerConfigKeys: raft.server.log.queue.element-limit = 1024 (custom)
scm_1       | 2019-10-18 06:38:48,201 INFO util.JvmPauseMonitor: Starting JVM pause monitor
om_1        | 2019-10-18 06:38:52,285 INFO server.Server: Started @3726ms
datanode_3  | 2019-10-18 06:38:53,898 INFO segmented.SegmentedRaftLogWorker: 6b63f5e8-798a-49d5-a31c-55d095a7c7dd@group-B577202D0BCD-SegmentedRaftLogWorker: flushIndex: setUnconditionally 0 -> -1
datanode_1  | 2019-10-18 06:38:52,480 INFO server.RaftServerConfigKeys: raft.server.log.segment.size.max = 1048576 (custom)
datanode_2  | 2019-10-18 06:38:54,407 INFO server.RaftServerConfigKeys: raft.server.log.statemachine.data.sync = true (default)
scm_1       | 2019-10-18 06:38:51,377 INFO net.NetworkTopology: Added a new node: /default-rack/e2fc6660-134c-4fda-abfb-c45df73ff2dd
om_1        | 2019-10-18 06:38:52,288 INFO impl.MetricsSinkAdapter: Sink prometheus started
datanode_3  | 2019-10-18 06:38:53,902 INFO server.RaftServerConfigKeys: raft.server.snapshot.auto.trigger.enabled = true (custom)
datanode_1  | 2019-10-18 06:38:52,481 INFO server.RaftServerConfigKeys: raft.server.log.preallocated.size = 16384 (custom)
datanode_2  | 2019-10-18 06:38:54,407 INFO server.RaftServerConfigKeys: raft.server.log.statemachine.data.sync.timeout = 10s (default)
scm_1       | 2019-10-18 06:38:51,377 INFO node.SCMNodeManager: Registered Data node : e2fc6660-134c-4fda-abfb-c45df73ff2dd{ip: 172.18.0.4, host: ozone_datanode_1.ozone_default, networkLocation: /default-rack, certSerialId: null}
om_1        | 2019-10-18 06:38:52,288 INFO impl.MetricsSystemImpl: Registered sink prometheus
datanode_3  | 2019-10-18 06:38:53,903 INFO server.RaftServerConfigKeys: raft.server.snapshot.auto.trigger.threshold = 10000 (custom)
datanode_2  | 2019-10-18 06:38:54,407 INFO server.RaftServerConfigKeys: raft.server.log.statemachine.data.sync.timeout.retry = -1 (default)
datanode_1  | 2019-10-18 06:38:52,481 INFO server.RaftServerConfigKeys: raft.server.log.write.buffer.size = 33554432 (custom)
scm_1       | 2019-10-18 06:38:51,381 INFO safemode.SCMSafeModeManager: SCM in safe mode. 1 DataNodes registered, 1 required.
om_1        | 2019-10-18 06:38:52,290 INFO server.BaseHttpServer: HTTP server of OZONEMANAGER is listening at http://0.0.0.0:9874
datanode_3  | 2019-10-18 06:38:53,903 INFO server.RaftServerConfigKeys: raft.server.snapshot.retention.file.num = 5 (custom)
datanode_1  | 2019-10-18 06:38:52,482 INFO server.RaftServerConfigKeys: raft.server.log.force.sync.num = 128 (default)
datanode_2  | 2019-10-18 06:38:54,416 INFO server.RaftServerConfigKeys: raft.server.log.statemachine.data.caching.enabled = true (custom)
scm_1       | 2019-10-18 06:38:51,382 INFO safemode.SCMSafeModeManager: ScmSafeModeManager, all rules are successfully validated
om_1        | 2019-10-18 06:39:08,542 [IPC Server handler 6 on 9862] INFO       - created volume:vol-0-81983 for user:hadoop
datanode_3  | 2019-10-18 06:38:53,904 INFO server.RaftServerConfigKeys: raft.server.retrycache.expirytime = 600000ms (custom)
datanode_2  | 2019-10-18 06:38:54,419 INFO segmented.SegmentedRaftLogWorker: a684d79f-214b-40da-be7e-43e1d89d8a1b@group-CD7EDB16CD11-SegmentedRaftLogWorker: flushIndex: setUnconditionally 0 -> -1
scm_1       | 2019-10-18 06:38:51,382 INFO safemode.SCMSafeModeManager: SCM exiting safe mode.
datanode_3  | 2019-10-18 06:38:53,932 INFO impl.RaftServerImpl: 6b63f5e8-798a-49d5-a31c-55d095a7c7dd@group-B577202D0BCD: start as a follower, conf=-1: [6b63f5e8-798a-49d5-a31c-55d095a7c7dd:172.18.0.6:9858], old=null
om_1        | 2019-10-18 06:39:08,593 [IPC Server handler 2 on 9862] INFO       - created volume:vol-1-72062 for user:hadoop
datanode_2  | 2019-10-18 06:38:54,423 INFO server.RaftServerConfigKeys: raft.server.snapshot.auto.trigger.enabled = true (custom)
datanode_1  | 2019-10-18 06:38:52,482 INFO server.RaftServerConfigKeys: raft.server.log.statemachine.data.sync = true (default)
scm_1       | WARNING: An illegal reflective access operation has occurred
datanode_3  | 2019-10-18 06:38:53,933 INFO impl.RaftServerImpl: 6b63f5e8-798a-49d5-a31c-55d095a7c7dd@group-B577202D0BCD: changes role from      null to FOLLOWER at term 0 for startAsFollower
om_1        | 2019-10-18 06:39:08,603 [IPC Server handler 0 on 9862] INFO       - created volume:vol-2-35679 for user:hadoop
datanode_2  | 2019-10-18 06:38:54,424 INFO server.RaftServerConfigKeys: raft.server.snapshot.auto.trigger.threshold = 10000 (custom)
datanode_1  | 2019-10-18 06:38:52,483 INFO server.RaftServerConfigKeys: raft.server.log.statemachine.data.sync.timeout = 10s (default)
scm_1       | WARNING: Illegal reflective access by org.apache.ratis.thirdparty.com.google.protobuf.UnsafeUtil (file:/opt/hadoop/share/ozone/lib/ratis-thirdparty-misc-0.2.0.jar) to field java.nio.Buffer.address
datanode_3  | 2019-10-18 06:38:53,934 INFO impl.RoleInfo: 6b63f5e8-798a-49d5-a31c-55d095a7c7dd: start FollowerState
om_1        | 2019-10-18 06:39:08,613 [IPC Server handler 10 on 9862] INFO       - created volume:vol-3-32460 for user:hadoop
datanode_2  | 2019-10-18 06:38:54,424 INFO server.RaftServerConfigKeys: raft.server.snapshot.retention.file.num = 5 (custom)
datanode_1  | 2019-10-18 06:38:52,483 INFO server.RaftServerConfigKeys: raft.server.log.statemachine.data.sync.timeout.retry = -1 (default)
scm_1       | WARNING: Please consider reporting this to the maintainers of org.apache.ratis.thirdparty.com.google.protobuf.UnsafeUtil
datanode_3  | 2019-10-18 06:38:53,938 INFO util.JmxRegister: Successfully registered JMX Bean with object name Ratis:service=RaftServer,group=group-B577202D0BCD,id=6b63f5e8-798a-49d5-a31c-55d095a7c7dd
om_1        | 2019-10-18 06:39:08,621 [IPC Server handler 5 on 9862] INFO       - created volume:vol-4-71524 for user:hadoop
datanode_2  | 2019-10-18 06:38:54,425 INFO server.RaftServerConfigKeys: raft.server.retrycache.expirytime = 600000ms (custom)
datanode_1  | 2019-10-18 06:38:52,492 INFO server.RaftServerConfigKeys: raft.server.log.statemachine.data.caching.enabled = true (custom)
scm_1       | WARNING: Use --illegal-access=warn to enable warnings of further illegal reflective access operations
datanode_3  | 2019-10-18 06:38:54,123 INFO impl.FollowerState: 6b63f5e8-798a-49d5-a31c-55d095a7c7dd@group-B577202D0BCD-FollowerState: change to CANDIDATE, lastRpcTime:189ms, electionTimeout:188ms
om_1        | 2019-10-18 06:39:22,864 [IPC Server handler 14 on 9862] INFO       - created volume:vgtte for user:hadoop
datanode_2  | 2019-10-18 06:38:54,451 INFO impl.RaftServerImpl: a684d79f-214b-40da-be7e-43e1d89d8a1b@group-CD7EDB16CD11: start as a follower, conf=-1: [a684d79f-214b-40da-be7e-43e1d89d8a1b:172.18.0.5:9858], old=null
datanode_1  | 2019-10-18 06:38:52,496 INFO segmented.SegmentedRaftLogWorker: e2fc6660-134c-4fda-abfb-c45df73ff2dd@group-5B1EF9795ECE-SegmentedRaftLogWorker: flushIndex: setUnconditionally 0 -> -1
scm_1       | WARNING: All illegal access operations will be denied in a future release
datanode_3  | 2019-10-18 06:38:54,126 INFO impl.RoleInfo: 6b63f5e8-798a-49d5-a31c-55d095a7c7dd: shutdown FollowerState
datanode_2  | 2019-10-18 06:38:54,451 INFO impl.RaftServerImpl: a684d79f-214b-40da-be7e-43e1d89d8a1b@group-CD7EDB16CD11: changes role from      null to FOLLOWER at term 0 for startAsFollower
datanode_1  | 2019-10-18 06:38:52,503 INFO server.RaftServerConfigKeys: raft.server.snapshot.auto.trigger.enabled = true (custom)
scm_1       | 2019-10-18 06:38:52,704 INFO pipeline.PipelineStateManager: Created pipeline Pipeline[ Id: e6d188bc-a279-4677-91d8-5b1ef9795ece, Nodes: e2fc6660-134c-4fda-abfb-c45df73ff2dd{ip: 172.18.0.4, host: ozone_datanode_1.ozone_default, networkLocation: /default-rack, certSerialId: null}, Type:RATIS, Factor:ONE, State:OPEN]
datanode_3  | 2019-10-18 06:38:54,126 INFO impl.RaftServerImpl: 6b63f5e8-798a-49d5-a31c-55d095a7c7dd@group-B577202D0BCD: changes role from  FOLLOWER to CANDIDATE at term 0 for changeToCandidate
datanode_2  | 2019-10-18 06:38:54,452 INFO impl.RoleInfo: a684d79f-214b-40da-be7e-43e1d89d8a1b: start FollowerState
datanode_1  | 2019-10-18 06:38:52,504 INFO server.RaftServerConfigKeys: raft.server.snapshot.auto.trigger.threshold = 10000 (custom)
scm_1       | 2019-10-18 06:38:53,387 INFO net.NetworkTopology: Added a new node: /default-rack/6b63f5e8-798a-49d5-a31c-55d095a7c7dd
datanode_3  | 2019-10-18 06:38:54,131 INFO impl.RoleInfo: 6b63f5e8-798a-49d5-a31c-55d095a7c7dd: start LeaderElection
datanode_2  | 2019-10-18 06:38:54,455 INFO util.JmxRegister: Successfully registered JMX Bean with object name Ratis:service=RaftServer,group=group-CD7EDB16CD11,id=a684d79f-214b-40da-be7e-43e1d89d8a1b
datanode_1  | 2019-10-18 06:38:52,504 INFO server.RaftServerConfigKeys: raft.server.snapshot.retention.file.num = 5 (custom)
scm_1       | 2019-10-18 06:38:53,389 INFO node.SCMNodeManager: Registered Data node : 6b63f5e8-798a-49d5-a31c-55d095a7c7dd{ip: 172.18.0.6, host: ozone_datanode_3.ozone_default, networkLocation: /default-rack, certSerialId: null}
datanode_3  | 2019-10-18 06:38:54,146 INFO impl.LeaderElection: 6b63f5e8-798a-49d5-a31c-55d095a7c7dd@group-B577202D0BCD-LeaderElection1: begin an election at term 1 for -1: [6b63f5e8-798a-49d5-a31c-55d095a7c7dd:172.18.0.6:9858], old=null
datanode_2  | 2019-10-18 06:38:54,471 INFO impl.FollowerState: a684d79f-214b-40da-be7e-43e1d89d8a1b@group-CD7EDB16CD11-FollowerState: change to CANDIDATE, lastRpcTime:18ms, electionTimeout:18ms
datanode_1  | 2019-10-18 06:38:52,505 INFO server.RaftServerConfigKeys: raft.server.retrycache.expirytime = 600000ms (custom)
scm_1       | 2019-10-18 06:38:53,395 INFO net.NetworkTopology: Added a new node: /default-rack/a684d79f-214b-40da-be7e-43e1d89d8a1b
datanode_3  | 2019-10-18 06:38:54,148 INFO impl.RoleInfo: 6b63f5e8-798a-49d5-a31c-55d095a7c7dd: shutdown LeaderElection
datanode_1  | 2019-10-18 06:38:52,550 INFO impl.RaftServerImpl: e2fc6660-134c-4fda-abfb-c45df73ff2dd@group-5B1EF9795ECE: start as a follower, conf=-1: [e2fc6660-134c-4fda-abfb-c45df73ff2dd:172.18.0.4:9858], old=null
scm_1       | 2019-10-18 06:38:53,395 INFO node.SCMNodeManager: Registered Data node : a684d79f-214b-40da-be7e-43e1d89d8a1b{ip: 172.18.0.5, host: ozone_datanode_2.ozone_default, networkLocation: /default-rack, certSerialId: null}
datanode_2  | 2019-10-18 06:38:54,472 INFO impl.RoleInfo: a684d79f-214b-40da-be7e-43e1d89d8a1b: shutdown FollowerState
datanode_3  | 2019-10-18 06:38:54,149 INFO impl.RaftServerImpl: 6b63f5e8-798a-49d5-a31c-55d095a7c7dd@group-B577202D0BCD: changes role from CANDIDATE to LEADER at term 1 for changeToLeader
scm_1       | 2019-10-18 06:38:54,006 INFO pipeline.PipelineStateManager: Created pipeline Pipeline[ Id: 19c87db7-d053-4b6e-8801-b577202d0bcd, Nodes: 6b63f5e8-798a-49d5-a31c-55d095a7c7dd{ip: 172.18.0.6, host: ozone_datanode_3.ozone_default, networkLocation: /default-rack, certSerialId: null}, Type:RATIS, Factor:ONE, State:OPEN]
datanode_1  | 2019-10-18 06:38:52,551 INFO impl.RaftServerImpl: e2fc6660-134c-4fda-abfb-c45df73ff2dd@group-5B1EF9795ECE: changes role from      null to FOLLOWER at term 0 for startAsFollower
datanode_2  | 2019-10-18 06:38:54,472 INFO impl.RaftServerImpl: a684d79f-214b-40da-be7e-43e1d89d8a1b@group-CD7EDB16CD11: changes role from  FOLLOWER to CANDIDATE at term 0 for changeToCandidate
datanode_3  | 2019-10-18 06:38:54,149 INFO impl.RaftServerImpl: 6b63f5e8-798a-49d5-a31c-55d095a7c7dd@group-B577202D0BCD: change Leader from null to 6b63f5e8-798a-49d5-a31c-55d095a7c7dd at term 1 for becomeLeader, leader elected after 333ms
scm_1       | 2019-10-18 06:38:54,513 INFO pipeline.PipelineStateManager: Created pipeline Pipeline[ Id: d8d5c99f-ab92-4a1a-8fee-cd7edb16cd11, Nodes: a684d79f-214b-40da-be7e-43e1d89d8a1b{ip: 172.18.0.5, host: ozone_datanode_2.ozone_default, networkLocation: /default-rack, certSerialId: null}, Type:RATIS, Factor:ONE, State:OPEN]
datanode_1  | 2019-10-18 06:38:52,553 INFO impl.RoleInfo: e2fc6660-134c-4fda-abfb-c45df73ff2dd: start FollowerState
datanode_3  | 2019-10-18 06:38:54,155 INFO server.RaftServerConfigKeys: raft.server.staging.catchup.gap = 1000 (default)
scm_1       | 2019-10-18 06:38:54,636 INFO pipeline.PipelineStateManager: Created pipeline Pipeline[ Id: 01e01d0c-71e5-4722-b3f8-e2bef91f1fd2, Nodes: 6b63f5e8-798a-49d5-a31c-55d095a7c7dd{ip: 172.18.0.6, host: ozone_datanode_3.ozone_default, networkLocation: /default-rack, certSerialId: null}a684d79f-214b-40da-be7e-43e1d89d8a1b{ip: 172.18.0.5, host: ozone_datanode_2.ozone_default, networkLocation: /default-rack, certSerialId: null}e2fc6660-134c-4fda-abfb-c45df73ff2dd{ip: 172.18.0.4, host: ozone_datanode_1.ozone_default, networkLocation: /default-rack, certSerialId: null}, Type:RATIS, Factor:THREE, State:OPEN]
datanode_3  | 2019-10-18 06:38:54,155 INFO server.RaftServerConfigKeys: raft.server.rpc.sleep.time = 25ms (default)
datanode_1  | 2019-10-18 06:38:52,561 INFO util.JmxRegister: Successfully registered JMX Bean with object name Ratis:service=RaftServer,group=group-5B1EF9795ECE,id=e2fc6660-134c-4fda-abfb-c45df73ff2dd
datanode_2  | 2019-10-18 06:38:54,475 INFO impl.RoleInfo: a684d79f-214b-40da-be7e-43e1d89d8a1b: start LeaderElection
scm_1       | 2019-10-18 06:39:08,877 INFO pipeline.PipelineStateManager: Created pipeline Pipeline[ Id: 2626b2a3-4eae-439a-a321-395466a77cd7, Nodes: e2fc6660-134c-4fda-abfb-c45df73ff2dd{ip: 172.18.0.4, host: ozone_datanode_1.ozone_default, networkLocation: /default-rack, certSerialId: null}, Type:STAND_ALONE, Factor:ONE, State:OPEN]
datanode_3  | 2019-10-18 06:38:54,160 INFO server.RaftServerConfigKeys: raft.server.write.element-limit = 4096 (default)
datanode_1  | 2019-10-18 06:38:52,743 INFO impl.FollowerState: e2fc6660-134c-4fda-abfb-c45df73ff2dd@group-5B1EF9795ECE-FollowerState: change to CANDIDATE, lastRpcTime:190ms, electionTimeout:189ms
datanode_2  | 2019-10-18 06:38:54,491 INFO impl.LeaderElection: a684d79f-214b-40da-be7e-43e1d89d8a1b@group-CD7EDB16CD11-LeaderElection1: begin an election at term 1 for -1: [a684d79f-214b-40da-be7e-43e1d89d8a1b:172.18.0.5:9858], old=null
scm_1       | 2019-10-18 06:39:51,995 INFO server.SCMBlockProtocolServer: SCM is informed by OM to delete 2 blocks
datanode_3  | 2019-10-18 06:38:54,164 INFO server.RaftServerConfigKeys: raft.server.watch.timeout = 10s (default)
datanode_1  | 2019-10-18 06:38:52,746 INFO impl.RoleInfo: e2fc6660-134c-4fda-abfb-c45df73ff2dd: shutdown FollowerState
datanode_2  | 2019-10-18 06:38:54,492 INFO impl.RoleInfo: a684d79f-214b-40da-be7e-43e1d89d8a1b: shutdown LeaderElection
scm_1       | 2019-10-18 06:39:51,996 INFO block.BlockManagerImpl: Deleting blocks conID: 4 locID: 102982010098942077 bcsId: 0
datanode_3  | 2019-10-18 06:38:54,165 INFO server.RaftServerConfigKeys: raft.server.watch.timeout.denomination = 1s (default)
datanode_1  | 2019-10-18 06:38:52,746 INFO impl.RaftServerImpl: e2fc6660-134c-4fda-abfb-c45df73ff2dd@group-5B1EF9795ECE: changes role from  FOLLOWER to CANDIDATE at term 0 for changeToCandidate
scm_1       | 2019-10-18 06:39:52,003 INFO block.BlockManagerImpl: Deleting blocks conID: 5 locID: 102982010968801406 bcsId: 0
datanode_3  | 2019-10-18 06:38:54,166 INFO server.RaftServerConfigKeys: raft.server.watch.element-limit = 65536 (default)
datanode_1  | 2019-10-18 06:38:52,751 INFO impl.RoleInfo: e2fc6660-134c-4fda-abfb-c45df73ff2dd: start LeaderElection
datanode_2  | 2019-10-18 06:38:54,492 INFO impl.RaftServerImpl: a684d79f-214b-40da-be7e-43e1d89d8a1b@group-CD7EDB16CD11: changes role from CANDIDATE to LEADER at term 1 for changeToLeader
datanode_3  | 2019-10-18 06:38:54,186 INFO impl.RoleInfo: 6b63f5e8-798a-49d5-a31c-55d095a7c7dd: start LeaderState
datanode_1  | 2019-10-18 06:38:52,776 INFO impl.LeaderElection: e2fc6660-134c-4fda-abfb-c45df73ff2dd@group-5B1EF9795ECE-LeaderElection1: begin an election at term 1 for -1: [e2fc6660-134c-4fda-abfb-c45df73ff2dd:172.18.0.4:9858], old=null
datanode_2  | 2019-10-18 06:38:54,492 INFO impl.RaftServerImpl: a684d79f-214b-40da-be7e-43e1d89d8a1b@group-CD7EDB16CD11: change Leader from null to a684d79f-214b-40da-be7e-43e1d89d8a1b at term 1 for becomeLeader, leader elected after 139ms
datanode_1  | 2019-10-18 06:38:52,778 INFO impl.RoleInfo: e2fc6660-134c-4fda-abfb-c45df73ff2dd: shutdown LeaderElection
datanode_3  | 2019-10-18 06:38:54,219 INFO segmented.SegmentedRaftLogWorker: 6b63f5e8-798a-49d5-a31c-55d095a7c7dd@group-B577202D0BCD-SegmentedRaftLogWorker: Starting segment from index:0
datanode_2  | 2019-10-18 06:38:54,496 INFO server.RaftServerConfigKeys: raft.server.staging.catchup.gap = 1000 (default)
datanode_3  | 2019-10-18 06:38:54,227 INFO impl.RaftServerImpl: 6b63f5e8-798a-49d5-a31c-55d095a7c7dd@group-B577202D0BCD: set configuration 0: [6b63f5e8-798a-49d5-a31c-55d095a7c7dd:172.18.0.6:9858], old=null at 0
datanode_1  | 2019-10-18 06:38:52,779 INFO impl.RaftServerImpl: e2fc6660-134c-4fda-abfb-c45df73ff2dd@group-5B1EF9795ECE: changes role from CANDIDATE to LEADER at term 1 for changeToLeader
datanode_2  | 2019-10-18 06:38:54,496 INFO server.RaftServerConfigKeys: raft.server.rpc.sleep.time = 25ms (default)
datanode_3  | 2019-10-18 06:38:54,333 INFO segmented.SegmentedRaftLogWorker: 6b63f5e8-798a-49d5-a31c-55d095a7c7dd@group-B577202D0BCD-SegmentedRaftLogWorker: created new log segment /data/metadata/ratis/19c87db7-d053-4b6e-8801-b577202d0bcd/current/log_inprogress_0
datanode_1  | 2019-10-18 06:38:52,780 INFO impl.RaftServerImpl: e2fc6660-134c-4fda-abfb-c45df73ff2dd@group-5B1EF9795ECE: change Leader from null to e2fc6660-134c-4fda-abfb-c45df73ff2dd at term 1 for becomeLeader, leader elected after 363ms
datanode_2  | 2019-10-18 06:38:54,499 INFO server.RaftServerConfigKeys: raft.server.write.element-limit = 4096 (default)
datanode_3  | 2019-10-18 06:38:54,556 INFO impl.RaftServerProxy: 6b63f5e8-798a-49d5-a31c-55d095a7c7dd: addNew group-E2BEF91F1FD2:[a684d79f-214b-40da-be7e-43e1d89d8a1b:172.18.0.5:9858, 6b63f5e8-798a-49d5-a31c-55d095a7c7dd:172.18.0.6:9858, e2fc6660-134c-4fda-abfb-c45df73ff2dd:172.18.0.4:9858] returns group-E2BEF91F1FD2:java.util.concurrent.CompletableFuture@126dcf7e[Not completed]
datanode_1  | 2019-10-18 06:38:52,786 INFO server.RaftServerConfigKeys: raft.server.staging.catchup.gap = 1000 (default)
datanode_2  | 2019-10-18 06:38:54,504 INFO server.RaftServerConfigKeys: raft.server.watch.timeout = 10s (default)
datanode_3  | 2019-10-18 06:38:54,559 INFO impl.RaftServerImpl: 6b63f5e8-798a-49d5-a31c-55d095a7c7dd: new RaftServerImpl for group-E2BEF91F1FD2:[a684d79f-214b-40da-be7e-43e1d89d8a1b:172.18.0.5:9858, 6b63f5e8-798a-49d5-a31c-55d095a7c7dd:172.18.0.6:9858, e2fc6660-134c-4fda-abfb-c45df73ff2dd:172.18.0.4:9858] with ContainerStateMachine:uninitialized
datanode_1  | 2019-10-18 06:38:52,786 INFO server.RaftServerConfigKeys: raft.server.rpc.sleep.time = 25ms (default)
datanode_2  | 2019-10-18 06:38:54,504 INFO server.RaftServerConfigKeys: raft.server.watch.timeout.denomination = 1s (default)
datanode_1  | 2019-10-18 06:38:52,791 INFO server.RaftServerConfigKeys: raft.server.write.element-limit = 4096 (default)
datanode_3  | 2019-10-18 06:38:54,559 INFO server.RaftServerConfigKeys: raft.server.rpc.timeout.min = 5s (custom)
datanode_2  | 2019-10-18 06:38:54,505 INFO server.RaftServerConfigKeys: raft.server.watch.element-limit = 65536 (default)
datanode_1  | 2019-10-18 06:38:52,796 INFO server.RaftServerConfigKeys: raft.server.watch.timeout = 10s (default)
datanode_3  | 2019-10-18 06:38:54,559 INFO server.RaftServerConfigKeys: raft.server.rpc.timeout.max = 5200ms (custom)
datanode_1  | 2019-10-18 06:38:52,796 INFO server.RaftServerConfigKeys: raft.server.watch.timeout.denomination = 1s (default)
datanode_2  | 2019-10-18 06:38:54,518 INFO impl.RoleInfo: a684d79f-214b-40da-be7e-43e1d89d8a1b: start LeaderState
datanode_3  | 2019-10-18 06:38:54,559 INFO server.RaftServerConfigKeys: raft.server.rpcslowness.timeout = 120s (custom)
datanode_1  | 2019-10-18 06:38:52,798 INFO server.RaftServerConfigKeys: raft.server.watch.element-limit = 65536 (default)
datanode_2  | 2019-10-18 06:38:54,534 INFO segmented.SegmentedRaftLogWorker: a684d79f-214b-40da-be7e-43e1d89d8a1b@group-CD7EDB16CD11-SegmentedRaftLogWorker: Starting segment from index:0
datanode_1  | 2019-10-18 06:38:52,817 INFO impl.RoleInfo: e2fc6660-134c-4fda-abfb-c45df73ff2dd: start LeaderState
datanode_2  | 2019-10-18 06:38:54,543 INFO impl.RaftServerImpl: a684d79f-214b-40da-be7e-43e1d89d8a1b@group-CD7EDB16CD11: set configuration 0: [a684d79f-214b-40da-be7e-43e1d89d8a1b:172.18.0.5:9858], old=null at 0
datanode_1  | 2019-10-18 06:38:52,841 INFO segmented.SegmentedRaftLogWorker: e2fc6660-134c-4fda-abfb-c45df73ff2dd@group-5B1EF9795ECE-SegmentedRaftLogWorker: Starting segment from index:0
datanode_1  | 2019-10-18 06:38:52,852 INFO impl.RaftServerImpl: e2fc6660-134c-4fda-abfb-c45df73ff2dd@group-5B1EF9795ECE: set configuration 0: [e2fc6660-134c-4fda-abfb-c45df73ff2dd:172.18.0.4:9858], old=null at 0
datanode_3  | 2019-10-18 06:38:54,559 INFO server.RaftServerConfigKeys: raft.server.sleep.deviation.threshold = 300 (default)
datanode_2  | 2019-10-18 06:38:54,558 INFO impl.RaftServerProxy: a684d79f-214b-40da-be7e-43e1d89d8a1b: addNew group-E2BEF91F1FD2:[a684d79f-214b-40da-be7e-43e1d89d8a1b:172.18.0.5:9858, 6b63f5e8-798a-49d5-a31c-55d095a7c7dd:172.18.0.6:9858, e2fc6660-134c-4fda-abfb-c45df73ff2dd:172.18.0.4:9858] returns group-E2BEF91F1FD2:java.util.concurrent.CompletableFuture@3ddaeb0a[Not completed]
datanode_1  | 2019-10-18 06:38:52,969 INFO segmented.SegmentedRaftLogWorker: e2fc6660-134c-4fda-abfb-c45df73ff2dd@group-5B1EF9795ECE-SegmentedRaftLogWorker: created new log segment /data/metadata/ratis/e6d188bc-a279-4677-91d8-5b1ef9795ece/current/log_inprogress_0
datanode_2  | 2019-10-18 06:38:54,562 INFO impl.RaftServerImpl: a684d79f-214b-40da-be7e-43e1d89d8a1b: new RaftServerImpl for group-E2BEF91F1FD2:[a684d79f-214b-40da-be7e-43e1d89d8a1b:172.18.0.5:9858, 6b63f5e8-798a-49d5-a31c-55d095a7c7dd:172.18.0.6:9858, e2fc6660-134c-4fda-abfb-c45df73ff2dd:172.18.0.4:9858] with ContainerStateMachine:uninitialized
datanode_1  | 2019-10-18 06:38:54,570 INFO impl.RaftServerProxy: e2fc6660-134c-4fda-abfb-c45df73ff2dd: addNew group-E2BEF91F1FD2:[a684d79f-214b-40da-be7e-43e1d89d8a1b:172.18.0.5:9858, 6b63f5e8-798a-49d5-a31c-55d095a7c7dd:172.18.0.6:9858, e2fc6660-134c-4fda-abfb-c45df73ff2dd:172.18.0.4:9858] returns group-E2BEF91F1FD2:java.util.concurrent.CompletableFuture@74b5847a[Not completed]
datanode_2  | 2019-10-18 06:38:54,562 INFO server.RaftServerConfigKeys: raft.server.rpc.timeout.min = 5s (custom)
datanode_1  | 2019-10-18 06:38:54,574 INFO impl.RaftServerImpl: e2fc6660-134c-4fda-abfb-c45df73ff2dd: new RaftServerImpl for group-E2BEF91F1FD2:[a684d79f-214b-40da-be7e-43e1d89d8a1b:172.18.0.5:9858, 6b63f5e8-798a-49d5-a31c-55d095a7c7dd:172.18.0.6:9858, e2fc6660-134c-4fda-abfb-c45df73ff2dd:172.18.0.4:9858] with ContainerStateMachine:uninitialized
datanode_2  | 2019-10-18 06:38:54,562 INFO server.RaftServerConfigKeys: raft.server.rpc.timeout.max = 5200ms (custom)
datanode_1  | 2019-10-18 06:38:54,574 INFO server.RaftServerConfigKeys: raft.server.rpc.timeout.min = 5s (custom)
datanode_3  | 2019-10-18 06:38:54,559 INFO server.RaftServerConfigKeys: raft.server.log.appender.install.snapshot.enabled = false (custom)
datanode_2  | 2019-10-18 06:38:54,563 INFO server.RaftServerConfigKeys: raft.server.rpcslowness.timeout = 120s (custom)
datanode_1  | 2019-10-18 06:38:54,574 INFO server.RaftServerConfigKeys: raft.server.rpc.timeout.max = 5200ms (custom)
datanode_3  | 2019-10-18 06:38:54,560 INFO impl.RaftServerImpl: 6b63f5e8-798a-49d5-a31c-55d095a7c7dd@group-E2BEF91F1FD2: ConfigurationManager, init=-1: [a684d79f-214b-40da-be7e-43e1d89d8a1b:172.18.0.5:9858, 6b63f5e8-798a-49d5-a31c-55d095a7c7dd:172.18.0.6:9858, e2fc6660-134c-4fda-abfb-c45df73ff2dd:172.18.0.4:9858], old=null, confs=<EMPTY_MAP>
datanode_2  | 2019-10-18 06:38:54,563 INFO server.RaftServerConfigKeys: raft.server.sleep.deviation.threshold = 300 (default)
datanode_1  | 2019-10-18 06:38:54,574 INFO server.RaftServerConfigKeys: raft.server.rpcslowness.timeout = 120s (custom)
datanode_3  | 2019-10-18 06:38:54,560 INFO server.RaftServerConfigKeys: raft.server.storage.dir = [/data/metadata/ratis] (custom)
datanode_2  | 2019-10-18 06:38:54,563 INFO server.RaftServerConfigKeys: raft.server.log.appender.install.snapshot.enabled = false (custom)
datanode_1  | 2019-10-18 06:38:54,575 INFO server.RaftServerConfigKeys: raft.server.sleep.deviation.threshold = 300 (default)
datanode_3  | 2019-10-18 06:38:54,560 INFO server.RaftServerConfigKeys: raft.server.log.corruption.policy = EXCEPTION (default)
datanode_1  | 2019-10-18 06:38:54,575 INFO server.RaftServerConfigKeys: raft.server.log.appender.install.snapshot.enabled = false (custom)
datanode_3  | 2019-10-18 06:38:54,560 INFO storage.RaftStorageDirectory: The storage directory /data/metadata/ratis/01e01d0c-71e5-4722-b3f8-e2bef91f1fd2 does not exist. Creating ...
datanode_2  | 2019-10-18 06:38:54,563 INFO impl.RaftServerImpl: a684d79f-214b-40da-be7e-43e1d89d8a1b@group-E2BEF91F1FD2: ConfigurationManager, init=-1: [a684d79f-214b-40da-be7e-43e1d89d8a1b:172.18.0.5:9858, 6b63f5e8-798a-49d5-a31c-55d095a7c7dd:172.18.0.6:9858, e2fc6660-134c-4fda-abfb-c45df73ff2dd:172.18.0.4:9858], old=null, confs=<EMPTY_MAP>
datanode_3  | 2019-10-18 06:38:54,583 INFO storage.RaftStorageDirectory: Lock on /data/metadata/ratis/01e01d0c-71e5-4722-b3f8-e2bef91f1fd2/in_use.lock acquired by nodename 7@5ab27d40e136
datanode_3  | 2019-10-18 06:38:54,597 INFO storage.RaftStorage: Storage directory /data/metadata/ratis/01e01d0c-71e5-4722-b3f8-e2bef91f1fd2 has been successfully formatted.
datanode_1  | 2019-10-18 06:38:54,575 INFO impl.RaftServerImpl: e2fc6660-134c-4fda-abfb-c45df73ff2dd@group-E2BEF91F1FD2: ConfigurationManager, init=-1: [a684d79f-214b-40da-be7e-43e1d89d8a1b:172.18.0.5:9858, 6b63f5e8-798a-49d5-a31c-55d095a7c7dd:172.18.0.6:9858, e2fc6660-134c-4fda-abfb-c45df73ff2dd:172.18.0.4:9858], old=null, confs=<EMPTY_MAP>
datanode_3  | 2019-10-18 06:38:54,597 [pool-8-thread-1] INFO       - group-E2BEF91F1FD2: The snapshot info is null. Setting the last applied indexto:(t:0, i:~)
datanode_2  | 2019-10-18 06:38:54,563 INFO server.RaftServerConfigKeys: raft.server.storage.dir = [/data/metadata/ratis] (custom)
datanode_1  | 2019-10-18 06:38:54,575 INFO server.RaftServerConfigKeys: raft.server.storage.dir = [/data/metadata/ratis] (custom)
datanode_3  | 2019-10-18 06:38:54,597 INFO server.RaftServerConfigKeys: raft.server.notification.no-leader.timeout = 120s (custom)
datanode_2  | 2019-10-18 06:38:54,564 INFO server.RaftServerConfigKeys: raft.server.log.corruption.policy = EXCEPTION (default)
datanode_1  | 2019-10-18 06:38:54,575 INFO server.RaftServerConfigKeys: raft.server.log.corruption.policy = EXCEPTION (default)
datanode_3  | 2019-10-18 06:38:54,597 INFO server.RaftServerConfigKeys: raft.server.log.use.memory = false (default)
datanode_1  | 2019-10-18 06:38:54,575 INFO storage.RaftStorageDirectory: The storage directory /data/metadata/ratis/01e01d0c-71e5-4722-b3f8-e2bef91f1fd2 does not exist. Creating ...
datanode_3  | 2019-10-18 06:38:54,598 INFO server.RaftServerConfigKeys: raft.server.log.purge.gap = 1000000 (custom)
datanode_2  | 2019-10-18 06:38:54,564 INFO storage.RaftStorageDirectory: The storage directory /data/metadata/ratis/01e01d0c-71e5-4722-b3f8-e2bef91f1fd2 does not exist. Creating ...
datanode_3  | 2019-10-18 06:38:54,598 INFO server.RaftServerConfigKeys: raft.server.log.appender.buffer.byte-limit = 33554432 (custom)
datanode_1  | 2019-10-18 06:38:54,597 INFO storage.RaftStorageDirectory: Lock on /data/metadata/ratis/01e01d0c-71e5-4722-b3f8-e2bef91f1fd2/in_use.lock acquired by nodename 7@3e370dcff428
datanode_2  | 2019-10-18 06:38:54,583 INFO storage.RaftStorageDirectory: Lock on /data/metadata/ratis/01e01d0c-71e5-4722-b3f8-e2bef91f1fd2/in_use.lock acquired by nodename 7@aecc8c9148e0
datanode_3  | 2019-10-18 06:38:54,598 INFO server.RaftServerConfigKeys: raft.server.log.segment.size.max = 1048576 (custom)
datanode_1  | 2019-10-18 06:38:54,620 INFO storage.RaftStorage: Storage directory /data/metadata/ratis/01e01d0c-71e5-4722-b3f8-e2bef91f1fd2 has been successfully formatted.
datanode_3  | 2019-10-18 06:38:54,598 INFO server.RaftServerConfigKeys: raft.server.log.segment.cache.num.max = 2 (custom)
datanode_1  | 2019-10-18 06:38:54,621 [pool-8-thread-1] INFO       - group-E2BEF91F1FD2: The snapshot info is null. Setting the last applied indexto:(t:0, i:~)
datanode_2  | 2019-10-18 06:38:54,597 INFO storage.RaftStorage: Storage directory /data/metadata/ratis/01e01d0c-71e5-4722-b3f8-e2bef91f1fd2 has been successfully formatted.
datanode_3  | 2019-10-18 06:38:54,599 INFO segmented.SegmentedRaftLogWorker: new 6b63f5e8-798a-49d5-a31c-55d095a7c7dd@group-E2BEF91F1FD2-SegmentedRaftLogWorker for RaftStorage:Storage Directory /data/metadata/ratis/01e01d0c-71e5-4722-b3f8-e2bef91f1fd2
datanode_1  | 2019-10-18 06:38:54,621 INFO server.RaftServerConfigKeys: raft.server.notification.no-leader.timeout = 120s (custom)
datanode_2  | 2019-10-18 06:38:54,597 [pool-8-thread-1] INFO       - group-E2BEF91F1FD2: The snapshot info is null. Setting the last applied indexto:(t:0, i:~)
datanode_3  | 2019-10-18 06:38:54,599 INFO server.RaftServerConfigKeys: raft.server.log.queue.byte-limit = 2147483647 (custom)
datanode_1  | 2019-10-18 06:38:54,621 INFO server.RaftServerConfigKeys: raft.server.log.use.memory = false (default)
datanode_2  | 2019-10-18 06:38:54,597 INFO server.RaftServerConfigKeys: raft.server.notification.no-leader.timeout = 120s (custom)
datanode_3  | 2019-10-18 06:38:54,599 INFO server.RaftServerConfigKeys: raft.server.log.queue.element-limit = 1024 (custom)
datanode_1  | 2019-10-18 06:38:54,621 INFO server.RaftServerConfigKeys: raft.server.log.purge.gap = 1000000 (custom)
datanode_2  | 2019-10-18 06:38:54,597 INFO server.RaftServerConfigKeys: raft.server.log.use.memory = false (default)
datanode_3  | 2019-10-18 06:38:54,599 INFO server.RaftServerConfigKeys: raft.server.log.segment.size.max = 1048576 (custom)
datanode_1  | 2019-10-18 06:38:54,621 INFO server.RaftServerConfigKeys: raft.server.log.appender.buffer.byte-limit = 33554432 (custom)
datanode_2  | 2019-10-18 06:38:54,598 INFO server.RaftServerConfigKeys: raft.server.log.purge.gap = 1000000 (custom)
datanode_3  | 2019-10-18 06:38:54,599 INFO server.RaftServerConfigKeys: raft.server.log.preallocated.size = 16384 (custom)
datanode_1  | 2019-10-18 06:38:54,621 INFO server.RaftServerConfigKeys: raft.server.log.segment.size.max = 1048576 (custom)
datanode_2  | 2019-10-18 06:38:54,598 INFO server.RaftServerConfigKeys: raft.server.log.appender.buffer.byte-limit = 33554432 (custom)
datanode_3  | 2019-10-18 06:38:54,599 INFO server.RaftServerConfigKeys: raft.server.log.write.buffer.size = 33554432 (custom)
datanode_1  | 2019-10-18 06:38:54,622 INFO server.RaftServerConfigKeys: raft.server.log.segment.cache.num.max = 2 (custom)
datanode_2  | 2019-10-18 06:38:54,598 INFO server.RaftServerConfigKeys: raft.server.log.segment.size.max = 1048576 (custom)
datanode_3  | 2019-10-18 06:38:54,599 INFO server.RaftServerConfigKeys: raft.server.log.force.sync.num = 128 (default)
datanode_1  | 2019-10-18 06:38:54,622 INFO segmented.SegmentedRaftLogWorker: new e2fc6660-134c-4fda-abfb-c45df73ff2dd@group-E2BEF91F1FD2-SegmentedRaftLogWorker for RaftStorage:Storage Directory /data/metadata/ratis/01e01d0c-71e5-4722-b3f8-e2bef91f1fd2
datanode_2  | 2019-10-18 06:38:54,598 INFO server.RaftServerConfigKeys: raft.server.log.segment.cache.num.max = 2 (custom)
datanode_1  | 2019-10-18 06:38:54,622 INFO server.RaftServerConfigKeys: raft.server.log.queue.byte-limit = 2147483647 (custom)
datanode_3  | 2019-10-18 06:38:54,599 INFO server.RaftServerConfigKeys: raft.server.log.statemachine.data.sync = true (default)
datanode_2  | 2019-10-18 06:38:54,598 INFO segmented.SegmentedRaftLogWorker: new a684d79f-214b-40da-be7e-43e1d89d8a1b@group-E2BEF91F1FD2-SegmentedRaftLogWorker for RaftStorage:Storage Directory /data/metadata/ratis/01e01d0c-71e5-4722-b3f8-e2bef91f1fd2
datanode_1  | 2019-10-18 06:38:54,622 INFO server.RaftServerConfigKeys: raft.server.log.queue.element-limit = 1024 (custom)
datanode_3  | 2019-10-18 06:38:54,600 INFO server.RaftServerConfigKeys: raft.server.log.statemachine.data.sync.timeout = 10s (default)
datanode_1  | 2019-10-18 06:38:54,622 INFO server.RaftServerConfigKeys: raft.server.log.segment.size.max = 1048576 (custom)
datanode_3  | 2019-10-18 06:38:54,600 INFO server.RaftServerConfigKeys: raft.server.log.statemachine.data.sync.timeout.retry = -1 (default)
datanode_2  | 2019-10-18 06:38:54,598 INFO server.RaftServerConfigKeys: raft.server.log.queue.byte-limit = 2147483647 (custom)
datanode_1  | 2019-10-18 06:38:54,622 INFO server.RaftServerConfigKeys: raft.server.log.preallocated.size = 16384 (custom)
datanode_3  | 2019-10-18 06:38:54,600 INFO server.RaftServerConfigKeys: raft.server.log.statemachine.data.caching.enabled = true (custom)
datanode_2  | 2019-10-18 06:38:54,599 INFO server.RaftServerConfigKeys: raft.server.log.queue.element-limit = 1024 (custom)
datanode_1  | 2019-10-18 06:38:54,622 INFO server.RaftServerConfigKeys: raft.server.log.write.buffer.size = 33554432 (custom)
datanode_2  | 2019-10-18 06:38:54,599 INFO server.RaftServerConfigKeys: raft.server.log.segment.size.max = 1048576 (custom)
datanode_1  | 2019-10-18 06:38:54,622 INFO server.RaftServerConfigKeys: raft.server.log.force.sync.num = 128 (default)
datanode_3  | 2019-10-18 06:38:54,601 INFO segmented.SegmentedRaftLogWorker: 6b63f5e8-798a-49d5-a31c-55d095a7c7dd@group-E2BEF91F1FD2-SegmentedRaftLogWorker: flushIndex: setUnconditionally 0 -> -1
datanode_2  | 2019-10-18 06:38:54,599 INFO server.RaftServerConfigKeys: raft.server.log.preallocated.size = 16384 (custom)
datanode_3  | 2019-10-18 06:38:54,601 INFO server.RaftServerConfigKeys: raft.server.snapshot.auto.trigger.enabled = true (custom)
datanode_1  | 2019-10-18 06:38:54,622 INFO server.RaftServerConfigKeys: raft.server.log.statemachine.data.sync = true (default)
datanode_2  | 2019-10-18 06:38:54,599 INFO server.RaftServerConfigKeys: raft.server.log.write.buffer.size = 33554432 (custom)
datanode_3  | 2019-10-18 06:38:54,601 INFO server.RaftServerConfigKeys: raft.server.snapshot.auto.trigger.threshold = 10000 (custom)
datanode_1  | 2019-10-18 06:38:54,622 INFO server.RaftServerConfigKeys: raft.server.log.statemachine.data.sync.timeout = 10s (default)
datanode_2  | 2019-10-18 06:38:54,599 INFO server.RaftServerConfigKeys: raft.server.log.force.sync.num = 128 (default)
datanode_3  | 2019-10-18 06:38:54,601 INFO server.RaftServerConfigKeys: raft.server.snapshot.retention.file.num = 5 (custom)
datanode_1  | 2019-10-18 06:38:54,622 INFO server.RaftServerConfigKeys: raft.server.log.statemachine.data.sync.timeout.retry = -1 (default)
datanode_3  | 2019-10-18 06:38:54,602 INFO server.RaftServerConfigKeys: raft.server.retrycache.expirytime = 600000ms (custom)
datanode_2  | 2019-10-18 06:38:54,599 INFO server.RaftServerConfigKeys: raft.server.log.statemachine.data.sync = true (default)
datanode_1  | 2019-10-18 06:38:54,623 INFO server.RaftServerConfigKeys: raft.server.log.statemachine.data.caching.enabled = true (custom)
datanode_3  | 2019-10-18 06:38:54,605 INFO impl.RaftServerImpl: 6b63f5e8-798a-49d5-a31c-55d095a7c7dd@group-E2BEF91F1FD2: start as a follower, conf=-1: [a684d79f-214b-40da-be7e-43e1d89d8a1b:172.18.0.5:9858, 6b63f5e8-798a-49d5-a31c-55d095a7c7dd:172.18.0.6:9858, e2fc6660-134c-4fda-abfb-c45df73ff2dd:172.18.0.4:9858], old=null
datanode_2  | 2019-10-18 06:38:54,599 INFO server.RaftServerConfigKeys: raft.server.log.statemachine.data.sync.timeout = 10s (default)
datanode_1  | 2019-10-18 06:38:54,623 INFO segmented.SegmentedRaftLogWorker: e2fc6660-134c-4fda-abfb-c45df73ff2dd@group-E2BEF91F1FD2-SegmentedRaftLogWorker: flushIndex: setUnconditionally 0 -> -1
datanode_2  | 2019-10-18 06:38:54,600 INFO server.RaftServerConfigKeys: raft.server.log.statemachine.data.sync.timeout.retry = -1 (default)
datanode_1  | 2019-10-18 06:38:54,623 INFO server.RaftServerConfigKeys: raft.server.snapshot.auto.trigger.enabled = true (custom)
datanode_3  | 2019-10-18 06:38:54,605 INFO impl.RaftServerImpl: 6b63f5e8-798a-49d5-a31c-55d095a7c7dd@group-E2BEF91F1FD2: changes role from      null to FOLLOWER at term 0 for startAsFollower
datanode_2  | 2019-10-18 06:38:54,600 INFO server.RaftServerConfigKeys: raft.server.log.statemachine.data.caching.enabled = true (custom)
datanode_1  | 2019-10-18 06:38:54,624 INFO server.RaftServerConfigKeys: raft.server.snapshot.auto.trigger.threshold = 10000 (custom)
datanode_3  | 2019-10-18 06:38:54,605 INFO impl.RoleInfo: 6b63f5e8-798a-49d5-a31c-55d095a7c7dd: start FollowerState
datanode_2  | 2019-10-18 06:38:54,600 INFO segmented.SegmentedRaftLogWorker: a684d79f-214b-40da-be7e-43e1d89d8a1b@group-E2BEF91F1FD2-SegmentedRaftLogWorker: flushIndex: setUnconditionally 0 -> -1
datanode_1  | 2019-10-18 06:38:54,624 INFO server.RaftServerConfigKeys: raft.server.snapshot.retention.file.num = 5 (custom)
datanode_3  | 2019-10-18 06:38:54,605 INFO util.JmxRegister: Successfully registered JMX Bean with object name Ratis:service=RaftServer,group=group-E2BEF91F1FD2,id=6b63f5e8-798a-49d5-a31c-55d095a7c7dd
datanode_2  | 2019-10-18 06:38:54,601 INFO server.RaftServerConfigKeys: raft.server.snapshot.auto.trigger.enabled = true (custom)
datanode_3  | 2019-10-18 06:38:54,674 INFO impl.FollowerState: 6b63f5e8-798a-49d5-a31c-55d095a7c7dd@group-E2BEF91F1FD2-FollowerState: change to CANDIDATE, lastRpcTime:69ms, electionTimeout:69ms
datanode_1  | 2019-10-18 06:38:54,624 INFO server.RaftServerConfigKeys: raft.server.retrycache.expirytime = 600000ms (custom)
datanode_2  | 2019-10-18 06:38:54,601 INFO server.RaftServerConfigKeys: raft.server.snapshot.auto.trigger.threshold = 10000 (custom)
datanode_3  | 2019-10-18 06:38:54,675 INFO impl.RoleInfo: 6b63f5e8-798a-49d5-a31c-55d095a7c7dd: shutdown FollowerState
datanode_1  | 2019-10-18 06:38:54,627 INFO impl.RaftServerImpl: e2fc6660-134c-4fda-abfb-c45df73ff2dd@group-E2BEF91F1FD2: start as a follower, conf=-1: [a684d79f-214b-40da-be7e-43e1d89d8a1b:172.18.0.5:9858, 6b63f5e8-798a-49d5-a31c-55d095a7c7dd:172.18.0.6:9858, e2fc6660-134c-4fda-abfb-c45df73ff2dd:172.18.0.4:9858], old=null
datanode_2  | 2019-10-18 06:38:54,601 INFO server.RaftServerConfigKeys: raft.server.snapshot.retention.file.num = 5 (custom)
datanode_3  | 2019-10-18 06:38:54,675 INFO impl.RaftServerImpl: 6b63f5e8-798a-49d5-a31c-55d095a7c7dd@group-E2BEF91F1FD2: changes role from  FOLLOWER to CANDIDATE at term 0 for changeToCandidate
datanode_2  | 2019-10-18 06:38:54,602 INFO server.RaftServerConfigKeys: raft.server.retrycache.expirytime = 600000ms (custom)
datanode_1  | 2019-10-18 06:38:54,627 INFO impl.RaftServerImpl: e2fc6660-134c-4fda-abfb-c45df73ff2dd@group-E2BEF91F1FD2: changes role from      null to FOLLOWER at term 0 for startAsFollower
datanode_3  | 2019-10-18 06:38:54,675 INFO impl.RoleInfo: 6b63f5e8-798a-49d5-a31c-55d095a7c7dd: start LeaderElection
datanode_2  | 2019-10-18 06:38:54,605 INFO impl.RaftServerImpl: a684d79f-214b-40da-be7e-43e1d89d8a1b@group-E2BEF91F1FD2: start as a follower, conf=-1: [a684d79f-214b-40da-be7e-43e1d89d8a1b:172.18.0.5:9858, 6b63f5e8-798a-49d5-a31c-55d095a7c7dd:172.18.0.6:9858, e2fc6660-134c-4fda-abfb-c45df73ff2dd:172.18.0.4:9858], old=null
datanode_1  | 2019-10-18 06:38:54,627 INFO impl.RoleInfo: e2fc6660-134c-4fda-abfb-c45df73ff2dd: start FollowerState
datanode_2  | 2019-10-18 06:38:54,605 INFO impl.RaftServerImpl: a684d79f-214b-40da-be7e-43e1d89d8a1b@group-E2BEF91F1FD2: changes role from      null to FOLLOWER at term 0 for startAsFollower
datanode_1  | 2019-10-18 06:38:54,628 INFO util.JmxRegister: Successfully registered JMX Bean with object name Ratis:service=RaftServer,group=group-E2BEF91F1FD2,id=e2fc6660-134c-4fda-abfb-c45df73ff2dd
datanode_2  | 2019-10-18 06:38:54,605 INFO impl.RoleInfo: a684d79f-214b-40da-be7e-43e1d89d8a1b: start FollowerState
datanode_3  | 2019-10-18 06:38:54,697 INFO impl.LeaderElection: 6b63f5e8-798a-49d5-a31c-55d095a7c7dd@group-E2BEF91F1FD2-LeaderElection2: begin an election at term 1 for -1: [a684d79f-214b-40da-be7e-43e1d89d8a1b:172.18.0.5:9858, 6b63f5e8-798a-49d5-a31c-55d095a7c7dd:172.18.0.6:9858, e2fc6660-134c-4fda-abfb-c45df73ff2dd:172.18.0.4:9858], old=null
datanode_1  | 2019-10-18 06:38:54,758 INFO impl.FollowerState: e2fc6660-134c-4fda-abfb-c45df73ff2dd@group-E2BEF91F1FD2-FollowerState: change to CANDIDATE, lastRpcTime:131ms, electionTimeout:130ms
datanode_2  | 2019-10-18 06:38:54,606 INFO util.JmxRegister: Successfully registered JMX Bean with object name Ratis:service=RaftServer,group=group-E2BEF91F1FD2,id=a684d79f-214b-40da-be7e-43e1d89d8a1b
datanode_3  | 2019-10-18 06:38:54,810 INFO impl.LeaderElection: 6b63f5e8-798a-49d5-a31c-55d095a7c7dd@group-E2BEF91F1FD2-LeaderElection2: Election TIMEOUT; received 0 response(s) [] and 0 exception(s); 6b63f5e8-798a-49d5-a31c-55d095a7c7dd@group-E2BEF91F1FD2:t1, leader=null, voted=6b63f5e8-798a-49d5-a31c-55d095a7c7dd, raftlog=6b63f5e8-798a-49d5-a31c-55d095a7c7dd@group-E2BEF91F1FD2-SegmentedRaftLog:OPENED:c-1,f-1,i0, conf=-1: [a684d79f-214b-40da-be7e-43e1d89d8a1b:172.18.0.5:9858, 6b63f5e8-798a-49d5-a31c-55d095a7c7dd:172.18.0.6:9858, e2fc6660-134c-4fda-abfb-c45df73ff2dd:172.18.0.4:9858], old=null
datanode_1  | 2019-10-18 06:38:54,759 INFO impl.RoleInfo: e2fc6660-134c-4fda-abfb-c45df73ff2dd: shutdown FollowerState
datanode_2  | 2019-10-18 06:38:54,670 INFO segmented.SegmentedRaftLogWorker: a684d79f-214b-40da-be7e-43e1d89d8a1b@group-CD7EDB16CD11-SegmentedRaftLogWorker: created new log segment /data/metadata/ratis/d8d5c99f-ab92-4a1a-8fee-cd7edb16cd11/current/log_inprogress_0
datanode_3  | 2019-10-18 06:38:54,825 INFO impl.LeaderElection: 6b63f5e8-798a-49d5-a31c-55d095a7c7dd@group-E2BEF91F1FD2-LeaderElection2: begin an election at term 2 for -1: [a684d79f-214b-40da-be7e-43e1d89d8a1b:172.18.0.5:9858, 6b63f5e8-798a-49d5-a31c-55d095a7c7dd:172.18.0.6:9858, e2fc6660-134c-4fda-abfb-c45df73ff2dd:172.18.0.4:9858], old=null
datanode_2  | 2019-10-18 06:38:54,772 INFO impl.FollowerState: a684d79f-214b-40da-be7e-43e1d89d8a1b@group-E2BEF91F1FD2-FollowerState: change to CANDIDATE, lastRpcTime:166ms, electionTimeout:166ms
datanode_1  | 2019-10-18 06:38:54,759 INFO impl.RaftServerImpl: e2fc6660-134c-4fda-abfb-c45df73ff2dd@group-E2BEF91F1FD2: changes role from  FOLLOWER to CANDIDATE at term 0 for changeToCandidate
