datanode_3  | 2019-10-21 22:36:28,061 [pool-9-thread-1] INFO       - group-0087A86EF1BD: The snapshot info is null. Setting the last applied indexto:(t:0, i:~)
datanode_2  | 2019-10-21 22:36:23,160 INFO impl.MetricsSinkAdapter: Sink prometheus started
s3g_1       | 2019-10-21 22:43:10,857 WARN ipc.Client: Exception encountered while connecting to the server : org.apache.hadoop.ipc.RemoteException(org.apache.hadoop.security.token.SecretManager$InvalidToken): No S3 secret found for S3 identifier:OzoneToken owner=dlfknslnfslf, renewer=, realUser=, issueDate=0, maxDate=0, sequenceNumber=0, masterKeyId=0, strToSign=AWS4-HMAC-SHA256
scm_1       | 2019-10-21 22:36:20,761 INFO ipc.CallQueueManager: Using callQueue: class java.util.concurrent.LinkedBlockingQueue, queueCapacity: 1000, scheduler: class org.apache.hadoop.ipc.DefaultRpcScheduler, ipcBackoff: false.
kdc_1       | Oct 21 22:36:11 kdc kadmind[15](info): closing down fd 18
om_1        | 2019-10-21 22:36:25,733 INFO util.log: Logging initialized @2859ms
datanode_1  | 2019-10-21 22:36:23,111 INFO handler.ContextHandler: Started o.e.j.w.WebAppContext@7302ff13{/,file:///tmp/jetty-0.0.0.0-9882-hddsDatanode-_-any-13800099844357518777.dir/webapp/,AVAILABLE}{/hddsDatanode}
datanode_3  | 2019-10-21 22:36:28,062 INFO server.RaftServerConfigKeys: raft.server.notification.no-leader.timeout = 120s (custom)
datanode_2  | 2019-10-21 22:36:23,161 INFO impl.MetricsSystemImpl: Registered sink prometheus
s3g_1       | 20191021T224310Z
scm_1       | 2019-10-21 22:36:20,762 INFO ipc.Server: Starting Socket Reader #1 for port 9860
kdc_1       | Oct 21 22:36:11 kdc kadmind[15](Notice): Request: kadm5_init, admin/admin@EXAMPLE.COM, success, client=admin/admin@EXAMPLE.COM, service=kadmin/admin@EXAMPLE.COM, addr=127.0.0.1, vers=4, flavor/admin@EXAMPLE.COM for kadmin/admin@EXAMPLE.COM
om_1        | 2019-10-21 22:36:25,839 INFO db.DBStoreBuilder: using custom profile for table: userTable
datanode_1  | 2019-10-21 22:36:23,116 INFO server.AbstractConnector: Started ServerConnector@7fd99443{HTTP/1.1,[http/1.1]}{0.0.0.0:9882}
datanode_3  | 2019-10-21 22:36:28,065 INFO server.RaftServerConfigKeys: raft.server.log.use.memory = false (default)
datanode_2  | 2019-10-21 22:36:23,163 INFO server.BaseHttpServer: HTTP server of HDDSDATANODE is listening at http://0.0.0.0:9882
s3g_1       | 20191021/us-west-1/s3/aws4_request
scm_1       | 2019-10-21 22:36:20,804 INFO hdfs.DFSUtil: Starting web server as: HTTP/scm@EXAMPLE.COM
kdc_1       | =6
om_1        | 2019-10-21 22:36:25,839 INFO db.DBStoreBuilder: Using default column profile:DBProfile.DISK for Table:userTable
datanode_1  | 2019-10-21 22:36:23,116 INFO server.Server: Started @8450ms
datanode_3  | 2019-10-21 22:36:28,070 INFO server.RaftServerConfigKeys: raft.server.log.purge.gap = 1000000 (custom)
datanode_2  | 2019-10-21 22:36:23,190 INFO util.JvmPauseMonitor: Starting JVM pause monitor
s3g_1       | df1090d533aa4491e3620acca5fec6f3a8268bad8e1cb9653cdd031261e29778, signature=71da3d546b9a62c3b8cd55074503e27061797e11bfbeb6aa9f2188da985dd631, awsAccessKeyId=dlfknslnfslf
scm_1       | 2019-10-21 22:36:20,804 INFO hdfs.DFSUtil: Starting Web-server for scm at: http://0.0.0.0:9876
kdc_1       | Oct 21 22:36:11 kdc kadmind[15](Notice): Request: kadm5_randkey_principal, dn/scm@EXAMPLE.COM, success, client=admin/admin@EXAMPLE.COM, service=kadmin/admin@EXAMPLE.COM, addr=127.0.0.1
datanode_1  | 2019-10-21 22:36:23,119 INFO impl.MetricsSinkAdapter: Sink prometheus started
om_1        | 2019-10-21 22:36:25,840 INFO db.DBStoreBuilder: using custom profile for table: volumeTable
datanode_3  | 2019-10-21 22:36:28,071 INFO server.RaftServerConfigKeys: raft.server.log.appender.buffer.byte-limit = 33554432 (custom)
s3g_1       | 2019-10-21 22:43:10,858 INFO retry.RetryInvocationHandler: com.google.protobuf.ServiceException: org.apache.hadoop.ipc.RemoteException(org.apache.hadoop.security.token.SecretManager$InvalidToken): No S3 secret found for S3 identifier:OzoneToken owner=dlfknslnfslf, renewer=, realUser=, issueDate=0, maxDate=0, sequenceNumber=0, masterKeyId=0, strToSign=AWS4-HMAC-SHA256
scm_1       | 2019-10-21 22:36:20,896 INFO server.AuthenticationFilter: Unable to initialize FileSignerSecretProvider, falling back to use random secrets.
datanode_2  | 2019-10-21 22:36:25,303 [Datanode State Machine Thread - 0] INFO       - Attempting to start container services.
kdc_1       | Oct 21 22:36:11 kdc kadmind[15](Notice): Request: kadm5_get_principal, dn/scm@EXAMPLE.COM, success, client=admin/admin@EXAMPLE.COM, service=kadmin/admin@EXAMPLE.COM, addr=127.0.0.1
datanode_1  | 2019-10-21 22:36:23,119 INFO impl.MetricsSystemImpl: Registered sink prometheus
om_1        | 2019-10-21 22:36:25,840 INFO db.DBStoreBuilder: Using default column profile:DBProfile.DISK for Table:volumeTable
datanode_3  | 2019-10-21 22:36:28,073 INFO server.RaftServerConfigKeys: raft.server.log.segment.size.max = 1048576 (custom)
s3g_1       | 20191021T224310Z
scm_1       | 2019-10-21 22:36:20,907 INFO http.HttpRequestLog: Http request log for http.requests.scm is not defined
datanode_2  | 2019-10-21 22:36:25,305 [Datanode State Machine Thread - 0] INFO       - Background container scanner has been disabled.
om_1        | 2019-10-21 22:36:25,840 INFO db.DBStoreBuilder: using custom profile for table: bucketTable
datanode_3  | 2019-10-21 22:36:28,075 WARN impl.MetricsSystemImpl: HddsDatanode metrics system already initialized!
scm_1       | 2019-10-21 22:36:20,914 INFO http.HttpServer2: Added global filter 'safety' (class=org.apache.hadoop.http.HttpServer2$QuotingInputFilter)
datanode_2  | 2019-10-21 22:36:25,305 [Datanode State Machine Thread - 0] INFO       - Starting XceiverServerRatis 2a2ce37d-77d1-4a26-9480-6c40dae2ef87 at port 9858
kdc_1       | Oct 21 22:36:11 kdc kadmind[15](info): closing down fd 18
datanode_1  | 2019-10-21 22:36:23,121 INFO server.BaseHttpServer: HTTP server of HDDSDATANODE is listening at http://0.0.0.0:9882
s3g_1       | 20191021/us-west-1/s3/aws4_request
om_1        | 2019-10-21 22:36:25,840 INFO db.DBStoreBuilder: Using default column profile:DBProfile.DISK for Table:bucketTable
datanode_3  | 2019-10-21 22:36:28,082 INFO metrics.MetricRegistries: Loaded MetricRegistries class org.apache.ratis.metrics.impl.MetricRegistriesImpl
scm_1       | 2019-10-21 22:36:20,916 INFO http.HttpServer2: Added filter authentication (class=org.apache.hadoop.security.authentication.server.AuthenticationFilter) to context scm
datanode_2  | 2019-10-21 22:36:25,324 INFO impl.RaftServerProxy: 2a2ce37d-77d1-4a26-9480-6c40dae2ef87: start RPC server
kdc_1       | Oct 21 22:36:11 kdc kadmind[15](Notice): Request: kadm5_init, admin/admin@EXAMPLE.COM, success, client=admin/admin@EXAMPLE.COM, service=kadmin/admin@EXAMPLE.COM, addr=127.0.0.1, vers=4, flavor=6
s3g_1       | df1090d533aa4491e3620acca5fec6f3a8268bad8e1cb9653cdd031261e29778, signature=71da3d546b9a62c3b8cd55074503e27061797e11bfbeb6aa9f2188da985dd631, awsAccessKeyId=dlfknslnfslf, while invoking $Proxy83.submitRequest over nodeId=null,nodeAddress=om:9862 after 4 failover attempts. Trying to failover immediately.
datanode_1  | 2019-10-21 22:36:23,226 INFO util.JvmPauseMonitor: Starting JVM pause monitor
om_1        | 2019-10-21 22:36:25,840 INFO db.DBStoreBuilder: using custom profile for table: keyTable
datanode_3  | 2019-10-21 22:36:28,135 INFO server.RaftServerConfigKeys: raft.server.log.segment.cache.num.max = 2 (custom)
scm_1       | 2019-10-21 22:36:20,916 INFO http.HttpServer2: Added filter authentication (class=org.apache.hadoop.security.authentication.server.AuthenticationFilter) to context logs
datanode_2  | 2019-10-21 22:36:25,539 INFO server.GrpcService: 2a2ce37d-77d1-4a26-9480-6c40dae2ef87: GrpcService started, listening on 0.0.0.0/0.0.0.0:9858
kdc_1       | Oct 21 22:36:11 kdc kadmind[15](Notice): Request: kadm5_get_policy, default, Policy does not exist, client=admin/admin@EXAMPLE.COM, service=kadmin/admin@EXAMPLE.COM, addr=127.0.0.1
s3g_1       | 2019-10-21 22:43:10,863 WARN ipc.Client: Exception encountered while connecting to the server : org.apache.hadoop.ipc.RemoteException(org.apache.hadoop.security.token.SecretManager$InvalidToken): No S3 secret found for S3 identifier:OzoneToken owner=dlfknslnfslf, renewer=, realUser=, issueDate=0, maxDate=0, sequenceNumber=0, masterKeyId=0, strToSign=AWS4-HMAC-SHA256
datanode_1  | 2019-10-21 22:36:25,302 [Datanode State Machine Thread - 0] INFO       - Attempting to start container services.
om_1        | 2019-10-21 22:36:25,840 INFO db.DBStoreBuilder: Using default column profile:DBProfile.DISK for Table:keyTable
datanode_3  | 2019-10-21 22:36:28,141 INFO segmented.SegmentedRaftLogWorker: new 90a9f026-1c5f-433d-be1f-5c32ed97ab23@group-0087A86EF1BD-SegmentedRaftLogWorker for RaftStorage:Storage Directory /data/metadata/ratis/8311904d-bc2c-467c-adee-0087a86ef1bd
scm_1       | 2019-10-21 22:36:20,916 INFO http.HttpServer2: Added filter authentication (class=org.apache.hadoop.security.authentication.server.AuthenticationFilter) to context static
datanode_2  | 2019-10-21 22:36:28,560 INFO impl.RaftServerProxy: 2a2ce37d-77d1-4a26-9480-6c40dae2ef87: addNew group-67209B6DA05C:[2a2ce37d-77d1-4a26-9480-6c40dae2ef87:172.18.0.8:9858] returns group-67209B6DA05C:java.util.concurrent.CompletableFuture@4c462a68[Not completed]
kdc_1       | Oct 21 22:36:11 kdc kadmind[15](Notice): Request: kadm5_create_principal, om/3c13450a3bea@EXAMPLE.COM, success, client=admin/admin@EXAMPLE.COM, service=kadmin/admin@EXAMPLE.COM, addr=127.0.0.1
s3g_1       | 20191021T224310Z
datanode_1  | 2019-10-21 22:36:25,304 [Datanode State Machine Thread - 0] INFO       - Background container scanner has been disabled.
om_1        | 2019-10-21 22:36:25,841 INFO db.DBStoreBuilder: using custom profile for table: deletedTable
datanode_3  | 2019-10-21 22:36:28,142 INFO server.RaftServerConfigKeys: raft.server.log.queue.byte-limit = 2147483647 (custom)
scm_1       | 2019-10-21 22:36:20,938 INFO server.StorageContainerManager: StorageContainerLocationProtocol RPC server is listening at /0.0.0.0:9860
datanode_2  | 2019-10-21 22:36:28,576 INFO impl.RaftServerImpl: 2a2ce37d-77d1-4a26-9480-6c40dae2ef87: new RaftServerImpl for group-67209B6DA05C:[2a2ce37d-77d1-4a26-9480-6c40dae2ef87:172.18.0.8:9858] with ContainerStateMachine:uninitialized
kdc_1       | Oct 21 22:36:11 kdc kadmind[15](info): closing down fd 18
s3g_1       | 20191021/us-west-1/s3/aws4_request
datanode_1  | 2019-10-21 22:36:25,305 [Datanode State Machine Thread - 0] INFO       - Starting XceiverServerRatis 0891e8fd-f287-40f1-b590-6b65ea4d66a8 at port 9858
om_1        | 2019-10-21 22:36:25,841 INFO db.DBStoreBuilder: Using default column profile:DBProfile.DISK for Table:deletedTable
datanode_3  | 2019-10-21 22:36:28,142 INFO server.RaftServerConfigKeys: raft.server.log.queue.element-limit = 1024 (custom)
datanode_2  | 2019-10-21 22:36:28,578 INFO server.RaftServerConfigKeys: raft.server.rpc.timeout.min = 5s (custom)
scm_1       | 2019-10-21 22:36:21,020 INFO impl.MetricsConfig: Loaded properties from hadoop-metrics2.properties
kdc_1       | Oct 21 22:36:11 kdc kadmind[15](Notice): Request: kadm5_init, admin/admin@EXAMPLE.COM, success, client=admin/admin@EXAMPLE.COM, service=kadmin/admin@EXAMPLE.COM, addr=127.0.0.1, vers=4, flavor=6
s3g_1       | df1090d533aa4491e3620acca5fec6f3a8268bad8e1cb9653cdd031261e29778, signature=71da3d546b9a62c3b8cd55074503e27061797e11bfbeb6aa9f2188da985dd631, awsAccessKeyId=dlfknslnfslf
datanode_1  | 2019-10-21 22:36:25,323 INFO impl.RaftServerProxy: 0891e8fd-f287-40f1-b590-6b65ea4d66a8: start RPC server
om_1        | 2019-10-21 22:36:25,841 INFO db.DBStoreBuilder: using custom profile for table: openKeyTable
datanode_3  | 2019-10-21 22:36:28,144 INFO server.RaftServerConfigKeys: raft.server.log.segment.size.max = 1048576 (custom)
datanode_2  | 2019-10-21 22:36:28,578 INFO server.RaftServerConfigKeys: raft.server.rpc.timeout.max = 5200ms (custom)
scm_1       | 2019-10-21 22:36:21,060 INFO impl.MetricsSystemImpl: Scheduled Metric snapshot period at 10 second(s).
kdc_1       | Oct 21 22:36:11 kdc kadmind[15](Notice): Request: kadm5_randkey_principal, om/3c13450a3bea@EXAMPLE.COM, success, client=admin/admin@EXAMPLE.COM, service=kadmin/admin@EXAMPLE.COM, addr=127.0.0.1
s3g_1       | 2019-10-21 22:43:10,863 INFO retry.RetryInvocationHandler: com.google.protobuf.ServiceException: org.apache.hadoop.ipc.RemoteException(org.apache.hadoop.security.token.SecretManager$InvalidToken): No S3 secret found for S3 identifier:OzoneToken owner=dlfknslnfslf, renewer=, realUser=, issueDate=0, maxDate=0, sequenceNumber=0, masterKeyId=0, strToSign=AWS4-HMAC-SHA256
datanode_1  | 2019-10-21 22:36:25,504 INFO server.GrpcService: 0891e8fd-f287-40f1-b590-6b65ea4d66a8: GrpcService started, listening on 0.0.0.0/0.0.0.0:9858
om_1        | 2019-10-21 22:36:25,841 INFO db.DBStoreBuilder: Using default column profile:DBProfile.DISK for Table:openKeyTable
datanode_3  | 2019-10-21 22:36:28,144 INFO server.RaftServerConfigKeys: raft.server.log.preallocated.size = 16384 (custom)
datanode_2  | 2019-10-21 22:36:28,578 INFO server.RaftServerConfigKeys: raft.server.rpcslowness.timeout = 120s (custom)
scm_1       | 2019-10-21 22:36:21,060 INFO impl.MetricsSystemImpl: StorageContainerManager metrics system started
kdc_1       | Oct 21 22:36:11 kdc kadmind[15](Notice): Request: kadm5_get_principal, om/3c13450a3bea@EXAMPLE.COM, success, client=admin/admin@EXAMPLE.COM, service=kadmin/admin@EXAMPLE.COM, addr=127.0.0.1
s3g_1       | 20191021T224310Z
datanode_1  | 2019-10-21 22:36:29,066 INFO impl.RaftServerProxy: 0891e8fd-f287-40f1-b590-6b65ea4d66a8: addNew group-E0C16ECC4306:[0891e8fd-f287-40f1-b590-6b65ea4d66a8:172.18.0.6:9858] returns group-E0C16ECC4306:java.util.concurrent.CompletableFuture@5edc39da[Not completed]
datanode_3  | 2019-10-21 22:36:28,144 INFO server.RaftServerConfigKeys: raft.server.log.write.buffer.size = 33554432 (custom)
om_1        | 2019-10-21 22:36:25,841 INFO db.DBStoreBuilder: using custom profile for table: s3Table
datanode_2  | 2019-10-21 22:36:28,579 INFO server.RaftServerConfigKeys: raft.server.sleep.deviation.threshold = 300 (default)
scm_1       | 2019-10-21 22:36:21,261 INFO server.SCMClientProtocolServer: RPC server for Client  is listening at /0.0.0.0:9860
kdc_1       | Oct 21 22:36:11 kdc kadmind[15](info): closing down fd 18
s3g_1       | 20191021/us-west-1/s3/aws4_request
datanode_1  | 2019-10-21 22:36:29,081 INFO impl.RaftServerImpl: 0891e8fd-f287-40f1-b590-6b65ea4d66a8: new RaftServerImpl for group-E0C16ECC4306:[0891e8fd-f287-40f1-b590-6b65ea4d66a8:172.18.0.6:9858] with ContainerStateMachine:uninitialized
datanode_3  | 2019-10-21 22:36:28,145 INFO server.RaftServerConfigKeys: raft.server.log.force.sync.num = 128 (default)
om_1        | 2019-10-21 22:36:25,841 INFO db.DBStoreBuilder: Using default column profile:DBProfile.DISK for Table:s3Table
datanode_2  | 2019-10-21 22:36:28,580 INFO server.RaftServerConfigKeys: raft.server.log.appender.install.snapshot.enabled = false (custom)
scm_1       | 2019-10-21 22:36:21,261 INFO ipc.Server: IPC Server Responder: starting
kdc_1       | Oct 21 22:36:11 kdc kadmind[15](Notice): Request: kadm5_init, admin/admin@EXAMPLE.COM, success, client=admin/admin@EXAMPLE.COM, service=kadmin/admin@EXAMPLE.COM, addr=127.0.0.1, vers=4, flavor=6
s3g_1       | df1090d533aa4491e3620acca5fec6f3a8268bad8e1cb9653cdd031261e29778, signature=71da3d546b9a62c3b8cd55074503e27061797e11bfbeb6aa9f2188da985dd631, awsAccessKeyId=dlfknslnfslf, while invoking $Proxy83.submitRequest over nodeId=null,nodeAddress=om:9862 after 5 failover attempts. Trying to failover immediately.
datanode_1  | 2019-10-21 22:36:29,082 INFO server.RaftServerConfigKeys: raft.server.rpc.timeout.min = 5s (custom)
datanode_3  | 2019-10-21 22:36:28,146 INFO server.RaftServerConfigKeys: raft.server.log.statemachine.data.sync = true (default)
om_1        | 2019-10-21 22:36:25,842 INFO db.DBStoreBuilder: using custom profile for table: multipartInfoTable
datanode_2  | 2019-10-21 22:36:28,586 INFO impl.RaftServerImpl: 2a2ce37d-77d1-4a26-9480-6c40dae2ef87@group-67209B6DA05C: ConfigurationManager, init=-1: [2a2ce37d-77d1-4a26-9480-6c40dae2ef87:172.18.0.8:9858], old=null, confs=<EMPTY_MAP>
scm_1       | 2019-10-21 22:36:21,262 INFO ipc.Server: IPC Server listener on 9860: starting
kdc_1       | Oct 21 22:36:11 kdc kadmind[15](Notice): Request: kadm5_get_policy, default, Policy does not exist, client=admin/admin@EXAMPLE.COM, service=kadmin/admin@EXAMPLE.COM, addr=127.0.0.1
s3g_1       | 2019-10-21 22:43:10,869 WARN ipc.Client: Exception encountered while connecting to the server : org.apache.hadoop.ipc.RemoteException(org.apache.hadoop.security.token.SecretManager$InvalidToken): No S3 secret found for S3 identifier:OzoneToken owner=dlfknslnfslf, renewer=, realUser=, issueDate=0, maxDate=0, sequenceNumber=0, masterKeyId=0, strToSign=AWS4-HMAC-SHA256
datanode_1  | 2019-10-21 22:36:29,083 INFO server.RaftServerConfigKeys: raft.server.rpc.timeout.max = 5200ms (custom)
datanode_3  | 2019-10-21 22:36:28,146 INFO server.RaftServerConfigKeys: raft.server.log.statemachine.data.sync.timeout = 10s (default)
om_1        | 2019-10-21 22:36:25,842 INFO db.DBStoreBuilder: Using default column profile:DBProfile.DISK for Table:multipartInfoTable
datanode_2  | 2019-10-21 22:36:28,586 INFO server.RaftServerConfigKeys: raft.server.storage.dir = [/data/metadata/ratis] (custom)
scm_1       | 2019-10-21 22:36:21,265 INFO server.StorageContainerManager: ScmBlockLocationProtocol RPC server is listening at /0.0.0.0:9863
kdc_1       | Oct 21 22:36:11 kdc kadmind[15](Notice): Request: kadm5_create_principal, om/om@EXAMPLE.COM, success, client=admin/admin@EXAMPLE.COM, service=kadmin/admin@EXAMPLE.COM, addr=127.0.0.1
s3g_1       | 20191021T224310Z
datanode_1  | 2019-10-21 22:36:29,083 INFO server.RaftServerConfigKeys: raft.server.rpcslowness.timeout = 120s (custom)
datanode_3  | 2019-10-21 22:36:28,147 INFO server.RaftServerConfigKeys: raft.server.log.statemachine.data.sync.timeout.retry = -1 (default)
om_1        | 2019-10-21 22:36:25,842 INFO db.DBStoreBuilder: using custom profile for table: dTokenTable
datanode_2  | 2019-10-21 22:36:28,591 INFO server.RaftServerConfigKeys: raft.server.log.corruption.policy = EXCEPTION (default)
scm_1       | 2019-10-21 22:36:21,266 INFO server.SCMBlockProtocolServer: RPC server for Block Protocol is listening at /0.0.0.0:9863
kdc_1       | Oct 21 22:36:11 kdc kadmind[15](info): closing down fd 18
s3g_1       | 20191021/us-west-1/s3/aws4_request
datanode_1  | 2019-10-21 22:36:29,083 INFO server.RaftServerConfigKeys: raft.server.sleep.deviation.threshold = 300 (default)
datanode_3  | 2019-10-21 22:36:28,158 INFO server.RaftServerConfigKeys: raft.server.log.statemachine.data.caching.enabled = true (custom)
om_1        | 2019-10-21 22:36:25,842 INFO db.DBStoreBuilder: Using default column profile:DBProfile.DISK for Table:dTokenTable
datanode_2  | 2019-10-21 22:36:28,592 INFO storage.RaftStorageDirectory: The storage directory /data/metadata/ratis/96ac5625-d130-41d1-97e0-67209b6da05c does not exist. Creating ...
scm_1       | 2019-10-21 22:36:21,266 INFO ipc.Server: IPC Server Responder: starting
kdc_1       | Oct 21 22:36:11 kdc kadmind[15](Notice): Request: kadm5_init, admin/admin@EXAMPLE.COM, success, client=admin/admin@EXAMPLE.COM, service=kadmin/admin@EXAMPLE.COM, addr=127.0.0.1, vers=4, flavor=6
s3g_1       | df1090d533aa4491e3620acca5fec6f3a8268bad8e1cb9653cdd031261e29778, signature=71da3d546b9a62c3b8cd55074503e27061797e11bfbeb6aa9f2188da985dd631, awsAccessKeyId=dlfknslnfslf
datanode_1  | 2019-10-21 22:36:29,084 INFO server.RaftServerConfigKeys: raft.server.log.appender.install.snapshot.enabled = false (custom)
datanode_3  | 2019-10-21 22:36:28,163 INFO segmented.SegmentedRaftLogWorker: 90a9f026-1c5f-433d-be1f-5c32ed97ab23@group-0087A86EF1BD-SegmentedRaftLogWorker: flushIndex: setUnconditionally 0 -> -1
om_1        | 2019-10-21 22:36:25,842 INFO db.DBStoreBuilder: using custom profile for table: s3SecretTable
datanode_2  | 2019-10-21 22:36:28,619 INFO storage.RaftStorageDirectory: Lock on /data/metadata/ratis/96ac5625-d130-41d1-97e0-67209b6da05c/in_use.lock acquired by nodename 7@ef9e35e7e546
scm_1       | 2019-10-21 22:36:21,267 INFO ipc.Server: IPC Server listener on 9863: starting
kdc_1       | Oct 21 22:36:11 kdc kadmind[15](Notice): Request: kadm5_randkey_principal, om/om@EXAMPLE.COM, success, client=admin/admin@EXAMPLE.COM, service=kadmin/admin@EXAMPLE.COM, addr=127.0.0.1
s3g_1       | 2019-10-21 22:43:10,869 INFO retry.RetryInvocationHandler: com.google.protobuf.ServiceException: org.apache.hadoop.ipc.RemoteException(org.apache.hadoop.security.token.SecretManager$InvalidToken): No S3 secret found for S3 identifier:OzoneToken owner=dlfknslnfslf, renewer=, realUser=, issueDate=0, maxDate=0, sequenceNumber=0, masterKeyId=0, strToSign=AWS4-HMAC-SHA256
datanode_1  | 2019-10-21 22:36:29,090 INFO impl.RaftServerImpl: 0891e8fd-f287-40f1-b590-6b65ea4d66a8@group-E0C16ECC4306: ConfigurationManager, init=-1: [0891e8fd-f287-40f1-b590-6b65ea4d66a8:172.18.0.6:9858], old=null, confs=<EMPTY_MAP>
datanode_3  | 2019-10-21 22:36:28,167 INFO server.RaftServerConfigKeys: raft.server.snapshot.auto.trigger.enabled = true (custom)
om_1        | 2019-10-21 22:36:25,842 INFO db.DBStoreBuilder: Using default column profile:DBProfile.DISK for Table:s3SecretTable
datanode_2  | 2019-10-21 22:36:28,635 INFO storage.RaftStorage: Storage directory /data/metadata/ratis/96ac5625-d130-41d1-97e0-67209b6da05c has been successfully formatted.
scm_1       | 2019-10-21 22:36:21,271 INFO server.StorageContainerManager: ScmDatanodeProtocl RPC server is listening at /0.0.0.0:9861
kdc_1       | Oct 21 22:36:11 kdc kadmind[15](Notice): Request: kadm5_get_principal, om/om@EXAMPLE.COM, success, client=admin/admin@EXAMPLE.COM, service=kadmin/admin@EXAMPLE.COM, addr=127.0.0.1
s3g_1       | 20191021T224310Z
datanode_1  | 2019-10-21 22:36:29,090 INFO server.RaftServerConfigKeys: raft.server.storage.dir = [/data/metadata/ratis] (custom)
datanode_3  | 2019-10-21 22:36:28,168 INFO server.RaftServerConfigKeys: raft.server.snapshot.auto.trigger.threshold = 10000 (custom)
om_1        | 2019-10-21 22:36:25,842 INFO db.DBStoreBuilder: using custom profile for table: prefixTable
datanode_2  | 2019-10-21 22:36:28,638 [pool-9-thread-1] INFO       - group-67209B6DA05C: The snapshot info is null. Setting the last applied indexto:(t:0, i:~)
kdc_1       | Oct 21 22:36:11 kdc kadmind[15](info): closing down fd 18
scm_1       | 2019-10-21 22:36:21,271 INFO server.SCMDatanodeProtocolServer: RPC server for DataNodes is listening at /0.0.0.0:9861
s3g_1       | 20191021/us-west-1/s3/aws4_request
datanode_1  | 2019-10-21 22:36:29,094 INFO server.RaftServerConfigKeys: raft.server.log.corruption.policy = EXCEPTION (default)
datanode_3  | 2019-10-21 22:36:28,168 INFO server.RaftServerConfigKeys: raft.server.snapshot.retention.file.num = 5 (custom)
om_1        | 2019-10-21 22:36:25,843 INFO db.DBStoreBuilder: Using default column profile:DBProfile.DISK for Table:prefixTable
datanode_2  | 2019-10-21 22:36:28,638 INFO server.RaftServerConfigKeys: raft.server.notification.no-leader.timeout = 120s (custom)
kdc_1       | Oct 21 22:36:11 kdc kadmind[15](Notice): Request: kadm5_init, admin/admin@EXAMPLE.COM, success, client=admin/admin@EXAMPLE.COM, service=kadmin/admin@EXAMPLE.COM, addr=127.0.0.1, vers=4, flavor=6
scm_1       | 2019-10-21 22:36:21,272 INFO ipc.Server: IPC Server Responder: starting
s3g_1       | df1090d533aa4491e3620acca5fec6f3a8268bad8e1cb9653cdd031261e29778, signature=71da3d546b9a62c3b8cd55074503e27061797e11bfbeb6aa9f2188da985dd631, awsAccessKeyId=dlfknslnfslf, while invoking $Proxy83.submitRequest over nodeId=null,nodeAddress=om:9862 after 6 failover attempts. Trying to failover immediately.
datanode_1  | 2019-10-21 22:36:29,095 INFO storage.RaftStorageDirectory: The storage directory /data/metadata/ratis/5358311f-e6dc-4b9c-af4b-e0c16ecc4306 does not exist. Creating ...
datanode_3  | 2019-10-21 22:36:28,169 INFO server.RaftServerConfigKeys: raft.server.retrycache.expirytime = 600000ms (custom)
om_1        | 2019-10-21 22:36:25,855 INFO db.DBStoreBuilder: using custom profile for table: default
datanode_2  | 2019-10-21 22:36:28,640 INFO server.RaftServerConfigKeys: raft.server.log.use.memory = false (default)
kdc_1       | Oct 21 22:36:11 kdc kadmind[15](Notice): Request: kadm5_get_policy, default, Policy does not exist, client=admin/admin@EXAMPLE.COM, service=kadmin/admin@EXAMPLE.COM, addr=127.0.0.1
scm_1       | 2019-10-21 22:36:21,272 INFO ipc.Server: IPC Server listener on 9861: starting
s3g_1       | 2019-10-21 22:43:10,875 WARN ipc.Client: Exception encountered while connecting to the server : org.apache.hadoop.ipc.RemoteException(org.apache.hadoop.security.token.SecretManager$InvalidToken): No S3 secret found for S3 identifier:OzoneToken owner=dlfknslnfslf, renewer=, realUser=, issueDate=0, maxDate=0, sequenceNumber=0, masterKeyId=0, strToSign=AWS4-HMAC-SHA256
datanode_1  | 2019-10-21 22:36:29,105 INFO storage.RaftStorageDirectory: Lock on /data/metadata/ratis/5358311f-e6dc-4b9c-af4b-e0c16ecc4306/in_use.lock acquired by nodename 7@6cf8eda79223
datanode_3  | 2019-10-21 22:36:28,205 INFO impl.RaftServerImpl: 90a9f026-1c5f-433d-be1f-5c32ed97ab23@group-0087A86EF1BD: start as a follower, conf=-1: [90a9f026-1c5f-433d-be1f-5c32ed97ab23:172.18.0.10:9858], old=null
om_1        | 2019-10-21 22:36:25,855 INFO db.DBStoreBuilder: Using default column profile:DBProfile.DISK for Table:default
datanode_2  | 2019-10-21 22:36:28,644 INFO server.RaftServerConfigKeys: raft.server.log.purge.gap = 1000000 (custom)
kdc_1       | Principal "om/s3g@EXAMPLE.COM" created.
s3g_1       | 20191021T224310Z
scm_1       | 2019-10-21 22:36:21,276 INFO server.SCMClientProtocolServer: Starting RPC server for SCMSecurityProtocolServer. is listening at /0.0.0.0:9961
datanode_1  | 2019-10-21 22:36:29,131 INFO storage.RaftStorage: Storage directory /data/metadata/ratis/5358311f-e6dc-4b9c-af4b-e0c16ecc4306 has been successfully formatted.
datanode_3  | 2019-10-21 22:36:28,206 INFO impl.RaftServerImpl: 90a9f026-1c5f-433d-be1f-5c32ed97ab23@group-0087A86EF1BD: changes role from      null to FOLLOWER at term 0 for startAsFollower
om_1        | 2019-10-21 22:36:25,856 INFO db.DBStoreBuilder: Using default options. DBProfile.DISK
kdc_1       | Authenticating as principal admin/admin with keytab /tmp/admin.keytab.
datanode_2  | 2019-10-21 22:36:28,644 INFO server.RaftServerConfigKeys: raft.server.log.appender.buffer.byte-limit = 33554432 (custom)
s3g_1       | 20191021/us-west-1/s3/aws4_request
datanode_1  | 2019-10-21 22:36:29,133 [pool-9-thread-1] INFO       - group-E0C16ECC4306: The snapshot info is null. Setting the last applied indexto:(t:0, i:~)
datanode_3  | 2019-10-21 22:36:28,207 INFO impl.RoleInfo: 90a9f026-1c5f-433d-be1f-5c32ed97ab23: start FollowerState
kdc_1       | Entry for principal om/s3g@EXAMPLE.COM with kvno 2, encryption type aes256-cts-hmac-sha1-96 added to keytab WRFILE:/data/om.s3g.keytab.
om_1        | 2019-10-21 22:36:26,302 INFO Configuration.deprecation: No unit for ozone.manager.delegation.remover.scan.interval(3600000) assuming MILLISECONDS
scm_1       | 2019-10-21 22:36:21,277 INFO ipc.Server: IPC Server Responder: starting
datanode_2  | 2019-10-21 22:36:28,646 INFO server.RaftServerConfigKeys: raft.server.log.segment.size.max = 1048576 (custom)
datanode_1  | 2019-10-21 22:36:29,134 INFO server.RaftServerConfigKeys: raft.server.notification.no-leader.timeout = 120s (custom)
s3g_1       | df1090d533aa4491e3620acca5fec6f3a8268bad8e1cb9653cdd031261e29778, signature=71da3d546b9a62c3b8cd55074503e27061797e11bfbeb6aa9f2188da985dd631, awsAccessKeyId=dlfknslnfslf
datanode_3  | 2019-10-21 22:36:28,212 INFO util.JmxRegister: Successfully registered JMX Bean with object name Ratis:service=RaftServer,group=group-0087A86EF1BD,id=90a9f026-1c5f-433d-be1f-5c32ed97ab23
kdc_1       | Entry for principal om/s3g@EXAMPLE.COM with kvno 2, encryption type aes128-cts-hmac-sha1-96 added to keytab WRFILE:/data/om.s3g.keytab.
om_1        | 2019-10-21 22:36:26,305 [main] INFO       - Loaded 0 tokens
scm_1       | 2019-10-21 22:36:21,277 INFO ipc.Server: IPC Server listener on 9961: starting
datanode_2  | 2019-10-21 22:36:28,649 WARN impl.MetricsSystemImpl: HddsDatanode metrics system already initialized!
datanode_1  | 2019-10-21 22:36:29,136 INFO server.RaftServerConfigKeys: raft.server.log.use.memory = false (default)
s3g_1       | 2019-10-21 22:43:10,876 INFO retry.RetryInvocationHandler: com.google.protobuf.ServiceException: org.apache.hadoop.ipc.RemoteException(org.apache.hadoop.security.token.SecretManager$InvalidToken): No S3 secret found for S3 identifier:OzoneToken owner=dlfknslnfslf, renewer=, realUser=, issueDate=0, maxDate=0, sequenceNumber=0, masterKeyId=0, strToSign=AWS4-HMAC-SHA256
datanode_3  | 2019-10-21 22:36:28,218 INFO impl.FollowerState: 90a9f026-1c5f-433d-be1f-5c32ed97ab23@group-0087A86EF1BD-FollowerState: change to CANDIDATE, lastRpcTime:11ms, electionTimeout:10ms
om_1        | 2019-10-21 22:36:26,305 [main] INFO       - Loading token state into token manager.
kdc_1       | Generiting keytab
scm_1       | 2019-10-21 22:36:21,280 INFO http.HttpServer2: Jetty bound to port 9876
datanode_2  | 2019-10-21 22:36:28,657 INFO metrics.MetricRegistries: Loaded MetricRegistries class org.apache.ratis.metrics.impl.MetricRegistriesImpl
datanode_1  | 2019-10-21 22:36:29,140 INFO server.RaftServerConfigKeys: raft.server.log.purge.gap = 1000000 (custom)
s3g_1       | 20191021T224310Z
datanode_3  | 2019-10-21 22:36:28,219 INFO impl.RoleInfo: 90a9f026-1c5f-433d-be1f-5c32ed97ab23: shutdown FollowerState
om_1        | 2019-10-21 22:36:26,357 INFO ipc.CallQueueManager: Using callQueue: class java.util.concurrent.LinkedBlockingQueue, queueCapacity: 2000, scheduler: class org.apache.hadoop.ipc.DefaultRpcScheduler, ipcBackoff: false.
kdc_1       | Authenticating as principal admin/admin with keytab /tmp/admin.keytab.
scm_1       | 2019-10-21 22:36:21,282 INFO server.Server: jetty-9.3.25.v20180904, build timestamp: 2018-09-04T21:11:46Z, git hash: 3ce520221d0240229c862b122d2b06c12a625732
datanode_2  | 2019-10-21 22:36:28,702 INFO server.RaftServerConfigKeys: raft.server.log.segment.cache.num.max = 2 (custom)
s3g_1       | 20191021/us-west-1/s3/aws4_request
datanode_3  | 2019-10-21 22:36:28,220 INFO impl.RaftServerImpl: 90a9f026-1c5f-433d-be1f-5c32ed97ab23@group-0087A86EF1BD: changes role from  FOLLOWER to CANDIDATE at term 0 for changeToCandidate
om_1        | 2019-10-21 22:36:26,367 INFO ipc.Server: Starting Socket Reader #1 for port 9862
kdc_1       | WARNING: no policy specified for scm/6cf8eda79223@EXAMPLE.COM; defaulting to no policy
scm_1       | 2019-10-21 22:36:21,353 INFO server.AuthenticationFilter: Unable to initialize FileSignerSecretProvider, falling back to use random secrets.
datanode_2  | 2019-10-21 22:36:28,707 INFO segmented.SegmentedRaftLogWorker: new 2a2ce37d-77d1-4a26-9480-6c40dae2ef87@group-67209B6DA05C-SegmentedRaftLogWorker for RaftStorage:Storage Directory /data/metadata/ratis/96ac5625-d130-41d1-97e0-67209b6da05c
s3g_1       | df1090d533aa4491e3620acca5fec6f3a8268bad8e1cb9653cdd031261e29778, signature=71da3d546b9a62c3b8cd55074503e27061797e11bfbeb6aa9f2188da985dd631, awsAccessKeyId=dlfknslnfslf, while invoking $Proxy83.submitRequest over nodeId=null,nodeAddress=om:9862 after 7 failover attempts. Trying to failover immediately.
datanode_1  | 2019-10-21 22:36:29,140 INFO server.RaftServerConfigKeys: raft.server.log.appender.buffer.byte-limit = 33554432 (custom)
datanode_3  | 2019-10-21 22:36:28,223 INFO impl.RoleInfo: 90a9f026-1c5f-433d-be1f-5c32ed97ab23: start LeaderElection
om_1        | 2019-10-21 22:36:26,468 [main] INFO       - OzoneManager RPC server is listening at om/172.18.0.5:9862
kdc_1       | Principal "scm/6cf8eda79223@EXAMPLE.COM" created.
scm_1       | 2019-10-21 22:36:21,355 INFO server.KerberosAuthenticationHandler: Using keytab /etc/security/keytabs/HTTP.keytab, for principal HTTP/scm@EXAMPLE.COM
datanode_2  | 2019-10-21 22:36:28,707 INFO server.RaftServerConfigKeys: raft.server.log.queue.byte-limit = 2147483647 (custom)
s3g_1       | 2019-10-21 22:43:10,881 WARN ipc.Client: Exception encountered while connecting to the server : org.apache.hadoop.ipc.RemoteException(org.apache.hadoop.security.token.SecretManager$InvalidToken): No S3 secret found for S3 identifier:OzoneToken owner=dlfknslnfslf, renewer=, realUser=, issueDate=0, maxDate=0, sequenceNumber=0, masterKeyId=0, strToSign=AWS4-HMAC-SHA256
datanode_1  | 2019-10-21 22:36:29,142 INFO server.RaftServerConfigKeys: raft.server.log.segment.size.max = 1048576 (custom)
datanode_3  | 2019-10-21 22:36:28,239 INFO impl.LeaderElection: 90a9f026-1c5f-433d-be1f-5c32ed97ab23@group-0087A86EF1BD-LeaderElection1: begin an election at term 1 for -1: [90a9f026-1c5f-433d-be1f-5c32ed97ab23:172.18.0.10:9858], old=null
om_1        | 2019-10-21 22:36:26,539 INFO impl.MetricsConfig: Loaded properties from hadoop-metrics2.properties
scm_1       | 2019-10-21 22:36:21,365 INFO handler.ContextHandler: Started o.e.j.s.ServletContextHandler@355c94be{/logs,file:///var/log/hadoop/,AVAILABLE}
datanode_2  | 2019-10-21 22:36:28,708 INFO server.RaftServerConfigKeys: raft.server.log.queue.element-limit = 1024 (custom)
kdc_1       | Authenticating as principal admin/admin with keytab /tmp/admin.keytab.
s3g_1       | 20191021T224310Z
datanode_1  | 2019-10-21 22:36:29,143 WARN impl.MetricsSystemImpl: HddsDatanode metrics system already initialized!
datanode_3  | 2019-10-21 22:36:28,240 INFO impl.RoleInfo: 90a9f026-1c5f-433d-be1f-5c32ed97ab23: shutdown LeaderElection
om_1        | 2019-10-21 22:36:26,579 INFO impl.MetricsSystemImpl: Scheduled Metric snapshot period at 10 second(s).
scm_1       | 2019-10-21 22:36:21,366 INFO handler.ContextHandler: Started o.e.j.s.ServletContextHandler@3166f664{/static,jar:file:/opt/hadoop/share/ozone/lib/hadoop-hdds-server-scm-0.5.0-SNAPSHOT.jar!/webapps/static,AVAILABLE}
datanode_2  | 2019-10-21 22:36:28,708 INFO server.RaftServerConfigKeys: raft.server.log.segment.size.max = 1048576 (custom)
kdc_1       | Entry for principal scm/6cf8eda79223@EXAMPLE.COM with kvno 2, encryption type aes256-cts-hmac-sha1-96 added to keytab WRFILE:/data/scm.6cf8eda79223.keytab.
s3g_1       | 20191021/us-west-1/s3/aws4_request
datanode_1  | 2019-10-21 22:36:29,149 INFO metrics.MetricRegistries: Loaded MetricRegistries class org.apache.ratis.metrics.impl.MetricRegistriesImpl
datanode_3  | 2019-10-21 22:36:28,241 INFO impl.RaftServerImpl: 90a9f026-1c5f-433d-be1f-5c32ed97ab23@group-0087A86EF1BD: changes role from CANDIDATE to LEADER at term 1 for changeToLeader
om_1        | 2019-10-21 22:36:26,580 INFO impl.MetricsSystemImpl: OzoneManager metrics system started
scm_1       | 2019-10-21 22:36:21,473 INFO server.KerberosAuthenticationHandler: Using keytab /etc/security/keytabs/HTTP.keytab, for principal HTTP/scm@EXAMPLE.COM
kdc_1       | Entry for principal scm/6cf8eda79223@EXAMPLE.COM with kvno 2, encryption type aes128-cts-hmac-sha1-96 added to keytab WRFILE:/data/scm.6cf8eda79223.keytab.
datanode_2  | 2019-10-21 22:36:28,709 INFO server.RaftServerConfigKeys: raft.server.log.preallocated.size = 16384 (custom)
s3g_1       | df1090d533aa4491e3620acca5fec6f3a8268bad8e1cb9653cdd031261e29778, signature=71da3d546b9a62c3b8cd55074503e27061797e11bfbeb6aa9f2188da985dd631, awsAccessKeyId=dlfknslnfslf
datanode_1  | 2019-10-21 22:36:29,194 INFO server.RaftServerConfigKeys: raft.server.log.segment.cache.num.max = 2 (custom)
datanode_3  | 2019-10-21 22:36:28,241 INFO impl.RaftServerImpl: 90a9f026-1c5f-433d-be1f-5c32ed97ab23@group-0087A86EF1BD: change Leader from null to 90a9f026-1c5f-433d-be1f-5c32ed97ab23 at term 1 for becomeLeader, leader elected after 179ms
om_1        | 2019-10-21 22:36:26,616 [main] INFO       - Reading keypair and certificate from file system.
scm_1       | 2019-10-21 22:36:21,478 INFO handler.ContextHandler: Started o.e.j.w.WebAppContext@1bedc703{/,file:///tmp/jetty-0.0.0.0-9876-scm-_-any-10189932608021089969.dir/webapp/,AVAILABLE}{/scm}
kdc_1       | Generiting keytab
datanode_2  | 2019-10-21 22:36:28,709 INFO server.RaftServerConfigKeys: raft.server.log.write.buffer.size = 33554432 (custom)
s3g_1       | 2019-10-21 22:43:10,882 INFO retry.RetryInvocationHandler: com.google.protobuf.ServiceException: org.apache.hadoop.ipc.RemoteException(org.apache.hadoop.security.token.SecretManager$InvalidToken): No S3 secret found for S3 identifier:OzoneToken owner=dlfknslnfslf, renewer=, realUser=, issueDate=0, maxDate=0, sequenceNumber=0, masterKeyId=0, strToSign=AWS4-HMAC-SHA256
datanode_1  | 2019-10-21 22:36:29,201 INFO segmented.SegmentedRaftLogWorker: new 0891e8fd-f287-40f1-b590-6b65ea4d66a8@group-E0C16ECC4306-SegmentedRaftLogWorker for RaftStorage:Storage Directory /data/metadata/ratis/5358311f-e6dc-4b9c-af4b-e0c16ecc4306
datanode_3  | 2019-10-21 22:36:28,246 INFO server.RaftServerConfigKeys: raft.server.staging.catchup.gap = 1000 (default)
om_1        | 2019-10-21 22:36:26,631 [main] INFO       - Starting OM block token secret manager
scm_1       | 2019-10-21 22:36:21,483 INFO server.AbstractConnector: Started ServerConnector@29bcf51d{HTTP/1.1,[http/1.1]}{0.0.0.0:9876}
kdc_1       | Authenticating as principal admin/admin with keytab /tmp/admin.keytab.
datanode_2  | 2019-10-21 22:36:28,709 INFO server.RaftServerConfigKeys: raft.server.log.force.sync.num = 128 (default)
s3g_1       | 20191021T224310Z
datanode_1  | 2019-10-21 22:36:29,201 INFO server.RaftServerConfigKeys: raft.server.log.queue.byte-limit = 2147483647 (custom)
datanode_3  | 2019-10-21 22:36:28,246 INFO server.RaftServerConfigKeys: raft.server.rpc.sleep.time = 25ms (default)
om_1        | 2019-10-21 22:36:26,632 [main] INFO       - Updating the current master key for generating tokens
scm_1       | 2019-10-21 22:36:21,484 INFO server.Server: Started @4715ms
kdc_1       | WARNING: no policy specified for om/scm@EXAMPLE.COM; defaulting to no policy
datanode_2  | 2019-10-21 22:36:28,710 INFO server.RaftServerConfigKeys: raft.server.log.statemachine.data.sync = true (default)
s3g_1       | 20191021/us-west-1/s3/aws4_request
datanode_1  | 2019-10-21 22:36:29,202 INFO server.RaftServerConfigKeys: raft.server.log.queue.element-limit = 1024 (custom)
datanode_3  | 2019-10-21 22:36:28,250 INFO server.RaftServerConfigKeys: raft.server.write.element-limit = 4096 (default)
om_1        | 2019-10-21 22:36:26,633 [main] INFO       - Starting OM delegation token secret manager
scm_1       | 2019-10-21 22:36:21,486 INFO ipc.Server: Auth successful for dn/ef9e35e7e546@EXAMPLE.COM (auth:KERBEROS)
kdc_1       | Principal "om/scm@EXAMPLE.COM" created.
datanode_2  | 2019-10-21 22:36:28,710 INFO server.RaftServerConfigKeys: raft.server.log.statemachine.data.sync.timeout = 10s (default)
s3g_1       | df1090d533aa4491e3620acca5fec6f3a8268bad8e1cb9653cdd031261e29778, signature=71da3d546b9a62c3b8cd55074503e27061797e11bfbeb6aa9f2188da985dd631, awsAccessKeyId=dlfknslnfslf, while invoking $Proxy83.submitRequest over nodeId=null,nodeAddress=om:9862 after 8 failover attempts. Trying to failover immediately.
datanode_1  | 2019-10-21 22:36:29,203 INFO server.RaftServerConfigKeys: raft.server.log.segment.size.max = 1048576 (custom)
datanode_3  | 2019-10-21 22:36:28,254 INFO server.RaftServerConfigKeys: raft.server.watch.timeout = 10s (default)
om_1        | 2019-10-21 22:36:26,633 [main] INFO       - Updating the current master key for generating tokens
scm_1       | 2019-10-21 22:36:21,487 INFO ipc.Server: Auth successful for om/om@EXAMPLE.COM (auth:KERBEROS)
kdc_1       | Authenticating as principal admin/admin with keytab /tmp/admin.keytab.
datanode_2  | 2019-10-21 22:36:28,710 INFO server.RaftServerConfigKeys: raft.server.log.statemachine.data.sync.timeout.retry = -1 (default)
s3g_1       | 2019-10-21 22:43:10,888 WARN ipc.Client: Exception encountered while connecting to the server : org.apache.hadoop.ipc.RemoteException(org.apache.hadoop.security.token.SecretManager$InvalidToken): No S3 secret found for S3 identifier:OzoneToken owner=dlfknslnfslf, renewer=, realUser=, issueDate=0, maxDate=0, sequenceNumber=0, masterKeyId=0, strToSign=AWS4-HMAC-SHA256
datanode_1  | 2019-10-21 22:36:29,204 INFO server.RaftServerConfigKeys: raft.server.log.preallocated.size = 16384 (custom)
datanode_3  | 2019-10-21 22:36:28,254 INFO server.RaftServerConfigKeys: raft.server.watch.timeout.denomination = 1s (default)
om_1        | 2019-10-21 22:36:26,634 [Thread[Thread-11,5,main]] INFO       - Starting expired delegation token remover thread, tokenRemoverScanInterval=60 min(s)
scm_1       | 2019-10-21 22:36:21,488 INFO impl.MetricsSinkAdapter: Sink prometheus started
kdc_1       | Entry for principal om/scm@EXAMPLE.COM with kvno 2, encryption type aes256-cts-hmac-sha1-96 added to keytab WRFILE:/data/om.scm.keytab.
datanode_2  | 2019-10-21 22:36:28,718 INFO server.RaftServerConfigKeys: raft.server.log.statemachine.data.caching.enabled = true (custom)
s3g_1       | 20191021T224310Z
datanode_1  | 2019-10-21 22:36:29,204 INFO server.RaftServerConfigKeys: raft.server.log.write.buffer.size = 33554432 (custom)
datanode_3  | 2019-10-21 22:36:28,255 INFO server.RaftServerConfigKeys: raft.server.watch.element-limit = 65536 (default)
om_1        | 2019-10-21 22:36:26,655 INFO ipc.Server: IPC Server Responder: starting
scm_1       | 2019-10-21 22:36:21,488 INFO impl.MetricsSystemImpl: Registered sink prometheus
kdc_1       | Entry for principal om/scm@EXAMPLE.COM with kvno 2, encryption type aes128-cts-hmac-sha1-96 added to keytab WRFILE:/data/om.scm.keytab.
datanode_2  | 2019-10-21 22:36:28,722 INFO segmented.SegmentedRaftLogWorker: 2a2ce37d-77d1-4a26-9480-6c40dae2ef87@group-67209B6DA05C-SegmentedRaftLogWorker: flushIndex: setUnconditionally 0 -> -1
s3g_1       | 20191021/us-west-1/s3/aws4_request
datanode_1  | 2019-10-21 22:36:29,205 INFO server.RaftServerConfigKeys: raft.server.log.force.sync.num = 128 (default)
datanode_3  | 2019-10-21 22:36:28,285 INFO impl.RoleInfo: 90a9f026-1c5f-433d-be1f-5c32ed97ab23: start LeaderState
om_1        | 2019-10-21 22:36:26,655 INFO ipc.Server: IPC Server listener on 9862: starting
scm_1       | 2019-10-21 22:36:21,490 INFO ipc.Server: Auth successful for dn/6cf8eda79223@EXAMPLE.COM (auth:KERBEROS)
kdc_1       | Generiting keytab
datanode_2  | 2019-10-21 22:36:28,728 INFO server.RaftServerConfigKeys: raft.server.snapshot.auto.trigger.enabled = true (custom)
s3g_1       | df1090d533aa4491e3620acca5fec6f3a8268bad8e1cb9653cdd031261e29778, signature=71da3d546b9a62c3b8cd55074503e27061797e11bfbeb6aa9f2188da985dd631, awsAccessKeyId=dlfknslnfslf
datanode_1  | 2019-10-21 22:36:29,206 INFO server.RaftServerConfigKeys: raft.server.log.statemachine.data.sync = true (default)
datanode_3  | 2019-10-21 22:36:28,302 INFO segmented.SegmentedRaftLogWorker: 90a9f026-1c5f-433d-be1f-5c32ed97ab23@group-0087A86EF1BD-SegmentedRaftLogWorker: Starting segment from index:0
om_1        | 2019-10-21 22:36:26,687 INFO hdfs.DFSUtil: Starting web server as: HTTP/om@EXAMPLE.COM
kdc_1       | Authenticating as principal admin/admin with keytab /tmp/admin.keytab.
datanode_2  | 2019-10-21 22:36:28,729 INFO server.RaftServerConfigKeys: raft.server.snapshot.auto.trigger.threshold = 10000 (custom)
scm_1       | 2019-10-21 22:36:21,490 INFO server.BaseHttpServer: HTTP server of SCM is listening at http://0.0.0.0:9876
datanode_1  | 2019-10-21 22:36:29,206 INFO server.RaftServerConfigKeys: raft.server.log.statemachine.data.sync.timeout = 10s (default)
datanode_3  | 2019-10-21 22:36:28,310 INFO impl.RaftServerImpl: 90a9f026-1c5f-433d-be1f-5c32ed97ab23@group-0087A86EF1BD: set configuration 0: [90a9f026-1c5f-433d-be1f-5c32ed97ab23:172.18.0.10:9858], old=null at 0
s3g_1       | 2019-10-21 22:43:10,889 INFO retry.RetryInvocationHandler: com.google.protobuf.ServiceException: org.apache.hadoop.ipc.RemoteException(org.apache.hadoop.security.token.SecretManager$InvalidToken): No S3 secret found for S3 identifier:OzoneToken owner=dlfknslnfslf, renewer=, realUser=, issueDate=0, maxDate=0, sequenceNumber=0, masterKeyId=0, strToSign=AWS4-HMAC-SHA256
om_1        | 2019-10-21 22:36:26,687 INFO hdfs.DFSUtil: Starting Web-server for ozoneManager at: http://0.0.0.0:9874
kdc_1       | WARNING: no policy specified for dn/ef9e35e7e546@EXAMPLE.COM; defaulting to no policy
datanode_2  | 2019-10-21 22:36:28,730 INFO server.RaftServerConfigKeys: raft.server.snapshot.retention.file.num = 5 (custom)
scm_1       | 2019-10-21 22:36:21,494 INFO ipc.Server: Auth successful for dn/32907f2d1033@EXAMPLE.COM (auth:KERBEROS)
datanode_1  | 2019-10-21 22:36:29,206 INFO server.RaftServerConfigKeys: raft.server.log.statemachine.data.sync.timeout.retry = -1 (default)
s3g_1       | 20191021T224310Z
datanode_3  | 2019-10-21 22:36:28,410 INFO segmented.SegmentedRaftLogWorker: 90a9f026-1c5f-433d-be1f-5c32ed97ab23@group-0087A86EF1BD-SegmentedRaftLogWorker: created new log segment /data/metadata/ratis/8311904d-bc2c-467c-adee-0087a86ef1bd/current/log_inprogress_0
om_1        | 2019-10-21 22:36:26,791 INFO server.AuthenticationFilter: Unable to initialize FileSignerSecretProvider, falling back to use random secrets.
kdc_1       | Principal "dn/ef9e35e7e546@EXAMPLE.COM" created.
datanode_2  | 2019-10-21 22:36:28,731 INFO server.RaftServerConfigKeys: raft.server.retrycache.expirytime = 600000ms (custom)
scm_1       | 2019-10-21 22:36:21,498 INFO util.JvmPauseMonitor: Starting JVM pause monitor
datanode_1  | 2019-10-21 22:36:29,217 INFO server.RaftServerConfigKeys: raft.server.log.statemachine.data.caching.enabled = true (custom)
s3g_1       | 20191021/us-west-1/s3/aws4_request
datanode_3  | 2019-10-21 22:36:29,361 INFO impl.RaftServerProxy: 90a9f026-1c5f-433d-be1f-5c32ed97ab23: addNew group-DA692A1079DE:[0891e8fd-f287-40f1-b590-6b65ea4d66a8:172.18.0.6:9858, 2a2ce37d-77d1-4a26-9480-6c40dae2ef87:172.18.0.8:9858, 90a9f026-1c5f-433d-be1f-5c32ed97ab23:172.18.0.10:9858] returns group-DA692A1079DE:java.util.concurrent.CompletableFuture@13eebf7c[Not completed]
om_1        | 2019-10-21 22:36:26,795 INFO http.HttpRequestLog: Http request log for http.requests.ozoneManager is not defined
datanode_2  | 2019-10-21 22:36:28,767 INFO impl.RaftServerImpl: 2a2ce37d-77d1-4a26-9480-6c40dae2ef87@group-67209B6DA05C: start as a follower, conf=-1: [2a2ce37d-77d1-4a26-9480-6c40dae2ef87:172.18.0.8:9858], old=null
scm_1       | 2019-10-21 22:36:21,506 INFO authorize.ServiceAuthorizationManager: Authorization successful for dn/ef9e35e7e546@EXAMPLE.COM (auth:KERBEROS) for protocol=interface org.apache.hadoop.hdds.protocol.SCMSecurityProtocol
s3g_1       | df1090d533aa4491e3620acca5fec6f3a8268bad8e1cb9653cdd031261e29778, signature=71da3d546b9a62c3b8cd55074503e27061797e11bfbeb6aa9f2188da985dd631, awsAccessKeyId=dlfknslnfslf, while invoking $Proxy83.submitRequest over nodeId=null,nodeAddress=om:9862 after 9 failover attempts. Trying to failover immediately.
datanode_1  | 2019-10-21 22:36:29,221 INFO segmented.SegmentedRaftLogWorker: 0891e8fd-f287-40f1-b590-6b65ea4d66a8@group-E0C16ECC4306-SegmentedRaftLogWorker: flushIndex: setUnconditionally 0 -> -1
kdc_1       | Authenticating as principal admin/admin with keytab /tmp/admin.keytab.
datanode_3  | 2019-10-21 22:36:29,364 INFO impl.RaftServerImpl: 90a9f026-1c5f-433d-be1f-5c32ed97ab23: new RaftServerImpl for group-DA692A1079DE:[0891e8fd-f287-40f1-b590-6b65ea4d66a8:172.18.0.6:9858, 2a2ce37d-77d1-4a26-9480-6c40dae2ef87:172.18.0.8:9858, 90a9f026-1c5f-433d-be1f-5c32ed97ab23:172.18.0.10:9858] with ContainerStateMachine:uninitialized
om_1        | 2019-10-21 22:36:26,806 INFO http.HttpServer2: Added global filter 'safety' (class=org.apache.hadoop.http.HttpServer2$QuotingInputFilter)
datanode_2  | 2019-10-21 22:36:28,768 INFO impl.RaftServerImpl: 2a2ce37d-77d1-4a26-9480-6c40dae2ef87@group-67209B6DA05C: changes role from      null to FOLLOWER at term 0 for startAsFollower
scm_1       | 2019-10-21 22:36:21,506 INFO authorize.ServiceAuthorizationManager: Authorization successful for om/om@EXAMPLE.COM (auth:KERBEROS) for protocol=interface org.apache.hadoop.hdds.scm.protocol.ScmBlockLocationProtocol
s3g_1       | 2019-10-21 22:43:10,894 WARN ipc.Client: Exception encountered while connecting to the server : org.apache.hadoop.ipc.RemoteException(org.apache.hadoop.security.token.SecretManager$InvalidToken): No S3 secret found for S3 identifier:OzoneToken owner=dlfknslnfslf, renewer=, realUser=, issueDate=0, maxDate=0, sequenceNumber=0, masterKeyId=0, strToSign=AWS4-HMAC-SHA256
datanode_1  | 2019-10-21 22:36:29,226 INFO server.RaftServerConfigKeys: raft.server.snapshot.auto.trigger.enabled = true (custom)
datanode_3  | 2019-10-21 22:36:29,364 INFO server.RaftServerConfigKeys: raft.server.rpc.timeout.min = 5s (custom)
kdc_1       | Entry for principal dn/ef9e35e7e546@EXAMPLE.COM with kvno 2, encryption type aes256-cts-hmac-sha1-96 added to keytab WRFILE:/data/dn.ef9e35e7e546.keytab.
datanode_2  | 2019-10-21 22:36:28,770 INFO impl.RoleInfo: 2a2ce37d-77d1-4a26-9480-6c40dae2ef87: start FollowerState
s3g_1       | 20191021T224310Z
scm_1       | 2019-10-21 22:36:21,508 INFO authorize.ServiceAuthorizationManager: Authorization successful for dn/6cf8eda79223@EXAMPLE.COM (auth:KERBEROS) for protocol=interface org.apache.hadoop.hdds.protocol.SCMSecurityProtocol
om_1        | 2019-10-21 22:36:26,809 INFO http.HttpServer2: Added filter authentication (class=org.apache.hadoop.security.authentication.server.AuthenticationFilter) to context ozoneManager
datanode_1  | 2019-10-21 22:36:29,226 INFO server.RaftServerConfigKeys: raft.server.snapshot.auto.trigger.threshold = 10000 (custom)
datanode_3  | 2019-10-21 22:36:29,364 INFO server.RaftServerConfigKeys: raft.server.rpc.timeout.max = 5200ms (custom)
kdc_1       | Entry for principal dn/ef9e35e7e546@EXAMPLE.COM with kvno 2, encryption type aes128-cts-hmac-sha1-96 added to keytab WRFILE:/data/dn.ef9e35e7e546.keytab.
