om_1        | ************************************************************/
rm_1        | 2019-10-09 23:34:57 INFO  Groups:387 - clearing userToGroupsMap cache
nm_1        | STARTUP_MSG:   build = Unknown -r c1aad84bd27cd79c3d1a7dd58202a8c3ee1ed3ac; compiled by 'stevel' on 2018-07-18T22:47Z
datanode_2  | 2019-10-09 23:35:00,447 INFO http.HttpServer2: Added global filter 'safety' (class=org.apache.hadoop.http.HttpServer2$QuotingInputFilter)
datanode_3  | 2019-10-09 23:35:00,468 INFO http.HttpServer2: Added filter static_user_filter (class=org.apache.hadoop.http.lib.StaticUserWebFilter$StaticUserFilter) to context logs
datanode_1  | 2019-10-09 23:34:59,884 INFO server.GrpcService: raft.grpc.message.size.max = 33570816 (custom)
om_1        | 2019-10-09 23:35:08,080 [main] INFO       - registered UNIX signal handlers for [TERM, HUP, INT]
scm_1       | 2019-10-09 23:35:00,815 WARN server.ServerUtils: ozone.scm.db.dirs is not configured. We recommend adding this setting. Falling back to ozone.metadata.dirs instead.
rm_1        | 2019-10-09 23:34:57 INFO  Configuration:2427 - found resource yarn-site.xml at file:/opt/hadoop/etc/hadoop/yarn-site.xml
nm_1        | STARTUP_MSG:   java = 1.8.0_181
datanode_2  | 2019-10-09 23:35:00,450 INFO http.HttpServer2: Added filter static_user_filter (class=org.apache.hadoop.http.lib.StaticUserWebFilter$StaticUserFilter) to context hddsDatanode
datanode_3  | 2019-10-09 23:35:00,496 INFO http.HttpServer2: Jetty bound to port 9882
datanode_1  | 2019-10-09 23:34:59,886 INFO server.RaftServerConfigKeys: raft.server.log.appender.buffer.byte-limit = 33554432 (custom)
om_1        | 2019-10-09 23:35:09,003 [main] INFO       - Configuration either no ozone.om.address set. Falling back to the default OM address om/172.18.0.4:9862
scm_1       | 2019-10-09 23:35:00,835 WARN server.ServerUtils: ozone.scm.db.dirs is not configured. We recommend adding this setting. Falling back to ozone.metadata.dirs instead.
rm_1        | 2019-10-09 23:34:58 INFO  AsyncDispatcher:209 - Registering class org.apache.hadoop.yarn.server.resourcemanager.RMFatalEventType for class org.apache.hadoop.yarn.server.resourcemanager.ResourceManager$RMFatalEventDispatcher
nm_1        | ************************************************************/
datanode_3  | 2019-10-09 23:35:00,498 INFO server.Server: jetty-9.3.25.v20180904, build timestamp: 2018-09-04T21:11:46Z, git hash: 3ce520221d0240229c862b122d2b06c12a625732
datanode_1  | 2019-10-09 23:34:59,887 INFO server.GrpcService: raft.grpc.flow.control.window = 1MB (=1048576) (default)
datanode_2  | 2019-10-09 23:35:00,450 INFO http.HttpServer2: Added filter static_user_filter (class=org.apache.hadoop.http.lib.StaticUserWebFilter$StaticUserFilter) to context logs
om_1        | 2019-10-09 23:35:09,004 [main] INFO       - OM Service ID is not set. Setting it to the default ID: omServiceIdDefault
scm_1       | 2019-10-09 23:35:00,872 INFO util.log: Logging initialized @1505ms
rm_1        | 2019-10-09 23:34:58 INFO  NMTokenSecretManagerInRM:75 - NMTokenKeyRollingInterval: 86400000ms and NMTokenKeyActivationDelay: 900000ms
nm_1        | 2019-10-09 23:34:58 INFO  NodeManager:45 - registered UNIX signal handlers for [TERM, HUP, INT]
datanode_3  | 2019-10-09 23:35:00,540 INFO handler.ContextHandler: Started o.e.j.s.ServletContextHandler@60c8a093{/logs,file:///var/log/hadoop/,AVAILABLE}
datanode_1  | 2019-10-09 23:34:59,888 INFO server.RaftServerConfigKeys: raft.server.rpc.request.timeout = 3000ms (default)
datanode_2  | 2019-10-09 23:35:00,450 INFO http.HttpServer2: Added filter static_user_filter (class=org.apache.hadoop.http.lib.StaticUserWebFilter$StaticUserFilter) to context static
om_1        | 2019-10-09 23:35:09,008 WARN server.ServerUtils: ozone.om.db.dirs is not configured. We recommend adding this setting. Falling back to ozone.metadata.dirs instead.
scm_1       | 2019-10-09 23:35:01,029 INFO db.DBStoreBuilder: using custom profile for table: deletedBlocks
rm_1        | 2019-10-09 23:34:58 INFO  RMContainerTokenSecretManager:77 - ContainerTokenKeyRollingInterval: 86400000ms and ContainerTokenKeyActivationDelay: 900000ms
nm_1        | 2019-10-09 23:34:59 INFO  AsyncDispatcher:209 - Registering class org.apache.hadoop.yarn.server.nodemanager.containermanager.container.ContainerEventType for class org.apache.hadoop.yarn.server.nodemanager.containermanager.ContainerManagerImpl$ContainerEventDispatcher
datanode_3  | 2019-10-09 23:35:00,542 INFO handler.ContextHandler: Started o.e.j.s.ServletContextHandler@75d982d3{/static,jar:file:/opt/hadoop/share/ozone/lib/hadoop-hdds-container-service-0.5.0-SNAPSHOT.jar!/webapps/static,AVAILABLE}
datanode_1  | 2019-10-09 23:35:00,068 INFO server.RaftServerConfigKeys: raft.server.storage.dir = [/data/metadata/ratis] (custom)
datanode_2  | 2019-10-09 23:35:00,497 INFO http.HttpServer2: Jetty bound to port 9882
om_1        | 2019-10-09 23:35:09,018 WARN server.ServerUtils: ozone.om.db.dirs is not configured. We recommend adding this setting. Falling back to ozone.metadata.dirs instead.
scm_1       | 2019-10-09 23:35:01,029 INFO db.DBStoreBuilder: Using default column profile:DBProfile.DISK for Table:deletedBlocks
rm_1        | 2019-10-09 23:34:58 INFO  AMRMTokenSecretManager:94 - AMRMTokenKeyRollingInterval: 86400000ms and AMRMTokenKeyActivationDelay: 900000 ms
nm_1        | 2019-10-09 23:34:59 INFO  AsyncDispatcher:209 - Registering class org.apache.hadoop.yarn.server.nodemanager.containermanager.application.ApplicationEventType for class org.apache.hadoop.yarn.server.nodemanager.containermanager.ContainerManagerImpl$ApplicationEventDispatcher
datanode_3  | 2019-10-09 23:35:00,658 INFO handler.ContextHandler: Started o.e.j.w.WebAppContext@574b7f4a{/,file:///tmp/jetty-0.0.0.0-9882-hddsDatanode-_-any-11870304530793533052.dir/webapp/,AVAILABLE}{/hddsDatanode}
datanode_1  | 2019-10-09 23:35:00,256 INFO hdfs.DFSUtil: Starting Web-server for hddsDatanode at: http://0.0.0.0:9882
datanode_2  | 2019-10-09 23:35:00,499 INFO server.Server: jetty-9.3.25.v20180904, build timestamp: 2018-09-04T21:11:46Z, git hash: 3ce520221d0240229c862b122d2b06c12a625732
om_1        | 2019-10-09 23:35:09,765 WARN server.ServerUtils: ozone.om.db.dirs is not configured. We recommend adding this setting. Falling back to ozone.metadata.dirs instead.
scm_1       | 2019-10-09 23:35:01,029 INFO db.DBStoreBuilder: using custom profile for table: validCerts
rm_1        | 2019-10-09 23:34:58 INFO  AsyncDispatcher:209 - Registering class org.apache.hadoop.yarn.server.resourcemanager.recovery.RMStateStoreEventType for class org.apache.hadoop.yarn.server.resourcemanager.recovery.RMStateStore$ForwardingEventHandler
nm_1        | 2019-10-09 23:34:59 INFO  AsyncDispatcher:209 - Registering class org.apache.hadoop.yarn.server.nodemanager.containermanager.localizer.event.LocalizationEventType for class org.apache.hadoop.yarn.server.nodemanager.containermanager.localizer.ResourceLocalizationService
datanode_3  | 2019-10-09 23:35:00,668 INFO server.AbstractConnector: Started ServerConnector@74755f68{HTTP/1.1,[http/1.1]}{0.0.0.0:9882}
datanode_1  | 2019-10-09 23:35:00,288 INFO util.log: Logging initialized @3413ms
datanode_2  | 2019-10-09 23:35:00,557 INFO handler.ContextHandler: Started o.e.j.s.ServletContextHandler@50fb33a{/logs,file:///var/log/hadoop/,AVAILABLE}
om_1        | 2019-10-09 23:35:09,790 INFO util.log: Logging initialized @2517ms
scm_1       | 2019-10-09 23:35:01,029 INFO db.DBStoreBuilder: Using default column profile:DBProfile.DISK for Table:validCerts
rm_1        | 2019-10-09 23:34:58 INFO  AsyncDispatcher:209 - Registering class org.apache.hadoop.yarn.server.resourcemanager.NodesListManagerEventType for class org.apache.hadoop.yarn.server.resourcemanager.NodesListManager
nm_1        | 2019-10-09 23:34:59 INFO  AsyncDispatcher:209 - Registering class org.apache.hadoop.yarn.server.nodemanager.containermanager.AuxServicesEventType for class org.apache.hadoop.yarn.server.nodemanager.containermanager.AuxServices
datanode_3  | 2019-10-09 23:35:00,668 INFO server.Server: Started @3793ms
datanode_1  | 2019-10-09 23:35:00,415 INFO server.AuthenticationFilter: Unable to initialize FileSignerSecretProvider, falling back to use random secrets.
datanode_2  | 2019-10-09 23:35:00,561 INFO handler.ContextHandler: Started o.e.j.s.ServletContextHandler@20b9d5d5{/static,jar:file:/opt/hadoop/share/ozone/lib/hadoop-hdds-container-service-0.5.0-SNAPSHOT.jar!/webapps/static,AVAILABLE}
om_1        | 2019-10-09 23:35:09,892 INFO db.DBStoreBuilder: using custom profile for table: userTable
scm_1       | 2019-10-09 23:35:01,029 INFO db.DBStoreBuilder: using custom profile for table: revokedCerts
rm_1        | 2019-10-09 23:34:58 INFO  ResourceManager:293 - Using Scheduler: org.apache.hadoop.yarn.server.resourcemanager.scheduler.capacity.CapacityScheduler
nm_1        | 2019-10-09 23:34:59 INFO  AsyncDispatcher:209 - Registering class org.apache.hadoop.yarn.server.nodemanager.containermanager.monitor.ContainersMonitorEventType for class org.apache.hadoop.yarn.server.nodemanager.containermanager.monitor.ContainersMonitorImpl
datanode_1  | 2019-10-09 23:35:00,419 INFO http.HttpRequestLog: Http request log for http.requests.hddsDatanode is not defined
datanode_3  | 2019-10-09 23:35:00,672 INFO impl.MetricsSinkAdapter: Sink prometheus started
datanode_2  | 2019-10-09 23:35:00,703 INFO handler.ContextHandler: Started o.e.j.w.WebAppContext@17dd671f{/,file:///tmp/jetty-0.0.0.0-9882-hddsDatanode-_-any-6879129101631854534.dir/webapp/,AVAILABLE}{/hddsDatanode}
om_1        | 2019-10-09 23:35:09,892 INFO db.DBStoreBuilder: Using default column profile:DBProfile.DISK for Table:userTable
scm_1       | 2019-10-09 23:35:01,029 INFO db.DBStoreBuilder: Using default column profile:DBProfile.DISK for Table:revokedCerts
rm_1        | 2019-10-09 23:34:58 INFO  AsyncDispatcher:209 - Registering class org.apache.hadoop.yarn.server.resourcemanager.scheduler.event.SchedulerEventType for class org.apache.hadoop.yarn.server.resourcemanager.ResourceManager$SchedulerEventDispatcher
nm_1        | 2019-10-09 23:34:59 INFO  AsyncDispatcher:209 - Registering class org.apache.hadoop.yarn.server.nodemanager.containermanager.launcher.ContainersLauncherEventType for class org.apache.hadoop.yarn.server.nodemanager.containermanager.launcher.ContainersLauncher
datanode_1  | 2019-10-09 23:35:00,429 INFO http.HttpServer2: Added global filter 'safety' (class=org.apache.hadoop.http.HttpServer2$QuotingInputFilter)
datanode_3  | 2019-10-09 23:35:00,672 INFO impl.MetricsSystemImpl: Registered sink prometheus
datanode_2  | 2019-10-09 23:35:00,719 INFO server.AbstractConnector: Started ServerConnector@42654c27{HTTP/1.1,[http/1.1]}{0.0.0.0:9882}
om_1        | 2019-10-09 23:35:09,892 INFO db.DBStoreBuilder: using custom profile for table: volumeTable
scm_1       | 2019-10-09 23:35:01,039 INFO db.DBStoreBuilder: using custom profile for table: default
rm_1        | 2019-10-09 23:34:58 INFO  AsyncDispatcher:209 - Registering class org.apache.hadoop.yarn.server.resourcemanager.rmapp.RMAppEventType for class org.apache.hadoop.yarn.server.resourcemanager.ResourceManager$ApplicationEventDispatcher
nm_1        | 2019-10-09 23:34:59 INFO  AsyncDispatcher:209 - Registering class org.apache.hadoop.yarn.server.nodemanager.ContainerManagerEventType for class org.apache.hadoop.yarn.server.nodemanager.containermanager.ContainerManagerImpl
datanode_3  | 2019-10-09 23:35:00,675 INFO server.BaseHttpServer: HTTP server of HDDSDATANODE is listening at http://0.0.0.0:9882
datanode_1  | 2019-10-09 23:35:00,432 INFO http.HttpServer2: Added filter static_user_filter (class=org.apache.hadoop.http.lib.StaticUserWebFilter$StaticUserFilter) to context hddsDatanode
datanode_2  | 2019-10-09 23:35:00,720 INFO server.Server: Started @3843ms
scm_1       | 2019-10-09 23:35:01,039 INFO db.DBStoreBuilder: Using default column profile:DBProfile.DISK for Table:default
rm_1        | 2019-10-09 23:34:58 INFO  AsyncDispatcher:209 - Registering class org.apache.hadoop.yarn.server.resourcemanager.rmapp.attempt.RMAppAttemptEventType for class org.apache.hadoop.yarn.server.resourcemanager.ResourceManager$ApplicationAttemptEventDispatcher
om_1        | 2019-10-09 23:35:09,892 INFO db.DBStoreBuilder: Using default column profile:DBProfile.DISK for Table:volumeTable
nm_1        | 2019-10-09 23:34:59 INFO  AsyncDispatcher:209 - Registering class org.apache.hadoop.yarn.server.nodemanager.NodeManagerEventType for class org.apache.hadoop.yarn.server.nodemanager.NodeManager
datanode_3  | 2019-10-09 23:35:00,691 INFO util.JvmPauseMonitor: Starting JVM pause monitor
datanode_1  | 2019-10-09 23:35:00,432 INFO http.HttpServer2: Added filter static_user_filter (class=org.apache.hadoop.http.lib.StaticUserWebFilter$StaticUserFilter) to context logs
scm_1       | 2019-10-09 23:35:01,040 INFO db.DBStoreBuilder: Using default options. DBProfile.DISK
rm_1        | 2019-10-09 23:34:58 INFO  AsyncDispatcher:209 - Registering class org.apache.hadoop.yarn.server.resourcemanager.rmnode.RMNodeEventType for class org.apache.hadoop.yarn.server.resourcemanager.ResourceManager$NodeEventDispatcher
nm_1        | 2019-10-09 23:34:59 INFO  MetricsConfig:112 - loaded properties from hadoop-metrics2.properties
om_1        | 2019-10-09 23:35:09,892 INFO db.DBStoreBuilder: using custom profile for table: bucketTable
datanode_2  | 2019-10-09 23:35:00,723 INFO impl.MetricsSinkAdapter: Sink prometheus started
datanode_3  | 2019-10-09 23:35:00,886 [Datanode State Machine Thread - 0] INFO       - DatanodeDetails is persisted to /data/metadata/datanode.id
datanode_1  | 2019-10-09 23:35:00,432 INFO http.HttpServer2: Added filter static_user_filter (class=org.apache.hadoop.http.lib.StaticUserWebFilter$StaticUserFilter) to context static
scm_1       | 2019-10-09 23:35:01,302 INFO net.NodeSchemaLoader: Loading file from java.lang.CompoundEnumeration@4e07b95f
rm_1        | 2019-10-09 23:34:58 INFO  MetricsConfig:112 - loaded properties from hadoop-metrics2.properties
nm_1        | 2019-10-09 23:34:59 INFO  MetricsSystemImpl:376 - Scheduled snapshot period at 10 second(s).
om_1        | 2019-10-09 23:35:09,893 INFO db.DBStoreBuilder: Using default column profile:DBProfile.DISK for Table:bucketTable
datanode_2  | 2019-10-09 23:35:00,723 INFO impl.MetricsSystemImpl: Registered sink prometheus
datanode_1  | 2019-10-09 23:35:00,464 INFO http.HttpServer2: Jetty bound to port 9882
datanode_3  | 2019-10-09 23:35:03,708 [Datanode State Machine Thread - 0] INFO       - Attempting to start container services.
scm_1       | 2019-10-09 23:35:01,303 INFO net.NodeSchemaLoader: Loading network topology layer schema file
rm_1        | 2019-10-09 23:34:58 INFO  MetricsSystemImpl:376 - Scheduled snapshot period at 10 second(s).
nm_1        | 2019-10-09 23:34:59 INFO  MetricsSystemImpl:192 - NodeManager metrics system started
om_1        | 2019-10-09 23:35:09,893 INFO db.DBStoreBuilder: using custom profile for table: keyTable
datanode_2  | 2019-10-09 23:35:00,726 INFO server.BaseHttpServer: HTTP server of HDDSDATANODE is listening at http://0.0.0.0:9882
datanode_1  | 2019-10-09 23:35:00,466 INFO server.Server: jetty-9.3.25.v20180904, build timestamp: 2018-09-04T21:11:46Z, git hash: 3ce520221d0240229c862b122d2b06c12a625732
scm_1       | 2019-10-09 23:35:01,403 INFO node.SCMNodeManager: Entering startup safe mode.
rm_1        | 2019-10-09 23:34:58 INFO  MetricsSystemImpl:192 - ResourceManager metrics system started
om_1        | 2019-10-09 23:35:09,893 INFO db.DBStoreBuilder: Using default column profile:DBProfile.DISK for Table:keyTable
nm_1        | 2019-10-09 23:34:59 INFO  AsyncDispatcher:209 - Registering class org.apache.hadoop.yarn.server.nodemanager.containermanager.loghandler.event.LogHandlerEventType for class org.apache.hadoop.yarn.server.nodemanager.containermanager.loghandler.NonAggregatingLogHandler
datanode_2  | 2019-10-09 23:35:00,741 INFO util.JvmPauseMonitor: Starting JVM pause monitor
datanode_1  | 2019-10-09 23:35:00,529 INFO handler.ContextHandler: Started o.e.j.s.ServletContextHandler@68b9834c{/logs,file:///var/log/hadoop/,AVAILABLE}
datanode_3  | 2019-10-09 23:35:03,711 [Datanode State Machine Thread - 0] INFO       - Background container scanner has been disabled.
scm_1       | 2019-10-09 23:35:01,525 INFO algorithms.ContainerPlacementPolicyFactory: Create container placement policy of type org.apache.hadoop.hdds.scm.container.placement.algorithms.SCMContainerPlacementRandom
rm_1        | 2019-10-09 23:34:58 INFO  AsyncDispatcher:209 - Registering class org.apache.hadoop.yarn.server.resourcemanager.RMAppManagerEventType for class org.apache.hadoop.yarn.server.resourcemanager.RMAppManager
om_1        | 2019-10-09 23:35:09,893 INFO db.DBStoreBuilder: using custom profile for table: deletedTable
nm_1        | 2019-10-09 23:34:59 INFO  AsyncDispatcher:209 - Registering class org.apache.hadoop.yarn.server.nodemanager.containermanager.localizer.sharedcache.SharedCacheUploadEventType for class org.apache.hadoop.yarn.server.nodemanager.containermanager.localizer.sharedcache.SharedCacheUploadService
datanode_2  | 2019-10-09 23:35:00,965 [Datanode State Machine Thread - 0] INFO       - DatanodeDetails is persisted to /data/metadata/datanode.id
datanode_1  | 2019-10-09 23:35:00,530 INFO handler.ContextHandler: Started o.e.j.s.ServletContextHandler@c755b2{/static,jar:file:/opt/hadoop/share/ozone/lib/hadoop-hdds-container-service-0.5.0-SNAPSHOT.jar!/webapps/static,AVAILABLE}
datanode_3  | 2019-10-09 23:35:03,713 [Datanode State Machine Thread - 0] INFO       - Starting XceiverServerRatis 93ff075b-c6fe-4a93-816e-87e7a28a5669 at port 9858
scm_1       | 2019-10-09 23:35:01,536 WARN server.ServerUtils: ozone.scm.db.dirs is not configured. We recommend adding this setting. Falling back to ozone.metadata.dirs instead.
rm_1        | 2019-10-09 23:34:58 INFO  AsyncDispatcher:209 - Registering class org.apache.hadoop.yarn.server.resourcemanager.amlauncher.AMLauncherEventType for class org.apache.hadoop.yarn.server.resourcemanager.amlauncher.ApplicationMasterLauncher
om_1        | 2019-10-09 23:35:09,893 INFO db.DBStoreBuilder: Using default column profile:DBProfile.DISK for Table:deletedTable
nm_1        | 2019-10-09 23:34:59 INFO  ResourceLocalizationService:219 - per directory file limit = 8192
datanode_2  | 2019-10-09 23:35:03,713 [Datanode State Machine Thread - 0] INFO       - Attempting to start container services.
datanode_1  | 2019-10-09 23:35:00,695 INFO handler.ContextHandler: Started o.e.j.w.WebAppContext@e26af6{/,file:///tmp/jetty-0.0.0.0-9882-hddsDatanode-_-any-16628012506643275371.dir/webapp/,AVAILABLE}{/hddsDatanode}
datanode_3  | 2019-10-09 23:35:03,733 INFO impl.RaftServerProxy: 93ff075b-c6fe-4a93-816e-87e7a28a5669: start RPC server
scm_1       | 2019-10-09 23:35:01,760 INFO pipeline.SCMPipelineManager: No pipeline exists in current db
om_1        | 2019-10-09 23:35:09,893 INFO db.DBStoreBuilder: using custom profile for table: openKeyTable
nm_1        | 2019-10-09 23:34:59 INFO  AsyncDispatcher:209 - Registering class org.apache.hadoop.yarn.server.nodemanager.containermanager.localizer.event.LocalizerEventType for class org.apache.hadoop.yarn.server.nodemanager.containermanager.localizer.ResourceLocalizationService$LocalizerTracker
rm_1        | 2019-10-09 23:34:58 INFO  RMNMInfo:63 - Registered RMNMInfo MBean
datanode_2  | 2019-10-09 23:35:03,716 [Datanode State Machine Thread - 0] INFO       - Background container scanner has been disabled.
datanode_1  | 2019-10-09 23:35:00,707 INFO server.AbstractConnector: Started ServerConnector@c838f93{HTTP/1.1,[http/1.1]}{0.0.0.0:9882}
datanode_3  | 2019-10-09 23:35:03,833 INFO server.GrpcService: 93ff075b-c6fe-4a93-816e-87e7a28a5669: GrpcService started, listening on 0.0.0.0/0.0.0.0:9858
scm_1       | 2019-10-09 23:35:01,762 WARN server.ServerUtils: ozone.scm.db.dirs is not configured. We recommend adding this setting. Falling back to ozone.metadata.dirs instead.
om_1        | 2019-10-09 23:35:09,894 INFO db.DBStoreBuilder: Using default column profile:DBProfile.DISK for Table:openKeyTable
nm_1        | 2019-10-09 23:34:59 WARN  AuxServices:130 - The Auxilurary Service named 'mapreduce_shuffle' in the configuration is for class org.apache.hadoop.mapred.ShuffleHandler which has a name of 'httpshuffle'. Because these are not the same tools trying to send ServiceData and read Service Meta Data may have issues unless the refer to the name in the config.
rm_1        | 2019-10-09 23:34:58 INFO  YarnAuthorizationProvider:57 - org.apache.hadoop.yarn.security.ConfiguredYarnAuthorizer is instiantiated.
datanode_2  | 2019-10-09 23:35:03,716 [Datanode State Machine Thread - 0] INFO       - Starting XceiverServerRatis 3e005aca-6032-46dd-8604-fd7028da1b99 at port 9858
datanode_3  | WARNING: An illegal reflective access operation has occurred
datanode_1  | 2019-10-09 23:35:00,710 INFO server.Server: Started @3832ms
scm_1       | 2019-10-09 23:35:01,895 WARN events.EventQueue: No event handler registered for event TypedEvent{payloadType=SafeModeStatus, name='SafeModeStatus'}
om_1        | 2019-10-09 23:35:09,894 INFO db.DBStoreBuilder: using custom profile for table: s3Table
nm_1        | 2019-10-09 23:34:59 INFO  AuxServices:72 - Adding auxiliary service httpshuffle, "mapreduce_shuffle"
rm_1        | 2019-10-09 23:34:58 INFO  HostsFileReader:131 - Refreshing hosts (include/exclude) list
datanode_2  | 2019-10-09 23:35:03,735 INFO impl.RaftServerProxy: 3e005aca-6032-46dd-8604-fd7028da1b99: start RPC server
datanode_3  | WARNING: Illegal reflective access by org.apache.ratis.thirdparty.com.google.protobuf.UnsafeUtil (file:/opt/hadoop/share/ozone/lib/ratis-thirdparty-misc-0.2.0.jar) to field java.nio.Buffer.address
datanode_1  | 2019-10-09 23:35:00,715 INFO impl.MetricsSinkAdapter: Sink prometheus started
scm_1       | 2019-10-09 23:35:02,516 INFO ipc.CallQueueManager: Using callQueue: class java.util.concurrent.LinkedBlockingQueue, queueCapacity: 1000, scheduler: class org.apache.hadoop.ipc.DefaultRpcScheduler, ipcBackoff: false.
om_1        | 2019-10-09 23:35:09,894 INFO db.DBStoreBuilder: Using default column profile:DBProfile.DISK for Table:s3Table
nm_1        | 2019-10-09 23:34:59 INFO  ContainersMonitorImpl:106 -  Using ResourceCalculatorPlugin : org.apache.hadoop.yarn.util.LinuxResourceCalculatorPlugin@264f218
rm_1        | 2019-10-09 23:34:58 INFO  Configuration:2427 - found resource capacity-scheduler.xml at file:/opt/hadoop/etc/hadoop/capacity-scheduler.xml
datanode_2  | 2019-10-09 23:35:03,847 INFO server.GrpcService: 3e005aca-6032-46dd-8604-fd7028da1b99: GrpcService started, listening on 0.0.0.0/0.0.0.0:9858
datanode_3  | WARNING: Please consider reporting this to the maintainers of org.apache.ratis.thirdparty.com.google.protobuf.UnsafeUtil
datanode_1  | 2019-10-09 23:35:00,715 INFO impl.MetricsSystemImpl: Registered sink prometheus
scm_1       | 2019-10-09 23:35:02,540 INFO ipc.Server: Starting Socket Reader #1 for port 9861
om_1        | 2019-10-09 23:35:09,894 INFO db.DBStoreBuilder: using custom profile for table: multipartInfoTable
nm_1        | 2019-10-09 23:34:59 INFO  ContainersMonitorImpl:111 -  Using ResourceCalculatorProcessTree : null
datanode_2  | WARNING: An illegal reflective access operation has occurred
datanode_3  | WARNING: Use --illegal-access=warn to enable warnings of further illegal reflective access operations
datanode_1  | 2019-10-09 23:35:00,717 INFO server.BaseHttpServer: HTTP server of HDDSDATANODE is listening at http://0.0.0.0:9882
rm_1        | 2019-10-09 23:34:58 INFO  CapacitySchedulerConfiguration:603 - max alloc mb per queue for root is undefined
scm_1       | 2019-10-09 23:35:02,564 INFO ipc.CallQueueManager: Using callQueue: class java.util.concurrent.LinkedBlockingQueue, queueCapacity: 1000, scheduler: class org.apache.hadoop.ipc.DefaultRpcScheduler, ipcBackoff: false.
om_1        | 2019-10-09 23:35:09,894 INFO db.DBStoreBuilder: Using default column profile:DBProfile.DISK for Table:multipartInfoTable
nm_1        | 2019-10-09 23:34:59 INFO  ContainersMonitorImpl:151 - Physical memory check enabled: false
datanode_2  | WARNING: Illegal reflective access by org.apache.ratis.thirdparty.com.google.protobuf.UnsafeUtil (file:/opt/hadoop/share/ozone/lib/ratis-thirdparty-misc-0.2.0.jar) to field java.nio.Buffer.address
datanode_3  | WARNING: All illegal access operations will be denied in a future release
datanode_1  | 2019-10-09 23:35:00,737 INFO util.JvmPauseMonitor: Starting JVM pause monitor
rm_1        | 2019-10-09 23:34:58 INFO  CapacitySchedulerConfiguration:607 - max alloc vcore per queue for root is undefined
scm_1       | 2019-10-09 23:35:02,565 INFO ipc.Server: Starting Socket Reader #1 for port 9863
om_1        | 2019-10-09 23:35:09,894 INFO db.DBStoreBuilder: using custom profile for table: dTokenTable
nm_1        | 2019-10-09 23:34:59 INFO  ContainersMonitorImpl:152 - Virtual memory check enabled: false
datanode_2  | WARNING: Please consider reporting this to the maintainers of org.apache.ratis.thirdparty.com.google.protobuf.UnsafeUtil
datanode_3  | 2019-10-09 23:35:05,675 INFO impl.RaftServerProxy: 93ff075b-c6fe-4a93-816e-87e7a28a5669: addNew group-CB5B1CDD1655:[93ff075b-c6fe-4a93-816e-87e7a28a5669:172.18.0.7:9858] returns group-CB5B1CDD1655:java.util.concurrent.CompletableFuture@645a966e[Not completed]
rm_1        | 2019-10-09 23:34:58 INFO  ParentQueue:121 - root, capacity=1.0, asboluteCapacity=1.0, maxCapacity=1.0, asboluteMaxCapacity=1.0, state=RUNNING, acls=SUBMIT_APP:*ADMINISTER_QUEUE:*, labels=*,
datanode_1  | 2019-10-09 23:35:00,989 [Datanode State Machine Thread - 0] INFO       - DatanodeDetails is persisted to /data/metadata/datanode.id
scm_1       | 2019-10-09 23:35:02,573 INFO ipc.CallQueueManager: Using callQueue: class java.util.concurrent.LinkedBlockingQueue, queueCapacity: 1000, scheduler: class org.apache.hadoop.ipc.DefaultRpcScheduler, ipcBackoff: false.
om_1        | 2019-10-09 23:35:09,895 INFO db.DBStoreBuilder: Using default column profile:DBProfile.DISK for Table:dTokenTable
nm_1        | 2019-10-09 23:34:59 INFO  NodeStatusUpdaterImpl:181 - Initialized nodemanager for null: physical-memory=8192 virtual-memory=17204 virtual-cores=8
datanode_2  | WARNING: Use --illegal-access=warn to enable warnings of further illegal reflective access operations
datanode_3  | 2019-10-09 23:35:05,691 INFO impl.RaftServerImpl: 93ff075b-c6fe-4a93-816e-87e7a28a5669: new RaftServerImpl for group-CB5B1CDD1655:[93ff075b-c6fe-4a93-816e-87e7a28a5669:172.18.0.7:9858] with ContainerStateMachine:uninitialized
rm_1        | , reservationsContinueLooking=true
datanode_1  | 2019-10-09 23:35:03,708 [Datanode State Machine Thread - 0] INFO       - Attempting to start container services.
scm_1       | 2019-10-09 23:35:02,573 INFO ipc.Server: Starting Socket Reader #1 for port 9860
om_1        | 2019-10-09 23:35:09,895 INFO db.DBStoreBuilder: using custom profile for table: s3SecretTable
nm_1        | 2019-10-09 23:35:00 INFO  CallQueueManager:57 - Using callQueue: class java.util.concurrent.LinkedBlockingQueue queueCapacity: 2000
datanode_2  | WARNING: All illegal access operations will be denied in a future release
rm_1        | 2019-10-09 23:34:58 INFO  ParentQueue:100 - Initialized parent-queue root name=root, fullname=root
datanode_1  | 2019-10-09 23:35:03,711 [Datanode State Machine Thread - 0] INFO       - Background container scanner has been disabled.
datanode_3  | 2019-10-09 23:35:05,692 INFO server.RaftServerConfigKeys: raft.server.rpc.timeout.min = 5s (custom)
scm_1       | 2019-10-09 23:35:02,603 INFO hdfs.DFSUtil: Starting Web-server for scm at: http://0.0.0.0:9876
om_1        | 2019-10-09 23:35:09,895 INFO db.DBStoreBuilder: Using default column profile:DBProfile.DISK for Table:s3SecretTable
nm_1        | 2019-10-09 23:35:00 INFO  Server:722 - Starting Socket Reader #1 for port 43758
datanode_2  | 2019-10-09 23:35:07,819 INFO impl.RaftServerProxy: 3e005aca-6032-46dd-8604-fd7028da1b99: addNew group-78F608EFF72F:[3e005aca-6032-46dd-8604-fd7028da1b99:172.18.0.3:9858] returns group-78F608EFF72F:java.util.concurrent.CompletableFuture@401cad0d[Not completed]
rm_1        | 2019-10-09 23:34:58 INFO  CapacitySchedulerConfiguration:603 - max alloc mb per queue for root.default is undefined
datanode_1  | 2019-10-09 23:35:03,713 [Datanode State Machine Thread - 0] INFO       - Starting XceiverServerRatis ad3cee4f-44d3-4c77-ab90-afd103807a44 at port 9858
datanode_3  | 2019-10-09 23:35:05,692 INFO server.RaftServerConfigKeys: raft.server.rpc.timeout.max = 5200ms (custom)
scm_1       | 2019-10-09 23:35:03,036 INFO server.AuthenticationFilter: Unable to initialize FileSignerSecretProvider, falling back to use random secrets.
om_1        | 2019-10-09 23:35:09,895 INFO db.DBStoreBuilder: using custom profile for table: prefixTable
nm_1        | 2019-10-09 23:35:00 INFO  RpcServerFactoryPBImpl:174 - Adding protocol org.apache.hadoop.yarn.api.ContainerManagementProtocolPB to the server
datanode_2  | 2019-10-09 23:35:07,836 INFO impl.RaftServerImpl: 3e005aca-6032-46dd-8604-fd7028da1b99: new RaftServerImpl for group-78F608EFF72F:[3e005aca-6032-46dd-8604-fd7028da1b99:172.18.0.3:9858] with ContainerStateMachine:uninitialized
rm_1        | 2019-10-09 23:34:58 INFO  CapacitySchedulerConfiguration:607 - max alloc vcore per queue for root.default is undefined
datanode_1  | 2019-10-09 23:35:03,734 INFO impl.RaftServerProxy: ad3cee4f-44d3-4c77-ab90-afd103807a44: start RPC server
datanode_3  | 2019-10-09 23:35:05,693 INFO server.RaftServerConfigKeys: raft.server.rpcslowness.timeout = 120s (custom)
scm_1       | 2019-10-09 23:35:03,048 INFO http.HttpRequestLog: Http request log for http.requests.scm is not defined
om_1        | 2019-10-09 23:35:09,895 INFO db.DBStoreBuilder: Using default column profile:DBProfile.DISK for Table:prefixTable
nm_1        | 2019-10-09 23:35:00 INFO  ContainerManagerImpl:427 - Blocking new container-requests as container manager rpc server is still starting.
datanode_2  | 2019-10-09 23:35:07,838 INFO server.RaftServerConfigKeys: raft.server.rpc.timeout.min = 5s (custom)
rm_1        | 2019-10-09 23:34:58 INFO  LeafQueue:215 - Initializing default
datanode_1  | 2019-10-09 23:35:03,846 INFO server.GrpcService: ad3cee4f-44d3-4c77-ab90-afd103807a44: GrpcService started, listening on 0.0.0.0/0.0.0.0:9858
datanode_3  | 2019-10-09 23:35:05,693 INFO server.RaftServerConfigKeys: raft.server.sleep.deviation.threshold = 300 (default)
om_1        | 2019-10-09 23:35:09,909 INFO db.DBStoreBuilder: using custom profile for table: default
nm_1        | 2019-10-09 23:35:00 INFO  Server:962 - IPC Server Responder: starting
rm_1        | capacity = 1.0 [= (float) configuredCapacity / 100 ]
datanode_2  | 2019-10-09 23:35:07,838 INFO server.RaftServerConfigKeys: raft.server.rpc.timeout.max = 5200ms (custom)
scm_1       | 2019-10-09 23:35:03,054 INFO http.HttpServer2: Added global filter 'safety' (class=org.apache.hadoop.http.HttpServer2$QuotingInputFilter)
datanode_1  | WARNING: An illegal reflective access operation has occurred
datanode_3  | 2019-10-09 23:35:05,694 INFO server.RaftServerConfigKeys: raft.server.log.appender.install.snapshot.enabled = false (custom)
om_1        | 2019-10-09 23:35:09,909 INFO db.DBStoreBuilder: Using default column profile:DBProfile.DISK for Table:default
nm_1        | 2019-10-09 23:35:00 INFO  Server:801 - IPC Server listener on 43758: starting
rm_1        | asboluteCapacity = 1.0 [= parentAbsoluteCapacity * capacity ]
datanode_2  | 2019-10-09 23:35:07,838 INFO server.RaftServerConfigKeys: raft.server.rpcslowness.timeout = 120s (custom)
scm_1       | 2019-10-09 23:35:03,056 INFO http.HttpServer2: Added filter static_user_filter (class=org.apache.hadoop.http.lib.StaticUserWebFilter$StaticUserFilter) to context scm
datanode_1  | WARNING: Illegal reflective access by org.apache.ratis.thirdparty.com.google.protobuf.UnsafeUtil (file:/opt/hadoop/share/ozone/lib/ratis-thirdparty-misc-0.2.0.jar) to field java.nio.Buffer.address
datanode_3  | 2019-10-09 23:35:05,700 INFO impl.RaftServerImpl: 93ff075b-c6fe-4a93-816e-87e7a28a5669@group-CB5B1CDD1655: ConfigurationManager, init=-1: [93ff075b-c6fe-4a93-816e-87e7a28a5669:172.18.0.7:9858], old=null, confs=<EMPTY_MAP>
om_1        | 2019-10-09 23:35:09,911 INFO db.DBStoreBuilder: Using default options. DBProfile.DISK
nm_1        | 2019-10-09 23:35:00 INFO  NMContainerTokenSecretManager:260 - Updating node address : nm:43758
rm_1        | maxCapacity = 1.0 [= configuredMaxCapacity ]
datanode_2  | 2019-10-09 23:35:07,839 INFO server.RaftServerConfigKeys: raft.server.sleep.deviation.threshold = 300 (default)
scm_1       | 2019-10-09 23:35:03,056 INFO http.HttpServer2: Added filter static_user_filter (class=org.apache.hadoop.http.lib.StaticUserWebFilter$StaticUserFilter) to context static
datanode_1  | WARNING: Please consider reporting this to the maintainers of org.apache.ratis.thirdparty.com.google.protobuf.UnsafeUtil
datanode_3  | 2019-10-09 23:35:05,700 INFO server.RaftServerConfigKeys: raft.server.storage.dir = [/data/metadata/ratis] (custom)
om_1        | 2019-10-09 23:35:10,317 INFO ipc.CallQueueManager: Using callQueue: class java.util.concurrent.LinkedBlockingQueue, queueCapacity: 2000, scheduler: class org.apache.hadoop.ipc.DefaultRpcScheduler, ipcBackoff: false.
nm_1        | 2019-10-09 23:35:00 INFO  CallQueueManager:57 - Using callQueue: class java.util.concurrent.LinkedBlockingQueue queueCapacity: 500
rm_1        | absoluteMaxCapacity = 1.0 [= 1.0 maximumCapacity undefined, (parentAbsoluteMaxCapacity * maximumCapacity) / 100 otherwise ]
datanode_2  | 2019-10-09 23:35:07,839 INFO server.RaftServerConfigKeys: raft.server.log.appender.install.snapshot.enabled = false (custom)
scm_1       | 2019-10-09 23:35:03,056 INFO http.HttpServer2: Added filter static_user_filter (class=org.apache.hadoop.http.lib.StaticUserWebFilter$StaticUserFilter) to context logs
datanode_1  | WARNING: Use --illegal-access=warn to enable warnings of further illegal reflective access operations
datanode_3  | 2019-10-09 23:35:05,705 INFO server.RaftServerConfigKeys: raft.server.log.corruption.policy = EXCEPTION (default)
om_1        | 2019-10-09 23:35:10,326 INFO ipc.Server: Starting Socket Reader #1 for port 9862
nm_1        | 2019-10-09 23:35:00 INFO  Server:722 - Starting Socket Reader #1 for port 8040
rm_1        | userLimit = 100 [= configuredUserLimit ]
datanode_2  | 2019-10-09 23:35:07,846 INFO impl.RaftServerImpl: 3e005aca-6032-46dd-8604-fd7028da1b99@group-78F608EFF72F: ConfigurationManager, init=-1: [3e005aca-6032-46dd-8604-fd7028da1b99:172.18.0.3:9858], old=null, confs=<EMPTY_MAP>
scm_1       | 2019-10-09 23:35:03,077 INFO server.StorageContainerManager: StorageContainerLocationProtocol RPC server is listening at /0.0.0.0:9860
datanode_1  | WARNING: All illegal access operations will be denied in a future release
om_1        | 2019-10-09 23:35:10,355 [main] INFO       - OzoneManager RPC server is listening at om/172.18.0.4:9862
datanode_3  | 2019-10-09 23:35:05,706 INFO storage.RaftStorageDirectory: The storage directory /data/metadata/ratis/ff730e65-962b-4839-863c-cb5b1cdd1655 does not exist. Creating ...
nm_1        | 2019-10-09 23:35:00 INFO  RpcServerFactoryPBImpl:174 - Adding protocol org.apache.hadoop.yarn.server.nodemanager.api.LocalizationProtocolPB to the server
rm_1        | userLimitFactor = 1.0 [= configuredUserLimitFactor ]
datanode_2  | 2019-10-09 23:35:07,846 INFO server.RaftServerConfigKeys: raft.server.storage.dir = [/data/metadata/ratis] (custom)
scm_1       | 2019-10-09 23:35:03,149 INFO impl.MetricsConfig: Loaded properties from hadoop-metrics2.properties
datanode_1  | 2019-10-09 23:35:07,294 INFO impl.RaftServerProxy: ad3cee4f-44d3-4c77-ab90-afd103807a44: addNew group-C58B3F4E8AF5:[ad3cee4f-44d3-4c77-ab90-afd103807a44:172.18.0.2:9858] returns group-C58B3F4E8AF5:java.util.concurrent.CompletableFuture@7508181f[Not completed]
om_1        | 2019-10-09 23:35:10,426 INFO impl.MetricsConfig: Loaded properties from hadoop-metrics2.properties
datanode_3  | 2019-10-09 23:35:06,760 INFO storage.RaftStorageDirectory: Lock on /data/metadata/ratis/ff730e65-962b-4839-863c-cb5b1cdd1655/in_use.lock acquired by nodename 7@fd87b18bd3ae
nm_1        | 2019-10-09 23:35:00 INFO  Server:962 - IPC Server Responder: starting
datanode_2  | 2019-10-09 23:35:07,852 INFO server.RaftServerConfigKeys: raft.server.log.corruption.policy = EXCEPTION (default)
datanode_1  | 2019-10-09 23:35:07,310 INFO impl.RaftServerImpl: ad3cee4f-44d3-4c77-ab90-afd103807a44: new RaftServerImpl for group-C58B3F4E8AF5:[ad3cee4f-44d3-4c77-ab90-afd103807a44:172.18.0.2:9858] with ContainerStateMachine:uninitialized
scm_1       | 2019-10-09 23:35:03,182 INFO impl.MetricsSystemImpl: Scheduled Metric snapshot period at 10 second(s).
om_1        | 2019-10-09 23:35:10,470 INFO impl.MetricsSystemImpl: Scheduled Metric snapshot period at 10 second(s).
datanode_3  | 2019-10-09 23:35:06,788 INFO storage.RaftStorage: Storage directory /data/metadata/ratis/ff730e65-962b-4839-863c-cb5b1cdd1655 has been successfully formatted.
nm_1        | 2019-10-09 23:35:00 INFO  Server:801 - IPC Server listener on 8040: starting
rm_1        | maxApplications = 10000 [= configuredMaximumSystemApplicationsPerQueue or (int)(configuredMaximumSystemApplications * absoluteCapacity)]
datanode_2  | 2019-10-09 23:35:07,853 INFO storage.RaftStorageDirectory: The storage directory /data/metadata/ratis/a0d7dea5-14ed-4287-803f-78f608eff72f does not exist. Creating ...
datanode_1  | 2019-10-09 23:35:07,312 INFO server.RaftServerConfigKeys: raft.server.rpc.timeout.min = 5s (custom)
scm_1       | 2019-10-09 23:35:03,182 INFO impl.MetricsSystemImpl: StorageContainerManager metrics system started
om_1        | 2019-10-09 23:35:10,470 INFO impl.MetricsSystemImpl: OzoneManager metrics system started
datanode_3  | 2019-10-09 23:35:06,792 [pool-8-thread-1] INFO       - group-CB5B1CDD1655: The snapshot info is null. Setting the last applied indexto:(t:0, i:~)
nm_1        | 2019-10-09 23:35:00 INFO  ResourceLocalizationService:344 - Localizer started on port 8040
rm_1        | maxApplicationsPerUser = 10000 [= (int)(maxApplications * (userLimit / 100.0f) * userLimitFactor) ]
datanode_2  | 2019-10-09 23:35:07,864 INFO storage.RaftStorageDirectory: Lock on /data/metadata/ratis/a0d7dea5-14ed-4287-803f-78f608eff72f/in_use.lock acquired by nodename 7@802c60f708a3
datanode_1  | 2019-10-09 23:35:07,312 INFO server.RaftServerConfigKeys: raft.server.rpc.timeout.max = 5200ms (custom)
scm_1       | 2019-10-09 23:35:03,438 INFO server.SCMClientProtocolServer: RPC server for Client  is listening at /0.0.0.0:9860
om_1        | 2019-10-09 23:35:10,528 INFO ipc.Server: IPC Server Responder: starting
datanode_2  | 2019-10-09 23:35:07,872 INFO storage.RaftStorage: Storage directory /data/metadata/ratis/a0d7dea5-14ed-4287-803f-78f608eff72f has been successfully formatted.
nm_1        | 2019-10-09 23:35:00 INFO  IndexCache:47 - IndexCache created with max memory = 10485760
rm_1        | usedCapacity = 0.0 [= usedResourcesMemory / (clusterResourceMemory * absoluteCapacity)]
datanode_1  | 2019-10-09 23:35:07,312 INFO server.RaftServerConfigKeys: raft.server.rpcslowness.timeout = 120s (custom)
scm_1       | 2019-10-09 23:35:03,439 INFO ipc.Server: IPC Server Responder: starting
datanode_3  | 2019-10-09 23:35:06,792 INFO server.RaftServerConfigKeys: raft.server.notification.no-leader.timeout = 120s (custom)
om_1        | 2019-10-09 23:35:10,529 INFO ipc.Server: IPC Server listener on 9862: starting
datanode_2  | 2019-10-09 23:35:07,877 [pool-8-thread-1] INFO       - group-78F608EFF72F: The snapshot info is null. Setting the last applied indexto:(t:0, i:~)
nm_1        | 2019-10-09 23:35:00 INFO  ShuffleHandler:510 - httpshuffle listening on port 13562
rm_1        | absoluteUsedCapacity = 0.0 [= usedResourcesMemory / clusterResourceMemory]
datanode_1  | 2019-10-09 23:35:07,313 INFO server.RaftServerConfigKeys: raft.server.sleep.deviation.threshold = 300 (default)
scm_1       | 2019-10-09 23:35:03,439 INFO ipc.Server: IPC Server listener on 9860: starting
om_1        | 2019-10-09 23:35:10,573 INFO hdfs.DFSUtil: Starting Web-server for ozoneManager at: http://0.0.0.0:9874
datanode_3  | 2019-10-09 23:35:06,795 INFO server.RaftServerConfigKeys: raft.server.log.use.memory = false (default)
datanode_2  | 2019-10-09 23:35:07,877 INFO server.RaftServerConfigKeys: raft.server.notification.no-leader.timeout = 120s (custom)
nm_1        | 2019-10-09 23:35:00 INFO  ContainersMonitorImpl:196 - Neither virutal-memory nor physical-memory monitoring is needed. Not running the monitor-thread
rm_1        | maxAMResourcePerQueuePercent = 0.1 [= configuredMaximumAMResourcePercent ]
datanode_1  | 2019-10-09 23:35:07,313 INFO server.RaftServerConfigKeys: raft.server.log.appender.install.snapshot.enabled = false (custom)
scm_1       | 2019-10-09 23:35:03,443 INFO server.StorageContainerManager: ScmBlockLocationProtocol RPC server is listening at /0.0.0.0:9863
om_1        | 2019-10-09 23:35:10,703 INFO server.AuthenticationFilter: Unable to initialize FileSignerSecretProvider, falling back to use random secrets.
datanode_3  | 2019-10-09 23:35:06,799 INFO server.RaftServerConfigKeys: raft.server.log.purge.gap = 1000000 (custom)
datanode_2  | 2019-10-09 23:35:07,880 INFO server.RaftServerConfigKeys: raft.server.log.use.memory = false (default)
nm_1        | 2019-10-09 23:35:00 INFO  ContainerManagerImpl:472 - ContainerManager started at nm/172.18.0.5:43758
rm_1        | minimumAllocationFactor = 0.875 [= (float)(maximumAllocationMemory - minimumAllocationMemory) / maximumAllocationMemory ]
datanode_1  | 2019-10-09 23:35:07,319 INFO impl.RaftServerImpl: ad3cee4f-44d3-4c77-ab90-afd103807a44@group-C58B3F4E8AF5: ConfigurationManager, init=-1: [ad3cee4f-44d3-4c77-ab90-afd103807a44:172.18.0.2:9858], old=null, confs=<EMPTY_MAP>
scm_1       | 2019-10-09 23:35:03,444 INFO server.SCMBlockProtocolServer: RPC server for Block Protocol is listening at /0.0.0.0:9863
om_1        | 2019-10-09 23:35:10,707 INFO http.HttpRequestLog: Http request log for http.requests.ozoneManager is not defined
datanode_3  | 2019-10-09 23:35:06,799 INFO server.RaftServerConfigKeys: raft.server.log.appender.buffer.byte-limit = 33554432 (custom)
nm_1        | 2019-10-09 23:35:00 INFO  ContainerManagerImpl:473 - ContainerManager bound to 0.0.0.0/0.0.0.0:0
rm_1        | maximumAllocation = <memory:8192, vCores:32> [= configuredMaxAllocation ]
datanode_1  | 2019-10-09 23:35:07,319 INFO server.RaftServerConfigKeys: raft.server.storage.dir = [/data/metadata/ratis] (custom)
datanode_2  | 2019-10-09 23:35:07,885 INFO server.RaftServerConfigKeys: raft.server.log.purge.gap = 1000000 (custom)
scm_1       | 2019-10-09 23:35:03,444 INFO ipc.Server: IPC Server Responder: starting
om_1        | 2019-10-09 23:35:10,719 INFO http.HttpServer2: Added global filter 'safety' (class=org.apache.hadoop.http.HttpServer2$QuotingInputFilter)
datanode_3  | 2019-10-09 23:35:06,801 INFO server.RaftServerConfigKeys: raft.server.log.segment.size.max = 1048576 (custom)
nm_1        | 2019-10-09 23:35:00 INFO  WebServer:70 - Instantiating NMWebApp at 0.0.0.0:8042
rm_1        | numContainers = 0 [= currentNumContainers ]
datanode_2  | 2019-10-09 23:35:07,885 INFO server.RaftServerConfigKeys: raft.server.log.appender.buffer.byte-limit = 33554432 (custom)
om_1        | 2019-10-09 23:35:10,721 INFO http.HttpServer2: Added filter static_user_filter (class=org.apache.hadoop.http.lib.StaticUserWebFilter$StaticUserFilter) to context ozoneManager
scm_1       | 2019-10-09 23:35:03,444 INFO ipc.Server: IPC Server listener on 9863: starting
datanode_1  | 2019-10-09 23:35:07,323 INFO server.RaftServerConfigKeys: raft.server.log.corruption.policy = EXCEPTION (default)
datanode_3  | 2019-10-09 23:35:06,802 WARN impl.MetricsSystemImpl: HddsDatanode metrics system already initialized!
nm_1        | 2019-10-09 23:35:00 INFO  log:67 - Logging to org.slf4j.impl.Log4jLoggerAdapter(org.mortbay.log) via org.mortbay.log.Slf4jLog
rm_1        | state = RUNNING [= configuredState ]
om_1        | 2019-10-09 23:35:10,722 INFO http.HttpServer2: Added filter static_user_filter (class=org.apache.hadoop.http.lib.StaticUserWebFilter$StaticUserFilter) to context logs
datanode_2  | 2019-10-09 23:35:07,887 INFO server.RaftServerConfigKeys: raft.server.log.segment.size.max = 1048576 (custom)
scm_1       | 2019-10-09 23:35:03,447 INFO server.StorageContainerManager: ScmDatanodeProtocl RPC server is listening at /0.0.0.0:9861
datanode_1  | 2019-10-09 23:35:07,325 INFO storage.RaftStorageDirectory: The storage directory /data/metadata/ratis/721206bc-df1b-4f25-b77f-c58b3f4e8af5 does not exist. Creating ...
datanode_3  | 2019-10-09 23:35:06,808 INFO metrics.MetricRegistries: Loaded MetricRegistries class org.apache.ratis.metrics.impl.MetricRegistriesImpl
nm_1        | 2019-10-09 23:35:00 INFO  AuthenticationFilter:283 - Unable to initialize FileSignerSecretProvider, falling back to use random secrets.
rm_1        | acls = SUBMIT_APP:*ADMINISTER_QUEUE:* [= configuredAcls ]
datanode_2  | 2019-10-09 23:35:07,889 WARN impl.MetricsSystemImpl: HddsDatanode metrics system already initialized!
om_1        | 2019-10-09 23:35:10,722 INFO http.HttpServer2: Added filter static_user_filter (class=org.apache.hadoop.http.lib.StaticUserWebFilter$StaticUserFilter) to context static
scm_1       | 2019-10-09 23:35:03,448 INFO server.SCMDatanodeProtocolServer: RPC server for DataNodes is listening at /0.0.0.0:9861
datanode_1  | 2019-10-09 23:35:07,338 INFO storage.RaftStorageDirectory: Lock on /data/metadata/ratis/721206bc-df1b-4f25-b77f-c58b3f4e8af5/in_use.lock acquired by nodename 7@2a3569e1b5bd
datanode_3  | 2019-10-09 23:35:06,848 INFO server.RaftServerConfigKeys: raft.server.log.segment.cache.num.max = 2 (custom)
nm_1        | 2019-10-09 23:35:00 INFO  HttpRequestLog:80 - Http request log for http.requests.nodemanager is not defined
rm_1        | nodeLocalityDelay = 40
datanode_2  | 2019-10-09 23:35:07,894 INFO metrics.MetricRegistries: Loaded MetricRegistries class org.apache.ratis.metrics.impl.MetricRegistriesImpl
om_1        | 2019-10-09 23:35:10,748 INFO http.HttpServer2: Jetty bound to port 9874
scm_1       | 2019-10-09 23:35:03,449 INFO ipc.Server: IPC Server Responder: starting
datanode_3  | 2019-10-09 23:35:06,853 INFO segmented.SegmentedRaftLogWorker: new 93ff075b-c6fe-4a93-816e-87e7a28a5669@group-CB5B1CDD1655-SegmentedRaftLogWorker for RaftStorage:Storage Directory /data/metadata/ratis/ff730e65-962b-4839-863c-cb5b1cdd1655
rm_1        | labels=*,
datanode_1  | 2019-10-09 23:35:07,350 INFO storage.RaftStorage: Storage directory /data/metadata/ratis/721206bc-df1b-4f25-b77f-c58b3f4e8af5 has been successfully formatted.
nm_1        | 2019-10-09 23:35:00 INFO  HttpServer2:730 - Added global filter 'safety' (class=org.apache.hadoop.http.HttpServer2$QuotingInputFilter)
datanode_2  | 2019-10-09 23:35:07,930 INFO server.RaftServerConfigKeys: raft.server.log.segment.cache.num.max = 2 (custom)
om_1        | 2019-10-09 23:35:10,749 INFO server.Server: jetty-9.3.25.v20180904, build timestamp: 2018-09-04T21:11:46Z, git hash: 3ce520221d0240229c862b122d2b06c12a625732
scm_1       | 2019-10-09 23:35:03,449 INFO ipc.Server: IPC Server listener on 9861: starting
datanode_3  | 2019-10-09 23:35:06,854 INFO server.RaftServerConfigKeys: raft.server.log.queue.byte-limit = 2147483647 (custom)
rm_1        | nodeLocalityDelay = 40
nm_1        | 2019-10-09 23:35:00 INFO  HttpServer2:705 - Added filter static_user_filter (class=org.apache.hadoop.http.lib.StaticUserWebFilter$StaticUserFilter) to context node
datanode_1  | 2019-10-09 23:35:07,355 [pool-8-thread-1] INFO       - group-C58B3F4E8AF5: The snapshot info is null. Setting the last applied indexto:(t:0, i:~)
datanode_2  | 2019-10-09 23:35:07,935 INFO segmented.SegmentedRaftLogWorker: new 3e005aca-6032-46dd-8604-fd7028da1b99@group-78F608EFF72F-SegmentedRaftLogWorker for RaftStorage:Storage Directory /data/metadata/ratis/a0d7dea5-14ed-4287-803f-78f608eff72f
om_1        | 2019-10-09 23:35:10,797 INFO handler.ContextHandler: Started o.e.j.s.ServletContextHandler@3ae126d1{/logs,file:///var/log/hadoop/,AVAILABLE}
scm_1       | 2019-10-09 23:35:03,455 INFO http.HttpServer2: Jetty bound to port 9876
datanode_3  | 2019-10-09 23:35:06,854 INFO server.RaftServerConfigKeys: raft.server.log.queue.element-limit = 1024 (custom)
rm_1        | reservationsContinueLooking = true
nm_1        | 2019-10-09 23:35:00 INFO  HttpServer2:713 - Added filter static_user_filter (class=org.apache.hadoop.http.lib.StaticUserWebFilter$StaticUserFilter) to context static
datanode_1  | 2019-10-09 23:35:07,356 INFO server.RaftServerConfigKeys: raft.server.notification.no-leader.timeout = 120s (custom)
datanode_2  | 2019-10-09 23:35:07,936 INFO server.RaftServerConfigKeys: raft.server.log.queue.byte-limit = 2147483647 (custom)
om_1        | 2019-10-09 23:35:10,798 INFO handler.ContextHandler: Started o.e.j.s.ServletContextHandler@49d831c2{/static,jar:file:/opt/hadoop/share/ozone/lib/hadoop-ozone-ozone-manager-0.5.0-SNAPSHOT.jar!/webapps/static,AVAILABLE}
scm_1       | 2019-10-09 23:35:03,458 INFO server.Server: jetty-9.3.25.v20180904, build timestamp: 2018-09-04T21:11:46Z, git hash: 3ce520221d0240229c862b122d2b06c12a625732
datanode_3  | 2019-10-09 23:35:06,856 INFO server.RaftServerConfigKeys: raft.server.log.segment.size.max = 1048576 (custom)
rm_1        | preemptionDisabled = true
datanode_1  | 2019-10-09 23:35:07,359 INFO server.RaftServerConfigKeys: raft.server.log.use.memory = false (default)
datanode_2  | 2019-10-09 23:35:07,936 INFO server.RaftServerConfigKeys: raft.server.log.queue.element-limit = 1024 (custom)
nm_1        | 2019-10-09 23:35:00 INFO  HttpServer2:713 - Added filter static_user_filter (class=org.apache.hadoop.http.lib.StaticUserWebFilter$StaticUserFilter) to context logs
