datanode_3  | 2019-10-18 12:12:59,688 INFO impl.LeaderElection: 39adbdce-4163-4458-9fe1-3d4d3a5d7739@group-0635A0868B4C-LeaderElection2: begin an election at term 2 for -1: [91e5479b-9043-43c7-9228-e3a074c78e07:172.18.0.7:9858, 39adbdce-4163-4458-9fe1-3d4d3a5d7739:172.18.0.6:9858, a23ae26e-3044-45eb-b2fd-181588b3a988:172.18.0.4:9858], old=null
datanode_2  | 2019-10-18 12:12:59,675 INFO impl.RaftServerImpl: a23ae26e-3044-45eb-b2fd-181588b3a988@group-0635A0868B4C: changes role from  FOLLOWER to FOLLOWER at term 1 for recognizeCandidate:39adbdce-4163-4458-9fe1-3d4d3a5d7739
datanode_1  | 2019-10-18 12:12:59,485 INFO impl.RoleInfo: 91e5479b-9043-43c7-9228-e3a074c78e07: start FollowerState
datanode_3  | 2019-10-18 12:12:59,711 INFO impl.RaftServerImpl: 39adbdce-4163-4458-9fe1-3d4d3a5d7739@group-0635A0868B4C: changes role from CANDIDATE to FOLLOWER at term 3 for recognizeCandidate:91e5479b-9043-43c7-9228-e3a074c78e07
datanode_1  | 2019-10-18 12:12:59,485 INFO util.JmxRegister: Successfully registered JMX Bean with object name Ratis:service=RaftServer,group=group-0635A0868B4C,id=91e5479b-9043-43c7-9228-e3a074c78e07
datanode_2  | 2019-10-18 12:12:59,676 INFO impl.RoleInfo: a23ae26e-3044-45eb-b2fd-181588b3a988: shutdown FollowerState
datanode_3  | 2019-10-18 12:12:59,711 INFO impl.RoleInfo: 39adbdce-4163-4458-9fe1-3d4d3a5d7739: shutdown LeaderElection
datanode_1  | 2019-10-18 12:12:59,525 INFO impl.FollowerState: 91e5479b-9043-43c7-9228-e3a074c78e07@group-0635A0868B4C-FollowerState: change to CANDIDATE, lastRpcTime:40ms, electionTimeout:40ms
datanode_2  | 2019-10-18 12:12:59,676 INFO impl.RoleInfo: a23ae26e-3044-45eb-b2fd-181588b3a988: start FollowerState
datanode_3  | 2019-10-18 12:12:59,712 INFO impl.RoleInfo: 39adbdce-4163-4458-9fe1-3d4d3a5d7739: start FollowerState
datanode_2  | 2019-10-18 12:12:59,676 INFO impl.FollowerState: a23ae26e-3044-45eb-b2fd-181588b3a988@group-0635A0868B4C-FollowerState was interrupted: java.lang.InterruptedException: sleep interrupted
datanode_3  | 2019-10-18 12:12:59,722 INFO impl.LeaderElection: 39adbdce-4163-4458-9fe1-3d4d3a5d7739@group-0635A0868B4C-LeaderElection2: Election DISCOVERED_A_NEW_TERM; received 1 response(s) [39adbdce-4163-4458-9fe1-3d4d3a5d7739<-91e5479b-9043-43c7-9228-e3a074c78e07#0:FAIL-t3] and 0 exception(s); 39adbdce-4163-4458-9fe1-3d4d3a5d7739@group-0635A0868B4C:t3, leader=null, voted=null, raftlog=39adbdce-4163-4458-9fe1-3d4d3a5d7739@group-0635A0868B4C-SegmentedRaftLog:OPENED:c-1,f-1,i0, conf=-1: [91e5479b-9043-43c7-9228-e3a074c78e07:172.18.0.7:9858, 39adbdce-4163-4458-9fe1-3d4d3a5d7739:172.18.0.6:9858, a23ae26e-3044-45eb-b2fd-181588b3a988:172.18.0.4:9858], old=null
datanode_1  | 2019-10-18 12:12:59,526 INFO impl.RoleInfo: 91e5479b-9043-43c7-9228-e3a074c78e07: shutdown FollowerState
datanode_2  | 2019-10-18 12:12:59,688 INFO segmented.SegmentedRaftLogWorker: a23ae26e-3044-45eb-b2fd-181588b3a988@group-874B4AB145D8-SegmentedRaftLogWorker: created new log segment /data/metadata/ratis/2d0ae41f-7604-420d-a632-874b4ab145d8/current/log_inprogress_0
datanode_1  | 2019-10-18 12:12:59,526 INFO impl.RaftServerImpl: 91e5479b-9043-43c7-9228-e3a074c78e07@group-0635A0868B4C: changes role from  FOLLOWER to CANDIDATE at term 0 for changeToCandidate
datanode_2  | 2019-10-18 12:12:59,689 INFO impl.RaftServerImpl: a23ae26e-3044-45eb-b2fd-181588b3a988@group-0635A0868B4C: changes role from  FOLLOWER to FOLLOWER at term 2 for recognizeCandidate:91e5479b-9043-43c7-9228-e3a074c78e07
datanode_3  | 2019-10-18 12:12:59,813 INFO impl.FollowerState: 39adbdce-4163-4458-9fe1-3d4d3a5d7739@group-0635A0868B4C-FollowerState: change to CANDIDATE, lastRpcTime:100ms, electionTimeout:100ms
datanode_1  | 2019-10-18 12:12:59,526 INFO impl.RoleInfo: 91e5479b-9043-43c7-9228-e3a074c78e07: start LeaderElection
datanode_2  | 2019-10-18 12:12:59,690 INFO impl.RoleInfo: a23ae26e-3044-45eb-b2fd-181588b3a988: shutdown FollowerState
datanode_3  | 2019-10-18 12:12:59,813 INFO impl.RoleInfo: 39adbdce-4163-4458-9fe1-3d4d3a5d7739: shutdown FollowerState
datanode_1  | 2019-10-18 12:12:59,530 INFO impl.LeaderElection: 91e5479b-9043-43c7-9228-e3a074c78e07@group-0635A0868B4C-LeaderElection2: begin an election at term 1 for -1: [91e5479b-9043-43c7-9228-e3a074c78e07:172.18.0.7:9858, 39adbdce-4163-4458-9fe1-3d4d3a5d7739:172.18.0.6:9858, a23ae26e-3044-45eb-b2fd-181588b3a988:172.18.0.4:9858], old=null
datanode_2  | 2019-10-18 12:12:59,690 INFO impl.RoleInfo: a23ae26e-3044-45eb-b2fd-181588b3a988: start FollowerState
datanode_3  | 2019-10-18 12:12:59,813 INFO impl.RaftServerImpl: 39adbdce-4163-4458-9fe1-3d4d3a5d7739@group-0635A0868B4C: changes role from  FOLLOWER to CANDIDATE at term 3 for changeToCandidate
datanode_1  | 2019-10-18 12:12:59,548 INFO impl.LeaderElection: 91e5479b-9043-43c7-9228-e3a074c78e07@group-0635A0868B4C-LeaderElection2: Election TIMEOUT; received 0 response(s) [] and 0 exception(s); 91e5479b-9043-43c7-9228-e3a074c78e07@group-0635A0868B4C:t1, leader=null, voted=91e5479b-9043-43c7-9228-e3a074c78e07, raftlog=91e5479b-9043-43c7-9228-e3a074c78e07@group-0635A0868B4C-SegmentedRaftLog:OPENED:c-1,f-1,i0, conf=-1: [91e5479b-9043-43c7-9228-e3a074c78e07:172.18.0.7:9858, 39adbdce-4163-4458-9fe1-3d4d3a5d7739:172.18.0.6:9858, a23ae26e-3044-45eb-b2fd-181588b3a988:172.18.0.4:9858], old=null
datanode_2  | 2019-10-18 12:12:59,690 INFO impl.FollowerState: a23ae26e-3044-45eb-b2fd-181588b3a988@group-0635A0868B4C-FollowerState was interrupted: java.lang.InterruptedException: sleep interrupted
datanode_3  | 2019-10-18 12:12:59,813 INFO impl.RoleInfo: 39adbdce-4163-4458-9fe1-3d4d3a5d7739: start LeaderElection
datanode_1  | 2019-10-18 12:12:59,571 INFO impl.LeaderElection: 91e5479b-9043-43c7-9228-e3a074c78e07@group-0635A0868B4C-LeaderElection2: begin an election at term 2 for -1: [91e5479b-9043-43c7-9228-e3a074c78e07:172.18.0.7:9858, 39adbdce-4163-4458-9fe1-3d4d3a5d7739:172.18.0.6:9858, a23ae26e-3044-45eb-b2fd-181588b3a988:172.18.0.4:9858], old=null
datanode_2  | 2019-10-18 12:12:59,726 INFO impl.RaftServerImpl: a23ae26e-3044-45eb-b2fd-181588b3a988@group-0635A0868B4C: changes role from  FOLLOWER to FOLLOWER at term 3 for recognizeCandidate:91e5479b-9043-43c7-9228-e3a074c78e07
datanode_3  | 2019-10-18 12:12:59,821 INFO impl.LeaderElection: 39adbdce-4163-4458-9fe1-3d4d3a5d7739@group-0635A0868B4C-LeaderElection3: begin an election at term 4 for -1: [91e5479b-9043-43c7-9228-e3a074c78e07:172.18.0.7:9858, 39adbdce-4163-4458-9fe1-3d4d3a5d7739:172.18.0.6:9858, a23ae26e-3044-45eb-b2fd-181588b3a988:172.18.0.4:9858], old=null
datanode_1  | 2019-10-18 12:12:59,646 INFO impl.LeaderElection: 91e5479b-9043-43c7-9228-e3a074c78e07@group-0635A0868B4C-LeaderElection2: Election TIMEOUT; received 0 response(s) [] and 0 exception(s); 91e5479b-9043-43c7-9228-e3a074c78e07@group-0635A0868B4C:t2, leader=null, voted=91e5479b-9043-43c7-9228-e3a074c78e07, raftlog=91e5479b-9043-43c7-9228-e3a074c78e07@group-0635A0868B4C-SegmentedRaftLog:OPENED:c-1,f-1,i0, conf=-1: [91e5479b-9043-43c7-9228-e3a074c78e07:172.18.0.7:9858, 39adbdce-4163-4458-9fe1-3d4d3a5d7739:172.18.0.6:9858, a23ae26e-3044-45eb-b2fd-181588b3a988:172.18.0.4:9858], old=null
datanode_2  | 2019-10-18 12:12:59,727 INFO impl.RoleInfo: a23ae26e-3044-45eb-b2fd-181588b3a988: shutdown FollowerState
datanode_3  | 2019-10-18 12:12:59,844 INFO server.GrpcServerProtocolService: 39adbdce-4163-4458-9fe1-3d4d3a5d7739: Completed APPEND_ENTRIES, lastRequest: 91e5479b-9043-43c7-9228-e3a074c78e07->39adbdce-4163-4458-9fe1-3d4d3a5d7739#0-t3, previous=(t:0, i:0), leaderCommit=-1, initializing? false, entries: <empty>
datanode_1  | 2019-10-18 12:12:59,676 INFO impl.LeaderElection: 91e5479b-9043-43c7-9228-e3a074c78e07@group-0635A0868B4C-LeaderElection2: begin an election at term 3 for -1: [91e5479b-9043-43c7-9228-e3a074c78e07:172.18.0.7:9858, 39adbdce-4163-4458-9fe1-3d4d3a5d7739:172.18.0.6:9858, a23ae26e-3044-45eb-b2fd-181588b3a988:172.18.0.4:9858], old=null
datanode_2  | 2019-10-18 12:12:59,727 INFO impl.FollowerState: a23ae26e-3044-45eb-b2fd-181588b3a988@group-0635A0868B4C-FollowerState was interrupted: java.lang.InterruptedException: sleep interrupted
datanode_3  | 2019-10-18 12:12:59,862 INFO impl.LeaderElection: 39adbdce-4163-4458-9fe1-3d4d3a5d7739@group-0635A0868B4C-LeaderElection3: Election REJECTED; received 2 response(s) [39adbdce-4163-4458-9fe1-3d4d3a5d7739<-91e5479b-9043-43c7-9228-e3a074c78e07#0:FAIL-t4, 39adbdce-4163-4458-9fe1-3d4d3a5d7739<-a23ae26e-3044-45eb-b2fd-181588b3a988#0:FAIL-t4] and 0 exception(s); 39adbdce-4163-4458-9fe1-3d4d3a5d7739@group-0635A0868B4C:t4, leader=null, voted=39adbdce-4163-4458-9fe1-3d4d3a5d7739, raftlog=39adbdce-4163-4458-9fe1-3d4d3a5d7739@group-0635A0868B4C-SegmentedRaftLog:OPENED:c-1,f-1,i0, conf=-1: [91e5479b-9043-43c7-9228-e3a074c78e07:172.18.0.7:9858, 39adbdce-4163-4458-9fe1-3d4d3a5d7739:172.18.0.6:9858, a23ae26e-3044-45eb-b2fd-181588b3a988:172.18.0.4:9858], old=null
datanode_1  | 2019-10-18 12:12:59,755 INFO impl.LeaderElection: 91e5479b-9043-43c7-9228-e3a074c78e07@group-0635A0868B4C-LeaderElection2: Election PASSED; received 2 response(s) [91e5479b-9043-43c7-9228-e3a074c78e07<-39adbdce-4163-4458-9fe1-3d4d3a5d7739#0:FAIL-t3, 91e5479b-9043-43c7-9228-e3a074c78e07<-a23ae26e-3044-45eb-b2fd-181588b3a988#0:OK-t3] and 0 exception(s); 91e5479b-9043-43c7-9228-e3a074c78e07@group-0635A0868B4C:t3, leader=null, voted=91e5479b-9043-43c7-9228-e3a074c78e07, raftlog=91e5479b-9043-43c7-9228-e3a074c78e07@group-0635A0868B4C-SegmentedRaftLog:OPENED:c-1,f-1,i0, conf=-1: [91e5479b-9043-43c7-9228-e3a074c78e07:172.18.0.7:9858, 39adbdce-4163-4458-9fe1-3d4d3a5d7739:172.18.0.6:9858, a23ae26e-3044-45eb-b2fd-181588b3a988:172.18.0.4:9858], old=null
datanode_2  | 2019-10-18 12:12:59,727 INFO impl.RoleInfo: a23ae26e-3044-45eb-b2fd-181588b3a988: start FollowerState
datanode_3  | 2019-10-18 12:12:59,862 INFO impl.RaftServerImpl: 39adbdce-4163-4458-9fe1-3d4d3a5d7739@group-0635A0868B4C: changes role from CANDIDATE to FOLLOWER at term 4 for DISCOVERED_A_NEW_TERM
datanode_2  | 2019-10-18 12:12:59,800 INFO impl.FollowerState: a23ae26e-3044-45eb-b2fd-181588b3a988@group-0635A0868B4C-FollowerState: change to CANDIDATE, lastRpcTime:73ms, electionTimeout:61ms
datanode_1  | 2019-10-18 12:12:59,755 INFO impl.RoleInfo: 91e5479b-9043-43c7-9228-e3a074c78e07: shutdown LeaderElection
datanode_3  | 2019-10-18 12:12:59,863 INFO impl.RoleInfo: 39adbdce-4163-4458-9fe1-3d4d3a5d7739: shutdown LeaderElection
datanode_1  | 2019-10-18 12:12:59,756 INFO impl.RaftServerImpl: 91e5479b-9043-43c7-9228-e3a074c78e07@group-0635A0868B4C: changes role from CANDIDATE to LEADER at term 3 for changeToLeader
datanode_2  | 2019-10-18 12:12:59,801 INFO impl.RoleInfo: a23ae26e-3044-45eb-b2fd-181588b3a988: shutdown FollowerState
datanode_3  | 2019-10-18 12:12:59,863 INFO impl.RoleInfo: 39adbdce-4163-4458-9fe1-3d4d3a5d7739: start FollowerState
datanode_1  | 2019-10-18 12:12:59,756 INFO impl.RaftServerImpl: 91e5479b-9043-43c7-9228-e3a074c78e07@group-0635A0868B4C: change Leader from null to 91e5479b-9043-43c7-9228-e3a074c78e07 at term 3 for becomeLeader, leader elected after 280ms
datanode_2  | 2019-10-18 12:12:59,801 INFO impl.RaftServerImpl: a23ae26e-3044-45eb-b2fd-181588b3a988@group-0635A0868B4C: changes role from  FOLLOWER to CANDIDATE at term 3 for changeToCandidate
datanode_3  | 2019-10-18 12:12:59,864 INFO impl.FollowerState: 39adbdce-4163-4458-9fe1-3d4d3a5d7739@group-0635A0868B4C-FollowerState: change to CANDIDATE, lastRpcTime:0ms, electionTimeout:0ms
datanode_1  | 2019-10-18 12:12:59,756 INFO server.RaftServerConfigKeys: raft.server.staging.catchup.gap = 1000 (default)
datanode_2  | 2019-10-18 12:12:59,801 INFO impl.RoleInfo: a23ae26e-3044-45eb-b2fd-181588b3a988: start LeaderElection
datanode_3  | 2019-10-18 12:12:59,864 INFO impl.RoleInfo: 39adbdce-4163-4458-9fe1-3d4d3a5d7739: shutdown FollowerState
datanode_1  | 2019-10-18 12:12:59,756 INFO server.RaftServerConfigKeys: raft.server.rpc.sleep.time = 25ms (default)
datanode_3  | 2019-10-18 12:12:59,864 INFO impl.RaftServerImpl: 39adbdce-4163-4458-9fe1-3d4d3a5d7739@group-0635A0868B4C: changes role from  FOLLOWER to CANDIDATE at term 4 for changeToCandidate
datanode_1  | 2019-10-18 12:12:59,756 INFO server.RaftServerConfigKeys: raft.server.write.element-limit = 4096 (default)
datanode_1  | 2019-10-18 12:12:59,757 INFO server.RaftServerConfigKeys: raft.server.watch.timeout = 10s (default)
datanode_3  | 2019-10-18 12:12:59,864 INFO impl.RoleInfo: 39adbdce-4163-4458-9fe1-3d4d3a5d7739: start LeaderElection
datanode_2  | 2019-10-18 12:12:59,818 INFO impl.LeaderElection: a23ae26e-3044-45eb-b2fd-181588b3a988@group-0635A0868B4C-LeaderElection2: begin an election at term 4 for -1: [91e5479b-9043-43c7-9228-e3a074c78e07:172.18.0.7:9858, 39adbdce-4163-4458-9fe1-3d4d3a5d7739:172.18.0.6:9858, a23ae26e-3044-45eb-b2fd-181588b3a988:172.18.0.4:9858], old=null
datanode_1  | 2019-10-18 12:12:59,757 INFO server.RaftServerConfigKeys: raft.server.watch.timeout.denomination = 1s (default)
datanode_3  | 2019-10-18 12:12:59,871 INFO impl.LeaderElection: 39adbdce-4163-4458-9fe1-3d4d3a5d7739@group-0635A0868B4C-LeaderElection4: begin an election at term 5 for -1: [91e5479b-9043-43c7-9228-e3a074c78e07:172.18.0.7:9858, 39adbdce-4163-4458-9fe1-3d4d3a5d7739:172.18.0.6:9858, a23ae26e-3044-45eb-b2fd-181588b3a988:172.18.0.4:9858], old=null
datanode_3  | 2019-10-18 12:12:59,914 INFO impl.LeaderElection: 39adbdce-4163-4458-9fe1-3d4d3a5d7739@group-0635A0868B4C-LeaderElection4: Election TIMEOUT; received 1 response(s) [39adbdce-4163-4458-9fe1-3d4d3a5d7739<-a23ae26e-3044-45eb-b2fd-181588b3a988#0:FAIL-t5] and 0 exception(s); 39adbdce-4163-4458-9fe1-3d4d3a5d7739@group-0635A0868B4C:t5, leader=null, voted=39adbdce-4163-4458-9fe1-3d4d3a5d7739, raftlog=39adbdce-4163-4458-9fe1-3d4d3a5d7739@group-0635A0868B4C-SegmentedRaftLog:OPENED:c-1,f-1,i0, conf=-1: [91e5479b-9043-43c7-9228-e3a074c78e07:172.18.0.7:9858, 39adbdce-4163-4458-9fe1-3d4d3a5d7739:172.18.0.6:9858, a23ae26e-3044-45eb-b2fd-181588b3a988:172.18.0.4:9858], old=null
datanode_1  | 2019-10-18 12:12:59,757 INFO server.RaftServerConfigKeys: raft.server.watch.element-limit = 65536 (default)
datanode_1  | 2019-10-18 12:12:59,762 INFO server.RaftServerConfigKeys: raft.server.log.appender.snapshot.chunk.size.max = 16MB (=16777216) (default)
datanode_1  | 2019-10-18 12:12:59,762 INFO server.RaftServerConfigKeys: raft.server.log.appender.buffer.byte-limit = 33554432 (custom)
datanode_3  | 2019-10-18 12:12:59,928 INFO impl.LeaderElection: 39adbdce-4163-4458-9fe1-3d4d3a5d7739@group-0635A0868B4C-LeaderElection4: begin an election at term 6 for -1: [91e5479b-9043-43c7-9228-e3a074c78e07:172.18.0.7:9858, 39adbdce-4163-4458-9fe1-3d4d3a5d7739:172.18.0.6:9858, a23ae26e-3044-45eb-b2fd-181588b3a988:172.18.0.4:9858], old=null
datanode_2  | 2019-10-18 12:12:59,847 INFO server.GrpcServerProtocolService: a23ae26e-3044-45eb-b2fd-181588b3a988: Completed APPEND_ENTRIES, lastRequest: 91e5479b-9043-43c7-9228-e3a074c78e07->a23ae26e-3044-45eb-b2fd-181588b3a988#1-t3, previous=(t:0, i:0), leaderCommit=0, initializing? false, entries: size=1, first=(t:3, i:0), CONFIGURATIONENTRY
datanode_1  | 2019-10-18 12:12:59,762 INFO server.RaftServerConfigKeys: raft.server.log.appender.buffer.element-limit = 1 (custom)
datanode_3  | 2019-10-18 12:12:59,963 INFO impl.LeaderElection: 39adbdce-4163-4458-9fe1-3d4d3a5d7739@group-0635A0868B4C-LeaderElection4: Election PASSED; received 2 response(s) [39adbdce-4163-4458-9fe1-3d4d3a5d7739<-91e5479b-9043-43c7-9228-e3a074c78e07#0:FAIL-t6, 39adbdce-4163-4458-9fe1-3d4d3a5d7739<-a23ae26e-3044-45eb-b2fd-181588b3a988#0:OK-t6] and 0 exception(s); 39adbdce-4163-4458-9fe1-3d4d3a5d7739@group-0635A0868B4C:t6, leader=null, voted=39adbdce-4163-4458-9fe1-3d4d3a5d7739, raftlog=39adbdce-4163-4458-9fe1-3d4d3a5d7739@group-0635A0868B4C-SegmentedRaftLog:OPENED:c-1,f-1,i0, conf=-1: [91e5479b-9043-43c7-9228-e3a074c78e07:172.18.0.7:9858, 39adbdce-4163-4458-9fe1-3d4d3a5d7739:172.18.0.6:9858, a23ae26e-3044-45eb-b2fd-181588b3a988:172.18.0.4:9858], old=null
datanode_2  | 2019-10-18 12:12:59,888 INFO impl.RaftServerImpl: a23ae26e-3044-45eb-b2fd-181588b3a988@group-0635A0868B4C: changes role from CANDIDATE to FOLLOWER at term 5 for recognizeCandidate:39adbdce-4163-4458-9fe1-3d4d3a5d7739
datanode_1  | 2019-10-18 12:12:59,765 INFO grpc.GrpcConfigKeys$Server: raft.grpc.server.leader.outstanding.appends.max = 128 (default)
datanode_3  | 2019-10-18 12:12:59,964 INFO impl.RoleInfo: 39adbdce-4163-4458-9fe1-3d4d3a5d7739: shutdown LeaderElection
datanode_2  | 2019-10-18 12:12:59,888 INFO impl.RoleInfo: a23ae26e-3044-45eb-b2fd-181588b3a988: shutdown LeaderElection
datanode_1  | 2019-10-18 12:12:59,765 INFO server.RaftServerConfigKeys: raft.server.rpc.request.timeout = 3000ms (default)
datanode_3  | 2019-10-18 12:12:59,964 INFO impl.RaftServerImpl: 39adbdce-4163-4458-9fe1-3d4d3a5d7739@group-0635A0868B4C: changes role from CANDIDATE to LEADER at term 6 for changeToLeader
datanode_1  | 2019-10-18 12:12:59,765 INFO server.RaftServerConfigKeys: raft.server.log.appender.install.snapshot.enabled = false (custom)
datanode_2  | 2019-10-18 12:12:59,888 INFO impl.RoleInfo: a23ae26e-3044-45eb-b2fd-181588b3a988: start FollowerState
datanode_3  | 2019-10-18 12:12:59,964 INFO impl.RaftServerImpl: 39adbdce-4163-4458-9fe1-3d4d3a5d7739@group-0635A0868B4C: change Leader from null to 39adbdce-4163-4458-9fe1-3d4d3a5d7739 at term 6 for becomeLeader, leader elected after 485ms
datanode_1  | 2019-10-18 12:12:59,769 INFO server.RaftServerConfigKeys: raft.server.log.appender.snapshot.chunk.size.max = 16MB (=16777216) (default)
datanode_2  | 2019-10-18 12:12:59,945 INFO impl.RaftServerImpl: a23ae26e-3044-45eb-b2fd-181588b3a988@group-0635A0868B4C: changes role from  FOLLOWER to FOLLOWER at term 6 for recognizeCandidate:39adbdce-4163-4458-9fe1-3d4d3a5d7739
datanode_3  | 2019-10-18 12:12:59,964 INFO server.RaftServerConfigKeys: raft.server.staging.catchup.gap = 1000 (default)
datanode_1  | 2019-10-18 12:12:59,769 INFO server.RaftServerConfigKeys: raft.server.log.appender.buffer.byte-limit = 33554432 (custom)
datanode_2  | 2019-10-18 12:12:59,945 INFO impl.RoleInfo: a23ae26e-3044-45eb-b2fd-181588b3a988: shutdown FollowerState
datanode_3  | 2019-10-18 12:12:59,964 INFO server.RaftServerConfigKeys: raft.server.rpc.sleep.time = 25ms (default)
datanode_1  | 2019-10-18 12:12:59,769 INFO server.RaftServerConfigKeys: raft.server.log.appender.buffer.element-limit = 1 (custom)
datanode_3  | 2019-10-18 12:12:59,965 INFO server.RaftServerConfigKeys: raft.server.write.element-limit = 4096 (default)
datanode_2  | 2019-10-18 12:12:59,945 INFO impl.RoleInfo: a23ae26e-3044-45eb-b2fd-181588b3a988: start FollowerState
datanode_1  | 2019-10-18 12:12:59,769 INFO grpc.GrpcConfigKeys$Server: raft.grpc.server.leader.outstanding.appends.max = 128 (default)
datanode_3  | 2019-10-18 12:12:59,965 INFO server.RaftServerConfigKeys: raft.server.watch.timeout = 10s (default)
datanode_2  | 2019-10-18 12:12:59,945 INFO impl.FollowerState: a23ae26e-3044-45eb-b2fd-181588b3a988@group-0635A0868B4C-FollowerState was interrupted: java.lang.InterruptedException: sleep interrupted
datanode_1  | 2019-10-18 12:12:59,769 INFO server.RaftServerConfigKeys: raft.server.rpc.request.timeout = 3000ms (default)
datanode_3  | 2019-10-18 12:12:59,965 INFO server.RaftServerConfigKeys: raft.server.watch.timeout.denomination = 1s (default)
datanode_2  | 2019-10-18 12:12:59,949 INFO impl.LeaderElection: a23ae26e-3044-45eb-b2fd-181588b3a988@group-0635A0868B4C-LeaderElection2: Election DISCOVERED_A_NEW_TERM; received 1 response(s) [a23ae26e-3044-45eb-b2fd-181588b3a988<-91e5479b-9043-43c7-9228-e3a074c78e07#0:FAIL-t5] and 0 exception(s); a23ae26e-3044-45eb-b2fd-181588b3a988@group-0635A0868B4C:t6, leader=null, voted=39adbdce-4163-4458-9fe1-3d4d3a5d7739, raftlog=a23ae26e-3044-45eb-b2fd-181588b3a988@group-0635A0868B4C-SegmentedRaftLog:OPENED:c-1,f-1,i0, conf=-1: [91e5479b-9043-43c7-9228-e3a074c78e07:172.18.0.7:9858, 39adbdce-4163-4458-9fe1-3d4d3a5d7739:172.18.0.6:9858, a23ae26e-3044-45eb-b2fd-181588b3a988:172.18.0.4:9858], old=null
datanode_1  | 2019-10-18 12:12:59,769 INFO server.RaftServerConfigKeys: raft.server.log.appender.install.snapshot.enabled = false (custom)
datanode_3  | 2019-10-18 12:12:59,965 INFO server.RaftServerConfigKeys: raft.server.watch.element-limit = 65536 (default)
datanode_1  | 2019-10-18 12:12:59,773 INFO impl.RoleInfo: 91e5479b-9043-43c7-9228-e3a074c78e07: start LeaderState
datanode_3  | 2019-10-18 12:12:59,970 INFO server.RaftServerConfigKeys: raft.server.log.appender.snapshot.chunk.size.max = 16MB (=16777216) (default)
datanode_2  | 2019-10-18 12:13:00,025 INFO impl.FollowerState: a23ae26e-3044-45eb-b2fd-181588b3a988@group-0635A0868B4C-FollowerState: change to CANDIDATE, lastRpcTime:80ms, electionTimeout:77ms
datanode_1  | 2019-10-18 12:12:59,773 INFO segmented.SegmentedRaftLogWorker: 91e5479b-9043-43c7-9228-e3a074c78e07@group-0635A0868B4C-SegmentedRaftLogWorker: Starting segment from index:0
datanode_3  | 2019-10-18 12:12:59,971 INFO server.RaftServerConfigKeys: raft.server.log.appender.buffer.byte-limit = 33554432 (custom)
datanode_2  | 2019-10-18 12:13:00,025 INFO impl.RoleInfo: a23ae26e-3044-45eb-b2fd-181588b3a988: shutdown FollowerState
datanode_1  | 2019-10-18 12:12:59,774 INFO impl.RaftServerImpl: 91e5479b-9043-43c7-9228-e3a074c78e07@group-0635A0868B4C: set configuration 0: [91e5479b-9043-43c7-9228-e3a074c78e07:172.18.0.7:9858, 39adbdce-4163-4458-9fe1-3d4d3a5d7739:172.18.0.6:9858, a23ae26e-3044-45eb-b2fd-181588b3a988:172.18.0.4:9858], old=null at 0
datanode_3  | 2019-10-18 12:12:59,971 INFO server.RaftServerConfigKeys: raft.server.log.appender.buffer.element-limit = 1 (custom)
datanode_2  | 2019-10-18 12:13:00,026 INFO impl.RaftServerImpl: a23ae26e-3044-45eb-b2fd-181588b3a988@group-0635A0868B4C: changes role from  FOLLOWER to CANDIDATE at term 6 for changeToCandidate
datanode_1  | 2019-10-18 12:12:59,818 INFO segmented.SegmentedRaftLogWorker: 91e5479b-9043-43c7-9228-e3a074c78e07@group-0635A0868B4C-SegmentedRaftLogWorker: created new log segment /data/metadata/ratis/e8c93c93-111b-4b5f-bb36-0635a0868b4c/current/log_inprogress_0
datanode_3  | 2019-10-18 12:12:59,973 INFO grpc.GrpcConfigKeys$Server: raft.grpc.server.leader.outstanding.appends.max = 128 (default)
datanode_2  | 2019-10-18 12:13:00,026 INFO impl.RoleInfo: a23ae26e-3044-45eb-b2fd-181588b3a988: start LeaderElection
datanode_1  | 2019-10-18 12:12:59,836 INFO impl.RaftServerImpl: 91e5479b-9043-43c7-9228-e3a074c78e07@group-0635A0868B4C: change Leader from 91e5479b-9043-43c7-9228-e3a074c78e07 to null at term 4 for updateCurrentTerm
datanode_3  | 2019-10-18 12:12:59,974 INFO server.RaftServerConfigKeys: raft.server.rpc.request.timeout = 3000ms (default)
datanode_2  | 2019-10-18 12:13:00,031 INFO impl.LeaderElection: a23ae26e-3044-45eb-b2fd-181588b3a988@group-0635A0868B4C-LeaderElection3: begin an election at term 7 for -1: [91e5479b-9043-43c7-9228-e3a074c78e07:172.18.0.7:9858, 39adbdce-4163-4458-9fe1-3d4d3a5d7739:172.18.0.6:9858, a23ae26e-3044-45eb-b2fd-181588b3a988:172.18.0.4:9858], old=null
datanode_1  | 2019-10-18 12:12:59,836 INFO impl.RaftServerImpl: 91e5479b-9043-43c7-9228-e3a074c78e07@group-0635A0868B4C: changes role from    LEADER to FOLLOWER at term 4 for stepDown
datanode_3  | 2019-10-18 12:12:59,974 INFO server.RaftServerConfigKeys: raft.server.log.appender.install.snapshot.enabled = false (custom)
datanode_2  | 2019-10-18 12:13:00,039 INFO server.GrpcServerProtocolService: a23ae26e-3044-45eb-b2fd-181588b3a988: Completed APPEND_ENTRIES, lastRequest: 39adbdce-4163-4458-9fe1-3d4d3a5d7739->a23ae26e-3044-45eb-b2fd-181588b3a988#0-t6, previous=(t:0, i:0), leaderCommit=-1, initializing? false, entries: <empty>
datanode_3  | 2019-10-18 12:12:59,978 INFO server.RaftServerConfigKeys: raft.server.log.appender.snapshot.chunk.size.max = 16MB (=16777216) (default)
datanode_1  | 2019-10-18 12:12:59,836 INFO impl.RoleInfo: 91e5479b-9043-43c7-9228-e3a074c78e07: shutdown LeaderState
datanode_2  | 2019-10-18 12:13:00,066 INFO impl.LeaderElection: a23ae26e-3044-45eb-b2fd-181588b3a988@group-0635A0868B4C-LeaderElection3: Election REJECTED; received 2 response(s) [a23ae26e-3044-45eb-b2fd-181588b3a988<-91e5479b-9043-43c7-9228-e3a074c78e07#0:FAIL-t7, a23ae26e-3044-45eb-b2fd-181588b3a988<-39adbdce-4163-4458-9fe1-3d4d3a5d7739#0:FAIL-t7] and 0 exception(s); a23ae26e-3044-45eb-b2fd-181588b3a988@group-0635A0868B4C:t7, leader=null, voted=a23ae26e-3044-45eb-b2fd-181588b3a988, raftlog=a23ae26e-3044-45eb-b2fd-181588b3a988@group-0635A0868B4C-SegmentedRaftLog:OPENED:c-1,f-1,i0, conf=-1: [91e5479b-9043-43c7-9228-e3a074c78e07:172.18.0.7:9858, 39adbdce-4163-4458-9fe1-3d4d3a5d7739:172.18.0.6:9858, a23ae26e-3044-45eb-b2fd-181588b3a988:172.18.0.4:9858], old=null
datanode_3  | 2019-10-18 12:12:59,978 INFO server.RaftServerConfigKeys: raft.server.log.appender.buffer.byte-limit = 33554432 (custom)
datanode_1  | 2019-10-18 12:12:59,839 WARN server.GrpcLogAppender: 91e5479b-9043-43c7-9228-e3a074c78e07@group-0635A0868B4C->39adbdce-4163-4458-9fe1-3d4d3a5d7739-GrpcLogAppender: Wait interrupted by java.lang.InterruptedException
datanode_2  | 2019-10-18 12:13:00,067 INFO impl.RaftServerImpl: a23ae26e-3044-45eb-b2fd-181588b3a988@group-0635A0868B4C: changes role from CANDIDATE to FOLLOWER at term 7 for DISCOVERED_A_NEW_TERM
datanode_3  | 2019-10-18 12:12:59,978 INFO server.RaftServerConfigKeys: raft.server.log.appender.buffer.element-limit = 1 (custom)
datanode_1  | 2019-10-18 12:12:59,839 WARN server.GrpcLogAppender: 91e5479b-9043-43c7-9228-e3a074c78e07@group-0635A0868B4C->a23ae26e-3044-45eb-b2fd-181588b3a988-GrpcLogAppender: Wait interrupted by java.lang.InterruptedException
datanode_2  | 2019-10-18 12:13:00,067 INFO impl.RoleInfo: a23ae26e-3044-45eb-b2fd-181588b3a988: shutdown LeaderElection
datanode_3  | 2019-10-18 12:12:59,978 INFO grpc.GrpcConfigKeys$Server: raft.grpc.server.leader.outstanding.appends.max = 128 (default)
datanode_2  | 2019-10-18 12:13:00,067 INFO impl.RoleInfo: a23ae26e-3044-45eb-b2fd-181588b3a988: start FollowerState
datanode_1  | 2019-10-18 12:12:59,842 INFO impl.PendingRequests: 91e5479b-9043-43c7-9228-e3a074c78e07@group-0635A0868B4C-PendingRequests: sendNotLeaderResponses
datanode_2  | 2019-10-18 12:13:00,091 INFO impl.FollowerState: a23ae26e-3044-45eb-b2fd-181588b3a988@group-0635A0868B4C-FollowerState: change to CANDIDATE, lastRpcTime:24ms, electionTimeout:24ms
datanode_1  | 2019-10-18 12:12:59,844 INFO impl.RoleInfo: 91e5479b-9043-43c7-9228-e3a074c78e07: start FollowerState
datanode_3  | 2019-10-18 12:12:59,978 INFO server.RaftServerConfigKeys: raft.server.rpc.request.timeout = 3000ms (default)
datanode_2  | 2019-10-18 12:13:00,091 INFO impl.RoleInfo: a23ae26e-3044-45eb-b2fd-181588b3a988: shutdown FollowerState
datanode_1  | 2019-10-18 12:12:59,846 INFO server.GrpcLogAppender: 91e5479b-9043-43c7-9228-e3a074c78e07@group-0635A0868B4C->39adbdce-4163-4458-9fe1-3d4d3a5d7739-AppendLogResponseHandler: follower responses appendEntries COMPLETED
datanode_3  | 2019-10-18 12:12:59,978 INFO server.RaftServerConfigKeys: raft.server.log.appender.install.snapshot.enabled = false (custom)
datanode_2  | 2019-10-18 12:13:00,092 INFO impl.RaftServerImpl: a23ae26e-3044-45eb-b2fd-181588b3a988@group-0635A0868B4C: changes role from  FOLLOWER to CANDIDATE at term 7 for changeToCandidate
datanode_1  | 2019-10-18 12:12:59,851 INFO impl.FollowerInfo: 91e5479b-9043-43c7-9228-e3a074c78e07@group-0635A0868B4C->39adbdce-4163-4458-9fe1-3d4d3a5d7739: nextIndex: updateUnconditionally 0 -> 0
datanode_2  | 2019-10-18 12:13:00,092 INFO impl.RoleInfo: a23ae26e-3044-45eb-b2fd-181588b3a988: start LeaderElection
datanode_2  | 2019-10-18 12:13:00,117 INFO impl.LeaderElection: a23ae26e-3044-45eb-b2fd-181588b3a988@group-0635A0868B4C-LeaderElection4: begin an election at term 8 for -1: [91e5479b-9043-43c7-9228-e3a074c78e07:172.18.0.7:9858, 39adbdce-4163-4458-9fe1-3d4d3a5d7739:172.18.0.6:9858, a23ae26e-3044-45eb-b2fd-181588b3a988:172.18.0.4:9858], old=null
datanode_3  | 2019-10-18 12:12:59,983 INFO impl.RoleInfo: 39adbdce-4163-4458-9fe1-3d4d3a5d7739: start LeaderState
datanode_1  | 2019-10-18 12:12:59,858 INFO server.GrpcLogAppender: 91e5479b-9043-43c7-9228-e3a074c78e07@group-0635A0868B4C->a23ae26e-3044-45eb-b2fd-181588b3a988-AppendLogResponseHandler: follower responses appendEntries COMPLETED
datanode_2  | 2019-10-18 12:13:00,159 INFO impl.LeaderElection: a23ae26e-3044-45eb-b2fd-181588b3a988@group-0635A0868B4C-LeaderElection4: Election REJECTED; received 2 response(s) [a23ae26e-3044-45eb-b2fd-181588b3a988<-91e5479b-9043-43c7-9228-e3a074c78e07#0:FAIL-t8, a23ae26e-3044-45eb-b2fd-181588b3a988<-39adbdce-4163-4458-9fe1-3d4d3a5d7739#0:FAIL-t8] and 0 exception(s); a23ae26e-3044-45eb-b2fd-181588b3a988@group-0635A0868B4C:t8, leader=null, voted=a23ae26e-3044-45eb-b2fd-181588b3a988, raftlog=a23ae26e-3044-45eb-b2fd-181588b3a988@group-0635A0868B4C-SegmentedRaftLog:OPENED:c-1,f-1,i0, conf=-1: [91e5479b-9043-43c7-9228-e3a074c78e07:172.18.0.7:9858, 39adbdce-4163-4458-9fe1-3d4d3a5d7739:172.18.0.6:9858, a23ae26e-3044-45eb-b2fd-181588b3a988:172.18.0.4:9858], old=null
datanode_1  | 2019-10-18 12:12:59,858 INFO impl.RaftServerImpl: 91e5479b-9043-43c7-9228-e3a074c78e07@group-0635A0868B4C: changes role from  FOLLOWER to FOLLOWER at term 4 for recognizeCandidate:39adbdce-4163-4458-9fe1-3d4d3a5d7739
datanode_2  | 2019-10-18 12:13:00,159 INFO impl.RaftServerImpl: a23ae26e-3044-45eb-b2fd-181588b3a988@group-0635A0868B4C: changes role from CANDIDATE to FOLLOWER at term 8 for DISCOVERED_A_NEW_TERM
datanode_3  | 2019-10-18 12:12:59,983 INFO segmented.SegmentedRaftLogWorker: 39adbdce-4163-4458-9fe1-3d4d3a5d7739@group-0635A0868B4C-SegmentedRaftLogWorker: Starting segment from index:0
datanode_1  | 2019-10-18 12:12:59,858 INFO impl.RoleInfo: 91e5479b-9043-43c7-9228-e3a074c78e07: shutdown FollowerState
datanode_3  | 2019-10-18 12:12:59,984 INFO impl.RaftServerImpl: 39adbdce-4163-4458-9fe1-3d4d3a5d7739@group-0635A0868B4C: set configuration 0: [91e5479b-9043-43c7-9228-e3a074c78e07:172.18.0.7:9858, 39adbdce-4163-4458-9fe1-3d4d3a5d7739:172.18.0.6:9858, a23ae26e-3044-45eb-b2fd-181588b3a988:172.18.0.4:9858], old=null at 0
datanode_2  | 2019-10-18 12:13:00,160 INFO impl.RoleInfo: a23ae26e-3044-45eb-b2fd-181588b3a988: shutdown LeaderElection
datanode_1  | 2019-10-18 12:12:59,858 INFO impl.RoleInfo: 91e5479b-9043-43c7-9228-e3a074c78e07: start FollowerState
datanode_2  | 2019-10-18 12:13:00,160 INFO impl.RoleInfo: a23ae26e-3044-45eb-b2fd-181588b3a988: start FollowerState
datanode_3  | 2019-10-18 12:13:00,029 INFO segmented.SegmentedRaftLogWorker: 39adbdce-4163-4458-9fe1-3d4d3a5d7739@group-0635A0868B4C-SegmentedRaftLogWorker: created new log segment /data/metadata/ratis/e8c93c93-111b-4b5f-bb36-0635a0868b4c/current/log_inprogress_0
datanode_1  | 2019-10-18 12:12:59,858 INFO impl.FollowerState: 91e5479b-9043-43c7-9228-e3a074c78e07@group-0635A0868B4C-FollowerState was interrupted: java.lang.InterruptedException: sleep interrupted
datanode_2  | 2019-10-18 12:13:00,167 INFO impl.FollowerState: a23ae26e-3044-45eb-b2fd-181588b3a988@group-0635A0868B4C-FollowerState: change to CANDIDATE, lastRpcTime:6ms, electionTimeout:6ms
datanode_3  | 2019-10-18 12:13:00,036 INFO impl.RaftServerImpl: 39adbdce-4163-4458-9fe1-3d4d3a5d7739@group-0635A0868B4C: change Leader from 39adbdce-4163-4458-9fe1-3d4d3a5d7739 to null at term 7 for updateCurrentTerm
datanode_1  | 2019-10-18 12:12:59,859 INFO impl.FollowerInfo: 91e5479b-9043-43c7-9228-e3a074c78e07@group-0635A0868B4C->a23ae26e-3044-45eb-b2fd-181588b3a988: nextIndex: updateUnconditionally 1 -> 0
datanode_2  | 2019-10-18 12:13:00,167 INFO impl.RoleInfo: a23ae26e-3044-45eb-b2fd-181588b3a988: shutdown FollowerState
datanode_3  | 2019-10-18 12:13:00,036 INFO impl.RaftServerImpl: 39adbdce-4163-4458-9fe1-3d4d3a5d7739@group-0635A0868B4C: changes role from    LEADER to FOLLOWER at term 7 for stepDown
datanode_1  | 2019-10-18 12:12:59,889 INFO impl.RaftServerImpl: 91e5479b-9043-43c7-9228-e3a074c78e07@group-0635A0868B4C: changes role from  FOLLOWER to FOLLOWER at term 5 for recognizeCandidate:39adbdce-4163-4458-9fe1-3d4d3a5d7739
datanode_2  | 2019-10-18 12:13:00,167 INFO impl.RaftServerImpl: a23ae26e-3044-45eb-b2fd-181588b3a988@group-0635A0868B4C: changes role from  FOLLOWER to CANDIDATE at term 8 for changeToCandidate
datanode_3  | 2019-10-18 12:13:00,036 INFO impl.RoleInfo: 39adbdce-4163-4458-9fe1-3d4d3a5d7739: shutdown LeaderState
datanode_1  | 2019-10-18 12:12:59,889 INFO impl.RoleInfo: 91e5479b-9043-43c7-9228-e3a074c78e07: shutdown FollowerState
datanode_2  | 2019-10-18 12:13:00,168 INFO impl.RoleInfo: a23ae26e-3044-45eb-b2fd-181588b3a988: start LeaderElection
datanode_3  | 2019-10-18 12:13:00,037 WARN server.GrpcLogAppender: 39adbdce-4163-4458-9fe1-3d4d3a5d7739@group-0635A0868B4C->a23ae26e-3044-45eb-b2fd-181588b3a988-GrpcLogAppender: Wait interrupted by java.lang.InterruptedException
datanode_1  | 2019-10-18 12:12:59,889 INFO impl.RoleInfo: 91e5479b-9043-43c7-9228-e3a074c78e07: start FollowerState
datanode_2  | 2019-10-18 12:13:00,175 INFO impl.LeaderElection: a23ae26e-3044-45eb-b2fd-181588b3a988@group-0635A0868B4C-LeaderElection5: begin an election at term 9 for -1: [91e5479b-9043-43c7-9228-e3a074c78e07:172.18.0.7:9858, 39adbdce-4163-4458-9fe1-3d4d3a5d7739:172.18.0.6:9858, a23ae26e-3044-45eb-b2fd-181588b3a988:172.18.0.4:9858], old=null
datanode_3  | 2019-10-18 12:13:00,037 WARN server.GrpcLogAppender: 39adbdce-4163-4458-9fe1-3d4d3a5d7739@group-0635A0868B4C->91e5479b-9043-43c7-9228-e3a074c78e07-GrpcLogAppender: Wait interrupted by java.lang.InterruptedException
datanode_1  | 2019-10-18 12:12:59,889 INFO impl.FollowerState: 91e5479b-9043-43c7-9228-e3a074c78e07@group-0635A0868B4C-FollowerState was interrupted: java.lang.InterruptedException: sleep interrupted
datanode_3  | 2019-10-18 12:13:00,037 INFO impl.PendingRequests: 39adbdce-4163-4458-9fe1-3d4d3a5d7739@group-0635A0868B4C-PendingRequests: sendNotLeaderResponses
datanode_1  | 2019-10-18 12:12:59,946 INFO impl.RaftServerImpl: 91e5479b-9043-43c7-9228-e3a074c78e07@group-0635A0868B4C: changes role from  FOLLOWER to FOLLOWER at term 6 for recognizeCandidate:39adbdce-4163-4458-9fe1-3d4d3a5d7739
datanode_2  | 2019-10-18 12:13:00,197 INFO impl.LeaderElection: a23ae26e-3044-45eb-b2fd-181588b3a988@group-0635A0868B4C-LeaderElection5: Election TIMEOUT; received 0 response(s) [] and 0 exception(s); a23ae26e-3044-45eb-b2fd-181588b3a988@group-0635A0868B4C:t9, leader=null, voted=a23ae26e-3044-45eb-b2fd-181588b3a988, raftlog=a23ae26e-3044-45eb-b2fd-181588b3a988@group-0635A0868B4C-SegmentedRaftLog:OPENED:c-1,f-1,i0, conf=-1: [91e5479b-9043-43c7-9228-e3a074c78e07:172.18.0.7:9858, 39adbdce-4163-4458-9fe1-3d4d3a5d7739:172.18.0.6:9858, a23ae26e-3044-45eb-b2fd-181588b3a988:172.18.0.4:9858], old=null
datanode_1  | 2019-10-18 12:12:59,947 INFO impl.RoleInfo: 91e5479b-9043-43c7-9228-e3a074c78e07: shutdown FollowerState
datanode_3  | 2019-10-18 12:13:00,039 INFO impl.RoleInfo: 39adbdce-4163-4458-9fe1-3d4d3a5d7739: start FollowerState
datanode_2  | 2019-10-18 12:13:00,206 INFO impl.LeaderElection: a23ae26e-3044-45eb-b2fd-181588b3a988@group-0635A0868B4C-LeaderElection5: begin an election at term 10 for -1: [91e5479b-9043-43c7-9228-e3a074c78e07:172.18.0.7:9858, 39adbdce-4163-4458-9fe1-3d4d3a5d7739:172.18.0.6:9858, a23ae26e-3044-45eb-b2fd-181588b3a988:172.18.0.4:9858], old=null
datanode_1  | 2019-10-18 12:12:59,947 INFO impl.RoleInfo: 91e5479b-9043-43c7-9228-e3a074c78e07: start FollowerState
datanode_3  | 2019-10-18 12:13:00,042 INFO server.GrpcLogAppender: 39adbdce-4163-4458-9fe1-3d4d3a5d7739@group-0635A0868B4C->91e5479b-9043-43c7-9228-e3a074c78e07-AppendLogResponseHandler: follower responses appendEntries COMPLETED
datanode_1  | 2019-10-18 12:12:59,947 INFO impl.FollowerState: 91e5479b-9043-43c7-9228-e3a074c78e07@group-0635A0868B4C-FollowerState was interrupted: java.lang.InterruptedException: sleep interrupted
datanode_2  | 2019-10-18 12:13:00,251 INFO impl.LeaderElection: a23ae26e-3044-45eb-b2fd-181588b3a988@group-0635A0868B4C-LeaderElection5: Election REJECTED; received 2 response(s) [a23ae26e-3044-45eb-b2fd-181588b3a988<-91e5479b-9043-43c7-9228-e3a074c78e07#0:FAIL-t10, a23ae26e-3044-45eb-b2fd-181588b3a988<-39adbdce-4163-4458-9fe1-3d4d3a5d7739#0:FAIL-t10] and 0 exception(s); a23ae26e-3044-45eb-b2fd-181588b3a988@group-0635A0868B4C:t10, leader=null, voted=a23ae26e-3044-45eb-b2fd-181588b3a988, raftlog=a23ae26e-3044-45eb-b2fd-181588b3a988@group-0635A0868B4C-SegmentedRaftLog:OPENED:c-1,f-1,i0, conf=-1: [91e5479b-9043-43c7-9228-e3a074c78e07:172.18.0.7:9858, 39adbdce-4163-4458-9fe1-3d4d3a5d7739:172.18.0.6:9858, a23ae26e-3044-45eb-b2fd-181588b3a988:172.18.0.4:9858], old=null
datanode_3  | 2019-10-18 12:13:00,046 INFO server.GrpcLogAppender: 39adbdce-4163-4458-9fe1-3d4d3a5d7739@group-0635A0868B4C->a23ae26e-3044-45eb-b2fd-181588b3a988-AppendLogResponseHandler: follower responses appendEntries COMPLETED
datanode_1  | 2019-10-18 12:13:00,030 INFO impl.RaftServerImpl: 91e5479b-9043-43c7-9228-e3a074c78e07@group-0635A0868B4C: change Leader from null to 39adbdce-4163-4458-9fe1-3d4d3a5d7739 at term 6 for appendEntries, leader elected after 194ms
datanode_2  | 2019-10-18 12:13:00,251 INFO impl.RaftServerImpl: a23ae26e-3044-45eb-b2fd-181588b3a988@group-0635A0868B4C: changes role from CANDIDATE to FOLLOWER at term 10 for DISCOVERED_A_NEW_TERM
datanode_3  | 2019-10-18 12:13:00,047 INFO impl.FollowerInfo: 39adbdce-4163-4458-9fe1-3d4d3a5d7739@group-0635A0868B4C->91e5479b-9043-43c7-9228-e3a074c78e07: nextIndex: updateUnconditionally 0 -> 0
datanode_2  | 2019-10-18 12:13:00,252 INFO impl.RoleInfo: a23ae26e-3044-45eb-b2fd-181588b3a988: shutdown LeaderElection
datanode_3  | 2019-10-18 12:13:00,048 INFO impl.FollowerInfo: 39adbdce-4163-4458-9fe1-3d4d3a5d7739@group-0635A0868B4C->a23ae26e-3044-45eb-b2fd-181588b3a988: nextIndex: updateUnconditionally 0 -> 0
datanode_1  | 2019-10-18 12:13:00,040 INFO server.GrpcServerProtocolService: 91e5479b-9043-43c7-9228-e3a074c78e07: Completed APPEND_ENTRIES, lastRequest: 39adbdce-4163-4458-9fe1-3d4d3a5d7739->91e5479b-9043-43c7-9228-e3a074c78e07#0-t6, previous=(t:0, i:0), leaderCommit=-1, initializing? false, entries: <empty>
datanode_2  | 2019-10-18 12:13:00,252 INFO impl.RoleInfo: a23ae26e-3044-45eb-b2fd-181588b3a988: start FollowerState
datanode_3  | 2019-10-18 12:13:00,053 INFO impl.RaftServerImpl: 39adbdce-4163-4458-9fe1-3d4d3a5d7739@group-0635A0868B4C: changes role from  FOLLOWER to FOLLOWER at term 7 for recognizeCandidate:a23ae26e-3044-45eb-b2fd-181588b3a988
datanode_1  | 2019-10-18 12:13:00,048 INFO impl.RaftServerImpl: 91e5479b-9043-43c7-9228-e3a074c78e07@group-0635A0868B4C: change Leader from 39adbdce-4163-4458-9fe1-3d4d3a5d7739 to null at term 7 for updateCurrentTerm
datanode_3  | 2019-10-18 12:13:00,053 INFO impl.RoleInfo: 39adbdce-4163-4458-9fe1-3d4d3a5d7739: shutdown FollowerState
datanode_2  | 2019-10-18 12:13:00,307 INFO impl.FollowerState: a23ae26e-3044-45eb-b2fd-181588b3a988@group-0635A0868B4C-FollowerState: change to CANDIDATE, lastRpcTime:54ms, electionTimeout:54ms
datanode_1  | 2019-10-18 12:13:00,048 INFO impl.RaftServerImpl: 91e5479b-9043-43c7-9228-e3a074c78e07@group-0635A0868B4C: changes role from  FOLLOWER to FOLLOWER at term 7 for recognizeCandidate:a23ae26e-3044-45eb-b2fd-181588b3a988
datanode_3  | 2019-10-18 12:13:00,053 INFO impl.RoleInfo: 39adbdce-4163-4458-9fe1-3d4d3a5d7739: start FollowerState
datanode_2  | 2019-10-18 12:13:00,307 INFO impl.RoleInfo: a23ae26e-3044-45eb-b2fd-181588b3a988: shutdown FollowerState
datanode_1  | 2019-10-18 12:13:00,048 INFO impl.RoleInfo: 91e5479b-9043-43c7-9228-e3a074c78e07: shutdown FollowerState
datanode_3  | 2019-10-18 12:13:00,053 INFO impl.FollowerState: 39adbdce-4163-4458-9fe1-3d4d3a5d7739@group-0635A0868B4C-FollowerState was interrupted: java.lang.InterruptedException: sleep interrupted
datanode_2  | 2019-10-18 12:13:00,307 INFO impl.RaftServerImpl: a23ae26e-3044-45eb-b2fd-181588b3a988@group-0635A0868B4C: changes role from  FOLLOWER to CANDIDATE at term 10 for changeToCandidate
datanode_1  | 2019-10-18 12:13:00,048 INFO impl.RoleInfo: 91e5479b-9043-43c7-9228-e3a074c78e07: start FollowerState
datanode_3  | 2019-10-18 12:13:00,132 INFO impl.RaftServerImpl: 39adbdce-4163-4458-9fe1-3d4d3a5d7739@group-0635A0868B4C: changes role from  FOLLOWER to FOLLOWER at term 8 for recognizeCandidate:a23ae26e-3044-45eb-b2fd-181588b3a988
datanode_2  | 2019-10-18 12:13:00,307 INFO impl.RoleInfo: a23ae26e-3044-45eb-b2fd-181588b3a988: start LeaderElection
datanode_3  | 2019-10-18 12:13:00,132 INFO impl.RoleInfo: 39adbdce-4163-4458-9fe1-3d4d3a5d7739: shutdown FollowerState
datanode_1  | 2019-10-18 12:13:00,048 INFO impl.FollowerState: 91e5479b-9043-43c7-9228-e3a074c78e07@group-0635A0868B4C-FollowerState was interrupted: java.lang.InterruptedException: sleep interrupted
datanode_2  | 2019-10-18 12:13:00,313 INFO impl.LeaderElection: a23ae26e-3044-45eb-b2fd-181588b3a988@group-0635A0868B4C-LeaderElection6: begin an election at term 11 for -1: [91e5479b-9043-43c7-9228-e3a074c78e07:172.18.0.7:9858, 39adbdce-4163-4458-9fe1-3d4d3a5d7739:172.18.0.6:9858, a23ae26e-3044-45eb-b2fd-181588b3a988:172.18.0.4:9858], old=null
datanode_3  | 2019-10-18 12:13:00,133 INFO impl.RoleInfo: 39adbdce-4163-4458-9fe1-3d4d3a5d7739: start FollowerState
datanode_1  | 2019-10-18 12:13:00,134 INFO impl.RaftServerImpl: 91e5479b-9043-43c7-9228-e3a074c78e07@group-0635A0868B4C: changes role from  FOLLOWER to FOLLOWER at term 8 for recognizeCandidate:a23ae26e-3044-45eb-b2fd-181588b3a988
datanode_2  | 2019-10-18 12:13:00,347 INFO impl.LeaderElection: a23ae26e-3044-45eb-b2fd-181588b3a988@group-0635A0868B4C-LeaderElection6: Election REJECTED; received 2 response(s) [a23ae26e-3044-45eb-b2fd-181588b3a988<-91e5479b-9043-43c7-9228-e3a074c78e07#0:FAIL-t11, a23ae26e-3044-45eb-b2fd-181588b3a988<-39adbdce-4163-4458-9fe1-3d4d3a5d7739#0:FAIL-t11] and 0 exception(s); a23ae26e-3044-45eb-b2fd-181588b3a988@group-0635A0868B4C:t11, leader=null, voted=a23ae26e-3044-45eb-b2fd-181588b3a988, raftlog=a23ae26e-3044-45eb-b2fd-181588b3a988@group-0635A0868B4C-SegmentedRaftLog:OPENED:c-1,f-1,i0, conf=-1: [91e5479b-9043-43c7-9228-e3a074c78e07:172.18.0.7:9858, 39adbdce-4163-4458-9fe1-3d4d3a5d7739:172.18.0.6:9858, a23ae26e-3044-45eb-b2fd-181588b3a988:172.18.0.4:9858], old=null
datanode_3  | 2019-10-18 12:13:00,133 INFO impl.FollowerState: 39adbdce-4163-4458-9fe1-3d4d3a5d7739@group-0635A0868B4C-FollowerState was interrupted: java.lang.InterruptedException: sleep interrupted
datanode_1  | 2019-10-18 12:13:00,134 INFO impl.RoleInfo: 91e5479b-9043-43c7-9228-e3a074c78e07: shutdown FollowerState
datanode_2  | 2019-10-18 12:13:00,348 INFO impl.RaftServerImpl: a23ae26e-3044-45eb-b2fd-181588b3a988@group-0635A0868B4C: changes role from CANDIDATE to FOLLOWER at term 11 for DISCOVERED_A_NEW_TERM
datanode_3  | 2019-10-18 12:13:00,191 INFO impl.RaftServerImpl: 39adbdce-4163-4458-9fe1-3d4d3a5d7739@group-0635A0868B4C: changes role from  FOLLOWER to FOLLOWER at term 9 for recognizeCandidate:a23ae26e-3044-45eb-b2fd-181588b3a988
datanode_1  | 2019-10-18 12:13:00,134 INFO impl.FollowerState: 91e5479b-9043-43c7-9228-e3a074c78e07@group-0635A0868B4C-FollowerState was interrupted: java.lang.InterruptedException: sleep interrupted
datanode_2  | 2019-10-18 12:13:00,348 INFO impl.RoleInfo: a23ae26e-3044-45eb-b2fd-181588b3a988: shutdown LeaderElection
datanode_3  | 2019-10-18 12:13:00,191 INFO impl.RoleInfo: 39adbdce-4163-4458-9fe1-3d4d3a5d7739: shutdown FollowerState
datanode_1  | 2019-10-18 12:13:00,134 INFO impl.RoleInfo: 91e5479b-9043-43c7-9228-e3a074c78e07: start FollowerState
datanode_2  | 2019-10-18 12:13:00,348 INFO impl.RoleInfo: a23ae26e-3044-45eb-b2fd-181588b3a988: start FollowerState
datanode_3  | 2019-10-18 12:13:00,191 INFO impl.RoleInfo: 39adbdce-4163-4458-9fe1-3d4d3a5d7739: start FollowerState
datanode_1  | 2019-10-18 12:13:00,193 INFO impl.RaftServerImpl: 91e5479b-9043-43c7-9228-e3a074c78e07@group-0635A0868B4C: changes role from  FOLLOWER to FOLLOWER at term 9 for recognizeCandidate:a23ae26e-3044-45eb-b2fd-181588b3a988
datanode_2  | 2019-10-18 12:13:00,529 INFO impl.FollowerState: a23ae26e-3044-45eb-b2fd-181588b3a988@group-0635A0868B4C-FollowerState: change to CANDIDATE, lastRpcTime:180ms, electionTimeout:180ms
datanode_3  | 2019-10-18 12:13:00,191 INFO impl.FollowerState: 39adbdce-4163-4458-9fe1-3d4d3a5d7739@group-0635A0868B4C-FollowerState was interrupted: java.lang.InterruptedException: sleep interrupted
datanode_2  | 2019-10-18 12:13:00,530 INFO impl.RoleInfo: a23ae26e-3044-45eb-b2fd-181588b3a988: shutdown FollowerState
datanode_1  | 2019-10-18 12:13:00,193 INFO impl.RoleInfo: 91e5479b-9043-43c7-9228-e3a074c78e07: shutdown FollowerState
datanode_3  | 2019-10-18 12:13:00,233 INFO impl.RaftServerImpl: 39adbdce-4163-4458-9fe1-3d4d3a5d7739@group-0635A0868B4C: changes role from  FOLLOWER to FOLLOWER at term 10 for recognizeCandidate:a23ae26e-3044-45eb-b2fd-181588b3a988
datanode_2  | 2019-10-18 12:13:00,530 INFO impl.RaftServerImpl: a23ae26e-3044-45eb-b2fd-181588b3a988@group-0635A0868B4C: changes role from  FOLLOWER to CANDIDATE at term 11 for changeToCandidate
datanode_1  | 2019-10-18 12:13:00,193 INFO impl.FollowerState: 91e5479b-9043-43c7-9228-e3a074c78e07@group-0635A0868B4C-FollowerState was interrupted: java.lang.InterruptedException: sleep interrupted
datanode_3  | 2019-10-18 12:13:00,233 INFO impl.RoleInfo: 39adbdce-4163-4458-9fe1-3d4d3a5d7739: shutdown FollowerState
datanode_2  | 2019-10-18 12:13:00,530 INFO impl.RoleInfo: a23ae26e-3044-45eb-b2fd-181588b3a988: start LeaderElection
datanode_1  | 2019-10-18 12:13:00,193 INFO impl.RoleInfo: 91e5479b-9043-43c7-9228-e3a074c78e07: start FollowerState
datanode_3  | 2019-10-18 12:13:00,233 INFO impl.FollowerState: 39adbdce-4163-4458-9fe1-3d4d3a5d7739@group-0635A0868B4C-FollowerState was interrupted: java.lang.InterruptedException: sleep interrupted
datanode_2  | 2019-10-18 12:13:00,544 INFO impl.LeaderElection: a23ae26e-3044-45eb-b2fd-181588b3a988@group-0635A0868B4C-LeaderElection7: begin an election at term 12 for -1: [91e5479b-9043-43c7-9228-e3a074c78e07:172.18.0.7:9858, 39adbdce-4163-4458-9fe1-3d4d3a5d7739:172.18.0.6:9858, a23ae26e-3044-45eb-b2fd-181588b3a988:172.18.0.4:9858], old=null
datanode_1  | 2019-10-18 12:13:00,231 INFO impl.RaftServerImpl: 91e5479b-9043-43c7-9228-e3a074c78e07@group-0635A0868B4C: changes role from  FOLLOWER to FOLLOWER at term 10 for recognizeCandidate:a23ae26e-3044-45eb-b2fd-181588b3a988
datanode_3  | 2019-10-18 12:13:00,233 INFO impl.RoleInfo: 39adbdce-4163-4458-9fe1-3d4d3a5d7739: start FollowerState
datanode_2  | 2019-10-18 12:13:00,582 INFO impl.LeaderElection: a23ae26e-3044-45eb-b2fd-181588b3a988@group-0635A0868B4C-LeaderElection7: Election REJECTED; received 2 response(s) [a23ae26e-3044-45eb-b2fd-181588b3a988<-91e5479b-9043-43c7-9228-e3a074c78e07#0:FAIL-t12, a23ae26e-3044-45eb-b2fd-181588b3a988<-39adbdce-4163-4458-9fe1-3d4d3a5d7739#0:FAIL-t12] and 0 exception(s); a23ae26e-3044-45eb-b2fd-181588b3a988@group-0635A0868B4C:t12, leader=null, voted=a23ae26e-3044-45eb-b2fd-181588b3a988, raftlog=a23ae26e-3044-45eb-b2fd-181588b3a988@group-0635A0868B4C-SegmentedRaftLog:OPENED:c-1,f-1,i0, conf=-1: [91e5479b-9043-43c7-9228-e3a074c78e07:172.18.0.7:9858, 39adbdce-4163-4458-9fe1-3d4d3a5d7739:172.18.0.6:9858, a23ae26e-3044-45eb-b2fd-181588b3a988:172.18.0.4:9858], old=null
datanode_1  | 2019-10-18 12:13:00,231 INFO impl.RoleInfo: 91e5479b-9043-43c7-9228-e3a074c78e07: shutdown FollowerState
datanode_3  | 2019-10-18 12:13:00,336 INFO impl.RaftServerImpl: 39adbdce-4163-4458-9fe1-3d4d3a5d7739@group-0635A0868B4C: changes role from  FOLLOWER to FOLLOWER at term 11 for recognizeCandidate:a23ae26e-3044-45eb-b2fd-181588b3a988
datanode_2  | 2019-10-18 12:13:00,582 INFO impl.RaftServerImpl: a23ae26e-3044-45eb-b2fd-181588b3a988@group-0635A0868B4C: changes role from CANDIDATE to FOLLOWER at term 12 for DISCOVERED_A_NEW_TERM
datanode_1  | 2019-10-18 12:13:00,232 INFO impl.RoleInfo: 91e5479b-9043-43c7-9228-e3a074c78e07: start FollowerState
datanode_3  | 2019-10-18 12:13:00,337 INFO impl.RoleInfo: 39adbdce-4163-4458-9fe1-3d4d3a5d7739: shutdown FollowerState
datanode_1  | 2019-10-18 12:13:00,232 INFO impl.FollowerState: 91e5479b-9043-43c7-9228-e3a074c78e07@group-0635A0868B4C-FollowerState was interrupted: java.lang.InterruptedException: sleep interrupted
datanode_2  | 2019-10-18 12:13:00,584 INFO impl.RoleInfo: a23ae26e-3044-45eb-b2fd-181588b3a988: shutdown LeaderElection
datanode_3  | 2019-10-18 12:13:00,337 INFO impl.FollowerState: 39adbdce-4163-4458-9fe1-3d4d3a5d7739@group-0635A0868B4C-FollowerState was interrupted: java.lang.InterruptedException: sleep interrupted
datanode_1  | 2019-10-18 12:13:00,330 INFO impl.RaftServerImpl: 91e5479b-9043-43c7-9228-e3a074c78e07@group-0635A0868B4C: changes role from  FOLLOWER to FOLLOWER at term 11 for recognizeCandidate:a23ae26e-3044-45eb-b2fd-181588b3a988
datanode_2  | 2019-10-18 12:13:00,584 INFO impl.RoleInfo: a23ae26e-3044-45eb-b2fd-181588b3a988: start FollowerState
datanode_3  | 2019-10-18 12:13:00,337 INFO impl.RoleInfo: 39adbdce-4163-4458-9fe1-3d4d3a5d7739: start FollowerState
datanode_1  | 2019-10-18 12:13:00,330 INFO impl.RoleInfo: 91e5479b-9043-43c7-9228-e3a074c78e07: shutdown FollowerState
datanode_2  | 2019-10-18 12:13:00,600 INFO impl.FollowerState: a23ae26e-3044-45eb-b2fd-181588b3a988@group-0635A0868B4C-FollowerState: change to CANDIDATE, lastRpcTime:15ms, electionTimeout:15ms
datanode_3  | 2019-10-18 12:13:00,563 INFO impl.RaftServerImpl: 39adbdce-4163-4458-9fe1-3d4d3a5d7739@group-0635A0868B4C: changes role from  FOLLOWER to FOLLOWER at term 12 for recognizeCandidate:a23ae26e-3044-45eb-b2fd-181588b3a988
datanode_1  | 2019-10-18 12:13:00,330 INFO impl.FollowerState: 91e5479b-9043-43c7-9228-e3a074c78e07@group-0635A0868B4C-FollowerState was interrupted: java.lang.InterruptedException: sleep interrupted
datanode_2  | 2019-10-18 12:13:00,600 INFO impl.RoleInfo: a23ae26e-3044-45eb-b2fd-181588b3a988: shutdown FollowerState
datanode_3  | 2019-10-18 12:13:00,564 INFO impl.RoleInfo: 39adbdce-4163-4458-9fe1-3d4d3a5d7739: shutdown FollowerState
