om_1        | 2019-10-18 12:25:06,398 INFO http.HttpServer2: Added global filter 'safety' (class=org.apache.hadoop.http.HttpServer2$QuotingInputFilter)
kms_1       | 	at org.eclipse.jetty.servlet.ServletHandler$CachedChain.doFilter(ServletHandler.java:1759)
scm_1       | 2019-10-18 12:24:59,390 INFO server.SCMClientProtocolServer: Processing CSR for dn 2697286b0d00, UUID: 4a40fa08-efbf-4198-bc7f-784768d1d193
rm_1        | maxLifetime = -1 seconds
kdc_1       | Entry for principal s3g/scm@EXAMPLE.COM with kvno 2, encryption type aes256-cts-hmac-sha1-96 added to keytab WRFILE:/data/s3g.scm.keytab.
datanode_1  | 2019-10-18 12:25:03,274 INFO server.RaftServerConfigKeys: raft.server.snapshot.auto.trigger.threshold = 10000 (custom)
nm_1        | 2019-10-18 12:25:00 INFO  HttpServer2:613 - adding path spec: /node/*
jhs         | Oct 18, 2019 12:25:55 PM com.sun.jersey.server.wadl.generators.AbstractWadlGeneratorGrammarGenerator attachTypes
datanode_3  | 2019-10-18 12:25:05,296 INFO impl.FollowerState: 1ebca300-5bc7-4759-8e54-061cb0f90896@group-B8155B035D4E-FollowerState: change to CANDIDATE, lastRpcTime:117ms, electionTimeout:117ms
datanode_2  | 2019-10-18 12:25:05,898 INFO impl.RaftServerImpl: 4a40fa08-efbf-4198-bc7f-784768d1d193@group-76253C8653B2: start as a follower, conf=-1: [4a40fa08-efbf-4198-bc7f-784768d1d193:172.18.0.5:9858], old=null
kms_1       | 	at org.eclipse.jetty.servlet.ServletHandler.doHandle(ServletHandler.java:582)
scm_1       | 2019-10-18 12:25:00,229 INFO ipc.Server: Auth successful for om/om@EXAMPLE.COM (auth:KERBEROS)
rm_1        | defaultLifetime = -1 seconds
kdc_1       | Entry for principal s3g/scm@EXAMPLE.COM with kvno 2, encryption type aes128-cts-hmac-sha1-96 added to keytab WRFILE:/data/s3g.scm.keytab.
om_1        | 2019-10-18 12:25:06,401 INFO http.HttpServer2: Added filter static_user_filter (class=org.apache.hadoop.http.lib.StaticUserWebFilter$StaticUserFilter) to context ozoneManager
datanode_1  | 2019-10-18 12:25:03,274 INFO server.RaftServerConfigKeys: raft.server.snapshot.retention.file.num = 5 (custom)
nm_1        | 2019-10-18 12:25:00 INFO  HttpServer2:613 - adding path spec: /ws/*
jhs         | INFO: Couldn't find grammar element for class javax.ws.rs.core.Response
datanode_3  | 2019-10-18 12:25:05,297 INFO impl.RoleInfo: 1ebca300-5bc7-4759-8e54-061cb0f90896: shutdown FollowerState
datanode_2  | 2019-10-18 12:25:05,899 INFO impl.RaftServerImpl: 4a40fa08-efbf-4198-bc7f-784768d1d193@group-76253C8653B2: changes role from      null to FOLLOWER at term 0 for startAsFollower
kms_1       | 	at org.eclipse.jetty.server.handler.ScopedHandler.handle(ScopedHandler.java:143)
scm_1       | 2019-10-18 12:25:00,278 INFO ipc.Server: Auth successful for dn/48ef946fdb03@EXAMPLE.COM (auth:KERBEROS)
kdc_1       | Generiting keytab
datanode_1  | 2019-10-18 12:25:03,275 INFO server.RaftServerConfigKeys: raft.server.retrycache.expirytime = 600000ms (custom)
nm_1        | 2019-10-18 12:25:00 INFO  WebApps:395 - Registered webapp guice modules
om_1        | 2019-10-18 12:25:06,402 INFO http.HttpServer2: Added filter static_user_filter (class=org.apache.hadoop.http.lib.StaticUserWebFilter$StaticUserFilter) to context static
rm_1        | 2019-10-18 12:24:59 INFO  CapacitySchedulerQueueManager:298 - Initialized queue: default: capacity=1.0, absoluteCapacity=1.0, usedResources=<memory:0, vCores:0>, usedCapacity=0.0, absoluteUsedCapacity=0.0, numApps=0, numContainers=0, effectiveMinResource=<memory:0, vCores:0> , effectiveMaxResource=<memory:0, vCores:0>
jhs         | Oct 18, 2019 12:25:55 PM com.sun.jersey.server.wadl.generators.AbstractWadlGeneratorGrammarGenerator attachTypes
datanode_3  | 2019-10-18 12:25:05,298 INFO impl.RaftServerImpl: 1ebca300-5bc7-4759-8e54-061cb0f90896@group-B8155B035D4E: changes role from  FOLLOWER to CANDIDATE at term 0 for changeToCandidate
datanode_2  | 2019-10-18 12:25:05,900 INFO impl.RoleInfo: 4a40fa08-efbf-4198-bc7f-784768d1d193: start FollowerState
kms_1       | 	at org.eclipse.jetty.security.SecurityHandler.handle(SecurityHandler.java:548)
scm_1       | 2019-10-18 12:25:01,957 INFO ipc.Server: Auth successful for om/om@EXAMPLE.COM (auth:KERBEROS)
kdc_1       | Authenticating as principal admin/admin with keytab /tmp/admin.keytab.
datanode_1  | 2019-10-18 12:25:03,315 INFO impl.RaftServerImpl: 531bbfa3-dfd3-48d7-bc2a-bdc5d5061305@group-2EF8419D27C6: start as a follower, conf=-1: [531bbfa3-dfd3-48d7-bc2a-bdc5d5061305:172.18.0.3:9858], old=null
nm_1        | 2019-10-18 12:25:00 INFO  HttpServer2:1191 - Jetty bound to port 8042
om_1        | 2019-10-18 12:25:06,402 INFO http.HttpServer2: Added filter static_user_filter (class=org.apache.hadoop.http.lib.StaticUserWebFilter$StaticUserFilter) to context logs
jhs         | INFO: Couldn't find grammar element for class javax.ws.rs.core.Response
rm_1        | 2019-10-18 12:24:59 INFO  CapacitySchedulerQueueManager:298 - Initialized queue: root: numChildQueue= 1, capacity=1.0, absoluteCapacity=1.0, usedResources=<memory:0, vCores:0>usedCapacity=0.0, numApps=0, numContainers=0
datanode_3  | 2019-10-18 12:25:05,302 INFO impl.RoleInfo: 1ebca300-5bc7-4759-8e54-061cb0f90896: start LeaderElection
datanode_2  | 2019-10-18 12:25:05,904 INFO util.JmxRegister: Successfully registered JMX Bean with object name Ratis:service=RaftServer,group=group-76253C8653B2,id=4a40fa08-efbf-4198-bc7f-784768d1d193
kms_1       | 	at org.eclipse.jetty.server.session.SessionHandler.doHandle(SessionHandler.java:226)
scm_1       | 2019-10-18 12:25:01,964 INFO server.SCMClientProtocolServer: Processing CSR for om om, UUID: d9fd3d57-308d-4bc7-a668-7b5d5581b429
kdc_1       | WARNING: no policy specified for s3g/48ef946fdb03@EXAMPLE.COM; defaulting to no policy
datanode_1  | 2019-10-18 12:25:03,316 INFO impl.RaftServerImpl: 531bbfa3-dfd3-48d7-bc2a-bdc5d5061305@group-2EF8419D27C6: changes role from      null to FOLLOWER at term 0 for startAsFollower
nm_1        | 2019-10-18 12:25:00 INFO  Server:351 - jetty-9.3.24.v20180605, build timestamp: 2018-06-05T17:11:56Z, git hash: 84205aa28f11a4f31f2a3b86d1bba2cc8ab69827
om_1        | 2019-10-18 12:25:06,433 INFO http.HttpServer2: Jetty bound to port 9874
jhs         | Oct 18, 2019 12:25:55 PM com.sun.jersey.server.wadl.generators.AbstractWadlGeneratorGrammarGenerator attachTypes
rm_1        | 2019-10-18 12:24:59 INFO  CapacitySchedulerQueueManager:163 - Initialized root queue root: numChildQueue= 1, capacity=1.0, absoluteCapacity=1.0, usedResources=<memory:0, vCores:0>usedCapacity=0.0, numApps=0, numContainers=0
datanode_3  | 2019-10-18 12:25:05,315 INFO impl.LeaderElection: 1ebca300-5bc7-4759-8e54-061cb0f90896@group-B8155B035D4E-LeaderElection1: begin an election at term 1 for -1: [1ebca300-5bc7-4759-8e54-061cb0f90896:172.18.0.8:9858], old=null
datanode_2  | 2019-10-18 12:25:06,014 INFO impl.FollowerState: 4a40fa08-efbf-4198-bc7f-784768d1d193@group-76253C8653B2-FollowerState: change to CANDIDATE, lastRpcTime:114ms, electionTimeout:113ms
kms_1       | 	at org.eclipse.jetty.server.handler.ContextHandler.doHandle(ContextHandler.java:1180)
scm_1       | 2019-10-18 12:25:02,258 INFO net.NetworkTopology: Added a new node: /default-rack/531bbfa3-dfd3-48d7-bc2a-bdc5d5061305
kdc_1       | Principal "s3g/48ef946fdb03@EXAMPLE.COM" created.
datanode_1  | 2019-10-18 12:25:03,317 INFO impl.RoleInfo: 531bbfa3-dfd3-48d7-bc2a-bdc5d5061305: start FollowerState
nm_1        | 2019-10-18 12:25:00 INFO  AuthenticationFilter:240 - Unable to initialize FileSignerSecretProvider, falling back to use random secrets.
jhs         | INFO: Couldn't find grammar element for class javax.ws.rs.core.Response
om_1        | 2019-10-18 12:25:06,435 INFO server.Server: jetty-9.3.25.v20180904, build timestamp: 2018-09-04T21:11:46Z, git hash: 3ce520221d0240229c862b122d2b06c12a625732
rm_1        | 2019-10-18 12:24:59 INFO  UserGroupMappingPlacementRule:237 - Initialized queue mappings, override: false
datanode_3  | 2019-10-18 12:25:05,317 INFO impl.RoleInfo: 1ebca300-5bc7-4759-8e54-061cb0f90896: shutdown LeaderElection
datanode_2  | 2019-10-18 12:25:06,015 INFO impl.RoleInfo: 4a40fa08-efbf-4198-bc7f-784768d1d193: shutdown FollowerState
kms_1       | 	at org.eclipse.jetty.servlet.ServletHandler.doScope(ServletHandler.java:512)
scm_1       | 2019-10-18 12:25:02,258 INFO node.SCMNodeManager: Registered Data node : 531bbfa3-dfd3-48d7-bc2a-bdc5d5061305{ip: 172.18.0.3, host: ozonesecure-mr_datanode_1.ozone, networkLocation: /default-rack, certSerialId: 10600451908425610}
datanode_1  | 2019-10-18 12:25:03,321 INFO util.JmxRegister: Successfully registered JMX Bean with object name Ratis:service=RaftServer,group=group-2EF8419D27C6,id=531bbfa3-dfd3-48d7-bc2a-bdc5d5061305
nm_1        | 2019-10-18 12:25:00 INFO  ContextHandler:781 - Started o.e.j.s.ServletContextHandler@476b0ae6{/logs,file:///opt/hadoop/logs/,AVAILABLE}
jhs         | 2019-10-18 12:25:55 INFO  AbstractDelegationTokenSecretManager:403 - Creating password for identifier: (TIMELINE_DELEGATION_TOKEN owner=hadoop, renewer=rm, realUser=, issueDate=1571401555446, maxDate=1572006355446, sequenceNumber=1, masterKeyId=2), currentKey: 2
kdc_1       | Authenticating as principal admin/admin with keytab /tmp/admin.keytab.
om_1        | 2019-10-18 12:25:06,469 INFO handler.ContextHandler: Started o.e.j.s.ServletContextHandler@3bc69ce9{/logs,file:///var/log/hadoop/,AVAILABLE}
rm_1        | 2019-10-18 12:24:59 INFO  MultiNodeSortingManager:104 - MultiNode scheduling is 'false', and configured policies are 
datanode_3  | 2019-10-18 12:25:05,317 INFO impl.RaftServerImpl: 1ebca300-5bc7-4759-8e54-061cb0f90896@group-B8155B035D4E: changes role from CANDIDATE to LEADER at term 1 for changeToLeader
datanode_2  | 2019-10-18 12:25:06,016 INFO impl.RaftServerImpl: 4a40fa08-efbf-4198-bc7f-784768d1d193@group-76253C8653B2: changes role from  FOLLOWER to CANDIDATE at term 0 for changeToCandidate
kms_1       | 	at org.eclipse.jetty.server.session.SessionHandler.doScope(SessionHandler.java:185)
scm_1       | 2019-10-18 12:25:02,262 INFO safemode.SCMSafeModeManager: SCM in safe mode. 1 DataNodes registered, 1 required.
datanode_1  | 2019-10-18 12:25:03,481 INFO impl.FollowerState: 531bbfa3-dfd3-48d7-bc2a-bdc5d5061305@group-2EF8419D27C6-FollowerState: change to CANDIDATE, lastRpcTime:164ms, electionTimeout:163ms
nm_1        | 2019-10-18 12:25:00 INFO  ContextHandler:781 - Started o.e.j.s.ServletContextHandler@4b3a45f1{/static,jar:file:/opt/hadoop/share/hadoop/yarn/hadoop-yarn-common-3.2.0.jar!/webapps/static,AVAILABLE}
jhs         | Oct 18, 2019 12:25:56 PM com.sun.jersey.server.wadl.generators.AbstractWadlGeneratorGrammarGenerator attachTypes
kdc_1       | Entry for principal s3g/48ef946fdb03@EXAMPLE.COM with kvno 2, encryption type aes256-cts-hmac-sha1-96 added to keytab WRFILE:/data/s3g.48ef946fdb03.keytab.
om_1        | 2019-10-18 12:25:06,470 INFO handler.ContextHandler: Started o.e.j.s.ServletContextHandler@4c302f38{/static,jar:file:/opt/hadoop/share/ozone/lib/hadoop-ozone-ozone-manager-0.5.0-SNAPSHOT.jar!/webapps/static,AVAILABLE}
rm_1        | 2019-10-18 12:24:59 INFO  CapacityScheduler:408 - Initialized CapacityScheduler with calculator=class org.apache.hadoop.yarn.util.resource.DefaultResourceCalculator, minimumAllocation=<<memory:1024, vCores:1>>, maximumAllocation=<<memory:8192, vCores:4>>, asynchronousScheduling=false, asyncScheduleInterval=5ms,multiNodePlacementEnabled=false
datanode_3  | 2019-10-18 12:25:05,318 INFO impl.RaftServerImpl: 1ebca300-5bc7-4759-8e54-061cb0f90896@group-B8155B035D4E: change Leader from null to 1ebca300-5bc7-4759-8e54-061cb0f90896 at term 1 for becomeLeader, leader elected after 247ms
datanode_2  | 2019-10-18 12:25:06,019 INFO impl.RoleInfo: 4a40fa08-efbf-4198-bc7f-784768d1d193: start LeaderElection
kms_1       | 	at org.eclipse.jetty.server.handler.ContextHandler.doScope(ContextHandler.java:1112)
scm_1       | 2019-10-18 12:25:02,263 INFO safemode.SCMSafeModeManager: ScmSafeModeManager, all rules are successfully validated
nm_1        | Oct 18, 2019 12:25:01 PM com.sun.jersey.guice.spi.container.GuiceComponentProviderFactory register
jhs         | INFO: Couldn't find grammar element for class javax.ws.rs.core.Response
datanode_1  | 2019-10-18 12:25:03,482 INFO impl.RoleInfo: 531bbfa3-dfd3-48d7-bc2a-bdc5d5061305: shutdown FollowerState
kdc_1       | Entry for principal s3g/48ef946fdb03@EXAMPLE.COM with kvno 2, encryption type aes128-cts-hmac-sha1-96 added to keytab WRFILE:/data/s3g.48ef946fdb03.keytab.
om_1        | 2019-10-18 12:25:06,610 INFO server.KerberosAuthenticationHandler: Using keytab /etc/security/keytabs/HTTP.keytab, for principal HTTP/om@EXAMPLE.COM
datanode_3  | 2019-10-18 12:25:05,322 INFO server.RaftServerConfigKeys: raft.server.staging.catchup.gap = 1000 (default)
rm_1        | 2019-10-18 12:24:59 INFO  Configuration:2752 - dynamic-resources.xml not found
datanode_2  | 2019-10-18 12:25:06,025 INFO impl.RaftServerProxy: 4a40fa08-efbf-4198-bc7f-784768d1d193: addNew group-DED82751FFF5:[4a40fa08-efbf-4198-bc7f-784768d1d193:172.18.0.5:9858, 531bbfa3-dfd3-48d7-bc2a-bdc5d5061305:172.18.0.3:9858, 1ebca300-5bc7-4759-8e54-061cb0f90896:172.18.0.8:9858] returns group-DED82751FFF5:java.util.concurrent.CompletableFuture@aaa36a0[Not completed]
kms_1       | 	at org.eclipse.jetty.server.handler.ScopedHandler.handle(ScopedHandler.java:141)
scm_1       | 2019-10-18 12:25:02,267 INFO safemode.SCMSafeModeManager: SCM exiting safe mode.
jhs         | Oct 18, 2019 12:25:56 PM com.sun.jersey.server.wadl.generators.AbstractWadlGeneratorGrammarGenerator attachTypes
nm_1        | INFO: Registering org.apache.hadoop.yarn.server.nodemanager.webapp.NMWebServices as a root resource class
datanode_1  | 2019-10-18 12:25:03,482 INFO impl.RaftServerImpl: 531bbfa3-dfd3-48d7-bc2a-bdc5d5061305@group-2EF8419D27C6: changes role from  FOLLOWER to CANDIDATE at term 0 for changeToCandidate
kdc_1       | Generiting keytab
om_1        | 2019-10-18 12:25:06,615 INFO handler.ContextHandler: Started o.e.j.w.WebAppContext@9a20cbd{/,file:///tmp/jetty-0.0.0.0-9874-ozoneManager-_-any-15888032504610424027.dir/webapp/,AVAILABLE}{/ozoneManager}
datanode_3  | 2019-10-18 12:25:05,323 INFO server.RaftServerConfigKeys: raft.server.rpc.sleep.time = 25ms (default)
rm_1        | 2019-10-18 12:24:59 INFO  AMSProcessingChain:62 - Initializing AMS Processing chain. Root Processor=[org.apache.hadoop.yarn.server.resourcemanager.DefaultAMSProcessor].
datanode_2  | 2019-10-18 12:25:06,029 INFO impl.RaftServerImpl: 4a40fa08-efbf-4198-bc7f-784768d1d193: new RaftServerImpl for group-DED82751FFF5:[4a40fa08-efbf-4198-bc7f-784768d1d193:172.18.0.5:9858, 531bbfa3-dfd3-48d7-bc2a-bdc5d5061305:172.18.0.3:9858, 1ebca300-5bc7-4759-8e54-061cb0f90896:172.18.0.8:9858] with ContainerStateMachine:uninitialized
kms_1       | 	at org.eclipse.jetty.server.handler.HandlerCollection.handle(HandlerCollection.java:119)
scm_1       | 2019-10-18 12:25:02,774 INFO ipc.Server: Auth successful for dn/1bc69e288b54@EXAMPLE.COM (auth:KERBEROS)
jhs         | INFO: Couldn't find grammar element for class javax.ws.rs.core.Response
nm_1        | Oct 18, 2019 12:25:01 PM com.sun.jersey.guice.spi.container.GuiceComponentProviderFactory register
datanode_1  | 2019-10-18 12:25:03,486 INFO impl.RoleInfo: 531bbfa3-dfd3-48d7-bc2a-bdc5d5061305: start LeaderElection
kdc_1       | Authenticating as principal admin/admin with keytab /tmp/admin.keytab.
om_1        | 2019-10-18 12:25:06,620 INFO server.AbstractConnector: Started ServerConnector@664e848c{HTTP/1.1,[http/1.1]}{0.0.0.0:9874}
datanode_3  | 2019-10-18 12:25:05,327 INFO server.RaftServerConfigKeys: raft.server.write.element-limit = 4096 (default)
rm_1        | 2019-10-18 12:24:59 INFO  ApplicationMasterService:129 - disabled placement handler will be used, all scheduling requests will be rejected.
datanode_2  | 2019-10-18 12:25:06,030 INFO server.RaftServerConfigKeys: raft.server.rpc.timeout.min = 5s (custom)
kms_1       | 	at org.eclipse.jetty.server.handler.HandlerWrapper.handle(HandlerWrapper.java:134)
scm_1       | 2019-10-18 12:25:03,409 INFO pipeline.PipelineStateManager: Created pipeline Pipeline[ Id: f2509a92-a31a-4443-9130-2ef8419d27c6, Nodes: 531bbfa3-dfd3-48d7-bc2a-bdc5d5061305{ip: 172.18.0.3, host: ozonesecure-mr_datanode_1.ozone, networkLocation: /default-rack, certSerialId: null}, Type:RATIS, Factor:ONE, State:OPEN]
jhs         | Oct 18, 2019 12:25:56 PM com.sun.jersey.server.wadl.generators.AbstractWadlGeneratorGrammarGenerator attachTypes
nm_1        | INFO: Registering org.apache.hadoop.yarn.webapp.GenericExceptionHandler as a provider class
datanode_1  | 2019-10-18 12:25:03,512 INFO impl.LeaderElection: 531bbfa3-dfd3-48d7-bc2a-bdc5d5061305@group-2EF8419D27C6-LeaderElection1: begin an election at term 1 for -1: [531bbfa3-dfd3-48d7-bc2a-bdc5d5061305:172.18.0.3:9858], old=null
kdc_1       | WARNING: no policy specified for om/1bc69e288b54@EXAMPLE.COM; defaulting to no policy
om_1        | 2019-10-18 12:25:06,621 INFO server.Server: Started @4395ms
datanode_3  | 2019-10-18 12:25:05,331 INFO server.RaftServerConfigKeys: raft.server.watch.timeout = 10s (default)
rm_1        | 2019-10-18 12:24:59 INFO  AMSProcessingChain:75 - Adding [org.apache.hadoop.yarn.server.resourcemanager.scheduler.constraint.processor.DisabledPlacementProcessor] tp top of AMS Processing chain. 
datanode_2  | 2019-10-18 12:25:06,030 INFO server.RaftServerConfigKeys: raft.server.rpc.timeout.max = 5200ms (custom)
kms_1       | 	at org.eclipse.jetty.server.Server.handle(Server.java:536)
scm_1       | 2019-10-18 12:25:03,457 INFO ipc.Server: Auth successful for dn/2697286b0d00@EXAMPLE.COM (auth:KERBEROS)
nm_1        | Oct 18, 2019 12:25:01 PM com.sun.jersey.guice.spi.container.GuiceComponentProviderFactory register
jhs         | INFO: Couldn't find grammar element for class javax.ws.rs.core.Response
datanode_1  | 2019-10-18 12:25:03,514 INFO impl.RoleInfo: 531bbfa3-dfd3-48d7-bc2a-bdc5d5061305: shutdown LeaderElection
kdc_1       | Principal "om/1bc69e288b54@EXAMPLE.COM" created.
om_1        | 2019-10-18 12:25:06,625 INFO impl.MetricsSinkAdapter: Sink prometheus started
datanode_3  | 2019-10-18 12:25:05,331 INFO server.RaftServerConfigKeys: raft.server.watch.timeout.denomination = 1s (default)
rm_1        | 2019-10-18 12:24:59 INFO  TimelineClientImpl:129 - Timeline service address: jhs:8188
datanode_2  | 2019-10-18 12:25:06,030 INFO server.RaftServerConfigKeys: raft.server.rpcslowness.timeout = 120s (custom)
kms_1       | 	at org.eclipse.jetty.server.HttpChannel.handle(HttpChannel.java:333)
scm_1       | 2019-10-18 12:25:04,532 INFO ipc.Server: Auth successful for om/om@EXAMPLE.COM (auth:KERBEROS)
nm_1        | INFO: Registering org.apache.hadoop.yarn.server.nodemanager.webapp.JAXBContextResolver as a provider class
jhs         | Oct 18, 2019 12:25:56 PM com.sun.jersey.server.wadl.generators.AbstractWadlGeneratorGrammarGenerator attachTypes
datanode_1  | 2019-10-18 12:25:03,514 INFO impl.RaftServerImpl: 531bbfa3-dfd3-48d7-bc2a-bdc5d5061305@group-2EF8419D27C6: changes role from CANDIDATE to LEADER at term 1 for changeToLeader
kdc_1       | Authenticating as principal admin/admin with keytab /tmp/admin.keytab.
om_1        | 2019-10-18 12:25:06,625 INFO impl.MetricsSystemImpl: Registered sink prometheus
datanode_3  | 2019-10-18 12:25:05,332 INFO server.RaftServerConfigKeys: raft.server.watch.element-limit = 65536 (default)
rm_1        | 2019-10-18 12:25:00 INFO  AsyncDispatcher:223 - Registering class org.apache.hadoop.yarn.server.resourcemanager.metrics.AbstractSystemMetricsPublisher$SystemMetricsEventType for class org.apache.hadoop.yarn.server.resourcemanager.metrics.TimelineServiceV1Publisher$TimelineV1EventHandler
datanode_2  | 2019-10-18 12:25:06,030 INFO server.RaftServerConfigKeys: raft.server.sleep.deviation.threshold = 300 (default)
kms_1       | 	at org.eclipse.jetty.server.HttpConnection.onFillable(HttpConnection.java:251)
scm_1       | 2019-10-18 12:25:04,770 INFO net.NetworkTopology: Added a new node: /default-rack/1ebca300-5bc7-4759-8e54-061cb0f90896
nm_1        | Oct 18, 2019 12:25:01 PM com.sun.jersey.server.impl.application.WebApplicationImpl _initiate
jhs         | INFO: Couldn't find grammar element for class javax.ws.rs.core.Response
datanode_1  | 2019-10-18 12:25:03,515 INFO impl.RaftServerImpl: 531bbfa3-dfd3-48d7-bc2a-bdc5d5061305@group-2EF8419D27C6: change Leader from null to 531bbfa3-dfd3-48d7-bc2a-bdc5d5061305 at term 1 for becomeLeader, leader elected after 337ms
kdc_1       | Entry for principal om/1bc69e288b54@EXAMPLE.COM with kvno 2, encryption type aes256-cts-hmac-sha1-96 added to keytab WRFILE:/data/om.1bc69e288b54.keytab.
om_1        | 2019-10-18 12:25:06,627 INFO server.BaseHttpServer: HTTP server of OZONEMANAGER is listening at http://0.0.0.0:9874
datanode_3  | 2019-10-18 12:25:05,350 INFO impl.RoleInfo: 1ebca300-5bc7-4759-8e54-061cb0f90896: start LeaderState
rm_1        | 2019-10-18 12:25:00 INFO  AsyncDispatcher:223 - Registering class org.apache.hadoop.yarn.server.resourcemanager.metrics.AbstractSystemMetricsPublisher$SystemMetricsEventType for class org.apache.hadoop.yarn.server.resourcemanager.metrics.TimelineServiceV1Publisher$TimelineV1EventHandler
datanode_2  | 2019-10-18 12:25:06,030 INFO server.RaftServerConfigKeys: raft.server.log.appender.install.snapshot.enabled = false (custom)
kms_1       | 	at org.eclipse.jetty.io.AbstractConnection$ReadCallback.succeeded(AbstractConnection.java:283)
scm_1       | 2019-10-18 12:25:04,770 INFO node.SCMNodeManager: Registered Data node : 1ebca300-5bc7-4759-8e54-061cb0f90896{ip: 172.18.0.8, host: ozonesecure-mr_datanode_3.ozone, networkLocation: /default-rack, certSerialId: 10600454287318229}
nm_1        | INFO: Initiating Jersey application, version 'Jersey: 1.19 02/11/2015 03:25 AM'
jhs         | 2019-10-18 12:25:56 INFO  AbstractDelegationTokenSecretManager:491 - Token renewal for identifier: (TIMELINE_DELEGATION_TOKEN owner=hadoop, renewer=rm, realUser=, issueDate=1571401555446, maxDate=1572006355446, sequenceNumber=1, masterKeyId=2); total currentTokens 1
datanode_1  | 2019-10-18 12:25:03,518 INFO server.RaftServerConfigKeys: raft.server.staging.catchup.gap = 1000 (default)
kdc_1       | Entry for principal om/1bc69e288b54@EXAMPLE.COM with kvno 2, encryption type aes128-cts-hmac-sha1-96 added to keytab WRFILE:/data/om.1bc69e288b54.keytab.
om_1        | 2019-10-18 12:25:22,690 INFO ipc.Server: Auth successful for testuser/om@EXAMPLE.COM (auth:KERBEROS)
datanode_3  | 2019-10-18 12:25:05,374 INFO segmented.SegmentedRaftLogWorker: 1ebca300-5bc7-4759-8e54-061cb0f90896@group-B8155B035D4E-SegmentedRaftLogWorker: Starting segment from index:0
rm_1        | 2019-10-18 12:25:00 INFO  AsyncDispatcher:223 - Registering class org.apache.hadoop.yarn.server.resourcemanager.metrics.AbstractSystemMetricsPublisher$SystemMetricsEventType for class org.apache.hadoop.yarn.server.resourcemanager.metrics.TimelineServiceV1Publisher$TimelineV1EventHandler
datanode_2  | 2019-10-18 12:25:06,030 INFO impl.RaftServerImpl: 4a40fa08-efbf-4198-bc7f-784768d1d193@group-DED82751FFF5: ConfigurationManager, init=-1: [4a40fa08-efbf-4198-bc7f-784768d1d193:172.18.0.5:9858, 531bbfa3-dfd3-48d7-bc2a-bdc5d5061305:172.18.0.3:9858, 1ebca300-5bc7-4759-8e54-061cb0f90896:172.18.0.8:9858], old=null, confs=<EMPTY_MAP>
kms_1       | 	at org.eclipse.jetty.io.FillInterest.fillable(FillInterest.java:108)
scm_1       | 2019-10-18 12:25:05,285 INFO pipeline.PipelineStateManager: Created pipeline Pipeline[ Id: 8813c11d-bb75-434d-ac94-b8155b035d4e, Nodes: 1ebca300-5bc7-4759-8e54-061cb0f90896{ip: 172.18.0.8, host: ozonesecure-mr_datanode_3.ozone, networkLocation: /default-rack, certSerialId: null}, Type:RATIS, Factor:ONE, State:OPEN]
nm_1        | Oct 18, 2019 12:25:01 PM com.sun.jersey.guice.spi.container.GuiceComponentProviderFactory getComponentProvider
jhs         | Oct 18, 2019 12:25:56 PM com.sun.jersey.server.wadl.generators.AbstractWadlGeneratorGrammarGenerator attachTypes
kdc_1       | Generiting keytab
datanode_1  | 2019-10-18 12:25:03,518 INFO server.RaftServerConfigKeys: raft.server.rpc.sleep.time = 25ms (default)
om_1        | 2019-10-18 12:25:25,925 INFO ipc.Server: Auth successful for testuser/om@EXAMPLE.COM (auth:KERBEROS)
datanode_3  | 2019-10-18 12:25:05,384 INFO impl.RaftServerImpl: 1ebca300-5bc7-4759-8e54-061cb0f90896@group-B8155B035D4E: set configuration 0: [1ebca300-5bc7-4759-8e54-061cb0f90896:172.18.0.8:9858], old=null at 0
rm_1        | 2019-10-18 12:25:00 INFO  AsyncDispatcher:223 - Registering class org.apache.hadoop.yarn.server.resourcemanager.metrics.AbstractSystemMetricsPublisher$SystemMetricsEventType for class org.apache.hadoop.yarn.server.resourcemanager.metrics.TimelineServiceV1Publisher$TimelineV1EventHandler
datanode_2  | 2019-10-18 12:25:06,031 INFO server.RaftServerConfigKeys: raft.server.storage.dir = [/data/metadata/ratis] (custom)
kms_1       | 	at org.eclipse.jetty.io.SelectChannelEndPoint$2.run(SelectChannelEndPoint.java:93)
scm_1       | 2019-10-18 12:25:05,460 INFO net.NetworkTopology: Added a new node: /default-rack/4a40fa08-efbf-4198-bc7f-784768d1d193
nm_1        | INFO: Binding org.apache.hadoop.yarn.server.nodemanager.webapp.JAXBContextResolver to GuiceManagedComponentProvider with the scope "Singleton"
jhs         | INFO: Couldn't find grammar element for class javax.ws.rs.core.Response
om_1        | 2019-10-18 12:25:26,664 [IPC Server handler 1 on 9862] INFO       - created volume:vol1 for user:hadoop
kdc_1       | Authenticating as principal admin/admin with keytab /tmp/admin.keytab.
rm_1        | 2019-10-18 12:25:00 INFO  AsyncDispatcher:223 - Registering class org.apache.hadoop.yarn.server.resourcemanager.metrics.AbstractSystemMetricsPublisher$SystemMetricsEventType for class org.apache.hadoop.yarn.server.resourcemanager.metrics.TimelineServiceV1Publisher$TimelineV1EventHandler
datanode_1  | 2019-10-18 12:25:03,521 INFO server.RaftServerConfigKeys: raft.server.write.element-limit = 4096 (default)
datanode_2  | 2019-10-18 12:25:06,031 INFO server.RaftServerConfigKeys: raft.server.log.corruption.policy = EXCEPTION (default)
scm_1       | 2019-10-18 12:25:05,460 INFO node.SCMNodeManager: Registered Data node : 4a40fa08-efbf-4198-bc7f-784768d1d193{ip: 172.18.0.5, host: ozonesecure-mr_datanode_2.ozone, networkLocation: /default-rack, certSerialId: 10600454816533936}
kms_1       | 	at org.eclipse.jetty.util.thread.strategy.ExecuteProduceConsume.executeProduceConsume(ExecuteProduceConsume.java:303)
datanode_3  | 2019-10-18 12:25:05,522 INFO segmented.SegmentedRaftLogWorker: 1ebca300-5bc7-4759-8e54-061cb0f90896@group-B8155B035D4E-SegmentedRaftLogWorker: created new log segment /data/metadata/ratis/8813c11d-bb75-434d-ac94-b8155b035d4e/current/log_inprogress_0
nm_1        | Oct 18, 2019 12:25:01 PM com.sun.jersey.guice.spi.container.GuiceComponentProviderFactory getComponentProvider
jhs         | Oct 18, 2019 12:25:56 PM com.sun.jersey.server.wadl.generators.AbstractWadlGeneratorGrammarGenerator attachTypes
om_1        | 2019-10-18 12:25:28,736 INFO ipc.Server: Auth successful for testuser/om@EXAMPLE.COM (auth:KERBEROS)
kdc_1       | WARNING: no policy specified for dn/nm@EXAMPLE.COM; defaulting to no policy
rm_1        | 2019-10-18 12:25:00 INFO  AsyncDispatcher:223 - Registering class org.apache.hadoop.yarn.server.resourcemanager.metrics.AbstractSystemMetricsPublisher$SystemMetricsEventType for class org.apache.hadoop.yarn.server.resourcemanager.metrics.TimelineServiceV1Publisher$TimelineV1EventHandler
datanode_1  | 2019-10-18 12:25:03,524 INFO server.RaftServerConfigKeys: raft.server.watch.timeout = 10s (default)
datanode_2  | 2019-10-18 12:25:06,031 INFO storage.RaftStorageDirectory: The storage directory /data/metadata/ratis/3ea0d10f-e111-4a5d-b984-ded82751fff5 does not exist. Creating ...
scm_1       | 2019-10-18 12:25:05,967 INFO pipeline.PipelineStateManager: Created pipeline Pipeline[ Id: 428e36fc-5f3e-4aac-854f-76253c8653b2, Nodes: 4a40fa08-efbf-4198-bc7f-784768d1d193{ip: 172.18.0.5, host: ozonesecure-mr_datanode_2.ozone, networkLocation: /default-rack, certSerialId: null}, Type:RATIS, Factor:ONE, State:OPEN]
kms_1       | 	at org.eclipse.jetty.util.thread.strategy.ExecuteProduceConsume.produceConsume(ExecuteProduceConsume.java:148)
nm_1        | INFO: Binding org.apache.hadoop.yarn.webapp.GenericExceptionHandler to GuiceManagedComponentProvider with the scope "Singleton"
datanode_3  | 2019-10-18 12:25:06,005 INFO impl.RaftServerProxy: 1ebca300-5bc7-4759-8e54-061cb0f90896: addNew group-DED82751FFF5:[4a40fa08-efbf-4198-bc7f-784768d1d193:172.18.0.5:9858, 531bbfa3-dfd3-48d7-bc2a-bdc5d5061305:172.18.0.3:9858, 1ebca300-5bc7-4759-8e54-061cb0f90896:172.18.0.8:9858] returns group-DED82751FFF5:java.util.concurrent.CompletableFuture@690dc6e2[Not completed]
jhs         | INFO: Couldn't find grammar element for class javax.ws.rs.core.Response
om_1        | 2019-10-18 12:25:31,290 INFO ipc.Server: Auth successful for testuser/om@EXAMPLE.COM (auth:KERBEROS)
kdc_1       | Principal "dn/nm@EXAMPLE.COM" created.
datanode_1  | 2019-10-18 12:25:03,524 INFO server.RaftServerConfigKeys: raft.server.watch.timeout.denomination = 1s (default)
datanode_2  | 2019-10-18 12:25:06,048 INFO storage.RaftStorageDirectory: Lock on /data/metadata/ratis/3ea0d10f-e111-4a5d-b984-ded82751fff5/in_use.lock acquired by nodename 7@2697286b0d00
scm_1       | 2019-10-18 12:25:06,091 INFO pipeline.PipelineStateManager: Created pipeline Pipeline[ Id: 3ea0d10f-e111-4a5d-b984-ded82751fff5, Nodes: 531bbfa3-dfd3-48d7-bc2a-bdc5d5061305{ip: 172.18.0.3, host: ozonesecure-mr_datanode_1.ozone, networkLocation: /default-rack, certSerialId: null}1ebca300-5bc7-4759-8e54-061cb0f90896{ip: 172.18.0.8, host: ozonesecure-mr_datanode_3.ozone, networkLocation: /default-rack, certSerialId: null}4a40fa08-efbf-4198-bc7f-784768d1d193{ip: 172.18.0.5, host: ozonesecure-mr_datanode_2.ozone, networkLocation: /default-rack, certSerialId: null}, Type:RATIS, Factor:THREE, State:OPEN]
rm_1        | 2019-10-18 12:25:00 INFO  AsyncDispatcher:223 - Registering class org.apache.hadoop.yarn.server.resourcemanager.metrics.AbstractSystemMetricsPublisher$SystemMetricsEventType for class org.apache.hadoop.yarn.server.resourcemanager.metrics.TimelineServiceV1Publisher$TimelineV1EventHandler
kms_1       | 	at org.eclipse.jetty.util.thread.strategy.ExecuteProduceConsume.run(ExecuteProduceConsume.java:136)
nm_1        | Oct 18, 2019 12:25:02 PM com.sun.jersey.guice.spi.container.GuiceComponentProviderFactory getComponentProvider
datanode_3  | 2019-10-18 12:25:06,008 INFO impl.RaftServerImpl: 1ebca300-5bc7-4759-8e54-061cb0f90896: new RaftServerImpl for group-DED82751FFF5:[4a40fa08-efbf-4198-bc7f-784768d1d193:172.18.0.5:9858, 531bbfa3-dfd3-48d7-bc2a-bdc5d5061305:172.18.0.3:9858, 1ebca300-5bc7-4759-8e54-061cb0f90896:172.18.0.8:9858] with ContainerStateMachine:uninitialized
jhs         | Oct 18, 2019 12:25:56 PM com.sun.jersey.server.wadl.generators.AbstractWadlGeneratorGrammarGenerator attachTypes
om_1        | 2019-10-18 12:25:33,903 INFO ipc.Server: Auth successful for testuser/om@EXAMPLE.COM (auth:KERBEROS)
kdc_1       | Authenticating as principal admin/admin with keytab /tmp/admin.keytab.
datanode_1  | 2019-10-18 12:25:03,525 INFO server.RaftServerConfigKeys: raft.server.watch.element-limit = 65536 (default)
datanode_2  | 2019-10-18 12:25:06,048 INFO impl.LeaderElection: 4a40fa08-efbf-4198-bc7f-784768d1d193@group-76253C8653B2-LeaderElection1: begin an election at term 1 for -1: [4a40fa08-efbf-4198-bc7f-784768d1d193:172.18.0.5:9858], old=null
scm_1       | 2019-10-18 12:25:23,147 INFO ipc.Server: Auth successful for om/om@EXAMPLE.COM (auth:KERBEROS)
rm_1        | 2019-10-18 12:25:00 INFO  AsyncDispatcher:223 - Registering class org.apache.hadoop.yarn.server.resourcemanager.metrics.AbstractSystemMetricsPublisher$SystemMetricsEventType for class org.apache.hadoop.yarn.server.resourcemanager.metrics.TimelineServiceV1Publisher$TimelineV1EventHandler
kms_1       | 	at org.eclipse.jetty.util.thread.QueuedThreadPool.runJob(QueuedThreadPool.java:671)
nm_1        | INFO: Binding org.apache.hadoop.yarn.server.nodemanager.webapp.NMWebServices to GuiceManagedComponentProvider with the scope "Singleton"
datanode_3  | 2019-10-18 12:25:06,009 INFO server.RaftServerConfigKeys: raft.server.rpc.timeout.min = 5s (custom)
jhs         | INFO: Couldn't find grammar element for class javax.ws.rs.core.Response
om_1        | 2019-10-18 12:25:39,251 INFO ipc.Server: Auth successful for testuser/om@EXAMPLE.COM (auth:KERBEROS)
kdc_1       | Entry for principal dn/nm@EXAMPLE.COM with kvno 2, encryption type aes256-cts-hmac-sha1-96 added to keytab WRFILE:/data/dn.nm.keytab.
datanode_1  | 2019-10-18 12:25:03,538 INFO impl.RoleInfo: 531bbfa3-dfd3-48d7-bc2a-bdc5d5061305: start LeaderState
datanode_2  | 2019-10-18 12:25:06,049 INFO impl.RoleInfo: 4a40fa08-efbf-4198-bc7f-784768d1d193: shutdown LeaderElection
scm_1       | 2019-10-18 12:25:34,256 INFO ipc.Server: Auth successful for dn/48ef946fdb03@EXAMPLE.COM (auth:KERBEROS)
rm_1        | 2019-10-18 12:25:00 INFO  AsyncDispatcher:223 - Registering class org.apache.hadoop.yarn.server.resourcemanager.metrics.AbstractSystemMetricsPublisher$SystemMetricsEventType for class org.apache.hadoop.yarn.server.resourcemanager.metrics.TimelineServiceV1Publisher$TimelineV1EventHandler
kms_1       | 	at org.eclipse.jetty.util.thread.QueuedThreadPool$2.run(QueuedThreadPool.java:589)
nm_1        | 2019-10-18 12:25:02 INFO  ContextHandler:781 - Started o.e.j.w.WebAppContext@6e1b9411{/,file:///tmp/jetty-0.0.0.0-8042-node-_-any-621548811032067645.dir/webapp/,AVAILABLE}{/node}
datanode_3  | 2019-10-18 12:25:06,009 INFO server.RaftServerConfigKeys: raft.server.rpc.timeout.max = 5200ms (custom)
jhs         | Oct 18, 2019 12:25:56 PM com.sun.jersey.server.wadl.generators.AbstractWadlGeneratorGrammarGenerator attachTypes
om_1        | 2019-10-18 12:25:42,247 INFO ipc.Server: Auth successful for testuser/om@EXAMPLE.COM (auth:KERBEROS)
kdc_1       | Entry for principal dn/nm@EXAMPLE.COM with kvno 2, encryption type aes128-cts-hmac-sha1-96 added to keytab WRFILE:/data/dn.nm.keytab.
datanode_1  | 2019-10-18 12:25:03,560 INFO segmented.SegmentedRaftLogWorker: 531bbfa3-dfd3-48d7-bc2a-bdc5d5061305@group-2EF8419D27C6-SegmentedRaftLogWorker: Starting segment from index:0
datanode_2  | 2019-10-18 12:25:06,050 INFO impl.RaftServerImpl: 4a40fa08-efbf-4198-bc7f-784768d1d193@group-76253C8653B2: changes role from CANDIDATE to LEADER at term 1 for changeToLeader
scm_1       | 2019-10-18 12:25:34,598 INFO ipc.Server: Auth successful for om/om@EXAMPLE.COM (auth:KERBEROS)
rm_1        | 2019-10-18 12:25:00 INFO  AsyncDispatcher:223 - Registering class org.apache.hadoop.yarn.server.resourcemanager.metrics.AbstractSystemMetricsPublisher$SystemMetricsEventType for class org.apache.hadoop.yarn.server.resourcemanager.metrics.TimelineServiceV1Publisher$TimelineV1EventHandler
kms_1       | 	at java.lang.Thread.run(Thread.java:748)
nm_1        | 2019-10-18 12:25:02 INFO  AbstractConnector:278 - Started ServerConnector@7b78ed6a{HTTP/1.1,[http/1.1]}{0.0.0.0:8042}
datanode_3  | 2019-10-18 12:25:06,009 INFO server.RaftServerConfigKeys: raft.server.rpcslowness.timeout = 120s (custom)
jhs         | INFO: Couldn't find grammar element for class javax.ws.rs.core.Response
om_1        | 2019-10-18 12:25:49,042 INFO ipc.Server: Auth successful for hadoop/rm@EXAMPLE.COM (auth:KERBEROS)
kdc_1       | Generiting keytab
datanode_1  | 2019-10-18 12:25:03,570 INFO impl.RaftServerImpl: 531bbfa3-dfd3-48d7-bc2a-bdc5d5061305@group-2EF8419D27C6: set configuration 0: [531bbfa3-dfd3-48d7-bc2a-bdc5d5061305:172.18.0.3:9858], old=null at 0
scm_1       | 2019-10-18 12:25:36,073 INFO ipc.Server: Auth successful for dn/2697286b0d00@EXAMPLE.COM (auth:KERBEROS)
rm_1        | 2019-10-18 12:25:00 INFO  log:192 - Logging initialized @3297ms
kms_1       | 
nm_1        | 2019-10-18 12:25:02 INFO  Server:419 - Started @5108ms
datanode_3  | 2019-10-18 12:25:06,009 INFO server.RaftServerConfigKeys: raft.server.sleep.deviation.threshold = 300 (default)
datanode_2  | 2019-10-18 12:25:06,050 INFO impl.RaftServerImpl: 4a40fa08-efbf-4198-bc7f-784768d1d193@group-76253C8653B2: change Leader from null to 4a40fa08-efbf-4198-bc7f-784768d1d193 at term 1 for becomeLeader, leader elected after 281ms
jhs         | Oct 18, 2019 12:26:31 PM com.sun.jersey.server.wadl.generators.AbstractWadlGeneratorGrammarGenerator attachTypes
om_1        | 2019-10-18 12:25:56,456 INFO ipc.Server: Auth successful for rm/rm@EXAMPLE.COM (auth:KERBEROS)
kdc_1       | Authenticating as principal admin/admin with keytab /tmp/admin.keytab.
datanode_1  | 2019-10-18 12:25:03,703 INFO segmented.SegmentedRaftLogWorker: 531bbfa3-dfd3-48d7-bc2a-bdc5d5061305@group-2EF8419D27C6-SegmentedRaftLogWorker: created new log segment /data/metadata/ratis/f2509a92-a31a-4443-9130-2ef8419d27c6/current/log_inprogress_0
scm_1       | 2019-10-18 12:25:36,398 INFO ipc.Server: Auth successful for dn/2697286b0d00@EXAMPLE.COM (auth:KERBEROS)
rm_1        | 2019-10-18 12:25:00 INFO  AuthenticationFilter:240 - Unable to initialize FileSignerSecretProvider, falling back to use random secrets.
kms_1       | Oct 18, 2019 12:25:53 PM com.sun.jersey.server.wadl.generators.AbstractWadlGeneratorGrammarGenerator attachTypes
nm_1        | 2019-10-18 12:25:02 INFO  WebApps:440 - Web app node started at 8042
datanode_3  | 2019-10-18 12:25:06,009 INFO server.RaftServerConfigKeys: raft.server.log.appender.install.snapshot.enabled = false (custom)
datanode_2  | 2019-10-18 12:25:06,052 INFO storage.RaftStorage: Storage directory /data/metadata/ratis/3ea0d10f-e111-4a5d-b984-ded82751fff5 has been successfully formatted.
jhs         | INFO: Couldn't find grammar element for class javax.ws.rs.core.Response
om_1        | 2019-10-18 12:25:58,263 INFO ipc.Server: Auth successful for nm/nm@EXAMPLE.COM (auth:KERBEROS)
datanode_1  | 2019-10-18 12:25:06,028 INFO impl.RaftServerProxy: 531bbfa3-dfd3-48d7-bc2a-bdc5d5061305: addNew group-DED82751FFF5:[4a40fa08-efbf-4198-bc7f-784768d1d193:172.18.0.5:9858, 531bbfa3-dfd3-48d7-bc2a-bdc5d5061305:172.18.0.3:9858, 1ebca300-5bc7-4759-8e54-061cb0f90896:172.18.0.8:9858] returns group-DED82751FFF5:java.util.concurrent.CompletableFuture@10eeaeaa[Not completed]
kdc_1       | WARNING: no policy specified for dn/rm@EXAMPLE.COM; defaulting to no policy
scm_1       | 2019-10-18 12:25:36,769 INFO ipc.Server: Auth successful for dn/1bc69e288b54@EXAMPLE.COM (auth:KERBEROS)
rm_1        | 2019-10-18 12:25:00 INFO  HttpRequestLog:81 - Http request log for http.requests.resourcemanager is not defined
kms_1       | INFO: Couldn't find grammar element for class java.util.Map
nm_1        | 2019-10-18 12:25:02 INFO  NodeStatusUpdaterImpl:261 - Node ID assigned is : nm:39845
datanode_3  | 2019-10-18 12:25:06,009 INFO impl.RaftServerImpl: 1ebca300-5bc7-4759-8e54-061cb0f90896@group-DED82751FFF5: ConfigurationManager, init=-1: [4a40fa08-efbf-4198-bc7f-784768d1d193:172.18.0.5:9858, 531bbfa3-dfd3-48d7-bc2a-bdc5d5061305:172.18.0.3:9858, 1ebca300-5bc7-4759-8e54-061cb0f90896:172.18.0.8:9858], old=null, confs=<EMPTY_MAP>
datanode_2  | 2019-10-18 12:25:06,053 [pool-9-thread-1] INFO       - group-DED82751FFF5: The snapshot info is null. Setting the last applied indexto:(t:0, i:~)
jhs         | Oct 18, 2019 12:26:31 PM com.sun.jersey.server.wadl.generators.AbstractWadlGeneratorGrammarGenerator attachTypes
om_1        | 2019-10-18 12:25:58,696 INFO ipc.Server: Auth successful for hadoop/rm@EXAMPLE.COM (auth:TOKEN)
datanode_1  | 2019-10-18 12:25:06,032 INFO impl.RaftServerImpl: 531bbfa3-dfd3-48d7-bc2a-bdc5d5061305: new RaftServerImpl for group-DED82751FFF5:[4a40fa08-efbf-4198-bc7f-784768d1d193:172.18.0.5:9858, 531bbfa3-dfd3-48d7-bc2a-bdc5d5061305:172.18.0.3:9858, 1ebca300-5bc7-4759-8e54-061cb0f90896:172.18.0.8:9858] with ContainerStateMachine:uninitialized
kdc_1       | Principal "dn/rm@EXAMPLE.COM" created.
scm_1       | 2019-10-18 12:25:49,805 INFO ipc.Server: Auth successful for om/om@EXAMPLE.COM (auth:KERBEROS)
rm_1        | 2019-10-18 12:25:00 INFO  HttpServer2:975 - Added global filter 'safety' (class=org.apache.hadoop.http.HttpServer2$QuotingInputFilter)
kms_1       | Oct 18, 2019 12:25:53 PM com.sun.jersey.server.wadl.generators.AbstractWadlGeneratorGrammarGenerator attachTypes
nm_1        | 2019-10-18 12:25:02 INFO  JvmPauseMonitor:188 - Starting JVM pause monitor
datanode_3  | 2019-10-18 12:25:06,009 INFO server.RaftServerConfigKeys: raft.server.storage.dir = [/data/metadata/ratis] (custom)
datanode_2  | 2019-10-18 12:25:06,053 INFO server.RaftServerConfigKeys: raft.server.notification.no-leader.timeout = 120s (custom)
jhs         | INFO: Couldn't find grammar element for class javax.ws.rs.core.Response
om_1        | 2019-10-18 12:25:58,990 INFO ipc.Server: Auth successful for hadoop/rm@EXAMPLE.COM (auth:TOKEN)
datanode_1  | 2019-10-18 12:25:06,032 INFO server.RaftServerConfigKeys: raft.server.rpc.timeout.min = 5s (custom)
kdc_1       | Authenticating as principal admin/admin with keytab /tmp/admin.keytab.
scm_1       | 2019-10-18 12:25:51,322 INFO ipc.Server: Auth successful for dn/1bc69e288b54@EXAMPLE.COM (auth:KERBEROS)
rm_1        | 2019-10-18 12:25:00 INFO  HttpServer2:948 - Added filter static_user_filter (class=org.apache.hadoop.http.lib.StaticUserWebFilter$StaticUserFilter) to context cluster
kms_1       | INFO: Couldn't find grammar element for class javax.ws.rs.core.Response
nm_1        | 2019-10-18 12:25:02 INFO  RMProxy:133 - Connecting to ResourceManager at rm/172.18.0.12:8031
datanode_3  | 2019-10-18 12:25:06,010 INFO server.RaftServerConfigKeys: raft.server.log.corruption.policy = EXCEPTION (default)
datanode_2  | 2019-10-18 12:25:06,053 INFO server.RaftServerConfigKeys: raft.server.log.use.memory = false (default)
jhs         | Oct 18, 2019 12:26:31 PM com.sun.jersey.server.wadl.generators.AbstractWadlGeneratorGrammarGenerator attachTypes
om_1        | 2019-10-18 12:26:02,491 INFO ipc.Server: Auth successful for hadoop/rm@EXAMPLE.COM (auth:TOKEN)
datanode_1  | 2019-10-18 12:25:06,032 INFO server.RaftServerConfigKeys: raft.server.rpc.timeout.max = 5200ms (custom)
kdc_1       | Oct 18 12:24:41 kdc krb5kdc[9](info): AS_REQ (8 etypes {18 17 20 19 16 23 25 26}) 127.0.0.1: SERVER_NOT_FOUND: admin/admin@EXAMPLE.COM for kadmin/localhost@EXAMPLE.COM, Server not found in Kerberos database
scm_1       | 2019-10-18 12:25:51,661 INFO ipc.Server: Auth successful for dn/1bc69e288b54@EXAMPLE.COM (auth:KERBEROS)
rm_1        | 2019-10-18 12:25:00 INFO  HttpServer2:958 - Added filter static_user_filter (class=org.apache.hadoop.http.lib.StaticUserWebFilter$StaticUserFilter) to context static
kms_1       | Oct 18, 2019 12:25:53 PM com.sun.jersey.server.wadl.generators.AbstractWadlGeneratorGrammarGenerator attachTypes
nm_1        | 2019-10-18 12:25:02 INFO  NodeStatusUpdaterImpl:652 - Sending out 0 NM container statuses: []
datanode_3  | 2019-10-18 12:25:06,010 INFO storage.RaftStorageDirectory: The storage directory /data/metadata/ratis/3ea0d10f-e111-4a5d-b984-ded82751fff5 does not exist. Creating ...
datanode_2  | 2019-10-18 12:25:06,053 INFO server.RaftServerConfigKeys: raft.server.staging.catchup.gap = 1000 (default)
jhs         | INFO: Couldn't find grammar element for class javax.ws.rs.core.Response
om_1        | 2019-10-18 12:26:13,367 INFO ipc.Server: Auth successful for hadoop/rm@EXAMPLE.COM (auth:TOKEN)
datanode_1  | 2019-10-18 12:25:06,033 INFO server.RaftServerConfigKeys: raft.server.rpcslowness.timeout = 120s (custom)
kdc_1       | Oct 18 12:24:41 kdc krb5kdc[9](info): AS_REQ (8 etypes {18 17 20 19 16 23 25 26}) 127.0.0.1: ISSUE: authtime 1571401481, etypes {rep=18 tkt=18 ses=18}, admin/admin@EXAMPLE.COM for kadmin/admin@EXAMPLE.COM
scm_1       | 2019-10-18 12:25:53,838 INFO ipc.Server: Auth successful for dn/2697286b0d00@EXAMPLE.COM (auth:KERBEROS)
rm_1        | 2019-10-18 12:25:00 INFO  HttpServer2:958 - Added filter static_user_filter (class=org.apache.hadoop.http.lib.StaticUserWebFilter$StaticUserFilter) to context logs
kms_1       | INFO: Couldn't find grammar element for class javax.ws.rs.core.Response
nm_1        | 2019-10-18 12:25:02 INFO  NodeStatusUpdaterImpl:393 - Registering with RM using containers :[]
datanode_3  | 2019-10-18 12:25:06,023 INFO storage.RaftStorageDirectory: Lock on /data/metadata/ratis/3ea0d10f-e111-4a5d-b984-ded82751fff5/in_use.lock acquired by nodename 7@1bc69e288b54
jhs         | Oct 18, 2019 12:26:31 PM com.sun.jersey.server.wadl.generators.AbstractWadlGeneratorGrammarGenerator attachTypes
datanode_2  | 2019-10-18 12:25:06,053 INFO server.RaftServerConfigKeys: raft.server.log.purge.gap = 1000000 (custom)
datanode_1  | 2019-10-18 12:25:06,033 INFO server.RaftServerConfigKeys: raft.server.sleep.deviation.threshold = 300 (default)
om_1        | 2019-10-18 12:26:13,771 INFO ipc.Server: Auth successful for hadoop/rm@EXAMPLE.COM (auth:TOKEN)
kdc_1       | Oct 18 12:24:41 kdc krb5kdc[9](info): AS_REQ (8 etypes {18 17 20 19 16 23 25 26}) 127.0.0.1: SERVER_NOT_FOUND: admin/admin@EXAMPLE.COM for kadmin/localhost@EXAMPLE.COM, Server not found in Kerberos database
scm_1       | 2019-10-18 12:26:04,259 INFO ipc.Server: Auth successful for dn/48ef946fdb03@EXAMPLE.COM (auth:KERBEROS)
rm_1        | 2019-10-18 12:25:00 INFO  HttpServer2:613 - adding path spec: /cluster/*
kms_1       | Oct 18, 2019 12:25:53 PM com.sun.jersey.server.wadl.generators.AbstractWadlGeneratorGrammarGenerator attachTypes
nm_1        | 2019-10-18 12:25:03 INFO  Client:948 - Retrying connect to server: rm/172.18.0.12:8031. Already tried 0 time(s); retry policy is RetryUpToMaximumCountWithFixedSleep(maxRetries=10, sleepTime=1000 MILLISECONDS)
datanode_3  | 2019-10-18 12:25:06,048 INFO storage.RaftStorage: Storage directory /data/metadata/ratis/3ea0d10f-e111-4a5d-b984-ded82751fff5 has been successfully formatted.
jhs         | INFO: Couldn't find grammar element for class javax.ws.rs.core.Response
datanode_2  | 2019-10-18 12:25:06,054 INFO server.RaftServerConfigKeys: raft.server.log.appender.buffer.byte-limit = 33554432 (custom)
datanode_1  | 2019-10-18 12:25:06,033 INFO server.RaftServerConfigKeys: raft.server.log.appender.install.snapshot.enabled = false (custom)
om_1        | 2019-10-18 12:26:14,762 INFO ipc.Server: Auth successful for hadoop/rm@EXAMPLE.COM (auth:TOKEN)
kdc_1       | Oct 18 12:24:41 kdc krb5kdc[9](info): AS_REQ (8 etypes {18 17 20 19 16 23 25 26}) 127.0.0.1: ISSUE: authtime 1571401481, etypes {rep=18 tkt=18 ses=18}, admin/admin@EXAMPLE.COM for kadmin/admin@EXAMPLE.COM
rm_1        | 2019-10-18 12:25:00 INFO  HttpServer2:613 - adding path spec: /ws/*
scm_1       | 2019-10-18 12:26:07,215 INFO ipc.Server: Auth successful for om/om@EXAMPLE.COM (auth:KERBEROS)
kms_1       | INFO: Couldn't find grammar element for class java.util.Map
nm_1        | 2019-10-18 12:25:03 INFO  NMContainerTokenSecretManager:143 - Rolling master-key for container-tokens, got key with id 312029435
datanode_3  | 2019-10-18 12:25:06,050 [pool-9-thread-1] INFO       - group-DED82751FFF5: The snapshot info is null. Setting the last applied indexto:(t:0, i:~)
jhs         | 2019-10-18 12:26:31 INFO  AbstractDelegationTokenSecretManager:403 - Creating password for identifier: (TIMELINE_DELEGATION_TOKEN owner=hadoop, renewer=rm, realUser=, issueDate=1571401591893, maxDate=1572006391893, sequenceNumber=2, masterKeyId=2), currentKey: 2
datanode_2  | 2019-10-18 12:25:06,054 INFO server.RaftServerConfigKeys: raft.server.rpc.sleep.time = 25ms (default)
om_1        | 2019-10-18 12:26:19,799 INFO ipc.Server: Auth successful for hadoop/rm@EXAMPLE.COM (auth:TOKEN)
datanode_1  | 2019-10-18 12:25:06,033 INFO impl.RaftServerImpl: 531bbfa3-dfd3-48d7-bc2a-bdc5d5061305@group-DED82751FFF5: ConfigurationManager, init=-1: [4a40fa08-efbf-4198-bc7f-784768d1d193:172.18.0.5:9858, 531bbfa3-dfd3-48d7-bc2a-bdc5d5061305:172.18.0.3:9858, 1ebca300-5bc7-4759-8e54-061cb0f90896:172.18.0.8:9858], old=null, confs=<EMPTY_MAP>
rm_1        | 2019-10-18 12:25:00 INFO  HttpServer2:613 - adding path spec: /app/*
kdc_1       | Oct 18 12:24:41 kdc krb5kdc[9](info): AS_REQ (8 etypes {18 17 20 19 16 23 25 26}) 127.0.0.1: SERVER_NOT_FOUND: admin/admin@EXAMPLE.COM for kadmin/localhost@EXAMPLE.COM, Server not found in Kerberos database
scm_1       | 2019-10-18 12:26:07,871 INFO ipc.Server: Auth successful for dn/48ef946fdb03@EXAMPLE.COM (auth:KERBEROS)
kms_1       | Oct 18, 2019 12:25:53 PM com.sun.jersey.server.wadl.generators.AbstractWadlGeneratorGrammarGenerator attachTypes
nm_1        | 2019-10-18 12:25:03 INFO  NMTokenSecretManagerInNM:143 - Rolling master-key for container-tokens, got key with id -2032698008
datanode_3  | 2019-10-18 12:25:06,050 INFO server.RaftServerConfigKeys: raft.server.notification.no-leader.timeout = 120s (custom)
datanode_2  | 2019-10-18 12:25:06,054 INFO server.RaftServerConfigKeys: raft.server.log.segment.size.max = 1048576 (custom)
jhs         | Oct 18, 2019 12:26:32 PM com.sun.jersey.server.wadl.generators.AbstractWadlGeneratorGrammarGenerator attachTypes
datanode_1  | 2019-10-18 12:25:06,033 INFO server.RaftServerConfigKeys: raft.server.storage.dir = [/data/metadata/ratis] (custom)
rm_1        | 2019-10-18 12:25:01 INFO  WebApps:395 - Registered webapp guice modules
om_1        | 2019-10-18 12:26:22,348 INFO ipc.Server: Auth successful for hadoop/rm@EXAMPLE.COM (auth:TOKEN)
kdc_1       | Oct 18 12:24:41 kdc krb5kdc[9](info): AS_REQ (8 etypes {18 17 20 19 16 23 25 26}) 127.0.0.1: ISSUE: authtime 1571401481, etypes {rep=18 tkt=18 ses=18}, admin/admin@EXAMPLE.COM for kadmin/admin@EXAMPLE.COM
scm_1       | 2019-10-18 12:26:20,557 INFO ipc.Server: Auth successful for om/om@EXAMPLE.COM (auth:KERBEROS)
nm_1        | 2019-10-18 12:25:03 INFO  NodeStatusUpdaterImpl:477 - Registered with ResourceManager as nm:39845 with total resource of <memory:8192, vCores:8>
datanode_3  | 2019-10-18 12:25:06,050 INFO server.RaftServerConfigKeys: raft.server.log.use.memory = false (default)
