datanode_1  | 2019-10-18 12:17:59,381 INFO server.RaftServerConfigKeys: raft.server.storage.dir = [/data/metadata/ratis] (custom)
datanode_3  | 2019-10-18 12:17:58,103 INFO server.RaftServerConfigKeys: raft.server.storage.dir = [/data/metadata/ratis] (custom)
om_1        | 2019-10-18 12:17:57,795 INFO impl.MetricsSystemImpl: Scheduled Metric snapshot period at 10 second(s).
s3g_1       | 	at org.eclipse.jetty.servlet.ServletHandler$CachedChain.doFilter(ServletHandler.java:1767)
scm_1       | 2019-10-18 12:17:53,552 INFO impl.MetricsSystemImpl: Scheduled Metric snapshot period at 10 second(s).
datanode_1  | 2019-10-18 12:17:59,385 INFO server.RaftServerConfigKeys: raft.server.log.corruption.policy = EXCEPTION (default)
datanode_3  | 2019-10-18 12:17:58,107 INFO server.RaftServerConfigKeys: raft.server.log.corruption.policy = EXCEPTION (default)
om_1        | 2019-10-18 12:17:57,796 INFO impl.MetricsSystemImpl: OzoneManager metrics system started
s3g_1       | 	at org.apache.hadoop.http.NoCacheFilter.doFilter(NoCacheFilter.java:45)
datanode_2  | 2019-10-18 12:17:58,760 INFO storage.RaftStorage: Storage directory /data/metadata/ratis/9fac417f-f940-4a0f-aff2-07ef457875bf has been successfully formatted.
scm_1       | 2019-10-18 12:17:53,552 INFO impl.MetricsSystemImpl: StorageContainerManager metrics system started
datanode_1  | 2019-10-18 12:17:59,387 INFO storage.RaftStorageDirectory: The storage directory /data/metadata/ratis/95488684-9b64-4036-b808-cb286c16dbca does not exist. Creating ...
datanode_3  | 2019-10-18 12:17:58,108 INFO storage.RaftStorageDirectory: The storage directory /data/metadata/ratis/0dbae1be-d842-4360-a2c1-7a421d29682b does not exist. Creating ...
om_1        | 2019-10-18 12:17:57,841 INFO ipc.Server: IPC Server Responder: starting
s3g_1       | 	at org.eclipse.jetty.servlet.ServletHandler$CachedChain.doFilter(ServletHandler.java:1767)
scm_1       | 2019-10-18 12:17:53,748 INFO server.SCMClientProtocolServer: RPC server for Client  is listening at /0.0.0.0:9860
datanode_1  | 2019-10-18 12:17:59,414 INFO storage.RaftStorageDirectory: Lock on /data/metadata/ratis/95488684-9b64-4036-b808-cb286c16dbca/in_use.lock acquired by nodename 7@10d4b8d86e37
datanode_3  | 2019-10-18 12:17:58,125 INFO storage.RaftStorageDirectory: Lock on /data/metadata/ratis/0dbae1be-d842-4360-a2c1-7a421d29682b/in_use.lock acquired by nodename 7@895ad37003bf
om_1        | 2019-10-18 12:17:57,842 INFO ipc.Server: IPC Server listener on 9862: starting
s3g_1       | 	at org.eclipse.jetty.servlet.ServletHandler.doHandle(ServletHandler.java:583)
datanode_2  | 2019-10-18 12:17:58,765 [pool-8-thread-1] INFO       - group-07EF457875BF: The snapshot info is null. Setting the last applied indexto:(t:0, i:~)
scm_1       | 2019-10-18 12:17:53,749 INFO ipc.Server: IPC Server Responder: starting
datanode_3  | 2019-10-18 12:17:58,138 INFO storage.RaftStorage: Storage directory /data/metadata/ratis/0dbae1be-d842-4360-a2c1-7a421d29682b has been successfully formatted.
datanode_1  | 2019-10-18 12:17:59,438 INFO storage.RaftStorage: Storage directory /data/metadata/ratis/95488684-9b64-4036-b808-cb286c16dbca has been successfully formatted.
om_1        | 2019-10-18 12:17:57,880 INFO hdfs.DFSUtil: Starting Web-server for ozoneManager at: http://0.0.0.0:9874
s3g_1       | 	at org.eclipse.jetty.server.handler.ScopedHandler.handle(ScopedHandler.java:143)
datanode_2  | 2019-10-18 12:17:58,766 INFO server.RaftServerConfigKeys: raft.server.notification.no-leader.timeout = 120s (custom)
scm_1       | 2019-10-18 12:17:53,749 INFO ipc.Server: IPC Server listener on 9860: starting
om_1        | 2019-10-18 12:17:58,021 INFO server.AuthenticationFilter: Unable to initialize FileSignerSecretProvider, falling back to use random secrets.
datanode_3  | 2019-10-18 12:17:58,141 [pool-8-thread-1] INFO       - group-7A421D29682B: The snapshot info is null. Setting the last applied indexto:(t:0, i:~)
datanode_1  | 2019-10-18 12:17:59,442 [pool-8-thread-1] INFO       - group-CB286C16DBCA: The snapshot info is null. Setting the last applied indexto:(t:0, i:~)
s3g_1       | 	at org.eclipse.jetty.security.SecurityHandler.handle(SecurityHandler.java:548)
datanode_2  | 2019-10-18 12:17:58,769 INFO server.RaftServerConfigKeys: raft.server.log.use.memory = false (default)
scm_1       | 2019-10-18 12:17:53,752 INFO server.StorageContainerManager: ScmBlockLocationProtocol RPC server is listening at /0.0.0.0:9863
om_1        | 2019-10-18 12:17:58,024 INFO http.HttpRequestLog: Http request log for http.requests.ozoneManager is not defined
datanode_3  | 2019-10-18 12:17:58,141 INFO server.RaftServerConfigKeys: raft.server.notification.no-leader.timeout = 120s (custom)
datanode_1  | 2019-10-18 12:17:59,442 INFO server.RaftServerConfigKeys: raft.server.notification.no-leader.timeout = 120s (custom)
s3g_1       | 	at org.eclipse.jetty.server.session.SessionHandler.doHandle(SessionHandler.java:226)
datanode_2  | 2019-10-18 12:17:58,776 INFO server.RaftServerConfigKeys: raft.server.log.purge.gap = 1000000 (custom)
scm_1       | 2019-10-18 12:17:53,753 INFO server.SCMBlockProtocolServer: RPC server for Block Protocol is listening at /0.0.0.0:9863
om_1        | 2019-10-18 12:17:58,031 INFO http.HttpServer2: Added global filter 'safety' (class=org.apache.hadoop.http.HttpServer2$QuotingInputFilter)
datanode_3  | 2019-10-18 12:17:58,143 INFO server.RaftServerConfigKeys: raft.server.log.use.memory = false (default)
datanode_1  | 2019-10-18 12:17:59,444 INFO server.RaftServerConfigKeys: raft.server.log.use.memory = false (default)
s3g_1       | 	at org.eclipse.jetty.server.handler.ContextHandler.doHandle(ContextHandler.java:1180)
scm_1       | 2019-10-18 12:17:53,753 INFO ipc.Server: IPC Server Responder: starting
om_1        | 2019-10-18 12:17:58,033 INFO http.HttpServer2: Added filter static_user_filter (class=org.apache.hadoop.http.lib.StaticUserWebFilter$StaticUserFilter) to context ozoneManager
datanode_1  | 2019-10-18 12:17:59,448 INFO server.RaftServerConfigKeys: raft.server.log.purge.gap = 1000000 (custom)
datanode_3  | 2019-10-18 12:17:58,147 INFO server.RaftServerConfigKeys: raft.server.log.purge.gap = 1000000 (custom)
datanode_2  | 2019-10-18 12:17:58,776 INFO server.RaftServerConfigKeys: raft.server.log.appender.buffer.byte-limit = 33554432 (custom)
s3g_1       | 	at org.eclipse.jetty.servlet.ServletHandler.doScope(ServletHandler.java:513)
scm_1       | 2019-10-18 12:17:53,753 INFO ipc.Server: IPC Server listener on 9863: starting
om_1        | 2019-10-18 12:17:58,033 INFO http.HttpServer2: Added filter static_user_filter (class=org.apache.hadoop.http.lib.StaticUserWebFilter$StaticUserFilter) to context logs
datanode_3  | 2019-10-18 12:17:58,147 INFO server.RaftServerConfigKeys: raft.server.log.appender.buffer.byte-limit = 33554432 (custom)
datanode_1  | 2019-10-18 12:17:59,448 INFO server.RaftServerConfigKeys: raft.server.log.appender.buffer.byte-limit = 33554432 (custom)
datanode_2  | 2019-10-18 12:17:58,779 INFO server.RaftServerConfigKeys: raft.server.log.segment.size.max = 1048576 (custom)
s3g_1       | 	at org.eclipse.jetty.server.session.SessionHandler.doScope(SessionHandler.java:185)
scm_1       | 2019-10-18 12:17:53,756 INFO server.StorageContainerManager: ScmDatanodeProtocl RPC server is listening at /0.0.0.0:9861
om_1        | 2019-10-18 12:17:58,033 INFO http.HttpServer2: Added filter static_user_filter (class=org.apache.hadoop.http.lib.StaticUserWebFilter$StaticUserFilter) to context static
datanode_1  | 2019-10-18 12:17:59,450 INFO server.RaftServerConfigKeys: raft.server.log.segment.size.max = 1048576 (custom)
datanode_3  | 2019-10-18 12:17:58,149 INFO server.RaftServerConfigKeys: raft.server.log.segment.size.max = 1048576 (custom)
s3g_1       | 	at org.eclipse.jetty.server.handler.ContextHandler.doScope(ContextHandler.java:1112)
scm_1       | 2019-10-18 12:17:53,756 INFO server.SCMDatanodeProtocolServer: RPC server for DataNodes is listening at /0.0.0.0:9861
datanode_2  | 2019-10-18 12:17:58,781 WARN impl.MetricsSystemImpl: HddsDatanode metrics system already initialized!
om_1        | 2019-10-18 12:17:58,051 INFO http.HttpServer2: Jetty bound to port 9874
datanode_1  | 2019-10-18 12:17:59,451 WARN impl.MetricsSystemImpl: HddsDatanode metrics system already initialized!
datanode_3  | 2019-10-18 12:17:58,150 WARN impl.MetricsSystemImpl: HddsDatanode metrics system already initialized!
s3g_1       | 	at org.eclipse.jetty.server.handler.ScopedHandler.handle(ScopedHandler.java:141)
datanode_2  | 2019-10-18 12:17:58,787 INFO metrics.MetricRegistries: Loaded MetricRegistries class org.apache.ratis.metrics.impl.MetricRegistriesImpl
om_1        | 2019-10-18 12:17:58,052 INFO server.Server: jetty-9.3.25.v20180904, build timestamp: 2018-09-04T21:11:46Z, git hash: 3ce520221d0240229c862b122d2b06c12a625732
datanode_1  | 2019-10-18 12:17:59,456 INFO metrics.MetricRegistries: Loaded MetricRegistries class org.apache.ratis.metrics.impl.MetricRegistriesImpl
datanode_3  | 2019-10-18 12:17:58,155 INFO metrics.MetricRegistries: Loaded MetricRegistries class org.apache.ratis.metrics.impl.MetricRegistriesImpl
s3g_1       | 	at org.eclipse.jetty.server.handler.HandlerCollection.handle(HandlerCollection.java:119)
datanode_2  | 2019-10-18 12:17:58,837 INFO server.RaftServerConfigKeys: raft.server.log.segment.cache.num.max = 2 (custom)
scm_1       | 2019-10-18 12:17:53,757 INFO ipc.Server: IPC Server Responder: starting
om_1        | 2019-10-18 12:17:58,081 INFO handler.ContextHandler: Started o.e.j.s.ServletContextHandler@7ee8130e{/logs,file:///var/log/hadoop/,AVAILABLE}
datanode_1  | 2019-10-18 12:17:59,509 INFO server.RaftServerConfigKeys: raft.server.log.segment.cache.num.max = 2 (custom)
datanode_3  | 2019-10-18 12:17:58,189 INFO server.RaftServerConfigKeys: raft.server.log.segment.cache.num.max = 2 (custom)
s3g_1       | 	at org.eclipse.jetty.server.handler.HandlerWrapper.handle(HandlerWrapper.java:134)
datanode_2  | 2019-10-18 12:17:58,843 INFO segmented.SegmentedRaftLogWorker: new 2a29ca34-0a67-4861-a35c-fa2d702d7396@group-07EF457875BF-SegmentedRaftLogWorker for RaftStorage:Storage Directory /data/metadata/ratis/9fac417f-f940-4a0f-aff2-07ef457875bf
scm_1       | 2019-10-18 12:17:53,758 INFO ipc.Server: IPC Server listener on 9861: starting
om_1        | 2019-10-18 12:17:58,082 INFO handler.ContextHandler: Started o.e.j.s.ServletContextHandler@79b2852b{/static,jar:file:/opt/hadoop/share/ozone/lib/hadoop-ozone-ozone-manager-0.5.0-SNAPSHOT.jar!/webapps/static,AVAILABLE}
datanode_1  | 2019-10-18 12:17:59,515 INFO segmented.SegmentedRaftLogWorker: new 64576b0e-4f1b-4e35-8dfe-1fe5e3bc0292@group-CB286C16DBCA-SegmentedRaftLogWorker for RaftStorage:Storage Directory /data/metadata/ratis/95488684-9b64-4036-b808-cb286c16dbca
s3g_1       | 	at org.eclipse.jetty.server.Server.handle(Server.java:539)
datanode_3  | 2019-10-18 12:17:58,194 INFO segmented.SegmentedRaftLogWorker: new ceadba18-0218-482b-9355-7759602ba2e4@group-7A421D29682B-SegmentedRaftLogWorker for RaftStorage:Storage Directory /data/metadata/ratis/0dbae1be-d842-4360-a2c1-7a421d29682b
datanode_2  | 2019-10-18 12:17:58,844 INFO server.RaftServerConfigKeys: raft.server.log.queue.byte-limit = 2147483647 (custom)
scm_1       | 2019-10-18 12:17:53,761 INFO http.HttpServer2: Jetty bound to port 9876
om_1        | 2019-10-18 12:17:58,156 INFO handler.ContextHandler: Started o.e.j.w.WebAppContext@3d1f558a{/,file:///tmp/jetty-0.0.0.0-9874-ozoneManager-_-any-14644477890962417200.dir/webapp/,AVAILABLE}{/ozoneManager}
datanode_1  | 2019-10-18 12:17:59,516 INFO server.RaftServerConfigKeys: raft.server.log.queue.byte-limit = 2147483647 (custom)
s3g_1       | 	at org.eclipse.jetty.server.HttpChannel.handle(HttpChannel.java:333)
datanode_3  | 2019-10-18 12:17:58,194 INFO server.RaftServerConfigKeys: raft.server.log.queue.byte-limit = 2147483647 (custom)
datanode_2  | 2019-10-18 12:17:58,844 INFO server.RaftServerConfigKeys: raft.server.log.queue.element-limit = 1024 (custom)
scm_1       | 2019-10-18 12:17:53,763 INFO server.Server: jetty-9.3.25.v20180904, build timestamp: 2018-09-04T21:11:46Z, git hash: 3ce520221d0240229c862b122d2b06c12a625732
datanode_1  | 2019-10-18 12:17:59,516 INFO server.RaftServerConfigKeys: raft.server.log.queue.element-limit = 1024 (custom)
om_1        | 2019-10-18 12:17:58,161 INFO server.AbstractConnector: Started ServerConnector@6a12c7a8{HTTP/1.1,[http/1.1]}{0.0.0.0:9874}
s3g_1       | 	at org.eclipse.jetty.server.HttpConnection.onFillable(HttpConnection.java:251)
datanode_3  | 2019-10-18 12:17:58,194 INFO server.RaftServerConfigKeys: raft.server.log.queue.element-limit = 1024 (custom)
datanode_2  | 2019-10-18 12:17:58,846 INFO server.RaftServerConfigKeys: raft.server.log.segment.size.max = 1048576 (custom)
scm_1       | 2019-10-18 12:17:53,796 INFO handler.ContextHandler: Started o.e.j.s.ServletContextHandler@6293e39e{/logs,file:///var/log/hadoop/,AVAILABLE}
datanode_1  | 2019-10-18 12:17:59,518 INFO server.RaftServerConfigKeys: raft.server.log.segment.size.max = 1048576 (custom)
om_1        | 2019-10-18 12:17:58,161 INFO server.Server: Started @3889ms
s3g_1       | 	at org.eclipse.jetty.io.AbstractConnection$ReadCallback.succeeded(AbstractConnection.java:283)
datanode_3  | 2019-10-18 12:17:58,195 INFO server.RaftServerConfigKeys: raft.server.log.segment.size.max = 1048576 (custom)
datanode_2  | 2019-10-18 12:17:58,846 INFO server.RaftServerConfigKeys: raft.server.log.preallocated.size = 16384 (custom)
scm_1       | 2019-10-18 12:17:53,797 INFO handler.ContextHandler: Started o.e.j.s.ServletContextHandler@29a69a35{/static,jar:file:/opt/hadoop/share/ozone/lib/hadoop-hdds-server-scm-0.5.0-SNAPSHOT.jar!/webapps/static,AVAILABLE}
datanode_1  | 2019-10-18 12:17:59,518 INFO server.RaftServerConfigKeys: raft.server.log.preallocated.size = 16384 (custom)
om_1        | 2019-10-18 12:17:58,163 INFO impl.MetricsSinkAdapter: Sink prometheus started
s3g_1       | 	at org.eclipse.jetty.io.FillInterest.fillable(FillInterest.java:108)
datanode_3  | 2019-10-18 12:17:58,196 INFO server.RaftServerConfigKeys: raft.server.log.preallocated.size = 16384 (custom)
scm_1       | 2019-10-18 12:17:53,908 INFO handler.ContextHandler: Started o.e.j.w.WebAppContext@35d5ac51{/,file:///tmp/jetty-0.0.0.0-9876-scm-_-any-13528100890008484223.dir/webapp/,AVAILABLE}{/scm}
datanode_1  | 2019-10-18 12:17:59,518 INFO server.RaftServerConfigKeys: raft.server.log.write.buffer.size = 33554432 (custom)
om_1        | 2019-10-18 12:17:58,164 INFO impl.MetricsSystemImpl: Registered sink prometheus
s3g_1       | 	at org.eclipse.jetty.io.SelectChannelEndPoint$2.run(SelectChannelEndPoint.java:93)
datanode_3  | 2019-10-18 12:17:58,196 INFO server.RaftServerConfigKeys: raft.server.log.write.buffer.size = 33554432 (custom)
datanode_1  | 2019-10-18 12:17:59,519 INFO server.RaftServerConfigKeys: raft.server.log.force.sync.num = 128 (default)
scm_1       | 2019-10-18 12:17:53,915 INFO server.AbstractConnector: Started ServerConnector@39ecf576{HTTP/1.1,[http/1.1]}{0.0.0.0:9876}
datanode_2  | 2019-10-18 12:17:58,846 INFO server.RaftServerConfigKeys: raft.server.log.write.buffer.size = 33554432 (custom)
s3g_1       | 	at org.eclipse.jetty.util.thread.strategy.ExecuteProduceConsume.executeProduceConsume(ExecuteProduceConsume.java:303)
datanode_3  | 2019-10-18 12:17:58,196 INFO server.RaftServerConfigKeys: raft.server.log.force.sync.num = 128 (default)
datanode_1  | 2019-10-18 12:17:59,520 INFO server.RaftServerConfigKeys: raft.server.log.statemachine.data.sync = true (default)
scm_1       | 2019-10-18 12:17:53,916 INFO server.Server: Started @3411ms
om_1        | 2019-10-18 12:17:58,166 INFO server.BaseHttpServer: HTTP server of OZONEMANAGER is listening at http://0.0.0.0:9874
datanode_2  | 2019-10-18 12:17:58,847 INFO server.RaftServerConfigKeys: raft.server.log.force.sync.num = 128 (default)
s3g_1       | 	at org.eclipse.jetty.util.thread.strategy.ExecuteProduceConsume.produceConsume(ExecuteProduceConsume.java:148)
datanode_3  | 2019-10-18 12:17:58,197 INFO server.RaftServerConfigKeys: raft.server.log.statemachine.data.sync = true (default)
datanode_1  | 2019-10-18 12:17:59,520 INFO server.RaftServerConfigKeys: raft.server.log.statemachine.data.sync.timeout = 10s (default)
scm_1       | 2019-10-18 12:17:53,919 INFO impl.MetricsSinkAdapter: Sink prometheus started
om_1        | 2019-10-18 12:18:14,506 [IPC Server handler 3 on 9862] INFO       - created volume:vol-0-53224 for user:hadoop
datanode_2  | 2019-10-18 12:17:58,848 INFO server.RaftServerConfigKeys: raft.server.log.statemachine.data.sync = true (default)
datanode_3  | 2019-10-18 12:17:58,197 INFO server.RaftServerConfigKeys: raft.server.log.statemachine.data.sync.timeout = 10s (default)
datanode_1  | 2019-10-18 12:17:59,521 INFO server.RaftServerConfigKeys: raft.server.log.statemachine.data.sync.timeout.retry = -1 (default)
s3g_1       | 	at org.eclipse.jetty.util.thread.strategy.ExecuteProduceConsume.run(ExecuteProduceConsume.java:136)
scm_1       | 2019-10-18 12:17:53,919 INFO impl.MetricsSystemImpl: Registered sink prometheus
datanode_3  | 2019-10-18 12:17:58,198 INFO server.RaftServerConfigKeys: raft.server.log.statemachine.data.sync.timeout.retry = -1 (default)
datanode_1  | 2019-10-18 12:17:59,532 INFO server.RaftServerConfigKeys: raft.server.log.statemachine.data.caching.enabled = true (custom)
s3g_1       | 	at org.eclipse.jetty.util.thread.QueuedThreadPool.runJob(QueuedThreadPool.java:671)
scm_1       | 2019-10-18 12:17:53,921 INFO server.BaseHttpServer: HTTP server of SCM is listening at http://0.0.0.0:9876
datanode_3  | 2019-10-18 12:17:58,206 INFO server.RaftServerConfigKeys: raft.server.log.statemachine.data.caching.enabled = true (custom)
datanode_2  | 2019-10-18 12:17:58,848 INFO server.RaftServerConfigKeys: raft.server.log.statemachine.data.sync.timeout = 10s (default)
om_1        | 2019-10-18 12:18:14,536 [IPC Server handler 1 on 9862] INFO       - created volume:vol-1-22835 for user:hadoop
datanode_1  | 2019-10-18 12:17:59,536 INFO segmented.SegmentedRaftLogWorker: 64576b0e-4f1b-4e35-8dfe-1fe5e3bc0292@group-CB286C16DBCA-SegmentedRaftLogWorker: flushIndex: setUnconditionally 0 -> -1
datanode_3  | 2019-10-18 12:17:58,209 INFO segmented.SegmentedRaftLogWorker: ceadba18-0218-482b-9355-7759602ba2e4@group-7A421D29682B-SegmentedRaftLogWorker: flushIndex: setUnconditionally 0 -> -1
s3g_1       | 	at org.eclipse.jetty.util.thread.QueuedThreadPool$2.run(QueuedThreadPool.java:589)
scm_1       | 2019-10-18 12:17:53,932 INFO util.JvmPauseMonitor: Starting JVM pause monitor
om_1        | 2019-10-18 12:18:14,548 [IPC Server handler 5 on 9862] INFO       - created volume:vol-2-42898 for user:hadoop
datanode_1  | 2019-10-18 12:17:59,543 INFO server.RaftServerConfigKeys: raft.server.snapshot.auto.trigger.enabled = true (custom)
datanode_2  | 2019-10-18 12:17:58,849 INFO server.RaftServerConfigKeys: raft.server.log.statemachine.data.sync.timeout.retry = -1 (default)
s3g_1       | 	at java.base/java.lang.Thread.run(Thread.java:834)
datanode_3  | 2019-10-18 12:17:58,213 INFO server.RaftServerConfigKeys: raft.server.snapshot.auto.trigger.enabled = true (custom)
scm_1       | 2019-10-18 12:17:57,130 INFO net.NetworkTopology: Added a new node: /default-rack/ceadba18-0218-482b-9355-7759602ba2e4
om_1        | 2019-10-18 12:18:14,559 [IPC Server handler 7 on 9862] INFO       - created volume:vol-3-40927 for user:hadoop
datanode_1  | 2019-10-18 12:17:59,544 INFO server.RaftServerConfigKeys: raft.server.snapshot.auto.trigger.threshold = 10000 (custom)
datanode_2  | 2019-10-18 12:17:58,860 INFO server.RaftServerConfigKeys: raft.server.log.statemachine.data.caching.enabled = true (custom)
s3g_1       | 2019-10-18 12:19:35,571 [qtp6444850-30] INFO       - Location is /bucket-80099
datanode_3  | 2019-10-18 12:17:58,214 INFO server.RaftServerConfigKeys: raft.server.snapshot.auto.trigger.threshold = 10000 (custom)
scm_1       | 2019-10-18 12:17:57,130 INFO node.SCMNodeManager: Registered Data node : ceadba18-0218-482b-9355-7759602ba2e4{ip: 172.18.0.5, host: ozones3_datanode_3.ozones3_default, networkLocation: /default-rack, certSerialId: null}
datanode_1  | 2019-10-18 12:17:59,544 INFO server.RaftServerConfigKeys: raft.server.snapshot.retention.file.num = 5 (custom)
datanode_2  | 2019-10-18 12:17:58,865 INFO segmented.SegmentedRaftLogWorker: 2a29ca34-0a67-4861-a35c-fa2d702d7396@group-07EF457875BF-SegmentedRaftLogWorker: flushIndex: setUnconditionally 0 -> -1
om_1        | 2019-10-18 12:18:14,570 [IPC Server handler 9 on 9862] INFO       - created volume:vol-4-04066 for user:hadoop
s3g_1       | 2019-10-18 12:19:41,595 [qtp6444850-30] INFO       - Location is /bucket-63889
datanode_3  | 2019-10-18 12:17:58,214 INFO server.RaftServerConfigKeys: raft.server.snapshot.retention.file.num = 5 (custom)
scm_1       | 2019-10-18 12:17:57,135 INFO safemode.SCMSafeModeManager: SCM in safe mode. 1 DataNodes registered, 1 required.
datanode_1  | 2019-10-18 12:17:59,545 INFO server.RaftServerConfigKeys: raft.server.retrycache.expirytime = 600000ms (custom)
datanode_2  | 2019-10-18 12:17:58,871 INFO server.RaftServerConfigKeys: raft.server.snapshot.auto.trigger.enabled = true (custom)
s3g_1       | 2019-10-18 12:20:03,011 [qtp6444850-27] ERROR      - Error in Complete Multipart Upload Request for bucket: bucket-63889, key: multipartKey2
datanode_3  | 2019-10-18 12:17:58,214 INFO server.RaftServerConfigKeys: raft.server.retrycache.expirytime = 600000ms (custom)
scm_1       | 2019-10-18 12:17:57,136 INFO safemode.SCMSafeModeManager: ScmSafeModeManager, all rules are successfully validated
om_1        | 2019-10-18 12:19:23,030 [IPC Server handler 13 on 9862] ERROR      - S3Bucket Creation Failed for userName: 408a471635b80160c579a897a992d8ed, s3BucketName bucket-17830, VolumeName s3408a471635b80160c579a897a992d8ed
datanode_1  | 2019-10-18 12:17:59,583 INFO impl.RaftServerImpl: 64576b0e-4f1b-4e35-8dfe-1fe5e3bc0292@group-CB286C16DBCA: start as a follower, conf=-1: [64576b0e-4f1b-4e35-8dfe-1fe5e3bc0292:172.18.0.7:9858], old=null
datanode_2  | 2019-10-18 12:17:58,872 INFO server.RaftServerConfigKeys: raft.server.snapshot.auto.trigger.threshold = 10000 (custom)
s3g_1       | ENTITY_TOO_SMALL org.apache.hadoop.ozone.om.exceptions.OMException: Complete Multipart Upload Failed: Entity too small: volume: s3408a471635b80160c579a897a992d8edbucket: bucket-63889key: multipartKey2
datanode_3  | 2019-10-18 12:17:58,248 INFO impl.RaftServerImpl: ceadba18-0218-482b-9355-7759602ba2e4@group-7A421D29682B: start as a follower, conf=-1: [ceadba18-0218-482b-9355-7759602ba2e4:172.18.0.5:9858], old=null
scm_1       | 2019-10-18 12:17:57,141 INFO safemode.SCMSafeModeManager: SCM exiting safe mode.
om_1        | 2019-10-18 12:20:03,005 [IPC Server handler 1 on 9862] ERROR      - MultipartUpload: /s3408a471635b80160c579a897a992d8ed/bucket-63889/multipartKey2Part number: 1size 6 is less than minimum part size 5242880
datanode_1  | 2019-10-18 12:17:59,585 INFO impl.RaftServerImpl: 64576b0e-4f1b-4e35-8dfe-1fe5e3bc0292@group-CB286C16DBCA: changes role from      null to FOLLOWER at term 0 for startAsFollower
datanode_2  | 2019-10-18 12:17:58,872 INFO server.RaftServerConfigKeys: raft.server.snapshot.retention.file.num = 5 (custom)
datanode_3  | 2019-10-18 12:17:58,249 INFO impl.RaftServerImpl: ceadba18-0218-482b-9355-7759602ba2e4@group-7A421D29682B: changes role from      null to FOLLOWER at term 0 for startAsFollower
s3g_1       | 	at org.apache.hadoop.ozone.om.protocolPB.OzoneManagerProtocolClientSideTranslatorPB.handleError(OzoneManagerProtocolClientSideTranslatorPB.java:732)
scm_1       | 2019-10-18 12:17:57,269 INFO net.NetworkTopology: Added a new node: /default-rack/2a29ca34-0a67-4861-a35c-fa2d702d7396
om_1        | 2019-10-18 12:20:03,009 [IPC Server handler 1 on 9862] ERROR      - MultipartUpload Complete request failed for Key: multipartKey2 in Volume/Bucket s3408a471635b80160c579a897a992d8ed/bucket-63889
datanode_1  | 2019-10-18 12:17:59,586 INFO impl.RoleInfo: 64576b0e-4f1b-4e35-8dfe-1fe5e3bc0292: start FollowerState
datanode_2  | 2019-10-18 12:17:58,873 INFO server.RaftServerConfigKeys: raft.server.retrycache.expirytime = 600000ms (custom)
datanode_3  | 2019-10-18 12:17:58,251 INFO impl.RoleInfo: ceadba18-0218-482b-9355-7759602ba2e4: start FollowerState
s3g_1       | 	at org.apache.hadoop.ozone.om.protocolPB.OzoneManagerProtocolClientSideTranslatorPB.completeMultipartUpload(OzoneManagerProtocolClientSideTranslatorPB.java:1104)
scm_1       | 2019-10-18 12:17:57,270 INFO node.SCMNodeManager: Registered Data node : 2a29ca34-0a67-4861-a35c-fa2d702d7396{ip: 172.18.0.6, host: ozones3_datanode_2.ozones3_default, networkLocation: /default-rack, certSerialId: null}
om_1        | ENTITY_TOO_SMALL org.apache.hadoop.ozone.om.exceptions.OMException: Complete Multipart Upload Failed: Entity too small: volume: s3408a471635b80160c579a897a992d8edbucket: bucket-63889key: multipartKey2
datanode_1  | 2019-10-18 12:17:59,592 INFO util.JmxRegister: Successfully registered JMX Bean with object name Ratis:service=RaftServer,group=group-CB286C16DBCA,id=64576b0e-4f1b-4e35-8dfe-1fe5e3bc0292
datanode_2  | 2019-10-18 12:17:58,910 INFO impl.RaftServerImpl: 2a29ca34-0a67-4861-a35c-fa2d702d7396@group-07EF457875BF: start as a follower, conf=-1: [2a29ca34-0a67-4861-a35c-fa2d702d7396:172.18.0.6:9858], old=null
datanode_3  | 2019-10-18 12:17:58,255 INFO util.JmxRegister: Successfully registered JMX Bean with object name Ratis:service=RaftServer,group=group-7A421D29682B,id=ceadba18-0218-482b-9355-7759602ba2e4
s3g_1       | 	at java.base/jdk.internal.reflect.NativeMethodAccessorImpl.invoke0(Native Method)
scm_1       | WARNING: An illegal reflective access operation has occurred
datanode_1  | 2019-10-18 12:17:59,599 INFO impl.FollowerState: 64576b0e-4f1b-4e35-8dfe-1fe5e3bc0292@group-CB286C16DBCA-FollowerState: change to CANDIDATE, lastRpcTime:13ms, electionTimeout:12ms
datanode_2  | 2019-10-18 12:17:58,912 INFO impl.RaftServerImpl: 2a29ca34-0a67-4861-a35c-fa2d702d7396@group-07EF457875BF: changes role from      null to FOLLOWER at term 0 for startAsFollower
datanode_3  | 2019-10-18 12:17:58,358 INFO impl.FollowerState: ceadba18-0218-482b-9355-7759602ba2e4@group-7A421D29682B-FollowerState: change to CANDIDATE, lastRpcTime:107ms, electionTimeout:106ms
om_1        | 	at org.apache.hadoop.ozone.om.request.s3.multipart.S3MultipartUploadCompleteRequest.validateAndUpdateCache(S3MultipartUploadCompleteRequest.java:209)
s3g_1       | 	at java.base/jdk.internal.reflect.NativeMethodAccessorImpl.invoke(NativeMethodAccessorImpl.java:62)
scm_1       | WARNING: Illegal reflective access by org.apache.ratis.thirdparty.com.google.protobuf.UnsafeUtil (file:/opt/hadoop/share/ozone/lib/ratis-thirdparty-misc-0.2.0.jar) to field java.nio.Buffer.address
datanode_1  | 2019-10-18 12:17:59,601 INFO impl.RoleInfo: 64576b0e-4f1b-4e35-8dfe-1fe5e3bc0292: shutdown FollowerState
datanode_2  | 2019-10-18 12:17:58,913 INFO impl.RoleInfo: 2a29ca34-0a67-4861-a35c-fa2d702d7396: start FollowerState
datanode_3  | 2019-10-18 12:17:58,360 INFO impl.RoleInfo: ceadba18-0218-482b-9355-7759602ba2e4: shutdown FollowerState
om_1        | 	at org.apache.hadoop.ozone.protocolPB.OzoneManagerProtocolServerSideTranslatorPB.submitRequestDirectlyToOM(OzoneManagerProtocolServerSideTranslatorPB.java:219)
s3g_1       | 	at java.base/jdk.internal.reflect.DelegatingMethodAccessorImpl.invoke(DelegatingMethodAccessorImpl.java:43)
scm_1       | WARNING: Please consider reporting this to the maintainers of org.apache.ratis.thirdparty.com.google.protobuf.UnsafeUtil
datanode_1  | 2019-10-18 12:17:59,601 INFO impl.RaftServerImpl: 64576b0e-4f1b-4e35-8dfe-1fe5e3bc0292@group-CB286C16DBCA: changes role from  FOLLOWER to CANDIDATE at term 0 for changeToCandidate
datanode_2  | 2019-10-18 12:17:58,918 INFO util.JmxRegister: Successfully registered JMX Bean with object name Ratis:service=RaftServer,group=group-07EF457875BF,id=2a29ca34-0a67-4861-a35c-fa2d702d7396
datanode_3  | 2019-10-18 12:17:58,361 INFO impl.RaftServerImpl: ceadba18-0218-482b-9355-7759602ba2e4@group-7A421D29682B: changes role from  FOLLOWER to CANDIDATE at term 0 for changeToCandidate
om_1        | 	at org.apache.hadoop.ozone.protocolPB.OzoneManagerProtocolServerSideTranslatorPB.processRequest(OzoneManagerProtocolServerSideTranslatorPB.java:134)
s3g_1       | 	at java.base/java.lang.reflect.Method.invoke(Method.java:566)
scm_1       | WARNING: Use --illegal-access=warn to enable warnings of further illegal reflective access operations
datanode_1  | 2019-10-18 12:17:59,605 INFO impl.RoleInfo: 64576b0e-4f1b-4e35-8dfe-1fe5e3bc0292: start LeaderElection
datanode_2  | 2019-10-18 12:17:59,098 INFO impl.FollowerState: 2a29ca34-0a67-4861-a35c-fa2d702d7396@group-07EF457875BF-FollowerState: change to CANDIDATE, lastRpcTime:185ms, electionTimeout:184ms
datanode_3  | 2019-10-18 12:17:58,365 INFO impl.RoleInfo: ceadba18-0218-482b-9355-7759602ba2e4: start LeaderElection
s3g_1       | 	at org.apache.hadoop.hdds.tracing.TraceAllMethod.invoke(TraceAllMethod.java:66)
om_1        | 	at org.apache.hadoop.hdds.server.OzoneProtocolMessageDispatcher.processRequest(OzoneProtocolMessageDispatcher.java:72)
scm_1       | WARNING: All illegal access operations will be denied in a future release
datanode_1  | 2019-10-18 12:17:59,620 INFO impl.LeaderElection: 64576b0e-4f1b-4e35-8dfe-1fe5e3bc0292@group-CB286C16DBCA-LeaderElection1: begin an election at term 1 for -1: [64576b0e-4f1b-4e35-8dfe-1fe5e3bc0292:172.18.0.7:9858], old=null
datanode_2  | 2019-10-18 12:17:59,101 INFO impl.RoleInfo: 2a29ca34-0a67-4861-a35c-fa2d702d7396: shutdown FollowerState
datanode_3  | 2019-10-18 12:17:58,380 INFO impl.LeaderElection: ceadba18-0218-482b-9355-7759602ba2e4@group-7A421D29682B-LeaderElection1: begin an election at term 1 for -1: [ceadba18-0218-482b-9355-7759602ba2e4:172.18.0.5:9858], old=null
s3g_1       | 	at com.sun.proxy.$Proxy84.completeMultipartUpload(Unknown Source)
om_1        | 	at org.apache.hadoop.ozone.protocolPB.OzoneManagerProtocolServerSideTranslatorPB.submitRequest(OzoneManagerProtocolServerSideTranslatorPB.java:100)
scm_1       | 2019-10-18 12:17:58,373 INFO pipeline.PipelineStateManager: Created pipeline Pipeline[ Id: 0dbae1be-d842-4360-a2c1-7a421d29682b, Nodes: ceadba18-0218-482b-9355-7759602ba2e4{ip: 172.18.0.5, host: ozones3_datanode_3.ozones3_default, networkLocation: /default-rack, certSerialId: null}, Type:RATIS, Factor:ONE, State:OPEN]
datanode_1  | 2019-10-18 12:17:59,621 INFO impl.RoleInfo: 64576b0e-4f1b-4e35-8dfe-1fe5e3bc0292: shutdown LeaderElection
datanode_2  | 2019-10-18 12:17:59,101 INFO impl.RaftServerImpl: 2a29ca34-0a67-4861-a35c-fa2d702d7396@group-07EF457875BF: changes role from  FOLLOWER to CANDIDATE at term 0 for changeToCandidate
datanode_3  | 2019-10-18 12:17:58,382 INFO impl.RoleInfo: ceadba18-0218-482b-9355-7759602ba2e4: shutdown LeaderElection
s3g_1       | 	at org.apache.hadoop.ozone.client.rpc.RpcClient.completeMultipartUpload(RpcClient.java:883)
om_1        | 	at org.apache.hadoop.ozone.protocol.proto.OzoneManagerProtocolProtos$OzoneManagerService$2.callBlockingMethod(OzoneManagerProtocolProtos.java)
scm_1       | 2019-10-18 12:17:58,997 INFO pipeline.PipelineStateManager: Created pipeline Pipeline[ Id: 9fac417f-f940-4a0f-aff2-07ef457875bf, Nodes: 2a29ca34-0a67-4861-a35c-fa2d702d7396{ip: 172.18.0.6, host: ozones3_datanode_2.ozones3_default, networkLocation: /default-rack, certSerialId: null}, Type:RATIS, Factor:ONE, State:OPEN]
datanode_2  | 2019-10-18 12:17:59,105 INFO impl.RoleInfo: 2a29ca34-0a67-4861-a35c-fa2d702d7396: start LeaderElection
datanode_3  | 2019-10-18 12:17:58,383 INFO impl.RaftServerImpl: ceadba18-0218-482b-9355-7759602ba2e4@group-7A421D29682B: changes role from CANDIDATE to LEADER at term 1 for changeToLeader
datanode_1  | 2019-10-18 12:17:59,622 INFO impl.RaftServerImpl: 64576b0e-4f1b-4e35-8dfe-1fe5e3bc0292@group-CB286C16DBCA: changes role from CANDIDATE to LEADER at term 1 for changeToLeader
s3g_1       | 	at org.apache.hadoop.ozone.client.OzoneBucket.completeMultipartUpload(OzoneBucket.java:445)
om_1        | 	at org.apache.hadoop.ipc.ProtobufRpcEngine$Server$ProtoBufRpcInvoker.call(ProtobufRpcEngine.java:524)
scm_1       | 2019-10-18 12:17:59,087 INFO net.NetworkTopology: Added a new node: /default-rack/64576b0e-4f1b-4e35-8dfe-1fe5e3bc0292
datanode_2  | 2019-10-18 12:17:59,130 INFO impl.LeaderElection: 2a29ca34-0a67-4861-a35c-fa2d702d7396@group-07EF457875BF-LeaderElection1: begin an election at term 1 for -1: [2a29ca34-0a67-4861-a35c-fa2d702d7396:172.18.0.6:9858], old=null
datanode_3  | 2019-10-18 12:17:58,383 INFO impl.RaftServerImpl: ceadba18-0218-482b-9355-7759602ba2e4@group-7A421D29682B: change Leader from null to ceadba18-0218-482b-9355-7759602ba2e4 at term 1 for becomeLeader, leader elected after 242ms
datanode_1  | 2019-10-18 12:17:59,622 INFO impl.RaftServerImpl: 64576b0e-4f1b-4e35-8dfe-1fe5e3bc0292@group-CB286C16DBCA: change Leader from null to 64576b0e-4f1b-4e35-8dfe-1fe5e3bc0292 at term 1 for becomeLeader, leader elected after 180ms
s3g_1       | 	at org.apache.hadoop.ozone.s3.endpoint.ObjectEndpoint.completeMultipartUpload(ObjectEndpoint.java:498)
om_1        | 	at org.apache.hadoop.ipc.RPC$Server.call(RPC.java:1025)
scm_1       | 2019-10-18 12:17:59,087 INFO node.SCMNodeManager: Registered Data node : 64576b0e-4f1b-4e35-8dfe-1fe5e3bc0292{ip: 172.18.0.7, host: ozones3_datanode_1.ozones3_default, networkLocation: /default-rack, certSerialId: null}
datanode_2  | 2019-10-18 12:17:59,132 INFO impl.RoleInfo: 2a29ca34-0a67-4861-a35c-fa2d702d7396: shutdown LeaderElection
datanode_3  | 2019-10-18 12:17:58,389 INFO server.RaftServerConfigKeys: raft.server.staging.catchup.gap = 1000 (default)
datanode_1  | 2019-10-18 12:17:59,627 INFO server.RaftServerConfigKeys: raft.server.staging.catchup.gap = 1000 (default)
s3g_1       | 	at java.base/jdk.internal.reflect.NativeMethodAccessorImpl.invoke0(Native Method)
om_1        | 	at org.apache.hadoop.ipc.Server$RpcCall.run(Server.java:876)
scm_1       | 2019-10-18 12:17:59,662 INFO pipeline.PipelineStateManager: Created pipeline Pipeline[ Id: 95488684-9b64-4036-b808-cb286c16dbca, Nodes: 64576b0e-4f1b-4e35-8dfe-1fe5e3bc0292{ip: 172.18.0.7, host: ozones3_datanode_1.ozones3_default, networkLocation: /default-rack, certSerialId: null}, Type:RATIS, Factor:ONE, State:OPEN]
datanode_2  | 2019-10-18 12:17:59,133 INFO impl.RaftServerImpl: 2a29ca34-0a67-4861-a35c-fa2d702d7396@group-07EF457875BF: changes role from CANDIDATE to LEADER at term 1 for changeToLeader
datanode_3  | 2019-10-18 12:17:58,389 INFO server.RaftServerConfigKeys: raft.server.rpc.sleep.time = 25ms (default)
datanode_1  | 2019-10-18 12:17:59,627 INFO server.RaftServerConfigKeys: raft.server.rpc.sleep.time = 25ms (default)
s3g_1       | 	at java.base/jdk.internal.reflect.NativeMethodAccessorImpl.invoke(NativeMethodAccessorImpl.java:62)
om_1        | 	at org.apache.hadoop.ipc.Server$RpcCall.run(Server.java:822)
scm_1       | 2019-10-18 12:17:59,774 INFO pipeline.PipelineStateManager: Created pipeline Pipeline[ Id: bb1ac718-e797-4e08-aa74-3a1452d99218, Nodes: 2a29ca34-0a67-4861-a35c-fa2d702d7396{ip: 172.18.0.6, host: ozones3_datanode_2.ozones3_default, networkLocation: /default-rack, certSerialId: null}64576b0e-4f1b-4e35-8dfe-1fe5e3bc0292{ip: 172.18.0.7, host: ozones3_datanode_1.ozones3_default, networkLocation: /default-rack, certSerialId: null}ceadba18-0218-482b-9355-7759602ba2e4{ip: 172.18.0.5, host: ozones3_datanode_3.ozones3_default, networkLocation: /default-rack, certSerialId: null}, Type:RATIS, Factor:THREE, State:OPEN]
datanode_2  | 2019-10-18 12:17:59,133 INFO impl.RaftServerImpl: 2a29ca34-0a67-4861-a35c-fa2d702d7396@group-07EF457875BF: change Leader from null to 2a29ca34-0a67-4861-a35c-fa2d702d7396 at term 1 for becomeLeader, leader elected after 367ms
datanode_3  | 2019-10-18 12:17:58,393 INFO server.RaftServerConfigKeys: raft.server.write.element-limit = 4096 (default)
s3g_1       | 	at java.base/jdk.internal.reflect.DelegatingMethodAccessorImpl.invoke(DelegatingMethodAccessorImpl.java:43)
datanode_1  | 2019-10-18 12:17:59,630 INFO server.RaftServerConfigKeys: raft.server.write.element-limit = 4096 (default)
om_1        | 	at java.base/java.security.AccessController.doPrivileged(Native Method)
scm_1       | 2019-10-18 12:18:14,844 INFO pipeline.PipelineStateManager: Created pipeline Pipeline[ Id: 7dd8d3ce-8e2b-45c8-b8eb-ec0ba1f5607a, Nodes: 64576b0e-4f1b-4e35-8dfe-1fe5e3bc0292{ip: 172.18.0.7, host: ozones3_datanode_1.ozones3_default, networkLocation: /default-rack, certSerialId: null}, Type:STAND_ALONE, Factor:ONE, State:OPEN]
datanode_2  | 2019-10-18 12:17:59,138 INFO server.RaftServerConfigKeys: raft.server.staging.catchup.gap = 1000 (default)
datanode_3  | 2019-10-18 12:17:58,398 INFO server.RaftServerConfigKeys: raft.server.watch.timeout = 10s (default)
s3g_1       | 	at java.base/java.lang.reflect.Method.invoke(Method.java:566)
datanode_1  | 2019-10-18 12:17:59,634 INFO server.RaftServerConfigKeys: raft.server.watch.timeout = 10s (default)
om_1        | 	at java.base/javax.security.auth.Subject.doAs(Subject.java:423)
scm_1       | 2019-10-18 12:19:57,883 INFO server.SCMBlockProtocolServer: SCM is informed by OM to delete 1 blocks
datanode_2  | 2019-10-18 12:17:59,138 INFO server.RaftServerConfigKeys: raft.server.rpc.sleep.time = 25ms (default)
datanode_3  | 2019-10-18 12:17:58,398 INFO server.RaftServerConfigKeys: raft.server.watch.timeout.denomination = 1s (default)
s3g_1       | 	at org.glassfish.jersey.server.model.internal.ResourceMethodInvocationHandlerFactory.lambda$static$0(ResourceMethodInvocationHandlerFactory.java:76)
datanode_1  | 2019-10-18 12:17:59,634 INFO server.RaftServerConfigKeys: raft.server.watch.timeout.denomination = 1s (default)
om_1        | 	at org.apache.hadoop.security.UserGroupInformation.doAs(UserGroupInformation.java:1730)
scm_1       | 2019-10-18 12:19:57,885 INFO block.BlockManagerImpl: Deleting blocks conID: 6 locID: 102983347988267135 bcsId: 0
datanode_2  | 2019-10-18 12:17:59,142 INFO server.RaftServerConfigKeys: raft.server.write.element-limit = 4096 (default)
datanode_3  | 2019-10-18 12:17:58,399 INFO server.RaftServerConfigKeys: raft.server.watch.element-limit = 65536 (default)
datanode_1  | 2019-10-18 12:17:59,635 INFO server.RaftServerConfigKeys: raft.server.watch.element-limit = 65536 (default)
s3g_1       | 	at org.glassfish.jersey.server.model.internal.AbstractJavaResourceMethodDispatcher$1.run(AbstractJavaResourceMethodDispatcher.java:148)
om_1        | 	at org.apache.hadoop.ipc.Server$Handler.run(Server.java:2682)
datanode_3  | 2019-10-18 12:17:58,416 INFO impl.RoleInfo: ceadba18-0218-482b-9355-7759602ba2e4: start LeaderState
datanode_2  | 2019-10-18 12:17:59,146 INFO server.RaftServerConfigKeys: raft.server.watch.timeout = 10s (default)
scm_1       | 2019-10-18 12:20:57,920 INFO server.SCMBlockProtocolServer: SCM is informed by OM to delete 3 blocks
datanode_1  | 2019-10-18 12:17:59,663 INFO impl.RoleInfo: 64576b0e-4f1b-4e35-8dfe-1fe5e3bc0292: start LeaderState
s3g_1       | 	at org.glassfish.jersey.server.model.internal.AbstractJavaResourceMethodDispatcher.invoke(AbstractJavaResourceMethodDispatcher.java:191)
om_1        | 2019-10-18 12:20:11,052 [IPC Server handler 8 on 9862] ERROR      - MultipartUpload Complete request failed for Key: multipartKey3 in Volume/Bucket s3408a471635b80160c579a897a992d8ed/bucket-63889
datanode_3  | 2019-10-18 12:17:58,439 INFO segmented.SegmentedRaftLogWorker: ceadba18-0218-482b-9355-7759602ba2e4@group-7A421D29682B-SegmentedRaftLogWorker: Starting segment from index:0
datanode_2  | 2019-10-18 12:17:59,146 INFO server.RaftServerConfigKeys: raft.server.watch.timeout.denomination = 1s (default)
scm_1       | 2019-10-18 12:20:57,921 INFO block.BlockManagerImpl: Deleting blocks conID: 4 locID: 102983351924818057 bcsId: 0,conID: 6 locID: 102983351925604491 bcsId: 0,conID: 5 locID: 102983351924818058 bcsId: 0
datanode_1  | 2019-10-18 12:17:59,696 INFO segmented.SegmentedRaftLogWorker: 64576b0e-4f1b-4e35-8dfe-1fe5e3bc0292@group-CB286C16DBCA-SegmentedRaftLogWorker: Starting segment from index:0
s3g_1       | 	at org.glassfish.jersey.server.model.internal.JavaResourceMethodDispatcherProvider$ResponseOutInvoker.doDispatch(JavaResourceMethodDispatcherProvider.java:200)
datanode_3  | 2019-10-18 12:17:58,449 INFO impl.RaftServerImpl: ceadba18-0218-482b-9355-7759602ba2e4@group-7A421D29682B: set configuration 0: [ceadba18-0218-482b-9355-7759602ba2e4:172.18.0.5:9858], old=null at 0
om_1        | MISMATCH_MULTIPART_LIST org.apache.hadoop.ozone.om.exceptions.OMException: Complete Multipart Upload Failed: volume: s3408a471635b80160c579a897a992d8edbucket: bucket-63889key: multipartKey3
datanode_2  | 2019-10-18 12:17:59,147 INFO server.RaftServerConfigKeys: raft.server.watch.element-limit = 65536 (default)
scm_1       | 2019-10-18 12:20:57,923 INFO block.BlockManagerImpl: Deleting blocks conID: 5 locID: 102983351290364039 bcsId: 0
datanode_1  | 2019-10-18 12:17:59,703 INFO impl.RaftServerProxy: 64576b0e-4f1b-4e35-8dfe-1fe5e3bc0292: addNew group-3A1452D99218:[2a29ca34-0a67-4861-a35c-fa2d702d7396:172.18.0.6:9858, 64576b0e-4f1b-4e35-8dfe-1fe5e3bc0292:172.18.0.7:9858, ceadba18-0218-482b-9355-7759602ba2e4:172.18.0.5:9858] returns group-3A1452D99218:java.util.concurrent.CompletableFuture@630c1e46[Not completed]
s3g_1       | 	at org.glassfish.jersey.server.model.internal.AbstractJavaResourceMethodDispatcher.dispatch(AbstractJavaResourceMethodDispatcher.java:103)
datanode_3  | 2019-10-18 12:17:58,559 INFO segmented.SegmentedRaftLogWorker: ceadba18-0218-482b-9355-7759602ba2e4@group-7A421D29682B-SegmentedRaftLogWorker: created new log segment /data/metadata/ratis/0dbae1be-d842-4360-a2c1-7a421d29682b/current/log_inprogress_0
om_1        | 	at org.apache.hadoop.ozone.om.request.s3.multipart.S3MultipartUploadCompleteRequest.validateAndUpdateCache(S3MultipartUploadCompleteRequest.java:195)
datanode_2  | 2019-10-18 12:17:59,164 INFO impl.RoleInfo: 2a29ca34-0a67-4861-a35c-fa2d702d7396: start LeaderState
datanode_1  | 2019-10-18 12:17:59,705 INFO impl.RaftServerImpl: 64576b0e-4f1b-4e35-8dfe-1fe5e3bc0292@group-CB286C16DBCA: set configuration 0: [64576b0e-4f1b-4e35-8dfe-1fe5e3bc0292:172.18.0.7:9858], old=null at 0
s3g_1       | 	at org.glassfish.jersey.server.model.ResourceMethodInvoker.invoke(ResourceMethodInvoker.java:493)
om_1        | 	at org.apache.hadoop.ozone.protocolPB.OzoneManagerProtocolServerSideTranslatorPB.submitRequestDirectlyToOM(OzoneManagerProtocolServerSideTranslatorPB.java:219)
datanode_3  | 2019-10-18 12:17:59,720 INFO impl.RaftServerProxy: ceadba18-0218-482b-9355-7759602ba2e4: addNew group-3A1452D99218:[2a29ca34-0a67-4861-a35c-fa2d702d7396:172.18.0.6:9858, 64576b0e-4f1b-4e35-8dfe-1fe5e3bc0292:172.18.0.7:9858, ceadba18-0218-482b-9355-7759602ba2e4:172.18.0.5:9858] returns group-3A1452D99218:java.util.concurrent.CompletableFuture@52ded8dc[Not completed]
scm_1       | 2019-10-18 12:20:57,923 INFO block.BlockManagerImpl: Deleting blocks conID: 6 locID: 102983351358980232 bcsId: 0
datanode_2  | 2019-10-18 12:17:59,187 INFO segmented.SegmentedRaftLogWorker: 2a29ca34-0a67-4861-a35c-fa2d702d7396@group-07EF457875BF-SegmentedRaftLogWorker: Starting segment from index:0
datanode_1  | 2019-10-18 12:17:59,707 INFO impl.RaftServerImpl: 64576b0e-4f1b-4e35-8dfe-1fe5e3bc0292: new RaftServerImpl for group-3A1452D99218:[2a29ca34-0a67-4861-a35c-fa2d702d7396:172.18.0.6:9858, 64576b0e-4f1b-4e35-8dfe-1fe5e3bc0292:172.18.0.7:9858, ceadba18-0218-482b-9355-7759602ba2e4:172.18.0.5:9858] with ContainerStateMachine:uninitialized
s3g_1       | 	at org.glassfish.jersey.server.model.ResourceMethodInvoker.apply(ResourceMethodInvoker.java:415)
om_1        | 	at org.apache.hadoop.ozone.protocolPB.OzoneManagerProtocolServerSideTranslatorPB.processRequest(OzoneManagerProtocolServerSideTranslatorPB.java:134)
datanode_3  | 2019-10-18 12:17:59,724 INFO impl.RaftServerImpl: ceadba18-0218-482b-9355-7759602ba2e4: new RaftServerImpl for group-3A1452D99218:[2a29ca34-0a67-4861-a35c-fa2d702d7396:172.18.0.6:9858, 64576b0e-4f1b-4e35-8dfe-1fe5e3bc0292:172.18.0.7:9858, ceadba18-0218-482b-9355-7759602ba2e4:172.18.0.5:9858] with ContainerStateMachine:uninitialized
scm_1       | 2019-10-18 12:21:57,928 INFO server.SCMBlockProtocolServer: SCM is informed by OM to delete 1 blocks
datanode_2  | 2019-10-18 12:17:59,205 INFO impl.RaftServerImpl: 2a29ca34-0a67-4861-a35c-fa2d702d7396@group-07EF457875BF: set configuration 0: [2a29ca34-0a67-4861-a35c-fa2d702d7396:172.18.0.6:9858], old=null at 0
datanode_1  | 2019-10-18 12:17:59,707 INFO server.RaftServerConfigKeys: raft.server.rpc.timeout.min = 5s (custom)
s3g_1       | 	at org.glassfish.jersey.server.model.ResourceMethodInvoker.apply(ResourceMethodInvoker.java:104)
datanode_3  | 2019-10-18 12:17:59,724 INFO server.RaftServerConfigKeys: raft.server.rpc.timeout.min = 5s (custom)
om_1        | 	at org.apache.hadoop.hdds.server.OzoneProtocolMessageDispatcher.processRequest(OzoneProtocolMessageDispatcher.java:72)
scm_1       | 2019-10-18 12:21:57,929 INFO block.BlockManagerImpl: Deleting blocks conID: 6 locID: 102983356137013396 bcsId: 0
datanode_2  | 2019-10-18 12:17:59,304 INFO segmented.SegmentedRaftLogWorker: 2a29ca34-0a67-4861-a35c-fa2d702d7396@group-07EF457875BF-SegmentedRaftLogWorker: created new log segment /data/metadata/ratis/9fac417f-f940-4a0f-aff2-07ef457875bf/current/log_inprogress_0
datanode_1  | 2019-10-18 12:17:59,707 INFO server.RaftServerConfigKeys: raft.server.rpc.timeout.max = 5200ms (custom)
s3g_1       | 	at org.glassfish.jersey.server.ServerRuntime$1.run(ServerRuntime.java:277)
datanode_3  | 2019-10-18 12:17:59,725 INFO server.RaftServerConfigKeys: raft.server.rpc.timeout.max = 5200ms (custom)
om_1        | 	at org.apache.hadoop.ozone.protocolPB.OzoneManagerProtocolServerSideTranslatorPB.submitRequest(OzoneManagerProtocolServerSideTranslatorPB.java:100)
scm_1       | 2019-10-18 12:22:57,156 INFO container.ReplicationManager: Starting Replication Monitor Thread.
datanode_2  | 2019-10-18 12:17:59,721 INFO impl.RaftServerProxy: 2a29ca34-0a67-4861-a35c-fa2d702d7396: addNew group-3A1452D99218:[2a29ca34-0a67-4861-a35c-fa2d702d7396:172.18.0.6:9858, 64576b0e-4f1b-4e35-8dfe-1fe5e3bc0292:172.18.0.7:9858, ceadba18-0218-482b-9355-7759602ba2e4:172.18.0.5:9858] returns group-3A1452D99218:java.util.concurrent.CompletableFuture@72442228[Not completed]
datanode_1  | 2019-10-18 12:17:59,707 INFO server.RaftServerConfigKeys: raft.server.rpcslowness.timeout = 120s (custom)
s3g_1       | 	at org.glassfish.jersey.internal.Errors$1.call(Errors.java:272)
datanode_3  | 2019-10-18 12:17:59,725 INFO server.RaftServerConfigKeys: raft.server.rpcslowness.timeout = 120s (custom)
om_1        | 	at org.apache.hadoop.ozone.protocol.proto.OzoneManagerProtocolProtos$OzoneManagerService$2.callBlockingMethod(OzoneManagerProtocolProtos.java)
scm_1       | 2019-10-18 12:22:57,169 INFO container.ReplicationManager: Replication Monitor Thread took 9 milliseconds for processing 6 containers.
datanode_2  | 2019-10-18 12:17:59,724 INFO impl.RaftServerImpl: 2a29ca34-0a67-4861-a35c-fa2d702d7396: new RaftServerImpl for group-3A1452D99218:[2a29ca34-0a67-4861-a35c-fa2d702d7396:172.18.0.6:9858, 64576b0e-4f1b-4e35-8dfe-1fe5e3bc0292:172.18.0.7:9858, ceadba18-0218-482b-9355-7759602ba2e4:172.18.0.5:9858] with ContainerStateMachine:uninitialized
datanode_1  | 2019-10-18 12:17:59,707 INFO server.RaftServerConfigKeys: raft.server.sleep.deviation.threshold = 300 (default)
datanode_3  | 2019-10-18 12:17:59,725 INFO server.RaftServerConfigKeys: raft.server.sleep.deviation.threshold = 300 (default)
s3g_1       | 	at org.glassfish.jersey.internal.Errors$1.call(Errors.java:268)
om_1        | 	at org.apache.hadoop.ipc.ProtobufRpcEngine$Server$ProtoBufRpcInvoker.call(ProtobufRpcEngine.java:524)
scm_1       | 2019-10-18 12:22:57,938 INFO server.SCMBlockProtocolServer: SCM is informed by OM to delete 4 blocks
datanode_2  | 2019-10-18 12:17:59,724 INFO server.RaftServerConfigKeys: raft.server.rpc.timeout.min = 5s (custom)
datanode_1  | 2019-10-18 12:17:59,708 INFO server.RaftServerConfigKeys: raft.server.log.appender.install.snapshot.enabled = false (custom)
s3g_1       | 	at org.glassfish.jersey.internal.Errors.process(Errors.java:316)
om_1        | 	at org.apache.hadoop.ipc.RPC$Server.call(RPC.java:1025)
scm_1       | 2019-10-18 12:22:57,939 INFO block.BlockManagerImpl: Deleting blocks conID: 6 locID: 102983358572134551 bcsId: 0
datanode_3  | 2019-10-18 12:17:59,725 INFO server.RaftServerConfigKeys: raft.server.log.appender.install.snapshot.enabled = false (custom)
datanode_1  | 2019-10-18 12:17:59,708 INFO impl.RaftServerImpl: 64576b0e-4f1b-4e35-8dfe-1fe5e3bc0292@group-3A1452D99218: ConfigurationManager, init=-1: [2a29ca34-0a67-4861-a35c-fa2d702d7396:172.18.0.6:9858, 64576b0e-4f1b-4e35-8dfe-1fe5e3bc0292:172.18.0.7:9858, ceadba18-0218-482b-9355-7759602ba2e4:172.18.0.5:9858], old=null, confs=<EMPTY_MAP>
s3g_1       | 	at org.glassfish.jersey.internal.Errors.process(Errors.java:298)
om_1        | 	at org.apache.hadoop.ipc.Server$RpcCall.run(Server.java:876)
scm_1       | 2019-10-18 12:22:57,939 INFO block.BlockManagerImpl: Deleting blocks conID: 4 locID: 102983358627315864 bcsId: 0
datanode_2  | 2019-10-18 12:17:59,724 INFO server.RaftServerConfigKeys: raft.server.rpc.timeout.max = 5200ms (custom)
datanode_3  | 2019-10-18 12:17:59,725 INFO impl.RaftServerImpl: ceadba18-0218-482b-9355-7759602ba2e4@group-3A1452D99218: ConfigurationManager, init=-1: [2a29ca34-0a67-4861-a35c-fa2d702d7396:172.18.0.6:9858, 64576b0e-4f1b-4e35-8dfe-1fe5e3bc0292:172.18.0.7:9858, ceadba18-0218-482b-9355-7759602ba2e4:172.18.0.5:9858], old=null, confs=<EMPTY_MAP>
datanode_1  | 2019-10-18 12:17:59,708 INFO server.RaftServerConfigKeys: raft.server.storage.dir = [/data/metadata/ratis] (custom)
s3g_1       | 	at org.glassfish.jersey.internal.Errors.process(Errors.java:268)
om_1        | 	at org.apache.hadoop.ipc.Server$RpcCall.run(Server.java:822)
