datanode_1  | 2019-10-04 17:27:51 INFO  RaftServerConfigKeys:43 - raft.server.log.use.memory = false (default)
datanode_3  | 2019-10-04 17:27:52 INFO  RaftServerConfigKeys:43 - raft.server.log.appender.buffer.byte-limit = 33554432 (custom)
om_1        | 2019-10-04 17:27:53 INFO  ContextHandler:781 - Started o.e.j.s.ServletContextHandler@6614bd4b{/logs,file:///var/log/hadoop/,AVAILABLE}
scm_1       | 2019-10-04 17:27:48 INFO  Server:1314 - IPC Server Responder: starting
datanode_1  | 2019-10-04 17:27:51 INFO  RaftServerConfigKeys:43 - raft.server.log.purge.gap = 1000000 (custom)
datanode_3  | 2019-10-04 17:27:52 INFO  RaftServerConfigKeys:43 - raft.server.log.segment.size.max = 1048576 (custom)
om_1        | 2019-10-04 17:27:53 INFO  ContextHandler:781 - Started o.e.j.s.ServletContextHandler@196ae579{/static,jar:file:/opt/hadoop/share/ozone/lib/hadoop-ozone-ozone-manager-0.5.0-SNAPSHOT.jar!/webapps/static,AVAILABLE}
datanode_2  | 2019-10-04 17:27:52 INFO  RaftServerConfigKeys:43 - raft.server.log.purge.gap = 1000000 (custom)
scm_1       | 2019-10-04 17:27:48 INFO  Server:1153 - IPC Server listener on 9863: starting
datanode_1  | 2019-10-04 17:27:51 INFO  RaftServerConfigKeys:43 - raft.server.log.appender.buffer.byte-limit = 33554432 (custom)
datanode_3  | 2019-10-04 17:27:52 WARN  MetricsSystemImpl:151 - HddsDatanode metrics system already initialized!
om_1        | 2019-10-04 17:27:53 INFO  ContextHandler:781 - Started o.e.j.w.WebAppContext@44af588b{/,file:///tmp/jetty-0.0.0.0-9874-ozoneManager-_-any-5559128392276827189.dir/webapp/,AVAILABLE}{/ozoneManager}
datanode_2  | 2019-10-04 17:27:52 INFO  RaftServerConfigKeys:43 - raft.server.log.appender.buffer.byte-limit = 33554432 (custom)
scm_1       | 2019-10-04 17:27:48 INFO  StorageContainerManager:784 - ScmDatanodeProtocl RPC server is listening at /0.0.0.0:9861
datanode_1  | 2019-10-04 17:27:51 INFO  RaftServerConfigKeys:43 - raft.server.log.segment.size.max = 1048576 (custom)
datanode_3  | 2019-10-04 17:27:52 INFO  MetricRegistries:64 - Loaded MetricRegistries class org.apache.ratis.metrics.impl.MetricRegistriesImpl
om_1        | 2019-10-04 17:27:53 INFO  AbstractConnector:278 - Started ServerConnector@332bcab0{HTTP/1.1,[http/1.1]}{0.0.0.0:9874}
datanode_2  | 2019-10-04 17:27:52 INFO  RaftServerConfigKeys:43 - raft.server.log.segment.size.max = 1048576 (custom)
scm_1       | 2019-10-04 17:27:48 INFO  SCMDatanodeProtocolServer:169 - RPC server for DataNodes is listening at /0.0.0.0:9861
datanode_1  | 2019-10-04 17:27:51 WARN  MetricsSystemImpl:151 - HddsDatanode metrics system already initialized!
datanode_3  | 2019-10-04 17:27:52 INFO  RaftServerConfigKeys:43 - raft.server.log.segment.cache.num.max = 2 (custom)
om_1        | 2019-10-04 17:27:53 INFO  Server:419 - Started @4118ms
datanode_2  | 2019-10-04 17:27:52 WARN  MetricsSystemImpl:151 - HddsDatanode metrics system already initialized!
scm_1       | 2019-10-04 17:27:48 INFO  Server:1314 - IPC Server Responder: starting
datanode_1  | 2019-10-04 17:27:51 INFO  MetricRegistries:64 - Loaded MetricRegistries class org.apache.ratis.metrics.impl.MetricRegistriesImpl
datanode_3  | 2019-10-04 17:27:52 INFO  SegmentedRaftLogWorker:173 - new 004501fc-155a-478c-90e8-9a9c96d22d24@group-4B67D27F765A-SegmentedRaftLogWorker for RaftStorage:Storage Directory /data/metadata/ratis/249efa70-5949-4637-97a7-4b67d27f765a
om_1        | 2019-10-04 17:27:53 INFO  MetricsSinkAdapter:204 - Sink prometheus started
datanode_2  | 2019-10-04 17:27:52 INFO  MetricRegistries:64 - Loaded MetricRegistries class org.apache.ratis.metrics.impl.MetricRegistriesImpl
scm_1       | 2019-10-04 17:27:48 INFO  Server:1153 - IPC Server listener on 9861: starting
datanode_1  | 2019-10-04 17:27:51 INFO  RaftServerConfigKeys:43 - raft.server.log.segment.cache.num.max = 2 (custom)
om_1        | 2019-10-04 17:27:53 INFO  MetricsSystemImpl:301 - Registered sink prometheus
datanode_3  | 2019-10-04 17:27:52 INFO  RaftServerConfigKeys:43 - raft.server.log.queue.byte-limit = 2147483647 (custom)
datanode_2  | 2019-10-04 17:27:52 INFO  RaftServerConfigKeys:43 - raft.server.log.segment.cache.num.max = 2 (custom)
scm_1       | 2019-10-04 17:27:48 INFO  HttpServer2:1191 - Jetty bound to port 9876
datanode_1  | 2019-10-04 17:27:51 INFO  SegmentedRaftLogWorker:173 - new 1120212d-8f2c-42fd-b507-07e9c86c3bcf@group-501D1E39B86D-SegmentedRaftLogWorker for RaftStorage:Storage Directory /data/metadata/ratis/69d6f467-f76e-4378-8ef2-501d1e39b86d
datanode_3  | 2019-10-04 17:27:52 INFO  RaftServerConfigKeys:43 - raft.server.log.queue.element-limit = 1024 (custom)
datanode_2  | 2019-10-04 17:27:52 INFO  SegmentedRaftLogWorker:173 - new 8911ee66-a7a5-476f-aaa3-9a75ba928eca@group-133BE75BBBC1-SegmentedRaftLogWorker for RaftStorage:Storage Directory /data/metadata/ratis/4eecb236-58c6-4d55-adf9-133be75bbbc1
om_1        | 2019-10-04 17:27:53 INFO  BaseHttpServer:215 - HTTP server of OZONEMANAGER is listening at http://0.0.0.0:9874
scm_1       | 2019-10-04 17:27:48 INFO  Server:351 - jetty-9.3.25.v20180904, build timestamp: 2018-09-04T21:11:46Z, git hash: 3ce520221d0240229c862b122d2b06c12a625732
datanode_1  | 2019-10-04 17:27:51 INFO  RaftServerConfigKeys:43 - raft.server.log.queue.byte-limit = 2147483647 (custom)
datanode_3  | 2019-10-04 17:27:52 INFO  RaftServerConfigKeys:43 - raft.server.log.segment.size.max = 1048576 (custom)
datanode_2  | 2019-10-04 17:27:52 INFO  RaftServerConfigKeys:43 - raft.server.log.queue.byte-limit = 2147483647 (custom)
om_1        | 2019-10-04 17:28:06 INFO  OMVolumeCreateRequest:193 - created volume:vol-0-33230 for user:hadoop
scm_1       | 2019-10-04 17:27:48 INFO  ContextHandler:781 - Started o.e.j.s.ServletContextHandler@153d4abb{/logs,file:///var/log/hadoop/,AVAILABLE}
datanode_1  | 2019-10-04 17:27:51 INFO  RaftServerConfigKeys:43 - raft.server.log.queue.element-limit = 1024 (custom)
datanode_2  | 2019-10-04 17:27:52 INFO  RaftServerConfigKeys:43 - raft.server.log.queue.element-limit = 1024 (custom)
om_1        | 2019-10-04 17:28:06 INFO  OMVolumeCreateRequest:193 - created volume:vol-1-76863 for user:hadoop
scm_1       | 2019-10-04 17:27:48 INFO  ContextHandler:781 - Started o.e.j.s.ServletContextHandler@64bfd6fd{/static,jar:file:/opt/hadoop/share/ozone/lib/hadoop-hdds-server-scm-0.5.0-SNAPSHOT.jar!/webapps/static,AVAILABLE}
datanode_3  | 2019-10-04 17:27:52 INFO  RaftServerConfigKeys:43 - raft.server.log.preallocated.size = 16384 (custom)
datanode_1  | 2019-10-04 17:27:51 INFO  RaftServerConfigKeys:43 - raft.server.log.segment.size.max = 1048576 (custom)
datanode_2  | 2019-10-04 17:27:52 INFO  RaftServerConfigKeys:43 - raft.server.log.segment.size.max = 1048576 (custom)
om_1        | 2019-10-04 17:28:06 INFO  OMVolumeCreateRequest:193 - created volume:vol-2-09897 for user:hadoop
scm_1       | 2019-10-04 17:27:48 INFO  ContextHandler:781 - Started o.e.j.w.WebAppContext@290d10ef{/,file:///tmp/jetty-0.0.0.0-9876-scm-_-any-12058368046064420964.dir/webapp/,AVAILABLE}{/scm}
datanode_3  | 2019-10-04 17:27:52 INFO  RaftServerConfigKeys:43 - raft.server.log.write.buffer.size = 33554432 (custom)
datanode_1  | 2019-10-04 17:27:51 INFO  RaftServerConfigKeys:43 - raft.server.log.preallocated.size = 16384 (custom)
om_1        | 2019-10-04 17:28:06 INFO  OMVolumeCreateRequest:193 - created volume:vol-3-61614 for user:hadoop
datanode_2  | 2019-10-04 17:27:52 INFO  RaftServerConfigKeys:43 - raft.server.log.preallocated.size = 16384 (custom)
scm_1       | 2019-10-04 17:27:48 INFO  AbstractConnector:278 - Started ServerConnector@64984b0f{HTTP/1.1,[http/1.1]}{0.0.0.0:9876}
datanode_3  | 2019-10-04 17:27:52 INFO  RaftServerConfigKeys:43 - raft.server.log.force.sync.num = 128 (default)
datanode_1  | 2019-10-04 17:27:51 INFO  RaftServerConfigKeys:43 - raft.server.log.write.buffer.size = 33554432 (custom)
datanode_2  | 2019-10-04 17:27:52 INFO  RaftServerConfigKeys:43 - raft.server.log.write.buffer.size = 33554432 (custom)
om_1        | 2019-10-04 17:28:06 INFO  OMVolumeCreateRequest:193 - created volume:vol-4-55890 for user:hadoop
scm_1       | 2019-10-04 17:27:48 INFO  Server:419 - Started @3501ms
datanode_3  | 2019-10-04 17:27:52 INFO  RaftServerConfigKeys:43 - raft.server.log.statemachine.data.sync = true (default)
datanode_1  | 2019-10-04 17:27:51 INFO  RaftServerConfigKeys:43 - raft.server.log.force.sync.num = 128 (default)
datanode_2  | 2019-10-04 17:27:52 INFO  RaftServerConfigKeys:43 - raft.server.log.force.sync.num = 128 (default)
scm_1       | 2019-10-04 17:27:48 INFO  MetricsSinkAdapter:204 - Sink prometheus started
datanode_3  | 2019-10-04 17:27:52 INFO  RaftServerConfigKeys:43 - raft.server.log.statemachine.data.sync.timeout = 10s (default)
datanode_1  | 2019-10-04 17:27:51 INFO  RaftServerConfigKeys:43 - raft.server.log.statemachine.data.sync = true (default)
datanode_2  | 2019-10-04 17:27:52 INFO  RaftServerConfigKeys:43 - raft.server.log.statemachine.data.sync = true (default)
scm_1       | 2019-10-04 17:27:48 INFO  MetricsSystemImpl:301 - Registered sink prometheus
datanode_3  | 2019-10-04 17:27:52 INFO  RaftServerConfigKeys:43 - raft.server.log.statemachine.data.sync.timeout.retry = -1 (default)
datanode_2  | 2019-10-04 17:27:52 INFO  RaftServerConfigKeys:43 - raft.server.log.statemachine.data.sync.timeout = 10s (default)
datanode_1  | 2019-10-04 17:27:51 INFO  RaftServerConfigKeys:43 - raft.server.log.statemachine.data.sync.timeout = 10s (default)
datanode_3  | 2019-10-04 17:27:52 INFO  RaftServerConfigKeys:43 - raft.server.log.statemachine.data.caching.enabled = true (custom)
scm_1       | 2019-10-04 17:27:48 INFO  BaseHttpServer:215 - HTTP server of SCM is listening at http://0.0.0.0:9876
datanode_2  | 2019-10-04 17:27:52 INFO  RaftServerConfigKeys:43 - raft.server.log.statemachine.data.sync.timeout.retry = -1 (default)
datanode_1  | 2019-10-04 17:27:51 INFO  RaftServerConfigKeys:43 - raft.server.log.statemachine.data.sync.timeout.retry = -1 (default)
datanode_3  | 2019-10-04 17:27:52 INFO  SegmentedRaftLogWorker:128 - 004501fc-155a-478c-90e8-9a9c96d22d24@group-4B67D27F765A-SegmentedRaftLogWorker: flushIndex: setUnconditionally 0 -> -1
scm_1       | 2019-10-04 17:27:48 INFO  JvmPauseMonitor:188 - Starting JVM pause monitor
datanode_2  | 2019-10-04 17:27:52 INFO  RaftServerConfigKeys:43 - raft.server.log.statemachine.data.caching.enabled = true (custom)
datanode_3  | 2019-10-04 17:27:52 INFO  RaftServerConfigKeys:43 - raft.server.snapshot.auto.trigger.enabled = true (custom)
datanode_1  | 2019-10-04 17:27:51 INFO  RaftServerConfigKeys:43 - raft.server.log.statemachine.data.caching.enabled = true (custom)
datanode_2  | 2019-10-04 17:27:52 INFO  SegmentedRaftLogWorker:128 - 8911ee66-a7a5-476f-aaa3-9a75ba928eca@group-133BE75BBBC1-SegmentedRaftLogWorker: flushIndex: setUnconditionally 0 -> -1
scm_1       | 2019-10-04 17:27:50 INFO  NetworkTopology:111 - Added a new node: /default-rack/1120212d-8f2c-42fd-b507-07e9c86c3bcf
datanode_3  | 2019-10-04 17:27:52 INFO  RaftServerConfigKeys:43 - raft.server.snapshot.auto.trigger.threshold = 10000 (custom)
datanode_1  | 2019-10-04 17:27:51 INFO  SegmentedRaftLogWorker:128 - 1120212d-8f2c-42fd-b507-07e9c86c3bcf@group-501D1E39B86D-SegmentedRaftLogWorker: flushIndex: setUnconditionally 0 -> -1
datanode_2  | 2019-10-04 17:27:52 INFO  RaftServerConfigKeys:43 - raft.server.snapshot.auto.trigger.enabled = true (custom)
datanode_3  | 2019-10-04 17:27:52 INFO  RaftServerConfigKeys:43 - raft.server.snapshot.retention.file.num = 5 (custom)
datanode_1  | 2019-10-04 17:27:51 INFO  RaftServerConfigKeys:43 - raft.server.snapshot.auto.trigger.enabled = true (custom)
datanode_2  | 2019-10-04 17:27:52 INFO  RaftServerConfigKeys:43 - raft.server.snapshot.auto.trigger.threshold = 10000 (custom)
scm_1       | 2019-10-04 17:27:50 INFO  SCMNodeManager:268 - Registered Data node : 1120212d-8f2c-42fd-b507-07e9c86c3bcf{ip: 172.18.0.4, host: ozone_datanode_1.ozone_default, networkLocation: /default-rack, certSerialId: null}
datanode_3  | 2019-10-04 17:27:52 INFO  RaftServerConfigKeys:43 - raft.server.retrycache.expirytime = 600000ms (custom)
datanode_1  | 2019-10-04 17:27:51 INFO  RaftServerConfigKeys:43 - raft.server.snapshot.auto.trigger.threshold = 10000 (custom)
datanode_2  | 2019-10-04 17:27:52 INFO  RaftServerConfigKeys:43 - raft.server.snapshot.retention.file.num = 5 (custom)
scm_1       | 2019-10-04 17:27:50 INFO  SCMSafeModeManager:71 - SCM in safe mode. 1 DataNodes registered, 1 required.
datanode_3  | 2019-10-04 17:27:52 INFO  RaftServerImpl:181 - 004501fc-155a-478c-90e8-9a9c96d22d24@group-4B67D27F765A: start as a follower, conf=-1: [004501fc-155a-478c-90e8-9a9c96d22d24:172.18.0.6:9858], old=null
datanode_1  | 2019-10-04 17:27:51 INFO  RaftServerConfigKeys:43 - raft.server.snapshot.retention.file.num = 5 (custom)
datanode_2  | 2019-10-04 17:27:52 INFO  RaftServerConfigKeys:43 - raft.server.retrycache.expirytime = 600000ms (custom)
scm_1       | 2019-10-04 17:27:50 INFO  SCMSafeModeManager:177 - ScmSafeModeManager, all rules are successfully validated
datanode_3  | 2019-10-04 17:27:52 INFO  RaftServerImpl:170 - 004501fc-155a-478c-90e8-9a9c96d22d24@group-4B67D27F765A: changes role from      null to FOLLOWER at term 0 for startAsFollower
datanode_1  | 2019-10-04 17:27:51 INFO  RaftServerConfigKeys:43 - raft.server.retrycache.expirytime = 600000ms (custom)
datanode_2  | 2019-10-04 17:27:52 INFO  RaftServerImpl:181 - 8911ee66-a7a5-476f-aaa3-9a75ba928eca@group-133BE75BBBC1: start as a follower, conf=-1: [8911ee66-a7a5-476f-aaa3-9a75ba928eca:172.18.0.3:9858], old=null
scm_1       | 2019-10-04 17:27:50 INFO  SCMSafeModeManager:193 - SCM exiting safe mode.
datanode_3  | 2019-10-04 17:27:52 INFO  RoleInfo:143 - 004501fc-155a-478c-90e8-9a9c96d22d24: start FollowerState
datanode_1  | 2019-10-04 17:27:51 INFO  RaftServerImpl:181 - 1120212d-8f2c-42fd-b507-07e9c86c3bcf@group-501D1E39B86D: start as a follower, conf=-1: [1120212d-8f2c-42fd-b507-07e9c86c3bcf:172.18.0.4:9858], old=null
datanode_2  | 2019-10-04 17:27:52 INFO  RaftServerImpl:170 - 8911ee66-a7a5-476f-aaa3-9a75ba928eca@group-133BE75BBBC1: changes role from      null to FOLLOWER at term 0 for startAsFollower
datanode_3  | 2019-10-04 17:27:52 INFO  JmxRegister:44 - Successfully registered JMX Bean with object name Ratis:service=RaftServer,group=group-4B67D27F765A,id=004501fc-155a-478c-90e8-9a9c96d22d24
scm_1       | 2019-10-04 17:27:50 INFO  NetworkTopology:111 - Added a new node: /default-rack/8911ee66-a7a5-476f-aaa3-9a75ba928eca
datanode_1  | 2019-10-04 17:27:51 INFO  RaftServerImpl:170 - 1120212d-8f2c-42fd-b507-07e9c86c3bcf@group-501D1E39B86D: changes role from      null to FOLLOWER at term 0 for startAsFollower
datanode_2  | 2019-10-04 17:27:52 INFO  RoleInfo:143 - 8911ee66-a7a5-476f-aaa3-9a75ba928eca: start FollowerState
datanode_3  | 2019-10-04 17:27:52 INFO  RaftServerProxy:89 - 004501fc-155a-478c-90e8-9a9c96d22d24: addNew group-4E7780CEAB03:[8911ee66-a7a5-476f-aaa3-9a75ba928eca:172.18.0.3:9858, 1120212d-8f2c-42fd-b507-07e9c86c3bcf:172.18.0.4:9858, 004501fc-155a-478c-90e8-9a9c96d22d24:172.18.0.6:9858] returns group-4E7780CEAB03:java.util.concurrent.CompletableFuture@454d7979[Not completed]
scm_1       | 2019-10-04 17:27:50 INFO  SCMNodeManager:268 - Registered Data node : 8911ee66-a7a5-476f-aaa3-9a75ba928eca{ip: 172.18.0.3, host: ozone_datanode_2.ozone_default, networkLocation: /default-rack, certSerialId: null}
datanode_1  | 2019-10-04 17:27:51 INFO  RoleInfo:143 - 1120212d-8f2c-42fd-b507-07e9c86c3bcf: start FollowerState
datanode_2  | 2019-10-04 17:27:52 INFO  JmxRegister:44 - Successfully registered JMX Bean with object name Ratis:service=RaftServer,group=group-133BE75BBBC1,id=8911ee66-a7a5-476f-aaa3-9a75ba928eca
datanode_3  | 2019-10-04 17:27:52 INFO  RaftServerImpl:95 - 004501fc-155a-478c-90e8-9a9c96d22d24: new RaftServerImpl for group-4E7780CEAB03:[8911ee66-a7a5-476f-aaa3-9a75ba928eca:172.18.0.3:9858, 1120212d-8f2c-42fd-b507-07e9c86c3bcf:172.18.0.4:9858, 004501fc-155a-478c-90e8-9a9c96d22d24:172.18.0.6:9858] with ContainerStateMachine:uninitialized
scm_1       | 2019-10-04 17:27:50 INFO  NetworkTopology:111 - Added a new node: /default-rack/004501fc-155a-478c-90e8-9a9c96d22d24
datanode_1  | 2019-10-04 17:27:51 INFO  JmxRegister:44 - Successfully registered JMX Bean with object name Ratis:service=RaftServer,group=group-501D1E39B86D,id=1120212d-8f2c-42fd-b507-07e9c86c3bcf
datanode_2  | 2019-10-04 17:27:52 INFO  RaftServerProxy:89 - 8911ee66-a7a5-476f-aaa3-9a75ba928eca: addNew group-4E7780CEAB03:[8911ee66-a7a5-476f-aaa3-9a75ba928eca:172.18.0.3:9858, 1120212d-8f2c-42fd-b507-07e9c86c3bcf:172.18.0.4:9858, 004501fc-155a-478c-90e8-9a9c96d22d24:172.18.0.6:9858] returns group-4E7780CEAB03:java.util.concurrent.CompletableFuture@771b6bd3[Not completed]
datanode_3  | 2019-10-04 17:27:52 INFO  RaftServerConfigKeys:43 - raft.server.rpc.timeout.min = 5s (custom)
scm_1       | 2019-10-04 17:27:50 INFO  SCMNodeManager:268 - Registered Data node : 004501fc-155a-478c-90e8-9a9c96d22d24{ip: 172.18.0.6, host: ozone_datanode_3.ozone_default, networkLocation: /default-rack, certSerialId: null}
datanode_1  | 2019-10-04 17:27:52 INFO  RaftServerProxy:89 - 1120212d-8f2c-42fd-b507-07e9c86c3bcf: addNew group-4E7780CEAB03:[8911ee66-a7a5-476f-aaa3-9a75ba928eca:172.18.0.3:9858, 1120212d-8f2c-42fd-b507-07e9c86c3bcf:172.18.0.4:9858, 004501fc-155a-478c-90e8-9a9c96d22d24:172.18.0.6:9858] returns group-4E7780CEAB03:java.util.concurrent.CompletableFuture@36003228[Not completed]
datanode_2  | 2019-10-04 17:27:52 INFO  RaftServerImpl:95 - 8911ee66-a7a5-476f-aaa3-9a75ba928eca: new RaftServerImpl for group-4E7780CEAB03:[8911ee66-a7a5-476f-aaa3-9a75ba928eca:172.18.0.3:9858, 1120212d-8f2c-42fd-b507-07e9c86c3bcf:172.18.0.4:9858, 004501fc-155a-478c-90e8-9a9c96d22d24:172.18.0.6:9858] with ContainerStateMachine:uninitialized
datanode_3  | 2019-10-04 17:27:52 INFO  RaftServerConfigKeys:43 - raft.server.rpc.timeout.max = 5200ms (custom)
scm_1       | WARNING: An illegal reflective access operation has occurred
datanode_1  | 2019-10-04 17:27:52 INFO  RaftServerImpl:95 - 1120212d-8f2c-42fd-b507-07e9c86c3bcf: new RaftServerImpl for group-4E7780CEAB03:[8911ee66-a7a5-476f-aaa3-9a75ba928eca:172.18.0.3:9858, 1120212d-8f2c-42fd-b507-07e9c86c3bcf:172.18.0.4:9858, 004501fc-155a-478c-90e8-9a9c96d22d24:172.18.0.6:9858] with ContainerStateMachine:uninitialized
datanode_2  | 2019-10-04 17:27:52 INFO  RaftServerConfigKeys:43 - raft.server.rpc.timeout.min = 5s (custom)
datanode_3  | 2019-10-04 17:27:52 INFO  RaftServerConfigKeys:43 - raft.server.rpcslowness.timeout = 120s (custom)
scm_1       | WARNING: Illegal reflective access by org.apache.ratis.thirdparty.com.google.protobuf.UnsafeUtil (file:/opt/hadoop/share/ozone/lib/ratis-thirdparty-misc-0.2.0.jar) to field java.nio.Buffer.address
datanode_1  | 2019-10-04 17:27:52 INFO  RaftServerConfigKeys:43 - raft.server.rpc.timeout.min = 5s (custom)
datanode_2  | 2019-10-04 17:27:52 INFO  RaftServerConfigKeys:43 - raft.server.rpc.timeout.max = 5200ms (custom)
datanode_3  | 2019-10-04 17:27:52 INFO  RaftServerConfigKeys:43 - raft.server.sleep.deviation.threshold = 300 (default)
scm_1       | WARNING: Please consider reporting this to the maintainers of org.apache.ratis.thirdparty.com.google.protobuf.UnsafeUtil
datanode_1  | 2019-10-04 17:27:52 INFO  RaftServerConfigKeys:43 - raft.server.rpc.timeout.max = 5200ms (custom)
datanode_2  | 2019-10-04 17:27:52 INFO  RaftServerConfigKeys:43 - raft.server.rpcslowness.timeout = 120s (custom)
scm_1       | WARNING: Use --illegal-access=warn to enable warnings of further illegal reflective access operations
datanode_3  | 2019-10-04 17:27:52 INFO  RaftServerConfigKeys:43 - raft.server.log.appender.install.snapshot.enabled = false (custom)
datanode_1  | 2019-10-04 17:27:52 INFO  RaftServerConfigKeys:43 - raft.server.rpcslowness.timeout = 120s (custom)
datanode_2  | 2019-10-04 17:27:52 INFO  RaftServerConfigKeys:43 - raft.server.sleep.deviation.threshold = 300 (default)
scm_1       | WARNING: All illegal access operations will be denied in a future release
datanode_1  | 2019-10-04 17:27:52 INFO  RaftServerConfigKeys:43 - raft.server.sleep.deviation.threshold = 300 (default)
datanode_3  | 2019-10-04 17:27:52 INFO  RaftServerImpl:103 - 004501fc-155a-478c-90e8-9a9c96d22d24@group-4E7780CEAB03: ConfigurationManager, init=-1: [8911ee66-a7a5-476f-aaa3-9a75ba928eca:172.18.0.3:9858, 1120212d-8f2c-42fd-b507-07e9c86c3bcf:172.18.0.4:9858, 004501fc-155a-478c-90e8-9a9c96d22d24:172.18.0.6:9858], old=null, confs=<EMPTY_MAP>
datanode_2  | 2019-10-04 17:27:52 INFO  RaftServerConfigKeys:43 - raft.server.log.appender.install.snapshot.enabled = false (custom)
scm_1       | 2019-10-04 17:27:51 INFO  PipelineStateManager:56 - Created pipeline Pipeline[ Id: 69d6f467-f76e-4378-8ef2-501d1e39b86d, Nodes: 1120212d-8f2c-42fd-b507-07e9c86c3bcf{ip: 172.18.0.4, host: ozone_datanode_1.ozone_default, networkLocation: /default-rack, certSerialId: null}, Type:RATIS, Factor:ONE, State:OPEN]
datanode_1  | 2019-10-04 17:27:52 INFO  RaftServerConfigKeys:43 - raft.server.log.appender.install.snapshot.enabled = false (custom)
datanode_3  | 2019-10-04 17:27:52 INFO  RaftServerConfigKeys:43 - raft.server.storage.dir = [/data/metadata/ratis] (custom)
datanode_2  | 2019-10-04 17:27:52 INFO  RaftServerImpl:103 - 8911ee66-a7a5-476f-aaa3-9a75ba928eca@group-4E7780CEAB03: ConfigurationManager, init=-1: [8911ee66-a7a5-476f-aaa3-9a75ba928eca:172.18.0.3:9858, 1120212d-8f2c-42fd-b507-07e9c86c3bcf:172.18.0.4:9858, 004501fc-155a-478c-90e8-9a9c96d22d24:172.18.0.6:9858], old=null, confs=<EMPTY_MAP>
scm_1       | 2019-10-04 17:27:52 INFO  PipelineStateManager:56 - Created pipeline Pipeline[ Id: 4eecb236-58c6-4d55-adf9-133be75bbbc1, Nodes: 8911ee66-a7a5-476f-aaa3-9a75ba928eca{ip: 172.18.0.3, host: ozone_datanode_2.ozone_default, networkLocation: /default-rack, certSerialId: null}, Type:RATIS, Factor:ONE, State:OPEN]
datanode_1  | 2019-10-04 17:27:52 INFO  RaftServerImpl:103 - 1120212d-8f2c-42fd-b507-07e9c86c3bcf@group-4E7780CEAB03: ConfigurationManager, init=-1: [8911ee66-a7a5-476f-aaa3-9a75ba928eca:172.18.0.3:9858, 1120212d-8f2c-42fd-b507-07e9c86c3bcf:172.18.0.4:9858, 004501fc-155a-478c-90e8-9a9c96d22d24:172.18.0.6:9858], old=null, confs=<EMPTY_MAP>
datanode_3  | 2019-10-04 17:27:52 INFO  RaftServerConfigKeys:43 - raft.server.log.corruption.policy = EXCEPTION (default)
datanode_2  | 2019-10-04 17:27:52 INFO  RaftServerConfigKeys:43 - raft.server.storage.dir = [/data/metadata/ratis] (custom)
scm_1       | 2019-10-04 17:27:52 INFO  PipelineStateManager:56 - Created pipeline Pipeline[ Id: 249efa70-5949-4637-97a7-4b67d27f765a, Nodes: 004501fc-155a-478c-90e8-9a9c96d22d24{ip: 172.18.0.6, host: ozone_datanode_3.ozone_default, networkLocation: /default-rack, certSerialId: null}, Type:RATIS, Factor:ONE, State:OPEN]
datanode_1  | 2019-10-04 17:27:52 INFO  RaftServerConfigKeys:43 - raft.server.storage.dir = [/data/metadata/ratis] (custom)
datanode_3  | 2019-10-04 17:27:52 INFO  RaftStorageDirectory:246 - The storage directory /data/metadata/ratis/98bce7bc-fa37-46c3-a6a7-4e7780ceab03 does not exist. Creating ...
datanode_2  | 2019-10-04 17:27:52 INFO  RaftServerConfigKeys:43 - raft.server.log.corruption.policy = EXCEPTION (default)
datanode_1  | 2019-10-04 17:27:52 INFO  RaftServerConfigKeys:43 - raft.server.log.corruption.policy = EXCEPTION (default)
scm_1       | 2019-10-04 17:27:53 INFO  PipelineStateManager:56 - Created pipeline Pipeline[ Id: 98bce7bc-fa37-46c3-a6a7-4e7780ceab03, Nodes: 1120212d-8f2c-42fd-b507-07e9c86c3bcf{ip: 172.18.0.4, host: ozone_datanode_1.ozone_default, networkLocation: /default-rack, certSerialId: null}8911ee66-a7a5-476f-aaa3-9a75ba928eca{ip: 172.18.0.3, host: ozone_datanode_2.ozone_default, networkLocation: /default-rack, certSerialId: null}004501fc-155a-478c-90e8-9a9c96d22d24{ip: 172.18.0.6, host: ozone_datanode_3.ozone_default, networkLocation: /default-rack, certSerialId: null}, Type:RATIS, Factor:THREE, State:OPEN]
datanode_2  | 2019-10-04 17:27:52 INFO  RaftStorageDirectory:246 - The storage directory /data/metadata/ratis/98bce7bc-fa37-46c3-a6a7-4e7780ceab03 does not exist. Creating ...
datanode_3  | 2019-10-04 17:27:53 INFO  RaftStorageDirectory:328 - Lock on /data/metadata/ratis/98bce7bc-fa37-46c3-a6a7-4e7780ceab03/in_use.lock acquired by nodename 7@779d3e940c41
datanode_1  | 2019-10-04 17:27:52 INFO  RaftStorageDirectory:246 - The storage directory /data/metadata/ratis/98bce7bc-fa37-46c3-a6a7-4e7780ceab03 does not exist. Creating ...
scm_1       | 2019-10-04 17:28:06 INFO  PipelineStateManager:56 - Created pipeline Pipeline[ Id: 49158fc8-0847-4fac-bb79-ad1e88b5a293, Nodes: 1120212d-8f2c-42fd-b507-07e9c86c3bcf{ip: 172.18.0.4, host: ozone_datanode_1.ozone_default, networkLocation: /default-rack, certSerialId: null}, Type:STAND_ALONE, Factor:ONE, State:OPEN]
datanode_2  | 2019-10-04 17:27:53 INFO  RaftStorageDirectory:328 - Lock on /data/metadata/ratis/98bce7bc-fa37-46c3-a6a7-4e7780ceab03/in_use.lock acquired by nodename 7@5a745bcc38a7
datanode_1  | 2019-10-04 17:27:53 INFO  RaftStorageDirectory:328 - Lock on /data/metadata/ratis/98bce7bc-fa37-46c3-a6a7-4e7780ceab03/in_use.lock acquired by nodename 7@6dd99e42e236
datanode_3  | 2019-10-04 17:27:53 INFO  RaftStorage:84 - Storage directory /data/metadata/ratis/98bce7bc-fa37-46c3-a6a7-4e7780ceab03 has been successfully formatted.
datanode_2  | 2019-10-04 17:27:53 INFO  RaftStorage:84 - Storage directory /data/metadata/ratis/98bce7bc-fa37-46c3-a6a7-4e7780ceab03 has been successfully formatted.
datanode_1  | 2019-10-04 17:27:53 INFO  RaftStorage:84 - Storage directory /data/metadata/ratis/98bce7bc-fa37-46c3-a6a7-4e7780ceab03 has been successfully formatted.
datanode_3  | 2019-10-04 17:27:53 INFO  ContainerStateMachine:230 - group-4E7780CEAB03: The snapshot info is null. Setting the last applied indexto:(t:0, i:~)
datanode_2  | 2019-10-04 17:27:53 INFO  ContainerStateMachine:230 - group-4E7780CEAB03: The snapshot info is null. Setting the last applied indexto:(t:0, i:~)
datanode_1  | 2019-10-04 17:27:53 INFO  ContainerStateMachine:230 - group-4E7780CEAB03: The snapshot info is null. Setting the last applied indexto:(t:0, i:~)
datanode_3  | 2019-10-04 17:27:53 INFO  RaftServerConfigKeys:43 - raft.server.notification.no-leader.timeout = 120s (custom)
datanode_2  | 2019-10-04 17:27:53 INFO  RaftServerConfigKeys:43 - raft.server.notification.no-leader.timeout = 120s (custom)
datanode_1  | 2019-10-04 17:27:53 INFO  RaftServerConfigKeys:43 - raft.server.notification.no-leader.timeout = 120s (custom)
datanode_3  | 2019-10-04 17:27:53 INFO  RaftServerConfigKeys:43 - raft.server.log.use.memory = false (default)
datanode_2  | 2019-10-04 17:27:53 INFO  RaftServerConfigKeys:43 - raft.server.log.use.memory = false (default)
datanode_1  | 2019-10-04 17:27:53 INFO  RaftServerConfigKeys:43 - raft.server.log.use.memory = false (default)
datanode_3  | 2019-10-04 17:27:53 INFO  RaftServerConfigKeys:43 - raft.server.log.purge.gap = 1000000 (custom)
datanode_2  | 2019-10-04 17:27:53 INFO  RaftServerConfigKeys:43 - raft.server.log.purge.gap = 1000000 (custom)
datanode_1  | 2019-10-04 17:27:53 INFO  RaftServerConfigKeys:43 - raft.server.log.purge.gap = 1000000 (custom)
datanode_3  | 2019-10-04 17:27:53 INFO  RaftServerConfigKeys:43 - raft.server.log.appender.buffer.byte-limit = 33554432 (custom)
datanode_2  | 2019-10-04 17:27:53 INFO  RaftServerConfigKeys:43 - raft.server.log.appender.buffer.byte-limit = 33554432 (custom)
datanode_1  | 2019-10-04 17:27:53 INFO  RaftServerConfigKeys:43 - raft.server.log.appender.buffer.byte-limit = 33554432 (custom)
datanode_3  | 2019-10-04 17:27:53 INFO  RaftServerConfigKeys:43 - raft.server.log.segment.size.max = 1048576 (custom)
datanode_1  | 2019-10-04 17:27:53 INFO  RaftServerConfigKeys:43 - raft.server.log.segment.size.max = 1048576 (custom)
datanode_2  | 2019-10-04 17:27:53 INFO  RaftServerConfigKeys:43 - raft.server.log.segment.size.max = 1048576 (custom)
datanode_3  | 2019-10-04 17:27:53 INFO  RaftServerConfigKeys:43 - raft.server.log.segment.cache.num.max = 2 (custom)
datanode_1  | 2019-10-04 17:27:53 INFO  RaftServerConfigKeys:43 - raft.server.log.segment.cache.num.max = 2 (custom)
datanode_2  | 2019-10-04 17:27:53 INFO  RaftServerConfigKeys:43 - raft.server.log.segment.cache.num.max = 2 (custom)
datanode_3  | 2019-10-04 17:27:53 INFO  SegmentedRaftLogWorker:173 - new 004501fc-155a-478c-90e8-9a9c96d22d24@group-4E7780CEAB03-SegmentedRaftLogWorker for RaftStorage:Storage Directory /data/metadata/ratis/98bce7bc-fa37-46c3-a6a7-4e7780ceab03
datanode_1  | 2019-10-04 17:27:53 INFO  SegmentedRaftLogWorker:173 - new 1120212d-8f2c-42fd-b507-07e9c86c3bcf@group-4E7780CEAB03-SegmentedRaftLogWorker for RaftStorage:Storage Directory /data/metadata/ratis/98bce7bc-fa37-46c3-a6a7-4e7780ceab03
datanode_3  | 2019-10-04 17:27:53 INFO  RaftServerConfigKeys:43 - raft.server.log.queue.byte-limit = 2147483647 (custom)
datanode_2  | 2019-10-04 17:27:53 INFO  SegmentedRaftLogWorker:173 - new 8911ee66-a7a5-476f-aaa3-9a75ba928eca@group-4E7780CEAB03-SegmentedRaftLogWorker for RaftStorage:Storage Directory /data/metadata/ratis/98bce7bc-fa37-46c3-a6a7-4e7780ceab03
datanode_1  | 2019-10-04 17:27:53 INFO  RaftServerConfigKeys:43 - raft.server.log.queue.byte-limit = 2147483647 (custom)
datanode_3  | 2019-10-04 17:27:53 INFO  RaftServerConfigKeys:43 - raft.server.log.queue.element-limit = 1024 (custom)
datanode_2  | 2019-10-04 17:27:53 INFO  RaftServerConfigKeys:43 - raft.server.log.queue.byte-limit = 2147483647 (custom)
datanode_1  | 2019-10-04 17:27:53 INFO  RaftServerConfigKeys:43 - raft.server.log.queue.element-limit = 1024 (custom)
datanode_2  | 2019-10-04 17:27:53 INFO  RaftServerConfigKeys:43 - raft.server.log.queue.element-limit = 1024 (custom)
datanode_3  | 2019-10-04 17:27:53 INFO  RaftServerConfigKeys:43 - raft.server.log.segment.size.max = 1048576 (custom)
datanode_1  | 2019-10-04 17:27:53 INFO  RaftServerConfigKeys:43 - raft.server.log.segment.size.max = 1048576 (custom)
datanode_2  | 2019-10-04 17:27:53 INFO  RaftServerConfigKeys:43 - raft.server.log.segment.size.max = 1048576 (custom)
datanode_3  | 2019-10-04 17:27:53 INFO  RaftServerConfigKeys:43 - raft.server.log.preallocated.size = 16384 (custom)
datanode_1  | 2019-10-04 17:27:53 INFO  RaftServerConfigKeys:43 - raft.server.log.preallocated.size = 16384 (custom)
datanode_2  | 2019-10-04 17:27:53 INFO  RaftServerConfigKeys:43 - raft.server.log.preallocated.size = 16384 (custom)
datanode_3  | 2019-10-04 17:27:53 INFO  RaftServerConfigKeys:43 - raft.server.log.write.buffer.size = 33554432 (custom)
datanode_1  | 2019-10-04 17:27:53 INFO  RaftServerConfigKeys:43 - raft.server.log.write.buffer.size = 33554432 (custom)
datanode_2  | 2019-10-04 17:27:53 INFO  RaftServerConfigKeys:43 - raft.server.log.write.buffer.size = 33554432 (custom)
datanode_3  | 2019-10-04 17:27:53 INFO  RaftServerConfigKeys:43 - raft.server.log.force.sync.num = 128 (default)
datanode_1  | 2019-10-04 17:27:53 INFO  RaftServerConfigKeys:43 - raft.server.log.force.sync.num = 128 (default)
datanode_2  | 2019-10-04 17:27:53 INFO  RaftServerConfigKeys:43 - raft.server.log.force.sync.num = 128 (default)
datanode_3  | 2019-10-04 17:27:53 INFO  RaftServerConfigKeys:43 - raft.server.log.statemachine.data.sync = true (default)
datanode_1  | 2019-10-04 17:27:53 INFO  RaftServerConfigKeys:43 - raft.server.log.statemachine.data.sync = true (default)
datanode_2  | 2019-10-04 17:27:53 INFO  RaftServerConfigKeys:43 - raft.server.log.statemachine.data.sync = true (default)
datanode_3  | 2019-10-04 17:27:53 INFO  RaftServerConfigKeys:43 - raft.server.log.statemachine.data.sync.timeout = 10s (default)
datanode_1  | 2019-10-04 17:27:53 INFO  RaftServerConfigKeys:43 - raft.server.log.statemachine.data.sync.timeout = 10s (default)
datanode_2  | 2019-10-04 17:27:53 INFO  RaftServerConfigKeys:43 - raft.server.log.statemachine.data.sync.timeout = 10s (default)
datanode_3  | 2019-10-04 17:27:53 INFO  RaftServerConfigKeys:43 - raft.server.log.statemachine.data.sync.timeout.retry = -1 (default)
datanode_1  | 2019-10-04 17:27:53 INFO  RaftServerConfigKeys:43 - raft.server.log.statemachine.data.sync.timeout.retry = -1 (default)
datanode_3  | 2019-10-04 17:27:53 INFO  RaftServerConfigKeys:43 - raft.server.log.statemachine.data.caching.enabled = true (custom)
datanode_2  | 2019-10-04 17:27:53 INFO  RaftServerConfigKeys:43 - raft.server.log.statemachine.data.sync.timeout.retry = -1 (default)
datanode_1  | 2019-10-04 17:27:53 INFO  RaftServerConfigKeys:43 - raft.server.log.statemachine.data.caching.enabled = true (custom)
datanode_3  | 2019-10-04 17:27:53 INFO  SegmentedRaftLogWorker:128 - 004501fc-155a-478c-90e8-9a9c96d22d24@group-4E7780CEAB03-SegmentedRaftLogWorker: flushIndex: setUnconditionally 0 -> -1
datanode_2  | 2019-10-04 17:27:53 INFO  RaftServerConfigKeys:43 - raft.server.log.statemachine.data.caching.enabled = true (custom)
datanode_3  | 2019-10-04 17:27:53 INFO  RaftServerConfigKeys:43 - raft.server.snapshot.auto.trigger.enabled = true (custom)
datanode_2  | 2019-10-04 17:27:53 INFO  SegmentedRaftLogWorker:128 - 8911ee66-a7a5-476f-aaa3-9a75ba928eca@group-4E7780CEAB03-SegmentedRaftLogWorker: flushIndex: setUnconditionally 0 -> -1
datanode_3  | 2019-10-04 17:27:53 INFO  RaftServerConfigKeys:43 - raft.server.snapshot.auto.trigger.threshold = 10000 (custom)
datanode_1  | 2019-10-04 17:27:53 INFO  SegmentedRaftLogWorker:128 - 1120212d-8f2c-42fd-b507-07e9c86c3bcf@group-4E7780CEAB03-SegmentedRaftLogWorker: flushIndex: setUnconditionally 0 -> -1
datanode_2  | 2019-10-04 17:27:53 INFO  RaftServerConfigKeys:43 - raft.server.snapshot.auto.trigger.enabled = true (custom)
datanode_1  | 2019-10-04 17:27:53 INFO  RaftServerConfigKeys:43 - raft.server.snapshot.auto.trigger.enabled = true (custom)
datanode_3  | 2019-10-04 17:27:53 INFO  RaftServerConfigKeys:43 - raft.server.snapshot.retention.file.num = 5 (custom)
datanode_2  | 2019-10-04 17:27:53 INFO  RaftServerConfigKeys:43 - raft.server.snapshot.auto.trigger.threshold = 10000 (custom)
datanode_1  | 2019-10-04 17:27:53 INFO  RaftServerConfigKeys:43 - raft.server.snapshot.auto.trigger.threshold = 10000 (custom)
datanode_3  | 2019-10-04 17:27:53 INFO  RaftServerConfigKeys:43 - raft.server.retrycache.expirytime = 600000ms (custom)
datanode_2  | 2019-10-04 17:27:53 INFO  RaftServerConfigKeys:43 - raft.server.snapshot.retention.file.num = 5 (custom)
datanode_1  | 2019-10-04 17:27:53 INFO  RaftServerConfigKeys:43 - raft.server.snapshot.retention.file.num = 5 (custom)
datanode_3  | 2019-10-04 17:27:53 INFO  RaftServerImpl:181 - 004501fc-155a-478c-90e8-9a9c96d22d24@group-4E7780CEAB03: start as a follower, conf=-1: [8911ee66-a7a5-476f-aaa3-9a75ba928eca:172.18.0.3:9858, 1120212d-8f2c-42fd-b507-07e9c86c3bcf:172.18.0.4:9858, 004501fc-155a-478c-90e8-9a9c96d22d24:172.18.0.6:9858], old=null
datanode_1  | 2019-10-04 17:27:53 INFO  RaftServerConfigKeys:43 - raft.server.retrycache.expirytime = 600000ms (custom)
datanode_2  | 2019-10-04 17:27:53 INFO  RaftServerConfigKeys:43 - raft.server.retrycache.expirytime = 600000ms (custom)
datanode_3  | 2019-10-04 17:27:53 INFO  RaftServerImpl:170 - 004501fc-155a-478c-90e8-9a9c96d22d24@group-4E7780CEAB03: changes role from      null to FOLLOWER at term 0 for startAsFollower
datanode_1  | 2019-10-04 17:27:53 INFO  RaftServerImpl:181 - 1120212d-8f2c-42fd-b507-07e9c86c3bcf@group-4E7780CEAB03: start as a follower, conf=-1: [8911ee66-a7a5-476f-aaa3-9a75ba928eca:172.18.0.3:9858, 1120212d-8f2c-42fd-b507-07e9c86c3bcf:172.18.0.4:9858, 004501fc-155a-478c-90e8-9a9c96d22d24:172.18.0.6:9858], old=null
datanode_2  | 2019-10-04 17:27:53 INFO  RaftServerImpl:181 - 8911ee66-a7a5-476f-aaa3-9a75ba928eca@group-4E7780CEAB03: start as a follower, conf=-1: [8911ee66-a7a5-476f-aaa3-9a75ba928eca:172.18.0.3:9858, 1120212d-8f2c-42fd-b507-07e9c86c3bcf:172.18.0.4:9858, 004501fc-155a-478c-90e8-9a9c96d22d24:172.18.0.6:9858], old=null
datanode_3  | 2019-10-04 17:27:53 INFO  RoleInfo:143 - 004501fc-155a-478c-90e8-9a9c96d22d24: start FollowerState
datanode_1  | 2019-10-04 17:27:53 INFO  RaftServerImpl:170 - 1120212d-8f2c-42fd-b507-07e9c86c3bcf@group-4E7780CEAB03: changes role from      null to FOLLOWER at term 0 for startAsFollower
datanode_2  | 2019-10-04 17:27:53 INFO  RaftServerImpl:170 - 8911ee66-a7a5-476f-aaa3-9a75ba928eca@group-4E7780CEAB03: changes role from      null to FOLLOWER at term 0 for startAsFollower
datanode_3  | 2019-10-04 17:27:53 INFO  JmxRegister:44 - Successfully registered JMX Bean with object name Ratis:service=RaftServer,group=group-4E7780CEAB03,id=004501fc-155a-478c-90e8-9a9c96d22d24
datanode_1  | 2019-10-04 17:27:53 INFO  RoleInfo:143 - 1120212d-8f2c-42fd-b507-07e9c86c3bcf: start FollowerState
datanode_2  | 2019-10-04 17:27:53 INFO  RoleInfo:143 - 8911ee66-a7a5-476f-aaa3-9a75ba928eca: start FollowerState
datanode_1  | 2019-10-04 17:27:53 INFO  JmxRegister:44 - Successfully registered JMX Bean with object name Ratis:service=RaftServer,group=group-4E7780CEAB03,id=1120212d-8f2c-42fd-b507-07e9c86c3bcf
datanode_3  | 2019-10-04 17:27:57 INFO  FollowerState:108 - 004501fc-155a-478c-90e8-9a9c96d22d24@group-4B67D27F765A-FollowerState: change to CANDIDATE, lastRpcTime:5193ms, electionTimeout:5193ms
datanode_2  | 2019-10-04 17:27:53 INFO  JmxRegister:44 - Successfully registered JMX Bean with object name Ratis:service=RaftServer,group=group-4E7780CEAB03,id=8911ee66-a7a5-476f-aaa3-9a75ba928eca
datanode_1  | 2019-10-04 17:27:56 INFO  FollowerState:108 - 1120212d-8f2c-42fd-b507-07e9c86c3bcf@group-501D1E39B86D-FollowerState: change to CANDIDATE, lastRpcTime:5064ms, electionTimeout:5064ms
datanode_3  | 2019-10-04 17:27:57 INFO  RoleInfo:121 - 004501fc-155a-478c-90e8-9a9c96d22d24: shutdown FollowerState
datanode_1  | 2019-10-04 17:27:56 INFO  RoleInfo:121 - 1120212d-8f2c-42fd-b507-07e9c86c3bcf: shutdown FollowerState
datanode_2  | 2019-10-04 17:27:57 INFO  FollowerState:108 - 8911ee66-a7a5-476f-aaa3-9a75ba928eca@group-133BE75BBBC1-FollowerState: change to CANDIDATE, lastRpcTime:5140ms, electionTimeout:5139ms
datanode_3  | 2019-10-04 17:27:57 INFO  RaftServerImpl:170 - 004501fc-155a-478c-90e8-9a9c96d22d24@group-4B67D27F765A: changes role from  FOLLOWER to CANDIDATE at term 0 for changeToCandidate
datanode_1  | 2019-10-04 17:27:56 INFO  RaftServerImpl:170 - 1120212d-8f2c-42fd-b507-07e9c86c3bcf@group-501D1E39B86D: changes role from  FOLLOWER to CANDIDATE at term 0 for changeToCandidate
datanode_3  | 2019-10-04 17:27:57 INFO  RoleInfo:143 - 004501fc-155a-478c-90e8-9a9c96d22d24: start LeaderElection
datanode_1  | 2019-10-04 17:27:56 INFO  RoleInfo:143 - 1120212d-8f2c-42fd-b507-07e9c86c3bcf: start LeaderElection
datanode_3  | 2019-10-04 17:27:57 INFO  LeaderElection:178 - 004501fc-155a-478c-90e8-9a9c96d22d24@group-4B67D27F765A-LeaderElection1: begin an election at term 1 for -1: [004501fc-155a-478c-90e8-9a9c96d22d24:172.18.0.6:9858], old=null
datanode_2  | 2019-10-04 17:27:57 INFO  RoleInfo:121 - 8911ee66-a7a5-476f-aaa3-9a75ba928eca: shutdown FollowerState
datanode_1  | 2019-10-04 17:27:56 INFO  LeaderElection:178 - 1120212d-8f2c-42fd-b507-07e9c86c3bcf@group-501D1E39B86D-LeaderElection1: begin an election at term 1 for -1: [1120212d-8f2c-42fd-b507-07e9c86c3bcf:172.18.0.4:9858], old=null
datanode_3  | 2019-10-04 17:27:57 INFO  RoleInfo:134 - 004501fc-155a-478c-90e8-9a9c96d22d24: shutdown LeaderElection
datanode_1  | 2019-10-04 17:27:56 INFO  RoleInfo:134 - 1120212d-8f2c-42fd-b507-07e9c86c3bcf: shutdown LeaderElection
datanode_2  | 2019-10-04 17:27:57 INFO  RaftServerImpl:170 - 8911ee66-a7a5-476f-aaa3-9a75ba928eca@group-133BE75BBBC1: changes role from  FOLLOWER to CANDIDATE at term 0 for changeToCandidate
datanode_3  | 2019-10-04 17:27:57 INFO  RaftServerImpl:170 - 004501fc-155a-478c-90e8-9a9c96d22d24@group-4B67D27F765A: changes role from CANDIDATE to LEADER at term 1 for changeToLeader
datanode_1  | 2019-10-04 17:27:56 INFO  RaftServerImpl:170 - 1120212d-8f2c-42fd-b507-07e9c86c3bcf@group-501D1E39B86D: changes role from CANDIDATE to LEADER at term 1 for changeToLeader
datanode_2  | 2019-10-04 17:27:57 INFO  RoleInfo:143 - 8911ee66-a7a5-476f-aaa3-9a75ba928eca: start LeaderElection
datanode_3  | 2019-10-04 17:27:57 INFO  RaftServerImpl:255 - 004501fc-155a-478c-90e8-9a9c96d22d24@group-4B67D27F765A: change Leader from null to 004501fc-155a-478c-90e8-9a9c96d22d24 at term 1 for becomeLeader, leader elected after 5352ms
datanode_1  | 2019-10-04 17:27:56 INFO  RaftServerImpl:255 - 1120212d-8f2c-42fd-b507-07e9c86c3bcf@group-501D1E39B86D: change Leader from null to 1120212d-8f2c-42fd-b507-07e9c86c3bcf at term 1 for becomeLeader, leader elected after 5189ms
datanode_2  | 2019-10-04 17:27:57 INFO  LeaderElection:178 - 8911ee66-a7a5-476f-aaa3-9a75ba928eca@group-133BE75BBBC1-LeaderElection1: begin an election at term 1 for -1: [8911ee66-a7a5-476f-aaa3-9a75ba928eca:172.18.0.3:9858], old=null
datanode_3  | 2019-10-04 17:27:57 INFO  RaftServerConfigKeys:43 - raft.server.staging.catchup.gap = 1000 (default)
datanode_1  | 2019-10-04 17:27:56 INFO  RaftServerConfigKeys:43 - raft.server.staging.catchup.gap = 1000 (default)
datanode_3  | 2019-10-04 17:27:57 INFO  RaftServerConfigKeys:43 - raft.server.rpc.sleep.time = 25ms (default)
datanode_2  | 2019-10-04 17:27:57 INFO  RoleInfo:134 - 8911ee66-a7a5-476f-aaa3-9a75ba928eca: shutdown LeaderElection
datanode_1  | 2019-10-04 17:27:56 INFO  RaftServerConfigKeys:43 - raft.server.rpc.sleep.time = 25ms (default)
datanode_3  | 2019-10-04 17:27:57 INFO  RaftServerConfigKeys:43 - raft.server.write.element-limit = 4096 (default)
datanode_2  | 2019-10-04 17:27:57 INFO  RaftServerImpl:170 - 8911ee66-a7a5-476f-aaa3-9a75ba928eca@group-133BE75BBBC1: changes role from CANDIDATE to LEADER at term 1 for changeToLeader
datanode_1  | 2019-10-04 17:27:56 INFO  RaftServerConfigKeys:43 - raft.server.write.element-limit = 4096 (default)
datanode_3  | 2019-10-04 17:27:57 INFO  RaftServerConfigKeys:43 - raft.server.watch.timeout = 10s (default)
datanode_2  | 2019-10-04 17:27:57 INFO  RaftServerImpl:255 - 8911ee66-a7a5-476f-aaa3-9a75ba928eca@group-133BE75BBBC1: change Leader from null to 8911ee66-a7a5-476f-aaa3-9a75ba928eca at term 1 for becomeLeader, leader elected after 5297ms
datanode_1  | 2019-10-04 17:27:56 INFO  RaftServerConfigKeys:43 - raft.server.watch.timeout = 10s (default)
datanode_3  | 2019-10-04 17:27:57 INFO  RaftServerConfigKeys:43 - raft.server.watch.timeout.denomination = 1s (default)
datanode_1  | 2019-10-04 17:27:56 INFO  RaftServerConfigKeys:43 - raft.server.watch.timeout.denomination = 1s (default)
datanode_2  | 2019-10-04 17:27:57 INFO  RaftServerConfigKeys:43 - raft.server.staging.catchup.gap = 1000 (default)
datanode_3  | 2019-10-04 17:27:57 INFO  RaftServerConfigKeys:43 - raft.server.watch.element-limit = 65536 (default)
datanode_2  | 2019-10-04 17:27:57 INFO  RaftServerConfigKeys:43 - raft.server.rpc.sleep.time = 25ms (default)
datanode_1  | 2019-10-04 17:27:56 INFO  RaftServerConfigKeys:43 - raft.server.watch.element-limit = 65536 (default)
datanode_3  | 2019-10-04 17:27:57 INFO  RoleInfo:143 - 004501fc-155a-478c-90e8-9a9c96d22d24: start LeaderState
datanode_2  | 2019-10-04 17:27:57 INFO  RaftServerConfigKeys:43 - raft.server.write.element-limit = 4096 (default)
datanode_1  | 2019-10-04 17:27:56 INFO  RoleInfo:143 - 1120212d-8f2c-42fd-b507-07e9c86c3bcf: start LeaderState
datanode_3  | 2019-10-04 17:27:58 INFO  SegmentedRaftLogWorker:385 - 004501fc-155a-478c-90e8-9a9c96d22d24@group-4B67D27F765A-SegmentedRaftLogWorker: Starting segment from index:0
datanode_2  | 2019-10-04 17:27:57 INFO  RaftServerConfigKeys:43 - raft.server.watch.timeout = 10s (default)
datanode_1  | 2019-10-04 17:27:56 INFO  SegmentedRaftLogWorker:385 - 1120212d-8f2c-42fd-b507-07e9c86c3bcf@group-501D1E39B86D-SegmentedRaftLogWorker: Starting segment from index:0
datanode_3  | 2019-10-04 17:27:58 INFO  RaftServerImpl:356 - 004501fc-155a-478c-90e8-9a9c96d22d24@group-4B67D27F765A: set configuration 0: [004501fc-155a-478c-90e8-9a9c96d22d24:172.18.0.6:9858], old=null at 0
datanode_2  | 2019-10-04 17:27:57 INFO  RaftServerConfigKeys:43 - raft.server.watch.timeout.denomination = 1s (default)
datanode_3  | 2019-10-04 17:27:58 INFO  SegmentedRaftLogWorker:574 - 004501fc-155a-478c-90e8-9a9c96d22d24@group-4B67D27F765A-SegmentedRaftLogWorker: created new log segment /data/metadata/ratis/249efa70-5949-4637-97a7-4b67d27f765a/current/log_inprogress_0
datanode_1  | 2019-10-04 17:27:56 INFO  RaftServerImpl:356 - 1120212d-8f2c-42fd-b507-07e9c86c3bcf@group-501D1E39B86D: set configuration 0: [1120212d-8f2c-42fd-b507-07e9c86c3bcf:172.18.0.4:9858], old=null at 0
datanode_2  | 2019-10-04 17:27:57 INFO  RaftServerConfigKeys:43 - raft.server.watch.element-limit = 65536 (default)
datanode_3  | 2019-10-04 17:27:58 INFO  FollowerState:108 - 004501fc-155a-478c-90e8-9a9c96d22d24@group-4E7780CEAB03-FollowerState: change to CANDIDATE, lastRpcTime:5169ms, electionTimeout:5169ms
datanode_1  | 2019-10-04 17:27:56 INFO  SegmentedRaftLogWorker:574 - 1120212d-8f2c-42fd-b507-07e9c86c3bcf@group-501D1E39B86D-SegmentedRaftLogWorker: created new log segment /data/metadata/ratis/69d6f467-f76e-4378-8ef2-501d1e39b86d/current/log_inprogress_0
datanode_2  | 2019-10-04 17:27:57 INFO  RoleInfo:143 - 8911ee66-a7a5-476f-aaa3-9a75ba928eca: start LeaderState
datanode_3  | 2019-10-04 17:27:58 INFO  RoleInfo:121 - 004501fc-155a-478c-90e8-9a9c96d22d24: shutdown FollowerState
datanode_1  | 2019-10-04 17:27:58 INFO  FollowerState:108 - 1120212d-8f2c-42fd-b507-07e9c86c3bcf@group-4E7780CEAB03-FollowerState: change to CANDIDATE, lastRpcTime:5087ms, electionTimeout:5087ms
datanode_2  | 2019-10-04 17:27:57 INFO  SegmentedRaftLogWorker:385 - 8911ee66-a7a5-476f-aaa3-9a75ba928eca@group-133BE75BBBC1-SegmentedRaftLogWorker: Starting segment from index:0
datanode_3  | 2019-10-04 17:27:58 INFO  RaftServerImpl:170 - 004501fc-155a-478c-90e8-9a9c96d22d24@group-4E7780CEAB03: changes role from  FOLLOWER to CANDIDATE at term 0 for changeToCandidate
datanode_1  | 2019-10-04 17:27:58 INFO  RoleInfo:121 - 1120212d-8f2c-42fd-b507-07e9c86c3bcf: shutdown FollowerState
datanode_2  | 2019-10-04 17:27:57 INFO  RaftServerImpl:356 - 8911ee66-a7a5-476f-aaa3-9a75ba928eca@group-133BE75BBBC1: set configuration 0: [8911ee66-a7a5-476f-aaa3-9a75ba928eca:172.18.0.3:9858], old=null at 0
datanode_3  | 2019-10-04 17:27:58 INFO  RoleInfo:143 - 004501fc-155a-478c-90e8-9a9c96d22d24: start LeaderElection
datanode_1  | 2019-10-04 17:27:58 INFO  RaftServerImpl:170 - 1120212d-8f2c-42fd-b507-07e9c86c3bcf@group-4E7780CEAB03: changes role from  FOLLOWER to CANDIDATE at term 0 for changeToCandidate
datanode_2  | 2019-10-04 17:27:57 INFO  SegmentedRaftLogWorker:574 - 8911ee66-a7a5-476f-aaa3-9a75ba928eca@group-133BE75BBBC1-SegmentedRaftLogWorker: created new log segment /data/metadata/ratis/4eecb236-58c6-4d55-adf9-133be75bbbc1/current/log_inprogress_0
datanode_1  | 2019-10-04 17:27:58 INFO  RoleInfo:143 - 1120212d-8f2c-42fd-b507-07e9c86c3bcf: start LeaderElection
datanode_2  | 2019-10-04 17:27:58 INFO  FollowerState:108 - 8911ee66-a7a5-476f-aaa3-9a75ba928eca@group-4E7780CEAB03-FollowerState: change to CANDIDATE, lastRpcTime:5166ms, electionTimeout:5165ms
datanode_3  | 2019-10-04 17:27:58 INFO  LeaderElection:178 - 004501fc-155a-478c-90e8-9a9c96d22d24@group-4E7780CEAB03-LeaderElection2: begin an election at term 1 for -1: [8911ee66-a7a5-476f-aaa3-9a75ba928eca:172.18.0.3:9858, 1120212d-8f2c-42fd-b507-07e9c86c3bcf:172.18.0.4:9858, 004501fc-155a-478c-90e8-9a9c96d22d24:172.18.0.6:9858], old=null
datanode_1  | 2019-10-04 17:27:58 INFO  LeaderElection:178 - 1120212d-8f2c-42fd-b507-07e9c86c3bcf@group-4E7780CEAB03-LeaderElection2: begin an election at term 1 for -1: [8911ee66-a7a5-476f-aaa3-9a75ba928eca:172.18.0.3:9858, 1120212d-8f2c-42fd-b507-07e9c86c3bcf:172.18.0.4:9858, 004501fc-155a-478c-90e8-9a9c96d22d24:172.18.0.6:9858], old=null
datanode_2  | 2019-10-04 17:27:58 INFO  RoleInfo:121 - 8911ee66-a7a5-476f-aaa3-9a75ba928eca: shutdown FollowerState
datanode_3  | 2019-10-04 17:27:58 INFO  LeaderElection:56 - 004501fc-155a-478c-90e8-9a9c96d22d24@group-4E7780CEAB03-LeaderElection2: Election REJECTED; received 2 response(s) [004501fc-155a-478c-90e8-9a9c96d22d24<-8911ee66-a7a5-476f-aaa3-9a75ba928eca#0:FAIL-t1, 004501fc-155a-478c-90e8-9a9c96d22d24<-1120212d-8f2c-42fd-b507-07e9c86c3bcf#0:FAIL-t1] and 0 exception(s); 004501fc-155a-478c-90e8-9a9c96d22d24@group-4E7780CEAB03:t1, leader=null, voted=004501fc-155a-478c-90e8-9a9c96d22d24, raftlog=004501fc-155a-478c-90e8-9a9c96d22d24@group-4E7780CEAB03-SegmentedRaftLog:OPENED:c-1,f-1,i0, conf=-1: [8911ee66-a7a5-476f-aaa3-9a75ba928eca:172.18.0.3:9858, 1120212d-8f2c-42fd-b507-07e9c86c3bcf:172.18.0.4:9858, 004501fc-155a-478c-90e8-9a9c96d22d24:172.18.0.6:9858], old=null
datanode_1  | 2019-10-04 17:27:58 INFO  LeaderElection:56 - 1120212d-8f2c-42fd-b507-07e9c86c3bcf@group-4E7780CEAB03-LeaderElection2: Election REJECTED; received 2 response(s) [1120212d-8f2c-42fd-b507-07e9c86c3bcf<-8911ee66-a7a5-476f-aaa3-9a75ba928eca#0:FAIL-t1, 1120212d-8f2c-42fd-b507-07e9c86c3bcf<-004501fc-155a-478c-90e8-9a9c96d22d24#0:FAIL-t1] and 0 exception(s); 1120212d-8f2c-42fd-b507-07e9c86c3bcf@group-4E7780CEAB03:t1, leader=null, voted=1120212d-8f2c-42fd-b507-07e9c86c3bcf, raftlog=1120212d-8f2c-42fd-b507-07e9c86c3bcf@group-4E7780CEAB03-SegmentedRaftLog:OPENED:c-1,f-1,i0, conf=-1: [8911ee66-a7a5-476f-aaa3-9a75ba928eca:172.18.0.3:9858, 1120212d-8f2c-42fd-b507-07e9c86c3bcf:172.18.0.4:9858, 004501fc-155a-478c-90e8-9a9c96d22d24:172.18.0.6:9858], old=null
datanode_2  | 2019-10-04 17:27:58 INFO  RaftServerImpl:170 - 8911ee66-a7a5-476f-aaa3-9a75ba928eca@group-4E7780CEAB03: changes role from  FOLLOWER to CANDIDATE at term 0 for changeToCandidate
datanode_3  | 2019-10-04 17:27:58 INFO  RaftServerImpl:170 - 004501fc-155a-478c-90e8-9a9c96d22d24@group-4E7780CEAB03: changes role from CANDIDATE to FOLLOWER at term 1 for DISCOVERED_A_NEW_TERM
datanode_1  | 2019-10-04 17:27:58 INFO  RaftServerImpl:170 - 1120212d-8f2c-42fd-b507-07e9c86c3bcf@group-4E7780CEAB03: changes role from CANDIDATE to FOLLOWER at term 1 for DISCOVERED_A_NEW_TERM
