jhs         | 2019-10-21 22:57:42 INFO  Server:1314 - IPC Server Responder: starting
kms_1       | 	at java.lang.reflect.Method.invoke(Method.java:498)
nm_1        | 2019-10-21 22:57:45 INFO  AuxServices:103 - Adding auxiliary service mapreduce_shuffle, "mapreduce_shuffle"
om_1        | 2019-10-21 22:57:52,195 INFO client.OMCertificateClient: Added certificate from file:/data/metadata/om/certs/12045427385745622.crt.
datanode_2  | 2019-10-21 22:57:54,934 WARN impl.MetricsSystemImpl: HddsDatanode metrics system already initialized!
kdc_1       | Oct 21 22:57:05 kdc kadmind[15](Notice): Request: kadm5_init, admin/admin@EXAMPLE.COM, success, client=admin/admin@EXAMPLE.COM, service=kadmin/admin@EXAMPLE.COM, addr=127.0.0.1, vers=4, flavor=6
rm_1        | 2019-10-21 22:57:43 INFO  YarnAuthorizationProvider:58 - org.apache.hadoop.yarn.security.ConfiguredYarnAuthorizer is instantiated.
datanode_1  | 2019-10-21 22:57:54,352 INFO server.RaftServerConfigKeys: raft.server.rpc.timeout.max = 5200ms (custom)
scm_1       | 2019-10-21 22:57:47,206 INFO http.HttpRequestLog: Http request log for http.requests.scm is not defined
datanode_3  | 2019-10-21 22:57:55,367 INFO impl.RaftServerProxy: 5bb7df37-7e02-4f8d-a5a7-f72a5cb5ab21: addNew group-81820CA6A2FA:[5bb7df37-7e02-4f8d-a5a7-f72a5cb5ab21:172.18.0.12:9858] returns group-81820CA6A2FA:java.util.concurrent.CompletableFuture@3fec6ce3[Not completed]
jhs         | 2019-10-21 22:57:42 INFO  Server:1153 - IPC Server listener on 10200: starting
kms_1       | 	at javax.xml.bind.ContextFinder.newInstance(ContextFinder.java:247)
nm_1        | 2019-10-21 22:57:45 INFO  ContainersMonitorImpl:138 -  Using ResourceCalculatorPlugin : org.apache.hadoop.yarn.util.ResourceCalculatorPlugin@1500b2f3
om_1        | 2019-10-21 22:57:52,205 INFO client.OMCertificateClient: Added certificate from file:/data/metadata/om/certs/CA-1.crt.
datanode_2  | 2019-10-21 22:57:54,938 INFO metrics.MetricRegistries: Loaded MetricRegistries class org.apache.ratis.metrics.impl.MetricRegistriesImpl
kdc_1       | Oct 21 22:57:05 kdc kadmind[15](Notice): Request: kadm5_get_policy, default, Policy does not exist, client=admin/admin@EXAMPLE.COM, service=kadmin/admin@EXAMPLE.COM, addr=127.0.0.1
rm_1        | 2019-10-21 22:57:43 INFO  AsyncDispatcher:223 - Registering class org.apache.hadoop.yarn.server.resourcemanager.RMAppManagerEventType for class org.apache.hadoop.yarn.server.resourcemanager.RMAppManager
datanode_1  | 2019-10-21 22:57:54,353 INFO server.RaftServerConfigKeys: raft.server.rpcslowness.timeout = 120s (custom)
scm_1       | 2019-10-21 22:57:47,215 INFO http.HttpServer2: Added global filter 'safety' (class=org.apache.hadoop.http.HttpServer2$QuotingInputFilter)
jhs         | 2019-10-21 22:57:42 INFO  ApplicationHistoryClientService:111 - Instantiated ApplicationHistoryClientService at jhs/172.18.0.6:10200
datanode_3  | 2019-10-21 22:57:55,388 INFO impl.RaftServerImpl: 5bb7df37-7e02-4f8d-a5a7-f72a5cb5ab21: new RaftServerImpl for group-81820CA6A2FA:[5bb7df37-7e02-4f8d-a5a7-f72a5cb5ab21:172.18.0.12:9858] with ContainerStateMachine:uninitialized
kms_1       | 	at javax.xml.bind.ContextFinder.newInstance(ContextFinder.java:234)
nm_1        | 2019-10-21 22:57:45 INFO  ContainersMonitorImpl:143 -  Using ResourceCalculatorProcessTree : null
om_1        | 2019-10-21 22:57:52,223 WARN server.ServerUtils: ozone.om.db.dirs is not configured. We recommend adding this setting. Falling back to ozone.metadata.dirs instead.
datanode_2  | 2019-10-21 22:57:54,984 INFO server.RaftServerConfigKeys: raft.server.log.segment.cache.num.max = 2 (custom)
kdc_1       | Oct 21 22:57:05 kdc kadmind[15](Notice): Request: kadm5_create_principal, om/02c6d70f3fe3@EXAMPLE.COM, success, client=admin/admin@EXAMPLE.COM, service=kadmin/admin@EXAMPLE.COM, addr=127.0.0.1
rm_1        | 2019-10-21 22:57:43 INFO  AsyncDispatcher:223 - Registering class org.apache.hadoop.yarn.server.resourcemanager.amlauncher.AMLauncherEventType for class org.apache.hadoop.yarn.server.resourcemanager.amlauncher.ApplicationMasterLauncher
datanode_1  | 2019-10-21 22:57:54,353 INFO server.RaftServerConfigKeys: raft.server.sleep.deviation.threshold = 300 (default)
jhs         | 2019-10-21 22:57:42 INFO  JvmPauseMonitor:188 - Starting JVM pause monitor
scm_1       | 2019-10-21 22:57:47,217 INFO http.HttpServer2: Added filter static_user_filter (class=org.apache.hadoop.http.lib.StaticUserWebFilter$StaticUserFilter) to context scm
datanode_3  | 2019-10-21 22:57:55,390 INFO server.RaftServerConfigKeys: raft.server.rpc.timeout.min = 5s (custom)
kms_1       | 	at javax.xml.bind.ContextFinder.find(ContextFinder.java:441)
nm_1        | 2019-10-21 22:57:45 INFO  ContainersMonitorImpl:190 - Physical memory check enabled: false
om_1        | 2019-10-21 22:57:52,258 INFO util.log: Logging initialized @2962ms
datanode_2  | 2019-10-21 22:57:54,989 INFO segmented.SegmentedRaftLogWorker: new 6895e716-254e-40b0-a6b6-952a84384dba@group-BF0717C028E0-SegmentedRaftLogWorker for RaftStorage:Storage Directory /data/metadata/ratis/8fe191a1-76cb-48bb-81f1-bf0717c028e0
kdc_1       | Oct 21 22:57:05 kdc kadmind[15](info): closing down fd 18
datanode_1  | 2019-10-21 22:57:54,354 INFO server.RaftServerConfigKeys: raft.server.log.appender.install.snapshot.enabled = false (custom)
jhs         | 2019-10-21 22:57:42 INFO  TimelineServerUtils:66 - Filter initializers set for timeline service: org.apache.hadoop.http.lib.StaticUserWebFilter,org.apache.hadoop.yarn.server.timeline.security.TimelineAuthenticationFilterInitializer
rm_1        | 2019-10-21 22:57:43 INFO  RMNMInfo:63 - Registered RMNMInfo MBean
scm_1       | 2019-10-21 22:57:47,218 INFO http.HttpServer2: Added filter static_user_filter (class=org.apache.hadoop.http.lib.StaticUserWebFilter$StaticUserFilter) to context static
datanode_3  | 2019-10-21 22:57:55,390 INFO server.RaftServerConfigKeys: raft.server.rpc.timeout.max = 5200ms (custom)
kms_1       | 	at javax.xml.bind.JAXBContext.newInstance(JAXBContext.java:641)
nm_1        | 2019-10-21 22:57:45 INFO  ContainersMonitorImpl:191 - Virtual memory check enabled: false
om_1        | 2019-10-21 22:57:52,358 INFO db.DBStoreBuilder: using custom profile for table: userTable
datanode_2  | 2019-10-21 22:57:54,990 INFO server.RaftServerConfigKeys: raft.server.log.queue.byte-limit = 2147483647 (custom)
kdc_1       | Oct 21 22:57:05 kdc kadmind[15](Notice): Request: kadm5_init, admin/admin@EXAMPLE.COM, success, client=admin/admin@EXAMPLE.COM, service=kadmin/admin@EXAMPLE.COM, addr=127.0.0.1, vers=4, flavor=6
datanode_1  | 2019-10-21 22:57:54,362 INFO impl.RaftServerImpl: 9d51d54a-8488-40cb-b5e9-dc62318a1a99@group-6776AE58875B: ConfigurationManager, init=-1: [9d51d54a-8488-40cb-b5e9-dc62318a1a99:172.18.0.9:9858], old=null, confs=<EMPTY_MAP>
jhs         | 2019-10-21 22:57:42 INFO  log:192 - Logging initialized @2102ms
rm_1        | 2019-10-21 22:57:43 INFO  RMAppLifetimeMonitor:66 - Application lifelime monitor interval set to 3000 ms.
scm_1       | 2019-10-21 22:57:47,218 INFO http.HttpServer2: Added filter static_user_filter (class=org.apache.hadoop.http.lib.StaticUserWebFilter$StaticUserFilter) to context logs
kms_1       | 	at javax.xml.bind.JAXBContext.newInstance(JAXBContext.java:584)
datanode_3  | 2019-10-21 22:57:55,390 INFO server.RaftServerConfigKeys: raft.server.rpcslowness.timeout = 120s (custom)
om_1        | 2019-10-21 22:57:52,359 INFO db.DBStoreBuilder: Using default column profile:DBProfile.DISK for Table:userTable
datanode_2  | 2019-10-21 22:57:54,990 INFO server.RaftServerConfigKeys: raft.server.log.queue.element-limit = 1024 (custom)
nm_1        | 2019-10-21 22:57:45 INFO  ContainersMonitorImpl:192 - Elastic memory control enabled: false
jhs         | 2019-10-21 22:57:43 INFO  AuthenticationFilter:240 - Unable to initialize FileSignerSecretProvider, falling back to use random secrets.
kdc_1       | Oct 21 22:57:05 kdc kadmind[15](Notice): Request: kadm5_randkey_principal, om/02c6d70f3fe3@EXAMPLE.COM, success, client=admin/admin@EXAMPLE.COM, service=kadmin/admin@EXAMPLE.COM, addr=127.0.0.1
rm_1        | 2019-10-21 22:57:43 INFO  MultiNodeSortingManager:59 - Initializing NodeSortingService=MultiNodeSortingManager
datanode_1  | 2019-10-21 22:57:54,362 INFO server.RaftServerConfigKeys: raft.server.storage.dir = [/data/metadata/ratis] (custom)
scm_1       | 2019-10-21 22:57:47,252 INFO server.StorageContainerManager: StorageContainerLocationProtocol RPC server is listening at /0.0.0.0:9860
kms_1       | 	at com.sun.jersey.server.wadl.generators.WadlGeneratorJAXBGrammarGenerator.buildModelAndSchemas(WadlGeneratorJAXBGrammarGenerator.java:169)
datanode_3  | 2019-10-21 22:57:55,391 INFO server.RaftServerConfigKeys: raft.server.sleep.deviation.threshold = 300 (default)
om_1        | 2019-10-21 22:57:52,359 INFO db.DBStoreBuilder: using custom profile for table: volumeTable
nm_1        | 2019-10-21 22:57:45 INFO  ContainersMonitorImpl:193 - Strict memory control enabled: true
jhs         | 2019-10-21 22:57:43 INFO  HttpRequestLog:81 - Http request log for http.requests.applicationhistory is not defined
rm_1        | 2019-10-21 22:57:43 INFO  HostsFileReader:211 - Refreshing hosts (include/exclude) list
datanode_1  | 2019-10-21 22:57:54,367 INFO server.RaftServerConfigKeys: raft.server.log.corruption.policy = EXCEPTION (default)
datanode_2  | 2019-10-21 22:57:54,991 INFO server.RaftServerConfigKeys: raft.server.log.segment.size.max = 1048576 (custom)
scm_1       | 2019-10-21 22:57:47,316 INFO impl.MetricsConfig: Loaded properties from hadoop-metrics2.properties
kms_1       | 	at com.sun.jersey.server.wadl.generators.AbstractWadlGeneratorGrammarGenerator.createExternalGrammar(AbstractWadlGeneratorGrammarGenerator.java:405)
kdc_1       | Oct 21 22:57:05 kdc kadmind[15](Notice): Request: kadm5_get_principal, om/02c6d70f3fe3@EXAMPLE.COM, success, client=admin/admin@EXAMPLE.COM, service=kadmin/admin@EXAMPLE.COM, addr=127.0.0.1
datanode_3  | 2019-10-21 22:57:55,391 INFO server.RaftServerConfigKeys: raft.server.log.appender.install.snapshot.enabled = false (custom)
om_1        | 2019-10-21 22:57:52,359 INFO db.DBStoreBuilder: Using default column profile:DBProfile.DISK for Table:volumeTable
nm_1        | 2019-10-21 22:57:45 INFO  ContainersMonitorImpl:218 - ContainersMonitor enabled: true
jhs         | 2019-10-21 22:57:43 INFO  HttpServer2:975 - Added global filter 'safety' (class=org.apache.hadoop.http.HttpServer2$QuotingInputFilter)
rm_1        | 2019-10-21 22:57:43 INFO  Configuration:2755 - found resource capacity-scheduler.xml at file:/opt/hadoop/etc/hadoop/capacity-scheduler.xml
datanode_2  | 2019-10-21 22:57:54,991 INFO server.RaftServerConfigKeys: raft.server.log.preallocated.size = 16384 (custom)
scm_1       | 2019-10-21 22:57:47,357 INFO impl.MetricsSystemImpl: Scheduled Metric snapshot period at 10 second(s).
kms_1       | 	at com.sun.jersey.server.wadl.WadlBuilder.generate(WadlBuilder.java:149)
kdc_1       | Oct 21 22:57:05 kdc kadmind[15](info): closing down fd 18
datanode_3  | 2019-10-21 22:57:55,397 INFO impl.RaftServerImpl: 5bb7df37-7e02-4f8d-a5a7-f72a5cb5ab21@group-81820CA6A2FA: ConfigurationManager, init=-1: [5bb7df37-7e02-4f8d-a5a7-f72a5cb5ab21:172.18.0.12:9858], old=null, confs=<EMPTY_MAP>
om_1        | 2019-10-21 22:57:52,359 INFO db.DBStoreBuilder: using custom profile for table: bucketTable
nm_1        | 2019-10-21 22:57:45 INFO  LogAggregationService:139 - rollingMonitorInterval is set as 3600. The logs will be aggregated every 3600 seconds
jhs         | 2019-10-21 22:57:43 INFO  HttpServer2:948 - Added filter static_user_filter (class=org.apache.hadoop.http.lib.StaticUserWebFilter$StaticUserFilter) to context applicationhistory
rm_1        | 2019-10-21 22:57:43 INFO  AbstractYarnScheduler:1390 - Minimum allocation = <memory:1024, vCores:1>
datanode_1  | 2019-10-21 22:57:54,368 INFO storage.RaftStorageDirectory: The storage directory /data/metadata/ratis/1f30ab4a-49ce-4aad-bfa1-6776ae58875b does not exist. Creating ...
datanode_2  | 2019-10-21 22:57:54,992 INFO server.RaftServerConfigKeys: raft.server.log.write.buffer.size = 33554432 (custom)
scm_1       | 2019-10-21 22:57:47,357 INFO impl.MetricsSystemImpl: StorageContainerManager metrics system started
kms_1       | 	at com.sun.jersey.server.impl.wadl.WadlApplicationContextImpl.getApplication(WadlApplicationContextImpl.java:119)
kdc_1       | Oct 21 22:57:05 kdc kadmind[15](Notice): Request: kadm5_init, admin/admin@EXAMPLE.COM, success, client=admin/admin@EXAMPLE.COM, service=kadmin/admin@EXAMPLE.COM, addr=127.0.0.1, vers=4, flavor=6
datanode_3  | 2019-10-21 22:57:55,398 INFO server.RaftServerConfigKeys: raft.server.storage.dir = [/data/metadata/ratis] (custom)
om_1        | 2019-10-21 22:57:52,359 INFO db.DBStoreBuilder: Using default column profile:DBProfile.DISK for Table:bucketTable
nm_1        | 2019-10-21 22:57:45 INFO  ContainerManagerImpl:394 - Not a recoverable state store. Nothing to recover.
jhs         | 2019-10-21 22:57:43 INFO  HttpServer2:958 - Added filter static_user_filter (class=org.apache.hadoop.http.lib.StaticUserWebFilter$StaticUserFilter) to context logs
rm_1        | 2019-10-21 22:57:43 INFO  AbstractYarnScheduler:1402 - Maximum allocation = <memory:8192, vCores:4>
datanode_1  | 2019-10-21 22:57:54,400 INFO storage.RaftStorageDirectory: Lock on /data/metadata/ratis/1f30ab4a-49ce-4aad-bfa1-6776ae58875b/in_use.lock acquired by nodename 7@6bef931d0b08
datanode_2  | 2019-10-21 22:57:54,992 INFO server.RaftServerConfigKeys: raft.server.log.force.sync.num = 128 (default)
scm_1       | 2019-10-21 22:57:47,542 INFO server.SCMClientProtocolServer: RPC server for Client  is listening at /0.0.0.0:9860
kms_1       | 	at com.sun.jersey.server.impl.wadl.WadlApplicationContextImpl.getApplication(WadlApplicationContextImpl.java:138)
kdc_1       | Oct 21 22:57:05 kdc kadmind[15](Notice): Request: kadm5_get_policy, default, Policy does not exist, client=admin/admin@EXAMPLE.COM, service=kadmin/admin@EXAMPLE.COM, addr=127.0.0.1
datanode_3  | 2019-10-21 22:57:55,402 INFO server.RaftServerConfigKeys: raft.server.log.corruption.policy = EXCEPTION (default)
om_1        | 2019-10-21 22:57:52,359 INFO db.DBStoreBuilder: using custom profile for table: keyTable
nm_1        | 2019-10-21 22:57:45 INFO  Configuration:2752 - resource-types.xml not found
jhs         | 2019-10-21 22:57:43 INFO  HttpServer2:958 - Added filter static_user_filter (class=org.apache.hadoop.http.lib.StaticUserWebFilter$StaticUserFilter) to context static
datanode_1  | 2019-10-21 22:57:54,417 INFO storage.RaftStorage: Storage directory /data/metadata/ratis/1f30ab4a-49ce-4aad-bfa1-6776ae58875b has been successfully formatted.
datanode_2  | 2019-10-21 22:57:54,993 INFO server.RaftServerConfigKeys: raft.server.log.statemachine.data.sync = true (default)
scm_1       | 2019-10-21 22:57:47,543 INFO ipc.Server: IPC Server Responder: starting
kms_1       | 	at com.sun.jersey.server.impl.wadl.WadlMethodFactory$WadlOptionsMethodDispatcher.dispatch(WadlMethodFactory.java:110)
kdc_1       | Oct 21 22:57:05 kdc kadmind[15](Notice): Request: kadm5_create_principal, om/om@EXAMPLE.COM, success, client=admin/admin@EXAMPLE.COM, service=kadmin/admin@EXAMPLE.COM, addr=127.0.0.1
rm_1        | 2019-10-21 22:57:43 INFO  CapacitySchedulerConfiguration:894 - max alloc mb per queue for root is undefined
datanode_3  | 2019-10-21 22:57:55,403 INFO storage.RaftStorageDirectory: The storage directory /data/metadata/ratis/03545da8-b56c-4136-97cc-81820ca6a2fa does not exist. Creating ...
om_1        | 2019-10-21 22:57:52,359 INFO db.DBStoreBuilder: Using default column profile:DBProfile.DISK for Table:keyTable
nm_1        | 2019-10-21 22:57:45 INFO  ResourceUtils:419 - Unable to find 'resource-types.xml'.
jhs         | 2019-10-21 22:57:43 INFO  HttpServer2:975 - Added global filter 'Timeline Authentication Filter' (class=org.apache.hadoop.yarn.server.timeline.security.TimelineAuthenticationFilter)
datanode_1  | 2019-10-21 22:57:54,421 [pool-9-thread-1] INFO       - group-6776AE58875B: The snapshot info is null. Setting the last applied indexto:(t:0, i:~)
datanode_2  | 2019-10-21 22:57:54,993 INFO server.RaftServerConfigKeys: raft.server.log.statemachine.data.sync.timeout = 10s (default)
scm_1       | 2019-10-21 22:57:47,543 INFO ipc.Server: IPC Server listener on 9860: starting
kms_1       | 	at com.sun.jersey.server.impl.uri.rules.HttpMethodRule.accept(HttpMethodRule.java:302)
kdc_1       | Oct 21 22:57:05 kdc kadmind[15](info): closing down fd 18
rm_1        | 2019-10-21 22:57:43 INFO  CapacitySchedulerConfiguration:898 - max alloc vcore per queue for root is undefined
om_1        | 2019-10-21 22:57:52,359 INFO db.DBStoreBuilder: using custom profile for table: deletedTable
datanode_3  | 2019-10-21 22:57:55,419 INFO storage.RaftStorageDirectory: Lock on /data/metadata/ratis/03545da8-b56c-4136-97cc-81820ca6a2fa/in_use.lock acquired by nodename 7@679a10b41394
jhs         | 2019-10-21 22:57:43 INFO  HttpServer2:613 - adding path spec: /applicationhistory/*
nm_1        | 2019-10-21 22:57:45 INFO  Configuration:2752 - node-resources.xml not found
datanode_1  | 2019-10-21 22:57:54,421 INFO server.RaftServerConfigKeys: raft.server.notification.no-leader.timeout = 120s (custom)
datanode_2  | 2019-10-21 22:57:54,993 INFO server.RaftServerConfigKeys: raft.server.log.statemachine.data.sync.timeout.retry = -1 (default)
scm_1       | 2019-10-21 22:57:47,546 INFO server.StorageContainerManager: ScmBlockLocationProtocol RPC server is listening at /0.0.0.0:9863
kms_1       | 	at com.sun.jersey.server.impl.uri.rules.ResourceClassRule.accept(ResourceClassRule.java:108)
kdc_1       | Oct 21 22:57:05 kdc kadmind[15](Notice): Request: kadm5_init, admin/admin@EXAMPLE.COM, success, client=admin/admin@EXAMPLE.COM, service=kadmin/admin@EXAMPLE.COM, addr=127.0.0.1, vers=4, flavor=6
rm_1        | 2019-10-21 22:57:43 INFO  ParentQueue:151 - root, capacity=1.0, absoluteCapacity=1.0, maxCapacity=1.0, absoluteMaxCapacity=1.0, state=RUNNING, acls=ADMINISTER_QUEUE:*SUBMIT_APP:*, labels=*,
om_1        | 2019-10-21 22:57:52,359 INFO db.DBStoreBuilder: Using default column profile:DBProfile.DISK for Table:deletedTable
datanode_3  | 2019-10-21 22:57:55,435 INFO storage.RaftStorage: Storage directory /data/metadata/ratis/03545da8-b56c-4136-97cc-81820ca6a2fa has been successfully formatted.
jhs         | 2019-10-21 22:57:43 INFO  HttpServer2:613 - adding path spec: /ws/*
nm_1        | 2019-10-21 22:57:45 INFO  ResourceUtils:419 - Unable to find 'node-resources.xml'.
datanode_1  | 2019-10-21 22:57:54,424 INFO server.RaftServerConfigKeys: raft.server.log.use.memory = false (default)
datanode_2  | 2019-10-21 22:57:55,002 INFO server.RaftServerConfigKeys: raft.server.log.statemachine.data.caching.enabled = true (custom)
scm_1       | 2019-10-21 22:57:47,547 INFO server.SCMBlockProtocolServer: RPC server for Block Protocol is listening at /0.0.0.0:9863
kms_1       | 	at com.sun.jersey.server.impl.uri.rules.RightHandPathRule.accept(RightHandPathRule.java:147)
kdc_1       | Oct 21 22:57:05 kdc kadmind[15](Notice): Request: kadm5_randkey_principal, om/om@EXAMPLE.COM, success, client=admin/admin@EXAMPLE.COM, service=kadmin/admin@EXAMPLE.COM, addr=127.0.0.1
rm_1        | , reservationsContinueLooking=true, orderingPolicy=utilization, priority=0
om_1        | 2019-10-21 22:57:52,360 INFO db.DBStoreBuilder: using custom profile for table: openKeyTable
datanode_3  | 2019-10-21 22:57:55,439 [pool-9-thread-1] INFO       - group-81820CA6A2FA: The snapshot info is null. Setting the last applied indexto:(t:0, i:~)
jhs         | 2019-10-21 22:57:43 INFO  WebApps:395 - Registered webapp guice modules
datanode_1  | 2019-10-21 22:57:54,428 INFO server.RaftServerConfigKeys: raft.server.log.purge.gap = 1000000 (custom)
nm_1        | 2019-10-21 22:57:45 INFO  NodeStatusUpdaterImpl:199 - Nodemanager resources is set to: <memory:8192, vCores:8>
datanode_2  | 2019-10-21 22:57:55,006 INFO segmented.SegmentedRaftLogWorker: 6895e716-254e-40b0-a6b6-952a84384dba@group-BF0717C028E0-SegmentedRaftLogWorker: flushIndex: setUnconditionally 0 -> -1
scm_1       | 2019-10-21 22:57:47,547 INFO ipc.Server: IPC Server Responder: starting
kms_1       | 	at com.sun.jersey.server.impl.uri.rules.RootResourceClassesRule.accept(RootResourceClassesRule.java:84)
kdc_1       | Oct 21 22:57:05 kdc kadmind[15](Notice): Request: kadm5_get_principal, om/om@EXAMPLE.COM, success, client=admin/admin@EXAMPLE.COM, service=kadmin/admin@EXAMPLE.COM, addr=127.0.0.1
rm_1        | 2019-10-21 22:57:43 INFO  ParentQueue:114 - Initialized parent-queue root name=root, fullname=root
om_1        | 2019-10-21 22:57:52,360 INFO db.DBStoreBuilder: Using default column profile:DBProfile.DISK for Table:openKeyTable
datanode_3  | 2019-10-21 22:57:55,440 INFO server.RaftServerConfigKeys: raft.server.notification.no-leader.timeout = 120s (custom)
jhs         | 2019-10-21 22:57:43 INFO  HttpServer2:1191 - Jetty bound to port 8188
datanode_1  | 2019-10-21 22:57:54,428 INFO server.RaftServerConfigKeys: raft.server.log.appender.buffer.byte-limit = 33554432 (custom)
nm_1        | 2019-10-21 22:57:45 INFO  NodeStatusUpdaterImpl:247 - Initialized nodemanager with : physical-memory=8192 virtual-memory=17204 virtual-cores=8
datanode_2  | 2019-10-21 22:57:55,012 INFO server.RaftServerConfigKeys: raft.server.snapshot.auto.trigger.enabled = true (custom)
scm_1       | 2019-10-21 22:57:47,547 INFO ipc.Server: IPC Server listener on 9863: starting
kms_1       | 	at com.sun.jersey.server.impl.application.WebApplicationImpl._handleRequest(WebApplicationImpl.java:1542)
kdc_1       | Oct 21 22:57:05 kdc kadmind[15](info): closing down fd 18
rm_1        | 2019-10-21 22:57:43 INFO  CapacitySchedulerConfiguration:894 - max alloc mb per queue for root.default is undefined
om_1        | 2019-10-21 22:57:52,360 INFO db.DBStoreBuilder: using custom profile for table: s3Table
datanode_3  | 2019-10-21 22:57:55,443 INFO server.RaftServerConfigKeys: raft.server.log.use.memory = false (default)
jhs         | 2019-10-21 22:57:43 INFO  Server:351 - jetty-9.3.24.v20180605, build timestamp: 2018-06-05T17:11:56Z, git hash: 84205aa28f11a4f31f2a3b86d1bba2cc8ab69827
datanode_1  | 2019-10-21 22:57:54,430 INFO server.RaftServerConfigKeys: raft.server.log.segment.size.max = 1048576 (custom)
nm_1        | 2019-10-21 22:57:45 INFO  CallQueueManager:84 - Using callQueue: class java.util.concurrent.LinkedBlockingQueue, queueCapacity: 2000, scheduler: class org.apache.hadoop.ipc.DefaultRpcScheduler, ipcBackoff: false.
datanode_2  | 2019-10-21 22:57:55,014 INFO server.RaftServerConfigKeys: raft.server.snapshot.auto.trigger.threshold = 10000 (custom)
kms_1       | 	at com.sun.jersey.server.impl.application.WebApplicationImpl._handleRequest(WebApplicationImpl.java:1473)
scm_1       | 2019-10-21 22:57:47,550 INFO server.StorageContainerManager: ScmDatanodeProtocl RPC server is listening at /0.0.0.0:9861
kdc_1       | Oct 21 22:57:05 kdc kadmind[15](Notice): Request: kadm5_init, admin/admin@EXAMPLE.COM, success, client=admin/admin@EXAMPLE.COM, service=kadmin/admin@EXAMPLE.COM, addr=127.0.0.1, vers=4, flavor=6
rm_1        | 2019-10-21 22:57:43 INFO  CapacitySchedulerConfiguration:898 - max alloc vcore per queue for root.default is undefined
om_1        | 2019-10-21 22:57:52,360 INFO db.DBStoreBuilder: Using default column profile:DBProfile.DISK for Table:s3Table
datanode_3  | 2019-10-21 22:57:55,449 INFO server.RaftServerConfigKeys: raft.server.log.purge.gap = 1000000 (custom)
jhs         | 2019-10-21 22:57:43 INFO  AbstractDelegationTokenSecretManager:343 - Updating the current master key for generating delegation tokens
datanode_1  | 2019-10-21 22:57:54,432 WARN impl.MetricsSystemImpl: HddsDatanode metrics system already initialized!
nm_1        | 2019-10-21 22:57:45 INFO  Server:1074 - Starting Socket Reader #1 for port 45818
datanode_2  | 2019-10-21 22:57:55,014 INFO server.RaftServerConfigKeys: raft.server.snapshot.retention.file.num = 5 (custom)
kms_1       | 	at com.sun.jersey.server.impl.application.WebApplicationImpl.handleRequest(WebApplicationImpl.java:1419)
scm_1       | 2019-10-21 22:57:47,550 INFO server.SCMDatanodeProtocolServer: RPC server for DataNodes is listening at /0.0.0.0:9861
kdc_1       | Oct 21 22:57:05 kdc kadmind[15](Notice): Request: kadm5_get_policy, default, Policy does not exist, client=admin/admin@EXAMPLE.COM, service=kadmin/admin@EXAMPLE.COM, addr=127.0.0.1
rm_1        | 2019-10-21 22:57:43 INFO  LeafQueue:285 - Initializing default
datanode_3  | 2019-10-21 22:57:55,449 INFO server.RaftServerConfigKeys: raft.server.log.appender.buffer.byte-limit = 33554432 (custom)
jhs         | 2019-10-21 22:57:43 INFO  AbstractDelegationTokenSecretManager:675 - Starting expired delegation token remover thread, tokenRemoverScanInterval=60 min(s)
om_1        | 2019-10-21 22:57:52,360 INFO db.DBStoreBuilder: using custom profile for table: multipartInfoTable
datanode_1  | 2019-10-21 22:57:54,439 INFO metrics.MetricRegistries: Loaded MetricRegistries class org.apache.ratis.metrics.impl.MetricRegistriesImpl
nm_1        | 2019-10-21 22:57:46 INFO  RpcServerFactoryPBImpl:173 - Adding protocol org.apache.hadoop.yarn.api.ContainerManagementProtocolPB to the server
datanode_2  | 2019-10-21 22:57:55,015 INFO server.RaftServerConfigKeys: raft.server.retrycache.expirytime = 600000ms (custom)
kms_1       | 	at com.sun.jersey.server.impl.application.WebApplicationImpl.handleRequest(WebApplicationImpl.java:1409)
scm_1       | 2019-10-21 22:57:47,550 INFO ipc.Server: IPC Server Responder: starting
kdc_1       | Oct 21 22:57:05 kdc kadmind[15](Notice): Request: kadm5_create_principal, om/rm@EXAMPLE.COM, success, client=admin/admin@EXAMPLE.COM, service=kadmin/admin@EXAMPLE.COM, addr=127.0.0.1
rm_1        | capacity = 1.0 [= (float) configuredCapacity / 100 ]
datanode_3  | 2019-10-21 22:57:55,452 INFO server.RaftServerConfigKeys: raft.server.log.segment.size.max = 1048576 (custom)
jhs         | 2019-10-21 22:57:43 INFO  ContextHandler:781 - Started o.e.j.s.ServletContextHandler@6a47b187{/logs,file:///opt/hadoop/logs/,AVAILABLE}
om_1        | 2019-10-21 22:57:52,360 INFO db.DBStoreBuilder: Using default column profile:DBProfile.DISK for Table:multipartInfoTable
datanode_1  | 2019-10-21 22:57:54,491 INFO server.RaftServerConfigKeys: raft.server.log.segment.cache.num.max = 2 (custom)
datanode_2  | 2019-10-21 22:57:55,058 INFO impl.RaftServerImpl: 6895e716-254e-40b0-a6b6-952a84384dba@group-BF0717C028E0: start as a follower, conf=-1: [6895e716-254e-40b0-a6b6-952a84384dba:172.18.0.10:9858], old=null
nm_1        | 2019-10-21 22:57:46 INFO  Server:1314 - IPC Server Responder: starting
kms_1       | 	at com.sun.jersey.spi.container.servlet.WebComponent.service(WebComponent.java:409)
scm_1       | 2019-10-21 22:57:47,551 INFO ipc.Server: IPC Server listener on 9861: starting
kdc_1       | Oct 21 22:57:05 kdc kadmind[15](info): closing down fd 18
rm_1        | absoluteCapacity = 1.0 [= parentAbsoluteCapacity * capacity ]
datanode_3  | 2019-10-21 22:57:55,455 WARN impl.MetricsSystemImpl: HddsDatanode metrics system already initialized!
jhs         | 2019-10-21 22:57:43 INFO  ContextHandler:781 - Started o.e.j.s.ServletContextHandler@11bb571c{/static,jar:file:/opt/hadoop/share/hadoop/yarn/hadoop-yarn-common-3.2.0.jar!/webapps/static,AVAILABLE}
om_1        | 2019-10-21 22:57:52,361 INFO db.DBStoreBuilder: using custom profile for table: dTokenTable
datanode_1  | 2019-10-21 22:57:54,496 INFO segmented.SegmentedRaftLogWorker: new 9d51d54a-8488-40cb-b5e9-dc62318a1a99@group-6776AE58875B-SegmentedRaftLogWorker for RaftStorage:Storage Directory /data/metadata/ratis/1f30ab4a-49ce-4aad-bfa1-6776ae58875b
datanode_2  | 2019-10-21 22:57:55,060 INFO impl.RaftServerImpl: 6895e716-254e-40b0-a6b6-952a84384dba@group-BF0717C028E0: changes role from      null to FOLLOWER at term 0 for startAsFollower
nm_1        | 2019-10-21 22:57:46 INFO  Server:1153 - IPC Server listener on 45818: starting
kms_1       | 	at com.sun.jersey.spi.container.servlet.ServletContainer.service(ServletContainer.java:558)
scm_1       | 2019-10-21 22:57:47,554 INFO server.SCMClientProtocolServer: Starting RPC server for SCMSecurityProtocolServer. is listening at /0.0.0.0:9961
kdc_1       | Oct 21 22:57:05 kdc kadmind[15](Notice): Request: kadm5_init, admin/admin@EXAMPLE.COM, success, client=admin/admin@EXAMPLE.COM, service=kadmin/admin@EXAMPLE.COM, addr=127.0.0.1, vers=4, flavor=6
rm_1        | maxCapacity = 1.0 [= configuredMaxCapacity ]
datanode_3  | 2019-10-21 22:57:55,461 INFO metrics.MetricRegistries: Loaded MetricRegistries class org.apache.ratis.metrics.impl.MetricRegistriesImpl
jhs         | Oct 21, 2019 10:57:44 PM com.sun.jersey.guice.spi.container.GuiceComponentProviderFactory register
om_1        | 2019-10-21 22:57:52,361 INFO db.DBStoreBuilder: Using default column profile:DBProfile.DISK for Table:dTokenTable
datanode_1  | 2019-10-21 22:57:54,496 INFO server.RaftServerConfigKeys: raft.server.log.queue.byte-limit = 2147483647 (custom)
datanode_2  | 2019-10-21 22:57:55,062 INFO impl.RoleInfo: 6895e716-254e-40b0-a6b6-952a84384dba: start FollowerState
nm_1        | 2019-10-21 22:57:46 INFO  NMContainerTokenSecretManager:265 - Updating node address : nm:45818
kms_1       | 	at com.sun.jersey.spi.container.servlet.ServletContainer.service(ServletContainer.java:733)
kdc_1       | Oct 21 22:57:05 kdc kadmind[15](Notice): Request: kadm5_randkey_principal, om/rm@EXAMPLE.COM, success, client=admin/admin@EXAMPLE.COM, service=kadmin/admin@EXAMPLE.COM, addr=127.0.0.1
rm_1        | absoluteMaxCapacity = 1.0 [= 1.0 maximumCapacity undefined, (parentAbsoluteMaxCapacity * maximumCapacity) / 100 otherwise ]
scm_1       | 2019-10-21 22:57:47,554 INFO ipc.Server: IPC Server Responder: starting
datanode_3  | 2019-10-21 22:57:55,511 INFO server.RaftServerConfigKeys: raft.server.log.segment.cache.num.max = 2 (custom)
jhs         | INFO: Registering org.apache.hadoop.yarn.webapp.YarnJacksonJaxbJsonProvider as a provider class
om_1        | 2019-10-21 22:57:52,361 INFO db.DBStoreBuilder: using custom profile for table: s3SecretTable
datanode_1  | 2019-10-21 22:57:54,497 INFO server.RaftServerConfigKeys: raft.server.log.queue.element-limit = 1024 (custom)
datanode_2  | 2019-10-21 22:57:55,067 INFO util.JmxRegister: Successfully registered JMX Bean with object name Ratis:service=RaftServer,group=group-BF0717C028E0,id=6895e716-254e-40b0-a6b6-952a84384dba
nm_1        | 2019-10-21 22:57:46 INFO  CallQueueManager:84 - Using callQueue: class java.util.concurrent.LinkedBlockingQueue, queueCapacity: 500, scheduler: class org.apache.hadoop.ipc.DefaultRpcScheduler, ipcBackoff: false.
kms_1       | 	at javax.servlet.http.HttpServlet.service(HttpServlet.java:790)
kdc_1       | Oct 21 22:57:05 kdc kadmind[15](Notice): Request: kadm5_get_principal, om/rm@EXAMPLE.COM, success, client=admin/admin@EXAMPLE.COM, service=kadmin/admin@EXAMPLE.COM, addr=127.0.0.1
scm_1       | 2019-10-21 22:57:47,555 INFO ipc.Server: IPC Server listener on 9961: starting
rm_1        | effectiveMinResource=<memory:0, vCores:0>
datanode_3  | 2019-10-21 22:57:55,517 INFO segmented.SegmentedRaftLogWorker: new 5bb7df37-7e02-4f8d-a5a7-f72a5cb5ab21@group-81820CA6A2FA-SegmentedRaftLogWorker for RaftStorage:Storage Directory /data/metadata/ratis/03545da8-b56c-4136-97cc-81820ca6a2fa
jhs         | Oct 21, 2019 10:57:44 PM com.sun.jersey.guice.spi.container.GuiceComponentProviderFactory register
om_1        | 2019-10-21 22:57:52,361 INFO db.DBStoreBuilder: Using default column profile:DBProfile.DISK for Table:s3SecretTable
datanode_1  | 2019-10-21 22:57:54,498 INFO server.RaftServerConfigKeys: raft.server.log.segment.size.max = 1048576 (custom)
datanode_2  | 2019-10-21 22:57:55,203 INFO impl.FollowerState: 6895e716-254e-40b0-a6b6-952a84384dba@group-BF0717C028E0-FollowerState: change to CANDIDATE, lastRpcTime:142ms, electionTimeout:141ms
nm_1        | 2019-10-21 22:57:46 INFO  Server:1074 - Starting Socket Reader #1 for port 8040
kdc_1       | Entry for principal om/rm@EXAMPLE.COM with kvno 2, encryption type aes256-cts-hmac-sha1-96 added to keytab WRFILE:/data/om.rm.keytab.
kms_1       | 	at org.eclipse.jetty.servlet.ServletHolder.handle(ServletHolder.java:848)
scm_1       | 2019-10-21 22:57:47,559 INFO http.HttpServer2: Jetty bound to port 9876
rm_1        |  , effectiveMaxResource=<memory:0, vCores:0>
datanode_3  | 2019-10-21 22:57:55,518 INFO server.RaftServerConfigKeys: raft.server.log.queue.byte-limit = 2147483647 (custom)
jhs         | INFO: Registering org.apache.hadoop.yarn.server.applicationhistoryservice.webapp.AHSWebServices as a root resource class
om_1        | 2019-10-21 22:57:52,361 INFO db.DBStoreBuilder: using custom profile for table: prefixTable
datanode_1  | 2019-10-21 22:57:54,498 INFO server.RaftServerConfigKeys: raft.server.log.preallocated.size = 16384 (custom)
datanode_2  | 2019-10-21 22:57:55,205 INFO impl.RoleInfo: 6895e716-254e-40b0-a6b6-952a84384dba: shutdown FollowerState
nm_1        | 2019-10-21 22:57:46 INFO  RpcServerFactoryPBImpl:173 - Adding protocol org.apache.hadoop.yarn.server.nodemanager.api.LocalizationProtocolPB to the server
kdc_1       | Entry for principal om/rm@EXAMPLE.COM with kvno 2, encryption type aes128-cts-hmac-sha1-96 added to keytab WRFILE:/data/om.rm.keytab.
kms_1       | 	at org.eclipse.jetty.servlet.ServletHandler$CachedChain.doFilter(ServletHandler.java:1772)
scm_1       | 2019-10-21 22:57:47,561 INFO server.Server: jetty-9.3.25.v20180904, build timestamp: 2018-09-04T21:11:46Z, git hash: 3ce520221d0240229c862b122d2b06c12a625732
rm_1        | userLimit = 100 [= configuredUserLimit ]
datanode_3  | 2019-10-21 22:57:55,518 INFO server.RaftServerConfigKeys: raft.server.log.queue.element-limit = 1024 (custom)
jhs         | Oct 21, 2019 10:57:44 PM com.sun.jersey.guice.spi.container.GuiceComponentProviderFactory register
om_1        | 2019-10-21 22:57:52,361 INFO db.DBStoreBuilder: Using default column profile:DBProfile.DISK for Table:prefixTable
datanode_1  | 2019-10-21 22:57:54,498 INFO server.RaftServerConfigKeys: raft.server.log.write.buffer.size = 33554432 (custom)
datanode_2  | 2019-10-21 22:57:55,206 INFO impl.RaftServerImpl: 6895e716-254e-40b0-a6b6-952a84384dba@group-BF0717C028E0: changes role from  FOLLOWER to CANDIDATE at term 0 for changeToCandidate
kdc_1       | Generiting keytab
kms_1       | 	at org.apache.hadoop.crypto.key.kms.server.KMSMDCFilter.doFilter(KMSMDCFilter.java:84)
scm_1       | 2019-10-21 22:57:47,640 INFO handler.ContextHandler: Started o.e.j.s.ServletContextHandler@1f67761b{/logs,file:///var/log/hadoop/,AVAILABLE}
rm_1        | userLimitFactor = 1.0 [= configuredUserLimitFactor ]
nm_1        | 2019-10-21 22:57:46 INFO  Server:1314 - IPC Server Responder: starting
datanode_3  | 2019-10-21 22:57:55,520 INFO server.RaftServerConfigKeys: raft.server.log.segment.size.max = 1048576 (custom)
jhs         | INFO: Registering org.apache.hadoop.yarn.server.timeline.webapp.TimelineWebServices as a root resource class
om_1        | 2019-10-21 22:57:52,371 INFO db.DBStoreBuilder: using custom profile for table: default
datanode_1  | 2019-10-21 22:57:54,499 INFO server.RaftServerConfigKeys: raft.server.log.force.sync.num = 128 (default)
datanode_2  | 2019-10-21 22:57:55,210 INFO impl.RoleInfo: 6895e716-254e-40b0-a6b6-952a84384dba: start LeaderElection
kdc_1       | Authenticating as principal admin/admin with keytab /tmp/admin.keytab.
rm_1        | maxApplications = 10000 [= configuredMaximumSystemApplicationsPerQueue or (int)(configuredMaximumSystemApplications * absoluteCapacity)]
scm_1       | 2019-10-21 22:57:47,641 INFO handler.ContextHandler: Started o.e.j.s.ServletContextHandler@1b6924cb{/static,jar:file:/opt/hadoop/share/ozone/lib/hadoop-hdds-server-scm-0.5.0-SNAPSHOT.jar!/webapps/static,AVAILABLE}
nm_1        | 2019-10-21 22:57:46 INFO  Server:1153 - IPC Server listener on 8040: starting
kms_1       | 	at org.eclipse.jetty.servlet.ServletHandler$CachedChain.doFilter(ServletHandler.java:1759)
datanode_3  | 2019-10-21 22:57:55,520 INFO server.RaftServerConfigKeys: raft.server.log.preallocated.size = 16384 (custom)
jhs         | Oct 21, 2019 10:57:44 PM com.sun.jersey.guice.spi.container.GuiceComponentProviderFactory register
om_1        | 2019-10-21 22:57:52,371 INFO db.DBStoreBuilder: Using default column profile:DBProfile.DISK for Table:default
datanode_1  | 2019-10-21 22:57:54,499 INFO server.RaftServerConfigKeys: raft.server.log.statemachine.data.sync = true (default)
datanode_2  | 2019-10-21 22:57:55,225 INFO impl.LeaderElection: 6895e716-254e-40b0-a6b6-952a84384dba@group-BF0717C028E0-LeaderElection1: begin an election at term 1 for -1: [6895e716-254e-40b0-a6b6-952a84384dba:172.18.0.10:9858], old=null
kdc_1       | WARNING: no policy specified for dn/1147f54cdd92@EXAMPLE.COM; defaulting to no policy
rm_1        | maxApplicationsPerUser = 10000 [= (int)(maxApplications * (userLimit / 100.0f) * userLimitFactor) ]
nm_1        | 2019-10-21 22:57:46 INFO  ResourceLocalizationService:392 - Localizer started on port 8040
kms_1       | 	at org.apache.hadoop.security.authentication.server.AuthenticationFilter.doFilter(AuthenticationFilter.java:644)
jhs         | INFO: Registering org.apache.hadoop.yarn.webapp.GenericExceptionHandler as a provider class
scm_1       | 2019-10-21 22:57:47,726 INFO server.KerberosAuthenticationHandler: Using keytab /etc/security/keytabs/HTTP.keytab, for principal HTTP/scm@EXAMPLE.COM
om_1        | 2019-10-21 22:57:52,373 INFO db.DBStoreBuilder: Using default options. DBProfile.DISK
datanode_3  | 2019-10-21 22:57:55,520 INFO server.RaftServerConfigKeys: raft.server.log.write.buffer.size = 33554432 (custom)
datanode_1  | 2019-10-21 22:57:54,500 INFO server.RaftServerConfigKeys: raft.server.log.statemachine.data.sync.timeout = 10s (default)
datanode_2  | 2019-10-21 22:57:55,226 INFO impl.RoleInfo: 6895e716-254e-40b0-a6b6-952a84384dba: shutdown LeaderElection
kdc_1       | Principal "dn/1147f54cdd92@EXAMPLE.COM" created.
rm_1        | usedCapacity = 0.0 [= usedResourcesMemory / (clusterResourceMemory * absoluteCapacity)]
nm_1        | 2019-10-21 22:57:46 INFO  IndexCache:47 - IndexCache created with max memory = 10485760
kms_1       | 	at org.apache.hadoop.security.token.delegation.web.DelegationTokenAuthenticationFilter.doFilter(DelegationTokenAuthenticationFilter.java:304)
jhs         | Oct 21, 2019 10:57:44 PM com.sun.jersey.server.impl.application.WebApplicationImpl _initiate
scm_1       | 2019-10-21 22:57:47,734 INFO handler.ContextHandler: Started o.e.j.w.WebAppContext@3b009e7b{/,file:///tmp/jetty-0.0.0.0-9876-scm-_-any-1350359504842819180.dir/webapp/,AVAILABLE}{/scm}
om_1        | 2019-10-21 22:57:52,888 INFO Configuration.deprecation: No unit for ozone.manager.delegation.remover.scan.interval(3600000) assuming MILLISECONDS
datanode_3  | 2019-10-21 22:57:55,521 INFO server.RaftServerConfigKeys: raft.server.log.force.sync.num = 128 (default)
datanode_1  | 2019-10-21 22:57:54,500 INFO server.RaftServerConfigKeys: raft.server.log.statemachine.data.sync.timeout.retry = -1 (default)
datanode_2  | 2019-10-21 22:57:55,227 INFO impl.RaftServerImpl: 6895e716-254e-40b0-a6b6-952a84384dba@group-BF0717C028E0: changes role from CANDIDATE to LEADER at term 1 for changeToLeader
kdc_1       | Authenticating as principal admin/admin with keytab /tmp/admin.keytab.
rm_1        | absoluteUsedCapacity = 0.0 [= usedResourcesMemory / clusterResourceMemory]
nm_1        | 2019-10-21 22:57:46 INFO  ShuffleHandler:549 - mapreduce_shuffle listening on port 13562
kms_1       | 	at org.apache.hadoop.security.authentication.server.AuthenticationFilter.doFilter(AuthenticationFilter.java:592)
jhs         | INFO: Initiating Jersey application, version 'Jersey: 1.19 02/11/2015 03:25 AM'
scm_1       | 2019-10-21 22:57:47,744 INFO server.AbstractConnector: Started ServerConnector@79a5730a{HTTP/1.1,[http/1.1]}{0.0.0.0:9876}
om_1        | 2019-10-21 22:57:52,890 [main] INFO       - Loaded 0 tokens
datanode_3  | 2019-10-21 22:57:55,522 INFO server.RaftServerConfigKeys: raft.server.log.statemachine.data.sync = true (default)
datanode_1  | 2019-10-21 22:57:54,510 INFO server.RaftServerConfigKeys: raft.server.log.statemachine.data.caching.enabled = true (custom)
datanode_2  | 2019-10-21 22:57:55,227 INFO impl.RaftServerImpl: 6895e716-254e-40b0-a6b6-952a84384dba@group-BF0717C028E0: change Leader from null to 6895e716-254e-40b0-a6b6-952a84384dba at term 1 for becomeLeader, leader elected after 302ms
rm_1        | maxAMResourcePerQueuePercent = 0.1 [= configuredMaximumAMResourcePercent ]
kdc_1       | Entry for principal dn/1147f54cdd92@EXAMPLE.COM with kvno 2, encryption type aes256-cts-hmac-sha1-96 added to keytab WRFILE:/data/dn.1147f54cdd92.keytab.
nm_1        | 2019-10-21 22:57:46 INFO  ContainerManagerImpl:666 - ContainerManager started at nm/172.18.0.11:45818
kms_1       | 	at org.apache.hadoop.crypto.key.kms.server.KMSAuthenticationFilter.doFilter(KMSAuthenticationFilter.java:142)
jhs         | Oct 21, 2019 10:57:44 PM com.sun.jersey.guice.spi.container.GuiceComponentProviderFactory getComponentProvider
scm_1       | 2019-10-21 22:57:47,744 INFO server.Server: Started @6392ms
om_1        | 2019-10-21 22:57:52,891 [main] INFO       - Loading token state into token manager.
datanode_3  | 2019-10-21 22:57:55,522 INFO server.RaftServerConfigKeys: raft.server.log.statemachine.data.sync.timeout = 10s (default)
datanode_1  | 2019-10-21 22:57:54,514 INFO segmented.SegmentedRaftLogWorker: 9d51d54a-8488-40cb-b5e9-dc62318a1a99@group-6776AE58875B-SegmentedRaftLogWorker: flushIndex: setUnconditionally 0 -> -1
datanode_2  | 2019-10-21 22:57:55,231 INFO server.RaftServerConfigKeys: raft.server.staging.catchup.gap = 1000 (default)
rm_1        | minimumAllocationFactor = 0.875 [= (float)(maximumAllocationMemory - minimumAllocationMemory) / maximumAllocationMemory ]
kdc_1       | Entry for principal dn/1147f54cdd92@EXAMPLE.COM with kvno 2, encryption type aes128-cts-hmac-sha1-96 added to keytab WRFILE:/data/dn.1147f54cdd92.keytab.
nm_1        | 2019-10-21 22:57:46 INFO  ContainerManagerImpl:667 - ContainerManager bound to 0.0.0.0/0.0.0.0:0
kms_1       | 	at org.eclipse.jetty.servlet.ServletHandler$CachedChain.doFilter(ServletHandler.java:1751)
jhs         | INFO: Binding org.apache.hadoop.yarn.webapp.GenericExceptionHandler to GuiceManagedComponentProvider with the scope "Singleton"
scm_1       | 2019-10-21 22:57:47,749 INFO impl.MetricsSinkAdapter: Sink prometheus started
om_1        | 2019-10-21 22:57:52,938 INFO ipc.CallQueueManager: Using callQueue: class java.util.concurrent.LinkedBlockingQueue, queueCapacity: 2000, scheduler: class org.apache.hadoop.ipc.DefaultRpcScheduler, ipcBackoff: false.
datanode_3  | 2019-10-21 22:57:55,522 INFO server.RaftServerConfigKeys: raft.server.log.statemachine.data.sync.timeout.retry = -1 (default)
datanode_1  | 2019-10-21 22:57:54,518 INFO server.RaftServerConfigKeys: raft.server.snapshot.auto.trigger.enabled = true (custom)
datanode_2  | 2019-10-21 22:57:55,231 INFO server.RaftServerConfigKeys: raft.server.rpc.sleep.time = 25ms (default)
rm_1        | maximumAllocation = <memory:8192, vCores:4> [= configuredMaxAllocation ]
kdc_1       | Generiting keytab
nm_1        | 2019-10-21 22:57:46 INFO  WebServer:99 - Instantiating NMWebApp at 0.0.0.0:8042
kms_1       | 	at org.apache.hadoop.http.HttpServer2$QuotingInputFilter.doFilter(HttpServer2.java:1609)
jhs         | Oct 21, 2019 10:57:44 PM com.sun.jersey.guice.spi.container.GuiceComponentProviderFactory getComponentProvider
scm_1       | 2019-10-21 22:57:47,749 INFO impl.MetricsSystemImpl: Registered sink prometheus
om_1        | 2019-10-21 22:57:52,949 INFO ipc.Server: Starting Socket Reader #1 for port 9862
datanode_3  | 2019-10-21 22:57:55,533 INFO server.RaftServerConfigKeys: raft.server.log.statemachine.data.caching.enabled = true (custom)
datanode_1  | 2019-10-21 22:57:54,519 INFO server.RaftServerConfigKeys: raft.server.snapshot.auto.trigger.threshold = 10000 (custom)
datanode_2  | 2019-10-21 22:57:55,234 INFO server.RaftServerConfigKeys: raft.server.write.element-limit = 4096 (default)
rm_1        | numContainers = 0 [= currentNumContainers ]
kdc_1       | Authenticating as principal admin/admin with keytab /tmp/admin.keytab.
nm_1        | 2019-10-21 22:57:46 INFO  log:192 - Logging initialized @3530ms
kms_1       | 	at org.eclipse.jetty.servlet.ServletHandler$CachedChain.doFilter(ServletHandler.java:1759)
jhs         | INFO: Binding org.apache.hadoop.yarn.webapp.YarnJacksonJaxbJsonProvider to GuiceManagedComponentProvider with the scope "Singleton"
scm_1       | 2019-10-21 22:57:47,764 INFO server.BaseHttpServer: HTTP server of SCM is listening at http://0.0.0.0:9876
om_1        | 2019-10-21 22:57:53,021 [main] INFO       - OzoneManager RPC server is listening at om/172.18.0.4:9862
datanode_3  | 2019-10-21 22:57:55,538 INFO segmented.SegmentedRaftLogWorker: 5bb7df37-7e02-4f8d-a5a7-f72a5cb5ab21@group-81820CA6A2FA-SegmentedRaftLogWorker: flushIndex: setUnconditionally 0 -> -1
datanode_1  | 2019-10-21 22:57:54,519 INFO server.RaftServerConfigKeys: raft.server.snapshot.retention.file.num = 5 (custom)
datanode_2  | 2019-10-21 22:57:55,238 INFO server.RaftServerConfigKeys: raft.server.watch.timeout = 10s (default)
rm_1        | state = RUNNING [= configuredState ]
kdc_1       | WARNING: no policy specified for scm/scm@EXAMPLE.COM; defaulting to no policy
nm_1        | 2019-10-21 22:57:46 INFO  AuthenticationFilter:240 - Unable to initialize FileSignerSecretProvider, falling back to use random secrets.
kms_1       | 	at org.apache.hadoop.http.NoCacheFilter.doFilter(NoCacheFilter.java:45)
jhs         | Oct 21, 2019 10:57:45 PM com.sun.jersey.guice.spi.container.GuiceComponentProviderFactory getComponentProvider
scm_1       | 2019-10-21 22:57:47,781 INFO util.JvmPauseMonitor: Starting JVM pause monitor
datanode_3  | 2019-10-21 22:57:55,544 INFO server.RaftServerConfigKeys: raft.server.snapshot.auto.trigger.enabled = true (custom)
datanode_1  | 2019-10-21 22:57:54,520 INFO server.RaftServerConfigKeys: raft.server.retrycache.expirytime = 600000ms (custom)
datanode_2  | 2019-10-21 22:57:55,238 INFO server.RaftServerConfigKeys: raft.server.watch.timeout.denomination = 1s (default)
rm_1        | acls = ADMINISTER_QUEUE:*SUBMIT_APP:* [= configuredAcls ]
kdc_1       | Principal "scm/scm@EXAMPLE.COM" created.
nm_1        | 2019-10-21 22:57:46 INFO  HttpRequestLog:81 - Http request log for http.requests.nodemanager is not defined
om_1        | 2019-10-21 22:57:53,104 INFO impl.MetricsConfig: Loaded properties from hadoop-metrics2.properties
kms_1       | 	at org.eclipse.jetty.servlet.ServletHandler$CachedChain.doFilter(ServletHandler.java:1759)
jhs         | INFO: Binding org.apache.hadoop.yarn.server.applicationhistoryservice.webapp.AHSWebServices to GuiceManagedComponentProvider with the scope "Singleton"
scm_1       | 2019-10-21 22:57:47,824 INFO ipc.Server: Auth successful for dn/6bef931d0b08@EXAMPLE.COM (auth:KERBEROS)
datanode_3  | 2019-10-21 22:57:55,545 INFO server.RaftServerConfigKeys: raft.server.snapshot.auto.trigger.threshold = 10000 (custom)
datanode_1  | 2019-10-21 22:57:54,547 INFO impl.RaftServerImpl: 9d51d54a-8488-40cb-b5e9-dc62318a1a99@group-6776AE58875B: start as a follower, conf=-1: [9d51d54a-8488-40cb-b5e9-dc62318a1a99:172.18.0.9:9858], old=null
datanode_2  | 2019-10-21 22:57:55,238 INFO server.RaftServerConfigKeys: raft.server.watch.element-limit = 65536 (default)
rm_1        | nodeLocalityDelay = 40
kdc_1       | Authenticating as principal admin/admin with keytab /tmp/admin.keytab.
nm_1        | 2019-10-21 22:57:46 INFO  HttpServer2:975 - Added global filter 'safety' (class=org.apache.hadoop.http.HttpServer2$QuotingInputFilter)
om_1        | 2019-10-21 22:57:53,160 INFO impl.MetricsSystemImpl: Scheduled Metric snapshot period at 10 second(s).
kms_1       | 	at org.eclipse.jetty.servlet.ServletHandler.doHandle(ServletHandler.java:582)
jhs         | Oct 21, 2019 10:57:45 PM com.sun.jersey.guice.spi.container.GuiceComponentProviderFactory getComponentProvider
scm_1       | 2019-10-21 22:57:47,832 INFO ipc.Server: Auth successful for dn/679a10b41394@EXAMPLE.COM (auth:KERBEROS)
datanode_3  | 2019-10-21 22:57:55,546 INFO server.RaftServerConfigKeys: raft.server.snapshot.retention.file.num = 5 (custom)
datanode_1  | 2019-10-21 22:57:54,548 INFO impl.RaftServerImpl: 9d51d54a-8488-40cb-b5e9-dc62318a1a99@group-6776AE58875B: changes role from      null to FOLLOWER at term 0 for startAsFollower
datanode_2  | 2019-10-21 22:57:55,250 INFO impl.RoleInfo: 6895e716-254e-40b0-a6b6-952a84384dba: start LeaderState
rm_1        | rackLocalityAdditionalDelay = -1
kdc_1       | Entry for principal scm/scm@EXAMPLE.COM with kvno 2, encryption type aes256-cts-hmac-sha1-96 added to keytab WRFILE:/data/scm.scm.keytab.
nm_1        | 2019-10-21 22:57:46 INFO  HttpServer2:948 - Added filter static_user_filter (class=org.apache.hadoop.http.lib.StaticUserWebFilter$StaticUserFilter) to context node
om_1        | 2019-10-21 22:57:53,161 INFO impl.MetricsSystemImpl: OzoneManager metrics system started
kms_1       | 	at org.eclipse.jetty.server.handler.ScopedHandler.handle(ScopedHandler.java:143)
jhs         | INFO: Binding org.apache.hadoop.yarn.server.timeline.webapp.TimelineWebServices to GuiceManagedComponentProvider with the scope "Singleton"
scm_1       | 2019-10-21 22:57:47,837 INFO ipc.Server: Auth successful for dn/1147f54cdd92@EXAMPLE.COM (auth:KERBEROS)
datanode_3  | 2019-10-21 22:57:55,547 INFO server.RaftServerConfigKeys: raft.server.retrycache.expirytime = 600000ms (custom)
datanode_1  | 2019-10-21 22:57:54,550 INFO impl.RoleInfo: 9d51d54a-8488-40cb-b5e9-dc62318a1a99: start FollowerState
rm_1        | labels=*,
datanode_2  | 2019-10-21 22:57:55,265 INFO segmented.SegmentedRaftLogWorker: 6895e716-254e-40b0-a6b6-952a84384dba@group-BF0717C028E0-SegmentedRaftLogWorker: Starting segment from index:0
