Attaching to ozonesecure-mr_datanode_2, ozonesecure-mr_datanode_1, ozonesecure-mr_datanode_3, ozonesecure-mr_nm_1, ozonesecure-mr_kdc_1, ozonesecure-mr_kms_1, ozonesecure-mr_rm_1, jhs, ozonesecure-mr_om_1, ozonesecure-mr_s3g_1, ozonesecure-mr_scm_1
datanode_2  | Sleeping for 5 seconds
datanode_2  | Setting up kerberos!!
datanode_2  | KDC ISSUER_SERVER => kdc:8081
datanode_2  | Sleeping for 5 seconds
datanode_2  | Got 200, KDC service ready!!
datanode_2  | Download dn/1147f54cdd92@EXAMPLE.COM keytab file to /etc/security/keytabs/dn.keytab
datanode_2  | --2019-10-21 22:57:04--  http://kdc:8081/keytab/1147f54cdd92/dn
datanode_2  | Resolving kdc (kdc)... 172.18.0.5
datanode_2  | Connecting to kdc (kdc)|172.18.0.5|:8081... connected.
datanode_2  | HTTP request sent, awaiting response... 200 OK
datanode_2  | Length: 158 [application/octet-stream]
datanode_2  | Saving to: '/etc/security/keytabs/dn.keytab'
datanode_2  | 
datanode_2  |      0K                                                       100% 3.41M=0s
datanode_2  | 
nm_1        | Sleeping for 5 seconds
datanode_2  | 2019-10-21 22:57:05 (3.41 MB/s) - '/etc/security/keytabs/dn.keytab' saved [158/158]
nm_1        | Setting up kerberos!!
nm_1        | KDC ISSUER_SERVER => kdc:8081
datanode_2  | 
datanode_1  | Sleeping for 5 seconds
datanode_2  | Keytab name: FILE:/etc/security/keytabs/dn.keytab
datanode_1  | Setting up kerberos!!
datanode_2  | KVNO Timestamp         Principal
nm_1        | /opt/starter.sh: line 66: SLEEP_SECONDS: command not found
datanode_1  | KDC ISSUER_SERVER => kdc:8081
datanode_2  | ---- ----------------- --------------------------------------------------------
kdc_1       | Issuer is listening on : 8081krb5kdc: starting...
nm_1        | Sleeping for  seconds
datanode_1  | Sleeping for 5 seconds
datanode_3  | Sleeping for 5 seconds
rm_1        | Sleeping for 5 seconds
datanode_2  |    2 10/21/19 22:57:05 dn/1147f54cdd92@EXAMPLE.COM
kdc_1       | kadmind: starting...
kms_1       | Sleeping for 5 seconds
datanode_1  | Got 200, KDC service ready!!
nm_1        | Got 200, KDC service ready!!
rm_1        | Setting up kerberos!!
datanode_2  |    2 10/21/19 22:57:05 dn/1147f54cdd92@EXAMPLE.COM
kms_1       | Setting up kerberos!!
datanode_1  | Download dn/6bef931d0b08@EXAMPLE.COM keytab file to /etc/security/keytabs/dn.keytab
nm_1        | Download dn/nm@EXAMPLE.COM keytab file to /etc/security/keytabs/dn.keytab
datanode_3  | Setting up kerberos!!
kdc_1       | Oct 21 22:56:27 2a40826ee17b kadmin.local[1](info): No dictionary file specified, continuing without one.
rm_1        | KDC ISSUER_SERVER => kdc:8081
s3g_1       | Sleeping for 5 seconds
datanode_2  | Download om/1147f54cdd92@EXAMPLE.COM keytab file to /etc/security/keytabs/om.keytab
scm_1       | Sleeping for 5 seconds
kms_1       | KDC ISSUER_SERVER => kdc:8081
datanode_1  | --2019-10-21 22:57:05--  http://kdc:8081/keytab/6bef931d0b08/dn
nm_1        | --2019-10-21 22:57:04--  http://kdc:8081/keytab/nm/dn
datanode_3  | KDC ISSUER_SERVER => kdc:8081
kdc_1       | Oct 21 22:56:29 4e944ed7fabc kadmin.local[1](info): No dictionary file specified, continuing without one.
rm_1        | /opt/starter.sh: line 66: SLEEP_SECONDS: command not found
jhs         | Sleeping for 5 seconds
datanode_2  | --2019-10-21 22:57:05--  http://kdc:8081/keytab/1147f54cdd92/om
kms_1       | /opt/starter.sh: line 66: SLEEP_SECONDS: command not found
s3g_1       | Setting up kerberos!!
scm_1       | Setting up kerberos!!
datanode_1  | Resolving kdc (kdc)... 172.18.0.5
nm_1        | Resolving kdc (kdc)... 172.18.0.5
datanode_3  | Sleeping for 5 seconds
kdc_1       | Oct 21 22:56:57 kdc kadmind[15](info): No dictionary file specified, continuing without one.
jhs         | Setting up kerberos!!
datanode_2  | Resolving kdc (kdc)... 172.18.0.5
kms_1       | Sleeping for  seconds
rm_1        | Sleeping for  seconds
s3g_1       | KDC ISSUER_SERVER => kdc:8081
scm_1       | KDC ISSUER_SERVER => kdc:8081
om_1        | Sleeping for 5 seconds
nm_1        | Connecting to kdc (kdc)|172.18.0.5|:8081... connected.
datanode_1  | Connecting to kdc (kdc)|172.18.0.5|:8081... connected.
datanode_3  | Got 200, KDC service ready!!
kdc_1       | Oct 21 22:56:57 kdc kadmind[15](info): setting up network...
jhs         | KDC ISSUER_SERVER => kdc:8081
datanode_2  | Connecting to kdc (kdc)|172.18.0.5|:8081... connected.
kms_1       | Got 200, KDC service ready!!
rm_1        | Got 200, KDC service ready!!
s3g_1       | Sleeping for 5 seconds
scm_1       | Sleeping for 5 seconds
om_1        | Setting up kerberos!!
nm_1        | HTTP request sent, awaiting response... 200 OK
datanode_3  | Download dn/679a10b41394@EXAMPLE.COM keytab file to /etc/security/keytabs/dn.keytab
kdc_1       | kadmind: setsockopt(9,IPV6_V6ONLY,1) worked
jhs         | /opt/starter.sh: line 66: SLEEP_SECONDS: command not found
datanode_1  | HTTP request sent, awaiting response... 200 OK
datanode_2  | HTTP request sent, awaiting response... 200 OK
kms_1       | Download dn/02c6d70f3fe3@EXAMPLE.COM keytab file to /etc/security/keytabs/dn.keytab
rm_1        | Download dn/rm@EXAMPLE.COM keytab file to /etc/security/keytabs/dn.keytab
s3g_1       | Got 200, KDC service ready!!
scm_1       | Got 200, KDC service ready!!
om_1        | KDC ISSUER_SERVER => kdc:8081
nm_1        | Length: 138 [application/octet-stream]
datanode_3  | --2019-10-21 22:57:04--  http://kdc:8081/keytab/679a10b41394/dn
kdc_1       | kadmind: setsockopt(11,IPV6_V6ONLY,1) worked
jhs         | Sleeping for  seconds
datanode_1  | Length: 158 [application/octet-stream]
datanode_2  | Length: 158 [application/octet-stream]
kms_1       | --2019-10-21 22:57:03--  http://kdc:8081/keytab/02c6d70f3fe3/dn
rm_1        | --2019-10-21 22:57:03--  http://kdc:8081/keytab/rm/dn
s3g_1       | Download dn/s3g@EXAMPLE.COM keytab file to /etc/security/keytabs/dn.keytab
scm_1       | Download dn/scm@EXAMPLE.COM keytab file to /etc/security/keytabs/dn.keytab
om_1        | Sleeping for 5 seconds
nm_1        | Saving to: '/etc/security/keytabs/dn.keytab'
datanode_3  | Resolving kdc (kdc)... 172.18.0.5
kdc_1       | kadmind: setsockopt(13,IPV6_V6ONLY,1) worked
jhs         | Got 200, KDC service ready!!
datanode_1  | Saving to: '/etc/security/keytabs/dn.keytab'
datanode_2  | Saving to: '/etc/security/keytabs/om.keytab'
kms_1       | Resolving kdc (kdc)... 172.18.0.5
rm_1        | Resolving kdc (kdc)... 172.18.0.5
s3g_1       | --2019-10-21 22:57:03--  http://kdc:8081/keytab/s3g/dn
scm_1       | --2019-10-21 22:57:03--  http://kdc:8081/keytab/scm/dn
om_1        | Got 200, KDC service ready!!
nm_1        | 
datanode_3  | Connecting to kdc (kdc)|172.18.0.5|:8081... connected.
kdc_1       | Oct 21 22:56:57 kdc kadmind[15](info): set up 6 sockets
jhs         | Download dn/jhs@EXAMPLE.COM keytab file to /etc/security/keytabs/dn.keytab
datanode_1  | 
datanode_2  | 
kms_1       | Connecting to kdc (kdc)|172.18.0.5|:8081... connected.
rm_1        | Connecting to kdc (kdc)|172.18.0.5|:8081... connected.
s3g_1       | Resolving kdc (kdc)... 172.18.0.5
scm_1       | Resolving kdc (kdc)... 172.18.0.5
om_1        | Download dn/om@EXAMPLE.COM keytab file to /etc/security/keytabs/dn.keytab
nm_1        |      0K                                                       100% 18.5M=0s
datanode_3  | HTTP request sent, awaiting response... 200 OK
kdc_1       | Oct 21 22:56:57 kdc kadmind[15](info): Seeding random number generator
jhs         | --2019-10-21 22:57:03--  http://kdc:8081/keytab/jhs/dn
datanode_1  |      0K                                                       100% 14.8M=0s
datanode_2  |      0K                                                       100% 10.8M=0s
kms_1       | HTTP request sent, awaiting response... 200 OK
rm_1        | HTTP request sent, awaiting response... 200 OK
s3g_1       | Connecting to kdc (kdc)|172.18.0.5|:8081... connected.
scm_1       | Connecting to kdc (kdc)|172.18.0.5|:8081... connected.
om_1        | --2019-10-21 22:57:03--  http://kdc:8081/keytab/om/dn
nm_1        | 
datanode_3  | Length: 158 [application/octet-stream]
kdc_1       | Oct 21 22:56:57 kdc kadmind[15](info): starting
jhs         | Resolving kdc (kdc)... 172.18.0.5
datanode_1  | 
datanode_2  | 
kms_1       | Length: 158 [application/octet-stream]
rm_1        | Length: 138 [application/octet-stream]
s3g_1       | HTTP request sent, awaiting response... 200 OK
om_1        | Resolving kdc (kdc)... 172.18.0.5
nm_1        | 2019-10-21 22:57:05 (18.5 MB/s) - '/etc/security/keytabs/dn.keytab' saved [138/138]
kdc_1       | otp: Loaded
datanode_3  | Saving to: '/etc/security/keytabs/dn.keytab'
scm_1       | HTTP request sent, awaiting response... 200 OK
jhs         | Connecting to kdc (kdc)|172.18.0.5|:8081... connected.
datanode_1  | 2019-10-21 22:57:06 (14.8 MB/s) - '/etc/security/keytabs/dn.keytab' saved [158/158]
datanode_2  | 2019-10-21 22:57:06 (10.8 MB/s) - '/etc/security/keytabs/om.keytab' saved [158/158]
kms_1       | Saving to: '/etc/security/keytabs/dn.keytab'
rm_1        | Saving to: '/etc/security/keytabs/dn.keytab'
s3g_1       | Length: 140 [application/octet-stream]
nm_1        | 
kdc_1       | Oct 21 22:56:53 kdc krb5kdc[9](info): setting up network...
datanode_3  | 
scm_1       | Length: 140 [application/octet-stream]
datanode_1  | 
om_1        | Connecting to kdc (kdc)|172.18.0.5|:8081... connected.
datanode_2  | 
kms_1       | 
rm_1        | 
s3g_1       | Saving to: '/etc/security/keytabs/dn.keytab'
jhs         | HTTP request sent, awaiting response... 200 OK
nm_1        | Keytab name: FILE:/etc/security/keytabs/dn.keytab
kdc_1       | krb5kdc: setsockopt(9,IPV6_V6ONLY,1) worked
datanode_3  |      0K                                                       100% 14.3M=0s
scm_1       | Saving to: '/etc/security/keytabs/dn.keytab'
datanode_1  | Keytab name: FILE:/etc/security/keytabs/dn.keytab
om_1        | HTTP request sent, awaiting response... 200 OK
datanode_2  | Keytab name: FILE:/etc/security/keytabs/om.keytab
kms_1       |      0K                                                       100% 12.2M=0s
rm_1        |      0K                                                       100% 11.1M=0s
jhs         | Length: 140 [application/octet-stream]
s3g_1       | 
nm_1        | KVNO Timestamp         Principal
kdc_1       | krb5kdc: setsockopt(11,IPV6_V6ONLY,1) worked
datanode_3  | 
scm_1       | 
datanode_1  | KVNO Timestamp         Principal
om_1        | Length: 138 [application/octet-stream]
datanode_2  | KVNO Timestamp         Principal
kms_1       | 
rm_1        | 
s3g_1       |      0K                                                       100% 12.3M=0s
nm_1        | ---- ----------------- --------------------------------------------------------
jhs         | Saving to: '/etc/security/keytabs/dn.keytab'
kdc_1       | Oct 21 22:56:53 kdc krb5kdc[9](info): set up 4 sockets
datanode_3  | 2019-10-21 22:57:05 (14.3 MB/s) - '/etc/security/keytabs/dn.keytab' saved [158/158]
scm_1       |      0K                                                       100% 19.3M=0s
datanode_1  | ---- ----------------- --------------------------------------------------------
om_1        | Saving to: '/etc/security/keytabs/dn.keytab'
datanode_2  | ---- ----------------- --------------------------------------------------------
kms_1       | 2019-10-21 22:57:04 (12.2 MB/s) - '/etc/security/keytabs/dn.keytab' saved [158/158]
rm_1        | 2019-10-21 22:57:04 (11.1 MB/s) - '/etc/security/keytabs/dn.keytab' saved [138/138]
s3g_1       | 
nm_1        |    2 10/21/19 22:57:05 dn/nm@EXAMPLE.COM
jhs         | 
kdc_1       | Oct 21 22:56:53 kdc krb5kdc[9](info): commencing operation
datanode_3  | 
scm_1       | 
datanode_1  |    2 10/21/19 22:57:06 dn/6bef931d0b08@EXAMPLE.COM
om_1        | 
kms_1       | 
datanode_2  |    2 10/21/19 22:57:06 om/1147f54cdd92@EXAMPLE.COM
rm_1        | 
nm_1        |    2 10/21/19 22:57:05 dn/nm@EXAMPLE.COM
jhs         |      0K                                                       100% 8.00M=0s
kdc_1       | Generiting keytab
datanode_3  | Keytab name: FILE:/etc/security/keytabs/dn.keytab
s3g_1       | 2019-10-21 22:57:04 (12.3 MB/s) - '/etc/security/keytabs/dn.keytab' saved [140/140]
scm_1       | 2019-10-21 22:57:03 (19.3 MB/s) - '/etc/security/keytabs/dn.keytab' saved [140/140]
datanode_1  |    2 10/21/19 22:57:06 dn/6bef931d0b08@EXAMPLE.COM
om_1        |      0K                                                       100% 18.4M=0s
kms_1       | Keytab name: FILE:/etc/security/keytabs/dn.keytab
datanode_2  |    2 10/21/19 22:57:06 om/1147f54cdd92@EXAMPLE.COM
rm_1        | Keytab name: FILE:/etc/security/keytabs/dn.keytab
nm_1        | Download om/nm@EXAMPLE.COM keytab file to /etc/security/keytabs/om.keytab
jhs         | 
kdc_1       | Authenticating as principal admin/admin with keytab /tmp/admin.keytab.
datanode_3  | KVNO Timestamp         Principal
s3g_1       | 
scm_1       | 
datanode_1  | Download om/6bef931d0b08@EXAMPLE.COM keytab file to /etc/security/keytabs/om.keytab
om_1        | 
kms_1       | KVNO Timestamp         Principal
datanode_2  | Download scm/1147f54cdd92@EXAMPLE.COM keytab file to /etc/security/keytabs/scm.keytab
rm_1        | KVNO Timestamp         Principal
nm_1        | --2019-10-21 22:57:05--  http://kdc:8081/keytab/nm/om
jhs         | 2019-10-21 22:57:04 (8.00 MB/s) - '/etc/security/keytabs/dn.keytab' saved [140/140]
kdc_1       | WARNING: no policy specified for test/test@EXAMPLE.COM; defaulting to no policy
datanode_3  | ---- ----------------- --------------------------------------------------------
s3g_1       | Keytab name: FILE:/etc/security/keytabs/dn.keytab
scm_1       | Keytab name: FILE:/etc/security/keytabs/dn.keytab
datanode_1  | --2019-10-21 22:57:06--  http://kdc:8081/keytab/6bef931d0b08/om
om_1        | 2019-10-21 22:57:04 (18.4 MB/s) - '/etc/security/keytabs/dn.keytab' saved [138/138]
kms_1       | ---- ----------------- --------------------------------------------------------
datanode_2  | --2019-10-21 22:57:06--  http://kdc:8081/keytab/1147f54cdd92/scm
rm_1        | ---- ----------------- --------------------------------------------------------
jhs         | 
nm_1        | Resolving kdc (kdc)... 172.18.0.5
kdc_1       | Oct 21 22:57:03 kdc krb5kdc[9](info): AS_REQ (8 etypes {18 17 20 19 16 23 25 26}) 127.0.0.1: SERVER_NOT_FOUND: admin/admin@EXAMPLE.COM for kadmin/localhost@EXAMPLE.COM, Server not found in Kerberos database
datanode_3  |    2 10/21/19 22:57:05 dn/679a10b41394@EXAMPLE.COM
s3g_1       | KVNO Timestamp         Principal
scm_1       | KVNO Timestamp         Principal
datanode_1  | Resolving kdc (kdc)... 172.18.0.5
om_1        | 
kms_1       |    2 10/21/19 22:57:04 dn/02c6d70f3fe3@EXAMPLE.COM
datanode_2  | Resolving kdc (kdc)... 172.18.0.5
rm_1        |    2 10/21/19 22:57:04 dn/rm@EXAMPLE.COM
jhs         | Keytab name: FILE:/etc/security/keytabs/dn.keytab
nm_1        | Connecting to kdc (kdc)|172.18.0.5|:8081... connected.
kdc_1       | Oct 21 22:57:03 kdc krb5kdc[9](info): AS_REQ (8 etypes {18 17 20 19 16 23 25 26}) 127.0.0.1: ISSUE: authtime 1571698623, etypes {rep=18 tkt=18 ses=18}, admin/admin@EXAMPLE.COM for kadmin/admin@EXAMPLE.COM
datanode_3  |    2 10/21/19 22:57:05 dn/679a10b41394@EXAMPLE.COM
s3g_1       | ---- ----------------- --------------------------------------------------------
scm_1       | ---- ----------------- --------------------------------------------------------
datanode_1  | Connecting to kdc (kdc)|172.18.0.5|:8081... connected.
om_1        | Keytab name: FILE:/etc/security/keytabs/dn.keytab
kms_1       |    2 10/21/19 22:57:04 dn/02c6d70f3fe3@EXAMPLE.COM
rm_1        |    2 10/21/19 22:57:04 dn/rm@EXAMPLE.COM
datanode_2  | Connecting to kdc (kdc)|172.18.0.5|:8081... connected.
nm_1        | HTTP request sent, awaiting response... 200 OK
jhs         | KVNO Timestamp         Principal
kdc_1       | Oct 21 22:57:03 kdc kadmind[15](Notice): Request: kadm5_init, admin/admin@EXAMPLE.COM, success, client=admin/admin@EXAMPLE.COM, service=kadmin/admin@EXAMPLE.COM, addr=127.0.0.1, vers=4, flavor=6
datanode_3  | Download om/679a10b41394@EXAMPLE.COM keytab file to /etc/security/keytabs/om.keytab
s3g_1       |    2 10/21/19 22:57:04 dn/s3g@EXAMPLE.COM
scm_1       |    2 10/21/19 22:57:03 dn/scm@EXAMPLE.COM
datanode_1  | HTTP request sent, awaiting response... 200 OK
om_1        | KVNO Timestamp         Principal
kms_1       | Download om/02c6d70f3fe3@EXAMPLE.COM keytab file to /etc/security/keytabs/om.keytab
rm_1        | Download om/rm@EXAMPLE.COM keytab file to /etc/security/keytabs/om.keytab
datanode_2  | HTTP request sent, awaiting response... 200 OK
nm_1        | Length: 138 [application/octet-stream]
jhs         | ---- ----------------- --------------------------------------------------------
kdc_1       | Oct 21 22:57:03 kdc kadmind[15](Notice): Request: kadm5_get_policy, default, Policy does not exist, client=admin/admin@EXAMPLE.COM, service=kadmin/admin@EXAMPLE.COM, addr=127.0.0.1
datanode_3  | --2019-10-21 22:57:05--  http://kdc:8081/keytab/679a10b41394/om
s3g_1       |    2 10/21/19 22:57:04 dn/s3g@EXAMPLE.COM
scm_1       |    2 10/21/19 22:57:03 dn/scm@EXAMPLE.COM
datanode_1  | Length: 158 [application/octet-stream]
om_1        | ---- ----------------- --------------------------------------------------------
kms_1       | --2019-10-21 22:57:04--  http://kdc:8081/keytab/02c6d70f3fe3/om
datanode_2  | Length: 160 [application/octet-stream]
nm_1        | Saving to: '/etc/security/keytabs/om.keytab'
jhs         |    2 10/21/19 22:57:04 dn/jhs@EXAMPLE.COM
rm_1        | --2019-10-21 22:57:04--  http://kdc:8081/keytab/rm/om
kdc_1       | Principal "test/test@EXAMPLE.COM" created.
datanode_3  | Resolving kdc (kdc)... 172.18.0.5
s3g_1       | Download om/s3g@EXAMPLE.COM keytab file to /etc/security/keytabs/om.keytab
datanode_1  | Saving to: '/etc/security/keytabs/om.keytab'
om_1        |    2 10/21/19 22:57:04 dn/om@EXAMPLE.COM
datanode_2  | Saving to: '/etc/security/keytabs/scm.keytab'
kms_1       | Resolving kdc (kdc)... 172.18.0.5
scm_1       | Download om/scm@EXAMPLE.COM keytab file to /etc/security/keytabs/om.keytab
nm_1        | 
jhs         |    2 10/21/19 22:57:04 dn/jhs@EXAMPLE.COM
rm_1        | Resolving kdc (kdc)... 172.18.0.5
kdc_1       | Authenticating as principal admin/admin with keytab /tmp/admin.keytab.
datanode_3  | Connecting to kdc (kdc)|172.18.0.5|:8081... connected.
s3g_1       | --2019-10-21 22:57:04--  http://kdc:8081/keytab/s3g/om
datanode_1  | 
datanode_2  | 
om_1        |    2 10/21/19 22:57:04 dn/om@EXAMPLE.COM
kms_1       | Connecting to kdc (kdc)|172.18.0.5|:8081... connected.
scm_1       | --2019-10-21 22:57:03--  http://kdc:8081/keytab/scm/om
nm_1        |      0K                                                       100% 9.80M=0s
jhs         | Download om/jhs@EXAMPLE.COM keytab file to /etc/security/keytabs/om.keytab
rm_1        | Connecting to kdc (kdc)|172.18.0.5|:8081... connected.
kdc_1       | Entry for principal test/test@EXAMPLE.COM with kvno 2, encryption type aes256-cts-hmac-sha1-96 added to keytab WRFILE:/data/test.test.keytab.
datanode_3  | HTTP request sent, awaiting response... 200 OK
s3g_1       | Resolving kdc (kdc)... 172.18.0.5
datanode_1  |      0K                                                       100% 8.43M=0s
datanode_2  |      0K                                                       100% 20.5M=0s
om_1        | Download om/om@EXAMPLE.COM keytab file to /etc/security/keytabs/om.keytab
kms_1       | HTTP request sent, awaiting response... 200 OK
scm_1       | Resolving kdc (kdc)... 172.18.0.5
nm_1        | 
jhs         | --2019-10-21 22:57:04--  http://kdc:8081/keytab/jhs/om
rm_1        | HTTP request sent, awaiting response... 200 OK
kdc_1       | Entry for principal test/test@EXAMPLE.COM with kvno 2, encryption type aes128-cts-hmac-sha1-96 added to keytab WRFILE:/data/test.test.keytab.
datanode_3  | Length: 158 [application/octet-stream]
datanode_1  | 
datanode_2  | 
om_1        | --2019-10-21 22:57:04--  http://kdc:8081/keytab/om/om
kms_1       | Length: 158 [application/octet-stream]
s3g_1       | Connecting to kdc (kdc)|172.18.0.5|:8081... connected.
scm_1       | Connecting to kdc (kdc)|172.18.0.5|:8081... connected.
nm_1        | 2019-10-21 22:57:07 (9.80 MB/s) - '/etc/security/keytabs/om.keytab' saved [138/138]
jhs         | Resolving kdc (kdc)... 172.18.0.5
rm_1        | Length: 138 [application/octet-stream]
kdc_1       | Generiting keytab
datanode_3  | Saving to: '/etc/security/keytabs/om.keytab'
datanode_1  | 2019-10-21 22:57:07 (8.43 MB/s) - '/etc/security/keytabs/om.keytab' saved [158/158]
datanode_2  | 2019-10-21 22:57:08 (20.5 MB/s) - '/etc/security/keytabs/scm.keytab' saved [160/160]
om_1        | Resolving kdc (kdc)... 172.18.0.5
kms_1       | Saving to: '/etc/security/keytabs/om.keytab'
s3g_1       | HTTP request sent, awaiting response... 200 OK
scm_1       | HTTP request sent, awaiting response... 200 OK
nm_1        | 
jhs         | Connecting to kdc (kdc)|172.18.0.5|:8081... connected.
rm_1        | Saving to: '/etc/security/keytabs/om.keytab'
kdc_1       | Authenticating as principal admin/admin with keytab /tmp/admin.keytab.
datanode_3  | 
datanode_1  | 
datanode_2  | 
om_1        | Connecting to kdc (kdc)|172.18.0.5|:8081... connected.
kms_1       | 
s3g_1       | Length: 140 [application/octet-stream]
scm_1       | Length: 140 [application/octet-stream]
nm_1        | Keytab name: FILE:/etc/security/keytabs/om.keytab
jhs         | HTTP request sent, awaiting response... 200 OK
rm_1        | 
kdc_1       | WARNING: no policy specified for test/test@EXAMPLE.COM; defaulting to no policy
datanode_3  |      0K                                                       100% 12.2M=0s
datanode_1  | Keytab name: FILE:/etc/security/keytabs/om.keytab
datanode_2  | Keytab name: FILE:/etc/security/keytabs/scm.keytab
om_1        | HTTP request sent, awaiting response... 200 OK
s3g_1       | Saving to: '/etc/security/keytabs/om.keytab'
scm_1       | Saving to: '/etc/security/keytabs/om.keytab'
s3g_1       | 
nm_1        | KVNO Timestamp         Principal
jhs         | Length: 140 [application/octet-stream]
rm_1        |      0K                                                       100% 11.1M=0s
kdc_1       | add_principal: Principal or policy already exists while creating "test/test@EXAMPLE.COM".
datanode_3  | 
datanode_1  | KVNO Timestamp         Principal
datanode_2  | KVNO Timestamp         Principal
om_1        | Length: 138 [application/octet-stream]
kms_1       |      0K                                                       100% 9.21M=0s
scm_1       | 
s3g_1       |      0K                                                       100% 10.6M=0s
nm_1        | ---- ----------------- --------------------------------------------------------
jhs         | Saving to: '/etc/security/keytabs/om.keytab'
rm_1        | 
kdc_1       | Authenticating as principal admin/admin with keytab /tmp/admin.keytab.
datanode_3  | 2019-10-21 22:57:07 (12.2 MB/s) - '/etc/security/keytabs/om.keytab' saved [158/158]
datanode_1  | ---- ----------------- --------------------------------------------------------
datanode_2  | ---- ----------------- --------------------------------------------------------
om_1        | Saving to: '/etc/security/keytabs/om.keytab'
kms_1       | 
scm_1       |      0K                                                       100% 12.2M=0s
s3g_1       | 
nm_1        |    2 10/21/19 22:57:07 om/nm@EXAMPLE.COM
jhs         | 
rm_1        | 2019-10-21 22:57:05 (11.1 MB/s) - '/etc/security/keytabs/om.keytab' saved [138/138]
kdc_1       | Entry for principal test/test@EXAMPLE.COM with kvno 3, encryption type aes256-cts-hmac-sha1-96 added to keytab WRFILE:/data/test.test.keytab.
datanode_3  | 
datanode_1  |    2 10/21/19 22:57:07 om/6bef931d0b08@EXAMPLE.COM
datanode_2  |    2 10/21/19 22:57:08 scm/1147f54cdd92@EXAMPLE.COM
om_1        | 
kms_1       | 2019-10-21 22:57:05 (9.21 MB/s) - '/etc/security/keytabs/om.keytab' saved [158/158]
scm_1       | 
s3g_1       | 2019-10-21 22:57:05 (10.6 MB/s) - '/etc/security/keytabs/om.keytab' saved [140/140]
nm_1        |    2 10/21/19 22:57:07 om/nm@EXAMPLE.COM
jhs         |      0K                                                       100% 16.6M=0s
rm_1        | 
kdc_1       | Entry for principal test/test@EXAMPLE.COM with kvno 3, encryption type aes128-cts-hmac-sha1-96 added to keytab WRFILE:/data/test.test.keytab.
datanode_3  | Keytab name: FILE:/etc/security/keytabs/om.keytab
datanode_1  |    2 10/21/19 22:57:07 om/6bef931d0b08@EXAMPLE.COM
datanode_2  |    2 10/21/19 22:57:08 scm/1147f54cdd92@EXAMPLE.COM
om_1        |      0K                                                       100% 12.0M=0s
kms_1       | 
scm_1       | 2019-10-21 22:57:04 (12.2 MB/s) - '/etc/security/keytabs/om.keytab' saved [140/140]
s3g_1       | 
nm_1        | Download scm/nm@EXAMPLE.COM keytab file to /etc/security/keytabs/scm.keytab
jhs         | 
rm_1        | Keytab name: FILE:/etc/security/keytabs/om.keytab
kdc_1       | Generiting keytab
datanode_3  | KVNO Timestamp         Principal
datanode_1  | Download scm/6bef931d0b08@EXAMPLE.COM keytab file to /etc/security/keytabs/scm.keytab
datanode_2  | Download HTTP/1147f54cdd92@EXAMPLE.COM keytab file to /etc/security/keytabs/HTTP.keytab
kms_1       | Keytab name: FILE:/etc/security/keytabs/om.keytab
scm_1       | 
om_1        | 
s3g_1       | Keytab name: FILE:/etc/security/keytabs/om.keytab
nm_1        | --2019-10-21 22:57:07--  http://kdc:8081/keytab/nm/scm
jhs         | 2019-10-21 22:57:04 (16.6 MB/s) - '/etc/security/keytabs/om.keytab' saved [140/140]
rm_1        | KVNO Timestamp         Principal
kdc_1       | Authenticating as principal admin/admin with keytab /tmp/admin.keytab.
datanode_3  | ---- ----------------- --------------------------------------------------------
datanode_1  | --2019-10-21 22:57:07--  http://kdc:8081/keytab/6bef931d0b08/scm
datanode_2  | --2019-10-21 22:57:08--  http://kdc:8081/keytab/1147f54cdd92/HTTP
kms_1       | KVNO Timestamp         Principal
scm_1       | Keytab name: FILE:/etc/security/keytabs/om.keytab
om_1        | 2019-10-21 22:57:05 (12.0 MB/s) - '/etc/security/keytabs/om.keytab' saved [138/138]
s3g_1       | KVNO Timestamp         Principal
nm_1        | Resolving kdc (kdc)... 172.18.0.5
jhs         | 
rm_1        | ---- ----------------- --------------------------------------------------------
kdc_1       | WARNING: no policy specified for test/test@EXAMPLE.COM; defaulting to no policy
datanode_3  |    2 10/21/19 22:57:07 om/679a10b41394@EXAMPLE.COM
datanode_1  | Resolving kdc (kdc)... 172.18.0.5
datanode_2  | Resolving kdc (kdc)... 172.18.0.5
kms_1       | ---- ----------------- --------------------------------------------------------
scm_1       | KVNO Timestamp         Principal
om_1        | 
s3g_1       | ---- ----------------- --------------------------------------------------------
nm_1        | Connecting to kdc (kdc)|172.18.0.5|:8081... connected.
jhs         | Keytab name: FILE:/etc/security/keytabs/om.keytab
rm_1        |    2 10/21/19 22:57:05 om/rm@EXAMPLE.COM
kdc_1       | add_principal: Principal or policy already exists while creating "test/test@EXAMPLE.COM".
datanode_3  |    2 10/21/19 22:57:07 om/679a10b41394@EXAMPLE.COM
datanode_1  | Connecting to kdc (kdc)|172.18.0.5|:8081... connected.
datanode_2  | Connecting to kdc (kdc)|172.18.0.5|:8081... connected.
kms_1       |    2 10/21/19 22:57:05 om/02c6d70f3fe3@EXAMPLE.COM
scm_1       | ---- ----------------- --------------------------------------------------------
om_1        | Keytab name: FILE:/etc/security/keytabs/om.keytab
s3g_1       |    2 10/21/19 22:57:04 om/s3g@EXAMPLE.COM
nm_1        | HTTP request sent, awaiting response... 200 OK
rm_1        |    2 10/21/19 22:57:05 om/rm@EXAMPLE.COM
kdc_1       | Authenticating as principal admin/admin with keytab /tmp/admin.keytab.
jhs         | KVNO Timestamp         Principal
datanode_3  | Download scm/679a10b41394@EXAMPLE.COM keytab file to /etc/security/keytabs/scm.keytab
datanode_1  | HTTP request sent, awaiting response... 200 OK
datanode_2  | HTTP request sent, awaiting response... 200 OK
kms_1       |    2 10/21/19 22:57:05 om/02c6d70f3fe3@EXAMPLE.COM
scm_1       |    2 10/21/19 22:57:04 om/scm@EXAMPLE.COM
om_1        | KVNO Timestamp         Principal
s3g_1       |    2 10/21/19 22:57:04 om/s3g@EXAMPLE.COM
nm_1        | Length: 140 [application/octet-stream]
rm_1        | Download scm/rm@EXAMPLE.COM keytab file to /etc/security/keytabs/scm.keytab
kdc_1       | Entry for principal test/test@EXAMPLE.COM with kvno 4, encryption type aes256-cts-hmac-sha1-96 added to keytab WRFILE:/data/test.test.keytab.
jhs         | ---- ----------------- --------------------------------------------------------
datanode_3  | --2019-10-21 22:57:07--  http://kdc:8081/keytab/679a10b41394/scm
datanode_1  | Length: 160 [application/octet-stream]
datanode_2  | Length: 162 [application/octet-stream]
kms_1       | Download scm/02c6d70f3fe3@EXAMPLE.COM keytab file to /etc/security/keytabs/scm.keytab
scm_1       |    2 10/21/19 22:57:04 om/scm@EXAMPLE.COM
om_1        | ---- ----------------- --------------------------------------------------------
s3g_1       | Download scm/s3g@EXAMPLE.COM keytab file to /etc/security/keytabs/scm.keytab
nm_1        | Saving to: '/etc/security/keytabs/scm.keytab'
rm_1        | --2019-10-21 22:57:05--  http://kdc:8081/keytab/rm/scm
kdc_1       | Entry for principal test/test@EXAMPLE.COM with kvno 4, encryption type aes128-cts-hmac-sha1-96 added to keytab WRFILE:/data/test.test.keytab.
jhs         |    2 10/21/19 22:57:04 om/jhs@EXAMPLE.COM
datanode_3  | Resolving kdc (kdc)... 172.18.0.5
datanode_1  | Saving to: '/etc/security/keytabs/scm.keytab'
datanode_2  | Saving to: '/etc/security/keytabs/HTTP.keytab'
kms_1       | --2019-10-21 22:57:05--  http://kdc:8081/keytab/02c6d70f3fe3/scm
scm_1       | Download scm/scm@EXAMPLE.COM keytab file to /etc/security/keytabs/scm.keytab
om_1        |    2 10/21/19 22:57:05 om/om@EXAMPLE.COM
s3g_1       | --2019-10-21 22:57:05--  http://kdc:8081/keytab/s3g/scm
nm_1        | 
rm_1        | Resolving kdc (kdc)... 172.18.0.5
kdc_1       | Generiting keytab
jhs         |    2 10/21/19 22:57:04 om/jhs@EXAMPLE.COM
datanode_3  | Connecting to kdc (kdc)|172.18.0.5|:8081... connected.
datanode_1  | 
datanode_2  | 
kms_1       | Resolving kdc (kdc)... 172.18.0.5
scm_1       | --2019-10-21 22:57:04--  http://kdc:8081/keytab/scm/scm
om_1        |    2 10/21/19 22:57:05 om/om@EXAMPLE.COM
s3g_1       | Resolving kdc (kdc)... 172.18.0.5
nm_1        |      0K                                                       100% 14.7M=0s
rm_1        | Connecting to kdc (kdc)|172.18.0.5|:8081... connected.
kdc_1       | Authenticating as principal admin/admin with keytab /tmp/admin.keytab.
jhs         | Download scm/jhs@EXAMPLE.COM keytab file to /etc/security/keytabs/scm.keytab
datanode_1  |      0K                                                       100% 11.1M=0s
datanode_3  | HTTP request sent, awaiting response... 200 OK
datanode_2  |      0K                                                       100% 14.3M=0s
kms_1       | Connecting to kdc (kdc)|172.18.0.5|:8081... connected.
scm_1       | Resolving kdc (kdc)... 172.18.0.5
om_1        | Download scm/om@EXAMPLE.COM keytab file to /etc/security/keytabs/scm.keytab
s3g_1       | Connecting to kdc (kdc)|172.18.0.5|:8081... connected.
nm_1        | 
rm_1        | HTTP request sent, awaiting response... 200 OK
kdc_1       | WARNING: no policy specified for dn/scm@EXAMPLE.COM; defaulting to no policy
jhs         | --2019-10-21 22:57:04--  http://kdc:8081/keytab/jhs/scm
datanode_3  | Length: 160 [application/octet-stream]
datanode_1  | 
datanode_2  | 
kms_1       | HTTP request sent, awaiting response... 200 OK
scm_1       | Connecting to kdc (kdc)|172.18.0.5|:8081... connected.
om_1        | --2019-10-21 22:57:05--  http://kdc:8081/keytab/om/scm
s3g_1       | HTTP request sent, awaiting response... 200 OK
nm_1        | 2019-10-21 22:57:09 (14.7 MB/s) - '/etc/security/keytabs/scm.keytab' saved [140/140]
rm_1        | Length: 140 [application/octet-stream]
kdc_1       | Principal "dn/scm@EXAMPLE.COM" created.
jhs         | Resolving kdc (kdc)... 172.18.0.5
datanode_3  | Saving to: '/etc/security/keytabs/scm.keytab'
datanode_1  | 2019-10-21 22:57:10 (11.1 MB/s) - '/etc/security/keytabs/scm.keytab' saved [160/160]
datanode_2  | 2019-10-21 22:57:11 (14.3 MB/s) - '/etc/security/keytabs/HTTP.keytab' saved [162/162]
kms_1       | Length: 160 [application/octet-stream]
scm_1       | HTTP request sent, awaiting response... 200 OK
om_1        | Resolving kdc (kdc)... 172.18.0.5
s3g_1       | Length: 142 [application/octet-stream]
nm_1        | 
kdc_1       | Authenticating as principal admin/admin with keytab /tmp/admin.keytab.
jhs         | Connecting to kdc (kdc)|172.18.0.5|:8081... connected.
rm_1        | Saving to: '/etc/security/keytabs/scm.keytab'
datanode_3  | 
datanode_1  | 
datanode_2  | 
kms_1       | Saving to: '/etc/security/keytabs/scm.keytab'
scm_1       | Length: 142 [application/octet-stream]
om_1        | Connecting to kdc (kdc)|172.18.0.5|:8081... connected.
s3g_1       | Saving to: '/etc/security/keytabs/scm.keytab'
nm_1        | Keytab name: FILE:/etc/security/keytabs/scm.keytab
kdc_1       | Entry for principal dn/scm@EXAMPLE.COM with kvno 2, encryption type aes256-cts-hmac-sha1-96 added to keytab WRFILE:/data/dn.scm.keytab.
jhs         | HTTP request sent, awaiting response... 200 OK
rm_1        | 
datanode_3  |      0K                                                       100% 12.6M=0s
datanode_1  | Keytab name: FILE:/etc/security/keytabs/scm.keytab
datanode_2  | Keytab name: FILE:/etc/security/keytabs/HTTP.keytab
kms_1       | 
scm_1       | Saving to: '/etc/security/keytabs/scm.keytab'
om_1        | HTTP request sent, awaiting response... 200 OK
s3g_1       | 
nm_1        | KVNO Timestamp         Principal
kdc_1       | Entry for principal dn/scm@EXAMPLE.COM with kvno 2, encryption type aes128-cts-hmac-sha1-96 added to keytab WRFILE:/data/dn.scm.keytab.
jhs         | Length: 142 [application/octet-stream]
rm_1        |      0K                                                       100% 10.4M=0s
datanode_3  | 
datanode_1  | KVNO Timestamp         Principal
datanode_2  | KVNO Timestamp         Principal
kms_1       |      0K                                                       100% 11.4M=0s
scm_1       | 
om_1        | Length: 140 [application/octet-stream]
s3g_1       |      0K                                                       100% 19.6M=0s
nm_1        | ---- ----------------- --------------------------------------------------------
kdc_1       | Generiting keytab
jhs         | Saving to: '/etc/security/keytabs/scm.keytab'
rm_1        | 
datanode_3  | 2019-10-21 22:57:08 (12.6 MB/s) - '/etc/security/keytabs/scm.keytab' saved [160/160]
datanode_2  | ---- ----------------- --------------------------------------------------------
kms_1       | 
om_1        | Saving to: '/etc/security/keytabs/scm.keytab'
s3g_1       | 
datanode_1  | ---- ----------------- --------------------------------------------------------
scm_1       |      0K                                                       100% 9.03M=0s
nm_1        |    2 10/21/19 22:57:09 scm/nm@EXAMPLE.COM
kdc_1       | Authenticating as principal admin/admin with keytab /tmp/admin.keytab.
jhs         | 
rm_1        | 2019-10-21 22:57:06 (10.4 MB/s) - '/etc/security/keytabs/scm.keytab' saved [140/140]
datanode_3  | 
datanode_2  |    2 10/21/19 22:57:11 HTTP/1147f54cdd92@EXAMPLE.COM
kms_1       | 2019-10-21 22:57:06 (11.4 MB/s) - '/etc/security/keytabs/scm.keytab' saved [160/160]
om_1        | 
s3g_1       | 2019-10-21 22:57:06 (19.6 MB/s) - '/etc/security/keytabs/scm.keytab' saved [142/142]
datanode_1  |    2 10/21/19 22:57:10 scm/6bef931d0b08@EXAMPLE.COM
scm_1       | 
nm_1        |    2 10/21/19 22:57:09 scm/nm@EXAMPLE.COM
kdc_1       | WARNING: no policy specified for dn/jhs@EXAMPLE.COM; defaulting to no policy
jhs         |      0K                                                       100% 12.1M=0s
datanode_3  | Keytab name: FILE:/etc/security/keytabs/scm.keytab
datanode_2  |    2 10/21/19 22:57:11 HTTP/1147f54cdd92@EXAMPLE.COM
rm_1        | 
kms_1       | 
om_1        |      0K                                                       100% 15.1M=0s
s3g_1       | 
datanode_1  |    2 10/21/19 22:57:10 scm/6bef931d0b08@EXAMPLE.COM
scm_1       | 2019-10-21 22:57:05 (9.03 MB/s) - '/etc/security/keytabs/scm.keytab' saved [142/142]
nm_1        | Download HTTP/nm@EXAMPLE.COM keytab file to /etc/security/keytabs/HTTP.keytab
kdc_1       | Principal "dn/jhs@EXAMPLE.COM" created.
jhs         | 
datanode_3  | KVNO Timestamp         Principal
datanode_2  | Download testuser/1147f54cdd92@EXAMPLE.COM keytab file to /etc/security/keytabs/testuser.keytab
rm_1        | Keytab name: FILE:/etc/security/keytabs/scm.keytab
kms_1       | Keytab name: FILE:/etc/security/keytabs/scm.keytab
om_1        | 
datanode_1  | Download HTTP/6bef931d0b08@EXAMPLE.COM keytab file to /etc/security/keytabs/HTTP.keytab
scm_1       | 
s3g_1       | Keytab name: FILE:/etc/security/keytabs/scm.keytab
kdc_1       | Authenticating as principal admin/admin with keytab /tmp/admin.keytab.
jhs         | 2019-10-21 22:57:05 (12.1 MB/s) - '/etc/security/keytabs/scm.keytab' saved [142/142]
datanode_3  | ---- ----------------- --------------------------------------------------------
datanode_2  | --2019-10-21 22:57:11--  http://kdc:8081/keytab/1147f54cdd92/testuser
nm_1        | --2019-10-21 22:57:09--  http://kdc:8081/keytab/nm/HTTP
rm_1        | KVNO Timestamp         Principal
kms_1       | KVNO Timestamp         Principal
om_1        | 2019-10-21 22:57:06 (15.1 MB/s) - '/etc/security/keytabs/scm.keytab' saved [140/140]
datanode_1  | --2019-10-21 22:57:10--  http://kdc:8081/keytab/6bef931d0b08/HTTP
scm_1       | Keytab name: FILE:/etc/security/keytabs/scm.keytab
s3g_1       | KVNO Timestamp         Principal
kdc_1       | Entry for principal dn/jhs@EXAMPLE.COM with kvno 2, encryption type aes256-cts-hmac-sha1-96 added to keytab WRFILE:/data/dn.jhs.keytab.
jhs         | 
datanode_3  |    2 10/21/19 22:57:08 scm/679a10b41394@EXAMPLE.COM
datanode_2  | Resolving kdc (kdc)... 172.18.0.5
nm_1        | Resolving kdc (kdc)... 172.18.0.5
rm_1        | ---- ----------------- --------------------------------------------------------
kms_1       | ---- ----------------- --------------------------------------------------------
om_1        | 
datanode_1  | Resolving kdc (kdc)... 172.18.0.5
scm_1       | KVNO Timestamp         Principal
s3g_1       | ---- ----------------- --------------------------------------------------------
kdc_1       | Entry for principal dn/jhs@EXAMPLE.COM with kvno 2, encryption type aes128-cts-hmac-sha1-96 added to keytab WRFILE:/data/dn.jhs.keytab.
jhs         | Keytab name: FILE:/etc/security/keytabs/scm.keytab
datanode_3  |    2 10/21/19 22:57:08 scm/679a10b41394@EXAMPLE.COM
datanode_2  | Connecting to kdc (kdc)|172.18.0.5|:8081... connected.
nm_1        | Connecting to kdc (kdc)|172.18.0.5|:8081... connected.
rm_1        |    2 10/21/19 22:57:06 scm/rm@EXAMPLE.COM
kms_1       |    2 10/21/19 22:57:06 scm/02c6d70f3fe3@EXAMPLE.COM
om_1        | Keytab name: FILE:/etc/security/keytabs/scm.keytab
datanode_1  | Connecting to kdc (kdc)|172.18.0.5|:8081... connected.
scm_1       | ---- ----------------- --------------------------------------------------------
s3g_1       |    2 10/21/19 22:57:06 scm/s3g@EXAMPLE.COM
kdc_1       | Generiting keytab
jhs         | KVNO Timestamp         Principal
datanode_3  | Download HTTP/679a10b41394@EXAMPLE.COM keytab file to /etc/security/keytabs/HTTP.keytab
nm_1        | HTTP request sent, awaiting response... 200 OK
datanode_2  | HTTP request sent, awaiting response... 200 OK
rm_1        |    2 10/21/19 22:57:06 scm/rm@EXAMPLE.COM
kms_1       |    2 10/21/19 22:57:06 scm/02c6d70f3fe3@EXAMPLE.COM
om_1        | KVNO Timestamp         Principal
datanode_1  | HTTP request sent, awaiting response... 200 OK
scm_1       |    2 10/21/19 22:57:05 scm/scm@EXAMPLE.COM
s3g_1       |    2 10/21/19 22:57:06 scm/s3g@EXAMPLE.COM
kdc_1       | Authenticating as principal admin/admin with keytab /tmp/admin.keytab.
jhs         | ---- ----------------- --------------------------------------------------------
datanode_3  | --2019-10-21 22:57:09--  http://kdc:8081/keytab/679a10b41394/HTTP
nm_1        | Length: 142 [application/octet-stream]
datanode_2  | Length: 170 [application/octet-stream]
rm_1        | Download HTTP/rm@EXAMPLE.COM keytab file to /etc/security/keytabs/HTTP.keytab
kms_1       | Download HTTP/02c6d70f3fe3@EXAMPLE.COM keytab file to /etc/security/keytabs/HTTP.keytab
om_1        | ---- ----------------- --------------------------------------------------------
datanode_1  | Length: 162 [application/octet-stream]
scm_1       |    2 10/21/19 22:57:05 scm/scm@EXAMPLE.COM
s3g_1       | Download HTTP/s3g@EXAMPLE.COM keytab file to /etc/security/keytabs/HTTP.keytab
kdc_1       | WARNING: no policy specified for dn/s3g@EXAMPLE.COM; defaulting to no policy
jhs         |    2 10/21/19 22:57:05 scm/jhs@EXAMPLE.COM
datanode_3  | Resolving kdc (kdc)... 172.18.0.5
nm_1        | Saving to: '/etc/security/keytabs/HTTP.keytab'
datanode_2  | Saving to: '/etc/security/keytabs/testuser.keytab'
rm_1        | --2019-10-21 22:57:06--  http://kdc:8081/keytab/rm/HTTP
kms_1       | --2019-10-21 22:57:06--  http://kdc:8081/keytab/02c6d70f3fe3/HTTP
om_1        |    2 10/21/19 22:57:06 scm/om@EXAMPLE.COM
datanode_1  | Saving to: '/etc/security/keytabs/HTTP.keytab'
scm_1       | Download HTTP/scm@EXAMPLE.COM keytab file to /etc/security/keytabs/HTTP.keytab
s3g_1       | --2019-10-21 22:57:06--  http://kdc:8081/keytab/s3g/HTTP
kdc_1       | Principal "dn/s3g@EXAMPLE.COM" created.
jhs         |    2 10/21/19 22:57:05 scm/jhs@EXAMPLE.COM
datanode_3  | Connecting to kdc (kdc)|172.18.0.5|:8081... connected.
nm_1        | 
datanode_2  | 
rm_1        | Resolving kdc (kdc)... 172.18.0.5
kms_1       | Resolving kdc (kdc)... 172.18.0.5
om_1        |    2 10/21/19 22:57:06 scm/om@EXAMPLE.COM
datanode_1  | 
scm_1       | --2019-10-21 22:57:05--  http://kdc:8081/keytab/scm/HTTP
s3g_1       | Resolving kdc (kdc)... 172.18.0.5
jhs         | Download HTTP/jhs@EXAMPLE.COM keytab file to /etc/security/keytabs/HTTP.keytab
kdc_1       | Authenticating as principal admin/admin with keytab /tmp/admin.keytab.
datanode_3  | HTTP request sent, awaiting response... 200 OK
nm_1        |      0K                                                       100% 10.8M=0s
datanode_2  |      0K                                                       100% 12.8M=0s
rm_1        | Connecting to kdc (kdc)|172.18.0.5|:8081... connected.
kms_1       | Connecting to kdc (kdc)|172.18.0.5|:8081... connected.
om_1        | Download HTTP/om@EXAMPLE.COM keytab file to /etc/security/keytabs/HTTP.keytab
datanode_1  |      0K                                                       100% 12.4M=0s
scm_1       | Resolving kdc (kdc)... 172.18.0.5
s3g_1       | Connecting to kdc (kdc)|172.18.0.5|:8081... connected.
jhs         | --2019-10-21 22:57:05--  http://kdc:8081/keytab/jhs/HTTP
kdc_1       | Oct 21 22:57:03 kdc krb5kdc[9](info): AS_REQ (8 etypes {18 17 20 19 16 23 25 26}) 127.0.0.1: SERVER_NOT_FOUND: admin/admin@EXAMPLE.COM for kadmin/localhost@EXAMPLE.COM, Server not found in Kerberos database
datanode_3  | Length: 162 [application/octet-stream]
nm_1        | 
rm_1        | HTTP request sent, awaiting response... 200 OK
datanode_2  | 
kms_1       | HTTP request sent, awaiting response... 200 OK
om_1        | --2019-10-21 22:57:06--  http://kdc:8081/keytab/om/HTTP
datanode_1  | 
scm_1       | Connecting to kdc (kdc)|172.18.0.5|:8081... connected.
s3g_1       | HTTP request sent, awaiting response... 200 OK
jhs         | Resolving kdc (kdc)... 172.18.0.5
kdc_1       | Oct 21 22:57:03 kdc krb5kdc[9](info): AS_REQ (8 etypes {18 17 20 19 16 23 25 26}) 127.0.0.1: ISSUE: authtime 1571698623, etypes {rep=18 tkt=18 ses=18}, admin/admin@EXAMPLE.COM for kadmin/admin@EXAMPLE.COM
datanode_3  | Saving to: '/etc/security/keytabs/HTTP.keytab'
nm_1        | 2019-10-21 22:57:11 (10.8 MB/s) - '/etc/security/keytabs/HTTP.keytab' saved [142/142]
rm_1        | Length: 142 [application/octet-stream]
datanode_2  | 2019-10-21 22:57:12 (12.8 MB/s) - '/etc/security/keytabs/testuser.keytab' saved [170/170]
kms_1       | Length: 162 [application/octet-stream]
om_1        | Resolving kdc (kdc)... 172.18.0.5
datanode_1  | 2019-10-21 22:57:11 (12.4 MB/s) - '/etc/security/keytabs/HTTP.keytab' saved [162/162]
scm_1       | HTTP request sent, awaiting response... 200 OK
s3g_1       | Length: 144 [application/octet-stream]
jhs         | Connecting to kdc (kdc)|172.18.0.5|:8081... connected.
kdc_1       | Oct 21 22:57:03 kdc krb5kdc[9](info): AS_REQ (8 etypes {18 17 20 19 16 23 25 26}) 127.0.0.1: SERVER_NOT_FOUND: admin/admin@EXAMPLE.COM for kadmin/localhost@EXAMPLE.COM, Server not found in Kerberos database
datanode_3  | 
nm_1        | 
rm_1        | Saving to: '/etc/security/keytabs/HTTP.keytab'
datanode_2  | 
kms_1       | Saving to: '/etc/security/keytabs/HTTP.keytab'
om_1        | Connecting to kdc (kdc)|172.18.0.5|:8081... connected.
datanode_1  | 
scm_1       | Length: 144 [application/octet-stream]
s3g_1       | Saving to: '/etc/security/keytabs/HTTP.keytab'
jhs         | HTTP request sent, awaiting response... 200 OK
kdc_1       | Oct 21 22:57:03 kdc krb5kdc[9](info): AS_REQ (8 etypes {18 17 20 19 16 23 25 26}) 127.0.0.1: ISSUE: authtime 1571698623, etypes {rep=18 tkt=18 ses=18}, admin/admin@EXAMPLE.COM for kadmin/admin@EXAMPLE.COM
datanode_3  |      0K                                                       100% 14.6M=0s
nm_1        | Keytab name: FILE:/etc/security/keytabs/HTTP.keytab
rm_1        | 
datanode_2  | Keytab name: FILE:/etc/security/keytabs/testuser.keytab
kms_1       | 
om_1        | HTTP request sent, awaiting response... 200 OK
datanode_1  | Keytab name: FILE:/etc/security/keytabs/HTTP.keytab
scm_1       | Saving to: '/etc/security/keytabs/HTTP.keytab'
s3g_1       | 
jhs         | Length: 144 [application/octet-stream]
kdc_1       | Oct 21 22:57:03 kdc krb5kdc[9](info): AS_REQ (8 etypes {18 17 20 19 16 23 25 26}) 127.0.0.1: SERVER_NOT_FOUND: admin/admin@EXAMPLE.COM for kadmin/localhost@EXAMPLE.COM, Server not found in Kerberos database
datanode_3  | 
nm_1        | KVNO Timestamp         Principal
datanode_2  | KVNO Timestamp         Principal
kms_1       |      0K                                                       100% 14.1M=0s
om_1        | Length: 142 [application/octet-stream]
datanode_1  | KVNO Timestamp         Principal
scm_1       | 
s3g_1       |      0K                                                       100% 10.4M=0s
rm_1        |      0K                                                       100% 18.6M=0s
jhs         | Saving to: '/etc/security/keytabs/HTTP.keytab'
kdc_1       | Oct 21 22:57:03 kdc krb5kdc[9](info): AS_REQ (8 etypes {18 17 20 19 16 23 25 26}) 127.0.0.1: ISSUE: authtime 1571698623, etypes {rep=18 tkt=18 ses=18}, admin/admin@EXAMPLE.COM for kadmin/admin@EXAMPLE.COM
datanode_3  | 2019-10-21 22:57:11 (14.6 MB/s) - '/etc/security/keytabs/HTTP.keytab' saved [162/162]
nm_1        | ---- ----------------- --------------------------------------------------------
datanode_2  | ---- ----------------- --------------------------------------------------------
kms_1       | 
om_1        | Saving to: '/etc/security/keytabs/HTTP.keytab'
datanode_1  | ---- ----------------- --------------------------------------------------------
scm_1       |      0K                                                       100% 8.23M=0s
s3g_1       | 
rm_1        | 
jhs         | 
kdc_1       | Oct 21 22:57:03 kdc krb5kdc[9](info): AS_REQ (8 etypes {18 17 20 19 16 23 25 26}) 127.0.0.1: SERVER_NOT_FOUND: admin/admin@EXAMPLE.COM for kadmin/localhost@EXAMPLE.COM, Server not found in Kerberos database
datanode_3  | 
nm_1        |    2 10/21/19 22:57:11 HTTP/nm@EXAMPLE.COM
datanode_2  |    2 10/21/19 22:57:12 testuser/1147f54cdd92@EXAMPLE.COM
kms_1       | 2019-10-21 22:57:08 (14.1 MB/s) - '/etc/security/keytabs/HTTP.keytab' saved [162/162]
om_1        | 
datanode_1  |    2 10/21/19 22:57:11 HTTP/6bef931d0b08@EXAMPLE.COM
scm_1       | 
s3g_1       | 2019-10-21 22:57:07 (10.4 MB/s) - '/etc/security/keytabs/HTTP.keytab' saved [144/144]
rm_1        | 2019-10-21 22:57:08 (18.6 MB/s) - '/etc/security/keytabs/HTTP.keytab' saved [142/142]
jhs         |      0K                                                       100% 10.8M=0s
kdc_1       | Oct 21 22:57:03 kdc krb5kdc[9](info): AS_REQ (8 etypes {18 17 20 19 16 23 25 26}) 127.0.0.1: ISSUE: authtime 1571698623, etypes {rep=18 tkt=18 ses=18}, admin/admin@EXAMPLE.COM for kadmin/admin@EXAMPLE.COM
datanode_3  | Keytab name: FILE:/etc/security/keytabs/HTTP.keytab
nm_1        |    2 10/21/19 22:57:11 HTTP/nm@EXAMPLE.COM
datanode_2  |    2 10/21/19 22:57:12 testuser/1147f54cdd92@EXAMPLE.COM
kms_1       | 
om_1        |      0K                                                       100% 12.9M=0s
datanode_1  |    2 10/21/19 22:57:11 HTTP/6bef931d0b08@EXAMPLE.COM
scm_1       | 2019-10-21 22:57:06 (8.23 MB/s) - '/etc/security/keytabs/HTTP.keytab' saved [144/144]
s3g_1       | 
rm_1        | 
jhs         | 
kdc_1       | Oct 21 22:57:03 kdc krb5kdc[9](info): AS_REQ (8 etypes {18 17 20 19 16 23 25 26}) 127.0.0.1: SERVER_NOT_FOUND: admin/admin@EXAMPLE.COM for kadmin/localhost@EXAMPLE.COM, Server not found in Kerberos database
datanode_3  | KVNO Timestamp         Principal
nm_1        | Download testuser/nm@EXAMPLE.COM keytab file to /etc/security/keytabs/testuser.keytab
datanode_2  | Download s3g/1147f54cdd92@EXAMPLE.COM keytab file to /etc/security/keytabs/s3g.keytab
kms_1       | Keytab name: FILE:/etc/security/keytabs/HTTP.keytab
om_1        | 
