om_1        | STARTUP_MSG:   classpath = /etc/hadoop:/opt/hadoop/share/hadoop/common/*:/opt/hadoop/share/ozone/lib/ratis-common-0.5.0-201fc85-SNAPSHOT.jar:/opt/hadoop/share/ozone/lib/ratis-grpc-0.5.0-201fc85-SNAPSHOT.jar:/opt/hadoop/share/ozone/lib/kerb-simplekdc-1.0.1.jar:/opt/hadoop/share/ozone/lib/protobuf-java-2.5.0.jar:/opt/hadoop/share/ozone/lib/bcpkix-jdk15on-1.60.jar:/opt/hadoop/share/ozone/lib/sqlite-jdbc-3.25.2.jar:/opt/hadoop/share/ozone/lib/netty-3.10.5.Final.jar:/opt/hadoop/share/ozone/lib/commons-validator-1.6.jar:/opt/hadoop/share/ozone/lib/jaxb-impl-2.3.0.1.jar:/opt/hadoop/share/ozone/lib/kerb-core-1.0.1.jar:/opt/hadoop/share/ozone/lib/hadoop-ozone-common-0.5.0-SNAPSHOT.jar:/opt/hadoop/share/ozone/lib/ratis-thirdparty-misc-0.2.0.jar:/opt/hadoop/share/ozone/lib/jsr305-3.0.0.jar:/opt/hadoop/share/ozone/lib/leveldbjni-all-1.8.jar:/opt/hadoop/share/ozone/lib/ratis-proto-0.5.0-201fc85-SNAPSHOT.jar:/opt/hadoop/share/ozone/lib/htrace-core4-4.1.0-incubating.jar:/opt/hadoop/share/ozone/lib/hadoop-annotations-3.2.0.jar:/opt/hadoop/share/ozone/lib/hadoop-hdds-tools-0.5.0-SNAPSHOT.jar:/opt/hadoop/share/ozone/lib/kerb-util-1.0.1.jar:/opt/hadoop/share/ozone/lib/dropwizard-metrics-hadoop-metrics2-reporter-0.1.2.jar:/opt/hadoop/share/ozone/lib/jackson-jaxrs-1.9.13.jar:/opt/hadoop/share/ozone/lib/ratis-metrics-0.5.0-201fc85-SNAPSHOT.jar:/opt/hadoop/share/ozone/lib/kerby-xdr-1.0.1.jar:/opt/hadoop/share/ozone/lib/jetty-webapp-9.3.25.v20180904.jar:/opt/hadoop/share/ozone/lib/jackson-core-asl-1.9.13.jar:/opt/hadoop/share/ozone/lib/commons-net-3.6.jar:/opt/hadoop/share/ozone/lib/log4j-api-2.11.0.jar:/opt/hadoop/share/ozone/lib/netty-all-4.0.52.Final.jar:/opt/hadoop/share/ozone/lib/hadoop-hdfs-3.2.0.jar:/opt/hadoop/share/ozone/lib/jline-0.9.94.jar:/opt/hadoop/share/ozone/lib/opentracing-api-0.31.0.jar:/opt/hadoop/share/ozone/lib/hadoop-hdds-server-framework-0.5.0-SNAPSHOT.jar:/opt/hadoop/share/ozone/lib/slf4j-log4j12-1.7.25.jar:/opt/hadoop/share/ozone/lib/hadoop-hdfs-client-3.2.0.jar:/opt/hadoop/share/ozone/lib/kerby-config-1.0.1.jar:/opt/hadoop/share/ozone/lib/jetty-util-9.3.25.v20180904.jar:/opt/hadoop/share/ozone/lib/metrics-ganglia-3.2.5.jar:/opt/hadoop/share/ozone/lib/libthrift-0.12.0.jar:/opt/hadoop/share/ozone/lib/metrics-core-3.2.4.jar:/opt/hadoop/share/ozone/lib/kerby-pkix-1.0.1.jar:/opt/hadoop/share/ozone/lib/xz-1.0.jar:/opt/hadoop/share/ozone/lib/hadoop-hdds-config-0.5.0-SNAPSHOT.jar:/opt/hadoop/share/ozone/lib/nimbus-jose-jwt-4.41.1.jar:/opt/hadoop/share/ozone/lib/jsr311-api-1.1.1.jar:/opt/hadoop/share/ozone/lib/commons-beanutils-1.9.4.jar:/opt/hadoop/share/ozone/lib/javax.servlet-api-3.1.0.jar:/opt/hadoop/share/ozone/lib/kerb-server-1.0.1.jar:/opt/hadoop/share/ozone/lib/zookeeper-3.4.13.jar:/opt/hadoop/share/ozone/lib/avro-1.7.7.jar:/opt/hadoop/share/ozone/lib/kerb-client-1.0.1.jar:/opt/hadoop/share/ozone/lib/jackson-xc-1.9.13.jar:/opt/hadoop/share/ozone/lib/disruptor-3.4.2.jar:/opt/hadoop/share/ozone/lib/guava-11.0.2.jar:/opt/hadoop/share/ozone/lib/hadoop-hdds-common-0.5.0-SNAPSHOT.jar:/opt/hadoop/share/ozone/lib/curator-framework-2.12.0.jar:/opt/hadoop/share/ozone/lib/dnsjava-2.1.7.jar:/opt/hadoop/share/ozone/lib/ratis-client-0.5.0-201fc85-SNAPSHOT.jar:/opt/hadoop/share/ozone/lib/commons-configuration2-2.1.1.jar:/opt/hadoop/share/ozone/lib/json-smart-2.3.jar:/opt/hadoop/share/ozone/lib/token-provider-1.0.1.jar:/opt/hadoop/share/ozone/lib/log4j-1.2.17.jar:/opt/hadoop/share/ozone/lib/commons-daemon-1.0.13.jar:/opt/hadoop/share/ozone/lib/bcprov-jdk15on-1.60.jar:/opt/hadoop/share/ozone/lib/commons-lang3-3.7.jar:/opt/hadoop/share/ozone/lib/commons-compress-1.4.1.jar:/opt/hadoop/share/ozone/lib/jaeger-client-0.34.0.jar:/opt/hadoop/share/ozone/lib/jetty-server-9.3.25.v20180904.jar:/opt/hadoop/share/ozone/lib/accessors-smart-1.2.jar:/opt/hadoop/share/ozone/lib/re2j-1.1.jar:/opt/hadoop/share/ozone/lib/curator-recipes-2.12.0.jar:/opt/hadoop/share/ozone/lib/jackson-core-2.9.9.jar:/opt/hadoop/share/ozone/lib/commons-math3-3.1.1.jar:/opt/hadoop/share/ozone/lib/gmetric4j-1.0.7.jar:/opt/hadoop/share/ozone/lib/opentracing-noop-0.31.0.jar:/opt/hadoop/share/ozone/lib/httpclient-4.5.2.jar:/opt/hadoop/share/ozone/lib/jaeger-core-0.34.0.jar:/opt/hadoop/share/ozone/lib/asm-5.0.4.jar:/opt/hadoop/share/ozone/lib/curator-client-2.12.0.jar:/opt/hadoop/share/ozone/lib/audience-annotations-0.5.0.jar:/opt/hadoop/share/ozone/lib/kerby-util-1.0.1.jar:/opt/hadoop/share/ozone/lib/jackson-mapper-asl-1.9.13.jar:/opt/hadoop/share/ozone/lib/rocksdbjni-6.0.1.jar:/opt/hadoop/share/ozone/lib/jsp-api-2.1.jar:/opt/hadoop/share/ozone/lib/jsch-0.1.54.jar:/opt/hadoop/share/ozone/lib/opentracing-tracerresolver-0.1.5.jar:/opt/hadoop/share/ozone/lib/paranamer-2.3.jar:/opt/hadoop/share/ozone/lib/log4j-core-2.11.0.jar:/opt/hadoop/share/ozone/lib/jetty-io-9.3.25.v20180904.jar:/opt/hadoop/share/ozone/lib/jetty-xml-9.3.25.v20180904.jar:/opt/hadoop/share/ozone/lib/commons-codec-1.11.jar:/opt/hadoop/share/ozone/lib/commons-pool2-2.6.0.jar:/opt/hadoop/share/ozone/lib/gson-2.2.4.jar:/opt/hadoop/share/ozone/lib/jcip-annotations-1.0-1.jar:/opt/hadoop/share/ozone/lib/kerb-admin-1.0.1.jar:/opt/hadoop/share/ozone/lib/okio-1.13.0.jar:/opt/hadoop/share/ozone/lib/commons-io-2.5.jar:/opt/hadoop/share/ozone/lib/snakeyaml-1.16.jar:/opt/hadoop/share/ozone/lib/hadoop-ozone-client-0.5.0-SNAPSHOT.jar:/opt/hadoop/share/ozone/lib/ratis-netty-0.5.0-201fc85-SNAPSHOT.jar:/opt/hadoop/share/ozone/lib/jersey-core-1.19.jar:/opt/hadoop/share/ozone/lib/jackson-databind-2.9.9.jar:/opt/hadoop/share/ozone/lib/hadoop-hdds-container-service-0.5.0-SNAPSHOT.jar:/opt/hadoop/share/ozone/lib/picocli-3.9.6.jar:/opt/hadoop/share/ozone/lib/jaeger-thrift-0.34.0.jar:/opt/hadoop/share/ozone/lib/jackson-annotations-2.9.9.jar:/opt/hadoop/share/ozone/lib/commons-cli-1.2.jar:/opt/hadoop/share/ozone/lib/hadoop-hdds-docs-0.5.0-SNAPSHOT.jar:/opt/hadoop/share/ozone/lib/woodstox-core-5.0.3.jar:/opt/hadoop/share/ozone/lib/javax.annotation-api-1.2.jar:/opt/hadoop/share/ozone/lib/snappy-java-1.0.5.jar:/opt/hadoop/share/ozone/lib/jaeger-tracerresolver-0.34.0.jar:/opt/hadoop/share/ozone/lib/jetty-security-9.3.25.v20180904.jar:/opt/hadoop/share/ozone/lib/jetty-http-9.3.25.v20180904.jar:/opt/hadoop/share/ozone/lib/kerby-asn1-1.0.1.jar:/opt/hadoop/share/ozone/lib/okhttp-3.9.0.jar:/opt/hadoop/share/ozone/lib/ratis-server-0.5.0-201fc85-SNAPSHOT.jar:/opt/hadoop/share/ozone/lib/stax2-api-3.1.4.jar:/opt/hadoop/share/ozone/lib/commons-digester-1.8.1.jar:/opt/hadoop/share/ozone/lib/commons-collections-3.2.2.jar:/opt/hadoop/share/ozone/lib/jettison-1.1.jar:/opt/hadoop/share/ozone/lib/commons-text-1.4.jar:/opt/hadoop/share/ozone/lib/jersey-servlet-1.19.jar:/opt/hadoop/share/ozone/lib/jersey-json-1.19.jar:/opt/hadoop/share/ozone/lib/slf4j-api-1.7.25.jar:/opt/hadoop/share/ozone/lib/jetty-util-ajax-9.3.25.v20180904.jar:/opt/hadoop/share/ozone/lib/commons-logging-1.1.3.jar:/opt/hadoop/share/ozone/lib/hadoop-hdds-client-0.5.0-SNAPSHOT.jar:/opt/hadoop/share/ozone/lib/kerb-identity-1.0.1.jar:/opt/hadoop/share/ozone/lib/opentracing-util-0.31.0.jar:/opt/hadoop/share/ozone/lib/hadoop-common-3.2.0.jar:/opt/hadoop/share/ozone/lib/hadoop-auth-3.2.0.jar:/opt/hadoop/share/ozone/lib/kerb-common-1.0.1.jar:/opt/hadoop/share/ozone/lib/jetty-servlet-9.3.25.v20180904.jar:/opt/hadoop/share/ozone/lib/jersey-server-1.19.jar:/opt/hadoop/share/ozone/lib/kerb-crypto-1.0.1.jar:/opt/hadoop/share/ozone/lib/httpcore-4.4.4.jar:/opt/hadoop/share/ozone/lib/metrics-jvm-3.2.5.jar:/opt/hadoop/share/ozone/web:/opt/hadoop/share/ozone/lib/hadoop-ozone-ozone-manager-0.5.0-SNAPSHOT.jar
datanode_3  | 2019-10-04 20:44:23 INFO  ContextHandler:781 - Started o.e.j.s.ServletContextHandler@4c1bdcc2{/logs,file:///var/log/hadoop/,AVAILABLE}
scm_1       | 2019-10-04 20:44:23 INFO  DBStoreBuilder:110 - using custom profile for table: validCerts
datanode_1  | 2019-10-04 20:44:23 INFO  Server:351 - jetty-9.3.25.v20180904, build timestamp: 2018-09-04T21:11:46Z, git hash: 3ce520221d0240229c862b122d2b06c12a625732
datanode_2  | 2019-10-04 20:44:23 INFO  log:192 - Logging initialized @4157ms
rm_1        | ************************************************************/
nm_1        | STARTUP_MSG:   java = 1.8.0_181
datanode_3  | 2019-10-04 20:44:23 INFO  ContextHandler:781 - Started o.e.j.s.ServletContextHandler@252a8aae{/static,jar:file:/opt/hadoop/share/ozone/lib/hadoop-hdds-container-service-0.5.0-SNAPSHOT.jar!/webapps/static,AVAILABLE}
om_1        | STARTUP_MSG:   build = https://github.com/apache/hadoop.git -r e97acb3bd8f3befd27418996fa5d4b50bf2e17bf; compiled by 'sunilg' on 2019-01-15T17:34Z
scm_1       | 2019-10-04 20:44:23 INFO  DBStoreBuilder:161 - Using default column profile:DBProfile.DISK for Table:validCerts
datanode_1  | 2019-10-04 20:44:23 INFO  ContextHandler:781 - Started o.e.j.s.ServletContextHandler@252a8aae{/logs,file:///var/log/hadoop/,AVAILABLE}
datanode_2  | 2019-10-04 20:44:23 INFO  AuthenticationFilter:240 - Unable to initialize FileSignerSecretProvider, falling back to use random secrets.
rm_1        | 2019-10-04 20:44:19 INFO  ResourceManager:45 - registered UNIX signal handlers for [TERM, HUP, INT]
nm_1        | ************************************************************/
datanode_3  | 2019-10-04 20:44:23 INFO  ContextHandler:781 - Started o.e.j.w.WebAppContext@fe34b86{/,file:///tmp/jetty-0.0.0.0-9882-hddsDatanode-_-any-18147831646354144860.dir/webapp/,AVAILABLE}{/hddsDatanode}
om_1        | STARTUP_MSG:   java = 11.0.3
scm_1       | 2019-10-04 20:44:23 INFO  DBStoreBuilder:110 - using custom profile for table: revokedCerts
om_1        | ************************************************************/
datanode_2  | 2019-10-04 20:44:23 INFO  HttpRequestLog:81 - Http request log for http.requests.hddsDatanode is not defined
datanode_2  | 2019-10-04 20:44:23 INFO  HttpServer2:975 - Added global filter 'safety' (class=org.apache.hadoop.http.HttpServer2$QuotingInputFilter)
nm_1        | 2019-10-04 20:44:19 INFO  NodeManager:45 - registered UNIX signal handlers for [TERM, HUP, INT]
datanode_3  | 2019-10-04 20:44:23 INFO  AbstractConnector:278 - Started ServerConnector@43697849{HTTP/1.1,[http/1.1]}{0.0.0.0:9882}
scm_1       | 2019-10-04 20:44:23 INFO  DBStoreBuilder:161 - Using default column profile:DBProfile.DISK for Table:revokedCerts
rm_1        | 2019-10-04 20:44:19 INFO  Configuration:2427 - found resource core-site.xml at file:/opt/hadoop/etc/hadoop/core-site.xml
om_1        | 2019-10-04 20:44:33 INFO  OzoneManagerStarter:51 - registered UNIX signal handlers for [TERM, HUP, INT]
datanode_2  | 2019-10-04 20:44:23 INFO  HttpServer2:948 - Added filter static_user_filter (class=org.apache.hadoop.http.lib.StaticUserWebFilter$StaticUserFilter) to context hddsDatanode
nm_1        | 2019-10-04 20:44:20 INFO  AsyncDispatcher:209 - Registering class org.apache.hadoop.yarn.server.nodemanager.containermanager.container.ContainerEventType for class org.apache.hadoop.yarn.server.nodemanager.containermanager.ContainerManagerImpl$ContainerEventDispatcher
datanode_1  | 2019-10-04 20:44:23 INFO  ContextHandler:781 - Started o.e.j.s.ServletContextHandler@20ab3e3a{/static,jar:file:/opt/hadoop/share/ozone/lib/hadoop-hdds-container-service-0.5.0-SNAPSHOT.jar!/webapps/static,AVAILABLE}
scm_1       | 2019-10-04 20:44:23 INFO  DBStoreBuilder:110 - using custom profile for table: default
datanode_3  | 2019-10-04 20:44:23 INFO  Server:419 - Started @4745ms
rm_1        | 2019-10-04 20:44:20 INFO  Groups:387 - clearing userToGroupsMap cache
om_1        | 2019-10-04 20:44:35 INFO  OMHANodeDetails:190 - Configuration either no ozone.om.address set. Falling back to the default OM address om/172.18.0.5:9862
datanode_2  | 2019-10-04 20:44:23 INFO  HttpServer2:958 - Added filter static_user_filter (class=org.apache.hadoop.http.lib.StaticUserWebFilter$StaticUserFilter) to context static
nm_1        | 2019-10-04 20:44:20 INFO  AsyncDispatcher:209 - Registering class org.apache.hadoop.yarn.server.nodemanager.containermanager.application.ApplicationEventType for class org.apache.hadoop.yarn.server.nodemanager.containermanager.ContainerManagerImpl$ApplicationEventDispatcher
datanode_1  | 2019-10-04 20:44:23 INFO  ContextHandler:781 - Started o.e.j.w.WebAppContext@47c40b56{/,file:///tmp/jetty-0.0.0.0-9882-hddsDatanode-_-any-13834768359543266583.dir/webapp/,AVAILABLE}{/hddsDatanode}
scm_1       | 2019-10-04 20:44:23 INFO  DBStoreBuilder:167 - Using default column profile:DBProfile.DISK for Table:default
scm_1       | 2019-10-04 20:44:23 INFO  DBStoreBuilder:198 - Using default options. DBProfile.DISK
rm_1        | 2019-10-04 20:44:20 INFO  Configuration:2427 - found resource yarn-site.xml at file:/opt/hadoop/etc/hadoop/yarn-site.xml
om_1        | 2019-10-04 20:44:35 INFO  OMHANodeDetails:220 - OM Service ID is not set. Setting it to the default ID: omServiceIdDefault
datanode_2  | 2019-10-04 20:44:23 INFO  HttpServer2:958 - Added filter static_user_filter (class=org.apache.hadoop.http.lib.StaticUserWebFilter$StaticUserFilter) to context logs
nm_1        | 2019-10-04 20:44:20 INFO  AsyncDispatcher:209 - Registering class org.apache.hadoop.yarn.server.nodemanager.containermanager.localizer.event.LocalizationEventType for class org.apache.hadoop.yarn.server.nodemanager.containermanager.localizer.ResourceLocalizationService
datanode_1  | 2019-10-04 20:44:23 INFO  AbstractConnector:278 - Started ServerConnector@7654f833{HTTP/1.1,[http/1.1]}{0.0.0.0:9882}
scm_1       | 2019-10-04 20:44:24 INFO  NodeSchemaLoader:125 - Loading file from java.lang.CompoundEnumeration@42e25b0b
rm_1        | 2019-10-04 20:44:20 INFO  AsyncDispatcher:209 - Registering class org.apache.hadoop.yarn.server.resourcemanager.RMFatalEventType for class org.apache.hadoop.yarn.server.resourcemanager.ResourceManager$RMFatalEventDispatcher
datanode_3  | 2019-10-04 20:44:23 INFO  MetricsSinkAdapter:204 - Sink prometheus started
datanode_2  | 2019-10-04 20:44:23 INFO  HttpServer2:1191 - Jetty bound to port 9882
nm_1        | 2019-10-04 20:44:20 INFO  AsyncDispatcher:209 - Registering class org.apache.hadoop.yarn.server.nodemanager.containermanager.AuxServicesEventType for class org.apache.hadoop.yarn.server.nodemanager.containermanager.AuxServices
om_1        | 2019-10-04 20:44:35 WARN  ServerUtils:222 - ozone.om.db.dirs is not configured. We recommend adding this setting. Falling back to ozone.metadata.dirs instead.
datanode_1  | 2019-10-04 20:44:23 INFO  Server:419 - Started @4635ms
scm_1       | 2019-10-04 20:44:24 INFO  NodeSchemaLoader:171 - Loading network topology layer schema file
rm_1        | 2019-10-04 20:44:20 INFO  NMTokenSecretManagerInRM:75 - NMTokenKeyRollingInterval: 86400000ms and NMTokenKeyActivationDelay: 900000ms
datanode_3  | 2019-10-04 20:44:23 INFO  MetricsSystemImpl:301 - Registered sink prometheus
datanode_2  | 2019-10-04 20:44:23 INFO  Server:351 - jetty-9.3.25.v20180904, build timestamp: 2018-09-04T21:11:46Z, git hash: 3ce520221d0240229c862b122d2b06c12a625732
nm_1        | 2019-10-04 20:44:20 INFO  AsyncDispatcher:209 - Registering class org.apache.hadoop.yarn.server.nodemanager.containermanager.monitor.ContainersMonitorEventType for class org.apache.hadoop.yarn.server.nodemanager.containermanager.monitor.ContainersMonitorImpl
om_1        | 2019-10-04 20:44:35 WARN  ServerUtils:222 - ozone.om.db.dirs is not configured. We recommend adding this setting. Falling back to ozone.metadata.dirs instead.
datanode_1  | 2019-10-04 20:44:23 INFO  MetricsSinkAdapter:204 - Sink prometheus started
scm_1       | 2019-10-04 20:44:24 INFO  SCMNodeManager:114 - Entering startup safe mode.
rm_1        | 2019-10-04 20:44:20 INFO  RMContainerTokenSecretManager:77 - ContainerTokenKeyRollingInterval: 86400000ms and ContainerTokenKeyActivationDelay: 900000ms
datanode_3  | 2019-10-04 20:44:23 INFO  BaseHttpServer:215 - HTTP server of HDDSDATANODE is listening at http://0.0.0.0:9882
datanode_3  | 2019-10-04 20:44:24 INFO  JvmPauseMonitor:188 - Starting JVM pause monitor
datanode_2  | 2019-10-04 20:44:23 INFO  ContextHandler:781 - Started o.e.j.s.ServletContextHandler@69fe0ed4{/logs,file:///var/log/hadoop/,AVAILABLE}
datanode_2  | 2019-10-04 20:44:23 INFO  ContextHandler:781 - Started o.e.j.s.ServletContextHandler@1fb2d5e{/static,jar:file:/opt/hadoop/share/ozone/lib/hadoop-hdds-container-service-0.5.0-SNAPSHOT.jar!/webapps/static,AVAILABLE}
om_1        | 2019-10-04 20:44:36 WARN  ServerUtils:222 - ozone.om.db.dirs is not configured. We recommend adding this setting. Falling back to ozone.metadata.dirs instead.
datanode_1  | 2019-10-04 20:44:23 INFO  MetricsSystemImpl:301 - Registered sink prometheus
scm_1       | 2019-10-04 20:44:24 INFO  ContainerPlacementPolicyFactory:57 - Create container placement policy of type org.apache.hadoop.hdds.scm.container.placement.algorithms.SCMContainerPlacementRandom
rm_1        | 2019-10-04 20:44:20 INFO  AMRMTokenSecretManager:94 - AMRMTokenKeyRollingInterval: 86400000ms and AMRMTokenKeyActivationDelay: 900000 ms
datanode_3  | 2019-10-04 20:44:24 INFO  InitDatanodeState:140 - DatanodeDetails is persisted to /data/metadata/datanode.id
datanode_2  | 2019-10-04 20:44:23 INFO  ContextHandler:781 - Started o.e.j.w.WebAppContext@4aa21f9d{/,file:///tmp/jetty-0.0.0.0-9882-hddsDatanode-_-any-2443830204326992100.dir/webapp/,AVAILABLE}{/hddsDatanode}
om_1        | 2019-10-04 20:44:36 INFO  log:192 - Logging initialized @3374ms
datanode_1  | 2019-10-04 20:44:23 INFO  BaseHttpServer:215 - HTTP server of HDDSDATANODE is listening at http://0.0.0.0:9882
nm_1        | 2019-10-04 20:44:20 INFO  AsyncDispatcher:209 - Registering class org.apache.hadoop.yarn.server.nodemanager.containermanager.launcher.ContainersLauncherEventType for class org.apache.hadoop.yarn.server.nodemanager.containermanager.launcher.ContainersLauncher
nm_1        | 2019-10-04 20:44:20 INFO  AsyncDispatcher:209 - Registering class org.apache.hadoop.yarn.server.nodemanager.ContainerManagerEventType for class org.apache.hadoop.yarn.server.nodemanager.containermanager.ContainerManagerImpl
scm_1       | 2019-10-04 20:44:24 WARN  ServerUtils:145 - ozone.scm.db.dirs is not configured. We recommend adding this setting. Falling back to ozone.metadata.dirs instead.
rm_1        | 2019-10-04 20:44:20 INFO  AsyncDispatcher:209 - Registering class org.apache.hadoop.yarn.server.resourcemanager.recovery.RMStateStoreEventType for class org.apache.hadoop.yarn.server.resourcemanager.recovery.RMStateStore$ForwardingEventHandler
datanode_3  | 2019-10-04 20:44:27 ERROR EndpointStateMachine:204 - Unable to communicate to SCM server at scm:9861 for past 0 seconds.
datanode_2  | 2019-10-04 20:44:23 INFO  AbstractConnector:278 - Started ServerConnector@d613308{HTTP/1.1,[http/1.1]}{0.0.0.0:9882}
om_1        | 2019-10-04 20:44:36 INFO  DBStoreBuilder:110 - using custom profile for table: userTable
om_1        | 2019-10-04 20:44:36 INFO  DBStoreBuilder:161 - Using default column profile:DBProfile.DISK for Table:userTable
nm_1        | 2019-10-04 20:44:20 INFO  AsyncDispatcher:209 - Registering class org.apache.hadoop.yarn.server.nodemanager.NodeManagerEventType for class org.apache.hadoop.yarn.server.nodemanager.NodeManager
datanode_1  | 2019-10-04 20:44:23 INFO  JvmPauseMonitor:188 - Starting JVM pause monitor
scm_1       | 2019-10-04 20:44:24 INFO  SCMPipelineManager:132 - No pipeline exists in current db
rm_1        | 2019-10-04 20:44:20 INFO  AsyncDispatcher:209 - Registering class org.apache.hadoop.yarn.server.resourcemanager.NodesListManagerEventType for class org.apache.hadoop.yarn.server.resourcemanager.NodesListManager
datanode_3  | java.net.SocketTimeoutException: Call From ae170d415e41/172.18.0.9 to scm:9861 failed on socket timeout exception: java.net.SocketTimeoutException: 1000 millis timeout while waiting for channel to be ready for read. ch : java.nio.channels.SocketChannel[connected local=/172.18.0.9:57028 remote=scm/172.18.0.7:9861]; For more details see:  http://wiki.apache.org/hadoop/SocketTimeout
datanode_2  | 2019-10-04 20:44:23 INFO  Server:419 - Started @4642ms
om_1        | 2019-10-04 20:44:36 INFO  DBStoreBuilder:110 - using custom profile for table: volumeTable
nm_1        | 2019-10-04 20:44:20 INFO  MetricsConfig:112 - loaded properties from hadoop-metrics2.properties
nm_1        | 2019-10-04 20:44:20 INFO  MetricsSystemImpl:376 - Scheduled snapshot period at 10 second(s).
datanode_1  | 2019-10-04 20:44:24 INFO  InitDatanodeState:140 - DatanodeDetails is persisted to /data/metadata/datanode.id
scm_1       | 2019-10-04 20:44:24 WARN  ServerUtils:145 - ozone.scm.db.dirs is not configured. We recommend adding this setting. Falling back to ozone.metadata.dirs instead.
scm_1       | 2019-10-04 20:44:24 WARN  EventQueue:183 - No event handler registered for event TypedEvent{payloadType=SafeModeStatus, name='SafeModeStatus'}
datanode_3  | 	at java.base/jdk.internal.reflect.NativeConstructorAccessorImpl.newInstance0(Native Method)
datanode_2  | 2019-10-04 20:44:23 INFO  MetricsSinkAdapter:204 - Sink prometheus started
om_1        | 2019-10-04 20:44:36 INFO  DBStoreBuilder:161 - Using default column profile:DBProfile.DISK for Table:volumeTable
nm_1        | 2019-10-04 20:44:20 INFO  MetricsSystemImpl:192 - NodeManager metrics system started
nm_1        | 2019-10-04 20:44:20 INFO  AsyncDispatcher:209 - Registering class org.apache.hadoop.yarn.server.nodemanager.containermanager.loghandler.event.LogHandlerEventType for class org.apache.hadoop.yarn.server.nodemanager.containermanager.loghandler.NonAggregatingLogHandler
datanode_1  | 2019-10-04 20:44:27 ERROR EndpointStateMachine:204 - Unable to communicate to SCM server at scm:9861 for past 0 seconds.
datanode_1  | java.net.SocketTimeoutException: Call From d3387fbc65fd/172.18.0.8 to scm:9861 failed on socket timeout exception: java.net.SocketTimeoutException: 1000 millis timeout while waiting for channel to be ready for read. ch : java.nio.channels.SocketChannel[connected local=/172.18.0.8:57668 remote=scm/172.18.0.7:9861]; For more details see:  http://wiki.apache.org/hadoop/SocketTimeout
scm_1       | 2019-10-04 20:44:25 INFO  CallQueueManager:84 - Using callQueue: class java.util.concurrent.LinkedBlockingQueue, queueCapacity: 1000, scheduler: class org.apache.hadoop.ipc.DefaultRpcScheduler, ipcBackoff: false.
datanode_3  | 	at java.base/jdk.internal.reflect.NativeConstructorAccessorImpl.newInstance(NativeConstructorAccessorImpl.java:62)
datanode_2  | 2019-10-04 20:44:23 INFO  MetricsSystemImpl:301 - Registered sink prometheus
om_1        | 2019-10-04 20:44:36 INFO  DBStoreBuilder:110 - using custom profile for table: bucketTable
nm_1        | 2019-10-04 20:44:20 INFO  AsyncDispatcher:209 - Registering class org.apache.hadoop.yarn.server.nodemanager.containermanager.localizer.sharedcache.SharedCacheUploadEventType for class org.apache.hadoop.yarn.server.nodemanager.containermanager.localizer.sharedcache.SharedCacheUploadService
nm_1        | 2019-10-04 20:44:20 INFO  ResourceLocalizationService:219 - per directory file limit = 8192
datanode_1  | 	at java.base/jdk.internal.reflect.NativeConstructorAccessorImpl.newInstance0(Native Method)
datanode_1  | 	at java.base/jdk.internal.reflect.NativeConstructorAccessorImpl.newInstance(NativeConstructorAccessorImpl.java:62)
datanode_3  | 	at java.base/jdk.internal.reflect.DelegatingConstructorAccessorImpl.newInstance(DelegatingConstructorAccessorImpl.java:45)
datanode_2  | 2019-10-04 20:44:23 INFO  BaseHttpServer:215 - HTTP server of HDDSDATANODE is listening at http://0.0.0.0:9882
datanode_2  | 2019-10-04 20:44:23 INFO  JvmPauseMonitor:188 - Starting JVM pause monitor
nm_1        | 2019-10-04 20:44:20 INFO  AsyncDispatcher:209 - Registering class org.apache.hadoop.yarn.server.nodemanager.containermanager.localizer.event.LocalizerEventType for class org.apache.hadoop.yarn.server.nodemanager.containermanager.localizer.ResourceLocalizationService$LocalizerTracker
rm_1        | 2019-10-04 20:44:20 INFO  ResourceManager:293 - Using Scheduler: org.apache.hadoop.yarn.server.resourcemanager.scheduler.capacity.CapacityScheduler
datanode_1  | 	at java.base/jdk.internal.reflect.DelegatingConstructorAccessorImpl.newInstance(DelegatingConstructorAccessorImpl.java:45)
scm_1       | 2019-10-04 20:44:25 INFO  Server:1074 - Starting Socket Reader #1 for port 9861
om_1        | 2019-10-04 20:44:36 INFO  DBStoreBuilder:161 - Using default column profile:DBProfile.DISK for Table:bucketTable
datanode_2  | 2019-10-04 20:44:24 INFO  InitDatanodeState:140 - DatanodeDetails is persisted to /data/metadata/datanode.id
nm_1        | 2019-10-04 20:44:20 WARN  AuxServices:130 - The Auxilurary Service named 'mapreduce_shuffle' in the configuration is for class org.apache.hadoop.mapred.ShuffleHandler which has a name of 'httpshuffle'. Because these are not the same tools trying to send ServiceData and read Service Meta Data may have issues unless the refer to the name in the config.
rm_1        | 2019-10-04 20:44:20 INFO  AsyncDispatcher:209 - Registering class org.apache.hadoop.yarn.server.resourcemanager.scheduler.event.SchedulerEventType for class org.apache.hadoop.yarn.server.resourcemanager.ResourceManager$SchedulerEventDispatcher
datanode_3  | 	at java.base/java.lang.reflect.Constructor.newInstance(Constructor.java:490)
scm_1       | 2019-10-04 20:44:25 INFO  CallQueueManager:84 - Using callQueue: class java.util.concurrent.LinkedBlockingQueue, queueCapacity: 1000, scheduler: class org.apache.hadoop.ipc.DefaultRpcScheduler, ipcBackoff: false.
datanode_1  | 	at java.base/java.lang.reflect.Constructor.newInstance(Constructor.java:490)
om_1        | 2019-10-04 20:44:36 INFO  DBStoreBuilder:110 - using custom profile for table: keyTable
datanode_2  | 2019-10-04 20:44:27 ERROR EndpointStateMachine:204 - Unable to communicate to SCM server at scm:9861 for past 0 seconds.
nm_1        | 2019-10-04 20:44:20 INFO  AuxServices:72 - Adding auxiliary service httpshuffle, "mapreduce_shuffle"
rm_1        | 2019-10-04 20:44:20 INFO  AsyncDispatcher:209 - Registering class org.apache.hadoop.yarn.server.resourcemanager.rmapp.RMAppEventType for class org.apache.hadoop.yarn.server.resourcemanager.ResourceManager$ApplicationEventDispatcher
datanode_3  | 	at org.apache.hadoop.net.NetUtils.wrapWithMessage(NetUtils.java:831)
scm_1       | 2019-10-04 20:44:25 INFO  Server:1074 - Starting Socket Reader #1 for port 9863
datanode_1  | 	at org.apache.hadoop.net.NetUtils.wrapWithMessage(NetUtils.java:831)
om_1        | 2019-10-04 20:44:36 INFO  DBStoreBuilder:161 - Using default column profile:DBProfile.DISK for Table:keyTable
datanode_2  | java.net.SocketTimeoutException: Call From b5f28462153d/172.18.0.6 to scm:9861 failed on socket timeout exception: java.net.SocketTimeoutException: 1000 millis timeout while waiting for channel to be ready for read. ch : java.nio.channels.SocketChannel[connected local=/172.18.0.6:58962 remote=scm/172.18.0.7:9861]; For more details see:  http://wiki.apache.org/hadoop/SocketTimeout
nm_1        | 2019-10-04 20:44:20 INFO  ContainersMonitorImpl:106 -  Using ResourceCalculatorPlugin : org.apache.hadoop.yarn.util.LinuxResourceCalculatorPlugin@264f218
rm_1        | 2019-10-04 20:44:20 INFO  AsyncDispatcher:209 - Registering class org.apache.hadoop.yarn.server.resourcemanager.rmapp.attempt.RMAppAttemptEventType for class org.apache.hadoop.yarn.server.resourcemanager.ResourceManager$ApplicationAttemptEventDispatcher
datanode_3  | 	at org.apache.hadoop.net.NetUtils.wrapException(NetUtils.java:775)
scm_1       | 2019-10-04 20:44:25 INFO  CallQueueManager:84 - Using callQueue: class java.util.concurrent.LinkedBlockingQueue, queueCapacity: 1000, scheduler: class org.apache.hadoop.ipc.DefaultRpcScheduler, ipcBackoff: false.
datanode_1  | 	at org.apache.hadoop.net.NetUtils.wrapException(NetUtils.java:775)
om_1        | 2019-10-04 20:44:36 INFO  DBStoreBuilder:110 - using custom profile for table: deletedTable
datanode_2  | 	at java.base/jdk.internal.reflect.NativeConstructorAccessorImpl.newInstance0(Native Method)
nm_1        | 2019-10-04 20:44:20 INFO  ContainersMonitorImpl:111 -  Using ResourceCalculatorProcessTree : null
rm_1        | 2019-10-04 20:44:20 INFO  AsyncDispatcher:209 - Registering class org.apache.hadoop.yarn.server.resourcemanager.rmnode.RMNodeEventType for class org.apache.hadoop.yarn.server.resourcemanager.ResourceManager$NodeEventDispatcher
datanode_3  | 	at org.apache.hadoop.ipc.Client.getRpcResponse(Client.java:1515)
scm_1       | 2019-10-04 20:44:25 INFO  Server:1074 - Starting Socket Reader #1 for port 9860
datanode_1  | 	at org.apache.hadoop.ipc.Client.getRpcResponse(Client.java:1515)
om_1        | 2019-10-04 20:44:36 INFO  DBStoreBuilder:161 - Using default column profile:DBProfile.DISK for Table:deletedTable
datanode_2  | 	at java.base/jdk.internal.reflect.NativeConstructorAccessorImpl.newInstance(NativeConstructorAccessorImpl.java:62)
nm_1        | 2019-10-04 20:44:20 INFO  ContainersMonitorImpl:151 - Physical memory check enabled: false
rm_1        | 2019-10-04 20:44:20 INFO  MetricsConfig:112 - loaded properties from hadoop-metrics2.properties
datanode_3  | 	at org.apache.hadoop.ipc.Client.call(Client.java:1457)
scm_1       | 2019-10-04 20:44:25 INFO  DFSUtil:1641 - Starting Web-server for scm at: http://0.0.0.0:9876
datanode_1  | 	at org.apache.hadoop.ipc.Client.call(Client.java:1457)
om_1        | 2019-10-04 20:44:36 INFO  DBStoreBuilder:110 - using custom profile for table: openKeyTable
datanode_2  | 	at java.base/jdk.internal.reflect.DelegatingConstructorAccessorImpl.newInstance(DelegatingConstructorAccessorImpl.java:45)
rm_1        | 2019-10-04 20:44:20 INFO  MetricsSystemImpl:376 - Scheduled snapshot period at 10 second(s).
nm_1        | 2019-10-04 20:44:20 INFO  ContainersMonitorImpl:152 - Virtual memory check enabled: false
datanode_3  | 	at org.apache.hadoop.ipc.Client.call(Client.java:1367)
scm_1       | 2019-10-04 20:44:26 INFO  AuthenticationFilter:240 - Unable to initialize FileSignerSecretProvider, falling back to use random secrets.
datanode_1  | 	at org.apache.hadoop.ipc.Client.call(Client.java:1367)
om_1        | 2019-10-04 20:44:36 INFO  DBStoreBuilder:161 - Using default column profile:DBProfile.DISK for Table:openKeyTable
datanode_2  | 	at java.base/java.lang.reflect.Constructor.newInstance(Constructor.java:490)
rm_1        | 2019-10-04 20:44:20 INFO  MetricsSystemImpl:192 - ResourceManager metrics system started
nm_1        | 2019-10-04 20:44:20 INFO  NodeStatusUpdaterImpl:181 - Initialized nodemanager for null: physical-memory=8192 virtual-memory=17204 virtual-cores=8
datanode_3  | 	at org.apache.hadoop.ipc.ProtobufRpcEngine$Invoker.invoke(ProtobufRpcEngine.java:228)
scm_1       | 2019-10-04 20:44:26 INFO  HttpRequestLog:81 - Http request log for http.requests.scm is not defined
datanode_1  | 	at org.apache.hadoop.ipc.ProtobufRpcEngine$Invoker.invoke(ProtobufRpcEngine.java:228)
om_1        | 2019-10-04 20:44:36 INFO  DBStoreBuilder:110 - using custom profile for table: s3Table
datanode_2  | 	at org.apache.hadoop.net.NetUtils.wrapWithMessage(NetUtils.java:831)
rm_1        | 2019-10-04 20:44:20 INFO  AsyncDispatcher:209 - Registering class org.apache.hadoop.yarn.server.resourcemanager.RMAppManagerEventType for class org.apache.hadoop.yarn.server.resourcemanager.RMAppManager
nm_1        | 2019-10-04 20:44:20 INFO  CallQueueManager:57 - Using callQueue: class java.util.concurrent.LinkedBlockingQueue queueCapacity: 2000
datanode_3  | 	at org.apache.hadoop.ipc.ProtobufRpcEngine$Invoker.invoke(ProtobufRpcEngine.java:116)
scm_1       | 2019-10-04 20:44:26 INFO  HttpServer2:975 - Added global filter 'safety' (class=org.apache.hadoop.http.HttpServer2$QuotingInputFilter)
datanode_1  | 	at org.apache.hadoop.ipc.ProtobufRpcEngine$Invoker.invoke(ProtobufRpcEngine.java:116)
om_1        | 2019-10-04 20:44:36 INFO  DBStoreBuilder:161 - Using default column profile:DBProfile.DISK for Table:s3Table
datanode_2  | 	at org.apache.hadoop.net.NetUtils.wrapException(NetUtils.java:775)
rm_1        | 2019-10-04 20:44:20 INFO  AsyncDispatcher:209 - Registering class org.apache.hadoop.yarn.server.resourcemanager.amlauncher.AMLauncherEventType for class org.apache.hadoop.yarn.server.resourcemanager.amlauncher.ApplicationMasterLauncher
nm_1        | 2019-10-04 20:44:20 INFO  Server:722 - Starting Socket Reader #1 for port 38006
datanode_3  | 	at com.sun.proxy.$Proxy35.submitRequest(Unknown Source)
scm_1       | 2019-10-04 20:44:26 INFO  HttpServer2:948 - Added filter static_user_filter (class=org.apache.hadoop.http.lib.StaticUserWebFilter$StaticUserFilter) to context scm
datanode_1  | 	at com.sun.proxy.$Proxy35.submitRequest(Unknown Source)
om_1        | 2019-10-04 20:44:36 INFO  DBStoreBuilder:110 - using custom profile for table: multipartInfoTable
datanode_2  | 	at org.apache.hadoop.ipc.Client.getRpcResponse(Client.java:1515)
rm_1        | 2019-10-04 20:44:20 INFO  RMNMInfo:63 - Registered RMNMInfo MBean
nm_1        | 2019-10-04 20:44:20 INFO  RpcServerFactoryPBImpl:174 - Adding protocol org.apache.hadoop.yarn.api.ContainerManagementProtocolPB to the server
datanode_3  | 	at org.apache.hadoop.ozone.protocolPB.StorageContainerDatanodeProtocolClientSideTranslatorPB.submitRequest(StorageContainerDatanodeProtocolClientSideTranslatorPB.java:116)
scm_1       | 2019-10-04 20:44:26 INFO  HttpServer2:958 - Added filter static_user_filter (class=org.apache.hadoop.http.lib.StaticUserWebFilter$StaticUserFilter) to context logs
datanode_1  | 	at org.apache.hadoop.ozone.protocolPB.StorageContainerDatanodeProtocolClientSideTranslatorPB.submitRequest(StorageContainerDatanodeProtocolClientSideTranslatorPB.java:116)
om_1        | 2019-10-04 20:44:36 INFO  DBStoreBuilder:161 - Using default column profile:DBProfile.DISK for Table:multipartInfoTable
datanode_2  | 	at org.apache.hadoop.ipc.Client.call(Client.java:1457)
rm_1        | 2019-10-04 20:44:20 INFO  YarnAuthorizationProvider:57 - org.apache.hadoop.yarn.security.ConfiguredYarnAuthorizer is instiantiated.
nm_1        | 2019-10-04 20:44:20 INFO  ContainerManagerImpl:427 - Blocking new container-requests as container manager rpc server is still starting.
datanode_3  | 	at org.apache.hadoop.ozone.protocolPB.StorageContainerDatanodeProtocolClientSideTranslatorPB.getVersion(StorageContainerDatanodeProtocolClientSideTranslatorPB.java:132)
scm_1       | 2019-10-04 20:44:26 INFO  HttpServer2:958 - Added filter static_user_filter (class=org.apache.hadoop.http.lib.StaticUserWebFilter$StaticUserFilter) to context static
datanode_1  | 	at org.apache.hadoop.ozone.protocolPB.StorageContainerDatanodeProtocolClientSideTranslatorPB.getVersion(StorageContainerDatanodeProtocolClientSideTranslatorPB.java:132)
om_1        | 2019-10-04 20:44:36 INFO  DBStoreBuilder:110 - using custom profile for table: dTokenTable
datanode_2  | 	at org.apache.hadoop.ipc.Client.call(Client.java:1367)
rm_1        | 2019-10-04 20:44:20 INFO  HostsFileReader:131 - Refreshing hosts (include/exclude) list
nm_1        | 2019-10-04 20:44:20 INFO  Server:962 - IPC Server Responder: starting
datanode_3  | 	at org.apache.hadoop.ozone.container.common.states.endpoint.VersionEndpointTask.call(VersionEndpointTask.java:70)
scm_1       | 2019-10-04 20:44:26 INFO  StorageContainerManager:770 - StorageContainerLocationProtocol RPC server is listening at /0.0.0.0:9860
datanode_1  | 	at org.apache.hadoop.ozone.container.common.states.endpoint.VersionEndpointTask.call(VersionEndpointTask.java:70)
om_1        | 2019-10-04 20:44:36 INFO  DBStoreBuilder:161 - Using default column profile:DBProfile.DISK for Table:dTokenTable
datanode_2  | 	at org.apache.hadoop.ipc.ProtobufRpcEngine$Invoker.invoke(ProtobufRpcEngine.java:228)
rm_1        | 2019-10-04 20:44:20 INFO  Configuration:2427 - found resource capacity-scheduler.xml at file:/opt/hadoop/etc/hadoop/capacity-scheduler.xml
nm_1        | 2019-10-04 20:44:20 INFO  Server:801 - IPC Server listener on 38006: starting
datanode_3  | 	at org.apache.hadoop.ozone.container.common.states.endpoint.VersionEndpointTask.call(VersionEndpointTask.java:42)
scm_1       | 2019-10-04 20:44:26 INFO  MetricsConfig:118 - Loaded properties from hadoop-metrics2.properties
datanode_1  | 	at org.apache.hadoop.ozone.container.common.states.endpoint.VersionEndpointTask.call(VersionEndpointTask.java:42)
om_1        | 2019-10-04 20:44:36 INFO  DBStoreBuilder:110 - using custom profile for table: s3SecretTable
datanode_2  | 	at org.apache.hadoop.ipc.ProtobufRpcEngine$Invoker.invoke(ProtobufRpcEngine.java:116)
rm_1        | 2019-10-04 20:44:20 INFO  CapacitySchedulerConfiguration:603 - max alloc mb per queue for root is undefined
nm_1        | 2019-10-04 20:44:20 INFO  NMContainerTokenSecretManager:260 - Updating node address : nm:38006
datanode_3  | 	at java.base/java.util.concurrent.FutureTask.run(FutureTask.java:264)
scm_1       | 2019-10-04 20:44:26 INFO  MetricsSystemImpl:374 - Scheduled Metric snapshot period at 10 second(s).
datanode_1  | 	at java.base/java.util.concurrent.FutureTask.run(FutureTask.java:264)
om_1        | 2019-10-04 20:44:36 INFO  DBStoreBuilder:161 - Using default column profile:DBProfile.DISK for Table:s3SecretTable
datanode_2  | 	at com.sun.proxy.$Proxy35.submitRequest(Unknown Source)
rm_1        | 2019-10-04 20:44:20 INFO  CapacitySchedulerConfiguration:607 - max alloc vcore per queue for root is undefined
nm_1        | 2019-10-04 20:44:20 INFO  CallQueueManager:57 - Using callQueue: class java.util.concurrent.LinkedBlockingQueue queueCapacity: 500
datanode_3  | 	at java.base/java.util.concurrent.Executors$RunnableAdapter.call(Executors.java:515)
scm_1       | 2019-10-04 20:44:26 INFO  MetricsSystemImpl:191 - StorageContainerManager metrics system started
datanode_1  | 	at java.base/java.util.concurrent.Executors$RunnableAdapter.call(Executors.java:515)
om_1        | 2019-10-04 20:44:36 INFO  DBStoreBuilder:110 - using custom profile for table: prefixTable
datanode_2  | 	at org.apache.hadoop.ozone.protocolPB.StorageContainerDatanodeProtocolClientSideTranslatorPB.submitRequest(StorageContainerDatanodeProtocolClientSideTranslatorPB.java:116)
nm_1        | 2019-10-04 20:44:20 INFO  Server:722 - Starting Socket Reader #1 for port 8040
rm_1        | 2019-10-04 20:44:21 INFO  ParentQueue:121 - root, capacity=1.0, asboluteCapacity=1.0, maxCapacity=1.0, asboluteMaxCapacity=1.0, state=RUNNING, acls=SUBMIT_APP:*ADMINISTER_QUEUE:*, labels=*,
datanode_3  | 	at java.base/java.util.concurrent.FutureTask.run(FutureTask.java:264)
scm_1       | 2019-10-04 20:44:26 INFO  SCMClientProtocolServer:159 - RPC server for Client  is listening at /0.0.0.0:9860
datanode_1  | 	at java.base/java.util.concurrent.FutureTask.run(FutureTask.java:264)
om_1        | 2019-10-04 20:44:36 INFO  DBStoreBuilder:161 - Using default column profile:DBProfile.DISK for Table:prefixTable
datanode_2  | 	at org.apache.hadoop.ozone.protocolPB.StorageContainerDatanodeProtocolClientSideTranslatorPB.getVersion(StorageContainerDatanodeProtocolClientSideTranslatorPB.java:132)
nm_1        | 2019-10-04 20:44:20 INFO  RpcServerFactoryPBImpl:174 - Adding protocol org.apache.hadoop.yarn.server.nodemanager.api.LocalizationProtocolPB to the server
rm_1        | , reservationsContinueLooking=true
datanode_3  | 	at java.base/java.util.concurrent.ThreadPoolExecutor.runWorker(ThreadPoolExecutor.java:1128)
scm_1       | 2019-10-04 20:44:26 INFO  Server:1314 - IPC Server Responder: starting
datanode_1  | 	at java.base/java.util.concurrent.ThreadPoolExecutor.runWorker(ThreadPoolExecutor.java:1128)
om_1        | 2019-10-04 20:44:36 INFO  DBStoreBuilder:110 - using custom profile for table: default
datanode_2  | 	at org.apache.hadoop.ozone.container.common.states.endpoint.VersionEndpointTask.call(VersionEndpointTask.java:70)
nm_1        | 2019-10-04 20:44:20 INFO  Server:962 - IPC Server Responder: starting
rm_1        | 2019-10-04 20:44:21 INFO  ParentQueue:100 - Initialized parent-queue root name=root, fullname=root
datanode_3  | 	at java.base/java.util.concurrent.ThreadPoolExecutor$Worker.run(ThreadPoolExecutor.java:628)
scm_1       | 2019-10-04 20:44:26 INFO  Server:1153 - IPC Server listener on 9860: starting
datanode_1  | 	at java.base/java.util.concurrent.ThreadPoolExecutor$Worker.run(ThreadPoolExecutor.java:628)
om_1        | 2019-10-04 20:44:36 INFO  DBStoreBuilder:167 - Using default column profile:DBProfile.DISK for Table:default
datanode_2  | 	at org.apache.hadoop.ozone.container.common.states.endpoint.VersionEndpointTask.call(VersionEndpointTask.java:42)
nm_1        | 2019-10-04 20:44:20 INFO  Server:801 - IPC Server listener on 8040: starting
datanode_3  | 	at java.base/java.lang.Thread.run(Thread.java:834)
scm_1       | 2019-10-04 20:44:26 INFO  StorageContainerManager:780 - ScmBlockLocationProtocol RPC server is listening at /0.0.0.0:9863
datanode_1  | 	at java.base/java.lang.Thread.run(Thread.java:834)
om_1        | 2019-10-04 20:44:36 INFO  DBStoreBuilder:198 - Using default options. DBProfile.DISK
datanode_2  | 	at java.base/java.util.concurrent.FutureTask.run(FutureTask.java:264)
nm_1        | 2019-10-04 20:44:20 INFO  ResourceLocalizationService:344 - Localizer started on port 8040
rm_1        | 2019-10-04 20:44:21 INFO  CapacitySchedulerConfiguration:603 - max alloc mb per queue for root.default is undefined
datanode_3  | Caused by: java.net.SocketTimeoutException: 1000 millis timeout while waiting for channel to be ready for read. ch : java.nio.channels.SocketChannel[connected local=/172.18.0.9:57028 remote=scm/172.18.0.7:9861]
scm_1       | 2019-10-04 20:44:26 INFO  SCMBlockProtocolServer:146 - RPC server for Block Protocol is listening at /0.0.0.0:9863
datanode_1  | Caused by: java.net.SocketTimeoutException: 1000 millis timeout while waiting for channel to be ready for read. ch : java.nio.channels.SocketChannel[connected local=/172.18.0.8:57668 remote=scm/172.18.0.7:9861]
datanode_2  | 	at java.base/java.util.concurrent.Executors$RunnableAdapter.call(Executors.java:515)
nm_1        | 2019-10-04 20:44:20 INFO  IndexCache:47 - IndexCache created with max memory = 10485760
datanode_3  | 	at org.apache.hadoop.net.SocketIOWithTimeout.doIO(SocketIOWithTimeout.java:164)
rm_1        | 2019-10-04 20:44:21 INFO  CapacitySchedulerConfiguration:607 - max alloc vcore per queue for root.default is undefined
om_1        | 2019-10-04 20:44:37 INFO  CallQueueManager:84 - Using callQueue: class java.util.concurrent.LinkedBlockingQueue, queueCapacity: 2000, scheduler: class org.apache.hadoop.ipc.DefaultRpcScheduler, ipcBackoff: false.
scm_1       | 2019-10-04 20:44:26 INFO  Server:1314 - IPC Server Responder: starting
datanode_1  | 	at org.apache.hadoop.net.SocketIOWithTimeout.doIO(SocketIOWithTimeout.java:164)
datanode_2  | 	at java.base/java.util.concurrent.FutureTask.run(FutureTask.java:264)
nm_1        | 2019-10-04 20:44:20 INFO  ShuffleHandler:510 - httpshuffle listening on port 13562
datanode_3  | 	at org.apache.hadoop.net.SocketInputStream.read(SocketInputStream.java:161)
rm_1        | 2019-10-04 20:44:21 INFO  LeafQueue:215 - Initializing default
scm_1       | 2019-10-04 20:44:26 INFO  Server:1153 - IPC Server listener on 9863: starting
om_1        | 2019-10-04 20:44:37 INFO  Server:1074 - Starting Socket Reader #1 for port 9862
datanode_1  | 	at org.apache.hadoop.net.SocketInputStream.read(SocketInputStream.java:161)
datanode_2  | 	at java.base/java.util.concurrent.ThreadPoolExecutor.runWorker(ThreadPoolExecutor.java:1128)
nm_1        | 2019-10-04 20:44:20 INFO  ContainersMonitorImpl:196 - Neither virutal-memory nor physical-memory monitoring is needed. Not running the monitor-thread
rm_1        | capacity = 1.0 [= (float) configuredCapacity / 100 ]
datanode_3  | 	at org.apache.hadoop.net.SocketInputStream.read(SocketInputStream.java:131)
om_1        | 2019-10-04 20:44:37 INFO  OzoneManager:1069 - OzoneManager RPC server is listening at om/172.18.0.5:9862
datanode_1  | 	at org.apache.hadoop.net.SocketInputStream.read(SocketInputStream.java:131)
scm_1       | 2019-10-04 20:44:26 INFO  StorageContainerManager:784 - ScmDatanodeProtocl RPC server is listening at /0.0.0.0:9861
datanode_2  | 	at java.base/java.util.concurrent.ThreadPoolExecutor$Worker.run(ThreadPoolExecutor.java:628)
nm_1        | 2019-10-04 20:44:20 INFO  ContainerManagerImpl:472 - ContainerManager started at nm/172.18.0.2:38006
rm_1        | asboluteCapacity = 1.0 [= parentAbsoluteCapacity * capacity ]
datanode_3  | 	at java.base/java.io.FilterInputStream.read(FilterInputStream.java:133)
om_1        | 2019-10-04 20:44:37 INFO  MetricsConfig:118 - Loaded properties from hadoop-metrics2.properties
datanode_1  | 	at java.base/java.io.FilterInputStream.read(FilterInputStream.java:133)
scm_1       | 2019-10-04 20:44:26 INFO  SCMDatanodeProtocolServer:169 - RPC server for DataNodes is listening at /0.0.0.0:9861
datanode_2  | 	at java.base/java.lang.Thread.run(Thread.java:834)
nm_1        | 2019-10-04 20:44:20 INFO  ContainerManagerImpl:473 - ContainerManager bound to 0.0.0.0/0.0.0.0:0
rm_1        | maxCapacity = 1.0 [= configuredMaxCapacity ]
datanode_3  | 	at java.base/java.io.BufferedInputStream.fill(BufferedInputStream.java:252)
om_1        | 2019-10-04 20:44:37 INFO  MetricsSystemImpl:374 - Scheduled Metric snapshot period at 10 second(s).
datanode_1  | 	at java.base/java.io.BufferedInputStream.fill(BufferedInputStream.java:252)
scm_1       | 2019-10-04 20:44:26 INFO  Server:1314 - IPC Server Responder: starting
datanode_2  | Caused by: java.net.SocketTimeoutException: 1000 millis timeout while waiting for channel to be ready for read. ch : java.nio.channels.SocketChannel[connected local=/172.18.0.6:58962 remote=scm/172.18.0.7:9861]
nm_1        | 2019-10-04 20:44:20 INFO  WebServer:70 - Instantiating NMWebApp at 0.0.0.0:8042
rm_1        | absoluteMaxCapacity = 1.0 [= 1.0 maximumCapacity undefined, (parentAbsoluteMaxCapacity * maximumCapacity) / 100 otherwise ]
datanode_3  | 	at java.base/java.io.BufferedInputStream.read(BufferedInputStream.java:271)
om_1        | 2019-10-04 20:44:37 INFO  MetricsSystemImpl:191 - OzoneManager metrics system started
datanode_1  | 	at java.base/java.io.BufferedInputStream.read(BufferedInputStream.java:271)
scm_1       | 2019-10-04 20:44:26 INFO  Server:1153 - IPC Server listener on 9861: starting
datanode_2  | 	at org.apache.hadoop.net.SocketIOWithTimeout.doIO(SocketIOWithTimeout.java:164)
nm_1        | 2019-10-04 20:44:21 INFO  log:67 - Logging to org.slf4j.impl.Log4jLoggerAdapter(org.mortbay.log) via org.mortbay.log.Slf4jLog
rm_1        | userLimit = 100 [= configuredUserLimit ]
datanode_3  | 	at java.base/java.io.FilterInputStream.read(FilterInputStream.java:83)
om_1        | 2019-10-04 20:44:37 INFO  Server:1314 - IPC Server Responder: starting
datanode_1  | 	at java.base/java.io.FilterInputStream.read(FilterInputStream.java:83)
scm_1       | 2019-10-04 20:44:26 INFO  HttpServer2:1191 - Jetty bound to port 9876
datanode_2  | 	at org.apache.hadoop.net.SocketInputStream.read(SocketInputStream.java:161)
nm_1        | 2019-10-04 20:44:21 INFO  AuthenticationFilter:283 - Unable to initialize FileSignerSecretProvider, falling back to use random secrets.
rm_1        | userLimitFactor = 1.0 [= configuredUserLimitFactor ]
datanode_3  | 	at java.base/java.io.FilterInputStream.read(FilterInputStream.java:83)
om_1        | 2019-10-04 20:44:37 INFO  Server:1153 - IPC Server listener on 9862: starting
scm_1       | 2019-10-04 20:44:26 INFO  Server:351 - jetty-9.3.25.v20180904, build timestamp: 2018-09-04T21:11:46Z, git hash: 3ce520221d0240229c862b122d2b06c12a625732
datanode_2  | 	at org.apache.hadoop.net.SocketInputStream.read(SocketInputStream.java:131)
nm_1        | 2019-10-04 20:44:21 INFO  HttpRequestLog:80 - Http request log for http.requests.nodemanager is not defined
rm_1        | maxApplications = 10000 [= configuredMaximumSystemApplicationsPerQueue or (int)(configuredMaximumSystemApplications * absoluteCapacity)]
datanode_3  | 	at org.apache.hadoop.ipc.Client$Connection$PingInputStream.read(Client.java:557)
om_1        | 2019-10-04 20:44:37 INFO  DFSUtil:1641 - Starting Web-server for ozoneManager at: http://0.0.0.0:9874
scm_1       | 2019-10-04 20:44:27 INFO  Server:869 - IPC Server handler 0 on 9861: skipped Call#0 Retry#0 org.apache.hadoop.ozone.protocol.StorageContainerDatanodeProtocol.submitRequest from 172.18.0.8:57668
datanode_1  | 	at java.base/java.io.FilterInputStream.read(FilterInputStream.java:83)
datanode_2  | 	at java.base/java.io.FilterInputStream.read(FilterInputStream.java:133)
nm_1        | 2019-10-04 20:44:21 INFO  HttpServer2:730 - Added global filter 'safety' (class=org.apache.hadoop.http.HttpServer2$QuotingInputFilter)
rm_1        | maxApplicationsPerUser = 10000 [= (int)(maxApplications * (userLimit / 100.0f) * userLimitFactor) ]
datanode_3  | 	at java.base/java.io.DataInputStream.readInt(DataInputStream.java:392)
scm_1       | 2019-10-04 20:44:27 INFO  ContextHandler:781 - Started o.e.j.s.ServletContextHandler@7fc645e4{/logs,file:///var/log/hadoop/,AVAILABLE}
datanode_2  | 	at java.base/java.io.BufferedInputStream.fill(BufferedInputStream.java:252)
om_1        | 2019-10-04 20:44:37 INFO  AuthenticationFilter:240 - Unable to initialize FileSignerSecretProvider, falling back to use random secrets.
datanode_1  | 	at org.apache.hadoop.ipc.Client$Connection$PingInputStream.read(Client.java:557)
nm_1        | 2019-10-04 20:44:21 INFO  HttpServer2:705 - Added filter static_user_filter (class=org.apache.hadoop.http.lib.StaticUserWebFilter$StaticUserFilter) to context node
rm_1        | usedCapacity = 0.0 [= usedResourcesMemory / (clusterResourceMemory * absoluteCapacity)]
datanode_3  | 	at org.apache.hadoop.ipc.Client$IpcStreams.readResponse(Client.java:1816)
scm_1       | 2019-10-04 20:44:27 INFO  ContextHandler:781 - Started o.e.j.s.ServletContextHandler@2301b75{/static,jar:file:/opt/hadoop/share/ozone/lib/hadoop-hdds-server-scm-0.5.0-SNAPSHOT.jar!/webapps/static,AVAILABLE}
datanode_2  | 	at java.base/java.io.BufferedInputStream.read(BufferedInputStream.java:271)
