om_1          | 2019-10-21 02:10:38,942 INFO db.DBStoreBuilder: Using default column profile:DBProfile.DISK for Table:openKeyTable
datanode_3    | 2019-10-21 02:10:36,957 [Datanode State Machine Thread - 0] INFO       - Background container scanner has been disabled.
grafana_1     | t=2019-10-21T02:10:32+0000 lvl=info msg="Executing migration" logger=migrator id="add unique index star.user_id_dashboard_id"
freon_1       | 2019-10-21 02:11:04,259 [pool-2-thread-2] INFO       - Creating Bucket: vol-6-58161/bucket-2-29073, with Versioning false and Storage Type set to DISK and Encryption set to false 
scm_1         | 2019-10-21 02:10:34,189 INFO net.NodeSchemaLoader: Loading file from java.lang.CompoundEnumeration@329dbdbf
datanode_1    | 2019-10-21 02:10:40,039 INFO impl.RaftServerProxy: bd3ad820-c4a6-4568-aa39-fb49e8fef1fb: addNew group-B916063ABA01:[bd3ad820-c4a6-4568-aa39-fb49e8fef1fb:172.18.0.8:9858] returns group-B916063ABA01:java.util.concurrent.CompletableFuture@1803b513[Not completed]
datanode_2    | 2019-10-21 02:10:32,780 INFO util.JvmPauseMonitor: Starting JVM pause monitor
om_1          | 2019-10-21 02:10:38,943 INFO db.DBStoreBuilder: using custom profile for table: s3Table
datanode_3    | 2019-10-21 02:10:36,968 [Datanode State Machine Thread - 0] INFO       - Starting XceiverServerRatis 6c6d6eeb-853e-4ad2-8041-43615c163fca at port 9858
grafana_1     | t=2019-10-21T02:10:32+0000 lvl=info msg="Executing migration" logger=migrator id="create org table v1"
freon_1       | 2019-10-21 02:11:04,260 [pool-2-thread-3] INFO       - Creating Bucket: vol-7-47344/bucket-2-83550, with Versioning false and Storage Type set to DISK and Encryption set to false 
scm_1         | 2019-10-21 02:10:34,190 INFO net.NodeSchemaLoader: Loading network topology layer schema file
datanode_1    | 2019-10-21 02:10:40,057 INFO impl.RaftServerImpl: bd3ad820-c4a6-4568-aa39-fb49e8fef1fb: new RaftServerImpl for group-B916063ABA01:[bd3ad820-c4a6-4568-aa39-fb49e8fef1fb:172.18.0.8:9858] with ContainerStateMachine:uninitialized
datanode_2    | 2019-10-21 02:10:32,958 [Datanode State Machine Thread - 0] INFO       - DatanodeDetails is persisted to /data/datanode.id
om_1          | 2019-10-21 02:10:38,943 INFO db.DBStoreBuilder: Using default column profile:DBProfile.DISK for Table:s3Table
datanode_3    | 2019-10-21 02:10:36,985 INFO impl.RaftServerProxy: 6c6d6eeb-853e-4ad2-8041-43615c163fca: start RPC server
grafana_1     | t=2019-10-21T02:10:32+0000 lvl=info msg="Executing migration" logger=migrator id="create index UQE_org_name - v1"
freon_1       | 2019-10-21 02:11:04,261 [pool-2-thread-9] INFO       - Creating Bucket: vol-8-08410/bucket-2-43815, with Versioning false and Storage Type set to DISK and Encryption set to false 
scm_1         | 2019-10-21 02:10:34,295 INFO node.SCMNodeManager: Entering startup safe mode.
datanode_2    | 2019-10-21 02:10:35,850 INFO ipc.Client: Retrying connect to server: scm/172.18.0.2:9861. Already tried 0 time(s); retry policy is RetryUpToMaximumCountWithFixedSleep(maxRetries=2147483647, sleepTime=1000 MILLISECONDS)
datanode_1    | 2019-10-21 02:10:40,058 INFO server.RaftServerConfigKeys: raft.server.rpc.timeout.min = 5s (custom)
om_1          | 2019-10-21 02:10:38,943 INFO db.DBStoreBuilder: using custom profile for table: multipartInfoTable
datanode_3    | 2019-10-21 02:10:37,089 INFO server.GrpcService: 6c6d6eeb-853e-4ad2-8041-43615c163fca: GrpcService started, listening on 0.0.0.0/0.0.0.0:9858
grafana_1     | t=2019-10-21T02:10:32+0000 lvl=info msg="Executing migration" logger=migrator id="create org_user table v1"
freon_1       | 2019-10-21 02:11:04,261 [pool-2-thread-6] INFO       - Creating Bucket: vol-9-74889/bucket-2-94125, with Versioning false and Storage Type set to DISK and Encryption set to false 
scm_1         | 2019-10-21 02:10:34,440 INFO algorithms.ContainerPlacementPolicyFactory: Create container placement policy of type org.apache.hadoop.hdds.scm.container.placement.algorithms.SCMContainerPlacementRandom
datanode_2    | 2019-10-21 02:10:36,190 [Datanode State Machine Thread - 0] INFO       - Attempting to start container services.
datanode_1    | 2019-10-21 02:10:40,059 INFO server.RaftServerConfigKeys: raft.server.rpc.timeout.max = 5200ms (custom)
om_1          | 2019-10-21 02:10:38,943 INFO db.DBStoreBuilder: Using default column profile:DBProfile.DISK for Table:multipartInfoTable
datanode_3    | WARNING: An illegal reflective access operation has occurred
grafana_1     | t=2019-10-21T02:10:32+0000 lvl=info msg="Executing migration" logger=migrator id="create index IDX_org_user_org_id - v1"
freon_1       | 2019-10-21 02:11:04,263 [pool-2-thread-8] INFO       - Creating Bucket: vol-0-92401/bucket-3-73319, with Versioning false and Storage Type set to DISK and Encryption set to false 
scm_1         | 2019-10-21 02:10:34,451 WARN server.ServerUtils: ozone.scm.db.dirs is not configured. We recommend adding this setting. Falling back to ozone.metadata.dirs instead.
datanode_2    | 2019-10-21 02:10:36,197 [Datanode State Machine Thread - 0] INFO       - Background container scanner has been disabled.
datanode_1    | 2019-10-21 02:10:40,059 INFO server.RaftServerConfigKeys: raft.server.rpcslowness.timeout = 120s (custom)
om_1          | 2019-10-21 02:10:38,943 INFO db.DBStoreBuilder: using custom profile for table: dTokenTable
datanode_3    | WARNING: Illegal reflective access by org.apache.ratis.thirdparty.com.google.protobuf.UnsafeUtil (file:/opt/hadoop/share/ozone/lib/ratis-thirdparty-misc-0.2.0.jar) to field java.nio.Buffer.address
grafana_1     | t=2019-10-21T02:10:32+0000 lvl=info msg="Executing migration" logger=migrator id="create index UQE_org_user_org_id_user_id - v1"
freon_1       | 2019-10-21 02:11:04,265 [pool-2-thread-4] INFO       - Creating Bucket: vol-1-93173/bucket-3-00654, with Versioning false and Storage Type set to DISK and Encryption set to false 
scm_1         | 2019-10-21 02:10:34,622 INFO pipeline.SCMPipelineManager: No pipeline exists in current db
datanode_2    | 2019-10-21 02:10:36,198 [Datanode State Machine Thread - 0] INFO       - Starting XceiverServerRatis d9a5669f-60dd-40af-83f0-66238c58be32 at port 9858
datanode_1    | 2019-10-21 02:10:40,059 INFO server.RaftServerConfigKeys: raft.server.sleep.deviation.threshold = 300 (default)
om_1          | 2019-10-21 02:10:38,943 INFO db.DBStoreBuilder: Using default column profile:DBProfile.DISK for Table:dTokenTable
datanode_3    | WARNING: Please consider reporting this to the maintainers of org.apache.ratis.thirdparty.com.google.protobuf.UnsafeUtil
freon_1       | 2019-10-21 02:11:04,265 [pool-2-thread-5] INFO       - Creating Bucket: vol-2-81011/bucket-3-58238, with Versioning false and Storage Type set to DISK and Encryption set to false 
grafana_1     | t=2019-10-21T02:10:32+0000 lvl=info msg="Executing migration" logger=migrator id="Update org table charset"
scm_1         | 2019-10-21 02:10:34,623 WARN server.ServerUtils: ozone.scm.db.dirs is not configured. We recommend adding this setting. Falling back to ozone.metadata.dirs instead.
datanode_2    | 2019-10-21 02:10:36,224 INFO impl.RaftServerProxy: d9a5669f-60dd-40af-83f0-66238c58be32: start RPC server
datanode_1    | 2019-10-21 02:10:40,060 INFO server.RaftServerConfigKeys: raft.server.log.appender.install.snapshot.enabled = false (custom)
om_1          | 2019-10-21 02:10:38,944 INFO db.DBStoreBuilder: using custom profile for table: s3SecretTable
datanode_3    | WARNING: Use --illegal-access=warn to enable warnings of further illegal reflective access operations
freon_1       | 2019-10-21 02:11:04,267 [pool-2-thread-1] INFO       - Creating Bucket: vol-3-06615/bucket-3-57699, with Versioning false and Storage Type set to DISK and Encryption set to false 
grafana_1     | t=2019-10-21T02:10:32+0000 lvl=info msg="Executing migration" logger=migrator id="Update org_user table charset"
scm_1         | 2019-10-21 02:10:34,720 WARN events.EventQueue: No event handler registered for event TypedEvent{payloadType=SafeModeStatus, name='SafeModeStatus'}
datanode_2    | 2019-10-21 02:10:36,333 INFO server.GrpcService: d9a5669f-60dd-40af-83f0-66238c58be32: GrpcService started, listening on 0.0.0.0/0.0.0.0:9858
datanode_1    | 2019-10-21 02:10:40,072 INFO impl.RaftServerImpl: bd3ad820-c4a6-4568-aa39-fb49e8fef1fb@group-B916063ABA01: ConfigurationManager, init=-1: [bd3ad820-c4a6-4568-aa39-fb49e8fef1fb:172.18.0.8:9858], old=null, confs=<EMPTY_MAP>
om_1          | 2019-10-21 02:10:38,944 INFO db.DBStoreBuilder: Using default column profile:DBProfile.DISK for Table:s3SecretTable
datanode_3    | WARNING: All illegal access operations will be denied in a future release
freon_1       | 2019-10-21 02:11:04,269 [pool-2-thread-2] INFO       - Creating Bucket: vol-4-24675/bucket-3-55415, with Versioning false and Storage Type set to DISK and Encryption set to false 
grafana_1     | t=2019-10-21T02:10:32+0000 lvl=info msg="Executing migration" logger=migrator id="Migrate all Read Only Viewers to Viewers"
scm_1         | 2019-10-21 02:10:35,341 INFO ipc.CallQueueManager: Using callQueue: class java.util.concurrent.LinkedBlockingQueue, queueCapacity: 1000, scheduler: class org.apache.hadoop.ipc.DefaultRpcScheduler, ipcBackoff: false.
datanode_2    | WARNING: An illegal reflective access operation has occurred
datanode_1    | 2019-10-21 02:10:40,073 INFO server.RaftServerConfigKeys: raft.server.storage.dir = [/data/metadata/ratis] (custom)
om_1          | 2019-10-21 02:10:38,944 INFO db.DBStoreBuilder: using custom profile for table: prefixTable
datanode_3    | 2019-10-21 02:10:39,157 INFO impl.RaftServerProxy: 6c6d6eeb-853e-4ad2-8041-43615c163fca: addNew group-8C7FB4CF1CAA:[6c6d6eeb-853e-4ad2-8041-43615c163fca:172.18.0.9:9858] returns group-8C7FB4CF1CAA:java.util.concurrent.CompletableFuture@56a6fa3d[Not completed]
freon_1       | 2019-10-21 02:11:04,273 [pool-2-thread-3] INFO       - Creating Bucket: vol-5-52377/bucket-3-17352, with Versioning false and Storage Type set to DISK and Encryption set to false 
grafana_1     | t=2019-10-21T02:10:32+0000 lvl=info msg="Executing migration" logger=migrator id="create dashboard table"
scm_1         | 2019-10-21 02:10:35,371 INFO ipc.Server: Starting Socket Reader #1 for port 9861
datanode_2    | WARNING: Illegal reflective access by org.apache.ratis.thirdparty.com.google.protobuf.UnsafeUtil (file:/opt/hadoop/share/ozone/lib/ratis-thirdparty-misc-0.2.0.jar) to field java.nio.Buffer.address
datanode_1    | 2019-10-21 02:10:40,078 INFO server.RaftServerConfigKeys: raft.server.log.corruption.policy = EXCEPTION (default)
om_1          | 2019-10-21 02:10:38,944 INFO db.DBStoreBuilder: Using default column profile:DBProfile.DISK for Table:prefixTable
datanode_3    | 2019-10-21 02:10:39,220 INFO impl.RaftServerImpl: 6c6d6eeb-853e-4ad2-8041-43615c163fca: new RaftServerImpl for group-8C7FB4CF1CAA:[6c6d6eeb-853e-4ad2-8041-43615c163fca:172.18.0.9:9858] with ContainerStateMachine:uninitialized
freon_1       | 2019-10-21 02:11:04,274 [pool-2-thread-9] INFO       - Creating Bucket: vol-6-58161/bucket-3-34377, with Versioning false and Storage Type set to DISK and Encryption set to false 
grafana_1     | t=2019-10-21T02:10:32+0000 lvl=info msg="Executing migration" logger=migrator id="add index dashboard.account_id"
datanode_2    | WARNING: Please consider reporting this to the maintainers of org.apache.ratis.thirdparty.com.google.protobuf.UnsafeUtil
datanode_1    | 2019-10-21 02:10:40,079 INFO storage.RaftStorageDirectory: The storage directory /data/metadata/ratis/ffdee966-cc5c-450c-b57b-b916063aba01 does not exist. Creating ...
om_1          | 2019-10-21 02:10:38,953 INFO db.DBStoreBuilder: using custom profile for table: default
datanode_3    | 2019-10-21 02:10:39,222 INFO server.RaftServerConfigKeys: raft.server.rpc.timeout.min = 5s (custom)
grafana_1     | t=2019-10-21T02:10:32+0000 lvl=info msg="Executing migration" logger=migrator id="add unique index dashboard_account_id_slug"
scm_1         | 2019-10-21 02:10:35,404 INFO ipc.CallQueueManager: Using callQueue: class java.util.concurrent.LinkedBlockingQueue, queueCapacity: 1000, scheduler: class org.apache.hadoop.ipc.DefaultRpcScheduler, ipcBackoff: false.
freon_1       | 2019-10-21 02:11:04,276 [pool-2-thread-7] INFO       - Creating Bucket: vol-7-47344/bucket-3-74949, with Versioning false and Storage Type set to DISK and Encryption set to false 
datanode_2    | WARNING: Use --illegal-access=warn to enable warnings of further illegal reflective access operations
datanode_1    | 2019-10-21 02:10:40,106 INFO storage.RaftStorageDirectory: Lock on /data/metadata/ratis/ffdee966-cc5c-450c-b57b-b916063aba01/in_use.lock acquired by nodename 7@b6cf5db6c8db
om_1          | 2019-10-21 02:10:38,953 INFO db.DBStoreBuilder: Using default column profile:DBProfile.DISK for Table:default
datanode_3    | 2019-10-21 02:10:39,223 INFO server.RaftServerConfigKeys: raft.server.rpc.timeout.max = 5200ms (custom)
grafana_1     | t=2019-10-21T02:10:32+0000 lvl=info msg="Executing migration" logger=migrator id="create dashboard_tag table"
scm_1         | 2019-10-21 02:10:35,404 INFO ipc.Server: Starting Socket Reader #1 for port 9863
datanode_2    | WARNING: All illegal access operations will be denied in a future release
datanode_1    | 2019-10-21 02:10:40,120 INFO storage.RaftStorage: Storage directory /data/metadata/ratis/ffdee966-cc5c-450c-b57b-b916063aba01 has been successfully formatted.
om_1          | 2019-10-21 02:10:38,955 INFO db.DBStoreBuilder: Using default options. DBProfile.DISK
freon_1       | 2019-10-21 02:11:04,278 [pool-2-thread-10] INFO       - Creating Bucket: vol-8-08410/bucket-3-64064, with Versioning false and Storage Type set to DISK and Encryption set to false 
grafana_1     | t=2019-10-21T02:10:32+0000 lvl=info msg="Executing migration" logger=migrator id="add unique index dashboard_tag.dasboard_id_term"
scm_1         | 2019-10-21 02:10:35,417 INFO ipc.CallQueueManager: Using callQueue: class java.util.concurrent.LinkedBlockingQueue, queueCapacity: 1000, scheduler: class org.apache.hadoop.ipc.DefaultRpcScheduler, ipcBackoff: false.
datanode_2    | 2019-10-21 02:10:37,717 INFO impl.RaftServerProxy: d9a5669f-60dd-40af-83f0-66238c58be32: addNew group-7514FA84EB07:[d9a5669f-60dd-40af-83f0-66238c58be32:172.18.0.3:9858] returns group-7514FA84EB07:java.util.concurrent.CompletableFuture@65cf174e[Not completed]
datanode_1    | 2019-10-21 02:10:40,123 [pool-8-thread-1] INFO       - group-B916063ABA01: The snapshot info is null. Setting the last applied indexto:(t:0, i:~)
datanode_3    | 2019-10-21 02:10:39,223 INFO server.RaftServerConfigKeys: raft.server.rpcslowness.timeout = 120s (custom)
om_1          | 2019-10-21 02:10:39,648 INFO ipc.CallQueueManager: Using callQueue: class java.util.concurrent.LinkedBlockingQueue, queueCapacity: 2000, scheduler: class org.apache.hadoop.ipc.DefaultRpcScheduler, ipcBackoff: false.
freon_1       | 2019-10-21 02:11:04,278 [pool-2-thread-4] INFO       - Creating Bucket: vol-9-74889/bucket-3-32095, with Versioning false and Storage Type set to DISK and Encryption set to false 
grafana_1     | t=2019-10-21T02:10:32+0000 lvl=info msg="Executing migration" logger=migrator id="drop index UQE_dashboard_tag_dashboard_id_term - v1"
scm_1         | 2019-10-21 02:10:35,417 INFO ipc.Server: Starting Socket Reader #1 for port 9860
datanode_2    | 2019-10-21 02:10:37,732 INFO impl.RaftServerImpl: d9a5669f-60dd-40af-83f0-66238c58be32: new RaftServerImpl for group-7514FA84EB07:[d9a5669f-60dd-40af-83f0-66238c58be32:172.18.0.3:9858] with ContainerStateMachine:uninitialized
datanode_3    | 2019-10-21 02:10:39,224 INFO server.RaftServerConfigKeys: raft.server.sleep.deviation.threshold = 300 (default)
freon_1       | 2019-10-21 02:11:04,279 [pool-2-thread-8] INFO       - Creating Bucket: vol-0-92401/bucket-4-12990, with Versioning false and Storage Type set to DISK and Encryption set to false 
om_1          | 2019-10-21 02:10:39,658 INFO ipc.Server: Starting Socket Reader #1 for port 9862
datanode_1    | 2019-10-21 02:10:40,124 INFO server.RaftServerConfigKeys: raft.server.notification.no-leader.timeout = 120s (custom)
grafana_1     | t=2019-10-21T02:10:32+0000 lvl=info msg="Executing migration" logger=migrator id="Rename table dashboard to dashboard_v1 - v1"
scm_1         | 2019-10-21 02:10:35,441 INFO hdfs.DFSUtil: Starting Web-server for scm at: http://0.0.0.0:9876
datanode_2    | 2019-10-21 02:10:37,733 INFO server.RaftServerConfigKeys: raft.server.rpc.timeout.min = 5s (custom)
datanode_3    | 2019-10-21 02:10:39,225 INFO server.RaftServerConfigKeys: raft.server.log.appender.install.snapshot.enabled = false (custom)
freon_1       | 2019-10-21 02:11:04,280 [pool-2-thread-6] INFO       - Creating Bucket: vol-1-93173/bucket-4-17216, with Versioning false and Storage Type set to DISK and Encryption set to false 
om_1          | 2019-10-21 02:10:39,711 [main] INFO       - OzoneManager RPC server is listening at om/172.18.0.7:9862
grafana_1     | t=2019-10-21T02:10:32+0000 lvl=info msg="Executing migration" logger=migrator id="create dashboard v2"
datanode_1    | 2019-10-21 02:10:40,126 INFO server.RaftServerConfigKeys: raft.server.log.use.memory = false (default)
datanode_1    | 2019-10-21 02:10:40,131 INFO server.RaftServerConfigKeys: raft.server.log.purge.gap = 1000000 (custom)
datanode_2    | 2019-10-21 02:10:37,734 INFO server.RaftServerConfigKeys: raft.server.rpc.timeout.max = 5200ms (custom)
datanode_3    | 2019-10-21 02:10:39,231 INFO impl.RaftServerImpl: 6c6d6eeb-853e-4ad2-8041-43615c163fca@group-8C7FB4CF1CAA: ConfigurationManager, init=-1: [6c6d6eeb-853e-4ad2-8041-43615c163fca:172.18.0.9:9858], old=null, confs=<EMPTY_MAP>
freon_1       | 2019-10-21 02:11:04,283 [pool-2-thread-1] INFO       - Creating Bucket: vol-2-81011/bucket-4-84598, with Versioning false and Storage Type set to DISK and Encryption set to false 
om_1          | 2019-10-21 02:10:39,793 INFO impl.MetricsConfig: Loaded properties from hadoop-metrics2.properties
grafana_1     | t=2019-10-21T02:10:32+0000 lvl=info msg="Executing migration" logger=migrator id="create index IDX_dashboard_org_id - v2"
datanode_1    | 2019-10-21 02:10:40,131 INFO server.RaftServerConfigKeys: raft.server.log.appender.buffer.byte-limit = 33554432 (custom)
scm_1         | 2019-10-21 02:10:35,600 INFO server.AuthenticationFilter: Unable to initialize FileSignerSecretProvider, falling back to use random secrets.
datanode_3    | 2019-10-21 02:10:39,231 INFO server.RaftServerConfigKeys: raft.server.storage.dir = [/data/metadata/ratis] (custom)
freon_1       | 2019-10-21 02:11:04,286 [pool-2-thread-5] INFO       - Creating Bucket: vol-3-06615/bucket-4-20891, with Versioning false and Storage Type set to DISK and Encryption set to false 
datanode_2    | 2019-10-21 02:10:37,734 INFO server.RaftServerConfigKeys: raft.server.rpcslowness.timeout = 120s (custom)
om_1          | 2019-10-21 02:10:39,847 INFO impl.MetricsSystemImpl: Scheduled Metric snapshot period at 10 second(s).
scm_1         | 2019-10-21 02:10:35,615 INFO http.HttpRequestLog: Http request log for http.requests.scm is not defined
grafana_1     | t=2019-10-21T02:10:32+0000 lvl=info msg="Executing migration" logger=migrator id="create index UQE_dashboard_org_id_slug - v2"
datanode_1    | 2019-10-21 02:10:40,132 INFO server.RaftServerConfigKeys: raft.server.log.segment.size.max = 1048576 (custom)
datanode_3    | 2019-10-21 02:10:39,236 INFO server.RaftServerConfigKeys: raft.server.log.corruption.policy = EXCEPTION (default)
freon_1       | 2019-10-21 02:11:04,288 [pool-2-thread-3] INFO       - Creating Bucket: vol-4-24675/bucket-4-05218, with Versioning false and Storage Type set to DISK and Encryption set to false 
datanode_2    | 2019-10-21 02:10:37,734 INFO server.RaftServerConfigKeys: raft.server.sleep.deviation.threshold = 300 (default)
om_1          | 2019-10-21 02:10:39,848 INFO impl.MetricsSystemImpl: OzoneManager metrics system started
scm_1         | 2019-10-21 02:10:35,623 INFO http.HttpServer2: Added global filter 'safety' (class=org.apache.hadoop.http.HttpServer2$QuotingInputFilter)
datanode_1    | 2019-10-21 02:10:40,138 INFO metrics.MetricRegistries: Loaded MetricRegistries class org.apache.ratis.metrics.impl.MetricRegistriesImpl
grafana_1     | t=2019-10-21T02:10:32+0000 lvl=info msg="Executing migration" logger=migrator id="copy dashboard v1 to v2"
datanode_3    | 2019-10-21 02:10:39,237 INFO storage.RaftStorageDirectory: The storage directory /data/metadata/ratis/3a8cf934-5e7b-4bba-b488-8c7fb4cf1caa does not exist. Creating ...
freon_1       | 2019-10-21 02:11:04,289 [pool-2-thread-7] INFO       - Creating Bucket: vol-5-52377/bucket-4-39049, with Versioning false and Storage Type set to DISK and Encryption set to false 
datanode_2    | 2019-10-21 02:10:37,735 INFO server.RaftServerConfigKeys: raft.server.log.appender.install.snapshot.enabled = false (custom)
om_1          | 2019-10-21 02:10:39,884 INFO ipc.Server: IPC Server Responder: starting
scm_1         | 2019-10-21 02:10:35,625 INFO http.HttpServer2: Added filter static_user_filter (class=org.apache.hadoop.http.lib.StaticUserWebFilter$StaticUserFilter) to context scm
datanode_1    | 2019-10-21 02:10:40,140 WARN impl.MetricRegistriesImpl: First MetricRegistry has been created without registering reporters. You may need to call MetricRegistries.global().addReportRegistration(...) before.
grafana_1     | t=2019-10-21T02:10:32+0000 lvl=info msg="Executing migration" logger=migrator id="drop table dashboard_v1"
datanode_3    | 2019-10-21 02:10:39,253 INFO storage.RaftStorageDirectory: Lock on /data/metadata/ratis/3a8cf934-5e7b-4bba-b488-8c7fb4cf1caa/in_use.lock acquired by nodename 7@1c79cd016a3e
freon_1       | 2019-10-21 02:11:04,290 [pool-2-thread-2] INFO       - Creating Bucket: vol-6-58161/bucket-4-50438, with Versioning false and Storage Type set to DISK and Encryption set to false 
datanode_2    | 2019-10-21 02:10:37,747 INFO impl.RaftServerImpl: d9a5669f-60dd-40af-83f0-66238c58be32@group-7514FA84EB07: ConfigurationManager, init=-1: [d9a5669f-60dd-40af-83f0-66238c58be32:172.18.0.3:9858], old=null, confs=<EMPTY_MAP>
om_1          | 2019-10-21 02:10:39,885 INFO ipc.Server: IPC Server listener on 9862: starting
scm_1         | 2019-10-21 02:10:35,625 INFO http.HttpServer2: Added filter static_user_filter (class=org.apache.hadoop.http.lib.StaticUserWebFilter$StaticUserFilter) to context logs
datanode_1    | 2019-10-21 02:10:40,145 INFO server.RaftServerConfigKeys: raft.server.log.segment.cache.num.max = 2 (custom)
grafana_1     | t=2019-10-21T02:10:32+0000 lvl=info msg="Executing migration" logger=migrator id="alter dashboard.data to mediumtext v1"
datanode_3    | 2019-10-21 02:10:39,268 INFO storage.RaftStorage: Storage directory /data/metadata/ratis/3a8cf934-5e7b-4bba-b488-8c7fb4cf1caa has been successfully formatted.
freon_1       | 2019-10-21 02:11:04,291 [pool-2-thread-9] INFO       - Creating Bucket: vol-7-47344/bucket-4-62210, with Versioning false and Storage Type set to DISK and Encryption set to false 
datanode_2    | 2019-10-21 02:10:37,748 INFO server.RaftServerConfigKeys: raft.server.storage.dir = [/data/metadata/ratis] (custom)
om_1          | 2019-10-21 02:10:39,914 INFO hdfs.DFSUtil: Starting Web-server for ozoneManager at: http://0.0.0.0:9874
scm_1         | 2019-10-21 02:10:35,625 INFO http.HttpServer2: Added filter static_user_filter (class=org.apache.hadoop.http.lib.StaticUserWebFilter$StaticUserFilter) to context static
datanode_1    | 2019-10-21 02:10:40,149 INFO segmented.SegmentedRaftLogWorker: new bd3ad820-c4a6-4568-aa39-fb49e8fef1fb@group-B916063ABA01-SegmentedRaftLogWorker for RaftStorage:Storage Directory /data/metadata/ratis/ffdee966-cc5c-450c-b57b-b916063aba01
grafana_1     | t=2019-10-21T02:10:33+0000 lvl=info msg="Executing migration" logger=migrator id="Add column updated_by in dashboard - v2"
datanode_3    | 2019-10-21 02:10:39,272 [pool-8-thread-1] INFO       - group-8C7FB4CF1CAA: The snapshot info is null. Setting the last applied indexto:(t:0, i:~)
freon_1       | 2019-10-21 02:11:04,294 [pool-2-thread-10] INFO       - Creating Bucket: vol-8-08410/bucket-4-06238, with Versioning false and Storage Type set to DISK and Encryption set to false 
datanode_2    | 2019-10-21 02:10:37,753 INFO server.RaftServerConfigKeys: raft.server.log.corruption.policy = EXCEPTION (default)
om_1          | 2019-10-21 02:10:40,027 INFO server.AuthenticationFilter: Unable to initialize FileSignerSecretProvider, falling back to use random secrets.
scm_1         | 2019-10-21 02:10:35,646 WARN server.BaseHttpServer: /prof java profiling servlet is activated. Not safe for production!
datanode_1    | 2019-10-21 02:10:40,149 INFO server.RaftServerConfigKeys: raft.server.log.queue.byte-limit = 2147483647 (custom)
grafana_1     | t=2019-10-21T02:10:33+0000 lvl=info msg="Executing migration" logger=migrator id="Add column created_by in dashboard - v2"
datanode_3    | 2019-10-21 02:10:39,272 INFO server.RaftServerConfigKeys: raft.server.notification.no-leader.timeout = 120s (custom)
freon_1       | 2019-10-21 02:11:04,295 [pool-2-thread-4] INFO       - Creating Bucket: vol-9-74889/bucket-4-11296, with Versioning false and Storage Type set to DISK and Encryption set to false 
datanode_2    | 2019-10-21 02:10:37,755 INFO storage.RaftStorageDirectory: The storage directory /data/metadata/ratis/445d8434-6ebe-4fec-ae31-7514fa84eb07 does not exist. Creating ...
om_1          | 2019-10-21 02:10:40,030 INFO http.HttpRequestLog: Http request log for http.requests.ozoneManager is not defined
scm_1         | 2019-10-21 02:10:35,654 INFO server.StorageContainerManager: StorageContainerLocationProtocol RPC server is listening at /0.0.0.0:9860
datanode_1    | 2019-10-21 02:10:40,150 INFO server.RaftServerConfigKeys: raft.server.log.queue.element-limit = 1024 (custom)
grafana_1     | t=2019-10-21T02:10:33+0000 lvl=info msg="Executing migration" logger=migrator id="Add column gnetId in dashboard"
datanode_3    | 2019-10-21 02:10:39,274 INFO server.RaftServerConfigKeys: raft.server.log.use.memory = false (default)
freon_1       | 2019-10-21 02:11:04,298 [pool-2-thread-5] INFO       - Creating Bucket: vol-0-92401/bucket-5-56816, with Versioning false and Storage Type set to DISK and Encryption set to false 
datanode_2    | 2019-10-21 02:10:37,786 INFO storage.RaftStorageDirectory: Lock on /data/metadata/ratis/445d8434-6ebe-4fec-ae31-7514fa84eb07/in_use.lock acquired by nodename 7@b34283165fd5
om_1          | 2019-10-21 02:10:40,038 INFO http.HttpServer2: Added global filter 'safety' (class=org.apache.hadoop.http.HttpServer2$QuotingInputFilter)
scm_1         | 2019-10-21 02:10:35,713 INFO impl.MetricsConfig: Loaded properties from hadoop-metrics2.properties
datanode_1    | 2019-10-21 02:10:40,151 INFO server.RaftServerConfigKeys: raft.server.log.segment.size.max = 1048576 (custom)
grafana_1     | t=2019-10-21T02:10:33+0000 lvl=info msg="Executing migration" logger=migrator id="Add index for gnetId in dashboard"
freon_1       | 2019-10-21 02:11:04,299 [pool-2-thread-8] INFO       - Creating Bucket: vol-1-93173/bucket-5-09785, with Versioning false and Storage Type set to DISK and Encryption set to false 
datanode_3    | 2019-10-21 02:10:39,278 INFO server.RaftServerConfigKeys: raft.server.log.purge.gap = 1000000 (custom)
om_1          | 2019-10-21 02:10:40,040 INFO http.HttpServer2: Added filter static_user_filter (class=org.apache.hadoop.http.lib.StaticUserWebFilter$StaticUserFilter) to context ozoneManager
scm_1         | 2019-10-21 02:10:35,752 INFO impl.MetricsSystemImpl: Scheduled Metric snapshot period at 10 second(s).
datanode_2    | 2019-10-21 02:10:37,796 INFO storage.RaftStorage: Storage directory /data/metadata/ratis/445d8434-6ebe-4fec-ae31-7514fa84eb07 has been successfully formatted.
datanode_1    | 2019-10-21 02:10:40,151 INFO server.RaftServerConfigKeys: raft.server.log.preallocated.size = 16384 (custom)
grafana_1     | t=2019-10-21T02:10:33+0000 lvl=info msg="Executing migration" logger=migrator id="Add column plugin_id in dashboard"
freon_1       | 2019-10-21 02:11:04,301 [pool-2-thread-6] INFO       - Creating Bucket: vol-2-81011/bucket-5-09647, with Versioning false and Storage Type set to DISK and Encryption set to false 
scm_1         | 2019-10-21 02:10:35,753 INFO impl.MetricsSystemImpl: StorageContainerManager metrics system started
om_1          | 2019-10-21 02:10:40,040 INFO http.HttpServer2: Added filter static_user_filter (class=org.apache.hadoop.http.lib.StaticUserWebFilter$StaticUserFilter) to context static
datanode_3    | 2019-10-21 02:10:39,278 INFO server.RaftServerConfigKeys: raft.server.log.appender.buffer.byte-limit = 33554432 (custom)
datanode_2    | 2019-10-21 02:10:37,800 [pool-8-thread-1] INFO       - group-7514FA84EB07: The snapshot info is null. Setting the last applied indexto:(t:0, i:~)
datanode_1    | 2019-10-21 02:10:40,151 INFO server.RaftServerConfigKeys: raft.server.log.write.buffer.size = 33554432 (custom)
grafana_1     | t=2019-10-21T02:10:33+0000 lvl=info msg="Executing migration" logger=migrator id="Add index for plugin_id in dashboard"
freon_1       | 2019-10-21 02:11:04,302 [pool-2-thread-1] INFO       - Creating Bucket: vol-3-06615/bucket-5-01704, with Versioning false and Storage Type set to DISK and Encryption set to false 
scm_1         | 2019-10-21 02:10:35,962 INFO server.SCMClientProtocolServer: RPC server for Client  is listening at /0.0.0.0:9860
om_1          | 2019-10-21 02:10:40,040 INFO http.HttpServer2: Added filter static_user_filter (class=org.apache.hadoop.http.lib.StaticUserWebFilter$StaticUserFilter) to context logs
datanode_3    | 2019-10-21 02:10:39,280 INFO server.RaftServerConfigKeys: raft.server.log.segment.size.max = 1048576 (custom)
datanode_2    | 2019-10-21 02:10:37,801 INFO server.RaftServerConfigKeys: raft.server.notification.no-leader.timeout = 120s (custom)
datanode_1    | 2019-10-21 02:10:40,152 INFO server.RaftServerConfigKeys: raft.server.log.force.sync.num = 128 (default)
grafana_1     | t=2019-10-21T02:10:33+0000 lvl=info msg="Executing migration" logger=migrator id="Add index for dashboard_id in dashboard_tag"
scm_1         | 2019-10-21 02:10:35,963 INFO ipc.Server: IPC Server Responder: starting
om_1          | 2019-10-21 02:10:40,059 WARN server.BaseHttpServer: /prof java profiling servlet is activated. Not safe for production!
datanode_3    | 2019-10-21 02:10:39,285 INFO metrics.MetricRegistries: Loaded MetricRegistries class org.apache.ratis.metrics.impl.MetricRegistriesImpl
freon_1       | 2019-10-21 02:11:04,305 [pool-2-thread-2] INFO       - Creating Bucket: vol-4-24675/bucket-5-55984, with Versioning false and Storage Type set to DISK and Encryption set to false 
datanode_2    | 2019-10-21 02:10:37,804 INFO server.RaftServerConfigKeys: raft.server.log.use.memory = false (default)
datanode_1    | 2019-10-21 02:10:40,152 INFO server.RaftServerConfigKeys: raft.server.log.statemachine.data.sync = true (default)
grafana_1     | t=2019-10-21T02:10:33+0000 lvl=info msg="Executing migration" logger=migrator id="Update dashboard table charset"
scm_1         | 2019-10-21 02:10:35,963 INFO ipc.Server: IPC Server listener on 9860: starting
om_1          | 2019-10-21 02:10:40,061 INFO http.HttpServer2: Jetty bound to port 9874
datanode_3    | 2019-10-21 02:10:39,288 WARN impl.MetricRegistriesImpl: First MetricRegistry has been created without registering reporters. You may need to call MetricRegistries.global().addReportRegistration(...) before.
freon_1       | 2019-10-21 02:11:04,305 [pool-2-thread-3] INFO       - Creating Bucket: vol-5-52377/bucket-5-61535, with Versioning false and Storage Type set to DISK and Encryption set to false 
datanode_2    | 2019-10-21 02:10:37,809 INFO server.RaftServerConfigKeys: raft.server.log.purge.gap = 1000000 (custom)
grafana_1     | t=2019-10-21T02:10:33+0000 lvl=info msg="Executing migration" logger=migrator id="Update dashboard_tag table charset"
datanode_1    | 2019-10-21 02:10:40,153 INFO server.RaftServerConfigKeys: raft.server.log.statemachine.data.sync.timeout = 10s (default)
scm_1         | 2019-10-21 02:10:35,966 INFO server.StorageContainerManager: ScmBlockLocationProtocol RPC server is listening at /0.0.0.0:9863
om_1          | 2019-10-21 02:10:40,062 INFO server.Server: jetty-9.3.25.v20180904, build timestamp: 2018-09-04T21:11:46Z, git hash: 3ce520221d0240229c862b122d2b06c12a625732
datanode_3    | 2019-10-21 02:10:39,292 INFO server.RaftServerConfigKeys: raft.server.log.segment.cache.num.max = 2 (custom)
freon_1       | 2019-10-21 02:11:04,306 [pool-2-thread-9] INFO       - Creating Bucket: vol-6-58161/bucket-5-82105, with Versioning false and Storage Type set to DISK and Encryption set to false 
datanode_2    | 2019-10-21 02:10:37,809 INFO server.RaftServerConfigKeys: raft.server.log.appender.buffer.byte-limit = 33554432 (custom)
grafana_1     | t=2019-10-21T02:10:33+0000 lvl=info msg="Executing migration" logger=migrator id="Add column folder_id in dashboard"
datanode_1    | 2019-10-21 02:10:40,153 INFO server.RaftServerConfigKeys: raft.server.log.statemachine.data.sync.timeout.retry = -1 (default)
scm_1         | 2019-10-21 02:10:35,966 INFO server.SCMBlockProtocolServer: RPC server for Block Protocol is listening at /0.0.0.0:9863
om_1          | 2019-10-21 02:10:40,094 INFO handler.ContextHandler: Started o.e.j.s.ServletContextHandler@707b1a44{/logs,file:///var/log/hadoop/,AVAILABLE}
datanode_3    | 2019-10-21 02:10:39,297 INFO segmented.SegmentedRaftLogWorker: new 6c6d6eeb-853e-4ad2-8041-43615c163fca@group-8C7FB4CF1CAA-SegmentedRaftLogWorker for RaftStorage:Storage Directory /data/metadata/ratis/3a8cf934-5e7b-4bba-b488-8c7fb4cf1caa
freon_1       | 2019-10-21 02:11:04,313 [pool-2-thread-6] INFO       - Creating Bucket: vol-7-47344/bucket-5-13123, with Versioning false and Storage Type set to DISK and Encryption set to false 
datanode_2    | 2019-10-21 02:10:37,811 INFO server.RaftServerConfigKeys: raft.server.log.segment.size.max = 1048576 (custom)
grafana_1     | t=2019-10-21T02:10:33+0000 lvl=info msg="Executing migration" logger=migrator id="Add column isFolder in dashboard"
datanode_1    | 2019-10-21 02:10:40,160 INFO server.RaftServerConfigKeys: raft.server.log.statemachine.data.caching.enabled = true (custom)
scm_1         | 2019-10-21 02:10:35,967 INFO ipc.Server: IPC Server Responder: starting
om_1          | 2019-10-21 02:10:40,095 INFO handler.ContextHandler: Started o.e.j.s.ServletContextHandler@329bad59{/static,jar:file:/opt/hadoop/share/ozone/lib/hadoop-ozone-ozone-manager-0.5.0-SNAPSHOT.jar!/webapps/static,AVAILABLE}
datanode_3    | 2019-10-21 02:10:39,297 INFO server.RaftServerConfigKeys: raft.server.log.queue.byte-limit = 2147483647 (custom)
freon_1       | 2019-10-21 02:11:04,313 [pool-2-thread-7] INFO       - Creating Bucket: vol-8-08410/bucket-5-75554, with Versioning false and Storage Type set to DISK and Encryption set to false 
grafana_1     | t=2019-10-21T02:10:33+0000 lvl=info msg="Executing migration" logger=migrator id="Add column has_acl in dashboard"
datanode_2    | 2019-10-21 02:10:37,818 INFO metrics.MetricRegistries: Loaded MetricRegistries class org.apache.ratis.metrics.impl.MetricRegistriesImpl
datanode_1    | 2019-10-21 02:10:40,182 INFO segmented.SegmentedRaftLogWorker: bd3ad820-c4a6-4568-aa39-fb49e8fef1fb@group-B916063ABA01-SegmentedRaftLogWorker: flushIndex: setUnconditionally 0 -> -1
scm_1         | 2019-10-21 02:10:35,967 INFO ipc.Server: IPC Server listener on 9863: starting
om_1          | 2019-10-21 02:10:40,199 INFO handler.ContextHandler: Started o.e.j.w.WebAppContext@6de6faa6{/,file:///tmp/jetty-0.0.0.0-9874-ozoneManager-_-any-10357544803986671874.dir/webapp/,AVAILABLE}{/ozoneManager}
datanode_3    | 2019-10-21 02:10:39,297 INFO server.RaftServerConfigKeys: raft.server.log.queue.element-limit = 1024 (custom)
freon_1       | 2019-10-21 02:11:04,314 [pool-2-thread-10] INFO       - Creating Bucket: vol-9-74889/bucket-5-90083, with Versioning false and Storage Type set to DISK and Encryption set to false 
grafana_1     | t=2019-10-21T02:10:33+0000 lvl=info msg="Executing migration" logger=migrator id="Add column uid in dashboard"
datanode_2    | 2019-10-21 02:10:37,822 WARN impl.MetricRegistriesImpl: First MetricRegistry has been created without registering reporters. You may need to call MetricRegistries.global().addReportRegistration(...) before.
datanode_1    | 2019-10-21 02:10:40,186 INFO server.RaftServerConfigKeys: raft.server.snapshot.auto.trigger.enabled = true (custom)
scm_1         | 2019-10-21 02:10:35,970 INFO server.StorageContainerManager: ScmDatanodeProtocl RPC server is listening at /0.0.0.0:9861
om_1          | 2019-10-21 02:10:40,204 INFO server.AbstractConnector: Started ServerConnector@410ae5ac{HTTP/1.1,[http/1.1]}{0.0.0.0:9874}
datanode_3    | 2019-10-21 02:10:39,298 INFO server.RaftServerConfigKeys: raft.server.log.segment.size.max = 1048576 (custom)
freon_1       | 2019-10-21 02:11:04,314 [pool-2-thread-8] INFO       - Creating Bucket: vol-0-92401/bucket-6-43910, with Versioning false and Storage Type set to DISK and Encryption set to false 
grafana_1     | t=2019-10-21T02:10:33+0000 lvl=info msg="Executing migration" logger=migrator id="Update uid column values in dashboard"
datanode_2    | 2019-10-21 02:10:37,827 INFO server.RaftServerConfigKeys: raft.server.log.segment.cache.num.max = 2 (custom)
datanode_1    | 2019-10-21 02:10:40,186 INFO server.RaftServerConfigKeys: raft.server.snapshot.auto.trigger.threshold = 10000 (custom)
scm_1         | 2019-10-21 02:10:35,970 INFO server.SCMDatanodeProtocolServer: RPC server for DataNodes is listening at /0.0.0.0:9861
om_1          | 2019-10-21 02:10:40,204 INFO server.Server: Started @3815ms
datanode_3    | 2019-10-21 02:10:39,299 INFO server.RaftServerConfigKeys: raft.server.log.preallocated.size = 16384 (custom)
freon_1       | 2019-10-21 02:11:04,316 [pool-2-thread-4] INFO       - Creating Bucket: vol-1-93173/bucket-6-84207, with Versioning false and Storage Type set to DISK and Encryption set to false 
grafana_1     | t=2019-10-21T02:10:33+0000 lvl=info msg="Executing migration" logger=migrator id="Add unique index dashboard_org_id_uid"
datanode_2    | 2019-10-21 02:10:37,833 INFO segmented.SegmentedRaftLogWorker: new d9a5669f-60dd-40af-83f0-66238c58be32@group-7514FA84EB07-SegmentedRaftLogWorker for RaftStorage:Storage Directory /data/metadata/ratis/445d8434-6ebe-4fec-ae31-7514fa84eb07
datanode_1    | 2019-10-21 02:10:40,186 INFO server.RaftServerConfigKeys: raft.server.snapshot.retention.file.num = 5 (custom)
scm_1         | 2019-10-21 02:10:35,972 INFO ipc.Server: IPC Server Responder: starting
om_1          | 2019-10-21 02:10:40,207 INFO impl.MetricsSinkAdapter: Sink prometheus started
datanode_3    | 2019-10-21 02:10:39,299 INFO server.RaftServerConfigKeys: raft.server.log.write.buffer.size = 33554432 (custom)
freon_1       | 2019-10-21 02:11:04,316 [pool-2-thread-5] INFO       - Creating Bucket: vol-2-81011/bucket-6-28783, with Versioning false and Storage Type set to DISK and Encryption set to false 
grafana_1     | t=2019-10-21T02:10:33+0000 lvl=info msg="Executing migration" logger=migrator id="Remove unique index org_id_slug"
datanode_2    | 2019-10-21 02:10:37,833 INFO server.RaftServerConfigKeys: raft.server.log.queue.byte-limit = 2147483647 (custom)
datanode_1    | 2019-10-21 02:10:40,187 INFO server.RaftServerConfigKeys: raft.server.retrycache.expirytime = 600000ms (custom)
scm_1         | 2019-10-21 02:10:35,972 INFO ipc.Server: IPC Server listener on 9861: starting
om_1          | 2019-10-21 02:10:40,207 INFO impl.MetricsSystemImpl: Registered sink prometheus
datanode_3    | 2019-10-21 02:10:39,299 INFO server.RaftServerConfigKeys: raft.server.log.force.sync.num = 128 (default)
freon_1       | 2019-10-21 02:11:04,317 [pool-2-thread-2] INFO       - Creating Bucket: vol-3-06615/bucket-6-16025, with Versioning false and Storage Type set to DISK and Encryption set to false 
grafana_1     | t=2019-10-21T02:10:33+0000 lvl=info msg="Executing migration" logger=migrator id="Update dashboard title length"
datanode_2    | 2019-10-21 02:10:37,834 INFO server.RaftServerConfigKeys: raft.server.log.queue.element-limit = 1024 (custom)
datanode_1    | 2019-10-21 02:10:40,202 WARN impl.MetricRegistriesImpl: First MetricRegistry has been created without registering reporters. You may need to call MetricRegistries.global().addReportRegistration(...) before.
scm_1         | 2019-10-21 02:10:35,977 INFO http.HttpServer2: Jetty bound to port 9876
om_1          | 2019-10-21 02:10:40,208 INFO server.BaseHttpServer: HTTP server of OZONEMANAGER is listening at http://0.0.0.0:9874
datanode_3    | 2019-10-21 02:10:39,300 INFO server.RaftServerConfigKeys: raft.server.log.statemachine.data.sync = true (default)
freon_1       | 2019-10-21 02:11:04,318 [pool-2-thread-9] INFO       - Creating Bucket: vol-4-24675/bucket-6-42858, with Versioning false and Storage Type set to DISK and Encryption set to false 
grafana_1     | t=2019-10-21T02:10:33+0000 lvl=info msg="Executing migration" logger=migrator id="Add unique index for dashboard_org_id_title_folder_id"
datanode_2    | 2019-10-21 02:10:37,835 INFO server.RaftServerConfigKeys: raft.server.log.segment.size.max = 1048576 (custom)
datanode_1    | 2019-10-21 02:10:40,204 WARN impl.MetricRegistriesImpl: First MetricRegistry has been created without registering reporters. You may need to call MetricRegistries.global().addReportRegistration(...) before.
scm_1         | 2019-10-21 02:10:35,978 INFO server.Server: jetty-9.3.25.v20180904, build timestamp: 2018-09-04T21:11:46Z, git hash: 3ce520221d0240229c862b122d2b06c12a625732
om_1          | 2019-10-21 02:11:00,295 [IPC Server handler 11 on 9862] INFO       - created volume:vol-0-87758 for user:hadoop
datanode_3    | 2019-10-21 02:10:39,300 INFO server.RaftServerConfigKeys: raft.server.log.statemachine.data.sync.timeout = 10s (default)
freon_1       | 2019-10-21 02:11:04,321 [pool-2-thread-3] INFO       - Creating Bucket: vol-5-52377/bucket-6-25864, with Versioning false and Storage Type set to DISK and Encryption set to false 
grafana_1     | t=2019-10-21T02:10:33+0000 lvl=info msg="Executing migration" logger=migrator id="create dashboard_provisioning"
datanode_1    | 2019-10-21 02:10:40,205 INFO impl.RaftServerImpl: bd3ad820-c4a6-4568-aa39-fb49e8fef1fb@group-B916063ABA01: start as a follower, conf=-1: [bd3ad820-c4a6-4568-aa39-fb49e8fef1fb:172.18.0.8:9858], old=null
datanode_2    | 2019-10-21 02:10:37,835 INFO server.RaftServerConfigKeys: raft.server.log.preallocated.size = 16384 (custom)
scm_1         | 2019-10-21 02:10:36,021 INFO handler.ContextHandler: Started o.e.j.s.ServletContextHandler@4a0df195{/logs,file:///var/log/hadoop/,AVAILABLE}
om_1          | 2019-10-21 02:11:00,324 [IPC Server handler 2 on 9862] INFO       - created volume:vol-1-51388 for user:hadoop
freon_1       | 2019-10-21 02:11:04,324 [pool-2-thread-1] INFO       - Creating Bucket: vol-6-58161/bucket-6-92235, with Versioning false and Storage Type set to DISK and Encryption set to false 
grafana_1     | t=2019-10-21T02:10:33+0000 lvl=info msg="Executing migration" logger=migrator id="Rename table dashboard_provisioning to dashboard_provisioning_tmp_qwerty - v1"
datanode_3    | 2019-10-21 02:10:39,301 INFO server.RaftServerConfigKeys: raft.server.log.statemachine.data.sync.timeout.retry = -1 (default)
datanode_1    | 2019-10-21 02:10:40,206 INFO impl.RaftServerImpl: bd3ad820-c4a6-4568-aa39-fb49e8fef1fb@group-B916063ABA01: changes role from      null to FOLLOWER at term 0 for startAsFollower
datanode_2    | 2019-10-21 02:10:37,836 INFO server.RaftServerConfigKeys: raft.server.log.write.buffer.size = 33554432 (custom)
scm_1         | 2019-10-21 02:10:36,022 INFO handler.ContextHandler: Started o.e.j.s.ServletContextHandler@1cb19dba{/static,jar:file:/opt/hadoop/share/ozone/lib/hadoop-hdds-server-scm-0.5.0-SNAPSHOT.jar!/webapps/static,AVAILABLE}
om_1          | 2019-10-21 02:11:00,336 [IPC Server handler 1 on 9862] INFO       - created volume:vol-2-83533 for user:hadoop
grafana_1     | t=2019-10-21T02:10:33+0000 lvl=info msg="Executing migration" logger=migrator id="create dashboard_provisioning v2"
datanode_3    | 2019-10-21 02:10:39,308 INFO server.RaftServerConfigKeys: raft.server.log.statemachine.data.caching.enabled = true (custom)
datanode_2    | 2019-10-21 02:10:37,836 INFO server.RaftServerConfigKeys: raft.server.log.force.sync.num = 128 (default)
datanode_1    | 2019-10-21 02:10:40,207 INFO impl.RoleInfo: bd3ad820-c4a6-4568-aa39-fb49e8fef1fb: start FollowerState
freon_1       | 2019-10-21 02:11:04,326 [pool-2-thread-10] INFO       - Creating Bucket: vol-7-47344/bucket-6-17652, with Versioning false and Storage Type set to DISK and Encryption set to false 
scm_1         | 2019-10-21 02:10:36,116 INFO handler.ContextHandler: Started o.e.j.w.WebAppContext@7e7f0216{/,file:///tmp/jetty-0.0.0.0-9876-scm-_-any-17438147017278187578.dir/webapp/,AVAILABLE}{/scm}
grafana_1     | t=2019-10-21T02:10:33+0000 lvl=info msg="Executing migration" logger=migrator id="create index IDX_dashboard_provisioning_dashboard_id - v2"
datanode_3    | 2019-10-21 02:10:39,311 INFO segmented.SegmentedRaftLogWorker: 6c6d6eeb-853e-4ad2-8041-43615c163fca@group-8C7FB4CF1CAA-SegmentedRaftLogWorker: flushIndex: setUnconditionally 0 -> -1
datanode_2    | 2019-10-21 02:10:37,837 INFO server.RaftServerConfigKeys: raft.server.log.statemachine.data.sync = true (default)
datanode_1    | 2019-10-21 02:10:40,211 INFO util.JmxRegister: Successfully registered JMX Bean with object name Ratis:service=RaftServer,group=group-B916063ABA01,id=bd3ad820-c4a6-4568-aa39-fb49e8fef1fb
freon_1       | 2019-10-21 02:11:04,326 [pool-2-thread-7] INFO       - Creating Bucket: vol-8-08410/bucket-6-04595, with Versioning false and Storage Type set to DISK and Encryption set to false 
om_1          | 2019-10-21 02:11:00,348 [IPC Server handler 3 on 9862] INFO       - created volume:vol-3-10934 for user:hadoop
scm_1         | 2019-10-21 02:10:36,123 INFO server.AbstractConnector: Started ServerConnector@71904469{HTTP/1.1,[http/1.1]}{0.0.0.0:9876}
grafana_1     | t=2019-10-21T02:10:33+0000 lvl=info msg="Executing migration" logger=migrator id="create index IDX_dashboard_provisioning_dashboard_id_name - v2"
datanode_3    | 2019-10-21 02:10:39,316 INFO server.RaftServerConfigKeys: raft.server.snapshot.auto.trigger.enabled = true (custom)
datanode_2    | 2019-10-21 02:10:37,837 INFO server.RaftServerConfigKeys: raft.server.log.statemachine.data.sync.timeout = 10s (default)
freon_1       | 2019-10-21 02:11:04,327 [pool-2-thread-8] INFO       - Creating Bucket: vol-9-74889/bucket-6-46987, with Versioning false and Storage Type set to DISK and Encryption set to false 
datanode_1    | 2019-10-21 02:10:40,212 WARN impl.MetricRegistriesImpl: First MetricRegistry has been created without registering reporters. You may need to call MetricRegistries.global().addReportRegistration(...) before.
scm_1         | 2019-10-21 02:10:36,123 INFO server.Server: Started @3502ms
grafana_1     | t=2019-10-21T02:10:33+0000 lvl=info msg="Executing migration" logger=migrator id="copy dashboard_provisioning v1 to v2"
datanode_3    | 2019-10-21 02:10:39,317 INFO server.RaftServerConfigKeys: raft.server.snapshot.auto.trigger.threshold = 10000 (custom)
datanode_2    | 2019-10-21 02:10:37,838 INFO server.RaftServerConfigKeys: raft.server.log.statemachine.data.sync.timeout.retry = -1 (default)
om_1          | 2019-10-21 02:11:00,358 [IPC Server handler 8 on 9862] INFO       - created volume:vol-4-70348 for user:hadoop
freon_1       | 2019-10-21 02:11:04,331 [pool-2-thread-6] INFO       - Creating Bucket: vol-0-92401/bucket-7-31048, with Versioning false and Storage Type set to DISK and Encryption set to false 
datanode_1    | 2019-10-21 02:10:40,294 INFO impl.RaftServerProxy: bd3ad820-c4a6-4568-aa39-fb49e8fef1fb: addNew group-4BD5C3A39EE1:[bd3ad820-c4a6-4568-aa39-fb49e8fef1fb:172.18.0.8:9858, 6c6d6eeb-853e-4ad2-8041-43615c163fca:172.18.0.9:9858, d9a5669f-60dd-40af-83f0-66238c58be32:172.18.0.3:9858] returns group-4BD5C3A39EE1:java.util.concurrent.CompletableFuture@782d6225[Not completed]
scm_1         | 2019-10-21 02:10:36,128 INFO impl.MetricsSinkAdapter: Sink prometheus started
grafana_1     | t=2019-10-21T02:10:33+0000 lvl=info msg="Executing migration" logger=migrator id="drop dashboard_provisioning_tmp_qwerty"
datanode_3    | 2019-10-21 02:10:39,317 INFO server.RaftServerConfigKeys: raft.server.snapshot.retention.file.num = 5 (custom)
datanode_2    | 2019-10-21 02:10:37,844 INFO server.RaftServerConfigKeys: raft.server.log.statemachine.data.caching.enabled = true (custom)
om_1          | 2019-10-21 02:11:04,153 [IPC Server handler 2 on 9862] INFO       - created volume:vol-4-24675 for user:hadoop
freon_1       | 2019-10-21 02:11:04,333 [pool-2-thread-9] INFO       - Creating Bucket: vol-1-93173/bucket-7-33005, with Versioning false and Storage Type set to DISK and Encryption set to false 
datanode_1    | 2019-10-21 02:10:40,298 INFO impl.RaftServerImpl: bd3ad820-c4a6-4568-aa39-fb49e8fef1fb: new RaftServerImpl for group-4BD5C3A39EE1:[bd3ad820-c4a6-4568-aa39-fb49e8fef1fb:172.18.0.8:9858, 6c6d6eeb-853e-4ad2-8041-43615c163fca:172.18.0.9:9858, d9a5669f-60dd-40af-83f0-66238c58be32:172.18.0.3:9858] with ContainerStateMachine:uninitialized
scm_1         | 2019-10-21 02:10:36,128 INFO impl.MetricsSystemImpl: Registered sink prometheus
grafana_1     | t=2019-10-21T02:10:33+0000 lvl=info msg="Executing migration" logger=migrator id="Add check_sum column"
datanode_3    | 2019-10-21 02:10:39,317 INFO server.RaftServerConfigKeys: raft.server.retrycache.expirytime = 600000ms (custom)
om_1          | 2019-10-21 02:11:04,157 [IPC Server handler 0 on 9862] INFO       - created volume:vol-1-93173 for user:hadoop
