Attaching to ozonesecure_s3g_1, ozonesecure_datanode_1, ozonesecure_datanode_3, ozonesecure_kms_1, ozonesecure_datanode_2, ozonesecure_om_1, ozonesecure_kdc_1, ozonesecure_recon_1, ozonesecure_scm_1
s3g_1       | Sleeping for 5 seconds
s3g_1       | Setting up kerberos!!
s3g_1       | KDC ISSUER_SERVER => kdc:8081
s3g_1       | Sleeping for 5 seconds
s3g_1       | Got 200, KDC service ready!!
s3g_1       | Download dn/s3g@EXAMPLE.COM keytab file to /etc/security/keytabs/dn.keytab
s3g_1       | --2019-10-12 05:42:05--  http://kdc:8081/keytab/s3g/dn
s3g_1       | Resolving kdc (kdc)... 172.18.0.8
s3g_1       | Connecting to kdc (kdc)|172.18.0.8|:8081... connected.
s3g_1       | HTTP request sent, awaiting response... 200 OK
datanode_1  | Sleeping for 5 seconds
s3g_1       | Length: 140 [application/octet-stream]
kms_1       | Sleeping for 5 seconds
datanode_1  | Setting up kerberos!!
s3g_1       | Saving to: '/etc/security/keytabs/dn.keytab'
kms_1       | Setting up kerberos!!
s3g_1       | 
kms_1       | KDC ISSUER_SERVER => kdc:8081
datanode_1  | KDC ISSUER_SERVER => kdc:8081
s3g_1       |      0K                                                       100% 18.1M=0s
datanode_3  | Sleeping for 5 seconds
kms_1       | /opt/starter.sh: line 66: SLEEP_SECONDS: command not found
datanode_1  | Sleeping for 5 seconds
om_1        | Sleeping for 5 seconds
s3g_1       | 
kdc_1       | Issuer is listening on : 8081krb5kdc: starting...
datanode_3  | Setting up kerberos!!
kms_1       | Sleeping for  seconds
datanode_1  | Got 200, KDC service ready!!
om_1        | Setting up kerberos!!
kdc_1       | kadmind: starting...
s3g_1       | 2019-10-12 05:42:06 (18.1 MB/s) - '/etc/security/keytabs/dn.keytab' saved [140/140]
datanode_3  | KDC ISSUER_SERVER => kdc:8081
kms_1       | Got 200, KDC service ready!!
datanode_1  | Download dn/d462bffc3dbd@EXAMPLE.COM keytab file to /etc/security/keytabs/dn.keytab
om_1        | KDC ISSUER_SERVER => kdc:8081
kdc_1       | otp: Loaded
s3g_1       | 
datanode_3  | Sleeping for 5 seconds
datanode_2  | Sleeping for 5 seconds
kms_1       | Download dn/3b9d071617e0@EXAMPLE.COM keytab file to /etc/security/keytabs/dn.keytab
datanode_1  | --2019-10-12 05:42:05--  http://kdc:8081/keytab/d462bffc3dbd/dn
om_1        | Sleeping for 5 seconds
recon_1     | Sleeping for 5 seconds
kdc_1       | Oct 12 05:41:55 kdc krb5kdc[9](info): setting up network...
s3g_1       | Keytab name: FILE:/etc/security/keytabs/dn.keytab
datanode_3  | Got 200, KDC service ready!!
datanode_2  | Setting up kerberos!!
kms_1       | --2019-10-12 05:42:05--  http://kdc:8081/keytab/3b9d071617e0/dn
datanode_1  | Resolving kdc (kdc)... 172.18.0.8
om_1        | Got 200, KDC service ready!!
recon_1     | Waiting for the service om:9874
kdc_1       | krb5kdc: setsockopt(9,IPV6_V6ONLY,1) worked
s3g_1       | KVNO Timestamp         Principal
datanode_2  | KDC ISSUER_SERVER => kdc:8081
datanode_3  | Download dn/ec04262423ae@EXAMPLE.COM keytab file to /etc/security/keytabs/dn.keytab
om_1        | Download dn/om@EXAMPLE.COM keytab file to /etc/security/keytabs/dn.keytab
datanode_1  | Connecting to kdc (kdc)|172.18.0.8|:8081... connected.
recon_1     | Setting up kerberos!!
kdc_1       | krb5kdc: setsockopt(11,IPV6_V6ONLY,1) worked
s3g_1       | ---- ----------------- --------------------------------------------------------
scm_1       | Sleeping for 5 seconds
kms_1       | Resolving kdc (kdc)... 172.18.0.8
datanode_2  | Sleeping for 5 seconds
datanode_3  | --2019-10-12 05:42:06--  http://kdc:8081/keytab/ec04262423ae/dn
om_1        | --2019-10-12 05:42:05--  http://kdc:8081/keytab/om/dn
datanode_1  | HTTP request sent, awaiting response... 200 OK
recon_1     | KDC ISSUER_SERVER => kdc:8081
kdc_1       | Oct 12 05:41:55 kdc krb5kdc[9](info): set up 4 sockets
s3g_1       |    2 10/12/19 05:42:06 dn/s3g@EXAMPLE.COM
scm_1       | Setting up kerberos!!
kms_1       | Connecting to kdc (kdc)|172.18.0.8|:8081... connected.
datanode_2  | Got 200, KDC service ready!!
datanode_3  | Resolving kdc (kdc)... 172.18.0.8
om_1        | Resolving kdc (kdc)... 172.18.0.8
datanode_1  | Length: 158 [application/octet-stream]
recon_1     | Sleeping for 5 seconds
s3g_1       |    2 10/12/19 05:42:06 dn/s3g@EXAMPLE.COM
scm_1       | KDC ISSUER_SERVER => kdc:8081
kms_1       | HTTP request sent, awaiting response... 200 OK
kdc_1       | Oct 12 05:41:55 kdc krb5kdc[9](info): commencing operation
datanode_2  | Download dn/8c8f306d186f@EXAMPLE.COM keytab file to /etc/security/keytabs/dn.keytab
datanode_3  | Connecting to kdc (kdc)|172.18.0.8|:8081... connected.
om_1        | Connecting to kdc (kdc)|172.18.0.8|:8081... connected.
recon_1     | Got 200, KDC service ready!!
s3g_1       | Download om/s3g@EXAMPLE.COM keytab file to /etc/security/keytabs/om.keytab
scm_1       | Sleeping for 5 seconds
kms_1       | Length: 158 [application/octet-stream]
kdc_1       | Oct 12 05:41:35 2242ac03003d kadmin.local[1](info): No dictionary file specified, continuing without one.
datanode_1  | Saving to: '/etc/security/keytabs/dn.keytab'
datanode_2  | --2019-10-12 05:42:05--  http://kdc:8081/keytab/8c8f306d186f/dn
datanode_3  | HTTP request sent, awaiting response... 200 OK
om_1        | HTTP request sent, awaiting response... 200 OK
recon_1     | Download dn/recon@EXAMPLE.COM keytab file to /etc/security/keytabs/dn.keytab
s3g_1       | --2019-10-12 05:42:06--  http://kdc:8081/keytab/s3g/om
kms_1       | Saving to: '/etc/security/keytabs/dn.keytab'
scm_1       | Got 200, KDC service ready!!
kdc_1       | Oct 12 05:41:37 be262219e1bb kadmin.local[1](info): No dictionary file specified, continuing without one.
datanode_1  | 
datanode_2  | Resolving kdc (kdc)... 172.18.0.8
datanode_3  | Length: 158 [application/octet-stream]
om_1        | Length: 138 [application/octet-stream]
recon_1     | --2019-10-12 05:42:26--  http://kdc:8081/keytab/recon/dn
s3g_1       | Resolving kdc (kdc)... 172.18.0.8
kms_1       | 
scm_1       | Download dn/scm@EXAMPLE.COM keytab file to /etc/security/keytabs/dn.keytab
kdc_1       | Oct 12 05:41:59 kdc kadmind[15](info): No dictionary file specified, continuing without one.
datanode_1  |      0K                                                       100% 19.3M=0s
datanode_2  | Connecting to kdc (kdc)|172.18.0.8|:8081... connected.
datanode_3  | Saving to: '/etc/security/keytabs/dn.keytab'
recon_1     | Resolving kdc (kdc)... 172.18.0.8
om_1        | Saving to: '/etc/security/keytabs/dn.keytab'
s3g_1       | Connecting to kdc (kdc)|172.18.0.8|:8081... connected.
kms_1       |      0K                                                       100% 20.3M=0s
scm_1       | --2019-10-12 05:42:04--  http://kdc:8081/keytab/scm/dn
kdc_1       | Oct 12 05:41:59 kdc kadmind[15](info): setting up network...
datanode_1  | 
datanode_2  | HTTP request sent, awaiting response... 200 OK
datanode_3  | 
recon_1     | Connecting to kdc (kdc)|172.18.0.8|:8081... connected.
om_1        | 
s3g_1       | HTTP request sent, awaiting response... 200 OK
kms_1       | 
scm_1       | Resolving kdc (kdc)... 172.18.0.8
kdc_1       | kadmind: setsockopt(9,IPV6_V6ONLY,1) worked
datanode_1  | 2019-10-12 05:42:06 (19.3 MB/s) - '/etc/security/keytabs/dn.keytab' saved [158/158]
datanode_2  | Length: 158 [application/octet-stream]
datanode_3  |      0K                                                       100% 19.9M=0s
recon_1     | HTTP request sent, awaiting response... 200 OK
om_1        |      0K                                                       100% 11.0M=0s
s3g_1       | Length: 140 [application/octet-stream]
kms_1       | 2019-10-12 05:42:06 (20.3 MB/s) - '/etc/security/keytabs/dn.keytab' saved [158/158]
scm_1       | Connecting to kdc (kdc)|172.18.0.8|:8081... connected.
kdc_1       | kadmind: setsockopt(11,IPV6_V6ONLY,1) worked
datanode_1  | 
datanode_2  | Saving to: '/etc/security/keytabs/dn.keytab'
datanode_3  | 
recon_1     | Length: 144 [application/octet-stream]
s3g_1       | Saving to: '/etc/security/keytabs/om.keytab'
om_1        | 
kms_1       | 
scm_1       | HTTP request sent, awaiting response... 200 OK
kdc_1       | kadmind: setsockopt(13,IPV6_V6ONLY,1) worked
datanode_1  | Keytab name: FILE:/etc/security/keytabs/dn.keytab
datanode_2  | 
datanode_3  | 2019-10-12 05:42:06 (19.9 MB/s) - '/etc/security/keytabs/dn.keytab' saved [158/158]
recon_1     | Saving to: '/etc/security/keytabs/dn.keytab'
s3g_1       | 
om_1        | 2019-10-12 05:42:06 (11.0 MB/s) - '/etc/security/keytabs/dn.keytab' saved [138/138]
kms_1       | Keytab name: FILE:/etc/security/keytabs/dn.keytab
scm_1       | Length: 140 [application/octet-stream]
kdc_1       | Oct 12 05:41:59 kdc kadmind[15](info): set up 6 sockets
datanode_1  | KVNO Timestamp         Principal
datanode_3  | 
recon_1     | 
s3g_1       |      0K                                                       100% 10.4M=0s
om_1        | 
kms_1       | KVNO Timestamp         Principal
scm_1       | Saving to: '/etc/security/keytabs/dn.keytab'
kdc_1       | Oct 12 05:41:59 kdc kadmind[15](info): Seeding random number generator
datanode_1  | ---- ----------------- --------------------------------------------------------
datanode_2  |      0K                                                       100% 19.2M=0s
datanode_3  | Keytab name: FILE:/etc/security/keytabs/dn.keytab
recon_1     |      0K                                                       100% 10.9M=0s
s3g_1       | 
om_1        | Keytab name: FILE:/etc/security/keytabs/dn.keytab
kms_1       | ---- ----------------- --------------------------------------------------------
scm_1       | 
kdc_1       | Oct 12 05:41:59 kdc kadmind[15](info): starting
datanode_1  |    2 10/12/19 05:42:06 dn/d462bffc3dbd@EXAMPLE.COM
datanode_2  | 
datanode_3  | KVNO Timestamp         Principal
recon_1     | 
s3g_1       | 2019-10-12 05:42:06 (10.4 MB/s) - '/etc/security/keytabs/om.keytab' saved [140/140]
om_1        | KVNO Timestamp         Principal
kms_1       |    2 10/12/19 05:42:06 dn/3b9d071617e0@EXAMPLE.COM
kdc_1       | Generiting keytab
scm_1       |      0K                                                       100% 16.6M=0s
datanode_1  |    2 10/12/19 05:42:06 dn/d462bffc3dbd@EXAMPLE.COM
datanode_2  | 2019-10-12 05:42:06 (19.2 MB/s) - '/etc/security/keytabs/dn.keytab' saved [158/158]
datanode_3  | ---- ----------------- --------------------------------------------------------
recon_1     | 2019-10-12 05:42:26 (10.9 MB/s) - '/etc/security/keytabs/dn.keytab' saved [144/144]
s3g_1       | 
om_1        | ---- ----------------- --------------------------------------------------------
kms_1       |    2 10/12/19 05:42:06 dn/3b9d071617e0@EXAMPLE.COM
kdc_1       | Authenticating as principal admin/admin with keytab /tmp/admin.keytab.
scm_1       | 
datanode_2  | 
datanode_3  |    2 10/12/19 05:42:06 dn/ec04262423ae@EXAMPLE.COM
s3g_1       | Keytab name: FILE:/etc/security/keytabs/om.keytab
recon_1     | 
datanode_1  | Download om/d462bffc3dbd@EXAMPLE.COM keytab file to /etc/security/keytabs/om.keytab
om_1        |    2 10/12/19 05:42:05 dn/om@EXAMPLE.COM
kms_1       | Download om/3b9d071617e0@EXAMPLE.COM keytab file to /etc/security/keytabs/om.keytab
kdc_1       | WARNING: no policy specified for test/test@EXAMPLE.COM; defaulting to no policy
scm_1       | 2019-10-12 05:42:04 (16.6 MB/s) - '/etc/security/keytabs/dn.keytab' saved [140/140]
datanode_3  |    2 10/12/19 05:42:06 dn/ec04262423ae@EXAMPLE.COM
s3g_1       | KVNO Timestamp         Principal
recon_1     | Keytab name: FILE:/etc/security/keytabs/dn.keytab
datanode_1  | --2019-10-12 05:42:06--  http://kdc:8081/keytab/d462bffc3dbd/om
om_1        |    2 10/12/19 05:42:05 dn/om@EXAMPLE.COM
kms_1       | --2019-10-12 05:42:06--  http://kdc:8081/keytab/3b9d071617e0/om
kdc_1       | Principal "test/test@EXAMPLE.COM" created.
scm_1       | 
datanode_2  | Keytab name: FILE:/etc/security/keytabs/dn.keytab
datanode_3  | Download om/ec04262423ae@EXAMPLE.COM keytab file to /etc/security/keytabs/om.keytab
s3g_1       | ---- ----------------- --------------------------------------------------------
recon_1     | KVNO Timestamp         Principal
datanode_1  | Resolving kdc (kdc)... 172.18.0.8
om_1        | Download om/om@EXAMPLE.COM keytab file to /etc/security/keytabs/om.keytab
kms_1       | Resolving kdc (kdc)... 172.18.0.8
kdc_1       | Authenticating as principal admin/admin with keytab /tmp/admin.keytab.
scm_1       | Keytab name: FILE:/etc/security/keytabs/dn.keytab
datanode_2  | KVNO Timestamp         Principal
datanode_3  | --2019-10-12 05:42:06--  http://kdc:8081/keytab/ec04262423ae/om
s3g_1       |    2 10/12/19 05:42:06 om/s3g@EXAMPLE.COM
recon_1     | ---- ----------------- --------------------------------------------------------
datanode_1  | Connecting to kdc (kdc)|172.18.0.8|:8081... connected.
om_1        | --2019-10-12 05:42:06--  http://kdc:8081/keytab/om/om
kms_1       | Connecting to kdc (kdc)|172.18.0.8|:8081... connected.
kdc_1       | Entry for principal test/test@EXAMPLE.COM with kvno 2, encryption type aes256-cts-hmac-sha1-96 added to keytab WRFILE:/data/test.test.keytab.
scm_1       | KVNO Timestamp         Principal
datanode_2  | ---- ----------------- --------------------------------------------------------
datanode_3  | Resolving kdc (kdc)... 172.18.0.8
s3g_1       |    2 10/12/19 05:42:06 om/s3g@EXAMPLE.COM
recon_1     |    2 10/12/19 05:42:26 dn/recon@EXAMPLE.COM
datanode_1  | HTTP request sent, awaiting response... 200 OK
om_1        | Resolving kdc (kdc)... 172.18.0.8
kms_1       | HTTP request sent, awaiting response... 200 OK
kdc_1       | Entry for principal test/test@EXAMPLE.COM with kvno 2, encryption type aes128-cts-hmac-sha1-96 added to keytab WRFILE:/data/test.test.keytab.
scm_1       | ---- ----------------- --------------------------------------------------------
datanode_2  |    2 10/12/19 05:42:06 dn/8c8f306d186f@EXAMPLE.COM
datanode_3  | Connecting to kdc (kdc)|172.18.0.8|:8081... connected.
s3g_1       | Download scm/s3g@EXAMPLE.COM keytab file to /etc/security/keytabs/scm.keytab
recon_1     |    2 10/12/19 05:42:26 dn/recon@EXAMPLE.COM
datanode_1  | Length: 158 [application/octet-stream]
om_1        | Connecting to kdc (kdc)|172.18.0.8|:8081... connected.
kms_1       | Length: 158 [application/octet-stream]
kdc_1       | Generiting keytab
scm_1       |    2 10/12/19 05:42:04 dn/scm@EXAMPLE.COM
datanode_2  |    2 10/12/19 05:42:06 dn/8c8f306d186f@EXAMPLE.COM
datanode_3  | HTTP request sent, awaiting response... 200 OK
recon_1     | Download om/recon@EXAMPLE.COM keytab file to /etc/security/keytabs/om.keytab
s3g_1       | --2019-10-12 05:42:06--  http://kdc:8081/keytab/s3g/scm
datanode_1  | Saving to: '/etc/security/keytabs/om.keytab'
om_1        | HTTP request sent, awaiting response... 200 OK
kms_1       | Saving to: '/etc/security/keytabs/om.keytab'
kdc_1       | Authenticating as principal admin/admin with keytab /tmp/admin.keytab.
scm_1       |    2 10/12/19 05:42:04 dn/scm@EXAMPLE.COM
datanode_2  | Download om/8c8f306d186f@EXAMPLE.COM keytab file to /etc/security/keytabs/om.keytab
datanode_3  | Length: 158 [application/octet-stream]
recon_1     | --2019-10-12 05:42:26--  http://kdc:8081/keytab/recon/om
s3g_1       | Resolving kdc (kdc)... 172.18.0.8
datanode_1  | 
om_1        | Length: 138 [application/octet-stream]
kms_1       | 
kdc_1       | WARNING: no policy specified for dn/scm@EXAMPLE.COM; defaulting to no policy
scm_1       | Download om/scm@EXAMPLE.COM keytab file to /etc/security/keytabs/om.keytab
datanode_2  | --2019-10-12 05:42:06--  http://kdc:8081/keytab/8c8f306d186f/om
datanode_3  | Saving to: '/etc/security/keytabs/om.keytab'
recon_1     | Resolving kdc (kdc)... 172.18.0.8
s3g_1       | Connecting to kdc (kdc)|172.18.0.8|:8081... connected.
datanode_1  |      0K                                                       100% 12.4M=0s
om_1        | Saving to: '/etc/security/keytabs/om.keytab'
kms_1       |      0K                                                       100% 11.7M=0s
kdc_1       | Principal "dn/scm@EXAMPLE.COM" created.
scm_1       | --2019-10-12 05:42:04--  http://kdc:8081/keytab/scm/om
datanode_2  | Resolving kdc (kdc)... 172.18.0.8
datanode_3  | 
recon_1     | Connecting to kdc (kdc)|172.18.0.8|:8081... connected.
s3g_1       | HTTP request sent, awaiting response... 200 OK
datanode_1  | 
kms_1       | 
kdc_1       | Authenticating as principal admin/admin with keytab /tmp/admin.keytab.
scm_1       | Resolving kdc (kdc)... 172.18.0.8
om_1        | 
datanode_2  | Connecting to kdc (kdc)|172.18.0.8|:8081... connected.
datanode_3  |      0K                                                       100% 13.4M=0s
recon_1     | HTTP request sent, awaiting response... 200 OK
s3g_1       | Length: 142 [application/octet-stream]
datanode_1  | 2019-10-12 05:42:06 (12.4 MB/s) - '/etc/security/keytabs/om.keytab' saved [158/158]
kms_1       | 2019-10-12 05:42:06 (11.7 MB/s) - '/etc/security/keytabs/om.keytab' saved [158/158]
kdc_1       | Entry for principal dn/scm@EXAMPLE.COM with kvno 2, encryption type aes256-cts-hmac-sha1-96 added to keytab WRFILE:/data/dn.scm.keytab.
scm_1       | Connecting to kdc (kdc)|172.18.0.8|:8081... connected.
om_1        |      0K                                                       100% 17.4M=0s
datanode_2  | HTTP request sent, awaiting response... 200 OK
datanode_3  | 
recon_1     | Length: 144 [application/octet-stream]
s3g_1       | Saving to: '/etc/security/keytabs/scm.keytab'
datanode_1  | 
kms_1       | 
kdc_1       | Entry for principal dn/scm@EXAMPLE.COM with kvno 2, encryption type aes128-cts-hmac-sha1-96 added to keytab WRFILE:/data/dn.scm.keytab.
scm_1       | HTTP request sent, awaiting response... 200 OK
om_1        | 
datanode_2  | Length: 158 [application/octet-stream]
datanode_3  | 2019-10-12 05:42:07 (13.4 MB/s) - '/etc/security/keytabs/om.keytab' saved [158/158]
recon_1     | Saving to: '/etc/security/keytabs/om.keytab'
s3g_1       | 
datanode_1  | Keytab name: FILE:/etc/security/keytabs/om.keytab
kms_1       | Keytab name: FILE:/etc/security/keytabs/om.keytab
kdc_1       | Generiting keytab
scm_1       | Length: 140 [application/octet-stream]
datanode_2  | Saving to: '/etc/security/keytabs/om.keytab'
om_1        | 2019-10-12 05:42:06 (17.4 MB/s) - '/etc/security/keytabs/om.keytab' saved [138/138]
datanode_3  | 
recon_1     | 
s3g_1       |      0K                                                       100% 12.2M=0s
datanode_1  | KVNO Timestamp         Principal
kms_1       | KVNO Timestamp         Principal
kdc_1       | Authenticating as principal admin/admin with keytab /tmp/admin.keytab.
scm_1       | Saving to: '/etc/security/keytabs/om.keytab'
datanode_2  | 
om_1        | 
datanode_3  | Keytab name: FILE:/etc/security/keytabs/om.keytab
recon_1     |      0K                                                       100% 17.0M=0s
s3g_1       | 
datanode_1  | ---- ----------------- --------------------------------------------------------
kms_1       | ---- ----------------- --------------------------------------------------------
scm_1       | 
datanode_2  |      0K                                                       100% 13.0M=0s
om_1        | Keytab name: FILE:/etc/security/keytabs/om.keytab
datanode_3  | KVNO Timestamp         Principal
kdc_1       | WARNING: no policy specified for om/scm@EXAMPLE.COM; defaulting to no policy
recon_1     | 
s3g_1       | 2019-10-12 05:42:07 (12.2 MB/s) - '/etc/security/keytabs/scm.keytab' saved [142/142]
datanode_1  |    2 10/12/19 05:42:06 om/d462bffc3dbd@EXAMPLE.COM
kms_1       |    2 10/12/19 05:42:06 om/3b9d071617e0@EXAMPLE.COM
scm_1       |      0K                                                       100% 9.94M=0s
datanode_2  | 
om_1        | KVNO Timestamp         Principal
datanode_3  | ---- ----------------- --------------------------------------------------------
kdc_1       | Principal "om/scm@EXAMPLE.COM" created.
recon_1     | 2019-10-12 05:42:26 (17.0 MB/s) - '/etc/security/keytabs/om.keytab' saved [144/144]
s3g_1       | 
datanode_1  |    2 10/12/19 05:42:06 om/d462bffc3dbd@EXAMPLE.COM
kms_1       |    2 10/12/19 05:42:06 om/3b9d071617e0@EXAMPLE.COM
scm_1       | 
datanode_2  | 2019-10-12 05:42:06 (13.0 MB/s) - '/etc/security/keytabs/om.keytab' saved [158/158]
om_1        | ---- ----------------- --------------------------------------------------------
datanode_3  |    2 10/12/19 05:42:07 om/ec04262423ae@EXAMPLE.COM
kdc_1       | Authenticating as principal admin/admin with keytab /tmp/admin.keytab.
recon_1     | 
s3g_1       | Keytab name: FILE:/etc/security/keytabs/scm.keytab
datanode_1  | Download scm/d462bffc3dbd@EXAMPLE.COM keytab file to /etc/security/keytabs/scm.keytab
kms_1       | Download scm/3b9d071617e0@EXAMPLE.COM keytab file to /etc/security/keytabs/scm.keytab
scm_1       | 2019-10-12 05:42:05 (9.94 MB/s) - '/etc/security/keytabs/om.keytab' saved [140/140]
om_1        |    2 10/12/19 05:42:06 om/om@EXAMPLE.COM
datanode_2  | 
datanode_3  |    2 10/12/19 05:42:07 om/ec04262423ae@EXAMPLE.COM
kdc_1       | Entry for principal om/scm@EXAMPLE.COM with kvno 2, encryption type aes256-cts-hmac-sha1-96 added to keytab WRFILE:/data/om.scm.keytab.
recon_1     | Keytab name: FILE:/etc/security/keytabs/om.keytab
s3g_1       | KVNO Timestamp         Principal
datanode_1  | --2019-10-12 05:42:06--  http://kdc:8081/keytab/d462bffc3dbd/scm
kms_1       | --2019-10-12 05:42:06--  http://kdc:8081/keytab/3b9d071617e0/scm
scm_1       | 
om_1        |    2 10/12/19 05:42:06 om/om@EXAMPLE.COM
datanode_2  | Keytab name: FILE:/etc/security/keytabs/om.keytab
kdc_1       | Entry for principal om/scm@EXAMPLE.COM with kvno 2, encryption type aes128-cts-hmac-sha1-96 added to keytab WRFILE:/data/om.scm.keytab.
datanode_3  | Download scm/ec04262423ae@EXAMPLE.COM keytab file to /etc/security/keytabs/scm.keytab
recon_1     | KVNO Timestamp         Principal
s3g_1       | ---- ----------------- --------------------------------------------------------
datanode_1  | Resolving kdc (kdc)... 172.18.0.8
kms_1       | Resolving kdc (kdc)... 172.18.0.8
scm_1       | Keytab name: FILE:/etc/security/keytabs/om.keytab
om_1        | Download scm/om@EXAMPLE.COM keytab file to /etc/security/keytabs/scm.keytab
datanode_2  | KVNO Timestamp         Principal
kdc_1       | Generiting keytab
datanode_3  | --2019-10-12 05:42:07--  http://kdc:8081/keytab/ec04262423ae/scm
recon_1     | ---- ----------------- --------------------------------------------------------
s3g_1       |    2 10/12/19 05:42:07 scm/s3g@EXAMPLE.COM
datanode_1  | Connecting to kdc (kdc)|172.18.0.8|:8081... connected.
kms_1       | Connecting to kdc (kdc)|172.18.0.8|:8081... connected.
scm_1       | KVNO Timestamp         Principal
om_1        | --2019-10-12 05:42:06--  http://kdc:8081/keytab/om/scm
datanode_2  | ---- ----------------- --------------------------------------------------------
kdc_1       | Authenticating as principal admin/admin with keytab /tmp/admin.keytab.
datanode_3  | Resolving kdc (kdc)... 172.18.0.8
recon_1     |    2 10/12/19 05:42:26 om/recon@EXAMPLE.COM
s3g_1       |    2 10/12/19 05:42:07 scm/s3g@EXAMPLE.COM
datanode_1  | HTTP request sent, awaiting response... 200 OK
kms_1       | HTTP request sent, awaiting response... 200 OK
scm_1       | ---- ----------------- --------------------------------------------------------
om_1        | Resolving kdc (kdc)... 172.18.0.8
datanode_2  |    2 10/12/19 05:42:06 om/8c8f306d186f@EXAMPLE.COM
kdc_1       | WARNING: no policy specified for scm/scm@EXAMPLE.COM; defaulting to no policy
datanode_3  | Connecting to kdc (kdc)|172.18.0.8|:8081... connected.
recon_1     |    2 10/12/19 05:42:26 om/recon@EXAMPLE.COM
datanode_1  | Length: 160 [application/octet-stream]
s3g_1       | Download HTTP/s3g@EXAMPLE.COM keytab file to /etc/security/keytabs/HTTP.keytab
kms_1       | Length: 160 [application/octet-stream]
scm_1       |    2 10/12/19 05:42:05 om/scm@EXAMPLE.COM
om_1        | Connecting to kdc (kdc)|172.18.0.8|:8081... connected.
datanode_2  |    2 10/12/19 05:42:06 om/8c8f306d186f@EXAMPLE.COM
kdc_1       | Principal "scm/scm@EXAMPLE.COM" created.
datanode_3  | HTTP request sent, awaiting response... 200 OK
datanode_1  | Saving to: '/etc/security/keytabs/scm.keytab'
s3g_1       | --2019-10-12 05:42:07--  http://kdc:8081/keytab/s3g/HTTP
kms_1       | Saving to: '/etc/security/keytabs/scm.keytab'
scm_1       |    2 10/12/19 05:42:05 om/scm@EXAMPLE.COM
om_1        | HTTP request sent, awaiting response... 200 OK
datanode_2  | Download scm/8c8f306d186f@EXAMPLE.COM keytab file to /etc/security/keytabs/scm.keytab
kdc_1       | Authenticating as principal admin/admin with keytab /tmp/admin.keytab.
datanode_3  | Length: 160 [application/octet-stream]
datanode_1  | 
s3g_1       | Resolving kdc (kdc)... 172.18.0.8
kms_1       | 
scm_1       | Download scm/scm@EXAMPLE.COM keytab file to /etc/security/keytabs/scm.keytab
recon_1     | Download scm/recon@EXAMPLE.COM keytab file to /etc/security/keytabs/scm.keytab
om_1        | Length: 140 [application/octet-stream]
datanode_2  | --2019-10-12 05:42:06--  http://kdc:8081/keytab/8c8f306d186f/scm
kdc_1       | Entry for principal scm/scm@EXAMPLE.COM with kvno 2, encryption type aes256-cts-hmac-sha1-96 added to keytab WRFILE:/data/scm.scm.keytab.
datanode_3  | Saving to: '/etc/security/keytabs/scm.keytab'
datanode_1  |      0K                                                       100% 17.0M=0s
s3g_1       | Connecting to kdc (kdc)|172.18.0.8|:8081... connected.
kms_1       |      0K                                                       100% 13.9M=0s
scm_1       | --2019-10-12 05:42:05--  http://kdc:8081/keytab/scm/scm
recon_1     | --2019-10-12 05:42:26--  http://kdc:8081/keytab/recon/scm
om_1        | Saving to: '/etc/security/keytabs/scm.keytab'
kdc_1       | Entry for principal scm/scm@EXAMPLE.COM with kvno 2, encryption type aes128-cts-hmac-sha1-96 added to keytab WRFILE:/data/scm.scm.keytab.
datanode_3  | 
s3g_1       | HTTP request sent, awaiting response... 200 OK
datanode_1  | 
datanode_2  | Resolving kdc (kdc)... 172.18.0.8
kms_1       | 
scm_1       | Resolving kdc (kdc)... 172.18.0.8
recon_1     | Resolving kdc (kdc)... 172.18.0.8
om_1        | 
datanode_3  |      0K                                                       100% 21.2M=0s
kdc_1       | Oct 12 05:42:04 kdc krb5kdc[9](info): AS_REQ (8 etypes {18 17 20 19 16 23 25 26}) 127.0.0.1: SERVER_NOT_FOUND: admin/admin@EXAMPLE.COM for kadmin/localhost@EXAMPLE.COM, Server not found in Kerberos database
s3g_1       | Length: 144 [application/octet-stream]
datanode_1  | 2019-10-12 05:42:07 (17.0 MB/s) - '/etc/security/keytabs/scm.keytab' saved [160/160]
datanode_2  | Connecting to kdc (kdc)|172.18.0.8|:8081... connected.
kms_1       | 2019-10-12 05:42:07 (13.9 MB/s) - '/etc/security/keytabs/scm.keytab' saved [160/160]
scm_1       | Connecting to kdc (kdc)|172.18.0.8|:8081... connected.
recon_1     | Connecting to kdc (kdc)|172.18.0.8|:8081... connected.
om_1        |      0K                                                       100% 19.4M=0s
datanode_3  | 
kdc_1       | Oct 12 05:42:04 kdc krb5kdc[9](info): AS_REQ (8 etypes {18 17 20 19 16 23 25 26}) 127.0.0.1: ISSUE: authtime 1570858924, etypes {rep=18 tkt=18 ses=18}, admin/admin@EXAMPLE.COM for kadmin/admin@EXAMPLE.COM
s3g_1       | Saving to: '/etc/security/keytabs/HTTP.keytab'
datanode_1  | 
datanode_2  | HTTP request sent, awaiting response... 200 OK
kms_1       | 
scm_1       | HTTP request sent, awaiting response... 200 OK
recon_1     | HTTP request sent, awaiting response... 200 OK
om_1        | 
datanode_3  | 2019-10-12 05:42:07 (21.2 MB/s) - '/etc/security/keytabs/scm.keytab' saved [160/160]
kdc_1       | Oct 12 05:42:04 kdc krb5kdc[9](info): AS_REQ (8 etypes {18 17 20 19 16 23 25 26}) 127.0.0.1: SERVER_NOT_FOUND: admin/admin@EXAMPLE.COM for kadmin/localhost@EXAMPLE.COM, Server not found in Kerberos database
s3g_1       | 
datanode_1  | Keytab name: FILE:/etc/security/keytabs/scm.keytab
datanode_2  | Length: 160 [application/octet-stream]
kms_1       | Keytab name: FILE:/etc/security/keytabs/scm.keytab
recon_1     | Length: 146 [application/octet-stream]
datanode_3  | 
om_1        | 2019-10-12 05:42:06 (19.4 MB/s) - '/etc/security/keytabs/scm.keytab' saved [140/140]
scm_1       | Length: 142 [application/octet-stream]
kdc_1       | Oct 12 05:42:04 kdc krb5kdc[9](info): AS_REQ (8 etypes {18 17 20 19 16 23 25 26}) 127.0.0.1: ISSUE: authtime 1570858924, etypes {rep=18 tkt=18 ses=18}, admin/admin@EXAMPLE.COM for kadmin/admin@EXAMPLE.COM
s3g_1       |      0K                                                       100% 13.8M=0s
datanode_1  | KVNO Timestamp         Principal
datanode_2  | Saving to: '/etc/security/keytabs/scm.keytab'
kms_1       | KVNO Timestamp         Principal
recon_1     | Saving to: '/etc/security/keytabs/scm.keytab'
datanode_3  | Keytab name: FILE:/etc/security/keytabs/scm.keytab
om_1        | 
scm_1       | Saving to: '/etc/security/keytabs/scm.keytab'
kdc_1       | Oct 12 05:42:04 kdc krb5kdc[9](info): AS_REQ (8 etypes {18 17 20 19 16 23 25 26}) 127.0.0.1: SERVER_NOT_FOUND: admin/admin@EXAMPLE.COM for kadmin/localhost@EXAMPLE.COM, Server not found in Kerberos database
s3g_1       | 
datanode_1  | ---- ----------------- --------------------------------------------------------
datanode_2  | 
kms_1       | ---- ----------------- --------------------------------------------------------
datanode_3  | KVNO Timestamp         Principal
recon_1     | 
om_1        | Keytab name: FILE:/etc/security/keytabs/scm.keytab
scm_1       | 
kdc_1       | Oct 12 05:42:04 kdc krb5kdc[9](info): AS_REQ (8 etypes {18 17 20 19 16 23 25 26}) 127.0.0.1: ISSUE: authtime 1570858924, etypes {rep=18 tkt=18 ses=18}, admin/admin@EXAMPLE.COM for kadmin/admin@EXAMPLE.COM
s3g_1       | 2019-10-12 05:42:07 (13.8 MB/s) - '/etc/security/keytabs/HTTP.keytab' saved [144/144]
datanode_1  |    2 10/12/19 05:42:07 scm/d462bffc3dbd@EXAMPLE.COM
datanode_3  | ---- ----------------- --------------------------------------------------------
kms_1       |    2 10/12/19 05:42:07 scm/3b9d071617e0@EXAMPLE.COM
datanode_2  |      0K                                                       100% 12.1M=0s
om_1        | KVNO Timestamp         Principal
scm_1       |      0K                                                       100% 10.6M=0s
recon_1     |      0K                                                       100% 14.6M=0s
kdc_1       | Oct 12 05:42:04 kdc krb5kdc[9](info): AS_REQ (8 etypes {18 17 20 19 16 23 25 26}) 127.0.0.1: SERVER_NOT_FOUND: admin/admin@EXAMPLE.COM for kadmin/localhost@EXAMPLE.COM, Server not found in Kerberos database
s3g_1       | 
datanode_1  |    2 10/12/19 05:42:07 scm/d462bffc3dbd@EXAMPLE.COM
kms_1       |    2 10/12/19 05:42:07 scm/3b9d071617e0@EXAMPLE.COM
datanode_3  |    2 10/12/19 05:42:07 scm/ec04262423ae@EXAMPLE.COM
datanode_2  | 
om_1        | ---- ----------------- --------------------------------------------------------
scm_1       | 
recon_1     | 
kdc_1       | Oct 12 05:42:04 kdc krb5kdc[9](info): AS_REQ (8 etypes {18 17 20 19 16 23 25 26}) 127.0.0.1: ISSUE: authtime 1570858924, etypes {rep=18 tkt=18 ses=18}, admin/admin@EXAMPLE.COM for kadmin/admin@EXAMPLE.COM
s3g_1       | Keytab name: FILE:/etc/security/keytabs/HTTP.keytab
datanode_1  | Download HTTP/d462bffc3dbd@EXAMPLE.COM keytab file to /etc/security/keytabs/HTTP.keytab
kms_1       | Download HTTP/3b9d071617e0@EXAMPLE.COM keytab file to /etc/security/keytabs/HTTP.keytab
datanode_3  |    2 10/12/19 05:42:07 scm/ec04262423ae@EXAMPLE.COM
datanode_2  | 2019-10-12 05:42:07 (12.1 MB/s) - '/etc/security/keytabs/scm.keytab' saved [160/160]
om_1        |    2 10/12/19 05:42:06 scm/om@EXAMPLE.COM
scm_1       | 2019-10-12 05:42:05 (10.6 MB/s) - '/etc/security/keytabs/scm.keytab' saved [142/142]
recon_1     | 2019-10-12 05:42:26 (14.6 MB/s) - '/etc/security/keytabs/scm.keytab' saved [146/146]
kdc_1       | Oct 12 05:42:04 kdc krb5kdc[9](info): AS_REQ (8 etypes {18 17 20 19 16 23 25 26}) 127.0.0.1: SERVER_NOT_FOUND: admin/admin@EXAMPLE.COM for kadmin/localhost@EXAMPLE.COM, Server not found in Kerberos database
s3g_1       | KVNO Timestamp         Principal
kms_1       | --2019-10-12 05:42:07--  http://kdc:8081/keytab/3b9d071617e0/HTTP
datanode_3  | Download HTTP/ec04262423ae@EXAMPLE.COM keytab file to /etc/security/keytabs/HTTP.keytab
datanode_1  | --2019-10-12 05:42:07--  http://kdc:8081/keytab/d462bffc3dbd/HTTP
datanode_2  | 
om_1        |    2 10/12/19 05:42:06 scm/om@EXAMPLE.COM
scm_1       | 
recon_1     | 
kdc_1       | Oct 12 05:42:04 kdc krb5kdc[9](info): AS_REQ (8 etypes {18 17 20 19 16 23 25 26}) 127.0.0.1: ISSUE: authtime 1570858924, etypes {rep=18 tkt=18 ses=18}, admin/admin@EXAMPLE.COM for kadmin/admin@EXAMPLE.COM
s3g_1       | ---- ----------------- --------------------------------------------------------
kms_1       | Resolving kdc (kdc)... 172.18.0.8
datanode_3  | --2019-10-12 05:42:07--  http://kdc:8081/keytab/ec04262423ae/HTTP
datanode_1  | Resolving kdc (kdc)... 172.18.0.8
datanode_2  | Keytab name: FILE:/etc/security/keytabs/scm.keytab
om_1        | Download HTTP/om@EXAMPLE.COM keytab file to /etc/security/keytabs/HTTP.keytab
scm_1       | Keytab name: FILE:/etc/security/keytabs/scm.keytab
recon_1     | Keytab name: FILE:/etc/security/keytabs/scm.keytab
kdc_1       | Oct 12 05:42:04 kdc krb5kdc[9](info): AS_REQ (8 etypes {18 17 20 19 16 23 25 26}) 127.0.0.1: SERVER_NOT_FOUND: admin/admin@EXAMPLE.COM for kadmin/localhost@EXAMPLE.COM, Server not found in Kerberos database
s3g_1       |    2 10/12/19 05:42:07 HTTP/s3g@EXAMPLE.COM
kms_1       | Connecting to kdc (kdc)|172.18.0.8|:8081... connected.
datanode_3  | Resolving kdc (kdc)... 172.18.0.8
datanode_1  | Connecting to kdc (kdc)|172.18.0.8|:8081... connected.
datanode_2  | KVNO Timestamp         Principal
om_1        | --2019-10-12 05:42:07--  http://kdc:8081/keytab/om/HTTP
scm_1       | KVNO Timestamp         Principal
recon_1     | KVNO Timestamp         Principal
kdc_1       | Oct 12 05:42:04 kdc krb5kdc[9](info): AS_REQ (8 etypes {18 17 20 19 16 23 25 26}) 127.0.0.1: ISSUE: authtime 1570858924, etypes {rep=18 tkt=18 ses=18}, admin/admin@EXAMPLE.COM for kadmin/admin@EXAMPLE.COM
s3g_1       |    2 10/12/19 05:42:07 HTTP/s3g@EXAMPLE.COM
kms_1       | HTTP request sent, awaiting response... 200 OK
datanode_3  | Connecting to kdc (kdc)|172.18.0.8|:8081... connected.
datanode_1  | HTTP request sent, awaiting response... 200 OK
datanode_2  | ---- ----------------- --------------------------------------------------------
om_1        | Resolving kdc (kdc)... 172.18.0.8
scm_1       | ---- ----------------- --------------------------------------------------------
recon_1     | ---- ----------------- --------------------------------------------------------
kdc_1       | Oct 12 05:42:05 kdc krb5kdc[9](info): AS_REQ (8 etypes {18 17 20 19 16 23 25 26}) 127.0.0.1: SERVER_NOT_FOUND: admin/admin@EXAMPLE.COM for kadmin/localhost@EXAMPLE.COM, Server not found in Kerberos database
s3g_1       | Download testuser/s3g@EXAMPLE.COM keytab file to /etc/security/keytabs/testuser.keytab
kms_1       | Length: 162 [application/octet-stream]
datanode_3  | HTTP request sent, awaiting response... 200 OK
datanode_1  | Length: 162 [application/octet-stream]
datanode_2  |    2 10/12/19 05:42:07 scm/8c8f306d186f@EXAMPLE.COM
om_1        | Connecting to kdc (kdc)|172.18.0.8|:8081... connected.
scm_1       |    2 10/12/19 05:42:05 scm/scm@EXAMPLE.COM
recon_1     |    2 10/12/19 05:42:26 scm/recon@EXAMPLE.COM
kdc_1       | Oct 12 05:42:05 kdc krb5kdc[9](info): AS_REQ (8 etypes {18 17 20 19 16 23 25 26}) 127.0.0.1: ISSUE: authtime 1570858925, etypes {rep=18 tkt=18 ses=18}, admin/admin@EXAMPLE.COM for kadmin/admin@EXAMPLE.COM
s3g_1       | --2019-10-12 05:42:07--  http://kdc:8081/keytab/s3g/testuser
kms_1       | Saving to: '/etc/security/keytabs/HTTP.keytab'
datanode_3  | Length: 162 [application/octet-stream]
datanode_1  | Saving to: '/etc/security/keytabs/HTTP.keytab'
datanode_2  |    2 10/12/19 05:42:07 scm/8c8f306d186f@EXAMPLE.COM
om_1        | HTTP request sent, awaiting response... 200 OK
scm_1       |    2 10/12/19 05:42:05 scm/scm@EXAMPLE.COM
recon_1     |    2 10/12/19 05:42:26 scm/recon@EXAMPLE.COM
kdc_1       | Oct 12 05:42:05 kdc krb5kdc[9](info): AS_REQ (8 etypes {18 17 20 19 16 23 25 26}) 127.0.0.1: SERVER_NOT_FOUND: admin/admin@EXAMPLE.COM for kadmin/localhost@EXAMPLE.COM, Server not found in Kerberos database
s3g_1       | Resolving kdc (kdc)... 172.18.0.8
kms_1       | 
datanode_3  | Saving to: '/etc/security/keytabs/HTTP.keytab'
datanode_1  | 
datanode_2  | Download HTTP/8c8f306d186f@EXAMPLE.COM keytab file to /etc/security/keytabs/HTTP.keytab
om_1        | Length: 142 [application/octet-stream]
scm_1       | Download HTTP/scm@EXAMPLE.COM keytab file to /etc/security/keytabs/HTTP.keytab
kdc_1       | Oct 12 05:42:05 kdc krb5kdc[9](info): AS_REQ (8 etypes {18 17 20 19 16 23 25 26}) 127.0.0.1: ISSUE: authtime 1570858925, etypes {rep=18 tkt=18 ses=18}, admin/admin@EXAMPLE.COM for kadmin/admin@EXAMPLE.COM
recon_1     | Download HTTP/recon@EXAMPLE.COM keytab file to /etc/security/keytabs/HTTP.keytab
s3g_1       | Connecting to kdc (kdc)|172.18.0.8|:8081... connected.
kms_1       |      0K                                                       100% 11.6M=0s
datanode_3  | 
datanode_1  |      0K                                                       100% 12.5M=0s
datanode_2  | --2019-10-12 05:42:07--  http://kdc:8081/keytab/8c8f306d186f/HTTP
om_1        | Saving to: '/etc/security/keytabs/HTTP.keytab'
scm_1       | --2019-10-12 05:42:05--  http://kdc:8081/keytab/scm/HTTP
kdc_1       | Oct 12 05:42:04 kdc kadmind[15](Notice): Request: kadm5_init, admin/admin@EXAMPLE.COM, success, client=admin/admin@EXAMPLE.COM, service=kadmin/admin@EXAMPLE.COM, addr=127.0.0.1, vers=4, flavor=6
recon_1     | --2019-10-12 05:42:26--  http://kdc:8081/keytab/recon/HTTP
s3g_1       | HTTP request sent, awaiting response... 200 OK
kms_1       | 
datanode_3  |      0K                                                       100% 20.1M=0s
datanode_1  | 
datanode_2  | Resolving kdc (kdc)... 172.18.0.8
om_1        | 
scm_1       | Resolving kdc (kdc)... 172.18.0.8
kdc_1       | Oct 12 05:42:04 kdc kadmind[15](Notice): Request: kadm5_get_policy, default, Policy does not exist, client=admin/admin@EXAMPLE.COM, service=kadmin/admin@EXAMPLE.COM, addr=127.0.0.1
recon_1     | Resolving kdc (kdc)... 172.18.0.8
s3g_1       | Length: 152 [application/octet-stream]
kms_1       | 2019-10-12 05:42:07 (11.6 MB/s) - '/etc/security/keytabs/HTTP.keytab' saved [162/162]
datanode_3  | 
datanode_1  | 2019-10-12 05:42:07 (12.5 MB/s) - '/etc/security/keytabs/HTTP.keytab' saved [162/162]
datanode_2  | Connecting to kdc (kdc)|172.18.0.8|:8081... connected.
om_1        |      0K                                                       100% 17.5M=0s
scm_1       | Connecting to kdc (kdc)|172.18.0.8|:8081... connected.
kdc_1       | Oct 12 05:42:04 kdc kadmind[15](Notice): Request: kadm5_create_principal, test/test@EXAMPLE.COM, success, client=admin/admin@EXAMPLE.COM, service=kadmin/admin@EXAMPLE.COM, addr=127.0.0.1
recon_1     | Connecting to kdc (kdc)|172.18.0.8|:8081... connected.
s3g_1       | Saving to: '/etc/security/keytabs/testuser.keytab'
kms_1       | 
datanode_3  | 2019-10-12 05:42:08 (20.1 MB/s) - '/etc/security/keytabs/HTTP.keytab' saved [162/162]
datanode_2  | HTTP request sent, awaiting response... 200 OK
datanode_1  | 
scm_1       | HTTP request sent, awaiting response... 200 OK
kdc_1       | Oct 12 05:42:04 kdc kadmind[15](info): closing down fd 18
recon_1     | HTTP request sent, awaiting response... 200 OK
s3g_1       | 
kms_1       | Keytab name: FILE:/etc/security/keytabs/HTTP.keytab
om_1        | 
datanode_3  | 
datanode_2  | Length: 162 [application/octet-stream]
datanode_1  | Keytab name: FILE:/etc/security/keytabs/HTTP.keytab
scm_1       | Length: 144 [application/octet-stream]
kdc_1       | Oct 12 05:42:04 kdc kadmind[15](Notice): Request: kadm5_init, admin/admin@EXAMPLE.COM, success, client=admin/admin@EXAMPLE.COM, service=kadmin/admin@EXAMPLE.COM, addr=127.0.0.1, vers=4, flavor=6
recon_1     | Length: 148 [application/octet-stream]
s3g_1       |      0K                                                       100% 20.1M=0s
kms_1       | KVNO Timestamp         Principal
om_1        | 2019-10-12 05:42:07 (17.5 MB/s) - '/etc/security/keytabs/HTTP.keytab' saved [142/142]
datanode_3  | Keytab name: FILE:/etc/security/keytabs/HTTP.keytab
datanode_2  | Saving to: '/etc/security/keytabs/HTTP.keytab'
datanode_1  | KVNO Timestamp         Principal
scm_1       | Saving to: '/etc/security/keytabs/HTTP.keytab'
kdc_1       | Oct 12 05:42:04 kdc kadmind[15](Notice): Request: kadm5_randkey_principal, test/test@EXAMPLE.COM, success, client=admin/admin@EXAMPLE.COM, service=kadmin/admin@EXAMPLE.COM, addr=127.0.0.1
recon_1     | Saving to: '/etc/security/keytabs/HTTP.keytab'
s3g_1       | 
kms_1       | ---- ----------------- --------------------------------------------------------
om_1        | 
datanode_3  | KVNO Timestamp         Principal
datanode_2  | 
datanode_1  | ---- ----------------- --------------------------------------------------------
scm_1       | 
kdc_1       | Oct 12 05:42:04 kdc kadmind[15](Notice): Request: kadm5_get_principal, test/test@EXAMPLE.COM, success, client=admin/admin@EXAMPLE.COM, service=kadmin/admin@EXAMPLE.COM, addr=127.0.0.1
recon_1     | 
s3g_1       | 2019-10-12 05:42:08 (20.1 MB/s) - '/etc/security/keytabs/testuser.keytab' saved [152/152]
kms_1       |    2 10/12/19 05:42:07 HTTP/3b9d071617e0@EXAMPLE.COM
om_1        | Keytab name: FILE:/etc/security/keytabs/HTTP.keytab
datanode_3  | ---- ----------------- --------------------------------------------------------
datanode_2  |      0K                                                       100% 12.8M=0s
datanode_1  |    2 10/12/19 05:42:07 HTTP/d462bffc3dbd@EXAMPLE.COM
scm_1       |      0K                                                       100% 10.6M=0s
kdc_1       | Oct 12 05:42:04 kdc kadmind[15](info): closing down fd 18
recon_1     |      0K                                                       100% 10.6M=0s
s3g_1       | 
kms_1       |    2 10/12/19 05:42:07 HTTP/3b9d071617e0@EXAMPLE.COM
om_1        | KVNO Timestamp         Principal
datanode_3  |    2 10/12/19 05:42:08 HTTP/ec04262423ae@EXAMPLE.COM
datanode_2  | 
datanode_1  |    2 10/12/19 05:42:07 HTTP/d462bffc3dbd@EXAMPLE.COM
scm_1       | 
kdc_1       | Oct 12 05:42:04 kdc kadmind[15](Notice): Request: kadm5_init, admin/admin@EXAMPLE.COM, success, client=admin/admin@EXAMPLE.COM, service=kadmin/admin@EXAMPLE.COM, addr=127.0.0.1, vers=4, flavor=6
recon_1     | 
s3g_1       | Keytab name: FILE:/etc/security/keytabs/testuser.keytab
kms_1       | Download testuser/3b9d071617e0@EXAMPLE.COM keytab file to /etc/security/keytabs/testuser.keytab
om_1        | ---- ----------------- --------------------------------------------------------
om_1        |    2 10/12/19 05:42:07 HTTP/om@EXAMPLE.COM
datanode_2  | 2019-10-12 05:42:07 (12.8 MB/s) - '/etc/security/keytabs/HTTP.keytab' saved [162/162]
datanode_1  | Download testuser/d462bffc3dbd@EXAMPLE.COM keytab file to /etc/security/keytabs/testuser.keytab
scm_1       | 2019-10-12 05:42:05 (10.6 MB/s) - '/etc/security/keytabs/HTTP.keytab' saved [144/144]
kdc_1       | Oct 12 05:42:04 kdc kadmind[15](Notice): Request: kadm5_get_policy, default, Policy does not exist, client=admin/admin@EXAMPLE.COM, service=kadmin/admin@EXAMPLE.COM, addr=127.0.0.1
recon_1     | 2019-10-12 05:42:26 (10.6 MB/s) - '/etc/security/keytabs/HTTP.keytab' saved [148/148]
s3g_1       | KVNO Timestamp         Principal
kms_1       | --2019-10-12 05:42:07--  http://kdc:8081/keytab/3b9d071617e0/testuser
datanode_3  |    2 10/12/19 05:42:08 HTTP/ec04262423ae@EXAMPLE.COM
om_1        |    2 10/12/19 05:42:07 HTTP/om@EXAMPLE.COM
datanode_2  | 
datanode_1  | --2019-10-12 05:42:07--  http://kdc:8081/keytab/d462bffc3dbd/testuser
scm_1       | 
kdc_1       | Oct 12 05:42:04 kdc kadmind[15](Notice): Request: kadm5_create_principal, dn/scm@EXAMPLE.COM, success, client=admin/admin@EXAMPLE.COM, service=kadmin/admin@EXAMPLE.COM, addr=127.0.0.1
recon_1     | 
recon_1     | Keytab name: FILE:/etc/security/keytabs/HTTP.keytab
kms_1       | Resolving kdc (kdc)... 172.18.0.8
datanode_3  | Download testuser/ec04262423ae@EXAMPLE.COM keytab file to /etc/security/keytabs/testuser.keytab
om_1        | Download testuser/om@EXAMPLE.COM keytab file to /etc/security/keytabs/testuser.keytab
datanode_2  | Keytab name: FILE:/etc/security/keytabs/HTTP.keytab
datanode_1  | Resolving kdc (kdc)... 172.18.0.8
kdc_1       | Oct 12 05:42:04 kdc kadmind[15](info): closing down fd 18
recon_1     | KVNO Timestamp         Principal
kms_1       | Connecting to kdc (kdc)|172.18.0.8|:8081... connected.
s3g_1       | ---- ----------------- --------------------------------------------------------
datanode_3  | --2019-10-12 05:42:08--  http://kdc:8081/keytab/ec04262423ae/testuser
scm_1       | Keytab name: FILE:/etc/security/keytabs/HTTP.keytab
om_1        | --2019-10-12 05:42:07--  http://kdc:8081/keytab/om/testuser
datanode_2  | KVNO Timestamp         Principal
datanode_1  | Connecting to kdc (kdc)|172.18.0.8|:8081... connected.
kms_1       | HTTP request sent, awaiting response... 200 OK
s3g_1       |    2 10/12/19 05:42:08 testuser/s3g@EXAMPLE.COM
kdc_1       | Oct 12 05:42:04 kdc kadmind[15](Notice): Request: kadm5_init, admin/admin@EXAMPLE.COM, success, client=admin/admin@EXAMPLE.COM, service=kadmin/admin@EXAMPLE.COM, addr=127.0.0.1, vers=4, flavor=6
recon_1     | ---- ----------------- --------------------------------------------------------
datanode_3  | Resolving kdc (kdc)... 172.18.0.8
scm_1       | KVNO Timestamp         Principal
datanode_2  | ---- ----------------- --------------------------------------------------------
om_1        | Resolving kdc (kdc)... 172.18.0.8
datanode_1  | HTTP request sent, awaiting response... 200 OK
kms_1       | Length: 170 [application/octet-stream]
s3g_1       |    2 10/12/19 05:42:08 testuser/s3g@EXAMPLE.COM
kdc_1       | Oct 12 05:42:04 kdc kadmind[15](Notice): Request: kadm5_randkey_principal, dn/scm@EXAMPLE.COM, success, client=admin/admin@EXAMPLE.COM, service=kadmin/admin@EXAMPLE.COM, addr=127.0.0.1
recon_1     |    2 10/12/19 05:42:26 HTTP/recon@EXAMPLE.COM
datanode_3  | Connecting to kdc (kdc)|172.18.0.8|:8081... connected.
scm_1       | ---- ----------------- --------------------------------------------------------
datanode_2  |    2 10/12/19 05:42:07 HTTP/8c8f306d186f@EXAMPLE.COM
om_1        | Connecting to kdc (kdc)|172.18.0.8|:8081... connected.
datanode_1  | Length: 170 [application/octet-stream]
kms_1       | Saving to: '/etc/security/keytabs/testuser.keytab'
s3g_1       | Download testuser2/s3g@EXAMPLE.COM keytab file to /etc/security/keytabs/testuser2.keytab
kdc_1       | Oct 12 05:42:04 kdc kadmind[15](Notice): Request: kadm5_get_principal, dn/scm@EXAMPLE.COM, success, client=admin/admin@EXAMPLE.COM, service=kadmin/admin@EXAMPLE.COM, addr=127.0.0.1
recon_1     |    2 10/12/19 05:42:26 HTTP/recon@EXAMPLE.COM
datanode_3  | HTTP request sent, awaiting response... 200 OK
scm_1       |    2 10/12/19 05:42:05 HTTP/scm@EXAMPLE.COM
datanode_2  |    2 10/12/19 05:42:07 HTTP/8c8f306d186f@EXAMPLE.COM
om_1        | HTTP request sent, awaiting response... 200 OK
kms_1       | 
datanode_1  | Saving to: '/etc/security/keytabs/testuser.keytab'
s3g_1       | --2019-10-12 05:42:08--  http://kdc:8081/keytab/s3g/testuser2
kdc_1       | Oct 12 05:42:04 kdc kadmind[15](info): closing down fd 18
recon_1     | Download testuser/recon@EXAMPLE.COM keytab file to /etc/security/keytabs/testuser.keytab
datanode_3  | Length: 170 [application/octet-stream]
scm_1       |    2 10/12/19 05:42:05 HTTP/scm@EXAMPLE.COM
datanode_2  | Download testuser/8c8f306d186f@EXAMPLE.COM keytab file to /etc/security/keytabs/testuser.keytab
kms_1       |      0K                                                       100% 16.5M=0s
om_1        | Length: 150 [application/octet-stream]
datanode_1  | 
s3g_1       | Resolving kdc (kdc)... 172.18.0.8
kdc_1       | Oct 12 05:42:04 kdc kadmind[15](Notice): Request: kadm5_init, admin/admin@EXAMPLE.COM, success, client=admin/admin@EXAMPLE.COM, service=kadmin/admin@EXAMPLE.COM, addr=127.0.0.1, vers=4, flavor=6
recon_1     | --2019-10-12 05:42:26--  http://kdc:8081/keytab/recon/testuser
datanode_3  | Saving to: '/etc/security/keytabs/testuser.keytab'
scm_1       | Download testuser/scm@EXAMPLE.COM keytab file to /etc/security/keytabs/testuser.keytab
datanode_2  | --2019-10-12 05:42:07--  http://kdc:8081/keytab/8c8f306d186f/testuser
kms_1       | 
om_1        | Saving to: '/etc/security/keytabs/testuser.keytab'
datanode_1  |      0K                                                       100% 17.4M=0s
s3g_1       | Connecting to kdc (kdc)|172.18.0.8|:8081... connected.
kdc_1       | Oct 12 05:42:04 kdc kadmind[15](Notice): Request: kadm5_get_policy, default, Policy does not exist, client=admin/admin@EXAMPLE.COM, service=kadmin/admin@EXAMPLE.COM, addr=127.0.0.1
recon_1     | Resolving kdc (kdc)... 172.18.0.8
datanode_3  | 
scm_1       | --2019-10-12 05:42:05--  http://kdc:8081/keytab/scm/testuser
datanode_2  | Resolving kdc (kdc)... 172.18.0.8
kms_1       | 2019-10-12 05:42:08 (16.5 MB/s) - '/etc/security/keytabs/testuser.keytab' saved [170/170]
om_1        | 
datanode_1  | 
s3g_1       | HTTP request sent, awaiting response... 200 OK
kdc_1       | Oct 12 05:42:04 kdc kadmind[15](Notice): Request: kadm5_create_principal, om/scm@EXAMPLE.COM, success, client=admin/admin@EXAMPLE.COM, service=kadmin/admin@EXAMPLE.COM, addr=127.0.0.1
recon_1     | Connecting to kdc (kdc)|172.18.0.8|:8081... connected.
datanode_3  |      0K                                                       100% 22.6M=0s
scm_1       | Resolving kdc (kdc)... 172.18.0.8
datanode_2  | Connecting to kdc (kdc)|172.18.0.8|:8081... connected.
kms_1       | 
