datanode_2  | 2019-10-05 00:06:53 INFO  ContainerStateMachine:230 - group-F70C61CC8D3A: The snapshot info is null. Setting the last applied indexto:(t:0, i:~)
scm_1       | 2019-10-05 00:07:31 INFO  Server:1849 - Auth successful for om/om@EXAMPLE.COM (auth:KERBEROS)
kms_1       | Oct 05, 2019 12:07:35 AM com.sun.jersey.server.wadl.generators.AbstractWadlGeneratorGrammarGenerator attachTypes
nm_1        | 2019-10-05 00:06:42 INFO  RMProxy:133 - Connecting to ResourceManager at rm/172.18.0.12:8031
rm_1        | 2019-10-05 00:06:42 INFO  HttpServer2:1191 - Jetty bound to port 8088
kdc_1       | Oct 05 00:06:24 kdc kadmind[15](info): closing down fd 18
datanode_3  | 2019-10-05 00:06:53 INFO  RaftStorageDirectory:246 - The storage directory /data/metadata/ratis/7f8b75c0-441a-4efd-837d-f70c61cc8d3a does not exist. Creating ...
om_1        | 2019-10-05 00:06:51 INFO  MetricsSystemImpl:301 - Registered sink prometheus
datanode_1  | 2019-10-05 00:06:53 INFO  RaftServerConfigKeys:43 - raft.server.log.segment.size.max = 1048576 (custom)
kms_1       | INFO: Couldn't find grammar element for class javax.ws.rs.core.Response
nm_1        | 2019-10-05 00:06:42 INFO  NodeStatusUpdaterImpl:652 - Sending out 0 NM container statuses: []
datanode_2  | 2019-10-05 00:06:53 INFO  RaftServerConfigKeys:43 - raft.server.notification.no-leader.timeout = 120s (custom)
rm_1        | 2019-10-05 00:06:42 INFO  Server:351 - jetty-9.3.24.v20180605, build timestamp: 2018-06-05T17:11:56Z, git hash: 84205aa28f11a4f31f2a3b86d1bba2cc8ab69827
kdc_1       | Oct 05 00:06:24 kdc kadmind[15](Notice): Request: kadm5_init, admin/admin@EXAMPLE.COM, success, client=admin/admin@EXAMPLE.COM, service=kadmin/admin@EXAMPLE.COM, addr=127.0.0.1, vers=4, flavor=6
datanode_3  | 2019-10-05 00:06:53 INFO  RaftStorageDirectory:328 - Lock on /data/metadata/ratis/7f8b75c0-441a-4efd-837d-f70c61cc8d3a/in_use.lock acquired by nodename 7@d671b1a959ba
om_1        | 2019-10-05 00:06:51 INFO  BaseHttpServer:215 - HTTP server of OZONEMANAGER is listening at http://0.0.0.0:9874
datanode_1  | 2019-10-05 00:06:53 INFO  RaftServerConfigKeys:43 - raft.server.log.segment.cache.num.max = 2 (custom)
kms_1       | Oct 05, 2019 12:07:35 AM com.sun.jersey.server.wadl.generators.AbstractWadlGeneratorGrammarGenerator attachTypes
nm_1        | 2019-10-05 00:06:43 INFO  NodeStatusUpdaterImpl:393 - Registering with RM using containers :[]
datanode_2  | 2019-10-05 00:06:53 INFO  RaftServerConfigKeys:43 - raft.server.log.use.memory = false (default)
rm_1        | 2019-10-05 00:06:42 INFO  ContextHandler:781 - Started o.e.j.s.ServletContextHandler@3234f74e{/logs,file:///opt/hadoop/logs/,AVAILABLE}
kdc_1       | Oct 05 00:06:24 kdc kadmind[15](Notice): Request: kadm5_get_policy, default, Policy does not exist, client=admin/admin@EXAMPLE.COM, service=kadmin/admin@EXAMPLE.COM, addr=127.0.0.1
datanode_3  | 2019-10-05 00:06:53 INFO  RaftStorage:84 - Storage directory /data/metadata/ratis/7f8b75c0-441a-4efd-837d-f70c61cc8d3a has been successfully formatted.
om_1        | 2019-10-05 00:07:07 INFO  Server:1849 - Auth successful for testuser/om@EXAMPLE.COM (auth:KERBEROS)
datanode_1  | 2019-10-05 00:06:53 INFO  SegmentedRaftLogWorker:173 - new 90dac289-2f3b-4308-9272-2ea881f2c467@group-F70C61CC8D3A-SegmentedRaftLogWorker for RaftStorage:Storage Directory /data/metadata/ratis/7f8b75c0-441a-4efd-837d-f70c61cc8d3a
kms_1       | INFO: Couldn't find grammar element for class javax.ws.rs.core.Response
datanode_2  | 2019-10-05 00:06:53 INFO  RaftServerConfigKeys:43 - raft.server.log.purge.gap = 1000000 (custom)
nm_1        | 2019-10-05 00:06:44 INFO  Client:948 - Retrying connect to server: rm/172.18.0.12:8031. Already tried 0 time(s); retry policy is RetryUpToMaximumCountWithFixedSleep(maxRetries=10, sleepTime=1000 MILLISECONDS)
rm_1        | 2019-10-05 00:06:42 INFO  ContextHandler:781 - Started o.e.j.s.ServletContextHandler@557a1e2d{/static,jar:file:/opt/hadoop/share/hadoop/yarn/hadoop-yarn-common-3.2.0.jar!/webapps/static,AVAILABLE}
kdc_1       | Oct 05 00:06:24 kdc kadmind[15](Notice): Request: kadm5_create_principal, HTTP/om@EXAMPLE.COM, success, client=admin/admin@EXAMPLE.COM, service=kadmin/admin@EXAMPLE.COM, addr=127.0.0.1
om_1        | 2019-10-05 00:07:10 INFO  Server:1849 - Auth successful for testuser/om@EXAMPLE.COM (auth:KERBEROS)
datanode_3  | 2019-10-05 00:06:53 INFO  ContainerStateMachine:230 - group-F70C61CC8D3A: The snapshot info is null. Setting the last applied indexto:(t:0, i:~)
datanode_1  | 2019-10-05 00:06:53 INFO  RaftServerConfigKeys:43 - raft.server.log.queue.byte-limit = 2147483647 (custom)
kms_1       | Oct 05, 2019 12:07:35 AM com.sun.jersey.server.wadl.generators.AbstractWadlGeneratorGrammarGenerator attachTypes
datanode_2  | 2019-10-05 00:06:53 INFO  RaftServerConfigKeys:43 - raft.server.log.appender.buffer.byte-limit = 33554432 (custom)
rm_1        | Oct 05, 2019 12:06:42 AM com.sun.jersey.guice.spi.container.GuiceComponentProviderFactory register
nm_1        | 2019-10-05 00:06:44 INFO  NMContainerTokenSecretManager:143 - Rolling master-key for container-tokens, got key with id -684180040
kdc_1       | Oct 05 00:06:24 kdc kadmind[15](info): closing down fd 18
om_1        | 2019-10-05 00:07:10 INFO  OMVolumeCreateRequest:193 - created volume:vol1 for user:hadoop
datanode_3  | 2019-10-05 00:06:53 INFO  RaftServerConfigKeys:43 - raft.server.notification.no-leader.timeout = 120s (custom)
datanode_1  | 2019-10-05 00:06:53 INFO  RaftServerConfigKeys:43 - raft.server.log.queue.element-limit = 1024 (custom)
datanode_2  | 2019-10-05 00:06:53 INFO  RaftServerConfigKeys:43 - raft.server.log.segment.size.max = 1048576 (custom)
rm_1        | INFO: Registering org.apache.hadoop.yarn.server.resourcemanager.webapp.JAXBContextResolver as a provider class
kms_1       | INFO: Couldn't find grammar element for class java.util.Map
nm_1        | 2019-10-05 00:06:44 INFO  NMTokenSecretManagerInNM:143 - Rolling master-key for container-tokens, got key with id -1571307134
kdc_1       | Oct 05 00:06:24 kdc kadmind[15](Notice): Request: kadm5_init, admin/admin@EXAMPLE.COM, success, client=admin/admin@EXAMPLE.COM, service=kadmin/admin@EXAMPLE.COM, addr=127.0.0.1, vers=4, flavor=6
datanode_3  | 2019-10-05 00:06:53 INFO  RaftServerConfigKeys:43 - raft.server.log.use.memory = false (default)
om_1        | 2019-10-05 00:07:12 INFO  Server:1849 - Auth successful for testuser/om@EXAMPLE.COM (auth:KERBEROS)
datanode_1  | 2019-10-05 00:06:53 INFO  RaftServerConfigKeys:43 - raft.server.log.segment.size.max = 1048576 (custom)
datanode_2  | 2019-10-05 00:06:53 INFO  RaftServerConfigKeys:43 - raft.server.log.segment.cache.num.max = 2 (custom)
rm_1        | Oct 05, 2019 12:06:42 AM com.sun.jersey.guice.spi.container.GuiceComponentProviderFactory register
kms_1       | Oct 05, 2019 12:07:35 AM com.sun.jersey.server.wadl.generators.AbstractWadlGeneratorGrammarGenerator attachTypes
nm_1        | 2019-10-05 00:06:44 INFO  NodeStatusUpdaterImpl:477 - Registered with ResourceManager as nm:35427 with total resource of <memory:8192, vCores:8>
kdc_1       | Oct 05 00:06:24 kdc kadmind[15](Notice): Request: kadm5_randkey_principal, HTTP/om@EXAMPLE.COM, success, client=admin/admin@EXAMPLE.COM, service=kadmin/admin@EXAMPLE.COM, addr=127.0.0.1
datanode_3  | 2019-10-05 00:06:53 INFO  RaftServerConfigKeys:43 - raft.server.log.purge.gap = 1000000 (custom)
om_1        | 2019-10-05 00:07:15 INFO  Server:1849 - Auth successful for testuser/om@EXAMPLE.COM (auth:KERBEROS)
datanode_1  | 2019-10-05 00:06:53 INFO  RaftServerConfigKeys:43 - raft.server.log.preallocated.size = 16384 (custom)
datanode_2  | 2019-10-05 00:06:53 INFO  SegmentedRaftLogWorker:173 - new 68c79f85-2a78-448f-92f4-ed3ee3499639@group-F70C61CC8D3A-SegmentedRaftLogWorker for RaftStorage:Storage Directory /data/metadata/ratis/7f8b75c0-441a-4efd-837d-f70c61cc8d3a
rm_1        | INFO: Registering org.apache.hadoop.yarn.server.resourcemanager.webapp.RMWebServices as a root resource class
kms_1       | INFO: Couldn't find grammar element for class java.util.Map
kdc_1       | Oct 05 00:06:24 kdc kadmind[15](Notice): Request: kadm5_get_principal, HTTP/om@EXAMPLE.COM, success, client=admin/admin@EXAMPLE.COM, service=kadmin/admin@EXAMPLE.COM, addr=127.0.0.1
datanode_3  | 2019-10-05 00:06:53 INFO  RaftServerConfigKeys:43 - raft.server.log.appender.buffer.byte-limit = 33554432 (custom)
om_1        | 2019-10-05 00:07:17 INFO  Server:1849 - Auth successful for testuser/om@EXAMPLE.COM (auth:KERBEROS)
datanode_1  | 2019-10-05 00:06:53 INFO  RaftServerConfigKeys:43 - raft.server.log.write.buffer.size = 33554432 (custom)
datanode_2  | 2019-10-05 00:06:53 INFO  RaftServerConfigKeys:43 - raft.server.log.queue.byte-limit = 2147483647 (custom)
rm_1        | Oct 05, 2019 12:06:42 AM com.sun.jersey.guice.spi.container.GuiceComponentProviderFactory register
kms_1       | Oct 05, 2019 12:07:35 AM com.sun.jersey.server.wadl.generators.AbstractWadlGeneratorGrammarGenerator attachTypes
kdc_1       | Oct 05 00:06:24 kdc kadmind[15](info): closing down fd 18
datanode_3  | 2019-10-05 00:06:53 INFO  RaftServerConfigKeys:43 - raft.server.log.segment.size.max = 1048576 (custom)
om_1        | 2019-10-05 00:07:22 INFO  Server:1849 - Auth successful for testuser/om@EXAMPLE.COM (auth:KERBEROS)
datanode_1  | 2019-10-05 00:06:53 INFO  RaftServerConfigKeys:43 - raft.server.log.force.sync.num = 128 (default)
datanode_2  | 2019-10-05 00:06:53 INFO  RaftServerConfigKeys:43 - raft.server.log.queue.element-limit = 1024 (custom)
rm_1        | INFO: Registering org.apache.hadoop.yarn.webapp.GenericExceptionHandler as a provider class
kms_1       | INFO: Couldn't find grammar element for class javax.ws.rs.core.Response
kdc_1       | Oct 05 00:06:24 kdc kadmind[15](Notice): Request: kadm5_init, admin/admin@EXAMPLE.COM, success, client=admin/admin@EXAMPLE.COM, service=kadmin/admin@EXAMPLE.COM, addr=127.0.0.1, vers=4, flavor=6
datanode_3  | 2019-10-05 00:06:53 INFO  RaftServerConfigKeys:43 - raft.server.log.segment.cache.num.max = 2 (custom)
om_1        | 2019-10-05 00:07:25 INFO  Server:1849 - Auth successful for testuser/om@EXAMPLE.COM (auth:KERBEROS)
datanode_1  | 2019-10-05 00:06:53 INFO  RaftServerConfigKeys:43 - raft.server.log.statemachine.data.sync = true (default)
datanode_2  | 2019-10-05 00:06:53 INFO  RaftServerConfigKeys:43 - raft.server.log.segment.size.max = 1048576 (custom)
rm_1        | Oct 05, 2019 12:06:42 AM com.sun.jersey.server.impl.application.WebApplicationImpl _initiate
kms_1       | Oct 05, 2019 12:07:35 AM com.sun.jersey.server.wadl.generators.AbstractWadlGeneratorGrammarGenerator attachTypes
kdc_1       | Oct 05 00:06:24 kdc kadmind[15](Notice): Request: kadm5_get_policy, default, Policy does not exist, client=admin/admin@EXAMPLE.COM, service=kadmin/admin@EXAMPLE.COM, addr=127.0.0.1
datanode_3  | 2019-10-05 00:06:53 INFO  SegmentedRaftLogWorker:173 - new cd26d480-f1e8-484f-8743-fc94abb949d2@group-F70C61CC8D3A-SegmentedRaftLogWorker for RaftStorage:Storage Directory /data/metadata/ratis/7f8b75c0-441a-4efd-837d-f70c61cc8d3a
om_1        | 2019-10-05 00:07:31 INFO  Server:1849 - Auth successful for hadoop/rm@EXAMPLE.COM (auth:KERBEROS)
datanode_1  | 2019-10-05 00:06:53 INFO  RaftServerConfigKeys:43 - raft.server.log.statemachine.data.sync.timeout = 10s (default)
datanode_2  | 2019-10-05 00:06:53 INFO  RaftServerConfigKeys:43 - raft.server.log.preallocated.size = 16384 (custom)
rm_1        | INFO: Initiating Jersey application, version 'Jersey: 1.19 02/11/2015 03:25 AM'
kms_1       | INFO: Couldn't find grammar element for class java.util.Map
kdc_1       | Oct 05 00:06:24 kdc kadmind[15](Notice): Request: kadm5_create_principal, testuser/d671b1a959ba@EXAMPLE.COM, success, client=admin/admin@EXAMPLE.COM, service=kadmin/admin@EXAMPLE.COM, addr=127.0.0.1
datanode_3  | 2019-10-05 00:06:53 INFO  RaftServerConfigKeys:43 - raft.server.log.queue.byte-limit = 2147483647 (custom)
om_1        | 2019-10-05 00:07:34 INFO  Server:1849 - Auth successful for hadoop/rm@EXAMPLE.COM (auth:KERBEROS)
datanode_1  | 2019-10-05 00:06:53 INFO  RaftServerConfigKeys:43 - raft.server.log.statemachine.data.sync.timeout.retry = -1 (default)
datanode_2  | 2019-10-05 00:06:53 INFO  RaftServerConfigKeys:43 - raft.server.log.write.buffer.size = 33554432 (custom)
rm_1        | Oct 05, 2019 12:06:42 AM com.sun.jersey.guice.spi.container.GuiceComponentProviderFactory getComponentProvider
kms_1       | Oct 05, 2019 12:07:35 AM com.sun.jersey.server.wadl.generators.AbstractWadlGeneratorGrammarGenerator attachTypes
kdc_1       | Oct 05 00:06:24 kdc kadmind[15](info): closing down fd 18
datanode_3  | 2019-10-05 00:06:53 INFO  RaftServerConfigKeys:43 - raft.server.log.queue.element-limit = 1024 (custom)
datanode_1  | 2019-10-05 00:06:53 INFO  RaftServerConfigKeys:43 - raft.server.log.statemachine.data.caching.enabled = true (custom)
datanode_2  | 2019-10-05 00:06:53 INFO  RaftServerConfigKeys:43 - raft.server.log.force.sync.num = 128 (default)
rm_1        | INFO: Binding org.apache.hadoop.yarn.server.resourcemanager.webapp.JAXBContextResolver to GuiceManagedComponentProvider with the scope "Singleton"
kms_1       | INFO: Couldn't find grammar element for class java.util.Map
datanode_3  | 2019-10-05 00:06:53 INFO  RaftServerConfigKeys:43 - raft.server.log.segment.size.max = 1048576 (custom)
kdc_1       | Oct 05 00:06:24 kdc kadmind[15](Notice): Request: kadm5_init, admin/admin@EXAMPLE.COM, success, client=admin/admin@EXAMPLE.COM, service=kadmin/admin@EXAMPLE.COM, addr=127.0.0.1, vers=4, flavor=6
datanode_1  | 2019-10-05 00:06:53 INFO  SegmentedRaftLogWorker:128 - 90dac289-2f3b-4308-9272-2ea881f2c467@group-F70C61CC8D3A-SegmentedRaftLogWorker: flushIndex: setUnconditionally 0 -> -1
datanode_2  | 2019-10-05 00:06:53 INFO  RaftServerConfigKeys:43 - raft.server.log.statemachine.data.sync = true (default)
rm_1        | Oct 05, 2019 12:06:43 AM com.sun.jersey.guice.spi.container.GuiceComponentProviderFactory getComponentProvider
kms_1       | Oct 05, 2019 12:07:35 AM com.sun.jersey.server.wadl.generators.AbstractWadlGeneratorGrammarGenerator attachTypes
datanode_3  | 2019-10-05 00:06:53 INFO  RaftServerConfigKeys:43 - raft.server.log.preallocated.size = 16384 (custom)
kdc_1       | Oct 05 00:06:24 kdc kadmind[15](Notice): Request: kadm5_randkey_principal, testuser/d671b1a959ba@EXAMPLE.COM, success, client=admin/admin@EXAMPLE.COM, service=kadmin/admin@EXAMPLE.COM, addr=127.0.0.1
datanode_1  | 2019-10-05 00:06:53 INFO  RaftServerConfigKeys:43 - raft.server.snapshot.auto.trigger.enabled = true (custom)
datanode_2  | 2019-10-05 00:06:53 INFO  RaftServerConfigKeys:43 - raft.server.log.statemachine.data.sync.timeout = 10s (default)
kms_1       | INFO: Couldn't find grammar element for class javax.ws.rs.core.Response
datanode_3  | 2019-10-05 00:06:53 INFO  RaftServerConfigKeys:43 - raft.server.log.write.buffer.size = 33554432 (custom)
datanode_1  | 2019-10-05 00:06:53 INFO  RaftServerConfigKeys:43 - raft.server.snapshot.auto.trigger.threshold = 10000 (custom)
kdc_1       | Oct 05 00:06:24 kdc kadmind[15](Notice): Request: kadm5_get_principal, testuser/d671b1a959ba@EXAMPLE.COM, success, client=admin/admin@EXAMPLE.COM, service=kadmin/admin@EXAMPLE.COM, addr=127.0.0.1
rm_1        | INFO: Binding org.apache.hadoop.yarn.webapp.GenericExceptionHandler to GuiceManagedComponentProvider with the scope "Singleton"
datanode_2  | 2019-10-05 00:06:53 INFO  RaftServerConfigKeys:43 - raft.server.log.statemachine.data.sync.timeout.retry = -1 (default)
datanode_3  | 2019-10-05 00:06:53 INFO  RaftServerConfigKeys:43 - raft.server.log.force.sync.num = 128 (default)
kms_1       | Oct 05, 2019 12:07:35 AM com.sun.jersey.server.wadl.generators.AbstractWadlGeneratorGrammarGenerator attachTypes
datanode_1  | 2019-10-05 00:06:53 INFO  RaftServerConfigKeys:43 - raft.server.snapshot.retention.file.num = 5 (custom)
kdc_1       | Entry for principal testuser/d671b1a959ba@EXAMPLE.COM with kvno 2, encryption type aes256-cts-hmac-sha1-96 added to keytab WRFILE:/data/testuser.d671b1a959ba.keytab.
datanode_2  | 2019-10-05 00:06:53 INFO  RaftServerConfigKeys:43 - raft.server.log.statemachine.data.caching.enabled = true (custom)
kms_1       | INFO: Couldn't find grammar element for class javax.ws.rs.core.Response
datanode_3  | 2019-10-05 00:06:53 INFO  RaftServerConfigKeys:43 - raft.server.log.statemachine.data.sync = true (default)
rm_1        | Oct 05, 2019 12:06:43 AM com.sun.jersey.guice.spi.container.GuiceComponentProviderFactory getComponentProvider
kdc_1       | Entry for principal testuser/d671b1a959ba@EXAMPLE.COM with kvno 2, encryption type aes128-cts-hmac-sha1-96 added to keytab WRFILE:/data/testuser.d671b1a959ba.keytab.
datanode_1  | 2019-10-05 00:06:53 INFO  RaftServerConfigKeys:43 - raft.server.retrycache.expirytime = 600000ms (custom)
datanode_2  | 2019-10-05 00:06:53 INFO  SegmentedRaftLogWorker:128 - 68c79f85-2a78-448f-92f4-ed3ee3499639@group-F70C61CC8D3A-SegmentedRaftLogWorker: flushIndex: setUnconditionally 0 -> -1
kms_1       | Oct 05, 2019 12:07:35 AM com.sun.jersey.server.wadl.generators.AbstractWadlGeneratorGrammarGenerator attachTypes
datanode_3  | 2019-10-05 00:06:53 INFO  RaftServerConfigKeys:43 - raft.server.log.statemachine.data.sync.timeout = 10s (default)
rm_1        | INFO: Binding org.apache.hadoop.yarn.server.resourcemanager.webapp.RMWebServices to GuiceManagedComponentProvider with the scope "Singleton"
kdc_1       | Generiting keytab
datanode_1  | 2019-10-05 00:06:53 INFO  RaftServerImpl:181 - 90dac289-2f3b-4308-9272-2ea881f2c467@group-F70C61CC8D3A: start as a follower, conf=-1: [cd26d480-f1e8-484f-8743-fc94abb949d2:172.18.0.3:9858, 90dac289-2f3b-4308-9272-2ea881f2c467:172.18.0.6:9858, 68c79f85-2a78-448f-92f4-ed3ee3499639:172.18.0.2:9858], old=null
datanode_2  | 2019-10-05 00:06:53 INFO  RaftServerConfigKeys:43 - raft.server.snapshot.auto.trigger.enabled = true (custom)
kms_1       | INFO: Couldn't find grammar element for class java.util.Map
datanode_3  | 2019-10-05 00:06:53 INFO  RaftServerConfigKeys:43 - raft.server.log.statemachine.data.sync.timeout.retry = -1 (default)
rm_1        | 2019-10-05 00:06:43 INFO  ContextHandler:781 - Started o.e.j.w.WebAppContext@64524dd{/,file:///tmp/jetty-rm-8088-cluster-_-any-2514865498131869302.dir/webapp/,AVAILABLE}{/cluster}
kdc_1       | Authenticating as principal admin/admin with keytab /tmp/admin.keytab.
datanode_1  | 2019-10-05 00:06:53 INFO  RaftServerImpl:170 - 90dac289-2f3b-4308-9272-2ea881f2c467@group-F70C61CC8D3A: changes role from      null to FOLLOWER at term 0 for startAsFollower
datanode_2  | 2019-10-05 00:06:53 INFO  RaftServerConfigKeys:43 - raft.server.snapshot.auto.trigger.threshold = 10000 (custom)
kms_1       | Oct 05, 2019 12:07:35 AM com.sun.jersey.server.wadl.generators.AbstractWadlGeneratorGrammarGenerator attachTypes
datanode_3  | 2019-10-05 00:06:53 INFO  RaftServerConfigKeys:43 - raft.server.log.statemachine.data.caching.enabled = true (custom)
rm_1        | 2019-10-05 00:06:43 INFO  AbstractConnector:278 - Started ServerConnector@3531f3ca{HTTP/1.1,[http/1.1]}{rm:8088}
kdc_1       | WARNING: no policy specified for om/jhs@EXAMPLE.COM; defaulting to no policy
datanode_1  | 2019-10-05 00:06:53 INFO  RoleInfo:143 - 90dac289-2f3b-4308-9272-2ea881f2c467: start FollowerState
datanode_2  | 2019-10-05 00:06:53 INFO  RaftServerConfigKeys:43 - raft.server.snapshot.retention.file.num = 5 (custom)
datanode_3  | 2019-10-05 00:06:53 INFO  SegmentedRaftLogWorker:128 - cd26d480-f1e8-484f-8743-fc94abb949d2@group-F70C61CC8D3A-SegmentedRaftLogWorker: flushIndex: setUnconditionally 0 -> -1
kms_1       | INFO: Couldn't find grammar element for class java.util.Map
rm_1        | 2019-10-05 00:06:43 INFO  Server:419 - Started @4965ms
kdc_1       | Principal "om/jhs@EXAMPLE.COM" created.
datanode_1  | 2019-10-05 00:06:53 INFO  JmxRegister:44 - Successfully registered JMX Bean with object name Ratis:service=RaftServer,group=group-F70C61CC8D3A,id=90dac289-2f3b-4308-9272-2ea881f2c467
datanode_2  | 2019-10-05 00:06:53 INFO  RaftServerConfigKeys:43 - raft.server.retrycache.expirytime = 600000ms (custom)
datanode_3  | 2019-10-05 00:06:53 INFO  RaftServerConfigKeys:43 - raft.server.snapshot.auto.trigger.enabled = true (custom)
kms_1       | Oct 05, 2019 12:07:35 AM com.sun.jersey.server.wadl.generators.AbstractWadlGeneratorGrammarGenerator attachTypes
rm_1        | 2019-10-05 00:06:43 INFO  WebApps:440 - Web app cluster started at 8088
kdc_1       | Authenticating as principal admin/admin with keytab /tmp/admin.keytab.
datanode_1  | 2019-10-05 00:06:57 INFO  FollowerState:108 - 90dac289-2f3b-4308-9272-2ea881f2c467@group-6F0E50487FB7-FollowerState: change to CANDIDATE, lastRpcTime:5014ms, electionTimeout:5014ms
datanode_2  | 2019-10-05 00:06:53 INFO  RaftServerImpl:181 - 68c79f85-2a78-448f-92f4-ed3ee3499639@group-F70C61CC8D3A: start as a follower, conf=-1: [cd26d480-f1e8-484f-8743-fc94abb949d2:172.18.0.3:9858, 90dac289-2f3b-4308-9272-2ea881f2c467:172.18.0.6:9858, 68c79f85-2a78-448f-92f4-ed3ee3499639:172.18.0.2:9858], old=null
datanode_3  | 2019-10-05 00:06:53 INFO  RaftServerConfigKeys:43 - raft.server.snapshot.auto.trigger.threshold = 10000 (custom)
kms_1       | INFO: Couldn't find grammar element for class javax.ws.rs.core.Response
rm_1        | 2019-10-05 00:06:43 INFO  CallQueueManager:84 - Using callQueue: class java.util.concurrent.LinkedBlockingQueue, queueCapacity: 100, scheduler: class org.apache.hadoop.ipc.DefaultRpcScheduler, ipcBackoff: false.
kdc_1       | Entry for principal om/jhs@EXAMPLE.COM with kvno 2, encryption type aes256-cts-hmac-sha1-96 added to keytab WRFILE:/data/om.jhs.keytab.
datanode_1  | 2019-10-05 00:06:57 INFO  RoleInfo:121 - 90dac289-2f3b-4308-9272-2ea881f2c467: shutdown FollowerState
datanode_2  | 2019-10-05 00:06:53 INFO  RaftServerImpl:170 - 68c79f85-2a78-448f-92f4-ed3ee3499639@group-F70C61CC8D3A: changes role from      null to FOLLOWER at term 0 for startAsFollower
datanode_3  | 2019-10-05 00:06:53 INFO  RaftServerConfigKeys:43 - raft.server.snapshot.retention.file.num = 5 (custom)
rm_1        | 2019-10-05 00:06:43 INFO  Server:1074 - Starting Socket Reader #1 for port 8033
kdc_1       | Entry for principal om/jhs@EXAMPLE.COM with kvno 2, encryption type aes128-cts-hmac-sha1-96 added to keytab WRFILE:/data/om.jhs.keytab.
datanode_1  | 2019-10-05 00:06:57 INFO  RaftServerImpl:170 - 90dac289-2f3b-4308-9272-2ea881f2c467@group-6F0E50487FB7: changes role from  FOLLOWER to CANDIDATE at term 0 for changeToCandidate
datanode_2  | 2019-10-05 00:06:53 INFO  RoleInfo:143 - 68c79f85-2a78-448f-92f4-ed3ee3499639: start FollowerState
datanode_3  | 2019-10-05 00:06:53 INFO  RaftServerConfigKeys:43 - raft.server.retrycache.expirytime = 600000ms (custom)
kdc_1       | Generiting keytab
datanode_1  | 2019-10-05 00:06:57 INFO  RoleInfo:143 - 90dac289-2f3b-4308-9272-2ea881f2c467: start LeaderElection
rm_1        | 2019-10-05 00:06:43 INFO  RpcServerFactoryPBImpl:173 - Adding protocol org.apache.hadoop.yarn.server.api.ResourceManagerAdministrationProtocolPB to the server
datanode_2  | 2019-10-05 00:06:53 INFO  JmxRegister:44 - Successfully registered JMX Bean with object name Ratis:service=RaftServer,group=group-F70C61CC8D3A,id=68c79f85-2a78-448f-92f4-ed3ee3499639
datanode_3  | 2019-10-05 00:06:53 INFO  RaftServerImpl:181 - cd26d480-f1e8-484f-8743-fc94abb949d2@group-F70C61CC8D3A: start as a follower, conf=-1: [cd26d480-f1e8-484f-8743-fc94abb949d2:172.18.0.3:9858, 90dac289-2f3b-4308-9272-2ea881f2c467:172.18.0.6:9858, 68c79f85-2a78-448f-92f4-ed3ee3499639:172.18.0.2:9858], old=null
datanode_1  | 2019-10-05 00:06:57 INFO  LeaderElection:178 - 90dac289-2f3b-4308-9272-2ea881f2c467@group-6F0E50487FB7-LeaderElection1: begin an election at term 1 for -1: [90dac289-2f3b-4308-9272-2ea881f2c467:172.18.0.6:9858], old=null
datanode_2  | 2019-10-05 00:06:58 INFO  FollowerState:108 - 68c79f85-2a78-448f-92f4-ed3ee3499639@group-76EEEBB22159-FollowerState: change to CANDIDATE, lastRpcTime:5025ms, electionTimeout:5025ms
rm_1        | 2019-10-05 00:06:43 INFO  Server:1314 - IPC Server Responder: starting
kdc_1       | Authenticating as principal admin/admin with keytab /tmp/admin.keytab.
datanode_3  | 2019-10-05 00:06:53 INFO  RaftServerImpl:170 - cd26d480-f1e8-484f-8743-fc94abb949d2@group-F70C61CC8D3A: changes role from      null to FOLLOWER at term 0 for startAsFollower
datanode_1  | 2019-10-05 00:06:57 INFO  RoleInfo:134 - 90dac289-2f3b-4308-9272-2ea881f2c467: shutdown LeaderElection
datanode_2  | 2019-10-05 00:06:58 INFO  RoleInfo:121 - 68c79f85-2a78-448f-92f4-ed3ee3499639: shutdown FollowerState
rm_1        | 2019-10-05 00:06:43 INFO  Server:1153 - IPC Server listener on 8033: starting
kdc_1       | WARNING: no policy specified for dn/s3g@EXAMPLE.COM; defaulting to no policy
datanode_3  | 2019-10-05 00:06:53 INFO  RoleInfo:143 - cd26d480-f1e8-484f-8743-fc94abb949d2: start FollowerState
datanode_1  | 2019-10-05 00:06:57 INFO  RaftServerImpl:170 - 90dac289-2f3b-4308-9272-2ea881f2c467@group-6F0E50487FB7: changes role from CANDIDATE to LEADER at term 1 for changeToLeader
datanode_2  | 2019-10-05 00:06:58 INFO  RaftServerImpl:170 - 68c79f85-2a78-448f-92f4-ed3ee3499639@group-76EEEBB22159: changes role from  FOLLOWER to CANDIDATE at term 0 for changeToCandidate
rm_1        | 2019-10-05 00:06:43 INFO  ResourceManager:1292 - Transitioning to active state
kdc_1       | Principal "dn/s3g@EXAMPLE.COM" created.
datanode_3  | 2019-10-05 00:06:53 INFO  JmxRegister:44 - Successfully registered JMX Bean with object name Ratis:service=RaftServer,group=group-F70C61CC8D3A,id=cd26d480-f1e8-484f-8743-fc94abb949d2
datanode_1  | 2019-10-05 00:06:57 INFO  RaftServerImpl:255 - 90dac289-2f3b-4308-9272-2ea881f2c467@group-6F0E50487FB7: change Leader from null to 90dac289-2f3b-4308-9272-2ea881f2c467 at term 1 for becomeLeader, leader elected after 5139ms
rm_1        | 2019-10-05 00:06:43 INFO  RMStateStore:550 - Updating AMRMToken
datanode_2  | 2019-10-05 00:06:58 INFO  RoleInfo:143 - 68c79f85-2a78-448f-92f4-ed3ee3499639: start LeaderElection
kdc_1       | Authenticating as principal admin/admin with keytab /tmp/admin.keytab.
datanode_3  | 2019-10-05 00:06:57 INFO  FollowerState:108 - cd26d480-f1e8-484f-8743-fc94abb949d2@group-5CD8E34E53AB-FollowerState: change to CANDIDATE, lastRpcTime:5149ms, electionTimeout:5148ms
datanode_1  | 2019-10-05 00:06:57 INFO  RaftServerConfigKeys:43 - raft.server.staging.catchup.gap = 1000 (default)
rm_1        | 2019-10-05 00:06:43 INFO  RMContainerTokenSecretManager:109 - Rolling master-key for container-tokens
datanode_2  | 2019-10-05 00:06:58 INFO  LeaderElection:178 - 68c79f85-2a78-448f-92f4-ed3ee3499639@group-76EEEBB22159-LeaderElection1: begin an election at term 1 for -1: [68c79f85-2a78-448f-92f4-ed3ee3499639:172.18.0.2:9858], old=null
kdc_1       | Entry for principal dn/s3g@EXAMPLE.COM with kvno 2, encryption type aes256-cts-hmac-sha1-96 added to keytab WRFILE:/data/dn.s3g.keytab.
datanode_3  | 2019-10-05 00:06:57 INFO  RoleInfo:121 - cd26d480-f1e8-484f-8743-fc94abb949d2: shutdown FollowerState
datanode_1  | 2019-10-05 00:06:57 INFO  RaftServerConfigKeys:43 - raft.server.rpc.sleep.time = 25ms (default)
rm_1        | 2019-10-05 00:06:43 INFO  NMTokenSecretManagerInRM:95 - Rolling master-key for nm-tokens
datanode_2  | 2019-10-05 00:06:58 INFO  RoleInfo:134 - 68c79f85-2a78-448f-92f4-ed3ee3499639: shutdown LeaderElection
kdc_1       | Entry for principal dn/s3g@EXAMPLE.COM with kvno 2, encryption type aes128-cts-hmac-sha1-96 added to keytab WRFILE:/data/dn.s3g.keytab.
datanode_3  | 2019-10-05 00:06:57 INFO  RaftServerImpl:170 - cd26d480-f1e8-484f-8743-fc94abb949d2@group-5CD8E34E53AB: changes role from  FOLLOWER to CANDIDATE at term 0 for changeToCandidate
datanode_1  | 2019-10-05 00:06:57 INFO  RaftServerConfigKeys:43 - raft.server.write.element-limit = 4096 (default)
rm_1        | 2019-10-05 00:06:43 INFO  AbstractDelegationTokenSecretManager:343 - Updating the current master key for generating delegation tokens
datanode_2  | 2019-10-05 00:06:58 INFO  RaftServerImpl:170 - 68c79f85-2a78-448f-92f4-ed3ee3499639@group-76EEEBB22159: changes role from CANDIDATE to LEADER at term 1 for changeToLeader
datanode_3  | 2019-10-05 00:06:57 INFO  RoleInfo:143 - cd26d480-f1e8-484f-8743-fc94abb949d2: start LeaderElection
datanode_1  | 2019-10-05 00:06:57 INFO  RaftServerConfigKeys:43 - raft.server.watch.timeout = 10s (default)
kdc_1       | Generiting keytab
rm_1        | 2019-10-05 00:06:43 INFO  RMDelegationTokenSecretManager:92 - storing master key with keyID 1
datanode_2  | 2019-10-05 00:06:58 INFO  RaftServerImpl:255 - 68c79f85-2a78-448f-92f4-ed3ee3499639@group-76EEEBB22159: change Leader from null to 68c79f85-2a78-448f-92f4-ed3ee3499639 at term 1 for becomeLeader, leader elected after 5169ms
datanode_3  | 2019-10-05 00:06:57 INFO  LeaderElection:178 - cd26d480-f1e8-484f-8743-fc94abb949d2@group-5CD8E34E53AB-LeaderElection1: begin an election at term 1 for -1: [cd26d480-f1e8-484f-8743-fc94abb949d2:172.18.0.3:9858], old=null
datanode_1  | 2019-10-05 00:06:57 INFO  RaftServerConfigKeys:43 - raft.server.watch.timeout.denomination = 1s (default)
kdc_1       | Authenticating as principal admin/admin with keytab /tmp/admin.keytab.
rm_1        | 2019-10-05 00:06:43 INFO  RMStateStore:501 - Storing RMDTMasterKey.
datanode_2  | 2019-10-05 00:06:58 INFO  RaftServerConfigKeys:43 - raft.server.staging.catchup.gap = 1000 (default)
datanode_3  | 2019-10-05 00:06:57 INFO  RoleInfo:134 - cd26d480-f1e8-484f-8743-fc94abb949d2: shutdown LeaderElection
datanode_1  | 2019-10-05 00:06:57 INFO  RaftServerConfigKeys:43 - raft.server.watch.element-limit = 65536 (default)
kdc_1       | WARNING: no policy specified for dn/a5b801c56953@EXAMPLE.COM; defaulting to no policy
rm_1        | 2019-10-05 00:06:43 INFO  AbstractDelegationTokenSecretManager:675 - Starting expired delegation token remover thread, tokenRemoverScanInterval=60 min(s)
datanode_2  | 2019-10-05 00:06:58 INFO  RaftServerConfigKeys:43 - raft.server.rpc.sleep.time = 25ms (default)
datanode_3  | 2019-10-05 00:06:57 INFO  RaftServerImpl:170 - cd26d480-f1e8-484f-8743-fc94abb949d2@group-5CD8E34E53AB: changes role from CANDIDATE to LEADER at term 1 for changeToLeader
datanode_1  | 2019-10-05 00:06:57 INFO  RoleInfo:143 - 90dac289-2f3b-4308-9272-2ea881f2c467: start LeaderState
kdc_1       | Principal "dn/a5b801c56953@EXAMPLE.COM" created.
rm_1        | 2019-10-05 00:06:43 INFO  AbstractDelegationTokenSecretManager:343 - Updating the current master key for generating delegation tokens
datanode_2  | 2019-10-05 00:06:58 INFO  RaftServerConfigKeys:43 - raft.server.write.element-limit = 4096 (default)
datanode_3  | 2019-10-05 00:06:57 INFO  RaftServerImpl:255 - cd26d480-f1e8-484f-8743-fc94abb949d2@group-5CD8E34E53AB: change Leader from null to cd26d480-f1e8-484f-8743-fc94abb949d2 at term 1 for becomeLeader, leader elected after 5328ms
datanode_1  | 2019-10-05 00:06:57 INFO  SegmentedRaftLogWorker:385 - 90dac289-2f3b-4308-9272-2ea881f2c467@group-6F0E50487FB7-SegmentedRaftLogWorker: Starting segment from index:0
kdc_1       | Authenticating as principal admin/admin with keytab /tmp/admin.keytab.
rm_1        | 2019-10-05 00:06:43 INFO  RMDelegationTokenSecretManager:92 - storing master key with keyID 2
datanode_2  | 2019-10-05 00:06:58 INFO  RaftServerConfigKeys:43 - raft.server.watch.timeout = 10s (default)
datanode_3  | 2019-10-05 00:06:57 INFO  RaftServerConfigKeys:43 - raft.server.staging.catchup.gap = 1000 (default)
datanode_1  | 2019-10-05 00:06:58 INFO  RaftServerImpl:356 - 90dac289-2f3b-4308-9272-2ea881f2c467@group-6F0E50487FB7: set configuration 0: [90dac289-2f3b-4308-9272-2ea881f2c467:172.18.0.6:9858], old=null at 0
kdc_1       | Entry for principal dn/a5b801c56953@EXAMPLE.COM with kvno 2, encryption type aes256-cts-hmac-sha1-96 added to keytab WRFILE:/data/dn.a5b801c56953.keytab.
rm_1        | 2019-10-05 00:06:43 INFO  RMStateStore:501 - Storing RMDTMasterKey.
datanode_2  | 2019-10-05 00:06:58 INFO  RaftServerConfigKeys:43 - raft.server.watch.timeout.denomination = 1s (default)
datanode_3  | 2019-10-05 00:06:57 INFO  RaftServerConfigKeys:43 - raft.server.rpc.sleep.time = 25ms (default)
datanode_1  | 2019-10-05 00:06:58 INFO  SegmentedRaftLogWorker:574 - 90dac289-2f3b-4308-9272-2ea881f2c467@group-6F0E50487FB7-SegmentedRaftLogWorker: created new log segment /data/metadata/ratis/d6190ee8-2978-41f3-9a7e-6f0e50487fb7/current/log_inprogress_0
kdc_1       | Entry for principal dn/a5b801c56953@EXAMPLE.COM with kvno 2, encryption type aes128-cts-hmac-sha1-96 added to keytab WRFILE:/data/dn.a5b801c56953.keytab.
rm_1        | 2019-10-05 00:06:43 INFO  AsyncDispatcher:223 - Registering class org.apache.hadoop.yarn.nodelabels.event.NodeLabelsStoreEventType for class org.apache.hadoop.yarn.nodelabels.CommonNodeLabelsManager$ForwardingEventHandler
datanode_2  | 2019-10-05 00:06:58 INFO  RaftServerConfigKeys:43 - raft.server.watch.element-limit = 65536 (default)
datanode_3  | 2019-10-05 00:06:57 INFO  RaftServerConfigKeys:43 - raft.server.write.element-limit = 4096 (default)
datanode_1  | 2019-10-05 00:06:58 INFO  FollowerState:108 - 90dac289-2f3b-4308-9272-2ea881f2c467@group-F70C61CC8D3A-FollowerState: change to CANDIDATE, lastRpcTime:5009ms, electionTimeout:5009ms
kdc_1       | Generiting keytab
datanode_2  | 2019-10-05 00:06:58 INFO  RoleInfo:143 - 68c79f85-2a78-448f-92f4-ed3ee3499639: start LeaderState
rm_1        | 2019-10-05 00:06:43 INFO  AbstractFSNodeStore:67 - Created store directory :file:/tmp/hadoop-yarn-rm/node-attribute
datanode_3  | 2019-10-05 00:06:57 INFO  RaftServerConfigKeys:43 - raft.server.watch.timeout = 10s (default)
datanode_1  | 2019-10-05 00:06:58 INFO  RoleInfo:121 - 90dac289-2f3b-4308-9272-2ea881f2c467: shutdown FollowerState
kdc_1       | Authenticating as principal admin/admin with keytab /tmp/admin.keytab.
datanode_2  | 2019-10-05 00:06:58 INFO  SegmentedRaftLogWorker:385 - 68c79f85-2a78-448f-92f4-ed3ee3499639@group-76EEEBB22159-SegmentedRaftLogWorker: Starting segment from index:0
rm_1        | 2019-10-05 00:06:43 INFO  AbstractFSNodeStore:181 - Finished write mirror at:file:/tmp/hadoop-yarn-rm/node-attribute/nodeattribute.mirror
kdc_1       | WARNING: no policy specified for dn/rm@EXAMPLE.COM; defaulting to no policy
datanode_3  | 2019-10-05 00:06:57 INFO  RaftServerConfigKeys:43 - raft.server.watch.timeout.denomination = 1s (default)
rm_1        | 2019-10-05 00:06:43 INFO  AbstractFSNodeStore:182 - Finished create editlog file at:file:/tmp/hadoop-yarn-rm/node-attribute/nodeattribute.editlog
kdc_1       | Principal "dn/rm@EXAMPLE.COM" created.
datanode_3  | 2019-10-05 00:06:57 INFO  RaftServerConfigKeys:43 - raft.server.watch.element-limit = 65536 (default)
datanode_1  | 2019-10-05 00:06:58 INFO  RaftServerImpl:170 - 90dac289-2f3b-4308-9272-2ea881f2c467@group-F70C61CC8D3A: changes role from  FOLLOWER to CANDIDATE at term 0 for changeToCandidate
datanode_2  | 2019-10-05 00:06:58 INFO  RaftServerImpl:356 - 68c79f85-2a78-448f-92f4-ed3ee3499639@group-76EEEBB22159: set configuration 0: [68c79f85-2a78-448f-92f4-ed3ee3499639:172.18.0.2:9858], old=null at 0
rm_1        | 2019-10-05 00:06:43 INFO  AsyncDispatcher:223 - Registering class org.apache.hadoop.yarn.server.resourcemanager.nodelabels.NodeAttributesStoreEventType for class org.apache.hadoop.yarn.server.resourcemanager.nodelabels.NodeAttributesManagerImpl$ForwardingEventHandler
kdc_1       | Authenticating as principal admin/admin with keytab /tmp/admin.keytab.
datanode_3  | 2019-10-05 00:06:57 INFO  RoleInfo:143 - cd26d480-f1e8-484f-8743-fc94abb949d2: start LeaderState
datanode_1  | 2019-10-05 00:06:58 INFO  RoleInfo:143 - 90dac289-2f3b-4308-9272-2ea881f2c467: start LeaderElection
rm_1        | 2019-10-05 00:06:43 INFO  MultiNodeSortingManager:66 - Starting NodeSortingService=MultiNodeSortingManager
datanode_2  | 2019-10-05 00:06:58 INFO  SegmentedRaftLogWorker:574 - 68c79f85-2a78-448f-92f4-ed3ee3499639@group-76EEEBB22159-SegmentedRaftLogWorker: created new log segment /data/metadata/ratis/6c4baae8-c84f-488a-9621-76eeebb22159/current/log_inprogress_0
kdc_1       | Entry for principal dn/rm@EXAMPLE.COM with kvno 2, encryption type aes256-cts-hmac-sha1-96 added to keytab WRFILE:/data/dn.rm.keytab.
datanode_3  | 2019-10-05 00:06:57 INFO  SegmentedRaftLogWorker:385 - cd26d480-f1e8-484f-8743-fc94abb949d2@group-5CD8E34E53AB-SegmentedRaftLogWorker: Starting segment from index:0
rm_1        | 2019-10-05 00:06:43 INFO  CallQueueManager:84 - Using callQueue: class java.util.concurrent.LinkedBlockingQueue, queueCapacity: 5000, scheduler: class org.apache.hadoop.ipc.DefaultRpcScheduler, ipcBackoff: false.
kdc_1       | Entry for principal dn/rm@EXAMPLE.COM with kvno 2, encryption type aes128-cts-hmac-sha1-96 added to keytab WRFILE:/data/dn.rm.keytab.
datanode_1  | 2019-10-05 00:06:58 INFO  LeaderElection:178 - 90dac289-2f3b-4308-9272-2ea881f2c467@group-F70C61CC8D3A-LeaderElection2: begin an election at term 1 for -1: [cd26d480-f1e8-484f-8743-fc94abb949d2:172.18.0.3:9858, 90dac289-2f3b-4308-9272-2ea881f2c467:172.18.0.6:9858, 68c79f85-2a78-448f-92f4-ed3ee3499639:172.18.0.2:9858], old=null
datanode_3  | 2019-10-05 00:06:57 INFO  RaftServerImpl:356 - cd26d480-f1e8-484f-8743-fc94abb949d2@group-5CD8E34E53AB: set configuration 0: [cd26d480-f1e8-484f-8743-fc94abb949d2:172.18.0.3:9858], old=null at 0
rm_1        | 2019-10-05 00:06:43 INFO  Server:1074 - Starting Socket Reader #1 for port 8031
kdc_1       | Generiting keytab
datanode_2  | 2019-10-05 00:06:58 INFO  RaftServerImpl:170 - 68c79f85-2a78-448f-92f4-ed3ee3499639@group-F70C61CC8D3A: changes role from  FOLLOWER to FOLLOWER at term 1 for recognizeCandidate:90dac289-2f3b-4308-9272-2ea881f2c467
datanode_1  | 2019-10-05 00:06:58 INFO  LeaderElection:56 - 90dac289-2f3b-4308-9272-2ea881f2c467@group-F70C61CC8D3A-LeaderElection2: Election PASSED; received 2 response(s) [90dac289-2f3b-4308-9272-2ea881f2c467<-cd26d480-f1e8-484f-8743-fc94abb949d2#0:FAIL-t1, 90dac289-2f3b-4308-9272-2ea881f2c467<-68c79f85-2a78-448f-92f4-ed3ee3499639#0:OK-t1] and 0 exception(s); 90dac289-2f3b-4308-9272-2ea881f2c467@group-F70C61CC8D3A:t1, leader=null, voted=90dac289-2f3b-4308-9272-2ea881f2c467, raftlog=90dac289-2f3b-4308-9272-2ea881f2c467@group-F70C61CC8D3A-SegmentedRaftLog:OPENED:c-1,f-1,i0, conf=-1: [cd26d480-f1e8-484f-8743-fc94abb949d2:172.18.0.3:9858, 90dac289-2f3b-4308-9272-2ea881f2c467:172.18.0.6:9858, 68c79f85-2a78-448f-92f4-ed3ee3499639:172.18.0.2:9858], old=null
rm_1        | 2019-10-05 00:06:43 INFO  RpcServerFactoryPBImpl:173 - Adding protocol org.apache.hadoop.yarn.server.api.ResourceTrackerPB to the server
kdc_1       | Authenticating as principal admin/admin with keytab /tmp/admin.keytab.
datanode_3  | 2019-10-05 00:06:57 INFO  SegmentedRaftLogWorker:574 - cd26d480-f1e8-484f-8743-fc94abb949d2@group-5CD8E34E53AB-SegmentedRaftLogWorker: created new log segment /data/metadata/ratis/b5c92b69-4b4b-42e0-98ab-5cd8e34e53ab/current/log_inprogress_0
datanode_2  | 2019-10-05 00:06:58 INFO  RoleInfo:121 - 68c79f85-2a78-448f-92f4-ed3ee3499639: shutdown FollowerState
rm_1        | 2019-10-05 00:06:43 INFO  Server:1314 - IPC Server Responder: starting
datanode_1  | 2019-10-05 00:06:58 INFO  RoleInfo:134 - 90dac289-2f3b-4308-9272-2ea881f2c467: shutdown LeaderElection
kdc_1       | WARNING: no policy specified for om/nm@EXAMPLE.COM; defaulting to no policy
datanode_2  | 2019-10-05 00:06:58 INFO  RoleInfo:143 - 68c79f85-2a78-448f-92f4-ed3ee3499639: start FollowerState
rm_1        | 2019-10-05 00:06:43 INFO  Server:1153 - IPC Server listener on 8031: starting
datanode_3  | 2019-10-05 00:06:58 INFO  FollowerState:108 - cd26d480-f1e8-484f-8743-fc94abb949d2@group-F70C61CC8D3A-FollowerState: change to CANDIDATE, lastRpcTime:5066ms, electionTimeout:5066ms
datanode_1  | 2019-10-05 00:06:58 INFO  RaftServerImpl:170 - 90dac289-2f3b-4308-9272-2ea881f2c467@group-F70C61CC8D3A: changes role from CANDIDATE to LEADER at term 1 for changeToLeader
kdc_1       | Principal "om/nm@EXAMPLE.COM" created.
datanode_2  | 2019-10-05 00:06:58 INFO  FollowerState:117 - 68c79f85-2a78-448f-92f4-ed3ee3499639@group-F70C61CC8D3A-FollowerState was interrupted: java.lang.InterruptedException: sleep interrupted
rm_1        | 2019-10-05 00:06:44 INFO  JvmPauseMonitor:188 - Starting JVM pause monitor
datanode_3  | 2019-10-05 00:06:58 INFO  RoleInfo:121 - cd26d480-f1e8-484f-8743-fc94abb949d2: shutdown FollowerState
datanode_1  | 2019-10-05 00:06:58 INFO  RaftServerImpl:255 - 90dac289-2f3b-4308-9272-2ea881f2c467@group-F70C61CC8D3A: change Leader from null to 90dac289-2f3b-4308-9272-2ea881f2c467 at term 1 for becomeLeader, leader elected after 5232ms
kdc_1       | Authenticating as principal admin/admin with keytab /tmp/admin.keytab.
datanode_2  | 2019-10-05 00:06:58 INFO  RaftServerImpl:255 - 68c79f85-2a78-448f-92f4-ed3ee3499639@group-F70C61CC8D3A: change Leader from null to 90dac289-2f3b-4308-9272-2ea881f2c467 at term 1 for appendEntries, leader elected after 5256ms
rm_1        | 2019-10-05 00:06:44 INFO  CallQueueManager:84 - Using callQueue: class java.util.concurrent.LinkedBlockingQueue, queueCapacity: 5000, scheduler: class org.apache.hadoop.ipc.DefaultRpcScheduler, ipcBackoff: false.
datanode_3  | 2019-10-05 00:06:58 INFO  RaftServerImpl:170 - cd26d480-f1e8-484f-8743-fc94abb949d2@group-F70C61CC8D3A: changes role from  FOLLOWER to CANDIDATE at term 0 for changeToCandidate
datanode_1  | 2019-10-05 00:06:58 INFO  RaftServerConfigKeys:43 - raft.server.staging.catchup.gap = 1000 (default)
kdc_1       | Entry for principal om/nm@EXAMPLE.COM with kvno 2, encryption type aes256-cts-hmac-sha1-96 added to keytab WRFILE:/data/om.nm.keytab.
rm_1        | 2019-10-05 00:06:44 INFO  Server:1074 - Starting Socket Reader #1 for port 8030
datanode_2  | 2019-10-05 00:06:58 INFO  RaftServerImpl:356 - 68c79f85-2a78-448f-92f4-ed3ee3499639@group-F70C61CC8D3A: set configuration 0: [cd26d480-f1e8-484f-8743-fc94abb949d2:172.18.0.3:9858, 90dac289-2f3b-4308-9272-2ea881f2c467:172.18.0.6:9858, 68c79f85-2a78-448f-92f4-ed3ee3499639:172.18.0.2:9858], old=null at 0
datanode_3  | 2019-10-05 00:06:58 INFO  RoleInfo:143 - cd26d480-f1e8-484f-8743-fc94abb949d2: start LeaderElection
datanode_1  | 2019-10-05 00:06:58 INFO  RaftServerConfigKeys:43 - raft.server.rpc.sleep.time = 25ms (default)
kdc_1       | Entry for principal om/nm@EXAMPLE.COM with kvno 2, encryption type aes128-cts-hmac-sha1-96 added to keytab WRFILE:/data/om.nm.keytab.
rm_1        | 2019-10-05 00:06:44 INFO  RpcServerFactoryPBImpl:173 - Adding protocol org.apache.hadoop.yarn.api.ApplicationMasterProtocolPB to the server
datanode_2  | 2019-10-05 00:06:58 INFO  SegmentedRaftLogWorker:385 - 68c79f85-2a78-448f-92f4-ed3ee3499639@group-F70C61CC8D3A-SegmentedRaftLogWorker: Starting segment from index:0
datanode_1  | 2019-10-05 00:06:58 INFO  RaftServerConfigKeys:43 - raft.server.write.element-limit = 4096 (default)
datanode_3  | 2019-10-05 00:06:58 INFO  LeaderElection:178 - cd26d480-f1e8-484f-8743-fc94abb949d2@group-F70C61CC8D3A-LeaderElection2: begin an election at term 1 for -1: [cd26d480-f1e8-484f-8743-fc94abb949d2:172.18.0.3:9858, 90dac289-2f3b-4308-9272-2ea881f2c467:172.18.0.6:9858, 68c79f85-2a78-448f-92f4-ed3ee3499639:172.18.0.2:9858], old=null
kdc_1       | Generiting keytab
rm_1        | 2019-10-05 00:06:44 INFO  Server:1314 - IPC Server Responder: starting
datanode_2  | 2019-10-05 00:06:58 INFO  SegmentedRaftLogWorker:574 - 68c79f85-2a78-448f-92f4-ed3ee3499639@group-F70C61CC8D3A-SegmentedRaftLogWorker: created new log segment /data/metadata/ratis/7f8b75c0-441a-4efd-837d-f70c61cc8d3a/current/log_inprogress_0
datanode_1  | 2019-10-05 00:06:58 INFO  RaftServerConfigKeys:43 - raft.server.watch.timeout = 10s (default)
datanode_3  | 2019-10-05 00:06:58 INFO  RaftServerImpl:170 - cd26d480-f1e8-484f-8743-fc94abb949d2@group-F70C61CC8D3A: changes role from CANDIDATE to FOLLOWER at term 1 for appendEntries
kdc_1       | Authenticating as principal admin/admin with keytab /tmp/admin.keytab.
rm_1        | 2019-10-05 00:06:44 INFO  Server:1153 - IPC Server listener on 8030: starting
datanode_1  | 2019-10-05 00:06:58 INFO  RaftServerConfigKeys:43 - raft.server.watch.timeout.denomination = 1s (default)
datanode_3  | 2019-10-05 00:06:58 INFO  RoleInfo:134 - cd26d480-f1e8-484f-8743-fc94abb949d2: shutdown LeaderElection
kdc_1       | WARNING: no policy specified for testuser/1d76b485953e@EXAMPLE.COM; defaulting to no policy
rm_1        | 2019-10-05 00:06:44 INFO  CallQueueManager:84 - Using callQueue: class java.util.concurrent.LinkedBlockingQueue, queueCapacity: 5000, scheduler: class org.apache.hadoop.ipc.DefaultRpcScheduler, ipcBackoff: false.
datanode_1  | 2019-10-05 00:06:58 INFO  RaftServerConfigKeys:43 - raft.server.watch.element-limit = 65536 (default)
datanode_3  | 2019-10-05 00:06:58 INFO  RoleInfo:143 - cd26d480-f1e8-484f-8743-fc94abb949d2: start FollowerState
kdc_1       | Principal "testuser/1d76b485953e@EXAMPLE.COM" created.
datanode_3  | 2019-10-05 00:06:58 INFO  RaftServerImpl:255 - cd26d480-f1e8-484f-8743-fc94abb949d2@group-F70C61CC8D3A: change Leader from null to 90dac289-2f3b-4308-9272-2ea881f2c467 at term 1 for appendEntries, leader elected after 5287ms
datanode_1  | 2019-10-05 00:06:58 INFO  RaftServerConfigKeys:43 - raft.server.log.appender.snapshot.chunk.size.max = 16MB (=16777216) (default)
rm_1        | 2019-10-05 00:06:44 INFO  Server:1074 - Starting Socket Reader #1 for port 8032
kdc_1       | Authenticating as principal admin/admin with keytab /tmp/admin.keytab.
datanode_3  | 2019-10-05 00:06:58 INFO  LeaderElection:56 - cd26d480-f1e8-484f-8743-fc94abb949d2@group-F70C61CC8D3A-LeaderElection2: Election REJECTED; received 1 response(s) [cd26d480-f1e8-484f-8743-fc94abb949d2<-68c79f85-2a78-448f-92f4-ed3ee3499639#0:FAIL-t1] and 0 exception(s); cd26d480-f1e8-484f-8743-fc94abb949d2@group-F70C61CC8D3A:t1, leader=90dac289-2f3b-4308-9272-2ea881f2c467, voted=cd26d480-f1e8-484f-8743-fc94abb949d2, raftlog=cd26d480-f1e8-484f-8743-fc94abb949d2@group-F70C61CC8D3A-SegmentedRaftLog:OPENED:c-1,f-1,i0, conf=-1: [cd26d480-f1e8-484f-8743-fc94abb949d2:172.18.0.3:9858, 90dac289-2f3b-4308-9272-2ea881f2c467:172.18.0.6:9858, 68c79f85-2a78-448f-92f4-ed3ee3499639:172.18.0.2:9858], old=null
datanode_1  | 2019-10-05 00:06:58 INFO  RaftServerConfigKeys:43 - raft.server.log.appender.buffer.byte-limit = 33554432 (custom)
rm_1        | 2019-10-05 00:06:44 INFO  RpcServerFactoryPBImpl:173 - Adding protocol org.apache.hadoop.yarn.api.ApplicationClientProtocolPB to the server
kdc_1       | Entry for principal testuser/1d76b485953e@EXAMPLE.COM with kvno 2, encryption type aes256-cts-hmac-sha1-96 added to keytab WRFILE:/data/testuser.1d76b485953e.keytab.
datanode_3  | 2019-10-05 00:06:58 INFO  RaftServerImpl:356 - cd26d480-f1e8-484f-8743-fc94abb949d2@group-F70C61CC8D3A: set configuration 0: [cd26d480-f1e8-484f-8743-fc94abb949d2:172.18.0.3:9858, 90dac289-2f3b-4308-9272-2ea881f2c467:172.18.0.6:9858, 68c79f85-2a78-448f-92f4-ed3ee3499639:172.18.0.2:9858], old=null at 0
datanode_1  | 2019-10-05 00:06:58 INFO  RaftServerConfigKeys:43 - raft.server.log.appender.buffer.element-limit = 1 (custom)
kdc_1       | Entry for principal testuser/1d76b485953e@EXAMPLE.COM with kvno 2, encryption type aes128-cts-hmac-sha1-96 added to keytab WRFILE:/data/testuser.1d76b485953e.keytab.
rm_1        | 2019-10-05 00:06:44 INFO  Server:1314 - IPC Server Responder: starting
datanode_3  | 2019-10-05 00:06:58 INFO  SegmentedRaftLogWorker:385 - cd26d480-f1e8-484f-8743-fc94abb949d2@group-F70C61CC8D3A-SegmentedRaftLogWorker: Starting segment from index:0
datanode_1  | 2019-10-05 00:06:58 INFO  GrpcConfigKeys$Server:43 - raft.grpc.server.leader.outstanding.appends.max = 128 (default)
rm_1        | 2019-10-05 00:06:44 INFO  Server:1153 - IPC Server listener on 8032: starting
kdc_1       | Generiting keytab
datanode_3  | 2019-10-05 00:06:58 INFO  SegmentedRaftLogWorker:574 - cd26d480-f1e8-484f-8743-fc94abb949d2@group-F70C61CC8D3A-SegmentedRaftLogWorker: created new log segment /data/metadata/ratis/7f8b75c0-441a-4efd-837d-f70c61cc8d3a/current/log_inprogress_0
datanode_1  | 2019-10-05 00:06:58 INFO  RaftServerConfigKeys:43 - raft.server.rpc.request.timeout = 3000ms (default)
rm_1        | 2019-10-05 00:06:44 INFO  ResourceManager:1308 - Transitioned to active state
kdc_1       | Authenticating as principal admin/admin with keytab /tmp/admin.keytab.
datanode_3  | 2019-10-05 00:07:19 INFO  DNCertificateClient:278 - Getting certificate with certSerialId:9756170885664657.
datanode_1  | 2019-10-05 00:06:58 INFO  RaftServerConfigKeys:43 - raft.server.log.appender.install.snapshot.enabled = false (custom)
rm_1        | 2019-10-05 00:06:44 INFO  Server:1849 - Auth successful for nm/nm@EXAMPLE.COM (auth:KERBEROS)
kdc_1       | WARNING: no policy specified for scm/04a57cc411a1@EXAMPLE.COM; defaulting to no policy
datanode_3  | 2019-10-05 00:07:20 WARN  GrpcClientProtocolService:134 - 0-OrderedRequestStreamObserver0: onError: org.apache.ratis.thirdparty.io.grpc.StatusRuntimeException: CANCELLED: cancelled before receiving half close
datanode_1  | 2019-10-05 00:06:58 INFO  RaftServerConfigKeys:43 - raft.server.log.appender.snapshot.chunk.size.max = 16MB (=16777216) (default)
rm_1        | 2019-10-05 00:06:44 INFO  ResourceTrackerService:497 - NodeManager from node nm(cmPort: 35427 httpPort: 8042) registered with capability: <memory:8192, vCores:8>, assigned nodeId nm:35427
kdc_1       | Principal "scm/04a57cc411a1@EXAMPLE.COM" created.
datanode_1  | 2019-10-05 00:06:58 INFO  RaftServerConfigKeys:43 - raft.server.log.appender.buffer.byte-limit = 33554432 (custom)
rm_1        | 2019-10-05 00:06:44 INFO  RMNodeImpl:674 - nm:35427 Node Transitioned from NEW to RUNNING
datanode_1  | 2019-10-05 00:06:58 INFO  RaftServerConfigKeys:43 - raft.server.log.appender.buffer.element-limit = 1 (custom)
rm_1        | 2019-10-05 00:06:44 INFO  CapacityScheduler:2004 - Added node nm:35427 clusterResource: <memory:8192, vCores:8>
rm_1        | 2019-10-05 00:07:36 INFO  Server:1849 - Auth successful for hadoop/rm@EXAMPLE.COM (auth:KERBEROS)
