kdc_1       | Oct 16 20:53:28 kdc krb5kdc[10](info): AS_REQ (8 etypes {18 17 20 19 16 23 25 26}) 127.0.0.1: ISSUE: authtime 1571259208, etypes {rep=18 tkt=18 ses=18}, admin/admin@EXAMPLE.COM for kadmin/admin@EXAMPLE.COM
datanode_3  | 
datanode_1  | 2019-10-16 20:53:29 (13.3 MB/s) - '/etc/security/keytabs/HTTP.keytab' saved [162/162]
jhs         | ---- ----------------- --------------------------------------------------------
rm_1        | --2019-10-16 20:53:38--  http://kdc:8081/keytab/rm/testuser
om_1        | Connecting to kdc (kdc)|172.18.0.4|:8081... connected.
scm_1       | Connecting to kdc (kdc)|172.18.0.4|:8081... connected.
kms_1       | KVNO Timestamp         Principal
s3g_1       | KVNO Timestamp         Principal
datanode_2  | Keytab name: FILE:/etc/security/keytabs/HTTP.keytab
nm_1        | 
kdc_1       | Oct 16 20:53:28 kdc krb5kdc[10](info): AS_REQ (8 etypes {18 17 20 19 16 23 25 26}) 127.0.0.1: SERVER_NOT_FOUND: admin/admin@EXAMPLE.COM for kadmin/localhost@EXAMPLE.COM, Server not found in Kerberos database
datanode_3  | 2019-10-16 20:53:32 (12.0 MB/s) - '/etc/security/keytabs/HTTP.keytab' saved [162/162]
datanode_1  | 
jhs         |    2 10/16/19 20:53:39 HTTP/jhs@EXAMPLE.COM
rm_1        | Resolving kdc (kdc)... 172.18.0.4
om_1        | HTTP request sent, awaiting response... 200 OK
scm_1       | HTTP request sent, awaiting response... 200 OK
kms_1       | ---- ----------------- --------------------------------------------------------
s3g_1       | ---- ----------------- --------------------------------------------------------
datanode_2  | KVNO Timestamp         Principal
nm_1        | Keytab name: FILE:/etc/security/keytabs/testuser.keytab
kdc_1       | Oct 16 20:53:28 kdc krb5kdc[10](info): AS_REQ (8 etypes {18 17 20 19 16 23 25 26}) 127.0.0.1: ISSUE: authtime 1571259208, etypes {rep=18 tkt=18 ses=18}, admin/admin@EXAMPLE.COM for kadmin/admin@EXAMPLE.COM
datanode_3  | 
datanode_1  | Keytab name: FILE:/etc/security/keytabs/HTTP.keytab
jhs         |    2 10/16/19 20:53:39 HTTP/jhs@EXAMPLE.COM
rm_1        | Connecting to kdc (kdc)|172.18.0.4|:8081... connected.
om_1        | Length: 150 [application/octet-stream]
scm_1       | Length: 152 [application/octet-stream]
s3g_1       |    2 10/16/19 20:53:38 HTTP/s3g@EXAMPLE.COM
kms_1       |    2 10/16/19 20:53:34 HTTP/617ee5b3700a@EXAMPLE.COM
datanode_2  | ---- ----------------- --------------------------------------------------------
nm_1        | KVNO Timestamp         Principal
kdc_1       | Oct 16 20:53:28 kdc krb5kdc[10](info): AS_REQ (8 etypes {18 17 20 19 16 23 25 26}) 127.0.0.1: SERVER_NOT_FOUND: admin/admin@EXAMPLE.COM for kadmin/localhost@EXAMPLE.COM, Server not found in Kerberos database
datanode_3  | Keytab name: FILE:/etc/security/keytabs/HTTP.keytab
datanode_1  | KVNO Timestamp         Principal
jhs         | Download testuser/jhs@EXAMPLE.COM keytab file to /etc/security/keytabs/testuser.keytab
rm_1        | HTTP request sent, awaiting response... 200 OK
om_1        | Saving to: '/etc/security/keytabs/testuser.keytab'
scm_1       | Saving to: '/etc/security/keytabs/testuser.keytab'
s3g_1       |    2 10/16/19 20:53:38 HTTP/s3g@EXAMPLE.COM
kms_1       |    2 10/16/19 20:53:34 HTTP/617ee5b3700a@EXAMPLE.COM
datanode_2  |    2 10/16/19 20:53:34 HTTP/c81e28548e61@EXAMPLE.COM
nm_1        | ---- ----------------- --------------------------------------------------------
kdc_1       | Oct 16 20:53:28 kdc krb5kdc[10](info): AS_REQ (8 etypes {18 17 20 19 16 23 25 26}) 127.0.0.1: ISSUE: authtime 1571259208, etypes {rep=18 tkt=18 ses=18}, admin/admin@EXAMPLE.COM for kadmin/admin@EXAMPLE.COM
datanode_3  | KVNO Timestamp         Principal
datanode_1  | ---- ----------------- --------------------------------------------------------
jhs         | --2019-10-16 20:53:39--  http://kdc:8081/keytab/jhs/testuser
rm_1        | Length: 150 [application/octet-stream]
om_1        | 
scm_1       | 
s3g_1       | Download testuser/s3g@EXAMPLE.COM keytab file to /etc/security/keytabs/testuser.keytab
kms_1       | Download testuser/617ee5b3700a@EXAMPLE.COM keytab file to /etc/security/keytabs/testuser.keytab
datanode_2  |    2 10/16/19 20:53:34 HTTP/c81e28548e61@EXAMPLE.COM
nm_1        |    2 10/16/19 20:53:40 testuser/nm@EXAMPLE.COM
datanode_3  | ---- ----------------- --------------------------------------------------------
kdc_1       | Oct 16 20:53:28 kdc krb5kdc[10](info): AS_REQ (8 etypes {18 17 20 19 16 23 25 26}) 127.0.0.1: SERVER_NOT_FOUND: admin/admin@EXAMPLE.COM for kadmin/localhost@EXAMPLE.COM, Server not found in Kerberos database
datanode_1  |    2 10/16/19 20:53:28 HTTP/43e89f2035c5@EXAMPLE.COM
jhs         | Resolving kdc (kdc)... 172.18.0.4
rm_1        | Saving to: '/etc/security/keytabs/testuser.keytab'
scm_1       |      0K                                                       100% 11.6M=0s
om_1        |      0K                                                       100% 20.5M=0s
s3g_1       | --2019-10-16 20:53:38--  http://kdc:8081/keytab/s3g/testuser
kms_1       | --2019-10-16 20:53:34--  http://kdc:8081/keytab/617ee5b3700a/testuser
datanode_2  | Download testuser/c81e28548e61@EXAMPLE.COM keytab file to /etc/security/keytabs/testuser.keytab
nm_1        |    2 10/16/19 20:53:40 testuser/nm@EXAMPLE.COM
datanode_3  |    2 10/16/19 20:53:32 HTTP/63ed670bb66e@EXAMPLE.COM
datanode_1  |    2 10/16/19 20:53:29 HTTP/43e89f2035c5@EXAMPLE.COM
jhs         | Connecting to kdc (kdc)|172.18.0.4|:8081... connected.
kdc_1       | Oct 16 20:53:28 kdc krb5kdc[10](info): AS_REQ (8 etypes {18 17 20 19 16 23 25 26}) 127.0.0.1: ISSUE: authtime 1571259208, etypes {rep=18 tkt=18 ses=18}, admin/admin@EXAMPLE.COM for kadmin/admin@EXAMPLE.COM
rm_1        | 
scm_1       | 
om_1        | 
s3g_1       | Resolving kdc (kdc)... 172.18.0.4
kms_1       | Resolving kdc (kdc)... 172.18.0.4
datanode_2  | --2019-10-16 20:53:34--  http://kdc:8081/keytab/c81e28548e61/testuser
nm_1        | Download s3g/nm@EXAMPLE.COM keytab file to /etc/security/keytabs/s3g.keytab
datanode_1  | Download testuser/43e89f2035c5@EXAMPLE.COM keytab file to /etc/security/keytabs/testuser.keytab
jhs         | HTTP request sent, awaiting response... 200 OK
datanode_3  |    2 10/16/19 20:53:32 HTTP/63ed670bb66e@EXAMPLE.COM
rm_1        |      0K                                                       100% 12.3M=0s
scm_1       | 2019-10-16 20:53:39 (11.6 MB/s) - '/etc/security/keytabs/testuser.keytab' saved [152/152]
om_1        | 2019-10-16 20:53:40 (20.5 MB/s) - '/etc/security/keytabs/testuser.keytab' saved [150/150]
kdc_1       | Oct 16 20:53:28 kdc krb5kdc[10](info): AS_REQ (8 etypes {18 17 20 19 16 23 25 26}) 127.0.0.1: SERVER_NOT_FOUND: admin/admin@EXAMPLE.COM for kadmin/localhost@EXAMPLE.COM, Server not found in Kerberos database
s3g_1       | Connecting to kdc (kdc)|172.18.0.4|:8081... connected.
kms_1       | Connecting to kdc (kdc)|172.18.0.4|:8081... connected.
datanode_2  | Resolving kdc (kdc)... 172.18.0.4
nm_1        | --2019-10-16 20:53:40--  http://kdc:8081/keytab/nm/s3g
datanode_1  | --2019-10-16 20:53:29--  http://kdc:8081/keytab/43e89f2035c5/testuser
jhs         | Length: 152 [application/octet-stream]
datanode_3  | Download testuser/63ed670bb66e@EXAMPLE.COM keytab file to /etc/security/keytabs/testuser.keytab
rm_1        | 
scm_1       | 
om_1        | 
kdc_1       | Oct 16 20:53:28 kdc krb5kdc[10](info): AS_REQ (8 etypes {18 17 20 19 16 23 25 26}) 127.0.0.1: ISSUE: authtime 1571259208, etypes {rep=18 tkt=18 ses=18}, admin/admin@EXAMPLE.COM for kadmin/admin@EXAMPLE.COM
s3g_1       | HTTP request sent, awaiting response... 200 OK
kms_1       | HTTP request sent, awaiting response... 200 OK
datanode_2  | Connecting to kdc (kdc)|172.18.0.4|:8081... connected.
nm_1        | Resolving kdc (kdc)... 172.18.0.4
datanode_1  | Resolving kdc (kdc)... 172.18.0.4
jhs         | Saving to: '/etc/security/keytabs/testuser.keytab'
datanode_3  | --2019-10-16 20:53:32--  http://kdc:8081/keytab/63ed670bb66e/testuser
rm_1        | 2019-10-16 20:53:40 (12.3 MB/s) - '/etc/security/keytabs/testuser.keytab' saved [150/150]
om_1        | Keytab name: FILE:/etc/security/keytabs/testuser.keytab
scm_1       | Keytab name: FILE:/etc/security/keytabs/testuser.keytab
kdc_1       | Oct 16 20:53:28 kdc krb5kdc[10](info): AS_REQ (8 etypes {18 17 20 19 16 23 25 26}) 127.0.0.1: SERVER_NOT_FOUND: admin/admin@EXAMPLE.COM for kadmin/localhost@EXAMPLE.COM, Server not found in Kerberos database
s3g_1       | Length: 152 [application/octet-stream]
kms_1       | Length: 170 [application/octet-stream]
datanode_2  | HTTP request sent, awaiting response... 200 OK
nm_1        | Connecting to kdc (kdc)|172.18.0.4|:8081... connected.
datanode_1  | Connecting to kdc (kdc)|172.18.0.4|:8081... connected.
jhs         | 
datanode_3  | Resolving kdc (kdc)... 172.18.0.4
rm_1        | 
om_1        | KVNO Timestamp         Principal
scm_1       | KVNO Timestamp         Principal
kdc_1       | Oct 16 20:53:28 kdc krb5kdc[10](info): AS_REQ (8 etypes {18 17 20 19 16 23 25 26}) 127.0.0.1: ISSUE: authtime 1571259208, etypes {rep=18 tkt=18 ses=18}, admin/admin@EXAMPLE.COM for kadmin/admin@EXAMPLE.COM
s3g_1       | Saving to: '/etc/security/keytabs/testuser.keytab'
kms_1       | Saving to: '/etc/security/keytabs/testuser.keytab'
nm_1        | HTTP request sent, awaiting response... 200 OK
datanode_2  | Length: 170 [application/octet-stream]
datanode_1  | HTTP request sent, awaiting response... 200 OK
jhs         |      0K                                                       100% 11.0M=0s
datanode_3  | Connecting to kdc (kdc)|172.18.0.4|:8081... connected.
rm_1        | Keytab name: FILE:/etc/security/keytabs/testuser.keytab
om_1        | ---- ----------------- --------------------------------------------------------
scm_1       | ---- ----------------- --------------------------------------------------------
kdc_1       | Oct 16 20:53:28 kdc krb5kdc[10](info): AS_REQ (8 etypes {18 17 20 19 16 23 25 26}) 127.0.0.1: SERVER_NOT_FOUND: admin/admin@EXAMPLE.COM for kadmin/localhost@EXAMPLE.COM, Server not found in Kerberos database
s3g_1       | 
kms_1       | 
nm_1        | Length: 140 [application/octet-stream]
datanode_2  | Saving to: '/etc/security/keytabs/testuser.keytab'
datanode_1  | Length: 170 [application/octet-stream]
jhs         | 
datanode_3  | HTTP request sent, awaiting response... 200 OK
rm_1        | KVNO Timestamp         Principal
om_1        |    2 10/16/19 20:53:40 testuser/om@EXAMPLE.COM
scm_1       |    2 10/16/19 20:53:39 testuser/scm@EXAMPLE.COM
kdc_1       | Oct 16 20:53:28 kdc krb5kdc[10](info): AS_REQ (8 etypes {18 17 20 19 16 23 25 26}) 127.0.0.1: ISSUE: authtime 1571259208, etypes {rep=18 tkt=18 ses=18}, admin/admin@EXAMPLE.COM for kadmin/admin@EXAMPLE.COM
s3g_1       |      0K                                                       100% 10.9M=0s
kms_1       |      0K                                                       100% 13.5M=0s
nm_1        | Saving to: '/etc/security/keytabs/s3g.keytab'
datanode_2  | 
datanode_1  | Saving to: '/etc/security/keytabs/testuser.keytab'
jhs         | 2019-10-16 20:53:41 (11.0 MB/s) - '/etc/security/keytabs/testuser.keytab' saved [152/152]
rm_1        | ---- ----------------- --------------------------------------------------------
datanode_3  | Length: 170 [application/octet-stream]
om_1        |    2 10/16/19 20:53:40 testuser/om@EXAMPLE.COM
scm_1       |    2 10/16/19 20:53:39 testuser/scm@EXAMPLE.COM
kdc_1       | Oct 16 20:53:28 kdc krb5kdc[10](info): AS_REQ (8 etypes {18 17 20 19 16 23 25 26}) 127.0.0.1: SERVER_NOT_FOUND: admin/admin@EXAMPLE.COM for kadmin/localhost@EXAMPLE.COM, Server not found in Kerberos database
s3g_1       | 
kms_1       | 
nm_1        | 
datanode_2  |      0K                                                       100% 23.5M=0s
datanode_1  | 
jhs         | 
rm_1        |    2 10/16/19 20:53:40 testuser/rm@EXAMPLE.COM
datanode_3  | Saving to: '/etc/security/keytabs/testuser.keytab'
om_1        | Download s3g/om@EXAMPLE.COM keytab file to /etc/security/keytabs/s3g.keytab
scm_1       | Download s3g/scm@EXAMPLE.COM keytab file to /etc/security/keytabs/s3g.keytab
kdc_1       | Oct 16 20:53:28 kdc krb5kdc[10](info): AS_REQ (8 etypes {18 17 20 19 16 23 25 26}) 127.0.0.1: ISSUE: authtime 1571259208, etypes {rep=18 tkt=18 ses=18}, admin/admin@EXAMPLE.COM for kadmin/admin@EXAMPLE.COM
kms_1       | 2019-10-16 20:53:37 (13.5 MB/s) - '/etc/security/keytabs/testuser.keytab' saved [170/170]
s3g_1       | 2019-10-16 20:53:40 (10.9 MB/s) - '/etc/security/keytabs/testuser.keytab' saved [152/152]
nm_1        |      0K                                                       100% 11.1M=0s
datanode_2  | 
datanode_1  |      0K                                                       100% 15.1M=0s
jhs         | Keytab name: FILE:/etc/security/keytabs/testuser.keytab
rm_1        |    2 10/16/19 20:53:40 testuser/rm@EXAMPLE.COM
datanode_3  | 
om_1        | --2019-10-16 20:53:40--  http://kdc:8081/keytab/om/s3g
scm_1       | --2019-10-16 20:53:39--  http://kdc:8081/keytab/scm/s3g
kdc_1       | Oct 16 20:53:29 kdc krb5kdc[10](info): AS_REQ (8 etypes {18 17 20 19 16 23 25 26}) 127.0.0.1: SERVER_NOT_FOUND: admin/admin@EXAMPLE.COM for kadmin/localhost@EXAMPLE.COM, Server not found in Kerberos database
kms_1       | 
s3g_1       | 
nm_1        | 
datanode_2  | 2019-10-16 20:53:37 (23.5 MB/s) - '/etc/security/keytabs/testuser.keytab' saved [170/170]
datanode_1  | 
jhs         | KVNO Timestamp         Principal
rm_1        | Download s3g/rm@EXAMPLE.COM keytab file to /etc/security/keytabs/s3g.keytab
datanode_3  |      0K                                                       100% 12.7M=0s
om_1        | Resolving kdc (kdc)... 172.18.0.4
scm_1       | Resolving kdc (kdc)... 172.18.0.4
kdc_1       | Oct 16 20:53:29 kdc krb5kdc[10](info): AS_REQ (8 etypes {18 17 20 19 16 23 25 26}) 127.0.0.1: ISSUE: authtime 1571259209, etypes {rep=18 tkt=18 ses=18}, admin/admin@EXAMPLE.COM for kadmin/admin@EXAMPLE.COM
kms_1       | Keytab name: FILE:/etc/security/keytabs/testuser.keytab
s3g_1       | Keytab name: FILE:/etc/security/keytabs/testuser.keytab
nm_1        | 2019-10-16 20:53:43 (11.1 MB/s) - '/etc/security/keytabs/s3g.keytab' saved [140/140]
datanode_2  | 
datanode_1  | 2019-10-16 20:53:29 (15.1 MB/s) - '/etc/security/keytabs/testuser.keytab' saved [170/170]
jhs         | ---- ----------------- --------------------------------------------------------
rm_1        | --2019-10-16 20:53:40--  http://kdc:8081/keytab/rm/s3g
datanode_3  | 
om_1        | Connecting to kdc (kdc)|172.18.0.4|:8081... connected.
scm_1       | Connecting to kdc (kdc)|172.18.0.4|:8081... connected.
kdc_1       | Oct 16 20:53:28 kdc kadmind[16](Notice): Request: kadm5_init, admin/admin@EXAMPLE.COM, success, client=admin/admin@EXAMPLE.COM, service=kadmin/admin@EXAMPLE.COM, addr=127.0.0.1, vers=4, flavor=6
kms_1       | KVNO Timestamp         Principal
s3g_1       | KVNO Timestamp         Principal
nm_1        | 
datanode_2  | Keytab name: FILE:/etc/security/keytabs/testuser.keytab
datanode_1  | 
jhs         |    2 10/16/19 20:53:41 testuser/jhs@EXAMPLE.COM
rm_1        | Resolving kdc (kdc)... 172.18.0.4
datanode_3  | 2019-10-16 20:53:34 (12.7 MB/s) - '/etc/security/keytabs/testuser.keytab' saved [170/170]
om_1        | HTTP request sent, awaiting response... 200 OK
scm_1       | HTTP request sent, awaiting response... 200 OK
kdc_1       | Oct 16 20:53:28 kdc kadmind[16](Notice): Request: kadm5_get_policy, default, Policy does not exist, client=admin/admin@EXAMPLE.COM, service=kadmin/admin@EXAMPLE.COM, addr=127.0.0.1
kms_1       | ---- ----------------- --------------------------------------------------------
s3g_1       | ---- ----------------- --------------------------------------------------------
nm_1        | Keytab name: FILE:/etc/security/keytabs/s3g.keytab
datanode_2  | KVNO Timestamp         Principal
datanode_1  | Keytab name: FILE:/etc/security/keytabs/testuser.keytab
jhs         |    2 10/16/19 20:53:41 testuser/jhs@EXAMPLE.COM
rm_1        | Connecting to kdc (kdc)|172.18.0.4|:8081... connected.
datanode_3  | 
om_1        | Length: 140 [application/octet-stream]
kdc_1       | Oct 16 20:53:28 kdc kadmind[16](Notice): Request: kadm5_create_principal, test/test@EXAMPLE.COM, success, client=admin/admin@EXAMPLE.COM, service=kadmin/admin@EXAMPLE.COM, addr=127.0.0.1
kms_1       |    2 10/16/19 20:53:37 testuser/617ee5b3700a@EXAMPLE.COM
s3g_1       |    2 10/16/19 20:53:40 testuser/s3g@EXAMPLE.COM
nm_1        | KVNO Timestamp         Principal
scm_1       | Length: 142 [application/octet-stream]
datanode_2  | ---- ----------------- --------------------------------------------------------
datanode_1  | KVNO Timestamp         Principal
jhs         | Download s3g/jhs@EXAMPLE.COM keytab file to /etc/security/keytabs/s3g.keytab
rm_1        | HTTP request sent, awaiting response... 200 OK
datanode_3  | Keytab name: FILE:/etc/security/keytabs/testuser.keytab
om_1        | Saving to: '/etc/security/keytabs/s3g.keytab'
kdc_1       | Oct 16 20:53:28 kdc kadmind[16](info): closing down fd 18
kms_1       |    2 10/16/19 20:53:37 testuser/617ee5b3700a@EXAMPLE.COM
s3g_1       |    2 10/16/19 20:53:40 testuser/s3g@EXAMPLE.COM
nm_1        | ---- ----------------- --------------------------------------------------------
scm_1       | Saving to: '/etc/security/keytabs/s3g.keytab'
datanode_2  |    2 10/16/19 20:53:37 testuser/c81e28548e61@EXAMPLE.COM
datanode_1  | ---- ----------------- --------------------------------------------------------
jhs         | --2019-10-16 20:53:41--  http://kdc:8081/keytab/jhs/s3g
rm_1        | Length: 140 [application/octet-stream]
datanode_3  | KVNO Timestamp         Principal
om_1        | 
kdc_1       | Oct 16 20:53:28 kdc kadmind[16](Notice): Request: kadm5_init, admin/admin@EXAMPLE.COM, success, client=admin/admin@EXAMPLE.COM, service=kadmin/admin@EXAMPLE.COM, addr=127.0.0.1, vers=4, flavor=6
kms_1       | Download s3g/617ee5b3700a@EXAMPLE.COM keytab file to /etc/security/keytabs/s3g.keytab
s3g_1       | Download s3g/s3g@EXAMPLE.COM keytab file to /etc/security/keytabs/s3g.keytab
nm_1        |    2 10/16/19 20:53:43 s3g/nm@EXAMPLE.COM
scm_1       | 
datanode_2  |    2 10/16/19 20:53:37 testuser/c81e28548e61@EXAMPLE.COM
datanode_1  |    2 10/16/19 20:53:29 testuser/43e89f2035c5@EXAMPLE.COM
jhs         | Resolving kdc (kdc)... 172.18.0.4
rm_1        | Saving to: '/etc/security/keytabs/s3g.keytab'
datanode_3  | ---- ----------------- --------------------------------------------------------
om_1        |      0K                                                       100% 12.7M=0s
kdc_1       | Oct 16 20:53:28 kdc kadmind[16](Notice): Request: kadm5_randkey_principal, test/test@EXAMPLE.COM, success, client=admin/admin@EXAMPLE.COM, service=kadmin/admin@EXAMPLE.COM, addr=127.0.0.1
kms_1       | --2019-10-16 20:53:37--  http://kdc:8081/keytab/617ee5b3700a/s3g
s3g_1       | --2019-10-16 20:53:40--  http://kdc:8081/keytab/s3g/s3g
nm_1        |    2 10/16/19 20:53:43 s3g/nm@EXAMPLE.COM
scm_1       |      0K                                                       100% 10.6M=0s
datanode_2  | Download s3g/c81e28548e61@EXAMPLE.COM keytab file to /etc/security/keytabs/s3g.keytab
datanode_1  |    2 10/16/19 20:53:29 testuser/43e89f2035c5@EXAMPLE.COM
jhs         | Connecting to kdc (kdc)|172.18.0.4|:8081... connected.
rm_1        | 
datanode_3  |    2 10/16/19 20:53:34 testuser/63ed670bb66e@EXAMPLE.COM
om_1        | 
kdc_1       | Oct 16 20:53:28 kdc kadmind[16](Notice): Request: kadm5_get_principal, test/test@EXAMPLE.COM, success, client=admin/admin@EXAMPLE.COM, service=kadmin/admin@EXAMPLE.COM, addr=127.0.0.1
kms_1       | Resolving kdc (kdc)... 172.18.0.4
s3g_1       | Resolving kdc (kdc)... 172.18.0.4
nm_1        | Download rm/nm@EXAMPLE.COM keytab file to /etc/security/keytabs/rm.keytab
scm_1       | 
datanode_2  | --2019-10-16 20:53:37--  http://kdc:8081/keytab/c81e28548e61/s3g
datanode_1  | Download s3g/43e89f2035c5@EXAMPLE.COM keytab file to /etc/security/keytabs/s3g.keytab
jhs         | HTTP request sent, awaiting response... 200 OK
rm_1        |      0K                                                       100% 13.5M=0s
datanode_3  |    2 10/16/19 20:53:34 testuser/63ed670bb66e@EXAMPLE.COM
om_1        | 2019-10-16 20:53:42 (12.7 MB/s) - '/etc/security/keytabs/s3g.keytab' saved [140/140]
kdc_1       | Oct 16 20:53:28 kdc kadmind[16](info): closing down fd 18
kms_1       | Connecting to kdc (kdc)|172.18.0.4|:8081... connected.
s3g_1       | Connecting to kdc (kdc)|172.18.0.4|:8081... connected.
nm_1        | --2019-10-16 20:53:43--  http://kdc:8081/keytab/nm/rm
scm_1       | 2019-10-16 20:53:42 (10.6 MB/s) - '/etc/security/keytabs/s3g.keytab' saved [142/142]
datanode_2  | Resolving kdc (kdc)... 172.18.0.4
datanode_1  | --2019-10-16 20:53:29--  http://kdc:8081/keytab/43e89f2035c5/s3g
jhs         | Length: 142 [application/octet-stream]
rm_1        | 
datanode_3  | Download s3g/63ed670bb66e@EXAMPLE.COM keytab file to /etc/security/keytabs/s3g.keytab
om_1        | 
kdc_1       | Oct 16 20:53:28 kdc kadmind[16](Notice): Request: kadm5_init, admin/admin@EXAMPLE.COM, success, client=admin/admin@EXAMPLE.COM, service=kadmin/admin@EXAMPLE.COM, addr=127.0.0.1, vers=4, flavor=6
kms_1       | HTTP request sent, awaiting response... 200 OK
s3g_1       | HTTP request sent, awaiting response... 200 OK
nm_1        | Resolving kdc (kdc)... 172.18.0.4
scm_1       | 
datanode_2  | Connecting to kdc (kdc)|172.18.0.4|:8081... connected.
datanode_1  | Resolving kdc (kdc)... 172.18.0.4
jhs         | Saving to: '/etc/security/keytabs/s3g.keytab'
rm_1        | 2019-10-16 20:53:43 (13.5 MB/s) - '/etc/security/keytabs/s3g.keytab' saved [140/140]
datanode_3  | --2019-10-16 20:53:34--  http://kdc:8081/keytab/63ed670bb66e/s3g
om_1        | Keytab name: FILE:/etc/security/keytabs/s3g.keytab
kdc_1       | Oct 16 20:53:28 kdc kadmind[16](Notice): Request: kadm5_get_policy, default, Policy does not exist, client=admin/admin@EXAMPLE.COM, service=kadmin/admin@EXAMPLE.COM, addr=127.0.0.1
kms_1       | Length: 160 [application/octet-stream]
s3g_1       | Length: 142 [application/octet-stream]
nm_1        | Connecting to kdc (kdc)|172.18.0.4|:8081... connected.
scm_1       | Keytab name: FILE:/etc/security/keytabs/s3g.keytab
datanode_2  | HTTP request sent, awaiting response... 200 OK
datanode_1  | Connecting to kdc (kdc)|172.18.0.4|:8081... connected.
jhs         | 
rm_1        | 
datanode_3  | Resolving kdc (kdc)... 172.18.0.4
om_1        | KVNO Timestamp         Principal
kdc_1       | Oct 16 20:53:28 kdc kadmind[16](Notice): Request: kadm5_create_principal, dn/43e89f2035c5@EXAMPLE.COM, success, client=admin/admin@EXAMPLE.COM, service=kadmin/admin@EXAMPLE.COM, addr=127.0.0.1
kms_1       | Saving to: '/etc/security/keytabs/s3g.keytab'
s3g_1       | Saving to: '/etc/security/keytabs/s3g.keytab'
nm_1        | HTTP request sent, awaiting response... 200 OK
scm_1       | KVNO Timestamp         Principal
datanode_2  | Length: 160 [application/octet-stream]
datanode_1  | HTTP request sent, awaiting response... 200 OK
jhs         |      0K                                                       100% 10.4M=0s
rm_1        | Keytab name: FILE:/etc/security/keytabs/s3g.keytab
datanode_3  | Connecting to kdc (kdc)|172.18.0.4|:8081... connected.
om_1        | ---- ----------------- --------------------------------------------------------
kdc_1       | Oct 16 20:53:28 kdc kadmind[16](info): closing down fd 18
kms_1       | 
s3g_1       | 
nm_1        | Length: 138 [application/octet-stream]
scm_1       | ---- ----------------- --------------------------------------------------------
datanode_2  | Saving to: '/etc/security/keytabs/s3g.keytab'
datanode_1  | Length: 160 [application/octet-stream]
jhs         | 
rm_1        | KVNO Timestamp         Principal
om_1        |    2 10/16/19 20:53:42 s3g/om@EXAMPLE.COM
datanode_3  | HTTP request sent, awaiting response... 200 OK
kdc_1       | Oct 16 20:53:28 kdc kadmind[16](Notice): Request: kadm5_init, admin/admin@EXAMPLE.COM, success, client=admin/admin@EXAMPLE.COM, service=kadmin/admin@EXAMPLE.COM, addr=127.0.0.1, vers=4, flavor=6
kms_1       |      0K                                                       100% 12.7M=0s
s3g_1       |      0K                                                       100% 10.4M=0s
scm_1       |    2 10/16/19 20:53:42 s3g/scm@EXAMPLE.COM
nm_1        | Saving to: '/etc/security/keytabs/rm.keytab'
datanode_2  | 
datanode_1  | Saving to: '/etc/security/keytabs/s3g.keytab'
jhs         | 2019-10-16 20:53:44 (10.4 MB/s) - '/etc/security/keytabs/s3g.keytab' saved [142/142]
rm_1        | ---- ----------------- --------------------------------------------------------
om_1        |    2 10/16/19 20:53:42 s3g/om@EXAMPLE.COM
datanode_3  | Length: 160 [application/octet-stream]
kdc_1       | Oct 16 20:53:28 kdc kadmind[16](Notice): Request: kadm5_randkey_principal, dn/43e89f2035c5@EXAMPLE.COM, success, client=admin/admin@EXAMPLE.COM, service=kadmin/admin@EXAMPLE.COM, addr=127.0.0.1
kms_1       | 
s3g_1       | 
scm_1       |    2 10/16/19 20:53:42 s3g/scm@EXAMPLE.COM
nm_1        | 
datanode_2  |      0K                                                       100% 12.4M=0s
datanode_1  | 
jhs         | 
rm_1        |    2 10/16/19 20:53:43 s3g/rm@EXAMPLE.COM
om_1        | Download rm/om@EXAMPLE.COM keytab file to /etc/security/keytabs/rm.keytab
datanode_3  | Saving to: '/etc/security/keytabs/s3g.keytab'
kdc_1       | Oct 16 20:53:28 kdc kadmind[16](Notice): Request: kadm5_get_principal, dn/43e89f2035c5@EXAMPLE.COM, success, client=admin/admin@EXAMPLE.COM, service=kadmin/admin@EXAMPLE.COM, addr=127.0.0.1
kms_1       | 2019-10-16 20:53:39 (12.7 MB/s) - '/etc/security/keytabs/s3g.keytab' saved [160/160]
s3g_1       | 2019-10-16 20:53:43 (10.4 MB/s) - '/etc/security/keytabs/s3g.keytab' saved [142/142]
nm_1        |      0K                                                       100% 7.53M=0s
datanode_2  | 
datanode_1  |      0K                                                       100% 17.0M=0s
rm_1        |    2 10/16/19 20:53:43 s3g/rm@EXAMPLE.COM
om_1        | --2019-10-16 20:53:42--  http://kdc:8081/keytab/om/rm
datanode_3  | 
kdc_1       | Oct 16 20:53:28 kdc kadmind[16](info): closing down fd 18
s3g_1       | 
jhs         | Keytab name: FILE:/etc/security/keytabs/s3g.keytab
nm_1        | 
datanode_2  | 2019-10-16 20:53:39 (12.4 MB/s) - '/etc/security/keytabs/s3g.keytab' saved [160/160]
datanode_1  | 
rm_1        | Download rm/rm@EXAMPLE.COM keytab file to /etc/security/keytabs/rm.keytab
datanode_3  |      0K                                                       100% 15.0M=0s
scm_1       | Download rm/scm@EXAMPLE.COM keytab file to /etc/security/keytabs/rm.keytab
kms_1       | 
om_1        | Resolving kdc (kdc)... 172.18.0.4
kdc_1       | Oct 16 20:53:28 kdc kadmind[16](Notice): Request: kadm5_init, admin/admin@EXAMPLE.COM, success, client=admin/admin@EXAMPLE.COM, service=kadmin/admin@EXAMPLE.COM, addr=127.0.0.1, vers=4, flavor=6
s3g_1       | Keytab name: FILE:/etc/security/keytabs/s3g.keytab
jhs         | KVNO Timestamp         Principal
nm_1        | 2019-10-16 20:53:45 (7.53 MB/s) - '/etc/security/keytabs/rm.keytab' saved [138/138]
datanode_2  | 
datanode_1  | 2019-10-16 20:53:31 (17.0 MB/s) - '/etc/security/keytabs/s3g.keytab' saved [160/160]
rm_1        | --2019-10-16 20:53:43--  http://kdc:8081/keytab/rm/rm
datanode_3  | 
scm_1       | --2019-10-16 20:53:42--  http://kdc:8081/keytab/scm/rm
kms_1       | Keytab name: FILE:/etc/security/keytabs/s3g.keytab
om_1        | Connecting to kdc (kdc)|172.18.0.4|:8081... connected.
kdc_1       | Oct 16 20:53:28 kdc kadmind[16](Notice): Request: kadm5_get_policy, default, Policy does not exist, client=admin/admin@EXAMPLE.COM, service=kadmin/admin@EXAMPLE.COM, addr=127.0.0.1
s3g_1       | KVNO Timestamp         Principal
jhs         | ---- ----------------- --------------------------------------------------------
nm_1        | 
datanode_2  | Keytab name: FILE:/etc/security/keytabs/s3g.keytab
datanode_1  | 
rm_1        | Resolving kdc (kdc)... 172.18.0.4
datanode_3  | 2019-10-16 20:53:37 (15.0 MB/s) - '/etc/security/keytabs/s3g.keytab' saved [160/160]
scm_1       | Resolving kdc (kdc)... 172.18.0.4
om_1        | HTTP request sent, awaiting response... 200 OK
kms_1       | KVNO Timestamp         Principal
kdc_1       | Oct 16 20:53:28 kdc kadmind[16](Notice): Request: kadm5_create_principal, om/43e89f2035c5@EXAMPLE.COM, success, client=admin/admin@EXAMPLE.COM, service=kadmin/admin@EXAMPLE.COM, addr=127.0.0.1
s3g_1       | ---- ----------------- --------------------------------------------------------
jhs         |    2 10/16/19 20:53:44 s3g/jhs@EXAMPLE.COM
nm_1        | Keytab name: FILE:/etc/security/keytabs/rm.keytab
datanode_2  | KVNO Timestamp         Principal
datanode_1  | Keytab name: FILE:/etc/security/keytabs/s3g.keytab
rm_1        | Connecting to kdc (kdc)|172.18.0.4|:8081... connected.
datanode_3  | 
scm_1       | Connecting to kdc (kdc)|172.18.0.4|:8081... connected.
kms_1       | ---- ----------------- --------------------------------------------------------
om_1        | Length: 138 [application/octet-stream]
kdc_1       | Oct 16 20:53:28 kdc kadmind[16](info): closing down fd 18
s3g_1       |    2 10/16/19 20:53:43 s3g/s3g@EXAMPLE.COM
jhs         |    2 10/16/19 20:53:44 s3g/jhs@EXAMPLE.COM
nm_1        | KVNO Timestamp         Principal
datanode_2  | ---- ----------------- --------------------------------------------------------
datanode_1  | KVNO Timestamp         Principal
rm_1        | HTTP request sent, awaiting response... 200 OK
datanode_3  | Keytab name: FILE:/etc/security/keytabs/s3g.keytab
scm_1       | HTTP request sent, awaiting response... 200 OK
kms_1       |    2 10/16/19 20:53:38 s3g/617ee5b3700a@EXAMPLE.COM
om_1        | Saving to: '/etc/security/keytabs/rm.keytab'
kdc_1       | Oct 16 20:53:28 kdc kadmind[16](Notice): Request: kadm5_init, admin/admin@EXAMPLE.COM, success, client=admin/admin@EXAMPLE.COM, service=kadmin/admin@EXAMPLE.COM, addr=127.0.0.1, vers=4, flavor=6
s3g_1       |    2 10/16/19 20:53:43 s3g/s3g@EXAMPLE.COM
jhs         | Download rm/jhs@EXAMPLE.COM keytab file to /etc/security/keytabs/rm.keytab
nm_1        | ---- ----------------- --------------------------------------------------------
datanode_2  |    2 10/16/19 20:53:39 s3g/c81e28548e61@EXAMPLE.COM
datanode_1  | ---- ----------------- --------------------------------------------------------
rm_1        | Length: 138 [application/octet-stream]
datanode_3  | KVNO Timestamp         Principal
scm_1       | Length: 140 [application/octet-stream]
kms_1       |    2 10/16/19 20:53:38 s3g/617ee5b3700a@EXAMPLE.COM
om_1        | 
kdc_1       | Oct 16 20:53:28 kdc kadmind[16](Notice): Request: kadm5_randkey_principal, om/43e89f2035c5@EXAMPLE.COM, success, client=admin/admin@EXAMPLE.COM, service=kadmin/admin@EXAMPLE.COM, addr=127.0.0.1
s3g_1       | Download rm/s3g@EXAMPLE.COM keytab file to /etc/security/keytabs/rm.keytab
jhs         | --2019-10-16 20:53:44--  http://kdc:8081/keytab/jhs/rm
nm_1        |    2 10/16/19 20:53:45 rm/nm@EXAMPLE.COM
datanode_2  |    2 10/16/19 20:53:39 s3g/c81e28548e61@EXAMPLE.COM
datanode_1  |    2 10/16/19 20:53:31 s3g/43e89f2035c5@EXAMPLE.COM
rm_1        | Saving to: '/etc/security/keytabs/rm.keytab'
datanode_3  | ---- ----------------- --------------------------------------------------------
scm_1       | Saving to: '/etc/security/keytabs/rm.keytab'
kms_1       | Download rm/617ee5b3700a@EXAMPLE.COM keytab file to /etc/security/keytabs/rm.keytab
om_1        |      0K                                                       100% 10.8M=0s
kdc_1       | Oct 16 20:53:28 kdc kadmind[16](Notice): Request: kadm5_get_principal, om/43e89f2035c5@EXAMPLE.COM, success, client=admin/admin@EXAMPLE.COM, service=kadmin/admin@EXAMPLE.COM, addr=127.0.0.1
s3g_1       | --2019-10-16 20:53:43--  http://kdc:8081/keytab/s3g/rm
jhs         | Resolving kdc (kdc)... 172.18.0.4
nm_1        |    2 10/16/19 20:53:45 rm/nm@EXAMPLE.COM
datanode_2  | Download rm/c81e28548e61@EXAMPLE.COM keytab file to /etc/security/keytabs/rm.keytab
rm_1        | 
datanode_1  |    2 10/16/19 20:53:31 s3g/43e89f2035c5@EXAMPLE.COM
datanode_3  |    2 10/16/19 20:53:37 s3g/63ed670bb66e@EXAMPLE.COM
scm_1       | 
kms_1       | --2019-10-16 20:53:39--  http://kdc:8081/keytab/617ee5b3700a/rm
kdc_1       | Oct 16 20:53:28 kdc kadmind[16](info): closing down fd 18
jhs         | Connecting to kdc (kdc)|172.18.0.4|:8081... connected.
om_1        | 
s3g_1       | Resolving kdc (kdc)... 172.18.0.4
nm_1        | Download nm/nm@EXAMPLE.COM keytab file to /etc/security/keytabs/nm.keytab
datanode_2  | --2019-10-16 20:53:39--  http://kdc:8081/keytab/c81e28548e61/rm
rm_1        |      0K                                                       100% 17.5M=0s
datanode_1  | Download rm/43e89f2035c5@EXAMPLE.COM keytab file to /etc/security/keytabs/rm.keytab
datanode_3  |    2 10/16/19 20:53:37 s3g/63ed670bb66e@EXAMPLE.COM
scm_1       |      0K                                                       100% 11.6M=0s
kms_1       | Resolving kdc (kdc)... 172.18.0.4
kdc_1       | Oct 16 20:53:28 kdc kadmind[16](Notice): Request: kadm5_init, admin/admin@EXAMPLE.COM, success, client=admin/admin@EXAMPLE.COM, service=kadmin/admin@EXAMPLE.COM, addr=127.0.0.1, vers=4, flavor=6
jhs         | HTTP request sent, awaiting response... 200 OK
om_1        | 2019-10-16 20:53:45 (10.8 MB/s) - '/etc/security/keytabs/rm.keytab' saved [138/138]
s3g_1       | Connecting to kdc (kdc)|172.18.0.4|:8081... connected.
nm_1        | --2019-10-16 20:53:45--  http://kdc:8081/keytab/nm/nm
datanode_2  | Resolving kdc (kdc)... 172.18.0.4
rm_1        | 
datanode_1  | --2019-10-16 20:53:31--  http://kdc:8081/keytab/43e89f2035c5/rm
scm_1       | 
datanode_3  | Download rm/63ed670bb66e@EXAMPLE.COM keytab file to /etc/security/keytabs/rm.keytab
kms_1       | Connecting to kdc (kdc)|172.18.0.4|:8081... connected.
kdc_1       | Oct 16 20:53:28 kdc kadmind[16](Notice): Request: kadm5_get_policy, default, Policy does not exist, client=admin/admin@EXAMPLE.COM, service=kadmin/admin@EXAMPLE.COM, addr=127.0.0.1
jhs         | Length: 140 [application/octet-stream]
om_1        | 
s3g_1       | HTTP request sent, awaiting response... 200 OK
nm_1        | Resolving kdc (kdc)... 172.18.0.4
datanode_2  | Connecting to kdc (kdc)|172.18.0.4|:8081... connected.
rm_1        | 2019-10-16 20:53:45 (17.5 MB/s) - '/etc/security/keytabs/rm.keytab' saved [138/138]
datanode_1  | Resolving kdc (kdc)... 172.18.0.4
scm_1       | 2019-10-16 20:53:44 (11.6 MB/s) - '/etc/security/keytabs/rm.keytab' saved [140/140]
datanode_3  | --2019-10-16 20:53:37--  http://kdc:8081/keytab/63ed670bb66e/rm
kms_1       | HTTP request sent, awaiting response... 200 OK
kdc_1       | Oct 16 20:53:28 kdc kadmind[16](Notice): Request: kadm5_create_principal, scm/43e89f2035c5@EXAMPLE.COM, success, client=admin/admin@EXAMPLE.COM, service=kadmin/admin@EXAMPLE.COM, addr=127.0.0.1
jhs         | Saving to: '/etc/security/keytabs/rm.keytab'
om_1        | Keytab name: FILE:/etc/security/keytabs/rm.keytab
s3g_1       | Length: 140 [application/octet-stream]
nm_1        | Connecting to kdc (kdc)|172.18.0.4|:8081... connected.
datanode_2  | HTTP request sent, awaiting response... 200 OK
rm_1        | 
datanode_1  | Connecting to kdc (kdc)|172.18.0.4|:8081... connected.
scm_1       | 
datanode_3  | Resolving kdc (kdc)... 172.18.0.4
kms_1       | Length: 158 [application/octet-stream]
kdc_1       | Oct 16 20:53:28 kdc kadmind[16](info): closing down fd 18
jhs         | 
om_1        | KVNO Timestamp         Principal
s3g_1       | Saving to: '/etc/security/keytabs/rm.keytab'
nm_1        | HTTP request sent, awaiting response... 200 OK
datanode_2  | Length: 158 [application/octet-stream]
rm_1        | Keytab name: FILE:/etc/security/keytabs/rm.keytab
datanode_1  | HTTP request sent, awaiting response... 200 OK
scm_1       | Keytab name: FILE:/etc/security/keytabs/rm.keytab
datanode_3  | Connecting to kdc (kdc)|172.18.0.4|:8081... connected.
kms_1       | Saving to: '/etc/security/keytabs/rm.keytab'
kdc_1       | Oct 16 20:53:28 kdc kadmind[16](Notice): Request: kadm5_init, admin/admin@EXAMPLE.COM, success, client=admin/admin@EXAMPLE.COM, service=kadmin/admin@EXAMPLE.COM, addr=127.0.0.1, vers=4, flavor=6
jhs         |      0K                                                       100% 17.9M=0s
om_1        | ---- ----------------- --------------------------------------------------------
s3g_1       | 
nm_1        | Length: 138 [application/octet-stream]
datanode_2  | Saving to: '/etc/security/keytabs/rm.keytab'
rm_1        | KVNO Timestamp         Principal
datanode_1  | Length: 158 [application/octet-stream]
scm_1       | KVNO Timestamp         Principal
datanode_3  | HTTP request sent, awaiting response... 200 OK
kms_1       | 
kdc_1       | Oct 16 20:53:28 kdc kadmind[16](Notice): Request: kadm5_randkey_principal, scm/43e89f2035c5@EXAMPLE.COM, success, client=admin/admin@EXAMPLE.COM, service=kadmin/admin@EXAMPLE.COM, addr=127.0.0.1
jhs         | 
om_1        |    2 10/16/19 20:53:45 rm/om@EXAMPLE.COM
s3g_1       |      0K                                                       100% 16.5M=0s
nm_1        | Saving to: '/etc/security/keytabs/nm.keytab'
datanode_2  | 
rm_1        | ---- ----------------- --------------------------------------------------------
datanode_1  | Saving to: '/etc/security/keytabs/rm.keytab'
scm_1       | ---- ----------------- --------------------------------------------------------
datanode_3  | Length: 158 [application/octet-stream]
kms_1       |      0K                                                       100% 13.7M=0s
jhs         | 2019-10-16 20:53:46 (17.9 MB/s) - '/etc/security/keytabs/rm.keytab' saved [140/140]
kdc_1       | Oct 16 20:53:28 kdc kadmind[16](Notice): Request: kadm5_get_principal, scm/43e89f2035c5@EXAMPLE.COM, success, client=admin/admin@EXAMPLE.COM, service=kadmin/admin@EXAMPLE.COM, addr=127.0.0.1
om_1        |    2 10/16/19 20:53:45 rm/om@EXAMPLE.COM
s3g_1       | 
nm_1        | 
datanode_2  |      0K                                                       100% 11.3M=0s
rm_1        |    2 10/16/19 20:53:45 rm/rm@EXAMPLE.COM
datanode_1  | 
scm_1       |    2 10/16/19 20:53:44 rm/scm@EXAMPLE.COM
datanode_3  | Saving to: '/etc/security/keytabs/rm.keytab'
kms_1       | 
jhs         | 
kdc_1       | Oct 16 20:53:28 kdc kadmind[16](info): closing down fd 18
om_1        | Download nm/om@EXAMPLE.COM keytab file to /etc/security/keytabs/nm.keytab
s3g_1       | 2019-10-16 20:53:45 (16.5 MB/s) - '/etc/security/keytabs/rm.keytab' saved [140/140]
nm_1        |      0K                                                       100% 12.3M=0s
datanode_2  | 
rm_1        |    2 10/16/19 20:53:45 rm/rm@EXAMPLE.COM
datanode_1  |      0K                                                       100% 12.3M=0s
scm_1       |    2 10/16/19 20:53:44 rm/scm@EXAMPLE.COM
datanode_3  | 
kms_1       | 2019-10-16 20:53:40 (13.7 MB/s) - '/etc/security/keytabs/rm.keytab' saved [158/158]
jhs         | Keytab name: FILE:/etc/security/keytabs/rm.keytab
kdc_1       | Oct 16 20:53:28 kdc kadmind[16](Notice): Request: kadm5_init, admin/admin@EXAMPLE.COM, success, client=admin/admin@EXAMPLE.COM, service=kadmin/admin@EXAMPLE.COM, addr=127.0.0.1, vers=4, flavor=6
om_1        | --2019-10-16 20:53:45--  http://kdc:8081/keytab/om/nm
s3g_1       | 
nm_1        | 
datanode_2  | 2019-10-16 20:53:41 (11.3 MB/s) - '/etc/security/keytabs/rm.keytab' saved [158/158]
rm_1        | Download nm/rm@EXAMPLE.COM keytab file to /etc/security/keytabs/nm.keytab
datanode_1  | 
scm_1       | Download nm/scm@EXAMPLE.COM keytab file to /etc/security/keytabs/nm.keytab
datanode_3  |      0K                                                       100% 11.9M=0s
kms_1       | 
jhs         | KVNO Timestamp         Principal
om_1        | Resolving kdc (kdc)... 172.18.0.4
s3g_1       | Keytab name: FILE:/etc/security/keytabs/rm.keytab
nm_1        | 2019-10-16 20:53:46 (12.3 MB/s) - '/etc/security/keytabs/nm.keytab' saved [138/138]
datanode_2  | 
rm_1        | --2019-10-16 20:53:45--  http://kdc:8081/keytab/rm/nm
kdc_1       | Oct 16 20:53:28 kdc kadmind[16](Notice): Request: kadm5_get_policy, default, Policy does not exist, client=admin/admin@EXAMPLE.COM, service=kadmin/admin@EXAMPLE.COM, addr=127.0.0.1
datanode_1  | 2019-10-16 20:53:33 (12.3 MB/s) - '/etc/security/keytabs/rm.keytab' saved [158/158]
scm_1       | --2019-10-16 20:53:44--  http://kdc:8081/keytab/scm/nm
datanode_3  | 
kms_1       | Keytab name: FILE:/etc/security/keytabs/rm.keytab
jhs         | ---- ----------------- --------------------------------------------------------
om_1        | Connecting to kdc (kdc)|172.18.0.4|:8081... connected.
s3g_1       | KVNO Timestamp         Principal
nm_1        | 
datanode_2  | Keytab name: FILE:/etc/security/keytabs/rm.keytab
rm_1        | Resolving kdc (kdc)... 172.18.0.4
datanode_1  | 
scm_1       | Resolving kdc (kdc)... 172.18.0.4
kdc_1       | Oct 16 20:53:28 kdc kadmind[16](Notice): Request: kadm5_create_principal, dn/63ed670bb66e@EXAMPLE.COM, success, client=admin/admin@EXAMPLE.COM, service=kadmin/admin@EXAMPLE.COM, addr=127.0.0.1
datanode_3  | 2019-10-16 20:53:39 (11.9 MB/s) - '/etc/security/keytabs/rm.keytab' saved [158/158]
kms_1       | KVNO Timestamp         Principal
om_1        | HTTP request sent, awaiting response... 200 OK
jhs         |    2 10/16/19 20:53:46 rm/jhs@EXAMPLE.COM
s3g_1       | ---- ----------------- --------------------------------------------------------
nm_1        | Keytab name: FILE:/etc/security/keytabs/nm.keytab
datanode_2  | KVNO Timestamp         Principal
rm_1        | Connecting to kdc (kdc)|172.18.0.4|:8081... connected.
datanode_1  | Keytab name: FILE:/etc/security/keytabs/rm.keytab
scm_1       | Connecting to kdc (kdc)|172.18.0.4|:8081... connected.
kdc_1       | Oct 16 20:53:28 kdc kadmind[16](info): closing down fd 18
datanode_3  | 
kms_1       | ---- ----------------- --------------------------------------------------------
om_1        | Length: 138 [application/octet-stream]
jhs         |    2 10/16/19 20:53:46 rm/jhs@EXAMPLE.COM
nm_1        | KVNO Timestamp         Principal
datanode_2  | ---- ----------------- --------------------------------------------------------
s3g_1       |    2 10/16/19 20:53:45 rm/s3g@EXAMPLE.COM
rm_1        | HTTP request sent, awaiting response... 200 OK
datanode_1  | KVNO Timestamp         Principal
scm_1       | HTTP request sent, awaiting response... 200 OK
kdc_1       | Oct 16 20:53:28 kdc kadmind[16](Notice): Request: kadm5_init, admin/admin@EXAMPLE.COM, success, client=admin/admin@EXAMPLE.COM, service=kadmin/admin@EXAMPLE.COM, addr=127.0.0.1, vers=4, flavor=6
datanode_3  | Keytab name: FILE:/etc/security/keytabs/rm.keytab
kms_1       |    2 10/16/19 20:53:40 rm/617ee5b3700a@EXAMPLE.COM
om_1        | Saving to: '/etc/security/keytabs/nm.keytab'
jhs         | Download nm/jhs@EXAMPLE.COM keytab file to /etc/security/keytabs/nm.keytab
datanode_2  |    2 10/16/19 20:53:41 rm/c81e28548e61@EXAMPLE.COM
nm_1        | ---- ----------------- --------------------------------------------------------
s3g_1       |    2 10/16/19 20:53:45 rm/s3g@EXAMPLE.COM
rm_1        | Length: 138 [application/octet-stream]
datanode_1  | ---- ----------------- --------------------------------------------------------
scm_1       | Length: 140 [application/octet-stream]
kdc_1       | Oct 16 20:53:28 kdc kadmind[16](Notice): Request: kadm5_randkey_principal, dn/63ed670bb66e@EXAMPLE.COM, success, client=admin/admin@EXAMPLE.COM, service=kadmin/admin@EXAMPLE.COM, addr=127.0.0.1
datanode_3  | KVNO Timestamp         Principal
kms_1       |    2 10/16/19 20:53:40 rm/617ee5b3700a@EXAMPLE.COM
om_1        | 
jhs         | --2019-10-16 20:53:46--  http://kdc:8081/keytab/jhs/nm
datanode_2  |    2 10/16/19 20:53:41 rm/c81e28548e61@EXAMPLE.COM
nm_1        |    2 10/16/19 20:53:46 nm/nm@EXAMPLE.COM
s3g_1       | Download nm/s3g@EXAMPLE.COM keytab file to /etc/security/keytabs/nm.keytab
rm_1        | Saving to: '/etc/security/keytabs/nm.keytab'
datanode_1  |    2 10/16/19 20:53:33 rm/43e89f2035c5@EXAMPLE.COM
scm_1       | Saving to: '/etc/security/keytabs/nm.keytab'
kdc_1       | Oct 16 20:53:28 kdc kadmind[16](Notice): Request: kadm5_get_principal, dn/63ed670bb66e@EXAMPLE.COM, success, client=admin/admin@EXAMPLE.COM, service=kadmin/admin@EXAMPLE.COM, addr=127.0.0.1
datanode_3  | ---- ----------------- --------------------------------------------------------
kms_1       | Download nm/617ee5b3700a@EXAMPLE.COM keytab file to /etc/security/keytabs/nm.keytab
om_1        |      0K                                                       100% 14.1M=0s
jhs         | Resolving kdc (kdc)... 172.18.0.4
datanode_2  | Download nm/c81e28548e61@EXAMPLE.COM keytab file to /etc/security/keytabs/nm.keytab
s3g_1       | --2019-10-16 20:53:45--  http://kdc:8081/keytab/s3g/nm
datanode_1  |    2 10/16/19 20:53:33 rm/43e89f2035c5@EXAMPLE.COM
kdc_1       | Oct 16 20:53:28 kdc kadmind[16](info): closing down fd 18
scm_1       | 
nm_1        |    2 10/16/19 20:53:46 nm/nm@EXAMPLE.COM
datanode_3  |    2 10/16/19 20:53:39 rm/63ed670bb66e@EXAMPLE.COM
kms_1       | --2019-10-16 20:53:40--  http://kdc:8081/keytab/617ee5b3700a/nm
om_1        | 
jhs         | Connecting to kdc (kdc)|172.18.0.4|:8081... connected.
datanode_2  | --2019-10-16 20:53:41--  http://kdc:8081/keytab/c81e28548e61/nm
s3g_1       | Resolving kdc (kdc)... 172.18.0.4
rm_1        | 
datanode_1  | Download nm/43e89f2035c5@EXAMPLE.COM keytab file to /etc/security/keytabs/nm.keytab
kdc_1       | Oct 16 20:53:28 kdc kadmind[16](Notice): Request: kadm5_init, admin/admin@EXAMPLE.COM, success, client=admin/admin@EXAMPLE.COM, service=kadmin/admin@EXAMPLE.COM, addr=127.0.0.1, vers=4, flavor=6
scm_1       |      0K                                                       100% 8.49M=0s
datanode_3  |    2 10/16/19 20:53:39 rm/63ed670bb66e@EXAMPLE.COM
om_1        | 2019-10-16 20:53:46 (14.1 MB/s) - '/etc/security/keytabs/nm.keytab' saved [138/138]
kms_1       | Resolving kdc (kdc)... 172.18.0.4
nm_1        | Download yarn/nm@EXAMPLE.COM keytab file to /etc/security/keytabs/yarn.keytab
jhs         | HTTP request sent, awaiting response... 200 OK
datanode_2  | Resolving kdc (kdc)... 172.18.0.4
s3g_1       | Connecting to kdc (kdc)|172.18.0.4|:8081... connected.
rm_1        |      0K                                                       100% 14.9M=0s
datanode_1  | --2019-10-16 20:53:33--  http://kdc:8081/keytab/43e89f2035c5/nm
kdc_1       | Oct 16 20:53:28 kdc kadmind[16](Notice): Request: kadm5_get_policy, default, Policy does not exist, client=admin/admin@EXAMPLE.COM, service=kadmin/admin@EXAMPLE.COM, addr=127.0.0.1
scm_1       | 
datanode_3  | Download nm/63ed670bb66e@EXAMPLE.COM keytab file to /etc/security/keytabs/nm.keytab
om_1        | 
kms_1       | Connecting to kdc (kdc)|172.18.0.4|:8081... connected.
nm_1        | --2019-10-16 20:53:46--  http://kdc:8081/keytab/nm/yarn
jhs         | Length: 140 [application/octet-stream]
datanode_2  | Connecting to kdc (kdc)|172.18.0.4|:8081... connected.
s3g_1       | HTTP request sent, awaiting response... 200 OK
rm_1        | 
datanode_1  | Resolving kdc (kdc)... 172.18.0.4
kdc_1       | Oct 16 20:53:28 kdc kadmind[16](Notice): Request: kadm5_create_principal, HTTP/43e89f2035c5@EXAMPLE.COM, success, client=admin/admin@EXAMPLE.COM, service=kadmin/admin@EXAMPLE.COM, addr=127.0.0.1
scm_1       | 2019-10-16 20:53:46 (8.49 MB/s) - '/etc/security/keytabs/nm.keytab' saved [140/140]
datanode_3  | --2019-10-16 20:53:39--  http://kdc:8081/keytab/63ed670bb66e/nm
om_1        | Keytab name: FILE:/etc/security/keytabs/nm.keytab
kms_1       | HTTP request sent, awaiting response... 200 OK
nm_1        | Resolving kdc (kdc)... 172.18.0.4
jhs         | Saving to: '/etc/security/keytabs/nm.keytab'
datanode_2  | HTTP request sent, awaiting response... 200 OK
s3g_1       | Length: 140 [application/octet-stream]
rm_1        | 2019-10-16 20:53:47 (14.9 MB/s) - '/etc/security/keytabs/nm.keytab' saved [138/138]
datanode_1  | Connecting to kdc (kdc)|172.18.0.4|:8081... connected.
kdc_1       | Oct 16 20:53:28 kdc kadmind[16](info): closing down fd 18
scm_1       | 
datanode_3  | Resolving kdc (kdc)... 172.18.0.4
om_1        | KVNO Timestamp         Principal
kms_1       | Length: 158 [application/octet-stream]
nm_1        | Connecting to kdc (kdc)|172.18.0.4|:8081... connected.
jhs         | 
datanode_2  | Length: 158 [application/octet-stream]
s3g_1       | Saving to: '/etc/security/keytabs/nm.keytab'
rm_1        | 
datanode_1  | HTTP request sent, awaiting response... 200 OK
kdc_1       | Oct 16 20:53:28 kdc kadmind[16](Notice): Request: kadm5_init, admin/admin@EXAMPLE.COM, success, client=admin/admin@EXAMPLE.COM, service=kadmin/admin@EXAMPLE.COM, addr=127.0.0.1, vers=4, flavor=6
datanode_3  | Connecting to kdc (kdc)|172.18.0.4|:8081... connected.
scm_1       | Keytab name: FILE:/etc/security/keytabs/nm.keytab
om_1        | ---- ----------------- --------------------------------------------------------
kms_1       | Saving to: '/etc/security/keytabs/nm.keytab'
nm_1        | HTTP request sent, awaiting response... 200 OK
jhs         |      0K                                                       100% 14.4M=0s
datanode_2  | Saving to: '/etc/security/keytabs/nm.keytab'
s3g_1       | 
rm_1        | Keytab name: FILE:/etc/security/keytabs/nm.keytab
datanode_1  | Length: 158 [application/octet-stream]
kdc_1       | Oct 16 20:53:28 kdc kadmind[16](Notice): Request: kadm5_randkey_principal, HTTP/43e89f2035c5@EXAMPLE.COM, success, client=admin/admin@EXAMPLE.COM, service=kadmin/admin@EXAMPLE.COM, addr=127.0.0.1
scm_1       | KVNO Timestamp         Principal
datanode_3  | HTTP request sent, awaiting response... 200 OK
om_1        |    2 10/16/19 20:53:46 nm/om@EXAMPLE.COM
kms_1       | 
nm_1        | Length: 142 [application/octet-stream]
jhs         | 
