scm_1         | 2019-10-17 00:58:47,023 INFO db.DBStoreBuilder: Using default column profile:DBProfile.DISK for Table:default
datanode_2    | 2019-10-17 00:58:47,894 INFO server.Server: Started @3875ms
om_1          | 2019-10-17 00:58:52,221 INFO db.DBStoreBuilder: using custom profile for table: volumeTable
datanode_1    | 2019-10-17 00:58:48,036 INFO impl.MetricsSinkAdapter: Sink prometheus started
datanode_3    | 2019-10-17 00:58:50,232 INFO impl.RaftServerProxy: 546be523-551f-4c55-a7e1-6b4b977d7b19: start RPC server
grafana_1     | t=2019-10-17T00:58:44+0000 lvl=info msg="Executing migration" logger=migrator id="create index IDX_temp_user_email - v1-7"
freon_1       | 2019-10-17 00:59:16,502 [pool-2-thread-4] INFO       - Creating Bucket: vol-7-22108/bucket-3-91586, with Versioning false and Storage Type set to DISK and Encryption set to false 
scm_1         | 2019-10-17 00:58:47,024 INFO db.DBStoreBuilder: Using default options. DBProfile.DISK
datanode_2    | 2019-10-17 00:58:47,899 INFO impl.MetricsSinkAdapter: Sink prometheus started
om_1          | 2019-10-17 00:58:52,222 INFO db.DBStoreBuilder: Using default column profile:DBProfile.DISK for Table:volumeTable
datanode_1    | 2019-10-17 00:58:48,036 INFO impl.MetricsSystemImpl: Registered sink prometheus
datanode_3    | 2019-10-17 00:58:50,364 INFO server.GrpcService: 546be523-551f-4c55-a7e1-6b4b977d7b19: GrpcService started, listening on 0.0.0.0/0.0.0.0:9858
grafana_1     | t=2019-10-17T00:58:44+0000 lvl=info msg="Executing migration" logger=migrator id="create index IDX_temp_user_org_id - v1-7"
freon_1       | 2019-10-17 00:59:16,506 [pool-2-thread-3] INFO       - Creating Bucket: vol-8-74355/bucket-3-66645, with Versioning false and Storage Type set to DISK and Encryption set to false 
scm_1         | 2019-10-17 00:58:47,486 INFO net.NodeSchemaLoader: Loading file from java.lang.CompoundEnumeration@12299890
datanode_2    | 2019-10-17 00:58:47,899 INFO impl.MetricsSystemImpl: Registered sink prometheus
om_1          | 2019-10-17 00:58:52,222 INFO db.DBStoreBuilder: using custom profile for table: bucketTable
datanode_3    | WARNING: An illegal reflective access operation has occurred
freon_1       | 2019-10-17 00:59:16,507 [pool-2-thread-8] INFO       - Creating Bucket: vol-0-64753/bucket-4-94644, with Versioning false and Storage Type set to DISK and Encryption set to false 
datanode_1    | 2019-10-17 00:58:48,038 INFO server.BaseHttpServer: HTTP server of HDDSDATANODE is listening at http://0.0.0.0:9882
grafana_1     | t=2019-10-17T00:58:44+0000 lvl=info msg="Executing migration" logger=migrator id="create index IDX_temp_user_code - v1-7"
scm_1         | 2019-10-17 00:58:47,489 INFO net.NodeSchemaLoader: Loading network topology layer schema file
datanode_2    | 2019-10-17 00:58:47,901 INFO server.BaseHttpServer: HTTP server of HDDSDATANODE is listening at http://0.0.0.0:9882
om_1          | 2019-10-17 00:58:52,222 INFO db.DBStoreBuilder: Using default column profile:DBProfile.DISK for Table:bucketTable
datanode_3    | WARNING: Illegal reflective access by org.apache.ratis.thirdparty.com.google.protobuf.UnsafeUtil (file:/opt/hadoop/share/ozone/lib/ratis-thirdparty-misc-0.2.0.jar) to field java.nio.Buffer.address
datanode_3    | WARNING: Please consider reporting this to the maintainers of org.apache.ratis.thirdparty.com.google.protobuf.UnsafeUtil
datanode_1    | 2019-10-17 00:58:48,063 INFO util.JvmPauseMonitor: Starting JVM pause monitor
grafana_1     | t=2019-10-17T00:58:45+0000 lvl=info msg="Executing migration" logger=migrator id="create index IDX_temp_user_status - v1-7"
scm_1         | 2019-10-17 00:58:47,594 INFO node.SCMNodeManager: Entering startup safe mode.
datanode_2    | 2019-10-17 00:58:47,922 INFO util.JvmPauseMonitor: Starting JVM pause monitor
om_1          | 2019-10-17 00:58:52,223 INFO db.DBStoreBuilder: using custom profile for table: keyTable
freon_1       | 2019-10-17 00:59:16,507 [pool-2-thread-10] INFO       - Creating Bucket: vol-1-25881/bucket-4-97488, with Versioning false and Storage Type set to DISK and Encryption set to false 
datanode_3    | WARNING: Use --illegal-access=warn to enable warnings of further illegal reflective access operations
datanode_1    | 2019-10-17 00:58:48,242 [Datanode State Machine Thread - 0] INFO       - DatanodeDetails is persisted to /data/datanode.id
grafana_1     | t=2019-10-17T00:58:45+0000 lvl=info msg="Executing migration" logger=migrator id="Update temp_user table charset"
scm_1         | 2019-10-17 00:58:47,725 INFO algorithms.ContainerPlacementPolicyFactory: Create container placement policy of type org.apache.hadoop.hdds.scm.container.placement.algorithms.SCMContainerPlacementRandom
datanode_2    | 2019-10-17 00:58:48,158 [Datanode State Machine Thread - 0] INFO       - DatanodeDetails is persisted to /data/datanode.id
om_1          | 2019-10-17 00:58:52,223 INFO db.DBStoreBuilder: Using default column profile:DBProfile.DISK for Table:keyTable
freon_1       | 2019-10-17 00:59:16,508 [pool-2-thread-5] INFO       - Creating Bucket: vol-9-74672/bucket-3-83569, with Versioning false and Storage Type set to DISK and Encryption set to false 
datanode_3    | WARNING: All illegal access operations will be denied in a future release
datanode_1    | 2019-10-17 00:58:50,186 [Datanode State Machine Thread - 0] INFO       - Attempting to start container services.
datanode_1    | 2019-10-17 00:58:50,189 [Datanode State Machine Thread - 0] INFO       - Background container scanner has been disabled.
scm_1         | 2019-10-17 00:58:47,741 WARN server.ServerUtils: ozone.scm.db.dirs is not configured. We recommend adding this setting. Falling back to ozone.metadata.dirs instead.
datanode_2    | 2019-10-17 00:58:50,084 [Datanode State Machine Thread - 0] INFO       - Attempting to start container services.
freon_1       | 2019-10-17 00:59:16,508 [pool-2-thread-7] INFO       - Creating Bucket: vol-2-34914/bucket-4-49001, with Versioning false and Storage Type set to DISK and Encryption set to false 
om_1          | 2019-10-17 00:58:52,223 INFO db.DBStoreBuilder: using custom profile for table: deletedTable
datanode_3    | 2019-10-17 00:58:54,151 INFO impl.RaftServerProxy: 546be523-551f-4c55-a7e1-6b4b977d7b19: addNew group-AE6CB82B4C4C:[546be523-551f-4c55-a7e1-6b4b977d7b19:172.18.0.10:9858] returns group-AE6CB82B4C4C:java.util.concurrent.CompletableFuture@3798524d[Not completed]
datanode_1    | 2019-10-17 00:58:50,189 [Datanode State Machine Thread - 0] INFO       - Starting XceiverServerRatis 9d670290-d44a-4781-a6a7-70700a43d4eb at port 9858
scm_1         | 2019-10-17 00:58:47,903 INFO pipeline.SCMPipelineManager: No pipeline exists in current db
datanode_2    | 2019-10-17 00:58:50,086 [Datanode State Machine Thread - 0] INFO       - Background container scanner has been disabled.
freon_1       | 2019-10-17 00:59:16,510 [pool-2-thread-9] INFO       - Creating Bucket: vol-3-49365/bucket-4-39620, with Versioning false and Storage Type set to DISK and Encryption set to false 
om_1          | 2019-10-17 00:58:52,223 INFO db.DBStoreBuilder: Using default column profile:DBProfile.DISK for Table:deletedTable
datanode_3    | 2019-10-17 00:58:54,198 INFO impl.RaftServerImpl: 546be523-551f-4c55-a7e1-6b4b977d7b19: new RaftServerImpl for group-AE6CB82B4C4C:[546be523-551f-4c55-a7e1-6b4b977d7b19:172.18.0.10:9858] with ContainerStateMachine:uninitialized
grafana_1     | t=2019-10-17T00:58:45+0000 lvl=info msg="Executing migration" logger=migrator id="create star table"
datanode_1    | 2019-10-17 00:58:50,207 INFO impl.RaftServerProxy: 9d670290-d44a-4781-a6a7-70700a43d4eb: start RPC server
scm_1         | 2019-10-17 00:58:47,906 WARN server.ServerUtils: ozone.scm.db.dirs is not configured. We recommend adding this setting. Falling back to ozone.metadata.dirs instead.
datanode_2    | 2019-10-17 00:58:50,092 [Datanode State Machine Thread - 0] INFO       - Starting XceiverServerRatis 2cb147fb-3ba4-4718-a8fb-5310e8981004 at port 9858
freon_1       | 2019-10-17 00:59:16,510 [pool-2-thread-6] INFO       - Creating Bucket: vol-4-46231/bucket-4-26463, with Versioning false and Storage Type set to DISK and Encryption set to false 
om_1          | 2019-10-17 00:58:52,223 INFO db.DBStoreBuilder: using custom profile for table: openKeyTable
om_1          | 2019-10-17 00:58:52,223 INFO db.DBStoreBuilder: Using default column profile:DBProfile.DISK for Table:openKeyTable
grafana_1     | t=2019-10-17T00:58:45+0000 lvl=info msg="Executing migration" logger=migrator id="add unique index star.user_id_dashboard_id"
datanode_1    | 2019-10-17 00:58:50,305 INFO server.GrpcService: 9d670290-d44a-4781-a6a7-70700a43d4eb: GrpcService started, listening on 0.0.0.0/0.0.0.0:9858
scm_1         | 2019-10-17 00:58:48,120 WARN events.EventQueue: No event handler registered for event TypedEvent{payloadType=SafeModeStatus, name='SafeModeStatus'}
freon_1       | 2019-10-17 00:59:16,514 [pool-2-thread-3] INFO       - Creating Bucket: vol-5-78159/bucket-4-92147, with Versioning false and Storage Type set to DISK and Encryption set to false 
om_1          | 2019-10-17 00:58:52,224 INFO db.DBStoreBuilder: using custom profile for table: s3Table
datanode_3    | 2019-10-17 00:58:54,200 INFO server.RaftServerConfigKeys: raft.server.rpc.timeout.min = 5s (custom)
grafana_1     | t=2019-10-17T00:58:45+0000 lvl=info msg="Executing migration" logger=migrator id="create org table v1"
datanode_1    | WARNING: An illegal reflective access operation has occurred
scm_1         | 2019-10-17 00:58:48,685 INFO ipc.CallQueueManager: Using callQueue: class java.util.concurrent.LinkedBlockingQueue, queueCapacity: 1000, scheduler: class org.apache.hadoop.ipc.DefaultRpcScheduler, ipcBackoff: false.
datanode_2    | 2019-10-17 00:58:50,110 INFO impl.RaftServerProxy: 2cb147fb-3ba4-4718-a8fb-5310e8981004: start RPC server
freon_1       | 2019-10-17 00:59:16,515 [pool-2-thread-4] INFO       - Creating Bucket: vol-6-05439/bucket-4-81651, with Versioning false and Storage Type set to DISK and Encryption set to false 
om_1          | 2019-10-17 00:58:52,224 INFO db.DBStoreBuilder: Using default column profile:DBProfile.DISK for Table:s3Table
datanode_3    | 2019-10-17 00:58:54,201 INFO server.RaftServerConfigKeys: raft.server.rpc.timeout.max = 5200ms (custom)
grafana_1     | t=2019-10-17T00:58:45+0000 lvl=info msg="Executing migration" logger=migrator id="create index UQE_org_name - v1"
datanode_1    | WARNING: Illegal reflective access by org.apache.ratis.thirdparty.com.google.protobuf.UnsafeUtil (file:/opt/hadoop/share/ozone/lib/ratis-thirdparty-misc-0.2.0.jar) to field java.nio.Buffer.address
scm_1         | 2019-10-17 00:58:48,713 INFO ipc.Server: Starting Socket Reader #1 for port 9861
datanode_2    | 2019-10-17 00:58:50,209 INFO server.GrpcService: 2cb147fb-3ba4-4718-a8fb-5310e8981004: GrpcService started, listening on 0.0.0.0/0.0.0.0:9858
freon_1       | 2019-10-17 00:59:16,517 [pool-2-thread-5] INFO       - Creating Bucket: vol-7-22108/bucket-4-58435, with Versioning false and Storage Type set to DISK and Encryption set to false 
om_1          | 2019-10-17 00:58:52,224 INFO db.DBStoreBuilder: using custom profile for table: multipartInfoTable
datanode_3    | 2019-10-17 00:58:54,201 INFO server.RaftServerConfigKeys: raft.server.rpcslowness.timeout = 120s (custom)
grafana_1     | t=2019-10-17T00:58:45+0000 lvl=info msg="Executing migration" logger=migrator id="create org_user table v1"
datanode_1    | WARNING: Please consider reporting this to the maintainers of org.apache.ratis.thirdparty.com.google.protobuf.UnsafeUtil
scm_1         | 2019-10-17 00:58:48,748 INFO ipc.CallQueueManager: Using callQueue: class java.util.concurrent.LinkedBlockingQueue, queueCapacity: 1000, scheduler: class org.apache.hadoop.ipc.DefaultRpcScheduler, ipcBackoff: false.
datanode_2    | WARNING: An illegal reflective access operation has occurred
freon_1       | 2019-10-17 00:59:16,517 [pool-2-thread-2] INFO       - Creating Bucket: vol-8-74355/bucket-4-74847, with Versioning false and Storage Type set to DISK and Encryption set to false 
om_1          | 2019-10-17 00:58:52,224 INFO db.DBStoreBuilder: Using default column profile:DBProfile.DISK for Table:multipartInfoTable
datanode_3    | 2019-10-17 00:58:54,202 INFO server.RaftServerConfigKeys: raft.server.sleep.deviation.threshold = 300 (default)
grafana_1     | t=2019-10-17T00:58:45+0000 lvl=info msg="Executing migration" logger=migrator id="create index IDX_org_user_org_id - v1"
datanode_1    | WARNING: Use --illegal-access=warn to enable warnings of further illegal reflective access operations
scm_1         | 2019-10-17 00:58:48,749 INFO ipc.Server: Starting Socket Reader #1 for port 9863
datanode_2    | WARNING: Illegal reflective access by org.apache.ratis.thirdparty.com.google.protobuf.UnsafeUtil (file:/opt/hadoop/share/ozone/lib/ratis-thirdparty-misc-0.2.0.jar) to field java.nio.Buffer.address
freon_1       | 2019-10-17 00:59:16,520 [pool-2-thread-1] INFO       - Creating Bucket: vol-9-74672/bucket-4-27120, with Versioning false and Storage Type set to DISK and Encryption set to false 
om_1          | 2019-10-17 00:58:52,225 INFO db.DBStoreBuilder: using custom profile for table: dTokenTable
datanode_3    | 2019-10-17 00:58:54,202 INFO server.RaftServerConfigKeys: raft.server.log.appender.install.snapshot.enabled = false (custom)
grafana_1     | t=2019-10-17T00:58:45+0000 lvl=info msg="Executing migration" logger=migrator id="create index UQE_org_user_org_id_user_id - v1"
datanode_1    | WARNING: All illegal access operations will be denied in a future release
scm_1         | 2019-10-17 00:58:48,761 INFO ipc.CallQueueManager: Using callQueue: class java.util.concurrent.LinkedBlockingQueue, queueCapacity: 1000, scheduler: class org.apache.hadoop.ipc.DefaultRpcScheduler, ipcBackoff: false.
datanode_2    | WARNING: Please consider reporting this to the maintainers of org.apache.ratis.thirdparty.com.google.protobuf.UnsafeUtil
freon_1       | 2019-10-17 00:59:16,523 [pool-2-thread-8] INFO       - Creating Bucket: vol-0-64753/bucket-5-55084, with Versioning false and Storage Type set to DISK and Encryption set to false 
om_1          | 2019-10-17 00:58:52,225 INFO db.DBStoreBuilder: Using default column profile:DBProfile.DISK for Table:dTokenTable
grafana_1     | t=2019-10-17T00:58:45+0000 lvl=info msg="Executing migration" logger=migrator id="Update org table charset"
datanode_3    | 2019-10-17 00:58:54,208 INFO impl.RaftServerImpl: 546be523-551f-4c55-a7e1-6b4b977d7b19@group-AE6CB82B4C4C: ConfigurationManager, init=-1: [546be523-551f-4c55-a7e1-6b4b977d7b19:172.18.0.10:9858], old=null, confs=<EMPTY_MAP>
datanode_1    | 2019-10-17 00:58:53,491 INFO impl.RaftServerProxy: 9d670290-d44a-4781-a6a7-70700a43d4eb: addNew group-C7CEF4EEDD4C:[9d670290-d44a-4781-a6a7-70700a43d4eb:172.18.0.8:9858] returns group-C7CEF4EEDD4C:java.util.concurrent.CompletableFuture@ee3810b[Not completed]
scm_1         | 2019-10-17 00:58:48,761 INFO ipc.Server: Starting Socket Reader #1 for port 9860
datanode_2    | WARNING: Use --illegal-access=warn to enable warnings of further illegal reflective access operations
freon_1       | 2019-10-17 00:59:16,523 [pool-2-thread-6] INFO       - Creating Bucket: vol-1-25881/bucket-5-77363, with Versioning false and Storage Type set to DISK and Encryption set to false 
om_1          | 2019-10-17 00:58:52,225 INFO db.DBStoreBuilder: using custom profile for table: s3SecretTable
grafana_1     | t=2019-10-17T00:58:45+0000 lvl=info msg="Executing migration" logger=migrator id="Update org_user table charset"
datanode_3    | 2019-10-17 00:58:54,208 INFO server.RaftServerConfigKeys: raft.server.storage.dir = [/data/metadata/ratis] (custom)
datanode_1    | 2019-10-17 00:58:53,513 INFO impl.RaftServerImpl: 9d670290-d44a-4781-a6a7-70700a43d4eb: new RaftServerImpl for group-C7CEF4EEDD4C:[9d670290-d44a-4781-a6a7-70700a43d4eb:172.18.0.8:9858] with ContainerStateMachine:uninitialized
scm_1         | 2019-10-17 00:58:48,791 INFO hdfs.DFSUtil: Starting Web-server for scm at: http://0.0.0.0:9876
datanode_2    | WARNING: All illegal access operations will be denied in a future release
freon_1       | 2019-10-17 00:59:16,525 [pool-2-thread-10] INFO       - Creating Bucket: vol-2-34914/bucket-5-45917, with Versioning false and Storage Type set to DISK and Encryption set to false 
om_1          | 2019-10-17 00:58:52,225 INFO db.DBStoreBuilder: Using default column profile:DBProfile.DISK for Table:s3SecretTable
grafana_1     | t=2019-10-17T00:58:45+0000 lvl=info msg="Executing migration" logger=migrator id="Migrate all Read Only Viewers to Viewers"
datanode_3    | 2019-10-17 00:58:54,212 INFO server.RaftServerConfigKeys: raft.server.log.corruption.policy = EXCEPTION (default)
datanode_1    | 2019-10-17 00:58:53,515 INFO server.RaftServerConfigKeys: raft.server.rpc.timeout.min = 5s (custom)
scm_1         | 2019-10-17 00:58:48,926 INFO server.AuthenticationFilter: Unable to initialize FileSignerSecretProvider, falling back to use random secrets.
datanode_2    | 2019-10-17 00:58:52,951 INFO impl.RaftServerProxy: 2cb147fb-3ba4-4718-a8fb-5310e8981004: addNew group-CD54BCEE40EB:[2cb147fb-3ba4-4718-a8fb-5310e8981004:172.18.0.9:9858] returns group-CD54BCEE40EB:java.util.concurrent.CompletableFuture@1c9ab5d9[Not completed]
freon_1       | 2019-10-17 00:59:16,526 [pool-2-thread-9] INFO       - Creating Bucket: vol-3-49365/bucket-5-55390, with Versioning false and Storage Type set to DISK and Encryption set to false 
om_1          | 2019-10-17 00:58:52,225 INFO db.DBStoreBuilder: using custom profile for table: prefixTable
grafana_1     | t=2019-10-17T00:58:45+0000 lvl=info msg="Executing migration" logger=migrator id="create dashboard table"
datanode_3    | 2019-10-17 00:58:54,213 INFO storage.RaftStorageDirectory: The storage directory /data/metadata/ratis/f3e46349-b2d8-412f-9aac-ae6cb82b4c4c does not exist. Creating ...
datanode_1    | 2019-10-17 00:58:53,515 INFO server.RaftServerConfigKeys: raft.server.rpc.timeout.max = 5200ms (custom)
scm_1         | 2019-10-17 00:58:48,945 INFO http.HttpRequestLog: Http request log for http.requests.scm is not defined
datanode_2    | 2019-10-17 00:58:52,970 INFO impl.RaftServerImpl: 2cb147fb-3ba4-4718-a8fb-5310e8981004: new RaftServerImpl for group-CD54BCEE40EB:[2cb147fb-3ba4-4718-a8fb-5310e8981004:172.18.0.9:9858] with ContainerStateMachine:uninitialized
freon_1       | 2019-10-17 00:59:16,526 [pool-2-thread-2] INFO       - Creating Bucket: vol-5-78159/bucket-5-98862, with Versioning false and Storage Type set to DISK and Encryption set to false 
om_1          | 2019-10-17 00:58:52,225 INFO db.DBStoreBuilder: Using default column profile:DBProfile.DISK for Table:prefixTable
om_1          | 2019-10-17 00:58:52,238 INFO db.DBStoreBuilder: using custom profile for table: default
datanode_3    | 2019-10-17 00:58:54,236 INFO storage.RaftStorageDirectory: Lock on /data/metadata/ratis/f3e46349-b2d8-412f-9aac-ae6cb82b4c4c/in_use.lock acquired by nodename 7@9b4153155881
datanode_1    | 2019-10-17 00:58:53,515 INFO server.RaftServerConfigKeys: raft.server.rpcslowness.timeout = 120s (custom)
scm_1         | 2019-10-17 00:58:48,952 INFO http.HttpServer2: Added global filter 'safety' (class=org.apache.hadoop.http.HttpServer2$QuotingInputFilter)
datanode_2    | 2019-10-17 00:58:52,971 INFO server.RaftServerConfigKeys: raft.server.rpc.timeout.min = 5s (custom)
freon_1       | 2019-10-17 00:59:16,527 [pool-2-thread-3] INFO       - Creating Bucket: vol-7-22108/bucket-5-01941, with Versioning false and Storage Type set to DISK and Encryption set to false 
om_1          | 2019-10-17 00:58:52,238 INFO db.DBStoreBuilder: Using default column profile:DBProfile.DISK for Table:default
grafana_1     | t=2019-10-17T00:58:45+0000 lvl=info msg="Executing migration" logger=migrator id="add index dashboard.account_id"
datanode_1    | 2019-10-17 00:58:53,516 INFO server.RaftServerConfigKeys: raft.server.sleep.deviation.threshold = 300 (default)
datanode_2    | 2019-10-17 00:58:52,972 INFO server.RaftServerConfigKeys: raft.server.rpc.timeout.max = 5200ms (custom)
datanode_3    | 2019-10-17 00:58:54,259 INFO storage.RaftStorage: Storage directory /data/metadata/ratis/f3e46349-b2d8-412f-9aac-ae6cb82b4c4c has been successfully formatted.
freon_1       | 2019-10-17 00:59:16,528 [pool-2-thread-1] INFO       - Creating Bucket: vol-8-74355/bucket-5-02176, with Versioning false and Storage Type set to DISK and Encryption set to false 
grafana_1     | t=2019-10-17T00:58:45+0000 lvl=info msg="Executing migration" logger=migrator id="add unique index dashboard_account_id_slug"
om_1          | 2019-10-17 00:58:52,239 INFO db.DBStoreBuilder: Using default options. DBProfile.DISK
scm_1         | 2019-10-17 00:58:48,954 INFO http.HttpServer2: Added filter static_user_filter (class=org.apache.hadoop.http.lib.StaticUserWebFilter$StaticUserFilter) to context scm
datanode_1    | 2019-10-17 00:58:53,517 INFO server.RaftServerConfigKeys: raft.server.log.appender.install.snapshot.enabled = false (custom)
datanode_2    | 2019-10-17 00:58:52,972 INFO server.RaftServerConfigKeys: raft.server.rpcslowness.timeout = 120s (custom)
datanode_3    | 2019-10-17 00:58:54,262 [pool-8-thread-1] INFO       - group-AE6CB82B4C4C: The snapshot info is null. Setting the last applied indexto:(t:0, i:~)
freon_1       | 2019-10-17 00:59:16,532 [pool-2-thread-9] INFO       - Creating Bucket: vol-9-74672/bucket-5-97433, with Versioning false and Storage Type set to DISK and Encryption set to false 
grafana_1     | t=2019-10-17T00:58:46+0000 lvl=info msg="Executing migration" logger=migrator id="create dashboard_tag table"
om_1          | 2019-10-17 00:58:53,138 INFO ipc.CallQueueManager: Using callQueue: class java.util.concurrent.LinkedBlockingQueue, queueCapacity: 2000, scheduler: class org.apache.hadoop.ipc.DefaultRpcScheduler, ipcBackoff: false.
om_1          | 2019-10-17 00:58:53,147 INFO ipc.Server: Starting Socket Reader #1 for port 9862
datanode_1    | 2019-10-17 00:58:53,551 INFO impl.RaftServerImpl: 9d670290-d44a-4781-a6a7-70700a43d4eb@group-C7CEF4EEDD4C: ConfigurationManager, init=-1: [9d670290-d44a-4781-a6a7-70700a43d4eb:172.18.0.8:9858], old=null, confs=<EMPTY_MAP>
datanode_2    | 2019-10-17 00:58:52,973 INFO server.RaftServerConfigKeys: raft.server.sleep.deviation.threshold = 300 (default)
datanode_3    | 2019-10-17 00:58:54,262 INFO server.RaftServerConfigKeys: raft.server.notification.no-leader.timeout = 120s (custom)
freon_1       | 2019-10-17 00:59:16,532 [pool-2-thread-7] INFO       - Creating Bucket: vol-6-05439/bucket-5-78276, with Versioning false and Storage Type set to DISK and Encryption set to false 
grafana_1     | t=2019-10-17T00:58:46+0000 lvl=info msg="Executing migration" logger=migrator id="add unique index dashboard_tag.dasboard_id_term"
om_1          | 2019-10-17 00:58:53,187 [main] INFO       - OzoneManager RPC server is listening at om/172.18.0.5:9862
scm_1         | 2019-10-17 00:58:48,954 INFO http.HttpServer2: Added filter static_user_filter (class=org.apache.hadoop.http.lib.StaticUserWebFilter$StaticUserFilter) to context logs
datanode_1    | 2019-10-17 00:58:53,551 INFO server.RaftServerConfigKeys: raft.server.storage.dir = [/data/metadata/ratis] (custom)
datanode_2    | 2019-10-17 00:58:52,973 INFO server.RaftServerConfigKeys: raft.server.log.appender.install.snapshot.enabled = false (custom)
datanode_3    | 2019-10-17 00:58:54,264 INFO server.RaftServerConfigKeys: raft.server.log.use.memory = false (default)
freon_1       | 2019-10-17 00:59:16,532 [pool-2-thread-4] INFO       - Creating Bucket: vol-4-46231/bucket-5-16436, with Versioning false and Storage Type set to DISK and Encryption set to false 
grafana_1     | t=2019-10-17T00:58:46+0000 lvl=info msg="Executing migration" logger=migrator id="drop index UQE_dashboard_tag_dashboard_id_term - v1"
om_1          | 2019-10-17 00:58:53,268 INFO impl.MetricsConfig: Loaded properties from hadoop-metrics2.properties
scm_1         | 2019-10-17 00:58:48,954 INFO http.HttpServer2: Added filter static_user_filter (class=org.apache.hadoop.http.lib.StaticUserWebFilter$StaticUserFilter) to context static
datanode_1    | 2019-10-17 00:58:53,557 INFO server.RaftServerConfigKeys: raft.server.log.corruption.policy = EXCEPTION (default)
datanode_2    | 2019-10-17 00:58:52,979 INFO impl.RaftServerImpl: 2cb147fb-3ba4-4718-a8fb-5310e8981004@group-CD54BCEE40EB: ConfigurationManager, init=-1: [2cb147fb-3ba4-4718-a8fb-5310e8981004:172.18.0.9:9858], old=null, confs=<EMPTY_MAP>
datanode_3    | 2019-10-17 00:58:54,268 INFO server.RaftServerConfigKeys: raft.server.log.purge.gap = 1000000 (custom)
freon_1       | 2019-10-17 00:59:16,533 [pool-2-thread-8] INFO       - Creating Bucket: vol-1-25881/bucket-6-62961, with Versioning false and Storage Type set to DISK and Encryption set to false 
grafana_1     | t=2019-10-17T00:58:46+0000 lvl=info msg="Executing migration" logger=migrator id="Rename table dashboard to dashboard_v1 - v1"
om_1          | 2019-10-17 00:58:53,313 INFO impl.MetricsSystemImpl: Scheduled Metric snapshot period at 10 second(s).
scm_1         | 2019-10-17 00:58:48,976 WARN server.BaseHttpServer: /prof java profiling servlet is activated. Not safe for production!
datanode_2    | 2019-10-17 00:58:52,980 INFO server.RaftServerConfigKeys: raft.server.storage.dir = [/data/metadata/ratis] (custom)
datanode_1    | 2019-10-17 00:58:53,559 INFO storage.RaftStorageDirectory: The storage directory /data/metadata/ratis/998018c6-7aeb-4f0f-bdd8-c7cef4eedd4c does not exist. Creating ...
datanode_3    | 2019-10-17 00:58:54,268 INFO server.RaftServerConfigKeys: raft.server.log.appender.buffer.byte-limit = 33554432 (custom)
freon_1       | 2019-10-17 00:59:16,534 [pool-2-thread-10] INFO       - Creating Bucket: vol-3-49365/bucket-6-92284, with Versioning false and Storage Type set to DISK and Encryption set to false 
grafana_1     | t=2019-10-17T00:58:46+0000 lvl=info msg="Executing migration" logger=migrator id="create dashboard v2"
om_1          | 2019-10-17 00:58:53,313 INFO impl.MetricsSystemImpl: OzoneManager metrics system started
scm_1         | 2019-10-17 00:58:48,987 INFO server.StorageContainerManager: StorageContainerLocationProtocol RPC server is listening at /0.0.0.0:9860
datanode_2    | 2019-10-17 00:58:52,984 INFO server.RaftServerConfigKeys: raft.server.log.corruption.policy = EXCEPTION (default)
datanode_1    | 2019-10-17 00:58:53,590 INFO storage.RaftStorageDirectory: Lock on /data/metadata/ratis/998018c6-7aeb-4f0f-bdd8-c7cef4eedd4c/in_use.lock acquired by nodename 7@2d895214bfbd
datanode_3    | 2019-10-17 00:58:54,270 INFO server.RaftServerConfigKeys: raft.server.log.segment.size.max = 1048576 (custom)
freon_1       | 2019-10-17 00:59:16,535 [pool-2-thread-5] INFO       - Creating Bucket: vol-0-64753/bucket-6-75328, with Versioning false and Storage Type set to DISK and Encryption set to false 
grafana_1     | t=2019-10-17T00:58:46+0000 lvl=info msg="Executing migration" logger=migrator id="create index IDX_dashboard_org_id - v2"
om_1          | 2019-10-17 00:58:53,347 INFO ipc.Server: IPC Server Responder: starting
scm_1         | 2019-10-17 00:58:49,061 INFO impl.MetricsConfig: Loaded properties from hadoop-metrics2.properties
datanode_2    | 2019-10-17 00:58:52,985 INFO storage.RaftStorageDirectory: The storage directory /data/metadata/ratis/8d9f66dc-6b57-4fc7-8804-cd54bcee40eb does not exist. Creating ...
datanode_3    | 2019-10-17 00:58:54,271 WARN impl.MetricsSystemImpl: HddsDatanode metrics system already initialized!
datanode_1    | 2019-10-17 00:58:53,615 INFO storage.RaftStorage: Storage directory /data/metadata/ratis/998018c6-7aeb-4f0f-bdd8-c7cef4eedd4c has been successfully formatted.
grafana_1     | t=2019-10-17T00:58:46+0000 lvl=info msg="Executing migration" logger=migrator id="create index UQE_dashboard_org_id_slug - v2"
freon_1       | 2019-10-17 00:59:16,533 [pool-2-thread-6] INFO       - Creating Bucket: vol-2-34914/bucket-6-31323, with Versioning false and Storage Type set to DISK and Encryption set to false 
om_1          | 2019-10-17 00:58:53,348 INFO ipc.Server: IPC Server listener on 9862: starting
scm_1         | 2019-10-17 00:58:49,097 INFO impl.MetricsSystemImpl: Scheduled Metric snapshot period at 10 second(s).
datanode_2    | 2019-10-17 00:58:53,039 INFO storage.RaftStorageDirectory: Lock on /data/metadata/ratis/8d9f66dc-6b57-4fc7-8804-cd54bcee40eb/in_use.lock acquired by nodename 7@f6b0f8d36ff2
datanode_3    | 2019-10-17 00:58:54,275 INFO metrics.MetricRegistries: Loaded MetricRegistries class org.apache.ratis.metrics.impl.MetricRegistriesImpl
grafana_1     | t=2019-10-17T00:58:46+0000 lvl=info msg="Executing migration" logger=migrator id="copy dashboard v1 to v2"
freon_1       | 2019-10-17 00:59:16,536 [pool-2-thread-2] INFO       - Creating Bucket: vol-4-46231/bucket-6-87193, with Versioning false and Storage Type set to DISK and Encryption set to false 
datanode_1    | 2019-10-17 00:58:53,619 [pool-8-thread-1] INFO       - group-C7CEF4EEDD4C: The snapshot info is null. Setting the last applied indexto:(t:0, i:~)
om_1          | 2019-10-17 00:58:53,382 INFO hdfs.DFSUtil: Starting Web-server for ozoneManager at: http://0.0.0.0:9874
scm_1         | 2019-10-17 00:58:49,097 INFO impl.MetricsSystemImpl: StorageContainerManager metrics system started
datanode_3    | 2019-10-17 00:58:54,307 INFO server.RaftServerConfigKeys: raft.server.log.segment.cache.num.max = 2 (custom)
grafana_1     | t=2019-10-17T00:58:46+0000 lvl=info msg="Executing migration" logger=migrator id="drop table dashboard_v1"
datanode_1    | 2019-10-17 00:58:53,619 INFO server.RaftServerConfigKeys: raft.server.notification.no-leader.timeout = 120s (custom)
om_1          | 2019-10-17 00:58:53,498 INFO server.AuthenticationFilter: Unable to initialize FileSignerSecretProvider, falling back to use random secrets.
freon_1       | 2019-10-17 00:59:16,541 [pool-2-thread-7] INFO       - Creating Bucket: vol-5-78159/bucket-6-04324, with Versioning false and Storage Type set to DISK and Encryption set to false 
datanode_2    | 2019-10-17 00:58:53,056 INFO storage.RaftStorage: Storage directory /data/metadata/ratis/8d9f66dc-6b57-4fc7-8804-cd54bcee40eb has been successfully formatted.
scm_1         | 2019-10-17 00:58:49,315 INFO server.SCMClientProtocolServer: RPC server for Client  is listening at /0.0.0.0:9860
datanode_3    | 2019-10-17 00:58:54,312 INFO segmented.SegmentedRaftLogWorker: new 546be523-551f-4c55-a7e1-6b4b977d7b19@group-AE6CB82B4C4C-SegmentedRaftLogWorker for RaftStorage:Storage Directory /data/metadata/ratis/f3e46349-b2d8-412f-9aac-ae6cb82b4c4c
grafana_1     | t=2019-10-17T00:58:46+0000 lvl=info msg="Executing migration" logger=migrator id="alter dashboard.data to mediumtext v1"
datanode_1    | 2019-10-17 00:58:53,621 INFO server.RaftServerConfigKeys: raft.server.log.use.memory = false (default)
om_1          | 2019-10-17 00:58:53,501 INFO http.HttpRequestLog: Http request log for http.requests.ozoneManager is not defined
freon_1       | 2019-10-17 00:59:16,541 [pool-2-thread-1] INFO       - Creating Bucket: vol-6-05439/bucket-6-16184, with Versioning false and Storage Type set to DISK and Encryption set to false 
datanode_3    | 2019-10-17 00:58:54,313 INFO server.RaftServerConfigKeys: raft.server.log.queue.byte-limit = 2147483647 (custom)
datanode_2    | 2019-10-17 00:58:53,060 [pool-8-thread-1] INFO       - group-CD54BCEE40EB: The snapshot info is null. Setting the last applied indexto:(t:0, i:~)
datanode_1    | 2019-10-17 00:58:53,626 INFO server.RaftServerConfigKeys: raft.server.log.purge.gap = 1000000 (custom)
om_1          | 2019-10-17 00:58:53,508 INFO http.HttpServer2: Added global filter 'safety' (class=org.apache.hadoop.http.HttpServer2$QuotingInputFilter)
freon_1       | 2019-10-17 00:59:16,542 [pool-2-thread-9] INFO       - Creating Bucket: vol-7-22108/bucket-6-83336, with Versioning false and Storage Type set to DISK and Encryption set to false 
scm_1         | 2019-10-17 00:58:49,315 INFO ipc.Server: IPC Server Responder: starting
datanode_2    | 2019-10-17 00:58:53,061 INFO server.RaftServerConfigKeys: raft.server.notification.no-leader.timeout = 120s (custom)
datanode_3    | 2019-10-17 00:58:54,313 INFO server.RaftServerConfigKeys: raft.server.log.queue.element-limit = 1024 (custom)
grafana_1     | t=2019-10-17T00:58:46+0000 lvl=info msg="Executing migration" logger=migrator id="Add column updated_by in dashboard - v2"
datanode_1    | 2019-10-17 00:58:53,627 INFO server.RaftServerConfigKeys: raft.server.log.appender.buffer.byte-limit = 33554432 (custom)
om_1          | 2019-10-17 00:58:53,511 INFO http.HttpServer2: Added filter static_user_filter (class=org.apache.hadoop.http.lib.StaticUserWebFilter$StaticUserFilter) to context ozoneManager
freon_1       | 2019-10-17 00:59:16,542 [pool-2-thread-3] INFO       - Creating Bucket: vol-8-74355/bucket-6-08623, with Versioning false and Storage Type set to DISK and Encryption set to false 
scm_1         | 2019-10-17 00:58:49,316 INFO ipc.Server: IPC Server listener on 9860: starting
datanode_2    | 2019-10-17 00:58:53,063 INFO server.RaftServerConfigKeys: raft.server.log.use.memory = false (default)
datanode_3    | 2019-10-17 00:58:54,314 INFO server.RaftServerConfigKeys: raft.server.log.segment.size.max = 1048576 (custom)
grafana_1     | t=2019-10-17T00:58:46+0000 lvl=info msg="Executing migration" logger=migrator id="Add column created_by in dashboard - v2"
datanode_1    | 2019-10-17 00:58:53,629 INFO server.RaftServerConfigKeys: raft.server.log.segment.size.max = 1048576 (custom)
om_1          | 2019-10-17 00:58:53,511 INFO http.HttpServer2: Added filter static_user_filter (class=org.apache.hadoop.http.lib.StaticUserWebFilter$StaticUserFilter) to context logs
freon_1       | 2019-10-17 00:59:16,543 [pool-2-thread-5] INFO       - Creating Bucket: vol-9-74672/bucket-6-25115, with Versioning false and Storage Type set to DISK and Encryption set to false 
scm_1         | 2019-10-17 00:58:49,319 INFO server.StorageContainerManager: ScmBlockLocationProtocol RPC server is listening at /0.0.0.0:9863
datanode_2    | 2019-10-17 00:58:53,067 INFO server.RaftServerConfigKeys: raft.server.log.purge.gap = 1000000 (custom)
datanode_3    | 2019-10-17 00:58:54,315 INFO server.RaftServerConfigKeys: raft.server.log.preallocated.size = 16384 (custom)
grafana_1     | t=2019-10-17T00:58:46+0000 lvl=info msg="Executing migration" logger=migrator id="Add column gnetId in dashboard"
datanode_1    | 2019-10-17 00:58:53,631 WARN impl.MetricsSystemImpl: HddsDatanode metrics system already initialized!
freon_1       | 2019-10-17 00:59:16,545 [pool-2-thread-4] INFO       - Creating Bucket: vol-0-64753/bucket-7-03653, with Versioning false and Storage Type set to DISK and Encryption set to false 
om_1          | 2019-10-17 00:58:53,511 INFO http.HttpServer2: Added filter static_user_filter (class=org.apache.hadoop.http.lib.StaticUserWebFilter$StaticUserFilter) to context static
scm_1         | 2019-10-17 00:58:49,319 INFO server.SCMBlockProtocolServer: RPC server for Block Protocol is listening at /0.0.0.0:9863
datanode_2    | 2019-10-17 00:58:53,067 INFO server.RaftServerConfigKeys: raft.server.log.appender.buffer.byte-limit = 33554432 (custom)
datanode_3    | 2019-10-17 00:58:54,315 INFO server.RaftServerConfigKeys: raft.server.log.write.buffer.size = 33554432 (custom)
grafana_1     | t=2019-10-17T00:58:46+0000 lvl=info msg="Executing migration" logger=migrator id="Add index for gnetId in dashboard"
datanode_1    | 2019-10-17 00:58:53,639 INFO metrics.MetricRegistries: Loaded MetricRegistries class org.apache.ratis.metrics.impl.MetricRegistriesImpl
freon_1       | 2019-10-17 00:59:16,545 [pool-2-thread-10] INFO       - Creating Bucket: vol-1-25881/bucket-7-95910, with Versioning false and Storage Type set to DISK and Encryption set to false 
om_1          | 2019-10-17 00:58:53,531 WARN server.BaseHttpServer: /prof java profiling servlet is activated. Not safe for production!
scm_1         | 2019-10-17 00:58:49,320 INFO ipc.Server: IPC Server Responder: starting
datanode_2    | 2019-10-17 00:58:53,069 INFO server.RaftServerConfigKeys: raft.server.log.segment.size.max = 1048576 (custom)
datanode_3    | 2019-10-17 00:58:54,315 INFO server.RaftServerConfigKeys: raft.server.log.force.sync.num = 128 (default)
grafana_1     | t=2019-10-17T00:58:46+0000 lvl=info msg="Executing migration" logger=migrator id="Add column plugin_id in dashboard"
datanode_1    | 2019-10-17 00:58:53,679 INFO server.RaftServerConfigKeys: raft.server.log.segment.cache.num.max = 2 (custom)
om_1          | 2019-10-17 00:58:53,533 INFO http.HttpServer2: Jetty bound to port 9874
scm_1         | 2019-10-17 00:58:49,320 INFO ipc.Server: IPC Server listener on 9863: starting
datanode_2    | 2019-10-17 00:58:53,072 WARN impl.MetricsSystemImpl: HddsDatanode metrics system already initialized!
freon_1       | 2019-10-17 00:59:16,546 [pool-2-thread-2] INFO       - Creating Bucket: vol-2-34914/bucket-7-00513, with Versioning false and Storage Type set to DISK and Encryption set to false 
datanode_3    | 2019-10-17 00:58:54,319 INFO server.RaftServerConfigKeys: raft.server.log.statemachine.data.sync = true (default)
grafana_1     | t=2019-10-17T00:58:46+0000 lvl=info msg="Executing migration" logger=migrator id="Add index for plugin_id in dashboard"
datanode_1    | 2019-10-17 00:58:53,684 INFO segmented.SegmentedRaftLogWorker: new 9d670290-d44a-4781-a6a7-70700a43d4eb@group-C7CEF4EEDD4C-SegmentedRaftLogWorker for RaftStorage:Storage Directory /data/metadata/ratis/998018c6-7aeb-4f0f-bdd8-c7cef4eedd4c
scm_1         | 2019-10-17 00:58:49,322 INFO server.StorageContainerManager: ScmDatanodeProtocl RPC server is listening at /0.0.0.0:9861
om_1          | 2019-10-17 00:58:53,534 INFO server.Server: jetty-9.3.25.v20180904, build timestamp: 2018-09-04T21:11:46Z, git hash: 3ce520221d0240229c862b122d2b06c12a625732
datanode_2    | 2019-10-17 00:58:53,076 INFO metrics.MetricRegistries: Loaded MetricRegistries class org.apache.ratis.metrics.impl.MetricRegistriesImpl
datanode_3    | 2019-10-17 00:58:54,319 INFO server.RaftServerConfigKeys: raft.server.log.statemachine.data.sync.timeout = 10s (default)
datanode_1    | 2019-10-17 00:58:53,685 INFO server.RaftServerConfigKeys: raft.server.log.queue.byte-limit = 2147483647 (custom)
freon_1       | 2019-10-17 00:59:16,550 [pool-2-thread-6] INFO       - Creating Bucket: vol-3-49365/bucket-7-65238, with Versioning false and Storage Type set to DISK and Encryption set to false 
grafana_1     | t=2019-10-17T00:58:46+0000 lvl=info msg="Executing migration" logger=migrator id="Add index for dashboard_id in dashboard_tag"
scm_1         | 2019-10-17 00:58:49,322 INFO server.SCMDatanodeProtocolServer: RPC server for DataNodes is listening at /0.0.0.0:9861
om_1          | 2019-10-17 00:58:53,562 INFO handler.ContextHandler: Started o.e.j.s.ServletContextHandler@2c7106d9{/logs,file:///var/log/hadoop/,AVAILABLE}
datanode_2    | 2019-10-17 00:58:53,108 INFO server.RaftServerConfigKeys: raft.server.log.segment.cache.num.max = 2 (custom)
datanode_3    | 2019-10-17 00:58:54,320 INFO server.RaftServerConfigKeys: raft.server.log.statemachine.data.sync.timeout.retry = -1 (default)
freon_1       | 2019-10-17 00:59:16,553 [pool-2-thread-8] INFO       - Creating Bucket: vol-4-46231/bucket-7-61443, with Versioning false and Storage Type set to DISK and Encryption set to false 
datanode_1    | 2019-10-17 00:58:53,685 INFO server.RaftServerConfigKeys: raft.server.log.queue.element-limit = 1024 (custom)
scm_1         | 2019-10-17 00:58:49,323 INFO ipc.Server: IPC Server Responder: starting
grafana_1     | t=2019-10-17T00:58:46+0000 lvl=info msg="Executing migration" logger=migrator id="Update dashboard table charset"
om_1          | 2019-10-17 00:58:53,563 INFO handler.ContextHandler: Started o.e.j.s.ServletContextHandler@2d7a9786{/static,jar:file:/opt/hadoop/share/ozone/lib/hadoop-ozone-ozone-manager-0.5.0-SNAPSHOT.jar!/webapps/static,AVAILABLE}
datanode_2    | 2019-10-17 00:58:53,113 INFO segmented.SegmentedRaftLogWorker: new 2cb147fb-3ba4-4718-a8fb-5310e8981004@group-CD54BCEE40EB-SegmentedRaftLogWorker for RaftStorage:Storage Directory /data/metadata/ratis/8d9f66dc-6b57-4fc7-8804-cd54bcee40eb
datanode_3    | 2019-10-17 00:58:54,330 INFO server.RaftServerConfigKeys: raft.server.log.statemachine.data.caching.enabled = true (custom)
freon_1       | 2019-10-17 00:59:16,553 [pool-2-thread-9] INFO       - Creating Bucket: vol-5-78159/bucket-7-40711, with Versioning false and Storage Type set to DISK and Encryption set to false 
datanode_1    | 2019-10-17 00:58:53,686 INFO server.RaftServerConfigKeys: raft.server.log.segment.size.max = 1048576 (custom)
grafana_1     | t=2019-10-17T00:58:47+0000 lvl=info msg="Executing migration" logger=migrator id="Update dashboard_tag table charset"
scm_1         | 2019-10-17 00:58:49,324 INFO ipc.Server: IPC Server listener on 9861: starting
om_1          | 2019-10-17 00:58:53,648 INFO handler.ContextHandler: Started o.e.j.w.WebAppContext@4c447c09{/,file:///tmp/jetty-0.0.0.0-9874-ozoneManager-_-any-1182054753890454220.dir/webapp/,AVAILABLE}{/ozoneManager}
datanode_2    | 2019-10-17 00:58:53,113 INFO server.RaftServerConfigKeys: raft.server.log.queue.byte-limit = 2147483647 (custom)
datanode_3    | 2019-10-17 00:58:54,333 INFO segmented.SegmentedRaftLogWorker: 546be523-551f-4c55-a7e1-6b4b977d7b19@group-AE6CB82B4C4C-SegmentedRaftLogWorker: flushIndex: setUnconditionally 0 -> -1
freon_1       | 2019-10-17 00:59:16,554 [pool-2-thread-3] INFO       - Creating Bucket: vol-6-05439/bucket-7-58690, with Versioning false and Storage Type set to DISK and Encryption set to false 
datanode_1    | 2019-10-17 00:58:53,687 INFO server.RaftServerConfigKeys: raft.server.log.preallocated.size = 16384 (custom)
grafana_1     | t=2019-10-17T00:58:47+0000 lvl=info msg="Executing migration" logger=migrator id="Add column folder_id in dashboard"
scm_1         | 2019-10-17 00:58:49,328 INFO http.HttpServer2: Jetty bound to port 9876
om_1          | 2019-10-17 00:58:53,653 INFO server.AbstractConnector: Started ServerConnector@4fb392c4{HTTP/1.1,[http/1.1]}{0.0.0.0:9874}
datanode_2    | 2019-10-17 00:58:53,113 INFO server.RaftServerConfigKeys: raft.server.log.queue.element-limit = 1024 (custom)
datanode_3    | 2019-10-17 00:58:54,337 INFO server.RaftServerConfigKeys: raft.server.snapshot.auto.trigger.enabled = true (custom)
freon_1       | 2019-10-17 00:59:16,554 [pool-2-thread-4] INFO       - Creating Bucket: vol-7-22108/bucket-7-42558, with Versioning false and Storage Type set to DISK and Encryption set to false 
datanode_1    | 2019-10-17 00:58:53,687 INFO server.RaftServerConfigKeys: raft.server.log.write.buffer.size = 33554432 (custom)
grafana_1     | t=2019-10-17T00:58:47+0000 lvl=info msg="Executing migration" logger=migrator id="Add column isFolder in dashboard"
scm_1         | 2019-10-17 00:58:49,329 INFO server.Server: jetty-9.3.25.v20180904, build timestamp: 2018-09-04T21:11:46Z, git hash: 3ce520221d0240229c862b122d2b06c12a625732
datanode_2    | 2019-10-17 00:58:53,114 INFO server.RaftServerConfigKeys: raft.server.log.segment.size.max = 1048576 (custom)
om_1          | 2019-10-17 00:58:53,653 INFO server.Server: Started @3901ms
datanode_3    | 2019-10-17 00:58:54,338 INFO server.RaftServerConfigKeys: raft.server.snapshot.auto.trigger.threshold = 10000 (custom)
freon_1       | 2019-10-17 00:59:16,555 [pool-2-thread-5] INFO       - Creating Bucket: vol-8-74355/bucket-7-43585, with Versioning false and Storage Type set to DISK and Encryption set to false 
datanode_1    | 2019-10-17 00:58:53,687 INFO server.RaftServerConfigKeys: raft.server.log.force.sync.num = 128 (default)
grafana_1     | t=2019-10-17T00:58:47+0000 lvl=info msg="Executing migration" logger=migrator id="Add column has_acl in dashboard"
scm_1         | 2019-10-17 00:58:49,356 INFO handler.ContextHandler: Started o.e.j.s.ServletContextHandler@6a9950f1{/logs,file:///var/log/hadoop/,AVAILABLE}
datanode_2    | 2019-10-17 00:58:53,115 INFO server.RaftServerConfigKeys: raft.server.log.preallocated.size = 16384 (custom)
om_1          | 2019-10-17 00:58:53,655 INFO impl.MetricsSinkAdapter: Sink prometheus started
datanode_3    | 2019-10-17 00:58:54,338 INFO server.RaftServerConfigKeys: raft.server.snapshot.retention.file.num = 5 (custom)
freon_1       | 2019-10-17 00:59:16,555 [pool-2-thread-7] INFO       - Creating Bucket: vol-9-74672/bucket-7-88980, with Versioning false and Storage Type set to DISK and Encryption set to false 
datanode_1    | 2019-10-17 00:58:53,688 INFO server.RaftServerConfigKeys: raft.server.log.statemachine.data.sync = true (default)
grafana_1     | t=2019-10-17T00:58:47+0000 lvl=info msg="Executing migration" logger=migrator id="Add column uid in dashboard"
scm_1         | 2019-10-17 00:58:49,357 INFO handler.ContextHandler: Started o.e.j.s.ServletContextHandler@365553de{/static,jar:file:/opt/hadoop/share/ozone/lib/hadoop-hdds-server-scm-0.5.0-SNAPSHOT.jar!/webapps/static,AVAILABLE}
datanode_2    | 2019-10-17 00:58:53,115 INFO server.RaftServerConfigKeys: raft.server.log.write.buffer.size = 33554432 (custom)
om_1          | 2019-10-17 00:58:53,655 INFO impl.MetricsSystemImpl: Registered sink prometheus
freon_1       | 2019-10-17 00:59:16,556 [pool-2-thread-2] INFO       - Creating Bucket: vol-0-64753/bucket-8-23137, with Versioning false and Storage Type set to DISK and Encryption set to false 
datanode_3    | 2019-10-17 00:58:54,339 INFO server.RaftServerConfigKeys: raft.server.retrycache.expirytime = 600000ms (custom)
datanode_1    | 2019-10-17 00:58:53,688 INFO server.RaftServerConfigKeys: raft.server.log.statemachine.data.sync.timeout = 10s (default)
grafana_1     | t=2019-10-17T00:58:47+0000 lvl=info msg="Executing migration" logger=migrator id="Update uid column values in dashboard"
scm_1         | 2019-10-17 00:58:49,440 INFO handler.ContextHandler: Started o.e.j.w.WebAppContext@6a472566{/,file:///tmp/jetty-0.0.0.0-9876-scm-_-any-4831988149571122455.dir/webapp/,AVAILABLE}{/scm}
datanode_2    | 2019-10-17 00:58:53,115 INFO server.RaftServerConfigKeys: raft.server.log.force.sync.num = 128 (default)
om_1          | 2019-10-17 00:58:53,657 INFO server.BaseHttpServer: HTTP server of OZONEMANAGER is listening at http://0.0.0.0:9874
freon_1       | 2019-10-17 00:59:16,556 [pool-2-thread-1] INFO       - Creating Bucket: vol-1-25881/bucket-8-48259, with Versioning false and Storage Type set to DISK and Encryption set to false 
datanode_3    | 2019-10-17 00:58:54,375 INFO impl.RaftServerImpl: 546be523-551f-4c55-a7e1-6b4b977d7b19@group-AE6CB82B4C4C: start as a follower, conf=-1: [546be523-551f-4c55-a7e1-6b4b977d7b19:172.18.0.10:9858], old=null
datanode_1    | 2019-10-17 00:58:53,688 INFO server.RaftServerConfigKeys: raft.server.log.statemachine.data.sync.timeout.retry = -1 (default)
scm_1         | 2019-10-17 00:58:49,444 INFO server.AbstractConnector: Started ServerConnector@587a1cfb{HTTP/1.1,[http/1.1]}{0.0.0.0:9876}
grafana_1     | t=2019-10-17T00:58:47+0000 lvl=info msg="Executing migration" logger=migrator id="Add unique index dashboard_org_id_uid"
datanode_2    | 2019-10-17 00:58:53,116 INFO server.RaftServerConfigKeys: raft.server.log.statemachine.data.sync = true (default)
om_1          | 2019-10-17 00:59:07,475 [IPC Server handler 0 on 9862] INFO       - created volume:vol-0-17531 for user:hadoop
freon_1       | 2019-10-17 00:59:16,558 [pool-2-thread-10] INFO       - Creating Bucket: vol-2-34914/bucket-8-02970, with Versioning false and Storage Type set to DISK and Encryption set to false 
datanode_3    | 2019-10-17 00:58:54,375 INFO impl.RaftServerImpl: 546be523-551f-4c55-a7e1-6b4b977d7b19@group-AE6CB82B4C4C: changes role from      null to FOLLOWER at term 0 for startAsFollower
datanode_1    | 2019-10-17 00:58:53,697 INFO server.RaftServerConfigKeys: raft.server.log.statemachine.data.caching.enabled = true (custom)
scm_1         | 2019-10-17 00:58:49,445 INFO server.Server: Started @3906ms
grafana_1     | t=2019-10-17T00:58:47+0000 lvl=info msg="Executing migration" logger=migrator id="Remove unique index org_id_slug"
om_1          | 2019-10-17 00:59:07,514 [IPC Server handler 2 on 9862] INFO       - created volume:vol-1-96580 for user:hadoop
datanode_2    | 2019-10-17 00:58:53,116 INFO server.RaftServerConfigKeys: raft.server.log.statemachine.data.sync.timeout = 10s (default)
freon_1       | 2019-10-17 00:59:16,562 [pool-2-thread-3] INFO       - Creating Bucket: vol-3-49365/bucket-8-17813, with Versioning false and Storage Type set to DISK and Encryption set to false 
datanode_3    | 2019-10-17 00:58:54,376 INFO impl.RoleInfo: 546be523-551f-4c55-a7e1-6b4b977d7b19: start FollowerState
datanode_1    | 2019-10-17 00:58:53,712 INFO segmented.SegmentedRaftLogWorker: 9d670290-d44a-4781-a6a7-70700a43d4eb@group-C7CEF4EEDD4C-SegmentedRaftLogWorker: flushIndex: setUnconditionally 0 -> -1
scm_1         | 2019-10-17 00:58:49,448 INFO impl.MetricsSinkAdapter: Sink prometheus started
grafana_1     | t=2019-10-17T00:58:47+0000 lvl=info msg="Executing migration" logger=migrator id="Update dashboard title length"
om_1          | 2019-10-17 00:59:07,526 [IPC Server handler 4 on 9862] INFO       - created volume:vol-2-08483 for user:hadoop
datanode_2    | 2019-10-17 00:58:53,116 INFO server.RaftServerConfigKeys: raft.server.log.statemachine.data.sync.timeout.retry = -1 (default)
freon_1       | 2019-10-17 00:59:16,563 [pool-2-thread-8] INFO       - Creating Bucket: vol-4-46231/bucket-8-65449, with Versioning false and Storage Type set to DISK and Encryption set to false 
datanode_3    | 2019-10-17 00:58:54,380 INFO util.JmxRegister: Successfully registered JMX Bean with object name Ratis:service=RaftServer,group=group-AE6CB82B4C4C,id=546be523-551f-4c55-a7e1-6b4b977d7b19
datanode_1    | 2019-10-17 00:58:53,717 INFO server.RaftServerConfigKeys: raft.server.snapshot.auto.trigger.enabled = true (custom)
