om_1        | 2019-10-19 00:51:36,931 INFO hdfs.DFSUtil: Starting Web-server for ozoneManager at: http://0.0.0.0:9874
scm_1       | 2019-10-19 00:51:33,114 INFO server.SCMClientProtocolServer: RPC server for Client  is listening at /0.0.0.0:9860
datanode_3  | 2019-10-19 00:51:38,236 INFO metrics.MetricRegistries: Loaded MetricRegistries class org.apache.ratis.metrics.impl.MetricRegistriesImpl
datanode_1  | 2019-10-19 00:51:37,642 INFO server.RaftServerConfigKeys: raft.server.log.use.memory = false (default)
datanode_2  | 2019-10-19 00:51:36,585 INFO server.RaftServerConfigKeys: raft.server.log.purge.gap = 1000000 (custom)
om_1        | 2019-10-19 00:51:37,041 INFO server.AuthenticationFilter: Unable to initialize FileSignerSecretProvider, falling back to use random secrets.
scm_1       | 2019-10-19 00:51:33,114 INFO ipc.Server: IPC Server Responder: starting
datanode_3  | 2019-10-19 00:51:38,272 INFO server.RaftServerConfigKeys: raft.server.log.segment.cache.num.max = 2 (custom)
datanode_1  | 2019-10-19 00:51:37,647 INFO server.RaftServerConfigKeys: raft.server.log.purge.gap = 1000000 (custom)
datanode_2  | 2019-10-19 00:51:36,585 INFO server.RaftServerConfigKeys: raft.server.log.appender.buffer.byte-limit = 33554432 (custom)
om_1        | 2019-10-19 00:51:37,045 INFO http.HttpRequestLog: Http request log for http.requests.ozoneManager is not defined
scm_1       | 2019-10-19 00:51:33,114 INFO ipc.Server: IPC Server listener on 9860: starting
datanode_3  | 2019-10-19 00:51:38,276 INFO segmented.SegmentedRaftLogWorker: new 01b1e250-e002-488c-abdc-0df410182a48@group-EDD411861721-SegmentedRaftLogWorker for RaftStorage:Storage Directory /data/metadata/ratis/761785e8-9278-4db7-ab31-edd411861721
datanode_1  | 2019-10-19 00:51:37,647 INFO server.RaftServerConfigKeys: raft.server.log.appender.buffer.byte-limit = 33554432 (custom)
datanode_2  | 2019-10-19 00:51:36,587 INFO server.RaftServerConfigKeys: raft.server.log.segment.size.max = 1048576 (custom)
om_1        | 2019-10-19 00:51:37,053 INFO http.HttpServer2: Added global filter 'safety' (class=org.apache.hadoop.http.HttpServer2$QuotingInputFilter)
scm_1       | 2019-10-19 00:51:33,117 INFO server.StorageContainerManager: ScmBlockLocationProtocol RPC server is listening at /0.0.0.0:9863
datanode_3  | 2019-10-19 00:51:38,276 INFO server.RaftServerConfigKeys: raft.server.log.queue.byte-limit = 2147483647 (custom)
datanode_1  | 2019-10-19 00:51:37,650 INFO server.RaftServerConfigKeys: raft.server.log.segment.size.max = 1048576 (custom)
datanode_2  | 2019-10-19 00:51:36,588 WARN impl.MetricsSystemImpl: HddsDatanode metrics system already initialized!
om_1        | 2019-10-19 00:51:37,055 INFO http.HttpServer2: Added filter static_user_filter (class=org.apache.hadoop.http.lib.StaticUserWebFilter$StaticUserFilter) to context ozoneManager
scm_1       | 2019-10-19 00:51:33,117 INFO server.SCMBlockProtocolServer: RPC server for Block Protocol is listening at /0.0.0.0:9863
datanode_3  | 2019-10-19 00:51:38,277 INFO server.RaftServerConfigKeys: raft.server.log.queue.element-limit = 1024 (custom)
datanode_1  | 2019-10-19 00:51:37,651 WARN impl.MetricsSystemImpl: HddsDatanode metrics system already initialized!
datanode_2  | 2019-10-19 00:51:36,592 INFO metrics.MetricRegistries: Loaded MetricRegistries class org.apache.ratis.metrics.impl.MetricRegistriesImpl
om_1        | 2019-10-19 00:51:37,056 INFO http.HttpServer2: Added filter static_user_filter (class=org.apache.hadoop.http.lib.StaticUserWebFilter$StaticUserFilter) to context logs
scm_1       | 2019-10-19 00:51:33,118 INFO ipc.Server: IPC Server Responder: starting
datanode_3  | 2019-10-19 00:51:38,278 INFO server.RaftServerConfigKeys: raft.server.log.segment.size.max = 1048576 (custom)
datanode_1  | 2019-10-19 00:51:37,656 INFO metrics.MetricRegistries: Loaded MetricRegistries class org.apache.ratis.metrics.impl.MetricRegistriesImpl
datanode_2  | 2019-10-19 00:51:36,624 INFO server.RaftServerConfigKeys: raft.server.log.segment.cache.num.max = 2 (custom)
om_1        | 2019-10-19 00:51:37,056 INFO http.HttpServer2: Added filter static_user_filter (class=org.apache.hadoop.http.lib.StaticUserWebFilter$StaticUserFilter) to context static
scm_1       | 2019-10-19 00:51:33,118 INFO ipc.Server: IPC Server listener on 9863: starting
datanode_3  | 2019-10-19 00:51:38,278 INFO server.RaftServerConfigKeys: raft.server.log.preallocated.size = 16384 (custom)
datanode_1  | 2019-10-19 00:51:37,696 INFO server.RaftServerConfigKeys: raft.server.log.segment.cache.num.max = 2 (custom)
datanode_2  | 2019-10-19 00:51:36,629 INFO segmented.SegmentedRaftLogWorker: new e367246b-41ca-41cc-8829-f9562491466e@group-634BEDEEB39E-SegmentedRaftLogWorker for RaftStorage:Storage Directory /data/metadata/ratis/344d878c-8a95-4b66-bf94-634bedeeb39e
om_1        | 2019-10-19 00:51:37,073 WARN server.BaseHttpServer: /prof java profiling servlet is activated. Not safe for production!
scm_1       | 2019-10-19 00:51:33,121 INFO server.StorageContainerManager: ScmDatanodeProtocl RPC server is listening at /0.0.0.0:9861
datanode_3  | 2019-10-19 00:51:38,279 INFO server.RaftServerConfigKeys: raft.server.log.write.buffer.size = 33554432 (custom)
datanode_1  | 2019-10-19 00:51:37,701 INFO segmented.SegmentedRaftLogWorker: new e0d5e08c-6238-4574-bf61-b3272a3e4e77@group-1558C0727B20-SegmentedRaftLogWorker for RaftStorage:Storage Directory /data/metadata/ratis/b898522d-659f-40cf-b285-1558c0727b20
datanode_2  | 2019-10-19 00:51:36,629 INFO server.RaftServerConfigKeys: raft.server.log.queue.byte-limit = 2147483647 (custom)
om_1        | 2019-10-19 00:51:37,076 INFO http.HttpServer2: Jetty bound to port 9874
scm_1       | 2019-10-19 00:51:33,121 INFO server.SCMDatanodeProtocolServer: RPC server for DataNodes is listening at /0.0.0.0:9861
datanode_3  | 2019-10-19 00:51:38,279 INFO server.RaftServerConfigKeys: raft.server.log.force.sync.num = 128 (default)
datanode_1  | 2019-10-19 00:51:37,702 INFO server.RaftServerConfigKeys: raft.server.log.queue.byte-limit = 2147483647 (custom)
datanode_2  | 2019-10-19 00:51:36,630 INFO server.RaftServerConfigKeys: raft.server.log.queue.element-limit = 1024 (custom)
om_1        | 2019-10-19 00:51:37,077 INFO server.Server: jetty-9.3.25.v20180904, build timestamp: 2018-09-04T21:11:46Z, git hash: 3ce520221d0240229c862b122d2b06c12a625732
scm_1       | 2019-10-19 00:51:33,123 INFO ipc.Server: IPC Server Responder: starting
datanode_3  | 2019-10-19 00:51:38,280 INFO server.RaftServerConfigKeys: raft.server.log.statemachine.data.sync = true (default)
datanode_1  | 2019-10-19 00:51:37,702 INFO server.RaftServerConfigKeys: raft.server.log.queue.element-limit = 1024 (custom)
datanode_2  | 2019-10-19 00:51:36,631 INFO server.RaftServerConfigKeys: raft.server.log.segment.size.max = 1048576 (custom)
om_1        | 2019-10-19 00:51:37,106 INFO handler.ContextHandler: Started o.e.j.s.ServletContextHandler@4288d98e{/logs,file:///var/log/hadoop/,AVAILABLE}
scm_1       | 2019-10-19 00:51:33,123 INFO ipc.Server: IPC Server listener on 9861: starting
datanode_3  | 2019-10-19 00:51:38,280 INFO server.RaftServerConfigKeys: raft.server.log.statemachine.data.sync.timeout = 10s (default)
datanode_1  | 2019-10-19 00:51:37,703 INFO server.RaftServerConfigKeys: raft.server.log.segment.size.max = 1048576 (custom)
datanode_2  | 2019-10-19 00:51:36,631 INFO server.RaftServerConfigKeys: raft.server.log.preallocated.size = 16384 (custom)
om_1        | 2019-10-19 00:51:37,107 INFO handler.ContextHandler: Started o.e.j.s.ServletContextHandler@4d499d65{/static,jar:file:/opt/hadoop/share/ozone/lib/hadoop-ozone-ozone-manager-0.5.0-SNAPSHOT.jar!/webapps/static,AVAILABLE}
scm_1       | 2019-10-19 00:51:33,125 INFO http.HttpServer2: Jetty bound to port 9876
datanode_3  | 2019-10-19 00:51:38,280 INFO server.RaftServerConfigKeys: raft.server.log.statemachine.data.sync.timeout.retry = -1 (default)
datanode_2  | 2019-10-19 00:51:36,632 INFO server.RaftServerConfigKeys: raft.server.log.write.buffer.size = 33554432 (custom)
datanode_1  | 2019-10-19 00:51:37,703 INFO server.RaftServerConfigKeys: raft.server.log.preallocated.size = 16384 (custom)
datanode_3  | 2019-10-19 00:51:38,288 INFO server.RaftServerConfigKeys: raft.server.log.statemachine.data.caching.enabled = true (custom)
scm_1       | 2019-10-19 00:51:33,134 INFO server.Server: jetty-9.3.25.v20180904, build timestamp: 2018-09-04T21:11:46Z, git hash: 3ce520221d0240229c862b122d2b06c12a625732
om_1        | 2019-10-19 00:51:37,194 INFO handler.ContextHandler: Started o.e.j.w.WebAppContext@69f0b0f4{/,file:///tmp/jetty-0.0.0.0-9874-ozoneManager-_-any-10953500431206190552.dir/webapp/,AVAILABLE}{/ozoneManager}
datanode_2  | 2019-10-19 00:51:36,632 INFO server.RaftServerConfigKeys: raft.server.log.force.sync.num = 128 (default)
datanode_1  | 2019-10-19 00:51:37,704 INFO server.RaftServerConfigKeys: raft.server.log.write.buffer.size = 33554432 (custom)
datanode_3  | 2019-10-19 00:51:38,292 INFO segmented.SegmentedRaftLogWorker: 01b1e250-e002-488c-abdc-0df410182a48@group-EDD411861721-SegmentedRaftLogWorker: flushIndex: setUnconditionally 0 -> -1
scm_1       | 2019-10-19 00:51:33,179 INFO handler.ContextHandler: Started o.e.j.s.ServletContextHandler@34a0ef00{/logs,file:///var/log/hadoop/,AVAILABLE}
om_1        | 2019-10-19 00:51:37,200 INFO server.AbstractConnector: Started ServerConnector@5740ff5e{HTTP/1.1,[http/1.1]}{0.0.0.0:9874}
datanode_2  | 2019-10-19 00:51:36,632 INFO server.RaftServerConfigKeys: raft.server.log.statemachine.data.sync = true (default)
datanode_3  | 2019-10-19 00:51:38,297 INFO server.RaftServerConfigKeys: raft.server.snapshot.auto.trigger.enabled = true (custom)
scm_1       | 2019-10-19 00:51:33,180 INFO handler.ContextHandler: Started o.e.j.s.ServletContextHandler@e344ad3{/static,jar:file:/opt/hadoop/share/ozone/lib/hadoop-hdds-server-scm-0.5.0-SNAPSHOT.jar!/webapps/static,AVAILABLE}
datanode_1  | 2019-10-19 00:51:37,704 INFO server.RaftServerConfigKeys: raft.server.log.force.sync.num = 128 (default)
om_1        | 2019-10-19 00:51:37,200 INFO server.Server: Started @3521ms
datanode_3  | 2019-10-19 00:51:38,297 INFO server.RaftServerConfigKeys: raft.server.snapshot.auto.trigger.threshold = 10000 (custom)
scm_1       | 2019-10-19 00:51:33,289 INFO handler.ContextHandler: Started o.e.j.w.WebAppContext@38bb9d7a{/,file:///tmp/jetty-0.0.0.0-9876-scm-_-any-417043672149018145.dir/webapp/,AVAILABLE}{/scm}
datanode_1  | 2019-10-19 00:51:37,705 INFO server.RaftServerConfigKeys: raft.server.log.statemachine.data.sync = true (default)
om_1        | 2019-10-19 00:51:37,202 INFO impl.MetricsSinkAdapter: Sink prometheus started
datanode_2  | 2019-10-19 00:51:36,633 INFO server.RaftServerConfigKeys: raft.server.log.statemachine.data.sync.timeout = 10s (default)
datanode_3  | 2019-10-19 00:51:38,298 INFO server.RaftServerConfigKeys: raft.server.snapshot.retention.file.num = 5 (custom)
scm_1       | 2019-10-19 00:51:33,294 INFO server.AbstractConnector: Started ServerConnector@fab35b1{HTTP/1.1,[http/1.1]}{0.0.0.0:9876}
datanode_1  | 2019-10-19 00:51:37,705 INFO server.RaftServerConfigKeys: raft.server.log.statemachine.data.sync.timeout = 10s (default)
om_1        | 2019-10-19 00:51:37,202 INFO impl.MetricsSystemImpl: Registered sink prometheus
datanode_2  | 2019-10-19 00:51:36,633 INFO server.RaftServerConfigKeys: raft.server.log.statemachine.data.sync.timeout.retry = -1 (default)
datanode_3  | 2019-10-19 00:51:38,298 INFO server.RaftServerConfigKeys: raft.server.retrycache.expirytime = 600000ms (custom)
scm_1       | 2019-10-19 00:51:33,296 INFO server.Server: Started @3592ms
datanode_1  | 2019-10-19 00:51:37,706 INFO server.RaftServerConfigKeys: raft.server.log.statemachine.data.sync.timeout.retry = -1 (default)
om_1        | 2019-10-19 00:51:37,204 INFO server.BaseHttpServer: HTTP server of OZONEMANAGER is listening at http://0.0.0.0:9874
datanode_2  | 2019-10-19 00:51:36,642 INFO server.RaftServerConfigKeys: raft.server.log.statemachine.data.caching.enabled = true (custom)
datanode_3  | 2019-10-19 00:51:38,329 INFO impl.RaftServerImpl: 01b1e250-e002-488c-abdc-0df410182a48@group-EDD411861721: start as a follower, conf=-1: [01b1e250-e002-488c-abdc-0df410182a48:172.18.0.7:9858], old=null
scm_1       | 2019-10-19 00:51:33,302 INFO impl.MetricsSinkAdapter: Sink prometheus started
datanode_1  | 2019-10-19 00:51:37,716 INFO server.RaftServerConfigKeys: raft.server.log.statemachine.data.caching.enabled = true (custom)
om_1        | 2019-10-19 00:51:51,395 [IPC Server handler 1 on 9862] INFO       - created volume:vol-0-07475 for user:hadoop
datanode_2  | 2019-10-19 00:51:36,646 INFO segmented.SegmentedRaftLogWorker: e367246b-41ca-41cc-8829-f9562491466e@group-634BEDEEB39E-SegmentedRaftLogWorker: flushIndex: setUnconditionally 0 -> -1
datanode_3  | 2019-10-19 00:51:38,331 INFO impl.RaftServerImpl: 01b1e250-e002-488c-abdc-0df410182a48@group-EDD411861721: changes role from      null to FOLLOWER at term 0 for startAsFollower
scm_1       | 2019-10-19 00:51:33,302 INFO impl.MetricsSystemImpl: Registered sink prometheus
datanode_1  | 2019-10-19 00:51:37,720 INFO segmented.SegmentedRaftLogWorker: e0d5e08c-6238-4574-bf61-b3272a3e4e77@group-1558C0727B20-SegmentedRaftLogWorker: flushIndex: setUnconditionally 0 -> -1
om_1        | 2019-10-19 00:51:51,421 [IPC Server handler 2 on 9862] INFO       - created volume:vol-1-60494 for user:hadoop
datanode_2  | 2019-10-19 00:51:36,649 INFO server.RaftServerConfigKeys: raft.server.snapshot.auto.trigger.enabled = true (custom)
datanode_3  | 2019-10-19 00:51:38,332 INFO impl.RoleInfo: 01b1e250-e002-488c-abdc-0df410182a48: start FollowerState
datanode_1  | 2019-10-19 00:51:37,725 INFO server.RaftServerConfigKeys: raft.server.snapshot.auto.trigger.enabled = true (custom)
om_1        | 2019-10-19 00:51:51,440 [IPC Server handler 4 on 9862] INFO       - created volume:vol-2-73512 for user:hadoop
datanode_2  | 2019-10-19 00:51:36,650 INFO server.RaftServerConfigKeys: raft.server.snapshot.auto.trigger.threshold = 10000 (custom)
scm_1       | 2019-10-19 00:51:33,304 INFO server.BaseHttpServer: HTTP server of SCM is listening at http://0.0.0.0:9876
datanode_3  | 2019-10-19 00:51:38,335 INFO util.JmxRegister: Successfully registered JMX Bean with object name Ratis:service=RaftServer,group=group-EDD411861721,id=01b1e250-e002-488c-abdc-0df410182a48
datanode_1  | 2019-10-19 00:51:37,725 INFO server.RaftServerConfigKeys: raft.server.snapshot.auto.trigger.threshold = 10000 (custom)
datanode_2  | 2019-10-19 00:51:36,650 INFO server.RaftServerConfigKeys: raft.server.snapshot.retention.file.num = 5 (custom)
datanode_1  | 2019-10-19 00:51:37,726 INFO server.RaftServerConfigKeys: raft.server.snapshot.retention.file.num = 5 (custom)
om_1        | 2019-10-19 00:51:51,461 [IPC Server handler 6 on 9862] INFO       - created volume:vol-3-44001 for user:hadoop
datanode_3  | 2019-10-19 00:51:38,439 INFO impl.RaftServerProxy: 01b1e250-e002-488c-abdc-0df410182a48: addNew group-A30D898E6F78:[01b1e250-e002-488c-abdc-0df410182a48:172.18.0.7:9858, e0d5e08c-6238-4574-bf61-b3272a3e4e77:172.18.0.5:9858, e367246b-41ca-41cc-8829-f9562491466e:172.18.0.3:9858] returns group-A30D898E6F78:java.util.concurrent.CompletableFuture@6a86ccac[Not completed]
scm_1       | 2019-10-19 00:51:33,316 INFO util.JvmPauseMonitor: Starting JVM pause monitor
datanode_2  | 2019-10-19 00:51:36,651 INFO server.RaftServerConfigKeys: raft.server.retrycache.expirytime = 600000ms (custom)
datanode_1  | 2019-10-19 00:51:37,726 INFO server.RaftServerConfigKeys: raft.server.retrycache.expirytime = 600000ms (custom)
datanode_3  | 2019-10-19 00:51:38,442 INFO impl.RaftServerImpl: 01b1e250-e002-488c-abdc-0df410182a48: new RaftServerImpl for group-A30D898E6F78:[01b1e250-e002-488c-abdc-0df410182a48:172.18.0.7:9858, e0d5e08c-6238-4574-bf61-b3272a3e4e77:172.18.0.5:9858, e367246b-41ca-41cc-8829-f9562491466e:172.18.0.3:9858] with ContainerStateMachine:uninitialized
om_1        | 2019-10-19 00:51:51,479 [IPC Server handler 8 on 9862] INFO       - created volume:vol-4-62187 for user:hadoop
datanode_2  | 2019-10-19 00:51:36,677 INFO impl.RaftServerImpl: e367246b-41ca-41cc-8829-f9562491466e@group-634BEDEEB39E: start as a follower, conf=-1: [e367246b-41ca-41cc-8829-f9562491466e:172.18.0.3:9858], old=null
datanode_1  | 2019-10-19 00:51:37,757 INFO impl.RaftServerImpl: e0d5e08c-6238-4574-bf61-b3272a3e4e77@group-1558C0727B20: start as a follower, conf=-1: [e0d5e08c-6238-4574-bf61-b3272a3e4e77:172.18.0.5:9858], old=null
datanode_3  | 2019-10-19 00:51:38,442 INFO server.RaftServerConfigKeys: raft.server.rpc.timeout.min = 5s (custom)
scm_1       | 2019-10-19 00:51:35,595 INFO net.NetworkTopology: Added a new node: /default-rack/e367246b-41ca-41cc-8829-f9562491466e
datanode_2  | 2019-10-19 00:51:36,678 INFO impl.RaftServerImpl: e367246b-41ca-41cc-8829-f9562491466e@group-634BEDEEB39E: changes role from      null to FOLLOWER at term 0 for startAsFollower
datanode_1  | 2019-10-19 00:51:37,758 INFO impl.RaftServerImpl: e0d5e08c-6238-4574-bf61-b3272a3e4e77@group-1558C0727B20: changes role from      null to FOLLOWER at term 0 for startAsFollower
datanode_3  | 2019-10-19 00:51:38,443 INFO server.RaftServerConfigKeys: raft.server.rpc.timeout.max = 5200ms (custom)
scm_1       | 2019-10-19 00:51:35,596 INFO node.SCMNodeManager: Registered Data node : e367246b-41ca-41cc-8829-f9562491466e{ip: 172.18.0.3, host: ozone-recon_datanode_2.ozone-recon_default, networkLocation: /default-rack, certSerialId: null}
datanode_2  | 2019-10-19 00:51:36,679 INFO impl.RoleInfo: e367246b-41ca-41cc-8829-f9562491466e: start FollowerState
datanode_1  | 2019-10-19 00:51:37,759 INFO impl.RoleInfo: e0d5e08c-6238-4574-bf61-b3272a3e4e77: start FollowerState
datanode_3  | 2019-10-19 00:51:38,443 INFO server.RaftServerConfigKeys: raft.server.rpcslowness.timeout = 120s (custom)
scm_1       | 2019-10-19 00:51:35,600 INFO safemode.SCMSafeModeManager: SCM in safe mode. 1 DataNodes registered, 1 required.
datanode_2  | 2019-10-19 00:51:36,682 INFO util.JmxRegister: Successfully registered JMX Bean with object name Ratis:service=RaftServer,group=group-634BEDEEB39E,id=e367246b-41ca-41cc-8829-f9562491466e
datanode_1  | 2019-10-19 00:51:37,762 INFO util.JmxRegister: Successfully registered JMX Bean with object name Ratis:service=RaftServer,group=group-1558C0727B20,id=e0d5e08c-6238-4574-bf61-b3272a3e4e77
scm_1       | 2019-10-19 00:51:35,600 INFO safemode.SCMSafeModeManager: ScmSafeModeManager, all rules are successfully validated
datanode_3  | 2019-10-19 00:51:38,443 INFO server.RaftServerConfigKeys: raft.server.sleep.deviation.threshold = 300 (default)
datanode_2  | 2019-10-19 00:51:36,846 INFO impl.FollowerState: e367246b-41ca-41cc-8829-f9562491466e@group-634BEDEEB39E-FollowerState: change to CANDIDATE, lastRpcTime:166ms, electionTimeout:166ms
datanode_1  | 2019-10-19 00:51:37,844 INFO impl.FollowerState: e0d5e08c-6238-4574-bf61-b3272a3e4e77@group-1558C0727B20-FollowerState: change to CANDIDATE, lastRpcTime:85ms, electionTimeout:85ms
datanode_1  | 2019-10-19 00:51:37,846 INFO impl.RoleInfo: e0d5e08c-6238-4574-bf61-b3272a3e4e77: shutdown FollowerState
datanode_2  | 2019-10-19 00:51:36,848 INFO impl.RoleInfo: e367246b-41ca-41cc-8829-f9562491466e: shutdown FollowerState
datanode_1  | 2019-10-19 00:51:37,846 INFO impl.RaftServerImpl: e0d5e08c-6238-4574-bf61-b3272a3e4e77@group-1558C0727B20: changes role from  FOLLOWER to CANDIDATE at term 0 for changeToCandidate
datanode_3  | 2019-10-19 00:51:38,443 INFO server.RaftServerConfigKeys: raft.server.log.appender.install.snapshot.enabled = false (custom)
datanode_3  | 2019-10-19 00:51:38,443 INFO impl.RaftServerImpl: 01b1e250-e002-488c-abdc-0df410182a48@group-A30D898E6F78: ConfigurationManager, init=-1: [01b1e250-e002-488c-abdc-0df410182a48:172.18.0.7:9858, e0d5e08c-6238-4574-bf61-b3272a3e4e77:172.18.0.5:9858, e367246b-41ca-41cc-8829-f9562491466e:172.18.0.3:9858], old=null, confs=<EMPTY_MAP>
datanode_1  | 2019-10-19 00:51:37,849 INFO impl.RoleInfo: e0d5e08c-6238-4574-bf61-b3272a3e4e77: start LeaderElection
datanode_3  | 2019-10-19 00:51:38,443 INFO server.RaftServerConfigKeys: raft.server.storage.dir = [/data/metadata/ratis] (custom)
datanode_3  | 2019-10-19 00:51:38,444 INFO server.RaftServerConfigKeys: raft.server.log.corruption.policy = EXCEPTION (default)
datanode_1  | 2019-10-19 00:51:37,868 INFO impl.LeaderElection: e0d5e08c-6238-4574-bf61-b3272a3e4e77@group-1558C0727B20-LeaderElection1: begin an election at term 1 for -1: [e0d5e08c-6238-4574-bf61-b3272a3e4e77:172.18.0.5:9858], old=null
datanode_3  | 2019-10-19 00:51:38,444 INFO storage.RaftStorageDirectory: The storage directory /data/metadata/ratis/1cbad37a-4fc9-4334-8b5e-a30d898e6f78 does not exist. Creating ...
datanode_3  | 2019-10-19 00:51:38,468 INFO impl.FollowerState: 01b1e250-e002-488c-abdc-0df410182a48@group-EDD411861721-FollowerState: change to CANDIDATE, lastRpcTime:135ms, electionTimeout:135ms
scm_1       | 2019-10-19 00:51:35,601 INFO safemode.SCMSafeModeManager: SCM exiting safe mode.
datanode_1  | 2019-10-19 00:51:37,869 INFO impl.RoleInfo: e0d5e08c-6238-4574-bf61-b3272a3e4e77: shutdown LeaderElection
datanode_2  | 2019-10-19 00:51:36,848 INFO impl.RaftServerImpl: e367246b-41ca-41cc-8829-f9562491466e@group-634BEDEEB39E: changes role from  FOLLOWER to CANDIDATE at term 0 for changeToCandidate
datanode_3  | 2019-10-19 00:51:38,469 INFO impl.RoleInfo: 01b1e250-e002-488c-abdc-0df410182a48: shutdown FollowerState
datanode_3  | 2019-10-19 00:51:38,470 INFO impl.RaftServerImpl: 01b1e250-e002-488c-abdc-0df410182a48@group-EDD411861721: changes role from  FOLLOWER to CANDIDATE at term 0 for changeToCandidate
datanode_1  | 2019-10-19 00:51:37,869 INFO impl.RaftServerImpl: e0d5e08c-6238-4574-bf61-b3272a3e4e77@group-1558C0727B20: changes role from CANDIDATE to LEADER at term 1 for changeToLeader
datanode_2  | 2019-10-19 00:51:36,851 INFO impl.RoleInfo: e367246b-41ca-41cc-8829-f9562491466e: start LeaderElection
datanode_3  | 2019-10-19 00:51:38,472 INFO impl.RoleInfo: 01b1e250-e002-488c-abdc-0df410182a48: start LeaderElection
datanode_3  | 2019-10-19 00:51:38,495 INFO storage.RaftStorageDirectory: Lock on /data/metadata/ratis/1cbad37a-4fc9-4334-8b5e-a30d898e6f78/in_use.lock acquired by nodename 7@2da95c126a7b
datanode_1  | 2019-10-19 00:51:37,870 INFO impl.RaftServerImpl: e0d5e08c-6238-4574-bf61-b3272a3e4e77@group-1558C0727B20: change Leader from null to e0d5e08c-6238-4574-bf61-b3272a3e4e77 at term 1 for becomeLeader, leader elected after 230ms
datanode_2  | 2019-10-19 00:51:36,866 INFO impl.LeaderElection: e367246b-41ca-41cc-8829-f9562491466e@group-634BEDEEB39E-LeaderElection1: begin an election at term 1 for -1: [e367246b-41ca-41cc-8829-f9562491466e:172.18.0.3:9858], old=null
datanode_3  | 2019-10-19 00:51:38,495 INFO impl.LeaderElection: 01b1e250-e002-488c-abdc-0df410182a48@group-EDD411861721-LeaderElection1: begin an election at term 1 for -1: [01b1e250-e002-488c-abdc-0df410182a48:172.18.0.7:9858], old=null
datanode_1  | 2019-10-19 00:51:37,873 INFO server.RaftServerConfigKeys: raft.server.staging.catchup.gap = 1000 (default)
scm_1       | WARNING: An illegal reflective access operation has occurred
datanode_2  | 2019-10-19 00:51:36,868 INFO impl.RoleInfo: e367246b-41ca-41cc-8829-f9562491466e: shutdown LeaderElection
datanode_3  | 2019-10-19 00:51:38,496 INFO impl.RoleInfo: 01b1e250-e002-488c-abdc-0df410182a48: shutdown LeaderElection
datanode_3  | 2019-10-19 00:51:38,497 INFO impl.RaftServerImpl: 01b1e250-e002-488c-abdc-0df410182a48@group-EDD411861721: changes role from CANDIDATE to LEADER at term 1 for changeToLeader
datanode_2  | 2019-10-19 00:51:36,868 INFO impl.RaftServerImpl: e367246b-41ca-41cc-8829-f9562491466e@group-634BEDEEB39E: changes role from CANDIDATE to LEADER at term 1 for changeToLeader
scm_1       | WARNING: Illegal reflective access by org.apache.ratis.thirdparty.com.google.protobuf.UnsafeUtil (file:/opt/hadoop/share/ozone/lib/ratis-thirdparty-misc-0.2.0.jar) to field java.nio.Buffer.address
datanode_2  | 2019-10-19 00:51:36,868 INFO impl.RaftServerImpl: e367246b-41ca-41cc-8829-f9562491466e@group-634BEDEEB39E: change Leader from null to e367246b-41ca-41cc-8829-f9562491466e at term 1 for becomeLeader, leader elected after 288ms
datanode_3  | 2019-10-19 00:51:38,497 INFO impl.RaftServerImpl: 01b1e250-e002-488c-abdc-0df410182a48@group-EDD411861721: change Leader from null to 01b1e250-e002-488c-abdc-0df410182a48 at term 1 for becomeLeader, leader elected after 277ms
datanode_1  | 2019-10-19 00:51:37,873 INFO server.RaftServerConfigKeys: raft.server.rpc.sleep.time = 25ms (default)
scm_1       | WARNING: Please consider reporting this to the maintainers of org.apache.ratis.thirdparty.com.google.protobuf.UnsafeUtil
datanode_2  | 2019-10-19 00:51:36,872 INFO server.RaftServerConfigKeys: raft.server.staging.catchup.gap = 1000 (default)
datanode_3  | 2019-10-19 00:51:38,500 INFO server.RaftServerConfigKeys: raft.server.staging.catchup.gap = 1000 (default)
datanode_1  | 2019-10-19 00:51:37,877 INFO server.RaftServerConfigKeys: raft.server.write.element-limit = 4096 (default)
scm_1       | WARNING: Use --illegal-access=warn to enable warnings of further illegal reflective access operations
scm_1       | WARNING: All illegal access operations will be denied in a future release
datanode_2  | 2019-10-19 00:51:36,872 INFO server.RaftServerConfigKeys: raft.server.rpc.sleep.time = 25ms (default)
datanode_3  | 2019-10-19 00:51:38,500 INFO server.RaftServerConfigKeys: raft.server.rpc.sleep.time = 25ms (default)
datanode_1  | 2019-10-19 00:51:37,880 INFO server.RaftServerConfigKeys: raft.server.watch.timeout = 10s (default)
scm_1       | 2019-10-19 00:51:36,765 INFO pipeline.PipelineStateManager: Created pipeline Pipeline[ Id: 344d878c-8a95-4b66-bf94-634bedeeb39e, Nodes: e367246b-41ca-41cc-8829-f9562491466e{ip: 172.18.0.3, host: ozone-recon_datanode_2.ozone-recon_default, networkLocation: /default-rack, certSerialId: null}, Type:RATIS, Factor:ONE, State:OPEN]
scm_1       | 2019-10-19 00:51:37,240 INFO net.NetworkTopology: Added a new node: /default-rack/e0d5e08c-6238-4574-bf61-b3272a3e4e77
datanode_2  | 2019-10-19 00:51:36,874 INFO server.RaftServerConfigKeys: raft.server.write.element-limit = 4096 (default)
datanode_3  | 2019-10-19 00:51:38,503 INFO server.RaftServerConfigKeys: raft.server.write.element-limit = 4096 (default)
datanode_1  | 2019-10-19 00:51:37,880 INFO server.RaftServerConfigKeys: raft.server.watch.timeout.denomination = 1s (default)
scm_1       | 2019-10-19 00:51:37,241 INFO node.SCMNodeManager: Registered Data node : e0d5e08c-6238-4574-bf61-b3272a3e4e77{ip: 172.18.0.5, host: ozone-recon_datanode_1.ozone-recon_default, networkLocation: /default-rack, certSerialId: null}
scm_1       | 2019-10-19 00:51:37,313 INFO net.NetworkTopology: Added a new node: /default-rack/01b1e250-e002-488c-abdc-0df410182a48
datanode_2  | 2019-10-19 00:51:36,877 INFO server.RaftServerConfigKeys: raft.server.watch.timeout = 10s (default)
datanode_2  | 2019-10-19 00:51:36,877 INFO server.RaftServerConfigKeys: raft.server.watch.timeout.denomination = 1s (default)
datanode_2  | 2019-10-19 00:51:36,878 INFO server.RaftServerConfigKeys: raft.server.watch.element-limit = 65536 (default)
scm_1       | 2019-10-19 00:51:37,313 INFO node.SCMNodeManager: Registered Data node : 01b1e250-e002-488c-abdc-0df410182a48{ip: 172.18.0.7, host: ozone-recon_datanode_3.ozone-recon_default, networkLocation: /default-rack, certSerialId: null}
scm_1       | 2019-10-19 00:51:37,822 INFO pipeline.PipelineStateManager: Created pipeline Pipeline[ Id: b898522d-659f-40cf-b285-1558c0727b20, Nodes: e0d5e08c-6238-4574-bf61-b3272a3e4e77{ip: 172.18.0.5, host: ozone-recon_datanode_1.ozone-recon_default, networkLocation: /default-rack, certSerialId: null}, Type:RATIS, Factor:ONE, State:OPEN]
datanode_2  | 2019-10-19 00:51:36,888 INFO impl.RoleInfo: e367246b-41ca-41cc-8829-f9562491466e: start LeaderState
datanode_2  | 2019-10-19 00:51:36,904 INFO segmented.SegmentedRaftLogWorker: e367246b-41ca-41cc-8829-f9562491466e@group-634BEDEEB39E-SegmentedRaftLogWorker: Starting segment from index:0
scm_1       | 2019-10-19 00:51:38,389 INFO pipeline.PipelineStateManager: Created pipeline Pipeline[ Id: 761785e8-9278-4db7-ab31-edd411861721, Nodes: 01b1e250-e002-488c-abdc-0df410182a48{ip: 172.18.0.7, host: ozone-recon_datanode_3.ozone-recon_default, networkLocation: /default-rack, certSerialId: null}, Type:RATIS, Factor:ONE, State:OPEN]
datanode_1  | 2019-10-19 00:51:37,880 INFO server.RaftServerConfigKeys: raft.server.watch.element-limit = 65536 (default)
datanode_1  | 2019-10-19 00:51:37,892 INFO impl.RoleInfo: e0d5e08c-6238-4574-bf61-b3272a3e4e77: start LeaderState
datanode_3  | 2019-10-19 00:51:38,505 INFO server.RaftServerConfigKeys: raft.server.watch.timeout = 10s (default)
scm_1       | 2019-10-19 00:51:38,549 INFO pipeline.PipelineStateManager: Created pipeline Pipeline[ Id: 1cbad37a-4fc9-4334-8b5e-a30d898e6f78, Nodes: 01b1e250-e002-488c-abdc-0df410182a48{ip: 172.18.0.7, host: ozone-recon_datanode_3.ozone-recon_default, networkLocation: /default-rack, certSerialId: null}e367246b-41ca-41cc-8829-f9562491466e{ip: 172.18.0.3, host: ozone-recon_datanode_2.ozone-recon_default, networkLocation: /default-rack, certSerialId: null}e0d5e08c-6238-4574-bf61-b3272a3e4e77{ip: 172.18.0.5, host: ozone-recon_datanode_1.ozone-recon_default, networkLocation: /default-rack, certSerialId: null}, Type:RATIS, Factor:THREE, State:OPEN]
datanode_2  | 2019-10-19 00:51:36,912 INFO impl.RaftServerImpl: e367246b-41ca-41cc-8829-f9562491466e@group-634BEDEEB39E: set configuration 0: [e367246b-41ca-41cc-8829-f9562491466e:172.18.0.3:9858], old=null at 0
datanode_2  | 2019-10-19 00:51:37,039 INFO segmented.SegmentedRaftLogWorker: e367246b-41ca-41cc-8829-f9562491466e@group-634BEDEEB39E-SegmentedRaftLogWorker: created new log segment /data/metadata/ratis/344d878c-8a95-4b66-bf94-634bedeeb39e/current/log_inprogress_0
datanode_3  | 2019-10-19 00:51:38,505 INFO server.RaftServerConfigKeys: raft.server.watch.timeout.denomination = 1s (default)
datanode_2  | 2019-10-19 00:51:38,444 INFO impl.RaftServerProxy: e367246b-41ca-41cc-8829-f9562491466e: addNew group-A30D898E6F78:[01b1e250-e002-488c-abdc-0df410182a48:172.18.0.7:9858, e0d5e08c-6238-4574-bf61-b3272a3e4e77:172.18.0.5:9858, e367246b-41ca-41cc-8829-f9562491466e:172.18.0.3:9858] returns group-A30D898E6F78:java.util.concurrent.CompletableFuture@3fb62a4c[Not completed]
datanode_2  | 2019-10-19 00:51:38,448 INFO impl.RaftServerImpl: e367246b-41ca-41cc-8829-f9562491466e: new RaftServerImpl for group-A30D898E6F78:[01b1e250-e002-488c-abdc-0df410182a48:172.18.0.7:9858, e0d5e08c-6238-4574-bf61-b3272a3e4e77:172.18.0.5:9858, e367246b-41ca-41cc-8829-f9562491466e:172.18.0.3:9858] with ContainerStateMachine:uninitialized
datanode_3  | 2019-10-19 00:51:38,506 INFO server.RaftServerConfigKeys: raft.server.watch.element-limit = 65536 (default)
scm_1       | 2019-10-19 00:51:51,915 INFO pipeline.PipelineStateManager: Created pipeline Pipeline[ Id: bbf00f4e-11a5-4f5e-a747-5a52209666bd, Nodes: e367246b-41ca-41cc-8829-f9562491466e{ip: 172.18.0.3, host: ozone-recon_datanode_2.ozone-recon_default, networkLocation: /default-rack, certSerialId: null}, Type:STAND_ALONE, Factor:ONE, State:OPEN]
datanode_2  | 2019-10-19 00:51:38,448 INFO server.RaftServerConfigKeys: raft.server.rpc.timeout.min = 5s (custom)
datanode_1  | 2019-10-19 00:51:37,907 INFO segmented.SegmentedRaftLogWorker: e0d5e08c-6238-4574-bf61-b3272a3e4e77@group-1558C0727B20-SegmentedRaftLogWorker: Starting segment from index:0
datanode_3  | 2019-10-19 00:51:38,509 INFO storage.RaftStorage: Storage directory /data/metadata/ratis/1cbad37a-4fc9-4334-8b5e-a30d898e6f78 has been successfully formatted.
datanode_2  | 2019-10-19 00:51:38,448 INFO server.RaftServerConfigKeys: raft.server.rpc.timeout.max = 5200ms (custom)
datanode_1  | 2019-10-19 00:51:37,914 INFO impl.RaftServerImpl: e0d5e08c-6238-4574-bf61-b3272a3e4e77@group-1558C0727B20: set configuration 0: [e0d5e08c-6238-4574-bf61-b3272a3e4e77:172.18.0.5:9858], old=null at 0
datanode_3  | 2019-10-19 00:51:38,509 [pool-8-thread-1] INFO       - group-A30D898E6F78: The snapshot info is null. Setting the last applied indexto:(t:0, i:~)
datanode_2  | 2019-10-19 00:51:38,448 INFO server.RaftServerConfigKeys: raft.server.rpcslowness.timeout = 120s (custom)
datanode_1  | 2019-10-19 00:51:38,034 INFO segmented.SegmentedRaftLogWorker: e0d5e08c-6238-4574-bf61-b3272a3e4e77@group-1558C0727B20-SegmentedRaftLogWorker: created new log segment /data/metadata/ratis/b898522d-659f-40cf-b285-1558c0727b20/current/log_inprogress_0
datanode_3  | 2019-10-19 00:51:38,509 INFO server.RaftServerConfigKeys: raft.server.notification.no-leader.timeout = 120s (custom)
datanode_2  | 2019-10-19 00:51:38,449 INFO server.RaftServerConfigKeys: raft.server.sleep.deviation.threshold = 300 (default)
datanode_1  | 2019-10-19 00:51:38,440 INFO impl.RaftServerProxy: e0d5e08c-6238-4574-bf61-b3272a3e4e77: addNew group-A30D898E6F78:[01b1e250-e002-488c-abdc-0df410182a48:172.18.0.7:9858, e0d5e08c-6238-4574-bf61-b3272a3e4e77:172.18.0.5:9858, e367246b-41ca-41cc-8829-f9562491466e:172.18.0.3:9858] returns group-A30D898E6F78:java.util.concurrent.CompletableFuture@3315ecf1[Not completed]
datanode_3  | 2019-10-19 00:51:38,510 INFO server.RaftServerConfigKeys: raft.server.log.use.memory = false (default)
datanode_1  | 2019-10-19 00:51:38,443 INFO impl.RaftServerImpl: e0d5e08c-6238-4574-bf61-b3272a3e4e77: new RaftServerImpl for group-A30D898E6F78:[01b1e250-e002-488c-abdc-0df410182a48:172.18.0.7:9858, e0d5e08c-6238-4574-bf61-b3272a3e4e77:172.18.0.5:9858, e367246b-41ca-41cc-8829-f9562491466e:172.18.0.3:9858] with ContainerStateMachine:uninitialized
datanode_1  | 2019-10-19 00:51:38,443 INFO server.RaftServerConfigKeys: raft.server.rpc.timeout.min = 5s (custom)
datanode_1  | 2019-10-19 00:51:38,443 INFO server.RaftServerConfigKeys: raft.server.rpc.timeout.max = 5200ms (custom)
datanode_2  | 2019-10-19 00:51:38,449 INFO server.RaftServerConfigKeys: raft.server.log.appender.install.snapshot.enabled = false (custom)
datanode_2  | 2019-10-19 00:51:38,449 INFO impl.RaftServerImpl: e367246b-41ca-41cc-8829-f9562491466e@group-A30D898E6F78: ConfigurationManager, init=-1: [01b1e250-e002-488c-abdc-0df410182a48:172.18.0.7:9858, e0d5e08c-6238-4574-bf61-b3272a3e4e77:172.18.0.5:9858, e367246b-41ca-41cc-8829-f9562491466e:172.18.0.3:9858], old=null, confs=<EMPTY_MAP>
datanode_2  | 2019-10-19 00:51:38,449 INFO server.RaftServerConfigKeys: raft.server.storage.dir = [/data/metadata/ratis] (custom)
datanode_1  | 2019-10-19 00:51:38,447 INFO server.RaftServerConfigKeys: raft.server.rpcslowness.timeout = 120s (custom)
datanode_3  | 2019-10-19 00:51:38,510 INFO server.RaftServerConfigKeys: raft.server.log.purge.gap = 1000000 (custom)
datanode_2  | 2019-10-19 00:51:38,449 INFO server.RaftServerConfigKeys: raft.server.log.corruption.policy = EXCEPTION (default)
datanode_1  | 2019-10-19 00:51:38,448 INFO server.RaftServerConfigKeys: raft.server.sleep.deviation.threshold = 300 (default)
datanode_3  | 2019-10-19 00:51:38,510 INFO server.RaftServerConfigKeys: raft.server.log.appender.buffer.byte-limit = 33554432 (custom)
datanode_2  | 2019-10-19 00:51:38,450 INFO storage.RaftStorageDirectory: The storage directory /data/metadata/ratis/1cbad37a-4fc9-4334-8b5e-a30d898e6f78 does not exist. Creating ...
datanode_1  | 2019-10-19 00:51:38,448 INFO server.RaftServerConfigKeys: raft.server.log.appender.install.snapshot.enabled = false (custom)
datanode_3  | 2019-10-19 00:51:38,510 INFO server.RaftServerConfigKeys: raft.server.log.segment.size.max = 1048576 (custom)
datanode_2  | 2019-10-19 00:51:38,495 INFO storage.RaftStorageDirectory: Lock on /data/metadata/ratis/1cbad37a-4fc9-4334-8b5e-a30d898e6f78/in_use.lock acquired by nodename 7@f1e197dfebf2
datanode_1  | 2019-10-19 00:51:38,448 INFO impl.RaftServerImpl: e0d5e08c-6238-4574-bf61-b3272a3e4e77@group-A30D898E6F78: ConfigurationManager, init=-1: [01b1e250-e002-488c-abdc-0df410182a48:172.18.0.7:9858, e0d5e08c-6238-4574-bf61-b3272a3e4e77:172.18.0.5:9858, e367246b-41ca-41cc-8829-f9562491466e:172.18.0.3:9858], old=null, confs=<EMPTY_MAP>
datanode_3  | 2019-10-19 00:51:38,517 INFO server.RaftServerConfigKeys: raft.server.log.segment.cache.num.max = 2 (custom)
datanode_2  | 2019-10-19 00:51:38,509 INFO storage.RaftStorage: Storage directory /data/metadata/ratis/1cbad37a-4fc9-4334-8b5e-a30d898e6f78 has been successfully formatted.
datanode_1  | 2019-10-19 00:51:38,448 INFO server.RaftServerConfigKeys: raft.server.storage.dir = [/data/metadata/ratis] (custom)
datanode_3  | 2019-10-19 00:51:38,517 INFO segmented.SegmentedRaftLogWorker: new 01b1e250-e002-488c-abdc-0df410182a48@group-A30D898E6F78-SegmentedRaftLogWorker for RaftStorage:Storage Directory /data/metadata/ratis/1cbad37a-4fc9-4334-8b5e-a30d898e6f78
datanode_2  | 2019-10-19 00:51:38,509 [pool-8-thread-1] INFO       - group-A30D898E6F78: The snapshot info is null. Setting the last applied indexto:(t:0, i:~)
datanode_1  | 2019-10-19 00:51:38,449 INFO server.RaftServerConfigKeys: raft.server.log.corruption.policy = EXCEPTION (default)
datanode_3  | 2019-10-19 00:51:38,517 INFO server.RaftServerConfigKeys: raft.server.log.queue.byte-limit = 2147483647 (custom)
datanode_1  | 2019-10-19 00:51:38,449 INFO storage.RaftStorageDirectory: The storage directory /data/metadata/ratis/1cbad37a-4fc9-4334-8b5e-a30d898e6f78 does not exist. Creating ...
datanode_2  | 2019-10-19 00:51:38,510 INFO server.RaftServerConfigKeys: raft.server.notification.no-leader.timeout = 120s (custom)
datanode_1  | 2019-10-19 00:51:38,495 INFO storage.RaftStorageDirectory: Lock on /data/metadata/ratis/1cbad37a-4fc9-4334-8b5e-a30d898e6f78/in_use.lock acquired by nodename 7@3fc6cdde1af5
datanode_2  | 2019-10-19 00:51:38,510 INFO server.RaftServerConfigKeys: raft.server.log.use.memory = false (default)
datanode_3  | 2019-10-19 00:51:38,517 INFO server.RaftServerConfigKeys: raft.server.log.queue.element-limit = 1024 (custom)
datanode_1  | 2019-10-19 00:51:38,509 INFO storage.RaftStorage: Storage directory /data/metadata/ratis/1cbad37a-4fc9-4334-8b5e-a30d898e6f78 has been successfully formatted.
datanode_2  | 2019-10-19 00:51:38,510 INFO server.RaftServerConfigKeys: raft.server.log.purge.gap = 1000000 (custom)
datanode_3  | 2019-10-19 00:51:38,517 INFO server.RaftServerConfigKeys: raft.server.log.segment.size.max = 1048576 (custom)
datanode_1  | 2019-10-19 00:51:38,509 [pool-8-thread-1] INFO       - group-A30D898E6F78: The snapshot info is null. Setting the last applied indexto:(t:0, i:~)
datanode_2  | 2019-10-19 00:51:38,510 INFO server.RaftServerConfigKeys: raft.server.log.appender.buffer.byte-limit = 33554432 (custom)
datanode_3  | 2019-10-19 00:51:38,517 INFO server.RaftServerConfigKeys: raft.server.log.preallocated.size = 16384 (custom)
datanode_1  | 2019-10-19 00:51:38,510 INFO server.RaftServerConfigKeys: raft.server.notification.no-leader.timeout = 120s (custom)
datanode_2  | 2019-10-19 00:51:38,511 INFO server.RaftServerConfigKeys: raft.server.log.segment.size.max = 1048576 (custom)
datanode_3  | 2019-10-19 00:51:38,517 INFO server.RaftServerConfigKeys: raft.server.log.write.buffer.size = 33554432 (custom)
datanode_1  | 2019-10-19 00:51:38,510 INFO server.RaftServerConfigKeys: raft.server.log.use.memory = false (default)
datanode_2  | 2019-10-19 00:51:38,511 INFO server.RaftServerConfigKeys: raft.server.log.segment.cache.num.max = 2 (custom)
datanode_3  | 2019-10-19 00:51:38,518 INFO server.RaftServerConfigKeys: raft.server.log.force.sync.num = 128 (default)
datanode_1  | 2019-10-19 00:51:38,510 INFO server.RaftServerConfigKeys: raft.server.log.purge.gap = 1000000 (custom)
datanode_2  | 2019-10-19 00:51:38,511 INFO segmented.SegmentedRaftLogWorker: new e367246b-41ca-41cc-8829-f9562491466e@group-A30D898E6F78-SegmentedRaftLogWorker for RaftStorage:Storage Directory /data/metadata/ratis/1cbad37a-4fc9-4334-8b5e-a30d898e6f78
datanode_3  | 2019-10-19 00:51:38,518 INFO server.RaftServerConfigKeys: raft.server.log.statemachine.data.sync = true (default)
datanode_1  | 2019-10-19 00:51:38,510 INFO server.RaftServerConfigKeys: raft.server.log.appender.buffer.byte-limit = 33554432 (custom)
datanode_2  | 2019-10-19 00:51:38,511 INFO server.RaftServerConfigKeys: raft.server.log.queue.byte-limit = 2147483647 (custom)
datanode_3  | 2019-10-19 00:51:38,518 INFO server.RaftServerConfigKeys: raft.server.log.statemachine.data.sync.timeout = 10s (default)
datanode_1  | 2019-10-19 00:51:38,510 INFO server.RaftServerConfigKeys: raft.server.log.segment.size.max = 1048576 (custom)
datanode_2  | 2019-10-19 00:51:38,511 INFO server.RaftServerConfigKeys: raft.server.log.queue.element-limit = 1024 (custom)
datanode_3  | 2019-10-19 00:51:38,518 INFO server.RaftServerConfigKeys: raft.server.log.statemachine.data.sync.timeout.retry = -1 (default)
datanode_2  | 2019-10-19 00:51:38,511 INFO server.RaftServerConfigKeys: raft.server.log.segment.size.max = 1048576 (custom)
datanode_1  | 2019-10-19 00:51:38,510 INFO server.RaftServerConfigKeys: raft.server.log.segment.cache.num.max = 2 (custom)
datanode_3  | 2019-10-19 00:51:38,518 INFO server.RaftServerConfigKeys: raft.server.log.statemachine.data.caching.enabled = true (custom)
datanode_2  | 2019-10-19 00:51:38,511 INFO server.RaftServerConfigKeys: raft.server.log.preallocated.size = 16384 (custom)
datanode_1  | 2019-10-19 00:51:38,510 INFO segmented.SegmentedRaftLogWorker: new e0d5e08c-6238-4574-bf61-b3272a3e4e77@group-A30D898E6F78-SegmentedRaftLogWorker for RaftStorage:Storage Directory /data/metadata/ratis/1cbad37a-4fc9-4334-8b5e-a30d898e6f78
datanode_3  | 2019-10-19 00:51:38,518 INFO segmented.SegmentedRaftLogWorker: 01b1e250-e002-488c-abdc-0df410182a48@group-A30D898E6F78-SegmentedRaftLogWorker: flushIndex: setUnconditionally 0 -> -1
datanode_2  | 2019-10-19 00:51:38,511 INFO server.RaftServerConfigKeys: raft.server.log.write.buffer.size = 33554432 (custom)
datanode_1  | 2019-10-19 00:51:38,511 INFO server.RaftServerConfigKeys: raft.server.log.queue.byte-limit = 2147483647 (custom)
datanode_3  | 2019-10-19 00:51:38,519 INFO server.RaftServerConfigKeys: raft.server.snapshot.auto.trigger.enabled = true (custom)
datanode_2  | 2019-10-19 00:51:38,511 INFO server.RaftServerConfigKeys: raft.server.log.force.sync.num = 128 (default)
datanode_1  | 2019-10-19 00:51:38,511 INFO server.RaftServerConfigKeys: raft.server.log.queue.element-limit = 1024 (custom)
datanode_3  | 2019-10-19 00:51:38,519 INFO server.RaftServerConfigKeys: raft.server.snapshot.auto.trigger.threshold = 10000 (custom)
datanode_2  | 2019-10-19 00:51:38,512 INFO server.RaftServerConfigKeys: raft.server.log.statemachine.data.sync = true (default)
datanode_3  | 2019-10-19 00:51:38,519 INFO server.RaftServerConfigKeys: raft.server.snapshot.retention.file.num = 5 (custom)
datanode_1  | 2019-10-19 00:51:38,511 INFO server.RaftServerConfigKeys: raft.server.log.segment.size.max = 1048576 (custom)
datanode_2  | 2019-10-19 00:51:38,512 INFO server.RaftServerConfigKeys: raft.server.log.statemachine.data.sync.timeout = 10s (default)
datanode_3  | 2019-10-19 00:51:38,519 INFO server.RaftServerConfigKeys: raft.server.retrycache.expirytime = 600000ms (custom)
datanode_1  | 2019-10-19 00:51:38,511 INFO server.RaftServerConfigKeys: raft.server.log.preallocated.size = 16384 (custom)
datanode_2  | 2019-10-19 00:51:38,512 INFO server.RaftServerConfigKeys: raft.server.log.statemachine.data.sync.timeout.retry = -1 (default)
datanode_3  | 2019-10-19 00:51:38,528 INFO impl.RaftServerImpl: 01b1e250-e002-488c-abdc-0df410182a48@group-A30D898E6F78: start as a follower, conf=-1: [01b1e250-e002-488c-abdc-0df410182a48:172.18.0.7:9858, e0d5e08c-6238-4574-bf61-b3272a3e4e77:172.18.0.5:9858, e367246b-41ca-41cc-8829-f9562491466e:172.18.0.3:9858], old=null
datanode_1  | 2019-10-19 00:51:38,511 INFO server.RaftServerConfigKeys: raft.server.log.write.buffer.size = 33554432 (custom)
datanode_2  | 2019-10-19 00:51:38,512 INFO server.RaftServerConfigKeys: raft.server.log.statemachine.data.caching.enabled = true (custom)
datanode_3  | 2019-10-19 00:51:38,528 INFO impl.RaftServerImpl: 01b1e250-e002-488c-abdc-0df410182a48@group-A30D898E6F78: changes role from      null to FOLLOWER at term 0 for startAsFollower
datanode_2  | 2019-10-19 00:51:38,512 INFO segmented.SegmentedRaftLogWorker: e367246b-41ca-41cc-8829-f9562491466e@group-A30D898E6F78-SegmentedRaftLogWorker: flushIndex: setUnconditionally 0 -> -1
datanode_1  | 2019-10-19 00:51:38,511 INFO server.RaftServerConfigKeys: raft.server.log.force.sync.num = 128 (default)
datanode_3  | 2019-10-19 00:51:38,528 INFO impl.RoleInfo: 01b1e250-e002-488c-abdc-0df410182a48: start FollowerState
datanode_2  | 2019-10-19 00:51:38,513 INFO server.RaftServerConfigKeys: raft.server.snapshot.auto.trigger.enabled = true (custom)
datanode_1  | 2019-10-19 00:51:38,511 INFO server.RaftServerConfigKeys: raft.server.log.statemachine.data.sync = true (default)
datanode_3  | 2019-10-19 00:51:38,529 INFO util.JmxRegister: Successfully registered JMX Bean with object name Ratis:service=RaftServer,group=group-A30D898E6F78,id=01b1e250-e002-488c-abdc-0df410182a48
datanode_2  | 2019-10-19 00:51:38,513 INFO server.RaftServerConfigKeys: raft.server.snapshot.auto.trigger.threshold = 10000 (custom)
datanode_1  | 2019-10-19 00:51:38,511 INFO server.RaftServerConfigKeys: raft.server.log.statemachine.data.sync.timeout = 10s (default)
datanode_3  | 2019-10-19 00:51:38,535 INFO impl.RoleInfo: 01b1e250-e002-488c-abdc-0df410182a48: start LeaderState
datanode_2  | 2019-10-19 00:51:38,513 INFO server.RaftServerConfigKeys: raft.server.snapshot.retention.file.num = 5 (custom)
datanode_1  | 2019-10-19 00:51:38,511 INFO server.RaftServerConfigKeys: raft.server.log.statemachine.data.sync.timeout.retry = -1 (default)
datanode_3  | 2019-10-19 00:51:38,559 INFO segmented.SegmentedRaftLogWorker: 01b1e250-e002-488c-abdc-0df410182a48@group-EDD411861721-SegmentedRaftLogWorker: Starting segment from index:0
datanode_2  | 2019-10-19 00:51:38,513 INFO server.RaftServerConfigKeys: raft.server.retrycache.expirytime = 600000ms (custom)
datanode_1  | 2019-10-19 00:51:38,511 INFO server.RaftServerConfigKeys: raft.server.log.statemachine.data.caching.enabled = true (custom)
datanode_3  | 2019-10-19 00:51:38,566 INFO impl.RaftServerImpl: 01b1e250-e002-488c-abdc-0df410182a48@group-EDD411861721: set configuration 0: [01b1e250-e002-488c-abdc-0df410182a48:172.18.0.7:9858], old=null at 0
datanode_2  | 2019-10-19 00:51:38,516 INFO impl.RaftServerImpl: e367246b-41ca-41cc-8829-f9562491466e@group-A30D898E6F78: start as a follower, conf=-1: [01b1e250-e002-488c-abdc-0df410182a48:172.18.0.7:9858, e0d5e08c-6238-4574-bf61-b3272a3e4e77:172.18.0.5:9858, e367246b-41ca-41cc-8829-f9562491466e:172.18.0.3:9858], old=null
datanode_1  | 2019-10-19 00:51:38,512 INFO segmented.SegmentedRaftLogWorker: e0d5e08c-6238-4574-bf61-b3272a3e4e77@group-A30D898E6F78-SegmentedRaftLogWorker: flushIndex: setUnconditionally 0 -> -1
datanode_3  | 2019-10-19 00:51:38,645 INFO impl.FollowerState: 01b1e250-e002-488c-abdc-0df410182a48@group-A30D898E6F78-FollowerState: change to CANDIDATE, lastRpcTime:116ms, electionTimeout:115ms
datanode_2  | 2019-10-19 00:51:38,517 INFO impl.RaftServerImpl: e367246b-41ca-41cc-8829-f9562491466e@group-A30D898E6F78: changes role from      null to FOLLOWER at term 0 for startAsFollower
datanode_1  | 2019-10-19 00:51:38,512 INFO server.RaftServerConfigKeys: raft.server.snapshot.auto.trigger.enabled = true (custom)
datanode_3  | 2019-10-19 00:51:38,646 INFO impl.RoleInfo: 01b1e250-e002-488c-abdc-0df410182a48: shutdown FollowerState
datanode_2  | 2019-10-19 00:51:38,517 INFO impl.RoleInfo: e367246b-41ca-41cc-8829-f9562491466e: start FollowerState
datanode_1  | 2019-10-19 00:51:38,513 INFO server.RaftServerConfigKeys: raft.server.snapshot.auto.trigger.threshold = 10000 (custom)
datanode_3  | 2019-10-19 00:51:38,646 INFO impl.RaftServerImpl: 01b1e250-e002-488c-abdc-0df410182a48@group-A30D898E6F78: changes role from  FOLLOWER to CANDIDATE at term 0 for changeToCandidate
datanode_2  | 2019-10-19 00:51:38,517 INFO util.JmxRegister: Successfully registered JMX Bean with object name Ratis:service=RaftServer,group=group-A30D898E6F78,id=e367246b-41ca-41cc-8829-f9562491466e
datanode_3  | 2019-10-19 00:51:38,646 INFO impl.RoleInfo: 01b1e250-e002-488c-abdc-0df410182a48: start LeaderElection
datanode_2  | 2019-10-19 00:51:38,593 INFO impl.FollowerState: e367246b-41ca-41cc-8829-f9562491466e@group-A30D898E6F78-FollowerState: change to CANDIDATE, lastRpcTime:76ms, electionTimeout:75ms
datanode_1  | 2019-10-19 00:51:38,513 INFO server.RaftServerConfigKeys: raft.server.snapshot.retention.file.num = 5 (custom)
datanode_3  | 2019-10-19 00:51:38,665 INFO impl.LeaderElection: 01b1e250-e002-488c-abdc-0df410182a48@group-A30D898E6F78-LeaderElection2: begin an election at term 1 for -1: [01b1e250-e002-488c-abdc-0df410182a48:172.18.0.7:9858, e0d5e08c-6238-4574-bf61-b3272a3e4e77:172.18.0.5:9858, e367246b-41ca-41cc-8829-f9562491466e:172.18.0.3:9858], old=null
datanode_1  | 2019-10-19 00:51:38,513 INFO server.RaftServerConfigKeys: raft.server.retrycache.expirytime = 600000ms (custom)
datanode_2  | 2019-10-19 00:51:38,594 INFO impl.RoleInfo: e367246b-41ca-41cc-8829-f9562491466e: shutdown FollowerState
datanode_3  | 2019-10-19 00:51:38,701 INFO segmented.SegmentedRaftLogWorker: 01b1e250-e002-488c-abdc-0df410182a48@group-EDD411861721-SegmentedRaftLogWorker: created new log segment /data/metadata/ratis/761785e8-9278-4db7-ab31-edd411861721/current/log_inprogress_0
datanode_1  | 2019-10-19 00:51:38,518 INFO impl.RaftServerImpl: e0d5e08c-6238-4574-bf61-b3272a3e4e77@group-A30D898E6F78: start as a follower, conf=-1: [01b1e250-e002-488c-abdc-0df410182a48:172.18.0.7:9858, e0d5e08c-6238-4574-bf61-b3272a3e4e77:172.18.0.5:9858, e367246b-41ca-41cc-8829-f9562491466e:172.18.0.3:9858], old=null
datanode_2  | 2019-10-19 00:51:38,594 INFO impl.RaftServerImpl: e367246b-41ca-41cc-8829-f9562491466e@group-A30D898E6F78: changes role from  FOLLOWER to CANDIDATE at term 0 for changeToCandidate
