om_1        | ---- ----------------- --------------------------------------------------------
kdc_1       | Principal "om/91d058462d7a@EXAMPLE.COM" created.
s3g_1       | Keytab name: FILE:/etc/security/keytabs/HTTP.keytab
datanode_3  | 
scm_1       | ---- ----------------- --------------------------------------------------------
kms_1       | Keytab name: FILE:/etc/security/keytabs/HTTP.keytab
rm_1        | 
jhs         | 2019-10-04 23:13:56 (11.0 MB/s) - '/etc/security/keytabs/HTTP.keytab' saved [144/144]
datanode_1  |    2 10/04/19 23:13:57 HTTP/4b7ee3438581@EXAMPLE.COM
datanode_2  | 
nm_1        | --2019-10-04 23:13:59--  http://kdc:8081/keytab/nm/testuser
om_1        |    2 10/04/19 23:13:59 HTTP/om@EXAMPLE.COM
kdc_1       | Authenticating as principal admin/admin with keytab /tmp/admin.keytab.
s3g_1       | KVNO Timestamp         Principal
datanode_3  | Keytab name: FILE:/etc/security/keytabs/HTTP.keytab
scm_1       |    2 10/04/19 23:14:00 HTTP/scm@EXAMPLE.COM
kms_1       | KVNO Timestamp         Principal
rm_1        | Keytab name: FILE:/etc/security/keytabs/HTTP.keytab
jhs         | 
datanode_1  |    2 10/04/19 23:13:57 HTTP/4b7ee3438581@EXAMPLE.COM
datanode_2  | Keytab name: FILE:/etc/security/keytabs/HTTP.keytab
nm_1        | Resolving kdc (kdc)... 172.18.0.11
om_1        |    2 10/04/19 23:13:59 HTTP/om@EXAMPLE.COM
kdc_1       | Entry for principal om/91d058462d7a@EXAMPLE.COM with kvno 2, encryption type aes256-cts-hmac-sha1-96 added to keytab WRFILE:/data/om.91d058462d7a.keytab.
s3g_1       | ---- ----------------- --------------------------------------------------------
datanode_3  | KVNO Timestamp         Principal
scm_1       |    2 10/04/19 23:14:00 HTTP/scm@EXAMPLE.COM
kms_1       | ---- ----------------- --------------------------------------------------------
rm_1        | KVNO Timestamp         Principal
jhs         | Keytab name: FILE:/etc/security/keytabs/HTTP.keytab
datanode_1  | Download testuser/4b7ee3438581@EXAMPLE.COM keytab file to /etc/security/keytabs/testuser.keytab
datanode_2  | KVNO Timestamp         Principal
nm_1        | Connecting to kdc (kdc)|172.18.0.11|:8081... connected.
om_1        | Download testuser/om@EXAMPLE.COM keytab file to /etc/security/keytabs/testuser.keytab
kdc_1       | Entry for principal om/91d058462d7a@EXAMPLE.COM with kvno 2, encryption type aes128-cts-hmac-sha1-96 added to keytab WRFILE:/data/om.91d058462d7a.keytab.
s3g_1       |    2 10/04/19 23:13:59 HTTP/s3g@EXAMPLE.COM
datanode_3  | ---- ----------------- --------------------------------------------------------
scm_1       | Download testuser/scm@EXAMPLE.COM keytab file to /etc/security/keytabs/testuser.keytab
kms_1       |    2 10/04/19 23:13:56 HTTP/b4edc1df7d52@EXAMPLE.COM
rm_1        | ---- ----------------- --------------------------------------------------------
jhs         | KVNO Timestamp         Principal
datanode_1  | --2019-10-04 23:13:57--  http://kdc:8081/keytab/4b7ee3438581/testuser
datanode_2  | ---- ----------------- --------------------------------------------------------
nm_1        | HTTP request sent, awaiting response... 200 OK
om_1        | --2019-10-04 23:13:59--  http://kdc:8081/keytab/om/testuser
kdc_1       | Generiting keytab
datanode_3  |    2 10/04/19 23:13:55 HTTP/91d058462d7a@EXAMPLE.COM
scm_1       | --2019-10-04 23:14:00--  http://kdc:8081/keytab/scm/testuser
s3g_1       |    2 10/04/19 23:13:59 HTTP/s3g@EXAMPLE.COM
kms_1       |    2 10/04/19 23:13:56 HTTP/b4edc1df7d52@EXAMPLE.COM
rm_1        |    2 10/04/19 23:13:56 HTTP/rm@EXAMPLE.COM
jhs         | ---- ----------------- --------------------------------------------------------
datanode_1  | Resolving kdc (kdc)... 172.18.0.11
datanode_2  |    2 10/04/19 23:13:56 HTTP/7a30f4b4e1b4@EXAMPLE.COM
nm_1        | Length: 150 [application/octet-stream]
om_1        | Resolving kdc (kdc)... 172.18.0.11
datanode_3  |    2 10/04/19 23:13:55 HTTP/91d058462d7a@EXAMPLE.COM
kdc_1       | Authenticating as principal admin/admin with keytab /tmp/admin.keytab.
scm_1       | Resolving kdc (kdc)... 172.18.0.11
s3g_1       | Download testuser/s3g@EXAMPLE.COM keytab file to /etc/security/keytabs/testuser.keytab
kms_1       | Download testuser/b4edc1df7d52@EXAMPLE.COM keytab file to /etc/security/keytabs/testuser.keytab
rm_1        |    2 10/04/19 23:13:56 HTTP/rm@EXAMPLE.COM
jhs         |    2 10/04/19 23:13:56 HTTP/jhs@EXAMPLE.COM
datanode_1  | Connecting to kdc (kdc)|172.18.0.11|:8081... connected.
nm_1        | Saving to: '/etc/security/keytabs/testuser.keytab'
om_1        | Connecting to kdc (kdc)|172.18.0.11|:8081... connected.
datanode_3  | Download testuser/91d058462d7a@EXAMPLE.COM keytab file to /etc/security/keytabs/testuser.keytab
kdc_1       | WARNING: no policy specified for dn/jhs@EXAMPLE.COM; defaulting to no policy
scm_1       | Connecting to kdc (kdc)|172.18.0.11|:8081... connected.
kms_1       | --2019-10-04 23:13:56--  http://kdc:8081/keytab/b4edc1df7d52/testuser
s3g_1       | --2019-10-04 23:13:59--  http://kdc:8081/keytab/s3g/testuser
datanode_2  |    2 10/04/19 23:13:56 HTTP/7a30f4b4e1b4@EXAMPLE.COM
rm_1        | Download testuser/rm@EXAMPLE.COM keytab file to /etc/security/keytabs/testuser.keytab
jhs         |    2 10/04/19 23:13:56 HTTP/jhs@EXAMPLE.COM
datanode_1  | HTTP request sent, awaiting response... 200 OK
nm_1        | 
om_1        | HTTP request sent, awaiting response... 200 OK
datanode_3  | --2019-10-04 23:13:55--  http://kdc:8081/keytab/91d058462d7a/testuser
kdc_1       | Principal "dn/jhs@EXAMPLE.COM" created.
scm_1       | HTTP request sent, awaiting response... 200 OK
kms_1       | Resolving kdc (kdc)... 172.18.0.11
s3g_1       | Resolving kdc (kdc)... 172.18.0.11
datanode_2  | Download testuser/7a30f4b4e1b4@EXAMPLE.COM keytab file to /etc/security/keytabs/testuser.keytab
rm_1        | --2019-10-04 23:13:57--  http://kdc:8081/keytab/rm/testuser
jhs         | Download testuser/jhs@EXAMPLE.COM keytab file to /etc/security/keytabs/testuser.keytab
datanode_1  | Length: 170 [application/octet-stream]
nm_1        |      0K                                                       100% 15.1M=0s
om_1        | Length: 150 [application/octet-stream]
datanode_3  | Resolving kdc (kdc)... 172.18.0.11
kdc_1       | Authenticating as principal admin/admin with keytab /tmp/admin.keytab.
scm_1       | Length: 152 [application/octet-stream]
kms_1       | Connecting to kdc (kdc)|172.18.0.11|:8081... connected.
s3g_1       | Connecting to kdc (kdc)|172.18.0.11|:8081... connected.
datanode_2  | --2019-10-04 23:13:56--  http://kdc:8081/keytab/7a30f4b4e1b4/testuser
rm_1        | Resolving kdc (kdc)... 172.18.0.11
jhs         | --2019-10-04 23:13:56--  http://kdc:8081/keytab/jhs/testuser
nm_1        | 
datanode_1  | Saving to: '/etc/security/keytabs/testuser.keytab'
om_1        | Saving to: '/etc/security/keytabs/testuser.keytab'
datanode_3  | Connecting to kdc (kdc)|172.18.0.11|:8081... connected.
kdc_1       | Entry for principal dn/jhs@EXAMPLE.COM with kvno 2, encryption type aes256-cts-hmac-sha1-96 added to keytab WRFILE:/data/dn.jhs.keytab.
scm_1       | Saving to: '/etc/security/keytabs/testuser.keytab'
kms_1       | HTTP request sent, awaiting response... 200 OK
s3g_1       | HTTP request sent, awaiting response... 200 OK
datanode_2  | Resolving kdc (kdc)... 172.18.0.11
rm_1        | Connecting to kdc (kdc)|172.18.0.11|:8081... connected.
jhs         | Resolving kdc (kdc)... 172.18.0.11
nm_1        | 2019-10-04 23:14:01 (15.1 MB/s) - '/etc/security/keytabs/testuser.keytab' saved [150/150]
datanode_1  | 
datanode_3  | HTTP request sent, awaiting response... 200 OK
om_1        | 
kdc_1       | Entry for principal dn/jhs@EXAMPLE.COM with kvno 2, encryption type aes128-cts-hmac-sha1-96 added to keytab WRFILE:/data/dn.jhs.keytab.
scm_1       | 
kms_1       | Length: 170 [application/octet-stream]
s3g_1       | Length: 152 [application/octet-stream]
datanode_2  | Connecting to kdc (kdc)|172.18.0.11|:8081... connected.
rm_1        | HTTP request sent, awaiting response... 200 OK
jhs         | Connecting to kdc (kdc)|172.18.0.11|:8081... connected.
nm_1        | 
datanode_1  |      0K                                                       100% 11.9M=0s
datanode_3  | Length: 170 [application/octet-stream]
om_1        |      0K                                                       100% 15.4M=0s
kdc_1       | Generiting keytab
kms_1       | Saving to: '/etc/security/keytabs/testuser.keytab'
scm_1       |      0K                                                       100% 9.28M=0s
s3g_1       | Saving to: '/etc/security/keytabs/testuser.keytab'
datanode_2  | HTTP request sent, awaiting response... 200 OK
rm_1        | Length: 150 [application/octet-stream]
jhs         | HTTP request sent, awaiting response... 200 OK
nm_1        | Keytab name: FILE:/etc/security/keytabs/testuser.keytab
datanode_1  | 
datanode_3  | Saving to: '/etc/security/keytabs/testuser.keytab'
om_1        | 
kdc_1       | Authenticating as principal admin/admin with keytab /tmp/admin.keytab.
kms_1       | 
scm_1       | 
s3g_1       | 
rm_1        | Saving to: '/etc/security/keytabs/testuser.keytab'
jhs         | Length: 152 [application/octet-stream]
datanode_2  | Length: 170 [application/octet-stream]
nm_1        | KVNO Timestamp         Principal
datanode_1  | 2019-10-04 23:13:58 (11.9 MB/s) - '/etc/security/keytabs/testuser.keytab' saved [170/170]
datanode_3  | 
om_1        | 2019-10-04 23:14:01 (15.4 MB/s) - '/etc/security/keytabs/testuser.keytab' saved [150/150]
kdc_1       | WARNING: no policy specified for dn/rm@EXAMPLE.COM; defaulting to no policy
kms_1       |      0K                                                       100% 24.6M=0s
scm_1       | 2019-10-04 23:14:01 (9.28 MB/s) - '/etc/security/keytabs/testuser.keytab' saved [152/152]
s3g_1       |      0K                                                       100% 11.0M=0s
rm_1        | 
jhs         | Saving to: '/etc/security/keytabs/testuser.keytab'
datanode_2  | Saving to: '/etc/security/keytabs/testuser.keytab'
nm_1        | ---- ----------------- --------------------------------------------------------
datanode_1  | 
datanode_3  |      0K                                                       100% 12.4M=0s
om_1        | 
kdc_1       | Principal "dn/rm@EXAMPLE.COM" created.
kms_1       | 
scm_1       | 
s3g_1       | 
rm_1        |      0K                                                       100% 12.6M=0s
jhs         | 
datanode_2  | 
nm_1        |    2 10/04/19 23:14:01 testuser/nm@EXAMPLE.COM
datanode_1  | Keytab name: FILE:/etc/security/keytabs/testuser.keytab
datanode_3  | 
om_1        | Keytab name: FILE:/etc/security/keytabs/testuser.keytab
kdc_1       | Authenticating as principal admin/admin with keytab /tmp/admin.keytab.
kms_1       | 2019-10-04 23:13:57 (24.6 MB/s) - '/etc/security/keytabs/testuser.keytab' saved [170/170]
scm_1       | Keytab name: FILE:/etc/security/keytabs/testuser.keytab
s3g_1       | 2019-10-04 23:14:01 (11.0 MB/s) - '/etc/security/keytabs/testuser.keytab' saved [152/152]
rm_1        | 
jhs         |      0K                                                       100% 20.6M=0s
datanode_2  |      0K                                                       100% 22.7M=0s
nm_1        |    2 10/04/19 23:14:01 testuser/nm@EXAMPLE.COM
datanode_1  | KVNO Timestamp         Principal
om_1        | KVNO Timestamp         Principal
kdc_1       | Entry for principal dn/rm@EXAMPLE.COM with kvno 2, encryption type aes256-cts-hmac-sha1-96 added to keytab WRFILE:/data/dn.rm.keytab.
datanode_3  | 2019-10-04 23:13:56 (12.4 MB/s) - '/etc/security/keytabs/testuser.keytab' saved [170/170]
kms_1       | 
scm_1       | KVNO Timestamp         Principal
s3g_1       | 
rm_1        | 2019-10-04 23:13:58 (12.6 MB/s) - '/etc/security/keytabs/testuser.keytab' saved [150/150]
jhs         | 
datanode_2  | 
nm_1        | Download s3g/nm@EXAMPLE.COM keytab file to /etc/security/keytabs/s3g.keytab
datanode_1  | ---- ----------------- --------------------------------------------------------
om_1        | ---- ----------------- --------------------------------------------------------
datanode_3  | 
kms_1       | Keytab name: FILE:/etc/security/keytabs/testuser.keytab
kdc_1       | Entry for principal dn/rm@EXAMPLE.COM with kvno 2, encryption type aes128-cts-hmac-sha1-96 added to keytab WRFILE:/data/dn.rm.keytab.
scm_1       | ---- ----------------- --------------------------------------------------------
s3g_1       | Keytab name: FILE:/etc/security/keytabs/testuser.keytab
rm_1        | 
jhs         | 2019-10-04 23:13:57 (20.6 MB/s) - '/etc/security/keytabs/testuser.keytab' saved [152/152]
datanode_2  | 2019-10-04 23:13:57 (22.7 MB/s) - '/etc/security/keytabs/testuser.keytab' saved [170/170]
nm_1        | --2019-10-04 23:14:01--  http://kdc:8081/keytab/nm/s3g
datanode_1  |    2 10/04/19 23:13:58 testuser/4b7ee3438581@EXAMPLE.COM
om_1        |    2 10/04/19 23:14:01 testuser/om@EXAMPLE.COM
datanode_3  | Keytab name: FILE:/etc/security/keytabs/testuser.keytab
kms_1       | KVNO Timestamp         Principal
kdc_1       | Generiting keytab
scm_1       |    2 10/04/19 23:14:01 testuser/scm@EXAMPLE.COM
s3g_1       | KVNO Timestamp         Principal
rm_1        | Keytab name: FILE:/etc/security/keytabs/testuser.keytab
jhs         | 
datanode_2  | 
nm_1        | Resolving kdc (kdc)... 172.18.0.11
datanode_1  |    2 10/04/19 23:13:58 testuser/4b7ee3438581@EXAMPLE.COM
om_1        |    2 10/04/19 23:14:01 testuser/om@EXAMPLE.COM
datanode_3  | KVNO Timestamp         Principal
kdc_1       | Authenticating as principal admin/admin with keytab /tmp/admin.keytab.
scm_1       |    2 10/04/19 23:14:01 testuser/scm@EXAMPLE.COM
kms_1       | ---- ----------------- --------------------------------------------------------
s3g_1       | ---- ----------------- --------------------------------------------------------
rm_1        | KVNO Timestamp         Principal
jhs         | Keytab name: FILE:/etc/security/keytabs/testuser.keytab
datanode_2  | Keytab name: FILE:/etc/security/keytabs/testuser.keytab
nm_1        | Connecting to kdc (kdc)|172.18.0.11|:8081... connected.
datanode_1  | Download s3g/4b7ee3438581@EXAMPLE.COM keytab file to /etc/security/keytabs/s3g.keytab
om_1        | Download s3g/om@EXAMPLE.COM keytab file to /etc/security/keytabs/s3g.keytab
datanode_3  | ---- ----------------- --------------------------------------------------------
kdc_1       | WARNING: no policy specified for dn/4b7ee3438581@EXAMPLE.COM; defaulting to no policy
scm_1       | Download s3g/scm@EXAMPLE.COM keytab file to /etc/security/keytabs/s3g.keytab
kms_1       |    2 10/04/19 23:13:57 testuser/b4edc1df7d52@EXAMPLE.COM
s3g_1       |    2 10/04/19 23:14:00 testuser/s3g@EXAMPLE.COM
rm_1        | ---- ----------------- --------------------------------------------------------
jhs         | KVNO Timestamp         Principal
datanode_2  | KVNO Timestamp         Principal
nm_1        | HTTP request sent, awaiting response... 200 OK
datanode_1  | --2019-10-04 23:13:58--  http://kdc:8081/keytab/4b7ee3438581/s3g
om_1        | --2019-10-04 23:14:01--  http://kdc:8081/keytab/om/s3g
kdc_1       | Principal "dn/4b7ee3438581@EXAMPLE.COM" created.
datanode_3  |    2 10/04/19 23:13:56 testuser/91d058462d7a@EXAMPLE.COM
scm_1       | --2019-10-04 23:14:01--  http://kdc:8081/keytab/scm/s3g
kms_1       |    2 10/04/19 23:13:57 testuser/b4edc1df7d52@EXAMPLE.COM
rm_1        |    2 10/04/19 23:13:58 testuser/rm@EXAMPLE.COM
s3g_1       |    2 10/04/19 23:14:01 testuser/s3g@EXAMPLE.COM
jhs         | ---- ----------------- --------------------------------------------------------
datanode_2  | ---- ----------------- --------------------------------------------------------
nm_1        | Length: 140 [application/octet-stream]
datanode_1  | Resolving kdc (kdc)... 172.18.0.11
om_1        | Resolving kdc (kdc)... 172.18.0.11
kdc_1       | Authenticating as principal admin/admin with keytab /tmp/admin.keytab.
datanode_3  |    2 10/04/19 23:13:56 testuser/91d058462d7a@EXAMPLE.COM
scm_1       | Resolving kdc (kdc)... 172.18.0.11
kms_1       | Download s3g/b4edc1df7d52@EXAMPLE.COM keytab file to /etc/security/keytabs/s3g.keytab
rm_1        |    2 10/04/19 23:13:58 testuser/rm@EXAMPLE.COM
s3g_1       | Download s3g/s3g@EXAMPLE.COM keytab file to /etc/security/keytabs/s3g.keytab
jhs         |    2 10/04/19 23:13:57 testuser/jhs@EXAMPLE.COM
datanode_2  |    2 10/04/19 23:13:57 testuser/7a30f4b4e1b4@EXAMPLE.COM
nm_1        | Saving to: '/etc/security/keytabs/s3g.keytab'
datanode_1  | Connecting to kdc (kdc)|172.18.0.11|:8081... connected.
om_1        | Connecting to kdc (kdc)|172.18.0.11|:8081... connected.
kdc_1       | Entry for principal dn/4b7ee3438581@EXAMPLE.COM with kvno 2, encryption type aes256-cts-hmac-sha1-96 added to keytab WRFILE:/data/dn.4b7ee3438581.keytab.
datanode_3  | Download s3g/91d058462d7a@EXAMPLE.COM keytab file to /etc/security/keytabs/s3g.keytab
scm_1       | Connecting to kdc (kdc)|172.18.0.11|:8081... connected.
kms_1       | --2019-10-04 23:13:57--  http://kdc:8081/keytab/b4edc1df7d52/s3g
rm_1        | Download s3g/rm@EXAMPLE.COM keytab file to /etc/security/keytabs/s3g.keytab
s3g_1       | --2019-10-04 23:14:01--  http://kdc:8081/keytab/s3g/s3g
datanode_2  |    2 10/04/19 23:13:57 testuser/7a30f4b4e1b4@EXAMPLE.COM
jhs         |    2 10/04/19 23:13:57 testuser/jhs@EXAMPLE.COM
nm_1        | 
datanode_1  | HTTP request sent, awaiting response... 200 OK
kdc_1       | Entry for principal dn/4b7ee3438581@EXAMPLE.COM with kvno 2, encryption type aes128-cts-hmac-sha1-96 added to keytab WRFILE:/data/dn.4b7ee3438581.keytab.
datanode_3  | --2019-10-04 23:13:56--  http://kdc:8081/keytab/91d058462d7a/s3g
om_1        | HTTP request sent, awaiting response... 200 OK
scm_1       | HTTP request sent, awaiting response... 200 OK
kms_1       | Resolving kdc (kdc)... 172.18.0.11
rm_1        | --2019-10-04 23:13:58--  http://kdc:8081/keytab/rm/s3g
datanode_2  | Download s3g/7a30f4b4e1b4@EXAMPLE.COM keytab file to /etc/security/keytabs/s3g.keytab
jhs         | Download s3g/jhs@EXAMPLE.COM keytab file to /etc/security/keytabs/s3g.keytab
s3g_1       | Resolving kdc (kdc)... 172.18.0.11
nm_1        |      0K                                                       100% 9.62M=0s
datanode_1  | Length: 160 [application/octet-stream]
datanode_3  | Resolving kdc (kdc)... 172.18.0.11
om_1        | Length: 140 [application/octet-stream]
scm_1       | Length: 142 [application/octet-stream]
kdc_1       | Generiting keytab
kms_1       | Connecting to kdc (kdc)|172.18.0.11|:8081... connected.
rm_1        | Resolving kdc (kdc)... 172.18.0.11
jhs         | --2019-10-04 23:13:57--  http://kdc:8081/keytab/jhs/s3g
datanode_2  | --2019-10-04 23:13:57--  http://kdc:8081/keytab/7a30f4b4e1b4/s3g
s3g_1       | Connecting to kdc (kdc)|172.18.0.11|:8081... connected.
nm_1        | 
datanode_1  | Saving to: '/etc/security/keytabs/s3g.keytab'
datanode_3  | Connecting to kdc (kdc)|172.18.0.11|:8081... connected.
om_1        | Saving to: '/etc/security/keytabs/s3g.keytab'
scm_1       | Saving to: '/etc/security/keytabs/s3g.keytab'
kdc_1       | Authenticating as principal admin/admin with keytab /tmp/admin.keytab.
kms_1       | HTTP request sent, awaiting response... 200 OK
rm_1        | Connecting to kdc (kdc)|172.18.0.11|:8081... connected.
jhs         | Resolving kdc (kdc)... 172.18.0.11
datanode_2  | Resolving kdc (kdc)... 172.18.0.11
s3g_1       | HTTP request sent, awaiting response... 200 OK
nm_1        | 2019-10-04 23:14:03 (9.62 MB/s) - '/etc/security/keytabs/s3g.keytab' saved [140/140]
datanode_1  | 
datanode_3  | HTTP request sent, awaiting response... 200 OK
scm_1       | 
kdc_1       | WARNING: no policy specified for om/7a30f4b4e1b4@EXAMPLE.COM; defaulting to no policy
kms_1       | Length: 160 [application/octet-stream]
rm_1        | HTTP request sent, awaiting response... 200 OK
jhs         | Connecting to kdc (kdc)|172.18.0.11|:8081... connected.
datanode_2  | Connecting to kdc (kdc)|172.18.0.11|:8081... connected.
nm_1        | 
s3g_1       | Length: 142 [application/octet-stream]
om_1        | 
datanode_1  |      0K                                                       100% 14.1M=0s
datanode_3  | Length: 160 [application/octet-stream]
scm_1       |      0K                                                       100% 12.0M=0s
kdc_1       | Principal "om/7a30f4b4e1b4@EXAMPLE.COM" created.
kms_1       | Saving to: '/etc/security/keytabs/s3g.keytab'
rm_1        | Length: 140 [application/octet-stream]
jhs         | HTTP request sent, awaiting response... 200 OK
datanode_2  | HTTP request sent, awaiting response... 200 OK
nm_1        | Keytab name: FILE:/etc/security/keytabs/s3g.keytab
s3g_1       | Saving to: '/etc/security/keytabs/s3g.keytab'
om_1        |      0K                                                       100% 9.51M=0s
datanode_1  | 
datanode_3  | Saving to: '/etc/security/keytabs/s3g.keytab'
scm_1       | 
kdc_1       | Authenticating as principal admin/admin with keytab /tmp/admin.keytab.
kms_1       | 
rm_1        | Saving to: '/etc/security/keytabs/s3g.keytab'
jhs         | Length: 142 [application/octet-stream]
datanode_2  | Length: 160 [application/octet-stream]
nm_1        | KVNO Timestamp         Principal
s3g_1       | 
om_1        | 
datanode_1  | 2019-10-04 23:14:00 (14.1 MB/s) - '/etc/security/keytabs/s3g.keytab' saved [160/160]
datanode_3  | 
scm_1       | 2019-10-04 23:14:03 (12.0 MB/s) - '/etc/security/keytabs/s3g.keytab' saved [142/142]
kdc_1       | Oct 04 23:13:52 kdc krb5kdc[9](info): AS_REQ (8 etypes {18 17 20 19 16 23 25 26}) 127.0.0.1: SERVER_NOT_FOUND: admin/admin@EXAMPLE.COM for kadmin/localhost@EXAMPLE.COM, Server not found in Kerberos database
kms_1       |      0K                                                       100% 12.7M=0s
rm_1        | 
jhs         | Saving to: '/etc/security/keytabs/s3g.keytab'
datanode_2  | Saving to: '/etc/security/keytabs/s3g.keytab'
nm_1        | ---- ----------------- --------------------------------------------------------
s3g_1       |      0K                                                       100% 8.73M=0s
om_1        | 2019-10-04 23:14:03 (9.51 MB/s) - '/etc/security/keytabs/s3g.keytab' saved [140/140]
datanode_1  | 
datanode_3  |      0K                                                       100% 6.46M=0s
scm_1       | 
kdc_1       | Oct 04 23:13:52 kdc krb5kdc[9](info): AS_REQ (8 etypes {18 17 20 19 16 23 25 26}) 127.0.0.1: ISSUE: authtime 1570230832, etypes {rep=18 tkt=18 ses=18}, admin/admin@EXAMPLE.COM for kadmin/admin@EXAMPLE.COM
kms_1       | 
rm_1        |      0K                                                       100% 7.96M=0s
jhs         | 
datanode_2  | 
nm_1        |    2 10/04/19 23:14:03 s3g/nm@EXAMPLE.COM
s3g_1       | 
om_1        | 
datanode_1  | Keytab name: FILE:/etc/security/keytabs/s3g.keytab
datanode_3  | 
scm_1       | Keytab name: FILE:/etc/security/keytabs/s3g.keytab
kdc_1       | Oct 04 23:13:52 kdc krb5kdc[9](info): AS_REQ (8 etypes {18 17 20 19 16 23 25 26}) 127.0.0.1: SERVER_NOT_FOUND: admin/admin@EXAMPLE.COM for kadmin/localhost@EXAMPLE.COM, Server not found in Kerberos database
kms_1       | 2019-10-04 23:13:58 (12.7 MB/s) - '/etc/security/keytabs/s3g.keytab' saved [160/160]
rm_1        | 
jhs         |      0K                                                       100% 13.6M=0s
datanode_2  |      0K                                                       100% 12.0M=0s
nm_1        |    2 10/04/19 23:14:03 s3g/nm@EXAMPLE.COM
s3g_1       | 2019-10-04 23:14:02 (8.73 MB/s) - '/etc/security/keytabs/s3g.keytab' saved [142/142]
om_1        | Keytab name: FILE:/etc/security/keytabs/s3g.keytab
datanode_1  | KVNO Timestamp         Principal
datanode_3  | 2019-10-04 23:13:57 (6.46 MB/s) - '/etc/security/keytabs/s3g.keytab' saved [160/160]
scm_1       | KVNO Timestamp         Principal
kdc_1       | Oct 04 23:13:52 kdc krb5kdc[9](info): AS_REQ (8 etypes {18 17 20 19 16 23 25 26}) 127.0.0.1: ISSUE: authtime 1570230832, etypes {rep=18 tkt=18 ses=18}, admin/admin@EXAMPLE.COM for kadmin/admin@EXAMPLE.COM
kms_1       | 
rm_1        | 2019-10-04 23:13:59 (7.96 MB/s) - '/etc/security/keytabs/s3g.keytab' saved [140/140]
jhs         | 
datanode_2  | 
nm_1        | Download rm/nm@EXAMPLE.COM keytab file to /etc/security/keytabs/rm.keytab
s3g_1       | 
om_1        | KVNO Timestamp         Principal
datanode_1  | ---- ----------------- --------------------------------------------------------
datanode_3  | 
scm_1       | ---- ----------------- --------------------------------------------------------
kdc_1       | Oct 04 23:13:52 kdc krb5kdc[9](info): AS_REQ (8 etypes {18 17 20 19 16 23 25 26}) 127.0.0.1: SERVER_NOT_FOUND: admin/admin@EXAMPLE.COM for kadmin/localhost@EXAMPLE.COM, Server not found in Kerberos database
kms_1       | Keytab name: FILE:/etc/security/keytabs/s3g.keytab
rm_1        | 
jhs         | 2019-10-04 23:13:59 (13.6 MB/s) - '/etc/security/keytabs/s3g.keytab' saved [142/142]
datanode_2  | 2019-10-04 23:13:58 (12.0 MB/s) - '/etc/security/keytabs/s3g.keytab' saved [160/160]
nm_1        | --2019-10-04 23:14:03--  http://kdc:8081/keytab/nm/rm
s3g_1       | Keytab name: FILE:/etc/security/keytabs/s3g.keytab
om_1        | ---- ----------------- --------------------------------------------------------
datanode_1  |    2 10/04/19 23:14:00 s3g/4b7ee3438581@EXAMPLE.COM
datanode_3  | Keytab name: FILE:/etc/security/keytabs/s3g.keytab
scm_1       |    2 10/04/19 23:14:03 s3g/scm@EXAMPLE.COM
kdc_1       | Oct 04 23:13:52 kdc krb5kdc[9](info): AS_REQ (8 etypes {18 17 20 19 16 23 25 26}) 127.0.0.1: ISSUE: authtime 1570230832, etypes {rep=18 tkt=18 ses=18}, admin/admin@EXAMPLE.COM for kadmin/admin@EXAMPLE.COM
kms_1       | KVNO Timestamp         Principal
rm_1        | Keytab name: FILE:/etc/security/keytabs/s3g.keytab
jhs         | 
datanode_2  | 
nm_1        | Resolving kdc (kdc)... 172.18.0.11
s3g_1       | KVNO Timestamp         Principal
om_1        |    2 10/04/19 23:14:03 s3g/om@EXAMPLE.COM
datanode_1  |    2 10/04/19 23:14:00 s3g/4b7ee3438581@EXAMPLE.COM
datanode_3  | KVNO Timestamp         Principal
scm_1       |    2 10/04/19 23:14:03 s3g/scm@EXAMPLE.COM
kdc_1       | Oct 04 23:13:52 kdc krb5kdc[9](info): AS_REQ (8 etypes {18 17 20 19 16 23 25 26}) 127.0.0.1: SERVER_NOT_FOUND: admin/admin@EXAMPLE.COM for kadmin/localhost@EXAMPLE.COM, Server not found in Kerberos database
kms_1       | ---- ----------------- --------------------------------------------------------
rm_1        | KVNO Timestamp         Principal
jhs         | Keytab name: FILE:/etc/security/keytabs/s3g.keytab
datanode_2  | Keytab name: FILE:/etc/security/keytabs/s3g.keytab
nm_1        | Connecting to kdc (kdc)|172.18.0.11|:8081... connected.
s3g_1       | ---- ----------------- --------------------------------------------------------
om_1        |    2 10/04/19 23:14:03 s3g/om@EXAMPLE.COM
datanode_1  | Download rm/4b7ee3438581@EXAMPLE.COM keytab file to /etc/security/keytabs/rm.keytab
datanode_3  | ---- ----------------- --------------------------------------------------------
scm_1       | Download rm/scm@EXAMPLE.COM keytab file to /etc/security/keytabs/rm.keytab
kdc_1       | Oct 04 23:13:52 kdc krb5kdc[9](info): AS_REQ (8 etypes {18 17 20 19 16 23 25 26}) 127.0.0.1: ISSUE: authtime 1570230832, etypes {rep=18 tkt=18 ses=18}, admin/admin@EXAMPLE.COM for kadmin/admin@EXAMPLE.COM
kms_1       |    2 10/04/19 23:13:58 s3g/b4edc1df7d52@EXAMPLE.COM
rm_1        | ---- ----------------- --------------------------------------------------------
jhs         | KVNO Timestamp         Principal
datanode_2  | KVNO Timestamp         Principal
s3g_1       |    2 10/04/19 23:14:02 s3g/s3g@EXAMPLE.COM
om_1        | Download rm/om@EXAMPLE.COM keytab file to /etc/security/keytabs/rm.keytab
nm_1        | HTTP request sent, awaiting response... 200 OK
datanode_1  | --2019-10-04 23:14:00--  http://kdc:8081/keytab/4b7ee3438581/rm
datanode_3  |    2 10/04/19 23:13:57 s3g/91d058462d7a@EXAMPLE.COM
scm_1       | --2019-10-04 23:14:03--  http://kdc:8081/keytab/scm/rm
kdc_1       | Oct 04 23:13:52 kdc krb5kdc[9](info): AS_REQ (8 etypes {18 17 20 19 16 23 25 26}) 127.0.0.1: SERVER_NOT_FOUND: admin/admin@EXAMPLE.COM for kadmin/localhost@EXAMPLE.COM, Server not found in Kerberos database
kms_1       |    2 10/04/19 23:13:58 s3g/b4edc1df7d52@EXAMPLE.COM
rm_1        |    2 10/04/19 23:13:59 s3g/rm@EXAMPLE.COM
datanode_2  | ---- ----------------- --------------------------------------------------------
jhs         | ---- ----------------- --------------------------------------------------------
s3g_1       |    2 10/04/19 23:14:02 s3g/s3g@EXAMPLE.COM
om_1        | --2019-10-04 23:14:03--  http://kdc:8081/keytab/om/rm
nm_1        | Length: 138 [application/octet-stream]
datanode_1  | Resolving kdc (kdc)... 172.18.0.11
datanode_3  |    2 10/04/19 23:13:57 s3g/91d058462d7a@EXAMPLE.COM
scm_1       | Resolving kdc (kdc)... 172.18.0.11
kdc_1       | Oct 04 23:13:52 kdc krb5kdc[9](info): AS_REQ (8 etypes {18 17 20 19 16 23 25 26}) 127.0.0.1: ISSUE: authtime 1570230832, etypes {rep=18 tkt=18 ses=18}, admin/admin@EXAMPLE.COM for kadmin/admin@EXAMPLE.COM
kms_1       | Download rm/b4edc1df7d52@EXAMPLE.COM keytab file to /etc/security/keytabs/rm.keytab
rm_1        |    2 10/04/19 23:13:59 s3g/rm@EXAMPLE.COM
datanode_2  |    2 10/04/19 23:13:58 s3g/7a30f4b4e1b4@EXAMPLE.COM
jhs         |    2 10/04/19 23:13:59 s3g/jhs@EXAMPLE.COM
s3g_1       | Download rm/s3g@EXAMPLE.COM keytab file to /etc/security/keytabs/rm.keytab
om_1        | Resolving kdc (kdc)... 172.18.0.11
nm_1        | Saving to: '/etc/security/keytabs/rm.keytab'
datanode_1  | Connecting to kdc (kdc)|172.18.0.11|:8081... connected.
datanode_3  | Download rm/91d058462d7a@EXAMPLE.COM keytab file to /etc/security/keytabs/rm.keytab
kdc_1       | Oct 04 23:13:53 kdc krb5kdc[9](info): AS_REQ (8 etypes {18 17 20 19 16 23 25 26}) 127.0.0.1: SERVER_NOT_FOUND: admin/admin@EXAMPLE.COM for kadmin/localhost@EXAMPLE.COM, Server not found in Kerberos database
scm_1       | Connecting to kdc (kdc)|172.18.0.11|:8081... connected.
kms_1       | --2019-10-04 23:13:58--  http://kdc:8081/keytab/b4edc1df7d52/rm
rm_1        | Download rm/rm@EXAMPLE.COM keytab file to /etc/security/keytabs/rm.keytab
datanode_2  |    2 10/04/19 23:13:58 s3g/7a30f4b4e1b4@EXAMPLE.COM
jhs         |    2 10/04/19 23:13:59 s3g/jhs@EXAMPLE.COM
s3g_1       | --2019-10-04 23:14:02--  http://kdc:8081/keytab/s3g/rm
om_1        | Connecting to kdc (kdc)|172.18.0.11|:8081... connected.
nm_1        | 
datanode_1  | HTTP request sent, awaiting response... 200 OK
datanode_3  | --2019-10-04 23:13:57--  http://kdc:8081/keytab/91d058462d7a/rm
kdc_1       | Oct 04 23:13:53 kdc krb5kdc[9](info): AS_REQ (8 etypes {18 17 20 19 16 23 25 26}) 127.0.0.1: ISSUE: authtime 1570230833, etypes {rep=18 tkt=18 ses=18}, admin/admin@EXAMPLE.COM for kadmin/admin@EXAMPLE.COM
scm_1       | HTTP request sent, awaiting response... 200 OK
kms_1       | Resolving kdc (kdc)... 172.18.0.11
rm_1        | --2019-10-04 23:13:59--  http://kdc:8081/keytab/rm/rm
datanode_2  | Download rm/7a30f4b4e1b4@EXAMPLE.COM keytab file to /etc/security/keytabs/rm.keytab
jhs         | Download rm/jhs@EXAMPLE.COM keytab file to /etc/security/keytabs/rm.keytab
s3g_1       | Resolving kdc (kdc)... 172.18.0.11
om_1        | HTTP request sent, awaiting response... 200 OK
nm_1        |      0K                                                       100% 11.0M=0s
datanode_1  | Length: 158 [application/octet-stream]
datanode_3  | Resolving kdc (kdc)... 172.18.0.11
kdc_1       | Oct 04 23:13:53 kdc krb5kdc[9](info): AS_REQ (8 etypes {18 17 20 19 16 23 25 26}) 127.0.0.1: SERVER_NOT_FOUND: admin/admin@EXAMPLE.COM for kadmin/localhost@EXAMPLE.COM, Server not found in Kerberos database
scm_1       | Length: 140 [application/octet-stream]
kms_1       | Connecting to kdc (kdc)|172.18.0.11|:8081... connected.
rm_1        | Resolving kdc (kdc)... 172.18.0.11
datanode_2  | --2019-10-04 23:13:58--  http://kdc:8081/keytab/7a30f4b4e1b4/rm
jhs         | --2019-10-04 23:13:59--  http://kdc:8081/keytab/jhs/rm
s3g_1       | Connecting to kdc (kdc)|172.18.0.11|:8081... connected.
om_1        | Length: 138 [application/octet-stream]
nm_1        | 
datanode_1  | Saving to: '/etc/security/keytabs/rm.keytab'
datanode_3  | Connecting to kdc (kdc)|172.18.0.11|:8081... connected.
kdc_1       | Oct 04 23:13:53 kdc krb5kdc[9](info): AS_REQ (8 etypes {18 17 20 19 16 23 25 26}) 127.0.0.1: ISSUE: authtime 1570230833, etypes {rep=18 tkt=18 ses=18}, admin/admin@EXAMPLE.COM for kadmin/admin@EXAMPLE.COM
kms_1       | HTTP request sent, awaiting response... 200 OK
rm_1        | Connecting to kdc (kdc)|172.18.0.11|:8081... connected.
datanode_2  | Resolving kdc (kdc)... 172.18.0.11
scm_1       | Saving to: '/etc/security/keytabs/rm.keytab'
jhs         | Resolving kdc (kdc)... 172.18.0.11
s3g_1       | HTTP request sent, awaiting response... 200 OK
om_1        | Saving to: '/etc/security/keytabs/rm.keytab'
nm_1        | 2019-10-04 23:14:04 (11.0 MB/s) - '/etc/security/keytabs/rm.keytab' saved [138/138]
datanode_1  | 
datanode_3  | HTTP request sent, awaiting response... 200 OK
kdc_1       | Oct 04 23:13:53 kdc krb5kdc[9](info): AS_REQ (8 etypes {18 17 20 19 16 23 25 26}) 127.0.0.1: SERVER_NOT_FOUND: admin/admin@EXAMPLE.COM for kadmin/localhost@EXAMPLE.COM, Server not found in Kerberos database
rm_1        | HTTP request sent, awaiting response... 200 OK
datanode_2  | Connecting to kdc (kdc)|172.18.0.11|:8081... connected.
scm_1       | 
kms_1       | Length: 158 [application/octet-stream]
jhs         | Connecting to kdc (kdc)|172.18.0.11|:8081... connected.
om_1        | 
nm_1        | 
s3g_1       | Length: 140 [application/octet-stream]
datanode_1  |      0K                                                       100% 12.0M=0s
datanode_3  | Length: 158 [application/octet-stream]
kdc_1       | Oct 04 23:13:53 kdc krb5kdc[9](info): AS_REQ (8 etypes {18 17 20 19 16 23 25 26}) 127.0.0.1: ISSUE: authtime 1570230833, etypes {rep=18 tkt=18 ses=18}, admin/admin@EXAMPLE.COM for kadmin/admin@EXAMPLE.COM
rm_1        | Length: 138 [application/octet-stream]
datanode_2  | HTTP request sent, awaiting response... 200 OK
scm_1       |      0K                                                       100% 11.1M=0s
kms_1       | Saving to: '/etc/security/keytabs/rm.keytab'
jhs         | HTTP request sent, awaiting response... 200 OK
om_1        |      0K                                                       100% 9.40M=0s
nm_1        | Keytab name: FILE:/etc/security/keytabs/rm.keytab
s3g_1       | Saving to: '/etc/security/keytabs/rm.keytab'
datanode_1  | 
datanode_3  | Saving to: '/etc/security/keytabs/rm.keytab'
kdc_1       | Oct 04 23:13:53 kdc krb5kdc[9](info): AS_REQ (8 etypes {18 17 20 19 16 23 25 26}) 127.0.0.1: SERVER_NOT_FOUND: admin/admin@EXAMPLE.COM for kadmin/localhost@EXAMPLE.COM, Server not found in Kerberos database
rm_1        | Saving to: '/etc/security/keytabs/rm.keytab'
datanode_2  | Length: 158 [application/octet-stream]
scm_1       | 
kms_1       | 
jhs         | Length: 140 [application/octet-stream]
om_1        | 
nm_1        | KVNO Timestamp         Principal
s3g_1       | 
datanode_1  | 2019-10-04 23:14:01 (12.0 MB/s) - '/etc/security/keytabs/rm.keytab' saved [158/158]
datanode_3  | 
kdc_1       | Oct 04 23:13:53 kdc krb5kdc[9](info): AS_REQ (8 etypes {18 17 20 19 16 23 25 26}) 127.0.0.1: ISSUE: authtime 1570230833, etypes {rep=18 tkt=18 ses=18}, admin/admin@EXAMPLE.COM for kadmin/admin@EXAMPLE.COM
rm_1        | 
datanode_2  | Saving to: '/etc/security/keytabs/rm.keytab'
scm_1       | 2019-10-04 23:14:05 (11.1 MB/s) - '/etc/security/keytabs/rm.keytab' saved [140/140]
kms_1       |      0K                                                       100% 15.0M=0s
jhs         | Saving to: '/etc/security/keytabs/rm.keytab'
om_1        | 2019-10-04 23:14:04 (9.40 MB/s) - '/etc/security/keytabs/rm.keytab' saved [138/138]
nm_1        | ---- ----------------- --------------------------------------------------------
s3g_1       |      0K                                                       100% 12.1M=0s
datanode_1  | 
datanode_3  |      0K                                                       100% 11.5M=0s
kdc_1       | Oct 04 23:13:53 kdc krb5kdc[9](info): AS_REQ (8 etypes {18 17 20 19 16 23 25 26}) 127.0.0.1: SERVER_NOT_FOUND: admin/admin@EXAMPLE.COM for kadmin/localhost@EXAMPLE.COM, Server not found in Kerberos database
rm_1        |      0K                                                       100% 8.53M=0s
datanode_2  | 
scm_1       | 
kms_1       | 
jhs         | 
om_1        | 
nm_1        |    2 10/04/19 23:14:04 rm/nm@EXAMPLE.COM
s3g_1       | 
datanode_1  | Keytab name: FILE:/etc/security/keytabs/rm.keytab
datanode_3  | 
kdc_1       | Oct 04 23:13:53 kdc krb5kdc[9](info): AS_REQ (8 etypes {18 17 20 19 16 23 25 26}) 127.0.0.1: ISSUE: authtime 1570230833, etypes {rep=18 tkt=18 ses=18}, admin/admin@EXAMPLE.COM for kadmin/admin@EXAMPLE.COM
rm_1        | 
datanode_2  |      0K                                                       100% 11.6M=0s
scm_1       | Keytab name: FILE:/etc/security/keytabs/rm.keytab
kms_1       | 2019-10-04 23:14:00 (15.0 MB/s) - '/etc/security/keytabs/rm.keytab' saved [158/158]
jhs         |      0K                                                       100% 12.1M=0s
om_1        | Keytab name: FILE:/etc/security/keytabs/rm.keytab
nm_1        |    2 10/04/19 23:14:04 rm/nm@EXAMPLE.COM
s3g_1       | 2019-10-04 23:14:04 (12.1 MB/s) - '/etc/security/keytabs/rm.keytab' saved [140/140]
datanode_1  | KVNO Timestamp         Principal
kdc_1       | Oct 04 23:13:53 kdc krb5kdc[9](info): AS_REQ (8 etypes {18 17 20 19 16 23 25 26}) 127.0.0.1: SERVER_NOT_FOUND: admin/admin@EXAMPLE.COM for kadmin/localhost@EXAMPLE.COM, Server not found in Kerberos database
datanode_3  | 2019-10-04 23:13:59 (11.5 MB/s) - '/etc/security/keytabs/rm.keytab' saved [158/158]
rm_1        | 2019-10-04 23:14:01 (8.53 MB/s) - '/etc/security/keytabs/rm.keytab' saved [138/138]
datanode_2  | 
scm_1       | KVNO Timestamp         Principal
kms_1       | 
jhs         | 
nm_1        | Download nm/nm@EXAMPLE.COM keytab file to /etc/security/keytabs/nm.keytab
s3g_1       | 
om_1        | KVNO Timestamp         Principal
datanode_1  | ---- ----------------- --------------------------------------------------------
kdc_1       | Oct 04 23:13:53 kdc krb5kdc[9](info): AS_REQ (8 etypes {18 17 20 19 16 23 25 26}) 127.0.0.1: ISSUE: authtime 1570230833, etypes {rep=18 tkt=18 ses=18}, admin/admin@EXAMPLE.COM for kadmin/admin@EXAMPLE.COM
datanode_3  | 
rm_1        | 
datanode_2  | 2019-10-04 23:14:00 (11.6 MB/s) - '/etc/security/keytabs/rm.keytab' saved [158/158]
scm_1       | ---- ----------------- --------------------------------------------------------
kms_1       | Keytab name: FILE:/etc/security/keytabs/rm.keytab
nm_1        | --2019-10-04 23:14:04--  http://kdc:8081/keytab/nm/nm
jhs         | 2019-10-04 23:14:00 (12.1 MB/s) - '/etc/security/keytabs/rm.keytab' saved [140/140]
om_1        | ---- ----------------- --------------------------------------------------------
s3g_1       | Keytab name: FILE:/etc/security/keytabs/rm.keytab
datanode_1  |    2 10/04/19 23:14:01 rm/4b7ee3438581@EXAMPLE.COM
kdc_1       | Oct 04 23:13:53 kdc krb5kdc[9](info): AS_REQ (8 etypes {18 17 20 19 16 23 25 26}) 127.0.0.1: SERVER_NOT_FOUND: admin/admin@EXAMPLE.COM for kadmin/localhost@EXAMPLE.COM, Server not found in Kerberos database
datanode_3  | Keytab name: FILE:/etc/security/keytabs/rm.keytab
rm_1        | Keytab name: FILE:/etc/security/keytabs/rm.keytab
datanode_2  | 
scm_1       |    2 10/04/19 23:14:05 rm/scm@EXAMPLE.COM
kms_1       | KVNO Timestamp         Principal
nm_1        | Resolving kdc (kdc)... 172.18.0.11
jhs         | 
om_1        |    2 10/04/19 23:14:04 rm/om@EXAMPLE.COM
s3g_1       | KVNO Timestamp         Principal
kdc_1       | Oct 04 23:13:53 kdc krb5kdc[9](info): AS_REQ (8 etypes {18 17 20 19 16 23 25 26}) 127.0.0.1: ISSUE: authtime 1570230833, etypes {rep=18 tkt=18 ses=18}, admin/admin@EXAMPLE.COM for kadmin/admin@EXAMPLE.COM
datanode_3  | KVNO Timestamp         Principal
datanode_1  |    2 10/04/19 23:14:01 rm/4b7ee3438581@EXAMPLE.COM
rm_1        | KVNO Timestamp         Principal
datanode_2  | Keytab name: FILE:/etc/security/keytabs/rm.keytab
scm_1       |    2 10/04/19 23:14:05 rm/scm@EXAMPLE.COM
kms_1       | ---- ----------------- --------------------------------------------------------
nm_1        | Connecting to kdc (kdc)|172.18.0.11|:8081... connected.
jhs         | Keytab name: FILE:/etc/security/keytabs/rm.keytab
om_1        |    2 10/04/19 23:14:04 rm/om@EXAMPLE.COM
s3g_1       | ---- ----------------- --------------------------------------------------------
datanode_3  | ---- ----------------- --------------------------------------------------------
rm_1        | ---- ----------------- --------------------------------------------------------
datanode_1  | Download nm/4b7ee3438581@EXAMPLE.COM keytab file to /etc/security/keytabs/nm.keytab
kdc_1       | Oct 04 23:13:53 kdc krb5kdc[9](info): AS_REQ (8 etypes {18 17 20 19 16 23 25 26}) 127.0.0.1: SERVER_NOT_FOUND: admin/admin@EXAMPLE.COM for kadmin/localhost@EXAMPLE.COM, Server not found in Kerberos database
datanode_2  | KVNO Timestamp         Principal
scm_1       | Download nm/scm@EXAMPLE.COM keytab file to /etc/security/keytabs/nm.keytab
kms_1       |    2 10/04/19 23:14:00 rm/b4edc1df7d52@EXAMPLE.COM
nm_1        | HTTP request sent, awaiting response... 200 OK
jhs         | KVNO Timestamp         Principal
om_1        | Download nm/om@EXAMPLE.COM keytab file to /etc/security/keytabs/nm.keytab
s3g_1       |    2 10/04/19 23:14:04 rm/s3g@EXAMPLE.COM
datanode_3  |    2 10/04/19 23:13:59 rm/91d058462d7a@EXAMPLE.COM
rm_1        |    2 10/04/19 23:14:01 rm/rm@EXAMPLE.COM
datanode_1  | --2019-10-04 23:14:01--  http://kdc:8081/keytab/4b7ee3438581/nm
kdc_1       | Oct 04 23:13:53 kdc krb5kdc[9](info): AS_REQ (8 etypes {18 17 20 19 16 23 25 26}) 127.0.0.1: ISSUE: authtime 1570230833, etypes {rep=18 tkt=18 ses=18}, admin/admin@EXAMPLE.COM for kadmin/admin@EXAMPLE.COM
datanode_2  | ---- ----------------- --------------------------------------------------------
scm_1       | --2019-10-04 23:14:05--  http://kdc:8081/keytab/scm/nm
kms_1       |    2 10/04/19 23:14:00 rm/b4edc1df7d52@EXAMPLE.COM
jhs         | ---- ----------------- --------------------------------------------------------
nm_1        | Length: 138 [application/octet-stream]
om_1        | --2019-10-04 23:14:04--  http://kdc:8081/keytab/om/nm
s3g_1       |    2 10/04/19 23:14:04 rm/s3g@EXAMPLE.COM
datanode_3  |    2 10/04/19 23:13:59 rm/91d058462d7a@EXAMPLE.COM
rm_1        |    2 10/04/19 23:14:01 rm/rm@EXAMPLE.COM
datanode_1  | Resolving kdc (kdc)... 172.18.0.11
kdc_1       | Oct 04 23:13:53 kdc krb5kdc[9](info): AS_REQ (8 etypes {18 17 20 19 16 23 25 26}) 127.0.0.1: SERVER_NOT_FOUND: admin/admin@EXAMPLE.COM for kadmin/localhost@EXAMPLE.COM, Server not found in Kerberos database
datanode_2  |    2 10/04/19 23:14:00 rm/7a30f4b4e1b4@EXAMPLE.COM
scm_1       | Resolving kdc (kdc)... 172.18.0.11
kms_1       | Download nm/b4edc1df7d52@EXAMPLE.COM keytab file to /etc/security/keytabs/nm.keytab
jhs         |    2 10/04/19 23:14:00 rm/jhs@EXAMPLE.COM
nm_1        | Saving to: '/etc/security/keytabs/nm.keytab'
om_1        | Resolving kdc (kdc)... 172.18.0.11
s3g_1       | Download nm/s3g@EXAMPLE.COM keytab file to /etc/security/keytabs/nm.keytab
datanode_3  | Download nm/91d058462d7a@EXAMPLE.COM keytab file to /etc/security/keytabs/nm.keytab
rm_1        | Download nm/rm@EXAMPLE.COM keytab file to /etc/security/keytabs/nm.keytab
datanode_1  | Connecting to kdc (kdc)|172.18.0.11|:8081... connected.
kdc_1       | Oct 04 23:13:53 kdc krb5kdc[9](info): AS_REQ (8 etypes {18 17 20 19 16 23 25 26}) 127.0.0.1: ISSUE: authtime 1570230833, etypes {rep=18 tkt=18 ses=18}, admin/admin@EXAMPLE.COM for kadmin/admin@EXAMPLE.COM
datanode_2  |    2 10/04/19 23:14:00 rm/7a30f4b4e1b4@EXAMPLE.COM
scm_1       | Connecting to kdc (kdc)|172.18.0.11|:8081... connected.
kms_1       | --2019-10-04 23:14:00--  http://kdc:8081/keytab/b4edc1df7d52/nm
jhs         |    2 10/04/19 23:14:00 rm/jhs@EXAMPLE.COM
nm_1        | 
om_1        | Connecting to kdc (kdc)|172.18.0.11|:8081... connected.
s3g_1       | --2019-10-04 23:14:04--  http://kdc:8081/keytab/s3g/nm
datanode_3  | --2019-10-04 23:13:59--  http://kdc:8081/keytab/91d058462d7a/nm
rm_1        | --2019-10-04 23:14:01--  http://kdc:8081/keytab/rm/nm
datanode_1  | HTTP request sent, awaiting response... 200 OK
kdc_1       | Oct 04 23:13:52 kdc kadmind[15](info): closing down fd 18
datanode_2  | Download nm/7a30f4b4e1b4@EXAMPLE.COM keytab file to /etc/security/keytabs/nm.keytab
scm_1       | HTTP request sent, awaiting response... 200 OK
kms_1       | Resolving kdc (kdc)... 172.18.0.11
jhs         | Download nm/jhs@EXAMPLE.COM keytab file to /etc/security/keytabs/nm.keytab
nm_1        |      0K                                                       100% 11.9M=0s
om_1        | HTTP request sent, awaiting response... 200 OK
s3g_1       | Resolving kdc (kdc)... 172.18.0.11
rm_1        | Resolving kdc (kdc)... 172.18.0.11
kdc_1       | Oct 04 23:13:52 kdc kadmind[15](Notice): Request: kadm5_init, admin/admin@EXAMPLE.COM, success, client=admin/admin@EXAMPLE.COM, service=kadmin/admin@EXAMPLE.COM, addr=127.0.0.1, vers=4, flavor=6
datanode_3  | Resolving kdc (kdc)... 172.18.0.11
datanode_1  | Length: 158 [application/octet-stream]
datanode_2  | --2019-10-04 23:14:00--  http://kdc:8081/keytab/7a30f4b4e1b4/nm
scm_1       | Length: 140 [application/octet-stream]
kms_1       | Connecting to kdc (kdc)|172.18.0.11|:8081... connected.
jhs         | --2019-10-04 23:14:00--  http://kdc:8081/keytab/jhs/nm
nm_1        | 
om_1        | Length: 138 [application/octet-stream]
s3g_1       | Connecting to kdc (kdc)|172.18.0.11|:8081... connected.
rm_1        | Connecting to kdc (kdc)|172.18.0.11|:8081... connected.
datanode_3  | Connecting to kdc (kdc)|172.18.0.11|:8081... connected.
datanode_2  | Resolving kdc (kdc)... 172.18.0.11
datanode_1  | Saving to: '/etc/security/keytabs/nm.keytab'
kdc_1       | Oct 04 23:13:52 kdc kadmind[15](Notice): Request: kadm5_get_policy, default, Policy does not exist, client=admin/admin@EXAMPLE.COM, service=kadmin/admin@EXAMPLE.COM, addr=127.0.0.1
scm_1       | Saving to: '/etc/security/keytabs/nm.keytab'
kms_1       | HTTP request sent, awaiting response... 200 OK
jhs         | Resolving kdc (kdc)... 172.18.0.11
nm_1        | 2019-10-04 23:14:06 (11.9 MB/s) - '/etc/security/keytabs/nm.keytab' saved [138/138]
om_1        | Saving to: '/etc/security/keytabs/nm.keytab'
s3g_1       | HTTP request sent, awaiting response... 200 OK
rm_1        | HTTP request sent, awaiting response... 200 OK
datanode_3  | HTTP request sent, awaiting response... 200 OK
datanode_2  | Connecting to kdc (kdc)|172.18.0.11|:8081... connected.
datanode_1  | 
kdc_1       | Oct 04 23:13:52 kdc kadmind[15](Notice): Request: kadm5_create_principal, dn/7a30f4b4e1b4@EXAMPLE.COM, success, client=admin/admin@EXAMPLE.COM, service=kadmin/admin@EXAMPLE.COM, addr=127.0.0.1
scm_1       | 
jhs         | Connecting to kdc (kdc)|172.18.0.11|:8081... connected.
nm_1        | 
om_1        | 
rm_1        | Length: 138 [application/octet-stream]
s3g_1       | Length: 140 [application/octet-stream]
kms_1       | Length: 158 [application/octet-stream]
datanode_2  | HTTP request sent, awaiting response... 200 OK
kdc_1       | Oct 04 23:13:52 kdc kadmind[15](info): closing down fd 18
datanode_1  |      0K                                                       100% 12.9M=0s
datanode_3  | Length: 158 [application/octet-stream]
scm_1       |      0K                                                       100% 10.9M=0s
jhs         | HTTP request sent, awaiting response... 200 OK
nm_1        | Keytab name: FILE:/etc/security/keytabs/nm.keytab
om_1        |      0K                                                       100% 9.78M=0s
rm_1        | Saving to: '/etc/security/keytabs/nm.keytab'
s3g_1       | Saving to: '/etc/security/keytabs/nm.keytab'
datanode_2  | Length: 158 [application/octet-stream]
kdc_1       | Oct 04 23:13:52 kdc kadmind[15](Notice): Request: kadm5_init, admin/admin@EXAMPLE.COM, success, client=admin/admin@EXAMPLE.COM, service=kadmin/admin@EXAMPLE.COM, addr=127.0.0.1, vers=4, flavor=6
datanode_1  | 
datanode_3  | Saving to: '/etc/security/keytabs/nm.keytab'
kms_1       | Saving to: '/etc/security/keytabs/nm.keytab'
jhs         | Length: 140 [application/octet-stream]
scm_1       | 
nm_1        | KVNO Timestamp         Principal
om_1        | 
rm_1        | 
s3g_1       | 
datanode_2  | Saving to: '/etc/security/keytabs/nm.keytab'
datanode_1  | 2019-10-04 23:14:03 (12.9 MB/s) - '/etc/security/keytabs/nm.keytab' saved [158/158]
kdc_1       | Oct 04 23:13:52 kdc kadmind[15](Notice): Request: kadm5_randkey_principal, dn/7a30f4b4e1b4@EXAMPLE.COM, success, client=admin/admin@EXAMPLE.COM, service=kadmin/admin@EXAMPLE.COM, addr=127.0.0.1
datanode_3  | 
kms_1       | 
jhs         | Saving to: '/etc/security/keytabs/nm.keytab'
scm_1       | 2019-10-04 23:14:06 (10.9 MB/s) - '/etc/security/keytabs/nm.keytab' saved [140/140]
nm_1        | ---- ----------------- --------------------------------------------------------
om_1        | 2019-10-04 23:14:06 (9.78 MB/s) - '/etc/security/keytabs/nm.keytab' saved [138/138]
s3g_1       |      0K                                                       100% 11.0M=0s
rm_1        |      0K                                                       100% 8.45M=0s
datanode_2  | 
datanode_1  | 
kdc_1       | Oct 04 23:13:52 kdc kadmind[15](Notice): Request: kadm5_get_principal, dn/7a30f4b4e1b4@EXAMPLE.COM, success, client=admin/admin@EXAMPLE.COM, service=kadmin/admin@EXAMPLE.COM, addr=127.0.0.1
datanode_3  |      0K                                                       100% 14.4M=0s
jhs         | 
