om_1        | 2019-10-16 18:19:54,403 WARN server.BaseHttpServer: /prof java profiling servlet is activated. Not safe for production!
datanode_3  | 2019-10-16 18:19:54,029 INFO server.RaftServerConfigKeys: raft.server.log.segment.size.max = 1048576 (custom)
datanode_1  | 2019-10-16 18:19:55,268 WARN impl.MetricsSystemImpl: HddsDatanode metrics system already initialized!
scm_1       | 2019-10-16 18:19:50,171 INFO ipc.Server: IPC Server listener on 9863: starting
datanode_2  | 2019-10-16 18:19:54,678 INFO server.RaftServerConfigKeys: raft.server.log.write.buffer.size = 33554432 (custom)
om_1        | 2019-10-16 18:19:54,405 INFO http.HttpServer2: Jetty bound to port 9874
datanode_3  | 2019-10-16 18:19:54,031 WARN impl.MetricsSystemImpl: HddsDatanode metrics system already initialized!
datanode_1  | 2019-10-16 18:19:55,275 INFO metrics.MetricRegistries: Loaded MetricRegistries class org.apache.ratis.metrics.impl.MetricRegistriesImpl
scm_1       | 2019-10-16 18:19:50,173 INFO server.StorageContainerManager: ScmDatanodeProtocl RPC server is listening at /0.0.0.0:9861
om_1        | 2019-10-16 18:19:54,406 INFO server.Server: jetty-9.3.25.v20180904, build timestamp: 2018-09-04T21:11:46Z, git hash: 3ce520221d0240229c862b122d2b06c12a625732
datanode_2  | 2019-10-16 18:19:54,678 INFO server.RaftServerConfigKeys: raft.server.log.force.sync.num = 128 (default)
datanode_3  | 2019-10-16 18:19:54,036 INFO metrics.MetricRegistries: Loaded MetricRegistries class org.apache.ratis.metrics.impl.MetricRegistriesImpl
datanode_1  | 2019-10-16 18:19:55,319 INFO server.RaftServerConfigKeys: raft.server.log.segment.cache.num.max = 2 (custom)
scm_1       | 2019-10-16 18:19:50,173 INFO server.SCMDatanodeProtocolServer: RPC server for DataNodes is listening at /0.0.0.0:9861
om_1        | 2019-10-16 18:19:54,458 INFO handler.ContextHandler: Started o.e.j.s.ServletContextHandler@7ee8130e{/logs,file:///var/log/hadoop/,AVAILABLE}
datanode_2  | 2019-10-16 18:19:54,679 INFO server.RaftServerConfigKeys: raft.server.log.statemachine.data.sync = true (default)
datanode_3  | 2019-10-16 18:19:54,072 INFO server.RaftServerConfigKeys: raft.server.log.segment.cache.num.max = 2 (custom)
datanode_1  | 2019-10-16 18:19:55,324 INFO segmented.SegmentedRaftLogWorker: new ab836308-4eaf-467e-8d2c-1367a2641a12@group-548E0454D808-SegmentedRaftLogWorker for RaftStorage:Storage Directory /data/metadata/ratis/feefb95b-5d66-46b3-bcae-548e0454d808
scm_1       | 2019-10-16 18:19:50,174 INFO ipc.Server: IPC Server Responder: starting
om_1        | 2019-10-16 18:19:54,459 INFO handler.ContextHandler: Started o.e.j.s.ServletContextHandler@79b2852b{/static,jar:file:/opt/hadoop/share/ozone/lib/hadoop-ozone-ozone-manager-0.5.0-SNAPSHOT.jar!/webapps/static,AVAILABLE}
datanode_2  | 2019-10-16 18:19:54,679 INFO server.RaftServerConfigKeys: raft.server.log.statemachine.data.sync.timeout = 10s (default)
datanode_3  | 2019-10-16 18:19:54,077 INFO segmented.SegmentedRaftLogWorker: new 7090210e-d20e-49da-a368-f4a5330c8fe7@group-3A0D42ADE5F3-SegmentedRaftLogWorker for RaftStorage:Storage Directory /data/metadata/ratis/ce9d8ec2-0052-4744-9949-3a0d42ade5f3
datanode_1  | 2019-10-16 18:19:55,325 INFO server.RaftServerConfigKeys: raft.server.log.queue.byte-limit = 2147483647 (custom)
scm_1       | 2019-10-16 18:19:50,174 INFO ipc.Server: IPC Server listener on 9861: starting
om_1        | 2019-10-16 18:19:54,538 INFO handler.ContextHandler: Started o.e.j.w.WebAppContext@2b5c4f17{/,file:///tmp/jetty-0.0.0.0-9874-ozoneManager-_-any-12664255337677936102.dir/webapp/,AVAILABLE}{/ozoneManager}
datanode_2  | 2019-10-16 18:19:54,680 INFO server.RaftServerConfigKeys: raft.server.log.statemachine.data.sync.timeout.retry = -1 (default)
datanode_3  | 2019-10-16 18:19:54,077 INFO server.RaftServerConfigKeys: raft.server.log.queue.byte-limit = 2147483647 (custom)
datanode_1  | 2019-10-16 18:19:55,325 INFO server.RaftServerConfigKeys: raft.server.log.queue.element-limit = 1024 (custom)
scm_1       | 2019-10-16 18:19:50,178 INFO http.HttpServer2: Jetty bound to port 9876
om_1        | 2019-10-16 18:19:54,543 INFO server.AbstractConnector: Started ServerConnector@6848a051{HTTP/1.1,[http/1.1]}{0.0.0.0:9874}
datanode_2  | 2019-10-16 18:19:54,691 INFO server.RaftServerConfigKeys: raft.server.log.statemachine.data.caching.enabled = true (custom)
datanode_3  | 2019-10-16 18:19:54,078 INFO server.RaftServerConfigKeys: raft.server.log.queue.element-limit = 1024 (custom)
datanode_1  | 2019-10-16 18:19:55,326 INFO server.RaftServerConfigKeys: raft.server.log.segment.size.max = 1048576 (custom)
scm_1       | 2019-10-16 18:19:50,180 INFO server.Server: jetty-9.3.25.v20180904, build timestamp: 2018-09-04T21:11:46Z, git hash: 3ce520221d0240229c862b122d2b06c12a625732
om_1        | 2019-10-16 18:19:54,543 INFO server.Server: Started @3940ms
datanode_2  | 2019-10-16 18:19:54,697 INFO segmented.SegmentedRaftLogWorker: 1e361a02-c454-4371-80bb-7ba28954cbb4@group-BB2F7BBB1477-SegmentedRaftLogWorker: flushIndex: setUnconditionally 0 -> -1
datanode_3  | 2019-10-16 18:19:54,079 INFO server.RaftServerConfigKeys: raft.server.log.segment.size.max = 1048576 (custom)
datanode_1  | 2019-10-16 18:19:55,327 INFO server.RaftServerConfigKeys: raft.server.log.preallocated.size = 16384 (custom)
scm_1       | 2019-10-16 18:19:50,213 INFO handler.ContextHandler: Started o.e.j.s.ServletContextHandler@6293e39e{/logs,file:///var/log/hadoop/,AVAILABLE}
om_1        | 2019-10-16 18:19:54,546 INFO impl.MetricsSinkAdapter: Sink prometheus started
datanode_3  | 2019-10-16 18:19:54,079 INFO server.RaftServerConfigKeys: raft.server.log.preallocated.size = 16384 (custom)
datanode_2  | 2019-10-16 18:19:54,704 INFO server.RaftServerConfigKeys: raft.server.snapshot.auto.trigger.enabled = true (custom)
datanode_1  | 2019-10-16 18:19:55,327 INFO server.RaftServerConfigKeys: raft.server.log.write.buffer.size = 33554432 (custom)
scm_1       | 2019-10-16 18:19:50,214 INFO handler.ContextHandler: Started o.e.j.s.ServletContextHandler@29a69a35{/static,jar:file:/opt/hadoop/share/ozone/lib/hadoop-hdds-server-scm-0.5.0-SNAPSHOT.jar!/webapps/static,AVAILABLE}
om_1        | 2019-10-16 18:19:54,546 INFO impl.MetricsSystemImpl: Registered sink prometheus
datanode_3  | 2019-10-16 18:19:54,080 INFO server.RaftServerConfigKeys: raft.server.log.write.buffer.size = 33554432 (custom)
datanode_2  | 2019-10-16 18:19:54,705 INFO server.RaftServerConfigKeys: raft.server.snapshot.auto.trigger.threshold = 10000 (custom)
datanode_1  | 2019-10-16 18:19:55,327 INFO server.RaftServerConfigKeys: raft.server.log.force.sync.num = 128 (default)
scm_1       | 2019-10-16 18:19:50,288 INFO handler.ContextHandler: Started o.e.j.w.WebAppContext@7a729f84{/,file:///tmp/jetty-0.0.0.0-9876-scm-_-any-10274187095997504221.dir/webapp/,AVAILABLE}{/scm}
om_1        | 2019-10-16 18:19:54,549 INFO server.BaseHttpServer: HTTP server of OZONEMANAGER is listening at http://0.0.0.0:9874
datanode_3  | 2019-10-16 18:19:54,080 INFO server.RaftServerConfigKeys: raft.server.log.force.sync.num = 128 (default)
datanode_1  | 2019-10-16 18:19:55,328 INFO server.RaftServerConfigKeys: raft.server.log.statemachine.data.sync = true (default)
scm_1       | 2019-10-16 18:19:50,293 INFO server.AbstractConnector: Started ServerConnector@1aea6a09{HTTP/1.1,[http/1.1]}{0.0.0.0:9876}
om_1        | 2019-10-16 18:20:10,046 [IPC Server handler 3 on 9862] INFO       - created volume:vol-0-20342 for user:hadoop
datanode_3  | 2019-10-16 18:19:54,081 INFO server.RaftServerConfigKeys: raft.server.log.statemachine.data.sync = true (default)
datanode_2  | 2019-10-16 18:19:54,706 INFO server.RaftServerConfigKeys: raft.server.snapshot.retention.file.num = 5 (custom)
scm_1       | 2019-10-16 18:19:50,293 INFO server.Server: Started @3401ms
datanode_1  | 2019-10-16 18:19:55,329 INFO server.RaftServerConfigKeys: raft.server.log.statemachine.data.sync.timeout = 10s (default)
om_1        | 2019-10-16 18:20:10,074 [IPC Server handler 2 on 9862] INFO       - created volume:vol-1-31860 for user:hadoop
datanode_2  | 2019-10-16 18:19:54,706 INFO server.RaftServerConfigKeys: raft.server.retrycache.expirytime = 600000ms (custom)
scm_1       | 2019-10-16 18:19:50,295 INFO impl.MetricsSinkAdapter: Sink prometheus started
datanode_3  | 2019-10-16 18:19:54,081 INFO server.RaftServerConfigKeys: raft.server.log.statemachine.data.sync.timeout = 10s (default)
datanode_1  | 2019-10-16 18:19:55,329 INFO server.RaftServerConfigKeys: raft.server.log.statemachine.data.sync.timeout.retry = -1 (default)
om_1        | 2019-10-16 18:20:10,083 [IPC Server handler 5 on 9862] INFO       - created volume:vol-2-63131 for user:hadoop
datanode_2  | 2019-10-16 18:19:54,740 INFO impl.RaftServerImpl: 1e361a02-c454-4371-80bb-7ba28954cbb4@group-BB2F7BBB1477: start as a follower, conf=-1: [1e361a02-c454-4371-80bb-7ba28954cbb4:172.18.0.5:9858], old=null
scm_1       | 2019-10-16 18:19:50,296 INFO impl.MetricsSystemImpl: Registered sink prometheus
datanode_3  | 2019-10-16 18:19:54,081 INFO server.RaftServerConfigKeys: raft.server.log.statemachine.data.sync.timeout.retry = -1 (default)
datanode_1  | 2019-10-16 18:19:55,339 INFO server.RaftServerConfigKeys: raft.server.log.statemachine.data.caching.enabled = true (custom)
datanode_2  | 2019-10-16 18:19:54,742 INFO impl.RaftServerImpl: 1e361a02-c454-4371-80bb-7ba28954cbb4@group-BB2F7BBB1477: changes role from      null to FOLLOWER at term 0 for startAsFollower
om_1        | 2019-10-16 18:20:10,090 [IPC Server handler 7 on 9862] INFO       - created volume:vol-3-59043 for user:hadoop
scm_1       | 2019-10-16 18:19:50,297 INFO server.BaseHttpServer: HTTP server of SCM is listening at http://0.0.0.0:9876
datanode_3  | 2019-10-16 18:19:54,090 INFO server.RaftServerConfigKeys: raft.server.log.statemachine.data.caching.enabled = true (custom)
datanode_1  | 2019-10-16 18:19:55,343 INFO segmented.SegmentedRaftLogWorker: ab836308-4eaf-467e-8d2c-1367a2641a12@group-548E0454D808-SegmentedRaftLogWorker: flushIndex: setUnconditionally 0 -> -1
datanode_2  | 2019-10-16 18:19:54,743 INFO impl.RoleInfo: 1e361a02-c454-4371-80bb-7ba28954cbb4: start FollowerState
om_1        | 2019-10-16 18:20:10,098 [IPC Server handler 9 on 9862] INFO       - created volume:vol-4-54079 for user:hadoop
datanode_3  | 2019-10-16 18:19:54,094 INFO segmented.SegmentedRaftLogWorker: 7090210e-d20e-49da-a368-f4a5330c8fe7@group-3A0D42ADE5F3-SegmentedRaftLogWorker: flushIndex: setUnconditionally 0 -> -1
scm_1       | 2019-10-16 18:19:50,306 INFO util.JvmPauseMonitor: Starting JVM pause monitor
datanode_2  | 2019-10-16 18:19:54,748 INFO util.JmxRegister: Successfully registered JMX Bean with object name Ratis:service=RaftServer,group=group-BB2F7BBB1477,id=1e361a02-c454-4371-80bb-7ba28954cbb4
om_1        | 2019-10-16 18:20:24,316 [IPC Server handler 7 on 9862] INFO       - created volume:jcjfo for user:hadoop
scm_1       | 2019-10-16 18:19:52,808 INFO net.NetworkTopology: Added a new node: /default-rack/7090210e-d20e-49da-a368-f4a5330c8fe7
datanode_3  | 2019-10-16 18:19:54,098 INFO server.RaftServerConfigKeys: raft.server.snapshot.auto.trigger.enabled = true (custom)
datanode_1  | 2019-10-16 18:19:55,347 INFO server.RaftServerConfigKeys: raft.server.snapshot.auto.trigger.enabled = true (custom)
datanode_2  | 2019-10-16 18:19:55,489 INFO impl.RaftServerProxy: 1e361a02-c454-4371-80bb-7ba28954cbb4: addNew group-7F30266B296B:[1e361a02-c454-4371-80bb-7ba28954cbb4:172.18.0.5:9858, ab836308-4eaf-467e-8d2c-1367a2641a12:172.18.0.6:9858, 7090210e-d20e-49da-a368-f4a5330c8fe7:172.18.0.3:9858] returns group-7F30266B296B:java.util.concurrent.CompletableFuture@1a0b8a09[Not completed]
scm_1       | 2019-10-16 18:19:52,808 INFO node.SCMNodeManager: Registered Data node : 7090210e-d20e-49da-a368-f4a5330c8fe7{ip: 172.18.0.3, host: ozone_datanode_3.ozone_default, networkLocation: /default-rack, certSerialId: null}
datanode_3  | 2019-10-16 18:19:54,099 INFO server.RaftServerConfigKeys: raft.server.snapshot.auto.trigger.threshold = 10000 (custom)
datanode_1  | 2019-10-16 18:19:55,348 INFO server.RaftServerConfigKeys: raft.server.snapshot.auto.trigger.threshold = 10000 (custom)
datanode_2  | 2019-10-16 18:19:55,493 INFO impl.RaftServerImpl: 1e361a02-c454-4371-80bb-7ba28954cbb4: new RaftServerImpl for group-7F30266B296B:[1e361a02-c454-4371-80bb-7ba28954cbb4:172.18.0.5:9858, ab836308-4eaf-467e-8d2c-1367a2641a12:172.18.0.6:9858, 7090210e-d20e-49da-a368-f4a5330c8fe7:172.18.0.3:9858] with ContainerStateMachine:uninitialized
scm_1       | 2019-10-16 18:19:52,812 INFO safemode.SCMSafeModeManager: SCM in safe mode. 1 DataNodes registered, 1 required.
datanode_3  | 2019-10-16 18:19:54,100 INFO server.RaftServerConfigKeys: raft.server.snapshot.retention.file.num = 5 (custom)
datanode_1  | 2019-10-16 18:19:55,348 INFO server.RaftServerConfigKeys: raft.server.snapshot.retention.file.num = 5 (custom)
datanode_2  | 2019-10-16 18:19:55,493 INFO server.RaftServerConfigKeys: raft.server.rpc.timeout.min = 5s (custom)
datanode_3  | 2019-10-16 18:19:54,100 INFO server.RaftServerConfigKeys: raft.server.retrycache.expirytime = 600000ms (custom)
scm_1       | 2019-10-16 18:19:52,812 INFO safemode.SCMSafeModeManager: ScmSafeModeManager, all rules are successfully validated
datanode_1  | 2019-10-16 18:19:55,349 INFO server.RaftServerConfigKeys: raft.server.retrycache.expirytime = 600000ms (custom)
datanode_2  | 2019-10-16 18:19:55,494 INFO server.RaftServerConfigKeys: raft.server.rpc.timeout.max = 5200ms (custom)
datanode_3  | 2019-10-16 18:19:54,123 INFO impl.RaftServerImpl: 7090210e-d20e-49da-a368-f4a5330c8fe7@group-3A0D42ADE5F3: start as a follower, conf=-1: [7090210e-d20e-49da-a368-f4a5330c8fe7:172.18.0.3:9858], old=null
scm_1       | 2019-10-16 18:19:52,812 INFO safemode.SCMSafeModeManager: SCM exiting safe mode.
datanode_1  | 2019-10-16 18:19:55,372 INFO impl.RaftServerImpl: ab836308-4eaf-467e-8d2c-1367a2641a12@group-548E0454D808: start as a follower, conf=-1: [ab836308-4eaf-467e-8d2c-1367a2641a12:172.18.0.6:9858], old=null
datanode_3  | 2019-10-16 18:19:54,124 INFO impl.RaftServerImpl: 7090210e-d20e-49da-a368-f4a5330c8fe7@group-3A0D42ADE5F3: changes role from      null to FOLLOWER at term 0 for startAsFollower
datanode_2  | 2019-10-16 18:19:55,494 INFO server.RaftServerConfigKeys: raft.server.rpcslowness.timeout = 120s (custom)
datanode_1  | 2019-10-16 18:19:55,373 INFO impl.RaftServerImpl: ab836308-4eaf-467e-8d2c-1367a2641a12@group-548E0454D808: changes role from      null to FOLLOWER at term 0 for startAsFollower
scm_1       | 2019-10-16 18:19:53,222 INFO net.NetworkTopology: Added a new node: /default-rack/1e361a02-c454-4371-80bb-7ba28954cbb4
datanode_3  | 2019-10-16 18:19:54,125 INFO impl.RoleInfo: 7090210e-d20e-49da-a368-f4a5330c8fe7: start FollowerState
datanode_2  | 2019-10-16 18:19:55,494 INFO server.RaftServerConfigKeys: raft.server.sleep.deviation.threshold = 300 (default)
datanode_1  | 2019-10-16 18:19:55,374 INFO impl.RoleInfo: ab836308-4eaf-467e-8d2c-1367a2641a12: start FollowerState
scm_1       | 2019-10-16 18:19:53,222 INFO node.SCMNodeManager: Registered Data node : 1e361a02-c454-4371-80bb-7ba28954cbb4{ip: 172.18.0.5, host: ozone_datanode_2.ozone_default, networkLocation: /default-rack, certSerialId: null}
datanode_2  | 2019-10-16 18:19:55,494 INFO server.RaftServerConfigKeys: raft.server.log.appender.install.snapshot.enabled = false (custom)
datanode_3  | 2019-10-16 18:19:54,128 INFO util.JmxRegister: Successfully registered JMX Bean with object name Ratis:service=RaftServer,group=group-3A0D42ADE5F3,id=7090210e-d20e-49da-a368-f4a5330c8fe7
datanode_1  | 2019-10-16 18:19:55,378 INFO util.JmxRegister: Successfully registered JMX Bean with object name Ratis:service=RaftServer,group=group-548E0454D808,id=ab836308-4eaf-467e-8d2c-1367a2641a12
scm_1       | WARNING: An illegal reflective access operation has occurred
datanode_2  | 2019-10-16 18:19:55,494 INFO impl.RaftServerImpl: 1e361a02-c454-4371-80bb-7ba28954cbb4@group-7F30266B296B: ConfigurationManager, init=-1: [1e361a02-c454-4371-80bb-7ba28954cbb4:172.18.0.5:9858, ab836308-4eaf-467e-8d2c-1367a2641a12:172.18.0.6:9858, 7090210e-d20e-49da-a368-f4a5330c8fe7:172.18.0.3:9858], old=null, confs=<EMPTY_MAP>
datanode_3  | 2019-10-16 18:19:55,514 INFO impl.RaftServerProxy: 7090210e-d20e-49da-a368-f4a5330c8fe7: addNew group-7F30266B296B:[1e361a02-c454-4371-80bb-7ba28954cbb4:172.18.0.5:9858, ab836308-4eaf-467e-8d2c-1367a2641a12:172.18.0.6:9858, 7090210e-d20e-49da-a368-f4a5330c8fe7:172.18.0.3:9858] returns group-7F30266B296B:java.util.concurrent.CompletableFuture@24a99d2d[Not completed]
datanode_1  | 2019-10-16 18:19:55,512 INFO impl.RaftServerProxy: ab836308-4eaf-467e-8d2c-1367a2641a12: addNew group-7F30266B296B:[1e361a02-c454-4371-80bb-7ba28954cbb4:172.18.0.5:9858, ab836308-4eaf-467e-8d2c-1367a2641a12:172.18.0.6:9858, 7090210e-d20e-49da-a368-f4a5330c8fe7:172.18.0.3:9858] returns group-7F30266B296B:java.util.concurrent.CompletableFuture@7a724db8[Not completed]
scm_1       | WARNING: Illegal reflective access by org.apache.ratis.thirdparty.com.google.protobuf.UnsafeUtil (file:/opt/hadoop/share/ozone/lib/ratis-thirdparty-misc-0.2.0.jar) to field java.nio.Buffer.address
datanode_2  | 2019-10-16 18:19:55,494 INFO server.RaftServerConfigKeys: raft.server.storage.dir = [/data/metadata/ratis] (custom)
datanode_3  | 2019-10-16 18:19:55,518 INFO impl.RaftServerImpl: 7090210e-d20e-49da-a368-f4a5330c8fe7: new RaftServerImpl for group-7F30266B296B:[1e361a02-c454-4371-80bb-7ba28954cbb4:172.18.0.5:9858, ab836308-4eaf-467e-8d2c-1367a2641a12:172.18.0.6:9858, 7090210e-d20e-49da-a368-f4a5330c8fe7:172.18.0.3:9858] with ContainerStateMachine:uninitialized
datanode_1  | 2019-10-16 18:19:55,515 INFO impl.RaftServerImpl: ab836308-4eaf-467e-8d2c-1367a2641a12: new RaftServerImpl for group-7F30266B296B:[1e361a02-c454-4371-80bb-7ba28954cbb4:172.18.0.5:9858, ab836308-4eaf-467e-8d2c-1367a2641a12:172.18.0.6:9858, 7090210e-d20e-49da-a368-f4a5330c8fe7:172.18.0.3:9858] with ContainerStateMachine:uninitialized
scm_1       | WARNING: Please consider reporting this to the maintainers of org.apache.ratis.thirdparty.com.google.protobuf.UnsafeUtil
datanode_2  | 2019-10-16 18:19:55,495 INFO server.RaftServerConfigKeys: raft.server.log.corruption.policy = EXCEPTION (default)
datanode_3  | 2019-10-16 18:19:55,518 INFO server.RaftServerConfigKeys: raft.server.rpc.timeout.min = 5s (custom)
datanode_1  | 2019-10-16 18:19:55,515 INFO server.RaftServerConfigKeys: raft.server.rpc.timeout.min = 5s (custom)
scm_1       | WARNING: Use --illegal-access=warn to enable warnings of further illegal reflective access operations
datanode_2  | 2019-10-16 18:19:55,495 INFO storage.RaftStorageDirectory: The storage directory /data/metadata/ratis/12470bab-771f-40f0-a985-7f30266b296b does not exist. Creating ...
datanode_3  | 2019-10-16 18:19:55,518 INFO server.RaftServerConfigKeys: raft.server.rpc.timeout.max = 5200ms (custom)
datanode_1  | 2019-10-16 18:19:55,515 INFO server.RaftServerConfigKeys: raft.server.rpc.timeout.max = 5200ms (custom)
datanode_2  | 2019-10-16 18:19:55,519 INFO storage.RaftStorageDirectory: Lock on /data/metadata/ratis/12470bab-771f-40f0-a985-7f30266b296b/in_use.lock acquired by nodename 7@eb140c9d10ad
scm_1       | WARNING: All illegal access operations will be denied in a future release
datanode_3  | 2019-10-16 18:19:55,518 INFO server.RaftServerConfigKeys: raft.server.rpcslowness.timeout = 120s (custom)
datanode_1  | 2019-10-16 18:19:55,515 INFO server.RaftServerConfigKeys: raft.server.rpcslowness.timeout = 120s (custom)
datanode_2  | 2019-10-16 18:19:55,533 INFO storage.RaftStorage: Storage directory /data/metadata/ratis/12470bab-771f-40f0-a985-7f30266b296b has been successfully formatted.
datanode_3  | 2019-10-16 18:19:55,518 INFO server.RaftServerConfigKeys: raft.server.sleep.deviation.threshold = 300 (default)
scm_1       | 2019-10-16 18:19:54,222 INFO pipeline.PipelineStateManager: Created pipeline Pipeline[ Id: ce9d8ec2-0052-4744-9949-3a0d42ade5f3, Nodes: 7090210e-d20e-49da-a368-f4a5330c8fe7{ip: 172.18.0.3, host: ozone_datanode_3.ozone_default, networkLocation: /default-rack, certSerialId: null}, Type:RATIS, Factor:ONE, State:OPEN]
datanode_1  | 2019-10-16 18:19:55,515 INFO server.RaftServerConfigKeys: raft.server.sleep.deviation.threshold = 300 (default)
datanode_3  | 2019-10-16 18:19:55,518 INFO server.RaftServerConfigKeys: raft.server.log.appender.install.snapshot.enabled = false (custom)
scm_1       | 2019-10-16 18:19:54,470 INFO net.NetworkTopology: Added a new node: /default-rack/ab836308-4eaf-467e-8d2c-1367a2641a12
datanode_2  | 2019-10-16 18:19:55,533 [pool-8-thread-1] INFO       - group-7F30266B296B: The snapshot info is null. Setting the last applied indexto:(t:0, i:~)
datanode_1  | 2019-10-16 18:19:55,515 INFO server.RaftServerConfigKeys: raft.server.log.appender.install.snapshot.enabled = false (custom)
datanode_3  | 2019-10-16 18:19:55,519 INFO impl.RaftServerImpl: 7090210e-d20e-49da-a368-f4a5330c8fe7@group-7F30266B296B: ConfigurationManager, init=-1: [1e361a02-c454-4371-80bb-7ba28954cbb4:172.18.0.5:9858, ab836308-4eaf-467e-8d2c-1367a2641a12:172.18.0.6:9858, 7090210e-d20e-49da-a368-f4a5330c8fe7:172.18.0.3:9858], old=null, confs=<EMPTY_MAP>
scm_1       | 2019-10-16 18:19:54,470 INFO node.SCMNodeManager: Registered Data node : ab836308-4eaf-467e-8d2c-1367a2641a12{ip: 172.18.0.6, host: ozone_datanode_1.ozone_default, networkLocation: /default-rack, certSerialId: null}
datanode_2  | 2019-10-16 18:19:55,534 INFO server.RaftServerConfigKeys: raft.server.notification.no-leader.timeout = 120s (custom)
datanode_3  | 2019-10-16 18:19:55,519 INFO server.RaftServerConfigKeys: raft.server.storage.dir = [/data/metadata/ratis] (custom)
datanode_1  | 2019-10-16 18:19:55,515 INFO impl.RaftServerImpl: ab836308-4eaf-467e-8d2c-1367a2641a12@group-7F30266B296B: ConfigurationManager, init=-1: [1e361a02-c454-4371-80bb-7ba28954cbb4:172.18.0.5:9858, ab836308-4eaf-467e-8d2c-1367a2641a12:172.18.0.6:9858, 7090210e-d20e-49da-a368-f4a5330c8fe7:172.18.0.3:9858], old=null, confs=<EMPTY_MAP>
scm_1       | 2019-10-16 18:19:54,821 INFO pipeline.PipelineStateManager: Created pipeline Pipeline[ Id: 62a874d9-82b9-4489-849f-bb2f7bbb1477, Nodes: 1e361a02-c454-4371-80bb-7ba28954cbb4{ip: 172.18.0.5, host: ozone_datanode_2.ozone_default, networkLocation: /default-rack, certSerialId: null}, Type:RATIS, Factor:ONE, State:OPEN]
datanode_2  | 2019-10-16 18:19:55,534 INFO server.RaftServerConfigKeys: raft.server.log.use.memory = false (default)
datanode_3  | 2019-10-16 18:19:55,519 INFO server.RaftServerConfigKeys: raft.server.log.corruption.policy = EXCEPTION (default)
datanode_1  | 2019-10-16 18:19:55,516 INFO server.RaftServerConfigKeys: raft.server.storage.dir = [/data/metadata/ratis] (custom)
scm_1       | 2019-10-16 18:19:55,449 INFO pipeline.PipelineStateManager: Created pipeline Pipeline[ Id: feefb95b-5d66-46b3-bcae-548e0454d808, Nodes: ab836308-4eaf-467e-8d2c-1367a2641a12{ip: 172.18.0.6, host: ozone_datanode_1.ozone_default, networkLocation: /default-rack, certSerialId: null}, Type:RATIS, Factor:ONE, State:OPEN]
datanode_2  | 2019-10-16 18:19:55,534 INFO server.RaftServerConfigKeys: raft.server.log.purge.gap = 1000000 (custom)
datanode_3  | 2019-10-16 18:19:55,519 INFO storage.RaftStorageDirectory: The storage directory /data/metadata/ratis/12470bab-771f-40f0-a985-7f30266b296b does not exist. Creating ...
datanode_1  | 2019-10-16 18:19:55,518 INFO server.RaftServerConfigKeys: raft.server.log.corruption.policy = EXCEPTION (default)
datanode_2  | 2019-10-16 18:19:55,534 INFO server.RaftServerConfigKeys: raft.server.log.appender.buffer.byte-limit = 33554432 (custom)
scm_1       | 2019-10-16 18:19:55,573 INFO pipeline.PipelineStateManager: Created pipeline Pipeline[ Id: 12470bab-771f-40f0-a985-7f30266b296b, Nodes: ab836308-4eaf-467e-8d2c-1367a2641a12{ip: 172.18.0.6, host: ozone_datanode_1.ozone_default, networkLocation: /default-rack, certSerialId: null}1e361a02-c454-4371-80bb-7ba28954cbb4{ip: 172.18.0.5, host: ozone_datanode_2.ozone_default, networkLocation: /default-rack, certSerialId: null}7090210e-d20e-49da-a368-f4a5330c8fe7{ip: 172.18.0.3, host: ozone_datanode_3.ozone_default, networkLocation: /default-rack, certSerialId: null}, Type:RATIS, Factor:THREE, State:OPEN]
datanode_3  | 2019-10-16 18:19:55,533 INFO storage.RaftStorageDirectory: Lock on /data/metadata/ratis/12470bab-771f-40f0-a985-7f30266b296b/in_use.lock acquired by nodename 7@97d07a202d2a
datanode_1  | 2019-10-16 18:19:55,518 INFO storage.RaftStorageDirectory: The storage directory /data/metadata/ratis/12470bab-771f-40f0-a985-7f30266b296b does not exist. Creating ...
datanode_2  | 2019-10-16 18:19:55,534 INFO server.RaftServerConfigKeys: raft.server.log.segment.size.max = 1048576 (custom)
scm_1       | 2019-10-16 18:20:10,331 INFO pipeline.PipelineStateManager: Created pipeline Pipeline[ Id: d0ca69e8-3374-4588-ae83-b31fad841713, Nodes: 7090210e-d20e-49da-a368-f4a5330c8fe7{ip: 172.18.0.3, host: ozone_datanode_3.ozone_default, networkLocation: /default-rack, certSerialId: null}, Type:STAND_ALONE, Factor:ONE, State:OPEN]
datanode_3  | 2019-10-16 18:19:55,546 INFO storage.RaftStorage: Storage directory /data/metadata/ratis/12470bab-771f-40f0-a985-7f30266b296b has been successfully formatted.
datanode_2  | 2019-10-16 18:19:55,534 INFO server.RaftServerConfigKeys: raft.server.log.segment.cache.num.max = 2 (custom)
datanode_1  | 2019-10-16 18:19:55,533 INFO storage.RaftStorageDirectory: Lock on /data/metadata/ratis/12470bab-771f-40f0-a985-7f30266b296b/in_use.lock acquired by nodename 8@b956a7577423
scm_1       | 2019-10-16 18:20:54,259 INFO server.SCMBlockProtocolServer: SCM is informed by OM to delete 2 blocks
datanode_3  | 2019-10-16 18:19:55,547 [pool-8-thread-1] INFO       - group-7F30266B296B: The snapshot info is null. Setting the last applied indexto:(t:0, i:~)
datanode_2  | 2019-10-16 18:19:55,534 INFO segmented.SegmentedRaftLogWorker: new 1e361a02-c454-4371-80bb-7ba28954cbb4@group-7F30266B296B-SegmentedRaftLogWorker for RaftStorage:Storage Directory /data/metadata/ratis/12470bab-771f-40f0-a985-7f30266b296b
datanode_1  | 2019-10-16 18:19:55,546 INFO storage.RaftStorage: Storage directory /data/metadata/ratis/12470bab-771f-40f0-a985-7f30266b296b has been successfully formatted.
scm_1       | 2019-10-16 18:20:54,260 INFO block.BlockManagerImpl: Deleting blocks conID: 4 locID: 102973442041053309 bcsId: 0
datanode_3  | 2019-10-16 18:19:55,547 INFO server.RaftServerConfigKeys: raft.server.notification.no-leader.timeout = 120s (custom)
datanode_1  | 2019-10-16 18:19:55,547 [pool-8-thread-1] INFO       - group-7F30266B296B: The snapshot info is null. Setting the last applied indexto:(t:0, i:~)
scm_1       | 2019-10-16 18:20:54,269 INFO block.BlockManagerImpl: Deleting blocks conID: 5 locID: 102973442956656766 bcsId: 0
datanode_3  | 2019-10-16 18:19:55,547 INFO server.RaftServerConfigKeys: raft.server.log.use.memory = false (default)
datanode_2  | 2019-10-16 18:19:55,535 INFO server.RaftServerConfigKeys: raft.server.log.queue.byte-limit = 2147483647 (custom)
datanode_1  | 2019-10-16 18:19:55,547 INFO server.RaftServerConfigKeys: raft.server.notification.no-leader.timeout = 120s (custom)
datanode_3  | 2019-10-16 18:19:55,547 INFO server.RaftServerConfigKeys: raft.server.log.purge.gap = 1000000 (custom)
datanode_2  | 2019-10-16 18:19:55,535 INFO server.RaftServerConfigKeys: raft.server.log.queue.element-limit = 1024 (custom)
datanode_1  | 2019-10-16 18:19:55,547 INFO server.RaftServerConfigKeys: raft.server.log.use.memory = false (default)
datanode_3  | 2019-10-16 18:19:55,547 INFO server.RaftServerConfigKeys: raft.server.log.appender.buffer.byte-limit = 33554432 (custom)
datanode_1  | 2019-10-16 18:19:55,547 INFO server.RaftServerConfigKeys: raft.server.log.purge.gap = 1000000 (custom)
datanode_3  | 2019-10-16 18:19:55,548 INFO server.RaftServerConfigKeys: raft.server.log.segment.size.max = 1048576 (custom)
datanode_2  | 2019-10-16 18:19:55,535 INFO server.RaftServerConfigKeys: raft.server.log.segment.size.max = 1048576 (custom)
datanode_1  | 2019-10-16 18:19:55,547 INFO server.RaftServerConfigKeys: raft.server.log.appender.buffer.byte-limit = 33554432 (custom)
datanode_3  | 2019-10-16 18:19:55,548 INFO server.RaftServerConfigKeys: raft.server.log.segment.cache.num.max = 2 (custom)
datanode_2  | 2019-10-16 18:19:55,535 INFO server.RaftServerConfigKeys: raft.server.log.preallocated.size = 16384 (custom)
datanode_1  | 2019-10-16 18:19:55,548 INFO server.RaftServerConfigKeys: raft.server.log.segment.size.max = 1048576 (custom)
datanode_2  | 2019-10-16 18:19:55,535 INFO server.RaftServerConfigKeys: raft.server.log.write.buffer.size = 33554432 (custom)
datanode_3  | 2019-10-16 18:19:55,548 INFO segmented.SegmentedRaftLogWorker: new 7090210e-d20e-49da-a368-f4a5330c8fe7@group-7F30266B296B-SegmentedRaftLogWorker for RaftStorage:Storage Directory /data/metadata/ratis/12470bab-771f-40f0-a985-7f30266b296b
datanode_1  | 2019-10-16 18:19:55,548 INFO server.RaftServerConfigKeys: raft.server.log.segment.cache.num.max = 2 (custom)
datanode_2  | 2019-10-16 18:19:55,535 INFO server.RaftServerConfigKeys: raft.server.log.force.sync.num = 128 (default)
datanode_3  | 2019-10-16 18:19:55,549 INFO server.RaftServerConfigKeys: raft.server.log.queue.byte-limit = 2147483647 (custom)
datanode_1  | 2019-10-16 18:19:55,548 INFO segmented.SegmentedRaftLogWorker: new ab836308-4eaf-467e-8d2c-1367a2641a12@group-7F30266B296B-SegmentedRaftLogWorker for RaftStorage:Storage Directory /data/metadata/ratis/12470bab-771f-40f0-a985-7f30266b296b
datanode_2  | 2019-10-16 18:19:55,535 INFO server.RaftServerConfigKeys: raft.server.log.statemachine.data.sync = true (default)
datanode_1  | 2019-10-16 18:19:55,548 INFO server.RaftServerConfigKeys: raft.server.log.queue.byte-limit = 2147483647 (custom)
datanode_2  | 2019-10-16 18:19:55,535 INFO server.RaftServerConfigKeys: raft.server.log.statemachine.data.sync.timeout = 10s (default)
datanode_3  | 2019-10-16 18:19:55,549 INFO server.RaftServerConfigKeys: raft.server.log.queue.element-limit = 1024 (custom)
datanode_2  | 2019-10-16 18:19:55,535 INFO server.RaftServerConfigKeys: raft.server.log.statemachine.data.sync.timeout.retry = -1 (default)
datanode_3  | 2019-10-16 18:19:55,549 INFO server.RaftServerConfigKeys: raft.server.log.segment.size.max = 1048576 (custom)
datanode_3  | 2019-10-16 18:19:55,549 INFO server.RaftServerConfigKeys: raft.server.log.preallocated.size = 16384 (custom)
datanode_2  | 2019-10-16 18:19:55,535 INFO server.RaftServerConfigKeys: raft.server.log.statemachine.data.caching.enabled = true (custom)
datanode_1  | 2019-10-16 18:19:55,548 INFO server.RaftServerConfigKeys: raft.server.log.queue.element-limit = 1024 (custom)
datanode_3  | 2019-10-16 18:19:55,549 INFO server.RaftServerConfigKeys: raft.server.log.write.buffer.size = 33554432 (custom)
datanode_2  | 2019-10-16 18:19:55,536 INFO segmented.SegmentedRaftLogWorker: 1e361a02-c454-4371-80bb-7ba28954cbb4@group-7F30266B296B-SegmentedRaftLogWorker: flushIndex: setUnconditionally 0 -> -1
datanode_1  | 2019-10-16 18:19:55,549 INFO server.RaftServerConfigKeys: raft.server.log.segment.size.max = 1048576 (custom)
datanode_2  | 2019-10-16 18:19:55,536 INFO server.RaftServerConfigKeys: raft.server.snapshot.auto.trigger.enabled = true (custom)
datanode_1  | 2019-10-16 18:19:55,549 INFO server.RaftServerConfigKeys: raft.server.log.preallocated.size = 16384 (custom)
datanode_2  | 2019-10-16 18:19:55,536 INFO server.RaftServerConfigKeys: raft.server.snapshot.auto.trigger.threshold = 10000 (custom)
datanode_1  | 2019-10-16 18:19:55,549 INFO server.RaftServerConfigKeys: raft.server.log.write.buffer.size = 33554432 (custom)
datanode_3  | 2019-10-16 18:19:55,549 INFO server.RaftServerConfigKeys: raft.server.log.force.sync.num = 128 (default)
datanode_2  | 2019-10-16 18:19:55,537 INFO server.RaftServerConfigKeys: raft.server.snapshot.retention.file.num = 5 (custom)
datanode_3  | 2019-10-16 18:19:55,549 INFO server.RaftServerConfigKeys: raft.server.log.statemachine.data.sync = true (default)
datanode_1  | 2019-10-16 18:19:55,549 INFO server.RaftServerConfigKeys: raft.server.log.force.sync.num = 128 (default)
datanode_2  | 2019-10-16 18:19:55,537 INFO server.RaftServerConfigKeys: raft.server.retrycache.expirytime = 600000ms (custom)
datanode_3  | 2019-10-16 18:19:55,550 INFO server.RaftServerConfigKeys: raft.server.log.statemachine.data.sync.timeout = 10s (default)
datanode_1  | 2019-10-16 18:19:55,549 INFO server.RaftServerConfigKeys: raft.server.log.statemachine.data.sync = true (default)
datanode_2  | 2019-10-16 18:19:55,543 INFO impl.RaftServerImpl: 1e361a02-c454-4371-80bb-7ba28954cbb4@group-7F30266B296B: start as a follower, conf=-1: [1e361a02-c454-4371-80bb-7ba28954cbb4:172.18.0.5:9858, ab836308-4eaf-467e-8d2c-1367a2641a12:172.18.0.6:9858, 7090210e-d20e-49da-a368-f4a5330c8fe7:172.18.0.3:9858], old=null
datanode_3  | 2019-10-16 18:19:55,550 INFO server.RaftServerConfigKeys: raft.server.log.statemachine.data.sync.timeout.retry = -1 (default)
datanode_1  | 2019-10-16 18:19:55,549 INFO server.RaftServerConfigKeys: raft.server.log.statemachine.data.sync.timeout = 10s (default)
datanode_2  | 2019-10-16 18:19:55,543 INFO impl.RaftServerImpl: 1e361a02-c454-4371-80bb-7ba28954cbb4@group-7F30266B296B: changes role from      null to FOLLOWER at term 0 for startAsFollower
datanode_3  | 2019-10-16 18:19:55,550 INFO server.RaftServerConfigKeys: raft.server.log.statemachine.data.caching.enabled = true (custom)
datanode_1  | 2019-10-16 18:19:55,550 INFO server.RaftServerConfigKeys: raft.server.log.statemachine.data.sync.timeout.retry = -1 (default)
datanode_2  | 2019-10-16 18:19:55,543 INFO impl.RoleInfo: 1e361a02-c454-4371-80bb-7ba28954cbb4: start FollowerState
datanode_3  | 2019-10-16 18:19:55,550 INFO segmented.SegmentedRaftLogWorker: 7090210e-d20e-49da-a368-f4a5330c8fe7@group-7F30266B296B-SegmentedRaftLogWorker: flushIndex: setUnconditionally 0 -> -1
datanode_1  | 2019-10-16 18:19:55,550 INFO server.RaftServerConfigKeys: raft.server.log.statemachine.data.caching.enabled = true (custom)
datanode_2  | 2019-10-16 18:19:55,544 INFO util.JmxRegister: Successfully registered JMX Bean with object name Ratis:service=RaftServer,group=group-7F30266B296B,id=1e361a02-c454-4371-80bb-7ba28954cbb4
datanode_3  | 2019-10-16 18:19:55,551 INFO server.RaftServerConfigKeys: raft.server.snapshot.auto.trigger.enabled = true (custom)
datanode_1  | 2019-10-16 18:19:55,550 INFO segmented.SegmentedRaftLogWorker: ab836308-4eaf-467e-8d2c-1367a2641a12@group-7F30266B296B-SegmentedRaftLogWorker: flushIndex: setUnconditionally 0 -> -1
datanode_2  | 2019-10-16 18:19:59,796 INFO impl.FollowerState: 1e361a02-c454-4371-80bb-7ba28954cbb4@group-BB2F7BBB1477-FollowerState: change to CANDIDATE, lastRpcTime:5053ms, electionTimeout:5052ms
datanode_3  | 2019-10-16 18:19:55,551 INFO server.RaftServerConfigKeys: raft.server.snapshot.auto.trigger.threshold = 10000 (custom)
datanode_1  | 2019-10-16 18:19:55,551 INFO server.RaftServerConfigKeys: raft.server.snapshot.auto.trigger.enabled = true (custom)
datanode_2  | 2019-10-16 18:19:59,799 INFO impl.RoleInfo: 1e361a02-c454-4371-80bb-7ba28954cbb4: shutdown FollowerState
datanode_3  | 2019-10-16 18:19:55,551 INFO server.RaftServerConfigKeys: raft.server.snapshot.retention.file.num = 5 (custom)
datanode_1  | 2019-10-16 18:19:55,551 INFO server.RaftServerConfigKeys: raft.server.snapshot.auto.trigger.threshold = 10000 (custom)
datanode_2  | 2019-10-16 18:19:59,799 INFO impl.RaftServerImpl: 1e361a02-c454-4371-80bb-7ba28954cbb4@group-BB2F7BBB1477: changes role from  FOLLOWER to CANDIDATE at term 0 for changeToCandidate
datanode_1  | 2019-10-16 18:19:55,551 INFO server.RaftServerConfigKeys: raft.server.snapshot.retention.file.num = 5 (custom)
datanode_3  | 2019-10-16 18:19:55,551 INFO server.RaftServerConfigKeys: raft.server.retrycache.expirytime = 600000ms (custom)
datanode_2  | 2019-10-16 18:19:59,804 INFO impl.RoleInfo: 1e361a02-c454-4371-80bb-7ba28954cbb4: start LeaderElection
datanode_1  | 2019-10-16 18:19:55,551 INFO server.RaftServerConfigKeys: raft.server.retrycache.expirytime = 600000ms (custom)
datanode_3  | 2019-10-16 18:19:55,560 INFO impl.RaftServerImpl: 7090210e-d20e-49da-a368-f4a5330c8fe7@group-7F30266B296B: start as a follower, conf=-1: [1e361a02-c454-4371-80bb-7ba28954cbb4:172.18.0.5:9858, ab836308-4eaf-467e-8d2c-1367a2641a12:172.18.0.6:9858, 7090210e-d20e-49da-a368-f4a5330c8fe7:172.18.0.3:9858], old=null
datanode_2  | 2019-10-16 18:19:59,821 INFO impl.LeaderElection: 1e361a02-c454-4371-80bb-7ba28954cbb4@group-BB2F7BBB1477-LeaderElection1: begin an election at term 1 for -1: [1e361a02-c454-4371-80bb-7ba28954cbb4:172.18.0.5:9858], old=null
datanode_1  | 2019-10-16 18:19:55,559 INFO impl.RaftServerImpl: ab836308-4eaf-467e-8d2c-1367a2641a12@group-7F30266B296B: start as a follower, conf=-1: [1e361a02-c454-4371-80bb-7ba28954cbb4:172.18.0.5:9858, ab836308-4eaf-467e-8d2c-1367a2641a12:172.18.0.6:9858, 7090210e-d20e-49da-a368-f4a5330c8fe7:172.18.0.3:9858], old=null
datanode_3  | 2019-10-16 18:19:55,560 INFO impl.RaftServerImpl: 7090210e-d20e-49da-a368-f4a5330c8fe7@group-7F30266B296B: changes role from      null to FOLLOWER at term 0 for startAsFollower
datanode_2  | 2019-10-16 18:19:59,824 INFO impl.RoleInfo: 1e361a02-c454-4371-80bb-7ba28954cbb4: shutdown LeaderElection
datanode_1  | 2019-10-16 18:19:55,559 INFO impl.RaftServerImpl: ab836308-4eaf-467e-8d2c-1367a2641a12@group-7F30266B296B: changes role from      null to FOLLOWER at term 0 for startAsFollower
datanode_3  | 2019-10-16 18:19:55,560 INFO impl.RoleInfo: 7090210e-d20e-49da-a368-f4a5330c8fe7: start FollowerState
datanode_2  | 2019-10-16 18:19:59,825 INFO impl.RaftServerImpl: 1e361a02-c454-4371-80bb-7ba28954cbb4@group-BB2F7BBB1477: changes role from CANDIDATE to LEADER at term 1 for changeToLeader
datanode_1  | 2019-10-16 18:19:55,559 INFO impl.RoleInfo: ab836308-4eaf-467e-8d2c-1367a2641a12: start FollowerState
datanode_3  | 2019-10-16 18:19:55,561 INFO util.JmxRegister: Successfully registered JMX Bean with object name Ratis:service=RaftServer,group=group-7F30266B296B,id=7090210e-d20e-49da-a368-f4a5330c8fe7
datanode_2  | 2019-10-16 18:19:59,825 INFO impl.RaftServerImpl: 1e361a02-c454-4371-80bb-7ba28954cbb4@group-BB2F7BBB1477: change Leader from null to 1e361a02-c454-4371-80bb-7ba28954cbb4 at term 1 for becomeLeader, leader elected after 5224ms
datanode_1  | 2019-10-16 18:19:55,560 INFO util.JmxRegister: Successfully registered JMX Bean with object name Ratis:service=RaftServer,group=group-7F30266B296B,id=ab836308-4eaf-467e-8d2c-1367a2641a12
datanode_3  | 2019-10-16 18:19:59,247 INFO impl.FollowerState: 7090210e-d20e-49da-a368-f4a5330c8fe7@group-3A0D42ADE5F3-FollowerState: change to CANDIDATE, lastRpcTime:5122ms, electionTimeout:5122ms
datanode_2  | 2019-10-16 18:19:59,831 INFO server.RaftServerConfigKeys: raft.server.staging.catchup.gap = 1000 (default)
datanode_1  | 2019-10-16 18:20:00,469 INFO impl.FollowerState: ab836308-4eaf-467e-8d2c-1367a2641a12@group-548E0454D808-FollowerState: change to CANDIDATE, lastRpcTime:5096ms, electionTimeout:5095ms
datanode_3  | 2019-10-16 18:19:59,250 INFO impl.RoleInfo: 7090210e-d20e-49da-a368-f4a5330c8fe7: shutdown FollowerState
datanode_2  | 2019-10-16 18:19:59,831 INFO server.RaftServerConfigKeys: raft.server.rpc.sleep.time = 25ms (default)
datanode_1  | 2019-10-16 18:20:00,472 INFO impl.RoleInfo: ab836308-4eaf-467e-8d2c-1367a2641a12: shutdown FollowerState
datanode_3  | 2019-10-16 18:19:59,251 INFO impl.RaftServerImpl: 7090210e-d20e-49da-a368-f4a5330c8fe7@group-3A0D42ADE5F3: changes role from  FOLLOWER to CANDIDATE at term 0 for changeToCandidate
datanode_2  | 2019-10-16 18:19:59,836 INFO server.RaftServerConfigKeys: raft.server.write.element-limit = 4096 (default)
datanode_1  | 2019-10-16 18:20:00,473 INFO impl.RaftServerImpl: ab836308-4eaf-467e-8d2c-1367a2641a12@group-548E0454D808: changes role from  FOLLOWER to CANDIDATE at term 0 for changeToCandidate
datanode_3  | 2019-10-16 18:19:59,255 INFO impl.RoleInfo: 7090210e-d20e-49da-a368-f4a5330c8fe7: start LeaderElection
datanode_2  | 2019-10-16 18:19:59,840 INFO server.RaftServerConfigKeys: raft.server.watch.timeout = 10s (default)
datanode_1  | 2019-10-16 18:20:00,478 INFO impl.RoleInfo: ab836308-4eaf-467e-8d2c-1367a2641a12: start LeaderElection
datanode_3  | 2019-10-16 18:19:59,275 INFO impl.LeaderElection: 7090210e-d20e-49da-a368-f4a5330c8fe7@group-3A0D42ADE5F3-LeaderElection1: begin an election at term 1 for -1: [7090210e-d20e-49da-a368-f4a5330c8fe7:172.18.0.3:9858], old=null
datanode_2  | 2019-10-16 18:19:59,840 INFO server.RaftServerConfigKeys: raft.server.watch.timeout.denomination = 1s (default)
datanode_1  | 2019-10-16 18:20:00,504 INFO impl.LeaderElection: ab836308-4eaf-467e-8d2c-1367a2641a12@group-548E0454D808-LeaderElection1: begin an election at term 1 for -1: [ab836308-4eaf-467e-8d2c-1367a2641a12:172.18.0.6:9858], old=null
datanode_3  | 2019-10-16 18:19:59,277 INFO impl.RoleInfo: 7090210e-d20e-49da-a368-f4a5330c8fe7: shutdown LeaderElection
datanode_2  | 2019-10-16 18:19:59,841 INFO server.RaftServerConfigKeys: raft.server.watch.element-limit = 65536 (default)
datanode_1  | 2019-10-16 18:20:00,506 INFO impl.RoleInfo: ab836308-4eaf-467e-8d2c-1367a2641a12: shutdown LeaderElection
datanode_3  | 2019-10-16 18:19:59,277 INFO impl.RaftServerImpl: 7090210e-d20e-49da-a368-f4a5330c8fe7@group-3A0D42ADE5F3: changes role from CANDIDATE to LEADER at term 1 for changeToLeader
datanode_2  | 2019-10-16 18:19:59,855 INFO impl.RoleInfo: 1e361a02-c454-4371-80bb-7ba28954cbb4: start LeaderState
datanode_1  | 2019-10-16 18:20:00,507 INFO impl.RaftServerImpl: ab836308-4eaf-467e-8d2c-1367a2641a12@group-548E0454D808: changes role from CANDIDATE to LEADER at term 1 for changeToLeader
datanode_2  | 2019-10-16 18:19:59,877 INFO segmented.SegmentedRaftLogWorker: 1e361a02-c454-4371-80bb-7ba28954cbb4@group-BB2F7BBB1477-SegmentedRaftLogWorker: Starting segment from index:0
datanode_3  | 2019-10-16 18:19:59,278 INFO impl.RaftServerImpl: 7090210e-d20e-49da-a368-f4a5330c8fe7@group-3A0D42ADE5F3: change Leader from null to 7090210e-d20e-49da-a368-f4a5330c8fe7 at term 1 for becomeLeader, leader elected after 5257ms
datanode_1  | 2019-10-16 18:20:00,507 INFO impl.RaftServerImpl: ab836308-4eaf-467e-8d2c-1367a2641a12@group-548E0454D808: change Leader from null to ab836308-4eaf-467e-8d2c-1367a2641a12 at term 1 for becomeLeader, leader elected after 5253ms
datanode_2  | 2019-10-16 18:19:59,888 INFO impl.RaftServerImpl: 1e361a02-c454-4371-80bb-7ba28954cbb4@group-BB2F7BBB1477: set configuration 0: [1e361a02-c454-4371-80bb-7ba28954cbb4:172.18.0.5:9858], old=null at 0
datanode_3  | 2019-10-16 18:19:59,284 INFO server.RaftServerConfigKeys: raft.server.staging.catchup.gap = 1000 (default)
datanode_1  | 2019-10-16 18:20:00,514 INFO server.RaftServerConfigKeys: raft.server.staging.catchup.gap = 1000 (default)
datanode_3  | 2019-10-16 18:19:59,284 INFO server.RaftServerConfigKeys: raft.server.rpc.sleep.time = 25ms (default)
datanode_1  | 2019-10-16 18:20:00,514 INFO server.RaftServerConfigKeys: raft.server.rpc.sleep.time = 25ms (default)
datanode_2  | 2019-10-16 18:20:00,001 INFO segmented.SegmentedRaftLogWorker: 1e361a02-c454-4371-80bb-7ba28954cbb4@group-BB2F7BBB1477-SegmentedRaftLogWorker: created new log segment /data/metadata/ratis/62a874d9-82b9-4489-849f-bb2f7bbb1477/current/log_inprogress_0
datanode_3  | 2019-10-16 18:19:59,289 INFO server.RaftServerConfigKeys: raft.server.write.element-limit = 4096 (default)
datanode_1  | 2019-10-16 18:20:00,520 INFO server.RaftServerConfigKeys: raft.server.write.element-limit = 4096 (default)
datanode_2  | 2019-10-16 18:20:00,643 INFO impl.FollowerState: 1e361a02-c454-4371-80bb-7ba28954cbb4@group-7F30266B296B-FollowerState: change to CANDIDATE, lastRpcTime:5099ms, electionTimeout:5099ms
datanode_3  | 2019-10-16 18:19:59,294 INFO server.RaftServerConfigKeys: raft.server.watch.timeout = 10s (default)
datanode_1  | 2019-10-16 18:20:00,524 INFO server.RaftServerConfigKeys: raft.server.watch.timeout = 10s (default)
datanode_2  | 2019-10-16 18:20:00,643 INFO impl.RoleInfo: 1e361a02-c454-4371-80bb-7ba28954cbb4: shutdown FollowerState
datanode_3  | 2019-10-16 18:19:59,294 INFO server.RaftServerConfigKeys: raft.server.watch.timeout.denomination = 1s (default)
datanode_1  | 2019-10-16 18:20:00,525 INFO server.RaftServerConfigKeys: raft.server.watch.timeout.denomination = 1s (default)
datanode_2  | 2019-10-16 18:20:00,644 INFO impl.RaftServerImpl: 1e361a02-c454-4371-80bb-7ba28954cbb4@group-7F30266B296B: changes role from  FOLLOWER to CANDIDATE at term 0 for changeToCandidate
datanode_3  | 2019-10-16 18:19:59,296 INFO server.RaftServerConfigKeys: raft.server.watch.element-limit = 65536 (default)
datanode_1  | 2019-10-16 18:20:00,526 INFO server.RaftServerConfigKeys: raft.server.watch.element-limit = 65536 (default)
datanode_2  | 2019-10-16 18:20:00,644 INFO impl.RoleInfo: 1e361a02-c454-4371-80bb-7ba28954cbb4: start LeaderElection
datanode_3  | 2019-10-16 18:19:59,313 INFO impl.RoleInfo: 7090210e-d20e-49da-a368-f4a5330c8fe7: start LeaderState
datanode_1  | 2019-10-16 18:20:00,542 INFO impl.RoleInfo: ab836308-4eaf-467e-8d2c-1367a2641a12: start LeaderState
datanode_2  | 2019-10-16 18:20:00,660 INFO impl.LeaderElection: 1e361a02-c454-4371-80bb-7ba28954cbb4@group-7F30266B296B-LeaderElection2: begin an election at term 1 for -1: [1e361a02-c454-4371-80bb-7ba28954cbb4:172.18.0.5:9858, ab836308-4eaf-467e-8d2c-1367a2641a12:172.18.0.6:9858, 7090210e-d20e-49da-a368-f4a5330c8fe7:172.18.0.3:9858], old=null
datanode_3  | 2019-10-16 18:19:59,338 INFO segmented.SegmentedRaftLogWorker: 7090210e-d20e-49da-a368-f4a5330c8fe7@group-3A0D42ADE5F3-SegmentedRaftLogWorker: Starting segment from index:0
datanode_1  | 2019-10-16 18:20:00,570 INFO segmented.SegmentedRaftLogWorker: ab836308-4eaf-467e-8d2c-1367a2641a12@group-548E0454D808-SegmentedRaftLogWorker: Starting segment from index:0
datanode_2  | 2019-10-16 18:20:00,856 INFO impl.LeaderElection: 1e361a02-c454-4371-80bb-7ba28954cbb4@group-7F30266B296B-LeaderElection2: Election REJECTED; received 2 response(s) [1e361a02-c454-4371-80bb-7ba28954cbb4<-7090210e-d20e-49da-a368-f4a5330c8fe7#0:FAIL-t1, 1e361a02-c454-4371-80bb-7ba28954cbb4<-ab836308-4eaf-467e-8d2c-1367a2641a12#0:FAIL-t1] and 0 exception(s); 1e361a02-c454-4371-80bb-7ba28954cbb4@group-7F30266B296B:t1, leader=null, voted=1e361a02-c454-4371-80bb-7ba28954cbb4, raftlog=1e361a02-c454-4371-80bb-7ba28954cbb4@group-7F30266B296B-SegmentedRaftLog:OPENED:c-1,f-1,i0, conf=-1: [1e361a02-c454-4371-80bb-7ba28954cbb4:172.18.0.5:9858, ab836308-4eaf-467e-8d2c-1367a2641a12:172.18.0.6:9858, 7090210e-d20e-49da-a368-f4a5330c8fe7:172.18.0.3:9858], old=null
datanode_3  | 2019-10-16 18:19:59,349 INFO impl.RaftServerImpl: 7090210e-d20e-49da-a368-f4a5330c8fe7@group-3A0D42ADE5F3: set configuration 0: [7090210e-d20e-49da-a368-f4a5330c8fe7:172.18.0.3:9858], old=null at 0
datanode_1  | 2019-10-16 18:20:00,581 INFO impl.RaftServerImpl: ab836308-4eaf-467e-8d2c-1367a2641a12@group-548E0454D808: set configuration 0: [ab836308-4eaf-467e-8d2c-1367a2641a12:172.18.0.6:9858], old=null at 0
datanode_2  | 2019-10-16 18:20:00,857 INFO impl.RaftServerImpl: 1e361a02-c454-4371-80bb-7ba28954cbb4@group-7F30266B296B: changes role from CANDIDATE to FOLLOWER at term 1 for DISCOVERED_A_NEW_TERM
datanode_3  | 2019-10-16 18:19:59,475 INFO segmented.SegmentedRaftLogWorker: 7090210e-d20e-49da-a368-f4a5330c8fe7@group-3A0D42ADE5F3-SegmentedRaftLogWorker: created new log segment /data/metadata/ratis/ce9d8ec2-0052-4744-9949-3a0d42ade5f3/current/log_inprogress_0
datanode_1  | 2019-10-16 18:20:00,605 INFO impl.FollowerState: ab836308-4eaf-467e-8d2c-1367a2641a12@group-7F30266B296B-FollowerState: change to CANDIDATE, lastRpcTime:5046ms, electionTimeout:5046ms
datanode_2  | 2019-10-16 18:20:00,857 INFO impl.RoleInfo: 1e361a02-c454-4371-80bb-7ba28954cbb4: shutdown LeaderElection
datanode_3  | 2019-10-16 18:20:00,733 INFO impl.FollowerState: 7090210e-d20e-49da-a368-f4a5330c8fe7@group-7F30266B296B-FollowerState: change to CANDIDATE, lastRpcTime:5172ms, electionTimeout:5172ms
datanode_1  | 2019-10-16 18:20:00,606 INFO impl.RoleInfo: ab836308-4eaf-467e-8d2c-1367a2641a12: shutdown FollowerState
datanode_2  | 2019-10-16 18:20:00,857 INFO impl.RoleInfo: 1e361a02-c454-4371-80bb-7ba28954cbb4: start FollowerState
datanode_3  | 2019-10-16 18:20:00,734 INFO impl.RoleInfo: 7090210e-d20e-49da-a368-f4a5330c8fe7: shutdown FollowerState
datanode_1  | 2019-10-16 18:20:00,607 INFO impl.RaftServerImpl: ab836308-4eaf-467e-8d2c-1367a2641a12@group-7F30266B296B: changes role from  FOLLOWER to CANDIDATE at term 0 for changeToCandidate
datanode_1  | 2019-10-16 18:20:00,607 INFO impl.RoleInfo: ab836308-4eaf-467e-8d2c-1367a2641a12: start LeaderElection
datanode_1  | 2019-10-16 18:20:00,630 INFO impl.LeaderElection: ab836308-4eaf-467e-8d2c-1367a2641a12@group-7F30266B296B-LeaderElection2: begin an election at term 1 for -1: [1e361a02-c454-4371-80bb-7ba28954cbb4:172.18.0.5:9858, ab836308-4eaf-467e-8d2c-1367a2641a12:172.18.0.6:9858, 7090210e-d20e-49da-a368-f4a5330c8fe7:172.18.0.3:9858], old=null
datanode_2  | 2019-10-16 18:20:05,915 INFO impl.RaftServerImpl: 1e361a02-c454-4371-80bb-7ba28954cbb4@group-7F30266B296B: changes role from  FOLLOWER to FOLLOWER at term 2 for recognizeCandidate:ab836308-4eaf-467e-8d2c-1367a2641a12
datanode_2  | 2019-10-16 18:20:05,916 INFO impl.RoleInfo: 1e361a02-c454-4371-80bb-7ba28954cbb4: shutdown FollowerState
datanode_3  | 2019-10-16 18:20:00,734 INFO impl.RaftServerImpl: 7090210e-d20e-49da-a368-f4a5330c8fe7@group-7F30266B296B: changes role from  FOLLOWER to CANDIDATE at term 0 for changeToCandidate
datanode_1  | 2019-10-16 18:20:00,755 INFO segmented.SegmentedRaftLogWorker: ab836308-4eaf-467e-8d2c-1367a2641a12@group-548E0454D808-SegmentedRaftLogWorker: created new log segment /data/metadata/ratis/feefb95b-5d66-46b3-bcae-548e0454d808/current/log_inprogress_0
datanode_2  | 2019-10-16 18:20:05,916 INFO impl.RoleInfo: 1e361a02-c454-4371-80bb-7ba28954cbb4: start FollowerState
