datanode_3  | 2019-10-16 18:22:51,442 INFO impl.RaftServerImpl: afa7e7e3-5dcf-40aa-93d3-d6d4c0ef5de4@group-9F56467B9971: change Leader from null to afa7e7e3-5dcf-40aa-93d3-d6d4c0ef5de4 at term 1 for becomeLeader, leader elected after 5190ms
datanode_2  | 2019-10-16 18:22:50,922 INFO impl.RoleInfo: 47e2b4e6-1ae7-4b7a-b959-37f2d56e8236: shutdown FollowerState
datanode_1  | 2019-10-16 18:22:50,141 INFO impl.RoleInfo: 60418415-21a1-4740-8c27-03c24e09684f: start LeaderElection
datanode_3  | 2019-10-16 18:22:51,449 INFO server.RaftServerConfigKeys: raft.server.staging.catchup.gap = 1000 (default)
datanode_2  | 2019-10-16 18:22:50,923 INFO impl.RaftServerImpl: 47e2b4e6-1ae7-4b7a-b959-37f2d56e8236@group-A81894DB35D3: changes role from  FOLLOWER to CANDIDATE at term 0 for changeToCandidate
datanode_1  | 2019-10-16 18:22:50,167 INFO impl.LeaderElection: 60418415-21a1-4740-8c27-03c24e09684f@group-78A4F82EB10E-LeaderElection1: begin an election at term 1 for -1: [60418415-21a1-4740-8c27-03c24e09684f:172.18.0.4:9858], old=null
datanode_3  | 2019-10-16 18:22:51,449 INFO server.RaftServerConfigKeys: raft.server.rpc.sleep.time = 25ms (default)
datanode_2  | 2019-10-16 18:22:50,928 INFO impl.RoleInfo: 47e2b4e6-1ae7-4b7a-b959-37f2d56e8236: start LeaderElection
datanode_1  | 2019-10-16 18:22:50,169 INFO impl.RoleInfo: 60418415-21a1-4740-8c27-03c24e09684f: shutdown LeaderElection
datanode_3  | 2019-10-16 18:22:51,455 INFO server.RaftServerConfigKeys: raft.server.write.element-limit = 4096 (default)
datanode_2  | 2019-10-16 18:22:50,958 INFO impl.LeaderElection: 47e2b4e6-1ae7-4b7a-b959-37f2d56e8236@group-A81894DB35D3-LeaderElection1: begin an election at term 1 for -1: [47e2b4e6-1ae7-4b7a-b959-37f2d56e8236:172.18.0.5:9858], old=null
datanode_1  | 2019-10-16 18:22:50,170 INFO impl.RaftServerImpl: 60418415-21a1-4740-8c27-03c24e09684f@group-78A4F82EB10E: changes role from CANDIDATE to LEADER at term 1 for changeToLeader
datanode_3  | 2019-10-16 18:22:51,460 INFO server.RaftServerConfigKeys: raft.server.watch.timeout = 10s (default)
datanode_2  | 2019-10-16 18:22:50,961 INFO impl.RoleInfo: 47e2b4e6-1ae7-4b7a-b959-37f2d56e8236: shutdown LeaderElection
datanode_1  | 2019-10-16 18:22:50,171 INFO impl.RaftServerImpl: 60418415-21a1-4740-8c27-03c24e09684f@group-78A4F82EB10E: change Leader from null to 60418415-21a1-4740-8c27-03c24e09684f at term 1 for becomeLeader, leader elected after 5226ms
datanode_3  | 2019-10-16 18:22:51,460 INFO server.RaftServerConfigKeys: raft.server.watch.timeout.denomination = 1s (default)
datanode_2  | 2019-10-16 18:22:50,962 INFO impl.RaftServerImpl: 47e2b4e6-1ae7-4b7a-b959-37f2d56e8236@group-A81894DB35D3: changes role from CANDIDATE to LEADER at term 1 for changeToLeader
datanode_1  | 2019-10-16 18:22:50,177 INFO server.RaftServerConfigKeys: raft.server.staging.catchup.gap = 1000 (default)
datanode_3  | 2019-10-16 18:22:51,462 INFO server.RaftServerConfigKeys: raft.server.watch.element-limit = 65536 (default)
datanode_2  | 2019-10-16 18:22:50,962 INFO impl.RaftServerImpl: 47e2b4e6-1ae7-4b7a-b959-37f2d56e8236@group-A81894DB35D3: change Leader from null to 47e2b4e6-1ae7-4b7a-b959-37f2d56e8236 at term 1 for becomeLeader, leader elected after 5323ms
datanode_1  | 2019-10-16 18:22:50,177 INFO server.RaftServerConfigKeys: raft.server.rpc.sleep.time = 25ms (default)
datanode_3  | 2019-10-16 18:22:51,479 INFO impl.RoleInfo: afa7e7e3-5dcf-40aa-93d3-d6d4c0ef5de4: start LeaderState
datanode_2  | 2019-10-16 18:22:50,972 INFO server.RaftServerConfigKeys: raft.server.staging.catchup.gap = 1000 (default)
datanode_1  | 2019-10-16 18:22:50,182 INFO server.RaftServerConfigKeys: raft.server.write.element-limit = 4096 (default)
datanode_3  | 2019-10-16 18:22:51,507 INFO segmented.SegmentedRaftLogWorker: afa7e7e3-5dcf-40aa-93d3-d6d4c0ef5de4@group-9F56467B9971-SegmentedRaftLogWorker: Starting segment from index:0
datanode_1  | 2019-10-16 18:22:50,187 INFO server.RaftServerConfigKeys: raft.server.watch.timeout = 10s (default)
datanode_2  | 2019-10-16 18:22:50,972 INFO server.RaftServerConfigKeys: raft.server.rpc.sleep.time = 25ms (default)
datanode_3  | 2019-10-16 18:22:51,518 INFO impl.RaftServerImpl: afa7e7e3-5dcf-40aa-93d3-d6d4c0ef5de4@group-9F56467B9971: set configuration 0: [afa7e7e3-5dcf-40aa-93d3-d6d4c0ef5de4:172.18.0.7:9858], old=null at 0
datanode_1  | 2019-10-16 18:22:50,187 INFO server.RaftServerConfigKeys: raft.server.watch.timeout.denomination = 1s (default)
datanode_2  | 2019-10-16 18:22:50,979 INFO server.RaftServerConfigKeys: raft.server.write.element-limit = 4096 (default)
datanode_3  | 2019-10-16 18:22:51,628 INFO impl.FollowerState: afa7e7e3-5dcf-40aa-93d3-d6d4c0ef5de4@group-B58B03D18FE2-FollowerState: change to CANDIDATE, lastRpcTime:5047ms, electionTimeout:5047ms
datanode_1  | 2019-10-16 18:22:50,188 INFO server.RaftServerConfigKeys: raft.server.watch.element-limit = 65536 (default)
datanode_2  | 2019-10-16 18:22:50,983 INFO server.RaftServerConfigKeys: raft.server.watch.timeout = 10s (default)
datanode_3  | 2019-10-16 18:22:51,642 INFO impl.RoleInfo: afa7e7e3-5dcf-40aa-93d3-d6d4c0ef5de4: shutdown FollowerState
datanode_1  | 2019-10-16 18:22:50,204 INFO impl.RoleInfo: 60418415-21a1-4740-8c27-03c24e09684f: start LeaderState
datanode_2  | 2019-10-16 18:22:50,983 INFO server.RaftServerConfigKeys: raft.server.watch.timeout.denomination = 1s (default)
datanode_3  | 2019-10-16 18:22:51,642 INFO impl.RaftServerImpl: afa7e7e3-5dcf-40aa-93d3-d6d4c0ef5de4@group-B58B03D18FE2: changes role from  FOLLOWER to CANDIDATE at term 0 for changeToCandidate
datanode_1  | 2019-10-16 18:22:50,231 INFO segmented.SegmentedRaftLogWorker: 60418415-21a1-4740-8c27-03c24e09684f@group-78A4F82EB10E-SegmentedRaftLogWorker: Starting segment from index:0
datanode_3  | 2019-10-16 18:22:51,642 INFO impl.RoleInfo: afa7e7e3-5dcf-40aa-93d3-d6d4c0ef5de4: start LeaderElection
datanode_1  | 2019-10-16 18:22:50,243 INFO impl.RaftServerImpl: 60418415-21a1-4740-8c27-03c24e09684f@group-78A4F82EB10E: set configuration 0: [60418415-21a1-4740-8c27-03c24e09684f:172.18.0.4:9858], old=null at 0
datanode_2  | 2019-10-16 18:22:50,985 INFO server.RaftServerConfigKeys: raft.server.watch.element-limit = 65536 (default)
datanode_3  | 2019-10-16 18:22:51,658 INFO segmented.SegmentedRaftLogWorker: afa7e7e3-5dcf-40aa-93d3-d6d4c0ef5de4@group-9F56467B9971-SegmentedRaftLogWorker: created new log segment /data/metadata/ratis/e682dfd4-796e-49cc-b5c4-9f56467b9971/current/log_inprogress_0
datanode_1  | 2019-10-16 18:22:50,361 INFO segmented.SegmentedRaftLogWorker: 60418415-21a1-4740-8c27-03c24e09684f@group-78A4F82EB10E-SegmentedRaftLogWorker: created new log segment /data/metadata/ratis/1ba0730f-5305-4b20-8a2f-78a4f82eb10e/current/log_inprogress_0
datanode_2  | 2019-10-16 18:22:51,002 INFO impl.RoleInfo: 47e2b4e6-1ae7-4b7a-b959-37f2d56e8236: start LeaderState
datanode_3  | 2019-10-16 18:22:51,658 INFO impl.LeaderElection: afa7e7e3-5dcf-40aa-93d3-d6d4c0ef5de4@group-B58B03D18FE2-LeaderElection2: begin an election at term 1 for -1: [60418415-21a1-4740-8c27-03c24e09684f:172.18.0.4:9858, afa7e7e3-5dcf-40aa-93d3-d6d4c0ef5de4:172.18.0.7:9858, 47e2b4e6-1ae7-4b7a-b959-37f2d56e8236:172.18.0.5:9858], old=null
datanode_2  | 2019-10-16 18:22:51,030 INFO segmented.SegmentedRaftLogWorker: 47e2b4e6-1ae7-4b7a-b959-37f2d56e8236@group-A81894DB35D3-SegmentedRaftLogWorker: Starting segment from index:0
datanode_3  | 2019-10-16 18:22:51,855 INFO impl.LeaderElection: afa7e7e3-5dcf-40aa-93d3-d6d4c0ef5de4@group-B58B03D18FE2-LeaderElection2: Election REJECTED; received 2 response(s) [afa7e7e3-5dcf-40aa-93d3-d6d4c0ef5de4<-60418415-21a1-4740-8c27-03c24e09684f#0:FAIL-t1, afa7e7e3-5dcf-40aa-93d3-d6d4c0ef5de4<-47e2b4e6-1ae7-4b7a-b959-37f2d56e8236#0:FAIL-t1] and 0 exception(s); afa7e7e3-5dcf-40aa-93d3-d6d4c0ef5de4@group-B58B03D18FE2:t1, leader=null, voted=afa7e7e3-5dcf-40aa-93d3-d6d4c0ef5de4, raftlog=afa7e7e3-5dcf-40aa-93d3-d6d4c0ef5de4@group-B58B03D18FE2-SegmentedRaftLog:OPENED:c-1,f-1,i0, conf=-1: [60418415-21a1-4740-8c27-03c24e09684f:172.18.0.4:9858, afa7e7e3-5dcf-40aa-93d3-d6d4c0ef5de4:172.18.0.7:9858, 47e2b4e6-1ae7-4b7a-b959-37f2d56e8236:172.18.0.5:9858], old=null
datanode_1  | 2019-10-16 18:22:51,650 INFO impl.FollowerState: 60418415-21a1-4740-8c27-03c24e09684f@group-B58B03D18FE2-FollowerState: change to CANDIDATE, lastRpcTime:5067ms, electionTimeout:5067ms
datanode_3  | 2019-10-16 18:22:51,857 INFO impl.RaftServerImpl: afa7e7e3-5dcf-40aa-93d3-d6d4c0ef5de4@group-B58B03D18FE2: changes role from CANDIDATE to FOLLOWER at term 1 for DISCOVERED_A_NEW_TERM
datanode_1  | 2019-10-16 18:22:51,651 INFO impl.RoleInfo: 60418415-21a1-4740-8c27-03c24e09684f: shutdown FollowerState
datanode_2  | 2019-10-16 18:22:51,044 INFO impl.RaftServerImpl: 47e2b4e6-1ae7-4b7a-b959-37f2d56e8236@group-A81894DB35D3: set configuration 0: [47e2b4e6-1ae7-4b7a-b959-37f2d56e8236:172.18.0.5:9858], old=null at 0
datanode_3  | 2019-10-16 18:22:51,857 INFO impl.RoleInfo: afa7e7e3-5dcf-40aa-93d3-d6d4c0ef5de4: shutdown LeaderElection
datanode_1  | 2019-10-16 18:22:51,651 INFO impl.RaftServerImpl: 60418415-21a1-4740-8c27-03c24e09684f@group-B58B03D18FE2: changes role from  FOLLOWER to CANDIDATE at term 0 for changeToCandidate
datanode_2  | 2019-10-16 18:22:51,194 INFO segmented.SegmentedRaftLogWorker: 47e2b4e6-1ae7-4b7a-b959-37f2d56e8236@group-A81894DB35D3-SegmentedRaftLogWorker: created new log segment /data/metadata/ratis/b940312a-5598-45f9-bdc8-a81894db35d3/current/log_inprogress_0
datanode_3  | 2019-10-16 18:22:51,857 INFO impl.RoleInfo: afa7e7e3-5dcf-40aa-93d3-d6d4c0ef5de4: start FollowerState
datanode_1  | 2019-10-16 18:22:51,651 INFO impl.RoleInfo: 60418415-21a1-4740-8c27-03c24e09684f: start LeaderElection
datanode_2  | 2019-10-16 18:22:51,678 INFO impl.FollowerState: 47e2b4e6-1ae7-4b7a-b959-37f2d56e8236@group-B58B03D18FE2-FollowerState: change to CANDIDATE, lastRpcTime:5119ms, electionTimeout:5119ms
datanode_3  | 2019-10-16 18:22:56,992 INFO impl.RaftServerImpl: afa7e7e3-5dcf-40aa-93d3-d6d4c0ef5de4@group-B58B03D18FE2: changes role from  FOLLOWER to FOLLOWER at term 2 for recognizeCandidate:60418415-21a1-4740-8c27-03c24e09684f
datanode_1  | 2019-10-16 18:22:51,658 INFO impl.LeaderElection: 60418415-21a1-4740-8c27-03c24e09684f@group-B58B03D18FE2-LeaderElection2: begin an election at term 1 for -1: [60418415-21a1-4740-8c27-03c24e09684f:172.18.0.4:9858, afa7e7e3-5dcf-40aa-93d3-d6d4c0ef5de4:172.18.0.7:9858, 47e2b4e6-1ae7-4b7a-b959-37f2d56e8236:172.18.0.5:9858], old=null
datanode_2  | 2019-10-16 18:22:51,679 INFO impl.RoleInfo: 47e2b4e6-1ae7-4b7a-b959-37f2d56e8236: shutdown FollowerState
datanode_3  | 2019-10-16 18:22:56,993 INFO impl.RoleInfo: afa7e7e3-5dcf-40aa-93d3-d6d4c0ef5de4: shutdown FollowerState
datanode_1  | 2019-10-16 18:22:51,854 INFO impl.LeaderElection: 60418415-21a1-4740-8c27-03c24e09684f@group-B58B03D18FE2-LeaderElection2: Election REJECTED; received 2 response(s) [60418415-21a1-4740-8c27-03c24e09684f<-afa7e7e3-5dcf-40aa-93d3-d6d4c0ef5de4#0:FAIL-t1, 60418415-21a1-4740-8c27-03c24e09684f<-47e2b4e6-1ae7-4b7a-b959-37f2d56e8236#0:FAIL-t1] and 0 exception(s); 60418415-21a1-4740-8c27-03c24e09684f@group-B58B03D18FE2:t1, leader=null, voted=60418415-21a1-4740-8c27-03c24e09684f, raftlog=60418415-21a1-4740-8c27-03c24e09684f@group-B58B03D18FE2-SegmentedRaftLog:OPENED:c-1,f-1,i0, conf=-1: [60418415-21a1-4740-8c27-03c24e09684f:172.18.0.4:9858, afa7e7e3-5dcf-40aa-93d3-d6d4c0ef5de4:172.18.0.7:9858, 47e2b4e6-1ae7-4b7a-b959-37f2d56e8236:172.18.0.5:9858], old=null
datanode_2  | 2019-10-16 18:22:51,679 INFO impl.RaftServerImpl: 47e2b4e6-1ae7-4b7a-b959-37f2d56e8236@group-B58B03D18FE2: changes role from  FOLLOWER to CANDIDATE at term 0 for changeToCandidate
datanode_1  | 2019-10-16 18:22:51,856 INFO impl.RaftServerImpl: 60418415-21a1-4740-8c27-03c24e09684f@group-B58B03D18FE2: changes role from CANDIDATE to FOLLOWER at term 1 for DISCOVERED_A_NEW_TERM
datanode_3  | 2019-10-16 18:22:56,993 INFO impl.RoleInfo: afa7e7e3-5dcf-40aa-93d3-d6d4c0ef5de4: start FollowerState
datanode_2  | 2019-10-16 18:22:51,679 INFO impl.RoleInfo: 47e2b4e6-1ae7-4b7a-b959-37f2d56e8236: start LeaderElection
datanode_1  | 2019-10-16 18:22:51,857 INFO impl.RoleInfo: 60418415-21a1-4740-8c27-03c24e09684f: shutdown LeaderElection
datanode_3  | 2019-10-16 18:22:56,993 INFO impl.FollowerState: afa7e7e3-5dcf-40aa-93d3-d6d4c0ef5de4@group-B58B03D18FE2-FollowerState was interrupted: java.lang.InterruptedException: sleep interrupted
datanode_2  | 2019-10-16 18:22:51,704 INFO impl.LeaderElection: 47e2b4e6-1ae7-4b7a-b959-37f2d56e8236@group-B58B03D18FE2-LeaderElection2: begin an election at term 1 for -1: [60418415-21a1-4740-8c27-03c24e09684f:172.18.0.4:9858, afa7e7e3-5dcf-40aa-93d3-d6d4c0ef5de4:172.18.0.7:9858, 47e2b4e6-1ae7-4b7a-b959-37f2d56e8236:172.18.0.5:9858], old=null
datanode_1  | 2019-10-16 18:22:51,857 INFO impl.RoleInfo: 60418415-21a1-4740-8c27-03c24e09684f: start FollowerState
datanode_2  | 2019-10-16 18:22:51,871 INFO impl.LeaderElection: 47e2b4e6-1ae7-4b7a-b959-37f2d56e8236@group-B58B03D18FE2-LeaderElection2: Election REJECTED; received 2 response(s) [47e2b4e6-1ae7-4b7a-b959-37f2d56e8236<-60418415-21a1-4740-8c27-03c24e09684f#0:FAIL-t1, 47e2b4e6-1ae7-4b7a-b959-37f2d56e8236<-afa7e7e3-5dcf-40aa-93d3-d6d4c0ef5de4#0:FAIL-t1] and 0 exception(s); 47e2b4e6-1ae7-4b7a-b959-37f2d56e8236@group-B58B03D18FE2:t1, leader=null, voted=47e2b4e6-1ae7-4b7a-b959-37f2d56e8236, raftlog=47e2b4e6-1ae7-4b7a-b959-37f2d56e8236@group-B58B03D18FE2-SegmentedRaftLog:OPENED:c-1,f-1,i0, conf=-1: [60418415-21a1-4740-8c27-03c24e09684f:172.18.0.4:9858, afa7e7e3-5dcf-40aa-93d3-d6d4c0ef5de4:172.18.0.7:9858, 47e2b4e6-1ae7-4b7a-b959-37f2d56e8236:172.18.0.5:9858], old=null
datanode_1  | 2019-10-16 18:22:56,921 INFO impl.FollowerState: 60418415-21a1-4740-8c27-03c24e09684f@group-B58B03D18FE2-FollowerState: change to CANDIDATE, lastRpcTime:5063ms, electionTimeout:5063ms
datanode_2  | 2019-10-16 18:22:51,872 INFO impl.RaftServerImpl: 47e2b4e6-1ae7-4b7a-b959-37f2d56e8236@group-B58B03D18FE2: changes role from CANDIDATE to FOLLOWER at term 1 for DISCOVERED_A_NEW_TERM
datanode_3  | 2019-10-16 18:22:57,123 INFO impl.RaftServerImpl: afa7e7e3-5dcf-40aa-93d3-d6d4c0ef5de4@group-B58B03D18FE2: change Leader from null to 60418415-21a1-4740-8c27-03c24e09684f at term 2 for appendEntries, leader elected after 10554ms
datanode_1  | 2019-10-16 18:22:56,921 INFO impl.RoleInfo: 60418415-21a1-4740-8c27-03c24e09684f: shutdown FollowerState
datanode_2  | 2019-10-16 18:22:51,872 INFO impl.RoleInfo: 47e2b4e6-1ae7-4b7a-b959-37f2d56e8236: shutdown LeaderElection
datanode_1  | 2019-10-16 18:22:56,922 INFO impl.RaftServerImpl: 60418415-21a1-4740-8c27-03c24e09684f@group-B58B03D18FE2: changes role from  FOLLOWER to CANDIDATE at term 1 for changeToCandidate
datanode_2  | 2019-10-16 18:22:51,872 INFO impl.RoleInfo: 47e2b4e6-1ae7-4b7a-b959-37f2d56e8236: start FollowerState
datanode_1  | 2019-10-16 18:22:56,922 INFO impl.RoleInfo: 60418415-21a1-4740-8c27-03c24e09684f: start LeaderElection
datanode_2  | 2019-10-16 18:22:56,990 INFO impl.FollowerState: 47e2b4e6-1ae7-4b7a-b959-37f2d56e8236@group-B58B03D18FE2-FollowerState: change to CANDIDATE, lastRpcTime:5117ms, electionTimeout:5117ms
datanode_3  | 2019-10-16 18:22:57,146 INFO impl.RaftServerImpl: afa7e7e3-5dcf-40aa-93d3-d6d4c0ef5de4@group-B58B03D18FE2: set configuration 0: [60418415-21a1-4740-8c27-03c24e09684f:172.18.0.4:9858, afa7e7e3-5dcf-40aa-93d3-d6d4c0ef5de4:172.18.0.7:9858, 47e2b4e6-1ae7-4b7a-b959-37f2d56e8236:172.18.0.5:9858], old=null at 0
datanode_2  | 2019-10-16 18:22:56,990 INFO impl.RoleInfo: 47e2b4e6-1ae7-4b7a-b959-37f2d56e8236: shutdown FollowerState
datanode_2  | 2019-10-16 18:22:56,991 INFO impl.RaftServerImpl: 47e2b4e6-1ae7-4b7a-b959-37f2d56e8236@group-B58B03D18FE2: changes role from  FOLLOWER to CANDIDATE at term 1 for changeToCandidate
datanode_3  | 2019-10-16 18:22:57,146 INFO segmented.SegmentedRaftLogWorker: afa7e7e3-5dcf-40aa-93d3-d6d4c0ef5de4@group-B58B03D18FE2-SegmentedRaftLogWorker: Starting segment from index:0
datanode_1  | 2019-10-16 18:22:56,968 INFO impl.LeaderElection: 60418415-21a1-4740-8c27-03c24e09684f@group-B58B03D18FE2-LeaderElection3: begin an election at term 2 for -1: [60418415-21a1-4740-8c27-03c24e09684f:172.18.0.4:9858, afa7e7e3-5dcf-40aa-93d3-d6d4c0ef5de4:172.18.0.7:9858, 47e2b4e6-1ae7-4b7a-b959-37f2d56e8236:172.18.0.5:9858], old=null
datanode_2  | 2019-10-16 18:22:56,991 INFO impl.RoleInfo: 47e2b4e6-1ae7-4b7a-b959-37f2d56e8236: start LeaderElection
datanode_3  | 2019-10-16 18:22:57,201 INFO segmented.SegmentedRaftLogWorker: afa7e7e3-5dcf-40aa-93d3-d6d4c0ef5de4@group-B58B03D18FE2-SegmentedRaftLogWorker: created new log segment /data/metadata/ratis/f17cf209-4903-4b5d-ba71-b58b03d18fe2/current/log_inprogress_0
datanode_1  | 2019-10-16 18:22:57,028 INFO impl.LeaderElection: 60418415-21a1-4740-8c27-03c24e09684f@group-B58B03D18FE2-LeaderElection3: Election PASSED; received 1 response(s) [60418415-21a1-4740-8c27-03c24e09684f<-afa7e7e3-5dcf-40aa-93d3-d6d4c0ef5de4#0:OK-t2] and 0 exception(s); 60418415-21a1-4740-8c27-03c24e09684f@group-B58B03D18FE2:t2, leader=null, voted=60418415-21a1-4740-8c27-03c24e09684f, raftlog=60418415-21a1-4740-8c27-03c24e09684f@group-B58B03D18FE2-SegmentedRaftLog:OPENED:c-1,f-1,i0, conf=-1: [60418415-21a1-4740-8c27-03c24e09684f:172.18.0.4:9858, afa7e7e3-5dcf-40aa-93d3-d6d4c0ef5de4:172.18.0.7:9858, 47e2b4e6-1ae7-4b7a-b959-37f2d56e8236:172.18.0.5:9858], old=null
datanode_1  | 2019-10-16 18:22:57,029 INFO impl.RoleInfo: 60418415-21a1-4740-8c27-03c24e09684f: shutdown LeaderElection
datanode_1  | 2019-10-16 18:22:57,029 INFO impl.RaftServerImpl: 60418415-21a1-4740-8c27-03c24e09684f@group-B58B03D18FE2: changes role from CANDIDATE to LEADER at term 2 for changeToLeader
datanode_1  | 2019-10-16 18:22:57,030 INFO impl.RaftServerImpl: 60418415-21a1-4740-8c27-03c24e09684f@group-B58B03D18FE2: change Leader from null to 60418415-21a1-4740-8c27-03c24e09684f at term 2 for becomeLeader, leader elected after 10461ms
datanode_1  | 2019-10-16 18:22:57,030 INFO server.RaftServerConfigKeys: raft.server.staging.catchup.gap = 1000 (default)
datanode_2  | 2019-10-16 18:22:57,024 INFO impl.LeaderElection: 47e2b4e6-1ae7-4b7a-b959-37f2d56e8236@group-B58B03D18FE2-LeaderElection3: begin an election at term 2 for -1: [60418415-21a1-4740-8c27-03c24e09684f:172.18.0.4:9858, afa7e7e3-5dcf-40aa-93d3-d6d4c0ef5de4:172.18.0.7:9858, 47e2b4e6-1ae7-4b7a-b959-37f2d56e8236:172.18.0.5:9858], old=null
datanode_1  | 2019-10-16 18:22:57,030 INFO server.RaftServerConfigKeys: raft.server.rpc.sleep.time = 25ms (default)
datanode_2  | 2019-10-16 18:22:57,092 INFO impl.LeaderElection: 47e2b4e6-1ae7-4b7a-b959-37f2d56e8236@group-B58B03D18FE2-LeaderElection3: Election REJECTED; received 2 response(s) [47e2b4e6-1ae7-4b7a-b959-37f2d56e8236<-60418415-21a1-4740-8c27-03c24e09684f#0:FAIL-t2, 47e2b4e6-1ae7-4b7a-b959-37f2d56e8236<-afa7e7e3-5dcf-40aa-93d3-d6d4c0ef5de4#0:FAIL-t2] and 0 exception(s); 47e2b4e6-1ae7-4b7a-b959-37f2d56e8236@group-B58B03D18FE2:t2, leader=null, voted=47e2b4e6-1ae7-4b7a-b959-37f2d56e8236, raftlog=47e2b4e6-1ae7-4b7a-b959-37f2d56e8236@group-B58B03D18FE2-SegmentedRaftLog:OPENED:c-1,f-1,i0, conf=-1: [60418415-21a1-4740-8c27-03c24e09684f:172.18.0.4:9858, afa7e7e3-5dcf-40aa-93d3-d6d4c0ef5de4:172.18.0.7:9858, 47e2b4e6-1ae7-4b7a-b959-37f2d56e8236:172.18.0.5:9858], old=null
datanode_1  | 2019-10-16 18:22:57,030 INFO server.RaftServerConfigKeys: raft.server.write.element-limit = 4096 (default)
datanode_2  | 2019-10-16 18:22:57,093 INFO impl.RaftServerImpl: 47e2b4e6-1ae7-4b7a-b959-37f2d56e8236@group-B58B03D18FE2: changes role from CANDIDATE to FOLLOWER at term 2 for DISCOVERED_A_NEW_TERM
datanode_1  | 2019-10-16 18:22:57,031 INFO server.RaftServerConfigKeys: raft.server.watch.timeout = 10s (default)
datanode_2  | 2019-10-16 18:22:57,093 INFO impl.RoleInfo: 47e2b4e6-1ae7-4b7a-b959-37f2d56e8236: shutdown LeaderElection
datanode_1  | 2019-10-16 18:22:57,031 INFO server.RaftServerConfigKeys: raft.server.watch.timeout.denomination = 1s (default)
datanode_2  | 2019-10-16 18:22:57,093 INFO impl.RoleInfo: 47e2b4e6-1ae7-4b7a-b959-37f2d56e8236: start FollowerState
datanode_2  | 2019-10-16 18:22:57,122 INFO impl.RaftServerImpl: 47e2b4e6-1ae7-4b7a-b959-37f2d56e8236@group-B58B03D18FE2: change Leader from null to 60418415-21a1-4740-8c27-03c24e09684f at term 2 for appendEntries, leader elected after 10576ms
datanode_1  | 2019-10-16 18:22:57,031 INFO server.RaftServerConfigKeys: raft.server.watch.element-limit = 65536 (default)
datanode_2  | 2019-10-16 18:22:57,145 INFO impl.RaftServerImpl: 47e2b4e6-1ae7-4b7a-b959-37f2d56e8236@group-B58B03D18FE2: set configuration 0: [60418415-21a1-4740-8c27-03c24e09684f:172.18.0.4:9858, afa7e7e3-5dcf-40aa-93d3-d6d4c0ef5de4:172.18.0.7:9858, 47e2b4e6-1ae7-4b7a-b959-37f2d56e8236:172.18.0.5:9858], old=null at 0
datanode_1  | 2019-10-16 18:22:57,041 INFO server.RaftServerConfigKeys: raft.server.log.appender.snapshot.chunk.size.max = 16MB (=16777216) (default)
datanode_2  | 2019-10-16 18:22:57,145 INFO segmented.SegmentedRaftLogWorker: 47e2b4e6-1ae7-4b7a-b959-37f2d56e8236@group-B58B03D18FE2-SegmentedRaftLogWorker: Starting segment from index:0
datanode_1  | 2019-10-16 18:22:57,041 INFO server.RaftServerConfigKeys: raft.server.log.appender.buffer.byte-limit = 33554432 (custom)
datanode_2  | 2019-10-16 18:22:57,201 INFO segmented.SegmentedRaftLogWorker: 47e2b4e6-1ae7-4b7a-b959-37f2d56e8236@group-B58B03D18FE2-SegmentedRaftLogWorker: created new log segment /data/metadata/ratis/f17cf209-4903-4b5d-ba71-b58b03d18fe2/current/log_inprogress_0
datanode_1  | 2019-10-16 18:22:57,042 INFO server.RaftServerConfigKeys: raft.server.log.appender.buffer.element-limit = 1 (custom)
datanode_1  | 2019-10-16 18:22:57,046 INFO grpc.GrpcConfigKeys$Server: raft.grpc.server.leader.outstanding.appends.max = 128 (default)
datanode_1  | 2019-10-16 18:22:57,047 INFO server.RaftServerConfigKeys: raft.server.rpc.request.timeout = 3000ms (default)
datanode_1  | 2019-10-16 18:22:57,047 INFO server.RaftServerConfigKeys: raft.server.log.appender.install.snapshot.enabled = false (custom)
datanode_1  | 2019-10-16 18:22:57,048 INFO server.RaftServerConfigKeys: raft.server.log.appender.snapshot.chunk.size.max = 16MB (=16777216) (default)
datanode_1  | 2019-10-16 18:22:57,048 INFO server.RaftServerConfigKeys: raft.server.log.appender.buffer.byte-limit = 33554432 (custom)
datanode_1  | 2019-10-16 18:22:57,048 INFO server.RaftServerConfigKeys: raft.server.log.appender.buffer.element-limit = 1 (custom)
datanode_1  | 2019-10-16 18:22:57,048 INFO grpc.GrpcConfigKeys$Server: raft.grpc.server.leader.outstanding.appends.max = 128 (default)
datanode_1  | 2019-10-16 18:22:57,049 INFO server.RaftServerConfigKeys: raft.server.rpc.request.timeout = 3000ms (default)
datanode_1  | 2019-10-16 18:22:57,049 INFO server.RaftServerConfigKeys: raft.server.log.appender.install.snapshot.enabled = false (custom)
datanode_1  | 2019-10-16 18:22:57,052 INFO impl.RoleInfo: 60418415-21a1-4740-8c27-03c24e09684f: start LeaderState
datanode_1  | 2019-10-16 18:22:57,052 INFO segmented.SegmentedRaftLogWorker: 60418415-21a1-4740-8c27-03c24e09684f@group-B58B03D18FE2-SegmentedRaftLogWorker: Starting segment from index:0
datanode_1  | 2019-10-16 18:22:57,054 INFO impl.RaftServerImpl: 60418415-21a1-4740-8c27-03c24e09684f@group-B58B03D18FE2: set configuration 0: [60418415-21a1-4740-8c27-03c24e09684f:172.18.0.4:9858, afa7e7e3-5dcf-40aa-93d3-d6d4c0ef5de4:172.18.0.7:9858, 47e2b4e6-1ae7-4b7a-b959-37f2d56e8236:172.18.0.5:9858], old=null at 0
datanode_1  | 2019-10-16 18:22:57,088 INFO impl.RaftServerImpl: 60418415-21a1-4740-8c27-03c24e09684f@group-B58B03D18FE2-   LEADER: Withhold vote from candidate 47e2b4e6-1ae7-4b7a-b959-37f2d56e8236 with term 2. State: leader=60418415-21a1-4740-8c27-03c24e09684f, term=2, lastRpcElapsed=null
datanode_1  | 2019-10-16 18:22:57,114 INFO segmented.SegmentedRaftLogWorker: 60418415-21a1-4740-8c27-03c24e09684f@group-B58B03D18FE2-SegmentedRaftLogWorker: created new log segment /data/metadata/ratis/f17cf209-4903-4b5d-ba71-b58b03d18fe2/current/log_inprogress_0
