Attaching to ozonesecure_om_1, ozonesecure_kms_1, ozonesecure_s3g_1, ozonesecure_datanode_3, ozonesecure_datanode_1, ozonesecure_kdc_1, ozonesecure_datanode_2, ozonesecure_scm_1, ozonesecure_recon_1
kms_1       | Sleeping for 5 seconds
kms_1       | Setting up kerberos!!
om_1        | Sleeping for 5 seconds
kms_1       | KDC ISSUER_SERVER => kdc:8081
om_1        | Setting up kerberos!!
om_1        | KDC ISSUER_SERVER => kdc:8081
om_1        | Sleeping for 5 seconds
kms_1       | /opt/starter.sh: line 66: SLEEP_SECONDS: command not found
s3g_1       | Sleeping for 5 seconds
om_1        | Got 200, KDC service ready!!
kms_1       | Sleeping for  seconds
kdc_1       | Issuer is listening on : 8081krb5kdc: starting...
s3g_1       | Setting up kerberos!!
om_1        | Download dn/om@EXAMPLE.COM keytab file to /etc/security/keytabs/dn.keytab
kms_1       | Got 200, KDC service ready!!
kdc_1       | kadmind: starting...
s3g_1       | KDC ISSUER_SERVER => kdc:8081
datanode_2  | Sleeping for 5 seconds
kms_1       | Download dn/112d79c01fce@EXAMPLE.COM keytab file to /etc/security/keytabs/dn.keytab
kdc_1       | otp: Loaded
om_1        | --2019-10-16 13:15:59--  http://kdc:8081/keytab/om/dn
s3g_1       | Sleeping for 5 seconds
datanode_2  | Setting up kerberos!!
recon_1     | Sleeping for 5 seconds
kms_1       | --2019-10-16 13:15:59--  http://kdc:8081/keytab/112d79c01fce/dn
kdc_1       | Oct 16 13:15:48 kdc krb5kdc[9](info): setting up network...
datanode_3  | Sleeping for 5 seconds
om_1        | Resolving kdc (kdc)... 172.18.0.5
s3g_1       | Got 200, KDC service ready!!
datanode_1  | Sleeping for 5 seconds
recon_1     | Waiting for the service om:9874
datanode_2  | KDC ISSUER_SERVER => kdc:8081
kms_1       | Resolving kdc (kdc)... 172.18.0.5
kdc_1       | krb5kdc: setsockopt(9,IPV6_V6ONLY,1) worked
scm_1       | Sleeping for 5 seconds
datanode_3  | Setting up kerberos!!
om_1        | Connecting to kdc (kdc)|172.18.0.5|:8081... connected.
datanode_1  | Setting up kerberos!!
s3g_1       | Download dn/s3g@EXAMPLE.COM keytab file to /etc/security/keytabs/dn.keytab
recon_1     | Setting up kerberos!!
datanode_2  | Sleeping for 5 seconds
kms_1       | Connecting to kdc (kdc)|172.18.0.5|:8081... connected.
kdc_1       | krb5kdc: setsockopt(11,IPV6_V6ONLY,1) worked
scm_1       | Setting up kerberos!!
datanode_3  | KDC ISSUER_SERVER => kdc:8081
om_1        | HTTP request sent, awaiting response... 200 OK
datanode_1  | KDC ISSUER_SERVER => kdc:8081
s3g_1       | --2019-10-16 13:16:00--  http://kdc:8081/keytab/s3g/dn
recon_1     | KDC ISSUER_SERVER => kdc:8081
datanode_2  | Got 200, KDC service ready!!
kms_1       | HTTP request sent, awaiting response... 200 OK
kdc_1       | Oct 16 13:15:48 kdc krb5kdc[9](info): set up 4 sockets
datanode_3  | Sleeping for 5 seconds
om_1        | Length: 138 [application/octet-stream]
datanode_1  | Sleeping for 5 seconds
s3g_1       | Resolving kdc (kdc)... 172.18.0.5
recon_1     | Sleeping for 5 seconds
datanode_2  | Download dn/7cfe6d8512f8@EXAMPLE.COM keytab file to /etc/security/keytabs/dn.keytab
kms_1       | Length: 158 [application/octet-stream]
scm_1       | KDC ISSUER_SERVER => kdc:8081
datanode_3  | Got 200, KDC service ready!!
om_1        | Saving to: '/etc/security/keytabs/dn.keytab'
datanode_1  | Got 200, KDC service ready!!
s3g_1       | Connecting to kdc (kdc)|172.18.0.5|:8081... connected.
datanode_2  | --2019-10-16 13:15:57--  http://kdc:8081/keytab/7cfe6d8512f8/dn
kdc_1       | Oct 16 13:15:48 kdc krb5kdc[9](info): commencing operation
kms_1       | Saving to: '/etc/security/keytabs/dn.keytab'
recon_1     | Got 200, KDC service ready!!
om_1        | 
scm_1       | Sleeping for 5 seconds
datanode_1  | Download dn/9e074af0ec33@EXAMPLE.COM keytab file to /etc/security/keytabs/dn.keytab
datanode_3  | Download dn/75ba5b0996aa@EXAMPLE.COM keytab file to /etc/security/keytabs/dn.keytab
s3g_1       | HTTP request sent, awaiting response... 200 OK
datanode_2  | Resolving kdc (kdc)... 172.18.0.5
kdc_1       | Oct 16 13:15:36 0dc2637e0b76 kadmin.local[1](info): No dictionary file specified, continuing without one.
recon_1     | Download dn/recon@EXAMPLE.COM keytab file to /etc/security/keytabs/dn.keytab
om_1        |      0K                                                       100% 9.32M=0s
scm_1       | Got 200, KDC service ready!!
datanode_1  | --2019-10-16 13:15:59--  http://kdc:8081/keytab/9e074af0ec33/dn
datanode_3  | --2019-10-16 13:15:59--  http://kdc:8081/keytab/75ba5b0996aa/dn
s3g_1       | Length: 140 [application/octet-stream]
kdc_1       | Oct 16 13:15:38 86a7a72cca92 kadmin.local[1](info): No dictionary file specified, continuing without one.
datanode_2  | Connecting to kdc (kdc)|172.18.0.5|:8081... connected.
kms_1       | 
recon_1     | --2019-10-16 13:16:18--  http://kdc:8081/keytab/recon/dn
om_1        | 
datanode_1  | Resolving kdc (kdc)... 172.18.0.5
scm_1       | Download dn/scm@EXAMPLE.COM keytab file to /etc/security/keytabs/dn.keytab
datanode_3  | Resolving kdc (kdc)... 172.18.0.5
s3g_1       | Saving to: '/etc/security/keytabs/dn.keytab'
kdc_1       | Oct 16 13:15:52 kdc kadmind[15](info): No dictionary file specified, continuing without one.
datanode_2  | HTTP request sent, awaiting response... 200 OK
kms_1       |      0K                                                       100% 16.7M=0s
recon_1     | Resolving kdc (kdc)... 172.18.0.5
om_1        | 2019-10-16 13:15:59 (9.32 MB/s) - '/etc/security/keytabs/dn.keytab' saved [138/138]
datanode_1  | Connecting to kdc (kdc)|172.18.0.5|:8081... connected.
scm_1       | --2019-10-16 13:15:58--  http://kdc:8081/keytab/scm/dn
s3g_1       | 
datanode_3  | Connecting to kdc (kdc)|172.18.0.5|:8081... connected.
kdc_1       | Oct 16 13:15:52 kdc kadmind[15](info): setting up network...
datanode_2  | Length: 158 [application/octet-stream]
kms_1       | 
recon_1     | Connecting to kdc (kdc)|172.18.0.5|:8081... connected.
om_1        | 
datanode_1  | HTTP request sent, awaiting response... 200 OK
scm_1       | Resolving kdc (kdc)... 172.18.0.5
s3g_1       |      0K                                                       100% 12.6M=0s
datanode_3  | HTTP request sent, awaiting response... 200 OK
kdc_1       | kadmind: setsockopt(9,IPV6_V6ONLY,1) worked
datanode_2  | Saving to: '/etc/security/keytabs/dn.keytab'
kms_1       | 2019-10-16 13:15:59 (16.7 MB/s) - '/etc/security/keytabs/dn.keytab' saved [158/158]
recon_1     | HTTP request sent, awaiting response... 200 OK
om_1        | Keytab name: FILE:/etc/security/keytabs/dn.keytab
datanode_1  | Length: 158 [application/octet-stream]
scm_1       | Connecting to kdc (kdc)|172.18.0.5|:8081... connected.
s3g_1       | 
datanode_3  | Length: 158 [application/octet-stream]
kdc_1       | kadmind: setsockopt(11,IPV6_V6ONLY,1) worked
datanode_2  | 
kms_1       | 
recon_1     | Length: 144 [application/octet-stream]
om_1        | KVNO Timestamp         Principal
datanode_1  | Saving to: '/etc/security/keytabs/dn.keytab'
datanode_3  | Saving to: '/etc/security/keytabs/dn.keytab'
kdc_1       | kadmind: setsockopt(13,IPV6_V6ONLY,1) worked
scm_1       | HTTP request sent, awaiting response... 200 OK
s3g_1       | 2019-10-16 13:16:00 (12.6 MB/s) - '/etc/security/keytabs/dn.keytab' saved [140/140]
datanode_2  |      0K                                                       100% 13.2M=0s
kms_1       | Keytab name: FILE:/etc/security/keytabs/dn.keytab
recon_1     | Saving to: '/etc/security/keytabs/dn.keytab'
om_1        | ---- ----------------- --------------------------------------------------------
datanode_1  | 
datanode_3  | 
kdc_1       | Oct 16 13:15:52 kdc kadmind[15](info): set up 6 sockets
scm_1       | Length: 140 [application/octet-stream]
s3g_1       | 
datanode_2  | 
kms_1       | KVNO Timestamp         Principal
recon_1     | 
om_1        |    2 10/16/19 13:15:59 dn/om@EXAMPLE.COM
datanode_1  |      0K                                                       100% 14.8M=0s
datanode_3  |      0K                                                       100% 11.9M=0s
kdc_1       | Oct 16 13:15:52 kdc kadmind[15](info): Seeding random number generator
scm_1       | Saving to: '/etc/security/keytabs/dn.keytab'
s3g_1       | Keytab name: FILE:/etc/security/keytabs/dn.keytab
kms_1       | ---- ----------------- --------------------------------------------------------
datanode_2  | 2019-10-16 13:15:57 (13.2 MB/s) - '/etc/security/keytabs/dn.keytab' saved [158/158]
recon_1     |      0K                                                       100% 13.3M=0s
om_1        |    2 10/16/19 13:15:59 dn/om@EXAMPLE.COM
datanode_1  | 
datanode_3  | 
kdc_1       | Oct 16 13:15:52 kdc kadmind[15](info): starting
scm_1       | 
s3g_1       | KVNO Timestamp         Principal
kms_1       |    2 10/16/19 13:15:59 dn/112d79c01fce@EXAMPLE.COM
datanode_2  | 
recon_1     | 
om_1        | Download om/om@EXAMPLE.COM keytab file to /etc/security/keytabs/om.keytab
datanode_1  | 2019-10-16 13:15:59 (14.8 MB/s) - '/etc/security/keytabs/dn.keytab' saved [158/158]
datanode_3  | 2019-10-16 13:15:59 (11.9 MB/s) - '/etc/security/keytabs/dn.keytab' saved [158/158]
kdc_1       | Generiting keytab
scm_1       |      0K                                                       100% 13.2M=0s
s3g_1       | ---- ----------------- --------------------------------------------------------
kms_1       |    2 10/16/19 13:15:59 dn/112d79c01fce@EXAMPLE.COM
datanode_2  | Keytab name: FILE:/etc/security/keytabs/dn.keytab
recon_1     | 2019-10-16 13:16:19 (13.3 MB/s) - '/etc/security/keytabs/dn.keytab' saved [144/144]
om_1        | --2019-10-16 13:15:59--  http://kdc:8081/keytab/om/om
datanode_1  | 
datanode_3  | 
kdc_1       | Authenticating as principal admin/admin with keytab /tmp/admin.keytab.
scm_1       | 
s3g_1       |    2 10/16/19 13:16:00 dn/s3g@EXAMPLE.COM
kms_1       | Download om/112d79c01fce@EXAMPLE.COM keytab file to /etc/security/keytabs/om.keytab
datanode_2  | KVNO Timestamp         Principal
recon_1     | 
om_1        | Resolving kdc (kdc)... 172.18.0.5
datanode_1  | Keytab name: FILE:/etc/security/keytabs/dn.keytab
datanode_3  | Keytab name: FILE:/etc/security/keytabs/dn.keytab
kdc_1       | WARNING: no policy specified for test/test@EXAMPLE.COM; defaulting to no policy
scm_1       | 2019-10-16 13:15:58 (13.2 MB/s) - '/etc/security/keytabs/dn.keytab' saved [140/140]
s3g_1       |    2 10/16/19 13:16:00 dn/s3g@EXAMPLE.COM
kms_1       | --2019-10-16 13:15:59--  http://kdc:8081/keytab/112d79c01fce/om
datanode_2  | ---- ----------------- --------------------------------------------------------
recon_1     | Keytab name: FILE:/etc/security/keytabs/dn.keytab
datanode_1  | KVNO Timestamp         Principal
datanode_3  | KVNO Timestamp         Principal
kdc_1       | Principal "test/test@EXAMPLE.COM" created.
om_1        | Connecting to kdc (kdc)|172.18.0.5|:8081... connected.
scm_1       | 
s3g_1       | Download om/s3g@EXAMPLE.COM keytab file to /etc/security/keytabs/om.keytab
kms_1       | Resolving kdc (kdc)... 172.18.0.5
datanode_2  |    2 10/16/19 13:15:57 dn/7cfe6d8512f8@EXAMPLE.COM
recon_1     | KVNO Timestamp         Principal
datanode_1  | ---- ----------------- --------------------------------------------------------
datanode_3  | ---- ----------------- --------------------------------------------------------
kdc_1       | Authenticating as principal admin/admin with keytab /tmp/admin.keytab.
om_1        | HTTP request sent, awaiting response... 200 OK
scm_1       | Keytab name: FILE:/etc/security/keytabs/dn.keytab
s3g_1       | --2019-10-16 13:16:00--  http://kdc:8081/keytab/s3g/om
kms_1       | Connecting to kdc (kdc)|172.18.0.5|:8081... connected.
datanode_2  |    2 10/16/19 13:15:57 dn/7cfe6d8512f8@EXAMPLE.COM
recon_1     | ---- ----------------- --------------------------------------------------------
kdc_1       | Entry for principal test/test@EXAMPLE.COM with kvno 2, encryption type aes256-cts-hmac-sha1-96 added to keytab WRFILE:/data/test.test.keytab.
datanode_3  |    2 10/16/19 13:15:59 dn/75ba5b0996aa@EXAMPLE.COM
datanode_1  |    2 10/16/19 13:15:59 dn/9e074af0ec33@EXAMPLE.COM
om_1        | Length: 138 [application/octet-stream]
scm_1       | KVNO Timestamp         Principal
s3g_1       | Resolving kdc (kdc)... 172.18.0.5
kms_1       | HTTP request sent, awaiting response... 200 OK
datanode_2  | Download om/7cfe6d8512f8@EXAMPLE.COM keytab file to /etc/security/keytabs/om.keytab
recon_1     |    2 10/16/19 13:16:18 dn/recon@EXAMPLE.COM
kdc_1       | Entry for principal test/test@EXAMPLE.COM with kvno 2, encryption type aes128-cts-hmac-sha1-96 added to keytab WRFILE:/data/test.test.keytab.
datanode_3  |    2 10/16/19 13:15:59 dn/75ba5b0996aa@EXAMPLE.COM
datanode_1  |    2 10/16/19 13:15:59 dn/9e074af0ec33@EXAMPLE.COM
om_1        | Saving to: '/etc/security/keytabs/om.keytab'
scm_1       | ---- ----------------- --------------------------------------------------------
s3g_1       | Connecting to kdc (kdc)|172.18.0.5|:8081... connected.
datanode_2  | --2019-10-16 13:15:57--  http://kdc:8081/keytab/7cfe6d8512f8/om
recon_1     |    2 10/16/19 13:16:19 dn/recon@EXAMPLE.COM
kdc_1       | Generiting keytab
datanode_3  | Download om/75ba5b0996aa@EXAMPLE.COM keytab file to /etc/security/keytabs/om.keytab
datanode_1  | Download om/9e074af0ec33@EXAMPLE.COM keytab file to /etc/security/keytabs/om.keytab
om_1        | 
scm_1       |    2 10/16/19 13:15:58 dn/scm@EXAMPLE.COM
datanode_2  | Resolving kdc (kdc)... 172.18.0.5
s3g_1       | HTTP request sent, awaiting response... 200 OK
kms_1       | Length: 158 [application/octet-stream]
recon_1     | Download om/recon@EXAMPLE.COM keytab file to /etc/security/keytabs/om.keytab
kdc_1       | Authenticating as principal admin/admin with keytab /tmp/admin.keytab.
datanode_3  | --2019-10-16 13:15:59--  http://kdc:8081/keytab/75ba5b0996aa/om
datanode_1  | --2019-10-16 13:15:59--  http://kdc:8081/keytab/9e074af0ec33/om
scm_1       |    2 10/16/19 13:15:58 dn/scm@EXAMPLE.COM
om_1        |      0K                                                       100% 20.2M=0s
s3g_1       | Length: 140 [application/octet-stream]
kms_1       | Saving to: '/etc/security/keytabs/om.keytab'
datanode_2  | Connecting to kdc (kdc)|172.18.0.5|:8081... connected.
recon_1     | --2019-10-16 13:16:19--  http://kdc:8081/keytab/recon/om
kdc_1       | WARNING: no policy specified for dn/7cfe6d8512f8@EXAMPLE.COM; defaulting to no policy
datanode_3  | Resolving kdc (kdc)... 172.18.0.5
datanode_1  | Resolving kdc (kdc)... 172.18.0.5
om_1        | 
scm_1       | Download om/scm@EXAMPLE.COM keytab file to /etc/security/keytabs/om.keytab
s3g_1       | Saving to: '/etc/security/keytabs/om.keytab'
kms_1       | 
datanode_2  | HTTP request sent, awaiting response... 200 OK
recon_1     | Resolving kdc (kdc)... 172.18.0.5
kdc_1       | Principal "dn/7cfe6d8512f8@EXAMPLE.COM" created.
datanode_3  | Connecting to kdc (kdc)|172.18.0.5|:8081... connected.
om_1        | 2019-10-16 13:16:00 (20.2 MB/s) - '/etc/security/keytabs/om.keytab' saved [138/138]
datanode_1  | Connecting to kdc (kdc)|172.18.0.5|:8081... connected.
scm_1       | --2019-10-16 13:15:58--  http://kdc:8081/keytab/scm/om
s3g_1       | 
kms_1       |      0K                                                       100% 16.5M=0s
datanode_2  | Length: 158 [application/octet-stream]
recon_1     | Connecting to kdc (kdc)|172.18.0.5|:8081... connected.
kdc_1       | Authenticating as principal admin/admin with keytab /tmp/admin.keytab.
datanode_3  | HTTP request sent, awaiting response... 200 OK
om_1        | 
datanode_1  | HTTP request sent, awaiting response... 200 OK
scm_1       | Resolving kdc (kdc)... 172.18.0.5
kms_1       | 
datanode_2  | Saving to: '/etc/security/keytabs/om.keytab'
kdc_1       | Entry for principal dn/7cfe6d8512f8@EXAMPLE.COM with kvno 2, encryption type aes256-cts-hmac-sha1-96 added to keytab WRFILE:/data/dn.7cfe6d8512f8.keytab.
recon_1     | HTTP request sent, awaiting response... 200 OK
s3g_1       |      0K                                                       100% 17.1M=0s
datanode_3  | Length: 158 [application/octet-stream]
om_1        | Keytab name: FILE:/etc/security/keytabs/om.keytab
datanode_1  | Length: 158 [application/octet-stream]
scm_1       | Connecting to kdc (kdc)|172.18.0.5|:8081... connected.
kms_1       | 2019-10-16 13:16:00 (16.5 MB/s) - '/etc/security/keytabs/om.keytab' saved [158/158]
datanode_2  | 
kdc_1       | Entry for principal dn/7cfe6d8512f8@EXAMPLE.COM with kvno 2, encryption type aes128-cts-hmac-sha1-96 added to keytab WRFILE:/data/dn.7cfe6d8512f8.keytab.
recon_1     | Length: 144 [application/octet-stream]
s3g_1       | 
datanode_3  | Saving to: '/etc/security/keytabs/om.keytab'
om_1        | KVNO Timestamp         Principal
datanode_1  | Saving to: '/etc/security/keytabs/om.keytab'
scm_1       | HTTP request sent, awaiting response... 200 OK
kms_1       | 
datanode_2  |      0K                                                       100% 11.8M=0s
kdc_1       | Generiting keytab
recon_1     | Saving to: '/etc/security/keytabs/om.keytab'
s3g_1       | 2019-10-16 13:16:01 (17.1 MB/s) - '/etc/security/keytabs/om.keytab' saved [140/140]
datanode_3  | 
om_1        | ---- ----------------- --------------------------------------------------------
datanode_1  | 
kms_1       | Keytab name: FILE:/etc/security/keytabs/om.keytab
datanode_2  | 
kdc_1       | Authenticating as principal admin/admin with keytab /tmp/admin.keytab.
recon_1     | 
scm_1       | Length: 140 [application/octet-stream]
s3g_1       | 
datanode_3  |      0K                                                       100% 16.8M=0s
om_1        |    2 10/16/19 13:15:59 om/om@EXAMPLE.COM
datanode_1  |      0K                                                       100% 15.1M=0s
kms_1       | KVNO Timestamp         Principal
datanode_2  | 2019-10-16 13:15:57 (11.8 MB/s) - '/etc/security/keytabs/om.keytab' saved [158/158]
kdc_1       | WARNING: no policy specified for om/7cfe6d8512f8@EXAMPLE.COM; defaulting to no policy
recon_1     |      0K                                                       100% 14.5M=0s
scm_1       | Saving to: '/etc/security/keytabs/om.keytab'
datanode_3  | 
s3g_1       | Keytab name: FILE:/etc/security/keytabs/om.keytab
om_1        |    2 10/16/19 13:15:59 om/om@EXAMPLE.COM
datanode_1  | 
kms_1       | ---- ----------------- --------------------------------------------------------
kdc_1       | Principal "om/7cfe6d8512f8@EXAMPLE.COM" created.
recon_1     | 
datanode_2  | 
datanode_3  | 2019-10-16 13:15:59 (16.8 MB/s) - '/etc/security/keytabs/om.keytab' saved [158/158]
s3g_1       | KVNO Timestamp         Principal
scm_1       | 
om_1        | Download scm/om@EXAMPLE.COM keytab file to /etc/security/keytabs/scm.keytab
kms_1       |    2 10/16/19 13:16:00 om/112d79c01fce@EXAMPLE.COM
kdc_1       | Authenticating as principal admin/admin with keytab /tmp/admin.keytab.
datanode_1  | 2019-10-16 13:15:59 (15.1 MB/s) - '/etc/security/keytabs/om.keytab' saved [158/158]
recon_1     | 2019-10-16 13:16:19 (14.5 MB/s) - '/etc/security/keytabs/om.keytab' saved [144/144]
datanode_2  | Keytab name: FILE:/etc/security/keytabs/om.keytab
datanode_3  | 
s3g_1       | ---- ----------------- --------------------------------------------------------
scm_1       |      0K                                                       100% 17.1M=0s
om_1        | --2019-10-16 13:16:00--  http://kdc:8081/keytab/om/scm
kdc_1       | Entry for principal om/7cfe6d8512f8@EXAMPLE.COM with kvno 2, encryption type aes256-cts-hmac-sha1-96 added to keytab WRFILE:/data/om.7cfe6d8512f8.keytab.
kms_1       |    2 10/16/19 13:16:00 om/112d79c01fce@EXAMPLE.COM
datanode_1  | 
recon_1     | 
datanode_2  | KVNO Timestamp         Principal
datanode_3  | Keytab name: FILE:/etc/security/keytabs/om.keytab
s3g_1       |    2 10/16/19 13:16:01 om/s3g@EXAMPLE.COM
scm_1       | 
om_1        | Resolving kdc (kdc)... 172.18.0.5
kms_1       | Download scm/112d79c01fce@EXAMPLE.COM keytab file to /etc/security/keytabs/scm.keytab
recon_1     | Keytab name: FILE:/etc/security/keytabs/om.keytab
kdc_1       | Entry for principal om/7cfe6d8512f8@EXAMPLE.COM with kvno 2, encryption type aes128-cts-hmac-sha1-96 added to keytab WRFILE:/data/om.7cfe6d8512f8.keytab.
datanode_1  | Keytab name: FILE:/etc/security/keytabs/om.keytab
datanode_2  | ---- ----------------- --------------------------------------------------------
datanode_3  | KVNO Timestamp         Principal
s3g_1       |    2 10/16/19 13:16:01 om/s3g@EXAMPLE.COM
scm_1       | 2019-10-16 13:15:58 (17.1 MB/s) - '/etc/security/keytabs/om.keytab' saved [140/140]
om_1        | Connecting to kdc (kdc)|172.18.0.5|:8081... connected.
kms_1       | --2019-10-16 13:16:00--  http://kdc:8081/keytab/112d79c01fce/scm
recon_1     | KVNO Timestamp         Principal
kdc_1       | Generiting keytab
datanode_1  | KVNO Timestamp         Principal
datanode_2  |    2 10/16/19 13:15:57 om/7cfe6d8512f8@EXAMPLE.COM
datanode_3  | ---- ----------------- --------------------------------------------------------
s3g_1       | Download scm/s3g@EXAMPLE.COM keytab file to /etc/security/keytabs/scm.keytab
scm_1       | 
om_1        | HTTP request sent, awaiting response... 200 OK
kms_1       | Resolving kdc (kdc)... 172.18.0.5
recon_1     | ---- ----------------- --------------------------------------------------------
datanode_1  | ---- ----------------- --------------------------------------------------------
kdc_1       | Authenticating as principal admin/admin with keytab /tmp/admin.keytab.
datanode_2  |    2 10/16/19 13:15:57 om/7cfe6d8512f8@EXAMPLE.COM
s3g_1       | --2019-10-16 13:16:01--  http://kdc:8081/keytab/s3g/scm
scm_1       | Keytab name: FILE:/etc/security/keytabs/om.keytab
datanode_3  |    2 10/16/19 13:15:59 om/75ba5b0996aa@EXAMPLE.COM
om_1        | Length: 140 [application/octet-stream]
kms_1       | Connecting to kdc (kdc)|172.18.0.5|:8081... connected.
recon_1     |    2 10/16/19 13:16:19 om/recon@EXAMPLE.COM
kdc_1       | WARNING: no policy specified for scm/7cfe6d8512f8@EXAMPLE.COM; defaulting to no policy
datanode_1  |    2 10/16/19 13:15:59 om/9e074af0ec33@EXAMPLE.COM
datanode_2  | Download scm/7cfe6d8512f8@EXAMPLE.COM keytab file to /etc/security/keytabs/scm.keytab
s3g_1       | Resolving kdc (kdc)... 172.18.0.5
scm_1       | KVNO Timestamp         Principal
datanode_3  |    2 10/16/19 13:15:59 om/75ba5b0996aa@EXAMPLE.COM
om_1        | Saving to: '/etc/security/keytabs/scm.keytab'
kms_1       | HTTP request sent, awaiting response... 200 OK
recon_1     |    2 10/16/19 13:16:19 om/recon@EXAMPLE.COM
kdc_1       | Principal "scm/7cfe6d8512f8@EXAMPLE.COM" created.
datanode_1  |    2 10/16/19 13:15:59 om/9e074af0ec33@EXAMPLE.COM
s3g_1       | Connecting to kdc (kdc)|172.18.0.5|:8081... connected.
scm_1       | ---- ----------------- --------------------------------------------------------
datanode_3  | Download scm/75ba5b0996aa@EXAMPLE.COM keytab file to /etc/security/keytabs/scm.keytab
om_1        | 
kms_1       | Length: 160 [application/octet-stream]
kdc_1       | Authenticating as principal admin/admin with keytab /tmp/admin.keytab.
recon_1     | Download scm/recon@EXAMPLE.COM keytab file to /etc/security/keytabs/scm.keytab
datanode_2  | --2019-10-16 13:15:57--  http://kdc:8081/keytab/7cfe6d8512f8/scm
datanode_1  | Download scm/9e074af0ec33@EXAMPLE.COM keytab file to /etc/security/keytabs/scm.keytab
s3g_1       | HTTP request sent, awaiting response... 200 OK
scm_1       |    2 10/16/19 13:15:58 om/scm@EXAMPLE.COM
datanode_3  | --2019-10-16 13:15:59--  http://kdc:8081/keytab/75ba5b0996aa/scm
om_1        |      0K                                                       100% 15.1M=0s
kms_1       | Saving to: '/etc/security/keytabs/scm.keytab'
kdc_1       | Entry for principal scm/7cfe6d8512f8@EXAMPLE.COM with kvno 2, encryption type aes256-cts-hmac-sha1-96 added to keytab WRFILE:/data/scm.7cfe6d8512f8.keytab.
recon_1     | --2019-10-16 13:16:19--  http://kdc:8081/keytab/recon/scm
datanode_2  | Resolving kdc (kdc)... 172.18.0.5
s3g_1       | Length: 142 [application/octet-stream]
datanode_1  | --2019-10-16 13:15:59--  http://kdc:8081/keytab/9e074af0ec33/scm
scm_1       |    2 10/16/19 13:15:58 om/scm@EXAMPLE.COM
datanode_3  | Resolving kdc (kdc)... 172.18.0.5
om_1        | 
kms_1       | 
kdc_1       | Entry for principal scm/7cfe6d8512f8@EXAMPLE.COM with kvno 2, encryption type aes128-cts-hmac-sha1-96 added to keytab WRFILE:/data/scm.7cfe6d8512f8.keytab.
recon_1     | Resolving kdc (kdc)... 172.18.0.5
datanode_2  | Connecting to kdc (kdc)|172.18.0.5|:8081... connected.
s3g_1       | Saving to: '/etc/security/keytabs/scm.keytab'
scm_1       | Download scm/scm@EXAMPLE.COM keytab file to /etc/security/keytabs/scm.keytab
datanode_1  | Resolving kdc (kdc)... 172.18.0.5
datanode_3  | Connecting to kdc (kdc)|172.18.0.5|:8081... connected.
om_1        | 2019-10-16 13:16:00 (15.1 MB/s) - '/etc/security/keytabs/scm.keytab' saved [140/140]
kms_1       |      0K                                                       100% 15.9M=0s
kdc_1       | Generiting keytab
recon_1     | Connecting to kdc (kdc)|172.18.0.5|:8081... connected.
datanode_2  | HTTP request sent, awaiting response... 200 OK
s3g_1       | 
scm_1       | --2019-10-16 13:15:58--  http://kdc:8081/keytab/scm/scm
datanode_1  | Connecting to kdc (kdc)|172.18.0.5|:8081... connected.
datanode_3  | HTTP request sent, awaiting response... 200 OK
om_1        | 
kms_1       | 
kdc_1       | Authenticating as principal admin/admin with keytab /tmp/admin.keytab.
recon_1     | HTTP request sent, awaiting response... 200 OK
datanode_2  | Length: 160 [application/octet-stream]
s3g_1       |      0K                                                       100% 10.6M=0s
datanode_1  | HTTP request sent, awaiting response... 200 OK
datanode_3  | Length: 160 [application/octet-stream]
scm_1       | Resolving kdc (kdc)... 172.18.0.5
om_1        | Keytab name: FILE:/etc/security/keytabs/scm.keytab
kms_1       | 2019-10-16 13:16:00 (15.9 MB/s) - '/etc/security/keytabs/scm.keytab' saved [160/160]
kdc_1       | WARNING: no policy specified for HTTP/7cfe6d8512f8@EXAMPLE.COM; defaulting to no policy
recon_1     | Length: 146 [application/octet-stream]
datanode_2  | Saving to: '/etc/security/keytabs/scm.keytab'
s3g_1       | 
datanode_1  | Length: 160 [application/octet-stream]
datanode_3  | Saving to: '/etc/security/keytabs/scm.keytab'
scm_1       | Connecting to kdc (kdc)|172.18.0.5|:8081... connected.
om_1        | KVNO Timestamp         Principal
kms_1       | 
kdc_1       | Oct 16 13:15:57 kdc krb5kdc[9](info): AS_REQ (8 etypes {18 17 20 19 16 23 25 26}) 127.0.0.1: SERVER_NOT_FOUND: admin/admin@EXAMPLE.COM for kadmin/localhost@EXAMPLE.COM, Server not found in Kerberos database
recon_1     | Saving to: '/etc/security/keytabs/scm.keytab'
datanode_2  | 
s3g_1       | 2019-10-16 13:16:01 (10.6 MB/s) - '/etc/security/keytabs/scm.keytab' saved [142/142]
datanode_3  | 
datanode_1  | Saving to: '/etc/security/keytabs/scm.keytab'
scm_1       | HTTP request sent, awaiting response... 200 OK
om_1        | ---- ----------------- --------------------------------------------------------
kms_1       | Keytab name: FILE:/etc/security/keytabs/scm.keytab
kdc_1       | Oct 16 13:15:57 kdc krb5kdc[9](info): AS_REQ (8 etypes {18 17 20 19 16 23 25 26}) 127.0.0.1: ISSUE: authtime 1571231757, etypes {rep=18 tkt=18 ses=18}, admin/admin@EXAMPLE.COM for kadmin/admin@EXAMPLE.COM
recon_1     | 
datanode_2  |      0K                                                       100% 23.8M=0s
s3g_1       | 
datanode_3  |      0K                                                       100% 17.1M=0s
datanode_1  | 
scm_1       | Length: 142 [application/octet-stream]
om_1        |    2 10/16/19 13:16:00 scm/om@EXAMPLE.COM
kms_1       | KVNO Timestamp         Principal
kdc_1       | Oct 16 13:15:57 kdc krb5kdc[9](info): AS_REQ (8 etypes {18 17 20 19 16 23 25 26}) 127.0.0.1: SERVER_NOT_FOUND: admin/admin@EXAMPLE.COM for kadmin/localhost@EXAMPLE.COM, Server not found in Kerberos database
recon_1     |      0K                                                       100% 12.6M=0s
datanode_2  | 
s3g_1       | Keytab name: FILE:/etc/security/keytabs/scm.keytab
datanode_3  | 
scm_1       | Saving to: '/etc/security/keytabs/scm.keytab'
om_1        |    2 10/16/19 13:16:00 scm/om@EXAMPLE.COM
datanode_1  |      0K                                                       100% 15.7M=0s
kms_1       | ---- ----------------- --------------------------------------------------------
recon_1     | 
kdc_1       | Oct 16 13:15:57 kdc krb5kdc[9](info): AS_REQ (8 etypes {18 17 20 19 16 23 25 26}) 127.0.0.1: ISSUE: authtime 1571231757, etypes {rep=18 tkt=18 ses=18}, admin/admin@EXAMPLE.COM for kadmin/admin@EXAMPLE.COM
datanode_2  | 2019-10-16 13:15:57 (23.8 MB/s) - '/etc/security/keytabs/scm.keytab' saved [160/160]
s3g_1       | KVNO Timestamp         Principal
datanode_3  | 2019-10-16 13:16:00 (17.1 MB/s) - '/etc/security/keytabs/scm.keytab' saved [160/160]
scm_1       | 
om_1        | Download HTTP/om@EXAMPLE.COM keytab file to /etc/security/keytabs/HTTP.keytab
datanode_1  | 
kms_1       |    2 10/16/19 13:16:00 scm/112d79c01fce@EXAMPLE.COM
recon_1     | 2019-10-16 13:16:19 (12.6 MB/s) - '/etc/security/keytabs/scm.keytab' saved [146/146]
kdc_1       | Oct 16 13:15:57 kdc krb5kdc[9](info): AS_REQ (8 etypes {18 17 20 19 16 23 25 26}) 127.0.0.1: SERVER_NOT_FOUND: admin/admin@EXAMPLE.COM for kadmin/localhost@EXAMPLE.COM, Server not found in Kerberos database
datanode_2  | 
s3g_1       | ---- ----------------- --------------------------------------------------------
datanode_3  | 
scm_1       |      0K                                                       100% 19.4M=0s
om_1        | --2019-10-16 13:16:00--  http://kdc:8081/keytab/om/HTTP
datanode_1  | 2019-10-16 13:16:00 (15.7 MB/s) - '/etc/security/keytabs/scm.keytab' saved [160/160]
kms_1       |    2 10/16/19 13:16:00 scm/112d79c01fce@EXAMPLE.COM
recon_1     | 
kdc_1       | Oct 16 13:15:57 kdc krb5kdc[9](info): AS_REQ (8 etypes {18 17 20 19 16 23 25 26}) 127.0.0.1: ISSUE: authtime 1571231757, etypes {rep=18 tkt=18 ses=18}, admin/admin@EXAMPLE.COM for kadmin/admin@EXAMPLE.COM
s3g_1       |    2 10/16/19 13:16:01 scm/s3g@EXAMPLE.COM
datanode_2  | Keytab name: FILE:/etc/security/keytabs/scm.keytab
datanode_3  | Keytab name: FILE:/etc/security/keytabs/scm.keytab
scm_1       | 
om_1        | Resolving kdc (kdc)... 172.18.0.5
datanode_1  | 
recon_1     | Keytab name: FILE:/etc/security/keytabs/scm.keytab
kdc_1       | Oct 16 13:15:57 kdc krb5kdc[9](info): AS_REQ (8 etypes {18 17 20 19 16 23 25 26}) 127.0.0.1: SERVER_NOT_FOUND: admin/admin@EXAMPLE.COM for kadmin/localhost@EXAMPLE.COM, Server not found in Kerberos database
datanode_2  | KVNO Timestamp         Principal
scm_1       | 2019-10-16 13:15:58 (19.4 MB/s) - '/etc/security/keytabs/scm.keytab' saved [142/142]
kms_1       | Download HTTP/112d79c01fce@EXAMPLE.COM keytab file to /etc/security/keytabs/HTTP.keytab
datanode_3  | KVNO Timestamp         Principal
s3g_1       |    2 10/16/19 13:16:01 scm/s3g@EXAMPLE.COM
om_1        | Connecting to kdc (kdc)|172.18.0.5|:8081... connected.
datanode_1  | Keytab name: FILE:/etc/security/keytabs/scm.keytab
recon_1     | KVNO Timestamp         Principal
kdc_1       | Oct 16 13:15:57 kdc krb5kdc[9](info): AS_REQ (8 etypes {18 17 20 19 16 23 25 26}) 127.0.0.1: ISSUE: authtime 1571231757, etypes {rep=18 tkt=18 ses=18}, admin/admin@EXAMPLE.COM for kadmin/admin@EXAMPLE.COM
datanode_2  | ---- ----------------- --------------------------------------------------------
scm_1       | 
kms_1       | --2019-10-16 13:16:00--  http://kdc:8081/keytab/112d79c01fce/HTTP
datanode_3  | ---- ----------------- --------------------------------------------------------
s3g_1       | Download HTTP/s3g@EXAMPLE.COM keytab file to /etc/security/keytabs/HTTP.keytab
om_1        | HTTP request sent, awaiting response... 200 OK
datanode_1  | KVNO Timestamp         Principal
recon_1     | ---- ----------------- --------------------------------------------------------
kdc_1       | Oct 16 13:15:57 kdc krb5kdc[9](info): AS_REQ (8 etypes {18 17 20 19 16 23 25 26}) 127.0.0.1: SERVER_NOT_FOUND: admin/admin@EXAMPLE.COM for kadmin/localhost@EXAMPLE.COM, Server not found in Kerberos database
datanode_2  |    2 10/16/19 13:15:57 scm/7cfe6d8512f8@EXAMPLE.COM
scm_1       | Keytab name: FILE:/etc/security/keytabs/scm.keytab
datanode_3  |    2 10/16/19 13:16:00 scm/75ba5b0996aa@EXAMPLE.COM
s3g_1       | --2019-10-16 13:16:01--  http://kdc:8081/keytab/s3g/HTTP
kms_1       | Resolving kdc (kdc)... 172.18.0.5
om_1        | Length: 142 [application/octet-stream]
datanode_1  | ---- ----------------- --------------------------------------------------------
recon_1     |    2 10/16/19 13:16:19 scm/recon@EXAMPLE.COM
kdc_1       | Oct 16 13:15:57 kdc krb5kdc[9](info): AS_REQ (8 etypes {18 17 20 19 16 23 25 26}) 127.0.0.1: ISSUE: authtime 1571231757, etypes {rep=18 tkt=18 ses=18}, admin/admin@EXAMPLE.COM for kadmin/admin@EXAMPLE.COM
datanode_2  |    2 10/16/19 13:15:57 scm/7cfe6d8512f8@EXAMPLE.COM
scm_1       | KVNO Timestamp         Principal
s3g_1       | Resolving kdc (kdc)... 172.18.0.5
datanode_3  |    2 10/16/19 13:16:00 scm/75ba5b0996aa@EXAMPLE.COM
kms_1       | Connecting to kdc (kdc)|172.18.0.5|:8081... connected.
om_1        | Saving to: '/etc/security/keytabs/HTTP.keytab'
datanode_1  |    2 10/16/19 13:16:00 scm/9e074af0ec33@EXAMPLE.COM
recon_1     |    2 10/16/19 13:16:19 scm/recon@EXAMPLE.COM
kdc_1       | Oct 16 13:15:57 kdc krb5kdc[9](info): AS_REQ (8 etypes {18 17 20 19 16 23 25 26}) 127.0.0.1: SERVER_NOT_FOUND: admin/admin@EXAMPLE.COM for kadmin/localhost@EXAMPLE.COM, Server not found in Kerberos database
datanode_2  | Download HTTP/7cfe6d8512f8@EXAMPLE.COM keytab file to /etc/security/keytabs/HTTP.keytab
scm_1       | ---- ----------------- --------------------------------------------------------
s3g_1       | Connecting to kdc (kdc)|172.18.0.5|:8081... connected.
datanode_3  | Download HTTP/75ba5b0996aa@EXAMPLE.COM keytab file to /etc/security/keytabs/HTTP.keytab
kms_1       | HTTP request sent, awaiting response... 200 OK
om_1        | 
datanode_1  |    2 10/16/19 13:16:00 scm/9e074af0ec33@EXAMPLE.COM
recon_1     | Download HTTP/recon@EXAMPLE.COM keytab file to /etc/security/keytabs/HTTP.keytab
kdc_1       | Oct 16 13:15:57 kdc krb5kdc[9](info): AS_REQ (8 etypes {18 17 20 19 16 23 25 26}) 127.0.0.1: ISSUE: authtime 1571231757, etypes {rep=18 tkt=18 ses=18}, admin/admin@EXAMPLE.COM for kadmin/admin@EXAMPLE.COM
datanode_2  | --2019-10-16 13:15:57--  http://kdc:8081/keytab/7cfe6d8512f8/HTTP
scm_1       |    2 10/16/19 13:15:58 scm/scm@EXAMPLE.COM
s3g_1       | HTTP request sent, awaiting response... 200 OK
datanode_3  | --2019-10-16 13:16:00--  http://kdc:8081/keytab/75ba5b0996aa/HTTP
kms_1       | Length: 162 [application/octet-stream]
om_1        |      0K                                                       100% 13.3M=0s
datanode_1  | Download HTTP/9e074af0ec33@EXAMPLE.COM keytab file to /etc/security/keytabs/HTTP.keytab
recon_1     | --2019-10-16 13:16:19--  http://kdc:8081/keytab/recon/HTTP
kdc_1       | Oct 16 13:15:57 kdc krb5kdc[9](info): AS_REQ (8 etypes {18 17 20 19 16 23 25 26}) 127.0.0.1: SERVER_NOT_FOUND: admin/admin@EXAMPLE.COM for kadmin/localhost@EXAMPLE.COM, Server not found in Kerberos database
datanode_2  | Resolving kdc (kdc)... 172.18.0.5
s3g_1       | Length: 144 [application/octet-stream]
scm_1       |    2 10/16/19 13:15:58 scm/scm@EXAMPLE.COM
datanode_3  | Resolving kdc (kdc)... 172.18.0.5
kms_1       | Saving to: '/etc/security/keytabs/HTTP.keytab'
om_1        | 
datanode_1  | --2019-10-16 13:16:00--  http://kdc:8081/keytab/9e074af0ec33/HTTP
recon_1     | Resolving kdc (kdc)... 172.18.0.5
kdc_1       | Oct 16 13:15:57 kdc krb5kdc[9](info): AS_REQ (8 etypes {18 17 20 19 16 23 25 26}) 127.0.0.1: ISSUE: authtime 1571231757, etypes {rep=18 tkt=18 ses=18}, admin/admin@EXAMPLE.COM for kadmin/admin@EXAMPLE.COM
datanode_2  | Connecting to kdc (kdc)|172.18.0.5|:8081... connected.
s3g_1       | Saving to: '/etc/security/keytabs/HTTP.keytab'
scm_1       | Download HTTP/scm@EXAMPLE.COM keytab file to /etc/security/keytabs/HTTP.keytab
datanode_3  | Connecting to kdc (kdc)|172.18.0.5|:8081... connected.
kms_1       | 
om_1        | 2019-10-16 13:16:01 (13.3 MB/s) - '/etc/security/keytabs/HTTP.keytab' saved [142/142]
datanode_1  | Resolving kdc (kdc)... 172.18.0.5
recon_1     | Connecting to kdc (kdc)|172.18.0.5|:8081... connected.
kdc_1       | Oct 16 13:15:57 kdc krb5kdc[9](info): AS_REQ (8 etypes {18 17 20 19 16 23 25 26}) 127.0.0.1: SERVER_NOT_FOUND: admin/admin@EXAMPLE.COM for kadmin/localhost@EXAMPLE.COM, Server not found in Kerberos database
datanode_2  | HTTP request sent, awaiting response... 200 OK
s3g_1       | 
scm_1       | --2019-10-16 13:15:58--  http://kdc:8081/keytab/scm/HTTP
datanode_3  | HTTP request sent, awaiting response... 200 OK
kms_1       |      0K                                                       100% 14.1M=0s
om_1        | 
recon_1     | HTTP request sent, awaiting response... 200 OK
kdc_1       | Oct 16 13:15:57 kdc krb5kdc[9](info): AS_REQ (8 etypes {18 17 20 19 16 23 25 26}) 127.0.0.1: ISSUE: authtime 1571231757, etypes {rep=18 tkt=18 ses=18}, admin/admin@EXAMPLE.COM for kadmin/admin@EXAMPLE.COM
datanode_2  | Length: 162 [application/octet-stream]
s3g_1       |      0K                                                       100% 13.0M=0s
datanode_1  | Connecting to kdc (kdc)|172.18.0.5|:8081... connected.
scm_1       | Resolving kdc (kdc)... 172.18.0.5
datanode_3  | Length: 162 [application/octet-stream]
kms_1       | 
om_1        | Keytab name: FILE:/etc/security/keytabs/HTTP.keytab
recon_1     | Length: 148 [application/octet-stream]
kdc_1       | Oct 16 13:15:57 kdc krb5kdc[9](info): AS_REQ (8 etypes {18 17 20 19 16 23 25 26}) 127.0.0.1: SERVER_NOT_FOUND: admin/admin@EXAMPLE.COM for kadmin/localhost@EXAMPLE.COM, Server not found in Kerberos database
datanode_2  | Saving to: '/etc/security/keytabs/HTTP.keytab'
s3g_1       | 
datanode_1  | HTTP request sent, awaiting response... 200 OK
scm_1       | Connecting to kdc (kdc)|172.18.0.5|:8081... connected.
datanode_3  | Saving to: '/etc/security/keytabs/HTTP.keytab'
kms_1       | 2019-10-16 13:16:01 (14.1 MB/s) - '/etc/security/keytabs/HTTP.keytab' saved [162/162]
om_1        | KVNO Timestamp         Principal
recon_1     | Saving to: '/etc/security/keytabs/HTTP.keytab'
kdc_1       | Oct 16 13:15:57 kdc krb5kdc[9](info): AS_REQ (8 etypes {18 17 20 19 16 23 25 26}) 127.0.0.1: ISSUE: authtime 1571231757, etypes {rep=18 tkt=18 ses=18}, admin/admin@EXAMPLE.COM for kadmin/admin@EXAMPLE.COM
datanode_2  | 
s3g_1       | 2019-10-16 13:16:02 (13.0 MB/s) - '/etc/security/keytabs/HTTP.keytab' saved [144/144]
datanode_1  | Length: 162 [application/octet-stream]
scm_1       | HTTP request sent, awaiting response... 200 OK
datanode_3  | 
kms_1       | 
om_1        | ---- ----------------- --------------------------------------------------------
recon_1     | 
kdc_1       | Oct 16 13:15:57 kdc kadmind[15](Notice): Request: kadm5_init, admin/admin@EXAMPLE.COM, success, client=admin/admin@EXAMPLE.COM, service=kadmin/admin@EXAMPLE.COM, addr=127.0.0.1, vers=4, flavor=6
datanode_2  |      0K                                                       100% 23.5M=0s
s3g_1       | 
datanode_1  | Saving to: '/etc/security/keytabs/HTTP.keytab'
datanode_3  |      0K                                                       100% 19.4M=0s
scm_1       | Length: 144 [application/octet-stream]
kms_1       | Keytab name: FILE:/etc/security/keytabs/HTTP.keytab
om_1        |    2 10/16/19 13:16:01 HTTP/om@EXAMPLE.COM
recon_1     |      0K                                                       100% 14.7M=0s
kdc_1       | Oct 16 13:15:57 kdc kadmind[15](Notice): Request: kadm5_get_policy, default, Policy does not exist, client=admin/admin@EXAMPLE.COM, service=kadmin/admin@EXAMPLE.COM, addr=127.0.0.1
datanode_2  | 
s3g_1       | Keytab name: FILE:/etc/security/keytabs/HTTP.keytab
datanode_1  | 
datanode_3  | 
scm_1       | Saving to: '/etc/security/keytabs/HTTP.keytab'
kms_1       | KVNO Timestamp         Principal
om_1        |    2 10/16/19 13:16:01 HTTP/om@EXAMPLE.COM
recon_1     | 
kdc_1       | Oct 16 13:15:57 kdc kadmind[15](Notice): Request: kadm5_create_principal, test/test@EXAMPLE.COM, success, client=admin/admin@EXAMPLE.COM, service=kadmin/admin@EXAMPLE.COM, addr=127.0.0.1
datanode_2  | 2019-10-16 13:15:58 (23.5 MB/s) - '/etc/security/keytabs/HTTP.keytab' saved [162/162]
s3g_1       | KVNO Timestamp         Principal
datanode_1  |      0K                                                       100% 14.3M=0s
datanode_3  | 2019-10-16 13:16:00 (19.4 MB/s) - '/etc/security/keytabs/HTTP.keytab' saved [162/162]
scm_1       | 
kms_1       | ---- ----------------- --------------------------------------------------------
om_1        | Download testuser/om@EXAMPLE.COM keytab file to /etc/security/keytabs/testuser.keytab
recon_1     | 2019-10-16 13:16:19 (14.7 MB/s) - '/etc/security/keytabs/HTTP.keytab' saved [148/148]
kdc_1       | Oct 16 13:15:57 kdc kadmind[15](info): closing down fd 18
datanode_2  | 
s3g_1       | ---- ----------------- --------------------------------------------------------
datanode_3  | 
scm_1       |      0K                                                       100% 17.3M=0s
datanode_1  | 
kms_1       |    2 10/16/19 13:16:01 HTTP/112d79c01fce@EXAMPLE.COM
om_1        | --2019-10-16 13:16:01--  http://kdc:8081/keytab/om/testuser
recon_1     | 
kdc_1       | Oct 16 13:15:57 kdc kadmind[15](Notice): Request: kadm5_init, admin/admin@EXAMPLE.COM, success, client=admin/admin@EXAMPLE.COM, service=kadmin/admin@EXAMPLE.COM, addr=127.0.0.1, vers=4, flavor=6
datanode_2  | Keytab name: FILE:/etc/security/keytabs/HTTP.keytab
s3g_1       |    2 10/16/19 13:16:02 HTTP/s3g@EXAMPLE.COM
datanode_3  | Keytab name: FILE:/etc/security/keytabs/HTTP.keytab
scm_1       | 
datanode_1  | 2019-10-16 13:16:01 (14.3 MB/s) - '/etc/security/keytabs/HTTP.keytab' saved [162/162]
kms_1       |    2 10/16/19 13:16:01 HTTP/112d79c01fce@EXAMPLE.COM
om_1        | Resolving kdc (kdc)... 172.18.0.5
recon_1     | Keytab name: FILE:/etc/security/keytabs/HTTP.keytab
kdc_1       | Oct 16 13:15:57 kdc kadmind[15](Notice): Request: kadm5_randkey_principal, test/test@EXAMPLE.COM, success, client=admin/admin@EXAMPLE.COM, service=kadmin/admin@EXAMPLE.COM, addr=127.0.0.1
datanode_2  | KVNO Timestamp         Principal
datanode_3  | KVNO Timestamp         Principal
scm_1       | 2019-10-16 13:15:58 (17.3 MB/s) - '/etc/security/keytabs/HTTP.keytab' saved [144/144]
datanode_1  | 
kms_1       | Download testuser/112d79c01fce@EXAMPLE.COM keytab file to /etc/security/keytabs/testuser.keytab
s3g_1       |    2 10/16/19 13:16:02 HTTP/s3g@EXAMPLE.COM
recon_1     | KVNO Timestamp         Principal
kdc_1       | Oct 16 13:15:57 kdc kadmind[15](Notice): Request: kadm5_get_principal, test/test@EXAMPLE.COM, success, client=admin/admin@EXAMPLE.COM, service=kadmin/admin@EXAMPLE.COM, addr=127.0.0.1
om_1        | Connecting to kdc (kdc)|172.18.0.5|:8081... connected.
datanode_2  | ---- ----------------- --------------------------------------------------------
datanode_3  | ---- ----------------- --------------------------------------------------------
scm_1       | 
datanode_1  | Keytab name: FILE:/etc/security/keytabs/HTTP.keytab
kms_1       | --2019-10-16 13:16:01--  http://kdc:8081/keytab/112d79c01fce/testuser
recon_1     | ---- ----------------- --------------------------------------------------------
kdc_1       | Oct 16 13:15:57 kdc kadmind[15](info): closing down fd 18
om_1        | HTTP request sent, awaiting response... 200 OK
s3g_1       | Download testuser/s3g@EXAMPLE.COM keytab file to /etc/security/keytabs/testuser.keytab
datanode_2  |    2 10/16/19 13:15:57 HTTP/7cfe6d8512f8@EXAMPLE.COM
datanode_3  |    2 10/16/19 13:16:00 HTTP/75ba5b0996aa@EXAMPLE.COM
scm_1       | Keytab name: FILE:/etc/security/keytabs/HTTP.keytab
datanode_1  | KVNO Timestamp         Principal
kms_1       | Resolving kdc (kdc)... 172.18.0.5
recon_1     |    2 10/16/19 13:16:19 HTTP/recon@EXAMPLE.COM
kdc_1       | Oct 16 13:15:57 kdc kadmind[15](Notice): Request: kadm5_init, admin/admin@EXAMPLE.COM, success, client=admin/admin@EXAMPLE.COM, service=kadmin/admin@EXAMPLE.COM, addr=127.0.0.1, vers=4, flavor=6
s3g_1       | --2019-10-16 13:16:02--  http://kdc:8081/keytab/s3g/testuser
datanode_2  |    2 10/16/19 13:15:58 HTTP/7cfe6d8512f8@EXAMPLE.COM
datanode_3  |    2 10/16/19 13:16:00 HTTP/75ba5b0996aa@EXAMPLE.COM
scm_1       | KVNO Timestamp         Principal
datanode_1  | ---- ----------------- --------------------------------------------------------
kms_1       | Connecting to kdc (kdc)|172.18.0.5|:8081... connected.
om_1        | Length: 150 [application/octet-stream]
recon_1     |    2 10/16/19 13:16:19 HTTP/recon@EXAMPLE.COM
kdc_1       | Oct 16 13:15:57 kdc kadmind[15](Notice): Request: kadm5_get_policy, default, Policy does not exist, client=admin/admin@EXAMPLE.COM, service=kadmin/admin@EXAMPLE.COM, addr=127.0.0.1
s3g_1       | Resolving kdc (kdc)... 172.18.0.5
datanode_2  | Download testuser/7cfe6d8512f8@EXAMPLE.COM keytab file to /etc/security/keytabs/testuser.keytab
datanode_3  | Download testuser/75ba5b0996aa@EXAMPLE.COM keytab file to /etc/security/keytabs/testuser.keytab
scm_1       | ---- ----------------- --------------------------------------------------------
datanode_1  |    2 10/16/19 13:16:01 HTTP/9e074af0ec33@EXAMPLE.COM
kms_1       | HTTP request sent, awaiting response... 200 OK
om_1        | Saving to: '/etc/security/keytabs/testuser.keytab'
kdc_1       | Oct 16 13:15:57 kdc kadmind[15](Notice): Request: kadm5_create_principal, dn/7cfe6d8512f8@EXAMPLE.COM, success, client=admin/admin@EXAMPLE.COM, service=kadmin/admin@EXAMPLE.COM, addr=127.0.0.1
s3g_1       | Connecting to kdc (kdc)|172.18.0.5|:8081... connected.
datanode_3  | --2019-10-16 13:16:00--  http://kdc:8081/keytab/75ba5b0996aa/testuser
datanode_2  | --2019-10-16 13:15:58--  http://kdc:8081/keytab/7cfe6d8512f8/testuser
recon_1     | Download testuser/recon@EXAMPLE.COM keytab file to /etc/security/keytabs/testuser.keytab
scm_1       |    2 10/16/19 13:15:58 HTTP/scm@EXAMPLE.COM
datanode_1  |    2 10/16/19 13:16:01 HTTP/9e074af0ec33@EXAMPLE.COM
kms_1       | Length: 170 [application/octet-stream]
om_1        | 
kdc_1       | Oct 16 13:15:57 kdc kadmind[15](info): closing down fd 18
s3g_1       | HTTP request sent, awaiting response... 200 OK
datanode_3  | Resolving kdc (kdc)... 172.18.0.5
datanode_2  | Resolving kdc (kdc)... 172.18.0.5
recon_1     | --2019-10-16 13:16:19--  http://kdc:8081/keytab/recon/testuser
scm_1       |    2 10/16/19 13:15:58 HTTP/scm@EXAMPLE.COM
datanode_1  | Download testuser/9e074af0ec33@EXAMPLE.COM keytab file to /etc/security/keytabs/testuser.keytab
kms_1       | Saving to: '/etc/security/keytabs/testuser.keytab'
om_1        |      0K                                                       100% 12.1M=0s
kdc_1       | Oct 16 13:15:57 kdc kadmind[15](Notice): Request: kadm5_init, admin/admin@EXAMPLE.COM, success, client=admin/admin@EXAMPLE.COM, service=kadmin/admin@EXAMPLE.COM, addr=127.0.0.1, vers=4, flavor=6
s3g_1       | Length: 152 [application/octet-stream]
datanode_3  | Connecting to kdc (kdc)|172.18.0.5|:8081... connected.
datanode_2  | Connecting to kdc (kdc)|172.18.0.5|:8081... connected.
recon_1     | Resolving kdc (kdc)... 172.18.0.5
datanode_1  | --2019-10-16 13:16:01--  http://kdc:8081/keytab/9e074af0ec33/testuser
scm_1       | Download testuser/scm@EXAMPLE.COM keytab file to /etc/security/keytabs/testuser.keytab
kms_1       | 
om_1        | 
kdc_1       | Oct 16 13:15:57 kdc kadmind[15](Notice): Request: kadm5_randkey_principal, dn/7cfe6d8512f8@EXAMPLE.COM, success, client=admin/admin@EXAMPLE.COM, service=kadmin/admin@EXAMPLE.COM, addr=127.0.0.1
s3g_1       | Saving to: '/etc/security/keytabs/testuser.keytab'
datanode_3  | HTTP request sent, awaiting response... 200 OK
datanode_2  | HTTP request sent, awaiting response... 200 OK
recon_1     | Connecting to kdc (kdc)|172.18.0.5|:8081... connected.
datanode_1  | Resolving kdc (kdc)... 172.18.0.5
scm_1       | --2019-10-16 13:15:59--  http://kdc:8081/keytab/scm/testuser
kms_1       |      0K                                                       100% 18.4M=0s
om_1        | 2019-10-16 13:16:01 (12.1 MB/s) - '/etc/security/keytabs/testuser.keytab' saved [150/150]
kdc_1       | Oct 16 13:15:57 kdc kadmind[15](Notice): Request: kadm5_get_principal, dn/7cfe6d8512f8@EXAMPLE.COM, success, client=admin/admin@EXAMPLE.COM, service=kadmin/admin@EXAMPLE.COM, addr=127.0.0.1
s3g_1       | 
datanode_3  | Length: 170 [application/octet-stream]
recon_1     | HTTP request sent, awaiting response... 200 OK
datanode_1  | Connecting to kdc (kdc)|172.18.0.5|:8081... connected.
kms_1       | 
scm_1       | Resolving kdc (kdc)... 172.18.0.5
datanode_2  | Length: 170 [application/octet-stream]
om_1        | 
kdc_1       | Oct 16 13:15:57 kdc kadmind[15](info): closing down fd 18
datanode_3  | Saving to: '/etc/security/keytabs/testuser.keytab'
recon_1     | Length: 156 [application/octet-stream]
datanode_1  | HTTP request sent, awaiting response... 200 OK
s3g_1       |      0K                                                       100% 17.5M=0s
kms_1       | 2019-10-16 13:16:02 (18.4 MB/s) - '/etc/security/keytabs/testuser.keytab' saved [170/170]
scm_1       | Connecting to kdc (kdc)|172.18.0.5|:8081... connected.
datanode_2  | Saving to: '/etc/security/keytabs/testuser.keytab'
om_1        | Keytab name: FILE:/etc/security/keytabs/testuser.keytab
kdc_1       | Oct 16 13:15:57 kdc kadmind[15](Notice): Request: kadm5_init, admin/admin@EXAMPLE.COM, success, client=admin/admin@EXAMPLE.COM, service=kadmin/admin@EXAMPLE.COM, addr=127.0.0.1, vers=4, flavor=6
datanode_3  | 
recon_1     | Saving to: '/etc/security/keytabs/testuser.keytab'
