om_1        | 2019-10-21 08:25:08,916 INFO server.AuthenticationFilter: Unable to initialize FileSignerSecretProvider, falling back to use random secrets.
scm_1       | 2019-10-21 08:25:01,493 INFO server.StorageContainerManager: ScmBlockLocationProtocol RPC server is listening at /0.0.0.0:9863
nm_1        | 2019-10-21 08:24:51 INFO  IndexCache:47 - IndexCache created with max memory = 10485760
datanode_2  | 2019-10-21 08:25:05,139 INFO server.RaftServerConfigKeys: raft.server.rpcslowness.timeout = 120s (custom)
datanode_3  | 2019-10-21 08:25:04,744 INFO server.RaftServerConfigKeys: raft.server.rpcslowness.timeout = 120s (custom)
rm_1        | nodeLocalityDelay = 40
scm_1       | 2019-10-21 08:25:01,493 INFO server.SCMBlockProtocolServer: RPC server for Block Protocol is listening at /0.0.0.0:9863
om_1        | 2019-10-21 08:25:08,920 INFO http.HttpRequestLog: Http request log for http.requests.ozoneManager is not defined
datanode_1  | 2019-10-21 08:25:03,225 INFO impl.RaftServerImpl: a241d09d-7cef-45f1-a423-55260c50cff6: new RaftServerImpl for group-7F3E826E35F2:[a241d09d-7cef-45f1-a423-55260c50cff6:172.18.0.3:9858] with ContainerStateMachine:uninitialized
nm_1        | 2019-10-21 08:24:51 INFO  ShuffleHandler:549 - mapreduce_shuffle listening on port 13562
datanode_2  | 2019-10-21 08:25:05,140 INFO server.RaftServerConfigKeys: raft.server.sleep.deviation.threshold = 300 (default)
datanode_3  | 2019-10-21 08:25:04,745 INFO server.RaftServerConfigKeys: raft.server.sleep.deviation.threshold = 300 (default)
rm_1        | rackLocalityAdditionalDelay = -1
scm_1       | 2019-10-21 08:25:01,494 INFO ipc.Server: IPC Server Responder: starting
om_1        | 2019-10-21 08:25:08,932 INFO http.HttpServer2: Added global filter 'safety' (class=org.apache.hadoop.http.HttpServer2$QuotingInputFilter)
datanode_1  | 2019-10-21 08:25:03,226 INFO server.RaftServerConfigKeys: raft.server.rpc.timeout.min = 5s (custom)
nm_1        | 2019-10-21 08:24:51 INFO  ContainerManagerImpl:666 - ContainerManager started at nm/172.18.0.2:45337
datanode_2  | 2019-10-21 08:25:05,140 INFO server.RaftServerConfigKeys: raft.server.log.appender.install.snapshot.enabled = false (custom)
datanode_3  | 2019-10-21 08:25:04,745 INFO server.RaftServerConfigKeys: raft.server.log.appender.install.snapshot.enabled = false (custom)
rm_1        | labels=*,
scm_1       | 2019-10-21 08:25:01,494 INFO ipc.Server: IPC Server listener on 9863: starting
datanode_1  | 2019-10-21 08:25:03,227 INFO server.RaftServerConfigKeys: raft.server.rpc.timeout.max = 5200ms (custom)
nm_1        | 2019-10-21 08:24:51 INFO  ContainerManagerImpl:667 - ContainerManager bound to 0.0.0.0/0.0.0.0:0
om_1        | 2019-10-21 08:25:08,935 INFO http.HttpServer2: Added filter static_user_filter (class=org.apache.hadoop.http.lib.StaticUserWebFilter$StaticUserFilter) to context ozoneManager
datanode_2  | 2019-10-21 08:25:05,145 INFO impl.RaftServerImpl: 5956a4bf-db11-4f08-a864-126743348879@group-8BBC4D3F3311: ConfigurationManager, init=-1: [5956a4bf-db11-4f08-a864-126743348879:172.18.0.5:9858], old=null, confs=<EMPTY_MAP>
datanode_3  | 2019-10-21 08:25:04,751 INFO impl.RaftServerImpl: 1346a5dc-6a59-4563-8ad4-f8949406d4e7@group-DB61901F49D8: ConfigurationManager, init=-1: [1346a5dc-6a59-4563-8ad4-f8949406d4e7:172.18.0.7:9858], old=null, confs=<EMPTY_MAP>
rm_1        | reservationsContinueLooking = true
scm_1       | 2019-10-21 08:25:01,497 INFO server.StorageContainerManager: ScmDatanodeProtocl RPC server is listening at /0.0.0.0:9861
datanode_1  | 2019-10-21 08:25:03,227 INFO server.RaftServerConfigKeys: raft.server.rpcslowness.timeout = 120s (custom)
nm_1        | 2019-10-21 08:24:51 WARN  NMLogAggregationStatusTracker:96 - Log Aggregation is disabled.So is the LogAggregationStatusTracker.
om_1        | 2019-10-21 08:25:08,935 INFO http.HttpServer2: Added filter static_user_filter (class=org.apache.hadoop.http.lib.StaticUserWebFilter$StaticUserFilter) to context static
datanode_2  | 2019-10-21 08:25:05,146 INFO server.RaftServerConfigKeys: raft.server.storage.dir = [/data/metadata/ratis] (custom)
datanode_3  | 2019-10-21 08:25:04,751 INFO server.RaftServerConfigKeys: raft.server.storage.dir = [/data/metadata/ratis] (custom)
rm_1        | preemptionDisabled = true
scm_1       | 2019-10-21 08:25:01,498 INFO server.SCMDatanodeProtocolServer: RPC server for DataNodes is listening at /0.0.0.0:9861
datanode_1  | 2019-10-21 08:25:03,228 INFO server.RaftServerConfigKeys: raft.server.sleep.deviation.threshold = 300 (default)
nm_1        | 2019-10-21 08:24:51 INFO  WebServer:99 - Instantiating NMWebApp at 0.0.0.0:8042
om_1        | 2019-10-21 08:25:08,935 INFO http.HttpServer2: Added filter static_user_filter (class=org.apache.hadoop.http.lib.StaticUserWebFilter$StaticUserFilter) to context logs
datanode_2  | 2019-10-21 08:25:05,150 INFO server.RaftServerConfigKeys: raft.server.log.corruption.policy = EXCEPTION (default)
rm_1        | defaultAppPriorityPerQueue = 0
datanode_3  | 2019-10-21 08:25:04,755 INFO server.RaftServerConfigKeys: raft.server.log.corruption.policy = EXCEPTION (default)
scm_1       | 2019-10-21 08:25:01,499 INFO ipc.Server: IPC Server listener on 9861: starting
datanode_1  | 2019-10-21 08:25:03,228 INFO server.RaftServerConfigKeys: raft.server.log.appender.install.snapshot.enabled = false (custom)
nm_1        | 2019-10-21 08:24:51 INFO  log:192 - Logging initialized @1993ms
om_1        | 2019-10-21 08:25:08,966 INFO http.HttpServer2: Jetty bound to port 9874
rm_1        | priority = 0
datanode_3  | 2019-10-21 08:25:04,756 INFO storage.RaftStorageDirectory: The storage directory /data/metadata/ratis/4fb2e240-5f23-4377-9cc6-db61901f49d8 does not exist. Creating ...
datanode_1  | 2019-10-21 08:25:03,236 INFO impl.RaftServerImpl: a241d09d-7cef-45f1-a423-55260c50cff6@group-7F3E826E35F2: ConfigurationManager, init=-1: [a241d09d-7cef-45f1-a423-55260c50cff6:172.18.0.3:9858], old=null, confs=<EMPTY_MAP>
scm_1       | 2019-10-21 08:25:01,499 INFO ipc.Server: IPC Server Responder: starting
nm_1        | 2019-10-21 08:24:51 INFO  AuthenticationFilter:240 - Unable to initialize FileSignerSecretProvider, falling back to use random secrets.
datanode_2  | 2019-10-21 08:25:05,151 INFO storage.RaftStorageDirectory: The storage directory /data/metadata/ratis/a39d6f21-f2c9-4bf6-be83-8bbc4d3f3311 does not exist. Creating ...
om_1        | 2019-10-21 08:25:08,967 INFO server.Server: jetty-9.3.25.v20180904, build timestamp: 2018-09-04T21:11:46Z, git hash: 3ce520221d0240229c862b122d2b06c12a625732
rm_1        | maxLifetime = -1 seconds
scm_1       | 2019-10-21 08:25:01,506 INFO http.HttpServer2: Jetty bound to port 9876
datanode_1  | 2019-10-21 08:25:03,236 INFO server.RaftServerConfigKeys: raft.server.storage.dir = [/data/metadata/ratis] (custom)
nm_1        | 2019-10-21 08:24:51 INFO  HttpRequestLog:81 - Http request log for http.requests.nodemanager is not defined
om_1        | 2019-10-21 08:25:09,007 INFO handler.ContextHandler: Started o.e.j.s.ServletContextHandler@39bbd9e0{/logs,file:///var/log/hadoop/,AVAILABLE}
rm_1        | defaultLifetime = -1 seconds
scm_1       | 2019-10-21 08:25:01,509 INFO server.Server: jetty-9.3.25.v20180904, build timestamp: 2018-09-04T21:11:46Z, git hash: 3ce520221d0240229c862b122d2b06c12a625732
datanode_2  | 2019-10-21 08:25:05,776 INFO storage.RaftStorageDirectory: Lock on /data/metadata/ratis/a39d6f21-f2c9-4bf6-be83-8bbc4d3f3311/in_use.lock acquired by nodename 8@4a7162a241a5
datanode_3  | 2019-10-21 08:25:04,784 INFO storage.RaftStorageDirectory: Lock on /data/metadata/ratis/4fb2e240-5f23-4377-9cc6-db61901f49d8/in_use.lock acquired by nodename 7@02163e0c7ea9
datanode_1  | 2019-10-21 08:25:03,243 INFO server.RaftServerConfigKeys: raft.server.log.corruption.policy = EXCEPTION (default)
nm_1        | 2019-10-21 08:24:51 INFO  HttpServer2:975 - Added global filter 'safety' (class=org.apache.hadoop.http.HttpServer2$QuotingInputFilter)
om_1        | 2019-10-21 08:25:09,008 INFO handler.ContextHandler: Started o.e.j.s.ServletContextHandler@77f68df{/static,jar:file:/opt/hadoop/share/ozone/lib/hadoop-ozone-ozone-manager-0.5.0-SNAPSHOT.jar!/webapps/static,AVAILABLE}
rm_1        | 2019-10-21 08:24:50 INFO  CapacitySchedulerQueueManager:298 - Initialized queue: default: capacity=1.0, absoluteCapacity=1.0, usedResources=<memory:0, vCores:0>, usedCapacity=0.0, absoluteUsedCapacity=0.0, numApps=0, numContainers=0, effectiveMinResource=<memory:0, vCores:0> , effectiveMaxResource=<memory:0, vCores:0>
scm_1       | 2019-10-21 08:25:01,547 INFO handler.ContextHandler: Started o.e.j.s.ServletContextHandler@22bb5646{/logs,file:///var/log/hadoop/,AVAILABLE}
datanode_2  | 2019-10-21 08:25:05,783 INFO storage.RaftStorage: Storage directory /data/metadata/ratis/a39d6f21-f2c9-4bf6-be83-8bbc4d3f3311 has been successfully formatted.
datanode_1  | 2019-10-21 08:25:03,244 INFO storage.RaftStorageDirectory: The storage directory /data/metadata/ratis/f871a6a6-feb8-4b0f-ad41-7f3e826e35f2 does not exist. Creating ...
nm_1        | 2019-10-21 08:24:51 INFO  HttpServer2:948 - Added filter static_user_filter (class=org.apache.hadoop.http.lib.StaticUserWebFilter$StaticUserFilter) to context node
om_1        | 2019-10-21 08:25:09,105 INFO handler.ContextHandler: Started o.e.j.w.WebAppContext@633cc6b5{/,file:///tmp/jetty-0.0.0.0-9874-ozoneManager-_-any-12754722197876577959.dir/webapp/,AVAILABLE}{/ozoneManager}
datanode_3  | 2019-10-21 08:25:04,789 INFO storage.RaftStorage: Storage directory /data/metadata/ratis/4fb2e240-5f23-4377-9cc6-db61901f49d8 has been successfully formatted.
scm_1       | 2019-10-21 08:25:01,548 INFO handler.ContextHandler: Started o.e.j.s.ServletContextHandler@2bc9a775{/static,jar:file:/opt/hadoop/share/ozone/lib/hadoop-hdds-server-scm-0.5.0-SNAPSHOT.jar!/webapps/static,AVAILABLE}
datanode_2  | 2019-10-21 08:25:05,786 [pool-8-thread-1] INFO       - group-8BBC4D3F3311: The snapshot info is null. Setting the last applied indexto:(t:0, i:~)
datanode_1  | 2019-10-21 08:25:04,068 INFO storage.RaftStorageDirectory: Lock on /data/metadata/ratis/f871a6a6-feb8-4b0f-ad41-7f3e826e35f2/in_use.lock acquired by nodename 7@7a53df8368ff
nm_1        | 2019-10-21 08:24:51 INFO  HttpServer2:958 - Added filter static_user_filter (class=org.apache.hadoop.http.lib.StaticUserWebFilter$StaticUserFilter) to context logs
rm_1        | 2019-10-21 08:24:50 INFO  CapacitySchedulerQueueManager:298 - Initialized queue: root: numChildQueue= 1, capacity=1.0, absoluteCapacity=1.0, usedResources=<memory:0, vCores:0>usedCapacity=0.0, numApps=0, numContainers=0
om_1        | 2019-10-21 08:25:09,111 INFO server.AbstractConnector: Started ServerConnector@2f5e755c{HTTP/1.1,[http/1.1]}{0.0.0.0:9874}
datanode_3  | 2019-10-21 08:25:04,792 [pool-8-thread-1] INFO       - group-DB61901F49D8: The snapshot info is null. Setting the last applied indexto:(t:0, i:~)
scm_1       | 2019-10-21 08:25:01,650 INFO handler.ContextHandler: Started o.e.j.w.WebAppContext@5f038248{/,file:///tmp/jetty-0.0.0.0-9876-scm-_-any-11920543450975713691.dir/webapp/,AVAILABLE}{/scm}
datanode_2  | 2019-10-21 08:25:05,787 INFO server.RaftServerConfigKeys: raft.server.notification.no-leader.timeout = 120s (custom)
datanode_1  | 2019-10-21 08:25:04,239 INFO storage.RaftStorage: Storage directory /data/metadata/ratis/f871a6a6-feb8-4b0f-ad41-7f3e826e35f2 has been successfully formatted.
nm_1        | 2019-10-21 08:24:51 INFO  HttpServer2:958 - Added filter static_user_filter (class=org.apache.hadoop.http.lib.StaticUserWebFilter$StaticUserFilter) to context static
om_1        | 2019-10-21 08:25:09,111 INFO server.Server: Started @3690ms
datanode_3  | 2019-10-21 08:25:04,793 INFO server.RaftServerConfigKeys: raft.server.notification.no-leader.timeout = 120s (custom)
rm_1        | 2019-10-21 08:24:50 INFO  CapacitySchedulerQueueManager:163 - Initialized root queue root: numChildQueue= 1, capacity=1.0, absoluteCapacity=1.0, usedResources=<memory:0, vCores:0>usedCapacity=0.0, numApps=0, numContainers=0
scm_1       | 2019-10-21 08:25:01,655 INFO server.AbstractConnector: Started ServerConnector@1a4d1ab7{HTTP/1.1,[http/1.1]}{0.0.0.0:9876}
datanode_1  | 2019-10-21 08:25:04,246 [pool-8-thread-1] INFO       - group-7F3E826E35F2: The snapshot info is null. Setting the last applied indexto:(t:0, i:~)
datanode_2  | 2019-10-21 08:25:05,789 INFO server.RaftServerConfigKeys: raft.server.log.use.memory = false (default)
nm_1        | 2019-10-21 08:24:51 INFO  HttpServer2:948 - Added filter authentication (class=org.apache.hadoop.security.authentication.server.AuthenticationFilter) to context node
om_1        | 2019-10-21 08:25:09,114 INFO impl.MetricsSinkAdapter: Sink prometheus started
rm_1        | 2019-10-21 08:24:50 INFO  UserGroupMappingPlacementRule:237 - Initialized queue mappings, override: false
scm_1       | 2019-10-21 08:25:01,655 INFO server.Server: Started @6860ms
datanode_3  | 2019-10-21 08:25:04,795 INFO server.RaftServerConfigKeys: raft.server.log.use.memory = false (default)
datanode_2  | 2019-10-21 08:25:05,793 INFO server.RaftServerConfigKeys: raft.server.log.purge.gap = 1000000 (custom)
nm_1        | 2019-10-21 08:24:51 INFO  HttpServer2:958 - Added filter authentication (class=org.apache.hadoop.security.authentication.server.AuthenticationFilter) to context logs
om_1        | 2019-10-21 08:25:09,114 INFO impl.MetricsSystemImpl: Registered sink prometheus
datanode_1  | 2019-10-21 08:25:04,246 INFO server.RaftServerConfigKeys: raft.server.notification.no-leader.timeout = 120s (custom)
rm_1        | 2019-10-21 08:24:50 INFO  MultiNodeSortingManager:104 - MultiNode scheduling is 'false', and configured policies are 
scm_1       | 2019-10-21 08:25:01,659 INFO impl.MetricsSinkAdapter: Sink prometheus started
datanode_3  | 2019-10-21 08:25:04,798 INFO server.RaftServerConfigKeys: raft.server.log.purge.gap = 1000000 (custom)
datanode_2  | 2019-10-21 08:25:05,793 INFO server.RaftServerConfigKeys: raft.server.log.appender.buffer.byte-limit = 33554432 (custom)
nm_1        | 2019-10-21 08:24:51 INFO  HttpServer2:958 - Added filter authentication (class=org.apache.hadoop.security.authentication.server.AuthenticationFilter) to context static
om_1        | 2019-10-21 08:25:09,116 INFO server.BaseHttpServer: HTTP server of OZONEMANAGER is listening at http://0.0.0.0:9874
datanode_1  | 2019-10-21 08:25:04,251 INFO server.RaftServerConfigKeys: raft.server.log.use.memory = false (default)
rm_1        | 2019-10-21 08:24:50 INFO  CapacityScheduler:408 - Initialized CapacityScheduler with calculator=class org.apache.hadoop.yarn.util.resource.DefaultResourceCalculator, minimumAllocation=<<memory:1024, vCores:1>>, maximumAllocation=<<memory:8192, vCores:4>>, asynchronousScheduling=false, asyncScheduleInterval=5ms,multiNodePlacementEnabled=false
scm_1       | 2019-10-21 08:25:01,661 INFO impl.MetricsSystemImpl: Registered sink prometheus
datanode_3  | 2019-10-21 08:25:04,799 INFO server.RaftServerConfigKeys: raft.server.log.appender.buffer.byte-limit = 33554432 (custom)
datanode_2  | 2019-10-21 08:25:05,795 INFO server.RaftServerConfigKeys: raft.server.log.segment.size.max = 1048576 (custom)
om_1        | 2019-10-21 08:25:21,864 [IPC Server handler 0 on 9862] INFO       - created volume:vol1 for user:hadoop
datanode_1  | 2019-10-21 08:25:04,256 INFO server.RaftServerConfigKeys: raft.server.log.purge.gap = 1000000 (custom)
nm_1        | 2019-10-21 08:24:51 INFO  HttpServer2:613 - adding path spec: /node/*
scm_1       | 2019-10-21 08:25:01,663 INFO server.BaseHttpServer: HTTP server of SCM is listening at http://0.0.0.0:9876
rm_1        | 2019-10-21 08:24:50 INFO  Configuration:2752 - dynamic-resources.xml not found
datanode_3  | 2019-10-21 08:25:04,800 INFO server.RaftServerConfigKeys: raft.server.log.segment.size.max = 1048576 (custom)
datanode_2  | 2019-10-21 08:25:05,800 INFO metrics.MetricRegistries: Loaded MetricRegistries class org.apache.ratis.metrics.impl.MetricRegistriesImpl
datanode_1  | 2019-10-21 08:25:04,256 INFO server.RaftServerConfigKeys: raft.server.log.appender.buffer.byte-limit = 33554432 (custom)
nm_1        | 2019-10-21 08:24:51 INFO  HttpServer2:613 - adding path spec: /ws/*
rm_1        | 2019-10-21 08:24:50 INFO  AMSProcessingChain:62 - Initializing AMS Processing chain. Root Processor=[org.apache.hadoop.yarn.server.resourcemanager.DefaultAMSProcessor].
datanode_3  | 2019-10-21 08:25:04,805 INFO metrics.MetricRegistries: Loaded MetricRegistries class org.apache.ratis.metrics.impl.MetricRegistriesImpl
scm_1       | 2019-10-21 08:25:01,676 INFO util.JvmPauseMonitor: Starting JVM pause monitor
datanode_2  | 2019-10-21 08:25:05,803 WARN impl.MetricRegistriesImpl: First MetricRegistry has been created without registering reporters. You may need to call MetricRegistries.global().addReportRegistration(...) before.
datanode_1  | 2019-10-21 08:25:04,258 INFO server.RaftServerConfigKeys: raft.server.log.segment.size.max = 1048576 (custom)
nm_1        | 2019-10-21 08:24:51 INFO  WebApps:395 - Registered webapp guice modules
rm_1        | 2019-10-21 08:24:50 INFO  ApplicationMasterService:129 - disabled placement handler will be used, all scheduling requests will be rejected.
datanode_3  | 2019-10-21 08:25:04,808 WARN impl.MetricRegistriesImpl: First MetricRegistry has been created without registering reporters. You may need to call MetricRegistries.global().addReportRegistration(...) before.
scm_1       | 2019-10-21 08:25:02,284 INFO net.NetworkTopology: Added a new node: /default-rack/a241d09d-7cef-45f1-a423-55260c50cff6
datanode_2  | 2019-10-21 08:25:05,808 INFO server.RaftServerConfigKeys: raft.server.log.segment.cache.num.max = 2 (custom)
datanode_1  | 2019-10-21 08:25:04,266 INFO metrics.MetricRegistries: Loaded MetricRegistries class org.apache.ratis.metrics.impl.MetricRegistriesImpl
nm_1        | 2019-10-21 08:24:51 INFO  HttpServer2:1191 - Jetty bound to port 8042
rm_1        | 2019-10-21 08:24:50 INFO  AMSProcessingChain:75 - Adding [org.apache.hadoop.yarn.server.resourcemanager.scheduler.constraint.processor.DisabledPlacementProcessor] tp top of AMS Processing chain. 
scm_1       | 2019-10-21 08:25:02,284 INFO node.SCMNodeManager: Registered Data node : a241d09d-7cef-45f1-a423-55260c50cff6{ip: 172.18.0.3, host: hadoop32_datanode_1.hadoop32_default, networkLocation: /default-rack, certSerialId: null}
datanode_3  | 2019-10-21 08:25:04,813 INFO server.RaftServerConfigKeys: raft.server.log.segment.cache.num.max = 2 (custom)
datanode_2  | 2019-10-21 08:25:05,813 INFO segmented.SegmentedRaftLogWorker: new 5956a4bf-db11-4f08-a864-126743348879@group-8BBC4D3F3311-SegmentedRaftLogWorker for RaftStorage:Storage Directory /data/metadata/ratis/a39d6f21-f2c9-4bf6-be83-8bbc4d3f3311
datanode_1  | 2019-10-21 08:25:04,271 WARN impl.MetricRegistriesImpl: First MetricRegistry has been created without registering reporters. You may need to call MetricRegistries.global().addReportRegistration(...) before.
nm_1        | 2019-10-21 08:24:51 INFO  Server:351 - jetty-9.3.24.v20180605, build timestamp: 2018-06-05T17:11:56Z, git hash: 84205aa28f11a4f31f2a3b86d1bba2cc8ab69827
rm_1        | 2019-10-21 08:24:50 INFO  ResourceManager:579 - TimelineServicePublisher is not configured
scm_1       | 2019-10-21 08:25:02,289 INFO safemode.SCMSafeModeManager: SCM in safe mode. 1 DataNodes registered, 1 required.
datanode_3  | 2019-10-21 08:25:04,817 INFO segmented.SegmentedRaftLogWorker: new 1346a5dc-6a59-4563-8ad4-f8949406d4e7@group-DB61901F49D8-SegmentedRaftLogWorker for RaftStorage:Storage Directory /data/metadata/ratis/4fb2e240-5f23-4377-9cc6-db61901f49d8
datanode_2  | 2019-10-21 08:25:05,814 INFO server.RaftServerConfigKeys: raft.server.log.queue.byte-limit = 2147483647 (custom)
datanode_1  | 2019-10-21 08:25:04,278 INFO server.RaftServerConfigKeys: raft.server.log.segment.cache.num.max = 2 (custom)
nm_1        | 2019-10-21 08:24:51 INFO  AuthenticationFilter:240 - Unable to initialize FileSignerSecretProvider, falling back to use random secrets.
rm_1        | 2019-10-21 08:24:50 INFO  log:192 - Logging initialized @1639ms
scm_1       | 2019-10-21 08:25:02,290 INFO safemode.SCMSafeModeManager: ScmSafeModeManager, all rules are successfully validated
datanode_3  | 2019-10-21 08:25:04,817 INFO server.RaftServerConfigKeys: raft.server.log.queue.byte-limit = 2147483647 (custom)
datanode_1  | 2019-10-21 08:25:04,286 INFO segmented.SegmentedRaftLogWorker: new a241d09d-7cef-45f1-a423-55260c50cff6@group-7F3E826E35F2-SegmentedRaftLogWorker for RaftStorage:Storage Directory /data/metadata/ratis/f871a6a6-feb8-4b0f-ad41-7f3e826e35f2
datanode_2  | 2019-10-21 08:25:05,814 INFO server.RaftServerConfigKeys: raft.server.log.queue.element-limit = 1024 (custom)
nm_1        | 2019-10-21 08:24:51 INFO  ContextHandler:781 - Started o.e.j.s.ServletContextHandler@1ae67cad{/logs,file:///opt/hadoop/logs/,AVAILABLE}
rm_1        | 2019-10-21 08:24:50 INFO  AuthenticationFilter:240 - Unable to initialize FileSignerSecretProvider, falling back to use random secrets.
datanode_3  | 2019-10-21 08:25:04,817 INFO server.RaftServerConfigKeys: raft.server.log.queue.element-limit = 1024 (custom)
datanode_1  | 2019-10-21 08:25:04,286 INFO server.RaftServerConfigKeys: raft.server.log.queue.byte-limit = 2147483647 (custom)
datanode_2  | 2019-10-21 08:25:05,815 INFO server.RaftServerConfigKeys: raft.server.log.segment.size.max = 1048576 (custom)
scm_1       | 2019-10-21 08:25:02,291 INFO safemode.SCMSafeModeManager: SCM exiting safe mode.
rm_1        | 2019-10-21 08:24:50 INFO  HttpRequestLog:81 - Http request log for http.requests.resourcemanager is not defined
nm_1        | 2019-10-21 08:24:51 INFO  ContextHandler:781 - Started o.e.j.s.ServletContextHandler@18cebaa5{/static,jar:file:/opt/hadoop/share/hadoop/yarn/hadoop-yarn-common-3.2.0.jar!/webapps/static,AVAILABLE}
datanode_3  | 2019-10-21 08:25:04,818 INFO server.RaftServerConfigKeys: raft.server.log.segment.size.max = 1048576 (custom)
datanode_2  | 2019-10-21 08:25:05,815 INFO server.RaftServerConfigKeys: raft.server.log.preallocated.size = 16384 (custom)
datanode_1  | 2019-10-21 08:25:04,287 INFO server.RaftServerConfigKeys: raft.server.log.queue.element-limit = 1024 (custom)
scm_1       | 2019-10-21 08:25:02,471 INFO net.NetworkTopology: Added a new node: /default-rack/5956a4bf-db11-4f08-a864-126743348879
nm_1        | Oct 21, 2019 8:24:51 AM com.sun.jersey.guice.spi.container.GuiceComponentProviderFactory register
rm_1        | 2019-10-21 08:24:50 INFO  HttpServer2:975 - Added global filter 'safety' (class=org.apache.hadoop.http.HttpServer2$QuotingInputFilter)
datanode_3  | 2019-10-21 08:25:04,818 INFO server.RaftServerConfigKeys: raft.server.log.preallocated.size = 16384 (custom)
datanode_1  | 2019-10-21 08:25:04,288 INFO server.RaftServerConfigKeys: raft.server.log.segment.size.max = 1048576 (custom)
scm_1       | 2019-10-21 08:25:02,471 INFO node.SCMNodeManager: Registered Data node : 5956a4bf-db11-4f08-a864-126743348879{ip: 172.18.0.5, host: hadoop32_datanode_2.hadoop32_default, networkLocation: /default-rack, certSerialId: null}
nm_1        | INFO: Registering org.apache.hadoop.yarn.server.nodemanager.webapp.NMWebServices as a root resource class
rm_1        | 2019-10-21 08:24:50 INFO  HttpServer2:948 - Added filter RMAuthenticationFilter (class=org.apache.hadoop.yarn.server.security.http.RMAuthenticationFilter) to context cluster
datanode_3  | 2019-10-21 08:25:04,819 INFO server.RaftServerConfigKeys: raft.server.log.write.buffer.size = 33554432 (custom)
datanode_2  | 2019-10-21 08:25:05,816 INFO server.RaftServerConfigKeys: raft.server.log.write.buffer.size = 33554432 (custom)
datanode_1  | 2019-10-21 08:25:04,289 INFO server.RaftServerConfigKeys: raft.server.log.preallocated.size = 16384 (custom)
scm_1       | 2019-10-21 08:25:02,588 INFO net.NetworkTopology: Added a new node: /default-rack/1346a5dc-6a59-4563-8ad4-f8949406d4e7
nm_1        | Oct 21, 2019 8:24:51 AM com.sun.jersey.guice.spi.container.GuiceComponentProviderFactory register
rm_1        | 2019-10-21 08:24:50 INFO  HttpServer2:958 - Added filter RMAuthenticationFilter (class=org.apache.hadoop.yarn.server.security.http.RMAuthenticationFilter) to context static
datanode_3  | 2019-10-21 08:25:04,819 INFO server.RaftServerConfigKeys: raft.server.log.force.sync.num = 128 (default)
datanode_2  | 2019-10-21 08:25:05,816 INFO server.RaftServerConfigKeys: raft.server.log.force.sync.num = 128 (default)
datanode_1  | 2019-10-21 08:25:04,289 INFO server.RaftServerConfigKeys: raft.server.log.write.buffer.size = 33554432 (custom)
scm_1       | 2019-10-21 08:25:02,588 INFO node.SCMNodeManager: Registered Data node : 1346a5dc-6a59-4563-8ad4-f8949406d4e7{ip: 172.18.0.7, host: hadoop32_datanode_3.hadoop32_default, networkLocation: /default-rack, certSerialId: null}
nm_1        | INFO: Registering org.apache.hadoop.yarn.webapp.GenericExceptionHandler as a provider class
rm_1        | 2019-10-21 08:24:50 INFO  HttpServer2:958 - Added filter RMAuthenticationFilter (class=org.apache.hadoop.yarn.server.security.http.RMAuthenticationFilter) to context logs
datanode_3  | 2019-10-21 08:25:04,820 INFO server.RaftServerConfigKeys: raft.server.log.statemachine.data.sync = true (default)
datanode_2  | 2019-10-21 08:25:05,817 INFO server.RaftServerConfigKeys: raft.server.log.statemachine.data.sync = true (default)
datanode_1  | 2019-10-21 08:25:04,290 INFO server.RaftServerConfigKeys: raft.server.log.force.sync.num = 128 (default)
scm_1       | WARNING: An illegal reflective access operation has occurred
nm_1        | Oct 21, 2019 8:24:51 AM com.sun.jersey.guice.spi.container.GuiceComponentProviderFactory register
rm_1        | 2019-10-21 08:24:50 INFO  HttpServer2:948 - Added filter static_user_filter (class=org.apache.hadoop.http.lib.StaticUserWebFilter$StaticUserFilter) to context cluster
datanode_3  | 2019-10-21 08:25:04,820 INFO server.RaftServerConfigKeys: raft.server.log.statemachine.data.sync.timeout = 10s (default)
datanode_2  | 2019-10-21 08:25:05,817 INFO server.RaftServerConfigKeys: raft.server.log.statemachine.data.sync.timeout = 10s (default)
datanode_1  | 2019-10-21 08:25:04,291 INFO server.RaftServerConfigKeys: raft.server.log.statemachine.data.sync = true (default)
scm_1       | WARNING: Illegal reflective access by org.apache.ratis.thirdparty.com.google.protobuf.UnsafeUtil (file:/opt/hadoop/share/ozone/lib/ratis-thirdparty-misc-0.2.0.jar) to field java.nio.Buffer.address
nm_1        | INFO: Registering org.apache.hadoop.yarn.server.nodemanager.webapp.JAXBContextResolver as a provider class
rm_1        | 2019-10-21 08:24:50 INFO  HttpServer2:958 - Added filter static_user_filter (class=org.apache.hadoop.http.lib.StaticUserWebFilter$StaticUserFilter) to context static
datanode_3  | 2019-10-21 08:25:04,820 INFO server.RaftServerConfigKeys: raft.server.log.statemachine.data.sync.timeout.retry = -1 (default)
datanode_2  | 2019-10-21 08:25:05,817 INFO server.RaftServerConfigKeys: raft.server.log.statemachine.data.sync.timeout.retry = -1 (default)
datanode_1  | 2019-10-21 08:25:04,291 INFO server.RaftServerConfigKeys: raft.server.log.statemachine.data.sync.timeout = 10s (default)
nm_1        | Oct 21, 2019 8:24:51 AM com.sun.jersey.server.impl.application.WebApplicationImpl _initiate
scm_1       | WARNING: Please consider reporting this to the maintainers of org.apache.ratis.thirdparty.com.google.protobuf.UnsafeUtil
rm_1        | 2019-10-21 08:24:50 INFO  HttpServer2:958 - Added filter static_user_filter (class=org.apache.hadoop.http.lib.StaticUserWebFilter$StaticUserFilter) to context logs
datanode_3  | 2019-10-21 08:25:04,826 INFO server.RaftServerConfigKeys: raft.server.log.statemachine.data.caching.enabled = true (custom)
datanode_2  | 2019-10-21 08:25:05,824 INFO server.RaftServerConfigKeys: raft.server.log.statemachine.data.caching.enabled = true (custom)
datanode_1  | 2019-10-21 08:25:04,291 INFO server.RaftServerConfigKeys: raft.server.log.statemachine.data.sync.timeout.retry = -1 (default)
nm_1        | INFO: Initiating Jersey application, version 'Jersey: 1.19 02/11/2015 03:25 AM'
scm_1       | WARNING: Use --illegal-access=warn to enable warnings of further illegal reflective access operations
rm_1        | 2019-10-21 08:24:50 INFO  HttpServer2:613 - adding path spec: /cluster/*
datanode_3  | 2019-10-21 08:25:04,831 INFO segmented.SegmentedRaftLogWorker: 1346a5dc-6a59-4563-8ad4-f8949406d4e7@group-DB61901F49D8-SegmentedRaftLogWorker: flushIndex: setUnconditionally 0 -> -1
datanode_2  | 2019-10-21 08:25:05,828 INFO segmented.SegmentedRaftLogWorker: 5956a4bf-db11-4f08-a864-126743348879@group-8BBC4D3F3311-SegmentedRaftLogWorker: flushIndex: setUnconditionally 0 -> -1
datanode_1  | 2019-10-21 08:25:04,302 INFO server.RaftServerConfigKeys: raft.server.log.statemachine.data.caching.enabled = true (custom)
nm_1        | Oct 21, 2019 8:24:51 AM com.sun.jersey.guice.spi.container.GuiceComponentProviderFactory getComponentProvider
scm_1       | WARNING: All illegal access operations will be denied in a future release
datanode_3  | 2019-10-21 08:25:04,836 INFO server.RaftServerConfigKeys: raft.server.snapshot.auto.trigger.enabled = true (custom)
datanode_2  | 2019-10-21 08:25:05,832 INFO server.RaftServerConfigKeys: raft.server.snapshot.auto.trigger.enabled = true (custom)
rm_1        | 2019-10-21 08:24:50 INFO  HttpServer2:613 - adding path spec: /ws/*
datanode_1  | 2019-10-21 08:25:04,307 INFO segmented.SegmentedRaftLogWorker: a241d09d-7cef-45f1-a423-55260c50cff6@group-7F3E826E35F2-SegmentedRaftLogWorker: flushIndex: setUnconditionally 0 -> -1
nm_1        | INFO: Binding org.apache.hadoop.yarn.server.nodemanager.webapp.JAXBContextResolver to GuiceManagedComponentProvider with the scope "Singleton"
scm_1       | 2019-10-21 08:25:04,435 INFO pipeline.PipelineStateManager: Created pipeline Pipeline[ Id: f871a6a6-feb8-4b0f-ad41-7f3e826e35f2, Nodes: a241d09d-7cef-45f1-a423-55260c50cff6{ip: 172.18.0.3, host: hadoop32_datanode_1.hadoop32_default, networkLocation: /default-rack, certSerialId: null}, Type:RATIS, Factor:ONE, State:ALLOCATED]
datanode_3  | 2019-10-21 08:25:04,837 INFO server.RaftServerConfigKeys: raft.server.snapshot.auto.trigger.threshold = 10000 (custom)
datanode_2  | 2019-10-21 08:25:05,832 INFO server.RaftServerConfigKeys: raft.server.snapshot.auto.trigger.threshold = 10000 (custom)
rm_1        | 2019-10-21 08:24:50 INFO  HttpServer2:613 - adding path spec: /app/*
datanode_1  | 2019-10-21 08:25:04,312 INFO server.RaftServerConfigKeys: raft.server.snapshot.auto.trigger.enabled = true (custom)
nm_1        | Oct 21, 2019 8:24:52 AM com.sun.jersey.guice.spi.container.GuiceComponentProviderFactory getComponentProvider
scm_1       | 2019-10-21 08:25:04,924 INFO pipeline.PipelineStateManager: Created pipeline Pipeline[ Id: 4fb2e240-5f23-4377-9cc6-db61901f49d8, Nodes: 1346a5dc-6a59-4563-8ad4-f8949406d4e7{ip: 172.18.0.7, host: hadoop32_datanode_3.hadoop32_default, networkLocation: /default-rack, certSerialId: null}, Type:RATIS, Factor:ONE, State:ALLOCATED]
datanode_3  | 2019-10-21 08:25:04,837 INFO server.RaftServerConfigKeys: raft.server.snapshot.retention.file.num = 5 (custom)
datanode_2  | 2019-10-21 08:25:05,833 INFO server.RaftServerConfigKeys: raft.server.snapshot.retention.file.num = 5 (custom)
rm_1        | 2019-10-21 08:24:51 INFO  WebApps:395 - Registered webapp guice modules
datanode_1  | 2019-10-21 08:25:04,313 INFO server.RaftServerConfigKeys: raft.server.snapshot.auto.trigger.threshold = 10000 (custom)
nm_1        | INFO: Binding org.apache.hadoop.yarn.webapp.GenericExceptionHandler to GuiceManagedComponentProvider with the scope "Singleton"
scm_1       | 2019-10-21 08:25:05,918 INFO pipeline.PipelineStateManager: Created pipeline Pipeline[ Id: a39d6f21-f2c9-4bf6-be83-8bbc4d3f3311, Nodes: 5956a4bf-db11-4f08-a864-126743348879{ip: 172.18.0.5, host: hadoop32_datanode_2.hadoop32_default, networkLocation: /default-rack, certSerialId: null}, Type:RATIS, Factor:ONE, State:ALLOCATED]
datanode_3  | 2019-10-21 08:25:04,838 INFO server.RaftServerConfigKeys: raft.server.retrycache.expirytime = 600000ms (custom)
datanode_2  | 2019-10-21 08:25:05,833 INFO server.RaftServerConfigKeys: raft.server.retrycache.expirytime = 600000ms (custom)
rm_1        | 2019-10-21 08:24:51 INFO  HttpServer2:1191 - Jetty bound to port 8088
datanode_1  | 2019-10-21 08:25:04,313 INFO server.RaftServerConfigKeys: raft.server.snapshot.retention.file.num = 5 (custom)
nm_1        | Oct 21, 2019 8:24:52 AM com.sun.jersey.guice.spi.container.GuiceComponentProviderFactory getComponentProvider
scm_1       | 2019-10-21 08:25:06,006 INFO pipeline.PipelineStateManager: Created pipeline Pipeline[ Id: 6d4d37f3-c80f-4084-aa55-f55f7910f713, Nodes: a241d09d-7cef-45f1-a423-55260c50cff6{ip: 172.18.0.3, host: hadoop32_datanode_1.hadoop32_default, networkLocation: /default-rack, certSerialId: null}1346a5dc-6a59-4563-8ad4-f8949406d4e7{ip: 172.18.0.7, host: hadoop32_datanode_3.hadoop32_default, networkLocation: /default-rack, certSerialId: null}5956a4bf-db11-4f08-a864-126743348879{ip: 172.18.0.5, host: hadoop32_datanode_2.hadoop32_default, networkLocation: /default-rack, certSerialId: null}, Type:RATIS, Factor:THREE, State:ALLOCATED]
datanode_3  | 2019-10-21 08:25:04,857 WARN impl.MetricRegistriesImpl: First MetricRegistry has been created without registering reporters. You may need to call MetricRegistries.global().addReportRegistration(...) before.
datanode_2  | 2019-10-21 08:25:05,850 WARN impl.MetricRegistriesImpl: First MetricRegistry has been created without registering reporters. You may need to call MetricRegistries.global().addReportRegistration(...) before.
rm_1        | 2019-10-21 08:24:51 INFO  Server:351 - jetty-9.3.24.v20180605, build timestamp: 2018-06-05T17:11:56Z, git hash: 84205aa28f11a4f31f2a3b86d1bba2cc8ab69827
datanode_1  | 2019-10-21 08:25:04,314 INFO server.RaftServerConfigKeys: raft.server.retrycache.expirytime = 600000ms (custom)
nm_1        | INFO: Binding org.apache.hadoop.yarn.server.nodemanager.webapp.NMWebServices to GuiceManagedComponentProvider with the scope "Singleton"
scm_1       | 2019-10-21 08:25:09,434 INFO pipeline.PipelineReportHandler: Pipeline PipelineID=f871a6a6-feb8-4b0f-ad41-7f3e826e35f2 reported by a241d09d-7cef-45f1-a423-55260c50cff6{ip: 172.18.0.3, host: hadoop32_datanode_1.hadoop32_default, networkLocation: /default-rack, certSerialId: null} with leaderId a241d09d-7cef-45f1-a423-55260c50cff6
datanode_3  | 2019-10-21 08:25:04,860 WARN impl.MetricRegistriesImpl: First MetricRegistry has been created without registering reporters. You may need to call MetricRegistries.global().addReportRegistration(...) before.
datanode_2  | 2019-10-21 08:25:05,853 WARN impl.MetricRegistriesImpl: First MetricRegistry has been created without registering reporters. You may need to call MetricRegistries.global().addReportRegistration(...) before.
rm_1        | 2019-10-21 08:24:51 INFO  AuthenticationFilter:240 - Unable to initialize FileSignerSecretProvider, falling back to use random secrets.
datanode_1  | 2019-10-21 08:25:04,333 WARN impl.MetricRegistriesImpl: First MetricRegistry has been created without registering reporters. You may need to call MetricRegistries.global().addReportRegistration(...) before.
nm_1        | 2019-10-21 08:24:52 INFO  ContextHandler:781 - Started o.e.j.w.WebAppContext@732c9b5c{/,file:///tmp/jetty-0.0.0.0-8042-node-_-any-2915806605567517241.dir/webapp/,AVAILABLE}{/node}
scm_1       | 2019-10-21 08:25:09,437 INFO pipeline.PipelineStateManager: Pipeline Pipeline[ Id: f871a6a6-feb8-4b0f-ad41-7f3e826e35f2, Nodes: a241d09d-7cef-45f1-a423-55260c50cff6{ip: 172.18.0.3, host: hadoop32_datanode_1.hadoop32_default, networkLocation: /default-rack, certSerialId: null}, Type:RATIS, Factor:ONE, State:OPEN] moved to OPEN state
datanode_3  | 2019-10-21 08:25:04,861 INFO impl.RaftServerImpl: 1346a5dc-6a59-4563-8ad4-f8949406d4e7@group-DB61901F49D8: start as a follower, conf=-1: [1346a5dc-6a59-4563-8ad4-f8949406d4e7:172.18.0.7:9858], old=null
datanode_2  | 2019-10-21 08:25:05,855 INFO impl.RaftServerImpl: 5956a4bf-db11-4f08-a864-126743348879@group-8BBC4D3F3311: start as a follower, conf=-1: [5956a4bf-db11-4f08-a864-126743348879:172.18.0.5:9858], old=null
rm_1        | 2019-10-21 08:24:51 INFO  AbstractDelegationTokenSecretManager:343 - Updating the current master key for generating delegation tokens
datanode_1  | 2019-10-21 08:25:04,335 WARN impl.MetricRegistriesImpl: First MetricRegistry has been created without registering reporters. You may need to call MetricRegistries.global().addReportRegistration(...) before.
nm_1        | 2019-10-21 08:24:52 INFO  AbstractConnector:278 - Started ServerConnector@3ae8ab4a{HTTP/1.1,[http/1.1]}{0.0.0.0:8042}
scm_1       | 2019-10-21 08:25:09,438 INFO pipeline.PipelineReportHandler: Pipeline PipelineID=6d4d37f3-c80f-4084-aa55-f55f7910f713 reported by a241d09d-7cef-45f1-a423-55260c50cff6{ip: 172.18.0.3, host: hadoop32_datanode_1.hadoop32_default, networkLocation: /default-rack, certSerialId: null} with leaderId 
datanode_2  | 2019-10-21 08:25:05,856 INFO impl.RaftServerImpl: 5956a4bf-db11-4f08-a864-126743348879@group-8BBC4D3F3311: changes role from      null to FOLLOWER at term 0 for startAsFollower
datanode_3  | 2019-10-21 08:25:04,863 INFO impl.RaftServerImpl: 1346a5dc-6a59-4563-8ad4-f8949406d4e7@group-DB61901F49D8: changes role from      null to FOLLOWER at term 0 for startAsFollower
rm_1        | 2019-10-21 08:24:51 INFO  AbstractDelegationTokenSecretManager:675 - Starting expired delegation token remover thread, tokenRemoverScanInterval=60 min(s)
nm_1        | 2019-10-21 08:24:52 INFO  Server:419 - Started @3521ms
datanode_1  | 2019-10-21 08:25:04,337 INFO impl.RaftServerImpl: a241d09d-7cef-45f1-a423-55260c50cff6@group-7F3E826E35F2: start as a follower, conf=-1: [a241d09d-7cef-45f1-a423-55260c50cff6:172.18.0.3:9858], old=null
scm_1       | 2019-10-21 08:25:09,918 INFO pipeline.PipelineReportHandler: Pipeline PipelineID=4fb2e240-5f23-4377-9cc6-db61901f49d8 reported by 1346a5dc-6a59-4563-8ad4-f8949406d4e7{ip: 172.18.0.7, host: hadoop32_datanode_3.hadoop32_default, networkLocation: /default-rack, certSerialId: null} with leaderId 1346a5dc-6a59-4563-8ad4-f8949406d4e7
datanode_2  | 2019-10-21 08:25:05,857 INFO impl.RoleInfo: 5956a4bf-db11-4f08-a864-126743348879: start FollowerState
rm_1        | 2019-10-21 08:24:51 INFO  AbstractDelegationTokenSecretManager:343 - Updating the current master key for generating delegation tokens
nm_1        | 2019-10-21 08:24:52 INFO  WebApps:440 - Web app node started at 8042
datanode_1  | 2019-10-21 08:25:04,338 INFO impl.RaftServerImpl: a241d09d-7cef-45f1-a423-55260c50cff6@group-7F3E826E35F2: changes role from      null to FOLLOWER at term 0 for startAsFollower
datanode_2  | 2019-10-21 08:25:05,862 INFO util.JmxRegister: Successfully registered JMX Bean with object name Ratis:service=RaftServer,group=group-8BBC4D3F3311,id=5956a4bf-db11-4f08-a864-126743348879
scm_1       | 2019-10-21 08:25:09,918 INFO pipeline.PipelineStateManager: Pipeline Pipeline[ Id: 4fb2e240-5f23-4377-9cc6-db61901f49d8, Nodes: 1346a5dc-6a59-4563-8ad4-f8949406d4e7{ip: 172.18.0.7, host: hadoop32_datanode_3.hadoop32_default, networkLocation: /default-rack, certSerialId: null}, Type:RATIS, Factor:ONE, State:OPEN] moved to OPEN state
datanode_3  | 2019-10-21 08:25:04,864 INFO impl.RoleInfo: 1346a5dc-6a59-4563-8ad4-f8949406d4e7: start FollowerState
rm_1        | 2019-10-21 08:24:51 INFO  ContextHandler:781 - Started o.e.j.s.ServletContextHandler@3b79fd76{/logs,file:///opt/hadoop/logs/,AVAILABLE}
nm_1        | 2019-10-21 08:24:52 INFO  NodeStatusUpdaterImpl:261 - Node ID assigned is : nm:45337
datanode_1  | 2019-10-21 08:25:04,339 INFO impl.RoleInfo: a241d09d-7cef-45f1-a423-55260c50cff6: start FollowerState
datanode_2  | 2019-10-21 08:25:05,864 WARN impl.MetricRegistriesImpl: First MetricRegistry has been created without registering reporters. You may need to call MetricRegistries.global().addReportRegistration(...) before.
scm_1       | 2019-10-21 08:25:09,919 INFO pipeline.PipelineReportHandler: Pipeline PipelineID=6d4d37f3-c80f-4084-aa55-f55f7910f713 reported by 1346a5dc-6a59-4563-8ad4-f8949406d4e7{ip: 172.18.0.7, host: hadoop32_datanode_3.hadoop32_default, networkLocation: /default-rack, certSerialId: null} with leaderId 
datanode_3  | 2019-10-21 08:25:04,868 INFO util.JmxRegister: Successfully registered JMX Bean with object name Ratis:service=RaftServer,group=group-DB61901F49D8,id=1346a5dc-6a59-4563-8ad4-f8949406d4e7
rm_1        | 2019-10-21 08:24:51 INFO  ContextHandler:781 - Started o.e.j.s.ServletContextHandler@6b6776cb{/static,jar:file:/opt/hadoop/share/hadoop/yarn/hadoop-yarn-common-3.2.0.jar!/webapps/static,AVAILABLE}
nm_1        | 2019-10-21 08:24:52 INFO  JvmPauseMonitor:188 - Starting JVM pause monitor
datanode_1  | 2019-10-21 08:25:04,344 INFO util.JmxRegister: Successfully registered JMX Bean with object name Ratis:service=RaftServer,group=group-7F3E826E35F2,id=a241d09d-7cef-45f1-a423-55260c50cff6
datanode_2  | 2019-10-21 08:25:05,973 INFO impl.RaftServerProxy: 5956a4bf-db11-4f08-a864-126743348879: addNew group-F55F7910F713:[1346a5dc-6a59-4563-8ad4-f8949406d4e7:172.18.0.7:9858, a241d09d-7cef-45f1-a423-55260c50cff6:172.18.0.3:9858, 5956a4bf-db11-4f08-a864-126743348879:172.18.0.5:9858] returns group-F55F7910F713:java.util.concurrent.CompletableFuture@6fa65c23[Not completed]
scm_1       | 2019-10-21 08:25:11,753 INFO pipeline.PipelineReportHandler: Pipeline PipelineID=a39d6f21-f2c9-4bf6-be83-8bbc4d3f3311 reported by 5956a4bf-db11-4f08-a864-126743348879{ip: 172.18.0.5, host: hadoop32_datanode_2.hadoop32_default, networkLocation: /default-rack, certSerialId: null} with leaderId 5956a4bf-db11-4f08-a864-126743348879
datanode_3  | 2019-10-21 08:25:04,869 WARN impl.MetricRegistriesImpl: First MetricRegistry has been created without registering reporters. You may need to call MetricRegistries.global().addReportRegistration(...) before.
rm_1        | Oct 21, 2019 8:24:51 AM com.sun.jersey.guice.spi.container.GuiceComponentProviderFactory register
nm_1        | 2019-10-21 08:24:52 INFO  RMProxy:133 - Connecting to ResourceManager at rm/172.18.0.4:8031
datanode_1  | 2019-10-21 08:25:04,346 WARN impl.MetricRegistriesImpl: First MetricRegistry has been created without registering reporters. You may need to call MetricRegistries.global().addReportRegistration(...) before.
datanode_2  | 2019-10-21 08:25:05,977 INFO impl.RaftServerImpl: 5956a4bf-db11-4f08-a864-126743348879: new RaftServerImpl for group-F55F7910F713:[1346a5dc-6a59-4563-8ad4-f8949406d4e7:172.18.0.7:9858, a241d09d-7cef-45f1-a423-55260c50cff6:172.18.0.3:9858, 5956a4bf-db11-4f08-a864-126743348879:172.18.0.5:9858] with ContainerStateMachine:uninitialized
scm_1       | 2019-10-21 08:25:11,753 INFO pipeline.PipelineStateManager: Pipeline Pipeline[ Id: a39d6f21-f2c9-4bf6-be83-8bbc4d3f3311, Nodes: 5956a4bf-db11-4f08-a864-126743348879{ip: 172.18.0.5, host: hadoop32_datanode_2.hadoop32_default, networkLocation: /default-rack, certSerialId: null}, Type:RATIS, Factor:ONE, State:OPEN] moved to OPEN state
datanode_3  | 2019-10-21 08:25:05,956 INFO impl.RaftServerProxy: 1346a5dc-6a59-4563-8ad4-f8949406d4e7: addNew group-F55F7910F713:[1346a5dc-6a59-4563-8ad4-f8949406d4e7:172.18.0.7:9858, a241d09d-7cef-45f1-a423-55260c50cff6:172.18.0.3:9858, 5956a4bf-db11-4f08-a864-126743348879:172.18.0.5:9858] returns group-F55F7910F713:java.util.concurrent.CompletableFuture@265ef93d[Not completed]
rm_1        | INFO: Registering org.apache.hadoop.yarn.server.resourcemanager.webapp.JAXBContextResolver as a provider class
nm_1        | 2019-10-21 08:24:52 INFO  NodeStatusUpdaterImpl:652 - Sending out 0 NM container statuses: []
datanode_1  | 2019-10-21 08:25:05,973 INFO impl.RaftServerProxy: a241d09d-7cef-45f1-a423-55260c50cff6: addNew group-F55F7910F713:[1346a5dc-6a59-4563-8ad4-f8949406d4e7:172.18.0.7:9858, a241d09d-7cef-45f1-a423-55260c50cff6:172.18.0.3:9858, 5956a4bf-db11-4f08-a864-126743348879:172.18.0.5:9858] returns group-F55F7910F713:java.util.concurrent.CompletableFuture@3941b528[Not completed]
datanode_2  | 2019-10-21 08:25:05,977 INFO server.RaftServerConfigKeys: raft.server.rpc.timeout.min = 5s (custom)
scm_1       | 2019-10-21 08:25:11,753 INFO pipeline.PipelineReportHandler: Pipeline PipelineID=6d4d37f3-c80f-4084-aa55-f55f7910f713 reported by 5956a4bf-db11-4f08-a864-126743348879{ip: 172.18.0.5, host: hadoop32_datanode_2.hadoop32_default, networkLocation: /default-rack, certSerialId: null} with leaderId 
datanode_3  | 2019-10-21 08:25:05,958 INFO impl.RaftServerImpl: 1346a5dc-6a59-4563-8ad4-f8949406d4e7: new RaftServerImpl for group-F55F7910F713:[1346a5dc-6a59-4563-8ad4-f8949406d4e7:172.18.0.7:9858, a241d09d-7cef-45f1-a423-55260c50cff6:172.18.0.3:9858, 5956a4bf-db11-4f08-a864-126743348879:172.18.0.5:9858] with ContainerStateMachine:uninitialized
rm_1        | Oct 21, 2019 8:24:51 AM com.sun.jersey.guice.spi.container.GuiceComponentProviderFactory register
nm_1        | 2019-10-21 08:24:52 INFO  NodeStatusUpdaterImpl:393 - Registering with RM using containers :[]
datanode_1  | 2019-10-21 08:25:05,977 INFO impl.RaftServerImpl: a241d09d-7cef-45f1-a423-55260c50cff6: new RaftServerImpl for group-F55F7910F713:[1346a5dc-6a59-4563-8ad4-f8949406d4e7:172.18.0.7:9858, a241d09d-7cef-45f1-a423-55260c50cff6:172.18.0.3:9858, 5956a4bf-db11-4f08-a864-126743348879:172.18.0.5:9858] with ContainerStateMachine:uninitialized
datanode_2  | 2019-10-21 08:25:05,977 INFO server.RaftServerConfigKeys: raft.server.rpc.timeout.max = 5200ms (custom)
scm_1       | 2019-10-21 08:25:11,754 INFO pipeline.PipelineStateManager: Pipeline Pipeline[ Id: 6d4d37f3-c80f-4084-aa55-f55f7910f713, Nodes: a241d09d-7cef-45f1-a423-55260c50cff6{ip: 172.18.0.3, host: hadoop32_datanode_1.hadoop32_default, networkLocation: /default-rack, certSerialId: null}1346a5dc-6a59-4563-8ad4-f8949406d4e7{ip: 172.18.0.7, host: hadoop32_datanode_3.hadoop32_default, networkLocation: /default-rack, certSerialId: null}5956a4bf-db11-4f08-a864-126743348879{ip: 172.18.0.5, host: hadoop32_datanode_2.hadoop32_default, networkLocation: /default-rack, certSerialId: null}, Type:RATIS, Factor:THREE, State:OPEN] moved to OPEN state
datanode_3  | 2019-10-21 08:25:05,958 INFO server.RaftServerConfigKeys: raft.server.rpc.timeout.min = 5s (custom)
rm_1        | INFO: Registering org.apache.hadoop.yarn.server.resourcemanager.webapp.RMWebServices as a root resource class
nm_1        | 2019-10-21 08:24:53 INFO  Client:948 - Retrying connect to server: rm/172.18.0.4:8031. Already tried 0 time(s); retry policy is RetryUpToMaximumCountWithFixedSleep(maxRetries=10, sleepTime=1000 MILLISECONDS)
datanode_1  | 2019-10-21 08:25:05,977 INFO server.RaftServerConfigKeys: raft.server.rpc.timeout.min = 5s (custom)
datanode_2  | 2019-10-21 08:25:05,977 INFO server.RaftServerConfigKeys: raft.server.rpcslowness.timeout = 120s (custom)
datanode_3  | 2019-10-21 08:25:05,958 INFO server.RaftServerConfigKeys: raft.server.rpc.timeout.max = 5200ms (custom)
rm_1        | Oct 21, 2019 8:24:51 AM com.sun.jersey.guice.spi.container.GuiceComponentProviderFactory register
nm_1        | 2019-10-21 08:24:54 INFO  NMContainerTokenSecretManager:143 - Rolling master-key for container-tokens, got key with id -1199798832
datanode_1  | 2019-10-21 08:25:05,977 INFO server.RaftServerConfigKeys: raft.server.rpc.timeout.max = 5200ms (custom)
datanode_2  | 2019-10-21 08:25:05,977 INFO server.RaftServerConfigKeys: raft.server.sleep.deviation.threshold = 300 (default)
datanode_3  | 2019-10-21 08:25:05,959 INFO server.RaftServerConfigKeys: raft.server.rpcslowness.timeout = 120s (custom)
rm_1        | INFO: Registering org.apache.hadoop.yarn.webapp.GenericExceptionHandler as a provider class
datanode_1  | 2019-10-21 08:25:05,977 INFO server.RaftServerConfigKeys: raft.server.rpcslowness.timeout = 120s (custom)
nm_1        | 2019-10-21 08:24:54 INFO  NMTokenSecretManagerInNM:143 - Rolling master-key for container-tokens, got key with id -1957392698
datanode_3  | 2019-10-21 08:25:05,959 INFO server.RaftServerConfigKeys: raft.server.sleep.deviation.threshold = 300 (default)
datanode_2  | 2019-10-21 08:25:05,977 INFO server.RaftServerConfigKeys: raft.server.log.appender.install.snapshot.enabled = false (custom)
rm_1        | Oct 21, 2019 8:24:51 AM com.sun.jersey.server.impl.application.WebApplicationImpl _initiate
datanode_1  | 2019-10-21 08:25:05,977 INFO server.RaftServerConfigKeys: raft.server.sleep.deviation.threshold = 300 (default)
nm_1        | 2019-10-21 08:24:54 INFO  NodeStatusUpdaterImpl:477 - Registered with ResourceManager as nm:45337 with total resource of <memory:8192, vCores:8>
datanode_3  | 2019-10-21 08:25:05,959 INFO server.RaftServerConfigKeys: raft.server.log.appender.install.snapshot.enabled = false (custom)
datanode_2  | 2019-10-21 08:25:05,977 INFO impl.RaftServerImpl: 5956a4bf-db11-4f08-a864-126743348879@group-F55F7910F713: ConfigurationManager, init=-1: [1346a5dc-6a59-4563-8ad4-f8949406d4e7:172.18.0.7:9858, a241d09d-7cef-45f1-a423-55260c50cff6:172.18.0.3:9858, 5956a4bf-db11-4f08-a864-126743348879:172.18.0.5:9858], old=null, confs=<EMPTY_MAP>
datanode_1  | 2019-10-21 08:25:05,977 INFO server.RaftServerConfigKeys: raft.server.log.appender.install.snapshot.enabled = false (custom)
rm_1        | INFO: Initiating Jersey application, version 'Jersey: 1.19 02/11/2015 03:25 AM'
nm_1        | 2019-10-21 08:25:54 INFO  Server:1849 - Auth successful for appattempt_1571646293048_0001_000001 (auth:SIMPLE)
datanode_3  | 2019-10-21 08:25:05,959 INFO impl.RaftServerImpl: 1346a5dc-6a59-4563-8ad4-f8949406d4e7@group-F55F7910F713: ConfigurationManager, init=-1: [1346a5dc-6a59-4563-8ad4-f8949406d4e7:172.18.0.7:9858, a241d09d-7cef-45f1-a423-55260c50cff6:172.18.0.3:9858, 5956a4bf-db11-4f08-a864-126743348879:172.18.0.5:9858], old=null, confs=<EMPTY_MAP>
datanode_2  | 2019-10-21 08:25:05,978 INFO server.RaftServerConfigKeys: raft.server.storage.dir = [/data/metadata/ratis] (custom)
rm_1        | Oct 21, 2019 8:24:51 AM com.sun.jersey.guice.spi.container.GuiceComponentProviderFactory getComponentProvider
