freon_1       | 2019-10-18 05:22:55,477 [pool-2-thread-10] INFO       - Creating Bucket: vol-9-26049/bucket-6-26681, with Versioning false and Storage Type set to DISK and Encryption set to false 
freon_1       | 2019-10-18 05:22:55,479 [pool-2-thread-3] INFO       - Creating Bucket: vol-0-04957/bucket-7-68797, with Versioning false and Storage Type set to DISK and Encryption set to false 
scm_1         | 2019-10-18 05:22:31,029 INFO safemode.SCMSafeModeManager: SCM in safe mode. 1 DataNodes registered, 1 required.
scm_1         | 2019-10-18 05:22:31,030 INFO safemode.SCMSafeModeManager: ScmSafeModeManager, all rules are successfully validated
scm_1         | 2019-10-18 05:22:31,030 INFO safemode.SCMSafeModeManager: SCM exiting safe mode.
grafana_1     | t=2019-10-18T05:22:26+0000 lvl=info msg="Executing migration" logger=migrator id="copy dashboard_provisioning v1 to v2"
datanode_1    | 2019-10-18 05:22:33,087 INFO impl.LeaderElection: 5773c626-0703-481a-9385-ab58b216553f@group-5D361651E7B5-LeaderElection1: begin an election at term 1 for -1: [5773c626-0703-481a-9385-ab58b216553f:172.18.0.8:9858], old=null
datanode_2    | 2019-10-18 05:22:32,313 INFO impl.RaftServerImpl: 6a6d0587-34b7-4cea-8295-cf9c6a1099a8@group-82C009E46EBA: changes role from      null to FOLLOWER at term 0 for startAsFollower
freon_1       | 2019-10-18 05:22:55,480 [pool-2-thread-7] INFO       - Creating Bucket: vol-1-22182/bucket-7-52208, with Versioning false and Storage Type set to DISK and Encryption set to false 
scm_1         | 2019-10-18 05:22:31,031 INFO net.NetworkTopology: Added a new node: /default-rack/5773c626-0703-481a-9385-ab58b216553f
datanode_3    | 2019-10-18 05:22:33,444 INFO server.RaftServerConfigKeys: raft.server.snapshot.auto.trigger.threshold = 10000 (custom)
om_1          | 2019-10-18 05:22:48,509 [IPC Server handler 18 on 9862] INFO       - created volume:vol-2-61355 for user:hadoop
grafana_1     | t=2019-10-18T05:22:26+0000 lvl=info msg="Executing migration" logger=migrator id="drop dashboard_provisioning_tmp_qwerty"
datanode_1    | 2019-10-18 05:22:33,089 INFO impl.RoleInfo: 5773c626-0703-481a-9385-ab58b216553f: shutdown LeaderElection
datanode_1    | 2019-10-18 05:22:33,089 INFO impl.RaftServerImpl: 5773c626-0703-481a-9385-ab58b216553f@group-5D361651E7B5: changes role from CANDIDATE to LEADER at term 1 for changeToLeader
datanode_3    | 2019-10-18 05:22:33,444 INFO server.RaftServerConfigKeys: raft.server.snapshot.retention.file.num = 5 (custom)
grafana_1     | t=2019-10-18T05:22:26+0000 lvl=info msg="Executing migration" logger=migrator id="Add check_sum column"
datanode_2    | 2019-10-18 05:22:32,314 INFO impl.RoleInfo: 6a6d0587-34b7-4cea-8295-cf9c6a1099a8: start FollowerState
datanode_2    | 2019-10-18 05:22:32,318 INFO util.JmxRegister: Successfully registered JMX Bean with object name Ratis:service=RaftServer,group=group-82C009E46EBA,id=6a6d0587-34b7-4cea-8295-cf9c6a1099a8
om_1          | 2019-10-18 05:22:48,521 [IPC Server handler 13 on 9862] INFO       - created volume:vol-3-30466 for user:hadoop
scm_1         | 2019-10-18 05:22:31,032 INFO node.SCMNodeManager: Registered Data node : 5773c626-0703-481a-9385-ab58b216553f{ip: 172.18.0.8, host: ozoneperf_datanode_1.ozoneperf_default, networkLocation: /default-rack, certSerialId: null}
freon_1       | 2019-10-18 05:22:55,480 [pool-2-thread-9] INFO       - Creating Bucket: vol-2-74449/bucket-7-85294, with Versioning false and Storage Type set to DISK and Encryption set to false 
datanode_3    | 2019-10-18 05:22:33,445 INFO server.RaftServerConfigKeys: raft.server.retrycache.expirytime = 600000ms (custom)
datanode_3    | 2019-10-18 05:22:33,480 INFO impl.RaftServerImpl: 4a6a8990-2928-4d16-84d3-1479e4532ff6@group-E112C99AF20F: start as a follower, conf=-1: [4a6a8990-2928-4d16-84d3-1479e4532ff6:172.18.0.5:9858], old=null
datanode_2    | 2019-10-18 05:22:32,372 INFO impl.FollowerState: 6a6d0587-34b7-4cea-8295-cf9c6a1099a8@group-82C009E46EBA-FollowerState: change to CANDIDATE, lastRpcTime:58ms, electionTimeout:57ms
datanode_1    | 2019-10-18 05:22:33,089 INFO impl.RaftServerImpl: 5773c626-0703-481a-9385-ab58b216553f@group-5D361651E7B5: change Leader from null to 5773c626-0703-481a-9385-ab58b216553f at term 1 for becomeLeader, leader elected after 300ms
scm_1         | WARNING: An illegal reflective access operation has occurred
om_1          | 2019-10-18 05:22:48,532 [IPC Server handler 10 on 9862] INFO       - created volume:vol-4-84508 for user:hadoop
om_1          | 2019-10-18 05:22:55,162 [IPC Server handler 16 on 9862] INFO       - created volume:vol-1-22182 for user:hadoop
datanode_2    | 2019-10-18 05:22:32,374 INFO impl.RoleInfo: 6a6d0587-34b7-4cea-8295-cf9c6a1099a8: shutdown FollowerState
scm_1         | WARNING: Illegal reflective access by org.apache.ratis.thirdparty.com.google.protobuf.UnsafeUtil (file:/opt/hadoop/share/ozone/lib/ratis-thirdparty-misc-0.2.0.jar) to field java.nio.Buffer.address
freon_1       | 2019-10-18 05:22:55,482 [pool-2-thread-4] INFO       - Creating Bucket: vol-3-96443/bucket-7-89801, with Versioning false and Storage Type set to DISK and Encryption set to false 
datanode_1    | 2019-10-18 05:22:33,093 INFO server.RaftServerConfigKeys: raft.server.staging.catchup.gap = 1000 (default)
datanode_3    | 2019-10-18 05:22:33,481 INFO impl.RaftServerImpl: 4a6a8990-2928-4d16-84d3-1479e4532ff6@group-E112C99AF20F: changes role from      null to FOLLOWER at term 0 for startAsFollower
grafana_1     | t=2019-10-18T05:22:26+0000 lvl=info msg="Executing migration" logger=migrator id="create data_source table"
om_1          | 2019-10-18 05:22:55,163 [IPC Server handler 15 on 9862] INFO       - created volume:vol-8-43184 for user:hadoop
datanode_2    | 2019-10-18 05:22:32,375 INFO impl.RaftServerImpl: 6a6d0587-34b7-4cea-8295-cf9c6a1099a8@group-82C009E46EBA: changes role from  FOLLOWER to CANDIDATE at term 0 for changeToCandidate
scm_1         | WARNING: Please consider reporting this to the maintainers of org.apache.ratis.thirdparty.com.google.protobuf.UnsafeUtil
freon_1       | 2019-10-18 05:22:55,482 [pool-2-thread-8] INFO       - Creating Bucket: vol-4-31277/bucket-7-95898, with Versioning false and Storage Type set to DISK and Encryption set to false 
datanode_1    | 2019-10-18 05:22:33,093 INFO server.RaftServerConfigKeys: raft.server.rpc.sleep.time = 25ms (default)
grafana_1     | t=2019-10-18T05:22:26+0000 lvl=info msg="Executing migration" logger=migrator id="add index data_source.account_id"
om_1          | 2019-10-18 05:22:55,161 [IPC Server handler 18 on 9862] INFO       - created volume:vol-6-82012 for user:hadoop
datanode_2    | 2019-10-18 05:22:32,378 INFO impl.RoleInfo: 6a6d0587-34b7-4cea-8295-cf9c6a1099a8: start LeaderElection
scm_1         | WARNING: Use --illegal-access=warn to enable warnings of further illegal reflective access operations
freon_1       | 2019-10-18 05:22:55,483 [pool-2-thread-5] INFO       - Creating Bucket: vol-5-06123/bucket-7-19652, with Versioning false and Storage Type set to DISK and Encryption set to false 
datanode_1    | 2019-10-18 05:22:33,095 INFO server.RaftServerConfigKeys: raft.server.write.element-limit = 4096 (default)
datanode_3    | 2019-10-18 05:22:33,483 INFO impl.RoleInfo: 4a6a8990-2928-4d16-84d3-1479e4532ff6: start FollowerState
grafana_1     | t=2019-10-18T05:22:26+0000 lvl=info msg="Executing migration" logger=migrator id="add unique index data_source.account_id_name"
om_1          | 2019-10-18 05:22:55,165 [IPC Server handler 12 on 9862] INFO       - created volume:vol-0-04957 for user:hadoop
datanode_2    | 2019-10-18 05:22:32,421 INFO impl.LeaderElection: 6a6d0587-34b7-4cea-8295-cf9c6a1099a8@group-82C009E46EBA-LeaderElection1: begin an election at term 1 for -1: [6a6d0587-34b7-4cea-8295-cf9c6a1099a8:172.18.0.3:9858], old=null
scm_1         | WARNING: All illegal access operations will be denied in a future release
freon_1       | 2019-10-18 05:22:55,488 [pool-2-thread-2] INFO       - Creating Bucket: vol-6-82012/bucket-7-15073, with Versioning false and Storage Type set to DISK and Encryption set to false 
datanode_1    | 2019-10-18 05:22:33,098 INFO server.RaftServerConfigKeys: raft.server.watch.timeout = 10s (default)
datanode_3    | 2019-10-18 05:22:33,488 INFO util.JmxRegister: Successfully registered JMX Bean with object name Ratis:service=RaftServer,group=group-E112C99AF20F,id=4a6a8990-2928-4d16-84d3-1479e4532ff6
grafana_1     | t=2019-10-18T05:22:26+0000 lvl=info msg="Executing migration" logger=migrator id="drop index IDX_data_source_account_id - v1"
om_1          | 2019-10-18 05:22:55,166 [IPC Server handler 14 on 9862] INFO       - created volume:vol-7-34525 for user:hadoop
datanode_2    | 2019-10-18 05:22:32,423 INFO impl.RoleInfo: 6a6d0587-34b7-4cea-8295-cf9c6a1099a8: shutdown LeaderElection
freon_1       | 2019-10-18 05:22:55,491 [pool-2-thread-7] INFO       - Creating Bucket: vol-7-34525/bucket-7-21772, with Versioning false and Storage Type set to DISK and Encryption set to false 
datanode_1    | 2019-10-18 05:22:33,098 INFO server.RaftServerConfigKeys: raft.server.watch.timeout.denomination = 1s (default)
scm_1         | 2019-10-18 05:22:32,110 INFO net.NetworkTopology: Added a new node: /default-rack/4a6a8990-2928-4d16-84d3-1479e4532ff6
datanode_3    | 2019-10-18 05:22:33,524 INFO impl.FollowerState: 4a6a8990-2928-4d16-84d3-1479e4532ff6@group-E112C99AF20F-FollowerState: change to CANDIDATE, lastRpcTime:42ms, electionTimeout:41ms
grafana_1     | t=2019-10-18T05:22:26+0000 lvl=info msg="Executing migration" logger=migrator id="drop index UQE_data_source_account_id_name - v1"
om_1          | 2019-10-18 05:22:55,167 [IPC Server handler 8 on 9862] INFO       - created volume:vol-2-74449 for user:hadoop
datanode_2    | 2019-10-18 05:22:32,424 INFO impl.RaftServerImpl: 6a6d0587-34b7-4cea-8295-cf9c6a1099a8@group-82C009E46EBA: changes role from CANDIDATE to LEADER at term 1 for changeToLeader
freon_1       | 2019-10-18 05:22:55,493 [pool-2-thread-3] INFO       - Creating Bucket: vol-8-43184/bucket-7-93149, with Versioning false and Storage Type set to DISK and Encryption set to false 
datanode_1    | 2019-10-18 05:22:33,099 INFO server.RaftServerConfigKeys: raft.server.watch.element-limit = 65536 (default)
scm_1         | 2019-10-18 05:22:32,110 INFO node.SCMNodeManager: Registered Data node : 4a6a8990-2928-4d16-84d3-1479e4532ff6{ip: 172.18.0.5, host: ozoneperf_datanode_3.ozoneperf_default, networkLocation: /default-rack, certSerialId: null}
datanode_3    | 2019-10-18 05:22:33,537 INFO impl.RoleInfo: 4a6a8990-2928-4d16-84d3-1479e4532ff6: shutdown FollowerState
om_1          | 2019-10-18 05:22:55,191 [IPC Server handler 13 on 9862] INFO       - created volume:vol-9-26049 for user:hadoop
datanode_2    | 2019-10-18 05:22:32,424 INFO impl.RaftServerImpl: 6a6d0587-34b7-4cea-8295-cf9c6a1099a8@group-82C009E46EBA: change Leader from null to 6a6d0587-34b7-4cea-8295-cf9c6a1099a8 at term 1 for becomeLeader, leader elected after 247ms
datanode_1    | 2019-10-18 05:22:33,112 INFO impl.RoleInfo: 5773c626-0703-481a-9385-ab58b216553f: start LeaderState
freon_1       | 2019-10-18 05:22:55,494 [pool-2-thread-6] INFO       - Creating Bucket: vol-9-26049/bucket-7-09941, with Versioning false and Storage Type set to DISK and Encryption set to false 
grafana_1     | t=2019-10-18T05:22:26+0000 lvl=info msg="Executing migration" logger=migrator id="Rename table data_source to data_source_v1 - v1"
scm_1         | 2019-10-18 05:22:32,413 INFO pipeline.PipelineStateManager: Created pipeline Pipeline[ Id: 26d0cb4a-68b3-4de5-a169-82c009e46eba, Nodes: 6a6d0587-34b7-4cea-8295-cf9c6a1099a8{ip: 172.18.0.3, host: ozoneperf_datanode_2.ozoneperf_default, networkLocation: /default-rack, certSerialId: null}, Type:RATIS, Factor:ONE, State:OPEN]
datanode_3    | 2019-10-18 05:22:33,538 INFO impl.RaftServerImpl: 4a6a8990-2928-4d16-84d3-1479e4532ff6@group-E112C99AF20F: changes role from  FOLLOWER to CANDIDATE at term 0 for changeToCandidate
om_1          | 2019-10-18 05:22:55,192 [IPC Server handler 9 on 9862] INFO       - created volume:vol-4-31277 for user:hadoop
datanode_2    | 2019-10-18 05:22:32,428 INFO server.RaftServerConfigKeys: raft.server.staging.catchup.gap = 1000 (default)
datanode_1    | 2019-10-18 05:22:33,135 INFO segmented.SegmentedRaftLogWorker: 5773c626-0703-481a-9385-ab58b216553f@group-5D361651E7B5-SegmentedRaftLogWorker: Starting segment from index:0
freon_1       | 2019-10-18 05:22:55,494 [pool-2-thread-4] INFO       - Creating Bucket: vol-0-04957/bucket-8-35034, with Versioning false and Storage Type set to DISK and Encryption set to false 
grafana_1     | t=2019-10-18T05:22:26+0000 lvl=info msg="Executing migration" logger=migrator id="create data_source table v2"
scm_1         | 2019-10-18 05:22:32,960 INFO pipeline.PipelineStateManager: Created pipeline Pipeline[ Id: 08226dc5-c4c0-4fe1-a046-5d361651e7b5, Nodes: 5773c626-0703-481a-9385-ab58b216553f{ip: 172.18.0.8, host: ozoneperf_datanode_1.ozoneperf_default, networkLocation: /default-rack, certSerialId: null}, Type:RATIS, Factor:ONE, State:OPEN]
datanode_3    | 2019-10-18 05:22:33,541 INFO impl.RoleInfo: 4a6a8990-2928-4d16-84d3-1479e4532ff6: start LeaderElection
om_1          | 2019-10-18 05:22:55,197 [IPC Server handler 7 on 9862] INFO       - created volume:vol-3-96443 for user:hadoop
datanode_2    | 2019-10-18 05:22:32,429 INFO server.RaftServerConfigKeys: raft.server.rpc.sleep.time = 25ms (default)
datanode_1    | 2019-10-18 05:22:33,144 INFO impl.RaftServerImpl: 5773c626-0703-481a-9385-ab58b216553f@group-5D361651E7B5: set configuration 0: [5773c626-0703-481a-9385-ab58b216553f:172.18.0.8:9858], old=null at 0
freon_1       | 2019-10-18 05:22:55,495 [pool-2-thread-9] INFO       - Creating Bucket: vol-1-22182/bucket-8-18619, with Versioning false and Storage Type set to DISK and Encryption set to false 
grafana_1     | t=2019-10-18T05:22:26+0000 lvl=info msg="Executing migration" logger=migrator id="create index IDX_data_source_org_id - v2"
scm_1         | 2019-10-18 05:22:33,548 INFO pipeline.PipelineStateManager: Created pipeline Pipeline[ Id: 17bf1588-69e5-478b-a284-e112c99af20f, Nodes: 4a6a8990-2928-4d16-84d3-1479e4532ff6{ip: 172.18.0.5, host: ozoneperf_datanode_3.ozoneperf_default, networkLocation: /default-rack, certSerialId: null}, Type:RATIS, Factor:ONE, State:OPEN]
datanode_3    | 2019-10-18 05:22:33,592 INFO impl.LeaderElection: 4a6a8990-2928-4d16-84d3-1479e4532ff6@group-E112C99AF20F-LeaderElection1: begin an election at term 1 for -1: [4a6a8990-2928-4d16-84d3-1479e4532ff6:172.18.0.5:9858], old=null
om_1          | 2019-10-18 05:22:55,197 [IPC Server handler 6 on 9862] INFO       - created volume:vol-5-06123 for user:hadoop
datanode_2    | 2019-10-18 05:22:32,433 INFO server.RaftServerConfigKeys: raft.server.write.element-limit = 4096 (default)
datanode_1    | 2019-10-18 05:22:33,264 INFO segmented.SegmentedRaftLogWorker: 5773c626-0703-481a-9385-ab58b216553f@group-5D361651E7B5-SegmentedRaftLogWorker: created new log segment /data/metadata/ratis/08226dc5-c4c0-4fe1-a046-5d361651e7b5/current/log_inprogress_0
grafana_1     | t=2019-10-18T05:22:26+0000 lvl=info msg="Executing migration" logger=migrator id="create index UQE_data_source_org_id_name - v2"
scm_1         | 2019-10-18 05:22:33,740 INFO pipeline.PipelineStateManager: Created pipeline Pipeline[ Id: 059e2de7-c16f-46d0-bd54-3e562f800bd7, Nodes: 6a6d0587-34b7-4cea-8295-cf9c6a1099a8{ip: 172.18.0.3, host: ozoneperf_datanode_2.ozoneperf_default, networkLocation: /default-rack, certSerialId: null}5773c626-0703-481a-9385-ab58b216553f{ip: 172.18.0.8, host: ozoneperf_datanode_1.ozoneperf_default, networkLocation: /default-rack, certSerialId: null}4a6a8990-2928-4d16-84d3-1479e4532ff6{ip: 172.18.0.5, host: ozoneperf_datanode_3.ozoneperf_default, networkLocation: /default-rack, certSerialId: null}, Type:RATIS, Factor:THREE, State:OPEN]
datanode_3    | 2019-10-18 05:22:33,596 INFO impl.RoleInfo: 4a6a8990-2928-4d16-84d3-1479e4532ff6: shutdown LeaderElection
freon_1       | 2019-10-18 05:22:55,497 [pool-2-thread-8] INFO       - Creating Bucket: vol-2-74449/bucket-8-91131, with Versioning false and Storage Type set to DISK and Encryption set to false 
datanode_2    | 2019-10-18 05:22:32,436 INFO server.RaftServerConfigKeys: raft.server.watch.timeout = 10s (default)
datanode_1    | 2019-10-18 05:22:33,628 INFO impl.RaftServerProxy: 5773c626-0703-481a-9385-ab58b216553f: addNew group-3E562F800BD7:[6a6d0587-34b7-4cea-8295-cf9c6a1099a8:172.18.0.3:9858, 4a6a8990-2928-4d16-84d3-1479e4532ff6:172.18.0.5:9858, 5773c626-0703-481a-9385-ab58b216553f:172.18.0.8:9858] returns group-3E562F800BD7:java.util.concurrent.CompletableFuture@640ab95d[Not completed]
datanode_1    | 2019-10-18 05:22:33,631 INFO impl.RaftServerImpl: 5773c626-0703-481a-9385-ab58b216553f: new RaftServerImpl for group-3E562F800BD7:[6a6d0587-34b7-4cea-8295-cf9c6a1099a8:172.18.0.3:9858, 4a6a8990-2928-4d16-84d3-1479e4532ff6:172.18.0.5:9858, 5773c626-0703-481a-9385-ab58b216553f:172.18.0.8:9858] with ContainerStateMachine:uninitialized
scm_1         | 2019-10-18 05:22:48,917 INFO server.SCMBlockProtocolServer: Allocating 1 blocks of size 268435456, with ExcludeList {datanodes = [], containerIds = [], pipelineIds = []}
datanode_3    | 2019-10-18 05:22:33,597 INFO impl.RaftServerImpl: 4a6a8990-2928-4d16-84d3-1479e4532ff6@group-E112C99AF20F: changes role from CANDIDATE to LEADER at term 1 for changeToLeader
freon_1       | 2019-10-18 05:22:55,497 [pool-2-thread-10] INFO       - Creating Bucket: vol-3-96443/bucket-8-41589, with Versioning false and Storage Type set to DISK and Encryption set to false 
datanode_2    | 2019-10-18 05:22:32,436 INFO server.RaftServerConfigKeys: raft.server.watch.timeout.denomination = 1s (default)
grafana_1     | t=2019-10-18T05:22:26+0000 lvl=info msg="Executing migration" logger=migrator id="copy data_source v1 to v2"
datanode_1    | 2019-10-18 05:22:33,632 INFO server.RaftServerConfigKeys: raft.server.rpc.timeout.min = 5s (custom)
scm_1         | 2019-10-18 05:22:48,921 INFO pipeline.PipelineStateManager: Created pipeline Pipeline[ Id: 3dfcb736-f5af-4c4c-ba69-2c82153a2910, Nodes: 5773c626-0703-481a-9385-ab58b216553f{ip: 172.18.0.8, host: ozoneperf_datanode_1.ozoneperf_default, networkLocation: /default-rack, certSerialId: null}, Type:STAND_ALONE, Factor:ONE, State:OPEN]
datanode_3    | 2019-10-18 05:22:33,597 INFO impl.RaftServerImpl: 4a6a8990-2928-4d16-84d3-1479e4532ff6@group-E112C99AF20F: change Leader from null to 4a6a8990-2928-4d16-84d3-1479e4532ff6 at term 1 for becomeLeader, leader elected after 237ms
freon_1       | 2019-10-18 05:22:55,498 [pool-2-thread-1] INFO       - Creating Bucket: vol-4-31277/bucket-8-37538, with Versioning false and Storage Type set to DISK and Encryption set to false 
datanode_2    | 2019-10-18 05:22:32,437 INFO server.RaftServerConfigKeys: raft.server.watch.element-limit = 65536 (default)
grafana_1     | t=2019-10-18T05:22:26+0000 lvl=info msg="Executing migration" logger=migrator id="Drop old table data_source_v1 #2"
datanode_1    | 2019-10-18 05:22:33,633 INFO server.RaftServerConfigKeys: raft.server.rpc.timeout.max = 5200ms (custom)
scm_1         | 2019-10-18 05:22:50,602 INFO server.SCMBlockProtocolServer: Allocating 1 blocks of size 268435456, with ExcludeList {datanodes = [], containerIds = [], pipelineIds = []}
datanode_3    | 2019-10-18 05:22:33,601 INFO server.RaftServerConfigKeys: raft.server.staging.catchup.gap = 1000 (default)
freon_1       | 2019-10-18 05:22:55,499 [pool-2-thread-5] INFO       - Creating Bucket: vol-5-06123/bucket-8-79862, with Versioning false and Storage Type set to DISK and Encryption set to false 
datanode_2    | 2019-10-18 05:22:32,452 INFO impl.RoleInfo: 6a6d0587-34b7-4cea-8295-cf9c6a1099a8: start LeaderState
grafana_1     | t=2019-10-18T05:22:26+0000 lvl=info msg="Executing migration" logger=migrator id="Add column with_credentials"
grafana_1     | t=2019-10-18T05:22:27+0000 lvl=info msg="Executing migration" logger=migrator id="Add secure json data column"
scm_1         | 2019-10-18 05:22:50,898 INFO server.SCMBlockProtocolServer: Allocating 1 blocks of size 268435456, with ExcludeList {datanodes = [], containerIds = [], pipelineIds = []}
datanode_3    | 2019-10-18 05:22:33,601 INFO server.RaftServerConfigKeys: raft.server.rpc.sleep.time = 25ms (default)
freon_1       | 2019-10-18 05:22:55,501 [pool-2-thread-2] INFO       - Creating Bucket: vol-6-82012/bucket-8-39973, with Versioning false and Storage Type set to DISK and Encryption set to false 
freon_1       | 2019-10-18 05:22:55,502 [pool-2-thread-3] INFO       - Creating Bucket: vol-7-34525/bucket-8-84874, with Versioning false and Storage Type set to DISK and Encryption set to false 
grafana_1     | t=2019-10-18T05:22:27+0000 lvl=info msg="Executing migration" logger=migrator id="Update data_source table charset"
grafana_1     | t=2019-10-18T05:22:27+0000 lvl=info msg="Executing migration" logger=migrator id="Update initial version to 1"
scm_1         | 2019-10-18 05:22:51,261 INFO server.SCMBlockProtocolServer: Allocating 1 blocks of size 268435456, with ExcludeList {datanodes = [], containerIds = [], pipelineIds = []}
datanode_3    | 2019-10-18 05:22:33,604 INFO server.RaftServerConfigKeys: raft.server.write.element-limit = 4096 (default)
freon_1       | 2019-10-18 05:22:55,503 [pool-2-thread-7] INFO       - Creating Bucket: vol-8-43184/bucket-8-02690, with Versioning false and Storage Type set to DISK and Encryption set to false 
datanode_2    | 2019-10-18 05:22:32,467 INFO segmented.SegmentedRaftLogWorker: 6a6d0587-34b7-4cea-8295-cf9c6a1099a8@group-82C009E46EBA-SegmentedRaftLogWorker: Starting segment from index:0
grafana_1     | t=2019-10-18T05:22:27+0000 lvl=info msg="Executing migration" logger=migrator id="Add read_only data column"
grafana_1     | t=2019-10-18T05:22:27+0000 lvl=info msg="Executing migration" logger=migrator id="Migrate logging ds to loki ds"
scm_1         | 2019-10-18 05:22:51,314 INFO server.SCMBlockProtocolServer: Allocating 1 blocks of size 268435456, with ExcludeList {datanodes = [], containerIds = [], pipelineIds = []}
datanode_3    | 2019-10-18 05:22:33,607 INFO server.RaftServerConfigKeys: raft.server.watch.timeout = 10s (default)
freon_1       | 2019-10-18 05:22:55,505 [pool-2-thread-6] INFO       - Creating Bucket: vol-9-26049/bucket-8-07076, with Versioning false and Storage Type set to DISK and Encryption set to false 
datanode_2    | 2019-10-18 05:22:32,474 INFO impl.RaftServerImpl: 6a6d0587-34b7-4cea-8295-cf9c6a1099a8@group-82C009E46EBA: set configuration 0: [6a6d0587-34b7-4cea-8295-cf9c6a1099a8:172.18.0.3:9858], old=null at 0
grafana_1     | t=2019-10-18T05:22:27+0000 lvl=info msg="Executing migration" logger=migrator id="Update json_data with nulls"
grafana_1     | t=2019-10-18T05:22:27+0000 lvl=info msg="Executing migration" logger=migrator id="create api_key table"
scm_1         | 2019-10-18 05:22:51,379 INFO server.SCMBlockProtocolServer: Allocating 1 blocks of size 268435456, with ExcludeList {datanodes = [], containerIds = [], pipelineIds = []}
datanode_3    | 2019-10-18 05:22:33,607 INFO server.RaftServerConfigKeys: raft.server.watch.timeout.denomination = 1s (default)
freon_1       | 2019-10-18 05:22:55,509 [pool-2-thread-4] INFO       - Creating Bucket: vol-0-04957/bucket-9-75198, with Versioning false and Storage Type set to DISK and Encryption set to false 
datanode_2    | 2019-10-18 05:22:32,643 INFO segmented.SegmentedRaftLogWorker: 6a6d0587-34b7-4cea-8295-cf9c6a1099a8@group-82C009E46EBA-SegmentedRaftLogWorker: created new log segment /data/metadata/ratis/26d0cb4a-68b3-4de5-a169-82c009e46eba/current/log_inprogress_0
grafana_1     | t=2019-10-18T05:22:27+0000 lvl=info msg="Executing migration" logger=migrator id="add index api_key.account_id"
grafana_1     | t=2019-10-18T05:22:27+0000 lvl=info msg="Executing migration" logger=migrator id="add index api_key.key"
scm_1         | 2019-10-18 05:22:51,433 INFO server.SCMBlockProtocolServer: Allocating 1 blocks of size 268435456, with ExcludeList {datanodes = [], containerIds = [], pipelineIds = []}
datanode_3    | 2019-10-18 05:22:33,608 INFO server.RaftServerConfigKeys: raft.server.watch.element-limit = 65536 (default)
freon_1       | 2019-10-18 05:22:55,509 [pool-2-thread-9] INFO       - Creating Bucket: vol-1-22182/bucket-9-42494, with Versioning false and Storage Type set to DISK and Encryption set to false 
datanode_2    | 2019-10-18 05:22:33,606 INFO impl.RaftServerProxy: 6a6d0587-34b7-4cea-8295-cf9c6a1099a8: addNew group-3E562F800BD7:[6a6d0587-34b7-4cea-8295-cf9c6a1099a8:172.18.0.3:9858, 4a6a8990-2928-4d16-84d3-1479e4532ff6:172.18.0.5:9858, 5773c626-0703-481a-9385-ab58b216553f:172.18.0.8:9858] returns group-3E562F800BD7:java.util.concurrent.CompletableFuture@61e1a03f[Not completed]
datanode_1    | 2019-10-18 05:22:33,633 INFO server.RaftServerConfigKeys: raft.server.rpcslowness.timeout = 120s (custom)
grafana_1     | t=2019-10-18T05:22:27+0000 lvl=info msg="Executing migration" logger=migrator id="add index api_key.account_id_name"
scm_1         | 2019-10-18 05:22:51,472 INFO server.SCMBlockProtocolServer: Allocating 1 blocks of size 268435456, with ExcludeList {datanodes = [], containerIds = [], pipelineIds = []}
datanode_3    | 2019-10-18 05:22:33,620 INFO impl.RoleInfo: 4a6a8990-2928-4d16-84d3-1479e4532ff6: start LeaderState
freon_1       | 2019-10-18 05:22:55,510 [pool-2-thread-5] INFO       - Creating Bucket: vol-2-74449/bucket-9-06578, with Versioning false and Storage Type set to DISK and Encryption set to false 
datanode_1    | 2019-10-18 05:22:33,633 INFO server.RaftServerConfigKeys: raft.server.sleep.deviation.threshold = 300 (default)
grafana_1     | t=2019-10-18T05:22:27+0000 lvl=info msg="Executing migration" logger=migrator id="drop index IDX_api_key_account_id - v1"
datanode_3    | 2019-10-18 05:22:33,625 INFO impl.RaftServerProxy: 4a6a8990-2928-4d16-84d3-1479e4532ff6: addNew group-3E562F800BD7:[6a6d0587-34b7-4cea-8295-cf9c6a1099a8:172.18.0.3:9858, 4a6a8990-2928-4d16-84d3-1479e4532ff6:172.18.0.5:9858, 5773c626-0703-481a-9385-ab58b216553f:172.18.0.8:9858] returns group-3E562F800BD7:java.util.concurrent.CompletableFuture@1de754cc[Not completed]
scm_1         | 2019-10-18 05:22:51,520 INFO server.SCMBlockProtocolServer: Allocating 1 blocks of size 268435456, with ExcludeList {datanodes = [], containerIds = [], pipelineIds = []}
datanode_2    | 2019-10-18 05:22:33,610 INFO impl.RaftServerImpl: 6a6d0587-34b7-4cea-8295-cf9c6a1099a8: new RaftServerImpl for group-3E562F800BD7:[6a6d0587-34b7-4cea-8295-cf9c6a1099a8:172.18.0.3:9858, 4a6a8990-2928-4d16-84d3-1479e4532ff6:172.18.0.5:9858, 5773c626-0703-481a-9385-ab58b216553f:172.18.0.8:9858] with ContainerStateMachine:uninitialized
freon_1       | 2019-10-18 05:22:55,510 [pool-2-thread-1] INFO       - Creating Bucket: vol-3-96443/bucket-9-59768, with Versioning false and Storage Type set to DISK and Encryption set to false 
datanode_1    | 2019-10-18 05:22:33,633 INFO server.RaftServerConfigKeys: raft.server.log.appender.install.snapshot.enabled = false (custom)
grafana_1     | t=2019-10-18T05:22:27+0000 lvl=info msg="Executing migration" logger=migrator id="drop index UQE_api_key_key - v1"
datanode_3    | 2019-10-18 05:22:33,629 INFO impl.RaftServerImpl: 4a6a8990-2928-4d16-84d3-1479e4532ff6: new RaftServerImpl for group-3E562F800BD7:[6a6d0587-34b7-4cea-8295-cf9c6a1099a8:172.18.0.3:9858, 4a6a8990-2928-4d16-84d3-1479e4532ff6:172.18.0.5:9858, 5773c626-0703-481a-9385-ab58b216553f:172.18.0.8:9858] with ContainerStateMachine:uninitialized
scm_1         | 2019-10-18 05:22:51,570 INFO server.SCMBlockProtocolServer: Allocating 1 blocks of size 268435456, with ExcludeList {datanodes = [], containerIds = [], pipelineIds = []}
freon_1       | 2019-10-18 05:22:55,511 [pool-2-thread-8] INFO       - Creating Bucket: vol-4-31277/bucket-9-24560, with Versioning false and Storage Type set to DISK and Encryption set to false 
grafana_1     | t=2019-10-18T05:22:27+0000 lvl=info msg="Executing migration" logger=migrator id="drop index UQE_api_key_account_id_name - v1"
datanode_3    | 2019-10-18 05:22:33,629 INFO server.RaftServerConfigKeys: raft.server.rpc.timeout.min = 5s (custom)
freon_1       | 2019-10-18 05:22:55,512 [pool-2-thread-3] INFO       - Creating Bucket: vol-6-82012/bucket-9-70764, with Versioning false and Storage Type set to DISK and Encryption set to false 
datanode_2    | 2019-10-18 05:22:33,610 INFO server.RaftServerConfigKeys: raft.server.rpc.timeout.min = 5s (custom)
scm_1         | 2019-10-18 05:22:51,629 INFO server.SCMBlockProtocolServer: Allocating 1 blocks of size 268435456, with ExcludeList {datanodes = [], containerIds = [], pipelineIds = []}
datanode_1    | 2019-10-18 05:22:33,633 INFO impl.RaftServerImpl: 5773c626-0703-481a-9385-ab58b216553f@group-3E562F800BD7: ConfigurationManager, init=-1: [6a6d0587-34b7-4cea-8295-cf9c6a1099a8:172.18.0.3:9858, 4a6a8990-2928-4d16-84d3-1479e4532ff6:172.18.0.5:9858, 5773c626-0703-481a-9385-ab58b216553f:172.18.0.8:9858], old=null, confs=<EMPTY_MAP>
grafana_1     | t=2019-10-18T05:22:27+0000 lvl=info msg="Executing migration" logger=migrator id="Rename table api_key to api_key_v1 - v1"
datanode_3    | 2019-10-18 05:22:33,629 INFO server.RaftServerConfigKeys: raft.server.rpc.timeout.max = 5200ms (custom)
freon_1       | 2019-10-18 05:22:55,512 [pool-2-thread-2] INFO       - Creating Bucket: vol-7-34525/bucket-9-08196, with Versioning false and Storage Type set to DISK and Encryption set to false 
datanode_2    | 2019-10-18 05:22:33,610 INFO server.RaftServerConfigKeys: raft.server.rpc.timeout.max = 5200ms (custom)
scm_1         | 2019-10-18 05:22:51,675 INFO server.SCMBlockProtocolServer: Allocating 1 blocks of size 268435456, with ExcludeList {datanodes = [], containerIds = [], pipelineIds = []}
grafana_1     | t=2019-10-18T05:22:27+0000 lvl=info msg="Executing migration" logger=migrator id="create api_key table v2"
datanode_3    | 2019-10-18 05:22:33,630 INFO server.RaftServerConfigKeys: raft.server.rpcslowness.timeout = 120s (custom)
datanode_1    | 2019-10-18 05:22:33,633 INFO server.RaftServerConfigKeys: raft.server.storage.dir = [/data/metadata/ratis] (custom)
freon_1       | 2019-10-18 05:22:55,512 [pool-2-thread-7] INFO       - Creating Bucket: vol-8-43184/bucket-9-50671, with Versioning false and Storage Type set to DISK and Encryption set to false 
datanode_2    | 2019-10-18 05:22:33,610 INFO server.RaftServerConfigKeys: raft.server.rpcslowness.timeout = 120s (custom)
scm_1         | 2019-10-18 05:22:51,711 INFO server.SCMBlockProtocolServer: Allocating 1 blocks of size 268435456, with ExcludeList {datanodes = [], containerIds = [], pipelineIds = []}
grafana_1     | t=2019-10-18T05:22:27+0000 lvl=info msg="Executing migration" logger=migrator id="create index IDX_api_key_org_id - v2"
datanode_3    | 2019-10-18 05:22:33,630 INFO server.RaftServerConfigKeys: raft.server.sleep.deviation.threshold = 300 (default)
datanode_1    | 2019-10-18 05:22:33,634 INFO server.RaftServerConfigKeys: raft.server.log.corruption.policy = EXCEPTION (default)
freon_1       | 2019-10-18 05:22:55,512 [pool-2-thread-10] INFO       - Creating Bucket: vol-5-06123/bucket-9-18117, with Versioning false and Storage Type set to DISK and Encryption set to false 
scm_1         | 2019-10-18 05:22:51,747 INFO server.SCMBlockProtocolServer: Allocating 1 blocks of size 268435456, with ExcludeList {datanodes = [], containerIds = [], pipelineIds = []}
datanode_2    | 2019-10-18 05:22:33,610 INFO server.RaftServerConfigKeys: raft.server.sleep.deviation.threshold = 300 (default)
grafana_1     | t=2019-10-18T05:22:28+0000 lvl=info msg="Executing migration" logger=migrator id="create index UQE_api_key_key - v2"
datanode_3    | 2019-10-18 05:22:33,630 INFO server.RaftServerConfigKeys: raft.server.log.appender.install.snapshot.enabled = false (custom)
datanode_1    | 2019-10-18 05:22:33,634 INFO storage.RaftStorageDirectory: The storage directory /data/metadata/ratis/059e2de7-c16f-46d0-bd54-3e562f800bd7 does not exist. Creating ...
freon_1       | 2019-10-18 05:22:55,526 [pool-2-thread-6] INFO       - Creating Bucket: vol-9-26049/bucket-9-27577, with Versioning false and Storage Type set to DISK and Encryption set to false 
scm_1         | 2019-10-18 05:22:51,793 INFO server.SCMBlockProtocolServer: Allocating 1 blocks of size 268435456, with ExcludeList {datanodes = [], containerIds = [], pipelineIds = []}
datanode_2    | 2019-10-18 05:22:33,610 INFO server.RaftServerConfigKeys: raft.server.log.appender.install.snapshot.enabled = false (custom)
grafana_1     | t=2019-10-18T05:22:28+0000 lvl=info msg="Executing migration" logger=migrator id="create index UQE_api_key_org_id_name - v2"
datanode_3    | 2019-10-18 05:22:33,630 INFO impl.RaftServerImpl: 4a6a8990-2928-4d16-84d3-1479e4532ff6@group-3E562F800BD7: ConfigurationManager, init=-1: [6a6d0587-34b7-4cea-8295-cf9c6a1099a8:172.18.0.3:9858, 4a6a8990-2928-4d16-84d3-1479e4532ff6:172.18.0.5:9858, 5773c626-0703-481a-9385-ab58b216553f:172.18.0.8:9858], old=null, confs=<EMPTY_MAP>
datanode_1    | 2019-10-18 05:22:33,694 INFO storage.RaftStorageDirectory: Lock on /data/metadata/ratis/059e2de7-c16f-46d0-bd54-3e562f800bd7/in_use.lock acquired by nodename 7@b21c11c8ddab
freon_1       | 2019-10-18 05:22:55,541 [pool-2-thread-2] INFO       - Creating Bucket: vol-0-04957/bucket-10-00136, with Versioning false and Storage Type set to DISK and Encryption set to false 
scm_1         | 2019-10-18 05:22:51,839 INFO server.SCMBlockProtocolServer: Allocating 1 blocks of size 268435456, with ExcludeList {datanodes = [], containerIds = [], pipelineIds = []}
datanode_2    | 2019-10-18 05:22:33,611 INFO impl.RaftServerImpl: 6a6d0587-34b7-4cea-8295-cf9c6a1099a8@group-3E562F800BD7: ConfigurationManager, init=-1: [6a6d0587-34b7-4cea-8295-cf9c6a1099a8:172.18.0.3:9858, 4a6a8990-2928-4d16-84d3-1479e4532ff6:172.18.0.5:9858, 5773c626-0703-481a-9385-ab58b216553f:172.18.0.8:9858], old=null, confs=<EMPTY_MAP>
grafana_1     | t=2019-10-18T05:22:28+0000 lvl=info msg="Executing migration" logger=migrator id="copy api_key v1 to v2"
datanode_1    | 2019-10-18 05:22:33,713 INFO storage.RaftStorage: Storage directory /data/metadata/ratis/059e2de7-c16f-46d0-bd54-3e562f800bd7 has been successfully formatted.
datanode_1    | 2019-10-18 05:22:33,716 [pool-8-thread-1] INFO       - group-3E562F800BD7: The snapshot info is null. Setting the last applied indexto:(t:0, i:~)
freon_1       | 2019-10-18 05:22:55,542 [pool-2-thread-9] INFO       - Creating Bucket: vol-1-22182/bucket-10-23298, with Versioning false and Storage Type set to DISK and Encryption set to false 
scm_1         | 2019-10-18 05:22:51,885 INFO server.SCMBlockProtocolServer: Allocating 1 blocks of size 268435456, with ExcludeList {datanodes = [], containerIds = [], pipelineIds = []}
datanode_2    | 2019-10-18 05:22:33,611 INFO server.RaftServerConfigKeys: raft.server.storage.dir = [/data/metadata/ratis] (custom)
grafana_1     | t=2019-10-18T05:22:28+0000 lvl=info msg="Executing migration" logger=migrator id="Drop old table api_key_v1"
datanode_3    | 2019-10-18 05:22:33,630 INFO server.RaftServerConfigKeys: raft.server.storage.dir = [/data/metadata/ratis] (custom)
scm_1         | 2019-10-18 05:22:51,923 INFO server.SCMBlockProtocolServer: Allocating 1 blocks of size 268435456, with ExcludeList {datanodes = [], containerIds = [], pipelineIds = []}
scm_1         | 2019-10-18 05:22:51,971 INFO server.SCMBlockProtocolServer: Allocating 1 blocks of size 268435456, with ExcludeList {datanodes = [], containerIds = [], pipelineIds = []}
datanode_1    | 2019-10-18 05:22:33,717 INFO server.RaftServerConfigKeys: raft.server.notification.no-leader.timeout = 120s (custom)
datanode_2    | 2019-10-18 05:22:33,611 INFO server.RaftServerConfigKeys: raft.server.log.corruption.policy = EXCEPTION (default)
scm_1         | 2019-10-18 05:22:52,012 INFO server.SCMBlockProtocolServer: Allocating 1 blocks of size 268435456, with ExcludeList {datanodes = [], containerIds = [], pipelineIds = []}
scm_1         | 2019-10-18 05:22:52,053 INFO server.SCMBlockProtocolServer: Allocating 1 blocks of size 268435456, with ExcludeList {datanodes = [], containerIds = [], pipelineIds = []}
grafana_1     | t=2019-10-18T05:22:28+0000 lvl=info msg="Executing migration" logger=migrator id="Update api_key table charset"
datanode_1    | 2019-10-18 05:22:33,718 INFO server.RaftServerConfigKeys: raft.server.log.use.memory = false (default)
datanode_3    | 2019-10-18 05:22:33,630 INFO server.RaftServerConfigKeys: raft.server.log.corruption.policy = EXCEPTION (default)
datanode_2    | 2019-10-18 05:22:33,611 INFO storage.RaftStorageDirectory: The storage directory /data/metadata/ratis/059e2de7-c16f-46d0-bd54-3e562f800bd7 does not exist. Creating ...
scm_1         | 2019-10-18 05:22:52,091 INFO server.SCMBlockProtocolServer: Allocating 1 blocks of size 268435456, with ExcludeList {datanodes = [], containerIds = [], pipelineIds = []}
freon_1       | 2019-10-18 05:22:55,543 [pool-2-thread-4] INFO       - Creating Bucket: vol-2-74449/bucket-10-10639, with Versioning false and Storage Type set to DISK and Encryption set to false 
datanode_1    | 2019-10-18 05:22:33,718 INFO server.RaftServerConfigKeys: raft.server.log.purge.gap = 1000000 (custom)
datanode_3    | 2019-10-18 05:22:33,630 INFO storage.RaftStorageDirectory: The storage directory /data/metadata/ratis/059e2de7-c16f-46d0-bd54-3e562f800bd7 does not exist. Creating ...
grafana_1     | t=2019-10-18T05:22:28+0000 lvl=info msg="Executing migration" logger=migrator id="Add expires to api_key table"
datanode_2    | 2019-10-18 05:22:33,629 INFO storage.RaftStorageDirectory: Lock on /data/metadata/ratis/059e2de7-c16f-46d0-bd54-3e562f800bd7/in_use.lock acquired by nodename 7@5723b2d3f557
datanode_1    | 2019-10-18 05:22:33,718 INFO server.RaftServerConfigKeys: raft.server.log.appender.buffer.byte-limit = 33554432 (custom)
freon_1       | 2019-10-18 05:22:55,544 [pool-2-thread-8] INFO       - Creating Bucket: vol-3-96443/bucket-10-41784, with Versioning false and Storage Type set to DISK and Encryption set to false 
grafana_1     | t=2019-10-18T05:22:28+0000 lvl=info msg="Executing migration" logger=migrator id="create dashboard_snapshot table v4"
scm_1         | 2019-10-18 05:22:52,126 INFO server.SCMBlockProtocolServer: Allocating 1 blocks of size 268435456, with ExcludeList {datanodes = [], containerIds = [], pipelineIds = []}
datanode_3    | 2019-10-18 05:22:33,641 INFO segmented.SegmentedRaftLogWorker: 4a6a8990-2928-4d16-84d3-1479e4532ff6@group-E112C99AF20F-SegmentedRaftLogWorker: Starting segment from index:0
datanode_2    | 2019-10-18 05:22:33,696 INFO storage.RaftStorage: Storage directory /data/metadata/ratis/059e2de7-c16f-46d0-bd54-3e562f800bd7 has been successfully formatted.
freon_1       | 2019-10-18 05:22:55,545 [pool-2-thread-5] INFO       - Creating Bucket: vol-4-31277/bucket-10-89759, with Versioning false and Storage Type set to DISK and Encryption set to false 
grafana_1     | t=2019-10-18T05:22:28+0000 lvl=info msg="Executing migration" logger=migrator id="drop table dashboard_snapshot_v4 #1"
grafana_1     | t=2019-10-18T05:22:28+0000 lvl=info msg="Executing migration" logger=migrator id="create dashboard_snapshot table v5 #2"
datanode_1    | 2019-10-18 05:22:33,718 INFO server.RaftServerConfigKeys: raft.server.log.segment.size.max = 1048576 (custom)
scm_1         | 2019-10-18 05:22:52,172 INFO server.SCMBlockProtocolServer: Allocating 1 blocks of size 268435456, with ExcludeList {datanodes = [], containerIds = [], pipelineIds = []}
datanode_2    | 2019-10-18 05:22:33,697 [pool-8-thread-1] INFO       - group-3E562F800BD7: The snapshot info is null. Setting the last applied indexto:(t:0, i:~)
freon_1       | 2019-10-18 05:22:55,558 [pool-2-thread-7] INFO       - Creating Bucket: vol-5-06123/bucket-10-11094, with Versioning false and Storage Type set to DISK and Encryption set to false 
datanode_3    | 2019-10-18 05:22:33,650 INFO impl.RaftServerImpl: 4a6a8990-2928-4d16-84d3-1479e4532ff6@group-E112C99AF20F: set configuration 0: [4a6a8990-2928-4d16-84d3-1479e4532ff6:172.18.0.5:9858], old=null at 0
grafana_1     | t=2019-10-18T05:22:28+0000 lvl=info msg="Executing migration" logger=migrator id="create index UQE_dashboard_snapshot_key - v5"
datanode_1    | 2019-10-18 05:22:33,719 INFO server.RaftServerConfigKeys: raft.server.log.segment.cache.num.max = 2 (custom)
scm_1         | 2019-10-18 05:22:52,216 INFO server.SCMBlockProtocolServer: Allocating 1 blocks of size 268435456, with ExcludeList {datanodes = [], containerIds = [], pipelineIds = []}
datanode_2    | 2019-10-18 05:22:33,697 INFO server.RaftServerConfigKeys: raft.server.notification.no-leader.timeout = 120s (custom)
freon_1       | 2019-10-18 05:22:55,559 [pool-2-thread-6] INFO       - Creating Bucket: vol-6-82012/bucket-10-48342, with Versioning false and Storage Type set to DISK and Encryption set to false 
datanode_3    | 2019-10-18 05:22:33,694 INFO storage.RaftStorageDirectory: Lock on /data/metadata/ratis/059e2de7-c16f-46d0-bd54-3e562f800bd7/in_use.lock acquired by nodename 8@97f09752aee1
grafana_1     | t=2019-10-18T05:22:28+0000 lvl=info msg="Executing migration" logger=migrator id="create index UQE_dashboard_snapshot_delete_key - v5"
datanode_1    | 2019-10-18 05:22:33,719 INFO segmented.SegmentedRaftLogWorker: new 5773c626-0703-481a-9385-ab58b216553f@group-3E562F800BD7-SegmentedRaftLogWorker for RaftStorage:Storage Directory /data/metadata/ratis/059e2de7-c16f-46d0-bd54-3e562f800bd7
scm_1         | 2019-10-18 05:22:52,259 INFO server.SCMBlockProtocolServer: Allocating 1 blocks of size 268435456, with ExcludeList {datanodes = [], containerIds = [], pipelineIds = []}
datanode_2    | 2019-10-18 05:22:33,698 INFO server.RaftServerConfigKeys: raft.server.log.use.memory = false (default)
freon_1       | 2019-10-18 05:22:55,561 [pool-2-thread-1] INFO       - Creating Bucket: vol-7-34525/bucket-10-58201, with Versioning false and Storage Type set to DISK and Encryption set to false 
datanode_3    | 2019-10-18 05:22:33,713 INFO storage.RaftStorage: Storage directory /data/metadata/ratis/059e2de7-c16f-46d0-bd54-3e562f800bd7 has been successfully formatted.
grafana_1     | t=2019-10-18T05:22:28+0000 lvl=info msg="Executing migration" logger=migrator id="create index IDX_dashboard_snapshot_user_id - v5"
datanode_1    | 2019-10-18 05:22:33,719 INFO server.RaftServerConfigKeys: raft.server.log.queue.byte-limit = 2147483647 (custom)
datanode_2    | 2019-10-18 05:22:33,698 INFO server.RaftServerConfigKeys: raft.server.log.purge.gap = 1000000 (custom)
freon_1       | 2019-10-18 05:22:55,562 [pool-2-thread-10] INFO       - Creating Bucket: vol-8-43184/bucket-10-84091, with Versioning false and Storage Type set to DISK and Encryption set to false 
datanode_3    | 2019-10-18 05:22:33,713 [pool-8-thread-1] INFO       - group-3E562F800BD7: The snapshot info is null. Setting the last applied indexto:(t:0, i:~)
grafana_1     | t=2019-10-18T05:22:28+0000 lvl=info msg="Executing migration" logger=migrator id="alter dashboard_snapshot to mediumtext v2"
scm_1         | 2019-10-18 05:22:52,296 INFO server.SCMBlockProtocolServer: Allocating 1 blocks of size 268435456, with ExcludeList {datanodes = [], containerIds = [], pipelineIds = []}
datanode_1    | 2019-10-18 05:22:33,719 INFO server.RaftServerConfigKeys: raft.server.log.queue.element-limit = 1024 (custom)
datanode_2    | 2019-10-18 05:22:33,698 INFO server.RaftServerConfigKeys: raft.server.log.appender.buffer.byte-limit = 33554432 (custom)
freon_1       | 2019-10-18 05:22:55,566 [pool-2-thread-3] INFO       - Creating Bucket: vol-9-26049/bucket-10-16918, with Versioning false and Storage Type set to DISK and Encryption set to false 
datanode_3    | 2019-10-18 05:22:33,714 INFO server.RaftServerConfigKeys: raft.server.notification.no-leader.timeout = 120s (custom)
grafana_1     | t=2019-10-18T05:22:28+0000 lvl=info msg="Executing migration" logger=migrator id="Update dashboard_snapshot table charset"
scm_1         | 2019-10-18 05:22:52,332 INFO server.SCMBlockProtocolServer: Allocating 1 blocks of size 268435456, with ExcludeList {datanodes = [], containerIds = [], pipelineIds = []}
datanode_1    | 2019-10-18 05:22:33,719 INFO server.RaftServerConfigKeys: raft.server.log.segment.size.max = 1048576 (custom)
datanode_2    | 2019-10-18 05:22:33,698 INFO server.RaftServerConfigKeys: raft.server.log.segment.size.max = 1048576 (custom)
freon_1       | 2019-10-18 05:22:55,572 [pool-2-thread-6] INFO       - Creating Bucket: vol-0-04957/bucket-11-22987, with Versioning false and Storage Type set to DISK and Encryption set to false 
datanode_3    | 2019-10-18 05:22:33,714 INFO server.RaftServerConfigKeys: raft.server.log.use.memory = false (default)
grafana_1     | t=2019-10-18T05:22:28+0000 lvl=info msg="Executing migration" logger=migrator id="Add column external_delete_url to dashboard_snapshots table"
grafana_1     | t=2019-10-18T05:22:28+0000 lvl=info msg="Executing migration" logger=migrator id="create quota table v1"
grafana_1     | t=2019-10-18T05:22:29+0000 lvl=info msg="Executing migration" logger=migrator id="create index UQE_quota_org_id_user_id_target - v1"
datanode_2    | 2019-10-18 05:22:33,699 INFO server.RaftServerConfigKeys: raft.server.log.segment.cache.num.max = 2 (custom)
freon_1       | 2019-10-18 05:22:55,584 [pool-2-thread-7] INFO       - Creating Bucket: vol-2-74449/bucket-11-61829, with Versioning false and Storage Type set to DISK and Encryption set to false 
datanode_3    | 2019-10-18 05:22:33,714 INFO server.RaftServerConfigKeys: raft.server.log.purge.gap = 1000000 (custom)
scm_1         | 2019-10-18 05:22:52,370 INFO server.SCMBlockProtocolServer: Allocating 1 blocks of size 268435456, with ExcludeList {datanodes = [], containerIds = [], pipelineIds = []}
scm_1         | 2019-10-18 05:22:52,408 INFO server.SCMBlockProtocolServer: Allocating 1 blocks of size 268435456, with ExcludeList {datanodes = [], containerIds = [], pipelineIds = []}
datanode_1    | 2019-10-18 05:22:33,719 INFO server.RaftServerConfigKeys: raft.server.log.preallocated.size = 16384 (custom)
datanode_2    | 2019-10-18 05:22:33,699 INFO segmented.SegmentedRaftLogWorker: new 6a6d0587-34b7-4cea-8295-cf9c6a1099a8@group-3E562F800BD7-SegmentedRaftLogWorker for RaftStorage:Storage Directory /data/metadata/ratis/059e2de7-c16f-46d0-bd54-3e562f800bd7
freon_1       | 2019-10-18 05:22:55,585 [pool-2-thread-5] INFO       - Creating Bucket: vol-4-31277/bucket-11-77840, with Versioning false and Storage Type set to DISK and Encryption set to false 
datanode_3    | 2019-10-18 05:22:33,714 INFO server.RaftServerConfigKeys: raft.server.log.appender.buffer.byte-limit = 33554432 (custom)
grafana_1     | t=2019-10-18T05:22:29+0000 lvl=info msg="Executing migration" logger=migrator id="Update quota table charset"
scm_1         | 2019-10-18 05:22:52,448 INFO server.SCMBlockProtocolServer: Allocating 1 blocks of size 268435456, with ExcludeList {datanodes = [], containerIds = [], pipelineIds = []}
datanode_1    | 2019-10-18 05:22:33,719 INFO server.RaftServerConfigKeys: raft.server.log.write.buffer.size = 33554432 (custom)
datanode_2    | 2019-10-18 05:22:33,699 INFO server.RaftServerConfigKeys: raft.server.log.queue.byte-limit = 2147483647 (custom)
freon_1       | 2019-10-18 05:22:55,585 [pool-2-thread-2] INFO       - Creating Bucket: vol-5-06123/bucket-11-38823, with Versioning false and Storage Type set to DISK and Encryption set to false 
grafana_1     | t=2019-10-18T05:22:29+0000 lvl=info msg="Executing migration" logger=migrator id="create plugin_setting table"
grafana_1     | t=2019-10-18T05:22:29+0000 lvl=info msg="Executing migration" logger=migrator id="create index UQE_plugin_setting_org_id_plugin_id - v1"
datanode_3    | 2019-10-18 05:22:33,714 INFO server.RaftServerConfigKeys: raft.server.log.segment.size.max = 1048576 (custom)
scm_1         | 2019-10-18 05:22:52,491 INFO server.SCMBlockProtocolServer: Allocating 1 blocks of size 268435456, with ExcludeList {datanodes = [], containerIds = [], pipelineIds = []}
datanode_2    | 2019-10-18 05:22:33,699 INFO server.RaftServerConfigKeys: raft.server.log.queue.element-limit = 1024 (custom)
freon_1       | 2019-10-18 05:22:55,584 [pool-2-thread-10] INFO       - Creating Bucket: vol-3-96443/bucket-11-12238, with Versioning false and Storage Type set to DISK and Encryption set to false 
grafana_1     | t=2019-10-18T05:22:29+0000 lvl=info msg="Executing migration" logger=migrator id="Add column plugin_version to plugin_settings"
datanode_1    | 2019-10-18 05:22:33,720 INFO server.RaftServerConfigKeys: raft.server.log.force.sync.num = 128 (default)
datanode_3    | 2019-10-18 05:22:33,714 INFO server.RaftServerConfigKeys: raft.server.log.segment.cache.num.max = 2 (custom)
scm_1         | 2019-10-18 05:22:52,529 INFO server.SCMBlockProtocolServer: Allocating 1 blocks of size 268435456, with ExcludeList {datanodes = [], containerIds = [], pipelineIds = []}
datanode_2    | 2019-10-18 05:22:33,700 INFO server.RaftServerConfigKeys: raft.server.log.segment.size.max = 1048576 (custom)
grafana_1     | t=2019-10-18T05:22:29+0000 lvl=info msg="Executing migration" logger=migrator id="Update plugin_setting table charset"
freon_1       | 2019-10-18 05:22:55,584 [pool-2-thread-8] INFO       - Creating Bucket: vol-1-22182/bucket-11-83710, with Versioning false and Storage Type set to DISK and Encryption set to false 
datanode_1    | 2019-10-18 05:22:33,720 INFO server.RaftServerConfigKeys: raft.server.log.statemachine.data.sync = true (default)
datanode_3    | 2019-10-18 05:22:33,714 INFO segmented.SegmentedRaftLogWorker: new 4a6a8990-2928-4d16-84d3-1479e4532ff6@group-3E562F800BD7-SegmentedRaftLogWorker for RaftStorage:Storage Directory /data/metadata/ratis/059e2de7-c16f-46d0-bd54-3e562f800bd7
scm_1         | 2019-10-18 05:22:52,569 INFO server.SCMBlockProtocolServer: Allocating 1 blocks of size 268435456, with ExcludeList {datanodes = [], containerIds = [], pipelineIds = []}
