datanode_1  | 2019-10-14 14:09:14,855 INFO server.RaftServerConfigKeys: raft.server.log.corruption.policy = EXCEPTION (default)
datanode_3  | 2019-10-14 14:09:14,870 INFO server.RaftServerConfigKeys: raft.server.log.use.memory = false (default)
nm_1        | 2019-10-14 14:10:08 INFO  ContainerManagerImpl:1070 - Start request for container_1571062148202_0001_01_000001 by user hadoop
scm_1       | 2019-10-14 14:11:17,453 INFO block.BlockManagerImpl: Deleting blocks conID: 1 locID: 102961132586467331 bcsId: 0
rm_1        | 2019-10-14 14:09:05 INFO  HttpServer2:608 - adding path spec: /ws/*
datanode_2  | 2019-10-14 14:09:14,890 INFO server.RaftServerConfigKeys: raft.server.log.force.sync.num = 128 (default)
datanode_1  | 2019-10-14 14:09:14,855 INFO storage.RaftStorageDirectory: The storage directory /data/metadata/ratis/96a8577b-837b-46ff-9a2e-384e4ad8bb0e does not exist. Creating ...
datanode_3  | 2019-10-14 14:09:14,870 INFO server.RaftServerConfigKeys: raft.server.log.purge.gap = 1000000 (custom)
nm_1        | 2019-10-14 14:10:08 INFO  ContainerManagerImpl:1122 - Creating a new application reference for app application_1571062148202_0001
scm_1       | 2019-10-14 14:11:17,454 INFO block.BlockManagerImpl: Deleting blocks conID: 4 locID: 102961132591644676 bcsId: 0
rm_1        | 2019-10-14 14:09:05 INFO  HttpServer2:608 - adding path spec: /app/*
datanode_2  | 2019-10-14 14:09:14,890 INFO server.RaftServerConfigKeys: raft.server.log.statemachine.data.sync = true (default)
datanode_1  | 2019-10-14 14:09:14,869 INFO storage.RaftStorageDirectory: Lock on /data/metadata/ratis/96a8577b-837b-46ff-9a2e-384e4ad8bb0e/in_use.lock acquired by nodename 7@16daaf1dcdca
datanode_3  | 2019-10-14 14:09:14,871 INFO server.RaftServerConfigKeys: raft.server.log.appender.buffer.byte-limit = 33554432 (custom)
nm_1        | 2019-10-14 14:10:08 INFO  NMAuditLogger:94 - USER=hadoop	IP=172.18.0.5	OPERATION=Start Container Request	TARGET=ContainerManageImpl	RESULT=SUCCESS	APPID=application_1571062148202_0001	CONTAINERID=container_1571062148202_0001_01_000001
scm_1       | 2019-10-14 14:11:17,454 INFO block.BlockManagerImpl: Deleting blocks conID: 1 locID: 102961135198601227 bcsId: 0
rm_1        | 2019-10-14 14:09:06 INFO  WebApps:395 - Registered webapp guice modules
datanode_2  | 2019-10-14 14:09:14,890 INFO server.RaftServerConfigKeys: raft.server.log.statemachine.data.sync.timeout = 10s (default)
datanode_1  | 2019-10-14 14:09:14,887 INFO storage.RaftStorage: Storage directory /data/metadata/ratis/96a8577b-837b-46ff-9a2e-384e4ad8bb0e has been successfully formatted.
datanode_3  | 2019-10-14 14:09:14,872 INFO server.RaftServerConfigKeys: raft.server.log.segment.size.max = 1048576 (custom)
nm_1        | 2019-10-14 14:10:08 INFO  ApplicationImpl:655 - Application application_1571062148202_0001 transitioned from NEW to INITING
scm_1       | 2019-10-14 14:11:17,454 INFO block.BlockManagerImpl: Deleting blocks conID: 4 locID: 102961135283863564 bcsId: 0
rm_1        | 2019-10-14 14:09:06 INFO  HttpServer2:1186 - Jetty bound to port 8088
datanode_2  | 2019-10-14 14:09:14,890 INFO server.RaftServerConfigKeys: raft.server.log.statemachine.data.sync.timeout.retry = -1 (default)
datanode_1  | 2019-10-14 14:09:14,887 [pool-8-thread-1] INFO       - group-384E4AD8BB0E: The snapshot info is null. Setting the last applied indexto:(t:0, i:~)
datanode_3  | 2019-10-14 14:09:14,872 INFO server.RaftServerConfigKeys: raft.server.log.segment.cache.num.max = 2 (custom)
nm_1        | 2019-10-14 14:10:08 INFO  ApplicationImpl:463 - Adding container_1571062148202_0001_01_000001 to application application_1571062148202_0001
datanode_2  | 2019-10-14 14:09:14,890 INFO server.RaftServerConfigKeys: raft.server.log.statemachine.data.caching.enabled = true (custom)
datanode_3  | 2019-10-14 14:09:14,872 INFO segmented.SegmentedRaftLogWorker: new 76f87635-d6dc-4ec3-babf-24a9f5528a05@group-384E4AD8BB0E-SegmentedRaftLogWorker for RaftStorage:Storage Directory /data/metadata/ratis/96a8577b-837b-46ff-9a2e-384e4ad8bb0e
datanode_1  | 2019-10-14 14:09:14,888 INFO server.RaftServerConfigKeys: raft.server.notification.no-leader.timeout = 120s (custom)
rm_1        | 2019-10-14 14:09:06 INFO  Server:351 - jetty-9.3.24.v20180605, build timestamp: 2018-06-05T17:11:56Z, git hash: 84205aa28f11a4f31f2a3b86d1bba2cc8ab69827
nm_1        | 2019-10-14 14:10:08 INFO  ApplicationImpl:655 - Application application_1571062148202_0001 transitioned from INITING to RUNNING
datanode_2  | 2019-10-14 14:09:14,891 INFO segmented.SegmentedRaftLogWorker: 6cb01327-38f4-4157-9653-f45da978acf6@group-384E4AD8BB0E-SegmentedRaftLogWorker: flushIndex: setUnconditionally 0 -> -1
datanode_3  | 2019-10-14 14:09:14,872 INFO server.RaftServerConfigKeys: raft.server.log.queue.byte-limit = 2147483647 (custom)
datanode_1  | 2019-10-14 14:09:14,888 INFO server.RaftServerConfigKeys: raft.server.log.use.memory = false (default)
rm_1        | 2019-10-14 14:09:06 INFO  AuthenticationFilter:240 - Unable to initialize FileSignerSecretProvider, falling back to use random secrets.
nm_1        | 2019-10-14 14:10:08 INFO  ContainerImpl:2126 - Container container_1571062148202_0001_01_000001 transitioned from NEW to LOCALIZING
datanode_2  | 2019-10-14 14:09:14,891 INFO server.RaftServerConfigKeys: raft.server.snapshot.auto.trigger.enabled = true (custom)
datanode_3  | 2019-10-14 14:09:14,872 INFO server.RaftServerConfigKeys: raft.server.log.queue.element-limit = 1024 (custom)
datanode_1  | 2019-10-14 14:09:14,888 INFO server.RaftServerConfigKeys: raft.server.log.purge.gap = 1000000 (custom)
rm_1        | 2019-10-14 14:09:06 INFO  AbstractDelegationTokenSecretManager:347 - Updating the current master key for generating delegation tokens
nm_1        | 2019-10-14 14:10:08 INFO  AuxServices:350 - Got event CONTAINER_INIT for appId application_1571062148202_0001
datanode_2  | 2019-10-14 14:09:14,891 INFO server.RaftServerConfigKeys: raft.server.snapshot.auto.trigger.threshold = 10000 (custom)
datanode_3  | 2019-10-14 14:09:14,873 INFO server.RaftServerConfigKeys: raft.server.log.segment.size.max = 1048576 (custom)
datanode_1  | 2019-10-14 14:09:14,888 INFO server.RaftServerConfigKeys: raft.server.log.appender.buffer.byte-limit = 33554432 (custom)
rm_1        | 2019-10-14 14:09:06 INFO  AbstractDelegationTokenSecretManager:679 - Starting expired delegation token remover thread, tokenRemoverScanInterval=60 min(s)
nm_1        | 2019-10-14 14:10:08 INFO  ResourceLocalizationService:801 - Created localizer for container_1571062148202_0001_01_000001
datanode_2  | 2019-10-14 14:09:14,891 INFO server.RaftServerConfigKeys: raft.server.snapshot.retention.file.num = 5 (custom)
datanode_1  | 2019-10-14 14:09:14,888 INFO server.RaftServerConfigKeys: raft.server.log.segment.size.max = 1048576 (custom)
datanode_3  | 2019-10-14 14:09:14,873 INFO server.RaftServerConfigKeys: raft.server.log.preallocated.size = 16384 (custom)
rm_1        | 2019-10-14 14:09:06 INFO  AbstractDelegationTokenSecretManager:347 - Updating the current master key for generating delegation tokens
datanode_2  | 2019-10-14 14:09:14,891 INFO server.RaftServerConfigKeys: raft.server.retrycache.expirytime = 600000ms (custom)
nm_1        | 2019-10-14 14:10:08 INFO  ResourceLocalizationService:1331 - Writing credentials to the nmPrivate file /tmp/hadoop-hadoop/nm-local-dir/nmPrivate/container_1571062148202_0001_01_000001.tokens
datanode_1  | 2019-10-14 14:09:14,889 INFO server.RaftServerConfigKeys: raft.server.log.segment.cache.num.max = 2 (custom)
rm_1        | 2019-10-14 14:09:06 INFO  ContextHandler:781 - Started o.e.j.s.ServletContextHandler@3a12c404{/logs,file:///opt/hadoop/logs/,AVAILABLE}
datanode_3  | 2019-10-14 14:09:14,873 INFO server.RaftServerConfigKeys: raft.server.log.write.buffer.size = 33554432 (custom)
datanode_2  | 2019-10-14 14:09:14,896 INFO impl.RaftServerImpl: 6cb01327-38f4-4157-9653-f45da978acf6@group-384E4AD8BB0E: start as a follower, conf=-1: [76f87635-d6dc-4ec3-babf-24a9f5528a05:172.18.0.8:9858, 6cb01327-38f4-4157-9653-f45da978acf6:172.18.0.6:9858, 8165ebe8-61c6-4130-b551-6586fd8ad9d6:172.18.0.4:9858], old=null
nm_1        | 2019-10-14 14:10:08 INFO  DefaultContainerExecutor:836 - Initializing user hadoop
datanode_1  | 2019-10-14 14:09:14,889 INFO segmented.SegmentedRaftLogWorker: new 8165ebe8-61c6-4130-b551-6586fd8ad9d6@group-384E4AD8BB0E-SegmentedRaftLogWorker for RaftStorage:Storage Directory /data/metadata/ratis/96a8577b-837b-46ff-9a2e-384e4ad8bb0e
datanode_3  | 2019-10-14 14:09:14,873 INFO server.RaftServerConfigKeys: raft.server.log.force.sync.num = 128 (default)
rm_1        | 2019-10-14 14:09:06 INFO  ContextHandler:781 - Started o.e.j.s.ServletContextHandler@38831718{/static,jar:file:/opt/hadoop/share/hadoop/yarn/hadoop-yarn-common-3.1.2.jar!/webapps/static,AVAILABLE}
datanode_2  | 2019-10-14 14:09:14,896 INFO impl.RaftServerImpl: 6cb01327-38f4-4157-9653-f45da978acf6@group-384E4AD8BB0E: changes role from      null to FOLLOWER at term 0 for startAsFollower
nm_1        | 2019-10-14 14:10:08 INFO  DefaultContainerExecutor:166 - Copying from /tmp/hadoop-hadoop/nm-local-dir/nmPrivate/container_1571062148202_0001_01_000001.tokens to /tmp/hadoop-hadoop/nm-local-dir/usercache/hadoop/appcache/application_1571062148202_0001/container_1571062148202_0001_01_000001.tokens
datanode_3  | 2019-10-14 14:09:14,873 INFO server.RaftServerConfigKeys: raft.server.log.statemachine.data.sync = true (default)
datanode_1  | 2019-10-14 14:09:14,889 INFO server.RaftServerConfigKeys: raft.server.log.queue.byte-limit = 2147483647 (custom)
rm_1        | Oct 14, 2019 2:09:06 PM com.sun.jersey.guice.spi.container.GuiceComponentProviderFactory register
datanode_2  | 2019-10-14 14:09:14,896 INFO impl.RoleInfo: 6cb01327-38f4-4157-9653-f45da978acf6: start FollowerState
nm_1        | 2019-10-14 14:10:08 INFO  DefaultContainerExecutor:174 - Localizer CWD set to /tmp/hadoop-hadoop/nm-local-dir/usercache/hadoop/appcache/application_1571062148202_0001 = file:/tmp/hadoop-hadoop/nm-local-dir/usercache/hadoop/appcache/application_1571062148202_0001
datanode_3  | 2019-10-14 14:09:14,873 INFO server.RaftServerConfigKeys: raft.server.log.statemachine.data.sync.timeout = 10s (default)
nm_1        | 2019-10-14 14:10:08 INFO  ContainerLocalizer:139 - Disk Validator: yarn.nodemanager.disk-validator is loaded.
rm_1        | INFO: Registering org.apache.hadoop.yarn.server.resourcemanager.webapp.JAXBContextResolver as a provider class
datanode_2  | 2019-10-14 14:09:14,896 INFO util.JmxRegister: Successfully registered JMX Bean with object name Ratis:service=RaftServer,group=group-384E4AD8BB0E,id=6cb01327-38f4-4157-9653-f45da978acf6
datanode_1  | 2019-10-14 14:09:14,889 INFO server.RaftServerConfigKeys: raft.server.log.queue.element-limit = 1024 (custom)
datanode_3  | 2019-10-14 14:09:14,874 INFO server.RaftServerConfigKeys: raft.server.log.statemachine.data.sync.timeout.retry = -1 (default)
nm_1        | 2019-10-14 14:10:08 INFO  Configuration:3318 - Removed undeclared tags:
rm_1        | Oct 14, 2019 2:09:06 PM com.sun.jersey.guice.spi.container.GuiceComponentProviderFactory register
datanode_2  | 2019-10-14 14:09:19,873 INFO impl.FollowerState: 6cb01327-38f4-4157-9653-f45da978acf6@group-41109666C8CD-FollowerState: change to CANDIDATE, lastRpcTime:5169ms, electionTimeout:5169ms
datanode_1  | 2019-10-14 14:09:14,889 INFO server.RaftServerConfigKeys: raft.server.log.segment.size.max = 1048576 (custom)
datanode_3  | 2019-10-14 14:09:14,874 INFO server.RaftServerConfigKeys: raft.server.log.statemachine.data.caching.enabled = true (custom)
nm_1        | 2019-10-14 14:10:08 INFO  Configuration:3318 - Removed undeclared tags:
rm_1        | INFO: Registering org.apache.hadoop.yarn.server.resourcemanager.webapp.RMWebServices as a root resource class
datanode_2  | 2019-10-14 14:09:19,877 INFO impl.RoleInfo: 6cb01327-38f4-4157-9653-f45da978acf6: shutdown FollowerState
datanode_1  | 2019-10-14 14:09:14,889 INFO server.RaftServerConfigKeys: raft.server.log.preallocated.size = 16384 (custom)
datanode_3  | 2019-10-14 14:09:14,874 INFO segmented.SegmentedRaftLogWorker: 76f87635-d6dc-4ec3-babf-24a9f5528a05@group-384E4AD8BB0E-SegmentedRaftLogWorker: flushIndex: setUnconditionally 0 -> -1
nm_1        | 2019-10-14 14:10:08 INFO  Configuration:3318 - Removed undeclared tags:
rm_1        | Oct 14, 2019 2:09:06 PM com.sun.jersey.guice.spi.container.GuiceComponentProviderFactory register
datanode_2  | 2019-10-14 14:09:19,877 INFO impl.RaftServerImpl: 6cb01327-38f4-4157-9653-f45da978acf6@group-41109666C8CD: changes role from  FOLLOWER to CANDIDATE at term 0 for changeToCandidate
datanode_1  | 2019-10-14 14:09:14,890 INFO server.RaftServerConfigKeys: raft.server.log.write.buffer.size = 33554432 (custom)
datanode_3  | 2019-10-14 14:09:14,875 INFO server.RaftServerConfigKeys: raft.server.snapshot.auto.trigger.enabled = true (custom)
rm_1        | INFO: Registering org.apache.hadoop.yarn.webapp.GenericExceptionHandler as a provider class
nm_1        | 2019-10-14 14:10:09 WARN  MetricsSystemImpl:151 - NodeManager metrics system already initialized!
datanode_2  | 2019-10-14 14:09:19,882 INFO impl.RoleInfo: 6cb01327-38f4-4157-9653-f45da978acf6: start LeaderElection
datanode_3  | 2019-10-14 14:09:14,875 INFO server.RaftServerConfigKeys: raft.server.snapshot.auto.trigger.threshold = 10000 (custom)
rm_1        | Oct 14, 2019 2:09:06 PM com.sun.jersey.server.impl.application.WebApplicationImpl _initiate
datanode_2  | 2019-10-14 14:09:19,898 INFO impl.LeaderElection: 6cb01327-38f4-4157-9653-f45da978acf6@group-41109666C8CD-LeaderElection1: begin an election at term 1 for -1: [6cb01327-38f4-4157-9653-f45da978acf6:172.18.0.6:9858], old=null
nm_1        | 2019-10-14 14:10:09 INFO  Configuration:3318 - Removed undeclared tags:
datanode_1  | 2019-10-14 14:09:14,890 INFO server.RaftServerConfigKeys: raft.server.log.force.sync.num = 128 (default)
datanode_3  | 2019-10-14 14:09:14,875 INFO server.RaftServerConfigKeys: raft.server.snapshot.retention.file.num = 5 (custom)
rm_1        | INFO: Initiating Jersey application, version 'Jersey: 1.19 02/11/2015 03:25 AM'
datanode_2  | 2019-10-14 14:09:19,901 INFO impl.RoleInfo: 6cb01327-38f4-4157-9653-f45da978acf6: shutdown LeaderElection
nm_1        | 2019-10-14 14:10:09 INFO  Configuration:3318 - Removed undeclared tags:
datanode_1  | 2019-10-14 14:09:14,890 INFO server.RaftServerConfigKeys: raft.server.log.statemachine.data.sync = true (default)
datanode_3  | 2019-10-14 14:09:14,875 INFO server.RaftServerConfigKeys: raft.server.retrycache.expirytime = 600000ms (custom)
rm_1        | Oct 14, 2019 2:09:07 PM com.sun.jersey.guice.spi.container.GuiceComponentProviderFactory getComponentProvider
datanode_2  | 2019-10-14 14:09:19,901 INFO impl.RaftServerImpl: 6cb01327-38f4-4157-9653-f45da978acf6@group-41109666C8CD: changes role from CANDIDATE to LEADER at term 1 for changeToLeader
nm_1        | 2019-10-14 14:10:10 INFO  Configuration:3318 - Removed undeclared tags:
datanode_1  | 2019-10-14 14:09:14,890 INFO server.RaftServerConfigKeys: raft.server.log.statemachine.data.sync.timeout = 10s (default)
datanode_3  | 2019-10-14 14:09:14,880 INFO impl.RaftServerImpl: 76f87635-d6dc-4ec3-babf-24a9f5528a05@group-384E4AD8BB0E: start as a follower, conf=-1: [76f87635-d6dc-4ec3-babf-24a9f5528a05:172.18.0.8:9858, 6cb01327-38f4-4157-9653-f45da978acf6:172.18.0.6:9858, 8165ebe8-61c6-4130-b551-6586fd8ad9d6:172.18.0.4:9858], old=null
rm_1        | INFO: Binding org.apache.hadoop.yarn.server.resourcemanager.webapp.JAXBContextResolver to GuiceManagedComponentProvider with the scope "Singleton"
datanode_2  | 2019-10-14 14:09:19,902 INFO impl.RaftServerImpl: 6cb01327-38f4-4157-9653-f45da978acf6@group-41109666C8CD: change Leader from null to 6cb01327-38f4-4157-9653-f45da978acf6 at term 1 for becomeLeader, leader elected after 5321ms
nm_1        | 2019-10-14 14:10:10 INFO  ContainerImpl:2126 - Container container_1571062148202_0001_01_000001 transitioned from LOCALIZING to SCHEDULED
datanode_1  | 2019-10-14 14:09:14,890 INFO server.RaftServerConfigKeys: raft.server.log.statemachine.data.sync.timeout.retry = -1 (default)
datanode_3  | 2019-10-14 14:09:14,880 INFO impl.RaftServerImpl: 76f87635-d6dc-4ec3-babf-24a9f5528a05@group-384E4AD8BB0E: changes role from      null to FOLLOWER at term 0 for startAsFollower
rm_1        | Oct 14, 2019 2:09:07 PM com.sun.jersey.guice.spi.container.GuiceComponentProviderFactory getComponentProvider
datanode_2  | 2019-10-14 14:09:19,907 INFO server.RaftServerConfigKeys: raft.server.staging.catchup.gap = 1000 (default)
nm_1        | 2019-10-14 14:10:10 INFO  ContainerScheduler:511 - Starting container [container_1571062148202_0001_01_000001]
datanode_1  | 2019-10-14 14:09:14,890 INFO server.RaftServerConfigKeys: raft.server.log.statemachine.data.caching.enabled = true (custom)
datanode_3  | 2019-10-14 14:09:14,881 INFO impl.RoleInfo: 76f87635-d6dc-4ec3-babf-24a9f5528a05: start FollowerState
rm_1        | INFO: Binding org.apache.hadoop.yarn.webapp.GenericExceptionHandler to GuiceManagedComponentProvider with the scope "Singleton"
datanode_2  | 2019-10-14 14:09:19,907 INFO server.RaftServerConfigKeys: raft.server.rpc.sleep.time = 25ms (default)
nm_1        | 2019-10-14 14:10:10 INFO  Configuration:3318 - Removed undeclared tags:
datanode_3  | 2019-10-14 14:09:14,881 INFO util.JmxRegister: Successfully registered JMX Bean with object name Ratis:service=RaftServer,group=group-384E4AD8BB0E,id=76f87635-d6dc-4ec3-babf-24a9f5528a05
rm_1        | Oct 14, 2019 2:09:07 PM com.sun.jersey.guice.spi.container.GuiceComponentProviderFactory getComponentProvider
datanode_2  | 2019-10-14 14:09:19,912 INFO server.RaftServerConfigKeys: raft.server.write.element-limit = 4096 (default)
datanode_1  | 2019-10-14 14:09:14,890 INFO segmented.SegmentedRaftLogWorker: 8165ebe8-61c6-4130-b551-6586fd8ad9d6@group-384E4AD8BB0E-SegmentedRaftLogWorker: flushIndex: setUnconditionally 0 -> -1
nm_1        | 2019-10-14 14:10:10 INFO  ContainerImpl:2126 - Container container_1571062148202_0001_01_000001 transitioned from SCHEDULED to RUNNING
datanode_3  | 2019-10-14 14:09:18,683 INFO impl.FollowerState: 76f87635-d6dc-4ec3-babf-24a9f5528a05@group-8D537DFDA5D2-FollowerState: change to CANDIDATE, lastRpcTime:5109ms, electionTimeout:5108ms
rm_1        | INFO: Binding org.apache.hadoop.yarn.server.resourcemanager.webapp.RMWebServices to GuiceManagedComponentProvider with the scope "Singleton"
datanode_2  | 2019-10-14 14:09:19,916 INFO server.RaftServerConfigKeys: raft.server.watch.timeout = 10s (default)
datanode_1  | 2019-10-14 14:09:14,891 INFO server.RaftServerConfigKeys: raft.server.snapshot.auto.trigger.enabled = true (custom)
nm_1        | 2019-10-14 14:10:10 INFO  ContainersMonitorImpl:943 - Starting resource-monitoring for container_1571062148202_0001_01_000001
datanode_3  | 2019-10-14 14:09:18,686 INFO impl.RoleInfo: 76f87635-d6dc-4ec3-babf-24a9f5528a05: shutdown FollowerState
rm_1        | 2019-10-14 14:09:07 INFO  ContextHandler:781 - Started o.e.j.w.WebAppContext@4defd42{/,file:///tmp/jetty-rm-8088-cluster-_-any-4743500465020024036.dir/webapp/,AVAILABLE}{/cluster}
datanode_2  | 2019-10-14 14:09:19,917 INFO server.RaftServerConfigKeys: raft.server.watch.timeout.denomination = 1s (default)
datanode_1  | 2019-10-14 14:09:14,891 INFO server.RaftServerConfigKeys: raft.server.snapshot.auto.trigger.threshold = 10000 (custom)
nm_1        | 2019-10-14 14:10:10 INFO  DefaultContainerExecutor:370 - launchContainer: [bash, /tmp/hadoop-hadoop/nm-local-dir/usercache/hadoop/appcache/application_1571062148202_0001/container_1571062148202_0001_01_000001/default_container_executor.sh]
datanode_3  | 2019-10-14 14:09:18,687 INFO impl.RaftServerImpl: 76f87635-d6dc-4ec3-babf-24a9f5528a05@group-8D537DFDA5D2: changes role from  FOLLOWER to CANDIDATE at term 0 for changeToCandidate
rm_1        | 2019-10-14 14:09:07 INFO  AbstractConnector:278 - Started ServerConnector@53a665ad{HTTP/1.1,[http/1.1]}{rm:8088}
datanode_2  | 2019-10-14 14:09:19,918 INFO server.RaftServerConfigKeys: raft.server.watch.element-limit = 65536 (default)
datanode_1  | 2019-10-14 14:09:14,891 INFO server.RaftServerConfigKeys: raft.server.snapshot.retention.file.num = 5 (custom)
nm_1        | 2019-10-14 14:10:11 INFO  Configuration:3318 - Removed undeclared tags:
datanode_3  | 2019-10-14 14:09:18,691 INFO impl.RoleInfo: 76f87635-d6dc-4ec3-babf-24a9f5528a05: start LeaderElection
rm_1        | 2019-10-14 14:09:07 INFO  Server:419 - Started @4466ms
datanode_2  | 2019-10-14 14:09:19,936 INFO impl.RoleInfo: 6cb01327-38f4-4157-9653-f45da978acf6: start LeaderState
datanode_1  | 2019-10-14 14:09:14,891 INFO server.RaftServerConfigKeys: raft.server.retrycache.expirytime = 600000ms (custom)
nm_1        | 2019-10-14 14:10:12 INFO  ContainersMonitorImpl:567 - container_1571062148202_0001_01_000001's ip = 172.18.0.7, and hostname = nm
datanode_3  | 2019-10-14 14:09:18,709 INFO impl.LeaderElection: 76f87635-d6dc-4ec3-babf-24a9f5528a05@group-8D537DFDA5D2-LeaderElection1: begin an election at term 1 for -1: [76f87635-d6dc-4ec3-babf-24a9f5528a05:172.18.0.8:9858], old=null
rm_1        | 2019-10-14 14:09:07 INFO  WebApps:440 - Web app cluster started at 8088
datanode_2  | 2019-10-14 14:09:19,958 INFO segmented.SegmentedRaftLogWorker: 6cb01327-38f4-4157-9653-f45da978acf6@group-41109666C8CD-SegmentedRaftLogWorker: Starting segment from index:0
datanode_1  | 2019-10-14 14:09:14,896 INFO impl.RaftServerImpl: 8165ebe8-61c6-4130-b551-6586fd8ad9d6@group-384E4AD8BB0E: start as a follower, conf=-1: [76f87635-d6dc-4ec3-babf-24a9f5528a05:172.18.0.8:9858, 6cb01327-38f4-4157-9653-f45da978acf6:172.18.0.6:9858, 8165ebe8-61c6-4130-b551-6586fd8ad9d6:172.18.0.4:9858], old=null
nm_1        | 2019-10-14 14:10:15 INFO  ContainersMonitorImpl:468 - Skipping monitoring container container_1571062148202_0001_01_000001 since CPU usage is not yet available.
datanode_3  | 2019-10-14 14:09:18,711 INFO impl.RoleInfo: 76f87635-d6dc-4ec3-babf-24a9f5528a05: shutdown LeaderElection
rm_1        | 2019-10-14 14:09:08 INFO  CallQueueManager:84 - Using callQueue: class java.util.concurrent.LinkedBlockingQueue queueCapacity: 100 scheduler: class org.apache.hadoop.ipc.DefaultRpcScheduler
datanode_2  | 2019-10-14 14:09:19,968 INFO impl.RaftServerImpl: 6cb01327-38f4-4157-9653-f45da978acf6@group-41109666C8CD: set configuration 0: [6cb01327-38f4-4157-9653-f45da978acf6:172.18.0.6:9858], old=null at 0
datanode_1  | 2019-10-14 14:09:14,896 INFO impl.RaftServerImpl: 8165ebe8-61c6-4130-b551-6586fd8ad9d6@group-384E4AD8BB0E: changes role from      null to FOLLOWER at term 0 for startAsFollower
nm_1        | 2019-10-14 14:10:21 INFO  Server:1845 - Auth successful for appattempt_1571062148202_0001_000001 (auth:SIMPLE)
datanode_3  | 2019-10-14 14:09:18,712 INFO impl.RaftServerImpl: 76f87635-d6dc-4ec3-babf-24a9f5528a05@group-8D537DFDA5D2: changes role from CANDIDATE to LEADER at term 1 for changeToLeader
datanode_2  | 2019-10-14 14:09:19,975 INFO impl.FollowerState: 6cb01327-38f4-4157-9653-f45da978acf6@group-384E4AD8BB0E-FollowerState: change to CANDIDATE, lastRpcTime:5079ms, electionTimeout:5079ms
rm_1        | 2019-10-14 14:09:08 INFO  Server:1070 - Starting Socket Reader #1 for port 8033
datanode_1  | 2019-10-14 14:09:14,896 INFO impl.RoleInfo: 8165ebe8-61c6-4130-b551-6586fd8ad9d6: start FollowerState
nm_1        | 2019-10-14 14:10:21 INFO  ContainerManagerImpl:1070 - Start request for container_1571062148202_0001_01_000002 by user hadoop
datanode_2  | 2019-10-14 14:09:19,976 INFO impl.RoleInfo: 6cb01327-38f4-4157-9653-f45da978acf6: shutdown FollowerState
rm_1        | 2019-10-14 14:09:08 INFO  RpcServerFactoryPBImpl:173 - Adding protocol org.apache.hadoop.yarn.server.api.ResourceManagerAdministrationProtocolPB to the server
datanode_3  | 2019-10-14 14:09:18,712 INFO impl.RaftServerImpl: 76f87635-d6dc-4ec3-babf-24a9f5528a05@group-8D537DFDA5D2: change Leader from null to 76f87635-d6dc-4ec3-babf-24a9f5528a05 at term 1 for becomeLeader, leader elected after 5252ms
datanode_1  | 2019-10-14 14:09:14,897 INFO util.JmxRegister: Successfully registered JMX Bean with object name Ratis:service=RaftServer,group=group-384E4AD8BB0E,id=8165ebe8-61c6-4130-b551-6586fd8ad9d6
nm_1        | 2019-10-14 14:10:21 INFO  ApplicationImpl:463 - Adding container_1571062148202_0001_01_000002 to application application_1571062148202_0001
datanode_2  | 2019-10-14 14:09:19,976 INFO impl.RaftServerImpl: 6cb01327-38f4-4157-9653-f45da978acf6@group-384E4AD8BB0E: changes role from  FOLLOWER to CANDIDATE at term 0 for changeToCandidate
rm_1        | 2019-10-14 14:09:08 INFO  Server:1149 - IPC Server listener on 8033: starting
datanode_3  | 2019-10-14 14:09:18,718 INFO server.RaftServerConfigKeys: raft.server.staging.catchup.gap = 1000 (default)
datanode_1  | 2019-10-14 14:09:19,182 INFO impl.FollowerState: 8165ebe8-61c6-4130-b551-6586fd8ad9d6@group-790F310C6147-FollowerState: change to CANDIDATE, lastRpcTime:5016ms, electionTimeout:5016ms
nm_1        | 2019-10-14 14:10:21 INFO  NMAuditLogger:94 - USER=hadoop	IP=172.18.0.7	OPERATION=Start Container Request	TARGET=ContainerManageImpl	RESULT=SUCCESS	APPID=application_1571062148202_0001	CONTAINERID=container_1571062148202_0001_01_000002
datanode_2  | 2019-10-14 14:09:19,976 INFO impl.RoleInfo: 6cb01327-38f4-4157-9653-f45da978acf6: start LeaderElection
rm_1        | 2019-10-14 14:09:08 INFO  Server:1310 - IPC Server Responder: starting
datanode_3  | 2019-10-14 14:09:18,718 INFO server.RaftServerConfigKeys: raft.server.rpc.sleep.time = 25ms (default)
datanode_1  | 2019-10-14 14:09:19,185 INFO impl.RoleInfo: 8165ebe8-61c6-4130-b551-6586fd8ad9d6: shutdown FollowerState
nm_1        | 2019-10-14 14:10:21 INFO  ContainerImpl:2126 - Container container_1571062148202_0001_01_000002 transitioned from NEW to LOCALIZING
datanode_2  | 2019-10-14 14:09:19,992 INFO impl.LeaderElection: 6cb01327-38f4-4157-9653-f45da978acf6@group-384E4AD8BB0E-LeaderElection2: begin an election at term 1 for -1: [76f87635-d6dc-4ec3-babf-24a9f5528a05:172.18.0.8:9858, 6cb01327-38f4-4157-9653-f45da978acf6:172.18.0.6:9858, 8165ebe8-61c6-4130-b551-6586fd8ad9d6:172.18.0.4:9858], old=null
datanode_3  | 2019-10-14 14:09:18,723 INFO server.RaftServerConfigKeys: raft.server.write.element-limit = 4096 (default)
datanode_1  | 2019-10-14 14:09:19,186 INFO impl.RaftServerImpl: 8165ebe8-61c6-4130-b551-6586fd8ad9d6@group-790F310C6147: changes role from  FOLLOWER to CANDIDATE at term 0 for changeToCandidate
nm_1        | 2019-10-14 14:10:21 INFO  AuxServices:350 - Got event CONTAINER_INIT for appId application_1571062148202_0001
datanode_2  | 2019-10-14 14:09:20,126 INFO segmented.SegmentedRaftLogWorker: 6cb01327-38f4-4157-9653-f45da978acf6@group-41109666C8CD-SegmentedRaftLogWorker: created new log segment /data/metadata/ratis/1d446b1d-ee9c-4d74-ab9f-41109666c8cd/current/log_inprogress_0
rm_1        | 2019-10-14 14:09:08 INFO  ResourceManager:1263 - Transitioning to active state
datanode_3  | 2019-10-14 14:09:18,728 INFO server.RaftServerConfigKeys: raft.server.watch.timeout = 10s (default)
datanode_3  | 2019-10-14 14:09:18,728 INFO server.RaftServerConfigKeys: raft.server.watch.timeout.denomination = 1s (default)
datanode_1  | 2019-10-14 14:09:19,190 INFO impl.RoleInfo: 8165ebe8-61c6-4130-b551-6586fd8ad9d6: start LeaderElection
nm_1        | 2019-10-14 14:10:21 INFO  AuxServices:350 - Got event APPLICATION_INIT for appId application_1571062148202_0001
datanode_2  | 2019-10-14 14:09:20,215 INFO impl.LeaderElection: 6cb01327-38f4-4157-9653-f45da978acf6@group-384E4AD8BB0E-LeaderElection2: Election REJECTED; received 2 response(s) [6cb01327-38f4-4157-9653-f45da978acf6<-76f87635-d6dc-4ec3-babf-24a9f5528a05#0:FAIL-t1, 6cb01327-38f4-4157-9653-f45da978acf6<-8165ebe8-61c6-4130-b551-6586fd8ad9d6#0:FAIL-t1] and 0 exception(s); 6cb01327-38f4-4157-9653-f45da978acf6@group-384E4AD8BB0E:t1, leader=null, voted=6cb01327-38f4-4157-9653-f45da978acf6, raftlog=6cb01327-38f4-4157-9653-f45da978acf6@group-384E4AD8BB0E-SegmentedRaftLog:OPENED:c-1,f-1,i0, conf=-1: [76f87635-d6dc-4ec3-babf-24a9f5528a05:172.18.0.8:9858, 6cb01327-38f4-4157-9653-f45da978acf6:172.18.0.6:9858, 8165ebe8-61c6-4130-b551-6586fd8ad9d6:172.18.0.4:9858], old=null
rm_1        | 2019-10-14 14:09:08 INFO  RMStateStore:549 - Updating AMRMToken
datanode_3  | 2019-10-14 14:09:18,729 INFO server.RaftServerConfigKeys: raft.server.watch.element-limit = 65536 (default)
datanode_3  | 2019-10-14 14:09:18,745 INFO impl.RoleInfo: 76f87635-d6dc-4ec3-babf-24a9f5528a05: start LeaderState
datanode_1  | 2019-10-14 14:09:19,206 INFO impl.LeaderElection: 8165ebe8-61c6-4130-b551-6586fd8ad9d6@group-790F310C6147-LeaderElection1: begin an election at term 1 for -1: [8165ebe8-61c6-4130-b551-6586fd8ad9d6:172.18.0.4:9858], old=null
nm_1        | 2019-10-14 14:10:21 INFO  AuxServices:354 - Got APPLICATION_INIT for service mapreduce_shuffle
datanode_2  | 2019-10-14 14:09:20,216 INFO impl.RaftServerImpl: 6cb01327-38f4-4157-9653-f45da978acf6@group-384E4AD8BB0E: changes role from CANDIDATE to FOLLOWER at term 1 for DISCOVERED_A_NEW_TERM
rm_1        | 2019-10-14 14:09:08 INFO  RMContainerTokenSecretManager:109 - Rolling master-key for container-tokens
datanode_3  | 2019-10-14 14:09:18,771 INFO segmented.SegmentedRaftLogWorker: 76f87635-d6dc-4ec3-babf-24a9f5528a05@group-8D537DFDA5D2-SegmentedRaftLogWorker: Starting segment from index:0
datanode_3  | 2019-10-14 14:09:18,783 INFO impl.RaftServerImpl: 76f87635-d6dc-4ec3-babf-24a9f5528a05@group-8D537DFDA5D2: set configuration 0: [76f87635-d6dc-4ec3-babf-24a9f5528a05:172.18.0.8:9858], old=null at 0
datanode_1  | 2019-10-14 14:09:19,208 INFO impl.RoleInfo: 8165ebe8-61c6-4130-b551-6586fd8ad9d6: shutdown LeaderElection
nm_1        | 2019-10-14 14:10:21 INFO  ShuffleHandler:719 - Added token for job_1571062148202_0001
datanode_2  | 2019-10-14 14:09:20,216 INFO impl.RoleInfo: 6cb01327-38f4-4157-9653-f45da978acf6: shutdown LeaderElection
rm_1        | 2019-10-14 14:09:08 INFO  NMTokenSecretManagerInRM:95 - Rolling master-key for nm-tokens
datanode_3  | 2019-10-14 14:09:18,930 INFO segmented.SegmentedRaftLogWorker: 76f87635-d6dc-4ec3-babf-24a9f5528a05@group-8D537DFDA5D2-SegmentedRaftLogWorker: created new log segment /data/metadata/ratis/42e6dab2-7df5-4f45-8360-8d537dfda5d2/current/log_inprogress_0
datanode_3  | 2019-10-14 14:09:19,986 INFO impl.FollowerState: 76f87635-d6dc-4ec3-babf-24a9f5528a05@group-384E4AD8BB0E-FollowerState: change to CANDIDATE, lastRpcTime:5105ms, electionTimeout:5105ms
datanode_1  | 2019-10-14 14:09:19,208 INFO impl.RaftServerImpl: 8165ebe8-61c6-4130-b551-6586fd8ad9d6@group-790F310C6147: changes role from CANDIDATE to LEADER at term 1 for changeToLeader
nm_1        | 2019-10-14 14:10:21 INFO  ContainerImpl:2126 - Container container_1571062148202_0001_01_000002 transitioned from LOCALIZING to SCHEDULED
datanode_2  | 2019-10-14 14:09:20,216 INFO impl.RoleInfo: 6cb01327-38f4-4157-9653-f45da978acf6: start FollowerState
datanode_3  | 2019-10-14 14:09:19,987 INFO impl.RoleInfo: 76f87635-d6dc-4ec3-babf-24a9f5528a05: shutdown FollowerState
datanode_3  | 2019-10-14 14:09:19,987 INFO impl.RaftServerImpl: 76f87635-d6dc-4ec3-babf-24a9f5528a05@group-384E4AD8BB0E: changes role from  FOLLOWER to CANDIDATE at term 0 for changeToCandidate
datanode_1  | 2019-10-14 14:09:19,209 INFO impl.RaftServerImpl: 8165ebe8-61c6-4130-b551-6586fd8ad9d6@group-790F310C6147: change Leader from null to 8165ebe8-61c6-4130-b551-6586fd8ad9d6 at term 1 for becomeLeader, leader elected after 5146ms
rm_1        | 2019-10-14 14:09:08 INFO  AbstractDelegationTokenSecretManager:347 - Updating the current master key for generating delegation tokens
nm_1        | 2019-10-14 14:10:21 INFO  ContainerScheduler:511 - Starting container [container_1571062148202_0001_01_000002]
datanode_2  | 2019-10-14 14:09:25,366 INFO impl.FollowerState: 6cb01327-38f4-4157-9653-f45da978acf6@group-384E4AD8BB0E-FollowerState: change to CANDIDATE, lastRpcTime:5149ms, electionTimeout:5149ms
datanode_3  | 2019-10-14 14:09:19,987 INFO impl.RoleInfo: 76f87635-d6dc-4ec3-babf-24a9f5528a05: start LeaderElection
datanode_1  | 2019-10-14 14:09:19,214 INFO server.RaftServerConfigKeys: raft.server.staging.catchup.gap = 1000 (default)
rm_1        | 2019-10-14 14:09:08 INFO  RMDelegationTokenSecretManager:92 - storing master key with keyID 1
nm_1        | 2019-10-14 14:10:21 INFO  Configuration:3318 - Removed undeclared tags:
datanode_2  | 2019-10-14 14:09:25,368 INFO impl.RoleInfo: 6cb01327-38f4-4157-9653-f45da978acf6: shutdown FollowerState
datanode_3  | 2019-10-14 14:09:19,993 INFO impl.LeaderElection: 76f87635-d6dc-4ec3-babf-24a9f5528a05@group-384E4AD8BB0E-LeaderElection2: begin an election at term 1 for -1: [76f87635-d6dc-4ec3-babf-24a9f5528a05:172.18.0.8:9858, 6cb01327-38f4-4157-9653-f45da978acf6:172.18.0.6:9858, 8165ebe8-61c6-4130-b551-6586fd8ad9d6:172.18.0.4:9858], old=null
rm_1        | 2019-10-14 14:09:08 INFO  RMStateStore:500 - Storing RMDTMasterKey.
datanode_1  | 2019-10-14 14:09:19,214 INFO server.RaftServerConfigKeys: raft.server.rpc.sleep.time = 25ms (default)
nm_1        | 2019-10-14 14:10:21 INFO  ContainerImpl:2126 - Container container_1571062148202_0001_01_000002 transitioned from SCHEDULED to RUNNING
datanode_3  | 2019-10-14 14:09:20,199 INFO impl.LeaderElection: 76f87635-d6dc-4ec3-babf-24a9f5528a05@group-384E4AD8BB0E-LeaderElection2: Election REJECTED; received 2 response(s) [76f87635-d6dc-4ec3-babf-24a9f5528a05<-6cb01327-38f4-4157-9653-f45da978acf6#0:FAIL-t1, 76f87635-d6dc-4ec3-babf-24a9f5528a05<-8165ebe8-61c6-4130-b551-6586fd8ad9d6#0:FAIL-t1] and 0 exception(s); 76f87635-d6dc-4ec3-babf-24a9f5528a05@group-384E4AD8BB0E:t1, leader=null, voted=76f87635-d6dc-4ec3-babf-24a9f5528a05, raftlog=76f87635-d6dc-4ec3-babf-24a9f5528a05@group-384E4AD8BB0E-SegmentedRaftLog:OPENED:c-1,f-1,i0, conf=-1: [76f87635-d6dc-4ec3-babf-24a9f5528a05:172.18.0.8:9858, 6cb01327-38f4-4157-9653-f45da978acf6:172.18.0.6:9858, 8165ebe8-61c6-4130-b551-6586fd8ad9d6:172.18.0.4:9858], old=null
rm_1        | 2019-10-14 14:09:08 INFO  AbstractDelegationTokenSecretManager:679 - Starting expired delegation token remover thread, tokenRemoverScanInterval=60 min(s)
datanode_1  | 2019-10-14 14:09:19,219 INFO server.RaftServerConfigKeys: raft.server.write.element-limit = 4096 (default)
nm_1        | 2019-10-14 14:10:21 INFO  ContainersMonitorImpl:943 - Starting resource-monitoring for container_1571062148202_0001_01_000002
datanode_3  | 2019-10-14 14:09:20,201 INFO impl.RaftServerImpl: 76f87635-d6dc-4ec3-babf-24a9f5528a05@group-384E4AD8BB0E: changes role from CANDIDATE to FOLLOWER at term 1 for DISCOVERED_A_NEW_TERM
rm_1        | 2019-10-14 14:09:08 INFO  AbstractDelegationTokenSecretManager:347 - Updating the current master key for generating delegation tokens
datanode_1  | 2019-10-14 14:09:19,223 INFO server.RaftServerConfigKeys: raft.server.watch.timeout = 10s (default)
datanode_2  | 2019-10-14 14:09:25,368 INFO impl.RaftServerImpl: 6cb01327-38f4-4157-9653-f45da978acf6@group-384E4AD8BB0E: changes role from  FOLLOWER to CANDIDATE at term 1 for changeToCandidate
nm_1        | 2019-10-14 14:10:21 INFO  DefaultContainerExecutor:370 - launchContainer: [bash, /tmp/hadoop-hadoop/nm-local-dir/usercache/hadoop/appcache/application_1571062148202_0001/container_1571062148202_0001_01_000002/default_container_executor.sh]
datanode_3  | 2019-10-14 14:09:20,201 INFO impl.RoleInfo: 76f87635-d6dc-4ec3-babf-24a9f5528a05: shutdown LeaderElection
rm_1        | 2019-10-14 14:09:08 INFO  RMDelegationTokenSecretManager:92 - storing master key with keyID 2
datanode_1  | 2019-10-14 14:09:19,224 INFO server.RaftServerConfigKeys: raft.server.watch.timeout.denomination = 1s (default)
nm_1        | 2019-10-14 14:10:24 INFO  ContainersMonitorImpl:567 - container_1571062148202_0001_01_000002's ip = 172.18.0.7, and hostname = nm
datanode_2  | 2019-10-14 14:09:25,368 INFO impl.RoleInfo: 6cb01327-38f4-4157-9653-f45da978acf6: start LeaderElection
datanode_3  | 2019-10-14 14:09:20,201 INFO impl.RoleInfo: 76f87635-d6dc-4ec3-babf-24a9f5528a05: start FollowerState
rm_1        | 2019-10-14 14:09:08 INFO  RMStateStore:500 - Storing RMDTMasterKey.
datanode_1  | 2019-10-14 14:09:19,224 INFO server.RaftServerConfigKeys: raft.server.watch.element-limit = 65536 (default)
nm_1        | 2019-10-14 14:10:26 INFO  ContainerLaunch:589 - Container container_1571062148202_0001_01_000002 succeeded 
datanode_3  | 2019-10-14 14:09:25,366 INFO impl.RaftServerImpl: 76f87635-d6dc-4ec3-babf-24a9f5528a05@group-384E4AD8BB0E: changes role from  FOLLOWER to FOLLOWER at term 2 for recognizeCandidate:8165ebe8-61c6-4130-b551-6586fd8ad9d6
datanode_2  | 2019-10-14 14:09:25,383 INFO impl.LeaderElection: 6cb01327-38f4-4157-9653-f45da978acf6@group-384E4AD8BB0E-LeaderElection3: begin an election at term 2 for -1: [76f87635-d6dc-4ec3-babf-24a9f5528a05:172.18.0.8:9858, 6cb01327-38f4-4157-9653-f45da978acf6:172.18.0.6:9858, 8165ebe8-61c6-4130-b551-6586fd8ad9d6:172.18.0.4:9858], old=null
nm_1        | 2019-10-14 14:10:26 INFO  ContainerImpl:2126 - Container container_1571062148202_0001_01_000002 transitioned from RUNNING to EXITED_WITH_SUCCESS
rm_1        | 2019-10-14 14:09:08 INFO  AsyncDispatcher:223 - Registering class org.apache.hadoop.yarn.nodelabels.event.NodeLabelsStoreEventType for class org.apache.hadoop.yarn.nodelabels.CommonNodeLabelsManager$ForwardingEventHandler
datanode_3  | 2019-10-14 14:09:25,366 INFO impl.RoleInfo: 76f87635-d6dc-4ec3-babf-24a9f5528a05: shutdown FollowerState
datanode_2  | 2019-10-14 14:09:25,440 INFO impl.LeaderElection: 6cb01327-38f4-4157-9653-f45da978acf6@group-384E4AD8BB0E-LeaderElection3: Election REJECTED; received 2 response(s) [6cb01327-38f4-4157-9653-f45da978acf6<-76f87635-d6dc-4ec3-babf-24a9f5528a05#0:FAIL-t2, 6cb01327-38f4-4157-9653-f45da978acf6<-8165ebe8-61c6-4130-b551-6586fd8ad9d6#0:FAIL-t2] and 0 exception(s); 6cb01327-38f4-4157-9653-f45da978acf6@group-384E4AD8BB0E:t2, leader=null, voted=6cb01327-38f4-4157-9653-f45da978acf6, raftlog=6cb01327-38f4-4157-9653-f45da978acf6@group-384E4AD8BB0E-SegmentedRaftLog:OPENED:c-1,f-1,i0, conf=-1: [76f87635-d6dc-4ec3-babf-24a9f5528a05:172.18.0.8:9858, 6cb01327-38f4-4157-9653-f45da978acf6:172.18.0.6:9858, 8165ebe8-61c6-4130-b551-6586fd8ad9d6:172.18.0.4:9858], old=null
nm_1        | 2019-10-14 14:10:26 INFO  ContainerLaunch:745 - Cleaning up container container_1571062148202_0001_01_000002
datanode_1  | 2019-10-14 14:09:19,236 INFO impl.RoleInfo: 8165ebe8-61c6-4130-b551-6586fd8ad9d6: start LeaderState
rm_1        | 2019-10-14 14:09:08 INFO  CallQueueManager:84 - Using callQueue: class java.util.concurrent.LinkedBlockingQueue queueCapacity: 5000 scheduler: class org.apache.hadoop.ipc.DefaultRpcScheduler
datanode_3  | 2019-10-14 14:09:25,367 INFO impl.RoleInfo: 76f87635-d6dc-4ec3-babf-24a9f5528a05: start FollowerState
datanode_2  | 2019-10-14 14:09:25,441 INFO impl.RaftServerImpl: 6cb01327-38f4-4157-9653-f45da978acf6@group-384E4AD8BB0E: changes role from CANDIDATE to FOLLOWER at term 2 for DISCOVERED_A_NEW_TERM
nm_1        | 2019-10-14 14:10:26 INFO  Configuration:3318 - Removed undeclared tags:
datanode_1  | 2019-10-14 14:09:19,251 INFO segmented.SegmentedRaftLogWorker: 8165ebe8-61c6-4130-b551-6586fd8ad9d6@group-790F310C6147-SegmentedRaftLogWorker: Starting segment from index:0
rm_1        | 2019-10-14 14:09:08 INFO  Server:1070 - Starting Socket Reader #1 for port 8031
datanode_3  | 2019-10-14 14:09:25,367 INFO impl.FollowerState: 76f87635-d6dc-4ec3-babf-24a9f5528a05@group-384E4AD8BB0E-FollowerState was interrupted: java.lang.InterruptedException: sleep interrupted
datanode_2  | 2019-10-14 14:09:25,442 INFO impl.RoleInfo: 6cb01327-38f4-4157-9653-f45da978acf6: shutdown LeaderElection
nm_1        | 2019-10-14 14:10:26 INFO  DefaultContainerExecutor:634 - Deleting absolute path : /tmp/hadoop-hadoop/nm-local-dir/usercache/hadoop/appcache/application_1571062148202_0001/container_1571062148202_0001_01_000002/launch_container.sh
datanode_1  | 2019-10-14 14:09:19,258 INFO impl.RaftServerImpl: 8165ebe8-61c6-4130-b551-6586fd8ad9d6@group-790F310C6147: set configuration 0: [8165ebe8-61c6-4130-b551-6586fd8ad9d6:172.18.0.4:9858], old=null at 0
rm_1        | 2019-10-14 14:09:08 INFO  RpcServerFactoryPBImpl:173 - Adding protocol org.apache.hadoop.yarn.server.api.ResourceTrackerPB to the server
nm_1        | 2019-10-14 14:10:26 INFO  DefaultContainerExecutor:634 - Deleting absolute path : /tmp/hadoop-hadoop/nm-local-dir/usercache/hadoop/appcache/application_1571062148202_0001/container_1571062148202_0001_01_000002/container_tokens
datanode_2  | 2019-10-14 14:09:25,442 INFO impl.RoleInfo: 6cb01327-38f4-4157-9653-f45da978acf6: start FollowerState
datanode_3  | 2019-10-14 14:09:25,465 INFO impl.RaftServerImpl: 76f87635-d6dc-4ec3-babf-24a9f5528a05@group-384E4AD8BB0E: change Leader from null to 8165ebe8-61c6-4130-b551-6586fd8ad9d6 at term 2 for appendEntries, leader elected after 10595ms
datanode_1  | 2019-10-14 14:09:19,371 INFO segmented.SegmentedRaftLogWorker: 8165ebe8-61c6-4130-b551-6586fd8ad9d6@group-790F310C6147-SegmentedRaftLogWorker: created new log segment /data/metadata/ratis/eae7ff61-d0a0-48a8-8699-790f310c6147/current/log_inprogress_0
rm_1        | 2019-10-14 14:09:08 INFO  Server:1310 - IPC Server Responder: starting
nm_1        | 2019-10-14 14:10:26 INFO  NMAuditLogger:94 - USER=hadoop	OPERATION=Container Finished - Succeeded	TARGET=ContainerImpl	RESULT=SUCCESS	APPID=application_1571062148202_0001	CONTAINERID=container_1571062148202_0001_01_000002
datanode_2  | 2019-10-14 14:09:25,466 INFO impl.RaftServerImpl: 6cb01327-38f4-4157-9653-f45da978acf6@group-384E4AD8BB0E: change Leader from null to 8165ebe8-61c6-4130-b551-6586fd8ad9d6 at term 2 for appendEntries, leader elected after 10578ms
datanode_3  | 2019-10-14 14:09:25,489 INFO impl.RaftServerImpl: 76f87635-d6dc-4ec3-babf-24a9f5528a05@group-384E4AD8BB0E: set configuration 0: [76f87635-d6dc-4ec3-babf-24a9f5528a05:172.18.0.8:9858, 6cb01327-38f4-4157-9653-f45da978acf6:172.18.0.6:9858, 8165ebe8-61c6-4130-b551-6586fd8ad9d6:172.18.0.4:9858], old=null at 0
datanode_1  | 2019-10-14 14:09:19,945 INFO impl.FollowerState: 8165ebe8-61c6-4130-b551-6586fd8ad9d6@group-384E4AD8BB0E-FollowerState: change to CANDIDATE, lastRpcTime:5048ms, electionTimeout:5048ms
rm_1        | 2019-10-14 14:09:08 INFO  Server:1149 - IPC Server listener on 8031: starting
nm_1        | 2019-10-14 14:10:26 INFO  ContainerImpl:2126 - Container container_1571062148202_0001_01_000002 transitioned from EXITED_WITH_SUCCESS to DONE
datanode_2  | 2019-10-14 14:09:25,488 INFO impl.RaftServerImpl: 6cb01327-38f4-4157-9653-f45da978acf6@group-384E4AD8BB0E: set configuration 0: [76f87635-d6dc-4ec3-babf-24a9f5528a05:172.18.0.8:9858, 6cb01327-38f4-4157-9653-f45da978acf6:172.18.0.6:9858, 8165ebe8-61c6-4130-b551-6586fd8ad9d6:172.18.0.4:9858], old=null at 0
datanode_3  | 2019-10-14 14:09:25,489 INFO segmented.SegmentedRaftLogWorker: 76f87635-d6dc-4ec3-babf-24a9f5528a05@group-384E4AD8BB0E-SegmentedRaftLogWorker: Starting segment from index:0
datanode_1  | 2019-10-14 14:09:19,946 INFO impl.RoleInfo: 8165ebe8-61c6-4130-b551-6586fd8ad9d6: shutdown FollowerState
rm_1        | 2019-10-14 14:09:08 INFO  JvmPauseMonitor:188 - Starting JVM pause monitor
nm_1        | 2019-10-14 14:10:26 INFO  ApplicationImpl:512 - Removing container_1571062148202_0001_01_000002 from application application_1571062148202_0001
datanode_2  | 2019-10-14 14:09:25,488 INFO segmented.SegmentedRaftLogWorker: 6cb01327-38f4-4157-9653-f45da978acf6@group-384E4AD8BB0E-SegmentedRaftLogWorker: Starting segment from index:0
datanode_3  | 2019-10-14 14:09:25,524 INFO segmented.SegmentedRaftLogWorker: 76f87635-d6dc-4ec3-babf-24a9f5528a05@group-384E4AD8BB0E-SegmentedRaftLogWorker: created new log segment /data/metadata/ratis/96a8577b-837b-46ff-9a2e-384e4ad8bb0e/current/log_inprogress_0
datanode_1  | 2019-10-14 14:09:19,946 INFO impl.RaftServerImpl: 8165ebe8-61c6-4130-b551-6586fd8ad9d6@group-384E4AD8BB0E: changes role from  FOLLOWER to CANDIDATE at term 0 for changeToCandidate
rm_1        | 2019-10-14 14:09:08 INFO  CallQueueManager:84 - Using callQueue: class java.util.concurrent.LinkedBlockingQueue queueCapacity: 5000 scheduler: class org.apache.hadoop.ipc.DefaultRpcScheduler
nm_1        | 2019-10-14 14:10:26 INFO  ContainersMonitorImpl:934 - Stopping resource-monitoring for container_1571062148202_0001_01_000002
datanode_2  | 2019-10-14 14:09:25,524 INFO segmented.SegmentedRaftLogWorker: 6cb01327-38f4-4157-9653-f45da978acf6@group-384E4AD8BB0E-SegmentedRaftLogWorker: created new log segment /data/metadata/ratis/96a8577b-837b-46ff-9a2e-384e4ad8bb0e/current/log_inprogress_0
datanode_3  | 2019-10-14 14:09:39,135 WARN client.GrpcClientProtocolService: 0-OrderedRequestStreamObserver0: onError: org.apache.ratis.thirdparty.io.grpc.StatusRuntimeException: CANCELLED: cancelled before receiving half close
datanode_1  | 2019-10-14 14:09:19,946 INFO impl.RoleInfo: 8165ebe8-61c6-4130-b551-6586fd8ad9d6: start LeaderElection
rm_1        | 2019-10-14 14:09:08 INFO  Server:1070 - Starting Socket Reader #1 for port 8030
nm_1        | 2019-10-14 14:10:26 INFO  AuxServices:350 - Got event CONTAINER_STOP for appId application_1571062148202_0001
datanode_1  | 2019-10-14 14:09:19,961 INFO impl.LeaderElection: 8165ebe8-61c6-4130-b551-6586fd8ad9d6@group-384E4AD8BB0E-LeaderElection2: begin an election at term 1 for -1: [76f87635-d6dc-4ec3-babf-24a9f5528a05:172.18.0.8:9858, 6cb01327-38f4-4157-9653-f45da978acf6:172.18.0.6:9858, 8165ebe8-61c6-4130-b551-6586fd8ad9d6:172.18.0.4:9858], old=null
rm_1        | 2019-10-14 14:09:08 INFO  RpcServerFactoryPBImpl:173 - Adding protocol org.apache.hadoop.yarn.api.ApplicationMasterProtocolPB to the server
nm_1        | 2019-10-14 14:10:28 INFO  Server:1845 - Auth successful for appattempt_1571062148202_0001_000001 (auth:SIMPLE)
datanode_1  | 2019-10-14 14:09:20,177 INFO impl.LeaderElection: 8165ebe8-61c6-4130-b551-6586fd8ad9d6@group-384E4AD8BB0E-LeaderElection2: Election REJECTED; received 2 response(s) [8165ebe8-61c6-4130-b551-6586fd8ad9d6<-76f87635-d6dc-4ec3-babf-24a9f5528a05#0:FAIL-t1, 8165ebe8-61c6-4130-b551-6586fd8ad9d6<-6cb01327-38f4-4157-9653-f45da978acf6#0:FAIL-t1] and 0 exception(s); 8165ebe8-61c6-4130-b551-6586fd8ad9d6@group-384E4AD8BB0E:t1, leader=null, voted=8165ebe8-61c6-4130-b551-6586fd8ad9d6, raftlog=8165ebe8-61c6-4130-b551-6586fd8ad9d6@group-384E4AD8BB0E-SegmentedRaftLog:OPENED:c-1,f-1,i0, conf=-1: [76f87635-d6dc-4ec3-babf-24a9f5528a05:172.18.0.8:9858, 6cb01327-38f4-4157-9653-f45da978acf6:172.18.0.6:9858, 8165ebe8-61c6-4130-b551-6586fd8ad9d6:172.18.0.4:9858], old=null
rm_1        | 2019-10-14 14:09:08 INFO  Server:1310 - IPC Server Responder: starting
nm_1        | 2019-10-14 14:10:28 INFO  ContainerManagerImpl:1070 - Start request for container_1571062148202_0001_01_000003 by user hadoop
datanode_1  | 2019-10-14 14:09:20,178 INFO impl.RaftServerImpl: 8165ebe8-61c6-4130-b551-6586fd8ad9d6@group-384E4AD8BB0E: changes role from CANDIDATE to FOLLOWER at term 1 for DISCOVERED_A_NEW_TERM
rm_1        | 2019-10-14 14:09:08 INFO  Server:1149 - IPC Server listener on 8030: starting
datanode_1  | 2019-10-14 14:09:20,178 INFO impl.RoleInfo: 8165ebe8-61c6-4130-b551-6586fd8ad9d6: shutdown LeaderElection
nm_1        | 2019-10-14 14:10:28 INFO  NMAuditLogger:94 - USER=hadoop	IP=172.18.0.7	OPERATION=Start Container Request	TARGET=ContainerManageImpl	RESULT=SUCCESS	APPID=application_1571062148202_0001	CONTAINERID=container_1571062148202_0001_01_000003
rm_1        | 2019-10-14 14:09:08 INFO  CallQueueManager:84 - Using callQueue: class java.util.concurrent.LinkedBlockingQueue queueCapacity: 5000 scheduler: class org.apache.hadoop.ipc.DefaultRpcScheduler
datanode_1  | 2019-10-14 14:09:20,179 INFO impl.RoleInfo: 8165ebe8-61c6-4130-b551-6586fd8ad9d6: start FollowerState
nm_1        | 2019-10-14 14:10:28 INFO  ApplicationImpl:463 - Adding container_1571062148202_0001_01_000003 to application application_1571062148202_0001
rm_1        | 2019-10-14 14:09:08 INFO  Server:1070 - Starting Socket Reader #1 for port 8032
datanode_1  | 2019-10-14 14:09:25,330 INFO impl.FollowerState: 8165ebe8-61c6-4130-b551-6586fd8ad9d6@group-384E4AD8BB0E-FollowerState: change to CANDIDATE, lastRpcTime:5151ms, electionTimeout:5150ms
nm_1        | 2019-10-14 14:10:28 INFO  ContainerImpl:2126 - Container container_1571062148202_0001_01_000003 transitioned from NEW to LOCALIZING
rm_1        | 2019-10-14 14:09:08 INFO  RpcServerFactoryPBImpl:173 - Adding protocol org.apache.hadoop.yarn.api.ApplicationClientProtocolPB to the server
datanode_1  | 2019-10-14 14:09:25,330 INFO impl.RoleInfo: 8165ebe8-61c6-4130-b551-6586fd8ad9d6: shutdown FollowerState
nm_1        | 2019-10-14 14:10:28 INFO  AuxServices:350 - Got event CONTAINER_INIT for appId application_1571062148202_0001
rm_1        | 2019-10-14 14:09:08 INFO  Server:1310 - IPC Server Responder: starting
nm_1        | 2019-10-14 14:10:28 INFO  AuxServices:350 - Got event APPLICATION_INIT for appId application_1571062148202_0001
datanode_1  | 2019-10-14 14:09:25,330 INFO impl.RaftServerImpl: 8165ebe8-61c6-4130-b551-6586fd8ad9d6@group-384E4AD8BB0E: changes role from  FOLLOWER to CANDIDATE at term 1 for changeToCandidate
rm_1        | 2019-10-14 14:09:08 INFO  Server:1149 - IPC Server listener on 8032: starting
nm_1        | 2019-10-14 14:10:28 INFO  AuxServices:354 - Got APPLICATION_INIT for service mapreduce_shuffle
datanode_1  | 2019-10-14 14:09:25,331 INFO impl.RoleInfo: 8165ebe8-61c6-4130-b551-6586fd8ad9d6: start LeaderElection
rm_1        | 2019-10-14 14:09:08 INFO  ResourceManager:1279 - Transitioned to active state
nm_1        | 2019-10-14 14:10:28 INFO  ShuffleHandler:719 - Added token for job_1571062148202_0001
datanode_1  | 2019-10-14 14:09:25,346 INFO impl.LeaderElection: 8165ebe8-61c6-4130-b551-6586fd8ad9d6@group-384E4AD8BB0E-LeaderElection3: begin an election at term 2 for -1: [76f87635-d6dc-4ec3-babf-24a9f5528a05:172.18.0.8:9858, 6cb01327-38f4-4157-9653-f45da978acf6:172.18.0.6:9858, 8165ebe8-61c6-4130-b551-6586fd8ad9d6:172.18.0.4:9858], old=null
