datanode_3  | 2019-10-21 19:30:58,077 INFO server.RaftServerConfigKeys: raft.server.log.appender.install.snapshot.enabled = false (custom)
datanode_1  | 2019-10-21 19:30:58,740 INFO impl.RaftServerImpl: 531151df-dc2c-4142-8655-b0ea25b633f9@group-91A3E4C07903: changes role from  FOLLOWER to FOLLOWER at term 10 for recognizeCandidate:56f3e77b-c3e2-4de3-8d39-1bcc0dc5be34
datanode_2  | 2019-10-21 19:30:58,482 INFO impl.RoleInfo: 56f3e77b-c3e2-4de3-8d39-1bcc0dc5be34: shutdown LeaderElection
scm_1       | 2019-10-21 19:31:17,719 INFO server.SCMBlockProtocolServer: Allocating 1 blocks of size 268435456, with ExcludeList {datanodes = [], containerIds = [], pipelineIds = []}
datanode_3  | 2019-10-21 19:30:58,081 INFO server.RaftServerConfigKeys: raft.server.log.appender.snapshot.chunk.size.max = 16MB (=16777216) (default)
datanode_1  | 2019-10-21 19:30:58,740 INFO impl.RoleInfo: 531151df-dc2c-4142-8655-b0ea25b633f9: shutdown FollowerState
datanode_2  | 2019-10-21 19:30:58,482 INFO impl.RoleInfo: 56f3e77b-c3e2-4de3-8d39-1bcc0dc5be34: start FollowerState
scm_1       | 2019-10-21 19:31:17,745 INFO server.SCMBlockProtocolServer: Allocating 1 blocks of size 268435456, with ExcludeList {datanodes = [], containerIds = [], pipelineIds = []}
datanode_1  | 2019-10-21 19:30:58,740 INFO impl.FollowerState: 531151df-dc2c-4142-8655-b0ea25b633f9@group-91A3E4C07903-FollowerState was interrupted: java.lang.InterruptedException: sleep interrupted
datanode_2  | 2019-10-21 19:30:58,653 INFO impl.FollowerState: 56f3e77b-c3e2-4de3-8d39-1bcc0dc5be34@group-91A3E4C07903-FollowerState: change to CANDIDATE, lastRpcTime:170ms, electionTimeout:170ms
scm_1       | 2019-10-21 19:31:17,770 INFO server.SCMBlockProtocolServer: Allocating 1 blocks of size 268435456, with ExcludeList {datanodes = [], containerIds = [], pipelineIds = []}
datanode_3  | 2019-10-21 19:30:58,081 INFO server.RaftServerConfigKeys: raft.server.log.appender.buffer.byte-limit = 33554432 (custom)
datanode_1  | 2019-10-21 19:30:58,740 INFO impl.RoleInfo: 531151df-dc2c-4142-8655-b0ea25b633f9: start FollowerState
scm_1       | 2019-10-21 19:31:17,797 INFO server.SCMBlockProtocolServer: Allocating 1 blocks of size 268435456, with ExcludeList {datanodes = [], containerIds = [], pipelineIds = []}
datanode_2  | 2019-10-21 19:30:58,653 INFO impl.RoleInfo: 56f3e77b-c3e2-4de3-8d39-1bcc0dc5be34: shutdown FollowerState
datanode_1  | 2019-10-21 19:30:58,804 INFO impl.RaftServerImpl: 531151df-dc2c-4142-8655-b0ea25b633f9@group-91A3E4C07903: changes role from  FOLLOWER to FOLLOWER at term 11 for recognizeCandidate:56f3e77b-c3e2-4de3-8d39-1bcc0dc5be34
scm_1       | 2019-10-21 19:31:17,852 INFO server.SCMBlockProtocolServer: Allocating 1 blocks of size 268435456, with ExcludeList {datanodes = [], containerIds = [], pipelineIds = []}
datanode_2  | 2019-10-21 19:30:58,654 INFO impl.RaftServerImpl: 56f3e77b-c3e2-4de3-8d39-1bcc0dc5be34@group-91A3E4C07903: changes role from  FOLLOWER to CANDIDATE at term 8 for changeToCandidate
datanode_3  | 2019-10-21 19:30:58,081 INFO server.RaftServerConfigKeys: raft.server.log.appender.buffer.element-limit = 1 (custom)
scm_1       | 2019-10-21 19:31:17,886 INFO server.SCMBlockProtocolServer: Allocating 1 blocks of size 268435456, with ExcludeList {datanodes = [], containerIds = [], pipelineIds = []}
datanode_1  | 2019-10-21 19:30:58,805 INFO impl.RoleInfo: 531151df-dc2c-4142-8655-b0ea25b633f9: shutdown FollowerState
datanode_2  | 2019-10-21 19:30:58,654 INFO impl.RoleInfo: 56f3e77b-c3e2-4de3-8d39-1bcc0dc5be34: start LeaderElection
datanode_3  | 2019-10-21 19:30:58,082 INFO grpc.GrpcConfigKeys$Server: raft.grpc.server.leader.outstanding.appends.max = 128 (default)
scm_1       | 2019-10-21 19:31:17,927 INFO server.SCMBlockProtocolServer: Allocating 1 blocks of size 268435456, with ExcludeList {datanodes = [], containerIds = [], pipelineIds = []}
datanode_1  | 2019-10-21 19:30:58,805 INFO impl.RoleInfo: 531151df-dc2c-4142-8655-b0ea25b633f9: start FollowerState
datanode_2  | 2019-10-21 19:30:58,667 INFO impl.LeaderElection: 56f3e77b-c3e2-4de3-8d39-1bcc0dc5be34@group-91A3E4C07903-LeaderElection7: begin an election at term 9 for -1: [23743e1f-8954-4e3e-80b1-77bbfa6169e9:172.18.0.7:9858, 56f3e77b-c3e2-4de3-8d39-1bcc0dc5be34:172.18.0.6:9858, 531151df-dc2c-4142-8655-b0ea25b633f9:172.18.0.4:9858], old=null
datanode_3  | 2019-10-21 19:30:58,082 INFO server.RaftServerConfigKeys: raft.server.rpc.request.timeout = 3000ms (default)
scm_1       | 2019-10-21 19:31:17,952 INFO server.SCMBlockProtocolServer: Allocating 1 blocks of size 268435456, with ExcludeList {datanodes = [], containerIds = [], pipelineIds = []}
datanode_1  | 2019-10-21 19:30:58,805 INFO impl.FollowerState: 531151df-dc2c-4142-8655-b0ea25b633f9@group-91A3E4C07903-FollowerState was interrupted: java.lang.InterruptedException: sleep interrupted
datanode_2  | 2019-10-21 19:30:58,699 INFO impl.LeaderElection: 56f3e77b-c3e2-4de3-8d39-1bcc0dc5be34@group-91A3E4C07903-LeaderElection7: Election TIMEOUT; received 0 response(s) [] and 0 exception(s); 56f3e77b-c3e2-4de3-8d39-1bcc0dc5be34@group-91A3E4C07903:t9, leader=null, voted=56f3e77b-c3e2-4de3-8d39-1bcc0dc5be34, raftlog=56f3e77b-c3e2-4de3-8d39-1bcc0dc5be34@group-91A3E4C07903-SegmentedRaftLog:OPENED:c-1,f-1,i0, conf=-1: [23743e1f-8954-4e3e-80b1-77bbfa6169e9:172.18.0.7:9858, 56f3e77b-c3e2-4de3-8d39-1bcc0dc5be34:172.18.0.6:9858, 531151df-dc2c-4142-8655-b0ea25b633f9:172.18.0.4:9858], old=null
datanode_3  | 2019-10-21 19:30:58,082 INFO server.RaftServerConfigKeys: raft.server.log.appender.install.snapshot.enabled = false (custom)
scm_1       | 2019-10-21 19:31:17,982 INFO server.SCMBlockProtocolServer: Allocating 1 blocks of size 268435456, with ExcludeList {datanodes = [], containerIds = [], pipelineIds = []}
datanode_1  | 2019-10-21 19:30:59,120 INFO impl.RaftServerImpl: 531151df-dc2c-4142-8655-b0ea25b633f9@group-91A3E4C07903: changes role from  FOLLOWER to FOLLOWER at term 12 for recognizeCandidate:56f3e77b-c3e2-4de3-8d39-1bcc0dc5be34
datanode_2  | 2019-10-21 19:30:58,719 INFO impl.LeaderElection: 56f3e77b-c3e2-4de3-8d39-1bcc0dc5be34@group-91A3E4C07903-LeaderElection7: begin an election at term 10 for -1: [23743e1f-8954-4e3e-80b1-77bbfa6169e9:172.18.0.7:9858, 56f3e77b-c3e2-4de3-8d39-1bcc0dc5be34:172.18.0.6:9858, 531151df-dc2c-4142-8655-b0ea25b633f9:172.18.0.4:9858], old=null
scm_1       | 2019-10-21 19:31:18,004 INFO server.SCMBlockProtocolServer: Allocating 1 blocks of size 268435456, with ExcludeList {datanodes = [], containerIds = [], pipelineIds = []}
datanode_1  | 2019-10-21 19:30:59,120 INFO impl.RoleInfo: 531151df-dc2c-4142-8655-b0ea25b633f9: shutdown FollowerState
datanode_2  | 2019-10-21 19:30:58,762 INFO impl.LeaderElection: 56f3e77b-c3e2-4de3-8d39-1bcc0dc5be34@group-91A3E4C07903-LeaderElection7: Election REJECTED; received 2 response(s) [56f3e77b-c3e2-4de3-8d39-1bcc0dc5be34<-23743e1f-8954-4e3e-80b1-77bbfa6169e9#0:FAIL-t10, 56f3e77b-c3e2-4de3-8d39-1bcc0dc5be34<-531151df-dc2c-4142-8655-b0ea25b633f9#0:FAIL-t10] and 0 exception(s); 56f3e77b-c3e2-4de3-8d39-1bcc0dc5be34@group-91A3E4C07903:t10, leader=null, voted=56f3e77b-c3e2-4de3-8d39-1bcc0dc5be34, raftlog=56f3e77b-c3e2-4de3-8d39-1bcc0dc5be34@group-91A3E4C07903-SegmentedRaftLog:OPENED:c-1,f-1,i0, conf=-1: [23743e1f-8954-4e3e-80b1-77bbfa6169e9:172.18.0.7:9858, 56f3e77b-c3e2-4de3-8d39-1bcc0dc5be34:172.18.0.6:9858, 531151df-dc2c-4142-8655-b0ea25b633f9:172.18.0.4:9858], old=null
datanode_3  | 2019-10-21 19:30:58,085 INFO impl.RoleInfo: 23743e1f-8954-4e3e-80b1-77bbfa6169e9: start LeaderState
scm_1       | 2019-10-21 19:31:18,033 INFO server.SCMBlockProtocolServer: Allocating 1 blocks of size 268435456, with ExcludeList {datanodes = [], containerIds = [], pipelineIds = []}
datanode_1  | 2019-10-21 19:30:59,120 INFO impl.FollowerState: 531151df-dc2c-4142-8655-b0ea25b633f9@group-91A3E4C07903-FollowerState was interrupted: java.lang.InterruptedException: sleep interrupted
datanode_2  | 2019-10-21 19:30:58,762 INFO impl.RaftServerImpl: 56f3e77b-c3e2-4de3-8d39-1bcc0dc5be34@group-91A3E4C07903: changes role from CANDIDATE to FOLLOWER at term 10 for DISCOVERED_A_NEW_TERM
datanode_3  | 2019-10-21 19:30:58,086 INFO segmented.SegmentedRaftLogWorker: 23743e1f-8954-4e3e-80b1-77bbfa6169e9@group-91A3E4C07903-SegmentedRaftLogWorker: Starting segment from index:0
scm_1       | 2019-10-21 19:31:18,055 INFO server.SCMBlockProtocolServer: Allocating 1 blocks of size 268435456, with ExcludeList {datanodes = [], containerIds = [], pipelineIds = []}
datanode_1  | 2019-10-21 19:30:59,120 INFO impl.RoleInfo: 531151df-dc2c-4142-8655-b0ea25b633f9: start FollowerState
datanode_2  | 2019-10-21 19:30:58,762 INFO impl.RoleInfo: 56f3e77b-c3e2-4de3-8d39-1bcc0dc5be34: shutdown LeaderElection
datanode_3  | 2019-10-21 19:30:58,086 INFO impl.RaftServerImpl: 23743e1f-8954-4e3e-80b1-77bbfa6169e9@group-91A3E4C07903: set configuration 0: [23743e1f-8954-4e3e-80b1-77bbfa6169e9:172.18.0.7:9858, 56f3e77b-c3e2-4de3-8d39-1bcc0dc5be34:172.18.0.6:9858, 531151df-dc2c-4142-8655-b0ea25b633f9:172.18.0.4:9858], old=null at 0
scm_1       | 2019-10-21 19:31:18,080 INFO server.SCMBlockProtocolServer: Allocating 1 blocks of size 268435456, with ExcludeList {datanodes = [], containerIds = [], pipelineIds = []}
datanode_1  | 2019-10-21 19:30:59,260 INFO impl.RaftServerImpl: 531151df-dc2c-4142-8655-b0ea25b633f9@group-91A3E4C07903: changes role from  FOLLOWER to FOLLOWER at term 13 for recognizeCandidate:56f3e77b-c3e2-4de3-8d39-1bcc0dc5be34
datanode_2  | 2019-10-21 19:30:58,763 INFO impl.RoleInfo: 56f3e77b-c3e2-4de3-8d39-1bcc0dc5be34: start FollowerState
datanode_3  | 2019-10-21 19:30:58,127 INFO segmented.SegmentedRaftLogWorker: 23743e1f-8954-4e3e-80b1-77bbfa6169e9@group-91A3E4C07903-SegmentedRaftLogWorker: created new log segment /data/metadata/ratis/4d4ce409-c9c9-46a7-a3df-91a3e4c07903/current/log_inprogress_0
scm_1       | 2019-10-21 19:31:18,102 INFO server.SCMBlockProtocolServer: Allocating 1 blocks of size 268435456, with ExcludeList {datanodes = [], containerIds = [], pipelineIds = []}
datanode_1  | 2019-10-21 19:30:59,260 INFO impl.RoleInfo: 531151df-dc2c-4142-8655-b0ea25b633f9: shutdown FollowerState
datanode_2  | 2019-10-21 19:30:58,765 INFO impl.FollowerState: 56f3e77b-c3e2-4de3-8d39-1bcc0dc5be34@group-91A3E4C07903-FollowerState: change to CANDIDATE, lastRpcTime:1ms, electionTimeout:1ms
datanode_3  | 2019-10-21 19:30:58,148 INFO impl.RaftServerImpl: 23743e1f-8954-4e3e-80b1-77bbfa6169e9@group-91A3E4C07903: change Leader from 23743e1f-8954-4e3e-80b1-77bbfa6169e9 to null at term 6 for updateCurrentTerm
scm_1       | 2019-10-21 19:31:18,123 INFO server.SCMBlockProtocolServer: Allocating 1 blocks of size 268435456, with ExcludeList {datanodes = [], containerIds = [], pipelineIds = []}
datanode_1  | 2019-10-21 19:30:59,260 INFO impl.RoleInfo: 531151df-dc2c-4142-8655-b0ea25b633f9: start FollowerState
datanode_2  | 2019-10-21 19:30:58,765 INFO impl.RoleInfo: 56f3e77b-c3e2-4de3-8d39-1bcc0dc5be34: shutdown FollowerState
datanode_3  | 2019-10-21 19:30:58,148 INFO impl.RaftServerImpl: 23743e1f-8954-4e3e-80b1-77bbfa6169e9@group-91A3E4C07903: changes role from    LEADER to FOLLOWER at term 6 for stepDown
scm_1       | 2019-10-21 19:31:18,142 INFO server.SCMBlockProtocolServer: Allocating 1 blocks of size 268435456, with ExcludeList {datanodes = [], containerIds = [], pipelineIds = []}
datanode_1  | 2019-10-21 19:30:59,260 INFO impl.FollowerState: 531151df-dc2c-4142-8655-b0ea25b633f9@group-91A3E4C07903-FollowerState was interrupted: java.lang.InterruptedException: sleep interrupted
datanode_2  | 2019-10-21 19:30:58,765 INFO impl.RaftServerImpl: 56f3e77b-c3e2-4de3-8d39-1bcc0dc5be34@group-91A3E4C07903: changes role from  FOLLOWER to CANDIDATE at term 10 for changeToCandidate
datanode_3  | 2019-10-21 19:30:58,148 INFO impl.RoleInfo: 23743e1f-8954-4e3e-80b1-77bbfa6169e9: shutdown LeaderState
scm_1       | 2019-10-21 19:31:18,165 INFO server.SCMBlockProtocolServer: Allocating 1 blocks of size 268435456, with ExcludeList {datanodes = [], containerIds = [], pipelineIds = []}
datanode_1  | 2019-10-21 19:30:59,355 INFO impl.RaftServerImpl: 531151df-dc2c-4142-8655-b0ea25b633f9@group-91A3E4C07903: changes role from  FOLLOWER to FOLLOWER at term 14 for recognizeCandidate:56f3e77b-c3e2-4de3-8d39-1bcc0dc5be34
datanode_2  | 2019-10-21 19:30:58,765 INFO impl.RoleInfo: 56f3e77b-c3e2-4de3-8d39-1bcc0dc5be34: start LeaderElection
datanode_3  | 2019-10-21 19:30:58,149 WARN server.GrpcLogAppender: 23743e1f-8954-4e3e-80b1-77bbfa6169e9@group-91A3E4C07903->531151df-dc2c-4142-8655-b0ea25b633f9-GrpcLogAppender: Wait interrupted by java.lang.InterruptedException
scm_1       | 2019-10-21 19:31:18,185 INFO server.SCMBlockProtocolServer: Allocating 1 blocks of size 268435456, with ExcludeList {datanodes = [], containerIds = [], pipelineIds = []}
datanode_1  | 2019-10-21 19:30:59,355 INFO impl.RoleInfo: 531151df-dc2c-4142-8655-b0ea25b633f9: shutdown FollowerState
datanode_2  | 2019-10-21 19:30:58,783 INFO impl.LeaderElection: 56f3e77b-c3e2-4de3-8d39-1bcc0dc5be34@group-91A3E4C07903-LeaderElection8: begin an election at term 11 for -1: [23743e1f-8954-4e3e-80b1-77bbfa6169e9:172.18.0.7:9858, 56f3e77b-c3e2-4de3-8d39-1bcc0dc5be34:172.18.0.6:9858, 531151df-dc2c-4142-8655-b0ea25b633f9:172.18.0.4:9858], old=null
datanode_3  | 2019-10-21 19:30:58,149 INFO impl.PendingRequests: 23743e1f-8954-4e3e-80b1-77bbfa6169e9@group-91A3E4C07903-PendingRequests: sendNotLeaderResponses
scm_1       | 2019-10-21 19:31:18,204 INFO server.SCMBlockProtocolServer: Allocating 1 blocks of size 268435456, with ExcludeList {datanodes = [], containerIds = [], pipelineIds = []}
datanode_1  | 2019-10-21 19:30:59,355 INFO impl.RoleInfo: 531151df-dc2c-4142-8655-b0ea25b633f9: start FollowerState
datanode_2  | 2019-10-21 19:30:58,836 INFO impl.LeaderElection: 56f3e77b-c3e2-4de3-8d39-1bcc0dc5be34@group-91A3E4C07903-LeaderElection8: Election REJECTED; received 2 response(s) [56f3e77b-c3e2-4de3-8d39-1bcc0dc5be34<-23743e1f-8954-4e3e-80b1-77bbfa6169e9#0:FAIL-t11, 56f3e77b-c3e2-4de3-8d39-1bcc0dc5be34<-531151df-dc2c-4142-8655-b0ea25b633f9#0:FAIL-t11] and 0 exception(s); 56f3e77b-c3e2-4de3-8d39-1bcc0dc5be34@group-91A3E4C07903:t11, leader=null, voted=56f3e77b-c3e2-4de3-8d39-1bcc0dc5be34, raftlog=56f3e77b-c3e2-4de3-8d39-1bcc0dc5be34@group-91A3E4C07903-SegmentedRaftLog:OPENED:c-1,f-1,i0, conf=-1: [23743e1f-8954-4e3e-80b1-77bbfa6169e9:172.18.0.7:9858, 56f3e77b-c3e2-4de3-8d39-1bcc0dc5be34:172.18.0.6:9858, 531151df-dc2c-4142-8655-b0ea25b633f9:172.18.0.4:9858], old=null
datanode_3  | 2019-10-21 19:30:58,149 WARN server.GrpcLogAppender: 23743e1f-8954-4e3e-80b1-77bbfa6169e9@group-91A3E4C07903->56f3e77b-c3e2-4de3-8d39-1bcc0dc5be34-GrpcLogAppender: Wait interrupted by java.lang.InterruptedException
datanode_1  | 2019-10-21 19:30:59,355 INFO impl.FollowerState: 531151df-dc2c-4142-8655-b0ea25b633f9@group-91A3E4C07903-FollowerState was interrupted: java.lang.InterruptedException: sleep interrupted
datanode_2  | 2019-10-21 19:30:58,836 INFO impl.RaftServerImpl: 56f3e77b-c3e2-4de3-8d39-1bcc0dc5be34@group-91A3E4C07903: changes role from CANDIDATE to FOLLOWER at term 11 for DISCOVERED_A_NEW_TERM
scm_1       | 2019-10-21 19:31:18,235 INFO server.SCMBlockProtocolServer: Allocating 1 blocks of size 268435456, with ExcludeList {datanodes = [], containerIds = [], pipelineIds = []}
datanode_3  | 2019-10-21 19:30:58,151 INFO impl.RoleInfo: 23743e1f-8954-4e3e-80b1-77bbfa6169e9: start FollowerState
datanode_1  | 2019-10-21 19:30:59,515 INFO impl.RaftServerImpl: 531151df-dc2c-4142-8655-b0ea25b633f9@group-91A3E4C07903: changes role from  FOLLOWER to FOLLOWER at term 15 for recognizeCandidate:56f3e77b-c3e2-4de3-8d39-1bcc0dc5be34
datanode_2  | 2019-10-21 19:30:58,837 INFO impl.RoleInfo: 56f3e77b-c3e2-4de3-8d39-1bcc0dc5be34: shutdown LeaderElection
scm_1       | 2019-10-21 19:31:18,256 INFO server.SCMBlockProtocolServer: Allocating 1 blocks of size 268435456, with ExcludeList {datanodes = [], containerIds = [], pipelineIds = []}
datanode_3  | 2019-10-21 19:30:58,159 INFO server.GrpcLogAppender: 23743e1f-8954-4e3e-80b1-77bbfa6169e9@group-91A3E4C07903->531151df-dc2c-4142-8655-b0ea25b633f9-AppendLogResponseHandler: follower responses appendEntries COMPLETED
datanode_1  | 2019-10-21 19:30:59,515 INFO impl.RoleInfo: 531151df-dc2c-4142-8655-b0ea25b633f9: shutdown FollowerState
datanode_2  | 2019-10-21 19:30:58,837 INFO impl.RoleInfo: 56f3e77b-c3e2-4de3-8d39-1bcc0dc5be34: start FollowerState
datanode_3  | 2019-10-21 19:30:58,163 INFO impl.FollowerInfo: 23743e1f-8954-4e3e-80b1-77bbfa6169e9@group-91A3E4C07903->531151df-dc2c-4142-8655-b0ea25b633f9: nextIndex: updateUnconditionally 1 -> 0
scm_1       | 2019-10-21 19:31:18,275 INFO server.SCMBlockProtocolServer: Allocating 1 blocks of size 268435456, with ExcludeList {datanodes = [], containerIds = [], pipelineIds = []}
datanode_1  | 2019-10-21 19:30:59,515 INFO impl.FollowerState: 531151df-dc2c-4142-8655-b0ea25b633f9@group-91A3E4C07903-FollowerState was interrupted: java.lang.InterruptedException: sleep interrupted
datanode_2  | 2019-10-21 19:30:59,005 INFO impl.FollowerState: 56f3e77b-c3e2-4de3-8d39-1bcc0dc5be34@group-91A3E4C07903-FollowerState: change to CANDIDATE, lastRpcTime:167ms, electionTimeout:167ms
datanode_3  | 2019-10-21 19:30:58,172 INFO impl.RaftServerImpl: 23743e1f-8954-4e3e-80b1-77bbfa6169e9@group-91A3E4C07903: changes role from  FOLLOWER to FOLLOWER at term 6 for recognizeCandidate:56f3e77b-c3e2-4de3-8d39-1bcc0dc5be34
scm_1       | 2019-10-21 19:31:18,293 INFO server.SCMBlockProtocolServer: Allocating 1 blocks of size 268435456, with ExcludeList {datanodes = [], containerIds = [], pipelineIds = []}
datanode_1  | 2019-10-21 19:30:59,515 INFO impl.RoleInfo: 531151df-dc2c-4142-8655-b0ea25b633f9: start FollowerState
datanode_3  | 2019-10-21 19:30:58,172 INFO impl.RoleInfo: 23743e1f-8954-4e3e-80b1-77bbfa6169e9: shutdown FollowerState
datanode_2  | 2019-10-21 19:30:59,005 INFO impl.RoleInfo: 56f3e77b-c3e2-4de3-8d39-1bcc0dc5be34: shutdown FollowerState
scm_1       | 2019-10-21 19:31:18,312 INFO server.SCMBlockProtocolServer: Allocating 1 blocks of size 268435456, with ExcludeList {datanodes = [], containerIds = [], pipelineIds = []}
datanode_1  | 2019-10-21 19:30:59,688 INFO impl.RaftServerImpl: 531151df-dc2c-4142-8655-b0ea25b633f9@group-91A3E4C07903: changes role from  FOLLOWER to FOLLOWER at term 16 for recognizeCandidate:56f3e77b-c3e2-4de3-8d39-1bcc0dc5be34
datanode_3  | 2019-10-21 19:30:58,172 INFO impl.RoleInfo: 23743e1f-8954-4e3e-80b1-77bbfa6169e9: start FollowerState
datanode_2  | 2019-10-21 19:30:59,005 INFO impl.RaftServerImpl: 56f3e77b-c3e2-4de3-8d39-1bcc0dc5be34@group-91A3E4C07903: changes role from  FOLLOWER to CANDIDATE at term 11 for changeToCandidate
scm_1       | 2019-10-21 19:31:18,330 INFO server.SCMBlockProtocolServer: Allocating 1 blocks of size 268435456, with ExcludeList {datanodes = [], containerIds = [], pipelineIds = []}
datanode_1  | 2019-10-21 19:30:59,688 INFO impl.RoleInfo: 531151df-dc2c-4142-8655-b0ea25b633f9: shutdown FollowerState
datanode_3  | 2019-10-21 19:30:58,172 INFO impl.FollowerState: 23743e1f-8954-4e3e-80b1-77bbfa6169e9@group-91A3E4C07903-FollowerState was interrupted: java.lang.InterruptedException: sleep interrupted
scm_1       | 2019-10-21 19:31:18,350 INFO server.SCMBlockProtocolServer: Allocating 1 blocks of size 268435456, with ExcludeList {datanodes = [], containerIds = [], pipelineIds = []}
datanode_2  | 2019-10-21 19:30:59,006 INFO impl.RoleInfo: 56f3e77b-c3e2-4de3-8d39-1bcc0dc5be34: start LeaderElection
datanode_1  | 2019-10-21 19:30:59,689 INFO impl.RoleInfo: 531151df-dc2c-4142-8655-b0ea25b633f9: start FollowerState
datanode_3  | 2019-10-21 19:30:58,177 INFO server.GrpcLogAppender: 23743e1f-8954-4e3e-80b1-77bbfa6169e9@group-91A3E4C07903->56f3e77b-c3e2-4de3-8d39-1bcc0dc5be34-AppendLogResponseHandler: follower responses appendEntries COMPLETED
scm_1       | 2019-10-21 19:31:18,371 INFO server.SCMBlockProtocolServer: Allocating 1 blocks of size 268435456, with ExcludeList {datanodes = [], containerIds = [], pipelineIds = []}
datanode_1  | 2019-10-21 19:30:59,689 INFO impl.FollowerState: 531151df-dc2c-4142-8655-b0ea25b633f9@group-91A3E4C07903-FollowerState was interrupted: java.lang.InterruptedException: sleep interrupted
datanode_2  | 2019-10-21 19:30:59,091 INFO impl.LeaderElection: 56f3e77b-c3e2-4de3-8d39-1bcc0dc5be34@group-91A3E4C07903-LeaderElection9: begin an election at term 12 for -1: [23743e1f-8954-4e3e-80b1-77bbfa6169e9:172.18.0.7:9858, 56f3e77b-c3e2-4de3-8d39-1bcc0dc5be34:172.18.0.6:9858, 531151df-dc2c-4142-8655-b0ea25b633f9:172.18.0.4:9858], old=null
datanode_3  | 2019-10-21 19:30:58,181 INFO impl.FollowerInfo: 23743e1f-8954-4e3e-80b1-77bbfa6169e9@group-91A3E4C07903->56f3e77b-c3e2-4de3-8d39-1bcc0dc5be34: nextIndex: updateUnconditionally 0 -> 0
scm_1       | 2019-10-21 19:31:18,393 INFO server.SCMBlockProtocolServer: Allocating 1 blocks of size 268435456, with ExcludeList {datanodes = [], containerIds = [], pipelineIds = []}
datanode_1  | 2019-10-21 19:30:59,885 INFO impl.RaftServerImpl: 531151df-dc2c-4142-8655-b0ea25b633f9@group-91A3E4C07903: changes role from  FOLLOWER to FOLLOWER at term 17 for recognizeCandidate:56f3e77b-c3e2-4de3-8d39-1bcc0dc5be34
datanode_2  | 2019-10-21 19:30:59,163 INFO impl.LeaderElection: 56f3e77b-c3e2-4de3-8d39-1bcc0dc5be34@group-91A3E4C07903-LeaderElection9: Election REJECTED; received 2 response(s) [56f3e77b-c3e2-4de3-8d39-1bcc0dc5be34<-23743e1f-8954-4e3e-80b1-77bbfa6169e9#0:FAIL-t12, 56f3e77b-c3e2-4de3-8d39-1bcc0dc5be34<-531151df-dc2c-4142-8655-b0ea25b633f9#0:FAIL-t12] and 0 exception(s); 56f3e77b-c3e2-4de3-8d39-1bcc0dc5be34@group-91A3E4C07903:t12, leader=null, voted=56f3e77b-c3e2-4de3-8d39-1bcc0dc5be34, raftlog=56f3e77b-c3e2-4de3-8d39-1bcc0dc5be34@group-91A3E4C07903-SegmentedRaftLog:OPENED:c-1,f-1,i0, conf=-1: [23743e1f-8954-4e3e-80b1-77bbfa6169e9:172.18.0.7:9858, 56f3e77b-c3e2-4de3-8d39-1bcc0dc5be34:172.18.0.6:9858, 531151df-dc2c-4142-8655-b0ea25b633f9:172.18.0.4:9858], old=null
datanode_3  | 2019-10-21 19:30:58,342 INFO impl.RaftServerImpl: 23743e1f-8954-4e3e-80b1-77bbfa6169e9@group-91A3E4C07903: changes role from  FOLLOWER to FOLLOWER at term 7 for recognizeCandidate:56f3e77b-c3e2-4de3-8d39-1bcc0dc5be34
scm_1       | 2019-10-21 19:31:18,419 INFO server.SCMBlockProtocolServer: Allocating 1 blocks of size 268435456, with ExcludeList {datanodes = [], containerIds = [], pipelineIds = []}
datanode_1  | 2019-10-21 19:30:59,885 INFO impl.RoleInfo: 531151df-dc2c-4142-8655-b0ea25b633f9: shutdown FollowerState
datanode_2  | 2019-10-21 19:30:59,163 INFO impl.RaftServerImpl: 56f3e77b-c3e2-4de3-8d39-1bcc0dc5be34@group-91A3E4C07903: changes role from CANDIDATE to FOLLOWER at term 12 for DISCOVERED_A_NEW_TERM
datanode_3  | 2019-10-21 19:30:58,342 INFO impl.RoleInfo: 23743e1f-8954-4e3e-80b1-77bbfa6169e9: shutdown FollowerState
scm_1       | 2019-10-21 19:31:18,448 INFO server.SCMBlockProtocolServer: Allocating 1 blocks of size 268435456, with ExcludeList {datanodes = [], containerIds = [], pipelineIds = []}
datanode_1  | 2019-10-21 19:30:59,885 INFO impl.FollowerState: 531151df-dc2c-4142-8655-b0ea25b633f9@group-91A3E4C07903-FollowerState was interrupted: java.lang.InterruptedException: sleep interrupted
datanode_2  | 2019-10-21 19:30:59,164 INFO impl.RoleInfo: 56f3e77b-c3e2-4de3-8d39-1bcc0dc5be34: shutdown LeaderElection
datanode_3  | 2019-10-21 19:30:58,342 INFO impl.RoleInfo: 23743e1f-8954-4e3e-80b1-77bbfa6169e9: start FollowerState
scm_1       | 2019-10-21 19:31:18,468 INFO server.SCMBlockProtocolServer: Allocating 1 blocks of size 268435456, with ExcludeList {datanodes = [], containerIds = [], pipelineIds = []}
datanode_1  | 2019-10-21 19:30:59,885 INFO impl.RoleInfo: 531151df-dc2c-4142-8655-b0ea25b633f9: start FollowerState
datanode_3  | 2019-10-21 19:30:58,342 INFO impl.FollowerState: 23743e1f-8954-4e3e-80b1-77bbfa6169e9@group-91A3E4C07903-FollowerState was interrupted: java.lang.InterruptedException: sleep interrupted
datanode_2  | 2019-10-21 19:30:59,164 INFO impl.RoleInfo: 56f3e77b-c3e2-4de3-8d39-1bcc0dc5be34: start FollowerState
scm_1       | 2019-10-21 19:31:18,487 INFO server.SCMBlockProtocolServer: Allocating 1 blocks of size 268435456, with ExcludeList {datanodes = [], containerIds = [], pipelineIds = []}
datanode_1  | 2019-10-21 19:30:59,995 INFO impl.RaftServerImpl: 531151df-dc2c-4142-8655-b0ea25b633f9@group-91A3E4C07903: changes role from  FOLLOWER to FOLLOWER at term 18 for recognizeCandidate:56f3e77b-c3e2-4de3-8d39-1bcc0dc5be34
datanode_3  | 2019-10-21 19:30:58,463 INFO impl.RaftServerImpl: 23743e1f-8954-4e3e-80b1-77bbfa6169e9@group-91A3E4C07903: changes role from  FOLLOWER to FOLLOWER at term 8 for recognizeCandidate:56f3e77b-c3e2-4de3-8d39-1bcc0dc5be34
datanode_2  | 2019-10-21 19:30:59,216 INFO impl.FollowerState: 56f3e77b-c3e2-4de3-8d39-1bcc0dc5be34@group-91A3E4C07903-FollowerState: change to CANDIDATE, lastRpcTime:51ms, electionTimeout:51ms
scm_1       | 2019-10-21 19:31:18,505 INFO server.SCMBlockProtocolServer: Allocating 1 blocks of size 268435456, with ExcludeList {datanodes = [], containerIds = [], pipelineIds = []}
datanode_1  | 2019-10-21 19:30:59,995 INFO impl.RoleInfo: 531151df-dc2c-4142-8655-b0ea25b633f9: shutdown FollowerState
datanode_3  | 2019-10-21 19:30:58,464 INFO impl.RoleInfo: 23743e1f-8954-4e3e-80b1-77bbfa6169e9: shutdown FollowerState
datanode_2  | 2019-10-21 19:30:59,216 INFO impl.RoleInfo: 56f3e77b-c3e2-4de3-8d39-1bcc0dc5be34: shutdown FollowerState
datanode_3  | 2019-10-21 19:30:58,464 INFO impl.FollowerState: 23743e1f-8954-4e3e-80b1-77bbfa6169e9@group-91A3E4C07903-FollowerState was interrupted: java.lang.InterruptedException: sleep interrupted
datanode_2  | 2019-10-21 19:30:59,217 INFO impl.RaftServerImpl: 56f3e77b-c3e2-4de3-8d39-1bcc0dc5be34@group-91A3E4C07903: changes role from  FOLLOWER to CANDIDATE at term 12 for changeToCandidate
datanode_1  | 2019-10-21 19:30:59,995 INFO impl.FollowerState: 531151df-dc2c-4142-8655-b0ea25b633f9@group-91A3E4C07903-FollowerState was interrupted: java.lang.InterruptedException: sleep interrupted
datanode_3  | 2019-10-21 19:30:58,464 INFO impl.RoleInfo: 23743e1f-8954-4e3e-80b1-77bbfa6169e9: start FollowerState
datanode_2  | 2019-10-21 19:30:59,217 INFO impl.RoleInfo: 56f3e77b-c3e2-4de3-8d39-1bcc0dc5be34: start LeaderElection
datanode_1  | 2019-10-21 19:30:59,995 INFO impl.RoleInfo: 531151df-dc2c-4142-8655-b0ea25b633f9: start FollowerState
datanode_3  | 2019-10-21 19:30:58,693 INFO impl.RaftServerImpl: 23743e1f-8954-4e3e-80b1-77bbfa6169e9@group-91A3E4C07903: changes role from  FOLLOWER to FOLLOWER at term 9 for recognizeCandidate:56f3e77b-c3e2-4de3-8d39-1bcc0dc5be34
datanode_2  | 2019-10-21 19:30:59,231 INFO impl.LeaderElection: 56f3e77b-c3e2-4de3-8d39-1bcc0dc5be34@group-91A3E4C07903-LeaderElection10: begin an election at term 13 for -1: [23743e1f-8954-4e3e-80b1-77bbfa6169e9:172.18.0.7:9858, 56f3e77b-c3e2-4de3-8d39-1bcc0dc5be34:172.18.0.6:9858, 531151df-dc2c-4142-8655-b0ea25b633f9:172.18.0.4:9858], old=null
datanode_1  | 2019-10-21 19:31:00,127 INFO impl.RaftServerImpl: 531151df-dc2c-4142-8655-b0ea25b633f9@group-91A3E4C07903: changes role from  FOLLOWER to FOLLOWER at term 19 for recognizeCandidate:56f3e77b-c3e2-4de3-8d39-1bcc0dc5be34
datanode_3  | 2019-10-21 19:30:58,693 INFO impl.RoleInfo: 23743e1f-8954-4e3e-80b1-77bbfa6169e9: shutdown FollowerState
datanode_2  | 2019-10-21 19:30:59,275 INFO impl.LeaderElection: 56f3e77b-c3e2-4de3-8d39-1bcc0dc5be34@group-91A3E4C07903-LeaderElection10: Election REJECTED; received 2 response(s) [56f3e77b-c3e2-4de3-8d39-1bcc0dc5be34<-23743e1f-8954-4e3e-80b1-77bbfa6169e9#0:FAIL-t13, 56f3e77b-c3e2-4de3-8d39-1bcc0dc5be34<-531151df-dc2c-4142-8655-b0ea25b633f9#0:FAIL-t13] and 0 exception(s); 56f3e77b-c3e2-4de3-8d39-1bcc0dc5be34@group-91A3E4C07903:t13, leader=null, voted=56f3e77b-c3e2-4de3-8d39-1bcc0dc5be34, raftlog=56f3e77b-c3e2-4de3-8d39-1bcc0dc5be34@group-91A3E4C07903-SegmentedRaftLog:OPENED:c-1,f-1,i0, conf=-1: [23743e1f-8954-4e3e-80b1-77bbfa6169e9:172.18.0.7:9858, 56f3e77b-c3e2-4de3-8d39-1bcc0dc5be34:172.18.0.6:9858, 531151df-dc2c-4142-8655-b0ea25b633f9:172.18.0.4:9858], old=null
datanode_1  | 2019-10-21 19:31:00,127 INFO impl.RoleInfo: 531151df-dc2c-4142-8655-b0ea25b633f9: shutdown FollowerState
datanode_3  | 2019-10-21 19:30:58,693 INFO impl.FollowerState: 23743e1f-8954-4e3e-80b1-77bbfa6169e9@group-91A3E4C07903-FollowerState was interrupted: java.lang.InterruptedException: sleep interrupted
datanode_2  | 2019-10-21 19:30:59,275 INFO impl.RaftServerImpl: 56f3e77b-c3e2-4de3-8d39-1bcc0dc5be34@group-91A3E4C07903: changes role from CANDIDATE to FOLLOWER at term 13 for DISCOVERED_A_NEW_TERM
datanode_1  | 2019-10-21 19:31:00,127 INFO impl.FollowerState: 531151df-dc2c-4142-8655-b0ea25b633f9@group-91A3E4C07903-FollowerState was interrupted: java.lang.InterruptedException: sleep interrupted
datanode_2  | 2019-10-21 19:30:59,276 INFO impl.RoleInfo: 56f3e77b-c3e2-4de3-8d39-1bcc0dc5be34: shutdown LeaderElection
datanode_3  | 2019-10-21 19:30:58,693 INFO impl.RoleInfo: 23743e1f-8954-4e3e-80b1-77bbfa6169e9: start FollowerState
datanode_1  | 2019-10-21 19:31:00,127 INFO impl.RoleInfo: 531151df-dc2c-4142-8655-b0ea25b633f9: start FollowerState
datanode_2  | 2019-10-21 19:30:59,276 INFO impl.RoleInfo: 56f3e77b-c3e2-4de3-8d39-1bcc0dc5be34: start FollowerState
datanode_3  | 2019-10-21 19:30:58,741 INFO impl.RaftServerImpl: 23743e1f-8954-4e3e-80b1-77bbfa6169e9@group-91A3E4C07903: changes role from  FOLLOWER to FOLLOWER at term 10 for recognizeCandidate:56f3e77b-c3e2-4de3-8d39-1bcc0dc5be34
datanode_2  | 2019-10-21 19:30:59,304 INFO impl.FollowerState: 56f3e77b-c3e2-4de3-8d39-1bcc0dc5be34@group-91A3E4C07903-FollowerState: change to CANDIDATE, lastRpcTime:27ms, electionTimeout:27ms
datanode_3  | 2019-10-21 19:30:58,741 INFO impl.RoleInfo: 23743e1f-8954-4e3e-80b1-77bbfa6169e9: shutdown FollowerState
datanode_2  | 2019-10-21 19:30:59,304 INFO impl.RoleInfo: 56f3e77b-c3e2-4de3-8d39-1bcc0dc5be34: shutdown FollowerState
datanode_3  | 2019-10-21 19:30:58,742 INFO impl.RoleInfo: 23743e1f-8954-4e3e-80b1-77bbfa6169e9: start FollowerState
datanode_1  | 2019-10-21 19:31:00,172 INFO impl.RaftServerImpl: 531151df-dc2c-4142-8655-b0ea25b633f9@group-91A3E4C07903: changes role from  FOLLOWER to FOLLOWER at term 20 for recognizeCandidate:56f3e77b-c3e2-4de3-8d39-1bcc0dc5be34
datanode_3  | 2019-10-21 19:30:58,742 INFO impl.FollowerState: 23743e1f-8954-4e3e-80b1-77bbfa6169e9@group-91A3E4C07903-FollowerState was interrupted: java.lang.InterruptedException: sleep interrupted
datanode_1  | 2019-10-21 19:31:00,173 INFO impl.RoleInfo: 531151df-dc2c-4142-8655-b0ea25b633f9: shutdown FollowerState
datanode_2  | 2019-10-21 19:30:59,304 INFO impl.RaftServerImpl: 56f3e77b-c3e2-4de3-8d39-1bcc0dc5be34@group-91A3E4C07903: changes role from  FOLLOWER to CANDIDATE at term 13 for changeToCandidate
datanode_1  | 2019-10-21 19:31:00,173 INFO impl.RoleInfo: 531151df-dc2c-4142-8655-b0ea25b633f9: start FollowerState
datanode_3  | 2019-10-21 19:30:58,802 INFO impl.RaftServerImpl: 23743e1f-8954-4e3e-80b1-77bbfa6169e9@group-91A3E4C07903: changes role from  FOLLOWER to FOLLOWER at term 11 for recognizeCandidate:56f3e77b-c3e2-4de3-8d39-1bcc0dc5be34
datanode_2  | 2019-10-21 19:30:59,304 INFO impl.RoleInfo: 56f3e77b-c3e2-4de3-8d39-1bcc0dc5be34: start LeaderElection
datanode_1  | 2019-10-21 19:31:00,173 INFO impl.FollowerState: 531151df-dc2c-4142-8655-b0ea25b633f9@group-91A3E4C07903-FollowerState was interrupted: java.lang.InterruptedException: sleep interrupted
datanode_3  | 2019-10-21 19:30:58,802 INFO impl.RoleInfo: 23743e1f-8954-4e3e-80b1-77bbfa6169e9: shutdown FollowerState
datanode_2  | 2019-10-21 19:30:59,329 INFO impl.LeaderElection: 56f3e77b-c3e2-4de3-8d39-1bcc0dc5be34@group-91A3E4C07903-LeaderElection11: begin an election at term 14 for -1: [23743e1f-8954-4e3e-80b1-77bbfa6169e9:172.18.0.7:9858, 56f3e77b-c3e2-4de3-8d39-1bcc0dc5be34:172.18.0.6:9858, 531151df-dc2c-4142-8655-b0ea25b633f9:172.18.0.4:9858], old=null
datanode_1  | 2019-10-21 19:31:00,309 INFO impl.RaftServerImpl: 531151df-dc2c-4142-8655-b0ea25b633f9@group-91A3E4C07903: changes role from  FOLLOWER to FOLLOWER at term 21 for recognizeCandidate:56f3e77b-c3e2-4de3-8d39-1bcc0dc5be34
datanode_3  | 2019-10-21 19:30:58,802 INFO impl.RoleInfo: 23743e1f-8954-4e3e-80b1-77bbfa6169e9: start FollowerState
datanode_1  | 2019-10-21 19:31:00,310 INFO impl.RoleInfo: 531151df-dc2c-4142-8655-b0ea25b633f9: shutdown FollowerState
datanode_2  | 2019-10-21 19:30:59,383 INFO impl.LeaderElection: 56f3e77b-c3e2-4de3-8d39-1bcc0dc5be34@group-91A3E4C07903-LeaderElection11: Election REJECTED; received 2 response(s) [56f3e77b-c3e2-4de3-8d39-1bcc0dc5be34<-23743e1f-8954-4e3e-80b1-77bbfa6169e9#0:FAIL-t14, 56f3e77b-c3e2-4de3-8d39-1bcc0dc5be34<-531151df-dc2c-4142-8655-b0ea25b633f9#0:FAIL-t14] and 0 exception(s); 56f3e77b-c3e2-4de3-8d39-1bcc0dc5be34@group-91A3E4C07903:t14, leader=null, voted=56f3e77b-c3e2-4de3-8d39-1bcc0dc5be34, raftlog=56f3e77b-c3e2-4de3-8d39-1bcc0dc5be34@group-91A3E4C07903-SegmentedRaftLog:OPENED:c-1,f-1,i0, conf=-1: [23743e1f-8954-4e3e-80b1-77bbfa6169e9:172.18.0.7:9858, 56f3e77b-c3e2-4de3-8d39-1bcc0dc5be34:172.18.0.6:9858, 531151df-dc2c-4142-8655-b0ea25b633f9:172.18.0.4:9858], old=null
datanode_3  | 2019-10-21 19:30:58,802 INFO impl.FollowerState: 23743e1f-8954-4e3e-80b1-77bbfa6169e9@group-91A3E4C07903-FollowerState was interrupted: java.lang.InterruptedException: sleep interrupted
datanode_1  | 2019-10-21 19:31:00,310 INFO impl.RoleInfo: 531151df-dc2c-4142-8655-b0ea25b633f9: start FollowerState
datanode_2  | 2019-10-21 19:30:59,384 INFO impl.RaftServerImpl: 56f3e77b-c3e2-4de3-8d39-1bcc0dc5be34@group-91A3E4C07903: changes role from CANDIDATE to FOLLOWER at term 14 for DISCOVERED_A_NEW_TERM
datanode_3  | 2019-10-21 19:30:59,122 INFO impl.RaftServerImpl: 23743e1f-8954-4e3e-80b1-77bbfa6169e9@group-91A3E4C07903: changes role from  FOLLOWER to FOLLOWER at term 12 for recognizeCandidate:56f3e77b-c3e2-4de3-8d39-1bcc0dc5be34
datanode_2  | 2019-10-21 19:30:59,384 INFO impl.RoleInfo: 56f3e77b-c3e2-4de3-8d39-1bcc0dc5be34: shutdown LeaderElection
datanode_1  | 2019-10-21 19:31:00,310 INFO impl.FollowerState: 531151df-dc2c-4142-8655-b0ea25b633f9@group-91A3E4C07903-FollowerState was interrupted: java.lang.InterruptedException: sleep interrupted
datanode_3  | 2019-10-21 19:30:59,122 INFO impl.RoleInfo: 23743e1f-8954-4e3e-80b1-77bbfa6169e9: shutdown FollowerState
datanode_2  | 2019-10-21 19:30:59,384 INFO impl.RoleInfo: 56f3e77b-c3e2-4de3-8d39-1bcc0dc5be34: start FollowerState
datanode_1  | 2019-10-21 19:31:00,353 INFO impl.RaftServerImpl: 531151df-dc2c-4142-8655-b0ea25b633f9@group-91A3E4C07903: changes role from  FOLLOWER to FOLLOWER at term 22 for recognizeCandidate:56f3e77b-c3e2-4de3-8d39-1bcc0dc5be34
datanode_3  | 2019-10-21 19:30:59,123 INFO impl.RoleInfo: 23743e1f-8954-4e3e-80b1-77bbfa6169e9: start FollowerState
datanode_2  | 2019-10-21 19:30:59,464 INFO impl.FollowerState: 56f3e77b-c3e2-4de3-8d39-1bcc0dc5be34@group-91A3E4C07903-FollowerState: change to CANDIDATE, lastRpcTime:79ms, electionTimeout:79ms
datanode_1  | 2019-10-21 19:31:00,353 INFO impl.RoleInfo: 531151df-dc2c-4142-8655-b0ea25b633f9: shutdown FollowerState
datanode_3  | 2019-10-21 19:30:59,123 INFO impl.FollowerState: 23743e1f-8954-4e3e-80b1-77bbfa6169e9@group-91A3E4C07903-FollowerState was interrupted: java.lang.InterruptedException: sleep interrupted
datanode_2  | 2019-10-21 19:30:59,464 INFO impl.RoleInfo: 56f3e77b-c3e2-4de3-8d39-1bcc0dc5be34: shutdown FollowerState
datanode_1  | 2019-10-21 19:31:00,353 INFO impl.FollowerState: 531151df-dc2c-4142-8655-b0ea25b633f9@group-91A3E4C07903-FollowerState was interrupted: java.lang.InterruptedException: sleep interrupted
datanode_3  | 2019-10-21 19:30:59,256 INFO impl.RaftServerImpl: 23743e1f-8954-4e3e-80b1-77bbfa6169e9@group-91A3E4C07903: changes role from  FOLLOWER to FOLLOWER at term 13 for recognizeCandidate:56f3e77b-c3e2-4de3-8d39-1bcc0dc5be34
datanode_2  | 2019-10-21 19:30:59,465 INFO impl.RaftServerImpl: 56f3e77b-c3e2-4de3-8d39-1bcc0dc5be34@group-91A3E4C07903: changes role from  FOLLOWER to CANDIDATE at term 14 for changeToCandidate
datanode_1  | 2019-10-21 19:31:00,353 INFO impl.RoleInfo: 531151df-dc2c-4142-8655-b0ea25b633f9: start FollowerState
datanode_3  | 2019-10-21 19:30:59,256 INFO impl.RoleInfo: 23743e1f-8954-4e3e-80b1-77bbfa6169e9: shutdown FollowerState
datanode_2  | 2019-10-21 19:30:59,465 INFO impl.RoleInfo: 56f3e77b-c3e2-4de3-8d39-1bcc0dc5be34: start LeaderElection
datanode_1  | 2019-10-21 19:31:00,532 INFO impl.RaftServerImpl: 531151df-dc2c-4142-8655-b0ea25b633f9@group-91A3E4C07903: changes role from  FOLLOWER to FOLLOWER at term 23 for recognizeCandidate:56f3e77b-c3e2-4de3-8d39-1bcc0dc5be34
datanode_1  | 2019-10-21 19:31:00,532 INFO impl.RoleInfo: 531151df-dc2c-4142-8655-b0ea25b633f9: shutdown FollowerState
datanode_3  | 2019-10-21 19:30:59,256 INFO impl.RoleInfo: 23743e1f-8954-4e3e-80b1-77bbfa6169e9: start FollowerState
datanode_2  | 2019-10-21 19:30:59,489 INFO impl.LeaderElection: 56f3e77b-c3e2-4de3-8d39-1bcc0dc5be34@group-91A3E4C07903-LeaderElection12: begin an election at term 15 for -1: [23743e1f-8954-4e3e-80b1-77bbfa6169e9:172.18.0.7:9858, 56f3e77b-c3e2-4de3-8d39-1bcc0dc5be34:172.18.0.6:9858, 531151df-dc2c-4142-8655-b0ea25b633f9:172.18.0.4:9858], old=null
datanode_1  | 2019-10-21 19:31:00,532 INFO impl.FollowerState: 531151df-dc2c-4142-8655-b0ea25b633f9@group-91A3E4C07903-FollowerState was interrupted: java.lang.InterruptedException: sleep interrupted
datanode_2  | 2019-10-21 19:30:59,543 INFO impl.LeaderElection: 56f3e77b-c3e2-4de3-8d39-1bcc0dc5be34@group-91A3E4C07903-LeaderElection12: Election REJECTED; received 2 response(s) [56f3e77b-c3e2-4de3-8d39-1bcc0dc5be34<-23743e1f-8954-4e3e-80b1-77bbfa6169e9#0:FAIL-t15, 56f3e77b-c3e2-4de3-8d39-1bcc0dc5be34<-531151df-dc2c-4142-8655-b0ea25b633f9#0:FAIL-t15] and 0 exception(s); 56f3e77b-c3e2-4de3-8d39-1bcc0dc5be34@group-91A3E4C07903:t15, leader=null, voted=56f3e77b-c3e2-4de3-8d39-1bcc0dc5be34, raftlog=56f3e77b-c3e2-4de3-8d39-1bcc0dc5be34@group-91A3E4C07903-SegmentedRaftLog:OPENED:c-1,f-1,i0, conf=-1: [23743e1f-8954-4e3e-80b1-77bbfa6169e9:172.18.0.7:9858, 56f3e77b-c3e2-4de3-8d39-1bcc0dc5be34:172.18.0.6:9858, 531151df-dc2c-4142-8655-b0ea25b633f9:172.18.0.4:9858], old=null
datanode_3  | 2019-10-21 19:30:59,256 INFO impl.FollowerState: 23743e1f-8954-4e3e-80b1-77bbfa6169e9@group-91A3E4C07903-FollowerState was interrupted: java.lang.InterruptedException: sleep interrupted
datanode_1  | 2019-10-21 19:31:00,532 INFO impl.RoleInfo: 531151df-dc2c-4142-8655-b0ea25b633f9: start FollowerState
datanode_2  | 2019-10-21 19:30:59,544 INFO impl.RaftServerImpl: 56f3e77b-c3e2-4de3-8d39-1bcc0dc5be34@group-91A3E4C07903: changes role from CANDIDATE to FOLLOWER at term 15 for DISCOVERED_A_NEW_TERM
datanode_3  | 2019-10-21 19:30:59,357 INFO impl.RaftServerImpl: 23743e1f-8954-4e3e-80b1-77bbfa6169e9@group-91A3E4C07903: changes role from  FOLLOWER to FOLLOWER at term 14 for recognizeCandidate:56f3e77b-c3e2-4de3-8d39-1bcc0dc5be34
datanode_2  | 2019-10-21 19:30:59,546 INFO impl.RoleInfo: 56f3e77b-c3e2-4de3-8d39-1bcc0dc5be34: shutdown LeaderElection
datanode_2  | 2019-10-21 19:30:59,547 INFO impl.RoleInfo: 56f3e77b-c3e2-4de3-8d39-1bcc0dc5be34: start FollowerState
datanode_1  | 2019-10-21 19:31:00,655 INFO impl.RaftServerImpl: 531151df-dc2c-4142-8655-b0ea25b633f9@group-91A3E4C07903: changes role from  FOLLOWER to FOLLOWER at term 24 for recognizeCandidate:56f3e77b-c3e2-4de3-8d39-1bcc0dc5be34
datanode_3  | 2019-10-21 19:30:59,357 INFO impl.RoleInfo: 23743e1f-8954-4e3e-80b1-77bbfa6169e9: shutdown FollowerState
datanode_2  | 2019-10-21 19:30:59,650 INFO impl.FollowerState: 56f3e77b-c3e2-4de3-8d39-1bcc0dc5be34@group-91A3E4C07903-FollowerState: change to CANDIDATE, lastRpcTime:103ms, electionTimeout:103ms
datanode_1  | 2019-10-21 19:31:00,655 INFO impl.RoleInfo: 531151df-dc2c-4142-8655-b0ea25b633f9: shutdown FollowerState
datanode_3  | 2019-10-21 19:30:59,357 INFO impl.RoleInfo: 23743e1f-8954-4e3e-80b1-77bbfa6169e9: start FollowerState
datanode_1  | 2019-10-21 19:31:00,655 INFO impl.FollowerState: 531151df-dc2c-4142-8655-b0ea25b633f9@group-91A3E4C07903-FollowerState was interrupted: java.lang.InterruptedException: sleep interrupted
datanode_2  | 2019-10-21 19:30:59,651 INFO impl.RoleInfo: 56f3e77b-c3e2-4de3-8d39-1bcc0dc5be34: shutdown FollowerState
datanode_3  | 2019-10-21 19:30:59,357 INFO impl.FollowerState: 23743e1f-8954-4e3e-80b1-77bbfa6169e9@group-91A3E4C07903-FollowerState was interrupted: java.lang.InterruptedException: sleep interrupted
datanode_1  | 2019-10-21 19:31:00,655 INFO impl.RoleInfo: 531151df-dc2c-4142-8655-b0ea25b633f9: start FollowerState
datanode_2  | 2019-10-21 19:30:59,651 INFO impl.RaftServerImpl: 56f3e77b-c3e2-4de3-8d39-1bcc0dc5be34@group-91A3E4C07903: changes role from  FOLLOWER to CANDIDATE at term 15 for changeToCandidate
datanode_3  | 2019-10-21 19:30:59,516 INFO impl.RaftServerImpl: 23743e1f-8954-4e3e-80b1-77bbfa6169e9@group-91A3E4C07903: changes role from  FOLLOWER to FOLLOWER at term 15 for recognizeCandidate:56f3e77b-c3e2-4de3-8d39-1bcc0dc5be34
datanode_1  | 2019-10-21 19:31:00,743 INFO impl.RaftServerImpl: 531151df-dc2c-4142-8655-b0ea25b633f9@group-91A3E4C07903: changes role from  FOLLOWER to FOLLOWER at term 25 for recognizeCandidate:56f3e77b-c3e2-4de3-8d39-1bcc0dc5be34
datanode_2  | 2019-10-21 19:30:59,651 INFO impl.RoleInfo: 56f3e77b-c3e2-4de3-8d39-1bcc0dc5be34: start LeaderElection
datanode_1  | 2019-10-21 19:31:00,743 INFO impl.RoleInfo: 531151df-dc2c-4142-8655-b0ea25b633f9: shutdown FollowerState
datanode_2  | 2019-10-21 19:30:59,665 INFO impl.LeaderElection: 56f3e77b-c3e2-4de3-8d39-1bcc0dc5be34@group-91A3E4C07903-LeaderElection13: begin an election at term 16 for -1: [23743e1f-8954-4e3e-80b1-77bbfa6169e9:172.18.0.7:9858, 56f3e77b-c3e2-4de3-8d39-1bcc0dc5be34:172.18.0.6:9858, 531151df-dc2c-4142-8655-b0ea25b633f9:172.18.0.4:9858], old=null
datanode_3  | 2019-10-21 19:30:59,517 INFO impl.RoleInfo: 23743e1f-8954-4e3e-80b1-77bbfa6169e9: shutdown FollowerState
datanode_1  | 2019-10-21 19:31:00,743 INFO impl.FollowerState: 531151df-dc2c-4142-8655-b0ea25b633f9@group-91A3E4C07903-FollowerState was interrupted: java.lang.InterruptedException: sleep interrupted
datanode_2  | 2019-10-21 19:30:59,720 INFO impl.LeaderElection: 56f3e77b-c3e2-4de3-8d39-1bcc0dc5be34@group-91A3E4C07903-LeaderElection13: Election REJECTED; received 2 response(s) [56f3e77b-c3e2-4de3-8d39-1bcc0dc5be34<-23743e1f-8954-4e3e-80b1-77bbfa6169e9#0:FAIL-t16, 56f3e77b-c3e2-4de3-8d39-1bcc0dc5be34<-531151df-dc2c-4142-8655-b0ea25b633f9#0:FAIL-t16] and 0 exception(s); 56f3e77b-c3e2-4de3-8d39-1bcc0dc5be34@group-91A3E4C07903:t16, leader=null, voted=56f3e77b-c3e2-4de3-8d39-1bcc0dc5be34, raftlog=56f3e77b-c3e2-4de3-8d39-1bcc0dc5be34@group-91A3E4C07903-SegmentedRaftLog:OPENED:c-1,f-1,i0, conf=-1: [23743e1f-8954-4e3e-80b1-77bbfa6169e9:172.18.0.7:9858, 56f3e77b-c3e2-4de3-8d39-1bcc0dc5be34:172.18.0.6:9858, 531151df-dc2c-4142-8655-b0ea25b633f9:172.18.0.4:9858], old=null
datanode_3  | 2019-10-21 19:30:59,517 INFO impl.FollowerState: 23743e1f-8954-4e3e-80b1-77bbfa6169e9@group-91A3E4C07903-FollowerState was interrupted: java.lang.InterruptedException: sleep interrupted
datanode_1  | 2019-10-21 19:31:00,743 INFO impl.RoleInfo: 531151df-dc2c-4142-8655-b0ea25b633f9: start FollowerState
datanode_2  | 2019-10-21 19:30:59,720 INFO impl.RaftServerImpl: 56f3e77b-c3e2-4de3-8d39-1bcc0dc5be34@group-91A3E4C07903: changes role from CANDIDATE to FOLLOWER at term 16 for DISCOVERED_A_NEW_TERM
datanode_3  | 2019-10-21 19:30:59,517 INFO impl.RoleInfo: 23743e1f-8954-4e3e-80b1-77bbfa6169e9: start FollowerState
datanode_1  | 2019-10-21 19:31:00,773 INFO impl.RaftServerImpl: 531151df-dc2c-4142-8655-b0ea25b633f9@group-91A3E4C07903: changes role from  FOLLOWER to FOLLOWER at term 26 for recognizeCandidate:56f3e77b-c3e2-4de3-8d39-1bcc0dc5be34
datanode_2  | 2019-10-21 19:30:59,720 INFO impl.RoleInfo: 56f3e77b-c3e2-4de3-8d39-1bcc0dc5be34: shutdown LeaderElection
datanode_3  | 2019-10-21 19:30:59,690 INFO impl.RaftServerImpl: 23743e1f-8954-4e3e-80b1-77bbfa6169e9@group-91A3E4C07903: changes role from  FOLLOWER to FOLLOWER at term 16 for recognizeCandidate:56f3e77b-c3e2-4de3-8d39-1bcc0dc5be34
datanode_1  | 2019-10-21 19:31:00,773 INFO impl.RoleInfo: 531151df-dc2c-4142-8655-b0ea25b633f9: shutdown FollowerState
datanode_2  | 2019-10-21 19:30:59,720 INFO impl.RoleInfo: 56f3e77b-c3e2-4de3-8d39-1bcc0dc5be34: start FollowerState
datanode_3  | 2019-10-21 19:30:59,690 INFO impl.RoleInfo: 23743e1f-8954-4e3e-80b1-77bbfa6169e9: shutdown FollowerState
datanode_1  | 2019-10-21 19:31:00,774 INFO impl.FollowerState: 531151df-dc2c-4142-8655-b0ea25b633f9@group-91A3E4C07903-FollowerState was interrupted: java.lang.InterruptedException: sleep interrupted
datanode_2  | 2019-10-21 19:30:59,828 INFO impl.FollowerState: 56f3e77b-c3e2-4de3-8d39-1bcc0dc5be34@group-91A3E4C07903-FollowerState: change to CANDIDATE, lastRpcTime:107ms, electionTimeout:107ms
datanode_3  | 2019-10-21 19:30:59,690 INFO impl.RoleInfo: 23743e1f-8954-4e3e-80b1-77bbfa6169e9: start FollowerState
datanode_1  | 2019-10-21 19:31:00,774 INFO impl.RoleInfo: 531151df-dc2c-4142-8655-b0ea25b633f9: start FollowerState
datanode_2  | 2019-10-21 19:30:59,828 INFO impl.RoleInfo: 56f3e77b-c3e2-4de3-8d39-1bcc0dc5be34: shutdown FollowerState
datanode_3  | 2019-10-21 19:30:59,690 INFO impl.FollowerState: 23743e1f-8954-4e3e-80b1-77bbfa6169e9@group-91A3E4C07903-FollowerState was interrupted: java.lang.InterruptedException: sleep interrupted
datanode_1  | 2019-10-21 19:31:00,874 INFO impl.RaftServerImpl: 531151df-dc2c-4142-8655-b0ea25b633f9@group-91A3E4C07903: changes role from  FOLLOWER to FOLLOWER at term 27 for recognizeCandidate:56f3e77b-c3e2-4de3-8d39-1bcc0dc5be34
datanode_2  | 2019-10-21 19:30:59,828 INFO impl.RaftServerImpl: 56f3e77b-c3e2-4de3-8d39-1bcc0dc5be34@group-91A3E4C07903: changes role from  FOLLOWER to CANDIDATE at term 16 for changeToCandidate
datanode_3  | 2019-10-21 19:30:59,883 INFO impl.RaftServerImpl: 23743e1f-8954-4e3e-80b1-77bbfa6169e9@group-91A3E4C07903: changes role from  FOLLOWER to FOLLOWER at term 17 for recognizeCandidate:56f3e77b-c3e2-4de3-8d39-1bcc0dc5be34
datanode_1  | 2019-10-21 19:31:00,874 INFO impl.RoleInfo: 531151df-dc2c-4142-8655-b0ea25b633f9: shutdown FollowerState
datanode_2  | 2019-10-21 19:30:59,829 INFO impl.RoleInfo: 56f3e77b-c3e2-4de3-8d39-1bcc0dc5be34: start LeaderElection
datanode_3  | 2019-10-21 19:30:59,883 INFO impl.RoleInfo: 23743e1f-8954-4e3e-80b1-77bbfa6169e9: shutdown FollowerState
datanode_1  | 2019-10-21 19:31:00,874 INFO impl.FollowerState: 531151df-dc2c-4142-8655-b0ea25b633f9@group-91A3E4C07903-FollowerState was interrupted: java.lang.InterruptedException: sleep interrupted
datanode_2  | 2019-10-21 19:30:59,860 INFO impl.LeaderElection: 56f3e77b-c3e2-4de3-8d39-1bcc0dc5be34@group-91A3E4C07903-LeaderElection14: begin an election at term 17 for -1: [23743e1f-8954-4e3e-80b1-77bbfa6169e9:172.18.0.7:9858, 56f3e77b-c3e2-4de3-8d39-1bcc0dc5be34:172.18.0.6:9858, 531151df-dc2c-4142-8655-b0ea25b633f9:172.18.0.4:9858], old=null
datanode_3  | 2019-10-21 19:30:59,883 INFO impl.RoleInfo: 23743e1f-8954-4e3e-80b1-77bbfa6169e9: start FollowerState
datanode_1  | 2019-10-21 19:31:00,874 INFO impl.RoleInfo: 531151df-dc2c-4142-8655-b0ea25b633f9: start FollowerState
datanode_2  | 2019-10-21 19:30:59,910 INFO impl.LeaderElection: 56f3e77b-c3e2-4de3-8d39-1bcc0dc5be34@group-91A3E4C07903-LeaderElection14: Election REJECTED; received 2 response(s) [56f3e77b-c3e2-4de3-8d39-1bcc0dc5be34<-23743e1f-8954-4e3e-80b1-77bbfa6169e9#0:FAIL-t17, 56f3e77b-c3e2-4de3-8d39-1bcc0dc5be34<-531151df-dc2c-4142-8655-b0ea25b633f9#0:FAIL-t17] and 0 exception(s); 56f3e77b-c3e2-4de3-8d39-1bcc0dc5be34@group-91A3E4C07903:t17, leader=null, voted=56f3e77b-c3e2-4de3-8d39-1bcc0dc5be34, raftlog=56f3e77b-c3e2-4de3-8d39-1bcc0dc5be34@group-91A3E4C07903-SegmentedRaftLog:OPENED:c-1,f-1,i0, conf=-1: [23743e1f-8954-4e3e-80b1-77bbfa6169e9:172.18.0.7:9858, 56f3e77b-c3e2-4de3-8d39-1bcc0dc5be34:172.18.0.6:9858, 531151df-dc2c-4142-8655-b0ea25b633f9:172.18.0.4:9858], old=null
datanode_3  | 2019-10-21 19:30:59,883 INFO impl.FollowerState: 23743e1f-8954-4e3e-80b1-77bbfa6169e9@group-91A3E4C07903-FollowerState was interrupted: java.lang.InterruptedException: sleep interrupted
datanode_1  | 2019-10-21 19:31:00,900 INFO impl.RaftServerImpl: 531151df-dc2c-4142-8655-b0ea25b633f9@group-91A3E4C07903: changes role from  FOLLOWER to FOLLOWER at term 28 for recognizeCandidate:56f3e77b-c3e2-4de3-8d39-1bcc0dc5be34
datanode_2  | 2019-10-21 19:30:59,911 INFO impl.RaftServerImpl: 56f3e77b-c3e2-4de3-8d39-1bcc0dc5be34@group-91A3E4C07903: changes role from CANDIDATE to FOLLOWER at term 17 for DISCOVERED_A_NEW_TERM
datanode_3  | 2019-10-21 19:30:59,986 INFO impl.RaftServerImpl: 23743e1f-8954-4e3e-80b1-77bbfa6169e9@group-91A3E4C07903: changes role from  FOLLOWER to FOLLOWER at term 18 for recognizeCandidate:56f3e77b-c3e2-4de3-8d39-1bcc0dc5be34
datanode_2  | 2019-10-21 19:30:59,911 INFO impl.RoleInfo: 56f3e77b-c3e2-4de3-8d39-1bcc0dc5be34: shutdown LeaderElection
datanode_3  | 2019-10-21 19:30:59,987 INFO impl.RoleInfo: 23743e1f-8954-4e3e-80b1-77bbfa6169e9: shutdown FollowerState
datanode_1  | 2019-10-21 19:31:00,901 INFO impl.RoleInfo: 531151df-dc2c-4142-8655-b0ea25b633f9: shutdown FollowerState
datanode_2  | 2019-10-21 19:30:59,911 INFO impl.RoleInfo: 56f3e77b-c3e2-4de3-8d39-1bcc0dc5be34: start FollowerState
datanode_3  | 2019-10-21 19:30:59,987 INFO impl.FollowerState: 23743e1f-8954-4e3e-80b1-77bbfa6169e9@group-91A3E4C07903-FollowerState was interrupted: java.lang.InterruptedException: sleep interrupted
datanode_1  | 2019-10-21 19:31:00,901 INFO impl.RoleInfo: 531151df-dc2c-4142-8655-b0ea25b633f9: start FollowerState
datanode_2  | 2019-10-21 19:30:59,945 INFO impl.FollowerState: 56f3e77b-c3e2-4de3-8d39-1bcc0dc5be34@group-91A3E4C07903-FollowerState: change to CANDIDATE, lastRpcTime:34ms, electionTimeout:34ms
datanode_3  | 2019-10-21 19:30:59,987 INFO impl.RoleInfo: 23743e1f-8954-4e3e-80b1-77bbfa6169e9: start FollowerState
