om_1          | STARTUP_MSG:   classpath = /etc/hadoop:/opt/hadoop/share/hadoop/common/*:/opt/hadoop/share/ozone/lib/ratis-common-0.5.0-201fc85-SNAPSHOT.jar:/opt/hadoop/share/ozone/lib/ratis-grpc-0.5.0-201fc85-SNAPSHOT.jar:/opt/hadoop/share/ozone/lib/kerb-simplekdc-1.0.1.jar:/opt/hadoop/share/ozone/lib/protobuf-java-2.5.0.jar:/opt/hadoop/share/ozone/lib/bcpkix-jdk15on-1.60.jar:/opt/hadoop/share/ozone/lib/sqlite-jdbc-3.25.2.jar:/opt/hadoop/share/ozone/lib/netty-3.10.5.Final.jar:/opt/hadoop/share/ozone/lib/commons-validator-1.6.jar:/opt/hadoop/share/ozone/lib/jaxb-impl-2.3.0.1.jar:/opt/hadoop/share/ozone/lib/kerb-core-1.0.1.jar:/opt/hadoop/share/ozone/lib/hadoop-ozone-common-0.5.0-SNAPSHOT.jar:/opt/hadoop/share/ozone/lib/ratis-thirdparty-misc-0.2.0.jar:/opt/hadoop/share/ozone/lib/jsr305-3.0.0.jar:/opt/hadoop/share/ozone/lib/leveldbjni-all-1.8.jar:/opt/hadoop/share/ozone/lib/ratis-proto-0.5.0-201fc85-SNAPSHOT.jar:/opt/hadoop/share/ozone/lib/htrace-core4-4.1.0-incubating.jar:/opt/hadoop/share/ozone/lib/hadoop-annotations-3.2.0.jar:/opt/hadoop/share/ozone/lib/hadoop-hdds-tools-0.5.0-SNAPSHOT.jar:/opt/hadoop/share/ozone/lib/kerb-util-1.0.1.jar:/opt/hadoop/share/ozone/lib/dropwizard-metrics-hadoop-metrics2-reporter-0.1.2.jar:/opt/hadoop/share/ozone/lib/jackson-jaxrs-1.9.13.jar:/opt/hadoop/share/ozone/lib/ratis-metrics-0.5.0-201fc85-SNAPSHOT.jar:/opt/hadoop/share/ozone/lib/kerby-xdr-1.0.1.jar:/opt/hadoop/share/ozone/lib/jetty-webapp-9.3.25.v20180904.jar:/opt/hadoop/share/ozone/lib/jackson-core-asl-1.9.13.jar:/opt/hadoop/share/ozone/lib/commons-net-3.6.jar:/opt/hadoop/share/ozone/lib/log4j-api-2.11.0.jar:/opt/hadoop/share/ozone/lib/netty-all-4.0.52.Final.jar:/opt/hadoop/share/ozone/lib/hadoop-hdfs-3.2.0.jar:/opt/hadoop/share/ozone/lib/jline-0.9.94.jar:/opt/hadoop/share/ozone/lib/opentracing-api-0.31.0.jar:/opt/hadoop/share/ozone/lib/hadoop-hdds-server-framework-0.5.0-SNAPSHOT.jar:/opt/hadoop/share/ozone/lib/slf4j-log4j12-1.7.25.jar:/opt/hadoop/share/ozone/lib/hadoop-hdfs-client-3.2.0.jar:/opt/hadoop/share/ozone/lib/kerby-config-1.0.1.jar:/opt/hadoop/share/ozone/lib/jetty-util-9.3.25.v20180904.jar:/opt/hadoop/share/ozone/lib/metrics-ganglia-3.2.5.jar:/opt/hadoop/share/ozone/lib/libthrift-0.12.0.jar:/opt/hadoop/share/ozone/lib/metrics-core-3.2.4.jar:/opt/hadoop/share/ozone/lib/kerby-pkix-1.0.1.jar:/opt/hadoop/share/ozone/lib/xz-1.0.jar:/opt/hadoop/share/ozone/lib/hadoop-hdds-config-0.5.0-SNAPSHOT.jar:/opt/hadoop/share/ozone/lib/nimbus-jose-jwt-4.41.1.jar:/opt/hadoop/share/ozone/lib/jsr311-api-1.1.1.jar:/opt/hadoop/share/ozone/lib/commons-beanutils-1.9.4.jar:/opt/hadoop/share/ozone/lib/javax.servlet-api-3.1.0.jar:/opt/hadoop/share/ozone/lib/kerb-server-1.0.1.jar:/opt/hadoop/share/ozone/lib/zookeeper-3.4.13.jar:/opt/hadoop/share/ozone/lib/avro-1.7.7.jar:/opt/hadoop/share/ozone/lib/kerb-client-1.0.1.jar:/opt/hadoop/share/ozone/lib/jackson-xc-1.9.13.jar:/opt/hadoop/share/ozone/lib/disruptor-3.4.2.jar:/opt/hadoop/share/ozone/lib/guava-11.0.2.jar:/opt/hadoop/share/ozone/lib/hadoop-hdds-common-0.5.0-SNAPSHOT.jar:/opt/hadoop/share/ozone/lib/curator-framework-2.12.0.jar:/opt/hadoop/share/ozone/lib/dnsjava-2.1.7.jar:/opt/hadoop/share/ozone/lib/ratis-client-0.5.0-201fc85-SNAPSHOT.jar:/opt/hadoop/share/ozone/lib/commons-configuration2-2.1.1.jar:/opt/hadoop/share/ozone/lib/json-smart-2.3.jar:/opt/hadoop/share/ozone/lib/token-provider-1.0.1.jar:/opt/hadoop/share/ozone/lib/log4j-1.2.17.jar:/opt/hadoop/share/ozone/lib/commons-daemon-1.0.13.jar:/opt/hadoop/share/ozone/lib/bcprov-jdk15on-1.60.jar:/opt/hadoop/share/ozone/lib/commons-lang3-3.7.jar:/opt/hadoop/share/ozone/lib/commons-compress-1.4.1.jar:/opt/hadoop/share/ozone/lib/jaeger-client-0.34.0.jar:/opt/hadoop/share/ozone/lib/jetty-server-9.3.25.v20180904.jar:/opt/hadoop/share/ozone/lib/accessors-smart-1.2.jar:/opt/hadoop/share/ozone/lib/re2j-1.1.jar:/opt/hadoop/share/ozone/lib/curator-recipes-2.12.0.jar:/opt/hadoop/share/ozone/lib/jackson-core-2.9.9.jar:/opt/hadoop/share/ozone/lib/commons-math3-3.1.1.jar:/opt/hadoop/share/ozone/lib/gmetric4j-1.0.7.jar:/opt/hadoop/share/ozone/lib/opentracing-noop-0.31.0.jar:/opt/hadoop/share/ozone/lib/httpclient-4.5.2.jar:/opt/hadoop/share/ozone/lib/jaeger-core-0.34.0.jar:/opt/hadoop/share/ozone/lib/asm-5.0.4.jar:/opt/hadoop/share/ozone/lib/curator-client-2.12.0.jar:/opt/hadoop/share/ozone/lib/audience-annotations-0.5.0.jar:/opt/hadoop/share/ozone/lib/kerby-util-1.0.1.jar:/opt/hadoop/share/ozone/lib/jackson-mapper-asl-1.9.13.jar:/opt/hadoop/share/ozone/lib/rocksdbjni-6.0.1.jar:/opt/hadoop/share/ozone/lib/jsp-api-2.1.jar:/opt/hadoop/share/ozone/lib/jsch-0.1.54.jar:/opt/hadoop/share/ozone/lib/opentracing-tracerresolver-0.1.5.jar:/opt/hadoop/share/ozone/lib/paranamer-2.3.jar:/opt/hadoop/share/ozone/lib/log4j-core-2.11.0.jar:/opt/hadoop/share/ozone/lib/jetty-io-9.3.25.v20180904.jar:/opt/hadoop/share/ozone/lib/jetty-xml-9.3.25.v20180904.jar:/opt/hadoop/share/ozone/lib/commons-codec-1.11.jar:/opt/hadoop/share/ozone/lib/commons-pool2-2.6.0.jar:/opt/hadoop/share/ozone/lib/gson-2.2.4.jar:/opt/hadoop/share/ozone/lib/jcip-annotations-1.0-1.jar:/opt/hadoop/share/ozone/lib/kerb-admin-1.0.1.jar:/opt/hadoop/share/ozone/lib/okio-1.13.0.jar:/opt/hadoop/share/ozone/lib/commons-io-2.5.jar:/opt/hadoop/share/ozone/lib/snakeyaml-1.16.jar:/opt/hadoop/share/ozone/lib/hadoop-ozone-client-0.5.0-SNAPSHOT.jar:/opt/hadoop/share/ozone/lib/ratis-netty-0.5.0-201fc85-SNAPSHOT.jar:/opt/hadoop/share/ozone/lib/jersey-core-1.19.jar:/opt/hadoop/share/ozone/lib/jackson-databind-2.9.9.jar:/opt/hadoop/share/ozone/lib/hadoop-hdds-container-service-0.5.0-SNAPSHOT.jar:/opt/hadoop/share/ozone/lib/picocli-3.9.6.jar:/opt/hadoop/share/ozone/lib/jaeger-thrift-0.34.0.jar:/opt/hadoop/share/ozone/lib/jackson-annotations-2.9.9.jar:/opt/hadoop/share/ozone/lib/commons-cli-1.2.jar:/opt/hadoop/share/ozone/lib/hadoop-hdds-docs-0.5.0-SNAPSHOT.jar:/opt/hadoop/share/ozone/lib/woodstox-core-5.0.3.jar:/opt/hadoop/share/ozone/lib/javax.annotation-api-1.2.jar:/opt/hadoop/share/ozone/lib/snappy-java-1.0.5.jar:/opt/hadoop/share/ozone/lib/jaeger-tracerresolver-0.34.0.jar:/opt/hadoop/share/ozone/lib/jetty-security-9.3.25.v20180904.jar:/opt/hadoop/share/ozone/lib/jetty-http-9.3.25.v20180904.jar:/opt/hadoop/share/ozone/lib/kerby-asn1-1.0.1.jar:/opt/hadoop/share/ozone/lib/okhttp-3.9.0.jar:/opt/hadoop/share/ozone/lib/ratis-server-0.5.0-201fc85-SNAPSHOT.jar:/opt/hadoop/share/ozone/lib/stax2-api-3.1.4.jar:/opt/hadoop/share/ozone/lib/commons-digester-1.8.1.jar:/opt/hadoop/share/ozone/lib/commons-collections-3.2.2.jar:/opt/hadoop/share/ozone/lib/jettison-1.1.jar:/opt/hadoop/share/ozone/lib/commons-text-1.4.jar:/opt/hadoop/share/ozone/lib/jersey-servlet-1.19.jar:/opt/hadoop/share/ozone/lib/jersey-json-1.19.jar:/opt/hadoop/share/ozone/lib/slf4j-api-1.7.25.jar:/opt/hadoop/share/ozone/lib/jetty-util-ajax-9.3.25.v20180904.jar:/opt/hadoop/share/ozone/lib/commons-logging-1.1.3.jar:/opt/hadoop/share/ozone/lib/hadoop-hdds-client-0.5.0-SNAPSHOT.jar:/opt/hadoop/share/ozone/lib/kerb-identity-1.0.1.jar:/opt/hadoop/share/ozone/lib/opentracing-util-0.31.0.jar:/opt/hadoop/share/ozone/lib/hadoop-common-3.2.0.jar:/opt/hadoop/share/ozone/lib/hadoop-auth-3.2.0.jar:/opt/hadoop/share/ozone/lib/kerb-common-1.0.1.jar:/opt/hadoop/share/ozone/lib/jetty-servlet-9.3.25.v20180904.jar:/opt/hadoop/share/ozone/lib/jersey-server-1.19.jar:/opt/hadoop/share/ozone/lib/kerb-crypto-1.0.1.jar:/opt/hadoop/share/ozone/lib/httpcore-4.4.4.jar:/opt/hadoop/share/ozone/lib/metrics-jvm-3.2.5.jar:/opt/hadoop/share/ozone/web:/opt/hadoop/share/ozone/lib/hadoop-ozone-ozone-manager-0.5.0-SNAPSHOT.jar
datanode_3    | 2019-10-07 11:32:55 INFO  ContextHandler:781 - Started o.e.j.s.ServletContextHandler@6403e24c{/static,jar:file:/opt/hadoop/share/ozone/lib/hadoop-hdds-container-service-0.5.0-SNAPSHOT.jar!/webapps/static,AVAILABLE}
scm_1         | 2019-10-07 11:33:42 INFO  HttpServer2:975 - Added global filter 'safety' (class=org.apache.hadoop.http.HttpServer2$QuotingInputFilter)
grafana_1     | t=2019-10-07T11:33:42+0000 lvl=info msg="Executing migration" logger=migrator id="create index UQE_org_name - v1"
datanode_1    | 2019-10-07 11:32:54 INFO  ContextHandler:781 - Started o.e.j.s.ServletContextHandler@433348bc{/logs,file:///var/log/hadoop/,AVAILABLE}
datanode_2    | 2019-10-07 11:32:59 INFO  MetricsSystemImpl:301 - Registered sink prometheus
om_1          | STARTUP_MSG:   build = https://github.com/apache/hadoop.git -r e97acb3bd8f3befd27418996fa5d4b50bf2e17bf; compiled by 'sunilg' on 2019-01-15T17:34Z
scm_1         | 2019-10-07 11:33:42 INFO  HttpServer2:948 - Added filter static_user_filter (class=org.apache.hadoop.http.lib.StaticUserWebFilter$StaticUserFilter) to context scm
om_1          | STARTUP_MSG:   java = 11.0.3
datanode_1    | 2019-10-07 11:32:54 INFO  ContextHandler:781 - Started o.e.j.s.ServletContextHandler@2643d762{/static,jar:file:/opt/hadoop/share/ozone/lib/hadoop-hdds-container-service-0.5.0-SNAPSHOT.jar!/webapps/static,AVAILABLE}
datanode_1    | 2019-10-07 11:32:59 INFO  ContextHandler:781 - Started o.e.j.w.WebAppContext@6e4c0d8c{/,file:///tmp/jetty-0.0.0.0-9882-hddsDatanode-_-any-11153821450319776291.dir/webapp/,AVAILABLE}{/hddsDatanode}
datanode_2    | 2019-10-07 11:32:59 INFO  BaseHttpServer:215 - HTTP server of HDDSDATANODE is listening at http://0.0.0.0:9882
grafana_1     | t=2019-10-07T11:33:42+0000 lvl=info msg="Executing migration" logger=migrator id="create org_user table v1"
scm_1         | 2019-10-07 11:33:42 INFO  HttpServer2:958 - Added filter static_user_filter (class=org.apache.hadoop.http.lib.StaticUserWebFilter$StaticUserFilter) to context logs
om_1          | ************************************************************/
datanode_3    | 2019-10-07 11:32:59 INFO  ContextHandler:781 - Started o.e.j.w.WebAppContext@3e3315d9{/,file:///tmp/jetty-0.0.0.0-9882-hddsDatanode-_-any-7550718661112406045.dir/webapp/,AVAILABLE}{/hddsDatanode}
datanode_1    | 2019-10-07 11:32:59 INFO  AbstractConnector:278 - Started ServerConnector@139b63ea{HTTP/1.1,[http/1.1]}{0.0.0.0:9882}
datanode_2    | 2019-10-07 11:32:59 INFO  JvmPauseMonitor:188 - Starting JVM pause monitor
grafana_1     | t=2019-10-07T11:33:42+0000 lvl=info msg="Executing migration" logger=migrator id="create index IDX_org_user_org_id - v1"
om_1          | 2019-10-07 11:33:44 INFO  OzoneManagerStarter:51 - registered UNIX signal handlers for [TERM, HUP, INT]
scm_1         | 2019-10-07 11:33:42 INFO  HttpServer2:958 - Added filter static_user_filter (class=org.apache.hadoop.http.lib.StaticUserWebFilter$StaticUserFilter) to context static
datanode_3    | 2019-10-07 11:32:59 INFO  AbstractConnector:278 - Started ServerConnector@23026dde{HTTP/1.1,[http/1.1]}{0.0.0.0:9882}
datanode_1    | 2019-10-07 11:32:59 INFO  Server:419 - Started @12741ms
datanode_2    | 2019-10-07 11:32:59 INFO  InitDatanodeState:140 - DatanodeDetails is persisted to /data/datanode.id
grafana_1     | t=2019-10-07T11:33:42+0000 lvl=info msg="Executing migration" logger=migrator id="create index UQE_org_user_org_id_user_id - v1"
om_1          | 2019-10-07 11:33:45 INFO  OMHANodeDetails:190 - Configuration either no ozone.om.address set. Falling back to the default OM address om/172.18.0.10:9862
scm_1         | 2019-10-07 11:33:42 WARN  BaseHttpServer:111 - /prof java profiling servlet is activated. Not safe for production!
datanode_3    | 2019-10-07 11:32:59 INFO  Server:419 - Started @12039ms
datanode_1    | 2019-10-07 11:32:59 INFO  MetricsSinkAdapter:204 - Sink prometheus started
datanode_2    | 2019-10-07 11:33:02 INFO  Client:948 - Retrying connect to server: scm/172.18.0.11:9861. Already tried 0 time(s); retry policy is RetryUpToMaximumCountWithFixedSleep(maxRetries=2147483647, sleepTime=1000 MILLISECONDS)
grafana_1     | t=2019-10-07T11:33:42+0000 lvl=info msg="Executing migration" logger=migrator id="Update org table charset"
om_1          | 2019-10-07 11:33:45 INFO  OMHANodeDetails:220 - OM Service ID is not set. Setting it to the default ID: omServiceIdDefault
datanode_3    | 2019-10-07 11:32:59 INFO  MetricsSinkAdapter:204 - Sink prometheus started
scm_1         | 2019-10-07 11:33:42 INFO  StorageContainerManager:770 - StorageContainerLocationProtocol RPC server is listening at /0.0.0.0:9860
datanode_1    | 2019-10-07 11:32:59 INFO  MetricsSystemImpl:301 - Registered sink prometheus
datanode_2    | 2019-10-07 11:33:03 INFO  Client:948 - Retrying connect to server: scm/172.18.0.11:9861. Already tried 1 time(s); retry policy is RetryUpToMaximumCountWithFixedSleep(maxRetries=2147483647, sleepTime=1000 MILLISECONDS)
grafana_1     | t=2019-10-07T11:33:42+0000 lvl=info msg="Executing migration" logger=migrator id="Update org_user table charset"
om_1          | 2019-10-07 11:33:45 WARN  ServerUtils:222 - ozone.om.db.dirs is not configured. We recommend adding this setting. Falling back to ozone.metadata.dirs instead.
datanode_3    | 2019-10-07 11:32:59 INFO  MetricsSystemImpl:301 - Registered sink prometheus
scm_1         | 2019-10-07 11:33:43 INFO  MetricsConfig:118 - Loaded properties from hadoop-metrics2.properties
datanode_1    | 2019-10-07 11:32:59 INFO  BaseHttpServer:215 - HTTP server of HDDSDATANODE is listening at http://0.0.0.0:9882
datanode_2    | 2019-10-07 11:33:04 INFO  Client:948 - Retrying connect to server: scm/172.18.0.11:9861. Already tried 2 time(s); retry policy is RetryUpToMaximumCountWithFixedSleep(maxRetries=2147483647, sleepTime=1000 MILLISECONDS)
om_1          | 2019-10-07 11:33:45 WARN  ServerUtils:222 - ozone.om.db.dirs is not configured. We recommend adding this setting. Falling back to ozone.metadata.dirs instead.
grafana_1     | t=2019-10-07T11:33:42+0000 lvl=info msg="Executing migration" logger=migrator id="Migrate all Read Only Viewers to Viewers"
datanode_3    | 2019-10-07 11:32:59 INFO  BaseHttpServer:215 - HTTP server of HDDSDATANODE is listening at http://0.0.0.0:9882
scm_1         | 2019-10-07 11:33:43 INFO  MetricsSystemImpl:374 - Scheduled Metric snapshot period at 10 second(s).
datanode_1    | 2019-10-07 11:32:59 INFO  JvmPauseMonitor:188 - Starting JVM pause monitor
datanode_2    | 2019-10-07 11:33:05 INFO  Client:948 - Retrying connect to server: scm/172.18.0.11:9861. Already tried 3 time(s); retry policy is RetryUpToMaximumCountWithFixedSleep(maxRetries=2147483647, sleepTime=1000 MILLISECONDS)
om_1          | 2019-10-07 11:33:46 WARN  ServerUtils:222 - ozone.om.db.dirs is not configured. We recommend adding this setting. Falling back to ozone.metadata.dirs instead.
grafana_1     | t=2019-10-07T11:33:43+0000 lvl=info msg="Executing migration" logger=migrator id="create dashboard table"
datanode_3    | 2019-10-07 11:32:59 INFO  JvmPauseMonitor:188 - Starting JVM pause monitor
scm_1         | 2019-10-07 11:33:43 INFO  MetricsSystemImpl:191 - StorageContainerManager metrics system started
datanode_1    | 2019-10-07 11:32:59 INFO  InitDatanodeState:140 - DatanodeDetails is persisted to /data/datanode.id
datanode_2    | 2019-10-07 11:33:06 INFO  Client:948 - Retrying connect to server: scm/172.18.0.11:9861. Already tried 4 time(s); retry policy is RetryUpToMaximumCountWithFixedSleep(maxRetries=2147483647, sleepTime=1000 MILLISECONDS)
om_1          | 2019-10-07 11:33:46 INFO  log:192 - Logging initialized @2448ms
grafana_1     | t=2019-10-07T11:33:43+0000 lvl=info msg="Executing migration" logger=migrator id="add index dashboard.account_id"
scm_1         | 2019-10-07 11:33:43 INFO  SCMClientProtocolServer:159 - RPC server for Client  is listening at /0.0.0.0:9860
datanode_1    | 2019-10-07 11:33:02 INFO  Client:948 - Retrying connect to server: scm/172.18.0.11:9861. Already tried 0 time(s); retry policy is RetryUpToMaximumCountWithFixedSleep(maxRetries=2147483647, sleepTime=1000 MILLISECONDS)
datanode_2    | 2019-10-07 11:33:07 INFO  Client:948 - Retrying connect to server: scm/172.18.0.11:9861. Already tried 5 time(s); retry policy is RetryUpToMaximumCountWithFixedSleep(maxRetries=2147483647, sleepTime=1000 MILLISECONDS)
om_1          | 2019-10-07 11:33:46 INFO  DBStoreBuilder:117 - using custom profile for table: userTable
grafana_1     | t=2019-10-07T11:33:43+0000 lvl=info msg="Executing migration" logger=migrator id="add unique index dashboard_account_id_slug"
datanode_3    | 2019-10-07 11:32:59 INFO  InitDatanodeState:140 - DatanodeDetails is persisted to /data/datanode.id
datanode_1    | 2019-10-07 11:33:03 INFO  Client:948 - Retrying connect to server: scm/172.18.0.11:9861. Already tried 1 time(s); retry policy is RetryUpToMaximumCountWithFixedSleep(maxRetries=2147483647, sleepTime=1000 MILLISECONDS)
scm_1         | 2019-10-07 11:33:43 INFO  Server:1314 - IPC Server Responder: starting
datanode_2    | 2019-10-07 11:33:08 INFO  Client:948 - Retrying connect to server: scm/172.18.0.11:9861. Already tried 6 time(s); retry policy is RetryUpToMaximumCountWithFixedSleep(maxRetries=2147483647, sleepTime=1000 MILLISECONDS)
om_1          | 2019-10-07 11:33:46 INFO  DBStoreBuilder:168 - Using default column profile:DBProfile.DISK for Table:userTable
grafana_1     | t=2019-10-07T11:33:43+0000 lvl=info msg="Executing migration" logger=migrator id="create dashboard_tag table"
datanode_3    | 2019-10-07 11:33:02 INFO  Client:948 - Retrying connect to server: scm/172.18.0.11:9861. Already tried 0 time(s); retry policy is RetryUpToMaximumCountWithFixedSleep(maxRetries=2147483647, sleepTime=1000 MILLISECONDS)
datanode_1    | 2019-10-07 11:33:04 INFO  Client:948 - Retrying connect to server: scm/172.18.0.11:9861. Already tried 2 time(s); retry policy is RetryUpToMaximumCountWithFixedSleep(maxRetries=2147483647, sleepTime=1000 MILLISECONDS)
scm_1         | 2019-10-07 11:33:43 INFO  Server:1153 - IPC Server listener on 9860: starting
datanode_2    | 2019-10-07 11:33:09 INFO  Client:948 - Retrying connect to server: scm/172.18.0.11:9861. Already tried 7 time(s); retry policy is RetryUpToMaximumCountWithFixedSleep(maxRetries=2147483647, sleepTime=1000 MILLISECONDS)
om_1          | 2019-10-07 11:33:46 INFO  DBStoreBuilder:117 - using custom profile for table: volumeTable
grafana_1     | t=2019-10-07T11:33:43+0000 lvl=info msg="Executing migration" logger=migrator id="add unique index dashboard_tag.dasboard_id_term"
datanode_1    | 2019-10-07 11:33:05 INFO  Client:948 - Retrying connect to server: scm/172.18.0.11:9861. Already tried 3 time(s); retry policy is RetryUpToMaximumCountWithFixedSleep(maxRetries=2147483647, sleepTime=1000 MILLISECONDS)
scm_1         | 2019-10-07 11:33:43 INFO  StorageContainerManager:780 - ScmBlockLocationProtocol RPC server is listening at /0.0.0.0:9863
datanode_2    | 2019-10-07 11:33:10 INFO  Client:948 - Retrying connect to server: scm/172.18.0.11:9861. Already tried 8 time(s); retry policy is RetryUpToMaximumCountWithFixedSleep(maxRetries=2147483647, sleepTime=1000 MILLISECONDS)
om_1          | 2019-10-07 11:33:46 INFO  DBStoreBuilder:168 - Using default column profile:DBProfile.DISK for Table:volumeTable
grafana_1     | t=2019-10-07T11:33:43+0000 lvl=info msg="Executing migration" logger=migrator id="drop index UQE_dashboard_tag_dashboard_id_term - v1"
datanode_1    | 2019-10-07 11:33:06 INFO  Client:948 - Retrying connect to server: scm/172.18.0.11:9861. Already tried 4 time(s); retry policy is RetryUpToMaximumCountWithFixedSleep(maxRetries=2147483647, sleepTime=1000 MILLISECONDS)
datanode_3    | 2019-10-07 11:33:03 INFO  Client:948 - Retrying connect to server: scm/172.18.0.11:9861. Already tried 1 time(s); retry policy is RetryUpToMaximumCountWithFixedSleep(maxRetries=2147483647, sleepTime=1000 MILLISECONDS)
datanode_2    | 2019-10-07 11:33:11 INFO  Client:948 - Retrying connect to server: scm/172.18.0.11:9861. Already tried 9 time(s); retry policy is RetryUpToMaximumCountWithFixedSleep(maxRetries=2147483647, sleepTime=1000 MILLISECONDS)
om_1          | 2019-10-07 11:33:46 INFO  DBStoreBuilder:117 - using custom profile for table: bucketTable
scm_1         | 2019-10-07 11:33:43 INFO  SCMBlockProtocolServer:146 - RPC server for Block Protocol is listening at /0.0.0.0:9863
grafana_1     | t=2019-10-07T11:33:43+0000 lvl=info msg="Executing migration" logger=migrator id="Rename table dashboard to dashboard_v1 - v1"
datanode_1    | 2019-10-07 11:33:07 INFO  Client:948 - Retrying connect to server: scm/172.18.0.11:9861. Already tried 5 time(s); retry policy is RetryUpToMaximumCountWithFixedSleep(maxRetries=2147483647, sleepTime=1000 MILLISECONDS)
datanode_3    | 2019-10-07 11:33:04 INFO  Client:948 - Retrying connect to server: scm/172.18.0.11:9861. Already tried 2 time(s); retry policy is RetryUpToMaximumCountWithFixedSleep(maxRetries=2147483647, sleepTime=1000 MILLISECONDS)
datanode_2    | 2019-10-07 11:33:12 INFO  Client:948 - Retrying connect to server: scm/172.18.0.11:9861. Already tried 10 time(s); retry policy is RetryUpToMaximumCountWithFixedSleep(maxRetries=2147483647, sleepTime=1000 MILLISECONDS)
om_1          | 2019-10-07 11:33:46 INFO  DBStoreBuilder:168 - Using default column profile:DBProfile.DISK for Table:bucketTable
scm_1         | 2019-10-07 11:33:43 INFO  Server:1314 - IPC Server Responder: starting
datanode_1    | 2019-10-07 11:33:08 INFO  Client:948 - Retrying connect to server: scm/172.18.0.11:9861. Already tried 6 time(s); retry policy is RetryUpToMaximumCountWithFixedSleep(maxRetries=2147483647, sleepTime=1000 MILLISECONDS)
datanode_3    | 2019-10-07 11:33:05 INFO  Client:948 - Retrying connect to server: scm/172.18.0.11:9861. Already tried 3 time(s); retry policy is RetryUpToMaximumCountWithFixedSleep(maxRetries=2147483647, sleepTime=1000 MILLISECONDS)
datanode_2    | 2019-10-07 11:33:13 INFO  Client:948 - Retrying connect to server: scm/172.18.0.11:9861. Already tried 11 time(s); retry policy is RetryUpToMaximumCountWithFixedSleep(maxRetries=2147483647, sleepTime=1000 MILLISECONDS)
om_1          | 2019-10-07 11:33:46 INFO  DBStoreBuilder:117 - using custom profile for table: keyTable
scm_1         | 2019-10-07 11:33:43 INFO  Server:1153 - IPC Server listener on 9863: starting
datanode_1    | 2019-10-07 11:33:09 INFO  Client:948 - Retrying connect to server: scm/172.18.0.11:9861. Already tried 7 time(s); retry policy is RetryUpToMaximumCountWithFixedSleep(maxRetries=2147483647, sleepTime=1000 MILLISECONDS)
datanode_2    | 2019-10-07 11:33:14 INFO  Client:948 - Retrying connect to server: scm/172.18.0.11:9861. Already tried 12 time(s); retry policy is RetryUpToMaximumCountWithFixedSleep(maxRetries=2147483647, sleepTime=1000 MILLISECONDS)
datanode_3    | 2019-10-07 11:33:06 INFO  Client:948 - Retrying connect to server: scm/172.18.0.11:9861. Already tried 4 time(s); retry policy is RetryUpToMaximumCountWithFixedSleep(maxRetries=2147483647, sleepTime=1000 MILLISECONDS)
grafana_1     | t=2019-10-07T11:33:43+0000 lvl=info msg="Executing migration" logger=migrator id="create dashboard v2"
om_1          | 2019-10-07 11:33:46 INFO  DBStoreBuilder:168 - Using default column profile:DBProfile.DISK for Table:keyTable
scm_1         | 2019-10-07 11:33:43 INFO  StorageContainerManager:784 - ScmDatanodeProtocl RPC server is listening at /0.0.0.0:9861
datanode_1    | 2019-10-07 11:33:10 INFO  Client:948 - Retrying connect to server: scm/172.18.0.11:9861. Already tried 8 time(s); retry policy is RetryUpToMaximumCountWithFixedSleep(maxRetries=2147483647, sleepTime=1000 MILLISECONDS)
datanode_3    | 2019-10-07 11:33:07 INFO  Client:948 - Retrying connect to server: scm/172.18.0.11:9861. Already tried 5 time(s); retry policy is RetryUpToMaximumCountWithFixedSleep(maxRetries=2147483647, sleepTime=1000 MILLISECONDS)
grafana_1     | t=2019-10-07T11:33:43+0000 lvl=info msg="Executing migration" logger=migrator id="create index IDX_dashboard_org_id - v2"
om_1          | 2019-10-07 11:33:46 INFO  DBStoreBuilder:117 - using custom profile for table: deletedTable
scm_1         | 2019-10-07 11:33:43 INFO  SCMDatanodeProtocolServer:169 - RPC server for DataNodes is listening at /0.0.0.0:9861
datanode_1    | 2019-10-07 11:33:11 INFO  Client:948 - Retrying connect to server: scm/172.18.0.11:9861. Already tried 9 time(s); retry policy is RetryUpToMaximumCountWithFixedSleep(maxRetries=2147483647, sleepTime=1000 MILLISECONDS)
datanode_2    | 2019-10-07 11:33:15 INFO  Client:948 - Retrying connect to server: scm/172.18.0.11:9861. Already tried 13 time(s); retry policy is RetryUpToMaximumCountWithFixedSleep(maxRetries=2147483647, sleepTime=1000 MILLISECONDS)
datanode_3    | 2019-10-07 11:33:08 INFO  Client:948 - Retrying connect to server: scm/172.18.0.11:9861. Already tried 6 time(s); retry policy is RetryUpToMaximumCountWithFixedSleep(maxRetries=2147483647, sleepTime=1000 MILLISECONDS)
grafana_1     | t=2019-10-07T11:33:43+0000 lvl=info msg="Executing migration" logger=migrator id="create index UQE_dashboard_org_id_slug - v2"
om_1          | 2019-10-07 11:33:46 INFO  DBStoreBuilder:168 - Using default column profile:DBProfile.DISK for Table:deletedTable
scm_1         | 2019-10-07 11:33:43 INFO  Server:1314 - IPC Server Responder: starting
datanode_1    | 2019-10-07 11:33:12 INFO  Client:948 - Retrying connect to server: scm/172.18.0.11:9861. Already tried 10 time(s); retry policy is RetryUpToMaximumCountWithFixedSleep(maxRetries=2147483647, sleepTime=1000 MILLISECONDS)
datanode_3    | 2019-10-07 11:33:09 INFO  Client:948 - Retrying connect to server: scm/172.18.0.11:9861. Already tried 7 time(s); retry policy is RetryUpToMaximumCountWithFixedSleep(maxRetries=2147483647, sleepTime=1000 MILLISECONDS)
datanode_2    | 2019-10-07 11:33:16 INFO  Client:948 - Retrying connect to server: scm/172.18.0.11:9861. Already tried 14 time(s); retry policy is RetryUpToMaximumCountWithFixedSleep(maxRetries=2147483647, sleepTime=1000 MILLISECONDS)
om_1          | 2019-10-07 11:33:46 INFO  DBStoreBuilder:117 - using custom profile for table: openKeyTable
grafana_1     | t=2019-10-07T11:33:43+0000 lvl=info msg="Executing migration" logger=migrator id="copy dashboard v1 to v2"
scm_1         | 2019-10-07 11:33:43 INFO  Server:1153 - IPC Server listener on 9861: starting
datanode_1    | 2019-10-07 11:33:13 INFO  Client:948 - Retrying connect to server: scm/172.18.0.11:9861. Already tried 11 time(s); retry policy is RetryUpToMaximumCountWithFixedSleep(maxRetries=2147483647, sleepTime=1000 MILLISECONDS)
datanode_3    | 2019-10-07 11:33:10 INFO  Client:948 - Retrying connect to server: scm/172.18.0.11:9861. Already tried 8 time(s); retry policy is RetryUpToMaximumCountWithFixedSleep(maxRetries=2147483647, sleepTime=1000 MILLISECONDS)
datanode_2    | 2019-10-07 11:33:17 INFO  Client:948 - Retrying connect to server: scm/172.18.0.11:9861. Already tried 15 time(s); retry policy is RetryUpToMaximumCountWithFixedSleep(maxRetries=2147483647, sleepTime=1000 MILLISECONDS)
om_1          | 2019-10-07 11:33:46 INFO  DBStoreBuilder:168 - Using default column profile:DBProfile.DISK for Table:openKeyTable
grafana_1     | t=2019-10-07T11:33:43+0000 lvl=info msg="Executing migration" logger=migrator id="drop table dashboard_v1"
scm_1         | 2019-10-07 11:33:43 INFO  HttpServer2:1191 - Jetty bound to port 9876
datanode_1    | 2019-10-07 11:33:14 INFO  Client:948 - Retrying connect to server: scm/172.18.0.11:9861. Already tried 12 time(s); retry policy is RetryUpToMaximumCountWithFixedSleep(maxRetries=2147483647, sleepTime=1000 MILLISECONDS)
datanode_3    | 2019-10-07 11:33:11 INFO  Client:948 - Retrying connect to server: scm/172.18.0.11:9861. Already tried 9 time(s); retry policy is RetryUpToMaximumCountWithFixedSleep(maxRetries=2147483647, sleepTime=1000 MILLISECONDS)
datanode_2    | 2019-10-07 11:33:18 INFO  Client:948 - Retrying connect to server: scm/172.18.0.11:9861. Already tried 16 time(s); retry policy is RetryUpToMaximumCountWithFixedSleep(maxRetries=2147483647, sleepTime=1000 MILLISECONDS)
om_1          | 2019-10-07 11:33:46 INFO  DBStoreBuilder:117 - using custom profile for table: s3Table
grafana_1     | t=2019-10-07T11:33:43+0000 lvl=info msg="Executing migration" logger=migrator id="alter dashboard.data to mediumtext v1"
scm_1         | 2019-10-07 11:33:43 INFO  Server:351 - jetty-9.3.25.v20180904, build timestamp: 2018-09-04T21:11:46Z, git hash: 3ce520221d0240229c862b122d2b06c12a625732
datanode_3    | 2019-10-07 11:33:12 INFO  Client:948 - Retrying connect to server: scm/172.18.0.11:9861. Already tried 10 time(s); retry policy is RetryUpToMaximumCountWithFixedSleep(maxRetries=2147483647, sleepTime=1000 MILLISECONDS)
datanode_1    | 2019-10-07 11:33:15 INFO  Client:948 - Retrying connect to server: scm/172.18.0.11:9861. Already tried 13 time(s); retry policy is RetryUpToMaximumCountWithFixedSleep(maxRetries=2147483647, sleepTime=1000 MILLISECONDS)
grafana_1     | t=2019-10-07T11:33:43+0000 lvl=info msg="Executing migration" logger=migrator id="Add column updated_by in dashboard - v2"
datanode_2    | 2019-10-07 11:33:19 INFO  Client:948 - Retrying connect to server: scm/172.18.0.11:9861. Already tried 17 time(s); retry policy is RetryUpToMaximumCountWithFixedSleep(maxRetries=2147483647, sleepTime=1000 MILLISECONDS)
datanode_3    | 2019-10-07 11:33:13 INFO  Client:948 - Retrying connect to server: scm/172.18.0.11:9861. Already tried 11 time(s); retry policy is RetryUpToMaximumCountWithFixedSleep(maxRetries=2147483647, sleepTime=1000 MILLISECONDS)
grafana_1     | t=2019-10-07T11:33:43+0000 lvl=info msg="Executing migration" logger=migrator id="Add column created_by in dashboard - v2"
scm_1         | 2019-10-07 11:33:43 INFO  ContextHandler:781 - Started o.e.j.s.ServletContextHandler@629ae7e{/logs,file:///var/log/hadoop/,AVAILABLE}
datanode_1    | 2019-10-07 11:33:16 INFO  Client:948 - Retrying connect to server: scm/172.18.0.11:9861. Already tried 14 time(s); retry policy is RetryUpToMaximumCountWithFixedSleep(maxRetries=2147483647, sleepTime=1000 MILLISECONDS)
datanode_2    | 2019-10-07 11:33:20 INFO  Client:948 - Retrying connect to server: scm/172.18.0.11:9861. Already tried 18 time(s); retry policy is RetryUpToMaximumCountWithFixedSleep(maxRetries=2147483647, sleepTime=1000 MILLISECONDS)
om_1          | 2019-10-07 11:33:46 INFO  DBStoreBuilder:168 - Using default column profile:DBProfile.DISK for Table:s3Table
datanode_3    | 2019-10-07 11:33:14 INFO  Client:948 - Retrying connect to server: scm/172.18.0.11:9861. Already tried 12 time(s); retry policy is RetryUpToMaximumCountWithFixedSleep(maxRetries=2147483647, sleepTime=1000 MILLISECONDS)
grafana_1     | t=2019-10-07T11:33:43+0000 lvl=info msg="Executing migration" logger=migrator id="Add column gnetId in dashboard"
scm_1         | 2019-10-07 11:33:43 INFO  ContextHandler:781 - Started o.e.j.s.ServletContextHandler@42fcc7e6{/static,jar:file:/opt/hadoop/share/ozone/lib/hadoop-hdds-server-scm-0.5.0-SNAPSHOT.jar!/webapps/static,AVAILABLE}
datanode_1    | 2019-10-07 11:33:17 INFO  Client:948 - Retrying connect to server: scm/172.18.0.11:9861. Already tried 15 time(s); retry policy is RetryUpToMaximumCountWithFixedSleep(maxRetries=2147483647, sleepTime=1000 MILLISECONDS)
datanode_2    | 2019-10-07 11:33:21 INFO  Client:948 - Retrying connect to server: scm/172.18.0.11:9861. Already tried 19 time(s); retry policy is RetryUpToMaximumCountWithFixedSleep(maxRetries=2147483647, sleepTime=1000 MILLISECONDS)
om_1          | 2019-10-07 11:33:46 INFO  DBStoreBuilder:117 - using custom profile for table: multipartInfoTable
datanode_3    | 2019-10-07 11:33:15 INFO  Client:948 - Retrying connect to server: scm/172.18.0.11:9861. Already tried 13 time(s); retry policy is RetryUpToMaximumCountWithFixedSleep(maxRetries=2147483647, sleepTime=1000 MILLISECONDS)
grafana_1     | t=2019-10-07T11:33:43+0000 lvl=info msg="Executing migration" logger=migrator id="Add index for gnetId in dashboard"
scm_1         | 2019-10-07 11:33:43 INFO  ContextHandler:781 - Started o.e.j.w.WebAppContext@61cd1c71{/,file:///tmp/jetty-0.0.0.0-9876-scm-_-any-14048180827854476624.dir/webapp/,AVAILABLE}{/scm}
datanode_1    | 2019-10-07 11:33:18 INFO  Client:948 - Retrying connect to server: scm/172.18.0.11:9861. Already tried 16 time(s); retry policy is RetryUpToMaximumCountWithFixedSleep(maxRetries=2147483647, sleepTime=1000 MILLISECONDS)
datanode_2    | 2019-10-07 11:33:22 INFO  Client:948 - Retrying connect to server: scm/172.18.0.11:9861. Already tried 20 time(s); retry policy is RetryUpToMaximumCountWithFixedSleep(maxRetries=2147483647, sleepTime=1000 MILLISECONDS)
datanode_3    | 2019-10-07 11:33:16 INFO  Client:948 - Retrying connect to server: scm/172.18.0.11:9861. Already tried 14 time(s); retry policy is RetryUpToMaximumCountWithFixedSleep(maxRetries=2147483647, sleepTime=1000 MILLISECONDS)
om_1          | 2019-10-07 11:33:46 INFO  DBStoreBuilder:168 - Using default column profile:DBProfile.DISK for Table:multipartInfoTable
grafana_1     | t=2019-10-07T11:33:43+0000 lvl=info msg="Executing migration" logger=migrator id="Add column plugin_id in dashboard"
scm_1         | 2019-10-07 11:33:43 INFO  AbstractConnector:278 - Started ServerConnector@6a472566{HTTP/1.1,[http/1.1]}{0.0.0.0:9876}
datanode_1    | 2019-10-07 11:33:19 INFO  Client:948 - Retrying connect to server: scm/172.18.0.11:9861. Already tried 17 time(s); retry policy is RetryUpToMaximumCountWithFixedSleep(maxRetries=2147483647, sleepTime=1000 MILLISECONDS)
datanode_2    | 2019-10-07 11:33:23 INFO  Client:948 - Retrying connect to server: scm/172.18.0.11:9861. Already tried 21 time(s); retry policy is RetryUpToMaximumCountWithFixedSleep(maxRetries=2147483647, sleepTime=1000 MILLISECONDS)
datanode_3    | 2019-10-07 11:33:17 INFO  Client:948 - Retrying connect to server: scm/172.18.0.11:9861. Already tried 15 time(s); retry policy is RetryUpToMaximumCountWithFixedSleep(maxRetries=2147483647, sleepTime=1000 MILLISECONDS)
om_1          | 2019-10-07 11:33:46 INFO  DBStoreBuilder:117 - using custom profile for table: dTokenTable
scm_1         | 2019-10-07 11:33:43 INFO  Server:419 - Started @29903ms
datanode_1    | 2019-10-07 11:33:20 INFO  Client:948 - Retrying connect to server: scm/172.18.0.11:9861. Already tried 18 time(s); retry policy is RetryUpToMaximumCountWithFixedSleep(maxRetries=2147483647, sleepTime=1000 MILLISECONDS)
datanode_2    | 2019-10-07 11:33:24 INFO  Client:948 - Retrying connect to server: scm/172.18.0.11:9861. Already tried 22 time(s); retry policy is RetryUpToMaximumCountWithFixedSleep(maxRetries=2147483647, sleepTime=1000 MILLISECONDS)
datanode_3    | 2019-10-07 11:33:18 INFO  Client:948 - Retrying connect to server: scm/172.18.0.11:9861. Already tried 16 time(s); retry policy is RetryUpToMaximumCountWithFixedSleep(maxRetries=2147483647, sleepTime=1000 MILLISECONDS)
datanode_1    | 2019-10-07 11:33:21 INFO  Client:948 - Retrying connect to server: scm/172.18.0.11:9861. Already tried 19 time(s); retry policy is RetryUpToMaximumCountWithFixedSleep(maxRetries=2147483647, sleepTime=1000 MILLISECONDS)
grafana_1     | t=2019-10-07T11:33:43+0000 lvl=info msg="Executing migration" logger=migrator id="Add index for plugin_id in dashboard"
datanode_2    | 2019-10-07 11:33:25 INFO  Client:948 - Retrying connect to server: scm/172.18.0.11:9861. Already tried 23 time(s); retry policy is RetryUpToMaximumCountWithFixedSleep(maxRetries=2147483647, sleepTime=1000 MILLISECONDS)
om_1          | 2019-10-07 11:33:46 INFO  DBStoreBuilder:168 - Using default column profile:DBProfile.DISK for Table:dTokenTable
datanode_3    | 2019-10-07 11:33:19 INFO  Client:948 - Retrying connect to server: scm/172.18.0.11:9861. Already tried 17 time(s); retry policy is RetryUpToMaximumCountWithFixedSleep(maxRetries=2147483647, sleepTime=1000 MILLISECONDS)
datanode_1    | 2019-10-07 11:33:22 INFO  Client:948 - Retrying connect to server: scm/172.18.0.11:9861. Already tried 20 time(s); retry policy is RetryUpToMaximumCountWithFixedSleep(maxRetries=2147483647, sleepTime=1000 MILLISECONDS)
datanode_2    | 2019-10-07 11:33:26 INFO  Client:948 - Retrying connect to server: scm/172.18.0.11:9861. Already tried 24 time(s); retry policy is RetryUpToMaximumCountWithFixedSleep(maxRetries=2147483647, sleepTime=1000 MILLISECONDS)
grafana_1     | t=2019-10-07T11:33:43+0000 lvl=info msg="Executing migration" logger=migrator id="Add index for dashboard_id in dashboard_tag"
scm_1         | 2019-10-07 11:33:43 INFO  MetricsSinkAdapter:204 - Sink prometheus started
om_1          | 2019-10-07 11:33:46 INFO  DBStoreBuilder:117 - using custom profile for table: s3SecretTable
datanode_3    | 2019-10-07 11:33:20 INFO  Client:948 - Retrying connect to server: scm/172.18.0.11:9861. Already tried 18 time(s); retry policy is RetryUpToMaximumCountWithFixedSleep(maxRetries=2147483647, sleepTime=1000 MILLISECONDS)
datanode_1    | 2019-10-07 11:33:23 INFO  Client:948 - Retrying connect to server: scm/172.18.0.11:9861. Already tried 21 time(s); retry policy is RetryUpToMaximumCountWithFixedSleep(maxRetries=2147483647, sleepTime=1000 MILLISECONDS)
datanode_2    | 2019-10-07 11:33:27 INFO  Client:948 - Retrying connect to server: scm/172.18.0.11:9861. Already tried 25 time(s); retry policy is RetryUpToMaximumCountWithFixedSleep(maxRetries=2147483647, sleepTime=1000 MILLISECONDS)
grafana_1     | t=2019-10-07T11:33:44+0000 lvl=info msg="Executing migration" logger=migrator id="Update dashboard table charset"
scm_1         | 2019-10-07 11:33:43 INFO  MetricsSystemImpl:301 - Registered sink prometheus
om_1          | 2019-10-07 11:33:46 INFO  DBStoreBuilder:168 - Using default column profile:DBProfile.DISK for Table:s3SecretTable
datanode_3    | 2019-10-07 11:33:21 INFO  Client:948 - Retrying connect to server: scm/172.18.0.11:9861. Already tried 19 time(s); retry policy is RetryUpToMaximumCountWithFixedSleep(maxRetries=2147483647, sleepTime=1000 MILLISECONDS)
datanode_1    | 2019-10-07 11:33:24 INFO  Client:948 - Retrying connect to server: scm/172.18.0.11:9861. Already tried 22 time(s); retry policy is RetryUpToMaximumCountWithFixedSleep(maxRetries=2147483647, sleepTime=1000 MILLISECONDS)
datanode_2    | 2019-10-07 11:33:28 INFO  Client:948 - Retrying connect to server: scm/172.18.0.11:9861. Already tried 26 time(s); retry policy is RetryUpToMaximumCountWithFixedSleep(maxRetries=2147483647, sleepTime=1000 MILLISECONDS)
grafana_1     | t=2019-10-07T11:33:44+0000 lvl=info msg="Executing migration" logger=migrator id="Update dashboard_tag table charset"
scm_1         | 2019-10-07 11:33:43 INFO  BaseHttpServer:215 - HTTP server of SCM is listening at http://0.0.0.0:9876
om_1          | 2019-10-07 11:33:46 INFO  DBStoreBuilder:117 - using custom profile for table: prefixTable
datanode_3    | 2019-10-07 11:33:22 INFO  Client:948 - Retrying connect to server: scm/172.18.0.11:9861. Already tried 20 time(s); retry policy is RetryUpToMaximumCountWithFixedSleep(maxRetries=2147483647, sleepTime=1000 MILLISECONDS)
datanode_1    | 2019-10-07 11:33:25 INFO  Client:948 - Retrying connect to server: scm/172.18.0.11:9861. Already tried 23 time(s); retry policy is RetryUpToMaximumCountWithFixedSleep(maxRetries=2147483647, sleepTime=1000 MILLISECONDS)
datanode_2    | 2019-10-07 11:33:29 INFO  Client:948 - Retrying connect to server: scm/172.18.0.11:9861. Already tried 27 time(s); retry policy is RetryUpToMaximumCountWithFixedSleep(maxRetries=2147483647, sleepTime=1000 MILLISECONDS)
grafana_1     | t=2019-10-07T11:33:44+0000 lvl=info msg="Executing migration" logger=migrator id="Add column folder_id in dashboard"
scm_1         | 2019-10-07 11:33:43 INFO  JvmPauseMonitor:188 - Starting JVM pause monitor
om_1          | 2019-10-07 11:33:46 INFO  DBStoreBuilder:168 - Using default column profile:DBProfile.DISK for Table:prefixTable
datanode_3    | 2019-10-07 11:33:23 INFO  Client:948 - Retrying connect to server: scm/172.18.0.11:9861. Already tried 21 time(s); retry policy is RetryUpToMaximumCountWithFixedSleep(maxRetries=2147483647, sleepTime=1000 MILLISECONDS)
datanode_1    | 2019-10-07 11:33:26 INFO  Client:948 - Retrying connect to server: scm/172.18.0.11:9861. Already tried 24 time(s); retry policy is RetryUpToMaximumCountWithFixedSleep(maxRetries=2147483647, sleepTime=1000 MILLISECONDS)
datanode_2    | 2019-10-07 11:33:30 INFO  Client:948 - Retrying connect to server: scm/172.18.0.11:9861. Already tried 28 time(s); retry policy is RetryUpToMaximumCountWithFixedSleep(maxRetries=2147483647, sleepTime=1000 MILLISECONDS)
grafana_1     | t=2019-10-07T11:33:44+0000 lvl=info msg="Executing migration" logger=migrator id="Add column isFolder in dashboard"
scm_1         | 2019-10-07 11:33:43 INFO  NetworkTopology:111 - Added a new node: /default-rack/fd1fd00c-6cd1-4979-962f-64830d5744a4
om_1          | 2019-10-07 11:33:46 INFO  DBStoreBuilder:117 - using custom profile for table: default
datanode_3    | 2019-10-07 11:33:24 INFO  Client:948 - Retrying connect to server: scm/172.18.0.11:9861. Already tried 22 time(s); retry policy is RetryUpToMaximumCountWithFixedSleep(maxRetries=2147483647, sleepTime=1000 MILLISECONDS)
datanode_1    | 2019-10-07 11:33:27 INFO  Client:948 - Retrying connect to server: scm/172.18.0.11:9861. Already tried 25 time(s); retry policy is RetryUpToMaximumCountWithFixedSleep(maxRetries=2147483647, sleepTime=1000 MILLISECONDS)
datanode_2    | 2019-10-07 11:33:31 INFO  Client:948 - Retrying connect to server: scm/172.18.0.11:9861. Already tried 29 time(s); retry policy is RetryUpToMaximumCountWithFixedSleep(maxRetries=2147483647, sleepTime=1000 MILLISECONDS)
grafana_1     | t=2019-10-07T11:33:44+0000 lvl=info msg="Executing migration" logger=migrator id="Add column has_acl in dashboard"
scm_1         | 2019-10-07 11:33:43 INFO  SCMNodeManager:267 - Registered Data node : fd1fd00c-6cd1-4979-962f-64830d5744a4{ip: 172.18.0.4, host: ozoneperf_datanode_3.ozoneperf_default, networkLocation: /default-rack, certSerialId: null}
om_1          | 2019-10-07 11:33:46 INFO  DBStoreBuilder:174 - Using default column profile:DBProfile.DISK for Table:default
datanode_3    | 2019-10-07 11:33:25 INFO  Client:948 - Retrying connect to server: scm/172.18.0.11:9861. Already tried 23 time(s); retry policy is RetryUpToMaximumCountWithFixedSleep(maxRetries=2147483647, sleepTime=1000 MILLISECONDS)
datanode_2    | 2019-10-07 11:33:32 INFO  Client:948 - Retrying connect to server: scm/172.18.0.11:9861. Already tried 30 time(s); retry policy is RetryUpToMaximumCountWithFixedSleep(maxRetries=2147483647, sleepTime=1000 MILLISECONDS)
datanode_1    | 2019-10-07 11:33:28 INFO  Client:948 - Retrying connect to server: scm/172.18.0.11:9861. Already tried 26 time(s); retry policy is RetryUpToMaximumCountWithFixedSleep(maxRetries=2147483647, sleepTime=1000 MILLISECONDS)
grafana_1     | t=2019-10-07T11:33:44+0000 lvl=info msg="Executing migration" logger=migrator id="Add column uid in dashboard"
om_1          | 2019-10-07 11:33:46 INFO  DBStoreBuilder:205 - Using default options. DBProfile.DISK
datanode_3    | 2019-10-07 11:33:26 INFO  Client:948 - Retrying connect to server: scm/172.18.0.11:9861. Already tried 24 time(s); retry policy is RetryUpToMaximumCountWithFixedSleep(maxRetries=2147483647, sleepTime=1000 MILLISECONDS)
datanode_2    | 2019-10-07 11:33:33 INFO  Client:948 - Retrying connect to server: scm/172.18.0.11:9861. Already tried 31 time(s); retry policy is RetryUpToMaximumCountWithFixedSleep(maxRetries=2147483647, sleepTime=1000 MILLISECONDS)
datanode_1    | 2019-10-07 11:33:29 INFO  Client:948 - Retrying connect to server: scm/172.18.0.11:9861. Already tried 27 time(s); retry policy is RetryUpToMaximumCountWithFixedSleep(maxRetries=2147483647, sleepTime=1000 MILLISECONDS)
grafana_1     | t=2019-10-07T11:33:44+0000 lvl=info msg="Executing migration" logger=migrator id="Update uid column values in dashboard"
scm_1         | 2019-10-07 11:33:43 INFO  NetworkTopology:111 - Added a new node: /default-rack/64e9597c-66f0-4d9c-843a-52b3347fd0a6
om_1          | 2019-10-07 11:33:46 INFO  CallQueueManager:84 - Using callQueue: class java.util.concurrent.LinkedBlockingQueue, queueCapacity: 2000, scheduler: class org.apache.hadoop.ipc.DefaultRpcScheduler, ipcBackoff: false.
datanode_3    | 2019-10-07 11:33:27 INFO  Client:948 - Retrying connect to server: scm/172.18.0.11:9861. Already tried 25 time(s); retry policy is RetryUpToMaximumCountWithFixedSleep(maxRetries=2147483647, sleepTime=1000 MILLISECONDS)
datanode_2    | 2019-10-07 11:33:34 INFO  Client:948 - Retrying connect to server: scm/172.18.0.11:9861. Already tried 32 time(s); retry policy is RetryUpToMaximumCountWithFixedSleep(maxRetries=2147483647, sleepTime=1000 MILLISECONDS)
datanode_1    | 2019-10-07 11:33:30 INFO  Client:948 - Retrying connect to server: scm/172.18.0.11:9861. Already tried 28 time(s); retry policy is RetryUpToMaximumCountWithFixedSleep(maxRetries=2147483647, sleepTime=1000 MILLISECONDS)
grafana_1     | t=2019-10-07T11:33:44+0000 lvl=info msg="Executing migration" logger=migrator id="Add unique index dashboard_org_id_uid"
scm_1         | 2019-10-07 11:33:43 INFO  SCMNodeManager:267 - Registered Data node : 64e9597c-66f0-4d9c-843a-52b3347fd0a6{ip: 172.18.0.3, host: ozoneperf_datanode_2.ozoneperf_default, networkLocation: /default-rack, certSerialId: null}
om_1          | 2019-10-07 11:33:46 INFO  Server:1074 - Starting Socket Reader #1 for port 9862
datanode_3    | 2019-10-07 11:33:28 INFO  Client:948 - Retrying connect to server: scm/172.18.0.11:9861. Already tried 26 time(s); retry policy is RetryUpToMaximumCountWithFixedSleep(maxRetries=2147483647, sleepTime=1000 MILLISECONDS)
datanode_2    | 2019-10-07 11:33:35 INFO  Client:948 - Retrying connect to server: scm/172.18.0.11:9861. Already tried 33 time(s); retry policy is RetryUpToMaximumCountWithFixedSleep(maxRetries=2147483647, sleepTime=1000 MILLISECONDS)
datanode_1    | 2019-10-07 11:33:31 INFO  Client:948 - Retrying connect to server: scm/172.18.0.11:9861. Already tried 29 time(s); retry policy is RetryUpToMaximumCountWithFixedSleep(maxRetries=2147483647, sleepTime=1000 MILLISECONDS)
grafana_1     | t=2019-10-07T11:33:44+0000 lvl=info msg="Executing migration" logger=migrator id="Remove unique index org_id_slug"
scm_1         | 2019-10-07 11:33:43 INFO  SCMSafeModeManager:71 - SCM in safe mode. 1 DataNodes registered, 1 required.
om_1          | 2019-10-07 11:33:46 INFO  OzoneManager:1069 - OzoneManager RPC server is listening at om/172.18.0.10:9862
datanode_3    | 2019-10-07 11:33:29 INFO  Client:948 - Retrying connect to server: scm/172.18.0.11:9861. Already tried 27 time(s); retry policy is RetryUpToMaximumCountWithFixedSleep(maxRetries=2147483647, sleepTime=1000 MILLISECONDS)
datanode_2    | 2019-10-07 11:33:36 INFO  Client:948 - Retrying connect to server: scm/172.18.0.11:9861. Already tried 34 time(s); retry policy is RetryUpToMaximumCountWithFixedSleep(maxRetries=2147483647, sleepTime=1000 MILLISECONDS)
datanode_1    | 2019-10-07 11:33:32 INFO  Client:948 - Retrying connect to server: scm/172.18.0.11:9861. Already tried 30 time(s); retry policy is RetryUpToMaximumCountWithFixedSleep(maxRetries=2147483647, sleepTime=1000 MILLISECONDS)
grafana_1     | t=2019-10-07T11:33:44+0000 lvl=info msg="Executing migration" logger=migrator id="Update dashboard title length"
scm_1         | 2019-10-07 11:33:43 INFO  SCMSafeModeManager:177 - ScmSafeModeManager, all rules are successfully validated
om_1          | 2019-10-07 11:33:47 INFO  MetricsConfig:118 - Loaded properties from hadoop-metrics2.properties
datanode_3    | 2019-10-07 11:33:30 INFO  Client:948 - Retrying connect to server: scm/172.18.0.11:9861. Already tried 28 time(s); retry policy is RetryUpToMaximumCountWithFixedSleep(maxRetries=2147483647, sleepTime=1000 MILLISECONDS)
datanode_2    | 2019-10-07 11:33:37 INFO  Client:948 - Retrying connect to server: scm/172.18.0.11:9861. Already tried 35 time(s); retry policy is RetryUpToMaximumCountWithFixedSleep(maxRetries=2147483647, sleepTime=1000 MILLISECONDS)
datanode_1    | 2019-10-07 11:33:33 INFO  Client:948 - Retrying connect to server: scm/172.18.0.11:9861. Already tried 31 time(s); retry policy is RetryUpToMaximumCountWithFixedSleep(maxRetries=2147483647, sleepTime=1000 MILLISECONDS)
grafana_1     | t=2019-10-07T11:33:44+0000 lvl=info msg="Executing migration" logger=migrator id="Add unique index for dashboard_org_id_title_folder_id"
scm_1         | 2019-10-07 11:33:43 INFO  SCMSafeModeManager:193 - SCM exiting safe mode.
om_1          | 2019-10-07 11:33:47 INFO  MetricsSystemImpl:374 - Scheduled Metric snapshot period at 10 second(s).
datanode_3    | 2019-10-07 11:33:31 INFO  Client:948 - Retrying connect to server: scm/172.18.0.11:9861. Already tried 29 time(s); retry policy is RetryUpToMaximumCountWithFixedSleep(maxRetries=2147483647, sleepTime=1000 MILLISECONDS)
datanode_2    | 2019-10-07 11:33:38 INFO  Client:948 - Retrying connect to server: scm/172.18.0.11:9861. Already tried 36 time(s); retry policy is RetryUpToMaximumCountWithFixedSleep(maxRetries=2147483647, sleepTime=1000 MILLISECONDS)
datanode_1    | 2019-10-07 11:33:34 INFO  Client:948 - Retrying connect to server: scm/172.18.0.11:9861. Already tried 32 time(s); retry policy is RetryUpToMaximumCountWithFixedSleep(maxRetries=2147483647, sleepTime=1000 MILLISECONDS)
scm_1         | WARNING: An illegal reflective access operation has occurred
grafana_1     | t=2019-10-07T11:33:44+0000 lvl=info msg="Executing migration" logger=migrator id="create dashboard_provisioning"
datanode_3    | 2019-10-07 11:33:32 INFO  Client:948 - Retrying connect to server: scm/172.18.0.11:9861. Already tried 30 time(s); retry policy is RetryUpToMaximumCountWithFixedSleep(maxRetries=2147483647, sleepTime=1000 MILLISECONDS)
datanode_2    | 2019-10-07 11:33:39 INFO  Client:948 - Retrying connect to server: scm/172.18.0.11:9861. Already tried 37 time(s); retry policy is RetryUpToMaximumCountWithFixedSleep(maxRetries=2147483647, sleepTime=1000 MILLISECONDS)
datanode_1    | 2019-10-07 11:33:35 INFO  Client:948 - Retrying connect to server: scm/172.18.0.11:9861. Already tried 33 time(s); retry policy is RetryUpToMaximumCountWithFixedSleep(maxRetries=2147483647, sleepTime=1000 MILLISECONDS)
om_1          | 2019-10-07 11:33:47 INFO  MetricsSystemImpl:191 - OzoneManager metrics system started
