rm_1        | 2019-10-05 00:21:08 INFO  CapacitySchedulerQueueManager:298 - Initialized queue: default: capacity=1.0, absoluteCapacity=1.0, usedResources=<memory:0, vCores:0>, usedCapacity=0.0, absoluteUsedCapacity=0.0, numApps=0, numContainers=0, effectiveMinResource=<memory:0, vCores:0> , effectiveMaxResource=<memory:0, vCores:0>
om_1        | 2019-10-05 00:21:18 INFO  OzoneManager:713 - Reading keypair and certificate from file system.
jhs         | 2019-10-05 00:21:10 INFO  Server:419 - Started @5070ms
datanode_2  | 2019-10-05 00:21:19 INFO  SegmentedRaftLogWorker:128 - 0c1299fc-f14b-456e-bc7c-9ab7c86d2927@group-8729AE0BE6AB-SegmentedRaftLogWorker: flushIndex: setUnconditionally 0 -> -1
datanode_1  | 2019-10-05 00:21:21 INFO  RaftServerImpl:95 - 99afcae4-5cf3-43ec-8c24-cf1711197689: new RaftServerImpl for group-B78D2DA6DBA0:[6c6630d3-9a00-4c85-a713-0306e2800296:172.18.0.8:9858, 99afcae4-5cf3-43ec-8c24-cf1711197689:172.18.0.11:9858, 0c1299fc-f14b-456e-bc7c-9ab7c86d2927:172.18.0.7:9858] with ContainerStateMachine:uninitialized
kms_1       | 	at org.eclipse.jetty.servlet.ServletHandler$CachedChain.doFilter(ServletHandler.java:1759)
scm_1       | 2019-10-05 00:21:18 INFO  SCMNodeManager:268 - Registered Data node : 6c6630d3-9a00-4c85-a713-0306e2800296{ip: 172.18.0.8, host: ozonesecure-mr_datanode_3.ozone, networkLocation: /default-rack, certSerialId: 9433828983254737}
datanode_3  | 2019-10-05 00:21:20 INFO  SegmentedRaftLogWorker:128 - 6c6630d3-9a00-4c85-a713-0306e2800296@group-B4B1D18B6DDC-SegmentedRaftLogWorker: flushIndex: setUnconditionally 0 -> -1
kdc_1       | Oct 05 00:20:51 kdc krb5kdc[9](info): AS_REQ (8 etypes {18 17 20 19 16 23 25 26}) 127.0.0.1: SERVER_NOT_FOUND: admin/admin@EXAMPLE.COM for kadmin/localhost@EXAMPLE.COM, Server not found in Kerberos database
nm_1        | 2019-10-05 00:21:09 INFO  ContainerManagerImpl:667 - ContainerManager bound to 0.0.0.0/0.0.0.0:0
om_1        | 2019-10-05 00:21:18 INFO  OzoneManager:679 - Starting OM block token secret manager
rm_1        | 2019-10-05 00:21:08 INFO  CapacitySchedulerQueueManager:298 - Initialized queue: root: numChildQueue= 1, capacity=1.0, absoluteCapacity=1.0, usedResources=<memory:0, vCores:0>usedCapacity=0.0, numApps=0, numContainers=0
datanode_2  | 2019-10-05 00:21:19 INFO  RaftServerConfigKeys:43 - raft.server.snapshot.auto.trigger.enabled = true (custom)
kms_1       | 	at org.apache.hadoop.http.NoCacheFilter.doFilter(NoCacheFilter.java:45)
jhs         | 2019-10-05 00:21:10 INFO  ApplicationHistoryServer:318 - Instantiating AHSWebApp at 8188
datanode_1  | 2019-10-05 00:21:21 INFO  RaftServerConfigKeys:43 - raft.server.rpc.timeout.min = 5s (custom)
scm_1       | 2019-10-05 00:21:20 INFO  PipelineStateManager:56 - Created pipeline Pipeline[ Id: f33ec5d9-b473-4e61-8918-8729ae0be6ab, Nodes: 0c1299fc-f14b-456e-bc7c-9ab7c86d2927{ip: 172.18.0.7, host: ozonesecure-mr_datanode_2.ozone, networkLocation: /default-rack, certSerialId: null}, Type:RATIS, Factor:ONE, State:OPEN]
datanode_3  | 2019-10-05 00:21:20 INFO  RaftServerConfigKeys:43 - raft.server.snapshot.auto.trigger.enabled = true (custom)
kdc_1       | Oct 05 00:20:51 kdc krb5kdc[9](info): AS_REQ (8 etypes {18 17 20 19 16 23 25 26}) 127.0.0.1: ISSUE: authtime 1570234851, etypes {rep=18 tkt=18 ses=18}, admin/admin@EXAMPLE.COM for kadmin/admin@EXAMPLE.COM
om_1        | 2019-10-05 00:21:18 INFO  OzoneBlockTokenSecretManager:168 - Updating the current master key for generating tokens
datanode_2  | 2019-10-05 00:21:19 INFO  RaftServerConfigKeys:43 - raft.server.snapshot.auto.trigger.threshold = 10000 (custom)
rm_1        | 2019-10-05 00:21:08 INFO  CapacitySchedulerQueueManager:163 - Initialized root queue root: numChildQueue= 1, capacity=1.0, absoluteCapacity=1.0, usedResources=<memory:0, vCores:0>usedCapacity=0.0, numApps=0, numContainers=0
nm_1        | 2019-10-05 00:21:09 INFO  WebServer:99 - Instantiating NMWebApp at 0.0.0.0:8042
kms_1       | 	at org.eclipse.jetty.servlet.ServletHandler$CachedChain.doFilter(ServletHandler.java:1759)
datanode_1  | 2019-10-05 00:21:21 INFO  RaftServerConfigKeys:43 - raft.server.rpc.timeout.max = 5200ms (custom)
jhs         | Oct 05, 2019 12:22:09 AM com.sun.jersey.server.wadl.generators.AbstractWadlGeneratorGrammarGenerator attachTypes
scm_1       | 2019-10-05 00:21:20 INFO  PipelineStateManager:56 - Created pipeline Pipeline[ Id: 3f7c9675-850a-4b9b-bb07-b4b1d18b6ddc, Nodes: 6c6630d3-9a00-4c85-a713-0306e2800296{ip: 172.18.0.8, host: ozonesecure-mr_datanode_3.ozone, networkLocation: /default-rack, certSerialId: null}, Type:RATIS, Factor:ONE, State:OPEN]
datanode_3  | 2019-10-05 00:21:20 INFO  RaftServerConfigKeys:43 - raft.server.snapshot.auto.trigger.threshold = 10000 (custom)
kdc_1       | Oct 05 00:20:51 kdc krb5kdc[9](info): AS_REQ (8 etypes {18 17 20 19 16 23 25 26}) 127.0.0.1: SERVER_NOT_FOUND: admin/admin@EXAMPLE.COM for kadmin/localhost@EXAMPLE.COM, Server not found in Kerberos database
om_1        | 2019-10-05 00:21:18 INFO  OzoneManager:690 - Starting OM delegation token secret manager
datanode_2  | 2019-10-05 00:21:19 INFO  RaftServerConfigKeys:43 - raft.server.snapshot.retention.file.num = 5 (custom)
rm_1        | 2019-10-05 00:21:08 INFO  UserGroupMappingPlacementRule:237 - Initialized queue mappings, override: false
nm_1        | 2019-10-05 00:21:09 INFO  log:192 - Logging initialized @3161ms
kms_1       | 	at org.eclipse.jetty.servlet.ServletHandler.doHandle(ServletHandler.java:582)
datanode_1  | 2019-10-05 00:21:21 INFO  RaftServerConfigKeys:43 - raft.server.rpcslowness.timeout = 120s (custom)
jhs         | INFO: Couldn't find grammar element for class javax.ws.rs.core.Response
scm_1       | 2019-10-05 00:21:21 INFO  PipelineStateManager:56 - Created pipeline Pipeline[ Id: 9f11770c-e110-4268-98b1-cc11ffbd6395, Nodes: 99afcae4-5cf3-43ec-8c24-cf1711197689{ip: 172.18.0.11, host: ozonesecure-mr_datanode_1.ozone, networkLocation: /default-rack, certSerialId: null}, Type:RATIS, Factor:ONE, State:OPEN]
datanode_3  | 2019-10-05 00:21:20 INFO  RaftServerConfigKeys:43 - raft.server.snapshot.retention.file.num = 5 (custom)
kdc_1       | Oct 05 00:20:51 kdc krb5kdc[9](info): AS_REQ (8 etypes {18 17 20 19 16 23 25 26}) 127.0.0.1: ISSUE: authtime 1570234851, etypes {rep=18 tkt=18 ses=18}, admin/admin@EXAMPLE.COM for kadmin/admin@EXAMPLE.COM
om_1        | 2019-10-05 00:21:18 INFO  OzoneDelegationTokenSecretManager:168 - Updating the current master key for generating tokens
rm_1        | 2019-10-05 00:21:08 INFO  MultiNodeSortingManager:104 - MultiNode scheduling is 'false', and configured policies are 
nm_1        | 2019-10-05 00:21:09 INFO  AuthenticationFilter:240 - Unable to initialize FileSignerSecretProvider, falling back to use random secrets.
datanode_1  | 2019-10-05 00:21:21 INFO  RaftServerConfigKeys:43 - raft.server.sleep.deviation.threshold = 300 (default)
kms_1       | 	at org.eclipse.jetty.server.handler.ScopedHandler.handle(ScopedHandler.java:143)
datanode_2  | 2019-10-05 00:21:19 INFO  RaftServerConfigKeys:43 - raft.server.retrycache.expirytime = 600000ms (custom)
jhs         | Oct 05, 2019 12:22:09 AM com.sun.jersey.server.wadl.generators.AbstractWadlGeneratorGrammarGenerator attachTypes
datanode_3  | 2019-10-05 00:21:20 INFO  RaftServerConfigKeys:43 - raft.server.retrycache.expirytime = 600000ms (custom)
scm_1       | 2019-10-05 00:21:21 INFO  PipelineStateManager:56 - Created pipeline Pipeline[ Id: 0723e0e6-bdb4-495d-aaf8-b78d2da6dba0, Nodes: 6c6630d3-9a00-4c85-a713-0306e2800296{ip: 172.18.0.8, host: ozonesecure-mr_datanode_3.ozone, networkLocation: /default-rack, certSerialId: null}99afcae4-5cf3-43ec-8c24-cf1711197689{ip: 172.18.0.11, host: ozonesecure-mr_datanode_1.ozone, networkLocation: /default-rack, certSerialId: null}0c1299fc-f14b-456e-bc7c-9ab7c86d2927{ip: 172.18.0.7, host: ozonesecure-mr_datanode_2.ozone, networkLocation: /default-rack, certSerialId: null}, Type:RATIS, Factor:THREE, State:OPEN]
om_1        | 2019-10-05 00:21:18 INFO  OzoneDelegationTokenSecretManager:529 - Starting expired delegation token remover thread, tokenRemoverScanInterval=60 min(s)
kdc_1       | Oct 05 00:20:51 kdc krb5kdc[9](info): AS_REQ (8 etypes {18 17 20 19 16 23 25 26}) 127.0.0.1: SERVER_NOT_FOUND: admin/admin@EXAMPLE.COM for kadmin/localhost@EXAMPLE.COM, Server not found in Kerberos database
rm_1        | 2019-10-05 00:21:08 INFO  CapacityScheduler:408 - Initialized CapacityScheduler with calculator=class org.apache.hadoop.yarn.util.resource.DefaultResourceCalculator, minimumAllocation=<<memory:1024, vCores:1>>, maximumAllocation=<<memory:8192, vCores:4>>, asynchronousScheduling=false, asyncScheduleInterval=5ms,multiNodePlacementEnabled=false
nm_1        | 2019-10-05 00:21:09 INFO  HttpRequestLog:81 - Http request log for http.requests.nodemanager is not defined
datanode_1  | 2019-10-05 00:21:21 INFO  RaftServerConfigKeys:43 - raft.server.log.appender.install.snapshot.enabled = false (custom)
kms_1       | 	at org.eclipse.jetty.security.SecurityHandler.handle(SecurityHandler.java:548)
datanode_2  | 2019-10-05 00:21:19 INFO  RaftServerImpl:181 - 0c1299fc-f14b-456e-bc7c-9ab7c86d2927@group-8729AE0BE6AB: start as a follower, conf=-1: [0c1299fc-f14b-456e-bc7c-9ab7c86d2927:172.18.0.7:9858], old=null
jhs         | INFO: Couldn't find grammar element for class javax.ws.rs.core.Response
datanode_3  | 2019-10-05 00:21:20 INFO  RaftServerImpl:181 - 6c6630d3-9a00-4c85-a713-0306e2800296@group-B4B1D18B6DDC: start as a follower, conf=-1: [6c6630d3-9a00-4c85-a713-0306e2800296:172.18.0.8:9858], old=null
scm_1       | 2019-10-05 00:21:36 INFO  Server:1849 - Auth successful for om/om@EXAMPLE.COM (auth:KERBEROS)
om_1        | 2019-10-05 00:21:18 INFO  Server:1314 - IPC Server Responder: starting
kdc_1       | Oct 05 00:20:51 kdc krb5kdc[9](info): AS_REQ (8 etypes {18 17 20 19 16 23 25 26}) 127.0.0.1: ISSUE: authtime 1570234851, etypes {rep=18 tkt=18 ses=18}, admin/admin@EXAMPLE.COM for kadmin/admin@EXAMPLE.COM
rm_1        | 2019-10-05 00:21:08 INFO  Configuration:2752 - dynamic-resources.xml not found
nm_1        | 2019-10-05 00:21:09 INFO  HttpServer2:975 - Added global filter 'safety' (class=org.apache.hadoop.http.HttpServer2$QuotingInputFilter)
datanode_1  | 2019-10-05 00:21:21 INFO  RaftServerImpl:103 - 99afcae4-5cf3-43ec-8c24-cf1711197689@group-B78D2DA6DBA0: ConfigurationManager, init=-1: [6c6630d3-9a00-4c85-a713-0306e2800296:172.18.0.8:9858, 99afcae4-5cf3-43ec-8c24-cf1711197689:172.18.0.11:9858, 0c1299fc-f14b-456e-bc7c-9ab7c86d2927:172.18.0.7:9858], old=null, confs=<EMPTY_MAP>
kms_1       | 	at org.eclipse.jetty.server.session.SessionHandler.doHandle(SessionHandler.java:226)
datanode_2  | 2019-10-05 00:21:19 INFO  RaftServerImpl:170 - 0c1299fc-f14b-456e-bc7c-9ab7c86d2927@group-8729AE0BE6AB: changes role from      null to FOLLOWER at term 0 for startAsFollower
jhs         | Oct 05, 2019 12:22:09 AM com.sun.jersey.server.wadl.generators.AbstractWadlGeneratorGrammarGenerator attachTypes
datanode_3  | 2019-10-05 00:21:20 INFO  RaftServerImpl:170 - 6c6630d3-9a00-4c85-a713-0306e2800296@group-B4B1D18B6DDC: changes role from      null to FOLLOWER at term 0 for startAsFollower
scm_1       | 2019-10-05 00:21:48 INFO  Server:1849 - Auth successful for om/om@EXAMPLE.COM (auth:KERBEROS)
om_1        | 2019-10-05 00:21:18 INFO  Server:1153 - IPC Server listener on 9862: starting
kdc_1       | Oct 05 00:20:51 kdc krb5kdc[9](info): AS_REQ (8 etypes {18 17 20 19 16 23 25 26}) 127.0.0.1: SERVER_NOT_FOUND: admin/admin@EXAMPLE.COM for kadmin/localhost@EXAMPLE.COM, Server not found in Kerberos database
rm_1        | 2019-10-05 00:21:08 INFO  AMSProcessingChain:62 - Initializing AMS Processing chain. Root Processor=[org.apache.hadoop.yarn.server.resourcemanager.DefaultAMSProcessor].
nm_1        | 2019-10-05 00:21:09 INFO  HttpServer2:948 - Added filter static_user_filter (class=org.apache.hadoop.http.lib.StaticUserWebFilter$StaticUserFilter) to context node
datanode_1  | 2019-10-05 00:21:21 INFO  RaftServerConfigKeys:43 - raft.server.storage.dir = [/data/metadata/ratis] (custom)
kms_1       | 	at org.eclipse.jetty.server.handler.ContextHandler.doHandle(ContextHandler.java:1180)
datanode_2  | 2019-10-05 00:21:19 INFO  RoleInfo:143 - 0c1299fc-f14b-456e-bc7c-9ab7c86d2927: start FollowerState
jhs         | INFO: Couldn't find grammar element for class javax.ws.rs.core.Response
datanode_3  | 2019-10-05 00:21:20 INFO  RoleInfo:143 - 6c6630d3-9a00-4c85-a713-0306e2800296: start FollowerState
scm_1       | 2019-10-05 00:21:49 INFO  Server:1849 - Auth successful for dn/1755cbafc568@EXAMPLE.COM (auth:KERBEROS)
om_1        | 2019-10-05 00:21:18 INFO  DFSUtil:1629 - Starting web server as: HTTP/om@EXAMPLE.COM
rm_1        | 2019-10-05 00:21:08 INFO  ApplicationMasterService:129 - disabled placement handler will be used, all scheduling requests will be rejected.
kdc_1       | Oct 05 00:20:51 kdc krb5kdc[9](info): AS_REQ (8 etypes {18 17 20 19 16 23 25 26}) 127.0.0.1: ISSUE: authtime 1570234851, etypes {rep=18 tkt=18 ses=18}, admin/admin@EXAMPLE.COM for kadmin/admin@EXAMPLE.COM
nm_1        | 2019-10-05 00:21:09 INFO  HttpServer2:958 - Added filter static_user_filter (class=org.apache.hadoop.http.lib.StaticUserWebFilter$StaticUserFilter) to context static
kms_1       | 	at org.eclipse.jetty.servlet.ServletHandler.doScope(ServletHandler.java:512)
datanode_2  | 2019-10-05 00:21:19 INFO  JmxRegister:44 - Successfully registered JMX Bean with object name Ratis:service=RaftServer,group=group-8729AE0BE6AB,id=0c1299fc-f14b-456e-bc7c-9ab7c86d2927
jhs         | Oct 05, 2019 12:22:09 AM com.sun.jersey.server.wadl.generators.AbstractWadlGeneratorGrammarGenerator attachTypes
datanode_3  | 2019-10-05 00:21:20 INFO  JmxRegister:44 - Successfully registered JMX Bean with object name Ratis:service=RaftServer,group=group-B4B1D18B6DDC,id=6c6630d3-9a00-4c85-a713-0306e2800296
scm_1       | 2019-10-05 00:21:50 INFO  Server:1849 - Auth successful for dn/1755cbafc568@EXAMPLE.COM (auth:KERBEROS)
om_1        | 2019-10-05 00:21:18 INFO  DFSUtil:1641 - Starting Web-server for ozoneManager at: http://0.0.0.0:9874
rm_1        | 2019-10-05 00:21:08 INFO  AMSProcessingChain:75 - Adding [org.apache.hadoop.yarn.server.resourcemanager.scheduler.constraint.processor.DisabledPlacementProcessor] tp top of AMS Processing chain. 
kdc_1       | Oct 05 00:20:51 kdc krb5kdc[9](info): AS_REQ (8 etypes {18 17 20 19 16 23 25 26}) 127.0.0.1: SERVER_NOT_FOUND: admin/admin@EXAMPLE.COM for kadmin/localhost@EXAMPLE.COM, Server not found in Kerberos database
datanode_1  | 2019-10-05 00:21:21 INFO  RaftServerConfigKeys:43 - raft.server.log.corruption.policy = EXCEPTION (default)
nm_1        | 2019-10-05 00:21:09 INFO  HttpServer2:958 - Added filter static_user_filter (class=org.apache.hadoop.http.lib.StaticUserWebFilter$StaticUserFilter) to context logs
kms_1       | 	at org.eclipse.jetty.server.session.SessionHandler.doScope(SessionHandler.java:185)
datanode_2  | 2019-10-05 00:21:21 INFO  RaftServerProxy:89 - 0c1299fc-f14b-456e-bc7c-9ab7c86d2927: addNew group-B78D2DA6DBA0:[6c6630d3-9a00-4c85-a713-0306e2800296:172.18.0.8:9858, 99afcae4-5cf3-43ec-8c24-cf1711197689:172.18.0.11:9858, 0c1299fc-f14b-456e-bc7c-9ab7c86d2927:172.18.0.7:9858] returns group-B78D2DA6DBA0:java.util.concurrent.CompletableFuture@5ffdca2a[Not completed]
jhs         | INFO: Couldn't find grammar element for class javax.ws.rs.core.Response
datanode_3  | 2019-10-05 00:21:21 INFO  RaftServerProxy:89 - 6c6630d3-9a00-4c85-a713-0306e2800296: addNew group-B78D2DA6DBA0:[6c6630d3-9a00-4c85-a713-0306e2800296:172.18.0.8:9858, 99afcae4-5cf3-43ec-8c24-cf1711197689:172.18.0.11:9858, 0c1299fc-f14b-456e-bc7c-9ab7c86d2927:172.18.0.7:9858] returns group-B78D2DA6DBA0:java.util.concurrent.CompletableFuture@36189622[Not completed]
scm_1       | 2019-10-05 00:21:50 INFO  Server:1849 - Auth successful for dn/1bae134bc53f@EXAMPLE.COM (auth:KERBEROS)
om_1        | 2019-10-05 00:21:18 INFO  AuthenticationFilter:240 - Unable to initialize FileSignerSecretProvider, falling back to use random secrets.
rm_1        | 2019-10-05 00:21:08 INFO  TimelineClientImpl:129 - Timeline service address: jhs:8188
kdc_1       | Oct 05 00:20:51 kdc krb5kdc[9](info): AS_REQ (8 etypes {18 17 20 19 16 23 25 26}) 127.0.0.1: ISSUE: authtime 1570234851, etypes {rep=18 tkt=18 ses=18}, admin/admin@EXAMPLE.COM for kadmin/admin@EXAMPLE.COM
nm_1        | 2019-10-05 00:21:09 INFO  HttpServer2:948 - Added filter authentication (class=org.apache.hadoop.security.authentication.server.AuthenticationFilter) to context node
kms_1       | 	at org.eclipse.jetty.server.handler.ContextHandler.doScope(ContextHandler.java:1112)
datanode_2  | 2019-10-05 00:21:21 INFO  RaftServerImpl:95 - 0c1299fc-f14b-456e-bc7c-9ab7c86d2927: new RaftServerImpl for group-B78D2DA6DBA0:[6c6630d3-9a00-4c85-a713-0306e2800296:172.18.0.8:9858, 99afcae4-5cf3-43ec-8c24-cf1711197689:172.18.0.11:9858, 0c1299fc-f14b-456e-bc7c-9ab7c86d2927:172.18.0.7:9858] with ContainerStateMachine:uninitialized
jhs         | 2019-10-05 00:22:09 INFO  AbstractDelegationTokenSecretManager:403 - Creating password for identifier: (TIMELINE_DELEGATION_TOKEN owner=hadoop, renewer=rm, realUser=, issueDate=1570234929332, maxDate=1570839729332, sequenceNumber=1, masterKeyId=2), currentKey: 2
datanode_1  | 2019-10-05 00:21:21 INFO  RaftStorageDirectory:246 - The storage directory /data/metadata/ratis/0723e0e6-bdb4-495d-aaf8-b78d2da6dba0 does not exist. Creating ...
datanode_3  | 2019-10-05 00:21:21 INFO  RaftServerImpl:95 - 6c6630d3-9a00-4c85-a713-0306e2800296: new RaftServerImpl for group-B78D2DA6DBA0:[6c6630d3-9a00-4c85-a713-0306e2800296:172.18.0.8:9858, 99afcae4-5cf3-43ec-8c24-cf1711197689:172.18.0.11:9858, 0c1299fc-f14b-456e-bc7c-9ab7c86d2927:172.18.0.7:9858] with ContainerStateMachine:uninitialized
scm_1       | 2019-10-05 00:21:50 INFO  Server:1849 - Auth successful for dn/e968f4575b90@EXAMPLE.COM (auth:KERBEROS)
om_1        | 2019-10-05 00:21:18 INFO  HttpRequestLog:81 - Http request log for http.requests.ozoneManager is not defined
rm_1        | 2019-10-05 00:21:09 INFO  AsyncDispatcher:223 - Registering class org.apache.hadoop.yarn.server.resourcemanager.metrics.AbstractSystemMetricsPublisher$SystemMetricsEventType for class org.apache.hadoop.yarn.server.resourcemanager.metrics.TimelineServiceV1Publisher$TimelineV1EventHandler
kdc_1       | Oct 05 00:20:51 kdc krb5kdc[9](info): AS_REQ (8 etypes {18 17 20 19 16 23 25 26}) 127.0.0.1: SERVER_NOT_FOUND: admin/admin@EXAMPLE.COM for kadmin/localhost@EXAMPLE.COM, Server not found in Kerberos database
nm_1        | 2019-10-05 00:21:09 INFO  HttpServer2:958 - Added filter authentication (class=org.apache.hadoop.security.authentication.server.AuthenticationFilter) to context static
kms_1       | 	at org.eclipse.jetty.server.handler.ScopedHandler.handle(ScopedHandler.java:141)
datanode_2  | 2019-10-05 00:21:21 INFO  RaftServerConfigKeys:43 - raft.server.rpc.timeout.min = 5s (custom)
jhs         | Oct 05, 2019 12:22:10 AM com.sun.jersey.server.wadl.generators.AbstractWadlGeneratorGrammarGenerator attachTypes
datanode_1  | 2019-10-05 00:21:21 INFO  RaftStorageDirectory:328 - Lock on /data/metadata/ratis/0723e0e6-bdb4-495d-aaf8-b78d2da6dba0/in_use.lock acquired by nodename 7@1bae134bc53f
datanode_3  | 2019-10-05 00:21:21 INFO  RaftServerConfigKeys:43 - raft.server.rpc.timeout.min = 5s (custom)
scm_1       | 2019-10-05 00:22:03 INFO  Server:1849 - Auth successful for om/om@EXAMPLE.COM (auth:KERBEROS)
om_1        | 2019-10-05 00:21:18 INFO  HttpServer2:975 - Added global filter 'safety' (class=org.apache.hadoop.http.HttpServer2$QuotingInputFilter)
rm_1        | 2019-10-05 00:21:09 INFO  AsyncDispatcher:223 - Registering class org.apache.hadoop.yarn.server.resourcemanager.metrics.AbstractSystemMetricsPublisher$SystemMetricsEventType for class org.apache.hadoop.yarn.server.resourcemanager.metrics.TimelineServiceV1Publisher$TimelineV1EventHandler
kdc_1       | Oct 05 00:20:51 kdc krb5kdc[9](info): AS_REQ (8 etypes {18 17 20 19 16 23 25 26}) 127.0.0.1: ISSUE: authtime 1570234851, etypes {rep=18 tkt=18 ses=18}, admin/admin@EXAMPLE.COM for kadmin/admin@EXAMPLE.COM
nm_1        | 2019-10-05 00:21:09 INFO  HttpServer2:958 - Added filter authentication (class=org.apache.hadoop.security.authentication.server.AuthenticationFilter) to context logs
kms_1       | 	at org.eclipse.jetty.server.handler.HandlerCollection.handle(HandlerCollection.java:119)
datanode_2  | 2019-10-05 00:21:21 INFO  RaftServerConfigKeys:43 - raft.server.rpc.timeout.max = 5200ms (custom)
jhs         | INFO: Couldn't find grammar element for class javax.ws.rs.core.Response
datanode_1  | 2019-10-05 00:21:21 INFO  RaftStorage:84 - Storage directory /data/metadata/ratis/0723e0e6-bdb4-495d-aaf8-b78d2da6dba0 has been successfully formatted.
datanode_3  | 2019-10-05 00:21:21 INFO  RaftServerConfigKeys:43 - raft.server.rpc.timeout.max = 5200ms (custom)
scm_1       | 2019-10-05 00:22:04 INFO  Server:1849 - Auth successful for dn/1755cbafc568@EXAMPLE.COM (auth:KERBEROS)
rm_1        | 2019-10-05 00:21:09 INFO  AsyncDispatcher:223 - Registering class org.apache.hadoop.yarn.server.resourcemanager.metrics.AbstractSystemMetricsPublisher$SystemMetricsEventType for class org.apache.hadoop.yarn.server.resourcemanager.metrics.TimelineServiceV1Publisher$TimelineV1EventHandler
om_1        | 2019-10-05 00:21:18 INFO  HttpServer2:948 - Added filter static_user_filter (class=org.apache.hadoop.http.lib.StaticUserWebFilter$StaticUserFilter) to context ozoneManager
kdc_1       | Oct 05 00:20:51 kdc krb5kdc[9](info): AS_REQ (8 etypes {18 17 20 19 16 23 25 26}) 127.0.0.1: SERVER_NOT_FOUND: admin/admin@EXAMPLE.COM for kadmin/localhost@EXAMPLE.COM, Server not found in Kerberos database
nm_1        | 2019-10-05 00:21:09 INFO  HttpServer2:613 - adding path spec: /node/*
kms_1       | 	at org.eclipse.jetty.server.handler.HandlerWrapper.handle(HandlerWrapper.java:134)
jhs         | Oct 05, 2019 12:22:10 AM com.sun.jersey.server.wadl.generators.AbstractWadlGeneratorGrammarGenerator attachTypes
datanode_2  | 2019-10-05 00:21:21 INFO  RaftServerConfigKeys:43 - raft.server.rpcslowness.timeout = 120s (custom)
datanode_1  | 2019-10-05 00:21:21 INFO  ContainerStateMachine:230 - group-B78D2DA6DBA0: The snapshot info is null. Setting the last applied indexto:(t:0, i:~)
datanode_3  | 2019-10-05 00:21:21 INFO  RaftServerConfigKeys:43 - raft.server.rpcslowness.timeout = 120s (custom)
scm_1       | 2019-10-05 00:22:05 INFO  Server:1849 - Auth successful for dn/e968f4575b90@EXAMPLE.COM (auth:KERBEROS)
rm_1        | 2019-10-05 00:21:09 INFO  AsyncDispatcher:223 - Registering class org.apache.hadoop.yarn.server.resourcemanager.metrics.AbstractSystemMetricsPublisher$SystemMetricsEventType for class org.apache.hadoop.yarn.server.resourcemanager.metrics.TimelineServiceV1Publisher$TimelineV1EventHandler
kdc_1       | Oct 05 00:20:51 kdc krb5kdc[9](info): AS_REQ (8 etypes {18 17 20 19 16 23 25 26}) 127.0.0.1: ISSUE: authtime 1570234851, etypes {rep=18 tkt=18 ses=18}, admin/admin@EXAMPLE.COM for kadmin/admin@EXAMPLE.COM
nm_1        | 2019-10-05 00:21:09 INFO  HttpServer2:613 - adding path spec: /ws/*
kms_1       | 	at org.eclipse.jetty.server.Server.handle(Server.java:536)
om_1        | 2019-10-05 00:21:18 INFO  HttpServer2:958 - Added filter static_user_filter (class=org.apache.hadoop.http.lib.StaticUserWebFilter$StaticUserFilter) to context logs
jhs         | INFO: Couldn't find grammar element for class javax.ws.rs.core.Response
datanode_2  | 2019-10-05 00:21:21 INFO  RaftServerConfigKeys:43 - raft.server.sleep.deviation.threshold = 300 (default)
datanode_1  | 2019-10-05 00:21:21 INFO  RaftServerConfigKeys:43 - raft.server.notification.no-leader.timeout = 120s (custom)
datanode_3  | 2019-10-05 00:21:21 INFO  RaftServerConfigKeys:43 - raft.server.sleep.deviation.threshold = 300 (default)
scm_1       | 2019-10-05 00:22:05 INFO  Server:1849 - Auth successful for dn/e968f4575b90@EXAMPLE.COM (auth:KERBEROS)
rm_1        | 2019-10-05 00:21:09 INFO  AsyncDispatcher:223 - Registering class org.apache.hadoop.yarn.server.resourcemanager.metrics.AbstractSystemMetricsPublisher$SystemMetricsEventType for class org.apache.hadoop.yarn.server.resourcemanager.metrics.TimelineServiceV1Publisher$TimelineV1EventHandler
kdc_1       | Oct 05 00:20:51 kdc krb5kdc[9](info): AS_REQ (8 etypes {18 17 20 19 16 23 25 26}) 127.0.0.1: SERVER_NOT_FOUND: admin/admin@EXAMPLE.COM for kadmin/localhost@EXAMPLE.COM, Server not found in Kerberos database
nm_1        | 2019-10-05 00:21:10 INFO  WebApps:395 - Registered webapp guice modules
kms_1       | 	at org.eclipse.jetty.server.HttpChannel.handle(HttpChannel.java:333)
om_1        | 2019-10-05 00:21:18 INFO  HttpServer2:958 - Added filter static_user_filter (class=org.apache.hadoop.http.lib.StaticUserWebFilter$StaticUserFilter) to context static
jhs         | Oct 05, 2019 12:22:10 AM com.sun.jersey.server.wadl.generators.AbstractWadlGeneratorGrammarGenerator attachTypes
datanode_2  | 2019-10-05 00:21:21 INFO  RaftServerConfigKeys:43 - raft.server.log.appender.install.snapshot.enabled = false (custom)
datanode_1  | 2019-10-05 00:21:21 INFO  RaftServerConfigKeys:43 - raft.server.log.use.memory = false (default)
datanode_3  | 2019-10-05 00:21:21 INFO  RaftServerConfigKeys:43 - raft.server.log.appender.install.snapshot.enabled = false (custom)
scm_1       | 2019-10-05 00:22:07 INFO  Server:1849 - Auth successful for dn/1bae134bc53f@EXAMPLE.COM (auth:KERBEROS)
rm_1        | 2019-10-05 00:21:09 INFO  AsyncDispatcher:223 - Registering class org.apache.hadoop.yarn.server.resourcemanager.metrics.AbstractSystemMetricsPublisher$SystemMetricsEventType for class org.apache.hadoop.yarn.server.resourcemanager.metrics.TimelineServiceV1Publisher$TimelineV1EventHandler
kdc_1       | Oct 05 00:20:51 kdc krb5kdc[9](info): AS_REQ (8 etypes {18 17 20 19 16 23 25 26}) 127.0.0.1: ISSUE: authtime 1570234851, etypes {rep=18 tkt=18 ses=18}, admin/admin@EXAMPLE.COM for kadmin/admin@EXAMPLE.COM
nm_1        | 2019-10-05 00:21:10 INFO  HttpServer2:1191 - Jetty bound to port 8042
kms_1       | 	at org.eclipse.jetty.server.HttpConnection.onFillable(HttpConnection.java:251)
om_1        | 2019-10-05 00:21:18 INFO  HttpServer2:1191 - Jetty bound to port 9874
jhs         | INFO: Couldn't find grammar element for class javax.ws.rs.core.Response
datanode_2  | 2019-10-05 00:21:21 INFO  RaftServerImpl:103 - 0c1299fc-f14b-456e-bc7c-9ab7c86d2927@group-B78D2DA6DBA0: ConfigurationManager, init=-1: [6c6630d3-9a00-4c85-a713-0306e2800296:172.18.0.8:9858, 99afcae4-5cf3-43ec-8c24-cf1711197689:172.18.0.11:9858, 0c1299fc-f14b-456e-bc7c-9ab7c86d2927:172.18.0.7:9858], old=null, confs=<EMPTY_MAP>
datanode_1  | 2019-10-05 00:21:21 INFO  RaftServerConfigKeys:43 - raft.server.log.purge.gap = 1000000 (custom)
datanode_3  | 2019-10-05 00:21:21 INFO  RaftServerImpl:103 - 6c6630d3-9a00-4c85-a713-0306e2800296@group-B78D2DA6DBA0: ConfigurationManager, init=-1: [6c6630d3-9a00-4c85-a713-0306e2800296:172.18.0.8:9858, 99afcae4-5cf3-43ec-8c24-cf1711197689:172.18.0.11:9858, 0c1299fc-f14b-456e-bc7c-9ab7c86d2927:172.18.0.7:9858], old=null, confs=<EMPTY_MAP>
scm_1       | 2019-10-05 00:22:07 INFO  Server:1849 - Auth successful for dn/1bae134bc53f@EXAMPLE.COM (auth:KERBEROS)
rm_1        | 2019-10-05 00:21:09 INFO  AsyncDispatcher:223 - Registering class org.apache.hadoop.yarn.server.resourcemanager.metrics.AbstractSystemMetricsPublisher$SystemMetricsEventType for class org.apache.hadoop.yarn.server.resourcemanager.metrics.TimelineServiceV1Publisher$TimelineV1EventHandler
kdc_1       | Oct 05 00:20:51 kdc krb5kdc[9](info): AS_REQ (8 etypes {18 17 20 19 16 23 25 26}) 127.0.0.1: SERVER_NOT_FOUND: admin/admin@EXAMPLE.COM for kadmin/localhost@EXAMPLE.COM, Server not found in Kerberos database
nm_1        | 2019-10-05 00:21:10 INFO  Server:351 - jetty-9.3.24.v20180605, build timestamp: 2018-06-05T17:11:56Z, git hash: 84205aa28f11a4f31f2a3b86d1bba2cc8ab69827
kms_1       | 	at org.eclipse.jetty.io.AbstractConnection$ReadCallback.succeeded(AbstractConnection.java:283)
om_1        | 2019-10-05 00:21:18 INFO  Server:351 - jetty-9.3.25.v20180904, build timestamp: 2018-09-04T21:11:46Z, git hash: 3ce520221d0240229c862b122d2b06c12a625732
jhs         | Oct 05, 2019 12:22:10 AM com.sun.jersey.server.wadl.generators.AbstractWadlGeneratorGrammarGenerator attachTypes
datanode_2  | 2019-10-05 00:21:21 INFO  RaftServerConfigKeys:43 - raft.server.storage.dir = [/data/metadata/ratis] (custom)
datanode_1  | 2019-10-05 00:21:21 INFO  RaftServerConfigKeys:43 - raft.server.log.appender.buffer.byte-limit = 33554432 (custom)
datanode_3  | 2019-10-05 00:21:21 INFO  RaftServerConfigKeys:43 - raft.server.storage.dir = [/data/metadata/ratis] (custom)
scm_1       | 2019-10-05 00:22:21 INFO  Server:1849 - Auth successful for om/om@EXAMPLE.COM (auth:KERBEROS)
rm_1        | 2019-10-05 00:21:09 INFO  AsyncDispatcher:223 - Registering class org.apache.hadoop.yarn.server.resourcemanager.metrics.AbstractSystemMetricsPublisher$SystemMetricsEventType for class org.apache.hadoop.yarn.server.resourcemanager.metrics.TimelineServiceV1Publisher$TimelineV1EventHandler
kdc_1       | Oct 05 00:20:51 kdc krb5kdc[9](info): AS_REQ (8 etypes {18 17 20 19 16 23 25 26}) 127.0.0.1: ISSUE: authtime 1570234851, etypes {rep=18 tkt=18 ses=18}, admin/admin@EXAMPLE.COM for kadmin/admin@EXAMPLE.COM
nm_1        | 2019-10-05 00:21:10 INFO  AuthenticationFilter:240 - Unable to initialize FileSignerSecretProvider, falling back to use random secrets.
kms_1       | 	at org.eclipse.jetty.io.FillInterest.fillable(FillInterest.java:108)
om_1        | 2019-10-05 00:21:18 INFO  ContextHandler:781 - Started o.e.j.s.ServletContextHandler@39dec536{/logs,file:///var/log/hadoop/,AVAILABLE}
jhs         | INFO: Couldn't find grammar element for class javax.ws.rs.core.Response
datanode_1  | 2019-10-05 00:21:21 INFO  RaftServerConfigKeys:43 - raft.server.log.segment.size.max = 1048576 (custom)
datanode_2  | 2019-10-05 00:21:21 INFO  RaftServerConfigKeys:43 - raft.server.log.corruption.policy = EXCEPTION (default)
scm_1       | 2019-10-05 00:22:21 INFO  Server:1849 - Auth successful for dn/1bae134bc53f@EXAMPLE.COM (auth:KERBEROS)
kdc_1       | Oct 05 00:20:51 kdc krb5kdc[9](info): AS_REQ (8 etypes {18 17 20 19 16 23 25 26}) 127.0.0.1: SERVER_NOT_FOUND: admin/admin@EXAMPLE.COM for kadmin/localhost@EXAMPLE.COM, Server not found in Kerberos database
rm_1        | 2019-10-05 00:21:09 INFO  AsyncDispatcher:223 - Registering class org.apache.hadoop.yarn.server.resourcemanager.metrics.AbstractSystemMetricsPublisher$SystemMetricsEventType for class org.apache.hadoop.yarn.server.resourcemanager.metrics.TimelineServiceV1Publisher$TimelineV1EventHandler
datanode_3  | 2019-10-05 00:21:21 INFO  RaftServerConfigKeys:43 - raft.server.log.corruption.policy = EXCEPTION (default)
nm_1        | 2019-10-05 00:21:10 INFO  ContextHandler:781 - Started o.e.j.s.ServletContextHandler@476b0ae6{/logs,file:///opt/hadoop/logs/,AVAILABLE}
kms_1       | 	at org.eclipse.jetty.io.SelectChannelEndPoint$2.run(SelectChannelEndPoint.java:93)
om_1        | 2019-10-05 00:21:18 INFO  ContextHandler:781 - Started o.e.j.s.ServletContextHandler@31973858{/static,jar:file:/opt/hadoop/share/ozone/lib/hadoop-ozone-ozone-manager-0.5.0-SNAPSHOT.jar!/webapps/static,AVAILABLE}
jhs         | 2019-10-05 00:22:10 INFO  AbstractDelegationTokenSecretManager:491 - Token renewal for identifier: (TIMELINE_DELEGATION_TOKEN owner=hadoop, renewer=rm, realUser=, issueDate=1570234929332, maxDate=1570839729332, sequenceNumber=1, masterKeyId=2); total currentTokens 1
datanode_1  | 2019-10-05 00:21:21 INFO  RaftServerConfigKeys:43 - raft.server.log.segment.cache.num.max = 2 (custom)
scm_1       | 2019-10-05 00:22:34 INFO  Server:1849 - Auth successful for om/om@EXAMPLE.COM (auth:KERBEROS)
kdc_1       | Oct 05 00:20:51 kdc krb5kdc[9](info): AS_REQ (8 etypes {18 17 20 19 16 23 25 26}) 127.0.0.1: ISSUE: authtime 1570234851, etypes {rep=18 tkt=18 ses=18}, admin/admin@EXAMPLE.COM for kadmin/admin@EXAMPLE.COM
rm_1        | 2019-10-05 00:21:09 INFO  AsyncDispatcher:223 - Registering class org.apache.hadoop.yarn.server.resourcemanager.metrics.AbstractSystemMetricsPublisher$SystemMetricsEventType for class org.apache.hadoop.yarn.server.resourcemanager.metrics.TimelineServiceV1Publisher$TimelineV1EventHandler
datanode_3  | 2019-10-05 00:21:21 INFO  RaftStorageDirectory:246 - The storage directory /data/metadata/ratis/0723e0e6-bdb4-495d-aaf8-b78d2da6dba0 does not exist. Creating ...
nm_1        | 2019-10-05 00:21:10 INFO  ContextHandler:781 - Started o.e.j.s.ServletContextHandler@4b3a45f1{/static,jar:file:/opt/hadoop/share/hadoop/yarn/hadoop-yarn-common-3.2.0.jar!/webapps/static,AVAILABLE}
datanode_2  | 2019-10-05 00:21:21 INFO  RaftStorageDirectory:246 - The storage directory /data/metadata/ratis/0723e0e6-bdb4-495d-aaf8-b78d2da6dba0 does not exist. Creating ...
kms_1       | 	at org.eclipse.jetty.util.thread.strategy.ExecuteProduceConsume.executeProduceConsume(ExecuteProduceConsume.java:303)
om_1        | 2019-10-05 00:21:18 INFO  KerberosAuthenticationHandler:164 - Using keytab /etc/security/keytabs/HTTP.keytab, for principal HTTP/om@EXAMPLE.COM
jhs         | Oct 05, 2019 12:22:10 AM com.sun.jersey.server.wadl.generators.AbstractWadlGeneratorGrammarGenerator attachTypes
datanode_1  | 2019-10-05 00:21:21 INFO  SegmentedRaftLogWorker:173 - new 99afcae4-5cf3-43ec-8c24-cf1711197689@group-B78D2DA6DBA0-SegmentedRaftLogWorker for RaftStorage:Storage Directory /data/metadata/ratis/0723e0e6-bdb4-495d-aaf8-b78d2da6dba0
scm_1       | 2019-10-05 00:22:36 INFO  Server:1849 - Auth successful for dn/1755cbafc568@EXAMPLE.COM (auth:KERBEROS)
kdc_1       | Oct 05 00:20:51 kdc krb5kdc[9](info): AS_REQ (8 etypes {18 17 20 19 16 23 25 26}) 127.0.0.1: SERVER_NOT_FOUND: admin/admin@EXAMPLE.COM for kadmin/localhost@EXAMPLE.COM, Server not found in Kerberos database
rm_1        | 2019-10-05 00:21:09 INFO  log:192 - Logging initialized @3388ms
datanode_3  | 2019-10-05 00:21:21 INFO  RaftStorageDirectory:328 - Lock on /data/metadata/ratis/0723e0e6-bdb4-495d-aaf8-b78d2da6dba0/in_use.lock acquired by nodename 7@e968f4575b90
nm_1        | Oct 05, 2019 12:21:10 AM com.sun.jersey.guice.spi.container.GuiceComponentProviderFactory register
datanode_2  | 2019-10-05 00:21:21 INFO  RaftStorageDirectory:328 - Lock on /data/metadata/ratis/0723e0e6-bdb4-495d-aaf8-b78d2da6dba0/in_use.lock acquired by nodename 7@1755cbafc568
kms_1       | 	at org.eclipse.jetty.util.thread.strategy.ExecuteProduceConsume.produceConsume(ExecuteProduceConsume.java:148)
om_1        | 2019-10-05 00:21:18 INFO  ContextHandler:781 - Started o.e.j.w.WebAppContext@29079032{/,file:///tmp/jetty-0.0.0.0-9874-ozoneManager-_-any-16825972940307945082.dir/webapp/,AVAILABLE}{/ozoneManager}
jhs         | INFO: Couldn't find grammar element for class javax.ws.rs.core.Response
datanode_1  | 2019-10-05 00:21:21 INFO  RaftServerConfigKeys:43 - raft.server.log.queue.byte-limit = 2147483647 (custom)
kdc_1       | Oct 05 00:20:51 kdc krb5kdc[9](info): AS_REQ (8 etypes {18 17 20 19 16 23 25 26}) 127.0.0.1: ISSUE: authtime 1570234851, etypes {rep=18 tkt=18 ses=18}, admin/admin@EXAMPLE.COM for kadmin/admin@EXAMPLE.COM
datanode_3  | 2019-10-05 00:21:21 INFO  RaftStorage:84 - Storage directory /data/metadata/ratis/0723e0e6-bdb4-495d-aaf8-b78d2da6dba0 has been successfully formatted.
rm_1        | 2019-10-05 00:21:10 INFO  AuthenticationFilter:240 - Unable to initialize FileSignerSecretProvider, falling back to use random secrets.
scm_1       | 2019-10-05 00:22:37 INFO  Server:1849 - Auth successful for dn/e968f4575b90@EXAMPLE.COM (auth:KERBEROS)
nm_1        | INFO: Registering org.apache.hadoop.yarn.server.nodemanager.webapp.NMWebServices as a root resource class
datanode_2  | 2019-10-05 00:21:21 INFO  RaftStorage:84 - Storage directory /data/metadata/ratis/0723e0e6-bdb4-495d-aaf8-b78d2da6dba0 has been successfully formatted.
kms_1       | 	at org.eclipse.jetty.util.thread.strategy.ExecuteProduceConsume.run(ExecuteProduceConsume.java:136)
om_1        | 2019-10-05 00:21:18 INFO  AbstractConnector:278 - Started ServerConnector@1f66d8e1{HTTP/1.1,[http/1.1]}{0.0.0.0:9874}
jhs         | Oct 05, 2019 12:22:10 AM com.sun.jersey.server.wadl.generators.AbstractWadlGeneratorGrammarGenerator attachTypes
kdc_1       | Oct 05 00:20:51 kdc krb5kdc[9](info): AS_REQ (8 etypes {18 17 20 19 16 23 25 26}) 127.0.0.1: SERVER_NOT_FOUND: admin/admin@EXAMPLE.COM for kadmin/localhost@EXAMPLE.COM, Server not found in Kerberos database
datanode_1  | 2019-10-05 00:21:21 INFO  RaftServerConfigKeys:43 - raft.server.log.queue.element-limit = 1024 (custom)
rm_1        | 2019-10-05 00:21:10 INFO  HttpRequestLog:81 - Http request log for http.requests.resourcemanager is not defined
datanode_3  | 2019-10-05 00:21:21 INFO  ContainerStateMachine:230 - group-B78D2DA6DBA0: The snapshot info is null. Setting the last applied indexto:(t:0, i:~)
scm_1       | 2019-10-05 00:22:51 INFO  Server:1849 - Auth successful for dn/1bae134bc53f@EXAMPLE.COM (auth:KERBEROS)
nm_1        | Oct 05, 2019 12:21:10 AM com.sun.jersey.guice.spi.container.GuiceComponentProviderFactory register
datanode_2  | 2019-10-05 00:21:21 INFO  ContainerStateMachine:230 - group-B78D2DA6DBA0: The snapshot info is null. Setting the last applied indexto:(t:0, i:~)
kms_1       | 	at org.eclipse.jetty.util.thread.QueuedThreadPool.runJob(QueuedThreadPool.java:671)
om_1        | 2019-10-05 00:21:18 INFO  Server:419 - Started @4053ms
jhs         | INFO: Couldn't find grammar element for class javax.ws.rs.core.Response
kdc_1       | Oct 05 00:20:51 kdc krb5kdc[9](info): AS_REQ (8 etypes {18 17 20 19 16 23 25 26}) 127.0.0.1: ISSUE: authtime 1570234851, etypes {rep=18 tkt=18 ses=18}, admin/admin@EXAMPLE.COM for kadmin/admin@EXAMPLE.COM
datanode_1  | 2019-10-05 00:21:21 INFO  RaftServerConfigKeys:43 - raft.server.log.segment.size.max = 1048576 (custom)
rm_1        | 2019-10-05 00:21:10 INFO  HttpServer2:975 - Added global filter 'safety' (class=org.apache.hadoop.http.HttpServer2$QuotingInputFilter)
datanode_3  | 2019-10-05 00:21:21 INFO  RaftServerConfigKeys:43 - raft.server.notification.no-leader.timeout = 120s (custom)
scm_1       | 2019-10-05 00:23:04 INFO  Server:1849 - Auth successful for om/om@EXAMPLE.COM (auth:KERBEROS)
nm_1        | INFO: Registering org.apache.hadoop.yarn.webapp.GenericExceptionHandler as a provider class
datanode_2  | 2019-10-05 00:21:21 INFO  RaftServerConfigKeys:43 - raft.server.notification.no-leader.timeout = 120s (custom)
kms_1       | 	at org.eclipse.jetty.util.thread.QueuedThreadPool$2.run(QueuedThreadPool.java:589)
om_1        | 2019-10-05 00:21:18 INFO  MetricsSinkAdapter:204 - Sink prometheus started
jhs         | Oct 05, 2019 12:22:10 AM com.sun.jersey.server.wadl.generators.AbstractWadlGeneratorGrammarGenerator attachTypes
kdc_1       | Oct 05 00:20:51 kdc krb5kdc[9](info): AS_REQ (8 etypes {18 17 20 19 16 23 25 26}) 127.0.0.1: SERVER_NOT_FOUND: admin/admin@EXAMPLE.COM for kadmin/localhost@EXAMPLE.COM, Server not found in Kerberos database
datanode_1  | 2019-10-05 00:21:21 INFO  RaftServerConfigKeys:43 - raft.server.log.preallocated.size = 16384 (custom)
rm_1        | 2019-10-05 00:21:10 INFO  HttpServer2:948 - Added filter static_user_filter (class=org.apache.hadoop.http.lib.StaticUserWebFilter$StaticUserFilter) to context cluster
datanode_3  | 2019-10-05 00:21:21 INFO  RaftServerConfigKeys:43 - raft.server.log.use.memory = false (default)
scm_1       | 2019-10-05 00:23:06 INFO  Server:1849 - Auth successful for dn/1755cbafc568@EXAMPLE.COM (auth:KERBEROS)
nm_1        | Oct 05, 2019 12:21:10 AM com.sun.jersey.guice.spi.container.GuiceComponentProviderFactory register
datanode_2  | 2019-10-05 00:21:21 INFO  RaftServerConfigKeys:43 - raft.server.log.use.memory = false (default)
kms_1       | 	at java.lang.Thread.run(Thread.java:748)
om_1        | 2019-10-05 00:21:18 INFO  MetricsSystemImpl:301 - Registered sink prometheus
jhs         | INFO: Couldn't find grammar element for class javax.ws.rs.core.Response
kdc_1       | Oct 05 00:20:51 kdc krb5kdc[9](info): AS_REQ (8 etypes {18 17 20 19 16 23 25 26}) 127.0.0.1: ISSUE: authtime 1570234851, etypes {rep=18 tkt=18 ses=18}, admin/admin@EXAMPLE.COM for kadmin/admin@EXAMPLE.COM
datanode_1  | 2019-10-05 00:21:21 INFO  RaftServerConfigKeys:43 - raft.server.log.write.buffer.size = 33554432 (custom)
rm_1        | 2019-10-05 00:21:10 INFO  HttpServer2:958 - Added filter static_user_filter (class=org.apache.hadoop.http.lib.StaticUserWebFilter$StaticUserFilter) to context static
datanode_3  | 2019-10-05 00:21:21 INFO  RaftServerConfigKeys:43 - raft.server.log.purge.gap = 1000000 (custom)
scm_1       | 2019-10-05 00:23:07 INFO  Server:1849 - Auth successful for dn/e968f4575b90@EXAMPLE.COM (auth:KERBEROS)
nm_1        | INFO: Registering org.apache.hadoop.yarn.server.nodemanager.webapp.JAXBContextResolver as a provider class
datanode_2  | 2019-10-05 00:21:21 INFO  RaftServerConfigKeys:43 - raft.server.log.purge.gap = 1000000 (custom)
kms_1       | 
om_1        | 2019-10-05 00:21:18 INFO  BaseHttpServer:215 - HTTP server of OZONEMANAGER is listening at http://0.0.0.0:9874
jhs         | Oct 05, 2019 12:22:10 AM com.sun.jersey.server.wadl.generators.AbstractWadlGeneratorGrammarGenerator attachTypes
kdc_1       | Oct 05 00:20:51 kdc krb5kdc[9](info): AS_REQ (8 etypes {18 17 20 19 16 23 25 26}) 127.0.0.1: SERVER_NOT_FOUND: admin/admin@EXAMPLE.COM for kadmin/localhost@EXAMPLE.COM, Server not found in Kerberos database
rm_1        | 2019-10-05 00:21:10 INFO  HttpServer2:958 - Added filter static_user_filter (class=org.apache.hadoop.http.lib.StaticUserWebFilter$StaticUserFilter) to context logs
datanode_3  | 2019-10-05 00:21:21 INFO  RaftServerConfigKeys:43 - raft.server.log.appender.buffer.byte-limit = 33554432 (custom)
datanode_1  | 2019-10-05 00:21:21 INFO  RaftServerConfigKeys:43 - raft.server.log.force.sync.num = 128 (default)
nm_1        | Oct 05, 2019 12:21:10 AM com.sun.jersey.server.impl.application.WebApplicationImpl _initiate
datanode_2  | 2019-10-05 00:21:21 INFO  RaftServerConfigKeys:43 - raft.server.log.appender.buffer.byte-limit = 33554432 (custom)
kms_1       | Oct 05, 2019 12:22:06 AM com.sun.jersey.server.wadl.generators.AbstractWadlGeneratorGrammarGenerator attachTypes
om_1        | 2019-10-05 00:21:36 INFO  Server:1849 - Auth successful for testuser/om@EXAMPLE.COM (auth:KERBEROS)
jhs         | INFO: Couldn't find grammar element for class javax.ws.rs.core.Response
rm_1        | 2019-10-05 00:21:10 INFO  HttpServer2:613 - adding path spec: /cluster/*
datanode_1  | 2019-10-05 00:21:21 INFO  RaftServerConfigKeys:43 - raft.server.log.statemachine.data.sync = true (default)
datanode_3  | 2019-10-05 00:21:21 INFO  RaftServerConfigKeys:43 - raft.server.log.segment.size.max = 1048576 (custom)
kdc_1       | Oct 05 00:20:51 kdc krb5kdc[9](info): AS_REQ (8 etypes {18 17 20 19 16 23 25 26}) 127.0.0.1: ISSUE: authtime 1570234851, etypes {rep=18 tkt=18 ses=18}, admin/admin@EXAMPLE.COM for kadmin/admin@EXAMPLE.COM
datanode_2  | 2019-10-05 00:21:21 INFO  RaftServerConfigKeys:43 - raft.server.log.segment.size.max = 1048576 (custom)
nm_1        | INFO: Initiating Jersey application, version 'Jersey: 1.19 02/11/2015 03:25 AM'
kms_1       | INFO: Couldn't find grammar element for class java.util.Map
om_1        | 2019-10-05 00:21:39 INFO  Server:1849 - Auth successful for testuser/om@EXAMPLE.COM (auth:KERBEROS)
jhs         | Oct 05, 2019 12:22:44 AM com.sun.jersey.server.wadl.generators.AbstractWadlGeneratorGrammarGenerator attachTypes
rm_1        | 2019-10-05 00:21:10 INFO  HttpServer2:613 - adding path spec: /ws/*
datanode_1  | 2019-10-05 00:21:21 INFO  RaftServerConfigKeys:43 - raft.server.log.statemachine.data.sync.timeout = 10s (default)
datanode_3  | 2019-10-05 00:21:21 INFO  RaftServerConfigKeys:43 - raft.server.log.segment.cache.num.max = 2 (custom)
nm_1        | Oct 05, 2019 12:21:10 AM com.sun.jersey.guice.spi.container.GuiceComponentProviderFactory getComponentProvider
datanode_2  | 2019-10-05 00:21:21 INFO  RaftServerConfigKeys:43 - raft.server.log.segment.cache.num.max = 2 (custom)
kdc_1       | Oct 05 00:20:51 kdc krb5kdc[9](info): AS_REQ (8 etypes {18 17 20 19 16 23 25 26}) 127.0.0.1: SERVER_NOT_FOUND: admin/admin@EXAMPLE.COM for kadmin/localhost@EXAMPLE.COM, Server not found in Kerberos database
kms_1       | Oct 05, 2019 12:22:06 AM com.sun.jersey.server.wadl.generators.AbstractWadlGeneratorGrammarGenerator attachTypes
om_1        | 2019-10-05 00:21:40 INFO  OMVolumeCreateRequest:193 - created volume:vol1 for user:hadoop
jhs         | INFO: Couldn't find grammar element for class javax.ws.rs.core.Response
rm_1        | 2019-10-05 00:21:10 INFO  HttpServer2:613 - adding path spec: /app/*
datanode_1  | 2019-10-05 00:21:21 INFO  RaftServerConfigKeys:43 - raft.server.log.statemachine.data.sync.timeout.retry = -1 (default)
datanode_3  | 2019-10-05 00:21:21 INFO  SegmentedRaftLogWorker:173 - new 6c6630d3-9a00-4c85-a713-0306e2800296@group-B78D2DA6DBA0-SegmentedRaftLogWorker for RaftStorage:Storage Directory /data/metadata/ratis/0723e0e6-bdb4-495d-aaf8-b78d2da6dba0
datanode_2  | 2019-10-05 00:21:21 INFO  SegmentedRaftLogWorker:173 - new 0c1299fc-f14b-456e-bc7c-9ab7c86d2927@group-B78D2DA6DBA0-SegmentedRaftLogWorker for RaftStorage:Storage Directory /data/metadata/ratis/0723e0e6-bdb4-495d-aaf8-b78d2da6dba0
nm_1        | INFO: Binding org.apache.hadoop.yarn.server.nodemanager.webapp.JAXBContextResolver to GuiceManagedComponentProvider with the scope "Singleton"
kms_1       | INFO: Couldn't find grammar element for class javax.ws.rs.core.Response
jhs         | Oct 05, 2019 12:22:44 AM com.sun.jersey.server.wadl.generators.AbstractWadlGeneratorGrammarGenerator attachTypes
kdc_1       | Oct 05 00:20:51 kdc krb5kdc[9](info): AS_REQ (8 etypes {18 17 20 19 16 23 25 26}) 127.0.0.1: ISSUE: authtime 1570234851, etypes {rep=18 tkt=18 ses=18}, admin/admin@EXAMPLE.COM for kadmin/admin@EXAMPLE.COM
om_1        | 2019-10-05 00:21:42 INFO  Server:1849 - Auth successful for testuser/om@EXAMPLE.COM (auth:KERBEROS)
rm_1        | 2019-10-05 00:21:10 INFO  WebApps:395 - Registered webapp guice modules
datanode_1  | 2019-10-05 00:21:21 INFO  RaftServerConfigKeys:43 - raft.server.log.statemachine.data.caching.enabled = true (custom)
datanode_3  | 2019-10-05 00:21:21 INFO  RaftServerConfigKeys:43 - raft.server.log.queue.byte-limit = 2147483647 (custom)
datanode_2  | 2019-10-05 00:21:21 INFO  RaftServerConfigKeys:43 - raft.server.log.queue.byte-limit = 2147483647 (custom)
nm_1        | Oct 05, 2019 12:21:10 AM com.sun.jersey.guice.spi.container.GuiceComponentProviderFactory getComponentProvider
kms_1       | Oct 05, 2019 12:22:06 AM com.sun.jersey.server.wadl.generators.AbstractWadlGeneratorGrammarGenerator attachTypes
jhs         | INFO: Couldn't find grammar element for class javax.ws.rs.core.Response
kdc_1       | Oct 05 00:20:51 kdc krb5kdc[9](info): AS_REQ (8 etypes {18 17 20 19 16 23 25 26}) 127.0.0.1: SERVER_NOT_FOUND: admin/admin@EXAMPLE.COM for kadmin/localhost@EXAMPLE.COM, Server not found in Kerberos database
om_1        | 2019-10-05 00:21:45 INFO  Server:1849 - Auth successful for testuser/om@EXAMPLE.COM (auth:KERBEROS)
rm_1        | 2019-10-05 00:21:10 INFO  HttpServer2:1191 - Jetty bound to port 8088
datanode_1  | 2019-10-05 00:21:21 INFO  SegmentedRaftLogWorker:128 - 99afcae4-5cf3-43ec-8c24-cf1711197689@group-B78D2DA6DBA0-SegmentedRaftLogWorker: flushIndex: setUnconditionally 0 -> -1
datanode_2  | 2019-10-05 00:21:21 INFO  RaftServerConfigKeys:43 - raft.server.log.queue.element-limit = 1024 (custom)
kms_1       | INFO: Couldn't find grammar element for class javax.ws.rs.core.Response
nm_1        | INFO: Binding org.apache.hadoop.yarn.webapp.GenericExceptionHandler to GuiceManagedComponentProvider with the scope "Singleton"
datanode_3  | 2019-10-05 00:21:21 INFO  RaftServerConfigKeys:43 - raft.server.log.queue.element-limit = 1024 (custom)
jhs         | Oct 05, 2019 12:22:44 AM com.sun.jersey.server.wadl.generators.AbstractWadlGeneratorGrammarGenerator attachTypes
kdc_1       | Oct 05 00:20:51 kdc krb5kdc[9](info): AS_REQ (8 etypes {18 17 20 19 16 23 25 26}) 127.0.0.1: ISSUE: authtime 1570234851, etypes {rep=18 tkt=18 ses=18}, admin/admin@EXAMPLE.COM for kadmin/admin@EXAMPLE.COM
om_1        | 2019-10-05 00:21:47 INFO  Server:1849 - Auth successful for testuser/om@EXAMPLE.COM (auth:KERBEROS)
rm_1        | 2019-10-05 00:21:10 INFO  Server:351 - jetty-9.3.24.v20180605, build timestamp: 2018-06-05T17:11:56Z, git hash: 84205aa28f11a4f31f2a3b86d1bba2cc8ab69827
datanode_1  | 2019-10-05 00:21:21 INFO  RaftServerConfigKeys:43 - raft.server.snapshot.auto.trigger.enabled = true (custom)
datanode_2  | 2019-10-05 00:21:21 INFO  RaftServerConfigKeys:43 - raft.server.log.segment.size.max = 1048576 (custom)
kms_1       | Oct 05, 2019 12:22:06 AM com.sun.jersey.server.wadl.generators.AbstractWadlGeneratorGrammarGenerator attachTypes
nm_1        | Oct 05, 2019 12:21:11 AM com.sun.jersey.guice.spi.container.GuiceComponentProviderFactory getComponentProvider
datanode_3  | 2019-10-05 00:21:21 INFO  RaftServerConfigKeys:43 - raft.server.log.segment.size.max = 1048576 (custom)
jhs         | INFO: Couldn't find grammar element for class javax.ws.rs.core.Response
kdc_1       | Oct 05 00:20:51 kdc krb5kdc[9](info): AS_REQ (8 etypes {18 17 20 19 16 23 25 26}) 127.0.0.1: SERVER_NOT_FOUND: admin/admin@EXAMPLE.COM for kadmin/localhost@EXAMPLE.COM, Server not found in Kerberos database
om_1        | 2019-10-05 00:21:52 INFO  Server:1849 - Auth successful for testuser/om@EXAMPLE.COM (auth:KERBEROS)
rm_1        | 2019-10-05 00:21:10 INFO  ContextHandler:781 - Started o.e.j.s.ServletContextHandler@3234f74e{/logs,file:///opt/hadoop/logs/,AVAILABLE}
datanode_1  | 2019-10-05 00:21:21 INFO  RaftServerConfigKeys:43 - raft.server.snapshot.auto.trigger.threshold = 10000 (custom)
datanode_2  | 2019-10-05 00:21:21 INFO  RaftServerConfigKeys:43 - raft.server.log.preallocated.size = 16384 (custom)
