om_1        | 	at org.apache.hadoop.ipc.Server$RpcCall.run(Server.java:822)
datanode_1  | 2019-10-17 06:39:35,663 INFO server.RaftServerConfigKeys: raft.server.storage.dir = [/data/metadata/ratis] (custom)
s3g_1       | 	at java.base/jdk.internal.reflect.NativeMethodAccessorImpl.invoke(NativeMethodAccessorImpl.java:62)
datanode_2  | 2019-10-17 06:39:35,650 INFO server.RaftServerConfigKeys: raft.server.rpcslowness.timeout = 120s (custom)
datanode_3  | 2019-10-17 06:39:35,698 INFO storage.RaftStorageDirectory: Lock on /data/metadata/ratis/ab433d61-f6e4-4a57-b311-7b839fddaf6b/in_use.lock acquired by nodename 7@347328e122b3
scm_1       | 2019-10-17 06:39:52,804 INFO server.SCMBlockProtocolServer: Allocating blocks 1 of size 268435456, with excludeList: datanodes = [], pipelines = [], containers = []
om_1        | 	at java.base/java.security.AccessController.doPrivileged(Native Method)
datanode_1  | 2019-10-17 06:39:35,663 INFO server.RaftServerConfigKeys: raft.server.log.corruption.policy = EXCEPTION (default)
s3g_1       | 	at java.base/jdk.internal.reflect.DelegatingMethodAccessorImpl.invoke(DelegatingMethodAccessorImpl.java:43)
datanode_3  | 2019-10-17 06:39:35,750 INFO storage.RaftStorage: Storage directory /data/metadata/ratis/ab433d61-f6e4-4a57-b311-7b839fddaf6b has been successfully formatted.
scm_1       | 2019-10-17 06:39:52,851 INFO server.SCMBlockProtocolServer: Allocating blocks 1 of size 268435456, with excludeList: datanodes = [], pipelines = [], containers = []
datanode_2  | 2019-10-17 06:39:35,650 INFO server.RaftServerConfigKeys: raft.server.sleep.deviation.threshold = 300 (default)
om_1        | 	at java.base/javax.security.auth.Subject.doAs(Subject.java:423)
datanode_1  | 2019-10-17 06:39:35,664 INFO storage.RaftStorageDirectory: The storage directory /data/metadata/ratis/ab433d61-f6e4-4a57-b311-7b839fddaf6b does not exist. Creating ...
s3g_1       | 	at java.base/java.lang.reflect.Method.invoke(Method.java:566)
datanode_3  | 2019-10-17 06:39:35,750 [pool-8-thread-1] INFO       - group-7B839FDDAF6B: The snapshot info is null. Setting the last applied indexto:(t:0, i:~)
scm_1       | 2019-10-17 06:39:52,896 INFO server.SCMBlockProtocolServer: Allocating blocks 1 of size 268435456, with excludeList: datanodes = [], pipelines = [], containers = []
datanode_2  | 2019-10-17 06:39:35,650 INFO server.RaftServerConfigKeys: raft.server.log.appender.install.snapshot.enabled = false (custom)
s3g_1       | 	at org.glassfish.jersey.server.model.internal.ResourceMethodInvocationHandlerFactory.lambda$static$0(ResourceMethodInvocationHandlerFactory.java:76)
datanode_1  | 2019-10-17 06:39:35,698 INFO storage.RaftStorageDirectory: Lock on /data/metadata/ratis/ab433d61-f6e4-4a57-b311-7b839fddaf6b/in_use.lock acquired by nodename 7@087a4e267042
om_1        | 	at org.apache.hadoop.security.UserGroupInformation.doAs(UserGroupInformation.java:1730)
datanode_3  | 2019-10-17 06:39:35,751 INFO server.RaftServerConfigKeys: raft.server.notification.no-leader.timeout = 120s (custom)
scm_1       | 2019-10-17 06:39:52,944 INFO server.SCMBlockProtocolServer: Allocating blocks 1 of size 268435456, with excludeList: datanodes = [], pipelines = [], containers = []
datanode_2  | 2019-10-17 06:39:35,651 INFO impl.RaftServerImpl: 3bdd3ac8-9ebb-45f7-b64f-97f574aa6252@group-7B839FDDAF6B: ConfigurationManager, init=-1: [3bdd3ac8-9ebb-45f7-b64f-97f574aa6252:172.18.0.5:9858, 3673a1b1-f2c4-4625-90fb-11d3da657287:172.18.0.7:9858, dab83d4b-d6d6-4c87-b755-ebde5a04203b:172.18.0.6:9858], old=null, confs=<EMPTY_MAP>
s3g_1       | 	at org.glassfish.jersey.server.model.internal.AbstractJavaResourceMethodDispatcher$1.run(AbstractJavaResourceMethodDispatcher.java:148)
datanode_1  | 2019-10-17 06:39:35,750 INFO storage.RaftStorage: Storage directory /data/metadata/ratis/ab433d61-f6e4-4a57-b311-7b839fddaf6b has been successfully formatted.
om_1        | 	at org.apache.hadoop.ipc.Server$Handler.run(Server.java:2682)
datanode_3  | 2019-10-17 06:39:35,751 INFO server.RaftServerConfigKeys: raft.server.log.use.memory = false (default)
scm_1       | 2019-10-17 06:39:52,989 INFO server.SCMBlockProtocolServer: Allocating blocks 1 of size 268435456, with excludeList: datanodes = [], pipelines = [], containers = []
datanode_2  | 2019-10-17 06:39:35,651 INFO server.RaftServerConfigKeys: raft.server.storage.dir = [/data/metadata/ratis] (custom)
s3g_1       | 	at org.glassfish.jersey.server.model.internal.AbstractJavaResourceMethodDispatcher.invoke(AbstractJavaResourceMethodDispatcher.java:191)
datanode_1  | 2019-10-17 06:39:35,751 [pool-8-thread-1] INFO       - group-7B839FDDAF6B: The snapshot info is null. Setting the last applied indexto:(t:0, i:~)
om_1        | 2019-10-17 06:41:56,936 [IPC Server handler 4 on 9862] ERROR      - Abort Multipart request is failed for KeyName multipartKey5 in VolumeName/Bucket s3408a471635b80160c579a897a992d8ed/bucket-02667
datanode_3  | 2019-10-17 06:39:35,751 INFO server.RaftServerConfigKeys: raft.server.log.purge.gap = 1000000 (custom)
scm_1       | 2019-10-17 06:39:53,027 INFO server.SCMBlockProtocolServer: Allocating blocks 1 of size 268435456, with excludeList: datanodes = [], pipelines = [], containers = []
datanode_2  | 2019-10-17 06:39:35,651 INFO server.RaftServerConfigKeys: raft.server.log.corruption.policy = EXCEPTION (default)
s3g_1       | 	at org.glassfish.jersey.server.model.internal.JavaResourceMethodDispatcherProvider$ResponseOutInvoker.doDispatch(JavaResourceMethodDispatcherProvider.java:200)
datanode_1  | 2019-10-17 06:39:35,751 INFO server.RaftServerConfigKeys: raft.server.notification.no-leader.timeout = 120s (custom)
om_1        | NO_SUCH_MULTIPART_UPLOAD_ERROR org.apache.hadoop.ozone.om.exceptions.OMException: Abort Multipart Upload Failed: volume: s3408a471635b80160c579a897a992d8edbucket: bucket-02667key: multipartKey5
datanode_3  | 2019-10-17 06:39:35,751 INFO server.RaftServerConfigKeys: raft.server.log.appender.buffer.byte-limit = 33554432 (custom)
scm_1       | 2019-10-17 06:39:53,069 INFO server.SCMBlockProtocolServer: Allocating blocks 1 of size 268435456, with excludeList: datanodes = [], pipelines = [], containers = []
datanode_2  | 2019-10-17 06:39:35,651 INFO storage.RaftStorageDirectory: The storage directory /data/metadata/ratis/ab433d61-f6e4-4a57-b311-7b839fddaf6b does not exist. Creating ...
s3g_1       | 	at org.glassfish.jersey.server.model.internal.AbstractJavaResourceMethodDispatcher.dispatch(AbstractJavaResourceMethodDispatcher.java:103)
datanode_1  | 2019-10-17 06:39:35,751 INFO server.RaftServerConfigKeys: raft.server.log.use.memory = false (default)
datanode_3  | 2019-10-17 06:39:35,751 INFO server.RaftServerConfigKeys: raft.server.log.segment.size.max = 1048576 (custom)
om_1        | 	at org.apache.hadoop.ozone.om.request.s3.multipart.S3MultipartUploadAbortRequest.validateAndUpdateCache(S3MultipartUploadAbortRequest.java:116)
scm_1       | 2019-10-17 06:39:53,111 INFO server.SCMBlockProtocolServer: Allocating blocks 1 of size 268435456, with excludeList: datanodes = [], pipelines = [], containers = []
datanode_2  | 2019-10-17 06:39:35,698 INFO storage.RaftStorageDirectory: Lock on /data/metadata/ratis/ab433d61-f6e4-4a57-b311-7b839fddaf6b/in_use.lock acquired by nodename 7@da469a5b3744
s3g_1       | 	at org.glassfish.jersey.server.model.ResourceMethodInvoker.invoke(ResourceMethodInvoker.java:493)
datanode_1  | 2019-10-17 06:39:35,752 INFO server.RaftServerConfigKeys: raft.server.log.purge.gap = 1000000 (custom)
datanode_3  | 2019-10-17 06:39:35,751 INFO server.RaftServerConfigKeys: raft.server.log.segment.cache.num.max = 2 (custom)
om_1        | 	at org.apache.hadoop.ozone.protocolPB.OzoneManagerProtocolServerSideTranslatorPB.submitRequestDirectlyToOM(OzoneManagerProtocolServerSideTranslatorPB.java:219)
scm_1       | 2019-10-17 06:39:53,159 INFO server.SCMBlockProtocolServer: Allocating blocks 1 of size 268435456, with excludeList: datanodes = [], pipelines = [], containers = []
datanode_2  | 2019-10-17 06:39:35,750 INFO storage.RaftStorage: Storage directory /data/metadata/ratis/ab433d61-f6e4-4a57-b311-7b839fddaf6b has been successfully formatted.
s3g_1       | 	at org.glassfish.jersey.server.model.ResourceMethodInvoker.apply(ResourceMethodInvoker.java:415)
datanode_1  | 2019-10-17 06:39:35,752 INFO server.RaftServerConfigKeys: raft.server.log.appender.buffer.byte-limit = 33554432 (custom)
datanode_3  | 2019-10-17 06:39:35,752 INFO segmented.SegmentedRaftLogWorker: new 3673a1b1-f2c4-4625-90fb-11d3da657287@group-7B839FDDAF6B-SegmentedRaftLogWorker for RaftStorage:Storage Directory /data/metadata/ratis/ab433d61-f6e4-4a57-b311-7b839fddaf6b
om_1        | 	at org.apache.hadoop.ozone.protocolPB.OzoneManagerProtocolServerSideTranslatorPB.processRequest(OzoneManagerProtocolServerSideTranslatorPB.java:134)
datanode_2  | 2019-10-17 06:39:35,751 [pool-8-thread-1] INFO       - group-7B839FDDAF6B: The snapshot info is null. Setting the last applied indexto:(t:0, i:~)
s3g_1       | 	at org.glassfish.jersey.server.model.ResourceMethodInvoker.apply(ResourceMethodInvoker.java:104)
scm_1       | 2019-10-17 06:39:53,198 INFO server.SCMBlockProtocolServer: Allocating blocks 1 of size 268435456, with excludeList: datanodes = [], pipelines = [], containers = []
datanode_1  | 2019-10-17 06:39:35,752 INFO server.RaftServerConfigKeys: raft.server.log.segment.size.max = 1048576 (custom)
datanode_3  | 2019-10-17 06:39:35,752 INFO server.RaftServerConfigKeys: raft.server.log.queue.byte-limit = 2147483647 (custom)
om_1        | 	at org.apache.hadoop.hdds.server.OzoneProtocolMessageDispatcher.processRequest(OzoneProtocolMessageDispatcher.java:72)
datanode_2  | 2019-10-17 06:39:35,751 INFO server.RaftServerConfigKeys: raft.server.notification.no-leader.timeout = 120s (custom)
s3g_1       | 	at org.glassfish.jersey.server.ServerRuntime$1.run(ServerRuntime.java:277)
scm_1       | 2019-10-17 06:39:53,236 INFO server.SCMBlockProtocolServer: Allocating blocks 1 of size 268435456, with excludeList: datanodes = [], pipelines = [], containers = []
datanode_1  | 2019-10-17 06:39:35,753 INFO server.RaftServerConfigKeys: raft.server.log.segment.cache.num.max = 2 (custom)
om_1        | 	at org.apache.hadoop.ozone.protocolPB.OzoneManagerProtocolServerSideTranslatorPB.submitRequest(OzoneManagerProtocolServerSideTranslatorPB.java:100)
datanode_2  | 2019-10-17 06:39:35,751 INFO server.RaftServerConfigKeys: raft.server.log.use.memory = false (default)
s3g_1       | 	at org.glassfish.jersey.internal.Errors$1.call(Errors.java:272)
datanode_1  | 2019-10-17 06:39:35,753 INFO segmented.SegmentedRaftLogWorker: new dab83d4b-d6d6-4c87-b755-ebde5a04203b@group-7B839FDDAF6B-SegmentedRaftLogWorker for RaftStorage:Storage Directory /data/metadata/ratis/ab433d61-f6e4-4a57-b311-7b839fddaf6b
scm_1       | 2019-10-17 06:39:53,281 INFO server.SCMBlockProtocolServer: Allocating blocks 1 of size 268435456, with excludeList: datanodes = [], pipelines = [], containers = []
datanode_3  | 2019-10-17 06:39:35,752 INFO server.RaftServerConfigKeys: raft.server.log.queue.element-limit = 1024 (custom)
om_1        | 	at org.apache.hadoop.ozone.protocol.proto.OzoneManagerProtocolProtos$OzoneManagerService$2.callBlockingMethod(OzoneManagerProtocolProtos.java)
datanode_2  | 2019-10-17 06:39:35,752 INFO server.RaftServerConfigKeys: raft.server.log.purge.gap = 1000000 (custom)
s3g_1       | 	at org.glassfish.jersey.internal.Errors$1.call(Errors.java:268)
scm_1       | 2019-10-17 06:39:53,325 INFO server.SCMBlockProtocolServer: Allocating blocks 1 of size 268435456, with excludeList: datanodes = [], pipelines = [], containers = []
datanode_3  | 2019-10-17 06:39:35,752 INFO server.RaftServerConfigKeys: raft.server.log.segment.size.max = 1048576 (custom)
datanode_2  | 2019-10-17 06:39:35,752 INFO server.RaftServerConfigKeys: raft.server.log.appender.buffer.byte-limit = 33554432 (custom)
om_1        | 	at org.apache.hadoop.ipc.ProtobufRpcEngine$Server$ProtoBufRpcInvoker.call(ProtobufRpcEngine.java:524)
datanode_1  | 2019-10-17 06:39:35,753 INFO server.RaftServerConfigKeys: raft.server.log.queue.byte-limit = 2147483647 (custom)
s3g_1       | 	at org.glassfish.jersey.internal.Errors.process(Errors.java:316)
scm_1       | 2019-10-17 06:39:53,362 INFO server.SCMBlockProtocolServer: Allocating blocks 1 of size 268435456, with excludeList: datanodes = [], pipelines = [], containers = []
datanode_2  | 2019-10-17 06:39:35,753 INFO server.RaftServerConfigKeys: raft.server.log.segment.size.max = 1048576 (custom)
datanode_3  | 2019-10-17 06:39:35,752 INFO server.RaftServerConfigKeys: raft.server.log.preallocated.size = 16384 (custom)
om_1        | 	at org.apache.hadoop.ipc.RPC$Server.call(RPC.java:1025)
datanode_1  | 2019-10-17 06:39:35,754 INFO server.RaftServerConfigKeys: raft.server.log.queue.element-limit = 1024 (custom)
s3g_1       | 	at org.glassfish.jersey.internal.Errors.process(Errors.java:298)
scm_1       | 2019-10-17 06:39:53,399 INFO server.SCMBlockProtocolServer: Allocating blocks 1 of size 268435456, with excludeList: datanodes = [], pipelines = [], containers = []
datanode_2  | 2019-10-17 06:39:35,753 INFO server.RaftServerConfigKeys: raft.server.log.segment.cache.num.max = 2 (custom)
datanode_3  | 2019-10-17 06:39:35,752 INFO server.RaftServerConfigKeys: raft.server.log.write.buffer.size = 33554432 (custom)
om_1        | 	at org.apache.hadoop.ipc.Server$RpcCall.run(Server.java:876)
datanode_1  | 2019-10-17 06:39:35,754 INFO server.RaftServerConfigKeys: raft.server.log.segment.size.max = 1048576 (custom)
s3g_1       | 	at org.glassfish.jersey.internal.Errors.process(Errors.java:268)
scm_1       | 2019-10-17 06:39:53,442 INFO server.SCMBlockProtocolServer: Allocating blocks 1 of size 268435456, with excludeList: datanodes = [], pipelines = [], containers = []
datanode_2  | 2019-10-17 06:39:35,753 INFO segmented.SegmentedRaftLogWorker: new 3bdd3ac8-9ebb-45f7-b64f-97f574aa6252@group-7B839FDDAF6B-SegmentedRaftLogWorker for RaftStorage:Storage Directory /data/metadata/ratis/ab433d61-f6e4-4a57-b311-7b839fddaf6b
om_1        | 	at org.apache.hadoop.ipc.Server$RpcCall.run(Server.java:822)
datanode_3  | 2019-10-17 06:39:35,752 INFO server.RaftServerConfigKeys: raft.server.log.force.sync.num = 128 (default)
s3g_1       | 	at org.glassfish.jersey.process.internal.RequestScope.runInScope(RequestScope.java:289)
scm_1       | 2019-10-17 06:39:53,477 INFO server.SCMBlockProtocolServer: Allocating blocks 1 of size 268435456, with excludeList: datanodes = [], pipelines = [], containers = []
datanode_1  | 2019-10-17 06:39:35,754 INFO server.RaftServerConfigKeys: raft.server.log.preallocated.size = 16384 (custom)
datanode_2  | 2019-10-17 06:39:35,753 INFO server.RaftServerConfigKeys: raft.server.log.queue.byte-limit = 2147483647 (custom)
om_1        | 	at java.base/java.security.AccessController.doPrivileged(Native Method)
datanode_3  | 2019-10-17 06:39:35,752 INFO server.RaftServerConfigKeys: raft.server.log.statemachine.data.sync = true (default)
s3g_1       | 	at org.glassfish.jersey.server.ServerRuntime.process(ServerRuntime.java:256)
scm_1       | 2019-10-17 06:39:53,518 INFO server.SCMBlockProtocolServer: Allocating blocks 1 of size 268435456, with excludeList: datanodes = [], pipelines = [], containers = []
datanode_1  | 2019-10-17 06:39:35,755 INFO server.RaftServerConfigKeys: raft.server.log.write.buffer.size = 33554432 (custom)
datanode_2  | 2019-10-17 06:39:35,753 INFO server.RaftServerConfigKeys: raft.server.log.queue.element-limit = 1024 (custom)
om_1        | 	at java.base/javax.security.auth.Subject.doAs(Subject.java:423)
datanode_3  | 2019-10-17 06:39:35,752 INFO server.RaftServerConfigKeys: raft.server.log.statemachine.data.sync.timeout = 10s (default)
s3g_1       | 	at org.glassfish.jersey.server.ApplicationHandler.handle(ApplicationHandler.java:703)
scm_1       | 2019-10-17 06:39:53,562 INFO server.SCMBlockProtocolServer: Allocating blocks 1 of size 268435456, with excludeList: datanodes = [], pipelines = [], containers = []
datanode_1  | 2019-10-17 06:39:35,755 INFO server.RaftServerConfigKeys: raft.server.log.force.sync.num = 128 (default)
datanode_2  | 2019-10-17 06:39:35,754 INFO server.RaftServerConfigKeys: raft.server.log.segment.size.max = 1048576 (custom)
om_1        | 	at org.apache.hadoop.security.UserGroupInformation.doAs(UserGroupInformation.java:1730)
datanode_3  | 2019-10-17 06:39:35,752 INFO server.RaftServerConfigKeys: raft.server.log.statemachine.data.sync.timeout.retry = -1 (default)
scm_1       | 2019-10-17 06:39:53,601 INFO server.SCMBlockProtocolServer: Allocating blocks 1 of size 268435456, with excludeList: datanodes = [], pipelines = [], containers = []
s3g_1       | 	at org.glassfish.jersey.servlet.WebComponent.serviceImpl(WebComponent.java:416)
datanode_1  | 2019-10-17 06:39:35,755 INFO server.RaftServerConfigKeys: raft.server.log.statemachine.data.sync = true (default)
datanode_2  | 2019-10-17 06:39:35,754 INFO server.RaftServerConfigKeys: raft.server.log.preallocated.size = 16384 (custom)
om_1        | 	at org.apache.hadoop.ipc.Server$Handler.run(Server.java:2682)
datanode_3  | 2019-10-17 06:39:35,753 INFO server.RaftServerConfigKeys: raft.server.log.statemachine.data.caching.enabled = true (custom)
scm_1       | 2019-10-17 06:39:53,645 INFO server.SCMBlockProtocolServer: Allocating blocks 1 of size 268435456, with excludeList: datanodes = [], pipelines = [], containers = []
s3g_1       | 	at org.glassfish.jersey.servlet.WebComponent.service(WebComponent.java:370)
datanode_1  | 2019-10-17 06:39:35,755 INFO server.RaftServerConfigKeys: raft.server.log.statemachine.data.sync.timeout = 10s (default)
datanode_2  | 2019-10-17 06:39:35,754 INFO server.RaftServerConfigKeys: raft.server.log.write.buffer.size = 33554432 (custom)
om_1        | 2019-10-17 06:42:01,813 [IPC Server handler 19 on 9862] ERROR      - ALLOCATE_KEY failed for Key: multipartKey in volume/bucket:s3408a471635b80160c579a897a992d8ed/bucket-02667
scm_1       | 2019-10-17 06:39:53,681 INFO server.SCMBlockProtocolServer: Allocating blocks 1 of size 268435456, with excludeList: datanodes = [], pipelines = [], containers = []
datanode_1  | 2019-10-17 06:39:35,756 INFO server.RaftServerConfigKeys: raft.server.log.statemachine.data.sync.timeout.retry = -1 (default)
datanode_3  | 2019-10-17 06:39:35,753 INFO segmented.SegmentedRaftLogWorker: 3673a1b1-f2c4-4625-90fb-11d3da657287@group-7B839FDDAF6B-SegmentedRaftLogWorker: flushIndex: setUnconditionally 0 -> -1
s3g_1       | 	at org.glassfish.jersey.servlet.ServletContainer.service(ServletContainer.java:389)
datanode_2  | 2019-10-17 06:39:35,754 INFO server.RaftServerConfigKeys: raft.server.log.force.sync.num = 128 (default)
om_1        | NO_SUCH_MULTIPART_UPLOAD_ERROR org.apache.hadoop.ozone.om.exceptions.OMException: No such Multipart upload is with specified uploadId random
scm_1       | 2019-10-17 06:39:53,720 INFO server.SCMBlockProtocolServer: Allocating blocks 1 of size 268435456, with excludeList: datanodes = [], pipelines = [], containers = []
datanode_1  | 2019-10-17 06:39:35,756 INFO server.RaftServerConfigKeys: raft.server.log.statemachine.data.caching.enabled = true (custom)
s3g_1       | 	at org.glassfish.jersey.servlet.ServletContainer.service(ServletContainer.java:342)
datanode_3  | 2019-10-17 06:39:35,753 INFO server.RaftServerConfigKeys: raft.server.snapshot.auto.trigger.enabled = true (custom)
datanode_2  | 2019-10-17 06:39:35,754 INFO server.RaftServerConfigKeys: raft.server.log.statemachine.data.sync = true (default)
om_1        | 	at org.apache.hadoop.ozone.om.request.key.OMKeyRequest.prepareMultipartKeyInfo(OMKeyRequest.java:471)
scm_1       | 2019-10-17 06:39:53,754 INFO server.SCMBlockProtocolServer: Allocating blocks 1 of size 268435456, with excludeList: datanodes = [], pipelines = [], containers = []
datanode_1  | 2019-10-17 06:39:35,757 INFO segmented.SegmentedRaftLogWorker: dab83d4b-d6d6-4c87-b755-ebde5a04203b@group-7B839FDDAF6B-SegmentedRaftLogWorker: flushIndex: setUnconditionally 0 -> -1
s3g_1       | 	at org.glassfish.jersey.servlet.ServletContainer.service(ServletContainer.java:229)
datanode_3  | 2019-10-17 06:39:35,754 INFO server.RaftServerConfigKeys: raft.server.snapshot.auto.trigger.threshold = 10000 (custom)
datanode_2  | 2019-10-17 06:39:35,755 INFO server.RaftServerConfigKeys: raft.server.log.statemachine.data.sync.timeout = 10s (default)
om_1        | 	at org.apache.hadoop.ozone.om.request.key.OMKeyRequest.prepareKeyInfo(OMKeyRequest.java:423)
scm_1       | 2019-10-17 06:39:53,788 INFO server.SCMBlockProtocolServer: Allocating blocks 1 of size 268435456, with excludeList: datanodes = [], pipelines = [], containers = []
datanode_1  | 2019-10-17 06:39:35,758 INFO server.RaftServerConfigKeys: raft.server.snapshot.auto.trigger.enabled = true (custom)
s3g_1       | 	at org.eclipse.jetty.servlet.ServletHolder.handle(ServletHolder.java:840)
datanode_3  | 2019-10-17 06:39:35,754 INFO server.RaftServerConfigKeys: raft.server.snapshot.retention.file.num = 5 (custom)
datanode_2  | 2019-10-17 06:39:35,755 INFO server.RaftServerConfigKeys: raft.server.log.statemachine.data.sync.timeout.retry = -1 (default)
om_1        | 	at org.apache.hadoop.ozone.om.request.key.OMKeyCreateRequest.validateAndUpdateCache(OMKeyCreateRequest.java:179)
scm_1       | 2019-10-17 06:39:53,822 INFO server.SCMBlockProtocolServer: Allocating blocks 1 of size 268435456, with excludeList: datanodes = [], pipelines = [], containers = []
datanode_1  | 2019-10-17 06:39:35,758 INFO server.RaftServerConfigKeys: raft.server.snapshot.auto.trigger.threshold = 10000 (custom)
datanode_3  | 2019-10-17 06:39:35,754 INFO server.RaftServerConfigKeys: raft.server.retrycache.expirytime = 600000ms (custom)
datanode_2  | 2019-10-17 06:39:35,755 INFO server.RaftServerConfigKeys: raft.server.log.statemachine.data.caching.enabled = true (custom)
om_1        | 	at org.apache.hadoop.ozone.protocolPB.OzoneManagerProtocolServerSideTranslatorPB.submitRequestDirectlyToOM(OzoneManagerProtocolServerSideTranslatorPB.java:219)
scm_1       | 2019-10-17 06:39:53,855 INFO server.SCMBlockProtocolServer: Allocating blocks 1 of size 268435456, with excludeList: datanodes = [], pipelines = [], containers = []
datanode_1  | 2019-10-17 06:39:35,758 INFO server.RaftServerConfigKeys: raft.server.snapshot.retention.file.num = 5 (custom)
s3g_1       | 	at org.eclipse.jetty.servlet.ServletHandler$CachedChain.doFilter(ServletHandler.java:1780)
datanode_3  | 2019-10-17 06:39:35,758 INFO impl.RaftServerImpl: 3673a1b1-f2c4-4625-90fb-11d3da657287@group-7B839FDDAF6B: start as a follower, conf=-1: [3bdd3ac8-9ebb-45f7-b64f-97f574aa6252:172.18.0.5:9858, 3673a1b1-f2c4-4625-90fb-11d3da657287:172.18.0.7:9858, dab83d4b-d6d6-4c87-b755-ebde5a04203b:172.18.0.6:9858], old=null
datanode_2  | 2019-10-17 06:39:35,757 INFO segmented.SegmentedRaftLogWorker: 3bdd3ac8-9ebb-45f7-b64f-97f574aa6252@group-7B839FDDAF6B-SegmentedRaftLogWorker: flushIndex: setUnconditionally 0 -> -1
om_1        | 	at org.apache.hadoop.ozone.protocolPB.OzoneManagerProtocolServerSideTranslatorPB.processRequest(OzoneManagerProtocolServerSideTranslatorPB.java:134)
scm_1       | 2019-10-17 06:39:53,890 INFO server.SCMBlockProtocolServer: Allocating blocks 1 of size 268435456, with excludeList: datanodes = [], pipelines = [], containers = []
datanode_1  | 2019-10-17 06:39:35,759 INFO server.RaftServerConfigKeys: raft.server.retrycache.expirytime = 600000ms (custom)
s3g_1       | 	at org.apache.hadoop.http.HttpServer2$QuotingInputFilter.doFilter(HttpServer2.java:1609)
datanode_3  | 2019-10-17 06:39:35,759 INFO segmented.SegmentedRaftLogWorker: 3673a1b1-f2c4-4625-90fb-11d3da657287@group-E7F49CF45743-SegmentedRaftLogWorker: created new log segment /data/metadata/ratis/b047ae5f-fa66-41d9-ac60-e7f49cf45743/current/log_inprogress_0
datanode_2  | 2019-10-17 06:39:35,758 INFO server.RaftServerConfigKeys: raft.server.snapshot.auto.trigger.enabled = true (custom)
om_1        | 	at org.apache.hadoop.hdds.server.OzoneProtocolMessageDispatcher.processRequest(OzoneProtocolMessageDispatcher.java:72)
scm_1       | 2019-10-17 06:39:53,923 INFO server.SCMBlockProtocolServer: Allocating blocks 1 of size 268435456, with excludeList: datanodes = [], pipelines = [], containers = []
datanode_1  | 2019-10-17 06:39:35,763 INFO impl.RaftServerImpl: dab83d4b-d6d6-4c87-b755-ebde5a04203b@group-7B839FDDAF6B: start as a follower, conf=-1: [3bdd3ac8-9ebb-45f7-b64f-97f574aa6252:172.18.0.5:9858, 3673a1b1-f2c4-4625-90fb-11d3da657287:172.18.0.7:9858, dab83d4b-d6d6-4c87-b755-ebde5a04203b:172.18.0.6:9858], old=null
s3g_1       | 	at org.eclipse.jetty.servlet.ServletHandler$CachedChain.doFilter(ServletHandler.java:1767)
datanode_3  | 2019-10-17 06:39:35,759 INFO impl.RaftServerImpl: 3673a1b1-f2c4-4625-90fb-11d3da657287@group-7B839FDDAF6B: changes role from      null to FOLLOWER at term 0 for startAsFollower
datanode_2  | 2019-10-17 06:39:35,758 INFO server.RaftServerConfigKeys: raft.server.snapshot.auto.trigger.threshold = 10000 (custom)
om_1        | 	at org.apache.hadoop.ozone.protocolPB.OzoneManagerProtocolServerSideTranslatorPB.submitRequest(OzoneManagerProtocolServerSideTranslatorPB.java:100)
scm_1       | 2019-10-17 06:39:53,959 INFO server.SCMBlockProtocolServer: Allocating blocks 1 of size 268435456, with excludeList: datanodes = [], pipelines = [], containers = []
datanode_1  | 2019-10-17 06:39:35,764 INFO impl.RaftServerImpl: dab83d4b-d6d6-4c87-b755-ebde5a04203b@group-7B839FDDAF6B: changes role from      null to FOLLOWER at term 0 for startAsFollower
s3g_1       | 	at org.apache.hadoop.http.NoCacheFilter.doFilter(NoCacheFilter.java:45)
datanode_3  | 2019-10-17 06:39:35,759 INFO impl.RoleInfo: 3673a1b1-f2c4-4625-90fb-11d3da657287: start FollowerState
datanode_2  | 2019-10-17 06:39:35,758 INFO server.RaftServerConfigKeys: raft.server.snapshot.retention.file.num = 5 (custom)
om_1        | 	at org.apache.hadoop.ozone.protocol.proto.OzoneManagerProtocolProtos$OzoneManagerService$2.callBlockingMethod(OzoneManagerProtocolProtos.java)
scm_1       | 2019-10-17 06:39:53,992 INFO server.SCMBlockProtocolServer: Allocating blocks 1 of size 268435456, with excludeList: datanodes = [], pipelines = [], containers = []
datanode_1  | 2019-10-17 06:39:35,764 INFO impl.RoleInfo: dab83d4b-d6d6-4c87-b755-ebde5a04203b: start FollowerState
s3g_1       | 	at org.eclipse.jetty.servlet.ServletHandler$CachedChain.doFilter(ServletHandler.java:1767)
datanode_3  | 2019-10-17 06:39:35,759 INFO util.JmxRegister: Successfully registered JMX Bean with object name Ratis:service=RaftServer,group=group-7B839FDDAF6B,id=3673a1b1-f2c4-4625-90fb-11d3da657287
datanode_2  | 2019-10-17 06:39:35,758 INFO server.RaftServerConfigKeys: raft.server.retrycache.expirytime = 600000ms (custom)
scm_1       | 2019-10-17 06:39:54,024 INFO server.SCMBlockProtocolServer: Allocating blocks 1 of size 268435456, with excludeList: datanodes = [], pipelines = [], containers = []
datanode_1  | 2019-10-17 06:39:35,764 INFO util.JmxRegister: Successfully registered JMX Bean with object name Ratis:service=RaftServer,group=group-7B839FDDAF6B,id=dab83d4b-d6d6-4c87-b755-ebde5a04203b
s3g_1       | 	at org.eclipse.jetty.servlet.ServletHandler.doHandle(ServletHandler.java:583)
om_1        | 	at org.apache.hadoop.ipc.ProtobufRpcEngine$Server$ProtoBufRpcInvoker.call(ProtobufRpcEngine.java:524)
datanode_2  | 2019-10-17 06:39:35,761 INFO impl.RaftServerImpl: 3bdd3ac8-9ebb-45f7-b64f-97f574aa6252@group-7B839FDDAF6B: start as a follower, conf=-1: [3bdd3ac8-9ebb-45f7-b64f-97f574aa6252:172.18.0.5:9858, 3673a1b1-f2c4-4625-90fb-11d3da657287:172.18.0.7:9858, dab83d4b-d6d6-4c87-b755-ebde5a04203b:172.18.0.6:9858], old=null
datanode_1  | 2019-10-17 06:39:35,873 INFO impl.FollowerState: dab83d4b-d6d6-4c87-b755-ebde5a04203b@group-7B839FDDAF6B-FollowerState: change to CANDIDATE, lastRpcTime:109ms, electionTimeout:109ms
scm_1       | 2019-10-17 06:39:54,077 INFO server.SCMBlockProtocolServer: Allocating blocks 1 of size 268435456, with excludeList: datanodes = [], pipelines = [], containers = []
s3g_1       | 	at org.eclipse.jetty.server.handler.ScopedHandler.handle(ScopedHandler.java:143)
datanode_2  | 2019-10-17 06:39:35,761 INFO impl.RaftServerImpl: 3bdd3ac8-9ebb-45f7-b64f-97f574aa6252@group-7B839FDDAF6B: changes role from      null to FOLLOWER at term 0 for startAsFollower
datanode_3  | 2019-10-17 06:39:35,832 INFO impl.FollowerState: 3673a1b1-f2c4-4625-90fb-11d3da657287@group-7B839FDDAF6B-FollowerState: change to CANDIDATE, lastRpcTime:73ms, electionTimeout:73ms
om_1        | 	at org.apache.hadoop.ipc.RPC$Server.call(RPC.java:1025)
datanode_1  | 2019-10-17 06:39:35,874 INFO impl.RoleInfo: dab83d4b-d6d6-4c87-b755-ebde5a04203b: shutdown FollowerState
scm_1       | 2019-10-17 06:39:54,111 INFO server.SCMBlockProtocolServer: Allocating blocks 1 of size 268435456, with excludeList: datanodes = [], pipelines = [], containers = []
s3g_1       | 	at org.eclipse.jetty.security.SecurityHandler.handle(SecurityHandler.java:548)
datanode_2  | 2019-10-17 06:39:35,762 INFO impl.RoleInfo: 3bdd3ac8-9ebb-45f7-b64f-97f574aa6252: start FollowerState
datanode_3  | 2019-10-17 06:39:35,833 INFO impl.RoleInfo: 3673a1b1-f2c4-4625-90fb-11d3da657287: shutdown FollowerState
om_1        | 	at org.apache.hadoop.ipc.Server$RpcCall.run(Server.java:876)
datanode_1  | 2019-10-17 06:39:35,874 INFO impl.RaftServerImpl: dab83d4b-d6d6-4c87-b755-ebde5a04203b@group-7B839FDDAF6B: changes role from  FOLLOWER to CANDIDATE at term 0 for changeToCandidate
scm_1       | 2019-10-17 06:39:54,141 INFO server.SCMBlockProtocolServer: Allocating blocks 1 of size 268435456, with excludeList: datanodes = [], pipelines = [], containers = []
s3g_1       | 	at org.eclipse.jetty.server.session.SessionHandler.doHandle(SessionHandler.java:226)
datanode_2  | 2019-10-17 06:39:35,764 INFO util.JmxRegister: Successfully registered JMX Bean with object name Ratis:service=RaftServer,group=group-7B839FDDAF6B,id=3bdd3ac8-9ebb-45f7-b64f-97f574aa6252
datanode_3  | 2019-10-17 06:39:35,833 INFO impl.RaftServerImpl: 3673a1b1-f2c4-4625-90fb-11d3da657287@group-7B839FDDAF6B: changes role from  FOLLOWER to CANDIDATE at term 0 for changeToCandidate
om_1        | 	at org.apache.hadoop.ipc.Server$RpcCall.run(Server.java:822)
datanode_1  | 2019-10-17 06:39:35,874 INFO impl.RoleInfo: dab83d4b-d6d6-4c87-b755-ebde5a04203b: start LeaderElection
scm_1       | 2019-10-17 06:39:54,171 INFO server.SCMBlockProtocolServer: Allocating blocks 1 of size 268435456, with excludeList: datanodes = [], pipelines = [], containers = []
s3g_1       | 	at org.eclipse.jetty.server.handler.ContextHandler.doHandle(ContextHandler.java:1180)
datanode_2  | 2019-10-17 06:39:35,820 INFO impl.FollowerState: 3bdd3ac8-9ebb-45f7-b64f-97f574aa6252@group-7B839FDDAF6B-FollowerState: change to CANDIDATE, lastRpcTime:58ms, electionTimeout:56ms
datanode_3  | 2019-10-17 06:39:35,833 INFO impl.RoleInfo: 3673a1b1-f2c4-4625-90fb-11d3da657287: start LeaderElection
om_1        | 	at java.base/java.security.AccessController.doPrivileged(Native Method)
scm_1       | 2019-10-17 06:39:54,201 INFO server.SCMBlockProtocolServer: Allocating blocks 1 of size 268435456, with excludeList: datanodes = [], pipelines = [], containers = []
datanode_1  | 2019-10-17 06:39:35,942 INFO impl.LeaderElection: dab83d4b-d6d6-4c87-b755-ebde5a04203b@group-7B839FDDAF6B-LeaderElection2: begin an election at term 1 for -1: [3bdd3ac8-9ebb-45f7-b64f-97f574aa6252:172.18.0.5:9858, 3673a1b1-f2c4-4625-90fb-11d3da657287:172.18.0.7:9858, dab83d4b-d6d6-4c87-b755-ebde5a04203b:172.18.0.6:9858], old=null
s3g_1       | 	at org.eclipse.jetty.servlet.ServletHandler.doScope(ServletHandler.java:513)
datanode_2  | 2019-10-17 06:39:35,821 INFO impl.RoleInfo: 3bdd3ac8-9ebb-45f7-b64f-97f574aa6252: shutdown FollowerState
datanode_3  | 2019-10-17 06:39:35,871 INFO impl.LeaderElection: 3673a1b1-f2c4-4625-90fb-11d3da657287@group-7B839FDDAF6B-LeaderElection2: begin an election at term 1 for -1: [3bdd3ac8-9ebb-45f7-b64f-97f574aa6252:172.18.0.5:9858, 3673a1b1-f2c4-4625-90fb-11d3da657287:172.18.0.7:9858, dab83d4b-d6d6-4c87-b755-ebde5a04203b:172.18.0.6:9858], old=null
om_1        | 	at java.base/javax.security.auth.Subject.doAs(Subject.java:423)
scm_1       | 2019-10-17 06:39:54,249 INFO server.SCMBlockProtocolServer: Allocating blocks 1 of size 268435456, with excludeList: datanodes = [], pipelines = [], containers = []
datanode_1  | 2019-10-17 06:39:36,049 INFO impl.RaftServerImpl: dab83d4b-d6d6-4c87-b755-ebde5a04203b@group-7B839FDDAF6B: changes role from CANDIDATE to FOLLOWER at term 2 for recognizeCandidate:3bdd3ac8-9ebb-45f7-b64f-97f574aa6252
s3g_1       | 	at org.eclipse.jetty.server.session.SessionHandler.doScope(SessionHandler.java:185)
datanode_3  | 2019-10-17 06:39:35,899 INFO impl.LeaderElection: 3673a1b1-f2c4-4625-90fb-11d3da657287@group-7B839FDDAF6B-LeaderElection2: Election TIMEOUT; received 0 response(s) [] and 0 exception(s); 3673a1b1-f2c4-4625-90fb-11d3da657287@group-7B839FDDAF6B:t1, leader=null, voted=3673a1b1-f2c4-4625-90fb-11d3da657287, raftlog=3673a1b1-f2c4-4625-90fb-11d3da657287@group-7B839FDDAF6B-SegmentedRaftLog:OPENED:c-1,f-1,i0, conf=-1: [3bdd3ac8-9ebb-45f7-b64f-97f574aa6252:172.18.0.5:9858, 3673a1b1-f2c4-4625-90fb-11d3da657287:172.18.0.7:9858, dab83d4b-d6d6-4c87-b755-ebde5a04203b:172.18.0.6:9858], old=null
om_1        | 	at org.apache.hadoop.security.UserGroupInformation.doAs(UserGroupInformation.java:1730)
scm_1       | 2019-10-17 06:39:54,281 INFO server.SCMBlockProtocolServer: Allocating blocks 1 of size 268435456, with excludeList: datanodes = [], pipelines = [], containers = []
datanode_1  | 2019-10-17 06:39:36,049 INFO impl.RoleInfo: dab83d4b-d6d6-4c87-b755-ebde5a04203b: shutdown LeaderElection
datanode_2  | 2019-10-17 06:39:35,821 INFO impl.RaftServerImpl: 3bdd3ac8-9ebb-45f7-b64f-97f574aa6252@group-7B839FDDAF6B: changes role from  FOLLOWER to CANDIDATE at term 0 for changeToCandidate
s3g_1       | 	at org.eclipse.jetty.server.handler.ContextHandler.doScope(ContextHandler.java:1112)
datanode_3  | 2019-10-17 06:39:35,942 INFO impl.LeaderElection: 3673a1b1-f2c4-4625-90fb-11d3da657287@group-7B839FDDAF6B-LeaderElection2: begin an election at term 2 for -1: [3bdd3ac8-9ebb-45f7-b64f-97f574aa6252:172.18.0.5:9858, 3673a1b1-f2c4-4625-90fb-11d3da657287:172.18.0.7:9858, dab83d4b-d6d6-4c87-b755-ebde5a04203b:172.18.0.6:9858], old=null
om_1        | 	at org.apache.hadoop.ipc.Server$Handler.run(Server.java:2682)
scm_1       | 2019-10-17 06:39:54,322 INFO server.SCMBlockProtocolServer: Allocating blocks 1 of size 268435456, with excludeList: datanodes = [], pipelines = [], containers = []
datanode_1  | 2019-10-17 06:39:36,049 INFO impl.RoleInfo: dab83d4b-d6d6-4c87-b755-ebde5a04203b: start FollowerState
datanode_2  | 2019-10-17 06:39:35,821 INFO impl.RoleInfo: 3bdd3ac8-9ebb-45f7-b64f-97f574aa6252: start LeaderElection
s3g_1       | 	at org.eclipse.jetty.server.handler.ScopedHandler.handle(ScopedHandler.java:141)
datanode_3  | 2019-10-17 06:39:36,067 INFO impl.LeaderElection: 3673a1b1-f2c4-4625-90fb-11d3da657287@group-7B839FDDAF6B-LeaderElection2: Election TIMEOUT; received 0 response(s) [] and 0 exception(s); 3673a1b1-f2c4-4625-90fb-11d3da657287@group-7B839FDDAF6B:t2, leader=null, voted=3673a1b1-f2c4-4625-90fb-11d3da657287, raftlog=3673a1b1-f2c4-4625-90fb-11d3da657287@group-7B839FDDAF6B-SegmentedRaftLog:OPENED:c-1,f-1,i0, conf=-1: [3bdd3ac8-9ebb-45f7-b64f-97f574aa6252:172.18.0.5:9858, 3673a1b1-f2c4-4625-90fb-11d3da657287:172.18.0.7:9858, dab83d4b-d6d6-4c87-b755-ebde5a04203b:172.18.0.6:9858], old=null
scm_1       | 2019-10-17 06:39:54,358 INFO server.SCMBlockProtocolServer: Allocating blocks 1 of size 268435456, with excludeList: datanodes = [], pipelines = [], containers = []
datanode_1  | 2019-10-17 06:39:36,073 INFO impl.LeaderElection: dab83d4b-d6d6-4c87-b755-ebde5a04203b@group-7B839FDDAF6B-LeaderElection2: Election REJECTED; received 0 response(s) [] and 0 exception(s); dab83d4b-d6d6-4c87-b755-ebde5a04203b@group-7B839FDDAF6B:t2, leader=null, voted=null, raftlog=dab83d4b-d6d6-4c87-b755-ebde5a04203b@group-7B839FDDAF6B-SegmentedRaftLog:OPENED:c-1,f-1,i0, conf=-1: [3bdd3ac8-9ebb-45f7-b64f-97f574aa6252:172.18.0.5:9858, 3673a1b1-f2c4-4625-90fb-11d3da657287:172.18.0.7:9858, dab83d4b-d6d6-4c87-b755-ebde5a04203b:172.18.0.6:9858], old=null
datanode_2  | 2019-10-17 06:39:35,870 INFO impl.LeaderElection: 3bdd3ac8-9ebb-45f7-b64f-97f574aa6252@group-7B839FDDAF6B-LeaderElection2: begin an election at term 1 for -1: [3bdd3ac8-9ebb-45f7-b64f-97f574aa6252:172.18.0.5:9858, 3673a1b1-f2c4-4625-90fb-11d3da657287:172.18.0.7:9858, dab83d4b-d6d6-4c87-b755-ebde5a04203b:172.18.0.6:9858], old=null
s3g_1       | 	at org.eclipse.jetty.server.handler.HandlerCollection.handle(HandlerCollection.java:119)
datanode_3  | 2019-10-17 06:39:36,102 INFO impl.LeaderElection: 3673a1b1-f2c4-4625-90fb-11d3da657287@group-7B839FDDAF6B-LeaderElection2: begin an election at term 3 for -1: [3bdd3ac8-9ebb-45f7-b64f-97f574aa6252:172.18.0.5:9858, 3673a1b1-f2c4-4625-90fb-11d3da657287:172.18.0.7:9858, dab83d4b-d6d6-4c87-b755-ebde5a04203b:172.18.0.6:9858], old=null
scm_1       | 2019-10-17 06:39:54,388 INFO server.SCMBlockProtocolServer: Allocating blocks 1 of size 268435456, with excludeList: datanodes = [], pipelines = [], containers = []
datanode_1  | 2019-10-17 06:39:36,102 INFO impl.RaftServerImpl: dab83d4b-d6d6-4c87-b755-ebde5a04203b@group-7B839FDDAF6B: changes role from  FOLLOWER to FOLLOWER at term 2 for recognizeCandidate:3673a1b1-f2c4-4625-90fb-11d3da657287
datanode_2  | 2019-10-17 06:39:35,969 INFO impl.LeaderElection: 3bdd3ac8-9ebb-45f7-b64f-97f574aa6252@group-7B839FDDAF6B-LeaderElection2: Election TIMEOUT; received 0 response(s) [] and 0 exception(s); 3bdd3ac8-9ebb-45f7-b64f-97f574aa6252@group-7B839FDDAF6B:t1, leader=null, voted=3bdd3ac8-9ebb-45f7-b64f-97f574aa6252, raftlog=3bdd3ac8-9ebb-45f7-b64f-97f574aa6252@group-7B839FDDAF6B-SegmentedRaftLog:OPENED:c-1,f-1,i0, conf=-1: [3bdd3ac8-9ebb-45f7-b64f-97f574aa6252:172.18.0.5:9858, 3673a1b1-f2c4-4625-90fb-11d3da657287:172.18.0.7:9858, dab83d4b-d6d6-4c87-b755-ebde5a04203b:172.18.0.6:9858], old=null
s3g_1       | 	at org.eclipse.jetty.server.handler.HandlerWrapper.handle(HandlerWrapper.java:134)
scm_1       | 2019-10-17 06:39:54,417 INFO server.SCMBlockProtocolServer: Allocating blocks 1 of size 268435456, with excludeList: datanodes = [], pipelines = [], containers = []
datanode_3  | 2019-10-17 06:39:36,145 INFO impl.LeaderElection: 3673a1b1-f2c4-4625-90fb-11d3da657287@group-7B839FDDAF6B-LeaderElection2: Election PASSED; received 1 response(s) [3673a1b1-f2c4-4625-90fb-11d3da657287<-3bdd3ac8-9ebb-45f7-b64f-97f574aa6252#0:OK-t3] and 0 exception(s); 3673a1b1-f2c4-4625-90fb-11d3da657287@group-7B839FDDAF6B:t3, leader=null, voted=3673a1b1-f2c4-4625-90fb-11d3da657287, raftlog=3673a1b1-f2c4-4625-90fb-11d3da657287@group-7B839FDDAF6B-SegmentedRaftLog:OPENED:c-1,f-1,i0, conf=-1: [3bdd3ac8-9ebb-45f7-b64f-97f574aa6252:172.18.0.5:9858, 3673a1b1-f2c4-4625-90fb-11d3da657287:172.18.0.7:9858, dab83d4b-d6d6-4c87-b755-ebde5a04203b:172.18.0.6:9858], old=null
datanode_1  | 2019-10-17 06:39:36,103 INFO impl.RoleInfo: dab83d4b-d6d6-4c87-b755-ebde5a04203b: shutdown FollowerState
datanode_2  | 2019-10-17 06:39:36,006 INFO impl.LeaderElection: 3bdd3ac8-9ebb-45f7-b64f-97f574aa6252@group-7B839FDDAF6B-LeaderElection2: begin an election at term 2 for -1: [3bdd3ac8-9ebb-45f7-b64f-97f574aa6252:172.18.0.5:9858, 3673a1b1-f2c4-4625-90fb-11d3da657287:172.18.0.7:9858, dab83d4b-d6d6-4c87-b755-ebde5a04203b:172.18.0.6:9858], old=null
s3g_1       | 	at org.eclipse.jetty.server.Server.handle(Server.java:539)
scm_1       | 2019-10-17 06:39:54,445 INFO server.SCMBlockProtocolServer: Allocating blocks 1 of size 268435456, with excludeList: datanodes = [], pipelines = [], containers = []
datanode_1  | 2019-10-17 06:39:36,103 INFO impl.FollowerState: dab83d4b-d6d6-4c87-b755-ebde5a04203b@group-7B839FDDAF6B-FollowerState was interrupted: java.lang.InterruptedException: sleep interrupted
datanode_3  | 2019-10-17 06:39:36,146 INFO impl.RoleInfo: 3673a1b1-f2c4-4625-90fb-11d3da657287: shutdown LeaderElection
datanode_2  | 2019-10-17 06:39:36,120 INFO impl.LeaderElection: 3bdd3ac8-9ebb-45f7-b64f-97f574aa6252@group-7B839FDDAF6B-LeaderElection2: Election REJECTED; received 2 response(s) [3bdd3ac8-9ebb-45f7-b64f-97f574aa6252<-3673a1b1-f2c4-4625-90fb-11d3da657287#0:FAIL-t2, 3bdd3ac8-9ebb-45f7-b64f-97f574aa6252<-dab83d4b-d6d6-4c87-b755-ebde5a04203b#0:FAIL-t2] and 0 exception(s); 3bdd3ac8-9ebb-45f7-b64f-97f574aa6252@group-7B839FDDAF6B:t2, leader=null, voted=3bdd3ac8-9ebb-45f7-b64f-97f574aa6252, raftlog=3bdd3ac8-9ebb-45f7-b64f-97f574aa6252@group-7B839FDDAF6B-SegmentedRaftLog:OPENED:c-1,f-1,i0, conf=-1: [3bdd3ac8-9ebb-45f7-b64f-97f574aa6252:172.18.0.5:9858, 3673a1b1-f2c4-4625-90fb-11d3da657287:172.18.0.7:9858, dab83d4b-d6d6-4c87-b755-ebde5a04203b:172.18.0.6:9858], old=null
s3g_1       | 	at org.eclipse.jetty.server.HttpChannel.handle(HttpChannel.java:333)
scm_1       | 2019-10-17 06:39:54,476 INFO server.SCMBlockProtocolServer: Allocating blocks 1 of size 268435456, with excludeList: datanodes = [], pipelines = [], containers = []
datanode_1  | 2019-10-17 06:39:36,114 INFO impl.RoleInfo: dab83d4b-d6d6-4c87-b755-ebde5a04203b: start FollowerState
datanode_3  | 2019-10-17 06:39:36,146 INFO impl.RaftServerImpl: 3673a1b1-f2c4-4625-90fb-11d3da657287@group-7B839FDDAF6B: changes role from CANDIDATE to LEADER at term 3 for changeToLeader
datanode_2  | 2019-10-17 06:39:36,121 INFO impl.RaftServerImpl: 3bdd3ac8-9ebb-45f7-b64f-97f574aa6252@group-7B839FDDAF6B: changes role from CANDIDATE to FOLLOWER at term 2 for DISCOVERED_A_NEW_TERM
s3g_1       | 	at org.eclipse.jetty.server.HttpConnection.onFillable(HttpConnection.java:251)
scm_1       | 2019-10-17 06:39:54,507 INFO server.SCMBlockProtocolServer: Allocating blocks 1 of size 268435456, with excludeList: datanodes = [], pipelines = [], containers = []
datanode_1  | 2019-10-17 06:39:36,142 INFO impl.RaftServerImpl: dab83d4b-d6d6-4c87-b755-ebde5a04203b@group-7B839FDDAF6B: changes role from  FOLLOWER to FOLLOWER at term 3 for recognizeCandidate:3673a1b1-f2c4-4625-90fb-11d3da657287
datanode_3  | 2019-10-17 06:39:36,146 INFO impl.RaftServerImpl: 3673a1b1-f2c4-4625-90fb-11d3da657287@group-7B839FDDAF6B: change Leader from null to 3673a1b1-f2c4-4625-90fb-11d3da657287 at term 3 for becomeLeader, leader elected after 395ms
datanode_2  | 2019-10-17 06:39:36,121 INFO impl.RoleInfo: 3bdd3ac8-9ebb-45f7-b64f-97f574aa6252: shutdown LeaderElection
s3g_1       | 	at org.eclipse.jetty.io.AbstractConnection$ReadCallback.succeeded(AbstractConnection.java:283)
scm_1       | 2019-10-17 06:39:54,551 INFO server.SCMBlockProtocolServer: Allocating blocks 1 of size 268435456, with excludeList: datanodes = [], pipelines = [], containers = []
datanode_3  | 2019-10-17 06:39:36,146 INFO server.RaftServerConfigKeys: raft.server.staging.catchup.gap = 1000 (default)
s3g_1       | 	at org.eclipse.jetty.io.FillInterest.fillable(FillInterest.java:108)
datanode_2  | 2019-10-17 06:39:36,122 INFO impl.RoleInfo: 3bdd3ac8-9ebb-45f7-b64f-97f574aa6252: start FollowerState
scm_1       | 2019-10-17 06:39:54,580 INFO server.SCMBlockProtocolServer: Allocating blocks 1 of size 268435456, with excludeList: datanodes = [], pipelines = [], containers = []
datanode_3  | 2019-10-17 06:39:36,147 INFO server.RaftServerConfigKeys: raft.server.rpc.sleep.time = 25ms (default)
s3g_1       | 	at org.eclipse.jetty.io.SelectChannelEndPoint$2.run(SelectChannelEndPoint.java:93)
datanode_2  | 2019-10-17 06:39:36,124 INFO impl.RaftServerImpl: 3bdd3ac8-9ebb-45f7-b64f-97f574aa6252@group-7B839FDDAF6B: changes role from  FOLLOWER to FOLLOWER at term 3 for recognizeCandidate:3673a1b1-f2c4-4625-90fb-11d3da657287
datanode_1  | 2019-10-17 06:39:36,143 INFO impl.RoleInfo: dab83d4b-d6d6-4c87-b755-ebde5a04203b: shutdown FollowerState
datanode_3  | 2019-10-17 06:39:36,147 INFO server.RaftServerConfigKeys: raft.server.write.element-limit = 4096 (default)
s3g_1       | 	at org.eclipse.jetty.util.thread.strategy.ExecuteProduceConsume.executeProduceConsume(ExecuteProduceConsume.java:303)
datanode_2  | 2019-10-17 06:39:36,124 INFO impl.RoleInfo: 3bdd3ac8-9ebb-45f7-b64f-97f574aa6252: shutdown FollowerState
datanode_1  | 2019-10-17 06:39:36,143 INFO impl.RoleInfo: dab83d4b-d6d6-4c87-b755-ebde5a04203b: start FollowerState
scm_1       | 2019-10-17 06:39:54,610 INFO server.SCMBlockProtocolServer: Allocating blocks 1 of size 268435456, with excludeList: datanodes = [], pipelines = [], containers = []
datanode_3  | 2019-10-17 06:39:36,147 INFO server.RaftServerConfigKeys: raft.server.watch.timeout = 10s (default)
datanode_2  | 2019-10-17 06:39:36,124 INFO impl.RoleInfo: 3bdd3ac8-9ebb-45f7-b64f-97f574aa6252: start FollowerState
datanode_1  | 2019-10-17 06:39:36,143 INFO impl.FollowerState: dab83d4b-d6d6-4c87-b755-ebde5a04203b@group-7B839FDDAF6B-FollowerState was interrupted: java.lang.InterruptedException: sleep interrupted
scm_1       | 2019-10-17 06:39:54,642 INFO server.SCMBlockProtocolServer: Allocating blocks 1 of size 268435456, with excludeList: datanodes = [], pipelines = [], containers = []
s3g_1       | 	at org.eclipse.jetty.util.thread.strategy.ExecuteProduceConsume.produceConsume(ExecuteProduceConsume.java:148)
datanode_3  | 2019-10-17 06:39:36,147 INFO server.RaftServerConfigKeys: raft.server.watch.timeout.denomination = 1s (default)
datanode_2  | 2019-10-17 06:39:36,125 INFO impl.FollowerState: 3bdd3ac8-9ebb-45f7-b64f-97f574aa6252@group-7B839FDDAF6B-FollowerState was interrupted: java.lang.InterruptedException: sleep interrupted
datanode_1  | 2019-10-17 06:39:36,192 INFO impl.FollowerState: dab83d4b-d6d6-4c87-b755-ebde5a04203b@group-7B839FDDAF6B-FollowerState: change to CANDIDATE, lastRpcTime:49ms, electionTimeout:38ms
scm_1       | 2019-10-17 06:39:54,674 INFO server.SCMBlockProtocolServer: Allocating blocks 1 of size 268435456, with excludeList: datanodes = [], pipelines = [], containers = []
s3g_1       | 	at org.eclipse.jetty.util.thread.strategy.ExecuteProduceConsume.run(ExecuteProduceConsume.java:136)
datanode_3  | 2019-10-17 06:39:36,147 INFO server.RaftServerConfigKeys: raft.server.watch.element-limit = 65536 (default)
datanode_2  | 2019-10-17 06:39:36,151 INFO impl.FollowerState: 3bdd3ac8-9ebb-45f7-b64f-97f574aa6252@group-7B839FDDAF6B-FollowerState: change to CANDIDATE, lastRpcTime:26ms, electionTimeout:26ms
datanode_1  | 2019-10-17 06:39:36,192 INFO impl.RoleInfo: dab83d4b-d6d6-4c87-b755-ebde5a04203b: shutdown FollowerState
scm_1       | 2019-10-17 06:39:54,718 INFO server.SCMBlockProtocolServer: Allocating blocks 1 of size 268435456, with excludeList: datanodes = [], pipelines = [], containers = []
s3g_1       | 	at org.eclipse.jetty.util.thread.QueuedThreadPool.runJob(QueuedThreadPool.java:671)
datanode_3  | 2019-10-17 06:39:36,152 INFO server.RaftServerConfigKeys: raft.server.log.appender.snapshot.chunk.size.max = 16MB (=16777216) (default)
datanode_2  | 2019-10-17 06:39:36,151 INFO impl.RoleInfo: 3bdd3ac8-9ebb-45f7-b64f-97f574aa6252: shutdown FollowerState
datanode_1  | 2019-10-17 06:39:36,193 INFO impl.RaftServerImpl: dab83d4b-d6d6-4c87-b755-ebde5a04203b@group-7B839FDDAF6B: changes role from  FOLLOWER to CANDIDATE at term 3 for changeToCandidate
scm_1       | 2019-10-17 06:39:54,752 INFO server.SCMBlockProtocolServer: Allocating blocks 1 of size 268435456, with excludeList: datanodes = [], pipelines = [], containers = []
s3g_1       | 	at org.eclipse.jetty.util.thread.QueuedThreadPool$2.run(QueuedThreadPool.java:589)
datanode_2  | 2019-10-17 06:39:36,151 INFO impl.RaftServerImpl: 3bdd3ac8-9ebb-45f7-b64f-97f574aa6252@group-7B839FDDAF6B: changes role from  FOLLOWER to CANDIDATE at term 3 for changeToCandidate
datanode_3  | 2019-10-17 06:39:36,152 INFO server.RaftServerConfigKeys: raft.server.log.appender.buffer.byte-limit = 33554432 (custom)
datanode_1  | 2019-10-17 06:39:36,193 INFO impl.RoleInfo: dab83d4b-d6d6-4c87-b755-ebde5a04203b: start LeaderElection
scm_1       | 2019-10-17 06:39:54,794 INFO server.SCMBlockProtocolServer: Allocating blocks 1 of size 268435456, with excludeList: datanodes = [], pipelines = [], containers = []
s3g_1       | 	at java.base/java.lang.Thread.run(Thread.java:834)
datanode_2  | 2019-10-17 06:39:36,151 INFO impl.RoleInfo: 3bdd3ac8-9ebb-45f7-b64f-97f574aa6252: start LeaderElection
datanode_1  | 2019-10-17 06:39:36,211 INFO impl.LeaderElection: dab83d4b-d6d6-4c87-b755-ebde5a04203b@group-7B839FDDAF6B-LeaderElection3: begin an election at term 4 for -1: [3bdd3ac8-9ebb-45f7-b64f-97f574aa6252:172.18.0.5:9858, 3673a1b1-f2c4-4625-90fb-11d3da657287:172.18.0.7:9858, dab83d4b-d6d6-4c87-b755-ebde5a04203b:172.18.0.6:9858], old=null
datanode_3  | 2019-10-17 06:39:36,152 INFO server.RaftServerConfigKeys: raft.server.log.appender.buffer.element-limit = 1 (custom)
scm_1       | 2019-10-17 06:39:54,838 INFO server.SCMBlockProtocolServer: Allocating blocks 1 of size 268435456, with excludeList: datanodes = [], pipelines = [], containers = []
s3g_1       | 2019-10-17 06:41:44,960 [qtp212683148-30] INFO       - Allocating block with excludeList: datanodes = [], pipelines = [], containers = []
datanode_2  | 2019-10-17 06:39:36,179 INFO impl.LeaderElection: 3bdd3ac8-9ebb-45f7-b64f-97f574aa6252@group-7B839FDDAF6B-LeaderElection3: begin an election at term 4 for -1: [3bdd3ac8-9ebb-45f7-b64f-97f574aa6252:172.18.0.5:9858, 3673a1b1-f2c4-4625-90fb-11d3da657287:172.18.0.7:9858, dab83d4b-d6d6-4c87-b755-ebde5a04203b:172.18.0.6:9858], old=null
datanode_1  | 2019-10-17 06:39:36,241 INFO server.GrpcServerProtocolService: dab83d4b-d6d6-4c87-b755-ebde5a04203b: Completed APPEND_ENTRIES, lastRequest: 3673a1b1-f2c4-4625-90fb-11d3da657287->dab83d4b-d6d6-4c87-b755-ebde5a04203b#0-t3, previous=(t:0, i:0), leaderCommit=-1, initializing? false, entries: <empty>
datanode_3  | 2019-10-17 06:39:36,154 INFO grpc.GrpcConfigKeys$Server: raft.grpc.server.leader.outstanding.appends.max = 128 (default)
