datanode_2    | 2019-10-17 06:38:02,424 INFO impl.LeaderElection: 2ed66f76-c730-44bd-a5bc-36031d127fd7@group-DD004F9EA29C-LeaderElection5: begin an election at term 17 for -1: [2ed66f76-c730-44bd-a5bc-36031d127fd7:172.18.0.4:9858, 4877ce03-c502-4d27-af0b-82304f052f61:172.18.0.2:9858, fa932c6c-1e43-4cda-95d8-28d6d2c8ff2f:172.18.0.7:9858], old=null
freon_1       | 2019-10-17 06:38:20,282 [pool-2-thread-8] INFO       - Creating Bucket: vol-8-86257/bucket-20-70946, with Versioning false and Storage Type set to DISK and Encryption set to false 
datanode_3    | 2019-10-17 06:37:57,490 INFO impl.RaftServerImpl: 4877ce03-c502-4d27-af0b-82304f052f61@group-DD004F9EA29C: changes role from  FOLLOWER to CANDIDATE at term 10 for changeToCandidate
grafana_1     | t=2019-10-17T06:38:15+0000 lvl=info msg="Executing migration" logger=migrator id="add unique index dashboard_acl_dashboard_id_user_id"
datanode_1    | 2019-10-17 06:37:56,650 INFO impl.RaftServerImpl: fa932c6c-1e43-4cda-95d8-28d6d2c8ff2f@group-DD004F9EA29C: changes role from  FOLLOWER to FOLLOWER at term 7 for recognizeCandidate:2ed66f76-c730-44bd-a5bc-36031d127fd7
freon_1       | 2019-10-17 06:38:20,282 [pool-2-thread-6] INFO       - Creating Bucket: vol-9-89799/bucket-20-12868, with Versioning false and Storage Type set to DISK and Encryption set to false 
datanode_2    | 2019-10-17 06:38:02,536 INFO impl.LeaderElection: 2ed66f76-c730-44bd-a5bc-36031d127fd7@group-DD004F9EA29C-LeaderElection5: Election TIMEOUT; received 0 response(s) [] and 0 exception(s); 2ed66f76-c730-44bd-a5bc-36031d127fd7@group-DD004F9EA29C:t17, leader=null, voted=2ed66f76-c730-44bd-a5bc-36031d127fd7, raftlog=2ed66f76-c730-44bd-a5bc-36031d127fd7@group-DD004F9EA29C-SegmentedRaftLog:OPENED:c-1,f-1,i0, conf=-1: [2ed66f76-c730-44bd-a5bc-36031d127fd7:172.18.0.4:9858, 4877ce03-c502-4d27-af0b-82304f052f61:172.18.0.2:9858, fa932c6c-1e43-4cda-95d8-28d6d2c8ff2f:172.18.0.7:9858], old=null
datanode_3    | 2019-10-17 06:37:57,490 INFO impl.RoleInfo: 4877ce03-c502-4d27-af0b-82304f052f61: start LeaderElection
grafana_1     | t=2019-10-17T06:38:15+0000 lvl=info msg="Executing migration" logger=migrator id="add unique index dashboard_acl_dashboard_id_team_id"
datanode_1    | 2019-10-17 06:37:56,650 INFO impl.RoleInfo: fa932c6c-1e43-4cda-95d8-28d6d2c8ff2f: shutdown FollowerState
freon_1       | 2019-10-17 06:38:20,287 [pool-2-thread-7] INFO       - Creating Bucket: vol-0-94157/bucket-21-00804, with Versioning false and Storage Type set to DISK and Encryption set to false 
datanode_2    | 2019-10-17 06:38:03,694 INFO impl.LeaderElection: 2ed66f76-c730-44bd-a5bc-36031d127fd7@group-DD004F9EA29C-LeaderElection5: begin an election at term 18 for -1: [2ed66f76-c730-44bd-a5bc-36031d127fd7:172.18.0.4:9858, 4877ce03-c502-4d27-af0b-82304f052f61:172.18.0.2:9858, fa932c6c-1e43-4cda-95d8-28d6d2c8ff2f:172.18.0.7:9858], old=null
datanode_3    | 2019-10-17 06:37:57,829 INFO impl.LeaderElection: 4877ce03-c502-4d27-af0b-82304f052f61@group-DD004F9EA29C-LeaderElection7: begin an election at term 11 for -1: [2ed66f76-c730-44bd-a5bc-36031d127fd7:172.18.0.4:9858, 4877ce03-c502-4d27-af0b-82304f052f61:172.18.0.2:9858, fa932c6c-1e43-4cda-95d8-28d6d2c8ff2f:172.18.0.7:9858], old=null
grafana_1     | t=2019-10-17T06:38:15+0000 lvl=info msg="Executing migration" logger=migrator id="save default acl rules in dashboard_acl table"
datanode_1    | 2019-10-17 06:37:56,650 INFO impl.RoleInfo: fa932c6c-1e43-4cda-95d8-28d6d2c8ff2f: start FollowerState
freon_1       | 2019-10-17 06:38:20,287 [pool-2-thread-8] INFO       - Creating Bucket: vol-1-59225/bucket-21-41728, with Versioning false and Storage Type set to DISK and Encryption set to false 
datanode_2    | 2019-10-17 06:38:03,861 INFO impl.LeaderElection: 2ed66f76-c730-44bd-a5bc-36031d127fd7@group-DD004F9EA29C-LeaderElection5: Election TIMEOUT; received 0 response(s) [] and 0 exception(s); 2ed66f76-c730-44bd-a5bc-36031d127fd7@group-DD004F9EA29C:t18, leader=null, voted=2ed66f76-c730-44bd-a5bc-36031d127fd7, raftlog=2ed66f76-c730-44bd-a5bc-36031d127fd7@group-DD004F9EA29C-SegmentedRaftLog:OPENED:c-1,f-1,i0, conf=-1: [2ed66f76-c730-44bd-a5bc-36031d127fd7:172.18.0.4:9858, 4877ce03-c502-4d27-af0b-82304f052f61:172.18.0.2:9858, fa932c6c-1e43-4cda-95d8-28d6d2c8ff2f:172.18.0.7:9858], old=null
datanode_3    | 2019-10-17 06:37:57,903 INFO impl.LeaderElection: 4877ce03-c502-4d27-af0b-82304f052f61@group-DD004F9EA29C-LeaderElection7: Election TIMEOUT; received 1 response(s) [4877ce03-c502-4d27-af0b-82304f052f61<-2ed66f76-c730-44bd-a5bc-36031d127fd7#0:FAIL-t11] and 0 exception(s); 4877ce03-c502-4d27-af0b-82304f052f61@group-DD004F9EA29C:t11, leader=null, voted=4877ce03-c502-4d27-af0b-82304f052f61, raftlog=4877ce03-c502-4d27-af0b-82304f052f61@group-DD004F9EA29C-SegmentedRaftLog:OPENED:c-1,f-1,i0, conf=-1: [2ed66f76-c730-44bd-a5bc-36031d127fd7:172.18.0.4:9858, 4877ce03-c502-4d27-af0b-82304f052f61:172.18.0.2:9858, fa932c6c-1e43-4cda-95d8-28d6d2c8ff2f:172.18.0.7:9858], old=null
grafana_1     | t=2019-10-17T06:38:15+0000 lvl=info msg="Executing migration" logger=migrator id="create tag table"
datanode_1    | 2019-10-17 06:37:56,650 INFO impl.FollowerState: fa932c6c-1e43-4cda-95d8-28d6d2c8ff2f@group-DD004F9EA29C-FollowerState was interrupted: java.lang.InterruptedException: sleep interrupted
freon_1       | 2019-10-17 06:38:20,288 [pool-2-thread-1] INFO       - Creating Bucket: vol-2-33268/bucket-21-02763, with Versioning false and Storage Type set to DISK and Encryption set to false 
datanode_2    | 2019-10-17 06:38:05,847 INFO impl.LeaderElection: 2ed66f76-c730-44bd-a5bc-36031d127fd7@group-DD004F9EA29C-LeaderElection5: begin an election at term 19 for -1: [2ed66f76-c730-44bd-a5bc-36031d127fd7:172.18.0.4:9858, 4877ce03-c502-4d27-af0b-82304f052f61:172.18.0.2:9858, fa932c6c-1e43-4cda-95d8-28d6d2c8ff2f:172.18.0.7:9858], old=null
datanode_3    | 2019-10-17 06:37:58,264 INFO impl.LeaderElection: 4877ce03-c502-4d27-af0b-82304f052f61@group-DD004F9EA29C-LeaderElection7: begin an election at term 12 for -1: [2ed66f76-c730-44bd-a5bc-36031d127fd7:172.18.0.4:9858, 4877ce03-c502-4d27-af0b-82304f052f61:172.18.0.2:9858, fa932c6c-1e43-4cda-95d8-28d6d2c8ff2f:172.18.0.7:9858], old=null
grafana_1     | t=2019-10-17T06:38:15+0000 lvl=info msg="Executing migration" logger=migrator id="add index tag.key_value"
datanode_1    | 2019-10-17 06:37:56,713 INFO impl.RaftServerImpl: fa932c6c-1e43-4cda-95d8-28d6d2c8ff2f@group-DD004F9EA29C: changes role from  FOLLOWER to FOLLOWER at term 8 for recognizeCandidate:2ed66f76-c730-44bd-a5bc-36031d127fd7
freon_1       | 2019-10-17 06:38:20,289 [pool-2-thread-5] INFO       - Creating Bucket: vol-3-33412/bucket-21-73221, with Versioning false and Storage Type set to DISK and Encryption set to false 
datanode_2    | 2019-10-17 06:38:05,884 INFO impl.LeaderElection: 2ed66f76-c730-44bd-a5bc-36031d127fd7@group-DD004F9EA29C-LeaderElection5: Election TIMEOUT; received 0 response(s) [] and 0 exception(s); 2ed66f76-c730-44bd-a5bc-36031d127fd7@group-DD004F9EA29C:t19, leader=null, voted=2ed66f76-c730-44bd-a5bc-36031d127fd7, raftlog=2ed66f76-c730-44bd-a5bc-36031d127fd7@group-DD004F9EA29C-SegmentedRaftLog:OPENED:c-1,f-1,i0, conf=-1: [2ed66f76-c730-44bd-a5bc-36031d127fd7:172.18.0.4:9858, 4877ce03-c502-4d27-af0b-82304f052f61:172.18.0.2:9858, fa932c6c-1e43-4cda-95d8-28d6d2c8ff2f:172.18.0.7:9858], old=null
datanode_3    | 2019-10-17 06:37:58,373 INFO impl.LeaderElection: 4877ce03-c502-4d27-af0b-82304f052f61@group-DD004F9EA29C-LeaderElection7: Election TIMEOUT; received 1 response(s) [4877ce03-c502-4d27-af0b-82304f052f61<-2ed66f76-c730-44bd-a5bc-36031d127fd7#0:FAIL-t12] and 0 exception(s); 4877ce03-c502-4d27-af0b-82304f052f61@group-DD004F9EA29C:t12, leader=null, voted=4877ce03-c502-4d27-af0b-82304f052f61, raftlog=4877ce03-c502-4d27-af0b-82304f052f61@group-DD004F9EA29C-SegmentedRaftLog:OPENED:c-1,f-1,i0, conf=-1: [2ed66f76-c730-44bd-a5bc-36031d127fd7:172.18.0.4:9858, 4877ce03-c502-4d27-af0b-82304f052f61:172.18.0.2:9858, fa932c6c-1e43-4cda-95d8-28d6d2c8ff2f:172.18.0.7:9858], old=null
grafana_1     | t=2019-10-17T06:38:16+0000 lvl=info msg="Executing migration" logger=migrator id="create login attempt table"
datanode_1    | 2019-10-17 06:37:56,713 INFO impl.RoleInfo: fa932c6c-1e43-4cda-95d8-28d6d2c8ff2f: shutdown FollowerState
freon_1       | 2019-10-17 06:38:20,291 [pool-2-thread-9] INFO       - Creating Bucket: vol-4-96237/bucket-21-85285, with Versioning false and Storage Type set to DISK and Encryption set to false 
datanode_2    | 2019-10-17 06:38:12,023 INFO impl.LeaderElection: 2ed66f76-c730-44bd-a5bc-36031d127fd7@group-DD004F9EA29C-LeaderElection5: begin an election at term 20 for -1: [2ed66f76-c730-44bd-a5bc-36031d127fd7:172.18.0.4:9858, 4877ce03-c502-4d27-af0b-82304f052f61:172.18.0.2:9858, fa932c6c-1e43-4cda-95d8-28d6d2c8ff2f:172.18.0.7:9858], old=null
datanode_3    | 2019-10-17 06:37:58,593 INFO impl.LeaderElection: 4877ce03-c502-4d27-af0b-82304f052f61@group-DD004F9EA29C-LeaderElection7: begin an election at term 13 for -1: [2ed66f76-c730-44bd-a5bc-36031d127fd7:172.18.0.4:9858, 4877ce03-c502-4d27-af0b-82304f052f61:172.18.0.2:9858, fa932c6c-1e43-4cda-95d8-28d6d2c8ff2f:172.18.0.7:9858], old=null
grafana_1     | t=2019-10-17T06:38:16+0000 lvl=info msg="Executing migration" logger=migrator id="add index login_attempt.username"
datanode_1    | 2019-10-17 06:37:56,714 INFO impl.FollowerState: fa932c6c-1e43-4cda-95d8-28d6d2c8ff2f@group-DD004F9EA29C-FollowerState was interrupted: java.lang.InterruptedException: sleep interrupted
freon_1       | 2019-10-17 06:38:20,291 [pool-2-thread-3] INFO       - Creating Bucket: vol-5-58324/bucket-21-56299, with Versioning false and Storage Type set to DISK and Encryption set to false 
datanode_2    | 2019-10-17 06:38:12,196 INFO impl.LeaderElection: 2ed66f76-c730-44bd-a5bc-36031d127fd7@group-DD004F9EA29C-LeaderElection5: Election TIMEOUT; received 0 response(s) [] and 0 exception(s); 2ed66f76-c730-44bd-a5bc-36031d127fd7@group-DD004F9EA29C:t20, leader=null, voted=2ed66f76-c730-44bd-a5bc-36031d127fd7, raftlog=2ed66f76-c730-44bd-a5bc-36031d127fd7@group-DD004F9EA29C-SegmentedRaftLog:OPENED:c-1,f-1,i0, conf=-1: [2ed66f76-c730-44bd-a5bc-36031d127fd7:172.18.0.4:9858, 4877ce03-c502-4d27-af0b-82304f052f61:172.18.0.2:9858, fa932c6c-1e43-4cda-95d8-28d6d2c8ff2f:172.18.0.7:9858], old=null
datanode_3    | 2019-10-17 06:37:58,685 INFO impl.LeaderElection: 4877ce03-c502-4d27-af0b-82304f052f61@group-DD004F9EA29C-LeaderElection7: Election TIMEOUT; received 1 response(s) [4877ce03-c502-4d27-af0b-82304f052f61<-2ed66f76-c730-44bd-a5bc-36031d127fd7#0:FAIL-t13] and 0 exception(s); 4877ce03-c502-4d27-af0b-82304f052f61@group-DD004F9EA29C:t13, leader=null, voted=4877ce03-c502-4d27-af0b-82304f052f61, raftlog=4877ce03-c502-4d27-af0b-82304f052f61@group-DD004F9EA29C-SegmentedRaftLog:OPENED:c-1,f-1,i0, conf=-1: [2ed66f76-c730-44bd-a5bc-36031d127fd7:172.18.0.4:9858, 4877ce03-c502-4d27-af0b-82304f052f61:172.18.0.2:9858, fa932c6c-1e43-4cda-95d8-28d6d2c8ff2f:172.18.0.7:9858], old=null
datanode_1    | 2019-10-17 06:37:56,714 INFO impl.RoleInfo: fa932c6c-1e43-4cda-95d8-28d6d2c8ff2f: start FollowerState
grafana_1     | t=2019-10-17T06:38:16+0000 lvl=info msg="Executing migration" logger=migrator id="drop index IDX_login_attempt_username - v1"
freon_1       | 2019-10-17 06:38:20,291 [pool-2-thread-10] INFO       - Creating Bucket: vol-6-36658/bucket-21-99836, with Versioning false and Storage Type set to DISK and Encryption set to false 
datanode_2    | 2019-10-17 06:38:12,262 INFO impl.LeaderElection: 2ed66f76-c730-44bd-a5bc-36031d127fd7@group-DD004F9EA29C-LeaderElection5: begin an election at term 21 for -1: [2ed66f76-c730-44bd-a5bc-36031d127fd7:172.18.0.4:9858, 4877ce03-c502-4d27-af0b-82304f052f61:172.18.0.2:9858, fa932c6c-1e43-4cda-95d8-28d6d2c8ff2f:172.18.0.7:9858], old=null
datanode_3    | 2019-10-17 06:37:59,150 INFO impl.LeaderElection: 4877ce03-c502-4d27-af0b-82304f052f61@group-DD004F9EA29C-LeaderElection7: begin an election at term 14 for -1: [2ed66f76-c730-44bd-a5bc-36031d127fd7:172.18.0.4:9858, 4877ce03-c502-4d27-af0b-82304f052f61:172.18.0.2:9858, fa932c6c-1e43-4cda-95d8-28d6d2c8ff2f:172.18.0.7:9858], old=null
datanode_1    | 2019-10-17 06:37:56,756 INFO impl.RaftServerImpl: fa932c6c-1e43-4cda-95d8-28d6d2c8ff2f@group-DD004F9EA29C: changes role from  FOLLOWER to FOLLOWER at term 8 for recognizeCandidate:4877ce03-c502-4d27-af0b-82304f052f61
grafana_1     | t=2019-10-17T06:38:16+0000 lvl=info msg="Executing migration" logger=migrator id="Rename table login_attempt to login_attempt_tmp_qwerty - v1"
freon_1       | 2019-10-17 06:38:20,293 [pool-2-thread-2] INFO       - Creating Bucket: vol-7-84693/bucket-21-53871, with Versioning false and Storage Type set to DISK and Encryption set to false 
datanode_2    | 2019-10-17 06:38:12,328 INFO impl.LeaderElection: 2ed66f76-c730-44bd-a5bc-36031d127fd7@group-DD004F9EA29C-LeaderElection5: Election TIMEOUT; received 0 response(s) [] and 0 exception(s); 2ed66f76-c730-44bd-a5bc-36031d127fd7@group-DD004F9EA29C:t21, leader=null, voted=2ed66f76-c730-44bd-a5bc-36031d127fd7, raftlog=2ed66f76-c730-44bd-a5bc-36031d127fd7@group-DD004F9EA29C-SegmentedRaftLog:OPENED:c-1,f-1,i0, conf=-1: [2ed66f76-c730-44bd-a5bc-36031d127fd7:172.18.0.4:9858, 4877ce03-c502-4d27-af0b-82304f052f61:172.18.0.2:9858, fa932c6c-1e43-4cda-95d8-28d6d2c8ff2f:172.18.0.7:9858], old=null
datanode_3    | 2019-10-17 06:37:59,198 INFO impl.LeaderElection: 4877ce03-c502-4d27-af0b-82304f052f61@group-DD004F9EA29C-LeaderElection7: Election REJECTED; received 2 response(s) [4877ce03-c502-4d27-af0b-82304f052f61<-2ed66f76-c730-44bd-a5bc-36031d127fd7#0:FAIL-t14, 4877ce03-c502-4d27-af0b-82304f052f61<-fa932c6c-1e43-4cda-95d8-28d6d2c8ff2f#0:FAIL-t14] and 0 exception(s); 4877ce03-c502-4d27-af0b-82304f052f61@group-DD004F9EA29C:t14, leader=null, voted=4877ce03-c502-4d27-af0b-82304f052f61, raftlog=4877ce03-c502-4d27-af0b-82304f052f61@group-DD004F9EA29C-SegmentedRaftLog:OPENED:c-1,f-1,i0, conf=-1: [2ed66f76-c730-44bd-a5bc-36031d127fd7:172.18.0.4:9858, 4877ce03-c502-4d27-af0b-82304f052f61:172.18.0.2:9858, fa932c6c-1e43-4cda-95d8-28d6d2c8ff2f:172.18.0.7:9858], old=null
datanode_1    | 2019-10-17 06:37:56,757 INFO impl.RoleInfo: fa932c6c-1e43-4cda-95d8-28d6d2c8ff2f: shutdown FollowerState
grafana_1     | t=2019-10-17T06:38:16+0000 lvl=info msg="Executing migration" logger=migrator id="create login_attempt v2"
freon_1       | 2019-10-17 06:38:20,293 [pool-2-thread-6] INFO       - Creating Bucket: vol-8-86257/bucket-21-38749, with Versioning false and Storage Type set to DISK and Encryption set to false 
datanode_2    | 2019-10-17 06:38:12,366 INFO impl.LeaderElection: 2ed66f76-c730-44bd-a5bc-36031d127fd7@group-DD004F9EA29C-LeaderElection5: begin an election at term 22 for -1: [2ed66f76-c730-44bd-a5bc-36031d127fd7:172.18.0.4:9858, 4877ce03-c502-4d27-af0b-82304f052f61:172.18.0.2:9858, fa932c6c-1e43-4cda-95d8-28d6d2c8ff2f:172.18.0.7:9858], old=null
datanode_3    | 2019-10-17 06:37:59,199 INFO impl.RaftServerImpl: 4877ce03-c502-4d27-af0b-82304f052f61@group-DD004F9EA29C: changes role from CANDIDATE to FOLLOWER at term 14 for DISCOVERED_A_NEW_TERM
datanode_1    | 2019-10-17 06:37:56,757 INFO impl.RoleInfo: fa932c6c-1e43-4cda-95d8-28d6d2c8ff2f: start FollowerState
grafana_1     | t=2019-10-17T06:38:16+0000 lvl=info msg="Executing migration" logger=migrator id="create index IDX_login_attempt_username - v2"
freon_1       | 2019-10-17 06:38:20,297 [pool-2-thread-4] INFO       - Creating Bucket: vol-9-89799/bucket-21-26741, with Versioning false and Storage Type set to DISK and Encryption set to false 
datanode_2    | 2019-10-17 06:38:12,436 INFO impl.LeaderElection: 2ed66f76-c730-44bd-a5bc-36031d127fd7@group-DD004F9EA29C-LeaderElection5: Election TIMEOUT; received 0 response(s) [] and 0 exception(s); 2ed66f76-c730-44bd-a5bc-36031d127fd7@group-DD004F9EA29C:t22, leader=null, voted=2ed66f76-c730-44bd-a5bc-36031d127fd7, raftlog=2ed66f76-c730-44bd-a5bc-36031d127fd7@group-DD004F9EA29C-SegmentedRaftLog:OPENED:c-1,f-1,i0, conf=-1: [2ed66f76-c730-44bd-a5bc-36031d127fd7:172.18.0.4:9858, 4877ce03-c502-4d27-af0b-82304f052f61:172.18.0.2:9858, fa932c6c-1e43-4cda-95d8-28d6d2c8ff2f:172.18.0.7:9858], old=null
datanode_3    | 2019-10-17 06:37:59,200 INFO impl.RoleInfo: 4877ce03-c502-4d27-af0b-82304f052f61: shutdown LeaderElection
datanode_1    | 2019-10-17 06:37:56,757 INFO impl.FollowerState: fa932c6c-1e43-4cda-95d8-28d6d2c8ff2f@group-DD004F9EA29C-FollowerState was interrupted: java.lang.InterruptedException: sleep interrupted
grafana_1     | t=2019-10-17T06:38:16+0000 lvl=info msg="Executing migration" logger=migrator id="copy login_attempt v1 to v2"
freon_1       | 2019-10-17 06:38:20,306 [pool-2-thread-1] INFO       - Creating Bucket: vol-0-94157/bucket-22-33658, with Versioning false and Storage Type set to DISK and Encryption set to false 
datanode_2    | 2019-10-17 06:38:12,495 INFO impl.LeaderElection: 2ed66f76-c730-44bd-a5bc-36031d127fd7@group-DD004F9EA29C-LeaderElection5: begin an election at term 23 for -1: [2ed66f76-c730-44bd-a5bc-36031d127fd7:172.18.0.4:9858, 4877ce03-c502-4d27-af0b-82304f052f61:172.18.0.2:9858, fa932c6c-1e43-4cda-95d8-28d6d2c8ff2f:172.18.0.7:9858], old=null
datanode_3    | 2019-10-17 06:37:59,200 INFO impl.RoleInfo: 4877ce03-c502-4d27-af0b-82304f052f61: start FollowerState
datanode_1    | 2019-10-17 06:37:57,212 INFO impl.RaftServerImpl: fa932c6c-1e43-4cda-95d8-28d6d2c8ff2f@group-DD004F9EA29C: changes role from  FOLLOWER to FOLLOWER at term 9 for recognizeCandidate:2ed66f76-c730-44bd-a5bc-36031d127fd7
grafana_1     | t=2019-10-17T06:38:17+0000 lvl=info msg="Executing migration" logger=migrator id="drop login_attempt_tmp_qwerty"
freon_1       | 2019-10-17 06:38:20,306 [pool-2-thread-8] INFO       - Creating Bucket: vol-1-59225/bucket-22-71749, with Versioning false and Storage Type set to DISK and Encryption set to false 
datanode_2    | 2019-10-17 06:38:12,562 INFO impl.LeaderElection: 2ed66f76-c730-44bd-a5bc-36031d127fd7@group-DD004F9EA29C-LeaderElection5: Election REJECTED; received 2 response(s) [2ed66f76-c730-44bd-a5bc-36031d127fd7<-4877ce03-c502-4d27-af0b-82304f052f61#0:FAIL-t23, 2ed66f76-c730-44bd-a5bc-36031d127fd7<-fa932c6c-1e43-4cda-95d8-28d6d2c8ff2f#0:FAIL-t23] and 0 exception(s); 2ed66f76-c730-44bd-a5bc-36031d127fd7@group-DD004F9EA29C:t23, leader=null, voted=2ed66f76-c730-44bd-a5bc-36031d127fd7, raftlog=2ed66f76-c730-44bd-a5bc-36031d127fd7@group-DD004F9EA29C-SegmentedRaftLog:OPENED:c-1,f-1,i0, conf=-1: [2ed66f76-c730-44bd-a5bc-36031d127fd7:172.18.0.4:9858, 4877ce03-c502-4d27-af0b-82304f052f61:172.18.0.2:9858, fa932c6c-1e43-4cda-95d8-28d6d2c8ff2f:172.18.0.7:9858], old=null
datanode_3    | 2019-10-17 06:37:59,212 INFO impl.RaftServerImpl: 4877ce03-c502-4d27-af0b-82304f052f61@group-DD004F9EA29C: changes role from  FOLLOWER to FOLLOWER at term 15 for recognizeCandidate:2ed66f76-c730-44bd-a5bc-36031d127fd7
datanode_1    | 2019-10-17 06:37:57,212 INFO impl.RoleInfo: fa932c6c-1e43-4cda-95d8-28d6d2c8ff2f: shutdown FollowerState
grafana_1     | t=2019-10-17T06:38:17+0000 lvl=info msg="Executing migration" logger=migrator id="create user auth table"
datanode_2    | 2019-10-17 06:38:12,563 INFO impl.RaftServerImpl: 2ed66f76-c730-44bd-a5bc-36031d127fd7@group-DD004F9EA29C: changes role from CANDIDATE to FOLLOWER at term 23 for DISCOVERED_A_NEW_TERM
freon_1       | 2019-10-17 06:38:20,307 [pool-2-thread-5] INFO       - Creating Bucket: vol-2-33268/bucket-22-18209, with Versioning false and Storage Type set to DISK and Encryption set to false 
datanode_3    | 2019-10-17 06:37:59,213 INFO impl.RoleInfo: 4877ce03-c502-4d27-af0b-82304f052f61: shutdown FollowerState
datanode_1    | 2019-10-17 06:37:57,212 INFO impl.FollowerState: fa932c6c-1e43-4cda-95d8-28d6d2c8ff2f@group-DD004F9EA29C-FollowerState was interrupted: java.lang.InterruptedException: sleep interrupted
grafana_1     | t=2019-10-17T06:38:17+0000 lvl=info msg="Executing migration" logger=migrator id="create index IDX_user_auth_auth_module_auth_id - v1"
datanode_2    | 2019-10-17 06:38:12,563 INFO impl.RoleInfo: 2ed66f76-c730-44bd-a5bc-36031d127fd7: shutdown LeaderElection
freon_1       | 2019-10-17 06:38:20,308 [pool-2-thread-3] INFO       - Creating Bucket: vol-3-33412/bucket-22-19908, with Versioning false and Storage Type set to DISK and Encryption set to false 
datanode_3    | 2019-10-17 06:37:59,213 INFO impl.RoleInfo: 4877ce03-c502-4d27-af0b-82304f052f61: start FollowerState
datanode_1    | 2019-10-17 06:37:57,212 INFO impl.RoleInfo: fa932c6c-1e43-4cda-95d8-28d6d2c8ff2f: start FollowerState
grafana_1     | t=2019-10-17T06:38:17+0000 lvl=info msg="Executing migration" logger=migrator id="alter user_auth.auth_id to length 190"
datanode_2    | 2019-10-17 06:38:12,563 INFO impl.RoleInfo: 2ed66f76-c730-44bd-a5bc-36031d127fd7: start FollowerState
freon_1       | 2019-10-17 06:38:20,308 [pool-2-thread-10] INFO       - Creating Bucket: vol-4-96237/bucket-22-12682, with Versioning false and Storage Type set to DISK and Encryption set to false 
datanode_3    | 2019-10-17 06:37:59,213 INFO impl.FollowerState: 4877ce03-c502-4d27-af0b-82304f052f61@group-DD004F9EA29C-FollowerState was interrupted: java.lang.InterruptedException: sleep interrupted
datanode_1    | 2019-10-17 06:37:57,288 INFO impl.RaftServerImpl: fa932c6c-1e43-4cda-95d8-28d6d2c8ff2f@group-DD004F9EA29C: changes role from  FOLLOWER to FOLLOWER at term 9 for recognizeCandidate:4877ce03-c502-4d27-af0b-82304f052f61
grafana_1     | t=2019-10-17T06:38:17+0000 lvl=info msg="Executing migration" logger=migrator id="Add OAuth access token to user_auth"
datanode_2    | 2019-10-17 06:38:12,670 INFO impl.RaftServerImpl: 2ed66f76-c730-44bd-a5bc-36031d127fd7@group-DD004F9EA29C: changes role from  FOLLOWER to FOLLOWER at term 24 for recognizeCandidate:4877ce03-c502-4d27-af0b-82304f052f61
freon_1       | 2019-10-17 06:38:20,309 [pool-2-thread-7] INFO       - Creating Bucket: vol-5-58324/bucket-22-40903, with Versioning false and Storage Type set to DISK and Encryption set to false 
datanode_3    | 2019-10-17 06:38:00,120 INFO impl.FollowerState: 4877ce03-c502-4d27-af0b-82304f052f61@group-DD004F9EA29C-FollowerState: change to CANDIDATE, lastRpcTime:907ms, electionTimeout:162ms
datanode_1    | 2019-10-17 06:37:57,288 INFO impl.RoleInfo: fa932c6c-1e43-4cda-95d8-28d6d2c8ff2f: shutdown FollowerState
grafana_1     | t=2019-10-17T06:38:17+0000 lvl=info msg="Executing migration" logger=migrator id="Add OAuth refresh token to user_auth"
datanode_2    | 2019-10-17 06:38:12,670 INFO impl.RoleInfo: 2ed66f76-c730-44bd-a5bc-36031d127fd7: shutdown FollowerState
freon_1       | 2019-10-17 06:38:20,310 [pool-2-thread-6] INFO       - Creating Bucket: vol-6-36658/bucket-22-58309, with Versioning false and Storage Type set to DISK and Encryption set to false 
datanode_3    | 2019-10-17 06:38:00,121 INFO impl.RoleInfo: 4877ce03-c502-4d27-af0b-82304f052f61: shutdown FollowerState
datanode_1    | 2019-10-17 06:37:57,288 INFO impl.RoleInfo: fa932c6c-1e43-4cda-95d8-28d6d2c8ff2f: start FollowerState
grafana_1     | t=2019-10-17T06:38:17+0000 lvl=info msg="Executing migration" logger=migrator id="Add OAuth token type to user_auth"
datanode_2    | 2019-10-17 06:38:12,670 INFO impl.FollowerState: 2ed66f76-c730-44bd-a5bc-36031d127fd7@group-DD004F9EA29C-FollowerState was interrupted: java.lang.InterruptedException: sleep interrupted
freon_1       | 2019-10-17 06:38:20,311 [pool-2-thread-2] INFO       - Creating Bucket: vol-7-84693/bucket-22-25346, with Versioning false and Storage Type set to DISK and Encryption set to false 
datanode_3    | 2019-10-17 06:38:00,121 INFO impl.RaftServerImpl: 4877ce03-c502-4d27-af0b-82304f052f61@group-DD004F9EA29C: changes role from  FOLLOWER to CANDIDATE at term 15 for changeToCandidate
datanode_1    | 2019-10-17 06:37:57,288 INFO impl.FollowerState: fa932c6c-1e43-4cda-95d8-28d6d2c8ff2f@group-DD004F9EA29C-FollowerState was interrupted: java.lang.InterruptedException: sleep interrupted
grafana_1     | t=2019-10-17T06:38:17+0000 lvl=info msg="Executing migration" logger=migrator id="Add OAuth expiry to user_auth"
freon_1       | 2019-10-17 06:38:20,316 [pool-2-thread-4] INFO       - Creating Bucket: vol-8-86257/bucket-22-21095, with Versioning false and Storage Type set to DISK and Encryption set to false 
datanode_2    | 2019-10-17 06:38:12,670 INFO impl.RoleInfo: 2ed66f76-c730-44bd-a5bc-36031d127fd7: start FollowerState
datanode_3    | 2019-10-17 06:38:00,121 INFO impl.RoleInfo: 4877ce03-c502-4d27-af0b-82304f052f61: start LeaderElection
datanode_1    | 2019-10-17 06:37:57,304 INFO impl.RaftServerImpl: fa932c6c-1e43-4cda-95d8-28d6d2c8ff2f@group-DD004F9EA29C: changes role from  FOLLOWER to FOLLOWER at term 10 for recognizeCandidate:2ed66f76-c730-44bd-a5bc-36031d127fd7
grafana_1     | t=2019-10-17T06:38:17+0000 lvl=info msg="Executing migration" logger=migrator id="Add index to user_id column in user_auth"
freon_1       | 2019-10-17 06:38:20,319 [pool-2-thread-10] INFO       - Creating Bucket: vol-9-89799/bucket-22-00106, with Versioning false and Storage Type set to DISK and Encryption set to false 
datanode_2    | 2019-10-17 06:38:12,704 INFO impl.FollowerState: 2ed66f76-c730-44bd-a5bc-36031d127fd7@group-DD004F9EA29C-FollowerState: change to CANDIDATE, lastRpcTime:34ms, electionTimeout:4ms
datanode_3    | 2019-10-17 06:38:02,424 INFO impl.LeaderElection: 4877ce03-c502-4d27-af0b-82304f052f61@group-DD004F9EA29C-LeaderElection8: begin an election at term 16 for -1: [2ed66f76-c730-44bd-a5bc-36031d127fd7:172.18.0.4:9858, 4877ce03-c502-4d27-af0b-82304f052f61:172.18.0.2:9858, fa932c6c-1e43-4cda-95d8-28d6d2c8ff2f:172.18.0.7:9858], old=null
datanode_1    | 2019-10-17 06:37:57,304 INFO impl.RoleInfo: fa932c6c-1e43-4cda-95d8-28d6d2c8ff2f: shutdown FollowerState
grafana_1     | t=2019-10-17T06:38:17+0000 lvl=info msg="Executing migration" logger=migrator id="create server_lock table"
datanode_2    | 2019-10-17 06:38:12,705 INFO impl.RoleInfo: 2ed66f76-c730-44bd-a5bc-36031d127fd7: shutdown FollowerState
freon_1       | 2019-10-17 06:38:20,320 [pool-2-thread-7] INFO       - Creating Bucket: vol-0-94157/bucket-23-54412, with Versioning false and Storage Type set to DISK and Encryption set to false 
datanode_3    | 2019-10-17 06:38:02,448 INFO impl.RaftServerImpl: 4877ce03-c502-4d27-af0b-82304f052f61@group-DD004F9EA29C: changes role from CANDIDATE to FOLLOWER at term 17 for recognizeCandidate:2ed66f76-c730-44bd-a5bc-36031d127fd7
datanode_1    | 2019-10-17 06:37:57,304 INFO impl.FollowerState: fa932c6c-1e43-4cda-95d8-28d6d2c8ff2f@group-DD004F9EA29C-FollowerState was interrupted: java.lang.InterruptedException: sleep interrupted
grafana_1     | t=2019-10-17T06:38:17+0000 lvl=info msg="Executing migration" logger=migrator id="add index server_lock.operation_uid"
datanode_2    | 2019-10-17 06:38:12,705 INFO impl.RaftServerImpl: 2ed66f76-c730-44bd-a5bc-36031d127fd7@group-DD004F9EA29C: changes role from  FOLLOWER to CANDIDATE at term 24 for changeToCandidate
freon_1       | 2019-10-17 06:38:20,322 [pool-2-thread-9] INFO       - Creating Bucket: vol-1-59225/bucket-23-87401, with Versioning false and Storage Type set to DISK and Encryption set to false 
datanode_3    | 2019-10-17 06:38:02,448 INFO impl.RoleInfo: 4877ce03-c502-4d27-af0b-82304f052f61: shutdown LeaderElection
datanode_1    | 2019-10-17 06:37:57,304 INFO impl.RoleInfo: fa932c6c-1e43-4cda-95d8-28d6d2c8ff2f: start FollowerState
grafana_1     | t=2019-10-17T06:38:17+0000 lvl=info msg="Executing migration" logger=migrator id="create user auth token table"
freon_1       | 2019-10-17 06:38:20,323 [pool-2-thread-6] INFO       - Creating Bucket: vol-2-33268/bucket-23-48338, with Versioning false and Storage Type set to DISK and Encryption set to false 
datanode_3    | 2019-10-17 06:38:02,449 INFO impl.RoleInfo: 4877ce03-c502-4d27-af0b-82304f052f61: start FollowerState
datanode_2    | 2019-10-17 06:38:12,705 INFO impl.RoleInfo: 2ed66f76-c730-44bd-a5bc-36031d127fd7: start LeaderElection
datanode_1    | 2019-10-17 06:37:57,849 INFO impl.RaftServerImpl: fa932c6c-1e43-4cda-95d8-28d6d2c8ff2f@group-DD004F9EA29C: changes role from  FOLLOWER to FOLLOWER at term 11 for recognizeCandidate:4877ce03-c502-4d27-af0b-82304f052f61
grafana_1     | t=2019-10-17T06:38:17+0000 lvl=info msg="Executing migration" logger=migrator id="add unique index user_auth_token.auth_token"
freon_1       | 2019-10-17 06:38:20,323 [pool-2-thread-1] INFO       - Creating Bucket: vol-3-33412/bucket-23-78818, with Versioning false and Storage Type set to DISK and Encryption set to false 
datanode_3    | 2019-10-17 06:38:02,454 INFO impl.LeaderElection: 4877ce03-c502-4d27-af0b-82304f052f61@group-DD004F9EA29C-LeaderElection8: Election DISCOVERED_A_NEW_TERM; received 1 response(s) [4877ce03-c502-4d27-af0b-82304f052f61<-2ed66f76-c730-44bd-a5bc-36031d127fd7#0:FAIL-t17] and 0 exception(s); 4877ce03-c502-4d27-af0b-82304f052f61@group-DD004F9EA29C:t17, leader=null, voted=null, raftlog=4877ce03-c502-4d27-af0b-82304f052f61@group-DD004F9EA29C-SegmentedRaftLog:OPENED:c-1,f-1,i0, conf=-1: [2ed66f76-c730-44bd-a5bc-36031d127fd7:172.18.0.4:9858, 4877ce03-c502-4d27-af0b-82304f052f61:172.18.0.2:9858, fa932c6c-1e43-4cda-95d8-28d6d2c8ff2f:172.18.0.7:9858], old=null
datanode_2    | 2019-10-17 06:38:12,755 INFO impl.LeaderElection: 2ed66f76-c730-44bd-a5bc-36031d127fd7@group-DD004F9EA29C-LeaderElection6: begin an election at term 25 for -1: [2ed66f76-c730-44bd-a5bc-36031d127fd7:172.18.0.4:9858, 4877ce03-c502-4d27-af0b-82304f052f61:172.18.0.2:9858, fa932c6c-1e43-4cda-95d8-28d6d2c8ff2f:172.18.0.7:9858], old=null
datanode_1    | 2019-10-17 06:37:57,850 INFO impl.RoleInfo: fa932c6c-1e43-4cda-95d8-28d6d2c8ff2f: shutdown FollowerState
grafana_1     | t=2019-10-17T06:38:18+0000 lvl=info msg="Executing migration" logger=migrator id="add unique index user_auth_token.prev_auth_token"
datanode_3    | 2019-10-17 06:38:03,694 INFO impl.FollowerState: 4877ce03-c502-4d27-af0b-82304f052f61@group-DD004F9EA29C-FollowerState: change to CANDIDATE, lastRpcTime:1245ms, electionTimeout:36ms
freon_1       | 2019-10-17 06:38:20,324 [pool-2-thread-8] INFO       - Creating Bucket: vol-4-96237/bucket-23-00910, with Versioning false and Storage Type set to DISK and Encryption set to false 
datanode_2    | 2019-10-17 06:38:12,784 INFO server.GrpcServerProtocolService: 2ed66f76-c730-44bd-a5bc-36031d127fd7: Completed APPEND_ENTRIES, lastRequest: 4877ce03-c502-4d27-af0b-82304f052f61->2ed66f76-c730-44bd-a5bc-36031d127fd7#0-t24, previous=(t:0, i:0), leaderCommit=-1, initializing? false, entries: <empty>
datanode_1    | 2019-10-17 06:37:57,850 INFO impl.RoleInfo: fa932c6c-1e43-4cda-95d8-28d6d2c8ff2f: start FollowerState
grafana_1     | t=2019-10-17T06:38:18+0000 lvl=info msg="Executing migration" logger=migrator id="create cache_data table"
datanode_3    | 2019-10-17 06:38:03,695 INFO impl.RoleInfo: 4877ce03-c502-4d27-af0b-82304f052f61: shutdown FollowerState
freon_1       | 2019-10-17 06:38:20,327 [pool-2-thread-3] INFO       - Creating Bucket: vol-5-58324/bucket-23-17613, with Versioning false and Storage Type set to DISK and Encryption set to false 
datanode_2    | 2019-10-17 06:38:12,813 INFO impl.LeaderElection: 2ed66f76-c730-44bd-a5bc-36031d127fd7@group-DD004F9EA29C-LeaderElection6: Election TIMEOUT; received 1 response(s) [2ed66f76-c730-44bd-a5bc-36031d127fd7<-fa932c6c-1e43-4cda-95d8-28d6d2c8ff2f#0:FAIL-t25] and 0 exception(s); 2ed66f76-c730-44bd-a5bc-36031d127fd7@group-DD004F9EA29C:t25, leader=null, voted=2ed66f76-c730-44bd-a5bc-36031d127fd7, raftlog=2ed66f76-c730-44bd-a5bc-36031d127fd7@group-DD004F9EA29C-SegmentedRaftLog:OPENED:c-1,f-1,i0, conf=-1: [2ed66f76-c730-44bd-a5bc-36031d127fd7:172.18.0.4:9858, 4877ce03-c502-4d27-af0b-82304f052f61:172.18.0.2:9858, fa932c6c-1e43-4cda-95d8-28d6d2c8ff2f:172.18.0.7:9858], old=null
datanode_1    | 2019-10-17 06:37:57,850 INFO impl.FollowerState: fa932c6c-1e43-4cda-95d8-28d6d2c8ff2f@group-DD004F9EA29C-FollowerState was interrupted: java.lang.InterruptedException: sleep interrupted
grafana_1     | t=2019-10-17T06:38:18+0000 lvl=info msg="Executing migration" logger=migrator id="add unique index cache_data.cache_key"
datanode_3    | 2019-10-17 06:38:03,695 INFO impl.RaftServerImpl: 4877ce03-c502-4d27-af0b-82304f052f61@group-DD004F9EA29C: changes role from  FOLLOWER to CANDIDATE at term 17 for changeToCandidate
freon_1       | 2019-10-17 06:38:20,329 [pool-2-thread-10] INFO       - Creating Bucket: vol-6-36658/bucket-23-48132, with Versioning false and Storage Type set to DISK and Encryption set to false 
datanode_2    | 2019-10-17 06:38:12,849 INFO impl.LeaderElection: 2ed66f76-c730-44bd-a5bc-36031d127fd7@group-DD004F9EA29C-LeaderElection6: begin an election at term 26 for -1: [2ed66f76-c730-44bd-a5bc-36031d127fd7:172.18.0.4:9858, 4877ce03-c502-4d27-af0b-82304f052f61:172.18.0.2:9858, fa932c6c-1e43-4cda-95d8-28d6d2c8ff2f:172.18.0.7:9858], old=null
datanode_1    | 2019-10-17 06:37:58,264 INFO impl.RaftServerImpl: fa932c6c-1e43-4cda-95d8-28d6d2c8ff2f@group-DD004F9EA29C: changes role from  FOLLOWER to FOLLOWER at term 11 for recognizeCandidate:2ed66f76-c730-44bd-a5bc-36031d127fd7
grafana_1     | t=2019-10-17T06:38:18+0000 lvl=info msg="Created default admin" logger=sqlstore user=admin
datanode_3    | 2019-10-17 06:38:03,695 INFO impl.RoleInfo: 4877ce03-c502-4d27-af0b-82304f052f61: start LeaderElection
freon_1       | 2019-10-17 06:38:20,330 [pool-2-thread-5] INFO       - Creating Bucket: vol-7-84693/bucket-23-73354, with Versioning false and Storage Type set to DISK and Encryption set to false 
datanode_2    | 2019-10-17 06:38:12,906 INFO impl.LeaderElection: 2ed66f76-c730-44bd-a5bc-36031d127fd7@group-DD004F9EA29C-LeaderElection6: Election REJECTED; received 2 response(s) [2ed66f76-c730-44bd-a5bc-36031d127fd7<-4877ce03-c502-4d27-af0b-82304f052f61#0:FAIL-t26, 2ed66f76-c730-44bd-a5bc-36031d127fd7<-fa932c6c-1e43-4cda-95d8-28d6d2c8ff2f#0:FAIL-t26] and 0 exception(s); 2ed66f76-c730-44bd-a5bc-36031d127fd7@group-DD004F9EA29C:t26, leader=null, voted=2ed66f76-c730-44bd-a5bc-36031d127fd7, raftlog=2ed66f76-c730-44bd-a5bc-36031d127fd7@group-DD004F9EA29C-SegmentedRaftLog:OPENED:c-1,f-1,i0, conf=-1: [2ed66f76-c730-44bd-a5bc-36031d127fd7:172.18.0.4:9858, 4877ce03-c502-4d27-af0b-82304f052f61:172.18.0.2:9858, fa932c6c-1e43-4cda-95d8-28d6d2c8ff2f:172.18.0.7:9858], old=null
datanode_1    | 2019-10-17 06:37:58,264 INFO impl.RoleInfo: fa932c6c-1e43-4cda-95d8-28d6d2c8ff2f: shutdown FollowerState
datanode_3    | 2019-10-17 06:38:05,847 INFO impl.LeaderElection: 4877ce03-c502-4d27-af0b-82304f052f61@group-DD004F9EA29C-LeaderElection9: begin an election at term 18 for -1: [2ed66f76-c730-44bd-a5bc-36031d127fd7:172.18.0.4:9858, 4877ce03-c502-4d27-af0b-82304f052f61:172.18.0.2:9858, fa932c6c-1e43-4cda-95d8-28d6d2c8ff2f:172.18.0.7:9858], old=null
freon_1       | 2019-10-17 06:38:20,335 [pool-2-thread-4] INFO       - Creating Bucket: vol-9-89799/bucket-23-87277, with Versioning false and Storage Type set to DISK and Encryption set to false 
datanode_1    | 2019-10-17 06:37:58,265 INFO impl.RoleInfo: fa932c6c-1e43-4cda-95d8-28d6d2c8ff2f: start FollowerState
datanode_2    | 2019-10-17 06:38:12,906 INFO impl.RaftServerImpl: 2ed66f76-c730-44bd-a5bc-36031d127fd7@group-DD004F9EA29C: changes role from CANDIDATE to FOLLOWER at term 26 for DISCOVERED_A_NEW_TERM
grafana_1     | t=2019-10-17T06:38:18+0000 lvl=info msg="Initializing HTTPServer" logger=server
datanode_3    | 2019-10-17 06:38:05,888 INFO impl.RaftServerImpl: 4877ce03-c502-4d27-af0b-82304f052f61@group-DD004F9EA29C: changes role from CANDIDATE to FOLLOWER at term 19 for recognizeCandidate:2ed66f76-c730-44bd-a5bc-36031d127fd7
freon_1       | 2019-10-17 06:38:20,335 [pool-2-thread-7] INFO       - Creating Bucket: vol-8-86257/bucket-23-13193, with Versioning false and Storage Type set to DISK and Encryption set to false 
datanode_2    | 2019-10-17 06:38:12,906 INFO impl.RoleInfo: 2ed66f76-c730-44bd-a5bc-36031d127fd7: shutdown LeaderElection
datanode_1    | 2019-10-17 06:37:58,265 INFO impl.FollowerState: fa932c6c-1e43-4cda-95d8-28d6d2c8ff2f@group-DD004F9EA29C-FollowerState was interrupted: java.lang.InterruptedException: sleep interrupted
datanode_3    | 2019-10-17 06:38:05,888 INFO impl.RoleInfo: 4877ce03-c502-4d27-af0b-82304f052f61: shutdown LeaderElection
freon_1       | 2019-10-17 06:38:20,335 [pool-2-thread-2] INFO       - Creating Bucket: vol-0-94157/bucket-24-71385, with Versioning false and Storage Type set to DISK and Encryption set to false 
datanode_2    | 2019-10-17 06:38:12,907 INFO impl.RoleInfo: 2ed66f76-c730-44bd-a5bc-36031d127fd7: start FollowerState
datanode_1    | 2019-10-17 06:37:58,292 INFO impl.RaftServerImpl: fa932c6c-1e43-4cda-95d8-28d6d2c8ff2f@group-DD004F9EA29C: changes role from  FOLLOWER to FOLLOWER at term 12 for recognizeCandidate:4877ce03-c502-4d27-af0b-82304f052f61
datanode_3    | 2019-10-17 06:38:05,888 INFO impl.RoleInfo: 4877ce03-c502-4d27-af0b-82304f052f61: start FollowerState
freon_1       | 2019-10-17 06:38:20,338 [pool-2-thread-9] INFO       - Creating Bucket: vol-1-59225/bucket-24-84800, with Versioning false and Storage Type set to DISK and Encryption set to false 
datanode_2    | 2019-10-17 06:38:12,929 INFO impl.FollowerState: 2ed66f76-c730-44bd-a5bc-36031d127fd7@group-DD004F9EA29C-FollowerState: change to CANDIDATE, lastRpcTime:22ms, electionTimeout:22ms
datanode_1    | 2019-10-17 06:37:58,292 INFO impl.RoleInfo: fa932c6c-1e43-4cda-95d8-28d6d2c8ff2f: shutdown FollowerState
datanode_3    | 2019-10-17 06:38:06,020 INFO impl.LeaderElection: 4877ce03-c502-4d27-af0b-82304f052f61@group-DD004F9EA29C-LeaderElection9: Election REJECTED; received 0 response(s) [] and 0 exception(s); 4877ce03-c502-4d27-af0b-82304f052f61@group-DD004F9EA29C:t19, leader=null, voted=null, raftlog=4877ce03-c502-4d27-af0b-82304f052f61@group-DD004F9EA29C-SegmentedRaftLog:OPENED:c-1,f-1,i0, conf=-1: [2ed66f76-c730-44bd-a5bc-36031d127fd7:172.18.0.4:9858, 4877ce03-c502-4d27-af0b-82304f052f61:172.18.0.2:9858, fa932c6c-1e43-4cda-95d8-28d6d2c8ff2f:172.18.0.7:9858], old=null
grafana_1     | t=2019-10-17T06:38:18+0000 lvl=info msg="Initializing InternalMetricsService" logger=server
freon_1       | 2019-10-17 06:38:20,338 [pool-2-thread-8] INFO       - Creating Bucket: vol-2-33268/bucket-24-04988, with Versioning false and Storage Type set to DISK and Encryption set to false 
datanode_2    | 2019-10-17 06:38:12,930 INFO impl.RoleInfo: 2ed66f76-c730-44bd-a5bc-36031d127fd7: shutdown FollowerState
datanode_1    | 2019-10-17 06:37:58,292 INFO impl.RoleInfo: fa932c6c-1e43-4cda-95d8-28d6d2c8ff2f: start FollowerState
datanode_3    | 2019-10-17 06:38:12,023 INFO impl.FollowerState: 4877ce03-c502-4d27-af0b-82304f052f61@group-DD004F9EA29C-FollowerState: change to CANDIDATE, lastRpcTime:6134ms, electionTimeout:55ms
grafana_1     | t=2019-10-17T06:38:18+0000 lvl=info msg="Initializing RemoteCache" logger=server
datanode_2    | 2019-10-17 06:38:12,930 INFO impl.RaftServerImpl: 2ed66f76-c730-44bd-a5bc-36031d127fd7@group-DD004F9EA29C: changes role from  FOLLOWER to CANDIDATE at term 26 for changeToCandidate
freon_1       | 2019-10-17 06:38:20,339 [pool-2-thread-6] INFO       - Creating Bucket: vol-3-33412/bucket-24-23124, with Versioning false and Storage Type set to DISK and Encryption set to false 
datanode_1    | 2019-10-17 06:37:58,292 INFO impl.FollowerState: fa932c6c-1e43-4cda-95d8-28d6d2c8ff2f@group-DD004F9EA29C-FollowerState was interrupted: java.lang.InterruptedException: sleep interrupted
datanode_3    | 2019-10-17 06:38:12,024 INFO impl.RoleInfo: 4877ce03-c502-4d27-af0b-82304f052f61: shutdown FollowerState
grafana_1     | t=2019-10-17T06:38:18+0000 lvl=info msg="Initializing QuotaService" logger=server
datanode_2    | 2019-10-17 06:38:12,930 INFO impl.RoleInfo: 2ed66f76-c730-44bd-a5bc-36031d127fd7: start LeaderElection
freon_1       | 2019-10-17 06:38:20,340 [pool-2-thread-3] INFO       - Creating Bucket: vol-4-96237/bucket-24-71192, with Versioning false and Storage Type set to DISK and Encryption set to false 
datanode_1    | 2019-10-17 06:37:58,593 INFO impl.RaftServerImpl: fa932c6c-1e43-4cda-95d8-28d6d2c8ff2f@group-DD004F9EA29C: changes role from  FOLLOWER to FOLLOWER at term 12 for recognizeCandidate:2ed66f76-c730-44bd-a5bc-36031d127fd7
datanode_3    | 2019-10-17 06:38:12,025 INFO impl.RaftServerImpl: 4877ce03-c502-4d27-af0b-82304f052f61@group-DD004F9EA29C: changes role from  FOLLOWER to CANDIDATE at term 19 for changeToCandidate
grafana_1     | t=2019-10-17T06:38:18+0000 lvl=info msg="Initializing ServerLockService" logger=server
datanode_2    | 2019-10-17 06:38:12,970 INFO impl.LeaderElection: 2ed66f76-c730-44bd-a5bc-36031d127fd7@group-DD004F9EA29C-LeaderElection7: begin an election at term 27 for -1: [2ed66f76-c730-44bd-a5bc-36031d127fd7:172.18.0.4:9858, 4877ce03-c502-4d27-af0b-82304f052f61:172.18.0.2:9858, fa932c6c-1e43-4cda-95d8-28d6d2c8ff2f:172.18.0.7:9858], old=null
datanode_1    | 2019-10-17 06:37:58,593 INFO impl.RoleInfo: fa932c6c-1e43-4cda-95d8-28d6d2c8ff2f: shutdown FollowerState
datanode_3    | 2019-10-17 06:38:12,025 INFO impl.RoleInfo: 4877ce03-c502-4d27-af0b-82304f052f61: start LeaderElection
grafana_1     | t=2019-10-17T06:38:18+0000 lvl=info msg="Initializing UserAuthTokenService" logger=server
datanode_2    | 2019-10-17 06:38:13,028 INFO impl.LeaderElection: 2ed66f76-c730-44bd-a5bc-36031d127fd7@group-DD004F9EA29C-LeaderElection7: Election REJECTED; received 2 response(s) [2ed66f76-c730-44bd-a5bc-36031d127fd7<-4877ce03-c502-4d27-af0b-82304f052f61#0:FAIL-t27, 2ed66f76-c730-44bd-a5bc-36031d127fd7<-fa932c6c-1e43-4cda-95d8-28d6d2c8ff2f#0:FAIL-t27] and 0 exception(s); 2ed66f76-c730-44bd-a5bc-36031d127fd7@group-DD004F9EA29C:t27, leader=null, voted=2ed66f76-c730-44bd-a5bc-36031d127fd7, raftlog=2ed66f76-c730-44bd-a5bc-36031d127fd7@group-DD004F9EA29C-SegmentedRaftLog:OPENED:c-1,f-1,i0, conf=-1: [2ed66f76-c730-44bd-a5bc-36031d127fd7:172.18.0.4:9858, 4877ce03-c502-4d27-af0b-82304f052f61:172.18.0.2:9858, fa932c6c-1e43-4cda-95d8-28d6d2c8ff2f:172.18.0.7:9858], old=null
datanode_1    | 2019-10-17 06:37:58,593 INFO impl.FollowerState: fa932c6c-1e43-4cda-95d8-28d6d2c8ff2f@group-DD004F9EA29C-FollowerState was interrupted: java.lang.InterruptedException: sleep interrupted
datanode_3    | 2019-10-17 06:38:12,260 INFO impl.LeaderElection: 4877ce03-c502-4d27-af0b-82304f052f61@group-DD004F9EA29C-LeaderElection10: begin an election at term 20 for -1: [2ed66f76-c730-44bd-a5bc-36031d127fd7:172.18.0.4:9858, 4877ce03-c502-4d27-af0b-82304f052f61:172.18.0.2:9858, fa932c6c-1e43-4cda-95d8-28d6d2c8ff2f:172.18.0.7:9858], old=null
grafana_1     | t=2019-10-17T06:38:18+0000 lvl=info msg="Initializing PluginManager" logger=server
datanode_2    | 2019-10-17 06:38:13,029 INFO impl.RaftServerImpl: 2ed66f76-c730-44bd-a5bc-36031d127fd7@group-DD004F9EA29C: changes role from CANDIDATE to FOLLOWER at term 27 for DISCOVERED_A_NEW_TERM
datanode_1    | 2019-10-17 06:37:58,593 INFO impl.RoleInfo: fa932c6c-1e43-4cda-95d8-28d6d2c8ff2f: start FollowerState
freon_1       | 2019-10-17 06:38:20,355 [pool-2-thread-5] INFO       - Creating Bucket: vol-6-36658/bucket-24-83515, with Versioning false and Storage Type set to DISK and Encryption set to false 
datanode_3    | 2019-10-17 06:38:12,305 INFO impl.LeaderElection: 4877ce03-c502-4d27-af0b-82304f052f61@group-DD004F9EA29C-LeaderElection10: Election TIMEOUT; received 0 response(s) [] and 0 exception(s); 4877ce03-c502-4d27-af0b-82304f052f61@group-DD004F9EA29C:t20, leader=null, voted=4877ce03-c502-4d27-af0b-82304f052f61, raftlog=4877ce03-c502-4d27-af0b-82304f052f61@group-DD004F9EA29C-SegmentedRaftLog:OPENED:c-1,f-1,i0, conf=-1: [2ed66f76-c730-44bd-a5bc-36031d127fd7:172.18.0.4:9858, 4877ce03-c502-4d27-af0b-82304f052f61:172.18.0.2:9858, fa932c6c-1e43-4cda-95d8-28d6d2c8ff2f:172.18.0.7:9858], old=null
grafana_1     | t=2019-10-17T06:38:18+0000 lvl=info msg="Starting plugin search" logger=plugins
datanode_2    | 2019-10-17 06:38:13,029 INFO impl.RoleInfo: 2ed66f76-c730-44bd-a5bc-36031d127fd7: shutdown LeaderElection
datanode_1    | 2019-10-17 06:37:58,621 INFO impl.RaftServerImpl: fa932c6c-1e43-4cda-95d8-28d6d2c8ff2f@group-DD004F9EA29C: changes role from  FOLLOWER to FOLLOWER at term 13 for recognizeCandidate:4877ce03-c502-4d27-af0b-82304f052f61
freon_1       | 2019-10-17 06:38:20,355 [pool-2-thread-10] INFO       - Creating Bucket: vol-5-58324/bucket-24-29641, with Versioning false and Storage Type set to DISK and Encryption set to false 
datanode_3    | 2019-10-17 06:38:12,339 INFO impl.LeaderElection: 4877ce03-c502-4d27-af0b-82304f052f61@group-DD004F9EA29C-LeaderElection10: begin an election at term 21 for -1: [2ed66f76-c730-44bd-a5bc-36031d127fd7:172.18.0.4:9858, 4877ce03-c502-4d27-af0b-82304f052f61:172.18.0.2:9858, fa932c6c-1e43-4cda-95d8-28d6d2c8ff2f:172.18.0.7:9858], old=null
grafana_1     | t=2019-10-17T06:38:18+0000 lvl=info msg="Initializing RenderingService" logger=server
datanode_2    | 2019-10-17 06:38:13,029 INFO impl.RoleInfo: 2ed66f76-c730-44bd-a5bc-36031d127fd7: start FollowerState
datanode_1    | 2019-10-17 06:37:58,622 INFO impl.RoleInfo: fa932c6c-1e43-4cda-95d8-28d6d2c8ff2f: shutdown FollowerState
freon_1       | 2019-10-17 06:38:20,365 [pool-2-thread-6] INFO       - Creating Bucket: vol-7-84693/bucket-24-66573, with Versioning false and Storage Type set to DISK and Encryption set to false 
datanode_3    | 2019-10-17 06:38:12,368 INFO impl.LeaderElection: 4877ce03-c502-4d27-af0b-82304f052f61@group-DD004F9EA29C-LeaderElection10: Election DISCOVERED_A_NEW_TERM; received 2 response(s) [4877ce03-c502-4d27-af0b-82304f052f61<-2ed66f76-c730-44bd-a5bc-36031d127fd7#0:FAIL-t22, 4877ce03-c502-4d27-af0b-82304f052f61<-fa932c6c-1e43-4cda-95d8-28d6d2c8ff2f#0:FAIL-t21] and 0 exception(s); 4877ce03-c502-4d27-af0b-82304f052f61@group-DD004F9EA29C:t21, leader=null, voted=4877ce03-c502-4d27-af0b-82304f052f61, raftlog=4877ce03-c502-4d27-af0b-82304f052f61@group-DD004F9EA29C-SegmentedRaftLog:OPENED:c-1,f-1,i0, conf=-1: [2ed66f76-c730-44bd-a5bc-36031d127fd7:172.18.0.4:9858, 4877ce03-c502-4d27-af0b-82304f052f61:172.18.0.2:9858, fa932c6c-1e43-4cda-95d8-28d6d2c8ff2f:172.18.0.7:9858], old=null
grafana_1     | t=2019-10-17T06:38:18+0000 lvl=info msg="Initializing AlertEngine" logger=server
datanode_2    | 2019-10-17 06:38:13,179 INFO impl.FollowerState: 2ed66f76-c730-44bd-a5bc-36031d127fd7@group-DD004F9EA29C-FollowerState: change to CANDIDATE, lastRpcTime:150ms, electionTimeout:150ms
freon_1       | 2019-10-17 06:38:20,365 [pool-2-thread-7] INFO       - Creating Bucket: vol-8-86257/bucket-24-03622, with Versioning false and Storage Type set to DISK and Encryption set to false 
grafana_1     | t=2019-10-17T06:38:18+0000 lvl=info msg="Initializing DatasourceCacheService" logger=server
datanode_2    | 2019-10-17 06:38:13,180 INFO impl.RoleInfo: 2ed66f76-c730-44bd-a5bc-36031d127fd7: shutdown FollowerState
datanode_1    | 2019-10-17 06:37:58,622 INFO impl.RoleInfo: fa932c6c-1e43-4cda-95d8-28d6d2c8ff2f: start FollowerState
freon_1       | 2019-10-17 06:38:20,366 [pool-2-thread-2] INFO       - Creating Bucket: vol-1-59225/bucket-25-19389, with Versioning false and Storage Type set to DISK and Encryption set to false 
grafana_1     | t=2019-10-17T06:38:18+0000 lvl=info msg="Initializing HooksService" logger=server
datanode_3    | 2019-10-17 06:38:12,368 INFO impl.RaftServerImpl: 4877ce03-c502-4d27-af0b-82304f052f61@group-DD004F9EA29C: changes role from CANDIDATE to FOLLOWER at term 22 for DISCOVERED_A_NEW_TERM
datanode_2    | 2019-10-17 06:38:13,180 INFO impl.RaftServerImpl: 2ed66f76-c730-44bd-a5bc-36031d127fd7@group-DD004F9EA29C: changes role from  FOLLOWER to CANDIDATE at term 27 for changeToCandidate
freon_1       | 2019-10-17 06:38:20,365 [pool-2-thread-1] INFO       - Creating Bucket: vol-9-89799/bucket-24-11778, with Versioning false and Storage Type set to DISK and Encryption set to false 
datanode_1    | 2019-10-17 06:37:58,622 INFO impl.FollowerState: fa932c6c-1e43-4cda-95d8-28d6d2c8ff2f@group-DD004F9EA29C-FollowerState was interrupted: java.lang.InterruptedException: sleep interrupted
grafana_1     | t=2019-10-17T06:38:18+0000 lvl=info msg="Initializing LoginService" logger=server
datanode_3    | 2019-10-17 06:38:12,368 INFO impl.RoleInfo: 4877ce03-c502-4d27-af0b-82304f052f61: shutdown LeaderElection
datanode_2    | 2019-10-17 06:38:13,180 INFO impl.RoleInfo: 2ed66f76-c730-44bd-a5bc-36031d127fd7: start LeaderElection
freon_1       | 2019-10-17 06:38:20,365 [pool-2-thread-4] INFO       - Creating Bucket: vol-0-94157/bucket-25-72707, with Versioning false and Storage Type set to DISK and Encryption set to false 
datanode_1    | 2019-10-17 06:37:59,151 INFO impl.RaftServerImpl: fa932c6c-1e43-4cda-95d8-28d6d2c8ff2f@group-DD004F9EA29C: changes role from  FOLLOWER to FOLLOWER at term 13 for recognizeCandidate:2ed66f76-c730-44bd-a5bc-36031d127fd7
grafana_1     | t=2019-10-17T06:38:18+0000 lvl=info msg="Initializing SearchService" logger=server
datanode_3    | 2019-10-17 06:38:12,368 INFO impl.RoleInfo: 4877ce03-c502-4d27-af0b-82304f052f61: start FollowerState
datanode_2    | 2019-10-17 06:38:13,253 INFO impl.LeaderElection: 2ed66f76-c730-44bd-a5bc-36031d127fd7@group-DD004F9EA29C-LeaderElection8: begin an election at term 28 for -1: [2ed66f76-c730-44bd-a5bc-36031d127fd7:172.18.0.4:9858, 4877ce03-c502-4d27-af0b-82304f052f61:172.18.0.2:9858, fa932c6c-1e43-4cda-95d8-28d6d2c8ff2f:172.18.0.7:9858], old=null
freon_1       | 2019-10-17 06:38:20,367 [pool-2-thread-3] INFO       - Creating Bucket: vol-2-33268/bucket-25-71567, with Versioning false and Storage Type set to DISK and Encryption set to false 
datanode_1    | 2019-10-17 06:37:59,151 INFO impl.RoleInfo: fa932c6c-1e43-4cda-95d8-28d6d2c8ff2f: shutdown FollowerState
grafana_1     | t=2019-10-17T06:38:18+0000 lvl=info msg="Initializing TracingService" logger=server
datanode_3    | 2019-10-17 06:38:12,495 INFO impl.FollowerState: 4877ce03-c502-4d27-af0b-82304f052f61@group-DD004F9EA29C-FollowerState: change to CANDIDATE, lastRpcTime:126ms, electionTimeout:103ms
