jhs         | 2019-10-17 21:31:56 INFO  TimelineServerUtils:66 - Filter initializers set for timeline service: org.apache.hadoop.http.lib.StaticUserWebFilter,org.apache.hadoop.yarn.server.timeline.security.TimelineAuthenticationFilterInitializer
datanode_2  | 2019-10-17 21:32:10,273 [Datanode State Machine Thread - 0] INFO       - Attempting to start container services.
datanode_3  | 2019-10-17 21:32:13,538 INFO server.RaftServerConfigKeys: raft.server.log.appender.install.snapshot.enabled = false (custom)
om_1        | 2019-10-17 21:32:10,881 INFO client.OMCertificateClient: Added certificate from file:/data/metadata/om/certs/CA-1.crt.
kdc_1       | Oct 17 21:31:43 kdc kadmind[15](info): closing down fd 18
rm_1        | 2019-10-17 21:32:02 INFO  YarnAuthorizationProvider:58 - org.apache.hadoop.yarn.security.ConfiguredYarnAuthorizer is instantiated.
kms_1       | 	at sun.reflect.DelegatingMethodAccessorImpl.invoke(DelegatingMethodAccessorImpl.java:43)
nm_1        | 2019-10-17 21:31:55 INFO  UserGroupInformation:1009 - Login successful for user nm/nm@EXAMPLE.COM using keytab file /etc/security/keytabs/nm.keytab
scm_1       | 2019-10-17 21:32:06,105 INFO server.StorageContainerManager: StorageContainerLocationProtocol RPC server is listening at /0.0.0.0:9860
datanode_1  | 2019-10-17 21:32:10,331 INFO impl.RaftServerProxy: 28018a9f-15a4-4d33-961e-e7a2636c7d10: start RPC server
jhs         | 2019-10-17 21:31:56 INFO  log:192 - Logging initialized @1875ms
datanode_3  | 2019-10-17 21:32:13,544 INFO impl.RaftServerImpl: f34244a8-9211-4aaf-9f48-4c9b8beb273b@group-77C5AC259B2A: ConfigurationManager, init=-1: [f34244a8-9211-4aaf-9f48-4c9b8beb273b:172.18.0.10:9858], old=null, confs=<EMPTY_MAP>
kdc_1       | Oct 17 21:31:43 kdc kadmind[15](Notice): Request: kadm5_init, admin/admin@EXAMPLE.COM, success, cadmin/admin@EXAMPLE.COM
om_1        | 2019-10-17 21:32:10,903 WARN server.ServerUtils: ozone.om.db.dirs is not configured. We recommend adding this setting. Falling back to ozone.metadata.dirs instead.
datanode_2  | 2019-10-17 21:32:10,276 [Datanode State Machine Thread - 0] INFO       - Background container scanner has been disabled.
rm_1        | 2019-10-17 21:32:02 INFO  AsyncDispatcher:223 - Registering class org.apache.hadoop.yarn.server.resourcemanager.RMAppManagerEventType for class org.apache.hadoop.yarn.server.resourcemanager.RMAppManager
kms_1       | 	at java.lang.reflect.Method.invoke(Method.java:498)
nm_1        | 2019-10-17 21:31:55 INFO  DirectoryCollection:187 - Disk Validator 'basic' is loaded.
scm_1       | 2019-10-17 21:32:06,169 INFO impl.MetricsConfig: Loaded properties from hadoop-metrics2.properties
jhs         | 2019-10-17 21:31:56 INFO  AuthenticationFilter:240 - Unable to initialize FileSignerSecretProvider, falling back to use random secrets.
datanode_1  | 2019-10-17 21:32:10,558 INFO server.GrpcService: 28018a9f-15a4-4d33-961e-e7a2636c7d10: GrpcService started, listening on 0.0.0.0/0.0.0.0:9858
datanode_3  | 2019-10-17 21:32:13,544 INFO server.RaftServerConfigKeys: raft.server.storage.dir = [/data/metadata/ratis] (custom)
kdc_1       | Oct 17 21:31:43 kdc krb5kdc[9](info): AS_REQ (8 etypes {18 17 20 19 16 23 25 26}) 127.0.0.1: SERVER_NOT_FOUND: admin/admin@EXAMPLE.COM for kadmin/localhost@EXAMPLE.COM, Server not found in Kerberos database
om_1        | 2019-10-17 21:32:10,929 INFO util.log: Logging initialized @2975ms
datanode_2  | 2019-10-17 21:32:10,276 [Datanode State Machine Thread - 0] INFO       - Starting XceiverServerRatis 8e17b41b-8f50-4e51-9e41-0807f5ddb5bc at port 9858
rm_1        | 2019-10-17 21:32:02 INFO  AsyncDispatcher:223 - Registering class org.apache.hadoop.yarn.server.resourcemanager.amlauncher.AMLauncherEventType for class org.apache.hadoop.yarn.server.resourcemanager.amlauncher.ApplicationMasterLauncher
kms_1       | 	at javax.xml.bind.ContextFinder.newInstance(ContextFinder.java:247)
nm_1        | 2019-10-17 21:31:55 INFO  DirectoryCollection:187 - Disk Validator 'basic' is loaded.
scm_1       | 2019-10-17 21:32:06,210 INFO impl.MetricsSystemImpl: Scheduled Metric snapshot period at 10 second(s).
jhs         | 2019-10-17 21:31:56 INFO  HttpRequestLog:81 - Http request log for http.requests.applicationhistory is not defined
datanode_1  | 2019-10-17 21:32:14,050 INFO impl.RaftServerProxy: 28018a9f-15a4-4d33-961e-e7a2636c7d10: addNew group-718FE85FF712:[28018a9f-15a4-4d33-961e-e7a2636c7d10:172.18.0.5:9858] returns group-718FE85FF712:java.util.concurrent.CompletableFuture@4082453e[Not completed]
datanode_3  | 2019-10-17 21:32:13,552 INFO server.RaftServerConfigKeys: raft.server.log.corruption.policy = EXCEPTION (default)
kdc_1       | Oct 17 21:31:43 kdc krb5kdc[9](info): AS_REQ (8 etypes {18 17 20 19 16 23 25 26}) 127.0.0.1: ISSUE: authtime 1571347903, etypes {rep=18 tkt=18 ses=18}, admin/admin@EXAMPLE.COM for kadmin/admin@EXAMPLE.COM
om_1        | 2019-10-17 21:32:11,017 INFO db.DBStoreBuilder: using custom profile for table: userTable
datanode_2  | 2019-10-17 21:32:10,296 INFO impl.RaftServerProxy: 8e17b41b-8f50-4e51-9e41-0807f5ddb5bc: start RPC server
rm_1        | 2019-10-17 21:32:02 INFO  RMNMInfo:63 - Registered RMNMInfo MBean
kms_1       | 	at javax.xml.bind.ContextFinder.newInstance(ContextFinder.java:234)
nm_1        | 2019-10-17 21:31:55 INFO  NodeResourceMonitorImpl:75 -  Using ResourceCalculatorPlugin : org.apache.hadoop.yarn.util.ResourceCalculatorPlugin@2a7f1f10
scm_1       | 2019-10-17 21:32:06,211 INFO impl.MetricsSystemImpl: StorageContainerManager metrics system started
datanode_1  | 2019-10-17 21:32:14,066 INFO impl.RaftServerImpl: 28018a9f-15a4-4d33-961e-e7a2636c7d10: new RaftServerImpl for group-718FE85FF712:[28018a9f-15a4-4d33-961e-e7a2636c7d10:172.18.0.5:9858] with ContainerStateMachine:uninitialized
datanode_3  | 2019-10-17 21:32:13,554 INFO storage.RaftStorageDirectory: The storage directory /data/metadata/ratis/82ddea7e-f0a5-425a-a2c1-77c5ac259b2a does not exist. Creating ...
kdc_1       | Oct 17 21:31:43 kdc krb5kdc[9](info): AS_REQ (8 etypes {18 17 20 19 16 23 25 26}) 127.0.0.1: SERVER_NOT_FOUND: admin/admin@EXAMPLE.COM for kadmin/localhost@EXAMPLE.COM, Server not found in Kerberos database
om_1        | 2019-10-17 21:32:11,017 INFO db.DBStoreBuilder: Using default column profile:DBProfile.DISK for Table:userTable
jhs         | 2019-10-17 21:31:56 INFO  HttpServer2:975 - Added global filter 'safety' (class=org.apache.hadoop.http.HttpServer2$QuotingInputFilter)
datanode_2  | 2019-10-17 21:32:10,534 INFO server.GrpcService: 8e17b41b-8f50-4e51-9e41-0807f5ddb5bc: GrpcService started, listening on 0.0.0.0/0.0.0.0:9858
rm_1        | 2019-10-17 21:32:02 INFO  RMAppLifetimeMonitor:66 - Application lifelime monitor interval set to 3000 ms.
kms_1       | 	at javax.xml.bind.ContextFinder.find(ContextFinder.java:441)
nm_1        | 2019-10-17 21:31:55 INFO  AsyncDispatcher:223 - Registering class org.apache.hadoop.yarn.server.nodemanager.containermanager.loghandler.event.LogHandlerEventType for class org.apache.hadoop.yarn.server.nodemanager.containermanager.logaggregation.LogAggregationService
scm_1       | 2019-10-17 21:32:06,397 INFO server.SCMClientProtocolServer: RPC server for Client  is listening at /0.0.0.0:9860
datanode_1  | 2019-10-17 21:32:14,067 INFO server.RaftServerConfigKeys: raft.server.rpc.timeout.min = 5s (custom)
datanode_3  | 2019-10-17 21:32:13,574 INFO storage.RaftStorageDirectory: Lock on /data/metadata/ratis/82ddea7e-f0a5-425a-a2c1-77c5ac259b2a/in_use.lock acquired by nodename 7@59f9b2f9fef8
kdc_1       | Oct 17 21:31:43 kdc krb5kdc[9](info): AS_REQ (8 etypes {18 17 20 19 16 23 25 26}) 127.0.0.1: ISSUE: authtime 1571347903, etypes {rep=18 tkt=18 ses=18}, admin/admin@EXAMPLE.COM for kadmin/admin@EXAMPLE.COM
om_1        | 2019-10-17 21:32:11,017 INFO db.DBStoreBuilder: using custom profile for table: volumeTable
jhs         | 2019-10-17 21:31:56 INFO  HttpServer2:948 - Added filter static_user_filter (class=org.apache.hadoop.http.lib.StaticUserWebFilter$StaticUserFilter) to context applicationhistory
datanode_2  | 2019-10-17 21:32:12,953 INFO impl.RaftServerProxy: 8e17b41b-8f50-4e51-9e41-0807f5ddb5bc: addNew group-B29471D9E52A:[8e17b41b-8f50-4e51-9e41-0807f5ddb5bc:172.18.0.7:9858] returns group-B29471D9E52A:java.util.concurrent.CompletableFuture@70ebe688[Not completed]
rm_1        | 2019-10-17 21:32:02 INFO  MultiNodeSortingManager:59 - Initializing NodeSortingService=MultiNodeSortingManager
kms_1       | 	at javax.xml.bind.JAXBContext.newInstance(JAXBContext.java:641)
nm_1        | 2019-10-17 21:31:55 INFO  AsyncDispatcher:223 - Registering class org.apache.hadoop.yarn.server.nodemanager.containermanager.localizer.sharedcache.SharedCacheUploadEventType for class org.apache.hadoop.yarn.server.nodemanager.containermanager.localizer.sharedcache.SharedCacheUploadService
scm_1       | 2019-10-17 21:32:06,398 INFO ipc.Server: IPC Server Responder: starting
datanode_1  | 2019-10-17 21:32:14,068 INFO server.RaftServerConfigKeys: raft.server.rpc.timeout.max = 5200ms (custom)
datanode_3  | 2019-10-17 21:32:13,599 INFO storage.RaftStorage: Storage directory /data/metadata/ratis/82ddea7e-f0a5-425a-a2c1-77c5ac259b2a has been successfully formatted.
kdc_1       | Oct 17 21:31:43 kdc krb5kdc[9](info): AS_REQ (8 etypes {18 17 20 19 16 23 25 26}) 127.0.0.1: SERVER_NOT_FOUND: admin/admin@EXAMPLE.COM for kadmin/localhost@EXAMPLE.COM, Server lient=admin/admin@EXAMPLE.COM, service=kadmin/admin@EXAMPLE.COM, addr=127.0.0.1, vers=4, flavor=6
om_1        | 2019-10-17 21:32:11,017 INFO db.DBStoreBuilder: Using default column profile:DBProfile.DISK for Table:volumeTable
jhs         | 2019-10-17 21:31:56 INFO  HttpServer2:958 - Added filter static_user_filter (class=org.apache.hadoop.http.lib.StaticUserWebFilter$StaticUserFilter) to context logs
datanode_2  | 2019-10-17 21:32:12,968 INFO impl.RaftServerImpl: 8e17b41b-8f50-4e51-9e41-0807f5ddb5bc: new RaftServerImpl for group-B29471D9E52A:[8e17b41b-8f50-4e51-9e41-0807f5ddb5bc:172.18.0.7:9858] with ContainerStateMachine:uninitialized
rm_1        | 2019-10-17 21:32:02 INFO  HostsFileReader:211 - Refreshing hosts (include/exclude) list
kms_1       | 	at javax.xml.bind.JAXBContext.newInstance(JAXBContext.java:584)
nm_1        | 2019-10-17 21:31:55 INFO  ContainerManagerImpl:336 - AMRMProxyService is disabled
scm_1       | 2019-10-17 21:32:06,398 INFO ipc.Server: IPC Server listener on 9860: starting
datanode_1  | 2019-10-17 21:32:14,068 INFO server.RaftServerConfigKeys: raft.server.rpcslowness.timeout = 120s (custom)
datanode_3  | 2019-10-17 21:32:13,602 [pool-9-thread-1] INFO       - group-77C5AC259B2A: The snapshot info is null. Setting the last applied indexto:(t:0, i:~)
kdc_1       | Oct 17 21:31:43 kdc kadmind[15](Notice): Request: kadm5_get_policy, default, Policy does not exist, client=admin/admin@EXAMPLE.COM, service=kadmin/admin@EXAMPLE.COM, addr=127.0.0.1
om_1        | 2019-10-17 21:32:11,018 INFO db.DBStoreBuilder: using custom profile for table: bucketTable
jhs         | 2019-10-17 21:31:56 INFO  HttpServer2:958 - Added filter static_user_filter (class=org.apache.hadoop.http.lib.StaticUserWebFilter$StaticUserFilter) to context static
datanode_2  | 2019-10-17 21:32:12,969 INFO server.RaftServerConfigKeys: raft.server.rpc.timeout.min = 5s (custom)
rm_1        | 2019-10-17 21:32:02 INFO  Configuration:2755 - found resource capacity-scheduler.xml at file:/opt/hadoop/etc/hadoop/capacity-scheduler.xml
kms_1       | 	at com.sun.jersey.server.wadl.generators.WadlGeneratorJAXBGrammarGenerator.buildModelAndSchemas(WadlGeneratorJAXBGrammarGenerator.java:169)
nm_1        | 2019-10-17 21:31:55 INFO  ResourceLocalizationService:242 - per directory file limit = 8192
scm_1       | 2019-10-17 21:32:06,402 INFO server.StorageContainerManager: ScmBlockLocationProtocol RPC server is listening at /0.0.0.0:9863
datanode_1  | 2019-10-17 21:32:14,069 INFO server.RaftServerConfigKeys: raft.server.sleep.deviation.threshold = 300 (default)
datanode_3  | 2019-10-17 21:32:13,603 INFO server.RaftServerConfigKeys: raft.server.notification.no-leader.timeout = 120s (custom)
kdc_1       | Oct 17 21:31:43 kdc kadmind[15](Notice): Request: kadm5_create_principal, dn/4e802df88bfb@EXAMPLE.COM, success, client=admin/admin@EXAMPLE.COM, service=kadmin/admin@EXAMPLE.COM, addr=127.0.0.1
jhs         | 2019-10-17 21:31:56 INFO  HttpServer2:975 - Added global filter 'Timeline Authentication Filter' (class=org.apache.hadoop.yarn.server.timeline.security.TimelineAuthenticationFilter)
om_1        | 2019-10-17 21:32:11,018 INFO db.DBStoreBuilder: Using default column profile:DBProfile.DISK for Table:bucketTable
datanode_2  | 2019-10-17 21:32:12,970 INFO server.RaftServerConfigKeys: raft.server.rpc.timeout.max = 5200ms (custom)
rm_1        | 2019-10-17 21:32:02 INFO  AbstractYarnScheduler:1390 - Minimum allocation = <memory:1024, vCores:1>
kms_1       | 	at com.sun.jersey.server.wadl.generators.AbstractWadlGeneratorGrammarGenerator.createExternalGrammar(AbstractWadlGeneratorGrammarGenerator.java:405)
nm_1        | 2019-10-17 21:31:55 INFO  AsyncDispatcher:223 - Registering class org.apache.hadoop.yarn.server.nodemanager.containermanager.localizer.event.LocalizerEventType for class org.apache.hadoop.yarn.server.nodemanager.containermanager.localizer.ResourceLocalizationService$LocalizerTracker
scm_1       | 2019-10-17 21:32:06,402 INFO server.SCMBlockProtocolServer: RPC server for Block Protocol is listening at /0.0.0.0:9863
datanode_1  | 2019-10-17 21:32:14,069 INFO server.RaftServerConfigKeys: raft.server.log.appender.install.snapshot.enabled = false (custom)
datanode_3  | 2019-10-17 21:32:13,605 INFO server.RaftServerConfigKeys: raft.server.log.use.memory = false (default)
kdc_1       | Oct 17 21:31:43 kdc kadmind[15](info): closing down fd 18
jhs         | 2019-10-17 21:31:56 INFO  HttpServer2:613 - adding path spec: /applicationhistory/*
om_1        | 2019-10-17 21:32:11,018 INFO db.DBStoreBuilder: using custom profile for table: keyTable
datanode_2  | 2019-10-17 21:32:12,970 INFO server.RaftServerConfigKeys: raft.server.rpcslowness.timeout = 120s (custom)
rm_1        | 2019-10-17 21:32:02 INFO  AbstractYarnScheduler:1402 - Maximum allocation = <memory:8192, vCores:4>
kms_1       | 	at com.sun.jersey.server.wadl.WadlBuilder.generate(WadlBuilder.java:149)
nm_1        | 2019-10-17 21:31:55 INFO  ResourceHandlerModule:197 - Using traffic control bandwidth handler
scm_1       | 2019-10-17 21:32:06,402 INFO ipc.Server: IPC Server Responder: starting
datanode_1  | 2019-10-17 21:32:14,077 INFO impl.RaftServerImpl: 28018a9f-15a4-4d33-961e-e7a2636c7d10@group-718FE85FF712: ConfigurationManager, init=-1: [28018a9f-15a4-4d33-961e-e7a2636c7d10:172.18.0.5:9858], old=null, confs=<EMPTY_MAP>
datanode_3  | 2019-10-17 21:32:13,609 INFO server.RaftServerConfigKeys: raft.server.log.purge.gap = 1000000 (custom)
om_1        | 2019-10-17 21:32:11,018 INFO db.DBStoreBuilder: Using default column profile:DBProfile.DISK for Table:keyTable
datanode_2  | 2019-10-17 21:32:12,971 INFO server.RaftServerConfigKeys: raft.server.sleep.deviation.threshold = 300 (default)
kdc_1       | Oct 17 21:31:43 kdc kadmind[15](Notice): Request: kadm5_init, admin/admin@EXAMPLE.COM, success, client=admin/admin@EXAMPLE.COM, service=kadmin/admin@EXAMPLE.COM, addr=127.0.0.1, vers=4, flavor=6
jhs         | 2019-10-17 21:31:56 INFO  HttpServer2:613 - adding path spec: /ws/*
rm_1        | 2019-10-17 21:32:02 INFO  CapacitySchedulerConfiguration:894 - max alloc mb per queue for root is undefined
kms_1       | 	at com.sun.jersey.server.impl.wadl.WadlApplicationContextImpl.getApplication(WadlApplicationContextImpl.java:119)
nm_1        | 2019-10-17 21:31:55 INFO  AuxServices:103 - Adding auxiliary service mapreduce_shuffle, "mapreduce_shuffle"
scm_1       | 2019-10-17 21:32:06,403 INFO ipc.Server: IPC Server listener on 9863: starting
datanode_3  | 2019-10-17 21:32:13,609 INFO server.RaftServerConfigKeys: raft.server.log.appender.buffer.byte-limit = 33554432 (custom)
om_1        | 2019-10-17 21:32:11,018 INFO db.DBStoreBuilder: using custom profile for table: deletedTable
datanode_1  | 2019-10-17 21:32:14,077 INFO server.RaftServerConfigKeys: raft.server.storage.dir = [/data/metadata/ratis] (custom)
datanode_2  | 2019-10-17 21:32:12,971 INFO server.RaftServerConfigKeys: raft.server.log.appender.install.snapshot.enabled = false (custom)
jhs         | 2019-10-17 21:31:56 INFO  WebApps:395 - Registered webapp guice modules
rm_1        | 2019-10-17 21:32:02 INFO  CapacitySchedulerConfiguration:898 - max alloc vcore per queue for root is undefined
nm_1        | 2019-10-17 21:31:55 INFO  ContainersMonitorImpl:138 -  Using ResourceCalculatorPlugin : org.apache.hadoop.yarn.util.ResourceCalculatorPlugin@1500b2f3
kms_1       | 	at com.sun.jersey.server.impl.wadl.WadlApplicationContextImpl.getApplication(WadlApplicationContextImpl.java:138)
kdc_1       | Oct 17 21:31:43 kdc kadmind[15](Notice): Request: kadm5_randkey_principal, dn/4e802df88bfb@EXAMPLE.COM, success, client=admin/admin@EXAMPLE.COM, service=kadmin/admin@EXAMPLE.COM, addr=127.0.0.1
scm_1       | 2019-10-17 21:32:06,406 INFO server.StorageContainerManager: ScmDatanodeProtocl RPC server is listening at /0.0.0.0:9861
datanode_3  | 2019-10-17 21:32:13,611 INFO server.RaftServerConfigKeys: raft.server.log.segment.size.max = 1048576 (custom)
om_1        | 2019-10-17 21:32:11,018 INFO db.DBStoreBuilder: Using default column profile:DBProfile.DISK for Table:deletedTable
datanode_1  | 2019-10-17 21:32:14,083 INFO server.RaftServerConfigKeys: raft.server.log.corruption.policy = EXCEPTION (default)
datanode_2  | 2019-10-17 21:32:12,977 INFO impl.RaftServerImpl: 8e17b41b-8f50-4e51-9e41-0807f5ddb5bc@group-B29471D9E52A: ConfigurationManager, init=-1: [8e17b41b-8f50-4e51-9e41-0807f5ddb5bc:172.18.0.7:9858], old=null, confs=<EMPTY_MAP>
jhs         | 2019-10-17 21:31:56 INFO  HttpServer2:1191 - Jetty bound to port 8188
rm_1        | 2019-10-17 21:32:02 INFO  ParentQueue:151 - root, capacity=1.0, absoluteCapacity=1.0, maxCapacity=1.0, absoluteMaxCapacity=1.0, state=RUNNING, acls=ADMINISTER_QUEUE:*SUBMIT_APP:*, labels=*,
nm_1        | 2019-10-17 21:31:55 INFO  ContainersMonitorImpl:143 -  Using ResourceCalculatorProcessTree : null
kms_1       | 	at com.sun.jersey.server.impl.wadl.WadlMethodFactory$WadlOptionsMethodDispatcher.dispatch(WadlMethodFactory.java:110)
kdc_1       | Oct 17 21:31:43 kdc kadmind[15](Notice): Request: kadm5_get_principal, dn/4e802df88bfb@EXAMPLE.COM, succenot found in Kerberos database
scm_1       | 2019-10-17 21:32:06,406 INFO server.SCMDatanodeProtocolServer: RPC server for DataNodes is listening at /0.0.0.0:9861
datanode_3  | 2019-10-17 21:32:13,613 WARN impl.MetricsSystemImpl: HddsDatanode metrics system already initialized!
om_1        | 2019-10-17 21:32:11,018 INFO db.DBStoreBuilder: using custom profile for table: openKeyTable
datanode_1  | 2019-10-17 21:32:14,084 INFO storage.RaftStorageDirectory: The storage directory /data/metadata/ratis/8f3fe000-6902-413b-a788-718fe85ff712 does not exist. Creating ...
jhs         | 2019-10-17 21:31:56 INFO  Server:351 - jetty-9.3.24.v20180605, build timestamp: 2018-06-05T17:11:56Z, git hash: 84205aa28f11a4f31f2a3b86d1bba2cc8ab69827
datanode_2  | 2019-10-17 21:32:12,978 INFO server.RaftServerConfigKeys: raft.server.storage.dir = [/data/metadata/ratis] (custom)
rm_1        | , reservationsContinueLooking=true, orderingPolicy=utilization, priority=0
nm_1        | 2019-10-17 21:31:55 INFO  ContainersMonitorImpl:190 - Physical memory check enabled: false
kms_1       | 	at com.sun.jersey.server.impl.uri.rules.HttpMethodRule.accept(HttpMethodRule.java:302)
kdc_1       | Oct 17 21:31:43 kdc krb5kdc[9](info): AS_REQ (8 etypes {18 17 20 19 16 23 25 26}) 127.0.0.1: ISSUE: authtime 1571347903, etypes {rep=18 tkt=18 ses=18}, admin/admin@EXAMPLE.COM for kadmin/admin@EXAMPLE.COM
scm_1       | 2019-10-17 21:32:06,407 INFO ipc.Server: IPC Server Responder: starting
datanode_3  | 2019-10-17 21:32:13,620 INFO metrics.MetricRegistries: Loaded MetricRegistries class org.apache.ratis.metrics.impl.MetricRegistriesImpl
om_1        | 2019-10-17 21:32:11,018 INFO db.DBStoreBuilder: Using default column profile:DBProfile.DISK for Table:openKeyTable
datanode_1  | 2019-10-17 21:32:14,111 INFO storage.RaftStorageDirectory: Lock on /data/metadata/ratis/8f3fe000-6902-413b-a788-718fe85ff712/in_use.lock acquired by nodename 7@8c640f414185
jhs         | 2019-10-17 21:31:57 INFO  AbstractDelegationTokenSecretManager:343 - Updating the current master key for generating delegation tokens
datanode_2  | 2019-10-17 21:32:12,982 INFO server.RaftServerConfigKeys: raft.server.log.corruption.policy = EXCEPTION (default)
rm_1        | 2019-10-17 21:32:02 INFO  ParentQueue:114 - Initialized parent-queue root name=root, fullname=root
nm_1        | 2019-10-17 21:31:55 INFO  ContainersMonitorImpl:191 - Virtual memory check enabled: false
kms_1       | 	at com.sun.jersey.server.impl.uri.rules.ResourceClassRule.accept(ResourceClassRule.java:108)
kdc_1       | Oct 17 21:31:43 kdc krb5kdc[9](info): AS_REQ (8 etypes {18 17 20 19 16 23 25 26}) 127.0.0.1: SERVER_NOT_FOUND: admin/admin@EXAMPLE.COM for kadmin/localhost@EXAMPLE.COM, Server not found in Kerberos database
scm_1       | 2019-10-17 21:32:06,408 INFO ipc.Server: IPC Server listener on 9861: starting
datanode_3  | 2019-10-17 21:32:13,675 INFO server.RaftServerConfigKeys: raft.server.log.segment.cache.num.max = 2 (custom)
om_1        | 2019-10-17 21:32:11,018 INFO db.DBStoreBuilder: using custom profile for table: s3Table
datanode_1  | 2019-10-17 21:32:14,126 INFO storage.RaftStorage: Storage directory /data/metadata/ratis/8f3fe000-6902-413b-a788-718fe85ff712 has been successfully formatted.
jhs         | 2019-10-17 21:31:57 INFO  AbstractDelegationTokenSecretManager:675 - Starting expired delegation token remover thread, tokenRemoverScanInterval=60 min(s)
datanode_2  | 2019-10-17 21:32:12,983 INFO storage.RaftStorageDirectory: The storage directory /data/metadata/ratis/aa42833a-f000-4c8b-8271-b29471d9e52a does not exist. Creating ...
rm_1        | 2019-10-17 21:32:02 INFO  CapacitySchedulerConfiguration:894 - max alloc mb per queue for root.default is undefined
nm_1        | 2019-10-17 21:31:55 INFO  ContainersMonitorImpl:192 - Elastic memory control enabled: false
kms_1       | 	at com.sun.jersey.server.impl.uri.rules.RightHandPathRule.accept(RightHandPathRule.java:147)
kdc_1       | ss, client=admin/admin@EXAMPLE.COM, service=kadmin/admin@EXAMPLE.COM, addr=127.0.0.1
scm_1       | 2019-10-17 21:32:06,411 INFO server.SCMClientProtocolServer: Starting RPC server for SCMSecurityProtocolServer. is listening at /0.0.0.0:9961
datanode_3  | 2019-10-17 21:32:13,681 INFO segmented.SegmentedRaftLogWorker: new f34244a8-9211-4aaf-9f48-4c9b8beb273b@group-77C5AC259B2A-SegmentedRaftLogWorker for RaftStorage:Storage Directory /data/metadata/ratis/82ddea7e-f0a5-425a-a2c1-77c5ac259b2a
om_1        | 2019-10-17 21:32:11,018 INFO db.DBStoreBuilder: Using default column profile:DBProfile.DISK for Table:s3Table
datanode_1  | 2019-10-17 21:32:14,130 [pool-9-thread-1] INFO       - group-718FE85FF712: The snapshot info is null. Setting the last applied indexto:(t:0, i:~)
jhs         | 2019-10-17 21:31:57 INFO  ContextHandler:781 - Started o.e.j.s.ServletContextHandler@6a47b187{/logs,file:///opt/hadoop/logs/,AVAILABLE}
datanode_2  | 2019-10-17 21:32:13,017 INFO storage.RaftStorageDirectory: Lock on /data/metadata/ratis/aa42833a-f000-4c8b-8271-b29471d9e52a/in_use.lock acquired by nodename 7@4e802df88bfb
rm_1        | 2019-10-17 21:32:02 INFO  CapacitySchedulerConfiguration:898 - max alloc vcore per queue for root.default is undefined
nm_1        | 2019-10-17 21:31:55 INFO  ContainersMonitorImpl:193 - Strict memory control enabled: true
kms_1       | 	at com.sun.jersey.server.impl.uri.rules.RootResourceClassesRule.accept(RootResourceClassesRule.java:84)
kdc_1       | Oct 17 21:31:43 kdc kadmind[15](info): closing down fd 18
datanode_3  | 2019-10-17 21:32:13,681 INFO server.RaftServerConfigKeys: raft.server.log.queue.byte-limit = 2147483647 (custom)
scm_1       | 2019-10-17 21:32:06,412 INFO ipc.Server: IPC Server Responder: starting
datanode_1  | 2019-10-17 21:32:14,130 INFO server.RaftServerConfigKeys: raft.server.notification.no-leader.timeout = 120s (custom)
jhs         | 2019-10-17 21:31:57 INFO  ContextHandler:781 - Started o.e.j.s.ServletContextHandler@11bb571c{/static,jar:file:/opt/hadoop/share/hadoop/yarn/hadoop-yarn-common-3.2.0.jar!/webapps/static,AVAILABLE}
datanode_2  | 2019-10-17 21:32:13,039 INFO storage.RaftStorage: Storage directory /data/metadata/ratis/aa42833a-f000-4c8b-8271-b29471d9e52a has been successfully formatted.
om_1        | 2019-10-17 21:32:11,019 INFO db.DBStoreBuilder: using custom profile for table: multipartInfoTable
rm_1        | 2019-10-17 21:32:02 INFO  LeafQueue:285 - Initializing default
kms_1       | 	at com.sun.jersey.server.impl.application.WebApplicationImpl._handleRequest(WebApplicationImpl.java:1542)
kdc_1       | Oct 17 21:31:43 kdc kadmind[15](Notice): Request: kadm5_init, admin/admin@EXAMPLE.COM, success, client=admin/admin@EXAMPLE.COM, service=kadmin/admin@EXAMPLE.COM, addr=127.0.0.1, vers=4, flavor=6
datanode_3  | 2019-10-17 21:32:13,682 INFO server.RaftServerConfigKeys: raft.server.log.queue.element-limit = 1024 (custom)
nm_1        | 2019-10-17 21:31:55 INFO  ContainersMonitorImpl:218 - ContainersMonitor enabled: true
scm_1       | 2019-10-17 21:32:06,412 INFO ipc.Server: IPC Server listener on 9961: starting
datanode_1  | 2019-10-17 21:32:14,134 INFO server.RaftServerConfigKeys: raft.server.log.use.memory = false (default)
jhs         | Oct 17, 2019 9:31:57 PM com.sun.jersey.guice.spi.container.GuiceComponentProviderFactory register
datanode_2  | 2019-10-17 21:32:13,044 [pool-9-thread-1] INFO       - group-B29471D9E52A: The snapshot info is null. Setting the last applied indexto:(t:0, i:~)
om_1        | 2019-10-17 21:32:11,019 INFO db.DBStoreBuilder: Using default column profile:DBProfile.DISK for Table:multipartInfoTable
rm_1        | capacity = 1.0 [= (float) configuredCapacity / 100 ]
kms_1       | 	at com.sun.jersey.server.impl.application.WebApplicationImpl._handleRequest(WebApplicationImpl.java:1473)
kdc_1       | Oct 17 21:31:43 kdc kadmind[15](Notice): Request: kadm5_get_policy, default, Policy does not exist, client=admin/admin@EXAMPLE.COM, service=kadmin/admin@EXAMPLE.COM, addr=127.0.0.1
datanode_3  | 2019-10-17 21:32:13,682 INFO server.RaftServerConfigKeys: raft.server.log.segment.size.max = 1048576 (custom)
nm_1        | 2019-10-17 21:31:55 INFO  LogAggregationService:139 - rollingMonitorInterval is set as 3600. The logs will be aggregated every 3600 seconds
scm_1       | 2019-10-17 21:32:06,415 INFO http.HttpServer2: Jetty bound to port 9876
datanode_1  | 2019-10-17 21:32:14,141 INFO server.RaftServerConfigKeys: raft.server.log.purge.gap = 1000000 (custom)
jhs         | INFO: Registering org.apache.hadoop.yarn.webapp.YarnJacksonJaxbJsonProvider as a provider class
datanode_2  | 2019-10-17 21:32:13,045 INFO server.RaftServerConfigKeys: raft.server.notification.no-leader.timeout = 120s (custom)
om_1        | 2019-10-17 21:32:11,019 INFO db.DBStoreBuilder: using custom profile for table: dTokenTable
rm_1        | absoluteCapacity = 1.0 [= parentAbsoluteCapacity * capacity ]
kms_1       | 	at com.sun.jersey.server.impl.application.WebApplicationImpl.handleRequest(WebApplicationImpl.java:1419)
datanode_3  | 2019-10-17 21:32:13,683 INFO server.RaftServerConfigKeys: raft.server.log.preallocated.size = 16384 (custom)
kdc_1       | Oct 17 21:31:43 kdc kadmind[15](Notice): Request: kadm5_create_principal, dn/s3g@EXAMPLE.COM, success, client=admin/admin@EXAMPLE.COM, service=kadmin/admin@EXAMPLE.COM, addr=127.0.0.1
nm_1        | 2019-10-17 21:31:55 INFO  ContainerManagerImpl:394 - Not a recoverable state store. Nothing to recover.
scm_1       | 2019-10-17 21:32:06,416 INFO server.Server: jetty-9.3.25.v20180904, build timestamp: 2018-09-04T21:11:46Z, git hash: 3ce520221d0240229c862b122d2b06c12a625732
datanode_1  | 2019-10-17 21:32:14,141 INFO server.RaftServerConfigKeys: raft.server.log.appender.buffer.byte-limit = 33554432 (custom)
jhs         | Oct 17, 2019 9:31:57 PM com.sun.jersey.guice.spi.container.GuiceComponentProviderFactory register
datanode_2  | 2019-10-17 21:32:13,048 INFO server.RaftServerConfigKeys: raft.server.log.use.memory = false (default)
om_1        | 2019-10-17 21:32:11,019 INFO db.DBStoreBuilder: Using default column profile:DBProfile.DISK for Table:dTokenTable
rm_1        | maxCapacity = 1.0 [= configuredMaxCapacity ]
kms_1       | 	at com.sun.jersey.server.impl.application.WebApplicationImpl.handleRequest(WebApplicationImpl.java:1409)
datanode_3  | 2019-10-17 21:32:13,683 INFO server.RaftServerConfigKeys: raft.server.log.write.buffer.size = 33554432 (custom)
kdc_1       | Oct 17 21:31:43 kdc kadmind[15](info): closing down fd 18
nm_1        | 2019-10-17 21:31:55 INFO  Configuration:2752 - resource-types.xml not found
scm_1       | 2019-10-17 21:32:06,474 INFO handler.ContextHandler: Started o.e.j.s.ServletContextHandler@4483d35{/logs,file:///var/log/hadoop/,AVAILABLE}
jhs         | INFO: Registering org.apache.hadoop.yarn.server.applicationhistoryservice.webapp.AHSWebServices as a root resource class
datanode_1  | 2019-10-17 21:32:14,144 INFO server.RaftServerConfigKeys: raft.server.log.segment.size.max = 1048576 (custom)
datanode_2  | 2019-10-17 21:32:13,055 INFO server.RaftServerConfigKeys: raft.server.log.purge.gap = 1000000 (custom)
om_1        | 2019-10-17 21:32:11,019 INFO db.DBStoreBuilder: using custom profile for table: s3SecretTable
kms_1       | 	at com.sun.jersey.spi.container.servlet.WebComponent.service(WebComponent.java:409)
datanode_3  | 2019-10-17 21:32:13,684 INFO server.RaftServerConfigKeys: raft.server.log.force.sync.num = 128 (default)
rm_1        | absoluteMaxCapacity = 1.0 [= 1.0 maximumCapacity undefined, (parentAbsoluteMaxCapacity * maximumCapacity) / 100 otherwise ]
kdc_1       | Oct 17 21:31:43 kdc kadmind[15](Notice): Request: kadm5_init, admin/admin@EXAMPLE.COM, success, client=admin/admin@EXAMPLE.COM, service=kadmin/admin@EXAMPLE.COM, addr=127.0.0.1, vers=4, flavor=6
nm_1        | 2019-10-17 21:31:55 INFO  ResourceUtils:419 - Unable to find 'resource-types.xml'.
scm_1       | 2019-10-17 21:32:06,475 INFO handler.ContextHandler: Started o.e.j.s.ServletContextHandler@3762c4fc{/static,jar:file:/opt/hadoop/share/ozone/lib/hadoop-hdds-server-scm-0.5.0-SNAPSHOT.jar!/webapps/static,AVAILABLE}
jhs         | Oct 17, 2019 9:31:57 PM com.sun.jersey.guice.spi.container.GuiceComponentProviderFactory register
datanode_1  | 2019-10-17 21:32:14,146 WARN impl.MetricsSystemImpl: HddsDatanode metrics system already initialized!
datanode_2  | 2019-10-17 21:32:13,055 INFO server.RaftServerConfigKeys: raft.server.log.appender.buffer.byte-limit = 33554432 (custom)
om_1        | 2019-10-17 21:32:11,019 INFO db.DBStoreBuilder: Using default column profile:DBProfile.DISK for Table:s3SecretTable
kms_1       | 	at com.sun.jersey.spi.container.servlet.ServletContainer.service(ServletContainer.java:558)
datanode_3  | 2019-10-17 21:32:13,685 INFO server.RaftServerConfigKeys: raft.server.log.statemachine.data.sync = true (default)
rm_1        | effectiveMinResource=<memory:0, vCores:0>
nm_1        | 2019-10-17 21:31:55 INFO  Configuration:2752 - node-resources.xml not found
kdc_1       | Oct 17 21:31:43 kdc kadmind[15](Notice): Request: kadm5_randkey_principal, dn/s3g@EXAMPLE.COM, success, client=admin/admin@EXAMPLE.COM, service=kadmin/admin@EXAMPLE.COM, addr=127.0.0.1
scm_1       | 2019-10-17 21:32:06,580 INFO server.KerberosAuthenticationHandler: Using keytab /etc/security/keytabs/HTTP.keytab, for principal HTTP/scm@EXAMPLE.COM
jhs         | INFO: Registering org.apache.hadoop.yarn.server.timeline.webapp.TimelineWebServices as a root resource class
datanode_1  | 2019-10-17 21:32:14,152 INFO metrics.MetricRegistries: Loaded MetricRegistries class org.apache.ratis.metrics.impl.MetricRegistriesImpl
datanode_2  | 2019-10-17 21:32:13,058 INFO server.RaftServerConfigKeys: raft.server.log.segment.size.max = 1048576 (custom)
om_1        | 2019-10-17 21:32:11,019 INFO db.DBStoreBuilder: using custom profile for table: prefixTable
kms_1       | 	at com.sun.jersey.spi.container.servlet.ServletContainer.service(ServletContainer.java:733)
datanode_3  | 2019-10-17 21:32:13,685 INFO server.RaftServerConfigKeys: raft.server.log.statemachine.data.sync.timeout = 10s (default)
rm_1        |  , effectiveMaxResource=<memory:0, vCores:0>
nm_1        | 2019-10-17 21:31:55 INFO  ResourceUtils:419 - Unable to find 'node-resources.xml'.
kdc_1       | Oct 17 21:31:43 kdc kadmind[15](Notice): Request: kadm5_get_principal, dn/s3g@EXAMPLE.COM, success, client=admin/admin@EXAMPLE.COM, service=kadmin/admin@EXAMPLE.COM, addr=127.0.0.1
scm_1       | 2019-10-17 21:32:06,585 INFO handler.ContextHandler: Started o.e.j.w.WebAppContext@10850d17{/,file:///tmp/jetty-0.0.0.0-9876-scm-_-any-6355252517118835738.dir/webapp/,AVAILABLE}{/scm}
jhs         | Oct 17, 2019 9:31:57 PM com.sun.jersey.guice.spi.container.GuiceComponentProviderFactory register
datanode_1  | 2019-10-17 21:32:14,199 INFO server.RaftServerConfigKeys: raft.server.log.segment.cache.num.max = 2 (custom)
om_1        | 2019-10-17 21:32:11,019 INFO db.DBStoreBuilder: Using default column profile:DBProfile.DISK for Table:prefixTable
datanode_2  | 2019-10-17 21:32:13,060 WARN impl.MetricsSystemImpl: HddsDatanode metrics system already initialized!
kms_1       | 	at javax.servlet.http.HttpServlet.service(HttpServlet.java:790)
datanode_3  | 2019-10-17 21:32:13,685 INFO server.RaftServerConfigKeys: raft.server.log.statemachine.data.sync.timeout.retry = -1 (default)
rm_1        | userLimit = 100 [= configuredUserLimit ]
nm_1        | 2019-10-17 21:31:55 INFO  NodeStatusUpdaterImpl:199 - Nodemanager resources is set to: <memory:8192, vCores:8>
kdc_1       | Oct 17 21:31:43 kdc kadmind[15](info): closing down fd 18
scm_1       | 2019-10-17 21:32:06,591 INFO ipc.Server: Auth successful for om/om@EXAMPLE.COM (auth:KERBEROS)
jhs         | INFO: Registering org.apache.hadoop.yarn.webapp.GenericExceptionHandler as a provider class
datanode_1  | 2019-10-17 21:32:14,204 INFO segmented.SegmentedRaftLogWorker: new 28018a9f-15a4-4d33-961e-e7a2636c7d10@group-718FE85FF712-SegmentedRaftLogWorker for RaftStorage:Storage Directory /data/metadata/ratis/8f3fe000-6902-413b-a788-718fe85ff712
om_1        | 2019-10-17 21:32:11,029 INFO db.DBStoreBuilder: using custom profile for table: default
datanode_2  | 2019-10-17 21:32:13,068 INFO metrics.MetricRegistries: Loaded MetricRegistries class org.apache.ratis.metrics.impl.MetricRegistriesImpl
kms_1       | 	at org.eclipse.jetty.servlet.ServletHolder.handle(ServletHolder.java:848)
datanode_3  | 2019-10-17 21:32:13,694 INFO server.RaftServerConfigKeys: raft.server.log.statemachine.data.caching.enabled = true (custom)
rm_1        | userLimitFactor = 1.0 [= configuredUserLimitFactor ]
nm_1        | 2019-10-17 21:31:55 INFO  NodeStatusUpdaterImpl:247 - Initialized nodemanager with : physical-memory=8192 virtual-memory=17204 virtual-cores=8
kdc_1       | Oct 17 21:31:43 kdc kadmind[15](Notice): Request: kadm5_init, admin/admin@EXAMPLE.COM, success, client=admin/admin@EXAMPLE.COM, service=kadmin/admin@EXAMPLE.COM, addr=127.0.0.1, vers=4, flavor=6
scm_1       | 2019-10-17 21:32:06,592 INFO server.AbstractConnector: Started ServerConnector@5a7df831{HTTP/1.1,[http/1.1]}{0.0.0.0:9876}
jhs         | Oct 17, 2019 9:31:57 PM com.sun.jersey.server.impl.application.WebApplicationImpl _initiate
datanode_1  | 2019-10-17 21:32:14,204 INFO server.RaftServerConfigKeys: raft.server.log.queue.byte-limit = 2147483647 (custom)
om_1        | 2019-10-17 21:32:11,029 INFO db.DBStoreBuilder: Using default column profile:DBProfile.DISK for Table:default
datanode_2  | 2019-10-17 21:32:13,115 INFO server.RaftServerConfigKeys: raft.server.log.segment.cache.num.max = 2 (custom)
kms_1       | 	at org.eclipse.jetty.servlet.ServletHandler$CachedChain.doFilter(ServletHandler.java:1772)
datanode_3  | 2019-10-17 21:32:13,697 INFO segmented.SegmentedRaftLogWorker: f34244a8-9211-4aaf-9f48-4c9b8beb273b@group-77C5AC259B2A-SegmentedRaftLogWorker: flushIndex: setUnconditionally 0 -> -1
rm_1        | maxApplications = 10000 [= configuredMaximumSystemApplicationsPerQueue or (int)(configuredMaximumSystemApplications * absoluteCapacity)]
nm_1        | 2019-10-17 21:31:55 INFO  CallQueueManager:84 - Using callQueue: class java.util.concurrent.LinkedBlockingQueue, queueCapacity: 2000, scheduler: class org.apache.hadoop.ipc.DefaultRpcScheduler, ipcBackoff: false.
kdc_1       | Oct 17 21:31:43 kdc kadmind[15](Notice): Request: kadm5_get_policy, default, Policy does not exist, client=admin/admin@EXAMPLE.COM, service=kadmin/admin@EXAMPLE.COM, addr=127.0.0.1
scm_1       | 2019-10-17 21:32:06,592 INFO server.Server: Started @4972ms
jhs         | INFO: Initiating Jersey application, version 'Jersey: 1.19 02/11/2015 03:25 AM'
datanode_1  | 2019-10-17 21:32:14,205 INFO server.RaftServerConfigKeys: raft.server.log.queue.element-limit = 1024 (custom)
om_1        | 2019-10-17 21:32:11,030 INFO db.DBStoreBuilder: Using default options. DBProfile.DISK
datanode_2  | 2019-10-17 21:32:13,120 INFO segmented.SegmentedRaftLogWorker: new 8e17b41b-8f50-4e51-9e41-0807f5ddb5bc@group-B29471D9E52A-SegmentedRaftLogWorker for RaftStorage:Storage Directory /data/metadata/ratis/aa42833a-f000-4c8b-8271-b29471d9e52a
kms_1       | 	at org.apache.hadoop.crypto.key.kms.server.KMSMDCFilter.doFilter(KMSMDCFilter.java:84)
datanode_3  | 2019-10-17 21:32:13,701 INFO server.RaftServerConfigKeys: raft.server.snapshot.auto.trigger.enabled = true (custom)
rm_1        | maxApplicationsPerUser = 10000 [= (int)(maxApplications * (userLimit / 100.0f) * userLimitFactor) ]
nm_1        | 2019-10-17 21:31:55 INFO  Server:1074 - Starting Socket Reader #1 for port 37194
kdc_1       | Oct 17 21:31:43 kdc kadmind[15](Notice): Request: kadm5_create_principal, testuser/jhs@EXAMPLE.COM, success, client=admin/admin@EXAMPLE.COM, service=kadmin/admin@EXAMPLE.COM, addr=127.0.0.1
scm_1       | 2019-10-17 21:32:06,594 INFO impl.MetricsSinkAdapter: Sink prometheus started
jhs         | Oct 17, 2019 9:31:57 PM com.sun.jersey.guice.spi.container.GuiceComponentProviderFactory getComponentProvider
datanode_1  | 2019-10-17 21:32:14,205 INFO server.RaftServerConfigKeys: raft.server.log.segment.size.max = 1048576 (custom)
om_1        | 2019-10-17 21:32:11,601 INFO Configuration.deprecation: No unit for ozone.manager.delegation.remover.scan.interval(3600000) assuming MILLISECONDS
datanode_2  | 2019-10-17 21:32:13,121 INFO server.RaftServerConfigKeys: raft.server.log.queue.byte-limit = 2147483647 (custom)
kms_1       | 	at org.eclipse.jetty.servlet.ServletHandler$CachedChain.doFilter(ServletHandler.java:1759)
datanode_3  | 2019-10-17 21:32:13,702 INFO server.RaftServerConfigKeys: raft.server.snapshot.auto.trigger.threshold = 10000 (custom)
rm_1        | usedCapacity = 0.0 [= usedResourcesMemory / (clusterResourceMemory * absoluteCapacity)]
nm_1        | 2019-10-17 21:31:56 INFO  RpcServerFactoryPBImpl:173 - Adding protocol org.apache.hadoop.yarn.api.ContainerManagementProtocolPB to the server
kdc_1       | Oct 17 21:31:43 kdc kadmind[15](info): closing down fd 18
scm_1       | 2019-10-17 21:32:06,594 INFO impl.MetricsSystemImpl: Registered sink prometheus
jhs         | INFO: Binding org.apache.hadoop.yarn.webapp.GenericExceptionHandler to GuiceManagedComponentProvider with the scope "Singleton"
datanode_1  | 2019-10-17 21:32:14,206 INFO server.RaftServerConfigKeys: raft.server.log.preallocated.size = 16384 (custom)
om_1        | 2019-10-17 21:32:11,604 [main] INFO       - Loaded 0 tokens
datanode_2  | 2019-10-17 21:32:13,121 INFO server.RaftServerConfigKeys: raft.server.log.queue.element-limit = 1024 (custom)
kms_1       | 	at org.apache.hadoop.security.authentication.server.AuthenticationFilter.doFilter(AuthenticationFilter.java:644)
datanode_3  | 2019-10-17 21:32:13,702 INFO server.RaftServerConfigKeys: raft.server.snapshot.retention.file.num = 5 (custom)
rm_1        | absoluteUsedCapacity = 0.0 [= usedResourcesMemory / clusterResourceMemory]
nm_1        | 2019-10-17 21:31:56 INFO  Server:1314 - IPC Server Responder: starting
kdc_1       | Oct 17 21:31:43 kdc kadmind[15](Notice): Request: kadm5_init, admin/admin@EXAMPLE.COM, success, client=admin/admin@EXAMPLE.COM, service=kadmin/admin@EXAMPLE.COM, addr=127.0.0.1, vers=4, flavor=6
scm_1       | 2019-10-17 21:32:06,596 INFO server.BaseHttpServer: HTTP server of SCM is listening at http://0.0.0.0:9876
jhs         | Oct 17, 2019 9:31:57 PM com.sun.jersey.guice.spi.container.GuiceComponentProviderFactory getComponentProvider
datanode_1  | 2019-10-17 21:32:14,206 INFO server.RaftServerConfigKeys: raft.server.log.write.buffer.size = 33554432 (custom)
om_1        | 2019-10-17 21:32:11,604 [main] INFO       - Loading token state into token manager.
datanode_2  | 2019-10-17 21:32:13,122 INFO server.RaftServerConfigKeys: raft.server.log.segment.size.max = 1048576 (custom)
kms_1       | 	at org.apache.hadoop.security.token.delegation.web.DelegationTokenAuthenticationFilter.doFilter(DelegationTokenAuthenticationFilter.java:304)
datanode_3  | 2019-10-17 21:32:13,703 INFO server.RaftServerConfigKeys: raft.server.retrycache.expirytime = 600000ms (custom)
rm_1        | maxAMResourcePerQueuePercent = 0.1 [= configuredMaximumAMResourcePercent ]
nm_1        | 2019-10-17 21:31:56 INFO  Server:1153 - IPC Server listener on 37194: starting
kdc_1       | Oct 17 21:31:43 kdc kadmind[15](Notice): Request: kadm5_randkey_principal, testuser/jhs@EXAMPLE.COM, success, client=admin/admin@EXAMPLE.COM, service=kadmin/admin@EXAMPLE.COM, addr=127.0.0.1
scm_1       | 2019-10-17 21:32:06,599 INFO ipc.Server: Auth successful for dn/8c640f414185@EXAMPLE.COM (auth:KERBEROS)
jhs         | INFO: Binding org.apache.hadoop.yarn.webapp.YarnJacksonJaxbJsonProvider to GuiceManagedComponentProvider with the scope "Singleton"
datanode_1  | 2019-10-17 21:32:14,206 INFO server.RaftServerConfigKeys: raft.server.log.force.sync.num = 128 (default)
om_1        | 2019-10-17 21:32:11,643 INFO ipc.CallQueueManager: Using callQueue: class java.util.concurrent.LinkedBlockingQueue, queueCapacity: 2000, scheduler: class org.apache.hadoop.ipc.DefaultRpcScheduler, ipcBackoff: false.
datanode_2  | 2019-10-17 21:32:13,122 INFO server.RaftServerConfigKeys: raft.server.log.preallocated.size = 16384 (custom)
kms_1       | 	at org.apache.hadoop.security.authentication.server.AuthenticationFilter.doFilter(AuthenticationFilter.java:592)
datanode_3  | 2019-10-17 21:32:13,733 INFO impl.RaftServerImpl: f34244a8-9211-4aaf-9f48-4c9b8beb273b@group-77C5AC259B2A: start as a follower, conf=-1: [f34244a8-9211-4aaf-9f48-4c9b8beb273b:172.18.0.10:9858], old=null
nm_1        | 2019-10-17 21:31:56 INFO  NMContainerTokenSecretManager:265 - Updating node address : nm:37194
kdc_1       | Oct 17 21:31:43 kdc kadmind[15](Notice): Request: kadm5_get_principal, testuser/jhs@EXAMPLE.COM, success, client=admin/admin@EXAMPLE.COM, service=kadmin/admin@EXAMPLE.COM, addr=127.0.0.1
scm_1       | 2019-10-17 21:32:06,600 INFO ipc.Server: Auth successful for dn/59f9b2f9fef8@EXAMPLE.COM (auth:KERBEROS)
rm_1        | minimumAllocationFactor = 0.875 [= (float)(maximumAllocationMemory - minimumAllocationMemory) / maximumAllocationMemory ]
jhs         | Oct 17, 2019 9:31:57 PM com.sun.jersey.guice.spi.container.GuiceComponentProviderFactory getComponentProvider
datanode_1  | 2019-10-17 21:32:14,207 INFO server.RaftServerConfigKeys: raft.server.log.statemachine.data.sync = true (default)
om_1        | 2019-10-17 21:32:11,650 INFO ipc.Server: Starting Socket Reader #1 for port 9862
datanode_2  | 2019-10-17 21:32:13,123 INFO server.RaftServerConfigKeys: raft.server.log.write.buffer.size = 33554432 (custom)
kms_1       | 	at org.apache.hadoop.crypto.key.kms.server.KMSAuthenticationFilter.doFilter(KMSAuthenticationFilter.java:142)
datanode_3  | 2019-10-17 21:32:13,735 INFO impl.RaftServerImpl: f34244a8-9211-4aaf-9f48-4c9b8beb273b@group-77C5AC259B2A: changes role from      null to FOLLOWER at term 0 for startAsFollower
nm_1        | 2019-10-17 21:31:56 INFO  CallQueueManager:84 - Using callQueue: class java.util.concurrent.LinkedBlockingQueue, queueCapacity: 500, scheduler: class org.apache.hadoop.ipc.DefaultRpcScheduler, ipcBackoff: false.
kdc_1       | Oct 17 21:31:43 kdc kadmind[15](info): closing down fd 18
scm_1       | 2019-10-17 21:32:06,602 INFO ipc.Server: Auth successful for dn/4e802df88bfb@EXAMPLE.COM (auth:KERBEROS)
jhs         | INFO: Binding org.apache.hadoop.yarn.server.applicationhistoryservice.webapp.AHSWebServices to GuiceManagedComponentProvider with the scope "Singleton"
rm_1        | maximumAllocation = <memory:8192, vCores:4> [= configuredMaxAllocation ]
datanode_1  | 2019-10-17 21:32:14,207 INFO server.RaftServerConfigKeys: raft.server.log.statemachine.data.sync.timeout = 10s (default)
om_1        | 2019-10-17 21:32:11,695 [main] INFO       - OzoneManager RPC server is listening at om/172.18.0.8:9862
datanode_2  | 2019-10-17 21:32:13,123 INFO server.RaftServerConfigKeys: raft.server.log.force.sync.num = 128 (default)
kms_1       | 	at org.eclipse.jetty.servlet.ServletHandler$CachedChain.doFilter(ServletHandler.java:1751)
datanode_3  | 2019-10-17 21:32:13,736 INFO impl.RoleInfo: f34244a8-9211-4aaf-9f48-4c9b8beb273b: start FollowerState
kdc_1       | WARNING: no policy specified for dn/59f9b2f9fef8@EXAMPLE.COM; defaulting to no policy
scm_1       | 2019-10-17 21:32:06,607 INFO util.JvmPauseMonitor: Starting JVM pause monitor
jhs         | Oct 17, 2019 9:31:57 PM com.sun.jersey.guice.spi.container.GuiceComponentProviderFactory getComponentProvider
nm_1        | 2019-10-17 21:31:56 INFO  Server:1074 - Starting Socket Reader #1 for port 8040
rm_1        | numContainers = 0 [= currentNumContainers ]
datanode_1  | 2019-10-17 21:32:14,208 INFO server.RaftServerConfigKeys: raft.server.log.statemachine.data.sync.timeout.retry = -1 (default)
om_1        | 2019-10-17 21:32:11,790 INFO impl.MetricsConfig: Loaded properties from hadoop-metrics2.properties
datanode_2  | 2019-10-17 21:32:13,124 INFO server.RaftServerConfigKeys: raft.server.log.statemachine.data.sync = true (default)
kms_1       | 	at org.apache.hadoop.http.HttpServer2$QuotingInputFilter.doFilter(HttpServer2.java:1609)
datanode_3  | 2019-10-17 21:32:13,742 INFO util.JmxRegister: Successfully registered JMX Bean with object name Ratis:service=RaftServer,group=group-77C5AC259B2A,id=f34244a8-9211-4aaf-9f48-4c9b8beb273b
kdc_1       | Principal "dn/59f9b2f9fef8@EXAMPLE.COM" created.
scm_1       | 2019-10-17 21:32:06,728 INFO server.SCMClientProtocolServer: Processing CSR for dn 59f9b2f9fef8, UUID: f34244a8-9211-4aaf-9f48-4c9b8beb273b
jhs         | INFO: Binding org.apache.hadoop.yarn.server.timeline.webapp.TimelineWebServices to GuiceManagedComponentProvider with the scope "Singleton"
nm_1        | 2019-10-17 21:31:56 INFO  RpcServerFactoryPBImpl:173 - Adding protocol org.apache.hadoop.yarn.server.nodemanager.api.LocalizationProtocolPB to the server
rm_1        | state = RUNNING [= configuredState ]
datanode_1  | 2019-10-17 21:32:14,216 INFO server.RaftServerConfigKeys: raft.server.log.statemachine.data.caching.enabled = true (custom)
om_1        | 2019-10-17 21:32:11,829 INFO impl.MetricsSystemImpl: Scheduled Metric snapshot period at 10 second(s).
datanode_2  | 2019-10-17 21:32:13,124 INFO server.RaftServerConfigKeys: raft.server.log.statemachine.data.sync.timeout = 10s (default)
kdc_1       | Authenticating as principal admin/admin with keytab /tmp/admin.keytab.
datanode_3  | 2019-10-17 21:32:13,799 INFO impl.FollowerState: f34244a8-9211-4aaf-9f48-4c9b8beb273b@group-77C5AC259B2A-FollowerState: change to CANDIDATE, lastRpcTime:63ms, electionTimeout:62ms
kms_1       | 	at org.eclipse.jetty.servlet.ServletHandler$CachedChain.doFilter(ServletHandler.java:1759)
scm_1       | 2019-10-17 21:32:06,729 INFO server.SCMClientProtocolServer: Processing CSR for dn 8c640f414185, UUID: 28018a9f-15a4-4d33-961e-e7a2636c7d10
datanode_1  | 2019-10-17 21:32:14,220 INFO segmented.SegmentedRaftLogWorker: 28018a9f-15a4-4d33-961e-e7a2636c7d10@group-718FE85FF712-SegmentedRaftLogWorker: flushIndex: setUnconditionally 0 -> -1
nm_1        | 2019-10-17 21:31:56 INFO  Server:1314 - IPC Server Responder: starting
datanode_2  | 2019-10-17 21:32:13,125 INFO server.RaftServerConfigKeys: raft.server.log.statemachine.data.sync.timeout.retry = -1 (default)
rm_1        | acls = ADMINISTER_QUEUE:*SUBMIT_APP:* [= configuredAcls ]
om_1        | 2019-10-17 21:32:11,830 INFO impl.MetricsSystemImpl: OzoneManager metrics system started
kdc_1       | Entry for principal dn/59f9b2f9fef8@EXAMPLE.COM with kvno 2, encryption type aes256-cts-hmac-sha1-96 added to keytab WRFILE:/data/dn.59f9b2f9fef8.keytab.
jhs         | 2019-10-17 21:31:57 INFO  ContextHandler:781 - Started o.e.j.w.WebAppContext@5eb97ced{/,file:///tmp/jetty-jhs-8188-applicationhistory-_-any-513882891967715086.dir/webapp/,AVAILABLE}{/applicationhistory}
kms_1       | 	at org.apache.hadoop.http.NoCacheFilter.doFilter(NoCacheFilter.java:45)
scm_1       | 2019-10-17 21:32:06,825 INFO server.SCMClientProtocolServer: Processing CSR for dn 4e802df88bfb, UUID: 8e17b41b-8f50-4e51-9e41-0807f5ddb5bc
datanode_3  | 2019-10-17 21:32:13,800 INFO impl.RoleInfo: f34244a8-9211-4aaf-9f48-4c9b8beb273b: shutdown FollowerState
datanode_1  | 2019-10-17 21:32:14,224 INFO server.RaftServerConfigKeys: raft.server.snapshot.auto.trigger.enabled = true (custom)
nm_1        | 2019-10-17 21:31:56 INFO  Server:1153 - IPC Server listener on 8040: starting
datanode_2  | 2019-10-17 21:32:13,134 INFO server.RaftServerConfigKeys: raft.server.log.statemachine.data.caching.enabled = true (custom)
rm_1        | nodeLocalityDelay = 40
