datanode_1  | 2019-10-17 21:23:07,186 INFO server.RaftServerConfigKeys: raft.server.log.statemachine.data.sync.timeout.retry = -1 (default)
datanode_3  | 2019-10-17 21:23:07,186 INFO server.RaftServerConfigKeys: raft.server.log.write.buffer.size = 33554432 (custom)
datanode_2  | 2019-10-17 21:23:07,189 INFO server.RaftServerConfigKeys: raft.server.retrycache.expirytime = 600000ms (custom)
datanode_1  | 2019-10-17 21:23:07,186 INFO server.RaftServerConfigKeys: raft.server.log.statemachine.data.caching.enabled = true (custom)
datanode_2  | 2019-10-17 21:23:07,191 INFO server.RaftServerConfigKeys: raft.server.staging.catchup.gap = 1000 (default)
datanode_3  | 2019-10-17 21:23:07,186 INFO server.RaftServerConfigKeys: raft.server.log.force.sync.num = 128 (default)
datanode_1  | 2019-10-17 21:23:07,187 INFO segmented.SegmentedRaftLogWorker: 161384b4-7bfd-46c7-8c00-036f77c060d8@group-81B9A902C386-SegmentedRaftLogWorker: flushIndex: setUnconditionally 0 -> -1
datanode_2  | 2019-10-17 21:23:07,192 INFO server.RaftServerConfigKeys: raft.server.rpc.sleep.time = 25ms (default)
datanode_3  | 2019-10-17 21:23:07,186 INFO server.RaftServerConfigKeys: raft.server.log.statemachine.data.sync = true (default)
datanode_1  | 2019-10-17 21:23:07,187 INFO server.RaftServerConfigKeys: raft.server.snapshot.auto.trigger.enabled = true (custom)
datanode_2  | 2019-10-17 21:23:07,194 INFO impl.RaftServerImpl: f4358652-2a49-482f-838f-1b3170914d91@group-81B9A902C386: start as a follower, conf=-1: [161384b4-7bfd-46c7-8c00-036f77c060d8:172.18.0.4:9858, 5f9d9c3f-add9-4fe3-8f65-cca63cc9e443:172.18.0.6:9858, f4358652-2a49-482f-838f-1b3170914d91:172.18.0.2:9858], old=null
datanode_3  | 2019-10-17 21:23:07,186 INFO server.RaftServerConfigKeys: raft.server.log.statemachine.data.sync.timeout = 10s (default)
datanode_1  | 2019-10-17 21:23:07,187 INFO server.RaftServerConfigKeys: raft.server.snapshot.auto.trigger.threshold = 10000 (custom)
datanode_3  | 2019-10-17 21:23:07,187 INFO server.RaftServerConfigKeys: raft.server.log.statemachine.data.sync.timeout.retry = -1 (default)
datanode_1  | 2019-10-17 21:23:07,188 INFO server.RaftServerConfigKeys: raft.server.snapshot.retention.file.num = 5 (custom)
datanode_2  | 2019-10-17 21:23:07,194 INFO impl.RaftServerImpl: f4358652-2a49-482f-838f-1b3170914d91@group-81B9A902C386: changes role from      null to FOLLOWER at term 0 for startAsFollower
datanode_3  | 2019-10-17 21:23:07,187 INFO server.RaftServerConfigKeys: raft.server.log.statemachine.data.caching.enabled = true (custom)
datanode_1  | 2019-10-17 21:23:07,188 INFO server.RaftServerConfigKeys: raft.server.retrycache.expirytime = 600000ms (custom)
datanode_3  | 2019-10-17 21:23:07,187 INFO segmented.SegmentedRaftLogWorker: 5f9d9c3f-add9-4fe3-8f65-cca63cc9e443@group-81B9A902C386-SegmentedRaftLogWorker: flushIndex: setUnconditionally 0 -> -1
datanode_2  | 2019-10-17 21:23:07,194 INFO impl.RoleInfo: f4358652-2a49-482f-838f-1b3170914d91: start FollowerState
datanode_1  | 2019-10-17 21:23:07,191 INFO impl.RaftServerImpl: 161384b4-7bfd-46c7-8c00-036f77c060d8@group-81B9A902C386: start as a follower, conf=-1: [161384b4-7bfd-46c7-8c00-036f77c060d8:172.18.0.4:9858, 5f9d9c3f-add9-4fe3-8f65-cca63cc9e443:172.18.0.6:9858, f4358652-2a49-482f-838f-1b3170914d91:172.18.0.2:9858], old=null
datanode_3  | 2019-10-17 21:23:07,187 INFO server.RaftServerConfigKeys: raft.server.snapshot.auto.trigger.enabled = true (custom)
datanode_2  | 2019-10-17 21:23:07,194 INFO util.JmxRegister: Successfully registered JMX Bean with object name Ratis:service=RaftServer,group=group-81B9A902C386,id=f4358652-2a49-482f-838f-1b3170914d91
datanode_1  | 2019-10-17 21:23:07,192 INFO impl.RaftServerImpl: 161384b4-7bfd-46c7-8c00-036f77c060d8@group-81B9A902C386: changes role from      null to FOLLOWER at term 0 for startAsFollower
datanode_3  | 2019-10-17 21:23:07,188 INFO server.RaftServerConfigKeys: raft.server.snapshot.auto.trigger.threshold = 10000 (custom)
datanode_2  | 2019-10-17 21:23:07,195 INFO server.RaftServerConfigKeys: raft.server.write.element-limit = 4096 (default)
datanode_1  | 2019-10-17 21:23:07,192 INFO impl.RoleInfo: 161384b4-7bfd-46c7-8c00-036f77c060d8: start FollowerState
datanode_3  | 2019-10-17 21:23:07,188 INFO server.RaftServerConfigKeys: raft.server.snapshot.retention.file.num = 5 (custom)
datanode_2  | 2019-10-17 21:23:07,199 INFO server.RaftServerConfigKeys: raft.server.watch.timeout = 10s (default)
datanode_3  | 2019-10-17 21:23:07,188 INFO server.RaftServerConfigKeys: raft.server.retrycache.expirytime = 600000ms (custom)
datanode_2  | 2019-10-17 21:23:07,199 INFO server.RaftServerConfigKeys: raft.server.watch.timeout.denomination = 1s (default)
datanode_1  | 2019-10-17 21:23:07,192 INFO util.JmxRegister: Successfully registered JMX Bean with object name Ratis:service=RaftServer,group=group-81B9A902C386,id=161384b4-7bfd-46c7-8c00-036f77c060d8
datanode_3  | 2019-10-17 21:23:07,192 INFO impl.RaftServerImpl: 5f9d9c3f-add9-4fe3-8f65-cca63cc9e443@group-81B9A902C386: start as a follower, conf=-1: [161384b4-7bfd-46c7-8c00-036f77c060d8:172.18.0.4:9858, 5f9d9c3f-add9-4fe3-8f65-cca63cc9e443:172.18.0.6:9858, f4358652-2a49-482f-838f-1b3170914d91:172.18.0.2:9858], old=null
datanode_2  | 2019-10-17 21:23:07,200 INFO server.RaftServerConfigKeys: raft.server.watch.element-limit = 65536 (default)
datanode_1  | 2019-10-17 21:23:07,377 INFO impl.FollowerState: 161384b4-7bfd-46c7-8c00-036f77c060d8@group-81B9A902C386-FollowerState: change to CANDIDATE, lastRpcTime:185ms, electionTimeout:185ms
datanode_3  | 2019-10-17 21:23:07,192 INFO impl.RaftServerImpl: 5f9d9c3f-add9-4fe3-8f65-cca63cc9e443@group-81B9A902C386: changes role from      null to FOLLOWER at term 0 for startAsFollower
datanode_2  | 2019-10-17 21:23:07,211 INFO impl.RoleInfo: f4358652-2a49-482f-838f-1b3170914d91: start LeaderState
datanode_1  | 2019-10-17 21:23:07,378 INFO impl.RoleInfo: 161384b4-7bfd-46c7-8c00-036f77c060d8: shutdown FollowerState
datanode_2  | 2019-10-17 21:23:07,226 INFO segmented.SegmentedRaftLogWorker: f4358652-2a49-482f-838f-1b3170914d91@group-1D56A8CF7BA2-SegmentedRaftLogWorker: Starting segment from index:0
datanode_3  | 2019-10-17 21:23:07,193 INFO impl.RoleInfo: 5f9d9c3f-add9-4fe3-8f65-cca63cc9e443: start FollowerState
datanode_1  | 2019-10-17 21:23:07,378 INFO impl.RaftServerImpl: 161384b4-7bfd-46c7-8c00-036f77c060d8@group-81B9A902C386: changes role from  FOLLOWER to CANDIDATE at term 0 for changeToCandidate
datanode_2  | 2019-10-17 21:23:07,234 INFO impl.RaftServerImpl: f4358652-2a49-482f-838f-1b3170914d91@group-1D56A8CF7BA2: set configuration 0: [f4358652-2a49-482f-838f-1b3170914d91:172.18.0.2:9858], old=null at 0
datanode_3  | 2019-10-17 21:23:07,195 INFO util.JmxRegister: Successfully registered JMX Bean with object name Ratis:service=RaftServer,group=group-81B9A902C386,id=5f9d9c3f-add9-4fe3-8f65-cca63cc9e443
datanode_1  | 2019-10-17 21:23:07,378 INFO impl.RoleInfo: 161384b4-7bfd-46c7-8c00-036f77c060d8: start LeaderElection
datanode_2  | 2019-10-17 21:23:07,346 INFO impl.FollowerState: f4358652-2a49-482f-838f-1b3170914d91@group-81B9A902C386-FollowerState: change to CANDIDATE, lastRpcTime:151ms, electionTimeout:151ms
datanode_3  | 2019-10-17 21:23:07,286 INFO impl.FollowerState: 5f9d9c3f-add9-4fe3-8f65-cca63cc9e443@group-81B9A902C386-FollowerState: change to CANDIDATE, lastRpcTime:92ms, electionTimeout:90ms
datanode_1  | 2019-10-17 21:23:07,402 INFO impl.LeaderElection: 161384b4-7bfd-46c7-8c00-036f77c060d8@group-81B9A902C386-LeaderElection2: begin an election at term 1 for -1: [161384b4-7bfd-46c7-8c00-036f77c060d8:172.18.0.4:9858, 5f9d9c3f-add9-4fe3-8f65-cca63cc9e443:172.18.0.6:9858, f4358652-2a49-482f-838f-1b3170914d91:172.18.0.2:9858], old=null
datanode_2  | 2019-10-17 21:23:07,346 INFO impl.RoleInfo: f4358652-2a49-482f-838f-1b3170914d91: shutdown FollowerState
datanode_3  | 2019-10-17 21:23:07,286 INFO impl.RoleInfo: 5f9d9c3f-add9-4fe3-8f65-cca63cc9e443: shutdown FollowerState
datanode_1  | 2019-10-17 21:23:07,447 INFO impl.RaftServerImpl: 161384b4-7bfd-46c7-8c00-036f77c060d8@group-81B9A902C386: changes role from CANDIDATE to FOLLOWER at term 2 for recognizeCandidate:5f9d9c3f-add9-4fe3-8f65-cca63cc9e443
datanode_2  | 2019-10-17 21:23:07,346 INFO impl.RaftServerImpl: f4358652-2a49-482f-838f-1b3170914d91@group-81B9A902C386: changes role from  FOLLOWER to CANDIDATE at term 0 for changeToCandidate
datanode_3  | 2019-10-17 21:23:07,287 INFO impl.RaftServerImpl: 5f9d9c3f-add9-4fe3-8f65-cca63cc9e443@group-81B9A902C386: changes role from  FOLLOWER to CANDIDATE at term 0 for changeToCandidate
datanode_1  | 2019-10-17 21:23:07,447 INFO impl.RoleInfo: 161384b4-7bfd-46c7-8c00-036f77c060d8: shutdown LeaderElection
datanode_2  | 2019-10-17 21:23:07,347 INFO impl.RoleInfo: f4358652-2a49-482f-838f-1b3170914d91: start LeaderElection
datanode_1  | 2019-10-17 21:23:07,447 INFO impl.RoleInfo: 161384b4-7bfd-46c7-8c00-036f77c060d8: start FollowerState
datanode_2  | 2019-10-17 21:23:07,363 INFO segmented.SegmentedRaftLogWorker: f4358652-2a49-482f-838f-1b3170914d91@group-1D56A8CF7BA2-SegmentedRaftLogWorker: created new log segment /data/metadata/ratis/68ee273d-ef51-4a17-9181-1d56a8cf7ba2/current/log_inprogress_0
datanode_3  | 2019-10-17 21:23:07,287 INFO impl.RoleInfo: 5f9d9c3f-add9-4fe3-8f65-cca63cc9e443: start LeaderElection
datanode_1  | 2019-10-17 21:23:07,501 INFO impl.FollowerState: 161384b4-7bfd-46c7-8c00-036f77c060d8@group-81B9A902C386-FollowerState: change to CANDIDATE, lastRpcTime:54ms, electionTimeout:54ms
datanode_2  | 2019-10-17 21:23:07,363 INFO impl.LeaderElection: f4358652-2a49-482f-838f-1b3170914d91@group-81B9A902C386-LeaderElection2: begin an election at term 1 for -1: [161384b4-7bfd-46c7-8c00-036f77c060d8:172.18.0.4:9858, 5f9d9c3f-add9-4fe3-8f65-cca63cc9e443:172.18.0.6:9858, f4358652-2a49-482f-838f-1b3170914d91:172.18.0.2:9858], old=null
datanode_3  | 2019-10-17 21:23:07,302 INFO impl.LeaderElection: 5f9d9c3f-add9-4fe3-8f65-cca63cc9e443@group-81B9A902C386-LeaderElection2: begin an election at term 1 for -1: [161384b4-7bfd-46c7-8c00-036f77c060d8:172.18.0.4:9858, 5f9d9c3f-add9-4fe3-8f65-cca63cc9e443:172.18.0.6:9858, f4358652-2a49-482f-838f-1b3170914d91:172.18.0.2:9858], old=null
datanode_1  | 2019-10-17 21:23:07,502 INFO impl.RoleInfo: 161384b4-7bfd-46c7-8c00-036f77c060d8: shutdown FollowerState
datanode_2  | 2019-10-17 21:23:07,432 INFO impl.LeaderElection: f4358652-2a49-482f-838f-1b3170914d91@group-81B9A902C386-LeaderElection2: Election TIMEOUT; received 0 response(s) [] and 0 exception(s); f4358652-2a49-482f-838f-1b3170914d91@group-81B9A902C386:t1, leader=null, voted=f4358652-2a49-482f-838f-1b3170914d91, raftlog=f4358652-2a49-482f-838f-1b3170914d91@group-81B9A902C386-SegmentedRaftLog:OPENED:c-1,f-1,i0, conf=-1: [161384b4-7bfd-46c7-8c00-036f77c060d8:172.18.0.4:9858, 5f9d9c3f-add9-4fe3-8f65-cca63cc9e443:172.18.0.6:9858, f4358652-2a49-482f-838f-1b3170914d91:172.18.0.2:9858], old=null
datanode_3  | 2019-10-17 21:23:07,361 INFO impl.LeaderElection: 5f9d9c3f-add9-4fe3-8f65-cca63cc9e443@group-81B9A902C386-LeaderElection2: Election TIMEOUT; received 0 response(s) [] and 0 exception(s); 5f9d9c3f-add9-4fe3-8f65-cca63cc9e443@group-81B9A902C386:t1, leader=null, voted=5f9d9c3f-add9-4fe3-8f65-cca63cc9e443, raftlog=5f9d9c3f-add9-4fe3-8f65-cca63cc9e443@group-81B9A902C386-SegmentedRaftLog:OPENED:c-1,f-1,i0, conf=-1: [161384b4-7bfd-46c7-8c00-036f77c060d8:172.18.0.4:9858, 5f9d9c3f-add9-4fe3-8f65-cca63cc9e443:172.18.0.6:9858, f4358652-2a49-482f-838f-1b3170914d91:172.18.0.2:9858], old=null
datanode_1  | 2019-10-17 21:23:07,502 INFO impl.RaftServerImpl: 161384b4-7bfd-46c7-8c00-036f77c060d8@group-81B9A902C386: changes role from  FOLLOWER to CANDIDATE at term 2 for changeToCandidate
datanode_2  | 2019-10-17 21:23:07,445 INFO impl.LeaderElection: f4358652-2a49-482f-838f-1b3170914d91@group-81B9A902C386-LeaderElection2: begin an election at term 2 for -1: [161384b4-7bfd-46c7-8c00-036f77c060d8:172.18.0.4:9858, 5f9d9c3f-add9-4fe3-8f65-cca63cc9e443:172.18.0.6:9858, f4358652-2a49-482f-838f-1b3170914d91:172.18.0.2:9858], old=null
datanode_1  | 2019-10-17 21:23:07,502 INFO impl.RoleInfo: 161384b4-7bfd-46c7-8c00-036f77c060d8: start LeaderElection
datanode_3  | 2019-10-17 21:23:07,376 INFO impl.LeaderElection: 5f9d9c3f-add9-4fe3-8f65-cca63cc9e443@group-81B9A902C386-LeaderElection2: begin an election at term 2 for -1: [161384b4-7bfd-46c7-8c00-036f77c060d8:172.18.0.4:9858, 5f9d9c3f-add9-4fe3-8f65-cca63cc9e443:172.18.0.6:9858, f4358652-2a49-482f-838f-1b3170914d91:172.18.0.2:9858], old=null
datanode_2  | 2019-10-17 21:23:07,514 INFO impl.LeaderElection: f4358652-2a49-482f-838f-1b3170914d91@group-81B9A902C386-LeaderElection2: Election TIMEOUT; received 0 response(s) [] and 0 exception(s); f4358652-2a49-482f-838f-1b3170914d91@group-81B9A902C386:t2, leader=null, voted=f4358652-2a49-482f-838f-1b3170914d91, raftlog=f4358652-2a49-482f-838f-1b3170914d91@group-81B9A902C386-SegmentedRaftLog:OPENED:c-1,f-1,i0, conf=-1: [161384b4-7bfd-46c7-8c00-036f77c060d8:172.18.0.4:9858, 5f9d9c3f-add9-4fe3-8f65-cca63cc9e443:172.18.0.6:9858, f4358652-2a49-482f-838f-1b3170914d91:172.18.0.2:9858], old=null
datanode_1  | 2019-10-17 21:23:07,527 INFO impl.LeaderElection: 161384b4-7bfd-46c7-8c00-036f77c060d8@group-81B9A902C386-LeaderElection3: begin an election at term 3 for -1: [161384b4-7bfd-46c7-8c00-036f77c060d8:172.18.0.4:9858, 5f9d9c3f-add9-4fe3-8f65-cca63cc9e443:172.18.0.6:9858, f4358652-2a49-482f-838f-1b3170914d91:172.18.0.2:9858], old=null
datanode_3  | 2019-10-17 21:23:07,482 INFO impl.LeaderElection: 5f9d9c3f-add9-4fe3-8f65-cca63cc9e443@group-81B9A902C386-LeaderElection2: Election REJECTED; received 2 response(s) [5f9d9c3f-add9-4fe3-8f65-cca63cc9e443<-161384b4-7bfd-46c7-8c00-036f77c060d8#0:FAIL-t2, 5f9d9c3f-add9-4fe3-8f65-cca63cc9e443<-f4358652-2a49-482f-838f-1b3170914d91#0:FAIL-t2] and 0 exception(s); 5f9d9c3f-add9-4fe3-8f65-cca63cc9e443@group-81B9A902C386:t2, leader=null, voted=5f9d9c3f-add9-4fe3-8f65-cca63cc9e443, raftlog=5f9d9c3f-add9-4fe3-8f65-cca63cc9e443@group-81B9A902C386-SegmentedRaftLog:OPENED:c-1,f-1,i0, conf=-1: [161384b4-7bfd-46c7-8c00-036f77c060d8:172.18.0.4:9858, 5f9d9c3f-add9-4fe3-8f65-cca63cc9e443:172.18.0.6:9858, f4358652-2a49-482f-838f-1b3170914d91:172.18.0.2:9858], old=null
datanode_2  | 2019-10-17 21:23:07,549 INFO impl.LeaderElection: f4358652-2a49-482f-838f-1b3170914d91@group-81B9A902C386-LeaderElection2: begin an election at term 3 for -1: [161384b4-7bfd-46c7-8c00-036f77c060d8:172.18.0.4:9858, 5f9d9c3f-add9-4fe3-8f65-cca63cc9e443:172.18.0.6:9858, f4358652-2a49-482f-838f-1b3170914d91:172.18.0.2:9858], old=null
datanode_1  | 2019-10-17 21:23:07,559 INFO impl.LeaderElection: 161384b4-7bfd-46c7-8c00-036f77c060d8@group-81B9A902C386-LeaderElection3: Election TIMEOUT; received 0 response(s) [] and 0 exception(s); 161384b4-7bfd-46c7-8c00-036f77c060d8@group-81B9A902C386:t3, leader=null, voted=161384b4-7bfd-46c7-8c00-036f77c060d8, raftlog=161384b4-7bfd-46c7-8c00-036f77c060d8@group-81B9A902C386-SegmentedRaftLog:OPENED:c-1,f-1,i0, conf=-1: [161384b4-7bfd-46c7-8c00-036f77c060d8:172.18.0.4:9858, 5f9d9c3f-add9-4fe3-8f65-cca63cc9e443:172.18.0.6:9858, f4358652-2a49-482f-838f-1b3170914d91:172.18.0.2:9858], old=null
datanode_3  | 2019-10-17 21:23:07,484 INFO impl.RaftServerImpl: 5f9d9c3f-add9-4fe3-8f65-cca63cc9e443@group-81B9A902C386: changes role from CANDIDATE to FOLLOWER at term 2 for DISCOVERED_A_NEW_TERM
datanode_2  | 2019-10-17 21:23:07,595 INFO impl.LeaderElection: f4358652-2a49-482f-838f-1b3170914d91@group-81B9A902C386-LeaderElection2: Election DISCOVERED_A_NEW_TERM; received 1 response(s) [f4358652-2a49-482f-838f-1b3170914d91<-161384b4-7bfd-46c7-8c00-036f77c060d8#0:FAIL-t4] and 0 exception(s); f4358652-2a49-482f-838f-1b3170914d91@group-81B9A902C386:t3, leader=null, voted=f4358652-2a49-482f-838f-1b3170914d91, raftlog=f4358652-2a49-482f-838f-1b3170914d91@group-81B9A902C386-SegmentedRaftLog:OPENED:c-1,f-1,i0, conf=-1: [161384b4-7bfd-46c7-8c00-036f77c060d8:172.18.0.4:9858, 5f9d9c3f-add9-4fe3-8f65-cca63cc9e443:172.18.0.6:9858, f4358652-2a49-482f-838f-1b3170914d91:172.18.0.2:9858], old=null
datanode_1  | 2019-10-17 21:23:07,582 INFO impl.LeaderElection: 161384b4-7bfd-46c7-8c00-036f77c060d8@group-81B9A902C386-LeaderElection3: begin an election at term 4 for -1: [161384b4-7bfd-46c7-8c00-036f77c060d8:172.18.0.4:9858, 5f9d9c3f-add9-4fe3-8f65-cca63cc9e443:172.18.0.6:9858, f4358652-2a49-482f-838f-1b3170914d91:172.18.0.2:9858], old=null
datanode_3  | 2019-10-17 21:23:07,484 INFO impl.RoleInfo: 5f9d9c3f-add9-4fe3-8f65-cca63cc9e443: shutdown LeaderElection
datanode_1  | 2019-10-17 21:23:07,609 INFO impl.LeaderElection: 161384b4-7bfd-46c7-8c00-036f77c060d8@group-81B9A902C386-LeaderElection2: Election DISCOVERED_A_NEW_TERM; received 1 response(s) [161384b4-7bfd-46c7-8c00-036f77c060d8<-5f9d9c3f-add9-4fe3-8f65-cca63cc9e443#0:FAIL-t3] and 0 exception(s); 161384b4-7bfd-46c7-8c00-036f77c060d8@group-81B9A902C386:t4, leader=null, voted=161384b4-7bfd-46c7-8c00-036f77c060d8, raftlog=161384b4-7bfd-46c7-8c00-036f77c060d8@group-81B9A902C386-SegmentedRaftLog:OPENED:c-1,f-1,i0, conf=-1: [161384b4-7bfd-46c7-8c00-036f77c060d8:172.18.0.4:9858, 5f9d9c3f-add9-4fe3-8f65-cca63cc9e443:172.18.0.6:9858, f4358652-2a49-482f-838f-1b3170914d91:172.18.0.2:9858], old=null
datanode_2  | 2019-10-17 21:23:07,596 INFO impl.RaftServerImpl: f4358652-2a49-482f-838f-1b3170914d91@group-81B9A902C386: changes role from CANDIDATE to FOLLOWER at term 4 for DISCOVERED_A_NEW_TERM
datanode_3  | 2019-10-17 21:23:07,485 INFO impl.RoleInfo: 5f9d9c3f-add9-4fe3-8f65-cca63cc9e443: start FollowerState
datanode_1  | 2019-10-17 21:23:07,625 INFO impl.LeaderElection: 161384b4-7bfd-46c7-8c00-036f77c060d8@group-81B9A902C386-LeaderElection3: Election PASSED; received 1 response(s) [161384b4-7bfd-46c7-8c00-036f77c060d8<-5f9d9c3f-add9-4fe3-8f65-cca63cc9e443#0:OK-t4] and 0 exception(s); 161384b4-7bfd-46c7-8c00-036f77c060d8@group-81B9A902C386:t4, leader=null, voted=161384b4-7bfd-46c7-8c00-036f77c060d8, raftlog=161384b4-7bfd-46c7-8c00-036f77c060d8@group-81B9A902C386-SegmentedRaftLog:OPENED:c-1,f-1,i0, conf=-1: [161384b4-7bfd-46c7-8c00-036f77c060d8:172.18.0.4:9858, 5f9d9c3f-add9-4fe3-8f65-cca63cc9e443:172.18.0.6:9858, f4358652-2a49-482f-838f-1b3170914d91:172.18.0.2:9858], old=null
datanode_2  | 2019-10-17 21:23:07,596 INFO impl.RoleInfo: f4358652-2a49-482f-838f-1b3170914d91: shutdown LeaderElection
datanode_3  | 2019-10-17 21:23:07,574 INFO impl.RaftServerImpl: 5f9d9c3f-add9-4fe3-8f65-cca63cc9e443@group-81B9A902C386: changes role from  FOLLOWER to FOLLOWER at term 3 for recognizeCandidate:f4358652-2a49-482f-838f-1b3170914d91
datanode_1  | 2019-10-17 21:23:07,626 INFO impl.RoleInfo: 161384b4-7bfd-46c7-8c00-036f77c060d8: shutdown LeaderElection
datanode_2  | 2019-10-17 21:23:07,597 INFO impl.RoleInfo: f4358652-2a49-482f-838f-1b3170914d91: start FollowerState
datanode_3  | 2019-10-17 21:23:07,574 INFO impl.RoleInfo: 5f9d9c3f-add9-4fe3-8f65-cca63cc9e443: shutdown FollowerState
datanode_3  | 2019-10-17 21:23:07,574 INFO impl.RoleInfo: 5f9d9c3f-add9-4fe3-8f65-cca63cc9e443: start FollowerState
datanode_2  | 2019-10-17 21:23:07,621 INFO impl.RaftServerImpl: f4358652-2a49-482f-838f-1b3170914d91@group-81B9A902C386: changes role from  FOLLOWER to FOLLOWER at term 4 for recognizeCandidate:161384b4-7bfd-46c7-8c00-036f77c060d8
datanode_1  | 2019-10-17 21:23:07,626 INFO impl.RaftServerImpl: 161384b4-7bfd-46c7-8c00-036f77c060d8@group-81B9A902C386: changes role from CANDIDATE to LEADER at term 4 for changeToLeader
datanode_2  | 2019-10-17 21:23:07,622 INFO impl.RoleInfo: f4358652-2a49-482f-838f-1b3170914d91: shutdown FollowerState
datanode_3  | 2019-10-17 21:23:07,574 INFO impl.FollowerState: 5f9d9c3f-add9-4fe3-8f65-cca63cc9e443@group-81B9A902C386-FollowerState was interrupted: java.lang.InterruptedException: sleep interrupted
datanode_1  | 2019-10-17 21:23:07,626 INFO impl.RaftServerImpl: 161384b4-7bfd-46c7-8c00-036f77c060d8@group-81B9A902C386: change Leader from null to 161384b4-7bfd-46c7-8c00-036f77c060d8 at term 4 for becomeLeader, leader elected after 441ms
datanode_2  | 2019-10-17 21:23:07,622 INFO impl.RoleInfo: f4358652-2a49-482f-838f-1b3170914d91: start FollowerState
datanode_3  | 2019-10-17 21:23:07,609 INFO impl.RaftServerImpl: 5f9d9c3f-add9-4fe3-8f65-cca63cc9e443@group-81B9A902C386: changes role from  FOLLOWER to FOLLOWER at term 4 for recognizeCandidate:161384b4-7bfd-46c7-8c00-036f77c060d8
datanode_1  | 2019-10-17 21:23:07,626 INFO server.RaftServerConfigKeys: raft.server.staging.catchup.gap = 1000 (default)
datanode_2  | 2019-10-17 21:23:07,622 INFO impl.FollowerState: f4358652-2a49-482f-838f-1b3170914d91@group-81B9A902C386-FollowerState was interrupted: java.lang.InterruptedException: sleep interrupted
datanode_3  | 2019-10-17 21:23:07,609 INFO impl.RoleInfo: 5f9d9c3f-add9-4fe3-8f65-cca63cc9e443: shutdown FollowerState
datanode_1  | 2019-10-17 21:23:07,626 INFO server.RaftServerConfigKeys: raft.server.rpc.sleep.time = 25ms (default)
datanode_2  | 2019-10-17 21:23:07,693 INFO impl.RaftServerImpl: f4358652-2a49-482f-838f-1b3170914d91@group-81B9A902C386: change Leader from null to 161384b4-7bfd-46c7-8c00-036f77c060d8 at term 4 for appendEntries, leader elected after 508ms
datanode_3  | 2019-10-17 21:23:07,609 INFO impl.RoleInfo: 5f9d9c3f-add9-4fe3-8f65-cca63cc9e443: start FollowerState
datanode_2  | 2019-10-17 21:23:07,713 INFO impl.RaftServerImpl: f4358652-2a49-482f-838f-1b3170914d91@group-81B9A902C386: set configuration 0: [161384b4-7bfd-46c7-8c00-036f77c060d8:172.18.0.4:9858, 5f9d9c3f-add9-4fe3-8f65-cca63cc9e443:172.18.0.6:9858, f4358652-2a49-482f-838f-1b3170914d91:172.18.0.2:9858], old=null at 0
datanode_1  | 2019-10-17 21:23:07,626 INFO server.RaftServerConfigKeys: raft.server.write.element-limit = 4096 (default)
datanode_3  | 2019-10-17 21:23:07,609 INFO impl.FollowerState: 5f9d9c3f-add9-4fe3-8f65-cca63cc9e443@group-81B9A902C386-FollowerState was interrupted: java.lang.InterruptedException: sleep interrupted
datanode_2  | 2019-10-17 21:23:07,714 INFO segmented.SegmentedRaftLogWorker: f4358652-2a49-482f-838f-1b3170914d91@group-81B9A902C386-SegmentedRaftLogWorker: Starting segment from index:0
datanode_1  | 2019-10-17 21:23:07,627 INFO server.RaftServerConfigKeys: raft.server.watch.timeout = 10s (default)
datanode_3  | 2019-10-17 21:23:07,693 INFO impl.RaftServerImpl: 5f9d9c3f-add9-4fe3-8f65-cca63cc9e443@group-81B9A902C386: change Leader from null to 161384b4-7bfd-46c7-8c00-036f77c060d8 at term 4 for appendEntries, leader elected after 508ms
datanode_2  | 2019-10-17 21:23:07,760 INFO segmented.SegmentedRaftLogWorker: f4358652-2a49-482f-838f-1b3170914d91@group-81B9A902C386-SegmentedRaftLogWorker: created new log segment /data/metadata/ratis/fd40190f-a0bd-41f9-b45a-81b9a902c386/current/log_inprogress_0
datanode_1  | 2019-10-17 21:23:07,627 INFO server.RaftServerConfigKeys: raft.server.watch.timeout.denomination = 1s (default)
datanode_3  | 2019-10-17 21:23:07,714 INFO impl.RaftServerImpl: 5f9d9c3f-add9-4fe3-8f65-cca63cc9e443@group-81B9A902C386: set configuration 0: [161384b4-7bfd-46c7-8c00-036f77c060d8:172.18.0.4:9858, 5f9d9c3f-add9-4fe3-8f65-cca63cc9e443:172.18.0.6:9858, f4358652-2a49-482f-838f-1b3170914d91:172.18.0.2:9858], old=null at 0
datanode_3  | 2019-10-17 21:23:07,714 INFO segmented.SegmentedRaftLogWorker: 5f9d9c3f-add9-4fe3-8f65-cca63cc9e443@group-81B9A902C386-SegmentedRaftLogWorker: Starting segment from index:0
datanode_1  | 2019-10-17 21:23:07,627 INFO server.RaftServerConfigKeys: raft.server.watch.element-limit = 65536 (default)
datanode_3  | 2019-10-17 21:23:07,760 INFO segmented.SegmentedRaftLogWorker: 5f9d9c3f-add9-4fe3-8f65-cca63cc9e443@group-81B9A902C386-SegmentedRaftLogWorker: created new log segment /data/metadata/ratis/fd40190f-a0bd-41f9-b45a-81b9a902c386/current/log_inprogress_0
datanode_1  | 2019-10-17 21:23:07,632 INFO server.RaftServerConfigKeys: raft.server.log.appender.snapshot.chunk.size.max = 16MB (=16777216) (default)
datanode_1  | 2019-10-17 21:23:07,632 INFO server.RaftServerConfigKeys: raft.server.log.appender.buffer.byte-limit = 33554432 (custom)
datanode_1  | 2019-10-17 21:23:07,632 INFO server.RaftServerConfigKeys: raft.server.log.appender.buffer.element-limit = 1 (custom)
datanode_1  | 2019-10-17 21:23:07,635 INFO grpc.GrpcConfigKeys$Server: raft.grpc.server.leader.outstanding.appends.max = 128 (default)
datanode_1  | 2019-10-17 21:23:07,635 INFO server.RaftServerConfigKeys: raft.server.rpc.request.timeout = 3000ms (default)
datanode_1  | 2019-10-17 21:23:07,635 INFO server.RaftServerConfigKeys: raft.server.log.appender.install.snapshot.enabled = false (custom)
datanode_1  | 2019-10-17 21:23:07,639 INFO server.RaftServerConfigKeys: raft.server.log.appender.snapshot.chunk.size.max = 16MB (=16777216) (default)
datanode_1  | 2019-10-17 21:23:07,639 INFO server.RaftServerConfigKeys: raft.server.log.appender.buffer.byte-limit = 33554432 (custom)
datanode_1  | 2019-10-17 21:23:07,639 INFO server.RaftServerConfigKeys: raft.server.log.appender.buffer.element-limit = 1 (custom)
datanode_1  | 2019-10-17 21:23:07,640 INFO grpc.GrpcConfigKeys$Server: raft.grpc.server.leader.outstanding.appends.max = 128 (default)
datanode_1  | 2019-10-17 21:23:07,640 INFO server.RaftServerConfigKeys: raft.server.rpc.request.timeout = 3000ms (default)
datanode_1  | 2019-10-17 21:23:07,640 INFO server.RaftServerConfigKeys: raft.server.log.appender.install.snapshot.enabled = false (custom)
datanode_1  | 2019-10-17 21:23:07,644 INFO impl.RoleInfo: 161384b4-7bfd-46c7-8c00-036f77c060d8: start LeaderState
datanode_1  | 2019-10-17 21:23:07,644 INFO segmented.SegmentedRaftLogWorker: 161384b4-7bfd-46c7-8c00-036f77c060d8@group-81B9A902C386-SegmentedRaftLogWorker: Starting segment from index:0
datanode_1  | 2019-10-17 21:23:07,645 INFO impl.RaftServerImpl: 161384b4-7bfd-46c7-8c00-036f77c060d8@group-81B9A902C386: set configuration 0: [161384b4-7bfd-46c7-8c00-036f77c060d8:172.18.0.4:9858, 5f9d9c3f-add9-4fe3-8f65-cca63cc9e443:172.18.0.6:9858, f4358652-2a49-482f-838f-1b3170914d91:172.18.0.2:9858], old=null at 0
datanode_1  | 2019-10-17 21:23:07,704 INFO segmented.SegmentedRaftLogWorker: 161384b4-7bfd-46c7-8c00-036f77c060d8@group-81B9A902C386-SegmentedRaftLogWorker: created new log segment /data/metadata/ratis/fd40190f-a0bd-41f9-b45a-81b9a902c386/current/log_inprogress_0
