rm_1        | 2019-10-16 17:00:29 INFO  AsyncDispatcher:223 - Registering class org.apache.hadoop.yarn.server.resourcemanager.RMFatalEventType for class org.apache.hadoop.yarn.server.resourcemanager.ResourceManager$RMFatalEventDispatcher
datanode_2  | 2019-10-16 17:00:31,343 INFO server.AuthenticationFilter: Unable to initialize FileSignerSecretProvider, falling back to use random secrets.
datanode_3  | 2019-10-16 17:00:31,525 INFO impl.MetricsSystemImpl: Registered sink prometheus
om_1        | STARTUP_MSG:   classpath = /etc/hadoop:/opt/hadoop/share/hadoop/common/*:/opt/hadoop/share/ozone/lib/ratis-common-0.5.0-201fc85-SNAPSHOT.jar:/opt/hadoop/share/ozone/lib/ratis-grpc-0.5.0-201fc85-SNAPSHOT.jar:/opt/hadoop/share/ozone/lib/kerb-simplekdc-1.0.1.jar:/opt/hadoop/share/ozone/lib/protobuf-java-2.5.0.jar:/opt/hadoop/share/ozone/lib/bcpkix-jdk15on-1.60.jar:/opt/hadoop/share/ozone/lib/sqlite-jdbc-3.25.2.jar:/opt/hadoop/share/ozone/lib/netty-3.10.5.Final.jar:/opt/hadoop/share/ozone/lib/commons-validator-1.6.jar:/opt/hadoop/share/ozone/lib/jaxb-impl-2.3.0.1.jar:/opt/hadoop/share/ozone/lib/kerb-core-1.0.1.jar:/opt/hadoop/share/ozone/lib/hadoop-ozone-common-0.5.0-SNAPSHOT.jar:/opt/hadoop/share/ozone/lib/ratis-thirdparty-misc-0.2.0.jar:/opt/hadoop/share/ozone/lib/jsr305-3.0.0.jar:/opt/hadoop/share/ozone/lib/leveldbjni-all-1.8.jar:/opt/hadoop/share/ozone/lib/ratis-proto-0.5.0-201fc85-SNAPSHOT.jar:/opt/hadoop/share/ozone/lib/htrace-core4-4.1.0-incubating.jar:/opt/hadoop/share/ozone/lib/hadoop-annotations-3.2.0.jar:/opt/hadoop/share/ozone/lib/hadoop-hdds-tools-0.5.0-SNAPSHOT.jar:/opt/hadoop/share/ozone/lib/kerb-util-1.0.1.jar:/opt/hadoop/share/ozone/lib/dropwizard-metrics-hadoop-metrics2-reporter-0.1.2.jar:/opt/hadoop/share/ozone/lib/jackson-jaxrs-1.9.13.jar:/opt/hadoop/share/ozone/lib/ratis-metrics-0.5.0-201fc85-SNAPSHOT.jar:/opt/hadoop/share/ozone/lib/kerby-xdr-1.0.1.jar:/opt/hadoop/share/ozone/lib/jetty-webapp-9.3.25.v20180904.jar:/opt/hadoop/share/ozone/lib/jackson-core-asl-1.9.13.jar:/opt/hadoop/share/ozone/lib/commons-net-3.6.jar:/opt/hadoop/share/ozone/lib/log4j-api-2.11.0.jar:/opt/hadoop/share/ozone/lib/netty-all-4.0.52.Final.jar:/opt/hadoop/share/ozone/lib/hadoop-hdfs-3.2.0.jar:/opt/hadoop/share/ozone/lib/jline-0.9.94.jar:/opt/hadoop/share/ozone/lib/opentracing-api-0.31.0.jar:/opt/hadoop/share/ozone/lib/hadoop-hdds-server-framework-0.5.0-SNAPSHOT.jar:/opt/hadoop/share/ozone/lib/slf4j-log4j12-1.7.25.jar:/opt/hadoop/share/ozone/lib/hadoop-hdfs-client-3.2.0.jar:/opt/hadoop/share/ozone/lib/kerby-config-1.0.1.jar:/opt/hadoop/share/ozone/lib/jetty-util-9.3.25.v20180904.jar:/opt/hadoop/share/ozone/lib/metrics-ganglia-3.2.5.jar:/opt/hadoop/share/ozone/lib/libthrift-0.12.0.jar:/opt/hadoop/share/ozone/lib/metrics-core-3.2.4.jar:/opt/hadoop/share/ozone/lib/kerby-pkix-1.0.1.jar:/opt/hadoop/share/ozone/lib/xz-1.0.jar:/opt/hadoop/share/ozone/lib/hadoop-hdds-config-0.5.0-SNAPSHOT.jar:/opt/hadoop/share/ozone/lib/nimbus-jose-jwt-4.41.1.jar:/opt/hadoop/share/ozone/lib/jsr311-api-1.1.1.jar:/opt/hadoop/share/ozone/lib/commons-beanutils-1.9.4.jar:/opt/hadoop/share/ozone/lib/javax.servlet-api-3.1.0.jar:/opt/hadoop/share/ozone/lib/kerb-server-1.0.1.jar:/opt/hadoop/share/ozone/lib/zookeeper-3.4.13.jar:/opt/hadoop/share/ozone/lib/avro-1.7.7.jar:/opt/hadoop/share/ozone/lib/kerb-client-1.0.1.jar:/opt/hadoop/share/ozone/lib/jackson-xc-1.9.13.jar:/opt/hadoop/share/ozone/lib/disruptor-3.4.2.jar:/opt/hadoop/share/ozone/lib/guava-11.0.2.jar:/opt/hadoop/share/ozone/lib/hadoop-hdds-common-0.5.0-SNAPSHOT.jar:/opt/hadoop/share/ozone/lib/curator-framework-2.12.0.jar:/opt/hadoop/share/ozone/lib/dnsjava-2.1.7.jar:/opt/hadoop/share/ozone/lib/ratis-client-0.5.0-201fc85-SNAPSHOT.jar:/opt/hadoop/share/ozone/lib/commons-configuration2-2.1.1.jar:/opt/hadoop/share/ozone/lib/json-smart-2.3.jar:/opt/hadoop/share/ozone/lib/token-provider-1.0.1.jar:/opt/hadoop/share/ozone/lib/log4j-1.2.17.jar:/opt/hadoop/share/ozone/lib/commons-daemon-1.0.13.jar:/opt/hadoop/share/ozone/lib/bcprov-jdk15on-1.60.jar:/opt/hadoop/share/ozone/lib/commons-lang3-3.7.jar:/opt/hadoop/share/ozone/lib/commons-compress-1.4.1.jar:/opt/hadoop/share/ozone/lib/jaeger-client-0.34.0.jar:/opt/hadoop/share/ozone/lib/jetty-server-9.3.25.v20180904.jar:/opt/hadoop/share/ozone/lib/accessors-smart-1.2.jar:/opt/hadoop/share/ozone/lib/re2j-1.1.jar:/opt/hadoop/share/ozone/lib/curator-recipes-2.12.0.jar:/opt/hadoop/share/ozone/lib/jackson-core-2.9.9.jar:/opt/hadoop/share/ozone/lib/commons-math3-3.1.1.jar:/opt/hadoop/share/ozone/lib/gmetric4j-1.0.7.jar:/opt/hadoop/share/ozone/lib/opentracing-noop-0.31.0.jar:/opt/hadoop/share/ozone/lib/httpclient-4.5.2.jar:/opt/hadoop/share/ozone/lib/jaeger-core-0.34.0.jar:/opt/hadoop/share/ozone/lib/asm-5.0.4.jar:/opt/hadoop/share/ozone/lib/curator-client-2.12.0.jar:/opt/hadoop/share/ozone/lib/audience-annotations-0.5.0.jar:/opt/hadoop/share/ozone/lib/kerby-util-1.0.1.jar:/opt/hadoop/share/ozone/lib/jackson-mapper-asl-1.9.13.jar:/opt/hadoop/share/ozone/lib/rocksdbjni-6.0.1.jar:/opt/hadoop/share/ozone/lib/jsp-api-2.1.jar:/opt/hadoop/share/ozone/lib/jsch-0.1.54.jar:/opt/hadoop/share/ozone/lib/opentracing-tracerresolver-0.1.5.jar:/opt/hadoop/share/ozone/lib/paranamer-2.3.jar:/opt/hadoop/share/ozone/lib/log4j-core-2.11.0.jar:/opt/hadoop/share/ozone/lib/jetty-io-9.3.25.v20180904.jar:/opt/hadoop/share/ozone/lib/jetty-xml-9.3.25.v20180904.jar:/opt/hadoop/share/ozone/lib/commons-codec-1.11.jar:/opt/hadoop/share/ozone/lib/commons-pool2-2.6.0.jar:/opt/hadoop/share/ozone/lib/gson-2.2.4.jar:/opt/hadoop/share/ozone/lib/jcip-annotations-1.0-1.jar:/opt/hadoop/share/ozone/lib/kerb-admin-1.0.1.jar:/opt/hadoop/share/ozone/lib/okio-1.13.0.jar:/opt/hadoop/share/ozone/lib/commons-io-2.5.jar:/opt/hadoop/share/ozone/lib/snakeyaml-1.16.jar:/opt/hadoop/share/ozone/lib/hadoop-ozone-client-0.5.0-SNAPSHOT.jar:/opt/hadoop/share/ozone/lib/ratis-netty-0.5.0-201fc85-SNAPSHOT.jar:/opt/hadoop/share/ozone/lib/jersey-core-1.19.jar:/opt/hadoop/share/ozone/lib/jackson-databind-2.9.9.jar:/opt/hadoop/share/ozone/lib/hadoop-hdds-container-service-0.5.0-SNAPSHOT.jar:/opt/hadoop/share/ozone/lib/picocli-3.9.6.jar:/opt/hadoop/share/ozone/lib/jaeger-thrift-0.34.0.jar:/opt/hadoop/share/ozone/lib/jackson-annotations-2.9.9.jar:/opt/hadoop/share/ozone/lib/commons-cli-1.2.jar:/opt/hadoop/share/ozone/lib/hadoop-hdds-docs-0.5.0-SNAPSHOT.jar:/opt/hadoop/share/ozone/lib/woodstox-core-5.0.3.jar:/opt/hadoop/share/ozone/lib/javax.annotation-api-1.2.jar:/opt/hadoop/share/ozone/lib/snappy-java-1.0.5.jar:/opt/hadoop/share/ozone/lib/jaeger-tracerresolver-0.34.0.jar:/opt/hadoop/share/ozone/lib/jetty-security-9.3.25.v20180904.jar:/opt/hadoop/share/ozone/lib/jetty-http-9.3.25.v20180904.jar:/opt/hadoop/share/ozone/lib/kerby-asn1-1.0.1.jar:/opt/hadoop/share/ozone/lib/okhttp-3.9.0.jar:/opt/hadoop/share/ozone/lib/ratis-server-0.5.0-201fc85-SNAPSHOT.jar:/opt/hadoop/share/ozone/lib/stax2-api-3.1.4.jar:/opt/hadoop/share/ozone/lib/commons-digester-1.8.1.jar:/opt/hadoop/share/ozone/lib/commons-collections-3.2.2.jar:/opt/hadoop/share/ozone/lib/jettison-1.1.jar:/opt/hadoop/share/ozone/lib/commons-text-1.4.jar:/opt/hadoop/share/ozone/lib/jersey-servlet-1.19.jar:/opt/hadoop/share/ozone/lib/jersey-json-1.19.jar:/opt/hadoop/share/ozone/lib/slf4j-api-1.7.25.jar:/opt/hadoop/share/ozone/lib/jetty-util-ajax-9.3.25.v20180904.jar:/opt/hadoop/share/ozone/lib/commons-logging-1.1.3.jar:/opt/hadoop/share/ozone/lib/hadoop-hdds-client-0.5.0-SNAPSHOT.jar:/opt/hadoop/share/ozone/lib/kerb-identity-1.0.1.jar:/opt/hadoop/share/ozone/lib/opentracing-util-0.31.0.jar:/opt/hadoop/share/ozone/lib/hadoop-common-3.2.0.jar:/opt/hadoop/share/ozone/lib/hadoop-auth-3.2.0.jar:/opt/hadoop/share/ozone/lib/kerb-common-1.0.1.jar:/opt/hadoop/share/ozone/lib/jetty-servlet-9.3.25.v20180904.jar:/opt/hadoop/share/ozone/lib/jersey-server-1.19.jar:/opt/hadoop/share/ozone/lib/kerb-crypto-1.0.1.jar:/opt/hadoop/share/ozone/lib/httpcore-4.4.4.jar:/opt/hadoop/share/ozone/lib/metrics-jvm-3.2.5.jar:/opt/hadoop/share/ozone/web:/opt/hadoop/share/ozone/lib/hadoop-ozone-ozone-manager-0.5.0-SNAPSHOT.jar
datanode_1  | 2019-10-16 17:00:31,249 INFO http.HttpServer2: Added filter static_user_filter (class=org.apache.hadoop.http.lib.StaticUserWebFilter$StaticUserFilter) to context logs
nm_1        | 2019-10-16 17:00:29 INFO  AsyncDispatcher:223 - Registering class org.apache.hadoop.yarn.server.nodemanager.containermanager.localizer.event.LocalizationEventType for class org.apache.hadoop.yarn.server.nodemanager.containermanager.ContainerManagerImpl$LocalizationEventHandlerWrapper
scm_1       | 2019-10-16 17:00:30,497 WARN server.ServerUtils: ozone.scm.db.dirs is not configured. We recommend adding this setting. Falling back to ozone.metadata.dirs instead.
rm_1        | 2019-10-16 17:00:29 INFO  NMTokenSecretManagerInRM:75 - NMTokenKeyRollingInterval: 86400000ms and NMTokenKeyActivationDelay: 900000ms
datanode_2  | 2019-10-16 17:00:31,347 INFO http.HttpRequestLog: Http request log for http.requests.hddsDatanode is not defined
datanode_3  | 2019-10-16 17:00:31,528 INFO server.BaseHttpServer: HTTP server of HDDSDATANODE is listening at http://0.0.0.0:9882
datanode_1  | 2019-10-16 17:00:31,279 INFO http.HttpServer2: Jetty bound to port 9882
om_1        | STARTUP_MSG:   build = https://github.com/apache/hadoop.git -r e97acb3bd8f3befd27418996fa5d4b50bf2e17bf; compiled by 'sunilg' on 2019-01-15T17:34Z
nm_1        | 2019-10-16 17:00:29 INFO  AsyncDispatcher:223 - Registering class org.apache.hadoop.yarn.server.nodemanager.containermanager.AuxServicesEventType for class org.apache.hadoop.yarn.server.nodemanager.containermanager.AuxServices
scm_1       | 2019-10-16 17:00:30,533 INFO util.log: Logging initialized @1251ms
rm_1        | 2019-10-16 17:00:29 INFO  RMContainerTokenSecretManager:81 - ContainerTokenKeyRollingInterval: 86400000ms and ContainerTokenKeyActivationDelay: 900000ms
datanode_2  | 2019-10-16 17:00:31,353 INFO http.HttpServer2: Added global filter 'safety' (class=org.apache.hadoop.http.HttpServer2$QuotingInputFilter)
datanode_3  | 2019-10-16 17:00:31,548 INFO util.JvmPauseMonitor: Starting JVM pause monitor
datanode_1  | 2019-10-16 17:00:31,281 INFO server.Server: jetty-9.3.25.v20180904, build timestamp: 2018-09-04T21:11:46Z, git hash: 3ce520221d0240229c862b122d2b06c12a625732
om_1        | STARTUP_MSG:   java = 11.0.3
nm_1        | 2019-10-16 17:00:29 INFO  AsyncDispatcher:223 - Registering class org.apache.hadoop.yarn.server.nodemanager.containermanager.monitor.ContainersMonitorEventType for class org.apache.hadoop.yarn.server.nodemanager.containermanager.monitor.ContainersMonitorImpl
scm_1       | 2019-10-16 17:00:30,670 INFO db.DBStoreBuilder: using custom profile for table: deletedBlocks
rm_1        | 2019-10-16 17:00:29 INFO  AMRMTokenSecretManager:94 - AMRMTokenKeyRollingInterval: 86400000ms and AMRMTokenKeyActivationDelay: 900000 ms
datanode_2  | 2019-10-16 17:00:31,355 INFO http.HttpServer2: Added filter static_user_filter (class=org.apache.hadoop.http.lib.StaticUserWebFilter$StaticUserFilter) to context hddsDatanode
datanode_3  | 2019-10-16 17:00:31,745 [Datanode State Machine Thread - 0] INFO       - DatanodeDetails is persisted to /data/metadata/datanode.id
datanode_1  | 2019-10-16 17:00:31,313 INFO handler.ContextHandler: Started o.e.j.s.ServletContextHandler@671d1157{/logs,file:///var/log/hadoop/,AVAILABLE}
om_1        | ************************************************************/
nm_1        | 2019-10-16 17:00:29 INFO  AsyncDispatcher:223 - Registering class org.apache.hadoop.yarn.server.nodemanager.containermanager.launcher.ContainersLauncherEventType for class org.apache.hadoop.yarn.server.nodemanager.containermanager.launcher.ContainersLauncher
scm_1       | 2019-10-16 17:00:30,670 INFO db.DBStoreBuilder: Using default column profile:DBProfile.DISK for Table:deletedBlocks
rm_1        | 2019-10-16 17:00:29 INFO  AsyncDispatcher:223 - Registering class org.apache.hadoop.yarn.server.resourcemanager.recovery.RMStateStoreEventType for class org.apache.hadoop.yarn.server.resourcemanager.recovery.RMStateStore$ForwardingEventHandler
datanode_2  | 2019-10-16 17:00:31,355 INFO http.HttpServer2: Added filter static_user_filter (class=org.apache.hadoop.http.lib.StaticUserWebFilter$StaticUserFilter) to context logs
datanode_3  | 2019-10-16 17:00:33,787 [Datanode State Machine Thread - 0] INFO       - Attempting to start container services.
datanode_1  | 2019-10-16 17:00:31,314 INFO handler.ContextHandler: Started o.e.j.s.ServletContextHandler@250a500b{/static,jar:file:/opt/hadoop/share/ozone/lib/hadoop-hdds-container-service-0.5.0-SNAPSHOT.jar!/webapps/static,AVAILABLE}
om_1        | 2019-10-16 17:00:37,197 [main] INFO       - registered UNIX signal handlers for [TERM, HUP, INT]
scm_1       | 2019-10-16 17:00:30,671 INFO db.DBStoreBuilder: using custom profile for table: validCerts
rm_1        | 2019-10-16 17:00:29 INFO  AsyncDispatcher:223 - Registering class org.apache.hadoop.yarn.server.resourcemanager.NodesListManagerEventType for class org.apache.hadoop.yarn.server.resourcemanager.NodesListManager
nm_1        | 2019-10-16 17:00:29 INFO  AsyncDispatcher:223 - Registering class org.apache.hadoop.yarn.server.nodemanager.containermanager.scheduler.ContainerSchedulerEventType for class org.apache.hadoop.yarn.server.nodemanager.containermanager.scheduler.ContainerScheduler
datanode_2  | 2019-10-16 17:00:31,355 INFO http.HttpServer2: Added filter static_user_filter (class=org.apache.hadoop.http.lib.StaticUserWebFilter$StaticUserFilter) to context static
datanode_3  | 2019-10-16 17:00:33,792 [Datanode State Machine Thread - 0] INFO       - Background container scanner has been disabled.
datanode_1  | 2019-10-16 17:00:31,415 INFO handler.ContextHandler: Started o.e.j.w.WebAppContext@3791f50e{/,file:///tmp/jetty-0.0.0.0-9882-hddsDatanode-_-any-6202962841577073385.dir/webapp/,AVAILABLE}{/hddsDatanode}
om_1        | 2019-10-16 17:00:38,153 [main] INFO       - Configuration either no ozone.om.address set. Falling back to the default OM address om/172.18.0.2:9862
scm_1       | 2019-10-16 17:00:30,671 INFO db.DBStoreBuilder: Using default column profile:DBProfile.DISK for Table:validCerts
nm_1        | 2019-10-16 17:00:29 INFO  NMLogAggregationStatusTracker:89 - the rolling interval seconds for the NodeManager Cached Log aggregation status is 600
rm_1        | 2019-10-16 17:00:29 INFO  ResourceManager:440 - Using Scheduler: org.apache.hadoop.yarn.server.resourcemanager.scheduler.capacity.CapacityScheduler
datanode_2  | 2019-10-16 17:00:31,384 INFO http.HttpServer2: Jetty bound to port 9882
datanode_3  | 2019-10-16 17:00:33,793 [Datanode State Machine Thread - 0] INFO       - Starting XceiverServerRatis fd7778b8-a0de-4d41-8965-cfe5b9cb133c at port 9858
datanode_1  | 2019-10-16 17:00:31,427 INFO server.AbstractConnector: Started ServerConnector@3353b96c{HTTP/1.1,[http/1.1]}{0.0.0.0:9882}
om_1        | 2019-10-16 17:00:38,153 [main] INFO       - OM Service ID is not set. Setting it to the default ID: omServiceIdDefault
scm_1       | 2019-10-16 17:00:30,671 INFO db.DBStoreBuilder: using custom profile for table: revokedCerts
nm_1        | 2019-10-16 17:00:29 INFO  AsyncDispatcher:223 - Registering class org.apache.hadoop.yarn.server.nodemanager.ContainerManagerEventType for class org.apache.hadoop.yarn.server.nodemanager.containermanager.ContainerManagerImpl
rm_1        | 2019-10-16 17:00:29 INFO  AsyncDispatcher:223 - Registering class org.apache.hadoop.yarn.server.resourcemanager.scheduler.event.SchedulerEventType for class org.apache.hadoop.yarn.event.EventDispatcher
datanode_2  | 2019-10-16 17:00:31,385 INFO server.Server: jetty-9.3.25.v20180904, build timestamp: 2018-09-04T21:11:46Z, git hash: 3ce520221d0240229c862b122d2b06c12a625732
datanode_3  | 2019-10-16 17:00:33,824 INFO impl.RaftServerProxy: fd7778b8-a0de-4d41-8965-cfe5b9cb133c: start RPC server
datanode_1  | 2019-10-16 17:00:31,428 INFO server.Server: Started @3522ms
om_1        | 2019-10-16 17:00:38,158 WARN server.ServerUtils: ozone.om.db.dirs is not configured. We recommend adding this setting. Falling back to ozone.metadata.dirs instead.
scm_1       | 2019-10-16 17:00:30,671 INFO db.DBStoreBuilder: Using default column profile:DBProfile.DISK for Table:revokedCerts
nm_1        | 2019-10-16 17:00:29 INFO  AsyncDispatcher:223 - Registering class org.apache.hadoop.yarn.server.nodemanager.NodeManagerEventType for class org.apache.hadoop.yarn.server.nodemanager.NodeManager
rm_1        | 2019-10-16 17:00:29 INFO  AsyncDispatcher:223 - Registering class org.apache.hadoop.yarn.server.resourcemanager.rmapp.RMAppEventType for class org.apache.hadoop.yarn.server.resourcemanager.ResourceManager$ApplicationEventDispatcher
datanode_2  | 2019-10-16 17:00:31,430 INFO handler.ContextHandler: Started o.e.j.s.ServletContextHandler@4228bf58{/logs,file:///var/log/hadoop/,AVAILABLE}
datanode_3  | 2019-10-16 17:00:33,943 INFO server.GrpcService: fd7778b8-a0de-4d41-8965-cfe5b9cb133c: GrpcService started, listening on 0.0.0.0/0.0.0.0:9858
datanode_1  | 2019-10-16 17:00:31,433 INFO impl.MetricsSinkAdapter: Sink prometheus started
om_1        | 2019-10-16 17:00:38,167 WARN server.ServerUtils: ozone.om.db.dirs is not configured. We recommend adding this setting. Falling back to ozone.metadata.dirs instead.
scm_1       | 2019-10-16 17:00:30,684 INFO db.DBStoreBuilder: using custom profile for table: default
nm_1        | 2019-10-16 17:00:29 INFO  FluentPropertyBeanIntrospector:147 - Error when creating PropertyDescriptor for public final void org.apache.commons.configuration2.AbstractConfiguration.setProperty(java.lang.String,java.lang.Object)! Ignoring this property.
rm_1        | 2019-10-16 17:00:29 INFO  AsyncDispatcher:223 - Registering class org.apache.hadoop.yarn.server.resourcemanager.rmapp.attempt.RMAppAttemptEventType for class org.apache.hadoop.yarn.server.resourcemanager.ResourceManager$ApplicationAttemptEventDispatcher
datanode_2  | 2019-10-16 17:00:31,432 INFO handler.ContextHandler: Started o.e.j.s.ServletContextHandler@25aeb5ac{/static,jar:file:/opt/hadoop/share/ozone/lib/hadoop-hdds-container-service-0.5.0-SNAPSHOT.jar!/webapps/static,AVAILABLE}
datanode_3  | WARNING: An illegal reflective access operation has occurred
datanode_1  | 2019-10-16 17:00:31,433 INFO impl.MetricsSystemImpl: Registered sink prometheus
om_1        | 2019-10-16 17:00:39,055 WARN server.ServerUtils: ozone.om.db.dirs is not configured. We recommend adding this setting. Falling back to ozone.metadata.dirs instead.
scm_1       | 2019-10-16 17:00:30,685 INFO db.DBStoreBuilder: Using default column profile:DBProfile.DISK for Table:default
nm_1        | 2019-10-16 17:00:29 INFO  MetricsConfig:121 - loaded properties from hadoop-metrics2.properties
rm_1        | 2019-10-16 17:00:29 INFO  AsyncDispatcher:223 - Registering class org.apache.hadoop.yarn.server.resourcemanager.rmnode.RMNodeEventType for class org.apache.hadoop.yarn.server.resourcemanager.ResourceManager$NodeEventDispatcher
datanode_2  | 2019-10-16 17:00:31,547 INFO handler.ContextHandler: Started o.e.j.w.WebAppContext@358ab600{/,file:///tmp/jetty-0.0.0.0-9882-hddsDatanode-_-any-3814012638696357785.dir/webapp/,AVAILABLE}{/hddsDatanode}
datanode_3  | WARNING: Illegal reflective access by org.apache.ratis.thirdparty.com.google.protobuf.UnsafeUtil (file:/opt/hadoop/share/ozone/lib/ratis-thirdparty-misc-0.2.0.jar) to field java.nio.Buffer.address
datanode_1  | 2019-10-16 17:00:31,435 INFO server.BaseHttpServer: HTTP server of HDDSDATANODE is listening at http://0.0.0.0:9882
om_1        | 2019-10-16 17:00:39,079 INFO util.log: Logging initialized @2740ms
scm_1       | 2019-10-16 17:00:30,686 INFO db.DBStoreBuilder: Using default options. DBProfile.DISK
nm_1        | 2019-10-16 17:00:29 INFO  MetricsSystemImpl:374 - Scheduled Metric snapshot period at 10 second(s).
rm_1        | 2019-10-16 17:00:29 INFO  FluentPropertyBeanIntrospector:147 - Error when creating PropertyDescriptor for public final void org.apache.commons.configuration2.AbstractConfiguration.setProperty(java.lang.String,java.lang.Object)! Ignoring this property.
datanode_2  | 2019-10-16 17:00:31,557 INFO server.AbstractConnector: Started ServerConnector@33956d1a{HTTP/1.1,[http/1.1]}{0.0.0.0:9882}
datanode_3  | WARNING: Please consider reporting this to the maintainers of org.apache.ratis.thirdparty.com.google.protobuf.UnsafeUtil
datanode_1  | 2019-10-16 17:00:31,464 INFO util.JvmPauseMonitor: Starting JVM pause monitor
om_1        | 2019-10-16 17:00:39,178 INFO db.DBStoreBuilder: using custom profile for table: userTable
scm_1       | 2019-10-16 17:00:30,996 INFO net.NodeSchemaLoader: Loading file from java.lang.CompoundEnumeration@7b7fdc8
nm_1        | 2019-10-16 17:00:29 INFO  MetricsSystemImpl:191 - NodeManager metrics system started
rm_1        | 2019-10-16 17:00:29 INFO  MetricsConfig:121 - loaded properties from hadoop-metrics2.properties
datanode_2  | 2019-10-16 17:00:31,557 INFO server.Server: Started @3661ms
datanode_3  | WARNING: Use --illegal-access=warn to enable warnings of further illegal reflective access operations
datanode_1  | 2019-10-16 17:00:31,655 [Datanode State Machine Thread - 0] INFO       - DatanodeDetails is persisted to /data/metadata/datanode.id
om_1        | 2019-10-16 17:00:39,178 INFO db.DBStoreBuilder: Using default column profile:DBProfile.DISK for Table:userTable
scm_1       | 2019-10-16 17:00:30,999 INFO net.NodeSchemaLoader: Loading network topology layer schema file
nm_1        | 2019-10-16 17:00:29 INFO  DirectoryCollection:189 - Disk Validator: yarn.nodemanager.disk-validator is loaded.
rm_1        | 2019-10-16 17:00:29 INFO  MetricsSystemImpl:374 - Scheduled Metric snapshot period at 10 second(s).
datanode_3  | WARNING: All illegal access operations will be denied in a future release
datanode_2  | 2019-10-16 17:00:31,563 INFO impl.MetricsSinkAdapter: Sink prometheus started
datanode_1  | 2019-10-16 17:00:33,787 [Datanode State Machine Thread - 0] INFO       - Attempting to start container services.
om_1        | 2019-10-16 17:00:39,178 INFO db.DBStoreBuilder: using custom profile for table: volumeTable
scm_1       | 2019-10-16 17:00:31,088 INFO node.SCMNodeManager: Entering startup safe mode.
nm_1        | 2019-10-16 17:00:29 INFO  DirectoryCollection:189 - Disk Validator: yarn.nodemanager.disk-validator is loaded.
rm_1        | 2019-10-16 17:00:29 INFO  MetricsSystemImpl:191 - ResourceManager metrics system started
datanode_3  | 2019-10-16 17:00:37,047 INFO impl.RaftServerProxy: fd7778b8-a0de-4d41-8965-cfe5b9cb133c: addNew group-461D2D587FDB:[fd7778b8-a0de-4d41-8965-cfe5b9cb133c:172.18.0.3:9858] returns group-461D2D587FDB:java.util.concurrent.CompletableFuture@281100f9[Not completed]
datanode_2  | 2019-10-16 17:00:31,563 INFO impl.MetricsSystemImpl: Registered sink prometheus
datanode_1  | 2019-10-16 17:00:33,789 [Datanode State Machine Thread - 0] INFO       - Background container scanner has been disabled.
om_1        | 2019-10-16 17:00:39,178 INFO db.DBStoreBuilder: Using default column profile:DBProfile.DISK for Table:volumeTable
nm_1        | 2019-10-16 17:00:29 INFO  NodeResourceMonitorImpl:75 -  Using ResourceCalculatorPlugin : org.apache.hadoop.yarn.util.ResourceCalculatorPlugin@59e2d8e3
scm_1       | 2019-10-16 17:00:31,204 INFO algorithms.ContainerPlacementPolicyFactory: Create container placement policy of type org.apache.hadoop.hdds.scm.container.placement.algorithms.SCMContainerPlacementRandom
rm_1        | 2019-10-16 17:00:29 INFO  YarnAuthorizationProvider:58 - org.apache.hadoop.yarn.security.ConfiguredYarnAuthorizer is instantiated.
datanode_3  | 2019-10-16 17:00:37,066 INFO impl.RaftServerImpl: fd7778b8-a0de-4d41-8965-cfe5b9cb133c: new RaftServerImpl for group-461D2D587FDB:[fd7778b8-a0de-4d41-8965-cfe5b9cb133c:172.18.0.3:9858] with ContainerStateMachine:uninitialized
datanode_2  | 2019-10-16 17:00:31,565 INFO server.BaseHttpServer: HTTP server of HDDSDATANODE is listening at http://0.0.0.0:9882
datanode_1  | 2019-10-16 17:00:33,789 [Datanode State Machine Thread - 0] INFO       - Starting XceiverServerRatis 3cc7db95-134c-4377-bdef-f1f0c5c76ac1 at port 9858
om_1        | 2019-10-16 17:00:39,178 INFO db.DBStoreBuilder: using custom profile for table: bucketTable
nm_1        | 2019-10-16 17:00:29 INFO  AsyncDispatcher:223 - Registering class org.apache.hadoop.yarn.server.nodemanager.containermanager.loghandler.event.LogHandlerEventType for class org.apache.hadoop.yarn.server.nodemanager.containermanager.loghandler.NonAggregatingLogHandler
scm_1       | 2019-10-16 17:00:31,219 WARN server.ServerUtils: ozone.scm.db.dirs is not configured. We recommend adding this setting. Falling back to ozone.metadata.dirs instead.
rm_1        | 2019-10-16 17:00:29 INFO  AsyncDispatcher:223 - Registering class org.apache.hadoop.yarn.server.resourcemanager.RMAppManagerEventType for class org.apache.hadoop.yarn.server.resourcemanager.RMAppManager
datanode_3  | 2019-10-16 17:00:37,068 INFO server.RaftServerConfigKeys: raft.server.rpc.timeout.min = 5s (custom)
datanode_2  | 2019-10-16 17:00:31,585 INFO util.JvmPauseMonitor: Starting JVM pause monitor
datanode_1  | 2019-10-16 17:00:33,806 INFO impl.RaftServerProxy: 3cc7db95-134c-4377-bdef-f1f0c5c76ac1: start RPC server
om_1        | 2019-10-16 17:00:39,178 INFO db.DBStoreBuilder: Using default column profile:DBProfile.DISK for Table:bucketTable
nm_1        | 2019-10-16 17:00:29 INFO  AsyncDispatcher:223 - Registering class org.apache.hadoop.yarn.server.nodemanager.containermanager.localizer.sharedcache.SharedCacheUploadEventType for class org.apache.hadoop.yarn.server.nodemanager.containermanager.localizer.sharedcache.SharedCacheUploadService
scm_1       | 2019-10-16 17:00:31,370 INFO pipeline.SCMPipelineManager: No pipeline exists in current db
rm_1        | 2019-10-16 17:00:29 INFO  AsyncDispatcher:223 - Registering class org.apache.hadoop.yarn.server.resourcemanager.amlauncher.AMLauncherEventType for class org.apache.hadoop.yarn.server.resourcemanager.amlauncher.ApplicationMasterLauncher
datanode_3  | 2019-10-16 17:00:37,068 INFO server.RaftServerConfigKeys: raft.server.rpc.timeout.max = 5200ms (custom)
datanode_2  | 2019-10-16 17:00:31,789 [Datanode State Machine Thread - 0] INFO       - DatanodeDetails is persisted to /data/metadata/datanode.id
datanode_1  | 2019-10-16 17:00:33,913 INFO server.GrpcService: 3cc7db95-134c-4377-bdef-f1f0c5c76ac1: GrpcService started, listening on 0.0.0.0/0.0.0.0:9858
om_1        | 2019-10-16 17:00:39,178 INFO db.DBStoreBuilder: using custom profile for table: keyTable
scm_1       | 2019-10-16 17:00:31,372 WARN server.ServerUtils: ozone.scm.db.dirs is not configured. We recommend adding this setting. Falling back to ozone.metadata.dirs instead.
nm_1        | 2019-10-16 17:00:29 INFO  ContainerManagerImpl:336 - AMRMProxyService is disabled
rm_1        | 2019-10-16 17:00:29 INFO  RMNMInfo:63 - Registered RMNMInfo MBean
datanode_3  | 2019-10-16 17:00:37,068 INFO server.RaftServerConfigKeys: raft.server.rpcslowness.timeout = 120s (custom)
datanode_2  | 2019-10-16 17:00:33,787 [Datanode State Machine Thread - 0] INFO       - Attempting to start container services.
datanode_1  | WARNING: An illegal reflective access operation has occurred
om_1        | 2019-10-16 17:00:39,179 INFO db.DBStoreBuilder: Using default column profile:DBProfile.DISK for Table:keyTable
scm_1       | 2019-10-16 17:00:31,554 WARN events.EventQueue: No event handler registered for event TypedEvent{payloadType=SafeModeStatus, name='SafeModeStatus'}
nm_1        | 2019-10-16 17:00:29 INFO  ResourceLocalizationService:242 - per directory file limit = 8192
rm_1        | 2019-10-16 17:00:29 INFO  RMAppLifetimeMonitor:66 - Application lifelime monitor interval set to 3000 ms.
datanode_3  | 2019-10-16 17:00:37,069 INFO server.RaftServerConfigKeys: raft.server.sleep.deviation.threshold = 300 (default)
datanode_1  | WARNING: Illegal reflective access by org.apache.ratis.thirdparty.com.google.protobuf.UnsafeUtil (file:/opt/hadoop/share/ozone/lib/ratis-thirdparty-misc-0.2.0.jar) to field java.nio.Buffer.address
datanode_2  | 2019-10-16 17:00:33,789 [Datanode State Machine Thread - 0] INFO       - Background container scanner has been disabled.
om_1        | 2019-10-16 17:00:39,179 INFO db.DBStoreBuilder: using custom profile for table: deletedTable
scm_1       | 2019-10-16 17:00:32,234 INFO ipc.CallQueueManager: Using callQueue: class java.util.concurrent.LinkedBlockingQueue, queueCapacity: 1000, scheduler: class org.apache.hadoop.ipc.DefaultRpcScheduler, ipcBackoff: false.
nm_1        | 2019-10-16 17:00:29 INFO  ResourceLocalizationService:271 - Disk Validator: yarn.nodemanager.disk-validator is loaded.
datanode_3  | 2019-10-16 17:00:37,069 INFO server.RaftServerConfigKeys: raft.server.log.appender.install.snapshot.enabled = false (custom)
datanode_1  | WARNING: Please consider reporting this to the maintainers of org.apache.ratis.thirdparty.com.google.protobuf.UnsafeUtil
rm_1        | 2019-10-16 17:00:29 INFO  HostsFileReader:211 - Refreshing hosts (include/exclude) list
om_1        | 2019-10-16 17:00:39,179 INFO db.DBStoreBuilder: Using default column profile:DBProfile.DISK for Table:deletedTable
scm_1       | 2019-10-16 17:00:32,261 INFO ipc.Server: Starting Socket Reader #1 for port 9861
nm_1        | 2019-10-16 17:00:29 INFO  AsyncDispatcher:223 - Registering class org.apache.hadoop.yarn.server.nodemanager.containermanager.localizer.event.LocalizerEventType for class org.apache.hadoop.yarn.server.nodemanager.containermanager.localizer.ResourceLocalizationService$LocalizerTracker
datanode_3  | 2019-10-16 17:00:37,075 INFO impl.RaftServerImpl: fd7778b8-a0de-4d41-8965-cfe5b9cb133c@group-461D2D587FDB: ConfigurationManager, init=-1: [fd7778b8-a0de-4d41-8965-cfe5b9cb133c:172.18.0.3:9858], old=null, confs=<EMPTY_MAP>
datanode_2  | 2019-10-16 17:00:33,789 [Datanode State Machine Thread - 0] INFO       - Starting XceiverServerRatis defe43ff-134d-4e25-9dec-28ea34239183 at port 9858
datanode_1  | WARNING: Use --illegal-access=warn to enable warnings of further illegal reflective access operations
rm_1        | 2019-10-16 17:00:29 INFO  Configuration:2755 - found resource capacity-scheduler.xml at file:/opt/hadoop/etc/hadoop/capacity-scheduler.xml
om_1        | 2019-10-16 17:00:39,179 INFO db.DBStoreBuilder: using custom profile for table: openKeyTable
scm_1       | 2019-10-16 17:00:32,297 INFO ipc.CallQueueManager: Using callQueue: class java.util.concurrent.LinkedBlockingQueue, queueCapacity: 1000, scheduler: class org.apache.hadoop.ipc.DefaultRpcScheduler, ipcBackoff: false.
nm_1        | 2019-10-16 17:00:29 INFO  AuxServices:103 - Adding auxiliary service mapreduce_shuffle, "mapreduce_shuffle"
datanode_3  | 2019-10-16 17:00:37,076 INFO server.RaftServerConfigKeys: raft.server.storage.dir = [/data/metadata/ratis] (custom)
datanode_2  | 2019-10-16 17:00:33,807 INFO impl.RaftServerProxy: defe43ff-134d-4e25-9dec-28ea34239183: start RPC server
datanode_1  | WARNING: All illegal access operations will be denied in a future release
rm_1        | 2019-10-16 17:00:29 INFO  AbstractYarnScheduler:1371 - Minimum allocation = <memory:1024, vCores:1>
om_1        | 2019-10-16 17:00:39,179 INFO db.DBStoreBuilder: Using default column profile:DBProfile.DISK for Table:openKeyTable
scm_1       | 2019-10-16 17:00:32,298 INFO ipc.Server: Starting Socket Reader #1 for port 9863
nm_1        | 2019-10-16 17:00:29 INFO  ContainersMonitorImpl:130 -  Using ResourceCalculatorPlugin : org.apache.hadoop.yarn.util.ResourceCalculatorPlugin@6c2ed0cd
datanode_3  | 2019-10-16 17:00:37,080 INFO server.RaftServerConfigKeys: raft.server.log.corruption.policy = EXCEPTION (default)
datanode_2  | 2019-10-16 17:00:33,913 INFO server.GrpcService: defe43ff-134d-4e25-9dec-28ea34239183: GrpcService started, listening on 0.0.0.0/0.0.0.0:9858
datanode_1  | 2019-10-16 17:00:36,450 INFO impl.RaftServerProxy: 3cc7db95-134c-4377-bdef-f1f0c5c76ac1: addNew group-0AEAA9278D73:[3cc7db95-134c-4377-bdef-f1f0c5c76ac1:172.18.0.8:9858] returns group-0AEAA9278D73:java.util.concurrent.CompletableFuture@19607a67[Not completed]
rm_1        | 2019-10-16 17:00:29 INFO  AbstractYarnScheduler:1383 - Maximum allocation = <memory:8192, vCores:4>
om_1        | 2019-10-16 17:00:39,179 INFO db.DBStoreBuilder: using custom profile for table: s3Table
scm_1       | 2019-10-16 17:00:32,308 INFO ipc.CallQueueManager: Using callQueue: class java.util.concurrent.LinkedBlockingQueue, queueCapacity: 1000, scheduler: class org.apache.hadoop.ipc.DefaultRpcScheduler, ipcBackoff: false.
nm_1        | 2019-10-16 17:00:29 INFO  ContainersMonitorImpl:135 -  Using ResourceCalculatorProcessTree : null
datanode_3  | 2019-10-16 17:00:37,081 INFO storage.RaftStorageDirectory: The storage directory /data/metadata/ratis/882ee5f0-5d7e-4530-b22d-461d2d587fdb does not exist. Creating ...
datanode_2  | WARNING: An illegal reflective access operation has occurred
datanode_1  | 2019-10-16 17:00:36,466 INFO impl.RaftServerImpl: 3cc7db95-134c-4377-bdef-f1f0c5c76ac1: new RaftServerImpl for group-0AEAA9278D73:[3cc7db95-134c-4377-bdef-f1f0c5c76ac1:172.18.0.8:9858] with ContainerStateMachine:uninitialized
rm_1        | 2019-10-16 17:00:29 INFO  CapacitySchedulerConfiguration:912 - max alloc mb per queue for root is undefined
om_1        | 2019-10-16 17:00:39,179 INFO db.DBStoreBuilder: Using default column profile:DBProfile.DISK for Table:s3Table
scm_1       | 2019-10-16 17:00:32,309 INFO ipc.Server: Starting Socket Reader #1 for port 9860
nm_1        | 2019-10-16 17:00:29 INFO  ContainersMonitorImpl:176 - Physical memory check enabled: false
datanode_3  | 2019-10-16 17:00:37,116 INFO storage.RaftStorageDirectory: Lock on /data/metadata/ratis/882ee5f0-5d7e-4530-b22d-461d2d587fdb/in_use.lock acquired by nodename 7@4b151a3ff909
datanode_1  | 2019-10-16 17:00:36,467 INFO server.RaftServerConfigKeys: raft.server.rpc.timeout.min = 5s (custom)
datanode_2  | WARNING: Illegal reflective access by org.apache.ratis.thirdparty.com.google.protobuf.UnsafeUtil (file:/opt/hadoop/share/ozone/lib/ratis-thirdparty-misc-0.2.0.jar) to field java.nio.Buffer.address
rm_1        | 2019-10-16 17:00:29 INFO  CapacitySchedulerConfiguration:916 - max alloc vcore per queue for root is undefined
om_1        | 2019-10-16 17:00:39,179 INFO db.DBStoreBuilder: using custom profile for table: multipartInfoTable
scm_1       | 2019-10-16 17:00:32,339 INFO hdfs.DFSUtil: Starting Web-server for scm at: http://0.0.0.0:9876
nm_1        | 2019-10-16 17:00:29 INFO  ContainersMonitorImpl:177 - Virtual memory check enabled: false
datanode_1  | 2019-10-16 17:00:36,468 INFO server.RaftServerConfigKeys: raft.server.rpc.timeout.max = 5200ms (custom)
datanode_2  | WARNING: Please consider reporting this to the maintainers of org.apache.ratis.thirdparty.com.google.protobuf.UnsafeUtil
datanode_3  | 2019-10-16 17:00:37,141 INFO storage.RaftStorage: Storage directory /data/metadata/ratis/882ee5f0-5d7e-4530-b22d-461d2d587fdb has been successfully formatted.
rm_1        | 2019-10-16 17:00:29 INFO  ParentQueue:151 - root, capacity=1.0, absoluteCapacity=1.0, maxCapacity=1.0, absoluteMaxCapacity=1.0, state=RUNNING, acls=ADMINISTER_QUEUE:*SUBMIT_APP:*, labels=*,
om_1        | 2019-10-16 17:00:39,179 INFO db.DBStoreBuilder: Using default column profile:DBProfile.DISK for Table:multipartInfoTable
scm_1       | 2019-10-16 17:00:32,548 INFO server.AuthenticationFilter: Unable to initialize FileSignerSecretProvider, falling back to use random secrets.
nm_1        | 2019-10-16 17:00:29 INFO  ContainersMonitorImpl:181 - ContainersMonitor enabled: true
datanode_1  | 2019-10-16 17:00:36,468 INFO server.RaftServerConfigKeys: raft.server.rpcslowness.timeout = 120s (custom)
datanode_2  | WARNING: Use --illegal-access=warn to enable warnings of further illegal reflective access operations
datanode_3  | 2019-10-16 17:00:37,144 [pool-8-thread-1] INFO       - group-461D2D587FDB: The snapshot info is null. Setting the last applied indexto:(t:0, i:~)
om_1        | 2019-10-16 17:00:39,180 INFO db.DBStoreBuilder: using custom profile for table: dTokenTable
scm_1       | 2019-10-16 17:00:32,562 INFO http.HttpRequestLog: Http request log for http.requests.scm is not defined
rm_1        | , reservationsContinueLooking=true, orderingPolicy=utilization, priority=0
nm_1        | 2019-10-16 17:00:29 INFO  ContainerManagerImpl:394 - Not a recoverable state store. Nothing to recover.
datanode_1  | 2019-10-16 17:00:36,469 INFO server.RaftServerConfigKeys: raft.server.sleep.deviation.threshold = 300 (default)
datanode_2  | WARNING: All illegal access operations will be denied in a future release
datanode_3  | 2019-10-16 17:00:37,145 INFO server.RaftServerConfigKeys: raft.server.notification.no-leader.timeout = 120s (custom)
om_1        | 2019-10-16 17:00:39,180 INFO db.DBStoreBuilder: Using default column profile:DBProfile.DISK for Table:dTokenTable
scm_1       | 2019-10-16 17:00:32,570 INFO http.HttpServer2: Added global filter 'safety' (class=org.apache.hadoop.http.HttpServer2$QuotingInputFilter)
rm_1        | 2019-10-16 17:00:29 INFO  ParentQueue:114 - Initialized parent-queue root name=root, fullname=root
nm_1        | 2019-10-16 17:00:29 INFO  Configuration:2752 - resource-types.xml not found
datanode_1  | 2019-10-16 17:00:36,469 INFO server.RaftServerConfigKeys: raft.server.log.appender.install.snapshot.enabled = false (custom)
datanode_2  | 2019-10-16 17:00:37,634 INFO impl.RaftServerProxy: defe43ff-134d-4e25-9dec-28ea34239183: addNew group-99A322C8C12D:[defe43ff-134d-4e25-9dec-28ea34239183:172.18.0.4:9858] returns group-99A322C8C12D:java.util.concurrent.CompletableFuture@4e3d1dc5[Not completed]
datanode_3  | 2019-10-16 17:00:37,147 INFO server.RaftServerConfigKeys: raft.server.log.use.memory = false (default)
om_1        | 2019-10-16 17:00:39,180 INFO db.DBStoreBuilder: using custom profile for table: s3SecretTable
scm_1       | 2019-10-16 17:00:32,572 INFO http.HttpServer2: Added filter static_user_filter (class=org.apache.hadoop.http.lib.StaticUserWebFilter$StaticUserFilter) to context scm
rm_1        | 2019-10-16 17:00:29 INFO  CapacitySchedulerConfiguration:912 - max alloc mb per queue for root.default is undefined
nm_1        | 2019-10-16 17:00:29 INFO  ResourceUtils:418 - Unable to find 'resource-types.xml'.
datanode_1  | 2019-10-16 17:00:36,475 INFO impl.RaftServerImpl: 3cc7db95-134c-4377-bdef-f1f0c5c76ac1@group-0AEAA9278D73: ConfigurationManager, init=-1: [3cc7db95-134c-4377-bdef-f1f0c5c76ac1:172.18.0.8:9858], old=null, confs=<EMPTY_MAP>
datanode_2  | 2019-10-16 17:00:37,686 INFO impl.RaftServerImpl: defe43ff-134d-4e25-9dec-28ea34239183: new RaftServerImpl for group-99A322C8C12D:[defe43ff-134d-4e25-9dec-28ea34239183:172.18.0.4:9858] with ContainerStateMachine:uninitialized
datanode_3  | 2019-10-16 17:00:37,151 INFO server.RaftServerConfigKeys: raft.server.log.purge.gap = 1000000 (custom)
om_1        | 2019-10-16 17:00:39,180 INFO db.DBStoreBuilder: Using default column profile:DBProfile.DISK for Table:s3SecretTable
scm_1       | 2019-10-16 17:00:32,572 INFO http.HttpServer2: Added filter static_user_filter (class=org.apache.hadoop.http.lib.StaticUserWebFilter$StaticUserFilter) to context static
rm_1        | 2019-10-16 17:00:29 INFO  CapacitySchedulerConfiguration:916 - max alloc vcore per queue for root.default is undefined
nm_1        | 2019-10-16 17:00:29 INFO  Configuration:2752 - node-resources.xml not found
datanode_1  | 2019-10-16 17:00:36,475 INFO server.RaftServerConfigKeys: raft.server.storage.dir = [/data/metadata/ratis] (custom)
datanode_2  | 2019-10-16 17:00:37,688 INFO server.RaftServerConfigKeys: raft.server.rpc.timeout.min = 5s (custom)
datanode_3  | 2019-10-16 17:00:37,151 INFO server.RaftServerConfigKeys: raft.server.log.appender.buffer.byte-limit = 33554432 (custom)
om_1        | 2019-10-16 17:00:39,180 INFO db.DBStoreBuilder: using custom profile for table: prefixTable
scm_1       | 2019-10-16 17:00:32,572 INFO http.HttpServer2: Added filter static_user_filter (class=org.apache.hadoop.http.lib.StaticUserWebFilter$StaticUserFilter) to context logs
rm_1        | 2019-10-16 17:00:29 INFO  LeafQueue:289 - Initializing default
nm_1        | 2019-10-16 17:00:29 INFO  ResourceUtils:418 - Unable to find 'node-resources.xml'.
datanode_1  | 2019-10-16 17:00:36,480 INFO server.RaftServerConfigKeys: raft.server.log.corruption.policy = EXCEPTION (default)
datanode_2  | 2019-10-16 17:00:37,688 INFO server.RaftServerConfigKeys: raft.server.rpc.timeout.max = 5200ms (custom)
datanode_3  | 2019-10-16 17:00:37,153 INFO server.RaftServerConfigKeys: raft.server.log.segment.size.max = 1048576 (custom)
om_1        | 2019-10-16 17:00:39,180 INFO db.DBStoreBuilder: Using default column profile:DBProfile.DISK for Table:prefixTable
datanode_3  | 2019-10-16 17:00:37,154 WARN impl.MetricsSystemImpl: HddsDatanode metrics system already initialized!
rm_1        | capacity = 1.0 [= (float) configuredCapacity / 100 ]
datanode_1  | 2019-10-16 17:00:36,481 INFO storage.RaftStorageDirectory: The storage directory /data/metadata/ratis/b0c63dc2-4f5e-40f4-8185-0aeaa9278d73 does not exist. Creating ...
nm_1        | 2019-10-16 17:00:29 INFO  NodeStatusUpdaterImpl:192 - Nodemanager resources is set to: <memory:8192, vCores:8>
datanode_2  | 2019-10-16 17:00:37,688 INFO server.RaftServerConfigKeys: raft.server.rpcslowness.timeout = 120s (custom)
scm_1       | 2019-10-16 17:00:32,598 INFO server.StorageContainerManager: StorageContainerLocationProtocol RPC server is listening at /0.0.0.0:9860
om_1        | 2019-10-16 17:00:39,189 INFO db.DBStoreBuilder: using custom profile for table: default
datanode_3  | 2019-10-16 17:00:37,159 INFO metrics.MetricRegistries: Loaded MetricRegistries class org.apache.ratis.metrics.impl.MetricRegistriesImpl
rm_1        | absoluteCapacity = 1.0 [= parentAbsoluteCapacity * capacity ]
datanode_1  | 2019-10-16 17:00:36,522 INFO storage.RaftStorageDirectory: Lock on /data/metadata/ratis/b0c63dc2-4f5e-40f4-8185-0aeaa9278d73/in_use.lock acquired by nodename 7@45ba3952198d
nm_1        | 2019-10-16 17:00:29 INFO  NodeStatusUpdaterImpl:236 - Initialized nodemanager with : physical-memory=8192 virtual-memory=17204 virtual-cores=8
datanode_2  | 2019-10-16 17:00:37,689 INFO server.RaftServerConfigKeys: raft.server.sleep.deviation.threshold = 300 (default)
scm_1       | 2019-10-16 17:00:32,669 INFO impl.MetricsConfig: Loaded properties from hadoop-metrics2.properties
om_1        | 2019-10-16 17:00:39,190 INFO db.DBStoreBuilder: Using default column profile:DBProfile.DISK for Table:default
datanode_3  | 2019-10-16 17:00:37,192 INFO server.RaftServerConfigKeys: raft.server.log.segment.cache.num.max = 2 (custom)
rm_1        | maxCapacity = 1.0 [= configuredMaxCapacity ]
datanode_1  | 2019-10-16 17:00:36,547 INFO storage.RaftStorage: Storage directory /data/metadata/ratis/b0c63dc2-4f5e-40f4-8185-0aeaa9278d73 has been successfully formatted.
nm_1        | 2019-10-16 17:00:30 INFO  CallQueueManager:84 - Using callQueue: class java.util.concurrent.LinkedBlockingQueue queueCapacity: 2000 scheduler: class org.apache.hadoop.ipc.DefaultRpcScheduler
datanode_2  | 2019-10-16 17:00:37,690 INFO server.RaftServerConfigKeys: raft.server.log.appender.install.snapshot.enabled = false (custom)
scm_1       | 2019-10-16 17:00:32,714 INFO impl.MetricsSystemImpl: Scheduled Metric snapshot period at 10 second(s).
om_1        | 2019-10-16 17:00:39,191 INFO db.DBStoreBuilder: Using default options. DBProfile.DISK
datanode_3  | 2019-10-16 17:00:37,196 INFO segmented.SegmentedRaftLogWorker: new fd7778b8-a0de-4d41-8965-cfe5b9cb133c@group-461D2D587FDB-SegmentedRaftLogWorker for RaftStorage:Storage Directory /data/metadata/ratis/882ee5f0-5d7e-4530-b22d-461d2d587fdb
rm_1        | absoluteMaxCapacity = 1.0 [= 1.0 maximumCapacity undefined, (parentAbsoluteMaxCapacity * maximumCapacity) / 100 otherwise ]
nm_1        | 2019-10-16 17:00:30 INFO  Server:1070 - Starting Socket Reader #1 for port 46038
datanode_1  | 2019-10-16 17:00:36,553 [pool-8-thread-1] INFO       - group-0AEAA9278D73: The snapshot info is null. Setting the last applied indexto:(t:0, i:~)
datanode_2  | 2019-10-16 17:00:37,696 INFO impl.RaftServerImpl: defe43ff-134d-4e25-9dec-28ea34239183@group-99A322C8C12D: ConfigurationManager, init=-1: [defe43ff-134d-4e25-9dec-28ea34239183:172.18.0.4:9858], old=null, confs=<EMPTY_MAP>
scm_1       | 2019-10-16 17:00:32,715 INFO impl.MetricsSystemImpl: StorageContainerManager metrics system started
om_1        | 2019-10-16 17:00:39,990 INFO ipc.CallQueueManager: Using callQueue: class java.util.concurrent.LinkedBlockingQueue, queueCapacity: 2000, scheduler: class org.apache.hadoop.ipc.DefaultRpcScheduler, ipcBackoff: false.
datanode_3  | 2019-10-16 17:00:37,197 INFO server.RaftServerConfigKeys: raft.server.log.queue.byte-limit = 2147483647 (custom)
rm_1        | effectiveMinResource=<memory:0, vCores:0>
datanode_1  | 2019-10-16 17:00:36,553 INFO server.RaftServerConfigKeys: raft.server.notification.no-leader.timeout = 120s (custom)
nm_1        | 2019-10-16 17:00:30 INFO  RpcServerFactoryPBImpl:173 - Adding protocol org.apache.hadoop.yarn.api.ContainerManagementProtocolPB to the server
datanode_2  | 2019-10-16 17:00:37,696 INFO server.RaftServerConfigKeys: raft.server.storage.dir = [/data/metadata/ratis] (custom)
scm_1       | 2019-10-16 17:00:32,936 INFO server.SCMClientProtocolServer: RPC server for Client  is listening at /0.0.0.0:9860
om_1        | 2019-10-16 17:00:40,003 INFO ipc.Server: Starting Socket Reader #1 for port 9862
datanode_3  | 2019-10-16 17:00:37,197 INFO server.RaftServerConfigKeys: raft.server.log.queue.element-limit = 1024 (custom)
rm_1        |  , effectiveMaxResource=<memory:0, vCores:0>
datanode_1  | 2019-10-16 17:00:36,557 INFO server.RaftServerConfigKeys: raft.server.log.use.memory = false (default)
datanode_2  | 2019-10-16 17:00:37,701 INFO server.RaftServerConfigKeys: raft.server.log.corruption.policy = EXCEPTION (default)
scm_1       | 2019-10-16 17:00:32,937 INFO ipc.Server: IPC Server Responder: starting
om_1        | 2019-10-16 17:00:40,061 [main] INFO       - OzoneManager RPC server is listening at om/172.18.0.2:9862
datanode_3  | 2019-10-16 17:00:37,198 INFO server.RaftServerConfigKeys: raft.server.log.segment.size.max = 1048576 (custom)
rm_1        | userLimit = 100 [= configuredUserLimit ]
nm_1        | 2019-10-16 17:00:30 INFO  Server:1310 - IPC Server Responder: starting
datanode_2  | 2019-10-16 17:00:37,703 INFO storage.RaftStorageDirectory: The storage directory /data/metadata/ratis/49eb4932-6df9-4a38-9872-99a322c8c12d does not exist. Creating ...
scm_1       | 2019-10-16 17:00:32,937 INFO ipc.Server: IPC Server listener on 9860: starting
om_1        | 2019-10-16 17:00:40,169 INFO impl.MetricsConfig: Loaded properties from hadoop-metrics2.properties
datanode_1  | 2019-10-16 17:00:36,564 INFO server.RaftServerConfigKeys: raft.server.log.purge.gap = 1000000 (custom)
datanode_3  | 2019-10-16 17:00:37,198 INFO server.RaftServerConfigKeys: raft.server.log.preallocated.size = 16384 (custom)
rm_1        | userLimitFactor = 1.0 [= configuredUserLimitFactor ]
nm_1        | 2019-10-16 17:00:30 INFO  Server:1149 - IPC Server listener on 46038: starting
scm_1       | 2019-10-16 17:00:32,944 INFO server.StorageContainerManager: ScmBlockLocationProtocol RPC server is listening at /0.0.0.0:9863
om_1        | 2019-10-16 17:00:40,232 INFO impl.MetricsSystemImpl: Scheduled Metric snapshot period at 10 second(s).
datanode_2  | 2019-10-16 17:00:37,733 INFO storage.RaftStorageDirectory: Lock on /data/metadata/ratis/49eb4932-6df9-4a38-9872-99a322c8c12d/in_use.lock acquired by nodename 7@7b1033a3f3c1
datanode_1  | 2019-10-16 17:00:36,564 INFO server.RaftServerConfigKeys: raft.server.log.appender.buffer.byte-limit = 33554432 (custom)
datanode_3  | 2019-10-16 17:00:37,199 INFO server.RaftServerConfigKeys: raft.server.log.write.buffer.size = 33554432 (custom)
rm_1        | maxApplications = 10000 [= configuredMaximumSystemApplicationsPerQueue or (int)(configuredMaximumSystemApplications * absoluteCapacity)]
nm_1        | 2019-10-16 17:00:30 INFO  NMContainerTokenSecretManager:265 - Updating node address : nm:46038
scm_1       | 2019-10-16 17:00:32,945 INFO server.SCMBlockProtocolServer: RPC server for Block Protocol is listening at /0.0.0.0:9863
om_1        | 2019-10-16 17:00:40,232 INFO impl.MetricsSystemImpl: OzoneManager metrics system started
datanode_2  | 2019-10-16 17:00:37,759 INFO storage.RaftStorage: Storage directory /data/metadata/ratis/49eb4932-6df9-4a38-9872-99a322c8c12d has been successfully formatted.
datanode_1  | 2019-10-16 17:00:36,567 INFO server.RaftServerConfigKeys: raft.server.log.segment.size.max = 1048576 (custom)
datanode_3  | 2019-10-16 17:00:37,199 INFO server.RaftServerConfigKeys: raft.server.log.force.sync.num = 128 (default)
rm_1        | maxApplicationsPerUser = 10000 [= (int)(maxApplications * (userLimit / 100.0f) * userLimitFactor) ]
nm_1        | 2019-10-16 17:00:30 INFO  CallQueueManager:84 - Using callQueue: class java.util.concurrent.LinkedBlockingQueue queueCapacity: 500 scheduler: class org.apache.hadoop.ipc.DefaultRpcScheduler
scm_1       | 2019-10-16 17:00:32,945 INFO ipc.Server: IPC Server Responder: starting
om_1        | 2019-10-16 17:00:40,283 INFO ipc.Server: IPC Server Responder: starting
datanode_1  | 2019-10-16 17:00:36,569 WARN impl.MetricsSystemImpl: HddsDatanode metrics system already initialized!
datanode_3  | 2019-10-16 17:00:37,200 INFO server.RaftServerConfigKeys: raft.server.log.statemachine.data.sync = true (default)
rm_1        | usedCapacity = 0.0 [= usedResourcesMemory / (clusterResourceMemory * absoluteCapacity)]
datanode_2  | 2019-10-16 17:00:37,764 [pool-8-thread-1] INFO       - group-99A322C8C12D: The snapshot info is null. Setting the last applied indexto:(t:0, i:~)
nm_1        | 2019-10-16 17:00:30 INFO  Server:1070 - Starting Socket Reader #1 for port 8040
om_1        | 2019-10-16 17:00:40,285 INFO ipc.Server: IPC Server listener on 9862: starting
