datanode_3  | 2019-10-17 18:15:08,199 INFO server.RaftServerConfigKeys: raft.server.storage.dir = [/data/metadata/ratis] (custom)
scm_1       | 2019-10-17 18:15:04,424 INFO server.SCMDatanodeProtocolServer: RPC server for DataNodes is listening at /0.0.0.0:9861
datanode_1  | 2019-10-17 18:15:08,752 INFO server.RaftServerConfigKeys: raft.server.log.corruption.policy = EXCEPTION (default)
rm_1        | state = RUNNING [= configuredState ]
nm_1        | 2019-10-17 18:15:01 INFO  ResourceLocalizationService:392 - Localizer started on port 8040
datanode_2  | 2019-10-17 18:15:07,631 INFO server.RaftServerConfigKeys: raft.server.sleep.deviation.threshold = 300 (default)
om_1        | 2019-10-17 18:15:11,194 INFO ipc.Server: IPC Server listener on 9862: starting
datanode_3  | 2019-10-17 18:15:08,204 INFO server.RaftServerConfigKeys: raft.server.log.corruption.policy = EXCEPTION (default)
scm_1       | 2019-10-17 18:15:04,425 INFO ipc.Server: IPC Server Responder: starting
datanode_1  | 2019-10-17 18:15:08,753 INFO storage.RaftStorageDirectory: The storage directory /data/metadata/ratis/c759928d-4b48-4aa2-b208-152590da47d8 does not exist. Creating ...
rm_1        | acls = ADMINISTER_QUEUE:*SUBMIT_APP:* [= configuredAcls ]
datanode_2  | 2019-10-17 18:15:07,631 INFO server.RaftServerConfigKeys: raft.server.log.appender.install.snapshot.enabled = false (custom)
om_1        | 2019-10-17 18:15:11,231 INFO hdfs.DFSUtil: Starting Web-server for ozoneManager at: http://0.0.0.0:9874
datanode_3  | 2019-10-17 18:15:08,205 INFO storage.RaftStorageDirectory: The storage directory /data/metadata/ratis/9cdca9fe-84c9-4905-bd5b-c23fabf39cbe does not exist. Creating ...
scm_1       | 2019-10-17 18:15:04,425 INFO ipc.Server: IPC Server listener on 9861: starting
datanode_1  | 2019-10-17 18:15:08,771 INFO storage.RaftStorageDirectory: Lock on /data/metadata/ratis/c759928d-4b48-4aa2-b208-152590da47d8/in_use.lock acquired by nodename 7@f2c87afae08b
rm_1        | nodeLocalityDelay = 40
datanode_2  | 2019-10-17 18:15:07,637 INFO impl.RaftServerImpl: fc267c47-3005-41fa-a134-e91c03987fd0@group-609ABEEBA59C: ConfigurationManager, init=-1: [fc267c47-3005-41fa-a134-e91c03987fd0:172.18.0.2:9858], old=null, confs=<EMPTY_MAP>
nm_1        | 2019-10-17 18:15:01 INFO  IndexCache:47 - IndexCache created with max memory = 10485760
om_1        | 2019-10-17 18:15:11,339 INFO server.AuthenticationFilter: Unable to initialize FileSignerSecretProvider, falling back to use random secrets.
datanode_3  | 2019-10-17 18:15:08,232 INFO storage.RaftStorageDirectory: Lock on /data/metadata/ratis/9cdca9fe-84c9-4905-bd5b-c23fabf39cbe/in_use.lock acquired by nodename 7@f7d2bc136208
scm_1       | 2019-10-17 18:15:04,431 INFO http.HttpServer2: Jetty bound to port 9876
datanode_1  | 2019-10-17 18:15:08,788 INFO storage.RaftStorage: Storage directory /data/metadata/ratis/c759928d-4b48-4aa2-b208-152590da47d8 has been successfully formatted.
rm_1        | rackLocalityAdditionalDelay = -1
datanode_2  | 2019-10-17 18:15:07,637 INFO server.RaftServerConfigKeys: raft.server.storage.dir = [/data/metadata/ratis] (custom)
nm_1        | 2019-10-17 18:15:01 INFO  ShuffleHandler:549 - mapreduce_shuffle listening on port 13562
om_1        | 2019-10-17 18:15:11,342 INFO http.HttpRequestLog: Http request log for http.requests.ozoneManager is not defined
datanode_3  | 2019-10-17 18:15:08,257 INFO storage.RaftStorage: Storage directory /data/metadata/ratis/9cdca9fe-84c9-4905-bd5b-c23fabf39cbe has been successfully formatted.
scm_1       | 2019-10-17 18:15:04,432 INFO server.Server: jetty-9.3.25.v20180904, build timestamp: 2018-09-04T21:11:46Z, git hash: 3ce520221d0240229c862b122d2b06c12a625732
datanode_2  | 2019-10-17 18:15:07,641 INFO server.RaftServerConfigKeys: raft.server.log.corruption.policy = EXCEPTION (default)
rm_1        | labels=*,
datanode_1  | 2019-10-17 18:15:08,793 [pool-8-thread-1] INFO       - group-152590DA47D8: The snapshot info is null. Setting the last applied indexto:(t:0, i:~)
nm_1        | 2019-10-17 18:15:01 INFO  ContainerManagerImpl:666 - ContainerManager started at nm/172.18.0.3:35938
om_1        | 2019-10-17 18:15:11,348 INFO http.HttpServer2: Added global filter 'safety' (class=org.apache.hadoop.http.HttpServer2$QuotingInputFilter)
datanode_3  | 2019-10-17 18:15:08,260 [pool-8-thread-1] INFO       - group-C23FABF39CBE: The snapshot info is null. Setting the last applied indexto:(t:0, i:~)
scm_1       | 2019-10-17 18:15:04,461 INFO handler.ContextHandler: Started o.e.j.s.ServletContextHandler@3350ebdd{/logs,file:///var/log/hadoop/,AVAILABLE}
rm_1        | reservationsContinueLooking = true
datanode_1  | 2019-10-17 18:15:08,793 INFO server.RaftServerConfigKeys: raft.server.notification.no-leader.timeout = 120s (custom)
nm_1        | 2019-10-17 18:15:01 INFO  ContainerManagerImpl:667 - ContainerManager bound to 0.0.0.0/0.0.0.0:0
om_1        | 2019-10-17 18:15:11,350 INFO http.HttpServer2: Added filter static_user_filter (class=org.apache.hadoop.http.lib.StaticUserWebFilter$StaticUserFilter) to context ozoneManager
datanode_3  | 2019-10-17 18:15:08,261 INFO server.RaftServerConfigKeys: raft.server.notification.no-leader.timeout = 120s (custom)
datanode_2  | 2019-10-17 18:15:07,643 INFO storage.RaftStorageDirectory: The storage directory /data/metadata/ratis/226ecbec-ec02-4c19-b72e-609abeeba59c does not exist. Creating ...
scm_1       | 2019-10-17 18:15:04,462 INFO handler.ContextHandler: Started o.e.j.s.ServletContextHandler@6dcd5639{/static,jar:file:/opt/hadoop/share/ozone/lib/hadoop-hdds-server-scm-0.5.0-SNAPSHOT.jar!/webapps/static,AVAILABLE}
rm_1        | preemptionDisabled = true
datanode_1  | 2019-10-17 18:15:08,796 INFO server.RaftServerConfigKeys: raft.server.log.use.memory = false (default)
nm_1        | 2019-10-17 18:15:01 WARN  NMLogAggregationStatusTracker:96 - Log Aggregation is disabled.So is the LogAggregationStatusTracker.
om_1        | 2019-10-17 18:15:11,350 INFO http.HttpServer2: Added filter static_user_filter (class=org.apache.hadoop.http.lib.StaticUserWebFilter$StaticUserFilter) to context logs
datanode_3  | 2019-10-17 18:15:08,263 INFO server.RaftServerConfigKeys: raft.server.log.use.memory = false (default)
scm_1       | 2019-10-17 18:15:04,539 INFO handler.ContextHandler: Started o.e.j.w.WebAppContext@4b790d86{/,file:///tmp/jetty-0.0.0.0-9876-scm-_-any-12870984175801117942.dir/webapp/,AVAILABLE}{/scm}
rm_1        | defaultAppPriorityPerQueue = 0
datanode_1  | 2019-10-17 18:15:08,802 INFO server.RaftServerConfigKeys: raft.server.log.purge.gap = 1000000 (custom)
nm_1        | 2019-10-17 18:15:01 INFO  WebServer:99 - Instantiating NMWebApp at 0.0.0.0:8042
datanode_2  | 2019-10-17 18:15:07,674 INFO storage.RaftStorageDirectory: Lock on /data/metadata/ratis/226ecbec-ec02-4c19-b72e-609abeeba59c/in_use.lock acquired by nodename 7@b695ae8251ae
datanode_3  | 2019-10-17 18:15:08,267 INFO server.RaftServerConfigKeys: raft.server.log.purge.gap = 1000000 (custom)
om_1        | 2019-10-17 18:15:11,350 INFO http.HttpServer2: Added filter static_user_filter (class=org.apache.hadoop.http.lib.StaticUserWebFilter$StaticUserFilter) to context static
rm_1        | priority = 0
datanode_1  | 2019-10-17 18:15:08,802 INFO server.RaftServerConfigKeys: raft.server.log.appender.buffer.byte-limit = 33554432 (custom)
nm_1        | 2019-10-17 18:15:01 INFO  log:192 - Logging initialized @2861ms
datanode_2  | 2019-10-17 18:15:07,691 INFO storage.RaftStorage: Storage directory /data/metadata/ratis/226ecbec-ec02-4c19-b72e-609abeeba59c has been successfully formatted.
datanode_3  | 2019-10-17 18:15:08,267 INFO server.RaftServerConfigKeys: raft.server.log.appender.buffer.byte-limit = 33554432 (custom)
scm_1       | 2019-10-17 18:15:04,544 INFO server.AbstractConnector: Started ServerConnector@1f7076bc{HTTP/1.1,[http/1.1]}{0.0.0.0:9876}
om_1        | 2019-10-17 18:15:11,369 INFO http.HttpServer2: Jetty bound to port 9874
rm_1        | maxLifetime = -1 seconds
datanode_1  | 2019-10-17 18:15:08,804 INFO server.RaftServerConfigKeys: raft.server.log.segment.size.max = 1048576 (custom)
datanode_2  | 2019-10-17 18:15:07,694 [pool-8-thread-1] INFO       - group-609ABEEBA59C: The snapshot info is null. Setting the last applied indexto:(t:0, i:~)
datanode_3  | 2019-10-17 18:15:08,268 INFO server.RaftServerConfigKeys: raft.server.log.segment.size.max = 1048576 (custom)
nm_1        | 2019-10-17 18:15:01 INFO  AuthenticationFilter:240 - Unable to initialize FileSignerSecretProvider, falling back to use random secrets.
scm_1       | 2019-10-17 18:15:04,544 INFO server.Server: Started @4020ms
om_1        | 2019-10-17 18:15:11,370 INFO server.Server: jetty-9.3.25.v20180904, build timestamp: 2018-09-04T21:11:46Z, git hash: 3ce520221d0240229c862b122d2b06c12a625732
rm_1        | defaultLifetime = -1 seconds
datanode_1  | 2019-10-17 18:15:08,805 WARN impl.MetricsSystemImpl: HddsDatanode metrics system already initialized!
datanode_2  | 2019-10-17 18:15:07,695 INFO server.RaftServerConfigKeys: raft.server.notification.no-leader.timeout = 120s (custom)
nm_1        | 2019-10-17 18:15:01 INFO  HttpRequestLog:81 - Http request log for http.requests.nodemanager is not defined
datanode_3  | 2019-10-17 18:15:08,270 WARN impl.MetricsSystemImpl: HddsDatanode metrics system already initialized!
scm_1       | 2019-10-17 18:15:04,548 INFO impl.MetricsSinkAdapter: Sink prometheus started
om_1        | 2019-10-17 18:15:11,398 INFO handler.ContextHandler: Started o.e.j.s.ServletContextHandler@77f68df{/logs,file:///var/log/hadoop/,AVAILABLE}
rm_1        | 2019-10-17 18:15:00 INFO  CapacitySchedulerQueueManager:298 - Initialized queue: default: capacity=1.0, absoluteCapacity=1.0, usedResources=<memory:0, vCores:0>, usedCapacity=0.0, absoluteUsedCapacity=0.0, numApps=0, numContainers=0, effectiveMinResource=<memory:0, vCores:0> , effectiveMaxResource=<memory:0, vCores:0>
datanode_1  | 2019-10-17 18:15:08,810 INFO metrics.MetricRegistries: Loaded MetricRegistries class org.apache.ratis.metrics.impl.MetricRegistriesImpl
nm_1        | 2019-10-17 18:15:01 INFO  HttpServer2:975 - Added global filter 'safety' (class=org.apache.hadoop.http.HttpServer2$QuotingInputFilter)
scm_1       | 2019-10-17 18:15:04,548 INFO impl.MetricsSystemImpl: Registered sink prometheus
datanode_2  | 2019-10-17 18:15:07,697 INFO server.RaftServerConfigKeys: raft.server.log.use.memory = false (default)
om_1        | 2019-10-17 18:15:11,398 INFO handler.ContextHandler: Started o.e.j.s.ServletContextHandler@56399b9e{/static,jar:file:/opt/hadoop/share/ozone/lib/hadoop-ozone-ozone-manager-0.5.0-SNAPSHOT.jar!/webapps/static,AVAILABLE}
datanode_3  | 2019-10-17 18:15:08,274 INFO metrics.MetricRegistries: Loaded MetricRegistries class org.apache.ratis.metrics.impl.MetricRegistriesImpl
rm_1        | 2019-10-17 18:15:00 INFO  CapacitySchedulerQueueManager:298 - Initialized queue: root: numChildQueue= 1, capacity=1.0, absoluteCapacity=1.0, usedResources=<memory:0, vCores:0>usedCapacity=0.0, numApps=0, numContainers=0
datanode_1  | 2019-10-17 18:15:08,841 INFO server.RaftServerConfigKeys: raft.server.log.segment.cache.num.max = 2 (custom)
nm_1        | 2019-10-17 18:15:01 INFO  HttpServer2:948 - Added filter static_user_filter (class=org.apache.hadoop.http.lib.StaticUserWebFilter$StaticUserFilter) to context node
scm_1       | 2019-10-17 18:15:04,550 INFO server.BaseHttpServer: HTTP server of SCM is listening at http://0.0.0.0:9876
datanode_2  | 2019-10-17 18:15:07,701 INFO server.RaftServerConfigKeys: raft.server.log.purge.gap = 1000000 (custom)
om_1        | 2019-10-17 18:15:11,477 INFO handler.ContextHandler: Started o.e.j.w.WebAppContext@28ee7bee{/,file:///tmp/jetty-0.0.0.0-9874-ozoneManager-_-any-13849664817414901665.dir/webapp/,AVAILABLE}{/ozoneManager}
datanode_3  | 2019-10-17 18:15:08,313 INFO server.RaftServerConfigKeys: raft.server.log.segment.cache.num.max = 2 (custom)
rm_1        | 2019-10-17 18:15:00 INFO  CapacitySchedulerQueueManager:163 - Initialized root queue root: numChildQueue= 1, capacity=1.0, absoluteCapacity=1.0, usedResources=<memory:0, vCores:0>usedCapacity=0.0, numApps=0, numContainers=0
datanode_1  | 2019-10-17 18:15:08,846 INFO segmented.SegmentedRaftLogWorker: new a7c1a6d5-5206-4761-9cbd-7a8b6052f0fa@group-152590DA47D8-SegmentedRaftLogWorker for RaftStorage:Storage Directory /data/metadata/ratis/c759928d-4b48-4aa2-b208-152590da47d8
nm_1        | 2019-10-17 18:15:01 INFO  HttpServer2:958 - Added filter static_user_filter (class=org.apache.hadoop.http.lib.StaticUserWebFilter$StaticUserFilter) to context logs
scm_1       | 2019-10-17 18:15:04,575 INFO util.JvmPauseMonitor: Starting JVM pause monitor
datanode_2  | 2019-10-17 18:15:07,701 INFO server.RaftServerConfigKeys: raft.server.log.appender.buffer.byte-limit = 33554432 (custom)
om_1        | 2019-10-17 18:15:11,481 INFO server.AbstractConnector: Started ServerConnector@69f0b0f4{HTTP/1.1,[http/1.1]}{0.0.0.0:9874}
datanode_3  | 2019-10-17 18:15:08,318 INFO segmented.SegmentedRaftLogWorker: new d891a7d2-ee57-4e37-a2dc-9d17cd2355f8@group-C23FABF39CBE-SegmentedRaftLogWorker for RaftStorage:Storage Directory /data/metadata/ratis/9cdca9fe-84c9-4905-bd5b-c23fabf39cbe
rm_1        | 2019-10-17 18:15:00 INFO  UserGroupMappingPlacementRule:237 - Initialized queue mappings, override: false
datanode_1  | 2019-10-17 18:15:08,846 INFO server.RaftServerConfigKeys: raft.server.log.queue.byte-limit = 2147483647 (custom)
nm_1        | 2019-10-17 18:15:01 INFO  HttpServer2:958 - Added filter static_user_filter (class=org.apache.hadoop.http.lib.StaticUserWebFilter$StaticUserFilter) to context static
datanode_2  | 2019-10-17 18:15:07,702 INFO server.RaftServerConfigKeys: raft.server.log.segment.size.max = 1048576 (custom)
scm_1       | 2019-10-17 18:15:06,678 INFO net.NetworkTopology: Added a new node: /default-rack/fc267c47-3005-41fa-a134-e91c03987fd0
om_1        | 2019-10-17 18:15:11,481 INFO server.Server: Started @4037ms
datanode_3  | 2019-10-17 18:15:08,318 INFO server.RaftServerConfigKeys: raft.server.log.queue.byte-limit = 2147483647 (custom)
rm_1        | 2019-10-17 18:15:00 INFO  MultiNodeSortingManager:104 - MultiNode scheduling is 'false', and configured policies are 
datanode_1  | 2019-10-17 18:15:08,846 INFO server.RaftServerConfigKeys: raft.server.log.queue.element-limit = 1024 (custom)
nm_1        | 2019-10-17 18:15:01 INFO  HttpServer2:948 - Added filter authentication (class=org.apache.hadoop.security.authentication.server.AuthenticationFilter) to context node
datanode_2  | 2019-10-17 18:15:07,704 WARN impl.MetricsSystemImpl: HddsDatanode metrics system already initialized!
scm_1       | 2019-10-17 18:15:06,678 INFO node.SCMNodeManager: Registered Data node : fc267c47-3005-41fa-a134-e91c03987fd0{ip: 172.18.0.2, host: hadoop32_datanode_2.hadoop32_default, networkLocation: /default-rack, certSerialId: null}
om_1        | 2019-10-17 18:15:11,484 INFO impl.MetricsSinkAdapter: Sink prometheus started
datanode_3  | 2019-10-17 18:15:08,319 INFO server.RaftServerConfigKeys: raft.server.log.queue.element-limit = 1024 (custom)
rm_1        | 2019-10-17 18:15:00 INFO  CapacityScheduler:408 - Initialized CapacityScheduler with calculator=class org.apache.hadoop.yarn.util.resource.DefaultResourceCalculator, minimumAllocation=<<memory:1024, vCores:1>>, maximumAllocation=<<memory:8192, vCores:4>>, asynchronousScheduling=false, asyncScheduleInterval=5ms,multiNodePlacementEnabled=false
datanode_1  | 2019-10-17 18:15:08,847 INFO server.RaftServerConfigKeys: raft.server.log.segment.size.max = 1048576 (custom)
nm_1        | 2019-10-17 18:15:01 INFO  HttpServer2:958 - Added filter authentication (class=org.apache.hadoop.security.authentication.server.AuthenticationFilter) to context logs
datanode_2  | 2019-10-17 18:15:07,708 INFO metrics.MetricRegistries: Loaded MetricRegistries class org.apache.ratis.metrics.impl.MetricRegistriesImpl
om_1        | 2019-10-17 18:15:11,484 INFO impl.MetricsSystemImpl: Registered sink prometheus
datanode_3  | 2019-10-17 18:15:08,320 INFO server.RaftServerConfigKeys: raft.server.log.segment.size.max = 1048576 (custom)
datanode_1  | 2019-10-17 18:15:08,847 INFO server.RaftServerConfigKeys: raft.server.log.preallocated.size = 16384 (custom)
rm_1        | 2019-10-17 18:15:00 INFO  Configuration:2752 - dynamic-resources.xml not found
datanode_2  | 2019-10-17 18:15:07,740 INFO server.RaftServerConfigKeys: raft.server.log.segment.cache.num.max = 2 (custom)
nm_1        | 2019-10-17 18:15:01 INFO  HttpServer2:958 - Added filter authentication (class=org.apache.hadoop.security.authentication.server.AuthenticationFilter) to context static
scm_1       | 2019-10-17 18:15:06,684 INFO safemode.SCMSafeModeManager: SCM in safe mode. 1 DataNodes registered, 1 required.
om_1        | 2019-10-17 18:15:11,486 INFO server.BaseHttpServer: HTTP server of OZONEMANAGER is listening at http://0.0.0.0:9874
datanode_3  | 2019-10-17 18:15:08,320 INFO server.RaftServerConfigKeys: raft.server.log.preallocated.size = 16384 (custom)
datanode_1  | 2019-10-17 18:15:08,848 INFO server.RaftServerConfigKeys: raft.server.log.write.buffer.size = 33554432 (custom)
rm_1        | 2019-10-17 18:15:00 INFO  AMSProcessingChain:62 - Initializing AMS Processing chain. Root Processor=[org.apache.hadoop.yarn.server.resourcemanager.DefaultAMSProcessor].
datanode_2  | 2019-10-17 18:15:07,744 INFO segmented.SegmentedRaftLogWorker: new fc267c47-3005-41fa-a134-e91c03987fd0@group-609ABEEBA59C-SegmentedRaftLogWorker for RaftStorage:Storage Directory /data/metadata/ratis/226ecbec-ec02-4c19-b72e-609abeeba59c
nm_1        | 2019-10-17 18:15:01 INFO  HttpServer2:613 - adding path spec: /node/*
scm_1       | 2019-10-17 18:15:06,684 INFO safemode.SCMSafeModeManager: ScmSafeModeManager, all rules are successfully validated
om_1        | 2019-10-17 18:15:24,046 [IPC Server handler 3 on 9862] INFO       - created volume:vol1 for user:hadoop
datanode_3  | 2019-10-17 18:15:08,320 INFO server.RaftServerConfigKeys: raft.server.log.write.buffer.size = 33554432 (custom)
datanode_1  | 2019-10-17 18:15:08,848 INFO server.RaftServerConfigKeys: raft.server.log.force.sync.num = 128 (default)
rm_1        | 2019-10-17 18:15:00 INFO  ApplicationMasterService:129 - disabled placement handler will be used, all scheduling requests will be rejected.
nm_1        | 2019-10-17 18:15:01 INFO  HttpServer2:613 - adding path spec: /ws/*
datanode_2  | 2019-10-17 18:15:07,745 INFO server.RaftServerConfigKeys: raft.server.log.queue.byte-limit = 2147483647 (custom)
scm_1       | 2019-10-17 18:15:06,684 INFO safemode.SCMSafeModeManager: SCM exiting safe mode.
datanode_3  | 2019-10-17 18:15:08,321 INFO server.RaftServerConfigKeys: raft.server.log.force.sync.num = 128 (default)
datanode_1  | 2019-10-17 18:15:08,849 INFO server.RaftServerConfigKeys: raft.server.log.statemachine.data.sync = true (default)
nm_1        | 2019-10-17 18:15:01 INFO  WebApps:395 - Registered webapp guice modules
rm_1        | 2019-10-17 18:15:00 INFO  AMSProcessingChain:75 - Adding [org.apache.hadoop.yarn.server.resourcemanager.scheduler.constraint.processor.DisabledPlacementProcessor] tp top of AMS Processing chain. 
datanode_2  | 2019-10-17 18:15:07,745 INFO server.RaftServerConfigKeys: raft.server.log.queue.element-limit = 1024 (custom)
scm_1       | 2019-10-17 18:15:06,821 INFO net.NetworkTopology: Added a new node: /default-rack/a7c1a6d5-5206-4761-9cbd-7a8b6052f0fa
datanode_3  | 2019-10-17 18:15:08,322 INFO server.RaftServerConfigKeys: raft.server.log.statemachine.data.sync = true (default)
datanode_1  | 2019-10-17 18:15:08,849 INFO server.RaftServerConfigKeys: raft.server.log.statemachine.data.sync.timeout = 10s (default)
nm_1        | 2019-10-17 18:15:01 INFO  HttpServer2:1191 - Jetty bound to port 8042
rm_1        | 2019-10-17 18:15:00 INFO  ResourceManager:579 - TimelineServicePublisher is not configured
scm_1       | 2019-10-17 18:15:06,822 INFO node.SCMNodeManager: Registered Data node : a7c1a6d5-5206-4761-9cbd-7a8b6052f0fa{ip: 172.18.0.5, host: hadoop32_datanode_1.hadoop32_default, networkLocation: /default-rack, certSerialId: null}
datanode_3  | 2019-10-17 18:15:08,322 INFO server.RaftServerConfigKeys: raft.server.log.statemachine.data.sync.timeout = 10s (default)
datanode_1  | 2019-10-17 18:15:08,849 INFO server.RaftServerConfigKeys: raft.server.log.statemachine.data.sync.timeout.retry = -1 (default)
datanode_2  | 2019-10-17 18:15:07,746 INFO server.RaftServerConfigKeys: raft.server.log.segment.size.max = 1048576 (custom)
nm_1        | 2019-10-17 18:15:01 INFO  Server:351 - jetty-9.3.24.v20180605, build timestamp: 2018-06-05T17:11:56Z, git hash: 84205aa28f11a4f31f2a3b86d1bba2cc8ab69827
rm_1        | 2019-10-17 18:15:00 INFO  log:192 - Logging initialized @1780ms
scm_1       | 2019-10-17 18:15:07,216 INFO net.NetworkTopology: Added a new node: /default-rack/d891a7d2-ee57-4e37-a2dc-9d17cd2355f8
datanode_3  | 2019-10-17 18:15:08,322 INFO server.RaftServerConfigKeys: raft.server.log.statemachine.data.sync.timeout.retry = -1 (default)
datanode_1  | 2019-10-17 18:15:08,858 INFO server.RaftServerConfigKeys: raft.server.log.statemachine.data.caching.enabled = true (custom)
datanode_2  | 2019-10-17 18:15:07,747 INFO server.RaftServerConfigKeys: raft.server.log.preallocated.size = 16384 (custom)
nm_1        | 2019-10-17 18:15:01 INFO  AuthenticationFilter:240 - Unable to initialize FileSignerSecretProvider, falling back to use random secrets.
rm_1        | 2019-10-17 18:15:00 INFO  AuthenticationFilter:240 - Unable to initialize FileSignerSecretProvider, falling back to use random secrets.
scm_1       | 2019-10-17 18:15:07,217 INFO node.SCMNodeManager: Registered Data node : d891a7d2-ee57-4e37-a2dc-9d17cd2355f8{ip: 172.18.0.9, host: hadoop32_datanode_3.hadoop32_default, networkLocation: /default-rack, certSerialId: null}
datanode_3  | 2019-10-17 18:15:08,331 INFO server.RaftServerConfigKeys: raft.server.log.statemachine.data.caching.enabled = true (custom)
datanode_1  | 2019-10-17 18:15:08,863 INFO segmented.SegmentedRaftLogWorker: a7c1a6d5-5206-4761-9cbd-7a8b6052f0fa@group-152590DA47D8-SegmentedRaftLogWorker: flushIndex: setUnconditionally 0 -> -1
datanode_2  | 2019-10-17 18:15:07,747 INFO server.RaftServerConfigKeys: raft.server.log.write.buffer.size = 33554432 (custom)
nm_1        | 2019-10-17 18:15:01 INFO  ContextHandler:781 - Started o.e.j.s.ServletContextHandler@1ae67cad{/logs,file:///opt/hadoop/logs/,AVAILABLE}
rm_1        | 2019-10-17 18:15:00 INFO  HttpRequestLog:81 - Http request log for http.requests.resourcemanager is not defined
scm_1       | WARNING: An illegal reflective access operation has occurred
datanode_3  | 2019-10-17 18:15:08,336 INFO segmented.SegmentedRaftLogWorker: d891a7d2-ee57-4e37-a2dc-9d17cd2355f8@group-C23FABF39CBE-SegmentedRaftLogWorker: flushIndex: setUnconditionally 0 -> -1
datanode_1  | 2019-10-17 18:15:08,867 INFO server.RaftServerConfigKeys: raft.server.snapshot.auto.trigger.enabled = true (custom)
datanode_2  | 2019-10-17 18:15:07,747 INFO server.RaftServerConfigKeys: raft.server.log.force.sync.num = 128 (default)
nm_1        | 2019-10-17 18:15:01 INFO  ContextHandler:781 - Started o.e.j.s.ServletContextHandler@18cebaa5{/static,jar:file:/opt/hadoop/share/hadoop/yarn/hadoop-yarn-common-3.2.0.jar!/webapps/static,AVAILABLE}
rm_1        | 2019-10-17 18:15:00 INFO  HttpServer2:975 - Added global filter 'safety' (class=org.apache.hadoop.http.HttpServer2$QuotingInputFilter)
scm_1       | WARNING: Illegal reflective access by org.apache.ratis.thirdparty.com.google.protobuf.UnsafeUtil (file:/opt/hadoop/share/ozone/lib/ratis-thirdparty-misc-0.2.0.jar) to field java.nio.Buffer.address
datanode_3  | 2019-10-17 18:15:08,339 INFO server.RaftServerConfigKeys: raft.server.snapshot.auto.trigger.enabled = true (custom)
datanode_1  | 2019-10-17 18:15:08,868 INFO server.RaftServerConfigKeys: raft.server.snapshot.auto.trigger.threshold = 10000 (custom)
datanode_2  | 2019-10-17 18:15:07,748 INFO server.RaftServerConfigKeys: raft.server.log.statemachine.data.sync = true (default)
rm_1        | 2019-10-17 18:15:00 INFO  HttpServer2:948 - Added filter RMAuthenticationFilter (class=org.apache.hadoop.yarn.server.security.http.RMAuthenticationFilter) to context cluster
scm_1       | WARNING: Please consider reporting this to the maintainers of org.apache.ratis.thirdparty.com.google.protobuf.UnsafeUtil
datanode_3  | 2019-10-17 18:15:08,340 INFO server.RaftServerConfigKeys: raft.server.snapshot.auto.trigger.threshold = 10000 (custom)
datanode_1  | 2019-10-17 18:15:08,869 INFO server.RaftServerConfigKeys: raft.server.snapshot.retention.file.num = 5 (custom)
datanode_2  | 2019-10-17 18:15:07,749 INFO server.RaftServerConfigKeys: raft.server.log.statemachine.data.sync.timeout = 10s (default)
nm_1        | Oct 17, 2019 6:15:02 PM com.sun.jersey.guice.spi.container.GuiceComponentProviderFactory register
rm_1        | 2019-10-17 18:15:00 INFO  HttpServer2:958 - Added filter RMAuthenticationFilter (class=org.apache.hadoop.yarn.server.security.http.RMAuthenticationFilter) to context static
scm_1       | WARNING: Use --illegal-access=warn to enable warnings of further illegal reflective access operations
datanode_3  | 2019-10-17 18:15:08,340 INFO server.RaftServerConfigKeys: raft.server.snapshot.retention.file.num = 5 (custom)
datanode_1  | 2019-10-17 18:15:08,869 INFO server.RaftServerConfigKeys: raft.server.retrycache.expirytime = 600000ms (custom)
nm_1        | INFO: Registering org.apache.hadoop.yarn.server.nodemanager.webapp.NMWebServices as a root resource class
datanode_2  | 2019-10-17 18:15:07,749 INFO server.RaftServerConfigKeys: raft.server.log.statemachine.data.sync.timeout.retry = -1 (default)
scm_1       | WARNING: All illegal access operations will be denied in a future release
rm_1        | 2019-10-17 18:15:00 INFO  HttpServer2:958 - Added filter RMAuthenticationFilter (class=org.apache.hadoop.yarn.server.security.http.RMAuthenticationFilter) to context logs
datanode_3  | 2019-10-17 18:15:08,341 INFO server.RaftServerConfigKeys: raft.server.retrycache.expirytime = 600000ms (custom)
datanode_1  | 2019-10-17 18:15:08,899 INFO impl.RaftServerImpl: a7c1a6d5-5206-4761-9cbd-7a8b6052f0fa@group-152590DA47D8: start as a follower, conf=-1: [a7c1a6d5-5206-4761-9cbd-7a8b6052f0fa:172.18.0.5:9858], old=null
nm_1        | Oct 17, 2019 6:15:02 PM com.sun.jersey.guice.spi.container.GuiceComponentProviderFactory register
datanode_2  | 2019-10-17 18:15:07,761 INFO server.RaftServerConfigKeys: raft.server.log.statemachine.data.caching.enabled = true (custom)
scm_1       | 2019-10-17 18:15:07,910 INFO pipeline.PipelineStateManager: Created pipeline Pipeline[ Id: 226ecbec-ec02-4c19-b72e-609abeeba59c, Nodes: fc267c47-3005-41fa-a134-e91c03987fd0{ip: 172.18.0.2, host: hadoop32_datanode_2.hadoop32_default, networkLocation: /default-rack, certSerialId: null}, Type:RATIS, Factor:ONE, State:OPEN]
rm_1        | 2019-10-17 18:15:00 INFO  HttpServer2:948 - Added filter static_user_filter (class=org.apache.hadoop.http.lib.StaticUserWebFilter$StaticUserFilter) to context cluster
datanode_3  | 2019-10-17 18:15:08,366 INFO impl.RaftServerImpl: d891a7d2-ee57-4e37-a2dc-9d17cd2355f8@group-C23FABF39CBE: start as a follower, conf=-1: [d891a7d2-ee57-4e37-a2dc-9d17cd2355f8:172.18.0.9:9858], old=null
datanode_1  | 2019-10-17 18:15:08,900 INFO impl.RaftServerImpl: a7c1a6d5-5206-4761-9cbd-7a8b6052f0fa@group-152590DA47D8: changes role from      null to FOLLOWER at term 0 for startAsFollower
nm_1        | INFO: Registering org.apache.hadoop.yarn.webapp.GenericExceptionHandler as a provider class
datanode_2  | 2019-10-17 18:15:07,766 INFO segmented.SegmentedRaftLogWorker: fc267c47-3005-41fa-a134-e91c03987fd0@group-609ABEEBA59C-SegmentedRaftLogWorker: flushIndex: setUnconditionally 0 -> -1
scm_1       | 2019-10-17 18:15:08,428 INFO pipeline.PipelineStateManager: Created pipeline Pipeline[ Id: 9cdca9fe-84c9-4905-bd5b-c23fabf39cbe, Nodes: d891a7d2-ee57-4e37-a2dc-9d17cd2355f8{ip: 172.18.0.9, host: hadoop32_datanode_3.hadoop32_default, networkLocation: /default-rack, certSerialId: null}, Type:RATIS, Factor:ONE, State:OPEN]
rm_1        | 2019-10-17 18:15:00 INFO  HttpServer2:958 - Added filter static_user_filter (class=org.apache.hadoop.http.lib.StaticUserWebFilter$StaticUserFilter) to context static
datanode_3  | 2019-10-17 18:15:08,367 INFO impl.RaftServerImpl: d891a7d2-ee57-4e37-a2dc-9d17cd2355f8@group-C23FABF39CBE: changes role from      null to FOLLOWER at term 0 for startAsFollower
datanode_1  | 2019-10-17 18:15:08,901 INFO impl.RoleInfo: a7c1a6d5-5206-4761-9cbd-7a8b6052f0fa: start FollowerState
nm_1        | Oct 17, 2019 6:15:02 PM com.sun.jersey.guice.spi.container.GuiceComponentProviderFactory register
datanode_2  | 2019-10-17 18:15:07,771 INFO server.RaftServerConfigKeys: raft.server.snapshot.auto.trigger.enabled = true (custom)
scm_1       | 2019-10-17 18:15:08,960 INFO pipeline.PipelineStateManager: Created pipeline Pipeline[ Id: c759928d-4b48-4aa2-b208-152590da47d8, Nodes: a7c1a6d5-5206-4761-9cbd-7a8b6052f0fa{ip: 172.18.0.5, host: hadoop32_datanode_1.hadoop32_default, networkLocation: /default-rack, certSerialId: null}, Type:RATIS, Factor:ONE, State:OPEN]
rm_1        | 2019-10-17 18:15:00 INFO  HttpServer2:958 - Added filter static_user_filter (class=org.apache.hadoop.http.lib.StaticUserWebFilter$StaticUserFilter) to context logs
datanode_3  | 2019-10-17 18:15:08,368 INFO impl.RoleInfo: d891a7d2-ee57-4e37-a2dc-9d17cd2355f8: start FollowerState
datanode_1  | 2019-10-17 18:15:08,904 INFO util.JmxRegister: Successfully registered JMX Bean with object name Ratis:service=RaftServer,group=group-152590DA47D8,id=a7c1a6d5-5206-4761-9cbd-7a8b6052f0fa
nm_1        | INFO: Registering org.apache.hadoop.yarn.server.nodemanager.webapp.JAXBContextResolver as a provider class
datanode_2  | 2019-10-17 18:15:07,772 INFO server.RaftServerConfigKeys: raft.server.snapshot.auto.trigger.threshold = 10000 (custom)
scm_1       | 2019-10-17 18:15:09,081 INFO pipeline.PipelineStateManager: Created pipeline Pipeline[ Id: 49899094-2817-427a-ba67-f0c9f7bffbb1, Nodes: d891a7d2-ee57-4e37-a2dc-9d17cd2355f8{ip: 172.18.0.9, host: hadoop32_datanode_3.hadoop32_default, networkLocation: /default-rack, certSerialId: null}a7c1a6d5-5206-4761-9cbd-7a8b6052f0fa{ip: 172.18.0.5, host: hadoop32_datanode_1.hadoop32_default, networkLocation: /default-rack, certSerialId: null}fc267c47-3005-41fa-a134-e91c03987fd0{ip: 172.18.0.2, host: hadoop32_datanode_2.hadoop32_default, networkLocation: /default-rack, certSerialId: null}, Type:RATIS, Factor:THREE, State:OPEN]
rm_1        | 2019-10-17 18:15:00 INFO  HttpServer2:613 - adding path spec: /cluster/*
datanode_3  | 2019-10-17 18:15:08,371 INFO util.JmxRegister: Successfully registered JMX Bean with object name Ratis:service=RaftServer,group=group-C23FABF39CBE,id=d891a7d2-ee57-4e37-a2dc-9d17cd2355f8
datanode_1  | 2019-10-17 18:15:08,919 INFO impl.FollowerState: a7c1a6d5-5206-4761-9cbd-7a8b6052f0fa@group-152590DA47D8-FollowerState: change to CANDIDATE, lastRpcTime:18ms, electionTimeout:18ms
nm_1        | Oct 17, 2019 6:15:02 PM com.sun.jersey.server.impl.application.WebApplicationImpl _initiate
datanode_2  | 2019-10-17 18:15:07,772 INFO server.RaftServerConfigKeys: raft.server.snapshot.retention.file.num = 5 (custom)
scm_1       | 2019-10-17 18:17:11,223 INFO server.SCMBlockProtocolServer: SCM is informed by OM to delete 11 blocks
datanode_3  | 2019-10-17 18:15:08,506 INFO impl.FollowerState: d891a7d2-ee57-4e37-a2dc-9d17cd2355f8@group-C23FABF39CBE-FollowerState: change to CANDIDATE, lastRpcTime:137ms, electionTimeout:137ms
rm_1        | 2019-10-17 18:15:00 INFO  HttpServer2:613 - adding path spec: /ws/*
datanode_2  | 2019-10-17 18:15:07,773 INFO server.RaftServerConfigKeys: raft.server.retrycache.expirytime = 600000ms (custom)
nm_1        | INFO: Initiating Jersey application, version 'Jersey: 1.19 02/11/2015 03:25 AM'
datanode_1  | 2019-10-17 18:15:08,921 INFO impl.RoleInfo: a7c1a6d5-5206-4761-9cbd-7a8b6052f0fa: shutdown FollowerState
scm_1       | 2019-10-17 18:17:11,223 INFO block.BlockManagerImpl: Deleting blocks conID: 2 locID: 102979086719385605 bcsId: 0
datanode_3  | 2019-10-17 18:15:08,508 INFO impl.RoleInfo: d891a7d2-ee57-4e37-a2dc-9d17cd2355f8: shutdown FollowerState
rm_1        | 2019-10-17 18:15:00 INFO  HttpServer2:613 - adding path spec: /app/*
datanode_2  | 2019-10-17 18:15:07,801 INFO impl.RaftServerImpl: fc267c47-3005-41fa-a134-e91c03987fd0@group-609ABEEBA59C: start as a follower, conf=-1: [fc267c47-3005-41fa-a134-e91c03987fd0:172.18.0.2:9858], old=null
nm_1        | Oct 17, 2019 6:15:02 PM com.sun.jersey.guice.spi.container.GuiceComponentProviderFactory getComponentProvider
scm_1       | 2019-10-17 18:17:11,229 INFO block.BlockManagerImpl: Deleting blocks conID: 5 locID: 102979086728953862 bcsId: 0
datanode_1  | 2019-10-17 18:15:08,922 INFO impl.RaftServerImpl: a7c1a6d5-5206-4761-9cbd-7a8b6052f0fa@group-152590DA47D8: changes role from  FOLLOWER to CANDIDATE at term 0 for changeToCandidate
datanode_3  | 2019-10-17 18:15:08,508 INFO impl.RaftServerImpl: d891a7d2-ee57-4e37-a2dc-9d17cd2355f8@group-C23FABF39CBE: changes role from  FOLLOWER to CANDIDATE at term 0 for changeToCandidate
rm_1        | 2019-10-17 18:15:01 INFO  WebApps:395 - Registered webapp guice modules
datanode_2  | 2019-10-17 18:15:07,803 INFO impl.RaftServerImpl: fc267c47-3005-41fa-a134-e91c03987fd0@group-609ABEEBA59C: changes role from      null to FOLLOWER at term 0 for startAsFollower
nm_1        | INFO: Binding org.apache.hadoop.yarn.server.nodemanager.webapp.JAXBContextResolver to GuiceManagedComponentProvider with the scope "Singleton"
scm_1       | 2019-10-17 18:17:11,237 INFO block.BlockManagerImpl: Deleting blocks conID: 6 locID: 102979086777057287 bcsId: 0
datanode_1  | 2019-10-17 18:15:08,925 INFO impl.RoleInfo: a7c1a6d5-5206-4761-9cbd-7a8b6052f0fa: start LeaderElection
datanode_3  | 2019-10-17 18:15:08,511 INFO impl.RoleInfo: d891a7d2-ee57-4e37-a2dc-9d17cd2355f8: start LeaderElection
rm_1        | 2019-10-17 18:15:01 INFO  HttpServer2:1191 - Jetty bound to port 8088
datanode_2  | 2019-10-17 18:15:07,804 INFO impl.RoleInfo: fc267c47-3005-41fa-a134-e91c03987fd0: start FollowerState
nm_1        | Oct 17, 2019 6:15:02 PM com.sun.jersey.guice.spi.container.GuiceComponentProviderFactory getComponentProvider
scm_1       | 2019-10-17 18:17:11,237 INFO block.BlockManagerImpl: Deleting blocks conID: 7 locID: 102979086795997192 bcsId: 0
datanode_1  | 2019-10-17 18:15:08,955 INFO impl.LeaderElection: a7c1a6d5-5206-4761-9cbd-7a8b6052f0fa@group-152590DA47D8-LeaderElection1: begin an election at term 1 for -1: [a7c1a6d5-5206-4761-9cbd-7a8b6052f0fa:172.18.0.5:9858], old=null
datanode_3  | 2019-10-17 18:15:08,536 INFO impl.LeaderElection: d891a7d2-ee57-4e37-a2dc-9d17cd2355f8@group-C23FABF39CBE-LeaderElection1: begin an election at term 1 for -1: [d891a7d2-ee57-4e37-a2dc-9d17cd2355f8:172.18.0.9:9858], old=null
datanode_2  | 2019-10-17 18:15:07,808 INFO util.JmxRegister: Successfully registered JMX Bean with object name Ratis:service=RaftServer,group=group-609ABEEBA59C,id=fc267c47-3005-41fa-a134-e91c03987fd0
rm_1        | 2019-10-17 18:15:01 INFO  Server:351 - jetty-9.3.24.v20180605, build timestamp: 2018-06-05T17:11:56Z, git hash: 84205aa28f11a4f31f2a3b86d1bba2cc8ab69827
nm_1        | INFO: Binding org.apache.hadoop.yarn.webapp.GenericExceptionHandler to GuiceManagedComponentProvider with the scope "Singleton"
scm_1       | 2019-10-17 18:17:11,238 INFO block.BlockManagerImpl: Deleting blocks conID: 4 locID: 102979087538847753 bcsId: 0
datanode_1  | 2019-10-17 18:15:08,956 INFO impl.RoleInfo: a7c1a6d5-5206-4761-9cbd-7a8b6052f0fa: shutdown LeaderElection
datanode_3  | 2019-10-17 18:15:08,538 INFO impl.RoleInfo: d891a7d2-ee57-4e37-a2dc-9d17cd2355f8: shutdown LeaderElection
datanode_2  | 2019-10-17 18:15:07,972 INFO impl.FollowerState: fc267c47-3005-41fa-a134-e91c03987fd0@group-609ABEEBA59C-FollowerState: change to CANDIDATE, lastRpcTime:168ms, electionTimeout:168ms
rm_1        | 2019-10-17 18:15:01 INFO  AuthenticationFilter:240 - Unable to initialize FileSignerSecretProvider, falling back to use random secrets.
nm_1        | Oct 17, 2019 6:15:03 PM com.sun.jersey.guice.spi.container.GuiceComponentProviderFactory getComponentProvider
scm_1       | 2019-10-17 18:17:11,238 INFO block.BlockManagerImpl: Deleting blocks conID: 1 locID: 102979087550709770 bcsId: 0
datanode_1  | 2019-10-17 18:15:08,956 INFO impl.RaftServerImpl: a7c1a6d5-5206-4761-9cbd-7a8b6052f0fa@group-152590DA47D8: changes role from CANDIDATE to LEADER at term 1 for changeToLeader
datanode_3  | 2019-10-17 18:15:08,539 INFO impl.RaftServerImpl: d891a7d2-ee57-4e37-a2dc-9d17cd2355f8@group-C23FABF39CBE: changes role from CANDIDATE to LEADER at term 1 for changeToLeader
datanode_2  | 2019-10-17 18:15:07,974 INFO impl.RoleInfo: fc267c47-3005-41fa-a134-e91c03987fd0: shutdown FollowerState
rm_1        | 2019-10-17 18:15:01 INFO  AbstractDelegationTokenSecretManager:343 - Updating the current master key for generating delegation tokens
nm_1        | INFO: Binding org.apache.hadoop.yarn.server.nodemanager.webapp.NMWebServices to GuiceManagedComponentProvider with the scope "Singleton"
scm_1       | 2019-10-17 18:17:11,238 INFO block.BlockManagerImpl: Deleting blocks conID: 3 locID: 102979086521073666 bcsId: 0
datanode_1  | 2019-10-17 18:15:08,956 INFO impl.RaftServerImpl: a7c1a6d5-5206-4761-9cbd-7a8b6052f0fa@group-152590DA47D8: change Leader from null to a7c1a6d5-5206-4761-9cbd-7a8b6052f0fa at term 1 for becomeLeader, leader elected after 163ms
datanode_3  | 2019-10-17 18:15:08,539 INFO impl.RaftServerImpl: d891a7d2-ee57-4e37-a2dc-9d17cd2355f8@group-C23FABF39CBE: change Leader from null to d891a7d2-ee57-4e37-a2dc-9d17cd2355f8 at term 1 for becomeLeader, leader elected after 278ms
datanode_2  | 2019-10-17 18:15:07,975 INFO impl.RaftServerImpl: fc267c47-3005-41fa-a134-e91c03987fd0@group-609ABEEBA59C: changes role from  FOLLOWER to CANDIDATE at term 0 for changeToCandidate
rm_1        | 2019-10-17 18:15:01 INFO  AbstractDelegationTokenSecretManager:675 - Starting expired delegation token remover thread, tokenRemoverScanInterval=60 min(s)
nm_1        | 2019-10-17 18:15:03 INFO  ContextHandler:781 - Started o.e.j.w.WebAppContext@732c9b5c{/,file:///tmp/jetty-0.0.0.0-8042-node-_-any-1333703252092055175.dir/webapp/,AVAILABLE}{/node}
scm_1       | 2019-10-17 18:17:11,239 INFO block.BlockManagerImpl: Deleting blocks conID: 4 locID: 102979086658830339 bcsId: 0
datanode_1  | 2019-10-17 18:15:08,960 INFO server.RaftServerConfigKeys: raft.server.staging.catchup.gap = 1000 (default)
datanode_3  | 2019-10-17 18:15:08,543 INFO server.RaftServerConfigKeys: raft.server.staging.catchup.gap = 1000 (default)
rm_1        | 2019-10-17 18:15:01 INFO  AbstractDelegationTokenSecretManager:343 - Updating the current master key for generating delegation tokens
nm_1        | 2019-10-17 18:15:03 INFO  AbstractConnector:278 - Started ServerConnector@44cd0bd3{HTTP/1.1,[http/1.1]}{0.0.0.0:8042}
datanode_2  | 2019-10-17 18:15:07,978 INFO impl.RoleInfo: fc267c47-3005-41fa-a134-e91c03987fd0: start LeaderElection
scm_1       | 2019-10-17 18:17:11,239 INFO block.BlockManagerImpl: Deleting blocks conID: 1 locID: 102979086686879748 bcsId: 0
datanode_1  | 2019-10-17 18:15:08,961 INFO server.RaftServerConfigKeys: raft.server.rpc.sleep.time = 25ms (default)
datanode_3  | 2019-10-17 18:15:08,543 INFO server.RaftServerConfigKeys: raft.server.rpc.sleep.time = 25ms (default)
rm_1        | 2019-10-17 18:15:01 INFO  ContextHandler:781 - Started o.e.j.s.ServletContextHandler@3b79fd76{/logs,file:///opt/hadoop/logs/,AVAILABLE}
nm_1        | 2019-10-17 18:15:03 INFO  Server:419 - Started @4897ms
datanode_2  | 2019-10-17 18:15:08,004 INFO impl.LeaderElection: fc267c47-3005-41fa-a134-e91c03987fd0@group-609ABEEBA59C-LeaderElection1: begin an election at term 1 for -1: [fc267c47-3005-41fa-a134-e91c03987fd0:172.18.0.2:9858], old=null
scm_1       | 2019-10-17 18:17:11,240 INFO block.BlockManagerImpl: Deleting blocks conID: 8 locID: 102979089142906891 bcsId: 0
datanode_1  | 2019-10-17 18:15:08,964 INFO server.RaftServerConfigKeys: raft.server.write.element-limit = 4096 (default)
datanode_3  | 2019-10-17 18:15:08,547 INFO server.RaftServerConfigKeys: raft.server.write.element-limit = 4096 (default)
rm_1        | 2019-10-17 18:15:01 INFO  ContextHandler:781 - Started o.e.j.s.ServletContextHandler@6b6776cb{/static,jar:file:/opt/hadoop/share/hadoop/yarn/hadoop-yarn-common-3.2.0.jar!/webapps/static,AVAILABLE}
nm_1        | 2019-10-17 18:15:03 INFO  WebApps:440 - Web app node started at 8042
datanode_2  | 2019-10-17 18:15:08,005 INFO impl.RoleInfo: fc267c47-3005-41fa-a134-e91c03987fd0: shutdown LeaderElection
scm_1       | 2019-10-17 18:17:11,240 INFO block.BlockManagerImpl: Deleting blocks conID: 5 locID: 102979089243176972 bcsId: 0
datanode_1  | 2019-10-17 18:15:08,967 INFO server.RaftServerConfigKeys: raft.server.watch.timeout = 10s (default)
rm_1        | Oct 17, 2019 6:15:01 PM com.sun.jersey.guice.spi.container.GuiceComponentProviderFactory register
nm_1        | 2019-10-17 18:15:03 INFO  NodeStatusUpdaterImpl:261 - Node ID assigned is : nm:35938
datanode_2  | 2019-10-17 18:15:08,006 INFO impl.RaftServerImpl: fc267c47-3005-41fa-a134-e91c03987fd0@group-609ABEEBA59C: changes role from CANDIDATE to LEADER at term 1 for changeToLeader
datanode_3  | 2019-10-17 18:15:08,550 INFO server.RaftServerConfigKeys: raft.server.watch.timeout = 10s (default)
datanode_1  | 2019-10-17 18:15:08,967 INFO server.RaftServerConfigKeys: raft.server.watch.timeout.denomination = 1s (default)
rm_1        | INFO: Registering org.apache.hadoop.yarn.server.resourcemanager.webapp.JAXBContextResolver as a provider class
nm_1        | 2019-10-17 18:15:03 INFO  JvmPauseMonitor:188 - Starting JVM pause monitor
datanode_2  | 2019-10-17 18:15:08,006 INFO impl.RaftServerImpl: fc267c47-3005-41fa-a134-e91c03987fd0@group-609ABEEBA59C: change Leader from null to fc267c47-3005-41fa-a134-e91c03987fd0 at term 1 for becomeLeader, leader elected after 311ms
datanode_3  | 2019-10-17 18:15:08,550 INFO server.RaftServerConfigKeys: raft.server.watch.timeout.denomination = 1s (default)
datanode_1  | 2019-10-17 18:15:08,968 INFO server.RaftServerConfigKeys: raft.server.watch.element-limit = 65536 (default)
rm_1        | Oct 17, 2019 6:15:01 PM com.sun.jersey.guice.spi.container.GuiceComponentProviderFactory register
nm_1        | 2019-10-17 18:15:03 INFO  RMProxy:133 - Connecting to ResourceManager at rm/172.18.0.4:8031
datanode_2  | 2019-10-17 18:15:08,010 INFO server.RaftServerConfigKeys: raft.server.staging.catchup.gap = 1000 (default)
datanode_3  | 2019-10-17 18:15:08,551 INFO server.RaftServerConfigKeys: raft.server.watch.element-limit = 65536 (default)
datanode_1  | 2019-10-17 18:15:08,991 INFO impl.RoleInfo: a7c1a6d5-5206-4761-9cbd-7a8b6052f0fa: start LeaderState
nm_1        | 2019-10-17 18:15:03 INFO  NodeStatusUpdaterImpl:652 - Sending out 0 NM container statuses: []
datanode_2  | 2019-10-17 18:15:08,010 INFO server.RaftServerConfigKeys: raft.server.rpc.sleep.time = 25ms (default)
rm_1        | INFO: Registering org.apache.hadoop.yarn.server.resourcemanager.webapp.RMWebServices as a root resource class
datanode_3  | 2019-10-17 18:15:08,564 INFO impl.RoleInfo: d891a7d2-ee57-4e37-a2dc-9d17cd2355f8: start LeaderState
datanode_1  | 2019-10-17 18:15:09,002 INFO impl.RaftServerProxy: a7c1a6d5-5206-4761-9cbd-7a8b6052f0fa: addNew group-F0C9F7BFFBB1:[d891a7d2-ee57-4e37-a2dc-9d17cd2355f8:172.18.0.9:9858, fc267c47-3005-41fa-a134-e91c03987fd0:172.18.0.2:9858, a7c1a6d5-5206-4761-9cbd-7a8b6052f0fa:172.18.0.5:9858] returns group-F0C9F7BFFBB1:java.util.concurrent.CompletableFuture@5c9f3f80[Not completed]
nm_1        | 2019-10-17 18:15:03 INFO  NodeStatusUpdaterImpl:393 - Registering with RM using containers :[]
datanode_2  | 2019-10-17 18:15:08,013 INFO server.RaftServerConfigKeys: raft.server.write.element-limit = 4096 (default)
datanode_3  | 2019-10-17 18:15:08,583 INFO segmented.SegmentedRaftLogWorker: d891a7d2-ee57-4e37-a2dc-9d17cd2355f8@group-C23FABF39CBE-SegmentedRaftLogWorker: Starting segment from index:0
rm_1        | Oct 17, 2019 6:15:01 PM com.sun.jersey.guice.spi.container.GuiceComponentProviderFactory register
datanode_1  | 2019-10-17 18:15:09,005 INFO impl.RaftServerImpl: a7c1a6d5-5206-4761-9cbd-7a8b6052f0fa: new RaftServerImpl for group-F0C9F7BFFBB1:[d891a7d2-ee57-4e37-a2dc-9d17cd2355f8:172.18.0.9:9858, fc267c47-3005-41fa-a134-e91c03987fd0:172.18.0.2:9858, a7c1a6d5-5206-4761-9cbd-7a8b6052f0fa:172.18.0.5:9858] with ContainerStateMachine:uninitialized
nm_1        | 2019-10-17 18:15:04 INFO  Client:948 - Retrying connect to server: rm/172.18.0.4:8031. Already tried 0 time(s); retry policy is RetryUpToMaximumCountWithFixedSleep(maxRetries=10, sleepTime=1000 MILLISECONDS)
datanode_2  | 2019-10-17 18:15:08,015 INFO server.RaftServerConfigKeys: raft.server.watch.timeout = 10s (default)
datanode_3  | 2019-10-17 18:15:08,590 INFO impl.RaftServerImpl: d891a7d2-ee57-4e37-a2dc-9d17cd2355f8@group-C23FABF39CBE: set configuration 0: [d891a7d2-ee57-4e37-a2dc-9d17cd2355f8:172.18.0.9:9858], old=null at 0
rm_1        | INFO: Registering org.apache.hadoop.yarn.webapp.GenericExceptionHandler as a provider class
datanode_1  | 2019-10-17 18:15:09,006 INFO server.RaftServerConfigKeys: raft.server.rpc.timeout.min = 5s (custom)
nm_1        | 2019-10-17 18:15:04 INFO  NMContainerTokenSecretManager:143 - Rolling master-key for container-tokens, got key with id -1646920334
datanode_2  | 2019-10-17 18:15:08,016 INFO server.RaftServerConfigKeys: raft.server.watch.timeout.denomination = 1s (default)
datanode_3  | 2019-10-17 18:15:08,703 INFO segmented.SegmentedRaftLogWorker: d891a7d2-ee57-4e37-a2dc-9d17cd2355f8@group-C23FABF39CBE-SegmentedRaftLogWorker: created new log segment /data/metadata/ratis/9cdca9fe-84c9-4905-bd5b-c23fabf39cbe/current/log_inprogress_0
rm_1        | Oct 17, 2019 6:15:01 PM com.sun.jersey.server.impl.application.WebApplicationImpl _initiate
datanode_1  | 2019-10-17 18:15:09,006 INFO server.RaftServerConfigKeys: raft.server.rpc.timeout.max = 5200ms (custom)
nm_1        | 2019-10-17 18:15:04 INFO  NMTokenSecretManagerInNM:143 - Rolling master-key for container-tokens, got key with id 577087206
datanode_2  | 2019-10-17 18:15:08,016 INFO server.RaftServerConfigKeys: raft.server.watch.element-limit = 65536 (default)
rm_1        | INFO: Initiating Jersey application, version 'Jersey: 1.19 02/11/2015 03:25 AM'
datanode_1  | 2019-10-17 18:15:09,006 INFO server.RaftServerConfigKeys: raft.server.rpcslowness.timeout = 120s (custom)
nm_1        | 2019-10-17 18:15:04 INFO  NodeStatusUpdaterImpl:477 - Registered with ResourceManager as nm:35938 with total resource of <memory:8192, vCores:8>
datanode_2  | 2019-10-17 18:15:08,029 INFO impl.RoleInfo: fc267c47-3005-41fa-a134-e91c03987fd0: start LeaderState
rm_1        | Oct 17, 2019 6:15:01 PM com.sun.jersey.guice.spi.container.GuiceComponentProviderFactory getComponentProvider
datanode_3  | 2019-10-17 18:15:09,012 INFO impl.RaftServerProxy: d891a7d2-ee57-4e37-a2dc-9d17cd2355f8: addNew group-F0C9F7BFFBB1:[d891a7d2-ee57-4e37-a2dc-9d17cd2355f8:172.18.0.9:9858, fc267c47-3005-41fa-a134-e91c03987fd0:172.18.0.2:9858, a7c1a6d5-5206-4761-9cbd-7a8b6052f0fa:172.18.0.5:9858] returns group-F0C9F7BFFBB1:java.util.concurrent.CompletableFuture@630c1e46[Not completed]
datanode_1  | 2019-10-17 18:15:09,006 INFO server.RaftServerConfigKeys: raft.server.sleep.deviation.threshold = 300 (default)
datanode_2  | 2019-10-17 18:15:08,045 INFO segmented.SegmentedRaftLogWorker: fc267c47-3005-41fa-a134-e91c03987fd0@group-609ABEEBA59C-SegmentedRaftLogWorker: Starting segment from index:0
rm_1        | INFO: Binding org.apache.hadoop.yarn.server.resourcemanager.webapp.JAXBContextResolver to GuiceManagedComponentProvider with the scope "Singleton"
datanode_3  | 2019-10-17 18:15:09,016 INFO impl.RaftServerImpl: d891a7d2-ee57-4e37-a2dc-9d17cd2355f8: new RaftServerImpl for group-F0C9F7BFFBB1:[d891a7d2-ee57-4e37-a2dc-9d17cd2355f8:172.18.0.9:9858, fc267c47-3005-41fa-a134-e91c03987fd0:172.18.0.2:9858, a7c1a6d5-5206-4761-9cbd-7a8b6052f0fa:172.18.0.5:9858] with ContainerStateMachine:uninitialized
nm_1        | 2019-10-17 18:16:05 INFO  Server:1849 - Auth successful for appattempt_1571336103519_0001_000001 (auth:SIMPLE)
datanode_1  | 2019-10-17 18:15:09,006 INFO server.RaftServerConfigKeys: raft.server.log.appender.install.snapshot.enabled = false (custom)
datanode_2  | 2019-10-17 18:15:08,052 INFO impl.RaftServerImpl: fc267c47-3005-41fa-a134-e91c03987fd0@group-609ABEEBA59C: set configuration 0: [fc267c47-3005-41fa-a134-e91c03987fd0:172.18.0.2:9858], old=null at 0
rm_1        | Oct 17, 2019 6:15:02 PM com.sun.jersey.guice.spi.container.GuiceComponentProviderFactory getComponentProvider
datanode_3  | 2019-10-17 18:15:09,016 INFO server.RaftServerConfigKeys: raft.server.rpc.timeout.min = 5s (custom)
nm_1        | 2019-10-17 18:16:05 INFO  ContainerManagerImpl:1070 - Start request for container_1571336103519_0001_01_000001 by user hadoop
datanode_1  | 2019-10-17 18:15:09,006 INFO impl.RaftServerImpl: a7c1a6d5-5206-4761-9cbd-7a8b6052f0fa@group-F0C9F7BFFBB1: ConfigurationManager, init=-1: [d891a7d2-ee57-4e37-a2dc-9d17cd2355f8:172.18.0.9:9858, fc267c47-3005-41fa-a134-e91c03987fd0:172.18.0.2:9858, a7c1a6d5-5206-4761-9cbd-7a8b6052f0fa:172.18.0.5:9858], old=null, confs=<EMPTY_MAP>
datanode_2  | 2019-10-17 18:15:08,165 INFO segmented.SegmentedRaftLogWorker: fc267c47-3005-41fa-a134-e91c03987fd0@group-609ABEEBA59C-SegmentedRaftLogWorker: created new log segment /data/metadata/ratis/226ecbec-ec02-4c19-b72e-609abeeba59c/current/log_inprogress_0
rm_1        | INFO: Binding org.apache.hadoop.yarn.webapp.GenericExceptionHandler to GuiceManagedComponentProvider with the scope "Singleton"
datanode_3  | 2019-10-17 18:15:09,017 INFO server.RaftServerConfigKeys: raft.server.rpc.timeout.max = 5200ms (custom)
nm_1        | 2019-10-17 18:16:05 INFO  ContainerManagerImpl:1122 - Creating a new application reference for app application_1571336103519_0001
