datanode_2  | 2019-10-17 18:21:46,982 INFO impl.LeaderElection: a962b5e1-d6a0-4995-a7cc-999db8e55139@group-4A960C61B0FB-LeaderElection1: begin an election at term 1 for -1: [a962b5e1-d6a0-4995-a7cc-999db8e55139:172.18.0.2:9858], old=null
datanode_1  | 2019-10-17 18:21:46,984 INFO segmented.SegmentedRaftLogWorker: new e27b5d6c-aa19-49c4-8783-5e4c93cb5913@group-548E36548014-SegmentedRaftLogWorker for RaftStorage:Storage Directory /data/metadata/ratis/c201a18a-9477-4b52-8c14-548e36548014
datanode_3  | 2019-10-17 18:21:46,961 INFO segmented.SegmentedRaftLogWorker: 3b609da3-accb-4fe5-8383-9fc39212ef8b@group-548E36548014-SegmentedRaftLogWorker: flushIndex: setUnconditionally 0 -> -1
datanode_2  | 2019-10-17 18:21:46,984 INFO impl.RoleInfo: a962b5e1-d6a0-4995-a7cc-999db8e55139: shutdown LeaderElection
datanode_1  | 2019-10-17 18:21:46,984 INFO server.RaftServerConfigKeys: raft.server.log.queue.byte-limit = 2147483647 (custom)
datanode_3  | 2019-10-17 18:21:46,961 INFO server.RaftServerConfigKeys: raft.server.snapshot.auto.trigger.enabled = true (custom)
datanode_2  | 2019-10-17 18:21:46,985 INFO impl.RaftServerImpl: a962b5e1-d6a0-4995-a7cc-999db8e55139@group-4A960C61B0FB: changes role from CANDIDATE to LEADER at term 1 for changeToLeader
datanode_1  | 2019-10-17 18:21:46,985 INFO server.RaftServerConfigKeys: raft.server.log.queue.element-limit = 1024 (custom)
datanode_3  | 2019-10-17 18:21:46,961 INFO server.RaftServerConfigKeys: raft.server.snapshot.auto.trigger.threshold = 10000 (custom)
datanode_2  | 2019-10-17 18:21:46,986 INFO impl.RaftServerImpl: a962b5e1-d6a0-4995-a7cc-999db8e55139@group-4A960C61B0FB: change Leader from null to a962b5e1-d6a0-4995-a7cc-999db8e55139 at term 1 for becomeLeader, leader elected after 394ms
datanode_1  | 2019-10-17 18:21:46,985 INFO server.RaftServerConfigKeys: raft.server.log.segment.size.max = 1048576 (custom)
datanode_3  | 2019-10-17 18:21:46,961 INFO server.RaftServerConfigKeys: raft.server.snapshot.retention.file.num = 5 (custom)
datanode_2  | 2019-10-17 18:21:46,990 INFO server.RaftServerConfigKeys: raft.server.staging.catchup.gap = 1000 (default)
datanode_3  | 2019-10-17 18:21:46,962 INFO server.RaftServerConfigKeys: raft.server.retrycache.expirytime = 600000ms (custom)
datanode_2  | 2019-10-17 18:21:46,990 INFO server.RaftServerConfigKeys: raft.server.rpc.sleep.time = 25ms (default)
datanode_1  | 2019-10-17 18:21:46,985 INFO server.RaftServerConfigKeys: raft.server.log.preallocated.size = 16384 (custom)
datanode_3  | 2019-10-17 18:21:46,965 INFO impl.RaftServerImpl: 3b609da3-accb-4fe5-8383-9fc39212ef8b@group-548E36548014: start as a follower, conf=-1: [a962b5e1-d6a0-4995-a7cc-999db8e55139:172.18.0.2:9858, e27b5d6c-aa19-49c4-8783-5e4c93cb5913:172.18.0.3:9858, 3b609da3-accb-4fe5-8383-9fc39212ef8b:172.18.0.7:9858], old=null
datanode_2  | 2019-10-17 18:21:46,994 INFO server.RaftServerConfigKeys: raft.server.write.element-limit = 4096 (default)
datanode_1  | 2019-10-17 18:21:46,985 INFO server.RaftServerConfigKeys: raft.server.log.write.buffer.size = 33554432 (custom)
datanode_3  | 2019-10-17 18:21:46,965 INFO impl.RaftServerImpl: 3b609da3-accb-4fe5-8383-9fc39212ef8b@group-548E36548014: changes role from      null to FOLLOWER at term 0 for startAsFollower
datanode_2  | 2019-10-17 18:21:46,998 INFO server.RaftServerConfigKeys: raft.server.watch.timeout = 10s (default)
datanode_1  | 2019-10-17 18:21:46,985 INFO server.RaftServerConfigKeys: raft.server.log.force.sync.num = 128 (default)
datanode_3  | 2019-10-17 18:21:46,966 INFO impl.RoleInfo: 3b609da3-accb-4fe5-8383-9fc39212ef8b: start FollowerState
datanode_2  | 2019-10-17 18:21:46,998 INFO server.RaftServerConfigKeys: raft.server.watch.timeout.denomination = 1s (default)
datanode_1  | 2019-10-17 18:21:46,985 INFO server.RaftServerConfigKeys: raft.server.log.statemachine.data.sync = true (default)
datanode_3  | 2019-10-17 18:21:46,966 INFO util.JmxRegister: Successfully registered JMX Bean with object name Ratis:service=RaftServer,group=group-548E36548014,id=3b609da3-accb-4fe5-8383-9fc39212ef8b
datanode_2  | 2019-10-17 18:21:46,999 INFO server.RaftServerConfigKeys: raft.server.watch.element-limit = 65536 (default)
datanode_1  | 2019-10-17 18:21:46,985 INFO server.RaftServerConfigKeys: raft.server.log.statemachine.data.sync.timeout = 10s (default)
datanode_3  | 2019-10-17 18:21:47,107 INFO impl.FollowerState: 3b609da3-accb-4fe5-8383-9fc39212ef8b@group-548E36548014-FollowerState: change to CANDIDATE, lastRpcTime:141ms, electionTimeout:139ms
datanode_2  | 2019-10-17 18:21:47,012 INFO impl.RoleInfo: a962b5e1-d6a0-4995-a7cc-999db8e55139: start LeaderState
datanode_1  | 2019-10-17 18:21:46,986 INFO server.RaftServerConfigKeys: raft.server.log.statemachine.data.sync.timeout.retry = -1 (default)
datanode_3  | 2019-10-17 18:21:47,108 INFO impl.RoleInfo: 3b609da3-accb-4fe5-8383-9fc39212ef8b: shutdown FollowerState
datanode_1  | 2019-10-17 18:21:46,986 INFO server.RaftServerConfigKeys: raft.server.log.statemachine.data.caching.enabled = true (custom)
datanode_2  | 2019-10-17 18:21:47,029 INFO segmented.SegmentedRaftLogWorker: a962b5e1-d6a0-4995-a7cc-999db8e55139@group-4A960C61B0FB-SegmentedRaftLogWorker: Starting segment from index:0
datanode_3  | 2019-10-17 18:21:47,108 INFO impl.RaftServerImpl: 3b609da3-accb-4fe5-8383-9fc39212ef8b@group-548E36548014: changes role from  FOLLOWER to CANDIDATE at term 0 for changeToCandidate
datanode_1  | 2019-10-17 18:21:46,986 INFO segmented.SegmentedRaftLogWorker: e27b5d6c-aa19-49c4-8783-5e4c93cb5913@group-548E36548014-SegmentedRaftLogWorker: flushIndex: setUnconditionally 0 -> -1
datanode_2  | 2019-10-17 18:21:47,038 INFO impl.RaftServerImpl: a962b5e1-d6a0-4995-a7cc-999db8e55139@group-4A960C61B0FB: set configuration 0: [a962b5e1-d6a0-4995-a7cc-999db8e55139:172.18.0.2:9858], old=null at 0
datanode_3  | 2019-10-17 18:21:47,108 INFO impl.RoleInfo: 3b609da3-accb-4fe5-8383-9fc39212ef8b: start LeaderElection
datanode_1  | 2019-10-17 18:21:46,987 INFO server.RaftServerConfigKeys: raft.server.snapshot.auto.trigger.enabled = true (custom)
datanode_2  | 2019-10-17 18:21:47,128 INFO impl.FollowerState: a962b5e1-d6a0-4995-a7cc-999db8e55139@group-548E36548014-FollowerState: change to CANDIDATE, lastRpcTime:158ms, electionTimeout:158ms
datanode_3  | 2019-10-17 18:21:47,141 INFO impl.LeaderElection: 3b609da3-accb-4fe5-8383-9fc39212ef8b@group-548E36548014-LeaderElection2: begin an election at term 1 for -1: [a962b5e1-d6a0-4995-a7cc-999db8e55139:172.18.0.2:9858, e27b5d6c-aa19-49c4-8783-5e4c93cb5913:172.18.0.3:9858, 3b609da3-accb-4fe5-8383-9fc39212ef8b:172.18.0.7:9858], old=null
datanode_1  | 2019-10-17 18:21:46,987 INFO server.RaftServerConfigKeys: raft.server.snapshot.auto.trigger.threshold = 10000 (custom)
datanode_2  | 2019-10-17 18:21:47,129 INFO impl.RoleInfo: a962b5e1-d6a0-4995-a7cc-999db8e55139: shutdown FollowerState
datanode_3  | 2019-10-17 18:21:47,327 INFO impl.LeaderElection: 3b609da3-accb-4fe5-8383-9fc39212ef8b@group-548E36548014-LeaderElection2: Election TIMEOUT; received 0 response(s) [] and 0 exception(s); 3b609da3-accb-4fe5-8383-9fc39212ef8b@group-548E36548014:t1, leader=null, voted=3b609da3-accb-4fe5-8383-9fc39212ef8b, raftlog=3b609da3-accb-4fe5-8383-9fc39212ef8b@group-548E36548014-SegmentedRaftLog:OPENED:c-1,f-1,i0, conf=-1: [a962b5e1-d6a0-4995-a7cc-999db8e55139:172.18.0.2:9858, e27b5d6c-aa19-49c4-8783-5e4c93cb5913:172.18.0.3:9858, 3b609da3-accb-4fe5-8383-9fc39212ef8b:172.18.0.7:9858], old=null
datanode_1  | 2019-10-17 18:21:46,987 INFO server.RaftServerConfigKeys: raft.server.snapshot.retention.file.num = 5 (custom)
datanode_2  | 2019-10-17 18:21:47,129 INFO impl.RaftServerImpl: a962b5e1-d6a0-4995-a7cc-999db8e55139@group-548E36548014: changes role from  FOLLOWER to CANDIDATE at term 0 for changeToCandidate
datanode_3  | 2019-10-17 18:21:47,352 INFO impl.LeaderElection: 3b609da3-accb-4fe5-8383-9fc39212ef8b@group-548E36548014-LeaderElection2: begin an election at term 2 for -1: [a962b5e1-d6a0-4995-a7cc-999db8e55139:172.18.0.2:9858, e27b5d6c-aa19-49c4-8783-5e4c93cb5913:172.18.0.3:9858, 3b609da3-accb-4fe5-8383-9fc39212ef8b:172.18.0.7:9858], old=null
datanode_1  | 2019-10-17 18:21:46,987 INFO server.RaftServerConfigKeys: raft.server.retrycache.expirytime = 600000ms (custom)
datanode_2  | 2019-10-17 18:21:47,129 INFO impl.RoleInfo: a962b5e1-d6a0-4995-a7cc-999db8e55139: start LeaderElection
datanode_3  | 2019-10-17 18:21:47,354 INFO impl.LeaderElection: 3b609da3-accb-4fe5-8383-9fc39212ef8b@group-548E36548014-LeaderElection2: Election TIMEOUT; received 0 response(s) [] and 0 exception(s); 3b609da3-accb-4fe5-8383-9fc39212ef8b@group-548E36548014:t2, leader=null, voted=3b609da3-accb-4fe5-8383-9fc39212ef8b, raftlog=3b609da3-accb-4fe5-8383-9fc39212ef8b@group-548E36548014-SegmentedRaftLog:OPENED:c-1,f-1,i0, conf=-1: [a962b5e1-d6a0-4995-a7cc-999db8e55139:172.18.0.2:9858, e27b5d6c-aa19-49c4-8783-5e4c93cb5913:172.18.0.3:9858, 3b609da3-accb-4fe5-8383-9fc39212ef8b:172.18.0.7:9858], old=null
datanode_1  | 2019-10-17 18:21:46,991 INFO impl.RaftServerImpl: e27b5d6c-aa19-49c4-8783-5e4c93cb5913@group-548E36548014: start as a follower, conf=-1: [a962b5e1-d6a0-4995-a7cc-999db8e55139:172.18.0.2:9858, e27b5d6c-aa19-49c4-8783-5e4c93cb5913:172.18.0.3:9858, 3b609da3-accb-4fe5-8383-9fc39212ef8b:172.18.0.7:9858], old=null
datanode_2  | 2019-10-17 18:21:47,158 INFO segmented.SegmentedRaftLogWorker: a962b5e1-d6a0-4995-a7cc-999db8e55139@group-4A960C61B0FB-SegmentedRaftLogWorker: created new log segment /data/metadata/ratis/7f58ba58-fbd2-443f-be21-4a960c61b0fb/current/log_inprogress_0
datanode_3  | 2019-10-17 18:21:47,369 INFO impl.LeaderElection: 3b609da3-accb-4fe5-8383-9fc39212ef8b@group-548E36548014-LeaderElection2: begin an election at term 3 for -1: [a962b5e1-d6a0-4995-a7cc-999db8e55139:172.18.0.2:9858, e27b5d6c-aa19-49c4-8783-5e4c93cb5913:172.18.0.3:9858, 3b609da3-accb-4fe5-8383-9fc39212ef8b:172.18.0.7:9858], old=null
datanode_1  | 2019-10-17 18:21:46,991 INFO impl.RaftServerImpl: e27b5d6c-aa19-49c4-8783-5e4c93cb5913@group-548E36548014: changes role from      null to FOLLOWER at term 0 for startAsFollower
datanode_2  | 2019-10-17 18:21:47,159 INFO impl.LeaderElection: a962b5e1-d6a0-4995-a7cc-999db8e55139@group-548E36548014-LeaderElection2: begin an election at term 1 for -1: [a962b5e1-d6a0-4995-a7cc-999db8e55139:172.18.0.2:9858, e27b5d6c-aa19-49c4-8783-5e4c93cb5913:172.18.0.3:9858, 3b609da3-accb-4fe5-8383-9fc39212ef8b:172.18.0.7:9858], old=null
datanode_2  | 2019-10-17 18:21:47,345 INFO impl.LeaderElection: a962b5e1-d6a0-4995-a7cc-999db8e55139@group-548E36548014-LeaderElection2: Election TIMEOUT; received 0 response(s) [] and 0 exception(s); a962b5e1-d6a0-4995-a7cc-999db8e55139@group-548E36548014:t1, leader=null, voted=a962b5e1-d6a0-4995-a7cc-999db8e55139, raftlog=a962b5e1-d6a0-4995-a7cc-999db8e55139@group-548E36548014-SegmentedRaftLog:OPENED:c-1,f-1,i0, conf=-1: [a962b5e1-d6a0-4995-a7cc-999db8e55139:172.18.0.2:9858, e27b5d6c-aa19-49c4-8783-5e4c93cb5913:172.18.0.3:9858, 3b609da3-accb-4fe5-8383-9fc39212ef8b:172.18.0.7:9858], old=null
datanode_1  | 2019-10-17 18:21:46,992 INFO impl.RoleInfo: e27b5d6c-aa19-49c4-8783-5e4c93cb5913: start FollowerState
datanode_3  | 2019-10-17 18:21:47,441 INFO impl.LeaderElection: 3b609da3-accb-4fe5-8383-9fc39212ef8b@group-548E36548014-LeaderElection2: Election DISCOVERED_A_NEW_TERM; received 1 response(s) [3b609da3-accb-4fe5-8383-9fc39212ef8b<-e27b5d6c-aa19-49c4-8783-5e4c93cb5913#0:FAIL-t4] and 0 exception(s); 3b609da3-accb-4fe5-8383-9fc39212ef8b@group-548E36548014:t3, leader=null, voted=3b609da3-accb-4fe5-8383-9fc39212ef8b, raftlog=3b609da3-accb-4fe5-8383-9fc39212ef8b@group-548E36548014-SegmentedRaftLog:OPENED:c-1,f-1,i0, conf=-1: [a962b5e1-d6a0-4995-a7cc-999db8e55139:172.18.0.2:9858, e27b5d6c-aa19-49c4-8783-5e4c93cb5913:172.18.0.3:9858, 3b609da3-accb-4fe5-8383-9fc39212ef8b:172.18.0.7:9858], old=null
datanode_1  | 2019-10-17 18:21:46,992 INFO util.JmxRegister: Successfully registered JMX Bean with object name Ratis:service=RaftServer,group=group-548E36548014,id=e27b5d6c-aa19-49c4-8783-5e4c93cb5913
datanode_2  | 2019-10-17 18:21:47,369 INFO impl.LeaderElection: a962b5e1-d6a0-4995-a7cc-999db8e55139@group-548E36548014-LeaderElection2: begin an election at term 2 for -1: [a962b5e1-d6a0-4995-a7cc-999db8e55139:172.18.0.2:9858, e27b5d6c-aa19-49c4-8783-5e4c93cb5913:172.18.0.3:9858, 3b609da3-accb-4fe5-8383-9fc39212ef8b:172.18.0.7:9858], old=null
datanode_1  | 2019-10-17 18:21:47,178 INFO impl.FollowerState: e27b5d6c-aa19-49c4-8783-5e4c93cb5913@group-548E36548014-FollowerState: change to CANDIDATE, lastRpcTime:186ms, electionTimeout:186ms
datanode_2  | 2019-10-17 18:21:47,415 INFO impl.LeaderElection: a962b5e1-d6a0-4995-a7cc-999db8e55139@group-548E36548014-LeaderElection2: Election DISCOVERED_A_NEW_TERM; received 1 response(s) [a962b5e1-d6a0-4995-a7cc-999db8e55139<-e27b5d6c-aa19-49c4-8783-5e4c93cb5913#0:FAIL-t3] and 0 exception(s); a962b5e1-d6a0-4995-a7cc-999db8e55139@group-548E36548014:t2, leader=null, voted=a962b5e1-d6a0-4995-a7cc-999db8e55139, raftlog=a962b5e1-d6a0-4995-a7cc-999db8e55139@group-548E36548014-SegmentedRaftLog:OPENED:c-1,f-1,i0, conf=-1: [a962b5e1-d6a0-4995-a7cc-999db8e55139:172.18.0.2:9858, e27b5d6c-aa19-49c4-8783-5e4c93cb5913:172.18.0.3:9858, 3b609da3-accb-4fe5-8383-9fc39212ef8b:172.18.0.7:9858], old=null
datanode_3  | 2019-10-17 18:21:47,442 INFO impl.RaftServerImpl: 3b609da3-accb-4fe5-8383-9fc39212ef8b@group-548E36548014: changes role from CANDIDATE to FOLLOWER at term 4 for DISCOVERED_A_NEW_TERM
datanode_1  | 2019-10-17 18:21:47,179 INFO impl.RoleInfo: e27b5d6c-aa19-49c4-8783-5e4c93cb5913: shutdown FollowerState
datanode_2  | 2019-10-17 18:21:47,419 INFO impl.RaftServerImpl: a962b5e1-d6a0-4995-a7cc-999db8e55139@group-548E36548014: changes role from CANDIDATE to FOLLOWER at term 3 for recognizeCandidate:3b609da3-accb-4fe5-8383-9fc39212ef8b
datanode_1  | 2019-10-17 18:21:47,179 INFO impl.RaftServerImpl: e27b5d6c-aa19-49c4-8783-5e4c93cb5913@group-548E36548014: changes role from  FOLLOWER to CANDIDATE at term 0 for changeToCandidate
datanode_2  | 2019-10-17 18:21:47,420 INFO impl.RoleInfo: a962b5e1-d6a0-4995-a7cc-999db8e55139: shutdown LeaderElection
datanode_1  | 2019-10-17 18:21:47,180 INFO impl.RoleInfo: e27b5d6c-aa19-49c4-8783-5e4c93cb5913: start LeaderElection
datanode_3  | 2019-10-17 18:21:47,442 INFO impl.RoleInfo: 3b609da3-accb-4fe5-8383-9fc39212ef8b: shutdown LeaderElection
datanode_1  | 2019-10-17 18:21:47,209 INFO impl.LeaderElection: e27b5d6c-aa19-49c4-8783-5e4c93cb5913@group-548E36548014-LeaderElection2: begin an election at term 1 for -1: [a962b5e1-d6a0-4995-a7cc-999db8e55139:172.18.0.2:9858, e27b5d6c-aa19-49c4-8783-5e4c93cb5913:172.18.0.3:9858, 3b609da3-accb-4fe5-8383-9fc39212ef8b:172.18.0.7:9858], old=null
datanode_3  | 2019-10-17 18:21:47,442 INFO impl.RoleInfo: 3b609da3-accb-4fe5-8383-9fc39212ef8b: start FollowerState
datanode_1  | 2019-10-17 18:21:47,287 INFO impl.LeaderElection: e27b5d6c-aa19-49c4-8783-5e4c93cb5913@group-548E36548014-LeaderElection2: Election TIMEOUT; received 0 response(s) [] and 0 exception(s); e27b5d6c-aa19-49c4-8783-5e4c93cb5913@group-548E36548014:t1, leader=null, voted=e27b5d6c-aa19-49c4-8783-5e4c93cb5913, raftlog=e27b5d6c-aa19-49c4-8783-5e4c93cb5913@group-548E36548014-SegmentedRaftLog:OPENED:c-1,f-1,i0, conf=-1: [a962b5e1-d6a0-4995-a7cc-999db8e55139:172.18.0.2:9858, e27b5d6c-aa19-49c4-8783-5e4c93cb5913:172.18.0.3:9858, 3b609da3-accb-4fe5-8383-9fc39212ef8b:172.18.0.7:9858], old=null
datanode_2  | 2019-10-17 18:21:47,420 INFO impl.RoleInfo: a962b5e1-d6a0-4995-a7cc-999db8e55139: start FollowerState
datanode_3  | 2019-10-17 18:21:47,462 INFO impl.FollowerState: 3b609da3-accb-4fe5-8383-9fc39212ef8b@group-548E36548014-FollowerState: change to CANDIDATE, lastRpcTime:19ms, electionTimeout:11ms
datanode_1  | 2019-10-17 18:21:47,318 INFO impl.LeaderElection: e27b5d6c-aa19-49c4-8783-5e4c93cb5913@group-548E36548014-LeaderElection2: begin an election at term 2 for -1: [a962b5e1-d6a0-4995-a7cc-999db8e55139:172.18.0.2:9858, e27b5d6c-aa19-49c4-8783-5e4c93cb5913:172.18.0.3:9858, 3b609da3-accb-4fe5-8383-9fc39212ef8b:172.18.0.7:9858], old=null
datanode_2  | 2019-10-17 18:21:47,437 INFO impl.RaftServerImpl: a962b5e1-d6a0-4995-a7cc-999db8e55139@group-548E36548014: changes role from  FOLLOWER to FOLLOWER at term 3 for recognizeCandidate:e27b5d6c-aa19-49c4-8783-5e4c93cb5913
datanode_3  | 2019-10-17 18:21:47,465 INFO impl.RoleInfo: 3b609da3-accb-4fe5-8383-9fc39212ef8b: shutdown FollowerState
datanode_1  | 2019-10-17 18:21:47,370 INFO impl.LeaderElection: e27b5d6c-aa19-49c4-8783-5e4c93cb5913@group-548E36548014-LeaderElection2: Election TIMEOUT; received 0 response(s) [] and 0 exception(s); e27b5d6c-aa19-49c4-8783-5e4c93cb5913@group-548E36548014:t2, leader=null, voted=e27b5d6c-aa19-49c4-8783-5e4c93cb5913, raftlog=e27b5d6c-aa19-49c4-8783-5e4c93cb5913@group-548E36548014-SegmentedRaftLog:OPENED:c-1,f-1,i0, conf=-1: [a962b5e1-d6a0-4995-a7cc-999db8e55139:172.18.0.2:9858, e27b5d6c-aa19-49c4-8783-5e4c93cb5913:172.18.0.3:9858, 3b609da3-accb-4fe5-8383-9fc39212ef8b:172.18.0.7:9858], old=null
datanode_3  | 2019-10-17 18:21:47,465 INFO impl.RaftServerImpl: 3b609da3-accb-4fe5-8383-9fc39212ef8b@group-548E36548014: changes role from  FOLLOWER to CANDIDATE at term 4 for changeToCandidate
datanode_1  | 2019-10-17 18:21:47,394 INFO impl.LeaderElection: e27b5d6c-aa19-49c4-8783-5e4c93cb5913@group-548E36548014-LeaderElection2: begin an election at term 3 for -1: [a962b5e1-d6a0-4995-a7cc-999db8e55139:172.18.0.2:9858, e27b5d6c-aa19-49c4-8783-5e4c93cb5913:172.18.0.3:9858, 3b609da3-accb-4fe5-8383-9fc39212ef8b:172.18.0.7:9858], old=null
datanode_2  | 2019-10-17 18:21:47,437 INFO impl.RoleInfo: a962b5e1-d6a0-4995-a7cc-999db8e55139: shutdown FollowerState
datanode_3  | 2019-10-17 18:21:47,465 INFO impl.RoleInfo: 3b609da3-accb-4fe5-8383-9fc39212ef8b: start LeaderElection
datanode_2  | 2019-10-17 18:21:47,438 INFO impl.RoleInfo: a962b5e1-d6a0-4995-a7cc-999db8e55139: start FollowerState
datanode_1  | 2019-10-17 18:21:47,398 INFO impl.LeaderElection: e27b5d6c-aa19-49c4-8783-5e4c93cb5913@group-548E36548014-LeaderElection2: Election TIMEOUT; received 0 response(s) [] and 0 exception(s); e27b5d6c-aa19-49c4-8783-5e4c93cb5913@group-548E36548014:t3, leader=null, voted=e27b5d6c-aa19-49c4-8783-5e4c93cb5913, raftlog=e27b5d6c-aa19-49c4-8783-5e4c93cb5913@group-548E36548014-SegmentedRaftLog:OPENED:c-1,f-1,i0, conf=-1: [a962b5e1-d6a0-4995-a7cc-999db8e55139:172.18.0.2:9858, e27b5d6c-aa19-49c4-8783-5e4c93cb5913:172.18.0.3:9858, 3b609da3-accb-4fe5-8383-9fc39212ef8b:172.18.0.7:9858], old=null
datanode_3  | 2019-10-17 18:21:47,487 INFO impl.LeaderElection: 3b609da3-accb-4fe5-8383-9fc39212ef8b@group-548E36548014-LeaderElection3: begin an election at term 5 for -1: [a962b5e1-d6a0-4995-a7cc-999db8e55139:172.18.0.2:9858, e27b5d6c-aa19-49c4-8783-5e4c93cb5913:172.18.0.3:9858, 3b609da3-accb-4fe5-8383-9fc39212ef8b:172.18.0.7:9858], old=null
datanode_2  | 2019-10-17 18:21:47,438 INFO impl.FollowerState: a962b5e1-d6a0-4995-a7cc-999db8e55139@group-548E36548014-FollowerState was interrupted: java.lang.InterruptedException: sleep interrupted
datanode_1  | 2019-10-17 18:21:47,436 INFO impl.LeaderElection: e27b5d6c-aa19-49c4-8783-5e4c93cb5913@group-548E36548014-LeaderElection2: begin an election at term 4 for -1: [a962b5e1-d6a0-4995-a7cc-999db8e55139:172.18.0.2:9858, e27b5d6c-aa19-49c4-8783-5e4c93cb5913:172.18.0.3:9858, 3b609da3-accb-4fe5-8383-9fc39212ef8b:172.18.0.7:9858], old=null
datanode_3  | 2019-10-17 18:21:47,541 INFO impl.LeaderElection: 3b609da3-accb-4fe5-8383-9fc39212ef8b@group-548E36548014-LeaderElection3: Election PASSED; received 1 response(s) [3b609da3-accb-4fe5-8383-9fc39212ef8b<-a962b5e1-d6a0-4995-a7cc-999db8e55139#0:OK-t5] and 0 exception(s); 3b609da3-accb-4fe5-8383-9fc39212ef8b@group-548E36548014:t5, leader=null, voted=3b609da3-accb-4fe5-8383-9fc39212ef8b, raftlog=3b609da3-accb-4fe5-8383-9fc39212ef8b@group-548E36548014-SegmentedRaftLog:OPENED:c-1,f-1,i0, conf=-1: [a962b5e1-d6a0-4995-a7cc-999db8e55139:172.18.0.2:9858, e27b5d6c-aa19-49c4-8783-5e4c93cb5913:172.18.0.3:9858, 3b609da3-accb-4fe5-8383-9fc39212ef8b:172.18.0.7:9858], old=null
datanode_2  | 2019-10-17 18:21:47,463 INFO impl.RaftServerImpl: a962b5e1-d6a0-4995-a7cc-999db8e55139@group-548E36548014: changes role from  FOLLOWER to FOLLOWER at term 4 for recognizeCandidate:e27b5d6c-aa19-49c4-8783-5e4c93cb5913
datanode_1  | 2019-10-17 18:21:47,491 INFO impl.LeaderElection: e27b5d6c-aa19-49c4-8783-5e4c93cb5913@group-548E36548014-LeaderElection2: Election DISCOVERED_A_NEW_TERM; received 1 response(s) [e27b5d6c-aa19-49c4-8783-5e4c93cb5913<-3b609da3-accb-4fe5-8383-9fc39212ef8b#0:FAIL-t5] and 0 exception(s); e27b5d6c-aa19-49c4-8783-5e4c93cb5913@group-548E36548014:t4, leader=null, voted=e27b5d6c-aa19-49c4-8783-5e4c93cb5913, raftlog=e27b5d6c-aa19-49c4-8783-5e4c93cb5913@group-548E36548014-SegmentedRaftLog:OPENED:c-1,f-1,i0, conf=-1: [a962b5e1-d6a0-4995-a7cc-999db8e55139:172.18.0.2:9858, e27b5d6c-aa19-49c4-8783-5e4c93cb5913:172.18.0.3:9858, 3b609da3-accb-4fe5-8383-9fc39212ef8b:172.18.0.7:9858], old=null
datanode_3  | 2019-10-17 18:21:47,542 INFO impl.RoleInfo: 3b609da3-accb-4fe5-8383-9fc39212ef8b: shutdown LeaderElection
datanode_2  | 2019-10-17 18:21:47,464 INFO impl.RoleInfo: a962b5e1-d6a0-4995-a7cc-999db8e55139: shutdown FollowerState
datanode_1  | 2019-10-17 18:21:47,492 INFO impl.RaftServerImpl: e27b5d6c-aa19-49c4-8783-5e4c93cb5913@group-548E36548014: changes role from CANDIDATE to FOLLOWER at term 5 for DISCOVERED_A_NEW_TERM
datanode_3  | 2019-10-17 18:21:47,542 INFO impl.RaftServerImpl: 3b609da3-accb-4fe5-8383-9fc39212ef8b@group-548E36548014: changes role from CANDIDATE to LEADER at term 5 for changeToLeader
datanode_2  | 2019-10-17 18:21:47,464 INFO impl.RoleInfo: a962b5e1-d6a0-4995-a7cc-999db8e55139: start FollowerState
datanode_1  | 2019-10-17 18:21:47,492 INFO impl.RoleInfo: e27b5d6c-aa19-49c4-8783-5e4c93cb5913: shutdown LeaderElection
datanode_3  | 2019-10-17 18:21:47,542 INFO impl.RaftServerImpl: 3b609da3-accb-4fe5-8383-9fc39212ef8b@group-548E36548014: change Leader from null to 3b609da3-accb-4fe5-8383-9fc39212ef8b at term 5 for becomeLeader, leader elected after 585ms
datanode_2  | 2019-10-17 18:21:47,464 INFO impl.FollowerState: a962b5e1-d6a0-4995-a7cc-999db8e55139@group-548E36548014-FollowerState was interrupted: java.lang.InterruptedException: sleep interrupted
datanode_1  | 2019-10-17 18:21:47,492 INFO impl.RoleInfo: e27b5d6c-aa19-49c4-8783-5e4c93cb5913: start FollowerState
datanode_3  | 2019-10-17 18:21:47,542 INFO server.RaftServerConfigKeys: raft.server.staging.catchup.gap = 1000 (default)
datanode_2  | 2019-10-17 18:21:47,508 INFO impl.RaftServerImpl: a962b5e1-d6a0-4995-a7cc-999db8e55139@group-548E36548014: changes role from  FOLLOWER to FOLLOWER at term 5 for recognizeCandidate:3b609da3-accb-4fe5-8383-9fc39212ef8b
datanode_1  | 2019-10-17 18:21:47,522 INFO impl.RaftServerImpl: e27b5d6c-aa19-49c4-8783-5e4c93cb5913@group-548E36548014: changes role from  FOLLOWER to FOLLOWER at term 5 for recognizeCandidate:3b609da3-accb-4fe5-8383-9fc39212ef8b
datanode_3  | 2019-10-17 18:21:47,543 INFO server.RaftServerConfigKeys: raft.server.rpc.sleep.time = 25ms (default)
datanode_2  | 2019-10-17 18:21:47,508 INFO impl.RoleInfo: a962b5e1-d6a0-4995-a7cc-999db8e55139: shutdown FollowerState
datanode_1  | 2019-10-17 18:21:47,522 INFO impl.RoleInfo: e27b5d6c-aa19-49c4-8783-5e4c93cb5913: shutdown FollowerState
datanode_3  | 2019-10-17 18:21:47,543 INFO server.RaftServerConfigKeys: raft.server.write.element-limit = 4096 (default)
datanode_2  | 2019-10-17 18:21:47,508 INFO impl.FollowerState: a962b5e1-d6a0-4995-a7cc-999db8e55139@group-548E36548014-FollowerState was interrupted: java.lang.InterruptedException: sleep interrupted
datanode_1  | 2019-10-17 18:21:47,522 INFO impl.RoleInfo: e27b5d6c-aa19-49c4-8783-5e4c93cb5913: start FollowerState
datanode_3  | 2019-10-17 18:21:47,543 INFO server.RaftServerConfigKeys: raft.server.watch.timeout = 10s (default)
datanode_1  | 2019-10-17 18:21:47,522 INFO impl.FollowerState: e27b5d6c-aa19-49c4-8783-5e4c93cb5913@group-548E36548014-FollowerState was interrupted: java.lang.InterruptedException: sleep interrupted
datanode_2  | 2019-10-17 18:21:47,508 INFO impl.RoleInfo: a962b5e1-d6a0-4995-a7cc-999db8e55139: start FollowerState
datanode_3  | 2019-10-17 18:21:47,543 INFO server.RaftServerConfigKeys: raft.server.watch.timeout.denomination = 1s (default)
datanode_2  | 2019-10-17 18:21:47,603 INFO impl.FollowerState: a962b5e1-d6a0-4995-a7cc-999db8e55139@group-548E36548014-FollowerState: change to CANDIDATE, lastRpcTime:94ms, electionTimeout:94ms
datanode_1  | 2019-10-17 18:21:47,625 INFO impl.RaftServerImpl: e27b5d6c-aa19-49c4-8783-5e4c93cb5913@group-548E36548014: change Leader from null to 3b609da3-accb-4fe5-8383-9fc39212ef8b at term 5 for appendEntries, leader elected after 641ms
datanode_3  | 2019-10-17 18:21:47,543 INFO server.RaftServerConfigKeys: raft.server.watch.element-limit = 65536 (default)
datanode_2  | 2019-10-17 18:21:47,604 INFO impl.RoleInfo: a962b5e1-d6a0-4995-a7cc-999db8e55139: shutdown FollowerState
datanode_1  | 2019-10-17 18:21:47,642 INFO impl.RaftServerImpl: e27b5d6c-aa19-49c4-8783-5e4c93cb5913@group-548E36548014: set configuration 0: [a962b5e1-d6a0-4995-a7cc-999db8e55139:172.18.0.2:9858, e27b5d6c-aa19-49c4-8783-5e4c93cb5913:172.18.0.3:9858, 3b609da3-accb-4fe5-8383-9fc39212ef8b:172.18.0.7:9858], old=null at 0
datanode_3  | 2019-10-17 18:21:47,549 INFO server.RaftServerConfigKeys: raft.server.log.appender.snapshot.chunk.size.max = 16MB (=16777216) (default)
datanode_2  | 2019-10-17 18:21:47,604 INFO impl.RaftServerImpl: a962b5e1-d6a0-4995-a7cc-999db8e55139@group-548E36548014: changes role from  FOLLOWER to CANDIDATE at term 5 for changeToCandidate
datanode_1  | 2019-10-17 18:21:47,642 INFO segmented.SegmentedRaftLogWorker: e27b5d6c-aa19-49c4-8783-5e4c93cb5913@group-548E36548014-SegmentedRaftLogWorker: Starting segment from index:0
datanode_3  | 2019-10-17 18:21:47,549 INFO server.RaftServerConfigKeys: raft.server.log.appender.buffer.byte-limit = 33554432 (custom)
datanode_2  | 2019-10-17 18:21:47,604 INFO impl.RoleInfo: a962b5e1-d6a0-4995-a7cc-999db8e55139: start LeaderElection
datanode_1  | 2019-10-17 18:21:47,645 INFO server.GrpcServerProtocolService: e27b5d6c-aa19-49c4-8783-5e4c93cb5913: Completed APPEND_ENTRIES, lastRequest: 3b609da3-accb-4fe5-8383-9fc39212ef8b->e27b5d6c-aa19-49c4-8783-5e4c93cb5913#1-t5, previous=(t:0, i:0), leaderCommit=0, initializing? false, entries: size=1, first=(t:5, i:0), CONFIGURATIONENTRY
datanode_3  | 2019-10-17 18:21:47,549 INFO server.RaftServerConfigKeys: raft.server.log.appender.buffer.element-limit = 1 (custom)
datanode_2  | 2019-10-17 18:21:47,631 INFO impl.LeaderElection: a962b5e1-d6a0-4995-a7cc-999db8e55139@group-548E36548014-LeaderElection3: begin an election at term 6 for -1: [a962b5e1-d6a0-4995-a7cc-999db8e55139:172.18.0.2:9858, e27b5d6c-aa19-49c4-8783-5e4c93cb5913:172.18.0.3:9858, 3b609da3-accb-4fe5-8383-9fc39212ef8b:172.18.0.7:9858], old=null
datanode_1  | 2019-10-17 18:21:47,674 INFO impl.RaftServerImpl: e27b5d6c-aa19-49c4-8783-5e4c93cb5913@group-548E36548014: change Leader from 3b609da3-accb-4fe5-8383-9fc39212ef8b to null at term 6 for updateCurrentTerm
datanode_3  | 2019-10-17 18:21:47,552 INFO grpc.GrpcConfigKeys$Server: raft.grpc.server.leader.outstanding.appends.max = 128 (default)
datanode_2  | 2019-10-17 18:21:47,653 INFO server.GrpcServerProtocolService: a962b5e1-d6a0-4995-a7cc-999db8e55139: Completed APPEND_ENTRIES, lastRequest: 3b609da3-accb-4fe5-8383-9fc39212ef8b->a962b5e1-d6a0-4995-a7cc-999db8e55139#0-t5, previous=(t:0, i:0), leaderCommit=-1, initializing? false, entries: <empty>
datanode_1  | 2019-10-17 18:21:47,674 INFO impl.RaftServerImpl: e27b5d6c-aa19-49c4-8783-5e4c93cb5913@group-548E36548014: changes role from  FOLLOWER to FOLLOWER at term 6 for recognizeCandidate:a962b5e1-d6a0-4995-a7cc-999db8e55139
datanode_3  | 2019-10-17 18:21:47,553 INFO server.RaftServerConfigKeys: raft.server.rpc.request.timeout = 3000ms (default)
datanode_2  | 2019-10-17 18:21:47,701 INFO impl.LeaderElection: a962b5e1-d6a0-4995-a7cc-999db8e55139@group-548E36548014-LeaderElection3: Election REJECTED; received 2 response(s) [a962b5e1-d6a0-4995-a7cc-999db8e55139<-e27b5d6c-aa19-49c4-8783-5e4c93cb5913#0:FAIL-t6, a962b5e1-d6a0-4995-a7cc-999db8e55139<-3b609da3-accb-4fe5-8383-9fc39212ef8b#0:FAIL-t6] and 0 exception(s); a962b5e1-d6a0-4995-a7cc-999db8e55139@group-548E36548014:t6, leader=null, voted=a962b5e1-d6a0-4995-a7cc-999db8e55139, raftlog=a962b5e1-d6a0-4995-a7cc-999db8e55139@group-548E36548014-SegmentedRaftLog:OPENED:c-1,f-1,i0, conf=-1: [a962b5e1-d6a0-4995-a7cc-999db8e55139:172.18.0.2:9858, e27b5d6c-aa19-49c4-8783-5e4c93cb5913:172.18.0.3:9858, 3b609da3-accb-4fe5-8383-9fc39212ef8b:172.18.0.7:9858], old=null
datanode_1  | 2019-10-17 18:21:47,674 INFO impl.RoleInfo: e27b5d6c-aa19-49c4-8783-5e4c93cb5913: shutdown FollowerState
datanode_2  | 2019-10-17 18:21:47,702 INFO impl.RaftServerImpl: a962b5e1-d6a0-4995-a7cc-999db8e55139@group-548E36548014: changes role from CANDIDATE to FOLLOWER at term 6 for DISCOVERED_A_NEW_TERM
datanode_3  | 2019-10-17 18:21:47,553 INFO server.RaftServerConfigKeys: raft.server.log.appender.install.snapshot.enabled = false (custom)
datanode_1  | 2019-10-17 18:21:47,675 INFO impl.FollowerState: e27b5d6c-aa19-49c4-8783-5e4c93cb5913@group-548E36548014-FollowerState was interrupted: java.lang.InterruptedException: sleep interrupted
datanode_2  | 2019-10-17 18:21:47,702 INFO impl.RoleInfo: a962b5e1-d6a0-4995-a7cc-999db8e55139: shutdown LeaderElection
datanode_3  | 2019-10-17 18:21:47,558 INFO server.RaftServerConfigKeys: raft.server.log.appender.snapshot.chunk.size.max = 16MB (=16777216) (default)
datanode_1  | 2019-10-17 18:21:47,675 INFO impl.RoleInfo: e27b5d6c-aa19-49c4-8783-5e4c93cb5913: start FollowerState
datanode_2  | 2019-10-17 18:21:47,702 INFO impl.RoleInfo: a962b5e1-d6a0-4995-a7cc-999db8e55139: start FollowerState
datanode_3  | 2019-10-17 18:21:47,558 INFO server.RaftServerConfigKeys: raft.server.log.appender.buffer.byte-limit = 33554432 (custom)
datanode_1  | 2019-10-17 18:21:47,698 INFO segmented.SegmentedRaftLogWorker: e27b5d6c-aa19-49c4-8783-5e4c93cb5913@group-548E36548014-SegmentedRaftLogWorker: created new log segment /data/metadata/ratis/c201a18a-9477-4b52-8c14-548e36548014/current/log_inprogress_0
datanode_2  | 2019-10-17 18:21:47,842 INFO impl.FollowerState: a962b5e1-d6a0-4995-a7cc-999db8e55139@group-548E36548014-FollowerState: change to CANDIDATE, lastRpcTime:139ms, electionTimeout:139ms
datanode_3  | 2019-10-17 18:21:47,559 INFO server.RaftServerConfigKeys: raft.server.log.appender.buffer.element-limit = 1 (custom)
datanode_1  | 2019-10-17 18:21:47,900 INFO impl.RaftServerImpl: e27b5d6c-aa19-49c4-8783-5e4c93cb5913@group-548E36548014: changes role from  FOLLOWER to FOLLOWER at term 7 for recognizeCandidate:a962b5e1-d6a0-4995-a7cc-999db8e55139
datanode_2  | 2019-10-17 18:21:47,842 INFO impl.RoleInfo: a962b5e1-d6a0-4995-a7cc-999db8e55139: shutdown FollowerState
datanode_3  | 2019-10-17 18:21:47,559 INFO grpc.GrpcConfigKeys$Server: raft.grpc.server.leader.outstanding.appends.max = 128 (default)
datanode_1  | 2019-10-17 18:21:47,900 INFO impl.RoleInfo: e27b5d6c-aa19-49c4-8783-5e4c93cb5913: shutdown FollowerState
datanode_2  | 2019-10-17 18:21:47,843 INFO impl.RaftServerImpl: a962b5e1-d6a0-4995-a7cc-999db8e55139@group-548E36548014: changes role from  FOLLOWER to CANDIDATE at term 6 for changeToCandidate
datanode_3  | 2019-10-17 18:21:47,559 INFO server.RaftServerConfigKeys: raft.server.rpc.request.timeout = 3000ms (default)
datanode_1  | 2019-10-17 18:21:47,901 INFO impl.RoleInfo: e27b5d6c-aa19-49c4-8783-5e4c93cb5913: start FollowerState
datanode_2  | 2019-10-17 18:21:47,843 INFO impl.RoleInfo: a962b5e1-d6a0-4995-a7cc-999db8e55139: start LeaderElection
datanode_3  | 2019-10-17 18:21:47,559 INFO server.RaftServerConfigKeys: raft.server.log.appender.install.snapshot.enabled = false (custom)
datanode_1  | 2019-10-17 18:21:47,901 INFO impl.FollowerState: e27b5d6c-aa19-49c4-8783-5e4c93cb5913@group-548E36548014-FollowerState was interrupted: java.lang.InterruptedException: sleep interrupted
datanode_2  | 2019-10-17 18:21:47,874 INFO impl.LeaderElection: a962b5e1-d6a0-4995-a7cc-999db8e55139@group-548E36548014-LeaderElection4: begin an election at term 7 for -1: [a962b5e1-d6a0-4995-a7cc-999db8e55139:172.18.0.2:9858, e27b5d6c-aa19-49c4-8783-5e4c93cb5913:172.18.0.3:9858, 3b609da3-accb-4fe5-8383-9fc39212ef8b:172.18.0.7:9858], old=null
datanode_3  | 2019-10-17 18:21:47,564 INFO impl.RoleInfo: 3b609da3-accb-4fe5-8383-9fc39212ef8b: start LeaderState
datanode_1  | 2019-10-17 18:21:48,128 INFO impl.RaftServerImpl: e27b5d6c-aa19-49c4-8783-5e4c93cb5913@group-548E36548014: changes role from  FOLLOWER to FOLLOWER at term 8 for recognizeCandidate:a962b5e1-d6a0-4995-a7cc-999db8e55139
datanode_2  | 2019-10-17 18:21:47,930 INFO impl.LeaderElection: a962b5e1-d6a0-4995-a7cc-999db8e55139@group-548E36548014-LeaderElection4: Election REJECTED; received 2 response(s) [a962b5e1-d6a0-4995-a7cc-999db8e55139<-e27b5d6c-aa19-49c4-8783-5e4c93cb5913#0:FAIL-t7, a962b5e1-d6a0-4995-a7cc-999db8e55139<-3b609da3-accb-4fe5-8383-9fc39212ef8b#0:FAIL-t7] and 0 exception(s); a962b5e1-d6a0-4995-a7cc-999db8e55139@group-548E36548014:t7, leader=null, voted=a962b5e1-d6a0-4995-a7cc-999db8e55139, raftlog=a962b5e1-d6a0-4995-a7cc-999db8e55139@group-548E36548014-SegmentedRaftLog:OPENED:c-1,f-1,i0, conf=-1: [a962b5e1-d6a0-4995-a7cc-999db8e55139:172.18.0.2:9858, e27b5d6c-aa19-49c4-8783-5e4c93cb5913:172.18.0.3:9858, 3b609da3-accb-4fe5-8383-9fc39212ef8b:172.18.0.7:9858], old=null
datanode_3  | 2019-10-17 18:21:47,564 INFO segmented.SegmentedRaftLogWorker: 3b609da3-accb-4fe5-8383-9fc39212ef8b@group-548E36548014-SegmentedRaftLogWorker: Starting segment from index:0
datanode_1  | 2019-10-17 18:21:48,128 INFO impl.RoleInfo: e27b5d6c-aa19-49c4-8783-5e4c93cb5913: shutdown FollowerState
datanode_3  | 2019-10-17 18:21:47,565 INFO impl.RaftServerImpl: 3b609da3-accb-4fe5-8383-9fc39212ef8b@group-548E36548014: set configuration 0: [a962b5e1-d6a0-4995-a7cc-999db8e55139:172.18.0.2:9858, e27b5d6c-aa19-49c4-8783-5e4c93cb5913:172.18.0.3:9858, 3b609da3-accb-4fe5-8383-9fc39212ef8b:172.18.0.7:9858], old=null at 0
datanode_2  | 2019-10-17 18:21:47,931 INFO impl.RaftServerImpl: a962b5e1-d6a0-4995-a7cc-999db8e55139@group-548E36548014: changes role from CANDIDATE to FOLLOWER at term 7 for DISCOVERED_A_NEW_TERM
datanode_1  | 2019-10-17 18:21:48,128 INFO impl.FollowerState: e27b5d6c-aa19-49c4-8783-5e4c93cb5913@group-548E36548014-FollowerState was interrupted: java.lang.InterruptedException: sleep interrupted
datanode_3  | 2019-10-17 18:21:47,617 INFO segmented.SegmentedRaftLogWorker: 3b609da3-accb-4fe5-8383-9fc39212ef8b@group-548E36548014-SegmentedRaftLogWorker: created new log segment /data/metadata/ratis/c201a18a-9477-4b52-8c14-548e36548014/current/log_inprogress_0
datanode_2  | 2019-10-17 18:21:47,931 INFO impl.RoleInfo: a962b5e1-d6a0-4995-a7cc-999db8e55139: shutdown LeaderElection
datanode_1  | 2019-10-17 18:21:48,128 INFO impl.RoleInfo: e27b5d6c-aa19-49c4-8783-5e4c93cb5913: start FollowerState
datanode_2  | 2019-10-17 18:21:47,932 INFO impl.RoleInfo: a962b5e1-d6a0-4995-a7cc-999db8e55139: start FollowerState
datanode_1  | 2019-10-17 18:21:48,326 INFO impl.RaftServerImpl: e27b5d6c-aa19-49c4-8783-5e4c93cb5913@group-548E36548014: changes role from  FOLLOWER to FOLLOWER at term 9 for recognizeCandidate:a962b5e1-d6a0-4995-a7cc-999db8e55139
datanode_2  | 2019-10-17 18:21:48,072 INFO impl.FollowerState: a962b5e1-d6a0-4995-a7cc-999db8e55139@group-548E36548014-FollowerState: change to CANDIDATE, lastRpcTime:140ms, electionTimeout:139ms
datanode_1  | 2019-10-17 18:21:48,327 INFO impl.RoleInfo: e27b5d6c-aa19-49c4-8783-5e4c93cb5913: shutdown FollowerState
datanode_3  | 2019-10-17 18:21:47,640 INFO impl.RaftServerImpl: 3b609da3-accb-4fe5-8383-9fc39212ef8b@group-548E36548014: change Leader from 3b609da3-accb-4fe5-8383-9fc39212ef8b to null at term 6 for updateCurrentTerm
datanode_2  | 2019-10-17 18:21:48,072 INFO impl.RoleInfo: a962b5e1-d6a0-4995-a7cc-999db8e55139: shutdown FollowerState
datanode_1  | 2019-10-17 18:21:48,327 INFO impl.FollowerState: e27b5d6c-aa19-49c4-8783-5e4c93cb5913@group-548E36548014-FollowerState was interrupted: java.lang.InterruptedException: sleep interrupted
datanode_3  | 2019-10-17 18:21:47,640 INFO impl.RaftServerImpl: 3b609da3-accb-4fe5-8383-9fc39212ef8b@group-548E36548014: changes role from    LEADER to FOLLOWER at term 6 for stepDown
datanode_2  | 2019-10-17 18:21:48,073 INFO impl.RaftServerImpl: a962b5e1-d6a0-4995-a7cc-999db8e55139@group-548E36548014: changes role from  FOLLOWER to CANDIDATE at term 7 for changeToCandidate
datanode_1  | 2019-10-17 18:21:48,327 INFO impl.RoleInfo: e27b5d6c-aa19-49c4-8783-5e4c93cb5913: start FollowerState
datanode_3  | 2019-10-17 18:21:47,640 INFO impl.RoleInfo: 3b609da3-accb-4fe5-8383-9fc39212ef8b: shutdown LeaderState
datanode_2  | 2019-10-17 18:21:48,073 INFO impl.RoleInfo: a962b5e1-d6a0-4995-a7cc-999db8e55139: start LeaderElection
datanode_1  | 2019-10-17 18:21:48,509 INFO impl.RaftServerImpl: e27b5d6c-aa19-49c4-8783-5e4c93cb5913@group-548E36548014: changes role from  FOLLOWER to FOLLOWER at term 10 for recognizeCandidate:a962b5e1-d6a0-4995-a7cc-999db8e55139
datanode_3  | 2019-10-17 18:21:47,641 WARN server.GrpcLogAppender: 3b609da3-accb-4fe5-8383-9fc39212ef8b@group-548E36548014->e27b5d6c-aa19-49c4-8783-5e4c93cb5913-GrpcLogAppender: Wait interrupted by java.lang.InterruptedException
datanode_1  | 2019-10-17 18:21:48,509 INFO impl.RoleInfo: e27b5d6c-aa19-49c4-8783-5e4c93cb5913: shutdown FollowerState
datanode_2  | 2019-10-17 18:21:48,101 INFO impl.LeaderElection: a962b5e1-d6a0-4995-a7cc-999db8e55139@group-548E36548014-LeaderElection5: begin an election at term 8 for -1: [a962b5e1-d6a0-4995-a7cc-999db8e55139:172.18.0.2:9858, e27b5d6c-aa19-49c4-8783-5e4c93cb5913:172.18.0.3:9858, 3b609da3-accb-4fe5-8383-9fc39212ef8b:172.18.0.7:9858], old=null
datanode_3  | 2019-10-17 18:21:47,641 WARN server.GrpcLogAppender: 3b609da3-accb-4fe5-8383-9fc39212ef8b@group-548E36548014->a962b5e1-d6a0-4995-a7cc-999db8e55139-GrpcLogAppender: Wait interrupted by java.lang.InterruptedException
datanode_1  | 2019-10-17 18:21:48,509 INFO impl.RoleInfo: e27b5d6c-aa19-49c4-8783-5e4c93cb5913: start FollowerState
datanode_2  | 2019-10-17 18:21:48,157 INFO impl.LeaderElection: a962b5e1-d6a0-4995-a7cc-999db8e55139@group-548E36548014-LeaderElection5: Election REJECTED; received 2 response(s) [a962b5e1-d6a0-4995-a7cc-999db8e55139<-e27b5d6c-aa19-49c4-8783-5e4c93cb5913#0:FAIL-t8, a962b5e1-d6a0-4995-a7cc-999db8e55139<-3b609da3-accb-4fe5-8383-9fc39212ef8b#0:FAIL-t8] and 0 exception(s); a962b5e1-d6a0-4995-a7cc-999db8e55139@group-548E36548014:t8, leader=null, voted=a962b5e1-d6a0-4995-a7cc-999db8e55139, raftlog=a962b5e1-d6a0-4995-a7cc-999db8e55139@group-548E36548014-SegmentedRaftLog:OPENED:c-1,f-1,i0, conf=-1: [a962b5e1-d6a0-4995-a7cc-999db8e55139:172.18.0.2:9858, e27b5d6c-aa19-49c4-8783-5e4c93cb5913:172.18.0.3:9858, 3b609da3-accb-4fe5-8383-9fc39212ef8b:172.18.0.7:9858], old=null
datanode_3  | 2019-10-17 18:21:47,642 INFO impl.PendingRequests: 3b609da3-accb-4fe5-8383-9fc39212ef8b@group-548E36548014-PendingRequests: sendNotLeaderResponses
datanode_1  | 2019-10-17 18:21:48,509 INFO impl.FollowerState: e27b5d6c-aa19-49c4-8783-5e4c93cb5913@group-548E36548014-FollowerState was interrupted: java.lang.InterruptedException: sleep interrupted
datanode_2  | 2019-10-17 18:21:48,158 INFO impl.RaftServerImpl: a962b5e1-d6a0-4995-a7cc-999db8e55139@group-548E36548014: changes role from CANDIDATE to FOLLOWER at term 8 for DISCOVERED_A_NEW_TERM
datanode_3  | 2019-10-17 18:21:47,644 INFO impl.RoleInfo: 3b609da3-accb-4fe5-8383-9fc39212ef8b: start FollowerState
datanode_2  | 2019-10-17 18:21:48,158 INFO impl.RoleInfo: a962b5e1-d6a0-4995-a7cc-999db8e55139: shutdown LeaderElection
datanode_1  | 2019-10-17 18:21:48,563 INFO impl.RaftServerImpl: e27b5d6c-aa19-49c4-8783-5e4c93cb5913@group-548E36548014: changes role from  FOLLOWER to FOLLOWER at term 11 for recognizeCandidate:a962b5e1-d6a0-4995-a7cc-999db8e55139
datanode_3  | 2019-10-17 18:21:47,646 INFO server.GrpcLogAppender: 3b609da3-accb-4fe5-8383-9fc39212ef8b@group-548E36548014->e27b5d6c-aa19-49c4-8783-5e4c93cb5913-AppendLogResponseHandler: follower responses appendEntries COMPLETED
datanode_2  | 2019-10-17 18:21:48,158 INFO impl.RoleInfo: a962b5e1-d6a0-4995-a7cc-999db8e55139: start FollowerState
datanode_1  | 2019-10-17 18:21:48,564 INFO impl.RoleInfo: e27b5d6c-aa19-49c4-8783-5e4c93cb5913: shutdown FollowerState
datanode_3  | 2019-10-17 18:21:47,653 INFO impl.FollowerInfo: 3b609da3-accb-4fe5-8383-9fc39212ef8b@group-548E36548014->e27b5d6c-aa19-49c4-8783-5e4c93cb5913: nextIndex: updateUnconditionally 1 -> 0
datanode_2  | 2019-10-17 18:21:48,271 INFO impl.FollowerState: a962b5e1-d6a0-4995-a7cc-999db8e55139@group-548E36548014-FollowerState: change to CANDIDATE, lastRpcTime:112ms, electionTimeout:112ms
datanode_1  | 2019-10-17 18:21:48,564 INFO impl.RoleInfo: e27b5d6c-aa19-49c4-8783-5e4c93cb5913: start FollowerState
datanode_3  | 2019-10-17 18:21:47,654 INFO server.GrpcLogAppender: 3b609da3-accb-4fe5-8383-9fc39212ef8b@group-548E36548014->a962b5e1-d6a0-4995-a7cc-999db8e55139-AppendLogResponseHandler: follower responses appendEntries COMPLETED
datanode_2  | 2019-10-17 18:21:48,271 INFO impl.RoleInfo: a962b5e1-d6a0-4995-a7cc-999db8e55139: shutdown FollowerState
datanode_1  | 2019-10-17 18:21:48,564 INFO impl.FollowerState: e27b5d6c-aa19-49c4-8783-5e4c93cb5913@group-548E36548014-FollowerState was interrupted: java.lang.InterruptedException: sleep interrupted
datanode_3  | 2019-10-17 18:21:47,655 INFO impl.FollowerInfo: 3b609da3-accb-4fe5-8383-9fc39212ef8b@group-548E36548014->a962b5e1-d6a0-4995-a7cc-999db8e55139: nextIndex: updateUnconditionally 0 -> 0
datanode_2  | 2019-10-17 18:21:48,272 INFO impl.RaftServerImpl: a962b5e1-d6a0-4995-a7cc-999db8e55139@group-548E36548014: changes role from  FOLLOWER to CANDIDATE at term 8 for changeToCandidate
datanode_1  | 2019-10-17 18:21:48,754 INFO impl.RaftServerImpl: e27b5d6c-aa19-49c4-8783-5e4c93cb5913@group-548E36548014: changes role from  FOLLOWER to FOLLOWER at term 12 for recognizeCandidate:a962b5e1-d6a0-4995-a7cc-999db8e55139
datanode_2  | 2019-10-17 18:21:48,272 INFO impl.RoleInfo: a962b5e1-d6a0-4995-a7cc-999db8e55139: start LeaderElection
datanode_1  | 2019-10-17 18:21:48,754 INFO impl.RoleInfo: e27b5d6c-aa19-49c4-8783-5e4c93cb5913: shutdown FollowerState
datanode_2  | 2019-10-17 18:21:48,302 INFO impl.LeaderElection: a962b5e1-d6a0-4995-a7cc-999db8e55139@group-548E36548014-LeaderElection6: begin an election at term 9 for -1: [a962b5e1-d6a0-4995-a7cc-999db8e55139:172.18.0.2:9858, e27b5d6c-aa19-49c4-8783-5e4c93cb5913:172.18.0.3:9858, 3b609da3-accb-4fe5-8383-9fc39212ef8b:172.18.0.7:9858], old=null
datanode_3  | 2019-10-17 18:21:47,674 INFO impl.RaftServerImpl: 3b609da3-accb-4fe5-8383-9fc39212ef8b@group-548E36548014: changes role from  FOLLOWER to FOLLOWER at term 6 for recognizeCandidate:a962b5e1-d6a0-4995-a7cc-999db8e55139
datanode_1  | 2019-10-17 18:21:48,754 INFO impl.FollowerState: e27b5d6c-aa19-49c4-8783-5e4c93cb5913@group-548E36548014-FollowerState was interrupted: java.lang.InterruptedException: sleep interrupted
datanode_2  | 2019-10-17 18:21:48,357 INFO impl.LeaderElection: a962b5e1-d6a0-4995-a7cc-999db8e55139@group-548E36548014-LeaderElection6: Election REJECTED; received 2 response(s) [a962b5e1-d6a0-4995-a7cc-999db8e55139<-e27b5d6c-aa19-49c4-8783-5e4c93cb5913#0:FAIL-t9, a962b5e1-d6a0-4995-a7cc-999db8e55139<-3b609da3-accb-4fe5-8383-9fc39212ef8b#0:FAIL-t9] and 0 exception(s); a962b5e1-d6a0-4995-a7cc-999db8e55139@group-548E36548014:t9, leader=null, voted=a962b5e1-d6a0-4995-a7cc-999db8e55139, raftlog=a962b5e1-d6a0-4995-a7cc-999db8e55139@group-548E36548014-SegmentedRaftLog:OPENED:c-1,f-1,i0, conf=-1: [a962b5e1-d6a0-4995-a7cc-999db8e55139:172.18.0.2:9858, e27b5d6c-aa19-49c4-8783-5e4c93cb5913:172.18.0.3:9858, 3b609da3-accb-4fe5-8383-9fc39212ef8b:172.18.0.7:9858], old=null
datanode_1  | 2019-10-17 18:21:48,754 INFO impl.RoleInfo: e27b5d6c-aa19-49c4-8783-5e4c93cb5913: start FollowerState
datanode_2  | 2019-10-17 18:21:48,357 INFO impl.RaftServerImpl: a962b5e1-d6a0-4995-a7cc-999db8e55139@group-548E36548014: changes role from CANDIDATE to FOLLOWER at term 9 for DISCOVERED_A_NEW_TERM
datanode_2  | 2019-10-17 18:21:48,357 INFO impl.RoleInfo: a962b5e1-d6a0-4995-a7cc-999db8e55139: shutdown LeaderElection
datanode_3  | 2019-10-17 18:21:47,674 INFO impl.RoleInfo: 3b609da3-accb-4fe5-8383-9fc39212ef8b: shutdown FollowerState
datanode_1  | 2019-10-17 18:21:48,980 INFO impl.RaftServerImpl: e27b5d6c-aa19-49c4-8783-5e4c93cb5913@group-548E36548014: changes role from  FOLLOWER to FOLLOWER at term 13 for recognizeCandidate:a962b5e1-d6a0-4995-a7cc-999db8e55139
datanode_2  | 2019-10-17 18:21:48,358 INFO impl.RoleInfo: a962b5e1-d6a0-4995-a7cc-999db8e55139: start FollowerState
datanode_3  | 2019-10-17 18:21:47,674 INFO impl.RoleInfo: 3b609da3-accb-4fe5-8383-9fc39212ef8b: start FollowerState
datanode_1  | 2019-10-17 18:21:48,980 INFO impl.RoleInfo: e27b5d6c-aa19-49c4-8783-5e4c93cb5913: shutdown FollowerState
datanode_2  | 2019-10-17 18:21:48,457 INFO impl.FollowerState: a962b5e1-d6a0-4995-a7cc-999db8e55139@group-548E36548014-FollowerState: change to CANDIDATE, lastRpcTime:98ms, electionTimeout:98ms
datanode_3  | 2019-10-17 18:21:47,674 INFO impl.FollowerState: 3b609da3-accb-4fe5-8383-9fc39212ef8b@group-548E36548014-FollowerState was interrupted: java.lang.InterruptedException: sleep interrupted
datanode_1  | 2019-10-17 18:21:48,980 INFO impl.FollowerState: e27b5d6c-aa19-49c4-8783-5e4c93cb5913@group-548E36548014-FollowerState was interrupted: java.lang.InterruptedException: sleep interrupted
datanode_2  | 2019-10-17 18:21:48,457 INFO impl.RoleInfo: a962b5e1-d6a0-4995-a7cc-999db8e55139: shutdown FollowerState
datanode_3  | 2019-10-17 18:21:47,900 INFO impl.RaftServerImpl: 3b609da3-accb-4fe5-8383-9fc39212ef8b@group-548E36548014: changes role from  FOLLOWER to FOLLOWER at term 7 for recognizeCandidate:a962b5e1-d6a0-4995-a7cc-999db8e55139
datanode_1  | 2019-10-17 18:21:48,980 INFO impl.RoleInfo: e27b5d6c-aa19-49c4-8783-5e4c93cb5913: start FollowerState
datanode_2  | 2019-10-17 18:21:48,458 INFO impl.RaftServerImpl: a962b5e1-d6a0-4995-a7cc-999db8e55139@group-548E36548014: changes role from  FOLLOWER to CANDIDATE at term 9 for changeToCandidate
datanode_3  | 2019-10-17 18:21:47,900 INFO impl.RoleInfo: 3b609da3-accb-4fe5-8383-9fc39212ef8b: shutdown FollowerState
datanode_1  | 2019-10-17 18:21:49,113 INFO impl.RaftServerImpl: e27b5d6c-aa19-49c4-8783-5e4c93cb5913@group-548E36548014: changes role from  FOLLOWER to FOLLOWER at term 14 for recognizeCandidate:a962b5e1-d6a0-4995-a7cc-999db8e55139
datanode_2  | 2019-10-17 18:21:48,458 INFO impl.RoleInfo: a962b5e1-d6a0-4995-a7cc-999db8e55139: start LeaderElection
datanode_3  | 2019-10-17 18:21:47,901 INFO impl.RoleInfo: 3b609da3-accb-4fe5-8383-9fc39212ef8b: start FollowerState
datanode_2  | 2019-10-17 18:21:48,486 INFO impl.LeaderElection: a962b5e1-d6a0-4995-a7cc-999db8e55139@group-548E36548014-LeaderElection7: begin an election at term 10 for -1: [a962b5e1-d6a0-4995-a7cc-999db8e55139:172.18.0.2:9858, e27b5d6c-aa19-49c4-8783-5e4c93cb5913:172.18.0.3:9858, 3b609da3-accb-4fe5-8383-9fc39212ef8b:172.18.0.7:9858], old=null
datanode_3  | 2019-10-17 18:21:47,901 INFO impl.FollowerState: 3b609da3-accb-4fe5-8383-9fc39212ef8b@group-548E36548014-FollowerState was interrupted: java.lang.InterruptedException: sleep interrupted
datanode_2  | 2019-10-17 18:21:48,520 INFO impl.LeaderElection: a962b5e1-d6a0-4995-a7cc-999db8e55139@group-548E36548014-LeaderElection7: Election TIMEOUT; received 0 response(s) [] and 0 exception(s); a962b5e1-d6a0-4995-a7cc-999db8e55139@group-548E36548014:t10, leader=null, voted=a962b5e1-d6a0-4995-a7cc-999db8e55139, raftlog=a962b5e1-d6a0-4995-a7cc-999db8e55139@group-548E36548014-SegmentedRaftLog:OPENED:c-1,f-1,i0, conf=-1: [a962b5e1-d6a0-4995-a7cc-999db8e55139:172.18.0.2:9858, e27b5d6c-aa19-49c4-8783-5e4c93cb5913:172.18.0.3:9858, 3b609da3-accb-4fe5-8383-9fc39212ef8b:172.18.0.7:9858], old=null
datanode_3  | 2019-10-17 18:21:48,127 INFO impl.RaftServerImpl: 3b609da3-accb-4fe5-8383-9fc39212ef8b@group-548E36548014: changes role from  FOLLOWER to FOLLOWER at term 8 for recognizeCandidate:a962b5e1-d6a0-4995-a7cc-999db8e55139
datanode_1  | 2019-10-17 18:21:49,113 INFO impl.RoleInfo: e27b5d6c-aa19-49c4-8783-5e4c93cb5913: shutdown FollowerState
datanode_2  | 2019-10-17 18:21:48,537 INFO impl.LeaderElection: a962b5e1-d6a0-4995-a7cc-999db8e55139@group-548E36548014-LeaderElection7: begin an election at term 11 for -1: [a962b5e1-d6a0-4995-a7cc-999db8e55139:172.18.0.2:9858, e27b5d6c-aa19-49c4-8783-5e4c93cb5913:172.18.0.3:9858, 3b609da3-accb-4fe5-8383-9fc39212ef8b:172.18.0.7:9858], old=null
datanode_3  | 2019-10-17 18:21:48,127 INFO impl.RoleInfo: 3b609da3-accb-4fe5-8383-9fc39212ef8b: shutdown FollowerState
datanode_1  | 2019-10-17 18:21:49,114 INFO impl.RoleInfo: e27b5d6c-aa19-49c4-8783-5e4c93cb5913: start FollowerState
datanode_2  | 2019-10-17 18:21:48,592 INFO impl.LeaderElection: a962b5e1-d6a0-4995-a7cc-999db8e55139@group-548E36548014-LeaderElection7: Election REJECTED; received 2 response(s) [a962b5e1-d6a0-4995-a7cc-999db8e55139<-e27b5d6c-aa19-49c4-8783-5e4c93cb5913#0:FAIL-t11, a962b5e1-d6a0-4995-a7cc-999db8e55139<-3b609da3-accb-4fe5-8383-9fc39212ef8b#0:FAIL-t11] and 0 exception(s); a962b5e1-d6a0-4995-a7cc-999db8e55139@group-548E36548014:t11, leader=null, voted=a962b5e1-d6a0-4995-a7cc-999db8e55139, raftlog=a962b5e1-d6a0-4995-a7cc-999db8e55139@group-548E36548014-SegmentedRaftLog:OPENED:c-1,f-1,i0, conf=-1: [a962b5e1-d6a0-4995-a7cc-999db8e55139:172.18.0.2:9858, e27b5d6c-aa19-49c4-8783-5e4c93cb5913:172.18.0.3:9858, 3b609da3-accb-4fe5-8383-9fc39212ef8b:172.18.0.7:9858], old=null
