datanode_3  | 2019-10-14 12:06:03,111 INFO server.RaftServerConfigKeys: raft.server.snapshot.auto.trigger.threshold = 10000 (custom)
kms_1       | INFO: Couldn't find grammar element for class javax.ws.rs.core.Response
datanode_1  | 2019-10-14 12:06:03,098 INFO server.RaftServerConfigKeys: raft.server.log.statemachine.data.sync.timeout = 10s (default)
datanode_2  | 2019-10-14 12:06:03,083 INFO server.RaftServerConfigKeys: raft.server.log.statemachine.data.sync.timeout = 10s (default)
nm_1        | 2019-10-14 12:06:54 WARN  LogAggregationFileController:284 - Remote Root Log Dir [/tmp/logs] does not exist. Attempting to create it.
kdc_1       | Authenticating as principal admin/admin with keytab /tmp/admin.keytab.
rm_1        | 2019-10-14 12:05:54 INFO  AbstractConnector:278 - Started ServerConnector@3531f3ca{HTTP/1.1,[http/1.1]}{rm:8088}
datanode_3  | 2019-10-14 12:06:03,111 INFO server.RaftServerConfigKeys: raft.server.snapshot.retention.file.num = 5 (custom)
kms_1       | Oct 14, 2019 12:06:51 PM com.sun.jersey.server.wadl.generators.WadlGeneratorJAXBGrammarGenerator buildModelAndSchemas
datanode_1  | 2019-10-14 12:06:03,098 INFO server.RaftServerConfigKeys: raft.server.log.statemachine.data.sync.timeout.retry = -1 (default)
datanode_2  | 2019-10-14 12:06:03,083 INFO server.RaftServerConfigKeys: raft.server.log.statemachine.data.sync.timeout.retry = -1 (default)
nm_1        | 2019-10-14 12:06:54 WARN  LogAggregationFileController:298 - No primary group found. The remote root log directory will be created with the HDFS superuser being its group owner. JobHistoryServer may be unable to read the directory.
rm_1        | 2019-10-14 12:05:54 INFO  Server:419 - Started @4390ms
datanode_3  | 2019-10-14 12:06:03,111 INFO server.RaftServerConfigKeys: raft.server.retrycache.expirytime = 600000ms (custom)
kms_1       | SEVERE: Failed to generate the schema for the JAX-B elements
datanode_1  | 2019-10-14 12:06:03,098 INFO server.RaftServerConfigKeys: raft.server.log.statemachine.data.caching.enabled = true (custom)
kdc_1       | Entry for principal dn/162a2391ce57@EXAMPLE.COM with kvno 2, encryption type aes256-cts-hmac-sha1-96 added to keytab WRFILE:/data/dn.162a2391ce57.keytab.
datanode_2  | 2019-10-14 12:06:03,084 INFO server.RaftServerConfigKeys: raft.server.log.statemachine.data.caching.enabled = true (custom)
nm_1        | 2019-10-14 12:06:54 INFO  ApplicationImpl:655 - Application application_1571054754617_0001 transitioned from INITING to RUNNING
rm_1        | 2019-10-14 12:05:54 INFO  WebApps:440 - Web app cluster started at 8088
datanode_3  | 2019-10-14 12:06:03,118 INFO impl.RaftServerImpl: b16c8beb-545f-4328-873a-48c5fccb4356@group-9F6C78A16C94: start as a follower, conf=-1: [b16c8beb-545f-4328-873a-48c5fccb4356:172.18.0.4:9858, 3e33c6eb-efbd-4e0b-990c-f83e3c6cd7b2:172.18.0.2:9858, 5d7f4c21-02c4-4466-8388-2feff7f26a5a:172.18.0.3:9858], old=null
kms_1       | com.sun.xml.bind.v2.runtime.IllegalAnnotationsException: 2 counts of IllegalAnnotationExceptions
datanode_1  | 2019-10-14 12:06:03,099 INFO segmented.SegmentedRaftLogWorker: 5d7f4c21-02c4-4466-8388-2feff7f26a5a@group-9F6C78A16C94-SegmentedRaftLogWorker: flushIndex: setUnconditionally 0 -> -1
kdc_1       | Entry for principal dn/162a2391ce57@EXAMPLE.COM with kvno 2, encryption type aes128-cts-hmac-sha1-96 added to keytab WRFILE:/data/dn.162a2391ce57.keytab.
datanode_2  | 2019-10-14 12:06:03,084 INFO segmented.SegmentedRaftLogWorker: 3e33c6eb-efbd-4e0b-990c-f83e3c6cd7b2@group-9F6C78A16C94-SegmentedRaftLogWorker: flushIndex: setUnconditionally 0 -> -1
rm_1        | 2019-10-14 12:05:54 INFO  CallQueueManager:84 - Using callQueue: class java.util.concurrent.LinkedBlockingQueue, queueCapacity: 100, scheduler: class org.apache.hadoop.ipc.DefaultRpcScheduler, ipcBackoff: false.
datanode_3  | 2019-10-14 12:06:03,119 INFO impl.RaftServerImpl: b16c8beb-545f-4328-873a-48c5fccb4356@group-9F6C78A16C94: changes role from      null to FOLLOWER at term 0 for startAsFollower
datanode_1  | 2019-10-14 12:06:03,099 INFO server.RaftServerConfigKeys: raft.server.snapshot.auto.trigger.enabled = true (custom)
kms_1       | java.util.Map is an interface, and JAXB can't handle interfaces.
nm_1        | 2019-10-14 12:06:54 INFO  ContainerImpl:2112 - Container container_1571054754617_0001_01_000001 transitioned from NEW to LOCALIZING
kdc_1       | Generiting keytab
datanode_2  | 2019-10-14 12:06:03,085 INFO server.RaftServerConfigKeys: raft.server.snapshot.auto.trigger.enabled = true (custom)
rm_1        | 2019-10-14 12:05:54 INFO  Server:1074 - Starting Socket Reader #1 for port 8033
datanode_3  | 2019-10-14 12:06:03,119 INFO impl.RoleInfo: b16c8beb-545f-4328-873a-48c5fccb4356: start FollowerState
kms_1       | 	this problem is related to the following location:
datanode_1  | 2019-10-14 12:06:03,099 INFO server.RaftServerConfigKeys: raft.server.snapshot.auto.trigger.threshold = 10000 (custom)
nm_1        | 2019-10-14 12:06:54 INFO  AuxServices:350 - Got event CONTAINER_INIT for appId application_1571054754617_0001
kdc_1       | Authenticating as principal admin/admin with keytab /tmp/admin.keytab.
datanode_2  | 2019-10-14 12:06:03,085 INFO server.RaftServerConfigKeys: raft.server.snapshot.auto.trigger.threshold = 10000 (custom)
rm_1        | 2019-10-14 12:05:54 INFO  RpcServerFactoryPBImpl:173 - Adding protocol org.apache.hadoop.yarn.server.api.ResourceManagerAdministrationProtocolPB to the server
datanode_3  | 2019-10-14 12:06:03,120 INFO util.JmxRegister: Successfully registered JMX Bean with object name Ratis:service=RaftServer,group=group-9F6C78A16C94,id=b16c8beb-545f-4328-873a-48c5fccb4356
kms_1       | 		at java.util.Map
datanode_1  | 2019-10-14 12:06:03,099 INFO server.RaftServerConfigKeys: raft.server.snapshot.retention.file.num = 5 (custom)
nm_1        | 2019-10-14 12:06:54 INFO  ResourceLocalizationService:798 - Created localizer for container_1571054754617_0001_01_000001
datanode_2  | 2019-10-14 12:06:03,085 INFO server.RaftServerConfigKeys: raft.server.snapshot.retention.file.num = 5 (custom)
rm_1        | 2019-10-14 12:05:54 INFO  Server:1314 - IPC Server Responder: starting
kms_1       | java.util.Map does not have a no-arg default constructor.
datanode_3  | 2019-10-14 12:06:06,877 INFO impl.FollowerState: b16c8beb-545f-4328-873a-48c5fccb4356@group-A357F2F067E9-FollowerState: change to CANDIDATE, lastRpcTime:5055ms, electionTimeout:5054ms
kdc_1       | WARNING: no policy specified for dn/jhs@EXAMPLE.COM; defaulting to no policy
datanode_1  | 2019-10-14 12:06:03,100 INFO server.RaftServerConfigKeys: raft.server.retrycache.expirytime = 600000ms (custom)
nm_1        | 2019-10-14 12:06:54 INFO  ResourceLocalizationService:1328 - Writing credentials to the nmPrivate file /tmp/hadoop-hadoop/nm-local-dir/nmPrivate/container_1571054754617_0001_01_000001.tokens
datanode_2  | 2019-10-14 12:06:03,085 INFO server.RaftServerConfigKeys: raft.server.retrycache.expirytime = 600000ms (custom)
rm_1        | 2019-10-14 12:05:54 INFO  Server:1153 - IPC Server listener on 8033: starting
kms_1       | 	this problem is related to the following location:
datanode_3  | 2019-10-14 12:06:06,880 INFO impl.RoleInfo: b16c8beb-545f-4328-873a-48c5fccb4356: shutdown FollowerState
kdc_1       | Principal "dn/jhs@EXAMPLE.COM" created.
datanode_1  | 2019-10-14 12:06:03,106 INFO impl.RaftServerImpl: 5d7f4c21-02c4-4466-8388-2feff7f26a5a@group-9F6C78A16C94: start as a follower, conf=-1: [b16c8beb-545f-4328-873a-48c5fccb4356:172.18.0.4:9858, 3e33c6eb-efbd-4e0b-990c-f83e3c6cd7b2:172.18.0.2:9858, 5d7f4c21-02c4-4466-8388-2feff7f26a5a:172.18.0.3:9858], old=null
nm_1        | 2019-10-14 12:06:54 INFO  DefaultContainerExecutor:836 - Initializing user hadoop
datanode_2  | 2019-10-14 12:06:03,091 INFO impl.RaftServerImpl: 3e33c6eb-efbd-4e0b-990c-f83e3c6cd7b2@group-9F6C78A16C94: start as a follower, conf=-1: [b16c8beb-545f-4328-873a-48c5fccb4356:172.18.0.4:9858, 3e33c6eb-efbd-4e0b-990c-f83e3c6cd7b2:172.18.0.2:9858, 5d7f4c21-02c4-4466-8388-2feff7f26a5a:172.18.0.3:9858], old=null
rm_1        | 2019-10-14 12:05:54 INFO  ResourceManager:1292 - Transitioning to active state
kms_1       | 		at java.util.Map
datanode_3  | 2019-10-14 12:06:06,881 INFO impl.RaftServerImpl: b16c8beb-545f-4328-873a-48c5fccb4356@group-A357F2F067E9: changes role from  FOLLOWER to CANDIDATE at term 0 for changeToCandidate
kdc_1       | Authenticating as principal admin/admin with keytab /tmp/admin.keytab.
datanode_1  | 2019-10-14 12:06:03,106 INFO impl.RaftServerImpl: 5d7f4c21-02c4-4466-8388-2feff7f26a5a@group-9F6C78A16C94: changes role from      null to FOLLOWER at term 0 for startAsFollower
nm_1        | 2019-10-14 12:06:54 INFO  DefaultContainerExecutor:166 - Copying from /tmp/hadoop-hadoop/nm-local-dir/nmPrivate/container_1571054754617_0001_01_000001.tokens to /tmp/hadoop-hadoop/nm-local-dir/usercache/hadoop/appcache/application_1571054754617_0001/container_1571054754617_0001_01_000001.tokens
datanode_2  | 2019-10-14 12:06:03,092 INFO impl.RaftServerImpl: 3e33c6eb-efbd-4e0b-990c-f83e3c6cd7b2@group-9F6C78A16C94: changes role from      null to FOLLOWER at term 0 for startAsFollower
rm_1        | 2019-10-14 12:05:54 INFO  RMStateStore:550 - Updating AMRMToken
kms_1       | 
datanode_3  | 2019-10-14 12:06:06,885 INFO impl.RoleInfo: b16c8beb-545f-4328-873a-48c5fccb4356: start LeaderElection
kdc_1       | Entry for principal dn/jhs@EXAMPLE.COM with kvno 2, encryption type aes256-cts-hmac-sha1-96 added to keytab WRFILE:/data/dn.jhs.keytab.
datanode_1  | 2019-10-14 12:06:03,106 INFO impl.RoleInfo: 5d7f4c21-02c4-4466-8388-2feff7f26a5a: start FollowerState
datanode_2  | 2019-10-14 12:06:03,092 INFO impl.RoleInfo: 3e33c6eb-efbd-4e0b-990c-f83e3c6cd7b2: start FollowerState
rm_1        | 2019-10-14 12:05:54 INFO  RMContainerTokenSecretManager:109 - Rolling master-key for container-tokens
kms_1       | 	at com.sun.xml.bind.v2.runtime.IllegalAnnotationsException$Builder.check(IllegalAnnotationsException.java:106)
nm_1        | 2019-10-14 12:06:54 INFO  DefaultContainerExecutor:174 - Localizer CWD set to /tmp/hadoop-hadoop/nm-local-dir/usercache/hadoop/appcache/application_1571054754617_0001 = file:/tmp/hadoop-hadoop/nm-local-dir/usercache/hadoop/appcache/application_1571054754617_0001
datanode_3  | 2019-10-14 12:06:06,904 INFO impl.LeaderElection: b16c8beb-545f-4328-873a-48c5fccb4356@group-A357F2F067E9-LeaderElection1: begin an election at term 1 for -1: [b16c8beb-545f-4328-873a-48c5fccb4356:172.18.0.4:9858], old=null
kdc_1       | Entry for principal dn/jhs@EXAMPLE.COM with kvno 2, encryption type aes128-cts-hmac-sha1-96 added to keytab WRFILE:/data/dn.jhs.keytab.
datanode_1  | 2019-10-14 12:06:03,107 INFO util.JmxRegister: Successfully registered JMX Bean with object name Ratis:service=RaftServer,group=group-9F6C78A16C94,id=5d7f4c21-02c4-4466-8388-2feff7f26a5a
datanode_2  | 2019-10-14 12:06:03,093 INFO util.JmxRegister: Successfully registered JMX Bean with object name Ratis:service=RaftServer,group=group-9F6C78A16C94,id=3e33c6eb-efbd-4e0b-990c-f83e3c6cd7b2
rm_1        | 2019-10-14 12:05:54 INFO  NMTokenSecretManagerInRM:95 - Rolling master-key for nm-tokens
kms_1       | 	at com.sun.xml.bind.v2.runtime.JAXBContextImpl.getTypeInfoSet(JAXBContextImpl.java:489)
nm_1        | 2019-10-14 12:06:55 INFO  Server:1849 - Auth successful for testing (auth:SIMPLE)
datanode_3  | 2019-10-14 12:06:06,905 INFO impl.RoleInfo: b16c8beb-545f-4328-873a-48c5fccb4356: shutdown LeaderElection
kdc_1       | Generiting keytab
datanode_1  | 2019-10-14 12:06:07,992 INFO impl.FollowerState: 5d7f4c21-02c4-4466-8388-2feff7f26a5a@group-8F6A9E5A4543-FollowerState: change to CANDIDATE, lastRpcTime:5051ms, electionTimeout:5050ms
datanode_2  | 2019-10-14 12:06:07,582 INFO impl.FollowerState: 3e33c6eb-efbd-4e0b-990c-f83e3c6cd7b2@group-1D8ACA831253-FollowerState: change to CANDIDATE, lastRpcTime:5158ms, electionTimeout:5157ms
rm_1        | 2019-10-14 12:05:54 INFO  AbstractDelegationTokenSecretManager:343 - Updating the current master key for generating delegation tokens
kms_1       | 	at com.sun.xml.bind.v2.runtime.JAXBContextImpl.<init>(JAXBContextImpl.java:319)
nm_1        | 2019-10-14 12:06:55 WARN  MetricsSystemImpl:151 - NodeManager metrics system already initialized!
datanode_3  | 2019-10-14 12:06:06,906 INFO impl.RaftServerImpl: b16c8beb-545f-4328-873a-48c5fccb4356@group-A357F2F067E9: changes role from CANDIDATE to LEADER at term 1 for changeToLeader
kdc_1       | Authenticating as principal admin/admin with keytab /tmp/admin.keytab.
datanode_1  | 2019-10-14 12:06:07,994 INFO impl.RoleInfo: 5d7f4c21-02c4-4466-8388-2feff7f26a5a: shutdown FollowerState
datanode_2  | 2019-10-14 12:06:07,585 INFO impl.RoleInfo: 3e33c6eb-efbd-4e0b-990c-f83e3c6cd7b2: shutdown FollowerState
rm_1        | 2019-10-14 12:05:54 INFO  RMDelegationTokenSecretManager:92 - storing master key with keyID 1
kms_1       | 	at com.sun.xml.bind.v2.runtime.JAXBContextImpl$JAXBContextBuilder.build(JAXBContextImpl.java:1170)
nm_1        | 2019-10-14 12:06:56 INFO  ContainerImpl:2112 - Container container_1571054754617_0001_01_000001 transitioned from LOCALIZING to SCHEDULED
datanode_3  | 2019-10-14 12:06:06,906 INFO impl.RaftServerImpl: b16c8beb-545f-4328-873a-48c5fccb4356@group-A357F2F067E9: change Leader from null to b16c8beb-545f-4328-873a-48c5fccb4356 at term 1 for becomeLeader, leader elected after 5217ms
kdc_1       | WARNING: no policy specified for om/524d7d37f2ca@EXAMPLE.COM; defaulting to no policy
datanode_1  | 2019-10-14 12:06:07,995 INFO impl.RaftServerImpl: 5d7f4c21-02c4-4466-8388-2feff7f26a5a@group-8F6A9E5A4543: changes role from  FOLLOWER to CANDIDATE at term 0 for changeToCandidate
datanode_2  | 2019-10-14 12:06:07,586 INFO impl.RaftServerImpl: 3e33c6eb-efbd-4e0b-990c-f83e3c6cd7b2@group-1D8ACA831253: changes role from  FOLLOWER to CANDIDATE at term 0 for changeToCandidate
rm_1        | 2019-10-14 12:05:54 INFO  RMStateStore:501 - Storing RMDTMasterKey.
kms_1       | 	at com.sun.xml.bind.v2.ContextFactory.createContext(ContextFactory.java:145)
nm_1        | 2019-10-14 12:06:56 INFO  ContainerScheduler:541 - Starting container [container_1571054754617_0001_01_000001]
datanode_3  | 2019-10-14 12:06:06,911 INFO server.RaftServerConfigKeys: raft.server.staging.catchup.gap = 1000 (default)
kdc_1       | Principal "om/524d7d37f2ca@EXAMPLE.COM" created.
datanode_2  | 2019-10-14 12:06:07,591 INFO impl.RoleInfo: 3e33c6eb-efbd-4e0b-990c-f83e3c6cd7b2: start LeaderElection
datanode_1  | 2019-10-14 12:06:08,000 INFO impl.RoleInfo: 5d7f4c21-02c4-4466-8388-2feff7f26a5a: start LeaderElection
rm_1        | 2019-10-14 12:05:54 INFO  AbstractDelegationTokenSecretManager:675 - Starting expired delegation token remover thread, tokenRemoverScanInterval=60 min(s)
kms_1       | 	at sun.reflect.NativeMethodAccessorImpl.invoke0(Native Method)
nm_1        | 2019-10-14 12:06:56 INFO  ContainerImpl:2112 - Container container_1571054754617_0001_01_000001 transitioned from SCHEDULED to RUNNING
datanode_3  | 2019-10-14 12:06:06,911 INFO server.RaftServerConfigKeys: raft.server.rpc.sleep.time = 25ms (default)
kdc_1       | Authenticating as principal admin/admin with keytab /tmp/admin.keytab.
datanode_2  | 2019-10-14 12:06:07,607 INFO impl.LeaderElection: 3e33c6eb-efbd-4e0b-990c-f83e3c6cd7b2@group-1D8ACA831253-LeaderElection1: begin an election at term 1 for -1: [3e33c6eb-efbd-4e0b-990c-f83e3c6cd7b2:172.18.0.2:9858], old=null
datanode_1  | 2019-10-14 12:06:08,016 INFO impl.LeaderElection: 5d7f4c21-02c4-4466-8388-2feff7f26a5a@group-8F6A9E5A4543-LeaderElection1: begin an election at term 1 for -1: [5d7f4c21-02c4-4466-8388-2feff7f26a5a:172.18.0.3:9858], old=null
rm_1        | 2019-10-14 12:05:54 INFO  AbstractDelegationTokenSecretManager:343 - Updating the current master key for generating delegation tokens
kms_1       | 	at sun.reflect.NativeMethodAccessorImpl.invoke(NativeMethodAccessorImpl.java:62)
nm_1        | 2019-10-14 12:06:56 INFO  ContainersMonitorImpl:1013 - Starting resource-monitoring for container_1571054754617_0001_01_000001
datanode_3  | 2019-10-14 12:06:06,915 INFO server.RaftServerConfigKeys: raft.server.write.element-limit = 4096 (default)
kdc_1       | Entry for principal om/524d7d37f2ca@EXAMPLE.COM with kvno 2, encryption type aes256-cts-hmac-sha1-96 added to keytab WRFILE:/data/om.524d7d37f2ca.keytab.
datanode_1  | 2019-10-14 12:06:08,019 INFO impl.RoleInfo: 5d7f4c21-02c4-4466-8388-2feff7f26a5a: shutdown LeaderElection
rm_1        | 2019-10-14 12:05:54 INFO  RMDelegationTokenSecretManager:92 - storing master key with keyID 2
kms_1       | 	at sun.reflect.DelegatingMethodAccessorImpl.invoke(DelegatingMethodAccessorImpl.java:43)
datanode_2  | 2019-10-14 12:06:07,609 INFO impl.RoleInfo: 3e33c6eb-efbd-4e0b-990c-f83e3c6cd7b2: shutdown LeaderElection
nm_1        | 2019-10-14 12:06:56 INFO  DefaultContainerExecutor:370 - launchContainer: [bash, /tmp/hadoop-hadoop/nm-local-dir/usercache/hadoop/appcache/application_1571054754617_0001/container_1571054754617_0001_01_000001/default_container_executor.sh]
datanode_3  | 2019-10-14 12:06:06,920 INFO server.RaftServerConfigKeys: raft.server.watch.timeout = 10s (default)
kdc_1       | Entry for principal om/524d7d37f2ca@EXAMPLE.COM with kvno 2, encryption type aes128-cts-hmac-sha1-96 added to keytab WRFILE:/data/om.524d7d37f2ca.keytab.
rm_1        | 2019-10-14 12:05:54 INFO  RMStateStore:501 - Storing RMDTMasterKey.
kms_1       | 	at java.lang.reflect.Method.invoke(Method.java:498)
datanode_1  | 2019-10-14 12:06:08,020 INFO impl.RaftServerImpl: 5d7f4c21-02c4-4466-8388-2feff7f26a5a@group-8F6A9E5A4543: changes role from CANDIDATE to LEADER at term 1 for changeToLeader
datanode_2  | 2019-10-14 12:06:07,610 INFO impl.RaftServerImpl: 3e33c6eb-efbd-4e0b-990c-f83e3c6cd7b2@group-1D8ACA831253: changes role from CANDIDATE to LEADER at term 1 for changeToLeader
nm_1        | 2019-10-14 12:06:58 INFO  ContainersMonitorImpl:615 - container_1571054754617_0001_01_000001's ip = 172.18.0.6, and hostname = nm
datanode_3  | 2019-10-14 12:06:06,920 INFO server.RaftServerConfigKeys: raft.server.watch.timeout.denomination = 1s (default)
kdc_1       | Generiting keytab
rm_1        | 2019-10-14 12:05:54 INFO  AsyncDispatcher:223 - Registering class org.apache.hadoop.yarn.nodelabels.event.NodeLabelsStoreEventType for class org.apache.hadoop.yarn.nodelabels.CommonNodeLabelsManager$ForwardingEventHandler
kms_1       | 	at javax.xml.bind.ContextFinder.newInstance(ContextFinder.java:247)
datanode_1  | 2019-10-14 12:06:08,020 INFO impl.RaftServerImpl: 5d7f4c21-02c4-4466-8388-2feff7f26a5a@group-8F6A9E5A4543: change Leader from null to 5d7f4c21-02c4-4466-8388-2feff7f26a5a at term 1 for becomeLeader, leader elected after 5196ms
datanode_2  | 2019-10-14 12:06:07,610 INFO impl.RaftServerImpl: 3e33c6eb-efbd-4e0b-990c-f83e3c6cd7b2@group-1D8ACA831253: change Leader from null to 3e33c6eb-efbd-4e0b-990c-f83e3c6cd7b2 at term 1 for becomeLeader, leader elected after 5304ms
nm_1        | 2019-10-14 12:07:01 INFO  ContainersMonitorImpl:516 - Skipping monitoring container container_1571054754617_0001_01_000001 since CPU usage is not yet available.
datanode_3  | 2019-10-14 12:06:06,921 INFO server.RaftServerConfigKeys: raft.server.watch.element-limit = 65536 (default)
kdc_1       | Authenticating as principal admin/admin with keytab /tmp/admin.keytab.
rm_1        | 2019-10-14 12:05:54 INFO  AbstractFSNodeStore:67 - Created store directory :file:/tmp/hadoop-yarn-rm/node-attribute
kms_1       | 	at javax.xml.bind.ContextFinder.newInstance(ContextFinder.java:234)
datanode_1  | 2019-10-14 12:06:08,026 INFO server.RaftServerConfigKeys: raft.server.staging.catchup.gap = 1000 (default)
datanode_2  | 2019-10-14 12:06:07,616 INFO server.RaftServerConfigKeys: raft.server.staging.catchup.gap = 1000 (default)
nm_1        | 2019-10-14 12:07:07 INFO  Server:1849 - Auth successful for appattempt_1571054754617_0001_000001 (auth:SIMPLE)
datanode_3  | 2019-10-14 12:06:06,937 INFO impl.RoleInfo: b16c8beb-545f-4328-873a-48c5fccb4356: start LeaderState
kdc_1       | WARNING: no policy specified for om/s3g@EXAMPLE.COM; defaulting to no policy
rm_1        | 2019-10-14 12:05:54 INFO  AbstractFSNodeStore:181 - Finished write mirror at:file:/tmp/hadoop-yarn-rm/node-attribute/nodeattribute.mirror
kms_1       | 	at javax.xml.bind.ContextFinder.find(ContextFinder.java:441)
datanode_1  | 2019-10-14 12:06:08,026 INFO server.RaftServerConfigKeys: raft.server.rpc.sleep.time = 25ms (default)
datanode_2  | 2019-10-14 12:06:07,616 INFO server.RaftServerConfigKeys: raft.server.rpc.sleep.time = 25ms (default)
datanode_3  | 2019-10-14 12:06:06,961 INFO segmented.SegmentedRaftLogWorker: b16c8beb-545f-4328-873a-48c5fccb4356@group-A357F2F067E9-SegmentedRaftLogWorker: Starting segment from index:0
nm_1        | 2019-10-14 12:07:07 INFO  ContainerManagerImpl:1070 - Start request for container_1571054754617_0001_01_000002 by user hadoop
rm_1        | 2019-10-14 12:05:54 INFO  AbstractFSNodeStore:182 - Finished create editlog file at:file:/tmp/hadoop-yarn-rm/node-attribute/nodeattribute.editlog
kms_1       | 	at javax.xml.bind.JAXBContext.newInstance(JAXBContext.java:641)
datanode_1  | 2019-10-14 12:06:08,031 INFO server.RaftServerConfigKeys: raft.server.write.element-limit = 4096 (default)
datanode_2  | 2019-10-14 12:06:07,621 INFO server.RaftServerConfigKeys: raft.server.write.element-limit = 4096 (default)
datanode_3  | 2019-10-14 12:06:06,972 INFO impl.RaftServerImpl: b16c8beb-545f-4328-873a-48c5fccb4356@group-A357F2F067E9: set configuration 0: [b16c8beb-545f-4328-873a-48c5fccb4356:172.18.0.4:9858], old=null at 0
nm_1        | 2019-10-14 12:07:07 INFO  ApplicationImpl:463 - Adding container_1571054754617_0001_01_000002 to application application_1571054754617_0001
rm_1        | 2019-10-14 12:05:54 INFO  AsyncDispatcher:223 - Registering class org.apache.hadoop.yarn.server.resourcemanager.nodelabels.NodeAttributesStoreEventType for class org.apache.hadoop.yarn.server.resourcemanager.nodelabels.NodeAttributesManagerImpl$ForwardingEventHandler
datanode_1  | 2019-10-14 12:06:08,036 INFO server.RaftServerConfigKeys: raft.server.watch.timeout = 10s (default)
kms_1       | 	at javax.xml.bind.JAXBContext.newInstance(JAXBContext.java:584)
kdc_1       | Principal "om/s3g@EXAMPLE.COM" created.
datanode_2  | 2019-10-14 12:06:07,627 INFO server.RaftServerConfigKeys: raft.server.watch.timeout = 10s (default)
datanode_3  | 2019-10-14 12:06:07,084 INFO segmented.SegmentedRaftLogWorker: b16c8beb-545f-4328-873a-48c5fccb4356@group-A357F2F067E9-SegmentedRaftLogWorker: created new log segment /data/metadata/ratis/cd15170e-88c6-42b8-a701-a357f2f067e9/current/log_inprogress_0
nm_1        | 2019-10-14 12:07:07 INFO  NMAuditLogger:94 - USER=hadoop	IP=172.18.0.6	OPERATION=Start Container Request	TARGET=ContainerManageImpl	RESULT=SUCCESS	APPID=application_1571054754617_0001	CONTAINERID=container_1571054754617_0001_01_000002
rm_1        | 2019-10-14 12:05:54 INFO  MultiNodeSortingManager:66 - Starting NodeSortingService=MultiNodeSortingManager
datanode_1  | 2019-10-14 12:06:08,036 INFO server.RaftServerConfigKeys: raft.server.watch.timeout.denomination = 1s (default)
kms_1       | 	at com.sun.jersey.server.wadl.generators.WadlGeneratorJAXBGrammarGenerator.buildModelAndSchemas(WadlGeneratorJAXBGrammarGenerator.java:169)
kdc_1       | Authenticating as principal admin/admin with keytab /tmp/admin.keytab.
datanode_2  | 2019-10-14 12:06:07,627 INFO server.RaftServerConfigKeys: raft.server.watch.timeout.denomination = 1s (default)
nm_1        | 2019-10-14 12:07:07 INFO  ContainerImpl:2112 - Container container_1571054754617_0001_01_000002 transitioned from NEW to LOCALIZING
datanode_3  | 2019-10-14 12:06:08,310 INFO impl.FollowerState: b16c8beb-545f-4328-873a-48c5fccb4356@group-9F6C78A16C94-FollowerState: change to CANDIDATE, lastRpcTime:5191ms, electionTimeout:5191ms
rm_1        | 2019-10-14 12:05:54 INFO  CallQueueManager:84 - Using callQueue: class java.util.concurrent.LinkedBlockingQueue, queueCapacity: 5000, scheduler: class org.apache.hadoop.ipc.DefaultRpcScheduler, ipcBackoff: false.
datanode_1  | 2019-10-14 12:06:08,037 INFO server.RaftServerConfigKeys: raft.server.watch.element-limit = 65536 (default)
kms_1       | 	at com.sun.jersey.server.wadl.generators.AbstractWadlGeneratorGrammarGenerator.createExternalGrammar(AbstractWadlGeneratorGrammarGenerator.java:405)
kdc_1       | Entry for principal om/s3g@EXAMPLE.COM with kvno 2, encryption type aes256-cts-hmac-sha1-96 added to keytab WRFILE:/data/om.s3g.keytab.
datanode_2  | 2019-10-14 12:06:07,628 INFO server.RaftServerConfigKeys: raft.server.watch.element-limit = 65536 (default)
nm_1        | 2019-10-14 12:07:07 INFO  AuxServices:350 - Got event CONTAINER_INIT for appId application_1571054754617_0001
datanode_3  | 2019-10-14 12:06:08,311 INFO impl.RoleInfo: b16c8beb-545f-4328-873a-48c5fccb4356: shutdown FollowerState
rm_1        | 2019-10-14 12:05:54 INFO  Server:1074 - Starting Socket Reader #1 for port 8031
datanode_1  | 2019-10-14 12:06:08,053 INFO impl.RoleInfo: 5d7f4c21-02c4-4466-8388-2feff7f26a5a: start LeaderState
kms_1       | 	at com.sun.jersey.server.wadl.WadlBuilder.generate(WadlBuilder.java:149)
kdc_1       | Entry for principal om/s3g@EXAMPLE.COM with kvno 2, encryption type aes128-cts-hmac-sha1-96 added to keytab WRFILE:/data/om.s3g.keytab.
datanode_2  | 2019-10-14 12:06:07,646 INFO impl.RoleInfo: 3e33c6eb-efbd-4e0b-990c-f83e3c6cd7b2: start LeaderState
nm_1        | 2019-10-14 12:07:07 INFO  AuxServices:350 - Got event APPLICATION_INIT for appId application_1571054754617_0001
datanode_3  | 2019-10-14 12:06:08,312 INFO impl.RaftServerImpl: b16c8beb-545f-4328-873a-48c5fccb4356@group-9F6C78A16C94: changes role from  FOLLOWER to CANDIDATE at term 0 for changeToCandidate
rm_1        | 2019-10-14 12:05:54 INFO  RpcServerFactoryPBImpl:173 - Adding protocol org.apache.hadoop.yarn.server.api.ResourceTrackerPB to the server
kms_1       | 	at com.sun.jersey.server.impl.wadl.WadlApplicationContextImpl.getApplication(WadlApplicationContextImpl.java:119)
datanode_1  | 2019-10-14 12:06:08,079 INFO segmented.SegmentedRaftLogWorker: 5d7f4c21-02c4-4466-8388-2feff7f26a5a@group-8F6A9E5A4543-SegmentedRaftLogWorker: Starting segment from index:0
kdc_1       | Generiting keytab
datanode_2  | 2019-10-14 12:06:07,674 INFO segmented.SegmentedRaftLogWorker: 3e33c6eb-efbd-4e0b-990c-f83e3c6cd7b2@group-1D8ACA831253-SegmentedRaftLogWorker: Starting segment from index:0
nm_1        | 2019-10-14 12:07:07 INFO  AuxServices:354 - Got APPLICATION_INIT for service mapreduce_shuffle
datanode_3  | 2019-10-14 12:06:08,312 INFO impl.RoleInfo: b16c8beb-545f-4328-873a-48c5fccb4356: start LeaderElection
rm_1        | 2019-10-14 12:05:54 INFO  Server:1314 - IPC Server Responder: starting
kms_1       | 	at com.sun.jersey.server.impl.wadl.WadlApplicationContextImpl.getApplication(WadlApplicationContextImpl.java:138)
datanode_1  | 2019-10-14 12:06:08,091 INFO impl.RaftServerImpl: 5d7f4c21-02c4-4466-8388-2feff7f26a5a@group-8F6A9E5A4543: set configuration 0: [5d7f4c21-02c4-4466-8388-2feff7f26a5a:172.18.0.3:9858], old=null at 0
kdc_1       | Authenticating as principal admin/admin with keytab /tmp/admin.keytab.
datanode_2  | 2019-10-14 12:06:07,687 INFO impl.RaftServerImpl: 3e33c6eb-efbd-4e0b-990c-f83e3c6cd7b2@group-1D8ACA831253: set configuration 0: [3e33c6eb-efbd-4e0b-990c-f83e3c6cd7b2:172.18.0.2:9858], old=null at 0
nm_1        | 2019-10-14 12:07:07 INFO  ShuffleHandler:719 - Added token for job_1571054754617_0001
datanode_3  | 2019-10-14 12:06:08,318 INFO impl.LeaderElection: b16c8beb-545f-4328-873a-48c5fccb4356@group-9F6C78A16C94-LeaderElection2: begin an election at term 1 for -1: [b16c8beb-545f-4328-873a-48c5fccb4356:172.18.0.4:9858, 3e33c6eb-efbd-4e0b-990c-f83e3c6cd7b2:172.18.0.2:9858, 5d7f4c21-02c4-4466-8388-2feff7f26a5a:172.18.0.3:9858], old=null
rm_1        | 2019-10-14 12:05:54 INFO  Server:1153 - IPC Server listener on 8031: starting
kms_1       | 	at com.sun.jersey.server.impl.wadl.WadlMethodFactory$WadlOptionsMethodDispatcher.dispatch(WadlMethodFactory.java:110)
datanode_1  | 2019-10-14 12:06:08,223 INFO segmented.SegmentedRaftLogWorker: 5d7f4c21-02c4-4466-8388-2feff7f26a5a@group-8F6A9E5A4543-SegmentedRaftLogWorker: created new log segment /data/metadata/ratis/55635192-1cf6-4582-afb0-8f6a9e5a4543/current/log_inprogress_0
kdc_1       | WARNING: no policy specified for om/scm@EXAMPLE.COM; defaulting to no policy
datanode_2  | 2019-10-14 12:06:07,826 INFO segmented.SegmentedRaftLogWorker: 3e33c6eb-efbd-4e0b-990c-f83e3c6cd7b2@group-1D8ACA831253-SegmentedRaftLogWorker: created new log segment /data/metadata/ratis/f56ede56-52e1-4f93-b8aa-1d8aca831253/current/log_inprogress_0
nm_1        | 2019-10-14 12:07:07 INFO  ContainerImpl:2112 - Container container_1571054754617_0001_01_000002 transitioned from LOCALIZING to SCHEDULED
datanode_3  | 2019-10-14 12:06:08,499 INFO impl.LeaderElection: b16c8beb-545f-4328-873a-48c5fccb4356@group-9F6C78A16C94-LeaderElection2: Election REJECTED; received 2 response(s) [b16c8beb-545f-4328-873a-48c5fccb4356<-3e33c6eb-efbd-4e0b-990c-f83e3c6cd7b2#0:FAIL-t1, b16c8beb-545f-4328-873a-48c5fccb4356<-5d7f4c21-02c4-4466-8388-2feff7f26a5a#0:FAIL-t1] and 0 exception(s); b16c8beb-545f-4328-873a-48c5fccb4356@group-9F6C78A16C94:t1, leader=null, voted=b16c8beb-545f-4328-873a-48c5fccb4356, raftlog=b16c8beb-545f-4328-873a-48c5fccb4356@group-9F6C78A16C94-SegmentedRaftLog:OPENED:c-1,f-1,i0, conf=-1: [b16c8beb-545f-4328-873a-48c5fccb4356:172.18.0.4:9858, 3e33c6eb-efbd-4e0b-990c-f83e3c6cd7b2:172.18.0.2:9858, 5d7f4c21-02c4-4466-8388-2feff7f26a5a:172.18.0.3:9858], old=null
rm_1        | 2019-10-14 12:05:54 INFO  JvmPauseMonitor:188 - Starting JVM pause monitor
kms_1       | 	at com.sun.jersey.server.impl.uri.rules.HttpMethodRule.accept(HttpMethodRule.java:302)
datanode_1  | 2019-10-14 12:06:08,302 INFO impl.FollowerState: 5d7f4c21-02c4-4466-8388-2feff7f26a5a@group-9F6C78A16C94-FollowerState: change to CANDIDATE, lastRpcTime:5195ms, electionTimeout:5195ms
kdc_1       | Principal "om/scm@EXAMPLE.COM" created.
datanode_2  | 2019-10-14 12:06:08,219 INFO impl.FollowerState: 3e33c6eb-efbd-4e0b-990c-f83e3c6cd7b2@group-9F6C78A16C94-FollowerState: change to CANDIDATE, lastRpcTime:5126ms, electionTimeout:5126ms
nm_1        | 2019-10-14 12:07:07 INFO  ContainerScheduler:541 - Starting container [container_1571054754617_0001_01_000002]
rm_1        | 2019-10-14 12:05:54 INFO  CallQueueManager:84 - Using callQueue: class java.util.concurrent.LinkedBlockingQueue, queueCapacity: 5000, scheduler: class org.apache.hadoop.ipc.DefaultRpcScheduler, ipcBackoff: false.
datanode_3  | 2019-10-14 12:06:08,500 INFO impl.RaftServerImpl: b16c8beb-545f-4328-873a-48c5fccb4356@group-9F6C78A16C94: changes role from CANDIDATE to FOLLOWER at term 1 for DISCOVERED_A_NEW_TERM
kms_1       | 	at com.sun.jersey.server.impl.uri.rules.ResourceClassRule.accept(ResourceClassRule.java:108)
datanode_1  | 2019-10-14 12:06:08,302 INFO impl.RoleInfo: 5d7f4c21-02c4-4466-8388-2feff7f26a5a: shutdown FollowerState
kdc_1       | Authenticating as principal admin/admin with keytab /tmp/admin.keytab.
datanode_2  | 2019-10-14 12:06:08,220 INFO impl.RoleInfo: 3e33c6eb-efbd-4e0b-990c-f83e3c6cd7b2: shutdown FollowerState
rm_1        | 2019-10-14 12:05:54 INFO  Server:1074 - Starting Socket Reader #1 for port 8030
nm_1        | 2019-10-14 12:07:07 INFO  ContainerImpl:2112 - Container container_1571054754617_0001_01_000002 transitioned from SCHEDULED to RUNNING
datanode_3  | 2019-10-14 12:06:08,500 INFO impl.RoleInfo: b16c8beb-545f-4328-873a-48c5fccb4356: shutdown LeaderElection
kms_1       | 	at com.sun.jersey.server.impl.uri.rules.RightHandPathRule.accept(RightHandPathRule.java:147)
datanode_1  | 2019-10-14 12:06:08,303 INFO impl.RaftServerImpl: 5d7f4c21-02c4-4466-8388-2feff7f26a5a@group-9F6C78A16C94: changes role from  FOLLOWER to CANDIDATE at term 0 for changeToCandidate
kdc_1       | Entry for principal om/scm@EXAMPLE.COM with kvno 2, encryption type aes256-cts-hmac-sha1-96 added to keytab WRFILE:/data/om.scm.keytab.
datanode_2  | 2019-10-14 12:06:08,220 INFO impl.RaftServerImpl: 3e33c6eb-efbd-4e0b-990c-f83e3c6cd7b2@group-9F6C78A16C94: changes role from  FOLLOWER to CANDIDATE at term 0 for changeToCandidate
nm_1        | 2019-10-14 12:07:07 INFO  ContainersMonitorImpl:1013 - Starting resource-monitoring for container_1571054754617_0001_01_000002
datanode_3  | 2019-10-14 12:06:08,500 INFO impl.RoleInfo: b16c8beb-545f-4328-873a-48c5fccb4356: start FollowerState
kms_1       | 	at com.sun.jersey.server.impl.uri.rules.RootResourceClassesRule.accept(RootResourceClassesRule.java:84)
datanode_1  | 2019-10-14 12:06:08,303 INFO impl.RoleInfo: 5d7f4c21-02c4-4466-8388-2feff7f26a5a: start LeaderElection
kdc_1       | Entry for principal om/scm@EXAMPLE.COM with kvno 2, encryption type aes128-cts-hmac-sha1-96 added to keytab WRFILE:/data/om.scm.keytab.
datanode_2  | 2019-10-14 12:06:08,220 INFO impl.RoleInfo: 3e33c6eb-efbd-4e0b-990c-f83e3c6cd7b2: start LeaderElection
nm_1        | 2019-10-14 12:07:07 INFO  DefaultContainerExecutor:370 - launchContainer: [bash, /tmp/hadoop-hadoop/nm-local-dir/usercache/hadoop/appcache/application_1571054754617_0001/container_1571054754617_0001_01_000002/default_container_executor.sh]
datanode_3  | 2019-10-14 12:06:13,549 INFO impl.RaftServerImpl: b16c8beb-545f-4328-873a-48c5fccb4356@group-9F6C78A16C94: changes role from  FOLLOWER to FOLLOWER at term 2 for recognizeCandidate:5d7f4c21-02c4-4466-8388-2feff7f26a5a
kms_1       | 	at com.sun.jersey.server.impl.application.WebApplicationImpl._handleRequest(WebApplicationImpl.java:1542)
datanode_2  | 2019-10-14 12:06:08,236 INFO impl.LeaderElection: 3e33c6eb-efbd-4e0b-990c-f83e3c6cd7b2@group-9F6C78A16C94-LeaderElection2: begin an election at term 1 for -1: [b16c8beb-545f-4328-873a-48c5fccb4356:172.18.0.4:9858, 3e33c6eb-efbd-4e0b-990c-f83e3c6cd7b2:172.18.0.2:9858, 5d7f4c21-02c4-4466-8388-2feff7f26a5a:172.18.0.3:9858], old=null
kdc_1       | Generiting keytab
nm_1        | 2019-10-14 12:07:07 INFO  ContainersMonitorImpl:615 - container_1571054754617_0001_01_000002's ip = 172.18.0.6, and hostname = nm
datanode_1  | 2019-10-14 12:06:08,318 INFO impl.LeaderElection: 5d7f4c21-02c4-4466-8388-2feff7f26a5a@group-9F6C78A16C94-LeaderElection2: begin an election at term 1 for -1: [b16c8beb-545f-4328-873a-48c5fccb4356:172.18.0.4:9858, 3e33c6eb-efbd-4e0b-990c-f83e3c6cd7b2:172.18.0.2:9858, 5d7f4c21-02c4-4466-8388-2feff7f26a5a:172.18.0.3:9858], old=null
datanode_3  | 2019-10-14 12:06:13,550 INFO impl.RoleInfo: b16c8beb-545f-4328-873a-48c5fccb4356: shutdown FollowerState
rm_1        | 2019-10-14 12:05:54 INFO  RpcServerFactoryPBImpl:173 - Adding protocol org.apache.hadoop.yarn.api.ApplicationMasterProtocolPB to the server
datanode_2  | 2019-10-14 12:06:08,459 INFO impl.LeaderElection: 3e33c6eb-efbd-4e0b-990c-f83e3c6cd7b2@group-9F6C78A16C94-LeaderElection2: Election REJECTED; received 2 response(s) [3e33c6eb-efbd-4e0b-990c-f83e3c6cd7b2<-b16c8beb-545f-4328-873a-48c5fccb4356#0:FAIL-t1, 3e33c6eb-efbd-4e0b-990c-f83e3c6cd7b2<-5d7f4c21-02c4-4466-8388-2feff7f26a5a#0:FAIL-t1] and 0 exception(s); 3e33c6eb-efbd-4e0b-990c-f83e3c6cd7b2@group-9F6C78A16C94:t1, leader=null, voted=3e33c6eb-efbd-4e0b-990c-f83e3c6cd7b2, raftlog=3e33c6eb-efbd-4e0b-990c-f83e3c6cd7b2@group-9F6C78A16C94-SegmentedRaftLog:OPENED:c-1,f-1,i0, conf=-1: [b16c8beb-545f-4328-873a-48c5fccb4356:172.18.0.4:9858, 3e33c6eb-efbd-4e0b-990c-f83e3c6cd7b2:172.18.0.2:9858, 5d7f4c21-02c4-4466-8388-2feff7f26a5a:172.18.0.3:9858], old=null
kms_1       | 	at com.sun.jersey.server.impl.application.WebApplicationImpl._handleRequest(WebApplicationImpl.java:1473)
kdc_1       | Authenticating as principal admin/admin with keytab /tmp/admin.keytab.
nm_1        | 2019-10-14 12:07:07 INFO  Server:1849 - Auth successful for appattempt_1571054754617_0001_000001 (auth:SIMPLE)
datanode_1  | 2019-10-14 12:06:08,501 INFO impl.LeaderElection: 5d7f4c21-02c4-4466-8388-2feff7f26a5a@group-9F6C78A16C94-LeaderElection2: Election REJECTED; received 2 response(s) [5d7f4c21-02c4-4466-8388-2feff7f26a5a<-b16c8beb-545f-4328-873a-48c5fccb4356#0:FAIL-t1, 5d7f4c21-02c4-4466-8388-2feff7f26a5a<-3e33c6eb-efbd-4e0b-990c-f83e3c6cd7b2#0:FAIL-t1] and 0 exception(s); 5d7f4c21-02c4-4466-8388-2feff7f26a5a@group-9F6C78A16C94:t1, leader=null, voted=5d7f4c21-02c4-4466-8388-2feff7f26a5a, raftlog=5d7f4c21-02c4-4466-8388-2feff7f26a5a@group-9F6C78A16C94-SegmentedRaftLog:OPENED:c-1,f-1,i0, conf=-1: [b16c8beb-545f-4328-873a-48c5fccb4356:172.18.0.4:9858, 3e33c6eb-efbd-4e0b-990c-f83e3c6cd7b2:172.18.0.2:9858, 5d7f4c21-02c4-4466-8388-2feff7f26a5a:172.18.0.3:9858], old=null
datanode_3  | 2019-10-14 12:06:13,550 INFO impl.RoleInfo: b16c8beb-545f-4328-873a-48c5fccb4356: start FollowerState
rm_1        | 2019-10-14 12:05:54 INFO  Server:1314 - IPC Server Responder: starting
kms_1       | 	at com.sun.jersey.server.impl.application.WebApplicationImpl.handleRequest(WebApplicationImpl.java:1419)
datanode_2  | 2019-10-14 12:06:08,461 INFO impl.RaftServerImpl: 3e33c6eb-efbd-4e0b-990c-f83e3c6cd7b2@group-9F6C78A16C94: changes role from CANDIDATE to FOLLOWER at term 1 for DISCOVERED_A_NEW_TERM
kdc_1       | WARNING: no policy specified for om/162a2391ce57@EXAMPLE.COM; defaulting to no policy
nm_1        | 2019-10-14 12:07:07 INFO  ContainerManagerImpl:1070 - Start request for container_1571054754617_0001_01_000003 by user hadoop
datanode_1  | 2019-10-14 12:06:08,502 INFO impl.RaftServerImpl: 5d7f4c21-02c4-4466-8388-2feff7f26a5a@group-9F6C78A16C94: changes role from CANDIDATE to FOLLOWER at term 1 for DISCOVERED_A_NEW_TERM
datanode_3  | 2019-10-14 12:06:13,551 INFO impl.FollowerState: b16c8beb-545f-4328-873a-48c5fccb4356@group-9F6C78A16C94-FollowerState was interrupted: java.lang.InterruptedException: sleep interrupted
rm_1        | 2019-10-14 12:05:54 INFO  Server:1153 - IPC Server listener on 8030: starting
kms_1       | 	at com.sun.jersey.server.impl.application.WebApplicationImpl.handleRequest(WebApplicationImpl.java:1409)
datanode_2  | 2019-10-14 12:06:08,461 INFO impl.RoleInfo: 3e33c6eb-efbd-4e0b-990c-f83e3c6cd7b2: shutdown LeaderElection
kdc_1       | Principal "om/162a2391ce57@EXAMPLE.COM" created.
nm_1        | 2019-10-14 12:07:07 INFO  NMAuditLogger:94 - USER=hadoop	IP=172.18.0.6	OPERATION=Start Container Request	TARGET=ContainerManageImpl	RESULT=SUCCESS	APPID=application_1571054754617_0001	CONTAINERID=container_1571054754617_0001_01_000003
datanode_1  | 2019-10-14 12:06:08,502 INFO impl.RoleInfo: 5d7f4c21-02c4-4466-8388-2feff7f26a5a: shutdown LeaderElection
datanode_3  | 2019-10-14 12:06:13,666 INFO impl.RaftServerImpl: b16c8beb-545f-4328-873a-48c5fccb4356@group-9F6C78A16C94: change Leader from null to 5d7f4c21-02c4-4466-8388-2feff7f26a5a at term 2 for appendEntries, leader elected after 10559ms
rm_1        | 2019-10-14 12:05:55 INFO  CallQueueManager:84 - Using callQueue: class java.util.concurrent.LinkedBlockingQueue, queueCapacity: 5000, scheduler: class org.apache.hadoop.ipc.DefaultRpcScheduler, ipcBackoff: false.
kms_1       | 	at com.sun.jersey.spi.container.servlet.WebComponent.service(WebComponent.java:409)
datanode_2  | 2019-10-14 12:06:08,461 INFO impl.RoleInfo: 3e33c6eb-efbd-4e0b-990c-f83e3c6cd7b2: start FollowerState
kdc_1       | Authenticating as principal admin/admin with keytab /tmp/admin.keytab.
datanode_1  | 2019-10-14 12:06:08,502 INFO impl.RoleInfo: 5d7f4c21-02c4-4466-8388-2feff7f26a5a: start FollowerState
nm_1        | 2019-10-14 12:07:07 INFO  ApplicationImpl:463 - Adding container_1571054754617_0001_01_000003 to application application_1571054754617_0001
datanode_3  | 2019-10-14 12:06:13,688 INFO impl.RaftServerImpl: b16c8beb-545f-4328-873a-48c5fccb4356@group-9F6C78A16C94: set configuration 0: [b16c8beb-545f-4328-873a-48c5fccb4356:172.18.0.4:9858, 3e33c6eb-efbd-4e0b-990c-f83e3c6cd7b2:172.18.0.2:9858, 5d7f4c21-02c4-4466-8388-2feff7f26a5a:172.18.0.3:9858], old=null at 0
kms_1       | 	at com.sun.jersey.spi.container.servlet.ServletContainer.service(ServletContainer.java:558)
rm_1        | 2019-10-14 12:05:55 INFO  Server:1074 - Starting Socket Reader #1 for port 8032
kdc_1       | Entry for principal om/162a2391ce57@EXAMPLE.COM with kvno 2, encryption type aes256-cts-hmac-sha1-96 added to keytab WRFILE:/data/om.162a2391ce57.keytab.
datanode_2  | 2019-10-14 12:06:13,546 INFO impl.RaftServerImpl: 3e33c6eb-efbd-4e0b-990c-f83e3c6cd7b2@group-9F6C78A16C94: changes role from  FOLLOWER to FOLLOWER at term 2 for recognizeCandidate:5d7f4c21-02c4-4466-8388-2feff7f26a5a
nm_1        | 2019-10-14 12:07:07 INFO  ContainerImpl:2112 - Container container_1571054754617_0001_01_000003 transitioned from NEW to LOCALIZING
datanode_1  | 2019-10-14 12:06:13,503 INFO impl.FollowerState: 5d7f4c21-02c4-4466-8388-2feff7f26a5a@group-9F6C78A16C94-FollowerState: change to CANDIDATE, lastRpcTime:5000ms, electionTimeout:5000ms
datanode_3  | 2019-10-14 12:06:13,688 INFO segmented.SegmentedRaftLogWorker: b16c8beb-545f-4328-873a-48c5fccb4356@group-9F6C78A16C94-SegmentedRaftLogWorker: Starting segment from index:0
kms_1       | 	at com.sun.jersey.spi.container.servlet.ServletContainer.service(ServletContainer.java:733)
rm_1        | 2019-10-14 12:05:55 INFO  RpcServerFactoryPBImpl:173 - Adding protocol org.apache.hadoop.yarn.api.ApplicationClientProtocolPB to the server
kdc_1       | Entry for principal om/162a2391ce57@EXAMPLE.COM with kvno 2, encryption type aes128-cts-hmac-sha1-96 added to keytab WRFILE:/data/om.162a2391ce57.keytab.
nm_1        | 2019-10-14 12:07:07 INFO  AuxServices:350 - Got event CONTAINER_INIT for appId application_1571054754617_0001
datanode_2  | 2019-10-14 12:06:13,546 INFO impl.RoleInfo: 3e33c6eb-efbd-4e0b-990c-f83e3c6cd7b2: shutdown FollowerState
datanode_1  | 2019-10-14 12:06:13,504 INFO impl.RoleInfo: 5d7f4c21-02c4-4466-8388-2feff7f26a5a: shutdown FollowerState
kms_1       | 	at javax.servlet.http.HttpServlet.service(HttpServlet.java:790)
datanode_3  | 2019-10-14 12:06:13,726 INFO segmented.SegmentedRaftLogWorker: b16c8beb-545f-4328-873a-48c5fccb4356@group-9F6C78A16C94-SegmentedRaftLogWorker: created new log segment /data/metadata/ratis/d7e2e981-9bc4-4a60-838f-9f6c78a16c94/current/log_inprogress_0
rm_1        | 2019-10-14 12:05:55 INFO  Server:1314 - IPC Server Responder: starting
kdc_1       | Generiting keytab
nm_1        | 2019-10-14 12:07:07 INFO  AuxServices:350 - Got event APPLICATION_INIT for appId application_1571054754617_0001
datanode_2  | 2019-10-14 12:06:13,547 INFO impl.RoleInfo: 3e33c6eb-efbd-4e0b-990c-f83e3c6cd7b2: start FollowerState
datanode_1  | 2019-10-14 12:06:13,504 INFO impl.RaftServerImpl: 5d7f4c21-02c4-4466-8388-2feff7f26a5a@group-9F6C78A16C94: changes role from  FOLLOWER to CANDIDATE at term 1 for changeToCandidate
kms_1       | 	at org.eclipse.jetty.servlet.ServletHolder.handle(ServletHolder.java:848)
datanode_3  | 2019-10-14 12:06:31,092 INFO client.DNCertificateClient: Getting certificate with certSerialId:10576920447983014.
rm_1        | 2019-10-14 12:05:55 INFO  Server:1153 - IPC Server listener on 8032: starting
nm_1        | 2019-10-14 12:07:07 INFO  AuxServices:354 - Got APPLICATION_INIT for service mapreduce_shuffle
datanode_2  | 2019-10-14 12:06:13,547 INFO impl.FollowerState: 3e33c6eb-efbd-4e0b-990c-f83e3c6cd7b2@group-9F6C78A16C94-FollowerState was interrupted: java.lang.InterruptedException: sleep interrupted
datanode_1  | 2019-10-14 12:06:13,504 INFO impl.RoleInfo: 5d7f4c21-02c4-4466-8388-2feff7f26a5a: start LeaderElection
kms_1       | 	at org.eclipse.jetty.servlet.ServletHandler$CachedChain.doFilter(ServletHandler.java:1772)
datanode_3  | 2019-10-14 12:06:32,113 WARN client.GrpcClientProtocolService: 0-OrderedRequestStreamObserver0: onError: org.apache.ratis.thirdparty.io.grpc.StatusRuntimeException: CANCELLED: cancelled before receiving half close
rm_1        | 2019-10-14 12:05:55 INFO  ResourceManager:1308 - Transitioned to active state
kdc_1       | Authenticating as principal admin/admin with keytab /tmp/admin.keytab.
datanode_2  | 2019-10-14 12:06:13,662 INFO impl.RaftServerImpl: 3e33c6eb-efbd-4e0b-990c-f83e3c6cd7b2@group-9F6C78A16C94: change Leader from null to 5d7f4c21-02c4-4466-8388-2feff7f26a5a at term 2 for appendEntries, leader elected after 10581ms
datanode_1  | 2019-10-14 12:06:13,519 INFO impl.LeaderElection: 5d7f4c21-02c4-4466-8388-2feff7f26a5a@group-9F6C78A16C94-LeaderElection3: begin an election at term 2 for -1: [b16c8beb-545f-4328-873a-48c5fccb4356:172.18.0.4:9858, 3e33c6eb-efbd-4e0b-990c-f83e3c6cd7b2:172.18.0.2:9858, 5d7f4c21-02c4-4466-8388-2feff7f26a5a:172.18.0.3:9858], old=null
rm_1        | 2019-10-14 12:05:55 INFO  Server:1849 - Auth successful for nm/nm@EXAMPLE.COM (auth:KERBEROS)
kms_1       | 	at org.apache.hadoop.crypto.key.kms.server.KMSMDCFilter.doFilter(KMSMDCFilter.java:84)
nm_1        | 2019-10-14 12:07:07 INFO  ShuffleHandler:719 - Added token for job_1571054754617_0001
kdc_1       | WARNING: no policy specified for om/jhs@EXAMPLE.COM; defaulting to no policy
datanode_2  | 2019-10-14 12:06:13,688 INFO impl.RaftServerImpl: 3e33c6eb-efbd-4e0b-990c-f83e3c6cd7b2@group-9F6C78A16C94: set configuration 0: [b16c8beb-545f-4328-873a-48c5fccb4356:172.18.0.4:9858, 3e33c6eb-efbd-4e0b-990c-f83e3c6cd7b2:172.18.0.2:9858, 5d7f4c21-02c4-4466-8388-2feff7f26a5a:172.18.0.3:9858], old=null at 0
datanode_1  | 2019-10-14 12:06:13,570 INFO impl.LeaderElection: 5d7f4c21-02c4-4466-8388-2feff7f26a5a@group-9F6C78A16C94-LeaderElection3: Election PASSED; received 1 response(s) [5d7f4c21-02c4-4466-8388-2feff7f26a5a<-3e33c6eb-efbd-4e0b-990c-f83e3c6cd7b2#0:OK-t2] and 0 exception(s); 5d7f4c21-02c4-4466-8388-2feff7f26a5a@group-9F6C78A16C94:t2, leader=null, voted=5d7f4c21-02c4-4466-8388-2feff7f26a5a, raftlog=5d7f4c21-02c4-4466-8388-2feff7f26a5a@group-9F6C78A16C94-SegmentedRaftLog:OPENED:c-1,f-1,i0, conf=-1: [b16c8beb-545f-4328-873a-48c5fccb4356:172.18.0.4:9858, 3e33c6eb-efbd-4e0b-990c-f83e3c6cd7b2:172.18.0.2:9858, 5d7f4c21-02c4-4466-8388-2feff7f26a5a:172.18.0.3:9858], old=null
rm_1        | 2019-10-14 12:05:55 INFO  ResourceTrackerService:497 - NodeManager from node nm(cmPort: 40757 httpPort: 8042) registered with capability: <memory:8192, vCores:8>, assigned nodeId nm:40757
kms_1       | 	at org.eclipse.jetty.servlet.ServletHandler$CachedChain.doFilter(ServletHandler.java:1759)
nm_1        | 2019-10-14 12:07:07 INFO  ContainerImpl:2112 - Container container_1571054754617_0001_01_000003 transitioned from LOCALIZING to SCHEDULED
kdc_1       | Principal "om/jhs@EXAMPLE.COM" created.
datanode_2  | 2019-10-14 12:06:13,688 INFO segmented.SegmentedRaftLogWorker: 3e33c6eb-efbd-4e0b-990c-f83e3c6cd7b2@group-9F6C78A16C94-SegmentedRaftLogWorker: Starting segment from index:0
datanode_1  | 2019-10-14 12:06:13,570 INFO impl.RoleInfo: 5d7f4c21-02c4-4466-8388-2feff7f26a5a: shutdown LeaderElection
rm_1        | 2019-10-14 12:05:55 INFO  RMNodeImpl:674 - nm:40757 Node Transitioned from NEW to RUNNING
kms_1       | 	at org.apache.hadoop.security.authentication.server.AuthenticationFilter.doFilter(AuthenticationFilter.java:644)
nm_1        | 2019-10-14 12:07:07 INFO  ContainerScheduler:541 - Starting container [container_1571054754617_0001_01_000003]
datanode_2  | 2019-10-14 12:06:13,726 INFO segmented.SegmentedRaftLogWorker: 3e33c6eb-efbd-4e0b-990c-f83e3c6cd7b2@group-9F6C78A16C94-SegmentedRaftLogWorker: created new log segment /data/metadata/ratis/d7e2e981-9bc4-4a60-838f-9f6c78a16c94/current/log_inprogress_0
kdc_1       | Authenticating as principal admin/admin with keytab /tmp/admin.keytab.
datanode_1  | 2019-10-14 12:06:13,571 INFO impl.RaftServerImpl: 5d7f4c21-02c4-4466-8388-2feff7f26a5a@group-9F6C78A16C94: changes role from CANDIDATE to LEADER at term 2 for changeToLeader
rm_1        | 2019-10-14 12:05:55 INFO  CapacityScheduler:2004 - Added node nm:40757 clusterResource: <memory:8192, vCores:8>
kms_1       | 	at org.apache.hadoop.security.token.delegation.web.DelegationTokenAuthenticationFilter.doFilter(DelegationTokenAuthenticationFilter.java:304)
nm_1        | 2019-10-14 12:07:07 INFO  ContainerImpl:2112 - Container container_1571054754617_0001_01_000003 transitioned from SCHEDULED to RUNNING
datanode_2  | 2019-10-14 12:06:48,059 INFO client.DNCertificateClient: Getting certificate with certSerialId:10576920447983014.
kdc_1       | Entry for principal om/jhs@EXAMPLE.COM with kvno 2, encryption type aes256-cts-hmac-sha1-96 added to keytab WRFILE:/data/om.jhs.keytab.
datanode_1  | 2019-10-14 12:06:13,571 INFO impl.RaftServerImpl: 5d7f4c21-02c4-4466-8388-2feff7f26a5a@group-9F6C78A16C94: change Leader from null to 5d7f4c21-02c4-4466-8388-2feff7f26a5a at term 2 for becomeLeader, leader elected after 10475ms
rm_1        | 2019-10-14 12:06:49 INFO  Server:1849 - Auth successful for hadoop/rm@EXAMPLE.COM (auth:KERBEROS)
kms_1       | 	at org.apache.hadoop.security.authentication.server.AuthenticationFilter.doFilter(AuthenticationFilter.java:592)
nm_1        | 2019-10-14 12:07:07 INFO  ContainersMonitorImpl:1013 - Starting resource-monitoring for container_1571054754617_0001_01_000003
kdc_1       | Entry for principal om/jhs@EXAMPLE.COM with kvno 2, encryption type aes128-cts-hmac-sha1-96 added to keytab WRFILE:/data/om.jhs.keytab.
datanode_1  | 2019-10-14 12:06:13,571 INFO server.RaftServerConfigKeys: raft.server.staging.catchup.gap = 1000 (default)
rm_1        | 2019-10-14 12:06:49 INFO  ClientRMService:355 - Allocated new applicationId: 1
kms_1       | 	at org.apache.hadoop.crypto.key.kms.server.KMSAuthenticationFilter.doFilter(KMSAuthenticationFilter.java:142)
nm_1        | 2019-10-14 12:07:07 INFO  DefaultContainerExecutor:370 - launchContainer: [bash, /tmp/hadoop-hadoop/nm-local-dir/usercache/hadoop/appcache/application_1571054754617_0001/container_1571054754617_0001_01_000003/default_container_executor.sh]
kdc_1       | Generiting keytab
datanode_1  | 2019-10-14 12:06:13,571 INFO server.RaftServerConfigKeys: raft.server.rpc.sleep.time = 25ms (default)
kms_1       | 	at org.eclipse.jetty.servlet.ServletHandler$CachedChain.doFilter(ServletHandler.java:1751)
