om_1        | 2019-10-14 12:08:52,256 INFO http.HttpServer2: Added filter authentication (class=org.apache.hadoop.security.authentication.server.AuthenticationFilter) to context logs
datanode_2  | 2019-10-14 12:08:54,898 INFO impl.RaftServerProxy: 1bc5d2a3-4026-4b73-ace1-ed713d5862ff: addNew group-B551B372ED4B:[1bc5d2a3-4026-4b73-ace1-ed713d5862ff:172.18.0.6:9858, b813d597-940f-4fae-a49b-1b9041b04859:172.18.0.5:9858, e6405eaa-d622-447c-be86-5a92355d4141:172.18.0.3:9858] returns group-B551B372ED4B:java.util.concurrent.CompletableFuture@31993c0c[Not completed]
datanode_1  | 2019-10-14 12:08:54,899 INFO impl.RaftServerProxy: e6405eaa-d622-447c-be86-5a92355d4141: addNew group-B551B372ED4B:[1bc5d2a3-4026-4b73-ace1-ed713d5862ff:172.18.0.6:9858, b813d597-940f-4fae-a49b-1b9041b04859:172.18.0.5:9858, e6405eaa-d622-447c-be86-5a92355d4141:172.18.0.3:9858] returns group-B551B372ED4B:java.util.concurrent.CompletableFuture@3774cc97[Not completed]
scm_1       | 2019-10-14 12:08:50,485 INFO authorize.ServiceAuthorizationManager: Authorization successful for dn/29ba95d05344@EXAMPLE.COM (auth:KERBEROS) for protocol=interface org.apache.hadoop.ozone.protocol.StorageContainerDatanodeProtocol
s3g_1       | 	at org.apache.hadoop.ipc.ProtobufRpcEngine$Invoker.invoke(ProtobufRpcEngine.java:116)
datanode_3  | 2019-10-14 12:08:54,883 INFO server.RaftServerConfigKeys: raft.server.log.appender.install.snapshot.enabled = false (custom)
om_1        | 2019-10-14 12:08:52,282 INFO http.HttpServer2: Jetty bound to port 9874
datanode_2  | 2019-10-14 12:08:54,901 INFO impl.RaftServerImpl: 1bc5d2a3-4026-4b73-ace1-ed713d5862ff: new RaftServerImpl for group-B551B372ED4B:[1bc5d2a3-4026-4b73-ace1-ed713d5862ff:172.18.0.6:9858, b813d597-940f-4fae-a49b-1b9041b04859:172.18.0.5:9858, e6405eaa-d622-447c-be86-5a92355d4141:172.18.0.3:9858] with ContainerStateMachine:uninitialized
scm_1       | 2019-10-14 12:08:50,536 INFO ipc.Server: Auth successful for om/om@EXAMPLE.COM (auth:KERBEROS)
s3g_1       | 	at com.sun.proxy.$Proxy83.submitRequest(Unknown Source)
datanode_1  | 2019-10-14 12:08:54,902 INFO impl.RaftServerImpl: e6405eaa-d622-447c-be86-5a92355d4141: new RaftServerImpl for group-B551B372ED4B:[1bc5d2a3-4026-4b73-ace1-ed713d5862ff:172.18.0.6:9858, b813d597-940f-4fae-a49b-1b9041b04859:172.18.0.5:9858, e6405eaa-d622-447c-be86-5a92355d4141:172.18.0.3:9858] with ContainerStateMachine:uninitialized
kdc_1       | Oct 14 12:08:37 kdc kadmind[15](info): closing down fd 18
datanode_3  | 2019-10-14 12:08:54,883 INFO impl.RaftServerImpl: b813d597-940f-4fae-a49b-1b9041b04859@group-B551B372ED4B: ConfigurationManager, init=-1: [1bc5d2a3-4026-4b73-ace1-ed713d5862ff:172.18.0.6:9858, b813d597-940f-4fae-a49b-1b9041b04859:172.18.0.5:9858, e6405eaa-d622-447c-be86-5a92355d4141:172.18.0.3:9858], old=null, confs=<EMPTY_MAP>
om_1        | 2019-10-14 12:08:52,284 INFO server.Server: jetty-9.3.25.v20180904, build timestamp: 2018-09-04T21:11:46Z, git hash: 3ce520221d0240229c862b122d2b06c12a625732
datanode_2  | 2019-10-14 12:08:54,902 INFO server.RaftServerConfigKeys: raft.server.rpc.timeout.min = 5s (custom)
scm_1       | 2019-10-14 12:08:50,549 INFO ipc.Server: Auth successful for dn/d011d7541cd3@EXAMPLE.COM (auth:KERBEROS)
s3g_1       | 	at jdk.internal.reflect.GeneratedMethodAccessor9.invoke(Unknown Source)
datanode_1  | 2019-10-14 12:08:54,903 INFO server.RaftServerConfigKeys: raft.server.rpc.timeout.min = 5s (custom)
kdc_1       | Oct 14 12:08:37 kdc kadmind[15](Notice): Request: kadm5_init, admin/admin@EXAMPLE.COM, success, client=admin/admin@EXAMPLE.COM, service=kadmin/admin@EXAMPLE.COM, addr=127.0.0.1, vers=4, flavor=6
datanode_3  | 2019-10-14 12:08:54,884 INFO server.RaftServerConfigKeys: raft.server.storage.dir = [/data/metadata/ratis] (custom)
datanode_2  | 2019-10-14 12:08:54,902 INFO server.RaftServerConfigKeys: raft.server.rpc.timeout.max = 5200ms (custom)
scm_1       | 2019-10-14 12:08:50,558 INFO authorize.ServiceAuthorizationManager: Authorization successful for dn/d011d7541cd3@EXAMPLE.COM (auth:KERBEROS) for protocol=interface org.apache.hadoop.ozone.protocol.StorageContainerDatanodeProtocol
s3g_1       | 	at java.base/jdk.internal.reflect.DelegatingMethodAccessorImpl.invoke(DelegatingMethodAccessorImpl.java:43)
om_1        | 2019-10-14 12:08:52,322 INFO server.AuthenticationFilter: Unable to initialize FileSignerSecretProvider, falling back to use random secrets.
kdc_1       | Oct 14 12:08:37 kdc kadmind[15](Notice): Request: kadm5_randkey_principal, scm/d011d7541cd3@EXAMPLE.COM, success, client=admin/admin@EXAMPLE.COM, service=kadmin/admin@EXAMPLE.COM, addr=127.0.0.1
datanode_3  | 2019-10-14 12:08:54,884 INFO server.RaftServerConfigKeys: raft.server.log.corruption.policy = EXCEPTION (default)
datanode_2  | 2019-10-14 12:08:54,902 INFO server.RaftServerConfigKeys: raft.server.rpcslowness.timeout = 120s (custom)
datanode_1  | 2019-10-14 12:08:54,903 INFO server.RaftServerConfigKeys: raft.server.rpc.timeout.max = 5200ms (custom)
scm_1       | 2019-10-14 12:08:50,559 INFO authorize.ServiceAuthorizationManager: Authorization successful for om/om@EXAMPLE.COM (auth:KERBEROS) for protocol=interface org.apache.hadoop.hdds.scm.protocol.ScmBlockLocationProtocol
s3g_1       | 	at java.base/java.lang.reflect.Method.invoke(Method.java:566)
om_1        | 2019-10-14 12:08:52,324 INFO server.KerberosAuthenticationHandler: Using keytab /etc/security/keytabs/HTTP.keytab, for principal HTTP/om@EXAMPLE.COM
kdc_1       | Oct 14Oct 14 12:08:37 kdc krb5kdc[9](info): AS_REQ (8 etypes {18 17 20 19 16 23 25 26}) 127.0.0.1: SERVER_NOT_FOUND: admin/admin@EXAMPLE.COM for kadmin/localhost@EXAMPLE.COM, Server not found in Kerberos database
datanode_3  | 2019-10-14 12:08:54,884 INFO storage.RaftStorageDirectory: The storage directory /data/metadata/ratis/4892001c-01e8-4721-813d-b551b372ed4b does not exist. Creating ...
datanode_1  | 2019-10-14 12:08:54,903 INFO server.RaftServerConfigKeys: raft.server.rpcslowness.timeout = 120s (custom)
datanode_2  | 2019-10-14 12:08:54,902 INFO server.RaftServerConfigKeys: raft.server.sleep.deviation.threshold = 300 (default)
scm_1       | 2019-10-14 12:08:52,477 INFO net.NetworkTopology: Added a new node: /default-rack/1bc5d2a3-4026-4b73-ace1-ed713d5862ff
s3g_1       | 	at org.apache.hadoop.io.retry.RetryInvocationHandler.invokeMethod(RetryInvocationHandler.java:422)
om_1        | 2019-10-14 12:08:52,327 INFO handler.ContextHandler: Started o.e.j.s.ServletContextHandler@629a9f26{/logs,file:///var/log/hadoop/,AVAILABLE}
kdc_1       | Oct 14 12:08:37 kdc krb5kdc[9](info): AS_REQ (8 etypes {18 17 20 19 16 23 25 26}) 127.0.0.1: ISSUE: authtime 1571054917, etypes {rep=18 tkt=18 ses=18}, admin/admin@EXAMPLE.COM for kadmin/admin@EXAMPLE.COM
datanode_3  | 2019-10-14 12:08:54,898 INFO storage.RaftStorageDirectory: Lock on /data/metadata/ratis/4892001c-01e8-4721-813d-b551b372ed4b/in_use.lock acquired by nodename 7@29ba95d05344
datanode_1  | 2019-10-14 12:08:54,903 INFO server.RaftServerConfigKeys: raft.server.sleep.deviation.threshold = 300 (default)
scm_1       | 2019-10-14 12:08:52,478 INFO node.SCMNodeManager: Registered Data node : 1bc5d2a3-4026-4b73-ace1-ed713d5862ff{ip: 172.18.0.6, host: ozonesecure_datanode_2.ozonesecure_default, networkLocation: /default-rack, certSerialId: 10577091232152225}
s3g_1       | 	at org.apache.hadoop.io.retry.RetryInvocationHandler$Call.invokeMethod(RetryInvocationHandler.java:165)
datanode_2  | 2019-10-14 12:08:54,902 INFO server.RaftServerConfigKeys: raft.server.log.appender.install.snapshot.enabled = false (custom)
om_1        | 2019-10-14 12:08:52,327 INFO handler.ContextHandler: Started o.e.j.s.ServletContextHandler@286855ea{/static,jar:file:/opt/hadoop/share/ozone/lib/hadoop-ozone-ozone-manager-0.5.0-SNAPSHOT.jar!/webapps/static,AVAILABLE}
kdc_1       | Oct 14 12:08:37 kdc krb5kdc[9](info): AS_REQ (8 etypes {18 17 20 19 16 23 25 26}) 127.0.0.1: SERVER_NOT_FOUND: admin/admin@EXAMPLE.COM for kadmin/localhost@EXAMPLE.COM, Server not found in Kerberos database
scm_1       | 2019-10-14 12:08:52,478 INFO net.NetworkTopology: Added a new node: /default-rack/b813d597-940f-4fae-a49b-1b9041b04859
datanode_3  | 2019-10-14 12:08:54,915 INFO storage.RaftStorage: Storage directory /data/metadata/ratis/4892001c-01e8-4721-813d-b551b372ed4b has been successfully formatted.
datanode_1  | 2019-10-14 12:08:54,904 INFO server.RaftServerConfigKeys: raft.server.log.appender.install.snapshot.enabled = false (custom)
s3g_1       | 	at org.apache.hadoop.io.retry.RetryInvocationHandler$Call.invoke(RetryInvocationHandler.java:157)
datanode_2  | 2019-10-14 12:08:54,902 INFO impl.RaftServerImpl: 1bc5d2a3-4026-4b73-ace1-ed713d5862ff@group-B551B372ED4B: ConfigurationManager, init=-1: [1bc5d2a3-4026-4b73-ace1-ed713d5862ff:172.18.0.6:9858, b813d597-940f-4fae-a49b-1b9041b04859:172.18.0.5:9858, e6405eaa-d622-447c-be86-5a92355d4141:172.18.0.3:9858], old=null, confs=<EMPTY_MAP>
kdc_1       | Oct 14 12:08:37 kdc krb5kdc[9](info): AS_REQ (8 etypes {18 17 20 19 16 23 25 26}) 127.0.0.1: ISSUE: authtime 1571054917, etypes {rep=18 tkt=18 ses=18}, admin/admin@EXAMPLE.COM for kadmin/admin@EXAMPLE.COM
om_1        | 2019-10-14 12:08:52,465 INFO server.KerberosAuthenticationHandler: Using keytab /etc/security/keytabs/HTTP.keytab, for principal HTTP/om@EXAMPLE.COM
scm_1       | 2019-10-14 12:08:52,479 INFO node.SCMNodeManager: Registered Data node : b813d597-940f-4fae-a49b-1b9041b04859{ip: 172.18.0.5, host: ozonesecure_datanode_3.ozonesecure_default, networkLocation: /default-rack, certSerialId: 10577091190663300}
datanode_3  | 2019-10-14 12:08:54,915 [pool-9-thread-1] INFO       - group-B551B372ED4B: The snapshot info is null. Setting the last applied indexto:(t:0, i:~)
datanode_1  | 2019-10-14 12:08:54,904 INFO impl.RaftServerImpl: e6405eaa-d622-447c-be86-5a92355d4141@group-B551B372ED4B: ConfigurationManager, init=-1: [1bc5d2a3-4026-4b73-ace1-ed713d5862ff:172.18.0.6:9858, b813d597-940f-4fae-a49b-1b9041b04859:172.18.0.5:9858, e6405eaa-d622-447c-be86-5a92355d4141:172.18.0.3:9858], old=null, confs=<EMPTY_MAP>
s3g_1       | 	at org.apache.hadoop.io.retry.RetryInvocationHandler$Call.invokeOnce(RetryInvocationHandler.java:95)
datanode_2  | 2019-10-14 12:08:54,902 INFO server.RaftServerConfigKeys: raft.server.storage.dir = [/data/metadata/ratis] (custom)
kdc_1       | Oct 14 12:08:37 kdc krb5kdc[9](info): AS_REQ (8 etypes {18 17 20 19 16 23 25 26}) 127.0.0.1: SERVER_NOT_FOUND: admin/admin@EXAMPLE.COM for kadmin/localhost@EXAMPLE.COM, Server not found in Kerberos da 12:08:37 kdc kadmind[15](Notice): Request: kadm5_get_principal, scm/d011d7541cd3@EXAMPLE.COM, success, client=admin/admin@EXAMPLE.COM, service=kadmin/admin@EXAMPLE.COM, addr=127.0.0.1
om_1        | 2019-10-14 12:08:52,470 INFO handler.ContextHandler: Started o.e.j.w.WebAppContext@12417468{/,file:///tmp/jetty-0.0.0.0-9874-ozoneManager-_-any-15869304502568697815.dir/webapp/,AVAILABLE}{/ozoneManager}
scm_1       | 2019-10-14 12:08:52,481 INFO safemode.SCMSafeModeManager: SCM in safe mode. 1 DataNodes registered, 1 required.
datanode_3  | 2019-10-14 12:08:54,915 INFO server.RaftServerConfigKeys: raft.server.notification.no-leader.timeout = 120s (custom)
s3g_1       | 	at org.apache.hadoop.io.retry.RetryInvocationHandler.invoke(RetryInvocationHandler.java:359)
datanode_2  | 2019-10-14 12:08:54,903 INFO server.RaftServerConfigKeys: raft.server.log.corruption.policy = EXCEPTION (default)
kdc_1       | Oct 14 12:08:37 kdc kadmind[15](info): closing down fd 18
om_1        | 2019-10-14 12:08:52,475 INFO server.AbstractConnector: Started ServerConnector@4e8b357d{HTTP/1.1,[http/1.1]}{0.0.0.0:9874}
scm_1       | 2019-10-14 12:08:52,482 INFO safemode.SCMSafeModeManager: ScmSafeModeManager, all rules are successfully validated
s3g_1       | 	at com.sun.proxy.$Proxy83.submitRequest(Unknown Source)
datanode_2  | 2019-10-14 12:08:54,903 INFO storage.RaftStorageDirectory: The storage directory /data/metadata/ratis/4892001c-01e8-4721-813d-b551b372ed4b does not exist. Creating ...
datanode_1  | 2019-10-14 12:08:54,904 INFO server.RaftServerConfigKeys: raft.server.storage.dir = [/data/metadata/ratis] (custom)
datanode_3  | 2019-10-14 12:08:54,915 INFO server.RaftServerConfigKeys: raft.server.log.use.memory = false (default)
kdc_1       | Oct 14 12:08:37 kdc kadmind[15](Notice): Request: kadm5_init, admin/admin@EXAMPLE.COM, success, client=admin/admin@EXAMPLE.COM, service=kadmin/admin@EXAMPLE.COM, addr=127.0.0.1, vers=4, flavor=6
scm_1       | 2019-10-14 12:08:52,482 INFO safemode.SCMSafeModeManager: SCM exiting safe mode.
om_1        | 2019-10-14 12:08:52,476 INFO server.Server: Started @4289ms
s3g_1       | 	at org.apache.hadoop.ozone.om.protocolPB.OzoneManagerProtocolClientSideTranslatorPB.submitRequest(OzoneManagerProtocolClientSideTranslatorPB.java:338)
datanode_2  | 2019-10-14 12:08:54,915 INFO storage.RaftStorageDirectory: Lock on /data/metadata/ratis/4892001c-01e8-4721-813d-b551b372ed4b/in_use.lock acquired by nodename 7@3a9cf0f59942
datanode_1  | 2019-10-14 12:08:54,904 INFO server.RaftServerConfigKeys: raft.server.log.corruption.policy = EXCEPTION (default)
datanode_3  | 2019-10-14 12:08:54,916 INFO server.RaftServerConfigKeys: raft.server.log.purge.gap = 1000000 (custom)
kdc_1       | Oct 14 12:08:37 kdc kadmind[15](Notice): Request: kadm5_get_policy, default, Policy does not exist, client=admin/admin@EXAMPLE.COM, service=kadmin/admin@EXAMPLE.COM, addr=127.0.0.1
scm_1       | 2019-10-14 12:08:52,530 INFO net.NetworkTopology: Added a new node: /default-rack/e6405eaa-d622-447c-be86-5a92355d4141
om_1        | 2019-10-14 12:08:52,480 INFO impl.MetricsSinkAdapter: Sink prometheus started
s3g_1       | 	at org.apache.hadoop.ozone.om.protocolPB.OzoneManagerProtocolClientSideTranslatorPB.getServiceInfo(OzoneManagerProtocolClientSideTranslatorPB.java:1223)
datanode_2  | 2019-10-14 12:08:54,937 INFO storage.RaftStorage: Storage directory /data/metadata/ratis/4892001c-01e8-4721-813d-b551b372ed4b has been successfully formatted.
datanode_1  | 2019-10-14 12:08:54,904 INFO storage.RaftStorageDirectory: The storage directory /data/metadata/ratis/4892001c-01e8-4721-813d-b551b372ed4b does not exist. Creating ...
datanode_3  | 2019-10-14 12:08:54,916 INFO server.RaftServerConfigKeys: raft.server.log.appender.buffer.byte-limit = 33554432 (custom)
kdc_1       | Oct 14 12:08:37 kdc kadmind[15](Notice): Request: kadm5_create_principal, scm/scm@EXAMPLE.COM, success, client=admin/admin@EXAMPLE.COM, service=kadmin/admin@EXAMPLE.COM, addr=127.0.0.1
scm_1       | 2019-10-14 12:08:52,530 INFO node.SCMNodeManager: Registered Data node : e6405eaa-d622-447c-be86-5a92355d4141{ip: 172.18.0.3, host: ozonesecure_datanode_1.ozonesecure_default, networkLocation: /default-rack, certSerialId: 10577091190663206}
om_1        | 2019-10-14 12:08:52,480 INFO impl.MetricsSystemImpl: Registered sink prometheus
s3g_1       | 	at java.base/jdk.internal.reflect.NativeMethodAccessorImpl.invoke0(Native Method)
datanode_2  | 2019-10-14 12:08:54,937 [pool-9-thread-1] INFO       - group-B551B372ED4B: The snapshot info is null. Setting the last applied indexto:(t:0, i:~)
datanode_1  | 2019-10-14 12:08:54,915 INFO storage.RaftStorageDirectory: Lock on /data/metadata/ratis/4892001c-01e8-4721-813d-b551b372ed4b/in_use.lock acquired by nodename 7@d011d7541cd3
datanode_3  | 2019-10-14 12:08:54,916 INFO server.RaftServerConfigKeys: raft.server.log.segment.size.max = 1048576 (custom)
kdc_1       | Oct 14 12:08:37 kdc kadmind[15](info): closing down fd 18
scm_1       | 2019-10-14 12:08:53,842 INFO pipeline.PipelineStateManager: Created pipeline Pipeline[ Id: d935370f-24ff-4ebd-83a1-ed21ef3b7f98, Nodes: 1bc5d2a3-4026-4b73-ace1-ed713d5862ff{ip: 172.18.0.6, host: ozonesecure_datanode_2.ozonesecure_default, networkLocation: /default-rack, certSerialId: null}, Type:RATIS, Factor:ONE, State:OPEN]
om_1        | 2019-10-14 12:08:52,483 INFO server.BaseHttpServer: HTTP server of OZONEMANAGER is listening at http://0.0.0.0:9874
s3g_1       | 	at java.base/jdk.internal.reflect.NativeMethodAccessorImpl.invoke(NativeMethodAccessorImpl.java:62)
datanode_2  | 2019-10-14 12:08:54,938 INFO server.RaftServerConfigKeys: raft.server.notification.no-leader.timeout = 120s (custom)
datanode_1  | 2019-10-14 12:08:54,937 INFO storage.RaftStorage: Storage directory /data/metadata/ratis/4892001c-01e8-4721-813d-b551b372ed4b has been successfully formatted.
datanode_3  | 2019-10-14 12:08:54,917 INFO server.RaftServerConfigKeys: raft.server.log.segment.cache.num.max = 2 (custom)
kdc_1       | Oct 14 12:08:37 kdc kadmind[15](Notice): Request: kadm5_init, admin/admin@EXAMPLE.COM, success, client=admin/admin@EXAMPLE.COM, service=kadmin/admin@EXAMPLE.COM, tabase
scm_1       | 2019-10-14 12:08:54,325 INFO pipeline.PipelineStateManager: Created pipeline Pipeline[ Id: ab0ba406-2cbf-4681-ab03-e049ebf778e4, Nodes: b813d597-940f-4fae-a49b-1b9041b04859{ip: 172.18.0.5, host: ozonesecure_datanode_3.ozonesecure_default, networkLocation: /default-rack, certSerialId: null}, Type:RATIS, Factor:ONE, State:OPEN]
om_1        | 2019-10-14 12:09:08,836 INFO ipc.Server: Auth successful for HTTP/scm@EXAMPLE.COM (auth:KERBEROS)
s3g_1       | 	at java.base/jdk.internal.reflect.DelegatingMethodAccessorImpl.invoke(DelegatingMethodAccessorImpl.java:43)
datanode_2  | 2019-10-14 12:08:54,938 INFO server.RaftServerConfigKeys: raft.server.log.use.memory = false (default)
datanode_1  | 2019-10-14 12:08:54,937 [pool-9-thread-1] INFO       - group-B551B372ED4B: The snapshot info is null. Setting the last applied indexto:(t:0, i:~)
datanode_3  | 2019-10-14 12:08:54,917 INFO segmented.SegmentedRaftLogWorker: new b813d597-940f-4fae-a49b-1b9041b04859@group-B551B372ED4B-SegmentedRaftLogWorker for RaftStorage:Storage Directory /data/metadata/ratis/4892001c-01e8-4721-813d-b551b372ed4b
kdc_1       | Oct 14 12:08:37 kdc krb5kdc[9](info): AS_REQ (8 etypes {18 17 20 19 16 23 25 26}) 127.0.0.1: ISSUE: authtime 1571054917, etypes {rep=18 tkt=18 ses=18}, admin/admin@EXAMPLE.COM for kadmin/admin@EXAMPLE.COM
om_1        | 2019-10-14 12:09:08,855 INFO authorize.ServiceAuthorizationManager: Authorization successful for HTTP/scm@EXAMPLE.COM (auth:KERBEROS) for protocol=interface org.apache.hadoop.ozone.om.protocol.OzoneManagerProtocol
s3g_1       | 	at java.base/java.lang.reflect.Method.invoke(Method.java:566)
scm_1       | 2019-10-14 12:08:54,835 INFO pipeline.PipelineStateManager: Created pipeline Pipeline[ Id: 57c1041b-bd1e-4061-8dce-5154dcc2a272, Nodes: e6405eaa-d622-447c-be86-5a92355d4141{ip: 172.18.0.3, host: ozonesecure_datanode_1.ozonesecure_default, networkLocation: /default-rack, certSerialId: null}, Type:RATIS, Factor:ONE, State:OPEN]
datanode_2  | 2019-10-14 12:08:54,938 INFO server.RaftServerConfigKeys: raft.server.log.purge.gap = 1000000 (custom)
datanode_1  | 2019-10-14 12:08:54,938 INFO server.RaftServerConfigKeys: raft.server.notification.no-leader.timeout = 120s (custom)
datanode_3  | 2019-10-14 12:08:54,917 INFO server.RaftServerConfigKeys: raft.server.log.queue.byte-limit = 2147483647 (custom)
kdc_1       | Oct 14 12:08:37 kdc krb5kdc[9](info): AS_REQ (8 etypes {18 17 20 19 16 23 25 26}) 127.0.0.1: SERVER_NOT_FOUND: admin/admin@EXAMPLE.COM for kadmin/localhost@EXAMPLE.COM, Server not found in Kerberos database
om_1        | 2019-10-14 12:09:10,230 [IPC Server handler 2 on 9862] INFO       - created volume:vol-0-06395 for user:HTTP/scm@EXAMPLE.COM
s3g_1       | 	at org.apache.hadoop.hdds.tracing.TraceAllMethod.invoke(TraceAllMethod.java:66)
scm_1       | 2019-10-14 12:08:54,959 INFO pipeline.PipelineStateManager: Created pipeline Pipeline[ Id: 4892001c-01e8-4721-813d-b551b372ed4b, Nodes: 1bc5d2a3-4026-4b73-ace1-ed713d5862ff{ip: 172.18.0.6, host: ozonesecure_datanode_2.ozonesecure_default, networkLocation: /default-rack, certSerialId: null}b813d597-940f-4fae-a49b-1b9041b04859{ip: 172.18.0.5, host: ozonesecure_datanode_3.ozonesecure_default, networkLocation: /default-rack, certSerialId: null}e6405eaa-d622-447c-be86-5a92355d4141{ip: 172.18.0.3, host: ozonesecure_datanode_1.ozonesecure_default, networkLocation: /default-rack, certSerialId: null}, Type:RATIS, Factor:THREE, State:OPEN]
datanode_2  | 2019-10-14 12:08:54,939 INFO server.RaftServerConfigKeys: raft.server.log.appender.buffer.byte-limit = 33554432 (custom)
datanode_1  | 2019-10-14 12:08:54,938 INFO server.RaftServerConfigKeys: raft.server.log.use.memory = false (default)
datanode_3  | 2019-10-14 12:08:54,917 INFO server.RaftServerConfigKeys: raft.server.log.queue.element-limit = 1024 (custom)
kdc_1       | Oct 14 12:08:37 kdc krb5kdc[9](info): AS_REQ (8 etypes {18 17 20 19 16 23 25 26}) 127.0.0.1: ISSUE: authtime 1571054917, etypes {rep=18 tkt=18 ses=18}, admin/admin@EXAMPLE.COM for kadmin/admin@EXAMPLE.COM
om_1        | 2019-10-14 12:09:10,271 [IPC Server handler 1 on 9862] INFO       - created volume:vol-1-09468 for user:HTTP/scm@EXAMPLE.COM
s3g_1       | 	at com.sun.proxy.$Proxy84.getServiceInfo(Unknown Source)
scm_1       | 2019-10-14 12:09:09,304 INFO ipc.Server: Auth successful for om/om@EXAMPLE.COM (auth:KERBEROS)
datanode_1  | 2019-10-14 12:08:54,938 INFO server.RaftServerConfigKeys: raft.server.log.purge.gap = 1000000 (custom)
datanode_2  | 2019-10-14 12:08:54,939 INFO server.RaftServerConfigKeys: raft.server.log.segment.size.max = 1048576 (custom)
datanode_3  | 2019-10-14 12:08:54,917 INFO server.RaftServerConfigKeys: raft.server.log.segment.size.max = 1048576 (custom)
kdc_1       | Oct 14 12:08:37 kdc krb5kdc[9](info): AS_REQ (8 etypes {18 17 20 19 16 23 25 26}) 127.0.0.1: SERVER_NOT_FOUND: admin/admin@EXAMPLE.COM for kadmin/localhost@EXAMPLE.COM, Server not found in Kerberos database
om_1        | 2019-10-14 12:09:10,284 [IPC Server handler 4 on 9862] INFO       - created volume:vol-2-51879 for user:HTTP/scm@EXAMPLE.COM
s3g_1       | 	at org.apache.hadoop.ozone.client.rpc.RpcClient.<init>(RpcClient.java:154)
scm_1       | 2019-10-14 12:09:09,310 INFO authorize.ServiceAuthorizationManager: Authorization successful for om/om@EXAMPLE.COM (auth:KERBEROS) for protocol=interface org.apache.hadoop.hdds.scm.protocol.StorageContainerLocationProtocol
datanode_1  | 2019-10-14 12:08:54,939 INFO server.RaftServerConfigKeys: raft.server.log.appender.buffer.byte-limit = 33554432 (custom)
datanode_2  | 2019-10-14 12:08:54,939 INFO server.RaftServerConfigKeys: raft.server.log.segment.cache.num.max = 2 (custom)
datanode_3  | 2019-10-14 12:08:54,917 INFO server.RaftServerConfigKeys: raft.server.log.preallocated.size = 16384 (custom)
kdc_1       | Oct 14 12:08:37 kdc krb5kdc[9](info): AS_REQ (8 etypes {18 17 20 19 16 23 25 26}) 127.0.0.1: ISSUE: authtime 1571054917, etypes {rep=18 tkt=18 ses=18}, admin/admin@EXAMPLE.COM for kadmin/admin@addr=127.0.0.1, vers=4, flavor=6
om_1        | 2019-10-14 12:09:10,295 [IPC Server handler 6 on 9862] INFO       - created volume:vol-3-90386 for user:HTTP/scm@EXAMPLE.COM
s3g_1       | 	at org.apache.hadoop.ozone.client.OzoneClientFactory.getClientProtocol(OzoneClientFactory.java:256)
scm_1       | 2019-10-14 12:09:10,634 INFO ipc.Server: Auth successful for om/om@EXAMPLE.COM (auth:KERBEROS)
datanode_1  | 2019-10-14 12:08:54,939 INFO server.RaftServerConfigKeys: raft.server.log.segment.size.max = 1048576 (custom)
datanode_2  | 2019-10-14 12:08:54,939 INFO segmented.SegmentedRaftLogWorker: new 1bc5d2a3-4026-4b73-ace1-ed713d5862ff@group-B551B372ED4B-SegmentedRaftLogWorker for RaftStorage:Storage Directory /data/metadata/ratis/4892001c-01e8-4721-813d-b551b372ed4b
datanode_3  | 2019-10-14 12:08:54,917 INFO server.RaftServerConfigKeys: raft.server.log.write.buffer.size = 33554432 (custom)
kdc_1       | Oct 14 12:08:37 kdc kadmind[15](Notice): Request: kadm5_randkey_principal, scm/scm@EXAMPLE.COM, success, client=admin/admin@EXAMPLE.COM, service=kadmin/admin@EXAMPLE.COM, addr=127.0.0.1
om_1        | 2019-10-14 12:09:10,308 [IPC Server handler 7 on 9862] INFO       - created volume:vol-4-55089 for user:HTTP/scm@EXAMPLE.COM
s3g_1       | 	at org.apache.hadoop.ozone.client.OzoneClientFactory.getClientProtocol(OzoneClientFactory.java:239)
scm_1       | 2019-10-14 12:09:10,639 INFO authorize.ServiceAuthorizationManager: Authorization successful for om/om@EXAMPLE.COM (auth:KERBEROS) for protocol=interface org.apache.hadoop.hdds.scm.protocol.ScmBlockLocationProtocol
datanode_1  | 2019-10-14 12:08:54,939 INFO server.RaftServerConfigKeys: raft.server.log.segment.cache.num.max = 2 (custom)
datanode_3  | 2019-10-14 12:08:54,918 INFO server.RaftServerConfigKeys: raft.server.log.force.sync.num = 128 (default)
kdc_1       | Oct 14 12:08:37 kdc kadmind[15](Notice): Request: kadm5_get_principal, scm/scm@EXAMPLE.COM, success, client=admin/admin@EXAMPLE.COM, service=kadmin/admin@EXAMPLE.COM, addr=127.0.0.1
s3g_1       | 	at org.apache.hadoop.ozone.client.OzoneClientFactory.getClient(OzoneClientFactory.java:75)
om_1        | 2019-10-14 12:09:22,596 INFO ipc.Server: Auth successful for testuser/scm@EXAMPLE.COM (auth:KERBEROS)
datanode_2  | 2019-10-14 12:08:54,939 INFO server.RaftServerConfigKeys: raft.server.log.queue.byte-limit = 2147483647 (custom)
scm_1       | 2019-10-14 12:09:10,648 INFO pipeline.PipelineStateManager: Created pipeline Pipeline[ Id: 1aba4b49-7f95-423d-9086-43b2443c4495, Nodes: e6405eaa-d622-447c-be86-5a92355d4141{ip: 172.18.0.3, host: ozonesecure_datanode_1.ozonesecure_default, networkLocation: /default-rack, certSerialId: null}, Type:STAND_ALONE, Factor:ONE, State:OPEN]
datanode_3  | 2019-10-14 12:08:54,918 INFO server.RaftServerConfigKeys: raft.server.log.statemachine.data.sync = true (default)
datanode_1  | 2019-10-14 12:08:54,939 INFO segmented.SegmentedRaftLogWorker: new e6405eaa-d622-447c-be86-5a92355d4141@group-B551B372ED4B-SegmentedRaftLogWorker for RaftStorage:Storage Directory /data/metadata/ratis/4892001c-01e8-4721-813d-b551b372ed4b
kdc_1       | Oct 14 12:08:37 kdc kadmind[15](info): closing down fd 18
s3g_1       | 	at org.apache.hadoop.ozone.s3.OzoneClientProducer.getClient(OzoneClientProducer.java:114)
datanode_2  | 2019-10-14 12:08:54,939 INFO server.RaftServerConfigKeys: raft.server.log.queue.element-limit = 1024 (custom)
scm_1       | 2019-10-14 12:09:11,765 INFO ipc.Server: Auth successful for dn/d011d7541cd3@EXAMPLE.COM (auth:KERBEROS)
datanode_3  | 2019-10-14 12:08:54,918 INFO server.RaftServerConfigKeys: raft.server.log.statemachine.data.sync.timeout = 10s (default)
datanode_1  | 2019-10-14 12:08:54,939 INFO server.RaftServerConfigKeys: raft.server.log.queue.byte-limit = 2147483647 (custom)
kdc_1       | Oct 14 12:08:37 kdc kadmind[15](Notice): Request: kadm5_init, admin/admin@EXAMPLE.COM, success, client=admin/admin@EXAMPLE.COM, service=kadmin/admin@EXAMPLE.COM, addr=127.0.0.1, vers=4, flavor=6
om_1        | 2019-10-14 12:09:22,607 INFO authorize.ServiceAuthorizationManager: Authorization successful for testuser/scm@EXAMPLE.COM (auth:KERBEROS) for protocol=interface org.apache.hadoop.ozone.om.protocol.OzoneManagerProtocol
s3g_1       | 	at org.apache.hadoop.ozone.s3.OzoneClientProducer.createClient(OzoneClientProducer.java:71)
datanode_2  | 2019-10-14 12:08:54,940 INFO server.RaftServerConfigKeys: raft.server.log.segment.size.max = 1048576 (custom)
scm_1       | 2019-10-14 12:09:11,769 INFO authorize.ServiceAuthorizationManager: Authorization successful for dn/d011d7541cd3@EXAMPLE.COM (auth:KERBEROS) for protocol=interface org.apache.hadoop.hdds.protocol.SCMSecurityProtocol
datanode_3  | 2019-10-14 12:08:54,918 INFO server.RaftServerConfigKeys: raft.server.log.statemachine.data.sync.timeout.retry = -1 (default)
datanode_1  | 2019-10-14 12:08:54,939 INFO server.RaftServerConfigKeys: raft.server.log.queue.element-limit = 1024 (custom)
kdc_1       | Oct 14 12:08:37 kdc kadmind[15](Notice): Request: kadm5_get_policy, default, Policy does not exist, client=admin/admin@EXAMPLE.COM, service=kadmin/admin@EXAMPLE.COM, addr=127.0.0.1
om_1        | 2019-10-14 12:09:23,377 [IPC Server handler 6 on 9862] INFO       - created volume:57215-rpcwoport for user:testuser/scm@EXAMPLE.COM
s3g_1       | 	at java.base/jdk.internal.reflect.NativeMethodAccessorImpl.invoke0(Native Method)
datanode_2  | 2019-10-14 12:08:54,940 INFO server.RaftServerConfigKeys: raft.server.log.preallocated.size = 16384 (custom)
scm_1       | 2019-10-14 12:09:12,080 INFO ipc.Server: Auth successful for dn/d011d7541cd3@EXAMPLE.COM (auth:KERBEROS)
datanode_3  | 2019-10-14 12:08:54,918 INFO server.RaftServerConfigKeys: raft.server.log.statemachine.data.caching.enabled = true (custom)
datanode_1  | 2019-10-14 12:08:54,940 INFO server.RaftServerConfigKeys: raft.server.log.segment.size.max = 1048576 (custom)
kdc_1       | Oct 14 12:08:37 kdc kadmind[15](Notice): Request: kadm5_create_principal, scm/3a9cf0f59942@EXAMPLE.COM, success, client=admin/admin@EXAMPLE.COM, service=kadmin/admin@EXAMPLE.COM, addr=127.0.0.1
om_1        | 2019-10-14 12:09:25,234 INFO ipc.Server: Auth successful for testuser/scm@EXAMPLE.COM (auth:KERBEROS)
s3g_1       | 	at java.base/jdk.internal.reflect.NativeMethodAccessorImpl.invoke(NativeMethodAccessorImpl.java:62)
datanode_2  | 2019-10-14 12:08:54,940 INFO server.RaftServerConfigKeys: raft.server.log.write.buffer.size = 33554432 (custom)
scm_1       | 2019-10-14 12:09:12,085 INFO authorize.ServiceAuthorizationManager: Authorization successful for dn/d011d7541cd3@EXAMPLE.COM (auth:KERBEROS) for protocol=interface org.apache.hadoop.ozone.protocol.StorageContainerDatanodeProtocol
datanode_1  | 2019-10-14 12:08:54,940 INFO server.RaftServerConfigKeys: raft.server.log.preallocated.size = 16384 (custom)
kdc_1       | Oct 14 12:08:37 kdc kadmind[15](info): closing down fd 18
om_1        | 2019-10-14 12:09:25,245 INFO authorize.ServiceAuthorizationManager: Authorization successful for testuser/scm@EXAMPLE.COM (auth:KERBEROS) for protocol=interface org.apache.hadoop.ozone.om.protocol.OzoneManagerProtocol
s3g_1       | 	at java.base/jdk.internal.reflect.DelegatingMethodAccessorImpl.invoke(DelegatingMethodAccessorImpl.java:43)
datanode_2  | 2019-10-14 12:08:54,940 INFO server.RaftServerConfigKeys: raft.server.log.force.sync.num = 128 (default)
datanode_1  | 2019-10-14 12:08:54,940 INFO server.RaftServerConfigKeys: raft.server.log.write.buffer.size = 33554432 (custom)
datanode_3  | 2019-10-14 12:08:54,919 INFO segmented.SegmentedRaftLogWorker: b813d597-940f-4fae-a49b-1b9041b04859@group-B551B372ED4B-SegmentedRaftLogWorker: flushIndex: setUnconditionally 0 -> -1
scm_1       | 2019-10-14 12:09:22,627 INFO ipc.Server: Auth successful for om/om@EXAMPLE.COM (auth:KERBEROS)
kdc_1       | Oct 14 12:08:37 kdc kadmind[15](Notice): Request: kadm5_init, admin/admin@EXAMPLE.COM, success, client=admin/admin@EXAMPLE.COM, service=kadmin/admin@EXAMPLE.COM, addr=127.0.0.1, vers=4, flavor=6
s3g_1       | 	at java.base/java.lang.reflect.Method.invoke(Method.java:566)
datanode_2  | 2019-10-14 12:08:54,940 INFO server.RaftServerConfigKeys: raft.server.log.statemachine.data.sync = true (default)
om_1        | 2019-10-14 12:09:27,779 INFO ipc.Server: Auth successful for testuser/scm@EXAMPLE.COM (auth:KERBEROS)
datanode_1  | 2019-10-14 12:08:54,940 INFO server.RaftServerConfigKeys: raft.server.log.force.sync.num = 128 (default)
datanode_3  | 2019-10-14 12:08:54,919 INFO server.RaftServerConfigKeys: raft.server.snapshot.auto.trigger.enabled = true (custom)
scm_1       | 2019-10-14 12:09:22,629 INFO authorize.ServiceAuthorizationManager: Authorization successful for om/om@EXAMPLE.COM (auth:KERBEROS) for protocol=interface org.apache.hadoop.hdds.scm.protocol.StorageContainerLocationProtocol
kdc_1       | Oct 14 12:08:37 kdc kadmind[15](Notice): Request: kadm5_randkey_principal, scm/3a9cf0f59942@EXAMPLE.COM, success, client=admin/admin@EXAMPLE.COM, service=kadmin/admin@EXAMPLE.COM, addr=127.0.0.1
s3g_1       | 	at org.jboss.weld.injection.StaticMethodInjectionPoint.invoke(StaticMethodInjectionPoint.java:88)
datanode_2  | 2019-10-14 12:08:54,940 INFO server.RaftServerConfigKeys: raft.server.log.statemachine.data.sync.timeout = 10s (default)
om_1        | 2019-10-14 12:09:27,789 INFO authorize.ServiceAuthorizationManager: Authorization successful for testuser/scm@EXAMPLE.COM (auth:KERBEROS) for protocol=interface org.apache.hadoop.ozone.om.protocol.OzoneManagerProtocol
datanode_1  | 2019-10-14 12:08:54,940 INFO server.RaftServerConfigKeys: raft.server.log.statemachine.data.sync = true (default)
datanode_3  | 2019-10-14 12:08:54,919 INFO server.RaftServerConfigKeys: raft.server.snapshot.auto.trigger.threshold = 10000 (custom)
scm_1       | 2019-10-14 12:09:24,473 INFO ipc.Server: Auth successful for dn/3a9cf0f59942@EXAMPLE.COM (auth:KERBEROS)
kdc_1       | Oct 14 12:08:37 kdc kadmind[15](Notice): Request: kadm5_get_principal, scm/3a9cf0f59942@EXAMPLE.COM, success, client=admin/admin@EXAMPLE.COM, service=kadmin/admin@EXAMPLE.COM, addr=127.0.0.1
s3g_1       | 	at org.jboss.weld.injection.StaticMethodInjectionPoint.invoke(StaticMethodInjectionPoint.java:78)
datanode_2  | 2019-10-14 12:08:54,940 INFO server.RaftServerConfigKeys: raft.server.log.statemachine.data.sync.timeout.retry = -1 (default)
om_1        | 2019-10-14 12:09:30,486 INFO ipc.Server: Auth successful for testuser/scm@EXAMPLE.COM (auth:KERBEROS)
datanode_1  | 2019-10-14 12:08:54,940 INFO server.RaftServerConfigKeys: raft.server.log.statemachine.data.sync.timeout = 10s (default)
datanode_3  | 2019-10-14 12:08:54,920 INFO server.RaftServerConfigKeys: raft.server.snapshot.retention.file.num = 5 (custom)
scm_1       | 2019-10-14 12:09:24,474 INFO ipc.Server: Auth successful for dn/29ba95d05344@EXAMPLE.COM (auth:KERBEROS)
kdc_1       | Oct 14 12:08:37 kdc kadmind[15](info): closing down fd 18
datanode_2  | 2019-10-14 12:08:54,941 INFO server.RaftServerConfigKeys: raft.server.log.statemachine.data.caching.enabled = true (custom)
s3g_1       | 	at org.jboss.weld.injection.producer.ProducerMethodProducer.produce(ProducerMethodProducer.java:100)
om_1        | 2019-10-14 12:09:30,499 INFO authorize.ServiceAuthorizationManager: Authorization successful for testuser/scm@EXAMPLE.COM (auth:KERBEROS) for protocol=interface org.apache.hadoop.ozone.om.protocol.OzoneManagerProtocol
datanode_1  | 2019-10-14 12:08:54,940 INFO server.RaftServerConfigKeys: raft.server.log.statemachine.data.sync.timeout.retry = -1 (default)
datanode_3  | 2019-10-14 12:08:54,920 INFO server.RaftServerConfigKeys: raft.server.retrycache.expirytime = 600000ms (custom)
scm_1       | 2019-10-14 12:09:24,476 INFO authorize.ServiceAuthorizationManager: Authorization successful for dn/3a9cf0f59942@EXAMPLE.COM (auth:KERBEROS) for protocol=interface org.apache.hadoop.ozone.protocol.StorageContainerDatanodeProtocol
kdc_1       | Oct 14 12:08:37 kdc kadmind[15](Notice): Request: kadm5_init, admin/admin@EXAMPLE.COM, success, client=admin/admin@EXAMPLE.COM, service=kadmin/admin@EXAMPLE.COM, addr=127.0.0.1, vers=4, flavor=6
s3g_1       | 	at org.jboss.weld.injection.producer.AbstractMemberProducer.produce(AbstractMemberProducer.java:161)
om_1        | 2019-10-14 12:09:33,219 INFO ipc.Server: Auth successful for testuser/scm@EXAMPLE.COM (auth:KERBEROS)
datanode_1  | 2019-10-14 12:08:54,941 INFO server.RaftServerConfigKeys: raft.server.log.statemachine.data.caching.enabled = true (custom)
datanode_3  | 2019-10-14 12:08:54,925 INFO impl.RaftServerImpl: b813d597-940f-4fae-a49b-1b9041b04859@group-B551B372ED4B: start as a follower, conf=-1: [1bc5d2a3-4026-4b73-ace1-ed713d5862ff:172.18.0.6:9858, b813d597-940f-4fae-a49b-1b9041b04859:172.18.0.5:9858, e6405eaa-d622-447c-be86-5a92355d4141:172.18.0.3:9858], old=null
scm_1       | 2019-10-14 12:09:24,477 INFO authorize.ServiceAuthorizationManager: Authorization successful for dn/29ba95d05344@EXAMPLE.COM (auth:KERBEROS) for protocol=interface org.apache.hadoop.ozone.protocol.StorageContainerDatanodeProtocol
datanode_2  | 2019-10-14 12:08:54,941 INFO segmented.SegmentedRaftLogWorker: 1bc5d2a3-4026-4b73-ace1-ed713d5862ff@group-B551B372ED4B-SegmentedRaftLogWorker: flushIndex: setUnconditionally 0 -> -1
kdc_1       | Oct 14 12:08:37 kdc kadmind[15](Notice): Request: kadm5_get_policy, default, Policy does not exist, client=admin/admin@EXAMPLE.EXAMPLE.COM
s3g_1       | 	at org.jboss.weld.bean.AbstractProducerBean.create(AbstractProducerBean.java:180)
datanode_1  | 2019-10-14 12:08:54,941 INFO segmented.SegmentedRaftLogWorker: e6405eaa-d622-447c-be86-5a92355d4141@group-B551B372ED4B-SegmentedRaftLogWorker: flushIndex: setUnconditionally 0 -> -1
datanode_3  | 2019-10-14 12:08:54,925 INFO impl.RaftServerImpl: b813d597-940f-4fae-a49b-1b9041b04859@group-B551B372ED4B: changes role from      null to FOLLOWER at term 0 for startAsFollower
om_1        | 2019-10-14 12:09:33,253 INFO authorize.ServiceAuthorizationManager: Authorization successful for testuser/scm@EXAMPLE.COM (auth:KERBEROS) for protocol=interface org.apache.hadoop.ozone.om.protocol.OzoneManagerProtocol
datanode_2  | 2019-10-14 12:08:54,942 INFO server.RaftServerConfigKeys: raft.server.snapshot.auto.trigger.enabled = true (custom)
scm_1       | 2019-10-14 12:09:42,653 INFO ipc.Server: Auth successful for dn/d011d7541cd3@EXAMPLE.COM (auth:KERBEROS)
kdc_1       | Oct 14 12:08:37 kdc krb5kdc[9](info): AS_REQ (8 etypes {18 17 20 19 16 23 25 26}) 127.0.0.1: SERVER_NOT_FOUND: admin/admin@EXAMPLE.COM for kadmin/localhost@EXAMPLE.COM, Server not found in Kerberos database
datanode_1  | 2019-10-14 12:08:54,941 INFO server.RaftServerConfigKeys: raft.server.snapshot.auto.trigger.enabled = true (custom)
s3g_1       | 	at org.jboss.weld.context.unbound.DependentContextImpl.get(DependentContextImpl.java:70)
datanode_3  | 2019-10-14 12:08:54,925 INFO impl.RoleInfo: b813d597-940f-4fae-a49b-1b9041b04859: start FollowerState
om_1        | 2019-10-14 12:09:35,704 INFO ipc.Server: Auth successful for testuser/scm@EXAMPLE.COM (auth:KERBEROS)
datanode_2  | 2019-10-14 12:08:54,942 INFO server.RaftServerConfigKeys: raft.server.snapshot.auto.trigger.threshold = 10000 (custom)
scm_1       | 2019-10-14 12:09:42,656 INFO authorize.ServiceAuthorizationManager: Authorization successful for dn/d011d7541cd3@EXAMPLE.COM (auth:KERBEROS) for protocol=interface org.apache.hadoop.ozone.protocol.StorageContainerDatanodeProtocol
datanode_1  | 2019-10-14 12:08:54,942 INFO server.RaftServerConfigKeys: raft.server.snapshot.auto.trigger.threshold = 10000 (custom)
s3g_1       | 	at org.jboss.weld.bean.ContextualInstanceStrategy$DefaultContextualInstanceStrategy.get(ContextualInstanceStrategy.java:100)
datanode_3  | 2019-10-14 12:08:54,925 INFO util.JmxRegister: Successfully registered JMX Bean with object name Ratis:service=RaftServer,group=group-B551B372ED4B,id=b813d597-940f-4fae-a49b-1b9041b04859
kdc_1       | Oct 14 12:08:37 kdc krb5kdc[9](info): AS_REQ (8 etypes {18 17 20 19 16 23 25 26}) 127.0.0.1: ISSUE: authtime 1571054917, etypes {rep=18 tkt=18 ses=18}, admin/admin@EXAMPLE.COM for kadmin/admin@EXAMPLE.COM
om_1        | 2019-10-14 12:09:35,715 INFO authorize.ServiceAuthorizationManager: Authorization successful for testuser/scm@EXAMPLE.COM (auth:KERBEROS) for protocol=interface org.apache.hadoop.ozone.om.protocol.OzoneManagerProtocol
datanode_2  | 2019-10-14 12:08:54,942 INFO server.RaftServerConfigKeys: raft.server.snapshot.retention.file.num = 5 (custom)
scm_1       | 2019-10-14 12:09:44,482 INFO ipc.Server: Auth successful for om/om@EXAMPLE.COM (auth:KERBEROS)
datanode_1  | 2019-10-14 12:08:54,942 INFO server.RaftServerConfigKeys: raft.server.snapshot.retention.file.num = 5 (custom)
s3g_1       | 	at org.jboss.weld.bean.ContextualInstance.get(ContextualInstance.java:50)
datanode_3  | 2019-10-14 12:08:59,334 INFO impl.FollowerState: b813d597-940f-4fae-a49b-1b9041b04859@group-E049EBF778E4-FollowerState: change to CANDIDATE, lastRpcTime:5077ms, electionTimeout:5076ms
kdc_1       | Oct 14 12:08:37 kdc krb5kdc[9](info): AS_REQ (8 etypes {18 17 20 19 16 23 25 26}) 127.0.0.1: SERVER_NOT_FOUND: admin/admin@EXAMPLE.COM for kadmin/localhost@EXAMPLE.COM, Server not found in Kerberos database
om_1        | 2019-10-14 12:09:38,417 INFO ipc.Server: Auth successful for testuser/scm@EXAMPLE.COM (auth:KERBEROS)
datanode_2  | 2019-10-14 12:08:54,942 INFO server.RaftServerConfigKeys: raft.server.retrycache.expirytime = 600000ms (custom)
scm_1       | 2019-10-14 12:09:44,484 INFO authorize.ServiceAuthorizationManager: Authorization successful for om/om@EXAMPLE.COM (auth:KERBEROS) for protocol=interface org.apache.hadoop.hdds.scm.protocol.ScmBlockLocationProtocol
datanode_1  | 2019-10-14 12:08:54,942 INFO server.RaftServerConfigKeys: raft.server.retrycache.expirytime = 600000ms (custom)
s3g_1       | 	at org.jboss.weld.manager.BeanManagerImpl.getReference(BeanManagerImpl.java:785)
datanode_3  | 2019-10-14 12:08:59,338 INFO impl.RoleInfo: b813d597-940f-4fae-a49b-1b9041b04859: shutdown FollowerState
kdc_1       | Oct 14 12:08:37 kdc krb5kdc[9](info): AS_REQ (8 etypes {18 17 20 19 16 23 25 26}) 127.0.0.1: ISSUE: authtime 1571054917, etypes {rep=18 tkt=18 ses=18}, admin/admin@EXAMPLE.COM for kadmin/admin@EXAMPLE.COM
om_1        | 2019-10-14 12:09:38,427 INFO authorize.ServiceAuthorizationManager: Authorization successful for testuser/scm@EXAMPLE.COM (auth:KERBEROS) for protocol=interface org.apache.hadoop.ozone.om.protocol.OzoneManagerProtocol
datanode_2  | 2019-10-14 12:08:54,946 INFO impl.RaftServerImpl: 1bc5d2a3-4026-4b73-ace1-ed713d5862ff@group-B551B372ED4B: start as a follower, conf=-1: [1bc5d2a3-4026-4b73-ace1-ed713d5862ff:172.18.0.6:9858, b813d597-940f-4fae-a49b-1b9041b04859:172.18.0.5:9858, e6405eaa-d622-447c-be86-5a92355d4141:172.18.0.3:9858], old=null
scm_1       | 2019-10-14 12:09:54,473 INFO ipc.Server: Auth successful for dn/3a9cf0f59942@EXAMPLE.COM (auth:KERBEROS)
datanode_1  | 2019-10-14 12:08:54,947 INFO impl.RaftServerImpl: e6405eaa-d622-447c-be86-5a92355d4141@group-B551B372ED4B: start as a follower, conf=-1: [1bc5d2a3-4026-4b73-ace1-ed713d5862ff:172.18.0.6:9858, b813d597-940f-4fae-a49b-1b9041b04859:172.18.0.5:9858, e6405eaa-d622-447c-be86-5a92355d4141:172.18.0.3:9858], old=null
s3g_1       | 	at org.jboss.weld.manager.BeanManagerImpl.getInjectableReference(BeanManagerImpl.java:885)
datanode_3  | 2019-10-14 12:08:59,338 INFO impl.RaftServerImpl: b813d597-940f-4fae-a49b-1b9041b04859@group-E049EBF778E4: changes role from  FOLLOWER to CANDIDATE at term 0 for changeToCandidate
kdc_1       | Oct 14 12:08:37 kdc krb5kdc[9](info): AS_REQ (8 etypes {18 17 20 19 16 23 25 26}) 127.0.0.1: SERVER_NOT_FOUND: admin/admin@EXAMPLE.COM for kadmin/localhost@EXAMPLE.COM, Server not found inCOM, service=kadmin/admin@EXAMPLE.COM, addr=127.0.0.1
om_1        | 2019-10-14 12:09:41,138 INFO ipc.Server: Auth successful for testuser/scm@EXAMPLE.COM (auth:KERBEROS)
datanode_2  | 2019-10-14 12:08:54,946 INFO impl.RaftServerImpl: 1bc5d2a3-4026-4b73-ace1-ed713d5862ff@group-B551B372ED4B: changes role from      null to FOLLOWER at term 0 for startAsFollower
scm_1       | 2019-10-14 12:09:54,474 INFO ipc.Server: Auth successful for dn/29ba95d05344@EXAMPLE.COM (auth:KERBEROS)
s3g_1       | 	at org.jboss.weld.injection.FieldInjectionPoint.inject(FieldInjectionPoint.java:92)
datanode_1  | 2019-10-14 12:08:54,947 INFO impl.RaftServerImpl: e6405eaa-d622-447c-be86-5a92355d4141@group-B551B372ED4B: changes role from      null to FOLLOWER at term 0 for startAsFollower
datanode_3  | 2019-10-14 12:08:59,344 INFO impl.RoleInfo: b813d597-940f-4fae-a49b-1b9041b04859: start LeaderElection
kdc_1       | Oct 14 12:08:37 kdc kadmind[15](Notice): Request: kadm5_create_principal, dn/29ba95d05344@EXAMPLE.COM, success, client=admin/admin@EXAMPLE.COM, service=kadmin/admin@EXAMPLE.COM, addr=127.0.0.1
om_1        | 2019-10-14 12:09:41,150 INFO authorize.ServiceAuthorizationManager: Authorization successful for testuser/scm@EXAMPLE.COM (auth:KERBEROS) for protocol=interface org.apache.hadoop.ozone.om.protocol.OzoneManagerProtocol
datanode_2  | 2019-10-14 12:08:54,947 INFO impl.RoleInfo: 1bc5d2a3-4026-4b73-ace1-ed713d5862ff: start FollowerState
scm_1       | 2019-10-14 12:09:54,476 INFO authorize.ServiceAuthorizationManager: Authorization successful for dn/3a9cf0f59942@EXAMPLE.COM (auth:KERBEROS) for protocol=interface org.apache.hadoop.ozone.protocol.StorageContainerDatanodeProtocol
s3g_1       | 	at org.jboss.weld.util.Beans.injectBoundFields(Beans.java:358)
datanode_1  | 2019-10-14 12:08:54,947 INFO impl.RoleInfo: e6405eaa-d622-447c-be86-5a92355d4141: start FollowerState
datanode_3  | 2019-10-14 12:08:59,360 INFO impl.LeaderElection: b813d597-940f-4fae-a49b-1b9041b04859@group-E049EBF778E4-LeaderElection1: begin an election at term 1 for -1: [b813d597-940f-4fae-a49b-1b9041b04859:172.18.0.5:9858], old=null
kdc_1       | Oct 14 12:08:37 kdc kadmind[15](info): closing down fd 18
om_1        | 2019-10-14 12:09:43,748 INFO ipc.Server: Auth successful for testuser/scm@EXAMPLE.COM (auth:KERBEROS)
scm_1       | 2019-10-14 12:09:54,477 INFO authorize.ServiceAuthorizationManager: Authorization successful for dn/29ba95d05344@EXAMPLE.COM (auth:KERBEROS) for protocol=interface org.apache.hadoop.ozone.protocol.StorageContainerDatanodeProtocol
datanode_2  | 2019-10-14 12:08:54,947 INFO util.JmxRegister: Successfully registered JMX Bean with object name Ratis:service=RaftServer,group=group-B551B372ED4B,id=1bc5d2a3-4026-4b73-ace1-ed713d5862ff
s3g_1       | 	at org.jboss.weld.util.Beans.injectFieldsAndInitializers(Beans.java:369)
datanode_1  | 2019-10-14 12:08:54,947 INFO util.JmxRegister: Successfully registered JMX Bean with object name Ratis:service=RaftServer,group=group-B551B372ED4B,id=e6405eaa-d622-447c-be86-5a92355d4141
datanode_3  | 2019-10-14 12:08:59,362 INFO impl.RoleInfo: b813d597-940f-4fae-a49b-1b9041b04859: shutdown LeaderElection
kdc_1       | Oct 14 12:08:37 kdc kadmind[15](Notice): Request: kadm5_init, admin/admin@EXAMPLE.COM, success, client=admin/admin@EXAMPLE.COM, service=kadmin/admin@EXAMPLE.COM, addr=127.0.0.1, vers=4, flavor=6
scm_1       | 2019-10-14 12:10:15,897 INFO ipc.Server: Auth successful for dn/d011d7541cd3@EXAMPLE.COM (auth:KERBEROS)
datanode_2  | 2019-10-14 12:08:58,860 INFO impl.FollowerState: 1bc5d2a3-4026-4b73-ace1-ed713d5862ff@group-ED21EF3B7F98-FollowerState: change to CANDIDATE, lastRpcTime:5151ms, electionTimeout:5150ms
om_1        | 2019-10-14 12:09:43,761 INFO authorize.ServiceAuthorizationManager: Authorization successful for testuser/scm@EXAMPLE.COM (auth:KERBEROS) for protocol=interface org.apache.hadoop.ozone.om.protocol.OzoneManagerProtocol
s3g_1       | 	at org.jboss.weld.injection.producer.ResourceInjector$1.proceed(ResourceInjector.java:70)
datanode_1  | 2019-10-14 12:08:59,918 INFO impl.FollowerState: e6405eaa-d622-447c-be86-5a92355d4141@group-5154DCC2A272-FollowerState: change to CANDIDATE, lastRpcTime:5167ms, electionTimeout:5166ms
datanode_3  | 2019-10-14 12:08:59,363 INFO impl.RaftServerImpl: b813d597-940f-4fae-a49b-1b9041b04859@group-E049EBF778E4: changes role from CANDIDATE to LEADER at term 1 for changeToLeader
kdc_1       | Oct 14 12:08:37 kdc kadmind[15](Notice): Request: kadm5_randkey_principal, dn/29ba95d05344@EXAMPLE.COM, success, client=admin/admin@EXAMPLE.COM, service=kadmin/admin@EXAMPLE.COM, addr=127.0.0.1
scm_1       | 2019-10-14 12:10:15,904 INFO authorize.ServiceAuthorizationManager: Authorization successful for dn/d011d7541cd3@EXAMPLE.COM (auth:KERBEROS) for protocol=interface org.apache.hadoop.ozone.protocol.StorageContainerDatanodeProtocol
datanode_2  | 2019-10-14 12:08:58,862 INFO impl.RoleInfo: 1bc5d2a3-4026-4b73-ace1-ed713d5862ff: shutdown FollowerState
om_1        | 2019-10-14 12:09:48,417 INFO ipc.Server: Auth successful for testuser/scm@EXAMPLE.COM (auth:KERBEROS)
s3g_1       | 	at org.jboss.weld.injection.InjectionContextImpl.run(InjectionContextImpl.java:48)
datanode_1  | 2019-10-14 12:08:59,920 INFO impl.RoleInfo: e6405eaa-d622-447c-be86-5a92355d4141: shutdown FollowerState
datanode_3  | 2019-10-14 12:08:59,363 INFO impl.RaftServerImpl: b813d597-940f-4fae-a49b-1b9041b04859@group-E049EBF778E4: change Leader from null to b813d597-940f-4fae-a49b-1b9041b04859 at term 1 for becomeLeader, leader elected after 5211ms
kdc_1       | WARNING: no policy specified for HTTP/eac8e8120b76@EXAMPLE.COM; defaulting to no policy
scm_1       | 2019-10-14 12:10:24,475 INFO ipc.Server: Auth successful for dn/3a9cf0f59942@EXAMPLE.COM (auth:KERBEROS)
datanode_2  | 2019-10-14 12:08:58,862 INFO impl.RaftServerImpl: 1bc5d2a3-4026-4b73-ace1-ed713d5862ff@group-ED21EF3B7F98: changes role from  FOLLOWER to CANDIDATE at term 0 for changeToCandidate
om_1        | 2019-10-14 12:09:48,428 INFO authorize.ServiceAuthorizationManager: Authorization successful for testuser/scm@EXAMPLE.COM (auth:KERBEROS) for protocol=interface org.apache.hadoop.ozone.om.protocol.OzoneManagerProtocol
s3g_1       | 	at org.jboss.weld.injection.producer.ResourceInjector.inject(ResourceInjector.java:72)
datanode_1  | 2019-10-14 12:08:59,921 INFO impl.RaftServerImpl: e6405eaa-d622-447c-be86-5a92355d4141@group-5154DCC2A272: changes role from  FOLLOWER to CANDIDATE at term 0 for changeToCandidate
datanode_3  | 2019-10-14 12:08:59,368 INFO server.RaftServerConfigKeys: raft.server.staging.catchup.gap = 1000 (default)
kdc_1       | Oct 14 12:08:37 kdc kadmind[15](Notice): Request: kadm5_get_principal, dn/29ba95d05344@EXAMPLE.COM, success, client=admin/admin@EXAMPLE.COM, service=kadmin/admin@EXAMPLE.COM, addr=127.0.0.1
scm_1       | 2019-10-14 12:10:24,476 INFO ipc.Server: Auth successful for dn/29ba95d05344@EXAMPLE.COM (auth:KERBEROS)
datanode_2  | 2019-10-14 12:08:58,866 INFO impl.RoleInfo: 1bc5d2a3-4026-4b73-ace1-ed713d5862ff: start LeaderElection
om_1        | 2019-10-14 12:09:52,677 INFO ipc.Server: Auth successful for testuser/scm@EXAMPLE.COM (auth:KERBEROS)
datanode_1  | 2019-10-14 12:08:59,924 INFO impl.RoleInfo: e6405eaa-d622-447c-be86-5a92355d4141: start LeaderElection
s3g_1       | 	at org.jboss.weld.injection.producer.BasicInjectionTarget.inject(BasicInjectionTarget.java:117)
datanode_3  | 2019-10-14 12:08:59,368 INFO server.RaftServerConfigKeys: raft.server.rpc.sleep.time = 25ms (default)
