Attaching to ozonesecure_s3g_1, ozonesecure_datanode_3, ozonesecure_recon_1, ozonesecure_om_1, ozonesecure_kms_1, ozonesecure_datanode_2, ozonesecure_datanode_1, ozonesecure_kdc_1, ozonesecure_scm_1
datanode_3  | Sleeping for 5 seconds
datanode_3  | Setting up kerberos!!
datanode_3  | KDC ISSUER_SERVER => kdc:8081
datanode_3  | Sleeping for 5 seconds
datanode_3  | Got 200, KDC service ready!!
datanode_3  | Download dn/c8fdb0071ce0@EXAMPLE.COM keytab file to /etc/security/keytabs/dn.keytab
datanode_3  | --2019-10-14 18:55:29--  http://kdc:8081/keytab/c8fdb0071ce0/dn
datanode_3  | Resolving kdc (kdc)... 172.18.0.2
recon_1     | Sleeping for 5 seconds
datanode_3  | Connecting to kdc (kdc)|172.18.0.2|:8081... connected.
recon_1     | Waiting for the service om:9874
recon_1     | Setting up kerberos!!
s3g_1       | Sleeping for 5 seconds
kms_1       | Sleeping for 5 seconds
om_1        | Sleeping for 5 seconds
recon_1     | KDC ISSUER_SERVER => kdc:8081
s3g_1       | Setting up kerberos!!
datanode_3  | HTTP request sent, awaiting response... 200 OK
kms_1       | Setting up kerberos!!
om_1        | Setting up kerberos!!
recon_1     | Sleeping for 5 seconds
datanode_3  | Length: 158 [application/octet-stream]
s3g_1       | KDC ISSUER_SERVER => kdc:8081
kms_1       | KDC ISSUER_SERVER => kdc:8081
datanode_1  | Sleeping for 5 seconds
om_1        | KDC ISSUER_SERVER => kdc:8081
recon_1     | Got 200, KDC service ready!!
datanode_3  | Saving to: '/etc/security/keytabs/dn.keytab'
s3g_1       | Sleeping for 5 seconds
datanode_2  | Sleeping for 5 seconds
kms_1       | /opt/starter.sh: line 66: SLEEP_SECONDS: command not found
datanode_1  | Setting up kerberos!!
scm_1       | Sleeping for 5 seconds
om_1        | Sleeping for 5 seconds
recon_1     | Download dn/recon@EXAMPLE.COM keytab file to /etc/security/keytabs/dn.keytab
datanode_3  | 
s3g_1       | Got 200, KDC service ready!!
datanode_2  | Setting up kerberos!!
datanode_1  | KDC ISSUER_SERVER => kdc:8081
scm_1       | Setting up kerberos!!
kms_1       | Sleeping for  seconds
kdc_1       | Issuer is listening on : 8081krb5kdc: starting...
om_1        | Got 200, KDC service ready!!
recon_1     | --2019-10-14 18:55:53--  http://kdc:8081/keytab/recon/dn
datanode_3  |      0K                                                       100% 8.27M=0s
s3g_1       | Download dn/s3g@EXAMPLE.COM keytab file to /etc/security/keytabs/dn.keytab
datanode_2  | KDC ISSUER_SERVER => kdc:8081
datanode_1  | Sleeping for 5 seconds
scm_1       | KDC ISSUER_SERVER => kdc:8081
kms_1       | Got 200, KDC service ready!!
kdc_1       | kadmind: starting...
recon_1     | Resolving kdc (kdc)... 172.18.0.2
om_1        | Download dn/om@EXAMPLE.COM keytab file to /etc/security/keytabs/dn.keytab
datanode_3  | 
s3g_1       | --2019-10-14 18:55:29--  http://kdc:8081/keytab/s3g/dn
datanode_2  | Sleeping for 5 seconds
datanode_1  | Got 200, KDC service ready!!
scm_1       | Sleeping for 5 seconds
kms_1       | Download dn/ed923b4781bb@EXAMPLE.COM keytab file to /etc/security/keytabs/dn.keytab
kdc_1       | otp: Loaded
recon_1     | Connecting to kdc (kdc)|172.18.0.2|:8081... connected.
om_1        | --2019-10-14 18:55:29--  http://kdc:8081/keytab/om/dn
datanode_3  | 2019-10-14 18:55:30 (8.27 MB/s) - '/etc/security/keytabs/dn.keytab' saved [158/158]
s3g_1       | Resolving kdc (kdc)... 172.18.0.2
datanode_2  | Got 200, KDC service ready!!
datanode_1  | Download dn/044d4fd0ac17@EXAMPLE.COM keytab file to /etc/security/keytabs/dn.keytab
scm_1       | Got 200, KDC service ready!!
kms_1       | --2019-10-14 18:55:28--  http://kdc:8081/keytab/ed923b4781bb/dn
kdc_1       | Oct 14 18:55:17 kdc krb5kdc[9](info): setting up network...
recon_1     | HTTP request sent, awaiting response... 200 OK
om_1        | Resolving kdc (kdc)... 172.18.0.2
datanode_3  | 
s3g_1       | Connecting to kdc (kdc)|172.18.0.2|:8081... connected.
datanode_2  | Download dn/8dcfbf907d21@EXAMPLE.COM keytab file to /etc/security/keytabs/dn.keytab
scm_1       | Download dn/scm@EXAMPLE.COM keytab file to /etc/security/keytabs/dn.keytab
datanode_1  | --2019-10-14 18:55:27--  http://kdc:8081/keytab/044d4fd0ac17/dn
kms_1       | Resolving kdc (kdc)... 172.18.0.2
kdc_1       | krb5kdc: setsockopt(9,IPV6_V6ONLY,1) worked
recon_1     | Length: 144 [application/octet-stream]
om_1        | Connecting to kdc (kdc)|172.18.0.2|:8081... connected.
datanode_3  | Keytab name: FILE:/etc/security/keytabs/dn.keytab
s3g_1       | HTTP request sent, awaiting response... 200 OK
datanode_2  | --2019-10-14 18:55:27--  http://kdc:8081/keytab/8dcfbf907d21/dn
scm_1       | --2019-10-14 18:55:28--  http://kdc:8081/keytab/scm/dn
datanode_1  | Resolving kdc (kdc)... 172.18.0.2
kms_1       | Connecting to kdc (kdc)|172.18.0.2|:8081... connected.
kdc_1       | krb5kdc: setsockopt(11,IPV6_V6ONLY,1) worked
recon_1     | Saving to: '/etc/security/keytabs/dn.keytab'
om_1        | HTTP request sent, awaiting response... 200 OK
datanode_3  | KVNO Timestamp         Principal
s3g_1       | Length: 140 [application/octet-stream]
datanode_2  | Resolving kdc (kdc)... 172.18.0.2
scm_1       | Resolving kdc (kdc)... 172.18.0.2
datanode_1  | Connecting to kdc (kdc)|172.18.0.2|:8081... connected.
kms_1       | HTTP request sent, awaiting response... 200 OK
kdc_1       | Oct 14 18:55:17 kdc krb5kdc[9](info): set up 4 sockets
recon_1     | 
datanode_3  | ---- ----------------- --------------------------------------------------------
om_1        | Length: 138 [application/octet-stream]
s3g_1       | Saving to: '/etc/security/keytabs/dn.keytab'
datanode_2  | Connecting to kdc (kdc)|172.18.0.2|:8081... connected.
scm_1       | Connecting to kdc (kdc)|172.18.0.2|:8081... connected.
datanode_1  | HTTP request sent, awaiting response... 200 OK
kms_1       | Length: 158 [application/octet-stream]
kdc_1       | Oct 14 18:55:17 kdc krb5kdc[9](info): commencing operation
recon_1     |      0K                                                       100% 12.6M=0s
datanode_3  |    2 10/14/19 18:55:30 dn/c8fdb0071ce0@EXAMPLE.COM
om_1        | Saving to: '/etc/security/keytabs/dn.keytab'
s3g_1       | 
scm_1       | HTTP request sent, awaiting response... 200 OK
datanode_2  | HTTP request sent, awaiting response... 200 OK
datanode_1  | Length: 158 [application/octet-stream]
kms_1       | Saving to: '/etc/security/keytabs/dn.keytab'
recon_1     | 
kdc_1       | Oct 14 18:55:06 e4329d4e7b90 kadmin.local[1](info): No dictionary file specified, continuing without one.
datanode_3  |    2 10/14/19 18:55:30 dn/c8fdb0071ce0@EXAMPLE.COM
om_1        | 
s3g_1       |      0K                                                       100% 18.3M=0s
datanode_2  | Length: 158 [application/octet-stream]
scm_1       | Length: 140 [application/octet-stream]
datanode_1  | Saving to: '/etc/security/keytabs/dn.keytab'
kms_1       | 
recon_1     | 2019-10-14 18:55:53 (12.6 MB/s) - '/etc/security/keytabs/dn.keytab' saved [144/144]
kdc_1       | Oct 14 18:55:08 bc1966c9fe46 kadmin.local[1](info): No dictionary file specified, continuing without one.
datanode_3  | Download om/c8fdb0071ce0@EXAMPLE.COM keytab file to /etc/security/keytabs/om.keytab
om_1        |      0K                                                       100% 12.5M=0s
s3g_1       | 
datanode_2  | Saving to: '/etc/security/keytabs/dn.keytab'
scm_1       | Saving to: '/etc/security/keytabs/dn.keytab'
datanode_1  | 
kms_1       |      0K                                                       100% 15.4M=0s
recon_1     | 
kdc_1       | Oct 14 18:55:21 kdc kadmind[15](info): No dictionary file specified, continuing without one.
datanode_3  | --2019-10-14 18:55:30--  http://kdc:8081/keytab/c8fdb0071ce0/om
om_1        | 
datanode_2  | 
s3g_1       | 2019-10-14 18:55:30 (18.3 MB/s) - '/etc/security/keytabs/dn.keytab' saved [140/140]
scm_1       | 
datanode_1  |      0K                                                       100% 10.3M=0s
kms_1       | 
recon_1     | Keytab name: FILE:/etc/security/keytabs/dn.keytab
kdc_1       | Oct 14 18:55:21 kdc kadmind[15](info): setting up network...
datanode_3  | Resolving kdc (kdc)... 172.18.0.2
om_1        | 2019-10-14 18:55:30 (12.5 MB/s) - '/etc/security/keytabs/dn.keytab' saved [138/138]
datanode_2  |      0K                                                       100% 14.7M=0s
s3g_1       | 
scm_1       |      0K                                                       100% 13.5M=0s
datanode_1  | 
kms_1       | 2019-10-14 18:55:29 (15.4 MB/s) - '/etc/security/keytabs/dn.keytab' saved [158/158]
recon_1     | KVNO Timestamp         Principal
kdc_1       | kadmind: setsockopt(9,IPV6_V6ONLY,1) worked
datanode_3  | Connecting to kdc (kdc)|172.18.0.2|:8081... connected.
om_1        | 
datanode_2  | 
s3g_1       | Keytab name: FILE:/etc/security/keytabs/dn.keytab
datanode_1  | 2019-10-14 18:55:27 (10.3 MB/s) - '/etc/security/keytabs/dn.keytab' saved [158/158]
kms_1       | 
scm_1       | 
recon_1     | ---- ----------------- --------------------------------------------------------
kdc_1       | kadmind: setsockopt(11,IPV6_V6ONLY,1) worked
datanode_3  | HTTP request sent, awaiting response... 200 OK
om_1        | Keytab name: FILE:/etc/security/keytabs/dn.keytab
datanode_2  | 2019-10-14 18:55:28 (14.7 MB/s) - '/etc/security/keytabs/dn.keytab' saved [158/158]
s3g_1       | KVNO Timestamp         Principal
kms_1       | Keytab name: FILE:/etc/security/keytabs/dn.keytab
datanode_1  | 
scm_1       | 2019-10-14 18:55:28 (13.5 MB/s) - '/etc/security/keytabs/dn.keytab' saved [140/140]
recon_1     |    2 10/14/19 18:55:53 dn/recon@EXAMPLE.COM
kdc_1       | kadmind: setsockopt(13,IPV6_V6ONLY,1) worked
datanode_3  | Length: 158 [application/octet-stream]
om_1        | KVNO Timestamp         Principal
datanode_2  | 
s3g_1       | ---- ----------------- --------------------------------------------------------
kms_1       | KVNO Timestamp         Principal
datanode_1  | Keytab name: FILE:/etc/security/keytabs/dn.keytab
scm_1       | 
kdc_1       | Oct 14 18:55:21 kdc kadmind[15](info): set up 6 sockets
recon_1     |    2 10/14/19 18:55:53 dn/recon@EXAMPLE.COM
datanode_3  | Saving to: '/etc/security/keytabs/om.keytab'
om_1        | ---- ----------------- --------------------------------------------------------
datanode_2  | Keytab name: FILE:/etc/security/keytabs/dn.keytab
s3g_1       |    2 10/14/19 18:55:30 dn/s3g@EXAMPLE.COM
kms_1       | ---- ----------------- --------------------------------------------------------
datanode_1  | KVNO Timestamp         Principal
scm_1       | Keytab name: FILE:/etc/security/keytabs/dn.keytab
kdc_1       | Oct 14 18:55:21 kdc kadmind[15](info): Seeding random number generator
recon_1     | Download om/recon@EXAMPLE.COM keytab file to /etc/security/keytabs/om.keytab
om_1        |    2 10/14/19 18:55:30 dn/om@EXAMPLE.COM
datanode_3  | 
datanode_2  | KVNO Timestamp         Principal
s3g_1       |    2 10/14/19 18:55:30 dn/s3g@EXAMPLE.COM
kms_1       |    2 10/14/19 18:55:29 dn/ed923b4781bb@EXAMPLE.COM
datanode_1  | ---- ----------------- --------------------------------------------------------
scm_1       | KVNO Timestamp         Principal
kdc_1       | Oct 14 18:55:21 kdc kadmind[15](info): starting
recon_1     | --2019-10-14 18:55:53--  http://kdc:8081/keytab/recon/om
om_1        |    2 10/14/19 18:55:30 dn/om@EXAMPLE.COM
datanode_3  |      0K                                                       100% 21.4M=0s
datanode_2  | ---- ----------------- --------------------------------------------------------
s3g_1       | Download om/s3g@EXAMPLE.COM keytab file to /etc/security/keytabs/om.keytab
kms_1       |    2 10/14/19 18:55:29 dn/ed923b4781bb@EXAMPLE.COM
datanode_1  |    2 10/14/19 18:55:27 dn/044d4fd0ac17@EXAMPLE.COM
scm_1       | ---- ----------------- --------------------------------------------------------
kdc_1       | Generiting keytab
recon_1     | Resolving kdc (kdc)... 172.18.0.2
om_1        | Download om/om@EXAMPLE.COM keytab file to /etc/security/keytabs/om.keytab
datanode_3  | 
datanode_2  |    2 10/14/19 18:55:28 dn/8dcfbf907d21@EXAMPLE.COM
s3g_1       | --2019-10-14 18:55:30--  http://kdc:8081/keytab/s3g/om
kms_1       | Download om/ed923b4781bb@EXAMPLE.COM keytab file to /etc/security/keytabs/om.keytab
scm_1       |    2 10/14/19 18:55:28 dn/scm@EXAMPLE.COM
datanode_1  |    2 10/14/19 18:55:27 dn/044d4fd0ac17@EXAMPLE.COM
kdc_1       | Authenticating as principal admin/admin with keytab /tmp/admin.keytab.
recon_1     | Connecting to kdc (kdc)|172.18.0.2|:8081... connected.
om_1        | --2019-10-14 18:55:30--  http://kdc:8081/keytab/om/om
datanode_3  | 2019-10-14 18:55:32 (21.4 MB/s) - '/etc/security/keytabs/om.keytab' saved [158/158]
datanode_2  |    2 10/14/19 18:55:28 dn/8dcfbf907d21@EXAMPLE.COM
s3g_1       | Resolving kdc (kdc)... 172.18.0.2
kms_1       | --2019-10-14 18:55:29--  http://kdc:8081/keytab/ed923b4781bb/om
scm_1       |    2 10/14/19 18:55:28 dn/scm@EXAMPLE.COM
datanode_1  | Download om/044d4fd0ac17@EXAMPLE.COM keytab file to /etc/security/keytabs/om.keytab
kdc_1       | WARNING: no policy specified for test/test@EXAMPLE.COM; defaulting to no policy
recon_1     | HTTP request sent, awaiting response... 200 OK
om_1        | Resolving kdc (kdc)... 172.18.0.2
datanode_3  | 
datanode_2  | Download om/8dcfbf907d21@EXAMPLE.COM keytab file to /etc/security/keytabs/om.keytab
s3g_1       | Connecting to kdc (kdc)|172.18.0.2|:8081... connected.
kms_1       | Resolving kdc (kdc)... 172.18.0.2
datanode_1  | --2019-10-14 18:55:27--  http://kdc:8081/keytab/044d4fd0ac17/om
kdc_1       | Principal "test/test@EXAMPLE.COM" created.
scm_1       | Download om/scm@EXAMPLE.COM keytab file to /etc/security/keytabs/om.keytab
recon_1     | Length: 144 [application/octet-stream]
om_1        | Connecting to kdc (kdc)|172.18.0.2|:8081... connected.
datanode_2  | --2019-10-14 18:55:28--  http://kdc:8081/keytab/8dcfbf907d21/om
datanode_3  | Keytab name: FILE:/etc/security/keytabs/om.keytab
s3g_1       | HTTP request sent, awaiting response... 200 OK
kms_1       | Connecting to kdc (kdc)|172.18.0.2|:8081... connected.
datanode_1  | Resolving kdc (kdc)... 172.18.0.2
kdc_1       | Authenticating as principal admin/admin with keytab /tmp/admin.keytab.
scm_1       | --2019-10-14 18:55:28--  http://kdc:8081/keytab/scm/om
recon_1     | Saving to: '/etc/security/keytabs/om.keytab'
om_1        | HTTP request sent, awaiting response... 200 OK
datanode_2  | Resolving kdc (kdc)... 172.18.0.2
datanode_3  | KVNO Timestamp         Principal
s3g_1       | Length: 140 [application/octet-stream]
kms_1       | HTTP request sent, awaiting response... 200 OK
datanode_1  | Connecting to kdc (kdc)|172.18.0.2|:8081... connected.
kdc_1       | Entry for principal test/test@EXAMPLE.COM with kvno 2, encryption type aes256-cts-hmac-sha1-96 added to keytab WRFILE:/data/test.test.keytab.
scm_1       | Resolving kdc (kdc)... 172.18.0.2
recon_1     | 
om_1        | Length: 138 [application/octet-stream]
datanode_3  | ---- ----------------- --------------------------------------------------------
s3g_1       | Saving to: '/etc/security/keytabs/om.keytab'
datanode_2  | Connecting to kdc (kdc)|172.18.0.2|:8081... connected.
kms_1       | Length: 158 [application/octet-stream]
datanode_1  | HTTP request sent, awaiting response... 200 OK
scm_1       | Connecting to kdc (kdc)|172.18.0.2|:8081... connected.
kdc_1       | Entry for principal test/test@EXAMPLE.COM with kvno 2, encryption type aes128-cts-hmac-sha1-96 added to keytab WRFILE:/data/test.test.keytab.
recon_1     |      0K                                                       100% 12.1M=0s
om_1        | Saving to: '/etc/security/keytabs/om.keytab'
datanode_3  |    2 10/14/19 18:55:32 om/c8fdb0071ce0@EXAMPLE.COM
s3g_1       | 
datanode_2  | HTTP request sent, awaiting response... 200 OK
kms_1       | Saving to: '/etc/security/keytabs/om.keytab'
datanode_1  | Length: 158 [application/octet-stream]
scm_1       | HTTP request sent, awaiting response... 200 OK
kdc_1       | Generiting keytab
recon_1     | 
om_1        | 
s3g_1       |      0K                                                       100% 9.26M=0s
kms_1       | 
datanode_2  | Length: 158 [application/octet-stream]
datanode_3  |    2 10/14/19 18:55:32 om/c8fdb0071ce0@EXAMPLE.COM
datanode_1  | Saving to: '/etc/security/keytabs/om.keytab'
scm_1       | Length: 140 [application/octet-stream]
kdc_1       | Authenticating as principal admin/admin with keytab /tmp/admin.keytab.
om_1        |      0K                                                       100% 2.86M=0s
recon_1     | 2019-10-14 18:55:53 (12.1 MB/s) - '/etc/security/keytabs/om.keytab' saved [144/144]
s3g_1       | 
kms_1       |      0K                                                       100% 14.4M=0s
datanode_2  | Saving to: '/etc/security/keytabs/om.keytab'
datanode_3  | Download scm/c8fdb0071ce0@EXAMPLE.COM keytab file to /etc/security/keytabs/scm.keytab
datanode_1  | 
scm_1       | Saving to: '/etc/security/keytabs/om.keytab'
kdc_1       | WARNING: no policy specified for test/test@EXAMPLE.COM; defaulting to no policy
om_1        | 
recon_1     | 
kms_1       | 
datanode_2  | 
datanode_3  | --2019-10-14 18:55:32--  http://kdc:8081/keytab/c8fdb0071ce0/scm
s3g_1       | 2019-10-14 18:55:32 (9.26 MB/s) - '/etc/security/keytabs/om.keytab' saved [140/140]
datanode_1  |      0K                                                       100% 17.6M=0s
scm_1       | 
kdc_1       | add_principal: Principal or policy already exists while creating "test/test@EXAMPLE.COM".
om_1        | 2019-10-14 18:55:31 (2.86 MB/s) - '/etc/security/keytabs/om.keytab' saved [138/138]
recon_1     | Keytab name: FILE:/etc/security/keytabs/om.keytab
kms_1       | 2019-10-14 18:55:30 (14.4 MB/s) - '/etc/security/keytabs/om.keytab' saved [158/158]
datanode_2  |      0K                                                       100% 13.0M=0s
datanode_3  | Resolving kdc (kdc)... 172.18.0.2
s3g_1       | 
datanode_1  | 
scm_1       |      0K                                                       100% 11.5M=0s
kdc_1       | Authenticating as principal admin/admin with keytab /tmp/admin.keytab.
om_1        | 
recon_1     | KVNO Timestamp         Principal
kms_1       | 
datanode_2  | 
datanode_3  | Connecting to kdc (kdc)|172.18.0.2|:8081... connected.
s3g_1       | Keytab name: FILE:/etc/security/keytabs/om.keytab
datanode_1  | 2019-10-14 18:55:28 (17.6 MB/s) - '/etc/security/keytabs/om.keytab' saved [158/158]
scm_1       | 
om_1        | Keytab name: FILE:/etc/security/keytabs/om.keytab
kdc_1       | Entry for principal test/test@EXAMPLE.COM with kvno 3, encryption type aes256-cts-hmac-sha1-96 added to keytab WRFILE:/data/test.test.keytab.
recon_1     | ---- ----------------- --------------------------------------------------------
kms_1       | Keytab name: FILE:/etc/security/keytabs/om.keytab
datanode_2  | 2019-10-14 18:55:28 (13.0 MB/s) - '/etc/security/keytabs/om.keytab' saved [158/158]
s3g_1       | KVNO Timestamp         Principal
datanode_1  | 
datanode_3  | HTTP request sent, awaiting response... 200 OK
scm_1       | 2019-10-14 18:55:29 (11.5 MB/s) - '/etc/security/keytabs/om.keytab' saved [140/140]
om_1        | KVNO Timestamp         Principal
kdc_1       | Entry for principal test/test@EXAMPLE.COM with kvno 3, encryption type aes128-cts-hmac-sha1-96 added to keytab WRFILE:/data/test.test.keytab.
kms_1       | KVNO Timestamp         Principal
recon_1     |    2 10/14/19 18:55:53 om/recon@EXAMPLE.COM
datanode_2  | 
s3g_1       | ---- ----------------- --------------------------------------------------------
datanode_1  | Keytab name: FILE:/etc/security/keytabs/om.keytab
datanode_3  | Length: 160 [application/octet-stream]
scm_1       | 
om_1        | ---- ----------------- --------------------------------------------------------
kdc_1       | Generiting keytab
kms_1       | ---- ----------------- --------------------------------------------------------
recon_1     |    2 10/14/19 18:55:53 om/recon@EXAMPLE.COM
datanode_2  | Keytab name: FILE:/etc/security/keytabs/om.keytab
s3g_1       |    2 10/14/19 18:55:32 om/s3g@EXAMPLE.COM
datanode_1  | KVNO Timestamp         Principal
datanode_3  | Saving to: '/etc/security/keytabs/scm.keytab'
scm_1       | Keytab name: FILE:/etc/security/keytabs/om.keytab
om_1        |    2 10/14/19 18:55:31 om/om@EXAMPLE.COM
kdc_1       | Authenticating as principal admin/admin with keytab /tmp/admin.keytab.
kms_1       |    2 10/14/19 18:55:30 om/ed923b4781bb@EXAMPLE.COM
recon_1     | Download scm/recon@EXAMPLE.COM keytab file to /etc/security/keytabs/scm.keytab
datanode_2  | KVNO Timestamp         Principal
s3g_1       |    2 10/14/19 18:55:32 om/s3g@EXAMPLE.COM
datanode_1  | ---- ----------------- --------------------------------------------------------
datanode_3  | 
scm_1       | KVNO Timestamp         Principal
om_1        |    2 10/14/19 18:55:31 om/om@EXAMPLE.COM
kms_1       |    2 10/14/19 18:55:30 om/ed923b4781bb@EXAMPLE.COM
kdc_1       | WARNING: no policy specified for dn/044d4fd0ac17@EXAMPLE.COM; defaulting to no policy
recon_1     | --2019-10-14 18:55:53--  http://kdc:8081/keytab/recon/scm
datanode_2  | ---- ----------------- --------------------------------------------------------
s3g_1       | Download scm/s3g@EXAMPLE.COM keytab file to /etc/security/keytabs/scm.keytab
datanode_3  |      0K                                                       100% 1.12M=0s
scm_1       | ---- ----------------- --------------------------------------------------------
om_1        | Download scm/om@EXAMPLE.COM keytab file to /etc/security/keytabs/scm.keytab
kms_1       | Download scm/ed923b4781bb@EXAMPLE.COM keytab file to /etc/security/keytabs/scm.keytab
datanode_1  |    2 10/14/19 18:55:28 om/044d4fd0ac17@EXAMPLE.COM
kdc_1       | Principal "dn/044d4fd0ac17@EXAMPLE.COM" created.
recon_1     | Resolving kdc (kdc)... 172.18.0.2
datanode_2  |    2 10/14/19 18:55:28 om/8dcfbf907d21@EXAMPLE.COM
s3g_1       | --2019-10-14 18:55:32--  http://kdc:8081/keytab/s3g/scm
datanode_3  | 
scm_1       |    2 10/14/19 18:55:29 om/scm@EXAMPLE.COM
om_1        | --2019-10-14 18:55:31--  http://kdc:8081/keytab/om/scm
kms_1       | --2019-10-14 18:55:30--  http://kdc:8081/keytab/ed923b4781bb/scm
datanode_1  |    2 10/14/19 18:55:28 om/044d4fd0ac17@EXAMPLE.COM
kdc_1       | Authenticating as principal admin/admin with keytab /tmp/admin.keytab.
recon_1     | Connecting to kdc (kdc)|172.18.0.2|:8081... connected.
datanode_2  |    2 10/14/19 18:55:28 om/8dcfbf907d21@EXAMPLE.COM
s3g_1       | Resolving kdc (kdc)... 172.18.0.2
datanode_3  | 2019-10-14 18:55:33 (1.12 MB/s) - '/etc/security/keytabs/scm.keytab' saved [160/160]
scm_1       |    2 10/14/19 18:55:29 om/scm@EXAMPLE.COM
om_1        | Resolving kdc (kdc)... 172.18.0.2
datanode_1  | Download scm/044d4fd0ac17@EXAMPLE.COM keytab file to /etc/security/keytabs/scm.keytab
kms_1       | Resolving kdc (kdc)... 172.18.0.2
kdc_1       | Entry for principal dn/044d4fd0ac17@EXAMPLE.COM with kvno 2, encryption type aes256-cts-hmac-sha1-96 added to keytab WRFILE:/data/dn.044d4fd0ac17.keytab.
recon_1     | HTTP request sent, awaiting response... 200 OK
datanode_2  | Download scm/8dcfbf907d21@EXAMPLE.COM keytab file to /etc/security/keytabs/scm.keytab
s3g_1       | Connecting to kdc (kdc)|172.18.0.2|:8081... connected.
datanode_3  | 
scm_1       | Download scm/scm@EXAMPLE.COM keytab file to /etc/security/keytabs/scm.keytab
om_1        | Connecting to kdc (kdc)|172.18.0.2|:8081... connected.
datanode_1  | --2019-10-14 18:55:28--  http://kdc:8081/keytab/044d4fd0ac17/scm
kms_1       | Connecting to kdc (kdc)|172.18.0.2|:8081... connected.
kdc_1       | Entry for principal dn/044d4fd0ac17@EXAMPLE.COM with kvno 2, encryption type aes128-cts-hmac-sha1-96 added to keytab WRFILE:/data/dn.044d4fd0ac17.keytab.
datanode_2  | --2019-10-14 18:55:28--  http://kdc:8081/keytab/8dcfbf907d21/scm
recon_1     | Length: 146 [application/octet-stream]
s3g_1       | HTTP request sent, awaiting response... 200 OK
datanode_3  | Keytab name: FILE:/etc/security/keytabs/scm.keytab
scm_1       | --2019-10-14 18:55:29--  http://kdc:8081/keytab/scm/scm
om_1        | HTTP request sent, awaiting response... 200 OK
datanode_1  | Resolving kdc (kdc)... 172.18.0.2
kms_1       | HTTP request sent, awaiting response... 200 OK
kdc_1       | Generiting keytab
datanode_2  | Resolving kdc (kdc)... 172.18.0.2
recon_1     | Saving to: '/etc/security/keytabs/scm.keytab'
datanode_3  | KVNO Timestamp         Principal
s3g_1       | Length: 142 [application/octet-stream]
scm_1       | Resolving kdc (kdc)... 172.18.0.2
om_1        | Length: 140 [application/octet-stream]
datanode_1  | Connecting to kdc (kdc)|172.18.0.2|:8081... connected.
kms_1       | Length: 160 [application/octet-stream]
kdc_1       | Authenticating as principal admin/admin with keytab /tmp/admin.keytab.
datanode_2  | Connecting to kdc (kdc)|172.18.0.2|:8081... connected.
recon_1     | 
datanode_3  | ---- ----------------- --------------------------------------------------------
s3g_1       | Saving to: '/etc/security/keytabs/scm.keytab'
scm_1       | Connecting to kdc (kdc)|172.18.0.2|:8081... connected.
om_1        | Saving to: '/etc/security/keytabs/scm.keytab'
datanode_1  | HTTP request sent, awaiting response... 200 OK
kms_1       | Saving to: '/etc/security/keytabs/scm.keytab'
kdc_1       | WARNING: no policy specified for dn/8dcfbf907d21@EXAMPLE.COM; defaulting to no policy
datanode_2  | HTTP request sent, awaiting response... 200 OK
recon_1     |      0K                                                       100% 10.7M=0s
datanode_3  |    2 10/14/19 18:55:33 scm/c8fdb0071ce0@EXAMPLE.COM
s3g_1       | 
scm_1       | HTTP request sent, awaiting response... 200 OK
om_1        | 
datanode_1  | Length: 160 [application/octet-stream]
kms_1       | 
kdc_1       | Principal "dn/8dcfbf907d21@EXAMPLE.COM" created.
datanode_2  | Length: 160 [application/octet-stream]
recon_1     | 
datanode_3  |    2 10/14/19 18:55:33 scm/c8fdb0071ce0@EXAMPLE.COM
s3g_1       |      0K                                                       100% 12.0M=0s
scm_1       | Length: 142 [application/octet-stream]
om_1        |      0K                                                       100% 10.3M=0s
datanode_1  | Saving to: '/etc/security/keytabs/scm.keytab'
kms_1       |      0K                                                       100% 11.7M=0s
kdc_1       | Authenticating as principal admin/admin with keytab /tmp/admin.keytab.
datanode_2  | Saving to: '/etc/security/keytabs/scm.keytab'
recon_1     | 2019-10-14 18:55:53 (10.7 MB/s) - '/etc/security/keytabs/scm.keytab' saved [146/146]
datanode_3  | Download HTTP/c8fdb0071ce0@EXAMPLE.COM keytab file to /etc/security/keytabs/HTTP.keytab
s3g_1       | 
scm_1       | Saving to: '/etc/security/keytabs/scm.keytab'
om_1        | 
datanode_1  | 
kms_1       | 
kdc_1       | Entry for principal dn/8dcfbf907d21@EXAMPLE.COM with kvno 2, encryption type aes256-cts-hmac-sha1-96 added to keytab WRFILE:/data/dn.8dcfbf907d21.keytab.
datanode_2  | 
recon_1     | 
datanode_3  | --2019-10-14 18:55:33--  http://kdc:8081/keytab/c8fdb0071ce0/HTTP
scm_1       | 
s3g_1       | 2019-10-14 18:55:33 (12.0 MB/s) - '/etc/security/keytabs/scm.keytab' saved [142/142]
om_1        | 2019-10-14 18:55:33 (10.3 MB/s) - '/etc/security/keytabs/scm.keytab' saved [140/140]
datanode_1  |      0K                                                       100% 12.9M=0s
kdc_1       | Entry for principal dn/8dcfbf907d21@EXAMPLE.COM with kvno 2, encryption type aes128-cts-hmac-sha1-96 added to keytab WRFILE:/data/dn.8dcfbf907d21.keytab.
datanode_2  |      0K                                                       100% 22.0M=0s
kms_1       | 2019-10-14 18:55:31 (11.7 MB/s) - '/etc/security/keytabs/scm.keytab' saved [160/160]
recon_1     | Keytab name: FILE:/etc/security/keytabs/scm.keytab
datanode_3  | Resolving kdc (kdc)... 172.18.0.2
scm_1       |      0K                                                       100% 10.2M=0s
s3g_1       | 
om_1        | 
kdc_1       | Generiting keytab
datanode_1  | 
datanode_2  | 
kms_1       | 
recon_1     | KVNO Timestamp         Principal
datanode_3  | Connecting to kdc (kdc)|172.18.0.2|:8081... connected.
scm_1       | 
s3g_1       | Keytab name: FILE:/etc/security/keytabs/scm.keytab
om_1        | Keytab name: FILE:/etc/security/keytabs/scm.keytab
kdc_1       | Authenticating as principal admin/admin with keytab /tmp/admin.keytab.
datanode_1  | 2019-10-14 18:55:28 (12.9 MB/s) - '/etc/security/keytabs/scm.keytab' saved [160/160]
datanode_2  | 2019-10-14 18:55:29 (22.0 MB/s) - '/etc/security/keytabs/scm.keytab' saved [160/160]
kms_1       | Keytab name: FILE:/etc/security/keytabs/scm.keytab
recon_1     | ---- ----------------- --------------------------------------------------------
datanode_3  | HTTP request sent, awaiting response... 200 OK
scm_1       | 2019-10-14 18:55:31 (10.2 MB/s) - '/etc/security/keytabs/scm.keytab' saved [142/142]
s3g_1       | KVNO Timestamp         Principal
kdc_1       | WARNING: no policy specified for om/044d4fd0ac17@EXAMPLE.COM; defaulting to no policy
om_1        | KVNO Timestamp         Principal
datanode_1  | 
kms_1       | KVNO Timestamp         Principal
datanode_3  | Length: 162 [application/octet-stream]
recon_1     |    2 10/14/19 18:55:53 scm/recon@EXAMPLE.COM
datanode_2  | 
scm_1       | 
s3g_1       | ---- ----------------- --------------------------------------------------------
kdc_1       | Principal "om/044d4fd0ac17@EXAMPLE.COM" created.
om_1        | ---- ----------------- --------------------------------------------------------
datanode_1  | Keytab name: FILE:/etc/security/keytabs/scm.keytab
kms_1       | ---- ----------------- --------------------------------------------------------
datanode_3  | Saving to: '/etc/security/keytabs/HTTP.keytab'
recon_1     |    2 10/14/19 18:55:53 scm/recon@EXAMPLE.COM
datanode_2  | Keytab name: FILE:/etc/security/keytabs/scm.keytab
scm_1       | Keytab name: FILE:/etc/security/keytabs/scm.keytab
s3g_1       |    2 10/14/19 18:55:33 scm/s3g@EXAMPLE.COM
kdc_1       | Authenticating as principal admin/admin with keytab /tmp/admin.keytab.
om_1        |    2 10/14/19 18:55:33 scm/om@EXAMPLE.COM
datanode_1  | KVNO Timestamp         Principal
kms_1       |    2 10/14/19 18:55:31 scm/ed923b4781bb@EXAMPLE.COM
datanode_3  | 
datanode_2  | KVNO Timestamp         Principal
recon_1     | Download HTTP/recon@EXAMPLE.COM keytab file to /etc/security/keytabs/HTTP.keytab
scm_1       | KVNO Timestamp         Principal
s3g_1       |    2 10/14/19 18:55:33 scm/s3g@EXAMPLE.COM
kdc_1       | Oct 14 18:55:27 kdc krb5kdc[9](info): AS_REQ (8 etypes {18 17 20 19 16 23 25 26}) 127.0.0.1: SERVER_NOT_FOUND: admin/admin@EXAMPLE.COM for kadmin/localhost@EXAMPLE.COM, Server not found in Kerberos database
om_1        |    2 10/14/19 18:55:33 scm/om@EXAMPLE.COM
datanode_1  | ---- ----------------- --------------------------------------------------------
kms_1       |    2 10/14/19 18:55:31 scm/ed923b4781bb@EXAMPLE.COM
datanode_3  |      0K                                                       100% 22.3M=0s
datanode_2  | ---- ----------------- --------------------------------------------------------
recon_1     | --2019-10-14 18:55:53--  http://kdc:8081/keytab/recon/HTTP
scm_1       | ---- ----------------- --------------------------------------------------------
s3g_1       | Download HTTP/s3g@EXAMPLE.COM keytab file to /etc/security/keytabs/HTTP.keytab
kdc_1       | Oct 14 18:55:27 kdc krb5kdc[9](info): AS_REQ (8 etypes {18 17 20 19 16 23 25 26}) 127.0.0.1: ISSUE: authtime 1571079327, etypes {rep=18 tkt=18 ses=18}, admin/admin@EXAMPLE.COM for kadmin/admin@EXAMPLE.COM
om_1        | Download HTTP/om@EXAMPLE.COM keytab file to /etc/security/keytabs/HTTP.keytab
kms_1       | Download HTTP/ed923b4781bb@EXAMPLE.COM keytab file to /etc/security/keytabs/HTTP.keytab
datanode_1  |    2 10/14/19 18:55:28 scm/044d4fd0ac17@EXAMPLE.COM
datanode_3  | 
datanode_2  |    2 10/14/19 18:55:29 scm/8dcfbf907d21@EXAMPLE.COM
recon_1     | Resolving kdc (kdc)... 172.18.0.2
scm_1       |    2 10/14/19 18:55:31 scm/scm@EXAMPLE.COM
s3g_1       | --2019-10-14 18:55:33--  http://kdc:8081/keytab/s3g/HTTP
kdc_1       | Oct 14 18:55:27 kdc krb5kdc[9](info): AS_REQ (8 etypes {18 17 20 19 16 23 25 26}) 127.0.0.1: SERVER_NOT_FOUND: admin/admin@EXAMPLE.COM for kadmin/localhost@EXAMPLE.COM, Server not found in Kerberos database
om_1        | --2019-10-14 18:55:33--  http://kdc:8081/keytab/om/HTTP
kms_1       | --2019-10-14 18:55:31--  http://kdc:8081/keytab/ed923b4781bb/HTTP
datanode_1  |    2 10/14/19 18:55:28 scm/044d4fd0ac17@EXAMPLE.COM
datanode_2  |    2 10/14/19 18:55:29 scm/8dcfbf907d21@EXAMPLE.COM
datanode_3  | 2019-10-14 18:55:35 (22.3 MB/s) - '/etc/security/keytabs/HTTP.keytab' saved [162/162]
recon_1     | Connecting to kdc (kdc)|172.18.0.2|:8081... connected.
scm_1       |    2 10/14/19 18:55:31 scm/scm@EXAMPLE.COM
s3g_1       | Resolving kdc (kdc)... 172.18.0.2
kdc_1       | Oct 14 18:55:27 kdc krb5kdc[9](info): AS_REQ (8 etypes {18 17 20 19 16 23 25 26}) 127.0.0.1: ISSUE: authtime 1571079327, etypes {rep=18 tkt=18 ses=18}, admin/admin@EXAMPLE.COM for kadmin/admin@EXAMPLE.COM
om_1        | Resolving kdc (kdc)... 172.18.0.2
kms_1       | Resolving kdc (kdc)... 172.18.0.2
datanode_1  | Download HTTP/044d4fd0ac17@EXAMPLE.COM keytab file to /etc/security/keytabs/HTTP.keytab
datanode_3  | 
datanode_2  | Download HTTP/8dcfbf907d21@EXAMPLE.COM keytab file to /etc/security/keytabs/HTTP.keytab
recon_1     | HTTP request sent, awaiting response... 200 OK
scm_1       | Download HTTP/scm@EXAMPLE.COM keytab file to /etc/security/keytabs/HTTP.keytab
s3g_1       | Connecting to kdc (kdc)|172.18.0.2|:8081... connected.
kdc_1       | Oct 14 18:55:27 kdc krb5kdc[9](info): AS_REQ (8 etypes {18 17 20 19 16 23 25 26}) 127.0.0.1: SERVER_NOT_FOUND: admin/admin@EXAMPLE.COM for kadmin/localhost@EXAMPLE.COM, Server not found in Kerberos database
om_1        | Connecting to kdc (kdc)|172.18.0.2|:8081... connected.
kms_1       | Connecting to kdc (kdc)|172.18.0.2|:8081... connected.
datanode_1  | --2019-10-14 18:55:28--  http://kdc:8081/keytab/044d4fd0ac17/HTTP
datanode_3  | Keytab name: FILE:/etc/security/keytabs/HTTP.keytab
datanode_2  | --2019-10-14 18:55:29--  http://kdc:8081/keytab/8dcfbf907d21/HTTP
scm_1       | --2019-10-14 18:55:31--  http://kdc:8081/keytab/scm/HTTP
recon_1     | Length: 148 [application/octet-stream]
s3g_1       | HTTP request sent, awaiting response... 200 OK
kdc_1       | Oct 14 18:55:27 kdc krb5kdc[9](info): AS_REQ (8 etypes {18 17 20 19 16 23 25 26}) 127.0.0.1: ISSUE: authtime 1571079327, etypes {rep=18 tkt=18 ses=18}, admin/admin@EXAMPLE.COM for kadmin/admin@EXAMPLE.COM
om_1        | HTTP request sent, awaiting response... 200 OK
kms_1       | HTTP request sent, awaiting response... 200 OK
datanode_1  | Resolving kdc (kdc)... 172.18.0.2
datanode_3  | KVNO Timestamp         Principal
datanode_2  | Resolving kdc (kdc)... 172.18.0.2
scm_1       | Resolving kdc (kdc)... 172.18.0.2
recon_1     | Saving to: '/etc/security/keytabs/HTTP.keytab'
s3g_1       | Length: 144 [application/octet-stream]
kdc_1       | Oct 14 18:55:27 kdc krb5kdc[9](info): AS_REQ (8 etypes {18 17 20 19 16 23 25 26}) 127.0.0.1: SERVER_NOT_FOUND: admin/admin@EXAMPLE.COM for kadmin/localhost@EXAMPLE.COM, Server not found in Kerberos database
om_1        | Length: 142 [application/octet-stream]
kms_1       | Length: 162 [application/octet-stream]
datanode_1  | Connecting to kdc (kdc)|172.18.0.2|:8081... connected.
datanode_3  | ---- ----------------- --------------------------------------------------------
datanode_2  | Connecting to kdc (kdc)|172.18.0.2|:8081... connected.
recon_1     | 
s3g_1       | Saving to: '/etc/security/keytabs/HTTP.keytab'
kdc_1       | Oct 14 18:55:27 kdc krb5kdc[9](info): AS_REQ (8 etypes {18 17 20 19 16 23 25 26}) 127.0.0.1: ISSUE: authtime 1571079327, etypes {rep=18 tkt=18 ses=18}, admin/admin@EXAMPLE.COM for kadmin/admin@EXAMPLE.COM
om_1        | Saving to: '/etc/security/keytabs/HTTP.keytab'
kms_1       | Saving to: '/etc/security/keytabs/HTTP.keytab'
datanode_1  | HTTP request sent, awaiting response... 200 OK
datanode_3  |    2 10/14/19 18:55:35 HTTP/c8fdb0071ce0@EXAMPLE.COM
recon_1     |      0K                                                       100% 14.4M=0s
datanode_2  | HTTP request sent, awaiting response... 200 OK
scm_1       | Connecting to kdc (kdc)|172.18.0.2|:8081... connected.
s3g_1       | 
om_1        | 
kdc_1       | Oct 14 18:55:27 kdc krb5kdc[9](info): AS_REQ (8 etypes {18 17 20 19 16 23 25 26}) 127.0.0.1: SERVER_NOT_FOUND: admin/admin@EXAMPLE.COM for kadmin/localhost@EXAMPLE.COM, Server not found in Kerberos database
kms_1       | 
datanode_1  | Length: 162 [application/octet-stream]
datanode_3  |    2 10/14/19 18:55:35 HTTP/c8fdb0071ce0@EXAMPLE.COM
recon_1     | 
datanode_2  | Length: 162 [application/octet-stream]
scm_1       | HTTP request sent, awaiting response... 200 OK
s3g_1       |      0K                                                       100% 20.8M=0s
om_1        |      0K                                                       100% 11.3M=0s
kdc_1       | Oct 14 18:55:27 kdc krb5kdc[9](info): AS_REQ (8 etypes {18 17 20 19 16 23 25 26}) 127.0.0.1: ISSUE: authtime 1571079327, etypes {rep=18 tkt=18 ses=18}, admin/admin@EXAMPLE.COM for kadmin/admin@EXAMPLE.COM
kms_1       |      0K                                                       100% 12.2M=0s
datanode_1  | Saving to: '/etc/security/keytabs/HTTP.keytab'
datanode_3  | Download testuser/c8fdb0071ce0@EXAMPLE.COM keytab file to /etc/security/keytabs/testuser.keytab
recon_1     | 2019-10-14 18:55:53 (14.4 MB/s) - '/etc/security/keytabs/HTTP.keytab' saved [148/148]
scm_1       | Length: 144 [application/octet-stream]
s3g_1       | 
datanode_2  | Saving to: '/etc/security/keytabs/HTTP.keytab'
om_1        | 
kdc_1       | Oct 14 18:55:27 kdc krb5kdc[9](info): AS_REQ (8 etypes {18 17 20 19 16 23 25 26}) 127.0.0.1: SERVER_NOT_FOUND: admin/admin@EXAMPLE.COM for kadmin/localhost@EXAMPLE.COM, Server not found in Kerberos database
kms_1       | 
datanode_1  | 
datanode_3  | --2019-10-14 18:55:35--  http://kdc:8081/keytab/c8fdb0071ce0/testuser
recon_1     | 
scm_1       | Saving to: '/etc/security/keytabs/HTTP.keytab'
s3g_1       | 2019-10-14 18:55:34 (20.8 MB/s) - '/etc/security/keytabs/HTTP.keytab' saved [144/144]
datanode_2  | 
om_1        | 2019-10-14 18:55:34 (11.3 MB/s) - '/etc/security/keytabs/HTTP.keytab' saved [142/142]
kdc_1       | Oct 14 18:55:27 kdc krb5kdc[9](info): AS_REQ (8 etypes {18 17 20 19 16 23 25 26}) 127.0.0.1: ISSUE: authtime 1571079327, etypes {rep=18 tkt=18 ses=18}, admin/admin@EXAMPLE.COM for kadmin/admin@EXAMPLE.COM
kms_1       | 2019-10-14 18:55:32 (12.2 MB/s) - '/etc/security/keytabs/HTTP.keytab' saved [162/162]
datanode_1  |      0K                                                       100% 11.9M=0s
datanode_3  | Resolving kdc (kdc)... 172.18.0.2
recon_1     | Keytab name: FILE:/etc/security/keytabs/HTTP.keytab
scm_1       | 
s3g_1       | 
datanode_2  |      0K                                                       100% 12.6M=0s
om_1        | 
kdc_1       | Oct 14 18:55:27 kdc krb5kdc[9](info): AS_REQ (8 etypes {18 17 20 19 16 23 25 26}) 127.0.0.1: SERVER_NOT_FOUND: admin/admin@EXAMPLE.COM for kadmin/localhost@EXAMPLE.COM, Server not found in Kerberos database
kms_1       | 
datanode_1  | 
datanode_3  | Connecting to kdc (kdc)|172.18.0.2|:8081... connected.
recon_1     | KVNO Timestamp         Principal
scm_1       |      0K                                                       100% 11.1M=0s
s3g_1       | Keytab name: FILE:/etc/security/keytabs/HTTP.keytab
datanode_2  | 
om_1        | Keytab name: FILE:/etc/security/keytabs/HTTP.keytab
kms_1       | Keytab name: FILE:/etc/security/keytabs/HTTP.keytab
kdc_1       | Oct 14 18:55:27 kdc krb5kdc[9](info): AS_REQ (8 etypes {18 17 20 19 16 23 25 26}) 127.0.0.1: ISSUE: authtime 1571079327, etypes {rep=18 tkt=18 ses=18}, admin/admin@EXAMPLE.COM for kadmin/admin@EXAMPLE.COM
datanode_1  | 2019-10-14 18:55:29 (11.9 MB/s) - '/etc/security/keytabs/HTTP.keytab' saved [162/162]
datanode_3  | HTTP request sent, awaiting response... 200 OK
recon_1     | ---- ----------------- --------------------------------------------------------
scm_1       | 
s3g_1       | KVNO Timestamp         Principal
datanode_2  | 2019-10-14 18:55:30 (12.6 MB/s) - '/etc/security/keytabs/HTTP.keytab' saved [162/162]
om_1        | KVNO Timestamp         Principal
kms_1       | KVNO Timestamp         Principal
kdc_1       | Oct 14 18:55:28 kdc krb5kdc[9](info): AS_REQ (8 etypes {18 17 20 19 16 23 25 26}) 127.0.0.1: SERVER_NOT_FOUND: admin/admin@EXAMPLE.COM for kadmin/localhost@EXAMPLE.COM, Server not found in Kerberos database
datanode_1  | 
datanode_3  | Length: 170 [application/octet-stream]
recon_1     |    2 10/14/19 18:55:53 HTTP/recon@EXAMPLE.COM
scm_1       | 2019-10-14 18:55:32 (11.1 MB/s) - '/etc/security/keytabs/HTTP.keytab' saved [144/144]
s3g_1       | ---- ----------------- --------------------------------------------------------
datanode_2  | 
om_1        | ---- ----------------- --------------------------------------------------------
kms_1       | ---- ----------------- --------------------------------------------------------
kdc_1       | Oct 14 18:55:28 kdc krb5kdc[9](info): AS_REQ (8 etypes {18 17 20 19 16 23 25 26}) 127.0.0.1: ISSUE: authtime 1571079328, etypes {rep=18 tkt=18 ses=18}, admin/admin@EXAMPLE.COM for kadmin/admin@EXAMPLE.COM
datanode_1  | Keytab name: FILE:/etc/security/keytabs/HTTP.keytab
datanode_3  | Saving to: '/etc/security/keytabs/testuser.keytab'
recon_1     |    2 10/14/19 18:55:53 HTTP/recon@EXAMPLE.COM
scm_1       | 
s3g_1       |    2 10/14/19 18:55:34 HTTP/s3g@EXAMPLE.COM
datanode_2  | Keytab name: FILE:/etc/security/keytabs/HTTP.keytab
om_1        |    2 10/14/19 18:55:34 HTTP/om@EXAMPLE.COM
kms_1       |    2 10/14/19 18:55:32 HTTP/ed923b4781bb@EXAMPLE.COM
kdc_1       | Oct 14 18:55:28 kdc krb5kdc[9](info): AS_REQ (8 etypes {18 17 20 19 16 23 25 26}) 127.0.0.1: SERVER_NOT_FOUND: admin/admin@EXAMPLE.COM for kadmin/localhost@EXAMPLE.COM, Server not found in Kerberos database
datanode_1  | KVNO Timestamp         Principal
datanode_3  | 
recon_1     | Download testuser/recon@EXAMPLE.COM keytab file to /etc/security/keytabs/testuser.keytab
scm_1       | Keytab name: FILE:/etc/security/keytabs/HTTP.keytab
datanode_2  | KVNO Timestamp         Principal
kms_1       |    2 10/14/19 18:55:32 HTTP/ed923b4781bb@EXAMPLE.COM
s3g_1       |    2 10/14/19 18:55:34 HTTP/s3g@EXAMPLE.COM
om_1        |    2 10/14/19 18:55:34 HTTP/om@EXAMPLE.COM
datanode_1  | ---- ----------------- --------------------------------------------------------
kdc_1       | Oct 14 18:55:28 kdc krb5kdc[9](info): AS_REQ (8 etypes {18 17 20 19 16 23 25 26}) 127.0.0.1: ISSUE: authtime 1571079328, etypes {rep=18 tkt=18 ses=18}, admin/admin@EXAMPLE.COM for kadmin/admin@EXAMPLE.COM
datanode_3  |      0K                                                       100% 27.7M=0s
recon_1     | --2019-10-14 18:55:53--  http://kdc:8081/keytab/recon/testuser
scm_1       | KVNO Timestamp         Principal
datanode_2  | ---- ----------------- --------------------------------------------------------
kms_1       | Download testuser/ed923b4781bb@EXAMPLE.COM keytab file to /etc/security/keytabs/testuser.keytab
s3g_1       | Download testuser/s3g@EXAMPLE.COM keytab file to /etc/security/keytabs/testuser.keytab
om_1        | Download testuser/om@EXAMPLE.COM keytab file to /etc/security/keytabs/testuser.keytab
datanode_1  |    2 10/14/19 18:55:29 HTTP/044d4fd0ac17@EXAMPLE.COM
kdc_1       | Oct 14 18:55:28 kdc krb5kdc[9](info): AS_REQ (8 etypes {18 17 20 19 16 23 25 26}) 127.0.0.1: SERVER_NOT_FOUND: admin/admin@EXAMPLE.COM for kadmin/localhost@EXAMPLE.COM, Server not found in Kerberos database
datanode_3  | 
recon_1     | Resolving kdc (kdc)... 172.18.0.2
scm_1       | ---- ----------------- --------------------------------------------------------
datanode_2  |    2 10/14/19 18:55:29 HTTP/8dcfbf907d21@EXAMPLE.COM
kms_1       | --2019-10-14 18:55:32--  http://kdc:8081/keytab/ed923b4781bb/testuser
s3g_1       | --2019-10-14 18:55:34--  http://kdc:8081/keytab/s3g/testuser
om_1        | --2019-10-14 18:55:34--  http://kdc:8081/keytab/om/testuser
datanode_1  |    2 10/14/19 18:55:29 HTTP/044d4fd0ac17@EXAMPLE.COM
kdc_1       | Oct 14 18:55:28 kdc krb5kdc[9](info): AS_REQ (8 etypes {18 17 20 19 16 23 25 26}) 127.0.0.1: ISSUE: authtime 1571079328, etypes {rep=18 tkt=18 ses=18}, admin/admin@EXAMPLE.COM for kadmin/admin@EXAMPLE.COM
datanode_3  | 2019-10-14 18:55:36 (27.7 MB/s) - '/etc/security/keytabs/testuser.keytab' saved [170/170]
recon_1     | Connecting to kdc (kdc)|172.18.0.2|:8081... connected.
scm_1       |    2 10/14/19 18:55:32 HTTP/scm@EXAMPLE.COM
datanode_2  |    2 10/14/19 18:55:29 HTTP/8dcfbf907d21@EXAMPLE.COM
s3g_1       | Resolving kdc (kdc)... 172.18.0.2
datanode_1  | Download testuser/044d4fd0ac17@EXAMPLE.COM keytab file to /etc/security/keytabs/testuser.keytab
datanode_3  | 
kms_1       | Resolving kdc (kdc)... 172.18.0.2
kdc_1       | Oct 14 18:55:27 kdc kadmind[15](Notice): Request: kadm5_init, admin/admin@EXAMPLE.COM, success, client=admin/admin@EXAMPLE.COM, service=kadmin/admin@EXAMPLE.COM, addr=127.0.0.1, vers=4, flavor=6
om_1        | Resolving kdc (kdc)... 172.18.0.2
recon_1     | HTTP request sent, awaiting response... 200 OK
scm_1       |    2 10/14/19 18:55:32 HTTP/scm@EXAMPLE.COM
datanode_2  | Download testuser/8dcfbf907d21@EXAMPLE.COM keytab file to /etc/security/keytabs/testuser.keytab
datanode_1  | --2019-10-14 18:55:29--  http://kdc:8081/keytab/044d4fd0ac17/testuser
datanode_3  | Keytab name: FILE:/etc/security/keytabs/testuser.keytab
s3g_1       | Connecting to kdc (kdc)|172.18.0.2|:8081... connected.
kdc_1       | Oct 14 18:55:27 kdc kadmind[15](Notice): Request: kadm5_get_policy, default, Policy does not exist, client=admin/admin@EXAMPLE.COM, service=kadmin/admin@EXAMPLE.COM, addr=127.0.0.1
kms_1       | Connecting to kdc (kdc)|172.18.0.2|:8081... connected.
om_1        | Connecting to kdc (kdc)|172.18.0.2|:8081... connected.
recon_1     | Length: 156 [application/octet-stream]
scm_1       | Download testuser/scm@EXAMPLE.COM keytab file to /etc/security/keytabs/testuser.keytab
datanode_2  | --2019-10-14 18:55:30--  http://kdc:8081/keytab/8dcfbf907d21/testuser
datanode_1  | Resolving kdc (kdc)... 172.18.0.2
datanode_3  | KVNO Timestamp         Principal
s3g_1       | HTTP request sent, awaiting response... 200 OK
kdc_1       | Oct 14 18:55:27 kdc kadmind[15](Notice): Request: kadm5_create_principal, test/test@EXAMPLE.COM, success, client=admin/admin@EXAMPLE.COM, service=kadmin/admin@EXAMPLE.COM, addr=127.0.0.1
kms_1       | HTTP request sent, awaiting response... 200 OK
om_1        | HTTP request sent, awaiting response... 200 OK
recon_1     | Saving to: '/etc/security/keytabs/testuser.keytab'
scm_1       | --2019-10-14 18:55:32--  http://kdc:8081/keytab/scm/testuser
datanode_2  | Resolving kdc (kdc)... 172.18.0.2
datanode_1  | Connecting to kdc (kdc)|172.18.0.2|:8081... connected.
datanode_3  | ---- ----------------- --------------------------------------------------------
s3g_1       | Length: 152 [application/octet-stream]
kdc_1       | Oct 14 18:55:27 kdc kadmind[15](info): closing down fd 18
kms_1       | Length: 170 [application/octet-stream]
om_1        | Length: 150 [application/octet-stream]
recon_1     | 
scm_1       | Resolving kdc (kdc)... 172.18.0.2
datanode_1  | HTTP request sent, awaiting response... 200 OK
s3g_1       | Saving to: '/etc/security/keytabs/testuser.keytab'
datanode_3  |    2 10/14/19 18:55:35 testuser/c8fdb0071ce0@EXAMPLE.COM
datanode_2  | Connecting to kdc (kdc)|172.18.0.2|:8081... connected.
kdc_1       | Oct 14 18:55:27 kdc kadmind[15](Notice): Request: kadm5_init, admin/admin@EXAMPLE.COM, success, client=admin/admin@EXAMPLE.COM, service=kadmin/admin@EXAMPLE.COM, addr=127.0.0.1, vers=4, flavor=6
kms_1       | Saving to: '/etc/security/keytabs/testuser.keytab'
om_1        | Saving to: '/etc/security/keytabs/testuser.keytab'
recon_1     |      0K                                                       100% 15.3M=0s
scm_1       | Connecting to kdc (kdc)|172.18.0.2|:8081... connected.
datanode_1  | Length: 170 [application/octet-stream]
s3g_1       | 
datanode_3  |    2 10/14/19 18:55:36 testuser/c8fdb0071ce0@EXAMPLE.COM
datanode_2  | HTTP request sent, awaiting response... 200 OK
kdc_1       | Oct 14 18:55:27 kdc kadmind[15](Notice): Request: kadm5_randkey_principal, test/test@EXAMPLE.COM, success, client=admin/admin@EXAMPLE.COM, service=kadmin/admin@EXAMPLE.COM, addr=127.0.0.1
kms_1       | 
om_1        | 
recon_1     | 
scm_1       | HTTP request sent, awaiting response... 200 OK
datanode_1  | Saving to: '/etc/security/keytabs/testuser.keytab'
s3g_1       |      0K                                                       100% 21.0M=0s
datanode_3  | Download testuser2/c8fdb0071ce0@EXAMPLE.COM keytab file to /etc/security/keytabs/testuser2.keytab
datanode_2  | Length: 170 [application/octet-stream]
kdc_1       | Oct 14 18:55:27 kdc kadmind[15](Notice): Request: kadm5_get_principal, test/test@EXAMPLE.COM, success, client=admin/admin@EXAMPLE.COM, service=kadmin/admin@EXAMPLE.COM, addr=127.0.0.1
kms_1       |      0K                                                       100% 15.4M=0s
om_1        |      0K                                                       100% 14.8M=0s
recon_1     | 2019-10-14 18:55:54 (15.3 MB/s) - '/etc/security/keytabs/testuser.keytab' saved [156/156]
scm_1       | Length: 152 [application/octet-stream]
datanode_1  | 
s3g_1       | 
datanode_3  | --2019-10-14 18:55:36--  http://kdc:8081/keytab/c8fdb0071ce0/testuser2
datanode_2  | Saving to: '/etc/security/keytabs/testuser.keytab'
kdc_1       | Oct 14 18:55:27 kdc kadmind[15](info): closing down fd 18
kms_1       | 
om_1        | 
