datanode_1  | 2019-10-14 18:45:05,296 INFO util.JmxRegister: Successfully registered JMX Bean with object name Ratis:service=RaftServer,group=group-A402D446017A,id=63324558-4027-4091-825f-bdb6f7b72469
datanode_2  | 2019-10-14 18:45:05,288 INFO segmented.SegmentedRaftLogWorker: d63df678-93bd-4117-b64c-314b7d04b728@group-A402D446017A-SegmentedRaftLogWorker: flushIndex: setUnconditionally 0 -> -1
datanode_3  | 2019-10-14 18:45:05,287 INFO server.RaftServerConfigKeys: raft.server.snapshot.retention.file.num = 5 (custom)
datanode_1  | 2019-10-14 18:45:10,162 INFO impl.FollowerState: 63324558-4027-4091-825f-bdb6f7b72469@group-4E7120D64C1B-FollowerState: change to CANDIDATE, lastRpcTime:5067ms, electionTimeout:5066ms
datanode_2  | 2019-10-14 18:45:05,289 INFO server.RaftServerConfigKeys: raft.server.snapshot.auto.trigger.enabled = true (custom)
datanode_3  | 2019-10-14 18:45:05,287 INFO server.RaftServerConfigKeys: raft.server.retrycache.expirytime = 600000ms (custom)
datanode_1  | 2019-10-14 18:45:10,167 INFO impl.RoleInfo: 63324558-4027-4091-825f-bdb6f7b72469: shutdown FollowerState
datanode_3  | 2019-10-14 18:45:05,294 INFO impl.RaftServerImpl: 66e8e9c2-4d23-4728-9048-3e76eb155fa1@group-A402D446017A: start as a follower, conf=-1: [d63df678-93bd-4117-b64c-314b7d04b728:172.18.0.8:9858, 63324558-4027-4091-825f-bdb6f7b72469:172.18.0.9:9858, 66e8e9c2-4d23-4728-9048-3e76eb155fa1:172.18.0.10:9858], old=null
datanode_1  | 2019-10-14 18:45:10,169 INFO impl.RaftServerImpl: 63324558-4027-4091-825f-bdb6f7b72469@group-4E7120D64C1B: changes role from  FOLLOWER to CANDIDATE at term 0 for changeToCandidate
datanode_2  | 2019-10-14 18:45:05,289 INFO server.RaftServerConfigKeys: raft.server.snapshot.auto.trigger.threshold = 10000 (custom)
datanode_3  | 2019-10-14 18:45:05,294 INFO impl.RaftServerImpl: 66e8e9c2-4d23-4728-9048-3e76eb155fa1@group-A402D446017A: changes role from      null to FOLLOWER at term 0 for startAsFollower
datanode_1  | 2019-10-14 18:45:10,174 INFO impl.RoleInfo: 63324558-4027-4091-825f-bdb6f7b72469: start LeaderElection
datanode_2  | 2019-10-14 18:45:05,289 INFO server.RaftServerConfigKeys: raft.server.snapshot.retention.file.num = 5 (custom)
datanode_3  | 2019-10-14 18:45:05,294 INFO impl.RoleInfo: 66e8e9c2-4d23-4728-9048-3e76eb155fa1: start FollowerState
datanode_1  | 2019-10-14 18:45:10,200 INFO impl.LeaderElection: 63324558-4027-4091-825f-bdb6f7b72469@group-4E7120D64C1B-LeaderElection1: begin an election at term 1 for -1: [63324558-4027-4091-825f-bdb6f7b72469:172.18.0.9:9858], old=null
datanode_2  | 2019-10-14 18:45:05,289 INFO server.RaftServerConfigKeys: raft.server.retrycache.expirytime = 600000ms (custom)
datanode_3  | 2019-10-14 18:45:05,295 INFO util.JmxRegister: Successfully registered JMX Bean with object name Ratis:service=RaftServer,group=group-A402D446017A,id=66e8e9c2-4d23-4728-9048-3e76eb155fa1
datanode_1  | 2019-10-14 18:45:10,202 INFO impl.RoleInfo: 63324558-4027-4091-825f-bdb6f7b72469: shutdown LeaderElection
datanode_2  | 2019-10-14 18:45:05,295 INFO impl.RaftServerImpl: d63df678-93bd-4117-b64c-314b7d04b728@group-A402D446017A: start as a follower, conf=-1: [d63df678-93bd-4117-b64c-314b7d04b728:172.18.0.8:9858, 63324558-4027-4091-825f-bdb6f7b72469:172.18.0.9:9858, 66e8e9c2-4d23-4728-9048-3e76eb155fa1:172.18.0.10:9858], old=null
datanode_3  | 2019-10-14 18:45:08,629 INFO impl.FollowerState: 66e8e9c2-4d23-4728-9048-3e76eb155fa1@group-C53C98EF31DF-FollowerState: change to CANDIDATE, lastRpcTime:5063ms, electionTimeout:5062ms
datanode_2  | 2019-10-14 18:45:05,295 INFO impl.RaftServerImpl: d63df678-93bd-4117-b64c-314b7d04b728@group-A402D446017A: changes role from      null to FOLLOWER at term 0 for startAsFollower
datanode_3  | 2019-10-14 18:45:08,633 INFO impl.RoleInfo: 66e8e9c2-4d23-4728-9048-3e76eb155fa1: shutdown FollowerState
datanode_3  | 2019-10-14 18:45:08,634 INFO impl.RaftServerImpl: 66e8e9c2-4d23-4728-9048-3e76eb155fa1@group-C53C98EF31DF: changes role from  FOLLOWER to CANDIDATE at term 0 for changeToCandidate
datanode_1  | 2019-10-14 18:45:10,203 INFO impl.RaftServerImpl: 63324558-4027-4091-825f-bdb6f7b72469@group-4E7120D64C1B: changes role from CANDIDATE to LEADER at term 1 for changeToLeader
datanode_2  | 2019-10-14 18:45:05,296 INFO impl.RoleInfo: d63df678-93bd-4117-b64c-314b7d04b728: start FollowerState
datanode_3  | 2019-10-14 18:45:08,639 INFO impl.RoleInfo: 66e8e9c2-4d23-4728-9048-3e76eb155fa1: start LeaderElection
datanode_2  | 2019-10-14 18:45:05,296 INFO util.JmxRegister: Successfully registered JMX Bean with object name Ratis:service=RaftServer,group=group-A402D446017A,id=d63df678-93bd-4117-b64c-314b7d04b728
datanode_1  | 2019-10-14 18:45:10,203 [63324558-4027-4091-825f-bdb6f7b72469@group-4E7120D64C1B-LeaderElection1] INFO       - Leader change notification received for group: group-4E7120D64C1B with new leaderId: 63324558-4027-4091-825f-bdb6f7b72469
datanode_3  | 2019-10-14 18:45:08,666 INFO impl.LeaderElection: 66e8e9c2-4d23-4728-9048-3e76eb155fa1@group-C53C98EF31DF-LeaderElection1: begin an election at term 1 for -1: [66e8e9c2-4d23-4728-9048-3e76eb155fa1:172.18.0.10:9858], old=null
datanode_2  | 2019-10-14 18:45:09,300 INFO impl.FollowerState: d63df678-93bd-4117-b64c-314b7d04b728@group-D6AA1BC00495-FollowerState: change to CANDIDATE, lastRpcTime:5130ms, electionTimeout:5129ms
datanode_1  | 2019-10-14 18:45:10,209 INFO impl.RaftServerImpl: 63324558-4027-4091-825f-bdb6f7b72469@group-4E7120D64C1B: change Leader from null to 63324558-4027-4091-825f-bdb6f7b72469 at term 1 for becomeLeader, leader elected after 5245ms
datanode_3  | 2019-10-14 18:45:08,667 INFO impl.RoleInfo: 66e8e9c2-4d23-4728-9048-3e76eb155fa1: shutdown LeaderElection
datanode_2  | 2019-10-14 18:45:09,302 INFO impl.RoleInfo: d63df678-93bd-4117-b64c-314b7d04b728: shutdown FollowerState
datanode_1  | 2019-10-14 18:45:10,214 INFO server.RaftServerConfigKeys: raft.server.staging.catchup.gap = 1000 (default)
datanode_3  | 2019-10-14 18:45:08,668 INFO impl.RaftServerImpl: 66e8e9c2-4d23-4728-9048-3e76eb155fa1@group-C53C98EF31DF: changes role from CANDIDATE to LEADER at term 1 for changeToLeader
datanode_2  | 2019-10-14 18:45:09,303 INFO impl.RaftServerImpl: d63df678-93bd-4117-b64c-314b7d04b728@group-D6AA1BC00495: changes role from  FOLLOWER to CANDIDATE at term 0 for changeToCandidate
datanode_1  | 2019-10-14 18:45:10,214 INFO server.RaftServerConfigKeys: raft.server.rpc.sleep.time = 25ms (default)
datanode_3  | 2019-10-14 18:45:08,668 [66e8e9c2-4d23-4728-9048-3e76eb155fa1@group-C53C98EF31DF-LeaderElection1] INFO       - Leader change notification received for group: group-C53C98EF31DF with new leaderId: 66e8e9c2-4d23-4728-9048-3e76eb155fa1
datanode_2  | 2019-10-14 18:45:09,307 INFO impl.RoleInfo: d63df678-93bd-4117-b64c-314b7d04b728: start LeaderElection
datanode_1  | 2019-10-14 18:45:10,218 INFO server.RaftServerConfigKeys: raft.server.write.element-limit = 4096 (default)
datanode_3  | 2019-10-14 18:45:08,675 INFO impl.RaftServerImpl: 66e8e9c2-4d23-4728-9048-3e76eb155fa1@group-C53C98EF31DF: change Leader from null to 66e8e9c2-4d23-4728-9048-3e76eb155fa1 at term 1 for becomeLeader, leader elected after 5198ms
datanode_2  | 2019-10-14 18:45:09,323 INFO impl.LeaderElection: d63df678-93bd-4117-b64c-314b7d04b728@group-D6AA1BC00495-LeaderElection1: begin an election at term 1 for -1: [d63df678-93bd-4117-b64c-314b7d04b728:172.18.0.8:9858], old=null
datanode_1  | 2019-10-14 18:45:10,221 INFO server.RaftServerConfigKeys: raft.server.watch.timeout = 10s (default)
datanode_3  | 2019-10-14 18:45:08,683 INFO server.RaftServerConfigKeys: raft.server.staging.catchup.gap = 1000 (default)
datanode_2  | 2019-10-14 18:45:09,324 INFO impl.RoleInfo: d63df678-93bd-4117-b64c-314b7d04b728: shutdown LeaderElection
datanode_1  | 2019-10-14 18:45:10,221 INFO server.RaftServerConfigKeys: raft.server.watch.timeout.denomination = 1s (default)
datanode_3  | 2019-10-14 18:45:08,684 INFO server.RaftServerConfigKeys: raft.server.rpc.sleep.time = 25ms (default)
datanode_2  | 2019-10-14 18:45:09,325 INFO impl.RaftServerImpl: d63df678-93bd-4117-b64c-314b7d04b728@group-D6AA1BC00495: changes role from CANDIDATE to LEADER at term 1 for changeToLeader
datanode_1  | 2019-10-14 18:45:10,222 INFO server.RaftServerConfigKeys: raft.server.watch.element-limit = 65536 (default)
datanode_3  | 2019-10-14 18:45:08,688 INFO server.RaftServerConfigKeys: raft.server.write.element-limit = 4096 (default)
datanode_2  | 2019-10-14 18:45:09,325 [d63df678-93bd-4117-b64c-314b7d04b728@group-D6AA1BC00495-LeaderElection1] INFO       - Leader change notification received for group: group-D6AA1BC00495 with new leaderId: d63df678-93bd-4117-b64c-314b7d04b728
datanode_1  | 2019-10-14 18:45:10,235 INFO impl.RoleInfo: 63324558-4027-4091-825f-bdb6f7b72469: start LeaderState
datanode_3  | 2019-10-14 18:45:08,694 INFO server.RaftServerConfigKeys: raft.server.watch.timeout = 10s (default)
datanode_2  | 2019-10-14 18:45:09,332 INFO impl.RaftServerImpl: d63df678-93bd-4117-b64c-314b7d04b728@group-D6AA1BC00495: change Leader from null to d63df678-93bd-4117-b64c-314b7d04b728 at term 1 for becomeLeader, leader elected after 5280ms
datanode_1  | 2019-10-14 18:45:10,259 INFO segmented.SegmentedRaftLogWorker: 63324558-4027-4091-825f-bdb6f7b72469@group-4E7120D64C1B-SegmentedRaftLogWorker: Starting segment from index:0
datanode_3  | 2019-10-14 18:45:08,695 INFO server.RaftServerConfigKeys: raft.server.watch.timeout.denomination = 1s (default)
datanode_2  | 2019-10-14 18:45:09,337 INFO server.RaftServerConfigKeys: raft.server.staging.catchup.gap = 1000 (default)
datanode_1  | 2019-10-14 18:45:10,269 INFO impl.RaftServerImpl: 63324558-4027-4091-825f-bdb6f7b72469@group-4E7120D64C1B: set configuration 0: [63324558-4027-4091-825f-bdb6f7b72469:172.18.0.9:9858], old=null at 0
datanode_3  | 2019-10-14 18:45:08,696 INFO server.RaftServerConfigKeys: raft.server.watch.element-limit = 65536 (default)
datanode_2  | 2019-10-14 18:45:09,337 INFO server.RaftServerConfigKeys: raft.server.rpc.sleep.time = 25ms (default)
datanode_1  | 2019-10-14 18:45:10,298 INFO impl.FollowerState: 63324558-4027-4091-825f-bdb6f7b72469@group-A402D446017A-FollowerState: change to CANDIDATE, lastRpcTime:5002ms, electionTimeout:5002ms
datanode_3  | 2019-10-14 18:45:08,713 INFO impl.RoleInfo: 66e8e9c2-4d23-4728-9048-3e76eb155fa1: start LeaderState
datanode_2  | 2019-10-14 18:45:09,341 INFO server.RaftServerConfigKeys: raft.server.write.element-limit = 4096 (default)
datanode_1  | 2019-10-14 18:45:10,298 INFO impl.RoleInfo: 63324558-4027-4091-825f-bdb6f7b72469: shutdown FollowerState
datanode_3  | 2019-10-14 18:45:08,733 INFO segmented.SegmentedRaftLogWorker: 66e8e9c2-4d23-4728-9048-3e76eb155fa1@group-C53C98EF31DF-SegmentedRaftLogWorker: Starting segment from index:0
datanode_2  | 2019-10-14 18:45:09,349 INFO server.RaftServerConfigKeys: raft.server.watch.timeout = 10s (default)
datanode_1  | 2019-10-14 18:45:10,298 INFO impl.RaftServerImpl: 63324558-4027-4091-825f-bdb6f7b72469@group-A402D446017A: changes role from  FOLLOWER to CANDIDATE at term 0 for changeToCandidate
datanode_3  | 2019-10-14 18:45:08,743 INFO impl.RaftServerImpl: 66e8e9c2-4d23-4728-9048-3e76eb155fa1@group-C53C98EF31DF: set configuration 0: [66e8e9c2-4d23-4728-9048-3e76eb155fa1:172.18.0.10:9858], old=null at 0
datanode_2  | 2019-10-14 18:45:09,349 INFO server.RaftServerConfigKeys: raft.server.watch.timeout.denomination = 1s (default)
datanode_1  | 2019-10-14 18:45:10,299 INFO impl.RoleInfo: 63324558-4027-4091-825f-bdb6f7b72469: start LeaderElection
datanode_3  | 2019-10-14 18:45:08,856 INFO segmented.SegmentedRaftLogWorker: 66e8e9c2-4d23-4728-9048-3e76eb155fa1@group-C53C98EF31DF-SegmentedRaftLogWorker: created new log segment /data/metadata/ratis/b47fa85e-b40a-4120-876c-c53c98ef31df/current/log_inprogress_0
datanode_2  | 2019-10-14 18:45:09,350 INFO server.RaftServerConfigKeys: raft.server.watch.element-limit = 65536 (default)
datanode_1  | 2019-10-14 18:45:10,349 INFO impl.LeaderElection: 63324558-4027-4091-825f-bdb6f7b72469@group-A402D446017A-LeaderElection2: begin an election at term 1 for -1: [d63df678-93bd-4117-b64c-314b7d04b728:172.18.0.8:9858, 63324558-4027-4091-825f-bdb6f7b72469:172.18.0.9:9858, 66e8e9c2-4d23-4728-9048-3e76eb155fa1:172.18.0.10:9858], old=null
datanode_3  | 2019-10-14 18:45:10,427 INFO impl.FollowerState: 66e8e9c2-4d23-4728-9048-3e76eb155fa1@group-A402D446017A-FollowerState: change to CANDIDATE, lastRpcTime:5132ms, electionTimeout:5132ms
datanode_1  | 2019-10-14 18:45:10,397 INFO segmented.SegmentedRaftLogWorker: 63324558-4027-4091-825f-bdb6f7b72469@group-4E7120D64C1B-SegmentedRaftLogWorker: created new log segment /data/metadata/ratis/073b92e7-8eff-4304-a574-4e7120d64c1b/current/log_inprogress_0
datanode_2  | 2019-10-14 18:45:09,368 INFO impl.RoleInfo: d63df678-93bd-4117-b64c-314b7d04b728: start LeaderState
datanode_3  | 2019-10-14 18:45:10,428 INFO impl.RoleInfo: 66e8e9c2-4d23-4728-9048-3e76eb155fa1: shutdown FollowerState
datanode_1  | 2019-10-14 18:45:10,559 INFO impl.LeaderElection: 63324558-4027-4091-825f-bdb6f7b72469@group-A402D446017A-LeaderElection2: Election REJECTED; received 2 response(s) [63324558-4027-4091-825f-bdb6f7b72469<-d63df678-93bd-4117-b64c-314b7d04b728#0:FAIL-t1, 63324558-4027-4091-825f-bdb6f7b72469<-66e8e9c2-4d23-4728-9048-3e76eb155fa1#0:FAIL-t1] and 0 exception(s); 63324558-4027-4091-825f-bdb6f7b72469@group-A402D446017A:t1, leader=null, voted=63324558-4027-4091-825f-bdb6f7b72469, raftlog=63324558-4027-4091-825f-bdb6f7b72469@group-A402D446017A-SegmentedRaftLog:OPENED:c-1,f-1,i0, conf=-1: [d63df678-93bd-4117-b64c-314b7d04b728:172.18.0.8:9858, 63324558-4027-4091-825f-bdb6f7b72469:172.18.0.9:9858, 66e8e9c2-4d23-4728-9048-3e76eb155fa1:172.18.0.10:9858], old=null
datanode_2  | 2019-10-14 18:45:09,388 INFO segmented.SegmentedRaftLogWorker: d63df678-93bd-4117-b64c-314b7d04b728@group-D6AA1BC00495-SegmentedRaftLogWorker: Starting segment from index:0
datanode_3  | 2019-10-14 18:45:10,428 INFO impl.RaftServerImpl: 66e8e9c2-4d23-4728-9048-3e76eb155fa1@group-A402D446017A: changes role from  FOLLOWER to CANDIDATE at term 0 for changeToCandidate
datanode_1  | 2019-10-14 18:45:10,579 INFO impl.RaftServerImpl: 63324558-4027-4091-825f-bdb6f7b72469@group-A402D446017A: changes role from CANDIDATE to FOLLOWER at term 1 for DISCOVERED_A_NEW_TERM
datanode_2  | 2019-10-14 18:45:09,397 INFO impl.RaftServerImpl: d63df678-93bd-4117-b64c-314b7d04b728@group-D6AA1BC00495: set configuration 0: [d63df678-93bd-4117-b64c-314b7d04b728:172.18.0.8:9858], old=null at 0
datanode_3  | 2019-10-14 18:45:10,428 INFO impl.RoleInfo: 66e8e9c2-4d23-4728-9048-3e76eb155fa1: start LeaderElection
datanode_1  | 2019-10-14 18:45:10,579 INFO impl.RoleInfo: 63324558-4027-4091-825f-bdb6f7b72469: shutdown LeaderElection
datanode_2  | 2019-10-14 18:45:09,510 INFO segmented.SegmentedRaftLogWorker: d63df678-93bd-4117-b64c-314b7d04b728@group-D6AA1BC00495-SegmentedRaftLogWorker: created new log segment /data/metadata/ratis/663d08ea-2983-4945-92a2-d6aa1bc00495/current/log_inprogress_0
datanode_3  | 2019-10-14 18:45:10,444 INFO impl.LeaderElection: 66e8e9c2-4d23-4728-9048-3e76eb155fa1@group-A402D446017A-LeaderElection2: begin an election at term 1 for -1: [d63df678-93bd-4117-b64c-314b7d04b728:172.18.0.8:9858, 63324558-4027-4091-825f-bdb6f7b72469:172.18.0.9:9858, 66e8e9c2-4d23-4728-9048-3e76eb155fa1:172.18.0.10:9858], old=null
datanode_1  | 2019-10-14 18:45:10,579 INFO impl.RoleInfo: 63324558-4027-4091-825f-bdb6f7b72469: start FollowerState
datanode_2  | 2019-10-14 18:45:10,418 INFO impl.FollowerState: d63df678-93bd-4117-b64c-314b7d04b728@group-A402D446017A-FollowerState: change to CANDIDATE, lastRpcTime:5122ms, electionTimeout:5122ms
datanode_3  | 2019-10-14 18:45:10,633 INFO impl.LeaderElection: 66e8e9c2-4d23-4728-9048-3e76eb155fa1@group-A402D446017A-LeaderElection2: Election REJECTED; received 2 response(s) [66e8e9c2-4d23-4728-9048-3e76eb155fa1<-d63df678-93bd-4117-b64c-314b7d04b728#0:FAIL-t1, 66e8e9c2-4d23-4728-9048-3e76eb155fa1<-63324558-4027-4091-825f-bdb6f7b72469#0:FAIL-t1] and 0 exception(s); 66e8e9c2-4d23-4728-9048-3e76eb155fa1@group-A402D446017A:t1, leader=null, voted=66e8e9c2-4d23-4728-9048-3e76eb155fa1, raftlog=66e8e9c2-4d23-4728-9048-3e76eb155fa1@group-A402D446017A-SegmentedRaftLog:OPENED:c-1,f-1,i0, conf=-1: [d63df678-93bd-4117-b64c-314b7d04b728:172.18.0.8:9858, 63324558-4027-4091-825f-bdb6f7b72469:172.18.0.9:9858, 66e8e9c2-4d23-4728-9048-3e76eb155fa1:172.18.0.10:9858], old=null
datanode_1  | 2019-10-14 18:45:15,725 INFO impl.FollowerState: 63324558-4027-4091-825f-bdb6f7b72469@group-A402D446017A-FollowerState: change to CANDIDATE, lastRpcTime:5145ms, electionTimeout:5145ms
datanode_2  | 2019-10-14 18:45:10,419 INFO impl.RoleInfo: d63df678-93bd-4117-b64c-314b7d04b728: shutdown FollowerState
datanode_3  | 2019-10-14 18:45:10,635 INFO impl.RaftServerImpl: 66e8e9c2-4d23-4728-9048-3e76eb155fa1@group-A402D446017A: changes role from CANDIDATE to FOLLOWER at term 1 for DISCOVERED_A_NEW_TERM
datanode_1  | 2019-10-14 18:45:15,726 INFO impl.RoleInfo: 63324558-4027-4091-825f-bdb6f7b72469: shutdown FollowerState
datanode_2  | 2019-10-14 18:45:10,419 INFO impl.RaftServerImpl: d63df678-93bd-4117-b64c-314b7d04b728@group-A402D446017A: changes role from  FOLLOWER to CANDIDATE at term 0 for changeToCandidate
datanode_3  | 2019-10-14 18:45:10,635 INFO impl.RoleInfo: 66e8e9c2-4d23-4728-9048-3e76eb155fa1: shutdown LeaderElection
datanode_1  | 2019-10-14 18:45:15,726 INFO impl.RaftServerImpl: 63324558-4027-4091-825f-bdb6f7b72469@group-A402D446017A: changes role from  FOLLOWER to CANDIDATE at term 1 for changeToCandidate
datanode_2  | 2019-10-14 18:45:10,419 INFO impl.RoleInfo: d63df678-93bd-4117-b64c-314b7d04b728: start LeaderElection
datanode_3  | 2019-10-14 18:45:10,635 INFO impl.RoleInfo: 66e8e9c2-4d23-4728-9048-3e76eb155fa1: start FollowerState
datanode_1  | 2019-10-14 18:45:15,727 INFO impl.RoleInfo: 63324558-4027-4091-825f-bdb6f7b72469: start LeaderElection
datanode_2  | 2019-10-14 18:45:10,444 INFO impl.LeaderElection: d63df678-93bd-4117-b64c-314b7d04b728@group-A402D446017A-LeaderElection2: begin an election at term 1 for -1: [d63df678-93bd-4117-b64c-314b7d04b728:172.18.0.8:9858, 63324558-4027-4091-825f-bdb6f7b72469:172.18.0.9:9858, 66e8e9c2-4d23-4728-9048-3e76eb155fa1:172.18.0.10:9858], old=null
datanode_3  | 2019-10-14 18:45:15,758 INFO impl.RaftServerImpl: 66e8e9c2-4d23-4728-9048-3e76eb155fa1@group-A402D446017A: changes role from  FOLLOWER to FOLLOWER at term 2 for recognizeCandidate:d63df678-93bd-4117-b64c-314b7d04b728
datanode_1  | 2019-10-14 18:45:15,739 INFO impl.LeaderElection: 63324558-4027-4091-825f-bdb6f7b72469@group-A402D446017A-LeaderElection3: begin an election at term 2 for -1: [d63df678-93bd-4117-b64c-314b7d04b728:172.18.0.8:9858, 63324558-4027-4091-825f-bdb6f7b72469:172.18.0.9:9858, 66e8e9c2-4d23-4728-9048-3e76eb155fa1:172.18.0.10:9858], old=null
datanode_2  | 2019-10-14 18:45:10,630 INFO impl.LeaderElection: d63df678-93bd-4117-b64c-314b7d04b728@group-A402D446017A-LeaderElection2: Election REJECTED; received 2 response(s) [d63df678-93bd-4117-b64c-314b7d04b728<-63324558-4027-4091-825f-bdb6f7b72469#0:FAIL-t1, d63df678-93bd-4117-b64c-314b7d04b728<-66e8e9c2-4d23-4728-9048-3e76eb155fa1#0:FAIL-t1] and 0 exception(s); d63df678-93bd-4117-b64c-314b7d04b728@group-A402D446017A:t1, leader=null, voted=d63df678-93bd-4117-b64c-314b7d04b728, raftlog=d63df678-93bd-4117-b64c-314b7d04b728@group-A402D446017A-SegmentedRaftLog:OPENED:c-1,f-1,i0, conf=-1: [d63df678-93bd-4117-b64c-314b7d04b728:172.18.0.8:9858, 63324558-4027-4091-825f-bdb6f7b72469:172.18.0.9:9858, 66e8e9c2-4d23-4728-9048-3e76eb155fa1:172.18.0.10:9858], old=null
datanode_3  | 2019-10-14 18:45:15,759 INFO impl.RoleInfo: 66e8e9c2-4d23-4728-9048-3e76eb155fa1: shutdown FollowerState
datanode_1  | 2019-10-14 18:45:15,794 INFO impl.LeaderElection: 63324558-4027-4091-825f-bdb6f7b72469@group-A402D446017A-LeaderElection3: Election REJECTED; received 2 response(s) [63324558-4027-4091-825f-bdb6f7b72469<-d63df678-93bd-4117-b64c-314b7d04b728#0:FAIL-t2, 63324558-4027-4091-825f-bdb6f7b72469<-66e8e9c2-4d23-4728-9048-3e76eb155fa1#0:FAIL-t2] and 0 exception(s); 63324558-4027-4091-825f-bdb6f7b72469@group-A402D446017A:t2, leader=null, voted=63324558-4027-4091-825f-bdb6f7b72469, raftlog=63324558-4027-4091-825f-bdb6f7b72469@group-A402D446017A-SegmentedRaftLog:OPENED:c-1,f-1,i0, conf=-1: [d63df678-93bd-4117-b64c-314b7d04b728:172.18.0.8:9858, 63324558-4027-4091-825f-bdb6f7b72469:172.18.0.9:9858, 66e8e9c2-4d23-4728-9048-3e76eb155fa1:172.18.0.10:9858], old=null
datanode_2  | 2019-10-14 18:45:10,631 INFO impl.RaftServerImpl: d63df678-93bd-4117-b64c-314b7d04b728@group-A402D446017A: changes role from CANDIDATE to FOLLOWER at term 1 for DISCOVERED_A_NEW_TERM
datanode_3  | 2019-10-14 18:45:15,759 INFO impl.RoleInfo: 66e8e9c2-4d23-4728-9048-3e76eb155fa1: start FollowerState
datanode_1  | 2019-10-14 18:45:15,795 INFO impl.RaftServerImpl: 63324558-4027-4091-825f-bdb6f7b72469@group-A402D446017A: changes role from CANDIDATE to FOLLOWER at term 2 for DISCOVERED_A_NEW_TERM
datanode_2  | 2019-10-14 18:45:10,632 INFO impl.RoleInfo: d63df678-93bd-4117-b64c-314b7d04b728: shutdown LeaderElection
datanode_3  | 2019-10-14 18:45:15,759 INFO impl.FollowerState: 66e8e9c2-4d23-4728-9048-3e76eb155fa1@group-A402D446017A-FollowerState was interrupted: java.lang.InterruptedException: sleep interrupted
datanode_1  | 2019-10-14 18:45:15,796 INFO impl.RoleInfo: 63324558-4027-4091-825f-bdb6f7b72469: shutdown LeaderElection
datanode_2  | 2019-10-14 18:45:10,632 INFO impl.RoleInfo: d63df678-93bd-4117-b64c-314b7d04b728: start FollowerState
datanode_3  | 2019-10-14 18:45:15,865 [grpc-default-executor-1] INFO       - Leader change notification received for group: group-A402D446017A with new leaderId: d63df678-93bd-4117-b64c-314b7d04b728
datanode_1  | 2019-10-14 18:45:15,796 INFO impl.RoleInfo: 63324558-4027-4091-825f-bdb6f7b72469: start FollowerState
datanode_2  | 2019-10-14 18:45:15,709 INFO impl.FollowerState: d63df678-93bd-4117-b64c-314b7d04b728@group-A402D446017A-FollowerState: change to CANDIDATE, lastRpcTime:5077ms, electionTimeout:5077ms
datanode_3  | 2019-10-14 18:45:15,865 INFO impl.RaftServerImpl: 66e8e9c2-4d23-4728-9048-3e76eb155fa1@group-A402D446017A: change Leader from null to d63df678-93bd-4117-b64c-314b7d04b728 at term 2 for appendEntries, leader elected after 10581ms
datanode_1  | 2019-10-14 18:45:15,866 [grpc-default-executor-0] INFO       - Leader change notification received for group: group-A402D446017A with new leaderId: d63df678-93bd-4117-b64c-314b7d04b728
datanode_2  | 2019-10-14 18:45:15,710 INFO impl.RoleInfo: d63df678-93bd-4117-b64c-314b7d04b728: shutdown FollowerState
datanode_1  | 2019-10-14 18:45:15,866 INFO impl.RaftServerImpl: 63324558-4027-4091-825f-bdb6f7b72469@group-A402D446017A: change Leader from null to d63df678-93bd-4117-b64c-314b7d04b728 at term 2 for appendEntries, leader elected after 10582ms
datanode_2  | 2019-10-14 18:45:15,710 INFO impl.RaftServerImpl: d63df678-93bd-4117-b64c-314b7d04b728@group-A402D446017A: changes role from  FOLLOWER to CANDIDATE at term 1 for changeToCandidate
datanode_3  | 2019-10-14 18:45:15,887 INFO impl.RaftServerImpl: 66e8e9c2-4d23-4728-9048-3e76eb155fa1@group-A402D446017A: set configuration 0: [d63df678-93bd-4117-b64c-314b7d04b728:172.18.0.8:9858, 63324558-4027-4091-825f-bdb6f7b72469:172.18.0.9:9858, 66e8e9c2-4d23-4728-9048-3e76eb155fa1:172.18.0.10:9858], old=null at 0
datanode_1  | 2019-10-14 18:45:15,887 INFO impl.RaftServerImpl: 63324558-4027-4091-825f-bdb6f7b72469@group-A402D446017A: set configuration 0: [d63df678-93bd-4117-b64c-314b7d04b728:172.18.0.8:9858, 63324558-4027-4091-825f-bdb6f7b72469:172.18.0.9:9858, 66e8e9c2-4d23-4728-9048-3e76eb155fa1:172.18.0.10:9858], old=null at 0
datanode_2  | 2019-10-14 18:45:15,711 INFO impl.RoleInfo: d63df678-93bd-4117-b64c-314b7d04b728: start LeaderElection
datanode_3  | 2019-10-14 18:45:15,888 INFO segmented.SegmentedRaftLogWorker: 66e8e9c2-4d23-4728-9048-3e76eb155fa1@group-A402D446017A-SegmentedRaftLogWorker: Starting segment from index:0
datanode_1  | 2019-10-14 18:45:15,887 INFO segmented.SegmentedRaftLogWorker: 63324558-4027-4091-825f-bdb6f7b72469@group-A402D446017A-SegmentedRaftLogWorker: Starting segment from index:0
datanode_3  | 2019-10-14 18:45:15,933 INFO segmented.SegmentedRaftLogWorker: 66e8e9c2-4d23-4728-9048-3e76eb155fa1@group-A402D446017A-SegmentedRaftLogWorker: created new log segment /data/metadata/ratis/e6743b74-297b-4a72-b19e-a402d446017a/current/log_inprogress_0
datanode_2  | 2019-10-14 18:45:15,736 INFO impl.LeaderElection: d63df678-93bd-4117-b64c-314b7d04b728@group-A402D446017A-LeaderElection3: begin an election at term 2 for -1: [d63df678-93bd-4117-b64c-314b7d04b728:172.18.0.8:9858, 63324558-4027-4091-825f-bdb6f7b72469:172.18.0.9:9858, 66e8e9c2-4d23-4728-9048-3e76eb155fa1:172.18.0.10:9858], old=null
datanode_1  | 2019-10-14 18:45:15,933 INFO segmented.SegmentedRaftLogWorker: 63324558-4027-4091-825f-bdb6f7b72469@group-A402D446017A-SegmentedRaftLogWorker: created new log segment /data/metadata/ratis/e6743b74-297b-4a72-b19e-a402d446017a/current/log_inprogress_0
datanode_2  | 2019-10-14 18:45:15,781 INFO impl.LeaderElection: d63df678-93bd-4117-b64c-314b7d04b728@group-A402D446017A-LeaderElection3: Election PASSED; received 2 response(s) [d63df678-93bd-4117-b64c-314b7d04b728<-63324558-4027-4091-825f-bdb6f7b72469#0:FAIL-t2, d63df678-93bd-4117-b64c-314b7d04b728<-66e8e9c2-4d23-4728-9048-3e76eb155fa1#0:OK-t2] and 0 exception(s); d63df678-93bd-4117-b64c-314b7d04b728@group-A402D446017A:t2, leader=null, voted=d63df678-93bd-4117-b64c-314b7d04b728, raftlog=d63df678-93bd-4117-b64c-314b7d04b728@group-A402D446017A-SegmentedRaftLog:OPENED:c-1,f-1,i0, conf=-1: [d63df678-93bd-4117-b64c-314b7d04b728:172.18.0.8:9858, 63324558-4027-4091-825f-bdb6f7b72469:172.18.0.9:9858, 66e8e9c2-4d23-4728-9048-3e76eb155fa1:172.18.0.10:9858], old=null
datanode_2  | 2019-10-14 18:45:15,781 INFO impl.RoleInfo: d63df678-93bd-4117-b64c-314b7d04b728: shutdown LeaderElection
datanode_2  | 2019-10-14 18:45:15,782 INFO impl.RaftServerImpl: d63df678-93bd-4117-b64c-314b7d04b728@group-A402D446017A: changes role from CANDIDATE to LEADER at term 2 for changeToLeader
datanode_2  | 2019-10-14 18:45:15,782 [d63df678-93bd-4117-b64c-314b7d04b728@group-A402D446017A-LeaderElection3] INFO       - Leader change notification received for group: group-A402D446017A with new leaderId: d63df678-93bd-4117-b64c-314b7d04b728
datanode_2  | 2019-10-14 18:45:15,783 INFO impl.RaftServerImpl: d63df678-93bd-4117-b64c-314b7d04b728@group-A402D446017A: change Leader from null to d63df678-93bd-4117-b64c-314b7d04b728 at term 2 for becomeLeader, leader elected after 10498ms
datanode_2  | 2019-10-14 18:45:15,783 INFO server.RaftServerConfigKeys: raft.server.staging.catchup.gap = 1000 (default)
datanode_2  | 2019-10-14 18:45:15,783 INFO server.RaftServerConfigKeys: raft.server.rpc.sleep.time = 25ms (default)
datanode_2  | 2019-10-14 18:45:15,784 INFO server.RaftServerConfigKeys: raft.server.write.element-limit = 4096 (default)
datanode_2  | 2019-10-14 18:45:15,784 INFO server.RaftServerConfigKeys: raft.server.watch.timeout = 10s (default)
datanode_2  | 2019-10-14 18:45:15,784 INFO server.RaftServerConfigKeys: raft.server.watch.timeout.denomination = 1s (default)
datanode_2  | 2019-10-14 18:45:15,784 INFO server.RaftServerConfigKeys: raft.server.watch.element-limit = 65536 (default)
datanode_2  | 2019-10-14 18:45:15,791 INFO server.RaftServerConfigKeys: raft.server.log.appender.snapshot.chunk.size.max = 16MB (=16777216) (default)
datanode_2  | 2019-10-14 18:45:15,791 INFO server.RaftServerConfigKeys: raft.server.log.appender.buffer.byte-limit = 33554432 (custom)
datanode_2  | 2019-10-14 18:45:15,791 INFO server.RaftServerConfigKeys: raft.server.log.appender.buffer.element-limit = 1 (custom)
datanode_2  | 2019-10-14 18:45:15,794 INFO grpc.GrpcConfigKeys$Server: raft.grpc.server.leader.outstanding.appends.max = 128 (default)
datanode_2  | 2019-10-14 18:45:15,795 INFO server.RaftServerConfigKeys: raft.server.rpc.request.timeout = 3000ms (default)
datanode_2  | 2019-10-14 18:45:15,795 INFO server.RaftServerConfigKeys: raft.server.log.appender.install.snapshot.enabled = false (custom)
datanode_2  | 2019-10-14 18:45:15,796 INFO server.RaftServerConfigKeys: raft.server.log.appender.snapshot.chunk.size.max = 16MB (=16777216) (default)
datanode_2  | 2019-10-14 18:45:15,796 INFO server.RaftServerConfigKeys: raft.server.log.appender.buffer.byte-limit = 33554432 (custom)
datanode_2  | 2019-10-14 18:45:15,796 INFO server.RaftServerConfigKeys: raft.server.log.appender.buffer.element-limit = 1 (custom)
datanode_2  | 2019-10-14 18:45:15,796 INFO grpc.GrpcConfigKeys$Server: raft.grpc.server.leader.outstanding.appends.max = 128 (default)
datanode_2  | 2019-10-14 18:45:15,796 INFO server.RaftServerConfigKeys: raft.server.rpc.request.timeout = 3000ms (default)
datanode_2  | 2019-10-14 18:45:15,796 INFO server.RaftServerConfigKeys: raft.server.log.appender.install.snapshot.enabled = false (custom)
datanode_2  | 2019-10-14 18:45:15,798 INFO impl.RoleInfo: d63df678-93bd-4117-b64c-314b7d04b728: start LeaderState
datanode_2  | 2019-10-14 18:45:15,799 INFO segmented.SegmentedRaftLogWorker: d63df678-93bd-4117-b64c-314b7d04b728@group-A402D446017A-SegmentedRaftLogWorker: Starting segment from index:0
datanode_2  | 2019-10-14 18:45:15,800 INFO impl.RaftServerImpl: d63df678-93bd-4117-b64c-314b7d04b728@group-A402D446017A: set configuration 0: [d63df678-93bd-4117-b64c-314b7d04b728:172.18.0.8:9858, 63324558-4027-4091-825f-bdb6f7b72469:172.18.0.9:9858, 66e8e9c2-4d23-4728-9048-3e76eb155fa1:172.18.0.10:9858], old=null at 0
datanode_2  | 2019-10-14 18:45:15,844 INFO segmented.SegmentedRaftLogWorker: d63df678-93bd-4117-b64c-314b7d04b728@group-A402D446017A-SegmentedRaftLogWorker: created new log segment /data/metadata/ratis/e6743b74-297b-4a72-b19e-a402d446017a/current/log_inprogress_0
