datanode_3  | 2019-10-17 11:05:42,201 INFO impl.RaftServerImpl: 52308e5b-5b52-49e1-b958-b1f45dec952c@group-99B73B448B6F: change Leader from null to 4a7b6a15-219d-4997-bf6f-7788a0b58cee at term 2 for appendEntries, leader elected after 10387ms
datanode_2  | 2019-10-17 11:05:37,152 INFO impl.LeaderElection: 205a1e0f-a906-458d-8244-ee1949c8aa54@group-99B73B448B6F-LeaderElection2: Election REJECTED; received 2 response(s) [205a1e0f-a906-458d-8244-ee1949c8aa54<-52308e5b-5b52-49e1-b958-b1f45dec952c#0:FAIL-t1, 205a1e0f-a906-458d-8244-ee1949c8aa54<-4a7b6a15-219d-4997-bf6f-7788a0b58cee#0:FAIL-t1] and 0 exception(s); 205a1e0f-a906-458d-8244-ee1949c8aa54@group-99B73B448B6F:t1, leader=null, voted=205a1e0f-a906-458d-8244-ee1949c8aa54, raftlog=205a1e0f-a906-458d-8244-ee1949c8aa54@group-99B73B448B6F-SegmentedRaftLog:OPENED:c-1,f-1,i0, conf=-1: [52308e5b-5b52-49e1-b958-b1f45dec952c:172.18.0.5:9858, 4a7b6a15-219d-4997-bf6f-7788a0b58cee:172.18.0.3:9858, 205a1e0f-a906-458d-8244-ee1949c8aa54:172.18.0.6:9858], old=null
datanode_1  | 2019-10-17 11:05:36,868 INFO impl.LeaderElection: 4a7b6a15-219d-4997-bf6f-7788a0b58cee@group-99B73B448B6F-LeaderElection2: begin an election at term 1 for -1: [52308e5b-5b52-49e1-b958-b1f45dec952c:172.18.0.5:9858, 4a7b6a15-219d-4997-bf6f-7788a0b58cee:172.18.0.3:9858, 205a1e0f-a906-458d-8244-ee1949c8aa54:172.18.0.6:9858], old=null
datanode_2  | 2019-10-17 11:05:37,153 INFO impl.RaftServerImpl: 205a1e0f-a906-458d-8244-ee1949c8aa54@group-99B73B448B6F: changes role from CANDIDATE to FOLLOWER at term 1 for DISCOVERED_A_NEW_TERM
datanode_1  | 2019-10-17 11:05:37,057 INFO impl.LeaderElection: 4a7b6a15-219d-4997-bf6f-7788a0b58cee@group-99B73B448B6F-LeaderElection2: Election REJECTED; received 2 response(s) [4a7b6a15-219d-4997-bf6f-7788a0b58cee<-52308e5b-5b52-49e1-b958-b1f45dec952c#0:FAIL-t1, 4a7b6a15-219d-4997-bf6f-7788a0b58cee<-205a1e0f-a906-458d-8244-ee1949c8aa54#0:FAIL-t1] and 0 exception(s); 4a7b6a15-219d-4997-bf6f-7788a0b58cee@group-99B73B448B6F:t1, leader=null, voted=4a7b6a15-219d-4997-bf6f-7788a0b58cee, raftlog=4a7b6a15-219d-4997-bf6f-7788a0b58cee@group-99B73B448B6F-SegmentedRaftLog:OPENED:c-1,f-1,i0, conf=-1: [52308e5b-5b52-49e1-b958-b1f45dec952c:172.18.0.5:9858, 4a7b6a15-219d-4997-bf6f-7788a0b58cee:172.18.0.3:9858, 205a1e0f-a906-458d-8244-ee1949c8aa54:172.18.0.6:9858], old=null
datanode_2  | 2019-10-17 11:05:37,153 INFO impl.RoleInfo: 205a1e0f-a906-458d-8244-ee1949c8aa54: shutdown LeaderElection
datanode_3  | 2019-10-17 11:05:42,217 INFO impl.RaftServerImpl: 52308e5b-5b52-49e1-b958-b1f45dec952c@group-99B73B448B6F: set configuration 0: [52308e5b-5b52-49e1-b958-b1f45dec952c:172.18.0.5:9858, 4a7b6a15-219d-4997-bf6f-7788a0b58cee:172.18.0.3:9858, 205a1e0f-a906-458d-8244-ee1949c8aa54:172.18.0.6:9858], old=null at 0
datanode_2  | 2019-10-17 11:05:37,153 INFO impl.RoleInfo: 205a1e0f-a906-458d-8244-ee1949c8aa54: start FollowerState
datanode_3  | 2019-10-17 11:05:42,217 INFO segmented.SegmentedRaftLogWorker: 52308e5b-5b52-49e1-b958-b1f45dec952c@group-99B73B448B6F-SegmentedRaftLogWorker: Starting segment from index:0
datanode_1  | 2019-10-17 11:05:37,058 INFO impl.RaftServerImpl: 4a7b6a15-219d-4997-bf6f-7788a0b58cee@group-99B73B448B6F: changes role from CANDIDATE to FOLLOWER at term 1 for DISCOVERED_A_NEW_TERM
datanode_3  | 2019-10-17 11:05:42,266 INFO segmented.SegmentedRaftLogWorker: 52308e5b-5b52-49e1-b958-b1f45dec952c@group-99B73B448B6F-SegmentedRaftLogWorker: created new log segment /data/metadata/ratis/a3f82f8f-84d8-43a3-8643-99b73b448b6f/current/log_inprogress_0
datanode_1  | 2019-10-17 11:05:37,058 INFO impl.RoleInfo: 4a7b6a15-219d-4997-bf6f-7788a0b58cee: shutdown LeaderElection
datanode_2  | 2019-10-17 11:05:42,115 INFO impl.RaftServerImpl: 205a1e0f-a906-458d-8244-ee1949c8aa54@group-99B73B448B6F: changes role from  FOLLOWER to FOLLOWER at term 2 for recognizeCandidate:4a7b6a15-219d-4997-bf6f-7788a0b58cee
datanode_2  | 2019-10-17 11:05:42,115 INFO impl.RoleInfo: 205a1e0f-a906-458d-8244-ee1949c8aa54: shutdown FollowerState
datanode_1  | 2019-10-17 11:05:37,059 INFO impl.RoleInfo: 4a7b6a15-219d-4997-bf6f-7788a0b58cee: start FollowerState
datanode_2  | 2019-10-17 11:05:42,115 INFO impl.RoleInfo: 205a1e0f-a906-458d-8244-ee1949c8aa54: start FollowerState
datanode_2  | 2019-10-17 11:05:42,116 INFO impl.FollowerState: 205a1e0f-a906-458d-8244-ee1949c8aa54@group-99B73B448B6F-FollowerState was interrupted: java.lang.InterruptedException: sleep interrupted
datanode_1  | 2019-10-17 11:05:42,070 INFO impl.FollowerState: 4a7b6a15-219d-4997-bf6f-7788a0b58cee@group-99B73B448B6F-FollowerState: change to CANDIDATE, lastRpcTime:5011ms, electionTimeout:5010ms
datanode_3  | 2019-10-17 11:06:35,500 WARN client.GrpcClientProtocolService: 0-OrderedRequestStreamObserver0: onError: org.apache.ratis.thirdparty.io.grpc.StatusRuntimeException: CANCELLED: cancelled before receiving half close
datanode_1  | 2019-10-17 11:05:42,071 INFO impl.RoleInfo: 4a7b6a15-219d-4997-bf6f-7788a0b58cee: shutdown FollowerState
datanode_2  | 2019-10-17 11:05:42,201 INFO impl.RaftServerImpl: 205a1e0f-a906-458d-8244-ee1949c8aa54@group-99B73B448B6F: change Leader from null to 4a7b6a15-219d-4997-bf6f-7788a0b58cee at term 2 for appendEntries, leader elected after 10387ms
datanode_1  | 2019-10-17 11:05:42,071 INFO impl.RaftServerImpl: 4a7b6a15-219d-4997-bf6f-7788a0b58cee@group-99B73B448B6F: changes role from  FOLLOWER to CANDIDATE at term 1 for changeToCandidate
datanode_1  | 2019-10-17 11:05:42,071 INFO impl.RoleInfo: 4a7b6a15-219d-4997-bf6f-7788a0b58cee: start LeaderElection
datanode_2  | 2019-10-17 11:05:42,217 INFO impl.RaftServerImpl: 205a1e0f-a906-458d-8244-ee1949c8aa54@group-99B73B448B6F: set configuration 0: [52308e5b-5b52-49e1-b958-b1f45dec952c:172.18.0.5:9858, 4a7b6a15-219d-4997-bf6f-7788a0b58cee:172.18.0.3:9858, 205a1e0f-a906-458d-8244-ee1949c8aa54:172.18.0.6:9858], old=null at 0
datanode_2  | 2019-10-17 11:05:42,217 INFO segmented.SegmentedRaftLogWorker: 205a1e0f-a906-458d-8244-ee1949c8aa54@group-99B73B448B6F-SegmentedRaftLogWorker: Starting segment from index:0
datanode_2  | 2019-10-17 11:05:42,266 INFO segmented.SegmentedRaftLogWorker: 205a1e0f-a906-458d-8244-ee1949c8aa54@group-99B73B448B6F-SegmentedRaftLogWorker: created new log segment /data/metadata/ratis/a3f82f8f-84d8-43a3-8643-99b73b448b6f/current/log_inprogress_0
datanode_1  | 2019-10-17 11:05:42,094 INFO impl.LeaderElection: 4a7b6a15-219d-4997-bf6f-7788a0b58cee@group-99B73B448B6F-LeaderElection3: begin an election at term 2 for -1: [52308e5b-5b52-49e1-b958-b1f45dec952c:172.18.0.5:9858, 4a7b6a15-219d-4997-bf6f-7788a0b58cee:172.18.0.3:9858, 205a1e0f-a906-458d-8244-ee1949c8aa54:172.18.0.6:9858], old=null
datanode_1  | 2019-10-17 11:05:42,134 INFO impl.LeaderElection: 4a7b6a15-219d-4997-bf6f-7788a0b58cee@group-99B73B448B6F-LeaderElection3: Election PASSED; received 1 response(s) [4a7b6a15-219d-4997-bf6f-7788a0b58cee<-52308e5b-5b52-49e1-b958-b1f45dec952c#0:OK-t2] and 0 exception(s); 4a7b6a15-219d-4997-bf6f-7788a0b58cee@group-99B73B448B6F:t2, leader=null, voted=4a7b6a15-219d-4997-bf6f-7788a0b58cee, raftlog=4a7b6a15-219d-4997-bf6f-7788a0b58cee@group-99B73B448B6F-SegmentedRaftLog:OPENED:c-1,f-1,i0, conf=-1: [52308e5b-5b52-49e1-b958-b1f45dec952c:172.18.0.5:9858, 4a7b6a15-219d-4997-bf6f-7788a0b58cee:172.18.0.3:9858, 205a1e0f-a906-458d-8244-ee1949c8aa54:172.18.0.6:9858], old=null
datanode_1  | 2019-10-17 11:05:42,135 INFO impl.RoleInfo: 4a7b6a15-219d-4997-bf6f-7788a0b58cee: shutdown LeaderElection
datanode_1  | 2019-10-17 11:05:42,135 INFO impl.RaftServerImpl: 4a7b6a15-219d-4997-bf6f-7788a0b58cee@group-99B73B448B6F: changes role from CANDIDATE to LEADER at term 2 for changeToLeader
datanode_1  | 2019-10-17 11:05:42,135 INFO impl.RaftServerImpl: 4a7b6a15-219d-4997-bf6f-7788a0b58cee@group-99B73B448B6F: change Leader from null to 4a7b6a15-219d-4997-bf6f-7788a0b58cee at term 2 for becomeLeader, leader elected after 10321ms
datanode_1  | 2019-10-17 11:05:42,135 INFO server.RaftServerConfigKeys: raft.server.staging.catchup.gap = 1000 (default)
datanode_1  | 2019-10-17 11:05:42,135 INFO server.RaftServerConfigKeys: raft.server.rpc.sleep.time = 25ms (default)
datanode_1  | 2019-10-17 11:05:42,136 INFO server.RaftServerConfigKeys: raft.server.write.element-limit = 4096 (default)
datanode_1  | 2019-10-17 11:05:42,136 INFO server.RaftServerConfigKeys: raft.server.watch.timeout = 10s (default)
datanode_1  | 2019-10-17 11:05:42,136 INFO server.RaftServerConfigKeys: raft.server.watch.timeout.denomination = 1s (default)
datanode_1  | 2019-10-17 11:05:42,136 INFO server.RaftServerConfigKeys: raft.server.watch.element-limit = 65536 (default)
datanode_1  | 2019-10-17 11:05:42,142 INFO server.RaftServerConfigKeys: raft.server.log.appender.snapshot.chunk.size.max = 16MB (=16777216) (default)
datanode_1  | 2019-10-17 11:05:42,142 INFO server.RaftServerConfigKeys: raft.server.log.appender.buffer.byte-limit = 33554432 (custom)
datanode_1  | 2019-10-17 11:05:42,142 INFO server.RaftServerConfigKeys: raft.server.log.appender.buffer.element-limit = 1 (custom)
datanode_1  | 2019-10-17 11:05:42,145 INFO grpc.GrpcConfigKeys$Server: raft.grpc.server.leader.outstanding.appends.max = 128 (default)
datanode_1  | 2019-10-17 11:05:42,145 INFO server.RaftServerConfigKeys: raft.server.rpc.request.timeout = 3000ms (default)
datanode_1  | 2019-10-17 11:05:42,145 INFO server.RaftServerConfigKeys: raft.server.log.appender.install.snapshot.enabled = false (custom)
datanode_1  | 2019-10-17 11:05:42,146 INFO server.RaftServerConfigKeys: raft.server.log.appender.snapshot.chunk.size.max = 16MB (=16777216) (default)
datanode_1  | 2019-10-17 11:05:42,146 INFO server.RaftServerConfigKeys: raft.server.log.appender.buffer.byte-limit = 33554432 (custom)
datanode_1  | 2019-10-17 11:05:42,146 INFO server.RaftServerConfigKeys: raft.server.log.appender.buffer.element-limit = 1 (custom)
datanode_1  | 2019-10-17 11:05:42,147 INFO grpc.GrpcConfigKeys$Server: raft.grpc.server.leader.outstanding.appends.max = 128 (default)
datanode_1  | 2019-10-17 11:05:42,147 INFO server.RaftServerConfigKeys: raft.server.rpc.request.timeout = 3000ms (default)
datanode_1  | 2019-10-17 11:05:42,147 INFO server.RaftServerConfigKeys: raft.server.log.appender.install.snapshot.enabled = false (custom)
datanode_1  | 2019-10-17 11:05:42,149 INFO impl.RoleInfo: 4a7b6a15-219d-4997-bf6f-7788a0b58cee: start LeaderState
datanode_1  | 2019-10-17 11:05:42,150 INFO segmented.SegmentedRaftLogWorker: 4a7b6a15-219d-4997-bf6f-7788a0b58cee@group-99B73B448B6F-SegmentedRaftLogWorker: Starting segment from index:0
datanode_1  | 2019-10-17 11:05:42,151 INFO impl.RaftServerImpl: 4a7b6a15-219d-4997-bf6f-7788a0b58cee@group-99B73B448B6F: set configuration 0: [52308e5b-5b52-49e1-b958-b1f45dec952c:172.18.0.5:9858, 4a7b6a15-219d-4997-bf6f-7788a0b58cee:172.18.0.3:9858, 205a1e0f-a906-458d-8244-ee1949c8aa54:172.18.0.6:9858], old=null at 0
datanode_1  | 2019-10-17 11:05:42,197 INFO segmented.SegmentedRaftLogWorker: 4a7b6a15-219d-4997-bf6f-7788a0b58cee@group-99B73B448B6F-SegmentedRaftLogWorker: created new log segment /data/metadata/ratis/a3f82f8f-84d8-43a3-8643-99b73b448b6f/current/log_inprogress_0
datanode_1  | 2019-10-17 11:06:08,921 WARN client.GrpcClientProtocolService: 0-OrderedRequestStreamObserver0: onError: org.apache.ratis.thirdparty.io.grpc.StatusRuntimeException: CANCELLED: cancelled before receiving half close
datanode_1  | 2019-10-17 11:06:22,180 WARN client.GrpcClientProtocolService: 1-OrderedRequestStreamObserver1: onError: org.apache.ratis.thirdparty.io.grpc.StatusRuntimeException: CANCELLED: cancelled before receiving half close
datanode_1  | 2019-10-17 11:06:48,894 WARN client.GrpcClientProtocolService: 2-OrderedRequestStreamObserver2: onError: org.apache.ratis.thirdparty.io.grpc.StatusRuntimeException: CANCELLED: cancelled before receiving half close
