datanode_3    | 2019-10-17 11:07:32,396 INFO server.RaftServerConfigKeys: raft.server.log.queue.element-limit = 1024 (custom)
grafana_1     | t=2019-10-17T11:07:26+0000 lvl=info msg="Executing migration" logger=migrator id="Add read_only data column"
datanode_2    | 2019-10-17 11:07:32,315 INFO server.RaftServerConfigKeys: raft.server.log.appender.install.snapshot.enabled = false (custom)
datanode_1    | 2019-10-17 11:07:32,367 [pool-8-thread-1] INFO       - group-63C8C22741A2: The snapshot info is null. Setting the last applied indexto:(t:0, i:~)
datanode_3    | 2019-10-17 11:07:32,396 INFO server.RaftServerConfigKeys: raft.server.log.segment.size.max = 1048576 (custom)
grafana_1     | t=2019-10-17T11:07:26+0000 lvl=info msg="Executing migration" logger=migrator id="Migrate logging ds to loki ds"
datanode_2    | 2019-10-17 11:07:32,316 INFO impl.RaftServerImpl: 618146e2-b065-4a1d-b039-570a819477af@group-63C8C22741A2: ConfigurationManager, init=-1: [618146e2-b065-4a1d-b039-570a819477af:172.18.0.6:9858, ad7cf878-d8af-48da-a29f-bf92dd75e331:172.18.0.9:9858, eafa05f3-c175-41c6-97d6-b6014a7f952c:172.18.0.8:9858], old=null, confs=<EMPTY_MAP>
datanode_1    | 2019-10-17 11:07:32,368 INFO server.RaftServerConfigKeys: raft.server.notification.no-leader.timeout = 120s (custom)
datanode_3    | 2019-10-17 11:07:32,397 INFO server.RaftServerConfigKeys: raft.server.log.preallocated.size = 16384 (custom)
grafana_1     | t=2019-10-17T11:07:26+0000 lvl=info msg="Executing migration" logger=migrator id="Update json_data with nulls"
datanode_2    | 2019-10-17 11:07:32,316 INFO server.RaftServerConfigKeys: raft.server.storage.dir = [/data/metadata/ratis] (custom)
datanode_1    | 2019-10-17 11:07:32,368 INFO server.RaftServerConfigKeys: raft.server.log.use.memory = false (default)
datanode_3    | 2019-10-17 11:07:32,397 INFO server.RaftServerConfigKeys: raft.server.log.write.buffer.size = 33554432 (custom)
grafana_1     | t=2019-10-17T11:07:26+0000 lvl=info msg="Executing migration" logger=migrator id="create api_key table"
datanode_1    | 2019-10-17 11:07:32,368 INFO server.RaftServerConfigKeys: raft.server.log.purge.gap = 1000000 (custom)
datanode_2    | 2019-10-17 11:07:32,316 INFO server.RaftServerConfigKeys: raft.server.log.corruption.policy = EXCEPTION (default)
datanode_3    | 2019-10-17 11:07:32,397 INFO server.RaftServerConfigKeys: raft.server.log.force.sync.num = 128 (default)
grafana_1     | t=2019-10-17T11:07:26+0000 lvl=info msg="Executing migration" logger=migrator id="add index api_key.account_id"
datanode_1    | 2019-10-17 11:07:32,368 INFO server.RaftServerConfigKeys: raft.server.log.appender.buffer.byte-limit = 33554432 (custom)
datanode_2    | 2019-10-17 11:07:32,316 INFO storage.RaftStorageDirectory: The storage directory /data/metadata/ratis/96f7959f-6e5f-4d8f-ba36-63c8c22741a2 does not exist. Creating ...
datanode_3    | 2019-10-17 11:07:32,397 INFO server.RaftServerConfigKeys: raft.server.log.statemachine.data.sync = true (default)
grafana_1     | t=2019-10-17T11:07:26+0000 lvl=info msg="Executing migration" logger=migrator id="add index api_key.key"
datanode_1    | 2019-10-17 11:07:32,368 INFO server.RaftServerConfigKeys: raft.server.log.segment.size.max = 1048576 (custom)
datanode_2    | 2019-10-17 11:07:32,334 INFO storage.RaftStorageDirectory: Lock on /data/metadata/ratis/96f7959f-6e5f-4d8f-ba36-63c8c22741a2/in_use.lock acquired by nodename 7@4ce22455688f
grafana_1     | t=2019-10-17T11:07:26+0000 lvl=info msg="Executing migration" logger=migrator id="add index api_key.account_id_name"
datanode_1    | 2019-10-17 11:07:32,369 INFO server.RaftServerConfigKeys: raft.server.log.segment.cache.num.max = 2 (custom)
datanode_2    | 2019-10-17 11:07:32,393 INFO storage.RaftStorage: Storage directory /data/metadata/ratis/96f7959f-6e5f-4d8f-ba36-63c8c22741a2 has been successfully formatted.
datanode_3    | 2019-10-17 11:07:32,398 INFO server.RaftServerConfigKeys: raft.server.log.statemachine.data.sync.timeout = 10s (default)
grafana_1     | t=2019-10-17T11:07:26+0000 lvl=info msg="Executing migration" logger=migrator id="drop index IDX_api_key_account_id - v1"
datanode_2    | 2019-10-17 11:07:32,394 [pool-8-thread-1] INFO       - group-63C8C22741A2: The snapshot info is null. Setting the last applied indexto:(t:0, i:~)
datanode_1    | 2019-10-17 11:07:32,369 INFO segmented.SegmentedRaftLogWorker: new ad7cf878-d8af-48da-a29f-bf92dd75e331@group-63C8C22741A2-SegmentedRaftLogWorker for RaftStorage:Storage Directory /data/metadata/ratis/96f7959f-6e5f-4d8f-ba36-63c8c22741a2
datanode_3    | 2019-10-17 11:07:32,398 INFO server.RaftServerConfigKeys: raft.server.log.statemachine.data.sync.timeout.retry = -1 (default)
grafana_1     | t=2019-10-17T11:07:26+0000 lvl=info msg="Executing migration" logger=migrator id="drop index UQE_api_key_key - v1"
datanode_2    | 2019-10-17 11:07:32,394 INFO server.RaftServerConfigKeys: raft.server.notification.no-leader.timeout = 120s (custom)
datanode_1    | 2019-10-17 11:07:32,369 INFO server.RaftServerConfigKeys: raft.server.log.queue.byte-limit = 2147483647 (custom)
datanode_3    | 2019-10-17 11:07:32,398 INFO server.RaftServerConfigKeys: raft.server.log.statemachine.data.caching.enabled = true (custom)
grafana_1     | t=2019-10-17T11:07:26+0000 lvl=info msg="Executing migration" logger=migrator id="drop index UQE_api_key_account_id_name - v1"
datanode_2    | 2019-10-17 11:07:32,394 INFO server.RaftServerConfigKeys: raft.server.log.use.memory = false (default)
datanode_1    | 2019-10-17 11:07:32,369 INFO server.RaftServerConfigKeys: raft.server.log.queue.element-limit = 1024 (custom)
datanode_3    | 2019-10-17 11:07:32,399 INFO segmented.SegmentedRaftLogWorker: eafa05f3-c175-41c6-97d6-b6014a7f952c@group-63C8C22741A2-SegmentedRaftLogWorker: flushIndex: setUnconditionally 0 -> -1
datanode_2    | 2019-10-17 11:07:32,394 INFO server.RaftServerConfigKeys: raft.server.log.purge.gap = 1000000 (custom)
grafana_1     | t=2019-10-17T11:07:26+0000 lvl=info msg="Executing migration" logger=migrator id="Rename table api_key to api_key_v1 - v1"
datanode_1    | 2019-10-17 11:07:32,369 INFO server.RaftServerConfigKeys: raft.server.log.segment.size.max = 1048576 (custom)
datanode_3    | 2019-10-17 11:07:32,400 INFO server.RaftServerConfigKeys: raft.server.snapshot.auto.trigger.enabled = true (custom)
datanode_2    | 2019-10-17 11:07:32,395 INFO server.RaftServerConfigKeys: raft.server.log.appender.buffer.byte-limit = 33554432 (custom)
grafana_1     | t=2019-10-17T11:07:26+0000 lvl=info msg="Executing migration" logger=migrator id="create api_key table v2"
datanode_1    | 2019-10-17 11:07:32,369 INFO server.RaftServerConfigKeys: raft.server.log.preallocated.size = 16384 (custom)
datanode_3    | 2019-10-17 11:07:32,400 INFO server.RaftServerConfigKeys: raft.server.snapshot.auto.trigger.threshold = 10000 (custom)
datanode_2    | 2019-10-17 11:07:32,395 INFO server.RaftServerConfigKeys: raft.server.log.segment.size.max = 1048576 (custom)
grafana_1     | t=2019-10-17T11:07:26+0000 lvl=info msg="Executing migration" logger=migrator id="create index IDX_api_key_org_id - v2"
datanode_1    | 2019-10-17 11:07:32,369 INFO server.RaftServerConfigKeys: raft.server.log.write.buffer.size = 33554432 (custom)
datanode_3    | 2019-10-17 11:07:32,400 INFO server.RaftServerConfigKeys: raft.server.snapshot.retention.file.num = 5 (custom)
grafana_1     | t=2019-10-17T11:07:27+0000 lvl=info msg="Executing migration" logger=migrator id="create index UQE_api_key_key - v2"
datanode_3    | 2019-10-17 11:07:32,400 INFO server.RaftServerConfigKeys: raft.server.retrycache.expirytime = 600000ms (custom)
grafana_1     | t=2019-10-17T11:07:27+0000 lvl=info msg="Executing migration" logger=migrator id="create index UQE_api_key_org_id_name - v2"
datanode_2    | 2019-10-17 11:07:32,395 INFO server.RaftServerConfigKeys: raft.server.log.segment.cache.num.max = 2 (custom)
datanode_3    | 2019-10-17 11:07:32,410 INFO impl.RaftServerImpl: eafa05f3-c175-41c6-97d6-b6014a7f952c@group-63C8C22741A2: start as a follower, conf=-1: [618146e2-b065-4a1d-b039-570a819477af:172.18.0.6:9858, ad7cf878-d8af-48da-a29f-bf92dd75e331:172.18.0.9:9858, eafa05f3-c175-41c6-97d6-b6014a7f952c:172.18.0.8:9858], old=null
grafana_1     | t=2019-10-17T11:07:27+0000 lvl=info msg="Executing migration" logger=migrator id="copy api_key v1 to v2"
datanode_2    | 2019-10-17 11:07:32,395 INFO segmented.SegmentedRaftLogWorker: new 618146e2-b065-4a1d-b039-570a819477af@group-63C8C22741A2-SegmentedRaftLogWorker for RaftStorage:Storage Directory /data/metadata/ratis/96f7959f-6e5f-4d8f-ba36-63c8c22741a2
datanode_1    | 2019-10-17 11:07:32,369 INFO server.RaftServerConfigKeys: raft.server.log.force.sync.num = 128 (default)
datanode_3    | 2019-10-17 11:07:32,410 INFO impl.RaftServerImpl: eafa05f3-c175-41c6-97d6-b6014a7f952c@group-63C8C22741A2: changes role from      null to FOLLOWER at term 0 for startAsFollower
grafana_1     | t=2019-10-17T11:07:27+0000 lvl=info msg="Executing migration" logger=migrator id="Drop old table api_key_v1"
datanode_2    | 2019-10-17 11:07:32,395 INFO server.RaftServerConfigKeys: raft.server.log.queue.byte-limit = 2147483647 (custom)
datanode_3    | 2019-10-17 11:07:32,410 INFO impl.RoleInfo: eafa05f3-c175-41c6-97d6-b6014a7f952c: start FollowerState
datanode_1    | 2019-10-17 11:07:32,369 INFO server.RaftServerConfigKeys: raft.server.log.statemachine.data.sync = true (default)
datanode_2    | 2019-10-17 11:07:32,396 INFO server.RaftServerConfigKeys: raft.server.log.queue.element-limit = 1024 (custom)
datanode_3    | 2019-10-17 11:07:32,411 INFO util.JmxRegister: Successfully registered JMX Bean with object name Ratis:service=RaftServer,group=group-63C8C22741A2,id=eafa05f3-c175-41c6-97d6-b6014a7f952c
datanode_1    | 2019-10-17 11:07:32,369 INFO server.RaftServerConfigKeys: raft.server.log.statemachine.data.sync.timeout = 10s (default)
datanode_2    | 2019-10-17 11:07:32,396 INFO server.RaftServerConfigKeys: raft.server.log.segment.size.max = 1048576 (custom)
datanode_3    | 2019-10-17 11:07:37,363 INFO impl.FollowerState: eafa05f3-c175-41c6-97d6-b6014a7f952c@group-00280E12E76F-FollowerState: change to CANDIDATE, lastRpcTime:5177ms, electionTimeout:5176ms
grafana_1     | t=2019-10-17T11:07:27+0000 lvl=info msg="Executing migration" logger=migrator id="Update api_key table charset"
datanode_1    | 2019-10-17 11:07:32,369 INFO server.RaftServerConfigKeys: raft.server.log.statemachine.data.sync.timeout.retry = -1 (default)
datanode_3    | 2019-10-17 11:07:37,364 INFO impl.RoleInfo: eafa05f3-c175-41c6-97d6-b6014a7f952c: shutdown FollowerState
grafana_1     | t=2019-10-17T11:07:27+0000 lvl=info msg="Executing migration" logger=migrator id="Add expires to api_key table"
datanode_1    | 2019-10-17 11:07:32,370 INFO server.RaftServerConfigKeys: raft.server.log.statemachine.data.caching.enabled = true (custom)
datanode_3    | 2019-10-17 11:07:37,365 INFO impl.RaftServerImpl: eafa05f3-c175-41c6-97d6-b6014a7f952c@group-00280E12E76F: changes role from  FOLLOWER to CANDIDATE at term 0 for changeToCandidate
datanode_2    | 2019-10-17 11:07:32,396 INFO server.RaftServerConfigKeys: raft.server.log.preallocated.size = 16384 (custom)
grafana_1     | t=2019-10-17T11:07:27+0000 lvl=info msg="Executing migration" logger=migrator id="create dashboard_snapshot table v4"
datanode_1    | 2019-10-17 11:07:32,370 INFO segmented.SegmentedRaftLogWorker: ad7cf878-d8af-48da-a29f-bf92dd75e331@group-63C8C22741A2-SegmentedRaftLogWorker: flushIndex: setUnconditionally 0 -> -1
datanode_3    | 2019-10-17 11:07:37,368 INFO impl.RoleInfo: eafa05f3-c175-41c6-97d6-b6014a7f952c: start LeaderElection
datanode_2    | 2019-10-17 11:07:32,396 INFO server.RaftServerConfigKeys: raft.server.log.write.buffer.size = 33554432 (custom)
grafana_1     | t=2019-10-17T11:07:27+0000 lvl=info msg="Executing migration" logger=migrator id="drop table dashboard_snapshot_v4 #1"
datanode_1    | 2019-10-17 11:07:32,370 INFO server.RaftServerConfigKeys: raft.server.snapshot.auto.trigger.enabled = true (custom)
datanode_3    | 2019-10-17 11:07:37,393 INFO impl.LeaderElection: eafa05f3-c175-41c6-97d6-b6014a7f952c@group-00280E12E76F-LeaderElection1: begin an election at term 1 for -1: [eafa05f3-c175-41c6-97d6-b6014a7f952c:172.18.0.8:9858], old=null
datanode_2    | 2019-10-17 11:07:32,396 INFO server.RaftServerConfigKeys: raft.server.log.force.sync.num = 128 (default)
grafana_1     | t=2019-10-17T11:07:27+0000 lvl=info msg="Executing migration" logger=migrator id="create dashboard_snapshot table v5 #2"
datanode_1    | 2019-10-17 11:07:32,370 INFO server.RaftServerConfigKeys: raft.server.snapshot.auto.trigger.threshold = 10000 (custom)
datanode_3    | 2019-10-17 11:07:37,395 INFO impl.RoleInfo: eafa05f3-c175-41c6-97d6-b6014a7f952c: shutdown LeaderElection
datanode_2    | 2019-10-17 11:07:32,396 INFO server.RaftServerConfigKeys: raft.server.log.statemachine.data.sync = true (default)
grafana_1     | t=2019-10-17T11:07:27+0000 lvl=info msg="Executing migration" logger=migrator id="create index UQE_dashboard_snapshot_key - v5"
datanode_1    | 2019-10-17 11:07:32,371 INFO server.RaftServerConfigKeys: raft.server.snapshot.retention.file.num = 5 (custom)
datanode_3    | 2019-10-17 11:07:37,396 INFO impl.RaftServerImpl: eafa05f3-c175-41c6-97d6-b6014a7f952c@group-00280E12E76F: changes role from CANDIDATE to LEADER at term 1 for changeToLeader
datanode_2    | 2019-10-17 11:07:32,396 INFO server.RaftServerConfigKeys: raft.server.log.statemachine.data.sync.timeout = 10s (default)
grafana_1     | t=2019-10-17T11:07:27+0000 lvl=info msg="Executing migration" logger=migrator id="create index UQE_dashboard_snapshot_delete_key - v5"
datanode_1    | 2019-10-17 11:07:32,371 INFO server.RaftServerConfigKeys: raft.server.retrycache.expirytime = 600000ms (custom)
datanode_2    | 2019-10-17 11:07:32,397 INFO server.RaftServerConfigKeys: raft.server.log.statemachine.data.sync.timeout.retry = -1 (default)
datanode_3    | 2019-10-17 11:07:37,396 INFO impl.RaftServerImpl: eafa05f3-c175-41c6-97d6-b6014a7f952c@group-00280E12E76F: change Leader from null to eafa05f3-c175-41c6-97d6-b6014a7f952c at term 1 for becomeLeader, leader elected after 5308ms
grafana_1     | t=2019-10-17T11:07:27+0000 lvl=info msg="Executing migration" logger=migrator id="create index IDX_dashboard_snapshot_user_id - v5"
datanode_1    | 2019-10-17 11:07:32,376 INFO impl.RaftServerImpl: ad7cf878-d8af-48da-a29f-bf92dd75e331@group-63C8C22741A2: start as a follower, conf=-1: [618146e2-b065-4a1d-b039-570a819477af:172.18.0.6:9858, ad7cf878-d8af-48da-a29f-bf92dd75e331:172.18.0.9:9858, eafa05f3-c175-41c6-97d6-b6014a7f952c:172.18.0.8:9858], old=null
datanode_3    | 2019-10-17 11:07:37,402 INFO server.RaftServerConfigKeys: raft.server.staging.catchup.gap = 1000 (default)
datanode_2    | 2019-10-17 11:07:32,397 INFO server.RaftServerConfigKeys: raft.server.log.statemachine.data.caching.enabled = true (custom)
grafana_1     | t=2019-10-17T11:07:27+0000 lvl=info msg="Executing migration" logger=migrator id="alter dashboard_snapshot to mediumtext v2"
datanode_1    | 2019-10-17 11:07:32,377 INFO impl.RaftServerImpl: ad7cf878-d8af-48da-a29f-bf92dd75e331@group-63C8C22741A2: changes role from      null to FOLLOWER at term 0 for startAsFollower
datanode_3    | 2019-10-17 11:07:37,402 INFO server.RaftServerConfigKeys: raft.server.rpc.sleep.time = 25ms (default)
datanode_2    | 2019-10-17 11:07:32,397 INFO segmented.SegmentedRaftLogWorker: 618146e2-b065-4a1d-b039-570a819477af@group-63C8C22741A2-SegmentedRaftLogWorker: flushIndex: setUnconditionally 0 -> -1
grafana_1     | t=2019-10-17T11:07:27+0000 lvl=info msg="Executing migration" logger=migrator id="Update dashboard_snapshot table charset"
datanode_1    | 2019-10-17 11:07:32,377 INFO impl.RoleInfo: ad7cf878-d8af-48da-a29f-bf92dd75e331: start FollowerState
datanode_3    | 2019-10-17 11:07:37,407 INFO server.RaftServerConfigKeys: raft.server.write.element-limit = 4096 (default)
datanode_2    | 2019-10-17 11:07:32,398 INFO server.RaftServerConfigKeys: raft.server.snapshot.auto.trigger.enabled = true (custom)
grafana_1     | t=2019-10-17T11:07:27+0000 lvl=info msg="Executing migration" logger=migrator id="Add column external_delete_url to dashboard_snapshots table"
datanode_1    | 2019-10-17 11:07:32,377 INFO util.JmxRegister: Successfully registered JMX Bean with object name Ratis:service=RaftServer,group=group-63C8C22741A2,id=ad7cf878-d8af-48da-a29f-bf92dd75e331
datanode_3    | 2019-10-17 11:07:37,411 INFO server.RaftServerConfigKeys: raft.server.watch.timeout = 10s (default)
datanode_2    | 2019-10-17 11:07:32,398 INFO server.RaftServerConfigKeys: raft.server.snapshot.auto.trigger.threshold = 10000 (custom)
grafana_1     | t=2019-10-17T11:07:27+0000 lvl=info msg="Executing migration" logger=migrator id="create quota table v1"
datanode_3    | 2019-10-17 11:07:37,411 INFO server.RaftServerConfigKeys: raft.server.watch.timeout.denomination = 1s (default)
datanode_1    | 2019-10-17 11:07:36,690 INFO impl.FollowerState: ad7cf878-d8af-48da-a29f-bf92dd75e331@group-D712A81F0FDA-FollowerState: change to CANDIDATE, lastRpcTime:5045ms, electionTimeout:5044ms
datanode_2    | 2019-10-17 11:07:32,398 INFO server.RaftServerConfigKeys: raft.server.snapshot.retention.file.num = 5 (custom)
grafana_1     | t=2019-10-17T11:07:27+0000 lvl=info msg="Executing migration" logger=migrator id="create index UQE_quota_org_id_user_id_target - v1"
datanode_3    | 2019-10-17 11:07:37,412 INFO server.RaftServerConfigKeys: raft.server.watch.element-limit = 65536 (default)
datanode_1    | 2019-10-17 11:07:36,692 INFO impl.RoleInfo: ad7cf878-d8af-48da-a29f-bf92dd75e331: shutdown FollowerState
datanode_2    | 2019-10-17 11:07:32,399 INFO server.RaftServerConfigKeys: raft.server.retrycache.expirytime = 600000ms (custom)
grafana_1     | t=2019-10-17T11:07:27+0000 lvl=info msg="Executing migration" logger=migrator id="Update quota table charset"
datanode_3    | 2019-10-17 11:07:37,426 INFO impl.RoleInfo: eafa05f3-c175-41c6-97d6-b6014a7f952c: start LeaderState
datanode_1    | 2019-10-17 11:07:36,693 INFO impl.RaftServerImpl: ad7cf878-d8af-48da-a29f-bf92dd75e331@group-D712A81F0FDA: changes role from  FOLLOWER to CANDIDATE at term 0 for changeToCandidate
datanode_2    | 2019-10-17 11:07:32,408 INFO impl.RaftServerImpl: 618146e2-b065-4a1d-b039-570a819477af@group-63C8C22741A2: start as a follower, conf=-1: [618146e2-b065-4a1d-b039-570a819477af:172.18.0.6:9858, ad7cf878-d8af-48da-a29f-bf92dd75e331:172.18.0.9:9858, eafa05f3-c175-41c6-97d6-b6014a7f952c:172.18.0.8:9858], old=null
grafana_1     | t=2019-10-17T11:07:27+0000 lvl=info msg="Executing migration" logger=migrator id="create plugin_setting table"
datanode_3    | 2019-10-17 11:07:37,448 INFO segmented.SegmentedRaftLogWorker: eafa05f3-c175-41c6-97d6-b6014a7f952c@group-00280E12E76F-SegmentedRaftLogWorker: Starting segment from index:0
datanode_1    | 2019-10-17 11:07:36,697 INFO impl.RoleInfo: ad7cf878-d8af-48da-a29f-bf92dd75e331: start LeaderElection
datanode_2    | 2019-10-17 11:07:32,408 INFO impl.RaftServerImpl: 618146e2-b065-4a1d-b039-570a819477af@group-63C8C22741A2: changes role from      null to FOLLOWER at term 0 for startAsFollower
grafana_1     | t=2019-10-17T11:07:27+0000 lvl=info msg="Executing migration" logger=migrator id="create index UQE_plugin_setting_org_id_plugin_id - v1"
datanode_3    | 2019-10-17 11:07:37,458 INFO impl.RaftServerImpl: eafa05f3-c175-41c6-97d6-b6014a7f952c@group-00280E12E76F: set configuration 0: [eafa05f3-c175-41c6-97d6-b6014a7f952c:172.18.0.8:9858], old=null at 0
datanode_1    | 2019-10-17 11:07:36,807 INFO impl.LeaderElection: ad7cf878-d8af-48da-a29f-bf92dd75e331@group-D712A81F0FDA-LeaderElection1: begin an election at term 1 for -1: [ad7cf878-d8af-48da-a29f-bf92dd75e331:172.18.0.9:9858], old=null
datanode_2    | 2019-10-17 11:07:32,408 INFO impl.RoleInfo: 618146e2-b065-4a1d-b039-570a819477af: start FollowerState
grafana_1     | t=2019-10-17T11:07:27+0000 lvl=info msg="Executing migration" logger=migrator id="Add column plugin_version to plugin_settings"
datanode_3    | 2019-10-17 11:07:37,571 INFO segmented.SegmentedRaftLogWorker: eafa05f3-c175-41c6-97d6-b6014a7f952c@group-00280E12E76F-SegmentedRaftLogWorker: created new log segment /data/metadata/ratis/f93445b3-7b9b-42fc-afaa-00280e12e76f/current/log_inprogress_0
datanode_1    | 2019-10-17 11:07:36,809 INFO impl.RoleInfo: ad7cf878-d8af-48da-a29f-bf92dd75e331: shutdown LeaderElection
datanode_2    | 2019-10-17 11:07:32,409 INFO util.JmxRegister: Successfully registered JMX Bean with object name Ratis:service=RaftServer,group=group-63C8C22741A2,id=618146e2-b065-4a1d-b039-570a819477af
grafana_1     | t=2019-10-17T11:07:27+0000 lvl=info msg="Executing migration" logger=migrator id="Update plugin_setting table charset"
datanode_3    | 2019-10-17 11:07:37,591 INFO impl.FollowerState: eafa05f3-c175-41c6-97d6-b6014a7f952c@group-63C8C22741A2-FollowerState: change to CANDIDATE, lastRpcTime:5180ms, electionTimeout:5180ms
datanode_1    | 2019-10-17 11:07:36,810 INFO impl.RaftServerImpl: ad7cf878-d8af-48da-a29f-bf92dd75e331@group-D712A81F0FDA: changes role from CANDIDATE to LEADER at term 1 for changeToLeader
datanode_2    | 2019-10-17 11:07:36,158 INFO impl.FollowerState: 618146e2-b065-4a1d-b039-570a819477af@group-239ED8799B13-FollowerState: change to CANDIDATE, lastRpcTime:5113ms, electionTimeout:5112ms
grafana_1     | t=2019-10-17T11:07:27+0000 lvl=info msg="Executing migration" logger=migrator id="create session table"
datanode_3    | 2019-10-17 11:07:37,591 INFO impl.RoleInfo: eafa05f3-c175-41c6-97d6-b6014a7f952c: shutdown FollowerState
datanode_1    | 2019-10-17 11:07:36,810 INFO impl.RaftServerImpl: ad7cf878-d8af-48da-a29f-bf92dd75e331@group-D712A81F0FDA: change Leader from null to ad7cf878-d8af-48da-a29f-bf92dd75e331 at term 1 for becomeLeader, leader elected after 5262ms
datanode_2    | 2019-10-17 11:07:36,160 INFO impl.RoleInfo: 618146e2-b065-4a1d-b039-570a819477af: shutdown FollowerState
grafana_1     | t=2019-10-17T11:07:28+0000 lvl=info msg="Executing migration" logger=migrator id="Drop old table playlist table"
datanode_3    | 2019-10-17 11:07:37,592 INFO impl.RaftServerImpl: eafa05f3-c175-41c6-97d6-b6014a7f952c@group-63C8C22741A2: changes role from  FOLLOWER to CANDIDATE at term 0 for changeToCandidate
datanode_1    | 2019-10-17 11:07:36,815 INFO server.RaftServerConfigKeys: raft.server.staging.catchup.gap = 1000 (default)
datanode_2    | 2019-10-17 11:07:36,161 INFO impl.RaftServerImpl: 618146e2-b065-4a1d-b039-570a819477af@group-239ED8799B13: changes role from  FOLLOWER to CANDIDATE at term 0 for changeToCandidate
grafana_1     | t=2019-10-17T11:07:28+0000 lvl=info msg="Executing migration" logger=migrator id="Drop old table playlist_item table"
datanode_3    | 2019-10-17 11:07:37,592 INFO impl.RoleInfo: eafa05f3-c175-41c6-97d6-b6014a7f952c: start LeaderElection
datanode_1    | 2019-10-17 11:07:36,815 INFO server.RaftServerConfigKeys: raft.server.rpc.sleep.time = 25ms (default)
datanode_2    | 2019-10-17 11:07:36,166 INFO impl.RoleInfo: 618146e2-b065-4a1d-b039-570a819477af: start LeaderElection
grafana_1     | t=2019-10-17T11:07:28+0000 lvl=info msg="Executing migration" logger=migrator id="create playlist table v2"
datanode_3    | 2019-10-17 11:07:37,616 INFO impl.LeaderElection: eafa05f3-c175-41c6-97d6-b6014a7f952c@group-63C8C22741A2-LeaderElection2: begin an election at term 1 for -1: [618146e2-b065-4a1d-b039-570a819477af:172.18.0.6:9858, ad7cf878-d8af-48da-a29f-bf92dd75e331:172.18.0.9:9858, eafa05f3-c175-41c6-97d6-b6014a7f952c:172.18.0.8:9858], old=null
datanode_1    | 2019-10-17 11:07:36,819 INFO server.RaftServerConfigKeys: raft.server.write.element-limit = 4096 (default)
datanode_2    | 2019-10-17 11:07:36,597 INFO impl.LeaderElection: 618146e2-b065-4a1d-b039-570a819477af@group-239ED8799B13-LeaderElection1: begin an election at term 1 for -1: [618146e2-b065-4a1d-b039-570a819477af:172.18.0.6:9858], old=null
grafana_1     | t=2019-10-17T11:07:28+0000 lvl=info msg="Executing migration" logger=migrator id="create playlist item table v2"
datanode_3    | 2019-10-17 11:07:37,787 INFO impl.LeaderElection: eafa05f3-c175-41c6-97d6-b6014a7f952c@group-63C8C22741A2-LeaderElection2: Election REJECTED; received 2 response(s) [eafa05f3-c175-41c6-97d6-b6014a7f952c<-ad7cf878-d8af-48da-a29f-bf92dd75e331#0:FAIL-t1, eafa05f3-c175-41c6-97d6-b6014a7f952c<-618146e2-b065-4a1d-b039-570a819477af#0:FAIL-t1] and 0 exception(s); eafa05f3-c175-41c6-97d6-b6014a7f952c@group-63C8C22741A2:t1, leader=null, voted=eafa05f3-c175-41c6-97d6-b6014a7f952c, raftlog=eafa05f3-c175-41c6-97d6-b6014a7f952c@group-63C8C22741A2-SegmentedRaftLog:OPENED:c-1,f-1,i0, conf=-1: [618146e2-b065-4a1d-b039-570a819477af:172.18.0.6:9858, ad7cf878-d8af-48da-a29f-bf92dd75e331:172.18.0.9:9858, eafa05f3-c175-41c6-97d6-b6014a7f952c:172.18.0.8:9858], old=null
datanode_1    | 2019-10-17 11:07:36,823 INFO server.RaftServerConfigKeys: raft.server.watch.timeout = 10s (default)
datanode_2    | 2019-10-17 11:07:36,599 INFO impl.RoleInfo: 618146e2-b065-4a1d-b039-570a819477af: shutdown LeaderElection
grafana_1     | t=2019-10-17T11:07:28+0000 lvl=info msg="Executing migration" logger=migrator id="Update playlist table charset"
datanode_3    | 2019-10-17 11:07:37,789 INFO impl.RaftServerImpl: eafa05f3-c175-41c6-97d6-b6014a7f952c@group-63C8C22741A2: changes role from CANDIDATE to FOLLOWER at term 1 for DISCOVERED_A_NEW_TERM
datanode_1    | 2019-10-17 11:07:36,823 INFO server.RaftServerConfigKeys: raft.server.watch.timeout.denomination = 1s (default)
datanode_2    | 2019-10-17 11:07:36,600 INFO impl.RaftServerImpl: 618146e2-b065-4a1d-b039-570a819477af@group-239ED8799B13: changes role from CANDIDATE to LEADER at term 1 for changeToLeader
grafana_1     | t=2019-10-17T11:07:28+0000 lvl=info msg="Executing migration" logger=migrator id="Update playlist_item table charset"
datanode_3    | 2019-10-17 11:07:37,789 INFO impl.RoleInfo: eafa05f3-c175-41c6-97d6-b6014a7f952c: shutdown LeaderElection
datanode_1    | 2019-10-17 11:07:36,824 INFO server.RaftServerConfigKeys: raft.server.watch.element-limit = 65536 (default)
datanode_2    | 2019-10-17 11:07:36,600 INFO impl.RaftServerImpl: 618146e2-b065-4a1d-b039-570a819477af@group-239ED8799B13: change Leader from null to 618146e2-b065-4a1d-b039-570a819477af at term 1 for becomeLeader, leader elected after 5690ms
grafana_1     | t=2019-10-17T11:07:28+0000 lvl=info msg="Executing migration" logger=migrator id="drop preferences table v2"
datanode_3    | 2019-10-17 11:07:37,789 INFO impl.RoleInfo: eafa05f3-c175-41c6-97d6-b6014a7f952c: start FollowerState
datanode_1    | 2019-10-17 11:07:36,836 INFO impl.RoleInfo: ad7cf878-d8af-48da-a29f-bf92dd75e331: start LeaderState
datanode_2    | 2019-10-17 11:07:36,606 INFO server.RaftServerConfigKeys: raft.server.staging.catchup.gap = 1000 (default)
grafana_1     | t=2019-10-17T11:07:28+0000 lvl=info msg="Executing migration" logger=migrator id="drop preferences table v3"
datanode_3    | 2019-10-17 11:07:42,885 INFO impl.FollowerState: eafa05f3-c175-41c6-97d6-b6014a7f952c@group-63C8C22741A2-FollowerState: change to CANDIDATE, lastRpcTime:5095ms, electionTimeout:5095ms
datanode_2    | 2019-10-17 11:07:36,606 INFO server.RaftServerConfigKeys: raft.server.rpc.sleep.time = 25ms (default)
datanode_1    | 2019-10-17 11:07:36,854 INFO segmented.SegmentedRaftLogWorker: ad7cf878-d8af-48da-a29f-bf92dd75e331@group-D712A81F0FDA-SegmentedRaftLogWorker: Starting segment from index:0
grafana_1     | t=2019-10-17T11:07:28+0000 lvl=info msg="Executing migration" logger=migrator id="create preferences table v3"
datanode_3    | 2019-10-17 11:07:42,885 INFO impl.RoleInfo: eafa05f3-c175-41c6-97d6-b6014a7f952c: shutdown FollowerState
datanode_2    | 2019-10-17 11:07:36,611 INFO server.RaftServerConfigKeys: raft.server.write.element-limit = 4096 (default)
datanode_1    | 2019-10-17 11:07:36,862 INFO impl.RaftServerImpl: ad7cf878-d8af-48da-a29f-bf92dd75e331@group-D712A81F0FDA: set configuration 0: [ad7cf878-d8af-48da-a29f-bf92dd75e331:172.18.0.9:9858], old=null at 0
grafana_1     | t=2019-10-17T11:07:28+0000 lvl=info msg="Executing migration" logger=migrator id="Update preferences table charset"
datanode_3    | 2019-10-17 11:07:42,886 INFO impl.RaftServerImpl: eafa05f3-c175-41c6-97d6-b6014a7f952c@group-63C8C22741A2: changes role from  FOLLOWER to CANDIDATE at term 1 for changeToCandidate
datanode_2    | 2019-10-17 11:07:36,615 INFO server.RaftServerConfigKeys: raft.server.watch.timeout = 10s (default)
datanode_1    | 2019-10-17 11:07:37,179 INFO segmented.SegmentedRaftLogWorker: ad7cf878-d8af-48da-a29f-bf92dd75e331@group-D712A81F0FDA-SegmentedRaftLogWorker: created new log segment /data/metadata/ratis/4077e057-3caf-4096-a5fa-d712a81f0fda/current/log_inprogress_0
grafana_1     | t=2019-10-17T11:07:28+0000 lvl=info msg="Executing migration" logger=migrator id="Add column team_id in preferences"
datanode_3    | 2019-10-17 11:07:42,886 INFO impl.RoleInfo: eafa05f3-c175-41c6-97d6-b6014a7f952c: start LeaderElection
datanode_2    | 2019-10-17 11:07:36,616 INFO server.RaftServerConfigKeys: raft.server.watch.timeout.denomination = 1s (default)
datanode_1    | 2019-10-17 11:07:37,463 INFO impl.FollowerState: ad7cf878-d8af-48da-a29f-bf92dd75e331@group-63C8C22741A2-FollowerState: change to CANDIDATE, lastRpcTime:5085ms, electionTimeout:5085ms
grafana_1     | t=2019-10-17T11:07:28+0000 lvl=info msg="Executing migration" logger=migrator id="Update team_id column values in preferences"
datanode_3    | 2019-10-17 11:07:43,068 INFO impl.LeaderElection: eafa05f3-c175-41c6-97d6-b6014a7f952c@group-63C8C22741A2-LeaderElection3: begin an election at term 2 for -1: [618146e2-b065-4a1d-b039-570a819477af:172.18.0.6:9858, ad7cf878-d8af-48da-a29f-bf92dd75e331:172.18.0.9:9858, eafa05f3-c175-41c6-97d6-b6014a7f952c:172.18.0.8:9858], old=null
datanode_2    | 2019-10-17 11:07:36,617 INFO server.RaftServerConfigKeys: raft.server.watch.element-limit = 65536 (default)
datanode_1    | 2019-10-17 11:07:37,463 INFO impl.RoleInfo: ad7cf878-d8af-48da-a29f-bf92dd75e331: shutdown FollowerState
grafana_1     | t=2019-10-17T11:07:28+0000 lvl=info msg="Executing migration" logger=migrator id="create alert table v1"
datanode_2    | 2019-10-17 11:07:36,633 INFO impl.RoleInfo: 618146e2-b065-4a1d-b039-570a819477af: start LeaderState
datanode_3    | 2019-10-17 11:07:43,129 INFO impl.LeaderElection: eafa05f3-c175-41c6-97d6-b6014a7f952c@group-63C8C22741A2-LeaderElection3: Election REJECTED; received 2 response(s) [eafa05f3-c175-41c6-97d6-b6014a7f952c<-ad7cf878-d8af-48da-a29f-bf92dd75e331#0:FAIL-t2, eafa05f3-c175-41c6-97d6-b6014a7f952c<-618146e2-b065-4a1d-b039-570a819477af#0:FAIL-t2] and 0 exception(s); eafa05f3-c175-41c6-97d6-b6014a7f952c@group-63C8C22741A2:t2, leader=null, voted=eafa05f3-c175-41c6-97d6-b6014a7f952c, raftlog=eafa05f3-c175-41c6-97d6-b6014a7f952c@group-63C8C22741A2-SegmentedRaftLog:OPENED:c-1,f-1,i0, conf=-1: [618146e2-b065-4a1d-b039-570a819477af:172.18.0.6:9858, ad7cf878-d8af-48da-a29f-bf92dd75e331:172.18.0.9:9858, eafa05f3-c175-41c6-97d6-b6014a7f952c:172.18.0.8:9858], old=null
datanode_1    | 2019-10-17 11:07:37,464 INFO impl.RaftServerImpl: ad7cf878-d8af-48da-a29f-bf92dd75e331@group-63C8C22741A2: changes role from  FOLLOWER to CANDIDATE at term 0 for changeToCandidate
grafana_1     | t=2019-10-17T11:07:28+0000 lvl=info msg="Executing migration" logger=migrator id="add index alert org_id & id "
datanode_2    | 2019-10-17 11:07:36,656 INFO segmented.SegmentedRaftLogWorker: 618146e2-b065-4a1d-b039-570a819477af@group-239ED8799B13-SegmentedRaftLogWorker: Starting segment from index:0
datanode_1    | 2019-10-17 11:07:37,464 INFO impl.RoleInfo: ad7cf878-d8af-48da-a29f-bf92dd75e331: start LeaderElection
grafana_1     | t=2019-10-17T11:07:28+0000 lvl=info msg="Executing migration" logger=migrator id="add index alert state"
datanode_2    | 2019-10-17 11:07:36,667 INFO impl.RaftServerImpl: 618146e2-b065-4a1d-b039-570a819477af@group-239ED8799B13: set configuration 0: [618146e2-b065-4a1d-b039-570a819477af:172.18.0.6:9858], old=null at 0
datanode_1    | 2019-10-17 11:07:37,481 INFO impl.LeaderElection: ad7cf878-d8af-48da-a29f-bf92dd75e331@group-63C8C22741A2-LeaderElection2: begin an election at term 1 for -1: [618146e2-b065-4a1d-b039-570a819477af:172.18.0.6:9858, ad7cf878-d8af-48da-a29f-bf92dd75e331:172.18.0.9:9858, eafa05f3-c175-41c6-97d6-b6014a7f952c:172.18.0.8:9858], old=null
grafana_1     | t=2019-10-17T11:07:28+0000 lvl=info msg="Executing migration" logger=migrator id="add index alert dashboard_id"
datanode_3    | 2019-10-17 11:07:43,129 INFO impl.RaftServerImpl: eafa05f3-c175-41c6-97d6-b6014a7f952c@group-63C8C22741A2: changes role from CANDIDATE to FOLLOWER at term 2 for DISCOVERED_A_NEW_TERM
datanode_2    | 2019-10-17 11:07:37,177 INFO segmented.SegmentedRaftLogWorker: 618146e2-b065-4a1d-b039-570a819477af@group-239ED8799B13-SegmentedRaftLogWorker: created new log segment /data/metadata/ratis/c29a9b4d-f0fa-4408-a326-239ed8799b13/current/log_inprogress_0
datanode_1    | 2019-10-17 11:07:37,686 INFO impl.LeaderElection: ad7cf878-d8af-48da-a29f-bf92dd75e331@group-63C8C22741A2-LeaderElection2: Election REJECTED; received 2 response(s) [ad7cf878-d8af-48da-a29f-bf92dd75e331<-618146e2-b065-4a1d-b039-570a819477af#0:FAIL-t1, ad7cf878-d8af-48da-a29f-bf92dd75e331<-eafa05f3-c175-41c6-97d6-b6014a7f952c#0:FAIL-t1] and 0 exception(s); ad7cf878-d8af-48da-a29f-bf92dd75e331@group-63C8C22741A2:t1, leader=null, voted=ad7cf878-d8af-48da-a29f-bf92dd75e331, raftlog=ad7cf878-d8af-48da-a29f-bf92dd75e331@group-63C8C22741A2-SegmentedRaftLog:OPENED:c-1,f-1,i0, conf=-1: [618146e2-b065-4a1d-b039-570a819477af:172.18.0.6:9858, ad7cf878-d8af-48da-a29f-bf92dd75e331:172.18.0.9:9858, eafa05f3-c175-41c6-97d6-b6014a7f952c:172.18.0.8:9858], old=null
grafana_1     | t=2019-10-17T11:07:28+0000 lvl=info msg="Executing migration" logger=migrator id="Create alert_rule_tag table v1"
datanode_3    | 2019-10-17 11:07:43,130 INFO impl.RoleInfo: eafa05f3-c175-41c6-97d6-b6014a7f952c: shutdown LeaderElection
datanode_2    | 2019-10-17 11:07:37,495 INFO impl.FollowerState: 618146e2-b065-4a1d-b039-570a819477af@group-63C8C22741A2-FollowerState: change to CANDIDATE, lastRpcTime:5086ms, electionTimeout:5086ms
datanode_1    | 2019-10-17 11:07:37,688 INFO impl.RaftServerImpl: ad7cf878-d8af-48da-a29f-bf92dd75e331@group-63C8C22741A2: changes role from CANDIDATE to FOLLOWER at term 1 for DISCOVERED_A_NEW_TERM
grafana_1     | t=2019-10-17T11:07:28+0000 lvl=info msg="Executing migration" logger=migrator id="Add unique index alert_rule_tag.alert_id_tag_id"
datanode_3    | 2019-10-17 11:07:43,130 INFO impl.RoleInfo: eafa05f3-c175-41c6-97d6-b6014a7f952c: start FollowerState
datanode_2    | 2019-10-17 11:07:37,496 INFO impl.RoleInfo: 618146e2-b065-4a1d-b039-570a819477af: shutdown FollowerState
datanode_1    | 2019-10-17 11:07:37,688 INFO impl.RoleInfo: ad7cf878-d8af-48da-a29f-bf92dd75e331: shutdown LeaderElection
grafana_1     | t=2019-10-17T11:07:28+0000 lvl=info msg="Executing migration" logger=migrator id="create alert_notification table v1"
datanode_3    | 2019-10-17 11:07:48,292 INFO impl.FollowerState: eafa05f3-c175-41c6-97d6-b6014a7f952c@group-63C8C22741A2-FollowerState: change to CANDIDATE, lastRpcTime:5161ms, electionTimeout:5160ms
datanode_2    | 2019-10-17 11:07:37,496 INFO impl.RaftServerImpl: 618146e2-b065-4a1d-b039-570a819477af@group-63C8C22741A2: changes role from  FOLLOWER to CANDIDATE at term 0 for changeToCandidate
datanode_1    | 2019-10-17 11:07:37,688 INFO impl.RoleInfo: ad7cf878-d8af-48da-a29f-bf92dd75e331: start FollowerState
grafana_1     | t=2019-10-17T11:07:28+0000 lvl=info msg="Executing migration" logger=migrator id="Add column is_default"
datanode_3    | 2019-10-17 11:07:48,293 INFO impl.RoleInfo: eafa05f3-c175-41c6-97d6-b6014a7f952c: shutdown FollowerState
datanode_2    | 2019-10-17 11:07:37,496 INFO impl.RoleInfo: 618146e2-b065-4a1d-b039-570a819477af: start LeaderElection
datanode_1    | 2019-10-17 11:07:42,830 INFO impl.FollowerState: ad7cf878-d8af-48da-a29f-bf92dd75e331@group-63C8C22741A2-FollowerState: change to CANDIDATE, lastRpcTime:5141ms, electionTimeout:5141ms
datanode_3    | 2019-10-17 11:07:48,293 INFO impl.RaftServerImpl: eafa05f3-c175-41c6-97d6-b6014a7f952c@group-63C8C22741A2: changes role from  FOLLOWER to CANDIDATE at term 2 for changeToCandidate
grafana_1     | t=2019-10-17T11:07:28+0000 lvl=info msg="Executing migration" logger=migrator id="Add column frequency"
datanode_2    | 2019-10-17 11:07:37,513 INFO impl.LeaderElection: 618146e2-b065-4a1d-b039-570a819477af@group-63C8C22741A2-LeaderElection2: begin an election at term 1 for -1: [618146e2-b065-4a1d-b039-570a819477af:172.18.0.6:9858, ad7cf878-d8af-48da-a29f-bf92dd75e331:172.18.0.9:9858, eafa05f3-c175-41c6-97d6-b6014a7f952c:172.18.0.8:9858], old=null
datanode_1    | 2019-10-17 11:07:42,831 INFO impl.RoleInfo: ad7cf878-d8af-48da-a29f-bf92dd75e331: shutdown FollowerState
datanode_3    | 2019-10-17 11:07:48,293 INFO impl.RoleInfo: eafa05f3-c175-41c6-97d6-b6014a7f952c: start LeaderElection
grafana_1     | t=2019-10-17T11:07:28+0000 lvl=info msg="Executing migration" logger=migrator id="Add column send_reminder"
datanode_2    | 2019-10-17 11:07:37,687 INFO impl.LeaderElection: 618146e2-b065-4a1d-b039-570a819477af@group-63C8C22741A2-LeaderElection2: Election REJECTED; received 2 response(s) [618146e2-b065-4a1d-b039-570a819477af<-ad7cf878-d8af-48da-a29f-bf92dd75e331#0:FAIL-t1, 618146e2-b065-4a1d-b039-570a819477af<-eafa05f3-c175-41c6-97d6-b6014a7f952c#0:FAIL-t1] and 0 exception(s); 618146e2-b065-4a1d-b039-570a819477af@group-63C8C22741A2:t1, leader=null, voted=618146e2-b065-4a1d-b039-570a819477af, raftlog=618146e2-b065-4a1d-b039-570a819477af@group-63C8C22741A2-SegmentedRaftLog:OPENED:c-1,f-1,i0, conf=-1: [618146e2-b065-4a1d-b039-570a819477af:172.18.0.6:9858, ad7cf878-d8af-48da-a29f-bf92dd75e331:172.18.0.9:9858, eafa05f3-c175-41c6-97d6-b6014a7f952c:172.18.0.8:9858], old=null
datanode_1    | 2019-10-17 11:07:42,831 INFO impl.RaftServerImpl: ad7cf878-d8af-48da-a29f-bf92dd75e331@group-63C8C22741A2: changes role from  FOLLOWER to CANDIDATE at term 1 for changeToCandidate
datanode_3    | 2019-10-17 11:07:48,847 INFO impl.LeaderElection: eafa05f3-c175-41c6-97d6-b6014a7f952c@group-63C8C22741A2-LeaderElection4: begin an election at term 3 for -1: [618146e2-b065-4a1d-b039-570a819477af:172.18.0.6:9858, ad7cf878-d8af-48da-a29f-bf92dd75e331:172.18.0.9:9858, eafa05f3-c175-41c6-97d6-b6014a7f952c:172.18.0.8:9858], old=null
grafana_1     | t=2019-10-17T11:07:28+0000 lvl=info msg="Executing migration" logger=migrator id="Add column disable_resolve_message"
datanode_2    | 2019-10-17 11:07:37,689 INFO impl.RaftServerImpl: 618146e2-b065-4a1d-b039-570a819477af@group-63C8C22741A2: changes role from CANDIDATE to FOLLOWER at term 1 for DISCOVERED_A_NEW_TERM
datanode_3    | 2019-10-17 11:07:48,893 INFO impl.LeaderElection: eafa05f3-c175-41c6-97d6-b6014a7f952c@group-63C8C22741A2-LeaderElection4: Election REJECTED; received 2 response(s) [eafa05f3-c175-41c6-97d6-b6014a7f952c<-618146e2-b065-4a1d-b039-570a819477af#0:FAIL-t3, eafa05f3-c175-41c6-97d6-b6014a7f952c<-ad7cf878-d8af-48da-a29f-bf92dd75e331#0:FAIL-t3] and 0 exception(s); eafa05f3-c175-41c6-97d6-b6014a7f952c@group-63C8C22741A2:t3, leader=null, voted=eafa05f3-c175-41c6-97d6-b6014a7f952c, raftlog=eafa05f3-c175-41c6-97d6-b6014a7f952c@group-63C8C22741A2-SegmentedRaftLog:OPENED:c-1,f-1,i0, conf=-1: [618146e2-b065-4a1d-b039-570a819477af:172.18.0.6:9858, ad7cf878-d8af-48da-a29f-bf92dd75e331:172.18.0.9:9858, eafa05f3-c175-41c6-97d6-b6014a7f952c:172.18.0.8:9858], old=null
datanode_1    | 2019-10-17 11:07:42,831 INFO impl.RoleInfo: ad7cf878-d8af-48da-a29f-bf92dd75e331: start LeaderElection
grafana_1     | t=2019-10-17T11:07:28+0000 lvl=info msg="Executing migration" logger=migrator id="add index alert_notification org_id & name"
datanode_2    | 2019-10-17 11:07:37,689 INFO impl.RoleInfo: 618146e2-b065-4a1d-b039-570a819477af: shutdown LeaderElection
datanode_3    | 2019-10-17 11:07:48,893 INFO impl.RaftServerImpl: eafa05f3-c175-41c6-97d6-b6014a7f952c@group-63C8C22741A2: changes role from CANDIDATE to FOLLOWER at term 3 for DISCOVERED_A_NEW_TERM
datanode_1    | 2019-10-17 11:07:43,068 INFO impl.LeaderElection: ad7cf878-d8af-48da-a29f-bf92dd75e331@group-63C8C22741A2-LeaderElection3: begin an election at term 2 for -1: [618146e2-b065-4a1d-b039-570a819477af:172.18.0.6:9858, ad7cf878-d8af-48da-a29f-bf92dd75e331:172.18.0.9:9858, eafa05f3-c175-41c6-97d6-b6014a7f952c:172.18.0.8:9858], old=null
grafana_1     | t=2019-10-17T11:07:28+0000 lvl=info msg="Executing migration" logger=migrator id="Update alert table charset"
datanode_3    | 2019-10-17 11:07:48,894 INFO impl.RoleInfo: eafa05f3-c175-41c6-97d6-b6014a7f952c: shutdown LeaderElection
datanode_1    | 2019-10-17 11:07:43,132 INFO impl.LeaderElection: ad7cf878-d8af-48da-a29f-bf92dd75e331@group-63C8C22741A2-LeaderElection3: Election REJECTED; received 2 response(s) [ad7cf878-d8af-48da-a29f-bf92dd75e331<-618146e2-b065-4a1d-b039-570a819477af#0:FAIL-t2, ad7cf878-d8af-48da-a29f-bf92dd75e331<-eafa05f3-c175-41c6-97d6-b6014a7f952c#0:FAIL-t2] and 0 exception(s); ad7cf878-d8af-48da-a29f-bf92dd75e331@group-63C8C22741A2:t2, leader=null, voted=ad7cf878-d8af-48da-a29f-bf92dd75e331, raftlog=ad7cf878-d8af-48da-a29f-bf92dd75e331@group-63C8C22741A2-SegmentedRaftLog:OPENED:c-1,f-1,i0, conf=-1: [618146e2-b065-4a1d-b039-570a819477af:172.18.0.6:9858, ad7cf878-d8af-48da-a29f-bf92dd75e331:172.18.0.9:9858, eafa05f3-c175-41c6-97d6-b6014a7f952c:172.18.0.8:9858], old=null
datanode_2    | 2019-10-17 11:07:37,690 INFO impl.RoleInfo: 618146e2-b065-4a1d-b039-570a819477af: start FollowerState
grafana_1     | t=2019-10-17T11:07:28+0000 lvl=info msg="Executing migration" logger=migrator id="Update alert_notification table charset"
datanode_3    | 2019-10-17 11:07:48,894 INFO impl.RoleInfo: eafa05f3-c175-41c6-97d6-b6014a7f952c: start FollowerState
datanode_1    | 2019-10-17 11:07:43,133 INFO impl.RaftServerImpl: ad7cf878-d8af-48da-a29f-bf92dd75e331@group-63C8C22741A2: changes role from CANDIDATE to FOLLOWER at term 2 for DISCOVERED_A_NEW_TERM
datanode_2    | 2019-10-17 11:07:42,865 INFO impl.FollowerState: 618146e2-b065-4a1d-b039-570a819477af@group-63C8C22741A2-FollowerState: change to CANDIDATE, lastRpcTime:5175ms, electionTimeout:5175ms
grafana_1     | t=2019-10-17T11:07:29+0000 lvl=info msg="Executing migration" logger=migrator id="create notification_journal table v1"
datanode_3    | 2019-10-17 11:07:54,020 INFO impl.FollowerState: eafa05f3-c175-41c6-97d6-b6014a7f952c@group-63C8C22741A2-FollowerState: change to CANDIDATE, lastRpcTime:5126ms, electionTimeout:5126ms
datanode_1    | 2019-10-17 11:07:43,133 INFO impl.RoleInfo: ad7cf878-d8af-48da-a29f-bf92dd75e331: shutdown LeaderElection
datanode_2    | 2019-10-17 11:07:42,866 INFO impl.RoleInfo: 618146e2-b065-4a1d-b039-570a819477af: shutdown FollowerState
datanode_3    | 2019-10-17 11:07:54,022 INFO impl.RoleInfo: eafa05f3-c175-41c6-97d6-b6014a7f952c: shutdown FollowerState
datanode_1    | 2019-10-17 11:07:43,134 INFO impl.RoleInfo: ad7cf878-d8af-48da-a29f-bf92dd75e331: start FollowerState
datanode_2    | 2019-10-17 11:07:42,866 INFO impl.RaftServerImpl: 618146e2-b065-4a1d-b039-570a819477af@group-63C8C22741A2: changes role from  FOLLOWER to CANDIDATE at term 1 for changeToCandidate
grafana_1     | t=2019-10-17T11:07:29+0000 lvl=info msg="Executing migration" logger=migrator id="add index notification_journal org_id & alert_id & notifier_id"
datanode_3    | 2019-10-17 11:07:54,022 INFO impl.RaftServerImpl: eafa05f3-c175-41c6-97d6-b6014a7f952c@group-63C8C22741A2: changes role from  FOLLOWER to CANDIDATE at term 3 for changeToCandidate
datanode_1    | 2019-10-17 11:07:48,146 INFO impl.FollowerState: ad7cf878-d8af-48da-a29f-bf92dd75e331@group-63C8C22741A2-FollowerState: change to CANDIDATE, lastRpcTime:5012ms, electionTimeout:5012ms
datanode_2    | 2019-10-17 11:07:42,867 INFO impl.RoleInfo: 618146e2-b065-4a1d-b039-570a819477af: start LeaderElection
grafana_1     | t=2019-10-17T11:07:29+0000 lvl=info msg="Executing migration" logger=migrator id="drop alert_notification_journal"
datanode_3    | 2019-10-17 11:07:54,022 INFO impl.RoleInfo: eafa05f3-c175-41c6-97d6-b6014a7f952c: start LeaderElection
datanode_1    | 2019-10-17 11:07:48,147 INFO impl.RoleInfo: ad7cf878-d8af-48da-a29f-bf92dd75e331: shutdown FollowerState
grafana_1     | t=2019-10-17T11:07:29+0000 lvl=info msg="Executing migration" logger=migrator id="create alert_notification_state table v1"
datanode_2    | 2019-10-17 11:07:43,068 INFO impl.LeaderElection: 618146e2-b065-4a1d-b039-570a819477af@group-63C8C22741A2-LeaderElection3: begin an election at term 2 for -1: [618146e2-b065-4a1d-b039-570a819477af:172.18.0.6:9858, ad7cf878-d8af-48da-a29f-bf92dd75e331:172.18.0.9:9858, eafa05f3-c175-41c6-97d6-b6014a7f952c:172.18.0.8:9858], old=null
datanode_3    | 2019-10-17 11:07:54,047 INFO impl.LeaderElection: eafa05f3-c175-41c6-97d6-b6014a7f952c@group-63C8C22741A2-LeaderElection5: begin an election at term 4 for -1: [618146e2-b065-4a1d-b039-570a819477af:172.18.0.6:9858, ad7cf878-d8af-48da-a29f-bf92dd75e331:172.18.0.9:9858, eafa05f3-c175-41c6-97d6-b6014a7f952c:172.18.0.8:9858], old=null
datanode_1    | 2019-10-17 11:07:48,147 INFO impl.RaftServerImpl: ad7cf878-d8af-48da-a29f-bf92dd75e331@group-63C8C22741A2: changes role from  FOLLOWER to CANDIDATE at term 2 for changeToCandidate
grafana_1     | t=2019-10-17T11:07:29+0000 lvl=info msg="Executing migration" logger=migrator id="add index alert_notification_state org_id & alert_id & notifier_id"
datanode_2    | 2019-10-17 11:07:43,127 INFO impl.LeaderElection: 618146e2-b065-4a1d-b039-570a819477af@group-63C8C22741A2-LeaderElection3: Election REJECTED; received 2 response(s) [618146e2-b065-4a1d-b039-570a819477af<-ad7cf878-d8af-48da-a29f-bf92dd75e331#0:FAIL-t2, 618146e2-b065-4a1d-b039-570a819477af<-eafa05f3-c175-41c6-97d6-b6014a7f952c#0:FAIL-t2] and 0 exception(s); 618146e2-b065-4a1d-b039-570a819477af@group-63C8C22741A2:t2, leader=null, voted=618146e2-b065-4a1d-b039-570a819477af, raftlog=618146e2-b065-4a1d-b039-570a819477af@group-63C8C22741A2-SegmentedRaftLog:OPENED:c-1,f-1,i0, conf=-1: [618146e2-b065-4a1d-b039-570a819477af:172.18.0.6:9858, ad7cf878-d8af-48da-a29f-bf92dd75e331:172.18.0.9:9858, eafa05f3-c175-41c6-97d6-b6014a7f952c:172.18.0.8:9858], old=null
datanode_3    | 2019-10-17 11:07:54,101 INFO impl.LeaderElection: eafa05f3-c175-41c6-97d6-b6014a7f952c@group-63C8C22741A2-LeaderElection5: Election REJECTED; received 2 response(s) [eafa05f3-c175-41c6-97d6-b6014a7f952c<-618146e2-b065-4a1d-b039-570a819477af#0:FAIL-t4, eafa05f3-c175-41c6-97d6-b6014a7f952c<-ad7cf878-d8af-48da-a29f-bf92dd75e331#0:FAIL-t4] and 0 exception(s); eafa05f3-c175-41c6-97d6-b6014a7f952c@group-63C8C22741A2:t4, leader=null, voted=eafa05f3-c175-41c6-97d6-b6014a7f952c, raftlog=eafa05f3-c175-41c6-97d6-b6014a7f952c@group-63C8C22741A2-SegmentedRaftLog:OPENED:c-1,f-1,i0, conf=-1: [618146e2-b065-4a1d-b039-570a819477af:172.18.0.6:9858, ad7cf878-d8af-48da-a29f-bf92dd75e331:172.18.0.9:9858, eafa05f3-c175-41c6-97d6-b6014a7f952c:172.18.0.8:9858], old=null
datanode_1    | 2019-10-17 11:07:48,147 INFO impl.RoleInfo: ad7cf878-d8af-48da-a29f-bf92dd75e331: start LeaderElection
grafana_1     | t=2019-10-17T11:07:29+0000 lvl=info msg="Executing migration" logger=migrator id="Add for to alert table"
datanode_3    | 2019-10-17 11:07:54,101 INFO impl.RaftServerImpl: eafa05f3-c175-41c6-97d6-b6014a7f952c@group-63C8C22741A2: changes role from CANDIDATE to FOLLOWER at term 4 for DISCOVERED_A_NEW_TERM
datanode_2    | 2019-10-17 11:07:43,132 INFO impl.RaftServerImpl: 618146e2-b065-4a1d-b039-570a819477af@group-63C8C22741A2: changes role from CANDIDATE to FOLLOWER at term 2 for DISCOVERED_A_NEW_TERM
datanode_1    | 2019-10-17 11:07:48,846 INFO impl.LeaderElection: ad7cf878-d8af-48da-a29f-bf92dd75e331@group-63C8C22741A2-LeaderElection4: begin an election at term 3 for -1: [618146e2-b065-4a1d-b039-570a819477af:172.18.0.6:9858, ad7cf878-d8af-48da-a29f-bf92dd75e331:172.18.0.9:9858, eafa05f3-c175-41c6-97d6-b6014a7f952c:172.18.0.8:9858], old=null
grafana_1     | t=2019-10-17T11:07:29+0000 lvl=info msg="Executing migration" logger=migrator id="Add column uid in alert_notification"
datanode_3    | 2019-10-17 11:07:54,102 INFO impl.RoleInfo: eafa05f3-c175-41c6-97d6-b6014a7f952c: shutdown LeaderElection
datanode_2    | 2019-10-17 11:07:43,132 INFO impl.RoleInfo: 618146e2-b065-4a1d-b039-570a819477af: shutdown LeaderElection
datanode_1    | 2019-10-17 11:07:48,889 INFO impl.LeaderElection: ad7cf878-d8af-48da-a29f-bf92dd75e331@group-63C8C22741A2-LeaderElection4: Election REJECTED; received 2 response(s) [ad7cf878-d8af-48da-a29f-bf92dd75e331<-618146e2-b065-4a1d-b039-570a819477af#0:FAIL-t3, ad7cf878-d8af-48da-a29f-bf92dd75e331<-eafa05f3-c175-41c6-97d6-b6014a7f952c#0:FAIL-t3] and 0 exception(s); ad7cf878-d8af-48da-a29f-bf92dd75e331@group-63C8C22741A2:t3, leader=null, voted=ad7cf878-d8af-48da-a29f-bf92dd75e331, raftlog=ad7cf878-d8af-48da-a29f-bf92dd75e331@group-63C8C22741A2-SegmentedRaftLog:OPENED:c-1,f-1,i0, conf=-1: [618146e2-b065-4a1d-b039-570a819477af:172.18.0.6:9858, ad7cf878-d8af-48da-a29f-bf92dd75e331:172.18.0.9:9858, eafa05f3-c175-41c6-97d6-b6014a7f952c:172.18.0.8:9858], old=null
grafana_1     | t=2019-10-17T11:07:29+0000 lvl=info msg="Executing migration" logger=migrator id="Update uid column values in alert_notification"
datanode_3    | 2019-10-17 11:07:54,102 INFO impl.RoleInfo: eafa05f3-c175-41c6-97d6-b6014a7f952c: start FollowerState
datanode_2    | 2019-10-17 11:07:43,132 INFO impl.RoleInfo: 618146e2-b065-4a1d-b039-570a819477af: start FollowerState
datanode_1    | 2019-10-17 11:07:48,890 INFO impl.RaftServerImpl: ad7cf878-d8af-48da-a29f-bf92dd75e331@group-63C8C22741A2: changes role from CANDIDATE to FOLLOWER at term 3 for DISCOVERED_A_NEW_TERM
grafana_1     | t=2019-10-17T11:07:29+0000 lvl=info msg="Executing migration" logger=migrator id="Add unique index alert_notification_org_id_uid"
