datanode_2  | 2019-10-13 20:25:52,352 INFO util.JmxRegister: Successfully registered JMX Bean with object name Ratis:service=RaftServer,group=group-DE6A933AC048,id=e6454442-6688-4023-b93f-2cebc5f886de
datanode_1  | 2019-10-13 20:25:52,329 INFO server.RaftServerConfigKeys: raft.server.snapshot.retention.file.num = 5 (custom)
datanode_3  | 2019-10-13 20:25:52,324 INFO util.JmxRegister: Successfully registered JMX Bean with object name Ratis:service=RaftServer,group=group-DE6A933AC048,id=975c3a6d-d2fe-4b81-8075-adea0a2ea3d5
datanode_1  | 2019-10-13 20:25:52,329 INFO server.RaftServerConfigKeys: raft.server.retrycache.expirytime = 600000ms (custom)
datanode_2  | 2019-10-13 20:25:56,747 INFO impl.FollowerState: e6454442-6688-4023-b93f-2cebc5f886de@group-66B0A243FE06-FollowerState: change to CANDIDATE, lastRpcTime:5105ms, electionTimeout:5104ms
datanode_3  | 2019-10-13 20:25:57,217 INFO impl.FollowerState: 975c3a6d-d2fe-4b81-8075-adea0a2ea3d5@group-ABCA8EE9AE2D-FollowerState: change to CANDIDATE, lastRpcTime:5061ms, electionTimeout:5060ms
datanode_1  | 2019-10-13 20:25:52,335 INFO impl.RaftServerImpl: 0b40e1cd-19c2-4e78-8e41-cbc35c680dd9@group-DE6A933AC048: start as a follower, conf=-1: [975c3a6d-d2fe-4b81-8075-adea0a2ea3d5:172.18.0.10:9858, 0b40e1cd-19c2-4e78-8e41-cbc35c680dd9:172.18.0.7:9858, e6454442-6688-4023-b93f-2cebc5f886de:172.18.0.8:9858], old=null
datanode_2  | 2019-10-13 20:25:56,750 INFO impl.RoleInfo: e6454442-6688-4023-b93f-2cebc5f886de: shutdown FollowerState
datanode_3  | 2019-10-13 20:25:57,220 INFO impl.RoleInfo: 975c3a6d-d2fe-4b81-8075-adea0a2ea3d5: shutdown FollowerState
datanode_1  | 2019-10-13 20:25:52,335 INFO impl.RaftServerImpl: 0b40e1cd-19c2-4e78-8e41-cbc35c680dd9@group-DE6A933AC048: changes role from      null to FOLLOWER at term 0 for startAsFollower
datanode_2  | 2019-10-13 20:25:56,751 INFO impl.RaftServerImpl: e6454442-6688-4023-b93f-2cebc5f886de@group-66B0A243FE06: changes role from  FOLLOWER to CANDIDATE at term 0 for changeToCandidate
datanode_1  | 2019-10-13 20:25:52,335 INFO impl.RoleInfo: 0b40e1cd-19c2-4e78-8e41-cbc35c680dd9: start FollowerState
datanode_2  | 2019-10-13 20:25:56,756 INFO impl.RoleInfo: e6454442-6688-4023-b93f-2cebc5f886de: start LeaderElection
datanode_1  | 2019-10-13 20:25:52,336 INFO util.JmxRegister: Successfully registered JMX Bean with object name Ratis:service=RaftServer,group=group-DE6A933AC048,id=0b40e1cd-19c2-4e78-8e41-cbc35c680dd9
datanode_2  | 2019-10-13 20:25:56,773 INFO impl.LeaderElection: e6454442-6688-4023-b93f-2cebc5f886de@group-66B0A243FE06-LeaderElection1: begin an election at term 1 for -1: [e6454442-6688-4023-b93f-2cebc5f886de:172.18.0.8:9858], old=null
datanode_3  | 2019-10-13 20:25:57,221 INFO impl.RaftServerImpl: 975c3a6d-d2fe-4b81-8075-adea0a2ea3d5@group-ABCA8EE9AE2D: changes role from  FOLLOWER to CANDIDATE at term 0 for changeToCandidate
datanode_1  | 2019-10-13 20:25:54,560 INFO impl.FollowerState: 0b40e1cd-19c2-4e78-8e41-cbc35c680dd9@group-CD140068D9FE-FollowerState: change to CANDIDATE, lastRpcTime:5128ms, electionTimeout:5127ms
datanode_2  | 2019-10-13 20:25:56,775 INFO impl.RoleInfo: e6454442-6688-4023-b93f-2cebc5f886de: shutdown LeaderElection
datanode_3  | 2019-10-13 20:25:57,225 INFO impl.RoleInfo: 975c3a6d-d2fe-4b81-8075-adea0a2ea3d5: start LeaderElection
datanode_1  | 2019-10-13 20:25:54,563 INFO impl.RoleInfo: 0b40e1cd-19c2-4e78-8e41-cbc35c680dd9: shutdown FollowerState
datanode_2  | 2019-10-13 20:25:56,775 INFO impl.RaftServerImpl: e6454442-6688-4023-b93f-2cebc5f886de@group-66B0A243FE06: changes role from CANDIDATE to LEADER at term 1 for changeToLeader
datanode_3  | 2019-10-13 20:25:57,240 INFO impl.LeaderElection: 975c3a6d-d2fe-4b81-8075-adea0a2ea3d5@group-ABCA8EE9AE2D-LeaderElection1: begin an election at term 1 for -1: [975c3a6d-d2fe-4b81-8075-adea0a2ea3d5:172.18.0.10:9858], old=null
datanode_2  | 2019-10-13 20:25:56,776 INFO impl.RaftServerImpl: e6454442-6688-4023-b93f-2cebc5f886de@group-66B0A243FE06: change Leader from null to e6454442-6688-4023-b93f-2cebc5f886de at term 1 for becomeLeader, leader elected after 5256ms
datanode_1  | 2019-10-13 20:25:54,564 INFO impl.RaftServerImpl: 0b40e1cd-19c2-4e78-8e41-cbc35c680dd9@group-CD140068D9FE: changes role from  FOLLOWER to CANDIDATE at term 0 for changeToCandidate
datanode_3  | 2019-10-13 20:25:57,242 INFO impl.RoleInfo: 975c3a6d-d2fe-4b81-8075-adea0a2ea3d5: shutdown LeaderElection
datanode_2  | 2019-10-13 20:25:56,781 INFO server.RaftServerConfigKeys: raft.server.staging.catchup.gap = 1000 (default)
datanode_1  | 2019-10-13 20:25:54,568 INFO impl.RoleInfo: 0b40e1cd-19c2-4e78-8e41-cbc35c680dd9: start LeaderElection
datanode_3  | 2019-10-13 20:25:57,242 INFO impl.RaftServerImpl: 975c3a6d-d2fe-4b81-8075-adea0a2ea3d5@group-ABCA8EE9AE2D: changes role from CANDIDATE to LEADER at term 1 for changeToLeader
datanode_2  | 2019-10-13 20:25:56,781 INFO server.RaftServerConfigKeys: raft.server.rpc.sleep.time = 25ms (default)
datanode_1  | 2019-10-13 20:25:54,605 INFO impl.LeaderElection: 0b40e1cd-19c2-4e78-8e41-cbc35c680dd9@group-CD140068D9FE-LeaderElection1: begin an election at term 1 for -1: [0b40e1cd-19c2-4e78-8e41-cbc35c680dd9:172.18.0.7:9858], old=null
datanode_3  | 2019-10-13 20:25:57,243 INFO impl.RaftServerImpl: 975c3a6d-d2fe-4b81-8075-adea0a2ea3d5@group-ABCA8EE9AE2D: change Leader from null to 975c3a6d-d2fe-4b81-8075-adea0a2ea3d5 at term 1 for becomeLeader, leader elected after 5186ms
datanode_2  | 2019-10-13 20:25:56,786 INFO server.RaftServerConfigKeys: raft.server.write.element-limit = 4096 (default)
datanode_3  | 2019-10-13 20:25:57,248 INFO server.RaftServerConfigKeys: raft.server.staging.catchup.gap = 1000 (default)
datanode_1  | 2019-10-13 20:25:54,607 INFO impl.RoleInfo: 0b40e1cd-19c2-4e78-8e41-cbc35c680dd9: shutdown LeaderElection
datanode_2  | 2019-10-13 20:25:56,790 INFO server.RaftServerConfigKeys: raft.server.watch.timeout = 10s (default)
datanode_3  | 2019-10-13 20:25:57,248 INFO server.RaftServerConfigKeys: raft.server.rpc.sleep.time = 25ms (default)
datanode_1  | 2019-10-13 20:25:54,608 INFO impl.RaftServerImpl: 0b40e1cd-19c2-4e78-8e41-cbc35c680dd9@group-CD140068D9FE: changes role from CANDIDATE to LEADER at term 1 for changeToLeader
datanode_2  | 2019-10-13 20:25:56,790 INFO server.RaftServerConfigKeys: raft.server.watch.timeout.denomination = 1s (default)
datanode_3  | 2019-10-13 20:25:57,252 INFO server.RaftServerConfigKeys: raft.server.write.element-limit = 4096 (default)
datanode_1  | 2019-10-13 20:25:54,608 INFO impl.RaftServerImpl: 0b40e1cd-19c2-4e78-8e41-cbc35c680dd9@group-CD140068D9FE: change Leader from null to 0b40e1cd-19c2-4e78-8e41-cbc35c680dd9 at term 1 for becomeLeader, leader elected after 5286ms
datanode_2  | 2019-10-13 20:25:56,791 INFO server.RaftServerConfigKeys: raft.server.watch.element-limit = 65536 (default)
datanode_1  | 2019-10-13 20:25:54,614 INFO server.RaftServerConfigKeys: raft.server.staging.catchup.gap = 1000 (default)
datanode_3  | 2019-10-13 20:25:57,256 INFO server.RaftServerConfigKeys: raft.server.watch.timeout = 10s (default)
datanode_2  | 2019-10-13 20:25:56,806 INFO impl.RoleInfo: e6454442-6688-4023-b93f-2cebc5f886de: start LeaderState
datanode_1  | 2019-10-13 20:25:54,614 INFO server.RaftServerConfigKeys: raft.server.rpc.sleep.time = 25ms (default)
datanode_3  | 2019-10-13 20:25:57,256 INFO server.RaftServerConfigKeys: raft.server.watch.timeout.denomination = 1s (default)
datanode_2  | 2019-10-13 20:25:56,830 INFO segmented.SegmentedRaftLogWorker: e6454442-6688-4023-b93f-2cebc5f886de@group-66B0A243FE06-SegmentedRaftLogWorker: Starting segment from index:0
datanode_1  | 2019-10-13 20:25:54,618 INFO server.RaftServerConfigKeys: raft.server.write.element-limit = 4096 (default)
datanode_3  | 2019-10-13 20:25:57,257 INFO server.RaftServerConfigKeys: raft.server.watch.element-limit = 65536 (default)
datanode_1  | 2019-10-13 20:25:54,622 INFO server.RaftServerConfigKeys: raft.server.watch.timeout = 10s (default)
datanode_3  | 2019-10-13 20:25:57,271 INFO impl.RoleInfo: 975c3a6d-d2fe-4b81-8075-adea0a2ea3d5: start LeaderState
datanode_2  | 2019-10-13 20:25:56,840 INFO impl.RaftServerImpl: e6454442-6688-4023-b93f-2cebc5f886de@group-66B0A243FE06: set configuration 0: [e6454442-6688-4023-b93f-2cebc5f886de:172.18.0.8:9858], old=null at 0
datanode_1  | 2019-10-13 20:25:54,623 INFO server.RaftServerConfigKeys: raft.server.watch.timeout.denomination = 1s (default)
datanode_3  | 2019-10-13 20:25:57,294 INFO segmented.SegmentedRaftLogWorker: 975c3a6d-d2fe-4b81-8075-adea0a2ea3d5@group-ABCA8EE9AE2D-SegmentedRaftLogWorker: Starting segment from index:0
datanode_2  | 2019-10-13 20:25:56,935 INFO segmented.SegmentedRaftLogWorker: e6454442-6688-4023-b93f-2cebc5f886de@group-66B0A243FE06-SegmentedRaftLogWorker: created new log segment /data/metadata/ratis/3a760065-2574-436d-bcb4-66b0a243fe06/current/log_inprogress_0
datanode_1  | 2019-10-13 20:25:54,623 INFO server.RaftServerConfigKeys: raft.server.watch.element-limit = 65536 (default)
datanode_2  | 2019-10-13 20:25:57,524 INFO impl.FollowerState: e6454442-6688-4023-b93f-2cebc5f886de@group-DE6A933AC048-FollowerState: change to CANDIDATE, lastRpcTime:5172ms, electionTimeout:5172ms
datanode_3  | 2019-10-13 20:25:57,305 INFO impl.RaftServerImpl: 975c3a6d-d2fe-4b81-8075-adea0a2ea3d5@group-ABCA8EE9AE2D: set configuration 0: [975c3a6d-d2fe-4b81-8075-adea0a2ea3d5:172.18.0.10:9858], old=null at 0
datanode_1  | 2019-10-13 20:25:54,640 INFO impl.RoleInfo: 0b40e1cd-19c2-4e78-8e41-cbc35c680dd9: start LeaderState
datanode_3  | 2019-10-13 20:25:57,356 INFO impl.FollowerState: 975c3a6d-d2fe-4b81-8075-adea0a2ea3d5@group-DE6A933AC048-FollowerState: change to CANDIDATE, lastRpcTime:5032ms, electionTimeout:5032ms
datanode_2  | 2019-10-13 20:25:57,524 INFO impl.RoleInfo: e6454442-6688-4023-b93f-2cebc5f886de: shutdown FollowerState
datanode_1  | 2019-10-13 20:25:54,664 INFO segmented.SegmentedRaftLogWorker: 0b40e1cd-19c2-4e78-8e41-cbc35c680dd9@group-CD140068D9FE-SegmentedRaftLogWorker: Starting segment from index:0
datanode_3  | 2019-10-13 20:25:57,357 INFO impl.RoleInfo: 975c3a6d-d2fe-4b81-8075-adea0a2ea3d5: shutdown FollowerState
datanode_1  | 2019-10-13 20:25:54,675 INFO impl.RaftServerImpl: 0b40e1cd-19c2-4e78-8e41-cbc35c680dd9@group-CD140068D9FE: set configuration 0: [0b40e1cd-19c2-4e78-8e41-cbc35c680dd9:172.18.0.7:9858], old=null at 0
datanode_3  | 2019-10-13 20:25:57,357 INFO impl.RaftServerImpl: 975c3a6d-d2fe-4b81-8075-adea0a2ea3d5@group-DE6A933AC048: changes role from  FOLLOWER to CANDIDATE at term 0 for changeToCandidate
datanode_2  | 2019-10-13 20:25:57,525 INFO impl.RaftServerImpl: e6454442-6688-4023-b93f-2cebc5f886de@group-DE6A933AC048: changes role from  FOLLOWER to CANDIDATE at term 0 for changeToCandidate
datanode_1  | 2019-10-13 20:25:54,787 INFO segmented.SegmentedRaftLogWorker: 0b40e1cd-19c2-4e78-8e41-cbc35c680dd9@group-CD140068D9FE-SegmentedRaftLogWorker: created new log segment /data/metadata/ratis/53c6613e-bf8d-47cd-8fb6-cd140068d9fe/current/log_inprogress_0
datanode_3  | 2019-10-13 20:25:57,357 INFO impl.RoleInfo: 975c3a6d-d2fe-4b81-8075-adea0a2ea3d5: start LeaderElection
datanode_2  | 2019-10-13 20:25:57,525 INFO impl.RoleInfo: e6454442-6688-4023-b93f-2cebc5f886de: start LeaderElection
datanode_1  | 2019-10-13 20:25:57,436 INFO impl.FollowerState: 0b40e1cd-19c2-4e78-8e41-cbc35c680dd9@group-DE6A933AC048-FollowerState: change to CANDIDATE, lastRpcTime:5100ms, electionTimeout:5100ms
datanode_3  | 2019-10-13 20:25:57,373 INFO impl.LeaderElection: 975c3a6d-d2fe-4b81-8075-adea0a2ea3d5@group-DE6A933AC048-LeaderElection2: begin an election at term 1 for -1: [975c3a6d-d2fe-4b81-8075-adea0a2ea3d5:172.18.0.10:9858, 0b40e1cd-19c2-4e78-8e41-cbc35c680dd9:172.18.0.7:9858, e6454442-6688-4023-b93f-2cebc5f886de:172.18.0.8:9858], old=null
datanode_3  | 2019-10-13 20:25:57,420 INFO segmented.SegmentedRaftLogWorker: 975c3a6d-d2fe-4b81-8075-adea0a2ea3d5@group-ABCA8EE9AE2D-SegmentedRaftLogWorker: created new log segment /data/metadata/ratis/70240e86-d062-42ed-b2ed-abca8ee9ae2d/current/log_inprogress_0
datanode_1  | 2019-10-13 20:25:57,437 INFO impl.RoleInfo: 0b40e1cd-19c2-4e78-8e41-cbc35c680dd9: shutdown FollowerState
datanode_3  | 2019-10-13 20:25:57,593 INFO impl.LeaderElection: 975c3a6d-d2fe-4b81-8075-adea0a2ea3d5@group-DE6A933AC048-LeaderElection2: Election REJECTED; received 2 response(s) [975c3a6d-d2fe-4b81-8075-adea0a2ea3d5<-e6454442-6688-4023-b93f-2cebc5f886de#0:FAIL-t1, 975c3a6d-d2fe-4b81-8075-adea0a2ea3d5<-0b40e1cd-19c2-4e78-8e41-cbc35c680dd9#0:FAIL-t1] and 0 exception(s); 975c3a6d-d2fe-4b81-8075-adea0a2ea3d5@group-DE6A933AC048:t1, leader=null, voted=975c3a6d-d2fe-4b81-8075-adea0a2ea3d5, raftlog=975c3a6d-d2fe-4b81-8075-adea0a2ea3d5@group-DE6A933AC048-SegmentedRaftLog:OPENED:c-1,f-1,i0, conf=-1: [975c3a6d-d2fe-4b81-8075-adea0a2ea3d5:172.18.0.10:9858, 0b40e1cd-19c2-4e78-8e41-cbc35c680dd9:172.18.0.7:9858, e6454442-6688-4023-b93f-2cebc5f886de:172.18.0.8:9858], old=null
datanode_2  | 2019-10-13 20:25:57,541 INFO impl.LeaderElection: e6454442-6688-4023-b93f-2cebc5f886de@group-DE6A933AC048-LeaderElection2: begin an election at term 1 for -1: [975c3a6d-d2fe-4b81-8075-adea0a2ea3d5:172.18.0.10:9858, 0b40e1cd-19c2-4e78-8e41-cbc35c680dd9:172.18.0.7:9858, e6454442-6688-4023-b93f-2cebc5f886de:172.18.0.8:9858], old=null
datanode_2  | 2019-10-13 20:25:57,715 INFO impl.LeaderElection: e6454442-6688-4023-b93f-2cebc5f886de@group-DE6A933AC048-LeaderElection2: Election REJECTED; received 2 response(s) [e6454442-6688-4023-b93f-2cebc5f886de<-975c3a6d-d2fe-4b81-8075-adea0a2ea3d5#0:FAIL-t1, e6454442-6688-4023-b93f-2cebc5f886de<-0b40e1cd-19c2-4e78-8e41-cbc35c680dd9#0:FAIL-t1] and 0 exception(s); e6454442-6688-4023-b93f-2cebc5f886de@group-DE6A933AC048:t1, leader=null, voted=e6454442-6688-4023-b93f-2cebc5f886de, raftlog=e6454442-6688-4023-b93f-2cebc5f886de@group-DE6A933AC048-SegmentedRaftLog:OPENED:c-1,f-1,i0, conf=-1: [975c3a6d-d2fe-4b81-8075-adea0a2ea3d5:172.18.0.10:9858, 0b40e1cd-19c2-4e78-8e41-cbc35c680dd9:172.18.0.7:9858, e6454442-6688-4023-b93f-2cebc5f886de:172.18.0.8:9858], old=null
datanode_3  | 2019-10-13 20:25:57,595 INFO impl.RaftServerImpl: 975c3a6d-d2fe-4b81-8075-adea0a2ea3d5@group-DE6A933AC048: changes role from CANDIDATE to FOLLOWER at term 1 for DISCOVERED_A_NEW_TERM
datanode_2  | 2019-10-13 20:25:57,716 INFO impl.RaftServerImpl: e6454442-6688-4023-b93f-2cebc5f886de@group-DE6A933AC048: changes role from CANDIDATE to FOLLOWER at term 1 for DISCOVERED_A_NEW_TERM
datanode_2  | 2019-10-13 20:25:57,716 INFO impl.RoleInfo: e6454442-6688-4023-b93f-2cebc5f886de: shutdown LeaderElection
datanode_3  | 2019-10-13 20:25:57,595 INFO impl.RoleInfo: 975c3a6d-d2fe-4b81-8075-adea0a2ea3d5: shutdown LeaderElection
datanode_2  | 2019-10-13 20:25:57,717 INFO impl.RoleInfo: e6454442-6688-4023-b93f-2cebc5f886de: start FollowerState
datanode_2  | 2019-10-13 20:26:02,665 INFO impl.RaftServerImpl: e6454442-6688-4023-b93f-2cebc5f886de@group-DE6A933AC048: changes role from  FOLLOWER to FOLLOWER at term 2 for recognizeCandidate:0b40e1cd-19c2-4e78-8e41-cbc35c680dd9
datanode_3  | 2019-10-13 20:25:57,595 INFO impl.RoleInfo: 975c3a6d-d2fe-4b81-8075-adea0a2ea3d5: start FollowerState
datanode_2  | 2019-10-13 20:26:02,666 INFO impl.RoleInfo: e6454442-6688-4023-b93f-2cebc5f886de: shutdown FollowerState
datanode_2  | 2019-10-13 20:26:02,666 INFO impl.RoleInfo: e6454442-6688-4023-b93f-2cebc5f886de: start FollowerState
datanode_3  | 2019-10-13 20:26:02,660 INFO impl.RaftServerImpl: 975c3a6d-d2fe-4b81-8075-adea0a2ea3d5@group-DE6A933AC048: changes role from  FOLLOWER to FOLLOWER at term 2 for recognizeCandidate:0b40e1cd-19c2-4e78-8e41-cbc35c680dd9
datanode_2  | 2019-10-13 20:26:02,666 INFO impl.FollowerState: e6454442-6688-4023-b93f-2cebc5f886de@group-DE6A933AC048-FollowerState was interrupted: java.lang.InterruptedException: sleep interrupted
datanode_2  | 2019-10-13 20:26:02,761 INFO impl.RaftServerImpl: e6454442-6688-4023-b93f-2cebc5f886de@group-DE6A933AC048: change Leader from null to 0b40e1cd-19c2-4e78-8e41-cbc35c680dd9 at term 2 for appendEntries, leader elected after 10419ms
datanode_3  | 2019-10-13 20:26:02,661 INFO impl.RoleInfo: 975c3a6d-d2fe-4b81-8075-adea0a2ea3d5: shutdown FollowerState
datanode_1  | 2019-10-13 20:25:57,437 INFO impl.RaftServerImpl: 0b40e1cd-19c2-4e78-8e41-cbc35c680dd9@group-DE6A933AC048: changes role from  FOLLOWER to CANDIDATE at term 0 for changeToCandidate
datanode_1  | 2019-10-13 20:25:57,437 INFO impl.RoleInfo: 0b40e1cd-19c2-4e78-8e41-cbc35c680dd9: start LeaderElection
datanode_3  | 2019-10-13 20:26:02,661 INFO impl.RoleInfo: 975c3a6d-d2fe-4b81-8075-adea0a2ea3d5: start FollowerState
datanode_2  | 2019-10-13 20:26:02,784 INFO impl.RaftServerImpl: e6454442-6688-4023-b93f-2cebc5f886de@group-DE6A933AC048: set configuration 0: [975c3a6d-d2fe-4b81-8075-adea0a2ea3d5:172.18.0.10:9858, 0b40e1cd-19c2-4e78-8e41-cbc35c680dd9:172.18.0.7:9858, e6454442-6688-4023-b93f-2cebc5f886de:172.18.0.8:9858], old=null at 0
datanode_3  | 2019-10-13 20:26:02,661 INFO impl.FollowerState: 975c3a6d-d2fe-4b81-8075-adea0a2ea3d5@group-DE6A933AC048-FollowerState was interrupted: java.lang.InterruptedException: sleep interrupted
datanode_1  | 2019-10-13 20:25:57,452 INFO impl.LeaderElection: 0b40e1cd-19c2-4e78-8e41-cbc35c680dd9@group-DE6A933AC048-LeaderElection2: begin an election at term 1 for -1: [975c3a6d-d2fe-4b81-8075-adea0a2ea3d5:172.18.0.10:9858, 0b40e1cd-19c2-4e78-8e41-cbc35c680dd9:172.18.0.7:9858, e6454442-6688-4023-b93f-2cebc5f886de:172.18.0.8:9858], old=null
datanode_2  | 2019-10-13 20:26:02,784 INFO segmented.SegmentedRaftLogWorker: e6454442-6688-4023-b93f-2cebc5f886de@group-DE6A933AC048-SegmentedRaftLogWorker: Starting segment from index:0
datanode_2  | 2019-10-13 20:26:02,821 INFO segmented.SegmentedRaftLogWorker: e6454442-6688-4023-b93f-2cebc5f886de@group-DE6A933AC048-SegmentedRaftLogWorker: created new log segment /data/metadata/ratis/23ef70a5-5d85-44d3-95df-de6a933ac048/current/log_inprogress_0
datanode_3  | 2019-10-13 20:26:02,765 INFO impl.RaftServerImpl: 975c3a6d-d2fe-4b81-8075-adea0a2ea3d5@group-DE6A933AC048: change Leader from null to 0b40e1cd-19c2-4e78-8e41-cbc35c680dd9 at term 2 for appendEntries, leader elected after 10452ms
datanode_1  | 2019-10-13 20:25:57,622 INFO impl.LeaderElection: 0b40e1cd-19c2-4e78-8e41-cbc35c680dd9@group-DE6A933AC048-LeaderElection2: Election REJECTED; received 2 response(s) [0b40e1cd-19c2-4e78-8e41-cbc35c680dd9<-975c3a6d-d2fe-4b81-8075-adea0a2ea3d5#0:FAIL-t1, 0b40e1cd-19c2-4e78-8e41-cbc35c680dd9<-e6454442-6688-4023-b93f-2cebc5f886de#0:FAIL-t1] and 0 exception(s); 0b40e1cd-19c2-4e78-8e41-cbc35c680dd9@group-DE6A933AC048:t1, leader=null, voted=0b40e1cd-19c2-4e78-8e41-cbc35c680dd9, raftlog=0b40e1cd-19c2-4e78-8e41-cbc35c680dd9@group-DE6A933AC048-SegmentedRaftLog:OPENED:c-1,f-1,i0, conf=-1: [975c3a6d-d2fe-4b81-8075-adea0a2ea3d5:172.18.0.10:9858, 0b40e1cd-19c2-4e78-8e41-cbc35c680dd9:172.18.0.7:9858, e6454442-6688-4023-b93f-2cebc5f886de:172.18.0.8:9858], old=null
datanode_1  | 2019-10-13 20:25:57,624 INFO impl.RaftServerImpl: 0b40e1cd-19c2-4e78-8e41-cbc35c680dd9@group-DE6A933AC048: changes role from CANDIDATE to FOLLOWER at term 1 for DISCOVERED_A_NEW_TERM
datanode_3  | 2019-10-13 20:26:02,783 INFO impl.RaftServerImpl: 975c3a6d-d2fe-4b81-8075-adea0a2ea3d5@group-DE6A933AC048: set configuration 0: [975c3a6d-d2fe-4b81-8075-adea0a2ea3d5:172.18.0.10:9858, 0b40e1cd-19c2-4e78-8e41-cbc35c680dd9:172.18.0.7:9858, e6454442-6688-4023-b93f-2cebc5f886de:172.18.0.8:9858], old=null at 0
datanode_1  | 2019-10-13 20:25:57,624 INFO impl.RoleInfo: 0b40e1cd-19c2-4e78-8e41-cbc35c680dd9: shutdown LeaderElection
datanode_1  | 2019-10-13 20:25:57,624 INFO impl.RoleInfo: 0b40e1cd-19c2-4e78-8e41-cbc35c680dd9: start FollowerState
datanode_3  | 2019-10-13 20:26:02,783 INFO segmented.SegmentedRaftLogWorker: 975c3a6d-d2fe-4b81-8075-adea0a2ea3d5@group-DE6A933AC048-SegmentedRaftLogWorker: Starting segment from index:0
datanode_1  | 2019-10-13 20:26:02,630 INFO impl.FollowerState: 0b40e1cd-19c2-4e78-8e41-cbc35c680dd9@group-DE6A933AC048-FollowerState: change to CANDIDATE, lastRpcTime:5006ms, electionTimeout:5005ms
datanode_1  | 2019-10-13 20:26:02,631 INFO impl.RoleInfo: 0b40e1cd-19c2-4e78-8e41-cbc35c680dd9: shutdown FollowerState
datanode_3  | 2019-10-13 20:26:02,821 INFO segmented.SegmentedRaftLogWorker: 975c3a6d-d2fe-4b81-8075-adea0a2ea3d5@group-DE6A933AC048-SegmentedRaftLogWorker: created new log segment /data/metadata/ratis/23ef70a5-5d85-44d3-95df-de6a933ac048/current/log_inprogress_0
datanode_1  | 2019-10-13 20:26:02,631 INFO impl.RaftServerImpl: 0b40e1cd-19c2-4e78-8e41-cbc35c680dd9@group-DE6A933AC048: changes role from  FOLLOWER to CANDIDATE at term 1 for changeToCandidate
datanode_1  | 2019-10-13 20:26:02,631 INFO impl.RoleInfo: 0b40e1cd-19c2-4e78-8e41-cbc35c680dd9: start LeaderElection
datanode_1  | 2019-10-13 20:26:02,641 INFO impl.LeaderElection: 0b40e1cd-19c2-4e78-8e41-cbc35c680dd9@group-DE6A933AC048-LeaderElection3: begin an election at term 2 for -1: [975c3a6d-d2fe-4b81-8075-adea0a2ea3d5:172.18.0.10:9858, 0b40e1cd-19c2-4e78-8e41-cbc35c680dd9:172.18.0.7:9858, e6454442-6688-4023-b93f-2cebc5f886de:172.18.0.8:9858], old=null
datanode_1  | 2019-10-13 20:26:02,682 INFO impl.LeaderElection: 0b40e1cd-19c2-4e78-8e41-cbc35c680dd9@group-DE6A933AC048-LeaderElection3: Election PASSED; received 1 response(s) [0b40e1cd-19c2-4e78-8e41-cbc35c680dd9<-975c3a6d-d2fe-4b81-8075-adea0a2ea3d5#0:OK-t2] and 0 exception(s); 0b40e1cd-19c2-4e78-8e41-cbc35c680dd9@group-DE6A933AC048:t2, leader=null, voted=0b40e1cd-19c2-4e78-8e41-cbc35c680dd9, raftlog=0b40e1cd-19c2-4e78-8e41-cbc35c680dd9@group-DE6A933AC048-SegmentedRaftLog:OPENED:c-1,f-1,i0, conf=-1: [975c3a6d-d2fe-4b81-8075-adea0a2ea3d5:172.18.0.10:9858, 0b40e1cd-19c2-4e78-8e41-cbc35c680dd9:172.18.0.7:9858, e6454442-6688-4023-b93f-2cebc5f886de:172.18.0.8:9858], old=null
datanode_1  | 2019-10-13 20:26:02,683 INFO impl.RoleInfo: 0b40e1cd-19c2-4e78-8e41-cbc35c680dd9: shutdown LeaderElection
datanode_1  | 2019-10-13 20:26:02,683 INFO impl.RaftServerImpl: 0b40e1cd-19c2-4e78-8e41-cbc35c680dd9@group-DE6A933AC048: changes role from CANDIDATE to LEADER at term 2 for changeToLeader
datanode_1  | 2019-10-13 20:26:02,683 INFO impl.RaftServerImpl: 0b40e1cd-19c2-4e78-8e41-cbc35c680dd9@group-DE6A933AC048: change Leader from null to 0b40e1cd-19c2-4e78-8e41-cbc35c680dd9 at term 2 for becomeLeader, leader elected after 10357ms
datanode_1  | 2019-10-13 20:26:02,683 INFO server.RaftServerConfigKeys: raft.server.staging.catchup.gap = 1000 (default)
datanode_1  | 2019-10-13 20:26:02,684 INFO server.RaftServerConfigKeys: raft.server.rpc.sleep.time = 25ms (default)
datanode_1  | 2019-10-13 20:26:02,684 INFO server.RaftServerConfigKeys: raft.server.write.element-limit = 4096 (default)
datanode_1  | 2019-10-13 20:26:02,684 INFO server.RaftServerConfigKeys: raft.server.watch.timeout = 10s (default)
datanode_1  | 2019-10-13 20:26:02,684 INFO server.RaftServerConfigKeys: raft.server.watch.timeout.denomination = 1s (default)
datanode_1  | 2019-10-13 20:26:02,684 INFO server.RaftServerConfigKeys: raft.server.watch.element-limit = 65536 (default)
datanode_1  | 2019-10-13 20:26:02,690 INFO server.RaftServerConfigKeys: raft.server.log.appender.snapshot.chunk.size.max = 16MB (=16777216) (default)
datanode_1  | 2019-10-13 20:26:02,691 INFO server.RaftServerConfigKeys: raft.server.log.appender.buffer.byte-limit = 33554432 (custom)
datanode_1  | 2019-10-13 20:26:02,691 INFO server.RaftServerConfigKeys: raft.server.log.appender.buffer.element-limit = 1 (custom)
datanode_1  | 2019-10-13 20:26:02,694 INFO grpc.GrpcConfigKeys$Server: raft.grpc.server.leader.outstanding.appends.max = 128 (default)
datanode_1  | 2019-10-13 20:26:02,695 INFO server.RaftServerConfigKeys: raft.server.rpc.request.timeout = 3000ms (default)
datanode_1  | 2019-10-13 20:26:02,695 INFO server.RaftServerConfigKeys: raft.server.log.appender.install.snapshot.enabled = false (custom)
datanode_1  | 2019-10-13 20:26:02,696 INFO server.RaftServerConfigKeys: raft.server.log.appender.snapshot.chunk.size.max = 16MB (=16777216) (default)
datanode_1  | 2019-10-13 20:26:02,697 INFO server.RaftServerConfigKeys: raft.server.log.appender.buffer.byte-limit = 33554432 (custom)
datanode_1  | 2019-10-13 20:26:02,697 INFO server.RaftServerConfigKeys: raft.server.log.appender.buffer.element-limit = 1 (custom)
datanode_1  | 2019-10-13 20:26:02,697 INFO grpc.GrpcConfigKeys$Server: raft.grpc.server.leader.outstanding.appends.max = 128 (default)
datanode_1  | 2019-10-13 20:26:02,697 INFO server.RaftServerConfigKeys: raft.server.rpc.request.timeout = 3000ms (default)
datanode_1  | 2019-10-13 20:26:02,697 INFO server.RaftServerConfigKeys: raft.server.log.appender.install.snapshot.enabled = false (custom)
datanode_1  | 2019-10-13 20:26:02,699 INFO impl.RoleInfo: 0b40e1cd-19c2-4e78-8e41-cbc35c680dd9: start LeaderState
datanode_1  | 2019-10-13 20:26:02,699 INFO segmented.SegmentedRaftLogWorker: 0b40e1cd-19c2-4e78-8e41-cbc35c680dd9@group-DE6A933AC048-SegmentedRaftLogWorker: Starting segment from index:0
datanode_1  | 2019-10-13 20:26:02,700 INFO impl.RaftServerImpl: 0b40e1cd-19c2-4e78-8e41-cbc35c680dd9@group-DE6A933AC048: set configuration 0: [975c3a6d-d2fe-4b81-8075-adea0a2ea3d5:172.18.0.10:9858, 0b40e1cd-19c2-4e78-8e41-cbc35c680dd9:172.18.0.7:9858, e6454442-6688-4023-b93f-2cebc5f886de:172.18.0.8:9858], old=null at 0
datanode_1  | 2019-10-13 20:26:02,750 INFO segmented.SegmentedRaftLogWorker: 0b40e1cd-19c2-4e78-8e41-cbc35c680dd9@group-DE6A933AC048-SegmentedRaftLogWorker: created new log segment /data/metadata/ratis/23ef70a5-5d85-44d3-95df-de6a933ac048/current/log_inprogress_0
