om_1        | STARTUP_MSG:   classpath = /etc/hadoop:/opt/hadoop/share/hadoop/common/*:/opt/hadoop/share/ozone/lib/kerb-simplekdc-1.0.1.jar:/opt/hadoop/share/ozone/lib/protobuf-java-2.5.0.jar:/opt/hadoop/share/ozone/lib/bcpkix-jdk15on-1.60.jar:/opt/hadoop/share/ozone/lib/sqlite-jdbc-3.25.2.jar:/opt/hadoop/share/ozone/lib/netty-3.10.5.Final.jar:/opt/hadoop/share/ozone/lib/commons-validator-1.6.jar:/opt/hadoop/share/ozone/lib/jaxb-impl-2.3.0.1.jar:/opt/hadoop/share/ozone/lib/kerb-core-1.0.1.jar:/opt/hadoop/share/ozone/lib/hadoop-ozone-common-0.5.0-SNAPSHOT.jar:/opt/hadoop/share/ozone/lib/ratis-thirdparty-misc-0.2.0.jar:/opt/hadoop/share/ozone/lib/jsr305-3.0.0.jar:/opt/hadoop/share/ozone/lib/leveldbjni-all-1.8.jar:/opt/hadoop/share/ozone/lib/htrace-core4-4.1.0-incubating.jar:/opt/hadoop/share/ozone/lib/ratis-metrics-0.5.0-3f446aa-SNAPSHOT.jar:/opt/hadoop/share/ozone/lib/hadoop-annotations-3.2.0.jar:/opt/hadoop/share/ozone/lib/hadoop-hdds-tools-0.5.0-SNAPSHOT.jar:/opt/hadoop/share/ozone/lib/kerb-util-1.0.1.jar:/opt/hadoop/share/ozone/lib/dropwizard-metrics-hadoop-metrics2-reporter-0.1.2.jar:/opt/hadoop/share/ozone/lib/jackson-jaxrs-1.9.13.jar:/opt/hadoop/share/ozone/lib/ratis-netty-0.5.0-3f446aa-SNAPSHOT.jar:/opt/hadoop/share/ozone/lib/kerby-xdr-1.0.1.jar:/opt/hadoop/share/ozone/lib/jetty-webapp-9.3.25.v20180904.jar:/opt/hadoop/share/ozone/lib/jackson-core-asl-1.9.13.jar:/opt/hadoop/share/ozone/lib/commons-net-3.6.jar:/opt/hadoop/share/ozone/lib/log4j-api-2.11.0.jar:/opt/hadoop/share/ozone/lib/netty-all-4.0.52.Final.jar:/opt/hadoop/share/ozone/lib/hadoop-hdfs-3.2.0.jar:/opt/hadoop/share/ozone/lib/jline-0.9.94.jar:/opt/hadoop/share/ozone/lib/opentracing-api-0.31.0.jar:/opt/hadoop/share/ozone/lib/hadoop-hdds-server-framework-0.5.0-SNAPSHOT.jar:/opt/hadoop/share/ozone/lib/slf4j-log4j12-1.7.25.jar:/opt/hadoop/share/ozone/lib/hadoop-hdfs-client-3.2.0.jar:/opt/hadoop/share/ozone/lib/kerby-config-1.0.1.jar:/opt/hadoop/share/ozone/lib/jetty-util-9.3.25.v20180904.jar:/opt/hadoop/share/ozone/lib/metrics-ganglia-3.2.5.jar:/opt/hadoop/share/ozone/lib/libthrift-0.12.0.jar:/opt/hadoop/share/ozone/lib/metrics-core-3.2.4.jar:/opt/hadoop/share/ozone/lib/kerby-pkix-1.0.1.jar:/opt/hadoop/share/ozone/lib/xz-1.0.jar:/opt/hadoop/share/ozone/lib/hadoop-hdds-config-0.5.0-SNAPSHOT.jar:/opt/hadoop/share/ozone/lib/nimbus-jose-jwt-4.41.1.jar:/opt/hadoop/share/ozone/lib/jsr311-api-1.1.1.jar:/opt/hadoop/share/ozone/lib/commons-beanutils-1.9.4.jar:/opt/hadoop/share/ozone/lib/javax.servlet-api-3.1.0.jar:/opt/hadoop/share/ozone/lib/kerb-server-1.0.1.jar:/opt/hadoop/share/ozone/lib/zookeeper-3.4.13.jar:/opt/hadoop/share/ozone/lib/avro-1.7.7.jar:/opt/hadoop/share/ozone/lib/kerb-client-1.0.1.jar:/opt/hadoop/share/ozone/lib/jackson-xc-1.9.13.jar:/opt/hadoop/share/ozone/lib/disruptor-3.4.2.jar:/opt/hadoop/share/ozone/lib/guava-11.0.2.jar:/opt/hadoop/share/ozone/lib/hadoop-hdds-common-0.5.0-SNAPSHOT.jar:/opt/hadoop/share/ozone/lib/curator-framework-2.12.0.jar:/opt/hadoop/share/ozone/lib/dnsjava-2.1.7.jar:/opt/hadoop/share/ozone/lib/commons-configuration2-2.1.1.jar:/opt/hadoop/share/ozone/lib/json-smart-2.3.jar:/opt/hadoop/share/ozone/lib/token-provider-1.0.1.jar:/opt/hadoop/share/ozone/lib/log4j-1.2.17.jar:/opt/hadoop/share/ozone/lib/commons-daemon-1.0.13.jar:/opt/hadoop/share/ozone/lib/bcprov-jdk15on-1.60.jar:/opt/hadoop/share/ozone/lib/commons-lang3-3.7.jar:/opt/hadoop/share/ozone/lib/commons-compress-1.4.1.jar:/opt/hadoop/share/ozone/lib/jaeger-client-0.34.0.jar:/opt/hadoop/share/ozone/lib/jetty-server-9.3.25.v20180904.jar:/opt/hadoop/share/ozone/lib/accessors-smart-1.2.jar:/opt/hadoop/share/ozone/lib/re2j-1.1.jar:/opt/hadoop/share/ozone/lib/curator-recipes-2.12.0.jar:/opt/hadoop/share/ozone/lib/jackson-core-2.9.9.jar:/opt/hadoop/share/ozone/lib/commons-math3-3.1.1.jar:/opt/hadoop/share/ozone/lib/ratis-server-0.5.0-3f446aa-SNAPSHOT.jar:/opt/hadoop/share/ozone/lib/gmetric4j-1.0.7.jar:/opt/hadoop/share/ozone/lib/opentracing-noop-0.31.0.jar:/opt/hadoop/share/ozone/lib/httpclient-4.5.2.jar:/opt/hadoop/share/ozone/lib/jaeger-core-0.34.0.jar:/opt/hadoop/share/ozone/lib/asm-5.0.4.jar:/opt/hadoop/share/ozone/lib/ratis-proto-0.5.0-3f446aa-SNAPSHOT.jar:/opt/hadoop/share/ozone/lib/curator-client-2.12.0.jar:/opt/hadoop/share/ozone/lib/audience-annotations-0.5.0.jar:/opt/hadoop/share/ozone/lib/kerby-util-1.0.1.jar:/opt/hadoop/share/ozone/lib/jackson-mapper-asl-1.9.13.jar:/opt/hadoop/share/ozone/lib/rocksdbjni-6.0.1.jar:/opt/hadoop/share/ozone/lib/jsp-api-2.1.jar:/opt/hadoop/share/ozone/lib/jsch-0.1.54.jar:/opt/hadoop/share/ozone/lib/opentracing-tracerresolver-0.1.5.jar:/opt/hadoop/share/ozone/lib/ratis-client-0.5.0-3f446aa-SNAPSHOT.jar:/opt/hadoop/share/ozone/lib/paranamer-2.3.jar:/opt/hadoop/share/ozone/lib/log4j-core-2.11.0.jar:/opt/hadoop/share/ozone/lib/jetty-io-9.3.25.v20180904.jar:/opt/hadoop/share/ozone/lib/jetty-xml-9.3.25.v20180904.jar:/opt/hadoop/share/ozone/lib/commons-codec-1.11.jar:/opt/hadoop/share/ozone/lib/commons-pool2-2.6.0.jar:/opt/hadoop/share/ozone/lib/gson-2.2.4.jar:/opt/hadoop/share/ozone/lib/jcip-annotations-1.0-1.jar:/opt/hadoop/share/ozone/lib/kerb-admin-1.0.1.jar:/opt/hadoop/share/ozone/lib/okio-1.13.0.jar:/opt/hadoop/share/ozone/lib/commons-io-2.5.jar:/opt/hadoop/share/ozone/lib/snakeyaml-1.16.jar:/opt/hadoop/share/ozone/lib/hadoop-ozone-client-0.5.0-SNAPSHOT.jar:/opt/hadoop/share/ozone/lib/jersey-core-1.19.jar:/opt/hadoop/share/ozone/lib/ratis-grpc-0.5.0-3f446aa-SNAPSHOT.jar:/opt/hadoop/share/ozone/lib/ratis-common-0.5.0-3f446aa-SNAPSHOT.jar:/opt/hadoop/share/ozone/lib/jackson-databind-2.9.9.jar:/opt/hadoop/share/ozone/lib/hadoop-hdds-container-service-0.5.0-SNAPSHOT.jar:/opt/hadoop/share/ozone/lib/picocli-3.9.6.jar:/opt/hadoop/share/ozone/lib/jaeger-thrift-0.34.0.jar:/opt/hadoop/share/ozone/lib/jackson-annotations-2.9.9.jar:/opt/hadoop/share/ozone/lib/commons-cli-1.2.jar:/opt/hadoop/share/ozone/lib/hadoop-hdds-docs-0.5.0-SNAPSHOT.jar:/opt/hadoop/share/ozone/lib/woodstox-core-5.0.3.jar:/opt/hadoop/share/ozone/lib/javax.annotation-api-1.2.jar:/opt/hadoop/share/ozone/lib/snappy-java-1.0.5.jar:/opt/hadoop/share/ozone/lib/jaeger-tracerresolver-0.34.0.jar:/opt/hadoop/share/ozone/lib/jetty-security-9.3.25.v20180904.jar:/opt/hadoop/share/ozone/lib/jetty-http-9.3.25.v20180904.jar:/opt/hadoop/share/ozone/lib/kerby-asn1-1.0.1.jar:/opt/hadoop/share/ozone/lib/okhttp-3.9.0.jar:/opt/hadoop/share/ozone/lib/stax2-api-3.1.4.jar:/opt/hadoop/share/ozone/lib/commons-digester-1.8.1.jar:/opt/hadoop/share/ozone/lib/commons-collections-3.2.2.jar:/opt/hadoop/share/ozone/lib/jettison-1.1.jar:/opt/hadoop/share/ozone/lib/commons-text-1.4.jar:/opt/hadoop/share/ozone/lib/jersey-servlet-1.19.jar:/opt/hadoop/share/ozone/lib/jersey-json-1.19.jar:/opt/hadoop/share/ozone/lib/slf4j-api-1.7.25.jar:/opt/hadoop/share/ozone/lib/jetty-util-ajax-9.3.25.v20180904.jar:/opt/hadoop/share/ozone/lib/commons-logging-1.1.3.jar:/opt/hadoop/share/ozone/lib/hadoop-hdds-client-0.5.0-SNAPSHOT.jar:/opt/hadoop/share/ozone/lib/kerb-identity-1.0.1.jar:/opt/hadoop/share/ozone/lib/opentracing-util-0.31.0.jar:/opt/hadoop/share/ozone/lib/hadoop-common-3.2.0.jar:/opt/hadoop/share/ozone/lib/hadoop-auth-3.2.0.jar:/opt/hadoop/share/ozone/lib/kerb-common-1.0.1.jar:/opt/hadoop/share/ozone/lib/jetty-servlet-9.3.25.v20180904.jar:/opt/hadoop/share/ozone/lib/jersey-server-1.19.jar:/opt/hadoop/share/ozone/lib/kerb-crypto-1.0.1.jar:/opt/hadoop/share/ozone/lib/httpcore-4.4.4.jar:/opt/hadoop/share/ozone/lib/metrics-jvm-3.2.5.jar:/opt/hadoop/share/ozone/web:/opt/hadoop/share/ozone/lib/hadoop-ozone-ozone-manager-0.5.0-SNAPSHOT.jar
nm_1        | 2019-10-21 03:40:18 INFO  NodeManager:51 - registered UNIX signal handlers for [TERM, HUP, INT]
datanode_2  | 2019-10-21 03:40:21,240 INFO http.HttpServer2: Added filter static_user_filter (class=org.apache.hadoop.http.lib.StaticUserWebFilter$StaticUserFilter) to context static
datanode_1  | 2019-10-21 03:40:24,350 INFO http.HttpServer2: Added filter static_user_filter (class=org.apache.hadoop.http.lib.StaticUserWebFilter$StaticUserFilter) to context logs
scm_1       | 2019-10-21 03:40:22,950 INFO db.DBStoreBuilder: Using default column profile:DBProfile.DISK for Table:validCerts
rm_1        | 2019-10-21 03:40:18 INFO  Configuration:2752 - resource-types.xml not found
datanode_3  | 2019-10-21 03:40:22,315 INFO impl.MetricsSinkAdapter: Sink prometheus started
nm_1        | 2019-10-21 03:40:19 INFO  NodeManager:322 - Node Manager health check script is not available or doesn't have execute permission, so not starting the node health script runner.
om_1        | STARTUP_MSG:   build = https://github.com/apache/hadoop.git -r e97acb3bd8f3befd27418996fa5d4b50bf2e17bf; compiled by 'sunilg' on 2019-01-15T17:34Z
datanode_2  | 2019-10-21 03:40:21,272 INFO http.HttpServer2: Jetty bound to port 9882
datanode_1  | 2019-10-21 03:40:24,350 INFO http.HttpServer2: Added filter static_user_filter (class=org.apache.hadoop.http.lib.StaticUserWebFilter$StaticUserFilter) to context static
scm_1       | 2019-10-21 03:40:22,950 INFO db.DBStoreBuilder: using custom profile for table: revokedCerts
rm_1        | 2019-10-21 03:40:18 INFO  ResourceUtils:418 - Unable to find 'resource-types.xml'.
nm_1        | 2019-10-21 03:40:19 INFO  AsyncDispatcher:223 - Registering class org.apache.hadoop.yarn.server.nodemanager.containermanager.container.ContainerEventType for class org.apache.hadoop.yarn.server.nodemanager.containermanager.ContainerManagerImpl$ContainerEventDispatcher
datanode_3  | 2019-10-21 03:40:22,315 INFO impl.MetricsSystemImpl: Registered sink prometheus
om_1        | STARTUP_MSG:   java = 11.0.3
datanode_2  | 2019-10-21 03:40:21,274 INFO server.Server: jetty-9.3.25.v20180904, build timestamp: 2018-09-04T21:11:46Z, git hash: 3ce520221d0240229c862b122d2b06c12a625732
datanode_1  | 2019-10-21 03:40:24,379 INFO http.HttpServer2: Jetty bound to port 9882
scm_1       | 2019-10-21 03:40:22,950 INFO db.DBStoreBuilder: Using default column profile:DBProfile.DISK for Table:revokedCerts
rm_1        | 2019-10-21 03:40:18 INFO  Configuration:2755 - found resource yarn-site.xml at file:/opt/hadoop/etc/hadoop/yarn-site.xml
nm_1        | 2019-10-21 03:40:19 INFO  AsyncDispatcher:223 - Registering class org.apache.hadoop.yarn.server.nodemanager.containermanager.application.ApplicationEventType for class org.apache.hadoop.yarn.server.nodemanager.containermanager.ContainerManagerImpl$ApplicationEventDispatcher
datanode_3  | 2019-10-21 03:40:22,317 INFO server.BaseHttpServer: HTTP server of HDDSDATANODE is listening at http://0.0.0.0:9882
om_1        | ************************************************************/
datanode_2  | 2019-10-21 03:40:21,316 INFO handler.ContextHandler: Started o.e.j.s.ServletContextHandler@6f94fb9d{/logs,file:///var/log/hadoop/,AVAILABLE}
datanode_1  | 2019-10-21 03:40:24,381 INFO server.Server: jetty-9.3.25.v20180904, build timestamp: 2018-09-04T21:11:46Z, git hash: 3ce520221d0240229c862b122d2b06c12a625732
scm_1       | 2019-10-21 03:40:22,965 INFO db.DBStoreBuilder: using custom profile for table: default
rm_1        | 2019-10-21 03:40:18 INFO  AsyncDispatcher:223 - Registering class org.apache.hadoop.yarn.server.resourcemanager.RMFatalEventType for class org.apache.hadoop.yarn.server.resourcemanager.ResourceManager$RMFatalEventDispatcher
nm_1        | 2019-10-21 03:40:19 INFO  AsyncDispatcher:223 - Registering class org.apache.hadoop.yarn.server.nodemanager.containermanager.localizer.event.LocalizationEventType for class org.apache.hadoop.yarn.server.nodemanager.containermanager.ContainerManagerImpl$LocalizationEventHandlerWrapper
datanode_3  | 2019-10-21 03:40:22,331 INFO util.JvmPauseMonitor: Starting JVM pause monitor
om_1        | 2019-10-21 03:40:28,633 [main] INFO       - registered UNIX signal handlers for [TERM, HUP, INT]
datanode_2  | 2019-10-21 03:40:21,317 INFO handler.ContextHandler: Started o.e.j.s.ServletContextHandler@44cffc25{/static,jar:file:/opt/hadoop/share/ozone/lib/hadoop-hdds-container-service-0.5.0-SNAPSHOT.jar!/webapps/static,AVAILABLE}
datanode_1  | 2019-10-21 03:40:24,414 INFO handler.ContextHandler: Started o.e.j.s.ServletContextHandler@4228bf58{/logs,file:///var/log/hadoop/,AVAILABLE}
scm_1       | 2019-10-21 03:40:22,965 INFO db.DBStoreBuilder: Using default column profile:DBProfile.DISK for Table:default
rm_1        | 2019-10-21 03:40:18 INFO  NMTokenSecretManagerInRM:75 - NMTokenKeyRollingInterval: 86400000ms and NMTokenKeyActivationDelay: 900000ms
datanode_3  | 2019-10-21 03:40:22,576 [Datanode State Machine Thread - 0] INFO       - DatanodeDetails is persisted to /data/metadata/datanode.id
nm_1        | 2019-10-21 03:40:19 INFO  AsyncDispatcher:223 - Registering class org.apache.hadoop.yarn.server.nodemanager.containermanager.AuxServicesEventType for class org.apache.hadoop.yarn.server.nodemanager.containermanager.AuxServices
om_1        | 2019-10-21 03:40:29,573 [main] INFO       - Configuration either no ozone.om.address set. Falling back to the default OM address om/172.18.0.2:9862
datanode_2  | 2019-10-21 03:40:21,545 INFO handler.ContextHandler: Started o.e.j.w.WebAppContext@9b9a327{/,file:///tmp/jetty-0.0.0.0-9882-hddsDatanode-_-any-10403497862404094655.dir/webapp/,AVAILABLE}{/hddsDatanode}
datanode_1  | 2019-10-21 03:40:24,415 INFO handler.ContextHandler: Started o.e.j.s.ServletContextHandler@25aeb5ac{/static,jar:file:/opt/hadoop/share/ozone/lib/hadoop-hdds-container-service-0.5.0-SNAPSHOT.jar!/webapps/static,AVAILABLE}
scm_1       | 2019-10-21 03:40:22,967 INFO db.DBStoreBuilder: Using default options. DBProfile.DISK
rm_1        | 2019-10-21 03:40:18 INFO  RMContainerTokenSecretManager:81 - ContainerTokenKeyRollingInterval: 86400000ms and ContainerTokenKeyActivationDelay: 900000ms
datanode_3  | 2019-10-21 03:40:25,414 INFO ipc.Client: Retrying connect to server: scm/172.18.0.8:9861. Already tried 0 time(s); retry policy is RetryUpToMaximumCountWithFixedSleep(maxRetries=2147483647, sleepTime=1000 MILLISECONDS)
nm_1        | 2019-10-21 03:40:19 INFO  AsyncDispatcher:223 - Registering class org.apache.hadoop.yarn.server.nodemanager.containermanager.monitor.ContainersMonitorEventType for class org.apache.hadoop.yarn.server.nodemanager.containermanager.monitor.ContainersMonitorImpl
om_1        | 2019-10-21 03:40:29,573 [main] INFO       - OM Service ID is not set. Setting it to the default ID: omServiceIdDefault
datanode_2  | 2019-10-21 03:40:21,562 INFO server.AbstractConnector: Started ServerConnector@1388512b{HTTP/1.1,[http/1.1]}{0.0.0.0:9882}
datanode_1  | 2019-10-21 03:40:24,473 INFO handler.ContextHandler: Started o.e.j.w.WebAppContext@358ab600{/,file:///tmp/jetty-0.0.0.0-9882-hddsDatanode-_-any-7767882551239934644.dir/webapp/,AVAILABLE}{/hddsDatanode}
scm_1       | 2019-10-21 03:40:23,464 INFO net.NodeSchemaLoader: Loading file from java.lang.CompoundEnumeration@4e07b95f
rm_1        | 2019-10-21 03:40:18 INFO  AMRMTokenSecretManager:94 - AMRMTokenKeyRollingInterval: 86400000ms and AMRMTokenKeyActivationDelay: 900000 ms
datanode_3  | 2019-10-21 03:40:25,541 [Datanode State Machine Thread - 0] INFO       - Attempting to start container services.
nm_1        | 2019-10-21 03:40:19 INFO  AsyncDispatcher:223 - Registering class org.apache.hadoop.yarn.server.nodemanager.containermanager.launcher.ContainersLauncherEventType for class org.apache.hadoop.yarn.server.nodemanager.containermanager.launcher.ContainersLauncher
om_1        | 2019-10-21 03:40:29,577 WARN server.ServerUtils: ozone.om.db.dirs is not configured. We recommend adding this setting. Falling back to ozone.metadata.dirs instead.
datanode_2  | 2019-10-21 03:40:21,562 INFO server.Server: Started @3986ms
datanode_1  | 2019-10-21 03:40:24,480 INFO server.AbstractConnector: Started ServerConnector@50b788d6{HTTP/1.1,[http/1.1]}{0.0.0.0:9882}
rm_1        | 2019-10-21 03:40:18 INFO  AsyncDispatcher:223 - Registering class org.apache.hadoop.yarn.server.resourcemanager.recovery.RMStateStoreEventType for class org.apache.hadoop.yarn.server.resourcemanager.recovery.RMStateStore$ForwardingEventHandler
datanode_3  | 2019-10-21 03:40:25,544 [Datanode State Machine Thread - 0] INFO       - Background container scanner has been disabled.
nm_1        | 2019-10-21 03:40:19 INFO  AsyncDispatcher:223 - Registering class org.apache.hadoop.yarn.server.nodemanager.containermanager.scheduler.ContainerSchedulerEventType for class org.apache.hadoop.yarn.server.nodemanager.containermanager.scheduler.ContainerScheduler
om_1        | 2019-10-21 03:40:29,587 WARN server.ServerUtils: ozone.om.db.dirs is not configured. We recommend adding this setting. Falling back to ozone.metadata.dirs instead.
datanode_2  | 2019-10-21 03:40:21,565 INFO impl.MetricsSinkAdapter: Sink prometheus started
scm_1       | 2019-10-21 03:40:23,465 INFO net.NodeSchemaLoader: Loading network topology layer schema file
datanode_1  | 2019-10-21 03:40:24,481 INFO server.Server: Started @4054ms
rm_1        | 2019-10-21 03:40:18 INFO  AsyncDispatcher:223 - Registering class org.apache.hadoop.yarn.server.resourcemanager.NodesListManagerEventType for class org.apache.hadoop.yarn.server.resourcemanager.NodesListManager
datanode_3  | 2019-10-21 03:40:25,544 [Datanode State Machine Thread - 0] INFO       - Starting XceiverServerRatis e6646bb0-ed73-4a05-84e2-262a514fc12c at port 9858
nm_1        | 2019-10-21 03:40:19 INFO  NMLogAggregationStatusTracker:89 - the rolling interval seconds for the NodeManager Cached Log aggregation status is 600
om_1        | 2019-10-21 03:40:30,397 WARN server.ServerUtils: ozone.om.db.dirs is not configured. We recommend adding this setting. Falling back to ozone.metadata.dirs instead.
datanode_2  | 2019-10-21 03:40:21,565 INFO impl.MetricsSystemImpl: Registered sink prometheus
scm_1       | 2019-10-21 03:40:23,569 INFO node.SCMNodeManager: Entering startup safe mode.
datanode_1  | 2019-10-21 03:40:24,483 INFO impl.MetricsSinkAdapter: Sink prometheus started
rm_1        | 2019-10-21 03:40:18 INFO  ResourceManager:440 - Using Scheduler: org.apache.hadoop.yarn.server.resourcemanager.scheduler.capacity.CapacityScheduler
datanode_3  | 2019-10-21 03:40:25,563 INFO impl.RaftServerProxy: e6646bb0-ed73-4a05-84e2-262a514fc12c: start RPC server
om_1        | 2019-10-21 03:40:30,418 INFO util.log: Logging initialized @2625ms
nm_1        | 2019-10-21 03:40:19 INFO  AsyncDispatcher:223 - Registering class org.apache.hadoop.yarn.server.nodemanager.ContainerManagerEventType for class org.apache.hadoop.yarn.server.nodemanager.containermanager.ContainerManagerImpl
datanode_2  | 2019-10-21 03:40:21,567 INFO server.BaseHttpServer: HTTP server of HDDSDATANODE is listening at http://0.0.0.0:9882
scm_1       | 2019-10-21 03:40:23,726 INFO algorithms.ContainerPlacementPolicyFactory: Create container placement policy of type org.apache.hadoop.hdds.scm.container.placement.algorithms.SCMContainerPlacementRandom
datanode_1  | 2019-10-21 03:40:24,483 INFO impl.MetricsSystemImpl: Registered sink prometheus
rm_1        | 2019-10-21 03:40:18 INFO  AsyncDispatcher:223 - Registering class org.apache.hadoop.yarn.server.resourcemanager.scheduler.event.SchedulerEventType for class org.apache.hadoop.yarn.event.EventDispatcher
datanode_3  | 2019-10-21 03:40:25,686 INFO server.GrpcService: e6646bb0-ed73-4a05-84e2-262a514fc12c: GrpcService started, listening on 0.0.0.0/0.0.0.0:9858
om_1        | 2019-10-21 03:40:30,508 INFO db.DBStoreBuilder: using custom profile for table: userTable
nm_1        | 2019-10-21 03:40:19 INFO  AsyncDispatcher:223 - Registering class org.apache.hadoop.yarn.server.nodemanager.NodeManagerEventType for class org.apache.hadoop.yarn.server.nodemanager.NodeManager
datanode_2  | 2019-10-21 03:40:21,579 INFO util.JvmPauseMonitor: Starting JVM pause monitor
scm_1       | 2019-10-21 03:40:23,738 WARN server.ServerUtils: ozone.scm.db.dirs is not configured. We recommend adding this setting. Falling back to ozone.metadata.dirs instead.
datanode_1  | 2019-10-21 03:40:24,485 INFO server.BaseHttpServer: HTTP server of HDDSDATANODE is listening at http://0.0.0.0:9882
rm_1        | 2019-10-21 03:40:18 INFO  AsyncDispatcher:223 - Registering class org.apache.hadoop.yarn.server.resourcemanager.rmapp.RMAppEventType for class org.apache.hadoop.yarn.server.resourcemanager.ResourceManager$ApplicationEventDispatcher
datanode_3  | WARNING: An illegal reflective access operation has occurred
om_1        | 2019-10-21 03:40:30,508 INFO db.DBStoreBuilder: Using default column profile:DBProfile.DISK for Table:userTable
nm_1        | 2019-10-21 03:40:20 INFO  FluentPropertyBeanIntrospector:147 - Error when creating PropertyDescriptor for public final void org.apache.commons.configuration2.AbstractConfiguration.setProperty(java.lang.String,java.lang.Object)! Ignoring this property.
datanode_2  | 2019-10-21 03:40:21,885 [Datanode State Machine Thread - 0] INFO       - DatanodeDetails is persisted to /data/metadata/datanode.id
datanode_1  | 2019-10-21 03:40:24,498 INFO util.JvmPauseMonitor: Starting JVM pause monitor
rm_1        | 2019-10-21 03:40:18 INFO  AsyncDispatcher:223 - Registering class org.apache.hadoop.yarn.server.resourcemanager.rmapp.attempt.RMAppAttemptEventType for class org.apache.hadoop.yarn.server.resourcemanager.ResourceManager$ApplicationAttemptEventDispatcher
scm_1       | 2019-10-21 03:40:23,915 INFO pipeline.SCMPipelineManager: No pipeline exists in current db
datanode_3  | WARNING: Illegal reflective access by org.apache.ratis.thirdparty.com.google.protobuf.UnsafeUtil (file:/opt/hadoop/share/ozone/lib/ratis-thirdparty-misc-0.2.0.jar) to field java.nio.Buffer.address
nm_1        | 2019-10-21 03:40:20 INFO  MetricsConfig:121 - loaded properties from hadoop-metrics2.properties
datanode_2  | 2019-10-21 03:40:24,706 INFO ipc.Client: Retrying connect to server: scm/172.18.0.8:9861. Already tried 0 time(s); retry policy is RetryUpToMaximumCountWithFixedSleep(maxRetries=2147483647, sleepTime=1000 MILLISECONDS)
datanode_1  | 2019-10-21 03:40:24,633 [Datanode State Machine Thread - 0] INFO       - DatanodeDetails is persisted to /data/metadata/datanode.id
om_1        | 2019-10-21 03:40:30,509 INFO db.DBStoreBuilder: using custom profile for table: volumeTable
rm_1        | 2019-10-21 03:40:18 INFO  AsyncDispatcher:223 - Registering class org.apache.hadoop.yarn.server.resourcemanager.rmnode.RMNodeEventType for class org.apache.hadoop.yarn.server.resourcemanager.ResourceManager$NodeEventDispatcher
scm_1       | 2019-10-21 03:40:23,917 WARN server.ServerUtils: ozone.scm.db.dirs is not configured. We recommend adding this setting. Falling back to ozone.metadata.dirs instead.
datanode_3  | WARNING: Please consider reporting this to the maintainers of org.apache.ratis.thirdparty.com.google.protobuf.UnsafeUtil
nm_1        | 2019-10-21 03:40:20 INFO  MetricsSystemImpl:374 - Scheduled Metric snapshot period at 10 second(s).
datanode_2  | 2019-10-21 03:40:25,454 [Datanode State Machine Thread - 0] INFO       - Attempting to start container services.
datanode_1  | 2019-10-21 03:40:26,701 [Datanode State Machine Thread - 0] INFO       - Attempting to start container services.
om_1        | 2019-10-21 03:40:30,509 INFO db.DBStoreBuilder: Using default column profile:DBProfile.DISK for Table:volumeTable
rm_1        | 2019-10-21 03:40:18 INFO  FluentPropertyBeanIntrospector:147 - Error when creating PropertyDescriptor for public final void org.apache.commons.configuration2.AbstractConfiguration.setProperty(java.lang.String,java.lang.Object)! Ignoring this property.
scm_1       | 2019-10-21 03:40:24,079 WARN events.EventQueue: No event handler registered for event TypedEvent{payloadType=SafeModeStatus, name='SafeModeStatus'}
datanode_3  | WARNING: Use --illegal-access=warn to enable warnings of further illegal reflective access operations
nm_1        | 2019-10-21 03:40:20 INFO  MetricsSystemImpl:191 - NodeManager metrics system started
datanode_2  | 2019-10-21 03:40:25,458 [Datanode State Machine Thread - 0] INFO       - Background container scanner has been disabled.
datanode_1  | 2019-10-21 03:40:26,705 [Datanode State Machine Thread - 0] INFO       - Background container scanner has been disabled.
om_1        | 2019-10-21 03:40:30,509 INFO db.DBStoreBuilder: using custom profile for table: bucketTable
rm_1        | 2019-10-21 03:40:18 INFO  MetricsConfig:121 - loaded properties from hadoop-metrics2.properties
scm_1       | 2019-10-21 03:40:24,606 INFO ipc.CallQueueManager: Using callQueue: class java.util.concurrent.LinkedBlockingQueue, queueCapacity: 1000, scheduler: class org.apache.hadoop.ipc.DefaultRpcScheduler, ipcBackoff: false.
datanode_3  | WARNING: All illegal access operations will be denied in a future release
nm_1        | 2019-10-21 03:40:20 INFO  DirectoryCollection:189 - Disk Validator: yarn.nodemanager.disk-validator is loaded.
datanode_2  | 2019-10-21 03:40:25,459 [Datanode State Machine Thread - 0] INFO       - Starting XceiverServerRatis 17bee16a-216a-430c-8034-27127234aa5d at port 9858
datanode_1  | 2019-10-21 03:40:26,705 [Datanode State Machine Thread - 0] INFO       - Starting XceiverServerRatis 8e3927ab-71c3-4580-a0c8-879aa9fbd366 at port 9858
om_1        | 2019-10-21 03:40:30,509 INFO db.DBStoreBuilder: Using default column profile:DBProfile.DISK for Table:bucketTable
rm_1        | 2019-10-21 03:40:19 INFO  MetricsSystemImpl:374 - Scheduled Metric snapshot period at 10 second(s).
scm_1       | 2019-10-21 03:40:24,627 INFO ipc.Server: Starting Socket Reader #1 for port 9861
datanode_3  | 2019-10-21 03:40:27,112 INFO impl.RaftServerProxy: e6646bb0-ed73-4a05-84e2-262a514fc12c: addNew group-1484630EF976:[e6646bb0-ed73-4a05-84e2-262a514fc12c:172.18.0.9:9858] returns group-1484630EF976:java.util.concurrent.CompletableFuture@faac861[Not completed]
nm_1        | 2019-10-21 03:40:20 INFO  DirectoryCollection:189 - Disk Validator: yarn.nodemanager.disk-validator is loaded.
datanode_2  | 2019-10-21 03:40:25,482 INFO impl.RaftServerProxy: 17bee16a-216a-430c-8034-27127234aa5d: start RPC server
datanode_1  | 2019-10-21 03:40:26,731 INFO impl.RaftServerProxy: 8e3927ab-71c3-4580-a0c8-879aa9fbd366: start RPC server
om_1        | 2019-10-21 03:40:30,510 INFO db.DBStoreBuilder: using custom profile for table: keyTable
rm_1        | 2019-10-21 03:40:19 INFO  MetricsSystemImpl:191 - ResourceManager metrics system started
scm_1       | 2019-10-21 03:40:24,651 INFO ipc.CallQueueManager: Using callQueue: class java.util.concurrent.LinkedBlockingQueue, queueCapacity: 1000, scheduler: class org.apache.hadoop.ipc.DefaultRpcScheduler, ipcBackoff: false.
datanode_3  | 2019-10-21 03:40:27,125 INFO impl.RaftServerImpl: e6646bb0-ed73-4a05-84e2-262a514fc12c: new RaftServerImpl for group-1484630EF976:[e6646bb0-ed73-4a05-84e2-262a514fc12c:172.18.0.9:9858] with ContainerStateMachine:uninitialized
datanode_2  | 2019-10-21 03:40:25,606 INFO server.GrpcService: 17bee16a-216a-430c-8034-27127234aa5d: GrpcService started, listening on 0.0.0.0/0.0.0.0:9858
nm_1        | 2019-10-21 03:40:20 INFO  NodeResourceMonitorImpl:75 -  Using ResourceCalculatorPlugin : org.apache.hadoop.yarn.util.ResourceCalculatorPlugin@59e2d8e3
datanode_1  | 2019-10-21 03:40:26,861 INFO server.GrpcService: 8e3927ab-71c3-4580-a0c8-879aa9fbd366: GrpcService started, listening on 0.0.0.0/0.0.0.0:9858
om_1        | 2019-10-21 03:40:30,510 INFO db.DBStoreBuilder: Using default column profile:DBProfile.DISK for Table:keyTable
rm_1        | 2019-10-21 03:40:19 INFO  YarnAuthorizationProvider:58 - org.apache.hadoop.yarn.security.ConfiguredYarnAuthorizer is instantiated.
scm_1       | 2019-10-21 03:40:24,652 INFO ipc.Server: Starting Socket Reader #1 for port 9863
datanode_3  | 2019-10-21 03:40:27,126 INFO server.RaftServerConfigKeys: raft.server.rpc.timeout.min = 5s (custom)
datanode_2  | WARNING: An illegal reflective access operation has occurred
nm_1        | 2019-10-21 03:40:20 INFO  AsyncDispatcher:223 - Registering class org.apache.hadoop.yarn.server.nodemanager.containermanager.loghandler.event.LogHandlerEventType for class org.apache.hadoop.yarn.server.nodemanager.containermanager.loghandler.NonAggregatingLogHandler
datanode_1  | WARNING: An illegal reflective access operation has occurred
om_1        | 2019-10-21 03:40:30,510 INFO db.DBStoreBuilder: using custom profile for table: deletedTable
rm_1        | 2019-10-21 03:40:19 INFO  AsyncDispatcher:223 - Registering class org.apache.hadoop.yarn.server.resourcemanager.RMAppManagerEventType for class org.apache.hadoop.yarn.server.resourcemanager.RMAppManager
scm_1       | 2019-10-21 03:40:24,660 INFO ipc.CallQueueManager: Using callQueue: class java.util.concurrent.LinkedBlockingQueue, queueCapacity: 1000, scheduler: class org.apache.hadoop.ipc.DefaultRpcScheduler, ipcBackoff: false.
datanode_3  | 2019-10-21 03:40:27,127 INFO server.RaftServerConfigKeys: raft.server.rpc.timeout.max = 5200ms (custom)
datanode_2  | WARNING: Illegal reflective access by org.apache.ratis.thirdparty.com.google.protobuf.UnsafeUtil (file:/opt/hadoop/share/ozone/lib/ratis-thirdparty-misc-0.2.0.jar) to field java.nio.Buffer.address
nm_1        | 2019-10-21 03:40:20 INFO  AsyncDispatcher:223 - Registering class org.apache.hadoop.yarn.server.nodemanager.containermanager.localizer.sharedcache.SharedCacheUploadEventType for class org.apache.hadoop.yarn.server.nodemanager.containermanager.localizer.sharedcache.SharedCacheUploadService
datanode_1  | WARNING: Illegal reflective access by org.apache.ratis.thirdparty.com.google.protobuf.UnsafeUtil (file:/opt/hadoop/share/ozone/lib/ratis-thirdparty-misc-0.2.0.jar) to field java.nio.Buffer.address
om_1        | 2019-10-21 03:40:30,510 INFO db.DBStoreBuilder: Using default column profile:DBProfile.DISK for Table:deletedTable
rm_1        | 2019-10-21 03:40:19 INFO  AsyncDispatcher:223 - Registering class org.apache.hadoop.yarn.server.resourcemanager.amlauncher.AMLauncherEventType for class org.apache.hadoop.yarn.server.resourcemanager.amlauncher.ApplicationMasterLauncher
scm_1       | 2019-10-21 03:40:24,661 INFO ipc.Server: Starting Socket Reader #1 for port 9860
datanode_3  | 2019-10-21 03:40:27,127 INFO server.RaftServerConfigKeys: raft.server.rpcslowness.timeout = 120s (custom)
datanode_2  | WARNING: Please consider reporting this to the maintainers of org.apache.ratis.thirdparty.com.google.protobuf.UnsafeUtil
nm_1        | 2019-10-21 03:40:20 INFO  ContainerManagerImpl:336 - AMRMProxyService is disabled
datanode_1  | WARNING: Please consider reporting this to the maintainers of org.apache.ratis.thirdparty.com.google.protobuf.UnsafeUtil
om_1        | 2019-10-21 03:40:30,511 INFO db.DBStoreBuilder: using custom profile for table: openKeyTable
rm_1        | 2019-10-21 03:40:19 INFO  RMNMInfo:63 - Registered RMNMInfo MBean
scm_1       | 2019-10-21 03:40:24,682 INFO hdfs.DFSUtil: Starting Web-server for scm at: http://0.0.0.0:9876
datanode_3  | 2019-10-21 03:40:27,127 INFO server.RaftServerConfigKeys: raft.server.sleep.deviation.threshold = 300 (default)
datanode_2  | WARNING: Use --illegal-access=warn to enable warnings of further illegal reflective access operations
datanode_1  | WARNING: Use --illegal-access=warn to enable warnings of further illegal reflective access operations
om_1        | 2019-10-21 03:40:30,511 INFO db.DBStoreBuilder: Using default column profile:DBProfile.DISK for Table:openKeyTable
nm_1        | 2019-10-21 03:40:20 INFO  ResourceLocalizationService:242 - per directory file limit = 8192
rm_1        | 2019-10-21 03:40:19 INFO  RMAppLifetimeMonitor:66 - Application lifelime monitor interval set to 3000 ms.
scm_1       | 2019-10-21 03:40:24,807 INFO server.AuthenticationFilter: Unable to initialize FileSignerSecretProvider, falling back to use random secrets.
datanode_3  | 2019-10-21 03:40:27,128 INFO server.RaftServerConfigKeys: raft.server.log.appender.install.snapshot.enabled = false (custom)
datanode_2  | WARNING: All illegal access operations will be denied in a future release
datanode_1  | WARNING: All illegal access operations will be denied in a future release
om_1        | 2019-10-21 03:40:30,511 INFO db.DBStoreBuilder: using custom profile for table: s3Table
nm_1        | 2019-10-21 03:40:20 INFO  ResourceLocalizationService:271 - Disk Validator: yarn.nodemanager.disk-validator is loaded.
rm_1        | 2019-10-21 03:40:19 INFO  HostsFileReader:211 - Refreshing hosts (include/exclude) list
scm_1       | 2019-10-21 03:40:24,820 INFO http.HttpRequestLog: Http request log for http.requests.scm is not defined
datanode_3  | 2019-10-21 03:40:27,133 INFO impl.RaftServerImpl: e6646bb0-ed73-4a05-84e2-262a514fc12c@group-1484630EF976: ConfigurationManager, init=-1: [e6646bb0-ed73-4a05-84e2-262a514fc12c:172.18.0.9:9858], old=null, confs=<EMPTY_MAP>
datanode_2  | 2019-10-21 03:40:26,463 INFO impl.RaftServerProxy: 17bee16a-216a-430c-8034-27127234aa5d: addNew group-776BB8DD3269:[17bee16a-216a-430c-8034-27127234aa5d:172.18.0.7:9858] returns group-776BB8DD3269:java.util.concurrent.CompletableFuture@4546847a[Not completed]
datanode_1  | 2019-10-21 03:40:28,846 INFO impl.RaftServerProxy: 8e3927ab-71c3-4580-a0c8-879aa9fbd366: addNew group-51F129732721:[8e3927ab-71c3-4580-a0c8-879aa9fbd366:172.18.0.6:9858] returns group-51F129732721:java.util.concurrent.CompletableFuture@7b4a0e9a[Not completed]
om_1        | 2019-10-21 03:40:30,511 INFO db.DBStoreBuilder: Using default column profile:DBProfile.DISK for Table:s3Table
nm_1        | 2019-10-21 03:40:20 INFO  AsyncDispatcher:223 - Registering class org.apache.hadoop.yarn.server.nodemanager.containermanager.localizer.event.LocalizerEventType for class org.apache.hadoop.yarn.server.nodemanager.containermanager.localizer.ResourceLocalizationService$LocalizerTracker
rm_1        | 2019-10-21 03:40:19 INFO  Configuration:2755 - found resource capacity-scheduler.xml at file:/opt/hadoop/etc/hadoop/capacity-scheduler.xml
scm_1       | 2019-10-21 03:40:24,827 INFO http.HttpServer2: Added global filter 'safety' (class=org.apache.hadoop.http.HttpServer2$QuotingInputFilter)
datanode_3  | 2019-10-21 03:40:27,133 INFO server.RaftServerConfigKeys: raft.server.storage.dir = [/data/metadata/ratis] (custom)
datanode_2  | 2019-10-21 03:40:26,479 INFO impl.RaftServerImpl: 17bee16a-216a-430c-8034-27127234aa5d: new RaftServerImpl for group-776BB8DD3269:[17bee16a-216a-430c-8034-27127234aa5d:172.18.0.7:9858] with ContainerStateMachine:uninitialized
datanode_1  | 2019-10-21 03:40:28,861 INFO impl.RaftServerImpl: 8e3927ab-71c3-4580-a0c8-879aa9fbd366: new RaftServerImpl for group-51F129732721:[8e3927ab-71c3-4580-a0c8-879aa9fbd366:172.18.0.6:9858] with ContainerStateMachine:uninitialized
om_1        | 2019-10-21 03:40:30,512 INFO db.DBStoreBuilder: using custom profile for table: multipartInfoTable
nm_1        | 2019-10-21 03:40:20 INFO  AuxServices:103 - Adding auxiliary service mapreduce_shuffle, "mapreduce_shuffle"
rm_1        | 2019-10-21 03:40:19 INFO  AbstractYarnScheduler:1371 - Minimum allocation = <memory:1024, vCores:1>
scm_1       | 2019-10-21 03:40:24,829 INFO http.HttpServer2: Added filter static_user_filter (class=org.apache.hadoop.http.lib.StaticUserWebFilter$StaticUserFilter) to context scm
datanode_3  | 2019-10-21 03:40:27,137 INFO server.RaftServerConfigKeys: raft.server.log.corruption.policy = EXCEPTION (default)
datanode_2  | 2019-10-21 03:40:26,480 INFO server.RaftServerConfigKeys: raft.server.rpc.timeout.min = 5s (custom)
datanode_1  | 2019-10-21 03:40:28,863 INFO server.RaftServerConfigKeys: raft.server.rpc.timeout.min = 5s (custom)
om_1        | 2019-10-21 03:40:30,512 INFO db.DBStoreBuilder: Using default column profile:DBProfile.DISK for Table:multipartInfoTable
nm_1        | 2019-10-21 03:40:20 INFO  ContainersMonitorImpl:130 -  Using ResourceCalculatorPlugin : org.apache.hadoop.yarn.util.ResourceCalculatorPlugin@6c2ed0cd
rm_1        | 2019-10-21 03:40:19 INFO  AbstractYarnScheduler:1383 - Maximum allocation = <memory:8192, vCores:4>
scm_1       | 2019-10-21 03:40:24,829 INFO http.HttpServer2: Added filter static_user_filter (class=org.apache.hadoop.http.lib.StaticUserWebFilter$StaticUserFilter) to context static
datanode_3  | 2019-10-21 03:40:27,138 INFO storage.RaftStorageDirectory: The storage directory /data/metadata/ratis/22d758aa-0be3-4188-a021-1484630ef976 does not exist. Creating ...
datanode_2  | 2019-10-21 03:40:26,481 INFO server.RaftServerConfigKeys: raft.server.rpc.timeout.max = 5200ms (custom)
datanode_1  | 2019-10-21 03:40:28,863 INFO server.RaftServerConfigKeys: raft.server.rpc.timeout.max = 5200ms (custom)
om_1        | 2019-10-21 03:40:30,512 INFO db.DBStoreBuilder: using custom profile for table: dTokenTable
nm_1        | 2019-10-21 03:40:20 INFO  ContainersMonitorImpl:135 -  Using ResourceCalculatorProcessTree : null
rm_1        | 2019-10-21 03:40:19 INFO  CapacitySchedulerConfiguration:912 - max alloc mb per queue for root is undefined
scm_1       | 2019-10-21 03:40:24,829 INFO http.HttpServer2: Added filter static_user_filter (class=org.apache.hadoop.http.lib.StaticUserWebFilter$StaticUserFilter) to context logs
datanode_1  | 2019-10-21 03:40:28,863 INFO server.RaftServerConfigKeys: raft.server.rpcslowness.timeout = 120s (custom)
om_1        | 2019-10-21 03:40:30,512 INFO db.DBStoreBuilder: Using default column profile:DBProfile.DISK for Table:dTokenTable
nm_1        | 2019-10-21 03:40:20 INFO  ContainersMonitorImpl:176 - Physical memory check enabled: false
datanode_2  | 2019-10-21 03:40:26,481 INFO server.RaftServerConfigKeys: raft.server.rpcslowness.timeout = 120s (custom)
rm_1        | 2019-10-21 03:40:19 INFO  CapacitySchedulerConfiguration:916 - max alloc vcore per queue for root is undefined
scm_1       | 2019-10-21 03:40:24,850 INFO server.StorageContainerManager: StorageContainerLocationProtocol RPC server is listening at /0.0.0.0:9860
datanode_1  | 2019-10-21 03:40:28,864 INFO server.RaftServerConfigKeys: raft.server.sleep.deviation.threshold = 300 (default)
om_1        | 2019-10-21 03:40:30,512 INFO db.DBStoreBuilder: using custom profile for table: s3SecretTable
nm_1        | 2019-10-21 03:40:20 INFO  ContainersMonitorImpl:177 - Virtual memory check enabled: false
rm_1        | 2019-10-21 03:40:19 INFO  ParentQueue:151 - root, capacity=1.0, absoluteCapacity=1.0, maxCapacity=1.0, absoluteMaxCapacity=1.0, state=RUNNING, acls=ADMINISTER_QUEUE:*SUBMIT_APP:*, labels=*,
scm_1       | 2019-10-21 03:40:24,913 INFO impl.MetricsConfig: Loaded properties from hadoop-metrics2.properties
datanode_1  | 2019-10-21 03:40:28,864 INFO server.RaftServerConfigKeys: raft.server.log.appender.install.snapshot.enabled = false (custom)
datanode_3  | 2019-10-21 03:40:27,196 INFO storage.RaftStorageDirectory: Lock on /data/metadata/ratis/22d758aa-0be3-4188-a021-1484630ef976/in_use.lock acquired by nodename 7@53fa80262aea
datanode_2  | 2019-10-21 03:40:26,482 INFO server.RaftServerConfigKeys: raft.server.sleep.deviation.threshold = 300 (default)
om_1        | 2019-10-21 03:40:30,512 INFO db.DBStoreBuilder: Using default column profile:DBProfile.DISK for Table:s3SecretTable
nm_1        | 2019-10-21 03:40:20 INFO  ContainersMonitorImpl:181 - ContainersMonitor enabled: true
rm_1        | , reservationsContinueLooking=true, orderingPolicy=utilization, priority=0
scm_1       | 2019-10-21 03:40:24,947 INFO impl.MetricsSystemImpl: Scheduled Metric snapshot period at 10 second(s).
datanode_1  | 2019-10-21 03:40:28,871 INFO impl.RaftServerImpl: 8e3927ab-71c3-4580-a0c8-879aa9fbd366@group-51F129732721: ConfigurationManager, init=-1: [8e3927ab-71c3-4580-a0c8-879aa9fbd366:172.18.0.6:9858], old=null, confs=<EMPTY_MAP>
datanode_3  | 2019-10-21 03:40:27,264 INFO storage.RaftStorage: Storage directory /data/metadata/ratis/22d758aa-0be3-4188-a021-1484630ef976 has been successfully formatted.
datanode_2  | 2019-10-21 03:40:26,482 INFO server.RaftServerConfigKeys: raft.server.log.appender.install.snapshot.enabled = false (custom)
om_1        | 2019-10-21 03:40:30,513 INFO db.DBStoreBuilder: using custom profile for table: prefixTable
nm_1        | 2019-10-21 03:40:20 INFO  ContainerManagerImpl:394 - Not a recoverable state store. Nothing to recover.
rm_1        | 2019-10-21 03:40:19 INFO  ParentQueue:114 - Initialized parent-queue root name=root, fullname=root
scm_1       | 2019-10-21 03:40:24,948 INFO impl.MetricsSystemImpl: StorageContainerManager metrics system started
datanode_1  | 2019-10-21 03:40:28,872 INFO server.RaftServerConfigKeys: raft.server.storage.dir = [/data/metadata/ratis] (custom)
datanode_3  | 2019-10-21 03:40:27,270 [pool-8-thread-1] INFO       - group-1484630EF976: The snapshot info is null. Setting the last applied indexto:(t:0, i:~)
datanode_2  | 2019-10-21 03:40:26,488 INFO impl.RaftServerImpl: 17bee16a-216a-430c-8034-27127234aa5d@group-776BB8DD3269: ConfigurationManager, init=-1: [17bee16a-216a-430c-8034-27127234aa5d:172.18.0.7:9858], old=null, confs=<EMPTY_MAP>
om_1        | 2019-10-21 03:40:30,513 INFO db.DBStoreBuilder: Using default column profile:DBProfile.DISK for Table:prefixTable
nm_1        | 2019-10-21 03:40:20 INFO  Configuration:2752 - resource-types.xml not found
rm_1        | 2019-10-21 03:40:19 INFO  CapacitySchedulerConfiguration:912 - max alloc mb per queue for root.default is undefined
scm_1       | 2019-10-21 03:40:25,148 INFO server.SCMClientProtocolServer: RPC server for Client  is listening at /0.0.0.0:9860
datanode_1  | 2019-10-21 03:40:28,877 INFO server.RaftServerConfigKeys: raft.server.log.corruption.policy = EXCEPTION (default)
datanode_3  | 2019-10-21 03:40:27,271 INFO server.RaftServerConfigKeys: raft.server.notification.no-leader.timeout = 120s (custom)
datanode_2  | 2019-10-21 03:40:26,488 INFO server.RaftServerConfigKeys: raft.server.storage.dir = [/data/metadata/ratis] (custom)
om_1        | 2019-10-21 03:40:30,522 INFO db.DBStoreBuilder: using custom profile for table: default
nm_1        | 2019-10-21 03:40:20 INFO  ResourceUtils:418 - Unable to find 'resource-types.xml'.
rm_1        | 2019-10-21 03:40:19 INFO  CapacitySchedulerConfiguration:916 - max alloc vcore per queue for root.default is undefined
scm_1       | 2019-10-21 03:40:25,148 INFO ipc.Server: IPC Server Responder: starting
datanode_1  | 2019-10-21 03:40:28,878 INFO storage.RaftStorageDirectory: The storage directory /data/metadata/ratis/64c4b55f-c520-41f5-a3ad-51f129732721 does not exist. Creating ...
datanode_3  | 2019-10-21 03:40:27,274 INFO server.RaftServerConfigKeys: raft.server.log.use.memory = false (default)
datanode_2  | 2019-10-21 03:40:26,493 INFO server.RaftServerConfigKeys: raft.server.log.corruption.policy = EXCEPTION (default)
om_1        | 2019-10-21 03:40:30,522 INFO db.DBStoreBuilder: Using default column profile:DBProfile.DISK for Table:default
nm_1        | 2019-10-21 03:40:20 INFO  Configuration:2752 - node-resources.xml not found
rm_1        | 2019-10-21 03:40:19 INFO  LeafQueue:289 - Initializing default
datanode_1  | 2019-10-21 03:40:28,915 INFO storage.RaftStorageDirectory: Lock on /data/metadata/ratis/64c4b55f-c520-41f5-a3ad-51f129732721/in_use.lock acquired by nodename 7@d05be1d23ec5
scm_1       | 2019-10-21 03:40:25,148 INFO ipc.Server: IPC Server listener on 9860: starting
datanode_3  | 2019-10-21 03:40:27,279 INFO server.RaftServerConfigKeys: raft.server.log.purge.gap = 1000000 (custom)
datanode_2  | 2019-10-21 03:40:26,494 INFO storage.RaftStorageDirectory: The storage directory /data/metadata/ratis/57ffc7ee-41ba-4056-b346-776bb8dd3269 does not exist. Creating ...
om_1        | 2019-10-21 03:40:30,523 INFO db.DBStoreBuilder: Using default options. DBProfile.DISK
nm_1        | 2019-10-21 03:40:20 INFO  ResourceUtils:418 - Unable to find 'node-resources.xml'.
rm_1        | capacity = 1.0 [= (float) configuredCapacity / 100 ]
scm_1       | 2019-10-21 03:40:25,152 INFO server.StorageContainerManager: ScmBlockLocationProtocol RPC server is listening at /0.0.0.0:9863
datanode_3  | 2019-10-21 03:40:27,279 INFO server.RaftServerConfigKeys: raft.server.log.appender.buffer.byte-limit = 33554432 (custom)
datanode_2  | 2019-10-21 03:40:26,567 INFO storage.RaftStorageDirectory: Lock on /data/metadata/ratis/57ffc7ee-41ba-4056-b346-776bb8dd3269/in_use.lock acquired by nodename 8@2feef1917381
om_1        | 2019-10-21 03:40:32,274 INFO ipc.CallQueueManager: Using callQueue: class java.util.concurrent.LinkedBlockingQueue, queueCapacity: 2000, scheduler: class org.apache.hadoop.ipc.DefaultRpcScheduler, ipcBackoff: false.
nm_1        | 2019-10-21 03:40:20 INFO  NodeStatusUpdaterImpl:192 - Nodemanager resources is set to: <memory:8192, vCores:8>
rm_1        | absoluteCapacity = 1.0 [= parentAbsoluteCapacity * capacity ]
scm_1       | 2019-10-21 03:40:25,153 INFO server.SCMBlockProtocolServer: RPC server for Block Protocol is listening at /0.0.0.0:9863
datanode_1  | 2019-10-21 03:40:28,948 INFO storage.RaftStorage: Storage directory /data/metadata/ratis/64c4b55f-c520-41f5-a3ad-51f129732721 has been successfully formatted.
datanode_3  | 2019-10-21 03:40:27,282 INFO server.RaftServerConfigKeys: raft.server.log.segment.size.max = 1048576 (custom)
om_1        | 2019-10-21 03:40:32,285 INFO ipc.Server: Starting Socket Reader #1 for port 9862
rm_1        | maxCapacity = 1.0 [= configuredMaxCapacity ]
scm_1       | 2019-10-21 03:40:25,154 INFO ipc.Server: IPC Server Responder: starting
datanode_2  | 2019-10-21 03:40:26,632 INFO storage.RaftStorage: Storage directory /data/metadata/ratis/57ffc7ee-41ba-4056-b346-776bb8dd3269 has been successfully formatted.
datanode_3  | 2019-10-21 03:40:27,286 WARN impl.MetricsSystemImpl: HddsDatanode metrics system already initialized!
nm_1        | 2019-10-21 03:40:20 INFO  NodeStatusUpdaterImpl:236 - Initialized nodemanager with : physical-memory=8192 virtual-memory=17204 virtual-cores=8
nm_1        | 2019-10-21 03:40:20 INFO  CallQueueManager:84 - Using callQueue: class java.util.concurrent.LinkedBlockingQueue queueCapacity: 2000 scheduler: class org.apache.hadoop.ipc.DefaultRpcScheduler
rm_1        | absoluteMaxCapacity = 1.0 [= 1.0 maximumCapacity undefined, (parentAbsoluteMaxCapacity * maximumCapacity) / 100 otherwise ]
datanode_1  | 2019-10-21 03:40:28,954 [pool-8-thread-1] INFO       - group-51F129732721: The snapshot info is null. Setting the last applied indexto:(t:0, i:~)
scm_1       | 2019-10-21 03:40:25,154 INFO ipc.Server: IPC Server listener on 9863: starting
datanode_2  | 2019-10-21 03:40:26,636 [pool-8-thread-1] INFO       - group-776BB8DD3269: The snapshot info is null. Setting the last applied indexto:(t:0, i:~)
nm_1        | 2019-10-21 03:40:20 INFO  Server:1070 - Starting Socket Reader #1 for port 38276
om_1        | 2019-10-21 03:40:32,321 [main] INFO       - OzoneManager RPC server is listening at om/172.18.0.2:9862
rm_1        | effectiveMinResource=<memory:0, vCores:0>
scm_1       | 2019-10-21 03:40:25,157 INFO server.StorageContainerManager: ScmDatanodeProtocl RPC server is listening at /0.0.0.0:9861
datanode_1  | 2019-10-21 03:40:28,954 INFO server.RaftServerConfigKeys: raft.server.notification.no-leader.timeout = 120s (custom)
datanode_2  | 2019-10-21 03:40:26,637 INFO server.RaftServerConfigKeys: raft.server.notification.no-leader.timeout = 120s (custom)
nm_1        | 2019-10-21 03:40:21 INFO  RpcServerFactoryPBImpl:173 - Adding protocol org.apache.hadoop.yarn.api.ContainerManagementProtocolPB to the server
om_1        | 2019-10-21 03:40:32,394 INFO impl.MetricsConfig: Loaded properties from hadoop-metrics2.properties
rm_1        |  , effectiveMaxResource=<memory:0, vCores:0>
scm_1       | 2019-10-21 03:40:25,157 INFO server.SCMDatanodeProtocolServer: RPC server for DataNodes is listening at /0.0.0.0:9861
datanode_2  | 2019-10-21 03:40:26,640 INFO server.RaftServerConfigKeys: raft.server.log.use.memory = false (default)
datanode_1  | 2019-10-21 03:40:28,957 INFO server.RaftServerConfigKeys: raft.server.log.use.memory = false (default)
datanode_3  | 2019-10-21 03:40:27,291 INFO metrics.MetricRegistries: Loaded MetricRegistries class org.apache.ratis.metrics.impl.MetricRegistriesImpl
nm_1        | 2019-10-21 03:40:21 INFO  Server:1310 - IPC Server Responder: starting
om_1        | 2019-10-21 03:40:32,436 INFO impl.MetricsSystemImpl: Scheduled Metric snapshot period at 10 second(s).
rm_1        | userLimit = 100 [= configuredUserLimit ]
scm_1       | 2019-10-21 03:40:25,158 INFO ipc.Server: IPC Server Responder: starting
datanode_2  | 2019-10-21 03:40:26,643 INFO server.RaftServerConfigKeys: raft.server.log.purge.gap = 1000000 (custom)
datanode_1  | 2019-10-21 03:40:28,962 INFO server.RaftServerConfigKeys: raft.server.log.purge.gap = 1000000 (custom)
datanode_3  | 2019-10-21 03:40:27,326 INFO server.RaftServerConfigKeys: raft.server.log.segment.cache.num.max = 2 (custom)
nm_1        | 2019-10-21 03:40:21 INFO  Server:1149 - IPC Server listener on 38276: starting
om_1        | 2019-10-21 03:40:32,436 INFO impl.MetricsSystemImpl: OzoneManager metrics system started
scm_1       | 2019-10-21 03:40:25,158 INFO ipc.Server: IPC Server listener on 9861: starting
rm_1        | userLimitFactor = 1.0 [= configuredUserLimitFactor ]
datanode_2  | 2019-10-21 03:40:26,643 INFO server.RaftServerConfigKeys: raft.server.log.appender.buffer.byte-limit = 33554432 (custom)
datanode_3  | 2019-10-21 03:40:27,332 INFO segmented.SegmentedRaftLogWorker: new e6646bb0-ed73-4a05-84e2-262a514fc12c@group-1484630EF976-SegmentedRaftLogWorker for RaftStorage:Storage Directory /data/metadata/ratis/22d758aa-0be3-4188-a021-1484630ef976
nm_1        | 2019-10-21 03:40:21 INFO  NMContainerTokenSecretManager:265 - Updating node address : nm:38276
om_1        | 2019-10-21 03:40:32,475 INFO ipc.Server: IPC Server Responder: starting
scm_1       | 2019-10-21 03:40:25,164 INFO http.HttpServer2: Jetty bound to port 9876
rm_1        | maxApplications = 10000 [= configuredMaximumSystemApplicationsPerQueue or (int)(configuredMaximumSystemApplications * absoluteCapacity)]
datanode_1  | 2019-10-21 03:40:28,962 INFO server.RaftServerConfigKeys: raft.server.log.appender.buffer.byte-limit = 33554432 (custom)
