om_1        | STARTUP_MSG:   classpath = /etc/hadoop:/opt/hadoop/share/hadoop/common/*:/opt/hadoop/share/ozone/lib/ratis-common-0.5.0-201fc85-SNAPSHOT.jar:/opt/hadoop/share/ozone/lib/ratis-grpc-0.5.0-201fc85-SNAPSHOT.jar:/opt/hadoop/share/ozone/lib/kerb-simplekdc-1.0.1.jar:/opt/hadoop/share/ozone/lib/protobuf-java-2.5.0.jar:/opt/hadoop/share/ozone/lib/bcpkix-jdk15on-1.60.jar:/opt/hadoop/share/ozone/lib/sqlite-jdbc-3.25.2.jar:/opt/hadoop/share/ozone/lib/netty-3.10.5.Final.jar:/opt/hadoop/share/ozone/lib/commons-validator-1.6.jar:/opt/hadoop/share/ozone/lib/jaxb-impl-2.3.0.1.jar:/opt/hadoop/share/ozone/lib/kerb-core-1.0.1.jar:/opt/hadoop/share/ozone/lib/hadoop-ozone-common-0.5.0-SNAPSHOT.jar:/opt/hadoop/share/ozone/lib/ratis-thirdparty-misc-0.2.0.jar:/opt/hadoop/share/ozone/lib/jsr305-3.0.0.jar:/opt/hadoop/share/ozone/lib/leveldbjni-all-1.8.jar:/opt/hadoop/share/ozone/lib/ratis-proto-0.5.0-201fc85-SNAPSHOT.jar:/opt/hadoop/share/ozone/lib/htrace-core4-4.1.0-incubating.jar:/opt/hadoop/share/ozone/lib/hadoop-annotations-3.2.0.jar:/opt/hadoop/share/ozone/lib/hadoop-hdds-tools-0.5.0-SNAPSHOT.jar:/opt/hadoop/share/ozone/lib/kerb-util-1.0.1.jar:/opt/hadoop/share/ozone/lib/dropwizard-metrics-hadoop-metrics2-reporter-0.1.2.jar:/opt/hadoop/share/ozone/lib/jackson-jaxrs-1.9.13.jar:/opt/hadoop/share/ozone/lib/ratis-metrics-0.5.0-201fc85-SNAPSHOT.jar:/opt/hadoop/share/ozone/lib/kerby-xdr-1.0.1.jar:/opt/hadoop/share/ozone/lib/jetty-webapp-9.3.25.v20180904.jar:/opt/hadoop/share/ozone/lib/jackson-core-asl-1.9.13.jar:/opt/hadoop/share/ozone/lib/commons-net-3.6.jar:/opt/hadoop/share/ozone/lib/log4j-api-2.11.0.jar:/opt/hadoop/share/ozone/lib/netty-all-4.0.52.Final.jar:/opt/hadoop/share/ozone/lib/hadoop-hdfs-3.2.0.jar:/opt/hadoop/share/ozone/lib/jline-0.9.94.jar:/opt/hadoop/share/ozone/lib/opentracing-api-0.31.0.jar:/opt/hadoop/share/ozone/lib/hadoop-hdds-server-framework-0.5.0-SNAPSHOT.jar:/opt/hadoop/share/ozone/lib/slf4j-log4j12-1.7.25.jar:/opt/hadoop/share/ozone/lib/hadoop-hdfs-client-3.2.0.jar:/opt/hadoop/share/ozone/lib/kerby-config-1.0.1.jar:/opt/hadoop/share/ozone/lib/jetty-util-9.3.25.v20180904.jar:/opt/hadoop/share/ozone/lib/metrics-ganglia-3.2.5.jar:/opt/hadoop/share/ozone/lib/libthrift-0.12.0.jar:/opt/hadoop/share/ozone/lib/metrics-core-3.2.4.jar:/opt/hadoop/share/ozone/lib/kerby-pkix-1.0.1.jar:/opt/hadoop/share/ozone/lib/xz-1.0.jar:/opt/hadoop/share/ozone/lib/hadoop-hdds-config-0.5.0-SNAPSHOT.jar:/opt/hadoop/share/ozone/lib/nimbus-jose-jwt-4.41.1.jar:/opt/hadoop/share/ozone/lib/jsr311-api-1.1.1.jar:/opt/hadoop/share/ozone/lib/commons-beanutils-1.9.4.jar:/opt/hadoop/share/ozone/lib/javax.servlet-api-3.1.0.jar:/opt/hadoop/share/ozone/lib/kerb-server-1.0.1.jar:/opt/hadoop/share/ozone/lib/zookeeper-3.4.13.jar:/opt/hadoop/share/ozone/lib/avro-1.7.7.jar:/opt/hadoop/share/ozone/lib/kerb-client-1.0.1.jar:/opt/hadoop/share/ozone/lib/jackson-xc-1.9.13.jar:/opt/hadoop/share/ozone/lib/disruptor-3.4.2.jar:/opt/hadoop/share/ozone/lib/guava-11.0.2.jar:/opt/hadoop/share/ozone/lib/hadoop-hdds-common-0.5.0-SNAPSHOT.jar:/opt/hadoop/share/ozone/lib/curator-framework-2.12.0.jar:/opt/hadoop/share/ozone/lib/dnsjava-2.1.7.jar:/opt/hadoop/share/ozone/lib/ratis-client-0.5.0-201fc85-SNAPSHOT.jar:/opt/hadoop/share/ozone/lib/commons-configuration2-2.1.1.jar:/opt/hadoop/share/ozone/lib/json-smart-2.3.jar:/opt/hadoop/share/ozone/lib/token-provider-1.0.1.jar:/opt/hadoop/share/ozone/lib/log4j-1.2.17.jar:/opt/hadoop/share/ozone/lib/commons-daemon-1.0.13.jar:/opt/hadoop/share/ozone/lib/bcprov-jdk15on-1.60.jar:/opt/hadoop/share/ozone/lib/commons-lang3-3.7.jar:/opt/hadoop/share/ozone/lib/commons-compress-1.4.1.jar:/opt/hadoop/share/ozone/lib/jaeger-client-0.34.0.jar:/opt/hadoop/share/ozone/lib/jetty-server-9.3.25.v20180904.jar:/opt/hadoop/share/ozone/lib/accessors-smart-1.2.jar:/opt/hadoop/share/ozone/lib/re2j-1.1.jar:/opt/hadoop/share/ozone/lib/curator-recipes-2.12.0.jar:/opt/hadoop/share/ozone/lib/jackson-core-2.9.9.jar:/opt/hadoop/share/ozone/lib/commons-math3-3.1.1.jar:/opt/hadoop/share/ozone/lib/gmetric4j-1.0.7.jar:/opt/hadoop/share/ozone/lib/opentracing-noop-0.31.0.jar:/opt/hadoop/share/ozone/lib/httpclient-4.5.2.jar:/opt/hadoop/share/ozone/lib/jaeger-core-0.34.0.jar:/opt/hadoop/share/ozone/lib/asm-5.0.4.jar:/opt/hadoop/share/ozone/lib/curator-client-2.12.0.jar:/opt/hadoop/share/ozone/lib/audience-annotations-0.5.0.jar:/opt/hadoop/share/ozone/lib/kerby-util-1.0.1.jar:/opt/hadoop/share/ozone/lib/jackson-mapper-asl-1.9.13.jar:/opt/hadoop/share/ozone/lib/rocksdbjni-6.0.1.jar:/opt/hadoop/share/ozone/lib/jsp-api-2.1.jar:/opt/hadoop/share/ozone/lib/jsch-0.1.54.jar:/opt/hadoop/share/ozone/lib/opentracing-tracerresolver-0.1.5.jar:/opt/hadoop/share/ozone/lib/paranamer-2.3.jar:/opt/hadoop/share/ozone/lib/log4j-core-2.11.0.jar:/opt/hadoop/share/ozone/lib/jetty-io-9.3.25.v20180904.jar:/opt/hadoop/share/ozone/lib/jetty-xml-9.3.25.v20180904.jar:/opt/hadoop/share/ozone/lib/commons-codec-1.11.jar:/opt/hadoop/share/ozone/lib/commons-pool2-2.6.0.jar:/opt/hadoop/share/ozone/lib/gson-2.2.4.jar:/opt/hadoop/share/ozone/lib/jcip-annotations-1.0-1.jar:/opt/hadoop/share/ozone/lib/kerb-admin-1.0.1.jar:/opt/hadoop/share/ozone/lib/okio-1.13.0.jar:/opt/hadoop/share/ozone/lib/commons-io-2.5.jar:/opt/hadoop/share/ozone/lib/snakeyaml-1.16.jar:/opt/hadoop/share/ozone/lib/hadoop-ozone-client-0.5.0-SNAPSHOT.jar:/opt/hadoop/share/ozone/lib/ratis-netty-0.5.0-201fc85-SNAPSHOT.jar:/opt/hadoop/share/ozone/lib/jersey-core-1.19.jar:/opt/hadoop/share/ozone/lib/jackson-databind-2.9.9.jar:/opt/hadoop/share/ozone/lib/hadoop-hdds-container-service-0.5.0-SNAPSHOT.jar:/opt/hadoop/share/ozone/lib/picocli-3.9.6.jar:/opt/hadoop/share/ozone/lib/jaeger-thrift-0.34.0.jar:/opt/hadoop/share/ozone/lib/jackson-annotations-2.9.9.jar:/opt/hadoop/share/ozone/lib/commons-cli-1.2.jar:/opt/hadoop/share/ozone/lib/hadoop-hdds-docs-0.5.0-SNAPSHOT.jar:/opt/hadoop/share/ozone/lib/woodstox-core-5.0.3.jar:/opt/hadoop/share/ozone/lib/javax.annotation-api-1.2.jar:/opt/hadoop/share/ozone/lib/snappy-java-1.0.5.jar:/opt/hadoop/share/ozone/lib/jaeger-tracerresolver-0.34.0.jar:/opt/hadoop/share/ozone/lib/jetty-security-9.3.25.v20180904.jar:/opt/hadoop/share/ozone/lib/jetty-http-9.3.25.v20180904.jar:/opt/hadoop/share/ozone/lib/kerby-asn1-1.0.1.jar:/opt/hadoop/share/ozone/lib/okhttp-3.9.0.jar:/opt/hadoop/share/ozone/lib/ratis-server-0.5.0-201fc85-SNAPSHOT.jar:/opt/hadoop/share/ozone/lib/stax2-api-3.1.4.jar:/opt/hadoop/share/ozone/lib/commons-digester-1.8.1.jar:/opt/hadoop/share/ozone/lib/commons-collections-3.2.2.jar:/opt/hadoop/share/ozone/lib/jettison-1.1.jar:/opt/hadoop/share/ozone/lib/commons-text-1.4.jar:/opt/hadoop/share/ozone/lib/jersey-servlet-1.19.jar:/opt/hadoop/share/ozone/lib/jersey-json-1.19.jar:/opt/hadoop/share/ozone/lib/slf4j-api-1.7.25.jar:/opt/hadoop/share/ozone/lib/jetty-util-ajax-9.3.25.v20180904.jar:/opt/hadoop/share/ozone/lib/commons-logging-1.1.3.jar:/opt/hadoop/share/ozone/lib/hadoop-hdds-client-0.5.0-SNAPSHOT.jar:/opt/hadoop/share/ozone/lib/kerb-identity-1.0.1.jar:/opt/hadoop/share/ozone/lib/opentracing-util-0.31.0.jar:/opt/hadoop/share/ozone/lib/hadoop-common-3.2.0.jar:/opt/hadoop/share/ozone/lib/hadoop-auth-3.2.0.jar:/opt/hadoop/share/ozone/lib/kerb-common-1.0.1.jar:/opt/hadoop/share/ozone/lib/jetty-servlet-9.3.25.v20180904.jar:/opt/hadoop/share/ozone/lib/jersey-server-1.19.jar:/opt/hadoop/share/ozone/lib/kerb-crypto-1.0.1.jar:/opt/hadoop/share/ozone/lib/httpcore-4.4.4.jar:/opt/hadoop/share/ozone/lib/metrics-jvm-3.2.5.jar:/opt/hadoop/share/ozone/web:/opt/hadoop/share/ozone/lib/hadoop-ozone-ozone-manager-0.5.0-SNAPSHOT.jar
nm_1        | 2019-10-14 09:29:46 INFO  NodeManager:322 - Node Manager health check script is not available or doesn't have execute permission, so not starting the node health script runner.
datanode_2  | 2019-10-14 09:29:48,453 INFO util.log: Logging initialized @3619ms
rm_1        | 2019-10-14 09:29:45 INFO  Configuration:2752 - resource-types.xml not found
datanode_1  | 2019-10-14 09:29:48,805 INFO http.HttpServer2: Added filter static_user_filter (class=org.apache.hadoop.http.lib.StaticUserWebFilter$StaticUserFilter) to context hddsDatanode
scm_1       | 2019-10-14 09:29:49,217 INFO db.DBStoreBuilder: using custom profile for table: deletedBlocks
datanode_3  | 2019-10-14 09:29:48,499 INFO server.AuthenticationFilter: Unable to initialize FileSignerSecretProvider, falling back to use random secrets.
nm_1        | 2019-10-14 09:29:46 INFO  AsyncDispatcher:223 - Registering class org.apache.hadoop.yarn.server.nodemanager.containermanager.container.ContainerEventType for class org.apache.hadoop.yarn.server.nodemanager.containermanager.ContainerManagerImpl$ContainerEventDispatcher
om_1        | STARTUP_MSG:   build = https://github.com/apache/hadoop.git -r e97acb3bd8f3befd27418996fa5d4b50bf2e17bf; compiled by 'sunilg' on 2019-01-15T17:34Z
datanode_2  | 2019-10-14 09:29:48,658 INFO server.AuthenticationFilter: Unable to initialize FileSignerSecretProvider, falling back to use random secrets.
rm_1        | 2019-10-14 09:29:45 INFO  ResourceUtils:418 - Unable to find 'resource-types.xml'.
datanode_1  | 2019-10-14 09:29:48,805 INFO http.HttpServer2: Added filter static_user_filter (class=org.apache.hadoop.http.lib.StaticUserWebFilter$StaticUserFilter) to context static
scm_1       | 2019-10-14 09:29:49,217 INFO db.DBStoreBuilder: Using default column profile:DBProfile.DISK for Table:deletedBlocks
datanode_3  | 2019-10-14 09:29:48,503 INFO http.HttpRequestLog: Http request log for http.requests.hddsDatanode is not defined
nm_1        | 2019-10-14 09:29:46 INFO  AsyncDispatcher:223 - Registering class org.apache.hadoop.yarn.server.nodemanager.containermanager.application.ApplicationEventType for class org.apache.hadoop.yarn.server.nodemanager.containermanager.ContainerManagerImpl$ApplicationEventDispatcher
om_1        | STARTUP_MSG:   java = 11.0.3
datanode_2  | 2019-10-14 09:29:48,665 INFO http.HttpRequestLog: Http request log for http.requests.hddsDatanode is not defined
rm_1        | 2019-10-14 09:29:45 INFO  Configuration:2755 - found resource yarn-site.xml at file:/opt/hadoop/etc/hadoop/yarn-site.xml
datanode_1  | 2019-10-14 09:29:48,805 INFO http.HttpServer2: Added filter static_user_filter (class=org.apache.hadoop.http.lib.StaticUserWebFilter$StaticUserFilter) to context logs
scm_1       | 2019-10-14 09:29:49,217 INFO db.DBStoreBuilder: using custom profile for table: validCerts
datanode_3  | 2019-10-14 09:29:48,513 INFO http.HttpServer2: Added global filter 'safety' (class=org.apache.hadoop.http.HttpServer2$QuotingInputFilter)
nm_1        | 2019-10-14 09:29:46 INFO  AsyncDispatcher:223 - Registering class org.apache.hadoop.yarn.server.nodemanager.containermanager.localizer.event.LocalizationEventType for class org.apache.hadoop.yarn.server.nodemanager.containermanager.ContainerManagerImpl$LocalizationEventHandlerWrapper
om_1        | ************************************************************/
datanode_2  | 2019-10-14 09:29:48,680 INFO http.HttpServer2: Added global filter 'safety' (class=org.apache.hadoop.http.HttpServer2$QuotingInputFilter)
rm_1        | 2019-10-14 09:29:45 INFO  AsyncDispatcher:223 - Registering class org.apache.hadoop.yarn.server.resourcemanager.RMFatalEventType for class org.apache.hadoop.yarn.server.resourcemanager.ResourceManager$RMFatalEventDispatcher
datanode_1  | 2019-10-14 09:29:48,884 INFO http.HttpServer2: Jetty bound to port 9882
scm_1       | 2019-10-14 09:29:49,217 INFO db.DBStoreBuilder: Using default column profile:DBProfile.DISK for Table:validCerts
datanode_3  | 2019-10-14 09:29:48,515 INFO http.HttpServer2: Added filter static_user_filter (class=org.apache.hadoop.http.lib.StaticUserWebFilter$StaticUserFilter) to context hddsDatanode
nm_1        | 2019-10-14 09:29:46 INFO  AsyncDispatcher:223 - Registering class org.apache.hadoop.yarn.server.nodemanager.containermanager.AuxServicesEventType for class org.apache.hadoop.yarn.server.nodemanager.containermanager.AuxServices
om_1        | 2019-10-14 09:29:55,239 [main] INFO       - registered UNIX signal handlers for [TERM, HUP, INT]
datanode_2  | 2019-10-14 09:29:48,682 INFO http.HttpServer2: Added filter static_user_filter (class=org.apache.hadoop.http.lib.StaticUserWebFilter$StaticUserFilter) to context hddsDatanode
rm_1        | 2019-10-14 09:29:46 INFO  NMTokenSecretManagerInRM:75 - NMTokenKeyRollingInterval: 86400000ms and NMTokenKeyActivationDelay: 900000ms
datanode_1  | 2019-10-14 09:29:48,886 INFO server.Server: jetty-9.3.25.v20180904, build timestamp: 2018-09-04T21:11:46Z, git hash: 3ce520221d0240229c862b122d2b06c12a625732
scm_1       | 2019-10-14 09:29:49,217 INFO db.DBStoreBuilder: using custom profile for table: revokedCerts
datanode_3  | 2019-10-14 09:29:48,515 INFO http.HttpServer2: Added filter static_user_filter (class=org.apache.hadoop.http.lib.StaticUserWebFilter$StaticUserFilter) to context logs
nm_1        | 2019-10-14 09:29:46 INFO  AsyncDispatcher:223 - Registering class org.apache.hadoop.yarn.server.nodemanager.containermanager.monitor.ContainersMonitorEventType for class org.apache.hadoop.yarn.server.nodemanager.containermanager.monitor.ContainersMonitorImpl
om_1        | 2019-10-14 09:29:56,149 [main] INFO       - Configuration either no ozone.om.address set. Falling back to the default OM address om/172.18.0.4:9862
datanode_2  | 2019-10-14 09:29:48,683 INFO http.HttpServer2: Added filter static_user_filter (class=org.apache.hadoop.http.lib.StaticUserWebFilter$StaticUserFilter) to context static
rm_1        | 2019-10-14 09:29:46 INFO  RMContainerTokenSecretManager:81 - ContainerTokenKeyRollingInterval: 86400000ms and ContainerTokenKeyActivationDelay: 900000ms
datanode_1  | 2019-10-14 09:29:48,931 INFO handler.ContextHandler: Started o.e.j.s.ServletContextHandler@60c8a093{/logs,file:///var/log/hadoop/,AVAILABLE}
scm_1       | 2019-10-14 09:29:49,217 INFO db.DBStoreBuilder: Using default column profile:DBProfile.DISK for Table:revokedCerts
datanode_3  | 2019-10-14 09:29:48,515 INFO http.HttpServer2: Added filter static_user_filter (class=org.apache.hadoop.http.lib.StaticUserWebFilter$StaticUserFilter) to context static
nm_1        | 2019-10-14 09:29:46 INFO  AsyncDispatcher:223 - Registering class org.apache.hadoop.yarn.server.nodemanager.containermanager.launcher.ContainersLauncherEventType for class org.apache.hadoop.yarn.server.nodemanager.containermanager.launcher.ContainersLauncher
om_1        | 2019-10-14 09:29:56,149 [main] INFO       - OM Service ID is not set. Setting it to the default ID: omServiceIdDefault
rm_1        | 2019-10-14 09:29:46 INFO  AMRMTokenSecretManager:94 - AMRMTokenKeyRollingInterval: 86400000ms and AMRMTokenKeyActivationDelay: 900000 ms
datanode_2  | 2019-10-14 09:29:48,683 INFO http.HttpServer2: Added filter static_user_filter (class=org.apache.hadoop.http.lib.StaticUserWebFilter$StaticUserFilter) to context logs
datanode_1  | 2019-10-14 09:29:48,935 INFO handler.ContextHandler: Started o.e.j.s.ServletContextHandler@75d982d3{/static,jar:file:/opt/hadoop/share/ozone/lib/hadoop-hdds-container-service-0.5.0-SNAPSHOT.jar!/webapps/static,AVAILABLE}
scm_1       | 2019-10-14 09:29:49,228 INFO db.DBStoreBuilder: using custom profile for table: default
datanode_3  | 2019-10-14 09:29:48,548 INFO http.HttpServer2: Jetty bound to port 9882
nm_1        | 2019-10-14 09:29:46 INFO  AsyncDispatcher:223 - Registering class org.apache.hadoop.yarn.server.nodemanager.containermanager.scheduler.ContainerSchedulerEventType for class org.apache.hadoop.yarn.server.nodemanager.containermanager.scheduler.ContainerScheduler
rm_1        | 2019-10-14 09:29:46 INFO  AsyncDispatcher:223 - Registering class org.apache.hadoop.yarn.server.resourcemanager.recovery.RMStateStoreEventType for class org.apache.hadoop.yarn.server.resourcemanager.recovery.RMStateStore$ForwardingEventHandler
om_1        | 2019-10-14 09:29:56,154 WARN server.ServerUtils: ozone.om.db.dirs is not configured. We recommend adding this setting. Falling back to ozone.metadata.dirs instead.
datanode_2  | 2019-10-14 09:29:48,721 INFO http.HttpServer2: Jetty bound to port 9882
datanode_1  | 2019-10-14 09:29:49,034 INFO handler.ContextHandler: Started o.e.j.w.WebAppContext@574b7f4a{/,file:///tmp/jetty-0.0.0.0-9882-hddsDatanode-_-any-1539027985129695359.dir/webapp/,AVAILABLE}{/hddsDatanode}
scm_1       | 2019-10-14 09:29:49,228 INFO db.DBStoreBuilder: Using default column profile:DBProfile.DISK for Table:default
datanode_3  | 2019-10-14 09:29:48,552 INFO server.Server: jetty-9.3.25.v20180904, build timestamp: 2018-09-04T21:11:46Z, git hash: 3ce520221d0240229c862b122d2b06c12a625732
rm_1        | 2019-10-14 09:29:46 INFO  AsyncDispatcher:223 - Registering class org.apache.hadoop.yarn.server.resourcemanager.NodesListManagerEventType for class org.apache.hadoop.yarn.server.resourcemanager.NodesListManager
om_1        | 2019-10-14 09:29:56,163 WARN server.ServerUtils: ozone.om.db.dirs is not configured. We recommend adding this setting. Falling back to ozone.metadata.dirs instead.
nm_1        | 2019-10-14 09:29:46 INFO  NMLogAggregationStatusTracker:89 - the rolling interval seconds for the NodeManager Cached Log aggregation status is 600
datanode_2  | 2019-10-14 09:29:48,722 INFO server.Server: jetty-9.3.25.v20180904, build timestamp: 2018-09-04T21:11:46Z, git hash: 3ce520221d0240229c862b122d2b06c12a625732
datanode_1  | 2019-10-14 09:29:49,045 INFO server.AbstractConnector: Started ServerConnector@11a6155a{HTTP/1.1,[http/1.1]}{0.0.0.0:9882}
scm_1       | 2019-10-14 09:29:49,229 INFO db.DBStoreBuilder: Using default options. DBProfile.DISK
datanode_3  | 2019-10-14 09:29:48,603 INFO handler.ContextHandler: Started o.e.j.s.ServletContextHandler@1457fde{/logs,file:///var/log/hadoop/,AVAILABLE}
rm_1        | 2019-10-14 09:29:46 INFO  ResourceManager:440 - Using Scheduler: org.apache.hadoop.yarn.server.resourcemanager.scheduler.capacity.CapacityScheduler
om_1        | 2019-10-14 09:29:57,060 WARN server.ServerUtils: ozone.om.db.dirs is not configured. We recommend adding this setting. Falling back to ozone.metadata.dirs instead.
nm_1        | 2019-10-14 09:29:46 INFO  AsyncDispatcher:223 - Registering class org.apache.hadoop.yarn.server.nodemanager.ContainerManagerEventType for class org.apache.hadoop.yarn.server.nodemanager.containermanager.ContainerManagerImpl
datanode_2  | 2019-10-14 09:29:48,771 INFO handler.ContextHandler: Started o.e.j.s.ServletContextHandler@60c8a093{/logs,file:///var/log/hadoop/,AVAILABLE}
scm_1       | 2019-10-14 09:29:49,496 INFO net.NodeSchemaLoader: Loading file from java.lang.CompoundEnumeration@51c693d
datanode_1  | 2019-10-14 09:29:49,045 INFO server.Server: Started @4213ms
datanode_3  | 2019-10-14 09:29:48,604 INFO handler.ContextHandler: Started o.e.j.s.ServletContextHandler@60c8a093{/static,jar:file:/opt/hadoop/share/ozone/lib/hadoop-hdds-container-service-0.5.0-SNAPSHOT.jar!/webapps/static,AVAILABLE}
rm_1        | 2019-10-14 09:29:46 INFO  AsyncDispatcher:223 - Registering class org.apache.hadoop.yarn.server.resourcemanager.scheduler.event.SchedulerEventType for class org.apache.hadoop.yarn.event.EventDispatcher
om_1        | 2019-10-14 09:29:57,085 INFO util.log: Logging initialized @2648ms
nm_1        | 2019-10-14 09:29:46 INFO  AsyncDispatcher:223 - Registering class org.apache.hadoop.yarn.server.nodemanager.NodeManagerEventType for class org.apache.hadoop.yarn.server.nodemanager.NodeManager
datanode_2  | 2019-10-14 09:29:48,773 INFO handler.ContextHandler: Started o.e.j.s.ServletContextHandler@75d982d3{/static,jar:file:/opt/hadoop/share/ozone/lib/hadoop-hdds-container-service-0.5.0-SNAPSHOT.jar!/webapps/static,AVAILABLE}
scm_1       | 2019-10-14 09:29:49,498 INFO net.NodeSchemaLoader: Loading network topology layer schema file
datanode_1  | 2019-10-14 09:29:49,050 INFO impl.MetricsSinkAdapter: Sink prometheus started
datanode_3  | 2019-10-14 09:29:48,695 INFO handler.ContextHandler: Started o.e.j.w.WebAppContext@9679750{/,file:///tmp/jetty-0.0.0.0-9882-hddsDatanode-_-any-880558359068625869.dir/webapp/,AVAILABLE}{/hddsDatanode}
rm_1        | 2019-10-14 09:29:46 INFO  AsyncDispatcher:223 - Registering class org.apache.hadoop.yarn.server.resourcemanager.rmapp.RMAppEventType for class org.apache.hadoop.yarn.server.resourcemanager.ResourceManager$ApplicationEventDispatcher
om_1        | 2019-10-14 09:29:57,183 INFO db.DBStoreBuilder: using custom profile for table: userTable
nm_1        | 2019-10-14 09:29:46 INFO  FluentPropertyBeanIntrospector:147 - Error when creating PropertyDescriptor for public final void org.apache.commons.configuration2.AbstractConfiguration.setProperty(java.lang.String,java.lang.Object)! Ignoring this property.
datanode_2  | 2019-10-14 09:29:48,904 INFO handler.ContextHandler: Started o.e.j.w.WebAppContext@574b7f4a{/,file:///tmp/jetty-0.0.0.0-9882-hddsDatanode-_-any-10871517705732352423.dir/webapp/,AVAILABLE}{/hddsDatanode}
scm_1       | 2019-10-14 09:29:49,623 INFO node.SCMNodeManager: Entering startup safe mode.
datanode_1  | 2019-10-14 09:29:49,050 INFO impl.MetricsSystemImpl: Registered sink prometheus
datanode_3  | 2019-10-14 09:29:48,707 INFO server.AbstractConnector: Started ServerConnector@50510ecb{HTTP/1.1,[http/1.1]}{0.0.0.0:9882}
rm_1        | 2019-10-14 09:29:46 INFO  AsyncDispatcher:223 - Registering class org.apache.hadoop.yarn.server.resourcemanager.rmapp.attempt.RMAppAttemptEventType for class org.apache.hadoop.yarn.server.resourcemanager.ResourceManager$ApplicationAttemptEventDispatcher
om_1        | 2019-10-14 09:29:57,183 INFO db.DBStoreBuilder: Using default column profile:DBProfile.DISK for Table:userTable
datanode_2  | 2019-10-14 09:29:48,912 INFO server.AbstractConnector: Started ServerConnector@40e32762{HTTP/1.1,[http/1.1]}{0.0.0.0:9882}
scm_1       | 2019-10-14 09:29:49,777 INFO algorithms.ContainerPlacementPolicyFactory: Create container placement policy of type org.apache.hadoop.hdds.scm.container.placement.algorithms.SCMContainerPlacementRandom
datanode_1  | 2019-10-14 09:29:49,053 INFO server.BaseHttpServer: HTTP server of HDDSDATANODE is listening at http://0.0.0.0:9882
datanode_3  | 2019-10-14 09:29:48,709 INFO server.Server: Started @3771ms
rm_1        | 2019-10-14 09:29:46 INFO  AsyncDispatcher:223 - Registering class org.apache.hadoop.yarn.server.resourcemanager.rmnode.RMNodeEventType for class org.apache.hadoop.yarn.server.resourcemanager.ResourceManager$NodeEventDispatcher
om_1        | 2019-10-14 09:29:57,183 INFO db.DBStoreBuilder: using custom profile for table: volumeTable
nm_1        | 2019-10-14 09:29:46 INFO  MetricsConfig:121 - loaded properties from hadoop-metrics2.properties
datanode_2  | 2019-10-14 09:29:48,912 INFO server.Server: Started @4080ms
scm_1       | 2019-10-14 09:29:49,793 WARN server.ServerUtils: ozone.scm.db.dirs is not configured. We recommend adding this setting. Falling back to ozone.metadata.dirs instead.
datanode_1  | 2019-10-14 09:29:49,075 INFO util.JvmPauseMonitor: Starting JVM pause monitor
datanode_3  | 2019-10-14 09:29:48,719 INFO impl.MetricsSinkAdapter: Sink prometheus started
rm_1        | 2019-10-14 09:29:46 INFO  FluentPropertyBeanIntrospector:147 - Error when creating PropertyDescriptor for public final void org.apache.commons.configuration2.AbstractConfiguration.setProperty(java.lang.String,java.lang.Object)! Ignoring this property.
om_1        | 2019-10-14 09:29:57,183 INFO db.DBStoreBuilder: Using default column profile:DBProfile.DISK for Table:volumeTable
nm_1        | 2019-10-14 09:29:46 INFO  MetricsSystemImpl:374 - Scheduled Metric snapshot period at 10 second(s).
datanode_2  | 2019-10-14 09:29:48,921 INFO impl.MetricsSinkAdapter: Sink prometheus started
datanode_1  | 2019-10-14 09:29:49,247 [Datanode State Machine Thread - 0] INFO       - DatanodeDetails is persisted to /data/metadata/datanode.id
scm_1       | 2019-10-14 09:29:49,892 INFO pipeline.SCMPipelineManager: No pipeline exists in current db
datanode_3  | 2019-10-14 09:29:48,719 INFO impl.MetricsSystemImpl: Registered sink prometheus
rm_1        | 2019-10-14 09:29:46 INFO  MetricsConfig:121 - loaded properties from hadoop-metrics2.properties
om_1        | 2019-10-14 09:29:57,183 INFO db.DBStoreBuilder: using custom profile for table: bucketTable
nm_1        | 2019-10-14 09:29:46 INFO  MetricsSystemImpl:191 - NodeManager metrics system started
datanode_2  | 2019-10-14 09:29:48,921 INFO impl.MetricsSystemImpl: Registered sink prometheus
datanode_1  | 2019-10-14 09:29:51,546 [Datanode State Machine Thread - 0] INFO       - Attempting to start container services.
scm_1       | 2019-10-14 09:29:49,895 WARN server.ServerUtils: ozone.scm.db.dirs is not configured. We recommend adding this setting. Falling back to ozone.metadata.dirs instead.
datanode_3  | 2019-10-14 09:29:48,723 INFO server.BaseHttpServer: HTTP server of HDDSDATANODE is listening at http://0.0.0.0:9882
rm_1        | 2019-10-14 09:29:46 INFO  MetricsSystemImpl:374 - Scheduled Metric snapshot period at 10 second(s).
om_1        | 2019-10-14 09:29:57,183 INFO db.DBStoreBuilder: Using default column profile:DBProfile.DISK for Table:bucketTable
nm_1        | 2019-10-14 09:29:46 INFO  DirectoryCollection:189 - Disk Validator: yarn.nodemanager.disk-validator is loaded.
datanode_2  | 2019-10-14 09:29:48,924 INFO server.BaseHttpServer: HTTP server of HDDSDATANODE is listening at http://0.0.0.0:9882
datanode_1  | 2019-10-14 09:29:51,549 [Datanode State Machine Thread - 0] INFO       - Background container scanner has been disabled.
scm_1       | 2019-10-14 09:29:50,046 WARN events.EventQueue: No event handler registered for event TypedEvent{payloadType=SafeModeStatus, name='SafeModeStatus'}
datanode_3  | 2019-10-14 09:29:48,770 INFO util.JvmPauseMonitor: Starting JVM pause monitor
rm_1        | 2019-10-14 09:29:46 INFO  MetricsSystemImpl:191 - ResourceManager metrics system started
om_1        | 2019-10-14 09:29:57,184 INFO db.DBStoreBuilder: using custom profile for table: keyTable
nm_1        | 2019-10-14 09:29:46 INFO  DirectoryCollection:189 - Disk Validator: yarn.nodemanager.disk-validator is loaded.
datanode_2  | 2019-10-14 09:29:48,947 INFO util.JvmPauseMonitor: Starting JVM pause monitor
datanode_1  | 2019-10-14 09:29:51,549 [Datanode State Machine Thread - 0] INFO       - Starting XceiverServerRatis 04a0e623-2c11-400d-bd8c-48f2e0f6247c at port 9858
scm_1       | 2019-10-14 09:29:50,658 INFO ipc.CallQueueManager: Using callQueue: class java.util.concurrent.LinkedBlockingQueue, queueCapacity: 1000, scheduler: class org.apache.hadoop.ipc.DefaultRpcScheduler, ipcBackoff: false.
rm_1        | 2019-10-14 09:29:46 INFO  YarnAuthorizationProvider:58 - org.apache.hadoop.yarn.security.ConfiguredYarnAuthorizer is instantiated.
datanode_3  | 2019-10-14 09:29:48,993 [Datanode State Machine Thread - 0] INFO       - DatanodeDetails is persisted to /data/metadata/datanode.id
om_1        | 2019-10-14 09:29:57,184 INFO db.DBStoreBuilder: Using default column profile:DBProfile.DISK for Table:keyTable
nm_1        | 2019-10-14 09:29:46 INFO  NodeResourceMonitorImpl:75 -  Using ResourceCalculatorPlugin : org.apache.hadoop.yarn.util.ResourceCalculatorPlugin@59e2d8e3
datanode_2  | 2019-10-14 09:29:49,187 [Datanode State Machine Thread - 0] INFO       - DatanodeDetails is persisted to /data/metadata/datanode.id
datanode_1  | 2019-10-14 09:29:51,569 INFO impl.RaftServerProxy: 04a0e623-2c11-400d-bd8c-48f2e0f6247c: start RPC server
scm_1       | 2019-10-14 09:29:50,678 INFO ipc.Server: Starting Socket Reader #1 for port 9861
datanode_3  | 2019-10-14 09:29:51,545 [Datanode State Machine Thread - 0] INFO       - Attempting to start container services.
rm_1        | 2019-10-14 09:29:46 INFO  AsyncDispatcher:223 - Registering class org.apache.hadoop.yarn.server.resourcemanager.RMAppManagerEventType for class org.apache.hadoop.yarn.server.resourcemanager.RMAppManager
om_1        | 2019-10-14 09:29:57,184 INFO db.DBStoreBuilder: using custom profile for table: deletedTable
nm_1        | 2019-10-14 09:29:46 INFO  AsyncDispatcher:223 - Registering class org.apache.hadoop.yarn.server.nodemanager.containermanager.loghandler.event.LogHandlerEventType for class org.apache.hadoop.yarn.server.nodemanager.containermanager.loghandler.NonAggregatingLogHandler
datanode_1  | 2019-10-14 09:29:51,671 INFO server.GrpcService: 04a0e623-2c11-400d-bd8c-48f2e0f6247c: GrpcService started, listening on 0.0.0.0/0.0.0.0:9858
datanode_2  | 2019-10-14 09:29:51,545 [Datanode State Machine Thread - 0] INFO       - Attempting to start container services.
scm_1       | 2019-10-14 09:29:50,701 INFO ipc.CallQueueManager: Using callQueue: class java.util.concurrent.LinkedBlockingQueue, queueCapacity: 1000, scheduler: class org.apache.hadoop.ipc.DefaultRpcScheduler, ipcBackoff: false.
datanode_3  | 2019-10-14 09:29:51,549 [Datanode State Machine Thread - 0] INFO       - Background container scanner has been disabled.
rm_1        | 2019-10-14 09:29:46 INFO  AsyncDispatcher:223 - Registering class org.apache.hadoop.yarn.server.resourcemanager.amlauncher.AMLauncherEventType for class org.apache.hadoop.yarn.server.resourcemanager.amlauncher.ApplicationMasterLauncher
om_1        | 2019-10-14 09:29:57,184 INFO db.DBStoreBuilder: Using default column profile:DBProfile.DISK for Table:deletedTable
nm_1        | 2019-10-14 09:29:46 INFO  AsyncDispatcher:223 - Registering class org.apache.hadoop.yarn.server.nodemanager.containermanager.localizer.sharedcache.SharedCacheUploadEventType for class org.apache.hadoop.yarn.server.nodemanager.containermanager.localizer.sharedcache.SharedCacheUploadService
datanode_1  | WARNING: An illegal reflective access operation has occurred
datanode_2  | 2019-10-14 09:29:51,548 [Datanode State Machine Thread - 0] INFO       - Background container scanner has been disabled.
scm_1       | 2019-10-14 09:29:50,702 INFO ipc.Server: Starting Socket Reader #1 for port 9863
datanode_3  | 2019-10-14 09:29:51,549 [Datanode State Machine Thread - 0] INFO       - Starting XceiverServerRatis b85392a7-486e-4fc2-a3a4-f8954e6dcc7b at port 9858
rm_1        | 2019-10-14 09:29:46 INFO  RMNMInfo:63 - Registered RMNMInfo MBean
om_1        | 2019-10-14 09:29:57,184 INFO db.DBStoreBuilder: using custom profile for table: openKeyTable
nm_1        | 2019-10-14 09:29:46 INFO  ContainerManagerImpl:336 - AMRMProxyService is disabled
datanode_1  | WARNING: Illegal reflective access by org.apache.ratis.thirdparty.com.google.protobuf.UnsafeUtil (file:/opt/hadoop/share/ozone/lib/ratis-thirdparty-misc-0.2.0.jar) to field java.nio.Buffer.address
datanode_2  | 2019-10-14 09:29:51,549 [Datanode State Machine Thread - 0] INFO       - Starting XceiverServerRatis ebc1bf4c-f3f3-47f5-8441-eecadb9ba13a at port 9858
scm_1       | 2019-10-14 09:29:50,713 INFO ipc.CallQueueManager: Using callQueue: class java.util.concurrent.LinkedBlockingQueue, queueCapacity: 1000, scheduler: class org.apache.hadoop.ipc.DefaultRpcScheduler, ipcBackoff: false.
datanode_3  | 2019-10-14 09:29:51,571 INFO impl.RaftServerProxy: b85392a7-486e-4fc2-a3a4-f8954e6dcc7b: start RPC server
rm_1        | 2019-10-14 09:29:46 INFO  RMAppLifetimeMonitor:66 - Application lifelime monitor interval set to 3000 ms.
om_1        | 2019-10-14 09:29:57,184 INFO db.DBStoreBuilder: Using default column profile:DBProfile.DISK for Table:openKeyTable
nm_1        | 2019-10-14 09:29:46 INFO  ResourceLocalizationService:242 - per directory file limit = 8192
datanode_1  | WARNING: Please consider reporting this to the maintainers of org.apache.ratis.thirdparty.com.google.protobuf.UnsafeUtil
datanode_2  | 2019-10-14 09:29:51,569 INFO impl.RaftServerProxy: ebc1bf4c-f3f3-47f5-8441-eecadb9ba13a: start RPC server
scm_1       | 2019-10-14 09:29:50,714 INFO ipc.Server: Starting Socket Reader #1 for port 9860
datanode_3  | 2019-10-14 09:29:51,686 INFO server.GrpcService: b85392a7-486e-4fc2-a3a4-f8954e6dcc7b: GrpcService started, listening on 0.0.0.0/0.0.0.0:9858
rm_1        | 2019-10-14 09:29:46 INFO  HostsFileReader:211 - Refreshing hosts (include/exclude) list
om_1        | 2019-10-14 09:29:57,184 INFO db.DBStoreBuilder: using custom profile for table: s3Table
nm_1        | 2019-10-14 09:29:47 INFO  ResourceLocalizationService:271 - Disk Validator: yarn.nodemanager.disk-validator is loaded.
datanode_1  | WARNING: Use --illegal-access=warn to enable warnings of further illegal reflective access operations
datanode_2  | 2019-10-14 09:29:51,677 INFO server.GrpcService: ebc1bf4c-f3f3-47f5-8441-eecadb9ba13a: GrpcService started, listening on 0.0.0.0/0.0.0.0:9858
scm_1       | 2019-10-14 09:29:50,737 INFO hdfs.DFSUtil: Starting Web-server for scm at: http://0.0.0.0:9876
datanode_3  | WARNING: An illegal reflective access operation has occurred
rm_1        | 2019-10-14 09:29:46 INFO  Configuration:2755 - found resource capacity-scheduler.xml at file:/opt/hadoop/etc/hadoop/capacity-scheduler.xml
om_1        | 2019-10-14 09:29:57,184 INFO db.DBStoreBuilder: Using default column profile:DBProfile.DISK for Table:s3Table
nm_1        | 2019-10-14 09:29:47 INFO  AsyncDispatcher:223 - Registering class org.apache.hadoop.yarn.server.nodemanager.containermanager.localizer.event.LocalizerEventType for class org.apache.hadoop.yarn.server.nodemanager.containermanager.localizer.ResourceLocalizationService$LocalizerTracker
datanode_1  | WARNING: All illegal access operations will be denied in a future release
datanode_2  | WARNING: An illegal reflective access operation has occurred
scm_1       | 2019-10-14 09:29:50,972 INFO server.AuthenticationFilter: Unable to initialize FileSignerSecretProvider, falling back to use random secrets.
datanode_3  | WARNING: Illegal reflective access by org.apache.ratis.thirdparty.com.google.protobuf.UnsafeUtil (file:/opt/hadoop/share/ozone/lib/ratis-thirdparty-misc-0.2.0.jar) to field java.nio.Buffer.address
rm_1        | 2019-10-14 09:29:46 INFO  AbstractYarnScheduler:1371 - Minimum allocation = <memory:1024, vCores:1>
nm_1        | 2019-10-14 09:29:47 INFO  AuxServices:103 - Adding auxiliary service mapreduce_shuffle, "mapreduce_shuffle"
om_1        | 2019-10-14 09:29:57,185 INFO db.DBStoreBuilder: using custom profile for table: multipartInfoTable
datanode_1  | 2019-10-14 09:29:54,948 INFO impl.RaftServerProxy: 04a0e623-2c11-400d-bd8c-48f2e0f6247c: addNew group-CDCA196363DF:[04a0e623-2c11-400d-bd8c-48f2e0f6247c:172.18.0.7:9858] returns group-CDCA196363DF:java.util.concurrent.CompletableFuture@7ffd5280[Not completed]
datanode_2  | WARNING: Illegal reflective access by org.apache.ratis.thirdparty.com.google.protobuf.UnsafeUtil (file:/opt/hadoop/share/ozone/lib/ratis-thirdparty-misc-0.2.0.jar) to field java.nio.Buffer.address
scm_1       | 2019-10-14 09:29:50,985 INFO http.HttpRequestLog: Http request log for http.requests.scm is not defined
datanode_3  | WARNING: Please consider reporting this to the maintainers of org.apache.ratis.thirdparty.com.google.protobuf.UnsafeUtil
rm_1        | 2019-10-14 09:29:46 INFO  AbstractYarnScheduler:1383 - Maximum allocation = <memory:8192, vCores:4>
nm_1        | 2019-10-14 09:29:47 INFO  ContainersMonitorImpl:130 -  Using ResourceCalculatorPlugin : org.apache.hadoop.yarn.util.ResourceCalculatorPlugin@6c2ed0cd
om_1        | 2019-10-14 09:29:57,185 INFO db.DBStoreBuilder: Using default column profile:DBProfile.DISK for Table:multipartInfoTable
datanode_2  | WARNING: Please consider reporting this to the maintainers of org.apache.ratis.thirdparty.com.google.protobuf.UnsafeUtil
scm_1       | 2019-10-14 09:29:50,992 INFO http.HttpServer2: Added global filter 'safety' (class=org.apache.hadoop.http.HttpServer2$QuotingInputFilter)
datanode_3  | WARNING: Use --illegal-access=warn to enable warnings of further illegal reflective access operations
datanode_1  | 2019-10-14 09:29:54,972 INFO impl.RaftServerImpl: 04a0e623-2c11-400d-bd8c-48f2e0f6247c: new RaftServerImpl for group-CDCA196363DF:[04a0e623-2c11-400d-bd8c-48f2e0f6247c:172.18.0.7:9858] with ContainerStateMachine:uninitialized
rm_1        | 2019-10-14 09:29:46 INFO  CapacitySchedulerConfiguration:912 - max alloc mb per queue for root is undefined
nm_1        | 2019-10-14 09:29:47 INFO  ContainersMonitorImpl:135 -  Using ResourceCalculatorProcessTree : null
om_1        | 2019-10-14 09:29:57,185 INFO db.DBStoreBuilder: using custom profile for table: dTokenTable
scm_1       | 2019-10-14 09:29:50,994 INFO http.HttpServer2: Added filter static_user_filter (class=org.apache.hadoop.http.lib.StaticUserWebFilter$StaticUserFilter) to context scm
datanode_2  | WARNING: Use --illegal-access=warn to enable warnings of further illegal reflective access operations
datanode_3  | WARNING: All illegal access operations will be denied in a future release
datanode_1  | 2019-10-14 09:29:54,974 INFO server.RaftServerConfigKeys: raft.server.rpc.timeout.min = 5s (custom)
rm_1        | 2019-10-14 09:29:46 INFO  CapacitySchedulerConfiguration:916 - max alloc vcore per queue for root is undefined
nm_1        | 2019-10-14 09:29:47 INFO  ContainersMonitorImpl:176 - Physical memory check enabled: false
scm_1       | 2019-10-14 09:29:50,994 INFO http.HttpServer2: Added filter static_user_filter (class=org.apache.hadoop.http.lib.StaticUserWebFilter$StaticUserFilter) to context logs
datanode_2  | WARNING: All illegal access operations will be denied in a future release
om_1        | 2019-10-14 09:29:57,185 INFO db.DBStoreBuilder: Using default column profile:DBProfile.DISK for Table:dTokenTable
datanode_3  | 2019-10-14 09:29:53,803 INFO impl.RaftServerProxy: b85392a7-486e-4fc2-a3a4-f8954e6dcc7b: addNew group-76A2590636C7:[b85392a7-486e-4fc2-a3a4-f8954e6dcc7b:172.18.0.5:9858] returns group-76A2590636C7:java.util.concurrent.CompletableFuture@770c1a2[Not completed]
datanode_1  | 2019-10-14 09:29:54,974 INFO server.RaftServerConfigKeys: raft.server.rpc.timeout.max = 5200ms (custom)
rm_1        | 2019-10-14 09:29:46 INFO  ParentQueue:151 - root, capacity=1.0, absoluteCapacity=1.0, maxCapacity=1.0, absoluteMaxCapacity=1.0, state=RUNNING, acls=ADMINISTER_QUEUE:*SUBMIT_APP:*, labels=*,
nm_1        | 2019-10-14 09:29:47 INFO  ContainersMonitorImpl:177 - Virtual memory check enabled: false
scm_1       | 2019-10-14 09:29:50,994 INFO http.HttpServer2: Added filter static_user_filter (class=org.apache.hadoop.http.lib.StaticUserWebFilter$StaticUserFilter) to context static
datanode_2  | 2019-10-14 09:29:54,360 INFO impl.RaftServerProxy: ebc1bf4c-f3f3-47f5-8441-eecadb9ba13a: addNew group-806FDDF8F1DC:[ebc1bf4c-f3f3-47f5-8441-eecadb9ba13a:172.18.0.2:9858] returns group-806FDDF8F1DC:java.util.concurrent.CompletableFuture@19d43e59[Not completed]
om_1        | 2019-10-14 09:29:57,185 INFO db.DBStoreBuilder: using custom profile for table: s3SecretTable
datanode_3  | 2019-10-14 09:29:53,842 INFO impl.RaftServerImpl: b85392a7-486e-4fc2-a3a4-f8954e6dcc7b: new RaftServerImpl for group-76A2590636C7:[b85392a7-486e-4fc2-a3a4-f8954e6dcc7b:172.18.0.5:9858] with ContainerStateMachine:uninitialized
datanode_1  | 2019-10-14 09:29:54,974 INFO server.RaftServerConfigKeys: raft.server.rpcslowness.timeout = 120s (custom)
rm_1        | , reservationsContinueLooking=true, orderingPolicy=utilization, priority=0
nm_1        | 2019-10-14 09:29:47 INFO  ContainersMonitorImpl:181 - ContainersMonitor enabled: true
scm_1       | 2019-10-14 09:29:51,016 INFO server.StorageContainerManager: StorageContainerLocationProtocol RPC server is listening at /0.0.0.0:9860
datanode_2  | 2019-10-14 09:29:54,412 INFO impl.RaftServerImpl: ebc1bf4c-f3f3-47f5-8441-eecadb9ba13a: new RaftServerImpl for group-806FDDF8F1DC:[ebc1bf4c-f3f3-47f5-8441-eecadb9ba13a:172.18.0.2:9858] with ContainerStateMachine:uninitialized
om_1        | 2019-10-14 09:29:57,185 INFO db.DBStoreBuilder: Using default column profile:DBProfile.DISK for Table:s3SecretTable
datanode_3  | 2019-10-14 09:29:53,843 INFO server.RaftServerConfigKeys: raft.server.rpc.timeout.min = 5s (custom)
datanode_1  | 2019-10-14 09:29:54,975 INFO server.RaftServerConfigKeys: raft.server.sleep.deviation.threshold = 300 (default)
datanode_3  | 2019-10-14 09:29:53,844 INFO server.RaftServerConfigKeys: raft.server.rpc.timeout.max = 5200ms (custom)
rm_1        | 2019-10-14 09:29:46 INFO  ParentQueue:114 - Initialized parent-queue root name=root, fullname=root
nm_1        | 2019-10-14 09:29:47 INFO  ContainerManagerImpl:394 - Not a recoverable state store. Nothing to recover.
scm_1       | 2019-10-14 09:29:51,073 INFO impl.MetricsConfig: Loaded properties from hadoop-metrics2.properties
datanode_2  | 2019-10-14 09:29:54,413 INFO server.RaftServerConfigKeys: raft.server.rpc.timeout.min = 5s (custom)
om_1        | 2019-10-14 09:29:57,185 INFO db.DBStoreBuilder: using custom profile for table: prefixTable
datanode_1  | 2019-10-14 09:29:54,975 INFO server.RaftServerConfigKeys: raft.server.log.appender.install.snapshot.enabled = false (custom)
datanode_3  | 2019-10-14 09:29:53,844 INFO server.RaftServerConfigKeys: raft.server.rpcslowness.timeout = 120s (custom)
rm_1        | 2019-10-14 09:29:46 INFO  CapacitySchedulerConfiguration:912 - max alloc mb per queue for root.default is undefined
nm_1        | 2019-10-14 09:29:47 INFO  Configuration:2752 - resource-types.xml not found
scm_1       | 2019-10-14 09:29:51,108 INFO impl.MetricsSystemImpl: Scheduled Metric snapshot period at 10 second(s).
datanode_2  | 2019-10-14 09:29:54,413 INFO server.RaftServerConfigKeys: raft.server.rpc.timeout.max = 5200ms (custom)
om_1        | 2019-10-14 09:29:57,186 INFO db.DBStoreBuilder: Using default column profile:DBProfile.DISK for Table:prefixTable
datanode_3  | 2019-10-14 09:29:53,845 INFO server.RaftServerConfigKeys: raft.server.sleep.deviation.threshold = 300 (default)
datanode_1  | 2019-10-14 09:29:54,981 INFO impl.RaftServerImpl: 04a0e623-2c11-400d-bd8c-48f2e0f6247c@group-CDCA196363DF: ConfigurationManager, init=-1: [04a0e623-2c11-400d-bd8c-48f2e0f6247c:172.18.0.7:9858], old=null, confs=<EMPTY_MAP>
rm_1        | 2019-10-14 09:29:46 INFO  CapacitySchedulerConfiguration:916 - max alloc vcore per queue for root.default is undefined
nm_1        | 2019-10-14 09:29:47 INFO  ResourceUtils:418 - Unable to find 'resource-types.xml'.
scm_1       | 2019-10-14 09:29:51,109 INFO impl.MetricsSystemImpl: StorageContainerManager metrics system started
datanode_2  | 2019-10-14 09:29:54,414 INFO server.RaftServerConfigKeys: raft.server.rpcslowness.timeout = 120s (custom)
om_1        | 2019-10-14 09:29:57,196 INFO db.DBStoreBuilder: using custom profile for table: default
datanode_3  | 2019-10-14 09:29:53,845 INFO server.RaftServerConfigKeys: raft.server.log.appender.install.snapshot.enabled = false (custom)
datanode_1  | 2019-10-14 09:29:54,982 INFO server.RaftServerConfigKeys: raft.server.storage.dir = [/data/metadata/ratis] (custom)
rm_1        | 2019-10-14 09:29:46 INFO  LeafQueue:289 - Initializing default
nm_1        | 2019-10-14 09:29:47 INFO  Configuration:2752 - node-resources.xml not found
scm_1       | 2019-10-14 09:29:51,300 INFO server.SCMClientProtocolServer: RPC server for Client  is listening at /0.0.0.0:9860
datanode_2  | 2019-10-14 09:29:54,414 INFO server.RaftServerConfigKeys: raft.server.sleep.deviation.threshold = 300 (default)
om_1        | 2019-10-14 09:29:57,196 INFO db.DBStoreBuilder: Using default column profile:DBProfile.DISK for Table:default
datanode_3  | 2019-10-14 09:29:53,851 INFO impl.RaftServerImpl: b85392a7-486e-4fc2-a3a4-f8954e6dcc7b@group-76A2590636C7: ConfigurationManager, init=-1: [b85392a7-486e-4fc2-a3a4-f8954e6dcc7b:172.18.0.5:9858], old=null, confs=<EMPTY_MAP>
datanode_1  | 2019-10-14 09:29:54,986 INFO server.RaftServerConfigKeys: raft.server.log.corruption.policy = EXCEPTION (default)
nm_1        | 2019-10-14 09:29:47 INFO  ResourceUtils:418 - Unable to find 'node-resources.xml'.
rm_1        | capacity = 1.0 [= (float) configuredCapacity / 100 ]
scm_1       | 2019-10-14 09:29:51,300 INFO ipc.Server: IPC Server Responder: starting
datanode_2  | 2019-10-14 09:29:54,415 INFO server.RaftServerConfigKeys: raft.server.log.appender.install.snapshot.enabled = false (custom)
om_1        | 2019-10-14 09:29:57,197 INFO db.DBStoreBuilder: Using default options. DBProfile.DISK
datanode_3  | 2019-10-14 09:29:53,852 INFO server.RaftServerConfigKeys: raft.server.storage.dir = [/data/metadata/ratis] (custom)
datanode_1  | 2019-10-14 09:29:54,988 INFO storage.RaftStorageDirectory: The storage directory /data/metadata/ratis/20e8564b-be5b-4d7f-a33d-cdca196363df does not exist. Creating ...
nm_1        | 2019-10-14 09:29:47 INFO  NodeStatusUpdaterImpl:192 - Nodemanager resources is set to: <memory:8192, vCores:8>
rm_1        | absoluteCapacity = 1.0 [= parentAbsoluteCapacity * capacity ]
scm_1       | 2019-10-14 09:29:51,301 INFO ipc.Server: IPC Server listener on 9860: starting
datanode_2  | 2019-10-14 09:29:54,430 INFO impl.RaftServerImpl: ebc1bf4c-f3f3-47f5-8441-eecadb9ba13a@group-806FDDF8F1DC: ConfigurationManager, init=-1: [ebc1bf4c-f3f3-47f5-8441-eecadb9ba13a:172.18.0.2:9858], old=null, confs=<EMPTY_MAP>
om_1        | 2019-10-14 09:29:58,034 INFO ipc.CallQueueManager: Using callQueue: class java.util.concurrent.LinkedBlockingQueue, queueCapacity: 2000, scheduler: class org.apache.hadoop.ipc.DefaultRpcScheduler, ipcBackoff: false.
datanode_3  | 2019-10-14 09:29:53,857 INFO server.RaftServerConfigKeys: raft.server.log.corruption.policy = EXCEPTION (default)
nm_1        | 2019-10-14 09:29:47 INFO  NodeStatusUpdaterImpl:236 - Initialized nodemanager with : physical-memory=8192 virtual-memory=17204 virtual-cores=8
datanode_1  | 2019-10-14 09:29:55,095 INFO storage.RaftStorageDirectory: Lock on /data/metadata/ratis/20e8564b-be5b-4d7f-a33d-cdca196363df/in_use.lock acquired by nodename 7@fcf22f90a03e
rm_1        | maxCapacity = 1.0 [= configuredMaxCapacity ]
scm_1       | 2019-10-14 09:29:51,304 INFO server.StorageContainerManager: ScmBlockLocationProtocol RPC server is listening at /0.0.0.0:9863
datanode_2  | 2019-10-14 09:29:54,431 INFO server.RaftServerConfigKeys: raft.server.storage.dir = [/data/metadata/ratis] (custom)
om_1        | 2019-10-14 09:29:58,047 INFO ipc.Server: Starting Socket Reader #1 for port 9862
datanode_3  | 2019-10-14 09:29:53,858 INFO storage.RaftStorageDirectory: The storage directory /data/metadata/ratis/7d7e298b-d651-4259-bed9-76a2590636c7 does not exist. Creating ...
nm_1        | 2019-10-14 09:29:47 INFO  CallQueueManager:84 - Using callQueue: class java.util.concurrent.LinkedBlockingQueue queueCapacity: 2000 scheduler: class org.apache.hadoop.ipc.DefaultRpcScheduler
rm_1        | absoluteMaxCapacity = 1.0 [= 1.0 maximumCapacity undefined, (parentAbsoluteMaxCapacity * maximumCapacity) / 100 otherwise ]
scm_1       | 2019-10-14 09:29:51,304 INFO server.SCMBlockProtocolServer: RPC server for Block Protocol is listening at /0.0.0.0:9863
om_1        | 2019-10-14 09:29:58,087 [main] INFO       - OzoneManager RPC server is listening at om/172.18.0.4:9862
datanode_3  | 2019-10-14 09:29:53,894 INFO storage.RaftStorageDirectory: Lock on /data/metadata/ratis/7d7e298b-d651-4259-bed9-76a2590636c7/in_use.lock acquired by nodename 7@ffc906a4a429
datanode_2  | 2019-10-14 09:29:54,436 INFO server.RaftServerConfigKeys: raft.server.log.corruption.policy = EXCEPTION (default)
nm_1        | 2019-10-14 09:29:47 INFO  Server:1070 - Starting Socket Reader #1 for port 39933
rm_1        | effectiveMinResource=<memory:0, vCores:0>
datanode_1  | 2019-10-14 09:29:55,300 INFO storage.RaftStorage: Storage directory /data/metadata/ratis/20e8564b-be5b-4d7f-a33d-cdca196363df has been successfully formatted.
scm_1       | 2019-10-14 09:29:51,305 INFO ipc.Server: IPC Server Responder: starting
om_1        | 2019-10-14 09:29:58,178 INFO impl.MetricsConfig: Loaded properties from hadoop-metrics2.properties
datanode_3  | 2019-10-14 09:29:53,919 INFO storage.RaftStorage: Storage directory /data/metadata/ratis/7d7e298b-d651-4259-bed9-76a2590636c7 has been successfully formatted.
datanode_2  | 2019-10-14 09:29:54,437 INFO storage.RaftStorageDirectory: The storage directory /data/metadata/ratis/182befc0-1d4d-41a8-bfb7-806fddf8f1dc does not exist. Creating ...
nm_1        | 2019-10-14 09:29:47 INFO  RpcServerFactoryPBImpl:173 - Adding protocol org.apache.hadoop.yarn.api.ContainerManagementProtocolPB to the server
rm_1        |  , effectiveMaxResource=<memory:0, vCores:0>
om_1        | 2019-10-14 09:29:58,228 INFO impl.MetricsSystemImpl: Scheduled Metric snapshot period at 10 second(s).
scm_1       | 2019-10-14 09:29:51,305 INFO ipc.Server: IPC Server listener on 9863: starting
datanode_1  | 2019-10-14 09:29:55,307 [pool-8-thread-1] INFO       - group-CDCA196363DF: The snapshot info is null. Setting the last applied indexto:(t:0, i:~)
datanode_2  | 2019-10-14 09:29:54,465 INFO storage.RaftStorageDirectory: Lock on /data/metadata/ratis/182befc0-1d4d-41a8-bfb7-806fddf8f1dc/in_use.lock acquired by nodename 7@8f4947f0ceb1
nm_1        | 2019-10-14 09:29:47 INFO  Server:1310 - IPC Server Responder: starting
rm_1        | userLimit = 100 [= configuredUserLimit ]
om_1        | 2019-10-14 09:29:58,228 INFO impl.MetricsSystemImpl: OzoneManager metrics system started
scm_1       | 2019-10-14 09:29:51,308 INFO server.StorageContainerManager: ScmDatanodeProtocl RPC server is listening at /0.0.0.0:9861
datanode_3  | 2019-10-14 09:29:53,923 [pool-8-thread-1] INFO       - group-76A2590636C7: The snapshot info is null. Setting the last applied indexto:(t:0, i:~)
datanode_1  | 2019-10-14 09:29:55,308 INFO server.RaftServerConfigKeys: raft.server.notification.no-leader.timeout = 120s (custom)
nm_1        | 2019-10-14 09:29:47 INFO  Server:1149 - IPC Server listener on 39933: starting
rm_1        | userLimitFactor = 1.0 [= configuredUserLimitFactor ]
om_1        | 2019-10-14 09:29:58,279 INFO ipc.Server: IPC Server Responder: starting
scm_1       | 2019-10-14 09:29:51,308 INFO server.SCMDatanodeProtocolServer: RPC server for DataNodes is listening at /0.0.0.0:9861
datanode_3  | 2019-10-14 09:29:53,923 INFO server.RaftServerConfigKeys: raft.server.notification.no-leader.timeout = 120s (custom)
