datanode_3  | 2019-10-16 05:36:55,477 INFO impl.RaftServerImpl: 8e8bb922-9dbd-46d7-ab7a-143746fe76cc@group-6887A9CD27BC: ConfigurationManager, init=-1: [8e8bb922-9dbd-46d7-ab7a-143746fe76cc:172.18.0.5:9858], old=null, confs=<EMPTY_MAP>
datanode_2  | 2019-10-16 05:36:54,911 INFO server.RaftServerConfigKeys: raft.server.rpc.timeout.min = 5s (custom)
jhs         | 2019-10-16 05:36:46 INFO  ContextHandler:781 - Started o.e.j.s.ServletContextHandler@11bb571c{/static,jar:file:/opt/hadoop/share/hadoop/yarn/hadoop-yarn-common-3.2.0.jar!/webapps/static,AVAILABLE}
scm_1       | 2019-10-16 05:36:47,152 INFO server.SCMClientProtocolServer: RPC server for Client  is listening at /0.0.0.0:9860
kdc_1       | Oct 16 05:36:24 kdc krb5kdc[9](info): AS_REQ (8 etypes {18 17 20 19 16 23 25 26}) 127.0.0.1: SERVER_NOT_FOUND: admin/admin@EXAMPLE.COM for kadmin/localhost@EXAMPLE.COM, Server not found in Kerberos database
datanode_1  | 2019-10-16 05:36:54,284 INFO server.RaftServerConfigKeys: raft.server.log.corruption.policy = EXCEPTION (default)
rm_1        | absoluteUsedCapacity = 0.0 [= usedResourcesMemory / clusterResourceMemory]
om_1        | 2019-10-16 05:36:52,049 INFO db.DBStoreBuilder: using custom profile for table: openKeyTable
kms_1       | 	at com.sun.jersey.server.impl.uri.rules.ResourceClassRule.accept(ResourceClassRule.java:108)
nm_1        | 2019-10-16 05:36:43 INFO  ContainersMonitorImpl:193 - Strict memory control enabled: true
datanode_3  | 2019-10-16 05:36:55,477 INFO server.RaftServerConfigKeys: raft.server.storage.dir = [/data/metadata/ratis] (custom)
datanode_2  | 2019-10-16 05:36:54,912 INFO server.RaftServerConfigKeys: raft.server.rpc.timeout.max = 5200ms (custom)
jhs         | Oct 16, 2019 5:36:46 AM com.sun.jersey.guice.spi.container.GuiceComponentProviderFactory register
scm_1       | 2019-10-16 05:36:47,152 INFO ipc.Server: IPC Server Responder: starting
kdc_1       | Oct 16 05:36:24 kdc krb5kdc[9](info): AS_REQ (8 etypes {18 17 20 19 16 23 25 26}) 127.0.0.1: ISSUE: authtime 1571204184, etypes {rep=18 tkt=18 ses=18}, admin/admin@EXAMPLE.COM for kadmin/admin@EXAMPLE.COM
datanode_1  | 2019-10-16 05:36:54,286 INFO storage.RaftStorageDirectory: The storage directory /data/metadata/ratis/1aaffcae-c732-44bd-b6f1-de7c0375ee08 does not exist. Creating ...
rm_1        | maxAMResourcePerQueuePercent = 0.1 [= configuredMaximumAMResourcePercent ]
om_1        | 2019-10-16 05:36:52,049 INFO db.DBStoreBuilder: Using default column profile:DBProfile.DISK for Table:openKeyTable
kms_1       | 	at com.sun.jersey.server.impl.uri.rules.RightHandPathRule.accept(RightHandPathRule.java:147)
nm_1        | 2019-10-16 05:36:43 INFO  ContainersMonitorImpl:218 - ContainersMonitor enabled: true
datanode_3  | 2019-10-16 05:36:55,484 INFO server.RaftServerConfigKeys: raft.server.log.corruption.policy = EXCEPTION (default)
datanode_2  | 2019-10-16 05:36:54,912 INFO server.RaftServerConfigKeys: raft.server.rpcslowness.timeout = 120s (custom)
jhs         | INFO: Registering org.apache.hadoop.yarn.webapp.YarnJacksonJaxbJsonProvider as a provider class
scm_1       | 2019-10-16 05:36:47,153 INFO ipc.Server: IPC Server listener on 9860: starting
kdc_1       | Oct 16 05:36:25 kdc krb5kdc[9](info): AS_REQ (8 etypes {18 17 20 19 16 23 25 26}) 127.0.0.1: SERVER_NOT_FOUND: admin/admin@EXAMPLE.COM for kadmin/localhost@EXAMPLE.COM, Server not found in Kerberos database
datanode_1  | 2019-10-16 05:36:54,316 INFO storage.RaftStorageDirectory: Lock on /data/metadata/ratis/1aaffcae-c732-44bd-b6f1-de7c0375ee08/in_use.lock acquired by nodename 7@a293ebc6e04f
rm_1        | minimumAllocationFactor = 0.875 [= (float)(maximumAllocationMemory - minimumAllocationMemory) / maximumAllocationMemory ]
om_1        | 2019-10-16 05:36:52,050 INFO db.DBStoreBuilder: using custom profile for table: s3Table
kms_1       | 	at com.sun.jersey.server.impl.uri.rules.RootResourceClassesRule.accept(RootResourceClassesRule.java:84)
nm_1        | 2019-10-16 05:36:43 INFO  LogAggregationService:139 - rollingMonitorInterval is set as 3600. The logs will be aggregated every 3600 seconds
datanode_3  | 2019-10-16 05:36:55,486 INFO storage.RaftStorageDirectory: The storage directory /data/metadata/ratis/c9e68b1c-10f3-4e53-8dfc-6887a9cd27bc does not exist. Creating ...
datanode_2  | 2019-10-16 05:36:54,913 INFO server.RaftServerConfigKeys: raft.server.sleep.deviation.threshold = 300 (default)
jhs         | Oct 16, 2019 5:36:46 AM com.sun.jersey.guice.spi.container.GuiceComponentProviderFactory register
scm_1       | 2019-10-16 05:36:47,157 INFO server.StorageContainerManager: ScmBlockLocationProtocol RPC server is listening at /0.0.0.0:9863
datanode_1  | 2019-10-16 05:36:54,342 INFO storage.RaftStorage: Storage directory /data/metadata/ratis/1aaffcae-c732-44bd-b6f1-de7c0375ee08 has been successfully formatted.
rm_1        | maximumAllocation = <memory:8192, vCores:4> [= configuredMaxAllocation ]
kdc_1       | Oct 16 05:36:25 kdc krb5kdc[9](info): AS_REQ (8 etypes {18 17 20 19 16 23 25 26}) 127.0.0.1: ISSUE: authtime 1571204185, etypes {rep=18 tkt=18 ses=18}, admin/admin@EXAMPLE.COM for kadmin/admin@EXAMPLE.COM
om_1        | 2019-10-16 05:36:52,050 INFO db.DBStoreBuilder: Using default column profile:DBProfile.DISK for Table:s3Table
kms_1       | 	at com.sun.jersey.server.impl.application.WebApplicationImpl._handleRequest(WebApplicationImpl.java:1542)
nm_1        | 2019-10-16 05:36:43 INFO  ContainerManagerImpl:394 - Not a recoverable state store. Nothing to recover.
datanode_3  | 2019-10-16 05:36:55,506 INFO storage.RaftStorageDirectory: Lock on /data/metadata/ratis/c9e68b1c-10f3-4e53-8dfc-6887a9cd27bc/in_use.lock acquired by nodename 7@ba52f83ac723
datanode_2  | 2019-10-16 05:36:54,914 INFO server.RaftServerConfigKeys: raft.server.log.appender.install.snapshot.enabled = false (custom)
jhs         | INFO: Registering org.apache.hadoop.yarn.server.applicationhistoryservice.webapp.AHSWebServices as a root resource class
scm_1       | 2019-10-16 05:36:47,158 INFO server.SCMBlockProtocolServer: RPC server for Block Protocol is listening at /0.0.0.0:9863
datanode_1  | 2019-10-16 05:36:54,345 [pool-9-thread-1] INFO       - group-DE7C0375EE08: The snapshot info is null. Setting the last applied indexto:(t:0, i:~)
rm_1        | numContainers = 0 [= currentNumContainers ]
kdc_1       | Oct 16 05:36:25 kdc krb5kdc[9](info): AS_REQ (8 etypes {18 17 20 19 16 23 25 26}) 127.0.0.1: SERVER_NOT_FOUND: admin/admin@EXAMPLE.COM for kadmin/localhost@EXAMPLE.COM, Server not found in Kerberos database
om_1        | 2019-10-16 05:36:52,050 INFO db.DBStoreBuilder: using custom profile for table: multipartInfoTable
nm_1        | 2019-10-16 05:36:43 INFO  Configuration:2752 - resource-types.xml not found
datanode_3  | 2019-10-16 05:36:55,520 INFO storage.RaftStorage: Storage directory /data/metadata/ratis/c9e68b1c-10f3-4e53-8dfc-6887a9cd27bc has been successfully formatted.
datanode_2  | 2019-10-16 05:36:54,923 INFO impl.RaftServerImpl: 38752bf7-49ac-47ef-984c-b85c1ba7d0ca@group-6B140284DD56: ConfigurationManager, init=-1: [38752bf7-49ac-47ef-984c-b85c1ba7d0ca:172.18.0.4:9858], old=null, confs=<EMPTY_MAP>
jhs         | Oct 16, 2019 5:36:46 AM com.sun.jersey.guice.spi.container.GuiceComponentProviderFactory register
scm_1       | 2019-10-16 05:36:47,158 INFO ipc.Server: IPC Server Responder: starting
datanode_1  | 2019-10-16 05:36:54,345 INFO server.RaftServerConfigKeys: raft.server.notification.no-leader.timeout = 120s (custom)
rm_1        | state = RUNNING [= configuredState ]
kdc_1       | Oct 16 05:36:25 kdc krb5kdc[9](info): AS_REQ (8 etypes {18 17 20 19 16 23 25 26}) 127.0.0.1: ISSUE: authtime 1571204185, etypes {rep=18 tkt=18 ses=18}, admin/admin@EXAMPLE.COM for kadmin/admin@EXAMPLE.COM
om_1        | 2019-10-16 05:36:52,050 INFO db.DBStoreBuilder: Using default column profile:DBProfile.DISK for Table:multipartInfoTable
kms_1       | 	at com.sun.jersey.server.impl.application.WebApplicationImpl._handleRequest(WebApplicationImpl.java:1473)
nm_1        | 2019-10-16 05:36:43 INFO  ResourceUtils:419 - Unable to find 'resource-types.xml'.
datanode_3  | 2019-10-16 05:36:55,523 [pool-9-thread-1] INFO       - group-6887A9CD27BC: The snapshot info is null. Setting the last applied indexto:(t:0, i:~)
datanode_2  | 2019-10-16 05:36:54,923 INFO server.RaftServerConfigKeys: raft.server.storage.dir = [/data/metadata/ratis] (custom)
jhs         | INFO: Registering org.apache.hadoop.yarn.server.timeline.webapp.TimelineWebServices as a root resource class
scm_1       | 2019-10-16 05:36:47,159 INFO ipc.Server: IPC Server listener on 9863: starting
datanode_1  | 2019-10-16 05:36:54,348 INFO server.RaftServerConfigKeys: raft.server.log.use.memory = false (default)
rm_1        | acls = ADMINISTER_QUEUE:*SUBMIT_APP:* [= configuredAcls ]
kdc_1       | Oct 16 05:36:25 kdc krb5kdc[9](info): AS_REQ (8 etypes {18 17 20 19 16 23 25 26}) 127.0.0.1: SERVER_NOT_FOUND: admin/admin@EXAMPLE.COM for kadmin/localhost@EXAMPLE.COM, Server not found in Kerberos database
om_1        | 2019-10-16 05:36:52,050 INFO db.DBStoreBuilder: using custom profile for table: dTokenTable
kms_1       | 	at com.sun.jersey.server.impl.application.WebApplicationImpl.handleRequest(WebApplicationImpl.java:1419)
nm_1        | 2019-10-16 05:36:43 INFO  Configuration:2752 - node-resources.xml not found
datanode_3  | 2019-10-16 05:36:55,524 INFO server.RaftServerConfigKeys: raft.server.notification.no-leader.timeout = 120s (custom)
datanode_2  | 2019-10-16 05:36:54,929 INFO server.RaftServerConfigKeys: raft.server.log.corruption.policy = EXCEPTION (default)
jhs         | Oct 16, 2019 5:36:46 AM com.sun.jersey.guice.spi.container.GuiceComponentProviderFactory register
scm_1       | 2019-10-16 05:36:47,170 INFO server.StorageContainerManager: ScmDatanodeProtocl RPC server is listening at /0.0.0.0:9861
datanode_1  | 2019-10-16 05:36:54,352 INFO server.RaftServerConfigKeys: raft.server.log.purge.gap = 1000000 (custom)
rm_1        | nodeLocalityDelay = 40
kdc_1       | Oct 16 05:36:25 kdc krb5kdc[9](info): AS_REQ (8 etypes {18 17 20 19 16 23 25 26}) 127.0.0.1: ISSUE: authtime 1571204185, etypes {rep=18 tkt=18 ses=18}, admin/admin@EXAMPLE.COM for kadmin/admin@EXAMPLE.COM
om_1        | 2019-10-16 05:36:52,050 INFO db.DBStoreBuilder: Using default column profile:DBProfile.DISK for Table:dTokenTable
kms_1       | 	at com.sun.jersey.server.impl.application.WebApplicationImpl.handleRequest(WebApplicationImpl.java:1409)
nm_1        | 2019-10-16 05:36:43 INFO  ResourceUtils:419 - Unable to find 'node-resources.xml'.
datanode_3  | 2019-10-16 05:36:55,527 INFO server.RaftServerConfigKeys: raft.server.log.use.memory = false (default)
datanode_2  | 2019-10-16 05:36:54,931 INFO storage.RaftStorageDirectory: The storage directory /data/metadata/ratis/64ff1a11-8ac0-4c7c-8c5d-6b140284dd56 does not exist. Creating ...
jhs         | INFO: Registering org.apache.hadoop.yarn.webapp.GenericExceptionHandler as a provider class
scm_1       | 2019-10-16 05:36:47,170 INFO server.SCMDatanodeProtocolServer: RPC server for DataNodes is listening at /0.0.0.0:9861
datanode_1  | 2019-10-16 05:36:54,352 INFO server.RaftServerConfigKeys: raft.server.log.appender.buffer.byte-limit = 33554432 (custom)
rm_1        | rackLocalityAdditionalDelay = -1
kdc_1       | Oct 16 05:36:25 kdc krb5kdc[9](info): AS_REQ (8 etypes {18 17 20 19 16 23 25 26}) 127.0.0.1: SERVER_NOT_FOUND: admin/admin@EXAMPLE.COM for kadmin/localhost@EXAMPLE.COM, Server not found in Kerberos database
om_1        | 2019-10-16 05:36:52,050 INFO db.DBStoreBuilder: using custom profile for table: s3SecretTable
kms_1       | 	at com.sun.jersey.spi.container.servlet.WebComponent.service(WebComponent.java:409)
nm_1        | 2019-10-16 05:36:43 INFO  NodeStatusUpdaterImpl:199 - Nodemanager resources is set to: <memory:8192, vCores:8>
datanode_3  | 2019-10-16 05:36:55,533 INFO server.RaftServerConfigKeys: raft.server.log.purge.gap = 1000000 (custom)
datanode_2  | 2019-10-16 05:36:54,959 INFO storage.RaftStorageDirectory: Lock on /data/metadata/ratis/64ff1a11-8ac0-4c7c-8c5d-6b140284dd56/in_use.lock acquired by nodename 7@eaa3178affb6
jhs         | Oct 16, 2019 5:36:46 AM com.sun.jersey.server.impl.application.WebApplicationImpl _initiate
scm_1       | 2019-10-16 05:36:47,171 INFO ipc.Server: IPC Server Responder: starting
datanode_1  | 2019-10-16 05:36:54,354 INFO server.RaftServerConfigKeys: raft.server.log.segment.size.max = 1048576 (custom)
rm_1        | labels=*,
kdc_1       | Oct 16 05:36:25 kdc krb5kdc[9](info): AS_REQ (8 etypes {18 17 20 19 16 23 25 26}) 127.0.0.1: ISSUE: authtime 1571204185, etypes {rep=18 tkt=18 ses=18}, admin/admin@EXAMPLE.COM for kadmin/admin@EXAMPLE.COM
om_1        | 2019-10-16 05:36:52,050 INFO db.DBStoreBuilder: Using default column profile:DBProfile.DISK for Table:s3SecretTable
kms_1       | 	at com.sun.jersey.spi.container.servlet.ServletContainer.service(ServletContainer.java:558)
nm_1        | 2019-10-16 05:36:43 INFO  NodeStatusUpdaterImpl:247 - Initialized nodemanager with : physical-memory=8192 virtual-memory=17204 virtual-cores=8
datanode_3  | 2019-10-16 05:36:55,534 INFO server.RaftServerConfigKeys: raft.server.log.appender.buffer.byte-limit = 33554432 (custom)
datanode_2  | 2019-10-16 05:36:54,975 INFO storage.RaftStorage: Storage directory /data/metadata/ratis/64ff1a11-8ac0-4c7c-8c5d-6b140284dd56 has been successfully formatted.
jhs         | INFO: Initiating Jersey application, version 'Jersey: 1.19 02/11/2015 03:25 AM'
scm_1       | 2019-10-16 05:36:47,171 INFO ipc.Server: IPC Server listener on 9861: starting
datanode_1  | 2019-10-16 05:36:54,356 WARN impl.MetricsSystemImpl: HddsDatanode metrics system already initialized!
rm_1        | reservationsContinueLooking = true
kdc_1       | Oct 16 05:36:25 kdc krb5kdc[9](info): AS_REQ (8 etypes {18 17 20 19 16 23 25 26}) 127.0.0.1: SERVER_NOT_FOUND: admin/admin@EXAMPLE.COM for kadmin/localhost@EXAMPLE.COM, Server not found in Kerberos database
om_1        | 2019-10-16 05:36:52,050 INFO db.DBStoreBuilder: using custom profile for table: prefixTable
kms_1       | 	at com.sun.jersey.spi.container.servlet.ServletContainer.service(ServletContainer.java:733)
nm_1        | 2019-10-16 05:36:43 INFO  CallQueueManager:84 - Using callQueue: class java.util.concurrent.LinkedBlockingQueue, queueCapacity: 2000, scheduler: class org.apache.hadoop.ipc.DefaultRpcScheduler, ipcBackoff: false.
datanode_2  | 2019-10-16 05:36:54,979 [pool-9-thread-1] INFO       - group-6B140284DD56: The snapshot info is null. Setting the last applied indexto:(t:0, i:~)
datanode_3  | 2019-10-16 05:36:55,536 INFO server.RaftServerConfigKeys: raft.server.log.segment.size.max = 1048576 (custom)
jhs         | Oct 16, 2019 5:36:46 AM com.sun.jersey.guice.spi.container.GuiceComponentProviderFactory getComponentProvider
datanode_1  | 2019-10-16 05:36:54,362 INFO metrics.MetricRegistries: Loaded MetricRegistries class org.apache.ratis.metrics.impl.MetricRegistriesImpl
rm_1        | preemptionDisabled = true
scm_1       | 2019-10-16 05:36:47,173 INFO server.SCMClientProtocolServer: Starting RPC server for SCMSecurityProtocolServer. is listening at /0.0.0.0:9961
kdc_1       | Oct 16 05:36:25 kdc krb5kdc[9](info): AS_REQ (8 etypes {18 17 20 19 16 23 25 26}) 127.0.0.1: ISSUE: authtime 1571204185, etypes {rep=18 tkt=18 ses=18}, admin/admin@EXAMPLE.COM for kadmin/admin@EXAMPLE.COM
om_1        | 2019-10-16 05:36:52,050 INFO db.DBStoreBuilder: Using default column profile:DBProfile.DISK for Table:prefixTable
kms_1       | 	at javax.servlet.http.HttpServlet.service(HttpServlet.java:790)
nm_1        | 2019-10-16 05:36:43 INFO  Server:1074 - Starting Socket Reader #1 for port 40974
datanode_2  | 2019-10-16 05:36:54,980 INFO server.RaftServerConfigKeys: raft.server.notification.no-leader.timeout = 120s (custom)
datanode_3  | 2019-10-16 05:36:55,539 WARN impl.MetricsSystemImpl: HddsDatanode metrics system already initialized!
jhs         | INFO: Binding org.apache.hadoop.yarn.webapp.GenericExceptionHandler to GuiceManagedComponentProvider with the scope "Singleton"
datanode_1  | 2019-10-16 05:36:54,414 INFO server.RaftServerConfigKeys: raft.server.log.segment.cache.num.max = 2 (custom)
rm_1        | defaultAppPriorityPerQueue = 0
kdc_1       | Oct 16 05:36:24 kdc kadmind[15](Notice): Request: kadm5_init, admin/admin@EXAMPLE.COM, success, client=admin/admin@EXAMPLE.COM, service=kadmin/admin@EXAMPLE.COM, addr=127.0.0.1, vers=4, flavor=6
scm_1       | 2019-10-16 05:36:47,174 INFO ipc.Server: IPC Server Responder: starting
kms_1       | 	at org.eclipse.jetty.servlet.ServletHolder.handle(ServletHolder.java:848)
om_1        | 2019-10-16 05:36:52,064 INFO db.DBStoreBuilder: using custom profile for table: default
datanode_2  | 2019-10-16 05:36:54,984 INFO server.RaftServerConfigKeys: raft.server.log.use.memory = false (default)
datanode_3  | 2019-10-16 05:36:55,546 INFO metrics.MetricRegistries: Loaded MetricRegistries class org.apache.ratis.metrics.impl.MetricRegistriesImpl
jhs         | Oct 16, 2019 5:36:46 AM com.sun.jersey.guice.spi.container.GuiceComponentProviderFactory getComponentProvider
nm_1        | 2019-10-16 05:36:44 INFO  RpcServerFactoryPBImpl:173 - Adding protocol org.apache.hadoop.yarn.api.ContainerManagementProtocolPB to the server
datanode_1  | 2019-10-16 05:36:54,421 INFO segmented.SegmentedRaftLogWorker: new 9353181c-bdd6-4ad8-bd6c-3a6ad326fca8@group-DE7C0375EE08-SegmentedRaftLogWorker for RaftStorage:Storage Directory /data/metadata/ratis/1aaffcae-c732-44bd-b6f1-de7c0375ee08
rm_1        | priority = 0
kdc_1       | Oct 16 05:36:24 kdc kadmind[15](Notice): Request: kadm5_get_policy, default, Policy does not exist, client=admin/admin@EXAMPLE.COM, service=kadmin/admin@EXAMPLE.COM, addr=127.0.0.1
scm_1       | 2019-10-16 05:36:47,174 INFO ipc.Server: IPC Server listener on 9961: starting
kms_1       | 	at org.eclipse.jetty.servlet.ServletHandler$CachedChain.doFilter(ServletHandler.java:1772)
om_1        | 2019-10-16 05:36:52,064 INFO db.DBStoreBuilder: Using default column profile:DBProfile.DISK for Table:default
datanode_2  | 2019-10-16 05:36:54,991 INFO server.RaftServerConfigKeys: raft.server.log.purge.gap = 1000000 (custom)
datanode_3  | 2019-10-16 05:36:55,601 INFO server.RaftServerConfigKeys: raft.server.log.segment.cache.num.max = 2 (custom)
jhs         | INFO: Binding org.apache.hadoop.yarn.webapp.YarnJacksonJaxbJsonProvider to GuiceManagedComponentProvider with the scope "Singleton"
nm_1        | 2019-10-16 05:36:44 INFO  Server:1314 - IPC Server Responder: starting
datanode_1  | 2019-10-16 05:36:54,421 INFO server.RaftServerConfigKeys: raft.server.log.queue.byte-limit = 2147483647 (custom)
rm_1        | maxLifetime = -1 seconds
kdc_1       | Oct 16 05:36:24 kdc kadmind[15](Notice): Request: kadm5_create_principal, dn/a293ebc6e04f@EXAMPLE.COM, success, client=admin/admin@EXAMPLE.COM, service=kadmin/admin@EXAMPLE.COM, addr=127.0.0.1
scm_1       | 2019-10-16 05:36:47,177 INFO http.HttpServer2: Jetty bound to port 9876
kms_1       | 	at org.apache.hadoop.crypto.key.kms.server.KMSMDCFilter.doFilter(KMSMDCFilter.java:84)
om_1        | 2019-10-16 05:36:52,066 INFO db.DBStoreBuilder: Using default options. DBProfile.DISK
datanode_2  | 2019-10-16 05:36:54,991 INFO server.RaftServerConfigKeys: raft.server.log.appender.buffer.byte-limit = 33554432 (custom)
datanode_3  | 2019-10-16 05:36:55,608 INFO segmented.SegmentedRaftLogWorker: new 8e8bb922-9dbd-46d7-ab7a-143746fe76cc@group-6887A9CD27BC-SegmentedRaftLogWorker for RaftStorage:Storage Directory /data/metadata/ratis/c9e68b1c-10f3-4e53-8dfc-6887a9cd27bc
jhs         | Oct 16, 2019 5:36:47 AM com.sun.jersey.guice.spi.container.GuiceComponentProviderFactory getComponentProvider
nm_1        | 2019-10-16 05:36:44 INFO  Server:1153 - IPC Server listener on 40974: starting
datanode_1  | 2019-10-16 05:36:54,422 INFO server.RaftServerConfigKeys: raft.server.log.queue.element-limit = 1024 (custom)
rm_1        | defaultLifetime = -1 seconds
kdc_1       | Oct 16 05:36:24 kdc kadmind[15](info): closing down fd 18
scm_1       | 2019-10-16 05:36:47,178 INFO server.Server: jetty-9.3.25.v20180904, build timestamp: 2018-09-04T21:11:46Z, git hash: 3ce520221d0240229c862b122d2b06c12a625732
kms_1       | 	at org.eclipse.jetty.servlet.ServletHandler$CachedChain.doFilter(ServletHandler.java:1759)
datanode_2  | 2019-10-16 05:36:54,994 INFO server.RaftServerConfigKeys: raft.server.log.segment.size.max = 1048576 (custom)
datanode_3  | 2019-10-16 05:36:55,608 INFO server.RaftServerConfigKeys: raft.server.log.queue.byte-limit = 2147483647 (custom)
jhs         | INFO: Binding org.apache.hadoop.yarn.server.applicationhistoryservice.webapp.AHSWebServices to GuiceManagedComponentProvider with the scope "Singleton"
om_1        | 2019-10-16 05:36:52,575 INFO Configuration.deprecation: No unit for ozone.manager.delegation.remover.scan.interval(3600000) assuming MILLISECONDS
nm_1        | 2019-10-16 05:36:44 INFO  NMContainerTokenSecretManager:265 - Updating node address : nm:40974
datanode_1  | 2019-10-16 05:36:54,423 INFO server.RaftServerConfigKeys: raft.server.log.segment.size.max = 1048576 (custom)
kdc_1       | Oct 16 05:36:24 kdc kadmind[15](Notice): Request: kadm5_init, admin/admin@EXAMPLE.COM, success, client=admin/admin@EXAMPLE.COM, service=kadmin/admin@EXAMPLE.COM, addr=127.0.0.1, vers=4, flavor=6
rm_1        | 2019-10-16 05:36:45 INFO  CapacitySchedulerQueueManager:298 - Initialized queue: default: capacity=1.0, absoluteCapacity=1.0, usedResources=<memory:0, vCores:0>, usedCapacity=0.0, absoluteUsedCapacity=0.0, numApps=0, numContainers=0, effectiveMinResource=<memory:0, vCores:0> , effectiveMaxResource=<memory:0, vCores:0>
scm_1       | 2019-10-16 05:36:47,269 INFO handler.ContextHandler: Started o.e.j.s.ServletContextHandler@1f67761b{/logs,file:///var/log/hadoop/,AVAILABLE}
kms_1       | 	at org.apache.hadoop.security.authentication.server.AuthenticationFilter.doFilter(AuthenticationFilter.java:644)
datanode_2  | 2019-10-16 05:36:54,997 WARN impl.MetricsSystemImpl: HddsDatanode metrics system already initialized!
datanode_3  | 2019-10-16 05:36:55,609 INFO server.RaftServerConfigKeys: raft.server.log.queue.element-limit = 1024 (custom)
jhs         | Oct 16, 2019 5:36:47 AM com.sun.jersey.guice.spi.container.GuiceComponentProviderFactory getComponentProvider
om_1        | 2019-10-16 05:36:52,578 [main] INFO       - Loaded 0 tokens
nm_1        | 2019-10-16 05:36:44 INFO  CallQueueManager:84 - Using callQueue: class java.util.concurrent.LinkedBlockingQueue, queueCapacity: 500, scheduler: class org.apache.hadoop.ipc.DefaultRpcScheduler, ipcBackoff: false.
datanode_1  | 2019-10-16 05:36:54,423 INFO server.RaftServerConfigKeys: raft.server.log.preallocated.size = 16384 (custom)
kdc_1       | Oct 16 05:36:24 kdc kadmind[15](Notice): Request: kadm5_randkey_principal, dn/a293ebc6e04f@EXAMPLE.COM, success, client=admin/admin@EXAMPLE.COM, service=kadmin/admin@EXAMPLE.COM, addr=127.0.0.1
scm_1       | 2019-10-16 05:36:47,270 INFO handler.ContextHandler: Started o.e.j.s.ServletContextHandler@1b6924cb{/static,jar:file:/opt/hadoop/share/ozone/lib/hadoop-hdds-server-scm-0.5.0-SNAPSHOT.jar!/webapps/static,AVAILABLE}
rm_1        | 2019-10-16 05:36:45 INFO  CapacitySchedulerQueueManager:298 - Initialized queue: root: numChildQueue= 1, capacity=1.0, absoluteCapacity=1.0, usedResources=<memory:0, vCores:0>usedCapacity=0.0, numApps=0, numContainers=0
kms_1       | 	at org.apache.hadoop.security.token.delegation.web.DelegationTokenAuthenticationFilter.doFilter(DelegationTokenAuthenticationFilter.java:304)
datanode_2  | 2019-10-16 05:36:55,005 INFO metrics.MetricRegistries: Loaded MetricRegistries class org.apache.ratis.metrics.impl.MetricRegistriesImpl
datanode_3  | 2019-10-16 05:36:55,610 INFO server.RaftServerConfigKeys: raft.server.log.segment.size.max = 1048576 (custom)
jhs         | INFO: Binding org.apache.hadoop.yarn.server.timeline.webapp.TimelineWebServices to GuiceManagedComponentProvider with the scope "Singleton"
om_1        | 2019-10-16 05:36:52,578 [main] INFO       - Loading token state into token manager.
nm_1        | 2019-10-16 05:36:44 INFO  Server:1074 - Starting Socket Reader #1 for port 8040
datanode_1  | 2019-10-16 05:36:54,424 INFO server.RaftServerConfigKeys: raft.server.log.write.buffer.size = 33554432 (custom)
kdc_1       | Oct 16 05:36:24 kdc kadmind[15](Notice): Request: kadm5_get_principal, dn/a293ebc6e04f@EXAMPLE.COM, success, client=admin/admin@EXAMPLE.COM, service=kadmin/admin@EXAMPLE.COM, addr=127.0.0.1
scm_1       | 2019-10-16 05:36:47,391 INFO server.KerberosAuthenticationHandler: Using keytab /etc/security/keytabs/HTTP.keytab, for principal HTTP/scm@EXAMPLE.COM
rm_1        | 2019-10-16 05:36:45 INFO  CapacitySchedulerQueueManager:163 - Initialized root queue root: numChildQueue= 1, capacity=1.0, absoluteCapacity=1.0, usedResources=<memory:0, vCores:0>usedCapacity=0.0, numApps=0, numContainers=0
datanode_2  | 2019-10-16 05:36:55,058 INFO server.RaftServerConfigKeys: raft.server.log.segment.cache.num.max = 2 (custom)
datanode_3  | 2019-10-16 05:36:55,611 INFO server.RaftServerConfigKeys: raft.server.log.preallocated.size = 16384 (custom)
jhs         | 2019-10-16 05:36:47 INFO  ContextHandler:781 - Started o.e.j.w.WebAppContext@5eb97ced{/,file:///tmp/jetty-jhs-8188-applicationhistory-_-any-8550692694367833793.dir/webapp/,AVAILABLE}{/applicationhistory}
kms_1       | 	at org.apache.hadoop.security.authentication.server.AuthenticationFilter.doFilter(AuthenticationFilter.java:592)
om_1        | 2019-10-16 05:36:52,623 INFO ipc.CallQueueManager: Using callQueue: class java.util.concurrent.LinkedBlockingQueue, queueCapacity: 2000, scheduler: class org.apache.hadoop.ipc.DefaultRpcScheduler, ipcBackoff: false.
datanode_1  | 2019-10-16 05:36:54,424 INFO server.RaftServerConfigKeys: raft.server.log.force.sync.num = 128 (default)
kdc_1       | Oct 16 05:36:24 kdc kadmind[15](info): closing down fd 18
scm_1       | 2019-10-16 05:36:47,400 INFO handler.ContextHandler: Started o.e.j.w.WebAppContext@34451ed8{/,file:///tmp/jetty-0.0.0.0-9876-scm-_-any-15250889507905870996.dir/webapp/,AVAILABLE}{/scm}
rm_1        | 2019-10-16 05:36:45 INFO  UserGroupMappingPlacementRule:237 - Initialized queue mappings, override: false
datanode_2  | 2019-10-16 05:36:55,064 INFO segmented.SegmentedRaftLogWorker: new 38752bf7-49ac-47ef-984c-b85c1ba7d0ca@group-6B140284DD56-SegmentedRaftLogWorker for RaftStorage:Storage Directory /data/metadata/ratis/64ff1a11-8ac0-4c7c-8c5d-6b140284dd56
datanode_3  | 2019-10-16 05:36:55,611 INFO server.RaftServerConfigKeys: raft.server.log.write.buffer.size = 33554432 (custom)
nm_1        | 2019-10-16 05:36:44 INFO  RpcServerFactoryPBImpl:173 - Adding protocol org.apache.hadoop.yarn.server.nodemanager.api.LocalizationProtocolPB to the server
jhs         | 2019-10-16 05:36:47 INFO  AbstractConnector:278 - Started ServerConnector@27fde870{HTTP/1.1,[http/1.1]}{jhs:8188}
kms_1       | 	at org.apache.hadoop.crypto.key.kms.server.KMSAuthenticationFilter.doFilter(KMSAuthenticationFilter.java:142)
om_1        | 2019-10-16 05:36:52,635 INFO ipc.Server: Starting Socket Reader #1 for port 9862
datanode_1  | 2019-10-16 05:36:54,425 INFO server.RaftServerConfigKeys: raft.server.log.statemachine.data.sync = true (default)
kdc_1       | Oct 16 05:36:24 kdc kadmind[15](Notice): Request: kadm5_init, admin/admin@EXAMPLE.COM, success, client=admin/admin@EXAMPLE.COM, service=kadmin/admin@EXAMPLE.COM, addr=127.0.0.1, vers=4, flavor=6
scm_1       | 2019-10-16 05:36:47,408 INFO server.AbstractConnector: Started ServerConnector@51c4f4c{HTTP/1.1,[http/1.1]}{0.0.0.0:9876}
rm_1        | 2019-10-16 05:36:45 INFO  MultiNodeSortingManager:104 - MultiNode scheduling is 'false', and configured policies are 
datanode_3  | 2019-10-16 05:36:55,612 INFO server.RaftServerConfigKeys: raft.server.log.force.sync.num = 128 (default)
datanode_2  | 2019-10-16 05:36:55,065 INFO server.RaftServerConfigKeys: raft.server.log.queue.byte-limit = 2147483647 (custom)
nm_1        | 2019-10-16 05:36:44 INFO  Server:1314 - IPC Server Responder: starting
kms_1       | 	at org.eclipse.jetty.servlet.ServletHandler$CachedChain.doFilter(ServletHandler.java:1751)
om_1        | 2019-10-16 05:36:52,703 [main] INFO       - OzoneManager RPC server is listening at om/172.18.0.9:9862
datanode_1  | 2019-10-16 05:36:54,425 INFO server.RaftServerConfigKeys: raft.server.log.statemachine.data.sync.timeout = 10s (default)
kdc_1       | Oct 16 05:36:24 kdc kadmind[15](Notice): Request: kadm5_get_policy, default, Policy does not exist, client=admin/admin@EXAMPLE.COM, service=kadmin/admin@EXAMPLE.COM, addr=127.0.0.1
scm_1       | 2019-10-16 05:36:47,408 INFO server.Server: Started @5323ms
rm_1        | 2019-10-16 05:36:45 INFO  CapacityScheduler:408 - Initialized CapacityScheduler with calculator=class org.apache.hadoop.yarn.util.resource.DefaultResourceCalculator, minimumAllocation=<<memory:1024, vCores:1>>, maximumAllocation=<<memory:8192, vCores:4>>, asynchronousScheduling=false, asyncScheduleInterval=5ms,multiNodePlacementEnabled=false
jhs         | 2019-10-16 05:36:47 INFO  Server:419 - Started @4444ms
datanode_3  | 2019-10-16 05:36:55,613 INFO server.RaftServerConfigKeys: raft.server.log.statemachine.data.sync = true (default)
datanode_2  | 2019-10-16 05:36:55,065 INFO server.RaftServerConfigKeys: raft.server.log.queue.element-limit = 1024 (custom)
nm_1        | 2019-10-16 05:36:44 INFO  Server:1153 - IPC Server listener on 8040: starting
om_1        | 2019-10-16 05:36:52,818 INFO impl.MetricsConfig: Loaded properties from hadoop-metrics2.properties
datanode_1  | 2019-10-16 05:36:54,426 INFO server.RaftServerConfigKeys: raft.server.log.statemachine.data.sync.timeout.retry = -1 (default)
kdc_1       | Oct 16 05:36:24 kdc kadmind[15](Notice): Request: kadm5_create_principal, dn/eaa3178affb6@EXAMPLE.COM, success, client=admin/admin@EXAMPLE.COM, service=kadmin/admin@EXAMPLE.COM, addr=127.0.0.1
scm_1       | 2019-10-16 05:36:47,421 INFO impl.MetricsSinkAdapter: Sink prometheus started
rm_1        | 2019-10-16 05:36:45 INFO  Configuration:2752 - dynamic-resources.xml not found
datanode_3  | 2019-10-16 05:36:55,613 INFO server.RaftServerConfigKeys: raft.server.log.statemachine.data.sync.timeout = 10s (default)
datanode_2  | 2019-10-16 05:36:55,066 INFO server.RaftServerConfigKeys: raft.server.log.segment.size.max = 1048576 (custom)
kms_1       | 	at org.apache.hadoop.http.HttpServer2$QuotingInputFilter.doFilter(HttpServer2.java:1609)
om_1        | 2019-10-16 05:36:52,862 INFO impl.MetricsSystemImpl: Scheduled Metric snapshot period at 10 second(s).
datanode_1  | 2019-10-16 05:36:54,437 INFO server.RaftServerConfigKeys: raft.server.log.statemachine.data.caching.enabled = true (custom)
nm_1        | 2019-10-16 05:36:44 INFO  ResourceLocalizationService:392 - Localizer started on port 8040
jhs         | 2019-10-16 05:36:47 INFO  ApplicationHistoryServer:318 - Instantiating AHSWebApp at 8188
kdc_1       | Oct 16 05:36:24 kdc kadmind[15](info): closing down fd 18
scm_1       | 2019-10-16 05:36:47,421 INFO impl.MetricsSystemImpl: Registered sink prometheus
rm_1        | 2019-10-16 05:36:45 INFO  AMSProcessingChain:62 - Initializing AMS Processing chain. Root Processor=[org.apache.hadoop.yarn.server.resourcemanager.DefaultAMSProcessor].
datanode_3  | 2019-10-16 05:36:55,613 INFO server.RaftServerConfigKeys: raft.server.log.statemachine.data.sync.timeout.retry = -1 (default)
datanode_2  | 2019-10-16 05:36:55,067 INFO server.RaftServerConfigKeys: raft.server.log.preallocated.size = 16384 (custom)
kms_1       | 	at org.eclipse.jetty.servlet.ServletHandler$CachedChain.doFilter(ServletHandler.java:1759)
om_1        | 2019-10-16 05:36:52,863 INFO impl.MetricsSystemImpl: OzoneManager metrics system started
datanode_1  | 2019-10-16 05:36:54,442 INFO segmented.SegmentedRaftLogWorker: 9353181c-bdd6-4ad8-bd6c-3a6ad326fca8@group-DE7C0375EE08-SegmentedRaftLogWorker: flushIndex: setUnconditionally 0 -> -1
nm_1        | 2019-10-16 05:36:44 INFO  IndexCache:47 - IndexCache created with max memory = 10485760
kdc_1       | Oct 16 05:36:24 kdc kadmind[15](Notice): Request: kadm5_init, admin/admin@EXAMPLE.COM, success, client=admin/admin@EXAMPLE.COM, service=kadmin/admin@EXAMPLE.COM, addr=127.0.0.1, vers=4, flavor=6
scm_1       | 2019-10-16 05:36:47,424 INFO server.BaseHttpServer: HTTP server of SCM is listening at http://0.0.0.0:9876
rm_1        | 2019-10-16 05:36:45 INFO  ApplicationMasterService:129 - disabled placement handler will be used, all scheduling requests will be rejected.
datanode_3  | 2019-10-16 05:36:55,625 INFO server.RaftServerConfigKeys: raft.server.log.statemachine.data.caching.enabled = true (custom)
datanode_2  | 2019-10-16 05:36:55,067 INFO server.RaftServerConfigKeys: raft.server.log.write.buffer.size = 33554432 (custom)
om_1        | 2019-10-16 05:36:52,905 [main] INFO       - Reading keypair and certificate from file system.
datanode_1  | 2019-10-16 05:36:54,447 INFO server.RaftServerConfigKeys: raft.server.snapshot.auto.trigger.enabled = true (custom)
nm_1        | 2019-10-16 05:36:44 INFO  ShuffleHandler:549 - mapreduce_shuffle listening on port 13562
kms_1       | 	at org.apache.hadoop.http.NoCacheFilter.doFilter(NoCacheFilter.java:45)
kdc_1       | Oct 16 05:36:24 kdc kadmind[15](Notice): Request: kadm5_randkey_principal, dn/eaa3178affb6@EXAMPLE.COM, success, client=admin/admin@EXAMPLE.COM, service=kadmin/admin@EXAMPLE.COM, addr=127.0.0.1
scm_1       | 2019-10-16 05:36:47,444 INFO util.JvmPauseMonitor: Starting JVM pause monitor
rm_1        | 2019-10-16 05:36:45 INFO  AMSProcessingChain:75 - Adding [org.apache.hadoop.yarn.server.resourcemanager.scheduler.constraint.processor.DisabledPlacementProcessor] tp top of AMS Processing chain. 
datanode_2  | 2019-10-16 05:36:55,068 INFO server.RaftServerConfigKeys: raft.server.log.force.sync.num = 128 (default)
om_1        | 2019-10-16 05:36:52,925 [main] INFO       - Starting OM block token secret manager
datanode_3  | 2019-10-16 05:36:55,630 INFO segmented.SegmentedRaftLogWorker: 8e8bb922-9dbd-46d7-ab7a-143746fe76cc@group-6887A9CD27BC-SegmentedRaftLogWorker: flushIndex: setUnconditionally 0 -> -1
datanode_1  | 2019-10-16 05:36:54,448 INFO server.RaftServerConfigKeys: raft.server.snapshot.auto.trigger.threshold = 10000 (custom)
nm_1        | 2019-10-16 05:36:44 INFO  ContainerManagerImpl:666 - ContainerManager started at nm/172.18.0.8:40974
kms_1       | 	at org.eclipse.jetty.servlet.ServletHandler$CachedChain.doFilter(ServletHandler.java:1759)
kdc_1       | Oct 16 05:36:24 kdc kadmind[15](Notice): Request: kadm5_get_principal, dn/eaa3178affb6@EXAMPLE.COM, success, client=admin/admin@EXAMPLE.COM, service=kadmin/admin@EXAMPLE.COM, addr=127.0.0.1
scm_1       | 2019-10-16 05:36:47,469 INFO ipc.Server: Auth successful for om/om@EXAMPLE.COM (auth:KERBEROS)
rm_1        | 2019-10-16 05:36:45 INFO  TimelineClientImpl:129 - Timeline service address: jhs:8188
datanode_2  | 2019-10-16 05:36:55,069 INFO server.RaftServerConfigKeys: raft.server.log.statemachine.data.sync = true (default)
om_1        | 2019-10-16 05:36:52,926 [main] INFO       - Updating the current master key for generating tokens
datanode_3  | 2019-10-16 05:36:55,637 INFO server.RaftServerConfigKeys: raft.server.snapshot.auto.trigger.enabled = true (custom)
datanode_1  | 2019-10-16 05:36:54,448 INFO server.RaftServerConfigKeys: raft.server.snapshot.retention.file.num = 5 (custom)
nm_1        | 2019-10-16 05:36:44 INFO  ContainerManagerImpl:667 - ContainerManager bound to 0.0.0.0/0.0.0.0:0
kms_1       | 	at org.eclipse.jetty.servlet.ServletHandler.doHandle(ServletHandler.java:582)
kdc_1       | Oct 16 05:36:24 kdc kadmind[15](info): closing down fd 18
scm_1       | 2019-10-16 05:36:47,479 INFO ipc.Server: Auth successful for dn/eaa3178affb6@EXAMPLE.COM (auth:KERBEROS)
rm_1        | 2019-10-16 05:36:46 INFO  AsyncDispatcher:223 - Registering class org.apache.hadoop.yarn.server.resourcemanager.metrics.AbstractSystemMetricsPublisher$SystemMetricsEventType for class org.apache.hadoop.yarn.server.resourcemanager.metrics.TimelineServiceV1Publisher$TimelineV1EventHandler
datanode_2  | 2019-10-16 05:36:55,069 INFO server.RaftServerConfigKeys: raft.server.log.statemachine.data.sync.timeout = 10s (default)
om_1        | 2019-10-16 05:36:52,927 [main] INFO       - Starting OM delegation token secret manager
datanode_3  | 2019-10-16 05:36:55,638 INFO server.RaftServerConfigKeys: raft.server.snapshot.auto.trigger.threshold = 10000 (custom)
datanode_1  | 2019-10-16 05:36:54,449 INFO server.RaftServerConfigKeys: raft.server.retrycache.expirytime = 600000ms (custom)
nm_1        | 2019-10-16 05:36:44 INFO  WebServer:99 - Instantiating NMWebApp at 0.0.0.0:8042
kms_1       | 	at org.eclipse.jetty.server.handler.ScopedHandler.handle(ScopedHandler.java:143)
kdc_1       | Oct 16 05:36:24 kdc kadmind[15](Notice): Request: kadm5_init, admin/admin@EXAMPLE.COM, success, client=admin/admin@EXAMPLE.COM, service=kadmin/admin@EXAMPLE.COM, addr=127.0.0.1, vers=4, flavor=6
scm_1       | 2019-10-16 05:36:47,493 INFO ipc.Server: Auth successful for dn/ba52f83ac723@EXAMPLE.COM (auth:KERBEROS)
rm_1        | 2019-10-16 05:36:46 INFO  AsyncDispatcher:223 - Registering class org.apache.hadoop.yarn.server.resourcemanager.metrics.AbstractSystemMetricsPublisher$SystemMetricsEventType for class org.apache.hadoop.yarn.server.resourcemanager.metrics.TimelineServiceV1Publisher$TimelineV1EventHandler
datanode_2  | 2019-10-16 05:36:55,069 INFO server.RaftServerConfigKeys: raft.server.log.statemachine.data.sync.timeout.retry = -1 (default)
datanode_3  | 2019-10-16 05:36:55,639 INFO server.RaftServerConfigKeys: raft.server.snapshot.retention.file.num = 5 (custom)
om_1        | 2019-10-16 05:36:52,928 [main] INFO       - Updating the current master key for generating tokens
datanode_1  | 2019-10-16 05:36:54,484 INFO impl.RaftServerImpl: 9353181c-bdd6-4ad8-bd6c-3a6ad326fca8@group-DE7C0375EE08: start as a follower, conf=-1: [9353181c-bdd6-4ad8-bd6c-3a6ad326fca8:172.18.0.2:9858], old=null
kms_1       | 	at org.eclipse.jetty.security.SecurityHandler.handle(SecurityHandler.java:548)
kdc_1       | Oct 16 05:36:24 kdc kadmind[15](Notice): Request: kadm5_get_policy, default, Policy does not exist, client=admin/admin@EXAMPLE.COM, service=kadmin/admin@EXAMPLE.COM, addr=127.0.0.1
scm_1       | 2019-10-16 05:36:47,494 INFO ipc.Server: Auth successful for dn/a293ebc6e04f@EXAMPLE.COM (auth:KERBEROS)
rm_1        | 2019-10-16 05:36:46 INFO  AsyncDispatcher:223 - Registering class org.apache.hadoop.yarn.server.resourcemanager.metrics.AbstractSystemMetricsPublisher$SystemMetricsEventType for class org.apache.hadoop.yarn.server.resourcemanager.metrics.TimelineServiceV1Publisher$TimelineV1EventHandler
datanode_3  | 2019-10-16 05:36:55,640 INFO server.RaftServerConfigKeys: raft.server.retrycache.expirytime = 600000ms (custom)
datanode_2  | 2019-10-16 05:36:55,080 INFO server.RaftServerConfigKeys: raft.server.log.statemachine.data.caching.enabled = true (custom)
nm_1        | 2019-10-16 05:36:44 INFO  log:192 - Logging initialized @2509ms
om_1        | 2019-10-16 05:36:52,929 [Thread[Thread-11,5,main]] INFO       - Starting expired delegation token remover thread, tokenRemoverScanInterval=60 min(s)
datanode_1  | 2019-10-16 05:36:54,485 INFO impl.RaftServerImpl: 9353181c-bdd6-4ad8-bd6c-3a6ad326fca8@group-DE7C0375EE08: changes role from      null to FOLLOWER at term 0 for startAsFollower
kms_1       | 	at org.eclipse.jetty.server.session.SessionHandler.doHandle(SessionHandler.java:226)
kdc_1       | Oct 16 05:36:24 kdc kadmind[15](Notice): Request: kadm5_create_principal, dn/85c2a6710c64@EXAMPLE.COM, success, client=admin/admin@EXAMPLE.COM, service=kadmin/admin@EXAMPLE.COM, addr=127.0.0.1
scm_1       | 2019-10-16 05:36:47,675 INFO server.SCMClientProtocolServer: Processing CSR for dn eaa3178affb6, UUID: 38752bf7-49ac-47ef-984c-b85c1ba7d0ca
rm_1        | 2019-10-16 05:36:46 INFO  AsyncDispatcher:223 - Registering class org.apache.hadoop.yarn.server.resourcemanager.metrics.AbstractSystemMetricsPublisher$SystemMetricsEventType for class org.apache.hadoop.yarn.server.resourcemanager.metrics.TimelineServiceV1Publisher$TimelineV1EventHandler
datanode_3  | 2019-10-16 05:36:55,684 INFO impl.RaftServerImpl: 8e8bb922-9dbd-46d7-ab7a-143746fe76cc@group-6887A9CD27BC: start as a follower, conf=-1: [8e8bb922-9dbd-46d7-ab7a-143746fe76cc:172.18.0.5:9858], old=null
datanode_2  | 2019-10-16 05:36:55,084 INFO segmented.SegmentedRaftLogWorker: 38752bf7-49ac-47ef-984c-b85c1ba7d0ca@group-6B140284DD56-SegmentedRaftLogWorker: flushIndex: setUnconditionally 0 -> -1
om_1        | 2019-10-16 05:36:52,953 INFO ipc.Server: IPC Server Responder: starting
datanode_1  | 2019-10-16 05:36:54,486 INFO impl.RoleInfo: 9353181c-bdd6-4ad8-bd6c-3a6ad326fca8: start FollowerState
nm_1        | 2019-10-16 05:36:44 INFO  AuthenticationFilter:240 - Unable to initialize FileSignerSecretProvider, falling back to use random secrets.
kms_1       | 	at org.eclipse.jetty.server.handler.ContextHandler.doHandle(ContextHandler.java:1180)
kdc_1       | Oct 16 05:36:24 kdc kadmind[15](info): closing down fd 18
scm_1       | 2019-10-16 05:36:47,675 INFO server.SCMClientProtocolServer: Processing CSR for dn a293ebc6e04f, UUID: 9353181c-bdd6-4ad8-bd6c-3a6ad326fca8
rm_1        | 2019-10-16 05:36:46 INFO  AsyncDispatcher:223 - Registering class org.apache.hadoop.yarn.server.resourcemanager.metrics.AbstractSystemMetricsPublisher$SystemMetricsEventType for class org.apache.hadoop.yarn.server.resourcemanager.metrics.TimelineServiceV1Publisher$TimelineV1EventHandler
datanode_3  | 2019-10-16 05:36:55,686 INFO impl.RaftServerImpl: 8e8bb922-9dbd-46d7-ab7a-143746fe76cc@group-6887A9CD27BC: changes role from      null to FOLLOWER at term 0 for startAsFollower
datanode_2  | 2019-10-16 05:36:55,088 INFO server.RaftServerConfigKeys: raft.server.snapshot.auto.trigger.enabled = true (custom)
om_1        | 2019-10-16 05:36:52,955 INFO ipc.Server: IPC Server listener on 9862: starting
datanode_1  | 2019-10-16 05:36:54,491 INFO util.JmxRegister: Successfully registered JMX Bean with object name Ratis:service=RaftServer,group=group-DE7C0375EE08,id=9353181c-bdd6-4ad8-bd6c-3a6ad326fca8
nm_1        | 2019-10-16 05:36:44 INFO  HttpRequestLog:81 - Http request log for http.requests.nodemanager is not defined
kms_1       | 	at org.eclipse.jetty.servlet.ServletHandler.doScope(ServletHandler.java:512)
kdc_1       | Oct 16 05:36:24 kdc kadmind[15](Notice): Request: kadm5_init, admin/admin@EXAMPLE.COM, success, client=admin/admin@EXAMPLE.COM, service=kadmin/admin@EXAMPLE.COM, addr=127.0.0.1, vers=4, flavor=6
scm_1       | 2019-10-16 05:36:47,765 INFO server.SCMClientProtocolServer: Processing CSR for dn ba52f83ac723, UUID: 8e8bb922-9dbd-46d7-ab7a-143746fe76cc
rm_1        | 2019-10-16 05:36:46 INFO  AsyncDispatcher:223 - Registering class org.apache.hadoop.yarn.server.resourcemanager.metrics.AbstractSystemMetricsPublisher$SystemMetricsEventType for class org.apache.hadoop.yarn.server.resourcemanager.metrics.TimelineServiceV1Publisher$TimelineV1EventHandler
datanode_3  | 2019-10-16 05:36:55,687 INFO impl.RoleInfo: 8e8bb922-9dbd-46d7-ab7a-143746fe76cc: start FollowerState
datanode_2  | 2019-10-16 05:36:55,089 INFO server.RaftServerConfigKeys: raft.server.snapshot.auto.trigger.threshold = 10000 (custom)
om_1        | 2019-10-16 05:36:52,992 INFO hdfs.DFSUtil: Starting web server as: HTTP/om@EXAMPLE.COM
datanode_1  | 2019-10-16 05:36:54,565 INFO impl.FollowerState: 9353181c-bdd6-4ad8-bd6c-3a6ad326fca8@group-DE7C0375EE08-FollowerState: change to CANDIDATE, lastRpcTime:79ms, electionTimeout:78ms
kms_1       | 	at org.eclipse.jetty.server.session.SessionHandler.doScope(SessionHandler.java:185)
kdc_1       | Oct 16 05:36:24 kdc kadmind[15](Notice): Request: kadm5_randkey_principal, dn/85c2a6710c64@EXAMPLE.COM, success, client=admin/admin@EXAMPLE.COM, service=kadmin/admin@EXAMPLE.COM, addr=127.0.0.1
scm_1       | 2019-10-16 05:36:48,772 INFO ipc.Server: Auth successful for om/om@EXAMPLE.COM (auth:KERBEROS)
nm_1        | 2019-10-16 05:36:44 INFO  HttpServer2:975 - Added global filter 'safety' (class=org.apache.hadoop.http.HttpServer2$QuotingInputFilter)
rm_1        | 2019-10-16 05:36:46 INFO  AsyncDispatcher:223 - Registering class org.apache.hadoop.yarn.server.resourcemanager.metrics.AbstractSystemMetricsPublisher$SystemMetricsEventType for class org.apache.hadoop.yarn.server.resourcemanager.metrics.TimelineServiceV1Publisher$TimelineV1EventHandler
datanode_3  | 2019-10-16 05:36:55,693 INFO util.JmxRegister: Successfully registered JMX Bean with object name Ratis:service=RaftServer,group=group-6887A9CD27BC,id=8e8bb922-9dbd-46d7-ab7a-143746fe76cc
datanode_2  | 2019-10-16 05:36:55,090 INFO server.RaftServerConfigKeys: raft.server.snapshot.retention.file.num = 5 (custom)
om_1        | 2019-10-16 05:36:52,992 INFO hdfs.DFSUtil: Starting Web-server for ozoneManager at: http://0.0.0.0:9874
datanode_1  | 2019-10-16 05:36:54,567 INFO impl.RoleInfo: 9353181c-bdd6-4ad8-bd6c-3a6ad326fca8: shutdown FollowerState
kms_1       | 	at org.eclipse.jetty.server.handler.ContextHandler.doScope(ContextHandler.java:1112)
kdc_1       | Oct 16 05:36:24 kdc kadmind[15](Notice): Request: kadm5_get_principal, dn/85c2a6710c64@EXAMPLE.COM, success, client=admin/admin@EXAMPLE.COM, service=kadmin/admin@EXAMPLE.COM, addr=127.0.0.1
scm_1       | 2019-10-16 05:36:48,779 INFO server.SCMClientProtocolServer: Processing CSR for om om, UUID: f15b8347-d1b9-4550-853c-3311fb2128c8
nm_1        | 2019-10-16 05:36:44 INFO  HttpServer2:948 - Added filter static_user_filter (class=org.apache.hadoop.http.lib.StaticUserWebFilter$StaticUserFilter) to context node
rm_1        | 2019-10-16 05:36:46 INFO  AsyncDispatcher:223 - Registering class org.apache.hadoop.yarn.server.resourcemanager.metrics.AbstractSystemMetricsPublisher$SystemMetricsEventType for class org.apache.hadoop.yarn.server.resourcemanager.metrics.TimelineServiceV1Publisher$TimelineV1EventHandler
datanode_3  | 2019-10-16 05:36:55,699 INFO impl.FollowerState: 8e8bb922-9dbd-46d7-ab7a-143746fe76cc@group-6887A9CD27BC-FollowerState: change to CANDIDATE, lastRpcTime:12ms, electionTimeout:11ms
datanode_2  | 2019-10-16 05:36:55,090 INFO server.RaftServerConfigKeys: raft.server.retrycache.expirytime = 600000ms (custom)
om_1        | 2019-10-16 05:36:53,120 INFO server.AuthenticationFilter: Unable to initialize FileSignerSecretProvider, falling back to use random secrets.
datanode_1  | 2019-10-16 05:36:54,568 INFO impl.RaftServerImpl: 9353181c-bdd6-4ad8-bd6c-3a6ad326fca8@group-DE7C0375EE08: changes role from  FOLLOWER to CANDIDATE at term 0 for changeToCandidate
kms_1       | 	at org.eclipse.jetty.server.handler.ScopedHandler.handle(ScopedHandler.java:141)
kdc_1       | Oct 16 05:36:24 kdc kadmind[15](info): closing down fd 18
nm_1        | 2019-10-16 05:36:44 INFO  HttpServer2:958 - Added filter static_user_filter (class=org.apache.hadoop.http.lib.StaticUserWebFilter$StaticUserFilter) to context static
scm_1       | 2019-10-16 05:36:51,271 INFO ipc.Server: Auth successful for dn/eaa3178affb6@EXAMPLE.COM (auth:KERBEROS)
rm_1        | 2019-10-16 05:36:46 INFO  AsyncDispatcher:223 - Registering class org.apache.hadoop.yarn.server.resourcemanager.metrics.AbstractSystemMetricsPublisher$SystemMetricsEventType for class org.apache.hadoop.yarn.server.resourcemanager.metrics.TimelineServiceV1Publisher$TimelineV1EventHandler
datanode_3  | 2019-10-16 05:36:55,700 INFO impl.RoleInfo: 8e8bb922-9dbd-46d7-ab7a-143746fe76cc: shutdown FollowerState
datanode_2  | 2019-10-16 05:36:55,125 INFO impl.RaftServerImpl: 38752bf7-49ac-47ef-984c-b85c1ba7d0ca@group-6B140284DD56: start as a follower, conf=-1: [38752bf7-49ac-47ef-984c-b85c1ba7d0ca:172.18.0.4:9858], old=null
om_1        | 2019-10-16 05:36:53,125 INFO http.HttpRequestLog: Http request log for http.requests.ozoneManager is not defined
datanode_1  | 2019-10-16 05:36:54,574 INFO impl.RoleInfo: 9353181c-bdd6-4ad8-bd6c-3a6ad326fca8: start LeaderElection
kms_1       | 	at org.eclipse.jetty.server.handler.HandlerCollection.handle(HandlerCollection.java:119)
nm_1        | 2019-10-16 05:36:44 INFO  HttpServer2:958 - Added filter static_user_filter (class=org.apache.hadoop.http.lib.StaticUserWebFilter$StaticUserFilter) to context logs
kdc_1       | Oct 16 05:36:24 kdc kadmind[15](Notice): Request: kadm5_init, admin/admin@EXAMPLE.COM, success, client=admin/admin@EXAMPLE.COM, service=kadmin/admin@EXAMPLE.COM, addr=127.0.0.1, vers=4, flavor=6
scm_1       | 2019-10-16 05:36:51,273 INFO ipc.Server: Auth successful for dn/a293ebc6e04f@EXAMPLE.COM (auth:KERBEROS)
rm_1        | 2019-10-16 05:36:46 INFO  AsyncDispatcher:223 - Registering class org.apache.hadoop.yarn.server.resourcemanager.metrics.AbstractSystemMetricsPublisher$SystemMetricsEventType for class org.apache.hadoop.yarn.server.resourcemanager.metrics.TimelineServiceV1Publisher$TimelineV1EventHandler
datanode_3  | 2019-10-16 05:36:55,701 INFO impl.RaftServerImpl: 8e8bb922-9dbd-46d7-ab7a-143746fe76cc@group-6887A9CD27BC: changes role from  FOLLOWER to CANDIDATE at term 0 for changeToCandidate
datanode_2  | 2019-10-16 05:36:55,126 INFO impl.RaftServerImpl: 38752bf7-49ac-47ef-984c-b85c1ba7d0ca@group-6B140284DD56: changes role from      null to FOLLOWER at term 0 for startAsFollower
datanode_1  | 2019-10-16 05:36:54,601 INFO impl.LeaderElection: 9353181c-bdd6-4ad8-bd6c-3a6ad326fca8@group-DE7C0375EE08-LeaderElection1: begin an election at term 1 for -1: [9353181c-bdd6-4ad8-bd6c-3a6ad326fca8:172.18.0.2:9858], old=null
om_1        | 2019-10-16 05:36:53,136 INFO http.HttpServer2: Added global filter 'safety' (class=org.apache.hadoop.http.HttpServer2$QuotingInputFilter)
kms_1       | 	at org.eclipse.jetty.server.handler.HandlerWrapper.handle(HandlerWrapper.java:134)
nm_1        | 2019-10-16 05:36:44 INFO  HttpServer2:948 - Added filter authentication (class=org.apache.hadoop.security.authentication.server.AuthenticationFilter) to context node
