om_1        | 2019-10-16 05:24:09,605 WARN ipc.Server: IPC Server handler 7 on 9862, call Call#62 Retry#5 org.apache.hadoop.ozone.om.protocol.OzoneManagerProtocol.submitRequest from 172.18.0.7:57790
datanode_1  | 2019-10-16 05:23:54,762 INFO impl.RaftServerImpl: 989c101d-54eb-42ba-b83d-d356a75bf79c@group-EB869F540DAB: changes role from CANDIDATE to FOLLOWER at term 10 for DISCOVERED_A_NEW_TERM
datanode_3  | 2019-10-16 05:23:54,551 INFO impl.RaftServerImpl: 39eb6874-cefe-423d-90d8-70cb9162b8c7@group-EB869F540DAB: changes role from  FOLLOWER to FOLLOWER at term 7 for recognizeCandidate:e732cb6f-7fe4-4b1c-bcf0-b9f2c70bb144
datanode_2  | 2019-10-16 05:23:54,637 INFO server.RaftServerConfigKeys: raft.server.write.element-limit = 4096 (default)
om_1        | java.lang.IllegalMonitorStateException: Releasing lock on resource /vol-0-66790/bucket-0-31021 without acquiring lock
datanode_1  | 2019-10-16 05:23:54,762 INFO impl.RoleInfo: 989c101d-54eb-42ba-b83d-d356a75bf79c: shutdown LeaderElection
datanode_3  | 2019-10-16 05:23:54,552 INFO impl.RoleInfo: 39eb6874-cefe-423d-90d8-70cb9162b8c7: shutdown FollowerState
datanode_2  | 2019-10-16 05:23:54,637 INFO server.RaftServerConfigKeys: raft.server.watch.timeout = 10s (default)
om_1        | 	at org.apache.hadoop.ozone.lock.LockManager.getLockForReleasing(LockManager.java:220)
datanode_1  | 2019-10-16 05:23:54,762 INFO impl.RoleInfo: 989c101d-54eb-42ba-b83d-d356a75bf79c: start FollowerState
datanode_2  | 2019-10-16 05:23:54,637 INFO server.RaftServerConfigKeys: raft.server.watch.timeout.denomination = 1s (default)
datanode_3  | 2019-10-16 05:23:54,552 INFO impl.FollowerState: 39eb6874-cefe-423d-90d8-70cb9162b8c7@group-EB869F540DAB-FollowerState was interrupted: java.lang.InterruptedException: sleep interrupted
om_1        | 	at org.apache.hadoop.ozone.lock.LockManager.release(LockManager.java:168)
datanode_2  | 2019-10-16 05:23:54,637 INFO server.RaftServerConfigKeys: raft.server.watch.element-limit = 65536 (default)
datanode_1  | 2019-10-16 05:23:54,917 INFO impl.FollowerState: 989c101d-54eb-42ba-b83d-d356a75bf79c@group-EB869F540DAB-FollowerState: change to CANDIDATE, lastRpcTime:155ms, electionTimeout:155ms
datanode_3  | 2019-10-16 05:23:54,552 INFO impl.RoleInfo: 39eb6874-cefe-423d-90d8-70cb9162b8c7: start FollowerState
om_1        | 	at org.apache.hadoop.ozone.lock.LockManager.writeUnlock(LockManager.java:148)
datanode_2  | 2019-10-16 05:23:54,643 INFO server.RaftServerConfigKeys: raft.server.log.appender.snapshot.chunk.size.max = 16MB (=16777216) (default)
datanode_1  | 2019-10-16 05:23:54,918 INFO impl.RoleInfo: 989c101d-54eb-42ba-b83d-d356a75bf79c: shutdown FollowerState
datanode_3  | 2019-10-16 05:23:54,607 INFO impl.RaftServerImpl: 39eb6874-cefe-423d-90d8-70cb9162b8c7@group-EB869F540DAB: changes role from  FOLLOWER to FOLLOWER at term 8 for recognizeCandidate:e732cb6f-7fe4-4b1c-bcf0-b9f2c70bb144
om_1        | 	at org.apache.hadoop.ozone.om.lock.OzoneManagerLock.unlock(OzoneManagerLock.java:364)
datanode_2  | 2019-10-16 05:23:54,643 INFO server.RaftServerConfigKeys: raft.server.log.appender.buffer.byte-limit = 33554432 (custom)
datanode_1  | 2019-10-16 05:23:54,918 INFO impl.RaftServerImpl: 989c101d-54eb-42ba-b83d-d356a75bf79c@group-EB869F540DAB: changes role from  FOLLOWER to CANDIDATE at term 10 for changeToCandidate
datanode_3  | 2019-10-16 05:23:54,607 INFO impl.RoleInfo: 39eb6874-cefe-423d-90d8-70cb9162b8c7: shutdown FollowerState
om_1        | 	at org.apache.hadoop.ozone.om.lock.OzoneManagerLock.releaseWriteLock(OzoneManagerLock.java:329)
datanode_2  | 2019-10-16 05:23:54,643 INFO server.RaftServerConfigKeys: raft.server.log.appender.buffer.element-limit = 1 (custom)
datanode_1  | 2019-10-16 05:23:54,919 INFO impl.RoleInfo: 989c101d-54eb-42ba-b83d-d356a75bf79c: start LeaderElection
datanode_3  | 2019-10-16 05:23:54,607 INFO impl.RoleInfo: 39eb6874-cefe-423d-90d8-70cb9162b8c7: start FollowerState
om_1        | 	at org.apache.hadoop.ozone.om.request.key.OMKeyCommitRequest.validateAndUpdateCache(OMKeyCommitRequest.java:177)
datanode_1  | 2019-10-16 05:23:54,951 INFO impl.LeaderElection: 989c101d-54eb-42ba-b83d-d356a75bf79c@group-EB869F540DAB-LeaderElection6: begin an election at term 11 for -1: [e732cb6f-7fe4-4b1c-bcf0-b9f2c70bb144:172.18.0.4:9858, 989c101d-54eb-42ba-b83d-d356a75bf79c:172.18.0.2:9858, 39eb6874-cefe-423d-90d8-70cb9162b8c7:172.18.0.5:9858], old=null
datanode_3  | 2019-10-16 05:23:54,607 INFO impl.FollowerState: 39eb6874-cefe-423d-90d8-70cb9162b8c7@group-EB869F540DAB-FollowerState was interrupted: java.lang.InterruptedException: sleep interrupted
datanode_2  | 2019-10-16 05:23:54,647 INFO grpc.GrpcConfigKeys$Server: raft.grpc.server.leader.outstanding.appends.max = 128 (default)
datanode_1  | 2019-10-16 05:23:54,972 INFO impl.LeaderElection: 989c101d-54eb-42ba-b83d-d356a75bf79c@group-EB869F540DAB-LeaderElection6: Election TIMEOUT; received 0 response(s) [] and 0 exception(s); 989c101d-54eb-42ba-b83d-d356a75bf79c@group-EB869F540DAB:t11, leader=null, voted=989c101d-54eb-42ba-b83d-d356a75bf79c, raftlog=989c101d-54eb-42ba-b83d-d356a75bf79c@group-EB869F540DAB-SegmentedRaftLog:OPENED:c-1,f-1,i0, conf=-1: [e732cb6f-7fe4-4b1c-bcf0-b9f2c70bb144:172.18.0.4:9858, 989c101d-54eb-42ba-b83d-d356a75bf79c:172.18.0.2:9858, 39eb6874-cefe-423d-90d8-70cb9162b8c7:172.18.0.5:9858], old=null
datanode_3  | 2019-10-16 05:23:54,695 INFO impl.RaftServerImpl: 39eb6874-cefe-423d-90d8-70cb9162b8c7@group-EB869F540DAB: changes role from  FOLLOWER to FOLLOWER at term 9 for recognizeCandidate:989c101d-54eb-42ba-b83d-d356a75bf79c
datanode_2  | 2019-10-16 05:23:54,647 INFO server.RaftServerConfigKeys: raft.server.rpc.request.timeout = 3000ms (default)
datanode_1  | 2019-10-16 05:23:54,996 INFO impl.LeaderElection: 989c101d-54eb-42ba-b83d-d356a75bf79c@group-EB869F540DAB-LeaderElection6: begin an election at term 12 for -1: [e732cb6f-7fe4-4b1c-bcf0-b9f2c70bb144:172.18.0.4:9858, 989c101d-54eb-42ba-b83d-d356a75bf79c:172.18.0.2:9858, 39eb6874-cefe-423d-90d8-70cb9162b8c7:172.18.0.5:9858], old=null
om_1        | 	at org.apache.hadoop.ozone.protocolPB.OzoneManagerProtocolServerSideTranslatorPB.submitRequestDirectlyToOM(OzoneManagerProtocolServerSideTranslatorPB.java:219)
datanode_3  | 2019-10-16 05:23:54,695 INFO impl.RoleInfo: 39eb6874-cefe-423d-90d8-70cb9162b8c7: shutdown FollowerState
datanode_2  | 2019-10-16 05:23:54,647 INFO server.RaftServerConfigKeys: raft.server.log.appender.install.snapshot.enabled = false (custom)
datanode_1  | 2019-10-16 05:23:55,057 INFO impl.LeaderElection: 989c101d-54eb-42ba-b83d-d356a75bf79c@group-EB869F540DAB-LeaderElection6: Election REJECTED; received 2 response(s) [989c101d-54eb-42ba-b83d-d356a75bf79c<-e732cb6f-7fe4-4b1c-bcf0-b9f2c70bb144#0:FAIL-t12, 989c101d-54eb-42ba-b83d-d356a75bf79c<-39eb6874-cefe-423d-90d8-70cb9162b8c7#0:FAIL-t12] and 0 exception(s); 989c101d-54eb-42ba-b83d-d356a75bf79c@group-EB869F540DAB:t12, leader=null, voted=989c101d-54eb-42ba-b83d-d356a75bf79c, raftlog=989c101d-54eb-42ba-b83d-d356a75bf79c@group-EB869F540DAB-SegmentedRaftLog:OPENED:c-1,f-1,i0, conf=-1: [e732cb6f-7fe4-4b1c-bcf0-b9f2c70bb144:172.18.0.4:9858, 989c101d-54eb-42ba-b83d-d356a75bf79c:172.18.0.2:9858, 39eb6874-cefe-423d-90d8-70cb9162b8c7:172.18.0.5:9858], old=null
om_1        | 	at org.apache.hadoop.ozone.protocolPB.OzoneManagerProtocolServerSideTranslatorPB.processRequest(OzoneManagerProtocolServerSideTranslatorPB.java:134)
datanode_3  | 2019-10-16 05:23:54,695 INFO impl.FollowerState: 39eb6874-cefe-423d-90d8-70cb9162b8c7@group-EB869F540DAB-FollowerState was interrupted: java.lang.InterruptedException: sleep interrupted
datanode_2  | 2019-10-16 05:23:54,652 INFO server.RaftServerConfigKeys: raft.server.log.appender.snapshot.chunk.size.max = 16MB (=16777216) (default)
datanode_1  | 2019-10-16 05:23:55,058 INFO impl.RaftServerImpl: 989c101d-54eb-42ba-b83d-d356a75bf79c@group-EB869F540DAB: changes role from CANDIDATE to FOLLOWER at term 12 for DISCOVERED_A_NEW_TERM
om_1        | 	at org.apache.hadoop.hdds.server.OzoneProtocolMessageDispatcher.processRequest(OzoneProtocolMessageDispatcher.java:72)
datanode_3  | 2019-10-16 05:23:54,695 INFO impl.RoleInfo: 39eb6874-cefe-423d-90d8-70cb9162b8c7: start FollowerState
datanode_2  | 2019-10-16 05:23:54,652 INFO server.RaftServerConfigKeys: raft.server.log.appender.buffer.byte-limit = 33554432 (custom)
datanode_1  | 2019-10-16 05:23:55,058 INFO impl.RoleInfo: 989c101d-54eb-42ba-b83d-d356a75bf79c: shutdown LeaderElection
om_1        | 	at org.apache.hadoop.ozone.protocolPB.OzoneManagerProtocolServerSideTranslatorPB.submitRequest(OzoneManagerProtocolServerSideTranslatorPB.java:100)
datanode_3  | 2019-10-16 05:23:54,729 INFO impl.RaftServerImpl: 39eb6874-cefe-423d-90d8-70cb9162b8c7@group-EB869F540DAB: changes role from  FOLLOWER to FOLLOWER at term 10 for recognizeCandidate:989c101d-54eb-42ba-b83d-d356a75bf79c
datanode_2  | 2019-10-16 05:23:54,652 INFO server.RaftServerConfigKeys: raft.server.log.appender.buffer.element-limit = 1 (custom)
om_1        | 	at org.apache.hadoop.ozone.protocol.proto.OzoneManagerProtocolProtos$OzoneManagerService$2.callBlockingMethod(OzoneManagerProtocolProtos.java)
datanode_1  | 2019-10-16 05:23:55,058 INFO impl.RoleInfo: 989c101d-54eb-42ba-b83d-d356a75bf79c: start FollowerState
datanode_3  | 2019-10-16 05:23:54,729 INFO impl.RoleInfo: 39eb6874-cefe-423d-90d8-70cb9162b8c7: shutdown FollowerState
datanode_2  | 2019-10-16 05:23:54,653 INFO grpc.GrpcConfigKeys$Server: raft.grpc.server.leader.outstanding.appends.max = 128 (default)
om_1        | 	at org.apache.hadoop.ipc.ProtobufRpcEngine$Server$ProtoBufRpcInvoker.call(ProtobufRpcEngine.java:524)
datanode_1  | 2019-10-16 05:23:55,138 INFO impl.FollowerState: 989c101d-54eb-42ba-b83d-d356a75bf79c@group-EB869F540DAB-FollowerState: change to CANDIDATE, lastRpcTime:79ms, electionTimeout:79ms
datanode_3  | 2019-10-16 05:23:54,731 INFO server.GrpcServerProtocolService: 39eb6874-cefe-423d-90d8-70cb9162b8c7: Completed APPEND_ENTRIES, lastRequest: e732cb6f-7fe4-4b1c-bcf0-b9f2c70bb144->39eb6874-cefe-423d-90d8-70cb9162b8c7#0-t8, previous=(t:0, i:0), leaderCommit=-1, initializing? false, entries: <empty>
datanode_2  | 2019-10-16 05:23:54,653 INFO server.RaftServerConfigKeys: raft.server.rpc.request.timeout = 3000ms (default)
om_1        | 	at org.apache.hadoop.ipc.RPC$Server.call(RPC.java:1025)
datanode_3  | 2019-10-16 05:23:54,731 INFO impl.FollowerState: 39eb6874-cefe-423d-90d8-70cb9162b8c7@group-EB869F540DAB-FollowerState was interrupted: java.lang.InterruptedException: sleep interrupted
datanode_2  | 2019-10-16 05:23:54,653 INFO server.RaftServerConfigKeys: raft.server.log.appender.install.snapshot.enabled = false (custom)
datanode_1  | 2019-10-16 05:23:55,138 INFO impl.RoleInfo: 989c101d-54eb-42ba-b83d-d356a75bf79c: shutdown FollowerState
datanode_3  | 2019-10-16 05:23:54,731 INFO impl.RoleInfo: 39eb6874-cefe-423d-90d8-70cb9162b8c7: start FollowerState
datanode_2  | 2019-10-16 05:23:54,659 INFO impl.RoleInfo: e732cb6f-7fe4-4b1c-bcf0-b9f2c70bb144: start LeaderState
datanode_1  | 2019-10-16 05:23:55,139 INFO impl.RaftServerImpl: 989c101d-54eb-42ba-b83d-d356a75bf79c@group-EB869F540DAB: changes role from  FOLLOWER to CANDIDATE at term 12 for changeToCandidate
om_1        | 	at org.apache.hadoop.ipc.Server$RpcCall.run(Server.java:876)
datanode_3  | 2019-10-16 05:23:54,974 INFO impl.RaftServerImpl: 39eb6874-cefe-423d-90d8-70cb9162b8c7@group-EB869F540DAB: changes role from  FOLLOWER to FOLLOWER at term 11 for recognizeCandidate:989c101d-54eb-42ba-b83d-d356a75bf79c
datanode_2  | 2019-10-16 05:23:54,659 INFO segmented.SegmentedRaftLogWorker: e732cb6f-7fe4-4b1c-bcf0-b9f2c70bb144@group-EB869F540DAB-SegmentedRaftLogWorker: Starting segment from index:0
datanode_1  | 2019-10-16 05:23:55,139 INFO impl.RoleInfo: 989c101d-54eb-42ba-b83d-d356a75bf79c: start LeaderElection
om_1        | 	at org.apache.hadoop.ipc.Server$RpcCall.run(Server.java:822)
datanode_3  | 2019-10-16 05:23:54,975 INFO impl.RoleInfo: 39eb6874-cefe-423d-90d8-70cb9162b8c7: shutdown FollowerState
datanode_2  | 2019-10-16 05:23:54,660 INFO impl.RaftServerImpl: e732cb6f-7fe4-4b1c-bcf0-b9f2c70bb144@group-EB869F540DAB: set configuration 0: [e732cb6f-7fe4-4b1c-bcf0-b9f2c70bb144:172.18.0.4:9858, 989c101d-54eb-42ba-b83d-d356a75bf79c:172.18.0.2:9858, 39eb6874-cefe-423d-90d8-70cb9162b8c7:172.18.0.5:9858], old=null at 0
datanode_1  | 2019-10-16 05:23:55,163 INFO impl.LeaderElection: 989c101d-54eb-42ba-b83d-d356a75bf79c@group-EB869F540DAB-LeaderElection7: begin an election at term 13 for -1: [e732cb6f-7fe4-4b1c-bcf0-b9f2c70bb144:172.18.0.4:9858, 989c101d-54eb-42ba-b83d-d356a75bf79c:172.18.0.2:9858, 39eb6874-cefe-423d-90d8-70cb9162b8c7:172.18.0.5:9858], old=null
datanode_3  | 2019-10-16 05:23:54,975 INFO impl.RoleInfo: 39eb6874-cefe-423d-90d8-70cb9162b8c7: start FollowerState
datanode_2  | 2019-10-16 05:23:54,699 INFO impl.RaftServerImpl: e732cb6f-7fe4-4b1c-bcf0-b9f2c70bb144@group-EB869F540DAB: change Leader from e732cb6f-7fe4-4b1c-bcf0-b9f2c70bb144 to null at term 9 for updateCurrentTerm
datanode_1  | 2019-10-16 05:23:55,206 INFO impl.LeaderElection: 989c101d-54eb-42ba-b83d-d356a75bf79c@group-EB869F540DAB-LeaderElection7: Election REJECTED; received 2 response(s) [989c101d-54eb-42ba-b83d-d356a75bf79c<-e732cb6f-7fe4-4b1c-bcf0-b9f2c70bb144#0:FAIL-t13, 989c101d-54eb-42ba-b83d-d356a75bf79c<-39eb6874-cefe-423d-90d8-70cb9162b8c7#0:FAIL-t13] and 0 exception(s); 989c101d-54eb-42ba-b83d-d356a75bf79c@group-EB869F540DAB:t13, leader=null, voted=989c101d-54eb-42ba-b83d-d356a75bf79c, raftlog=989c101d-54eb-42ba-b83d-d356a75bf79c@group-EB869F540DAB-SegmentedRaftLog:OPENED:c-1,f-1,i0, conf=-1: [e732cb6f-7fe4-4b1c-bcf0-b9f2c70bb144:172.18.0.4:9858, 989c101d-54eb-42ba-b83d-d356a75bf79c:172.18.0.2:9858, 39eb6874-cefe-423d-90d8-70cb9162b8c7:172.18.0.5:9858], old=null
om_1        | 	at java.base/java.security.AccessController.doPrivileged(Native Method)
datanode_3  | 2019-10-16 05:23:54,975 INFO impl.FollowerState: 39eb6874-cefe-423d-90d8-70cb9162b8c7@group-EB869F540DAB-FollowerState was interrupted: java.lang.InterruptedException: sleep interrupted
datanode_2  | 2019-10-16 05:23:54,700 INFO impl.RaftServerImpl: e732cb6f-7fe4-4b1c-bcf0-b9f2c70bb144@group-EB869F540DAB: changes role from    LEADER to FOLLOWER at term 9 for recognizeCandidate:989c101d-54eb-42ba-b83d-d356a75bf79c
datanode_1  | 2019-10-16 05:23:55,208 INFO impl.RaftServerImpl: 989c101d-54eb-42ba-b83d-d356a75bf79c@group-EB869F540DAB: changes role from CANDIDATE to FOLLOWER at term 13 for DISCOVERED_A_NEW_TERM
om_1        | 	at java.base/javax.security.auth.Subject.doAs(Subject.java:423)
datanode_3  | 2019-10-16 05:23:55,027 INFO impl.RaftServerImpl: 39eb6874-cefe-423d-90d8-70cb9162b8c7@group-EB869F540DAB: changes role from  FOLLOWER to FOLLOWER at term 12 for recognizeCandidate:989c101d-54eb-42ba-b83d-d356a75bf79c
datanode_2  | 2019-10-16 05:23:54,700 INFO impl.RoleInfo: e732cb6f-7fe4-4b1c-bcf0-b9f2c70bb144: shutdown LeaderState
datanode_1  | 2019-10-16 05:23:55,208 INFO impl.RoleInfo: 989c101d-54eb-42ba-b83d-d356a75bf79c: shutdown LeaderElection
datanode_3  | 2019-10-16 05:23:55,027 INFO impl.RoleInfo: 39eb6874-cefe-423d-90d8-70cb9162b8c7: shutdown FollowerState
datanode_2  | 2019-10-16 05:23:54,701 WARN server.GrpcLogAppender: e732cb6f-7fe4-4b1c-bcf0-b9f2c70bb144@group-EB869F540DAB->39eb6874-cefe-423d-90d8-70cb9162b8c7-GrpcLogAppender: Wait interrupted by java.lang.InterruptedException
datanode_1  | 2019-10-16 05:23:55,208 INFO impl.RoleInfo: 989c101d-54eb-42ba-b83d-d356a75bf79c: start FollowerState
om_1        | 	at org.apache.hadoop.security.UserGroupInformation.doAs(UserGroupInformation.java:1730)
datanode_3  | 2019-10-16 05:23:55,027 INFO impl.RoleInfo: 39eb6874-cefe-423d-90d8-70cb9162b8c7: start FollowerState
datanode_2  | 2019-10-16 05:23:54,701 WARN server.GrpcLogAppender: e732cb6f-7fe4-4b1c-bcf0-b9f2c70bb144@group-EB869F540DAB->989c101d-54eb-42ba-b83d-d356a75bf79c-GrpcLogAppender: Wait interrupted by java.lang.InterruptedException
datanode_1  | 2019-10-16 05:23:55,274 INFO impl.FollowerState: 989c101d-54eb-42ba-b83d-d356a75bf79c@group-EB869F540DAB-FollowerState: change to CANDIDATE, lastRpcTime:65ms, electionTimeout:65ms
om_1        | 	at org.apache.hadoop.ipc.Server$Handler.run(Server.java:2682)
datanode_3  | 2019-10-16 05:23:55,027 INFO impl.FollowerState: 39eb6874-cefe-423d-90d8-70cb9162b8c7@group-EB869F540DAB-FollowerState was interrupted: java.lang.InterruptedException: sleep interrupted
datanode_2  | 2019-10-16 05:23:54,702 INFO impl.PendingRequests: e732cb6f-7fe4-4b1c-bcf0-b9f2c70bb144@group-EB869F540DAB-PendingRequests: sendNotLeaderResponses
datanode_1  | 2019-10-16 05:23:55,275 INFO impl.RoleInfo: 989c101d-54eb-42ba-b83d-d356a75bf79c: shutdown FollowerState
om_1        | 2019-10-16 05:24:09,611 [IPC Server handler 8 on 9862] ERROR      - Trying to release the lock on /vol-0-66790/bucket-0-31021, which was never acquired.
datanode_3  | 2019-10-16 05:23:55,182 INFO impl.RaftServerImpl: 39eb6874-cefe-423d-90d8-70cb9162b8c7@group-EB869F540DAB: changes role from  FOLLOWER to FOLLOWER at term 13 for recognizeCandidate:989c101d-54eb-42ba-b83d-d356a75bf79c
datanode_2  | 2019-10-16 05:23:54,703 INFO impl.RoleInfo: e732cb6f-7fe4-4b1c-bcf0-b9f2c70bb144: start FollowerState
datanode_1  | 2019-10-16 05:23:55,275 INFO impl.RaftServerImpl: 989c101d-54eb-42ba-b83d-d356a75bf79c@group-EB869F540DAB: changes role from  FOLLOWER to CANDIDATE at term 13 for changeToCandidate
om_1        | 2019-10-16 05:24:09,611 WARN ipc.Server: IPC Server handler 8 on 9862, call Call#62 Retry#6 org.apache.hadoop.ozone.om.protocol.OzoneManagerProtocol.submitRequest from 172.18.0.7:57790
datanode_3  | 2019-10-16 05:23:55,182 INFO impl.RoleInfo: 39eb6874-cefe-423d-90d8-70cb9162b8c7: shutdown FollowerState
datanode_2  | 2019-10-16 05:23:54,724 INFO segmented.SegmentedRaftLogWorker: e732cb6f-7fe4-4b1c-bcf0-b9f2c70bb144@group-EB869F540DAB-SegmentedRaftLogWorker: created new log segment /data/metadata/ratis/a0f5a516-0cba-4ab1-9c53-eb869f540dab/current/log_inprogress_0
datanode_1  | 2019-10-16 05:23:55,275 INFO impl.RoleInfo: 989c101d-54eb-42ba-b83d-d356a75bf79c: start LeaderElection
om_1        | java.lang.IllegalMonitorStateException: Releasing lock on resource /vol-0-66790/bucket-0-31021 without acquiring lock
datanode_3  | 2019-10-16 05:23:55,183 INFO impl.RoleInfo: 39eb6874-cefe-423d-90d8-70cb9162b8c7: start FollowerState
datanode_2  | 2019-10-16 05:23:54,727 INFO impl.RaftServerImpl: e732cb6f-7fe4-4b1c-bcf0-b9f2c70bb144@group-EB869F540DAB: changes role from  FOLLOWER to FOLLOWER at term 10 for recognizeCandidate:989c101d-54eb-42ba-b83d-d356a75bf79c
datanode_1  | 2019-10-16 05:23:55,301 INFO impl.LeaderElection: 989c101d-54eb-42ba-b83d-d356a75bf79c@group-EB869F540DAB-LeaderElection8: begin an election at term 14 for -1: [e732cb6f-7fe4-4b1c-bcf0-b9f2c70bb144:172.18.0.4:9858, 989c101d-54eb-42ba-b83d-d356a75bf79c:172.18.0.2:9858, 39eb6874-cefe-423d-90d8-70cb9162b8c7:172.18.0.5:9858], old=null
om_1        | 	at org.apache.hadoop.ozone.lock.LockManager.getLockForReleasing(LockManager.java:220)
datanode_3  | 2019-10-16 05:23:55,183 INFO impl.FollowerState: 39eb6874-cefe-423d-90d8-70cb9162b8c7@group-EB869F540DAB-FollowerState was interrupted: java.lang.InterruptedException: sleep interrupted
datanode_2  | 2019-10-16 05:23:54,727 INFO impl.RoleInfo: e732cb6f-7fe4-4b1c-bcf0-b9f2c70bb144: shutdown FollowerState
om_1        | 	at org.apache.hadoop.ozone.lock.LockManager.release(LockManager.java:168)
datanode_1  | 2019-10-16 05:23:55,334 INFO impl.LeaderElection: 989c101d-54eb-42ba-b83d-d356a75bf79c@group-EB869F540DAB-LeaderElection8: Election REJECTED; received 2 response(s) [989c101d-54eb-42ba-b83d-d356a75bf79c<-e732cb6f-7fe4-4b1c-bcf0-b9f2c70bb144#0:FAIL-t14, 989c101d-54eb-42ba-b83d-d356a75bf79c<-39eb6874-cefe-423d-90d8-70cb9162b8c7#0:FAIL-t14] and 0 exception(s); 989c101d-54eb-42ba-b83d-d356a75bf79c@group-EB869F540DAB:t14, leader=null, voted=989c101d-54eb-42ba-b83d-d356a75bf79c, raftlog=989c101d-54eb-42ba-b83d-d356a75bf79c@group-EB869F540DAB-SegmentedRaftLog:OPENED:c-1,f-1,i0, conf=-1: [e732cb6f-7fe4-4b1c-bcf0-b9f2c70bb144:172.18.0.4:9858, 989c101d-54eb-42ba-b83d-d356a75bf79c:172.18.0.2:9858, 39eb6874-cefe-423d-90d8-70cb9162b8c7:172.18.0.5:9858], old=null
datanode_3  | 2019-10-16 05:23:55,318 INFO impl.RaftServerImpl: 39eb6874-cefe-423d-90d8-70cb9162b8c7@group-EB869F540DAB: changes role from  FOLLOWER to FOLLOWER at term 14 for recognizeCandidate:989c101d-54eb-42ba-b83d-d356a75bf79c
datanode_2  | 2019-10-16 05:23:54,727 INFO impl.RoleInfo: e732cb6f-7fe4-4b1c-bcf0-b9f2c70bb144: start FollowerState
datanode_1  | 2019-10-16 05:23:55,335 INFO impl.RaftServerImpl: 989c101d-54eb-42ba-b83d-d356a75bf79c@group-EB869F540DAB: changes role from CANDIDATE to FOLLOWER at term 14 for DISCOVERED_A_NEW_TERM
om_1        | 	at org.apache.hadoop.ozone.lock.LockManager.writeUnlock(LockManager.java:148)
datanode_3  | 2019-10-16 05:23:55,318 INFO impl.RoleInfo: 39eb6874-cefe-423d-90d8-70cb9162b8c7: shutdown FollowerState
datanode_2  | 2019-10-16 05:23:54,727 INFO impl.FollowerState: e732cb6f-7fe4-4b1c-bcf0-b9f2c70bb144@group-EB869F540DAB-FollowerState was interrupted: java.lang.InterruptedException: sleep interrupted
datanode_1  | 2019-10-16 05:23:55,335 INFO impl.RoleInfo: 989c101d-54eb-42ba-b83d-d356a75bf79c: shutdown LeaderElection
om_1        | 	at org.apache.hadoop.ozone.om.lock.OzoneManagerLock.unlock(OzoneManagerLock.java:364)
datanode_3  | 2019-10-16 05:23:55,318 INFO impl.RoleInfo: 39eb6874-cefe-423d-90d8-70cb9162b8c7: start FollowerState
datanode_1  | 2019-10-16 05:23:55,335 INFO impl.RoleInfo: 989c101d-54eb-42ba-b83d-d356a75bf79c: start FollowerState
datanode_2  | 2019-10-16 05:23:54,742 INFO server.GrpcLogAppender: e732cb6f-7fe4-4b1c-bcf0-b9f2c70bb144@group-EB869F540DAB->989c101d-54eb-42ba-b83d-d356a75bf79c-AppendLogResponseHandler: follower responses appendEntries COMPLETED
om_1        | 	at org.apache.hadoop.ozone.om.lock.OzoneManagerLock.releaseWriteLock(OzoneManagerLock.java:329)
datanode_3  | 2019-10-16 05:23:55,318 INFO impl.FollowerState: 39eb6874-cefe-423d-90d8-70cb9162b8c7@group-EB869F540DAB-FollowerState was interrupted: java.lang.InterruptedException: sleep interrupted
datanode_1  | 2019-10-16 05:23:55,454 INFO impl.FollowerState: 989c101d-54eb-42ba-b83d-d356a75bf79c@group-EB869F540DAB-FollowerState: change to CANDIDATE, lastRpcTime:119ms, electionTimeout:119ms
datanode_2  | 2019-10-16 05:23:54,742 INFO server.GrpcLogAppender: e732cb6f-7fe4-4b1c-bcf0-b9f2c70bb144@group-EB869F540DAB->39eb6874-cefe-423d-90d8-70cb9162b8c7-AppendLogResponseHandler: follower responses appendEntries COMPLETED
om_1        | 	at org.apache.hadoop.ozone.om.request.key.OMKeyCommitRequest.validateAndUpdateCache(OMKeyCommitRequest.java:177)
datanode_3  | 2019-10-16 05:23:55,496 INFO impl.RaftServerImpl: 39eb6874-cefe-423d-90d8-70cb9162b8c7@group-EB869F540DAB: changes role from  FOLLOWER to FOLLOWER at term 15 for recognizeCandidate:989c101d-54eb-42ba-b83d-d356a75bf79c
datanode_1  | 2019-10-16 05:23:55,455 INFO impl.RoleInfo: 989c101d-54eb-42ba-b83d-d356a75bf79c: shutdown FollowerState
datanode_2  | 2019-10-16 05:23:54,750 INFO impl.FollowerInfo: e732cb6f-7fe4-4b1c-bcf0-b9f2c70bb144@group-EB869F540DAB->39eb6874-cefe-423d-90d8-70cb9162b8c7: nextIndex: updateUnconditionally 0 -> 0
om_1        | 	at org.apache.hadoop.ozone.protocolPB.OzoneManagerProtocolServerSideTranslatorPB.submitRequestDirectlyToOM(OzoneManagerProtocolServerSideTranslatorPB.java:219)
datanode_3  | 2019-10-16 05:23:55,496 INFO impl.RoleInfo: 39eb6874-cefe-423d-90d8-70cb9162b8c7: shutdown FollowerState
datanode_1  | 2019-10-16 05:23:55,455 INFO impl.RaftServerImpl: 989c101d-54eb-42ba-b83d-d356a75bf79c@group-EB869F540DAB: changes role from  FOLLOWER to CANDIDATE at term 14 for changeToCandidate
datanode_2  | 2019-10-16 05:23:54,750 INFO impl.FollowerInfo: e732cb6f-7fe4-4b1c-bcf0-b9f2c70bb144@group-EB869F540DAB->989c101d-54eb-42ba-b83d-d356a75bf79c: nextIndex: updateUnconditionally 0 -> 0
om_1        | 	at org.apache.hadoop.ozone.protocolPB.OzoneManagerProtocolServerSideTranslatorPB.processRequest(OzoneManagerProtocolServerSideTranslatorPB.java:134)
datanode_1  | 2019-10-16 05:23:55,455 INFO impl.RoleInfo: 989c101d-54eb-42ba-b83d-d356a75bf79c: start LeaderElection
datanode_3  | 2019-10-16 05:23:55,496 INFO impl.FollowerState: 39eb6874-cefe-423d-90d8-70cb9162b8c7@group-EB869F540DAB-FollowerState was interrupted: java.lang.InterruptedException: sleep interrupted
datanode_2  | 2019-10-16 05:23:54,970 INFO impl.RaftServerImpl: e732cb6f-7fe4-4b1c-bcf0-b9f2c70bb144@group-EB869F540DAB: changes role from  FOLLOWER to FOLLOWER at term 11 for recognizeCandidate:989c101d-54eb-42ba-b83d-d356a75bf79c
om_1        | 	at org.apache.hadoop.hdds.server.OzoneProtocolMessageDispatcher.processRequest(OzoneProtocolMessageDispatcher.java:72)
datanode_1  | 2019-10-16 05:23:55,479 INFO impl.LeaderElection: 989c101d-54eb-42ba-b83d-d356a75bf79c@group-EB869F540DAB-LeaderElection9: begin an election at term 15 for -1: [e732cb6f-7fe4-4b1c-bcf0-b9f2c70bb144:172.18.0.4:9858, 989c101d-54eb-42ba-b83d-d356a75bf79c:172.18.0.2:9858, 39eb6874-cefe-423d-90d8-70cb9162b8c7:172.18.0.5:9858], old=null
datanode_3  | 2019-10-16 05:23:55,496 INFO impl.RoleInfo: 39eb6874-cefe-423d-90d8-70cb9162b8c7: start FollowerState
datanode_2  | 2019-10-16 05:23:54,970 INFO impl.RoleInfo: e732cb6f-7fe4-4b1c-bcf0-b9f2c70bb144: shutdown FollowerState
om_1        | 	at org.apache.hadoop.ozone.protocolPB.OzoneManagerProtocolServerSideTranslatorPB.submitRequest(OzoneManagerProtocolServerSideTranslatorPB.java:100)
datanode_1  | 2019-10-16 05:23:55,526 INFO impl.LeaderElection: 989c101d-54eb-42ba-b83d-d356a75bf79c@group-EB869F540DAB-LeaderElection9: Election REJECTED; received 2 response(s) [989c101d-54eb-42ba-b83d-d356a75bf79c<-e732cb6f-7fe4-4b1c-bcf0-b9f2c70bb144#0:FAIL-t15, 989c101d-54eb-42ba-b83d-d356a75bf79c<-39eb6874-cefe-423d-90d8-70cb9162b8c7#0:FAIL-t15] and 0 exception(s); 989c101d-54eb-42ba-b83d-d356a75bf79c@group-EB869F540DAB:t15, leader=null, voted=989c101d-54eb-42ba-b83d-d356a75bf79c, raftlog=989c101d-54eb-42ba-b83d-d356a75bf79c@group-EB869F540DAB-SegmentedRaftLog:OPENED:c-1,f-1,i0, conf=-1: [e732cb6f-7fe4-4b1c-bcf0-b9f2c70bb144:172.18.0.4:9858, 989c101d-54eb-42ba-b83d-d356a75bf79c:172.18.0.2:9858, 39eb6874-cefe-423d-90d8-70cb9162b8c7:172.18.0.5:9858], old=null
datanode_3  | 2019-10-16 05:23:55,764 INFO impl.RaftServerImpl: 39eb6874-cefe-423d-90d8-70cb9162b8c7@group-EB869F540DAB: changes role from  FOLLOWER to FOLLOWER at term 16 for recognizeCandidate:989c101d-54eb-42ba-b83d-d356a75bf79c
datanode_2  | 2019-10-16 05:23:54,971 INFO impl.FollowerState: e732cb6f-7fe4-4b1c-bcf0-b9f2c70bb144@group-EB869F540DAB-FollowerState was interrupted: java.lang.InterruptedException: sleep interrupted
datanode_1  | 2019-10-16 05:23:55,526 INFO impl.RaftServerImpl: 989c101d-54eb-42ba-b83d-d356a75bf79c@group-EB869F540DAB: changes role from CANDIDATE to FOLLOWER at term 15 for DISCOVERED_A_NEW_TERM
om_1        | 	at org.apache.hadoop.ozone.protocol.proto.OzoneManagerProtocolProtos$OzoneManagerService$2.callBlockingMethod(OzoneManagerProtocolProtos.java)
datanode_3  | 2019-10-16 05:23:55,764 INFO impl.RoleInfo: 39eb6874-cefe-423d-90d8-70cb9162b8c7: shutdown FollowerState
datanode_2  | 2019-10-16 05:23:54,971 INFO impl.RoleInfo: e732cb6f-7fe4-4b1c-bcf0-b9f2c70bb144: start FollowerState
datanode_1  | 2019-10-16 05:23:55,528 INFO impl.RoleInfo: 989c101d-54eb-42ba-b83d-d356a75bf79c: shutdown LeaderElection
om_1        | 	at org.apache.hadoop.ipc.ProtobufRpcEngine$Server$ProtoBufRpcInvoker.call(ProtobufRpcEngine.java:524)
datanode_3  | 2019-10-16 05:23:55,764 INFO impl.RoleInfo: 39eb6874-cefe-423d-90d8-70cb9162b8c7: start FollowerState
datanode_2  | 2019-10-16 05:23:55,028 INFO impl.RaftServerImpl: e732cb6f-7fe4-4b1c-bcf0-b9f2c70bb144@group-EB869F540DAB: changes role from  FOLLOWER to FOLLOWER at term 12 for recognizeCandidate:989c101d-54eb-42ba-b83d-d356a75bf79c
datanode_1  | 2019-10-16 05:23:55,529 INFO impl.RoleInfo: 989c101d-54eb-42ba-b83d-d356a75bf79c: start FollowerState
om_1        | 	at org.apache.hadoop.ipc.RPC$Server.call(RPC.java:1025)
datanode_3  | 2019-10-16 05:23:55,764 INFO impl.FollowerState: 39eb6874-cefe-423d-90d8-70cb9162b8c7@group-EB869F540DAB-FollowerState was interrupted: java.lang.InterruptedException: sleep interrupted
datanode_1  | 2019-10-16 05:23:55,724 INFO impl.FollowerState: 989c101d-54eb-42ba-b83d-d356a75bf79c@group-EB869F540DAB-FollowerState: change to CANDIDATE, lastRpcTime:195ms, electionTimeout:195ms
datanode_2  | 2019-10-16 05:23:55,028 INFO impl.RoleInfo: e732cb6f-7fe4-4b1c-bcf0-b9f2c70bb144: shutdown FollowerState
om_1        | 	at org.apache.hadoop.ipc.Server$RpcCall.run(Server.java:876)
datanode_2  | 2019-10-16 05:23:55,028 INFO impl.FollowerState: e732cb6f-7fe4-4b1c-bcf0-b9f2c70bb144@group-EB869F540DAB-FollowerState was interrupted: java.lang.InterruptedException: sleep interrupted
datanode_1  | 2019-10-16 05:23:55,725 INFO impl.RoleInfo: 989c101d-54eb-42ba-b83d-d356a75bf79c: shutdown FollowerState
datanode_3  | 2019-10-16 05:23:55,950 INFO impl.RaftServerImpl: 39eb6874-cefe-423d-90d8-70cb9162b8c7@group-EB869F540DAB: changes role from  FOLLOWER to FOLLOWER at term 17 for recognizeCandidate:989c101d-54eb-42ba-b83d-d356a75bf79c
om_1        | 	at org.apache.hadoop.ipc.Server$RpcCall.run(Server.java:822)
datanode_2  | 2019-10-16 05:23:55,028 INFO impl.RoleInfo: e732cb6f-7fe4-4b1c-bcf0-b9f2c70bb144: start FollowerState
datanode_1  | 2019-10-16 05:23:55,725 INFO impl.RaftServerImpl: 989c101d-54eb-42ba-b83d-d356a75bf79c@group-EB869F540DAB: changes role from  FOLLOWER to CANDIDATE at term 15 for changeToCandidate
datanode_3  | 2019-10-16 05:23:55,950 INFO impl.RoleInfo: 39eb6874-cefe-423d-90d8-70cb9162b8c7: shutdown FollowerState
om_1        | 	at java.base/java.security.AccessController.doPrivileged(Native Method)
datanode_2  | 2019-10-16 05:23:55,179 INFO impl.RaftServerImpl: e732cb6f-7fe4-4b1c-bcf0-b9f2c70bb144@group-EB869F540DAB: changes role from  FOLLOWER to FOLLOWER at term 13 for recognizeCandidate:989c101d-54eb-42ba-b83d-d356a75bf79c
datanode_1  | 2019-10-16 05:23:55,726 INFO impl.RoleInfo: 989c101d-54eb-42ba-b83d-d356a75bf79c: start LeaderElection
datanode_3  | 2019-10-16 05:23:55,950 INFO impl.RoleInfo: 39eb6874-cefe-423d-90d8-70cb9162b8c7: start FollowerState
om_1        | 	at java.base/javax.security.auth.Subject.doAs(Subject.java:423)
datanode_2  | 2019-10-16 05:23:55,179 INFO impl.RoleInfo: e732cb6f-7fe4-4b1c-bcf0-b9f2c70bb144: shutdown FollowerState
datanode_1  | 2019-10-16 05:23:55,745 INFO impl.LeaderElection: 989c101d-54eb-42ba-b83d-d356a75bf79c@group-EB869F540DAB-LeaderElection10: begin an election at term 16 for -1: [e732cb6f-7fe4-4b1c-bcf0-b9f2c70bb144:172.18.0.4:9858, 989c101d-54eb-42ba-b83d-d356a75bf79c:172.18.0.2:9858, 39eb6874-cefe-423d-90d8-70cb9162b8c7:172.18.0.5:9858], old=null
datanode_3  | 2019-10-16 05:23:55,950 INFO impl.FollowerState: 39eb6874-cefe-423d-90d8-70cb9162b8c7@group-EB869F540DAB-FollowerState was interrupted: java.lang.InterruptedException: sleep interrupted
om_1        | 	at org.apache.hadoop.security.UserGroupInformation.doAs(UserGroupInformation.java:1730)
datanode_2  | 2019-10-16 05:23:55,179 INFO impl.RoleInfo: e732cb6f-7fe4-4b1c-bcf0-b9f2c70bb144: start FollowerState
datanode_1  | 2019-10-16 05:23:55,786 INFO impl.LeaderElection: 989c101d-54eb-42ba-b83d-d356a75bf79c@group-EB869F540DAB-LeaderElection10: Election REJECTED; received 2 response(s) [989c101d-54eb-42ba-b83d-d356a75bf79c<-e732cb6f-7fe4-4b1c-bcf0-b9f2c70bb144#0:FAIL-t16, 989c101d-54eb-42ba-b83d-d356a75bf79c<-39eb6874-cefe-423d-90d8-70cb9162b8c7#0:FAIL-t16] and 0 exception(s); 989c101d-54eb-42ba-b83d-d356a75bf79c@group-EB869F540DAB:t16, leader=null, voted=989c101d-54eb-42ba-b83d-d356a75bf79c, raftlog=989c101d-54eb-42ba-b83d-d356a75bf79c@group-EB869F540DAB-SegmentedRaftLog:OPENED:c-1,f-1,i0, conf=-1: [e732cb6f-7fe4-4b1c-bcf0-b9f2c70bb144:172.18.0.4:9858, 989c101d-54eb-42ba-b83d-d356a75bf79c:172.18.0.2:9858, 39eb6874-cefe-423d-90d8-70cb9162b8c7:172.18.0.5:9858], old=null
datanode_3  | 2019-10-16 05:23:55,984 INFO impl.RaftServerImpl: 39eb6874-cefe-423d-90d8-70cb9162b8c7@group-EB869F540DAB: changes role from  FOLLOWER to FOLLOWER at term 18 for recognizeCandidate:989c101d-54eb-42ba-b83d-d356a75bf79c
om_1        | 	at org.apache.hadoop.ipc.Server$Handler.run(Server.java:2682)
datanode_2  | 2019-10-16 05:23:55,179 INFO impl.FollowerState: e732cb6f-7fe4-4b1c-bcf0-b9f2c70bb144@group-EB869F540DAB-FollowerState was interrupted: java.lang.InterruptedException: sleep interrupted
datanode_1  | 2019-10-16 05:23:55,787 INFO impl.RaftServerImpl: 989c101d-54eb-42ba-b83d-d356a75bf79c@group-EB869F540DAB: changes role from CANDIDATE to FOLLOWER at term 16 for DISCOVERED_A_NEW_TERM
datanode_3  | 2019-10-16 05:23:55,984 INFO impl.RoleInfo: 39eb6874-cefe-423d-90d8-70cb9162b8c7: shutdown FollowerState
om_1        | 2019-10-16 05:24:09,627 [IPC Server handler 9 on 9862] ERROR      - Trying to release the lock on /vol-0-66790/bucket-0-31021, which was never acquired.
datanode_1  | 2019-10-16 05:23:55,787 INFO impl.RoleInfo: 989c101d-54eb-42ba-b83d-d356a75bf79c: shutdown LeaderElection
datanode_3  | 2019-10-16 05:23:55,984 INFO impl.FollowerState: 39eb6874-cefe-423d-90d8-70cb9162b8c7@group-EB869F540DAB-FollowerState was interrupted: java.lang.InterruptedException: sleep interrupted
om_1        | 2019-10-16 05:24:09,627 WARN ipc.Server: IPC Server handler 9 on 9862, call Call#62 Retry#7 org.apache.hadoop.ozone.om.protocol.OzoneManagerProtocol.submitRequest from 172.18.0.7:57790
datanode_2  | 2019-10-16 05:23:55,318 INFO impl.RaftServerImpl: e732cb6f-7fe4-4b1c-bcf0-b9f2c70bb144@group-EB869F540DAB: changes role from  FOLLOWER to FOLLOWER at term 14 for recognizeCandidate:989c101d-54eb-42ba-b83d-d356a75bf79c
datanode_3  | 2019-10-16 05:23:55,984 INFO impl.RoleInfo: 39eb6874-cefe-423d-90d8-70cb9162b8c7: start FollowerState
datanode_1  | 2019-10-16 05:23:55,787 INFO impl.RoleInfo: 989c101d-54eb-42ba-b83d-d356a75bf79c: start FollowerState
om_1        | java.lang.IllegalMonitorStateException: Releasing lock on resource /vol-0-66790/bucket-0-31021 without acquiring lock
datanode_3  | 2019-10-16 05:23:56,245 INFO impl.RaftServerImpl: 39eb6874-cefe-423d-90d8-70cb9162b8c7@group-EB869F540DAB: changes role from  FOLLOWER to FOLLOWER at term 19 for recognizeCandidate:989c101d-54eb-42ba-b83d-d356a75bf79c
datanode_2  | 2019-10-16 05:23:55,318 INFO impl.RoleInfo: e732cb6f-7fe4-4b1c-bcf0-b9f2c70bb144: shutdown FollowerState
datanode_1  | 2019-10-16 05:23:55,897 INFO impl.FollowerState: 989c101d-54eb-42ba-b83d-d356a75bf79c@group-EB869F540DAB-FollowerState: change to CANDIDATE, lastRpcTime:109ms, electionTimeout:109ms
om_1        | 	at org.apache.hadoop.ozone.lock.LockManager.getLockForReleasing(LockManager.java:220)
datanode_3  | 2019-10-16 05:23:56,246 INFO impl.RoleInfo: 39eb6874-cefe-423d-90d8-70cb9162b8c7: shutdown FollowerState
datanode_2  | 2019-10-16 05:23:55,318 INFO impl.FollowerState: e732cb6f-7fe4-4b1c-bcf0-b9f2c70bb144@group-EB869F540DAB-FollowerState was interrupted: java.lang.InterruptedException: sleep interrupted
datanode_1  | 2019-10-16 05:23:55,898 INFO impl.RoleInfo: 989c101d-54eb-42ba-b83d-d356a75bf79c: shutdown FollowerState
om_1        | 	at org.apache.hadoop.ozone.lock.LockManager.release(LockManager.java:168)
datanode_3  | 2019-10-16 05:23:56,246 INFO impl.FollowerState: 39eb6874-cefe-423d-90d8-70cb9162b8c7@group-EB869F540DAB-FollowerState was interrupted: java.lang.InterruptedException: sleep interrupted
datanode_2  | 2019-10-16 05:23:55,318 INFO impl.RoleInfo: e732cb6f-7fe4-4b1c-bcf0-b9f2c70bb144: start FollowerState
datanode_1  | 2019-10-16 05:23:55,898 INFO impl.RaftServerImpl: 989c101d-54eb-42ba-b83d-d356a75bf79c@group-EB869F540DAB: changes role from  FOLLOWER to CANDIDATE at term 16 for changeToCandidate
om_1        | 	at org.apache.hadoop.ozone.lock.LockManager.writeUnlock(LockManager.java:148)
datanode_3  | 2019-10-16 05:23:56,246 INFO impl.RoleInfo: 39eb6874-cefe-423d-90d8-70cb9162b8c7: start FollowerState
datanode_2  | 2019-10-16 05:23:55,494 INFO impl.RaftServerImpl: e732cb6f-7fe4-4b1c-bcf0-b9f2c70bb144@group-EB869F540DAB: changes role from  FOLLOWER to FOLLOWER at term 15 for recognizeCandidate:989c101d-54eb-42ba-b83d-d356a75bf79c
datanode_1  | 2019-10-16 05:23:55,898 INFO impl.RoleInfo: 989c101d-54eb-42ba-b83d-d356a75bf79c: start LeaderElection
om_1        | 	at org.apache.hadoop.ozone.om.lock.OzoneManagerLock.unlock(OzoneManagerLock.java:364)
datanode_3  | 2019-10-16 05:23:56,422 INFO impl.RaftServerImpl: 39eb6874-cefe-423d-90d8-70cb9162b8c7@group-EB869F540DAB: changes role from  FOLLOWER to FOLLOWER at term 20 for recognizeCandidate:989c101d-54eb-42ba-b83d-d356a75bf79c
datanode_2  | 2019-10-16 05:23:55,495 INFO impl.RoleInfo: e732cb6f-7fe4-4b1c-bcf0-b9f2c70bb144: shutdown FollowerState
datanode_1  | 2019-10-16 05:23:55,922 INFO impl.LeaderElection: 989c101d-54eb-42ba-b83d-d356a75bf79c@group-EB869F540DAB-LeaderElection11: begin an election at term 17 for -1: [e732cb6f-7fe4-4b1c-bcf0-b9f2c70bb144:172.18.0.4:9858, 989c101d-54eb-42ba-b83d-d356a75bf79c:172.18.0.2:9858, 39eb6874-cefe-423d-90d8-70cb9162b8c7:172.18.0.5:9858], old=null
om_1        | 	at org.apache.hadoop.ozone.om.lock.OzoneManagerLock.releaseWriteLock(OzoneManagerLock.java:329)
datanode_3  | 2019-10-16 05:23:56,422 INFO impl.RoleInfo: 39eb6874-cefe-423d-90d8-70cb9162b8c7: shutdown FollowerState
datanode_2  | 2019-10-16 05:23:55,495 INFO impl.FollowerState: e732cb6f-7fe4-4b1c-bcf0-b9f2c70bb144@group-EB869F540DAB-FollowerState was interrupted: java.lang.InterruptedException: sleep interrupted
datanode_1  | 2019-10-16 05:23:55,941 INFO impl.LeaderElection: 989c101d-54eb-42ba-b83d-d356a75bf79c@group-EB869F540DAB-LeaderElection11: Election TIMEOUT; received 0 response(s) [] and 0 exception(s); 989c101d-54eb-42ba-b83d-d356a75bf79c@group-EB869F540DAB:t17, leader=null, voted=989c101d-54eb-42ba-b83d-d356a75bf79c, raftlog=989c101d-54eb-42ba-b83d-d356a75bf79c@group-EB869F540DAB-SegmentedRaftLog:OPENED:c-1,f-1,i0, conf=-1: [e732cb6f-7fe4-4b1c-bcf0-b9f2c70bb144:172.18.0.4:9858, 989c101d-54eb-42ba-b83d-d356a75bf79c:172.18.0.2:9858, 39eb6874-cefe-423d-90d8-70cb9162b8c7:172.18.0.5:9858], old=null
om_1        | 	at org.apache.hadoop.ozone.om.request.key.OMKeyCommitRequest.validateAndUpdateCache(OMKeyCommitRequest.java:177)
datanode_3  | 2019-10-16 05:23:56,422 INFO impl.RoleInfo: 39eb6874-cefe-423d-90d8-70cb9162b8c7: start FollowerState
datanode_2  | 2019-10-16 05:23:55,495 INFO impl.RoleInfo: e732cb6f-7fe4-4b1c-bcf0-b9f2c70bb144: start FollowerState
om_1        | 	at org.apache.hadoop.ozone.protocolPB.OzoneManagerProtocolServerSideTranslatorPB.submitRequestDirectlyToOM(OzoneManagerProtocolServerSideTranslatorPB.java:219)
datanode_1  | 2019-10-16 05:23:55,955 INFO impl.LeaderElection: 989c101d-54eb-42ba-b83d-d356a75bf79c@group-EB869F540DAB-LeaderElection11: begin an election at term 18 for -1: [e732cb6f-7fe4-4b1c-bcf0-b9f2c70bb144:172.18.0.4:9858, 989c101d-54eb-42ba-b83d-d356a75bf79c:172.18.0.2:9858, 39eb6874-cefe-423d-90d8-70cb9162b8c7:172.18.0.5:9858], old=null
datanode_3  | 2019-10-16 05:23:56,422 INFO impl.FollowerState: 39eb6874-cefe-423d-90d8-70cb9162b8c7@group-EB869F540DAB-FollowerState was interrupted: java.lang.InterruptedException: sleep interrupted
datanode_2  | 2019-10-16 05:23:55,768 INFO impl.RaftServerImpl: e732cb6f-7fe4-4b1c-bcf0-b9f2c70bb144@group-EB869F540DAB: changes role from  FOLLOWER to FOLLOWER at term 16 for recognizeCandidate:989c101d-54eb-42ba-b83d-d356a75bf79c
om_1        | 	at org.apache.hadoop.ozone.protocolPB.OzoneManagerProtocolServerSideTranslatorPB.processRequest(OzoneManagerProtocolServerSideTranslatorPB.java:134)
datanode_1  | 2019-10-16 05:23:56,024 INFO impl.LeaderElection: 989c101d-54eb-42ba-b83d-d356a75bf79c@group-EB869F540DAB-LeaderElection11: Election REJECTED; received 2 response(s) [989c101d-54eb-42ba-b83d-d356a75bf79c<-e732cb6f-7fe4-4b1c-bcf0-b9f2c70bb144#0:FAIL-t18, 989c101d-54eb-42ba-b83d-d356a75bf79c<-39eb6874-cefe-423d-90d8-70cb9162b8c7#0:FAIL-t18] and 0 exception(s); 989c101d-54eb-42ba-b83d-d356a75bf79c@group-EB869F540DAB:t18, leader=null, voted=989c101d-54eb-42ba-b83d-d356a75bf79c, raftlog=989c101d-54eb-42ba-b83d-d356a75bf79c@group-EB869F540DAB-SegmentedRaftLog:OPENED:c-1,f-1,i0, conf=-1: [e732cb6f-7fe4-4b1c-bcf0-b9f2c70bb144:172.18.0.4:9858, 989c101d-54eb-42ba-b83d-d356a75bf79c:172.18.0.2:9858, 39eb6874-cefe-423d-90d8-70cb9162b8c7:172.18.0.5:9858], old=null
datanode_3  | 2019-10-16 05:23:56,610 INFO impl.RaftServerImpl: 39eb6874-cefe-423d-90d8-70cb9162b8c7@group-EB869F540DAB: changes role from  FOLLOWER to FOLLOWER at term 21 for recognizeCandidate:989c101d-54eb-42ba-b83d-d356a75bf79c
om_1        | 	at org.apache.hadoop.hdds.server.OzoneProtocolMessageDispatcher.processRequest(OzoneProtocolMessageDispatcher.java:72)
datanode_1  | 2019-10-16 05:23:56,024 INFO impl.RaftServerImpl: 989c101d-54eb-42ba-b83d-d356a75bf79c@group-EB869F540DAB: changes role from CANDIDATE to FOLLOWER at term 18 for DISCOVERED_A_NEW_TERM
datanode_2  | 2019-10-16 05:23:55,768 INFO impl.RoleInfo: e732cb6f-7fe4-4b1c-bcf0-b9f2c70bb144: shutdown FollowerState
datanode_3  | 2019-10-16 05:23:56,610 INFO impl.RoleInfo: 39eb6874-cefe-423d-90d8-70cb9162b8c7: shutdown FollowerState
om_1        | 	at org.apache.hadoop.ozone.protocolPB.OzoneManagerProtocolServerSideTranslatorPB.submitRequest(OzoneManagerProtocolServerSideTranslatorPB.java:100)
datanode_1  | 2019-10-16 05:23:56,025 INFO impl.RoleInfo: 989c101d-54eb-42ba-b83d-d356a75bf79c: shutdown LeaderElection
datanode_3  | 2019-10-16 05:23:56,610 INFO impl.FollowerState: 39eb6874-cefe-423d-90d8-70cb9162b8c7@group-EB869F540DAB-FollowerState was interrupted: java.lang.InterruptedException: sleep interrupted
datanode_2  | 2019-10-16 05:23:55,768 INFO impl.FollowerState: e732cb6f-7fe4-4b1c-bcf0-b9f2c70bb144@group-EB869F540DAB-FollowerState was interrupted: java.lang.InterruptedException: sleep interrupted
om_1        | 	at org.apache.hadoop.ozone.protocol.proto.OzoneManagerProtocolProtos$OzoneManagerService$2.callBlockingMethod(OzoneManagerProtocolProtos.java)
datanode_3  | 2019-10-16 05:23:56,610 INFO impl.RoleInfo: 39eb6874-cefe-423d-90d8-70cb9162b8c7: start FollowerState
datanode_2  | 2019-10-16 05:23:55,768 INFO impl.RoleInfo: e732cb6f-7fe4-4b1c-bcf0-b9f2c70bb144: start FollowerState
om_1        | 	at org.apache.hadoop.ipc.ProtobufRpcEngine$Server$ProtoBufRpcInvoker.call(ProtobufRpcEngine.java:524)
datanode_3  | 2019-10-16 05:23:56,846 INFO impl.RaftServerImpl: 39eb6874-cefe-423d-90d8-70cb9162b8c7@group-EB869F540DAB: changes role from  FOLLOWER to FOLLOWER at term 22 for recognizeCandidate:989c101d-54eb-42ba-b83d-d356a75bf79c
datanode_2  | 2019-10-16 05:23:55,952 INFO impl.RaftServerImpl: e732cb6f-7fe4-4b1c-bcf0-b9f2c70bb144@group-EB869F540DAB: changes role from  FOLLOWER to FOLLOWER at term 17 for recognizeCandidate:989c101d-54eb-42ba-b83d-d356a75bf79c
om_1        | 	at org.apache.hadoop.ipc.RPC$Server.call(RPC.java:1025)
datanode_1  | 2019-10-16 05:23:56,025 INFO impl.RoleInfo: 989c101d-54eb-42ba-b83d-d356a75bf79c: start FollowerState
datanode_3  | 2019-10-16 05:23:56,846 INFO impl.RoleInfo: 39eb6874-cefe-423d-90d8-70cb9162b8c7: shutdown FollowerState
datanode_2  | 2019-10-16 05:23:55,952 INFO impl.RoleInfo: e732cb6f-7fe4-4b1c-bcf0-b9f2c70bb144: shutdown FollowerState
om_1        | 	at org.apache.hadoop.ipc.Server$RpcCall.run(Server.java:876)
datanode_1  | 2019-10-16 05:23:56,198 INFO impl.FollowerState: 989c101d-54eb-42ba-b83d-d356a75bf79c@group-EB869F540DAB-FollowerState: change to CANDIDATE, lastRpcTime:173ms, electionTimeout:172ms
datanode_3  | 2019-10-16 05:23:56,846 INFO impl.FollowerState: 39eb6874-cefe-423d-90d8-70cb9162b8c7@group-EB869F540DAB-FollowerState was interrupted: java.lang.InterruptedException: sleep interrupted
datanode_2  | 2019-10-16 05:23:55,952 INFO impl.RoleInfo: e732cb6f-7fe4-4b1c-bcf0-b9f2c70bb144: start FollowerState
om_1        | 	at org.apache.hadoop.ipc.Server$RpcCall.run(Server.java:822)
datanode_1  | 2019-10-16 05:23:56,199 INFO impl.RoleInfo: 989c101d-54eb-42ba-b83d-d356a75bf79c: shutdown FollowerState
datanode_3  | 2019-10-16 05:23:56,846 INFO impl.RoleInfo: 39eb6874-cefe-423d-90d8-70cb9162b8c7: start FollowerState
datanode_2  | 2019-10-16 05:23:55,952 INFO impl.FollowerState: e732cb6f-7fe4-4b1c-bcf0-b9f2c70bb144@group-EB869F540DAB-FollowerState was interrupted: java.lang.InterruptedException: sleep interrupted
om_1        | 	at java.base/java.security.AccessController.doPrivileged(Native Method)
datanode_1  | 2019-10-16 05:23:56,199 INFO impl.RaftServerImpl: 989c101d-54eb-42ba-b83d-d356a75bf79c@group-EB869F540DAB: changes role from  FOLLOWER to CANDIDATE at term 18 for changeToCandidate
datanode_3  | 2019-10-16 05:23:56,881 INFO impl.RaftServerImpl: 39eb6874-cefe-423d-90d8-70cb9162b8c7@group-EB869F540DAB: changes role from  FOLLOWER to FOLLOWER at term 23 for recognizeCandidate:989c101d-54eb-42ba-b83d-d356a75bf79c
datanode_2  | 2019-10-16 05:23:55,984 INFO impl.RaftServerImpl: e732cb6f-7fe4-4b1c-bcf0-b9f2c70bb144@group-EB869F540DAB: changes role from  FOLLOWER to FOLLOWER at term 18 for recognizeCandidate:989c101d-54eb-42ba-b83d-d356a75bf79c
datanode_1  | 2019-10-16 05:23:56,200 INFO impl.RoleInfo: 989c101d-54eb-42ba-b83d-d356a75bf79c: start LeaderElection
om_1        | 	at java.base/javax.security.auth.Subject.doAs(Subject.java:423)
datanode_3  | 2019-10-16 05:23:56,881 INFO impl.RoleInfo: 39eb6874-cefe-423d-90d8-70cb9162b8c7: shutdown FollowerState
datanode_2  | 2019-10-16 05:23:55,984 INFO impl.RoleInfo: e732cb6f-7fe4-4b1c-bcf0-b9f2c70bb144: shutdown FollowerState
datanode_1  | 2019-10-16 05:23:56,223 INFO impl.LeaderElection: 989c101d-54eb-42ba-b83d-d356a75bf79c@group-EB869F540DAB-LeaderElection12: begin an election at term 19 for -1: [e732cb6f-7fe4-4b1c-bcf0-b9f2c70bb144:172.18.0.4:9858, 989c101d-54eb-42ba-b83d-d356a75bf79c:172.18.0.2:9858, 39eb6874-cefe-423d-90d8-70cb9162b8c7:172.18.0.5:9858], old=null
om_1        | 	at org.apache.hadoop.security.UserGroupInformation.doAs(UserGroupInformation.java:1730)
datanode_3  | 2019-10-16 05:23:56,881 INFO impl.FollowerState: 39eb6874-cefe-423d-90d8-70cb9162b8c7@group-EB869F540DAB-FollowerState was interrupted: java.lang.InterruptedException: sleep interrupted
datanode_2  | 2019-10-16 05:23:55,984 INFO impl.RoleInfo: e732cb6f-7fe4-4b1c-bcf0-b9f2c70bb144: start FollowerState
om_1        | 	at org.apache.hadoop.ipc.Server$Handler.run(Server.java:2682)
datanode_1  | 2019-10-16 05:23:56,273 INFO impl.LeaderElection: 989c101d-54eb-42ba-b83d-d356a75bf79c@group-EB869F540DAB-LeaderElection12: Election REJECTED; received 2 response(s) [989c101d-54eb-42ba-b83d-d356a75bf79c<-e732cb6f-7fe4-4b1c-bcf0-b9f2c70bb144#0:FAIL-t19, 989c101d-54eb-42ba-b83d-d356a75bf79c<-39eb6874-cefe-423d-90d8-70cb9162b8c7#0:FAIL-t19] and 0 exception(s); 989c101d-54eb-42ba-b83d-d356a75bf79c@group-EB869F540DAB:t19, leader=null, voted=989c101d-54eb-42ba-b83d-d356a75bf79c, raftlog=989c101d-54eb-42ba-b83d-d356a75bf79c@group-EB869F540DAB-SegmentedRaftLog:OPENED:c-1,f-1,i0, conf=-1: [e732cb6f-7fe4-4b1c-bcf0-b9f2c70bb144:172.18.0.4:9858, 989c101d-54eb-42ba-b83d-d356a75bf79c:172.18.0.2:9858, 39eb6874-cefe-423d-90d8-70cb9162b8c7:172.18.0.5:9858], old=null
datanode_3  | 2019-10-16 05:23:56,881 INFO impl.RoleInfo: 39eb6874-cefe-423d-90d8-70cb9162b8c7: start FollowerState
datanode_2  | 2019-10-16 05:23:55,984 INFO impl.FollowerState: e732cb6f-7fe4-4b1c-bcf0-b9f2c70bb144@group-EB869F540DAB-FollowerState was interrupted: java.lang.InterruptedException: sleep interrupted
om_1        | 2019-10-16 05:24:09,631 [IPC Server handler 10 on 9862] ERROR      - Trying to release the lock on /vol-0-66790/bucket-0-31021, which was never acquired.
datanode_1  | 2019-10-16 05:23:56,273 INFO impl.RaftServerImpl: 989c101d-54eb-42ba-b83d-d356a75bf79c@group-EB869F540DAB: changes role from CANDIDATE to FOLLOWER at term 19 for DISCOVERED_A_NEW_TERM
datanode_3  | 2019-10-16 05:23:57,067 INFO impl.RaftServerImpl: 39eb6874-cefe-423d-90d8-70cb9162b8c7@group-EB869F540DAB: changes role from  FOLLOWER to FOLLOWER at term 24 for recognizeCandidate:989c101d-54eb-42ba-b83d-d356a75bf79c
datanode_2  | 2019-10-16 05:23:56,248 INFO impl.RaftServerImpl: e732cb6f-7fe4-4b1c-bcf0-b9f2c70bb144@group-EB869F540DAB: changes role from  FOLLOWER to FOLLOWER at term 19 for recognizeCandidate:989c101d-54eb-42ba-b83d-d356a75bf79c
om_1        | 2019-10-16 05:24:09,632 WARN ipc.Server: IPC Server handler 10 on 9862, call Call#62 Retry#8 org.apache.hadoop.ozone.om.protocol.OzoneManagerProtocol.submitRequest from 172.18.0.7:57790
datanode_1  | 2019-10-16 05:23:56,274 INFO impl.RoleInfo: 989c101d-54eb-42ba-b83d-d356a75bf79c: shutdown LeaderElection
datanode_3  | 2019-10-16 05:23:57,068 INFO impl.RoleInfo: 39eb6874-cefe-423d-90d8-70cb9162b8c7: shutdown FollowerState
datanode_2  | 2019-10-16 05:23:56,248 INFO impl.RoleInfo: e732cb6f-7fe4-4b1c-bcf0-b9f2c70bb144: shutdown FollowerState
om_1        | java.lang.IllegalMonitorStateException: Releasing lock on resource /vol-0-66790/bucket-0-31021 without acquiring lock
datanode_1  | 2019-10-16 05:23:56,274 INFO impl.RoleInfo: 989c101d-54eb-42ba-b83d-d356a75bf79c: start FollowerState
datanode_3  | 2019-10-16 05:23:57,068 INFO impl.FollowerState: 39eb6874-cefe-423d-90d8-70cb9162b8c7@group-EB869F540DAB-FollowerState was interrupted: java.lang.InterruptedException: sleep interrupted
datanode_2  | 2019-10-16 05:23:56,248 INFO impl.FollowerState: e732cb6f-7fe4-4b1c-bcf0-b9f2c70bb144@group-EB869F540DAB-FollowerState was interrupted: java.lang.InterruptedException: sleep interrupted
om_1        | 	at org.apache.hadoop.ozone.lock.LockManager.getLockForReleasing(LockManager.java:220)
datanode_1  | 2019-10-16 05:23:56,371 INFO impl.FollowerState: 989c101d-54eb-42ba-b83d-d356a75bf79c@group-EB869F540DAB-FollowerState: change to CANDIDATE, lastRpcTime:97ms, electionTimeout:97ms
