datanode_1  | 2019-10-10 19:06:04,641 INFO handler.ContextHandler: Started o.e.j.s.ServletContextHandler@69364b2d{/static,jar:file:/opt/hadoop/share/ozone/lib/hadoop-hdds-container-service-0.5.0-SNAPSHOT.jar!/webapps/static,AVAILABLE}
om_1        | 2019-10-10 19:06:06,865 INFO security.UserGroupInformation: Login successful for user om/om@EXAMPLE.COM using keytab file /etc/security/keytabs/om.keytab
scm_1       | 2019-10-10 19:06:02,052 WARN events.EventQueue: No event handler registered for event TypedEvent{payloadType=SafeModeStatus, name='SafeModeStatus'}
datanode_3  | 2019-10-10 19:06:06,998 [Datanode State Machine Thread - 0] INFO       - Starting XceiverServerRatis 46c83aed-48d1-400c-9a59-bb597aa89e32 at port 9858
datanode_2  | 2019-10-10 19:06:04,614 INFO handler.ContextHandler: Started o.e.j.s.ServletContextHandler@4792f119{/logs,file:///var/log/hadoop/,AVAILABLE}
kdc_1       | Authenticating as principal admin/admin with keytab /tmp/admin.keytab.
s3g_1       | 20191010/us-west-1/s3/aws4_request
om_1        | 2019-10-10 19:06:06,865 [main] INFO       - Ozone Manager login successful.
datanode_1  | 2019-10-10 19:06:04,706 INFO server.KerberosAuthenticationHandler: Using keytab /etc/security/keytabs/HTTP.keytab, for principal HTTP/025723ef6df4@EXAMPLE.COM
scm_1       | 2019-10-10 19:06:02,396 INFO ipc.CallQueueManager: Using callQueue: class java.util.concurrent.LinkedBlockingQueue, queueCapacity: 1000, scheduler: class org.apache.hadoop.ipc.DefaultRpcScheduler, ipcBackoff: false.
datanode_3  | 2019-10-10 19:06:07,029 INFO impl.RaftServerProxy: 46c83aed-48d1-400c-9a59-bb597aa89e32: start RPC server
datanode_2  | 2019-10-10 19:06:04,615 INFO handler.ContextHandler: Started o.e.j.s.ServletContextHandler@4cc01c7f{/static,jar:file:/opt/hadoop/share/ozone/lib/hadoop-hdds-container-service-0.5.0-SNAPSHOT.jar!/webapps/static,AVAILABLE}
kdc_1       | WARNING: no policy specified for dn/om@EXAMPLE.COM; defaulting to no policy
s3g_1       | 269e575e55296b627caa597da83de6ed329ea06ff49cd92b872e7663c588bd78, signature=1f12deefeb52cc89f5a8dc9b1d8451bb3328b0ccfc12994dc0fcef581c4ddcb2, awsAccessKeyId=dlfknslnfslf, while invoking $Proxy83.submitRequest over nodeId=null,nodeAddress=om:9862 after 5 failover attempts. Trying to failover immediately.
om_1        | 2019-10-10 19:06:06,867 WARN server.ServerUtils: ozone.om.db.dirs is not configured. We recommend adding this setting. Falling back to ozone.metadata.dirs instead.
datanode_1  | 2019-10-10 19:06:04,711 INFO handler.ContextHandler: Started o.e.j.w.WebAppContext@2415e4c7{/,file:///tmp/jetty-0.0.0.0-9882-hddsDatanode-_-any-46666876216816369.dir/webapp/,AVAILABLE}{/hddsDatanode}
scm_1       | 2019-10-10 19:06:02,397 INFO ipc.Server: Starting Socket Reader #1 for port 9861
datanode_3  | 2019-10-10 19:06:07,192 INFO server.GrpcService: 46c83aed-48d1-400c-9a59-bb597aa89e32: GrpcService started, listening on 0.0.0.0/0.0.0.0:9858
datanode_2  | 2019-10-10 19:06:04,683 INFO server.KerberosAuthenticationHandler: Using keytab /etc/security/keytabs/HTTP.keytab, for principal HTTP/1d2e919bbcd2@EXAMPLE.COM
kdc_1       | Principal "dn/om@EXAMPLE.COM" created.
s3g_1       | 2019-10-10 19:12:49,798 WARN ipc.Client: Exception encountered while connecting to the server : org.apache.hadoop.ipc.RemoteException(org.apache.hadoop.security.token.SecretManager$InvalidToken): No S3 secret found for S3 identifier:OzoneToken owner=dlfknslnfslf, renewer=, realUser=, issueDate=0, maxDate=0, sequenceNumber=0, masterKeyId=0, strToSign=AWS4-HMAC-SHA256
om_1        | 2019-10-10 19:06:07,619 INFO client.OMCertificateClient: Loading certificate from location:/data/metadata/om/certs.
scm_1       | 2019-10-10 19:06:02,422 INFO ipc.CallQueueManager: Using callQueue: class java.util.concurrent.LinkedBlockingQueue, queueCapacity: 1000, scheduler: class org.apache.hadoop.ipc.DefaultRpcScheduler, ipcBackoff: false.
datanode_1  | 2019-10-10 19:06:04,715 INFO server.AbstractConnector: Started ServerConnector@1a21f43f{HTTP/1.1,[http/1.1]}{0.0.0.0:9882}
datanode_3  | 2019-10-10 19:06:10,205 INFO impl.RaftServerProxy: 46c83aed-48d1-400c-9a59-bb597aa89e32: addNew group-7C42FBF6F722:[46c83aed-48d1-400c-9a59-bb597aa89e32:172.18.0.10:9858] returns group-7C42FBF6F722:java.util.concurrent.CompletableFuture@6263f7ce[Not completed]
datanode_2  | 2019-10-10 19:06:04,688 INFO handler.ContextHandler: Started o.e.j.w.WebAppContext@4017fe2c{/,file:///tmp/jetty-0.0.0.0-9882-hddsDatanode-_-any-12456937935019939881.dir/webapp/,AVAILABLE}{/hddsDatanode}
kdc_1       | Authenticating as principal admin/admin with keytab /tmp/admin.keytab.
s3g_1       | 20191010T191249Z
om_1        | 2019-10-10 19:06:07,700 INFO client.OMCertificateClient: Added certificate from file:/data/metadata/om/certs/11081122968227244.crt.
scm_1       | 2019-10-10 19:06:02,423 INFO ipc.Server: Starting Socket Reader #1 for port 9863
datanode_1  | 2019-10-10 19:06:04,716 INFO server.Server: Started @8616ms
datanode_3  | 2019-10-10 19:06:10,224 INFO impl.RaftServerImpl: 46c83aed-48d1-400c-9a59-bb597aa89e32: new RaftServerImpl for group-7C42FBF6F722:[46c83aed-48d1-400c-9a59-bb597aa89e32:172.18.0.10:9858] with ContainerStateMachine:uninitialized
kdc_1       | Entry for principal dn/om@EXAMPLE.COM with kvno 2, encryption type aes256-cts-hmac-sha1-96 added to keytab WRFILE:/data/dn.om.keytab.
s3g_1       | 20191010/us-west-1/s3/aws4_request
datanode_2  | 2019-10-10 19:06:04,695 INFO server.AbstractConnector: Started ServerConnector@622d7e4{HTTP/1.1,[http/1.1]}{0.0.0.0:9882}
om_1        | 2019-10-10 19:06:07,708 INFO client.OMCertificateClient: Added certificate from file:/data/metadata/om/certs/CA-1.crt.
scm_1       | 2019-10-10 19:06:02,448 INFO ipc.CallQueueManager: Using callQueue: class java.util.concurrent.LinkedBlockingQueue, queueCapacity: 1000, scheduler: class org.apache.hadoop.ipc.DefaultRpcScheduler, ipcBackoff: false.
datanode_1  | 2019-10-10 19:06:04,719 INFO impl.MetricsSinkAdapter: Sink prometheus started
datanode_3  | 2019-10-10 19:06:10,225 INFO server.RaftServerConfigKeys: raft.server.rpc.timeout.min = 5s (custom)
kdc_1       | Entry for principal dn/om@EXAMPLE.COM with kvno 2, encryption type aes128-cts-hmac-sha1-96 added to keytab WRFILE:/data/dn.om.keytab.
s3g_1       | 269e575e55296b627caa597da83de6ed329ea06ff49cd92b872e7663c588bd78, signature=1f12deefeb52cc89f5a8dc9b1d8451bb3328b0ccfc12994dc0fcef581c4ddcb2, awsAccessKeyId=dlfknslnfslf
datanode_2  | 2019-10-10 19:06:04,695 INFO server.Server: Started @8060ms
om_1        | 2019-10-10 19:06:07,727 WARN server.ServerUtils: ozone.om.db.dirs is not configured. We recommend adding this setting. Falling back to ozone.metadata.dirs instead.
scm_1       | 2019-10-10 19:06:02,449 INFO ipc.Server: Starting Socket Reader #1 for port 9860
datanode_3  | 2019-10-10 19:06:10,226 INFO server.RaftServerConfigKeys: raft.server.rpc.timeout.max = 5200ms (custom)
kdc_1       | Generiting keytab
datanode_1  | 2019-10-10 19:06:04,719 INFO impl.MetricsSystemImpl: Registered sink prometheus
s3g_1       | 2019-10-10 19:12:49,798 INFO retry.RetryInvocationHandler: com.google.protobuf.ServiceException: org.apache.hadoop.ipc.RemoteException(org.apache.hadoop.security.token.SecretManager$InvalidToken): No S3 secret found for S3 identifier:OzoneToken owner=dlfknslnfslf, renewer=, realUser=, issueDate=0, maxDate=0, sequenceNumber=0, masterKeyId=0, strToSign=AWS4-HMAC-SHA256
datanode_2  | 2019-10-10 19:06:04,698 INFO impl.MetricsSinkAdapter: Sink prometheus started
om_1        | 2019-10-10 19:06:07,753 INFO util.log: Logging initialized @2829ms
scm_1       | 2019-10-10 19:06:02,489 INFO hdfs.DFSUtil: Starting web server as: HTTP/scm@EXAMPLE.COM
datanode_3  | 2019-10-10 19:06:10,226 INFO server.RaftServerConfigKeys: raft.server.rpcslowness.timeout = 120s (custom)
kdc_1       | Authenticating as principal admin/admin with keytab /tmp/admin.keytab.
datanode_1  | 2019-10-10 19:06:04,720 INFO server.BaseHttpServer: HTTP server of HDDSDATANODE is listening at http://0.0.0.0:9882
s3g_1       | 20191010T191249Z
om_1        | 2019-10-10 19:06:07,846 INFO db.DBStoreBuilder: using custom profile for table: userTable
datanode_3  | 2019-10-10 19:06:10,227 INFO server.RaftServerConfigKeys: raft.server.sleep.deviation.threshold = 300 (default)
scm_1       | 2019-10-10 19:06:02,489 INFO hdfs.DFSUtil: Starting Web-server for scm at: http://0.0.0.0:9876
kdc_1       | WARNING: no policy specified for HTTP/1d2e919bbcd2@EXAMPLE.COM; defaulting to no policy
datanode_2  | 2019-10-10 19:06:04,698 INFO impl.MetricsSystemImpl: Registered sink prometheus
datanode_1  | 2019-10-10 19:06:04,732 INFO util.JvmPauseMonitor: Starting JVM pause monitor
s3g_1       | 20191010/us-west-1/s3/aws4_request
datanode_3  | 2019-10-10 19:06:10,227 INFO server.RaftServerConfigKeys: raft.server.log.appender.install.snapshot.enabled = false (custom)
om_1        | 2019-10-10 19:06:07,847 INFO db.DBStoreBuilder: Using default column profile:DBProfile.DISK for Table:userTable
scm_1       | 2019-10-10 19:06:02,586 INFO server.AuthenticationFilter: Unable to initialize FileSignerSecretProvider, falling back to use random secrets.
kdc_1       | Principal "HTTP/1d2e919bbcd2@EXAMPLE.COM" created.
datanode_2  | 2019-10-10 19:06:04,700 INFO server.BaseHttpServer: HTTP server of HDDSDATANODE is listening at http://0.0.0.0:9882
datanode_1  | 2019-10-10 19:06:06,887 [Datanode State Machine Thread - 0] INFO       - Attempting to start container services.
s3g_1       | 269e575e55296b627caa597da83de6ed329ea06ff49cd92b872e7663c588bd78, signature=1f12deefeb52cc89f5a8dc9b1d8451bb3328b0ccfc12994dc0fcef581c4ddcb2, awsAccessKeyId=dlfknslnfslf, while invoking $Proxy83.submitRequest over nodeId=null,nodeAddress=om:9862 after 6 failover attempts. Trying to failover immediately.
datanode_3  | 2019-10-10 19:06:10,234 INFO impl.RaftServerImpl: 46c83aed-48d1-400c-9a59-bb597aa89e32@group-7C42FBF6F722: ConfigurationManager, init=-1: [46c83aed-48d1-400c-9a59-bb597aa89e32:172.18.0.10:9858], old=null, confs=<EMPTY_MAP>
scm_1       | 2019-10-10 19:06:02,598 INFO http.HttpRequestLog: Http request log for http.requests.scm is not defined
kdc_1       | Authenticating as principal admin/admin with keytab /tmp/admin.keytab.
om_1        | 2019-10-10 19:06:07,848 INFO db.DBStoreBuilder: using custom profile for table: volumeTable
datanode_2  | 2019-10-10 19:06:04,713 INFO util.JvmPauseMonitor: Starting JVM pause monitor
datanode_1  | 2019-10-10 19:06:06,890 [Datanode State Machine Thread - 0] INFO       - Background container scanner has been disabled.
s3g_1       | 2019-10-10 19:12:49,804 WARN ipc.Client: Exception encountered while connecting to the server : org.apache.hadoop.ipc.RemoteException(org.apache.hadoop.security.token.SecretManager$InvalidToken): No S3 secret found for S3 identifier:OzoneToken owner=dlfknslnfslf, renewer=, realUser=, issueDate=0, maxDate=0, sequenceNumber=0, masterKeyId=0, strToSign=AWS4-HMAC-SHA256
datanode_3  | 2019-10-10 19:06:10,234 INFO server.RaftServerConfigKeys: raft.server.storage.dir = [/data/metadata/ratis] (custom)
scm_1       | 2019-10-10 19:06:02,606 INFO http.HttpServer2: Added global filter 'safety' (class=org.apache.hadoop.http.HttpServer2$QuotingInputFilter)
kdc_1       | Entry for principal HTTP/1d2e919bbcd2@EXAMPLE.COM with kvno 2, encryption type aes256-cts-hmac-sha1-96 added to keytab WRFILE:/data/HTTP.1d2e919bbcd2.keytab.
om_1        | 2019-10-10 19:06:07,848 INFO db.DBStoreBuilder: Using default column profile:DBProfile.DISK for Table:volumeTable
datanode_2  | 2019-10-10 19:06:06,887 [Datanode State Machine Thread - 0] INFO       - Attempting to start container services.
s3g_1       | 20191010T191249Z
datanode_1  | 2019-10-10 19:06:06,890 [Datanode State Machine Thread - 0] INFO       - Starting XceiverServerRatis aaf33b75-bd6f-47c9-8910-4d67c46eef02 at port 9858
datanode_3  | 2019-10-10 19:06:10,238 INFO server.RaftServerConfigKeys: raft.server.log.corruption.policy = EXCEPTION (default)
scm_1       | 2019-10-10 19:06:02,607 INFO http.HttpServer2: Added filter authentication (class=org.apache.hadoop.security.authentication.server.AuthenticationFilter) to context scm
kdc_1       | Entry for principal HTTP/1d2e919bbcd2@EXAMPLE.COM with kvno 2, encryption type aes128-cts-hmac-sha1-96 added to keytab WRFILE:/data/HTTP.1d2e919bbcd2.keytab.
om_1        | 2019-10-10 19:06:07,849 INFO db.DBStoreBuilder: using custom profile for table: bucketTable
datanode_2  | 2019-10-10 19:06:06,889 [Datanode State Machine Thread - 0] INFO       - Background container scanner has been disabled.
s3g_1       | 20191010/us-west-1/s3/aws4_request
datanode_1  | 2019-10-10 19:06:06,911 INFO impl.RaftServerProxy: aaf33b75-bd6f-47c9-8910-4d67c46eef02: start RPC server
datanode_3  | 2019-10-10 19:06:10,240 INFO storage.RaftStorageDirectory: The storage directory /data/metadata/ratis/891125d7-7bf8-43e9-8a23-7c42fbf6f722 does not exist. Creating ...
scm_1       | 2019-10-10 19:06:02,608 INFO http.HttpServer2: Added filter authentication (class=org.apache.hadoop.security.authentication.server.AuthenticationFilter) to context static
kdc_1       | Generiting keytab
om_1        | 2019-10-10 19:06:07,849 INFO db.DBStoreBuilder: Using default column profile:DBProfile.DISK for Table:bucketTable
datanode_2  | 2019-10-10 19:06:06,889 [Datanode State Machine Thread - 0] INFO       - Starting XceiverServerRatis 90b74a88-2a38-4dcf-a295-76ec5eb6d20c at port 9858
s3g_1       | 269e575e55296b627caa597da83de6ed329ea06ff49cd92b872e7663c588bd78, signature=1f12deefeb52cc89f5a8dc9b1d8451bb3328b0ccfc12994dc0fcef581c4ddcb2, awsAccessKeyId=dlfknslnfslf
datanode_1  | 2019-10-10 19:06:07,155 INFO server.GrpcService: aaf33b75-bd6f-47c9-8910-4d67c46eef02: GrpcService started, listening on 0.0.0.0/0.0.0.0:9858
datanode_3  | 2019-10-10 19:06:10,253 INFO storage.RaftStorageDirectory: Lock on /data/metadata/ratis/891125d7-7bf8-43e9-8a23-7c42fbf6f722/in_use.lock acquired by nodename 7@635d186ea64c
scm_1       | 2019-10-10 19:06:02,608 INFO http.HttpServer2: Added filter authentication (class=org.apache.hadoop.security.authentication.server.AuthenticationFilter) to context logs
kdc_1       | Authenticating as principal admin/admin with keytab /tmp/admin.keytab.
om_1        | 2019-10-10 19:06:07,849 INFO db.DBStoreBuilder: using custom profile for table: keyTable
datanode_2  | 2019-10-10 19:06:07,000 INFO impl.RaftServerProxy: 90b74a88-2a38-4dcf-a295-76ec5eb6d20c: start RPC server
s3g_1       | 2019-10-10 19:12:49,805 INFO retry.RetryInvocationHandler: com.google.protobuf.ServiceException: org.apache.hadoop.ipc.RemoteException(org.apache.hadoop.security.token.SecretManager$InvalidToken): No S3 secret found for S3 identifier:OzoneToken owner=dlfknslnfslf, renewer=, realUser=, issueDate=0, maxDate=0, sequenceNumber=0, masterKeyId=0, strToSign=AWS4-HMAC-SHA256
datanode_1  | 2019-10-10 19:06:09,641 INFO impl.RaftServerProxy: aaf33b75-bd6f-47c9-8910-4d67c46eef02: addNew group-05B09126FE63:[aaf33b75-bd6f-47c9-8910-4d67c46eef02:172.18.0.2:9858] returns group-05B09126FE63:java.util.concurrent.CompletableFuture@1b12f114[Not completed]
datanode_3  | 2019-10-10 19:06:10,275 INFO storage.RaftStorage: Storage directory /data/metadata/ratis/891125d7-7bf8-43e9-8a23-7c42fbf6f722 has been successfully formatted.
kdc_1       | WARNING: no policy specified for testuser2/025723ef6df4@EXAMPLE.COM; defaulting to no policy
om_1        | 2019-10-10 19:06:07,849 INFO db.DBStoreBuilder: Using default column profile:DBProfile.DISK for Table:keyTable
scm_1       | 2019-10-10 19:06:02,632 INFO server.StorageContainerManager: StorageContainerLocationProtocol RPC server is listening at /0.0.0.0:9860
datanode_2  | 2019-10-10 19:06:07,193 INFO server.GrpcService: 90b74a88-2a38-4dcf-a295-76ec5eb6d20c: GrpcService started, listening on 0.0.0.0/0.0.0.0:9858
s3g_1       | 20191010T191249Z
datanode_1  | 2019-10-10 19:06:09,665 INFO impl.RaftServerImpl: aaf33b75-bd6f-47c9-8910-4d67c46eef02: new RaftServerImpl for group-05B09126FE63:[aaf33b75-bd6f-47c9-8910-4d67c46eef02:172.18.0.2:9858] with ContainerStateMachine:uninitialized
datanode_3  | 2019-10-10 19:06:10,279 [pool-9-thread-1] INFO       - group-7C42FBF6F722: The snapshot info is null. Setting the last applied indexto:(t:0, i:~)
kdc_1       | Principal "testuser2/025723ef6df4@EXAMPLE.COM" created.
om_1        | 2019-10-10 19:06:07,850 INFO db.DBStoreBuilder: using custom profile for table: deletedTable
scm_1       | 2019-10-10 19:06:02,692 INFO impl.MetricsConfig: Loaded properties from hadoop-metrics2.properties
datanode_2  | 2019-10-10 19:06:10,703 INFO impl.RaftServerProxy: 90b74a88-2a38-4dcf-a295-76ec5eb6d20c: addNew group-25E86EE5B4DD:[90b74a88-2a38-4dcf-a295-76ec5eb6d20c:172.18.0.4:9858] returns group-25E86EE5B4DD:java.util.concurrent.CompletableFuture@132278bc[Not completed]
datanode_1  | 2019-10-10 19:06:09,667 INFO server.RaftServerConfigKeys: raft.server.rpc.timeout.min = 5s (custom)
s3g_1       | 20191010/us-west-1/s3/aws4_request
datanode_3  | 2019-10-10 19:06:10,280 INFO server.RaftServerConfigKeys: raft.server.notification.no-leader.timeout = 120s (custom)
kdc_1       | Authenticating as principal admin/admin with keytab /tmp/admin.keytab.
om_1        | 2019-10-10 19:06:07,850 INFO db.DBStoreBuilder: Using default column profile:DBProfile.DISK for Table:deletedTable
scm_1       | 2019-10-10 19:06:02,734 INFO impl.MetricsSystemImpl: Scheduled Metric snapshot period at 10 second(s).
datanode_2  | 2019-10-10 19:06:10,721 INFO impl.RaftServerImpl: 90b74a88-2a38-4dcf-a295-76ec5eb6d20c: new RaftServerImpl for group-25E86EE5B4DD:[90b74a88-2a38-4dcf-a295-76ec5eb6d20c:172.18.0.4:9858] with ContainerStateMachine:uninitialized
datanode_1  | 2019-10-10 19:06:09,667 INFO server.RaftServerConfigKeys: raft.server.rpc.timeout.max = 5200ms (custom)
s3g_1       | 269e575e55296b627caa597da83de6ed329ea06ff49cd92b872e7663c588bd78, signature=1f12deefeb52cc89f5a8dc9b1d8451bb3328b0ccfc12994dc0fcef581c4ddcb2, awsAccessKeyId=dlfknslnfslf, while invoking $Proxy83.submitRequest over nodeId=null,nodeAddress=om:9862 after 7 failover attempts. Trying to failover immediately.
datanode_3  | 2019-10-10 19:06:10,283 INFO server.RaftServerConfigKeys: raft.server.log.use.memory = false (default)
kdc_1       | Entry for principal testuser2/025723ef6df4@EXAMPLE.COM with kvno 2, encryption type aes256-cts-hmac-sha1-96 added to keytab WRFILE:/data/testuser2.025723ef6df4.keytab.
scm_1       | 2019-10-10 19:06:02,735 INFO impl.MetricsSystemImpl: StorageContainerManager metrics system started
datanode_2  | 2019-10-10 19:06:10,723 INFO server.RaftServerConfigKeys: raft.server.rpc.timeout.min = 5s (custom)
datanode_1  | 2019-10-10 19:06:09,668 INFO server.RaftServerConfigKeys: raft.server.rpcslowness.timeout = 120s (custom)
s3g_1       | 2019-10-10 19:12:49,811 WARN ipc.Client: Exception encountered while connecting to the server : org.apache.hadoop.ipc.RemoteException(org.apache.hadoop.security.token.SecretManager$InvalidToken): No S3 secret found for S3 identifier:OzoneToken owner=dlfknslnfslf, renewer=, realUser=, issueDate=0, maxDate=0, sequenceNumber=0, masterKeyId=0, strToSign=AWS4-HMAC-SHA256
om_1        | 2019-10-10 19:06:07,850 INFO db.DBStoreBuilder: using custom profile for table: openKeyTable
datanode_3  | 2019-10-10 19:06:10,289 INFO server.RaftServerConfigKeys: raft.server.log.purge.gap = 1000000 (custom)
scm_1       | 2019-10-10 19:06:02,939 INFO server.SCMClientProtocolServer: RPC server for Client  is listening at /0.0.0.0:9860
kdc_1       | Entry for principal testuser2/025723ef6df4@EXAMPLE.COM with kvno 2, encryption type aes128-cts-hmac-sha1-96 added to keytab WRFILE:/data/testuser2.025723ef6df4.keytab.
datanode_2  | 2019-10-10 19:06:10,723 INFO server.RaftServerConfigKeys: raft.server.rpc.timeout.max = 5200ms (custom)
datanode_1  | 2019-10-10 19:06:09,668 INFO server.RaftServerConfigKeys: raft.server.sleep.deviation.threshold = 300 (default)
s3g_1       | 20191010T191249Z
om_1        | 2019-10-10 19:06:07,850 INFO db.DBStoreBuilder: Using default column profile:DBProfile.DISK for Table:openKeyTable
datanode_3  | 2019-10-10 19:06:10,290 INFO server.RaftServerConfigKeys: raft.server.log.appender.buffer.byte-limit = 33554432 (custom)
scm_1       | 2019-10-10 19:06:02,939 INFO ipc.Server: IPC Server Responder: starting
datanode_2  | 2019-10-10 19:06:10,723 INFO server.RaftServerConfigKeys: raft.server.rpcslowness.timeout = 120s (custom)
datanode_1  | 2019-10-10 19:06:09,669 INFO server.RaftServerConfigKeys: raft.server.log.appender.install.snapshot.enabled = false (custom)
kdc_1       | Generiting keytab
s3g_1       | 20191010/us-west-1/s3/aws4_request
om_1        | 2019-10-10 19:06:07,850 INFO db.DBStoreBuilder: using custom profile for table: s3Table
datanode_3  | 2019-10-10 19:06:10,292 INFO server.RaftServerConfigKeys: raft.server.log.segment.size.max = 1048576 (custom)
datanode_2  | 2019-10-10 19:06:10,724 INFO server.RaftServerConfigKeys: raft.server.sleep.deviation.threshold = 300 (default)
datanode_1  | 2019-10-10 19:06:09,678 INFO impl.RaftServerImpl: aaf33b75-bd6f-47c9-8910-4d67c46eef02@group-05B09126FE63: ConfigurationManager, init=-1: [aaf33b75-bd6f-47c9-8910-4d67c46eef02:172.18.0.2:9858], old=null, confs=<EMPTY_MAP>
kdc_1       | Authenticating as principal admin/admin with keytab /tmp/admin.keytab.
scm_1       | 2019-10-10 19:06:02,939 INFO ipc.Server: IPC Server listener on 9860: starting
om_1        | 2019-10-10 19:06:07,850 INFO db.DBStoreBuilder: Using default column profile:DBProfile.DISK for Table:s3Table
s3g_1       | 269e575e55296b627caa597da83de6ed329ea06ff49cd92b872e7663c588bd78, signature=1f12deefeb52cc89f5a8dc9b1d8451bb3328b0ccfc12994dc0fcef581c4ddcb2, awsAccessKeyId=dlfknslnfslf
datanode_3  | 2019-10-10 19:06:10,295 WARN impl.MetricsSystemImpl: HddsDatanode metrics system already initialized!
datanode_2  | 2019-10-10 19:06:10,725 INFO server.RaftServerConfigKeys: raft.server.log.appender.install.snapshot.enabled = false (custom)
datanode_1  | 2019-10-10 19:06:09,679 INFO server.RaftServerConfigKeys: raft.server.storage.dir = [/data/metadata/ratis] (custom)
kdc_1       | WARNING: no policy specified for om/om@EXAMPLE.COM; defaulting to no policy
scm_1       | 2019-10-10 19:06:02,942 INFO server.StorageContainerManager: ScmBlockLocationProtocol RPC server is listening at /0.0.0.0:9863
om_1        | 2019-10-10 19:06:07,851 INFO db.DBStoreBuilder: using custom profile for table: multipartInfoTable
s3g_1       | 2019-10-10 19:12:49,812 INFO retry.RetryInvocationHandler: com.google.protobuf.ServiceException: org.apache.hadoop.ipc.RemoteException(org.apache.hadoop.security.token.SecretManager$InvalidToken): No S3 secret found for S3 identifier:OzoneToken owner=dlfknslnfslf, renewer=, realUser=, issueDate=0, maxDate=0, sequenceNumber=0, masterKeyId=0, strToSign=AWS4-HMAC-SHA256
datanode_3  | 2019-10-10 19:06:10,301 INFO metrics.MetricRegistries: Loaded MetricRegistries class org.apache.ratis.metrics.impl.MetricRegistriesImpl
datanode_2  | 2019-10-10 19:06:10,734 INFO impl.RaftServerImpl: 90b74a88-2a38-4dcf-a295-76ec5eb6d20c@group-25E86EE5B4DD: ConfigurationManager, init=-1: [90b74a88-2a38-4dcf-a295-76ec5eb6d20c:172.18.0.4:9858], old=null, confs=<EMPTY_MAP>
datanode_1  | 2019-10-10 19:06:09,685 INFO server.RaftServerConfigKeys: raft.server.log.corruption.policy = EXCEPTION (default)
kdc_1       | Principal "om/om@EXAMPLE.COM" created.
scm_1       | 2019-10-10 19:06:02,943 INFO server.SCMBlockProtocolServer: RPC server for Block Protocol is listening at /0.0.0.0:9863
om_1        | 2019-10-10 19:06:07,851 INFO db.DBStoreBuilder: Using default column profile:DBProfile.DISK for Table:multipartInfoTable
s3g_1       | 20191010T191249Z
datanode_3  | 2019-10-10 19:06:10,340 INFO server.RaftServerConfigKeys: raft.server.log.segment.cache.num.max = 2 (custom)
datanode_2  | 2019-10-10 19:06:10,734 INFO server.RaftServerConfigKeys: raft.server.storage.dir = [/data/metadata/ratis] (custom)
datanode_1  | 2019-10-10 19:06:09,687 INFO storage.RaftStorageDirectory: The storage directory /data/metadata/ratis/9fd9bbaa-b9a9-4c06-a7fe-05b09126fe63 does not exist. Creating ...
scm_1       | 2019-10-10 19:06:02,943 INFO ipc.Server: IPC Server Responder: starting
kdc_1       | Authenticating as principal admin/admin with keytab /tmp/admin.keytab.
om_1        | 2019-10-10 19:06:07,851 INFO db.DBStoreBuilder: using custom profile for table: dTokenTable
s3g_1       | 20191010/us-west-1/s3/aws4_request
datanode_3  | 2019-10-10 19:06:10,345 INFO segmented.SegmentedRaftLogWorker: new 46c83aed-48d1-400c-9a59-bb597aa89e32@group-7C42FBF6F722-SegmentedRaftLogWorker for RaftStorage:Storage Directory /data/metadata/ratis/891125d7-7bf8-43e9-8a23-7c42fbf6f722
datanode_2  | 2019-10-10 19:06:10,740 INFO server.RaftServerConfigKeys: raft.server.log.corruption.policy = EXCEPTION (default)
datanode_1  | 2019-10-10 19:06:09,696 INFO storage.RaftStorageDirectory: Lock on /data/metadata/ratis/9fd9bbaa-b9a9-4c06-a7fe-05b09126fe63/in_use.lock acquired by nodename 7@025723ef6df4
scm_1       | 2019-10-10 19:06:02,944 INFO ipc.Server: IPC Server listener on 9863: starting
kdc_1       | Entry for principal om/om@EXAMPLE.COM with kvno 2, encryption type aes256-cts-hmac-sha1-96 added to keytab WRFILE:/data/om.om.keytab.
om_1        | 2019-10-10 19:06:07,851 INFO db.DBStoreBuilder: Using default column profile:DBProfile.DISK for Table:dTokenTable
s3g_1       | 269e575e55296b627caa597da83de6ed329ea06ff49cd92b872e7663c588bd78, signature=1f12deefeb52cc89f5a8dc9b1d8451bb3328b0ccfc12994dc0fcef581c4ddcb2, awsAccessKeyId=dlfknslnfslf, while invoking $Proxy83.submitRequest over nodeId=null,nodeAddress=om:9862 after 8 failover attempts. Trying to failover immediately.
datanode_2  | 2019-10-10 19:06:10,742 INFO storage.RaftStorageDirectory: The storage directory /data/metadata/ratis/9b9ecd22-fea0-444c-8467-25e86ee5b4dd does not exist. Creating ...
datanode_1  | 2019-10-10 19:06:09,701 INFO storage.RaftStorage: Storage directory /data/metadata/ratis/9fd9bbaa-b9a9-4c06-a7fe-05b09126fe63 has been successfully formatted.
datanode_3  | 2019-10-10 19:06:10,345 INFO server.RaftServerConfigKeys: raft.server.log.queue.byte-limit = 2147483647 (custom)
scm_1       | 2019-10-10 19:06:02,946 INFO server.StorageContainerManager: ScmDatanodeProtocl RPC server is listening at /0.0.0.0:9861
kdc_1       | Entry for principal om/om@EXAMPLE.COM with kvno 2, encryption type aes128-cts-hmac-sha1-96 added to keytab WRFILE:/data/om.om.keytab.
om_1        | 2019-10-10 19:06:07,852 INFO db.DBStoreBuilder: using custom profile for table: s3SecretTable
s3g_1       | 2019-10-10 19:12:49,819 WARN ipc.Client: Exception encountered while connecting to the server : org.apache.hadoop.ipc.RemoteException(org.apache.hadoop.security.token.SecretManager$InvalidToken): No S3 secret found for S3 identifier:OzoneToken owner=dlfknslnfslf, renewer=, realUser=, issueDate=0, maxDate=0, sequenceNumber=0, masterKeyId=0, strToSign=AWS4-HMAC-SHA256
datanode_2  | 2019-10-10 19:06:10,759 INFO storage.RaftStorageDirectory: Lock on /data/metadata/ratis/9b9ecd22-fea0-444c-8467-25e86ee5b4dd/in_use.lock acquired by nodename 8@1d2e919bbcd2
datanode_1  | 2019-10-10 19:06:09,705 [pool-9-thread-1] INFO       - group-05B09126FE63: The snapshot info is null. Setting the last applied indexto:(t:0, i:~)
datanode_3  | 2019-10-10 19:06:10,345 INFO server.RaftServerConfigKeys: raft.server.log.queue.element-limit = 1024 (custom)
scm_1       | 2019-10-10 19:06:02,946 INFO server.SCMDatanodeProtocolServer: RPC server for DataNodes is listening at /0.0.0.0:9861
kdc_1       | Generiting keytab
om_1        | 2019-10-10 19:06:07,852 INFO db.DBStoreBuilder: Using default column profile:DBProfile.DISK for Table:s3SecretTable
s3g_1       | 20191010T191249Z
datanode_2  | 2019-10-10 19:06:10,802 INFO storage.RaftStorage: Storage directory /data/metadata/ratis/9b9ecd22-fea0-444c-8467-25e86ee5b4dd has been successfully formatted.
datanode_1  | 2019-10-10 19:06:09,705 INFO server.RaftServerConfigKeys: raft.server.notification.no-leader.timeout = 120s (custom)
datanode_3  | 2019-10-10 19:06:10,346 INFO server.RaftServerConfigKeys: raft.server.log.segment.size.max = 1048576 (custom)
scm_1       | 2019-10-10 19:06:02,947 INFO ipc.Server: IPC Server Responder: starting
kdc_1       | Authenticating as principal admin/admin with keytab /tmp/admin.keytab.
om_1        | 2019-10-10 19:06:07,852 INFO db.DBStoreBuilder: using custom profile for table: prefixTable
s3g_1       | 20191010/us-west-1/s3/aws4_request
datanode_2  | 2019-10-10 19:06:10,806 [pool-9-thread-1] INFO       - group-25E86EE5B4DD: The snapshot info is null. Setting the last applied indexto:(t:0, i:~)
datanode_1  | 2019-10-10 19:06:09,708 INFO server.RaftServerConfigKeys: raft.server.log.use.memory = false (default)
datanode_3  | 2019-10-10 19:06:10,347 INFO server.RaftServerConfigKeys: raft.server.log.preallocated.size = 16384 (custom)
scm_1       | 2019-10-10 19:06:02,947 INFO ipc.Server: IPC Server listener on 9861: starting
kdc_1       | WARNING: no policy specified for dn/scm@EXAMPLE.COM; defaulting to no policy
om_1        | 2019-10-10 19:06:07,852 INFO db.DBStoreBuilder: Using default column profile:DBProfile.DISK for Table:prefixTable
datanode_2  | 2019-10-10 19:06:10,807 INFO server.RaftServerConfigKeys: raft.server.notification.no-leader.timeout = 120s (custom)
datanode_1  | 2019-10-10 19:06:09,713 INFO server.RaftServerConfigKeys: raft.server.log.purge.gap = 1000000 (custom)
datanode_3  | 2019-10-10 19:06:10,347 INFO server.RaftServerConfigKeys: raft.server.log.write.buffer.size = 33554432 (custom)
s3g_1       | 269e575e55296b627caa597da83de6ed329ea06ff49cd92b872e7663c588bd78, signature=1f12deefeb52cc89f5a8dc9b1d8451bb3328b0ccfc12994dc0fcef581c4ddcb2, awsAccessKeyId=dlfknslnfslf
scm_1       | 2019-10-10 19:06:02,950 INFO server.SCMClientProtocolServer: Starting RPC server for SCMSecurityProtocolServer. is listening at /0.0.0.0:9961
kdc_1       | Principal "dn/scm@EXAMPLE.COM" created.
om_1        | 2019-10-10 19:06:07,867 INFO db.DBStoreBuilder: using custom profile for table: default
datanode_2  | 2019-10-10 19:06:10,810 INFO server.RaftServerConfigKeys: raft.server.log.use.memory = false (default)
datanode_1  | 2019-10-10 19:06:09,713 INFO server.RaftServerConfigKeys: raft.server.log.appender.buffer.byte-limit = 33554432 (custom)
datanode_3  | 2019-10-10 19:06:10,347 INFO server.RaftServerConfigKeys: raft.server.log.force.sync.num = 128 (default)
s3g_1       | 2019-10-10 19:12:49,819 INFO retry.RetryInvocationHandler: com.google.protobuf.ServiceException: org.apache.hadoop.ipc.RemoteException(org.apache.hadoop.security.token.SecretManager$InvalidToken): No S3 secret found for S3 identifier:OzoneToken owner=dlfknslnfslf, renewer=, realUser=, issueDate=0, maxDate=0, sequenceNumber=0, masterKeyId=0, strToSign=AWS4-HMAC-SHA256
kdc_1       | Authenticating as principal admin/admin with keytab /tmp/admin.keytab.
scm_1       | 2019-10-10 19:06:02,950 INFO ipc.Server: IPC Server Responder: starting
om_1        | 2019-10-10 19:06:07,867 INFO db.DBStoreBuilder: Using default column profile:DBProfile.DISK for Table:default
datanode_2  | 2019-10-10 19:06:10,814 INFO server.RaftServerConfigKeys: raft.server.log.purge.gap = 1000000 (custom)
datanode_1  | 2019-10-10 19:06:09,715 INFO server.RaftServerConfigKeys: raft.server.log.segment.size.max = 1048576 (custom)
datanode_3  | 2019-10-10 19:06:10,348 INFO server.RaftServerConfigKeys: raft.server.log.statemachine.data.sync = true (default)
s3g_1       | 20191010T191249Z
kdc_1       | Entry for principal dn/scm@EXAMPLE.COM with kvno 2, encryption type aes256-cts-hmac-sha1-96 added to keytab WRFILE:/data/dn.scm.keytab.
scm_1       | 2019-10-10 19:06:02,951 INFO ipc.Server: IPC Server listener on 9961: starting
om_1        | 2019-10-10 19:06:07,869 INFO db.DBStoreBuilder: Using default options. DBProfile.DISK
datanode_2  | 2019-10-10 19:06:10,814 INFO server.RaftServerConfigKeys: raft.server.log.appender.buffer.byte-limit = 33554432 (custom)
datanode_1  | 2019-10-10 19:06:09,717 WARN impl.MetricsSystemImpl: HddsDatanode metrics system already initialized!
datanode_3  | 2019-10-10 19:06:10,348 INFO server.RaftServerConfigKeys: raft.server.log.statemachine.data.sync.timeout = 10s (default)
s3g_1       | 20191010/us-west-1/s3/aws4_request
kdc_1       | Entry for principal dn/scm@EXAMPLE.COM with kvno 2, encryption type aes128-cts-hmac-sha1-96 added to keytab WRFILE:/data/dn.scm.keytab.
scm_1       | 2019-10-10 19:06:02,955 INFO http.HttpServer2: Jetty bound to port 9876
datanode_2  | 2019-10-10 19:06:10,816 INFO server.RaftServerConfigKeys: raft.server.log.segment.size.max = 1048576 (custom)
om_1        | 2019-10-10 19:06:08,206 INFO Configuration.deprecation: No unit for ozone.manager.delegation.remover.scan.interval(3600000) assuming MILLISECONDS
datanode_1  | 2019-10-10 19:06:09,725 INFO metrics.MetricRegistries: Loaded MetricRegistries class org.apache.ratis.metrics.impl.MetricRegistriesImpl
datanode_3  | 2019-10-10 19:06:10,349 INFO server.RaftServerConfigKeys: raft.server.log.statemachine.data.sync.timeout.retry = -1 (default)
s3g_1       | 269e575e55296b627caa597da83de6ed329ea06ff49cd92b872e7663c588bd78, signature=1f12deefeb52cc89f5a8dc9b1d8451bb3328b0ccfc12994dc0fcef581c4ddcb2, awsAccessKeyId=dlfknslnfslf, while invoking $Proxy83.submitRequest over nodeId=null,nodeAddress=om:9862 after 9 failover attempts. Trying to failover immediately.
kdc_1       | Generiting keytab
scm_1       | 2019-10-10 19:06:02,957 INFO server.Server: jetty-9.3.25.v20180904, build timestamp: 2018-09-04T21:11:46Z, git hash: 3ce520221d0240229c862b122d2b06c12a625732
datanode_2  | 2019-10-10 19:06:10,817 WARN impl.MetricsSystemImpl: HddsDatanode metrics system already initialized!
om_1        | 2019-10-10 19:06:08,209 [main] INFO       - Loaded 0 tokens
datanode_1  | 2019-10-10 19:06:09,772 INFO server.RaftServerConfigKeys: raft.server.log.segment.cache.num.max = 2 (custom)
datanode_3  | 2019-10-10 19:06:10,357 INFO server.RaftServerConfigKeys: raft.server.log.statemachine.data.caching.enabled = true (custom)
s3g_1       | 2019-10-10 19:12:49,828 WARN ipc.Client: Exception encountered while connecting to the server : org.apache.hadoop.ipc.RemoteException(org.apache.hadoop.security.token.SecretManager$InvalidToken): No S3 secret found for S3 identifier:OzoneToken owner=dlfknslnfslf, renewer=, realUser=, issueDate=0, maxDate=0, sequenceNumber=0, masterKeyId=0, strToSign=AWS4-HMAC-SHA256
scm_1       | 2019-10-10 19:06:03,013 INFO server.AuthenticationFilter: Unable to initialize FileSignerSecretProvider, falling back to use random secrets.
datanode_2  | 2019-10-10 19:06:10,823 INFO metrics.MetricRegistries: Loaded MetricRegistries class org.apache.ratis.metrics.impl.MetricRegistriesImpl
kdc_1       | Authenticating as principal admin/admin with keytab /tmp/admin.keytab.
datanode_1  | 2019-10-10 19:06:09,777 INFO segmented.SegmentedRaftLogWorker: new aaf33b75-bd6f-47c9-8910-4d67c46eef02@group-05B09126FE63-SegmentedRaftLogWorker for RaftStorage:Storage Directory /data/metadata/ratis/9fd9bbaa-b9a9-4c06-a7fe-05b09126fe63
datanode_3  | 2019-10-10 19:06:10,361 INFO segmented.SegmentedRaftLogWorker: 46c83aed-48d1-400c-9a59-bb597aa89e32@group-7C42FBF6F722-SegmentedRaftLogWorker: flushIndex: setUnconditionally 0 -> -1
s3g_1       | 20191010T191249Z
scm_1       | 2019-10-10 19:06:03,015 INFO server.KerberosAuthenticationHandler: Using keytab /etc/security/keytabs/HTTP.keytab, for principal HTTP/scm@EXAMPLE.COM
om_1        | 2019-10-10 19:06:08,209 [main] INFO       - Loading token state into token manager.
datanode_2  | 2019-10-10 19:06:10,865 INFO server.RaftServerConfigKeys: raft.server.log.segment.cache.num.max = 2 (custom)
kdc_1       | WARNING: no policy specified for testuser/1d2e919bbcd2@EXAMPLE.COM; defaulting to no policy
datanode_1  | 2019-10-10 19:06:09,777 INFO server.RaftServerConfigKeys: raft.server.log.queue.byte-limit = 2147483647 (custom)
datanode_3  | 2019-10-10 19:06:10,365 INFO server.RaftServerConfigKeys: raft.server.snapshot.auto.trigger.enabled = true (custom)
s3g_1       | 20191010/us-west-1/s3/aws4_request
scm_1       | 2019-10-10 19:06:03,022 INFO handler.ContextHandler: Started o.e.j.s.ServletContextHandler@7c781c42{/logs,file:///var/log/hadoop/,AVAILABLE}
om_1        | 2019-10-10 19:06:08,253 INFO ipc.CallQueueManager: Using callQueue: class java.util.concurrent.LinkedBlockingQueue, queueCapacity: 2000, scheduler: class org.apache.hadoop.ipc.DefaultRpcScheduler, ipcBackoff: false.
datanode_2  | 2019-10-10 19:06:10,869 INFO segmented.SegmentedRaftLogWorker: new 90b74a88-2a38-4dcf-a295-76ec5eb6d20c@group-25E86EE5B4DD-SegmentedRaftLogWorker for RaftStorage:Storage Directory /data/metadata/ratis/9b9ecd22-fea0-444c-8467-25e86ee5b4dd
kdc_1       | Principal "testuser/1d2e919bbcd2@EXAMPLE.COM" created.
datanode_3  | 2019-10-10 19:06:10,365 INFO server.RaftServerConfigKeys: raft.server.snapshot.auto.trigger.threshold = 10000 (custom)
s3g_1       | 269e575e55296b627caa597da83de6ed329ea06ff49cd92b872e7663c588bd78, signature=1f12deefeb52cc89f5a8dc9b1d8451bb3328b0ccfc12994dc0fcef581c4ddcb2, awsAccessKeyId=dlfknslnfslf
scm_1       | 2019-10-10 19:06:03,023 INFO handler.ContextHandler: Started o.e.j.s.ServletContextHandler@44d64d4e{/static,jar:file:/opt/hadoop/share/ozone/lib/hadoop-hdds-server-scm-0.5.0-SNAPSHOT.jar!/webapps/static,AVAILABLE}
om_1        | 2019-10-10 19:06:08,262 INFO ipc.Server: Starting Socket Reader #1 for port 9862
datanode_2  | 2019-10-10 19:06:10,870 INFO server.RaftServerConfigKeys: raft.server.log.queue.byte-limit = 2147483647 (custom)
kdc_1       | Authenticating as principal admin/admin with keytab /tmp/admin.keytab.
datanode_1  | 2019-10-10 19:06:09,777 INFO server.RaftServerConfigKeys: raft.server.log.queue.element-limit = 1024 (custom)
s3g_1       | 2019-10-10 19:12:49,829 [qtp1606286799-27] ERROR      - Failed to connect to OM. Attempted 10 retries and 10 failovers
scm_1       | 2019-10-10 19:06:03,123 INFO server.KerberosAuthenticationHandler: Using keytab /etc/security/keytabs/HTTP.keytab, for principal HTTP/scm@EXAMPLE.COM
datanode_3  | 2019-10-10 19:06:10,366 INFO server.RaftServerConfigKeys: raft.server.snapshot.retention.file.num = 5 (custom)
om_1        | 2019-10-10 19:06:08,331 [main] INFO       - OzoneManager RPC server is listening at om/172.18.0.6:9862
datanode_2  | 2019-10-10 19:06:10,870 INFO server.RaftServerConfigKeys: raft.server.log.queue.element-limit = 1024 (custom)
kdc_1       | Entry for principal testuser/1d2e919bbcd2@EXAMPLE.COM with kvno 2, encryption type aes256-cts-hmac-sha1-96 added to keytab WRFILE:/data/testuser.1d2e919bbcd2.keytab.
datanode_1  | 2019-10-10 19:06:09,778 INFO server.RaftServerConfigKeys: raft.server.log.segment.size.max = 1048576 (custom)
s3g_1       | 2019-10-10 19:12:49,831 [qtp1606286799-27] ERROR      - Couldn't create RpcClient protocol exception: 
datanode_3  | 2019-10-10 19:06:10,366 INFO server.RaftServerConfigKeys: raft.server.retrycache.expirytime = 600000ms (custom)
datanode_2  | 2019-10-10 19:06:10,871 INFO server.RaftServerConfigKeys: raft.server.log.segment.size.max = 1048576 (custom)
om_1        | 2019-10-10 19:06:08,398 INFO impl.MetricsConfig: Loaded properties from hadoop-metrics2.properties
kdc_1       | Entry for principal testuser/1d2e919bbcd2@EXAMPLE.COM with kvno 2, encryption type aes128-cts-hmac-sha1-96 added to keytab WRFILE:/data/testuser.1d2e919bbcd2.keytab.
datanode_1  | 2019-10-10 19:06:09,779 INFO server.RaftServerConfigKeys: raft.server.log.preallocated.size = 16384 (custom)
datanode_3  | 2019-10-10 19:06:10,392 INFO impl.RaftServerImpl: 46c83aed-48d1-400c-9a59-bb597aa89e32@group-7C42FBF6F722: start as a follower, conf=-1: [46c83aed-48d1-400c-9a59-bb597aa89e32:172.18.0.10:9858], old=null
datanode_2  | 2019-10-10 19:06:10,871 INFO server.RaftServerConfigKeys: raft.server.log.preallocated.size = 16384 (custom)
scm_1       | 2019-10-10 19:06:03,127 INFO handler.ContextHandler: Started o.e.j.w.WebAppContext@5d878b25{/,file:///tmp/jetty-0.0.0.0-9876-scm-_-any-2682928879749171003.dir/webapp/,AVAILABLE}{/scm}
s3g_1       | org.apache.hadoop.ipc.RemoteException(org.apache.hadoop.security.token.SecretManager$InvalidToken): No S3 secret found for S3 identifier:OzoneToken owner=dlfknslnfslf, renewer=, realUser=, issueDate=0, maxDate=0, sequenceNumber=0, masterKeyId=0, strToSign=AWS4-HMAC-SHA256
om_1        | 2019-10-10 19:06:08,441 INFO impl.MetricsSystemImpl: Scheduled Metric snapshot period at 10 second(s).
kdc_1       | Generiting keytab
datanode_1  | 2019-10-10 19:06:09,779 INFO server.RaftServerConfigKeys: raft.server.log.write.buffer.size = 33554432 (custom)
datanode_3  | 2019-10-10 19:06:10,393 INFO impl.RaftServerImpl: 46c83aed-48d1-400c-9a59-bb597aa89e32@group-7C42FBF6F722: changes role from      null to FOLLOWER at term 0 for startAsFollower
datanode_2  | 2019-10-10 19:06:10,871 INFO server.RaftServerConfigKeys: raft.server.log.write.buffer.size = 33554432 (custom)
scm_1       | 2019-10-10 19:06:03,130 INFO ipc.Server: Auth successful for dn/635d186ea64c@EXAMPLE.COM (auth:KERBEROS)
s3g_1       | 20191010T191249Z
om_1        | 2019-10-10 19:06:08,441 INFO impl.MetricsSystemImpl: OzoneManager metrics system started
kdc_1       | Authenticating as principal admin/admin with keytab /tmp/admin.keytab.
datanode_1  | 2019-10-10 19:06:09,779 INFO server.RaftServerConfigKeys: raft.server.log.force.sync.num = 128 (default)
datanode_3  | 2019-10-10 19:06:10,395 INFO impl.RoleInfo: 46c83aed-48d1-400c-9a59-bb597aa89e32: start FollowerState
scm_1       | 2019-10-10 19:06:03,132 INFO server.AbstractConnector: Started ServerConnector@3b24087d{HTTP/1.1,[http/1.1]}{0.0.0.0:9876}
datanode_2  | 2019-10-10 19:06:10,872 INFO server.RaftServerConfigKeys: raft.server.log.force.sync.num = 128 (default)
s3g_1       | 20191010/us-west-1/s3/aws4_request
om_1        | 2019-10-10 19:06:08,463 [main] INFO       - Reading keypair and certificate from file system.
kdc_1       | WARNING: no policy specified for s3g/025723ef6df4@EXAMPLE.COM; defaulting to no policy
datanode_1  | 2019-10-10 19:06:09,780 INFO server.RaftServerConfigKeys: raft.server.log.statemachine.data.sync = true (default)
datanode_3  | 2019-10-10 19:06:10,400 INFO util.JmxRegister: Successfully registered JMX Bean with object name Ratis:service=RaftServer,group=group-7C42FBF6F722,id=46c83aed-48d1-400c-9a59-bb597aa89e32
scm_1       | 2019-10-10 19:06:03,132 INFO ipc.Server: Auth successful for dn/1d2e919bbcd2@EXAMPLE.COM (auth:KERBEROS)
datanode_2  | 2019-10-10 19:06:10,873 INFO server.RaftServerConfigKeys: raft.server.log.statemachine.data.sync = true (default)
s3g_1       | 269e575e55296b627caa597da83de6ed329ea06ff49cd92b872e7663c588bd78, signature=1f12deefeb52cc89f5a8dc9b1d8451bb3328b0ccfc12994dc0fcef581c4ddcb2, awsAccessKeyId=dlfknslnfslf
om_1        | 2019-10-10 19:06:08,488 [main] INFO       - Starting OM block token secret manager
datanode_1  | 2019-10-10 19:06:09,780 INFO server.RaftServerConfigKeys: raft.server.log.statemachine.data.sync.timeout = 10s (default)
kdc_1       | Principal "s3g/025723ef6df4@EXAMPLE.COM" created.
datanode_3  | 2019-10-10 19:06:11,069 INFO impl.RaftServerProxy: 46c83aed-48d1-400c-9a59-bb597aa89e32: addNew group-42A81368DA2A:[aaf33b75-bd6f-47c9-8910-4d67c46eef02:172.18.0.2:9858, 46c83aed-48d1-400c-9a59-bb597aa89e32:172.18.0.10:9858, 90b74a88-2a38-4dcf-a295-76ec5eb6d20c:172.18.0.4:9858] returns group-42A81368DA2A:java.util.concurrent.CompletableFuture@5fb64f7e[Not completed]
scm_1       | 2019-10-10 19:06:03,132 INFO server.Server: Started @4400ms
datanode_2  | 2019-10-10 19:06:10,873 INFO server.RaftServerConfigKeys: raft.server.log.statemachine.data.sync.timeout = 10s (default)
s3g_1       | 	at org.apache.hadoop.ipc.Client.getRpcResponse(Client.java:1511)
om_1        | 2019-10-10 19:06:08,489 [main] INFO       - Updating the current master key for generating tokens
datanode_1  | 2019-10-10 19:06:09,781 INFO server.RaftServerConfigKeys: raft.server.log.statemachine.data.sync.timeout.retry = -1 (default)
kdc_1       | Authenticating as principal admin/admin with keytab /tmp/admin.keytab.
datanode_3  | 2019-10-10 19:06:11,071 INFO impl.RaftServerImpl: 46c83aed-48d1-400c-9a59-bb597aa89e32: new RaftServerImpl for group-42A81368DA2A:[aaf33b75-bd6f-47c9-8910-4d67c46eef02:172.18.0.2:9858, 46c83aed-48d1-400c-9a59-bb597aa89e32:172.18.0.10:9858, 90b74a88-2a38-4dcf-a295-76ec5eb6d20c:172.18.0.4:9858] with ContainerStateMachine:uninitialized
scm_1       | 2019-10-10 19:06:03,134 INFO ipc.Server: Auth successful for dn/025723ef6df4@EXAMPLE.COM (auth:KERBEROS)
s3g_1       | 	at org.apache.hadoop.ipc.Client.call(Client.java:1457)
datanode_2  | 2019-10-10 19:06:10,873 INFO server.RaftServerConfigKeys: raft.server.log.statemachine.data.sync.timeout.retry = -1 (default)
om_1        | 2019-10-10 19:06:08,490 [main] INFO       - Starting OM delegation token secret manager
datanode_1  | 2019-10-10 19:06:09,791 INFO server.RaftServerConfigKeys: raft.server.log.statemachine.data.caching.enabled = true (custom)
kdc_1       | Entry for principal s3g/025723ef6df4@EXAMPLE.COM with kvno 2, encryption type aes256-cts-hmac-sha1-96 added to keytab WRFILE:/data/s3g.025723ef6df4.keytab.
datanode_3  | 2019-10-10 19:06:11,071 INFO server.RaftServerConfigKeys: raft.server.rpc.timeout.min = 5s (custom)
scm_1       | 2019-10-10 19:06:03,134 INFO impl.MetricsSinkAdapter: Sink prometheus started
s3g_1       | 	at org.apache.hadoop.ipc.Client.call(Client.java:1367)
datanode_2  | 2019-10-10 19:06:10,881 INFO server.RaftServerConfigKeys: raft.server.log.statemachine.data.caching.enabled = true (custom)
om_1        | 2019-10-10 19:06:08,490 [main] INFO       - Updating the current master key for generating tokens
datanode_1  | 2019-10-10 19:06:09,797 INFO segmented.SegmentedRaftLogWorker: aaf33b75-bd6f-47c9-8910-4d67c46eef02@group-05B09126FE63-SegmentedRaftLogWorker: flushIndex: setUnconditionally 0 -> -1
kdc_1       | Entry for principal s3g/025723ef6df4@EXAMPLE.COM with kvno 2, encryption type aes128-cts-hmac-sha1-96 added to keytab WRFILE:/data/s3g.025723ef6df4.keytab.
datanode_3  | 2019-10-10 19:06:11,072 INFO server.RaftServerConfigKeys: raft.server.rpc.timeout.max = 5200ms (custom)
scm_1       | 2019-10-10 19:06:03,134 INFO impl.MetricsSystemImpl: Registered sink prometheus
s3g_1       | 	at org.apache.hadoop.ipc.ProtobufRpcEngine$Invoker.invoke(ProtobufRpcEngine.java:228)
datanode_2  | 2019-10-10 19:06:10,885 INFO segmented.SegmentedRaftLogWorker: 90b74a88-2a38-4dcf-a295-76ec5eb6d20c@group-25E86EE5B4DD-SegmentedRaftLogWorker: flushIndex: setUnconditionally 0 -> -1
om_1        | 2019-10-10 19:06:08,491 [Thread[Thread-11,5,main]] INFO       - Starting expired delegation token remover thread, tokenRemoverScanInterval=60 min(s)
datanode_1  | 2019-10-10 19:06:09,801 INFO server.RaftServerConfigKeys: raft.server.snapshot.auto.trigger.enabled = true (custom)
kdc_1       | Generiting keytab
datanode_3  | 2019-10-10 19:06:11,072 INFO server.RaftServerConfigKeys: raft.server.rpcslowness.timeout = 120s (custom)
s3g_1       | 	at org.apache.hadoop.ipc.ProtobufRpcEngine$Invoker.invoke(ProtobufRpcEngine.java:116)
datanode_2  | 2019-10-10 19:06:10,888 INFO server.RaftServerConfigKeys: raft.server.snapshot.auto.trigger.enabled = true (custom)
om_1        | 2019-10-10 19:06:08,516 INFO ipc.Server: IPC Server listener on 9862: starting
datanode_1  | 2019-10-10 19:06:09,802 INFO server.RaftServerConfigKeys: raft.server.snapshot.auto.trigger.threshold = 10000 (custom)
kdc_1       | Authenticating as principal admin/admin with keytab /tmp/admin.keytab.
scm_1       | 2019-10-10 19:06:03,136 INFO server.BaseHttpServer: HTTP server of SCM is listening at http://0.0.0.0:9876
datanode_3  | 2019-10-10 19:06:11,072 INFO server.RaftServerConfigKeys: raft.server.sleep.deviation.threshold = 300 (default)
datanode_2  | 2019-10-10 19:06:10,889 INFO server.RaftServerConfigKeys: raft.server.snapshot.auto.trigger.threshold = 10000 (custom)
om_1        | 2019-10-10 19:06:08,517 INFO ipc.Server: IPC Server Responder: starting
s3g_1       | 	at com.sun.proxy.$Proxy83.submitRequest(Unknown Source)
datanode_1  | 2019-10-10 19:06:09,802 INFO server.RaftServerConfigKeys: raft.server.snapshot.retention.file.num = 5 (custom)
kdc_1       | WARNING: no policy specified for scm/om@EXAMPLE.COM; defaulting to no policy
scm_1       | 2019-10-10 19:06:03,145 INFO util.JvmPauseMonitor: Starting JVM pause monitor
datanode_3  | 2019-10-10 19:06:11,072 INFO server.RaftServerConfigKeys: raft.server.log.appender.install.snapshot.enabled = false (custom)
datanode_2  | 2019-10-10 19:06:10,889 INFO server.RaftServerConfigKeys: raft.server.snapshot.retention.file.num = 5 (custom)
s3g_1       | 	at jdk.internal.reflect.GeneratedMethodAccessor9.invoke(Unknown Source)
datanode_1  | 2019-10-10 19:06:09,803 INFO server.RaftServerConfigKeys: raft.server.retrycache.expirytime = 600000ms (custom)
om_1        | 2019-10-10 19:06:08,545 INFO hdfs.DFSUtil: Starting web server as: HTTP/om@EXAMPLE.COM
kdc_1       | Principal "scm/om@EXAMPLE.COM" created.
scm_1       | 2019-10-10 19:06:03,150 INFO authorize.ServiceAuthorizationManager: Authorization successful for dn/635d186ea64c@EXAMPLE.COM (auth:KERBEROS) for protocol=interface org.apache.hadoop.hdds.protocol.SCMSecurityProtocol
datanode_2  | 2019-10-10 19:06:10,890 INFO server.RaftServerConfigKeys: raft.server.retrycache.expirytime = 600000ms (custom)
s3g_1       | 	at java.base/jdk.internal.reflect.DelegatingMethodAccessorImpl.invoke(DelegatingMethodAccessorImpl.java:43)
datanode_1  | 2019-10-10 19:06:09,832 INFO impl.RaftServerImpl: aaf33b75-bd6f-47c9-8910-4d67c46eef02@group-05B09126FE63: start as a follower, conf=-1: [aaf33b75-bd6f-47c9-8910-4d67c46eef02:172.18.0.2:9858], old=null
