datanode_3  | 2019-10-10 20:54:21,220 INFO server.RaftServerConfigKeys: raft.server.rpcslowness.timeout = 120s (custom)
datanode_2  | 2019-10-10 20:54:20,729 INFO server.RaftServerConfigKeys: raft.server.rpc.timeout.min = 5s (custom)
rm_1        | 2019-10-10 20:54:13 INFO  CapacitySchedulerConfiguration:916 - max alloc vcore per queue for root is undefined
om_1        | 2019-10-10 20:54:21,286 [main] INFO       - OzoneManager RPC server is listening at om/172.18.0.9:9862
nm_1        | 2019-10-10 20:54:11 INFO  ResourceUtils:418 - Unable to find 'resource-types.xml'.
scm_1       | 2019-10-10 20:54:14,273 INFO http.HttpServer2: Added filter static_user_filter (class=org.apache.hadoop.http.lib.StaticUserWebFilter$StaticUserFilter) to context scm
datanode_1  | 2019-10-10 20:54:20,155 INFO server.RaftServerConfigKeys: raft.server.sleep.deviation.threshold = 300 (default)
datanode_3  | 2019-10-10 20:54:21,220 INFO server.RaftServerConfigKeys: raft.server.sleep.deviation.threshold = 300 (default)
datanode_2  | 2019-10-10 20:54:20,729 INFO server.RaftServerConfigKeys: raft.server.rpc.timeout.max = 5200ms (custom)
rm_1        | 2019-10-10 20:54:13 INFO  ParentQueue:151 - root, capacity=1.0, absoluteCapacity=1.0, maxCapacity=1.0, absoluteMaxCapacity=1.0, state=RUNNING, acls=ADMINISTER_QUEUE:*SUBMIT_APP:*, labels=*,
nm_1        | 2019-10-10 20:54:11 INFO  Configuration:2752 - node-resources.xml not found
om_1        | 2019-10-10 20:54:21,362 INFO impl.MetricsConfig: Loaded properties from hadoop-metrics2.properties
scm_1       | 2019-10-10 20:54:14,273 INFO http.HttpServer2: Added filter static_user_filter (class=org.apache.hadoop.http.lib.StaticUserWebFilter$StaticUserFilter) to context static
datanode_1  | 2019-10-10 20:54:20,155 INFO server.RaftServerConfigKeys: raft.server.log.appender.install.snapshot.enabled = false (custom)
datanode_3  | 2019-10-10 20:54:21,221 INFO server.RaftServerConfigKeys: raft.server.log.appender.install.snapshot.enabled = false (custom)
datanode_2  | 2019-10-10 20:54:20,729 INFO server.RaftServerConfigKeys: raft.server.rpcslowness.timeout = 120s (custom)
rm_1        | , reservationsContinueLooking=true, orderingPolicy=utilization, priority=0
nm_1        | 2019-10-10 20:54:11 INFO  ResourceUtils:418 - Unable to find 'node-resources.xml'.
om_1        | 2019-10-10 20:54:21,402 INFO impl.MetricsSystemImpl: Scheduled Metric snapshot period at 10 second(s).
scm_1       | 2019-10-10 20:54:14,273 INFO http.HttpServer2: Added filter static_user_filter (class=org.apache.hadoop.http.lib.StaticUserWebFilter$StaticUserFilter) to context logs
datanode_1  | 2019-10-10 20:54:20,162 INFO impl.RaftServerImpl: 56d5168c-88ea-4ea6-b4d3-4c54dc83d92b@group-D9E88155EB4B: ConfigurationManager, init=-1: [56d5168c-88ea-4ea6-b4d3-4c54dc83d92b:172.18.0.5:9858], old=null, confs=<EMPTY_MAP>
datanode_3  | 2019-10-10 20:54:21,227 INFO impl.RaftServerImpl: a4e52025-bb9c-4617-af8f-cbcd937f5d4e@group-37A68B31F744: ConfigurationManager, init=-1: [a4e52025-bb9c-4617-af8f-cbcd937f5d4e:172.18.0.8:9858], old=null, confs=<EMPTY_MAP>
datanode_2  | 2019-10-10 20:54:20,730 INFO server.RaftServerConfigKeys: raft.server.sleep.deviation.threshold = 300 (default)
rm_1        | 2019-10-10 20:54:13 INFO  ParentQueue:114 - Initialized parent-queue root name=root, fullname=root
nm_1        | 2019-10-10 20:54:11 INFO  NodeStatusUpdaterImpl:192 - Nodemanager resources is set to: <memory:8192, vCores:8>
om_1        | 2019-10-10 20:54:21,403 INFO impl.MetricsSystemImpl: OzoneManager metrics system started
scm_1       | 2019-10-10 20:54:14,306 INFO server.StorageContainerManager: StorageContainerLocationProtocol RPC server is listening at /0.0.0.0:9860
datanode_1  | 2019-10-10 20:54:20,163 INFO server.RaftServerConfigKeys: raft.server.storage.dir = [/data/metadata/ratis] (custom)
datanode_3  | 2019-10-10 20:54:21,227 INFO server.RaftServerConfigKeys: raft.server.storage.dir = [/data/metadata/ratis] (custom)
datanode_2  | 2019-10-10 20:54:20,730 INFO server.RaftServerConfigKeys: raft.server.log.appender.install.snapshot.enabled = false (custom)
nm_1        | 2019-10-10 20:54:11 INFO  NodeStatusUpdaterImpl:236 - Initialized nodemanager with : physical-memory=8192 virtual-memory=17204 virtual-cores=8
om_1        | 2019-10-10 20:54:21,441 INFO ipc.Server: IPC Server Responder: starting
scm_1       | 2019-10-10 20:54:14,373 INFO impl.MetricsConfig: Loaded properties from hadoop-metrics2.properties
datanode_1  | 2019-10-10 20:54:20,167 INFO server.RaftServerConfigKeys: raft.server.log.corruption.policy = EXCEPTION (default)
datanode_3  | 2019-10-10 20:54:21,232 INFO server.RaftServerConfigKeys: raft.server.log.corruption.policy = EXCEPTION (default)
rm_1        | 2019-10-10 20:54:13 INFO  CapacitySchedulerConfiguration:912 - max alloc mb per queue for root.default is undefined
datanode_2  | 2019-10-10 20:54:20,735 INFO impl.RaftServerImpl: 187e277f-9a43-403e-a772-a2610dce8ee4@group-B92B84EF63E8: ConfigurationManager, init=-1: [187e277f-9a43-403e-a772-a2610dce8ee4:172.18.0.7:9858], old=null, confs=<EMPTY_MAP>
nm_1        | 2019-10-10 20:54:11 INFO  CallQueueManager:84 - Using callQueue: class java.util.concurrent.LinkedBlockingQueue queueCapacity: 2000 scheduler: class org.apache.hadoop.ipc.DefaultRpcScheduler
om_1        | 2019-10-10 20:54:21,442 INFO ipc.Server: IPC Server listener on 9862: starting
scm_1       | 2019-10-10 20:54:14,440 INFO impl.MetricsSystemImpl: Scheduled Metric snapshot period at 10 second(s).
datanode_1  | 2019-10-10 20:54:20,169 INFO storage.RaftStorageDirectory: The storage directory /data/metadata/ratis/ebdebd5e-0819-4c34-aa05-d9e88155eb4b does not exist. Creating ...
datanode_3  | 2019-10-10 20:54:21,233 INFO storage.RaftStorageDirectory: The storage directory /data/metadata/ratis/e7ee40e4-8784-4053-9098-37a68b31f744 does not exist. Creating ...
rm_1        | 2019-10-10 20:54:13 INFO  CapacitySchedulerConfiguration:916 - max alloc vcore per queue for root.default is undefined
datanode_2  | 2019-10-10 20:54:20,736 INFO server.RaftServerConfigKeys: raft.server.storage.dir = [/data/metadata/ratis] (custom)
nm_1        | 2019-10-10 20:54:11 INFO  Server:1070 - Starting Socket Reader #1 for port 39659
om_1        | 2019-10-10 20:54:21,470 INFO hdfs.DFSUtil: Starting Web-server for ozoneManager at: http://0.0.0.0:9874
scm_1       | 2019-10-10 20:54:14,442 INFO impl.MetricsSystemImpl: StorageContainerManager metrics system started
datanode_1  | 2019-10-10 20:54:20,208 INFO storage.RaftStorageDirectory: Lock on /data/metadata/ratis/ebdebd5e-0819-4c34-aa05-d9e88155eb4b/in_use.lock acquired by nodename 7@2bc6543647a1
rm_1        | 2019-10-10 20:54:13 INFO  LeafQueue:289 - Initializing default
datanode_2  | 2019-10-10 20:54:20,740 INFO server.RaftServerConfigKeys: raft.server.log.corruption.policy = EXCEPTION (default)
datanode_3  | 2019-10-10 20:54:21,268 INFO storage.RaftStorageDirectory: Lock on /data/metadata/ratis/e7ee40e4-8784-4053-9098-37a68b31f744/in_use.lock acquired by nodename 8@d86d054c38c7
nm_1        | 2019-10-10 20:54:12 INFO  RpcServerFactoryPBImpl:173 - Adding protocol org.apache.hadoop.yarn.api.ContainerManagementProtocolPB to the server
om_1        | 2019-10-10 20:54:21,562 INFO server.AuthenticationFilter: Unable to initialize FileSignerSecretProvider, falling back to use random secrets.
scm_1       | 2019-10-10 20:54:14,721 INFO server.SCMClientProtocolServer: RPC server for Client  is listening at /0.0.0.0:9860
rm_1        | capacity = 1.0 [= (float) configuredCapacity / 100 ]
datanode_2  | 2019-10-10 20:54:20,741 INFO storage.RaftStorageDirectory: The storage directory /data/metadata/ratis/ff1be4bd-5489-4058-9331-b92b84ef63e8 does not exist. Creating ...
datanode_3  | 2019-10-10 20:54:21,273 INFO storage.RaftStorage: Storage directory /data/metadata/ratis/e7ee40e4-8784-4053-9098-37a68b31f744 has been successfully formatted.
om_1        | 2019-10-10 20:54:21,565 INFO http.HttpRequestLog: Http request log for http.requests.ozoneManager is not defined
scm_1       | 2019-10-10 20:54:14,721 INFO ipc.Server: IPC Server Responder: starting
datanode_1  | 2019-10-10 20:54:20,233 INFO storage.RaftStorage: Storage directory /data/metadata/ratis/ebdebd5e-0819-4c34-aa05-d9e88155eb4b has been successfully formatted.
nm_1        | 2019-10-10 20:54:12 INFO  Server:1310 - IPC Server Responder: starting
rm_1        | absoluteCapacity = 1.0 [= parentAbsoluteCapacity * capacity ]
datanode_2  | 2019-10-10 20:54:20,769 INFO storage.RaftStorageDirectory: Lock on /data/metadata/ratis/ff1be4bd-5489-4058-9331-b92b84ef63e8/in_use.lock acquired by nodename 7@050da1391e76
om_1        | 2019-10-10 20:54:21,573 INFO http.HttpServer2: Added global filter 'safety' (class=org.apache.hadoop.http.HttpServer2$QuotingInputFilter)
datanode_3  | 2019-10-10 20:54:21,276 [pool-8-thread-1] INFO       - group-37A68B31F744: The snapshot info is null. Setting the last applied indexto:(t:0, i:~)
scm_1       | 2019-10-10 20:54:14,722 INFO ipc.Server: IPC Server listener on 9860: starting
rm_1        | maxCapacity = 1.0 [= configuredMaxCapacity ]
nm_1        | 2019-10-10 20:54:12 INFO  Server:1149 - IPC Server listener on 39659: starting
datanode_1  | 2019-10-10 20:54:20,237 [pool-8-thread-1] INFO       - group-D9E88155EB4B: The snapshot info is null. Setting the last applied indexto:(t:0, i:~)
om_1        | 2019-10-10 20:54:21,575 INFO http.HttpServer2: Added filter static_user_filter (class=org.apache.hadoop.http.lib.StaticUserWebFilter$StaticUserFilter) to context ozoneManager
datanode_3  | 2019-10-10 20:54:21,277 INFO server.RaftServerConfigKeys: raft.server.notification.no-leader.timeout = 120s (custom)
datanode_2  | 2019-10-10 20:54:20,785 INFO storage.RaftStorage: Storage directory /data/metadata/ratis/ff1be4bd-5489-4058-9331-b92b84ef63e8 has been successfully formatted.
scm_1       | 2019-10-10 20:54:14,728 INFO server.StorageContainerManager: ScmBlockLocationProtocol RPC server is listening at /0.0.0.0:9863
rm_1        | absoluteMaxCapacity = 1.0 [= 1.0 maximumCapacity undefined, (parentAbsoluteMaxCapacity * maximumCapacity) / 100 otherwise ]
nm_1        | 2019-10-10 20:54:12 INFO  NMContainerTokenSecretManager:265 - Updating node address : nm:39659
datanode_1  | 2019-10-10 20:54:20,238 INFO server.RaftServerConfigKeys: raft.server.notification.no-leader.timeout = 120s (custom)
om_1        | 2019-10-10 20:54:21,576 INFO http.HttpServer2: Added filter static_user_filter (class=org.apache.hadoop.http.lib.StaticUserWebFilter$StaticUserFilter) to context logs
datanode_3  | 2019-10-10 20:54:21,279 INFO server.RaftServerConfigKeys: raft.server.log.use.memory = false (default)
scm_1       | 2019-10-10 20:54:14,728 INFO server.SCMBlockProtocolServer: RPC server for Block Protocol is listening at /0.0.0.0:9863
datanode_2  | 2019-10-10 20:54:20,789 [pool-8-thread-1] INFO       - group-B92B84EF63E8: The snapshot info is null. Setting the last applied indexto:(t:0, i:~)
rm_1        | effectiveMinResource=<memory:0, vCores:0>
datanode_1  | 2019-10-10 20:54:20,240 INFO server.RaftServerConfigKeys: raft.server.log.use.memory = false (default)
nm_1        | 2019-10-10 20:54:12 INFO  CallQueueManager:84 - Using callQueue: class java.util.concurrent.LinkedBlockingQueue queueCapacity: 500 scheduler: class org.apache.hadoop.ipc.DefaultRpcScheduler
om_1        | 2019-10-10 20:54:21,576 INFO http.HttpServer2: Added filter static_user_filter (class=org.apache.hadoop.http.lib.StaticUserWebFilter$StaticUserFilter) to context static
datanode_3  | 2019-10-10 20:54:21,283 INFO server.RaftServerConfigKeys: raft.server.log.purge.gap = 1000000 (custom)
datanode_2  | 2019-10-10 20:54:20,789 INFO server.RaftServerConfigKeys: raft.server.notification.no-leader.timeout = 120s (custom)
rm_1        |  , effectiveMaxResource=<memory:0, vCores:0>
scm_1       | 2019-10-10 20:54:14,729 INFO ipc.Server: IPC Server Responder: starting
datanode_1  | 2019-10-10 20:54:20,244 INFO server.RaftServerConfigKeys: raft.server.log.purge.gap = 1000000 (custom)
nm_1        | 2019-10-10 20:54:12 INFO  Server:1070 - Starting Socket Reader #1 for port 8040
om_1        | 2019-10-10 20:54:21,596 INFO http.HttpServer2: Jetty bound to port 9874
datanode_3  | 2019-10-10 20:54:21,283 INFO server.RaftServerConfigKeys: raft.server.log.appender.buffer.byte-limit = 33554432 (custom)
datanode_2  | 2019-10-10 20:54:20,791 INFO server.RaftServerConfigKeys: raft.server.log.use.memory = false (default)
rm_1        | userLimit = 100 [= configuredUserLimit ]
scm_1       | 2019-10-10 20:54:14,738 INFO ipc.Server: IPC Server listener on 9863: starting
datanode_1  | 2019-10-10 20:54:20,244 INFO server.RaftServerConfigKeys: raft.server.log.appender.buffer.byte-limit = 33554432 (custom)
nm_1        | 2019-10-10 20:54:12 INFO  RpcServerFactoryPBImpl:173 - Adding protocol org.apache.hadoop.yarn.server.nodemanager.api.LocalizationProtocolPB to the server
om_1        | 2019-10-10 20:54:21,598 INFO server.Server: jetty-9.3.25.v20180904, build timestamp: 2018-09-04T21:11:46Z, git hash: 3ce520221d0240229c862b122d2b06c12a625732
datanode_3  | 2019-10-10 20:54:21,285 INFO server.RaftServerConfigKeys: raft.server.log.segment.size.max = 1048576 (custom)
datanode_2  | 2019-10-10 20:54:20,795 INFO server.RaftServerConfigKeys: raft.server.log.purge.gap = 1000000 (custom)
rm_1        | userLimitFactor = 1.0 [= configuredUserLimitFactor ]
scm_1       | 2019-10-10 20:54:14,743 INFO server.StorageContainerManager: ScmDatanodeProtocl RPC server is listening at /0.0.0.0:9861
datanode_1  | 2019-10-10 20:54:20,245 INFO server.RaftServerConfigKeys: raft.server.log.segment.size.max = 1048576 (custom)
nm_1        | 2019-10-10 20:54:12 INFO  Server:1310 - IPC Server Responder: starting
om_1        | 2019-10-10 20:54:21,631 INFO handler.ContextHandler: Started o.e.j.s.ServletContextHandler@3ae126d1{/logs,file:///var/log/hadoop/,AVAILABLE}
datanode_3  | 2019-10-10 20:54:21,286 WARN impl.MetricsSystemImpl: HddsDatanode metrics system already initialized!
datanode_2  | 2019-10-10 20:54:20,795 INFO server.RaftServerConfigKeys: raft.server.log.appender.buffer.byte-limit = 33554432 (custom)
rm_1        | maxApplications = 10000 [= configuredMaximumSystemApplicationsPerQueue or (int)(configuredMaximumSystemApplications * absoluteCapacity)]
scm_1       | 2019-10-10 20:54:14,743 INFO server.SCMDatanodeProtocolServer: RPC server for DataNodes is listening at /0.0.0.0:9861
datanode_1  | 2019-10-10 20:54:20,247 WARN impl.MetricsSystemImpl: HddsDatanode metrics system already initialized!
om_1        | 2019-10-10 20:54:21,632 INFO handler.ContextHandler: Started o.e.j.s.ServletContextHandler@49d831c2{/static,jar:file:/opt/hadoop/share/ozone/lib/hadoop-ozone-ozone-manager-0.5.0-SNAPSHOT.jar!/webapps/static,AVAILABLE}
nm_1        | 2019-10-10 20:54:12 INFO  Server:1149 - IPC Server listener on 8040: starting
datanode_3  | 2019-10-10 20:54:21,291 INFO metrics.MetricRegistries: Loaded MetricRegistries class org.apache.ratis.metrics.impl.MetricRegistriesImpl
datanode_2  | 2019-10-10 20:54:20,797 INFO server.RaftServerConfigKeys: raft.server.log.segment.size.max = 1048576 (custom)
rm_1        | maxApplicationsPerUser = 10000 [= (int)(maxApplications * (userLimit / 100.0f) * userLimitFactor) ]
scm_1       | 2019-10-10 20:54:14,745 INFO ipc.Server: IPC Server listener on 9861: starting
datanode_1  | 2019-10-10 20:54:20,251 INFO metrics.MetricRegistries: Loaded MetricRegistries class org.apache.ratis.metrics.impl.MetricRegistriesImpl
om_1        | 2019-10-10 20:54:21,740 INFO handler.ContextHandler: Started o.e.j.w.WebAppContext@54755dd9{/,file:///tmp/jetty-0.0.0.0-9874-ozoneManager-_-any-17193183612801615968.dir/webapp/,AVAILABLE}{/ozoneManager}
nm_1        | 2019-10-10 20:54:12 INFO  ResourceLocalizationService:395 - Localizer started on port 8040
datanode_3  | 2019-10-10 20:54:21,325 INFO server.RaftServerConfigKeys: raft.server.log.segment.cache.num.max = 2 (custom)
datanode_2  | 2019-10-10 20:54:20,799 WARN impl.MetricsSystemImpl: HddsDatanode metrics system already initialized!
rm_1        | usedCapacity = 0.0 [= usedResourcesMemory / (clusterResourceMemory * absoluteCapacity)]
scm_1       | 2019-10-10 20:54:14,745 INFO ipc.Server: IPC Server Responder: starting
datanode_1  | 2019-10-10 20:54:20,282 INFO server.RaftServerConfigKeys: raft.server.log.segment.cache.num.max = 2 (custom)
om_1        | 2019-10-10 20:54:21,746 INFO server.AbstractConnector: Started ServerConnector@41ad373{HTTP/1.1,[http/1.1]}{0.0.0.0:9874}
nm_1        | 2019-10-10 20:54:12 INFO  IndexCache:47 - IndexCache created with max memory = 10485760
datanode_3  | 2019-10-10 20:54:21,330 INFO segmented.SegmentedRaftLogWorker: new a4e52025-bb9c-4617-af8f-cbcd937f5d4e@group-37A68B31F744-SegmentedRaftLogWorker for RaftStorage:Storage Directory /data/metadata/ratis/e7ee40e4-8784-4053-9098-37a68b31f744
datanode_2  | 2019-10-10 20:54:20,802 INFO metrics.MetricRegistries: Loaded MetricRegistries class org.apache.ratis.metrics.impl.MetricRegistriesImpl
rm_1        | absoluteUsedCapacity = 0.0 [= usedResourcesMemory / clusterResourceMemory]
scm_1       | 2019-10-10 20:54:14,760 INFO http.HttpServer2: Jetty bound to port 9876
datanode_1  | 2019-10-10 20:54:20,287 INFO segmented.SegmentedRaftLogWorker: new 56d5168c-88ea-4ea6-b4d3-4c54dc83d92b@group-D9E88155EB4B-SegmentedRaftLogWorker for RaftStorage:Storage Directory /data/metadata/ratis/ebdebd5e-0819-4c34-aa05-d9e88155eb4b
om_1        | 2019-10-10 20:54:21,747 INFO server.Server: Started @3800ms
nm_1        | 2019-10-10 20:54:12 INFO  ShuffleHandler:549 - mapreduce_shuffle listening on port 13562
datanode_3  | 2019-10-10 20:54:21,330 INFO server.RaftServerConfigKeys: raft.server.log.queue.byte-limit = 2147483647 (custom)
datanode_2  | 2019-10-10 20:54:20,839 INFO server.RaftServerConfigKeys: raft.server.log.segment.cache.num.max = 2 (custom)
scm_1       | 2019-10-10 20:54:14,762 INFO server.Server: jetty-9.3.25.v20180904, build timestamp: 2018-09-04T21:11:46Z, git hash: 3ce520221d0240229c862b122d2b06c12a625732
rm_1        | maxAMResourcePerQueuePercent = 0.1 [= configuredMaximumAMResourcePercent ]
datanode_1  | 2019-10-10 20:54:20,287 INFO server.RaftServerConfigKeys: raft.server.log.queue.byte-limit = 2147483647 (custom)
om_1        | 2019-10-10 20:54:21,750 INFO impl.MetricsSinkAdapter: Sink prometheus started
nm_1        | 2019-10-10 20:54:12 INFO  ContainerManagerImpl:666 - ContainerManager started at nm/172.18.0.2:39659
datanode_3  | 2019-10-10 20:54:21,330 INFO server.RaftServerConfigKeys: raft.server.log.queue.element-limit = 1024 (custom)
datanode_2  | 2019-10-10 20:54:20,844 INFO segmented.SegmentedRaftLogWorker: new 187e277f-9a43-403e-a772-a2610dce8ee4@group-B92B84EF63E8-SegmentedRaftLogWorker for RaftStorage:Storage Directory /data/metadata/ratis/ff1be4bd-5489-4058-9331-b92b84ef63e8
scm_1       | 2019-10-10 20:54:14,803 INFO handler.ContextHandler: Started o.e.j.s.ServletContextHandler@3350ebdd{/logs,file:///var/log/hadoop/,AVAILABLE}
rm_1        | minimumAllocationFactor = 0.875 [= (float)(maximumAllocationMemory - minimumAllocationMemory) / maximumAllocationMemory ]
datanode_1  | 2019-10-10 20:54:20,287 INFO server.RaftServerConfigKeys: raft.server.log.queue.element-limit = 1024 (custom)
om_1        | 2019-10-10 20:54:21,751 INFO impl.MetricsSystemImpl: Registered sink prometheus
nm_1        | 2019-10-10 20:54:12 INFO  ContainerManagerImpl:667 - ContainerManager bound to 0.0.0.0/0.0.0.0:0
datanode_3  | 2019-10-10 20:54:21,331 INFO server.RaftServerConfigKeys: raft.server.log.segment.size.max = 1048576 (custom)
datanode_2  | 2019-10-10 20:54:20,844 INFO server.RaftServerConfigKeys: raft.server.log.queue.byte-limit = 2147483647 (custom)
scm_1       | 2019-10-10 20:54:14,804 INFO handler.ContextHandler: Started o.e.j.s.ServletContextHandler@6dcd5639{/static,jar:file:/opt/hadoop/share/ozone/lib/hadoop-hdds-server-scm-0.5.0-SNAPSHOT.jar!/webapps/static,AVAILABLE}
rm_1        | maximumAllocation = <memory:8192, vCores:4> [= configuredMaxAllocation ]
datanode_1  | 2019-10-10 20:54:20,288 INFO server.RaftServerConfigKeys: raft.server.log.segment.size.max = 1048576 (custom)
om_1        | 2019-10-10 20:54:21,752 INFO server.BaseHttpServer: HTTP server of OZONEMANAGER is listening at http://0.0.0.0:9874
nm_1        | 2019-10-10 20:54:12 WARN  NMLogAggregationStatusTracker:96 - Log Aggregation is disabled.So is the LogAggregationStatusTracker.
datanode_3  | 2019-10-10 20:54:21,332 INFO server.RaftServerConfigKeys: raft.server.log.preallocated.size = 16384 (custom)
datanode_2  | 2019-10-10 20:54:20,845 INFO server.RaftServerConfigKeys: raft.server.log.queue.element-limit = 1024 (custom)
scm_1       | 2019-10-10 20:54:14,915 INFO handler.ContextHandler: Started o.e.j.w.WebAppContext@4b790d86{/,file:///tmp/jetty-0.0.0.0-9876-scm-_-any-2920701638693093123.dir/webapp/,AVAILABLE}{/scm}
rm_1        | numContainers = 0 [= currentNumContainers ]
datanode_1  | 2019-10-10 20:54:20,289 INFO server.RaftServerConfigKeys: raft.server.log.preallocated.size = 16384 (custom)
om_1        | 2019-10-10 20:54:49,509 [IPC Server handler 3 on 9862] INFO       - created volume:vol1 for user:hadoop
nm_1        | 2019-10-10 20:54:12 INFO  WebServer:99 - Instantiating NMWebApp at 0.0.0.0:8042
datanode_3  | 2019-10-10 20:54:21,332 INFO server.RaftServerConfigKeys: raft.server.log.write.buffer.size = 33554432 (custom)
datanode_2  | 2019-10-10 20:54:20,846 INFO server.RaftServerConfigKeys: raft.server.log.segment.size.max = 1048576 (custom)
scm_1       | 2019-10-10 20:54:14,925 INFO server.AbstractConnector: Started ServerConnector@46e047d{HTTP/1.1,[http/1.1]}{0.0.0.0:9876}
rm_1        | state = RUNNING [= configuredState ]
datanode_1  | 2019-10-10 20:54:20,289 INFO server.RaftServerConfigKeys: raft.server.log.write.buffer.size = 33554432 (custom)
nm_1        | 2019-10-10 20:54:12 INFO  log:192 - Logging initialized @3287ms
datanode_3  | 2019-10-10 20:54:21,332 INFO server.RaftServerConfigKeys: raft.server.log.force.sync.num = 128 (default)
datanode_2  | 2019-10-10 20:54:20,846 INFO server.RaftServerConfigKeys: raft.server.log.preallocated.size = 16384 (custom)
rm_1        | acls = ADMINISTER_QUEUE:*SUBMIT_APP:* [= configuredAcls ]
datanode_1  | 2019-10-10 20:54:20,289 INFO server.RaftServerConfigKeys: raft.server.log.force.sync.num = 128 (default)
nm_1        | 2019-10-10 20:54:12 INFO  AuthenticationFilter:240 - Unable to initialize FileSignerSecretProvider, falling back to use random secrets.
scm_1       | 2019-10-10 20:54:14,925 INFO server.Server: Started @3972ms
datanode_2  | 2019-10-10 20:54:20,847 INFO server.RaftServerConfigKeys: raft.server.log.write.buffer.size = 33554432 (custom)
datanode_3  | 2019-10-10 20:54:21,333 INFO server.RaftServerConfigKeys: raft.server.log.statemachine.data.sync = true (default)
rm_1        | nodeLocalityDelay = 40
datanode_1  | 2019-10-10 20:54:20,290 INFO server.RaftServerConfigKeys: raft.server.log.statemachine.data.sync = true (default)
nm_1        | 2019-10-10 20:54:12 INFO  HttpRequestLog:81 - Http request log for http.requests.nodemanager is not defined
scm_1       | 2019-10-10 20:54:14,928 INFO impl.MetricsSinkAdapter: Sink prometheus started
datanode_2  | 2019-10-10 20:54:20,847 INFO server.RaftServerConfigKeys: raft.server.log.force.sync.num = 128 (default)
datanode_3  | 2019-10-10 20:54:21,333 INFO server.RaftServerConfigKeys: raft.server.log.statemachine.data.sync.timeout = 10s (default)
rm_1        | rackLocalityAdditionalDelay = -1
datanode_1  | 2019-10-10 20:54:20,290 INFO server.RaftServerConfigKeys: raft.server.log.statemachine.data.sync.timeout = 10s (default)
nm_1        | 2019-10-10 20:54:12 INFO  HttpServer2:970 - Added global filter 'safety' (class=org.apache.hadoop.http.HttpServer2$QuotingInputFilter)
scm_1       | 2019-10-10 20:54:14,929 INFO impl.MetricsSystemImpl: Registered sink prometheus
datanode_2  | 2019-10-10 20:54:20,848 INFO server.RaftServerConfigKeys: raft.server.log.statemachine.data.sync = true (default)
datanode_3  | 2019-10-10 20:54:21,334 INFO server.RaftServerConfigKeys: raft.server.log.statemachine.data.sync.timeout.retry = -1 (default)
rm_1        | labels=*,
datanode_1  | 2019-10-10 20:54:20,290 INFO server.RaftServerConfigKeys: raft.server.log.statemachine.data.sync.timeout.retry = -1 (default)
nm_1        | 2019-10-10 20:54:12 INFO  HttpServer2:943 - Added filter static_user_filter (class=org.apache.hadoop.http.lib.StaticUserWebFilter$StaticUserFilter) to context node
scm_1       | 2019-10-10 20:54:14,931 INFO server.BaseHttpServer: HTTP server of SCM is listening at http://0.0.0.0:9876
datanode_2  | 2019-10-10 20:54:20,848 INFO server.RaftServerConfigKeys: raft.server.log.statemachine.data.sync.timeout = 10s (default)
datanode_3  | 2019-10-10 20:54:21,344 INFO server.RaftServerConfigKeys: raft.server.log.statemachine.data.caching.enabled = true (custom)
rm_1        | reservationsContinueLooking = true
datanode_1  | 2019-10-10 20:54:20,299 INFO server.RaftServerConfigKeys: raft.server.log.statemachine.data.caching.enabled = true (custom)
nm_1        | 2019-10-10 20:54:12 INFO  HttpServer2:953 - Added filter static_user_filter (class=org.apache.hadoop.http.lib.StaticUserWebFilter$StaticUserFilter) to context static
scm_1       | 2019-10-10 20:54:14,949 INFO util.JvmPauseMonitor: Starting JVM pause monitor
datanode_2  | 2019-10-10 20:54:20,848 INFO server.RaftServerConfigKeys: raft.server.log.statemachine.data.sync.timeout.retry = -1 (default)
datanode_3  | 2019-10-10 20:54:21,348 INFO segmented.SegmentedRaftLogWorker: a4e52025-bb9c-4617-af8f-cbcd937f5d4e@group-37A68B31F744-SegmentedRaftLogWorker: flushIndex: setUnconditionally 0 -> -1
rm_1        | preemptionDisabled = true
datanode_1  | 2019-10-10 20:54:20,302 INFO segmented.SegmentedRaftLogWorker: 56d5168c-88ea-4ea6-b4d3-4c54dc83d92b@group-D9E88155EB4B-SegmentedRaftLogWorker: flushIndex: setUnconditionally 0 -> -1
nm_1        | 2019-10-10 20:54:12 INFO  HttpServer2:953 - Added filter static_user_filter (class=org.apache.hadoop.http.lib.StaticUserWebFilter$StaticUserFilter) to context logs
datanode_2  | 2019-10-10 20:54:20,857 INFO server.RaftServerConfigKeys: raft.server.log.statemachine.data.caching.enabled = true (custom)
datanode_3  | 2019-10-10 20:54:21,352 INFO server.RaftServerConfigKeys: raft.server.snapshot.auto.trigger.enabled = true (custom)
scm_1       | 2019-10-10 20:54:19,189 INFO net.NetworkTopology: Added a new node: /default-rack/56d5168c-88ea-4ea6-b4d3-4c54dc83d92b
rm_1        | defaultAppPriorityPerQueue = 0
datanode_1  | 2019-10-10 20:54:20,306 INFO server.RaftServerConfigKeys: raft.server.snapshot.auto.trigger.enabled = true (custom)
nm_1        | 2019-10-10 20:54:12 INFO  HttpServer2:943 - Added filter authentication (class=org.apache.hadoop.security.authentication.server.AuthenticationFilter) to context node
datanode_2  | 2019-10-10 20:54:20,863 INFO segmented.SegmentedRaftLogWorker: 187e277f-9a43-403e-a772-a2610dce8ee4@group-B92B84EF63E8-SegmentedRaftLogWorker: flushIndex: setUnconditionally 0 -> -1
datanode_3  | 2019-10-10 20:54:21,353 INFO server.RaftServerConfigKeys: raft.server.snapshot.auto.trigger.threshold = 10000 (custom)
scm_1       | 2019-10-10 20:54:19,190 INFO node.SCMNodeManager: Registered Data node : 56d5168c-88ea-4ea6-b4d3-4c54dc83d92b{ip: 172.18.0.5, host: hadoop31_datanode_1.hadoop31_default, networkLocation: /default-rack, certSerialId: null}
rm_1        | priority = 0
datanode_1  | 2019-10-10 20:54:20,307 INFO server.RaftServerConfigKeys: raft.server.snapshot.auto.trigger.threshold = 10000 (custom)
nm_1        | 2019-10-10 20:54:12 INFO  HttpServer2:953 - Added filter authentication (class=org.apache.hadoop.security.authentication.server.AuthenticationFilter) to context static
datanode_2  | 2019-10-10 20:54:20,867 INFO server.RaftServerConfigKeys: raft.server.snapshot.auto.trigger.enabled = true (custom)
datanode_3  | 2019-10-10 20:54:21,353 INFO server.RaftServerConfigKeys: raft.server.snapshot.retention.file.num = 5 (custom)
scm_1       | 2019-10-10 20:54:19,194 INFO safemode.SCMSafeModeManager: SCM in safe mode. 1 DataNodes registered, 1 required.
rm_1        | maxLifetime = -1 seconds
datanode_1  | 2019-10-10 20:54:20,307 INFO server.RaftServerConfigKeys: raft.server.snapshot.retention.file.num = 5 (custom)
datanode_2  | 2019-10-10 20:54:20,868 INFO server.RaftServerConfigKeys: raft.server.snapshot.auto.trigger.threshold = 10000 (custom)
nm_1        | 2019-10-10 20:54:12 INFO  HttpServer2:953 - Added filter authentication (class=org.apache.hadoop.security.authentication.server.AuthenticationFilter) to context logs
datanode_3  | 2019-10-10 20:54:21,353 INFO server.RaftServerConfigKeys: raft.server.retrycache.expirytime = 600000ms (custom)
scm_1       | 2019-10-10 20:54:19,194 INFO safemode.SCMSafeModeManager: ScmSafeModeManager, all rules are successfully validated
rm_1        | defaultLifetime = -1 seconds
datanode_1  | 2019-10-10 20:54:20,307 INFO server.RaftServerConfigKeys: raft.server.retrycache.expirytime = 600000ms (custom)
datanode_2  | 2019-10-10 20:54:20,868 INFO server.RaftServerConfigKeys: raft.server.snapshot.retention.file.num = 5 (custom)
nm_1        | 2019-10-10 20:54:12 INFO  HttpServer2:608 - adding path spec: /node/*
scm_1       | 2019-10-10 20:54:19,194 INFO safemode.SCMSafeModeManager: SCM exiting safe mode.
datanode_3  | 2019-10-10 20:54:21,383 INFO impl.RaftServerImpl: a4e52025-bb9c-4617-af8f-cbcd937f5d4e@group-37A68B31F744: start as a follower, conf=-1: [a4e52025-bb9c-4617-af8f-cbcd937f5d4e:172.18.0.8:9858], old=null
datanode_1  | 2019-10-10 20:54:20,329 INFO impl.RaftServerImpl: 56d5168c-88ea-4ea6-b4d3-4c54dc83d92b@group-D9E88155EB4B: start as a follower, conf=-1: [56d5168c-88ea-4ea6-b4d3-4c54dc83d92b:172.18.0.5:9858], old=null
datanode_2  | 2019-10-10 20:54:20,869 INFO server.RaftServerConfigKeys: raft.server.retrycache.expirytime = 600000ms (custom)
rm_1        | 2019-10-10 20:54:13 INFO  CapacitySchedulerQueueManager:298 - Initialized queue: default: capacity=1.0, absoluteCapacity=1.0, usedResources=<memory:0, vCores:0>, usedCapacity=0.0, absoluteUsedCapacity=0.0, numApps=0, numContainers=0, effectiveMinResource=<memory:0, vCores:0> , effectiveMaxResource=<memory:0, vCores:0>
nm_1        | 2019-10-10 20:54:12 INFO  HttpServer2:608 - adding path spec: /ws/*
scm_1       | 2019-10-10 20:54:19,786 INFO net.NetworkTopology: Added a new node: /default-rack/187e277f-9a43-403e-a772-a2610dce8ee4
datanode_3  | 2019-10-10 20:54:21,384 INFO impl.RaftServerImpl: a4e52025-bb9c-4617-af8f-cbcd937f5d4e@group-37A68B31F744: changes role from      null to FOLLOWER at term 0 for startAsFollower
datanode_2  | 2019-10-10 20:54:20,891 INFO impl.RaftServerImpl: 187e277f-9a43-403e-a772-a2610dce8ee4@group-B92B84EF63E8: start as a follower, conf=-1: [187e277f-9a43-403e-a772-a2610dce8ee4:172.18.0.7:9858], old=null
datanode_1  | 2019-10-10 20:54:20,330 INFO impl.RaftServerImpl: 56d5168c-88ea-4ea6-b4d3-4c54dc83d92b@group-D9E88155EB4B: changes role from      null to FOLLOWER at term 0 for startAsFollower
nm_1        | 2019-10-10 20:54:12 INFO  WebApps:395 - Registered webapp guice modules
rm_1        | 2019-10-10 20:54:13 INFO  CapacitySchedulerQueueManager:298 - Initialized queue: root: numChildQueue= 1, capacity=1.0, absoluteCapacity=1.0, usedResources=<memory:0, vCores:0>usedCapacity=0.0, numApps=0, numContainers=0
scm_1       | 2019-10-10 20:54:19,791 INFO node.SCMNodeManager: Registered Data node : 187e277f-9a43-403e-a772-a2610dce8ee4{ip: 172.18.0.7, host: hadoop31_datanode_2.hadoop31_default, networkLocation: /default-rack, certSerialId: null}
datanode_2  | 2019-10-10 20:54:20,891 INFO impl.RaftServerImpl: 187e277f-9a43-403e-a772-a2610dce8ee4@group-B92B84EF63E8: changes role from      null to FOLLOWER at term 0 for startAsFollower
datanode_3  | 2019-10-10 20:54:21,386 INFO impl.RoleInfo: a4e52025-bb9c-4617-af8f-cbcd937f5d4e: start FollowerState
datanode_1  | 2019-10-10 20:54:20,331 INFO impl.RoleInfo: 56d5168c-88ea-4ea6-b4d3-4c54dc83d92b: start FollowerState
nm_1        | 2019-10-10 20:54:12 INFO  HttpServer2:1186 - Jetty bound to port 8042
rm_1        | 2019-10-10 20:54:13 INFO  CapacitySchedulerQueueManager:163 - Initialized root queue root: numChildQueue= 1, capacity=1.0, absoluteCapacity=1.0, usedResources=<memory:0, vCores:0>usedCapacity=0.0, numApps=0, numContainers=0
scm_1       | WARNING: An illegal reflective access operation has occurred
datanode_2  | 2019-10-10 20:54:20,893 INFO impl.RoleInfo: 187e277f-9a43-403e-a772-a2610dce8ee4: start FollowerState
datanode_3  | 2019-10-10 20:54:21,389 INFO util.JmxRegister: Successfully registered JMX Bean with object name Ratis:service=RaftServer,group=group-37A68B31F744,id=a4e52025-bb9c-4617-af8f-cbcd937f5d4e
datanode_1  | 2019-10-10 20:54:20,336 INFO util.JmxRegister: Successfully registered JMX Bean with object name Ratis:service=RaftServer,group=group-D9E88155EB4B,id=56d5168c-88ea-4ea6-b4d3-4c54dc83d92b
rm_1        | 2019-10-10 20:54:13 INFO  UserGroupMappingPlacementRule:232 - Initialized queue mappings, override: false
scm_1       | WARNING: Illegal reflective access by org.apache.ratis.thirdparty.com.google.protobuf.UnsafeUtil (file:/opt/hadoop/share/ozone/lib/ratis-thirdparty-misc-0.2.0.jar) to field java.nio.Buffer.address
datanode_2  | 2019-10-10 20:54:20,897 INFO util.JmxRegister: Successfully registered JMX Bean with object name Ratis:service=RaftServer,group=group-B92B84EF63E8,id=187e277f-9a43-403e-a772-a2610dce8ee4
datanode_3  | 2019-10-10 20:54:21,474 INFO impl.RaftServerProxy: a4e52025-bb9c-4617-af8f-cbcd937f5d4e: addNew group-B65F17BF9C19:[a4e52025-bb9c-4617-af8f-cbcd937f5d4e:172.18.0.8:9858, 56d5168c-88ea-4ea6-b4d3-4c54dc83d92b:172.18.0.5:9858, 187e277f-9a43-403e-a772-a2610dce8ee4:172.18.0.7:9858] returns group-B65F17BF9C19:java.util.concurrent.CompletableFuture@3cac9800[Not completed]
datanode_1  | 2019-10-10 20:54:21,488 INFO impl.RaftServerProxy: 56d5168c-88ea-4ea6-b4d3-4c54dc83d92b: addNew group-B65F17BF9C19:[a4e52025-bb9c-4617-af8f-cbcd937f5d4e:172.18.0.8:9858, 56d5168c-88ea-4ea6-b4d3-4c54dc83d92b:172.18.0.5:9858, 187e277f-9a43-403e-a772-a2610dce8ee4:172.18.0.7:9858] returns group-B65F17BF9C19:java.util.concurrent.CompletableFuture@63070fb5[Not completed]
nm_1        | 2019-10-10 20:54:12 INFO  Server:351 - jetty-9.3.24.v20180605, build timestamp: 2018-06-05T17:11:56Z, git hash: 84205aa28f11a4f31f2a3b86d1bba2cc8ab69827
rm_1        | 2019-10-10 20:54:13 INFO  CapacityScheduler:392 - Initialized CapacityScheduler with calculator=class org.apache.hadoop.yarn.util.resource.DefaultResourceCalculator, minimumAllocation=<<memory:1024, vCores:1>>, maximumAllocation=<<memory:8192, vCores:4>>, asynchronousScheduling=false, asyncScheduleInterval=5ms
scm_1       | WARNING: Please consider reporting this to the maintainers of org.apache.ratis.thirdparty.com.google.protobuf.UnsafeUtil
datanode_2  | 2019-10-10 20:54:21,489 INFO impl.RaftServerProxy: 187e277f-9a43-403e-a772-a2610dce8ee4: addNew group-B65F17BF9C19:[a4e52025-bb9c-4617-af8f-cbcd937f5d4e:172.18.0.8:9858, 56d5168c-88ea-4ea6-b4d3-4c54dc83d92b:172.18.0.5:9858, 187e277f-9a43-403e-a772-a2610dce8ee4:172.18.0.7:9858] returns group-B65F17BF9C19:java.util.concurrent.CompletableFuture@14f9b18f[Not completed]
datanode_3  | 2019-10-10 20:54:21,476 INFO impl.RaftServerImpl: a4e52025-bb9c-4617-af8f-cbcd937f5d4e: new RaftServerImpl for group-B65F17BF9C19:[a4e52025-bb9c-4617-af8f-cbcd937f5d4e:172.18.0.8:9858, 56d5168c-88ea-4ea6-b4d3-4c54dc83d92b:172.18.0.5:9858, 187e277f-9a43-403e-a772-a2610dce8ee4:172.18.0.7:9858] with ContainerStateMachine:uninitialized
datanode_1  | 2019-10-10 20:54:21,491 INFO impl.RaftServerImpl: 56d5168c-88ea-4ea6-b4d3-4c54dc83d92b: new RaftServerImpl for group-B65F17BF9C19:[a4e52025-bb9c-4617-af8f-cbcd937f5d4e:172.18.0.8:9858, 56d5168c-88ea-4ea6-b4d3-4c54dc83d92b:172.18.0.5:9858, 187e277f-9a43-403e-a772-a2610dce8ee4:172.18.0.7:9858] with ContainerStateMachine:uninitialized
nm_1        | 2019-10-10 20:54:12 INFO  AuthenticationFilter:240 - Unable to initialize FileSignerSecretProvider, falling back to use random secrets.
rm_1        | 2019-10-10 20:54:13 INFO  Configuration:2752 - dynamic-resources.xml not found
scm_1       | WARNING: Use --illegal-access=warn to enable warnings of further illegal reflective access operations
datanode_2  | 2019-10-10 20:54:21,491 INFO impl.RaftServerImpl: 187e277f-9a43-403e-a772-a2610dce8ee4: new RaftServerImpl for group-B65F17BF9C19:[a4e52025-bb9c-4617-af8f-cbcd937f5d4e:172.18.0.8:9858, 56d5168c-88ea-4ea6-b4d3-4c54dc83d92b:172.18.0.5:9858, 187e277f-9a43-403e-a772-a2610dce8ee4:172.18.0.7:9858] with ContainerStateMachine:uninitialized
datanode_3  | 2019-10-10 20:54:21,477 INFO server.RaftServerConfigKeys: raft.server.rpc.timeout.min = 5s (custom)
nm_1        | 2019-10-10 20:54:12 INFO  ContextHandler:781 - Started o.e.j.s.ServletContextHandler@6326d182{/logs,file:///opt/hadoop/logs/,AVAILABLE}
rm_1        | 2019-10-10 20:54:13 INFO  AMSProcessingChain:62 - Initializing AMS Processing chain. Root Processor=[org.apache.hadoop.yarn.server.resourcemanager.DefaultAMSProcessor].
datanode_1  | 2019-10-10 20:54:21,491 INFO server.RaftServerConfigKeys: raft.server.rpc.timeout.min = 5s (custom)
scm_1       | WARNING: All illegal access operations will be denied in a future release
datanode_2  | 2019-10-10 20:54:21,492 INFO server.RaftServerConfigKeys: raft.server.rpc.timeout.min = 5s (custom)
datanode_3  | 2019-10-10 20:54:21,477 INFO server.RaftServerConfigKeys: raft.server.rpc.timeout.max = 5200ms (custom)
rm_1        | 2019-10-10 20:54:13 INFO  ApplicationMasterService:130 - disabled placement handler will be used, all scheduling requests will be rejected.
nm_1        | 2019-10-10 20:54:12 INFO  ContextHandler:781 - Started o.e.j.s.ServletContextHandler@226642a5{/static,jar:file:/opt/hadoop/share/hadoop/yarn/hadoop-yarn-common-3.1.2.jar!/webapps/static,AVAILABLE}
scm_1       | 2019-10-10 20:54:20,427 INFO pipeline.PipelineStateManager: Created pipeline Pipeline[ Id: ebdebd5e-0819-4c34-aa05-d9e88155eb4b, Nodes: 56d5168c-88ea-4ea6-b4d3-4c54dc83d92b{ip: 172.18.0.5, host: hadoop31_datanode_1.hadoop31_default, networkLocation: /default-rack, certSerialId: null}, Type:RATIS, Factor:ONE, State:OPEN]
datanode_2  | 2019-10-10 20:54:21,492 INFO server.RaftServerConfigKeys: raft.server.rpc.timeout.max = 5200ms (custom)
datanode_3  | 2019-10-10 20:54:21,477 INFO server.RaftServerConfigKeys: raft.server.rpcslowness.timeout = 120s (custom)
rm_1        | 2019-10-10 20:54:13 INFO  AMSProcessingChain:75 - Adding [org.apache.hadoop.yarn.server.resourcemanager.scheduler.constraint.processor.DisabledPlacementProcessor] tp top of AMS Processing chain. 
nm_1        | Oct 10, 2019 8:54:13 PM com.sun.jersey.guice.spi.container.GuiceComponentProviderFactory register
datanode_1  | 2019-10-10 20:54:21,492 INFO server.RaftServerConfigKeys: raft.server.rpc.timeout.max = 5200ms (custom)
scm_1       | 2019-10-10 20:54:20,936 INFO net.NetworkTopology: Added a new node: /default-rack/a4e52025-bb9c-4617-af8f-cbcd937f5d4e
datanode_2  | 2019-10-10 20:54:21,492 INFO server.RaftServerConfigKeys: raft.server.rpcslowness.timeout = 120s (custom)
datanode_3  | 2019-10-10 20:54:21,477 INFO server.RaftServerConfigKeys: raft.server.sleep.deviation.threshold = 300 (default)
rm_1        | 2019-10-10 20:54:13 INFO  ResourceManager:565 - TimelineServicePublisher is not configured
nm_1        | INFO: Registering org.apache.hadoop.yarn.server.nodemanager.webapp.NMWebServices as a root resource class
datanode_1  | 2019-10-10 20:54:21,492 INFO server.RaftServerConfigKeys: raft.server.rpcslowness.timeout = 120s (custom)
scm_1       | 2019-10-10 20:54:20,936 INFO node.SCMNodeManager: Registered Data node : a4e52025-bb9c-4617-af8f-cbcd937f5d4e{ip: 172.18.0.8, host: hadoop31_datanode_3.hadoop31_default, networkLocation: /default-rack, certSerialId: null}
datanode_2  | 2019-10-10 20:54:21,492 INFO server.RaftServerConfigKeys: raft.server.sleep.deviation.threshold = 300 (default)
datanode_3  | 2019-10-10 20:54:21,477 INFO server.RaftServerConfigKeys: raft.server.log.appender.install.snapshot.enabled = false (custom)
rm_1        | 2019-10-10 20:54:13 INFO  log:192 - Logging initialized @2506ms
nm_1        | Oct 10, 2019 8:54:13 PM com.sun.jersey.guice.spi.container.GuiceComponentProviderFactory register
datanode_1  | 2019-10-10 20:54:21,492 INFO server.RaftServerConfigKeys: raft.server.sleep.deviation.threshold = 300 (default)
scm_1       | 2019-10-10 20:54:20,954 INFO pipeline.PipelineStateManager: Created pipeline Pipeline[ Id: ff1be4bd-5489-4058-9331-b92b84ef63e8, Nodes: 187e277f-9a43-403e-a772-a2610dce8ee4{ip: 172.18.0.7, host: hadoop31_datanode_2.hadoop31_default, networkLocation: /default-rack, certSerialId: null}, Type:RATIS, Factor:ONE, State:OPEN]
datanode_2  | 2019-10-10 20:54:21,492 INFO server.RaftServerConfigKeys: raft.server.log.appender.install.snapshot.enabled = false (custom)
datanode_3  | 2019-10-10 20:54:21,477 INFO impl.RaftServerImpl: a4e52025-bb9c-4617-af8f-cbcd937f5d4e@group-B65F17BF9C19: ConfigurationManager, init=-1: [a4e52025-bb9c-4617-af8f-cbcd937f5d4e:172.18.0.8:9858, 56d5168c-88ea-4ea6-b4d3-4c54dc83d92b:172.18.0.5:9858, 187e277f-9a43-403e-a772-a2610dce8ee4:172.18.0.7:9858], old=null, confs=<EMPTY_MAP>
rm_1        | 2019-10-10 20:54:13 INFO  AuthenticationFilter:240 - Unable to initialize FileSignerSecretProvider, falling back to use random secrets.
nm_1        | INFO: Registering org.apache.hadoop.yarn.webapp.GenericExceptionHandler as a provider class
datanode_1  | 2019-10-10 20:54:21,492 INFO server.RaftServerConfigKeys: raft.server.log.appender.install.snapshot.enabled = false (custom)
scm_1       | 2019-10-10 20:54:21,445 INFO pipeline.PipelineStateManager: Created pipeline Pipeline[ Id: e7ee40e4-8784-4053-9098-37a68b31f744, Nodes: a4e52025-bb9c-4617-af8f-cbcd937f5d4e{ip: 172.18.0.8, host: hadoop31_datanode_3.hadoop31_default, networkLocation: /default-rack, certSerialId: null}, Type:RATIS, Factor:ONE, State:OPEN]
datanode_2  | 2019-10-10 20:54:21,492 INFO impl.RaftServerImpl: 187e277f-9a43-403e-a772-a2610dce8ee4@group-B65F17BF9C19: ConfigurationManager, init=-1: [a4e52025-bb9c-4617-af8f-cbcd937f5d4e:172.18.0.8:9858, 56d5168c-88ea-4ea6-b4d3-4c54dc83d92b:172.18.0.5:9858, 187e277f-9a43-403e-a772-a2610dce8ee4:172.18.0.7:9858], old=null, confs=<EMPTY_MAP>
datanode_3  | 2019-10-10 20:54:21,477 INFO server.RaftServerConfigKeys: raft.server.storage.dir = [/data/metadata/ratis] (custom)
rm_1        | 2019-10-10 20:54:13 INFO  HttpRequestLog:81 - Http request log for http.requests.resourcemanager is not defined
nm_1        | Oct 10, 2019 8:54:13 PM com.sun.jersey.guice.spi.container.GuiceComponentProviderFactory register
datanode_1  | 2019-10-10 20:54:21,492 INFO impl.RaftServerImpl: 56d5168c-88ea-4ea6-b4d3-4c54dc83d92b@group-B65F17BF9C19: ConfigurationManager, init=-1: [a4e52025-bb9c-4617-af8f-cbcd937f5d4e:172.18.0.8:9858, 56d5168c-88ea-4ea6-b4d3-4c54dc83d92b:172.18.0.5:9858, 187e277f-9a43-403e-a772-a2610dce8ee4:172.18.0.7:9858], old=null, confs=<EMPTY_MAP>
scm_1       | 2019-10-10 20:54:21,550 INFO pipeline.PipelineStateManager: Created pipeline Pipeline[ Id: a35f2d3a-be3e-424c-ab7b-b65f17bf9c19, Nodes: 187e277f-9a43-403e-a772-a2610dce8ee4{ip: 172.18.0.7, host: hadoop31_datanode_2.hadoop31_default, networkLocation: /default-rack, certSerialId: null}a4e52025-bb9c-4617-af8f-cbcd937f5d4e{ip: 172.18.0.8, host: hadoop31_datanode_3.hadoop31_default, networkLocation: /default-rack, certSerialId: null}56d5168c-88ea-4ea6-b4d3-4c54dc83d92b{ip: 172.18.0.5, host: hadoop31_datanode_1.hadoop31_default, networkLocation: /default-rack, certSerialId: null}, Type:RATIS, Factor:THREE, State:OPEN]
datanode_2  | 2019-10-10 20:54:21,492 INFO server.RaftServerConfigKeys: raft.server.storage.dir = [/data/metadata/ratis] (custom)
datanode_3  | 2019-10-10 20:54:21,477 INFO server.RaftServerConfigKeys: raft.server.log.corruption.policy = EXCEPTION (default)
rm_1        | 2019-10-10 20:54:13 INFO  HttpServer2:970 - Added global filter 'safety' (class=org.apache.hadoop.http.HttpServer2$QuotingInputFilter)
nm_1        | INFO: Registering org.apache.hadoop.yarn.server.nodemanager.webapp.JAXBContextResolver as a provider class
datanode_1  | 2019-10-10 20:54:21,492 INFO server.RaftServerConfigKeys: raft.server.storage.dir = [/data/metadata/ratis] (custom)
scm_1       | 2019-10-10 20:56:21,474 INFO server.SCMBlockProtocolServer: SCM is informed by OM to delete 11 blocks
datanode_2  | 2019-10-10 20:54:21,493 INFO server.RaftServerConfigKeys: raft.server.log.corruption.policy = EXCEPTION (default)
datanode_3  | 2019-10-10 20:54:21,478 INFO storage.RaftStorageDirectory: The storage directory /data/metadata/ratis/a35f2d3a-be3e-424c-ab7b-b65f17bf9c19 does not exist. Creating ...
rm_1        | 2019-10-10 20:54:13 INFO  HttpServer2:943 - Added filter RMAuthenticationFilter (class=org.apache.hadoop.yarn.server.security.http.RMAuthenticationFilter) to context cluster
nm_1        | Oct 10, 2019 8:54:13 PM com.sun.jersey.server.impl.application.WebApplicationImpl _initiate
datanode_1  | 2019-10-10 20:54:21,493 INFO server.RaftServerConfigKeys: raft.server.log.corruption.policy = EXCEPTION (default)
datanode_2  | 2019-10-10 20:54:21,493 INFO storage.RaftStorageDirectory: The storage directory /data/metadata/ratis/a35f2d3a-be3e-424c-ab7b-b65f17bf9c19 does not exist. Creating ...
datanode_3  | 2019-10-10 20:54:21,491 INFO storage.RaftStorageDirectory: Lock on /data/metadata/ratis/a35f2d3a-be3e-424c-ab7b-b65f17bf9c19/in_use.lock acquired by nodename 8@d86d054c38c7
scm_1       | 2019-10-10 20:56:21,475 INFO block.BlockManagerImpl: Deleting blocks conID: 6 locID: 102940077519667205 bcsId: 0
rm_1        | 2019-10-10 20:54:13 INFO  HttpServer2:953 - Added filter RMAuthenticationFilter (class=org.apache.hadoop.yarn.server.security.http.RMAuthenticationFilter) to context logs
datanode_1  | 2019-10-10 20:54:21,493 INFO storage.RaftStorageDirectory: The storage directory /data/metadata/ratis/a35f2d3a-be3e-424c-ab7b-b65f17bf9c19 does not exist. Creating ...
nm_1        | INFO: Initiating Jersey application, version 'Jersey: 1.19 02/11/2015 03:25 AM'
datanode_2  | 2019-10-10 20:54:21,513 INFO storage.RaftStorageDirectory: Lock on /data/metadata/ratis/a35f2d3a-be3e-424c-ab7b-b65f17bf9c19/in_use.lock acquired by nodename 7@050da1391e76
datanode_3  | 2019-10-10 20:54:21,513 INFO storage.RaftStorage: Storage directory /data/metadata/ratis/a35f2d3a-be3e-424c-ab7b-b65f17bf9c19 has been successfully formatted.
scm_1       | 2019-10-10 20:56:21,480 INFO block.BlockManagerImpl: Deleting blocks conID: 2 locID: 102940077542801414 bcsId: 0
rm_1        | 2019-10-10 20:54:13 INFO  HttpServer2:953 - Added filter RMAuthenticationFilter (class=org.apache.hadoop.yarn.server.security.http.RMAuthenticationFilter) to context static
datanode_1  | 2019-10-10 20:54:21,513 INFO storage.RaftStorageDirectory: Lock on /data/metadata/ratis/a35f2d3a-be3e-424c-ab7b-b65f17bf9c19/in_use.lock acquired by nodename 7@2bc6543647a1
nm_1        | Oct 10, 2019 8:54:13 PM com.sun.jersey.guice.spi.container.GuiceComponentProviderFactory getComponentProvider
datanode_2  | 2019-10-10 20:54:21,526 INFO storage.RaftStorage: Storage directory /data/metadata/ratis/a35f2d3a-be3e-424c-ab7b-b65f17bf9c19 has been successfully formatted.
datanode_3  | 2019-10-10 20:54:21,513 [pool-8-thread-1] INFO       - group-B65F17BF9C19: The snapshot info is null. Setting the last applied indexto:(t:0, i:~)
scm_1       | 2019-10-10 20:56:21,480 INFO block.BlockManagerImpl: Deleting blocks conID: 7 locID: 102940077546602503 bcsId: 0
rm_1        | 2019-10-10 20:54:13 INFO  HttpServer2:943 - Added filter static_user_filter (class=org.apache.hadoop.http.lib.StaticUserWebFilter$StaticUserFilter) to context cluster
datanode_1  | 2019-10-10 20:54:21,526 INFO storage.RaftStorage: Storage directory /data/metadata/ratis/a35f2d3a-be3e-424c-ab7b-b65f17bf9c19 has been successfully formatted.
nm_1        | INFO: Binding org.apache.hadoop.yarn.server.nodemanager.webapp.JAXBContextResolver to GuiceManagedComponentProvider with the scope "Singleton"
datanode_2  | 2019-10-10 20:54:21,527 [pool-8-thread-1] INFO       - group-B65F17BF9C19: The snapshot info is null. Setting the last applied indexto:(t:0, i:~)
datanode_3  | 2019-10-10 20:54:21,514 INFO server.RaftServerConfigKeys: raft.server.notification.no-leader.timeout = 120s (custom)
scm_1       | 2019-10-10 20:56:21,480 INFO block.BlockManagerImpl: Deleting blocks conID: 3 locID: 102940077589725192 bcsId: 0
rm_1        | 2019-10-10 20:54:13 INFO  HttpServer2:953 - Added filter static_user_filter (class=org.apache.hadoop.http.lib.StaticUserWebFilter$StaticUserFilter) to context logs
datanode_1  | 2019-10-10 20:54:21,527 [pool-8-thread-1] INFO       - group-B65F17BF9C19: The snapshot info is null. Setting the last applied indexto:(t:0, i:~)
nm_1        | Oct 10, 2019 8:54:13 PM com.sun.jersey.guice.spi.container.GuiceComponentProviderFactory getComponentProvider
datanode_2  | 2019-10-10 20:54:21,527 INFO server.RaftServerConfigKeys: raft.server.notification.no-leader.timeout = 120s (custom)
datanode_3  | 2019-10-10 20:54:21,514 INFO server.RaftServerConfigKeys: raft.server.log.use.memory = false (default)
scm_1       | 2019-10-10 20:56:21,481 INFO block.BlockManagerImpl: Deleting blocks conID: 1 locID: 102940078355513353 bcsId: 0
rm_1        | 2019-10-10 20:54:13 INFO  HttpServer2:953 - Added filter static_user_filter (class=org.apache.hadoop.http.lib.StaticUserWebFilter$StaticUserFilter) to context static
datanode_1  | 2019-10-10 20:54:21,527 INFO server.RaftServerConfigKeys: raft.server.notification.no-leader.timeout = 120s (custom)
nm_1        | INFO: Binding org.apache.hadoop.yarn.webapp.GenericExceptionHandler to GuiceManagedComponentProvider with the scope "Singleton"
datanode_2  | 2019-10-10 20:54:21,527 INFO server.RaftServerConfigKeys: raft.server.log.use.memory = false (default)
datanode_3  | 2019-10-10 20:54:21,514 INFO server.RaftServerConfigKeys: raft.server.log.purge.gap = 1000000 (custom)
