om_1        | 2019-10-10 21:02:37,039 INFO ipc.CallQueueManager: Using callQueue: class java.util.concurrent.LinkedBlockingQueue, queueCapacity: 2000, scheduler: class org.apache.hadoop.ipc.DefaultRpcScheduler, ipcBackoff: false.
datanode_3  | 2019-10-10 21:02:36,538 INFO server.RaftServerConfigKeys: raft.server.sleep.deviation.threshold = 300 (default)
scm_1       | 2019-10-10 21:02:33,180 INFO ipc.Server: IPC Server listener on 9863: starting
datanode_2  | 2019-10-10 21:02:37,648 INFO server.RaftServerConfigKeys: raft.server.log.appender.buffer.byte-limit = 33554432 (custom)
datanode_1  | 2019-10-10 21:02:38,188 INFO server.RaftServerConfigKeys: raft.server.storage.dir = [/data/metadata/ratis] (custom)
om_1        | 2019-10-10 21:02:37,049 INFO ipc.Server: Starting Socket Reader #1 for port 9862
datanode_3  | 2019-10-10 21:02:36,538 INFO server.RaftServerConfigKeys: raft.server.log.appender.install.snapshot.enabled = false (custom)
scm_1       | 2019-10-10 21:02:33,183 INFO server.StorageContainerManager: ScmDatanodeProtocl RPC server is listening at /0.0.0.0:9861
datanode_2  | 2019-10-10 21:02:37,651 INFO server.RaftServerConfigKeys: raft.server.log.segment.size.max = 1048576 (custom)
datanode_1  | 2019-10-10 21:02:38,194 INFO server.RaftServerConfigKeys: raft.server.log.corruption.policy = EXCEPTION (default)
om_1        | 2019-10-10 21:02:37,096 [main] INFO       - OzoneManager RPC server is listening at om/172.18.0.5:9862
datanode_3  | 2019-10-10 21:02:36,544 INFO impl.RaftServerImpl: e20ce5a2-30d1-4c4e-af8d-25822e652f4d@group-C403DA86AC7B: ConfigurationManager, init=-1: [e20ce5a2-30d1-4c4e-af8d-25822e652f4d:172.18.0.3:9858], old=null, confs=<EMPTY_MAP>
scm_1       | 2019-10-10 21:02:33,183 INFO server.SCMDatanodeProtocolServer: RPC server for DataNodes is listening at /0.0.0.0:9861
datanode_2  | 2019-10-10 21:02:37,653 WARN impl.MetricsSystemImpl: HddsDatanode metrics system already initialized!
datanode_1  | 2019-10-10 21:02:38,196 INFO storage.RaftStorageDirectory: The storage directory /data/metadata/ratis/19c07759-90c9-4ccd-b38d-2dff9d50cbaf does not exist. Creating ...
datanode_3  | 2019-10-10 21:02:36,545 INFO server.RaftServerConfigKeys: raft.server.storage.dir = [/data/metadata/ratis] (custom)
datanode_2  | 2019-10-10 21:02:37,660 INFO metrics.MetricRegistries: Loaded MetricRegistries class org.apache.ratis.metrics.impl.MetricRegistriesImpl
scm_1       | 2019-10-10 21:02:33,185 INFO ipc.Server: IPC Server Responder: starting
om_1        | 2019-10-10 21:02:37,168 INFO impl.MetricsConfig: Loaded properties from hadoop-metrics2.properties
datanode_1  | 2019-10-10 21:02:38,214 INFO storage.RaftStorageDirectory: Lock on /data/metadata/ratis/19c07759-90c9-4ccd-b38d-2dff9d50cbaf/in_use.lock acquired by nodename 7@f5157df9d2bd
datanode_3  | 2019-10-10 21:02:36,550 INFO server.RaftServerConfigKeys: raft.server.log.corruption.policy = EXCEPTION (default)
datanode_2  | 2019-10-10 21:02:37,703 INFO server.RaftServerConfigKeys: raft.server.log.segment.cache.num.max = 2 (custom)
scm_1       | 2019-10-10 21:02:33,185 INFO ipc.Server: IPC Server listener on 9861: starting
om_1        | 2019-10-10 21:02:37,204 INFO impl.MetricsSystemImpl: Scheduled Metric snapshot period at 10 second(s).
datanode_1  | 2019-10-10 21:02:38,229 INFO storage.RaftStorage: Storage directory /data/metadata/ratis/19c07759-90c9-4ccd-b38d-2dff9d50cbaf has been successfully formatted.
datanode_3  | 2019-10-10 21:02:36,552 INFO storage.RaftStorageDirectory: The storage directory /data/metadata/ratis/4f5036f1-0b68-494a-bd96-c403da86ac7b does not exist. Creating ...
datanode_2  | 2019-10-10 21:02:37,707 INFO segmented.SegmentedRaftLogWorker: new 40f4e37e-2fcb-45f3-8572-2f542c99d1a4@group-EBBD375E8992-SegmentedRaftLogWorker for RaftStorage:Storage Directory /data/metadata/ratis/1491b9cd-5ff3-42aa-9968-ebbd375e8992
scm_1       | 2019-10-10 21:02:33,190 INFO http.HttpServer2: Jetty bound to port 9876
om_1        | 2019-10-10 21:02:37,204 INFO impl.MetricsSystemImpl: OzoneManager metrics system started
datanode_2  | 2019-10-10 21:02:37,708 INFO server.RaftServerConfigKeys: raft.server.log.queue.byte-limit = 2147483647 (custom)
datanode_1  | 2019-10-10 21:02:38,234 [pool-8-thread-1] INFO       - group-2DFF9D50CBAF: The snapshot info is null. Setting the last applied indexto:(t:0, i:~)
datanode_3  | 2019-10-10 21:02:36,602 INFO storage.RaftStorageDirectory: Lock on /data/metadata/ratis/4f5036f1-0b68-494a-bd96-c403da86ac7b/in_use.lock acquired by nodename 7@5541810e6ca4
scm_1       | 2019-10-10 21:02:33,194 INFO server.Server: jetty-9.3.25.v20180904, build timestamp: 2018-09-04T21:11:46Z, git hash: 3ce520221d0240229c862b122d2b06c12a625732
om_1        | 2019-10-10 21:02:37,276 INFO ipc.Server: IPC Server Responder: starting
datanode_2  | 2019-10-10 21:02:37,708 INFO server.RaftServerConfigKeys: raft.server.log.queue.element-limit = 1024 (custom)
datanode_3  | 2019-10-10 21:02:36,612 INFO storage.RaftStorage: Storage directory /data/metadata/ratis/4f5036f1-0b68-494a-bd96-c403da86ac7b has been successfully formatted.
om_1        | 2019-10-10 21:02:37,280 INFO ipc.Server: IPC Server listener on 9862: starting
scm_1       | 2019-10-10 21:02:33,239 INFO handler.ContextHandler: Started o.e.j.s.ServletContextHandler@6293e39e{/logs,file:///var/log/hadoop/,AVAILABLE}
datanode_1  | 2019-10-10 21:02:38,235 INFO server.RaftServerConfigKeys: raft.server.notification.no-leader.timeout = 120s (custom)
datanode_2  | 2019-10-10 21:02:37,709 INFO server.RaftServerConfigKeys: raft.server.log.segment.size.max = 1048576 (custom)
datanode_3  | 2019-10-10 21:02:36,616 [pool-8-thread-1] INFO       - group-C403DA86AC7B: The snapshot info is null. Setting the last applied indexto:(t:0, i:~)
om_1        | 2019-10-10 21:02:37,314 INFO hdfs.DFSUtil: Starting Web-server for ozoneManager at: http://0.0.0.0:9874
scm_1       | 2019-10-10 21:02:33,240 INFO handler.ContextHandler: Started o.e.j.s.ServletContextHandler@29a69a35{/static,jar:file:/opt/hadoop/share/ozone/lib/hadoop-hdds-server-scm-0.5.0-SNAPSHOT.jar!/webapps/static,AVAILABLE}
datanode_1  | 2019-10-10 21:02:38,238 INFO server.RaftServerConfigKeys: raft.server.log.use.memory = false (default)
datanode_2  | 2019-10-10 21:02:37,709 INFO server.RaftServerConfigKeys: raft.server.log.preallocated.size = 16384 (custom)
om_1        | 2019-10-10 21:02:37,421 INFO server.AuthenticationFilter: Unable to initialize FileSignerSecretProvider, falling back to use random secrets.
datanode_3  | 2019-10-10 21:02:36,616 INFO server.RaftServerConfigKeys: raft.server.notification.no-leader.timeout = 120s (custom)
scm_1       | 2019-10-10 21:02:33,321 INFO handler.ContextHandler: Started o.e.j.w.WebAppContext@30364216{/,file:///tmp/jetty-0.0.0.0-9876-scm-_-any-952350474393439044.dir/webapp/,AVAILABLE}{/scm}
datanode_1  | 2019-10-10 21:02:38,246 INFO server.RaftServerConfigKeys: raft.server.log.purge.gap = 1000000 (custom)
datanode_2  | 2019-10-10 21:02:37,710 INFO server.RaftServerConfigKeys: raft.server.log.write.buffer.size = 33554432 (custom)
om_1        | 2019-10-10 21:02:37,425 INFO http.HttpRequestLog: Http request log for http.requests.ozoneManager is not defined
datanode_3  | 2019-10-10 21:02:36,618 INFO server.RaftServerConfigKeys: raft.server.log.use.memory = false (default)
scm_1       | 2019-10-10 21:02:33,328 INFO server.AbstractConnector: Started ServerConnector@277bf091{HTTP/1.1,[http/1.1]}{0.0.0.0:9876}
datanode_1  | 2019-10-10 21:02:38,246 INFO server.RaftServerConfigKeys: raft.server.log.appender.buffer.byte-limit = 33554432 (custom)
datanode_2  | 2019-10-10 21:02:37,710 INFO server.RaftServerConfigKeys: raft.server.log.force.sync.num = 128 (default)
datanode_3  | 2019-10-10 21:02:36,626 INFO server.RaftServerConfigKeys: raft.server.log.purge.gap = 1000000 (custom)
om_1        | 2019-10-10 21:02:37,434 INFO http.HttpServer2: Added global filter 'safety' (class=org.apache.hadoop.http.HttpServer2$QuotingInputFilter)
scm_1       | 2019-10-10 21:02:33,329 INFO server.Server: Started @3340ms
datanode_1  | 2019-10-10 21:02:38,249 INFO server.RaftServerConfigKeys: raft.server.log.segment.size.max = 1048576 (custom)
datanode_2  | 2019-10-10 21:02:37,711 INFO server.RaftServerConfigKeys: raft.server.log.statemachine.data.sync = true (default)
datanode_3  | 2019-10-10 21:02:36,626 INFO server.RaftServerConfigKeys: raft.server.log.appender.buffer.byte-limit = 33554432 (custom)
om_1        | 2019-10-10 21:02:37,437 INFO http.HttpServer2: Added filter static_user_filter (class=org.apache.hadoop.http.lib.StaticUserWebFilter$StaticUserFilter) to context ozoneManager
scm_1       | 2019-10-10 21:02:33,332 INFO impl.MetricsSinkAdapter: Sink prometheus started
datanode_2  | 2019-10-10 21:02:37,711 INFO server.RaftServerConfigKeys: raft.server.log.statemachine.data.sync.timeout = 10s (default)
datanode_1  | 2019-10-10 21:02:38,251 WARN impl.MetricsSystemImpl: HddsDatanode metrics system already initialized!
datanode_3  | 2019-10-10 21:02:36,629 INFO server.RaftServerConfigKeys: raft.server.log.segment.size.max = 1048576 (custom)
scm_1       | 2019-10-10 21:02:33,333 INFO impl.MetricsSystemImpl: Registered sink prometheus
om_1        | 2019-10-10 21:02:37,437 INFO http.HttpServer2: Added filter static_user_filter (class=org.apache.hadoop.http.lib.StaticUserWebFilter$StaticUserFilter) to context logs
datanode_2  | 2019-10-10 21:02:37,711 INFO server.RaftServerConfigKeys: raft.server.log.statemachine.data.sync.timeout.retry = -1 (default)
datanode_1  | 2019-10-10 21:02:38,257 INFO metrics.MetricRegistries: Loaded MetricRegistries class org.apache.ratis.metrics.impl.MetricRegistriesImpl
datanode_3  | 2019-10-10 21:02:36,631 WARN impl.MetricsSystemImpl: HddsDatanode metrics system already initialized!
scm_1       | 2019-10-10 21:02:33,335 INFO server.BaseHttpServer: HTTP server of SCM is listening at http://0.0.0.0:9876
om_1        | 2019-10-10 21:02:37,437 INFO http.HttpServer2: Added filter static_user_filter (class=org.apache.hadoop.http.lib.StaticUserWebFilter$StaticUserFilter) to context static
datanode_2  | 2019-10-10 21:02:37,720 INFO server.RaftServerConfigKeys: raft.server.log.statemachine.data.caching.enabled = true (custom)
datanode_3  | 2019-10-10 21:02:36,637 INFO metrics.MetricRegistries: Loaded MetricRegistries class org.apache.ratis.metrics.impl.MetricRegistriesImpl
datanode_1  | 2019-10-10 21:02:38,300 INFO server.RaftServerConfigKeys: raft.server.log.segment.cache.num.max = 2 (custom)
om_1        | 2019-10-10 21:02:37,461 WARN server.BaseHttpServer: /prof java profiling servlet is activated. Not safe for production!
datanode_2  | 2019-10-10 21:02:37,723 INFO segmented.SegmentedRaftLogWorker: 40f4e37e-2fcb-45f3-8572-2f542c99d1a4@group-EBBD375E8992-SegmentedRaftLogWorker: flushIndex: setUnconditionally 0 -> -1
datanode_3  | 2019-10-10 21:02:36,681 INFO server.RaftServerConfigKeys: raft.server.log.segment.cache.num.max = 2 (custom)
scm_1       | 2019-10-10 21:02:33,343 INFO util.JvmPauseMonitor: Starting JVM pause monitor
datanode_1  | 2019-10-10 21:02:38,305 INFO segmented.SegmentedRaftLogWorker: new 0a25419a-afbb-4934-a311-44c8feba9805@group-2DFF9D50CBAF-SegmentedRaftLogWorker for RaftStorage:Storage Directory /data/metadata/ratis/19c07759-90c9-4ccd-b38d-2dff9d50cbaf
om_1        | 2019-10-10 21:02:37,464 INFO http.HttpServer2: Jetty bound to port 9874
datanode_2  | 2019-10-10 21:02:37,730 INFO server.RaftServerConfigKeys: raft.server.snapshot.auto.trigger.enabled = true (custom)
datanode_3  | 2019-10-10 21:02:36,688 INFO segmented.SegmentedRaftLogWorker: new e20ce5a2-30d1-4c4e-af8d-25822e652f4d@group-C403DA86AC7B-SegmentedRaftLogWorker for RaftStorage:Storage Directory /data/metadata/ratis/4f5036f1-0b68-494a-bd96-c403da86ac7b
datanode_1  | 2019-10-10 21:02:38,306 INFO server.RaftServerConfigKeys: raft.server.log.queue.byte-limit = 2147483647 (custom)
om_1        | 2019-10-10 21:02:37,465 INFO server.Server: jetty-9.3.25.v20180904, build timestamp: 2018-09-04T21:11:46Z, git hash: 3ce520221d0240229c862b122d2b06c12a625732
datanode_2  | 2019-10-10 21:02:37,731 INFO server.RaftServerConfigKeys: raft.server.snapshot.auto.trigger.threshold = 10000 (custom)
scm_1       | 2019-10-10 21:02:35,615 INFO net.NetworkTopology: Added a new node: /default-rack/e20ce5a2-30d1-4c4e-af8d-25822e652f4d
datanode_3  | 2019-10-10 21:02:36,688 INFO server.RaftServerConfigKeys: raft.server.log.queue.byte-limit = 2147483647 (custom)
datanode_1  | 2019-10-10 21:02:38,306 INFO server.RaftServerConfigKeys: raft.server.log.queue.element-limit = 1024 (custom)
om_1        | 2019-10-10 21:02:37,516 INFO handler.ContextHandler: Started o.e.j.s.ServletContextHandler@7ee8130e{/logs,file:///var/log/hadoop/,AVAILABLE}
datanode_2  | 2019-10-10 21:02:37,732 INFO server.RaftServerConfigKeys: raft.server.snapshot.retention.file.num = 5 (custom)
datanode_3  | 2019-10-10 21:02:36,689 INFO server.RaftServerConfigKeys: raft.server.log.queue.element-limit = 1024 (custom)
datanode_1  | 2019-10-10 21:02:38,307 INFO server.RaftServerConfigKeys: raft.server.log.segment.size.max = 1048576 (custom)
om_1        | 2019-10-10 21:02:37,517 INFO handler.ContextHandler: Started o.e.j.s.ServletContextHandler@79b2852b{/static,jar:file:/opt/hadoop/share/ozone/lib/hadoop-ozone-ozone-manager-0.5.0-SNAPSHOT.jar!/webapps/static,AVAILABLE}
scm_1       | 2019-10-10 21:02:35,616 INFO node.SCMNodeManager: Registered Data node : e20ce5a2-30d1-4c4e-af8d-25822e652f4d{ip: 172.18.0.3, host: ozone-recon_datanode_3.ozone-recon_default, networkLocation: /default-rack, certSerialId: null}
datanode_2  | 2019-10-10 21:02:37,733 INFO server.RaftServerConfigKeys: raft.server.retrycache.expirytime = 600000ms (custom)
datanode_3  | 2019-10-10 21:02:36,690 INFO server.RaftServerConfigKeys: raft.server.log.segment.size.max = 1048576 (custom)
datanode_1  | 2019-10-10 21:02:38,307 INFO server.RaftServerConfigKeys: raft.server.log.preallocated.size = 16384 (custom)
om_1        | 2019-10-10 21:02:37,602 INFO handler.ContextHandler: Started o.e.j.w.WebAppContext@2b5c4f17{/,file:///tmp/jetty-0.0.0.0-9874-ozoneManager-_-any-2462372301380885402.dir/webapp/,AVAILABLE}{/ozoneManager}
scm_1       | 2019-10-10 21:02:35,624 INFO safemode.SCMSafeModeManager: SCM in safe mode. 1 DataNodes registered, 1 required.
datanode_2  | 2019-10-10 21:02:37,769 INFO impl.RaftServerImpl: 40f4e37e-2fcb-45f3-8572-2f542c99d1a4@group-EBBD375E8992: start as a follower, conf=-1: [40f4e37e-2fcb-45f3-8572-2f542c99d1a4:172.18.0.7:9858], old=null
datanode_3  | 2019-10-10 21:02:36,691 INFO server.RaftServerConfigKeys: raft.server.log.preallocated.size = 16384 (custom)
datanode_1  | 2019-10-10 21:02:38,308 INFO server.RaftServerConfigKeys: raft.server.log.write.buffer.size = 33554432 (custom)
om_1        | 2019-10-10 21:02:37,607 INFO server.AbstractConnector: Started ServerConnector@6848a051{HTTP/1.1,[http/1.1]}{0.0.0.0:9874}
scm_1       | 2019-10-10 21:02:35,626 INFO safemode.SCMSafeModeManager: ScmSafeModeManager, all rules are successfully validated
datanode_2  | 2019-10-10 21:02:37,770 INFO impl.RaftServerImpl: 40f4e37e-2fcb-45f3-8572-2f542c99d1a4@group-EBBD375E8992: changes role from      null to FOLLOWER at term 0 for startAsFollower
datanode_3  | 2019-10-10 21:02:36,691 INFO server.RaftServerConfigKeys: raft.server.log.write.buffer.size = 33554432 (custom)
datanode_1  | 2019-10-10 21:02:38,308 INFO server.RaftServerConfigKeys: raft.server.log.force.sync.num = 128 (default)
om_1        | 2019-10-10 21:02:37,607 INFO server.Server: Started @3655ms
scm_1       | 2019-10-10 21:02:35,626 INFO safemode.SCMSafeModeManager: SCM exiting safe mode.
datanode_2  | 2019-10-10 21:02:37,771 INFO impl.RoleInfo: 40f4e37e-2fcb-45f3-8572-2f542c99d1a4: start FollowerState
datanode_1  | 2019-10-10 21:02:38,309 INFO server.RaftServerConfigKeys: raft.server.log.statemachine.data.sync = true (default)
om_1        | 2019-10-10 21:02:37,611 INFO impl.MetricsSinkAdapter: Sink prometheus started
datanode_3  | 2019-10-10 21:02:36,691 INFO server.RaftServerConfigKeys: raft.server.log.force.sync.num = 128 (default)
datanode_2  | 2019-10-10 21:02:37,776 INFO util.JmxRegister: Successfully registered JMX Bean with object name Ratis:service=RaftServer,group=group-EBBD375E8992,id=40f4e37e-2fcb-45f3-8572-2f542c99d1a4
scm_1       | WARNING: An illegal reflective access operation has occurred
datanode_1  | 2019-10-10 21:02:38,309 INFO server.RaftServerConfigKeys: raft.server.log.statemachine.data.sync.timeout = 10s (default)
om_1        | 2019-10-10 21:02:37,611 INFO impl.MetricsSystemImpl: Registered sink prometheus
datanode_3  | 2019-10-10 21:02:36,692 INFO server.RaftServerConfigKeys: raft.server.log.statemachine.data.sync = true (default)
scm_1       | WARNING: Illegal reflective access by org.apache.ratis.thirdparty.com.google.protobuf.UnsafeUtil (file:/opt/hadoop/share/ozone/lib/ratis-thirdparty-misc-0.2.0.jar) to field java.nio.Buffer.address
datanode_1  | 2019-10-10 21:02:38,309 INFO server.RaftServerConfigKeys: raft.server.log.statemachine.data.sync.timeout.retry = -1 (default)
datanode_2  | 2019-10-10 21:02:38,540 INFO impl.RaftServerProxy: 40f4e37e-2fcb-45f3-8572-2f542c99d1a4: addNew group-D8DFABDD02C8:[e20ce5a2-30d1-4c4e-af8d-25822e652f4d:172.18.0.3:9858, 40f4e37e-2fcb-45f3-8572-2f542c99d1a4:172.18.0.7:9858, 0a25419a-afbb-4934-a311-44c8feba9805:172.18.0.4:9858] returns group-D8DFABDD02C8:java.util.concurrent.CompletableFuture@4d8e4219[Not completed]
om_1        | 2019-10-10 21:02:37,613 INFO server.BaseHttpServer: HTTP server of OZONEMANAGER is listening at http://0.0.0.0:9874
datanode_3  | 2019-10-10 21:02:36,693 INFO server.RaftServerConfigKeys: raft.server.log.statemachine.data.sync.timeout = 10s (default)
datanode_1  | 2019-10-10 21:02:38,319 INFO server.RaftServerConfigKeys: raft.server.log.statemachine.data.caching.enabled = true (custom)
datanode_2  | 2019-10-10 21:02:38,544 INFO impl.RaftServerImpl: 40f4e37e-2fcb-45f3-8572-2f542c99d1a4: new RaftServerImpl for group-D8DFABDD02C8:[e20ce5a2-30d1-4c4e-af8d-25822e652f4d:172.18.0.3:9858, 40f4e37e-2fcb-45f3-8572-2f542c99d1a4:172.18.0.7:9858, 0a25419a-afbb-4934-a311-44c8feba9805:172.18.0.4:9858] with ContainerStateMachine:uninitialized
scm_1       | WARNING: Please consider reporting this to the maintainers of org.apache.ratis.thirdparty.com.google.protobuf.UnsafeUtil
om_1        | 2019-10-10 21:02:53,512 [IPC Server handler 4 on 9862] INFO       - created volume:vol-0-50592 for user:hadoop
datanode_3  | 2019-10-10 21:02:36,693 INFO server.RaftServerConfigKeys: raft.server.log.statemachine.data.sync.timeout.retry = -1 (default)
datanode_1  | 2019-10-10 21:02:38,323 INFO segmented.SegmentedRaftLogWorker: 0a25419a-afbb-4934-a311-44c8feba9805@group-2DFF9D50CBAF-SegmentedRaftLogWorker: flushIndex: setUnconditionally 0 -> -1
datanode_2  | 2019-10-10 21:02:38,544 INFO server.RaftServerConfigKeys: raft.server.rpc.timeout.min = 5s (custom)
scm_1       | WARNING: Use --illegal-access=warn to enable warnings of further illegal reflective access operations
om_1        | 2019-10-10 21:02:53,538 [IPC Server handler 1 on 9862] INFO       - created volume:vol-1-64353 for user:hadoop
datanode_3  | 2019-10-10 21:02:36,705 INFO server.RaftServerConfigKeys: raft.server.log.statemachine.data.caching.enabled = true (custom)
datanode_1  | 2019-10-10 21:02:38,330 INFO server.RaftServerConfigKeys: raft.server.snapshot.auto.trigger.enabled = true (custom)
datanode_2  | 2019-10-10 21:02:38,545 INFO server.RaftServerConfigKeys: raft.server.rpc.timeout.max = 5200ms (custom)
scm_1       | WARNING: All illegal access operations will be denied in a future release
om_1        | 2019-10-10 21:02:53,550 [IPC Server handler 7 on 9862] INFO       - created volume:vol-2-01405 for user:hadoop
datanode_3  | 2019-10-10 21:02:36,710 INFO segmented.SegmentedRaftLogWorker: e20ce5a2-30d1-4c4e-af8d-25822e652f4d@group-C403DA86AC7B-SegmentedRaftLogWorker: flushIndex: setUnconditionally 0 -> -1
datanode_1  | 2019-10-10 21:02:38,331 INFO server.RaftServerConfigKeys: raft.server.snapshot.auto.trigger.threshold = 10000 (custom)
datanode_2  | 2019-10-10 21:02:38,545 INFO server.RaftServerConfigKeys: raft.server.rpcslowness.timeout = 120s (custom)
scm_1       | 2019-10-10 21:02:36,857 INFO pipeline.PipelineStateManager: Created pipeline Pipeline[ Id: 4f5036f1-0b68-494a-bd96-c403da86ac7b, Nodes: e20ce5a2-30d1-4c4e-af8d-25822e652f4d{ip: 172.18.0.3, host: ozone-recon_datanode_3.ozone-recon_default, networkLocation: /default-rack, certSerialId: null}, Type:RATIS, Factor:ONE, State:OPEN]
datanode_3  | 2019-10-10 21:02:36,715 INFO server.RaftServerConfigKeys: raft.server.snapshot.auto.trigger.enabled = true (custom)
datanode_1  | 2019-10-10 21:02:38,331 INFO server.RaftServerConfigKeys: raft.server.snapshot.retention.file.num = 5 (custom)
scm_1       | 2019-10-10 21:02:37,297 INFO net.NetworkTopology: Added a new node: /default-rack/40f4e37e-2fcb-45f3-8572-2f542c99d1a4
datanode_2  | 2019-10-10 21:02:38,545 INFO server.RaftServerConfigKeys: raft.server.sleep.deviation.threshold = 300 (default)
datanode_3  | 2019-10-10 21:02:36,715 INFO server.RaftServerConfigKeys: raft.server.snapshot.auto.trigger.threshold = 10000 (custom)
om_1        | 2019-10-10 21:02:53,560 [IPC Server handler 5 on 9862] INFO       - created volume:vol-3-70868 for user:hadoop
datanode_1  | 2019-10-10 21:02:38,332 INFO server.RaftServerConfigKeys: raft.server.retrycache.expirytime = 600000ms (custom)
scm_1       | 2019-10-10 21:02:37,297 INFO node.SCMNodeManager: Registered Data node : 40f4e37e-2fcb-45f3-8572-2f542c99d1a4{ip: 172.18.0.7, host: ozone-recon_datanode_2.ozone-recon_default, networkLocation: /default-rack, certSerialId: null}
datanode_3  | 2019-10-10 21:02:36,716 INFO server.RaftServerConfigKeys: raft.server.snapshot.retention.file.num = 5 (custom)
om_1        | 2019-10-10 21:02:53,570 [IPC Server handler 9 on 9862] INFO       - created volume:vol-4-22151 for user:hadoop
datanode_2  | 2019-10-10 21:02:38,545 INFO server.RaftServerConfigKeys: raft.server.log.appender.install.snapshot.enabled = false (custom)
datanode_1  | 2019-10-10 21:02:38,356 INFO impl.RaftServerImpl: 0a25419a-afbb-4934-a311-44c8feba9805@group-2DFF9D50CBAF: start as a follower, conf=-1: [0a25419a-afbb-4934-a311-44c8feba9805:172.18.0.4:9858], old=null
scm_1       | 2019-10-10 21:02:37,304 INFO net.NetworkTopology: Added a new node: /default-rack/0a25419a-afbb-4934-a311-44c8feba9805
datanode_3  | 2019-10-10 21:02:36,716 INFO server.RaftServerConfigKeys: raft.server.retrycache.expirytime = 600000ms (custom)
datanode_2  | 2019-10-10 21:02:38,545 INFO impl.RaftServerImpl: 40f4e37e-2fcb-45f3-8572-2f542c99d1a4@group-D8DFABDD02C8: ConfigurationManager, init=-1: [e20ce5a2-30d1-4c4e-af8d-25822e652f4d:172.18.0.3:9858, 40f4e37e-2fcb-45f3-8572-2f542c99d1a4:172.18.0.7:9858, 0a25419a-afbb-4934-a311-44c8feba9805:172.18.0.4:9858], old=null, confs=<EMPTY_MAP>
datanode_1  | 2019-10-10 21:02:38,357 INFO impl.RaftServerImpl: 0a25419a-afbb-4934-a311-44c8feba9805@group-2DFF9D50CBAF: changes role from      null to FOLLOWER at term 0 for startAsFollower
scm_1       | 2019-10-10 21:02:37,305 INFO node.SCMNodeManager: Registered Data node : 0a25419a-afbb-4934-a311-44c8feba9805{ip: 172.18.0.4, host: ozone-recon_datanode_1.ozone-recon_default, networkLocation: /default-rack, certSerialId: null}
datanode_3  | 2019-10-10 21:02:36,741 INFO impl.RaftServerImpl: e20ce5a2-30d1-4c4e-af8d-25822e652f4d@group-C403DA86AC7B: start as a follower, conf=-1: [e20ce5a2-30d1-4c4e-af8d-25822e652f4d:172.18.0.3:9858], old=null
datanode_2  | 2019-10-10 21:02:38,545 INFO server.RaftServerConfigKeys: raft.server.storage.dir = [/data/metadata/ratis] (custom)
datanode_1  | 2019-10-10 21:02:38,358 INFO impl.RoleInfo: 0a25419a-afbb-4934-a311-44c8feba9805: start FollowerState
scm_1       | 2019-10-10 21:02:37,858 INFO pipeline.PipelineStateManager: Created pipeline Pipeline[ Id: 1491b9cd-5ff3-42aa-9968-ebbd375e8992, Nodes: 40f4e37e-2fcb-45f3-8572-2f542c99d1a4{ip: 172.18.0.7, host: ozone-recon_datanode_2.ozone-recon_default, networkLocation: /default-rack, certSerialId: null}, Type:RATIS, Factor:ONE, State:OPEN]
datanode_3  | 2019-10-10 21:02:36,742 INFO impl.RaftServerImpl: e20ce5a2-30d1-4c4e-af8d-25822e652f4d@group-C403DA86AC7B: changes role from      null to FOLLOWER at term 0 for startAsFollower
datanode_2  | 2019-10-10 21:02:38,546 INFO server.RaftServerConfigKeys: raft.server.log.corruption.policy = EXCEPTION (default)
datanode_1  | 2019-10-10 21:02:38,363 INFO util.JmxRegister: Successfully registered JMX Bean with object name Ratis:service=RaftServer,group=group-2DFF9D50CBAF,id=0a25419a-afbb-4934-a311-44c8feba9805
scm_1       | 2019-10-10 21:02:38,430 INFO pipeline.PipelineStateManager: Created pipeline Pipeline[ Id: 19c07759-90c9-4ccd-b38d-2dff9d50cbaf, Nodes: 0a25419a-afbb-4934-a311-44c8feba9805{ip: 172.18.0.4, host: ozone-recon_datanode_1.ozone-recon_default, networkLocation: /default-rack, certSerialId: null}, Type:RATIS, Factor:ONE, State:OPEN]
datanode_3  | 2019-10-10 21:02:36,743 INFO impl.RoleInfo: e20ce5a2-30d1-4c4e-af8d-25822e652f4d: start FollowerState
datanode_2  | 2019-10-10 21:02:38,546 INFO storage.RaftStorageDirectory: The storage directory /data/metadata/ratis/c501dcd4-6c59-4b9c-9e3b-d8dfabdd02c8 does not exist. Creating ...
datanode_1  | 2019-10-10 21:02:38,462 INFO impl.RaftServerProxy: 0a25419a-afbb-4934-a311-44c8feba9805: addNew group-D8DFABDD02C8:[e20ce5a2-30d1-4c4e-af8d-25822e652f4d:172.18.0.3:9858, 40f4e37e-2fcb-45f3-8572-2f542c99d1a4:172.18.0.7:9858, 0a25419a-afbb-4934-a311-44c8feba9805:172.18.0.4:9858] returns group-D8DFABDD02C8:java.util.concurrent.CompletableFuture@38919ada[Not completed]
scm_1       | 2019-10-10 21:02:38,617 INFO pipeline.PipelineStateManager: Created pipeline Pipeline[ Id: c501dcd4-6c59-4b9c-9e3b-d8dfabdd02c8, Nodes: e20ce5a2-30d1-4c4e-af8d-25822e652f4d{ip: 172.18.0.3, host: ozone-recon_datanode_3.ozone-recon_default, networkLocation: /default-rack, certSerialId: null}0a25419a-afbb-4934-a311-44c8feba9805{ip: 172.18.0.4, host: ozone-recon_datanode_1.ozone-recon_default, networkLocation: /default-rack, certSerialId: null}40f4e37e-2fcb-45f3-8572-2f542c99d1a4{ip: 172.18.0.7, host: ozone-recon_datanode_2.ozone-recon_default, networkLocation: /default-rack, certSerialId: null}, Type:RATIS, Factor:THREE, State:OPEN]
datanode_2  | 2019-10-10 21:02:38,567 INFO storage.RaftStorageDirectory: Lock on /data/metadata/ratis/c501dcd4-6c59-4b9c-9e3b-d8dfabdd02c8/in_use.lock acquired by nodename 7@0304b6588908
datanode_1  | 2019-10-10 21:02:38,464 INFO impl.RaftServerImpl: 0a25419a-afbb-4934-a311-44c8feba9805: new RaftServerImpl for group-D8DFABDD02C8:[e20ce5a2-30d1-4c4e-af8d-25822e652f4d:172.18.0.3:9858, 40f4e37e-2fcb-45f3-8572-2f542c99d1a4:172.18.0.7:9858, 0a25419a-afbb-4934-a311-44c8feba9805:172.18.0.4:9858] with ContainerStateMachine:uninitialized
datanode_3  | 2019-10-10 21:02:36,748 INFO util.JmxRegister: Successfully registered JMX Bean with object name Ratis:service=RaftServer,group=group-C403DA86AC7B,id=e20ce5a2-30d1-4c4e-af8d-25822e652f4d
scm_1       | 2019-10-10 21:02:53,853 INFO pipeline.PipelineStateManager: Created pipeline Pipeline[ Id: 72cdc0a5-5ed8-4ab1-a744-a8ba1870ac00, Nodes: 40f4e37e-2fcb-45f3-8572-2f542c99d1a4{ip: 172.18.0.7, host: ozone-recon_datanode_2.ozone-recon_default, networkLocation: /default-rack, certSerialId: null}, Type:STAND_ALONE, Factor:ONE, State:OPEN]
datanode_2  | 2019-10-10 21:02:38,588 INFO storage.RaftStorage: Storage directory /data/metadata/ratis/c501dcd4-6c59-4b9c-9e3b-d8dfabdd02c8 has been successfully formatted.
datanode_1  | 2019-10-10 21:02:38,465 INFO server.RaftServerConfigKeys: raft.server.rpc.timeout.min = 5s (custom)
datanode_3  | 2019-10-10 21:02:38,557 INFO impl.RaftServerProxy: e20ce5a2-30d1-4c4e-af8d-25822e652f4d: addNew group-D8DFABDD02C8:[e20ce5a2-30d1-4c4e-af8d-25822e652f4d:172.18.0.3:9858, 40f4e37e-2fcb-45f3-8572-2f542c99d1a4:172.18.0.7:9858, 0a25419a-afbb-4934-a311-44c8feba9805:172.18.0.4:9858] returns group-D8DFABDD02C8:java.util.concurrent.CompletableFuture@1a5e8027[Not completed]
datanode_2  | 2019-10-10 21:02:38,589 [pool-8-thread-1] INFO       - group-D8DFABDD02C8: The snapshot info is null. Setting the last applied indexto:(t:0, i:~)
datanode_1  | 2019-10-10 21:02:38,465 INFO server.RaftServerConfigKeys: raft.server.rpc.timeout.max = 5200ms (custom)
datanode_3  | 2019-10-10 21:02:38,560 INFO impl.RaftServerImpl: e20ce5a2-30d1-4c4e-af8d-25822e652f4d: new RaftServerImpl for group-D8DFABDD02C8:[e20ce5a2-30d1-4c4e-af8d-25822e652f4d:172.18.0.3:9858, 40f4e37e-2fcb-45f3-8572-2f542c99d1a4:172.18.0.7:9858, 0a25419a-afbb-4934-a311-44c8feba9805:172.18.0.4:9858] with ContainerStateMachine:uninitialized
datanode_2  | 2019-10-10 21:02:38,589 INFO server.RaftServerConfigKeys: raft.server.notification.no-leader.timeout = 120s (custom)
datanode_1  | 2019-10-10 21:02:38,465 INFO server.RaftServerConfigKeys: raft.server.rpcslowness.timeout = 120s (custom)
datanode_2  | 2019-10-10 21:02:38,589 INFO server.RaftServerConfigKeys: raft.server.log.use.memory = false (default)
datanode_1  | 2019-10-10 21:02:38,465 INFO server.RaftServerConfigKeys: raft.server.sleep.deviation.threshold = 300 (default)
datanode_3  | 2019-10-10 21:02:38,561 INFO server.RaftServerConfigKeys: raft.server.rpc.timeout.min = 5s (custom)
datanode_2  | 2019-10-10 21:02:38,590 INFO server.RaftServerConfigKeys: raft.server.log.purge.gap = 1000000 (custom)
datanode_1  | 2019-10-10 21:02:38,465 INFO server.RaftServerConfigKeys: raft.server.log.appender.install.snapshot.enabled = false (custom)
datanode_3  | 2019-10-10 21:02:38,561 INFO server.RaftServerConfigKeys: raft.server.rpc.timeout.max = 5200ms (custom)
datanode_2  | 2019-10-10 21:02:38,590 INFO server.RaftServerConfigKeys: raft.server.log.appender.buffer.byte-limit = 33554432 (custom)
datanode_1  | 2019-10-10 21:02:38,465 INFO impl.RaftServerImpl: 0a25419a-afbb-4934-a311-44c8feba9805@group-D8DFABDD02C8: ConfigurationManager, init=-1: [e20ce5a2-30d1-4c4e-af8d-25822e652f4d:172.18.0.3:9858, 40f4e37e-2fcb-45f3-8572-2f542c99d1a4:172.18.0.7:9858, 0a25419a-afbb-4934-a311-44c8feba9805:172.18.0.4:9858], old=null, confs=<EMPTY_MAP>
datanode_3  | 2019-10-10 21:02:38,561 INFO server.RaftServerConfigKeys: raft.server.rpcslowness.timeout = 120s (custom)
datanode_2  | 2019-10-10 21:02:38,590 INFO server.RaftServerConfigKeys: raft.server.log.segment.size.max = 1048576 (custom)
datanode_1  | 2019-10-10 21:02:38,465 INFO server.RaftServerConfigKeys: raft.server.storage.dir = [/data/metadata/ratis] (custom)
datanode_3  | 2019-10-10 21:02:38,561 INFO server.RaftServerConfigKeys: raft.server.sleep.deviation.threshold = 300 (default)
datanode_1  | 2019-10-10 21:02:38,466 INFO server.RaftServerConfigKeys: raft.server.log.corruption.policy = EXCEPTION (default)
datanode_2  | 2019-10-10 21:02:38,590 INFO server.RaftServerConfigKeys: raft.server.log.segment.cache.num.max = 2 (custom)
datanode_3  | 2019-10-10 21:02:38,561 INFO server.RaftServerConfigKeys: raft.server.log.appender.install.snapshot.enabled = false (custom)
datanode_1  | 2019-10-10 21:02:38,466 INFO storage.RaftStorageDirectory: The storage directory /data/metadata/ratis/c501dcd4-6c59-4b9c-9e3b-d8dfabdd02c8 does not exist. Creating ...
datanode_1  | 2019-10-10 21:02:38,540 INFO storage.RaftStorageDirectory: Lock on /data/metadata/ratis/c501dcd4-6c59-4b9c-9e3b-d8dfabdd02c8/in_use.lock acquired by nodename 7@f5157df9d2bd
datanode_3  | 2019-10-10 21:02:38,561 INFO impl.RaftServerImpl: e20ce5a2-30d1-4c4e-af8d-25822e652f4d@group-D8DFABDD02C8: ConfigurationManager, init=-1: [e20ce5a2-30d1-4c4e-af8d-25822e652f4d:172.18.0.3:9858, 40f4e37e-2fcb-45f3-8572-2f542c99d1a4:172.18.0.7:9858, 0a25419a-afbb-4934-a311-44c8feba9805:172.18.0.4:9858], old=null, confs=<EMPTY_MAP>
datanode_2  | 2019-10-10 21:02:38,590 INFO segmented.SegmentedRaftLogWorker: new 40f4e37e-2fcb-45f3-8572-2f542c99d1a4@group-D8DFABDD02C8-SegmentedRaftLogWorker for RaftStorage:Storage Directory /data/metadata/ratis/c501dcd4-6c59-4b9c-9e3b-d8dfabdd02c8
datanode_1  | 2019-10-10 21:02:38,567 INFO storage.RaftStorage: Storage directory /data/metadata/ratis/c501dcd4-6c59-4b9c-9e3b-d8dfabdd02c8 has been successfully formatted.
datanode_3  | 2019-10-10 21:02:38,561 INFO server.RaftServerConfigKeys: raft.server.storage.dir = [/data/metadata/ratis] (custom)
datanode_2  | 2019-10-10 21:02:38,590 INFO server.RaftServerConfigKeys: raft.server.log.queue.byte-limit = 2147483647 (custom)
datanode_1  | 2019-10-10 21:02:38,567 [pool-8-thread-1] INFO       - group-D8DFABDD02C8: The snapshot info is null. Setting the last applied indexto:(t:0, i:~)
datanode_3  | 2019-10-10 21:02:38,562 INFO server.RaftServerConfigKeys: raft.server.log.corruption.policy = EXCEPTION (default)
datanode_2  | 2019-10-10 21:02:38,591 INFO server.RaftServerConfigKeys: raft.server.log.queue.element-limit = 1024 (custom)
datanode_3  | 2019-10-10 21:02:38,562 INFO storage.RaftStorageDirectory: The storage directory /data/metadata/ratis/c501dcd4-6c59-4b9c-9e3b-d8dfabdd02c8 does not exist. Creating ...
datanode_1  | 2019-10-10 21:02:38,568 INFO server.RaftServerConfigKeys: raft.server.notification.no-leader.timeout = 120s (custom)
datanode_2  | 2019-10-10 21:02:38,591 INFO server.RaftServerConfigKeys: raft.server.log.segment.size.max = 1048576 (custom)
datanode_3  | 2019-10-10 21:02:38,569 INFO storage.RaftStorageDirectory: Lock on /data/metadata/ratis/c501dcd4-6c59-4b9c-9e3b-d8dfabdd02c8/in_use.lock acquired by nodename 7@5541810e6ca4
datanode_2  | 2019-10-10 21:02:38,591 INFO server.RaftServerConfigKeys: raft.server.log.preallocated.size = 16384 (custom)
datanode_1  | 2019-10-10 21:02:38,568 INFO server.RaftServerConfigKeys: raft.server.log.use.memory = false (default)
datanode_3  | 2019-10-10 21:02:38,588 INFO storage.RaftStorage: Storage directory /data/metadata/ratis/c501dcd4-6c59-4b9c-9e3b-d8dfabdd02c8 has been successfully formatted.
datanode_2  | 2019-10-10 21:02:38,591 INFO server.RaftServerConfigKeys: raft.server.log.write.buffer.size = 33554432 (custom)
datanode_3  | 2019-10-10 21:02:38,589 [pool-8-thread-1] INFO       - group-D8DFABDD02C8: The snapshot info is null. Setting the last applied indexto:(t:0, i:~)
datanode_1  | 2019-10-10 21:02:38,568 INFO server.RaftServerConfigKeys: raft.server.log.purge.gap = 1000000 (custom)
datanode_2  | 2019-10-10 21:02:38,591 INFO server.RaftServerConfigKeys: raft.server.log.force.sync.num = 128 (default)
datanode_1  | 2019-10-10 21:02:38,568 INFO server.RaftServerConfigKeys: raft.server.log.appender.buffer.byte-limit = 33554432 (custom)
datanode_3  | 2019-10-10 21:02:38,589 INFO server.RaftServerConfigKeys: raft.server.notification.no-leader.timeout = 120s (custom)
datanode_2  | 2019-10-10 21:02:38,591 INFO server.RaftServerConfigKeys: raft.server.log.statemachine.data.sync = true (default)
datanode_3  | 2019-10-10 21:02:38,589 INFO server.RaftServerConfigKeys: raft.server.log.use.memory = false (default)
datanode_1  | 2019-10-10 21:02:38,568 INFO server.RaftServerConfigKeys: raft.server.log.segment.size.max = 1048576 (custom)
datanode_2  | 2019-10-10 21:02:38,592 INFO server.RaftServerConfigKeys: raft.server.log.statemachine.data.sync.timeout = 10s (default)
datanode_3  | 2019-10-10 21:02:38,589 INFO server.RaftServerConfigKeys: raft.server.log.purge.gap = 1000000 (custom)
datanode_1  | 2019-10-10 21:02:38,568 INFO server.RaftServerConfigKeys: raft.server.log.segment.cache.num.max = 2 (custom)
datanode_2  | 2019-10-10 21:02:38,592 INFO server.RaftServerConfigKeys: raft.server.log.statemachine.data.sync.timeout.retry = -1 (default)
datanode_3  | 2019-10-10 21:02:38,590 INFO server.RaftServerConfigKeys: raft.server.log.appender.buffer.byte-limit = 33554432 (custom)
datanode_1  | 2019-10-10 21:02:38,568 INFO segmented.SegmentedRaftLogWorker: new 0a25419a-afbb-4934-a311-44c8feba9805@group-D8DFABDD02C8-SegmentedRaftLogWorker for RaftStorage:Storage Directory /data/metadata/ratis/c501dcd4-6c59-4b9c-9e3b-d8dfabdd02c8
datanode_2  | 2019-10-10 21:02:38,592 INFO server.RaftServerConfigKeys: raft.server.log.statemachine.data.caching.enabled = true (custom)
datanode_3  | 2019-10-10 21:02:38,590 INFO server.RaftServerConfigKeys: raft.server.log.segment.size.max = 1048576 (custom)
datanode_1  | 2019-10-10 21:02:38,569 INFO server.RaftServerConfigKeys: raft.server.log.queue.byte-limit = 2147483647 (custom)
datanode_2  | 2019-10-10 21:02:38,592 INFO segmented.SegmentedRaftLogWorker: 40f4e37e-2fcb-45f3-8572-2f542c99d1a4@group-D8DFABDD02C8-SegmentedRaftLogWorker: flushIndex: setUnconditionally 0 -> -1
datanode_3  | 2019-10-10 21:02:38,590 INFO server.RaftServerConfigKeys: raft.server.log.segment.cache.num.max = 2 (custom)
datanode_1  | 2019-10-10 21:02:38,569 INFO server.RaftServerConfigKeys: raft.server.log.queue.element-limit = 1024 (custom)
datanode_2  | 2019-10-10 21:02:38,593 INFO server.RaftServerConfigKeys: raft.server.snapshot.auto.trigger.enabled = true (custom)
datanode_3  | 2019-10-10 21:02:38,590 INFO segmented.SegmentedRaftLogWorker: new e20ce5a2-30d1-4c4e-af8d-25822e652f4d@group-D8DFABDD02C8-SegmentedRaftLogWorker for RaftStorage:Storage Directory /data/metadata/ratis/c501dcd4-6c59-4b9c-9e3b-d8dfabdd02c8
datanode_1  | 2019-10-10 21:02:38,569 INFO server.RaftServerConfigKeys: raft.server.log.segment.size.max = 1048576 (custom)
datanode_2  | 2019-10-10 21:02:38,593 INFO server.RaftServerConfigKeys: raft.server.snapshot.auto.trigger.threshold = 10000 (custom)
datanode_3  | 2019-10-10 21:02:38,590 INFO server.RaftServerConfigKeys: raft.server.log.queue.byte-limit = 2147483647 (custom)
datanode_1  | 2019-10-10 21:02:38,569 INFO server.RaftServerConfigKeys: raft.server.log.preallocated.size = 16384 (custom)
datanode_2  | 2019-10-10 21:02:38,593 INFO server.RaftServerConfigKeys: raft.server.snapshot.retention.file.num = 5 (custom)
datanode_1  | 2019-10-10 21:02:38,569 INFO server.RaftServerConfigKeys: raft.server.log.write.buffer.size = 33554432 (custom)
datanode_3  | 2019-10-10 21:02:38,590 INFO server.RaftServerConfigKeys: raft.server.log.queue.element-limit = 1024 (custom)
datanode_1  | 2019-10-10 21:02:38,569 INFO server.RaftServerConfigKeys: raft.server.log.force.sync.num = 128 (default)
datanode_2  | 2019-10-10 21:02:38,593 INFO server.RaftServerConfigKeys: raft.server.retrycache.expirytime = 600000ms (custom)
datanode_3  | 2019-10-10 21:02:38,590 INFO server.RaftServerConfigKeys: raft.server.log.segment.size.max = 1048576 (custom)
datanode_1  | 2019-10-10 21:02:38,569 INFO server.RaftServerConfigKeys: raft.server.log.statemachine.data.sync = true (default)
datanode_2  | 2019-10-10 21:02:38,600 INFO impl.RaftServerImpl: 40f4e37e-2fcb-45f3-8572-2f542c99d1a4@group-D8DFABDD02C8: start as a follower, conf=-1: [e20ce5a2-30d1-4c4e-af8d-25822e652f4d:172.18.0.3:9858, 40f4e37e-2fcb-45f3-8572-2f542c99d1a4:172.18.0.7:9858, 0a25419a-afbb-4934-a311-44c8feba9805:172.18.0.4:9858], old=null
datanode_3  | 2019-10-10 21:02:38,591 INFO server.RaftServerConfigKeys: raft.server.log.preallocated.size = 16384 (custom)
datanode_1  | 2019-10-10 21:02:38,569 INFO server.RaftServerConfigKeys: raft.server.log.statemachine.data.sync.timeout = 10s (default)
datanode_2  | 2019-10-10 21:02:38,600 INFO impl.RaftServerImpl: 40f4e37e-2fcb-45f3-8572-2f542c99d1a4@group-D8DFABDD02C8: changes role from      null to FOLLOWER at term 0 for startAsFollower
datanode_3  | 2019-10-10 21:02:38,591 INFO server.RaftServerConfigKeys: raft.server.log.write.buffer.size = 33554432 (custom)
datanode_1  | 2019-10-10 21:02:38,570 INFO server.RaftServerConfigKeys: raft.server.log.statemachine.data.sync.timeout.retry = -1 (default)
datanode_2  | 2019-10-10 21:02:38,601 INFO impl.RoleInfo: 40f4e37e-2fcb-45f3-8572-2f542c99d1a4: start FollowerState
datanode_3  | 2019-10-10 21:02:38,591 INFO server.RaftServerConfigKeys: raft.server.log.force.sync.num = 128 (default)
datanode_1  | 2019-10-10 21:02:38,570 INFO server.RaftServerConfigKeys: raft.server.log.statemachine.data.caching.enabled = true (custom)
datanode_2  | 2019-10-10 21:02:38,601 INFO util.JmxRegister: Successfully registered JMX Bean with object name Ratis:service=RaftServer,group=group-D8DFABDD02C8,id=40f4e37e-2fcb-45f3-8572-2f542c99d1a4
datanode_3  | 2019-10-10 21:02:38,591 INFO server.RaftServerConfigKeys: raft.server.log.statemachine.data.sync = true (default)
datanode_2  | 2019-10-10 21:02:42,834 INFO impl.FollowerState: 40f4e37e-2fcb-45f3-8572-2f542c99d1a4@group-EBBD375E8992-FollowerState: change to CANDIDATE, lastRpcTime:5063ms, electionTimeout:5062ms
datanode_3  | 2019-10-10 21:02:38,591 INFO server.RaftServerConfigKeys: raft.server.log.statemachine.data.sync.timeout = 10s (default)
datanode_1  | 2019-10-10 21:02:38,570 INFO segmented.SegmentedRaftLogWorker: 0a25419a-afbb-4934-a311-44c8feba9805@group-D8DFABDD02C8-SegmentedRaftLogWorker: flushIndex: setUnconditionally 0 -> -1
datanode_2  | 2019-10-10 21:02:42,837 INFO impl.RoleInfo: 40f4e37e-2fcb-45f3-8572-2f542c99d1a4: shutdown FollowerState
datanode_3  | 2019-10-10 21:02:38,591 INFO server.RaftServerConfigKeys: raft.server.log.statemachine.data.sync.timeout.retry = -1 (default)
datanode_1  | 2019-10-10 21:02:38,570 INFO server.RaftServerConfigKeys: raft.server.snapshot.auto.trigger.enabled = true (custom)
datanode_2  | 2019-10-10 21:02:42,838 INFO impl.RaftServerImpl: 40f4e37e-2fcb-45f3-8572-2f542c99d1a4@group-EBBD375E8992: changes role from  FOLLOWER to CANDIDATE at term 0 for changeToCandidate
datanode_3  | 2019-10-10 21:02:38,591 INFO server.RaftServerConfigKeys: raft.server.log.statemachine.data.caching.enabled = true (custom)
datanode_2  | 2019-10-10 21:02:42,843 INFO impl.RoleInfo: 40f4e37e-2fcb-45f3-8572-2f542c99d1a4: start LeaderElection
datanode_1  | 2019-10-10 21:02:38,570 INFO server.RaftServerConfigKeys: raft.server.snapshot.auto.trigger.threshold = 10000 (custom)
datanode_3  | 2019-10-10 21:02:38,592 INFO segmented.SegmentedRaftLogWorker: e20ce5a2-30d1-4c4e-af8d-25822e652f4d@group-D8DFABDD02C8-SegmentedRaftLogWorker: flushIndex: setUnconditionally 0 -> -1
datanode_2  | 2019-10-10 21:02:42,869 INFO impl.LeaderElection: 40f4e37e-2fcb-45f3-8572-2f542c99d1a4@group-EBBD375E8992-LeaderElection1: begin an election at term 1 for -1: [40f4e37e-2fcb-45f3-8572-2f542c99d1a4:172.18.0.7:9858], old=null
datanode_3  | 2019-10-10 21:02:38,592 INFO server.RaftServerConfigKeys: raft.server.snapshot.auto.trigger.enabled = true (custom)
datanode_1  | 2019-10-10 21:02:38,571 INFO server.RaftServerConfigKeys: raft.server.snapshot.retention.file.num = 5 (custom)
datanode_2  | 2019-10-10 21:02:42,872 INFO impl.RoleInfo: 40f4e37e-2fcb-45f3-8572-2f542c99d1a4: shutdown LeaderElection
datanode_3  | 2019-10-10 21:02:38,592 INFO server.RaftServerConfigKeys: raft.server.snapshot.auto.trigger.threshold = 10000 (custom)
datanode_1  | 2019-10-10 21:02:38,571 INFO server.RaftServerConfigKeys: raft.server.retrycache.expirytime = 600000ms (custom)
datanode_2  | 2019-10-10 21:02:42,873 INFO impl.RaftServerImpl: 40f4e37e-2fcb-45f3-8572-2f542c99d1a4@group-EBBD375E8992: changes role from CANDIDATE to LEADER at term 1 for changeToLeader
datanode_3  | 2019-10-10 21:02:38,592 INFO server.RaftServerConfigKeys: raft.server.snapshot.retention.file.num = 5 (custom)
datanode_1  | 2019-10-10 21:02:38,575 INFO impl.RaftServerImpl: 0a25419a-afbb-4934-a311-44c8feba9805@group-D8DFABDD02C8: start as a follower, conf=-1: [e20ce5a2-30d1-4c4e-af8d-25822e652f4d:172.18.0.3:9858, 40f4e37e-2fcb-45f3-8572-2f542c99d1a4:172.18.0.7:9858, 0a25419a-afbb-4934-a311-44c8feba9805:172.18.0.4:9858], old=null
datanode_2  | 2019-10-10 21:02:42,873 INFO impl.RaftServerImpl: 40f4e37e-2fcb-45f3-8572-2f542c99d1a4@group-EBBD375E8992: change Leader from null to 40f4e37e-2fcb-45f3-8572-2f542c99d1a4 at term 1 for becomeLeader, leader elected after 5236ms
datanode_3  | 2019-10-10 21:02:38,593 INFO server.RaftServerConfigKeys: raft.server.retrycache.expirytime = 600000ms (custom)
datanode_1  | 2019-10-10 21:02:38,576 INFO impl.RaftServerImpl: 0a25419a-afbb-4934-a311-44c8feba9805@group-D8DFABDD02C8: changes role from      null to FOLLOWER at term 0 for startAsFollower
datanode_2  | 2019-10-10 21:02:42,879 INFO server.RaftServerConfigKeys: raft.server.staging.catchup.gap = 1000 (default)
datanode_3  | 2019-10-10 21:02:38,602 INFO impl.RaftServerImpl: e20ce5a2-30d1-4c4e-af8d-25822e652f4d@group-D8DFABDD02C8: start as a follower, conf=-1: [e20ce5a2-30d1-4c4e-af8d-25822e652f4d:172.18.0.3:9858, 40f4e37e-2fcb-45f3-8572-2f542c99d1a4:172.18.0.7:9858, 0a25419a-afbb-4934-a311-44c8feba9805:172.18.0.4:9858], old=null
datanode_2  | 2019-10-10 21:02:42,879 INFO server.RaftServerConfigKeys: raft.server.rpc.sleep.time = 25ms (default)
datanode_3  | 2019-10-10 21:02:38,602 INFO impl.RaftServerImpl: e20ce5a2-30d1-4c4e-af8d-25822e652f4d@group-D8DFABDD02C8: changes role from      null to FOLLOWER at term 0 for startAsFollower
datanode_1  | 2019-10-10 21:02:38,576 INFO impl.RoleInfo: 0a25419a-afbb-4934-a311-44c8feba9805: start FollowerState
datanode_2  | 2019-10-10 21:02:42,884 INFO server.RaftServerConfigKeys: raft.server.write.element-limit = 4096 (default)
datanode_3  | 2019-10-10 21:02:38,602 INFO impl.RoleInfo: e20ce5a2-30d1-4c4e-af8d-25822e652f4d: start FollowerState
datanode_1  | 2019-10-10 21:02:38,576 INFO util.JmxRegister: Successfully registered JMX Bean with object name Ratis:service=RaftServer,group=group-D8DFABDD02C8,id=0a25419a-afbb-4934-a311-44c8feba9805
datanode_2  | 2019-10-10 21:02:42,888 INFO server.RaftServerConfigKeys: raft.server.watch.timeout = 10s (default)
datanode_3  | 2019-10-10 21:02:38,603 INFO util.JmxRegister: Successfully registered JMX Bean with object name Ratis:service=RaftServer,group=group-D8DFABDD02C8,id=e20ce5a2-30d1-4c4e-af8d-25822e652f4d
datanode_1  | 2019-10-10 21:02:43,428 INFO impl.FollowerState: 0a25419a-afbb-4934-a311-44c8feba9805@group-2DFF9D50CBAF-FollowerState: change to CANDIDATE, lastRpcTime:5070ms, electionTimeout:5069ms
datanode_2  | 2019-10-10 21:02:42,889 INFO server.RaftServerConfigKeys: raft.server.watch.timeout.denomination = 1s (default)
datanode_3  | 2019-10-10 21:02:41,908 INFO impl.FollowerState: e20ce5a2-30d1-4c4e-af8d-25822e652f4d@group-C403DA86AC7B-FollowerState: change to CANDIDATE, lastRpcTime:5165ms, electionTimeout:5164ms
datanode_1  | 2019-10-10 21:02:43,430 INFO impl.RoleInfo: 0a25419a-afbb-4934-a311-44c8feba9805: shutdown FollowerState
datanode_2  | 2019-10-10 21:02:42,890 INFO server.RaftServerConfigKeys: raft.server.watch.element-limit = 65536 (default)
datanode_3  | 2019-10-10 21:02:41,910 INFO impl.RoleInfo: e20ce5a2-30d1-4c4e-af8d-25822e652f4d: shutdown FollowerState
datanode_2  | 2019-10-10 21:02:42,904 INFO impl.RoleInfo: 40f4e37e-2fcb-45f3-8572-2f542c99d1a4: start LeaderState
datanode_1  | 2019-10-10 21:02:43,430 INFO impl.RaftServerImpl: 0a25419a-afbb-4934-a311-44c8feba9805@group-2DFF9D50CBAF: changes role from  FOLLOWER to CANDIDATE at term 0 for changeToCandidate
datanode_3  | 2019-10-10 21:02:41,911 INFO impl.RaftServerImpl: e20ce5a2-30d1-4c4e-af8d-25822e652f4d@group-C403DA86AC7B: changes role from  FOLLOWER to CANDIDATE at term 0 for changeToCandidate
datanode_2  | 2019-10-10 21:02:42,930 INFO segmented.SegmentedRaftLogWorker: 40f4e37e-2fcb-45f3-8572-2f542c99d1a4@group-EBBD375E8992-SegmentedRaftLogWorker: Starting segment from index:0
datanode_1  | 2019-10-10 21:02:43,435 INFO impl.RoleInfo: 0a25419a-afbb-4934-a311-44c8feba9805: start LeaderElection
datanode_3  | 2019-10-10 21:02:41,916 INFO impl.RoleInfo: e20ce5a2-30d1-4c4e-af8d-25822e652f4d: start LeaderElection
datanode_2  | 2019-10-10 21:02:42,941 INFO impl.RaftServerImpl: 40f4e37e-2fcb-45f3-8572-2f542c99d1a4@group-EBBD375E8992: set configuration 0: [40f4e37e-2fcb-45f3-8572-2f542c99d1a4:172.18.0.7:9858], old=null at 0
datanode_1  | 2019-10-10 21:02:43,449 INFO impl.LeaderElection: 0a25419a-afbb-4934-a311-44c8feba9805@group-2DFF9D50CBAF-LeaderElection1: begin an election at term 1 for -1: [0a25419a-afbb-4934-a311-44c8feba9805:172.18.0.4:9858], old=null
datanode_3  | 2019-10-10 21:02:41,932 INFO impl.LeaderElection: e20ce5a2-30d1-4c4e-af8d-25822e652f4d@group-C403DA86AC7B-LeaderElection1: begin an election at term 1 for -1: [e20ce5a2-30d1-4c4e-af8d-25822e652f4d:172.18.0.3:9858], old=null
datanode_2  | 2019-10-10 21:02:43,055 INFO segmented.SegmentedRaftLogWorker: 40f4e37e-2fcb-45f3-8572-2f542c99d1a4@group-EBBD375E8992-SegmentedRaftLogWorker: created new log segment /data/metadata/ratis/1491b9cd-5ff3-42aa-9968-ebbd375e8992/current/log_inprogress_0
datanode_1  | 2019-10-10 21:02:43,451 INFO impl.RoleInfo: 0a25419a-afbb-4934-a311-44c8feba9805: shutdown LeaderElection
datanode_3  | 2019-10-10 21:02:41,934 INFO impl.RoleInfo: e20ce5a2-30d1-4c4e-af8d-25822e652f4d: shutdown LeaderElection
datanode_2  | 2019-10-10 21:02:43,777 INFO impl.FollowerState: 40f4e37e-2fcb-45f3-8572-2f542c99d1a4@group-D8DFABDD02C8-FollowerState: change to CANDIDATE, lastRpcTime:5176ms, electionTimeout:5176ms
datanode_1  | 2019-10-10 21:02:43,451 INFO impl.RaftServerImpl: 0a25419a-afbb-4934-a311-44c8feba9805@group-2DFF9D50CBAF: changes role from CANDIDATE to LEADER at term 1 for changeToLeader
datanode_3  | 2019-10-10 21:02:41,935 INFO impl.RaftServerImpl: e20ce5a2-30d1-4c4e-af8d-25822e652f4d@group-C403DA86AC7B: changes role from CANDIDATE to LEADER at term 1 for changeToLeader
datanode_2  | 2019-10-10 21:02:43,778 INFO impl.RoleInfo: 40f4e37e-2fcb-45f3-8572-2f542c99d1a4: shutdown FollowerState
datanode_1  | 2019-10-10 21:02:43,451 INFO impl.RaftServerImpl: 0a25419a-afbb-4934-a311-44c8feba9805@group-2DFF9D50CBAF: change Leader from null to 0a25419a-afbb-4934-a311-44c8feba9805 at term 1 for becomeLeader, leader elected after 5216ms
datanode_3  | 2019-10-10 21:02:41,935 INFO impl.RaftServerImpl: e20ce5a2-30d1-4c4e-af8d-25822e652f4d@group-C403DA86AC7B: change Leader from null to e20ce5a2-30d1-4c4e-af8d-25822e652f4d at term 1 for becomeLeader, leader elected after 5318ms
