datanode_3  | 2019-10-15 03:18:59,900 INFO util.JmxRegister: Successfully registered JMX Bean with object name Ratis:service=RaftServer,group=group-0D541064A2AD,id=028f4903-621b-46b9-b0f5-f558d709f7d5
datanode_1  | 2019-10-15 03:18:59,894 INFO segmented.SegmentedRaftLogWorker: 062bfc1b-1fc9-4499-9a86-f42ff068a699@group-0D541064A2AD-SegmentedRaftLogWorker: flushIndex: setUnconditionally 0 -> -1
datanode_3  | 2019-10-15 03:19:03,294 INFO impl.FollowerState: 028f4903-621b-46b9-b0f5-f558d709f7d5@group-85AA0E678406-FollowerState: change to CANDIDATE, lastRpcTime:5047ms, electionTimeout:5047ms
datanode_1  | 2019-10-15 03:18:59,894 INFO server.RaftServerConfigKeys: raft.server.snapshot.auto.trigger.enabled = true (custom)
datanode_3  | 2019-10-15 03:19:03,297 INFO impl.RoleInfo: 028f4903-621b-46b9-b0f5-f558d709f7d5: shutdown FollowerState
datanode_2  | 2019-10-15 03:19:04,969 INFO server.RaftServerConfigKeys: raft.server.watch.timeout.denomination = 1s (default)
datanode_1  | 2019-10-15 03:18:59,895 INFO server.RaftServerConfigKeys: raft.server.snapshot.auto.trigger.threshold = 10000 (custom)
datanode_3  | 2019-10-15 03:19:03,298 INFO impl.RaftServerImpl: 028f4903-621b-46b9-b0f5-f558d709f7d5@group-85AA0E678406: changes role from  FOLLOWER to CANDIDATE at term 0 for changeToCandidate
datanode_2  | 2019-10-15 03:19:04,970 INFO server.RaftServerConfigKeys: raft.server.watch.element-limit = 65536 (default)
datanode_1  | 2019-10-15 03:18:59,895 INFO server.RaftServerConfigKeys: raft.server.snapshot.retention.file.num = 5 (custom)
datanode_3  | 2019-10-15 03:19:03,303 INFO impl.RoleInfo: 028f4903-621b-46b9-b0f5-f558d709f7d5: start LeaderElection
datanode_2  | 2019-10-15 03:19:04,981 INFO impl.LeaderElection: 11ed80c9-b079-4e16-911b-c4ad1e90c44a@group-0D541064A2AD-LeaderElection2: begin an election at term 1 for -1: [062bfc1b-1fc9-4499-9a86-f42ff068a699:172.18.0.6:9858, 11ed80c9-b079-4e16-911b-c4ad1e90c44a:172.18.0.10:9858, 028f4903-621b-46b9-b0f5-f558d709f7d5:172.18.0.5:9858], old=null
datanode_1  | 2019-10-15 03:18:59,895 INFO server.RaftServerConfigKeys: raft.server.retrycache.expirytime = 600000ms (custom)
datanode_2  | 2019-10-15 03:19:04,988 INFO impl.RoleInfo: 11ed80c9-b079-4e16-911b-c4ad1e90c44a: start LeaderState
datanode_3  | 2019-10-15 03:19:03,330 INFO impl.LeaderElection: 028f4903-621b-46b9-b0f5-f558d709f7d5@group-85AA0E678406-LeaderElection1: begin an election at term 1 for -1: [028f4903-621b-46b9-b0f5-f558d709f7d5:172.18.0.5:9858], old=null
datanode_1  | 2019-10-15 03:18:59,899 INFO impl.RaftServerImpl: 062bfc1b-1fc9-4499-9a86-f42ff068a699@group-0D541064A2AD: start as a follower, conf=-1: [062bfc1b-1fc9-4499-9a86-f42ff068a699:172.18.0.6:9858, 11ed80c9-b079-4e16-911b-c4ad1e90c44a:172.18.0.10:9858, 028f4903-621b-46b9-b0f5-f558d709f7d5:172.18.0.5:9858], old=null
datanode_2  | 2019-10-15 03:19:05,010 INFO segmented.SegmentedRaftLogWorker: 11ed80c9-b079-4e16-911b-c4ad1e90c44a@group-C2DE93FCA054-SegmentedRaftLogWorker: Starting segment from index:0
datanode_3  | 2019-10-15 03:19:03,332 INFO impl.RoleInfo: 028f4903-621b-46b9-b0f5-f558d709f7d5: shutdown LeaderElection
datanode_1  | 2019-10-15 03:18:59,900 INFO impl.RaftServerImpl: 062bfc1b-1fc9-4499-9a86-f42ff068a699@group-0D541064A2AD: changes role from      null to FOLLOWER at term 0 for startAsFollower
datanode_2  | 2019-10-15 03:19:05,028 INFO impl.RaftServerImpl: 11ed80c9-b079-4e16-911b-c4ad1e90c44a@group-C2DE93FCA054: set configuration 0: [11ed80c9-b079-4e16-911b-c4ad1e90c44a:172.18.0.10:9858], old=null at 0
datanode_3  | 2019-10-15 03:19:03,333 INFO impl.RaftServerImpl: 028f4903-621b-46b9-b0f5-f558d709f7d5@group-85AA0E678406: changes role from CANDIDATE to LEADER at term 1 for changeToLeader
datanode_1  | 2019-10-15 03:18:59,900 INFO impl.RoleInfo: 062bfc1b-1fc9-4499-9a86-f42ff068a699: start FollowerState
datanode_2  | 2019-10-15 03:19:05,181 INFO impl.LeaderElection: 11ed80c9-b079-4e16-911b-c4ad1e90c44a@group-0D541064A2AD-LeaderElection2: Election REJECTED; received 2 response(s) [11ed80c9-b079-4e16-911b-c4ad1e90c44a<-062bfc1b-1fc9-4499-9a86-f42ff068a699#0:FAIL-t1, 11ed80c9-b079-4e16-911b-c4ad1e90c44a<-028f4903-621b-46b9-b0f5-f558d709f7d5#0:FAIL-t1] and 0 exception(s); 11ed80c9-b079-4e16-911b-c4ad1e90c44a@group-0D541064A2AD:t1, leader=null, voted=11ed80c9-b079-4e16-911b-c4ad1e90c44a, raftlog=11ed80c9-b079-4e16-911b-c4ad1e90c44a@group-0D541064A2AD-SegmentedRaftLog:OPENED:c-1,f-1,i0, conf=-1: [062bfc1b-1fc9-4499-9a86-f42ff068a699:172.18.0.6:9858, 11ed80c9-b079-4e16-911b-c4ad1e90c44a:172.18.0.10:9858, 028f4903-621b-46b9-b0f5-f558d709f7d5:172.18.0.5:9858], old=null
datanode_1  | 2019-10-15 03:18:59,900 INFO util.JmxRegister: Successfully registered JMX Bean with object name Ratis:service=RaftServer,group=group-0D541064A2AD,id=062bfc1b-1fc9-4499-9a86-f42ff068a699
datanode_3  | 2019-10-15 03:19:03,333 INFO impl.RaftServerImpl: 028f4903-621b-46b9-b0f5-f558d709f7d5@group-85AA0E678406: change Leader from null to 028f4903-621b-46b9-b0f5-f558d709f7d5 at term 1 for becomeLeader, leader elected after 5187ms
datanode_2  | 2019-10-15 03:19:05,183 INFO impl.RaftServerImpl: 11ed80c9-b079-4e16-911b-c4ad1e90c44a@group-0D541064A2AD: changes role from CANDIDATE to FOLLOWER at term 1 for DISCOVERED_A_NEW_TERM
datanode_1  | 2019-10-15 03:19:03,974 INFO impl.FollowerState: 062bfc1b-1fc9-4499-9a86-f42ff068a699@group-8F5E974C3A34-FollowerState: change to CANDIDATE, lastRpcTime:5160ms, electionTimeout:5160ms
datanode_3  | 2019-10-15 03:19:03,339 INFO server.RaftServerConfigKeys: raft.server.staging.catchup.gap = 1000 (default)
datanode_2  | 2019-10-15 03:19:05,183 INFO impl.RoleInfo: 11ed80c9-b079-4e16-911b-c4ad1e90c44a: shutdown LeaderElection
datanode_1  | 2019-10-15 03:19:03,976 INFO impl.RoleInfo: 062bfc1b-1fc9-4499-9a86-f42ff068a699: shutdown FollowerState
datanode_3  | 2019-10-15 03:19:03,340 INFO server.RaftServerConfigKeys: raft.server.rpc.sleep.time = 25ms (default)
datanode_2  | 2019-10-15 03:19:05,183 INFO impl.RoleInfo: 11ed80c9-b079-4e16-911b-c4ad1e90c44a: start FollowerState
datanode_1  | 2019-10-15 03:19:03,977 INFO impl.RaftServerImpl: 062bfc1b-1fc9-4499-9a86-f42ff068a699@group-8F5E974C3A34: changes role from  FOLLOWER to CANDIDATE at term 0 for changeToCandidate
datanode_2  | 2019-10-15 03:19:05,202 INFO segmented.SegmentedRaftLogWorker: 11ed80c9-b079-4e16-911b-c4ad1e90c44a@group-C2DE93FCA054-SegmentedRaftLogWorker: created new log segment /data/metadata/ratis/72e89eed-5ed1-4244-8e8b-c2de93fca054/current/log_inprogress_0
datanode_2  | 2019-10-15 03:19:10,316 INFO impl.FollowerState: 11ed80c9-b079-4e16-911b-c4ad1e90c44a@group-0D541064A2AD-FollowerState: change to CANDIDATE, lastRpcTime:5132ms, electionTimeout:5132ms
datanode_3  | 2019-10-15 03:19:03,345 INFO server.RaftServerConfigKeys: raft.server.write.element-limit = 4096 (default)
datanode_2  | 2019-10-15 03:19:10,316 INFO impl.RoleInfo: 11ed80c9-b079-4e16-911b-c4ad1e90c44a: shutdown FollowerState
datanode_2  | 2019-10-15 03:19:10,316 INFO impl.RaftServerImpl: 11ed80c9-b079-4e16-911b-c4ad1e90c44a@group-0D541064A2AD: changes role from  FOLLOWER to CANDIDATE at term 1 for changeToCandidate
datanode_1  | 2019-10-15 03:19:03,982 INFO impl.RoleInfo: 062bfc1b-1fc9-4499-9a86-f42ff068a699: start LeaderElection
datanode_3  | 2019-10-15 03:19:03,349 INFO server.RaftServerConfigKeys: raft.server.watch.timeout = 10s (default)
datanode_2  | 2019-10-15 03:19:10,317 INFO impl.RoleInfo: 11ed80c9-b079-4e16-911b-c4ad1e90c44a: start LeaderElection
datanode_1  | 2019-10-15 03:19:03,998 INFO impl.LeaderElection: 062bfc1b-1fc9-4499-9a86-f42ff068a699@group-8F5E974C3A34-LeaderElection1: begin an election at term 1 for -1: [062bfc1b-1fc9-4499-9a86-f42ff068a699:172.18.0.6:9858], old=null
datanode_3  | 2019-10-15 03:19:03,349 INFO server.RaftServerConfigKeys: raft.server.watch.timeout.denomination = 1s (default)
datanode_2  | 2019-10-15 03:19:10,342 INFO impl.LeaderElection: 11ed80c9-b079-4e16-911b-c4ad1e90c44a@group-0D541064A2AD-LeaderElection3: begin an election at term 2 for -1: [062bfc1b-1fc9-4499-9a86-f42ff068a699:172.18.0.6:9858, 11ed80c9-b079-4e16-911b-c4ad1e90c44a:172.18.0.10:9858, 028f4903-621b-46b9-b0f5-f558d709f7d5:172.18.0.5:9858], old=null
datanode_1  | 2019-10-15 03:19:03,999 INFO impl.RoleInfo: 062bfc1b-1fc9-4499-9a86-f42ff068a699: shutdown LeaderElection
datanode_3  | 2019-10-15 03:19:03,350 INFO server.RaftServerConfigKeys: raft.server.watch.element-limit = 65536 (default)
datanode_2  | 2019-10-15 03:19:10,414 INFO impl.LeaderElection: 11ed80c9-b079-4e16-911b-c4ad1e90c44a@group-0D541064A2AD-LeaderElection3: Election PASSED; received 2 response(s) [11ed80c9-b079-4e16-911b-c4ad1e90c44a<-062bfc1b-1fc9-4499-9a86-f42ff068a699#0:OK-t2, 11ed80c9-b079-4e16-911b-c4ad1e90c44a<-028f4903-621b-46b9-b0f5-f558d709f7d5#0:FAIL-t2] and 0 exception(s); 11ed80c9-b079-4e16-911b-c4ad1e90c44a@group-0D541064A2AD:t2, leader=null, voted=11ed80c9-b079-4e16-911b-c4ad1e90c44a, raftlog=11ed80c9-b079-4e16-911b-c4ad1e90c44a@group-0D541064A2AD-SegmentedRaftLog:OPENED:c-1,f-1,i0, conf=-1: [062bfc1b-1fc9-4499-9a86-f42ff068a699:172.18.0.6:9858, 11ed80c9-b079-4e16-911b-c4ad1e90c44a:172.18.0.10:9858, 028f4903-621b-46b9-b0f5-f558d709f7d5:172.18.0.5:9858], old=null
datanode_1  | 2019-10-15 03:19:04,000 INFO impl.RaftServerImpl: 062bfc1b-1fc9-4499-9a86-f42ff068a699@group-8F5E974C3A34: changes role from CANDIDATE to LEADER at term 1 for changeToLeader
datanode_3  | 2019-10-15 03:19:03,365 INFO impl.RoleInfo: 028f4903-621b-46b9-b0f5-f558d709f7d5: start LeaderState
datanode_2  | 2019-10-15 03:19:10,415 INFO impl.RoleInfo: 11ed80c9-b079-4e16-911b-c4ad1e90c44a: shutdown LeaderElection
datanode_1  | 2019-10-15 03:19:04,001 INFO impl.RaftServerImpl: 062bfc1b-1fc9-4499-9a86-f42ff068a699@group-8F5E974C3A34: change Leader from null to 062bfc1b-1fc9-4499-9a86-f42ff068a699 at term 1 for becomeLeader, leader elected after 5291ms
datanode_3  | 2019-10-15 03:19:03,390 INFO segmented.SegmentedRaftLogWorker: 028f4903-621b-46b9-b0f5-f558d709f7d5@group-85AA0E678406-SegmentedRaftLogWorker: Starting segment from index:0
datanode_2  | 2019-10-15 03:19:10,415 INFO impl.RaftServerImpl: 11ed80c9-b079-4e16-911b-c4ad1e90c44a@group-0D541064A2AD: changes role from CANDIDATE to LEADER at term 2 for changeToLeader
datanode_1  | 2019-10-15 03:19:04,006 INFO server.RaftServerConfigKeys: raft.server.staging.catchup.gap = 1000 (default)
datanode_3  | 2019-10-15 03:19:03,400 INFO impl.RaftServerImpl: 028f4903-621b-46b9-b0f5-f558d709f7d5@group-85AA0E678406: set configuration 0: [028f4903-621b-46b9-b0f5-f558d709f7d5:172.18.0.5:9858], old=null at 0
datanode_2  | 2019-10-15 03:19:10,415 INFO impl.RaftServerImpl: 11ed80c9-b079-4e16-911b-c4ad1e90c44a@group-0D541064A2AD: change Leader from null to 11ed80c9-b079-4e16-911b-c4ad1e90c44a at term 2 for becomeLeader, leader elected after 10523ms
datanode_1  | 2019-10-15 03:19:04,006 INFO server.RaftServerConfigKeys: raft.server.rpc.sleep.time = 25ms (default)
datanode_3  | 2019-10-15 03:19:03,538 INFO segmented.SegmentedRaftLogWorker: 028f4903-621b-46b9-b0f5-f558d709f7d5@group-85AA0E678406-SegmentedRaftLogWorker: created new log segment /data/metadata/ratis/6b5d68c5-4536-44ce-a99d-85aa0e678406/current/log_inprogress_0
datanode_2  | 2019-10-15 03:19:10,415 INFO server.RaftServerConfigKeys: raft.server.staging.catchup.gap = 1000 (default)
datanode_3  | 2019-10-15 03:19:04,992 INFO impl.FollowerState: 028f4903-621b-46b9-b0f5-f558d709f7d5@group-0D541064A2AD-FollowerState: change to CANDIDATE, lastRpcTime:5092ms, electionTimeout:5092ms
datanode_2  | 2019-10-15 03:19:10,415 INFO server.RaftServerConfigKeys: raft.server.rpc.sleep.time = 25ms (default)
datanode_1  | 2019-10-15 03:19:04,011 INFO server.RaftServerConfigKeys: raft.server.write.element-limit = 4096 (default)
datanode_3  | 2019-10-15 03:19:04,993 INFO impl.RoleInfo: 028f4903-621b-46b9-b0f5-f558d709f7d5: shutdown FollowerState
datanode_2  | 2019-10-15 03:19:10,416 INFO server.RaftServerConfigKeys: raft.server.write.element-limit = 4096 (default)
datanode_1  | 2019-10-15 03:19:04,015 INFO server.RaftServerConfigKeys: raft.server.watch.timeout = 10s (default)
datanode_3  | 2019-10-15 03:19:04,993 INFO impl.RaftServerImpl: 028f4903-621b-46b9-b0f5-f558d709f7d5@group-0D541064A2AD: changes role from  FOLLOWER to CANDIDATE at term 0 for changeToCandidate
datanode_2  | 2019-10-15 03:19:10,416 INFO server.RaftServerConfigKeys: raft.server.watch.timeout = 10s (default)
datanode_1  | 2019-10-15 03:19:04,015 INFO server.RaftServerConfigKeys: raft.server.watch.timeout.denomination = 1s (default)
datanode_2  | 2019-10-15 03:19:10,416 INFO server.RaftServerConfigKeys: raft.server.watch.timeout.denomination = 1s (default)
datanode_1  | 2019-10-15 03:19:04,016 INFO server.RaftServerConfigKeys: raft.server.watch.element-limit = 65536 (default)
datanode_2  | 2019-10-15 03:19:10,416 INFO server.RaftServerConfigKeys: raft.server.watch.element-limit = 65536 (default)
datanode_1  | 2019-10-15 03:19:04,031 INFO impl.RoleInfo: 062bfc1b-1fc9-4499-9a86-f42ff068a699: start LeaderState
datanode_2  | 2019-10-15 03:19:10,422 INFO server.RaftServerConfigKeys: raft.server.log.appender.snapshot.chunk.size.max = 16MB (=16777216) (default)
datanode_1  | 2019-10-15 03:19:04,055 INFO segmented.SegmentedRaftLogWorker: 062bfc1b-1fc9-4499-9a86-f42ff068a699@group-8F5E974C3A34-SegmentedRaftLogWorker: Starting segment from index:0
datanode_3  | 2019-10-15 03:19:04,993 INFO impl.RoleInfo: 028f4903-621b-46b9-b0f5-f558d709f7d5: start LeaderElection
datanode_1  | 2019-10-15 03:19:04,066 INFO impl.RaftServerImpl: 062bfc1b-1fc9-4499-9a86-f42ff068a699@group-8F5E974C3A34: set configuration 0: [062bfc1b-1fc9-4499-9a86-f42ff068a699:172.18.0.6:9858], old=null at 0
datanode_3  | 2019-10-15 03:19:05,008 INFO impl.LeaderElection: 028f4903-621b-46b9-b0f5-f558d709f7d5@group-0D541064A2AD-LeaderElection2: begin an election at term 1 for -1: [062bfc1b-1fc9-4499-9a86-f42ff068a699:172.18.0.6:9858, 11ed80c9-b079-4e16-911b-c4ad1e90c44a:172.18.0.10:9858, 028f4903-621b-46b9-b0f5-f558d709f7d5:172.18.0.5:9858], old=null
datanode_2  | 2019-10-15 03:19:10,423 INFO server.RaftServerConfigKeys: raft.server.log.appender.buffer.byte-limit = 33554432 (custom)
datanode_1  | 2019-10-15 03:19:04,180 INFO segmented.SegmentedRaftLogWorker: 062bfc1b-1fc9-4499-9a86-f42ff068a699@group-8F5E974C3A34-SegmentedRaftLogWorker: created new log segment /data/metadata/ratis/d435e478-55ad-4f31-877c-8f5e974c3a34/current/log_inprogress_0
datanode_3  | 2019-10-15 03:19:05,203 INFO impl.LeaderElection: 028f4903-621b-46b9-b0f5-f558d709f7d5@group-0D541064A2AD-LeaderElection2: Election REJECTED; received 2 response(s) [028f4903-621b-46b9-b0f5-f558d709f7d5<-062bfc1b-1fc9-4499-9a86-f42ff068a699#0:FAIL-t1, 028f4903-621b-46b9-b0f5-f558d709f7d5<-11ed80c9-b079-4e16-911b-c4ad1e90c44a#0:FAIL-t1] and 0 exception(s); 028f4903-621b-46b9-b0f5-f558d709f7d5@group-0D541064A2AD:t1, leader=null, voted=028f4903-621b-46b9-b0f5-f558d709f7d5, raftlog=028f4903-621b-46b9-b0f5-f558d709f7d5@group-0D541064A2AD-SegmentedRaftLog:OPENED:c-1,f-1,i0, conf=-1: [062bfc1b-1fc9-4499-9a86-f42ff068a699:172.18.0.6:9858, 11ed80c9-b079-4e16-911b-c4ad1e90c44a:172.18.0.10:9858, 028f4903-621b-46b9-b0f5-f558d709f7d5:172.18.0.5:9858], old=null
datanode_2  | 2019-10-15 03:19:10,423 INFO server.RaftServerConfigKeys: raft.server.log.appender.buffer.element-limit = 1 (custom)
datanode_1  | 2019-10-15 03:19:05,097 INFO impl.FollowerState: 062bfc1b-1fc9-4499-9a86-f42ff068a699@group-0D541064A2AD-FollowerState: change to CANDIDATE, lastRpcTime:5197ms, electionTimeout:5197ms
datanode_3  | 2019-10-15 03:19:05,205 INFO impl.RaftServerImpl: 028f4903-621b-46b9-b0f5-f558d709f7d5@group-0D541064A2AD: changes role from CANDIDATE to FOLLOWER at term 1 for DISCOVERED_A_NEW_TERM
datanode_2  | 2019-10-15 03:19:10,426 INFO grpc.GrpcConfigKeys$Server: raft.grpc.server.leader.outstanding.appends.max = 128 (default)
datanode_1  | 2019-10-15 03:19:05,107 INFO impl.RoleInfo: 062bfc1b-1fc9-4499-9a86-f42ff068a699: shutdown FollowerState
datanode_3  | 2019-10-15 03:19:05,205 INFO impl.RoleInfo: 028f4903-621b-46b9-b0f5-f558d709f7d5: shutdown LeaderElection
datanode_2  | 2019-10-15 03:19:10,426 INFO server.RaftServerConfigKeys: raft.server.rpc.request.timeout = 3000ms (default)
datanode_1  | 2019-10-15 03:19:05,107 INFO impl.RaftServerImpl: 062bfc1b-1fc9-4499-9a86-f42ff068a699@group-0D541064A2AD: changes role from  FOLLOWER to CANDIDATE at term 0 for changeToCandidate
datanode_3  | 2019-10-15 03:19:05,205 INFO impl.RoleInfo: 028f4903-621b-46b9-b0f5-f558d709f7d5: start FollowerState
datanode_2  | 2019-10-15 03:19:10,426 INFO server.RaftServerConfigKeys: raft.server.log.appender.install.snapshot.enabled = false (custom)
datanode_1  | 2019-10-15 03:19:05,107 INFO impl.RoleInfo: 062bfc1b-1fc9-4499-9a86-f42ff068a699: start LeaderElection
datanode_3  | 2019-10-15 03:19:10,315 INFO impl.FollowerState: 028f4903-621b-46b9-b0f5-f558d709f7d5@group-0D541064A2AD-FollowerState: change to CANDIDATE, lastRpcTime:5109ms, electionTimeout:5109ms
datanode_2  | 2019-10-15 03:19:10,427 INFO server.RaftServerConfigKeys: raft.server.log.appender.snapshot.chunk.size.max = 16MB (=16777216) (default)
datanode_1  | 2019-10-15 03:19:05,123 INFO impl.LeaderElection: 062bfc1b-1fc9-4499-9a86-f42ff068a699@group-0D541064A2AD-LeaderElection2: begin an election at term 1 for -1: [062bfc1b-1fc9-4499-9a86-f42ff068a699:172.18.0.6:9858, 11ed80c9-b079-4e16-911b-c4ad1e90c44a:172.18.0.10:9858, 028f4903-621b-46b9-b0f5-f558d709f7d5:172.18.0.5:9858], old=null
datanode_3  | 2019-10-15 03:19:10,316 INFO impl.RoleInfo: 028f4903-621b-46b9-b0f5-f558d709f7d5: shutdown FollowerState
datanode_2  | 2019-10-15 03:19:10,427 INFO server.RaftServerConfigKeys: raft.server.log.appender.buffer.byte-limit = 33554432 (custom)
datanode_1  | 2019-10-15 03:19:05,298 INFO impl.LeaderElection: 062bfc1b-1fc9-4499-9a86-f42ff068a699@group-0D541064A2AD-LeaderElection2: Election REJECTED; received 2 response(s) [062bfc1b-1fc9-4499-9a86-f42ff068a699<-11ed80c9-b079-4e16-911b-c4ad1e90c44a#0:FAIL-t1, 062bfc1b-1fc9-4499-9a86-f42ff068a699<-028f4903-621b-46b9-b0f5-f558d709f7d5#0:FAIL-t1] and 0 exception(s); 062bfc1b-1fc9-4499-9a86-f42ff068a699@group-0D541064A2AD:t1, leader=null, voted=062bfc1b-1fc9-4499-9a86-f42ff068a699, raftlog=062bfc1b-1fc9-4499-9a86-f42ff068a699@group-0D541064A2AD-SegmentedRaftLog:OPENED:c-1,f-1,i0, conf=-1: [062bfc1b-1fc9-4499-9a86-f42ff068a699:172.18.0.6:9858, 11ed80c9-b079-4e16-911b-c4ad1e90c44a:172.18.0.10:9858, 028f4903-621b-46b9-b0f5-f558d709f7d5:172.18.0.5:9858], old=null
datanode_2  | 2019-10-15 03:19:10,427 INFO server.RaftServerConfigKeys: raft.server.log.appender.buffer.element-limit = 1 (custom)
datanode_3  | 2019-10-15 03:19:10,316 INFO impl.RaftServerImpl: 028f4903-621b-46b9-b0f5-f558d709f7d5@group-0D541064A2AD: changes role from  FOLLOWER to CANDIDATE at term 1 for changeToCandidate
datanode_1  | 2019-10-15 03:19:05,300 INFO impl.RaftServerImpl: 062bfc1b-1fc9-4499-9a86-f42ff068a699@group-0D541064A2AD: changes role from CANDIDATE to FOLLOWER at term 1 for DISCOVERED_A_NEW_TERM
datanode_2  | 2019-10-15 03:19:10,427 INFO grpc.GrpcConfigKeys$Server: raft.grpc.server.leader.outstanding.appends.max = 128 (default)
datanode_3  | 2019-10-15 03:19:10,317 INFO impl.RoleInfo: 028f4903-621b-46b9-b0f5-f558d709f7d5: start LeaderElection
datanode_1  | 2019-10-15 03:19:05,300 INFO impl.RoleInfo: 062bfc1b-1fc9-4499-9a86-f42ff068a699: shutdown LeaderElection
datanode_2  | 2019-10-15 03:19:10,427 INFO server.RaftServerConfigKeys: raft.server.rpc.request.timeout = 3000ms (default)
datanode_1  | 2019-10-15 03:19:05,300 INFO impl.RoleInfo: 062bfc1b-1fc9-4499-9a86-f42ff068a699: start FollowerState
datanode_3  | 2019-10-15 03:19:10,342 INFO impl.LeaderElection: 028f4903-621b-46b9-b0f5-f558d709f7d5@group-0D541064A2AD-LeaderElection3: begin an election at term 2 for -1: [062bfc1b-1fc9-4499-9a86-f42ff068a699:172.18.0.6:9858, 11ed80c9-b079-4e16-911b-c4ad1e90c44a:172.18.0.10:9858, 028f4903-621b-46b9-b0f5-f558d709f7d5:172.18.0.5:9858], old=null
datanode_2  | 2019-10-15 03:19:10,428 INFO server.RaftServerConfigKeys: raft.server.log.appender.install.snapshot.enabled = false (custom)
datanode_1  | 2019-10-15 03:19:10,365 INFO impl.RaftServerImpl: 062bfc1b-1fc9-4499-9a86-f42ff068a699@group-0D541064A2AD: changes role from  FOLLOWER to FOLLOWER at term 2 for recognizeCandidate:11ed80c9-b079-4e16-911b-c4ad1e90c44a
datanode_3  | 2019-10-15 03:19:10,398 INFO impl.LeaderElection: 028f4903-621b-46b9-b0f5-f558d709f7d5@group-0D541064A2AD-LeaderElection3: Election REJECTED; received 2 response(s) [028f4903-621b-46b9-b0f5-f558d709f7d5<-062bfc1b-1fc9-4499-9a86-f42ff068a699#0:FAIL-t2, 028f4903-621b-46b9-b0f5-f558d709f7d5<-11ed80c9-b079-4e16-911b-c4ad1e90c44a#0:FAIL-t2] and 0 exception(s); 028f4903-621b-46b9-b0f5-f558d709f7d5@group-0D541064A2AD:t2, leader=null, voted=028f4903-621b-46b9-b0f5-f558d709f7d5, raftlog=028f4903-621b-46b9-b0f5-f558d709f7d5@group-0D541064A2AD-SegmentedRaftLog:OPENED:c-1,f-1,i0, conf=-1: [062bfc1b-1fc9-4499-9a86-f42ff068a699:172.18.0.6:9858, 11ed80c9-b079-4e16-911b-c4ad1e90c44a:172.18.0.10:9858, 028f4903-621b-46b9-b0f5-f558d709f7d5:172.18.0.5:9858], old=null
datanode_2  | 2019-10-15 03:19:10,430 INFO impl.RoleInfo: 11ed80c9-b079-4e16-911b-c4ad1e90c44a: start LeaderState
datanode_1  | 2019-10-15 03:19:10,366 INFO impl.RoleInfo: 062bfc1b-1fc9-4499-9a86-f42ff068a699: shutdown FollowerState
datanode_3  | 2019-10-15 03:19:10,399 INFO impl.RaftServerImpl: 028f4903-621b-46b9-b0f5-f558d709f7d5@group-0D541064A2AD: changes role from CANDIDATE to FOLLOWER at term 2 for DISCOVERED_A_NEW_TERM
datanode_2  | 2019-10-15 03:19:10,430 INFO segmented.SegmentedRaftLogWorker: 11ed80c9-b079-4e16-911b-c4ad1e90c44a@group-0D541064A2AD-SegmentedRaftLogWorker: Starting segment from index:0
datanode_1  | 2019-10-15 03:19:10,366 INFO impl.RoleInfo: 062bfc1b-1fc9-4499-9a86-f42ff068a699: start FollowerState
datanode_3  | 2019-10-15 03:19:10,399 INFO impl.RoleInfo: 028f4903-621b-46b9-b0f5-f558d709f7d5: shutdown LeaderElection
datanode_2  | 2019-10-15 03:19:10,431 INFO impl.RaftServerImpl: 11ed80c9-b079-4e16-911b-c4ad1e90c44a@group-0D541064A2AD: set configuration 0: [062bfc1b-1fc9-4499-9a86-f42ff068a699:172.18.0.6:9858, 11ed80c9-b079-4e16-911b-c4ad1e90c44a:172.18.0.10:9858, 028f4903-621b-46b9-b0f5-f558d709f7d5:172.18.0.5:9858], old=null at 0
datanode_3  | 2019-10-15 03:19:10,399 INFO impl.RoleInfo: 028f4903-621b-46b9-b0f5-f558d709f7d5: start FollowerState
datanode_1  | 2019-10-15 03:19:10,366 INFO impl.FollowerState: 062bfc1b-1fc9-4499-9a86-f42ff068a699@group-0D541064A2AD-FollowerState was interrupted: java.lang.InterruptedException: sleep interrupted
datanode_2  | 2019-10-15 03:19:10,481 INFO segmented.SegmentedRaftLogWorker: 11ed80c9-b079-4e16-911b-c4ad1e90c44a@group-0D541064A2AD-SegmentedRaftLogWorker: created new log segment /data/metadata/ratis/508f3f38-d674-4bcc-b572-0d541064a2ad/current/log_inprogress_0
datanode_3  | 2019-10-15 03:19:10,489 INFO impl.RaftServerImpl: 028f4903-621b-46b9-b0f5-f558d709f7d5@group-0D541064A2AD: change Leader from null to 11ed80c9-b079-4e16-911b-c4ad1e90c44a at term 2 for appendEntries, leader elected after 10597ms
datanode_1  | 2019-10-15 03:19:10,488 INFO impl.RaftServerImpl: 062bfc1b-1fc9-4499-9a86-f42ff068a699@group-0D541064A2AD: change Leader from null to 11ed80c9-b079-4e16-911b-c4ad1e90c44a at term 2 for appendEntries, leader elected after 10596ms
datanode_3  | 2019-10-15 03:19:10,508 INFO impl.RaftServerImpl: 028f4903-621b-46b9-b0f5-f558d709f7d5@group-0D541064A2AD: set configuration 0: [062bfc1b-1fc9-4499-9a86-f42ff068a699:172.18.0.6:9858, 11ed80c9-b079-4e16-911b-c4ad1e90c44a:172.18.0.10:9858, 028f4903-621b-46b9-b0f5-f558d709f7d5:172.18.0.5:9858], old=null at 0
datanode_3  | 2019-10-15 03:19:10,508 INFO segmented.SegmentedRaftLogWorker: 028f4903-621b-46b9-b0f5-f558d709f7d5@group-0D541064A2AD-SegmentedRaftLogWorker: Starting segment from index:0
datanode_1  | 2019-10-15 03:19:10,507 INFO impl.RaftServerImpl: 062bfc1b-1fc9-4499-9a86-f42ff068a699@group-0D541064A2AD: set configuration 0: [062bfc1b-1fc9-4499-9a86-f42ff068a699:172.18.0.6:9858, 11ed80c9-b079-4e16-911b-c4ad1e90c44a:172.18.0.10:9858, 028f4903-621b-46b9-b0f5-f558d709f7d5:172.18.0.5:9858], old=null at 0
datanode_3  | 2019-10-15 03:19:10,545 INFO segmented.SegmentedRaftLogWorker: 028f4903-621b-46b9-b0f5-f558d709f7d5@group-0D541064A2AD-SegmentedRaftLogWorker: created new log segment /data/metadata/ratis/508f3f38-d674-4bcc-b572-0d541064a2ad/current/log_inprogress_0
datanode_1  | 2019-10-15 03:19:10,508 INFO segmented.SegmentedRaftLogWorker: 062bfc1b-1fc9-4499-9a86-f42ff068a699@group-0D541064A2AD-SegmentedRaftLogWorker: Starting segment from index:0
datanode_1  | 2019-10-15 03:19:10,545 INFO segmented.SegmentedRaftLogWorker: 062bfc1b-1fc9-4499-9a86-f42ff068a699@group-0D541064A2AD-SegmentedRaftLogWorker: created new log segment /data/metadata/ratis/508f3f38-d674-4bcc-b572-0d541064a2ad/current/log_inprogress_0
