datanode_1  | 2019-10-15 03:14:31,438 INFO server.RaftServerConfigKeys: raft.server.retrycache.expirytime = 600000ms (custom)
datanode_2  | 2019-10-15 03:14:34,158 INFO server.RaftServerConfigKeys: raft.server.rpc.sleep.time = 25ms (default)
datanode_1  | 2019-10-15 03:14:31,443 INFO impl.RaftServerImpl: 607b87c7-e330-4b99-9df8-907b0fdcb846@group-B5E67668B8C1: start as a follower, conf=-1: [607b87c7-e330-4b99-9df8-907b0fdcb846:172.18.0.6:9858, dabc1c3a-6824-4395-94cc-26c447cb4f2c:172.18.0.7:9858, 6ac49977-d7ab-4f3e-83d5-7fe992d8d5d6:172.18.0.5:9858], old=null
datanode_3  | 2019-10-15 03:14:36,681 INFO impl.LeaderElection: dabc1c3a-6824-4395-94cc-26c447cb4f2c@group-B5E67668B8C1-LeaderElection2: Election REJECTED; received 2 response(s) [dabc1c3a-6824-4395-94cc-26c447cb4f2c<-607b87c7-e330-4b99-9df8-907b0fdcb846#0:FAIL-t1, dabc1c3a-6824-4395-94cc-26c447cb4f2c<-6ac49977-d7ab-4f3e-83d5-7fe992d8d5d6#0:FAIL-t1] and 0 exception(s); dabc1c3a-6824-4395-94cc-26c447cb4f2c@group-B5E67668B8C1:t1, leader=null, voted=dabc1c3a-6824-4395-94cc-26c447cb4f2c, raftlog=dabc1c3a-6824-4395-94cc-26c447cb4f2c@group-B5E67668B8C1-SegmentedRaftLog:OPENED:c-1,f-1,i0, conf=-1: [607b87c7-e330-4b99-9df8-907b0fdcb846:172.18.0.6:9858, dabc1c3a-6824-4395-94cc-26c447cb4f2c:172.18.0.7:9858, 6ac49977-d7ab-4f3e-83d5-7fe992d8d5d6:172.18.0.5:9858], old=null
datanode_2  | 2019-10-15 03:14:34,161 INFO server.RaftServerConfigKeys: raft.server.write.element-limit = 4096 (default)
datanode_1  | 2019-10-15 03:14:31,443 INFO impl.RaftServerImpl: 607b87c7-e330-4b99-9df8-907b0fdcb846@group-B5E67668B8C1: changes role from      null to FOLLOWER at term 0 for startAsFollower
datanode_3  | 2019-10-15 03:14:36,683 INFO impl.RaftServerImpl: dabc1c3a-6824-4395-94cc-26c447cb4f2c@group-B5E67668B8C1: changes role from CANDIDATE to FOLLOWER at term 1 for DISCOVERED_A_NEW_TERM
datanode_2  | 2019-10-15 03:14:34,164 INFO server.RaftServerConfigKeys: raft.server.watch.timeout = 10s (default)
datanode_1  | 2019-10-15 03:14:31,443 INFO impl.RoleInfo: 607b87c7-e330-4b99-9df8-907b0fdcb846: start FollowerState
datanode_3  | 2019-10-15 03:14:36,683 INFO impl.RoleInfo: dabc1c3a-6824-4395-94cc-26c447cb4f2c: shutdown LeaderElection
datanode_2  | 2019-10-15 03:14:34,164 INFO server.RaftServerConfigKeys: raft.server.watch.timeout.denomination = 1s (default)
datanode_1  | 2019-10-15 03:14:31,444 INFO util.JmxRegister: Successfully registered JMX Bean with object name Ratis:service=RaftServer,group=group-B5E67668B8C1,id=607b87c7-e330-4b99-9df8-907b0fdcb846
datanode_3  | 2019-10-15 03:14:36,683 INFO impl.RoleInfo: dabc1c3a-6824-4395-94cc-26c447cb4f2c: start FollowerState
datanode_2  | 2019-10-15 03:14:34,164 INFO server.RaftServerConfigKeys: raft.server.watch.element-limit = 65536 (default)
datanode_1  | 2019-10-15 03:14:36,409 INFO impl.FollowerState: 607b87c7-e330-4b99-9df8-907b0fdcb846@group-E44E53CC8360-FollowerState: change to CANDIDATE, lastRpcTime:5115ms, electionTimeout:5114ms
datanode_3  | 2019-10-15 03:14:41,712 INFO impl.FollowerState: dabc1c3a-6824-4395-94cc-26c447cb4f2c@group-B5E67668B8C1-FollowerState: change to CANDIDATE, lastRpcTime:5029ms, electionTimeout:5029ms
datanode_2  | 2019-10-15 03:14:34,176 INFO impl.RoleInfo: 6ac49977-d7ab-4f3e-83d5-7fe992d8d5d6: start LeaderState
datanode_1  | 2019-10-15 03:14:36,412 INFO impl.RoleInfo: 607b87c7-e330-4b99-9df8-907b0fdcb846: shutdown FollowerState
datanode_3  | 2019-10-15 03:14:41,713 INFO impl.RoleInfo: dabc1c3a-6824-4395-94cc-26c447cb4f2c: shutdown FollowerState
datanode_2  | 2019-10-15 03:14:34,192 INFO segmented.SegmentedRaftLogWorker: 6ac49977-d7ab-4f3e-83d5-7fe992d8d5d6@group-D2B735CC9708-SegmentedRaftLogWorker: Starting segment from index:0
datanode_1  | 2019-10-15 03:14:36,412 INFO impl.RaftServerImpl: 607b87c7-e330-4b99-9df8-907b0fdcb846@group-E44E53CC8360: changes role from  FOLLOWER to CANDIDATE at term 0 for changeToCandidate
datanode_3  | 2019-10-15 03:14:41,714 INFO impl.RaftServerImpl: dabc1c3a-6824-4395-94cc-26c447cb4f2c@group-B5E67668B8C1: changes role from  FOLLOWER to CANDIDATE at term 1 for changeToCandidate
datanode_2  | 2019-10-15 03:14:34,200 INFO impl.RaftServerImpl: 6ac49977-d7ab-4f3e-83d5-7fe992d8d5d6@group-D2B735CC9708: set configuration 0: [6ac49977-d7ab-4f3e-83d5-7fe992d8d5d6:172.18.0.5:9858], old=null at 0
datanode_1  | 2019-10-15 03:14:36,415 INFO impl.RoleInfo: 607b87c7-e330-4b99-9df8-907b0fdcb846: start LeaderElection
datanode_2  | 2019-10-15 03:14:34,298 INFO segmented.SegmentedRaftLogWorker: 6ac49977-d7ab-4f3e-83d5-7fe992d8d5d6@group-D2B735CC9708-SegmentedRaftLogWorker: created new log segment /data/metadata/ratis/64572398-1dbe-4280-bb10-d2b735cc9708/current/log_inprogress_0
datanode_3  | 2019-10-15 03:14:41,714 INFO impl.RoleInfo: dabc1c3a-6824-4395-94cc-26c447cb4f2c: start LeaderElection
datanode_2  | 2019-10-15 03:14:36,644 INFO impl.FollowerState: 6ac49977-d7ab-4f3e-83d5-7fe992d8d5d6@group-B5E67668B8C1-FollowerState: change to CANDIDATE, lastRpcTime:5187ms, electionTimeout:5187ms
datanode_1  | 2019-10-15 03:14:36,431 INFO impl.LeaderElection: 607b87c7-e330-4b99-9df8-907b0fdcb846@group-E44E53CC8360-LeaderElection1: begin an election at term 1 for -1: [607b87c7-e330-4b99-9df8-907b0fdcb846:172.18.0.6:9858], old=null
datanode_3  | 2019-10-15 03:14:41,728 INFO impl.LeaderElection: dabc1c3a-6824-4395-94cc-26c447cb4f2c@group-B5E67668B8C1-LeaderElection3: begin an election at term 2 for -1: [607b87c7-e330-4b99-9df8-907b0fdcb846:172.18.0.6:9858, dabc1c3a-6824-4395-94cc-26c447cb4f2c:172.18.0.7:9858, 6ac49977-d7ab-4f3e-83d5-7fe992d8d5d6:172.18.0.5:9858], old=null
datanode_2  | 2019-10-15 03:14:36,646 INFO impl.RoleInfo: 6ac49977-d7ab-4f3e-83d5-7fe992d8d5d6: shutdown FollowerState
datanode_1  | 2019-10-15 03:14:36,433 INFO impl.RoleInfo: 607b87c7-e330-4b99-9df8-907b0fdcb846: shutdown LeaderElection
datanode_3  | 2019-10-15 03:14:41,774 INFO impl.LeaderElection: dabc1c3a-6824-4395-94cc-26c447cb4f2c@group-B5E67668B8C1-LeaderElection3: Election PASSED; received 1 response(s) [dabc1c3a-6824-4395-94cc-26c447cb4f2c<-607b87c7-e330-4b99-9df8-907b0fdcb846#0:OK-t2] and 0 exception(s); dabc1c3a-6824-4395-94cc-26c447cb4f2c@group-B5E67668B8C1:t2, leader=null, voted=dabc1c3a-6824-4395-94cc-26c447cb4f2c, raftlog=dabc1c3a-6824-4395-94cc-26c447cb4f2c@group-B5E67668B8C1-SegmentedRaftLog:OPENED:c-1,f-1,i0, conf=-1: [607b87c7-e330-4b99-9df8-907b0fdcb846:172.18.0.6:9858, dabc1c3a-6824-4395-94cc-26c447cb4f2c:172.18.0.7:9858, 6ac49977-d7ab-4f3e-83d5-7fe992d8d5d6:172.18.0.5:9858], old=null
datanode_2  | 2019-10-15 03:14:36,646 INFO impl.RaftServerImpl: 6ac49977-d7ab-4f3e-83d5-7fe992d8d5d6@group-B5E67668B8C1: changes role from  FOLLOWER to CANDIDATE at term 0 for changeToCandidate
datanode_1  | 2019-10-15 03:14:36,434 INFO impl.RaftServerImpl: 607b87c7-e330-4b99-9df8-907b0fdcb846@group-E44E53CC8360: changes role from CANDIDATE to LEADER at term 1 for changeToLeader
datanode_3  | 2019-10-15 03:14:41,775 INFO impl.RoleInfo: dabc1c3a-6824-4395-94cc-26c447cb4f2c: shutdown LeaderElection
datanode_2  | 2019-10-15 03:14:36,646 INFO impl.RoleInfo: 6ac49977-d7ab-4f3e-83d5-7fe992d8d5d6: start LeaderElection
datanode_3  | 2019-10-15 03:14:41,775 INFO impl.RaftServerImpl: dabc1c3a-6824-4395-94cc-26c447cb4f2c@group-B5E67668B8C1: changes role from CANDIDATE to LEADER at term 2 for changeToLeader
datanode_1  | 2019-10-15 03:14:36,434 INFO impl.RaftServerImpl: 607b87c7-e330-4b99-9df8-907b0fdcb846@group-E44E53CC8360: change Leader from null to 607b87c7-e330-4b99-9df8-907b0fdcb846 at term 1 for becomeLeader, leader elected after 5261ms
datanode_2  | 2019-10-15 03:14:36,661 INFO impl.LeaderElection: 6ac49977-d7ab-4f3e-83d5-7fe992d8d5d6@group-B5E67668B8C1-LeaderElection2: begin an election at term 1 for -1: [607b87c7-e330-4b99-9df8-907b0fdcb846:172.18.0.6:9858, dabc1c3a-6824-4395-94cc-26c447cb4f2c:172.18.0.7:9858, 6ac49977-d7ab-4f3e-83d5-7fe992d8d5d6:172.18.0.5:9858], old=null
datanode_3  | 2019-10-15 03:14:41,775 INFO impl.RaftServerImpl: dabc1c3a-6824-4395-94cc-26c447cb4f2c@group-B5E67668B8C1: change Leader from null to dabc1c3a-6824-4395-94cc-26c447cb4f2c at term 2 for becomeLeader, leader elected after 10340ms
datanode_1  | 2019-10-15 03:14:36,438 INFO server.RaftServerConfigKeys: raft.server.staging.catchup.gap = 1000 (default)
datanode_2  | 2019-10-15 03:14:36,827 INFO impl.LeaderElection: 6ac49977-d7ab-4f3e-83d5-7fe992d8d5d6@group-B5E67668B8C1-LeaderElection2: Election REJECTED; received 2 response(s) [6ac49977-d7ab-4f3e-83d5-7fe992d8d5d6<-607b87c7-e330-4b99-9df8-907b0fdcb846#0:FAIL-t1, 6ac49977-d7ab-4f3e-83d5-7fe992d8d5d6<-dabc1c3a-6824-4395-94cc-26c447cb4f2c#0:FAIL-t1] and 0 exception(s); 6ac49977-d7ab-4f3e-83d5-7fe992d8d5d6@group-B5E67668B8C1:t1, leader=null, voted=6ac49977-d7ab-4f3e-83d5-7fe992d8d5d6, raftlog=6ac49977-d7ab-4f3e-83d5-7fe992d8d5d6@group-B5E67668B8C1-SegmentedRaftLog:OPENED:c-1,f-1,i0, conf=-1: [607b87c7-e330-4b99-9df8-907b0fdcb846:172.18.0.6:9858, dabc1c3a-6824-4395-94cc-26c447cb4f2c:172.18.0.7:9858, 6ac49977-d7ab-4f3e-83d5-7fe992d8d5d6:172.18.0.5:9858], old=null
datanode_3  | 2019-10-15 03:14:41,775 INFO server.RaftServerConfigKeys: raft.server.staging.catchup.gap = 1000 (default)
datanode_1  | 2019-10-15 03:14:36,439 INFO server.RaftServerConfigKeys: raft.server.rpc.sleep.time = 25ms (default)
datanode_2  | 2019-10-15 03:14:36,828 INFO impl.RaftServerImpl: 6ac49977-d7ab-4f3e-83d5-7fe992d8d5d6@group-B5E67668B8C1: changes role from CANDIDATE to FOLLOWER at term 1 for DISCOVERED_A_NEW_TERM
datanode_3  | 2019-10-15 03:14:41,776 INFO server.RaftServerConfigKeys: raft.server.rpc.sleep.time = 25ms (default)
datanode_1  | 2019-10-15 03:14:36,442 INFO server.RaftServerConfigKeys: raft.server.write.element-limit = 4096 (default)
datanode_2  | 2019-10-15 03:14:36,829 INFO impl.RoleInfo: 6ac49977-d7ab-4f3e-83d5-7fe992d8d5d6: shutdown LeaderElection
datanode_3  | 2019-10-15 03:14:41,776 INFO server.RaftServerConfigKeys: raft.server.write.element-limit = 4096 (default)
datanode_1  | 2019-10-15 03:14:36,445 INFO server.RaftServerConfigKeys: raft.server.watch.timeout = 10s (default)
datanode_2  | 2019-10-15 03:14:36,829 INFO impl.RoleInfo: 6ac49977-d7ab-4f3e-83d5-7fe992d8d5d6: start FollowerState
datanode_3  | 2019-10-15 03:14:41,776 INFO server.RaftServerConfigKeys: raft.server.watch.timeout = 10s (default)
datanode_2  | 2019-10-15 03:14:41,751 INFO impl.RaftServerImpl: 6ac49977-d7ab-4f3e-83d5-7fe992d8d5d6@group-B5E67668B8C1: changes role from  FOLLOWER to FOLLOWER at term 2 for recognizeCandidate:dabc1c3a-6824-4395-94cc-26c447cb4f2c
datanode_3  | 2019-10-15 03:14:41,776 INFO server.RaftServerConfigKeys: raft.server.watch.timeout.denomination = 1s (default)
datanode_1  | 2019-10-15 03:14:36,445 INFO server.RaftServerConfigKeys: raft.server.watch.timeout.denomination = 1s (default)
datanode_2  | 2019-10-15 03:14:41,752 INFO impl.RoleInfo: 6ac49977-d7ab-4f3e-83d5-7fe992d8d5d6: shutdown FollowerState
datanode_3  | 2019-10-15 03:14:41,776 INFO server.RaftServerConfigKeys: raft.server.watch.element-limit = 65536 (default)
datanode_1  | 2019-10-15 03:14:36,446 INFO server.RaftServerConfigKeys: raft.server.watch.element-limit = 65536 (default)
datanode_2  | 2019-10-15 03:14:41,752 INFO impl.RoleInfo: 6ac49977-d7ab-4f3e-83d5-7fe992d8d5d6: start FollowerState
datanode_1  | 2019-10-15 03:14:36,459 INFO impl.RoleInfo: 607b87c7-e330-4b99-9df8-907b0fdcb846: start LeaderState
datanode_3  | 2019-10-15 03:14:41,783 INFO server.RaftServerConfigKeys: raft.server.log.appender.snapshot.chunk.size.max = 16MB (=16777216) (default)
datanode_2  | 2019-10-15 03:14:41,752 INFO impl.FollowerState: 6ac49977-d7ab-4f3e-83d5-7fe992d8d5d6@group-B5E67668B8C1-FollowerState was interrupted: java.lang.InterruptedException: sleep interrupted
datanode_1  | 2019-10-15 03:14:36,480 INFO segmented.SegmentedRaftLogWorker: 607b87c7-e330-4b99-9df8-907b0fdcb846@group-E44E53CC8360-SegmentedRaftLogWorker: Starting segment from index:0
datanode_3  | 2019-10-15 03:14:41,784 INFO server.RaftServerConfigKeys: raft.server.log.appender.buffer.byte-limit = 33554432 (custom)
datanode_2  | 2019-10-15 03:14:41,855 INFO impl.RaftServerImpl: 6ac49977-d7ab-4f3e-83d5-7fe992d8d5d6@group-B5E67668B8C1: change Leader from null to dabc1c3a-6824-4395-94cc-26c447cb4f2c at term 2 for appendEntries, leader elected after 10407ms
datanode_1  | 2019-10-15 03:14:36,490 INFO impl.RaftServerImpl: 607b87c7-e330-4b99-9df8-907b0fdcb846@group-E44E53CC8360: set configuration 0: [607b87c7-e330-4b99-9df8-907b0fdcb846:172.18.0.6:9858], old=null at 0
datanode_3  | 2019-10-15 03:14:41,784 INFO server.RaftServerConfigKeys: raft.server.log.appender.buffer.element-limit = 1 (custom)
datanode_2  | 2019-10-15 03:14:41,872 INFO impl.RaftServerImpl: 6ac49977-d7ab-4f3e-83d5-7fe992d8d5d6@group-B5E67668B8C1: set configuration 0: [607b87c7-e330-4b99-9df8-907b0fdcb846:172.18.0.6:9858, dabc1c3a-6824-4395-94cc-26c447cb4f2c:172.18.0.7:9858, 6ac49977-d7ab-4f3e-83d5-7fe992d8d5d6:172.18.0.5:9858], old=null at 0
datanode_1  | 2019-10-15 03:14:36,558 INFO impl.FollowerState: 607b87c7-e330-4b99-9df8-907b0fdcb846@group-B5E67668B8C1-FollowerState: change to CANDIDATE, lastRpcTime:5114ms, electionTimeout:5114ms
datanode_3  | 2019-10-15 03:14:41,787 INFO grpc.GrpcConfigKeys$Server: raft.grpc.server.leader.outstanding.appends.max = 128 (default)
datanode_1  | 2019-10-15 03:14:36,559 INFO impl.RoleInfo: 607b87c7-e330-4b99-9df8-907b0fdcb846: shutdown FollowerState
datanode_2  | 2019-10-15 03:14:41,873 INFO segmented.SegmentedRaftLogWorker: 6ac49977-d7ab-4f3e-83d5-7fe992d8d5d6@group-B5E67668B8C1-SegmentedRaftLogWorker: Starting segment from index:0
datanode_3  | 2019-10-15 03:14:41,787 INFO server.RaftServerConfigKeys: raft.server.rpc.request.timeout = 3000ms (default)
datanode_2  | 2019-10-15 03:14:41,911 INFO segmented.SegmentedRaftLogWorker: 6ac49977-d7ab-4f3e-83d5-7fe992d8d5d6@group-B5E67668B8C1-SegmentedRaftLogWorker: created new log segment /data/metadata/ratis/75d02cd3-2c9d-4072-b033-b5e67668b8c1/current/log_inprogress_0
datanode_1  | 2019-10-15 03:14:36,559 INFO impl.RaftServerImpl: 607b87c7-e330-4b99-9df8-907b0fdcb846@group-B5E67668B8C1: changes role from  FOLLOWER to CANDIDATE at term 0 for changeToCandidate
datanode_3  | 2019-10-15 03:14:41,788 INFO server.RaftServerConfigKeys: raft.server.log.appender.install.snapshot.enabled = false (custom)
datanode_1  | 2019-10-15 03:14:36,559 INFO impl.RoleInfo: 607b87c7-e330-4b99-9df8-907b0fdcb846: start LeaderElection
datanode_3  | 2019-10-15 03:14:41,789 INFO server.RaftServerConfigKeys: raft.server.log.appender.snapshot.chunk.size.max = 16MB (=16777216) (default)
datanode_1  | 2019-10-15 03:14:36,573 INFO impl.LeaderElection: 607b87c7-e330-4b99-9df8-907b0fdcb846@group-B5E67668B8C1-LeaderElection2: begin an election at term 1 for -1: [607b87c7-e330-4b99-9df8-907b0fdcb846:172.18.0.6:9858, dabc1c3a-6824-4395-94cc-26c447cb4f2c:172.18.0.7:9858, 6ac49977-d7ab-4f3e-83d5-7fe992d8d5d6:172.18.0.5:9858], old=null
datanode_3  | 2019-10-15 03:14:41,789 INFO server.RaftServerConfigKeys: raft.server.log.appender.buffer.byte-limit = 33554432 (custom)
datanode_1  | 2019-10-15 03:14:36,624 INFO segmented.SegmentedRaftLogWorker: 607b87c7-e330-4b99-9df8-907b0fdcb846@group-E44E53CC8360-SegmentedRaftLogWorker: created new log segment /data/metadata/ratis/e864eefd-3a70-4f8b-95b5-e44e53cc8360/current/log_inprogress_0
datanode_3  | 2019-10-15 03:14:41,789 INFO server.RaftServerConfigKeys: raft.server.log.appender.buffer.element-limit = 1 (custom)
datanode_1  | 2019-10-15 03:14:36,765 INFO impl.LeaderElection: 607b87c7-e330-4b99-9df8-907b0fdcb846@group-B5E67668B8C1-LeaderElection2: Election REJECTED; received 2 response(s) [607b87c7-e330-4b99-9df8-907b0fdcb846<-dabc1c3a-6824-4395-94cc-26c447cb4f2c#0:FAIL-t1, 607b87c7-e330-4b99-9df8-907b0fdcb846<-6ac49977-d7ab-4f3e-83d5-7fe992d8d5d6#0:FAIL-t1] and 0 exception(s); 607b87c7-e330-4b99-9df8-907b0fdcb846@group-B5E67668B8C1:t1, leader=null, voted=607b87c7-e330-4b99-9df8-907b0fdcb846, raftlog=607b87c7-e330-4b99-9df8-907b0fdcb846@group-B5E67668B8C1-SegmentedRaftLog:OPENED:c-1,f-1,i0, conf=-1: [607b87c7-e330-4b99-9df8-907b0fdcb846:172.18.0.6:9858, dabc1c3a-6824-4395-94cc-26c447cb4f2c:172.18.0.7:9858, 6ac49977-d7ab-4f3e-83d5-7fe992d8d5d6:172.18.0.5:9858], old=null
datanode_3  | 2019-10-15 03:14:41,789 INFO grpc.GrpcConfigKeys$Server: raft.grpc.server.leader.outstanding.appends.max = 128 (default)
datanode_3  | 2019-10-15 03:14:41,789 INFO server.RaftServerConfigKeys: raft.server.rpc.request.timeout = 3000ms (default)
datanode_3  | 2019-10-15 03:14:41,789 INFO server.RaftServerConfigKeys: raft.server.log.appender.install.snapshot.enabled = false (custom)
datanode_1  | 2019-10-15 03:14:36,767 INFO impl.RaftServerImpl: 607b87c7-e330-4b99-9df8-907b0fdcb846@group-B5E67668B8C1: changes role from CANDIDATE to FOLLOWER at term 1 for DISCOVERED_A_NEW_TERM
datanode_3  | 2019-10-15 03:14:41,792 INFO impl.RoleInfo: dabc1c3a-6824-4395-94cc-26c447cb4f2c: start LeaderState
datanode_1  | 2019-10-15 03:14:36,767 INFO impl.RoleInfo: 607b87c7-e330-4b99-9df8-907b0fdcb846: shutdown LeaderElection
datanode_3  | 2019-10-15 03:14:41,792 INFO segmented.SegmentedRaftLogWorker: dabc1c3a-6824-4395-94cc-26c447cb4f2c@group-B5E67668B8C1-SegmentedRaftLogWorker: Starting segment from index:0
datanode_1  | 2019-10-15 03:14:36,767 INFO impl.RoleInfo: 607b87c7-e330-4b99-9df8-907b0fdcb846: start FollowerState
datanode_3  | 2019-10-15 03:14:41,824 INFO impl.RaftServerImpl: dabc1c3a-6824-4395-94cc-26c447cb4f2c@group-B5E67668B8C1: set configuration 0: [607b87c7-e330-4b99-9df8-907b0fdcb846:172.18.0.6:9858, dabc1c3a-6824-4395-94cc-26c447cb4f2c:172.18.0.7:9858, 6ac49977-d7ab-4f3e-83d5-7fe992d8d5d6:172.18.0.5:9858], old=null at 0
datanode_3  | 2019-10-15 03:14:41,848 INFO segmented.SegmentedRaftLogWorker: dabc1c3a-6824-4395-94cc-26c447cb4f2c@group-B5E67668B8C1-SegmentedRaftLogWorker: created new log segment /data/metadata/ratis/75d02cd3-2c9d-4072-b033-b5e67668b8c1/current/log_inprogress_0
datanode_1  | 2019-10-15 03:14:41,754 INFO impl.RaftServerImpl: 607b87c7-e330-4b99-9df8-907b0fdcb846@group-B5E67668B8C1: changes role from  FOLLOWER to FOLLOWER at term 2 for recognizeCandidate:dabc1c3a-6824-4395-94cc-26c447cb4f2c
datanode_1  | 2019-10-15 03:14:41,754 INFO impl.RoleInfo: 607b87c7-e330-4b99-9df8-907b0fdcb846: shutdown FollowerState
datanode_1  | 2019-10-15 03:14:41,754 INFO impl.RoleInfo: 607b87c7-e330-4b99-9df8-907b0fdcb846: start FollowerState
datanode_1  | 2019-10-15 03:14:41,754 INFO impl.FollowerState: 607b87c7-e330-4b99-9df8-907b0fdcb846@group-B5E67668B8C1-FollowerState was interrupted: java.lang.InterruptedException: sleep interrupted
datanode_1  | 2019-10-15 03:14:41,857 INFO impl.RaftServerImpl: 607b87c7-e330-4b99-9df8-907b0fdcb846@group-B5E67668B8C1: change Leader from null to dabc1c3a-6824-4395-94cc-26c447cb4f2c at term 2 for appendEntries, leader elected after 10421ms
datanode_1  | 2019-10-15 03:14:41,873 INFO impl.RaftServerImpl: 607b87c7-e330-4b99-9df8-907b0fdcb846@group-B5E67668B8C1: set configuration 0: [607b87c7-e330-4b99-9df8-907b0fdcb846:172.18.0.6:9858, dabc1c3a-6824-4395-94cc-26c447cb4f2c:172.18.0.7:9858, 6ac49977-d7ab-4f3e-83d5-7fe992d8d5d6:172.18.0.5:9858], old=null at 0
datanode_1  | 2019-10-15 03:14:41,873 INFO segmented.SegmentedRaftLogWorker: 607b87c7-e330-4b99-9df8-907b0fdcb846@group-B5E67668B8C1-SegmentedRaftLogWorker: Starting segment from index:0
datanode_1  | 2019-10-15 03:14:41,911 INFO segmented.SegmentedRaftLogWorker: 607b87c7-e330-4b99-9df8-907b0fdcb846@group-B5E67668B8C1-SegmentedRaftLogWorker: created new log segment /data/metadata/ratis/75d02cd3-2c9d-4072-b033-b5e67668b8c1/current/log_inprogress_0
