scm_1       | 2019-10-08 21:14:48 INFO  Server:1849 - Auth successful for om/om@EXAMPLE.COM (auth:KERBEROS)
datanode_1  | 2019-10-08 21:14:24 INFO  RaftServerImpl:170 - da5eea4b-f2f6-4544-a22c-de21810c1158@group-8D4546760669: changes role from  FOLLOWER to CANDIDATE at term 0 for changeToCandidate
datanode_3  | 2019-10-08 21:14:24 INFO  RoleInfo:121 - 02a440c0-e934-4d14-a81c-5ac594bb0433: shutdown FollowerState
s3g_1       | 	at org.jboss.weld.manager.BeanManagerImpl.getInjectableReference(BeanManagerImpl.java:885)
kdc_1       | Oct 08 21:13:42 kdc krb5kdc[9](info): AS_REQ (8 etypes {18 17 20 19 16 23 25 26}) 127.0.0.1: SERVER_NOT_FOUND: admin/admin@EXAMPLE.COM for kadmin/localhost@EXAMPLE.COM, Server not found in Kerberos database
om_1        | 2019-10-08 21:15:13 INFO  Server:1849 - Auth successful for testuser/scm@EXAMPLE.COM (auth:KERBEROS)
datanode_2  | 2019-10-08 21:14:30 INFO  RaftServerImpl:356 - 7af7a356-5840-4f8e-806c-9a29445e859f@group-44FF720CA4DA: set configuration 0: [da5eea4b-f2f6-4544-a22c-de21810c1158:172.18.0.9:9858, 02a440c0-e934-4d14-a81c-5ac594bb0433:172.18.0.5:9858, 7af7a356-5840-4f8e-806c-9a29445e859f:172.18.0.10:9858], old=null at 0
scm_1       | 2019-10-08 21:14:48 INFO  ServiceAuthorizationManager:138 - Authorization successful for om/om@EXAMPLE.COM (auth:KERBEROS) for protocol=interface org.apache.hadoop.hdds.scm.protocol.StorageContainerLocationProtocol
datanode_1  | 2019-10-08 21:14:24 INFO  RoleInfo:143 - da5eea4b-f2f6-4544-a22c-de21810c1158: start LeaderElection
datanode_3  | 2019-10-08 21:14:24 INFO  RaftServerImpl:170 - 02a440c0-e934-4d14-a81c-5ac594bb0433@group-3143746B2542: changes role from  FOLLOWER to CANDIDATE at term 0 for changeToCandidate
s3g_1       | 	at org.jboss.weld.injection.FieldInjectionPoint.inject(FieldInjectionPoint.java:92)
om_1        | 2019-10-08 21:15:13 INFO  ServiceAuthorizationManager:138 - Authorization successful for testuser/scm@EXAMPLE.COM (auth:KERBEROS) for protocol=interface org.apache.hadoop.ozone.om.protocol.OzoneManagerProtocol
datanode_2  | 2019-10-08 21:14:30 INFO  SegmentedRaftLogWorker:385 - 7af7a356-5840-4f8e-806c-9a29445e859f@group-44FF720CA4DA-SegmentedRaftLogWorker: Starting segment from index:0
scm_1       | 2019-10-08 21:15:00 INFO  Server:1849 - Auth successful for dn/97e81a4dcc6a@EXAMPLE.COM (auth:KERBEROS)
datanode_1  | 2019-10-08 21:14:24 INFO  FollowerState:108 - da5eea4b-f2f6-4544-a22c-de21810c1158@group-44FF720CA4DA-FollowerState: change to CANDIDATE, lastRpcTime:5054ms, electionTimeout:5054ms
datanode_3  | 2019-10-08 21:14:24 INFO  RoleInfo:143 - 02a440c0-e934-4d14-a81c-5ac594bb0433: start LeaderElection
kdc_1       | Oct 08 21:13:42 kdc krb5kdc[9](info): AS_REQ (8 etypes {18 17 20 19 16 23 25 26}) 127.0.0.1: ISSUE: authtime 1570569222, etypes {rep=18 tkt=18 ses=18}, admin/admin@EXAMPLE.COM for kadmin/admin@EXAMPLE.COM
s3g_1       | 	at org.jboss.weld.util.Beans.injectBoundFields(Beans.java:358)
om_1        | 2019-10-08 21:15:17 INFO  Server:1849 - Auth successful for testuser/scm@EXAMPLE.COM (auth:KERBEROS)
scm_1       | 2019-10-08 21:15:00 INFO  ServiceAuthorizationManager:138 - Authorization successful for dn/97e81a4dcc6a@EXAMPLE.COM (auth:KERBEROS) for protocol=interface org.apache.hadoop.ozone.protocol.StorageContainerDatanodeProtocol
datanode_2  | 2019-10-08 21:14:30 INFO  SegmentedRaftLogWorker:576 - 7af7a356-5840-4f8e-806c-9a29445e859f@group-44FF720CA4DA-SegmentedRaftLogWorker: created new log segment /data/metadata/ratis/d2f579e8-8360-4dd1-ad73-44ff720ca4da/current/log_inprogress_0
datanode_1  | 2019-10-08 21:14:24 INFO  RoleInfo:121 - da5eea4b-f2f6-4544-a22c-de21810c1158: shutdown FollowerState
datanode_3  | 2019-10-08 21:14:25 INFO  FollowerState:108 - 02a440c0-e934-4d14-a81c-5ac594bb0433@group-44FF720CA4DA-FollowerState: change to CANDIDATE, lastRpcTime:5160ms, electionTimeout:5160ms
kdc_1       | Oct 08 21:13:43 kdc krb5kdc[9](info): AS_REQ (8 etypes {18 17 20 19 16 23 25 26}) 127.0.0.1: SERVER_NOT_FOUND: admin/admin@EXAMPLE.COM for kadmin/localhost@EXAMPLE.COM, Server not found in Kerberos database
s3g_1       | 	at org.jboss.weld.util.Beans.injectFieldsAndInitializers(Beans.java:369)
om_1        | 2019-10-08 21:15:17 INFO  ServiceAuthorizationManager:138 - Authorization successful for testuser/scm@EXAMPLE.COM (auth:KERBEROS) for protocol=interface org.apache.hadoop.ozone.om.protocol.OzoneManagerProtocol
scm_1       | 2019-10-08 21:15:00 INFO  Server:1849 - Auth successful for dn/ea43004ba04a@EXAMPLE.COM (auth:KERBEROS)
datanode_2  | 2019-10-08 21:14:37 INFO  DNCertificateClient:278 - Getting certificate with certSerialId:9769502403246121.
datanode_1  | 2019-10-08 21:14:24 INFO  RaftServerImpl:170 - da5eea4b-f2f6-4544-a22c-de21810c1158@group-44FF720CA4DA: changes role from  FOLLOWER to CANDIDATE at term 0 for changeToCandidate
datanode_3  | 2019-10-08 21:14:25 INFO  RoleInfo:121 - 02a440c0-e934-4d14-a81c-5ac594bb0433: shutdown FollowerState
s3g_1       | 	at org.jboss.weld.injection.producer.ResourceInjector$1.proceed(ResourceInjector.java:70)
kdc_1       | Oct 08 21:13:43 kdc krb5kdc[9](info): AS_REQ (8 etypes {18 17 20 19 16 23 25 26}) 127.0.0.1: ISSUE: authtime 1570569223, etypes {rep=18 tkt=18 ses=18}, admin/admin@EXAMPLE.COM for kadmin/admin@EXAMPLE.0.1, vers=4, flavor=6
om_1        | 2019-10-08 21:15:20 INFO  Server:1849 - Auth successful for testuser/scm@EXAMPLE.COM (auth:KERBEROS)
scm_1       | 2019-10-08 21:15:00 INFO  ServiceAuthorizationManager:138 - Authorization successful for dn/ea43004ba04a@EXAMPLE.COM (auth:KERBEROS) for protocol=interface org.apache.hadoop.ozone.protocol.StorageContainerDatanodeProtocol
datanode_2  | 2019-10-08 21:15:11 WARN  GrpcClientProtocolService:134 - 0-OrderedRequestStreamObserver0: onError: org.apache.ratis.thirdparty.io.grpc.StatusRuntimeException: CANCELLED: cancelled before receiving half close
datanode_1  | 2019-10-08 21:14:24 INFO  RoleInfo:143 - da5eea4b-f2f6-4544-a22c-de21810c1158: start LeaderElection
datanode_3  | 2019-10-08 21:14:25 INFO  RaftServerImpl:170 - 02a440c0-e934-4d14-a81c-5ac594bb0433@group-44FF720CA4DA: changes role from  FOLLOWER to CANDIDATE at term 0 for changeToCandidate
s3g_1       | 	at org.jboss.weld.injection.InjectionContextImpl.run(InjectionContextImpl.java:48)
kdc_1       | Oct 08 21:13:43 kdc kadmind[15](Notice): Request: kadm5_get_policy, default, Policy does not exist, client=admin/admin@EXAMPLE.COM, service=kadmin/admin@EXAMPLE.COM, addr=127.0.0.1
om_1        | 2019-10-08 21:15:20 INFO  ServiceAuthorizationManager:138 - Authorization successful for testuser/scm@EXAMPLE.COM (auth:KERBEROS) for protocol=interface org.apache.hadoop.ozone.om.protocol.OzoneManagerProtocol
scm_1       | 2019-10-08 21:15:08 INFO  Server:1849 - Auth successful for dn/ae86498ebfa1@EXAMPLE.COM (auth:KERBEROS)
datanode_1  | 2019-10-08 21:14:25 INFO  LeaderElection:178 - da5eea4b-f2f6-4544-a22c-de21810c1158@group-44FF720CA4DA-LeaderElection2: begin an election at term 1 for -1: [da5eea4b-f2f6-4544-a22c-de21810c1158:172.18.0.9:9858, 02a440c0-e934-4d14-a81c-5ac594bb0433:172.18.0.5:9858, 7af7a356-5840-4f8e-806c-9a29445e859f:172.18.0.10:9858], old=null
datanode_3  | 2019-10-08 21:14:25 INFO  RoleInfo:143 - 02a440c0-e934-4d14-a81c-5ac594bb0433: start LeaderElection
s3g_1       | 	at org.jboss.weld.injection.producer.ResourceInjector.inject(ResourceInjector.java:72)
om_1        | 2019-10-08 21:15:22 INFO  Server:1849 - Auth successful for testuser/scm@EXAMPLE.COM (auth:KERBEROS)
scm_1       | 2019-10-08 21:15:08 INFO  ServiceAuthorizationManager:138 - Authorization successful for dn/ae86498ebfa1@EXAMPLE.COM (auth:KERBEROS) for protocol=interface org.apache.hadoop.ozone.protocol.StorageContainerDatanodeProtocol
kdc_1       | Oct 08 21:13:43 kdc kadmind[15](Notice): Request: kadm5_create_principal, dn/97e81a4dcc6a@EXAMPLE.COM, success, client=admin/admin@EXAMPLE.COM, service=kadmin/admin@EXAMPLE.COM, addr=127.0.0.1
datanode_1  | 2019-10-08 21:14:25 INFO  LeaderElection:178 - da5eea4b-f2f6-4544-a22c-de21810c1158@group-8D4546760669-LeaderElection1: begin an election at term 1 for -1: [da5eea4b-f2f6-4544-a22c-de21810c1158:172.18.0.9:9858], old=null
datanode_3  | 2019-10-08 21:14:25 INFO  LeaderElection:178 - 02a440c0-e934-4d14-a81c-5ac594bb0433@group-3143746B2542-LeaderElection1: begin an election at term 1 for -1: [02a440c0-e934-4d14-a81c-5ac594bb0433:172.18.0.5:9858], old=null
s3g_1       | 	at org.jboss.weld.injection.producer.BasicInjectionTarget.inject(BasicInjectionTarget.java:117)
om_1        | 2019-10-08 21:15:22 INFO  ServiceAuthorizationManager:138 - Authorization successful for testuser/scm@EXAMPLE.COM (auth:KERBEROS) for protocol=interface org.apache.hadoop.ozone.om.protocol.OzoneManagerProtocol
scm_1       | 2019-10-08 21:15:09 INFO  Server:1849 - Auth successful for om/om@EXAMPLE.COM (auth:KERBEROS)
kdc_1       | Oct 08 21:13:43 kdc kadmind[15](info): closing down fd 18
datanode_1  | 2019-10-08 21:14:25 INFO  RoleInfo:134 - da5eea4b-f2f6-4544-a22c-de21810c1158: shutdown LeaderElection
datanode_3  | 2019-10-08 21:14:25 INFO  LeaderElection:178 - 02a440c0-e934-4d14-a81c-5ac594bb0433@group-44FF720CA4DA-LeaderElection2: begin an election at term 1 for -1: [da5eea4b-f2f6-4544-a22c-de21810c1158:172.18.0.9:9858, 02a440c0-e934-4d14-a81c-5ac594bb0433:172.18.0.5:9858, 7af7a356-5840-4f8e-806c-9a29445e859f:172.18.0.10:9858], old=null
s3g_1       | 	at org.glassfish.jersey.ext.cdi1x.internal.CdiComponentProvider$InjectionManagerInjectedCdiTarget.inject(CdiComponentProvider.java:873)
om_1        | 2019-10-08 21:15:25 INFO  Server:1849 - Auth successful for testuser/scm@EXAMPLE.COM (auth:KERBEROS)
scm_1       | 2019-10-08 21:15:09 INFO  ServiceAuthorizationManager:138 - Authorization successful for om/om@EXAMPLE.COM (auth:KERBEROS) for protocol=interface org.apache.hadoop.hdds.scm.protocol.ScmBlockLocationProtocol
kdc_1       | Oct 08 21:13:43 kdc kadmind[15](Notice): Request: kadm5_init, admin/admin@EXAMPLE.COM, success, client=admin/admin@EXAMPLE.COM, service=kadmin/admin@EXAMPLE.COM, addr=127.0.0.1, vers=4, flavor=6
datanode_1  | 2019-10-08 21:14:25 INFO  RaftServerImpl:170 - da5eea4b-f2f6-4544-a22c-de21810c1158@group-8D4546760669: changes role from CANDIDATE to LEADER at term 1 for changeToLeader
datanode_3  | 2019-10-08 21:14:25 INFO  RoleInfo:134 - 02a440c0-e934-4d14-a81c-5ac594bb0433: shutdown LeaderElection
s3g_1       | 	at org.jboss.weld.bean.ManagedBean.create(ManagedBean.java:159)
scm_1       | 2019-10-08 21:15:30 INFO  Server:1849 - Auth successful for dn/97e81a4dcc6a@EXAMPLE.COM (auth:KERBEROS)
kdc_1       | Oct 08 21:13:43 kdc kadmind[15](Notice): Request: kadm5_randkey_principal, dn/97e81a4dcc6a@EXAMPLE.COM, success, client=admin/admin@EXAMPLE.COM, service=kadmin/admin@EXAMPLE.COM, addr=127.0.0.1
om_1        | 2019-10-08 21:15:25 INFO  ServiceAuthorizationManager:138 - Authorization successful for testuser/scm@EXAMPLE.COM (auth:KERBEROS) for protocol=interface org.apache.hadoop.ozone.om.protocol.OzoneManagerProtocol
datanode_1  | 2019-10-08 21:14:25 INFO  XceiverServerRatis:702 - Leader change notification received for group: group-8D4546760669 with new leaderId: da5eea4b-f2f6-4544-a22c-de21810c1158
datanode_3  | 2019-10-08 21:14:25 INFO  RaftServerImpl:170 - 02a440c0-e934-4d14-a81c-5ac594bb0433@group-3143746B2542: changes role from CANDIDATE to LEADER at term 1 for changeToLeader
s3g_1       | 	at org.jboss.weld.context.unbound.DependentContextImpl.get(DependentContextImpl.java:70)
scm_1       | 2019-10-08 21:15:30 INFO  ServiceAuthorizationManager:138 - Authorization successful for dn/97e81a4dcc6a@EXAMPLE.COM (auth:KERBEROS) for protocol=interface org.apache.hadoop.ozone.protocol.StorageContainerDatanodeProtocol
kdc_1       | Oct 08 21:13:43 kdc kadmind[15](Notice): Request: kadm5_get_principal, dn/97e81a4dcc6a@EXAMPLE.COM, success, client=admin/admin@EXAMPLE.COM, service=kadmin/admin@EXAMPLE.COM, addr=.COM
om_1        | 2019-10-08 21:15:28 INFO  Server:1849 - Auth successful for testuser/scm@EXAMPLE.COM (auth:KERBEROS)
datanode_1  | 2019-10-08 21:14:25 INFO  RaftServerImpl:255 - da5eea4b-f2f6-4544-a22c-de21810c1158@group-8D4546760669: change Leader from null to da5eea4b-f2f6-4544-a22c-de21810c1158 at term 1 for becomeLeader, leader elected after 5736ms
datanode_3  | 2019-10-08 21:14:25 INFO  XceiverServerRatis:702 - Leader change notification received for group: group-3143746B2542 with new leaderId: 02a440c0-e934-4d14-a81c-5ac594bb0433
s3g_1       | 	at org.jboss.weld.bean.ContextualInstanceStrategy$DefaultContextualInstanceStrategy.get(ContextualInstanceStrategy.java:100)
scm_1       | 2019-10-08 21:15:30 INFO  Server:1849 - Auth successful for dn/ea43004ba04a@EXAMPLE.COM (auth:KERBEROS)
kdc_1       | Oct 08 21:13:43 kdc krb5kdc[9](info): AS_REQ (8 etypes {18 17 20 19 16 23 25 26}) 127.0.0.1: SERVER_NOT_FOUND: admin/admin@EXAMPLE.COM for kadmin/localhost@EXAMPLE.COM, Server not found in Kerberos database
om_1        | 2019-10-08 21:15:28 INFO  ServiceAuthorizationManager:138 - Authorization successful for testuser/scm@EXAMPLE.COM (auth:KERBEROS) for protocol=interface org.apache.hadoop.ozone.om.protocol.OzoneManagerProtocol
datanode_1  | 2019-10-08 21:14:25 INFO  RaftServerConfigKeys:43 - raft.server.staging.catchup.gap = 1000 (default)
datanode_3  | 2019-10-08 21:14:25 INFO  RaftServerImpl:255 - 02a440c0-e934-4d14-a81c-5ac594bb0433@group-3143746B2542: change Leader from null to 02a440c0-e934-4d14-a81c-5ac594bb0433 at term 1 for becomeLeader, leader elected after 6199ms
s3g_1       | 	at org.jboss.weld.bean.ContextualInstance.get(ContextualInstance.java:50)
scm_1       | 2019-10-08 21:15:30 INFO  ServiceAuthorizationManager:138 - Authorization successful for dn/ea43004ba04a@EXAMPLE.COM (auth:KERBEROS) for protocol=interface org.apache.hadoop.ozone.protocol.StorageContainerDatanodeProtocol
kdc_1       | Oct 08 21:13:43 kdc krb5kdc[9](info): AS_REQ (8 etypes {18 17 20 19 16 23 25 26}) 127.0.0.1: ISSUE: authtime 1570569223, etypes {rep=18 tkt=18 ses=18}, admin/admin@EXAMPLE.COM for kadmin/admin@EXAMPLE.COM
datanode_1  | 2019-10-08 21:14:25 INFO  RaftServerConfigKeys:43 - raft.server.rpc.sleep.time = 25ms (default)
om_1        | 2019-10-08 21:15:31 INFO  Server:1849 - Auth successful for testuser/scm@EXAMPLE.COM (auth:KERBEROS)
s3g_1       | 	at org.jboss.weld.manager.BeanManagerImpl.getReference(BeanManagerImpl.java:785)
kdc_1       | Oct 08 21:13:43 kdc krb5kdc[9](info): AS_REQ (8 etypes {18 17 20 19 16 23 25 26}) 127.0.0.1: SERVER_NOT_FOUND: admin/admin@EXAMPLE.COM for kadmin/localhost@EXAMPLE.COM, Server not found in Kerberos database
datanode_3  | 2019-10-08 21:14:25 INFO  RaftServerConfigKeys:43 - raft.server.staging.catchup.gap = 1000 (default)
datanode_1  | 2019-10-08 21:14:25 INFO  RaftServerConfigKeys:43 - raft.server.write.element-limit = 4096 (default)
om_1        | 2019-10-08 21:15:31 INFO  ServiceAuthorizationManager:138 - Authorization successful for testuser/scm@EXAMPLE.COM (auth:KERBEROS) for protocol=interface org.apache.hadoop.ozone.om.protocol.OzoneManagerProtocol
scm_1       | 2019-10-08 21:15:41 INFO  Server:1849 - Auth successful for dn/ae86498ebfa1@EXAMPLE.COM (auth:KERBEROS)
s3g_1       | 	at org.jboss.weld.manager.BeanManagerImpl.getReference(BeanManagerImpl.java:808)
kdc_1       | Oct 08 21:13:43 kdc krb5kdc[9](info): AS_REQ (8 etypes {18 17 20 19 16 23 25 26}) 127.0.0.1: ISSUE: authtime 1570569223, etypes {rep=18 tkt=18 ses=18}, admin/admin@EXAMPLE.COM for kadmin/admin@EXAMPLE.COM
datanode_3  | 2019-10-08 21:14:25 INFO  RaftServerConfigKeys:43 - raft.server.rpc.sleep.time = 25ms (default)
datanode_1  | 2019-10-08 21:14:25 INFO  RaftServerConfigKeys:43 - raft.server.watch.timeout = 10s (default)
om_1        | 2019-10-08 21:15:34 INFO  Server:1849 - Auth successful for testuser/scm@EXAMPLE.COM (auth:KERBEROS)
scm_1       | 2019-10-08 21:15:41 INFO  ServiceAuthorizationManager:138 - Authorization successful for dn/ae86498ebfa1@EXAMPLE.COM (auth:KERBEROS) for protocol=interface org.apache.hadoop.ozone.protocol.StorageContainerDatanodeProtocol
s3g_1       | 	at org.jboss.weld.util.ForwardingBeanManager.getReference(ForwardingBeanManager.java:61)
kdc_1       | Oct 08 21:13:43 kdc krb5kdc[9](info): AS_REQ (8 etypes {18 17 20 19 16 23 25 26}) 127.0.0.1: SERVER_NOT_FOUND: admin/admin@EXAMPLE.COM for kadmin/localhost@EXAMPLE.COM, Server not found in Kerber127.0.0.1
datanode_3  | 2019-10-08 21:14:25 INFO  RaftServerConfigKeys:43 - raft.server.write.element-limit = 4096 (default)
datanode_1  | 2019-10-08 21:14:25 INFO  RaftServerConfigKeys:43 - raft.server.watch.timeout.denomination = 1s (default)
om_1        | 2019-10-08 21:15:34 INFO  ServiceAuthorizationManager:138 - Authorization successful for testuser/scm@EXAMPLE.COM (auth:KERBEROS) for protocol=interface org.apache.hadoop.ozone.om.protocol.OzoneManagerProtocol
scm_1       | 2019-10-08 21:16:00 INFO  Server:1849 - Auth successful for dn/97e81a4dcc6a@EXAMPLE.COM (auth:KERBEROS)
s3g_1       | 	at org.jboss.weld.bean.builtin.BeanManagerProxy.getReference(BeanManagerProxy.java:85)
kdc_1       | Oct 08 21:13:43 kdc kadmind[15](info): closing down fd 18
datanode_3  | 2019-10-08 21:14:25 INFO  RaftServerConfigKeys:43 - raft.server.watch.timeout = 10s (default)
datanode_1  | 2019-10-08 21:14:25 INFO  RaftServerConfigKeys:43 - raft.server.watch.element-limit = 65536 (default)
om_1        | 2019-10-08 21:15:36 INFO  Server:1849 - Auth successful for testuser/scm@EXAMPLE.COM (auth:KERBEROS)
scm_1       | 2019-10-08 21:16:00 INFO  ServiceAuthorizationManager:138 - Authorization successful for dn/97e81a4dcc6a@EXAMPLE.COM (auth:KERBEROS) for protocol=interface org.apache.hadoop.ozone.protocol.StorageContainerDatanodeProtocol
s3g_1       | 	at org.glassfish.jersey.ext.cdi1x.internal.CdiUtil.getBeanReference(CdiUtil.java:151)
datanode_3  | 2019-10-08 21:14:25 INFO  RaftServerConfigKeys:43 - raft.server.watch.timeout.denomination = 1s (default)
datanode_1  | 2019-10-08 21:14:25 INFO  RoleInfo:143 - da5eea4b-f2f6-4544-a22c-de21810c1158: start LeaderState
om_1        | 2019-10-08 21:15:36 INFO  ServiceAuthorizationManager:138 - Authorization successful for testuser/scm@EXAMPLE.COM (auth:KERBEROS) for protocol=interface org.apache.hadoop.ozone.om.protocol.OzoneManagerProtocol
kdc_1       | Oct 08 21:13:43 kdc kadmind[15](Notice): Request: kadm5_init, admin/admin@EXAMPLE.COM, success, client=admin/admin@EXAMPLE.COM, service=kadmin/admin@EXAMPLE.COM, addr=127.0.0.1, vers=4, flavor=6
scm_1       | 2019-10-08 21:16:00 INFO  Server:1849 - Auth successful for dn/ea43004ba04a@EXAMPLE.COM (auth:KERBEROS)
s3g_1       | 	at org.glassfish.jersey.ext.cdi1x.internal.AbstractCdiBeanSupplier$1.getInstance(AbstractCdiBeanSupplier.java:93)
datanode_3  | 2019-10-08 21:14:25 INFO  RaftServerConfigKeys:43 - raft.server.watch.element-limit = 65536 (default)
datanode_1  | 2019-10-08 21:14:25 INFO  SegmentedRaftLogWorker:385 - da5eea4b-f2f6-4544-a22c-de21810c1158@group-8D4546760669-SegmentedRaftLogWorker: Starting segment from index:0
om_1        | 2019-10-08 21:15:37 INFO  OMVolumeCreateRequest:193 - created volume:29728-rpcwoport2 for user:testuser/scm@EXAMPLE.COM
kdc_1       | Oct 08 21:13:43 kdc kadmind[15](Notice): Request: kadm5_get_policy, default, Policy does not exist, client=admin/admin@EXAMPLE.COM, service=kadmin/admin@EXAMPLE.COM, addr=127.0.0.1
scm_1       | 2019-10-08 21:16:00 INFO  ServiceAuthorizationManager:138 - Authorization successful for dn/ea43004ba04a@EXAMPLE.COM (auth:KERBEROS) for protocol=interface org.apache.hadoop.ozone.protocol.StorageContainerDatanodeProtocol
datanode_3  | 2019-10-08 21:14:25 INFO  RoleInfo:143 - 02a440c0-e934-4d14-a81c-5ac594bb0433: start LeaderState
s3g_1       | 	at org.glassfish.jersey.ext.cdi1x.internal.AbstractCdiBeanSupplier._provide(AbstractCdiBeanSupplier.java:127)
om_1        | 2019-10-08 21:15:39 INFO  Server:1849 - Auth successful for testuser/scm@EXAMPLE.COM (auth:KERBEROS)
scm_1       | 2019-10-08 21:16:11 INFO  Server:1849 - Auth successful for dn/ae86498ebfa1@EXAMPLE.COM (auth:KERBEROS)
kdc_1       | Oct 08 21:13:43 kdc kadmind[15](Notice): Request: kadm5_create_principal, dn/ae86498ebfa1@EXAMPLE.COM, success, client=admin/admin@EXAMPLE.COM, service=kadmin/admin@EXAMPLE.COM, addr=127.0.0.1
datanode_1  | 2019-10-08 21:14:25 INFO  RaftServerImpl:356 - da5eea4b-f2f6-4544-a22c-de21810c1158@group-8D4546760669: set configuration 0: [da5eea4b-f2f6-4544-a22c-de21810c1158:172.18.0.9:9858], old=null at 0
s3g_1       | 	at org.glassfish.jersey.ext.cdi1x.internal.RequestScopedCdiBeanSupplier.get(RequestScopedCdiBeanSupplier.java:70)
datanode_3  | 2019-10-08 21:14:25 INFO  SegmentedRaftLogWorker:385 - 02a440c0-e934-4d14-a81c-5ac594bb0433@group-3143746B2542-SegmentedRaftLogWorker: Starting segment from index:0
om_1        | 2019-10-08 21:15:39 INFO  ServiceAuthorizationManager:138 - Authorization successful for testuser/scm@EXAMPLE.COM (auth:KERBEROS) for protocol=interface org.apache.hadoop.ozone.om.protocol.OzoneManagerProtocol
scm_1       | 2019-10-08 21:16:11 INFO  ServiceAuthorizationManager:138 - Authorization successful for dn/ae86498ebfa1@EXAMPLE.COM (auth:KERBEROS) for protocol=interface org.apache.hadoop.ozone.protocol.StorageContainerDatanodeProtocol
kdc_1       | Oct 08 21:13:43 kdc kadmind[15](info): closing down fd 18
s3g_1       | 	at org.glassfish.jersey.inject.hk2.InstanceSupplierFactoryBridge.provide(InstanceSupplierFactoryBridge.java:77)
datanode_1  | 2019-10-08 21:14:25 INFO  SegmentedRaftLogWorker:576 - da5eea4b-f2f6-4544-a22c-de21810c1158@group-8D4546760669-SegmentedRaftLogWorker: created new log segment /data/metadata/ratis/db993cd9-6b6e-4771-b7b1-8d4546760669/current/log_inprogress_0
om_1        | 2019-10-08 21:15:42 INFO  Server:1849 - Auth successful for testuser/scm@EXAMPLE.COM (auth:KERBEROS)
scm_1       | 2019-10-08 21:16:16 INFO  Server:1849 - Auth successful for om/om@EXAMPLE.COM (auth:KERBEROS)
datanode_3  | 2019-10-08 21:14:25 INFO  RaftServerImpl:356 - 02a440c0-e934-4d14-a81c-5ac594bb0433@group-3143746B2542: set configuration 0: [02a440c0-e934-4d14-a81c-5ac594bb0433:172.18.0.5:9858], old=null at 0
kdc_1       | Oct 08 21:13:43 kdc kadmind[15](Notice): Request: kadm5_init, admin/admin@EXAMPLE.COM, success, client=admin/admin@EXAMPLE.COM, service=kadmin/admin@EXAMPLE.COM, addr=127.0.0.1, vers=4, flavor=6
s3g_1       | 	at org.jvnet.hk2.internal.FactoryCreator.create(FactoryCreator.java:153)
datanode_1  | 2019-10-08 21:14:25 INFO  LeaderElection:56 - da5eea4b-f2f6-4544-a22c-de21810c1158@group-44FF720CA4DA-LeaderElection2: Election REJECTED; received 2 response(s) [da5eea4b-f2f6-4544-a22c-de21810c1158<-02a440c0-e934-4d14-a81c-5ac594bb0433#0:FAIL-t1, da5eea4b-f2f6-4544-a22c-de21810c1158<-7af7a356-5840-4f8e-806c-9a29445e859f#0:FAIL-t1] and 0 exception(s); da5eea4b-f2f6-4544-a22c-de21810c1158@group-44FF720CA4DA:t1, leader=null, voted=da5eea4b-f2f6-4544-a22c-de21810c1158, raftlog=da5eea4b-f2f6-4544-a22c-de21810c1158@group-44FF720CA4DA-SegmentedRaftLog:OPENED:c-1,f-1,i0, conf=-1: [da5eea4b-f2f6-4544-a22c-de21810c1158:172.18.0.9:9858, 02a440c0-e934-4d14-a81c-5ac594bb0433:172.18.0.5:9858, 7af7a356-5840-4f8e-806c-9a29445e859f:172.18.0.10:9858], old=null
om_1        | 2019-10-08 21:15:42 INFO  ServiceAuthorizationManager:138 - Authorization successful for testuser/scm@EXAMPLE.COM (auth:KERBEROS) for protocol=interface org.apache.hadoop.ozone.om.protocol.OzoneManagerProtocol
scm_1       | 2019-10-08 21:16:16 INFO  ServiceAuthorizationManager:138 - Authorization successful for om/om@EXAMPLE.COM (auth:KERBEROS) for protocol=interface org.apache.hadoop.hdds.scm.protocol.ScmBlockLocationProtocol
kdc_1       | Oct 08 21:13:43 kdc kadmind[15](Notice): Request: kadm5_randkey_principal, dn/ae86498ebfa1@EXAMPLE.COM, success, client=admin/admin@EXos database
datanode_3  | 2019-10-08 21:14:25 INFO  SegmentedRaftLogWorker:576 - 02a440c0-e934-4d14-a81c-5ac594bb0433@group-3143746B2542-SegmentedRaftLogWorker: created new log segment /data/metadata/ratis/6619a045-5ba6-413b-a739-3143746b2542/current/log_inprogress_0
datanode_1  | 2019-10-08 21:14:25 INFO  RaftServerImpl:170 - da5eea4b-f2f6-4544-a22c-de21810c1158@group-44FF720CA4DA: changes role from CANDIDATE to FOLLOWER at term 1 for DISCOVERED_A_NEW_TERM
s3g_1       | 	at org.jvnet.hk2.internal.SystemDescriptor.create(SystemDescriptor.java:487)
om_1        | 2019-10-08 21:15:45 INFO  Server:1849 - Auth successful for testuser/scm@EXAMPLE.COM (auth:KERBEROS)
scm_1       | 2019-10-08 21:16:16 INFO  SCMBlockProtocolServer:212 - SCM is informed by OM to delete 1 blocks
kdc_1       | Oct 08 21:13:43 kdc krb5kdc[9](info): AS_REQ (8 etypes {18 17 20 19 16 23 25 26}) 127.0.0.1: ISSUE: authtime 1570569223, etypes {rep=18 tkt=18 ses=18}, admin/admin@EXAMPLE.COM for kadmin/admin@EXAMPLE.COM
datanode_3  | 2019-10-08 21:14:25 INFO  LeaderElection:56 - 02a440c0-e934-4d14-a81c-5ac594bb0433@group-44FF720CA4DA-LeaderElection2: Election REJECTED; received 2 response(s) [02a440c0-e934-4d14-a81c-5ac594bb0433<-da5eea4b-f2f6-4544-a22c-de21810c1158#0:FAIL-t1, 02a440c0-e934-4d14-a81c-5ac594bb0433<-7af7a356-5840-4f8e-806c-9a29445e859f#0:FAIL-t1] and 0 exception(s); 02a440c0-e934-4d14-a81c-5ac594bb0433@group-44FF720CA4DA:t1, leader=null, voted=02a440c0-e934-4d14-a81c-5ac594bb0433, raftlog=02a440c0-e934-4d14-a81c-5ac594bb0433@group-44FF720CA4DA-SegmentedRaftLog:OPENED:c-1,f-1,i0, conf=-1: [da5eea4b-f2f6-4544-a22c-de21810c1158:172.18.0.9:9858, 02a440c0-e934-4d14-a81c-5ac594bb0433:172.18.0.5:9858, 7af7a356-5840-4f8e-806c-9a29445e859f:172.18.0.10:9858], old=null
datanode_1  | 2019-10-08 21:14:25 INFO  RoleInfo:134 - da5eea4b-f2f6-4544-a22c-de21810c1158: shutdown LeaderElection
s3g_1       | 	at org.jvnet.hk2.internal.PerLookupContext.findOrCreate(PerLookupContext.java:70)
om_1        | 2019-10-08 21:15:45 INFO  ServiceAuthorizationManager:138 - Authorization successful for testuser/scm@EXAMPLE.COM (auth:KERBEROS) for protocol=interface org.apache.hadoop.ozone.om.protocol.OzoneManagerProtocol
scm_1       | 2019-10-08 21:16:16 INFO  BlockManagerImpl:273 - Deleting blocks conID: 4 locID: 102928830282334333 bcsId: 0
kdc_1       | Oct 08 21:13:43 kdc krb5kdc[9](info): AS_REQ (8 etypes {18 17 20 19 16 23 25 26}) 127.0.0.1: SERVER_NOT_FOUND: admin/admin@EXAMPLE.COM for kadmin/localhost@EXAMPLE.COM, Server not found in Kerberos database
datanode_3  | 2019-10-08 21:14:25 INFO  RaftServerImpl:170 - 02a440c0-e934-4d14-a81c-5ac594bb0433@group-44FF720CA4DA: changes role from CANDIDATE to FOLLOWER at term 1 for DISCOVERED_A_NEW_TERM
datanode_1  | 2019-10-08 21:14:25 INFO  RoleInfo:143 - da5eea4b-f2f6-4544-a22c-de21810c1158: start FollowerState
s3g_1       | 	at org.jvnet.hk2.internal.Utilities.createService(Utilities.java:2126)
om_1        | 2019-10-08 21:15:47 INFO  Server:1849 - Auth successful for testuser/scm@EXAMPLE.COM (auth:KERBEROS)
scm_1       | 2019-10-08 21:16:24 INFO  Server:1849 - Auth successful for dn/97e81a4dcc6a@EXAMPLE.COM (auth:KERBEROS)
kdc_1       | Oct 08 21:13:43 kdc krb5kdc[9](info): AS_REQ (8 etypes {18 17 20 19 16 23 25 26}) 127.0.0.1: ISSUE: authtime 1570569223, etypes {rep=18 tkt=18 ses=18}, admin/admin@EXAMPLE.COM for kadmin/admin@EXAMPLE.COM
datanode_3  | 2019-10-08 21:14:25 INFO  RoleInfo:134 - 02a440c0-e934-4d14-a81c-5ac594bb0433: shutdown LeaderElection
datanode_1  | 2019-10-08 21:14:30 INFO  FollowerState:108 - da5eea4b-f2f6-4544-a22c-de21810c1158@group-44FF720CA4DA-FollowerState: change to CANDIDATE, lastRpcTime:5025ms, electionTimeout:5025ms
s3g_1       | 	at org.jvnet.hk2.internal.ServiceLocatorImpl.internalGetService(ServiceLocatorImpl.java:777)
om_1        | 2019-10-08 21:15:48 INFO  ServiceAuthorizationManager:138 - Authorization successful for testuser/scm@EXAMPLE.COM (auth:KERBEROS) for protocol=interface org.apache.hadoop.ozone.om.protocol.OzoneManagerProtocol
scm_1       | 2019-10-08 21:16:24 INFO  ServiceAuthorizationManager:138 - Authorization successful for dn/97e81a4dcc6a@EXAMPLE.COM (auth:KERBEROS) for protocol=interface org.apache.hadoop.hdds.protocol.SCMSecurityProtocol
kdc_1       | Oct 08 21:13:43 kdc krb5kdc[9](info): AS_REQ (8 etypes {18 17 20 19 16 23 25 26}) 127.0.0.1: SERVER_NOT_FOUND: admin/admin@EXAMPLE.COM for kadmin/localhost@EXAMPLE.COM, Server not found in Kerberos database
datanode_3  | 2019-10-08 21:14:25 INFO  RoleInfo:143 - 02a440c0-e934-4d14-a81c-5ac594bb0433: start FollowerState
datanode_1  | 2019-10-08 21:14:30 INFO  RoleInfo:121 - da5eea4b-f2f6-4544-a22c-de21810c1158: shutdown FollowerState
s3g_1       | 	at org.jvnet.hk2.internal.ServiceLocatorImpl.internalGetService(ServiceLocatorImpl.java:740)
om_1        | 2019-10-08 21:15:50 INFO  Server:1849 - Auth successful for testuser/scm@EXAMPLE.COM (auth:KERBEROS)
scm_1       | 2019-10-08 21:16:24 INFO  Server:1849 - Auth successful for dn/97e81a4dcc6a@EXAMPLE.COM (auth:KERBEROS)
kdc_1       | Oct 08 21:13:43 kdc krb5kdc[9](info): AS_REQ (8 etypes {18 17 20 19 16 23 25 26}) 127.0.0.1: ISSUE: authtime 1570569223, etypes {rep=18 tkt=18 ses=18}, admin/admin@EXAMPLE.COM for kadmin/aAMPLE.COM, service=kadmin/admin@EXAMPLE.COM, addr=127.0.0.1
datanode_3  | 2019-10-08 21:14:30 INFO  FollowerState:108 - 02a440c0-e934-4d14-a81c-5ac594bb0433@group-44FF720CA4DA-FollowerState: change to CANDIDATE, lastRpcTime:5062ms, electionTimeout:5062ms
datanode_1  | 2019-10-08 21:14:30 INFO  RaftServerImpl:170 - da5eea4b-f2f6-4544-a22c-de21810c1158@group-44FF720CA4DA: changes role from  FOLLOWER to CANDIDATE at term 1 for changeToCandidate
s3g_1       | 	at org.jvnet.hk2.internal.ServiceLocatorImpl.getService(ServiceLocatorImpl.java:710)
om_1        | 2019-10-08 21:15:50 INFO  ServiceAuthorizationManager:138 - Authorization successful for testuser/scm@EXAMPLE.COM (auth:KERBEROS) for protocol=interface org.apache.hadoop.ozone.om.protocol.OzoneManagerProtocol
scm_1       | 2019-10-08 21:16:24 INFO  ServiceAuthorizationManager:138 - Authorization successful for dn/97e81a4dcc6a@EXAMPLE.COM (auth:KERBEROS) for protocol=interface org.apache.hadoop.ozone.protocol.StorageContainerDatanodeProtocol
kdc_1       | Oct 08 21:13:43 kdc kadmind[15](Notice): Request: kadm5_get_principal, dn/ae86498ebfa1@EXAMPLE.COM, success, client=admin/admin@EXAMPLE.COM, service=kadmin/admin@EXAMPLE.COM, addr=127.0.0.1
datanode_3  | 2019-10-08 21:14:30 INFO  RoleInfo:121 - 02a440c0-e934-4d14-a81c-5ac594bb0433: shutdown FollowerState
s3g_1       | 	at org.glassfish.jersey.inject.hk2.AbstractHk2InjectionManager.getInstance(AbstractHk2InjectionManager.java:184)
datanode_1  | 2019-10-08 21:14:30 INFO  RoleInfo:143 - da5eea4b-f2f6-4544-a22c-de21810c1158: start LeaderElection
om_1        | 2019-10-08 21:15:53 INFO  Server:1849 - Auth successful for testuser/scm@EXAMPLE.COM (auth:KERBEROS)
scm_1       | 2019-10-08 21:16:30 INFO  Server:1849 - Auth successful for dn/ea43004ba04a@EXAMPLE.COM (auth:KERBEROS)
kdc_1       | Oct 08 21:13:43 kdc kadmind[15](info): closing down fd 18
datanode_3  | 2019-10-08 21:14:30 INFO  RaftServerImpl:170 - 02a440c0-e934-4d14-a81c-5ac594bb0433@group-44FF720CA4DA: changes role from  FOLLOWER to CANDIDATE at term 1 for changeToCandidate
s3g_1       | 	at org.glassfish.jersey.inject.hk2.ImmediateHk2InjectionManager.getInstance(ImmediateHk2InjectionManager.java:54)
datanode_1  | 2019-10-08 21:14:30 INFO  LeaderElection:178 - da5eea4b-f2f6-4544-a22c-de21810c1158@group-44FF720CA4DA-LeaderElection3: begin an election at term 2 for -1: [da5eea4b-f2f6-4544-a22c-de21810c1158:172.18.0.9:9858, 02a440c0-e934-4d14-a81c-5ac594bb0433:172.18.0.5:9858, 7af7a356-5840-4f8e-806c-9a29445e859f:172.18.0.10:9858], old=null
om_1        | 2019-10-08 21:15:53 INFO  ServiceAuthorizationManager:138 - Authorization successful for testuser/scm@EXAMPLE.COM (auth:KERBEROS) for protocol=interface org.apache.hadoop.ozone.om.protocol.OzoneManagerProtocol
scm_1       | 2019-10-08 21:16:30 INFO  ServiceAuthorizationManager:138 - Authorization successful for dn/ea43004ba04a@EXAMPLE.COM (auth:KERBEROS) for protocol=interface org.apache.hadoop.ozone.protocol.StorageContainerDatanodeProtocol
kdc_1       | Oct 08 21:13:43 kdc kadmind[15](Notice): Request: kadm5_init, admin/admin@EXAMPLE.COM, success, client=admin/admin@EXAMPLE.COM, service=kadmin/admin@EXAMPLE.COM, addr=127.0.0.1, vers=4, flavor=6
datanode_3  | 2019-10-08 21:14:30 INFO  RoleInfo:143 - 02a440c0-e934-4d14-a81c-5ac594bb0433: start LeaderElection
datanode_1  | 2019-10-08 21:14:30 INFO  LeaderElection:56 - da5eea4b-f2f6-4544-a22c-de21810c1158@group-44FF720CA4DA-LeaderElection3: Election PASSED; received 2 response(s) [da5eea4b-f2f6-4544-a22c-de21810c1158<-02a440c0-e934-4d14-a81c-5ac594bb0433#0:FAIL-t2, da5eea4b-f2f6-4544-a22c-de21810c1158<-7af7a356-5840-4f8e-806c-9a29445e859f#0:OK-t2] and 0 exception(s); da5eea4b-f2f6-4544-a22c-de21810c1158@group-44FF720CA4DA:t2, leader=null, voted=da5eea4b-f2f6-4544-a22c-de21810c1158, raftlog=da5eea4b-f2f6-4544-a22c-de21810c1158@group-44FF720CA4DA-SegmentedRaftLog:OPENED:c-1,f-1,i0, conf=-1: [da5eea4b-f2f6-4544-a22c-de21810c1158:172.18.0.9:9858, 02a440c0-e934-4d14-a81c-5ac594bb0433:172.18.0.5:9858, 7af7a356-5840-4f8e-806c-9a29445e859f:172.18.0.10:9858], old=null
om_1        | 2019-10-08 21:15:56 INFO  Server:1849 - Auth successful for testuser/scm@EXAMPLE.COM (auth:KERBEROS)
s3g_1       | 	at org.glassfish.jersey.internal.inject.Injections.getOrCreate(Injections.java:129)
scm_1       | 2019-10-08 21:16:41 INFO  Server:1849 - Auth successful for dn/ae86498ebfa1@EXAMPLE.COM (auth:KERBEROS)
kdc_1       | Oct 08 21:13:43 kdc kadmind[15](Notice): Request: kadm5_get_policy, default, Policy does not exist, client=admin/admin@EXAMPLE.COM, service=kadmin/admin@EXAMPLE.COM, addr=127.0.0.1
datanode_3  | 2019-10-08 21:14:30 INFO  LeaderElection:178 - 02a440c0-e934-4d14-a81c-5ac594bb0433@group-44FF720CA4DA-LeaderElection3: begin an election at term 2 for -1: [da5eea4b-f2f6-4544-a22c-de21810c1158:172.18.0.9:9858, 02a440c0-e934-4d14-a81c-5ac594bb0433:172.18.0.5:9858, 7af7a356-5840-4f8e-806c-9a29445e859f:172.18.0.10:9858], old=null
datanode_1  | 2019-10-08 21:14:30 INFO  RoleInfo:134 - da5eea4b-f2f6-4544-a22c-de21810c1158: shutdown LeaderElection
om_1        | 2019-10-08 21:15:56 INFO  ServiceAuthorizationManager:138 - Authorization successful for testuser/scm@EXAMPLE.COM (auth:KERBEROS) for protocol=interface org.apache.hadoop.ozone.om.protocol.OzoneManagerProtocol
s3g_1       | 	at org.glassfish.jersey.server.model.MethodHandler$ClassBasedMethodHandler.getInstance(MethodHandler.java:284)
scm_1       | 2019-10-08 21:16:41 INFO  ServiceAuthorizationManager:138 - Authorization successful for dn/ae86498ebfa1@EXAMPLE.COM (auth:KERBEROS) for protocol=interface org.apache.hadoop.ozone.protocol.StorageContainerDatanodeProtocol
kdc_1       | Oct 08 21:13:43 kdc kadmind[15](Notice): Request: kadm5_create_principal, scm/scm@EXAMPLE.COM, success, client=admin/admin@EXAMPLE.COM, service=kadmin/admin@EXAMPLE.COM, addr=127.0.0.1
datanode_1  | 2019-10-08 21:14:30 INFO  RaftServerImpl:170 - da5eea4b-f2f6-4544-a22c-de21810c1158@group-44FF720CA4DA: changes role from CANDIDATE to LEADER at term 2 for changeToLeader
datanode_3  | 2019-10-08 21:14:30 INFO  LeaderElection:56 - 02a440c0-e934-4d14-a81c-5ac594bb0433@group-44FF720CA4DA-LeaderElection3: Election REJECTED; received 2 response(s) [02a440c0-e934-4d14-a81c-5ac594bb0433<-da5eea4b-f2f6-4544-a22c-de21810c1158#0:FAIL-t2, 02a440c0-e934-4d14-a81c-5ac594bb0433<-7af7a356-5840-4f8e-806c-9a29445e859f#0:FAIL-t2] and 0 exception(s); 02a440c0-e934-4d14-a81c-5ac594bb0433@group-44FF720CA4DA:t2, leader=null, voted=02a440c0-e934-4d14-a81c-5ac594bb0433, raftlog=02a440c0-e934-4d14-a81c-5ac594bb0433@group-44FF720CA4DA-SegmentedRaftLog:OPENED:c-1,f-1,i0, conf=-1: [da5eea4b-f2f6-4544-a22c-de21810c1158:172.18.0.9:9858, 02a440c0-e934-4d14-a81c-5ac594bb0433:172.18.0.5:9858, 7af7a356-5840-4f8e-806c-9a29445e859f:172.18.0.10:9858], old=null
om_1        | 2019-10-08 21:15:59 INFO  Server:1849 - Auth successful for testuser/scm@EXAMPLE.COM (auth:KERBEROS)
s3g_1       | 	at org.glassfish.jersey.server.internal.routing.PushMethodHandlerRouter.apply(PushMethodHandlerRouter.java:75)
scm_1       | 2019-10-08 21:16:54 INFO  Server:1849 - Auth successful for dn/97e81a4dcc6a@EXAMPLE.COM (auth:KERBEROS)
kdc_1       | Oct 08 21:13:43 kdc kadmind[15](info): closing down fd 18
datanode_1  | 2019-10-08 21:14:30 INFO  XceiverServerRatis:702 - Leader change notification received for group: group-44FF720CA4DA with new leaderId: da5eea4b-f2f6-4544-a22c-de21810c1158
datanode_3  | 2019-10-08 21:14:30 INFO  RaftServerImpl:170 - 02a440c0-e934-4d14-a81c-5ac594bb0433@group-44FF720CA4DA: changes role from CANDIDATE to FOLLOWER at term 2 for DISCOVERED_A_NEW_TERM
om_1        | 2019-10-08 21:15:59 INFO  ServiceAuthorizationManager:138 - Authorization successful for testuser/scm@EXAMPLE.COM (auth:KERBEROS) for protocol=interface org.apache.hadoop.ozone.om.protocol.OzoneManagerProtocol
s3g_1       | 	at org.glassfish.jersey.server.internal.routing.RoutingStage._apply(RoutingStage.java:110)
scm_1       | 2019-10-08 21:16:54 INFO  ServiceAuthorizationManager:138 - Authorization successful for dn/97e81a4dcc6a@EXAMPLE.COM (auth:KERBEROS) for protocol=interface org.apache.hadoop.ozone.protocol.StorageContainerDatanodeProtocol
kdc_1       | Oct 08 21:13:43 kdc kadmind[15](Notice): Request: kadm5_init, admin/admin@EXAMPLE.COM, success, cdmin@EXAMPLE.COM
datanode_1  | 2019-10-08 21:14:30 INFO  RaftServerImpl:255 - da5eea4b-f2f6-4544-a22c-de21810c1158@group-44FF720CA4DA: change Leader from null to da5eea4b-f2f6-4544-a22c-de21810c1158 at term 2 for becomeLeader, leader elected after 10854ms
datanode_3  | 2019-10-08 21:14:30 INFO  RoleInfo:134 - 02a440c0-e934-4d14-a81c-5ac594bb0433: shutdown LeaderElection
om_1        | 2019-10-08 21:16:02 INFO  Server:1849 - Auth successful for testuser/scm@EXAMPLE.COM (auth:KERBEROS)
scm_1       | 2019-10-08 21:17:00 INFO  Server:1849 - Auth successful for dn/ea43004ba04a@EXAMPLE.COM (auth:KERBEROS)
kdc_1       | Oct 08 21:13:43 kdc krb5kdc[9](info): AS_REQ (8 etypes {18 17 20 19 16 23 25 26}) 127.0.0.1: SERVER_NOT_FOUND: admin/admin@EXAMPLE.COM for kadmin/localhost@EXAMPLE.COM, Server not found in Kerberos database
datanode_1  | 2019-10-08 21:14:30 INFO  RaftServerConfigKeys:43 - raft.server.staging.catchup.gap = 1000 (default)
datanode_3  | 2019-10-08 21:14:30 INFO  RoleInfo:143 - 02a440c0-e934-4d14-a81c-5ac594bb0433: start FollowerState
om_1        | 2019-10-08 21:16:02 INFO  ServiceAuthorizationManager:138 - Authorization successful for testuser/scm@EXAMPLE.COM (auth:KERBEROS) for protocol=interface org.apache.hadoop.ozone.om.protocol.OzoneManagerProtocol
s3g_1       | 	at org.glassfish.jersey.server.internal.routing.RoutingStage._apply(RoutingStage.java:113)
scm_1       | 2019-10-08 21:17:00 INFO  ServiceAuthorizationManager:138 - Authorization successful for dn/ea43004ba04a@EXAMPLE.COM (auth:KERBEROS) for protocol=interface org.apache.hadoop.ozone.protocol.StorageContainerDatanodeProtocol
kdc_1       | Oct 08 21:13:43 kdc krb5kdc[9](info): AS_REQ (8 etypes {18 17 20 19 16 23 25 26}) 127.0.0.1: ISSUE: authtime 1570569223, etypes {rep=18 tkt=18 ses=18}, admin/admin@EXAMPLE.COM for kadmin/admin@EXAMPLE.COM
datanode_1  | 2019-10-08 21:14:30 INFO  RaftServerConfigKeys:43 - raft.server.rpc.sleep.time = 25ms (default)
datanode_3  | 2019-10-08 21:14:30 INFO  XceiverServerRatis:702 - Leader change notification received for group: group-44FF720CA4DA with new leaderId: da5eea4b-f2f6-4544-a22c-de21810c1158
om_1        | 2019-10-08 21:16:05 INFO  Server:1849 - Auth successful for testuser/scm@EXAMPLE.COM (auth:KERBEROS)
s3g_1       | 	at org.glassfish.jersey.server.internal.routing.RoutingStage._apply(RoutingStage.java:113)
scm_1       | 2019-10-08 21:17:05 INFO  Server:1849 - Auth successful for om/om@EXAMPLE.COM (auth:KERBEROS)
kdc_1       | Oct 08 21:13:43 kdc krb5kdc[9](info): AS_REQ (8 etypes {18 17 20 19 16 23 25 26}) 127.0.0.1: SERVER_NOT_FOUND: admin/admin@EXAMPLE.COM for kadmin/localhost@EXAMPLE.COM, Server not found in Kerberos database
datanode_1  | 2019-10-08 21:14:30 INFO  RaftServerConfigKeys:43 - raft.server.write.element-limit = 4096 (default)
datanode_3  | 2019-10-08 21:14:30 INFO  RaftServerImpl:255 - 02a440c0-e934-4d14-a81c-5ac594bb0433@group-44FF720CA4DA: change Leader from null to da5eea4b-f2f6-4544-a22c-de21810c1158 at term 2 for appendEntries, leader elected after 10949ms
om_1        | 2019-10-08 21:16:05 INFO  ServiceAuthorizationManager:138 - Authorization successful for testuser/scm@EXAMPLE.COM (auth:KERBEROS) for protocol=interface org.apache.hadoop.ozone.om.protocol.OzoneManagerProtocol
s3g_1       | 	at org.glassfish.jersey.server.internal.routing.RoutingStage._apply(RoutingStage.java:113)
scm_1       | 2019-10-08 21:17:05 INFO  ServiceAuthorizationManager:138 - Authorization successful for om/om@EXAMPLE.COM (auth:KERBEROS) for protocol=interface org.apache.hadoop.hdds.scm.protocol.ScmBlockLocationProtocol
kdc_1       | Oct 08 21:13:43 kdc krb5kdc[9](info): AS_REQ (8 etypes {18 17 20 19 16 23 25 26}) 127.0.0.1: ISSUE: authtime 1570569223, etypes {rep=18 tkt=18 ses=18}, admin/admin@EXAMPLE.COM for kadmin/admin@EXAMPLE.COM
datanode_1  | 2019-10-08 21:14:30 INFO  RaftServerConfigKeys:43 - raft.server.watch.timeout = 10s (default)
datanode_3  | 2019-10-08 21:14:30 INFO  RaftServerImpl:356 - 02a440c0-e934-4d14-a81c-5ac594bb0433@group-44FF720CA4DA: set configuration 0: [da5eea4b-f2f6-4544-a22c-de21810c1158:172.18.0.9:9858, 02a440c0-e934-4d14-a81c-5ac594bb0433:172.18.0.5:9858, 7af7a356-5840-4f8e-806c-9a29445e859f:172.18.0.10:9858], old=null at 0
om_1        | 2019-10-08 21:16:05 ERROR OMBucketAddAclRequest:112 - Add acl [user:superuser1:rwxy[ACCESS]] to path /29728-rpcwoport2/bb1 failed, because acl already exist
s3g_1       | 	at org.glassfish.jersey.server.internal.routing.RoutingStage.apply(RoutingStage.java:93)
scm_1       | 2019-10-08 21:17:07 INFO  Server:1849 - Auth successful for dn/97e81a4dcc6a@EXAMPLE.COM (auth:KERBEROS)
kdc_1       | lient=admin/admin@EXAMPLE.COM, service=kadmin/admin@EXAMPLE.COM, addr=127.0.0.1, vers=4, flavor=6
datanode_1  | 2019-10-08 21:14:30 INFO  RaftServerConfigKeys:43 - raft.server.watch.timeout.denomination = 1s (default)
datanode_3  | 2019-10-08 21:14:30 INFO  SegmentedRaftLogWorker:385 - 02a440c0-e934-4d14-a81c-5ac594bb0433@group-44FF720CA4DA-SegmentedRaftLogWorker: Starting segment from index:0
om_1        | 2019-10-08 21:16:08 INFO  Server:1849 - Auth successful for testuser/scm@EXAMPLE.COM (auth:KERBEROS)
s3g_1       | 	at org.glassfish.jersey.server.internal.routing.RoutingStage.apply(RoutingStage.java:62)
scm_1       | 2019-10-08 21:17:07 INFO  ServiceAuthorizationManager:138 - Authorization successful for dn/97e81a4dcc6a@EXAMPLE.COM (auth:KERBEROS) for protocol=interface org.apache.hadoop.ozone.protocol.StorageContainerDatanodeProtocol
kdc_1       | Oct 08 21:13:43 kdc kadmind[15](Notice): Request: kadm5_randkey_principal, scm/scm@EXAMPLE.COM, success, client=admin/admin@EXAMPLE.COM, service=kadmin/admin@EXAMPLE.COM, addr=127.0.0.1
datanode_1  | 2019-10-08 21:14:30 INFO  RaftServerConfigKeys:43 - raft.server.watch.element-limit = 65536 (default)
datanode_3  | 2019-10-08 21:14:30 INFO  SegmentedRaftLogWorker:576 - 02a440c0-e934-4d14-a81c-5ac594bb0433@group-44FF720CA4DA-SegmentedRaftLogWorker: created new log segment /data/metadata/ratis/d2f579e8-8360-4dd1-ad73-44ff720ca4da/current/log_inprogress_0
om_1        | 2019-10-08 21:16:08 INFO  ServiceAuthorizationManager:138 - Authorization successful for testuser/scm@EXAMPLE.COM (auth:KERBEROS) for protocol=interface org.apache.hadoop.ozone.om.protocol.OzoneManagerProtocol
s3g_1       | 	at org.glassfish.jersey.process.internal.Stages.process(Stages.java:197)
scm_1       | 2019-10-08 21:17:11 INFO  Server:1849 - Auth successful for dn/ae86498ebfa1@EXAMPLE.COM (auth:KERBEROS)
kdc_1       | Oct 08 21:13:43 kdc kadmind[15](Notice): Request: kadm5_get_principal, scm/scm@EXAMPLE.COM, success, client=admin/admin@EXAMPLE.COM, service=kadmin/admin@EXAMPLE.COM, addr=127.0.0.1
datanode_1  | 2019-10-08 21:14:30 INFO  RaftServerConfigKeys:43 - raft.server.log.appender.snapshot.chunk.size.max = 16MB (=16777216) (default)
datanode_3  | 2019-10-08 21:17:56 INFO  DNCertificateClient:278 - Getting certificate with certSerialId:9769502403246121.
om_1        | 2019-10-08 21:16:10 INFO  Server:1849 - Auth successful for testuser/scm@EXAMPLE.COM (auth:KERBEROS)
s3g_1       | 	at org.glassfish.jersey.server.ServerRuntime$1.run(ServerRuntime.java:269)
scm_1       | 2019-10-08 21:17:11 INFO  ServiceAuthorizationManager:138 - Authorization successful for dn/ae86498ebfa1@EXAMPLE.COM (auth:KERBEROS) for protocol=interface org.apache.hadoop.ozone.protocol.StorageContainerDatanodeProtocol
kdc_1       | Oct 08 21:13:43 kdc kadmind[15](info): closing down fd 18
datanode_1  | 2019-10-08 21:14:30 INFO  RaftServerConfigKeys:43 - raft.server.log.appender.buffer.byte-limit = 33554432 (custom)
datanode_3  | 2019-10-08 21:17:56 WARN  GrpcClientProtocolService:134 - 0-OrderedRequestStreamObserver0: onError: org.apache.ratis.thirdparty.io.grpc.StatusRuntimeException: CANCELLED: cancelled before receiving half close
om_1        | 2019-10-08 21:16:11 INFO  ServiceAuthorizationManager:138 - Authorization successful for testuser/scm@EXAMPLE.COM (auth:KERBEROS) for protocol=interface org.apache.hadoop.ozone.om.protocol.OzoneManagerProtocol
s3g_1       | 	at org.glassfish.jersey.internal.Errors$1.call(Errors.java:272)
scm_1       | 2019-10-08 21:17:30 INFO  Server:1849 - Auth successful for dn/ea43004ba04a@EXAMPLE.COM (auth:KERBEROS)
kdc_1       | WARNING: no policy specified for scm/om@EXAMPLE.COM; defaulting to no policy
datanode_1  | 2019-10-08 21:14:30 INFO  RaftServerConfigKeys:43 - raft.server.log.appender.buffer.element-limit = 1 (custom)
datanode_3  | 2019-10-08 21:23:14 WARN  GrpcClientProtocolService:134 - 3-OrderedRequestStreamObserver3: onError: org.apache.ratis.thirdparty.io.grpc.StatusRuntimeException: CANCELLED: cancelled before receiving half close
om_1        | 2019-10-08 21:16:13 INFO  Server:1849 - Auth successful for testuser/scm@EXAMPLE.COM (auth:KERBEROS)
s3g_1       | 	at org.glassfish.jersey.internal.Errors$1.call(Errors.java:268)
scm_1       | 2019-10-08 21:17:30 INFO  ServiceAuthorizationManager:138 - Authorization successful for dn/ea43004ba04a@EXAMPLE.COM (auth:KERBEROS) for protocol=interface org.apache.hadoop.ozone.protocol.StorageContainerDatanodeProtocol
kdc_1       | Principal "scm/om@EXAMPLE.COM" created.
datanode_1  | 2019-10-08 21:14:30 INFO  GrpcConfigKeys$Server:43 - raft.grpc.server.leader.outstanding.appends.max = 128 (default)
om_1        | 2019-10-08 21:16:13 INFO  ServiceAuthorizationManager:138 - Authorization successful for testuser/scm@EXAMPLE.COM (auth:KERBEROS) for protocol=interface org.apache.hadoop.ozone.om.protocol.OzoneManagerProtocol
s3g_1       | 	at org.glassfish.jersey.internal.Errors.process(Errors.java:316)
scm_1       | 2019-10-08 21:17:37 INFO  Server:1849 - Auth successful for dn/97e81a4dcc6a@EXAMPLE.COM (auth:KERBEROS)
kdc_1       | Authenticating as principal admin/admin with keytab /tmp/admin.keytab.
datanode_1  | 2019-10-08 21:14:30 INFO  RaftServerConfigKeys:43 - raft.server.rpc.request.timeout = 3000ms (default)
om_1        | 2019-10-08 21:16:16 INFO  Server:1849 - Auth successful for testuser/scm@EXAMPLE.COM (auth:KERBEROS)
s3g_1       | 	at org.glassfish.jersey.internal.Errors.process(Errors.java:298)
scm_1       | 2019-10-08 21:17:37 INFO  ServiceAuthorizationManager:138 - Authorization successful for dn/97e81a4dcc6a@EXAMPLE.COM (auth:KERBEROS) for protocol=interface org.apache.hadoop.ozone.protocol.StorageContainerDatanodeProtocol
kdc_1       | Entry for principal scm/om@EXAMPLE.COM with kvno 2, encryption type aes256-cts-hmac-sha1-96 added to keytab WRFILE:/data/scm.om.keytab.
datanode_1  | 2019-10-08 21:14:30 INFO  RaftServerConfigKeys:43 - raft.server.log.appender.install.snapshot.enabled = false (custom)
om_1        | 2019-10-08 21:16:16 INFO  ServiceAuthorizationManager:138 - Authorization successful for testuser/scm@EXAMPLE.COM (auth:KERBEROS) for protocol=interface org.apache.hadoop.ozone.om.protocol.OzoneManagerProtocol
s3g_1       | 	at org.glassfish.jersey.internal.Errors.process(Errors.java:268)
scm_1       | 2019-10-08 21:17:41 INFO  Server:1849 - Auth successful for dn/ae86498ebfa1@EXAMPLE.COM (auth:KERBEROS)
datanode_1  | 2019-10-08 21:14:30 INFO  RaftServerConfigKeys:43 - raft.server.log.appender.snapshot.chunk.size.max = 16MB (=16777216) (default)
om_1        | 2019-10-08 21:16:19 INFO  Server:1849 - Auth successful for testuser/scm@EXAMPLE.COM (auth:KERBEROS)
s3g_1       | 	at org.glassfish.jersey.process.internal.RequestScope.runInScope(RequestScope.java:289)
kdc_1       | Entry for principal scm/om@EXAMPLE.COM with kvno 2, encryption type aes128-cts-hmac-sha1-96 added to keytab WRFILE:/data/scm.om.keytab.
scm_1       | 2019-10-08 21:17:41 INFO  ServiceAuthorizationManager:138 - Authorization successful for dn/ae86498ebfa1@EXAMPLE.COM (auth:KERBEROS) for protocol=interface org.apache.hadoop.ozone.protocol.StorageContainerDatanodeProtocol
datanode_1  | 2019-10-08 21:14:30 INFO  RaftServerConfigKeys:43 - raft.server.log.appender.buffer.byte-limit = 33554432 (custom)
om_1        | 2019-10-08 21:16:19 INFO  ServiceAuthorizationManager:138 - Authorization successful for testuser/scm@EXAMPLE.COM (auth:KERBEROS) for protocol=interface org.apache.hadoop.ozone.om.protocol.OzoneManagerProtocol
s3g_1       | 	at org.glassfish.jersey.server.ServerRuntime.process(ServerRuntime.java:256)
datanode_1  | 2019-10-08 21:14:30 INFO  RaftServerConfigKeys:43 - raft.server.log.appender.buffer.element-limit = 1 (custom)
scm_1       | 2019-10-08 21:17:54 INFO  Server:1849 - Auth successful for om/om@EXAMPLE.COM (auth:KERBEROS)
kdc_1       | Generiting keytab
om_1        | 2019-10-08 21:16:21 INFO  Server:1849 - Auth successful for testuser/scm@EXAMPLE.COM (auth:KERBEROS)
