nm_1        | 2019-10-08 21:09:48 INFO  WebServer:99 - Instantiating NMWebApp at 0.0.0.0:8042
jhs         | 2019-10-08 21:09:49 INFO  Server:419 - Started @5183ms
kms_1       | 	at org.apache.hadoop.security.authentication.server.AuthenticationFilter.doFilter(AuthenticationFilter.java:592)
datanode_1  | 2019-10-08 21:09:58 INFO  RaftServerConfigKeys:43 - raft.server.log.queue.element-limit = 1024 (custom)
datanode_2  | 2019-10-08 21:09:57 INFO  SegmentedRaftLogWorker:128 - 0fe9b73c-5828-4bf5-ae5b-5768a0f86542@group-016F8451D463-SegmentedRaftLogWorker: flushIndex: setUnconditionally 0 -> -1
scm_1       | 2019-10-08 21:09:50 INFO  JvmPauseMonitor:188 - Starting JVM pause monitor
rm_1        | nodeLocalityDelay = 40
kdc_1       | Oct 08 21:09:29 kdc krb5kdc[9](info): AS_REQ (8 etypes {18 17 20 19 16 23 25 26}) 127.0.0.1: SERVER_NOT_FOUND: admin/admin@EXAMPLE.COM for kadmin/localhost@EXAMPLE.COM, Server not found in Kerberos database
datanode_3  | 2019-10-08 21:09:58 INFO  JmxRegister:44 - Successfully registered JMX Bean with object name Ratis:service=RaftServer,group=group-ACA854439B09,id=55ef005d-0255-40ea-add9-c0bdf13cbb9a
om_1        | 2019-10-08 21:09:56 INFO  OzoneManager:713 - Reading keypair and certificate from file system.
nm_1        | 2019-10-08 21:09:48 INFO  log:192 - Logging initialized @3584ms
kms_1       | 	at org.apache.hadoop.crypto.key.kms.server.KMSAuthenticationFilter.doFilter(KMSAuthenticationFilter.java:142)
jhs         | 2019-10-08 21:09:49 INFO  ApplicationHistoryServer:318 - Instantiating AHSWebApp at 8188
datanode_1  | 2019-10-08 21:09:58 INFO  RaftServerConfigKeys:43 - raft.server.log.segment.size.max = 1048576 (custom)
scm_1       | 2019-10-08 21:09:51 INFO  SCMClientProtocolServer:114 - Processing CSR for dn cf264fd775cc, UUID: 0fe9b73c-5828-4bf5-ae5b-5768a0f86542
datanode_2  | 2019-10-08 21:09:57 INFO  RaftServerConfigKeys:43 - raft.server.snapshot.auto.trigger.enabled = true (custom)
rm_1        | rackLocalityAdditionalDelay = -1
kdc_1       | Oct 08 21:09:29 kdc krb5kdc[9](info): AS_REQ (8 etypes {18 17 20 19 16 23 25 26}) 127.0.0.1: ISSUE: authtime 1570568969, etypes {rep=18 tkt=18 ses=18}, admin/admin@EXAMPLE.COM for kadmin/admin@EXAMPLE.COM
om_1        | 2019-10-08 21:09:56 INFO  OzoneManager:679 - Starting OM block token secret manager
nm_1        | 2019-10-08 21:09:48 INFO  AuthenticationFilter:240 - Unable to initialize FileSignerSecretProvider, falling back to use random secrets.
datanode_3  | 2019-10-08 21:09:58 INFO  RaftServerProxy:89 - 55ef005d-0255-40ea-add9-c0bdf13cbb9a: addNew group-2678C857023F:[55ef005d-0255-40ea-add9-c0bdf13cbb9a:172.18.0.10:9858, 0727bc24-7221-4008-9cf8-039c3d92ef83:172.18.0.12:9858, 0fe9b73c-5828-4bf5-ae5b-5768a0f86542:172.18.0.7:9858] returns group-2678C857023F:java.util.concurrent.CompletableFuture@318f84ce[Not completed]
kms_1       | 	at org.eclipse.jetty.servlet.ServletHandler$CachedChain.doFilter(ServletHandler.java:1751)
scm_1       | 2019-10-08 21:09:51 INFO  SCMClientProtocolServer:114 - Processing CSR for dn 5454de7d47ab, UUID: 55ef005d-0255-40ea-add9-c0bdf13cbb9a
datanode_1  | 2019-10-08 21:09:58 INFO  RaftServerConfigKeys:43 - raft.server.log.preallocated.size = 16384 (custom)
jhs         | Oct 08, 2019 9:10:46 PM com.sun.jersey.server.wadl.generators.AbstractWadlGeneratorGrammarGenerator attachTypes
datanode_2  | 2019-10-08 21:09:57 INFO  RaftServerConfigKeys:43 - raft.server.snapshot.auto.trigger.threshold = 10000 (custom)
rm_1        | labels=*,
kdc_1       | Oct 08 21:09:29 kdc krb5kdc[9](info): AS_REQ (8 etypes {18 17 20 19 16 23 25 26}) 127.0.0.1: SERVER_NOT_FOUND: admin/admin@EXAMPLE.COM for kadmin/localhost@EXAMPLE.COM, Server not found in Kerberos database
om_1        | 2019-10-08 21:09:56 INFO  OzoneBlockTokenSecretManager:168 - Updating the current master key for generating tokens
nm_1        | 2019-10-08 21:09:48 INFO  HttpRequestLog:81 - Http request log for http.requests.nodemanager is not defined
datanode_3  | 2019-10-08 21:09:58 INFO  RaftServerImpl:95 - 55ef005d-0255-40ea-add9-c0bdf13cbb9a: new RaftServerImpl for group-2678C857023F:[55ef005d-0255-40ea-add9-c0bdf13cbb9a:172.18.0.10:9858, 0727bc24-7221-4008-9cf8-039c3d92ef83:172.18.0.12:9858, 0fe9b73c-5828-4bf5-ae5b-5768a0f86542:172.18.0.7:9858] with ContainerStateMachine:uninitialized
scm_1       | 2019-10-08 21:09:51 INFO  SCMClientProtocolServer:114 - Processing CSR for dn b402b326a0fc, UUID: 0727bc24-7221-4008-9cf8-039c3d92ef83
datanode_1  | 2019-10-08 21:09:58 INFO  RaftServerConfigKeys:43 - raft.server.log.write.buffer.size = 33554432 (custom)
kms_1       | 	at org.apache.hadoop.http.HttpServer2$QuotingInputFilter.doFilter(HttpServer2.java:1609)
jhs         | INFO: Couldn't find grammar element for class javax.ws.rs.core.Response
datanode_2  | 2019-10-08 21:09:57 INFO  RaftServerConfigKeys:43 - raft.server.snapshot.retention.file.num = 5 (custom)
rm_1        | reservationsContinueLooking = true
kdc_1       | Oct 08 21:09:29 kdc krb5kdc[9](info): AS_REQ (8 etypes {18 17 20 19 16 23 25 26}) 127.0.0.1: ISSUE: authtime 1570568969, etypes {rep=18 tkt=18 ses=18}, admin/admin@EXAMPLE.COM for kadmin/admin@EXAMPLE.COM
om_1        | 2019-10-08 21:09:56 INFO  OzoneManager:690 - Starting OM delegation token secret manager
nm_1        | 2019-10-08 21:09:48 INFO  HttpServer2:975 - Added global filter 'safety' (class=org.apache.hadoop.http.HttpServer2$QuotingInputFilter)
datanode_3  | 2019-10-08 21:09:58 INFO  RaftServerConfigKeys:43 - raft.server.rpc.timeout.min = 5s (custom)
scm_1       | 2019-10-08 21:09:52 INFO  Server:1849 - Auth successful for om/om@EXAMPLE.COM (auth:KERBEROS)
datanode_1  | 2019-10-08 21:09:58 INFO  RaftServerConfigKeys:43 - raft.server.log.force.sync.num = 128 (default)
kms_1       | 	at org.eclipse.jetty.servlet.ServletHandler$CachedChain.doFilter(ServletHandler.java:1759)
jhs         | Oct 08, 2019 9:10:46 PM com.sun.jersey.server.wadl.generators.AbstractWadlGeneratorGrammarGenerator attachTypes
datanode_2  | 2019-10-08 21:09:57 INFO  RaftServerConfigKeys:43 - raft.server.retrycache.expirytime = 600000ms (custom)
rm_1        | preemptionDisabled = true
kdc_1       | Oct 08 21:09:29 kdc krb5kdc[9](info): AS_REQ (8 etypes {18 17 20 19 16 23 25 26}) 127.0.0.1: SERVER_NOT_FOUND: admin/admin@EXAMPLE.COM for kadmin/localhost@EXAMPLE.COM, Server not found in Kerberos database
om_1        | 2019-10-08 21:09:56 INFO  OzoneDelegationTokenSecretManager:168 - Updating the current master key for generating tokens
nm_1        | 2019-10-08 21:09:48 INFO  HttpServer2:948 - Added filter static_user_filter (class=org.apache.hadoop.http.lib.StaticUserWebFilter$StaticUserFilter) to context node
datanode_3  | 2019-10-08 21:09:58 INFO  RaftServerConfigKeys:43 - raft.server.rpc.timeout.max = 5200ms (custom)
scm_1       | 2019-10-08 21:09:52 INFO  SCMClientProtocolServer:139 - Processing CSR for om om, UUID: d951f034-7bf8-4a4f-b9f9-c8e03c84c0e5
datanode_1  | 2019-10-08 21:09:58 INFO  RaftServerConfigKeys:43 - raft.server.log.statemachine.data.sync = true (default)
kms_1       | 	at org.apache.hadoop.http.NoCacheFilter.doFilter(NoCacheFilter.java:45)
jhs         | INFO: Couldn't find grammar element for class javax.ws.rs.core.Response
datanode_2  | 2019-10-08 21:09:57 INFO  RaftServerImpl:181 - 0fe9b73c-5828-4bf5-ae5b-5768a0f86542@group-016F8451D463: start as a follower, conf=-1: [0fe9b73c-5828-4bf5-ae5b-5768a0f86542:172.18.0.7:9858], old=null
rm_1        | defaultAppPriorityPerQueue = 0
kdc_1       | Oct 08 21:09:29 kdc krb5kdc[9](info): AS_REQ (8 etypes {18 17 20 19 16 23 25 26}) 127.0.0.1: ISSUE: authtime 1570568969, etypes {rep=18 tkt=18 ses=18}, admin/admin@EXAMPLE.COM for kadmin/admin@EXAMPLE.COM
om_1        | 2019-10-08 21:09:56 INFO  OzoneDelegationTokenSecretManager:529 - Starting expired delegation token remover thread, tokenRemoverScanInterval=60 min(s)
nm_1        | 2019-10-08 21:09:48 INFO  HttpServer2:958 - Added filter static_user_filter (class=org.apache.hadoop.http.lib.StaticUserWebFilter$StaticUserFilter) to context static
datanode_3  | 2019-10-08 21:09:58 INFO  RaftServerConfigKeys:43 - raft.server.rpcslowness.timeout = 120s (custom)
scm_1       | 2019-10-08 21:09:54 INFO  Server:1849 - Auth successful for dn/cf264fd775cc@EXAMPLE.COM (auth:KERBEROS)
datanode_1  | 2019-10-08 21:09:58 INFO  RaftServerConfigKeys:43 - raft.server.log.statemachine.data.sync.timeout = 10s (default)
kms_1       | 	at org.eclipse.jetty.servlet.ServletHandler$CachedChain.doFilter(ServletHandler.java:1759)
jhs         | Oct 08, 2019 9:10:47 PM com.sun.jersey.server.wadl.generators.AbstractWadlGeneratorGrammarGenerator attachTypes
datanode_2  | 2019-10-08 21:09:57 INFO  RaftServerImpl:170 - 0fe9b73c-5828-4bf5-ae5b-5768a0f86542@group-016F8451D463: changes role from      null to FOLLOWER at term 0 for startAsFollower
rm_1        | priority = 0
kdc_1       | Oct 08 21:09:29 kdc krb5kdc[9](info): AS_REQ (8 etypes {18 17 20 19 16 23 25 26}) 127.0.0.1: SERVER_NOT_FOUND: admin/admin@EXAMPLE.COM for kadmin/localhost@EXAMPLE.COM, Server not found in Kerberos database
om_1        | 2019-10-08 21:09:56 INFO  Server:1314 - IPC Server Responder: starting
nm_1        | 2019-10-08 21:09:48 INFO  HttpServer2:958 - Added filter static_user_filter (class=org.apache.hadoop.http.lib.StaticUserWebFilter$StaticUserFilter) to context logs
datanode_3  | 2019-10-08 21:09:58 INFO  RaftServerConfigKeys:43 - raft.server.sleep.deviation.threshold = 300 (default)
scm_1       | 2019-10-08 21:09:54 INFO  Server:1849 - Auth successful for dn/b402b326a0fc@EXAMPLE.COM (auth:KERBEROS)
datanode_1  | 2019-10-08 21:09:58 INFO  RaftServerConfigKeys:43 - raft.server.log.statemachine.data.sync.timeout.retry = -1 (default)
kms_1       | 	at org.eclipse.jetty.servlet.ServletHandler.doHandle(ServletHandler.java:582)
jhs         | INFO: Couldn't find grammar element for class javax.ws.rs.core.Response
datanode_2  | 2019-10-08 21:09:57 INFO  RoleInfo:143 - 0fe9b73c-5828-4bf5-ae5b-5768a0f86542: start FollowerState
rm_1        | maxLifetime = -1 seconds
kdc_1       | Oct 08 21:09:29 kdc krb5kdc[9](info): AS_REQ (8 etypes {18 17 20 19 16 23 25 26}) 127.0.0.1: ISSUE: authtime 1570568969, etypes {rep=18 tkt=18 ses=18}, admin/admin@EXAMPLE.COM for kadmin/admin@EXAMPLE.COM
om_1        | 2019-10-08 21:09:56 INFO  Server:1153 - IPC Server listener on 9862: starting
nm_1        | 2019-10-08 21:09:48 INFO  HttpServer2:948 - Added filter authentication (class=org.apache.hadoop.security.authentication.server.AuthenticationFilter) to context node
scm_1       | 2019-10-08 21:09:54 INFO  Server:1849 - Auth successful for dn/5454de7d47ab@EXAMPLE.COM (auth:KERBEROS)
datanode_3  | 2019-10-08 21:09:58 INFO  RaftServerConfigKeys:43 - raft.server.log.appender.install.snapshot.enabled = false (custom)
datanode_1  | 2019-10-08 21:09:58 INFO  RaftServerConfigKeys:43 - raft.server.log.statemachine.data.caching.enabled = true (custom)
kms_1       | 	at org.eclipse.jetty.server.handler.ScopedHandler.handle(ScopedHandler.java:143)
jhs         | Oct 08, 2019 9:10:47 PM com.sun.jersey.server.wadl.generators.AbstractWadlGeneratorGrammarGenerator attachTypes
datanode_2  | 2019-10-08 21:09:57 INFO  JmxRegister:44 - Successfully registered JMX Bean with object name Ratis:service=RaftServer,group=group-016F8451D463,id=0fe9b73c-5828-4bf5-ae5b-5768a0f86542
rm_1        | defaultLifetime = -1 seconds
kdc_1       | Oct 08 21:09:29 kdc krb5kdc[9](info): AS_REQ (8 etypes {18 17 20 19 16 23 25 26}) 127.0.0.1: SERVER_NOT_FOUND: admin/admin@EXAMPLE.COM for kadmin/localhost@EXAMPLE.COM, Server not found in Kerberos database
om_1        | 2019-10-08 21:09:56 INFO  DFSUtil:1629 - Starting web server as: HTTP/om@EXAMPLE.COM
datanode_3  | 2019-10-08 21:09:58 INFO  RaftServerImpl:103 - 55ef005d-0255-40ea-add9-c0bdf13cbb9a@group-2678C857023F: ConfigurationManager, init=-1: [55ef005d-0255-40ea-add9-c0bdf13cbb9a:172.18.0.10:9858, 0727bc24-7221-4008-9cf8-039c3d92ef83:172.18.0.12:9858, 0fe9b73c-5828-4bf5-ae5b-5768a0f86542:172.18.0.7:9858], old=null, confs=<EMPTY_MAP>
datanode_3  | 2019-10-08 21:09:58 INFO  RaftServerConfigKeys:43 - raft.server.storage.dir = [/data/metadata/ratis] (custom)
om_1        | 2019-10-08 21:09:56 INFO  DFSUtil:1641 - Starting Web-server for ozoneManager at: http://0.0.0.0:9874
kms_1       | 	at org.eclipse.jetty.security.SecurityHandler.handle(SecurityHandler.java:548)
datanode_1  | 2019-10-08 21:09:58 INFO  SegmentedRaftLogWorker:128 - 0727bc24-7221-4008-9cf8-039c3d92ef83@group-2678C857023F-SegmentedRaftLogWorker: flushIndex: setUnconditionally 0 -> -1
datanode_2  | 2019-10-08 21:09:58 INFO  RaftServerProxy:89 - 0fe9b73c-5828-4bf5-ae5b-5768a0f86542: addNew group-2678C857023F:[55ef005d-0255-40ea-add9-c0bdf13cbb9a:172.18.0.10:9858, 0727bc24-7221-4008-9cf8-039c3d92ef83:172.18.0.12:9858, 0fe9b73c-5828-4bf5-ae5b-5768a0f86542:172.18.0.7:9858] returns group-2678C857023F:java.util.concurrent.CompletableFuture@5fadb8e7[Not completed]
nm_1        | 2019-10-08 21:09:48 INFO  HttpServer2:958 - Added filter authentication (class=org.apache.hadoop.security.authentication.server.AuthenticationFilter) to context static
rm_1        | 2019-10-08 21:09:47 INFO  CapacitySchedulerQueueManager:298 - Initialized queue: default: capacity=1.0, absoluteCapacity=1.0, usedResources=<memory:0, vCores:0>, usedCapacity=0.0, absoluteUsedCapacity=0.0, numApps=0, numContainers=0, effectiveMinResource=<memory:0, vCores:0> , effectiveMaxResource=<memory:0, vCores:0>
kdc_1       | Oct 08 21:09:29 kdc krb5kdc[9](info): AS_REQ (8 etypes {18 17 20 19 16 23 25 26}) 127.0.0.1: ISSUE: authtime 1570568969, etypes {rep=18 tkt=18 ses=18}, admin/admin@EXAMPLE.COM for kadmin/admin@EXAMPLE.COM
scm_1       | 2019-10-08 21:09:54 INFO  Server:1849 - Auth successful for om/om@EXAMPLE.COM (auth:KERBEROS)
datanode_3  | 2019-10-08 21:09:58 INFO  RaftServerConfigKeys:43 - raft.server.log.corruption.policy = EXCEPTION (default)
om_1        | 2019-10-08 21:09:56 INFO  AuthenticationFilter:240 - Unable to initialize FileSignerSecretProvider, falling back to use random secrets.
kms_1       | 	at org.eclipse.jetty.server.session.SessionHandler.doHandle(SessionHandler.java:226)
jhs         | INFO: Couldn't find grammar element for class javax.ws.rs.core.Response
datanode_1  | 2019-10-08 21:09:58 INFO  RaftServerConfigKeys:43 - raft.server.snapshot.auto.trigger.enabled = true (custom)
datanode_2  | 2019-10-08 21:09:58 INFO  RaftServerImpl:95 - 0fe9b73c-5828-4bf5-ae5b-5768a0f86542: new RaftServerImpl for group-2678C857023F:[55ef005d-0255-40ea-add9-c0bdf13cbb9a:172.18.0.10:9858, 0727bc24-7221-4008-9cf8-039c3d92ef83:172.18.0.12:9858, 0fe9b73c-5828-4bf5-ae5b-5768a0f86542:172.18.0.7:9858] with ContainerStateMachine:uninitialized
nm_1        | 2019-10-08 21:09:48 INFO  HttpServer2:958 - Added filter authentication (class=org.apache.hadoop.security.authentication.server.AuthenticationFilter) to context logs
rm_1        | 2019-10-08 21:09:47 INFO  CapacitySchedulerQueueManager:298 - Initialized queue: root: numChildQueue= 1, capacity=1.0, absoluteCapacity=1.0, usedResources=<memory:0, vCores:0>usedCapacity=0.0, numApps=0, numContainers=0
kdc_1       | Oct 08 21:09:29 kdc krb5kdc[9](info): AS_REQ (8 etypes {18 17 20 19 16 23 25 26}) 127.0.0.1: SERVER_NOT_FOUND: admin/admin@EXAMPLE.COM for kadmin/localhost@EXAMPLE.COM, Server not found in Kerberos database
scm_1       | 2019-10-08 21:09:56 INFO  NetworkTopology:111 - Added a new node: /default-rack/0fe9b73c-5828-4bf5-ae5b-5768a0f86542
datanode_3  | 2019-10-08 21:09:58 INFO  RaftStorageDirectory:246 - The storage directory /data/metadata/ratis/bae7938a-7070-4744-aba9-2678c857023f does not exist. Creating ...
om_1        | 2019-10-08 21:09:56 INFO  HttpRequestLog:81 - Http request log for http.requests.ozoneManager is not defined
kms_1       | 	at org.eclipse.jetty.server.handler.ContextHandler.doHandle(ContextHandler.java:1180)
jhs         | 2019-10-08 21:10:47 INFO  AbstractDelegationTokenSecretManager:403 - Creating password for identifier: (TIMELINE_DELEGATION_TOKEN owner=hadoop, renewer=rm, realUser=, issueDate=1570569047049, maxDate=1571173847049, sequenceNumber=1, masterKeyId=2), currentKey: 2
datanode_1  | 2019-10-08 21:09:58 INFO  RaftServerConfigKeys:43 - raft.server.snapshot.auto.trigger.threshold = 10000 (custom)
datanode_1  | 2019-10-08 21:09:58 INFO  RaftServerConfigKeys:43 - raft.server.snapshot.retention.file.num = 5 (custom)
nm_1        | 2019-10-08 21:09:48 INFO  HttpServer2:613 - adding path spec: /node/*
rm_1        | 2019-10-08 21:09:47 INFO  CapacitySchedulerQueueManager:163 - Initialized root queue root: numChildQueue= 1, capacity=1.0, absoluteCapacity=1.0, usedResources=<memory:0, vCores:0>usedCapacity=0.0, numApps=0, numContainers=0
datanode_2  | 2019-10-08 21:09:58 INFO  RaftServerConfigKeys:43 - raft.server.rpc.timeout.min = 5s (custom)
scm_1       | 2019-10-08 21:09:56 INFO  SCMNodeManager:268 - Registered Data node : 0fe9b73c-5828-4bf5-ae5b-5768a0f86542{ip: 172.18.0.7, host: ozonesecure-mr_datanode_2.ozone, networkLocation: /default-rack, certSerialId: 9769240517496592}
datanode_3  | 2019-10-08 21:09:58 INFO  RaftStorageDirectory:328 - Lock on /data/metadata/ratis/bae7938a-7070-4744-aba9-2678c857023f/in_use.lock acquired by nodename 7@5454de7d47ab
om_1        | 2019-10-08 21:09:56 INFO  HttpServer2:975 - Added global filter 'safety' (class=org.apache.hadoop.http.HttpServer2$QuotingInputFilter)
jhs         | Oct 08, 2019 9:10:47 PM com.sun.jersey.server.wadl.generators.AbstractWadlGeneratorGrammarGenerator attachTypes
kms_1       | 	at org.eclipse.jetty.servlet.ServletHandler.doScope(ServletHandler.java:512)
nm_1        | 2019-10-08 21:09:48 INFO  HttpServer2:613 - adding path spec: /ws/*
kdc_1       | Oct 08 21:09:29 kdc krb5kdc[9](info): AS_REQ (8 etypes {18 17 20 19 16 23 25 26}) 127.0.0.1: ISSUE: authtime 1570568969, etypes {rep=18 tkt=18 ses=18}, admin/admin@EXAMPLE.COM for kadmin/admin@EXAMPLE.COM
rm_1        | 2019-10-08 21:09:47 INFO  UserGroupMappingPlacementRule:237 - Initialized queue mappings, override: false
datanode_2  | 2019-10-08 21:09:58 INFO  RaftServerConfigKeys:43 - raft.server.rpc.timeout.max = 5200ms (custom)
scm_1       | 2019-10-08 21:09:56 INFO  SCMSafeModeManager:71 - SCM in safe mode. 1 DataNodes registered, 1 required.
jhs         | INFO: Couldn't find grammar element for class javax.ws.rs.core.Response
datanode_1  | 2019-10-08 21:09:58 INFO  RaftServerConfigKeys:43 - raft.server.retrycache.expirytime = 600000ms (custom)
kms_1       | 	at org.eclipse.jetty.server.session.SessionHandler.doScope(SessionHandler.java:185)
om_1        | 2019-10-08 21:09:56 INFO  HttpServer2:948 - Added filter static_user_filter (class=org.apache.hadoop.http.lib.StaticUserWebFilter$StaticUserFilter) to context ozoneManager
datanode_3  | 2019-10-08 21:09:58 INFO  RaftStorage:84 - Storage directory /data/metadata/ratis/bae7938a-7070-4744-aba9-2678c857023f has been successfully formatted.
nm_1        | 2019-10-08 21:09:49 INFO  WebApps:395 - Registered webapp guice modules
kdc_1       | Oct 08 21:09:29 kdc krb5kdc[9](info): AS_REQ (8 etypes {18 17 20 19 16 23 25 26}) 127.0.0.1: SERVER_NOT_FOUND: admin/admin@EXAMPLE.COM for kadmin/localhost@EXAMPLE.COM, Server not found in Kerberos database
rm_1        | 2019-10-08 21:09:47 INFO  MultiNodeSortingManager:104 - MultiNode scheduling is 'false', and configured policies are 
datanode_2  | 2019-10-08 21:09:58 INFO  RaftServerConfigKeys:43 - raft.server.rpcslowness.timeout = 120s (custom)
scm_1       | 2019-10-08 21:09:56 INFO  SCMSafeModeManager:177 - ScmSafeModeManager, all rules are successfully validated
jhs         | Oct 08, 2019 9:10:47 PM com.sun.jersey.server.wadl.generators.AbstractWadlGeneratorGrammarGenerator attachTypes
datanode_1  | 2019-10-08 21:09:58 INFO  RaftServerImpl:181 - 0727bc24-7221-4008-9cf8-039c3d92ef83@group-2678C857023F: start as a follower, conf=-1: [55ef005d-0255-40ea-add9-c0bdf13cbb9a:172.18.0.10:9858, 0727bc24-7221-4008-9cf8-039c3d92ef83:172.18.0.12:9858, 0fe9b73c-5828-4bf5-ae5b-5768a0f86542:172.18.0.7:9858], old=null
kms_1       | 	at org.eclipse.jetty.server.handler.ContextHandler.doScope(ContextHandler.java:1112)
om_1        | 2019-10-08 21:09:56 INFO  HttpServer2:958 - Added filter static_user_filter (class=org.apache.hadoop.http.lib.StaticUserWebFilter$StaticUserFilter) to context logs
nm_1        | 2019-10-08 21:09:49 INFO  HttpServer2:1191 - Jetty bound to port 8042
kdc_1       | Oct 08 21:09:29 kdc krb5kdc[9](info): AS_REQ (8 etypes {18 17 20 19 16 23 25 26}) 127.0.0.1: ISSUE: authtime 1570568969, etypes {rep=18 tkt=18 ses=18}, admin/admin@EXAMPLE.COM for kadmin/admin@EXAMPLE.COM
datanode_2  | 2019-10-08 21:09:58 INFO  RaftServerConfigKeys:43 - raft.server.sleep.deviation.threshold = 300 (default)
rm_1        | 2019-10-08 21:09:47 INFO  CapacityScheduler:408 - Initialized CapacityScheduler with calculator=class org.apache.hadoop.yarn.util.resource.DefaultResourceCalculator, minimumAllocation=<<memory:1024, vCores:1>>, maximumAllocation=<<memory:8192, vCores:4>>, asynchronousScheduling=false, asyncScheduleInterval=5ms,multiNodePlacementEnabled=false
datanode_3  | 2019-10-08 21:09:58 INFO  ContainerStateMachine:233 - group-2678C857023F: The snapshot info is null. Setting the last applied indexto:(t:0, i:~)
scm_1       | 2019-10-08 21:09:56 INFO  SCMSafeModeManager:193 - SCM exiting safe mode.
jhs         | INFO: Couldn't find grammar element for class javax.ws.rs.core.Response
datanode_1  | 2019-10-08 21:09:58 INFO  RaftServerImpl:170 - 0727bc24-7221-4008-9cf8-039c3d92ef83@group-2678C857023F: changes role from      null to FOLLOWER at term 0 for startAsFollower
kms_1       | 	at org.eclipse.jetty.server.handler.ScopedHandler.handle(ScopedHandler.java:141)
om_1        | 2019-10-08 21:09:56 INFO  HttpServer2:958 - Added filter static_user_filter (class=org.apache.hadoop.http.lib.StaticUserWebFilter$StaticUserFilter) to context static
nm_1        | 2019-10-08 21:09:49 INFO  Server:351 - jetty-9.3.24.v20180605, build timestamp: 2018-06-05T17:11:56Z, git hash: 84205aa28f11a4f31f2a3b86d1bba2cc8ab69827
kdc_1       | Oct 08 21:09:28 kdc kadmind[15](Notice): Request: kadm5_randkey_principal, dn/5454de7d47ab@EXAMPLE.COM, success, client=admin/admin@EXAMPLE.COM, service=kadmin/admin@EXAMPLE.COM, addr=127.0.0.1
datanode_2  | 2019-10-08 21:09:58 INFO  RaftServerConfigKeys:43 - raft.server.log.appender.install.snapshot.enabled = false (custom)
rm_1        | 2019-10-08 21:09:47 INFO  Configuration:2752 - dynamic-resources.xml not found
datanode_3  | 2019-10-08 21:09:58 INFO  RaftServerConfigKeys:43 - raft.server.notification.no-leader.timeout = 120s (custom)
scm_1       | 2019-10-08 21:09:56 INFO  NetworkTopology:111 - Added a new node: /default-rack/0727bc24-7221-4008-9cf8-039c3d92ef83
jhs         | Oct 08, 2019 9:10:47 PM com.sun.jersey.server.wadl.generators.AbstractWadlGeneratorGrammarGenerator attachTypes
datanode_1  | 2019-10-08 21:09:58 INFO  RoleInfo:143 - 0727bc24-7221-4008-9cf8-039c3d92ef83: start FollowerState
kms_1       | 	at org.eclipse.jetty.server.handler.HandlerCollection.handle(HandlerCollection.java:119)
om_1        | 2019-10-08 21:09:56 INFO  HttpServer2:1191 - Jetty bound to port 9874
nm_1        | 2019-10-08 21:09:49 INFO  AuthenticationFilter:240 - Unable to initialize FileSignerSecretProvider, falling back to use random secrets.
kdc_1       | Oct 08 21:09:28 kdc kadmind[15](Notice): Request: kadm5_get_principal, dn/5454de7d47ab@EXAMPLE.COM, success, client=admin/admin@EXAMPLE.COM, service=kadmin/admin@EXAMPLE.COM, addr=127.0.0.1
datanode_2  | 2019-10-08 21:09:58 INFO  RaftServerImpl:103 - 0fe9b73c-5828-4bf5-ae5b-5768a0f86542@group-2678C857023F: ConfigurationManager, init=-1: [55ef005d-0255-40ea-add9-c0bdf13cbb9a:172.18.0.10:9858, 0727bc24-7221-4008-9cf8-039c3d92ef83:172.18.0.12:9858, 0fe9b73c-5828-4bf5-ae5b-5768a0f86542:172.18.0.7:9858], old=null, confs=<EMPTY_MAP>
datanode_3  | 2019-10-08 21:09:58 INFO  RaftServerConfigKeys:43 - raft.server.log.use.memory = false (default)
scm_1       | 2019-10-08 21:09:56 INFO  SCMNodeManager:268 - Registered Data node : 0727bc24-7221-4008-9cf8-039c3d92ef83{ip: 172.18.0.12, host: ozonesecure-mr_datanode_1.ozone, networkLocation: /default-rack, certSerialId: 9769240557272558}
jhs         | INFO: Couldn't find grammar element for class javax.ws.rs.core.Response
rm_1        | 2019-10-08 21:09:47 INFO  AMSProcessingChain:62 - Initializing AMS Processing chain. Root Processor=[org.apache.hadoop.yarn.server.resourcemanager.DefaultAMSProcessor].
datanode_1  | 2019-10-08 21:09:58 INFO  JmxRegister:44 - Successfully registered JMX Bean with object name Ratis:service=RaftServer,group=group-2678C857023F,id=0727bc24-7221-4008-9cf8-039c3d92ef83
kms_1       | 	at org.eclipse.jetty.server.handler.HandlerWrapper.handle(HandlerWrapper.java:134)
om_1        | 2019-10-08 21:09:56 INFO  Server:351 - jetty-9.3.25.v20180904, build timestamp: 2018-09-04T21:11:46Z, git hash: 3ce520221d0240229c862b122d2b06c12a625732
nm_1        | 2019-10-08 21:09:49 INFO  ContextHandler:781 - Started o.e.j.s.ServletContextHandler@476b0ae6{/logs,file:///opt/hadoop/logs/,AVAILABLE}
kdc_1       | Oct 08 21:09:28 kdc kadmind[15](info): closing down fd 18
datanode_2  | 2019-10-08 21:09:58 INFO  RaftServerConfigKeys:43 - raft.server.storage.dir = [/data/metadata/ratis] (custom)
datanode_3  | 2019-10-08 21:09:58 INFO  RaftServerConfigKeys:43 - raft.server.log.purge.gap = 1000000 (custom)
scm_1       | 2019-10-08 21:09:56 INFO  NetworkTopology:111 - Added a new node: /default-rack/55ef005d-0255-40ea-add9-c0bdf13cbb9a
rm_1        | 2019-10-08 21:09:47 INFO  ApplicationMasterService:129 - disabled placement handler will be used, all scheduling requests will be rejected.
jhs         | Oct 08, 2019 9:10:47 PM com.sun.jersey.server.wadl.generators.AbstractWadlGeneratorGrammarGenerator attachTypes
datanode_1  | 2019-10-08 21:10:03 INFO  FollowerState:108 - 0727bc24-7221-4008-9cf8-039c3d92ef83@group-C5C2403A3EC7-FollowerState: change to CANDIDATE, lastRpcTime:5167ms, electionTimeout:5166ms
kms_1       | 	at org.eclipse.jetty.server.Server.handle(Server.java:536)
nm_1        | 2019-10-08 21:09:49 INFO  ContextHandler:781 - Started o.e.j.s.ServletContextHandler@4b3a45f1{/static,jar:file:/opt/hadoop/share/hadoop/yarn/hadoop-yarn-common-3.2.0.jar!/webapps/static,AVAILABLE}
om_1        | 2019-10-08 21:09:56 INFO  ContextHandler:781 - Started o.e.j.s.ServletContextHandler@39dec536{/logs,file:///var/log/hadoop/,AVAILABLE}
kdc_1       | Oct 08 21:09:28 kdc kadmind[15](Notice): Request: kadm5_init, admin/admin@EXAMPLE.COM, success, client=admin/admin@EXAMPLE.COM, service=kadmin/admin@EXAMPLE.COM, addr=127.0.0.1, vers=4, flavor=6
datanode_2  | 2019-10-08 21:09:58 INFO  RaftServerConfigKeys:43 - raft.server.log.corruption.policy = EXCEPTION (default)
datanode_3  | 2019-10-08 21:09:58 INFO  RaftServerConfigKeys:43 - raft.server.log.appender.buffer.byte-limit = 33554432 (custom)
scm_1       | 2019-10-08 21:09:56 INFO  SCMNodeManager:268 - Registered Data node : 55ef005d-0255-40ea-add9-c0bdf13cbb9a{ip: 172.18.0.10, host: ozonesecure-mr_datanode_3.ozone, networkLocation: /default-rack, certSerialId: 9769240517496614}
rm_1        | 2019-10-08 21:09:47 INFO  AMSProcessingChain:75 - Adding [org.apache.hadoop.yarn.server.resourcemanager.scheduler.constraint.processor.DisabledPlacementProcessor] tp top of AMS Processing chain. 
jhs         | INFO: Couldn't find grammar element for class javax.ws.rs.core.Response
datanode_1  | 2019-10-08 21:10:03 INFO  RoleInfo:121 - 0727bc24-7221-4008-9cf8-039c3d92ef83: shutdown FollowerState
kms_1       | 	at org.eclipse.jetty.server.HttpChannel.handle(HttpChannel.java:333)
nm_1        | Oct 08, 2019 9:09:49 PM com.sun.jersey.guice.spi.container.GuiceComponentProviderFactory register
om_1        | 2019-10-08 21:09:56 INFO  ContextHandler:781 - Started o.e.j.s.ServletContextHandler@31973858{/static,jar:file:/opt/hadoop/share/ozone/lib/hadoop-ozone-ozone-manager-0.5.0-SNAPSHOT.jar!/webapps/static,AVAILABLE}
kdc_1       | Oct 08 21:09:28 kdc kadmind[15](Notice): Request: kadm5_get_policy, default, Policy does not exist, client=admin/admin@EXAMPLE.COM, service=kadmin/admin@EXAMPLE.COM, addr=127.0.0.1
datanode_2  | 2019-10-08 21:09:58 INFO  RaftStorageDirectory:246 - The storage directory /data/metadata/ratis/bae7938a-7070-4744-aba9-2678c857023f does not exist. Creating ...
datanode_3  | 2019-10-08 21:09:58 INFO  RaftServerConfigKeys:43 - raft.server.log.segment.size.max = 1048576 (custom)
scm_1       | 2019-10-08 21:09:57 INFO  PipelineStateManager:57 - Created pipeline Pipeline[ Id: 6ccc2a4a-c0fd-4650-825c-016f8451d463, Nodes: 0fe9b73c-5828-4bf5-ae5b-5768a0f86542{ip: 172.18.0.7, host: ozonesecure-mr_datanode_2.ozone, networkLocation: /default-rack, certSerialId: null}, Type:RATIS, Factor:ONE, State:ALLOCATED]
rm_1        | 2019-10-08 21:09:47 INFO  TimelineClientImpl:129 - Timeline service address: jhs:8188
jhs         | 2019-10-08 21:10:47 INFO  AbstractDelegationTokenSecretManager:491 - Token renewal for identifier: (TIMELINE_DELEGATION_TOKEN owner=hadoop, renewer=rm, realUser=, issueDate=1570569047049, maxDate=1571173847049, sequenceNumber=1, masterKeyId=2); total currentTokens 1
datanode_1  | 2019-10-08 21:10:03 INFO  RaftServerImpl:170 - 0727bc24-7221-4008-9cf8-039c3d92ef83@group-C5C2403A3EC7: changes role from  FOLLOWER to CANDIDATE at term 0 for changeToCandidate
kms_1       | 	at org.eclipse.jetty.server.HttpConnection.onFillable(HttpConnection.java:251)
nm_1        | INFO: Registering org.apache.hadoop.yarn.server.nodemanager.webapp.NMWebServices as a root resource class
om_1        | 2019-10-08 21:09:56 INFO  KerberosAuthenticationHandler:164 - Using keytab /etc/security/keytabs/HTTP.keytab, for principal HTTP/om@EXAMPLE.COM
kdc_1       | Oct 08 21:09:28 kdc kadmind[15](Notice): Request: kadm5_create_principal, dn/b402b326a0fc@EXAMPLE.COM, success, client=admin/admin@EXAMPLE.COM, service=kadmin/admin@EXAMPLE.COM, addr=127.0.0.1
datanode_3  | 2019-10-08 21:09:58 INFO  RaftServerConfigKeys:43 - raft.server.log.segment.cache.num.max = 2 (custom)
scm_1       | 2019-10-08 21:09:58 INFO  PipelineStateManager:57 - Created pipeline Pipeline[ Id: e2f06695-eb53-497c-b7cb-c5c2403a3ec7, Nodes: 0727bc24-7221-4008-9cf8-039c3d92ef83{ip: 172.18.0.12, host: ozonesecure-mr_datanode_1.ozone, networkLocation: /default-rack, certSerialId: null}, Type:RATIS, Factor:ONE, State:ALLOCATED]
jhs         | Oct 08, 2019 9:10:48 PM com.sun.jersey.server.wadl.generators.AbstractWadlGeneratorGrammarGenerator attachTypes
datanode_2  | 2019-10-08 21:09:58 INFO  RaftStorageDirectory:328 - Lock on /data/metadata/ratis/bae7938a-7070-4744-aba9-2678c857023f/in_use.lock acquired by nodename 7@cf264fd775cc
datanode_1  | 2019-10-08 21:10:03 INFO  RoleInfo:143 - 0727bc24-7221-4008-9cf8-039c3d92ef83: start LeaderElection
kms_1       | 	at org.eclipse.jetty.io.AbstractConnection$ReadCallback.succeeded(AbstractConnection.java:283)
nm_1        | Oct 08, 2019 9:09:49 PM com.sun.jersey.guice.spi.container.GuiceComponentProviderFactory register
om_1        | 2019-10-08 21:09:56 INFO  ContextHandler:781 - Started o.e.j.w.WebAppContext@29079032{/,file:///tmp/jetty-0.0.0.0-9874-ozoneManager-_-any-10463250124772587031.dir/webapp/,AVAILABLE}{/ozoneManager}
kdc_1       | Oct 08 21:09:28 kdc kadmind[15](info): closing down fd 18
rm_1        | 2019-10-08 21:09:48 INFO  AsyncDispatcher:223 - Registering class org.apache.hadoop.yarn.server.resourcemanager.metrics.AbstractSystemMetricsPublisher$SystemMetricsEventType for class org.apache.hadoop.yarn.server.resourcemanager.metrics.TimelineServiceV1Publisher$TimelineV1EventHandler
datanode_3  | 2019-10-08 21:09:58 INFO  SegmentedRaftLogWorker:173 - new 55ef005d-0255-40ea-add9-c0bdf13cbb9a@group-2678C857023F-SegmentedRaftLogWorker for RaftStorage:Storage Directory /data/metadata/ratis/bae7938a-7070-4744-aba9-2678c857023f
scm_1       | 2019-10-08 21:09:58 INFO  PipelineStateManager:57 - Created pipeline Pipeline[ Id: 4672196e-808b-4ac8-a50f-aca854439b09, Nodes: 55ef005d-0255-40ea-add9-c0bdf13cbb9a{ip: 172.18.0.10, host: ozonesecure-mr_datanode_3.ozone, networkLocation: /default-rack, certSerialId: null}, Type:RATIS, Factor:ONE, State:ALLOCATED]
jhs         | INFO: Couldn't find grammar element for class javax.ws.rs.core.Response
datanode_1  | 2019-10-08 21:10:03 INFO  LeaderElection:178 - 0727bc24-7221-4008-9cf8-039c3d92ef83@group-C5C2403A3EC7-LeaderElection1: begin an election at term 1 for -1: [0727bc24-7221-4008-9cf8-039c3d92ef83:172.18.0.12:9858], old=null
kms_1       | 	at org.eclipse.jetty.io.FillInterest.fillable(FillInterest.java:108)
nm_1        | INFO: Registering org.apache.hadoop.yarn.webapp.GenericExceptionHandler as a provider class
om_1        | 2019-10-08 21:09:56 INFO  AbstractConnector:278 - Started ServerConnector@1f66d8e1{HTTP/1.1,[http/1.1]}{0.0.0.0:9874}
datanode_2  | 2019-10-08 21:09:58 INFO  RaftStorage:84 - Storage directory /data/metadata/ratis/bae7938a-7070-4744-aba9-2678c857023f has been successfully formatted.
kdc_1       | Oct 08 21:09:29 kdc kadmind[15](Notice): Request: kadm5_init, admin/admin@EXAMPLE.COM, success, client=admin/admin@EXAMPLE.COM, service=kadmin/admin@EXAMPLE.COM, addr=127.0.0.1, vers=4, flavor=6
rm_1        | 2019-10-08 21:09:48 INFO  AsyncDispatcher:223 - Registering class org.apache.hadoop.yarn.server.resourcemanager.metrics.AbstractSystemMetricsPublisher$SystemMetricsEventType for class org.apache.hadoop.yarn.server.resourcemanager.metrics.TimelineServiceV1Publisher$TimelineV1EventHandler
datanode_3  | 2019-10-08 21:09:58 INFO  RaftServerConfigKeys:43 - raft.server.log.queue.byte-limit = 2147483647 (custom)
scm_1       | 2019-10-08 21:09:58 INFO  PipelineStateManager:57 - Created pipeline Pipeline[ Id: bae7938a-7070-4744-aba9-2678c857023f, Nodes: 0fe9b73c-5828-4bf5-ae5b-5768a0f86542{ip: 172.18.0.7, host: ozonesecure-mr_datanode_2.ozone, networkLocation: /default-rack, certSerialId: null}0727bc24-7221-4008-9cf8-039c3d92ef83{ip: 172.18.0.12, host: ozonesecure-mr_datanode_1.ozone, networkLocation: /default-rack, certSerialId: null}55ef005d-0255-40ea-add9-c0bdf13cbb9a{ip: 172.18.0.10, host: ozonesecure-mr_datanode_3.ozone, networkLocation: /default-rack, certSerialId: null}, Type:RATIS, Factor:THREE, State:ALLOCATED]
jhs         | Oct 08, 2019 9:10:48 PM com.sun.jersey.server.wadl.generators.AbstractWadlGeneratorGrammarGenerator attachTypes
datanode_1  | 2019-10-08 21:10:03 INFO  RoleInfo:134 - 0727bc24-7221-4008-9cf8-039c3d92ef83: shutdown LeaderElection
kms_1       | 	at org.eclipse.jetty.io.SelectChannelEndPoint$2.run(SelectChannelEndPoint.java:93)
nm_1        | Oct 08, 2019 9:09:49 PM com.sun.jersey.guice.spi.container.GuiceComponentProviderFactory register
om_1        | 2019-10-08 21:09:56 INFO  Server:419 - Started @4176ms
datanode_2  | 2019-10-08 21:09:58 INFO  ContainerStateMachine:233 - group-2678C857023F: The snapshot info is null. Setting the last applied indexto:(t:0, i:~)
kdc_1       | Oct 08 21:09:29 kdc kadmind[15](Notice): Request: kadm5_randkey_principal, dn/b402b326a0fc@EXAMPLE.COM, success, client=admin/admin@EXAMPLE.COM, service=kadmin/admin@EXAMPLE.COM, addr=127.0.0.1
rm_1        | 2019-10-08 21:09:48 INFO  AsyncDispatcher:223 - Registering class org.apache.hadoop.yarn.server.resourcemanager.metrics.AbstractSystemMetricsPublisher$SystemMetricsEventType for class org.apache.hadoop.yarn.server.resourcemanager.metrics.TimelineServiceV1Publisher$TimelineV1EventHandler
datanode_3  | 2019-10-08 21:09:58 INFO  RaftServerConfigKeys:43 - raft.server.log.queue.element-limit = 1024 (custom)
scm_1       | 2019-10-08 21:10:02 INFO  PipelineReportHandler:121 - Pipeline PipelineID=bae7938a-7070-4744-aba9-2678c857023f reported by 0fe9b73c-5828-4bf5-ae5b-5768a0f86542{ip: 172.18.0.7, host: ozonesecure-mr_datanode_2.ozone, networkLocation: /default-rack, certSerialId: 9769240517496592} with leaderId 
jhs         | INFO: Couldn't find grammar element for class javax.ws.rs.core.Response
datanode_1  | 2019-10-08 21:10:03 INFO  RaftServerImpl:170 - 0727bc24-7221-4008-9cf8-039c3d92ef83@group-C5C2403A3EC7: changes role from CANDIDATE to LEADER at term 1 for changeToLeader
kms_1       | 	at org.eclipse.jetty.util.thread.strategy.ExecuteProduceConsume.executeProduceConsume(ExecuteProduceConsume.java:303)
nm_1        | INFO: Registering org.apache.hadoop.yarn.server.nodemanager.webapp.JAXBContextResolver as a provider class
om_1        | 2019-10-08 21:09:56 INFO  MetricsSinkAdapter:204 - Sink prometheus started
datanode_2  | 2019-10-08 21:09:58 INFO  RaftServerConfigKeys:43 - raft.server.notification.no-leader.timeout = 120s (custom)
kdc_1       | Oct 08 21:09:29 kdc kadmind[15](Notice): Request: kadm5_get_principal, dn/b402b326a0fc@EXAMPLE.COM, success, client=admin/admin@EXAMPLE.COM, service=kadmin/admin@EXAMPLE.COM, addr=127.0.0.1
rm_1        | 2019-10-08 21:09:48 INFO  AsyncDispatcher:223 - Registering class org.apache.hadoop.yarn.server.resourcemanager.metrics.AbstractSystemMetricsPublisher$SystemMetricsEventType for class org.apache.hadoop.yarn.server.resourcemanager.metrics.TimelineServiceV1Publisher$TimelineV1EventHandler
datanode_3  | 2019-10-08 21:09:58 INFO  RaftServerConfigKeys:43 - raft.server.log.segment.size.max = 1048576 (custom)
scm_1       | 2019-10-08 21:10:02 INFO  PipelineReportHandler:121 - Pipeline PipelineID=6ccc2a4a-c0fd-4650-825c-016f8451d463 reported by 0fe9b73c-5828-4bf5-ae5b-5768a0f86542{ip: 172.18.0.7, host: ozonesecure-mr_datanode_2.ozone, networkLocation: /default-rack, certSerialId: 9769240517496592} with leaderId 0fe9b73c-5828-4bf5-ae5b-5768a0f86542
jhs         | Oct 08, 2019 9:10:48 PM com.sun.jersey.server.wadl.generators.AbstractWadlGeneratorGrammarGenerator attachTypes
datanode_1  | 2019-10-08 21:10:03 INFO  XceiverServerRatis:702 - Leader change notification received for group: group-C5C2403A3EC7 with new leaderId: 0727bc24-7221-4008-9cf8-039c3d92ef83
kms_1       | 	at org.eclipse.jetty.util.thread.strategy.ExecuteProduceConsume.produceConsume(ExecuteProduceConsume.java:148)
nm_1        | Oct 08, 2019 9:09:49 PM com.sun.jersey.server.impl.application.WebApplicationImpl _initiate
om_1        | 2019-10-08 21:09:56 INFO  MetricsSystemImpl:301 - Registered sink prometheus
kdc_1       | Oct 08 21:09:29 kdc kadmind[15](info): closing down fd 18
datanode_2  | 2019-10-08 21:09:58 INFO  RaftServerConfigKeys:43 - raft.server.log.use.memory = false (default)
rm_1        | 2019-10-08 21:09:48 INFO  AsyncDispatcher:223 - Registering class org.apache.hadoop.yarn.server.resourcemanager.metrics.AbstractSystemMetricsPublisher$SystemMetricsEventType for class org.apache.hadoop.yarn.server.resourcemanager.metrics.TimelineServiceV1Publisher$TimelineV1EventHandler
datanode_3  | 2019-10-08 21:09:58 INFO  RaftServerConfigKeys:43 - raft.server.log.preallocated.size = 16384 (custom)
scm_1       | 2019-10-08 21:10:02 INFO  PipelineStateManager:136 - Pipeline Pipeline[ Id: 6ccc2a4a-c0fd-4650-825c-016f8451d463, Nodes: 0fe9b73c-5828-4bf5-ae5b-5768a0f86542{ip: 172.18.0.7, host: ozonesecure-mr_datanode_2.ozone, networkLocation: /default-rack, certSerialId: null}, Type:RATIS, Factor:ONE, State:OPEN] moved to OPEN state
jhs         | INFO: Couldn't find grammar element for class javax.ws.rs.core.Response
datanode_1  | 2019-10-08 21:10:03 INFO  RaftServerImpl:255 - 0727bc24-7221-4008-9cf8-039c3d92ef83@group-C5C2403A3EC7: change Leader from null to 0727bc24-7221-4008-9cf8-039c3d92ef83 at term 1 for becomeLeader, leader elected after 5305ms
kms_1       | 	at org.eclipse.jetty.util.thread.strategy.ExecuteProduceConsume.run(ExecuteProduceConsume.java:136)
nm_1        | INFO: Initiating Jersey application, version 'Jersey: 1.19 02/11/2015 03:25 AM'
om_1        | 2019-10-08 21:09:56 INFO  BaseHttpServer:215 - HTTP server of OZONEMANAGER is listening at http://0.0.0.0:9874
kdc_1       | Oct 08 21:09:29 kdc kadmind[15](Notice): Request: kadm5_init, admin/admin@EXAMPLE.COM, success, client=admin/admin@EXAMPLE.COM, service=kadmin/admin@EXAMPLE.COM, addr=127.0.0.1, vers=4, flavor=6
datanode_2  | 2019-10-08 21:09:58 INFO  RaftServerConfigKeys:43 - raft.server.log.purge.gap = 1000000 (custom)
rm_1        | 2019-10-08 21:09:48 INFO  AsyncDispatcher:223 - Registering class org.apache.hadoop.yarn.server.resourcemanager.metrics.AbstractSystemMetricsPublisher$SystemMetricsEventType for class org.apache.hadoop.yarn.server.resourcemanager.metrics.TimelineServiceV1Publisher$TimelineV1EventHandler
datanode_3  | 2019-10-08 21:09:58 INFO  RaftServerConfigKeys:43 - raft.server.log.write.buffer.size = 33554432 (custom)
scm_1       | 2019-10-08 21:10:03 INFO  PipelineReportHandler:121 - Pipeline PipelineID=bae7938a-7070-4744-aba9-2678c857023f reported by 0727bc24-7221-4008-9cf8-039c3d92ef83{ip: 172.18.0.12, host: ozonesecure-mr_datanode_1.ozone, networkLocation: /default-rack, certSerialId: 9769240557272558} with leaderId 
jhs         | Oct 08, 2019 9:10:48 PM com.sun.jersey.server.wadl.generators.AbstractWadlGeneratorGrammarGenerator attachTypes
datanode_1  | 2019-10-08 21:10:03 INFO  RaftServerConfigKeys:43 - raft.server.staging.catchup.gap = 1000 (default)
kms_1       | 	at org.eclipse.jetty.util.thread.QueuedThreadPool.runJob(QueuedThreadPool.java:671)
nm_1        | Oct 08, 2019 9:09:49 PM com.sun.jersey.guice.spi.container.GuiceComponentProviderFactory getComponentProvider
om_1        | 2019-10-08 21:10:13 INFO  Server:1849 - Auth successful for testuser/om@EXAMPLE.COM (auth:KERBEROS)
datanode_2  | 2019-10-08 21:09:58 INFO  RaftServerConfigKeys:43 - raft.server.log.appender.buffer.byte-limit = 33554432 (custom)
rm_1        | 2019-10-08 21:09:48 INFO  AsyncDispatcher:223 - Registering class org.apache.hadoop.yarn.server.resourcemanager.metrics.AbstractSystemMetricsPublisher$SystemMetricsEventType for class org.apache.hadoop.yarn.server.resourcemanager.metrics.TimelineServiceV1Publisher$TimelineV1EventHandler
kdc_1       | Oct 08 21:09:29 kdc kadmind[15](Notice): Request: kadm5_get_policy, default, Policy does not exist, client=admin/admin@EXAMPLE.COM, service=kadmin/admin@EXAMPLE.COM, addr=127.0.0.1
datanode_3  | 2019-10-08 21:09:58 INFO  RaftServerConfigKeys:43 - raft.server.log.force.sync.num = 128 (default)
scm_1       | 2019-10-08 21:10:03 INFO  PipelineReportHandler:121 - Pipeline PipelineID=e2f06695-eb53-497c-b7cb-c5c2403a3ec7 reported by 0727bc24-7221-4008-9cf8-039c3d92ef83{ip: 172.18.0.12, host: ozonesecure-mr_datanode_1.ozone, networkLocation: /default-rack, certSerialId: 9769240557272558} with leaderId 0727bc24-7221-4008-9cf8-039c3d92ef83
jhs         | INFO: Couldn't find grammar element for class javax.ws.rs.core.Response
datanode_1  | 2019-10-08 21:10:03 INFO  RaftServerConfigKeys:43 - raft.server.rpc.sleep.time = 25ms (default)
kms_1       | 	at org.eclipse.jetty.util.thread.QueuedThreadPool$2.run(QueuedThreadPool.java:589)
nm_1        | INFO: Binding org.apache.hadoop.yarn.server.nodemanager.webapp.JAXBContextResolver to GuiceManagedComponentProvider with the scope "Singleton"
datanode_2  | 2019-10-08 21:09:58 INFO  RaftServerConfigKeys:43 - raft.server.log.segment.size.max = 1048576 (custom)
rm_1        | 2019-10-08 21:09:48 INFO  AsyncDispatcher:223 - Registering class org.apache.hadoop.yarn.server.resourcemanager.metrics.AbstractSystemMetricsPublisher$SystemMetricsEventType for class org.apache.hadoop.yarn.server.resourcemanager.metrics.TimelineServiceV1Publisher$TimelineV1EventHandler
om_1        | 2019-10-08 21:10:16 INFO  Server:1849 - Auth successful for testuser/om@EXAMPLE.COM (auth:KERBEROS)
kdc_1       | Oct 08 21:09:29 kdc kadmind[15](Notice): Request: kadm5_create_principal, dn/rm@EXAMPLE.COM, success, client=admin/admin@EXAMPLE.COM, service=kadmin/admin@EXAMPLE.COM, addr=127.0.0.1
datanode_3  | 2019-10-08 21:09:58 INFO  RaftServerConfigKeys:43 - raft.server.log.statemachine.data.sync = true (default)
jhs         | Oct 08, 2019 9:11:24 PM com.sun.jersey.server.wadl.generators.AbstractWadlGeneratorGrammarGenerator attachTypes
scm_1       | 2019-10-08 21:10:03 INFO  PipelineStateManager:136 - Pipeline Pipeline[ Id: e2f06695-eb53-497c-b7cb-c5c2403a3ec7, Nodes: 0727bc24-7221-4008-9cf8-039c3d92ef83{ip: 172.18.0.12, host: ozonesecure-mr_datanode_1.ozone, networkLocation: /default-rack, certSerialId: null}, Type:RATIS, Factor:ONE, State:OPEN] moved to OPEN state
datanode_1  | 2019-10-08 21:10:03 INFO  RaftServerConfigKeys:43 - raft.server.write.element-limit = 4096 (default)
kms_1       | 	at java.lang.Thread.run(Thread.java:748)
nm_1        | Oct 08, 2019 9:09:49 PM com.sun.jersey.guice.spi.container.GuiceComponentProviderFactory getComponentProvider
datanode_2  | 2019-10-08 21:09:58 INFO  RaftServerConfigKeys:43 - raft.server.log.segment.cache.num.max = 2 (custom)
rm_1        | 2019-10-08 21:09:48 INFO  AsyncDispatcher:223 - Registering class org.apache.hadoop.yarn.server.resourcemanager.metrics.AbstractSystemMetricsPublisher$SystemMetricsEventType for class org.apache.hadoop.yarn.server.resourcemanager.metrics.TimelineServiceV1Publisher$TimelineV1EventHandler
om_1        | 2019-10-08 21:10:17 INFO  OMVolumeCreateRequest:193 - created volume:vol1 for user:hadoop
kdc_1       | Oct 08 21:09:29 kdc kadmind[15](info): closing down fd 18
jhs         | INFO: Couldn't find grammar element for class javax.ws.rs.core.Response
datanode_3  | 2019-10-08 21:09:58 INFO  RaftServerConfigKeys:43 - raft.server.log.statemachine.data.sync.timeout = 10s (default)
datanode_1  | 2019-10-08 21:10:03 INFO  RaftServerConfigKeys:43 - raft.server.watch.timeout = 10s (default)
kms_1       | 
scm_1       | 2019-10-08 21:10:03 INFO  PipelineReportHandler:121 - Pipeline PipelineID=bae7938a-7070-4744-aba9-2678c857023f reported by 55ef005d-0255-40ea-add9-c0bdf13cbb9a{ip: 172.18.0.10, host: ozonesecure-mr_datanode_3.ozone, networkLocation: /default-rack, certSerialId: 9769240517496614} with leaderId 
nm_1        | INFO: Binding org.apache.hadoop.yarn.webapp.GenericExceptionHandler to GuiceManagedComponentProvider with the scope "Singleton"
datanode_2  | 2019-10-08 21:09:58 INFO  SegmentedRaftLogWorker:173 - new 0fe9b73c-5828-4bf5-ae5b-5768a0f86542@group-2678C857023F-SegmentedRaftLogWorker for RaftStorage:Storage Directory /data/metadata/ratis/bae7938a-7070-4744-aba9-2678c857023f
rm_1        | 2019-10-08 21:09:48 INFO  AsyncDispatcher:223 - Registering class org.apache.hadoop.yarn.server.resourcemanager.metrics.AbstractSystemMetricsPublisher$SystemMetricsEventType for class org.apache.hadoop.yarn.server.resourcemanager.metrics.TimelineServiceV1Publisher$TimelineV1EventHandler
om_1        | 2019-10-08 21:10:19 INFO  Server:1849 - Auth successful for testuser/om@EXAMPLE.COM (auth:KERBEROS)
kdc_1       | Oct 08 21:09:29 kdc kadmind[15](Notice): Request: kadm5_init, admin/admin@EXAMPLE.COM, success, client=admin/admin@EXAMPLE.COM, service=kadmin/admin@EXAMPLE.COM, addr=127.0.0.1, vers=4, flavor=6
jhs         | Oct 08, 2019 9:11:24 PM com.sun.jersey.server.wadl.generators.AbstractWadlGeneratorGrammarGenerator attachTypes
datanode_3  | 2019-10-08 21:09:58 INFO  RaftServerConfigKeys:43 - raft.server.log.statemachine.data.sync.timeout.retry = -1 (default)
datanode_1  | 2019-10-08 21:10:03 INFO  RaftServerConfigKeys:43 - raft.server.watch.timeout.denomination = 1s (default)
scm_1       | 2019-10-08 21:10:03 INFO  PipelineStateManager:136 - Pipeline Pipeline[ Id: bae7938a-7070-4744-aba9-2678c857023f, Nodes: 0fe9b73c-5828-4bf5-ae5b-5768a0f86542{ip: 172.18.0.7, host: ozonesecure-mr_datanode_2.ozone, networkLocation: /default-rack, certSerialId: null}0727bc24-7221-4008-9cf8-039c3d92ef83{ip: 172.18.0.12, host: ozonesecure-mr_datanode_1.ozone, networkLocation: /default-rack, certSerialId: null}55ef005d-0255-40ea-add9-c0bdf13cbb9a{ip: 172.18.0.10, host: ozonesecure-mr_datanode_3.ozone, networkLocation: /default-rack, certSerialId: null}, Type:RATIS, Factor:THREE, State:OPEN] moved to OPEN state
nm_1        | Oct 08, 2019 9:09:50 PM com.sun.jersey.guice.spi.container.GuiceComponentProviderFactory getComponentProvider
rm_1        | 2019-10-08 21:09:48 INFO  log:192 - Logging initialized @3846ms
datanode_2  | 2019-10-08 21:09:58 INFO  RaftServerConfigKeys:43 - raft.server.log.queue.byte-limit = 2147483647 (custom)
kms_1       | Oct 08, 2019 9:10:44 PM com.sun.jersey.server.wadl.generators.AbstractWadlGeneratorGrammarGenerator attachTypes
om_1        | 2019-10-08 21:10:22 INFO  Server:1849 - Auth successful for testuser/om@EXAMPLE.COM (auth:KERBEROS)
kdc_1       | Oct 08 21:09:29 kdc kadmind[15](Notice): Request: kadm5_randkey_principal, dn/rm@EXAMPLE.COM, success, client=admin/admin@EXAMPLE.COM, service=kadmin/admin@EXAMPLE.COM, addr=127.0.0.1
jhs         | INFO: Couldn't find grammar element for class javax.ws.rs.core.Response
datanode_3  | 2019-10-08 21:09:58 INFO  RaftServerConfigKeys:43 - raft.server.log.statemachine.data.caching.enabled = true (custom)
datanode_1  | 2019-10-08 21:10:03 INFO  RaftServerConfigKeys:43 - raft.server.watch.element-limit = 65536 (default)
scm_1       | 2019-10-08 21:10:03 INFO  PipelineReportHandler:121 - Pipeline PipelineID=4672196e-808b-4ac8-a50f-aca854439b09 reported by 55ef005d-0255-40ea-add9-c0bdf13cbb9a{ip: 172.18.0.10, host: ozonesecure-mr_datanode_3.ozone, networkLocation: /default-rack, certSerialId: 9769240517496614} with leaderId 55ef005d-0255-40ea-add9-c0bdf13cbb9a
nm_1        | INFO: Binding org.apache.hadoop.yarn.server.nodemanager.webapp.NMWebServices to GuiceManagedComponentProvider with the scope "Singleton"
rm_1        | 2019-10-08 21:09:48 INFO  AuthenticationFilter:240 - Unable to initialize FileSignerSecretProvider, falling back to use random secrets.
datanode_2  | 2019-10-08 21:09:58 INFO  RaftServerConfigKeys:43 - raft.server.log.queue.element-limit = 1024 (custom)
kms_1       | INFO: Couldn't find grammar element for class java.util.Map
om_1        | 2019-10-08 21:10:25 INFO  Server:1849 - Auth successful for testuser/om@EXAMPLE.COM (auth:KERBEROS)
