rm_1        | 2019-10-20 17:54:04 INFO  ContextHandler:781 - Started o.e.j.s.ServletContextHandler@6b6776cb{/static,jar:file:/opt/hadoop/share/hadoop/yarn/hadoop-yarn-common-3.2.0.jar!/webapps/static,AVAILABLE}
nm_1        | 2019-10-20 17:54:06 INFO  NodeStatusUpdaterImpl:393 - Registering with RM using containers :[]
datanode_2  | 2019-10-20 17:54:20,953 INFO impl.RaftServerImpl: 05a9c6a7-9b36-4c6c-ba03-b5454e802671@group-CB1B13D918BE: changes role from      null to FOLLOWER at term 0 for startAsFollower
datanode_3  | 2019-10-20 17:54:20,445 INFO server.RaftServerConfigKeys: raft.server.watch.element-limit = 65536 (default)
datanode_1  | 2019-10-20 17:54:21,488 INFO impl.RoleInfo: 32e55d59-eea8-4fff-a6ee-1870662a0171: start FollowerState
scm_1       | 2019-10-20 17:55:09,007 INFO server.SCMBlockProtocolServer: Allocating 1 blocks of size 268435456, with ExcludeList {datanodes = [], containerIds = [], pipelineIds = []}
rm_1        | Oct 20, 2019 5:54:04 PM com.sun.jersey.guice.spi.container.GuiceComponentProviderFactory register
nm_1        | 2019-10-20 17:54:07 INFO  Client:948 - Retrying connect to server: rm/172.18.0.4:8031. Already tried 0 time(s); retry policy is RetryUpToMaximumCountWithFixedSleep(maxRetries=10, sleepTime=1000 MILLISECONDS)
datanode_2  | 2019-10-20 17:54:20,954 INFO impl.RoleInfo: 05a9c6a7-9b36-4c6c-ba03-b5454e802671: start FollowerState
datanode_3  | 2019-10-20 17:54:20,457 INFO impl.RoleInfo: 0d2a03a3-6b8a-44cb-ad0f-b53da6431639: start LeaderState
datanode_1  | 2019-10-20 17:54:21,493 INFO util.JmxRegister: Successfully registered JMX Bean with object name Ratis:service=RaftServer,group=group-2FA2E06D7CE5,id=32e55d59-eea8-4fff-a6ee-1870662a0171
scm_1       | 2019-10-20 17:55:09,058 INFO server.SCMBlockProtocolServer: Allocating 1 blocks of size 268435456, with ExcludeList {datanodes = [], containerIds = [], pipelineIds = []}
rm_1        | INFO: Registering org.apache.hadoop.yarn.server.resourcemanager.webapp.JAXBContextResolver as a provider class
nm_1        | 2019-10-20 17:54:07 INFO  NMContainerTokenSecretManager:143 - Rolling master-key for container-tokens, got key with id 988483799
datanode_2  | 2019-10-20 17:54:20,958 INFO util.JmxRegister: Successfully registered JMX Bean with object name Ratis:service=RaftServer,group=group-CB1B13D918BE,id=05a9c6a7-9b36-4c6c-ba03-b5454e802671
datanode_3  | 2019-10-20 17:54:20,473 INFO segmented.SegmentedRaftLogWorker: 0d2a03a3-6b8a-44cb-ad0f-b53da6431639@group-6D3E9CACB0F7-SegmentedRaftLogWorker: Starting segment from index:0
datanode_1  | 2019-10-20 17:54:21,600 INFO impl.RaftServerProxy: 32e55d59-eea8-4fff-a6ee-1870662a0171: addNew group-2343BB5959E4:[32e55d59-eea8-4fff-a6ee-1870662a0171:172.18.0.7:9858, 0d2a03a3-6b8a-44cb-ad0f-b53da6431639:172.18.0.9:9858, 05a9c6a7-9b36-4c6c-ba03-b5454e802671:172.18.0.5:9858] returns group-2343BB5959E4:java.util.concurrent.CompletableFuture@16ad59ca[Not completed]
scm_1       | 2019-10-20 17:55:09,615 INFO server.SCMBlockProtocolServer: Allocating 1 blocks of size 268435456, with ExcludeList {datanodes = [], containerIds = [], pipelineIds = []}
rm_1        | Oct 20, 2019 5:54:04 PM com.sun.jersey.guice.spi.container.GuiceComponentProviderFactory register
nm_1        | 2019-10-20 17:54:07 INFO  NMTokenSecretManagerInNM:143 - Rolling master-key for container-tokens, got key with id 906978008
datanode_2  | 2019-10-20 17:54:20,985 INFO impl.FollowerState: 05a9c6a7-9b36-4c6c-ba03-b5454e802671@group-CB1B13D918BE-FollowerState: change to CANDIDATE, lastRpcTime:31ms, electionTimeout:30ms
datanode_3  | 2019-10-20 17:54:20,481 INFO impl.RaftServerImpl: 0d2a03a3-6b8a-44cb-ad0f-b53da6431639@group-6D3E9CACB0F7: set configuration 0: [0d2a03a3-6b8a-44cb-ad0f-b53da6431639:172.18.0.9:9858], old=null at 0
scm_1       | 2019-10-20 17:55:20,804 INFO server.SCMBlockProtocolServer: Allocating 1 blocks of size 268435456, with ExcludeList {datanodes = [], containerIds = [], pipelineIds = []}
datanode_1  | 2019-10-20 17:54:21,603 INFO impl.RaftServerImpl: 32e55d59-eea8-4fff-a6ee-1870662a0171: new RaftServerImpl for group-2343BB5959E4:[32e55d59-eea8-4fff-a6ee-1870662a0171:172.18.0.7:9858, 0d2a03a3-6b8a-44cb-ad0f-b53da6431639:172.18.0.9:9858, 05a9c6a7-9b36-4c6c-ba03-b5454e802671:172.18.0.5:9858] with ContainerStateMachine:uninitialized
rm_1        | INFO: Registering org.apache.hadoop.yarn.server.resourcemanager.webapp.RMWebServices as a root resource class
nm_1        | 2019-10-20 17:54:07 INFO  NodeStatusUpdaterImpl:477 - Registered with ResourceManager as nm:32797 with total resource of <memory:8192, vCores:8>
datanode_2  | 2019-10-20 17:54:20,987 INFO impl.RoleInfo: 05a9c6a7-9b36-4c6c-ba03-b5454e802671: shutdown FollowerState
datanode_3  | 2019-10-20 17:54:20,582 INFO segmented.SegmentedRaftLogWorker: 0d2a03a3-6b8a-44cb-ad0f-b53da6431639@group-6D3E9CACB0F7-SegmentedRaftLogWorker: created new log segment /data/metadata/ratis/ef3e0d0b-ee67-4d2a-aebb-6d3e9cacb0f7/current/log_inprogress_0
scm_1       | 2019-10-20 17:55:20,989 INFO server.SCMBlockProtocolServer: Allocating 1 blocks of size 268435456, with ExcludeList {datanodes = [], containerIds = [], pipelineIds = []}
datanode_1  | 2019-10-20 17:54:21,603 INFO server.RaftServerConfigKeys: raft.server.rpc.timeout.min = 5s (custom)
rm_1        | Oct 20, 2019 5:54:04 PM com.sun.jersey.guice.spi.container.GuiceComponentProviderFactory register
nm_1        | 2019-10-20 17:55:11 INFO  Server:1849 - Auth successful for appattempt_1571594046069_0001_000001 (auth:SIMPLE)
datanode_2  | 2019-10-20 17:54:20,988 INFO impl.RaftServerImpl: 05a9c6a7-9b36-4c6c-ba03-b5454e802671@group-CB1B13D918BE: changes role from  FOLLOWER to CANDIDATE at term 0 for changeToCandidate
datanode_3  | 2019-10-20 17:54:21,601 INFO impl.RaftServerProxy: 0d2a03a3-6b8a-44cb-ad0f-b53da6431639: addNew group-2343BB5959E4:[32e55d59-eea8-4fff-a6ee-1870662a0171:172.18.0.7:9858, 0d2a03a3-6b8a-44cb-ad0f-b53da6431639:172.18.0.9:9858, 05a9c6a7-9b36-4c6c-ba03-b5454e802671:172.18.0.5:9858] returns group-2343BB5959E4:java.util.concurrent.CompletableFuture@5fc90167[Not completed]
scm_1       | 2019-10-20 17:55:44,925 INFO server.SCMBlockProtocolServer: Allocating 1 blocks of size 268435456, with ExcludeList {datanodes = [], containerIds = [], pipelineIds = []}
datanode_1  | 2019-10-20 17:54:21,603 INFO server.RaftServerConfigKeys: raft.server.rpc.timeout.max = 5200ms (custom)
rm_1        | INFO: Registering org.apache.hadoop.yarn.webapp.GenericExceptionHandler as a provider class
nm_1        | 2019-10-20 17:55:11 INFO  ContainerManagerImpl:1070 - Start request for container_1571594046069_0001_01_000001 by user hadoop
datanode_2  | 2019-10-20 17:54:20,992 INFO impl.RoleInfo: 05a9c6a7-9b36-4c6c-ba03-b5454e802671: start LeaderElection
datanode_3  | 2019-10-20 17:54:21,604 INFO impl.RaftServerImpl: 0d2a03a3-6b8a-44cb-ad0f-b53da6431639: new RaftServerImpl for group-2343BB5959E4:[32e55d59-eea8-4fff-a6ee-1870662a0171:172.18.0.7:9858, 0d2a03a3-6b8a-44cb-ad0f-b53da6431639:172.18.0.9:9858, 05a9c6a7-9b36-4c6c-ba03-b5454e802671:172.18.0.5:9858] with ContainerStateMachine:uninitialized
scm_1       | 2019-10-20 17:55:46,355 INFO server.SCMBlockProtocolServer: Allocating 1 blocks of size 268435456, with ExcludeList {datanodes = [], containerIds = [], pipelineIds = []}
datanode_1  | 2019-10-20 17:54:21,603 INFO server.RaftServerConfigKeys: raft.server.rpcslowness.timeout = 120s (custom)
rm_1        | Oct 20, 2019 5:54:04 PM com.sun.jersey.server.impl.application.WebApplicationImpl _initiate
nm_1        | 2019-10-20 17:55:11 INFO  ContainerManagerImpl:1122 - Creating a new application reference for app application_1571594046069_0001
datanode_2  | 2019-10-20 17:54:21,013 INFO impl.LeaderElection: 05a9c6a7-9b36-4c6c-ba03-b5454e802671@group-CB1B13D918BE-LeaderElection1: begin an election at term 1 for -1: [05a9c6a7-9b36-4c6c-ba03-b5454e802671:172.18.0.5:9858], old=null
datanode_3  | 2019-10-20 17:54:21,604 INFO server.RaftServerConfigKeys: raft.server.rpc.timeout.min = 5s (custom)
scm_1       | 2019-10-20 17:55:46,583 INFO server.SCMBlockProtocolServer: Allocating 1 blocks of size 268435456, with ExcludeList {datanodes = [], containerIds = [], pipelineIds = []}
datanode_1  | 2019-10-20 17:54:21,604 INFO server.RaftServerConfigKeys: raft.server.sleep.deviation.threshold = 300 (default)
rm_1        | INFO: Initiating Jersey application, version 'Jersey: 1.19 02/11/2015 03:25 AM'
nm_1        | 2019-10-20 17:55:11 INFO  NMAuditLogger:94 - USER=hadoop	IP=172.18.0.4	OPERATION=Start Container Request	TARGET=ContainerManageImpl	RESULT=SUCCESS	APPID=application_1571594046069_0001	CONTAINERID=container_1571594046069_0001_01_000001
datanode_2  | 2019-10-20 17:54:21,015 INFO impl.RoleInfo: 05a9c6a7-9b36-4c6c-ba03-b5454e802671: shutdown LeaderElection
datanode_3  | 2019-10-20 17:54:21,605 INFO server.RaftServerConfigKeys: raft.server.rpc.timeout.max = 5200ms (custom)
scm_1       | 2019-10-20 17:55:46,641 INFO server.SCMBlockProtocolServer: Allocating 1 blocks of size 268435456, with ExcludeList {datanodes = [], containerIds = [], pipelineIds = []}
datanode_1  | 2019-10-20 17:54:21,604 INFO server.RaftServerConfigKeys: raft.server.log.appender.install.snapshot.enabled = false (custom)
rm_1        | Oct 20, 2019 5:54:04 PM com.sun.jersey.guice.spi.container.GuiceComponentProviderFactory getComponentProvider
nm_1        | 2019-10-20 17:55:11 INFO  ApplicationImpl:655 - Application application_1571594046069_0001 transitioned from NEW to INITING
datanode_2  | 2019-10-20 17:54:21,015 INFO impl.RaftServerImpl: 05a9c6a7-9b36-4c6c-ba03-b5454e802671@group-CB1B13D918BE: changes role from CANDIDATE to LEADER at term 1 for changeToLeader
datanode_3  | 2019-10-20 17:54:21,605 INFO server.RaftServerConfigKeys: raft.server.rpcslowness.timeout = 120s (custom)
scm_1       | 2019-10-20 17:55:46,654 INFO server.SCMBlockProtocolServer: Allocating 1 blocks of size 268435456, with ExcludeList {datanodes = [], containerIds = [], pipelineIds = []}
datanode_1  | 2019-10-20 17:54:21,604 INFO impl.RaftServerImpl: 32e55d59-eea8-4fff-a6ee-1870662a0171@group-2343BB5959E4: ConfigurationManager, init=-1: [32e55d59-eea8-4fff-a6ee-1870662a0171:172.18.0.7:9858, 0d2a03a3-6b8a-44cb-ad0f-b53da6431639:172.18.0.9:9858, 05a9c6a7-9b36-4c6c-ba03-b5454e802671:172.18.0.5:9858], old=null, confs=<EMPTY_MAP>
rm_1        | INFO: Binding org.apache.hadoop.yarn.server.resourcemanager.webapp.JAXBContextResolver to GuiceManagedComponentProvider with the scope "Singleton"
nm_1        | 2019-10-20 17:55:11 INFO  ApplicationImpl:463 - Adding container_1571594046069_0001_01_000001 to application application_1571594046069_0001
datanode_2  | 2019-10-20 17:54:21,015 INFO impl.RaftServerImpl: 05a9c6a7-9b36-4c6c-ba03-b5454e802671@group-CB1B13D918BE: change Leader from null to 05a9c6a7-9b36-4c6c-ba03-b5454e802671 at term 1 for becomeLeader, leader elected after 177ms
datanode_3  | 2019-10-20 17:54:21,605 INFO server.RaftServerConfigKeys: raft.server.sleep.deviation.threshold = 300 (default)
scm_1       | 2019-10-20 17:55:46,714 INFO server.SCMBlockProtocolServer: Allocating 1 blocks of size 268435456, with ExcludeList {datanodes = [], containerIds = [], pipelineIds = []}
rm_1        | Oct 20, 2019 5:54:05 PM com.sun.jersey.guice.spi.container.GuiceComponentProviderFactory getComponentProvider
nm_1        | 2019-10-20 17:55:11 INFO  ApplicationImpl:655 - Application application_1571594046069_0001 transitioned from INITING to RUNNING
datanode_3  | 2019-10-20 17:54:21,605 INFO server.RaftServerConfigKeys: raft.server.log.appender.install.snapshot.enabled = false (custom)
datanode_2  | 2019-10-20 17:54:21,019 INFO server.RaftServerConfigKeys: raft.server.staging.catchup.gap = 1000 (default)
scm_1       | 2019-10-20 17:55:46,873 INFO server.SCMBlockProtocolServer: Allocating 1 blocks of size 268435456, with ExcludeList {datanodes = [], containerIds = [], pipelineIds = []}
datanode_1  | 2019-10-20 17:54:21,604 INFO server.RaftServerConfigKeys: raft.server.storage.dir = [/data/metadata/ratis] (custom)
rm_1        | INFO: Binding org.apache.hadoop.yarn.webapp.GenericExceptionHandler to GuiceManagedComponentProvider with the scope "Singleton"
nm_1        | 2019-10-20 17:55:11 INFO  ContainerImpl:2112 - Container container_1571594046069_0001_01_000001 transitioned from NEW to LOCALIZING
datanode_3  | 2019-10-20 17:54:21,605 INFO impl.RaftServerImpl: 0d2a03a3-6b8a-44cb-ad0f-b53da6431639@group-2343BB5959E4: ConfigurationManager, init=-1: [32e55d59-eea8-4fff-a6ee-1870662a0171:172.18.0.7:9858, 0d2a03a3-6b8a-44cb-ad0f-b53da6431639:172.18.0.9:9858, 05a9c6a7-9b36-4c6c-ba03-b5454e802671:172.18.0.5:9858], old=null, confs=<EMPTY_MAP>
datanode_2  | 2019-10-20 17:54:21,019 INFO server.RaftServerConfigKeys: raft.server.rpc.sleep.time = 25ms (default)
scm_1       | 2019-10-20 17:55:47,077 INFO server.SCMBlockProtocolServer: Allocating 1 blocks of size 268435456, with ExcludeList {datanodes = [], containerIds = [], pipelineIds = []}
rm_1        | Oct 20, 2019 5:54:05 PM com.sun.jersey.guice.spi.container.GuiceComponentProviderFactory getComponentProvider
nm_1        | 2019-10-20 17:55:11 INFO  AuxServices:350 - Got event CONTAINER_INIT for appId application_1571594046069_0001
datanode_1  | 2019-10-20 17:54:21,605 INFO server.RaftServerConfigKeys: raft.server.log.corruption.policy = EXCEPTION (default)
datanode_3  | 2019-10-20 17:54:21,605 INFO server.RaftServerConfigKeys: raft.server.storage.dir = [/data/metadata/ratis] (custom)
datanode_2  | 2019-10-20 17:54:21,022 INFO server.RaftServerConfigKeys: raft.server.write.element-limit = 4096 (default)
scm_1       | 2019-10-20 17:55:52,750 INFO server.SCMBlockProtocolServer: Allocating 1 blocks of size 268435456, with ExcludeList {datanodes = [], containerIds = [], pipelineIds = []}
rm_1        | INFO: Binding org.apache.hadoop.yarn.server.resourcemanager.webapp.RMWebServices to GuiceManagedComponentProvider with the scope "Singleton"
nm_1        | 2019-10-20 17:55:11 INFO  ResourceLocalizationService:798 - Created localizer for container_1571594046069_0001_01_000001
datanode_1  | 2019-10-20 17:54:21,605 INFO storage.RaftStorageDirectory: The storage directory /data/metadata/ratis/9aeee277-2240-43ac-b7bd-2343bb5959e4 does not exist. Creating ...
datanode_3  | 2019-10-20 17:54:21,606 INFO server.RaftServerConfigKeys: raft.server.log.corruption.policy = EXCEPTION (default)
datanode_2  | 2019-10-20 17:54:21,026 INFO server.RaftServerConfigKeys: raft.server.watch.timeout = 10s (default)
scm_1       | 2019-10-20 17:55:54,305 INFO server.SCMBlockProtocolServer: Allocating 1 blocks of size 268435456, with ExcludeList {datanodes = [], containerIds = [], pipelineIds = []}
rm_1        | 2019-10-20 17:54:05 INFO  ContextHandler:781 - Started o.e.j.w.WebAppContext@30501e60{/,file:///tmp/jetty-rm-8088-cluster-_-any-4070835860488031970.dir/webapp/,AVAILABLE}{/cluster}
nm_1        | 2019-10-20 17:55:11 INFO  ResourceLocalizationService:1328 - Writing credentials to the nmPrivate file /tmp/hadoop-hadoop/nm-local-dir/nmPrivate/container_1571594046069_0001_01_000001.tokens
datanode_1  | 2019-10-20 17:54:21,621 INFO storage.RaftStorageDirectory: Lock on /data/metadata/ratis/9aeee277-2240-43ac-b7bd-2343bb5959e4/in_use.lock acquired by nodename 7@b0deebc7c4fe
datanode_3  | 2019-10-20 17:54:21,606 INFO storage.RaftStorageDirectory: The storage directory /data/metadata/ratis/9aeee277-2240-43ac-b7bd-2343bb5959e4 does not exist. Creating ...
scm_1       | 2019-10-20 17:55:54,393 INFO server.SCMBlockProtocolServer: Allocating 1 blocks of size 268435456, with ExcludeList {datanodes = [], containerIds = [], pipelineIds = []}
rm_1        | 2019-10-20 17:54:05 INFO  AbstractConnector:278 - Started ServerConnector@56a77bed{HTTP/1.1,[http/1.1]}{rm:8088}
datanode_2  | 2019-10-20 17:54:21,027 INFO server.RaftServerConfigKeys: raft.server.watch.timeout.denomination = 1s (default)
datanode_3  | 2019-10-20 17:54:21,621 INFO storage.RaftStorageDirectory: Lock on /data/metadata/ratis/9aeee277-2240-43ac-b7bd-2343bb5959e4/in_use.lock acquired by nodename 7@01a5b5e5750c
scm_1       | 2019-10-20 17:55:54,432 INFO server.SCMBlockProtocolServer: Allocating 1 blocks of size 268435456, with ExcludeList {datanodes = [], containerIds = [], pipelineIds = []}
nm_1        | 2019-10-20 17:55:11 INFO  DefaultContainerExecutor:836 - Initializing user hadoop
datanode_1  | 2019-10-20 17:54:21,636 INFO storage.RaftStorage: Storage directory /data/metadata/ratis/9aeee277-2240-43ac-b7bd-2343bb5959e4 has been successfully formatted.
rm_1        | 2019-10-20 17:54:05 INFO  Server:419 - Started @4276ms
datanode_2  | 2019-10-20 17:54:21,027 INFO server.RaftServerConfigKeys: raft.server.watch.element-limit = 65536 (default)
datanode_3  | 2019-10-20 17:54:21,636 INFO storage.RaftStorage: Storage directory /data/metadata/ratis/9aeee277-2240-43ac-b7bd-2343bb5959e4 has been successfully formatted.
scm_1       | 2019-10-20 17:56:03,099 INFO server.SCMBlockProtocolServer: Allocating 1 blocks of size 268435456, with ExcludeList {datanodes = [], containerIds = [], pipelineIds = []}
nm_1        | 2019-10-20 17:55:11 INFO  DefaultContainerExecutor:166 - Copying from /tmp/hadoop-hadoop/nm-local-dir/nmPrivate/container_1571594046069_0001_01_000001.tokens to /tmp/hadoop-hadoop/nm-local-dir/usercache/hadoop/appcache/application_1571594046069_0001/container_1571594046069_0001_01_000001.tokens
datanode_1  | 2019-10-20 17:54:21,636 [pool-8-thread-1] INFO       - group-2343BB5959E4: The snapshot info is null. Setting the last applied indexto:(t:0, i:~)
rm_1        | 2019-10-20 17:54:05 INFO  WebApps:440 - Web app cluster started at 8088
datanode_2  | 2019-10-20 17:54:21,040 INFO impl.RoleInfo: 05a9c6a7-9b36-4c6c-ba03-b5454e802671: start LeaderState
datanode_3  | 2019-10-20 17:54:21,636 [pool-8-thread-1] INFO       - group-2343BB5959E4: The snapshot info is null. Setting the last applied indexto:(t:0, i:~)
scm_1       | 2019-10-20 17:56:03,296 INFO server.SCMBlockProtocolServer: Allocating 1 blocks of size 268435456, with ExcludeList {datanodes = [], containerIds = [], pipelineIds = []}
nm_1        | 2019-10-20 17:55:11 INFO  DefaultContainerExecutor:174 - Localizer CWD set to /tmp/hadoop-hadoop/nm-local-dir/usercache/hadoop/appcache/application_1571594046069_0001 = file:/tmp/hadoop-hadoop/nm-local-dir/usercache/hadoop/appcache/application_1571594046069_0001
datanode_1  | 2019-10-20 17:54:21,637 INFO server.RaftServerConfigKeys: raft.server.notification.no-leader.timeout = 120s (custom)
rm_1        | 2019-10-20 17:54:05 INFO  CallQueueManager:84 - Using callQueue: class java.util.concurrent.LinkedBlockingQueue, queueCapacity: 100, scheduler: class org.apache.hadoop.ipc.DefaultRpcScheduler, ipcBackoff: false.
datanode_2  | 2019-10-20 17:54:21,056 INFO segmented.SegmentedRaftLogWorker: 05a9c6a7-9b36-4c6c-ba03-b5454e802671@group-CB1B13D918BE-SegmentedRaftLogWorker: Starting segment from index:0
datanode_3  | 2019-10-20 17:54:21,637 INFO server.RaftServerConfigKeys: raft.server.notification.no-leader.timeout = 120s (custom)
datanode_1  | 2019-10-20 17:54:21,637 INFO server.RaftServerConfigKeys: raft.server.log.use.memory = false (default)
nm_1        | 2019-10-20 17:55:12 WARN  MetricsSystemImpl:151 - NodeManager metrics system already initialized!
scm_1       | 2019-10-20 17:56:16,331 INFO server.SCMBlockProtocolServer: Allocating 1 blocks of size 268435456, with ExcludeList {datanodes = [], containerIds = [], pipelineIds = []}
rm_1        | 2019-10-20 17:54:05 INFO  Server:1074 - Starting Socket Reader #1 for port 8033
datanode_2  | 2019-10-20 17:54:21,064 INFO impl.RaftServerImpl: 05a9c6a7-9b36-4c6c-ba03-b5454e802671@group-CB1B13D918BE: set configuration 0: [05a9c6a7-9b36-4c6c-ba03-b5454e802671:172.18.0.5:9858], old=null at 0
datanode_3  | 2019-10-20 17:54:21,637 INFO server.RaftServerConfigKeys: raft.server.log.use.memory = false (default)
datanode_1  | 2019-10-20 17:54:21,637 INFO server.RaftServerConfigKeys: raft.server.log.purge.gap = 1000000 (custom)
nm_1        | 2019-10-20 17:55:13 INFO  ContainerImpl:2112 - Container container_1571594046069_0001_01_000001 transitioned from LOCALIZING to SCHEDULED
scm_1       | 2019-10-20 17:56:17,677 INFO server.SCMBlockProtocolServer: Allocating 1 blocks of size 268435456, with ExcludeList {datanodes = [], containerIds = [], pipelineIds = []}
rm_1        | 2019-10-20 17:54:06 INFO  RpcServerFactoryPBImpl:173 - Adding protocol org.apache.hadoop.yarn.server.api.ResourceManagerAdministrationProtocolPB to the server
datanode_2  | 2019-10-20 17:54:21,167 INFO segmented.SegmentedRaftLogWorker: 05a9c6a7-9b36-4c6c-ba03-b5454e802671@group-CB1B13D918BE-SegmentedRaftLogWorker: created new log segment /data/metadata/ratis/3d0158a2-cced-47cf-bd01-cb1b13d918be/current/log_inprogress_0
datanode_1  | 2019-10-20 17:54:21,637 INFO server.RaftServerConfigKeys: raft.server.log.appender.buffer.byte-limit = 33554432 (custom)
datanode_3  | 2019-10-20 17:54:21,637 INFO server.RaftServerConfigKeys: raft.server.log.purge.gap = 1000000 (custom)
nm_1        | 2019-10-20 17:55:13 INFO  ContainerScheduler:541 - Starting container [container_1571594046069_0001_01_000001]
scm_1       | 2019-10-20 17:56:17,733 INFO server.SCMBlockProtocolServer: Allocating 1 blocks of size 268435456, with ExcludeList {datanodes = [], containerIds = [], pipelineIds = []}
rm_1        | 2019-10-20 17:54:06 INFO  Server:1314 - IPC Server Responder: starting
datanode_2  | 2019-10-20 17:54:21,589 INFO impl.RaftServerProxy: 05a9c6a7-9b36-4c6c-ba03-b5454e802671: addNew group-2343BB5959E4:[32e55d59-eea8-4fff-a6ee-1870662a0171:172.18.0.7:9858, 0d2a03a3-6b8a-44cb-ad0f-b53da6431639:172.18.0.9:9858, 05a9c6a7-9b36-4c6c-ba03-b5454e802671:172.18.0.5:9858] returns group-2343BB5959E4:java.util.concurrent.CompletableFuture@4930d9f6[Not completed]
datanode_1  | 2019-10-20 17:54:21,638 INFO server.RaftServerConfigKeys: raft.server.log.segment.size.max = 1048576 (custom)
datanode_3  | 2019-10-20 17:54:21,637 INFO server.RaftServerConfigKeys: raft.server.log.appender.buffer.byte-limit = 33554432 (custom)
nm_1        | 2019-10-20 17:55:14 INFO  ContainerImpl:2112 - Container container_1571594046069_0001_01_000001 transitioned from SCHEDULED to RUNNING
scm_1       | 2019-10-20 17:56:17,744 INFO server.SCMBlockProtocolServer: Allocating 1 blocks of size 268435456, with ExcludeList {datanodes = [], containerIds = [], pipelineIds = []}
rm_1        | 2019-10-20 17:54:06 INFO  Server:1153 - IPC Server listener on 8033: starting
datanode_2  | 2019-10-20 17:54:21,591 INFO impl.RaftServerImpl: 05a9c6a7-9b36-4c6c-ba03-b5454e802671: new RaftServerImpl for group-2343BB5959E4:[32e55d59-eea8-4fff-a6ee-1870662a0171:172.18.0.7:9858, 0d2a03a3-6b8a-44cb-ad0f-b53da6431639:172.18.0.9:9858, 05a9c6a7-9b36-4c6c-ba03-b5454e802671:172.18.0.5:9858] with ContainerStateMachine:uninitialized
datanode_1  | 2019-10-20 17:54:21,638 INFO server.RaftServerConfigKeys: raft.server.log.segment.cache.num.max = 2 (custom)
datanode_3  | 2019-10-20 17:54:21,638 INFO server.RaftServerConfigKeys: raft.server.log.segment.size.max = 1048576 (custom)
nm_1        | 2019-10-20 17:55:14 INFO  ContainersMonitorImpl:1013 - Starting resource-monitoring for container_1571594046069_0001_01_000001
scm_1       | 2019-10-20 17:56:17,802 INFO server.SCMBlockProtocolServer: Allocating 1 blocks of size 268435456, with ExcludeList {datanodes = [], containerIds = [], pipelineIds = []}
rm_1        | 2019-10-20 17:54:06 INFO  ResourceManager:1292 - Transitioning to active state
datanode_2  | 2019-10-20 17:54:21,592 INFO server.RaftServerConfigKeys: raft.server.rpc.timeout.min = 5s (custom)
datanode_1  | 2019-10-20 17:54:21,638 INFO segmented.SegmentedRaftLogWorker: new 32e55d59-eea8-4fff-a6ee-1870662a0171@group-2343BB5959E4-SegmentedRaftLogWorker for RaftStorage:Storage Directory /data/metadata/ratis/9aeee277-2240-43ac-b7bd-2343bb5959e4
datanode_3  | 2019-10-20 17:54:21,638 INFO server.RaftServerConfigKeys: raft.server.log.segment.cache.num.max = 2 (custom)
nm_1        | 2019-10-20 17:55:14 INFO  DefaultContainerExecutor:370 - launchContainer: [bash, /tmp/hadoop-hadoop/nm-local-dir/usercache/hadoop/appcache/application_1571594046069_0001/container_1571594046069_0001_01_000001/default_container_executor.sh]
scm_1       | 2019-10-20 17:56:17,914 INFO server.SCMBlockProtocolServer: Allocating 1 blocks of size 268435456, with ExcludeList {datanodes = [], containerIds = [], pipelineIds = []}
rm_1        | 2019-10-20 17:54:06 INFO  RMStateStore:550 - Updating AMRMToken
datanode_1  | 2019-10-20 17:54:21,638 INFO server.RaftServerConfigKeys: raft.server.log.queue.byte-limit = 2147483647 (custom)
datanode_2  | 2019-10-20 17:54:21,592 INFO server.RaftServerConfigKeys: raft.server.rpc.timeout.max = 5200ms (custom)
datanode_3  | 2019-10-20 17:54:21,638 INFO segmented.SegmentedRaftLogWorker: new 0d2a03a3-6b8a-44cb-ad0f-b53da6431639@group-2343BB5959E4-SegmentedRaftLogWorker for RaftStorage:Storage Directory /data/metadata/ratis/9aeee277-2240-43ac-b7bd-2343bb5959e4
nm_1        | 2019-10-20 17:55:15 INFO  ContainersMonitorImpl:615 - container_1571594046069_0001_01_000001's ip = 172.18.0.3, and hostname = nm
scm_1       | 2019-10-20 17:56:18,078 INFO server.SCMBlockProtocolServer: Allocating 1 blocks of size 268435456, with ExcludeList {datanodes = [], containerIds = [], pipelineIds = []}
rm_1        | 2019-10-20 17:54:06 INFO  RMContainerTokenSecretManager:109 - Rolling master-key for container-tokens
datanode_2  | 2019-10-20 17:54:21,592 INFO server.RaftServerConfigKeys: raft.server.rpcslowness.timeout = 120s (custom)
datanode_1  | 2019-10-20 17:54:21,638 INFO server.RaftServerConfigKeys: raft.server.log.queue.element-limit = 1024 (custom)
datanode_3  | 2019-10-20 17:54:21,638 INFO server.RaftServerConfigKeys: raft.server.log.queue.byte-limit = 2147483647 (custom)
nm_1        | 2019-10-20 17:55:18 INFO  ContainersMonitorImpl:516 - Skipping monitoring container container_1571594046069_0001_01_000001 since CPU usage is not yet available.
rm_1        | 2019-10-20 17:54:06 INFO  NMTokenSecretManagerInRM:95 - Rolling master-key for nm-tokens
datanode_2  | 2019-10-20 17:54:21,592 INFO server.RaftServerConfigKeys: raft.server.sleep.deviation.threshold = 300 (default)
datanode_1  | 2019-10-20 17:54:21,638 INFO server.RaftServerConfigKeys: raft.server.log.segment.size.max = 1048576 (custom)
datanode_3  | 2019-10-20 17:54:21,638 INFO server.RaftServerConfigKeys: raft.server.log.queue.element-limit = 1024 (custom)
nm_1        | 2019-10-20 17:55:24 INFO  Server:1849 - Auth successful for appattempt_1571594046069_0001_000001 (auth:SIMPLE)
rm_1        | 2019-10-20 17:54:06 INFO  AbstractDelegationTokenSecretManager:343 - Updating the current master key for generating delegation tokens
datanode_2  | 2019-10-20 17:54:21,592 INFO server.RaftServerConfigKeys: raft.server.log.appender.install.snapshot.enabled = false (custom)
datanode_3  | 2019-10-20 17:54:21,638 INFO server.RaftServerConfigKeys: raft.server.log.segment.size.max = 1048576 (custom)
datanode_1  | 2019-10-20 17:54:21,639 INFO server.RaftServerConfigKeys: raft.server.log.preallocated.size = 16384 (custom)
nm_1        | 2019-10-20 17:55:24 INFO  ContainerManagerImpl:1070 - Start request for container_1571594046069_0001_01_000002 by user hadoop
datanode_2  | 2019-10-20 17:54:21,592 INFO impl.RaftServerImpl: 05a9c6a7-9b36-4c6c-ba03-b5454e802671@group-2343BB5959E4: ConfigurationManager, init=-1: [32e55d59-eea8-4fff-a6ee-1870662a0171:172.18.0.7:9858, 0d2a03a3-6b8a-44cb-ad0f-b53da6431639:172.18.0.9:9858, 05a9c6a7-9b36-4c6c-ba03-b5454e802671:172.18.0.5:9858], old=null, confs=<EMPTY_MAP>
rm_1        | 2019-10-20 17:54:06 INFO  RMDelegationTokenSecretManager:92 - storing master key with keyID 1
datanode_3  | 2019-10-20 17:54:21,639 INFO server.RaftServerConfigKeys: raft.server.log.preallocated.size = 16384 (custom)
datanode_1  | 2019-10-20 17:54:21,639 INFO server.RaftServerConfigKeys: raft.server.log.write.buffer.size = 33554432 (custom)
nm_1        | 2019-10-20 17:55:24 INFO  NMAuditLogger:94 - USER=hadoop	IP=172.18.0.3	OPERATION=Start Container Request	TARGET=ContainerManageImpl	RESULT=SUCCESS	APPID=application_1571594046069_0001	CONTAINERID=container_1571594046069_0001_01_000002
datanode_2  | 2019-10-20 17:54:21,592 INFO server.RaftServerConfigKeys: raft.server.storage.dir = [/data/metadata/ratis] (custom)
rm_1        | 2019-10-20 17:54:06 INFO  RMStateStore:501 - Storing RMDTMasterKey.
datanode_3  | 2019-10-20 17:54:21,639 INFO server.RaftServerConfigKeys: raft.server.log.write.buffer.size = 33554432 (custom)
datanode_1  | 2019-10-20 17:54:21,640 INFO server.RaftServerConfigKeys: raft.server.log.force.sync.num = 128 (default)
nm_1        | 2019-10-20 17:55:24 INFO  ApplicationImpl:463 - Adding container_1571594046069_0001_01_000002 to application application_1571594046069_0001
datanode_2  | 2019-10-20 17:54:21,593 INFO server.RaftServerConfigKeys: raft.server.log.corruption.policy = EXCEPTION (default)
rm_1        | 2019-10-20 17:54:06 INFO  AbstractDelegationTokenSecretManager:675 - Starting expired delegation token remover thread, tokenRemoverScanInterval=60 min(s)
datanode_3  | 2019-10-20 17:54:21,639 INFO server.RaftServerConfigKeys: raft.server.log.force.sync.num = 128 (default)
datanode_1  | 2019-10-20 17:54:21,640 INFO server.RaftServerConfigKeys: raft.server.log.statemachine.data.sync = true (default)
nm_1        | 2019-10-20 17:55:24 INFO  ContainerImpl:2112 - Container container_1571594046069_0001_01_000002 transitioned from NEW to LOCALIZING
datanode_2  | 2019-10-20 17:54:21,593 INFO storage.RaftStorageDirectory: The storage directory /data/metadata/ratis/9aeee277-2240-43ac-b7bd-2343bb5959e4 does not exist. Creating ...
rm_1        | 2019-10-20 17:54:06 INFO  AbstractDelegationTokenSecretManager:343 - Updating the current master key for generating delegation tokens
datanode_3  | 2019-10-20 17:54:21,639 INFO server.RaftServerConfigKeys: raft.server.log.statemachine.data.sync = true (default)
datanode_1  | 2019-10-20 17:54:21,640 INFO server.RaftServerConfigKeys: raft.server.log.statemachine.data.sync.timeout = 10s (default)
nm_1        | 2019-10-20 17:55:24 INFO  AuxServices:350 - Got event CONTAINER_INIT for appId application_1571594046069_0001
datanode_2  | 2019-10-20 17:54:21,621 INFO storage.RaftStorageDirectory: Lock on /data/metadata/ratis/9aeee277-2240-43ac-b7bd-2343bb5959e4/in_use.lock acquired by nodename 7@d912d6cdd72f
rm_1        | 2019-10-20 17:54:06 INFO  RMDelegationTokenSecretManager:92 - storing master key with keyID 2
datanode_3  | 2019-10-20 17:54:21,639 INFO server.RaftServerConfigKeys: raft.server.log.statemachine.data.sync.timeout = 10s (default)
datanode_1  | 2019-10-20 17:54:21,640 INFO server.RaftServerConfigKeys: raft.server.log.statemachine.data.sync.timeout.retry = -1 (default)
nm_1        | 2019-10-20 17:55:24 INFO  AuxServices:350 - Got event APPLICATION_INIT for appId application_1571594046069_0001
datanode_2  | 2019-10-20 17:54:21,636 INFO storage.RaftStorage: Storage directory /data/metadata/ratis/9aeee277-2240-43ac-b7bd-2343bb5959e4 has been successfully formatted.
rm_1        | 2019-10-20 17:54:06 INFO  RMStateStore:501 - Storing RMDTMasterKey.
datanode_3  | 2019-10-20 17:54:21,640 INFO server.RaftServerConfigKeys: raft.server.log.statemachine.data.sync.timeout.retry = -1 (default)
datanode_1  | 2019-10-20 17:54:21,640 INFO server.RaftServerConfigKeys: raft.server.log.statemachine.data.caching.enabled = true (custom)
nm_1        | 2019-10-20 17:55:24 INFO  AuxServices:354 - Got APPLICATION_INIT for service mapreduce_shuffle
datanode_2  | 2019-10-20 17:54:21,636 [pool-8-thread-1] INFO       - group-2343BB5959E4: The snapshot info is null. Setting the last applied indexto:(t:0, i:~)
rm_1        | 2019-10-20 17:54:06 INFO  AsyncDispatcher:223 - Registering class org.apache.hadoop.yarn.nodelabels.event.NodeLabelsStoreEventType for class org.apache.hadoop.yarn.nodelabels.CommonNodeLabelsManager$ForwardingEventHandler
datanode_3  | 2019-10-20 17:54:21,640 INFO server.RaftServerConfigKeys: raft.server.log.statemachine.data.caching.enabled = true (custom)
datanode_1  | 2019-10-20 17:54:21,641 INFO segmented.SegmentedRaftLogWorker: 32e55d59-eea8-4fff-a6ee-1870662a0171@group-2343BB5959E4-SegmentedRaftLogWorker: flushIndex: setUnconditionally 0 -> -1
datanode_2  | 2019-10-20 17:54:21,637 INFO server.RaftServerConfigKeys: raft.server.notification.no-leader.timeout = 120s (custom)
nm_1        | 2019-10-20 17:55:24 INFO  ShuffleHandler:719 - Added token for job_1571594046069_0001
rm_1        | 2019-10-20 17:54:06 INFO  AbstractFSNodeStore:67 - Created store directory :file:/tmp/hadoop-yarn-hadoop/node-attribute
datanode_3  | 2019-10-20 17:54:21,640 INFO segmented.SegmentedRaftLogWorker: 0d2a03a3-6b8a-44cb-ad0f-b53da6431639@group-2343BB5959E4-SegmentedRaftLogWorker: flushIndex: setUnconditionally 0 -> -1
datanode_1  | 2019-10-20 17:54:21,641 INFO server.RaftServerConfigKeys: raft.server.snapshot.auto.trigger.enabled = true (custom)
datanode_2  | 2019-10-20 17:54:21,637 INFO server.RaftServerConfigKeys: raft.server.log.use.memory = false (default)
nm_1        | 2019-10-20 17:55:24 INFO  ContainerImpl:2112 - Container container_1571594046069_0001_01_000002 transitioned from LOCALIZING to SCHEDULED
rm_1        | 2019-10-20 17:54:06 INFO  AbstractFSNodeStore:181 - Finished write mirror at:file:/tmp/hadoop-yarn-hadoop/node-attribute/nodeattribute.mirror
datanode_3  | 2019-10-20 17:54:21,641 INFO server.RaftServerConfigKeys: raft.server.snapshot.auto.trigger.enabled = true (custom)
datanode_1  | 2019-10-20 17:54:21,641 INFO server.RaftServerConfigKeys: raft.server.snapshot.auto.trigger.threshold = 10000 (custom)
nm_1        | 2019-10-20 17:55:24 INFO  ContainerScheduler:541 - Starting container [container_1571594046069_0001_01_000002]
datanode_2  | 2019-10-20 17:54:21,637 INFO server.RaftServerConfigKeys: raft.server.log.purge.gap = 1000000 (custom)
rm_1        | 2019-10-20 17:54:06 INFO  AbstractFSNodeStore:182 - Finished create editlog file at:file:/tmp/hadoop-yarn-hadoop/node-attribute/nodeattribute.editlog
datanode_3  | 2019-10-20 17:54:21,641 INFO server.RaftServerConfigKeys: raft.server.snapshot.auto.trigger.threshold = 10000 (custom)
datanode_1  | 2019-10-20 17:54:21,642 INFO server.RaftServerConfigKeys: raft.server.snapshot.retention.file.num = 5 (custom)
nm_1        | 2019-10-20 17:55:24 INFO  ContainerImpl:2112 - Container container_1571594046069_0001_01_000002 transitioned from SCHEDULED to RUNNING
datanode_2  | 2019-10-20 17:54:21,637 INFO server.RaftServerConfigKeys: raft.server.log.appender.buffer.byte-limit = 33554432 (custom)
rm_1        | 2019-10-20 17:54:06 INFO  AsyncDispatcher:223 - Registering class org.apache.hadoop.yarn.server.resourcemanager.nodelabels.NodeAttributesStoreEventType for class org.apache.hadoop.yarn.server.resourcemanager.nodelabels.NodeAttributesManagerImpl$ForwardingEventHandler
datanode_3  | 2019-10-20 17:54:21,641 INFO server.RaftServerConfigKeys: raft.server.snapshot.retention.file.num = 5 (custom)
datanode_1  | 2019-10-20 17:54:21,642 INFO server.RaftServerConfigKeys: raft.server.retrycache.expirytime = 600000ms (custom)
nm_1        | 2019-10-20 17:55:24 INFO  ContainersMonitorImpl:1013 - Starting resource-monitoring for container_1571594046069_0001_01_000002
rm_1        | 2019-10-20 17:54:06 INFO  MultiNodeSortingManager:66 - Starting NodeSortingService=MultiNodeSortingManager
datanode_3  | 2019-10-20 17:54:21,641 INFO server.RaftServerConfigKeys: raft.server.retrycache.expirytime = 600000ms (custom)
datanode_2  | 2019-10-20 17:54:21,638 INFO server.RaftServerConfigKeys: raft.server.log.segment.size.max = 1048576 (custom)
datanode_1  | 2019-10-20 17:54:21,646 INFO impl.RaftServerImpl: 32e55d59-eea8-4fff-a6ee-1870662a0171@group-2343BB5959E4: start as a follower, conf=-1: [32e55d59-eea8-4fff-a6ee-1870662a0171:172.18.0.7:9858, 0d2a03a3-6b8a-44cb-ad0f-b53da6431639:172.18.0.9:9858, 05a9c6a7-9b36-4c6c-ba03-b5454e802671:172.18.0.5:9858], old=null
nm_1        | 2019-10-20 17:55:24 INFO  DefaultContainerExecutor:370 - launchContainer: [bash, /tmp/hadoop-hadoop/nm-local-dir/usercache/hadoop/appcache/application_1571594046069_0001/container_1571594046069_0001_01_000002/default_container_executor.sh]
rm_1        | 2019-10-20 17:54:06 INFO  CallQueueManager:84 - Using callQueue: class java.util.concurrent.LinkedBlockingQueue, queueCapacity: 5000, scheduler: class org.apache.hadoop.ipc.DefaultRpcScheduler, ipcBackoff: false.
datanode_3  | 2019-10-20 17:54:21,645 INFO impl.RaftServerImpl: 0d2a03a3-6b8a-44cb-ad0f-b53da6431639@group-2343BB5959E4: start as a follower, conf=-1: [32e55d59-eea8-4fff-a6ee-1870662a0171:172.18.0.7:9858, 0d2a03a3-6b8a-44cb-ad0f-b53da6431639:172.18.0.9:9858, 05a9c6a7-9b36-4c6c-ba03-b5454e802671:172.18.0.5:9858], old=null
datanode_2  | 2019-10-20 17:54:21,638 INFO server.RaftServerConfigKeys: raft.server.log.segment.cache.num.max = 2 (custom)
datanode_1  | 2019-10-20 17:54:21,646 INFO impl.RaftServerImpl: 32e55d59-eea8-4fff-a6ee-1870662a0171@group-2343BB5959E4: changes role from      null to FOLLOWER at term 0 for startAsFollower
nm_1        | 2019-10-20 17:55:24 INFO  ContainersMonitorImpl:615 - container_1571594046069_0001_01_000002's ip = 172.18.0.3, and hostname = nm
rm_1        | 2019-10-20 17:54:06 INFO  Server:1074 - Starting Socket Reader #1 for port 8031
datanode_3  | 2019-10-20 17:54:21,645 INFO impl.RaftServerImpl: 0d2a03a3-6b8a-44cb-ad0f-b53da6431639@group-2343BB5959E4: changes role from      null to FOLLOWER at term 0 for startAsFollower
datanode_2  | 2019-10-20 17:54:21,638 INFO segmented.SegmentedRaftLogWorker: new 05a9c6a7-9b36-4c6c-ba03-b5454e802671@group-2343BB5959E4-SegmentedRaftLogWorker for RaftStorage:Storage Directory /data/metadata/ratis/9aeee277-2240-43ac-b7bd-2343bb5959e4
datanode_1  | 2019-10-20 17:54:21,647 INFO impl.RoleInfo: 32e55d59-eea8-4fff-a6ee-1870662a0171: start FollowerState
nm_1        | 2019-10-20 17:55:27 INFO  ContainersMonitorImpl:516 - Skipping monitoring container container_1571594046069_0001_01_000002 since CPU usage is not yet available.
rm_1        | 2019-10-20 17:54:06 INFO  RpcServerFactoryPBImpl:173 - Adding protocol org.apache.hadoop.yarn.server.api.ResourceTrackerPB to the server
datanode_3  | 2019-10-20 17:54:21,645 INFO impl.RoleInfo: 0d2a03a3-6b8a-44cb-ad0f-b53da6431639: start FollowerState
datanode_2  | 2019-10-20 17:54:21,638 INFO server.RaftServerConfigKeys: raft.server.log.queue.byte-limit = 2147483647 (custom)
datanode_1  | 2019-10-20 17:54:21,647 INFO util.JmxRegister: Successfully registered JMX Bean with object name Ratis:service=RaftServer,group=group-2343BB5959E4,id=32e55d59-eea8-4fff-a6ee-1870662a0171
nm_1        | 2019-10-20 17:55:29 INFO  ContainerLaunch:595 - Container container_1571594046069_0001_01_000002 succeeded 
rm_1        | 2019-10-20 17:54:06 INFO  Server:1314 - IPC Server Responder: starting
datanode_3  | 2019-10-20 17:54:21,645 INFO util.JmxRegister: Successfully registered JMX Bean with object name Ratis:service=RaftServer,group=group-2343BB5959E4,id=0d2a03a3-6b8a-44cb-ad0f-b53da6431639
datanode_2  | 2019-10-20 17:54:21,638 INFO server.RaftServerConfigKeys: raft.server.log.queue.element-limit = 1024 (custom)
datanode_1  | 2019-10-20 17:54:21,674 INFO impl.FollowerState: 32e55d59-eea8-4fff-a6ee-1870662a0171@group-2FA2E06D7CE5-FollowerState: change to CANDIDATE, lastRpcTime:187ms, electionTimeout:186ms
nm_1        | 2019-10-20 17:55:29 INFO  ContainerImpl:2112 - Container container_1571594046069_0001_01_000002 transitioned from RUNNING to EXITED_WITH_SUCCESS
rm_1        | 2019-10-20 17:54:06 INFO  Server:1153 - IPC Server listener on 8031: starting
datanode_3  | 2019-10-20 17:54:21,793 INFO impl.FollowerState: 0d2a03a3-6b8a-44cb-ad0f-b53da6431639@group-2343BB5959E4-FollowerState: change to CANDIDATE, lastRpcTime:148ms, electionTimeout:148ms
datanode_2  | 2019-10-20 17:54:21,638 INFO server.RaftServerConfigKeys: raft.server.log.segment.size.max = 1048576 (custom)
datanode_1  | 2019-10-20 17:54:21,676 INFO impl.RoleInfo: 32e55d59-eea8-4fff-a6ee-1870662a0171: shutdown FollowerState
nm_1        | 2019-10-20 17:55:29 INFO  ContainerCleanup:87 - Cleaning up container container_1571594046069_0001_01_000002
datanode_3  | 2019-10-20 17:54:21,794 INFO impl.RoleInfo: 0d2a03a3-6b8a-44cb-ad0f-b53da6431639: shutdown FollowerState
datanode_2  | 2019-10-20 17:54:21,639 INFO server.RaftServerConfigKeys: raft.server.log.preallocated.size = 16384 (custom)
datanode_1  | 2019-10-20 17:54:21,677 INFO impl.RaftServerImpl: 32e55d59-eea8-4fff-a6ee-1870662a0171@group-2FA2E06D7CE5: changes role from  FOLLOWER to CANDIDATE at term 0 for changeToCandidate
nm_1        | 2019-10-20 17:55:29 INFO  NMAuditLogger:94 - USER=hadoop	OPERATION=Container Finished - Succeeded	TARGET=ContainerImpl	RESULT=SUCCESS	APPID=application_1571594046069_0001	CONTAINERID=container_1571594046069_0001_01_000002
rm_1        | 2019-10-20 17:54:06 INFO  JvmPauseMonitor:188 - Starting JVM pause monitor
datanode_3  | 2019-10-20 17:54:21,794 INFO impl.RaftServerImpl: 0d2a03a3-6b8a-44cb-ad0f-b53da6431639@group-2343BB5959E4: changes role from  FOLLOWER to CANDIDATE at term 0 for changeToCandidate
datanode_2  | 2019-10-20 17:54:21,639 INFO server.RaftServerConfigKeys: raft.server.log.write.buffer.size = 33554432 (custom)
nm_1        | 2019-10-20 17:55:29 INFO  ContainerImpl:2112 - Container container_1571594046069_0001_01_000002 transitioned from EXITED_WITH_SUCCESS to DONE
datanode_1  | 2019-10-20 17:54:21,679 INFO impl.RoleInfo: 32e55d59-eea8-4fff-a6ee-1870662a0171: start LeaderElection
rm_1        | 2019-10-20 17:54:06 INFO  CallQueueManager:84 - Using callQueue: class java.util.concurrent.LinkedBlockingQueue, queueCapacity: 5000, scheduler: class org.apache.hadoop.ipc.DefaultRpcScheduler, ipcBackoff: false.
datanode_3  | 2019-10-20 17:54:21,794 INFO impl.RoleInfo: 0d2a03a3-6b8a-44cb-ad0f-b53da6431639: start LeaderElection
datanode_2  | 2019-10-20 17:54:21,639 INFO server.RaftServerConfigKeys: raft.server.log.force.sync.num = 128 (default)
nm_1        | 2019-10-20 17:55:29 INFO  ApplicationImpl:512 - Removing container_1571594046069_0001_01_000002 from application application_1571594046069_0001
datanode_1  | 2019-10-20 17:54:21,685 INFO impl.LeaderElection: 32e55d59-eea8-4fff-a6ee-1870662a0171@group-2FA2E06D7CE5-LeaderElection1: begin an election at term 1 for -1: [32e55d59-eea8-4fff-a6ee-1870662a0171:172.18.0.7:9858], old=null
rm_1        | 2019-10-20 17:54:06 INFO  Server:1074 - Starting Socket Reader #1 for port 8030
datanode_2  | 2019-10-20 17:54:21,639 INFO server.RaftServerConfigKeys: raft.server.log.statemachine.data.sync = true (default)
datanode_3  | 2019-10-20 17:54:21,808 INFO impl.LeaderElection: 0d2a03a3-6b8a-44cb-ad0f-b53da6431639@group-2343BB5959E4-LeaderElection2: begin an election at term 1 for -1: [32e55d59-eea8-4fff-a6ee-1870662a0171:172.18.0.7:9858, 0d2a03a3-6b8a-44cb-ad0f-b53da6431639:172.18.0.9:9858, 05a9c6a7-9b36-4c6c-ba03-b5454e802671:172.18.0.5:9858], old=null
nm_1        | 2019-10-20 17:55:29 INFO  ContainersMonitorImpl:1004 - Stopping resource-monitoring for container_1571594046069_0001_01_000002
datanode_1  | 2019-10-20 17:54:21,687 INFO impl.RoleInfo: 32e55d59-eea8-4fff-a6ee-1870662a0171: shutdown LeaderElection
rm_1        | 2019-10-20 17:54:06 INFO  RpcServerFactoryPBImpl:173 - Adding protocol org.apache.hadoop.yarn.api.ApplicationMasterProtocolPB to the server
datanode_2  | 2019-10-20 17:54:21,639 INFO server.RaftServerConfigKeys: raft.server.log.statemachine.data.sync.timeout = 10s (default)
datanode_1  | 2019-10-20 17:54:21,687 INFO impl.RaftServerImpl: 32e55d59-eea8-4fff-a6ee-1870662a0171@group-2FA2E06D7CE5: changes role from CANDIDATE to LEADER at term 1 for changeToLeader
nm_1        | 2019-10-20 17:55:29 INFO  AuxServices:350 - Got event CONTAINER_STOP for appId application_1571594046069_0001
datanode_3  | 2019-10-20 17:54:21,818 INFO impl.RaftServerImpl: 0d2a03a3-6b8a-44cb-ad0f-b53da6431639@group-2343BB5959E4: changes role from CANDIDATE to FOLLOWER at term 2 for recognizeCandidate:05a9c6a7-9b36-4c6c-ba03-b5454e802671
rm_1        | 2019-10-20 17:54:06 INFO  Server:1314 - IPC Server Responder: starting
datanode_2  | 2019-10-20 17:54:21,639 INFO server.RaftServerConfigKeys: raft.server.log.statemachine.data.sync.timeout.retry = -1 (default)
datanode_1  | 2019-10-20 17:54:21,688 INFO impl.RaftServerImpl: 32e55d59-eea8-4fff-a6ee-1870662a0171@group-2FA2E06D7CE5: change Leader from null to 32e55d59-eea8-4fff-a6ee-1870662a0171 at term 1 for becomeLeader, leader elected after 322ms
nm_1        | 2019-10-20 17:55:29 INFO  DefaultContainerExecutor:634 - Deleting absolute path : /tmp/hadoop-hadoop/nm-local-dir/usercache/hadoop/appcache/application_1571594046069_0001/container_1571594046069_0001_01_000002/launch_container.sh
datanode_3  | 2019-10-20 17:54:21,818 INFO impl.RoleInfo: 0d2a03a3-6b8a-44cb-ad0f-b53da6431639: shutdown LeaderElection
rm_1        | 2019-10-20 17:54:06 INFO  Server:1153 - IPC Server listener on 8030: starting
datanode_2  | 2019-10-20 17:54:21,640 INFO server.RaftServerConfigKeys: raft.server.log.statemachine.data.caching.enabled = true (custom)
datanode_1  | 2019-10-20 17:54:21,692 INFO server.RaftServerConfigKeys: raft.server.staging.catchup.gap = 1000 (default)
nm_1        | 2019-10-20 17:55:29 INFO  DefaultContainerExecutor:634 - Deleting absolute path : /tmp/hadoop-hadoop/nm-local-dir/usercache/hadoop/appcache/application_1571594046069_0001/container_1571594046069_0001_01_000002/container_tokens
datanode_3  | 2019-10-20 17:54:21,818 INFO impl.RoleInfo: 0d2a03a3-6b8a-44cb-ad0f-b53da6431639: start FollowerState
rm_1        | 2019-10-20 17:54:06 INFO  CallQueueManager:84 - Using callQueue: class java.util.concurrent.LinkedBlockingQueue, queueCapacity: 5000, scheduler: class org.apache.hadoop.ipc.DefaultRpcScheduler, ipcBackoff: false.
datanode_2  | 2019-10-20 17:54:21,640 INFO segmented.SegmentedRaftLogWorker: 05a9c6a7-9b36-4c6c-ba03-b5454e802671@group-2343BB5959E4-SegmentedRaftLogWorker: flushIndex: setUnconditionally 0 -> -1
datanode_1  | 2019-10-20 17:54:21,693 INFO server.RaftServerConfigKeys: raft.server.rpc.sleep.time = 25ms (default)
nm_1        | 2019-10-20 17:55:30 INFO  Server:1849 - Auth successful for appattempt_1571594046069_0001_000001 (auth:SIMPLE)
datanode_3  | 2019-10-20 17:54:21,843 INFO impl.LeaderElection: 0d2a03a3-6b8a-44cb-ad0f-b53da6431639@group-2343BB5959E4-LeaderElection2: Election REJECTED; received 0 response(s) [] and 0 exception(s); 0d2a03a3-6b8a-44cb-ad0f-b53da6431639@group-2343BB5959E4:t2, leader=null, voted=null, raftlog=0d2a03a3-6b8a-44cb-ad0f-b53da6431639@group-2343BB5959E4-SegmentedRaftLog:OPENED:c-1,f-1,i0, conf=-1: [32e55d59-eea8-4fff-a6ee-1870662a0171:172.18.0.7:9858, 0d2a03a3-6b8a-44cb-ad0f-b53da6431639:172.18.0.9:9858, 05a9c6a7-9b36-4c6c-ba03-b5454e802671:172.18.0.5:9858], old=null
rm_1        | 2019-10-20 17:54:06 INFO  Server:1074 - Starting Socket Reader #1 for port 8032
datanode_2  | 2019-10-20 17:54:21,640 INFO server.RaftServerConfigKeys: raft.server.snapshot.auto.trigger.enabled = true (custom)
datanode_1  | 2019-10-20 17:54:21,696 INFO server.RaftServerConfigKeys: raft.server.write.element-limit = 4096 (default)
datanode_3  | 2019-10-20 17:54:21,854 INFO impl.FollowerState: 0d2a03a3-6b8a-44cb-ad0f-b53da6431639@group-2343BB5959E4-FollowerState: change to CANDIDATE, lastRpcTime:35ms, electionTimeout:34ms
nm_1        | 2019-10-20 17:55:30 INFO  ContainerManagerImpl:1070 - Start request for container_1571594046069_0001_01_000003 by user hadoop
datanode_2  | 2019-10-20 17:54:21,640 INFO server.RaftServerConfigKeys: raft.server.snapshot.auto.trigger.threshold = 10000 (custom)
rm_1        | 2019-10-20 17:54:06 INFO  RpcServerFactoryPBImpl:173 - Adding protocol org.apache.hadoop.yarn.api.ApplicationClientProtocolPB to the server
datanode_1  | 2019-10-20 17:54:21,700 INFO server.RaftServerConfigKeys: raft.server.watch.timeout = 10s (default)
datanode_3  | 2019-10-20 17:54:21,855 INFO impl.RoleInfo: 0d2a03a3-6b8a-44cb-ad0f-b53da6431639: shutdown FollowerState
nm_1        | 2019-10-20 17:55:30 INFO  NMAuditLogger:94 - USER=hadoop	IP=172.18.0.3	OPERATION=Start Container Request	TARGET=ContainerManageImpl	RESULT=SUCCESS	APPID=application_1571594046069_0001	CONTAINERID=container_1571594046069_0001_01_000003
datanode_2  | 2019-10-20 17:54:21,641 INFO server.RaftServerConfigKeys: raft.server.snapshot.retention.file.num = 5 (custom)
rm_1        | 2019-10-20 17:54:06 INFO  Server:1314 - IPC Server Responder: starting
datanode_1  | 2019-10-20 17:54:21,700 INFO server.RaftServerConfigKeys: raft.server.watch.timeout.denomination = 1s (default)
nm_1        | 2019-10-20 17:55:30 INFO  ApplicationImpl:463 - Adding container_1571594046069_0001_01_000003 to application application_1571594046069_0001
datanode_3  | 2019-10-20 17:54:21,855 INFO impl.RaftServerImpl: 0d2a03a3-6b8a-44cb-ad0f-b53da6431639@group-2343BB5959E4: changes role from  FOLLOWER to CANDIDATE at term 2 for changeToCandidate
datanode_2  | 2019-10-20 17:54:21,641 INFO server.RaftServerConfigKeys: raft.server.retrycache.expirytime = 600000ms (custom)
rm_1        | 2019-10-20 17:54:06 INFO  Server:1153 - IPC Server listener on 8032: starting
datanode_1  | 2019-10-20 17:54:21,701 INFO server.RaftServerConfigKeys: raft.server.watch.element-limit = 65536 (default)
nm_1        | 2019-10-20 17:55:30 INFO  ContainerImpl:2112 - Container container_1571594046069_0001_01_000003 transitioned from NEW to LOCALIZING
datanode_3  | 2019-10-20 17:54:21,856 INFO impl.RoleInfo: 0d2a03a3-6b8a-44cb-ad0f-b53da6431639: start LeaderElection
rm_1        | 2019-10-20 17:54:06 INFO  ResourceManager:1308 - Transitioned to active state
datanode_2  | 2019-10-20 17:54:21,644 INFO impl.RaftServerImpl: 05a9c6a7-9b36-4c6c-ba03-b5454e802671@group-2343BB5959E4: start as a follower, conf=-1: [32e55d59-eea8-4fff-a6ee-1870662a0171:172.18.0.7:9858, 0d2a03a3-6b8a-44cb-ad0f-b53da6431639:172.18.0.9:9858, 05a9c6a7-9b36-4c6c-ba03-b5454e802671:172.18.0.5:9858], old=null
