om_1          | 2019-10-15 22:47:51,659 INFO db.DBStoreBuilder: using custom profile for table: deletedTable
grafana_1     | t=2019-10-15T22:47:44+0000 lvl=info msg="Executing migration" logger=migrator id="create index UQE_org_name - v1"
scm_1         | 2019-10-15 22:47:48,236 INFO impl.MetricsConfig: Loaded properties from hadoop-metrics2.properties
datanode_2    | 2019-10-15 22:47:46,970 [Datanode State Machine Thread - 0] INFO       - DatanodeDetails is persisted to /data/datanode.id
datanode_3    | 2019-10-15 22:47:46,503 INFO server.BaseHttpServer: HTTP server of HDDSDATANODE is listening at http://0.0.0.0:9882
datanode_1    | 2019-10-15 22:47:49,112 [Datanode State Machine Thread - 0] INFO       - Starting XceiverServerRatis 6fb03883-a771-4e49-92e5-00c8938e737b at port 9858
om_1          | 2019-10-15 22:47:51,659 INFO db.DBStoreBuilder: Using default column profile:DBProfile.DISK for Table:deletedTable
grafana_1     | t=2019-10-15T22:47:44+0000 lvl=info msg="Executing migration" logger=migrator id="create org_user table v1"
scm_1         | 2019-10-15 22:47:48,267 INFO impl.MetricsSystemImpl: Scheduled Metric snapshot period at 10 second(s).
datanode_2    | 2019-10-15 22:47:48,892 [Datanode State Machine Thread - 0] INFO       - Attempting to start container services.
datanode_3    | 2019-10-15 22:47:46,519 INFO util.JvmPauseMonitor: Starting JVM pause monitor
datanode_1    | 2019-10-15 22:47:49,130 INFO impl.RaftServerProxy: 6fb03883-a771-4e49-92e5-00c8938e737b: start RPC server
om_1          | 2019-10-15 22:47:51,659 INFO db.DBStoreBuilder: using custom profile for table: openKeyTable
grafana_1     | t=2019-10-15T22:47:44+0000 lvl=info msg="Executing migration" logger=migrator id="create index IDX_org_user_org_id - v1"
datanode_2    | 2019-10-15 22:47:48,894 [Datanode State Machine Thread - 0] INFO       - Background container scanner has been disabled.
scm_1         | 2019-10-15 22:47:48,268 INFO impl.MetricsSystemImpl: StorageContainerManager metrics system started
datanode_3    | 2019-10-15 22:47:46,693 [Datanode State Machine Thread - 0] INFO       - DatanodeDetails is persisted to /data/datanode.id
datanode_1    | 2019-10-15 22:47:49,235 INFO server.GrpcService: 6fb03883-a771-4e49-92e5-00c8938e737b: GrpcService started, listening on 0.0.0.0/0.0.0.0:9858
om_1          | 2019-10-15 22:47:51,659 INFO db.DBStoreBuilder: Using default column profile:DBProfile.DISK for Table:openKeyTable
om_1          | 2019-10-15 22:47:51,659 INFO db.DBStoreBuilder: using custom profile for table: s3Table
datanode_2    | 2019-10-15 22:47:48,894 [Datanode State Machine Thread - 0] INFO       - Starting XceiverServerRatis 36d1e3ca-95a4-41a6-9ef0-7b27dbdacc42 at port 9858
scm_1         | 2019-10-15 22:47:48,523 INFO server.SCMClientProtocolServer: RPC server for Client  is listening at /0.0.0.0:9860
datanode_3    | 2019-10-15 22:47:48,807 [Datanode State Machine Thread - 0] INFO       - Attempting to start container services.
datanode_1    | WARNING: An illegal reflective access operation has occurred
om_1          | 2019-10-15 22:47:51,660 INFO db.DBStoreBuilder: Using default column profile:DBProfile.DISK for Table:s3Table
grafana_1     | t=2019-10-15T22:47:44+0000 lvl=info msg="Executing migration" logger=migrator id="create index UQE_org_user_org_id_user_id - v1"
datanode_2    | 2019-10-15 22:47:48,912 INFO impl.RaftServerProxy: 36d1e3ca-95a4-41a6-9ef0-7b27dbdacc42: start RPC server
scm_1         | 2019-10-15 22:47:48,524 INFO ipc.Server: IPC Server Responder: starting
datanode_3    | 2019-10-15 22:47:48,811 [Datanode State Machine Thread - 0] INFO       - Background container scanner has been disabled.
datanode_1    | WARNING: Illegal reflective access by org.apache.ratis.thirdparty.com.google.protobuf.UnsafeUtil (file:/opt/hadoop/share/ozone/lib/ratis-thirdparty-misc-0.2.0.jar) to field java.nio.Buffer.address
om_1          | 2019-10-15 22:47:51,660 INFO db.DBStoreBuilder: using custom profile for table: multipartInfoTable
grafana_1     | t=2019-10-15T22:47:44+0000 lvl=info msg="Executing migration" logger=migrator id="Update org table charset"
datanode_2    | 2019-10-15 22:47:49,011 INFO server.GrpcService: 36d1e3ca-95a4-41a6-9ef0-7b27dbdacc42: GrpcService started, listening on 0.0.0.0/0.0.0.0:9858
scm_1         | 2019-10-15 22:47:48,525 INFO ipc.Server: IPC Server listener on 9860: starting
datanode_3    | 2019-10-15 22:47:48,811 [Datanode State Machine Thread - 0] INFO       - Starting XceiverServerRatis 09b27031-ab6d-45d4-8b80-88116f6a7134 at port 9858
datanode_1    | WARNING: Please consider reporting this to the maintainers of org.apache.ratis.thirdparty.com.google.protobuf.UnsafeUtil
grafana_1     | t=2019-10-15T22:47:44+0000 lvl=info msg="Executing migration" logger=migrator id="Update org_user table charset"
om_1          | 2019-10-15 22:47:51,660 INFO db.DBStoreBuilder: Using default column profile:DBProfile.DISK for Table:multipartInfoTable
datanode_2    | WARNING: An illegal reflective access operation has occurred
scm_1         | 2019-10-15 22:47:48,528 INFO server.StorageContainerManager: ScmBlockLocationProtocol RPC server is listening at /0.0.0.0:9863
datanode_3    | 2019-10-15 22:47:48,834 INFO impl.RaftServerProxy: 09b27031-ab6d-45d4-8b80-88116f6a7134: start RPC server
datanode_1    | WARNING: Use --illegal-access=warn to enable warnings of further illegal reflective access operations
grafana_1     | t=2019-10-15T22:47:44+0000 lvl=info msg="Executing migration" logger=migrator id="Migrate all Read Only Viewers to Viewers"
om_1          | 2019-10-15 22:47:51,660 INFO db.DBStoreBuilder: using custom profile for table: dTokenTable
datanode_2    | WARNING: Illegal reflective access by org.apache.ratis.thirdparty.com.google.protobuf.UnsafeUtil (file:/opt/hadoop/share/ozone/lib/ratis-thirdparty-misc-0.2.0.jar) to field java.nio.Buffer.address
scm_1         | 2019-10-15 22:47:48,529 INFO server.SCMBlockProtocolServer: RPC server for Block Protocol is listening at /0.0.0.0:9863
datanode_3    | 2019-10-15 22:47:48,949 INFO server.GrpcService: 09b27031-ab6d-45d4-8b80-88116f6a7134: GrpcService started, listening on 0.0.0.0/0.0.0.0:9858
datanode_1    | WARNING: All illegal access operations will be denied in a future release
grafana_1     | t=2019-10-15T22:47:44+0000 lvl=info msg="Executing migration" logger=migrator id="create dashboard table"
om_1          | 2019-10-15 22:47:51,660 INFO db.DBStoreBuilder: Using default column profile:DBProfile.DISK for Table:dTokenTable
datanode_2    | WARNING: Please consider reporting this to the maintainers of org.apache.ratis.thirdparty.com.google.protobuf.UnsafeUtil
scm_1         | 2019-10-15 22:47:48,529 INFO ipc.Server: IPC Server Responder: starting
datanode_3    | WARNING: An illegal reflective access operation has occurred
datanode_1    | 2019-10-15 22:47:52,074 INFO impl.RaftServerProxy: 6fb03883-a771-4e49-92e5-00c8938e737b: addNew group-C50DFCF98F2D:[6fb03883-a771-4e49-92e5-00c8938e737b:172.18.0.6:9858] returns group-C50DFCF98F2D:java.util.concurrent.CompletableFuture@642a8823[Not completed]
grafana_1     | t=2019-10-15T22:47:44+0000 lvl=info msg="Executing migration" logger=migrator id="add index dashboard.account_id"
om_1          | 2019-10-15 22:47:51,660 INFO db.DBStoreBuilder: using custom profile for table: s3SecretTable
datanode_2    | WARNING: Use --illegal-access=warn to enable warnings of further illegal reflective access operations
scm_1         | 2019-10-15 22:47:48,529 INFO ipc.Server: IPC Server listener on 9863: starting
datanode_1    | 2019-10-15 22:47:52,092 INFO impl.RaftServerImpl: 6fb03883-a771-4e49-92e5-00c8938e737b: new RaftServerImpl for group-C50DFCF98F2D:[6fb03883-a771-4e49-92e5-00c8938e737b:172.18.0.6:9858] with ContainerStateMachine:uninitialized
grafana_1     | t=2019-10-15T22:47:44+0000 lvl=info msg="Executing migration" logger=migrator id="add unique index dashboard_account_id_slug"
datanode_3    | WARNING: Illegal reflective access by org.apache.ratis.thirdparty.com.google.protobuf.UnsafeUtil (file:/opt/hadoop/share/ozone/lib/ratis-thirdparty-misc-0.2.0.jar) to field java.nio.Buffer.address
om_1          | 2019-10-15 22:47:51,661 INFO db.DBStoreBuilder: Using default column profile:DBProfile.DISK for Table:s3SecretTable
datanode_2    | WARNING: All illegal access operations will be denied in a future release
scm_1         | 2019-10-15 22:47:48,533 INFO server.StorageContainerManager: ScmDatanodeProtocl RPC server is listening at /0.0.0.0:9861
datanode_1    | 2019-10-15 22:47:52,093 INFO server.RaftServerConfigKeys: raft.server.rpc.timeout.min = 5s (custom)
datanode_3    | WARNING: Please consider reporting this to the maintainers of org.apache.ratis.thirdparty.com.google.protobuf.UnsafeUtil
grafana_1     | t=2019-10-15T22:47:44+0000 lvl=info msg="Executing migration" logger=migrator id="create dashboard_tag table"
om_1          | 2019-10-15 22:47:51,661 INFO db.DBStoreBuilder: using custom profile for table: prefixTable
datanode_2    | 2019-10-15 22:47:52,570 INFO impl.RaftServerProxy: 36d1e3ca-95a4-41a6-9ef0-7b27dbdacc42: addNew group-CC94D5AB885E:[36d1e3ca-95a4-41a6-9ef0-7b27dbdacc42:172.18.0.4:9858] returns group-CC94D5AB885E:java.util.concurrent.CompletableFuture@7b6d0049[Not completed]
scm_1         | 2019-10-15 22:47:48,533 INFO server.SCMDatanodeProtocolServer: RPC server for DataNodes is listening at /0.0.0.0:9861
datanode_1    | 2019-10-15 22:47:52,094 INFO server.RaftServerConfigKeys: raft.server.rpc.timeout.max = 5200ms (custom)
datanode_3    | WARNING: Use --illegal-access=warn to enable warnings of further illegal reflective access operations
grafana_1     | t=2019-10-15T22:47:44+0000 lvl=info msg="Executing migration" logger=migrator id="add unique index dashboard_tag.dasboard_id_term"
om_1          | 2019-10-15 22:47:51,661 INFO db.DBStoreBuilder: Using default column profile:DBProfile.DISK for Table:prefixTable
datanode_2    | 2019-10-15 22:47:52,651 INFO impl.RaftServerImpl: 36d1e3ca-95a4-41a6-9ef0-7b27dbdacc42: new RaftServerImpl for group-CC94D5AB885E:[36d1e3ca-95a4-41a6-9ef0-7b27dbdacc42:172.18.0.4:9858] with ContainerStateMachine:uninitialized
scm_1         | 2019-10-15 22:47:48,535 INFO ipc.Server: IPC Server Responder: starting
datanode_1    | 2019-10-15 22:47:52,094 INFO server.RaftServerConfigKeys: raft.server.rpcslowness.timeout = 120s (custom)
datanode_3    | WARNING: All illegal access operations will be denied in a future release
grafana_1     | t=2019-10-15T22:47:44+0000 lvl=info msg="Executing migration" logger=migrator id="drop index UQE_dashboard_tag_dashboard_id_term - v1"
om_1          | 2019-10-15 22:47:51,673 INFO db.DBStoreBuilder: using custom profile for table: default
datanode_2    | 2019-10-15 22:47:52,658 INFO server.RaftServerConfigKeys: raft.server.rpc.timeout.min = 5s (custom)
scm_1         | 2019-10-15 22:47:48,536 INFO ipc.Server: IPC Server listener on 9861: starting
datanode_1    | 2019-10-15 22:47:52,094 INFO server.RaftServerConfigKeys: raft.server.sleep.deviation.threshold = 300 (default)
datanode_3    | 2019-10-15 22:47:51,440 INFO impl.RaftServerProxy: 09b27031-ab6d-45d4-8b80-88116f6a7134: addNew group-6CB9038F729F:[09b27031-ab6d-45d4-8b80-88116f6a7134:172.18.0.3:9858] returns group-6CB9038F729F:java.util.concurrent.CompletableFuture@2810158a[Not completed]
grafana_1     | t=2019-10-15T22:47:44+0000 lvl=info msg="Executing migration" logger=migrator id="Rename table dashboard to dashboard_v1 - v1"
om_1          | 2019-10-15 22:47:51,674 INFO db.DBStoreBuilder: Using default column profile:DBProfile.DISK for Table:default
datanode_2    | 2019-10-15 22:47:52,659 INFO server.RaftServerConfigKeys: raft.server.rpc.timeout.max = 5200ms (custom)
scm_1         | 2019-10-15 22:47:48,540 INFO http.HttpServer2: Jetty bound to port 9876
datanode_1    | 2019-10-15 22:47:52,095 INFO server.RaftServerConfigKeys: raft.server.log.appender.install.snapshot.enabled = false (custom)
datanode_3    | 2019-10-15 22:47:51,459 INFO impl.RaftServerImpl: 09b27031-ab6d-45d4-8b80-88116f6a7134: new RaftServerImpl for group-6CB9038F729F:[09b27031-ab6d-45d4-8b80-88116f6a7134:172.18.0.3:9858] with ContainerStateMachine:uninitialized
grafana_1     | t=2019-10-15T22:47:44+0000 lvl=info msg="Executing migration" logger=migrator id="create dashboard v2"
om_1          | 2019-10-15 22:47:51,675 INFO db.DBStoreBuilder: Using default options. DBProfile.DISK
datanode_2    | 2019-10-15 22:47:52,659 INFO server.RaftServerConfigKeys: raft.server.rpcslowness.timeout = 120s (custom)
datanode_1    | 2019-10-15 22:47:52,101 INFO impl.RaftServerImpl: 6fb03883-a771-4e49-92e5-00c8938e737b@group-C50DFCF98F2D: ConfigurationManager, init=-1: [6fb03883-a771-4e49-92e5-00c8938e737b:172.18.0.6:9858], old=null, confs=<EMPTY_MAP>
scm_1         | 2019-10-15 22:47:48,542 INFO server.Server: jetty-9.3.25.v20180904, build timestamp: 2018-09-04T21:11:46Z, git hash: 3ce520221d0240229c862b122d2b06c12a625732
datanode_3    | 2019-10-15 22:47:51,461 INFO server.RaftServerConfigKeys: raft.server.rpc.timeout.min = 5s (custom)
grafana_1     | t=2019-10-15T22:47:45+0000 lvl=info msg="Executing migration" logger=migrator id="create index IDX_dashboard_org_id - v2"
om_1          | 2019-10-15 22:47:52,253 INFO ipc.CallQueueManager: Using callQueue: class java.util.concurrent.LinkedBlockingQueue, queueCapacity: 2000, scheduler: class org.apache.hadoop.ipc.DefaultRpcScheduler, ipcBackoff: false.
datanode_2    | 2019-10-15 22:47:52,660 INFO server.RaftServerConfigKeys: raft.server.sleep.deviation.threshold = 300 (default)
datanode_1    | 2019-10-15 22:47:52,102 INFO server.RaftServerConfigKeys: raft.server.storage.dir = [/data/metadata/ratis] (custom)
scm_1         | 2019-10-15 22:47:48,576 INFO handler.ContextHandler: Started o.e.j.s.ServletContextHandler@4a5905d9{/logs,file:///var/log/hadoop/,AVAILABLE}
datanode_3    | 2019-10-15 22:47:51,461 INFO server.RaftServerConfigKeys: raft.server.rpc.timeout.max = 5200ms (custom)
grafana_1     | t=2019-10-15T22:47:45+0000 lvl=info msg="Executing migration" logger=migrator id="create index UQE_dashboard_org_id_slug - v2"
datanode_2    | 2019-10-15 22:47:52,661 INFO server.RaftServerConfigKeys: raft.server.log.appender.install.snapshot.enabled = false (custom)
om_1          | 2019-10-15 22:47:52,267 INFO ipc.Server: Starting Socket Reader #1 for port 9862
datanode_1    | 2019-10-15 22:47:52,106 INFO server.RaftServerConfigKeys: raft.server.log.corruption.policy = EXCEPTION (default)
datanode_3    | 2019-10-15 22:47:51,461 INFO server.RaftServerConfigKeys: raft.server.rpcslowness.timeout = 120s (custom)
scm_1         | 2019-10-15 22:47:48,577 INFO handler.ContextHandler: Started o.e.j.s.ServletContextHandler@3daa82be{/static,jar:file:/opt/hadoop/share/ozone/lib/hadoop-hdds-server-scm-0.5.0-SNAPSHOT.jar!/webapps/static,AVAILABLE}
grafana_1     | t=2019-10-15T22:47:45+0000 lvl=info msg="Executing migration" logger=migrator id="copy dashboard v1 to v2"
datanode_2    | 2019-10-15 22:47:52,668 INFO impl.RaftServerImpl: 36d1e3ca-95a4-41a6-9ef0-7b27dbdacc42@group-CC94D5AB885E: ConfigurationManager, init=-1: [36d1e3ca-95a4-41a6-9ef0-7b27dbdacc42:172.18.0.4:9858], old=null, confs=<EMPTY_MAP>
om_1          | 2019-10-15 22:47:52,314 [main] INFO       - OzoneManager RPC server is listening at om/172.18.0.2:9862
datanode_1    | 2019-10-15 22:47:52,108 INFO storage.RaftStorageDirectory: The storage directory /data/metadata/ratis/1efc668c-f6a7-4190-bbe1-c50dfcf98f2d does not exist. Creating ...
datanode_3    | 2019-10-15 22:47:51,462 INFO server.RaftServerConfigKeys: raft.server.sleep.deviation.threshold = 300 (default)
scm_1         | 2019-10-15 22:47:48,671 INFO handler.ContextHandler: Started o.e.j.w.WebAppContext@35d5ac51{/,file:///tmp/jetty-0.0.0.0-9876-scm-_-any-3971795546499951594.dir/webapp/,AVAILABLE}{/scm}
datanode_2    | 2019-10-15 22:47:52,668 INFO server.RaftServerConfigKeys: raft.server.storage.dir = [/data/metadata/ratis] (custom)
om_1          | 2019-10-15 22:47:52,392 INFO impl.MetricsConfig: Loaded properties from hadoop-metrics2.properties
grafana_1     | t=2019-10-15T22:47:45+0000 lvl=info msg="Executing migration" logger=migrator id="drop table dashboard_v1"
datanode_3    | 2019-10-15 22:47:51,462 INFO server.RaftServerConfigKeys: raft.server.log.appender.install.snapshot.enabled = false (custom)
scm_1         | 2019-10-15 22:47:48,676 INFO server.AbstractConnector: Started ServerConnector@5d21202d{HTTP/1.1,[http/1.1]}{0.0.0.0:9876}
datanode_1    | 2019-10-15 22:47:52,141 INFO storage.RaftStorageDirectory: Lock on /data/metadata/ratis/1efc668c-f6a7-4190-bbe1-c50dfcf98f2d/in_use.lock acquired by nodename 7@dfe0a8926428
datanode_2    | 2019-10-15 22:47:52,674 INFO server.RaftServerConfigKeys: raft.server.log.corruption.policy = EXCEPTION (default)
datanode_2    | 2019-10-15 22:47:52,675 INFO storage.RaftStorageDirectory: The storage directory /data/metadata/ratis/0f806a60-28f6-47ec-b5a6-cc94d5ab885e does not exist. Creating ...
om_1          | 2019-10-15 22:47:52,435 INFO impl.MetricsSystemImpl: Scheduled Metric snapshot period at 10 second(s).
grafana_1     | t=2019-10-15T22:47:45+0000 lvl=info msg="Executing migration" logger=migrator id="alter dashboard.data to mediumtext v1"
datanode_3    | 2019-10-15 22:47:51,511 INFO impl.RaftServerImpl: 09b27031-ab6d-45d4-8b80-88116f6a7134@group-6CB9038F729F: ConfigurationManager, init=-1: [09b27031-ab6d-45d4-8b80-88116f6a7134:172.18.0.3:9858], old=null, confs=<EMPTY_MAP>
scm_1         | 2019-10-15 22:47:48,676 INFO server.Server: Started @3767ms
datanode_1    | 2019-10-15 22:47:52,159 INFO storage.RaftStorage: Storage directory /data/metadata/ratis/1efc668c-f6a7-4190-bbe1-c50dfcf98f2d has been successfully formatted.
om_1          | 2019-10-15 22:47:52,435 INFO impl.MetricsSystemImpl: OzoneManager metrics system started
grafana_1     | t=2019-10-15T22:47:45+0000 lvl=info msg="Executing migration" logger=migrator id="Add column updated_by in dashboard - v2"
scm_1         | 2019-10-15 22:47:48,678 INFO impl.MetricsSinkAdapter: Sink prometheus started
datanode_3    | 2019-10-15 22:47:51,512 INFO server.RaftServerConfigKeys: raft.server.storage.dir = [/data/metadata/ratis] (custom)
datanode_1    | 2019-10-15 22:47:52,162 [pool-8-thread-1] INFO       - group-C50DFCF98F2D: The snapshot info is null. Setting the last applied indexto:(t:0, i:~)
datanode_2    | 2019-10-15 22:47:52,692 INFO storage.RaftStorageDirectory: Lock on /data/metadata/ratis/0f806a60-28f6-47ec-b5a6-cc94d5ab885e/in_use.lock acquired by nodename 7@d1c14a0ccb65
om_1          | 2019-10-15 22:47:52,472 INFO ipc.Server: IPC Server Responder: starting
grafana_1     | t=2019-10-15T22:47:45+0000 lvl=info msg="Executing migration" logger=migrator id="Add column created_by in dashboard - v2"
scm_1         | 2019-10-15 22:47:48,679 INFO impl.MetricsSystemImpl: Registered sink prometheus
datanode_3    | 2019-10-15 22:47:51,517 INFO server.RaftServerConfigKeys: raft.server.log.corruption.policy = EXCEPTION (default)
datanode_1    | 2019-10-15 22:47:52,162 INFO server.RaftServerConfigKeys: raft.server.notification.no-leader.timeout = 120s (custom)
om_1          | 2019-10-15 22:47:52,473 INFO ipc.Server: IPC Server listener on 9862: starting
datanode_2    | 2019-10-15 22:47:52,707 INFO storage.RaftStorage: Storage directory /data/metadata/ratis/0f806a60-28f6-47ec-b5a6-cc94d5ab885e has been successfully formatted.
scm_1         | 2019-10-15 22:47:48,682 INFO server.BaseHttpServer: HTTP server of SCM is listening at http://0.0.0.0:9876
datanode_3    | 2019-10-15 22:47:51,518 INFO storage.RaftStorageDirectory: The storage directory /data/metadata/ratis/c0316821-ed61-48fa-ad2a-6cb9038f729f does not exist. Creating ...
grafana_1     | t=2019-10-15T22:47:45+0000 lvl=info msg="Executing migration" logger=migrator id="Add column gnetId in dashboard"
datanode_1    | 2019-10-15 22:47:52,166 INFO server.RaftServerConfigKeys: raft.server.log.use.memory = false (default)
om_1          | 2019-10-15 22:47:52,505 INFO hdfs.DFSUtil: Starting Web-server for ozoneManager at: http://0.0.0.0:9874
datanode_2    | 2019-10-15 22:47:52,711 [pool-8-thread-1] INFO       - group-CC94D5AB885E: The snapshot info is null. Setting the last applied indexto:(t:0, i:~)
datanode_3    | 2019-10-15 22:47:51,554 INFO storage.RaftStorageDirectory: Lock on /data/metadata/ratis/c0316821-ed61-48fa-ad2a-6cb9038f729f/in_use.lock acquired by nodename 7@9ec65a9437e3
datanode_1    | 2019-10-15 22:47:52,169 INFO server.RaftServerConfigKeys: raft.server.log.purge.gap = 1000000 (custom)
grafana_1     | t=2019-10-15T22:47:45+0000 lvl=info msg="Executing migration" logger=migrator id="Add index for gnetId in dashboard"
om_1          | 2019-10-15 22:47:52,646 INFO server.AuthenticationFilter: Unable to initialize FileSignerSecretProvider, falling back to use random secrets.
scm_1         | 2019-10-15 22:47:48,691 INFO util.JvmPauseMonitor: Starting JVM pause monitor
datanode_2    | 2019-10-15 22:47:52,711 INFO server.RaftServerConfigKeys: raft.server.notification.no-leader.timeout = 120s (custom)
datanode_3    | 2019-10-15 22:47:51,569 INFO storage.RaftStorage: Storage directory /data/metadata/ratis/c0316821-ed61-48fa-ad2a-6cb9038f729f has been successfully formatted.
datanode_1    | 2019-10-15 22:47:52,170 INFO server.RaftServerConfigKeys: raft.server.log.appender.buffer.byte-limit = 33554432 (custom)
grafana_1     | t=2019-10-15T22:47:45+0000 lvl=info msg="Executing migration" logger=migrator id="Add column plugin_id in dashboard"
om_1          | 2019-10-15 22:47:52,650 INFO http.HttpRequestLog: Http request log for http.requests.ozoneManager is not defined
datanode_2    | 2019-10-15 22:47:52,713 INFO server.RaftServerConfigKeys: raft.server.log.use.memory = false (default)
scm_1         | 2019-10-15 22:47:50,556 INFO net.NetworkTopology: Added a new node: /default-rack/09b27031-ab6d-45d4-8b80-88116f6a7134
datanode_1    | 2019-10-15 22:47:52,171 INFO server.RaftServerConfigKeys: raft.server.log.segment.size.max = 1048576 (custom)
grafana_1     | t=2019-10-15T22:47:45+0000 lvl=info msg="Executing migration" logger=migrator id="Add index for plugin_id in dashboard"
datanode_3    | 2019-10-15 22:47:51,573 [pool-8-thread-1] INFO       - group-6CB9038F729F: The snapshot info is null. Setting the last applied indexto:(t:0, i:~)
om_1          | 2019-10-15 22:47:52,656 INFO http.HttpServer2: Added global filter 'safety' (class=org.apache.hadoop.http.HttpServer2$QuotingInputFilter)
datanode_2    | 2019-10-15 22:47:52,718 INFO server.RaftServerConfigKeys: raft.server.log.purge.gap = 1000000 (custom)
scm_1         | 2019-10-15 22:47:50,556 INFO node.SCMNodeManager: Registered Data node : 09b27031-ab6d-45d4-8b80-88116f6a7134{ip: 172.18.0.3, host: ozoneperf_datanode_3.ozoneperf_default, networkLocation: /default-rack, certSerialId: null}
datanode_1    | 2019-10-15 22:47:52,172 WARN impl.MetricsSystemImpl: HddsDatanode metrics system already initialized!
grafana_1     | t=2019-10-15T22:47:45+0000 lvl=info msg="Executing migration" logger=migrator id="Add index for dashboard_id in dashboard_tag"
datanode_3    | 2019-10-15 22:47:51,573 INFO server.RaftServerConfigKeys: raft.server.notification.no-leader.timeout = 120s (custom)
om_1          | 2019-10-15 22:47:52,658 INFO http.HttpServer2: Added filter static_user_filter (class=org.apache.hadoop.http.lib.StaticUserWebFilter$StaticUserFilter) to context ozoneManager
datanode_2    | 2019-10-15 22:47:52,718 INFO server.RaftServerConfigKeys: raft.server.log.appender.buffer.byte-limit = 33554432 (custom)
datanode_1    | 2019-10-15 22:47:52,177 INFO metrics.MetricRegistries: Loaded MetricRegistries class org.apache.ratis.metrics.impl.MetricRegistriesImpl
scm_1         | 2019-10-15 22:47:50,563 INFO safemode.SCMSafeModeManager: SCM in safe mode. 1 DataNodes registered, 1 required.
grafana_1     | t=2019-10-15T22:47:45+0000 lvl=info msg="Executing migration" logger=migrator id="Update dashboard table charset"
om_1          | 2019-10-15 22:47:52,658 INFO http.HttpServer2: Added filter static_user_filter (class=org.apache.hadoop.http.lib.StaticUserWebFilter$StaticUserFilter) to context logs
datanode_2    | 2019-10-15 22:47:52,720 INFO server.RaftServerConfigKeys: raft.server.log.segment.size.max = 1048576 (custom)
scm_1         | 2019-10-15 22:47:50,564 INFO safemode.SCMSafeModeManager: ScmSafeModeManager, all rules are successfully validated
datanode_1    | 2019-10-15 22:47:52,210 INFO server.RaftServerConfigKeys: raft.server.log.segment.cache.num.max = 2 (custom)
datanode_3    | 2019-10-15 22:47:51,576 INFO server.RaftServerConfigKeys: raft.server.log.use.memory = false (default)
grafana_1     | t=2019-10-15T22:47:45+0000 lvl=info msg="Executing migration" logger=migrator id="Update dashboard_tag table charset"
om_1          | 2019-10-15 22:47:52,659 INFO http.HttpServer2: Added filter static_user_filter (class=org.apache.hadoop.http.lib.StaticUserWebFilter$StaticUserFilter) to context static
datanode_2    | 2019-10-15 22:47:52,721 WARN impl.MetricsSystemImpl: HddsDatanode metrics system already initialized!
scm_1         | 2019-10-15 22:47:50,564 INFO safemode.SCMSafeModeManager: SCM exiting safe mode.
datanode_1    | 2019-10-15 22:47:52,215 INFO segmented.SegmentedRaftLogWorker: new 6fb03883-a771-4e49-92e5-00c8938e737b@group-C50DFCF98F2D-SegmentedRaftLogWorker for RaftStorage:Storage Directory /data/metadata/ratis/1efc668c-f6a7-4190-bbe1-c50dfcf98f2d
datanode_3    | 2019-10-15 22:47:51,583 INFO server.RaftServerConfigKeys: raft.server.log.purge.gap = 1000000 (custom)
grafana_1     | t=2019-10-15T22:47:45+0000 lvl=info msg="Executing migration" logger=migrator id="Add column folder_id in dashboard"
om_1          | 2019-10-15 22:47:52,678 WARN server.BaseHttpServer: /prof java profiling servlet is activated. Not safe for production!
datanode_2    | 2019-10-15 22:47:52,725 INFO metrics.MetricRegistries: Loaded MetricRegistries class org.apache.ratis.metrics.impl.MetricRegistriesImpl
scm_1         | 2019-10-15 22:47:50,823 INFO net.NetworkTopology: Added a new node: /default-rack/36d1e3ca-95a4-41a6-9ef0-7b27dbdacc42
datanode_1    | 2019-10-15 22:47:52,215 INFO server.RaftServerConfigKeys: raft.server.log.queue.byte-limit = 2147483647 (custom)
datanode_3    | 2019-10-15 22:47:51,583 INFO server.RaftServerConfigKeys: raft.server.log.appender.buffer.byte-limit = 33554432 (custom)
om_1          | 2019-10-15 22:47:52,681 INFO http.HttpServer2: Jetty bound to port 9874
datanode_2    | 2019-10-15 22:47:52,764 INFO server.RaftServerConfigKeys: raft.server.log.segment.cache.num.max = 2 (custom)
datanode_1    | 2019-10-15 22:47:52,216 INFO server.RaftServerConfigKeys: raft.server.log.queue.element-limit = 1024 (custom)
scm_1         | 2019-10-15 22:47:50,824 INFO node.SCMNodeManager: Registered Data node : 36d1e3ca-95a4-41a6-9ef0-7b27dbdacc42{ip: 172.18.0.4, host: ozoneperf_datanode_2.ozoneperf_default, networkLocation: /default-rack, certSerialId: null}
grafana_1     | t=2019-10-15T22:47:45+0000 lvl=info msg="Executing migration" logger=migrator id="Add column isFolder in dashboard"
datanode_3    | 2019-10-15 22:47:51,585 INFO server.RaftServerConfigKeys: raft.server.log.segment.size.max = 1048576 (custom)
om_1          | 2019-10-15 22:47:52,682 INFO server.Server: jetty-9.3.25.v20180904, build timestamp: 2018-09-04T21:11:46Z, git hash: 3ce520221d0240229c862b122d2b06c12a625732
datanode_2    | 2019-10-15 22:47:52,769 INFO segmented.SegmentedRaftLogWorker: new 36d1e3ca-95a4-41a6-9ef0-7b27dbdacc42@group-CC94D5AB885E-SegmentedRaftLogWorker for RaftStorage:Storage Directory /data/metadata/ratis/0f806a60-28f6-47ec-b5a6-cc94d5ab885e
scm_1         | 2019-10-15 22:47:50,999 INFO net.NetworkTopology: Added a new node: /default-rack/6fb03883-a771-4e49-92e5-00c8938e737b
datanode_1    | 2019-10-15 22:47:52,216 INFO server.RaftServerConfigKeys: raft.server.log.segment.size.max = 1048576 (custom)
grafana_1     | t=2019-10-15T22:47:45+0000 lvl=info msg="Executing migration" logger=migrator id="Add column has_acl in dashboard"
datanode_3    | 2019-10-15 22:47:51,586 WARN impl.MetricsSystemImpl: HddsDatanode metrics system already initialized!
om_1          | 2019-10-15 22:47:52,720 INFO handler.ContextHandler: Started o.e.j.s.ServletContextHandler@33ecbd6c{/logs,file:///var/log/hadoop/,AVAILABLE}
datanode_2    | 2019-10-15 22:47:52,769 INFO server.RaftServerConfigKeys: raft.server.log.queue.byte-limit = 2147483647 (custom)
scm_1         | 2019-10-15 22:47:50,999 INFO node.SCMNodeManager: Registered Data node : 6fb03883-a771-4e49-92e5-00c8938e737b{ip: 172.18.0.6, host: ozoneperf_datanode_1.ozoneperf_default, networkLocation: /default-rack, certSerialId: null}
datanode_1    | 2019-10-15 22:47:52,217 INFO server.RaftServerConfigKeys: raft.server.log.preallocated.size = 16384 (custom)
grafana_1     | t=2019-10-15T22:47:46+0000 lvl=info msg="Executing migration" logger=migrator id="Add column uid in dashboard"
datanode_3    | 2019-10-15 22:47:51,590 INFO metrics.MetricRegistries: Loaded MetricRegistries class org.apache.ratis.metrics.impl.MetricRegistriesImpl
om_1          | 2019-10-15 22:47:52,721 INFO handler.ContextHandler: Started o.e.j.s.ServletContextHandler@7654f833{/static,jar:file:/opt/hadoop/share/ozone/lib/hadoop-ozone-ozone-manager-0.5.0-SNAPSHOT.jar!/webapps/static,AVAILABLE}
datanode_2    | 2019-10-15 22:47:52,770 INFO server.RaftServerConfigKeys: raft.server.log.queue.element-limit = 1024 (custom)
scm_1         | WARNING: An illegal reflective access operation has occurred
datanode_1    | 2019-10-15 22:47:52,217 INFO server.RaftServerConfigKeys: raft.server.log.write.buffer.size = 33554432 (custom)
grafana_1     | t=2019-10-15T22:47:46+0000 lvl=info msg="Executing migration" logger=migrator id="Update uid column values in dashboard"
datanode_3    | 2019-10-15 22:47:51,623 INFO server.RaftServerConfigKeys: raft.server.log.segment.cache.num.max = 2 (custom)
om_1          | 2019-10-15 22:47:52,834 INFO handler.ContextHandler: Started o.e.j.w.WebAppContext@2e09c51{/,file:///tmp/jetty-0.0.0.0-9874-ozoneManager-_-any-11427477543009408731.dir/webapp/,AVAILABLE}{/ozoneManager}
datanode_2    | 2019-10-15 22:47:52,770 INFO server.RaftServerConfigKeys: raft.server.log.segment.size.max = 1048576 (custom)
scm_1         | WARNING: Illegal reflective access by org.apache.ratis.thirdparty.com.google.protobuf.UnsafeUtil (file:/opt/hadoop/share/ozone/lib/ratis-thirdparty-misc-0.2.0.jar) to field java.nio.Buffer.address
datanode_1    | 2019-10-15 22:47:52,217 INFO server.RaftServerConfigKeys: raft.server.log.force.sync.num = 128 (default)
grafana_1     | t=2019-10-15T22:47:46+0000 lvl=info msg="Executing migration" logger=migrator id="Add unique index dashboard_org_id_uid"
om_1          | 2019-10-15 22:47:52,840 INFO server.AbstractConnector: Started ServerConnector@541179e7{HTTP/1.1,[http/1.1]}{0.0.0.0:9874}
datanode_3    | 2019-10-15 22:47:51,628 INFO segmented.SegmentedRaftLogWorker: new 09b27031-ab6d-45d4-8b80-88116f6a7134@group-6CB9038F729F-SegmentedRaftLogWorker for RaftStorage:Storage Directory /data/metadata/ratis/c0316821-ed61-48fa-ad2a-6cb9038f729f
scm_1         | WARNING: Please consider reporting this to the maintainers of org.apache.ratis.thirdparty.com.google.protobuf.UnsafeUtil
datanode_1    | 2019-10-15 22:47:52,218 INFO server.RaftServerConfigKeys: raft.server.log.statemachine.data.sync = true (default)
datanode_2    | 2019-10-15 22:47:52,771 INFO server.RaftServerConfigKeys: raft.server.log.preallocated.size = 16384 (custom)
grafana_1     | t=2019-10-15T22:47:46+0000 lvl=info msg="Executing migration" logger=migrator id="Remove unique index org_id_slug"
om_1          | 2019-10-15 22:47:52,840 INFO server.Server: Started @3880ms
datanode_3    | 2019-10-15 22:47:51,628 INFO server.RaftServerConfigKeys: raft.server.log.queue.byte-limit = 2147483647 (custom)
scm_1         | WARNING: Use --illegal-access=warn to enable warnings of further illegal reflective access operations
datanode_1    | 2019-10-15 22:47:52,218 INFO server.RaftServerConfigKeys: raft.server.log.statemachine.data.sync.timeout = 10s (default)
datanode_2    | 2019-10-15 22:47:52,771 INFO server.RaftServerConfigKeys: raft.server.log.write.buffer.size = 33554432 (custom)
grafana_1     | t=2019-10-15T22:47:46+0000 lvl=info msg="Executing migration" logger=migrator id="Update dashboard title length"
om_1          | 2019-10-15 22:47:52,843 INFO impl.MetricsSinkAdapter: Sink prometheus started
datanode_3    | 2019-10-15 22:47:51,628 INFO server.RaftServerConfigKeys: raft.server.log.queue.element-limit = 1024 (custom)
scm_1         | WARNING: All illegal access operations will be denied in a future release
datanode_1    | 2019-10-15 22:47:52,219 INFO server.RaftServerConfigKeys: raft.server.log.statemachine.data.sync.timeout.retry = -1 (default)
datanode_2    | 2019-10-15 22:47:52,772 INFO server.RaftServerConfigKeys: raft.server.log.force.sync.num = 128 (default)
grafana_1     | t=2019-10-15T22:47:46+0000 lvl=info msg="Executing migration" logger=migrator id="Add unique index for dashboard_org_id_title_folder_id"
om_1          | 2019-10-15 22:47:52,843 INFO impl.MetricsSystemImpl: Registered sink prometheus
datanode_3    | 2019-10-15 22:47:51,629 INFO server.RaftServerConfigKeys: raft.server.log.segment.size.max = 1048576 (custom)
scm_1         | 2019-10-15 22:47:51,790 INFO pipeline.PipelineStateManager: Created pipeline Pipeline[ Id: c0316821-ed61-48fa-ad2a-6cb9038f729f, Nodes: 09b27031-ab6d-45d4-8b80-88116f6a7134{ip: 172.18.0.3, host: ozoneperf_datanode_3.ozoneperf_default, networkLocation: /default-rack, certSerialId: null}, Type:RATIS, Factor:ONE, State:OPEN]
datanode_1    | 2019-10-15 22:47:52,227 INFO server.RaftServerConfigKeys: raft.server.log.statemachine.data.caching.enabled = true (custom)
datanode_2    | 2019-10-15 22:47:52,772 INFO server.RaftServerConfigKeys: raft.server.log.statemachine.data.sync = true (default)
grafana_1     | t=2019-10-15T22:47:46+0000 lvl=info msg="Executing migration" logger=migrator id="create dashboard_provisioning"
om_1          | 2019-10-15 22:47:52,846 INFO server.BaseHttpServer: HTTP server of OZONEMANAGER is listening at http://0.0.0.0:9874
datanode_3    | 2019-10-15 22:47:51,630 INFO server.RaftServerConfigKeys: raft.server.log.preallocated.size = 16384 (custom)
scm_1         | 2019-10-15 22:47:52,332 INFO pipeline.PipelineStateManager: Created pipeline Pipeline[ Id: 1efc668c-f6a7-4190-bbe1-c50dfcf98f2d, Nodes: 6fb03883-a771-4e49-92e5-00c8938e737b{ip: 172.18.0.6, host: ozoneperf_datanode_1.ozoneperf_default, networkLocation: /default-rack, certSerialId: null}, Type:RATIS, Factor:ONE, State:OPEN]
datanode_1    | 2019-10-15 22:47:52,231 INFO segmented.SegmentedRaftLogWorker: 6fb03883-a771-4e49-92e5-00c8938e737b@group-C50DFCF98F2D-SegmentedRaftLogWorker: flushIndex: setUnconditionally 0 -> -1
datanode_2    | 2019-10-15 22:47:52,773 INFO server.RaftServerConfigKeys: raft.server.log.statemachine.data.sync.timeout = 10s (default)
grafana_1     | t=2019-10-15T22:47:46+0000 lvl=info msg="Executing migration" logger=migrator id="Rename table dashboard_provisioning to dashboard_provisioning_tmp_qwerty - v1"
om_1          | 2019-10-15 22:48:06,911 [IPC Server handler 1 on 9862] INFO       - created volume:vol-0-49507 for user:hadoop
datanode_3    | 2019-10-15 22:47:51,630 INFO server.RaftServerConfigKeys: raft.server.log.write.buffer.size = 33554432 (custom)
scm_1         | 2019-10-15 22:47:52,893 INFO pipeline.PipelineStateManager: Created pipeline Pipeline[ Id: 0f806a60-28f6-47ec-b5a6-cc94d5ab885e, Nodes: 36d1e3ca-95a4-41a6-9ef0-7b27dbdacc42{ip: 172.18.0.4, host: ozoneperf_datanode_2.ozoneperf_default, networkLocation: /default-rack, certSerialId: null}, Type:RATIS, Factor:ONE, State:OPEN]
datanode_2    | 2019-10-15 22:47:52,773 INFO server.RaftServerConfigKeys: raft.server.log.statemachine.data.sync.timeout.retry = -1 (default)
grafana_1     | t=2019-10-15T22:47:46+0000 lvl=info msg="Executing migration" logger=migrator id="create dashboard_provisioning v2"
datanode_1    | 2019-10-15 22:47:52,234 INFO server.RaftServerConfigKeys: raft.server.snapshot.auto.trigger.enabled = true (custom)
om_1          | 2019-10-15 22:48:06,936 [IPC Server handler 2 on 9862] INFO       - created volume:vol-1-53068 for user:hadoop
datanode_3    | 2019-10-15 22:47:51,630 INFO server.RaftServerConfigKeys: raft.server.log.force.sync.num = 128 (default)
scm_1         | 2019-10-15 22:47:53,008 INFO pipeline.PipelineStateManager: Created pipeline Pipeline[ Id: 8bd70bed-96c0-4341-a8b0-b1ffd28240cc, Nodes: 6fb03883-a771-4e49-92e5-00c8938e737b{ip: 172.18.0.6, host: ozoneperf_datanode_1.ozoneperf_default, networkLocation: /default-rack, certSerialId: null}09b27031-ab6d-45d4-8b80-88116f6a7134{ip: 172.18.0.3, host: ozoneperf_datanode_3.ozoneperf_default, networkLocation: /default-rack, certSerialId: null}36d1e3ca-95a4-41a6-9ef0-7b27dbdacc42{ip: 172.18.0.4, host: ozoneperf_datanode_2.ozoneperf_default, networkLocation: /default-rack, certSerialId: null}, Type:RATIS, Factor:THREE, State:OPEN]
grafana_1     | t=2019-10-15T22:47:46+0000 lvl=info msg="Executing migration" logger=migrator id="create index IDX_dashboard_provisioning_dashboard_id - v2"
datanode_2    | 2019-10-15 22:47:52,782 INFO server.RaftServerConfigKeys: raft.server.log.statemachine.data.caching.enabled = true (custom)
datanode_1    | 2019-10-15 22:47:52,235 INFO server.RaftServerConfigKeys: raft.server.snapshot.auto.trigger.threshold = 10000 (custom)
om_1          | 2019-10-15 22:48:06,945 [IPC Server handler 13 on 9862] INFO       - created volume:vol-2-93792 for user:hadoop
datanode_3    | 2019-10-15 22:47:51,631 INFO server.RaftServerConfigKeys: raft.server.log.statemachine.data.sync = true (default)
scm_1         | 2019-10-15 22:48:07,253 INFO pipeline.PipelineStateManager: Created pipeline Pipeline[ Id: 8902c49e-3171-4d8c-a825-463d2d881930, Nodes: 36d1e3ca-95a4-41a6-9ef0-7b27dbdacc42{ip: 172.18.0.4, host: ozoneperf_datanode_2.ozoneperf_default, networkLocation: /default-rack, certSerialId: null}, Type:STAND_ALONE, Factor:ONE, State:OPEN]
grafana_1     | t=2019-10-15T22:47:46+0000 lvl=info msg="Executing migration" logger=migrator id="create index IDX_dashboard_provisioning_dashboard_id_name - v2"
datanode_2    | 2019-10-15 22:47:52,786 INFO segmented.SegmentedRaftLogWorker: 36d1e3ca-95a4-41a6-9ef0-7b27dbdacc42@group-CC94D5AB885E-SegmentedRaftLogWorker: flushIndex: setUnconditionally 0 -> -1
datanode_1    | 2019-10-15 22:47:52,235 INFO server.RaftServerConfigKeys: raft.server.snapshot.retention.file.num = 5 (custom)
datanode_3    | 2019-10-15 22:47:51,631 INFO server.RaftServerConfigKeys: raft.server.log.statemachine.data.sync.timeout = 10s (default)
om_1          | 2019-10-15 22:48:06,954 [IPC Server handler 10 on 9862] INFO       - created volume:vol-3-26858 for user:hadoop
grafana_1     | t=2019-10-15T22:47:46+0000 lvl=info msg="Executing migration" logger=migrator id="copy dashboard_provisioning v1 to v2"
datanode_2    | 2019-10-15 22:47:52,790 INFO server.RaftServerConfigKeys: raft.server.snapshot.auto.trigger.enabled = true (custom)
datanode_1    | 2019-10-15 22:47:52,236 INFO server.RaftServerConfigKeys: raft.server.retrycache.expirytime = 600000ms (custom)
datanode_3    | 2019-10-15 22:47:51,631 INFO server.RaftServerConfigKeys: raft.server.log.statemachine.data.sync.timeout.retry = -1 (default)
grafana_1     | t=2019-10-15T22:47:46+0000 lvl=info msg="Executing migration" logger=migrator id="drop dashboard_provisioning_tmp_qwerty"
datanode_2    | 2019-10-15 22:47:52,790 INFO server.RaftServerConfigKeys: raft.server.snapshot.auto.trigger.threshold = 10000 (custom)
datanode_1    | 2019-10-15 22:47:52,257 INFO impl.RaftServerImpl: 6fb03883-a771-4e49-92e5-00c8938e737b@group-C50DFCF98F2D: start as a follower, conf=-1: [6fb03883-a771-4e49-92e5-00c8938e737b:172.18.0.6:9858], old=null
om_1          | 2019-10-15 22:48:06,966 [IPC Server handler 11 on 9862] INFO       - created volume:vol-4-55954 for user:hadoop
datanode_3    | 2019-10-15 22:47:51,640 INFO server.RaftServerConfigKeys: raft.server.log.statemachine.data.caching.enabled = true (custom)
grafana_1     | t=2019-10-15T22:47:46+0000 lvl=info msg="Executing migration" logger=migrator id="Add check_sum column"
datanode_2    | 2019-10-15 22:47:52,791 INFO server.RaftServerConfigKeys: raft.server.snapshot.retention.file.num = 5 (custom)
datanode_1    | 2019-10-15 22:47:52,258 INFO impl.RaftServerImpl: 6fb03883-a771-4e49-92e5-00c8938e737b@group-C50DFCF98F2D: changes role from      null to FOLLOWER at term 0 for startAsFollower
om_1          | 2019-10-15 22:48:15,910 [IPC Server handler 5 on 9862] INFO       - created volume:vol-9-23316 for user:hadoop
datanode_3    | 2019-10-15 22:47:51,643 INFO segmented.SegmentedRaftLogWorker: 09b27031-ab6d-45d4-8b80-88116f6a7134@group-6CB9038F729F-SegmentedRaftLogWorker: flushIndex: setUnconditionally 0 -> -1
grafana_1     | t=2019-10-15T22:47:46+0000 lvl=info msg="Executing migration" logger=migrator id="create data_source table"
datanode_2    | 2019-10-15 22:47:52,791 INFO server.RaftServerConfigKeys: raft.server.retrycache.expirytime = 600000ms (custom)
datanode_1    | 2019-10-15 22:47:52,259 INFO impl.RoleInfo: 6fb03883-a771-4e49-92e5-00c8938e737b: start FollowerState
om_1          | 2019-10-15 22:48:15,914 [IPC Server handler 8 on 9862] INFO       - created volume:vol-2-05728 for user:hadoop
datanode_3    | 2019-10-15 22:47:51,648 INFO server.RaftServerConfigKeys: raft.server.snapshot.auto.trigger.enabled = true (custom)
grafana_1     | t=2019-10-15T22:47:46+0000 lvl=info msg="Executing migration" logger=migrator id="add index data_source.account_id"
datanode_2    | 2019-10-15 22:47:52,814 INFO impl.RaftServerImpl: 36d1e3ca-95a4-41a6-9ef0-7b27dbdacc42@group-CC94D5AB885E: start as a follower, conf=-1: [36d1e3ca-95a4-41a6-9ef0-7b27dbdacc42:172.18.0.4:9858], old=null
datanode_1    | 2019-10-15 22:47:52,263 INFO util.JmxRegister: Successfully registered JMX Bean with object name Ratis:service=RaftServer,group=group-C50DFCF98F2D,id=6fb03883-a771-4e49-92e5-00c8938e737b
om_1          | 2019-10-15 22:48:15,912 [IPC Server handler 11 on 9862] INFO       - created volume:vol-3-18011 for user:hadoop
datanode_3    | 2019-10-15 22:47:51,648 INFO server.RaftServerConfigKeys: raft.server.snapshot.auto.trigger.threshold = 10000 (custom)
grafana_1     | t=2019-10-15T22:47:46+0000 lvl=info msg="Executing migration" logger=migrator id="add unique index data_source.account_id_name"
datanode_2    | 2019-10-15 22:47:52,815 INFO impl.RaftServerImpl: 36d1e3ca-95a4-41a6-9ef0-7b27dbdacc42@group-CC94D5AB885E: changes role from      null to FOLLOWER at term 0 for startAsFollower
datanode_1    | 2019-10-15 22:47:52,950 INFO impl.RaftServerProxy: 6fb03883-a771-4e49-92e5-00c8938e737b: addNew group-B1FFD28240CC:[09b27031-ab6d-45d4-8b80-88116f6a7134:172.18.0.3:9858, 6fb03883-a771-4e49-92e5-00c8938e737b:172.18.0.6:9858, 36d1e3ca-95a4-41a6-9ef0-7b27dbdacc42:172.18.0.4:9858] returns group-B1FFD28240CC:java.util.concurrent.CompletableFuture@7c8a581c[Not completed]
om_1          | 2019-10-15 22:48:15,916 [IPC Server handler 9 on 9862] INFO       - created volume:vol-4-77803 for user:hadoop
datanode_3    | 2019-10-15 22:47:51,649 INFO server.RaftServerConfigKeys: raft.server.snapshot.retention.file.num = 5 (custom)
grafana_1     | t=2019-10-15T22:47:47+0000 lvl=info msg="Executing migration" logger=migrator id="drop index IDX_data_source_account_id - v1"
datanode_2    | 2019-10-15 22:47:52,816 INFO impl.RoleInfo: 36d1e3ca-95a4-41a6-9ef0-7b27dbdacc42: start FollowerState
datanode_1    | 2019-10-15 22:47:52,953 INFO impl.RaftServerImpl: 6fb03883-a771-4e49-92e5-00c8938e737b: new RaftServerImpl for group-B1FFD28240CC:[09b27031-ab6d-45d4-8b80-88116f6a7134:172.18.0.3:9858, 6fb03883-a771-4e49-92e5-00c8938e737b:172.18.0.6:9858, 36d1e3ca-95a4-41a6-9ef0-7b27dbdacc42:172.18.0.4:9858] with ContainerStateMachine:uninitialized
om_1          | 2019-10-15 22:48:15,917 [IPC Server handler 7 on 9862] INFO       - created volume:vol-6-76708 for user:hadoop
datanode_3    | 2019-10-15 22:47:51,649 INFO server.RaftServerConfigKeys: raft.server.retrycache.expirytime = 600000ms (custom)
grafana_1     | t=2019-10-15T22:47:47+0000 lvl=info msg="Executing migration" logger=migrator id="drop index UQE_data_source_account_id_name - v1"
datanode_2    | 2019-10-15 22:47:52,820 INFO util.JmxRegister: Successfully registered JMX Bean with object name Ratis:service=RaftServer,group=group-CC94D5AB885E,id=36d1e3ca-95a4-41a6-9ef0-7b27dbdacc42
datanode_1    | 2019-10-15 22:47:52,953 INFO server.RaftServerConfigKeys: raft.server.rpc.timeout.min = 5s (custom)
om_1          | 2019-10-15 22:48:15,918 [IPC Server handler 6 on 9862] INFO       - created volume:vol-5-52933 for user:hadoop
datanode_3    | 2019-10-15 22:47:51,675 INFO impl.RaftServerImpl: 09b27031-ab6d-45d4-8b80-88116f6a7134@group-6CB9038F729F: start as a follower, conf=-1: [09b27031-ab6d-45d4-8b80-88116f6a7134:172.18.0.3:9858], old=null
grafana_1     | t=2019-10-15T22:47:47+0000 lvl=info msg="Executing migration" logger=migrator id="Rename table data_source to data_source_v1 - v1"
datanode_2    | 2019-10-15 22:47:52,950 INFO impl.RaftServerProxy: 36d1e3ca-95a4-41a6-9ef0-7b27dbdacc42: addNew group-B1FFD28240CC:[09b27031-ab6d-45d4-8b80-88116f6a7134:172.18.0.3:9858, 6fb03883-a771-4e49-92e5-00c8938e737b:172.18.0.6:9858, 36d1e3ca-95a4-41a6-9ef0-7b27dbdacc42:172.18.0.4:9858] returns group-B1FFD28240CC:java.util.concurrent.CompletableFuture@46023226[Not completed]
datanode_1    | 2019-10-15 22:47:52,953 INFO server.RaftServerConfigKeys: raft.server.rpc.timeout.max = 5200ms (custom)
datanode_1    | 2019-10-15 22:47:52,953 INFO server.RaftServerConfigKeys: raft.server.rpcslowness.timeout = 120s (custom)
om_1          | 2019-10-15 22:48:15,918 [IPC Server handler 3 on 9862] INFO       - created volume:vol-1-45510 for user:hadoop
datanode_3    | 2019-10-15 22:47:51,676 INFO impl.RaftServerImpl: 09b27031-ab6d-45d4-8b80-88116f6a7134@group-6CB9038F729F: changes role from      null to FOLLOWER at term 0 for startAsFollower
grafana_1     | t=2019-10-15T22:47:47+0000 lvl=info msg="Executing migration" logger=migrator id="create data_source table v2"
datanode_2    | 2019-10-15 22:47:52,953 INFO impl.RaftServerImpl: 36d1e3ca-95a4-41a6-9ef0-7b27dbdacc42: new RaftServerImpl for group-B1FFD28240CC:[09b27031-ab6d-45d4-8b80-88116f6a7134:172.18.0.3:9858, 6fb03883-a771-4e49-92e5-00c8938e737b:172.18.0.6:9858, 36d1e3ca-95a4-41a6-9ef0-7b27dbdacc42:172.18.0.4:9858] with ContainerStateMachine:uninitialized
datanode_1    | 2019-10-15 22:47:52,953 INFO server.RaftServerConfigKeys: raft.server.sleep.deviation.threshold = 300 (default)
om_1          | 2019-10-15 22:48:15,919 [IPC Server handler 14 on 9862] INFO       - created volume:vol-7-38539 for user:hadoop
datanode_3    | 2019-10-15 22:47:51,678 INFO impl.RoleInfo: 09b27031-ab6d-45d4-8b80-88116f6a7134: start FollowerState
grafana_1     | t=2019-10-15T22:47:47+0000 lvl=info msg="Executing migration" logger=migrator id="create index IDX_data_source_org_id - v2"
datanode_2    | 2019-10-15 22:47:52,953 INFO server.RaftServerConfigKeys: raft.server.rpc.timeout.min = 5s (custom)
datanode_1    | 2019-10-15 22:47:52,953 INFO server.RaftServerConfigKeys: raft.server.log.appender.install.snapshot.enabled = false (custom)
om_1          | 2019-10-15 22:48:15,920 [IPC Server handler 16 on 9862] INFO       - created volume:vol-8-35302 for user:hadoop
grafana_1     | t=2019-10-15T22:47:47+0000 lvl=info msg="Executing migration" logger=migrator id="create index UQE_data_source_org_id_name - v2"
datanode_3    | 2019-10-15 22:47:51,681 INFO util.JmxRegister: Successfully registered JMX Bean with object name Ratis:service=RaftServer,group=group-6CB9038F729F,id=09b27031-ab6d-45d4-8b80-88116f6a7134
datanode_2    | 2019-10-15 22:47:52,953 INFO server.RaftServerConfigKeys: raft.server.rpc.timeout.max = 5200ms (custom)
grafana_1     | t=2019-10-15T22:47:47+0000 lvl=info msg="Executing migration" logger=migrator id="copy data_source v1 to v2"
datanode_2    | 2019-10-15 22:47:52,954 INFO server.RaftServerConfigKeys: raft.server.rpcslowness.timeout = 120s (custom)
datanode_1    | 2019-10-15 22:47:52,953 INFO impl.RaftServerImpl: 6fb03883-a771-4e49-92e5-00c8938e737b@group-B1FFD28240CC: ConfigurationManager, init=-1: [09b27031-ab6d-45d4-8b80-88116f6a7134:172.18.0.3:9858, 6fb03883-a771-4e49-92e5-00c8938e737b:172.18.0.6:9858, 36d1e3ca-95a4-41a6-9ef0-7b27dbdacc42:172.18.0.4:9858], old=null, confs=<EMPTY_MAP>
om_1          | 2019-10-15 22:48:15,921 [IPC Server handler 15 on 9862] INFO       - created volume:vol-0-19691 for user:hadoop
datanode_2    | 2019-10-15 22:47:52,954 INFO server.RaftServerConfigKeys: raft.server.sleep.deviation.threshold = 300 (default)
grafana_1     | t=2019-10-15T22:47:47+0000 lvl=info msg="Executing migration" logger=migrator id="Drop old table data_source_v1 #2"
datanode_3    | 2019-10-15 22:47:52,932 INFO impl.RaftServerProxy: 09b27031-ab6d-45d4-8b80-88116f6a7134: addNew group-B1FFD28240CC:[09b27031-ab6d-45d4-8b80-88116f6a7134:172.18.0.3:9858, 6fb03883-a771-4e49-92e5-00c8938e737b:172.18.0.6:9858, 36d1e3ca-95a4-41a6-9ef0-7b27dbdacc42:172.18.0.4:9858] returns group-B1FFD28240CC:java.util.concurrent.CompletableFuture@5f8e5037[Not completed]
datanode_1    | 2019-10-15 22:47:52,954 INFO server.RaftServerConfigKeys: raft.server.storage.dir = [/data/metadata/ratis] (custom)
datanode_2    | 2019-10-15 22:47:52,954 INFO server.RaftServerConfigKeys: raft.server.log.appender.install.snapshot.enabled = false (custom)
grafana_1     | t=2019-10-15T22:47:47+0000 lvl=info msg="Executing migration" logger=migrator id="Add column with_credentials"
