datanode_1    | 2019-10-09 07:18:43 INFO  LeaderElection:56 - 17b392c1-50ab-4dda-9a72-5276f31d2027@group-ED04AD79E976-LeaderElection2: Election REJECTED; received 2 response(s) [17b392c1-50ab-4dda-9a72-5276f31d2027<-840b15a8-0d79-45c3-bb30-74aa63eb684b#0:FAIL-t1, 17b392c1-50ab-4dda-9a72-5276f31d2027<-9d7fc5a8-66a8-4491-98e7-e64e2b8c82d3#0:FAIL-t1] and 0 exception(s); 17b392c1-50ab-4dda-9a72-5276f31d2027@group-ED04AD79E976:t1, leader=null, voted=17b392c1-50ab-4dda-9a72-5276f31d2027, raftlog=17b392c1-50ab-4dda-9a72-5276f31d2027@group-ED04AD79E976-SegmentedRaftLog:OPENED:c-1,f-1,i0, conf=-1: [840b15a8-0d79-45c3-bb30-74aa63eb684b:172.18.0.11:9858, 9d7fc5a8-66a8-4491-98e7-e64e2b8c82d3:172.18.0.8:9858, 17b392c1-50ab-4dda-9a72-5276f31d2027:172.18.0.7:9858], old=null
grafana_1     | t=2019-10-09T07:18:18+0000 lvl=info msg="Executing migration" logger=migrator id="Set dashboard version to 1 where 0"
datanode_3    | 2019-10-09 07:18:48 INFO  RoleInfo:121 - 9d7fc5a8-66a8-4491-98e7-e64e2b8c82d3: shutdown FollowerState
scm_1         | 	at java.base/java.util.stream.AbstractPipeline.evaluate(AbstractPipeline.java:233)
freon_1       | 	at java.base/java.util.concurrent.ThreadPoolExecutor$Worker.run(ThreadPoolExecutor.java:628)
datanode_2    | 2019-10-09 07:18:49 INFO  LeaderElection:178 - 840b15a8-0d79-45c3-bb30-74aa63eb684b@group-ED04AD79E976-LeaderElection5: begin an election at term 2 for -1: [840b15a8-0d79-45c3-bb30-74aa63eb684b:172.18.0.11:9858, 9d7fc5a8-66a8-4491-98e7-e64e2b8c82d3:172.18.0.8:9858, 17b392c1-50ab-4dda-9a72-5276f31d2027:172.18.0.7:9858], old=null
datanode_1    | 2019-10-09 07:18:43 INFO  RaftServerImpl:170 - 17b392c1-50ab-4dda-9a72-5276f31d2027@group-62D7F53CB4FA: changes role from CANDIDATE to FOLLOWER at term 1 for DISCOVERED_A_NEW_TERM
grafana_1     | t=2019-10-09T07:18:18+0000 lvl=info msg="Executing migration" logger=migrator id="save existing dashboard data in dashboard_version table v1"
datanode_3    | 2019-10-09 07:18:48 INFO  RaftServerImpl:170 - 9d7fc5a8-66a8-4491-98e7-e64e2b8c82d3@group-ED04AD79E976: changes role from  FOLLOWER to CANDIDATE at term 1 for changeToCandidate
scm_1         | 	at java.base/java.util.stream.ReferencePipeline.forEach(ReferencePipeline.java:497)
freon_1       | 	at java.base/java.lang.Thread.run(Thread.java:834)
datanode_2    | 2019-10-09 07:18:49 INFO  LeaderElection:178 - 840b15a8-0d79-45c3-bb30-74aa63eb684b@group-62D7F53CB4FA-LeaderElection4: begin an election at term 2 for -1: [840b15a8-0d79-45c3-bb30-74aa63eb684b:172.18.0.11:9858, 9d7fc5a8-66a8-4491-98e7-e64e2b8c82d3:172.18.0.8:9858, 17b392c1-50ab-4dda-9a72-5276f31d2027:172.18.0.7:9858], old=null
datanode_1    | 2019-10-09 07:18:43 INFO  RaftServerImpl:170 - 17b392c1-50ab-4dda-9a72-5276f31d2027@group-ED04AD79E976: changes role from CANDIDATE to FOLLOWER at term 1 for DISCOVERED_A_NEW_TERM
grafana_1     | t=2019-10-09T07:18:18+0000 lvl=info msg="Executing migration" logger=migrator id="alter dashboard_version.data to mediumtext v1"
datanode_3    | 2019-10-09 07:18:48 INFO  RoleInfo:143 - 9d7fc5a8-66a8-4491-98e7-e64e2b8c82d3: start LeaderElection
scm_1         | 	at java.base/java.util.stream.ReferencePipeline$Head.forEach(ReferencePipeline.java:661)
freon_1       | 
datanode_2    | 2019-10-09 07:18:50 INFO  LeaderElection:56 - 840b15a8-0d79-45c3-bb30-74aa63eb684b@group-62D7F53CB4FA-LeaderElection4: Election REJECTED; received 2 response(s) [840b15a8-0d79-45c3-bb30-74aa63eb684b<-9d7fc5a8-66a8-4491-98e7-e64e2b8c82d3#0:FAIL-t2, 840b15a8-0d79-45c3-bb30-74aa63eb684b<-17b392c1-50ab-4dda-9a72-5276f31d2027#0:FAIL-t2] and 0 exception(s); 840b15a8-0d79-45c3-bb30-74aa63eb684b@group-62D7F53CB4FA:t2, leader=null, voted=840b15a8-0d79-45c3-bb30-74aa63eb684b, raftlog=840b15a8-0d79-45c3-bb30-74aa63eb684b@group-62D7F53CB4FA-SegmentedRaftLog:OPENED:c-1,f-1,i0, conf=-1: [840b15a8-0d79-45c3-bb30-74aa63eb684b:172.18.0.11:9858, 9d7fc5a8-66a8-4491-98e7-e64e2b8c82d3:172.18.0.8:9858, 17b392c1-50ab-4dda-9a72-5276f31d2027:172.18.0.7:9858], old=null
datanode_1    | 2019-10-09 07:18:43 INFO  RoleInfo:134 - 17b392c1-50ab-4dda-9a72-5276f31d2027: shutdown LeaderElection
grafana_1     | t=2019-10-09T07:18:18+0000 lvl=info msg="Executing migration" logger=migrator id="create team table"
datanode_3    | 2019-10-09 07:18:48 INFO  FollowerState:108 - 9d7fc5a8-66a8-4491-98e7-e64e2b8c82d3@group-62D7F53CB4FA-FollowerState: change to CANDIDATE, lastRpcTime:5111ms, electionTimeout:5111ms
scm_1         | 	at org.apache.hadoop.hdds.scm.pipeline.RatisPipelineProvider.lambda$callRatisRpc$6(RatisPipelineProvider.java:227)
freon_1       | Oct 09, 2019 7:19:02 AM org.apache.ratis.thirdparty.io.grpc.internal.ManagedChannelOrphanWrapper$ManagedChannelReference cleanQueue
datanode_2    | 2019-10-09 07:18:50 INFO  LeaderElection:56 - 840b15a8-0d79-45c3-bb30-74aa63eb684b@group-ED04AD79E976-LeaderElection5: Election REJECTED; received 2 response(s) [840b15a8-0d79-45c3-bb30-74aa63eb684b<-9d7fc5a8-66a8-4491-98e7-e64e2b8c82d3#0:FAIL-t2, 840b15a8-0d79-45c3-bb30-74aa63eb684b<-17b392c1-50ab-4dda-9a72-5276f31d2027#0:FAIL-t2] and 0 exception(s); 840b15a8-0d79-45c3-bb30-74aa63eb684b@group-ED04AD79E976:t2, leader=null, voted=840b15a8-0d79-45c3-bb30-74aa63eb684b, raftlog=840b15a8-0d79-45c3-bb30-74aa63eb684b@group-ED04AD79E976-SegmentedRaftLog:OPENED:c-1,f-1,i0, conf=-1: [840b15a8-0d79-45c3-bb30-74aa63eb684b:172.18.0.11:9858, 9d7fc5a8-66a8-4491-98e7-e64e2b8c82d3:172.18.0.8:9858, 17b392c1-50ab-4dda-9a72-5276f31d2027:172.18.0.7:9858], old=null
datanode_1    | 2019-10-09 07:18:43 INFO  RoleInfo:143 - 17b392c1-50ab-4dda-9a72-5276f31d2027: start FollowerState
grafana_1     | t=2019-10-09T07:18:18+0000 lvl=info msg="Executing migration" logger=migrator id="add index team.org_id"
datanode_3    | 2019-10-09 07:18:48 INFO  RoleInfo:121 - 9d7fc5a8-66a8-4491-98e7-e64e2b8c82d3: shutdown FollowerState
scm_1         | 	at java.base/java.util.concurrent.ForkJoinTask$AdaptedRunnableAction.exec(ForkJoinTask.java:1407)
freon_1       | SEVERE: *~*~*~ Channel ManagedChannelImpl{logId=1, target=172.18.0.8:9859} was not shutdown properly!!! ~*~*~*
datanode_2    | 2019-10-09 07:18:50 INFO  RaftServerImpl:170 - 840b15a8-0d79-45c3-bb30-74aa63eb684b@group-62D7F53CB4FA: changes role from CANDIDATE to FOLLOWER at term 2 for DISCOVERED_A_NEW_TERM
datanode_1    | 2019-10-09 07:18:43 INFO  RoleInfo:134 - 17b392c1-50ab-4dda-9a72-5276f31d2027: shutdown LeaderElection
grafana_1     | t=2019-10-09T07:18:18+0000 lvl=info msg="Executing migration" logger=migrator id="add unique index team_org_id_name"
datanode_3    | 2019-10-09 07:18:48 INFO  RaftServerImpl:170 - 9d7fc5a8-66a8-4491-98e7-e64e2b8c82d3@group-62D7F53CB4FA: changes role from  FOLLOWER to CANDIDATE at term 1 for changeToCandidate
scm_1         | 	at java.base/java.util.concurrent.ForkJoinTask.doExec(ForkJoinTask.java:290)
freon_1       |     Make sure to call shutdown()/shutdownNow() and wait until awaitTermination() returns true.
datanode_2    | 2019-10-09 07:18:50 INFO  RoleInfo:134 - 840b15a8-0d79-45c3-bb30-74aa63eb684b: shutdown LeaderElection
datanode_1    | 2019-10-09 07:18:43 INFO  RoleInfo:143 - 17b392c1-50ab-4dda-9a72-5276f31d2027: start FollowerState
grafana_1     | t=2019-10-09T07:18:18+0000 lvl=info msg="Executing migration" logger=migrator id="create team member table"
scm_1         | 	at java.base/java.util.concurrent.ForkJoinPool$WorkQueue.topLevelExec(ForkJoinPool.java:1020)
datanode_2    | 2019-10-09 07:18:50 INFO  RoleInfo:143 - 840b15a8-0d79-45c3-bb30-74aa63eb684b: start FollowerState
freon_1       | java.lang.RuntimeException: ManagedChannel allocation site
datanode_1    | 2019-10-09 07:18:48 INFO  FollowerState:108 - 17b392c1-50ab-4dda-9a72-5276f31d2027@group-ED04AD79E976-FollowerState: change to CANDIDATE, lastRpcTime:5029ms, electionTimeout:5029ms
datanode_3    | 2019-10-09 07:18:48 INFO  RoleInfo:143 - 9d7fc5a8-66a8-4491-98e7-e64e2b8c82d3: start LeaderElection
grafana_1     | t=2019-10-09T07:18:18+0000 lvl=info msg="Executing migration" logger=migrator id="add index team_member.org_id"
scm_1         | 	at java.base/java.util.concurrent.ForkJoinPool.scan(ForkJoinPool.java:1656)
datanode_2    | 2019-10-09 07:18:50 INFO  RaftServerImpl:170 - 840b15a8-0d79-45c3-bb30-74aa63eb684b@group-ED04AD79E976: changes role from CANDIDATE to FOLLOWER at term 2 for DISCOVERED_A_NEW_TERM
freon_1       | 	at org.apache.ratis.thirdparty.io.grpc.internal.ManagedChannelOrphanWrapper$ManagedChannelReference.<init>(ManagedChannelOrphanWrapper.java:103)
datanode_1    | 2019-10-09 07:18:48 INFO  RoleInfo:121 - 17b392c1-50ab-4dda-9a72-5276f31d2027: shutdown FollowerState
grafana_1     | t=2019-10-09T07:18:18+0000 lvl=info msg="Executing migration" logger=migrator id="add unique index team_member_org_id_team_id_user_id"
scm_1         | 	at java.base/java.util.concurrent.ForkJoinPool.runWorker(ForkJoinPool.java:1594)
datanode_3    | 2019-10-09 07:18:49 INFO  LeaderElection:178 - 9d7fc5a8-66a8-4491-98e7-e64e2b8c82d3@group-62D7F53CB4FA-LeaderElection5: begin an election at term 2 for -1: [840b15a8-0d79-45c3-bb30-74aa63eb684b:172.18.0.11:9858, 9d7fc5a8-66a8-4491-98e7-e64e2b8c82d3:172.18.0.8:9858, 17b392c1-50ab-4dda-9a72-5276f31d2027:172.18.0.7:9858], old=null
datanode_2    | 2019-10-09 07:18:50 INFO  RoleInfo:134 - 840b15a8-0d79-45c3-bb30-74aa63eb684b: shutdown LeaderElection
freon_1       | 	at org.apache.ratis.thirdparty.io.grpc.internal.ManagedChannelOrphanWrapper.<init>(ManagedChannelOrphanWrapper.java:53)
datanode_1    | 2019-10-09 07:18:48 INFO  RaftServerImpl:170 - 17b392c1-50ab-4dda-9a72-5276f31d2027@group-ED04AD79E976: changes role from  FOLLOWER to CANDIDATE at term 1 for changeToCandidate
grafana_1     | t=2019-10-09T07:18:18+0000 lvl=info msg="Executing migration" logger=migrator id="Add column email to team table"
datanode_3    | 2019-10-09 07:18:49 INFO  LeaderElection:178 - 9d7fc5a8-66a8-4491-98e7-e64e2b8c82d3@group-ED04AD79E976-LeaderElection4: begin an election at term 2 for -1: [840b15a8-0d79-45c3-bb30-74aa63eb684b:172.18.0.11:9858, 9d7fc5a8-66a8-4491-98e7-e64e2b8c82d3:172.18.0.8:9858, 17b392c1-50ab-4dda-9a72-5276f31d2027:172.18.0.7:9858], old=null
freon_1       | 	at org.apache.ratis.thirdparty.io.grpc.internal.ManagedChannelOrphanWrapper.<init>(ManagedChannelOrphanWrapper.java:44)
datanode_2    | 2019-10-09 07:18:50 INFO  RoleInfo:143 - 840b15a8-0d79-45c3-bb30-74aa63eb684b: start FollowerState
scm_1         | 	at java.base/java.util.concurrent.ForkJoinWorkerThread.run(ForkJoinWorkerThread.java:177)
datanode_1    | 2019-10-09 07:18:48 INFO  RoleInfo:143 - 17b392c1-50ab-4dda-9a72-5276f31d2027: start LeaderElection
grafana_1     | t=2019-10-09T07:18:18+0000 lvl=info msg="Executing migration" logger=migrator id="Add column external to team_member table"
datanode_3    | 2019-10-09 07:18:50 INFO  LeaderElection:56 - 9d7fc5a8-66a8-4491-98e7-e64e2b8c82d3@group-62D7F53CB4FA-LeaderElection5: Election REJECTED; received 2 response(s) [9d7fc5a8-66a8-4491-98e7-e64e2b8c82d3<-840b15a8-0d79-45c3-bb30-74aa63eb684b#0:FAIL-t2, 9d7fc5a8-66a8-4491-98e7-e64e2b8c82d3<-17b392c1-50ab-4dda-9a72-5276f31d2027#0:FAIL-t2] and 0 exception(s); 9d7fc5a8-66a8-4491-98e7-e64e2b8c82d3@group-62D7F53CB4FA:t2, leader=null, voted=9d7fc5a8-66a8-4491-98e7-e64e2b8c82d3, raftlog=9d7fc5a8-66a8-4491-98e7-e64e2b8c82d3@group-62D7F53CB4FA-SegmentedRaftLog:OPENED:c-1,f-1,i0, conf=-1: [840b15a8-0d79-45c3-bb30-74aa63eb684b:172.18.0.11:9858, 9d7fc5a8-66a8-4491-98e7-e64e2b8c82d3:172.18.0.8:9858, 17b392c1-50ab-4dda-9a72-5276f31d2027:172.18.0.7:9858], old=null
freon_1       | 	at org.apache.ratis.thirdparty.io.grpc.internal.AbstractManagedChannelImplBuilder.build(AbstractManagedChannelImplBuilder.java:411)
datanode_2    | 2019-10-09 07:18:55 INFO  FollowerState:108 - 840b15a8-0d79-45c3-bb30-74aa63eb684b@group-ED04AD79E976-FollowerState: change to CANDIDATE, lastRpcTime:5110ms, electionTimeout:5110ms
datanode_1    | 2019-10-09 07:18:48 INFO  FollowerState:108 - 17b392c1-50ab-4dda-9a72-5276f31d2027@group-62D7F53CB4FA-FollowerState: change to CANDIDATE, lastRpcTime:5036ms, electionTimeout:5036ms
scm_1         | Caused by: org.apache.ratis.thirdparty.io.grpc.StatusRuntimeException: DEADLINE_EXCEEDED: deadline exceeded after 2999318762ns
grafana_1     | t=2019-10-09T07:18:18+0000 lvl=info msg="Executing migration" logger=migrator id="Add column permission to team_member table"
datanode_3    | 2019-10-09 07:18:50 INFO  LeaderElection:56 - 9d7fc5a8-66a8-4491-98e7-e64e2b8c82d3@group-ED04AD79E976-LeaderElection4: Election REJECTED; received 2 response(s) [9d7fc5a8-66a8-4491-98e7-e64e2b8c82d3<-840b15a8-0d79-45c3-bb30-74aa63eb684b#0:FAIL-t2, 9d7fc5a8-66a8-4491-98e7-e64e2b8c82d3<-17b392c1-50ab-4dda-9a72-5276f31d2027#0:FAIL-t2] and 0 exception(s); 9d7fc5a8-66a8-4491-98e7-e64e2b8c82d3@group-ED04AD79E976:t2, leader=null, voted=9d7fc5a8-66a8-4491-98e7-e64e2b8c82d3, raftlog=9d7fc5a8-66a8-4491-98e7-e64e2b8c82d3@group-ED04AD79E976-SegmentedRaftLog:OPENED:c-1,f-1,i0, conf=-1: [840b15a8-0d79-45c3-bb30-74aa63eb684b:172.18.0.11:9858, 9d7fc5a8-66a8-4491-98e7-e64e2b8c82d3:172.18.0.8:9858, 17b392c1-50ab-4dda-9a72-5276f31d2027:172.18.0.7:9858], old=null
freon_1       | 	at org.apache.hadoop.hdds.scm.XceiverClientGrpc.connectToDatanode(XceiverClientGrpc.java:183)
datanode_2    | 2019-10-09 07:18:55 INFO  RoleInfo:121 - 840b15a8-0d79-45c3-bb30-74aa63eb684b: shutdown FollowerState
datanode_1    | 2019-10-09 07:18:48 INFO  RoleInfo:121 - 17b392c1-50ab-4dda-9a72-5276f31d2027: shutdown FollowerState
scm_1         | 	at org.apache.ratis.thirdparty.io.grpc.stub.ClientCalls.toStatusRuntimeException(ClientCalls.java:233)
grafana_1     | t=2019-10-09T07:18:18+0000 lvl=info msg="Executing migration" logger=migrator id="create dashboard acl table"
datanode_3    | 2019-10-09 07:18:50 INFO  RaftServerImpl:170 - 9d7fc5a8-66a8-4491-98e7-e64e2b8c82d3@group-62D7F53CB4FA: changes role from CANDIDATE to FOLLOWER at term 2 for DISCOVERED_A_NEW_TERM
freon_1       | 	at org.apache.hadoop.hdds.scm.XceiverClientGrpc.reconnect(XceiverClientGrpc.java:434)
datanode_2    | 2019-10-09 07:18:55 INFO  RaftServerImpl:170 - 840b15a8-0d79-45c3-bb30-74aa63eb684b@group-ED04AD79E976: changes role from  FOLLOWER to CANDIDATE at term 2 for changeToCandidate
scm_1         | 	at org.apache.ratis.thirdparty.io.grpc.stub.ClientCalls.getUnchecked(ClientCalls.java:214)
grafana_1     | t=2019-10-09T07:18:18+0000 lvl=info msg="Executing migration" logger=migrator id="add index dashboard_acl_dashboard_id"
datanode_3    | 2019-10-09 07:18:50 INFO  RoleInfo:134 - 9d7fc5a8-66a8-4491-98e7-e64e2b8c82d3: shutdown LeaderElection
freon_1       | 	at org.apache.hadoop.hdds.scm.XceiverClientGrpc.sendCommandAsync(XceiverClientGrpc.java:382)
datanode_2    | 2019-10-09 07:18:55 INFO  RoleInfo:143 - 840b15a8-0d79-45c3-bb30-74aa63eb684b: start LeaderElection
scm_1         | 	at org.apache.ratis.thirdparty.io.grpc.stub.ClientCalls.blockingUnaryCall(ClientCalls.java:139)
grafana_1     | t=2019-10-09T07:18:18+0000 lvl=info msg="Executing migration" logger=migrator id="add unique index dashboard_acl_dashboard_id_user_id"
datanode_1    | 2019-10-09 07:18:48 INFO  RaftServerImpl:170 - 17b392c1-50ab-4dda-9a72-5276f31d2027@group-62D7F53CB4FA: changes role from  FOLLOWER to CANDIDATE at term 1 for changeToCandidate
datanode_3    | 2019-10-09 07:18:50 INFO  RaftServerImpl:170 - 9d7fc5a8-66a8-4491-98e7-e64e2b8c82d3@group-ED04AD79E976: changes role from CANDIDATE to FOLLOWER at term 2 for DISCOVERED_A_NEW_TERM
freon_1       | 	at org.apache.hadoop.hdds.scm.XceiverClientGrpc.sendCommandAsync(XceiverClientGrpc.java:357)
scm_1         | 	at org.apache.ratis.proto.grpc.AdminProtocolServiceGrpc$AdminProtocolServiceBlockingStub.groupManagement(AdminProtocolServiceGrpc.java:274)
datanode_2    | 2019-10-09 07:18:55 INFO  FollowerState:108 - 840b15a8-0d79-45c3-bb30-74aa63eb684b@group-62D7F53CB4FA-FollowerState: change to CANDIDATE, lastRpcTime:5141ms, electionTimeout:5139ms
grafana_1     | t=2019-10-09T07:18:19+0000 lvl=info msg="Executing migration" logger=migrator id="add unique index dashboard_acl_dashboard_id_team_id"
datanode_1    | 2019-10-09 07:18:48 INFO  RoleInfo:143 - 17b392c1-50ab-4dda-9a72-5276f31d2027: start LeaderElection
datanode_3    | 2019-10-09 07:18:50 INFO  RoleInfo:143 - 9d7fc5a8-66a8-4491-98e7-e64e2b8c82d3: start FollowerState
freon_1       | 	at org.apache.hadoop.hdds.scm.storage.ContainerProtocolCalls.writeChunkAsync(ContainerProtocolCalls.java:310)
scm_1         | 	at org.apache.ratis.grpc.client.GrpcClientProtocolClient.lambda$groupAdd$3(GrpcClientProtocolClient.java:155)
datanode_2    | 2019-10-09 07:18:55 INFO  RoleInfo:121 - 840b15a8-0d79-45c3-bb30-74aa63eb684b: shutdown FollowerState
grafana_1     | t=2019-10-09T07:18:19+0000 lvl=info msg="Executing migration" logger=migrator id="save default acl rules in dashboard_acl table"
datanode_3    | 2019-10-09 07:18:50 INFO  RoleInfo:134 - 9d7fc5a8-66a8-4491-98e7-e64e2b8c82d3: shutdown LeaderElection
freon_1       | 	at org.apache.hadoop.hdds.scm.storage.BlockOutputStream.writeChunkToContainer(BlockOutputStream.java:604)
scm_1         | 	at org.apache.ratis.grpc.client.GrpcClientProtocolClient.blockingCall(GrpcClientProtocolClient.java:182)
datanode_2    | 2019-10-09 07:18:55 INFO  RaftServerImpl:170 - 840b15a8-0d79-45c3-bb30-74aa63eb684b@group-62D7F53CB4FA: changes role from  FOLLOWER to CANDIDATE at term 2 for changeToCandidate
grafana_1     | t=2019-10-09T07:18:19+0000 lvl=info msg="Executing migration" logger=migrator id="create tag table"
datanode_1    | 2019-10-09 07:18:49 INFO  LeaderElection:178 - 17b392c1-50ab-4dda-9a72-5276f31d2027@group-ED04AD79E976-LeaderElection4: begin an election at term 2 for -1: [840b15a8-0d79-45c3-bb30-74aa63eb684b:172.18.0.11:9858, 9d7fc5a8-66a8-4491-98e7-e64e2b8c82d3:172.18.0.8:9858, 17b392c1-50ab-4dda-9a72-5276f31d2027:172.18.0.7:9858], old=null
datanode_3    | 2019-10-09 07:18:50 INFO  RoleInfo:143 - 9d7fc5a8-66a8-4491-98e7-e64e2b8c82d3: start FollowerState
freon_1       | 	at org.apache.hadoop.hdds.scm.storage.BlockOutputStream.writeChunk(BlockOutputStream.java:462)
scm_1         | 	... 26 more
datanode_2    | 2019-10-09 07:18:55 INFO  RoleInfo:143 - 840b15a8-0d79-45c3-bb30-74aa63eb684b: start LeaderElection
grafana_1     | t=2019-10-09T07:18:19+0000 lvl=info msg="Executing migration" logger=migrator id="add index tag.key_value"
datanode_1    | 2019-10-09 07:18:49 INFO  LeaderElection:178 - 17b392c1-50ab-4dda-9a72-5276f31d2027@group-62D7F53CB4FA-LeaderElection5: begin an election at term 2 for -1: [840b15a8-0d79-45c3-bb30-74aa63eb684b:172.18.0.11:9858, 9d7fc5a8-66a8-4491-98e7-e64e2b8c82d3:172.18.0.8:9858, 17b392c1-50ab-4dda-9a72-5276f31d2027:172.18.0.7:9858], old=null
datanode_3    | 2019-10-09 07:18:55 INFO  FollowerState:108 - 9d7fc5a8-66a8-4491-98e7-e64e2b8c82d3@group-62D7F53CB4FA-FollowerState: change to CANDIDATE, lastRpcTime:5038ms, electionTimeout:5037ms
freon_1       | 	at org.apache.hadoop.hdds.scm.storage.BlockOutputStream.handleFlush(BlockOutputStream.java:473)
scm_1         | 2019-10-09 07:18:28 ERROR RatisPipelineProvider:237 - Failed invoke Ratis rpc org.apache.hadoop.hdds.scm.pipeline.RatisPipelineProvider$$Lambda$172/0x00000008403f0840@e694208 for 840b15a8-0d79-45c3-bb30-74aa63eb684b
datanode_2    | 2019-10-09 07:19:00 INFO  LeaderElection:178 - 840b15a8-0d79-45c3-bb30-74aa63eb684b@group-ED04AD79E976-LeaderElection6: begin an election at term 3 for -1: [840b15a8-0d79-45c3-bb30-74aa63eb684b:172.18.0.11:9858, 9d7fc5a8-66a8-4491-98e7-e64e2b8c82d3:172.18.0.8:9858, 17b392c1-50ab-4dda-9a72-5276f31d2027:172.18.0.7:9858], old=null
grafana_1     | t=2019-10-09T07:18:19+0000 lvl=info msg="Executing migration" logger=migrator id="create login attempt table"
datanode_1    | 2019-10-09 07:18:50 INFO  LeaderElection:56 - 17b392c1-50ab-4dda-9a72-5276f31d2027@group-ED04AD79E976-LeaderElection4: Election REJECTED; received 2 response(s) [17b392c1-50ab-4dda-9a72-5276f31d2027<-840b15a8-0d79-45c3-bb30-74aa63eb684b#0:FAIL-t2, 17b392c1-50ab-4dda-9a72-5276f31d2027<-9d7fc5a8-66a8-4491-98e7-e64e2b8c82d3#0:FAIL-t2] and 0 exception(s); 17b392c1-50ab-4dda-9a72-5276f31d2027@group-ED04AD79E976:t2, leader=null, voted=17b392c1-50ab-4dda-9a72-5276f31d2027, raftlog=17b392c1-50ab-4dda-9a72-5276f31d2027@group-ED04AD79E976-SegmentedRaftLog:OPENED:c-1,f-1,i0, conf=-1: [840b15a8-0d79-45c3-bb30-74aa63eb684b:172.18.0.11:9858, 9d7fc5a8-66a8-4491-98e7-e64e2b8c82d3:172.18.0.8:9858, 17b392c1-50ab-4dda-9a72-5276f31d2027:172.18.0.7:9858], old=null
datanode_3    | 2019-10-09 07:18:55 INFO  RoleInfo:121 - 9d7fc5a8-66a8-4491-98e7-e64e2b8c82d3: shutdown FollowerState
freon_1       | 	at org.apache.hadoop.hdds.scm.storage.BlockOutputStream.close(BlockOutputStream.java:496)
scm_1         | org.apache.ratis.protocol.TimeoutIOException: deadline exceeded after 2999316337ns
datanode_2    | 2019-10-09 07:19:00 INFO  LeaderElection:178 - 840b15a8-0d79-45c3-bb30-74aa63eb684b@group-62D7F53CB4FA-LeaderElection7: begin an election at term 3 for -1: [840b15a8-0d79-45c3-bb30-74aa63eb684b:172.18.0.11:9858, 9d7fc5a8-66a8-4491-98e7-e64e2b8c82d3:172.18.0.8:9858, 17b392c1-50ab-4dda-9a72-5276f31d2027:172.18.0.7:9858], old=null
grafana_1     | t=2019-10-09T07:18:19+0000 lvl=info msg="Executing migration" logger=migrator id="add index login_attempt.username"
datanode_1    | 2019-10-09 07:18:50 INFO  RaftServerImpl:170 - 17b392c1-50ab-4dda-9a72-5276f31d2027@group-ED04AD79E976: changes role from CANDIDATE to FOLLOWER at term 2 for DISCOVERED_A_NEW_TERM
datanode_3    | 2019-10-09 07:18:55 INFO  RaftServerImpl:170 - 9d7fc5a8-66a8-4491-98e7-e64e2b8c82d3@group-62D7F53CB4FA: changes role from  FOLLOWER to CANDIDATE at term 2 for changeToCandidate
scm_1         | 	at org.apache.ratis.grpc.GrpcUtil.tryUnwrapException(GrpcUtil.java:82)
datanode_2    | 2019-10-09 07:19:00 INFO  LeaderElection:56 - 840b15a8-0d79-45c3-bb30-74aa63eb684b@group-ED04AD79E976-LeaderElection6: Election REJECTED; received 2 response(s) [840b15a8-0d79-45c3-bb30-74aa63eb684b<-9d7fc5a8-66a8-4491-98e7-e64e2b8c82d3#0:FAIL-t3, 840b15a8-0d79-45c3-bb30-74aa63eb684b<-17b392c1-50ab-4dda-9a72-5276f31d2027#0:FAIL-t3] and 0 exception(s); 840b15a8-0d79-45c3-bb30-74aa63eb684b@group-ED04AD79E976:t3, leader=null, voted=840b15a8-0d79-45c3-bb30-74aa63eb684b, raftlog=840b15a8-0d79-45c3-bb30-74aa63eb684b@group-ED04AD79E976-SegmentedRaftLog:OPENED:c-1,f-1,i0, conf=-1: [840b15a8-0d79-45c3-bb30-74aa63eb684b:172.18.0.11:9858, 9d7fc5a8-66a8-4491-98e7-e64e2b8c82d3:172.18.0.8:9858, 17b392c1-50ab-4dda-9a72-5276f31d2027:172.18.0.7:9858], old=null
grafana_1     | t=2019-10-09T07:18:19+0000 lvl=info msg="Executing migration" logger=migrator id="drop index IDX_login_attempt_username - v1"
freon_1       | 	at org.apache.hadoop.ozone.client.io.BlockOutputStreamEntry.close(BlockOutputStreamEntry.java:143)
datanode_1    | 2019-10-09 07:18:50 INFO  RoleInfo:134 - 17b392c1-50ab-4dda-9a72-5276f31d2027: shutdown LeaderElection
datanode_3    | 2019-10-09 07:18:55 INFO  RoleInfo:143 - 9d7fc5a8-66a8-4491-98e7-e64e2b8c82d3: start LeaderElection
scm_1         | 	at org.apache.ratis.grpc.GrpcUtil.unwrapException(GrpcUtil.java:75)
datanode_2    | 2019-10-09 07:19:00 INFO  LeaderElection:56 - 840b15a8-0d79-45c3-bb30-74aa63eb684b@group-62D7F53CB4FA-LeaderElection7: Election REJECTED; received 2 response(s) [840b15a8-0d79-45c3-bb30-74aa63eb684b<-9d7fc5a8-66a8-4491-98e7-e64e2b8c82d3#0:FAIL-t3, 840b15a8-0d79-45c3-bb30-74aa63eb684b<-17b392c1-50ab-4dda-9a72-5276f31d2027#0:FAIL-t3] and 0 exception(s); 840b15a8-0d79-45c3-bb30-74aa63eb684b@group-62D7F53CB4FA:t3, leader=null, voted=840b15a8-0d79-45c3-bb30-74aa63eb684b, raftlog=840b15a8-0d79-45c3-bb30-74aa63eb684b@group-62D7F53CB4FA-SegmentedRaftLog:OPENED:c-1,f-1,i0, conf=-1: [840b15a8-0d79-45c3-bb30-74aa63eb684b:172.18.0.11:9858, 9d7fc5a8-66a8-4491-98e7-e64e2b8c82d3:172.18.0.8:9858, 17b392c1-50ab-4dda-9a72-5276f31d2027:172.18.0.7:9858], old=null
grafana_1     | t=2019-10-09T07:18:19+0000 lvl=info msg="Executing migration" logger=migrator id="Rename table login_attempt to login_attempt_tmp_qwerty - v1"
freon_1       | 	at org.apache.hadoop.ozone.client.io.KeyOutputStream.handleFlushOrClose(KeyOutputStream.java:435)
datanode_1    | 2019-10-09 07:18:50 INFO  RoleInfo:143 - 17b392c1-50ab-4dda-9a72-5276f31d2027: start FollowerState
datanode_3    | 2019-10-09 07:18:55 INFO  FollowerState:108 - 9d7fc5a8-66a8-4491-98e7-e64e2b8c82d3@group-ED04AD79E976-FollowerState: change to CANDIDATE, lastRpcTime:5090ms, electionTimeout:5088ms
scm_1         | 	at org.apache.ratis.grpc.client.GrpcClientProtocolClient.blockingCall(GrpcClientProtocolClient.java:184)
datanode_2    | 2019-10-09 07:19:00 INFO  RaftServerImpl:170 - 840b15a8-0d79-45c3-bb30-74aa63eb684b@group-62D7F53CB4FA: changes role from CANDIDATE to FOLLOWER at term 3 for DISCOVERED_A_NEW_TERM
grafana_1     | t=2019-10-09T07:18:19+0000 lvl=info msg="Executing migration" logger=migrator id="create login_attempt v2"
freon_1       | 	at org.apache.hadoop.ozone.client.io.KeyOutputStream.close(KeyOutputStream.java:473)
datanode_1    | 2019-10-09 07:18:50 INFO  LeaderElection:56 - 17b392c1-50ab-4dda-9a72-5276f31d2027@group-62D7F53CB4FA-LeaderElection5: Election REJECTED; received 2 response(s) [17b392c1-50ab-4dda-9a72-5276f31d2027<-840b15a8-0d79-45c3-bb30-74aa63eb684b#0:FAIL-t2, 17b392c1-50ab-4dda-9a72-5276f31d2027<-9d7fc5a8-66a8-4491-98e7-e64e2b8c82d3#0:FAIL-t2] and 0 exception(s); 17b392c1-50ab-4dda-9a72-5276f31d2027@group-62D7F53CB4FA:t2, leader=null, voted=17b392c1-50ab-4dda-9a72-5276f31d2027, raftlog=17b392c1-50ab-4dda-9a72-5276f31d2027@group-62D7F53CB4FA-SegmentedRaftLog:OPENED:c-1,f-1,i0, conf=-1: [840b15a8-0d79-45c3-bb30-74aa63eb684b:172.18.0.11:9858, 9d7fc5a8-66a8-4491-98e7-e64e2b8c82d3:172.18.0.8:9858, 17b392c1-50ab-4dda-9a72-5276f31d2027:172.18.0.7:9858], old=null
datanode_3    | 2019-10-09 07:18:55 INFO  RoleInfo:121 - 9d7fc5a8-66a8-4491-98e7-e64e2b8c82d3: shutdown FollowerState
scm_1         | 	at org.apache.ratis.grpc.client.GrpcClientProtocolClient.groupAdd(GrpcClientProtocolClient.java:153)
datanode_2    | 2019-10-09 07:19:00 INFO  RaftServerImpl:170 - 840b15a8-0d79-45c3-bb30-74aa63eb684b@group-ED04AD79E976: changes role from CANDIDATE to FOLLOWER at term 3 for DISCOVERED_A_NEW_TERM
grafana_1     | t=2019-10-09T07:18:19+0000 lvl=info msg="Executing migration" logger=migrator id="create index IDX_login_attempt_username - v2"
freon_1       | 	at org.apache.hadoop.ozone.client.io.OzoneOutputStream.close(OzoneOutputStream.java:60)
datanode_1    | 2019-10-09 07:18:50 INFO  RaftServerImpl:170 - 17b392c1-50ab-4dda-9a72-5276f31d2027@group-62D7F53CB4FA: changes role from CANDIDATE to FOLLOWER at term 2 for DISCOVERED_A_NEW_TERM
datanode_3    | 2019-10-09 07:18:55 INFO  RaftServerImpl:170 - 9d7fc5a8-66a8-4491-98e7-e64e2b8c82d3@group-ED04AD79E976: changes role from  FOLLOWER to CANDIDATE at term 2 for changeToCandidate
scm_1         | 	at org.apache.ratis.grpc.client.GrpcClientRpc.sendRequest(GrpcClientRpc.java:94)
datanode_2    | 2019-10-09 07:19:00 INFO  RoleInfo:134 - 840b15a8-0d79-45c3-bb30-74aa63eb684b: shutdown LeaderElection
grafana_1     | t=2019-10-09T07:18:19+0000 lvl=info msg="Executing migration" logger=migrator id="copy login_attempt v1 to v2"
freon_1       | 	at org.apache.hadoop.ozone.freon.RandomKeyGenerator.createKey(RandomKeyGenerator.java:710)
datanode_1    | 2019-10-09 07:18:50 INFO  RoleInfo:134 - 17b392c1-50ab-4dda-9a72-5276f31d2027: shutdown LeaderElection
scm_1         | 	at org.apache.ratis.client.impl.RaftClientImpl.sendRequest(RaftClientImpl.java:278)
datanode_2    | 2019-10-09 07:19:00 INFO  RoleInfo:134 - 840b15a8-0d79-45c3-bb30-74aa63eb684b: shutdown LeaderElection
datanode_3    | 2019-10-09 07:18:55 INFO  RoleInfo:143 - 9d7fc5a8-66a8-4491-98e7-e64e2b8c82d3: start LeaderElection
freon_1       | 	at org.apache.hadoop.ozone.freon.RandomKeyGenerator.access$1100(RandomKeyGenerator.java:88)
grafana_1     | t=2019-10-09T07:18:19+0000 lvl=info msg="Executing migration" logger=migrator id="drop login_attempt_tmp_qwerty"
datanode_1    | 2019-10-09 07:18:50 INFO  RoleInfo:143 - 17b392c1-50ab-4dda-9a72-5276f31d2027: start FollowerState
scm_1         | 	at org.apache.ratis.client.impl.RaftClientImpl.groupAdd(RaftClientImpl.java:205)
datanode_2    | 2019-10-09 07:19:00 INFO  RoleInfo:143 - 840b15a8-0d79-45c3-bb30-74aa63eb684b: start FollowerState
datanode_3    | 2019-10-09 07:19:00 INFO  LeaderElection:178 - 9d7fc5a8-66a8-4491-98e7-e64e2b8c82d3@group-ED04AD79E976-LeaderElection7: begin an election at term 3 for -1: [840b15a8-0d79-45c3-bb30-74aa63eb684b:172.18.0.11:9858, 9d7fc5a8-66a8-4491-98e7-e64e2b8c82d3:172.18.0.8:9858, 17b392c1-50ab-4dda-9a72-5276f31d2027:172.18.0.7:9858], old=null
freon_1       | 	at org.apache.hadoop.ozone.freon.RandomKeyGenerator$ObjectCreator.run(RandomKeyGenerator.java:615)
grafana_1     | t=2019-10-09T07:18:19+0000 lvl=info msg="Executing migration" logger=migrator id="create user auth table"
datanode_1    | 2019-10-09 07:18:55 INFO  FollowerState:108 - 17b392c1-50ab-4dda-9a72-5276f31d2027@group-ED04AD79E976-FollowerState: change to CANDIDATE, lastRpcTime:5077ms, electionTimeout:5076ms
datanode_2    | 2019-10-09 07:19:00 INFO  RoleInfo:143 - 840b15a8-0d79-45c3-bb30-74aa63eb684b: start FollowerState
datanode_3    | 2019-10-09 07:19:00 INFO  LeaderElection:178 - 9d7fc5a8-66a8-4491-98e7-e64e2b8c82d3@group-62D7F53CB4FA-LeaderElection6: begin an election at term 3 for -1: [840b15a8-0d79-45c3-bb30-74aa63eb684b:172.18.0.11:9858, 9d7fc5a8-66a8-4491-98e7-e64e2b8c82d3:172.18.0.8:9858, 17b392c1-50ab-4dda-9a72-5276f31d2027:172.18.0.7:9858], old=null
freon_1       | 	at java.base/java.util.concurrent.Executors$RunnableAdapter.call(Executors.java:515)
scm_1         | 	at org.apache.hadoop.hdds.scm.pipeline.RatisPipelineProvider.lambda$initializePipeline$4(RatisPipelineProvider.java:198)
grafana_1     | t=2019-10-09T07:18:19+0000 lvl=info msg="Executing migration" logger=migrator id="create index IDX_user_auth_auth_module_auth_id - v1"
datanode_1    | 2019-10-09 07:18:55 INFO  RoleInfo:121 - 17b392c1-50ab-4dda-9a72-5276f31d2027: shutdown FollowerState
datanode_2    | 2019-10-09 07:19:05 INFO  RaftServerImpl:170 - 840b15a8-0d79-45c3-bb30-74aa63eb684b@group-ED04AD79E976: changes role from  FOLLOWER to FOLLOWER at term 4 for recognizeCandidate:9d7fc5a8-66a8-4491-98e7-e64e2b8c82d3
datanode_3    | 2019-10-09 07:19:00 INFO  LeaderElection:56 - 9d7fc5a8-66a8-4491-98e7-e64e2b8c82d3@group-62D7F53CB4FA-LeaderElection6: Election REJECTED; received 2 response(s) [9d7fc5a8-66a8-4491-98e7-e64e2b8c82d3<-840b15a8-0d79-45c3-bb30-74aa63eb684b#0:FAIL-t3, 9d7fc5a8-66a8-4491-98e7-e64e2b8c82d3<-17b392c1-50ab-4dda-9a72-5276f31d2027#0:FAIL-t3] and 0 exception(s); 9d7fc5a8-66a8-4491-98e7-e64e2b8c82d3@group-62D7F53CB4FA:t3, leader=null, voted=9d7fc5a8-66a8-4491-98e7-e64e2b8c82d3, raftlog=9d7fc5a8-66a8-4491-98e7-e64e2b8c82d3@group-62D7F53CB4FA-SegmentedRaftLog:OPENED:c-1,f-1,i0, conf=-1: [840b15a8-0d79-45c3-bb30-74aa63eb684b:172.18.0.11:9858, 9d7fc5a8-66a8-4491-98e7-e64e2b8c82d3:172.18.0.8:9858, 17b392c1-50ab-4dda-9a72-5276f31d2027:172.18.0.7:9858], old=null
freon_1       | 	at java.base/java.util.concurrent.FutureTask.run(FutureTask.java:264)
scm_1         | 	at org.apache.hadoop.hdds.scm.pipeline.RatisPipelineProvider.lambda$null$5(RatisPipelineProvider.java:233)
grafana_1     | t=2019-10-09T07:18:19+0000 lvl=info msg="Executing migration" logger=migrator id="alter user_auth.auth_id to length 190"
datanode_1    | 2019-10-09 07:18:55 INFO  RaftServerImpl:170 - 17b392c1-50ab-4dda-9a72-5276f31d2027@group-ED04AD79E976: changes role from  FOLLOWER to CANDIDATE at term 2 for changeToCandidate
datanode_2    | 2019-10-09 07:19:05 INFO  RoleInfo:121 - 840b15a8-0d79-45c3-bb30-74aa63eb684b: shutdown FollowerState
datanode_3    | 2019-10-09 07:19:00 INFO  LeaderElection:56 - 9d7fc5a8-66a8-4491-98e7-e64e2b8c82d3@group-ED04AD79E976-LeaderElection7: Election REJECTED; received 2 response(s) [9d7fc5a8-66a8-4491-98e7-e64e2b8c82d3<-840b15a8-0d79-45c3-bb30-74aa63eb684b#0:FAIL-t3, 9d7fc5a8-66a8-4491-98e7-e64e2b8c82d3<-17b392c1-50ab-4dda-9a72-5276f31d2027#0:FAIL-t3] and 0 exception(s); 9d7fc5a8-66a8-4491-98e7-e64e2b8c82d3@group-ED04AD79E976:t3, leader=null, voted=9d7fc5a8-66a8-4491-98e7-e64e2b8c82d3, raftlog=9d7fc5a8-66a8-4491-98e7-e64e2b8c82d3@group-ED04AD79E976-SegmentedRaftLog:OPENED:c-1,f-1,i0, conf=-1: [840b15a8-0d79-45c3-bb30-74aa63eb684b:172.18.0.11:9858, 9d7fc5a8-66a8-4491-98e7-e64e2b8c82d3:172.18.0.8:9858, 17b392c1-50ab-4dda-9a72-5276f31d2027:172.18.0.7:9858], old=null
freon_1       | 	at java.base/java.util.concurrent.ThreadPoolExecutor.runWorker(ThreadPoolExecutor.java:1128)
scm_1         | 	at java.base/java.util.stream.ForEachOps$ForEachOp$OfRef.accept(ForEachOps.java:183)
grafana_1     | t=2019-10-09T07:18:19+0000 lvl=info msg="Executing migration" logger=migrator id="Add OAuth access token to user_auth"
datanode_1    | 2019-10-09 07:18:55 INFO  RoleInfo:143 - 17b392c1-50ab-4dda-9a72-5276f31d2027: start LeaderElection
datanode_2    | 2019-10-09 07:19:05 INFO  RoleInfo:143 - 840b15a8-0d79-45c3-bb30-74aa63eb684b: start FollowerState
datanode_3    | 2019-10-09 07:19:00 INFO  RaftServerImpl:170 - 9d7fc5a8-66a8-4491-98e7-e64e2b8c82d3@group-62D7F53CB4FA: changes role from CANDIDATE to FOLLOWER at term 3 for DISCOVERED_A_NEW_TERM
freon_1       | 	at java.base/java.util.concurrent.ThreadPoolExecutor$Worker.run(ThreadPoolExecutor.java:628)
scm_1         | 	at java.base/java.util.ArrayList$ArrayListSpliterator.forEachRemaining(ArrayList.java:1654)
grafana_1     | t=2019-10-09T07:18:19+0000 lvl=info msg="Executing migration" logger=migrator id="Add OAuth refresh token to user_auth"
datanode_1    | 2019-10-09 07:18:55 INFO  FollowerState:108 - 17b392c1-50ab-4dda-9a72-5276f31d2027@group-62D7F53CB4FA-FollowerState: change to CANDIDATE, lastRpcTime:5098ms, electionTimeout:5097ms
datanode_2    | 2019-10-09 07:19:05 INFO  FollowerState:117 - 840b15a8-0d79-45c3-bb30-74aa63eb684b@group-ED04AD79E976-FollowerState was interrupted: java.lang.InterruptedException: sleep interrupted
datanode_3    | 2019-10-09 07:19:00 INFO  RoleInfo:134 - 9d7fc5a8-66a8-4491-98e7-e64e2b8c82d3: shutdown LeaderElection
freon_1       | 	at java.base/java.lang.Thread.run(Thread.java:834)
scm_1         | 	at java.base/java.util.stream.AbstractPipeline.copyInto(AbstractPipeline.java:484)
grafana_1     | t=2019-10-09T07:18:19+0000 lvl=info msg="Executing migration" logger=migrator id="Add OAuth token type to user_auth"
datanode_1    | 2019-10-09 07:18:55 INFO  RoleInfo:121 - 17b392c1-50ab-4dda-9a72-5276f31d2027: shutdown FollowerState
datanode_3    | 2019-10-09 07:19:00 INFO  RoleInfo:143 - 9d7fc5a8-66a8-4491-98e7-e64e2b8c82d3: start FollowerState
scm_1         | 	at java.base/java.util.stream.ForEachOps$ForEachTask.compute(ForEachOps.java:290)
freon_1       | 
datanode_2    | 2019-10-09 07:19:06 INFO  FollowerState:108 - 840b15a8-0d79-45c3-bb30-74aa63eb684b@group-62D7F53CB4FA-FollowerState: change to CANDIDATE, lastRpcTime:5178ms, electionTimeout:5177ms
grafana_1     | t=2019-10-09T07:18:19+0000 lvl=info msg="Executing migration" logger=migrator id="Add OAuth expiry to user_auth"
datanode_1    | 2019-10-09 07:18:55 INFO  RaftServerImpl:170 - 17b392c1-50ab-4dda-9a72-5276f31d2027@group-62D7F53CB4FA: changes role from  FOLLOWER to CANDIDATE at term 2 for changeToCandidate
datanode_3    | 2019-10-09 07:19:00 INFO  RaftServerImpl:170 - 9d7fc5a8-66a8-4491-98e7-e64e2b8c82d3@group-ED04AD79E976: changes role from CANDIDATE to FOLLOWER at term 3 for DISCOVERED_A_NEW_TERM
scm_1         | 	at java.base/java.util.concurrent.CountedCompleter.exec(CountedCompleter.java:746)
freon_1       | Oct 09, 2019 7:19:02 AM org.apache.ratis.thirdparty.io.grpc.internal.ManagedChannelOrphanWrapper$ManagedChannelReference cleanQueue
grafana_1     | t=2019-10-09T07:18:19+0000 lvl=info msg="Executing migration" logger=migrator id="Add index to user_id column in user_auth"
datanode_2    | 2019-10-09 07:19:06 INFO  RoleInfo:121 - 840b15a8-0d79-45c3-bb30-74aa63eb684b: shutdown FollowerState
datanode_1    | 2019-10-09 07:18:55 INFO  RoleInfo:143 - 17b392c1-50ab-4dda-9a72-5276f31d2027: start LeaderElection
datanode_3    | 2019-10-09 07:19:00 INFO  RoleInfo:134 - 9d7fc5a8-66a8-4491-98e7-e64e2b8c82d3: shutdown LeaderElection
scm_1         | 	at java.base/java.util.concurrent.ForkJoinTask.doExec(ForkJoinTask.java:290)
freon_1       | SEVERE: *~*~*~ Channel ManagedChannelImpl{logId=3, target=172.18.0.8:9859} was not shutdown properly!!! ~*~*~*
grafana_1     | t=2019-10-09T07:18:19+0000 lvl=info msg="Executing migration" logger=migrator id="create server_lock table"
datanode_2    | 2019-10-09 07:19:06 INFO  RaftServerImpl:170 - 840b15a8-0d79-45c3-bb30-74aa63eb684b@group-62D7F53CB4FA: changes role from  FOLLOWER to CANDIDATE at term 3 for changeToCandidate
datanode_1    | 2019-10-09 07:19:00 INFO  LeaderElection:178 - 17b392c1-50ab-4dda-9a72-5276f31d2027@group-ED04AD79E976-LeaderElection6: begin an election at term 3 for -1: [840b15a8-0d79-45c3-bb30-74aa63eb684b:172.18.0.11:9858, 9d7fc5a8-66a8-4491-98e7-e64e2b8c82d3:172.18.0.8:9858, 17b392c1-50ab-4dda-9a72-5276f31d2027:172.18.0.7:9858], old=null
datanode_3    | 2019-10-09 07:19:00 INFO  RoleInfo:143 - 9d7fc5a8-66a8-4491-98e7-e64e2b8c82d3: start FollowerState
scm_1         | 	at java.base/java.util.concurrent.ForkJoinPool$WorkQueue.topLevelExec(ForkJoinPool.java:1020)
grafana_1     | t=2019-10-09T07:18:20+0000 lvl=info msg="Executing migration" logger=migrator id="add index server_lock.operation_uid"
freon_1       |     Make sure to call shutdown()/shutdownNow() and wait until awaitTermination() returns true.
datanode_2    | 2019-10-09 07:19:06 INFO  RoleInfo:143 - 840b15a8-0d79-45c3-bb30-74aa63eb684b: start LeaderElection
datanode_1    | 2019-10-09 07:19:00 INFO  LeaderElection:178 - 17b392c1-50ab-4dda-9a72-5276f31d2027@group-62D7F53CB4FA-LeaderElection7: begin an election at term 3 for -1: [840b15a8-0d79-45c3-bb30-74aa63eb684b:172.18.0.11:9858, 9d7fc5a8-66a8-4491-98e7-e64e2b8c82d3:172.18.0.8:9858, 17b392c1-50ab-4dda-9a72-5276f31d2027:172.18.0.7:9858], old=null
datanode_3    | 2019-10-09 07:19:05 INFO  FollowerState:108 - 9d7fc5a8-66a8-4491-98e7-e64e2b8c82d3@group-ED04AD79E976-FollowerState: change to CANDIDATE, lastRpcTime:5034ms, electionTimeout:5033ms
scm_1         | 	at java.base/java.util.concurrent.ForkJoinPool.scan(ForkJoinPool.java:1656)
grafana_1     | t=2019-10-09T07:18:21+0000 lvl=info msg="Executing migration" logger=migrator id="create user auth token table"
datanode_2    | 2019-10-09 07:19:06 INFO  RaftServerImpl:170 - 840b15a8-0d79-45c3-bb30-74aa63eb684b@group-62D7F53CB4FA: changes role from CANDIDATE to FOLLOWER at term 4 for recognizeCandidate:17b392c1-50ab-4dda-9a72-5276f31d2027
datanode_1    | 2019-10-09 07:19:00 INFO  LeaderElection:56 - 17b392c1-50ab-4dda-9a72-5276f31d2027@group-62D7F53CB4FA-LeaderElection7: Election REJECTED; received 2 response(s) [17b392c1-50ab-4dda-9a72-5276f31d2027<-840b15a8-0d79-45c3-bb30-74aa63eb684b#0:FAIL-t3, 17b392c1-50ab-4dda-9a72-5276f31d2027<-9d7fc5a8-66a8-4491-98e7-e64e2b8c82d3#0:FAIL-t3] and 0 exception(s); 17b392c1-50ab-4dda-9a72-5276f31d2027@group-62D7F53CB4FA:t3, leader=null, voted=17b392c1-50ab-4dda-9a72-5276f31d2027, raftlog=17b392c1-50ab-4dda-9a72-5276f31d2027@group-62D7F53CB4FA-SegmentedRaftLog:OPENED:c-1,f-1,i0, conf=-1: [840b15a8-0d79-45c3-bb30-74aa63eb684b:172.18.0.11:9858, 9d7fc5a8-66a8-4491-98e7-e64e2b8c82d3:172.18.0.8:9858, 17b392c1-50ab-4dda-9a72-5276f31d2027:172.18.0.7:9858], old=null
scm_1         | 	at java.base/java.util.concurrent.ForkJoinPool.runWorker(ForkJoinPool.java:1594)
datanode_3    | 2019-10-09 07:19:05 INFO  RoleInfo:121 - 9d7fc5a8-66a8-4491-98e7-e64e2b8c82d3: shutdown FollowerState
freon_1       | java.lang.RuntimeException: ManagedChannel allocation site
grafana_1     | t=2019-10-09T07:18:21+0000 lvl=info msg="Executing migration" logger=migrator id="add unique index user_auth_token.auth_token"
datanode_2    | 2019-10-09 07:19:06 INFO  RoleInfo:134 - 840b15a8-0d79-45c3-bb30-74aa63eb684b: shutdown LeaderElection
datanode_1    | 2019-10-09 07:19:00 INFO  RaftServerImpl:170 - 17b392c1-50ab-4dda-9a72-5276f31d2027@group-62D7F53CB4FA: changes role from CANDIDATE to FOLLOWER at term 3 for DISCOVERED_A_NEW_TERM
scm_1         | 	at java.base/java.util.concurrent.ForkJoinWorkerThread.run(ForkJoinWorkerThread.java:177)
datanode_3    | 2019-10-09 07:19:05 INFO  RaftServerImpl:170 - 9d7fc5a8-66a8-4491-98e7-e64e2b8c82d3@group-ED04AD79E976: changes role from  FOLLOWER to CANDIDATE at term 3 for changeToCandidate
freon_1       | 	at org.apache.ratis.thirdparty.io.grpc.internal.ManagedChannelOrphanWrapper$ManagedChannelReference.<init>(ManagedChannelOrphanWrapper.java:103)
grafana_1     | t=2019-10-09T07:18:21+0000 lvl=info msg="Executing migration" logger=migrator id="add unique index user_auth_token.prev_auth_token"
datanode_2    | 2019-10-09 07:19:06 INFO  RoleInfo:143 - 840b15a8-0d79-45c3-bb30-74aa63eb684b: start FollowerState
datanode_1    | 2019-10-09 07:19:00 INFO  RoleInfo:134 - 17b392c1-50ab-4dda-9a72-5276f31d2027: shutdown LeaderElection
scm_1         | Caused by: org.apache.ratis.thirdparty.io.grpc.StatusRuntimeException: DEADLINE_EXCEEDED: deadline exceeded after 2999316337ns
datanode_3    | 2019-10-09 07:19:05 INFO  RoleInfo:143 - 9d7fc5a8-66a8-4491-98e7-e64e2b8c82d3: start LeaderElection
freon_1       | 	at org.apache.ratis.thirdparty.io.grpc.internal.ManagedChannelOrphanWrapper.<init>(ManagedChannelOrphanWrapper.java:53)
grafana_1     | t=2019-10-09T07:18:21+0000 lvl=info msg="Executing migration" logger=migrator id="create cache_data table"
datanode_2    | 2019-10-09 07:19:06 INFO  RaftServerImpl:170 - 840b15a8-0d79-45c3-bb30-74aa63eb684b@group-62D7F53CB4FA: changes role from  FOLLOWER to FOLLOWER at term 4 for recognizeCandidate:9d7fc5a8-66a8-4491-98e7-e64e2b8c82d3
datanode_1    | 2019-10-09 07:19:00 INFO  RoleInfo:143 - 17b392c1-50ab-4dda-9a72-5276f31d2027: start FollowerState
scm_1         | 	at org.apache.ratis.thirdparty.io.grpc.stub.ClientCalls.toStatusRuntimeException(ClientCalls.java:233)
datanode_3    | 2019-10-09 07:19:05 INFO  LeaderElection:178 - 9d7fc5a8-66a8-4491-98e7-e64e2b8c82d3@group-ED04AD79E976-LeaderElection8: begin an election at term 4 for -1: [840b15a8-0d79-45c3-bb30-74aa63eb684b:172.18.0.11:9858, 9d7fc5a8-66a8-4491-98e7-e64e2b8c82d3:172.18.0.8:9858, 17b392c1-50ab-4dda-9a72-5276f31d2027:172.18.0.7:9858], old=null
freon_1       | 	at org.apache.ratis.thirdparty.io.grpc.internal.ManagedChannelOrphanWrapper.<init>(ManagedChannelOrphanWrapper.java:44)
grafana_1     | t=2019-10-09T07:18:21+0000 lvl=info msg="Executing migration" logger=migrator id="add unique index cache_data.cache_key"
datanode_2    | 2019-10-09 07:19:06 INFO  RoleInfo:121 - 840b15a8-0d79-45c3-bb30-74aa63eb684b: shutdown FollowerState
datanode_1    | 2019-10-09 07:19:00 INFO  LeaderElection:56 - 17b392c1-50ab-4dda-9a72-5276f31d2027@group-ED04AD79E976-LeaderElection6: Election REJECTED; received 2 response(s) [17b392c1-50ab-4dda-9a72-5276f31d2027<-840b15a8-0d79-45c3-bb30-74aa63eb684b#0:FAIL-t3, 17b392c1-50ab-4dda-9a72-5276f31d2027<-9d7fc5a8-66a8-4491-98e7-e64e2b8c82d3#0:FAIL-t3] and 0 exception(s); 17b392c1-50ab-4dda-9a72-5276f31d2027@group-ED04AD79E976:t3, leader=null, voted=17b392c1-50ab-4dda-9a72-5276f31d2027, raftlog=17b392c1-50ab-4dda-9a72-5276f31d2027@group-ED04AD79E976-SegmentedRaftLog:OPENED:c-1,f-1,i0, conf=-1: [840b15a8-0d79-45c3-bb30-74aa63eb684b:172.18.0.11:9858, 9d7fc5a8-66a8-4491-98e7-e64e2b8c82d3:172.18.0.8:9858, 17b392c1-50ab-4dda-9a72-5276f31d2027:172.18.0.7:9858], old=null
scm_1         | 	at org.apache.ratis.thirdparty.io.grpc.stub.ClientCalls.getUnchecked(ClientCalls.java:214)
freon_1       | 	at org.apache.ratis.thirdparty.io.grpc.internal.AbstractManagedChannelImplBuilder.build(AbstractManagedChannelImplBuilder.java:411)
datanode_2    | 2019-10-09 07:19:06 INFO  RoleInfo:143 - 840b15a8-0d79-45c3-bb30-74aa63eb684b: start FollowerState
grafana_1     | t=2019-10-09T07:18:21+0000 lvl=info msg="Created default admin" logger=sqlstore user=admin
datanode_3    | 2019-10-09 07:19:05 INFO  LeaderElection:56 - 9d7fc5a8-66a8-4491-98e7-e64e2b8c82d3@group-ED04AD79E976-LeaderElection8: Election PASSED; received 1 response(s) [9d7fc5a8-66a8-4491-98e7-e64e2b8c82d3<-840b15a8-0d79-45c3-bb30-74aa63eb684b#0:OK-t4] and 0 exception(s); 9d7fc5a8-66a8-4491-98e7-e64e2b8c82d3@group-ED04AD79E976:t4, leader=null, voted=9d7fc5a8-66a8-4491-98e7-e64e2b8c82d3, raftlog=9d7fc5a8-66a8-4491-98e7-e64e2b8c82d3@group-ED04AD79E976-SegmentedRaftLog:OPENED:c-1,f-1,i0, conf=-1: [840b15a8-0d79-45c3-bb30-74aa63eb684b:172.18.0.11:9858, 9d7fc5a8-66a8-4491-98e7-e64e2b8c82d3:172.18.0.8:9858, 17b392c1-50ab-4dda-9a72-5276f31d2027:172.18.0.7:9858], old=null
datanode_3    | 2019-10-09 07:19:05 INFO  RoleInfo:134 - 9d7fc5a8-66a8-4491-98e7-e64e2b8c82d3: shutdown LeaderElection
scm_1         | 	at org.apache.ratis.thirdparty.io.grpc.stub.ClientCalls.blockingUnaryCall(ClientCalls.java:139)
scm_1         | 	at org.apache.ratis.proto.grpc.AdminProtocolServiceGrpc$AdminProtocolServiceBlockingStub.groupManagement(AdminProtocolServiceGrpc.java:274)
grafana_1     | t=2019-10-09T07:18:21+0000 lvl=info msg="Initializing HTTPServer" logger=server
datanode_2    | 2019-10-09 07:19:06 INFO  FollowerState:117 - 840b15a8-0d79-45c3-bb30-74aa63eb684b@group-62D7F53CB4FA-FollowerState was interrupted: java.lang.InterruptedException: sleep interrupted
datanode_3    | 2019-10-09 07:19:05 INFO  RaftServerImpl:170 - 9d7fc5a8-66a8-4491-98e7-e64e2b8c82d3@group-ED04AD79E976: changes role from CANDIDATE to LEADER at term 4 for changeToLeader
datanode_1    | 2019-10-09 07:19:00 INFO  RaftServerImpl:170 - 17b392c1-50ab-4dda-9a72-5276f31d2027@group-ED04AD79E976: changes role from CANDIDATE to FOLLOWER at term 3 for DISCOVERED_A_NEW_TERM
scm_1         | 	at org.apache.ratis.grpc.client.GrpcClientProtocolClient.lambda$groupAdd$3(GrpcClientProtocolClient.java:155)
freon_1       | 	at org.apache.hadoop.hdds.scm.XceiverClientGrpc.connectToDatanode(XceiverClientGrpc.java:183)
grafana_1     | t=2019-10-09T07:18:21+0000 lvl=info msg="Initializing InternalMetricsService" logger=server
datanode_2    | 2019-10-09 07:19:06 INFO  LeaderElection:178 - 840b15a8-0d79-45c3-bb30-74aa63eb684b@group-62D7F53CB4FA-LeaderElection8: begin an election at term 5 for -1: [840b15a8-0d79-45c3-bb30-74aa63eb684b:172.18.0.11:9858, 9d7fc5a8-66a8-4491-98e7-e64e2b8c82d3:172.18.0.8:9858, 17b392c1-50ab-4dda-9a72-5276f31d2027:172.18.0.7:9858], old=null
datanode_3    | 2019-10-09 07:19:05 INFO  RaftServerImpl:255 - 9d7fc5a8-66a8-4491-98e7-e64e2b8c82d3@group-ED04AD79E976: change Leader from null to 9d7fc5a8-66a8-4491-98e7-e64e2b8c82d3 at term 4 for becomeLeader, leader elected after 30938ms
datanode_1    | 2019-10-09 07:19:00 INFO  RoleInfo:134 - 17b392c1-50ab-4dda-9a72-5276f31d2027: shutdown LeaderElection
scm_1         | 	at org.apache.ratis.grpc.client.GrpcClientProtocolClient.blockingCall(GrpcClientProtocolClient.java:182)
grafana_1     | t=2019-10-09T07:18:21+0000 lvl=info msg="Initializing RemoteCache" logger=server
freon_1       | 	at org.apache.hadoop.hdds.scm.XceiverClientGrpc.reconnect(XceiverClientGrpc.java:434)
datanode_2    | 2019-10-09 07:19:06 INFO  LeaderElection:56 - 840b15a8-0d79-45c3-bb30-74aa63eb684b@group-62D7F53CB4FA-LeaderElection8: Election REJECTED; received 0 response(s) [] and 0 exception(s); 840b15a8-0d79-45c3-bb30-74aa63eb684b@group-62D7F53CB4FA:t5, leader=null, voted=840b15a8-0d79-45c3-bb30-74aa63eb684b, raftlog=840b15a8-0d79-45c3-bb30-74aa63eb684b@group-62D7F53CB4FA-SegmentedRaftLog:OPENED:c-1,f-1,i0, conf=-1: [840b15a8-0d79-45c3-bb30-74aa63eb684b:172.18.0.11:9858, 9d7fc5a8-66a8-4491-98e7-e64e2b8c82d3:172.18.0.8:9858, 17b392c1-50ab-4dda-9a72-5276f31d2027:172.18.0.7:9858], old=null
datanode_1    | 2019-10-09 07:19:00 INFO  RoleInfo:143 - 17b392c1-50ab-4dda-9a72-5276f31d2027: start FollowerState
scm_1         | 	... 16 more
grafana_1     | t=2019-10-09T07:18:21+0000 lvl=info msg="Initializing QuotaService" logger=server
datanode_3    | 2019-10-09 07:19:05 INFO  RaftServerConfigKeys:43 - raft.server.staging.catchup.gap = 1000 (default)
freon_1       | 	at org.apache.hadoop.hdds.scm.XceiverClientGrpc.sendCommandAsync(XceiverClientGrpc.java:382)
datanode_2    | 2019-10-09 07:19:06 INFO  RaftServerImpl:255 - 840b15a8-0d79-45c3-bb30-74aa63eb684b@group-ED04AD79E976: change Leader from null to 9d7fc5a8-66a8-4491-98e7-e64e2b8c82d3 at term 4 for appendEntries, leader elected after 31074ms
datanode_1    | 2019-10-09 07:19:05 INFO  RaftServerImpl:170 - 17b392c1-50ab-4dda-9a72-5276f31d2027@group-ED04AD79E976: changes role from  FOLLOWER to FOLLOWER at term 4 for recognizeCandidate:9d7fc5a8-66a8-4491-98e7-e64e2b8c82d3
scm_1         | 2019-10-09 07:18:28 ERROR RatisPipelineProvider:237 - Failed invoke Ratis rpc org.apache.hadoop.hdds.scm.pipeline.RatisPipelineProvider$$Lambda$172/0x00000008403f0840@e694208 for 17b392c1-50ab-4dda-9a72-5276f31d2027
grafana_1     | t=2019-10-09T07:18:21+0000 lvl=info msg="Initializing ServerLockService" logger=server
datanode_3    | 2019-10-09 07:19:05 INFO  RaftServerConfigKeys:43 - raft.server.rpc.sleep.time = 25ms (default)
freon_1       | 	at org.apache.hadoop.hdds.scm.XceiverClientGrpc.sendCommandAsync(XceiverClientGrpc.java:357)
datanode_2    | 2019-10-09 07:19:06 INFO  RaftServerImpl:356 - 840b15a8-0d79-45c3-bb30-74aa63eb684b@group-ED04AD79E976: set configuration 0: [840b15a8-0d79-45c3-bb30-74aa63eb684b:172.18.0.11:9858, 9d7fc5a8-66a8-4491-98e7-e64e2b8c82d3:172.18.0.8:9858, 17b392c1-50ab-4dda-9a72-5276f31d2027:172.18.0.7:9858], old=null at 0
datanode_1    | 2019-10-09 07:19:05 INFO  RoleInfo:121 - 17b392c1-50ab-4dda-9a72-5276f31d2027: shutdown FollowerState
scm_1         | org.apache.ratis.protocol.TimeoutIOException: deadline exceeded after 2998610245ns
grafana_1     | t=2019-10-09T07:18:21+0000 lvl=info msg="Initializing UserAuthTokenService" logger=server
datanode_3    | 2019-10-09 07:19:05 INFO  RaftServerConfigKeys:43 - raft.server.write.element-limit = 4096 (default)
