datanode_3  | 2019-10-11 01:28:53,833 INFO server.RaftServerConfigKeys: raft.server.log.segment.size.max = 1048576 (custom)
datanode_2  | 2019-10-11 01:28:53,847 INFO server.RaftServerConfigKeys: raft.server.log.queue.byte-limit = 2147483647 (custom)
datanode_1  | 2019-10-11 01:28:53,848 INFO server.RaftServerConfigKeys: raft.server.log.segment.size.max = 1048576 (custom)
om_1        | 	at org.apache.hadoop.ipc.ProtobufRpcEngine$Server$ProtoBufRpcInvoker.call(ProtobufRpcEngine.java:524)
s3g_1       | 	at org.eclipse.jetty.server.handler.ScopedHandler.handle(ScopedHandler.java:143)
datanode_2  | 2019-10-11 01:28:53,847 INFO server.RaftServerConfigKeys: raft.server.log.queue.element-limit = 1024 (custom)
om_1        | 	at org.apache.hadoop.ipc.RPC$Server.call(RPC.java:1025)
s3g_1       | 	at org.eclipse.jetty.security.SecurityHandler.handle(SecurityHandler.java:548)
datanode_2  | 2019-10-11 01:28:53,848 INFO server.RaftServerConfigKeys: raft.server.log.segment.size.max = 1048576 (custom)
datanode_3  | 2019-10-11 01:28:53,833 INFO server.RaftServerConfigKeys: raft.server.log.preallocated.size = 16384 (custom)
om_1        | 	at org.apache.hadoop.ipc.Server$RpcCall.run(Server.java:876)
s3g_1       | 	at org.eclipse.jetty.server.session.SessionHandler.doHandle(SessionHandler.java:226)
datanode_1  | 2019-10-11 01:28:53,848 INFO server.RaftServerConfigKeys: raft.server.log.preallocated.size = 16384 (custom)
om_1        | 	at org.apache.hadoop.ipc.Server$RpcCall.run(Server.java:822)
datanode_3  | 2019-10-11 01:28:53,833 INFO server.RaftServerConfigKeys: raft.server.log.write.buffer.size = 33554432 (custom)
datanode_2  | 2019-10-11 01:28:53,848 INFO server.RaftServerConfigKeys: raft.server.log.preallocated.size = 16384 (custom)
s3g_1       | 	at org.eclipse.jetty.server.handler.ContextHandler.doHandle(ContextHandler.java:1180)
om_1        | 	at java.base/java.security.AccessController.doPrivileged(Native Method)
datanode_1  | 2019-10-11 01:28:53,848 INFO server.RaftServerConfigKeys: raft.server.log.write.buffer.size = 33554432 (custom)
datanode_3  | 2019-10-11 01:28:53,834 INFO server.RaftServerConfigKeys: raft.server.log.force.sync.num = 128 (default)
datanode_2  | 2019-10-11 01:28:53,851 INFO server.RaftServerConfigKeys: raft.server.log.write.buffer.size = 33554432 (custom)
s3g_1       | 	at org.eclipse.jetty.servlet.ServletHandler.doScope(ServletHandler.java:513)
om_1        | 	at java.base/javax.security.auth.Subject.doAs(Subject.java:423)
datanode_1  | 2019-10-11 01:28:53,849 INFO server.RaftServerConfigKeys: raft.server.log.force.sync.num = 128 (default)
datanode_3  | 2019-10-11 01:28:53,834 INFO server.RaftServerConfigKeys: raft.server.log.statemachine.data.sync = true (default)
datanode_2  | 2019-10-11 01:28:53,851 INFO server.RaftServerConfigKeys: raft.server.log.force.sync.num = 128 (default)
s3g_1       | 	at org.eclipse.jetty.server.session.SessionHandler.doScope(SessionHandler.java:185)
datanode_1  | 2019-10-11 01:28:53,849 INFO server.RaftServerConfigKeys: raft.server.log.statemachine.data.sync = true (default)
datanode_3  | 2019-10-11 01:28:53,834 INFO server.RaftServerConfigKeys: raft.server.log.statemachine.data.sync.timeout = 10s (default)
om_1        | 	at org.apache.hadoop.security.UserGroupInformation.doAs(UserGroupInformation.java:1730)
datanode_2  | 2019-10-11 01:28:53,851 INFO server.RaftServerConfigKeys: raft.server.log.statemachine.data.sync = true (default)
s3g_1       | 	at org.eclipse.jetty.server.handler.ContextHandler.doScope(ContextHandler.java:1112)
datanode_1  | 2019-10-11 01:28:53,849 INFO server.RaftServerConfigKeys: raft.server.log.statemachine.data.sync.timeout = 10s (default)
datanode_3  | 2019-10-11 01:28:53,834 INFO server.RaftServerConfigKeys: raft.server.log.statemachine.data.sync.timeout.retry = -1 (default)
om_1        | 	at org.apache.hadoop.ipc.Server$Handler.run(Server.java:2682)
datanode_2  | 2019-10-11 01:28:53,852 INFO server.RaftServerConfigKeys: raft.server.log.statemachine.data.sync.timeout = 10s (default)
s3g_1       | 	at org.eclipse.jetty.server.handler.ScopedHandler.handle(ScopedHandler.java:141)
datanode_1  | 2019-10-11 01:28:53,850 INFO server.RaftServerConfigKeys: raft.server.log.statemachine.data.sync.timeout.retry = -1 (default)
datanode_3  | 2019-10-11 01:28:53,835 INFO server.RaftServerConfigKeys: raft.server.log.statemachine.data.caching.enabled = true (custom)
om_1        | 2019-10-11 01:30:51,747 [IPC Server handler 17 on 9862] ERROR      - Abort Multipart request is failed for KeyName multipartKey5 in VolumeName/Bucket s37c35ba70126b04fca007e4dbfab9c47c/bucket-73666
datanode_2  | 2019-10-11 01:28:53,852 INFO server.RaftServerConfigKeys: raft.server.log.statemachine.data.sync.timeout.retry = -1 (default)
s3g_1       | 	at org.eclipse.jetty.server.handler.HandlerCollection.handle(HandlerCollection.java:119)
datanode_1  | 2019-10-11 01:28:53,850 INFO server.RaftServerConfigKeys: raft.server.log.statemachine.data.caching.enabled = true (custom)
datanode_3  | 2019-10-11 01:28:53,835 INFO segmented.SegmentedRaftLogWorker: b16fc5b4-956e-4f7e-ac83-3055a1711994@group-5EADA841A9E3-SegmentedRaftLogWorker: flushIndex: setUnconditionally 0 -> -1
om_1        | NO_SUCH_MULTIPART_UPLOAD_ERROR org.apache.hadoop.ozone.om.exceptions.OMException: Abort Multipart Upload Failed: volume: s37c35ba70126b04fca007e4dbfab9c47cbucket: bucket-73666key: multipartKey5
datanode_2  | 2019-10-11 01:28:53,852 INFO server.RaftServerConfigKeys: raft.server.log.statemachine.data.caching.enabled = true (custom)
s3g_1       | 	at org.eclipse.jetty.server.handler.HandlerWrapper.handle(HandlerWrapper.java:134)
datanode_1  | 2019-10-11 01:28:53,850 INFO segmented.SegmentedRaftLogWorker: 9fe87e31-55e9-47d2-a297-dd90de8abf64@group-5EADA841A9E3-SegmentedRaftLogWorker: flushIndex: setUnconditionally 0 -> -1
om_1        | 	at org.apache.hadoop.ozone.om.request.s3.multipart.S3MultipartUploadAbortRequest.validateAndUpdateCache(S3MultipartUploadAbortRequest.java:116)
datanode_2  | 2019-10-11 01:28:53,853 INFO segmented.SegmentedRaftLogWorker: 3a0f8afd-eb47-4e50-a530-1d1675ff36ff@group-5EADA841A9E3-SegmentedRaftLogWorker: flushIndex: setUnconditionally 0 -> -1
datanode_1  | 2019-10-11 01:28:53,851 INFO server.RaftServerConfigKeys: raft.server.snapshot.auto.trigger.enabled = true (custom)
s3g_1       | 	at org.eclipse.jetty.server.Server.handle(Server.java:539)
datanode_3  | 2019-10-11 01:28:53,836 INFO server.RaftServerConfigKeys: raft.server.snapshot.auto.trigger.enabled = true (custom)
om_1        | 	at org.apache.hadoop.ozone.protocolPB.OzoneManagerProtocolServerSideTranslatorPB.submitRequestDirectlyToOM(OzoneManagerProtocolServerSideTranslatorPB.java:219)
datanode_2  | 2019-10-11 01:28:53,853 INFO server.RaftServerConfigKeys: raft.server.snapshot.auto.trigger.enabled = true (custom)
datanode_1  | 2019-10-11 01:28:53,851 INFO server.RaftServerConfigKeys: raft.server.snapshot.auto.trigger.threshold = 10000 (custom)
datanode_3  | 2019-10-11 01:28:53,836 INFO server.RaftServerConfigKeys: raft.server.snapshot.auto.trigger.threshold = 10000 (custom)
s3g_1       | 	at org.eclipse.jetty.server.HttpChannel.handle(HttpChannel.java:333)
om_1        | 	at org.apache.hadoop.ozone.protocolPB.OzoneManagerProtocolServerSideTranslatorPB.processRequest(OzoneManagerProtocolServerSideTranslatorPB.java:134)
datanode_2  | 2019-10-11 01:28:53,854 INFO server.RaftServerConfigKeys: raft.server.snapshot.auto.trigger.threshold = 10000 (custom)
datanode_1  | 2019-10-11 01:28:53,852 INFO server.RaftServerConfigKeys: raft.server.snapshot.retention.file.num = 5 (custom)
datanode_3  | 2019-10-11 01:28:53,836 INFO server.RaftServerConfigKeys: raft.server.snapshot.retention.file.num = 5 (custom)
s3g_1       | 	at org.eclipse.jetty.server.HttpConnection.onFillable(HttpConnection.java:251)
om_1        | 	at org.apache.hadoop.hdds.server.OzoneProtocolMessageDispatcher.processRequest(OzoneProtocolMessageDispatcher.java:72)
datanode_2  | 2019-10-11 01:28:53,854 INFO server.RaftServerConfigKeys: raft.server.snapshot.retention.file.num = 5 (custom)
datanode_1  | 2019-10-11 01:28:53,852 INFO server.RaftServerConfigKeys: raft.server.retrycache.expirytime = 600000ms (custom)
datanode_3  | 2019-10-11 01:28:53,836 INFO server.RaftServerConfigKeys: raft.server.retrycache.expirytime = 600000ms (custom)
s3g_1       | 	at org.eclipse.jetty.io.AbstractConnection$ReadCallback.succeeded(AbstractConnection.java:283)
om_1        | 	at org.apache.hadoop.ozone.protocolPB.OzoneManagerProtocolServerSideTranslatorPB.submitRequest(OzoneManagerProtocolServerSideTranslatorPB.java:100)
datanode_2  | 2019-10-11 01:28:53,856 INFO server.RaftServerConfigKeys: raft.server.retrycache.expirytime = 600000ms (custom)
datanode_1  | 2019-10-11 01:28:53,859 INFO impl.RaftServerImpl: 9fe87e31-55e9-47d2-a297-dd90de8abf64@group-5EADA841A9E3: start as a follower, conf=-1: [9fe87e31-55e9-47d2-a297-dd90de8abf64:172.18.0.3:9858, b16fc5b4-956e-4f7e-ac83-3055a1711994:172.18.0.5:9858, 3a0f8afd-eb47-4e50-a530-1d1675ff36ff:172.18.0.2:9858], old=null
datanode_3  | 2019-10-11 01:28:53,841 INFO impl.RaftServerImpl: b16fc5b4-956e-4f7e-ac83-3055a1711994@group-5EADA841A9E3: start as a follower, conf=-1: [9fe87e31-55e9-47d2-a297-dd90de8abf64:172.18.0.3:9858, b16fc5b4-956e-4f7e-ac83-3055a1711994:172.18.0.5:9858, 3a0f8afd-eb47-4e50-a530-1d1675ff36ff:172.18.0.2:9858], old=null
s3g_1       | 	at org.eclipse.jetty.io.FillInterest.fillable(FillInterest.java:108)
om_1        | 	at org.apache.hadoop.ozone.protocol.proto.OzoneManagerProtocolProtos$OzoneManagerService$2.callBlockingMethod(OzoneManagerProtocolProtos.java)
datanode_2  | 2019-10-11 01:28:53,861 INFO impl.RaftServerImpl: 3a0f8afd-eb47-4e50-a530-1d1675ff36ff@group-5EADA841A9E3: start as a follower, conf=-1: [9fe87e31-55e9-47d2-a297-dd90de8abf64:172.18.0.3:9858, b16fc5b4-956e-4f7e-ac83-3055a1711994:172.18.0.5:9858, 3a0f8afd-eb47-4e50-a530-1d1675ff36ff:172.18.0.2:9858], old=null
datanode_1  | 2019-10-11 01:28:53,859 INFO impl.RaftServerImpl: 9fe87e31-55e9-47d2-a297-dd90de8abf64@group-5EADA841A9E3: changes role from      null to FOLLOWER at term 0 for startAsFollower
datanode_3  | 2019-10-11 01:28:53,841 INFO impl.RaftServerImpl: b16fc5b4-956e-4f7e-ac83-3055a1711994@group-5EADA841A9E3: changes role from      null to FOLLOWER at term 0 for startAsFollower
s3g_1       | 	at org.eclipse.jetty.io.SelectChannelEndPoint$2.run(SelectChannelEndPoint.java:93)
om_1        | 	at org.apache.hadoop.ipc.ProtobufRpcEngine$Server$ProtoBufRpcInvoker.call(ProtobufRpcEngine.java:524)
datanode_2  | 2019-10-11 01:28:53,861 INFO impl.RaftServerImpl: 3a0f8afd-eb47-4e50-a530-1d1675ff36ff@group-5EADA841A9E3: changes role from      null to FOLLOWER at term 0 for startAsFollower
datanode_1  | 2019-10-11 01:28:53,859 INFO impl.RoleInfo: 9fe87e31-55e9-47d2-a297-dd90de8abf64: start FollowerState
datanode_3  | 2019-10-11 01:28:53,841 INFO impl.RoleInfo: b16fc5b4-956e-4f7e-ac83-3055a1711994: start FollowerState
s3g_1       | 	at org.eclipse.jetty.util.thread.strategy.ExecuteProduceConsume.executeProduceConsume(ExecuteProduceConsume.java:303)
om_1        | 	at org.apache.hadoop.ipc.RPC$Server.call(RPC.java:1025)
datanode_2  | 2019-10-11 01:28:53,861 INFO impl.RoleInfo: 3a0f8afd-eb47-4e50-a530-1d1675ff36ff: start FollowerState
datanode_1  | 2019-10-11 01:28:53,860 INFO util.JmxRegister: Successfully registered JMX Bean with object name Ratis:service=RaftServer,group=group-5EADA841A9E3,id=9fe87e31-55e9-47d2-a297-dd90de8abf64
datanode_3  | 2019-10-11 01:28:53,841 INFO util.JmxRegister: Successfully registered JMX Bean with object name Ratis:service=RaftServer,group=group-5EADA841A9E3,id=b16fc5b4-956e-4f7e-ac83-3055a1711994
om_1        | 	at org.apache.hadoop.ipc.Server$RpcCall.run(Server.java:876)
s3g_1       | 	at org.eclipse.jetty.util.thread.strategy.ExecuteProduceConsume.produceConsume(ExecuteProduceConsume.java:148)
datanode_2  | 2019-10-11 01:28:53,862 INFO util.JmxRegister: Successfully registered JMX Bean with object name Ratis:service=RaftServer,group=group-5EADA841A9E3,id=3a0f8afd-eb47-4e50-a530-1d1675ff36ff
datanode_1  | 2019-10-11 01:28:57,543 INFO impl.FollowerState: 9fe87e31-55e9-47d2-a297-dd90de8abf64@group-73EC45A9EFB5-FollowerState: change to CANDIDATE, lastRpcTime:5044ms, electionTimeout:5043ms
datanode_3  | 2019-10-11 01:28:58,720 INFO impl.FollowerState: b16fc5b4-956e-4f7e-ac83-3055a1711994@group-55299E381B56-FollowerState: change to CANDIDATE, lastRpcTime:5042ms, electionTimeout:5042ms
om_1        | 	at org.apache.hadoop.ipc.Server$RpcCall.run(Server.java:822)
s3g_1       | 	at org.eclipse.jetty.util.thread.strategy.ExecuteProduceConsume.run(ExecuteProduceConsume.java:136)
datanode_2  | 2019-10-11 01:28:58,161 INFO impl.FollowerState: 3a0f8afd-eb47-4e50-a530-1d1675ff36ff@group-9A2EC980714D-FollowerState: change to CANDIDATE, lastRpcTime:5051ms, electionTimeout:5050ms
datanode_3  | 2019-10-11 01:28:58,723 INFO impl.RoleInfo: b16fc5b4-956e-4f7e-ac83-3055a1711994: shutdown FollowerState
om_1        | 	at java.base/java.security.AccessController.doPrivileged(Native Method)
datanode_2  | 2019-10-11 01:28:58,164 INFO impl.RoleInfo: 3a0f8afd-eb47-4e50-a530-1d1675ff36ff: shutdown FollowerState
s3g_1       | 	at org.eclipse.jetty.util.thread.QueuedThreadPool.runJob(QueuedThreadPool.java:671)
datanode_1  | 2019-10-11 01:28:57,547 INFO impl.RoleInfo: 9fe87e31-55e9-47d2-a297-dd90de8abf64: shutdown FollowerState
datanode_3  | 2019-10-11 01:28:58,724 INFO impl.RaftServerImpl: b16fc5b4-956e-4f7e-ac83-3055a1711994@group-55299E381B56: changes role from  FOLLOWER to CANDIDATE at term 0 for changeToCandidate
om_1        | 	at java.base/javax.security.auth.Subject.doAs(Subject.java:423)
datanode_2  | 2019-10-11 01:28:58,165 INFO impl.RaftServerImpl: 3a0f8afd-eb47-4e50-a530-1d1675ff36ff@group-9A2EC980714D: changes role from  FOLLOWER to CANDIDATE at term 0 for changeToCandidate
s3g_1       | 	at org.eclipse.jetty.util.thread.QueuedThreadPool$2.run(QueuedThreadPool.java:589)
datanode_1  | 2019-10-11 01:28:57,548 INFO impl.RaftServerImpl: 9fe87e31-55e9-47d2-a297-dd90de8abf64@group-73EC45A9EFB5: changes role from  FOLLOWER to CANDIDATE at term 0 for changeToCandidate
datanode_3  | 2019-10-11 01:28:58,729 INFO impl.RoleInfo: b16fc5b4-956e-4f7e-ac83-3055a1711994: start LeaderElection
om_1        | 	at org.apache.hadoop.security.UserGroupInformation.doAs(UserGroupInformation.java:1730)
datanode_2  | 2019-10-11 01:28:58,170 INFO impl.RoleInfo: 3a0f8afd-eb47-4e50-a530-1d1675ff36ff: start LeaderElection
s3g_1       | 	at java.base/java.lang.Thread.run(Thread.java:834)
datanode_1  | 2019-10-11 01:28:57,554 INFO impl.RoleInfo: 9fe87e31-55e9-47d2-a297-dd90de8abf64: start LeaderElection
datanode_3  | 2019-10-11 01:28:58,746 INFO impl.LeaderElection: b16fc5b4-956e-4f7e-ac83-3055a1711994@group-55299E381B56-LeaderElection1: begin an election at term 1 for -1: [b16fc5b4-956e-4f7e-ac83-3055a1711994:172.18.0.5:9858], old=null
om_1        | 	at org.apache.hadoop.ipc.Server$Handler.run(Server.java:2682)
datanode_2  | 2019-10-11 01:28:58,214 INFO impl.LeaderElection: 3a0f8afd-eb47-4e50-a530-1d1675ff36ff@group-9A2EC980714D-LeaderElection1: begin an election at term 1 for -1: [3a0f8afd-eb47-4e50-a530-1d1675ff36ff:172.18.0.2:9858], old=null
s3g_1       | 2019-10-11 01:30:43,995 [qtp212683148-27] ERROR      - Error in Complete Multipart Upload Request for bucket: bucket-73666, key: multipartKey3
datanode_1  | 2019-10-11 01:28:57,570 INFO impl.LeaderElection: 9fe87e31-55e9-47d2-a297-dd90de8abf64@group-73EC45A9EFB5-LeaderElection1: begin an election at term 1 for -1: [9fe87e31-55e9-47d2-a297-dd90de8abf64:172.18.0.3:9858], old=null
om_1        | 2019-10-11 01:30:55,208 [IPC Server handler 2 on 9862] ERROR      - ALLOCATE_KEY failed for Key: multipartKey in volume/bucket:s37c35ba70126b04fca007e4dbfab9c47c/bucket-73666
datanode_2  | 2019-10-11 01:28:58,216 INFO impl.RoleInfo: 3a0f8afd-eb47-4e50-a530-1d1675ff36ff: shutdown LeaderElection
datanode_3  | 2019-10-11 01:28:58,748 INFO impl.RoleInfo: b16fc5b4-956e-4f7e-ac83-3055a1711994: shutdown LeaderElection
s3g_1       | MISMATCH_MULTIPART_LIST org.apache.hadoop.ozone.om.exceptions.OMException: Complete Multipart Upload Failed: volume: s37c35ba70126b04fca007e4dbfab9c47cbucket: bucket-73666key: multipartKey3
datanode_1  | 2019-10-11 01:28:57,572 INFO impl.RoleInfo: 9fe87e31-55e9-47d2-a297-dd90de8abf64: shutdown LeaderElection
datanode_2  | 2019-10-11 01:28:58,217 INFO impl.RaftServerImpl: 3a0f8afd-eb47-4e50-a530-1d1675ff36ff@group-9A2EC980714D: changes role from CANDIDATE to LEADER at term 1 for changeToLeader
datanode_3  | 2019-10-11 01:28:58,748 INFO impl.RaftServerImpl: b16fc5b4-956e-4f7e-ac83-3055a1711994@group-55299E381B56: changes role from CANDIDATE to LEADER at term 1 for changeToLeader
om_1        | NO_SUCH_MULTIPART_UPLOAD_ERROR org.apache.hadoop.ozone.om.exceptions.OMException: No such Multipart upload is with specified uploadId random
s3g_1       | 	at org.apache.hadoop.ozone.om.protocolPB.OzoneManagerProtocolClientSideTranslatorPB.handleError(OzoneManagerProtocolClientSideTranslatorPB.java:732)
datanode_1  | 2019-10-11 01:28:57,573 INFO impl.RaftServerImpl: 9fe87e31-55e9-47d2-a297-dd90de8abf64@group-73EC45A9EFB5: changes role from CANDIDATE to LEADER at term 1 for changeToLeader
datanode_2  | 2019-10-11 01:28:58,217 INFO impl.RaftServerImpl: 3a0f8afd-eb47-4e50-a530-1d1675ff36ff@group-9A2EC980714D: change Leader from null to 3a0f8afd-eb47-4e50-a530-1d1675ff36ff at term 1 for becomeLeader, leader elected after 5231ms
datanode_3  | 2019-10-11 01:28:58,749 INFO impl.RaftServerImpl: b16fc5b4-956e-4f7e-ac83-3055a1711994@group-55299E381B56: change Leader from null to b16fc5b4-956e-4f7e-ac83-3055a1711994 at term 1 for becomeLeader, leader elected after 5177ms
om_1        | 	at org.apache.hadoop.ozone.om.request.key.OMKeyRequest.prepareMultipartKeyInfo(OMKeyRequest.java:471)
s3g_1       | 	at org.apache.hadoop.ozone.om.protocolPB.OzoneManagerProtocolClientSideTranslatorPB.completeMultipartUpload(OzoneManagerProtocolClientSideTranslatorPB.java:1104)
datanode_1  | 2019-10-11 01:28:57,573 INFO impl.RaftServerImpl: 9fe87e31-55e9-47d2-a297-dd90de8abf64@group-73EC45A9EFB5: change Leader from null to 9fe87e31-55e9-47d2-a297-dd90de8abf64 at term 1 for becomeLeader, leader elected after 5208ms
datanode_3  | 2019-10-11 01:28:58,755 INFO server.RaftServerConfigKeys: raft.server.staging.catchup.gap = 1000 (default)
om_1        | 	at org.apache.hadoop.ozone.om.request.key.OMKeyRequest.prepareKeyInfo(OMKeyRequest.java:423)
s3g_1       | 	at java.base/jdk.internal.reflect.NativeMethodAccessorImpl.invoke0(Native Method)
datanode_3  | 2019-10-11 01:28:58,755 INFO server.RaftServerConfigKeys: raft.server.rpc.sleep.time = 25ms (default)
datanode_2  | 2019-10-11 01:28:58,223 INFO server.RaftServerConfigKeys: raft.server.staging.catchup.gap = 1000 (default)
datanode_1  | 2019-10-11 01:28:57,578 INFO server.RaftServerConfigKeys: raft.server.staging.catchup.gap = 1000 (default)
om_1        | 	at org.apache.hadoop.ozone.om.request.key.OMKeyCreateRequest.validateAndUpdateCache(OMKeyCreateRequest.java:179)
s3g_1       | 	at java.base/jdk.internal.reflect.NativeMethodAccessorImpl.invoke(NativeMethodAccessorImpl.java:62)
datanode_3  | 2019-10-11 01:28:58,761 INFO server.RaftServerConfigKeys: raft.server.write.element-limit = 4096 (default)
datanode_2  | 2019-10-11 01:28:58,224 INFO server.RaftServerConfigKeys: raft.server.rpc.sleep.time = 25ms (default)
datanode_1  | 2019-10-11 01:28:57,578 INFO server.RaftServerConfigKeys: raft.server.rpc.sleep.time = 25ms (default)
s3g_1       | 	at java.base/jdk.internal.reflect.DelegatingMethodAccessorImpl.invoke(DelegatingMethodAccessorImpl.java:43)
om_1        | 	at org.apache.hadoop.ozone.protocolPB.OzoneManagerProtocolServerSideTranslatorPB.submitRequestDirectlyToOM(OzoneManagerProtocolServerSideTranslatorPB.java:219)
datanode_3  | 2019-10-11 01:28:58,766 INFO server.RaftServerConfigKeys: raft.server.watch.timeout = 10s (default)
datanode_2  | 2019-10-11 01:28:58,229 INFO server.RaftServerConfigKeys: raft.server.write.element-limit = 4096 (default)
datanode_1  | 2019-10-11 01:28:57,584 INFO server.RaftServerConfigKeys: raft.server.write.element-limit = 4096 (default)
s3g_1       | 	at java.base/java.lang.reflect.Method.invoke(Method.java:566)
om_1        | 	at org.apache.hadoop.ozone.protocolPB.OzoneManagerProtocolServerSideTranslatorPB.processRequest(OzoneManagerProtocolServerSideTranslatorPB.java:134)
datanode_3  | 2019-10-11 01:28:58,766 INFO server.RaftServerConfigKeys: raft.server.watch.timeout.denomination = 1s (default)
datanode_2  | 2019-10-11 01:28:58,234 INFO server.RaftServerConfigKeys: raft.server.watch.timeout = 10s (default)
s3g_1       | 	at org.apache.hadoop.hdds.tracing.TraceAllMethod.invoke(TraceAllMethod.java:66)
datanode_1  | 2019-10-11 01:28:57,589 INFO server.RaftServerConfigKeys: raft.server.watch.timeout = 10s (default)
om_1        | 	at org.apache.hadoop.hdds.server.OzoneProtocolMessageDispatcher.processRequest(OzoneProtocolMessageDispatcher.java:72)
datanode_2  | 2019-10-11 01:28:58,234 INFO server.RaftServerConfigKeys: raft.server.watch.timeout.denomination = 1s (default)
datanode_1  | 2019-10-11 01:28:57,589 INFO server.RaftServerConfigKeys: raft.server.watch.timeout.denomination = 1s (default)
s3g_1       | 	at com.sun.proxy.$Proxy84.completeMultipartUpload(Unknown Source)
om_1        | 	at org.apache.hadoop.ozone.protocolPB.OzoneManagerProtocolServerSideTranslatorPB.submitRequest(OzoneManagerProtocolServerSideTranslatorPB.java:100)
datanode_3  | 2019-10-11 01:28:58,768 INFO server.RaftServerConfigKeys: raft.server.watch.element-limit = 65536 (default)
datanode_2  | 2019-10-11 01:28:58,235 INFO server.RaftServerConfigKeys: raft.server.watch.element-limit = 65536 (default)
datanode_1  | 2019-10-11 01:28:57,591 INFO server.RaftServerConfigKeys: raft.server.watch.element-limit = 65536 (default)
s3g_1       | 	at org.apache.hadoop.ozone.client.rpc.RpcClient.completeMultipartUpload(RpcClient.java:883)
om_1        | 	at org.apache.hadoop.ozone.protocol.proto.OzoneManagerProtocolProtos$OzoneManagerService$2.callBlockingMethod(OzoneManagerProtocolProtos.java)
datanode_3  | 2019-10-11 01:28:58,786 INFO impl.RoleInfo: b16fc5b4-956e-4f7e-ac83-3055a1711994: start LeaderState
datanode_2  | 2019-10-11 01:28:58,252 INFO impl.RoleInfo: 3a0f8afd-eb47-4e50-a530-1d1675ff36ff: start LeaderState
datanode_1  | 2019-10-11 01:28:57,606 INFO impl.RoleInfo: 9fe87e31-55e9-47d2-a297-dd90de8abf64: start LeaderState
s3g_1       | 	at org.apache.hadoop.ozone.client.OzoneBucket.completeMultipartUpload(OzoneBucket.java:445)
datanode_3  | 2019-10-11 01:28:58,811 INFO segmented.SegmentedRaftLogWorker: b16fc5b4-956e-4f7e-ac83-3055a1711994@group-55299E381B56-SegmentedRaftLogWorker: Starting segment from index:0
datanode_2  | 2019-10-11 01:28:58,281 INFO segmented.SegmentedRaftLogWorker: 3a0f8afd-eb47-4e50-a530-1d1675ff36ff@group-9A2EC980714D-SegmentedRaftLogWorker: Starting segment from index:0
datanode_1  | 2019-10-11 01:28:57,632 INFO segmented.SegmentedRaftLogWorker: 9fe87e31-55e9-47d2-a297-dd90de8abf64@group-73EC45A9EFB5-SegmentedRaftLogWorker: Starting segment from index:0
datanode_3  | 2019-10-11 01:28:58,824 INFO impl.RaftServerImpl: b16fc5b4-956e-4f7e-ac83-3055a1711994@group-55299E381B56: set configuration 0: [b16fc5b4-956e-4f7e-ac83-3055a1711994:172.18.0.5:9858], old=null at 0
s3g_1       | 	at org.apache.hadoop.ozone.s3.endpoint.ObjectEndpoint.completeMultipartUpload(ObjectEndpoint.java:498)
datanode_2  | 2019-10-11 01:28:58,295 INFO impl.RaftServerImpl: 3a0f8afd-eb47-4e50-a530-1d1675ff36ff@group-9A2EC980714D: set configuration 0: [3a0f8afd-eb47-4e50-a530-1d1675ff36ff:172.18.0.2:9858], old=null at 0
datanode_1  | 2019-10-11 01:28:57,643 INFO impl.RaftServerImpl: 9fe87e31-55e9-47d2-a297-dd90de8abf64@group-73EC45A9EFB5: set configuration 0: [9fe87e31-55e9-47d2-a297-dd90de8abf64:172.18.0.3:9858], old=null at 0
om_1        | 	at org.apache.hadoop.ipc.ProtobufRpcEngine$Server$ProtoBufRpcInvoker.call(ProtobufRpcEngine.java:524)
datanode_3  | 2019-10-11 01:28:58,946 INFO impl.FollowerState: b16fc5b4-956e-4f7e-ac83-3055a1711994@group-5EADA841A9E3-FollowerState: change to CANDIDATE, lastRpcTime:5104ms, electionTimeout:5104ms
s3g_1       | 	at java.base/jdk.internal.reflect.NativeMethodAccessorImpl.invoke0(Native Method)
datanode_2  | 2019-10-11 01:28:58,425 INFO segmented.SegmentedRaftLogWorker: 3a0f8afd-eb47-4e50-a530-1d1675ff36ff@group-9A2EC980714D-SegmentedRaftLogWorker: created new log segment /data/metadata/ratis/927a2b9c-ebb7-4d06-8e06-9a2ec980714d/current/log_inprogress_0
datanode_1  | 2019-10-11 01:28:57,767 INFO segmented.SegmentedRaftLogWorker: 9fe87e31-55e9-47d2-a297-dd90de8abf64@group-73EC45A9EFB5-SegmentedRaftLogWorker: created new log segment /data/metadata/ratis/a0d2d64d-5c3b-45fd-84af-73ec45a9efb5/current/log_inprogress_0
om_1        | 	at org.apache.hadoop.ipc.RPC$Server.call(RPC.java:1025)
datanode_3  | 2019-10-11 01:28:58,947 INFO impl.RoleInfo: b16fc5b4-956e-4f7e-ac83-3055a1711994: shutdown FollowerState
s3g_1       | 	at java.base/jdk.internal.reflect.NativeMethodAccessorImpl.invoke(NativeMethodAccessorImpl.java:62)
datanode_2  | 2019-10-11 01:28:58,971 INFO impl.FollowerState: 3a0f8afd-eb47-4e50-a530-1d1675ff36ff@group-5EADA841A9E3-FollowerState: change to CANDIDATE, lastRpcTime:5109ms, electionTimeout:5109ms
datanode_1  | 2019-10-11 01:28:59,037 INFO impl.FollowerState: 9fe87e31-55e9-47d2-a297-dd90de8abf64@group-5EADA841A9E3-FollowerState: change to CANDIDATE, lastRpcTime:5177ms, electionTimeout:5177ms
om_1        | 	at org.apache.hadoop.ipc.Server$RpcCall.run(Server.java:876)
datanode_3  | 2019-10-11 01:28:58,947 INFO impl.RaftServerImpl: b16fc5b4-956e-4f7e-ac83-3055a1711994@group-5EADA841A9E3: changes role from  FOLLOWER to CANDIDATE at term 0 for changeToCandidate
s3g_1       | 	at java.base/jdk.internal.reflect.DelegatingMethodAccessorImpl.invoke(DelegatingMethodAccessorImpl.java:43)
datanode_2  | 2019-10-11 01:28:58,972 INFO impl.RoleInfo: 3a0f8afd-eb47-4e50-a530-1d1675ff36ff: shutdown FollowerState
datanode_1  | 2019-10-11 01:28:59,039 INFO impl.RoleInfo: 9fe87e31-55e9-47d2-a297-dd90de8abf64: shutdown FollowerState
om_1        | 	at org.apache.hadoop.ipc.Server$RpcCall.run(Server.java:822)
datanode_3  | 2019-10-11 01:28:58,947 INFO impl.RoleInfo: b16fc5b4-956e-4f7e-ac83-3055a1711994: start LeaderElection
s3g_1       | 	at java.base/java.lang.reflect.Method.invoke(Method.java:566)
datanode_2  | 2019-10-11 01:28:58,973 INFO impl.RaftServerImpl: 3a0f8afd-eb47-4e50-a530-1d1675ff36ff@group-5EADA841A9E3: changes role from  FOLLOWER to CANDIDATE at term 0 for changeToCandidate
datanode_1  | 2019-10-11 01:28:59,039 INFO impl.RaftServerImpl: 9fe87e31-55e9-47d2-a297-dd90de8abf64@group-5EADA841A9E3: changes role from  FOLLOWER to CANDIDATE at term 0 for changeToCandidate
om_1        | 	at java.base/java.security.AccessController.doPrivileged(Native Method)
datanode_3  | 2019-10-11 01:28:58,962 INFO segmented.SegmentedRaftLogWorker: b16fc5b4-956e-4f7e-ac83-3055a1711994@group-55299E381B56-SegmentedRaftLogWorker: created new log segment /data/metadata/ratis/fb54506d-5dc6-4c2e-ab40-55299e381b56/current/log_inprogress_0
s3g_1       | 	at org.glassfish.jersey.server.model.internal.ResourceMethodInvocationHandlerFactory.lambda$static$0(ResourceMethodInvocationHandlerFactory.java:76)
datanode_2  | 2019-10-11 01:28:58,973 INFO impl.RoleInfo: 3a0f8afd-eb47-4e50-a530-1d1675ff36ff: start LeaderElection
datanode_1  | 2019-10-11 01:28:59,039 INFO impl.RoleInfo: 9fe87e31-55e9-47d2-a297-dd90de8abf64: start LeaderElection
om_1        | 	at java.base/javax.security.auth.Subject.doAs(Subject.java:423)
datanode_3  | 2019-10-11 01:28:58,962 INFO impl.LeaderElection: b16fc5b4-956e-4f7e-ac83-3055a1711994@group-5EADA841A9E3-LeaderElection2: begin an election at term 1 for -1: [9fe87e31-55e9-47d2-a297-dd90de8abf64:172.18.0.3:9858, b16fc5b4-956e-4f7e-ac83-3055a1711994:172.18.0.5:9858, 3a0f8afd-eb47-4e50-a530-1d1675ff36ff:172.18.0.2:9858], old=null
s3g_1       | 	at org.glassfish.jersey.server.model.internal.AbstractJavaResourceMethodDispatcher$1.run(AbstractJavaResourceMethodDispatcher.java:148)
datanode_2  | 2019-10-11 01:28:58,991 INFO impl.LeaderElection: 3a0f8afd-eb47-4e50-a530-1d1675ff36ff@group-5EADA841A9E3-LeaderElection2: begin an election at term 1 for -1: [9fe87e31-55e9-47d2-a297-dd90de8abf64:172.18.0.3:9858, b16fc5b4-956e-4f7e-ac83-3055a1711994:172.18.0.5:9858, 3a0f8afd-eb47-4e50-a530-1d1675ff36ff:172.18.0.2:9858], old=null
datanode_1  | 2019-10-11 01:28:59,064 INFO impl.LeaderElection: 9fe87e31-55e9-47d2-a297-dd90de8abf64@group-5EADA841A9E3-LeaderElection2: begin an election at term 1 for -1: [9fe87e31-55e9-47d2-a297-dd90de8abf64:172.18.0.3:9858, b16fc5b4-956e-4f7e-ac83-3055a1711994:172.18.0.5:9858, 3a0f8afd-eb47-4e50-a530-1d1675ff36ff:172.18.0.2:9858], old=null
datanode_3  | 2019-10-11 01:28:59,175 INFO impl.LeaderElection: b16fc5b4-956e-4f7e-ac83-3055a1711994@group-5EADA841A9E3-LeaderElection2: Election REJECTED; received 2 response(s) [b16fc5b4-956e-4f7e-ac83-3055a1711994<-9fe87e31-55e9-47d2-a297-dd90de8abf64#0:FAIL-t1, b16fc5b4-956e-4f7e-ac83-3055a1711994<-3a0f8afd-eb47-4e50-a530-1d1675ff36ff#0:FAIL-t1] and 0 exception(s); b16fc5b4-956e-4f7e-ac83-3055a1711994@group-5EADA841A9E3:t1, leader=null, voted=b16fc5b4-956e-4f7e-ac83-3055a1711994, raftlog=b16fc5b4-956e-4f7e-ac83-3055a1711994@group-5EADA841A9E3-SegmentedRaftLog:OPENED:c-1,f-1,i0, conf=-1: [9fe87e31-55e9-47d2-a297-dd90de8abf64:172.18.0.3:9858, b16fc5b4-956e-4f7e-ac83-3055a1711994:172.18.0.5:9858, 3a0f8afd-eb47-4e50-a530-1d1675ff36ff:172.18.0.2:9858], old=null
s3g_1       | 	at org.glassfish.jersey.server.model.internal.AbstractJavaResourceMethodDispatcher.invoke(AbstractJavaResourceMethodDispatcher.java:191)
om_1        | 	at org.apache.hadoop.security.UserGroupInformation.doAs(UserGroupInformation.java:1730)
datanode_2  | 2019-10-11 01:28:59,198 INFO impl.LeaderElection: 3a0f8afd-eb47-4e50-a530-1d1675ff36ff@group-5EADA841A9E3-LeaderElection2: Election REJECTED; received 2 response(s) [3a0f8afd-eb47-4e50-a530-1d1675ff36ff<-9fe87e31-55e9-47d2-a297-dd90de8abf64#0:FAIL-t1, 3a0f8afd-eb47-4e50-a530-1d1675ff36ff<-b16fc5b4-956e-4f7e-ac83-3055a1711994#0:FAIL-t1] and 0 exception(s); 3a0f8afd-eb47-4e50-a530-1d1675ff36ff@group-5EADA841A9E3:t1, leader=null, voted=3a0f8afd-eb47-4e50-a530-1d1675ff36ff, raftlog=3a0f8afd-eb47-4e50-a530-1d1675ff36ff@group-5EADA841A9E3-SegmentedRaftLog:OPENED:c-1,f-1,i0, conf=-1: [9fe87e31-55e9-47d2-a297-dd90de8abf64:172.18.0.3:9858, b16fc5b4-956e-4f7e-ac83-3055a1711994:172.18.0.5:9858, 3a0f8afd-eb47-4e50-a530-1d1675ff36ff:172.18.0.2:9858], old=null
datanode_1  | 2019-10-11 01:28:59,250 INFO impl.LeaderElection: 9fe87e31-55e9-47d2-a297-dd90de8abf64@group-5EADA841A9E3-LeaderElection2: Election REJECTED; received 2 response(s) [9fe87e31-55e9-47d2-a297-dd90de8abf64<-b16fc5b4-956e-4f7e-ac83-3055a1711994#0:FAIL-t1, 9fe87e31-55e9-47d2-a297-dd90de8abf64<-3a0f8afd-eb47-4e50-a530-1d1675ff36ff#0:FAIL-t1] and 0 exception(s); 9fe87e31-55e9-47d2-a297-dd90de8abf64@group-5EADA841A9E3:t1, leader=null, voted=9fe87e31-55e9-47d2-a297-dd90de8abf64, raftlog=9fe87e31-55e9-47d2-a297-dd90de8abf64@group-5EADA841A9E3-SegmentedRaftLog:OPENED:c-1,f-1,i0, conf=-1: [9fe87e31-55e9-47d2-a297-dd90de8abf64:172.18.0.3:9858, b16fc5b4-956e-4f7e-ac83-3055a1711994:172.18.0.5:9858, 3a0f8afd-eb47-4e50-a530-1d1675ff36ff:172.18.0.2:9858], old=null
datanode_3  | 2019-10-11 01:28:59,192 INFO impl.RaftServerImpl: b16fc5b4-956e-4f7e-ac83-3055a1711994@group-5EADA841A9E3: changes role from CANDIDATE to FOLLOWER at term 1 for DISCOVERED_A_NEW_TERM
s3g_1       | 	at org.glassfish.jersey.server.model.internal.JavaResourceMethodDispatcherProvider$ResponseOutInvoker.doDispatch(JavaResourceMethodDispatcherProvider.java:200)
datanode_2  | 2019-10-11 01:28:59,200 INFO impl.RaftServerImpl: 3a0f8afd-eb47-4e50-a530-1d1675ff36ff@group-5EADA841A9E3: changes role from CANDIDATE to FOLLOWER at term 1 for DISCOVERED_A_NEW_TERM
om_1        | 	at org.apache.hadoop.ipc.Server$Handler.run(Server.java:2682)
datanode_1  | 2019-10-11 01:28:59,252 INFO impl.RaftServerImpl: 9fe87e31-55e9-47d2-a297-dd90de8abf64@group-5EADA841A9E3: changes role from CANDIDATE to FOLLOWER at term 1 for DISCOVERED_A_NEW_TERM
datanode_3  | 2019-10-11 01:28:59,192 INFO impl.RoleInfo: b16fc5b4-956e-4f7e-ac83-3055a1711994: shutdown LeaderElection
datanode_2  | 2019-10-11 01:28:59,200 INFO impl.RoleInfo: 3a0f8afd-eb47-4e50-a530-1d1675ff36ff: shutdown LeaderElection
s3g_1       | 	at org.glassfish.jersey.server.model.internal.AbstractJavaResourceMethodDispatcher.dispatch(AbstractJavaResourceMethodDispatcher.java:103)
datanode_1  | 2019-10-11 01:28:59,252 INFO impl.RoleInfo: 9fe87e31-55e9-47d2-a297-dd90de8abf64: shutdown LeaderElection
datanode_3  | 2019-10-11 01:28:59,193 INFO impl.RoleInfo: b16fc5b4-956e-4f7e-ac83-3055a1711994: start FollowerState
datanode_2  | 2019-10-11 01:28:59,200 INFO impl.RoleInfo: 3a0f8afd-eb47-4e50-a530-1d1675ff36ff: start FollowerState
s3g_1       | 	at org.glassfish.jersey.server.model.ResourceMethodInvoker.invoke(ResourceMethodInvoker.java:493)
datanode_1  | 2019-10-11 01:28:59,252 INFO impl.RoleInfo: 9fe87e31-55e9-47d2-a297-dd90de8abf64: start FollowerState
datanode_3  | 2019-10-11 01:29:04,193 INFO impl.FollowerState: b16fc5b4-956e-4f7e-ac83-3055a1711994@group-5EADA841A9E3-FollowerState: change to CANDIDATE, lastRpcTime:5000ms, electionTimeout:5000ms
datanode_2  | 2019-10-11 01:29:04,249 INFO impl.RaftServerImpl: 3a0f8afd-eb47-4e50-a530-1d1675ff36ff@group-5EADA841A9E3: changes role from  FOLLOWER to FOLLOWER at term 2 for recognizeCandidate:b16fc5b4-956e-4f7e-ac83-3055a1711994
s3g_1       | 	at org.glassfish.jersey.server.model.ResourceMethodInvoker.apply(ResourceMethodInvoker.java:415)
datanode_1  | 2019-10-11 01:29:04,242 INFO impl.RaftServerImpl: 9fe87e31-55e9-47d2-a297-dd90de8abf64@group-5EADA841A9E3: changes role from  FOLLOWER to FOLLOWER at term 2 for recognizeCandidate:b16fc5b4-956e-4f7e-ac83-3055a1711994
datanode_2  | 2019-10-11 01:29:04,250 INFO impl.RoleInfo: 3a0f8afd-eb47-4e50-a530-1d1675ff36ff: shutdown FollowerState
s3g_1       | 	at org.glassfish.jersey.server.model.ResourceMethodInvoker.apply(ResourceMethodInvoker.java:104)
datanode_1  | 2019-10-11 01:29:04,243 INFO impl.RoleInfo: 9fe87e31-55e9-47d2-a297-dd90de8abf64: shutdown FollowerState
datanode_3  | 2019-10-11 01:29:04,194 INFO impl.RoleInfo: b16fc5b4-956e-4f7e-ac83-3055a1711994: shutdown FollowerState
datanode_2  | 2019-10-11 01:29:04,250 INFO impl.FollowerState: 3a0f8afd-eb47-4e50-a530-1d1675ff36ff@group-5EADA841A9E3-FollowerState was interrupted: java.lang.InterruptedException: sleep interrupted
s3g_1       | 	at org.glassfish.jersey.server.ServerRuntime$1.run(ServerRuntime.java:277)
datanode_1  | 2019-10-11 01:29:04,243 INFO impl.RoleInfo: 9fe87e31-55e9-47d2-a297-dd90de8abf64: start FollowerState
datanode_3  | 2019-10-11 01:29:04,194 INFO impl.RaftServerImpl: b16fc5b4-956e-4f7e-ac83-3055a1711994@group-5EADA841A9E3: changes role from  FOLLOWER to CANDIDATE at term 1 for changeToCandidate
datanode_2  | 2019-10-11 01:29:04,250 INFO impl.RoleInfo: 3a0f8afd-eb47-4e50-a530-1d1675ff36ff: start FollowerState
s3g_1       | 	at org.glassfish.jersey.internal.Errors$1.call(Errors.java:272)
datanode_1  | 2019-10-11 01:29:04,243 INFO impl.FollowerState: 9fe87e31-55e9-47d2-a297-dd90de8abf64@group-5EADA841A9E3-FollowerState was interrupted: java.lang.InterruptedException: sleep interrupted
datanode_3  | 2019-10-11 01:29:04,194 INFO impl.RoleInfo: b16fc5b4-956e-4f7e-ac83-3055a1711994: start LeaderElection
s3g_1       | 	at org.glassfish.jersey.internal.Errors$1.call(Errors.java:268)
datanode_1  | 2019-10-11 01:29:04,362 INFO impl.RaftServerImpl: 9fe87e31-55e9-47d2-a297-dd90de8abf64@group-5EADA841A9E3: change Leader from null to b16fc5b4-956e-4f7e-ac83-3055a1711994 at term 2 for appendEntries, leader elected after 10517ms
s3g_1       | 	at org.glassfish.jersey.internal.Errors.process(Errors.java:316)
datanode_2  | 2019-10-11 01:29:04,364 INFO impl.RaftServerImpl: 3a0f8afd-eb47-4e50-a530-1d1675ff36ff@group-5EADA841A9E3: change Leader from null to b16fc5b4-956e-4f7e-ac83-3055a1711994 at term 2 for appendEntries, leader elected after 10519ms
datanode_1  | 2019-10-11 01:29:04,384 INFO impl.RaftServerImpl: 9fe87e31-55e9-47d2-a297-dd90de8abf64@group-5EADA841A9E3: set configuration 0: [9fe87e31-55e9-47d2-a297-dd90de8abf64:172.18.0.3:9858, b16fc5b4-956e-4f7e-ac83-3055a1711994:172.18.0.5:9858, 3a0f8afd-eb47-4e50-a530-1d1675ff36ff:172.18.0.2:9858], old=null at 0
s3g_1       | 	at org.glassfish.jersey.internal.Errors.process(Errors.java:298)
datanode_1  | 2019-10-11 01:29:04,384 INFO segmented.SegmentedRaftLogWorker: 9fe87e31-55e9-47d2-a297-dd90de8abf64@group-5EADA841A9E3-SegmentedRaftLogWorker: Starting segment from index:0
datanode_3  | 2019-10-11 01:29:04,219 INFO impl.LeaderElection: b16fc5b4-956e-4f7e-ac83-3055a1711994@group-5EADA841A9E3-LeaderElection3: begin an election at term 2 for -1: [9fe87e31-55e9-47d2-a297-dd90de8abf64:172.18.0.3:9858, b16fc5b4-956e-4f7e-ac83-3055a1711994:172.18.0.5:9858, 3a0f8afd-eb47-4e50-a530-1d1675ff36ff:172.18.0.2:9858], old=null
datanode_2  | 2019-10-11 01:29:04,385 INFO impl.RaftServerImpl: 3a0f8afd-eb47-4e50-a530-1d1675ff36ff@group-5EADA841A9E3: set configuration 0: [9fe87e31-55e9-47d2-a297-dd90de8abf64:172.18.0.3:9858, b16fc5b4-956e-4f7e-ac83-3055a1711994:172.18.0.5:9858, 3a0f8afd-eb47-4e50-a530-1d1675ff36ff:172.18.0.2:9858], old=null at 0
s3g_1       | 	at org.glassfish.jersey.internal.Errors.process(Errors.java:268)
datanode_1  | 2019-10-11 01:29:04,428 INFO segmented.SegmentedRaftLogWorker: 9fe87e31-55e9-47d2-a297-dd90de8abf64@group-5EADA841A9E3-SegmentedRaftLogWorker: created new log segment /data/metadata/ratis/adc4fb1a-e0ed-43af-9269-5eada841a9e3/current/log_inprogress_0
datanode_3  | 2019-10-11 01:29:04,275 INFO impl.LeaderElection: b16fc5b4-956e-4f7e-ac83-3055a1711994@group-5EADA841A9E3-LeaderElection3: Election PASSED; received 1 response(s) [b16fc5b4-956e-4f7e-ac83-3055a1711994<-3a0f8afd-eb47-4e50-a530-1d1675ff36ff#0:OK-t2] and 0 exception(s); b16fc5b4-956e-4f7e-ac83-3055a1711994@group-5EADA841A9E3:t2, leader=null, voted=b16fc5b4-956e-4f7e-ac83-3055a1711994, raftlog=b16fc5b4-956e-4f7e-ac83-3055a1711994@group-5EADA841A9E3-SegmentedRaftLog:OPENED:c-1,f-1,i0, conf=-1: [9fe87e31-55e9-47d2-a297-dd90de8abf64:172.18.0.3:9858, b16fc5b4-956e-4f7e-ac83-3055a1711994:172.18.0.5:9858, 3a0f8afd-eb47-4e50-a530-1d1675ff36ff:172.18.0.2:9858], old=null
datanode_2  | 2019-10-11 01:29:04,385 INFO segmented.SegmentedRaftLogWorker: 3a0f8afd-eb47-4e50-a530-1d1675ff36ff@group-5EADA841A9E3-SegmentedRaftLogWorker: Starting segment from index:0
s3g_1       | 	at org.glassfish.jersey.process.internal.RequestScope.runInScope(RequestScope.java:289)
datanode_3  | 2019-10-11 01:29:04,275 INFO impl.RoleInfo: b16fc5b4-956e-4f7e-ac83-3055a1711994: shutdown LeaderElection
datanode_2  | 2019-10-11 01:29:04,429 INFO segmented.SegmentedRaftLogWorker: 3a0f8afd-eb47-4e50-a530-1d1675ff36ff@group-5EADA841A9E3-SegmentedRaftLogWorker: created new log segment /data/metadata/ratis/adc4fb1a-e0ed-43af-9269-5eada841a9e3/current/log_inprogress_0
s3g_1       | 	at org.glassfish.jersey.server.ServerRuntime.process(ServerRuntime.java:256)
datanode_3  | 2019-10-11 01:29:04,276 INFO impl.RaftServerImpl: b16fc5b4-956e-4f7e-ac83-3055a1711994@group-5EADA841A9E3: changes role from CANDIDATE to LEADER at term 2 for changeToLeader
s3g_1       | 	at org.glassfish.jersey.server.ApplicationHandler.handle(ApplicationHandler.java:703)
datanode_3  | 2019-10-11 01:29:04,276 INFO impl.RaftServerImpl: b16fc5b4-956e-4f7e-ac83-3055a1711994@group-5EADA841A9E3: change Leader from null to b16fc5b4-956e-4f7e-ac83-3055a1711994 at term 2 for becomeLeader, leader elected after 10445ms
s3g_1       | 	at org.glassfish.jersey.servlet.WebComponent.serviceImpl(WebComponent.java:416)
datanode_3  | 2019-10-11 01:29:04,277 INFO server.RaftServerConfigKeys: raft.server.staging.catchup.gap = 1000 (default)
s3g_1       | 	at org.glassfish.jersey.servlet.WebComponent.service(WebComponent.java:370)
datanode_3  | 2019-10-11 01:29:04,277 INFO server.RaftServerConfigKeys: raft.server.rpc.sleep.time = 25ms (default)
s3g_1       | 	at org.glassfish.jersey.servlet.ServletContainer.service(ServletContainer.java:389)
s3g_1       | 	at org.glassfish.jersey.servlet.ServletContainer.service(ServletContainer.java:342)
datanode_3  | 2019-10-11 01:29:04,277 INFO server.RaftServerConfigKeys: raft.server.write.element-limit = 4096 (default)
s3g_1       | 	at org.glassfish.jersey.servlet.ServletContainer.service(ServletContainer.java:229)
datanode_3  | 2019-10-11 01:29:04,277 INFO server.RaftServerConfigKeys: raft.server.watch.timeout = 10s (default)
s3g_1       | 	at org.eclipse.jetty.servlet.ServletHolder.handle(ServletHolder.java:840)
datanode_3  | 2019-10-11 01:29:04,277 INFO server.RaftServerConfigKeys: raft.server.watch.timeout.denomination = 1s (default)
s3g_1       | 	at org.eclipse.jetty.servlet.ServletHandler$CachedChain.doFilter(ServletHandler.java:1780)
s3g_1       | 	at org.apache.hadoop.http.HttpServer2$QuotingInputFilter.doFilter(HttpServer2.java:1609)
datanode_3  | 2019-10-11 01:29:04,277 INFO server.RaftServerConfigKeys: raft.server.watch.element-limit = 65536 (default)
s3g_1       | 	at org.eclipse.jetty.servlet.ServletHandler$CachedChain.doFilter(ServletHandler.java:1767)
datanode_3  | 2019-10-11 01:29:04,287 INFO server.RaftServerConfigKeys: raft.server.log.appender.snapshot.chunk.size.max = 16MB (=16777216) (default)
datanode_3  | 2019-10-11 01:29:04,287 INFO server.RaftServerConfigKeys: raft.server.log.appender.buffer.byte-limit = 33554432 (custom)
s3g_1       | 	at org.apache.hadoop.http.NoCacheFilter.doFilter(NoCacheFilter.java:45)
datanode_3  | 2019-10-11 01:29:04,288 INFO server.RaftServerConfigKeys: raft.server.log.appender.buffer.element-limit = 1 (custom)
datanode_3  | 2019-10-11 01:29:04,292 INFO grpc.GrpcConfigKeys$Server: raft.grpc.server.leader.outstanding.appends.max = 128 (default)
datanode_3  | 2019-10-11 01:29:04,293 INFO server.RaftServerConfigKeys: raft.server.rpc.request.timeout = 3000ms (default)
datanode_3  | 2019-10-11 01:29:04,293 INFO server.RaftServerConfigKeys: raft.server.log.appender.install.snapshot.enabled = false (custom)
datanode_3  | 2019-10-11 01:29:04,295 INFO server.RaftServerConfigKeys: raft.server.log.appender.snapshot.chunk.size.max = 16MB (=16777216) (default)
s3g_1       | 	at org.eclipse.jetty.servlet.ServletHandler$CachedChain.doFilter(ServletHandler.java:1767)
datanode_3  | 2019-10-11 01:29:04,295 INFO server.RaftServerConfigKeys: raft.server.log.appender.buffer.byte-limit = 33554432 (custom)
s3g_1       | 	at org.eclipse.jetty.servlet.ServletHandler.doHandle(ServletHandler.java:583)
s3g_1       | 	at org.eclipse.jetty.server.handler.ScopedHandler.handle(ScopedHandler.java:143)
datanode_3  | 2019-10-11 01:29:04,295 INFO server.RaftServerConfigKeys: raft.server.log.appender.buffer.element-limit = 1 (custom)
s3g_1       | 	at org.eclipse.jetty.security.SecurityHandler.handle(SecurityHandler.java:548)
datanode_3  | 2019-10-11 01:29:04,295 INFO grpc.GrpcConfigKeys$Server: raft.grpc.server.leader.outstanding.appends.max = 128 (default)
datanode_3  | 2019-10-11 01:29:04,295 INFO server.RaftServerConfigKeys: raft.server.rpc.request.timeout = 3000ms (default)
s3g_1       | 	at org.eclipse.jetty.server.session.SessionHandler.doHandle(SessionHandler.java:226)
datanode_3  | 2019-10-11 01:29:04,295 INFO server.RaftServerConfigKeys: raft.server.log.appender.install.snapshot.enabled = false (custom)
s3g_1       | 	at org.eclipse.jetty.server.handler.ContextHandler.doHandle(ContextHandler.java:1180)
datanode_3  | 2019-10-11 01:29:04,299 INFO impl.RoleInfo: b16fc5b4-956e-4f7e-ac83-3055a1711994: start LeaderState
s3g_1       | 	at org.eclipse.jetty.servlet.ServletHandler.doScope(ServletHandler.java:513)
datanode_3  | 2019-10-11 01:29:04,299 INFO segmented.SegmentedRaftLogWorker: b16fc5b4-956e-4f7e-ac83-3055a1711994@group-5EADA841A9E3-SegmentedRaftLogWorker: Starting segment from index:0
s3g_1       | 	at org.eclipse.jetty.server.session.SessionHandler.doScope(SessionHandler.java:185)
datanode_3  | 2019-10-11 01:29:04,301 INFO impl.RaftServerImpl: b16fc5b4-956e-4f7e-ac83-3055a1711994@group-5EADA841A9E3: set configuration 0: [9fe87e31-55e9-47d2-a297-dd90de8abf64:172.18.0.3:9858, b16fc5b4-956e-4f7e-ac83-3055a1711994:172.18.0.5:9858, 3a0f8afd-eb47-4e50-a530-1d1675ff36ff:172.18.0.2:9858], old=null at 0
datanode_3  | 2019-10-11 01:29:04,354 INFO segmented.SegmentedRaftLogWorker: b16fc5b4-956e-4f7e-ac83-3055a1711994@group-5EADA841A9E3-SegmentedRaftLogWorker: created new log segment /data/metadata/ratis/adc4fb1a-e0ed-43af-9269-5eada841a9e3/current/log_inprogress_0
s3g_1       | 	at org.eclipse.jetty.server.handler.ContextHandler.doScope(ContextHandler.java:1112)
s3g_1       | 	at org.eclipse.jetty.server.handler.ScopedHandler.handle(ScopedHandler.java:141)
s3g_1       | 	at org.eclipse.jetty.server.handler.HandlerCollection.handle(HandlerCollection.java:119)
s3g_1       | 	at org.eclipse.jetty.server.handler.HandlerWrapper.handle(HandlerWrapper.java:134)
s3g_1       | 	at org.eclipse.jetty.server.Server.handle(Server.java:539)
s3g_1       | 	at org.eclipse.jetty.server.HttpChannel.handle(HttpChannel.java:333)
s3g_1       | 	at org.eclipse.jetty.server.HttpConnection.onFillable(HttpConnection.java:251)
s3g_1       | 	at org.eclipse.jetty.io.AbstractConnection$ReadCallback.succeeded(AbstractConnection.java:283)
s3g_1       | 	at org.eclipse.jetty.io.FillInterest.fillable(FillInterest.java:108)
s3g_1       | 	at org.eclipse.jetty.io.SelectChannelEndPoint$2.run(SelectChannelEndPoint.java:93)
s3g_1       | 	at org.eclipse.jetty.util.thread.strategy.ExecuteProduceConsume.executeProduceConsume(ExecuteProduceConsume.java:303)
s3g_1       | 	at org.eclipse.jetty.util.thread.strategy.ExecuteProduceConsume.produceConsume(ExecuteProduceConsume.java:148)
s3g_1       | 	at org.eclipse.jetty.util.thread.strategy.ExecuteProduceConsume.run(ExecuteProduceConsume.java:136)
s3g_1       | 	at org.eclipse.jetty.util.thread.QueuedThreadPool.runJob(QueuedThreadPool.java:671)
s3g_1       | 	at org.eclipse.jetty.util.thread.QueuedThreadPool$2.run(QueuedThreadPool.java:589)
s3g_1       | 	at java.base/java.lang.Thread.run(Thread.java:834)
s3g_1       | Oct 11, 2019 1:31:13 AM org.apache.ratis.thirdparty.io.grpc.internal.ManagedChannelOrphanWrapper$ManagedChannelReference cleanQueue
s3g_1       | SEVERE: *~*~*~ Channel ManagedChannelImpl{logId=135, target=172.18.0.5:9859} was not shutdown properly!!! ~*~*~*
s3g_1       |     Make sure to call shutdown()/shutdownNow() and wait until awaitTermination() returns true.
s3g_1       | java.lang.RuntimeException: ManagedChannel allocation site
s3g_1       | 	at org.apache.ratis.thirdparty.io.grpc.internal.ManagedChannelOrphanWrapper$ManagedChannelReference.<init>(ManagedChannelOrphanWrapper.java:103)
s3g_1       | 	at org.apache.ratis.thirdparty.io.grpc.internal.ManagedChannelOrphanWrapper.<init>(ManagedChannelOrphanWrapper.java:53)
s3g_1       | 	at org.apache.ratis.thirdparty.io.grpc.internal.ManagedChannelOrphanWrapper.<init>(ManagedChannelOrphanWrapper.java:44)
s3g_1       | 	at org.apache.ratis.thirdparty.io.grpc.internal.AbstractManagedChannelImplBuilder.build(AbstractManagedChannelImplBuilder.java:411)
s3g_1       | 	at org.apache.hadoop.hdds.scm.XceiverClientGrpc.connectToDatanode(XceiverClientGrpc.java:183)
s3g_1       | 	at org.apache.hadoop.hdds.scm.XceiverClientGrpc.reconnect(XceiverClientGrpc.java:434)
s3g_1       | 	at org.apache.hadoop.hdds.scm.XceiverClientGrpc.sendCommandAsync(XceiverClientGrpc.java:382)
s3g_1       | 	at org.apache.hadoop.hdds.scm.XceiverClientGrpc.sendCommandWithRetry(XceiverClientGrpc.java:295)
s3g_1       | 	at org.apache.hadoop.hdds.scm.XceiverClientGrpc.sendCommandWithTraceIDAndRetry(XceiverClientGrpc.java:259)
s3g_1       | 	at org.apache.hadoop.hdds.scm.XceiverClientGrpc.sendCommand(XceiverClientGrpc.java:242)
s3g_1       | 	at org.apache.hadoop.hdds.scm.storage.ContainerProtocolCalls.getBlock(ContainerProtocolCalls.java:118)
s3g_1       | 	at org.apache.hadoop.hdds.scm.storage.BlockInputStream.getChunkInfos(BlockInputStream.java:169)
s3g_1       | 	at org.apache.hadoop.hdds.scm.storage.BlockInputStream.initialize(BlockInputStream.java:118)
s3g_1       | 	at org.apache.hadoop.hdds.scm.storage.BlockInputStream.read(BlockInputStream.java:224)
s3g_1       | 	at org.apache.hadoop.ozone.client.io.KeyInputStream.read(KeyInputStream.java:173)
s3g_1       | 	at org.apache.hadoop.ozone.s3.io.S3WrapperInputStream.read(S3WrapperInputStream.java:49)
s3g_1       | 	at org.apache.commons.io.IOUtils.copyLarge(IOUtils.java:2221)
s3g_1       | 	at org.apache.commons.io.IOUtils.copyLarge(IOUtils.java:2179)
s3g_1       | 	at org.apache.hadoop.ozone.s3.endpoint.ObjectEndpoint.lambda$get$1(ObjectEndpoint.java:278)
s3g_1       | 	at org.glassfish.jersey.message.internal.StreamingOutputProvider.writeTo(StreamingOutputProvider.java:79)
s3g_1       | 	at org.glassfish.jersey.message.internal.StreamingOutputProvider.writeTo(StreamingOutputProvider.java:61)
s3g_1       | 	at org.glassfish.jersey.message.internal.WriterInterceptorExecutor$TerminalWriterInterceptor.invokeWriteTo(WriterInterceptorExecutor.java:266)
s3g_1       | 	at org.glassfish.jersey.message.internal.WriterInterceptorExecutor$TerminalWriterInterceptor.aroundWriteTo(WriterInterceptorExecutor.java:251)
s3g_1       | 	at org.glassfish.jersey.message.internal.WriterInterceptorExecutor.proceed(WriterInterceptorExecutor.java:163)
s3g_1       | 	at org.glassfish.jersey.server.internal.JsonWithPaddingInterceptor.aroundWriteTo(JsonWithPaddingInterceptor.java:109)
s3g_1       | 	at org.glassfish.jersey.message.internal.WriterInterceptorExecutor.proceed(WriterInterceptorExecutor.java:163)
