s3g_1       | 2019-10-19 00:52:58,456 INFO server.KerberosAuthenticationHandler: Using keytab /etc/security/keytabs/HTTP.keytab, for principal HTTP/s3g@EXAMPLE.COM
datanode_1  | 2019-10-19 00:53:02,503 [main] INFO       - Hdds Datanode login successful.
datanode_2  | 2019-10-19 00:53:03,275 INFO client.DNCertificateClient: Certificate client init case: 0
datanode_3  | 2019-10-19 00:53:03,243 [main] INFO       - ip:127.0.0.1,host:localhost not returned.
scm_1       | STARTUP_MSG:   build = https://github.com/apache/hadoop.git -r e97acb3bd8f3befd27418996fa5d4b50bf2e17bf; compiled by 'sunilg' on 2019-01-15T17:34Z
om_1        | 2019-10-19 00:53:06,458 [main] INFO       - Initializing secure OzoneManager.
recon_1     | 	at picocli.CommandLine.parseWithHandlers(CommandLine.java:1526)
kdc_1       | Oct 19 00:52:52 kdc krb5kdc[9](info): AS_REQ (8 etypes {18 17 20 19 16 23 25 26}) 127.0.0.1: SERVER_NOT_FOUND: admin/admin@EXAMPLE.COM for kadmin/localhost@EXAMPLE.COM, Server not found in Kerberos database
s3g_1       | Oct 19, 2019 12:52:59 AM org.glassfish.jersey.internal.Errors logErrors
datanode_1  | 2019-10-19 00:53:02,503 [main] INFO       - Initializing secure Datanode.
datanode_2  | 2019-10-19 00:53:03,276 INFO client.DNCertificateClient: Creating keypair for client as keypair and certificate not found.
datanode_3  | 2019-10-19 00:53:03,249 [main] INFO       - Creating csr for DN-> subject:root@7e04cf0c4f5e
scm_1       | STARTUP_MSG:   java = 11.0.3
om_1        | 2019-10-19 00:53:06,910 ERROR client.OMCertificateClient: Default certificate serial id is not set. Can't locate the default certificate for this client.
recon_1     | 	at picocli.CommandLine.parseWithHandler(CommandLine.java:1465)
kdc_1       | Oct 19 00:52:52 kdc krb5kdc[9](info): AS_REQ (8 etypes {18 17 20 19 16 23 25 26}) 127.0.0.1: ISSUE: authtime 1571446372, etypes {rep=18 tkt=18 ses=18}, admin/admin@EXAMPLE.COM for kadmin/admin@EXAMPLE.COM
datanode_1  | 2019-10-19 00:53:02,504 ERROR client.DNCertificateClient: Default certificate serial id is not set. Can't locate the default certificate for this client.
datanode_2  | 2019-10-19 00:53:03,812 [main] INFO       - Init response: GETCERT
datanode_3  | 2019-10-19 00:53:04,429 INFO ipc.Client: Retrying connect to server: scm/172.18.0.6:9961. Already tried 0 time(s); retry policy is RetryUpToMaximumCountWithFixedSleep(maxRetries=2147483647, sleepTime=1000 MILLISECONDS)
s3g_1       | WARNING: The following warnings have been detected: WARNING: A HTTP GET method, public javax.ws.rs.core.Response org.apache.hadoop.ozone.s3.endpoint.ObjectEndpoint.get(java.lang.String,java.lang.String,java.lang.String,int,java.lang.String,java.io.InputStream) throws java.io.IOException,org.apache.hadoop.ozone.s3.exception.OS3Exception, should not consume any entity.
scm_1       | ************************************************************/
om_1        | 2019-10-19 00:53:06,910 INFO client.OMCertificateClient: Certificate client init case: 0
recon_1     | 	at org.apache.hadoop.hdds.cli.GenericCli.execute(GenericCli.java:65)
kdc_1       | Oct 19 00:52:52 kdc krb5kdc[9](info): AS_REQ (8 etypes {18 17 20 19 16 23 25 26}) 127.0.0.1: SERVER_NOT_FOUND: admin/admin@EXAMPLE.COM for kadmin/localhost@EXAMPLE.COM, Server not found in Kerberos database
datanode_1  | 2019-10-19 00:53:02,504 INFO client.DNCertificateClient: Certificate client init case: 0
datanode_2  | 2019-10-19 00:53:03,822 [main] INFO       - Adding ip:172.18.0.10,host:77bb068c7427
datanode_3  | 2019-10-19 00:53:06,788 [main] INFO       - Successfully stored SCM signed certificate, case:GETCERT.
s3g_1       | 
scm_1       | 2019-10-19 00:53:02,471 INFO server.StorageContainerManagerStarter: registered UNIX signal handlers for [TERM, HUP, INT]
om_1        | 2019-10-19 00:53:06,910 INFO client.OMCertificateClient: Creating keypair for client as keypair and certificate not found.
recon_1     | 	at org.apache.hadoop.hdds.cli.GenericCli.run(GenericCli.java:56)
kdc_1       | Oct 19 00:52:52 kdc krb5kdc[9](info): AS_REQ (8 etypes {18 17 20 19 16 23 25 26}) 127.0.0.1: ISSUE: authtime 1571446372, etypes {rep=18 tkt=18 ses=18}, admin/admin@EXAMPLE.COM for kadmin/admin@EXAMPLE.COM
datanode_1  | 2019-10-19 00:53:02,505 INFO client.DNCertificateClient: Creating keypair for client as keypair and certificate not found.
datanode_2  | 2019-10-19 00:53:03,823 [main] INFO       - ip:127.0.0.1,host:localhost not returned.
datanode_3  | 2019-10-19 00:53:06,869 [main] INFO       - Creating Volume: /data/hdds/hdds of  storage type : DISK and capacity : 10908285698048
s3g_1       | 2019-10-19 00:52:59,250 INFO handler.ContextHandler: Started o.e.j.w.WebAppContext@4bf80c29{/,file:///tmp/jetty-0.0.0.0-9878-s3gateway-_-any-65277126953314332.dir/webapp/,AVAILABLE}{/s3gateway}
scm_1       | 2019-10-19 00:53:02,728 WARN server.ServerUtils: ozone.scm.db.dirs is not configured. We recommend adding this setting. Falling back to ozone.metadata.dirs instead.
om_1        | 2019-10-19 00:53:07,311 [main] INFO       - Init response: GETCERT
recon_1     | 	at org.apache.hadoop.ozone.recon.ReconServer.main(ReconServer.java:52)
kdc_1       | Oct 19 00:52:53 kdc krb5kdc[9](info): AS_REQ (8 etypes {18 17 20 19 16 23 25 26}) 127.0.0.1: SERVER_NOT_FOUND: admin/admin@EXAMPLE.COM for kadmin/localhost@EXAMPLE.COM, Server not found in Kerberos database
datanode_1  | 2019-10-19 00:53:02,958 [main] INFO       - Init response: GETCERT
datanode_3  | 2019-10-19 00:53:06,872 [main] INFO       - Added Volume : /data/hdds/hdds to VolumeSet
datanode_2  | 2019-10-19 00:53:03,829 [main] INFO       - Creating csr for DN-> subject:root@77bb068c7427
s3g_1       | 2019-10-19 00:52:59,257 INFO server.AbstractConnector: Started ServerConnector@9b47400{HTTP/1.1,[http/1.1]}{0.0.0.0:9878}
scm_1       | WARNING: An illegal reflective access operation has occurred
recon_1     | 2019-10-19 00:53:20,648 [main] INFO       - Stopping Recon server
kdc_1       | Oct 19 00:52:53 kdc krb5kdc[9](info): AS_REQ (8 etypes {18 17 20 19 16 23 25 26}) 127.0.0.1: ISSUE: authtime 1571446373, etypes {rep=18 tkt=18 ses=18}, admin/admin@EXAMPLE.COM for kadmin/admin@EXAMPLE.COM
datanode_1  | 2019-10-19 00:53:02,975 [main] INFO       - Adding ip:172.18.0.7,host:361c941b9f70
datanode_3  | 2019-10-19 00:53:06,881 [main] INFO       - Scheduling a check for /data/hdds/hdds
datanode_2  | 2019-10-19 00:53:05,098 INFO ipc.Client: Retrying connect to server: scm/172.18.0.6:9961. Already tried 0 time(s); retry policy is RetryUpToMaximumCountWithFixedSleep(maxRetries=2147483647, sleepTime=1000 MILLISECONDS)
s3g_1       | 2019-10-19 00:52:59,258 INFO server.Server: Started @3756ms
scm_1       | WARNING: Illegal reflective access by org.apache.hadoop.security.authentication.util.KerberosUtil (file:/opt/hadoop/share/ozone/lib/hadoop-auth-3.2.0.jar) to method sun.security.krb5.Config.getInstance()
recon_1     | java.lang.NullPointerException
om_1        | 2019-10-19 00:53:07,344 [main] INFO       - Adding ip:172.18.0.3,host:om
kdc_1       | Oct 19 00:52:53 kdc krb5kdc[9](info): AS_REQ (8 etypes {18 17 20 19 16 23 25 26}) 127.0.0.1: SERVER_NOT_FOUND: admin/admin@EXAMPLE.COM for kadmin/localhost@EXAMPLE.COM, Server not found in Kerberos database
datanode_1  | 2019-10-19 00:53:02,976 [main] INFO       - ip:127.0.0.1,host:localhost not returned.
datanode_3  | 2019-10-19 00:53:06,901 [main] INFO       - Scheduled health check for volume /data/hdds/hdds
datanode_2  | 2019-10-19 00:53:06,803 [main] INFO       - Successfully stored SCM signed certificate, case:GETCERT.
s3g_1       | 2019-10-19 00:52:59,260 INFO server.BaseHttpServer: HTTP server of S3GATEWAY is listening at http://0.0.0.0:9878
scm_1       | WARNING: Please consider reporting this to the maintainers of org.apache.hadoop.security.authentication.util.KerberosUtil
recon_1     | 	at org.apache.hadoop.ozone.recon.ReconServer.stop(ReconServer.java:115)
kdc_1       | Oct 19 00:52:53 kdc krb5kdc[9](info): AS_REQ (8 etypes {18 17 20 19 16 23 25 26}) 127.0.0.1: ISSUE: authtime 1571446373, etypes {rep=18 tkt=18 ses=18}, admin/admin@EXAMPLE.COM for kadmin/admin@EXAMPLE.COM
om_1        | 2019-10-19 00:53:07,345 [main] INFO       - ip:127.0.0.1,host:localhost not returned.
datanode_1  | 2019-10-19 00:53:02,988 [main] INFO       - Creating csr for DN-> subject:root@361c941b9f70
datanode_2  | 2019-10-19 00:53:06,879 [main] INFO       - Creating Volume: /data/hdds/hdds of  storage type : DISK and capacity : 10908285698048
s3g_1       | 2019-10-19 01:00:00,844 [qtp359368949-111] INFO       - Location is /bucket-test123
scm_1       | WARNING: Use --illegal-access=warn to enable warnings of further illegal reflective access operations
datanode_3  | 2019-10-19 00:53:07,353 WARN scm.HddsServerUtil: Storage directory for Ratis is not configured. It is a good idea to map this to an SSD disk. Falling back to ozone.metadata.dirs
recon_1     | 	at org.apache.hadoop.ozone.recon.ReconServer.call(ReconServer.java:100)
kdc_1       | Oct 19 00:52:53 kdc krb5kdc[9](info): AS_REQ (8 etypes {18 17 20 19 16 23 25 26}) 127.0.0.1: SERVER_NOT_FOUND: admin/admin@EXAMPLE.COM for kadmin/localhost@EXAMPLE.COM, Server not found in Kerberos database
om_1        | 2019-10-19 00:53:07,350 [main] INFO       - Creating csr for OM->dns:om,ip:172.18.0.3,scmId:55bbd90e-ad9e-400f-8e9e-fa422a5b534d,clusterId:CID-f982d5ed-c8f9-4ea9-8d8f-153707a31988,subject:root@om
datanode_1  | 2019-10-19 00:53:04,238 INFO ipc.Client: Retrying connect to server: scm/172.18.0.6:9961. Already tried 0 time(s); retry policy is RetryUpToMaximumCountWithFixedSleep(maxRetries=2147483647, sleepTime=1000 MILLISECONDS)
datanode_2  | 2019-10-19 00:53:06,882 [main] INFO       - Added Volume : /data/hdds/hdds to VolumeSet
scm_1       | WARNING: All illegal access operations will be denied in a future release
datanode_3  | 2019-10-19 00:53:07,380 INFO impl.RaftServerProxy: raft.rpc.type = GRPC (default)
recon_1     | 	at org.apache.hadoop.ozone.recon.ReconServer.call(ReconServer.java:41)
s3g_1       | 2019-10-19 01:00:04,215 WARN ipc.Client: Exception encountered while connecting to the server : org.apache.hadoop.ipc.RemoteException(org.apache.hadoop.security.token.SecretManager$InvalidToken): No S3 secret found for S3 identifier:OzoneToken owner=dlfknslnfslf, renewer=, realUser=, issueDate=0, maxDate=0, sequenceNumber=0, masterKeyId=0, strToSign=AWS4-HMAC-SHA256
kdc_1       | Oct 19 00:52:53 kdc krb5kdc[9](info): AS_REQ (8 etypes {18 17 20 19 16 23 25 26}) 127.0.0.1: ISSUE: authtime 1571446373, etypes {rep=18 tkt=18 ses=18}, admin/admin@EXAMPLE.COM for kadmin/admin@EXAMPLE.COM
om_1        | 2019-10-19 00:53:07,495 [main] INFO       - OzoneManager ports added:[name: "RPC"
datanode_1  | 2019-10-19 00:53:05,239 INFO ipc.Client: Retrying connect to server: scm/172.18.0.6:9961. Already tried 1 time(s); retry policy is RetryUpToMaximumCountWithFixedSleep(maxRetries=2147483647, sleepTime=1000 MILLISECONDS)
datanode_2  | 2019-10-19 00:53:06,891 [main] INFO       - Scheduling a check for /data/hdds/hdds
scm_1       | 2019-10-19 00:53:02,982 INFO security.UserGroupInformation: Login successful for user scm/scm@EXAMPLE.COM using keytab file /etc/security/keytabs/scm.keytab
datanode_3  | 2019-10-19 00:53:07,446 INFO grpc.GrpcConfigKeys$Server: raft.grpc.server.port = 9858 (custom)
recon_1     | 	at picocli.CommandLine.execute(CommandLine.java:1173)
s3g_1       | 20191019T010004Z
kdc_1       | Oct 19 00:52:53 kdc krb5kdc[9](info): AS_REQ (8 etypes {18 17 20 19 16 23 25 26}) 127.0.0.1: SERVER_NOT_FOUND: admin/admin@EXAMPLE.COM for kadmin/localhost@EXAMPLE.COM, Server not found in Kerberos database
om_1        | value: 9862
datanode_1  | 2019-10-19 00:53:06,696 [main] INFO       - Successfully stored SCM signed certificate, case:GETCERT.
datanode_2  | 2019-10-19 00:53:06,911 [main] INFO       - Scheduled health check for volume /data/hdds/hdds
scm_1       | 2019-10-19 00:53:02,982 INFO server.StorageContainerManager: SCM login successful.
datanode_3  | 2019-10-19 00:53:07,454 INFO server.GrpcService: raft.grpc.message.size.max = 33570816 (custom)
s3g_1       | 20191019/us-west-1/s3/aws4_request
recon_1     | 	at picocli.CommandLine.access$800(CommandLine.java:141)
kdc_1       | Oct 19 00:52:53 kdc krb5kdc[9](info): AS_REQ (8 etypes {18 17 20 19 16 23 25 26}) 127.0.0.1: ISSUE: authtime 1571446373, etypes {rep=18 tkt=18 ses=18}, admin/admin@EXAMPLE.COM for kadmin/admin@EXAMPLE.COM
om_1        | ]
datanode_1  | 2019-10-19 00:53:06,841 [main] INFO       - Creating Volume: /data/hdds/hdds of  storage type : DISK and capacity : 10908285698048
datanode_2  | 2019-10-19 00:53:07,313 WARN scm.HddsServerUtil: Storage directory for Ratis is not configured. It is a good idea to map this to an SSD disk. Falling back to ozone.metadata.dirs
scm_1       | 2019-10-19 00:53:02,984 WARN server.ServerUtils: ozone.scm.db.dirs is not configured. We recommend adding this setting. Falling back to ozone.metadata.dirs instead.
datanode_3  | 2019-10-19 00:53:07,460 INFO server.RaftServerConfigKeys: raft.server.log.appender.buffer.byte-limit = 33554432 (custom)
s3g_1       | e0429ccc7a03b7ecb1c1977380131fe0929e501277a7c8fe213ebafb27141ff8, signature=128aa9b3ba2ffef0c3e6f92034057cb1bb8a669a20d2f98218a173c9a5f7ced5, awsAccessKeyId=dlfknslnfslf
recon_1     | 	at picocli.CommandLine$RunLast.handle(CommandLine.java:1367)
kdc_1       | Oct 19 00:52:53 kdc krb5kdc[9](info): AS_REQ (8 etypes {18 17 20 19 16 23 25 26}) 127.0.0.1: SERVER_NOT_FOUND: admin/admin@EXAMPLE.COM for kadmin/localhost@EXAMPLE.COM, Server not found in Kerberos database
datanode_1  | 2019-10-19 00:53:06,847 [main] INFO       - Added Volume : /data/hdds/hdds to VolumeSet
datanode_2  | 2019-10-19 00:53:07,344 INFO impl.RaftServerProxy: raft.rpc.type = GRPC (default)
scm_1       | 2019-10-19 00:53:03,021 INFO util.log: Logging initialized @1452ms
datanode_3  | 2019-10-19 00:53:07,468 INFO server.GrpcService: raft.grpc.flow.control.window = 1MB (=1048576) (default)
om_1        | 2019-10-19 00:53:07,582 [main] INFO       - Successfully stored SCM signed certificate.
recon_1     | 	at picocli.CommandLine$RunLast.handle(CommandLine.java:1335)
s3g_1       | 2019-10-19 01:00:04,228 WARN ipc.Client: Exception encountered while connecting to the server : org.apache.hadoop.ipc.RemoteException(org.apache.hadoop.security.token.SecretManager$InvalidToken): No S3 secret found for S3 identifier:OzoneToken owner=dlfknslnfslf, renewer=, realUser=, issueDate=0, maxDate=0, sequenceNumber=0, masterKeyId=0, strToSign=AWS4-HMAC-SHA256
kdc_1       | Oct 19 00:52:53 kdc krb5kdc[9](info): AS_REQ (8 etypes {18 17 20 19 16 23 25 26}) 127.0.0.1: ISSUE: authtime 1571446373, etypes {rep=18 tkt=18 ses=18}, admin/admin@EXAMPLE.COM for kadmin/admin@EXAMPLE.COM
datanode_1  | 2019-10-19 00:53:06,856 [main] INFO       - Scheduling a check for /data/hdds/hdds
datanode_2  | 2019-10-19 00:53:07,405 INFO grpc.GrpcConfigKeys$Server: raft.grpc.server.port = 9858 (custom)
scm_1       | 2019-10-19 00:53:03,156 INFO db.DBStoreBuilder: using custom profile for table: deletedBlocks
datanode_3  | 2019-10-19 00:53:07,468 INFO server.RaftServerConfigKeys: raft.server.rpc.request.timeout = 3000ms (default)
om_1        | OM initialization succeeded.Current cluster id for sd=/data/metadata/om;cid=CID-f982d5ed-c8f9-4ea9-8d8f-153707a31988
recon_1     | 	at picocli.CommandLine$AbstractParseResultHandler.handleParseResult(CommandLine.java:1243)
s3g_1       | 20191019T010004Z
kdc_1       | Oct 19 00:52:53 kdc krb5kdc[9](info): AS_REQ (8 etypes {18 17 20 19 16 23 25 26}) 127.0.0.1: SERVER_NOT_FOUND: admin/admin@EXAMPLE.COM for kadmin/localhost@EXAMPLE.COM, Server not found in Kerberos database
datanode_1  | 2019-10-19 00:53:06,883 [main] INFO       - Scheduled health check for volume /data/hdds/hdds
datanode_2  | 2019-10-19 00:53:07,407 INFO server.GrpcService: raft.grpc.message.size.max = 33570816 (custom)
scm_1       | 2019-10-19 00:53:03,156 INFO db.DBStoreBuilder: Using default column profile:DBProfile.DISK for Table:deletedBlocks
datanode_3  | 2019-10-19 00:53:07,601 INFO server.RaftServerConfigKeys: raft.server.storage.dir = [/data/metadata/ratis] (custom)
om_1        | 2019-10-19 00:53:07,619 [shutdown-hook-0] INFO       - SHUTDOWN_MSG: 
recon_1     | 	at picocli.CommandLine.parseWithHandlers(CommandLine.java:1526)
s3g_1       | 20191019/us-west-1/s3/aws4_request
kdc_1       | Oct 19 00:52:53 kdc krb5kdc[9](info): AS_REQ (8 etypes {18 17 20 19 16 23 25 26}) 127.0.0.1: ISSUE: authtime 1571446373, etypes {rep=18 tkt=18 ses=18}, admin/admin@EXAMPLE.COM for kadmin/admin@EXAMPLE.COM
datanode_1  | 2019-10-19 00:53:07,346 WARN scm.HddsServerUtil: Storage directory for Ratis is not configured. It is a good idea to map this to an SSD disk. Falling back to ozone.metadata.dirs
datanode_2  | 2019-10-19 00:53:07,409 INFO server.RaftServerConfigKeys: raft.server.log.appender.buffer.byte-limit = 33554432 (custom)
scm_1       | 2019-10-19 00:53:03,156 INFO db.DBStoreBuilder: using custom profile for table: validCerts
datanode_3  | 2019-10-19 00:53:07,727 INFO hdfs.DFSUtil: Starting web server as: HTTP/7e04cf0c4f5e@EXAMPLE.COM
om_1        | /************************************************************
recon_1     | 	at picocli.CommandLine.parseWithHandler(CommandLine.java:1465)
s3g_1       | e0429ccc7a03b7ecb1c1977380131fe0929e501277a7c8fe213ebafb27141ff8, signature=128aa9b3ba2ffef0c3e6f92034057cb1bb8a669a20d2f98218a173c9a5f7ced5, awsAccessKeyId=dlfknslnfslf
kdc_1       | Oct 19 00:52:53 kdc krb5kdc[9](info): AS_REQ (8 etypes {18 17 20 19 16 23 25 26}) 127.0.0.1: SERVER_NOT_FOUND: admin/admin@EXAMPLE.COM for kadmin/localhost@EXAMPLE.COM, Server not found in Kerberos database
datanode_1  | 2019-10-19 00:53:07,372 INFO impl.RaftServerProxy: raft.rpc.type = GRPC (default)
datanode_2  | 2019-10-19 00:53:07,410 INFO server.GrpcService: raft.grpc.flow.control.window = 1MB (=1048576) (default)
scm_1       | 2019-10-19 00:53:03,156 INFO db.DBStoreBuilder: Using default column profile:DBProfile.DISK for Table:validCerts
datanode_3  | 2019-10-19 00:53:07,727 INFO hdfs.DFSUtil: Starting Web-server for hddsDatanode at: http://0.0.0.0:9882
om_1        | SHUTDOWN_MSG: Shutting down OzoneManager at om/172.18.0.3
recon_1     | 	at org.apache.hadoop.hdds.cli.GenericCli.execute(GenericCli.java:65)
s3g_1       | 2019-10-19 01:00:04,228 INFO retry.RetryInvocationHandler: com.google.protobuf.ServiceException: org.apache.hadoop.ipc.RemoteException(org.apache.hadoop.security.token.SecretManager$InvalidToken): No S3 secret found for S3 identifier:OzoneToken owner=dlfknslnfslf, renewer=, realUser=, issueDate=0, maxDate=0, sequenceNumber=0, masterKeyId=0, strToSign=AWS4-HMAC-SHA256
kdc_1       | Oct 19 00:52:53 kdc krb5kdc[9](info): AS_REQ (8 etypes {18 17 20 19 16 23 25 26}) 127.0.0.1: ISSUE: authtime 1571446373, etypes {rep=18 tkt=18 ses=18}, admin/admin@EXAMPLE.COM for kadmin/admin@EXAMPLE.COM
datanode_1  | 2019-10-19 00:53:07,468 INFO grpc.GrpcConfigKeys$Server: raft.grpc.server.port = 9858 (custom)
datanode_2  | 2019-10-19 00:53:07,410 INFO server.RaftServerConfigKeys: raft.server.rpc.request.timeout = 3000ms (default)
scm_1       | 2019-10-19 00:53:03,157 INFO db.DBStoreBuilder: using custom profile for table: revokedCerts
datanode_3  | 2019-10-19 00:53:07,760 INFO util.log: Logging initialized @7107ms
recon_1     | 	at org.apache.hadoop.hdds.cli.GenericCli.run(GenericCli.java:56)
s3g_1       | 20191019T010004Z
kdc_1       | Oct 19 00:52:53 kdc krb5kdc[9](info): AS_REQ (8 etypes {18 17 20 19 16 23 25 26}) 127.0.0.1: SERVER_NOT_FOUND: admin/admin@EXAMPLE.COM for kadmin/localhost@EXAMPLE.COM, Server not found in Kerberos database
datanode_1  | 2019-10-19 00:53:07,469 INFO server.GrpcService: raft.grpc.message.size.max = 33570816 (custom)
om_1        | ************************************************************/
datanode_2  | 2019-10-19 00:53:07,559 INFO server.RaftServerConfigKeys: raft.server.storage.dir = [/data/metadata/ratis] (custom)
scm_1       | 2019-10-19 00:53:03,157 INFO db.DBStoreBuilder: Using default column profile:DBProfile.DISK for Table:revokedCerts
datanode_3  | 2019-10-19 00:53:07,840 INFO server.AuthenticationFilter: Unable to initialize FileSignerSecretProvider, falling back to use random secrets.
recon_1     | 	at org.apache.hadoop.ozone.recon.ReconServer.main(ReconServer.java:52)
s3g_1       | 20191019/us-west-1/s3/aws4_request
kdc_1       | Oct 19 00:52:53 kdc krb5kdc[9](info): AS_REQ (8 etypes {18 17 20 19 16 23 25 26}) 127.0.0.1: ISSUE: authtime 1571446373, etypes {rep=18 tkt=18 ses=18}, admin/admin@EXAMPLE.COM for kadmin/admin@EXAMPLE.COM
datanode_1  | 2019-10-19 00:53:07,470 INFO server.RaftServerConfigKeys: raft.server.log.appender.buffer.byte-limit = 33554432 (custom)
om_1        | 2019-10-19 00:53:08,639 [main] INFO       - STARTUP_MSG: 
datanode_2  | 2019-10-19 00:53:07,625 INFO hdfs.DFSUtil: Starting web server as: HTTP/77bb068c7427@EXAMPLE.COM
scm_1       | 2019-10-19 00:53:03,170 INFO db.DBStoreBuilder: using custom profile for table: default
datanode_3  | 2019-10-19 00:53:07,843 INFO http.HttpRequestLog: Http request log for http.requests.hddsDatanode is not defined
s3g_1       | e0429ccc7a03b7ecb1c1977380131fe0929e501277a7c8fe213ebafb27141ff8, signature=128aa9b3ba2ffef0c3e6f92034057cb1bb8a669a20d2f98218a173c9a5f7ced5, awsAccessKeyId=dlfknslnfslf, while invoking $Proxy83.submitRequest over nodeId=null,nodeAddress=om:9862 after 1 failover attempts. Trying to failover immediately.
kdc_1       | Entry for principal scm/s3g@EXAMPLE.COM with kvno 2, encryption type aes256-cts-hmac-sha1-96 added to keytab WRFILE:/data/scm.s3g.keytab.
datanode_1  | 2019-10-19 00:53:07,471 INFO server.GrpcService: raft.grpc.flow.control.window = 1MB (=1048576) (default)
om_1        | /************************************************************
datanode_2  | 2019-10-19 00:53:07,625 INFO hdfs.DFSUtil: Starting Web-server for hddsDatanode at: http://0.0.0.0:9882
scm_1       | 2019-10-19 00:53:03,170 INFO db.DBStoreBuilder: Using default column profile:DBProfile.DISK for Table:default
datanode_3  | 2019-10-19 00:53:07,849 INFO http.HttpServer2: Added global filter 'safety' (class=org.apache.hadoop.http.HttpServer2$QuotingInputFilter)
kdc_1       | Entry for principal scm/s3g@EXAMPLE.COM with kvno 2, encryption type aes128-cts-hmac-sha1-96 added to keytab WRFILE:/data/scm.s3g.keytab.
s3g_1       | 2019-10-19 01:00:04,234 WARN ipc.Client: Exception encountered while connecting to the server : org.apache.hadoop.ipc.RemoteException(org.apache.hadoop.security.token.SecretManager$InvalidToken): No S3 secret found for S3 identifier:OzoneToken owner=dlfknslnfslf, renewer=, realUser=, issueDate=0, maxDate=0, sequenceNumber=0, masterKeyId=0, strToSign=AWS4-HMAC-SHA256
datanode_1  | 2019-10-19 00:53:07,471 INFO server.RaftServerConfigKeys: raft.server.rpc.request.timeout = 3000ms (default)
om_1        | STARTUP_MSG: Starting OzoneManager
datanode_2  | 2019-10-19 00:53:07,655 INFO util.log: Logging initialized @6499ms
scm_1       | 2019-10-19 00:53:03,172 INFO db.DBStoreBuilder: Using default options. DBProfile.DISK
datanode_3  | 2019-10-19 00:53:07,851 INFO http.HttpServer2: Added filter authentication (class=org.apache.hadoop.security.authentication.server.AuthenticationFilter) to context hddsDatanode
s3g_1       | 20191019T010004Z
kdc_1       | Generiting keytab
datanode_1  | 2019-10-19 00:53:07,620 INFO server.RaftServerConfigKeys: raft.server.storage.dir = [/data/metadata/ratis] (custom)
om_1        | STARTUP_MSG:   host = om/172.18.0.3
datanode_2  | 2019-10-19 00:53:07,791 INFO server.AuthenticationFilter: Unable to initialize FileSignerSecretProvider, falling back to use random secrets.
scm_1       | 2019-10-19 00:53:04,371 INFO ipc.CallQueueManager: Using callQueue: class java.util.concurrent.LinkedBlockingQueue, queueCapacity: 200, scheduler: class org.apache.hadoop.ipc.DefaultRpcScheduler, ipcBackoff: false.
datanode_3  | 2019-10-19 00:53:07,851 INFO http.HttpServer2: Added filter authentication (class=org.apache.hadoop.security.authentication.server.AuthenticationFilter) to context static
s3g_1       | 20191019/us-west-1/s3/aws4_request
kdc_1       | Authenticating as principal admin/admin with keytab /tmp/admin.keytab.
om_1        | STARTUP_MSG:   args = []
datanode_2  | 2019-10-19 00:53:07,795 INFO http.HttpRequestLog: Http request log for http.requests.hddsDatanode is not defined
scm_1       | 2019-10-19 00:53:04,394 INFO ipc.Server: Starting Socket Reader #1 for port 9961
datanode_3  | 2019-10-19 00:53:07,851 INFO http.HttpServer2: Added filter authentication (class=org.apache.hadoop.security.authentication.server.AuthenticationFilter) to context logs
s3g_1       | e0429ccc7a03b7ecb1c1977380131fe0929e501277a7c8fe213ebafb27141ff8, signature=128aa9b3ba2ffef0c3e6f92034057cb1bb8a669a20d2f98218a173c9a5f7ced5, awsAccessKeyId=dlfknslnfslf
kdc_1       | WARNING: no policy specified for HTTP/om@EXAMPLE.COM; defaulting to no policy
datanode_1  | 2019-10-19 00:53:07,701 INFO hdfs.DFSUtil: Starting web server as: HTTP/361c941b9f70@EXAMPLE.COM
om_1        | STARTUP_MSG:   version = 3.2.0
datanode_2  | 2019-10-19 00:53:07,805 INFO http.HttpServer2: Added global filter 'safety' (class=org.apache.hadoop.http.HttpServer2$QuotingInputFilter)
scm_1       | 2019-10-19 00:53:04,472 INFO net.NodeSchemaLoader: Loading file from java.lang.CompoundEnumeration@5d39f2d8
datanode_3  | 2019-10-19 00:53:07,871 INFO http.HttpServer2: Jetty bound to port 9882
s3g_1       | 2019-10-19 01:00:04,235 INFO retry.RetryInvocationHandler: com.google.protobuf.ServiceException: org.apache.hadoop.ipc.RemoteException(org.apache.hadoop.security.token.SecretManager$InvalidToken): No S3 secret found for S3 identifier:OzoneToken owner=dlfknslnfslf, renewer=, realUser=, issueDate=0, maxDate=0, sequenceNumber=0, masterKeyId=0, strToSign=AWS4-HMAC-SHA256
kdc_1       | Principal "HTTP/om@EXAMPLE.COM" created.
datanode_1  | 2019-10-19 00:53:07,702 INFO hdfs.DFSUtil: Starting Web-server for hddsDatanode at: http://0.0.0.0:9882
datanode_2  | 2019-10-19 00:53:07,808 INFO http.HttpServer2: Added filter authentication (class=org.apache.hadoop.security.authentication.server.AuthenticationFilter) to context hddsDatanode
scm_1       | 2019-10-19 00:53:04,473 INFO net.NodeSchemaLoader: Loading network topology layer schema file
om_1        | STARTUP_MSG:   classpath = /etc/hadoop:/opt/hadoop/share/hadoop/common/*:/opt/hadoop/share/ozone/lib/kerb-simplekdc-1.0.1.jar:/opt/hadoop/share/ozone/lib/protobuf-java-2.5.0.jar:/opt/hadoop/share/ozone/lib/bcpkix-jdk15on-1.60.jar:/opt/hadoop/share/ozone/lib/sqlite-jdbc-3.25.2.jar:/opt/hadoop/share/ozone/lib/netty-3.10.5.Final.jar:/opt/hadoop/share/ozone/lib/commons-validator-1.6.jar:/opt/hadoop/share/ozone/lib/jaxb-impl-2.3.0.1.jar:/opt/hadoop/share/ozone/lib/kerb-core-1.0.1.jar:/opt/hadoop/share/ozone/lib/hadoop-ozone-common-0.5.0-SNAPSHOT.jar:/opt/hadoop/share/ozone/lib/ratis-thirdparty-misc-0.2.0.jar:/opt/hadoop/share/ozone/lib/jsr305-3.0.0.jar:/opt/hadoop/share/ozone/lib/leveldbjni-all-1.8.jar:/opt/hadoop/share/ozone/lib/htrace-core4-4.1.0-incubating.jar:/opt/hadoop/share/ozone/lib/ratis-metrics-0.5.0-3f446aa-SNAPSHOT.jar:/opt/hadoop/share/ozone/lib/hadoop-annotations-3.2.0.jar:/opt/hadoop/share/ozone/lib/hadoop-hdds-tools-0.5.0-SNAPSHOT.jar:/opt/hadoop/share/ozone/lib/kerb-util-1.0.1.jar:/opt/hadoop/share/ozone/lib/dropwizard-metrics-hadoop-metrics2-reporter-0.1.2.jar:/opt/hadoop/share/ozone/lib/jackson-jaxrs-1.9.13.jar:/opt/hadoop/share/ozone/lib/ratis-netty-0.5.0-3f446aa-SNAPSHOT.jar:/opt/hadoop/share/ozone/lib/kerby-xdr-1.0.1.jar:/opt/hadoop/share/ozone/lib/jetty-webapp-9.3.25.v20180904.jar:/opt/hadoop/share/ozone/lib/jackson-core-asl-1.9.13.jar:/opt/hadoop/share/ozone/lib/commons-net-3.6.jar:/opt/hadoop/share/ozone/lib/log4j-api-2.11.0.jar:/opt/hadoop/share/ozone/lib/netty-all-4.0.52.Final.jar:/opt/hadoop/share/ozone/lib/hadoop-hdfs-3.2.0.jar:/opt/hadoop/share/ozone/lib/jline-0.9.94.jar:/opt/hadoop/share/ozone/lib/opentracing-api-0.31.0.jar:/opt/hadoop/share/ozone/lib/hadoop-hdds-server-framework-0.5.0-SNAPSHOT.jar:/opt/hadoop/share/ozone/lib/slf4j-log4j12-1.7.25.jar:/opt/hadoop/share/ozone/lib/hadoop-hdfs-client-3.2.0.jar:/opt/hadoop/share/ozone/lib/kerby-config-1.0.1.jar:/opt/hadoop/share/ozone/lib/jetty-util-9.3.25.v20180904.jar:/opt/hadoop/share/ozone/lib/metrics-ganglia-3.2.5.jar:/opt/hadoop/share/ozone/lib/libthrift-0.12.0.jar:/opt/hadoop/share/ozone/lib/metrics-core-3.2.4.jar:/opt/hadoop/share/ozone/lib/kerby-pkix-1.0.1.jar:/opt/hadoop/share/ozone/lib/xz-1.0.jar:/opt/hadoop/share/ozone/lib/hadoop-hdds-config-0.5.0-SNAPSHOT.jar:/opt/hadoop/share/ozone/lib/nimbus-jose-jwt-4.41.1.jar:/opt/hadoop/share/ozone/lib/jsr311-api-1.1.1.jar:/opt/hadoop/share/ozone/lib/commons-beanutils-1.9.4.jar:/opt/hadoop/share/ozone/lib/javax.servlet-api-3.1.0.jar:/opt/hadoop/share/ozone/lib/kerb-server-1.0.1.jar:/opt/hadoop/share/ozone/lib/zookeeper-3.4.13.jar:/opt/hadoop/share/ozone/lib/avro-1.7.7.jar:/opt/hadoop/share/ozone/lib/kerb-client-1.0.1.jar:/opt/hadoop/share/ozone/lib/jackson-xc-1.9.13.jar:/opt/hadoop/share/ozone/lib/disruptor-3.4.2.jar:/opt/hadoop/share/ozone/lib/guava-11.0.2.jar:/opt/hadoop/share/ozone/lib/hadoop-hdds-common-0.5.0-SNAPSHOT.jar:/opt/hadoop/share/ozone/lib/curator-framework-2.12.0.jar:/opt/hadoop/share/ozone/lib/dnsjava-2.1.7.jar:/opt/hadoop/share/ozone/lib/commons-configuration2-2.1.1.jar:/opt/hadoop/share/ozone/lib/json-smart-2.3.jar:/opt/hadoop/share/ozone/lib/token-provider-1.0.1.jar:/opt/hadoop/share/ozone/lib/log4j-1.2.17.jar:/opt/hadoop/share/ozone/lib/commons-daemon-1.0.13.jar:/opt/hadoop/share/ozone/lib/bcprov-jdk15on-1.60.jar:/opt/hadoop/share/ozone/lib/commons-lang3-3.7.jar:/opt/hadoop/share/ozone/lib/commons-compress-1.4.1.jar:/opt/hadoop/share/ozone/lib/jaeger-client-0.34.0.jar:/opt/hadoop/share/ozone/lib/jetty-server-9.3.25.v20180904.jar:/opt/hadoop/share/ozone/lib/accessors-smart-1.2.jar:/opt/hadoop/share/ozone/lib/re2j-1.1.jar:/opt/hadoop/share/ozone/lib/curator-recipes-2.12.0.jar:/opt/hadoop/share/ozone/lib/jackson-core-2.9.9.jar:/opt/hadoop/share/ozone/lib/commons-math3-3.1.1.jar:/opt/hadoop/share/ozone/lib/ratis-server-0.5.0-3f446aa-SNAPSHOT.jar:/opt/hadoop/share/ozone/lib/gmetric4j-1.0.7.jar:/opt/hadoop/share/ozone/lib/opentracing-noop-0.31.0.jar:/opt/hadoop/share/ozone/lib/httpclient-4.5.2.jar:/opt/hadoop/share/ozone/lib/jaeger-core-0.34.0.jar:/opt/hadoop/share/ozone/lib/asm-5.0.4.jar:/opt/hadoop/share/ozone/lib/ratis-proto-0.5.0-3f446aa-SNAPSHOT.jar:/opt/hadoop/share/ozone/lib/curator-client-2.12.0.jar:/opt/hadoop/share/ozone/lib/audience-annotations-0.5.0.jar:/opt/hadoop/share/ozone/lib/kerby-util-1.0.1.jar:/opt/hadoop/share/ozone/lib/jackson-mapper-asl-1.9.13.jar:/opt/hadoop/share/ozone/lib/rocksdbjni-6.0.1.jar:/opt/hadoop/share/ozone/lib/jsp-api-2.1.jar:/opt/hadoop/share/ozone/lib/jsch-0.1.54.jar:/opt/hadoop/share/ozone/lib/opentracing-tracerresolver-0.1.5.jar:/opt/hadoop/share/ozone/lib/ratis-client-0.5.0-3f446aa-SNAPSHOT.jar:/opt/hadoop/share/ozone/lib/paranamer-2.3.jar:/opt/hadoop/share/ozone/lib/log4j-core-2.11.0.jar:/opt/hadoop/share/ozone/lib/jetty-io-9.3.25.v20180904.jar:/opt/hadoop/share/ozone/lib/jetty-xml-9.3.25.v20180904.jar:/opt/hadoop/share/ozone/lib/commons-codec-1.11.jar:/opt/hadoop/share/ozone/lib/commons-pool2-2.6.0.jar:/opt/hadoop/share/ozone/lib/gson-2.2.4.jar:/opt/hadoop/share/ozone/lib/jcip-annotations-1.0-1.jar:/opt/hadoop/share/ozone/lib/kerb-admin-1.0.1.jar:/opt/hadoop/share/ozone/lib/okio-1.13.0.jar:/opt/hadoop/share/ozone/lib/commons-io-2.5.jar:/opt/hadoop/share/ozone/lib/snakeyaml-1.16.jar:/opt/hadoop/share/ozone/lib/hadoop-ozone-client-0.5.0-SNAPSHOT.jar:/opt/hadoop/share/ozone/lib/jersey-core-1.19.jar:/opt/hadoop/share/ozone/lib/ratis-grpc-0.5.0-3f446aa-SNAPSHOT.jar:/opt/hadoop/share/ozone/lib/ratis-common-0.5.0-3f446aa-SNAPSHOT.jar:/opt/hadoop/share/ozone/lib/jackson-databind-2.9.9.jar:/opt/hadoop/share/ozone/lib/hadoop-hdds-container-service-0.5.0-SNAPSHOT.jar:/opt/hadoop/share/ozone/lib/picocli-3.9.6.jar:/opt/hadoop/share/ozone/lib/jaeger-thrift-0.34.0.jar:/opt/hadoop/share/ozone/lib/jackson-annotations-2.9.9.jar:/opt/hadoop/share/ozone/lib/commons-cli-1.2.jar:/opt/hadoop/share/ozone/lib/hadoop-hdds-docs-0.5.0-SNAPSHOT.jar:/opt/hadoop/share/ozone/lib/woodstox-core-5.0.3.jar:/opt/hadoop/share/ozone/lib/javax.annotation-api-1.2.jar:/opt/hadoop/share/ozone/lib/snappy-java-1.0.5.jar:/opt/hadoop/share/ozone/lib/jaeger-tracerresolver-0.34.0.jar:/opt/hadoop/share/ozone/lib/jetty-security-9.3.25.v20180904.jar:/opt/hadoop/share/ozone/lib/jetty-http-9.3.25.v20180904.jar:/opt/hadoop/share/ozone/lib/kerby-asn1-1.0.1.jar:/opt/hadoop/share/ozone/lib/okhttp-3.9.0.jar:/opt/hadoop/share/ozone/lib/stax2-api-3.1.4.jar:/opt/hadoop/share/ozone/lib/commons-digester-1.8.1.jar:/opt/hadoop/share/ozone/lib/commons-collections-3.2.2.jar:/opt/hadoop/share/ozone/lib/jettison-1.1.jar:/opt/hadoop/share/ozone/lib/commons-text-1.4.jar:/opt/hadoop/share/ozone/lib/jersey-servlet-1.19.jar:/opt/hadoop/share/ozone/lib/jersey-json-1.19.jar:/opt/hadoop/share/ozone/lib/slf4j-api-1.7.25.jar:/opt/hadoop/share/ozone/lib/jetty-util-ajax-9.3.25.v20180904.jar:/opt/hadoop/share/ozone/lib/commons-logging-1.1.3.jar:/opt/hadoop/share/ozone/lib/hadoop-hdds-client-0.5.0-SNAPSHOT.jar:/opt/hadoop/share/ozone/lib/kerb-identity-1.0.1.jar:/opt/hadoop/share/ozone/lib/opentracing-util-0.31.0.jar:/opt/hadoop/share/ozone/lib/hadoop-common-3.2.0.jar:/opt/hadoop/share/ozone/lib/hadoop-auth-3.2.0.jar:/opt/hadoop/share/ozone/lib/kerb-common-1.0.1.jar:/opt/hadoop/share/ozone/lib/jetty-servlet-9.3.25.v20180904.jar:/opt/hadoop/share/ozone/lib/jersey-server-1.19.jar:/opt/hadoop/share/ozone/lib/kerb-crypto-1.0.1.jar:/opt/hadoop/share/ozone/lib/httpcore-4.4.4.jar:/opt/hadoop/share/ozone/lib/metrics-jvm-3.2.5.jar:/opt/hadoop/share/ozone/web:/opt/hadoop/share/ozone/lib/hadoop-ozone-ozone-manager-0.5.0-SNAPSHOT.jar
datanode_3  | 2019-10-19 00:53:07,872 INFO server.Server: jetty-9.3.25.v20180904, build timestamp: 2018-09-04T21:11:46Z, git hash: 3ce520221d0240229c862b122d2b06c12a625732
s3g_1       | 20191019T010004Z
kdc_1       | Authenticating as principal admin/admin with keytab /tmp/admin.keytab.
datanode_1  | 2019-10-19 00:53:07,733 INFO util.log: Logging initialized @7211ms
datanode_2  | 2019-10-19 00:53:07,808 INFO http.HttpServer2: Added filter authentication (class=org.apache.hadoop.security.authentication.server.AuthenticationFilter) to context static
scm_1       | 2019-10-19 00:53:04,538 INFO node.SCMNodeManager: Entering startup safe mode.
s3g_1       | 20191019/us-west-1/s3/aws4_request
kdc_1       | Entry for principal HTTP/om@EXAMPLE.COM with kvno 2, encryption type aes256-cts-hmac-sha1-96 added to keytab WRFILE:/data/HTTP.om.keytab.
om_1        | STARTUP_MSG:   build = https://github.com/apache/hadoop.git -r e97acb3bd8f3befd27418996fa5d4b50bf2e17bf; compiled by 'sunilg' on 2019-01-15T17:34Z
datanode_3  | 2019-10-19 00:53:07,901 INFO server.AuthenticationFilter: Unable to initialize FileSignerSecretProvider, falling back to use random secrets.
datanode_1  | 2019-10-19 00:53:07,828 INFO server.AuthenticationFilter: Unable to initialize FileSignerSecretProvider, falling back to use random secrets.
datanode_2  | 2019-10-19 00:53:07,808 INFO http.HttpServer2: Added filter authentication (class=org.apache.hadoop.security.authentication.server.AuthenticationFilter) to context logs
scm_1       | 2019-10-19 00:53:04,641 INFO algorithms.ContainerPlacementPolicyFactory: Create container placement policy of type org.apache.hadoop.hdds.scm.container.placement.algorithms.SCMContainerPlacementRandom
s3g_1       | e0429ccc7a03b7ecb1c1977380131fe0929e501277a7c8fe213ebafb27141ff8, signature=128aa9b3ba2ffef0c3e6f92034057cb1bb8a669a20d2f98218a173c9a5f7ced5, awsAccessKeyId=dlfknslnfslf, while invoking $Proxy83.submitRequest over nodeId=null,nodeAddress=om:9862 after 2 failover attempts. Trying to failover immediately.
kdc_1       | Entry for principal HTTP/om@EXAMPLE.COM with kvno 2, encryption type aes128-cts-hmac-sha1-96 added to keytab WRFILE:/data/HTTP.om.keytab.
om_1        | STARTUP_MSG:   java = 11.0.3
datanode_3  | 2019-10-19 00:53:07,902 INFO server.KerberosAuthenticationHandler: Using keytab /etc/security/keytabs/HTTP.keytab, for principal HTTP/7e04cf0c4f5e@EXAMPLE.COM
datanode_1  | 2019-10-19 00:53:07,830 INFO http.HttpRequestLog: Http request log for http.requests.hddsDatanode is not defined
datanode_2  | 2019-10-19 00:53:07,837 INFO http.HttpServer2: Jetty bound to port 9882
scm_1       | 2019-10-19 00:53:04,652 WARN server.ServerUtils: ozone.scm.db.dirs is not configured. We recommend adding this setting. Falling back to ozone.metadata.dirs instead.
s3g_1       | 2019-10-19 01:00:04,240 WARN ipc.Client: Exception encountered while connecting to the server : org.apache.hadoop.ipc.RemoteException(org.apache.hadoop.security.token.SecretManager$InvalidToken): No S3 secret found for S3 identifier:OzoneToken owner=dlfknslnfslf, renewer=, realUser=, issueDate=0, maxDate=0, sequenceNumber=0, masterKeyId=0, strToSign=AWS4-HMAC-SHA256
kdc_1       | Generiting keytab
datanode_3  | 2019-10-19 00:53:07,905 INFO handler.ContextHandler: Started o.e.j.s.ServletContextHandler@10a18e3e{/logs,file:///var/log/hadoop/,AVAILABLE}
datanode_1  | 2019-10-19 00:53:07,836 INFO http.HttpServer2: Added global filter 'safety' (class=org.apache.hadoop.http.HttpServer2$QuotingInputFilter)
datanode_2  | 2019-10-19 00:53:07,838 INFO server.Server: jetty-9.3.25.v20180904, build timestamp: 2018-09-04T21:11:46Z, git hash: 3ce520221d0240229c862b122d2b06c12a625732
scm_1       | 2019-10-19 00:53:04,804 INFO pipeline.SCMPipelineManager: No pipeline exists in current db
s3g_1       | 20191019T010004Z
kdc_1       | Authenticating as principal admin/admin with keytab /tmp/admin.keytab.
om_1        | ************************************************************/
datanode_3  | 2019-10-19 00:53:07,906 INFO handler.ContextHandler: Started o.e.j.s.ServletContextHandler@52f6900a{/static,jar:file:/opt/hadoop/share/ozone/lib/hadoop-hdds-container-service-0.5.0-SNAPSHOT.jar!/webapps/static,AVAILABLE}
datanode_1  | 2019-10-19 00:53:07,839 INFO http.HttpServer2: Added filter authentication (class=org.apache.hadoop.security.authentication.server.AuthenticationFilter) to context hddsDatanode
datanode_2  | 2019-10-19 00:53:07,869 INFO server.AuthenticationFilter: Unable to initialize FileSignerSecretProvider, falling back to use random secrets.
scm_1       | 2019-10-19 00:53:04,806 WARN server.ServerUtils: ozone.scm.db.dirs is not configured. We recommend adding this setting. Falling back to ozone.metadata.dirs instead.
s3g_1       | 20191019/us-west-1/s3/aws4_request
kdc_1       | WARNING: no policy specified for HTTP/s3g@EXAMPLE.COM; defaulting to no policy
om_1        | 2019-10-19 00:53:08,655 [main] INFO       - registered UNIX signal handlers for [TERM, HUP, INT]
datanode_3  | 2019-10-19 00:53:07,988 INFO server.KerberosAuthenticationHandler: Using keytab /etc/security/keytabs/HTTP.keytab, for principal HTTP/7e04cf0c4f5e@EXAMPLE.COM
datanode_2  | 2019-10-19 00:53:07,870 INFO server.KerberosAuthenticationHandler: Using keytab /etc/security/keytabs/HTTP.keytab, for principal HTTP/77bb068c7427@EXAMPLE.COM
scm_1       | 2019-10-19 00:53:05,006 WARN events.EventQueue: No event handler registered for event TypedEvent{payloadType=SafeModeStatus, name='SafeModeStatus'}
kdc_1       | Principal "HTTP/s3g@EXAMPLE.COM" created.
s3g_1       | e0429ccc7a03b7ecb1c1977380131fe0929e501277a7c8fe213ebafb27141ff8, signature=128aa9b3ba2ffef0c3e6f92034057cb1bb8a669a20d2f98218a173c9a5f7ced5, awsAccessKeyId=dlfknslnfslf
datanode_1  | 2019-10-19 00:53:07,839 INFO http.HttpServer2: Added filter authentication (class=org.apache.hadoop.security.authentication.server.AuthenticationFilter) to context static
om_1        | 2019-10-19 00:53:09,633 [main] INFO       - Configuration either no ozone.om.address set. Falling back to the default OM address om/172.18.0.3:9862
datanode_3  | 2019-10-19 00:53:07,993 INFO handler.ContextHandler: Started o.e.j.w.WebAppContext@3fdcde7a{/,file:///tmp/jetty-0.0.0.0-9882-hddsDatanode-_-any-11593175860046615937.dir/webapp/,AVAILABLE}{/hddsDatanode}
datanode_2  | 2019-10-19 00:53:07,873 INFO handler.ContextHandler: Started o.e.j.s.ServletContextHandler@10a18e3e{/logs,file:///var/log/hadoop/,AVAILABLE}
scm_1       | 2019-10-19 00:53:05,430 INFO ipc.CallQueueManager: Using callQueue: class java.util.concurrent.LinkedBlockingQueue, queueCapacity: 1000, scheduler: class org.apache.hadoop.ipc.DefaultRpcScheduler, ipcBackoff: false.
kdc_1       | Authenticating as principal admin/admin with keytab /tmp/admin.keytab.
datanode_1  | 2019-10-19 00:53:07,839 INFO http.HttpServer2: Added filter authentication (class=org.apache.hadoop.security.authentication.server.AuthenticationFilter) to context logs
om_1        | 2019-10-19 00:53:09,634 [main] INFO       - OM Service ID is not set. Setting it to the default ID: omServiceIdDefault
datanode_3  | 2019-10-19 00:53:07,997 INFO server.AbstractConnector: Started ServerConnector@4665428b{HTTP/1.1,[http/1.1]}{0.0.0.0:9882}
datanode_2  | 2019-10-19 00:53:07,874 INFO handler.ContextHandler: Started o.e.j.s.ServletContextHandler@52f6900a{/static,jar:file:/opt/hadoop/share/ozone/lib/hadoop-hdds-container-service-0.5.0-SNAPSHOT.jar!/webapps/static,AVAILABLE}
scm_1       | 2019-10-19 00:53:05,433 INFO ipc.Server: Starting Socket Reader #1 for port 9861
kdc_1       | Entry for principal HTTP/s3g@EXAMPLE.COM with kvno 2, encryption type aes256-cts-hmac-sha1-96 added to keytab WRFILE:/data/HTTP.s3g.keytab.
s3g_1       | 2019-10-19 01:00:04,240 INFO retry.RetryInvocationHandler: com.google.protobuf.ServiceException: org.apache.hadoop.ipc.RemoteException(org.apache.hadoop.security.token.SecretManager$InvalidToken): No S3 secret found for S3 identifier:OzoneToken owner=dlfknslnfslf, renewer=, realUser=, issueDate=0, maxDate=0, sequenceNumber=0, masterKeyId=0, strToSign=AWS4-HMAC-SHA256
datanode_1  | 2019-10-19 00:53:07,861 INFO http.HttpServer2: Jetty bound to port 9882
om_1        | 2019-10-19 00:53:09,639 WARN server.ServerUtils: ozone.om.db.dirs is not configured. We recommend adding this setting. Falling back to ozone.metadata.dirs instead.
datanode_3  | 2019-10-19 00:53:07,997 INFO server.Server: Started @7345ms
datanode_2  | 2019-10-19 00:53:07,934 INFO server.KerberosAuthenticationHandler: Using keytab /etc/security/keytabs/HTTP.keytab, for principal HTTP/77bb068c7427@EXAMPLE.COM
scm_1       | 2019-10-19 00:53:05,484 INFO ipc.CallQueueManager: Using callQueue: class java.util.concurrent.LinkedBlockingQueue, queueCapacity: 1000, scheduler: class org.apache.hadoop.ipc.DefaultRpcScheduler, ipcBackoff: false.
kdc_1       | Entry for principal HTTP/s3g@EXAMPLE.COM with kvno 2, encryption type aes128-cts-hmac-sha1-96 added to keytab WRFILE:/data/HTTP.s3g.keytab.
s3g_1       | 20191019T010004Z
datanode_1  | 2019-10-19 00:53:07,862 INFO server.Server: jetty-9.3.25.v20180904, build timestamp: 2018-09-04T21:11:46Z, git hash: 3ce520221d0240229c862b122d2b06c12a625732
datanode_3  | 2019-10-19 00:53:08,000 INFO impl.MetricsSinkAdapter: Sink prometheus started
om_1        | WARNING: An illegal reflective access operation has occurred
datanode_2  | 2019-10-19 00:53:07,939 INFO handler.ContextHandler: Started o.e.j.w.WebAppContext@3fdcde7a{/,file:///tmp/jetty-0.0.0.0-9882-hddsDatanode-_-any-12160124191393872620.dir/webapp/,AVAILABLE}{/hddsDatanode}
kdc_1       | Generiting keytab
s3g_1       | 20191019/us-west-1/s3/aws4_request
scm_1       | 2019-10-19 00:53:05,485 INFO ipc.Server: Starting Socket Reader #1 for port 9863
datanode_1  | 2019-10-19 00:53:07,893 INFO server.AuthenticationFilter: Unable to initialize FileSignerSecretProvider, falling back to use random secrets.
datanode_3  | 2019-10-19 00:53:08,000 INFO impl.MetricsSystemImpl: Registered sink prometheus
om_1        | WARNING: Illegal reflective access by org.apache.hadoop.security.authentication.util.KerberosUtil (file:/opt/hadoop/share/ozone/lib/hadoop-auth-3.2.0.jar) to method sun.security.krb5.Config.getInstance()
datanode_2  | 2019-10-19 00:53:07,944 INFO server.AbstractConnector: Started ServerConnector@4665428b{HTTP/1.1,[http/1.1]}{0.0.0.0:9882}
kdc_1       | Authenticating as principal admin/admin with keytab /tmp/admin.keytab.
s3g_1       | e0429ccc7a03b7ecb1c1977380131fe0929e501277a7c8fe213ebafb27141ff8, signature=128aa9b3ba2ffef0c3e6f92034057cb1bb8a669a20d2f98218a173c9a5f7ced5, awsAccessKeyId=dlfknslnfslf, while invoking $Proxy83.submitRequest over nodeId=null,nodeAddress=om:9862 after 3 failover attempts. Trying to failover immediately.
scm_1       | 2019-10-19 00:53:05,512 INFO ipc.CallQueueManager: Using callQueue: class java.util.concurrent.LinkedBlockingQueue, queueCapacity: 1000, scheduler: class org.apache.hadoop.ipc.DefaultRpcScheduler, ipcBackoff: false.
datanode_1  | 2019-10-19 00:53:07,894 INFO server.KerberosAuthenticationHandler: Using keytab /etc/security/keytabs/HTTP.keytab, for principal HTTP/361c941b9f70@EXAMPLE.COM
datanode_3  | 2019-10-19 00:53:08,002 INFO server.BaseHttpServer: HTTP server of HDDSDATANODE is listening at http://0.0.0.0:9882
om_1        | WARNING: Please consider reporting this to the maintainers of org.apache.hadoop.security.authentication.util.KerberosUtil
kdc_1       | WARNING: no policy specified for testuser/om@EXAMPLE.COM; defaulting to no policy
datanode_2  | 2019-10-19 00:53:07,944 INFO server.Server: Started @6788ms
s3g_1       | 2019-10-19 01:00:04,245 WARN ipc.Client: Exception encountered while connecting to the server : org.apache.hadoop.ipc.RemoteException(org.apache.hadoop.security.token.SecretManager$InvalidToken): No S3 secret found for S3 identifier:OzoneToken owner=dlfknslnfslf, renewer=, realUser=, issueDate=0, maxDate=0, sequenceNumber=0, masterKeyId=0, strToSign=AWS4-HMAC-SHA256
scm_1       | 2019-10-19 00:53:05,513 INFO ipc.Server: Starting Socket Reader #1 for port 9860
datanode_1  | 2019-10-19 00:53:07,897 INFO handler.ContextHandler: Started o.e.j.s.ServletContextHandler@6f9ab79d{/logs,file:///var/log/hadoop/,AVAILABLE}
datanode_3  | 2019-10-19 00:53:08,018 INFO util.JvmPauseMonitor: Starting JVM pause monitor
om_1        | WARNING: Use --illegal-access=warn to enable warnings of further illegal reflective access operations
kdc_1       | Principal "testuser/om@EXAMPLE.COM" created.
datanode_2  | 2019-10-19 00:53:07,946 INFO impl.MetricsSinkAdapter: Sink prometheus started
s3g_1       | 20191019T010004Z
scm_1       | 2019-10-19 00:53:05,560 INFO hdfs.DFSUtil: Starting web server as: HTTP/scm@EXAMPLE.COM
datanode_1  | 2019-10-19 00:53:07,898 INFO handler.ContextHandler: Started o.e.j.s.ServletContextHandler@ea00de{/static,jar:file:/opt/hadoop/share/ozone/lib/hadoop-hdds-container-service-0.5.0-SNAPSHOT.jar!/webapps/static,AVAILABLE}
datanode_3  | 2019-10-19 00:53:10,194 [Datanode State Machine Thread - 0] INFO       - Attempting to start container services.
om_1        | WARNING: All illegal access operations will be denied in a future release
kdc_1       | Authenticating as principal admin/admin with keytab /tmp/admin.keytab.
datanode_2  | 2019-10-19 00:53:07,946 INFO impl.MetricsSystemImpl: Registered sink prometheus
s3g_1       | 20191019/us-west-1/s3/aws4_request
scm_1       | 2019-10-19 00:53:05,561 INFO hdfs.DFSUtil: Starting Web-server for scm at: http://0.0.0.0:9876
datanode_1  | 2019-10-19 00:53:07,978 INFO server.KerberosAuthenticationHandler: Using keytab /etc/security/keytabs/HTTP.keytab, for principal HTTP/361c941b9f70@EXAMPLE.COM
datanode_3  | 2019-10-19 00:53:10,198 [Datanode State Machine Thread - 0] INFO       - Background container scanner has been disabled.
om_1        | 2019-10-19 00:53:09,877 INFO security.UserGroupInformation: Login successful for user om/om@EXAMPLE.COM using keytab file /etc/security/keytabs/om.keytab
kdc_1       | Entry for principal testuser/om@EXAMPLE.COM with kvno 2, encryption type aes256-cts-hmac-sha1-96 added to keytab WRFILE:/data/testuser.om.keytab.
datanode_2  | 2019-10-19 00:53:07,948 INFO server.BaseHttpServer: HTTP server of HDDSDATANODE is listening at http://0.0.0.0:9882
s3g_1       | e0429ccc7a03b7ecb1c1977380131fe0929e501277a7c8fe213ebafb27141ff8, signature=128aa9b3ba2ffef0c3e6f92034057cb1bb8a669a20d2f98218a173c9a5f7ced5, awsAccessKeyId=dlfknslnfslf
scm_1       | 2019-10-19 00:53:05,688 INFO server.AuthenticationFilter: Unable to initialize FileSignerSecretProvider, falling back to use random secrets.
datanode_1  | 2019-10-19 00:53:07,984 INFO handler.ContextHandler: Started o.e.j.w.WebAppContext@592ca48c{/,file:///tmp/jetty-0.0.0.0-9882-hddsDatanode-_-any-8935597902374525758.dir/webapp/,AVAILABLE}{/hddsDatanode}
om_1        | 2019-10-19 00:53:09,877 [main] INFO       - Ozone Manager login successful.
kdc_1       | Entry for principal testuser/om@EXAMPLE.COM with kvno 2, encryption type aes128-cts-hmac-sha1-96 added to keytab WRFILE:/data/testuser.om.keytab.
datanode_2  | 2019-10-19 00:53:07,962 INFO util.JvmPauseMonitor: Starting JVM pause monitor
s3g_1       | 2019-10-19 01:00:04,246 INFO retry.RetryInvocationHandler: com.google.protobuf.ServiceException: org.apache.hadoop.ipc.RemoteException(org.apache.hadoop.security.token.SecretManager$InvalidToken): No S3 secret found for S3 identifier:OzoneToken owner=dlfknslnfslf, renewer=, realUser=, issueDate=0, maxDate=0, sequenceNumber=0, masterKeyId=0, strToSign=AWS4-HMAC-SHA256
scm_1       | 2019-10-19 00:53:05,700 INFO http.HttpRequestLog: Http request log for http.requests.scm is not defined
datanode_3  | 2019-10-19 00:53:10,199 [Datanode State Machine Thread - 0] INFO       - Starting XceiverServerRatis 176f13b5-a6ac-4670-afa4-bbe995fd1d1f at port 9858
datanode_1  | 2019-10-19 00:53:07,990 INFO server.AbstractConnector: Started ServerConnector@644a3add{HTTP/1.1,[http/1.1]}{0.0.0.0:9882}
