Attaching to ozonesecure_kms_1, ozonesecure_datanode_2, ozonesecure_datanode_3, ozonesecure_datanode_1, ozonesecure_recon_1, ozonesecure_scm_1, ozonesecure_om_1, ozonesecure_s3g_1, ozonesecure_kdc_1
kms_1       | Sleeping for 5 seconds
kms_1       | Setting up kerberos!!
kms_1       | KDC ISSUER_SERVER => kdc:8081
kms_1       | /opt/starter.sh: line 66: SLEEP_SECONDS: command not found
kms_1       | Sleeping for  seconds
kms_1       | Got 200, KDC service ready!!
kms_1       | Download dn/743aec4facdb@EXAMPLE.COM keytab file to /etc/security/keytabs/dn.keytab
kms_1       | --2019-10-19 00:52:54--  http://kdc:8081/keytab/743aec4facdb/dn
kms_1       | Resolving kdc (kdc)... 172.18.0.2
kms_1       | Connecting to kdc (kdc)|172.18.0.2|:8081... connected.
kms_1       | HTTP request sent, awaiting response... 200 OK
kms_1       | Length: 158 [application/octet-stream]
kms_1       | Saving to: '/etc/security/keytabs/dn.keytab'
kms_1       | 
kms_1       |      0K                                                       100% 20.9M=0s
kms_1       | 
kms_1       | 2019-10-19 00:52:55 (20.9 MB/s) - '/etc/security/keytabs/dn.keytab' saved [158/158]
kms_1       | 
kms_1       | Keytab name: FILE:/etc/security/keytabs/dn.keytab
kms_1       | KVNO Timestamp         Principal
kms_1       | ---- ----------------- --------------------------------------------------------
kms_1       |    2 10/19/19 00:52:55 dn/743aec4facdb@EXAMPLE.COM
kms_1       |    2 10/19/19 00:52:55 dn/743aec4facdb@EXAMPLE.COM
kms_1       | Download om/743aec4facdb@EXAMPLE.COM keytab file to /etc/security/keytabs/om.keytab
kms_1       | --2019-10-19 00:52:55--  http://kdc:8081/keytab/743aec4facdb/om
datanode_3  | Sleeping for 5 seconds
kms_1       | Resolving kdc (kdc)... 172.18.0.2
datanode_3  | Setting up kerberos!!
kms_1       | Connecting to kdc (kdc)|172.18.0.2|:8081... connected.
datanode_3  | KDC ISSUER_SERVER => kdc:8081
kms_1       | HTTP request sent, awaiting response... 200 OK
datanode_2  | Sleeping for 5 seconds
datanode_3  | Sleeping for 5 seconds
kms_1       | Length: 158 [application/octet-stream]
om_1        | Sleeping for 5 seconds
scm_1       | Sleeping for 5 seconds
recon_1     | Sleeping for 5 seconds
datanode_2  | Setting up kerberos!!
datanode_3  | Got 200, KDC service ready!!
kms_1       | Saving to: '/etc/security/keytabs/om.keytab'
om_1        | Setting up kerberos!!
datanode_1  | Sleeping for 5 seconds
datanode_1  | Setting up kerberos!!
recon_1     | Waiting for the service om:9874
s3g_1       | Sleeping for 5 seconds
datanode_2  | KDC ISSUER_SERVER => kdc:8081
kdc_1       | Issuer is listening on : 8081krb5kdc: starting...
datanode_3  | Download dn/7e04cf0c4f5e@EXAMPLE.COM keytab file to /etc/security/keytabs/dn.keytab
kms_1       | 
om_1        | KDC ISSUER_SERVER => kdc:8081
datanode_1  | KDC ISSUER_SERVER => kdc:8081
scm_1       | Setting up kerberos!!
recon_1     | Setting up kerberos!!
s3g_1       | Setting up kerberos!!
datanode_2  | Sleeping for 5 seconds
kdc_1       | kadmind: starting...
datanode_3  | --2019-10-19 00:52:54--  http://kdc:8081/keytab/7e04cf0c4f5e/dn
kms_1       |      0K                                                       100% 16.9M=0s
om_1        | Sleeping for 5 seconds
datanode_1  | Sleeping for 5 seconds
scm_1       | KDC ISSUER_SERVER => kdc:8081
recon_1     | KDC ISSUER_SERVER => kdc:8081
s3g_1       | KDC ISSUER_SERVER => kdc:8081
datanode_2  | Got 200, KDC service ready!!
kdc_1       | Oct 19 00:52:31 97209fc71553 kadmin.local[1](info): No dictionary file specified, continuing without one.
datanode_3  | Resolving kdc (kdc)... 172.18.0.2
kms_1       | 
om_1        | Got 200, KDC service ready!!
datanode_1  | Got 200, KDC service ready!!
scm_1       | Sleeping for 5 seconds
recon_1     | Sleeping for 5 seconds
s3g_1       | Sleeping for 5 seconds
datanode_2  | Download dn/77bb068c7427@EXAMPLE.COM keytab file to /etc/security/keytabs/dn.keytab
kdc_1       | Oct 19 00:52:32 f9f9bf9c6d19 kadmin.local[1](info): No dictionary file specified, continuing without one.
datanode_3  | Connecting to kdc (kdc)|172.18.0.2|:8081... connected.
kms_1       | 2019-10-19 00:52:56 (16.9 MB/s) - '/etc/security/keytabs/om.keytab' saved [158/158]
om_1        | Download dn/om@EXAMPLE.COM keytab file to /etc/security/keytabs/dn.keytab
om_1        | --2019-10-19 00:52:52--  http://kdc:8081/keytab/om/dn
scm_1       | Got 200, KDC service ready!!
recon_1     | Got 200, KDC service ready!!
s3g_1       | Got 200, KDC service ready!!
datanode_2  | --2019-10-19 00:52:55--  http://kdc:8081/keytab/77bb068c7427/dn
kdc_1       | Oct 19 00:52:45 kdc kadmind[15](info): No dictionary file specified, continuing without one.
kms_1       | 
datanode_3  | HTTP request sent, awaiting response... 200 OK
om_1        | Resolving kdc (kdc)... 172.18.0.2
om_1        | Connecting to kdc (kdc)|172.18.0.2|:8081... connected.
scm_1       | Download dn/scm@EXAMPLE.COM keytab file to /etc/security/keytabs/dn.keytab
recon_1     | Download dn/recon@EXAMPLE.COM keytab file to /etc/security/keytabs/dn.keytab
s3g_1       | Download dn/s3g@EXAMPLE.COM keytab file to /etc/security/keytabs/dn.keytab
datanode_2  | Resolving kdc (kdc)... 172.18.0.2
kdc_1       | Oct 19 00:52:45 kdc kadmind[15](info): setting up network...
kms_1       | Keytab name: FILE:/etc/security/keytabs/om.keytab
datanode_3  | Length: 158 [application/octet-stream]
om_1        | HTTP request sent, awaiting response... 200 OK
datanode_1  | Download dn/361c941b9f70@EXAMPLE.COM keytab file to /etc/security/keytabs/dn.keytab
scm_1       | --2019-10-19 00:52:54--  http://kdc:8081/keytab/scm/dn
s3g_1       | --2019-10-19 00:52:52--  http://kdc:8081/keytab/s3g/dn
recon_1     | --2019-10-19 00:53:18--  http://kdc:8081/keytab/recon/dn
datanode_2  | Connecting to kdc (kdc)|172.18.0.2|:8081... connected.
kdc_1       | kadmind: setsockopt(9,IPV6_V6ONLY,1) worked
kms_1       | KVNO Timestamp         Principal
datanode_3  | Saving to: '/etc/security/keytabs/dn.keytab'
om_1        | Length: 138 [application/octet-stream]
datanode_1  | --2019-10-19 00:52:54--  http://kdc:8081/keytab/361c941b9f70/dn
scm_1       | Resolving kdc (kdc)... 172.18.0.2
recon_1     | Resolving kdc (kdc)... 172.18.0.2
s3g_1       | Resolving kdc (kdc)... 172.18.0.2
datanode_2  | HTTP request sent, awaiting response... 200 OK
kdc_1       | kadmind: setsockopt(11,IPV6_V6ONLY,1) worked
kms_1       | ---- ----------------- --------------------------------------------------------
datanode_3  | 
om_1        | Saving to: '/etc/security/keytabs/dn.keytab'
datanode_1  | Resolving kdc (kdc)... 172.18.0.2
scm_1       | Connecting to kdc (kdc)|172.18.0.2|:8081... connected.
recon_1     | Connecting to kdc (kdc)|172.18.0.2|:8081... connected.
s3g_1       | Connecting to kdc (kdc)|172.18.0.2|:8081... connected.
kdc_1       | kadmind: setsockopt(13,IPV6_V6ONLY,1) worked
datanode_2  | Length: 158 [application/octet-stream]
datanode_3  |      0K                                                       100% 10.9M=0s
om_1        | 
datanode_1  | Connecting to kdc (kdc)|172.18.0.2|:8081... connected.
recon_1     | HTTP request sent, awaiting response... 200 OK
scm_1       | HTTP request sent, awaiting response... 200 OK
kms_1       |    2 10/19/19 00:52:56 om/743aec4facdb@EXAMPLE.COM
s3g_1       | HTTP request sent, awaiting response... 200 OK
kdc_1       | Oct 19 00:52:45 kdc kadmind[15](info): set up 6 sockets
datanode_2  | Saving to: '/etc/security/keytabs/dn.keytab'
datanode_3  | 
om_1        |      0K                                                       100% 9.81M=0s
datanode_1  | HTTP request sent, awaiting response... 200 OK
recon_1     | Length: 144 [application/octet-stream]
scm_1       | Length: 140 [application/octet-stream]
kms_1       |    2 10/19/19 00:52:56 om/743aec4facdb@EXAMPLE.COM
s3g_1       | Length: 140 [application/octet-stream]
kdc_1       | Oct 19 00:52:45 kdc kadmind[15](info): Seeding random number generator
datanode_2  | 
datanode_3  | 2019-10-19 00:52:55 (10.9 MB/s) - '/etc/security/keytabs/dn.keytab' saved [158/158]
om_1        | 
datanode_1  | Length: 158 [application/octet-stream]
recon_1     | Saving to: '/etc/security/keytabs/dn.keytab'
scm_1       | Saving to: '/etc/security/keytabs/dn.keytab'
kms_1       | Download scm/743aec4facdb@EXAMPLE.COM keytab file to /etc/security/keytabs/scm.keytab
kms_1       | --2019-10-19 00:52:56--  http://kdc:8081/keytab/743aec4facdb/scm
kdc_1       | Oct 19 00:52:45 kdc kadmind[15](info): starting
datanode_2  |      0K                                                       100% 14.0M=0s
datanode_3  | 
om_1        | 2019-10-19 00:52:52 (9.81 MB/s) - '/etc/security/keytabs/dn.keytab' saved [138/138]
om_1        | 
om_1        | Keytab name: FILE:/etc/security/keytabs/dn.keytab
recon_1     | 
datanode_1  | Saving to: '/etc/security/keytabs/dn.keytab'
s3g_1       | Saving to: '/etc/security/keytabs/dn.keytab'
kms_1       | Resolving kdc (kdc)... 172.18.0.2
kdc_1       | otp: Loaded
datanode_2  | 
scm_1       | 
om_1        | KVNO Timestamp         Principal
recon_1     |      0K                                                       100% 14.5M=0s
datanode_1  | 
s3g_1       | 
kms_1       | Connecting to kdc (kdc)|172.18.0.2|:8081... connected.
kdc_1       | Oct 19 00:52:41 kdc krb5kdc[9](info): setting up network...
datanode_3  | Keytab name: FILE:/etc/security/keytabs/dn.keytab
datanode_2  | 2019-10-19 00:52:56 (14.0 MB/s) - '/etc/security/keytabs/dn.keytab' saved [158/158]
scm_1       |      0K                                                       100% 7.74M=0s
om_1        | ---- ----------------- --------------------------------------------------------
recon_1     | 
datanode_1  |      0K                                                       100% 14.4M=0s
kms_1       | HTTP request sent, awaiting response... 200 OK
s3g_1       |      0K                                                       100% 15.0M=0s
kdc_1       | krb5kdc: setsockopt(9,IPV6_V6ONLY,1) worked
datanode_3  | KVNO Timestamp         Principal
datanode_2  | 
scm_1       | 
om_1        |    2 10/19/19 00:52:52 dn/om@EXAMPLE.COM
recon_1     | 2019-10-19 00:53:18 (14.5 MB/s) - '/etc/security/keytabs/dn.keytab' saved [144/144]
datanode_1  | 
kms_1       | Length: 160 [application/octet-stream]
s3g_1       | 
kdc_1       | krb5kdc: setsockopt(11,IPV6_V6ONLY,1) worked
datanode_3  | ---- ----------------- --------------------------------------------------------
datanode_2  | Keytab name: FILE:/etc/security/keytabs/dn.keytab
scm_1       | 2019-10-19 00:52:54 (7.74 MB/s) - '/etc/security/keytabs/dn.keytab' saved [140/140]
recon_1     | 
datanode_1  | 2019-10-19 00:52:55 (14.4 MB/s) - '/etc/security/keytabs/dn.keytab' saved [158/158]
kms_1       | Saving to: '/etc/security/keytabs/scm.keytab'
s3g_1       | 2019-10-19 00:52:53 (15.0 MB/s) - '/etc/security/keytabs/dn.keytab' saved [140/140]
datanode_3  |    2 10/19/19 00:52:55 dn/7e04cf0c4f5e@EXAMPLE.COM
kdc_1       | Oct 19 00:52:41 kdc krb5kdc[9](info): set up 4 sockets
om_1        |    2 10/19/19 00:52:52 dn/om@EXAMPLE.COM
datanode_2  | KVNO Timestamp         Principal
scm_1       | 
recon_1     | Keytab name: FILE:/etc/security/keytabs/dn.keytab
kms_1       | 
datanode_1  | 
s3g_1       | 
datanode_3  |    2 10/19/19 00:52:55 dn/7e04cf0c4f5e@EXAMPLE.COM
kdc_1       | Oct 19 00:52:41 kdc krb5kdc[9](info): commencing operation
om_1        | Download om/om@EXAMPLE.COM keytab file to /etc/security/keytabs/om.keytab
datanode_2  | ---- ----------------- --------------------------------------------------------
scm_1       | Keytab name: FILE:/etc/security/keytabs/dn.keytab
recon_1     | KVNO Timestamp         Principal
kms_1       |      0K                                                       100% 10.3M=0s
datanode_1  | Keytab name: FILE:/etc/security/keytabs/dn.keytab
s3g_1       | Keytab name: FILE:/etc/security/keytabs/dn.keytab
datanode_3  | Download om/7e04cf0c4f5e@EXAMPLE.COM keytab file to /etc/security/keytabs/om.keytab
kdc_1       | Generiting keytab
om_1        | --2019-10-19 00:52:52--  http://kdc:8081/keytab/om/om
datanode_2  |    2 10/19/19 00:52:56 dn/77bb068c7427@EXAMPLE.COM
scm_1       | KVNO Timestamp         Principal
recon_1     | ---- ----------------- --------------------------------------------------------
kms_1       | 
datanode_1  | KVNO Timestamp         Principal
s3g_1       | KVNO Timestamp         Principal
datanode_3  | --2019-10-19 00:52:55--  http://kdc:8081/keytab/7e04cf0c4f5e/om
om_1        | Resolving kdc (kdc)... 172.18.0.2
datanode_2  |    2 10/19/19 00:52:56 dn/77bb068c7427@EXAMPLE.COM
kdc_1       | Authenticating as principal admin/admin with keytab /tmp/admin.keytab.
recon_1     |    2 10/19/19 00:53:18 dn/recon@EXAMPLE.COM
datanode_1  | ---- ----------------- --------------------------------------------------------
kms_1       | 2019-10-19 00:52:57 (10.3 MB/s) - '/etc/security/keytabs/scm.keytab' saved [160/160]
scm_1       | ---- ----------------- --------------------------------------------------------
s3g_1       | ---- ----------------- --------------------------------------------------------
datanode_3  | Resolving kdc (kdc)... 172.18.0.2
om_1        | Connecting to kdc (kdc)|172.18.0.2|:8081... connected.
datanode_2  | Download om/77bb068c7427@EXAMPLE.COM keytab file to /etc/security/keytabs/om.keytab
recon_1     |    2 10/19/19 00:53:18 dn/recon@EXAMPLE.COM
kdc_1       | WARNING: no policy specified for test/test@EXAMPLE.COM; defaulting to no policy
datanode_1  |    2 10/19/19 00:52:55 dn/361c941b9f70@EXAMPLE.COM
kms_1       | 
scm_1       |    2 10/19/19 00:52:54 dn/scm@EXAMPLE.COM
s3g_1       |    2 10/19/19 00:52:52 dn/s3g@EXAMPLE.COM
datanode_3  | Connecting to kdc (kdc)|172.18.0.2|:8081... connected.
om_1        | HTTP request sent, awaiting response... 200 OK
datanode_2  | --2019-10-19 00:52:56--  http://kdc:8081/keytab/77bb068c7427/om
recon_1     | Download om/recon@EXAMPLE.COM keytab file to /etc/security/keytabs/om.keytab
datanode_1  |    2 10/19/19 00:52:55 dn/361c941b9f70@EXAMPLE.COM
kdc_1       | Principal "test/test@EXAMPLE.COM" created.
kms_1       | Keytab name: FILE:/etc/security/keytabs/scm.keytab
scm_1       |    2 10/19/19 00:52:54 dn/scm@EXAMPLE.COM
s3g_1       |    2 10/19/19 00:52:52 dn/s3g@EXAMPLE.COM
datanode_3  | HTTP request sent, awaiting response... 200 OK
om_1        | Length: 138 [application/octet-stream]
datanode_2  | Resolving kdc (kdc)... 172.18.0.2
recon_1     | --2019-10-19 00:53:18--  http://kdc:8081/keytab/recon/om
datanode_1  | Download om/361c941b9f70@EXAMPLE.COM keytab file to /etc/security/keytabs/om.keytab
kdc_1       | Authenticating as principal admin/admin with keytab /tmp/admin.keytab.
kms_1       | KVNO Timestamp         Principal
scm_1       | Download om/scm@EXAMPLE.COM keytab file to /etc/security/keytabs/om.keytab
s3g_1       | Download om/s3g@EXAMPLE.COM keytab file to /etc/security/keytabs/om.keytab
datanode_3  | Length: 158 [application/octet-stream]
om_1        | Saving to: '/etc/security/keytabs/om.keytab'
datanode_2  | Connecting to kdc (kdc)|172.18.0.2|:8081... connected.
recon_1     | Resolving kdc (kdc)... 172.18.0.2
datanode_1  | --2019-10-19 00:52:55--  http://kdc:8081/keytab/361c941b9f70/om
kdc_1       | Entry for principal test/test@EXAMPLE.COM with kvno 2, encryption type aes256-cts-hmac-sha1-96 added to keytab WRFILE:/data/test.test.keytab.
kms_1       | ---- ----------------- --------------------------------------------------------
scm_1       | --2019-10-19 00:52:54--  http://kdc:8081/keytab/scm/om
s3g_1       | --2019-10-19 00:52:53--  http://kdc:8081/keytab/s3g/om
datanode_3  | Saving to: '/etc/security/keytabs/om.keytab'
om_1        | 
datanode_2  | HTTP request sent, awaiting response... 200 OK
recon_1     | Connecting to kdc (kdc)|172.18.0.2|:8081... connected.
datanode_1  | Resolving kdc (kdc)... 172.18.0.2
kdc_1       | Entry for principal test/test@EXAMPLE.COM with kvno 2, encryption type aes128-cts-hmac-sha1-96 added to keytab WRFILE:/data/test.test.keytab.
kms_1       |    2 10/19/19 00:52:57 scm/743aec4facdb@EXAMPLE.COM
scm_1       | Resolving kdc (kdc)... 172.18.0.2
s3g_1       | Resolving kdc (kdc)... 172.18.0.2
datanode_3  | 
om_1        |      0K                                                       100% 18.5M=0s
datanode_2  | Length: 158 [application/octet-stream]
recon_1     | HTTP request sent, awaiting response... 200 OK
datanode_1  | Connecting to kdc (kdc)|172.18.0.2|:8081... connected.
kdc_1       | Generiting keytab
kms_1       |    2 10/19/19 00:52:57 scm/743aec4facdb@EXAMPLE.COM
scm_1       | Connecting to kdc (kdc)|172.18.0.2|:8081... connected.
s3g_1       | Connecting to kdc (kdc)|172.18.0.2|:8081... connected.
datanode_3  |      0K                                                       100% 13.7M=0s
om_1        | 
datanode_2  | Saving to: '/etc/security/keytabs/om.keytab'
recon_1     | Length: 144 [application/octet-stream]
datanode_1  | HTTP request sent, awaiting response... 200 OK
kdc_1       | Authenticating as principal admin/admin with keytab /tmp/admin.keytab.
kms_1       | Download HTTP/743aec4facdb@EXAMPLE.COM keytab file to /etc/security/keytabs/HTTP.keytab
scm_1       | HTTP request sent, awaiting response... 200 OK
s3g_1       | HTTP request sent, awaiting response... 200 OK
datanode_3  | 
om_1        | 2019-10-19 00:52:53 (18.5 MB/s) - '/etc/security/keytabs/om.keytab' saved [138/138]
datanode_2  | 
recon_1     | Saving to: '/etc/security/keytabs/om.keytab'
datanode_1  | Length: 158 [application/octet-stream]
kdc_1       | WARNING: no policy specified for test/test@EXAMPLE.COM; defaulting to no policy
kms_1       | --2019-10-19 00:52:57--  http://kdc:8081/keytab/743aec4facdb/HTTP
scm_1       | Length: 140 [application/octet-stream]
s3g_1       | Length: 140 [application/octet-stream]
datanode_3  | 2019-10-19 00:52:56 (13.7 MB/s) - '/etc/security/keytabs/om.keytab' saved [158/158]
om_1        | 
datanode_2  |      0K                                                       100% 15.5M=0s
recon_1     | 
datanode_1  | Saving to: '/etc/security/keytabs/om.keytab'
kdc_1       | add_principal: Principal or policy already exists while creating "test/test@EXAMPLE.COM".
kms_1       | Resolving kdc (kdc)... 172.18.0.2
scm_1       | Saving to: '/etc/security/keytabs/om.keytab'
s3g_1       | Saving to: '/etc/security/keytabs/om.keytab'
datanode_3  | 
om_1        | Keytab name: FILE:/etc/security/keytabs/om.keytab
datanode_2  | 
recon_1     |      0K                                                       100% 10.6M=0s
datanode_1  | 
kms_1       | Connecting to kdc (kdc)|172.18.0.2|:8081... connected.
kdc_1       | Authenticating as principal admin/admin with keytab /tmp/admin.keytab.
scm_1       | 
s3g_1       | 
datanode_3  | Keytab name: FILE:/etc/security/keytabs/om.keytab
om_1        | KVNO Timestamp         Principal
datanode_2  | 2019-10-19 00:52:57 (15.5 MB/s) - '/etc/security/keytabs/om.keytab' saved [158/158]
recon_1     | 
datanode_1  |      0K                                                       100% 19.1M=0s
kms_1       | HTTP request sent, awaiting response... 200 OK
kdc_1       | Entry for principal test/test@EXAMPLE.COM with kvno 3, encryption type aes256-cts-hmac-sha1-96 added to keytab WRFILE:/data/test.test.keytab.
scm_1       |      0K                                                       100% 16.4M=0s
s3g_1       |      0K                                                       100% 13.5M=0s
datanode_3  | KVNO Timestamp         Principal
om_1        | ---- ----------------- --------------------------------------------------------
datanode_2  | 
recon_1     | 2019-10-19 00:53:18 (10.6 MB/s) - '/etc/security/keytabs/om.keytab' saved [144/144]
datanode_1  | 
kms_1       | Length: 162 [application/octet-stream]
kdc_1       | Entry for principal test/test@EXAMPLE.COM with kvno 3, encryption type aes128-cts-hmac-sha1-96 added to keytab WRFILE:/data/test.test.keytab.
scm_1       | 
s3g_1       | 
datanode_3  | ---- ----------------- --------------------------------------------------------
datanode_2  | Keytab name: FILE:/etc/security/keytabs/om.keytab
om_1        |    2 10/19/19 00:52:53 om/om@EXAMPLE.COM
recon_1     | 
datanode_1  | 2019-10-19 00:52:56 (19.1 MB/s) - '/etc/security/keytabs/om.keytab' saved [158/158]
kms_1       | Saving to: '/etc/security/keytabs/HTTP.keytab'
scm_1       | 2019-10-19 00:52:55 (16.4 MB/s) - '/etc/security/keytabs/om.keytab' saved [140/140]
kdc_1       | Generiting keytab
s3g_1       | 2019-10-19 00:52:53 (13.5 MB/s) - '/etc/security/keytabs/om.keytab' saved [140/140]
datanode_3  |    2 10/19/19 00:52:56 om/7e04cf0c4f5e@EXAMPLE.COM
datanode_2  | KVNO Timestamp         Principal
om_1        |    2 10/19/19 00:52:53 om/om@EXAMPLE.COM
recon_1     | Keytab name: FILE:/etc/security/keytabs/om.keytab
datanode_1  | 
kms_1       | 
scm_1       | 
kdc_1       | Authenticating as principal admin/admin with keytab /tmp/admin.keytab.
s3g_1       | 
datanode_3  |    2 10/19/19 00:52:56 om/7e04cf0c4f5e@EXAMPLE.COM
datanode_2  | ---- ----------------- --------------------------------------------------------
om_1        | Download scm/om@EXAMPLE.COM keytab file to /etc/security/keytabs/scm.keytab
recon_1     | KVNO Timestamp         Principal
datanode_1  | Keytab name: FILE:/etc/security/keytabs/om.keytab
kms_1       |      0K                                                       100% 15.8M=0s
scm_1       | Keytab name: FILE:/etc/security/keytabs/om.keytab
kdc_1       | WARNING: no policy specified for dn/om@EXAMPLE.COM; defaulting to no policy
s3g_1       | Keytab name: FILE:/etc/security/keytabs/om.keytab
datanode_3  | Download scm/7e04cf0c4f5e@EXAMPLE.COM keytab file to /etc/security/keytabs/scm.keytab
datanode_2  |    2 10/19/19 00:52:57 om/77bb068c7427@EXAMPLE.COM
om_1        | --2019-10-19 00:52:53--  http://kdc:8081/keytab/om/scm
recon_1     | ---- ----------------- --------------------------------------------------------
datanode_1  | KVNO Timestamp         Principal
kms_1       | 
scm_1       | KVNO Timestamp         Principal
kdc_1       | Principal "dn/om@EXAMPLE.COM" created.
s3g_1       | KVNO Timestamp         Principal
datanode_3  | --2019-10-19 00:52:56--  http://kdc:8081/keytab/7e04cf0c4f5e/scm
datanode_2  |    2 10/19/19 00:52:57 om/77bb068c7427@EXAMPLE.COM
om_1        | Resolving kdc (kdc)... 172.18.0.2
recon_1     |    2 10/19/19 00:53:18 om/recon@EXAMPLE.COM
datanode_1  | ---- ----------------- --------------------------------------------------------
kms_1       | 2019-10-19 00:52:58 (15.8 MB/s) - '/etc/security/keytabs/HTTP.keytab' saved [162/162]
scm_1       | ---- ----------------- --------------------------------------------------------
kdc_1       | Authenticating as principal admin/admin with keytab /tmp/admin.keytab.
s3g_1       | ---- ----------------- --------------------------------------------------------
datanode_2  | Download scm/77bb068c7427@EXAMPLE.COM keytab file to /etc/security/keytabs/scm.keytab
datanode_3  | Resolving kdc (kdc)... 172.18.0.2
om_1        | Connecting to kdc (kdc)|172.18.0.2|:8081... connected.
recon_1     |    2 10/19/19 00:53:18 om/recon@EXAMPLE.COM
datanode_1  |    2 10/19/19 00:52:56 om/361c941b9f70@EXAMPLE.COM
kms_1       | 
scm_1       |    2 10/19/19 00:52:55 om/scm@EXAMPLE.COM
s3g_1       |    2 10/19/19 00:52:53 om/s3g@EXAMPLE.COM
datanode_2  | --2019-10-19 00:52:57--  http://kdc:8081/keytab/77bb068c7427/scm
kdc_1       | Oct 19 00:52:52 kdc kadmind[15](Notice): Request: kadm5_init, admin/admin@EXAMPLE.COM, success, client=admin/admin@EXAMPLE.COM, service=kadmin/admin@EXAMPLE.COM, addr=127.0.0.1, vers=4, flavor=6
datanode_3  | Connecting to kdc (kdc)|172.18.0.2|:8081... connected.
om_1        | HTTP request sent, awaiting response... 200 OK
recon_1     | Download scm/recon@EXAMPLE.COM keytab file to /etc/security/keytabs/scm.keytab
datanode_1  |    2 10/19/19 00:52:56 om/361c941b9f70@EXAMPLE.COM
kms_1       | Keytab name: FILE:/etc/security/keytabs/HTTP.keytab
scm_1       |    2 10/19/19 00:52:55 om/scm@EXAMPLE.COM
s3g_1       |    2 10/19/19 00:52:53 om/s3g@EXAMPLE.COM
datanode_2  | Resolving kdc (kdc)... 172.18.0.2
kdc_1       | Oct 19 00:52:52 kdc kadmind[15](Notice): Request: kadm5_get_policy, default, Policy does not exist, client=admin/admin@EXAMPLE.COM, service=kadmin/admin@EXAMPLE.COM, addr=127.0.0.1
datanode_3  | HTTP request sent, awaiting response... 200 OK
om_1        | Length: 140 [application/octet-stream]
recon_1     | --2019-10-19 00:53:18--  http://kdc:8081/keytab/recon/scm
datanode_1  | Download scm/361c941b9f70@EXAMPLE.COM keytab file to /etc/security/keytabs/scm.keytab
kms_1       | KVNO Timestamp         Principal
scm_1       | Download scm/scm@EXAMPLE.COM keytab file to /etc/security/keytabs/scm.keytab
datanode_2  | Connecting to kdc (kdc)|172.18.0.2|:8081... connected.
s3g_1       | Download scm/s3g@EXAMPLE.COM keytab file to /etc/security/keytabs/scm.keytab
kdc_1       | Oct 19 00:52:52 kdc kadmind[15](Notice): Request: kadm5_create_principal, test/test@EXAMPLE.COM, success, client=admin/admin@EXAMPLE.COM, service=kadmin/admin@EXAMPLE.COM, addr=127.0.0.1
datanode_3  | Length: 160 [application/octet-stream]
om_1        | Saving to: '/etc/security/keytabs/scm.keytab'
recon_1     | Resolving kdc (kdc)... 172.18.0.2
datanode_1  | --2019-10-19 00:52:56--  http://kdc:8081/keytab/361c941b9f70/scm
kms_1       | ---- ----------------- --------------------------------------------------------
scm_1       | --2019-10-19 00:52:55--  http://kdc:8081/keytab/scm/scm
datanode_2  | HTTP request sent, awaiting response... 200 OK
s3g_1       | --2019-10-19 00:52:53--  http://kdc:8081/keytab/s3g/scm
kdc_1       | Oct 19 00:52:52 kdc kadmind[15](info): closing down fd 18
datanode_3  | Saving to: '/etc/security/keytabs/scm.keytab'
om_1        | 
recon_1     | Connecting to kdc (kdc)|172.18.0.2|:8081... connected.
datanode_1  | Resolving kdc (kdc)... 172.18.0.2
kms_1       |    2 10/19/19 00:52:58 HTTP/743aec4facdb@EXAMPLE.COM
scm_1       | Resolving kdc (kdc)... 172.18.0.2
s3g_1       | Resolving kdc (kdc)... 172.18.0.2
datanode_2  | Length: 160 [application/octet-stream]
kdc_1       | Oct 19 00:52:52 kdc kadmind[15](Notice): Request: kadm5_init, admin/admin@EXAMPLE.COM, success, client=admin/admin@EXAMPLE.COM, service=kadmin/admin@EXAMPLE.COM, addr=127.0.0.1, vers=4, flavor=6
datanode_3  | 
om_1        |      0K                                                       100% 9.68M=0s
recon_1     | HTTP request sent, awaiting response... 200 OK
datanode_1  | Connecting to kdc (kdc)|172.18.0.2|:8081... connected.
kms_1       |    2 10/19/19 00:52:58 HTTP/743aec4facdb@EXAMPLE.COM
scm_1       | Connecting to kdc (kdc)|172.18.0.2|:8081... connected.
s3g_1       | Connecting to kdc (kdc)|172.18.0.2|:8081... connected.
datanode_2  | Saving to: '/etc/security/keytabs/scm.keytab'
kdc_1       | Oct 19 00:52:52 kdc kadmind[15](Notice): Request: kadm5_randkey_principal, test/test@EXAMPLE.COM, success, client=admin/admin@EXAMPLE.COM, service=kadmin/admin@EXAMPLE.COM, addr=127.0.0.1
datanode_3  |      0K                                                       100% 21.9M=0s
om_1        | 
recon_1     | Length: 146 [application/octet-stream]
datanode_1  | HTTP request sent, awaiting response... 200 OK
kms_1       | Download testuser/743aec4facdb@EXAMPLE.COM keytab file to /etc/security/keytabs/testuser.keytab
s3g_1       | HTTP request sent, awaiting response... 200 OK
scm_1       | HTTP request sent, awaiting response... 200 OK
datanode_2  | 
kdc_1       | Oct 19 00:52:52 kdc kadmind[15](Notice): Request: kadm5_get_principal, test/test@EXAMPLE.COM, success, client=admin/admin@EXAMPLE.COM, service=kadmin/admin@EXAMPLE.COM, addr=127.0.0.1
datanode_3  | 
om_1        | 2019-10-19 00:52:53 (9.68 MB/s) - '/etc/security/keytabs/scm.keytab' saved [140/140]
recon_1     | Saving to: '/etc/security/keytabs/scm.keytab'
datanode_1  | Length: 160 [application/octet-stream]
kms_1       | --2019-10-19 00:52:58--  http://kdc:8081/keytab/743aec4facdb/testuser
s3g_1       | Length: 142 [application/octet-stream]
scm_1       | Length: 142 [application/octet-stream]
datanode_2  |      0K                                                       100% 18.6M=0s
kdc_1       | Oct 19 00:52:52 kdc kadmind[15](info): closing down fd 18
datanode_3  | 2019-10-19 00:52:57 (21.9 MB/s) - '/etc/security/keytabs/scm.keytab' saved [160/160]
om_1        | 
recon_1     | 
datanode_1  | Saving to: '/etc/security/keytabs/scm.keytab'
kms_1       | Resolving kdc (kdc)... 172.18.0.2
s3g_1       | Saving to: '/etc/security/keytabs/scm.keytab'
scm_1       | Saving to: '/etc/security/keytabs/scm.keytab'
datanode_2  | 
kdc_1       | Oct 19 00:52:52 kdc kadmind[15](Notice): Request: kadm5_init, admin/admin@EXAMPLE.COM, success, client=admin/admin@EXAMPLE.COM, service=kadmin/admin@EXAMPLE.COM, addr=127.0.0.1, vers=4, flavor=6
datanode_3  | 
om_1        | Keytab name: FILE:/etc/security/keytabs/scm.keytab
recon_1     |      0K                                                       100% 12.5M=0s
datanode_1  | 
kms_1       | Connecting to kdc (kdc)|172.18.0.2|:8081... connected.
s3g_1       | 
scm_1       | 
datanode_2  | 2019-10-19 00:52:57 (18.6 MB/s) - '/etc/security/keytabs/scm.keytab' saved [160/160]
kdc_1       | Oct 19 00:52:52 kdc kadmind[15](Notice): Request: kadm5_get_policy, default, Policy does not exist, client=admin/admin@EXAMPLE.COM, service=kadmin/admin@EXAMPLE.COM, addr=127.0.0.1
datanode_3  | Keytab name: FILE:/etc/security/keytabs/scm.keytab
om_1        | KVNO Timestamp         Principal
recon_1     | 
datanode_1  |      0K                                                       100% 14.4M=0s
s3g_1       |      0K                                                       100% 16.3M=0s
kms_1       | HTTP request sent, awaiting response... 200 OK
scm_1       |      0K                                                       100% 20.7M=0s
datanode_2  | 
kdc_1       | Oct 19 00:52:52 kdc kadmind[15](Notice): Request: kadm5_create_principal, test/test@EXAMPLE.COM, Principal or policy already exists, client=admin/admin@EXAMPLE.COM, service=kadmin/admin@EXAMPLE.COM, addr=127.0.0.1
datanode_3  | KVNO Timestamp         Principal
om_1        | ---- ----------------- --------------------------------------------------------
recon_1     | 2019-10-19 00:53:18 (12.5 MB/s) - '/etc/security/keytabs/scm.keytab' saved [146/146]
datanode_1  | 
s3g_1       | 
kms_1       | Length: 170 [application/octet-stream]
scm_1       | 
datanode_2  | Keytab name: FILE:/etc/security/keytabs/scm.keytab
datanode_3  | ---- ----------------- --------------------------------------------------------
om_1        |    2 10/19/19 00:52:53 scm/om@EXAMPLE.COM
kdc_1       | Oct 19 00:52:52 kdc kadmind[15](info): closing down fd 18
recon_1     | 
datanode_1  | 2019-10-19 00:52:56 (14.4 MB/s) - '/etc/security/keytabs/scm.keytab' saved [160/160]
s3g_1       | 2019-10-19 00:52:53 (16.3 MB/s) - '/etc/security/keytabs/scm.keytab' saved [142/142]
kms_1       | Saving to: '/etc/security/keytabs/testuser.keytab'
scm_1       | 2019-10-19 00:52:56 (20.7 MB/s) - '/etc/security/keytabs/scm.keytab' saved [142/142]
datanode_2  | KVNO Timestamp         Principal
om_1        |    2 10/19/19 00:52:53 scm/om@EXAMPLE.COM
datanode_3  |    2 10/19/19 00:52:57 scm/7e04cf0c4f5e@EXAMPLE.COM
kdc_1       | Oct 19 00:52:52 kdc kadmind[15](Notice): Request: kadm5_init, admin/admin@EXAMPLE.COM, success, client=admin/admin@EXAMPLE.COM, service=kadmin/admin@EXAMPLE.COM, addr=127.0.0.1, vers=4, flavor=6
recon_1     | Keytab name: FILE:/etc/security/keytabs/scm.keytab
datanode_1  | 
s3g_1       | 
kms_1       | 
scm_1       | 
datanode_2  | ---- ----------------- --------------------------------------------------------
om_1        | Download HTTP/om@EXAMPLE.COM keytab file to /etc/security/keytabs/HTTP.keytab
kdc_1       | Oct 19 00:52:52 kdc kadmind[15](Notice): Request: kadm5_randkey_principal, test/test@EXAMPLE.COM, success, client=admin/admin@EXAMPLE.COM, service=kadmin/admin@EXAMPLE.COM, addr=127.0.0.1
recon_1     | KVNO Timestamp         Principal
datanode_3  |    2 10/19/19 00:52:57 scm/7e04cf0c4f5e@EXAMPLE.COM
datanode_1  | Keytab name: FILE:/etc/security/keytabs/scm.keytab
s3g_1       | Keytab name: FILE:/etc/security/keytabs/scm.keytab
scm_1       | Keytab name: FILE:/etc/security/keytabs/scm.keytab
kms_1       |      0K                                                       100% 24.6M=0s
datanode_2  |    2 10/19/19 00:52:57 scm/77bb068c7427@EXAMPLE.COM
om_1        | --2019-10-19 00:52:53--  http://kdc:8081/keytab/om/HTTP
kdc_1       | Oct 19 00:52:52 kdc kadmind[15](Notice): Request: kadm5_get_principal, test/test@EXAMPLE.COM, success, client=admin/admin@EXAMPLE.COM, service=kadmin/admin@EXAMPLE.COM, addr=127.0.0.1
recon_1     | ---- ----------------- --------------------------------------------------------
datanode_3  | Download HTTP/7e04cf0c4f5e@EXAMPLE.COM keytab file to /etc/security/keytabs/HTTP.keytab
datanode_1  | KVNO Timestamp         Principal
s3g_1       | KVNO Timestamp         Principal
scm_1       | KVNO Timestamp         Principal
kms_1       | 
datanode_2  |    2 10/19/19 00:52:57 scm/77bb068c7427@EXAMPLE.COM
om_1        | Resolving kdc (kdc)... 172.18.0.2
kdc_1       | Oct 19 00:52:52 kdc kadmind[15](info): closing down fd 18
recon_1     |    2 10/19/19 00:53:18 scm/recon@EXAMPLE.COM
datanode_3  | --2019-10-19 00:52:57--  http://kdc:8081/keytab/7e04cf0c4f5e/HTTP
datanode_1  | ---- ----------------- --------------------------------------------------------
s3g_1       | ---- ----------------- --------------------------------------------------------
scm_1       | ---- ----------------- --------------------------------------------------------
kms_1       | 2019-10-19 00:52:58 (24.6 MB/s) - '/etc/security/keytabs/testuser.keytab' saved [170/170]
datanode_2  | Download HTTP/77bb068c7427@EXAMPLE.COM keytab file to /etc/security/keytabs/HTTP.keytab
om_1        | Connecting to kdc (kdc)|172.18.0.2|:8081... connected.
kdc_1       | Oct 19 00:52:52 kdc kadmind[15](Notice): Request: kadm5_init, admin/admin@EXAMPLE.COM, success, client=admin/admin@EXAMPLE.COM, service=kadmin/admin@EXAMPLE.COM, addr=127.0.0.1, vers=4, flavor=6
datanode_3  | Resolving kdc (kdc)... 172.18.0.2
recon_1     |    2 10/19/19 00:53:18 scm/recon@EXAMPLE.COM
datanode_1  |    2 10/19/19 00:52:56 scm/361c941b9f70@EXAMPLE.COM
s3g_1       |    2 10/19/19 00:52:53 scm/s3g@EXAMPLE.COM
scm_1       |    2 10/19/19 00:52:56 scm/scm@EXAMPLE.COM
kms_1       | 
datanode_2  | --2019-10-19 00:52:57--  http://kdc:8081/keytab/77bb068c7427/HTTP
om_1        | HTTP request sent, awaiting response... 200 OK
kdc_1       | Oct 19 00:52:52 kdc kadmind[15](Notice): Request: kadm5_get_policy, default, Policy does not exist, client=admin/admin@EXAMPLE.COM, service=kadmin/admin@EXAMPLE.COM, addr=127.0.0.1
datanode_3  | Connecting to kdc (kdc)|172.18.0.2|:8081... connected.
recon_1     | Download HTTP/recon@EXAMPLE.COM keytab file to /etc/security/keytabs/HTTP.keytab
s3g_1       |    2 10/19/19 00:52:53 scm/s3g@EXAMPLE.COM
datanode_1  |    2 10/19/19 00:52:56 scm/361c941b9f70@EXAMPLE.COM
scm_1       |    2 10/19/19 00:52:56 scm/scm@EXAMPLE.COM
kms_1       | Keytab name: FILE:/etc/security/keytabs/testuser.keytab
datanode_2  | Resolving kdc (kdc)... 172.18.0.2
om_1        | Length: 142 [application/octet-stream]
kdc_1       | Oct 19 00:52:52 kdc kadmind[15](Notice): Request: kadm5_create_principal, dn/om@EXAMPLE.COM, success, client=admin/admin@EXAMPLE.COM, service=kadmin/admin@EXAMPLE.COM, addr=127.0.0.1
datanode_3  | HTTP request sent, awaiting response... 200 OK
recon_1     | --2019-10-19 00:53:18--  http://kdc:8081/keytab/recon/HTTP
s3g_1       | Download HTTP/s3g@EXAMPLE.COM keytab file to /etc/security/keytabs/HTTP.keytab
datanode_1  | Download HTTP/361c941b9f70@EXAMPLE.COM keytab file to /etc/security/keytabs/HTTP.keytab
scm_1       | Download HTTP/scm@EXAMPLE.COM keytab file to /etc/security/keytabs/HTTP.keytab
kms_1       | KVNO Timestamp         Principal
datanode_2  | Connecting to kdc (kdc)|172.18.0.2|:8081... connected.
om_1        | Saving to: '/etc/security/keytabs/HTTP.keytab'
kdc_1       | Oct 19 00:52:52 kdc kadmind[15](info): closing down fd 18
datanode_3  | Length: 162 [application/octet-stream]
recon_1     | Resolving kdc (kdc)... 172.18.0.2
s3g_1       | --2019-10-19 00:52:53--  http://kdc:8081/keytab/s3g/HTTP
datanode_1  | --2019-10-19 00:52:56--  http://kdc:8081/keytab/361c941b9f70/HTTP
scm_1       | --2019-10-19 00:52:56--  http://kdc:8081/keytab/scm/HTTP
kms_1       | ---- ----------------- --------------------------------------------------------
datanode_2  | HTTP request sent, awaiting response... 200 OK
om_1        | 
kdc_1       | Oct 19 00:52:52 kdc kadmind[15](Notice): Request: kadm5_init, admin/admin@EXAMPLE.COM, success, client=admin/admin@EXAMPLE.COM, service=kadmin/admin@EXAMPLE.COM, addr=127.0.0.1, vers=4, flavor=6
datanode_3  | Saving to: '/etc/security/keytabs/HTTP.keytab'
recon_1     | Connecting to kdc (kdc)|172.18.0.2|:8081... connected.
s3g_1       | Resolving kdc (kdc)... 172.18.0.2
datanode_1  | Resolving kdc (kdc)... 172.18.0.2
scm_1       | Resolving kdc (kdc)... 172.18.0.2
kms_1       |    2 10/19/19 00:52:58 testuser/743aec4facdb@EXAMPLE.COM
datanode_2  | Length: 162 [application/octet-stream]
kdc_1       | Oct 19 00:52:52 kdc kadmind[15](Notice): Request: kadm5_randkey_principal, dn/om@EXAMPLE.COM, success, client=admin/admin@EXAMPLE.COM, service=kadmin/admin@EXAMPLE.COM, addr=127.0.0.1
om_1        |      0K                                                       100% 17.5M=0s
datanode_3  | 
recon_1     | HTTP request sent, awaiting response... 200 OK
s3g_1       | Connecting to kdc (kdc)|172.18.0.2|:8081... connected.
datanode_1  | Connecting to kdc (kdc)|172.18.0.2|:8081... connected.
scm_1       | Connecting to kdc (kdc)|172.18.0.2|:8081... connected.
kms_1       |    2 10/19/19 00:52:58 testuser/743aec4facdb@EXAMPLE.COM
datanode_2  | Saving to: '/etc/security/keytabs/HTTP.keytab'
kdc_1       | Oct 19 00:52:52 kdc kadmind[15](Notice): Request: kadm5_get_principal, dn/om@EXAMPLE.COM, success, client=admin/admin@EXAMPLE.COM, service=kadmin/admin@EXAMPLE.COM, addr=127.0.0.1
om_1        | 
datanode_3  |      0K                                                       100% 21.9M=0s
recon_1     | Length: 148 [application/octet-stream]
s3g_1       | HTTP request sent, awaiting response... 200 OK
datanode_1  | HTTP request sent, awaiting response... 200 OK
scm_1       | HTTP request sent, awaiting response... 200 OK
kms_1       | Download testuser2/743aec4facdb@EXAMPLE.COM keytab file to /etc/security/keytabs/testuser2.keytab
datanode_2  | 
om_1        | 2019-10-19 00:52:53 (17.5 MB/s) - '/etc/security/keytabs/HTTP.keytab' saved [142/142]
datanode_3  | 
recon_1     | Saving to: '/etc/security/keytabs/HTTP.keytab'
s3g_1       | Length: 144 [application/octet-stream]
datanode_1  | Length: 162 [application/octet-stream]
scm_1       | Length: 144 [application/octet-stream]
kdc_1       | Oct 19 00:52:52 kdc krb5kdc[9](info): AS_REQ (8 etypes {18 17 20 19 16 23 25 26}) 127.0.0.1: SERVER_NOT_FOUND: admin/admin@EXAMPLE.COM for kadmin/localhost@EXAMPLE.COM, Server not found in Kerberos database
kms_1       | --2019-10-19 00:52:58--  http://kdc:8081/keytab/743aec4facdb/testuser2
datanode_2  |      0K                                                       100% 14.5M=0s
om_1        | 
datanode_3  | 2019-10-19 00:52:57 (21.9 MB/s) - '/etc/security/keytabs/HTTP.keytab' saved [162/162]
recon_1     | 
s3g_1       | Saving to: '/etc/security/keytabs/HTTP.keytab'
datanode_1  | Saving to: '/etc/security/keytabs/HTTP.keytab'
scm_1       | Saving to: '/etc/security/keytabs/HTTP.keytab'
kdc_1       | Oct 19 00:52:52 kdc krb5kdc[9](info): AS_REQ (8 etypes {18 17 20 19 16 23 25 26}) 127.0.0.1: ISSUE: authtime 1571446372, etypes {rep=18 tkt=18 ses=18}, admin/admin@EXAMPLE.COM for kadmin/admin@EXAMPLE.COM
kms_1       | Resolving kdc (kdc)... 172.18.0.2
datanode_2  | 
om_1        | Keytab name: FILE:/etc/security/keytabs/HTTP.keytab
datanode_3  | 
recon_1     |      0K                                                       100% 20.2M=0s
s3g_1       | 
scm_1       | 
datanode_1  | 
kms_1       | Connecting to kdc (kdc)|172.18.0.2|:8081... connected.
datanode_2  | 2019-10-19 00:52:58 (14.5 MB/s) - '/etc/security/keytabs/HTTP.keytab' saved [162/162]
om_1        | KVNO Timestamp         Principal
datanode_3  | Keytab name: FILE:/etc/security/keytabs/HTTP.keytab
kdc_1       | Oct 19 00:52:52 kdc krb5kdc[9](info): AS_REQ (8 etypes {18 17 20 19 16 23 25 26}) 127.0.0.1: SERVER_NOT_FOUND: admin/admin@EXAMPLE.COM for kadmin/localhost@EXAMPLE.COM, Server not found in Kerberos database
datanode_3  | KVNO Timestamp         Principal
scm_1       |      0K                                                       100% 13.7M=0s
datanode_1  |      0K                                                       100% 22.6M=0s
kms_1       | HTTP request sent, awaiting response... 200 OK
recon_1     | 
datanode_2  | 
om_1        | ---- ----------------- --------------------------------------------------------
s3g_1       |      0K                                                       100% 17.4M=0s
kdc_1       | Oct 19 00:52:52 kdc krb5kdc[9](info): AS_REQ (8 etypes {18 17 20 19 16 23 25 26}) 127.0.0.1: ISSUE: authtime 1571446372, etypes {rep=18 tkt=18 ses=18}, admin/admin@EXAMPLE.COM for kadmin/admin@EXAMPLE.COM
datanode_3  | ---- ----------------- --------------------------------------------------------
scm_1       | 
datanode_1  | 
kms_1       | Length: 172 [application/octet-stream]
recon_1     | 2019-10-19 00:53:18 (20.2 MB/s) - '/etc/security/keytabs/HTTP.keytab' saved [148/148]
datanode_2  | Keytab name: FILE:/etc/security/keytabs/HTTP.keytab
om_1        |    2 10/19/19 00:52:53 HTTP/om@EXAMPLE.COM
s3g_1       | 
kdc_1       | Oct 19 00:52:52 kdc krb5kdc[9](info): AS_REQ (8 etypes {18 17 20 19 16 23 25 26}) 127.0.0.1: SERVER_NOT_FOUND: admin/admin@EXAMPLE.COM for kadmin/localhost@EXAMPLE.COM, Server not found in Kerberos database
datanode_3  |    2 10/19/19 00:52:57 HTTP/7e04cf0c4f5e@EXAMPLE.COM
scm_1       | 2019-10-19 00:52:57 (13.7 MB/s) - '/etc/security/keytabs/HTTP.keytab' saved [144/144]
datanode_1  | 2019-10-19 00:52:57 (22.6 MB/s) - '/etc/security/keytabs/HTTP.keytab' saved [162/162]
kms_1       | Saving to: '/etc/security/keytabs/testuser2.keytab'
recon_1     | 
datanode_2  | KVNO Timestamp         Principal
om_1        |    2 10/19/19 00:52:53 HTTP/om@EXAMPLE.COM
s3g_1       | 2019-10-19 00:52:54 (17.4 MB/s) - '/etc/security/keytabs/HTTP.keytab' saved [144/144]
kdc_1       | Oct 19 00:52:52 kdc krb5kdc[9](info): AS_REQ (8 etypes {18 17 20 19 16 23 25 26}) 127.0.0.1: ISSUE: authtime 1571446372, etypes {rep=18 tkt=18 ses=18}, admin/admin@EXAMPLE.COM for kadmin/admin@EXAMPLE.COM
datanode_3  |    2 10/19/19 00:52:57 HTTP/7e04cf0c4f5e@EXAMPLE.COM
datanode_1  | 
scm_1       | 
kms_1       | 
recon_1     | Keytab name: FILE:/etc/security/keytabs/HTTP.keytab
datanode_2  | ---- ----------------- --------------------------------------------------------
om_1        | Download testuser/om@EXAMPLE.COM keytab file to /etc/security/keytabs/testuser.keytab
s3g_1       | 
kdc_1       | Oct 19 00:52:52 kdc krb5kdc[9](info): AS_REQ (8 etypes {18 17 20 19 16 23 25 26}) 127.0.0.1: SERVER_NOT_FOUND: admin/admin@EXAMPLE.COM for kadmin/localhost@EXAMPLE.COM, Server not found in Kerberos database
datanode_3  | Download testuser/7e04cf0c4f5e@EXAMPLE.COM keytab file to /etc/security/keytabs/testuser.keytab
datanode_1  | Keytab name: FILE:/etc/security/keytabs/HTTP.keytab
scm_1       | Keytab name: FILE:/etc/security/keytabs/HTTP.keytab
kms_1       |      0K                                                       100% 14.0M=0s
recon_1     | KVNO Timestamp         Principal
datanode_2  |    2 10/19/19 00:52:58 HTTP/77bb068c7427@EXAMPLE.COM
om_1        | --2019-10-19 00:52:53--  http://kdc:8081/keytab/om/testuser
s3g_1       | Keytab name: FILE:/etc/security/keytabs/HTTP.keytab
kdc_1       | Oct 19 00:52:52 kdc krb5kdc[9](info): AS_REQ (8 etypes {18 17 20 19 16 23 25 26}) 127.0.0.1: ISSUE: authtime 1571446372, etypes {rep=18 tkt=18 ses=18}, admin/admin@EXAMPLE.COM for kadmin/admin@EXAMPLE.COM
datanode_3  | --2019-10-19 00:52:57--  http://kdc:8081/keytab/7e04cf0c4f5e/testuser
datanode_1  | KVNO Timestamp         Principal
scm_1       | KVNO Timestamp         Principal
kms_1       | 
recon_1     | ---- ----------------- --------------------------------------------------------
datanode_2  |    2 10/19/19 00:52:58 HTTP/77bb068c7427@EXAMPLE.COM
om_1        | Resolving kdc (kdc)... 172.18.0.2
s3g_1       | KVNO Timestamp         Principal
kdc_1       | Oct 19 00:52:52 kdc krb5kdc[9](info): AS_REQ (8 etypes {18 17 20 19 16 23 25 26}) 127.0.0.1: SERVER_NOT_FOUND: admin/admin@EXAMPLE.COM for kadmin/localhost@EXAMPLE.COM, Server not found in Kerberos database
datanode_3  | Resolving kdc (kdc)... 172.18.0.2
datanode_1  | ---- ----------------- --------------------------------------------------------
scm_1       | ---- ----------------- --------------------------------------------------------
kms_1       | 2019-10-19 00:53:00 (14.0 MB/s) - '/etc/security/keytabs/testuser2.keytab' saved [172/172]
recon_1     |    2 10/19/19 00:53:18 HTTP/recon@EXAMPLE.COM
om_1        | Connecting to kdc (kdc)|172.18.0.2|:8081... connected.
s3g_1       | ---- ----------------- --------------------------------------------------------
kdc_1       | Oct 19 00:52:52 kdc krb5kdc[9](info): AS_REQ (8 etypes {18 17 20 19 16 23 25 26}) 127.0.0.1: ISSUE: authtime 1571446372, etypes {rep=18 tkt=18 ses=18}, admin/admin@EXAMPLE.COM for kadmin/admin@EXAMPLE.COM
datanode_3  | Connecting to kdc (kdc)|172.18.0.2|:8081... connected.
datanode_1  |    2 10/19/19 00:52:57 HTTP/361c941b9f70@EXAMPLE.COM
scm_1       |    2 10/19/19 00:52:57 HTTP/scm@EXAMPLE.COM
datanode_2  | Download testuser/77bb068c7427@EXAMPLE.COM keytab file to /etc/security/keytabs/testuser.keytab
kms_1       | 
recon_1     |    2 10/19/19 00:53:18 HTTP/recon@EXAMPLE.COM
om_1        | HTTP request sent, awaiting response... 200 OK
s3g_1       |    2 10/19/19 00:52:54 HTTP/s3g@EXAMPLE.COM
kdc_1       | Oct 19 00:52:52 kdc krb5kdc[9](info): AS_REQ (8 etypes {18 17 20 19 16 23 25 26}) 127.0.0.1: SERVER_NOT_FOUND: admin/admin@EXAMPLE.COM for kadmin/localhost@EXAMPLE.COM, Server not found in Kerberos database
datanode_3  | HTTP request sent, awaiting response... 200 OK
datanode_1  |    2 10/19/19 00:52:57 HTTP/361c941b9f70@EXAMPLE.COM
scm_1       |    2 10/19/19 00:52:57 HTTP/scm@EXAMPLE.COM
datanode_2  | --2019-10-19 00:52:58--  http://kdc:8081/keytab/77bb068c7427/testuser
kms_1       | Keytab name: FILE:/etc/security/keytabs/testuser2.keytab
recon_1     | Download testuser/recon@EXAMPLE.COM keytab file to /etc/security/keytabs/testuser.keytab
om_1        | Length: 150 [application/octet-stream]
s3g_1       |    2 10/19/19 00:52:54 HTTP/s3g@EXAMPLE.COM
kdc_1       | Oct 19 00:52:52 kdc krb5kdc[9](info): AS_REQ (8 etypes {18 17 20 19 16 23 25 26}) 127.0.0.1: ISSUE: authtime 1571446372, etypes {rep=18 tkt=18 ses=18}, admin/admin@EXAMPLE.COM for kadmin/admin@EXAMPLE.COM
datanode_1  | Download testuser/361c941b9f70@EXAMPLE.COM keytab file to /etc/security/keytabs/testuser.keytab
datanode_3  | Length: 170 [application/octet-stream]
scm_1       | Download testuser/scm@EXAMPLE.COM keytab file to /etc/security/keytabs/testuser.keytab
datanode_2  | Resolving kdc (kdc)... 172.18.0.2
kms_1       | KVNO Timestamp         Principal
recon_1     | --2019-10-19 00:53:18--  http://kdc:8081/keytab/recon/testuser
om_1        | Saving to: '/etc/security/keytabs/testuser.keytab'
s3g_1       | Download testuser/s3g@EXAMPLE.COM keytab file to /etc/security/keytabs/testuser.keytab
kdc_1       | Entry for principal dn/om@EXAMPLE.COM with kvno 2, encryption type aes256-cts-hmac-sha1-96 added to keytab WRFILE:/data/dn.om.keytab.
datanode_1  | --2019-10-19 00:52:57--  http://kdc:8081/keytab/361c941b9f70/testuser
datanode_3  | Saving to: '/etc/security/keytabs/testuser.keytab'
scm_1       | --2019-10-19 00:52:57--  http://kdc:8081/keytab/scm/testuser
datanode_2  | Connecting to kdc (kdc)|172.18.0.2|:8081... connected.
kms_1       | ---- ----------------- --------------------------------------------------------
recon_1     | Resolving kdc (kdc)... 172.18.0.2
om_1        | 
s3g_1       | --2019-10-19 00:52:54--  http://kdc:8081/keytab/s3g/testuser
kdc_1       | Entry for principal dn/om@EXAMPLE.COM with kvno 2, encryption type aes128-cts-hmac-sha1-96 added to keytab WRFILE:/data/dn.om.keytab.
datanode_1  | Resolving kdc (kdc)... 172.18.0.2
datanode_3  | 
scm_1       | Resolving kdc (kdc)... 172.18.0.2
datanode_2  | HTTP request sent, awaiting response... 200 OK
kms_1       |    2 10/19/19 00:52:59 testuser2/743aec4facdb@EXAMPLE.COM
recon_1     | Connecting to kdc (kdc)|172.18.0.2|:8081... connected.
om_1        |      0K                                                       100% 13.5M=0s
s3g_1       | Resolving kdc (kdc)... 172.18.0.2
kdc_1       | Generiting keytab
datanode_1  | Connecting to kdc (kdc)|172.18.0.2|:8081... connected.
datanode_3  |      0K                                                       100% 20.8M=0s
scm_1       | Connecting to kdc (kdc)|172.18.0.2|:8081... connected.
datanode_2  | Length: 170 [application/octet-stream]
kms_1       |    2 10/19/19 00:52:59 testuser2/743aec4facdb@EXAMPLE.COM
recon_1     | HTTP request sent, awaiting response... 200 OK
om_1        | 
s3g_1       | Connecting to kdc (kdc)|172.18.0.2|:8081... connected.
kdc_1       | Authenticating as principal admin/admin with keytab /tmp/admin.keytab.
datanode_1  | HTTP request sent, awaiting response... 200 OK
datanode_3  | 
scm_1       | HTTP request sent, awaiting response... 200 OK
datanode_2  | Saving to: '/etc/security/keytabs/testuser.keytab'
