datanode_3  | 2019-10-04 10:39:53 INFO  SegmentedRaftLogWorker:385 - bd75ba2b-4211-4c22-bdb1-e33389efabab@group-DC3F7B0E7F83-SegmentedRaftLogWorker: Starting segment from index:0
kdc_1       | Oct 04 10:39:30 kdc kadmind[15](Notice): Request: kadm5_create_principal, dn/om@EXAMPLE.COM, success, client=admin/admin@EXAMPLE.COM, service=kadmin/admin@EXAMPLE.COM, addr=127.0.0.1
scm_1       | 2019-10-04 10:40:49 INFO  ServiceAuthorizationManager:138 - Authorization successful for dn/e540d39df39f@EXAMPLE.COM (auth:KERBEROS) for protocol=interface org.apache.hadoop.ozone.protocol.StorageContainerDatanodeProtocol
datanode_2  | 2019-10-04 10:39:52 INFO  RaftServerConfigKeys:43 - raft.server.write.element-limit = 4096 (default)
s3g_1       | 	at org.glassfish.jersey.ext.cdi1x.internal.CdiComponentProvider$InjectionManagerInjectedCdiTarget.inject(CdiComponentProvider.java:873)
datanode_1  | 2019-10-04 10:39:53 INFO  RaftServerConfigKeys:43 - raft.server.rpc.sleep.time = 25ms (default)
om_1        | 2019-10-04 10:41:05 INFO  Server:1849 - Auth successful for testuser/scm@EXAMPLE.COM (auth:KERBEROS)
datanode_3  | 2019-10-04 10:39:53 INFO  RaftServerImpl:356 - bd75ba2b-4211-4c22-bdb1-e33389efabab@group-DC3F7B0E7F83: set configuration 0: [bd75ba2b-4211-4c22-bdb1-e33389efabab:172.18.0.9:9858], old=null at 0
kdc_1       | Oct 04 10:39:30 kdc kadmind[15](info): closing down fd 18
scm_1       | 2019-10-04 10:41:11 INFO  Server:1849 - Auth successful for dn/4db4d07f081f@EXAMPLE.COM (auth:KERBEROS)
datanode_2  | 2019-10-04 10:39:52 INFO  RaftServerConfigKeys:43 - raft.server.watch.timeout = 10s (default)
s3g_1       | 	at org.jboss.weld.bean.ManagedBean.create(ManagedBean.java:159)
datanode_1  | 2019-10-04 10:39:53 INFO  RaftServerConfigKeys:43 - raft.server.write.element-limit = 4096 (default)
om_1        | 2019-10-04 10:41:05 INFO  ServiceAuthorizationManager:138 - Authorization successful for testuser/scm@EXAMPLE.COM (auth:KERBEROS) for protocol=interface org.apache.hadoop.ozone.om.protocol.OzoneManagerProtocol
datanode_3  | 2019-10-04 10:39:53 INFO  SegmentedRaftLogWorker:574 - bd75ba2b-4211-4c22-bdb1-e33389efabab@group-DC3F7B0E7F83-SegmentedRaftLogWorker: created new log segment /data/metadata/ratis/d3255ada-3462-46d7-84be-dc3f7b0e7f83/current/log_inprogress_0
kdc_1       | Oct 04 10:39:30 kdc kadmind[15](Notice): Request: kadm5_init, admin/admin@EXAMPLE.COM, success, client=admin/admin@EXAMPLE.COM, service=kadmin/admin@EXAMPLE.COM, addr=127.0.0.1, vers=4, flavor=6
scm_1       | 2019-10-04 10:41:11 INFO  ServiceAuthorizationManager:138 - Authorization successful for dn/4db4d07f081f@EXAMPLE.COM (auth:KERBEROS) for protocol=interface org.apache.hadoop.ozone.protocol.StorageContainerDatanodeProtocol
datanode_2  | 2019-10-04 10:39:52 INFO  RaftServerConfigKeys:43 - raft.server.watch.timeout.denomination = 1s (default)
s3g_1       | 	at org.jboss.weld.context.unbound.DependentContextImpl.get(DependentContextImpl.java:70)
datanode_1  | 2019-10-04 10:39:53 INFO  RaftServerConfigKeys:43 - raft.server.watch.timeout = 10s (default)
om_1        | 2019-10-04 10:41:07 INFO  Server:1849 - Auth successful for testuser/scm@EXAMPLE.COM (auth:KERBEROS)
kdc_1       | Oct 04 10:39:30 kdc kadmind[15](Notice): Request: kadm5_randkey_principal, dn/om@EXAMPLE.COM, success, client=admin/admin@EXAMPLE.COM, service=kadmin/admin@EXAMPLE.COM, addr=127.0.0.1
scm_1       | 2019-10-04 10:41:18 INFO  Server:1849 - Auth successful for dn/35d411d50585@EXAMPLE.COM (auth:KERBEROS)
datanode_2  | 2019-10-04 10:39:52 INFO  RaftServerConfigKeys:43 - raft.server.watch.element-limit = 65536 (default)
s3g_1       | 	at org.jboss.weld.bean.ContextualInstanceStrategy$DefaultContextualInstanceStrategy.get(ContextualInstanceStrategy.java:100)
datanode_1  | 2019-10-04 10:39:53 INFO  RaftServerConfigKeys:43 - raft.server.watch.timeout.denomination = 1s (default)
om_1        | 2019-10-04 10:41:08 INFO  ServiceAuthorizationManager:138 - Authorization successful for testuser/scm@EXAMPLE.COM (auth:KERBEROS) for protocol=interface org.apache.hadoop.ozone.om.protocol.OzoneManagerProtocol
datanode_3  | 2019-10-04 10:39:53 INFO  FollowerState:108 - bd75ba2b-4211-4c22-bdb1-e33389efabab@group-FB9BEBE2D4E1-FollowerState: change to CANDIDATE, lastRpcTime:5086ms, electionTimeout:5086ms
kdc_1       | Oct 04 10:39:30 kdc kadmind[15](Notice): Request: kadm5_get_principal, dn/om@EXAMPLE.COM, success, client=admin/admin@EXAMPLE.COM, service=kadmin/admin@EXAMPLE.COM, addr=127.0.0.1
scm_1       | 2019-10-04 10:41:18 INFO  ServiceAuthorizationManager:138 - Authorization successful for dn/35d411d50585@EXAMPLE.COM (auth:KERBEROS) for protocol=interface org.apache.hadoop.ozone.protocol.StorageContainerDatanodeProtocol
datanode_2  | 2019-10-04 10:39:52 INFO  RoleInfo:143 - fe72a1c7-6e30-4c05-bb33-2cb00ced6817: start LeaderState
s3g_1       | 	at org.jboss.weld.bean.ContextualInstance.get(ContextualInstance.java:50)
datanode_1  | 2019-10-04 10:39:53 INFO  RaftServerConfigKeys:43 - raft.server.watch.element-limit = 65536 (default)
om_1        | 2019-10-04 10:41:08 INFO  OMVolumeCreateRequest:193 - created volume:56365-rpcwoport2 for user:testuser/scm@EXAMPLE.COM
datanode_3  | 2019-10-04 10:39:53 INFO  RoleInfo:121 - bd75ba2b-4211-4c22-bdb1-e33389efabab: shutdown FollowerState
kdc_1       | Oct 04 10:39:30 kdc kadmind[15](info): closing down fd 18
scm_1       | 2019-10-04 10:41:18 INFO  Server:1849 - Auth successful for dn/e540d39df39f@EXAMPLE.COM (auth:KERBEROS)
datanode_2  | 2019-10-04 10:39:52 INFO  SegmentedRaftLogWorker:385 - fe72a1c7-6e30-4c05-bb33-2cb00ced6817@group-6BFBED7A3BB3-SegmentedRaftLogWorker: Starting segment from index:0
s3g_1       | 	at org.jboss.weld.manager.BeanManagerImpl.getReference(BeanManagerImpl.java:785)
om_1        | 2019-10-04 10:41:10 INFO  Server:1849 - Auth successful for testuser/scm@EXAMPLE.COM (auth:KERBEROS)
datanode_1  | 2019-10-04 10:39:53 INFO  RoleInfo:143 - e07de64e-2d0f-468f-9be5-29904b46bb9c: start LeaderState
datanode_3  | 2019-10-04 10:39:53 INFO  RaftServerImpl:170 - bd75ba2b-4211-4c22-bdb1-e33389efabab@group-FB9BEBE2D4E1: changes role from  FOLLOWER to CANDIDATE at term 0 for changeToCandidate
kdc_1       | Oct 04 10:39:30 kdc kadmind[15](Notice): Request: kadm5_init, admin/admin@EXAMPLE.COM, success, client=admin/admin@EXAMPLE.COM, service=kadmin/admin@EXAMPLE.COM, addr=127.0.0.1, vers=4, flavor=6
scm_1       | 2019-10-04 10:41:18 INFO  ServiceAuthorizationManager:138 - Authorization successful for dn/e540d39df39f@EXAMPLE.COM (auth:KERBEROS) for protocol=interface org.apache.hadoop.ozone.protocol.StorageContainerDatanodeProtocol
datanode_2  | 2019-10-04 10:39:52 INFO  RaftServerImpl:356 - fe72a1c7-6e30-4c05-bb33-2cb00ced6817@group-6BFBED7A3BB3: set configuration 0: [fe72a1c7-6e30-4c05-bb33-2cb00ced6817:172.18.0.6:9858], old=null at 0
s3g_1       | 	at org.jboss.weld.manager.BeanManagerImpl.getReference(BeanManagerImpl.java:808)
om_1        | 2019-10-04 10:41:10 INFO  ServiceAuthorizationManager:138 - Authorization successful for testuser/scm@EXAMPLE.COM (auth:KERBEROS) for protocol=interface org.apache.hadoop.ozone.om.protocol.OzoneManagerProtocol
datanode_1  | 2019-10-04 10:39:53 INFO  SegmentedRaftLogWorker:385 - e07de64e-2d0f-468f-9be5-29904b46bb9c@group-BA2EE14A49B6-SegmentedRaftLogWorker: Starting segment from index:0
datanode_3  | 2019-10-04 10:39:53 INFO  RoleInfo:143 - bd75ba2b-4211-4c22-bdb1-e33389efabab: start LeaderElection
kdc_1       | Oct 04 10:39:30 kdc kadmind[15](Notice): Request: kadm5_get_policy, default, Policy does not exist, client=admin/admin@EXAMPLE.COM, service=kadmin/admin@EXAMPLE.COM, addr=127.0.0.1
datanode_2  | 2019-10-04 10:39:52 INFO  SegmentedRaftLogWorker:574 - fe72a1c7-6e30-4c05-bb33-2cb00ced6817@group-6BFBED7A3BB3-SegmentedRaftLogWorker: created new log segment /data/metadata/ratis/7360aeb0-b417-495d-a3b8-6bfbed7a3bb3/current/log_inprogress_0
scm_1       | 2019-10-04 10:41:41 INFO  Server:1849 - Auth successful for dn/4db4d07f081f@EXAMPLE.COM (auth:KERBEROS)
s3g_1       | 	at org.jboss.weld.util.ForwardingBeanManager.getReference(ForwardingBeanManager.java:61)
om_1        | 2019-10-04 10:41:13 INFO  Server:1849 - Auth successful for testuser/scm@EXAMPLE.COM (auth:KERBEROS)
datanode_1  | 2019-10-04 10:39:53 INFO  RaftServerImpl:356 - e07de64e-2d0f-468f-9be5-29904b46bb9c@group-BA2EE14A49B6: set configuration 0: [e07de64e-2d0f-468f-9be5-29904b46bb9c:172.18.0.7:9858], old=null at 0
datanode_3  | 2019-10-04 10:39:53 INFO  LeaderElection:178 - bd75ba2b-4211-4c22-bdb1-e33389efabab@group-FB9BEBE2D4E1-LeaderElection2: begin an election at term 1 for -1: [bd75ba2b-4211-4c22-bdb1-e33389efabab:172.18.0.9:9858, fe72a1c7-6e30-4c05-bb33-2cb00ced6817:172.18.0.6:9858, e07de64e-2d0f-468f-9be5-29904b46bb9c:172.18.0.7:9858], old=null
kdc_1       | Oct 04 10:39:30 kdc kadmind[15](Notice): Request: kadm5_create_principal, om/4db4d07f081f@EXAMPLE.COM, success, client=admin/admin@EXAMPLE.COM, service=kadmin/admin@EXAMPLE.COM, addr=127.0.0.1
datanode_2  | 2019-10-04 10:39:53 INFO  FollowerState:108 - fe72a1c7-6e30-4c05-bb33-2cb00ced6817@group-FB9BEBE2D4E1-FollowerState: change to CANDIDATE, lastRpcTime:5008ms, electionTimeout:5008ms
scm_1       | 2019-10-04 10:41:41 INFO  ServiceAuthorizationManager:138 - Authorization successful for dn/4db4d07f081f@EXAMPLE.COM (auth:KERBEROS) for protocol=interface org.apache.hadoop.ozone.protocol.StorageContainerDatanodeProtocol
s3g_1       | 	at org.jboss.weld.bean.builtin.BeanManagerProxy.getReference(BeanManagerProxy.java:85)
om_1        | 2019-10-04 10:41:13 INFO  ServiceAuthorizationManager:138 - Authorization successful for testuser/scm@EXAMPLE.COM (auth:KERBEROS) for protocol=interface org.apache.hadoop.ozone.om.protocol.OzoneManagerProtocol
datanode_1  | 2019-10-04 10:39:53 INFO  FollowerState:108 - e07de64e-2d0f-468f-9be5-29904b46bb9c@group-FB9BEBE2D4E1-FollowerState: change to CANDIDATE, lastRpcTime:5129ms, electionTimeout:5129ms
datanode_3  | 2019-10-04 10:39:53 INFO  LeaderElection:56 - bd75ba2b-4211-4c22-bdb1-e33389efabab@group-FB9BEBE2D4E1-LeaderElection2: Election REJECTED; received 2 response(s) [bd75ba2b-4211-4c22-bdb1-e33389efabab<-fe72a1c7-6e30-4c05-bb33-2cb00ced6817#0:FAIL-t1, bd75ba2b-4211-4c22-bdb1-e33389efabab<-e07de64e-2d0f-468f-9be5-29904b46bb9c#0:FAIL-t1] and 0 exception(s); bd75ba2b-4211-4c22-bdb1-e33389efabab@group-FB9BEBE2D4E1:t1, leader=null, voted=bd75ba2b-4211-4c22-bdb1-e33389efabab, raftlog=bd75ba2b-4211-4c22-bdb1-e33389efabab@group-FB9BEBE2D4E1-SegmentedRaftLog:OPENED:c-1,f-1,i0, conf=-1: [bd75ba2b-4211-4c22-bdb1-e33389efabab:172.18.0.9:9858, fe72a1c7-6e30-4c05-bb33-2cb00ced6817:172.18.0.6:9858, e07de64e-2d0f-468f-9be5-29904b46bb9c:172.18.0.7:9858], old=null
kdc_1       | Oct 04 10:39:30 kdc kadmind[15](info): closing down fd 18
datanode_2  | 2019-10-04 10:39:53 INFO  RoleInfo:121 - fe72a1c7-6e30-4c05-bb33-2cb00ced6817: shutdown FollowerState
s3g_1       | 	at org.glassfish.jersey.ext.cdi1x.internal.CdiUtil.getBeanReference(CdiUtil.java:151)
scm_1       | 2019-10-04 10:41:46 INFO  Server:1849 - Auth successful for om/om@EXAMPLE.COM (auth:KERBEROS)
om_1        | 2019-10-04 10:41:16 INFO  Server:1849 - Auth successful for testuser/scm@EXAMPLE.COM (auth:KERBEROS)
datanode_1  | 2019-10-04 10:39:53 INFO  RoleInfo:121 - e07de64e-2d0f-468f-9be5-29904b46bb9c: shutdown FollowerState
datanode_3  | 2019-10-04 10:39:53 INFO  RaftServerImpl:170 - bd75ba2b-4211-4c22-bdb1-e33389efabab@group-FB9BEBE2D4E1: changes role from CANDIDATE to FOLLOWER at term 1 for DISCOVERED_A_NEW_TERM
kdc_1       | Oct 04 10:39:31 kdc kadmind[15](Notice): Request: kadm5_init, admin/admin@EXAMPLE.COM, success, client=admin/admin@EXAMPLE.COM, service=kadmin/admin@EXAMPLE.COM, addr=127.0.0.1, vers=4, flavor=6
datanode_2  | 2019-10-04 10:39:53 INFO  RaftServerImpl:170 - fe72a1c7-6e30-4c05-bb33-2cb00ced6817@group-FB9BEBE2D4E1: changes role from  FOLLOWER to CANDIDATE at term 0 for changeToCandidate
s3g_1       | 	at org.glassfish.jersey.ext.cdi1x.internal.AbstractCdiBeanSupplier$1.getInstance(AbstractCdiBeanSupplier.java:93)
om_1        | 2019-10-04 10:41:16 INFO  ServiceAuthorizationManager:138 - Authorization successful for testuser/scm@EXAMPLE.COM (auth:KERBEROS) for protocol=interface org.apache.hadoop.ozone.om.protocol.OzoneManagerProtocol
datanode_1  | 2019-10-04 10:39:53 INFO  RaftServerImpl:170 - e07de64e-2d0f-468f-9be5-29904b46bb9c@group-FB9BEBE2D4E1: changes role from  FOLLOWER to CANDIDATE at term 0 for changeToCandidate
datanode_3  | 2019-10-04 10:39:53 INFO  RoleInfo:134 - bd75ba2b-4211-4c22-bdb1-e33389efabab: shutdown LeaderElection
s3g_1       | 	at org.glassfish.jersey.ext.cdi1x.internal.AbstractCdiBeanSupplier._provide(AbstractCdiBeanSupplier.java:127)
om_1        | 2019-10-04 10:41:18 INFO  Server:1849 - Auth successful for testuser/scm@EXAMPLE.COM (auth:KERBEROS)
kdc_1       | Oct 04 10:39:31 kdc kadmind[15](Notice): Request: kadm5_randkey_principal, om/4db4d07f081f@EXAMPLE.COM, success, client=admin/admin@EXAMPLE.COM, service=kadmin/admin@EXAMPLE.COM, addr=127.0.0.1
scm_1       | 2019-10-04 10:41:46 INFO  ServiceAuthorizationManager:138 - Authorization successful for om/om@EXAMPLE.COM (auth:KERBEROS) for protocol=interface org.apache.hadoop.hdds.scm.protocol.ScmBlockLocationProtocol
datanode_2  | 2019-10-04 10:39:53 INFO  RoleInfo:143 - fe72a1c7-6e30-4c05-bb33-2cb00ced6817: start LeaderElection
datanode_1  | 2019-10-04 10:39:53 INFO  RoleInfo:143 - e07de64e-2d0f-468f-9be5-29904b46bb9c: start LeaderElection
datanode_3  | 2019-10-04 10:39:53 INFO  RoleInfo:143 - bd75ba2b-4211-4c22-bdb1-e33389efabab: start FollowerState
s3g_1       | 	at org.glassfish.jersey.ext.cdi1x.internal.RequestScopedCdiBeanSupplier.get(RequestScopedCdiBeanSupplier.java:70)
om_1        | 2019-10-04 10:41:18 INFO  ServiceAuthorizationManager:138 - Authorization successful for testuser/scm@EXAMPLE.COM (auth:KERBEROS) for protocol=interface org.apache.hadoop.ozone.om.protocol.OzoneManagerProtocol
kdc_1       | Oct 04 10:39:31 kdc kadmind[15](Notice): Request: kadm5_get_principal, om/4db4d07f081f@EXAMPLE.COM, success, client=admin/admin@EXAMPLE.COM, service=kadmin/admin@EXAMPLE.COM, addr=127.0.0.1
scm_1       | 2019-10-04 10:41:46 INFO  SCMBlockProtocolServer:212 - SCM is informed by OM to delete 1 blocks
datanode_1  | 2019-10-04 10:39:53 INFO  SegmentedRaftLogWorker:574 - e07de64e-2d0f-468f-9be5-29904b46bb9c@group-BA2EE14A49B6-SegmentedRaftLogWorker: created new log segment /data/metadata/ratis/0d41f25d-7061-45ef-b75c-ba2ee14a49b6/current/log_inprogress_0
datanode_3  | 2019-10-04 10:39:58 INFO  RaftServerImpl:170 - bd75ba2b-4211-4c22-bdb1-e33389efabab@group-FB9BEBE2D4E1: changes role from  FOLLOWER to FOLLOWER at term 2 for recognizeCandidate:fe72a1c7-6e30-4c05-bb33-2cb00ced6817
s3g_1       | 	at org.glassfish.jersey.inject.hk2.InstanceSupplierFactoryBridge.provide(InstanceSupplierFactoryBridge.java:77)
om_1        | 2019-10-04 10:41:21 INFO  Server:1849 - Auth successful for testuser/scm@EXAMPLE.COM (auth:KERBEROS)
scm_1       | 2019-10-04 10:41:46 INFO  BlockManagerImpl:269 - Deleting blocks conID: 4 locID: 102903686091112573 bcsId: 0
kdc_1       | Oct 04 10:39:31 kdc kadmind[15](info): closing down fd 18
datanode_2  | 2019-10-04 10:39:53 INFO  LeaderElection:178 - fe72a1c7-6e30-4c05-bb33-2cb00ced6817@group-FB9BEBE2D4E1-LeaderElection2: begin an election at term 1 for -1: [bd75ba2b-4211-4c22-bdb1-e33389efabab:172.18.0.9:9858, fe72a1c7-6e30-4c05-bb33-2cb00ced6817:172.18.0.6:9858, e07de64e-2d0f-468f-9be5-29904b46bb9c:172.18.0.7:9858], old=null
datanode_1  | 2019-10-04 10:39:53 INFO  LeaderElection:178 - e07de64e-2d0f-468f-9be5-29904b46bb9c@group-FB9BEBE2D4E1-LeaderElection2: begin an election at term 1 for -1: [bd75ba2b-4211-4c22-bdb1-e33389efabab:172.18.0.9:9858, fe72a1c7-6e30-4c05-bb33-2cb00ced6817:172.18.0.6:9858, e07de64e-2d0f-468f-9be5-29904b46bb9c:172.18.0.7:9858], old=null
datanode_3  | 2019-10-04 10:39:58 INFO  RoleInfo:121 - bd75ba2b-4211-4c22-bdb1-e33389efabab: shutdown FollowerState
s3g_1       | 	at org.jvnet.hk2.internal.FactoryCreator.create(FactoryCreator.java:153)
om_1        | 2019-10-04 10:41:21 INFO  ServiceAuthorizationManager:138 - Authorization successful for testuser/scm@EXAMPLE.COM (auth:KERBEROS) for protocol=interface org.apache.hadoop.ozone.om.protocol.OzoneManagerProtocol
scm_1       | 2019-10-04 10:41:48 INFO  Server:1849 - Auth successful for dn/35d411d50585@EXAMPLE.COM (auth:KERBEROS)
kdc_1       | Oct 04 10:39:31 kdc kadmind[15](Notice): Request: kadm5_init, admin/admin@EXAMPLE.COM, success, client=admin/admin@EXAMPLE.COM, service=kadmin/admin@EXAMPLE.COM, addr=127.0.0.1, vers=4, flavor=6
datanode_1  | 2019-10-04 10:39:53 INFO  LeaderElection:56 - e07de64e-2d0f-468f-9be5-29904b46bb9c@group-FB9BEBE2D4E1-LeaderElection2: Election REJECTED; received 2 response(s) [e07de64e-2d0f-468f-9be5-29904b46bb9c<-bd75ba2b-4211-4c22-bdb1-e33389efabab#0:FAIL-t1, e07de64e-2d0f-468f-9be5-29904b46bb9c<-fe72a1c7-6e30-4c05-bb33-2cb00ced6817#0:FAIL-t1] and 0 exception(s); e07de64e-2d0f-468f-9be5-29904b46bb9c@group-FB9BEBE2D4E1:t1, leader=null, voted=e07de64e-2d0f-468f-9be5-29904b46bb9c, raftlog=e07de64e-2d0f-468f-9be5-29904b46bb9c@group-FB9BEBE2D4E1-SegmentedRaftLog:OPENED:c-1,f-1,i0, conf=-1: [bd75ba2b-4211-4c22-bdb1-e33389efabab:172.18.0.9:9858, fe72a1c7-6e30-4c05-bb33-2cb00ced6817:172.18.0.6:9858, e07de64e-2d0f-468f-9be5-29904b46bb9c:172.18.0.7:9858], old=null
datanode_3  | 2019-10-04 10:39:58 INFO  RoleInfo:143 - bd75ba2b-4211-4c22-bdb1-e33389efabab: start FollowerState
s3g_1       | 	at org.jvnet.hk2.internal.SystemDescriptor.create(SystemDescriptor.java:487)
om_1        | 2019-10-04 10:41:24 INFO  Server:1849 - Auth successful for testuser/scm@EXAMPLE.COM (auth:KERBEROS)
scm_1       | 2019-10-04 10:41:48 INFO  ServiceAuthorizationManager:138 - Authorization successful for dn/35d411d50585@EXAMPLE.COM (auth:KERBEROS) for protocol=interface org.apache.hadoop.ozone.protocol.StorageContainerDatanodeProtocol
datanode_2  | 2019-10-04 10:39:53 INFO  LeaderElection:56 - fe72a1c7-6e30-4c05-bb33-2cb00ced6817@group-FB9BEBE2D4E1-LeaderElection2: Election REJECTED; received 2 response(s) [fe72a1c7-6e30-4c05-bb33-2cb00ced6817<-bd75ba2b-4211-4c22-bdb1-e33389efabab#0:FAIL-t1, fe72a1c7-6e30-4c05-bb33-2cb00ced6817<-e07de64e-2d0f-468f-9be5-29904b46bb9c#0:FAIL-t1] and 0 exception(s); fe72a1c7-6e30-4c05-bb33-2cb00ced6817@group-FB9BEBE2D4E1:t1, leader=null, voted=fe72a1c7-6e30-4c05-bb33-2cb00ced6817, raftlog=fe72a1c7-6e30-4c05-bb33-2cb00ced6817@group-FB9BEBE2D4E1-SegmentedRaftLog:OPENED:c-1,f-1,i0, conf=-1: [bd75ba2b-4211-4c22-bdb1-e33389efabab:172.18.0.9:9858, fe72a1c7-6e30-4c05-bb33-2cb00ced6817:172.18.0.6:9858, e07de64e-2d0f-468f-9be5-29904b46bb9c:172.18.0.7:9858], old=null
kdc_1       | Oct 04 10:39:31 kdc kadmind[15](Notice): Request: kadm5_get_policy, default, Policy does not exist, client=admin/admin@EXAMPLE.COM, service=kadmin/admin@EXAMPLE.COM, addr=127.0.0.1
datanode_1  | 2019-10-04 10:39:53 INFO  RaftServerImpl:170 - e07de64e-2d0f-468f-9be5-29904b46bb9c@group-FB9BEBE2D4E1: changes role from CANDIDATE to FOLLOWER at term 1 for DISCOVERED_A_NEW_TERM
datanode_3  | 2019-10-04 10:39:58 INFO  FollowerState:117 - bd75ba2b-4211-4c22-bdb1-e33389efabab@group-FB9BEBE2D4E1-FollowerState was interrupted: java.lang.InterruptedException: sleep interrupted
s3g_1       | 	at org.jvnet.hk2.internal.PerLookupContext.findOrCreate(PerLookupContext.java:70)
om_1        | 2019-10-04 10:41:24 INFO  ServiceAuthorizationManager:138 - Authorization successful for testuser/scm@EXAMPLE.COM (auth:KERBEROS) for protocol=interface org.apache.hadoop.ozone.om.protocol.OzoneManagerProtocol
scm_1       | 2019-10-04 10:41:48 INFO  Server:1849 - Auth successful for dn/e540d39df39f@EXAMPLE.COM (auth:KERBEROS)
datanode_2  | 2019-10-04 10:39:53 INFO  RaftServerImpl:170 - fe72a1c7-6e30-4c05-bb33-2cb00ced6817@group-FB9BEBE2D4E1: changes role from CANDIDATE to FOLLOWER at term 1 for DISCOVERED_A_NEW_TERM
kdc_1       | Oct 04 10:39:31 kdc kadmind[15](Notice): Request: kadm5_create_principal, s3g/scm@EXAMPLE.COM, success, client=admin/admin@EXAMPLE.COM, servOct 04 10:39:30 kdc krb5kdc[9](info): AS_REQ (8 etypes {18 17 20 19 16 23 25 26}) 127.0.0.1: SERVER_NOT_FOUND: admin/admin@EXAMPLE.COM for kadmin/localhost@EXAMPLE.COM, Server not found in Kerberos database
datanode_3  | 2019-10-04 10:39:59 INFO  RaftServerImpl:255 - bd75ba2b-4211-4c22-bdb1-e33389efabab@group-FB9BEBE2D4E1: change Leader from null to fe72a1c7-6e30-4c05-bb33-2cb00ced6817 at term 2 for appendEntries, leader elected after 10561ms
s3g_1       | 	at org.jvnet.hk2.internal.Utilities.createService(Utilities.java:2126)
datanode_1  | 2019-10-04 10:39:53 INFO  RoleInfo:134 - e07de64e-2d0f-468f-9be5-29904b46bb9c: shutdown LeaderElection
om_1        | 2019-10-04 10:41:27 INFO  Server:1849 - Auth successful for testuser/scm@EXAMPLE.COM (auth:KERBEROS)
scm_1       | 2019-10-04 10:41:48 INFO  ServiceAuthorizationManager:138 - Authorization successful for dn/e540d39df39f@EXAMPLE.COM (auth:KERBEROS) for protocol=interface org.apache.hadoop.ozone.protocol.StorageContainerDatanodeProtocol
datanode_2  | 2019-10-04 10:39:53 INFO  RoleInfo:134 - fe72a1c7-6e30-4c05-bb33-2cb00ced6817: shutdown LeaderElection
kdc_1       | Oct 04 10:39:30 kdc krb5kdc[9](info): AS_REQ (8 etypes {18 17 20 19 16 23 25 26}) 127.0.0.1: ISSUE: authtime 1570185570, etypes {rep=18 tkt=18 ses=18}, admin/admin@EXAMPLE.COM for kadmin/admin@EXAMPLE.COM
datanode_3  | 2019-10-04 10:39:59 INFO  RaftServerImpl:356 - bd75ba2b-4211-4c22-bdb1-e33389efabab@group-FB9BEBE2D4E1: set configuration 0: [bd75ba2b-4211-4c22-bdb1-e33389efabab:172.18.0.9:9858, fe72a1c7-6e30-4c05-bb33-2cb00ced6817:172.18.0.6:9858, e07de64e-2d0f-468f-9be5-29904b46bb9c:172.18.0.7:9858], old=null at 0
s3g_1       | 	at org.jvnet.hk2.internal.ServiceLocatorImpl.internalGetService(ServiceLocatorImpl.java:777)
om_1        | 2019-10-04 10:41:27 INFO  ServiceAuthorizationManager:138 - Authorization successful for testuser/scm@EXAMPLE.COM (auth:KERBEROS) for protocol=interface org.apache.hadoop.ozone.om.protocol.OzoneManagerProtocol
scm_1       | 2019-10-04 10:41:54 INFO  Server:1849 - Auth successful for dn/35d411d50585@EXAMPLE.COM (auth:KERBEROS)
datanode_1  | 2019-10-04 10:39:53 INFO  RoleInfo:143 - e07de64e-2d0f-468f-9be5-29904b46bb9c: start FollowerState
kdc_1       | Oct 04 10:39:30 kdc krb5kdc[9](info): AS_REQ (8 etypes {18 17 20 19 16 23 25 26}) 127.0.0.1: SERVER_NOT_FOUND: admin/admin@EXAMPLE.COM for kadmin/localhost@EXAMPLE.COM, Server not found in Kerberos database
datanode_3  | 2019-10-04 10:39:59 INFO  SegmentedRaftLogWorker:385 - bd75ba2b-4211-4c22-bdb1-e33389efabab@group-FB9BEBE2D4E1-SegmentedRaftLogWorker: Starting segment from index:0
s3g_1       | 	at org.jvnet.hk2.internal.ServiceLocatorImpl.internalGetService(ServiceLocatorImpl.java:740)
om_1        | 2019-10-04 10:41:29 INFO  Server:1849 - Auth successful for testuser/scm@EXAMPLE.COM (auth:KERBEROS)
scm_1       | 2019-10-04 10:41:54 INFO  ServiceAuthorizationManager:138 - Authorization successful for dn/35d411d50585@EXAMPLE.COM (auth:KERBEROS) for protocol=interface org.apache.hadoop.hdds.protocol.SCMSecurityProtocol
datanode_1  | 2019-10-04 10:39:58 INFO  RaftServerImpl:170 - e07de64e-2d0f-468f-9be5-29904b46bb9c@group-FB9BEBE2D4E1: changes role from  FOLLOWER to FOLLOWER at term 2 for recognizeCandidate:fe72a1c7-6e30-4c05-bb33-2cb00ced6817
kdc_1       | Oct 04 10:39:30 kdc krb5kdc[9](info): AS_REQ (8 etypes {18 17 20 19 16 23 25 26}) 127.0.0.1: ISSUE: authtime 1570185570, etypes {rep=18 tkt=18 ses=18}, admin/admin@EXAMPLE.COM for kadmin/admin@EXAMPLE.COM
datanode_3  | 2019-10-04 10:39:59 INFO  SegmentedRaftLogWorker:574 - bd75ba2b-4211-4c22-bdb1-e33389efabab@group-FB9BEBE2D4E1-SegmentedRaftLogWorker: created new log segment /data/metadata/ratis/18730de6-2dce-46c2-b51d-fb9bebe2d4e1/current/log_inprogress_0
datanode_2  | 2019-10-04 10:39:53 INFO  RoleInfo:143 - fe72a1c7-6e30-4c05-bb33-2cb00ced6817: start FollowerState
s3g_1       | 	at org.jvnet.hk2.internal.ServiceLocatorImpl.getService(ServiceLocatorImpl.java:710)
om_1        | 2019-10-04 10:41:30 INFO  ServiceAuthorizationManager:138 - Authorization successful for testuser/scm@EXAMPLE.COM (auth:KERBEROS) for protocol=interface org.apache.hadoop.ozone.om.protocol.OzoneManagerProtocol
scm_1       | 2019-10-04 10:42:11 INFO  Server:1849 - Auth successful for dn/4db4d07f081f@EXAMPLE.COM (auth:KERBEROS)
kdc_1       | Oct 04 10:39:30 kdc krb5kdc[9](info): AS_REQ (8 etypes {18 17 20 19 16 23 25 26}) 127.0.0.1: SERVER_NOT_FOUND: admin/admin@EXAMPLE.COM for kadmin/localhost@EXAMPLE.COM, Server not found in Kerberos daice=kadmin/admin@EXAMPLE.COM, addr=127.0.0.1
datanode_3  | 2019-10-04 10:41:54 INFO  DNCertificateClient:278 - Getting certificate with certSerialId:10532340542900309.
s3g_1       | 	at org.glassfish.jersey.inject.hk2.AbstractHk2InjectionManager.getInstance(AbstractHk2InjectionManager.java:184)
datanode_2  | 2019-10-04 10:39:58 INFO  FollowerState:108 - fe72a1c7-6e30-4c05-bb33-2cb00ced6817@group-FB9BEBE2D4E1-FollowerState: change to CANDIDATE, lastRpcTime:5088ms, electionTimeout:5086ms
datanode_1  | 2019-10-04 10:39:58 INFO  RoleInfo:121 - e07de64e-2d0f-468f-9be5-29904b46bb9c: shutdown FollowerState
om_1        | 2019-10-04 10:41:32 INFO  Server:1849 - Auth successful for testuser/scm@EXAMPLE.COM (auth:KERBEROS)
scm_1       | 2019-10-04 10:42:11 INFO  ServiceAuthorizationManager:138 - Authorization successful for dn/4db4d07f081f@EXAMPLE.COM (auth:KERBEROS) for protocol=interface org.apache.hadoop.ozone.protocol.StorageContainerDatanodeProtocol
kdc_1       | Oct 04 10:39:31 kdc kadmind[15](info): closing down fd 18
datanode_3  | 2019-10-04 10:41:55 WARN  GrpcClientProtocolService:134 - 0-OrderedRequestStreamObserver0: onError: org.apache.ratis.thirdparty.io.grpc.StatusRuntimeException: CANCELLED: cancelled before receiving half close
s3g_1       | 	at org.glassfish.jersey.inject.hk2.ImmediateHk2InjectionManager.getInstance(ImmediateHk2InjectionManager.java:54)
datanode_2  | 2019-10-04 10:39:58 INFO  RoleInfo:121 - fe72a1c7-6e30-4c05-bb33-2cb00ced6817: shutdown FollowerState
datanode_1  | 2019-10-04 10:39:58 INFO  RoleInfo:143 - e07de64e-2d0f-468f-9be5-29904b46bb9c: start FollowerState
om_1        | 2019-10-04 10:41:32 INFO  ServiceAuthorizationManager:138 - Authorization successful for testuser/scm@EXAMPLE.COM (auth:KERBEROS) for protocol=interface org.apache.hadoop.ozone.om.protocol.OzoneManagerProtocol
scm_1       | 2019-10-04 10:42:18 INFO  Server:1849 - Auth successful for dn/e540d39df39f@EXAMPLE.COM (auth:KERBEROS)
kdc_1       | Oct 04 10:39:31 kdc kadmind[15](Notice): Request: kadm5_init, admin/admin@EXAMPLE.COM, success, client=admin/admin@EXAMPLE.COM, service=kadmin/admin@EXAMPLE.COM, addr=127.0.0.1, vers=4, flavor=6
datanode_3  | 2019-10-04 10:45:07 WARN  GrpcClientProtocolService:134 - 1-OrderedRequestStreamObserver1: onError: org.apache.ratis.thirdparty.io.grpc.StatusRuntimeException: CANCELLED: cancelled before receiving half close
datanode_2  | 2019-10-04 10:39:58 INFO  RaftServerImpl:170 - fe72a1c7-6e30-4c05-bb33-2cb00ced6817@group-FB9BEBE2D4E1: changes role from  FOLLOWER to CANDIDATE at term 1 for changeToCandidate
datanode_1  | 2019-10-04 10:39:58 INFO  FollowerState:117 - e07de64e-2d0f-468f-9be5-29904b46bb9c@group-FB9BEBE2D4E1-FollowerState was interrupted: java.lang.InterruptedException: sleep interrupted
om_1        | 2019-10-04 10:41:35 INFO  Server:1849 - Auth successful for testuser/scm@EXAMPLE.COM (auth:KERBEROS)
kdc_1       | Oct 04 10:39:31 kdc kadmind[15](Notice): Request: kadm5_randkey_principal, s3g/scm@EXAMPLE.COM, success, client=admin/admin@EXAMPLE.COM, service=kadmin/admin@EXAMPLE.COM, addr=127.0.0.1
datanode_3  | 2019-10-04 10:49:03 WARN  GrpcClientProtocolService:134 - 4-OrderedRequestStreamObserver4: onError: org.apache.ratis.thirdparty.io.grpc.StatusRuntimeException: CANCELLED: cancelled before receiving half close
scm_1       | 2019-10-04 10:42:18 INFO  ServiceAuthorizationManager:138 - Authorization successful for dn/e540d39df39f@EXAMPLE.COM (auth:KERBEROS) for protocol=interface org.apache.hadoop.ozone.protocol.StorageContainerDatanodeProtocol
s3g_1       | 	at org.glassfish.jersey.internal.inject.Injections.getOrCreate(Injections.java:129)
datanode_2  | 2019-10-04 10:39:58 INFO  RoleInfo:143 - fe72a1c7-6e30-4c05-bb33-2cb00ced6817: start LeaderElection
datanode_1  | 2019-10-04 10:39:59 INFO  RaftServerImpl:255 - e07de64e-2d0f-468f-9be5-29904b46bb9c@group-FB9BEBE2D4E1: change Leader from null to fe72a1c7-6e30-4c05-bb33-2cb00ced6817 at term 2 for appendEntries, leader elected after 10521ms
om_1        | 2019-10-04 10:41:35 INFO  ServiceAuthorizationManager:138 - Authorization successful for testuser/scm@EXAMPLE.COM (auth:KERBEROS) for protocol=interface org.apache.hadoop.ozone.om.protocol.OzoneManagerProtocol
kdc_1       | Oct 04 10:39:31 kdc kadmind[15](Notice): Request: kadm5_get_principal, s3g/scm@EXAMPLE.COM, success, client=admin/admin@EXAMPLE.COM, service=kadmin/admin@EXAMPLE.COM, addr=127.0.0.1
scm_1       | 2019-10-04 10:42:24 INFO  Server:1849 - Auth successful for dn/35d411d50585@EXAMPLE.COM (auth:KERBEROS)
datanode_2  | 2019-10-04 10:39:58 INFO  LeaderElection:178 - fe72a1c7-6e30-4c05-bb33-2cb00ced6817@group-FB9BEBE2D4E1-LeaderElection3: begin an election at term 2 for -1: [bd75ba2b-4211-4c22-bdb1-e33389efabab:172.18.0.9:9858, fe72a1c7-6e30-4c05-bb33-2cb00ced6817:172.18.0.6:9858, e07de64e-2d0f-468f-9be5-29904b46bb9c:172.18.0.7:9858], old=null
s3g_1       | 	at org.glassfish.jersey.server.model.MethodHandler$ClassBasedMethodHandler.getInstance(MethodHandler.java:284)
datanode_1  | 2019-10-04 10:39:59 INFO  RaftServerImpl:356 - e07de64e-2d0f-468f-9be5-29904b46bb9c@group-FB9BEBE2D4E1: set configuration 0: [bd75ba2b-4211-4c22-bdb1-e33389efabab:172.18.0.9:9858, fe72a1c7-6e30-4c05-bb33-2cb00ced6817:172.18.0.6:9858, e07de64e-2d0f-468f-9be5-29904b46bb9c:172.18.0.7:9858], old=null at 0
om_1        | 2019-10-04 10:41:36 ERROR OMBucketAddAclRequest:112 - Add acl [user:superuser1:rwxy[ACCESS]] to path /56365-rpcwoport2/bb1 failed, because acl already exist
kdc_1       | Oct 04 10:39:31 kdc kadmind[15](info): closing down fd 18
scm_1       | 2019-10-04 10:42:24 INFO  ServiceAuthorizationManager:138 - Authorization successful for dn/35d411d50585@EXAMPLE.COM (auth:KERBEROS) for protocol=interface org.apache.hadoop.ozone.protocol.StorageContainerDatanodeProtocol
datanode_2  | 2019-10-04 10:39:59 INFO  LeaderElection:56 - fe72a1c7-6e30-4c05-bb33-2cb00ced6817@group-FB9BEBE2D4E1-LeaderElection3: Election PASSED; received 1 response(s) [fe72a1c7-6e30-4c05-bb33-2cb00ced6817<-e07de64e-2d0f-468f-9be5-29904b46bb9c#0:OK-t2] and 0 exception(s); fe72a1c7-6e30-4c05-bb33-2cb00ced6817@group-FB9BEBE2D4E1:t2, leader=null, voted=fe72a1c7-6e30-4c05-bb33-2cb00ced6817, raftlog=fe72a1c7-6e30-4c05-bb33-2cb00ced6817@group-FB9BEBE2D4E1-SegmentedRaftLog:OPENED:c-1,f-1,i0, conf=-1: [bd75ba2b-4211-4c22-bdb1-e33389efabab:172.18.0.9:9858, fe72a1c7-6e30-4c05-bb33-2cb00ced6817:172.18.0.6:9858, e07de64e-2d0f-468f-9be5-29904b46bb9c:172.18.0.7:9858], old=null
datanode_1  | 2019-10-04 10:39:59 INFO  SegmentedRaftLogWorker:385 - e07de64e-2d0f-468f-9be5-29904b46bb9c@group-FB9BEBE2D4E1-SegmentedRaftLogWorker: Starting segment from index:0
om_1        | 2019-10-04 10:41:38 INFO  Server:1849 - Auth successful for testuser/scm@EXAMPLE.COM (auth:KERBEROS)
kdc_1       | Oct 04 10:39:31 kdc kadmind[15](Notice): Request: kadm5_init, admin/admin@EXAMPLE.COM, success, client=admin/admin@EXAMPLE.COM, service=kadmin/admin@EXAMPLE.COM, addr=127.0.0.1, vers=4, flavor=6
scm_1       | 2019-10-04 10:42:39 INFO  Server:1849 - Auth successful for om/om@EXAMPLE.COM (auth:KERBEROS)
datanode_2  | 2019-10-04 10:39:59 INFO  RoleInfo:134 - fe72a1c7-6e30-4c05-bb33-2cb00ced6817: shutdown LeaderElection
datanode_1  | 2019-10-04 10:39:59 INFO  SegmentedRaftLogWorker:574 - e07de64e-2d0f-468f-9be5-29904b46bb9c@group-FB9BEBE2D4E1-SegmentedRaftLogWorker: created new log segment /data/metadata/ratis/18730de6-2dce-46c2-b51d-fb9bebe2d4e1/current/log_inprogress_0
om_1        | 2019-10-04 10:41:38 INFO  ServiceAuthorizationManager:138 - Authorization successful for testuser/scm@EXAMPLE.COM (auth:KERBEROS) for protocol=interface org.apache.hadoop.ozone.om.protocol.OzoneManagerProtocol
s3g_1       | 	at org.glassfish.jersey.server.internal.routing.PushMethodHandlerRouter.apply(PushMethodHandlerRouter.java:75)
kdc_1       | Oct 04 10:39:31 kdc kadmind[15](Notice): Request: kadm5_get_policy, default, Policy does not exist, client=admin/admin@EXAMPLE.COM, service=kadmin/admin@EXAMPLE.COM, addr=127.0.0.1
datanode_2  | 2019-10-04 10:39:59 INFO  RaftServerImpl:170 - fe72a1c7-6e30-4c05-bb33-2cb00ced6817@group-FB9BEBE2D4E1: changes role from CANDIDATE to LEADER at term 2 for changeToLeader
scm_1       | 2019-10-04 10:42:39 INFO  ServiceAuthorizationManager:138 - Authorization successful for om/om@EXAMPLE.COM (auth:KERBEROS) for protocol=interface org.apache.hadoop.hdds.scm.protocol.ScmBlockLocationProtocol
datanode_1  | 2019-10-04 10:48:39 INFO  DNCertificateClient:278 - Getting certificate with certSerialId:10532340542900309.
om_1        | 2019-10-04 10:41:41 INFO  Server:1849 - Auth successful for testuser/scm@EXAMPLE.COM (auth:KERBEROS)
s3g_1       | 	at org.glassfish.jersey.server.internal.routing.RoutingStage._apply(RoutingStage.java:110)
kdc_1       | Oct 04 10:39:31 kdc kadmind[15](Notice): Request: kadm5_create_principal, om/s3g@EXAMPLE.COM, success, client=admin/admin@EXAMPLE.COM, service=kadmin/admin@EXAMPLE.COM, addr=127.0.0.1
datanode_2  | 2019-10-04 10:39:59 INFO  RaftServerImpl:255 - fe72a1c7-6e30-4c05-bb33-2cb00ced6817@group-FB9BEBE2D4E1: change Leader from null to fe72a1c7-6e30-4c05-bb33-2cb00ced6817 at term 2 for becomeLeader, leader elected after 10442ms
scm_1       | 2019-10-04 10:42:41 INFO  Server:1849 - Auth successful for dn/4db4d07f081f@EXAMPLE.COM (auth:KERBEROS)
om_1        | 2019-10-04 10:41:41 INFO  ServiceAuthorizationManager:138 - Authorization successful for testuser/scm@EXAMPLE.COM (auth:KERBEROS) for protocol=interface org.apache.hadoop.ozone.om.protocol.OzoneManagerProtocol
s3g_1       | 	at org.glassfish.jersey.server.internal.routing.RoutingStage._apply(RoutingStage.java:113)
datanode_2  | 2019-10-04 10:39:59 INFO  RaftServerConfigKeys:43 - raft.server.staging.catchup.gap = 1000 (default)
scm_1       | 2019-10-04 10:42:41 INFO  ServiceAuthorizationManager:138 - Authorization successful for dn/4db4d07f081f@EXAMPLE.COM (auth:KERBEROS) for protocol=interface org.apache.hadoop.ozone.protocol.StorageContainerDatanodeProtocol
kdc_1       | Oct 04 10:39:31 kdc kadmind[15](info): closing down fd 18
om_1        | 2019-10-04 10:41:44 INFO  Server:1849 - Auth successful for testuser/scm@EXAMPLE.COM (auth:KERBEROS)
datanode_2  | 2019-10-04 10:39:59 INFO  RaftServerConfigKeys:43 - raft.server.rpc.sleep.time = 25ms (default)
s3g_1       | 	at org.glassfish.jersey.server.internal.routing.RoutingStage._apply(RoutingStage.java:113)
scm_1       | 2019-10-04 10:42:48 INFO  Server:1849 - Auth successful for dn/e540d39df39f@EXAMPLE.COM (auth:KERBEROS)
kdc_1       | Oct 04 10:39:31 kdc kadmind[15](Notice): Request: kadm5_init, admin/admin@EXAMPLE.COM, success, client=admin/admin@EXAMPLE.COM, service=kadmin/admin@EXAMPLE.COM, addr=127.0.0.1, vers=4, flavor=6
om_1        | 2019-10-04 10:41:44 INFO  ServiceAuthorizationManager:138 - Authorization successful for testuser/scm@EXAMPLE.COM (auth:KERBEROS) for protocol=interface org.apache.hadoop.ozone.om.protocol.OzoneManagerProtocol
datanode_2  | 2019-10-04 10:39:59 INFO  RaftServerConfigKeys:43 - raft.server.write.element-limit = 4096 (default)
s3g_1       | 	at org.glassfish.jersey.server.internal.routing.RoutingStage._apply(RoutingStage.java:113)
scm_1       | 2019-10-04 10:42:48 INFO  ServiceAuthorizationManager:138 - Authorization successful for dn/e540d39df39f@EXAMPLE.COM (auth:KERBEROS) for protocol=interface org.apache.hadoop.ozone.protocol.StorageContainerDatanodeProtocol
kdc_1       | Oct 04 10:39:31 kdc kadmind[15](Notice): Request: kadm5_randkey_principal, om/s3g@EXAMPLE.COM, success, client=admin/admin@EXAMPLE.COM, service=kadmin/admin@EXAMPLE.COM, addr=127.0.0.1
datanode_2  | 2019-10-04 10:39:59 INFO  RaftServerConfigKeys:43 - raft.server.watch.timeout = 10s (default)
om_1        | 2019-10-04 10:41:46 INFO  Server:1849 - Auth successful for testuser/scm@EXAMPLE.COM (auth:KERBEROS)
s3g_1       | 	at org.glassfish.jersey.server.internal.routing.RoutingStage.apply(RoutingStage.java:93)
scm_1       | 2019-10-04 10:42:54 INFO  Server:1849 - Auth successful for dn/35d411d50585@EXAMPLE.COM (auth:KERBEROS)
kdc_1       | Oct 04 10:39:31 kdc kadmind[15](Notice): Request: kadm5_get_principal, om/s3g@EXAMPLE.COM, success, client=admin/admin@EXAMPLE.COM, service=kadmin/admin@EXAMPLE.COM, addr=127.0.0.1
datanode_2  | 2019-10-04 10:39:59 INFO  RaftServerConfigKeys:43 - raft.server.watch.timeout.denomination = 1s (default)
om_1        | 2019-10-04 10:41:46 INFO  ServiceAuthorizationManager:138 - Authorization successful for testuser/scm@EXAMPLE.COM (auth:KERBEROS) for protocol=interface org.apache.hadoop.ozone.om.protocol.OzoneManagerProtocol
s3g_1       | 	at org.glassfish.jersey.server.internal.routing.RoutingStage.apply(RoutingStage.java:62)
scm_1       | 2019-10-04 10:42:54 INFO  ServiceAuthorizationManager:138 - Authorization successful for dn/35d411d50585@EXAMPLE.COM (auth:KERBEROS) for protocol=interface org.apache.hadoop.ozone.protocol.StorageContainerDatanodeProtocol
kdc_1       | Oct 04 10:39:31 kdc kadmind[15](info): closing down fd 18
datanode_2  | 2019-10-04 10:39:59 INFO  RaftServerConfigKeys:43 - raft.server.watch.element-limit = 65536 (default)
om_1        | 2019-10-04 10:41:49 INFO  Server:1849 - Auth successful for testuser/scm@EXAMPLE.COM (auth:KERBEROS)
s3g_1       | 	at org.glassfish.jersey.process.internal.Stages.process(Stages.java:197)
scm_1       | 2019-10-04 10:43:11 INFO  Server:1849 - Auth successful for dn/4db4d07f081f@EXAMPLE.COM (auth:KERBEROS)
kdc_1       | Oct 04 10:39:31 kdc kadmind[15](Notice): Request: kadm5_init, admin/admin@EXAMPLE.COM, tabase
om_1        | 2019-10-04 10:41:49 INFO  ServiceAuthorizationManager:138 - Authorization successful for testuser/scm@EXAMPLE.COM (auth:KERBEROS) for protocol=interface org.apache.hadoop.ozone.om.protocol.OzoneManagerProtocol
datanode_2  | 2019-10-04 10:39:59 INFO  RaftServerConfigKeys:43 - raft.server.log.appender.snapshot.chunk.size.max = 16MB (=16777216) (default)
s3g_1       | 	at org.glassfish.jersey.server.ServerRuntime$1.run(ServerRuntime.java:269)
scm_1       | 2019-10-04 10:43:11 INFO  ServiceAuthorizationManager:138 - Authorization successful for dn/4db4d07f081f@EXAMPLE.COM (auth:KERBEROS) for protocol=interface org.apache.hadoop.ozone.protocol.StorageContainerDatanodeProtocol
kdc_1       | Oct 04 10:39:30 kdc krb5kdc[9](info): AS_REQ (8 etypes {18 17 20 19 16 23 25 26}) 127.0.0.1: ISSUE: authtime 1570185570, etypes {rep=18 tkt=18 ses=18}, admin/admin@EXAMPLE.COM for kadmin/admin@EXAMPLE.COM
om_1        | 2019-10-04 10:41:52 INFO  Server:1849 - Auth successful for testuser/scm@EXAMPLE.COM (auth:KERBEROS)
datanode_2  | 2019-10-04 10:39:59 INFO  RaftServerConfigKeys:43 - raft.server.log.appender.buffer.byte-limit = 33554432 (custom)
s3g_1       | 	at org.glassfish.jersey.internal.Errors$1.call(Errors.java:272)
scm_1       | 2019-10-04 10:43:18 INFO  Server:1849 - Auth successful for dn/e540d39df39f@EXAMPLE.COM (auth:KERBEROS)
kdc_1       | Oct 04 10:39:30 kdc krb5kdc[9](info): AS_REQ (8 etypes {18 17 20 19 16 23 25 26}) 127.0.0.1: SERVER_NOT_FOUND: admin/admin@EXAMPLE.COM for kadmin/localhost@EXAMPLE.COM, Server not found in Kerberos database
om_1        | 2019-10-04 10:41:52 INFO  ServiceAuthorizationManager:138 - Authorization successful for testuser/scm@EXAMPLE.COM (auth:KERBEROS) for protocol=interface org.apache.hadoop.ozone.om.protocol.OzoneManagerProtocol
datanode_2  | 2019-10-04 10:39:59 INFO  RaftServerConfigKeys:43 - raft.server.log.appender.buffer.element-limit = 1 (custom)
s3g_1       | 	at org.glassfish.jersey.internal.Errors$1.call(Errors.java:268)
scm_1       | 2019-10-04 10:43:18 INFO  ServiceAuthorizationManager:138 - Authorization successful for dn/e540d39df39f@EXAMPLE.COM (auth:KERBEROS) for protocol=interface org.apache.hadoop.ozone.protocol.StorageContainerDatanodeProtocol
om_1        | 2019-10-04 10:41:57 INFO  Server:1849 - Auth successful for testuser/scm@EXAMPLE.COM (auth:KERBEROS)
datanode_2  | 2019-10-04 10:39:59 INFO  GrpcConfigKeys$Server:43 - raft.grpc.server.leader.outstanding.appends.max = 128 (default)
kdc_1       | Oct 04 10:39:30 kdc krb5kdc[9](info): AS_REQ (8 etypes {18 17 20 19 16 23 25 26}) 127.0.0.1: ISSUE: authtime 1570185570, etypes {rep=18 tkt=18 ses=18}, admin/admin@EXAMPLE.COM for kadmin/admin@EXAMPLE.COM
s3g_1       | 	at org.glassfish.jersey.internal.Errors.process(Errors.java:316)
scm_1       | 2019-10-04 10:43:24 INFO  Server:1849 - Auth successful for dn/35d411d50585@EXAMPLE.COM (auth:KERBEROS)
om_1        | 2019-10-04 10:41:57 INFO  ServiceAuthorizationManager:138 - Authorization successful for testuser/scm@EXAMPLE.COM (auth:KERBEROS) for protocol=interface org.apache.hadoop.ozone.om.protocol.OzoneManagerProtocol
datanode_2  | 2019-10-04 10:39:59 INFO  RaftServerConfigKeys:43 - raft.server.rpc.request.timeout = 3000ms (default)
kdc_1       | Oct 04 10:39:31 kdc krb5kdc[9](info): AS_REQ (8 etypes {18 17 20 19 16 23 25 26}) 127.0.0.1: SERVER_NOT_FOUND: admin/admin@EXAMPLE.COM for kadmin/localhost@EXAMPLE.COM, Server not found in Kerberos database
scm_1       | 2019-10-04 10:43:24 INFO  ServiceAuthorizationManager:138 - Authorization successful for dn/35d411d50585@EXAMPLE.COM (auth:KERBEROS) for protocol=interface org.apache.hadoop.ozone.protocol.StorageContainerDatanodeProtocol
s3g_1       | 	at org.glassfish.jersey.internal.Errors.process(Errors.java:298)
om_1        | 2019-10-04 10:42:00 INFO  Server:1849 - Auth successful for testuser/scm@EXAMPLE.COM (auth:KERBEROS)
kdc_1       | Oct 04 10:39:31 kdc krb5kdc[9](info): AS_REQ (8 etypes {18 17 20 19 16 23 25 26}) 127.0.0.1: ISSUE: authtime 1570185571, etypes {rep=18 tkt=18 ses=18}, admin/admin@EXAMPLE.COM for kadmin/admin@success, client=admin/admin@EXAMPLE.COM, service=kadmin/admin@EXAMPLE.COM, addr=127.0.0.1, vers=4, flavor=6
scm_1       | 2019-10-04 10:43:31 INFO  Server:1849 - Auth successful for om/om@EXAMPLE.COM (auth:KERBEROS)
datanode_2  | 2019-10-04 10:39:59 INFO  RaftServerConfigKeys:43 - raft.server.log.appender.install.snapshot.enabled = false (custom)
s3g_1       | 	at org.glassfish.jersey.internal.Errors.process(Errors.java:268)
kdc_1       | Oct 04 10:39:31 kdc kadmind[15](Notice): Request: kadm5_get_policy, default, Policy does not exist, client=admin/admin@EXAMPLE.COM, service=kadmin/admin@EXAMPLE.COM, addr=127.0.0.1
scm_1       | 2019-10-04 10:43:31 INFO  ServiceAuthorizationManager:138 - Authorization successful for om/om@EXAMPLE.COM (auth:KERBEROS) for protocol=interface org.apache.hadoop.hdds.scm.protocol.ScmBlockLocationProtocol
datanode_2  | 2019-10-04 10:39:59 INFO  RaftServerConfigKeys:43 - raft.server.log.appender.snapshot.chunk.size.max = 16MB (=16777216) (default)
om_1        | 2019-10-04 10:42:00 INFO  ServiceAuthorizationManager:138 - Authorization successful for testuser/scm@EXAMPLE.COM (auth:KERBEROS) for protocol=interface org.apache.hadoop.ozone.om.protocol.OzoneManagerProtocol
s3g_1       | 	at org.glassfish.jersey.process.internal.RequestScope.runInScope(RequestScope.java:289)
scm_1       | 2019-10-04 10:43:32 INFO  Server:1849 - Auth successful for dn/4db4d07f081f@EXAMPLE.COM (auth:KERBEROS)
kdc_1       | Oct 04 10:39:31 kdc kadmind[15](Notice): Request: kadm5_create_principal, om/35d411d50585@EXAMPLE.COM, success, client=admin/admin@EXAMPLE.COM, service=kadmin/admin@EXAMPLE.COM, addr=127.0.0.1
om_1        | 2019-10-04 10:42:02 INFO  Server:1849 - Auth successful for testuser/scm@EXAMPLE.COM (auth:KERBEROS)
s3g_1       | 	at org.glassfish.jersey.server.ServerRuntime.process(ServerRuntime.java:256)
datanode_2  | 2019-10-04 10:39:59 INFO  RaftServerConfigKeys:43 - raft.server.log.appender.buffer.byte-limit = 33554432 (custom)
scm_1       | 2019-10-04 10:43:32 INFO  ServiceAuthorizationManager:138 - Authorization successful for dn/4db4d07f081f@EXAMPLE.COM (auth:KERBEROS) for protocol=interface org.apache.hadoop.ozone.protocol.StorageContainerDatanodeProtocol
kdc_1       | Oct 04 10:39:31 kdc kadmind[15](info): closing down fd 18
om_1        | 2019-10-04 10:42:02 INFO  ServiceAuthorizationManager:138 - Authorization successful for testuser/scm@EXAMPLE.COM (auth:KERBEROS) for protocol=interface org.apache.hadoop.ozone.om.protocol.OzoneManagerProtocol
s3g_1       | 	at org.glassfish.jersey.server.ApplicationHandler.handle(ApplicationHandler.java:703)
datanode_2  | 2019-10-04 10:39:59 INFO  RaftServerConfigKeys:43 - raft.server.log.appender.buffer.element-limit = 1 (custom)
scm_1       | 2019-10-04 10:43:46 INFO  Server:1849 - Auth successful for om/om@EXAMPLE.COM (auth:KERBEROS)
kdc_1       | Oct 04 10:39:31 kdc kadmind[15](Notice): Request: kadm5_init, admin/admin@EXAMPLE.COM, success, client=admin/admin@EXAMPLE.COM, service=kadmin/admin@EXAMPLE.COM, addr=127.0.0.1, vers=4, flavor=6
om_1        | 2019-10-04 10:42:05 INFO  Server:1849 - Auth successful for testuser/scm@EXAMPLE.COM (auth:KERBEROS)
s3g_1       | 	at org.glassfish.jersey.servlet.WebComponent.serviceImpl(WebComponent.java:416)
datanode_2  | 2019-10-04 10:39:59 INFO  GrpcConfigKeys$Server:43 - raft.grpc.server.leader.outstanding.appends.max = 128 (default)
scm_1       | 2019-10-04 10:43:46 INFO  ServiceAuthorizationManager:138 - Authorization successful for om/om@EXAMPLE.COM (auth:KERBEROS) for protocol=interface org.apache.hadoop.hdds.scm.protocol.ScmBlockLocationProtocol
kdc_1       | Oct 04 10:39:31 kdc kadmind[15](Notice): Request: kadm5_randkey_principal, om/35d411d50585@EXAMPLE.COM, success, client=admin/admin@EXAMPLE.COM, service=kadmin/admin@EXAMPLE.COM, addr=127.0.0.1
om_1        | 2019-10-04 10:42:05 INFO  ServiceAuthorizationManager:138 - Authorization successful for testuser/scm@EXAMPLE.COM (auth:KERBEROS) for protocol=interface org.apache.hadoop.ozone.om.protocol.OzoneManagerProtocol
s3g_1       | 	at org.glassfish.jersey.servlet.WebComponent.service(WebComponent.java:370)
datanode_2  | 2019-10-04 10:39:59 INFO  RaftServerConfigKeys:43 - raft.server.rpc.request.timeout = 3000ms (default)
scm_1       | 2019-10-04 10:43:46 INFO  SCMBlockProtocolServer:212 - SCM is informed by OM to delete 1 blocks
kdc_1       | Oct 04 10:39:31 kdc kadmind[15](Notice): Request: kadm5_get_principal, om/35d411d50585@EXAMPLE.EXAMPLE.COM
om_1        | 2019-10-04 10:42:08 INFO  Server:1849 - Auth successful for testuser/scm@EXAMPLE.COM (auth:KERBEROS)
s3g_1       | 	at org.glassfish.jersey.servlet.ServletContainer.service(ServletContainer.java:389)
datanode_2  | 2019-10-04 10:39:59 INFO  RaftServerConfigKeys:43 - raft.server.log.appender.install.snapshot.enabled = false (custom)
scm_1       | 2019-10-04 10:43:46 INFO  BlockManagerImpl:269 - Deleting blocks conID: 6 locID: 102903693952876671 bcsId: 0
kdc_1       | Oct 04 10:39:31 kdc krb5kdc[9](info): AS_REQ (8 etypes {18 17 20 19 16 23 25 26}) 127.0.0.1: SERVER_NOT_FOUND: admin/admin@EXAMPLE.COM for kadmin/localhost@EXAMPLE.COM, Server not found in Kerberos database
om_1        | 2019-10-04 10:42:08 INFO  ServiceAuthorizationManager:138 - Authorization successful for testuser/scm@EXAMPLE.COM (auth:KERBEROS) for protocol=interface org.apache.hadoop.ozone.om.protocol.OzoneManagerProtocol
s3g_1       | 	at org.glassfish.jersey.servlet.ServletContainer.service(ServletContainer.java:342)
datanode_2  | 2019-10-04 10:39:59 INFO  RoleInfo:143 - fe72a1c7-6e30-4c05-bb33-2cb00ced6817: start LeaderState
scm_1       | 2019-10-04 10:43:48 INFO  Server:1849 - Auth successful for dn/e540d39df39f@EXAMPLE.COM (auth:KERBEROS)
kdc_1       | Oct 04 10:39:31 kdc krb5kdc[9](info): AS_REQ (8 etypes {18 17 20 19 16 23 25 26}) 127.0.0.1: ISSUE: authtime 1570185571, etypes {rep=18 tkt=18 ses=18}, admin/admin@EXAMPLE.COM for kadmin/admin@EXAMPLE.COM
om_1        | 2019-10-04 10:42:11 INFO  Server:1849 - Auth successful for testuser/scm@EXAMPLE.COM (auth:KERBEROS)
s3g_1       | 	at org.glassfish.jersey.servlet.ServletContainer.service(ServletContainer.java:229)
datanode_2  | 2019-10-04 10:39:59 INFO  SegmentedRaftLogWorker:385 - fe72a1c7-6e30-4c05-bb33-2cb00ced6817@group-FB9BEBE2D4E1-SegmentedRaftLogWorker: Starting segment from index:0
scm_1       | 2019-10-04 10:43:48 INFO  ServiceAuthorizationManager:138 - Authorization successful for dn/e540d39df39f@EXAMPLE.COM (auth:KERBEROS) for protocol=interface org.apache.hadoop.ozone.protocol.StorageContainerDatanodeProtocol
kdc_1       | Oct 04 10:39:31 kdc krb5kdc[9](info): AS_REQ (8 etypes {18 17 20 19 16 23 25 26}) 127.0.0.1: SERVER_NOT_FOUND: admin/admin@EXAMPLE.COM for kadmin/localhost@EXAMPLE.COM, Server not found in Kerberos database
om_1        | 2019-10-04 10:42:11 INFO  ServiceAuthorizationManager:138 - Authorization successful for testuser/scm@EXAMPLE.COM (auth:KERBEROS) for protocol=interface org.apache.hadoop.ozone.om.protocol.OzoneManagerProtocol
s3g_1       | 	at org.eclipse.jetty.servlet.ServletHolder.handle(ServletHolder.java:840)
scm_1       | 2019-10-04 10:43:54 INFO  Server:1849 - Auth successful for dn/35d411d50585@EXAMPLE.COM (auth:KERBEROS)
om_1        | 2019-10-04 10:42:14 INFO  Server:1849 - Auth successful for testuser/scm@EXAMPLE.COM (auth:KERBEROS)
kdc_1       | Oct 04 10:39:31 kdc krb5kdc[9](info): AS_REQ (8 etypes {18 17 20 19 16 23 25 26}) 127.0.0.1: ISSUE: authtime 1570185571, etypes {rep=18 tkt=18 ses=18}, admin/admin@EXAMPLE.COM for kadmin/admin@EXAMPLE.COM
