datanode_1  | 2019-10-18 14:00:23,511 INFO impl.FollowerState: 0e97f863-8380-4dc3-a4dd-a142315aaa60@group-2866E3E79E88-FollowerState was interrupted: java.lang.InterruptedException: sleep interrupted
datanode_2  | 2019-10-18 14:00:22,510 INFO impl.LeaderElection: 63866848-2260-464e-b04c-5300d3642f94@group-2866E3E79E88-LeaderElection20: begin an election at term 22 for -1: [63866848-2260-464e-b04c-5300d3642f94:172.18.0.5:9858, 0e97f863-8380-4dc3-a4dd-a142315aaa60:172.18.0.4:9858, 637ad9e7-ebad-4e7e-8be3-7522e2ec76b4:172.18.0.7:9858], old=null
datanode_3  | 2019-10-18 14:00:24,167 INFO impl.FollowerState: 637ad9e7-ebad-4e7e-8be3-7522e2ec76b4@group-2866E3E79E88-FollowerState was interrupted: java.lang.InterruptedException: sleep interrupted
datanode_1  | 2019-10-18 14:00:23,658 INFO impl.RaftServerImpl: 0e97f863-8380-4dc3-a4dd-a142315aaa60@group-2866E3E79E88: changes role from  FOLLOWER to FOLLOWER at term 30 for recognizeCandidate:63866848-2260-464e-b04c-5300d3642f94
datanode_2  | 2019-10-18 14:00:22,534 INFO impl.LeaderElection: 63866848-2260-464e-b04c-5300d3642f94@group-2866E3E79E88-LeaderElection20: Election TIMEOUT; received 0 response(s) [] and 0 exception(s); 63866848-2260-464e-b04c-5300d3642f94@group-2866E3E79E88:t22, leader=null, voted=63866848-2260-464e-b04c-5300d3642f94, raftlog=63866848-2260-464e-b04c-5300d3642f94@group-2866E3E79E88-SegmentedRaftLog:OPENED:c-1,f-1,i0, conf=-1: [63866848-2260-464e-b04c-5300d3642f94:172.18.0.5:9858, 0e97f863-8380-4dc3-a4dd-a142315aaa60:172.18.0.4:9858, 637ad9e7-ebad-4e7e-8be3-7522e2ec76b4:172.18.0.7:9858], old=null
datanode_3  | 2019-10-18 14:00:24,246 INFO impl.RaftServerImpl: 637ad9e7-ebad-4e7e-8be3-7522e2ec76b4@group-2866E3E79E88: changes role from  FOLLOWER to FOLLOWER at term 34 for recognizeCandidate:63866848-2260-464e-b04c-5300d3642f94
datanode_2  | 2019-10-18 14:00:22,569 INFO impl.LeaderElection: 63866848-2260-464e-b04c-5300d3642f94@group-2866E3E79E88-LeaderElection20: begin an election at term 23 for -1: [63866848-2260-464e-b04c-5300d3642f94:172.18.0.5:9858, 0e97f863-8380-4dc3-a4dd-a142315aaa60:172.18.0.4:9858, 637ad9e7-ebad-4e7e-8be3-7522e2ec76b4:172.18.0.7:9858], old=null
datanode_1  | 2019-10-18 14:00:23,658 INFO impl.RoleInfo: 0e97f863-8380-4dc3-a4dd-a142315aaa60: shutdown FollowerState
datanode_3  | 2019-10-18 14:00:24,246 INFO impl.RoleInfo: 637ad9e7-ebad-4e7e-8be3-7522e2ec76b4: shutdown FollowerState
datanode_2  | 2019-10-18 14:00:22,615 INFO impl.LeaderElection: 63866848-2260-464e-b04c-5300d3642f94@group-2866E3E79E88-LeaderElection20: Election REJECTED; received 2 response(s) [63866848-2260-464e-b04c-5300d3642f94<-0e97f863-8380-4dc3-a4dd-a142315aaa60#0:FAIL-t23, 63866848-2260-464e-b04c-5300d3642f94<-637ad9e7-ebad-4e7e-8be3-7522e2ec76b4#0:FAIL-t23] and 0 exception(s); 63866848-2260-464e-b04c-5300d3642f94@group-2866E3E79E88:t23, leader=null, voted=63866848-2260-464e-b04c-5300d3642f94, raftlog=63866848-2260-464e-b04c-5300d3642f94@group-2866E3E79E88-SegmentedRaftLog:OPENED:c-1,f-1,i0, conf=-1: [63866848-2260-464e-b04c-5300d3642f94:172.18.0.5:9858, 0e97f863-8380-4dc3-a4dd-a142315aaa60:172.18.0.4:9858, 637ad9e7-ebad-4e7e-8be3-7522e2ec76b4:172.18.0.7:9858], old=null
datanode_1  | 2019-10-18 14:00:23,658 INFO impl.FollowerState: 0e97f863-8380-4dc3-a4dd-a142315aaa60@group-2866E3E79E88-FollowerState was interrupted: java.lang.InterruptedException: sleep interrupted
datanode_3  | 2019-10-18 14:00:24,246 INFO impl.RoleInfo: 637ad9e7-ebad-4e7e-8be3-7522e2ec76b4: start FollowerState
datanode_1  | 2019-10-18 14:00:23,658 INFO impl.RoleInfo: 0e97f863-8380-4dc3-a4dd-a142315aaa60: start FollowerState
datanode_2  | 2019-10-18 14:00:22,615 INFO impl.RaftServerImpl: 63866848-2260-464e-b04c-5300d3642f94@group-2866E3E79E88: changes role from CANDIDATE to FOLLOWER at term 23 for DISCOVERED_A_NEW_TERM
datanode_3  | 2019-10-18 14:00:24,246 INFO impl.FollowerState: 637ad9e7-ebad-4e7e-8be3-7522e2ec76b4@group-2866E3E79E88-FollowerState was interrupted: java.lang.InterruptedException: sleep interrupted
datanode_1  | 2019-10-18 14:00:23,811 INFO impl.RaftServerImpl: 0e97f863-8380-4dc3-a4dd-a142315aaa60@group-2866E3E79E88: changes role from  FOLLOWER to FOLLOWER at term 31 for recognizeCandidate:63866848-2260-464e-b04c-5300d3642f94
datanode_2  | 2019-10-18 14:00:22,615 INFO impl.RoleInfo: 63866848-2260-464e-b04c-5300d3642f94: shutdown LeaderElection
datanode_3  | 2019-10-18 14:00:24,432 INFO impl.RaftServerImpl: 637ad9e7-ebad-4e7e-8be3-7522e2ec76b4@group-2866E3E79E88: changes role from  FOLLOWER to FOLLOWER at term 35 for recognizeCandidate:63866848-2260-464e-b04c-5300d3642f94
datanode_1  | 2019-10-18 14:00:23,811 INFO impl.RoleInfo: 0e97f863-8380-4dc3-a4dd-a142315aaa60: shutdown FollowerState
datanode_2  | 2019-10-18 14:00:22,616 INFO impl.RoleInfo: 63866848-2260-464e-b04c-5300d3642f94: start FollowerState
datanode_3  | 2019-10-18 14:00:24,432 INFO impl.RoleInfo: 637ad9e7-ebad-4e7e-8be3-7522e2ec76b4: shutdown FollowerState
datanode_1  | 2019-10-18 14:00:23,812 INFO impl.RoleInfo: 0e97f863-8380-4dc3-a4dd-a142315aaa60: start FollowerState
datanode_2  | 2019-10-18 14:00:22,794 INFO impl.FollowerState: 63866848-2260-464e-b04c-5300d3642f94@group-2866E3E79E88-FollowerState: change to CANDIDATE, lastRpcTime:178ms, electionTimeout:178ms
datanode_3  | 2019-10-18 14:00:24,432 INFO impl.RoleInfo: 637ad9e7-ebad-4e7e-8be3-7522e2ec76b4: start FollowerState
datanode_1  | 2019-10-18 14:00:23,812 INFO impl.FollowerState: 0e97f863-8380-4dc3-a4dd-a142315aaa60@group-2866E3E79E88-FollowerState was interrupted: java.lang.InterruptedException: sleep interrupted
datanode_3  | 2019-10-18 14:00:24,432 INFO impl.FollowerState: 637ad9e7-ebad-4e7e-8be3-7522e2ec76b4@group-2866E3E79E88-FollowerState was interrupted: java.lang.InterruptedException: sleep interrupted
datanode_1  | 2019-10-18 14:00:24,109 INFO impl.RaftServerImpl: 0e97f863-8380-4dc3-a4dd-a142315aaa60@group-2866E3E79E88: changes role from  FOLLOWER to FOLLOWER at term 32 for recognizeCandidate:63866848-2260-464e-b04c-5300d3642f94
datanode_2  | 2019-10-18 14:00:22,795 INFO impl.RoleInfo: 63866848-2260-464e-b04c-5300d3642f94: shutdown FollowerState
datanode_3  | 2019-10-18 14:00:24,635 INFO impl.RaftServerImpl: 637ad9e7-ebad-4e7e-8be3-7522e2ec76b4@group-2866E3E79E88: changes role from  FOLLOWER to FOLLOWER at term 36 for recognizeCandidate:63866848-2260-464e-b04c-5300d3642f94
datanode_1  | 2019-10-18 14:00:24,109 INFO impl.RoleInfo: 0e97f863-8380-4dc3-a4dd-a142315aaa60: shutdown FollowerState
datanode_2  | 2019-10-18 14:00:22,795 INFO impl.RaftServerImpl: 63866848-2260-464e-b04c-5300d3642f94@group-2866E3E79E88: changes role from  FOLLOWER to CANDIDATE at term 23 for changeToCandidate
datanode_3  | 2019-10-18 14:00:24,635 INFO impl.RoleInfo: 637ad9e7-ebad-4e7e-8be3-7522e2ec76b4: shutdown FollowerState
datanode_1  | 2019-10-18 14:00:24,110 INFO impl.FollowerState: 0e97f863-8380-4dc3-a4dd-a142315aaa60@group-2866E3E79E88-FollowerState was interrupted: java.lang.InterruptedException: sleep interrupted
datanode_2  | 2019-10-18 14:00:22,795 INFO impl.RoleInfo: 63866848-2260-464e-b04c-5300d3642f94: start LeaderElection
datanode_3  | 2019-10-18 14:00:24,635 INFO impl.RoleInfo: 637ad9e7-ebad-4e7e-8be3-7522e2ec76b4: start FollowerState
datanode_1  | 2019-10-18 14:00:24,110 INFO impl.RoleInfo: 0e97f863-8380-4dc3-a4dd-a142315aaa60: start FollowerState
datanode_2  | 2019-10-18 14:00:22,810 INFO impl.LeaderElection: 63866848-2260-464e-b04c-5300d3642f94@group-2866E3E79E88-LeaderElection21: begin an election at term 24 for -1: [63866848-2260-464e-b04c-5300d3642f94:172.18.0.5:9858, 0e97f863-8380-4dc3-a4dd-a142315aaa60:172.18.0.4:9858, 637ad9e7-ebad-4e7e-8be3-7522e2ec76b4:172.18.0.7:9858], old=null
datanode_3  | 2019-10-18 14:00:24,635 INFO impl.FollowerState: 637ad9e7-ebad-4e7e-8be3-7522e2ec76b4@group-2866E3E79E88-FollowerState was interrupted: java.lang.InterruptedException: sleep interrupted
datanode_2  | 2019-10-18 14:00:22,823 INFO impl.LeaderElection: 63866848-2260-464e-b04c-5300d3642f94@group-2866E3E79E88-LeaderElection21: Election TIMEOUT; received 0 response(s) [] and 0 exception(s); 63866848-2260-464e-b04c-5300d3642f94@group-2866E3E79E88:t24, leader=null, voted=63866848-2260-464e-b04c-5300d3642f94, raftlog=63866848-2260-464e-b04c-5300d3642f94@group-2866E3E79E88-SegmentedRaftLog:OPENED:c-1,f-1,i0, conf=-1: [63866848-2260-464e-b04c-5300d3642f94:172.18.0.5:9858, 0e97f863-8380-4dc3-a4dd-a142315aaa60:172.18.0.4:9858, 637ad9e7-ebad-4e7e-8be3-7522e2ec76b4:172.18.0.7:9858], old=null
datanode_1  | 2019-10-18 14:00:24,168 INFO impl.RaftServerImpl: 0e97f863-8380-4dc3-a4dd-a142315aaa60@group-2866E3E79E88: changes role from  FOLLOWER to FOLLOWER at term 33 for recognizeCandidate:63866848-2260-464e-b04c-5300d3642f94
datanode_3  | 2019-10-18 14:00:24,658 INFO impl.RaftServerImpl: 637ad9e7-ebad-4e7e-8be3-7522e2ec76b4@group-2866E3E79E88: changes role from  FOLLOWER to FOLLOWER at term 37 for recognizeCandidate:63866848-2260-464e-b04c-5300d3642f94
datanode_2  | 2019-10-18 14:00:22,837 INFO impl.LeaderElection: 63866848-2260-464e-b04c-5300d3642f94@group-2866E3E79E88-LeaderElection21: begin an election at term 25 for -1: [63866848-2260-464e-b04c-5300d3642f94:172.18.0.5:9858, 0e97f863-8380-4dc3-a4dd-a142315aaa60:172.18.0.4:9858, 637ad9e7-ebad-4e7e-8be3-7522e2ec76b4:172.18.0.7:9858], old=null
datanode_1  | 2019-10-18 14:00:24,168 INFO impl.RoleInfo: 0e97f863-8380-4dc3-a4dd-a142315aaa60: shutdown FollowerState
datanode_3  | 2019-10-18 14:00:24,658 INFO impl.RoleInfo: 637ad9e7-ebad-4e7e-8be3-7522e2ec76b4: shutdown FollowerState
datanode_2  | 2019-10-18 14:00:22,874 INFO impl.LeaderElection: 63866848-2260-464e-b04c-5300d3642f94@group-2866E3E79E88-LeaderElection21: Election REJECTED; received 2 response(s) [63866848-2260-464e-b04c-5300d3642f94<-0e97f863-8380-4dc3-a4dd-a142315aaa60#0:FAIL-t25, 63866848-2260-464e-b04c-5300d3642f94<-637ad9e7-ebad-4e7e-8be3-7522e2ec76b4#0:FAIL-t25] and 0 exception(s); 63866848-2260-464e-b04c-5300d3642f94@group-2866E3E79E88:t25, leader=null, voted=63866848-2260-464e-b04c-5300d3642f94, raftlog=63866848-2260-464e-b04c-5300d3642f94@group-2866E3E79E88-SegmentedRaftLog:OPENED:c-1,f-1,i0, conf=-1: [63866848-2260-464e-b04c-5300d3642f94:172.18.0.5:9858, 0e97f863-8380-4dc3-a4dd-a142315aaa60:172.18.0.4:9858, 637ad9e7-ebad-4e7e-8be3-7522e2ec76b4:172.18.0.7:9858], old=null
datanode_1  | 2019-10-18 14:00:24,168 INFO impl.FollowerState: 0e97f863-8380-4dc3-a4dd-a142315aaa60@group-2866E3E79E88-FollowerState was interrupted: java.lang.InterruptedException: sleep interrupted
datanode_3  | 2019-10-18 14:00:24,658 INFO impl.RoleInfo: 637ad9e7-ebad-4e7e-8be3-7522e2ec76b4: start FollowerState
datanode_2  | 2019-10-18 14:00:22,874 INFO impl.RaftServerImpl: 63866848-2260-464e-b04c-5300d3642f94@group-2866E3E79E88: changes role from CANDIDATE to FOLLOWER at term 25 for DISCOVERED_A_NEW_TERM
datanode_3  | 2019-10-18 14:00:24,658 INFO impl.FollowerState: 637ad9e7-ebad-4e7e-8be3-7522e2ec76b4@group-2866E3E79E88-FollowerState was interrupted: java.lang.InterruptedException: sleep interrupted
datanode_1  | 2019-10-18 14:00:24,168 INFO impl.RoleInfo: 0e97f863-8380-4dc3-a4dd-a142315aaa60: start FollowerState
datanode_2  | 2019-10-18 14:00:22,874 INFO impl.RoleInfo: 63866848-2260-464e-b04c-5300d3642f94: shutdown LeaderElection
datanode_3  | 2019-10-18 14:00:24,752 INFO impl.RaftServerImpl: 637ad9e7-ebad-4e7e-8be3-7522e2ec76b4@group-2866E3E79E88: changes role from  FOLLOWER to FOLLOWER at term 38 for recognizeCandidate:63866848-2260-464e-b04c-5300d3642f94
datanode_2  | 2019-10-18 14:00:22,875 INFO impl.RoleInfo: 63866848-2260-464e-b04c-5300d3642f94: start FollowerState
datanode_1  | 2019-10-18 14:00:24,246 INFO impl.RaftServerImpl: 0e97f863-8380-4dc3-a4dd-a142315aaa60@group-2866E3E79E88: changes role from  FOLLOWER to FOLLOWER at term 34 for recognizeCandidate:63866848-2260-464e-b04c-5300d3642f94
datanode_3  | 2019-10-18 14:00:24,752 INFO impl.RoleInfo: 637ad9e7-ebad-4e7e-8be3-7522e2ec76b4: shutdown FollowerState
datanode_2  | 2019-10-18 14:00:22,991 INFO impl.FollowerState: 63866848-2260-464e-b04c-5300d3642f94@group-2866E3E79E88-FollowerState: change to CANDIDATE, lastRpcTime:116ms, electionTimeout:116ms
datanode_1  | 2019-10-18 14:00:24,246 INFO impl.RoleInfo: 0e97f863-8380-4dc3-a4dd-a142315aaa60: shutdown FollowerState
datanode_3  | 2019-10-18 14:00:24,752 INFO impl.FollowerState: 637ad9e7-ebad-4e7e-8be3-7522e2ec76b4@group-2866E3E79E88-FollowerState was interrupted: java.lang.InterruptedException: sleep interrupted
datanode_2  | 2019-10-18 14:00:22,992 INFO impl.RoleInfo: 63866848-2260-464e-b04c-5300d3642f94: shutdown FollowerState
datanode_1  | 2019-10-18 14:00:24,246 INFO impl.FollowerState: 0e97f863-8380-4dc3-a4dd-a142315aaa60@group-2866E3E79E88-FollowerState was interrupted: java.lang.InterruptedException: sleep interrupted
datanode_3  | 2019-10-18 14:00:24,752 INFO impl.RoleInfo: 637ad9e7-ebad-4e7e-8be3-7522e2ec76b4: start FollowerState
datanode_2  | 2019-10-18 14:00:22,992 INFO impl.RaftServerImpl: 63866848-2260-464e-b04c-5300d3642f94@group-2866E3E79E88: changes role from  FOLLOWER to CANDIDATE at term 25 for changeToCandidate
datanode_1  | 2019-10-18 14:00:24,246 INFO impl.RoleInfo: 0e97f863-8380-4dc3-a4dd-a142315aaa60: start FollowerState
datanode_3  | 2019-10-18 14:00:24,880 INFO impl.RaftServerImpl: 637ad9e7-ebad-4e7e-8be3-7522e2ec76b4@group-2866E3E79E88: changes role from  FOLLOWER to FOLLOWER at term 39 for recognizeCandidate:63866848-2260-464e-b04c-5300d3642f94
datanode_2  | 2019-10-18 14:00:22,992 INFO impl.RoleInfo: 63866848-2260-464e-b04c-5300d3642f94: start LeaderElection
datanode_1  | 2019-10-18 14:00:24,432 INFO impl.RaftServerImpl: 0e97f863-8380-4dc3-a4dd-a142315aaa60@group-2866E3E79E88: changes role from  FOLLOWER to FOLLOWER at term 35 for recognizeCandidate:63866848-2260-464e-b04c-5300d3642f94
datanode_3  | 2019-10-18 14:00:24,880 INFO impl.RoleInfo: 637ad9e7-ebad-4e7e-8be3-7522e2ec76b4: shutdown FollowerState
datanode_2  | 2019-10-18 14:00:23,008 INFO impl.LeaderElection: 63866848-2260-464e-b04c-5300d3642f94@group-2866E3E79E88-LeaderElection22: begin an election at term 26 for -1: [63866848-2260-464e-b04c-5300d3642f94:172.18.0.5:9858, 0e97f863-8380-4dc3-a4dd-a142315aaa60:172.18.0.4:9858, 637ad9e7-ebad-4e7e-8be3-7522e2ec76b4:172.18.0.7:9858], old=null
datanode_1  | 2019-10-18 14:00:24,432 INFO impl.RoleInfo: 0e97f863-8380-4dc3-a4dd-a142315aaa60: shutdown FollowerState
datanode_3  | 2019-10-18 14:00:24,881 INFO impl.FollowerState: 637ad9e7-ebad-4e7e-8be3-7522e2ec76b4@group-2866E3E79E88-FollowerState was interrupted: java.lang.InterruptedException: sleep interrupted
datanode_2  | 2019-10-18 14:00:23,045 INFO impl.LeaderElection: 63866848-2260-464e-b04c-5300d3642f94@group-2866E3E79E88-LeaderElection22: Election REJECTED; received 2 response(s) [63866848-2260-464e-b04c-5300d3642f94<-0e97f863-8380-4dc3-a4dd-a142315aaa60#0:FAIL-t26, 63866848-2260-464e-b04c-5300d3642f94<-637ad9e7-ebad-4e7e-8be3-7522e2ec76b4#0:FAIL-t26] and 0 exception(s); 63866848-2260-464e-b04c-5300d3642f94@group-2866E3E79E88:t26, leader=null, voted=63866848-2260-464e-b04c-5300d3642f94, raftlog=63866848-2260-464e-b04c-5300d3642f94@group-2866E3E79E88-SegmentedRaftLog:OPENED:c-1,f-1,i0, conf=-1: [63866848-2260-464e-b04c-5300d3642f94:172.18.0.5:9858, 0e97f863-8380-4dc3-a4dd-a142315aaa60:172.18.0.4:9858, 637ad9e7-ebad-4e7e-8be3-7522e2ec76b4:172.18.0.7:9858], old=null
datanode_1  | 2019-10-18 14:00:24,432 INFO impl.RoleInfo: 0e97f863-8380-4dc3-a4dd-a142315aaa60: start FollowerState
datanode_3  | 2019-10-18 14:00:24,881 INFO impl.RoleInfo: 637ad9e7-ebad-4e7e-8be3-7522e2ec76b4: start FollowerState
datanode_2  | 2019-10-18 14:00:23,046 INFO impl.RaftServerImpl: 63866848-2260-464e-b04c-5300d3642f94@group-2866E3E79E88: changes role from CANDIDATE to FOLLOWER at term 26 for DISCOVERED_A_NEW_TERM
datanode_1  | 2019-10-18 14:00:24,432 INFO impl.FollowerState: 0e97f863-8380-4dc3-a4dd-a142315aaa60@group-2866E3E79E88-FollowerState was interrupted: java.lang.InterruptedException: sleep interrupted
datanode_3  | 2019-10-18 14:00:25,034 INFO impl.RaftServerImpl: 637ad9e7-ebad-4e7e-8be3-7522e2ec76b4@group-2866E3E79E88: changes role from  FOLLOWER to FOLLOWER at term 40 for recognizeCandidate:63866848-2260-464e-b04c-5300d3642f94
datanode_1  | 2019-10-18 14:00:24,634 INFO impl.RaftServerImpl: 0e97f863-8380-4dc3-a4dd-a142315aaa60@group-2866E3E79E88: changes role from  FOLLOWER to FOLLOWER at term 36 for recognizeCandidate:63866848-2260-464e-b04c-5300d3642f94
datanode_3  | 2019-10-18 14:00:25,034 INFO impl.RoleInfo: 637ad9e7-ebad-4e7e-8be3-7522e2ec76b4: shutdown FollowerState
datanode_1  | 2019-10-18 14:00:24,634 INFO impl.RoleInfo: 0e97f863-8380-4dc3-a4dd-a142315aaa60: shutdown FollowerState
datanode_2  | 2019-10-18 14:00:23,046 INFO impl.RoleInfo: 63866848-2260-464e-b04c-5300d3642f94: shutdown LeaderElection
datanode_3  | 2019-10-18 14:00:25,034 INFO impl.RoleInfo: 637ad9e7-ebad-4e7e-8be3-7522e2ec76b4: start FollowerState
datanode_1  | 2019-10-18 14:00:24,634 INFO impl.FollowerState: 0e97f863-8380-4dc3-a4dd-a142315aaa60@group-2866E3E79E88-FollowerState was interrupted: java.lang.InterruptedException: sleep interrupted
datanode_2  | 2019-10-18 14:00:23,046 INFO impl.RoleInfo: 63866848-2260-464e-b04c-5300d3642f94: start FollowerState
datanode_3  | 2019-10-18 14:00:25,034 INFO impl.FollowerState: 637ad9e7-ebad-4e7e-8be3-7522e2ec76b4@group-2866E3E79E88-FollowerState was interrupted: java.lang.InterruptedException: sleep interrupted
datanode_1  | 2019-10-18 14:00:24,634 INFO impl.RoleInfo: 0e97f863-8380-4dc3-a4dd-a142315aaa60: start FollowerState
datanode_2  | 2019-10-18 14:00:23,171 INFO impl.FollowerState: 63866848-2260-464e-b04c-5300d3642f94@group-2866E3E79E88-FollowerState: change to CANDIDATE, lastRpcTime:125ms, electionTimeout:125ms
datanode_3  | 2019-10-18 14:00:25,069 INFO impl.RaftServerImpl: 637ad9e7-ebad-4e7e-8be3-7522e2ec76b4@group-2866E3E79E88: changes role from  FOLLOWER to FOLLOWER at term 41 for recognizeCandidate:63866848-2260-464e-b04c-5300d3642f94
datanode_1  | 2019-10-18 14:00:24,654 INFO impl.RaftServerImpl: 0e97f863-8380-4dc3-a4dd-a142315aaa60@group-2866E3E79E88: changes role from  FOLLOWER to FOLLOWER at term 37 for recognizeCandidate:63866848-2260-464e-b04c-5300d3642f94
datanode_2  | 2019-10-18 14:00:23,172 INFO impl.RoleInfo: 63866848-2260-464e-b04c-5300d3642f94: shutdown FollowerState
datanode_1  | 2019-10-18 14:00:24,654 INFO impl.RoleInfo: 0e97f863-8380-4dc3-a4dd-a142315aaa60: shutdown FollowerState
datanode_3  | 2019-10-18 14:00:25,070 INFO impl.RoleInfo: 637ad9e7-ebad-4e7e-8be3-7522e2ec76b4: shutdown FollowerState
datanode_2  | 2019-10-18 14:00:23,172 INFO impl.RaftServerImpl: 63866848-2260-464e-b04c-5300d3642f94@group-2866E3E79E88: changes role from  FOLLOWER to CANDIDATE at term 26 for changeToCandidate
datanode_1  | 2019-10-18 14:00:24,654 INFO impl.RoleInfo: 0e97f863-8380-4dc3-a4dd-a142315aaa60: start FollowerState
datanode_2  | 2019-10-18 14:00:23,172 INFO impl.RoleInfo: 63866848-2260-464e-b04c-5300d3642f94: start LeaderElection
datanode_1  | 2019-10-18 14:00:24,654 INFO impl.FollowerState: 0e97f863-8380-4dc3-a4dd-a142315aaa60@group-2866E3E79E88-FollowerState was interrupted: java.lang.InterruptedException: sleep interrupted
datanode_3  | 2019-10-18 14:00:25,070 INFO impl.FollowerState: 637ad9e7-ebad-4e7e-8be3-7522e2ec76b4@group-2866E3E79E88-FollowerState was interrupted: java.lang.InterruptedException: sleep interrupted
datanode_2  | 2019-10-18 14:00:23,208 INFO impl.LeaderElection: 63866848-2260-464e-b04c-5300d3642f94@group-2866E3E79E88-LeaderElection23: begin an election at term 27 for -1: [63866848-2260-464e-b04c-5300d3642f94:172.18.0.5:9858, 0e97f863-8380-4dc3-a4dd-a142315aaa60:172.18.0.4:9858, 637ad9e7-ebad-4e7e-8be3-7522e2ec76b4:172.18.0.7:9858], old=null
datanode_1  | 2019-10-18 14:00:24,752 INFO impl.RaftServerImpl: 0e97f863-8380-4dc3-a4dd-a142315aaa60@group-2866E3E79E88: changes role from  FOLLOWER to FOLLOWER at term 38 for recognizeCandidate:63866848-2260-464e-b04c-5300d3642f94
datanode_3  | 2019-10-18 14:00:25,070 INFO impl.RoleInfo: 637ad9e7-ebad-4e7e-8be3-7522e2ec76b4: start FollowerState
datanode_2  | 2019-10-18 14:00:23,250 INFO impl.LeaderElection: 63866848-2260-464e-b04c-5300d3642f94@group-2866E3E79E88-LeaderElection23: Election REJECTED; received 2 response(s) [63866848-2260-464e-b04c-5300d3642f94<-0e97f863-8380-4dc3-a4dd-a142315aaa60#0:FAIL-t27, 63866848-2260-464e-b04c-5300d3642f94<-637ad9e7-ebad-4e7e-8be3-7522e2ec76b4#0:FAIL-t27] and 0 exception(s); 63866848-2260-464e-b04c-5300d3642f94@group-2866E3E79E88:t27, leader=null, voted=63866848-2260-464e-b04c-5300d3642f94, raftlog=63866848-2260-464e-b04c-5300d3642f94@group-2866E3E79E88-SegmentedRaftLog:OPENED:c-1,f-1,i0, conf=-1: [63866848-2260-464e-b04c-5300d3642f94:172.18.0.5:9858, 0e97f863-8380-4dc3-a4dd-a142315aaa60:172.18.0.4:9858, 637ad9e7-ebad-4e7e-8be3-7522e2ec76b4:172.18.0.7:9858], old=null
datanode_1  | 2019-10-18 14:00:24,753 INFO impl.RoleInfo: 0e97f863-8380-4dc3-a4dd-a142315aaa60: shutdown FollowerState
datanode_3  | 2019-10-18 14:00:25,102 INFO impl.RaftServerImpl: 637ad9e7-ebad-4e7e-8be3-7522e2ec76b4@group-2866E3E79E88: changes role from  FOLLOWER to FOLLOWER at term 42 for recognizeCandidate:63866848-2260-464e-b04c-5300d3642f94
datanode_2  | 2019-10-18 14:00:23,251 INFO impl.RaftServerImpl: 63866848-2260-464e-b04c-5300d3642f94@group-2866E3E79E88: changes role from CANDIDATE to FOLLOWER at term 27 for DISCOVERED_A_NEW_TERM
datanode_1  | 2019-10-18 14:00:24,753 INFO impl.RoleInfo: 0e97f863-8380-4dc3-a4dd-a142315aaa60: start FollowerState
datanode_3  | 2019-10-18 14:00:25,102 INFO impl.RoleInfo: 637ad9e7-ebad-4e7e-8be3-7522e2ec76b4: shutdown FollowerState
datanode_2  | 2019-10-18 14:00:23,251 INFO impl.RoleInfo: 63866848-2260-464e-b04c-5300d3642f94: shutdown LeaderElection
datanode_1  | 2019-10-18 14:00:24,753 INFO impl.FollowerState: 0e97f863-8380-4dc3-a4dd-a142315aaa60@group-2866E3E79E88-FollowerState was interrupted: java.lang.InterruptedException: sleep interrupted
datanode_3  | 2019-10-18 14:00:25,102 INFO impl.RoleInfo: 637ad9e7-ebad-4e7e-8be3-7522e2ec76b4: start FollowerState
datanode_1  | 2019-10-18 14:00:24,879 INFO impl.RaftServerImpl: 0e97f863-8380-4dc3-a4dd-a142315aaa60@group-2866E3E79E88: changes role from  FOLLOWER to FOLLOWER at term 39 for recognizeCandidate:63866848-2260-464e-b04c-5300d3642f94
datanode_2  | 2019-10-18 14:00:23,251 INFO impl.RoleInfo: 63866848-2260-464e-b04c-5300d3642f94: start FollowerState
datanode_3  | 2019-10-18 14:00:25,102 INFO impl.FollowerState: 637ad9e7-ebad-4e7e-8be3-7522e2ec76b4@group-2866E3E79E88-FollowerState was interrupted: java.lang.InterruptedException: sleep interrupted
datanode_1  | 2019-10-18 14:00:24,880 INFO impl.RoleInfo: 0e97f863-8380-4dc3-a4dd-a142315aaa60: shutdown FollowerState
datanode_2  | 2019-10-18 14:00:23,435 INFO impl.FollowerState: 63866848-2260-464e-b04c-5300d3642f94@group-2866E3E79E88-FollowerState: change to CANDIDATE, lastRpcTime:184ms, electionTimeout:184ms
datanode_3  | 2019-10-18 14:00:25,193 INFO impl.RaftServerImpl: 637ad9e7-ebad-4e7e-8be3-7522e2ec76b4@group-2866E3E79E88: changes role from  FOLLOWER to FOLLOWER at term 43 for recognizeCandidate:63866848-2260-464e-b04c-5300d3642f94
datanode_1  | 2019-10-18 14:00:24,880 INFO impl.RoleInfo: 0e97f863-8380-4dc3-a4dd-a142315aaa60: start FollowerState
datanode_2  | 2019-10-18 14:00:23,436 INFO impl.RoleInfo: 63866848-2260-464e-b04c-5300d3642f94: shutdown FollowerState
datanode_3  | 2019-10-18 14:00:25,193 INFO impl.RoleInfo: 637ad9e7-ebad-4e7e-8be3-7522e2ec76b4: shutdown FollowerState
datanode_1  | 2019-10-18 14:00:24,880 INFO impl.FollowerState: 0e97f863-8380-4dc3-a4dd-a142315aaa60@group-2866E3E79E88-FollowerState was interrupted: java.lang.InterruptedException: sleep interrupted
datanode_3  | 2019-10-18 14:00:25,194 INFO impl.RoleInfo: 637ad9e7-ebad-4e7e-8be3-7522e2ec76b4: start FollowerState
datanode_1  | 2019-10-18 14:00:25,034 INFO impl.RaftServerImpl: 0e97f863-8380-4dc3-a4dd-a142315aaa60@group-2866E3E79E88: changes role from  FOLLOWER to FOLLOWER at term 40 for recognizeCandidate:63866848-2260-464e-b04c-5300d3642f94
datanode_3  | 2019-10-18 14:00:25,194 INFO impl.FollowerState: 637ad9e7-ebad-4e7e-8be3-7522e2ec76b4@group-2866E3E79E88-FollowerState was interrupted: java.lang.InterruptedException: sleep interrupted
datanode_1  | 2019-10-18 14:00:25,035 INFO impl.RoleInfo: 0e97f863-8380-4dc3-a4dd-a142315aaa60: shutdown FollowerState
datanode_2  | 2019-10-18 14:00:23,436 INFO impl.RaftServerImpl: 63866848-2260-464e-b04c-5300d3642f94@group-2866E3E79E88: changes role from  FOLLOWER to CANDIDATE at term 27 for changeToCandidate
datanode_3  | 2019-10-18 14:00:25,373 INFO impl.RaftServerImpl: 637ad9e7-ebad-4e7e-8be3-7522e2ec76b4@group-2866E3E79E88: changes role from  FOLLOWER to FOLLOWER at term 44 for recognizeCandidate:63866848-2260-464e-b04c-5300d3642f94
datanode_1  | 2019-10-18 14:00:25,035 INFO impl.FollowerState: 0e97f863-8380-4dc3-a4dd-a142315aaa60@group-2866E3E79E88-FollowerState was interrupted: java.lang.InterruptedException: sleep interrupted
datanode_3  | 2019-10-18 14:00:25,373 INFO impl.RoleInfo: 637ad9e7-ebad-4e7e-8be3-7522e2ec76b4: shutdown FollowerState
datanode_2  | 2019-10-18 14:00:23,436 INFO impl.RoleInfo: 63866848-2260-464e-b04c-5300d3642f94: start LeaderElection
datanode_3  | 2019-10-18 14:00:25,373 INFO impl.FollowerState: 637ad9e7-ebad-4e7e-8be3-7522e2ec76b4@group-2866E3E79E88-FollowerState was interrupted: java.lang.InterruptedException: sleep interrupted
datanode_2  | 2019-10-18 14:00:23,451 INFO impl.LeaderElection: 63866848-2260-464e-b04c-5300d3642f94@group-2866E3E79E88-LeaderElection24: begin an election at term 28 for -1: [63866848-2260-464e-b04c-5300d3642f94:172.18.0.5:9858, 0e97f863-8380-4dc3-a4dd-a142315aaa60:172.18.0.4:9858, 637ad9e7-ebad-4e7e-8be3-7522e2ec76b4:172.18.0.7:9858], old=null
datanode_1  | 2019-10-18 14:00:25,035 INFO impl.RoleInfo: 0e97f863-8380-4dc3-a4dd-a142315aaa60: start FollowerState
datanode_3  | 2019-10-18 14:00:25,373 INFO impl.RoleInfo: 637ad9e7-ebad-4e7e-8be3-7522e2ec76b4: start FollowerState
datanode_1  | 2019-10-18 14:00:25,069 INFO impl.RaftServerImpl: 0e97f863-8380-4dc3-a4dd-a142315aaa60@group-2866E3E79E88: changes role from  FOLLOWER to FOLLOWER at term 41 for recognizeCandidate:63866848-2260-464e-b04c-5300d3642f94
datanode_2  | 2019-10-18 14:00:23,484 INFO impl.LeaderElection: 63866848-2260-464e-b04c-5300d3642f94@group-2866E3E79E88-LeaderElection24: Election TIMEOUT; received 0 response(s) [] and 0 exception(s); 63866848-2260-464e-b04c-5300d3642f94@group-2866E3E79E88:t28, leader=null, voted=63866848-2260-464e-b04c-5300d3642f94, raftlog=63866848-2260-464e-b04c-5300d3642f94@group-2866E3E79E88-SegmentedRaftLog:OPENED:c-1,f-1,i0, conf=-1: [63866848-2260-464e-b04c-5300d3642f94:172.18.0.5:9858, 0e97f863-8380-4dc3-a4dd-a142315aaa60:172.18.0.4:9858, 637ad9e7-ebad-4e7e-8be3-7522e2ec76b4:172.18.0.7:9858], old=null
datanode_3  | 2019-10-18 14:00:25,551 INFO impl.RaftServerImpl: 637ad9e7-ebad-4e7e-8be3-7522e2ec76b4@group-2866E3E79E88: changes role from  FOLLOWER to FOLLOWER at term 45 for recognizeCandidate:63866848-2260-464e-b04c-5300d3642f94
datanode_1  | 2019-10-18 14:00:25,069 INFO impl.RoleInfo: 0e97f863-8380-4dc3-a4dd-a142315aaa60: shutdown FollowerState
datanode_3  | 2019-10-18 14:00:25,551 INFO impl.RoleInfo: 637ad9e7-ebad-4e7e-8be3-7522e2ec76b4: shutdown FollowerState
datanode_2  | 2019-10-18 14:00:23,490 INFO impl.LeaderElection: 63866848-2260-464e-b04c-5300d3642f94@group-2866E3E79E88-LeaderElection24: begin an election at term 29 for -1: [63866848-2260-464e-b04c-5300d3642f94:172.18.0.5:9858, 0e97f863-8380-4dc3-a4dd-a142315aaa60:172.18.0.4:9858, 637ad9e7-ebad-4e7e-8be3-7522e2ec76b4:172.18.0.7:9858], old=null
datanode_1  | 2019-10-18 14:00:25,069 INFO impl.FollowerState: 0e97f863-8380-4dc3-a4dd-a142315aaa60@group-2866E3E79E88-FollowerState was interrupted: java.lang.InterruptedException: sleep interrupted
datanode_3  | 2019-10-18 14:00:25,551 INFO impl.FollowerState: 637ad9e7-ebad-4e7e-8be3-7522e2ec76b4@group-2866E3E79E88-FollowerState was interrupted: java.lang.InterruptedException: sleep interrupted
datanode_2  | 2019-10-18 14:00:23,619 INFO impl.LeaderElection: 63866848-2260-464e-b04c-5300d3642f94@group-2866E3E79E88-LeaderElection24: Election TIMEOUT; received 0 response(s) [] and 0 exception(s); 63866848-2260-464e-b04c-5300d3642f94@group-2866E3E79E88:t29, leader=null, voted=63866848-2260-464e-b04c-5300d3642f94, raftlog=63866848-2260-464e-b04c-5300d3642f94@group-2866E3E79E88-SegmentedRaftLog:OPENED:c-1,f-1,i0, conf=-1: [63866848-2260-464e-b04c-5300d3642f94:172.18.0.5:9858, 0e97f863-8380-4dc3-a4dd-a142315aaa60:172.18.0.4:9858, 637ad9e7-ebad-4e7e-8be3-7522e2ec76b4:172.18.0.7:9858], old=null
datanode_3  | 2019-10-18 14:00:25,551 INFO impl.RoleInfo: 637ad9e7-ebad-4e7e-8be3-7522e2ec76b4: start FollowerState
datanode_1  | 2019-10-18 14:00:25,069 INFO impl.RoleInfo: 0e97f863-8380-4dc3-a4dd-a142315aaa60: start FollowerState
datanode_2  | 2019-10-18 14:00:23,642 INFO impl.LeaderElection: 63866848-2260-464e-b04c-5300d3642f94@group-2866E3E79E88-LeaderElection24: begin an election at term 30 for -1: [63866848-2260-464e-b04c-5300d3642f94:172.18.0.5:9858, 0e97f863-8380-4dc3-a4dd-a142315aaa60:172.18.0.4:9858, 637ad9e7-ebad-4e7e-8be3-7522e2ec76b4:172.18.0.7:9858], old=null
datanode_3  | 2019-10-18 14:00:25,776 INFO impl.RaftServerImpl: 637ad9e7-ebad-4e7e-8be3-7522e2ec76b4@group-2866E3E79E88: changes role from  FOLLOWER to FOLLOWER at term 46 for recognizeCandidate:63866848-2260-464e-b04c-5300d3642f94
datanode_1  | 2019-10-18 14:00:25,103 INFO impl.RaftServerImpl: 0e97f863-8380-4dc3-a4dd-a142315aaa60@group-2866E3E79E88: changes role from  FOLLOWER to FOLLOWER at term 42 for recognizeCandidate:63866848-2260-464e-b04c-5300d3642f94
datanode_2  | 2019-10-18 14:00:23,747 INFO impl.LeaderElection: 63866848-2260-464e-b04c-5300d3642f94@group-2866E3E79E88-LeaderElection24: Election REJECTED; received 2 response(s) [63866848-2260-464e-b04c-5300d3642f94<-0e97f863-8380-4dc3-a4dd-a142315aaa60#0:FAIL-t30, 63866848-2260-464e-b04c-5300d3642f94<-637ad9e7-ebad-4e7e-8be3-7522e2ec76b4#0:FAIL-t30] and 0 exception(s); 63866848-2260-464e-b04c-5300d3642f94@group-2866E3E79E88:t30, leader=null, voted=63866848-2260-464e-b04c-5300d3642f94, raftlog=63866848-2260-464e-b04c-5300d3642f94@group-2866E3E79E88-SegmentedRaftLog:OPENED:c-1,f-1,i0, conf=-1: [63866848-2260-464e-b04c-5300d3642f94:172.18.0.5:9858, 0e97f863-8380-4dc3-a4dd-a142315aaa60:172.18.0.4:9858, 637ad9e7-ebad-4e7e-8be3-7522e2ec76b4:172.18.0.7:9858], old=null
datanode_3  | 2019-10-18 14:00:25,776 INFO impl.RoleInfo: 637ad9e7-ebad-4e7e-8be3-7522e2ec76b4: shutdown FollowerState
datanode_2  | 2019-10-18 14:00:23,747 INFO impl.RaftServerImpl: 63866848-2260-464e-b04c-5300d3642f94@group-2866E3E79E88: changes role from CANDIDATE to FOLLOWER at term 30 for DISCOVERED_A_NEW_TERM
datanode_1  | 2019-10-18 14:00:25,103 INFO impl.RoleInfo: 0e97f863-8380-4dc3-a4dd-a142315aaa60: shutdown FollowerState
datanode_3  | 2019-10-18 14:00:25,776 INFO impl.RoleInfo: 637ad9e7-ebad-4e7e-8be3-7522e2ec76b4: start FollowerState
datanode_2  | 2019-10-18 14:00:23,747 INFO impl.RoleInfo: 63866848-2260-464e-b04c-5300d3642f94: shutdown LeaderElection
datanode_1  | 2019-10-18 14:00:25,103 INFO impl.RoleInfo: 0e97f863-8380-4dc3-a4dd-a142315aaa60: start FollowerState
datanode_3  | 2019-10-18 14:00:25,776 INFO impl.FollowerState: 637ad9e7-ebad-4e7e-8be3-7522e2ec76b4@group-2866E3E79E88-FollowerState was interrupted: java.lang.InterruptedException: sleep interrupted
datanode_2  | 2019-10-18 14:00:23,747 INFO impl.RoleInfo: 63866848-2260-464e-b04c-5300d3642f94: start FollowerState
datanode_1  | 2019-10-18 14:00:25,103 INFO impl.FollowerState: 0e97f863-8380-4dc3-a4dd-a142315aaa60@group-2866E3E79E88-FollowerState was interrupted: java.lang.InterruptedException: sleep interrupted
datanode_3  | 2019-10-18 14:00:25,864 INFO impl.RaftServerImpl: 637ad9e7-ebad-4e7e-8be3-7522e2ec76b4@group-2866E3E79E88: changes role from  FOLLOWER to FOLLOWER at term 47 for recognizeCandidate:63866848-2260-464e-b04c-5300d3642f94
datanode_2  | 2019-10-18 14:00:23,782 INFO impl.FollowerState: 63866848-2260-464e-b04c-5300d3642f94@group-2866E3E79E88-FollowerState: change to CANDIDATE, lastRpcTime:34ms, electionTimeout:34ms
datanode_1  | 2019-10-18 14:00:25,193 INFO impl.RaftServerImpl: 0e97f863-8380-4dc3-a4dd-a142315aaa60@group-2866E3E79E88: changes role from  FOLLOWER to FOLLOWER at term 43 for recognizeCandidate:63866848-2260-464e-b04c-5300d3642f94
datanode_3  | 2019-10-18 14:00:25,864 INFO impl.RoleInfo: 637ad9e7-ebad-4e7e-8be3-7522e2ec76b4: shutdown FollowerState
datanode_1  | 2019-10-18 14:00:25,193 INFO impl.RoleInfo: 0e97f863-8380-4dc3-a4dd-a142315aaa60: shutdown FollowerState
datanode_2  | 2019-10-18 14:00:23,783 INFO impl.RoleInfo: 63866848-2260-464e-b04c-5300d3642f94: shutdown FollowerState
datanode_3  | 2019-10-18 14:00:25,864 INFO impl.FollowerState: 637ad9e7-ebad-4e7e-8be3-7522e2ec76b4@group-2866E3E79E88-FollowerState was interrupted: java.lang.InterruptedException: sleep interrupted
datanode_1  | 2019-10-18 14:00:25,193 INFO impl.FollowerState: 0e97f863-8380-4dc3-a4dd-a142315aaa60@group-2866E3E79E88-FollowerState was interrupted: java.lang.InterruptedException: sleep interrupted
datanode_2  | 2019-10-18 14:00:23,783 INFO impl.RaftServerImpl: 63866848-2260-464e-b04c-5300d3642f94@group-2866E3E79E88: changes role from  FOLLOWER to CANDIDATE at term 30 for changeToCandidate
datanode_3  | 2019-10-18 14:00:25,864 INFO impl.RoleInfo: 637ad9e7-ebad-4e7e-8be3-7522e2ec76b4: start FollowerState
datanode_1  | 2019-10-18 14:00:25,193 INFO impl.RoleInfo: 0e97f863-8380-4dc3-a4dd-a142315aaa60: start FollowerState
datanode_2  | 2019-10-18 14:00:23,783 INFO impl.RoleInfo: 63866848-2260-464e-b04c-5300d3642f94: start LeaderElection
datanode_3  | 2019-10-18 14:00:26,096 INFO impl.RaftServerImpl: 637ad9e7-ebad-4e7e-8be3-7522e2ec76b4@group-2866E3E79E88: changes role from  FOLLOWER to FOLLOWER at term 48 for recognizeCandidate:63866848-2260-464e-b04c-5300d3642f94
datanode_1  | 2019-10-18 14:00:25,373 INFO impl.RaftServerImpl: 0e97f863-8380-4dc3-a4dd-a142315aaa60@group-2866E3E79E88: changes role from  FOLLOWER to FOLLOWER at term 44 for recognizeCandidate:63866848-2260-464e-b04c-5300d3642f94
datanode_2  | 2019-10-18 14:00:23,806 INFO impl.LeaderElection: 63866848-2260-464e-b04c-5300d3642f94@group-2866E3E79E88-LeaderElection25: begin an election at term 31 for -1: [63866848-2260-464e-b04c-5300d3642f94:172.18.0.5:9858, 0e97f863-8380-4dc3-a4dd-a142315aaa60:172.18.0.4:9858, 637ad9e7-ebad-4e7e-8be3-7522e2ec76b4:172.18.0.7:9858], old=null
datanode_3  | 2019-10-18 14:00:26,096 INFO impl.RoleInfo: 637ad9e7-ebad-4e7e-8be3-7522e2ec76b4: shutdown FollowerState
datanode_1  | 2019-10-18 14:00:25,373 INFO impl.RoleInfo: 0e97f863-8380-4dc3-a4dd-a142315aaa60: shutdown FollowerState
datanode_2  | 2019-10-18 14:00:23,825 INFO impl.LeaderElection: 63866848-2260-464e-b04c-5300d3642f94@group-2866E3E79E88-LeaderElection25: Election REJECTED; received 2 response(s) [63866848-2260-464e-b04c-5300d3642f94<-0e97f863-8380-4dc3-a4dd-a142315aaa60#0:FAIL-t31, 63866848-2260-464e-b04c-5300d3642f94<-637ad9e7-ebad-4e7e-8be3-7522e2ec76b4#0:FAIL-t31] and 0 exception(s); 63866848-2260-464e-b04c-5300d3642f94@group-2866E3E79E88:t31, leader=null, voted=63866848-2260-464e-b04c-5300d3642f94, raftlog=63866848-2260-464e-b04c-5300d3642f94@group-2866E3E79E88-SegmentedRaftLog:OPENED:c-1,f-1,i0, conf=-1: [63866848-2260-464e-b04c-5300d3642f94:172.18.0.5:9858, 0e97f863-8380-4dc3-a4dd-a142315aaa60:172.18.0.4:9858, 637ad9e7-ebad-4e7e-8be3-7522e2ec76b4:172.18.0.7:9858], old=null
datanode_3  | 2019-10-18 14:00:26,096 INFO impl.RoleInfo: 637ad9e7-ebad-4e7e-8be3-7522e2ec76b4: start FollowerState
datanode_1  | 2019-10-18 14:00:25,373 INFO impl.FollowerState: 0e97f863-8380-4dc3-a4dd-a142315aaa60@group-2866E3E79E88-FollowerState was interrupted: java.lang.InterruptedException: sleep interrupted
datanode_2  | 2019-10-18 14:00:23,825 INFO impl.RaftServerImpl: 63866848-2260-464e-b04c-5300d3642f94@group-2866E3E79E88: changes role from CANDIDATE to FOLLOWER at term 31 for DISCOVERED_A_NEW_TERM
datanode_3  | 2019-10-18 14:00:26,097 INFO impl.FollowerState: 637ad9e7-ebad-4e7e-8be3-7522e2ec76b4@group-2866E3E79E88-FollowerState was interrupted: java.lang.InterruptedException: sleep interrupted
datanode_2  | 2019-10-18 14:00:23,825 INFO impl.RoleInfo: 63866848-2260-464e-b04c-5300d3642f94: shutdown LeaderElection
datanode_1  | 2019-10-18 14:00:25,373 INFO impl.RoleInfo: 0e97f863-8380-4dc3-a4dd-a142315aaa60: start FollowerState
datanode_3  | 2019-10-18 14:00:26,208 INFO impl.RaftServerImpl: 637ad9e7-ebad-4e7e-8be3-7522e2ec76b4@group-2866E3E79E88: changes role from  FOLLOWER to FOLLOWER at term 49 for recognizeCandidate:63866848-2260-464e-b04c-5300d3642f94
datanode_2  | 2019-10-18 14:00:23,826 INFO impl.RoleInfo: 63866848-2260-464e-b04c-5300d3642f94: start FollowerState
datanode_1  | 2019-10-18 14:00:25,551 INFO impl.RaftServerImpl: 0e97f863-8380-4dc3-a4dd-a142315aaa60@group-2866E3E79E88: changes role from  FOLLOWER to FOLLOWER at term 45 for recognizeCandidate:63866848-2260-464e-b04c-5300d3642f94
datanode_3  | 2019-10-18 14:00:26,208 INFO impl.RoleInfo: 637ad9e7-ebad-4e7e-8be3-7522e2ec76b4: shutdown FollowerState
datanode_2  | 2019-10-18 14:00:24,013 INFO impl.FollowerState: 63866848-2260-464e-b04c-5300d3642f94@group-2866E3E79E88-FollowerState: change to CANDIDATE, lastRpcTime:187ms, electionTimeout:187ms
datanode_1  | 2019-10-18 14:00:25,551 INFO impl.RoleInfo: 0e97f863-8380-4dc3-a4dd-a142315aaa60: shutdown FollowerState
datanode_3  | 2019-10-18 14:00:26,208 INFO impl.RoleInfo: 637ad9e7-ebad-4e7e-8be3-7522e2ec76b4: start FollowerState
datanode_2  | 2019-10-18 14:00:24,014 INFO impl.RoleInfo: 63866848-2260-464e-b04c-5300d3642f94: shutdown FollowerState
datanode_1  | 2019-10-18 14:00:25,551 INFO impl.FollowerState: 0e97f863-8380-4dc3-a4dd-a142315aaa60@group-2866E3E79E88-FollowerState was interrupted: java.lang.InterruptedException: sleep interrupted
datanode_3  | 2019-10-18 14:00:26,209 INFO impl.FollowerState: 637ad9e7-ebad-4e7e-8be3-7522e2ec76b4@group-2866E3E79E88-FollowerState was interrupted: java.lang.InterruptedException: sleep interrupted
datanode_2  | 2019-10-18 14:00:24,014 INFO impl.RaftServerImpl: 63866848-2260-464e-b04c-5300d3642f94@group-2866E3E79E88: changes role from  FOLLOWER to CANDIDATE at term 31 for changeToCandidate
datanode_1  | 2019-10-18 14:00:25,551 INFO impl.RoleInfo: 0e97f863-8380-4dc3-a4dd-a142315aaa60: start FollowerState
datanode_2  | 2019-10-18 14:00:24,014 INFO impl.RoleInfo: 63866848-2260-464e-b04c-5300d3642f94: start LeaderElection
datanode_3  | 2019-10-18 14:00:26,431 INFO impl.RaftServerImpl: 637ad9e7-ebad-4e7e-8be3-7522e2ec76b4@group-2866E3E79E88: changes role from  FOLLOWER to FOLLOWER at term 50 for recognizeCandidate:63866848-2260-464e-b04c-5300d3642f94
datanode_1  | 2019-10-18 14:00:25,775 INFO impl.RaftServerImpl: 0e97f863-8380-4dc3-a4dd-a142315aaa60@group-2866E3E79E88: changes role from  FOLLOWER to FOLLOWER at term 46 for recognizeCandidate:63866848-2260-464e-b04c-5300d3642f94
datanode_2  | 2019-10-18 14:00:24,105 INFO impl.LeaderElection: 63866848-2260-464e-b04c-5300d3642f94@group-2866E3E79E88-LeaderElection26: begin an election at term 32 for -1: [63866848-2260-464e-b04c-5300d3642f94:172.18.0.5:9858, 0e97f863-8380-4dc3-a4dd-a142315aaa60:172.18.0.4:9858, 637ad9e7-ebad-4e7e-8be3-7522e2ec76b4:172.18.0.7:9858], old=null
datanode_3  | 2019-10-18 14:00:26,432 INFO impl.RoleInfo: 637ad9e7-ebad-4e7e-8be3-7522e2ec76b4: shutdown FollowerState
datanode_1  | 2019-10-18 14:00:25,775 INFO impl.RoleInfo: 0e97f863-8380-4dc3-a4dd-a142315aaa60: shutdown FollowerState
datanode_3  | 2019-10-18 14:00:26,432 INFO impl.RoleInfo: 637ad9e7-ebad-4e7e-8be3-7522e2ec76b4: start FollowerState
datanode_1  | 2019-10-18 14:00:25,775 INFO impl.RoleInfo: 0e97f863-8380-4dc3-a4dd-a142315aaa60: start FollowerState
datanode_2  | 2019-10-18 14:00:24,131 INFO impl.LeaderElection: 63866848-2260-464e-b04c-5300d3642f94@group-2866E3E79E88-LeaderElection26: Election REJECTED; received 2 response(s) [63866848-2260-464e-b04c-5300d3642f94<-0e97f863-8380-4dc3-a4dd-a142315aaa60#0:FAIL-t32, 63866848-2260-464e-b04c-5300d3642f94<-637ad9e7-ebad-4e7e-8be3-7522e2ec76b4#0:FAIL-t32] and 0 exception(s); 63866848-2260-464e-b04c-5300d3642f94@group-2866E3E79E88:t32, leader=null, voted=63866848-2260-464e-b04c-5300d3642f94, raftlog=63866848-2260-464e-b04c-5300d3642f94@group-2866E3E79E88-SegmentedRaftLog:OPENED:c-1,f-1,i0, conf=-1: [63866848-2260-464e-b04c-5300d3642f94:172.18.0.5:9858, 0e97f863-8380-4dc3-a4dd-a142315aaa60:172.18.0.4:9858, 637ad9e7-ebad-4e7e-8be3-7522e2ec76b4:172.18.0.7:9858], old=null
datanode_1  | 2019-10-18 14:00:25,775 INFO impl.FollowerState: 0e97f863-8380-4dc3-a4dd-a142315aaa60@group-2866E3E79E88-FollowerState was interrupted: java.lang.InterruptedException: sleep interrupted
datanode_2  | 2019-10-18 14:00:24,131 INFO impl.RaftServerImpl: 63866848-2260-464e-b04c-5300d3642f94@group-2866E3E79E88: changes role from CANDIDATE to FOLLOWER at term 32 for DISCOVERED_A_NEW_TERM
datanode_3  | 2019-10-18 14:00:26,432 INFO impl.FollowerState: 637ad9e7-ebad-4e7e-8be3-7522e2ec76b4@group-2866E3E79E88-FollowerState was interrupted: java.lang.InterruptedException: sleep interrupted
datanode_1  | 2019-10-18 14:00:25,864 INFO impl.RaftServerImpl: 0e97f863-8380-4dc3-a4dd-a142315aaa60@group-2866E3E79E88: changes role from  FOLLOWER to FOLLOWER at term 47 for recognizeCandidate:63866848-2260-464e-b04c-5300d3642f94
datanode_2  | 2019-10-18 14:00:24,131 INFO impl.RoleInfo: 63866848-2260-464e-b04c-5300d3642f94: shutdown LeaderElection
datanode_3  | 2019-10-18 14:00:26,538 INFO impl.RaftServerImpl: 637ad9e7-ebad-4e7e-8be3-7522e2ec76b4@group-2866E3E79E88: changes role from  FOLLOWER to FOLLOWER at term 51 for recognizeCandidate:63866848-2260-464e-b04c-5300d3642f94
datanode_1  | 2019-10-18 14:00:25,864 INFO impl.RoleInfo: 0e97f863-8380-4dc3-a4dd-a142315aaa60: shutdown FollowerState
datanode_2  | 2019-10-18 14:00:24,132 INFO impl.RoleInfo: 63866848-2260-464e-b04c-5300d3642f94: start FollowerState
datanode_3  | 2019-10-18 14:00:26,538 INFO impl.RoleInfo: 637ad9e7-ebad-4e7e-8be3-7522e2ec76b4: shutdown FollowerState
datanode_1  | 2019-10-18 14:00:25,864 INFO impl.FollowerState: 0e97f863-8380-4dc3-a4dd-a142315aaa60@group-2866E3E79E88-FollowerState was interrupted: java.lang.InterruptedException: sleep interrupted
datanode_2  | 2019-10-18 14:00:24,141 INFO impl.FollowerState: 63866848-2260-464e-b04c-5300d3642f94@group-2866E3E79E88-FollowerState: change to CANDIDATE, lastRpcTime:9ms, electionTimeout:9ms
datanode_3  | 2019-10-18 14:00:26,538 INFO impl.RoleInfo: 637ad9e7-ebad-4e7e-8be3-7522e2ec76b4: start FollowerState
datanode_2  | 2019-10-18 14:00:24,142 INFO impl.RoleInfo: 63866848-2260-464e-b04c-5300d3642f94: shutdown FollowerState
datanode_1  | 2019-10-18 14:00:25,864 INFO impl.RoleInfo: 0e97f863-8380-4dc3-a4dd-a142315aaa60: start FollowerState
datanode_3  | 2019-10-18 14:00:26,538 INFO impl.FollowerState: 637ad9e7-ebad-4e7e-8be3-7522e2ec76b4@group-2866E3E79E88-FollowerState was interrupted: java.lang.InterruptedException: sleep interrupted
datanode_2  | 2019-10-18 14:00:24,142 INFO impl.RaftServerImpl: 63866848-2260-464e-b04c-5300d3642f94@group-2866E3E79E88: changes role from  FOLLOWER to CANDIDATE at term 32 for changeToCandidate
datanode_1  | 2019-10-18 14:00:26,096 INFO impl.RaftServerImpl: 0e97f863-8380-4dc3-a4dd-a142315aaa60@group-2866E3E79E88: changes role from  FOLLOWER to FOLLOWER at term 48 for recognizeCandidate:63866848-2260-464e-b04c-5300d3642f94
datanode_3  | 2019-10-18 14:00:26,745 INFO impl.RaftServerImpl: 637ad9e7-ebad-4e7e-8be3-7522e2ec76b4@group-2866E3E79E88: changes role from  FOLLOWER to FOLLOWER at term 52 for recognizeCandidate:63866848-2260-464e-b04c-5300d3642f94
datanode_2  | 2019-10-18 14:00:24,142 INFO impl.RoleInfo: 63866848-2260-464e-b04c-5300d3642f94: start LeaderElection
datanode_1  | 2019-10-18 14:00:26,096 INFO impl.RoleInfo: 0e97f863-8380-4dc3-a4dd-a142315aaa60: shutdown FollowerState
datanode_3  | 2019-10-18 14:00:26,746 INFO impl.RoleInfo: 637ad9e7-ebad-4e7e-8be3-7522e2ec76b4: shutdown FollowerState
datanode_2  | 2019-10-18 14:00:24,163 INFO impl.LeaderElection: 63866848-2260-464e-b04c-5300d3642f94@group-2866E3E79E88-LeaderElection27: begin an election at term 33 for -1: [63866848-2260-464e-b04c-5300d3642f94:172.18.0.5:9858, 0e97f863-8380-4dc3-a4dd-a142315aaa60:172.18.0.4:9858, 637ad9e7-ebad-4e7e-8be3-7522e2ec76b4:172.18.0.7:9858], old=null
datanode_1  | 2019-10-18 14:00:26,097 INFO impl.FollowerState: 0e97f863-8380-4dc3-a4dd-a142315aaa60@group-2866E3E79E88-FollowerState was interrupted: java.lang.InterruptedException: sleep interrupted
datanode_3  | 2019-10-18 14:00:26,746 INFO impl.FollowerState: 637ad9e7-ebad-4e7e-8be3-7522e2ec76b4@group-2866E3E79E88-FollowerState was interrupted: java.lang.InterruptedException: sleep interrupted
datanode_1  | 2019-10-18 14:00:26,097 INFO impl.RoleInfo: 0e97f863-8380-4dc3-a4dd-a142315aaa60: start FollowerState
datanode_2  | 2019-10-18 14:00:24,181 INFO impl.LeaderElection: 63866848-2260-464e-b04c-5300d3642f94@group-2866E3E79E88-LeaderElection27: Election REJECTED; received 2 response(s) [63866848-2260-464e-b04c-5300d3642f94<-0e97f863-8380-4dc3-a4dd-a142315aaa60#0:FAIL-t33, 63866848-2260-464e-b04c-5300d3642f94<-637ad9e7-ebad-4e7e-8be3-7522e2ec76b4#0:FAIL-t33] and 0 exception(s); 63866848-2260-464e-b04c-5300d3642f94@group-2866E3E79E88:t33, leader=null, voted=63866848-2260-464e-b04c-5300d3642f94, raftlog=63866848-2260-464e-b04c-5300d3642f94@group-2866E3E79E88-SegmentedRaftLog:OPENED:c-1,f-1,i0, conf=-1: [63866848-2260-464e-b04c-5300d3642f94:172.18.0.5:9858, 0e97f863-8380-4dc3-a4dd-a142315aaa60:172.18.0.4:9858, 637ad9e7-ebad-4e7e-8be3-7522e2ec76b4:172.18.0.7:9858], old=null
datanode_3  | 2019-10-18 14:00:26,746 INFO impl.RoleInfo: 637ad9e7-ebad-4e7e-8be3-7522e2ec76b4: start FollowerState
datanode_1  | 2019-10-18 14:00:26,201 INFO impl.RaftServerImpl: 0e97f863-8380-4dc3-a4dd-a142315aaa60@group-2866E3E79E88: changes role from  FOLLOWER to FOLLOWER at term 49 for recognizeCandidate:63866848-2260-464e-b04c-5300d3642f94
datanode_3  | 2019-10-18 14:00:26,800 INFO impl.RaftServerImpl: 637ad9e7-ebad-4e7e-8be3-7522e2ec76b4@group-2866E3E79E88: changes role from  FOLLOWER to FOLLOWER at term 53 for recognizeCandidate:63866848-2260-464e-b04c-5300d3642f94
datanode_1  | 2019-10-18 14:00:26,202 INFO impl.RoleInfo: 0e97f863-8380-4dc3-a4dd-a142315aaa60: shutdown FollowerState
datanode_1  | 2019-10-18 14:00:26,202 INFO impl.RoleInfo: 0e97f863-8380-4dc3-a4dd-a142315aaa60: start FollowerState
datanode_2  | 2019-10-18 14:00:24,182 INFO impl.RaftServerImpl: 63866848-2260-464e-b04c-5300d3642f94@group-2866E3E79E88: changes role from CANDIDATE to FOLLOWER at term 33 for DISCOVERED_A_NEW_TERM
datanode_1  | 2019-10-18 14:00:26,202 INFO impl.FollowerState: 0e97f863-8380-4dc3-a4dd-a142315aaa60@group-2866E3E79E88-FollowerState was interrupted: java.lang.InterruptedException: sleep interrupted
datanode_2  | 2019-10-18 14:00:24,182 INFO impl.RoleInfo: 63866848-2260-464e-b04c-5300d3642f94: shutdown LeaderElection
datanode_3  | 2019-10-18 14:00:26,800 INFO impl.RoleInfo: 637ad9e7-ebad-4e7e-8be3-7522e2ec76b4: shutdown FollowerState
datanode_1  | 2019-10-18 14:00:26,430 INFO impl.RaftServerImpl: 0e97f863-8380-4dc3-a4dd-a142315aaa60@group-2866E3E79E88: changes role from  FOLLOWER to FOLLOWER at term 50 for recognizeCandidate:63866848-2260-464e-b04c-5300d3642f94
datanode_2  | 2019-10-18 14:00:24,182 INFO impl.RoleInfo: 63866848-2260-464e-b04c-5300d3642f94: start FollowerState
datanode_3  | 2019-10-18 14:00:26,800 INFO impl.RoleInfo: 637ad9e7-ebad-4e7e-8be3-7522e2ec76b4: start FollowerState
datanode_1  | 2019-10-18 14:00:26,430 INFO impl.RoleInfo: 0e97f863-8380-4dc3-a4dd-a142315aaa60: shutdown FollowerState
datanode_2  | 2019-10-18 14:00:24,231 INFO impl.FollowerState: 63866848-2260-464e-b04c-5300d3642f94@group-2866E3E79E88-FollowerState: change to CANDIDATE, lastRpcTime:48ms, electionTimeout:48ms
datanode_1  | 2019-10-18 14:00:26,431 INFO impl.FollowerState: 0e97f863-8380-4dc3-a4dd-a142315aaa60@group-2866E3E79E88-FollowerState was interrupted: java.lang.InterruptedException: sleep interrupted
datanode_3  | 2019-10-18 14:00:26,800 INFO impl.FollowerState: 637ad9e7-ebad-4e7e-8be3-7522e2ec76b4@group-2866E3E79E88-FollowerState was interrupted: java.lang.InterruptedException: sleep interrupted
datanode_1  | 2019-10-18 14:00:26,431 INFO impl.RoleInfo: 0e97f863-8380-4dc3-a4dd-a142315aaa60: start FollowerState
datanode_2  | 2019-10-18 14:00:24,231 INFO impl.RoleInfo: 63866848-2260-464e-b04c-5300d3642f94: shutdown FollowerState
datanode_1  | 2019-10-18 14:00:26,538 INFO impl.RaftServerImpl: 0e97f863-8380-4dc3-a4dd-a142315aaa60@group-2866E3E79E88: changes role from  FOLLOWER to FOLLOWER at term 51 for recognizeCandidate:63866848-2260-464e-b04c-5300d3642f94
datanode_3  | 2019-10-18 14:00:26,934 INFO impl.RaftServerImpl: 637ad9e7-ebad-4e7e-8be3-7522e2ec76b4@group-2866E3E79E88: changes role from  FOLLOWER to FOLLOWER at term 54 for recognizeCandidate:63866848-2260-464e-b04c-5300d3642f94
datanode_2  | 2019-10-18 14:00:24,232 INFO impl.RaftServerImpl: 63866848-2260-464e-b04c-5300d3642f94@group-2866E3E79E88: changes role from  FOLLOWER to CANDIDATE at term 33 for changeToCandidate
datanode_1  | 2019-10-18 14:00:26,539 INFO impl.RoleInfo: 0e97f863-8380-4dc3-a4dd-a142315aaa60: shutdown FollowerState
datanode_2  | 2019-10-18 14:00:24,232 INFO impl.RoleInfo: 63866848-2260-464e-b04c-5300d3642f94: start LeaderElection
datanode_3  | 2019-10-18 14:00:26,934 INFO impl.RoleInfo: 637ad9e7-ebad-4e7e-8be3-7522e2ec76b4: shutdown FollowerState
datanode_1  | 2019-10-18 14:00:26,539 INFO impl.RoleInfo: 0e97f863-8380-4dc3-a4dd-a142315aaa60: start FollowerState
