datanode_2  | 2019-10-18 14:05:25,848 INFO server.RaftServerConfigKeys: raft.server.rpc.timeout.max = 5200ms (custom)
datanode_1  | 2019-10-18 14:05:25,862 INFO util.JmxRegister: Successfully registered JMX Bean with object name Ratis:service=RaftServer,group=group-738042F8611F,id=b2154e70-53de-4851-b623-ead6a78e3613
datanode_3  | 2019-10-18 14:05:25,897 INFO server.RaftServerConfigKeys: raft.server.log.segment.size.max = 1048576 (custom)
datanode_2  | 2019-10-18 14:05:25,849 INFO server.RaftServerConfigKeys: raft.server.rpcslowness.timeout = 120s (custom)
scm_1       | 	at org.apache.ratis.thirdparty.io.grpc.stub.ClientCalls.getUnchecked(ClientCalls.java:214)
datanode_1  | 2019-10-18 14:05:25,882 INFO impl.RaftServerImpl: b2154e70-53de-4851-b623-ead6a78e3613@group-5F80AB38D8C7: start as a follower, conf=-1: [b2154e70-53de-4851-b623-ead6a78e3613:172.18.0.8:9858, bbc7db07-7cb5-47e0-956c-d91ed76f63b9:172.18.0.7:9858, 78822d59-a02c-4cc2-93dc-43f8f2b1c583:172.18.0.9:9858], old=null
datanode_3  | 2019-10-18 14:05:25,897 INFO server.RaftServerConfigKeys: raft.server.log.segment.cache.num.max = 2 (custom)
datanode_2  | 2019-10-18 14:05:25,849 INFO server.RaftServerConfigKeys: raft.server.sleep.deviation.threshold = 300 (default)
scm_1       | 	at org.apache.ratis.thirdparty.io.grpc.stub.ClientCalls.blockingUnaryCall(ClientCalls.java:139)
datanode_1  | 2019-10-18 14:05:25,882 INFO impl.RaftServerImpl: b2154e70-53de-4851-b623-ead6a78e3613@group-5F80AB38D8C7: changes role from      null to FOLLOWER at term 0 for startAsFollower
datanode_3  | 2019-10-18 14:05:25,897 INFO segmented.SegmentedRaftLogWorker: new 78822d59-a02c-4cc2-93dc-43f8f2b1c583@group-5F80AB38D8C7-SegmentedRaftLogWorker for RaftStorage:Storage Directory /data/metadata/ratis/5fbb8330-ebad-4217-b555-5f80ab38d8c7
datanode_2  | 2019-10-18 14:05:25,849 INFO server.RaftServerConfigKeys: raft.server.log.appender.install.snapshot.enabled = false (custom)
scm_1       | 	at org.apache.ratis.proto.grpc.AdminProtocolServiceGrpc$AdminProtocolServiceBlockingStub.groupManagement(AdminProtocolServiceGrpc.java:274)
datanode_1  | 2019-10-18 14:05:25,882 INFO impl.RoleInfo: b2154e70-53de-4851-b623-ead6a78e3613: start FollowerState
datanode_3  | 2019-10-18 14:05:25,897 INFO server.RaftServerConfigKeys: raft.server.log.queue.byte-limit = 2147483647 (custom)
scm_1       | 	at org.apache.ratis.grpc.client.GrpcClientProtocolClient.lambda$groupAdd$3(GrpcClientProtocolClient.java:155)
datanode_1  | 2019-10-18 14:05:25,883 INFO util.JmxRegister: Successfully registered JMX Bean with object name Ratis:service=RaftServer,group=group-5F80AB38D8C7,id=b2154e70-53de-4851-b623-ead6a78e3613
datanode_3  | 2019-10-18 14:05:25,898 INFO server.RaftServerConfigKeys: raft.server.log.queue.element-limit = 1024 (custom)
scm_1       | 	at org.apache.ratis.grpc.client.GrpcClientProtocolClient.blockingCall(GrpcClientProtocolClient.java:182)
datanode_2  | 2019-10-18 14:05:25,849 INFO impl.RaftServerImpl: bbc7db07-7cb5-47e0-956c-d91ed76f63b9@group-5F80AB38D8C7: ConfigurationManager, init=-1: [b2154e70-53de-4851-b623-ead6a78e3613:172.18.0.8:9858, bbc7db07-7cb5-47e0-956c-d91ed76f63b9:172.18.0.7:9858, 78822d59-a02c-4cc2-93dc-43f8f2b1c583:172.18.0.9:9858], old=null, confs=<EMPTY_MAP>
datanode_3  | 2019-10-18 14:05:25,898 INFO server.RaftServerConfigKeys: raft.server.log.segment.size.max = 1048576 (custom)
datanode_1  | 2019-10-18 14:05:25,907 INFO impl.FollowerState: b2154e70-53de-4851-b623-ead6a78e3613@group-738042F8611F-FollowerState: change to CANDIDATE, lastRpcTime:48ms, electionTimeout:48ms
scm_1       | 	... 26 more
datanode_3  | 2019-10-18 14:05:25,898 INFO server.RaftServerConfigKeys: raft.server.log.preallocated.size = 16384 (custom)
datanode_2  | 2019-10-18 14:05:25,849 INFO server.RaftServerConfigKeys: raft.server.storage.dir = [/data/metadata/ratis] (custom)
datanode_1  | 2019-10-18 14:05:25,921 INFO impl.RoleInfo: b2154e70-53de-4851-b623-ead6a78e3613: shutdown FollowerState
scm_1       | 2019-10-18 14:05:20,983 ERROR pipeline.RatisPipelineProvider: Failed invoke Ratis rpc org.apache.hadoop.hdds.scm.pipeline.RatisPipelineProvider$$Lambda$173/0x00000008403b0840@5d91e00b for 78822d59-a02c-4cc2-93dc-43f8f2b1c583
datanode_3  | 2019-10-18 14:05:25,898 INFO server.RaftServerConfigKeys: raft.server.log.write.buffer.size = 33554432 (custom)
datanode_2  | 2019-10-18 14:05:25,850 INFO server.RaftServerConfigKeys: raft.server.log.corruption.policy = EXCEPTION (default)
datanode_1  | 2019-10-18 14:05:25,922 INFO impl.RaftServerImpl: b2154e70-53de-4851-b623-ead6a78e3613@group-738042F8611F: changes role from  FOLLOWER to CANDIDATE at term 0 for changeToCandidate
scm_1       | org.apache.ratis.protocol.TimeoutIOException: deadline exceeded after 2999208828ns
datanode_3  | 2019-10-18 14:05:25,898 INFO server.RaftServerConfigKeys: raft.server.log.force.sync.num = 128 (default)
datanode_2  | 2019-10-18 14:05:25,850 INFO storage.RaftStorageDirectory: The storage directory /data/metadata/ratis/5fbb8330-ebad-4217-b555-5f80ab38d8c7 does not exist. Creating ...
datanode_1  | 2019-10-18 14:05:25,925 INFO impl.FollowerState: b2154e70-53de-4851-b623-ead6a78e3613@group-5F80AB38D8C7-FollowerState: change to CANDIDATE, lastRpcTime:42ms, electionTimeout:42ms
datanode_3  | 2019-10-18 14:05:25,898 INFO server.RaftServerConfigKeys: raft.server.log.statemachine.data.sync = true (default)
scm_1       | 	at org.apache.ratis.grpc.GrpcUtil.tryUnwrapException(GrpcUtil.java:82)
datanode_2  | 2019-10-18 14:05:25,866 INFO storage.RaftStorageDirectory: Lock on /data/metadata/ratis/5fbb8330-ebad-4217-b555-5f80ab38d8c7/in_use.lock acquired by nodename 7@84a3dd92f9e3
datanode_1  | 2019-10-18 14:05:25,929 INFO impl.RoleInfo: b2154e70-53de-4851-b623-ead6a78e3613: start LeaderElection
datanode_3  | 2019-10-18 14:05:25,898 INFO server.RaftServerConfigKeys: raft.server.log.statemachine.data.sync.timeout = 10s (default)
scm_1       | 	at org.apache.ratis.grpc.GrpcUtil.unwrapException(GrpcUtil.java:75)
datanode_2  | 2019-10-18 14:05:25,874 INFO storage.RaftStorage: Storage directory /data/metadata/ratis/5fbb8330-ebad-4217-b555-5f80ab38d8c7 has been successfully formatted.
datanode_1  | 2019-10-18 14:05:25,929 INFO impl.RoleInfo: b2154e70-53de-4851-b623-ead6a78e3613: shutdown FollowerState
datanode_3  | 2019-10-18 14:05:25,898 INFO server.RaftServerConfigKeys: raft.server.log.statemachine.data.sync.timeout.retry = -1 (default)
scm_1       | 	at org.apache.ratis.grpc.client.GrpcClientProtocolClient.blockingCall(GrpcClientProtocolClient.java:184)
datanode_2  | 2019-10-18 14:05:25,874 [pool-8-thread-1] INFO       - group-5F80AB38D8C7: The snapshot info is null. Setting the last applied indexto:(t:0, i:~)
datanode_1  | 2019-10-18 14:05:25,929 INFO impl.RaftServerImpl: b2154e70-53de-4851-b623-ead6a78e3613@group-5F80AB38D8C7: changes role from  FOLLOWER to CANDIDATE at term 0 for changeToCandidate
datanode_3  | 2019-10-18 14:05:25,898 INFO server.RaftServerConfigKeys: raft.server.log.statemachine.data.caching.enabled = true (custom)
scm_1       | 	at org.apache.ratis.grpc.client.GrpcClientProtocolClient.groupAdd(GrpcClientProtocolClient.java:153)
datanode_2  | 2019-10-18 14:05:25,874 INFO server.RaftServerConfigKeys: raft.server.notification.no-leader.timeout = 120s (custom)
datanode_1  | 2019-10-18 14:05:25,929 INFO impl.RoleInfo: b2154e70-53de-4851-b623-ead6a78e3613: start LeaderElection
datanode_3  | 2019-10-18 14:05:25,899 INFO segmented.SegmentedRaftLogWorker: 78822d59-a02c-4cc2-93dc-43f8f2b1c583@group-5F80AB38D8C7-SegmentedRaftLogWorker: flushIndex: setUnconditionally 0 -> -1
scm_1       | 	at org.apache.ratis.grpc.client.GrpcClientRpc.sendRequest(GrpcClientRpc.java:94)
datanode_2  | 2019-10-18 14:05:25,874 INFO server.RaftServerConfigKeys: raft.server.log.use.memory = false (default)
datanode_1  | 2019-10-18 14:05:25,951 INFO impl.LeaderElection: b2154e70-53de-4851-b623-ead6a78e3613@group-5F80AB38D8C7-LeaderElection2: begin an election at term 1 for -1: [b2154e70-53de-4851-b623-ead6a78e3613:172.18.0.8:9858, bbc7db07-7cb5-47e0-956c-d91ed76f63b9:172.18.0.7:9858, 78822d59-a02c-4cc2-93dc-43f8f2b1c583:172.18.0.9:9858], old=null
datanode_3  | 2019-10-18 14:05:25,899 INFO server.RaftServerConfigKeys: raft.server.snapshot.auto.trigger.enabled = true (custom)
datanode_2  | 2019-10-18 14:05:25,875 INFO server.RaftServerConfigKeys: raft.server.log.purge.gap = 1000000 (custom)
scm_1       | 	at org.apache.ratis.client.impl.RaftClientImpl.sendRequest(RaftClientImpl.java:278)
datanode_1  | 2019-10-18 14:05:25,951 INFO impl.LeaderElection: b2154e70-53de-4851-b623-ead6a78e3613@group-738042F8611F-LeaderElection1: begin an election at term 1 for -1: [b2154e70-53de-4851-b623-ead6a78e3613:172.18.0.8:9858, bbc7db07-7cb5-47e0-956c-d91ed76f63b9:172.18.0.7:9858, 78822d59-a02c-4cc2-93dc-43f8f2b1c583:172.18.0.9:9858], old=null
datanode_3  | 2019-10-18 14:05:25,900 INFO server.RaftServerConfigKeys: raft.server.snapshot.auto.trigger.threshold = 10000 (custom)
datanode_2  | 2019-10-18 14:05:25,875 INFO server.RaftServerConfigKeys: raft.server.log.appender.buffer.byte-limit = 33554432 (custom)
scm_1       | 	at org.apache.ratis.client.impl.RaftClientImpl.groupAdd(RaftClientImpl.java:205)
datanode_1  | 2019-10-18 14:05:26,059 INFO impl.LeaderElection: b2154e70-53de-4851-b623-ead6a78e3613@group-738042F8611F-LeaderElection1: Election TIMEOUT; received 0 response(s) [] and 0 exception(s); b2154e70-53de-4851-b623-ead6a78e3613@group-738042F8611F:t1, leader=null, voted=b2154e70-53de-4851-b623-ead6a78e3613, raftlog=b2154e70-53de-4851-b623-ead6a78e3613@group-738042F8611F-SegmentedRaftLog:OPENED:c-1,f-1,i0, conf=-1: [b2154e70-53de-4851-b623-ead6a78e3613:172.18.0.8:9858, bbc7db07-7cb5-47e0-956c-d91ed76f63b9:172.18.0.7:9858, 78822d59-a02c-4cc2-93dc-43f8f2b1c583:172.18.0.9:9858], old=null
datanode_3  | 2019-10-18 14:05:25,900 INFO server.RaftServerConfigKeys: raft.server.snapshot.retention.file.num = 5 (custom)
datanode_2  | 2019-10-18 14:05:25,875 INFO server.RaftServerConfigKeys: raft.server.log.segment.size.max = 1048576 (custom)
scm_1       | 	at org.apache.hadoop.hdds.scm.pipeline.RatisPipelineProvider.lambda$initializePipeline$4(RatisPipelineProvider.java:198)
datanode_1  | 2019-10-18 14:05:26,086 INFO impl.LeaderElection: b2154e70-53de-4851-b623-ead6a78e3613@group-738042F8611F-LeaderElection1: begin an election at term 2 for -1: [b2154e70-53de-4851-b623-ead6a78e3613:172.18.0.8:9858, bbc7db07-7cb5-47e0-956c-d91ed76f63b9:172.18.0.7:9858, 78822d59-a02c-4cc2-93dc-43f8f2b1c583:172.18.0.9:9858], old=null
datanode_3  | 2019-10-18 14:05:25,900 INFO server.RaftServerConfigKeys: raft.server.retrycache.expirytime = 600000ms (custom)
datanode_2  | 2019-10-18 14:05:25,875 INFO server.RaftServerConfigKeys: raft.server.log.segment.cache.num.max = 2 (custom)
scm_1       | 	at org.apache.hadoop.hdds.scm.pipeline.RatisPipelineProvider.lambda$null$5(RatisPipelineProvider.java:233)
datanode_1  | 2019-10-18 14:05:26,134 INFO impl.LeaderElection: b2154e70-53de-4851-b623-ead6a78e3613@group-5F80AB38D8C7-LeaderElection2: Election TIMEOUT; received 0 response(s) [] and 0 exception(s); b2154e70-53de-4851-b623-ead6a78e3613@group-5F80AB38D8C7:t1, leader=null, voted=b2154e70-53de-4851-b623-ead6a78e3613, raftlog=b2154e70-53de-4851-b623-ead6a78e3613@group-5F80AB38D8C7-SegmentedRaftLog:OPENED:c-1,f-1,i0, conf=-1: [b2154e70-53de-4851-b623-ead6a78e3613:172.18.0.8:9858, bbc7db07-7cb5-47e0-956c-d91ed76f63b9:172.18.0.7:9858, 78822d59-a02c-4cc2-93dc-43f8f2b1c583:172.18.0.9:9858], old=null
datanode_3  | 2019-10-18 14:05:25,906 INFO impl.RaftServerImpl: 78822d59-a02c-4cc2-93dc-43f8f2b1c583@group-60E5C7C19AF3: start as a follower, conf=-1: [78822d59-a02c-4cc2-93dc-43f8f2b1c583:172.18.0.9:9858], old=null
datanode_2  | 2019-10-18 14:05:25,875 INFO segmented.SegmentedRaftLogWorker: new bbc7db07-7cb5-47e0-956c-d91ed76f63b9@group-5F80AB38D8C7-SegmentedRaftLogWorker for RaftStorage:Storage Directory /data/metadata/ratis/5fbb8330-ebad-4217-b555-5f80ab38d8c7
datanode_1  | 2019-10-18 14:05:26,153 INFO impl.LeaderElection: b2154e70-53de-4851-b623-ead6a78e3613@group-5F80AB38D8C7-LeaderElection2: begin an election at term 2 for -1: [b2154e70-53de-4851-b623-ead6a78e3613:172.18.0.8:9858, bbc7db07-7cb5-47e0-956c-d91ed76f63b9:172.18.0.7:9858, 78822d59-a02c-4cc2-93dc-43f8f2b1c583:172.18.0.9:9858], old=null
datanode_3  | 2019-10-18 14:05:25,908 INFO impl.RaftServerImpl: 78822d59-a02c-4cc2-93dc-43f8f2b1c583@group-60E5C7C19AF3: changes role from      null to FOLLOWER at term 0 for startAsFollower
scm_1       | 	at java.base/java.util.stream.ForEachOps$ForEachOp$OfRef.accept(ForEachOps.java:183)
datanode_2  | 2019-10-18 14:05:25,875 INFO server.RaftServerConfigKeys: raft.server.log.queue.byte-limit = 2147483647 (custom)
datanode_1  | 2019-10-18 14:05:26,190 INFO impl.LeaderElection: b2154e70-53de-4851-b623-ead6a78e3613@group-738042F8611F-LeaderElection1: Election TIMEOUT; received 0 response(s) [] and 0 exception(s); b2154e70-53de-4851-b623-ead6a78e3613@group-738042F8611F:t2, leader=null, voted=b2154e70-53de-4851-b623-ead6a78e3613, raftlog=b2154e70-53de-4851-b623-ead6a78e3613@group-738042F8611F-SegmentedRaftLog:OPENED:c-1,f-1,i0, conf=-1: [b2154e70-53de-4851-b623-ead6a78e3613:172.18.0.8:9858, bbc7db07-7cb5-47e0-956c-d91ed76f63b9:172.18.0.7:9858, 78822d59-a02c-4cc2-93dc-43f8f2b1c583:172.18.0.9:9858], old=null
datanode_3  | 2019-10-18 14:05:25,910 INFO impl.RoleInfo: 78822d59-a02c-4cc2-93dc-43f8f2b1c583: start FollowerState
datanode_2  | 2019-10-18 14:05:25,875 INFO server.RaftServerConfigKeys: raft.server.log.queue.element-limit = 1024 (custom)
scm_1       | 	at java.base/java.util.ArrayList$ArrayListSpliterator.forEachRemaining(ArrayList.java:1654)
datanode_1  | 2019-10-18 14:05:26,201 INFO impl.LeaderElection: b2154e70-53de-4851-b623-ead6a78e3613@group-738042F8611F-LeaderElection1: begin an election at term 3 for -1: [b2154e70-53de-4851-b623-ead6a78e3613:172.18.0.8:9858, bbc7db07-7cb5-47e0-956c-d91ed76f63b9:172.18.0.7:9858, 78822d59-a02c-4cc2-93dc-43f8f2b1c583:172.18.0.9:9858], old=null
datanode_3  | 2019-10-18 14:05:25,916 INFO util.JmxRegister: Successfully registered JMX Bean with object name Ratis:service=RaftServer,group=group-60E5C7C19AF3,id=78822d59-a02c-4cc2-93dc-43f8f2b1c583
datanode_2  | 2019-10-18 14:05:25,875 INFO server.RaftServerConfigKeys: raft.server.log.segment.size.max = 1048576 (custom)
scm_1       | 	at java.base/java.util.stream.AbstractPipeline.copyInto(AbstractPipeline.java:484)
datanode_1  | 2019-10-18 14:05:26,248 INFO impl.LeaderElection: b2154e70-53de-4851-b623-ead6a78e3613@group-5F80AB38D8C7-LeaderElection2: Election PASSED; received 1 response(s) [b2154e70-53de-4851-b623-ead6a78e3613<-78822d59-a02c-4cc2-93dc-43f8f2b1c583#0:OK-t2] and 0 exception(s); b2154e70-53de-4851-b623-ead6a78e3613@group-5F80AB38D8C7:t2, leader=null, voted=b2154e70-53de-4851-b623-ead6a78e3613, raftlog=b2154e70-53de-4851-b623-ead6a78e3613@group-5F80AB38D8C7-SegmentedRaftLog:OPENED:c-1,f-1,i0, conf=-1: [b2154e70-53de-4851-b623-ead6a78e3613:172.18.0.8:9858, bbc7db07-7cb5-47e0-956c-d91ed76f63b9:172.18.0.7:9858, 78822d59-a02c-4cc2-93dc-43f8f2b1c583:172.18.0.9:9858], old=null
datanode_3  | 2019-10-18 14:05:25,939 INFO impl.RaftServerImpl: 78822d59-a02c-4cc2-93dc-43f8f2b1c583@group-738042F8611F: start as a follower, conf=-1: [b2154e70-53de-4851-b623-ead6a78e3613:172.18.0.8:9858, bbc7db07-7cb5-47e0-956c-d91ed76f63b9:172.18.0.7:9858, 78822d59-a02c-4cc2-93dc-43f8f2b1c583:172.18.0.9:9858], old=null
datanode_2  | 2019-10-18 14:05:25,876 INFO server.RaftServerConfigKeys: raft.server.log.preallocated.size = 16384 (custom)
scm_1       | 	at java.base/java.util.stream.ForEachOps$ForEachTask.compute(ForEachOps.java:290)
datanode_1  | 2019-10-18 14:05:26,248 INFO impl.RoleInfo: b2154e70-53de-4851-b623-ead6a78e3613: shutdown LeaderElection
datanode_3  | 2019-10-18 14:05:25,940 INFO impl.RaftServerImpl: 78822d59-a02c-4cc2-93dc-43f8f2b1c583@group-738042F8611F: changes role from      null to FOLLOWER at term 0 for startAsFollower
datanode_2  | 2019-10-18 14:05:25,876 INFO server.RaftServerConfigKeys: raft.server.log.write.buffer.size = 33554432 (custom)
scm_1       | 	at java.base/java.util.concurrent.CountedCompleter.exec(CountedCompleter.java:746)
datanode_3  | 2019-10-18 14:05:25,941 INFO impl.RoleInfo: 78822d59-a02c-4cc2-93dc-43f8f2b1c583: start FollowerState
datanode_2  | 2019-10-18 14:05:25,876 INFO server.RaftServerConfigKeys: raft.server.log.force.sync.num = 128 (default)
datanode_3  | 2019-10-18 14:05:25,943 INFO util.JmxRegister: Successfully registered JMX Bean with object name Ratis:service=RaftServer,group=group-738042F8611F,id=78822d59-a02c-4cc2-93dc-43f8f2b1c583
datanode_2  | 2019-10-18 14:05:25,876 INFO server.RaftServerConfigKeys: raft.server.log.statemachine.data.sync = true (default)
scm_1       | 	at java.base/java.util.concurrent.ForkJoinTask.doExec(ForkJoinTask.java:290)
datanode_1  | 2019-10-18 14:05:26,250 INFO impl.RaftServerImpl: b2154e70-53de-4851-b623-ead6a78e3613@group-5F80AB38D8C7: changes role from CANDIDATE to LEADER at term 2 for changeToLeader
datanode_2  | 2019-10-18 14:05:25,876 INFO server.RaftServerConfigKeys: raft.server.log.statemachine.data.sync.timeout = 10s (default)
datanode_3  | 2019-10-18 14:05:25,951 INFO impl.RaftServerImpl: 78822d59-a02c-4cc2-93dc-43f8f2b1c583@group-5F80AB38D8C7: start as a follower, conf=-1: [b2154e70-53de-4851-b623-ead6a78e3613:172.18.0.8:9858, bbc7db07-7cb5-47e0-956c-d91ed76f63b9:172.18.0.7:9858, 78822d59-a02c-4cc2-93dc-43f8f2b1c583:172.18.0.9:9858], old=null
scm_1       | 	at java.base/java.util.concurrent.ForkJoinPool$WorkQueue.topLevelExec(ForkJoinPool.java:1020)
datanode_1  | 2019-10-18 14:05:26,250 INFO impl.RaftServerImpl: b2154e70-53de-4851-b623-ead6a78e3613@group-5F80AB38D8C7: change Leader from null to b2154e70-53de-4851-b623-ead6a78e3613 at term 2 for becomeLeader, leader elected after 401ms
datanode_2  | 2019-10-18 14:05:25,876 INFO server.RaftServerConfigKeys: raft.server.log.statemachine.data.sync.timeout.retry = -1 (default)
scm_1       | 	at java.base/java.util.concurrent.ForkJoinPool.scan(ForkJoinPool.java:1656)
datanode_1  | 2019-10-18 14:05:26,255 INFO server.RaftServerConfigKeys: raft.server.staging.catchup.gap = 1000 (default)
datanode_3  | 2019-10-18 14:05:25,951 INFO impl.RaftServerImpl: 78822d59-a02c-4cc2-93dc-43f8f2b1c583@group-5F80AB38D8C7: changes role from      null to FOLLOWER at term 0 for startAsFollower
datanode_2  | 2019-10-18 14:05:25,876 INFO server.RaftServerConfigKeys: raft.server.log.statemachine.data.caching.enabled = true (custom)
scm_1       | 	at java.base/java.util.concurrent.ForkJoinPool.runWorker(ForkJoinPool.java:1594)
datanode_1  | 2019-10-18 14:05:26,255 INFO server.RaftServerConfigKeys: raft.server.rpc.sleep.time = 25ms (default)
datanode_3  | 2019-10-18 14:05:25,952 INFO impl.RoleInfo: 78822d59-a02c-4cc2-93dc-43f8f2b1c583: start FollowerState
scm_1       | 	at java.base/java.util.concurrent.ForkJoinWorkerThread.run(ForkJoinWorkerThread.java:177)
datanode_1  | 2019-10-18 14:05:26,258 INFO server.RaftServerConfigKeys: raft.server.write.element-limit = 4096 (default)
datanode_2  | 2019-10-18 14:05:25,877 INFO segmented.SegmentedRaftLogWorker: bbc7db07-7cb5-47e0-956c-d91ed76f63b9@group-5F80AB38D8C7-SegmentedRaftLogWorker: flushIndex: setUnconditionally 0 -> -1
datanode_3  | 2019-10-18 14:05:25,952 INFO util.JmxRegister: Successfully registered JMX Bean with object name Ratis:service=RaftServer,group=group-5F80AB38D8C7,id=78822d59-a02c-4cc2-93dc-43f8f2b1c583
scm_1       | Caused by: org.apache.ratis.thirdparty.io.grpc.StatusRuntimeException: DEADLINE_EXCEEDED: deadline exceeded after 2999208828ns
datanode_1  | 2019-10-18 14:05:26,261 INFO server.RaftServerConfigKeys: raft.server.watch.timeout = 10s (default)
datanode_2  | 2019-10-18 14:05:25,878 INFO server.RaftServerConfigKeys: raft.server.snapshot.auto.trigger.enabled = true (custom)
datanode_3  | 2019-10-18 14:05:25,973 INFO impl.FollowerState: 78822d59-a02c-4cc2-93dc-43f8f2b1c583@group-60E5C7C19AF3-FollowerState: change to CANDIDATE, lastRpcTime:63ms, electionTimeout:62ms
scm_1       | 	at org.apache.ratis.thirdparty.io.grpc.stub.ClientCalls.toStatusRuntimeException(ClientCalls.java:233)
datanode_1  | 2019-10-18 14:05:26,261 INFO server.RaftServerConfigKeys: raft.server.watch.timeout.denomination = 1s (default)
datanode_2  | 2019-10-18 14:05:25,878 INFO server.RaftServerConfigKeys: raft.server.snapshot.auto.trigger.threshold = 10000 (custom)
datanode_3  | 2019-10-18 14:05:25,981 INFO impl.RoleInfo: 78822d59-a02c-4cc2-93dc-43f8f2b1c583: shutdown FollowerState
scm_1       | 	at org.apache.ratis.thirdparty.io.grpc.stub.ClientCalls.getUnchecked(ClientCalls.java:214)
datanode_1  | 2019-10-18 14:05:26,262 INFO server.RaftServerConfigKeys: raft.server.watch.element-limit = 65536 (default)
datanode_2  | 2019-10-18 14:05:25,878 INFO server.RaftServerConfigKeys: raft.server.snapshot.retention.file.num = 5 (custom)
datanode_3  | 2019-10-18 14:05:25,982 INFO impl.RaftServerImpl: 78822d59-a02c-4cc2-93dc-43f8f2b1c583@group-60E5C7C19AF3: changes role from  FOLLOWER to CANDIDATE at term 0 for changeToCandidate
scm_1       | 	at org.apache.ratis.thirdparty.io.grpc.stub.ClientCalls.blockingUnaryCall(ClientCalls.java:139)
datanode_1  | 2019-10-18 14:05:26,283 INFO server.RaftServerConfigKeys: raft.server.log.appender.snapshot.chunk.size.max = 16MB (=16777216) (default)
datanode_2  | 2019-10-18 14:05:25,878 INFO server.RaftServerConfigKeys: raft.server.retrycache.expirytime = 600000ms (custom)
datanode_3  | 2019-10-18 14:05:25,986 INFO impl.RoleInfo: 78822d59-a02c-4cc2-93dc-43f8f2b1c583: start LeaderElection
scm_1       | 	at org.apache.ratis.proto.grpc.AdminProtocolServiceGrpc$AdminProtocolServiceBlockingStub.groupManagement(AdminProtocolServiceGrpc.java:274)
datanode_1  | 2019-10-18 14:05:26,283 INFO server.RaftServerConfigKeys: raft.server.log.appender.buffer.byte-limit = 33554432 (custom)
datanode_2  | 2019-10-18 14:05:25,884 INFO impl.RaftServerImpl: bbc7db07-7cb5-47e0-956c-d91ed76f63b9@group-738042F8611F: start as a follower, conf=-1: [b2154e70-53de-4851-b623-ead6a78e3613:172.18.0.8:9858, bbc7db07-7cb5-47e0-956c-d91ed76f63b9:172.18.0.7:9858, 78822d59-a02c-4cc2-93dc-43f8f2b1c583:172.18.0.9:9858], old=null
datanode_3  | 2019-10-18 14:05:26,034 INFO impl.LeaderElection: 78822d59-a02c-4cc2-93dc-43f8f2b1c583@group-60E5C7C19AF3-LeaderElection1: begin an election at term 1 for -1: [78822d59-a02c-4cc2-93dc-43f8f2b1c583:172.18.0.9:9858], old=null
scm_1       | 	at org.apache.ratis.grpc.client.GrpcClientProtocolClient.lambda$groupAdd$3(GrpcClientProtocolClient.java:155)
datanode_1  | 2019-10-18 14:05:26,283 INFO server.RaftServerConfigKeys: raft.server.log.appender.buffer.element-limit = 1 (custom)
datanode_3  | 2019-10-18 14:05:26,035 INFO impl.RoleInfo: 78822d59-a02c-4cc2-93dc-43f8f2b1c583: shutdown LeaderElection
datanode_2  | 2019-10-18 14:05:25,886 INFO impl.RaftServerImpl: bbc7db07-7cb5-47e0-956c-d91ed76f63b9@group-738042F8611F: changes role from      null to FOLLOWER at term 0 for startAsFollower
scm_1       | 	at org.apache.ratis.grpc.client.GrpcClientProtocolClient.blockingCall(GrpcClientProtocolClient.java:182)
datanode_1  | 2019-10-18 14:05:26,300 INFO impl.LeaderElection: b2154e70-53de-4851-b623-ead6a78e3613@group-738042F8611F-LeaderElection1: Election TIMEOUT; received 0 response(s) [] and 0 exception(s); b2154e70-53de-4851-b623-ead6a78e3613@group-738042F8611F:t3, leader=null, voted=b2154e70-53de-4851-b623-ead6a78e3613, raftlog=b2154e70-53de-4851-b623-ead6a78e3613@group-738042F8611F-SegmentedRaftLog:OPENED:c-1,f-1,i0, conf=-1: [b2154e70-53de-4851-b623-ead6a78e3613:172.18.0.8:9858, bbc7db07-7cb5-47e0-956c-d91ed76f63b9:172.18.0.7:9858, 78822d59-a02c-4cc2-93dc-43f8f2b1c583:172.18.0.9:9858], old=null
datanode_3  | 2019-10-18 14:05:26,036 INFO impl.RaftServerImpl: 78822d59-a02c-4cc2-93dc-43f8f2b1c583@group-60E5C7C19AF3: changes role from CANDIDATE to LEADER at term 1 for changeToLeader
datanode_2  | 2019-10-18 14:05:25,887 INFO impl.RoleInfo: bbc7db07-7cb5-47e0-956c-d91ed76f63b9: start FollowerState
scm_1       | 	... 16 more
datanode_1  | 2019-10-18 14:05:26,304 INFO grpc.GrpcConfigKeys$Server: raft.grpc.server.leader.outstanding.appends.max = 128 (default)
datanode_3  | 2019-10-18 14:05:26,036 INFO impl.RaftServerImpl: 78822d59-a02c-4cc2-93dc-43f8f2b1c583@group-60E5C7C19AF3: change Leader from null to 78822d59-a02c-4cc2-93dc-43f8f2b1c583 at term 1 for becomeLeader, leader elected after 348ms
scm_1       | 2019-10-18 14:05:20,983 ERROR pipeline.RatisPipelineProvider: Failed invoke Ratis rpc org.apache.hadoop.hdds.scm.pipeline.RatisPipelineProvider$$Lambda$173/0x00000008403b0840@5d91e00b for b2154e70-53de-4851-b623-ead6a78e3613
datanode_1  | 2019-10-18 14:05:26,305 INFO server.RaftServerConfigKeys: raft.server.rpc.request.timeout = 3000ms (default)
datanode_2  | 2019-10-18 14:05:25,892 INFO util.JmxRegister: Successfully registered JMX Bean with object name Ratis:service=RaftServer,group=group-738042F8611F,id=bbc7db07-7cb5-47e0-956c-d91ed76f63b9
datanode_3  | 2019-10-18 14:05:26,040 INFO server.RaftServerConfigKeys: raft.server.staging.catchup.gap = 1000 (default)
scm_1       | org.apache.ratis.protocol.TimeoutIOException: deadline exceeded after 2998890812ns
datanode_2  | 2019-10-18 14:05:25,915 INFO impl.RaftServerImpl: bbc7db07-7cb5-47e0-956c-d91ed76f63b9@group-35F7D7129C7D: start as a follower, conf=-1: [bbc7db07-7cb5-47e0-956c-d91ed76f63b9:172.18.0.7:9858], old=null
datanode_1  | 2019-10-18 14:05:26,306 INFO server.RaftServerConfigKeys: raft.server.log.appender.install.snapshot.enabled = false (custom)
datanode_3  | 2019-10-18 14:05:26,040 INFO server.RaftServerConfigKeys: raft.server.rpc.sleep.time = 25ms (default)
scm_1       | 	at org.apache.ratis.grpc.GrpcUtil.tryUnwrapException(GrpcUtil.java:82)
datanode_2  | 2019-10-18 14:05:25,915 INFO impl.RaftServerImpl: bbc7db07-7cb5-47e0-956c-d91ed76f63b9@group-35F7D7129C7D: changes role from      null to FOLLOWER at term 0 for startAsFollower
datanode_1  | 2019-10-18 14:05:26,307 INFO impl.LeaderElection: b2154e70-53de-4851-b623-ead6a78e3613@group-738042F8611F-LeaderElection1: begin an election at term 4 for -1: [b2154e70-53de-4851-b623-ead6a78e3613:172.18.0.8:9858, bbc7db07-7cb5-47e0-956c-d91ed76f63b9:172.18.0.7:9858, 78822d59-a02c-4cc2-93dc-43f8f2b1c583:172.18.0.9:9858], old=null
datanode_3  | 2019-10-18 14:05:26,044 INFO server.RaftServerConfigKeys: raft.server.write.element-limit = 4096 (default)
scm_1       | 	at org.apache.ratis.grpc.GrpcUtil.unwrapException(GrpcUtil.java:75)
datanode_2  | 2019-10-18 14:05:25,915 INFO impl.RoleInfo: bbc7db07-7cb5-47e0-956c-d91ed76f63b9: start FollowerState
datanode_1  | 2019-10-18 14:05:26,325 INFO impl.LeaderElection: b2154e70-53de-4851-b623-ead6a78e3613@group-738042F8611F-LeaderElection1: Election TIMEOUT; received 0 response(s) [] and 0 exception(s); b2154e70-53de-4851-b623-ead6a78e3613@group-738042F8611F:t4, leader=null, voted=b2154e70-53de-4851-b623-ead6a78e3613, raftlog=b2154e70-53de-4851-b623-ead6a78e3613@group-738042F8611F-SegmentedRaftLog:OPENED:c-1,f-1,i0, conf=-1: [b2154e70-53de-4851-b623-ead6a78e3613:172.18.0.8:9858, bbc7db07-7cb5-47e0-956c-d91ed76f63b9:172.18.0.7:9858, 78822d59-a02c-4cc2-93dc-43f8f2b1c583:172.18.0.9:9858], old=null
datanode_3  | 2019-10-18 14:05:26,048 INFO server.RaftServerConfigKeys: raft.server.watch.timeout = 10s (default)
scm_1       | 	at org.apache.ratis.grpc.client.GrpcClientProtocolClient.blockingCall(GrpcClientProtocolClient.java:184)
datanode_2  | 2019-10-18 14:05:25,916 INFO util.JmxRegister: Successfully registered JMX Bean with object name Ratis:service=RaftServer,group=group-35F7D7129C7D,id=bbc7db07-7cb5-47e0-956c-d91ed76f63b9
datanode_1  | 2019-10-18 14:05:26,341 INFO impl.LeaderElection: b2154e70-53de-4851-b623-ead6a78e3613@group-738042F8611F-LeaderElection1: begin an election at term 5 for -1: [b2154e70-53de-4851-b623-ead6a78e3613:172.18.0.8:9858, bbc7db07-7cb5-47e0-956c-d91ed76f63b9:172.18.0.7:9858, 78822d59-a02c-4cc2-93dc-43f8f2b1c583:172.18.0.9:9858], old=null
datanode_3  | 2019-10-18 14:05:26,049 INFO server.RaftServerConfigKeys: raft.server.watch.timeout.denomination = 1s (default)
scm_1       | 	at org.apache.ratis.grpc.client.GrpcClientProtocolClient.groupAdd(GrpcClientProtocolClient.java:153)
datanode_2  | 2019-10-18 14:05:25,923 INFO impl.RaftServerImpl: bbc7db07-7cb5-47e0-956c-d91ed76f63b9@group-5F80AB38D8C7: start as a follower, conf=-1: [b2154e70-53de-4851-b623-ead6a78e3613:172.18.0.8:9858, bbc7db07-7cb5-47e0-956c-d91ed76f63b9:172.18.0.7:9858, 78822d59-a02c-4cc2-93dc-43f8f2b1c583:172.18.0.9:9858], old=null
datanode_1  | 2019-10-18 14:05:26,343 INFO server.RaftServerConfigKeys: raft.server.log.appender.snapshot.chunk.size.max = 16MB (=16777216) (default)
datanode_3  | 2019-10-18 14:05:26,049 INFO server.RaftServerConfigKeys: raft.server.watch.element-limit = 65536 (default)
scm_1       | 	at org.apache.ratis.grpc.client.GrpcClientRpc.sendRequest(GrpcClientRpc.java:94)
datanode_1  | 2019-10-18 14:05:26,343 INFO server.RaftServerConfigKeys: raft.server.log.appender.buffer.byte-limit = 33554432 (custom)
datanode_3  | 2019-10-18 14:05:26,063 INFO impl.RoleInfo: 78822d59-a02c-4cc2-93dc-43f8f2b1c583: start LeaderState
datanode_2  | 2019-10-18 14:05:25,923 INFO impl.RaftServerImpl: bbc7db07-7cb5-47e0-956c-d91ed76f63b9@group-5F80AB38D8C7: changes role from      null to FOLLOWER at term 0 for startAsFollower
scm_1       | 	at org.apache.ratis.client.impl.RaftClientImpl.sendRequest(RaftClientImpl.java:278)
datanode_1  | 2019-10-18 14:05:26,344 INFO server.RaftServerConfigKeys: raft.server.log.appender.buffer.element-limit = 1 (custom)
datanode_3  | 2019-10-18 14:05:26,081 INFO segmented.SegmentedRaftLogWorker: 78822d59-a02c-4cc2-93dc-43f8f2b1c583@group-60E5C7C19AF3-SegmentedRaftLogWorker: Starting segment from index:0
scm_1       | 	at org.apache.ratis.client.impl.RaftClientImpl.groupAdd(RaftClientImpl.java:205)
datanode_2  | 2019-10-18 14:05:25,923 INFO impl.RoleInfo: bbc7db07-7cb5-47e0-956c-d91ed76f63b9: start FollowerState
datanode_3  | 2019-10-18 14:05:26,090 INFO impl.FollowerState: 78822d59-a02c-4cc2-93dc-43f8f2b1c583@group-738042F8611F-FollowerState: change to CANDIDATE, lastRpcTime:149ms, electionTimeout:147ms
datanode_1  | 2019-10-18 14:05:26,347 INFO grpc.GrpcConfigKeys$Server: raft.grpc.server.leader.outstanding.appends.max = 128 (default)
scm_1       | 	at org.apache.hadoop.hdds.scm.pipeline.RatisPipelineProvider.lambda$initializePipeline$4(RatisPipelineProvider.java:198)
datanode_2  | 2019-10-18 14:05:25,924 INFO util.JmxRegister: Successfully registered JMX Bean with object name Ratis:service=RaftServer,group=group-5F80AB38D8C7,id=bbc7db07-7cb5-47e0-956c-d91ed76f63b9
datanode_3  | 2019-10-18 14:05:26,100 INFO impl.RoleInfo: 78822d59-a02c-4cc2-93dc-43f8f2b1c583: shutdown FollowerState
datanode_1  | 2019-10-18 14:05:26,347 INFO server.RaftServerConfigKeys: raft.server.rpc.request.timeout = 3000ms (default)
datanode_2  | 2019-10-18 14:05:25,965 INFO impl.FollowerState: bbc7db07-7cb5-47e0-956c-d91ed76f63b9@group-738042F8611F-FollowerState: change to CANDIDATE, lastRpcTime:78ms, electionTimeout:77ms
scm_1       | 	at org.apache.hadoop.hdds.scm.pipeline.RatisPipelineProvider.lambda$null$5(RatisPipelineProvider.java:233)
datanode_3  | 2019-10-18 14:05:26,100 INFO impl.RaftServerImpl: 78822d59-a02c-4cc2-93dc-43f8f2b1c583@group-738042F8611F: changes role from  FOLLOWER to CANDIDATE at term 0 for changeToCandidate
datanode_1  | 2019-10-18 14:05:26,347 INFO server.RaftServerConfigKeys: raft.server.log.appender.install.snapshot.enabled = false (custom)
datanode_2  | 2019-10-18 14:05:25,969 INFO impl.RoleInfo: bbc7db07-7cb5-47e0-956c-d91ed76f63b9: shutdown FollowerState
scm_1       | 	at java.base/java.util.stream.ForEachOps$ForEachOp$OfRef.accept(ForEachOps.java:183)
datanode_3  | 2019-10-18 14:05:26,101 INFO impl.RoleInfo: 78822d59-a02c-4cc2-93dc-43f8f2b1c583: start LeaderElection
datanode_2  | 2019-10-18 14:05:25,969 INFO impl.RaftServerImpl: bbc7db07-7cb5-47e0-956c-d91ed76f63b9@group-738042F8611F: changes role from  FOLLOWER to CANDIDATE at term 0 for changeToCandidate
datanode_1  | 2019-10-18 14:05:26,375 INFO impl.RoleInfo: b2154e70-53de-4851-b623-ead6a78e3613: start LeaderState
scm_1       | 	at java.base/java.util.ArrayList$ArrayListSpliterator.forEachRemaining(ArrayList.java:1654)
datanode_3  | 2019-10-18 14:05:26,105 INFO impl.RaftServerImpl: 78822d59-a02c-4cc2-93dc-43f8f2b1c583@group-60E5C7C19AF3: set configuration 0: [78822d59-a02c-4cc2-93dc-43f8f2b1c583:172.18.0.9:9858], old=null at 0
datanode_2  | 2019-10-18 14:05:25,972 INFO impl.RoleInfo: bbc7db07-7cb5-47e0-956c-d91ed76f63b9: start LeaderElection
datanode_1  | 2019-10-18 14:05:26,392 INFO segmented.SegmentedRaftLogWorker: b2154e70-53de-4851-b623-ead6a78e3613@group-5F80AB38D8C7-SegmentedRaftLogWorker: Starting segment from index:0
scm_1       | 	at java.base/java.util.stream.AbstractPipeline.copyInto(AbstractPipeline.java:484)
datanode_3  | 2019-10-18 14:05:26,119 INFO impl.LeaderElection: 78822d59-a02c-4cc2-93dc-43f8f2b1c583@group-738042F8611F-LeaderElection2: begin an election at term 1 for -1: [b2154e70-53de-4851-b623-ead6a78e3613:172.18.0.8:9858, bbc7db07-7cb5-47e0-956c-d91ed76f63b9:172.18.0.7:9858, 78822d59-a02c-4cc2-93dc-43f8f2b1c583:172.18.0.9:9858], old=null
datanode_2  | 2019-10-18 14:05:25,979 INFO impl.FollowerState: bbc7db07-7cb5-47e0-956c-d91ed76f63b9@group-5F80AB38D8C7-FollowerState: change to CANDIDATE, lastRpcTime:55ms, electionTimeout:55ms
datanode_1  | 2019-10-18 14:05:26,401 INFO impl.RaftServerImpl: b2154e70-53de-4851-b623-ead6a78e3613@group-5F80AB38D8C7: set configuration 0: [b2154e70-53de-4851-b623-ead6a78e3613:172.18.0.8:9858, bbc7db07-7cb5-47e0-956c-d91ed76f63b9:172.18.0.7:9858, 78822d59-a02c-4cc2-93dc-43f8f2b1c583:172.18.0.9:9858], old=null at 0
scm_1       | 	at java.base/java.util.stream.ForEachOps$ForEachTask.compute(ForEachOps.java:290)
datanode_3  | 2019-10-18 14:05:26,133 INFO impl.FollowerState: 78822d59-a02c-4cc2-93dc-43f8f2b1c583@group-5F80AB38D8C7-FollowerState: change to CANDIDATE, lastRpcTime:181ms, electionTimeout:181ms
datanode_1  | 2019-10-18 14:05:26,403 INFO impl.RaftServerImpl: b2154e70-53de-4851-b623-ead6a78e3613@group-5F80AB38D8C7: change Leader from b2154e70-53de-4851-b623-ead6a78e3613 to null at term 5 for updateCurrentTerm
scm_1       | 	at java.base/java.util.concurrent.CountedCompleter.exec(CountedCompleter.java:746)
datanode_3  | 2019-10-18 14:05:26,134 INFO impl.RoleInfo: 78822d59-a02c-4cc2-93dc-43f8f2b1c583: shutdown FollowerState
datanode_2  | 2019-10-18 14:05:25,980 INFO impl.RoleInfo: bbc7db07-7cb5-47e0-956c-d91ed76f63b9: shutdown FollowerState
datanode_1  | 2019-10-18 14:05:26,403 INFO impl.RaftServerImpl: b2154e70-53de-4851-b623-ead6a78e3613@group-5F80AB38D8C7: changes role from    LEADER to FOLLOWER at term 5 for recognizeCandidate:bbc7db07-7cb5-47e0-956c-d91ed76f63b9
scm_1       | 	at java.base/java.util.concurrent.ForkJoinTask.doExec(ForkJoinTask.java:290)
datanode_3  | 2019-10-18 14:05:26,134 INFO impl.RaftServerImpl: 78822d59-a02c-4cc2-93dc-43f8f2b1c583@group-5F80AB38D8C7: changes role from  FOLLOWER to CANDIDATE at term 0 for changeToCandidate
datanode_2  | 2019-10-18 14:05:25,980 INFO impl.RaftServerImpl: bbc7db07-7cb5-47e0-956c-d91ed76f63b9@group-5F80AB38D8C7: changes role from  FOLLOWER to CANDIDATE at term 0 for changeToCandidate
datanode_1  | 2019-10-18 14:05:26,403 INFO impl.RoleInfo: b2154e70-53de-4851-b623-ead6a78e3613: shutdown LeaderState
scm_1       | 	at java.base/java.util.concurrent.ForkJoinTask.doInvoke(ForkJoinTask.java:408)
datanode_3  | 2019-10-18 14:05:26,134 INFO impl.RoleInfo: 78822d59-a02c-4cc2-93dc-43f8f2b1c583: start LeaderElection
datanode_2  | 2019-10-18 14:05:25,980 INFO impl.RoleInfo: bbc7db07-7cb5-47e0-956c-d91ed76f63b9: start LeaderElection
datanode_1  | 2019-10-18 14:05:26,407 INFO impl.PendingRequests: b2154e70-53de-4851-b623-ead6a78e3613@group-5F80AB38D8C7-PendingRequests: sendNotLeaderResponses
scm_1       | 	at java.base/java.util.concurrent.ForkJoinTask.invoke(ForkJoinTask.java:736)
datanode_3  | 2019-10-18 14:05:26,152 INFO impl.LeaderElection: 78822d59-a02c-4cc2-93dc-43f8f2b1c583@group-5F80AB38D8C7-LeaderElection3: begin an election at term 1 for -1: [b2154e70-53de-4851-b623-ead6a78e3613:172.18.0.8:9858, bbc7db07-7cb5-47e0-956c-d91ed76f63b9:172.18.0.7:9858, 78822d59-a02c-4cc2-93dc-43f8f2b1c583:172.18.0.9:9858], old=null
datanode_2  | 2019-10-18 14:05:25,987 INFO impl.LeaderElection: bbc7db07-7cb5-47e0-956c-d91ed76f63b9@group-738042F8611F-LeaderElection1: begin an election at term 1 for -1: [b2154e70-53de-4851-b623-ead6a78e3613:172.18.0.8:9858, bbc7db07-7cb5-47e0-956c-d91ed76f63b9:172.18.0.7:9858, 78822d59-a02c-4cc2-93dc-43f8f2b1c583:172.18.0.9:9858], old=null
datanode_1  | 2019-10-18 14:05:26,408 INFO impl.RoleInfo: b2154e70-53de-4851-b623-ead6a78e3613: start FollowerState
scm_1       | 	at java.base/java.util.stream.ForEachOps$ForEachOp.evaluateParallel(ForEachOps.java:159)
datanode_3  | 2019-10-18 14:05:26,153 INFO impl.RaftServerImpl: 78822d59-a02c-4cc2-93dc-43f8f2b1c583@group-5F80AB38D8C7: changes role from CANDIDATE to FOLLOWER at term 2 for recognizeCandidate:bbc7db07-7cb5-47e0-956c-d91ed76f63b9
datanode_1  | 2019-10-18 14:05:26,411 WARN server.GrpcLogAppender: b2154e70-53de-4851-b623-ead6a78e3613@group-5F80AB38D8C7->bbc7db07-7cb5-47e0-956c-d91ed76f63b9-GrpcLogAppender: Wait interrupted by java.lang.InterruptedException
datanode_2  | 2019-10-18 14:05:25,990 INFO impl.LeaderElection: bbc7db07-7cb5-47e0-956c-d91ed76f63b9@group-5F80AB38D8C7-LeaderElection2: begin an election at term 1 for -1: [b2154e70-53de-4851-b623-ead6a78e3613:172.18.0.8:9858, bbc7db07-7cb5-47e0-956c-d91ed76f63b9:172.18.0.7:9858, 78822d59-a02c-4cc2-93dc-43f8f2b1c583:172.18.0.9:9858], old=null
scm_1       | 	at java.base/java.util.stream.ForEachOps$ForEachOp$OfRef.evaluateParallel(ForEachOps.java:173)
datanode_3  | 2019-10-18 14:05:26,153 INFO impl.RoleInfo: 78822d59-a02c-4cc2-93dc-43f8f2b1c583: shutdown LeaderElection
datanode_1  | 2019-10-18 14:05:26,414 WARN server.GrpcLogAppender: b2154e70-53de-4851-b623-ead6a78e3613@group-5F80AB38D8C7->78822d59-a02c-4cc2-93dc-43f8f2b1c583-GrpcLogAppender: Wait interrupted by java.lang.InterruptedException
datanode_2  | 2019-10-18 14:05:26,038 INFO impl.LeaderElection: bbc7db07-7cb5-47e0-956c-d91ed76f63b9@group-5F80AB38D8C7-LeaderElection2: Election TIMEOUT; received 0 response(s) [] and 0 exception(s); bbc7db07-7cb5-47e0-956c-d91ed76f63b9@group-5F80AB38D8C7:t1, leader=null, voted=bbc7db07-7cb5-47e0-956c-d91ed76f63b9, raftlog=bbc7db07-7cb5-47e0-956c-d91ed76f63b9@group-5F80AB38D8C7-SegmentedRaftLog:OPENED:c-1,f-1,i0, conf=-1: [b2154e70-53de-4851-b623-ead6a78e3613:172.18.0.8:9858, bbc7db07-7cb5-47e0-956c-d91ed76f63b9:172.18.0.7:9858, 78822d59-a02c-4cc2-93dc-43f8f2b1c583:172.18.0.9:9858], old=null
scm_1       | 	at java.base/java.util.stream.AbstractPipeline.evaluate(AbstractPipeline.java:233)
datanode_3  | 2019-10-18 14:05:26,153 INFO impl.RoleInfo: 78822d59-a02c-4cc2-93dc-43f8f2b1c583: start FollowerState
datanode_1  | 2019-10-18 14:05:26,420 INFO server.GrpcLogAppender: b2154e70-53de-4851-b623-ead6a78e3613@group-5F80AB38D8C7->bbc7db07-7cb5-47e0-956c-d91ed76f63b9-AppendLogResponseHandler: follower responses appendEntries COMPLETED
datanode_2  | 2019-10-18 14:05:26,056 INFO impl.LeaderElection: bbc7db07-7cb5-47e0-956c-d91ed76f63b9@group-5F80AB38D8C7-LeaderElection2: begin an election at term 2 for -1: [b2154e70-53de-4851-b623-ead6a78e3613:172.18.0.8:9858, bbc7db07-7cb5-47e0-956c-d91ed76f63b9:172.18.0.7:9858, 78822d59-a02c-4cc2-93dc-43f8f2b1c583:172.18.0.9:9858], old=null
scm_1       | 	at java.base/java.util.stream.ReferencePipeline.forEach(ReferencePipeline.java:497)
datanode_3  | 2019-10-18 14:05:26,153 INFO impl.RaftServerImpl: 78822d59-a02c-4cc2-93dc-43f8f2b1c583@group-738042F8611F: changes role from CANDIDATE to FOLLOWER at term 2 for recognizeCandidate:b2154e70-53de-4851-b623-ead6a78e3613
datanode_1  | 2019-10-18 14:05:26,433 INFO impl.LeaderElection: b2154e70-53de-4851-b623-ead6a78e3613@group-738042F8611F-LeaderElection1: Election PASSED; received 1 response(s) [b2154e70-53de-4851-b623-ead6a78e3613<-bbc7db07-7cb5-47e0-956c-d91ed76f63b9#0:OK-t5] and 0 exception(s); b2154e70-53de-4851-b623-ead6a78e3613@group-738042F8611F:t5, leader=null, voted=b2154e70-53de-4851-b623-ead6a78e3613, raftlog=b2154e70-53de-4851-b623-ead6a78e3613@group-738042F8611F-SegmentedRaftLog:OPENED:c-1,f-1,i0, conf=-1: [b2154e70-53de-4851-b623-ead6a78e3613:172.18.0.8:9858, bbc7db07-7cb5-47e0-956c-d91ed76f63b9:172.18.0.7:9858, 78822d59-a02c-4cc2-93dc-43f8f2b1c583:172.18.0.9:9858], old=null
datanode_2  | 2019-10-18 14:05:26,099 INFO impl.FollowerState: bbc7db07-7cb5-47e0-956c-d91ed76f63b9@group-35F7D7129C7D-FollowerState: change to CANDIDATE, lastRpcTime:183ms, electionTimeout:183ms
scm_1       | 	at java.base/java.util.stream.ReferencePipeline$Head.forEach(ReferencePipeline.java:661)
datanode_3  | 2019-10-18 14:05:26,153 INFO impl.RoleInfo: 78822d59-a02c-4cc2-93dc-43f8f2b1c583: shutdown LeaderElection
datanode_1  | 2019-10-18 14:05:26,434 INFO impl.RoleInfo: b2154e70-53de-4851-b623-ead6a78e3613: shutdown LeaderElection
datanode_2  | 2019-10-18 14:05:26,105 INFO impl.LeaderElection: bbc7db07-7cb5-47e0-956c-d91ed76f63b9@group-5F80AB38D8C7-LeaderElection2: Election TIMEOUT; received 0 response(s) [] and 0 exception(s); bbc7db07-7cb5-47e0-956c-d91ed76f63b9@group-5F80AB38D8C7:t2, leader=null, voted=bbc7db07-7cb5-47e0-956c-d91ed76f63b9, raftlog=bbc7db07-7cb5-47e0-956c-d91ed76f63b9@group-5F80AB38D8C7-SegmentedRaftLog:OPENED:c-1,f-1,i0, conf=-1: [b2154e70-53de-4851-b623-ead6a78e3613:172.18.0.8:9858, bbc7db07-7cb5-47e0-956c-d91ed76f63b9:172.18.0.7:9858, 78822d59-a02c-4cc2-93dc-43f8f2b1c583:172.18.0.9:9858], old=null
scm_1       | 	at org.apache.hadoop.hdds.scm.pipeline.RatisPipelineProvider.lambda$callRatisRpc$6(RatisPipelineProvider.java:227)
datanode_3  | 2019-10-18 14:05:26,154 INFO impl.RoleInfo: 78822d59-a02c-4cc2-93dc-43f8f2b1c583: start FollowerState
datanode_1  | 2019-10-18 14:05:26,435 INFO impl.RaftServerImpl: b2154e70-53de-4851-b623-ead6a78e3613@group-738042F8611F: changes role from CANDIDATE to LEADER at term 5 for changeToLeader
datanode_2  | 2019-10-18 14:05:26,105 INFO impl.RoleInfo: bbc7db07-7cb5-47e0-956c-d91ed76f63b9: shutdown FollowerState
scm_1       | 	at java.base/java.util.concurrent.ForkJoinTask$AdaptedRunnableAction.exec(ForkJoinTask.java:1407)
datanode_3  | 2019-10-18 14:05:26,164 INFO impl.LeaderElection: 78822d59-a02c-4cc2-93dc-43f8f2b1c583@group-738042F8611F-LeaderElection2: Election TIMEOUT; received 0 response(s) [] and 0 exception(s); 78822d59-a02c-4cc2-93dc-43f8f2b1c583@group-738042F8611F:t1, leader=null, voted=78822d59-a02c-4cc2-93dc-43f8f2b1c583, raftlog=78822d59-a02c-4cc2-93dc-43f8f2b1c583@group-738042F8611F-SegmentedRaftLog:OPENED:c-1,f-1,i0, conf=-1: [b2154e70-53de-4851-b623-ead6a78e3613:172.18.0.8:9858, bbc7db07-7cb5-47e0-956c-d91ed76f63b9:172.18.0.7:9858, 78822d59-a02c-4cc2-93dc-43f8f2b1c583:172.18.0.9:9858], old=null
datanode_1  | 2019-10-18 14:05:26,439 INFO impl.RaftServerImpl: b2154e70-53de-4851-b623-ead6a78e3613@group-738042F8611F: change Leader from null to b2154e70-53de-4851-b623-ead6a78e3613 at term 5 for becomeLeader, leader elected after 749ms
datanode_2  | 2019-10-18 14:05:26,105 INFO impl.RaftServerImpl: bbc7db07-7cb5-47e0-956c-d91ed76f63b9@group-35F7D7129C7D: changes role from  FOLLOWER to CANDIDATE at term 0 for changeToCandidate
scm_1       | 	at java.base/java.util.concurrent.ForkJoinTask.doExec(ForkJoinTask.java:290)
datanode_3  | 2019-10-18 14:05:26,188 INFO impl.RaftServerImpl: 78822d59-a02c-4cc2-93dc-43f8f2b1c583@group-5F80AB38D8C7: changes role from  FOLLOWER to FOLLOWER at term 2 for recognizeCandidate:b2154e70-53de-4851-b623-ead6a78e3613
datanode_2  | 2019-10-18 14:05:26,105 INFO impl.RoleInfo: bbc7db07-7cb5-47e0-956c-d91ed76f63b9: start LeaderElection
datanode_1  | 2019-10-18 14:05:26,456 INFO server.RaftServerConfigKeys: raft.server.staging.catchup.gap = 1000 (default)
scm_1       | 	at java.base/java.util.concurrent.ForkJoinPool$WorkQueue.topLevelExec(ForkJoinPool.java:1020)
datanode_3  | 2019-10-18 14:05:26,188 INFO impl.RoleInfo: 78822d59-a02c-4cc2-93dc-43f8f2b1c583: shutdown FollowerState
datanode_1  | 2019-10-18 14:05:26,456 INFO server.RaftServerConfigKeys: raft.server.rpc.sleep.time = 25ms (default)
scm_1       | 	at java.base/java.util.concurrent.ForkJoinPool.scan(ForkJoinPool.java:1656)
datanode_3  | 2019-10-18 14:05:26,188 INFO impl.RoleInfo: 78822d59-a02c-4cc2-93dc-43f8f2b1c583: start FollowerState
datanode_2  | 2019-10-18 14:05:26,121 INFO impl.LeaderElection: bbc7db07-7cb5-47e0-956c-d91ed76f63b9@group-35F7D7129C7D-LeaderElection3: begin an election at term 1 for -1: [bbc7db07-7cb5-47e0-956c-d91ed76f63b9:172.18.0.7:9858], old=null
scm_1       | 	at java.base/java.util.concurrent.ForkJoinPool.runWorker(ForkJoinPool.java:1594)
datanode_3  | 2019-10-18 14:05:26,188 INFO impl.FollowerState: 78822d59-a02c-4cc2-93dc-43f8f2b1c583@group-5F80AB38D8C7-FollowerState was interrupted: java.lang.InterruptedException: sleep interrupted
datanode_2  | 2019-10-18 14:05:26,135 INFO impl.RoleInfo: bbc7db07-7cb5-47e0-956c-d91ed76f63b9: shutdown LeaderElection
datanode_1  | 2019-10-18 14:05:26,456 INFO server.RaftServerConfigKeys: raft.server.write.element-limit = 4096 (default)
scm_1       | 	at java.base/java.util.concurrent.ForkJoinWorkerThread.run(ForkJoinWorkerThread.java:177)
datanode_2  | 2019-10-18 14:05:26,136 INFO impl.RaftServerImpl: bbc7db07-7cb5-47e0-956c-d91ed76f63b9@group-35F7D7129C7D: changes role from CANDIDATE to LEADER at term 1 for changeToLeader
datanode_3  | 2019-10-18 14:05:26,226 INFO impl.RaftServerImpl: 78822d59-a02c-4cc2-93dc-43f8f2b1c583@group-738042F8611F: changes role from  FOLLOWER to FOLLOWER at term 2 for recognizeCandidate:bbc7db07-7cb5-47e0-956c-d91ed76f63b9
datanode_1  | 2019-10-18 14:05:26,456 INFO server.RaftServerConfigKeys: raft.server.watch.timeout = 10s (default)
scm_1       | Caused by: org.apache.ratis.thirdparty.io.grpc.StatusRuntimeException: DEADLINE_EXCEEDED: deadline exceeded after 2998890812ns
datanode_2  | 2019-10-18 14:05:26,136 INFO impl.RaftServerImpl: bbc7db07-7cb5-47e0-956c-d91ed76f63b9@group-35F7D7129C7D: change Leader from null to bbc7db07-7cb5-47e0-956c-d91ed76f63b9 at term 1 for becomeLeader, leader elected after 296ms
datanode_3  | 2019-10-18 14:05:26,226 INFO impl.RoleInfo: 78822d59-a02c-4cc2-93dc-43f8f2b1c583: shutdown FollowerState
datanode_1  | 2019-10-18 14:05:26,456 INFO server.RaftServerConfigKeys: raft.server.watch.timeout.denomination = 1s (default)
scm_1       | 	at org.apache.ratis.thirdparty.io.grpc.stub.ClientCalls.toStatusRuntimeException(ClientCalls.java:233)
datanode_2  | 2019-10-18 14:05:26,136 INFO impl.LeaderElection: bbc7db07-7cb5-47e0-956c-d91ed76f63b9@group-738042F8611F-LeaderElection1: Election TIMEOUT; received 0 response(s) [] and 0 exception(s); bbc7db07-7cb5-47e0-956c-d91ed76f63b9@group-738042F8611F:t1, leader=null, voted=bbc7db07-7cb5-47e0-956c-d91ed76f63b9, raftlog=bbc7db07-7cb5-47e0-956c-d91ed76f63b9@group-738042F8611F-SegmentedRaftLog:OPENED:c-1,f-1,i0, conf=-1: [b2154e70-53de-4851-b623-ead6a78e3613:172.18.0.8:9858, bbc7db07-7cb5-47e0-956c-d91ed76f63b9:172.18.0.7:9858, 78822d59-a02c-4cc2-93dc-43f8f2b1c583:172.18.0.9:9858], old=null
datanode_3  | 2019-10-18 14:05:26,227 INFO impl.RoleInfo: 78822d59-a02c-4cc2-93dc-43f8f2b1c583: start FollowerState
datanode_1  | 2019-10-18 14:05:26,456 INFO server.RaftServerConfigKeys: raft.server.watch.element-limit = 65536 (default)
scm_1       | 	at org.apache.ratis.thirdparty.io.grpc.stub.ClientCalls.getUnchecked(ClientCalls.java:214)
datanode_2  | 2019-10-18 14:05:26,138 INFO impl.LeaderElection: bbc7db07-7cb5-47e0-956c-d91ed76f63b9@group-5F80AB38D8C7-LeaderElection2: begin an election at term 3 for -1: [b2154e70-53de-4851-b623-ead6a78e3613:172.18.0.8:9858, bbc7db07-7cb5-47e0-956c-d91ed76f63b9:172.18.0.7:9858, 78822d59-a02c-4cc2-93dc-43f8f2b1c583:172.18.0.9:9858], old=null
datanode_3  | 2019-10-18 14:05:26,227 INFO impl.FollowerState: 78822d59-a02c-4cc2-93dc-43f8f2b1c583@group-738042F8611F-FollowerState was interrupted: java.lang.InterruptedException: sleep interrupted
datanode_1  | 2019-10-18 14:05:26,439 INFO impl.RaftServerImpl: b2154e70-53de-4851-b623-ead6a78e3613@group-5F80AB38D8C7: changes role from  FOLLOWER to FOLLOWER at term 5 for recognizeCandidate:78822d59-a02c-4cc2-93dc-43f8f2b1c583
scm_1       | 	at org.apache.ratis.thirdparty.io.grpc.stub.ClientCalls.blockingUnaryCall(ClientCalls.java:139)
datanode_2  | 2019-10-18 14:05:26,153 INFO impl.LeaderElection: bbc7db07-7cb5-47e0-956c-d91ed76f63b9@group-738042F8611F-LeaderElection1: begin an election at term 2 for -1: [b2154e70-53de-4851-b623-ead6a78e3613:172.18.0.8:9858, bbc7db07-7cb5-47e0-956c-d91ed76f63b9:172.18.0.7:9858, 78822d59-a02c-4cc2-93dc-43f8f2b1c583:172.18.0.9:9858], old=null
datanode_1  | 2019-10-18 14:05:26,469 INFO impl.RoleInfo: b2154e70-53de-4851-b623-ead6a78e3613: shutdown FollowerState
datanode_3  | 2019-10-18 14:05:26,244 INFO impl.RaftServerImpl: 78822d59-a02c-4cc2-93dc-43f8f2b1c583@group-738042F8611F: changes role from  FOLLOWER to FOLLOWER at term 3 for recognizeCandidate:b2154e70-53de-4851-b623-ead6a78e3613
scm_1       | 	at org.apache.ratis.proto.grpc.AdminProtocolServiceGrpc$AdminProtocolServiceBlockingStub.groupManagement(AdminProtocolServiceGrpc.java:274)
