datanode_3  | 2019-10-15 00:08:29,107 INFO impl.FollowerState: e5d8749b-618a-462c-a91d-cf448604a1b0@group-42ECA3FE8DAE-FollowerState was interrupted: java.lang.InterruptedException: sleep interrupted
datanode_1  | 2019-10-15 00:08:22,516 INFO server.RaftServerConfigKeys: raft.server.watch.timeout = 10s (default)
datanode_2  | 2019-10-15 00:08:23,094 INFO impl.RoleInfo: eaa32a07-b244-48ff-832e-179a61485e20: start LeaderState
datanode_1  | 2019-10-15 00:08:22,517 INFO server.RaftServerConfigKeys: raft.server.watch.timeout.denomination = 1s (default)
datanode_3  | 2019-10-15 00:08:29,201 INFO impl.RaftServerImpl: e5d8749b-618a-462c-a91d-cf448604a1b0@group-42ECA3FE8DAE: change Leader from null to 19c6077b-8525-4947-b78c-533c6e2abbac at term 2 for appendEntries, leader elected after 10577ms
datanode_2  | 2019-10-15 00:08:23,125 INFO segmented.SegmentedRaftLogWorker: eaa32a07-b244-48ff-832e-179a61485e20@group-B6EF1791372B-SegmentedRaftLogWorker: Starting segment from index:0
datanode_2  | 2019-10-15 00:08:23,137 INFO impl.RaftServerImpl: eaa32a07-b244-48ff-832e-179a61485e20@group-B6EF1791372B: set configuration 0: [eaa32a07-b244-48ff-832e-179a61485e20:172.18.0.6:9858], old=null at 0
datanode_1  | 2019-10-15 00:08:22,518 INFO server.RaftServerConfigKeys: raft.server.watch.element-limit = 65536 (default)
datanode_3  | 2019-10-15 00:08:29,220 INFO impl.RaftServerImpl: e5d8749b-618a-462c-a91d-cf448604a1b0@group-42ECA3FE8DAE: set configuration 0: [19c6077b-8525-4947-b78c-533c6e2abbac:172.18.0.2:9858, eaa32a07-b244-48ff-832e-179a61485e20:172.18.0.6:9858, e5d8749b-618a-462c-a91d-cf448604a1b0:172.18.0.7:9858], old=null at 0
datanode_2  | 2019-10-15 00:08:23,254 INFO segmented.SegmentedRaftLogWorker: eaa32a07-b244-48ff-832e-179a61485e20@group-B6EF1791372B-SegmentedRaftLogWorker: created new log segment /data/metadata/ratis/2b6dcb73-559a-474b-b0a5-b6ef1791372b/current/log_inprogress_0
datanode_1  | 2019-10-15 00:08:22,538 INFO impl.RoleInfo: 19c6077b-8525-4947-b78c-533c6e2abbac: start LeaderState
datanode_3  | 2019-10-15 00:08:29,220 INFO segmented.SegmentedRaftLogWorker: e5d8749b-618a-462c-a91d-cf448604a1b0@group-42ECA3FE8DAE-SegmentedRaftLogWorker: Starting segment from index:0
datanode_2  | 2019-10-15 00:08:23,822 INFO impl.FollowerState: eaa32a07-b244-48ff-832e-179a61485e20@group-42ECA3FE8DAE-FollowerState: change to CANDIDATE, lastRpcTime:5154ms, electionTimeout:5154ms
datanode_1  | 2019-10-15 00:08:22,564 INFO segmented.SegmentedRaftLogWorker: 19c6077b-8525-4947-b78c-533c6e2abbac@group-6C42A3436650-SegmentedRaftLogWorker: Starting segment from index:0
datanode_3  | 2019-10-15 00:08:29,258 INFO segmented.SegmentedRaftLogWorker: e5d8749b-618a-462c-a91d-cf448604a1b0@group-42ECA3FE8DAE-SegmentedRaftLogWorker: created new log segment /data/metadata/ratis/783743fb-0a85-4c35-9a23-42eca3fe8dae/current/log_inprogress_0
datanode_2  | 2019-10-15 00:08:23,823 INFO impl.RoleInfo: eaa32a07-b244-48ff-832e-179a61485e20: shutdown FollowerState
datanode_1  | 2019-10-15 00:08:22,575 INFO impl.RaftServerImpl: 19c6077b-8525-4947-b78c-533c6e2abbac@group-6C42A3436650: set configuration 0: [19c6077b-8525-4947-b78c-533c6e2abbac:172.18.0.2:9858], old=null at 0
datanode_2  | 2019-10-15 00:08:23,823 INFO impl.RaftServerImpl: eaa32a07-b244-48ff-832e-179a61485e20@group-42ECA3FE8DAE: changes role from  FOLLOWER to CANDIDATE at term 0 for changeToCandidate
datanode_1  | 2019-10-15 00:08:22,712 INFO segmented.SegmentedRaftLogWorker: 19c6077b-8525-4947-b78c-533c6e2abbac@group-6C42A3436650-SegmentedRaftLogWorker: created new log segment /data/metadata/ratis/87688464-132d-41da-9c32-6c42a3436650/current/log_inprogress_0
datanode_2  | 2019-10-15 00:08:23,823 INFO impl.RoleInfo: eaa32a07-b244-48ff-832e-179a61485e20: start LeaderElection
datanode_1  | 2019-10-15 00:08:23,819 INFO impl.FollowerState: 19c6077b-8525-4947-b78c-533c6e2abbac@group-42ECA3FE8DAE-FollowerState: change to CANDIDATE, lastRpcTime:5152ms, electionTimeout:5152ms
datanode_1  | 2019-10-15 00:08:23,820 INFO impl.RoleInfo: 19c6077b-8525-4947-b78c-533c6e2abbac: shutdown FollowerState
datanode_1  | 2019-10-15 00:08:23,821 INFO impl.RaftServerImpl: 19c6077b-8525-4947-b78c-533c6e2abbac@group-42ECA3FE8DAE: changes role from  FOLLOWER to CANDIDATE at term 0 for changeToCandidate
datanode_2  | 2019-10-15 00:08:23,838 INFO impl.LeaderElection: eaa32a07-b244-48ff-832e-179a61485e20@group-42ECA3FE8DAE-LeaderElection2: begin an election at term 1 for -1: [19c6077b-8525-4947-b78c-533c6e2abbac:172.18.0.2:9858, eaa32a07-b244-48ff-832e-179a61485e20:172.18.0.6:9858, e5d8749b-618a-462c-a91d-cf448604a1b0:172.18.0.7:9858], old=null
datanode_1  | 2019-10-15 00:08:23,821 INFO impl.RoleInfo: 19c6077b-8525-4947-b78c-533c6e2abbac: start LeaderElection
datanode_2  | 2019-10-15 00:08:24,047 INFO impl.LeaderElection: eaa32a07-b244-48ff-832e-179a61485e20@group-42ECA3FE8DAE-LeaderElection2: Election REJECTED; received 2 response(s) [eaa32a07-b244-48ff-832e-179a61485e20<-19c6077b-8525-4947-b78c-533c6e2abbac#0:FAIL-t1, eaa32a07-b244-48ff-832e-179a61485e20<-e5d8749b-618a-462c-a91d-cf448604a1b0#0:FAIL-t1] and 0 exception(s); eaa32a07-b244-48ff-832e-179a61485e20@group-42ECA3FE8DAE:t1, leader=null, voted=eaa32a07-b244-48ff-832e-179a61485e20, raftlog=eaa32a07-b244-48ff-832e-179a61485e20@group-42ECA3FE8DAE-SegmentedRaftLog:OPENED:c-1,f-1,i0, conf=-1: [19c6077b-8525-4947-b78c-533c6e2abbac:172.18.0.2:9858, eaa32a07-b244-48ff-832e-179a61485e20:172.18.0.6:9858, e5d8749b-618a-462c-a91d-cf448604a1b0:172.18.0.7:9858], old=null
datanode_1  | 2019-10-15 00:08:23,838 INFO impl.LeaderElection: 19c6077b-8525-4947-b78c-533c6e2abbac@group-42ECA3FE8DAE-LeaderElection2: begin an election at term 1 for -1: [19c6077b-8525-4947-b78c-533c6e2abbac:172.18.0.2:9858, eaa32a07-b244-48ff-832e-179a61485e20:172.18.0.6:9858, e5d8749b-618a-462c-a91d-cf448604a1b0:172.18.0.7:9858], old=null
datanode_2  | 2019-10-15 00:08:24,049 INFO impl.RaftServerImpl: eaa32a07-b244-48ff-832e-179a61485e20@group-42ECA3FE8DAE: changes role from CANDIDATE to FOLLOWER at term 1 for DISCOVERED_A_NEW_TERM
datanode_1  | 2019-10-15 00:08:24,046 INFO impl.LeaderElection: 19c6077b-8525-4947-b78c-533c6e2abbac@group-42ECA3FE8DAE-LeaderElection2: Election REJECTED; received 2 response(s) [19c6077b-8525-4947-b78c-533c6e2abbac<-eaa32a07-b244-48ff-832e-179a61485e20#0:FAIL-t1, 19c6077b-8525-4947-b78c-533c6e2abbac<-e5d8749b-618a-462c-a91d-cf448604a1b0#0:FAIL-t1] and 0 exception(s); 19c6077b-8525-4947-b78c-533c6e2abbac@group-42ECA3FE8DAE:t1, leader=null, voted=19c6077b-8525-4947-b78c-533c6e2abbac, raftlog=19c6077b-8525-4947-b78c-533c6e2abbac@group-42ECA3FE8DAE-SegmentedRaftLog:OPENED:c-1,f-1,i0, conf=-1: [19c6077b-8525-4947-b78c-533c6e2abbac:172.18.0.2:9858, eaa32a07-b244-48ff-832e-179a61485e20:172.18.0.6:9858, e5d8749b-618a-462c-a91d-cf448604a1b0:172.18.0.7:9858], old=null
datanode_2  | 2019-10-15 00:08:24,049 INFO impl.RoleInfo: eaa32a07-b244-48ff-832e-179a61485e20: shutdown LeaderElection
datanode_1  | 2019-10-15 00:08:24,047 INFO impl.RaftServerImpl: 19c6077b-8525-4947-b78c-533c6e2abbac@group-42ECA3FE8DAE: changes role from CANDIDATE to FOLLOWER at term 1 for DISCOVERED_A_NEW_TERM
datanode_2  | 2019-10-15 00:08:24,049 INFO impl.RoleInfo: eaa32a07-b244-48ff-832e-179a61485e20: start FollowerState
datanode_1  | 2019-10-15 00:08:24,047 INFO impl.RoleInfo: 19c6077b-8525-4947-b78c-533c6e2abbac: shutdown LeaderElection
datanode_2  | 2019-10-15 00:08:29,109 INFO impl.RaftServerImpl: eaa32a07-b244-48ff-832e-179a61485e20@group-42ECA3FE8DAE: changes role from  FOLLOWER to FOLLOWER at term 2 for recognizeCandidate:19c6077b-8525-4947-b78c-533c6e2abbac
datanode_1  | 2019-10-15 00:08:24,048 INFO impl.RoleInfo: 19c6077b-8525-4947-b78c-533c6e2abbac: start FollowerState
datanode_2  | 2019-10-15 00:08:29,109 INFO impl.RoleInfo: eaa32a07-b244-48ff-832e-179a61485e20: shutdown FollowerState
datanode_1  | 2019-10-15 00:08:29,067 INFO impl.FollowerState: 19c6077b-8525-4947-b78c-533c6e2abbac@group-42ECA3FE8DAE-FollowerState: change to CANDIDATE, lastRpcTime:5019ms, electionTimeout:5019ms
datanode_2  | 2019-10-15 00:08:29,109 INFO impl.RoleInfo: eaa32a07-b244-48ff-832e-179a61485e20: start FollowerState
datanode_1  | 2019-10-15 00:08:29,068 INFO impl.RoleInfo: 19c6077b-8525-4947-b78c-533c6e2abbac: shutdown FollowerState
datanode_2  | 2019-10-15 00:08:29,110 INFO impl.FollowerState: eaa32a07-b244-48ff-832e-179a61485e20@group-42ECA3FE8DAE-FollowerState was interrupted: java.lang.InterruptedException: sleep interrupted
datanode_1  | 2019-10-15 00:08:29,068 INFO impl.RaftServerImpl: 19c6077b-8525-4947-b78c-533c6e2abbac@group-42ECA3FE8DAE: changes role from  FOLLOWER to CANDIDATE at term 1 for changeToCandidate
datanode_1  | 2019-10-15 00:08:29,068 INFO impl.RoleInfo: 19c6077b-8525-4947-b78c-533c6e2abbac: start LeaderElection
datanode_2  | 2019-10-15 00:08:29,199 INFO impl.RaftServerImpl: eaa32a07-b244-48ff-832e-179a61485e20@group-42ECA3FE8DAE: change Leader from null to 19c6077b-8525-4947-b78c-533c6e2abbac at term 2 for appendEntries, leader elected after 10540ms
datanode_1  | 2019-10-15 00:08:29,083 INFO impl.LeaderElection: 19c6077b-8525-4947-b78c-533c6e2abbac@group-42ECA3FE8DAE-LeaderElection3: begin an election at term 2 for -1: [19c6077b-8525-4947-b78c-533c6e2abbac:172.18.0.2:9858, eaa32a07-b244-48ff-832e-179a61485e20:172.18.0.6:9858, e5d8749b-618a-462c-a91d-cf448604a1b0:172.18.0.7:9858], old=null
datanode_1  | 2019-10-15 00:08:29,128 INFO impl.LeaderElection: 19c6077b-8525-4947-b78c-533c6e2abbac@group-42ECA3FE8DAE-LeaderElection3: Election PASSED; received 1 response(s) [19c6077b-8525-4947-b78c-533c6e2abbac<-eaa32a07-b244-48ff-832e-179a61485e20#0:OK-t2] and 0 exception(s); 19c6077b-8525-4947-b78c-533c6e2abbac@group-42ECA3FE8DAE:t2, leader=null, voted=19c6077b-8525-4947-b78c-533c6e2abbac, raftlog=19c6077b-8525-4947-b78c-533c6e2abbac@group-42ECA3FE8DAE-SegmentedRaftLog:OPENED:c-1,f-1,i0, conf=-1: [19c6077b-8525-4947-b78c-533c6e2abbac:172.18.0.2:9858, eaa32a07-b244-48ff-832e-179a61485e20:172.18.0.6:9858, e5d8749b-618a-462c-a91d-cf448604a1b0:172.18.0.7:9858], old=null
datanode_2  | 2019-10-15 00:08:29,221 INFO impl.RaftServerImpl: eaa32a07-b244-48ff-832e-179a61485e20@group-42ECA3FE8DAE: set configuration 0: [19c6077b-8525-4947-b78c-533c6e2abbac:172.18.0.2:9858, eaa32a07-b244-48ff-832e-179a61485e20:172.18.0.6:9858, e5d8749b-618a-462c-a91d-cf448604a1b0:172.18.0.7:9858], old=null at 0
datanode_1  | 2019-10-15 00:08:29,128 INFO impl.RoleInfo: 19c6077b-8525-4947-b78c-533c6e2abbac: shutdown LeaderElection
datanode_2  | 2019-10-15 00:08:29,221 INFO segmented.SegmentedRaftLogWorker: eaa32a07-b244-48ff-832e-179a61485e20@group-42ECA3FE8DAE-SegmentedRaftLogWorker: Starting segment from index:0
datanode_1  | 2019-10-15 00:08:29,129 INFO impl.RaftServerImpl: 19c6077b-8525-4947-b78c-533c6e2abbac@group-42ECA3FE8DAE: changes role from CANDIDATE to LEADER at term 2 for changeToLeader
datanode_2  | 2019-10-15 00:08:29,258 INFO segmented.SegmentedRaftLogWorker: eaa32a07-b244-48ff-832e-179a61485e20@group-42ECA3FE8DAE-SegmentedRaftLogWorker: created new log segment /data/metadata/ratis/783743fb-0a85-4c35-9a23-42eca3fe8dae/current/log_inprogress_0
datanode_1  | 2019-10-15 00:08:29,129 INFO impl.RaftServerImpl: 19c6077b-8525-4947-b78c-533c6e2abbac@group-42ECA3FE8DAE: change Leader from null to 19c6077b-8525-4947-b78c-533c6e2abbac at term 2 for becomeLeader, leader elected after 10470ms
datanode_1  | 2019-10-15 00:08:29,129 INFO server.RaftServerConfigKeys: raft.server.staging.catchup.gap = 1000 (default)
datanode_1  | 2019-10-15 00:08:29,129 INFO server.RaftServerConfigKeys: raft.server.rpc.sleep.time = 25ms (default)
datanode_1  | 2019-10-15 00:08:29,129 INFO server.RaftServerConfigKeys: raft.server.write.element-limit = 4096 (default)
datanode_1  | 2019-10-15 00:08:29,130 INFO server.RaftServerConfigKeys: raft.server.watch.timeout = 10s (default)
datanode_1  | 2019-10-15 00:08:29,130 INFO server.RaftServerConfigKeys: raft.server.watch.timeout.denomination = 1s (default)
datanode_1  | 2019-10-15 00:08:29,130 INFO server.RaftServerConfigKeys: raft.server.watch.element-limit = 65536 (default)
datanode_1  | 2019-10-15 00:08:29,136 INFO server.RaftServerConfigKeys: raft.server.log.appender.snapshot.chunk.size.max = 16MB (=16777216) (default)
datanode_1  | 2019-10-15 00:08:29,136 INFO server.RaftServerConfigKeys: raft.server.log.appender.buffer.byte-limit = 33554432 (custom)
datanode_1  | 2019-10-15 00:08:29,137 INFO server.RaftServerConfigKeys: raft.server.log.appender.buffer.element-limit = 1 (custom)
datanode_1  | 2019-10-15 00:08:29,140 INFO grpc.GrpcConfigKeys$Server: raft.grpc.server.leader.outstanding.appends.max = 128 (default)
datanode_1  | 2019-10-15 00:08:29,141 INFO server.RaftServerConfigKeys: raft.server.rpc.request.timeout = 3000ms (default)
datanode_1  | 2019-10-15 00:08:29,141 INFO server.RaftServerConfigKeys: raft.server.log.appender.install.snapshot.enabled = false (custom)
datanode_1  | 2019-10-15 00:08:29,142 INFO server.RaftServerConfigKeys: raft.server.log.appender.snapshot.chunk.size.max = 16MB (=16777216) (default)
datanode_1  | 2019-10-15 00:08:29,142 INFO server.RaftServerConfigKeys: raft.server.log.appender.buffer.byte-limit = 33554432 (custom)
datanode_1  | 2019-10-15 00:08:29,142 INFO server.RaftServerConfigKeys: raft.server.log.appender.buffer.element-limit = 1 (custom)
datanode_1  | 2019-10-15 00:08:29,142 INFO grpc.GrpcConfigKeys$Server: raft.grpc.server.leader.outstanding.appends.max = 128 (default)
datanode_1  | 2019-10-15 00:08:29,142 INFO server.RaftServerConfigKeys: raft.server.rpc.request.timeout = 3000ms (default)
datanode_1  | 2019-10-15 00:08:29,142 INFO server.RaftServerConfigKeys: raft.server.log.appender.install.snapshot.enabled = false (custom)
datanode_1  | 2019-10-15 00:08:29,145 INFO impl.RoleInfo: 19c6077b-8525-4947-b78c-533c6e2abbac: start LeaderState
datanode_1  | 2019-10-15 00:08:29,145 INFO segmented.SegmentedRaftLogWorker: 19c6077b-8525-4947-b78c-533c6e2abbac@group-42ECA3FE8DAE-SegmentedRaftLogWorker: Starting segment from index:0
datanode_1  | 2019-10-15 00:08:29,147 INFO impl.RaftServerImpl: 19c6077b-8525-4947-b78c-533c6e2abbac@group-42ECA3FE8DAE: set configuration 0: [19c6077b-8525-4947-b78c-533c6e2abbac:172.18.0.2:9858, eaa32a07-b244-48ff-832e-179a61485e20:172.18.0.6:9858, e5d8749b-618a-462c-a91d-cf448604a1b0:172.18.0.7:9858], old=null at 0
datanode_1  | 2019-10-15 00:08:29,195 INFO segmented.SegmentedRaftLogWorker: 19c6077b-8525-4947-b78c-533c6e2abbac@group-42ECA3FE8DAE-SegmentedRaftLogWorker: created new log segment /data/metadata/ratis/783743fb-0a85-4c35-9a23-42eca3fe8dae/current/log_inprogress_0
