scm_1         | 2019-10-15 00:11:41,205 INFO server.AuthenticationFilter: Unable to initialize FileSignerSecretProvider, falling back to use random secrets.
datanode_2    | 2019-10-15 00:11:46,885 INFO server.RaftServerConfigKeys: raft.server.storage.dir = [/data/metadata/ratis] (custom)
grafana_1     | t=2019-10-15T00:11:38+0000 lvl=info msg="Executing migration" logger=migrator id="create index UQE_org_user_org_id_user_id - v1"
datanode_3    | 2019-10-15 00:11:43,682 [Datanode State Machine Thread - 0] INFO       - Starting XceiverServerRatis bc22e0bf-c61c-4ffb-8b98-ca60d30193a6 at port 9858
om_1          | 2019-10-15 00:11:44,628 INFO db.DBStoreBuilder: Using default column profile:DBProfile.DISK for Table:multipartInfoTable
datanode_1    | 2019-10-15 00:11:42,811 INFO server.GrpcService: 927f8584-ea0b-40f9-aa25-8690f75feaf3: GrpcService started, listening on 0.0.0.0/0.0.0.0:9858
scm_1         | 2019-10-15 00:11:41,220 INFO http.HttpRequestLog: Http request log for http.requests.scm is not defined
datanode_2    | 2019-10-15 00:11:46,890 INFO server.RaftServerConfigKeys: raft.server.log.corruption.policy = EXCEPTION (default)
grafana_1     | t=2019-10-15T00:11:38+0000 lvl=info msg="Executing migration" logger=migrator id="Update org table charset"
datanode_3    | 2019-10-15 00:11:43,711 INFO impl.RaftServerProxy: bc22e0bf-c61c-4ffb-8b98-ca60d30193a6: start RPC server
om_1          | 2019-10-15 00:11:44,628 INFO db.DBStoreBuilder: using custom profile for table: dTokenTable
datanode_1    | WARNING: An illegal reflective access operation has occurred
scm_1         | 2019-10-15 00:11:41,227 INFO http.HttpServer2: Added global filter 'safety' (class=org.apache.hadoop.http.HttpServer2$QuotingInputFilter)
datanode_2    | 2019-10-15 00:11:46,891 INFO storage.RaftStorageDirectory: The storage directory /data/metadata/ratis/917a5943-4719-4ee7-877c-1073ddb4e6a2 does not exist. Creating ...
grafana_1     | t=2019-10-15T00:11:38+0000 lvl=info msg="Executing migration" logger=migrator id="Update org_user table charset"
datanode_3    | 2019-10-15 00:11:43,832 INFO server.GrpcService: bc22e0bf-c61c-4ffb-8b98-ca60d30193a6: GrpcService started, listening on 0.0.0.0/0.0.0.0:9858
om_1          | 2019-10-15 00:11:44,628 INFO db.DBStoreBuilder: Using default column profile:DBProfile.DISK for Table:dTokenTable
datanode_1    | WARNING: Illegal reflective access by org.apache.ratis.thirdparty.com.google.protobuf.UnsafeUtil (file:/opt/hadoop/share/ozone/lib/ratis-thirdparty-misc-0.2.0.jar) to field java.nio.Buffer.address
scm_1         | 2019-10-15 00:11:41,230 INFO http.HttpServer2: Added filter static_user_filter (class=org.apache.hadoop.http.lib.StaticUserWebFilter$StaticUserFilter) to context scm
datanode_2    | 2019-10-15 00:11:46,908 INFO storage.RaftStorageDirectory: Lock on /data/metadata/ratis/917a5943-4719-4ee7-877c-1073ddb4e6a2/in_use.lock acquired by nodename 7@c6d8c16e9753
grafana_1     | t=2019-10-15T00:11:38+0000 lvl=info msg="Executing migration" logger=migrator id="Migrate all Read Only Viewers to Viewers"
datanode_3    | WARNING: An illegal reflective access operation has occurred
om_1          | 2019-10-15 00:11:44,628 INFO db.DBStoreBuilder: using custom profile for table: s3SecretTable
datanode_1    | WARNING: Please consider reporting this to the maintainers of org.apache.ratis.thirdparty.com.google.protobuf.UnsafeUtil
scm_1         | 2019-10-15 00:11:41,230 INFO http.HttpServer2: Added filter static_user_filter (class=org.apache.hadoop.http.lib.StaticUserWebFilter$StaticUserFilter) to context logs
datanode_3    | WARNING: Illegal reflective access by org.apache.ratis.thirdparty.com.google.protobuf.UnsafeUtil (file:/opt/hadoop/share/ozone/lib/ratis-thirdparty-misc-0.2.0.jar) to field java.nio.Buffer.address
grafana_1     | t=2019-10-15T00:11:38+0000 lvl=info msg="Executing migration" logger=migrator id="create dashboard table"
om_1          | 2019-10-15 00:11:44,629 INFO db.DBStoreBuilder: Using default column profile:DBProfile.DISK for Table:s3SecretTable
datanode_1    | WARNING: Use --illegal-access=warn to enable warnings of further illegal reflective access operations
datanode_2    | 2019-10-15 00:11:46,925 INFO storage.RaftStorage: Storage directory /data/metadata/ratis/917a5943-4719-4ee7-877c-1073ddb4e6a2 has been successfully formatted.
datanode_3    | WARNING: Please consider reporting this to the maintainers of org.apache.ratis.thirdparty.com.google.protobuf.UnsafeUtil
scm_1         | 2019-10-15 00:11:41,230 INFO http.HttpServer2: Added filter static_user_filter (class=org.apache.hadoop.http.lib.StaticUserWebFilter$StaticUserFilter) to context static
grafana_1     | t=2019-10-15T00:11:38+0000 lvl=info msg="Executing migration" logger=migrator id="add index dashboard.account_id"
om_1          | 2019-10-15 00:11:44,629 INFO db.DBStoreBuilder: using custom profile for table: prefixTable
datanode_1    | WARNING: All illegal access operations will be denied in a future release
datanode_3    | WARNING: Use --illegal-access=warn to enable warnings of further illegal reflective access operations
scm_1         | 2019-10-15 00:11:41,254 WARN server.BaseHttpServer: /prof java profiling servlet is activated. Not safe for production!
datanode_2    | 2019-10-15 00:11:46,928 [pool-8-thread-1] INFO       - group-1073DDB4E6A2: The snapshot info is null. Setting the last applied indexto:(t:0, i:~)
grafana_1     | t=2019-10-15T00:11:38+0000 lvl=info msg="Executing migration" logger=migrator id="add unique index dashboard_account_id_slug"
om_1          | 2019-10-15 00:11:44,629 INFO db.DBStoreBuilder: Using default column profile:DBProfile.DISK for Table:prefixTable
datanode_1    | 2019-10-15 00:11:45,503 INFO impl.RaftServerProxy: 927f8584-ea0b-40f9-aa25-8690f75feaf3: addNew group-5186BA88EE4B:[927f8584-ea0b-40f9-aa25-8690f75feaf3:172.18.0.8:9858] returns group-5186BA88EE4B:java.util.concurrent.CompletableFuture@1282b18e[Not completed]
datanode_3    | WARNING: All illegal access operations will be denied in a future release
scm_1         | 2019-10-15 00:11:41,262 INFO server.StorageContainerManager: StorageContainerLocationProtocol RPC server is listening at /0.0.0.0:9860
datanode_2    | 2019-10-15 00:11:46,929 INFO server.RaftServerConfigKeys: raft.server.notification.no-leader.timeout = 120s (custom)
grafana_1     | t=2019-10-15T00:11:38+0000 lvl=info msg="Executing migration" logger=migrator id="create dashboard_tag table"
om_1          | 2019-10-15 00:11:44,640 INFO db.DBStoreBuilder: using custom profile for table: default
datanode_1    | 2019-10-15 00:11:45,549 INFO impl.RaftServerImpl: 927f8584-ea0b-40f9-aa25-8690f75feaf3: new RaftServerImpl for group-5186BA88EE4B:[927f8584-ea0b-40f9-aa25-8690f75feaf3:172.18.0.8:9858] with ContainerStateMachine:uninitialized
datanode_3    | 2019-10-15 00:11:46,145 INFO impl.RaftServerProxy: bc22e0bf-c61c-4ffb-8b98-ca60d30193a6: addNew group-50B8D762B0FE:[bc22e0bf-c61c-4ffb-8b98-ca60d30193a6:172.18.0.10:9858] returns group-50B8D762B0FE:java.util.concurrent.CompletableFuture@409a864c[Not completed]
scm_1         | 2019-10-15 00:11:41,329 INFO impl.MetricsConfig: Loaded properties from hadoop-metrics2.properties
datanode_2    | 2019-10-15 00:11:46,931 INFO server.RaftServerConfigKeys: raft.server.log.use.memory = false (default)
grafana_1     | t=2019-10-15T00:11:38+0000 lvl=info msg="Executing migration" logger=migrator id="add unique index dashboard_tag.dasboard_id_term"
om_1          | 2019-10-15 00:11:44,640 INFO db.DBStoreBuilder: Using default column profile:DBProfile.DISK for Table:default
datanode_1    | 2019-10-15 00:11:45,551 INFO server.RaftServerConfigKeys: raft.server.rpc.timeout.min = 5s (custom)
datanode_3    | 2019-10-15 00:11:46,170 INFO impl.RaftServerImpl: bc22e0bf-c61c-4ffb-8b98-ca60d30193a6: new RaftServerImpl for group-50B8D762B0FE:[bc22e0bf-c61c-4ffb-8b98-ca60d30193a6:172.18.0.10:9858] with ContainerStateMachine:uninitialized
datanode_2    | 2019-10-15 00:11:46,935 INFO server.RaftServerConfigKeys: raft.server.log.purge.gap = 1000000 (custom)
grafana_1     | t=2019-10-15T00:11:38+0000 lvl=info msg="Executing migration" logger=migrator id="drop index UQE_dashboard_tag_dashboard_id_term - v1"
om_1          | 2019-10-15 00:11:44,642 INFO db.DBStoreBuilder: Using default options. DBProfile.DISK
datanode_1    | 2019-10-15 00:11:45,551 INFO server.RaftServerConfigKeys: raft.server.rpc.timeout.max = 5200ms (custom)
datanode_3    | 2019-10-15 00:11:46,172 INFO server.RaftServerConfigKeys: raft.server.rpc.timeout.min = 5s (custom)
scm_1         | 2019-10-15 00:11:41,368 INFO impl.MetricsSystemImpl: Scheduled Metric snapshot period at 10 second(s).
grafana_1     | t=2019-10-15T00:11:38+0000 lvl=info msg="Executing migration" logger=migrator id="Rename table dashboard to dashboard_v1 - v1"
datanode_2    | 2019-10-15 00:11:46,935 INFO server.RaftServerConfigKeys: raft.server.log.appender.buffer.byte-limit = 33554432 (custom)
om_1          | 2019-10-15 00:11:45,296 INFO ipc.CallQueueManager: Using callQueue: class java.util.concurrent.LinkedBlockingQueue, queueCapacity: 2000, scheduler: class org.apache.hadoop.ipc.DefaultRpcScheduler, ipcBackoff: false.
datanode_1    | 2019-10-15 00:11:45,551 INFO server.RaftServerConfigKeys: raft.server.rpcslowness.timeout = 120s (custom)
datanode_3    | 2019-10-15 00:11:46,173 INFO server.RaftServerConfigKeys: raft.server.rpc.timeout.max = 5200ms (custom)
scm_1         | 2019-10-15 00:11:41,368 INFO impl.MetricsSystemImpl: StorageContainerManager metrics system started
grafana_1     | t=2019-10-15T00:11:38+0000 lvl=info msg="Executing migration" logger=migrator id="create dashboard v2"
datanode_2    | 2019-10-15 00:11:46,937 INFO server.RaftServerConfigKeys: raft.server.log.segment.size.max = 1048576 (custom)
om_1          | 2019-10-15 00:11:45,311 INFO ipc.Server: Starting Socket Reader #1 for port 9862
datanode_1    | 2019-10-15 00:11:45,552 INFO server.RaftServerConfigKeys: raft.server.sleep.deviation.threshold = 300 (default)
datanode_3    | 2019-10-15 00:11:46,173 INFO server.RaftServerConfigKeys: raft.server.rpcslowness.timeout = 120s (custom)
scm_1         | 2019-10-15 00:11:41,638 INFO server.SCMClientProtocolServer: RPC server for Client  is listening at /0.0.0.0:9860
grafana_1     | t=2019-10-15T00:11:38+0000 lvl=info msg="Executing migration" logger=migrator id="create index IDX_dashboard_org_id - v2"
datanode_2    | 2019-10-15 00:11:46,938 WARN impl.MetricsSystemImpl: HddsDatanode metrics system already initialized!
om_1          | 2019-10-15 00:11:45,354 [main] INFO       - OzoneManager RPC server is listening at om/172.18.0.9:9862
datanode_1    | 2019-10-15 00:11:45,553 INFO server.RaftServerConfigKeys: raft.server.log.appender.install.snapshot.enabled = false (custom)
datanode_3    | 2019-10-15 00:11:46,174 INFO server.RaftServerConfigKeys: raft.server.sleep.deviation.threshold = 300 (default)
grafana_1     | t=2019-10-15T00:11:38+0000 lvl=info msg="Executing migration" logger=migrator id="create index UQE_dashboard_org_id_slug - v2"
datanode_2    | 2019-10-15 00:11:46,943 INFO metrics.MetricRegistries: Loaded MetricRegistries class org.apache.ratis.metrics.impl.MetricRegistriesImpl
om_1          | 2019-10-15 00:11:45,437 INFO impl.MetricsConfig: Loaded properties from hadoop-metrics2.properties
datanode_1    | 2019-10-15 00:11:45,601 INFO impl.RaftServerImpl: 927f8584-ea0b-40f9-aa25-8690f75feaf3@group-5186BA88EE4B: ConfigurationManager, init=-1: [927f8584-ea0b-40f9-aa25-8690f75feaf3:172.18.0.8:9858], old=null, confs=<EMPTY_MAP>
scm_1         | 2019-10-15 00:11:41,638 INFO ipc.Server: IPC Server Responder: starting
datanode_3    | 2019-10-15 00:11:46,174 INFO server.RaftServerConfigKeys: raft.server.log.appender.install.snapshot.enabled = false (custom)
datanode_2    | 2019-10-15 00:11:46,980 INFO server.RaftServerConfigKeys: raft.server.log.segment.cache.num.max = 2 (custom)
om_1          | 2019-10-15 00:11:45,493 INFO impl.MetricsSystemImpl: Scheduled Metric snapshot period at 10 second(s).
grafana_1     | t=2019-10-15T00:11:38+0000 lvl=info msg="Executing migration" logger=migrator id="copy dashboard v1 to v2"
datanode_1    | 2019-10-15 00:11:45,602 INFO server.RaftServerConfigKeys: raft.server.storage.dir = [/data/metadata/ratis] (custom)
scm_1         | 2019-10-15 00:11:41,638 INFO ipc.Server: IPC Server listener on 9860: starting
datanode_3    | 2019-10-15 00:11:46,207 INFO impl.RaftServerImpl: bc22e0bf-c61c-4ffb-8b98-ca60d30193a6@group-50B8D762B0FE: ConfigurationManager, init=-1: [bc22e0bf-c61c-4ffb-8b98-ca60d30193a6:172.18.0.10:9858], old=null, confs=<EMPTY_MAP>
datanode_2    | 2019-10-15 00:11:46,985 INFO segmented.SegmentedRaftLogWorker: new c869ff53-9ce9-4896-82e3-352c5e0a8f88@group-1073DDB4E6A2-SegmentedRaftLogWorker for RaftStorage:Storage Directory /data/metadata/ratis/917a5943-4719-4ee7-877c-1073ddb4e6a2
om_1          | 2019-10-15 00:11:45,494 INFO impl.MetricsSystemImpl: OzoneManager metrics system started
grafana_1     | t=2019-10-15T00:11:38+0000 lvl=info msg="Executing migration" logger=migrator id="drop table dashboard_v1"
datanode_1    | 2019-10-15 00:11:45,607 INFO server.RaftServerConfigKeys: raft.server.log.corruption.policy = EXCEPTION (default)
scm_1         | 2019-10-15 00:11:41,641 INFO server.StorageContainerManager: ScmBlockLocationProtocol RPC server is listening at /0.0.0.0:9863
datanode_3    | 2019-10-15 00:11:46,208 INFO server.RaftServerConfigKeys: raft.server.storage.dir = [/data/metadata/ratis] (custom)
datanode_2    | 2019-10-15 00:11:46,985 INFO server.RaftServerConfigKeys: raft.server.log.queue.byte-limit = 2147483647 (custom)
om_1          | 2019-10-15 00:11:45,536 INFO ipc.Server: IPC Server Responder: starting
grafana_1     | t=2019-10-15T00:11:38+0000 lvl=info msg="Executing migration" logger=migrator id="alter dashboard.data to mediumtext v1"
datanode_1    | 2019-10-15 00:11:45,609 INFO storage.RaftStorageDirectory: The storage directory /data/metadata/ratis/a0ac4927-537c-447f-8ada-5186ba88ee4b does not exist. Creating ...
scm_1         | 2019-10-15 00:11:41,642 INFO server.SCMBlockProtocolServer: RPC server for Block Protocol is listening at /0.0.0.0:9863
datanode_3    | 2019-10-15 00:11:46,215 INFO server.RaftServerConfigKeys: raft.server.log.corruption.policy = EXCEPTION (default)
datanode_2    | 2019-10-15 00:11:46,986 INFO server.RaftServerConfigKeys: raft.server.log.queue.element-limit = 1024 (custom)
om_1          | 2019-10-15 00:11:45,537 INFO ipc.Server: IPC Server listener on 9862: starting
grafana_1     | t=2019-10-15T00:11:39+0000 lvl=info msg="Executing migration" logger=migrator id="Add column updated_by in dashboard - v2"
scm_1         | 2019-10-15 00:11:41,642 INFO ipc.Server: IPC Server Responder: starting
datanode_3    | 2019-10-15 00:11:46,216 INFO storage.RaftStorageDirectory: The storage directory /data/metadata/ratis/7404edf0-c962-4331-806d-50b8d762b0fe does not exist. Creating ...
datanode_2    | 2019-10-15 00:11:46,987 INFO server.RaftServerConfigKeys: raft.server.log.segment.size.max = 1048576 (custom)
om_1          | 2019-10-15 00:11:45,570 INFO hdfs.DFSUtil: Starting Web-server for ozoneManager at: http://0.0.0.0:9874
grafana_1     | t=2019-10-15T00:11:39+0000 lvl=info msg="Executing migration" logger=migrator id="Add column created_by in dashboard - v2"
scm_1         | 2019-10-15 00:11:41,642 INFO ipc.Server: IPC Server listener on 9863: starting
datanode_1    | 2019-10-15 00:11:45,626 INFO storage.RaftStorageDirectory: Lock on /data/metadata/ratis/a0ac4927-537c-447f-8ada-5186ba88ee4b/in_use.lock acquired by nodename 7@b8e6908027e4
datanode_2    | 2019-10-15 00:11:46,987 INFO server.RaftServerConfigKeys: raft.server.log.preallocated.size = 16384 (custom)
datanode_3    | 2019-10-15 00:11:46,240 INFO storage.RaftStorageDirectory: Lock on /data/metadata/ratis/7404edf0-c962-4331-806d-50b8d762b0fe/in_use.lock acquired by nodename 7@fb21ae2e0532
grafana_1     | t=2019-10-15T00:11:39+0000 lvl=info msg="Executing migration" logger=migrator id="Add column gnetId in dashboard"
scm_1         | 2019-10-15 00:11:41,645 INFO server.StorageContainerManager: ScmDatanodeProtocl RPC server is listening at /0.0.0.0:9861
datanode_2    | 2019-10-15 00:11:46,988 INFO server.RaftServerConfigKeys: raft.server.log.write.buffer.size = 33554432 (custom)
om_1          | 2019-10-15 00:11:45,674 INFO server.AuthenticationFilter: Unable to initialize FileSignerSecretProvider, falling back to use random secrets.
datanode_1    | 2019-10-15 00:11:45,652 INFO storage.RaftStorage: Storage directory /data/metadata/ratis/a0ac4927-537c-447f-8ada-5186ba88ee4b has been successfully formatted.
grafana_1     | t=2019-10-15T00:11:39+0000 lvl=info msg="Executing migration" logger=migrator id="Add index for gnetId in dashboard"
datanode_3    | 2019-10-15 00:11:46,266 INFO storage.RaftStorage: Storage directory /data/metadata/ratis/7404edf0-c962-4331-806d-50b8d762b0fe has been successfully formatted.
datanode_2    | 2019-10-15 00:11:46,988 INFO server.RaftServerConfigKeys: raft.server.log.force.sync.num = 128 (default)
om_1          | 2019-10-15 00:11:45,677 INFO http.HttpRequestLog: Http request log for http.requests.ozoneManager is not defined
scm_1         | 2019-10-15 00:11:41,645 INFO server.SCMDatanodeProtocolServer: RPC server for DataNodes is listening at /0.0.0.0:9861
datanode_1    | 2019-10-15 00:11:45,655 [pool-8-thread-1] INFO       - group-5186BA88EE4B: The snapshot info is null. Setting the last applied indexto:(t:0, i:~)
grafana_1     | t=2019-10-15T00:11:39+0000 lvl=info msg="Executing migration" logger=migrator id="Add column plugin_id in dashboard"
datanode_3    | 2019-10-15 00:11:46,272 [pool-8-thread-1] INFO       - group-50B8D762B0FE: The snapshot info is null. Setting the last applied indexto:(t:0, i:~)
datanode_2    | 2019-10-15 00:11:46,989 INFO server.RaftServerConfigKeys: raft.server.log.statemachine.data.sync = true (default)
om_1          | 2019-10-15 00:11:45,683 INFO http.HttpServer2: Added global filter 'safety' (class=org.apache.hadoop.http.HttpServer2$QuotingInputFilter)
scm_1         | 2019-10-15 00:11:41,647 INFO ipc.Server: IPC Server Responder: starting
datanode_1    | 2019-10-15 00:11:45,656 INFO server.RaftServerConfigKeys: raft.server.notification.no-leader.timeout = 120s (custom)
grafana_1     | t=2019-10-15T00:11:39+0000 lvl=info msg="Executing migration" logger=migrator id="Add index for plugin_id in dashboard"
datanode_3    | 2019-10-15 00:11:46,273 INFO server.RaftServerConfigKeys: raft.server.notification.no-leader.timeout = 120s (custom)
datanode_2    | 2019-10-15 00:11:46,989 INFO server.RaftServerConfigKeys: raft.server.log.statemachine.data.sync.timeout = 10s (default)
om_1          | 2019-10-15 00:11:45,685 INFO http.HttpServer2: Added filter static_user_filter (class=org.apache.hadoop.http.lib.StaticUserWebFilter$StaticUserFilter) to context ozoneManager
scm_1         | 2019-10-15 00:11:41,649 INFO ipc.Server: IPC Server listener on 9861: starting
datanode_1    | 2019-10-15 00:11:45,658 INFO server.RaftServerConfigKeys: raft.server.log.use.memory = false (default)
grafana_1     | t=2019-10-15T00:11:39+0000 lvl=info msg="Executing migration" logger=migrator id="Add index for dashboard_id in dashboard_tag"
datanode_3    | 2019-10-15 00:11:46,276 INFO server.RaftServerConfigKeys: raft.server.log.use.memory = false (default)
datanode_2    | 2019-10-15 00:11:46,989 INFO server.RaftServerConfigKeys: raft.server.log.statemachine.data.sync.timeout.retry = -1 (default)
om_1          | 2019-10-15 00:11:45,685 INFO http.HttpServer2: Added filter static_user_filter (class=org.apache.hadoop.http.lib.StaticUserWebFilter$StaticUserFilter) to context logs
scm_1         | 2019-10-15 00:11:41,653 INFO http.HttpServer2: Jetty bound to port 9876
datanode_1    | 2019-10-15 00:11:45,662 INFO server.RaftServerConfigKeys: raft.server.log.purge.gap = 1000000 (custom)
grafana_1     | t=2019-10-15T00:11:39+0000 lvl=info msg="Executing migration" logger=migrator id="Update dashboard table charset"
datanode_3    | 2019-10-15 00:11:46,283 INFO server.RaftServerConfigKeys: raft.server.log.purge.gap = 1000000 (custom)
datanode_2    | 2019-10-15 00:11:46,999 INFO server.RaftServerConfigKeys: raft.server.log.statemachine.data.caching.enabled = true (custom)
om_1          | 2019-10-15 00:11:45,685 INFO http.HttpServer2: Added filter static_user_filter (class=org.apache.hadoop.http.lib.StaticUserWebFilter$StaticUserFilter) to context static
scm_1         | 2019-10-15 00:11:41,655 INFO server.Server: jetty-9.3.25.v20180904, build timestamp: 2018-09-04T21:11:46Z, git hash: 3ce520221d0240229c862b122d2b06c12a625732
datanode_1    | 2019-10-15 00:11:45,663 INFO server.RaftServerConfigKeys: raft.server.log.appender.buffer.byte-limit = 33554432 (custom)
grafana_1     | t=2019-10-15T00:11:39+0000 lvl=info msg="Executing migration" logger=migrator id="Update dashboard_tag table charset"
datanode_2    | 2019-10-15 00:11:47,004 INFO segmented.SegmentedRaftLogWorker: c869ff53-9ce9-4896-82e3-352c5e0a8f88@group-1073DDB4E6A2-SegmentedRaftLogWorker: flushIndex: setUnconditionally 0 -> -1
om_1          | 2019-10-15 00:11:45,702 WARN server.BaseHttpServer: /prof java profiling servlet is activated. Not safe for production!
scm_1         | 2019-10-15 00:11:41,688 INFO handler.ContextHandler: Started o.e.j.s.ServletContextHandler@4a5905d9{/logs,file:///var/log/hadoop/,AVAILABLE}
datanode_1    | 2019-10-15 00:11:45,664 INFO server.RaftServerConfigKeys: raft.server.log.segment.size.max = 1048576 (custom)
datanode_2    | 2019-10-15 00:11:47,008 INFO server.RaftServerConfigKeys: raft.server.snapshot.auto.trigger.enabled = true (custom)
om_1          | 2019-10-15 00:11:45,704 INFO http.HttpServer2: Jetty bound to port 9874
datanode_3    | 2019-10-15 00:11:46,283 INFO server.RaftServerConfigKeys: raft.server.log.appender.buffer.byte-limit = 33554432 (custom)
scm_1         | 2019-10-15 00:11:41,688 INFO handler.ContextHandler: Started o.e.j.s.ServletContextHandler@3daa82be{/static,jar:file:/opt/hadoop/share/ozone/lib/hadoop-hdds-server-scm-0.5.0-SNAPSHOT.jar!/webapps/static,AVAILABLE}
datanode_1    | 2019-10-15 00:11:45,666 WARN impl.MetricsSystemImpl: HddsDatanode metrics system already initialized!
datanode_2    | 2019-10-15 00:11:47,008 INFO server.RaftServerConfigKeys: raft.server.snapshot.auto.trigger.threshold = 10000 (custom)
om_1          | 2019-10-15 00:11:45,705 INFO server.Server: jetty-9.3.25.v20180904, build timestamp: 2018-09-04T21:11:46Z, git hash: 3ce520221d0240229c862b122d2b06c12a625732
grafana_1     | t=2019-10-15T00:11:39+0000 lvl=info msg="Executing migration" logger=migrator id="Add column folder_id in dashboard"
datanode_3    | 2019-10-15 00:11:46,286 INFO server.RaftServerConfigKeys: raft.server.log.segment.size.max = 1048576 (custom)
scm_1         | 2019-10-15 00:11:41,770 INFO handler.ContextHandler: Started o.e.j.w.WebAppContext@7a729f84{/,file:///tmp/jetty-0.0.0.0-9876-scm-_-any-16860975250940825751.dir/webapp/,AVAILABLE}{/scm}
datanode_2    | 2019-10-15 00:11:47,009 INFO server.RaftServerConfigKeys: raft.server.snapshot.retention.file.num = 5 (custom)
om_1          | 2019-10-15 00:11:45,736 INFO handler.ContextHandler: Started o.e.j.s.ServletContextHandler@329bad59{/logs,file:///var/log/hadoop/,AVAILABLE}
datanode_3    | 2019-10-15 00:11:46,288 WARN impl.MetricsSystemImpl: HddsDatanode metrics system already initialized!
grafana_1     | t=2019-10-15T00:11:39+0000 lvl=info msg="Executing migration" logger=migrator id="Add column isFolder in dashboard"
datanode_1    | 2019-10-15 00:11:45,670 INFO metrics.MetricRegistries: Loaded MetricRegistries class org.apache.ratis.metrics.impl.MetricRegistriesImpl
scm_1         | 2019-10-15 00:11:41,776 INFO server.AbstractConnector: Started ServerConnector@5009e928{HTTP/1.1,[http/1.1]}{0.0.0.0:9876}
datanode_2    | 2019-10-15 00:11:47,009 INFO server.RaftServerConfigKeys: raft.server.retrycache.expirytime = 600000ms (custom)
om_1          | 2019-10-15 00:11:45,737 INFO handler.ContextHandler: Started o.e.j.s.ServletContextHandler@7bab5898{/static,jar:file:/opt/hadoop/share/ozone/lib/hadoop-ozone-ozone-manager-0.5.0-SNAPSHOT.jar!/webapps/static,AVAILABLE}
datanode_3    | 2019-10-15 00:11:46,295 INFO metrics.MetricRegistries: Loaded MetricRegistries class org.apache.ratis.metrics.impl.MetricRegistriesImpl
grafana_1     | t=2019-10-15T00:11:39+0000 lvl=info msg="Executing migration" logger=migrator id="Add column has_acl in dashboard"
datanode_1    | 2019-10-15 00:11:45,703 INFO server.RaftServerConfigKeys: raft.server.log.segment.cache.num.max = 2 (custom)
scm_1         | 2019-10-15 00:11:41,776 INFO server.Server: Started @3469ms
datanode_2    | 2019-10-15 00:11:47,032 INFO impl.RaftServerImpl: c869ff53-9ce9-4896-82e3-352c5e0a8f88@group-1073DDB4E6A2: start as a follower, conf=-1: [c869ff53-9ce9-4896-82e3-352c5e0a8f88:172.18.0.11:9858], old=null
om_1          | 2019-10-15 00:11:45,814 INFO handler.ContextHandler: Started o.e.j.w.WebAppContext@593a6726{/,file:///tmp/jetty-0.0.0.0-9874-ozoneManager-_-any-15692333361933995403.dir/webapp/,AVAILABLE}{/ozoneManager}
datanode_3    | 2019-10-15 00:11:46,351 INFO server.RaftServerConfigKeys: raft.server.log.segment.cache.num.max = 2 (custom)
grafana_1     | t=2019-10-15T00:11:39+0000 lvl=info msg="Executing migration" logger=migrator id="Add column uid in dashboard"
datanode_1    | 2019-10-15 00:11:45,708 INFO segmented.SegmentedRaftLogWorker: new 927f8584-ea0b-40f9-aa25-8690f75feaf3@group-5186BA88EE4B-SegmentedRaftLogWorker for RaftStorage:Storage Directory /data/metadata/ratis/a0ac4927-537c-447f-8ada-5186ba88ee4b
scm_1         | 2019-10-15 00:11:41,783 INFO impl.MetricsSinkAdapter: Sink prometheus started
datanode_2    | 2019-10-15 00:11:47,033 INFO impl.RaftServerImpl: c869ff53-9ce9-4896-82e3-352c5e0a8f88@group-1073DDB4E6A2: changes role from      null to FOLLOWER at term 0 for startAsFollower
om_1          | 2019-10-15 00:11:45,823 INFO server.AbstractConnector: Started ServerConnector@194d329e{HTTP/1.1,[http/1.1]}{0.0.0.0:9874}
datanode_3    | 2019-10-15 00:11:46,358 INFO segmented.SegmentedRaftLogWorker: new bc22e0bf-c61c-4ffb-8b98-ca60d30193a6@group-50B8D762B0FE-SegmentedRaftLogWorker for RaftStorage:Storage Directory /data/metadata/ratis/7404edf0-c962-4331-806d-50b8d762b0fe
grafana_1     | t=2019-10-15T00:11:39+0000 lvl=info msg="Executing migration" logger=migrator id="Update uid column values in dashboard"
datanode_1    | 2019-10-15 00:11:45,708 INFO server.RaftServerConfigKeys: raft.server.log.queue.byte-limit = 2147483647 (custom)
scm_1         | 2019-10-15 00:11:41,783 INFO impl.MetricsSystemImpl: Registered sink prometheus
datanode_2    | 2019-10-15 00:11:47,034 INFO impl.RoleInfo: c869ff53-9ce9-4896-82e3-352c5e0a8f88: start FollowerState
om_1          | 2019-10-15 00:11:45,824 INFO server.Server: Started @3810ms
datanode_3    | 2019-10-15 00:11:46,359 INFO server.RaftServerConfigKeys: raft.server.log.queue.byte-limit = 2147483647 (custom)
grafana_1     | t=2019-10-15T00:11:39+0000 lvl=info msg="Executing migration" logger=migrator id="Add unique index dashboard_org_id_uid"
datanode_1    | 2019-10-15 00:11:45,709 INFO server.RaftServerConfigKeys: raft.server.log.queue.element-limit = 1024 (custom)
scm_1         | 2019-10-15 00:11:41,785 INFO server.BaseHttpServer: HTTP server of SCM is listening at http://0.0.0.0:9876
datanode_2    | 2019-10-15 00:11:47,038 INFO util.JmxRegister: Successfully registered JMX Bean with object name Ratis:service=RaftServer,group=group-1073DDB4E6A2,id=c869ff53-9ce9-4896-82e3-352c5e0a8f88
om_1          | 2019-10-15 00:11:45,830 INFO impl.MetricsSinkAdapter: Sink prometheus started
datanode_3    | 2019-10-15 00:11:46,359 INFO server.RaftServerConfigKeys: raft.server.log.queue.element-limit = 1024 (custom)
grafana_1     | t=2019-10-15T00:11:39+0000 lvl=info msg="Executing migration" logger=migrator id="Remove unique index org_id_slug"
datanode_1    | 2019-10-15 00:11:45,710 INFO server.RaftServerConfigKeys: raft.server.log.segment.size.max = 1048576 (custom)
scm_1         | 2019-10-15 00:11:41,796 INFO util.JvmPauseMonitor: Starting JVM pause monitor
datanode_2    | 2019-10-15 00:11:47,152 INFO impl.RaftServerProxy: c869ff53-9ce9-4896-82e3-352c5e0a8f88: addNew group-25B837BC8AC8:[927f8584-ea0b-40f9-aa25-8690f75feaf3:172.18.0.8:9858, c869ff53-9ce9-4896-82e3-352c5e0a8f88:172.18.0.11:9858, bc22e0bf-c61c-4ffb-8b98-ca60d30193a6:172.18.0.10:9858] returns group-25B837BC8AC8:java.util.concurrent.CompletableFuture@56345c42[Not completed]
om_1          | 2019-10-15 00:11:45,830 INFO impl.MetricsSystemImpl: Registered sink prometheus
datanode_3    | 2019-10-15 00:11:46,360 INFO server.RaftServerConfigKeys: raft.server.log.segment.size.max = 1048576 (custom)
grafana_1     | t=2019-10-15T00:11:39+0000 lvl=info msg="Executing migration" logger=migrator id="Update dashboard title length"
datanode_1    | 2019-10-15 00:11:45,710 INFO server.RaftServerConfigKeys: raft.server.log.preallocated.size = 16384 (custom)
om_1          | 2019-10-15 00:11:45,832 INFO server.BaseHttpServer: HTTP server of OZONEMANAGER is listening at http://0.0.0.0:9874
datanode_2    | 2019-10-15 00:11:47,155 INFO impl.RaftServerImpl: c869ff53-9ce9-4896-82e3-352c5e0a8f88: new RaftServerImpl for group-25B837BC8AC8:[927f8584-ea0b-40f9-aa25-8690f75feaf3:172.18.0.8:9858, c869ff53-9ce9-4896-82e3-352c5e0a8f88:172.18.0.11:9858, bc22e0bf-c61c-4ffb-8b98-ca60d30193a6:172.18.0.10:9858] with ContainerStateMachine:uninitialized
grafana_1     | t=2019-10-15T00:11:39+0000 lvl=info msg="Executing migration" logger=migrator id="Add unique index for dashboard_org_id_title_folder_id"
datanode_3    | 2019-10-15 00:11:46,361 INFO server.RaftServerConfigKeys: raft.server.log.preallocated.size = 16384 (custom)
datanode_1    | 2019-10-15 00:11:45,711 INFO server.RaftServerConfigKeys: raft.server.log.write.buffer.size = 33554432 (custom)
om_1          | 2019-10-15 00:12:01,785 [IPC Server handler 0 on 9862] INFO       - created volume:vol-0-65926 for user:hadoop
grafana_1     | t=2019-10-15T00:11:39+0000 lvl=info msg="Executing migration" logger=migrator id="create dashboard_provisioning"
scm_1         | 2019-10-15 00:11:44,586 INFO net.NetworkTopology: Added a new node: /default-rack/927f8584-ea0b-40f9-aa25-8690f75feaf3
datanode_3    | 2019-10-15 00:11:46,362 INFO server.RaftServerConfigKeys: raft.server.log.write.buffer.size = 33554432 (custom)
datanode_1    | 2019-10-15 00:11:45,711 INFO server.RaftServerConfigKeys: raft.server.log.force.sync.num = 128 (default)
om_1          | 2019-10-15 00:12:01,820 [IPC Server handler 2 on 9862] INFO       - created volume:vol-1-40284 for user:hadoop
datanode_2    | 2019-10-15 00:11:47,155 INFO server.RaftServerConfigKeys: raft.server.rpc.timeout.min = 5s (custom)
grafana_1     | t=2019-10-15T00:11:39+0000 lvl=info msg="Executing migration" logger=migrator id="Rename table dashboard_provisioning to dashboard_provisioning_tmp_qwerty - v1"
scm_1         | 2019-10-15 00:11:44,586 INFO node.SCMNodeManager: Registered Data node : 927f8584-ea0b-40f9-aa25-8690f75feaf3{ip: 172.18.0.8, host: ozoneperf_datanode_1.ozoneperf_default, networkLocation: /default-rack, certSerialId: null}
datanode_3    | 2019-10-15 00:11:46,363 INFO server.RaftServerConfigKeys: raft.server.log.force.sync.num = 128 (default)
datanode_1    | 2019-10-15 00:11:45,712 INFO server.RaftServerConfigKeys: raft.server.log.statemachine.data.sync = true (default)
om_1          | 2019-10-15 00:12:01,833 [IPC Server handler 5 on 9862] INFO       - created volume:vol-2-68251 for user:hadoop
datanode_2    | 2019-10-15 00:11:47,155 INFO server.RaftServerConfigKeys: raft.server.rpc.timeout.max = 5200ms (custom)
scm_1         | 2019-10-15 00:11:44,589 INFO safemode.SCMSafeModeManager: SCM in safe mode. 1 DataNodes registered, 1 required.
datanode_3    | 2019-10-15 00:11:46,364 INFO server.RaftServerConfigKeys: raft.server.log.statemachine.data.sync = true (default)
datanode_1    | 2019-10-15 00:11:45,712 INFO server.RaftServerConfigKeys: raft.server.log.statemachine.data.sync.timeout = 10s (default)
datanode_2    | 2019-10-15 00:11:47,155 INFO server.RaftServerConfigKeys: raft.server.rpcslowness.timeout = 120s (custom)
om_1          | 2019-10-15 00:12:01,844 [IPC Server handler 6 on 9862] INFO       - created volume:vol-3-16692 for user:hadoop
grafana_1     | t=2019-10-15T00:11:39+0000 lvl=info msg="Executing migration" logger=migrator id="create dashboard_provisioning v2"
scm_1         | 2019-10-15 00:11:44,590 INFO safemode.SCMSafeModeManager: ScmSafeModeManager, all rules are successfully validated
datanode_3    | 2019-10-15 00:11:46,364 INFO server.RaftServerConfigKeys: raft.server.log.statemachine.data.sync.timeout = 10s (default)
datanode_1    | 2019-10-15 00:11:45,713 INFO server.RaftServerConfigKeys: raft.server.log.statemachine.data.sync.timeout.retry = -1 (default)
datanode_2    | 2019-10-15 00:11:47,156 INFO server.RaftServerConfigKeys: raft.server.sleep.deviation.threshold = 300 (default)
om_1          | 2019-10-15 00:12:01,855 [IPC Server handler 8 on 9862] INFO       - created volume:vol-4-71463 for user:hadoop
grafana_1     | t=2019-10-15T00:11:39+0000 lvl=info msg="Executing migration" logger=migrator id="create index IDX_dashboard_provisioning_dashboard_id - v2"
scm_1         | 2019-10-15 00:11:44,590 INFO safemode.SCMSafeModeManager: SCM exiting safe mode.
datanode_3    | 2019-10-15 00:11:46,365 INFO server.RaftServerConfigKeys: raft.server.log.statemachine.data.sync.timeout.retry = -1 (default)
datanode_1    | 2019-10-15 00:11:45,721 INFO server.RaftServerConfigKeys: raft.server.log.statemachine.data.caching.enabled = true (custom)
datanode_2    | 2019-10-15 00:11:47,156 INFO server.RaftServerConfigKeys: raft.server.log.appender.install.snapshot.enabled = false (custom)
om_1          | 2019-10-15 00:12:09,345 [IPC Server handler 8 on 9862] INFO       - created volume:vol-3-79989 for user:hadoop
grafana_1     | t=2019-10-15T00:11:39+0000 lvl=info msg="Executing migration" logger=migrator id="create index IDX_dashboard_provisioning_dashboard_id_name - v2"
scm_1         | WARNING: An illegal reflective access operation has occurred
datanode_3    | 2019-10-15 00:11:46,380 INFO server.RaftServerConfigKeys: raft.server.log.statemachine.data.caching.enabled = true (custom)
datanode_1    | 2019-10-15 00:11:45,725 INFO segmented.SegmentedRaftLogWorker: 927f8584-ea0b-40f9-aa25-8690f75feaf3@group-5186BA88EE4B-SegmentedRaftLogWorker: flushIndex: setUnconditionally 0 -> -1
datanode_2    | 2019-10-15 00:11:47,156 INFO impl.RaftServerImpl: c869ff53-9ce9-4896-82e3-352c5e0a8f88@group-25B837BC8AC8: ConfigurationManager, init=-1: [927f8584-ea0b-40f9-aa25-8690f75feaf3:172.18.0.8:9858, c869ff53-9ce9-4896-82e3-352c5e0a8f88:172.18.0.11:9858, bc22e0bf-c61c-4ffb-8b98-ca60d30193a6:172.18.0.10:9858], old=null, confs=<EMPTY_MAP>
om_1          | 2019-10-15 00:12:09,348 [IPC Server handler 9 on 9862] INFO       - created volume:vol-0-91255 for user:hadoop
grafana_1     | t=2019-10-15T00:11:39+0000 lvl=info msg="Executing migration" logger=migrator id="copy dashboard_provisioning v1 to v2"
scm_1         | WARNING: Illegal reflective access by org.apache.ratis.thirdparty.com.google.protobuf.UnsafeUtil (file:/opt/hadoop/share/ozone/lib/ratis-thirdparty-misc-0.2.0.jar) to field java.nio.Buffer.address
datanode_3    | 2019-10-15 00:11:46,387 INFO segmented.SegmentedRaftLogWorker: bc22e0bf-c61c-4ffb-8b98-ca60d30193a6@group-50B8D762B0FE-SegmentedRaftLogWorker: flushIndex: setUnconditionally 0 -> -1
datanode_2    | 2019-10-15 00:11:47,156 INFO server.RaftServerConfigKeys: raft.server.storage.dir = [/data/metadata/ratis] (custom)
om_1          | 2019-10-15 00:12:09,348 [IPC Server handler 10 on 9862] INFO       - created volume:vol-5-82042 for user:hadoop
datanode_1    | 2019-10-15 00:11:45,730 INFO server.RaftServerConfigKeys: raft.server.snapshot.auto.trigger.enabled = true (custom)
grafana_1     | t=2019-10-15T00:11:39+0000 lvl=info msg="Executing migration" logger=migrator id="drop dashboard_provisioning_tmp_qwerty"
scm_1         | WARNING: Please consider reporting this to the maintainers of org.apache.ratis.thirdparty.com.google.protobuf.UnsafeUtil
datanode_3    | 2019-10-15 00:11:46,394 INFO server.RaftServerConfigKeys: raft.server.snapshot.auto.trigger.enabled = true (custom)
datanode_2    | 2019-10-15 00:11:47,156 INFO server.RaftServerConfigKeys: raft.server.log.corruption.policy = EXCEPTION (default)
om_1          | 2019-10-15 00:12:09,350 [IPC Server handler 11 on 9862] INFO       - created volume:vol-7-15780 for user:hadoop
datanode_1    | 2019-10-15 00:11:45,731 INFO server.RaftServerConfigKeys: raft.server.snapshot.auto.trigger.threshold = 10000 (custom)
grafana_1     | t=2019-10-15T00:11:39+0000 lvl=info msg="Executing migration" logger=migrator id="Add check_sum column"
scm_1         | WARNING: Use --illegal-access=warn to enable warnings of further illegal reflective access operations
datanode_3    | 2019-10-15 00:11:46,395 INFO server.RaftServerConfigKeys: raft.server.snapshot.auto.trigger.threshold = 10000 (custom)
datanode_2    | 2019-10-15 00:11:47,156 INFO storage.RaftStorageDirectory: The storage directory /data/metadata/ratis/1da3f4a0-4d1c-4172-9934-25b837bc8ac8 does not exist. Creating ...
om_1          | 2019-10-15 00:12:09,351 [IPC Server handler 12 on 9862] INFO       - created volume:vol-1-20959 for user:hadoop
datanode_1    | 2019-10-15 00:11:45,731 INFO server.RaftServerConfigKeys: raft.server.snapshot.retention.file.num = 5 (custom)
grafana_1     | t=2019-10-15T00:11:39+0000 lvl=info msg="Executing migration" logger=migrator id="create data_source table"
scm_1         | WARNING: All illegal access operations will be denied in a future release
datanode_3    | 2019-10-15 00:11:46,396 INFO server.RaftServerConfigKeys: raft.server.snapshot.retention.file.num = 5 (custom)
datanode_2    | 2019-10-15 00:11:50,175 INFO impl.RaftServerProxy: c869ff53-9ce9-4896-82e3-352c5e0a8f88: addNew group-3FDCC4BC8687:[927f8584-ea0b-40f9-aa25-8690f75feaf3:172.18.0.8:9858, c869ff53-9ce9-4896-82e3-352c5e0a8f88:172.18.0.11:9858, bc22e0bf-c61c-4ffb-8b98-ca60d30193a6:172.18.0.10:9858] returns group-3FDCC4BC8687:java.util.concurrent.CompletableFuture@79140979[Not completed]
om_1          | 2019-10-15 00:12:09,352 [IPC Server handler 13 on 9862] INFO       - created volume:vol-4-76786 for user:hadoop
datanode_1    | 2019-10-15 00:11:45,732 INFO server.RaftServerConfigKeys: raft.server.retrycache.expirytime = 600000ms (custom)
grafana_1     | t=2019-10-15T00:11:39+0000 lvl=info msg="Executing migration" logger=migrator id="add index data_source.account_id"
datanode_2    | 2019-10-15 00:11:50,886 INFO storage.RaftStorageDirectory: Lock on /data/metadata/ratis/1da3f4a0-4d1c-4172-9934-25b837bc8ac8/in_use.lock acquired by nodename 7@c6d8c16e9753
om_1          | 2019-10-15 00:12:09,353 [IPC Server handler 14 on 9862] INFO       - created volume:vol-6-30616 for user:hadoop
datanode_1    | 2019-10-15 00:11:45,757 INFO impl.RaftServerImpl: 927f8584-ea0b-40f9-aa25-8690f75feaf3@group-5186BA88EE4B: start as a follower, conf=-1: [927f8584-ea0b-40f9-aa25-8690f75feaf3:172.18.0.8:9858], old=null
grafana_1     | t=2019-10-15T00:11:39+0000 lvl=info msg="Executing migration" logger=migrator id="add unique index data_source.account_id_name"
scm_1         | 2019-10-15 00:11:45,539 INFO net.NetworkTopology: Added a new node: /default-rack/bc22e0bf-c61c-4ffb-8b98-ca60d30193a6
datanode_3    | 2019-10-15 00:11:46,396 INFO server.RaftServerConfigKeys: raft.server.retrycache.expirytime = 600000ms (custom)
datanode_2    | 2019-10-15 00:11:51,831 INFO storage.RaftStorage: Storage directory /data/metadata/ratis/1da3f4a0-4d1c-4172-9934-25b837bc8ac8 has been successfully formatted.
om_1          | 2019-10-15 00:12:09,355 [IPC Server handler 17 on 9862] INFO       - created volume:vol-9-13317 for user:hadoop
grafana_1     | t=2019-10-15T00:11:39+0000 lvl=info msg="Executing migration" logger=migrator id="drop index IDX_data_source_account_id - v1"
datanode_1    | 2019-10-15 00:11:45,758 INFO impl.RaftServerImpl: 927f8584-ea0b-40f9-aa25-8690f75feaf3@group-5186BA88EE4B: changes role from      null to FOLLOWER at term 0 for startAsFollower
scm_1         | 2019-10-15 00:11:45,539 INFO node.SCMNodeManager: Registered Data node : bc22e0bf-c61c-4ffb-8b98-ca60d30193a6{ip: 172.18.0.10, host: ozoneperf_datanode_3.ozoneperf_default, networkLocation: /default-rack, certSerialId: null}
datanode_2    | 2019-10-15 00:11:51,832 [pool-8-thread-1] INFO       - group-25B837BC8AC8: The snapshot info is null. Setting the last applied indexto:(t:0, i:~)
datanode_3    | 2019-10-15 00:11:46,435 INFO impl.RaftServerImpl: bc22e0bf-c61c-4ffb-8b98-ca60d30193a6@group-50B8D762B0FE: start as a follower, conf=-1: [bc22e0bf-c61c-4ffb-8b98-ca60d30193a6:172.18.0.10:9858], old=null
om_1          | 2019-10-15 00:12:09,358 [IPC Server handler 16 on 9862] INFO       - created volume:vol-8-50164 for user:hadoop
grafana_1     | t=2019-10-15T00:11:39+0000 lvl=info msg="Executing migration" logger=migrator id="drop index UQE_data_source_account_id_name - v1"
datanode_1    | 2019-10-15 00:11:45,759 INFO impl.RoleInfo: 927f8584-ea0b-40f9-aa25-8690f75feaf3: start FollowerState
scm_1         | 2019-10-15 00:11:45,861 INFO pipeline.PipelineStateManager: Created pipeline Pipeline[ Id: a0ac4927-537c-447f-8ada-5186ba88ee4b, Nodes: 927f8584-ea0b-40f9-aa25-8690f75feaf3{ip: 172.18.0.8, host: ozoneperf_datanode_1.ozoneperf_default, networkLocation: /default-rack, certSerialId: null}, Type:RATIS, Factor:ONE, State:OPEN]
datanode_2    | 2019-10-15 00:11:51,832 INFO server.RaftServerConfigKeys: raft.server.notification.no-leader.timeout = 120s (custom)
datanode_3    | 2019-10-15 00:11:46,437 INFO impl.RaftServerImpl: bc22e0bf-c61c-4ffb-8b98-ca60d30193a6@group-50B8D762B0FE: changes role from      null to FOLLOWER at term 0 for startAsFollower
grafana_1     | t=2019-10-15T00:11:39+0000 lvl=info msg="Executing migration" logger=migrator id="Rename table data_source to data_source_v1 - v1"
om_1          | 2019-10-15 00:12:09,359 [IPC Server handler 18 on 9862] INFO       - created volume:vol-2-33707 for user:hadoop
datanode_1    | 2019-10-15 00:11:45,764 INFO util.JmxRegister: Successfully registered JMX Bean with object name Ratis:service=RaftServer,group=group-5186BA88EE4B,id=927f8584-ea0b-40f9-aa25-8690f75feaf3
scm_1         | 2019-10-15 00:11:46,340 INFO net.NetworkTopology: Added a new node: /default-rack/c869ff53-9ce9-4896-82e3-352c5e0a8f88
datanode_2    | 2019-10-15 00:11:51,832 INFO server.RaftServerConfigKeys: raft.server.log.use.memory = false (default)
datanode_3    | 2019-10-15 00:11:46,438 INFO impl.RoleInfo: bc22e0bf-c61c-4ffb-8b98-ca60d30193a6: start FollowerState
grafana_1     | t=2019-10-15T00:11:39+0000 lvl=info msg="Executing migration" logger=migrator id="create data_source table v2"
datanode_1    | 2019-10-15 00:11:47,153 INFO impl.RaftServerProxy: 927f8584-ea0b-40f9-aa25-8690f75feaf3: addNew group-25B837BC8AC8:[927f8584-ea0b-40f9-aa25-8690f75feaf3:172.18.0.8:9858, c869ff53-9ce9-4896-82e3-352c5e0a8f88:172.18.0.11:9858, bc22e0bf-c61c-4ffb-8b98-ca60d30193a6:172.18.0.10:9858] returns group-25B837BC8AC8:java.util.concurrent.CompletableFuture@7035e20[Not completed]
scm_1         | 2019-10-15 00:11:46,341 INFO node.SCMNodeManager: Registered Data node : c869ff53-9ce9-4896-82e3-352c5e0a8f88{ip: 172.18.0.11, host: ozoneperf_datanode_2.ozoneperf_default, networkLocation: /default-rack, certSerialId: null}
datanode_2    | 2019-10-15 00:11:51,833 INFO server.RaftServerConfigKeys: raft.server.log.purge.gap = 1000000 (custom)
datanode_3    | 2019-10-15 00:11:46,444 INFO util.JmxRegister: Successfully registered JMX Bean with object name Ratis:service=RaftServer,group=group-50B8D762B0FE,id=bc22e0bf-c61c-4ffb-8b98-ca60d30193a6
grafana_1     | t=2019-10-15T00:11:39+0000 lvl=info msg="Executing migration" logger=migrator id="create index IDX_data_source_org_id - v2"
datanode_1    | 2019-10-15 00:11:47,156 INFO impl.RaftServerImpl: 927f8584-ea0b-40f9-aa25-8690f75feaf3: new RaftServerImpl for group-25B837BC8AC8:[927f8584-ea0b-40f9-aa25-8690f75feaf3:172.18.0.8:9858, c869ff53-9ce9-4896-82e3-352c5e0a8f88:172.18.0.11:9858, bc22e0bf-c61c-4ffb-8b98-ca60d30193a6:172.18.0.10:9858] with ContainerStateMachine:uninitialized
scm_1         | 2019-10-15 00:11:46,536 INFO pipeline.PipelineStateManager: Created pipeline Pipeline[ Id: 7404edf0-c962-4331-806d-50b8d762b0fe, Nodes: bc22e0bf-c61c-4ffb-8b98-ca60d30193a6{ip: 172.18.0.10, host: ozoneperf_datanode_3.ozoneperf_default, networkLocation: /default-rack, certSerialId: null}, Type:RATIS, Factor:ONE, State:OPEN]
datanode_2    | 2019-10-15 00:11:51,833 INFO server.RaftServerConfigKeys: raft.server.log.appender.buffer.byte-limit = 33554432 (custom)
datanode_3    | 2019-10-15 00:11:47,139 INFO impl.RaftServerProxy: bc22e0bf-c61c-4ffb-8b98-ca60d30193a6: addNew group-25B837BC8AC8:[927f8584-ea0b-40f9-aa25-8690f75feaf3:172.18.0.8:9858, c869ff53-9ce9-4896-82e3-352c5e0a8f88:172.18.0.11:9858, bc22e0bf-c61c-4ffb-8b98-ca60d30193a6:172.18.0.10:9858] returns group-25B837BC8AC8:java.util.concurrent.CompletableFuture@357e8bf1[Not completed]
grafana_1     | t=2019-10-15T00:11:39+0000 lvl=info msg="Executing migration" logger=migrator id="create index UQE_data_source_org_id_name - v2"
datanode_1    | 2019-10-15 00:11:47,156 INFO server.RaftServerConfigKeys: raft.server.rpc.timeout.min = 5s (custom)
scm_1         | 2019-10-15 00:11:47,101 INFO pipeline.PipelineStateManager: Created pipeline Pipeline[ Id: 917a5943-4719-4ee7-877c-1073ddb4e6a2, Nodes: c869ff53-9ce9-4896-82e3-352c5e0a8f88{ip: 172.18.0.11, host: ozoneperf_datanode_2.ozoneperf_default, networkLocation: /default-rack, certSerialId: null}, Type:RATIS, Factor:ONE, State:OPEN]
datanode_2    | 2019-10-15 00:11:51,833 INFO server.RaftServerConfigKeys: raft.server.log.segment.size.max = 1048576 (custom)
datanode_3    | 2019-10-15 00:11:47,142 INFO impl.RaftServerImpl: bc22e0bf-c61c-4ffb-8b98-ca60d30193a6: new RaftServerImpl for group-25B837BC8AC8:[927f8584-ea0b-40f9-aa25-8690f75feaf3:172.18.0.8:9858, c869ff53-9ce9-4896-82e3-352c5e0a8f88:172.18.0.11:9858, bc22e0bf-c61c-4ffb-8b98-ca60d30193a6:172.18.0.10:9858] with ContainerStateMachine:uninitialized
grafana_1     | t=2019-10-15T00:11:39+0000 lvl=info msg="Executing migration" logger=migrator id="copy data_source v1 to v2"
datanode_1    | 2019-10-15 00:11:47,156 INFO server.RaftServerConfigKeys: raft.server.rpc.timeout.max = 5200ms (custom)
scm_1         | 2019-10-15 00:11:50,124 ERROR pipeline.RatisPipelineProvider: Failed invoke Ratis rpc org.apache.hadoop.hdds.scm.pipeline.RatisPipelineProvider$$Lambda$173/0x00000008403c9c40@3cc29d74 for bc22e0bf-c61c-4ffb-8b98-ca60d30193a6
datanode_2    | 2019-10-15 00:11:51,834 INFO server.RaftServerConfigKeys: raft.server.log.segment.cache.num.max = 2 (custom)
datanode_3    | 2019-10-15 00:11:47,143 INFO server.RaftServerConfigKeys: raft.server.rpc.timeout.min = 5s (custom)
grafana_1     | t=2019-10-15T00:11:39+0000 lvl=info msg="Executing migration" logger=migrator id="Drop old table data_source_v1 #2"
datanode_1    | 2019-10-15 00:11:47,156 INFO server.RaftServerConfigKeys: raft.server.rpcslowness.timeout = 120s (custom)
scm_1         | org.apache.ratis.protocol.TimeoutIOException: deadline exceeded after 2998167230ns
datanode_2    | 2019-10-15 00:11:51,834 INFO segmented.SegmentedRaftLogWorker: new c869ff53-9ce9-4896-82e3-352c5e0a8f88@group-25B837BC8AC8-SegmentedRaftLogWorker for RaftStorage:Storage Directory /data/metadata/ratis/1da3f4a0-4d1c-4172-9934-25b837bc8ac8
datanode_3    | 2019-10-15 00:11:47,143 INFO server.RaftServerConfigKeys: raft.server.rpc.timeout.max = 5200ms (custom)
grafana_1     | t=2019-10-15T00:11:39+0000 lvl=info msg="Executing migration" logger=migrator id="Add column with_credentials"
datanode_1    | 2019-10-15 00:11:47,156 INFO server.RaftServerConfigKeys: raft.server.sleep.deviation.threshold = 300 (default)
scm_1         | 	at org.apache.ratis.grpc.GrpcUtil.tryUnwrapException(GrpcUtil.java:82)
grafana_1     | t=2019-10-15T00:11:39+0000 lvl=info msg="Executing migration" logger=migrator id="Add secure json data column"
datanode_3    | 2019-10-15 00:11:47,143 INFO server.RaftServerConfigKeys: raft.server.rpcslowness.timeout = 120s (custom)
datanode_1    | 2019-10-15 00:11:47,156 INFO server.RaftServerConfigKeys: raft.server.log.appender.install.snapshot.enabled = false (custom)
scm_1         | 	at org.apache.ratis.grpc.GrpcUtil.unwrapException(GrpcUtil.java:75)
datanode_2    | 2019-10-15 00:11:51,834 INFO server.RaftServerConfigKeys: raft.server.log.queue.byte-limit = 2147483647 (custom)
grafana_1     | t=2019-10-15T00:11:39+0000 lvl=info msg="Executing migration" logger=migrator id="Update data_source table charset"
datanode_3    | 2019-10-15 00:11:47,143 INFO server.RaftServerConfigKeys: raft.server.sleep.deviation.threshold = 300 (default)
scm_1         | 	at org.apache.ratis.grpc.client.GrpcClientProtocolClient.blockingCall(GrpcClientProtocolClient.java:184)
datanode_1    | 2019-10-15 00:11:47,156 INFO impl.RaftServerImpl: 927f8584-ea0b-40f9-aa25-8690f75feaf3@group-25B837BC8AC8: ConfigurationManager, init=-1: [927f8584-ea0b-40f9-aa25-8690f75feaf3:172.18.0.8:9858, c869ff53-9ce9-4896-82e3-352c5e0a8f88:172.18.0.11:9858, bc22e0bf-c61c-4ffb-8b98-ca60d30193a6:172.18.0.10:9858], old=null, confs=<EMPTY_MAP>
grafana_1     | t=2019-10-15T00:11:39+0000 lvl=info msg="Executing migration" logger=migrator id="Update initial version to 1"
datanode_3    | 2019-10-15 00:11:47,143 INFO server.RaftServerConfigKeys: raft.server.log.appender.install.snapshot.enabled = false (custom)
datanode_2    | 2019-10-15 00:11:51,835 INFO server.RaftServerConfigKeys: raft.server.log.queue.element-limit = 1024 (custom)
scm_1         | 	at org.apache.ratis.grpc.client.GrpcClientProtocolClient.groupAdd(GrpcClientProtocolClient.java:153)
