datanode_1  | WARNING: All illegal access operations will be denied in a future release
om_1        | 2019-10-15 00:12:34,970 INFO util.log: Logging initialized @2626ms
datanode_3  | 2019-10-15 00:12:35,894 INFO server.RaftServerConfigKeys: raft.server.log.purge.gap = 1000000 (custom)
scm_1       | 2019-10-15 00:12:29,817 INFO net.NodeSchemaLoader: Loading file from java.lang.CompoundEnumeration@51c693d
datanode_2  | 2019-10-15 00:12:33,813 INFO impl.RaftServerProxy: cf075e7c-8700-4bf0-8da9-0c224156fed1: start RPC server
datanode_1  | 2019-10-15 00:12:37,093 INFO impl.RaftServerProxy: be846e54-340f-48df-8858-3e54065294b1: addNew group-2D4F5606A8B3:[be846e54-340f-48df-8858-3e54065294b1:172.18.0.9:9858] returns group-2D4F5606A8B3:java.util.concurrent.CompletableFuture@10e9e471[Not completed]
om_1        | 2019-10-15 00:12:35,066 INFO db.DBStoreBuilder: using custom profile for table: userTable
datanode_3  | 2019-10-15 00:12:35,894 INFO server.RaftServerConfigKeys: raft.server.log.appender.buffer.byte-limit = 33554432 (custom)
scm_1       | 2019-10-15 00:12:29,819 INFO net.NodeSchemaLoader: Loading network topology layer schema file
datanode_2  | 2019-10-15 00:12:33,931 INFO server.GrpcService: cf075e7c-8700-4bf0-8da9-0c224156fed1: GrpcService started, listening on 0.0.0.0/0.0.0.0:9858
datanode_1  | 2019-10-15 00:12:37,116 INFO impl.RaftServerImpl: be846e54-340f-48df-8858-3e54065294b1: new RaftServerImpl for group-2D4F5606A8B3:[be846e54-340f-48df-8858-3e54065294b1:172.18.0.9:9858] with ContainerStateMachine:uninitialized
om_1        | 2019-10-15 00:12:35,066 INFO db.DBStoreBuilder: Using default column profile:DBProfile.DISK for Table:userTable
datanode_3  | 2019-10-15 00:12:35,896 INFO server.RaftServerConfigKeys: raft.server.log.segment.size.max = 1048576 (custom)
scm_1       | 2019-10-15 00:12:29,933 INFO node.SCMNodeManager: Entering startup safe mode.
datanode_2  | WARNING: An illegal reflective access operation has occurred
datanode_1  | 2019-10-15 00:12:37,118 INFO server.RaftServerConfigKeys: raft.server.rpc.timeout.min = 5s (custom)
om_1        | 2019-10-15 00:12:35,067 INFO db.DBStoreBuilder: using custom profile for table: volumeTable
datanode_3  | 2019-10-15 00:12:35,897 WARN impl.MetricsSystemImpl: HddsDatanode metrics system already initialized!
scm_1       | 2019-10-15 00:12:30,085 INFO algorithms.ContainerPlacementPolicyFactory: Create container placement policy of type org.apache.hadoop.hdds.scm.container.placement.algorithms.SCMContainerPlacementRandom
datanode_2  | WARNING: Illegal reflective access by org.apache.ratis.thirdparty.com.google.protobuf.UnsafeUtil (file:/opt/hadoop/share/ozone/lib/ratis-thirdparty-misc-0.2.0.jar) to field java.nio.Buffer.address
om_1        | 2019-10-15 00:12:35,067 INFO db.DBStoreBuilder: Using default column profile:DBProfile.DISK for Table:volumeTable
datanode_1  | 2019-10-15 00:12:37,118 INFO server.RaftServerConfigKeys: raft.server.rpc.timeout.max = 5200ms (custom)
datanode_3  | 2019-10-15 00:12:35,902 INFO metrics.MetricRegistries: Loaded MetricRegistries class org.apache.ratis.metrics.impl.MetricRegistriesImpl
scm_1       | 2019-10-15 00:12:30,097 WARN server.ServerUtils: ozone.scm.db.dirs is not configured. We recommend adding this setting. Falling back to ozone.metadata.dirs instead.
datanode_2  | WARNING: Please consider reporting this to the maintainers of org.apache.ratis.thirdparty.com.google.protobuf.UnsafeUtil
om_1        | 2019-10-15 00:12:35,067 INFO db.DBStoreBuilder: using custom profile for table: bucketTable
datanode_1  | 2019-10-15 00:12:37,118 INFO server.RaftServerConfigKeys: raft.server.rpcslowness.timeout = 120s (custom)
datanode_3  | 2019-10-15 00:12:35,935 INFO server.RaftServerConfigKeys: raft.server.log.segment.cache.num.max = 2 (custom)
scm_1       | 2019-10-15 00:12:30,168 INFO pipeline.SCMPipelineManager: No pipeline exists in current db
om_1        | 2019-10-15 00:12:35,067 INFO db.DBStoreBuilder: Using default column profile:DBProfile.DISK for Table:bucketTable
datanode_2  | WARNING: Use --illegal-access=warn to enable warnings of further illegal reflective access operations
datanode_1  | 2019-10-15 00:12:37,119 INFO server.RaftServerConfigKeys: raft.server.sleep.deviation.threshold = 300 (default)
datanode_3  | 2019-10-15 00:12:35,940 INFO segmented.SegmentedRaftLogWorker: new dce3ce6c-64eb-49da-af80-8201d8a6b1b3@group-A917B0AA31EA-SegmentedRaftLogWorker for RaftStorage:Storage Directory /data/metadata/ratis/15a5b2cd-6957-46b2-ba4b-a917b0aa31ea
scm_1       | 2019-10-15 00:12:30,170 WARN server.ServerUtils: ozone.scm.db.dirs is not configured. We recommend adding this setting. Falling back to ozone.metadata.dirs instead.
om_1        | 2019-10-15 00:12:35,067 INFO db.DBStoreBuilder: using custom profile for table: keyTable
datanode_2  | WARNING: All illegal access operations will be denied in a future release
datanode_1  | 2019-10-15 00:12:37,120 INFO server.RaftServerConfigKeys: raft.server.log.appender.install.snapshot.enabled = false (custom)
datanode_3  | 2019-10-15 00:12:35,940 INFO server.RaftServerConfigKeys: raft.server.log.queue.byte-limit = 2147483647 (custom)
scm_1       | 2019-10-15 00:12:30,276 WARN events.EventQueue: No event handler registered for event TypedEvent{payloadType=SafeModeStatus, name='SafeModeStatus'}
om_1        | 2019-10-15 00:12:35,067 INFO db.DBStoreBuilder: Using default column profile:DBProfile.DISK for Table:keyTable
datanode_2  | 2019-10-15 00:12:36,410 INFO impl.RaftServerProxy: cf075e7c-8700-4bf0-8da9-0c224156fed1: addNew group-2B6DC9B9BB16:[cf075e7c-8700-4bf0-8da9-0c224156fed1:172.18.0.6:9858] returns group-2B6DC9B9BB16:java.util.concurrent.CompletableFuture@758b189b[Not completed]
datanode_1  | 2019-10-15 00:12:37,128 INFO impl.RaftServerImpl: be846e54-340f-48df-8858-3e54065294b1@group-2D4F5606A8B3: ConfigurationManager, init=-1: [be846e54-340f-48df-8858-3e54065294b1:172.18.0.9:9858], old=null, confs=<EMPTY_MAP>
datanode_3  | 2019-10-15 00:12:35,941 INFO server.RaftServerConfigKeys: raft.server.log.queue.element-limit = 1024 (custom)
scm_1       | 2019-10-15 00:12:31,056 INFO ipc.CallQueueManager: Using callQueue: class java.util.concurrent.LinkedBlockingQueue, queueCapacity: 1000, scheduler: class org.apache.hadoop.ipc.DefaultRpcScheduler, ipcBackoff: false.
om_1        | 2019-10-15 00:12:35,067 INFO db.DBStoreBuilder: using custom profile for table: deletedTable
datanode_2  | 2019-10-15 00:12:36,438 INFO impl.RaftServerImpl: cf075e7c-8700-4bf0-8da9-0c224156fed1: new RaftServerImpl for group-2B6DC9B9BB16:[cf075e7c-8700-4bf0-8da9-0c224156fed1:172.18.0.6:9858] with ContainerStateMachine:uninitialized
datanode_3  | 2019-10-15 00:12:35,942 INFO server.RaftServerConfigKeys: raft.server.log.segment.size.max = 1048576 (custom)
datanode_1  | 2019-10-15 00:12:37,128 INFO server.RaftServerConfigKeys: raft.server.storage.dir = [/data/metadata/ratis] (custom)
scm_1       | 2019-10-15 00:12:31,089 INFO ipc.Server: Starting Socket Reader #1 for port 9861
om_1        | 2019-10-15 00:12:35,067 INFO db.DBStoreBuilder: Using default column profile:DBProfile.DISK for Table:deletedTable
datanode_2  | 2019-10-15 00:12:36,440 INFO server.RaftServerConfigKeys: raft.server.rpc.timeout.min = 5s (custom)
datanode_3  | 2019-10-15 00:12:35,942 INFO server.RaftServerConfigKeys: raft.server.log.preallocated.size = 16384 (custom)
datanode_1  | 2019-10-15 00:12:37,135 INFO server.RaftServerConfigKeys: raft.server.log.corruption.policy = EXCEPTION (default)
scm_1       | 2019-10-15 00:12:31,132 INFO ipc.CallQueueManager: Using callQueue: class java.util.concurrent.LinkedBlockingQueue, queueCapacity: 1000, scheduler: class org.apache.hadoop.ipc.DefaultRpcScheduler, ipcBackoff: false.
om_1        | 2019-10-15 00:12:35,068 INFO db.DBStoreBuilder: using custom profile for table: openKeyTable
datanode_2  | 2019-10-15 00:12:36,441 INFO server.RaftServerConfigKeys: raft.server.rpc.timeout.max = 5200ms (custom)
datanode_3  | 2019-10-15 00:12:35,942 INFO server.RaftServerConfigKeys: raft.server.log.write.buffer.size = 33554432 (custom)
datanode_1  | 2019-10-15 00:12:37,136 INFO storage.RaftStorageDirectory: The storage directory /data/metadata/ratis/386cc23b-1822-498e-b32e-2d4f5606a8b3 does not exist. Creating ...
scm_1       | 2019-10-15 00:12:31,133 INFO ipc.Server: Starting Socket Reader #1 for port 9863
om_1        | 2019-10-15 00:12:35,068 INFO db.DBStoreBuilder: Using default column profile:DBProfile.DISK for Table:openKeyTable
datanode_2  | 2019-10-15 00:12:36,441 INFO server.RaftServerConfigKeys: raft.server.rpcslowness.timeout = 120s (custom)
datanode_1  | 2019-10-15 00:12:37,164 INFO storage.RaftStorageDirectory: Lock on /data/metadata/ratis/386cc23b-1822-498e-b32e-2d4f5606a8b3/in_use.lock acquired by nodename 7@32d43eae0ec7
datanode_3  | 2019-10-15 00:12:35,943 INFO server.RaftServerConfigKeys: raft.server.log.force.sync.num = 128 (default)
om_1        | 2019-10-15 00:12:35,068 INFO db.DBStoreBuilder: using custom profile for table: s3Table
datanode_2  | 2019-10-15 00:12:36,442 INFO server.RaftServerConfigKeys: raft.server.sleep.deviation.threshold = 300 (default)
datanode_3  | 2019-10-15 00:12:35,944 INFO server.RaftServerConfigKeys: raft.server.log.statemachine.data.sync = true (default)
om_1        | 2019-10-15 00:12:35,068 INFO db.DBStoreBuilder: Using default column profile:DBProfile.DISK for Table:s3Table
datanode_1  | 2019-10-15 00:12:37,191 INFO storage.RaftStorage: Storage directory /data/metadata/ratis/386cc23b-1822-498e-b32e-2d4f5606a8b3 has been successfully formatted.
scm_1       | 2019-10-15 00:12:31,146 INFO ipc.CallQueueManager: Using callQueue: class java.util.concurrent.LinkedBlockingQueue, queueCapacity: 1000, scheduler: class org.apache.hadoop.ipc.DefaultRpcScheduler, ipcBackoff: false.
datanode_2  | 2019-10-15 00:12:36,443 INFO server.RaftServerConfigKeys: raft.server.log.appender.install.snapshot.enabled = false (custom)
datanode_3  | 2019-10-15 00:12:35,944 INFO server.RaftServerConfigKeys: raft.server.log.statemachine.data.sync.timeout = 10s (default)
om_1        | 2019-10-15 00:12:35,068 INFO db.DBStoreBuilder: using custom profile for table: multipartInfoTable
scm_1       | 2019-10-15 00:12:31,147 INFO ipc.Server: Starting Socket Reader #1 for port 9860
datanode_2  | 2019-10-15 00:12:36,450 INFO impl.RaftServerImpl: cf075e7c-8700-4bf0-8da9-0c224156fed1@group-2B6DC9B9BB16: ConfigurationManager, init=-1: [cf075e7c-8700-4bf0-8da9-0c224156fed1:172.18.0.6:9858], old=null, confs=<EMPTY_MAP>
datanode_1  | 2019-10-15 00:12:37,196 [pool-8-thread-1] INFO       - group-2D4F5606A8B3: The snapshot info is null. Setting the last applied indexto:(t:0, i:~)
datanode_3  | 2019-10-15 00:12:35,944 INFO server.RaftServerConfigKeys: raft.server.log.statemachine.data.sync.timeout.retry = -1 (default)
om_1        | 2019-10-15 00:12:35,068 INFO db.DBStoreBuilder: Using default column profile:DBProfile.DISK for Table:multipartInfoTable
scm_1       | 2019-10-15 00:12:31,196 INFO hdfs.DFSUtil: Starting Web-server for scm at: http://0.0.0.0:9876
datanode_2  | 2019-10-15 00:12:36,451 INFO server.RaftServerConfigKeys: raft.server.storage.dir = [/data/metadata/ratis] (custom)
datanode_1  | 2019-10-15 00:12:37,197 INFO server.RaftServerConfigKeys: raft.server.notification.no-leader.timeout = 120s (custom)
om_1        | 2019-10-15 00:12:35,068 INFO db.DBStoreBuilder: using custom profile for table: dTokenTable
datanode_3  | 2019-10-15 00:12:35,954 INFO server.RaftServerConfigKeys: raft.server.log.statemachine.data.caching.enabled = true (custom)
scm_1       | 2019-10-15 00:12:31,384 INFO server.AuthenticationFilter: Unable to initialize FileSignerSecretProvider, falling back to use random secrets.
datanode_2  | 2019-10-15 00:12:36,456 INFO server.RaftServerConfigKeys: raft.server.log.corruption.policy = EXCEPTION (default)
datanode_1  | 2019-10-15 00:12:37,199 INFO server.RaftServerConfigKeys: raft.server.log.use.memory = false (default)
om_1        | 2019-10-15 00:12:35,069 INFO db.DBStoreBuilder: Using default column profile:DBProfile.DISK for Table:dTokenTable
datanode_3  | 2019-10-15 00:12:35,958 INFO segmented.SegmentedRaftLogWorker: dce3ce6c-64eb-49da-af80-8201d8a6b1b3@group-A917B0AA31EA-SegmentedRaftLogWorker: flushIndex: setUnconditionally 0 -> -1
scm_1       | 2019-10-15 00:12:31,399 INFO http.HttpRequestLog: Http request log for http.requests.scm is not defined
datanode_2  | 2019-10-15 00:12:36,458 INFO storage.RaftStorageDirectory: The storage directory /data/metadata/ratis/6bb1abc8-04e0-48d2-8908-2b6dc9b9bb16 does not exist. Creating ...
datanode_1  | 2019-10-15 00:12:37,205 INFO server.RaftServerConfigKeys: raft.server.log.purge.gap = 1000000 (custom)
om_1        | 2019-10-15 00:12:35,069 INFO db.DBStoreBuilder: using custom profile for table: s3SecretTable
datanode_3  | 2019-10-15 00:12:35,962 INFO server.RaftServerConfigKeys: raft.server.snapshot.auto.trigger.enabled = true (custom)
scm_1       | 2019-10-15 00:12:31,406 INFO http.HttpServer2: Added global filter 'safety' (class=org.apache.hadoop.http.HttpServer2$QuotingInputFilter)
datanode_2  | 2019-10-15 00:12:36,475 INFO storage.RaftStorageDirectory: Lock on /data/metadata/ratis/6bb1abc8-04e0-48d2-8908-2b6dc9b9bb16/in_use.lock acquired by nodename 7@7bf812875b55
datanode_1  | 2019-10-15 00:12:37,205 INFO server.RaftServerConfigKeys: raft.server.log.appender.buffer.byte-limit = 33554432 (custom)
om_1        | 2019-10-15 00:12:35,069 INFO db.DBStoreBuilder: Using default column profile:DBProfile.DISK for Table:s3SecretTable
datanode_3  | 2019-10-15 00:12:35,963 INFO server.RaftServerConfigKeys: raft.server.snapshot.auto.trigger.threshold = 10000 (custom)
scm_1       | 2019-10-15 00:12:31,409 INFO http.HttpServer2: Added filter static_user_filter (class=org.apache.hadoop.http.lib.StaticUserWebFilter$StaticUserFilter) to context scm
datanode_1  | 2019-10-15 00:12:37,207 INFO server.RaftServerConfigKeys: raft.server.log.segment.size.max = 1048576 (custom)
om_1        | 2019-10-15 00:12:35,069 INFO db.DBStoreBuilder: using custom profile for table: prefixTable
datanode_3  | 2019-10-15 00:12:35,963 INFO server.RaftServerConfigKeys: raft.server.snapshot.retention.file.num = 5 (custom)
datanode_2  | 2019-10-15 00:12:36,500 INFO storage.RaftStorage: Storage directory /data/metadata/ratis/6bb1abc8-04e0-48d2-8908-2b6dc9b9bb16 has been successfully formatted.
scm_1       | 2019-10-15 00:12:31,409 INFO http.HttpServer2: Added filter static_user_filter (class=org.apache.hadoop.http.lib.StaticUserWebFilter$StaticUserFilter) to context static
datanode_1  | 2019-10-15 00:12:37,209 WARN impl.MetricsSystemImpl: HddsDatanode metrics system already initialized!
om_1        | 2019-10-15 00:12:35,069 INFO db.DBStoreBuilder: Using default column profile:DBProfile.DISK for Table:prefixTable
datanode_3  | 2019-10-15 00:12:35,963 INFO server.RaftServerConfigKeys: raft.server.retrycache.expirytime = 600000ms (custom)
datanode_1  | 2019-10-15 00:12:37,217 INFO metrics.MetricRegistries: Loaded MetricRegistries class org.apache.ratis.metrics.impl.MetricRegistriesImpl
scm_1       | 2019-10-15 00:12:31,409 INFO http.HttpServer2: Added filter static_user_filter (class=org.apache.hadoop.http.lib.StaticUserWebFilter$StaticUserFilter) to context logs
datanode_2  | 2019-10-15 00:12:36,505 [pool-8-thread-1] INFO       - group-2B6DC9B9BB16: The snapshot info is null. Setting the last applied indexto:(t:0, i:~)
om_1        | 2019-10-15 00:12:35,078 INFO db.DBStoreBuilder: using custom profile for table: default
datanode_3  | 2019-10-15 00:12:35,985 INFO impl.RaftServerImpl: dce3ce6c-64eb-49da-af80-8201d8a6b1b3@group-A917B0AA31EA: start as a follower, conf=-1: [dce3ce6c-64eb-49da-af80-8201d8a6b1b3:172.18.0.8:9858], old=null
datanode_1  | 2019-10-15 00:12:37,277 INFO server.RaftServerConfigKeys: raft.server.log.segment.cache.num.max = 2 (custom)
scm_1       | 2019-10-15 00:12:31,438 INFO server.StorageContainerManager: StorageContainerLocationProtocol RPC server is listening at /0.0.0.0:9860
datanode_2  | 2019-10-15 00:12:36,506 INFO server.RaftServerConfigKeys: raft.server.notification.no-leader.timeout = 120s (custom)
om_1        | 2019-10-15 00:12:35,078 INFO db.DBStoreBuilder: Using default column profile:DBProfile.DISK for Table:default
datanode_3  | 2019-10-15 00:12:35,986 INFO impl.RaftServerImpl: dce3ce6c-64eb-49da-af80-8201d8a6b1b3@group-A917B0AA31EA: changes role from      null to FOLLOWER at term 0 for startAsFollower
datanode_1  | 2019-10-15 00:12:37,284 INFO segmented.SegmentedRaftLogWorker: new be846e54-340f-48df-8858-3e54065294b1@group-2D4F5606A8B3-SegmentedRaftLogWorker for RaftStorage:Storage Directory /data/metadata/ratis/386cc23b-1822-498e-b32e-2d4f5606a8b3
scm_1       | 2019-10-15 00:12:31,525 INFO impl.MetricsConfig: Loaded properties from hadoop-metrics2.properties
datanode_2  | 2019-10-15 00:12:36,509 INFO server.RaftServerConfigKeys: raft.server.log.use.memory = false (default)
om_1        | 2019-10-15 00:12:35,079 INFO db.DBStoreBuilder: Using default options. DBProfile.DISK
datanode_3  | 2019-10-15 00:12:35,987 INFO impl.RoleInfo: dce3ce6c-64eb-49da-af80-8201d8a6b1b3: start FollowerState
datanode_1  | 2019-10-15 00:12:37,285 INFO server.RaftServerConfigKeys: raft.server.log.queue.byte-limit = 2147483647 (custom)
scm_1       | 2019-10-15 00:12:31,578 INFO impl.MetricsSystemImpl: Scheduled Metric snapshot period at 10 second(s).
datanode_2  | 2019-10-15 00:12:36,516 INFO server.RaftServerConfigKeys: raft.server.log.purge.gap = 1000000 (custom)
om_1        | 2019-10-15 00:12:35,611 INFO ipc.CallQueueManager: Using callQueue: class java.util.concurrent.LinkedBlockingQueue, queueCapacity: 2000, scheduler: class org.apache.hadoop.ipc.DefaultRpcScheduler, ipcBackoff: false.
datanode_3  | 2019-10-15 00:12:35,991 INFO util.JmxRegister: Successfully registered JMX Bean with object name Ratis:service=RaftServer,group=group-A917B0AA31EA,id=dce3ce6c-64eb-49da-af80-8201d8a6b1b3
datanode_1  | 2019-10-15 00:12:37,285 INFO server.RaftServerConfigKeys: raft.server.log.queue.element-limit = 1024 (custom)
datanode_2  | 2019-10-15 00:12:36,516 INFO server.RaftServerConfigKeys: raft.server.log.appender.buffer.byte-limit = 33554432 (custom)
scm_1       | 2019-10-15 00:12:31,579 INFO impl.MetricsSystemImpl: StorageContainerManager metrics system started
om_1        | 2019-10-15 00:12:35,624 INFO ipc.Server: Starting Socket Reader #1 for port 9862
datanode_3  | 2019-10-15 00:12:37,480 INFO impl.RaftServerProxy: dce3ce6c-64eb-49da-af80-8201d8a6b1b3: addNew group-415660CBF850:[be846e54-340f-48df-8858-3e54065294b1:172.18.0.9:9858, cf075e7c-8700-4bf0-8da9-0c224156fed1:172.18.0.6:9858, dce3ce6c-64eb-49da-af80-8201d8a6b1b3:172.18.0.8:9858] returns group-415660CBF850:java.util.concurrent.CompletableFuture@356a55a6[Not completed]
datanode_2  | 2019-10-15 00:12:36,519 INFO server.RaftServerConfigKeys: raft.server.log.segment.size.max = 1048576 (custom)
datanode_1  | 2019-10-15 00:12:37,287 INFO server.RaftServerConfigKeys: raft.server.log.segment.size.max = 1048576 (custom)
scm_1       | 2019-10-15 00:12:31,810 INFO server.SCMClientProtocolServer: RPC server for Client  is listening at /0.0.0.0:9860
om_1        | 2019-10-15 00:12:35,671 [main] INFO       - OzoneManager RPC server is listening at om/172.18.0.2:9862
datanode_3  | 2019-10-15 00:12:37,486 INFO impl.RaftServerImpl: dce3ce6c-64eb-49da-af80-8201d8a6b1b3: new RaftServerImpl for group-415660CBF850:[be846e54-340f-48df-8858-3e54065294b1:172.18.0.9:9858, cf075e7c-8700-4bf0-8da9-0c224156fed1:172.18.0.6:9858, dce3ce6c-64eb-49da-af80-8201d8a6b1b3:172.18.0.8:9858] with ContainerStateMachine:uninitialized
datanode_2  | 2019-10-15 00:12:36,521 WARN impl.MetricsSystemImpl: HddsDatanode metrics system already initialized!
datanode_1  | 2019-10-15 00:12:37,287 INFO server.RaftServerConfigKeys: raft.server.log.preallocated.size = 16384 (custom)
scm_1       | 2019-10-15 00:12:31,810 INFO ipc.Server: IPC Server Responder: starting
om_1        | 2019-10-15 00:12:35,765 INFO impl.MetricsConfig: Loaded properties from hadoop-metrics2.properties
datanode_2  | 2019-10-15 00:12:36,528 INFO metrics.MetricRegistries: Loaded MetricRegistries class org.apache.ratis.metrics.impl.MetricRegistriesImpl
datanode_3  | 2019-10-15 00:12:37,486 INFO server.RaftServerConfigKeys: raft.server.rpc.timeout.min = 5s (custom)
datanode_1  | 2019-10-15 00:12:37,288 INFO server.RaftServerConfigKeys: raft.server.log.write.buffer.size = 33554432 (custom)
scm_1       | 2019-10-15 00:12:31,811 INFO ipc.Server: IPC Server listener on 9860: starting
om_1        | 2019-10-15 00:12:35,810 INFO impl.MetricsSystemImpl: Scheduled Metric snapshot period at 10 second(s).
datanode_2  | 2019-10-15 00:12:36,584 INFO server.RaftServerConfigKeys: raft.server.log.segment.cache.num.max = 2 (custom)
datanode_3  | 2019-10-15 00:12:37,486 INFO server.RaftServerConfigKeys: raft.server.rpc.timeout.max = 5200ms (custom)
datanode_1  | 2019-10-15 00:12:37,288 INFO server.RaftServerConfigKeys: raft.server.log.force.sync.num = 128 (default)
scm_1       | 2019-10-15 00:12:31,813 INFO server.StorageContainerManager: ScmBlockLocationProtocol RPC server is listening at /0.0.0.0:9863
om_1        | 2019-10-15 00:12:35,810 INFO impl.MetricsSystemImpl: OzoneManager metrics system started
datanode_2  | 2019-10-15 00:12:36,591 INFO segmented.SegmentedRaftLogWorker: new cf075e7c-8700-4bf0-8da9-0c224156fed1@group-2B6DC9B9BB16-SegmentedRaftLogWorker for RaftStorage:Storage Directory /data/metadata/ratis/6bb1abc8-04e0-48d2-8908-2b6dc9b9bb16
datanode_3  | 2019-10-15 00:12:37,486 INFO server.RaftServerConfigKeys: raft.server.rpcslowness.timeout = 120s (custom)
datanode_1  | 2019-10-15 00:12:37,289 INFO server.RaftServerConfigKeys: raft.server.log.statemachine.data.sync = true (default)
scm_1       | 2019-10-15 00:12:31,814 INFO server.SCMBlockProtocolServer: RPC server for Block Protocol is listening at /0.0.0.0:9863
om_1        | 2019-10-15 00:12:35,859 INFO ipc.Server: IPC Server Responder: starting
datanode_2  | 2019-10-15 00:12:36,591 INFO server.RaftServerConfigKeys: raft.server.log.queue.byte-limit = 2147483647 (custom)
datanode_3  | 2019-10-15 00:12:37,487 INFO server.RaftServerConfigKeys: raft.server.sleep.deviation.threshold = 300 (default)
datanode_1  | 2019-10-15 00:12:37,290 INFO server.RaftServerConfigKeys: raft.server.log.statemachine.data.sync.timeout = 10s (default)
om_1        | 2019-10-15 00:12:35,859 INFO ipc.Server: IPC Server listener on 9862: starting
scm_1       | 2019-10-15 00:12:31,814 INFO ipc.Server: IPC Server Responder: starting
datanode_2  | 2019-10-15 00:12:36,592 INFO server.RaftServerConfigKeys: raft.server.log.queue.element-limit = 1024 (custom)
datanode_3  | 2019-10-15 00:12:37,487 INFO server.RaftServerConfigKeys: raft.server.log.appender.install.snapshot.enabled = false (custom)
datanode_1  | 2019-10-15 00:12:37,290 INFO server.RaftServerConfigKeys: raft.server.log.statemachine.data.sync.timeout.retry = -1 (default)
om_1        | 2019-10-15 00:12:35,893 INFO hdfs.DFSUtil: Starting Web-server for ozoneManager at: http://0.0.0.0:9874
scm_1       | 2019-10-15 00:12:31,814 INFO ipc.Server: IPC Server listener on 9863: starting
datanode_2  | 2019-10-15 00:12:36,593 INFO server.RaftServerConfigKeys: raft.server.log.segment.size.max = 1048576 (custom)
datanode_3  | 2019-10-15 00:12:37,487 INFO impl.RaftServerImpl: dce3ce6c-64eb-49da-af80-8201d8a6b1b3@group-415660CBF850: ConfigurationManager, init=-1: [be846e54-340f-48df-8858-3e54065294b1:172.18.0.9:9858, cf075e7c-8700-4bf0-8da9-0c224156fed1:172.18.0.6:9858, dce3ce6c-64eb-49da-af80-8201d8a6b1b3:172.18.0.8:9858], old=null, confs=<EMPTY_MAP>
datanode_1  | 2019-10-15 00:12:37,302 INFO server.RaftServerConfigKeys: raft.server.log.statemachine.data.caching.enabled = true (custom)
om_1        | 2019-10-15 00:12:36,014 INFO server.AuthenticationFilter: Unable to initialize FileSignerSecretProvider, falling back to use random secrets.
scm_1       | 2019-10-15 00:12:31,816 INFO server.StorageContainerManager: ScmDatanodeProtocl RPC server is listening at /0.0.0.0:9861
datanode_2  | 2019-10-15 00:12:36,593 INFO server.RaftServerConfigKeys: raft.server.log.preallocated.size = 16384 (custom)
datanode_3  | 2019-10-15 00:12:37,487 INFO server.RaftServerConfigKeys: raft.server.storage.dir = [/data/metadata/ratis] (custom)
datanode_1  | 2019-10-15 00:12:37,307 INFO segmented.SegmentedRaftLogWorker: be846e54-340f-48df-8858-3e54065294b1@group-2D4F5606A8B3-SegmentedRaftLogWorker: flushIndex: setUnconditionally 0 -> -1
om_1        | 2019-10-15 00:12:36,018 INFO http.HttpRequestLog: Http request log for http.requests.ozoneManager is not defined
scm_1       | 2019-10-15 00:12:31,816 INFO server.SCMDatanodeProtocolServer: RPC server for DataNodes is listening at /0.0.0.0:9861
datanode_2  | 2019-10-15 00:12:36,594 INFO server.RaftServerConfigKeys: raft.server.log.write.buffer.size = 33554432 (custom)
datanode_3  | 2019-10-15 00:12:37,488 INFO server.RaftServerConfigKeys: raft.server.log.corruption.policy = EXCEPTION (default)
datanode_1  | 2019-10-15 00:12:37,313 INFO server.RaftServerConfigKeys: raft.server.snapshot.auto.trigger.enabled = true (custom)
om_1        | 2019-10-15 00:12:36,026 INFO http.HttpServer2: Added global filter 'safety' (class=org.apache.hadoop.http.HttpServer2$QuotingInputFilter)
scm_1       | 2019-10-15 00:12:31,818 INFO ipc.Server: IPC Server Responder: starting
datanode_2  | 2019-10-15 00:12:36,594 INFO server.RaftServerConfigKeys: raft.server.log.force.sync.num = 128 (default)
datanode_3  | 2019-10-15 00:12:37,488 INFO storage.RaftStorageDirectory: The storage directory /data/metadata/ratis/451c8120-468b-4790-9caf-415660cbf850 does not exist. Creating ...
datanode_1  | 2019-10-15 00:12:37,314 INFO server.RaftServerConfigKeys: raft.server.snapshot.auto.trigger.threshold = 10000 (custom)
om_1        | 2019-10-15 00:12:36,028 INFO http.HttpServer2: Added filter static_user_filter (class=org.apache.hadoop.http.lib.StaticUserWebFilter$StaticUserFilter) to context ozoneManager
scm_1       | 2019-10-15 00:12:31,818 INFO ipc.Server: IPC Server listener on 9861: starting
datanode_2  | 2019-10-15 00:12:36,595 INFO server.RaftServerConfigKeys: raft.server.log.statemachine.data.sync = true (default)
datanode_3  | 2019-10-15 00:12:37,516 INFO storage.RaftStorageDirectory: Lock on /data/metadata/ratis/451c8120-468b-4790-9caf-415660cbf850/in_use.lock acquired by nodename 7@68e7a5513499
datanode_1  | 2019-10-15 00:12:37,315 INFO server.RaftServerConfigKeys: raft.server.snapshot.retention.file.num = 5 (custom)
om_1        | 2019-10-15 00:12:36,028 INFO http.HttpServer2: Added filter static_user_filter (class=org.apache.hadoop.http.lib.StaticUserWebFilter$StaticUserFilter) to context logs
scm_1       | 2019-10-15 00:12:31,821 INFO http.HttpServer2: Jetty bound to port 9876
datanode_2  | 2019-10-15 00:12:36,595 INFO server.RaftServerConfigKeys: raft.server.log.statemachine.data.sync.timeout = 10s (default)
datanode_3  | 2019-10-15 00:12:37,530 INFO storage.RaftStorage: Storage directory /data/metadata/ratis/451c8120-468b-4790-9caf-415660cbf850 has been successfully formatted.
om_1        | 2019-10-15 00:12:36,028 INFO http.HttpServer2: Added filter static_user_filter (class=org.apache.hadoop.http.lib.StaticUserWebFilter$StaticUserFilter) to context static
scm_1       | 2019-10-15 00:12:31,824 INFO server.Server: jetty-9.3.25.v20180904, build timestamp: 2018-09-04T21:11:46Z, git hash: 3ce520221d0240229c862b122d2b06c12a625732
datanode_3  | 2019-10-15 00:12:37,531 [pool-8-thread-1] INFO       - group-415660CBF850: The snapshot info is null. Setting the last applied indexto:(t:0, i:~)
datanode_2  | 2019-10-15 00:12:36,596 INFO server.RaftServerConfigKeys: raft.server.log.statemachine.data.sync.timeout.retry = -1 (default)
datanode_1  | 2019-10-15 00:12:37,316 INFO server.RaftServerConfigKeys: raft.server.retrycache.expirytime = 600000ms (custom)
om_1        | 2019-10-15 00:12:36,049 INFO http.HttpServer2: Jetty bound to port 9874
scm_1       | 2019-10-15 00:12:31,859 INFO handler.ContextHandler: Started o.e.j.s.ServletContextHandler@6ae7deac{/logs,file:///var/log/hadoop/,AVAILABLE}
datanode_3  | 2019-10-15 00:12:37,531 INFO server.RaftServerConfigKeys: raft.server.notification.no-leader.timeout = 120s (custom)
datanode_2  | 2019-10-15 00:12:36,607 INFO server.RaftServerConfigKeys: raft.server.log.statemachine.data.caching.enabled = true (custom)
datanode_1  | 2019-10-15 00:12:37,351 INFO impl.RaftServerImpl: be846e54-340f-48df-8858-3e54065294b1@group-2D4F5606A8B3: start as a follower, conf=-1: [be846e54-340f-48df-8858-3e54065294b1:172.18.0.9:9858], old=null
om_1        | 2019-10-15 00:12:36,050 INFO server.Server: jetty-9.3.25.v20180904, build timestamp: 2018-09-04T21:11:46Z, git hash: 3ce520221d0240229c862b122d2b06c12a625732
scm_1       | 2019-10-15 00:12:31,860 INFO handler.ContextHandler: Started o.e.j.s.ServletContextHandler@21fdfefc{/static,jar:file:/opt/hadoop/share/ozone/lib/hadoop-hdds-server-scm-0.5.0-SNAPSHOT.jar!/webapps/static,AVAILABLE}
datanode_3  | 2019-10-15 00:12:37,532 INFO server.RaftServerConfigKeys: raft.server.log.use.memory = false (default)
datanode_2  | 2019-10-15 00:12:36,612 INFO segmented.SegmentedRaftLogWorker: cf075e7c-8700-4bf0-8da9-0c224156fed1@group-2B6DC9B9BB16-SegmentedRaftLogWorker: flushIndex: setUnconditionally 0 -> -1
datanode_1  | 2019-10-15 00:12:37,352 INFO impl.RaftServerImpl: be846e54-340f-48df-8858-3e54065294b1@group-2D4F5606A8B3: changes role from      null to FOLLOWER at term 0 for startAsFollower
om_1        | 2019-10-15 00:12:36,078 INFO handler.ContextHandler: Started o.e.j.s.ServletContextHandler@169268a7{/logs,file:///var/log/hadoop/,AVAILABLE}
scm_1       | 2019-10-15 00:12:31,939 INFO handler.ContextHandler: Started o.e.j.w.WebAppContext@60783105{/,file:///tmp/jetty-0.0.0.0-9876-scm-_-any-1714637594986179433.dir/webapp/,AVAILABLE}{/scm}
datanode_2  | 2019-10-15 00:12:36,618 INFO server.RaftServerConfigKeys: raft.server.snapshot.auto.trigger.enabled = true (custom)
datanode_3  | 2019-10-15 00:12:37,532 INFO server.RaftServerConfigKeys: raft.server.log.purge.gap = 1000000 (custom)
datanode_1  | 2019-10-15 00:12:37,354 INFO impl.RoleInfo: be846e54-340f-48df-8858-3e54065294b1: start FollowerState
om_1        | 2019-10-15 00:12:36,079 INFO handler.ContextHandler: Started o.e.j.s.ServletContextHandler@313f8301{/static,jar:file:/opt/hadoop/share/ozone/lib/hadoop-ozone-ozone-manager-0.5.0-SNAPSHOT.jar!/webapps/static,AVAILABLE}
scm_1       | 2019-10-15 00:12:31,944 INFO server.AbstractConnector: Started ServerConnector@767191b1{HTTP/1.1,[http/1.1]}{0.0.0.0:9876}
datanode_2  | 2019-10-15 00:12:36,620 INFO server.RaftServerConfigKeys: raft.server.snapshot.auto.trigger.threshold = 10000 (custom)
datanode_3  | 2019-10-15 00:12:37,532 INFO server.RaftServerConfigKeys: raft.server.log.appender.buffer.byte-limit = 33554432 (custom)
om_1        | 2019-10-15 00:12:36,161 INFO handler.ContextHandler: Started o.e.j.w.WebAppContext@2b5c4f17{/,file:///tmp/jetty-0.0.0.0-9874-ozoneManager-_-any-12691598601632714432.dir/webapp/,AVAILABLE}{/ozoneManager}
scm_1       | 2019-10-15 00:12:31,944 INFO server.Server: Started @3947ms
datanode_2  | 2019-10-15 00:12:36,620 INFO server.RaftServerConfigKeys: raft.server.snapshot.retention.file.num = 5 (custom)
datanode_3  | 2019-10-15 00:12:37,532 INFO server.RaftServerConfigKeys: raft.server.log.segment.size.max = 1048576 (custom)
datanode_1  | 2019-10-15 00:12:37,359 INFO util.JmxRegister: Successfully registered JMX Bean with object name Ratis:service=RaftServer,group=group-2D4F5606A8B3,id=be846e54-340f-48df-8858-3e54065294b1
om_1        | 2019-10-15 00:12:36,168 INFO server.AbstractConnector: Started ServerConnector@6848a051{HTTP/1.1,[http/1.1]}{0.0.0.0:9874}
scm_1       | 2019-10-15 00:12:31,947 INFO impl.MetricsSinkAdapter: Sink prometheus started
datanode_2  | 2019-10-15 00:12:36,621 INFO server.RaftServerConfigKeys: raft.server.retrycache.expirytime = 600000ms (custom)
datanode_3  | 2019-10-15 00:12:37,533 INFO server.RaftServerConfigKeys: raft.server.log.segment.cache.num.max = 2 (custom)
datanode_1  | 2019-10-15 00:12:37,500 INFO impl.RaftServerProxy: be846e54-340f-48df-8858-3e54065294b1: addNew group-415660CBF850:[be846e54-340f-48df-8858-3e54065294b1:172.18.0.9:9858, cf075e7c-8700-4bf0-8da9-0c224156fed1:172.18.0.6:9858, dce3ce6c-64eb-49da-af80-8201d8a6b1b3:172.18.0.8:9858] returns group-415660CBF850:java.util.concurrent.CompletableFuture@30a48fc8[Not completed]
om_1        | 2019-10-15 00:12:36,169 INFO server.Server: Started @3825ms
scm_1       | 2019-10-15 00:12:31,947 INFO impl.MetricsSystemImpl: Registered sink prometheus
datanode_3  | 2019-10-15 00:12:37,533 INFO segmented.SegmentedRaftLogWorker: new dce3ce6c-64eb-49da-af80-8201d8a6b1b3@group-415660CBF850-SegmentedRaftLogWorker for RaftStorage:Storage Directory /data/metadata/ratis/451c8120-468b-4790-9caf-415660cbf850
datanode_2  | 2019-10-15 00:12:36,659 INFO impl.RaftServerImpl: cf075e7c-8700-4bf0-8da9-0c224156fed1@group-2B6DC9B9BB16: start as a follower, conf=-1: [cf075e7c-8700-4bf0-8da9-0c224156fed1:172.18.0.6:9858], old=null
datanode_1  | 2019-10-15 00:12:37,504 INFO impl.RaftServerImpl: be846e54-340f-48df-8858-3e54065294b1: new RaftServerImpl for group-415660CBF850:[be846e54-340f-48df-8858-3e54065294b1:172.18.0.9:9858, cf075e7c-8700-4bf0-8da9-0c224156fed1:172.18.0.6:9858, dce3ce6c-64eb-49da-af80-8201d8a6b1b3:172.18.0.8:9858] with ContainerStateMachine:uninitialized
om_1        | 2019-10-15 00:12:36,173 INFO impl.MetricsSinkAdapter: Sink prometheus started
datanode_3  | 2019-10-15 00:12:37,533 INFO server.RaftServerConfigKeys: raft.server.log.queue.byte-limit = 2147483647 (custom)
datanode_2  | 2019-10-15 00:12:36,661 INFO impl.RaftServerImpl: cf075e7c-8700-4bf0-8da9-0c224156fed1@group-2B6DC9B9BB16: changes role from      null to FOLLOWER at term 0 for startAsFollower
datanode_1  | 2019-10-15 00:12:37,504 INFO server.RaftServerConfigKeys: raft.server.rpc.timeout.min = 5s (custom)
om_1        | 2019-10-15 00:12:36,173 INFO impl.MetricsSystemImpl: Registered sink prometheus
datanode_3  | 2019-10-15 00:12:37,533 INFO server.RaftServerConfigKeys: raft.server.log.queue.element-limit = 1024 (custom)
datanode_1  | 2019-10-15 00:12:37,504 INFO server.RaftServerConfigKeys: raft.server.rpc.timeout.max = 5200ms (custom)
datanode_2  | 2019-10-15 00:12:36,662 INFO impl.RoleInfo: cf075e7c-8700-4bf0-8da9-0c224156fed1: start FollowerState
scm_1       | 2019-10-15 00:12:31,949 INFO server.BaseHttpServer: HTTP server of SCM is listening at http://0.0.0.0:9876
datanode_3  | 2019-10-15 00:12:37,534 INFO server.RaftServerConfigKeys: raft.server.log.segment.size.max = 1048576 (custom)
datanode_1  | 2019-10-15 00:12:37,504 INFO server.RaftServerConfigKeys: raft.server.rpcslowness.timeout = 120s (custom)
datanode_2  | 2019-10-15 00:12:36,668 INFO util.JmxRegister: Successfully registered JMX Bean with object name Ratis:service=RaftServer,group=group-2B6DC9B9BB16,id=cf075e7c-8700-4bf0-8da9-0c224156fed1
om_1        | 2019-10-15 00:12:36,175 INFO server.BaseHttpServer: HTTP server of OZONEMANAGER is listening at http://0.0.0.0:9874
scm_1       | 2019-10-15 00:12:31,959 INFO util.JvmPauseMonitor: Starting JVM pause monitor
datanode_3  | 2019-10-15 00:12:37,534 INFO server.RaftServerConfigKeys: raft.server.log.preallocated.size = 16384 (custom)
datanode_1  | 2019-10-15 00:12:37,505 INFO server.RaftServerConfigKeys: raft.server.sleep.deviation.threshold = 300 (default)
om_1        | 2019-10-15 00:12:50,622 [IPC Server handler 1 on 9862] INFO       - created volume:vol-0-10443 for user:hadoop
datanode_3  | 2019-10-15 00:12:37,534 INFO server.RaftServerConfigKeys: raft.server.log.write.buffer.size = 33554432 (custom)
scm_1       | 2019-10-15 00:12:34,917 INFO net.NetworkTopology: Added a new node: /default-rack/dce3ce6c-64eb-49da-af80-8201d8a6b1b3
datanode_1  | 2019-10-15 00:12:37,505 INFO server.RaftServerConfigKeys: raft.server.log.appender.install.snapshot.enabled = false (custom)
datanode_2  | 2019-10-15 00:12:37,500 INFO impl.RaftServerProxy: cf075e7c-8700-4bf0-8da9-0c224156fed1: addNew group-415660CBF850:[be846e54-340f-48df-8858-3e54065294b1:172.18.0.9:9858, cf075e7c-8700-4bf0-8da9-0c224156fed1:172.18.0.6:9858, dce3ce6c-64eb-49da-af80-8201d8a6b1b3:172.18.0.8:9858] returns group-415660CBF850:java.util.concurrent.CompletableFuture@19e7deae[Not completed]
om_1        | 2019-10-15 00:12:50,661 [IPC Server handler 3 on 9862] INFO       - created volume:vol-1-70125 for user:hadoop
scm_1       | 2019-10-15 00:12:34,918 INFO node.SCMNodeManager: Registered Data node : dce3ce6c-64eb-49da-af80-8201d8a6b1b3{ip: 172.18.0.8, host: ozones3-haproxy_datanode_3.ozones3-haproxy_default, networkLocation: /default-rack, certSerialId: null}
datanode_1  | 2019-10-15 00:12:37,505 INFO impl.RaftServerImpl: be846e54-340f-48df-8858-3e54065294b1@group-415660CBF850: ConfigurationManager, init=-1: [be846e54-340f-48df-8858-3e54065294b1:172.18.0.9:9858, cf075e7c-8700-4bf0-8da9-0c224156fed1:172.18.0.6:9858, dce3ce6c-64eb-49da-af80-8201d8a6b1b3:172.18.0.8:9858], old=null, confs=<EMPTY_MAP>
datanode_2  | 2019-10-15 00:12:37,505 INFO impl.RaftServerImpl: cf075e7c-8700-4bf0-8da9-0c224156fed1: new RaftServerImpl for group-415660CBF850:[be846e54-340f-48df-8858-3e54065294b1:172.18.0.9:9858, cf075e7c-8700-4bf0-8da9-0c224156fed1:172.18.0.6:9858, dce3ce6c-64eb-49da-af80-8201d8a6b1b3:172.18.0.8:9858] with ContainerStateMachine:uninitialized
om_1        | 2019-10-15 00:12:50,672 [IPC Server handler 4 on 9862] INFO       - created volume:vol-2-80920 for user:hadoop
datanode_3  | 2019-10-15 00:12:37,534 INFO server.RaftServerConfigKeys: raft.server.log.force.sync.num = 128 (default)
scm_1       | 2019-10-15 00:12:34,923 INFO safemode.SCMSafeModeManager: SCM in safe mode. 1 DataNodes registered, 1 required.
datanode_1  | 2019-10-15 00:12:37,505 INFO server.RaftServerConfigKeys: raft.server.storage.dir = [/data/metadata/ratis] (custom)
om_1        | 2019-10-15 00:12:50,684 [IPC Server handler 7 on 9862] INFO       - created volume:vol-3-46398 for user:hadoop
datanode_2  | 2019-10-15 00:12:37,505 INFO server.RaftServerConfigKeys: raft.server.rpc.timeout.min = 5s (custom)
datanode_3  | 2019-10-15 00:12:37,534 INFO server.RaftServerConfigKeys: raft.server.log.statemachine.data.sync = true (default)
datanode_1  | 2019-10-15 00:12:37,506 INFO server.RaftServerConfigKeys: raft.server.log.corruption.policy = EXCEPTION (default)
scm_1       | 2019-10-15 00:12:34,924 INFO safemode.SCMSafeModeManager: ScmSafeModeManager, all rules are successfully validated
om_1        | 2019-10-15 00:12:50,697 [IPC Server handler 9 on 9862] INFO       - created volume:vol-4-82723 for user:hadoop
datanode_2  | 2019-10-15 00:12:37,505 INFO server.RaftServerConfigKeys: raft.server.rpc.timeout.max = 5200ms (custom)
datanode_3  | 2019-10-15 00:12:37,534 INFO server.RaftServerConfigKeys: raft.server.log.statemachine.data.sync.timeout = 10s (default)
datanode_1  | 2019-10-15 00:12:37,506 INFO storage.RaftStorageDirectory: The storage directory /data/metadata/ratis/451c8120-468b-4790-9caf-415660cbf850 does not exist. Creating ...
scm_1       | 2019-10-15 00:12:34,924 INFO safemode.SCMSafeModeManager: SCM exiting safe mode.
datanode_2  | 2019-10-15 00:12:37,506 INFO server.RaftServerConfigKeys: raft.server.rpcslowness.timeout = 120s (custom)
datanode_3  | 2019-10-15 00:12:37,535 INFO server.RaftServerConfigKeys: raft.server.log.statemachine.data.sync.timeout.retry = -1 (default)
datanode_1  | 2019-10-15 00:12:37,529 INFO storage.RaftStorageDirectory: Lock on /data/metadata/ratis/451c8120-468b-4790-9caf-415660cbf850/in_use.lock acquired by nodename 7@32d43eae0ec7
scm_1       | 2019-10-15 00:12:35,022 INFO net.NetworkTopology: Added a new node: /default-rack/be846e54-340f-48df-8858-3e54065294b1
datanode_2  | 2019-10-15 00:12:37,506 INFO server.RaftServerConfigKeys: raft.server.sleep.deviation.threshold = 300 (default)
datanode_3  | 2019-10-15 00:12:37,535 INFO server.RaftServerConfigKeys: raft.server.log.statemachine.data.caching.enabled = true (custom)
datanode_1  | 2019-10-15 00:12:37,553 INFO storage.RaftStorage: Storage directory /data/metadata/ratis/451c8120-468b-4790-9caf-415660cbf850 has been successfully formatted.
scm_1       | 2019-10-15 00:12:35,022 INFO node.SCMNodeManager: Registered Data node : be846e54-340f-48df-8858-3e54065294b1{ip: 172.18.0.9, host: ozones3-haproxy_datanode_1.ozones3-haproxy_default, networkLocation: /default-rack, certSerialId: null}
datanode_2  | 2019-10-15 00:12:37,506 INFO server.RaftServerConfigKeys: raft.server.log.appender.install.snapshot.enabled = false (custom)
datanode_3  | 2019-10-15 00:12:37,535 INFO segmented.SegmentedRaftLogWorker: dce3ce6c-64eb-49da-af80-8201d8a6b1b3@group-415660CBF850-SegmentedRaftLogWorker: flushIndex: setUnconditionally 0 -> -1
datanode_1  | 2019-10-15 00:12:37,556 [pool-8-thread-1] INFO       - group-415660CBF850: The snapshot info is null. Setting the last applied indexto:(t:0, i:~)
scm_1       | WARNING: An illegal reflective access operation has occurred
datanode_2  | 2019-10-15 00:12:37,506 INFO impl.RaftServerImpl: cf075e7c-8700-4bf0-8da9-0c224156fed1@group-415660CBF850: ConfigurationManager, init=-1: [be846e54-340f-48df-8858-3e54065294b1:172.18.0.9:9858, cf075e7c-8700-4bf0-8da9-0c224156fed1:172.18.0.6:9858, dce3ce6c-64eb-49da-af80-8201d8a6b1b3:172.18.0.8:9858], old=null, confs=<EMPTY_MAP>
datanode_3  | 2019-10-15 00:12:37,536 INFO server.RaftServerConfigKeys: raft.server.snapshot.auto.trigger.enabled = true (custom)
datanode_1  | 2019-10-15 00:12:37,560 INFO server.RaftServerConfigKeys: raft.server.notification.no-leader.timeout = 120s (custom)
scm_1       | WARNING: Illegal reflective access by org.apache.ratis.thirdparty.com.google.protobuf.UnsafeUtil (file:/opt/hadoop/share/ozone/lib/ratis-thirdparty-misc-0.2.0.jar) to field java.nio.Buffer.address
datanode_2  | 2019-10-15 00:12:37,507 INFO server.RaftServerConfigKeys: raft.server.storage.dir = [/data/metadata/ratis] (custom)
datanode_3  | 2019-10-15 00:12:37,536 INFO server.RaftServerConfigKeys: raft.server.snapshot.auto.trigger.threshold = 10000 (custom)
datanode_1  | 2019-10-15 00:12:37,560 INFO server.RaftServerConfigKeys: raft.server.log.use.memory = false (default)
scm_1       | WARNING: Please consider reporting this to the maintainers of org.apache.ratis.thirdparty.com.google.protobuf.UnsafeUtil
datanode_2  | 2019-10-15 00:12:37,507 INFO server.RaftServerConfigKeys: raft.server.log.corruption.policy = EXCEPTION (default)
datanode_3  | 2019-10-15 00:12:37,536 INFO server.RaftServerConfigKeys: raft.server.snapshot.retention.file.num = 5 (custom)
scm_1       | WARNING: Use --illegal-access=warn to enable warnings of further illegal reflective access operations
datanode_1  | 2019-10-15 00:12:37,562 INFO server.RaftServerConfigKeys: raft.server.log.purge.gap = 1000000 (custom)
datanode_2  | 2019-10-15 00:12:37,507 INFO storage.RaftStorageDirectory: The storage directory /data/metadata/ratis/451c8120-468b-4790-9caf-415660cbf850 does not exist. Creating ...
datanode_3  | 2019-10-15 00:12:37,537 INFO server.RaftServerConfigKeys: raft.server.retrycache.expirytime = 600000ms (custom)
scm_1       | WARNING: All illegal access operations will be denied in a future release
datanode_2  | 2019-10-15 00:12:37,529 INFO storage.RaftStorageDirectory: Lock on /data/metadata/ratis/451c8120-468b-4790-9caf-415660cbf850/in_use.lock acquired by nodename 7@7bf812875b55
datanode_1  | 2019-10-15 00:12:37,563 INFO server.RaftServerConfigKeys: raft.server.log.appender.buffer.byte-limit = 33554432 (custom)
datanode_3  | 2019-10-15 00:12:37,543 INFO impl.RaftServerImpl: dce3ce6c-64eb-49da-af80-8201d8a6b1b3@group-415660CBF850: start as a follower, conf=-1: [be846e54-340f-48df-8858-3e54065294b1:172.18.0.9:9858, cf075e7c-8700-4bf0-8da9-0c224156fed1:172.18.0.6:9858, dce3ce6c-64eb-49da-af80-8201d8a6b1b3:172.18.0.8:9858], old=null
scm_1       | 2019-10-15 00:12:35,650 INFO net.NetworkTopology: Added a new node: /default-rack/cf075e7c-8700-4bf0-8da9-0c224156fed1
datanode_2  | 2019-10-15 00:12:37,553 INFO storage.RaftStorage: Storage directory /data/metadata/ratis/451c8120-468b-4790-9caf-415660cbf850 has been successfully formatted.
datanode_1  | 2019-10-15 00:12:37,563 INFO server.RaftServerConfigKeys: raft.server.log.segment.size.max = 1048576 (custom)
datanode_3  | 2019-10-15 00:12:37,544 INFO impl.RaftServerImpl: dce3ce6c-64eb-49da-af80-8201d8a6b1b3@group-415660CBF850: changes role from      null to FOLLOWER at term 0 for startAsFollower
scm_1       | 2019-10-15 00:12:35,650 INFO node.SCMNodeManager: Registered Data node : cf075e7c-8700-4bf0-8da9-0c224156fed1{ip: 172.18.0.6, host: ozones3-haproxy_datanode_2.ozones3-haproxy_default, networkLocation: /default-rack, certSerialId: null}
datanode_2  | 2019-10-15 00:12:37,555 [pool-8-thread-1] INFO       - group-415660CBF850: The snapshot info is null. Setting the last applied indexto:(t:0, i:~)
datanode_1  | 2019-10-15 00:12:37,563 INFO server.RaftServerConfigKeys: raft.server.log.segment.cache.num.max = 2 (custom)
datanode_3  | 2019-10-15 00:12:37,544 INFO impl.RoleInfo: dce3ce6c-64eb-49da-af80-8201d8a6b1b3: start FollowerState
scm_1       | 2019-10-15 00:12:36,079 INFO pipeline.PipelineStateManager: Created pipeline Pipeline[ Id: 15a5b2cd-6957-46b2-ba4b-a917b0aa31ea, Nodes: dce3ce6c-64eb-49da-af80-8201d8a6b1b3{ip: 172.18.0.8, host: ozones3-haproxy_datanode_3.ozones3-haproxy_default, networkLocation: /default-rack, certSerialId: null}, Type:RATIS, Factor:ONE, State:OPEN]
datanode_2  | 2019-10-15 00:12:37,557 INFO server.RaftServerConfigKeys: raft.server.notification.no-leader.timeout = 120s (custom)
datanode_1  | 2019-10-15 00:12:37,564 INFO segmented.SegmentedRaftLogWorker: new be846e54-340f-48df-8858-3e54065294b1@group-415660CBF850-SegmentedRaftLogWorker for RaftStorage:Storage Directory /data/metadata/ratis/451c8120-468b-4790-9caf-415660cbf850
datanode_3  | 2019-10-15 00:12:37,546 INFO util.JmxRegister: Successfully registered JMX Bean with object name Ratis:service=RaftServer,group=group-415660CBF850,id=dce3ce6c-64eb-49da-af80-8201d8a6b1b3
scm_1       | 2019-10-15 00:12:36,754 INFO pipeline.PipelineStateManager: Created pipeline Pipeline[ Id: 6bb1abc8-04e0-48d2-8908-2b6dc9b9bb16, Nodes: cf075e7c-8700-4bf0-8da9-0c224156fed1{ip: 172.18.0.6, host: ozones3-haproxy_datanode_2.ozones3-haproxy_default, networkLocation: /default-rack, certSerialId: null}, Type:RATIS, Factor:ONE, State:OPEN]
datanode_2  | 2019-10-15 00:12:37,558 INFO server.RaftServerConfigKeys: raft.server.log.use.memory = false (default)
datanode_1  | 2019-10-15 00:12:37,564 INFO server.RaftServerConfigKeys: raft.server.log.queue.byte-limit = 2147483647 (custom)
scm_1       | 2019-10-15 00:12:37,435 INFO pipeline.PipelineStateManager: Created pipeline Pipeline[ Id: 386cc23b-1822-498e-b32e-2d4f5606a8b3, Nodes: be846e54-340f-48df-8858-3e54065294b1{ip: 172.18.0.9, host: ozones3-haproxy_datanode_1.ozones3-haproxy_default, networkLocation: /default-rack, certSerialId: null}, Type:RATIS, Factor:ONE, State:OPEN]
datanode_2  | 2019-10-15 00:12:37,558 INFO server.RaftServerConfigKeys: raft.server.log.purge.gap = 1000000 (custom)
datanode_1  | 2019-10-15 00:12:37,564 INFO server.RaftServerConfigKeys: raft.server.log.queue.element-limit = 1024 (custom)
datanode_3  | 2019-10-15 00:12:41,007 INFO impl.FollowerState: dce3ce6c-64eb-49da-af80-8201d8a6b1b3@group-A917B0AA31EA-FollowerState: change to CANDIDATE, lastRpcTime:5019ms, electionTimeout:5019ms
scm_1       | 2019-10-15 00:12:37,585 INFO pipeline.PipelineStateManager: Created pipeline Pipeline[ Id: 451c8120-468b-4790-9caf-415660cbf850, Nodes: cf075e7c-8700-4bf0-8da9-0c224156fed1{ip: 172.18.0.6, host: ozones3-haproxy_datanode_2.ozones3-haproxy_default, networkLocation: /default-rack, certSerialId: null}dce3ce6c-64eb-49da-af80-8201d8a6b1b3{ip: 172.18.0.8, host: ozones3-haproxy_datanode_3.ozones3-haproxy_default, networkLocation: /default-rack, certSerialId: null}be846e54-340f-48df-8858-3e54065294b1{ip: 172.18.0.9, host: ozones3-haproxy_datanode_1.ozones3-haproxy_default, networkLocation: /default-rack, certSerialId: null}, Type:RATIS, Factor:THREE, State:OPEN]
datanode_2  | 2019-10-15 00:12:37,558 INFO server.RaftServerConfigKeys: raft.server.log.appender.buffer.byte-limit = 33554432 (custom)
datanode_1  | 2019-10-15 00:12:37,564 INFO server.RaftServerConfigKeys: raft.server.log.segment.size.max = 1048576 (custom)
datanode_3  | 2019-10-15 00:12:41,009 INFO impl.RoleInfo: dce3ce6c-64eb-49da-af80-8201d8a6b1b3: shutdown FollowerState
scm_1       | 2019-10-15 00:12:50,982 INFO pipeline.PipelineStateManager: Created pipeline Pipeline[ Id: a4f08c13-da43-4efb-8b2c-b1eb99bd3842, Nodes: be846e54-340f-48df-8858-3e54065294b1{ip: 172.18.0.9, host: ozones3-haproxy_datanode_1.ozones3-haproxy_default, networkLocation: /default-rack, certSerialId: null}, Type:STAND_ALONE, Factor:ONE, State:OPEN]
datanode_2  | 2019-10-15 00:12:37,558 INFO server.RaftServerConfigKeys: raft.server.log.segment.size.max = 1048576 (custom)
datanode_3  | 2019-10-15 00:12:41,010 INFO impl.RaftServerImpl: dce3ce6c-64eb-49da-af80-8201d8a6b1b3@group-A917B0AA31EA: changes role from  FOLLOWER to CANDIDATE at term 0 for changeToCandidate
datanode_3  | 2019-10-15 00:12:41,015 INFO impl.RoleInfo: dce3ce6c-64eb-49da-af80-8201d8a6b1b3: start LeaderElection
datanode_2  | 2019-10-15 00:12:37,559 INFO server.RaftServerConfigKeys: raft.server.log.segment.cache.num.max = 2 (custom)
datanode_1  | 2019-10-15 00:12:37,564 INFO server.RaftServerConfigKeys: raft.server.log.preallocated.size = 16384 (custom)
datanode_3  | 2019-10-15 00:12:41,064 INFO impl.LeaderElection: dce3ce6c-64eb-49da-af80-8201d8a6b1b3@group-A917B0AA31EA-LeaderElection1: begin an election at term 1 for -1: [dce3ce6c-64eb-49da-af80-8201d8a6b1b3:172.18.0.8:9858], old=null
