datanode_2  | 2019-10-16 00:25:59,250 INFO impl.LeaderElection: b025637b-7fb2-45ba-8bd1-ff3b68d7b937@group-835320FBBA91-LeaderElection9: begin an election at term 13 for -1: [b025637b-7fb2-45ba-8bd1-ff3b68d7b937:172.18.0.9:9858, 853aac7b-fd5c-4070-9e40-b1737f0c7317:172.18.0.4:9858, c1a39354-1bd9-4468-914f-510e63110f29:172.18.0.7:9858], old=null
datanode_1  | 2019-10-16 00:25:58,693 INFO impl.RoleInfo: 853aac7b-fd5c-4070-9e40-b1737f0c7317: shutdown FollowerState
rm_1        | 2019-10-16 00:27:03 INFO  NMTokenSecretManagerInRM:200 - Sending NMToken for nodeId : nm:36320 for container : container_1571185551947_0001_01_000002
nm_1        | 2019-10-16 00:27:22 INFO  ContainerImpl:2112 - Container container_1571185551947_0001_01_000005 transitioned from NEW to LOCALIZING
datanode_3  | 2019-10-16 00:25:58,831 INFO impl.RaftServerImpl: c1a39354-1bd9-4468-914f-510e63110f29@group-835320FBBA91: change Leader from c1a39354-1bd9-4468-914f-510e63110f29 to null at term 9 for updateCurrentTerm
datanode_1  | 2019-10-16 00:25:58,693 INFO impl.RoleInfo: 853aac7b-fd5c-4070-9e40-b1737f0c7317: start FollowerState
datanode_2  | 2019-10-16 00:25:59,268 INFO impl.LeaderElection: b025637b-7fb2-45ba-8bd1-ff3b68d7b937@group-835320FBBA91-LeaderElection9: Election TIMEOUT; received 0 response(s) [] and 0 exception(s); b025637b-7fb2-45ba-8bd1-ff3b68d7b937@group-835320FBBA91:t13, leader=null, voted=b025637b-7fb2-45ba-8bd1-ff3b68d7b937, raftlog=b025637b-7fb2-45ba-8bd1-ff3b68d7b937@group-835320FBBA91-SegmentedRaftLog:OPENED:c-1,f-1,i0, conf=-1: [b025637b-7fb2-45ba-8bd1-ff3b68d7b937:172.18.0.9:9858, 853aac7b-fd5c-4070-9e40-b1737f0c7317:172.18.0.4:9858, c1a39354-1bd9-4468-914f-510e63110f29:172.18.0.7:9858], old=null
rm_1        | 2019-10-16 00:27:03 INFO  RMContainerImpl:480 - container_1571185551947_0001_01_000002 Container Transitioned from ALLOCATED to ACQUIRED
nm_1        | 2019-10-16 00:27:22 INFO  AuxServices:350 - Got event CONTAINER_INIT for appId application_1571185551947_0001
datanode_3  | 2019-10-16 00:25:58,831 INFO impl.RaftServerImpl: c1a39354-1bd9-4468-914f-510e63110f29@group-835320FBBA91: changes role from    LEADER to FOLLOWER at term 9 for recognizeCandidate:b025637b-7fb2-45ba-8bd1-ff3b68d7b937
datanode_2  | 2019-10-16 00:25:59,292 INFO impl.LeaderElection: b025637b-7fb2-45ba-8bd1-ff3b68d7b937@group-835320FBBA91-LeaderElection9: begin an election at term 14 for -1: [b025637b-7fb2-45ba-8bd1-ff3b68d7b937:172.18.0.9:9858, 853aac7b-fd5c-4070-9e40-b1737f0c7317:172.18.0.4:9858, c1a39354-1bd9-4468-914f-510e63110f29:172.18.0.7:9858], old=null
datanode_1  | 2019-10-16 00:25:58,693 INFO impl.FollowerState: 853aac7b-fd5c-4070-9e40-b1737f0c7317@group-835320FBBA91-FollowerState was interrupted: java.lang.InterruptedException: sleep interrupted
rm_1        | 2019-10-16 00:27:04 INFO  RMContainerImpl:480 - container_1571185551947_0001_01_000002 Container Transitioned from ACQUIRED to RUNNING
nm_1        | 2019-10-16 00:27:22 INFO  AuxServices:350 - Got event APPLICATION_INIT for appId application_1571185551947_0001
datanode_3  | 2019-10-16 00:25:58,832 INFO impl.RoleInfo: c1a39354-1bd9-4468-914f-510e63110f29: shutdown LeaderState
datanode_2  | 2019-10-16 00:25:59,333 INFO impl.LeaderElection: b025637b-7fb2-45ba-8bd1-ff3b68d7b937@group-835320FBBA91-LeaderElection9: Election TIMEOUT; received 0 response(s) [] and 0 exception(s); b025637b-7fb2-45ba-8bd1-ff3b68d7b937@group-835320FBBA91:t14, leader=null, voted=b025637b-7fb2-45ba-8bd1-ff3b68d7b937, raftlog=b025637b-7fb2-45ba-8bd1-ff3b68d7b937@group-835320FBBA91-SegmentedRaftLog:OPENED:c-1,f-1,i0, conf=-1: [b025637b-7fb2-45ba-8bd1-ff3b68d7b937:172.18.0.9:9858, 853aac7b-fd5c-4070-9e40-b1737f0c7317:172.18.0.4:9858, c1a39354-1bd9-4468-914f-510e63110f29:172.18.0.7:9858], old=null
datanode_1  | 2019-10-16 00:25:58,707 INFO impl.RaftServerImpl: 853aac7b-fd5c-4070-9e40-b1737f0c7317@group-835320FBBA91: changes role from  FOLLOWER to FOLLOWER at term 7 for recognizeCandidate:b025637b-7fb2-45ba-8bd1-ff3b68d7b937
rm_1        | 2019-10-16 00:27:09 INFO  RMContainerImpl:480 - container_1571185551947_0001_01_000002 Container Transitioned from RUNNING to COMPLETED
nm_1        | 2019-10-16 00:27:22 INFO  AuxServices:354 - Got APPLICATION_INIT for service mapreduce_shuffle
datanode_3  | 2019-10-16 00:25:58,833 INFO impl.PendingRequests: c1a39354-1bd9-4468-914f-510e63110f29@group-835320FBBA91-PendingRequests: sendNotLeaderResponses
datanode_2  | 2019-10-16 00:25:59,352 INFO impl.LeaderElection: b025637b-7fb2-45ba-8bd1-ff3b68d7b937@group-835320FBBA91-LeaderElection9: begin an election at term 15 for -1: [b025637b-7fb2-45ba-8bd1-ff3b68d7b937:172.18.0.9:9858, 853aac7b-fd5c-4070-9e40-b1737f0c7317:172.18.0.4:9858, c1a39354-1bd9-4468-914f-510e63110f29:172.18.0.7:9858], old=null
datanode_1  | 2019-10-16 00:25:58,707 INFO impl.RoleInfo: 853aac7b-fd5c-4070-9e40-b1737f0c7317: shutdown FollowerState
rm_1        | 2019-10-16 00:27:09 INFO  RMAuditLogger:200 - USER=hadoop	OPERATION=AM Released Container	TARGET=SchedulerApp	RESULT=SUCCESS	APPID=application_1571185551947_0001	CONTAINERID=container_1571185551947_0001_01_000002	RESOURCE=<memory:4096, vCores:1>
nm_1        | 2019-10-16 00:27:22 INFO  ShuffleHandler:719 - Added token for job_1571185551947_0001
datanode_3  | 2019-10-16 00:25:58,834 INFO impl.RoleInfo: c1a39354-1bd9-4468-914f-510e63110f29: start FollowerState
datanode_1  | 2019-10-16 00:25:58,707 INFO impl.FollowerState: 853aac7b-fd5c-4070-9e40-b1737f0c7317@group-835320FBBA91-FollowerState was interrupted: java.lang.InterruptedException: sleep interrupted
rm_1        | 2019-10-16 00:27:10 INFO  AbstractContainerAllocator:129 - assignedContainer application attempt=appattempt_1571185551947_0001_000001 container=null queue=default clusterResource=<memory:8192, vCores:8> type=RACK_LOCAL requestedPartition=
datanode_3  | 2019-10-16 00:25:58,835 WARN server.GrpcLogAppender: c1a39354-1bd9-4468-914f-510e63110f29@group-835320FBBA91->853aac7b-fd5c-4070-9e40-b1737f0c7317-GrpcLogAppender: Wait interrupted by java.lang.InterruptedException
nm_1        | 2019-10-16 00:27:22 INFO  ContainerImpl:2112 - Container container_1571185551947_0001_01_000005 transitioned from LOCALIZING to SCHEDULED
datanode_2  | 2019-10-16 00:25:59,402 INFO impl.LeaderElection: b025637b-7fb2-45ba-8bd1-ff3b68d7b937@group-835320FBBA91-LeaderElection9: Election REJECTED; received 2 response(s) [b025637b-7fb2-45ba-8bd1-ff3b68d7b937<-853aac7b-fd5c-4070-9e40-b1737f0c7317#0:FAIL-t15, b025637b-7fb2-45ba-8bd1-ff3b68d7b937<-c1a39354-1bd9-4468-914f-510e63110f29#0:FAIL-t15] and 0 exception(s); b025637b-7fb2-45ba-8bd1-ff3b68d7b937@group-835320FBBA91:t15, leader=null, voted=b025637b-7fb2-45ba-8bd1-ff3b68d7b937, raftlog=b025637b-7fb2-45ba-8bd1-ff3b68d7b937@group-835320FBBA91-SegmentedRaftLog:OPENED:c-1,f-1,i0, conf=-1: [b025637b-7fb2-45ba-8bd1-ff3b68d7b937:172.18.0.9:9858, 853aac7b-fd5c-4070-9e40-b1737f0c7317:172.18.0.4:9858, c1a39354-1bd9-4468-914f-510e63110f29:172.18.0.7:9858], old=null
datanode_1  | 2019-10-16 00:25:58,707 INFO impl.RoleInfo: 853aac7b-fd5c-4070-9e40-b1737f0c7317: start FollowerState
rm_1        | 2019-10-16 00:27:10 INFO  RMContainerImpl:480 - container_1571185551947_0001_01_000003 Container Transitioned from NEW to ALLOCATED
nm_1        | 2019-10-16 00:27:22 INFO  ContainerScheduler:541 - Starting container [container_1571185551947_0001_01_000005]
datanode_3  | 2019-10-16 00:25:58,837 INFO segmented.SegmentedRaftLogWorker: c1a39354-1bd9-4468-914f-510e63110f29@group-835320FBBA91-SegmentedRaftLogWorker: created new log segment /data/metadata/ratis/a3039d4d-70f4-40b8-b503-835320fbba91/current/log_inprogress_0
datanode_2  | 2019-10-16 00:25:59,402 INFO impl.RaftServerImpl: b025637b-7fb2-45ba-8bd1-ff3b68d7b937@group-835320FBBA91: changes role from CANDIDATE to FOLLOWER at term 15 for DISCOVERED_A_NEW_TERM
datanode_1  | 2019-10-16 00:25:58,747 INFO impl.RaftServerImpl: 853aac7b-fd5c-4070-9e40-b1737f0c7317@group-835320FBBA91: changes role from  FOLLOWER to FOLLOWER at term 8 for recognizeCandidate:c1a39354-1bd9-4468-914f-510e63110f29
rm_1        | 2019-10-16 00:27:10 INFO  FiCaSchedulerNode:169 - Assigned container container_1571185551947_0001_01_000003 of capacity <memory:4096, vCores:1> on host nm:36320, which has 2 containers, <memory:6144, vCores:2> used and <memory:2048, vCores:6> available after allocation
nm_1        | 2019-10-16 00:27:22 INFO  ContainerImpl:2112 - Container container_1571185551947_0001_01_000005 transitioned from SCHEDULED to RUNNING
datanode_3  | 2019-10-16 00:25:58,860 INFO server.GrpcLogAppender: c1a39354-1bd9-4468-914f-510e63110f29@group-835320FBBA91->b025637b-7fb2-45ba-8bd1-ff3b68d7b937-AppendLogResponseHandler: follower responses appendEntries COMPLETED
datanode_2  | 2019-10-16 00:25:59,403 INFO impl.RoleInfo: b025637b-7fb2-45ba-8bd1-ff3b68d7b937: shutdown LeaderElection
datanode_1  | 2019-10-16 00:25:58,747 INFO impl.RoleInfo: 853aac7b-fd5c-4070-9e40-b1737f0c7317: shutdown FollowerState
rm_1        | 2019-10-16 00:27:10 INFO  RMAuditLogger:200 - USER=hadoop	OPERATION=AM Allocated Container	TARGET=SchedulerApp	RESULT=SUCCESS	APPID=application_1571185551947_0001	CONTAINERID=container_1571185551947_0001_01_000003	RESOURCE=<memory:4096, vCores:1>
datanode_3  | 2019-10-16 00:25:58,866 INFO server.GrpcLogAppender: c1a39354-1bd9-4468-914f-510e63110f29@group-835320FBBA91->853aac7b-fd5c-4070-9e40-b1737f0c7317-AppendLogResponseHandler: follower responses appendEntries COMPLETED
datanode_2  | 2019-10-16 00:25:59,403 INFO impl.RoleInfo: b025637b-7fb2-45ba-8bd1-ff3b68d7b937: start FollowerState
rm_1        | 2019-10-16 00:27:10 INFO  ParentQueue:1336 - assignedContainer queue=root usedCapacity=0.75 absoluteUsedCapacity=0.75 used=<memory:6144, vCores:2> cluster=<memory:8192, vCores:8>
datanode_1  | 2019-10-16 00:25:58,747 INFO impl.RoleInfo: 853aac7b-fd5c-4070-9e40-b1737f0c7317: start FollowerState
nm_1        | 2019-10-16 00:27:22 INFO  ContainersMonitorImpl:1013 - Starting resource-monitoring for container_1571185551947_0001_01_000005
datanode_3  | 2019-10-16 00:25:58,872 INFO impl.FollowerInfo: c1a39354-1bd9-4468-914f-510e63110f29@group-835320FBBA91->b025637b-7fb2-45ba-8bd1-ff3b68d7b937: nextIndex: updateUnconditionally 0 -> 0
datanode_2  | 2019-10-16 00:25:59,435 INFO impl.FollowerState: b025637b-7fb2-45ba-8bd1-ff3b68d7b937@group-835320FBBA91-FollowerState: change to CANDIDATE, lastRpcTime:31ms, electionTimeout:31ms
rm_1        | 2019-10-16 00:27:10 INFO  CapacityScheduler:3005 - Allocation proposal accepted
datanode_1  | 2019-10-16 00:25:58,747 INFO impl.FollowerState: 853aac7b-fd5c-4070-9e40-b1737f0c7317@group-835320FBBA91-FollowerState was interrupted: java.lang.InterruptedException: sleep interrupted
datanode_3  | 2019-10-16 00:25:58,872 INFO impl.FollowerInfo: c1a39354-1bd9-4468-914f-510e63110f29@group-835320FBBA91->853aac7b-fd5c-4070-9e40-b1737f0c7317: nextIndex: updateUnconditionally 0 -> 0
datanode_2  | 2019-10-16 00:25:59,436 INFO impl.RoleInfo: b025637b-7fb2-45ba-8bd1-ff3b68d7b937: shutdown FollowerState
nm_1        | 2019-10-16 00:27:22 INFO  DefaultContainerExecutor:370 - launchContainer: [bash, /tmp/hadoop-hadoop/nm-local-dir/usercache/hadoop/appcache/application_1571185551947_0001/container_1571185551947_0001_01_000005/default_container_executor.sh]
rm_1        | 2019-10-16 00:27:10 INFO  RMContainerImpl:480 - container_1571185551947_0001_01_000003 Container Transitioned from ALLOCATED to ACQUIRED
datanode_1  | 2019-10-16 00:25:58,824 INFO impl.RaftServerImpl: 853aac7b-fd5c-4070-9e40-b1737f0c7317@group-835320FBBA91: changes role from  FOLLOWER to FOLLOWER at term 9 for recognizeCandidate:b025637b-7fb2-45ba-8bd1-ff3b68d7b937
datanode_3  | 2019-10-16 00:25:58,956 INFO impl.RaftServerImpl: c1a39354-1bd9-4468-914f-510e63110f29@group-835320FBBA91: changes role from  FOLLOWER to FOLLOWER at term 10 for recognizeCandidate:b025637b-7fb2-45ba-8bd1-ff3b68d7b937
datanode_2  | 2019-10-16 00:25:59,436 INFO impl.RaftServerImpl: b025637b-7fb2-45ba-8bd1-ff3b68d7b937@group-835320FBBA91: changes role from  FOLLOWER to CANDIDATE at term 15 for changeToCandidate
nm_1        | 2019-10-16 00:27:23 INFO  ContainersMonitorImpl:615 - container_1571185551947_0001_01_000005's ip = 172.18.0.3, and hostname = nm
rm_1        | 2019-10-16 00:27:11 INFO  RMContainerImpl:480 - container_1571185551947_0001_01_000003 Container Transitioned from ACQUIRED to RUNNING
datanode_1  | 2019-10-16 00:25:58,824 INFO impl.RoleInfo: 853aac7b-fd5c-4070-9e40-b1737f0c7317: shutdown FollowerState
datanode_3  | 2019-10-16 00:25:58,956 INFO impl.RoleInfo: c1a39354-1bd9-4468-914f-510e63110f29: shutdown FollowerState
datanode_2  | 2019-10-16 00:25:59,436 INFO impl.RoleInfo: b025637b-7fb2-45ba-8bd1-ff3b68d7b937: start LeaderElection
nm_1        | 2019-10-16 00:27:23 INFO  NodeStatusUpdaterImpl:707 - Removed completed containers from NM context: [container_1571185551947_0001_01_000004]
rm_1        | 2019-10-16 00:27:15 INFO  RMContainerImpl:480 - container_1571185551947_0001_01_000003 Container Transitioned from RUNNING to COMPLETED
datanode_1  | 2019-10-16 00:25:58,824 INFO impl.RoleInfo: 853aac7b-fd5c-4070-9e40-b1737f0c7317: start FollowerState
datanode_3  | 2019-10-16 00:25:58,956 INFO impl.FollowerState: c1a39354-1bd9-4468-914f-510e63110f29@group-835320FBBA91-FollowerState was interrupted: java.lang.InterruptedException: sleep interrupted
datanode_2  | 2019-10-16 00:25:59,459 INFO impl.LeaderElection: b025637b-7fb2-45ba-8bd1-ff3b68d7b937@group-835320FBBA91-LeaderElection10: begin an election at term 16 for -1: [b025637b-7fb2-45ba-8bd1-ff3b68d7b937:172.18.0.9:9858, 853aac7b-fd5c-4070-9e40-b1737f0c7317:172.18.0.4:9858, c1a39354-1bd9-4468-914f-510e63110f29:172.18.0.7:9858], old=null
nm_1        | 2019-10-16 00:27:26 INFO  ContainersMonitorImpl:516 - Skipping monitoring container container_1571185551947_0001_01_000005 since CPU usage is not yet available.
datanode_1  | 2019-10-16 00:25:58,824 INFO impl.FollowerState: 853aac7b-fd5c-4070-9e40-b1737f0c7317@group-835320FBBA91-FollowerState was interrupted: java.lang.InterruptedException: sleep interrupted
datanode_3  | 2019-10-16 00:25:58,956 INFO impl.RoleInfo: c1a39354-1bd9-4468-914f-510e63110f29: start FollowerState
rm_1        | 2019-10-16 00:27:15 INFO  RMAuditLogger:200 - USER=hadoop	OPERATION=AM Released Container	TARGET=SchedulerApp	RESULT=SUCCESS	APPID=application_1571185551947_0001	CONTAINERID=container_1571185551947_0001_01_000003	RESOURCE=<memory:4096, vCores:1>
datanode_2  | 2019-10-16 00:25:59,524 INFO impl.LeaderElection: b025637b-7fb2-45ba-8bd1-ff3b68d7b937@group-835320FBBA91-LeaderElection10: Election REJECTED; received 2 response(s) [b025637b-7fb2-45ba-8bd1-ff3b68d7b937<-853aac7b-fd5c-4070-9e40-b1737f0c7317#0:FAIL-t16, b025637b-7fb2-45ba-8bd1-ff3b68d7b937<-c1a39354-1bd9-4468-914f-510e63110f29#0:FAIL-t16] and 0 exception(s); b025637b-7fb2-45ba-8bd1-ff3b68d7b937@group-835320FBBA91:t16, leader=null, voted=b025637b-7fb2-45ba-8bd1-ff3b68d7b937, raftlog=b025637b-7fb2-45ba-8bd1-ff3b68d7b937@group-835320FBBA91-SegmentedRaftLog:OPENED:c-1,f-1,i0, conf=-1: [b025637b-7fb2-45ba-8bd1-ff3b68d7b937:172.18.0.9:9858, 853aac7b-fd5c-4070-9e40-b1737f0c7317:172.18.0.4:9858, c1a39354-1bd9-4468-914f-510e63110f29:172.18.0.7:9858], old=null
nm_1        | 2019-10-16 00:27:27 INFO  ContainerLaunch:595 - Container container_1571185551947_0001_01_000005 succeeded 
datanode_1  | 2019-10-16 00:25:58,864 INFO server.GrpcServerProtocolService: 853aac7b-fd5c-4070-9e40-b1737f0c7317: Completed APPEND_ENTRIES, lastRequest: c1a39354-1bd9-4468-914f-510e63110f29->853aac7b-fd5c-4070-9e40-b1737f0c7317#0-t8, previous=(t:0, i:0), leaderCommit=-1, initializing? false, entries: <empty>
datanode_3  | 2019-10-16 00:25:58,991 INFO impl.RaftServerImpl: c1a39354-1bd9-4468-914f-510e63110f29@group-835320FBBA91: changes role from  FOLLOWER to FOLLOWER at term 11 for recognizeCandidate:b025637b-7fb2-45ba-8bd1-ff3b68d7b937
datanode_2  | 2019-10-16 00:25:59,524 INFO impl.RaftServerImpl: b025637b-7fb2-45ba-8bd1-ff3b68d7b937@group-835320FBBA91: changes role from CANDIDATE to FOLLOWER at term 16 for DISCOVERED_A_NEW_TERM
nm_1        | 2019-10-16 00:27:27 INFO  ContainerImpl:2112 - Container container_1571185551947_0001_01_000005 transitioned from RUNNING to EXITED_WITH_SUCCESS
rm_1        | 2019-10-16 00:27:16 INFO  AbstractContainerAllocator:129 - assignedContainer application attempt=appattempt_1571185551947_0001_000001 container=null queue=default clusterResource=<memory:8192, vCores:8> type=RACK_LOCAL requestedPartition=
datanode_1  | 2019-10-16 00:25:58,960 INFO impl.RaftServerImpl: 853aac7b-fd5c-4070-9e40-b1737f0c7317@group-835320FBBA91: changes role from  FOLLOWER to FOLLOWER at term 10 for recognizeCandidate:b025637b-7fb2-45ba-8bd1-ff3b68d7b937
datanode_3  | 2019-10-16 00:25:58,991 INFO impl.RoleInfo: c1a39354-1bd9-4468-914f-510e63110f29: shutdown FollowerState
datanode_2  | 2019-10-16 00:25:59,525 INFO impl.RoleInfo: b025637b-7fb2-45ba-8bd1-ff3b68d7b937: shutdown LeaderElection
nm_1        | 2019-10-16 00:27:27 INFO  ContainerCleanup:87 - Cleaning up container container_1571185551947_0001_01_000005
rm_1        | 2019-10-16 00:27:16 INFO  RMContainerImpl:480 - container_1571185551947_0001_01_000004 Container Transitioned from NEW to ALLOCATED
datanode_1  | 2019-10-16 00:25:58,960 INFO impl.RoleInfo: 853aac7b-fd5c-4070-9e40-b1737f0c7317: shutdown FollowerState
datanode_2  | 2019-10-16 00:25:59,525 INFO impl.RoleInfo: b025637b-7fb2-45ba-8bd1-ff3b68d7b937: start FollowerState
nm_1        | 2019-10-16 00:27:27 INFO  NMAuditLogger:94 - USER=hadoop	OPERATION=Container Finished - Succeeded	TARGET=ContainerImpl	RESULT=SUCCESS	APPID=application_1571185551947_0001	CONTAINERID=container_1571185551947_0001_01_000005
datanode_3  | 2019-10-16 00:25:58,991 INFO impl.RoleInfo: c1a39354-1bd9-4468-914f-510e63110f29: start FollowerState
rm_1        | 2019-10-16 00:27:16 INFO  FiCaSchedulerNode:169 - Assigned container container_1571185551947_0001_01_000004 of capacity <memory:4096, vCores:1> on host nm:36320, which has 2 containers, <memory:6144, vCores:2> used and <memory:2048, vCores:6> available after allocation
datanode_1  | 2019-10-16 00:25:58,960 INFO impl.FollowerState: 853aac7b-fd5c-4070-9e40-b1737f0c7317@group-835320FBBA91-FollowerState was interrupted: java.lang.InterruptedException: sleep interrupted
datanode_2  | 2019-10-16 00:25:59,715 INFO impl.FollowerState: b025637b-7fb2-45ba-8bd1-ff3b68d7b937@group-835320FBBA91-FollowerState: change to CANDIDATE, lastRpcTime:189ms, electionTimeout:189ms
nm_1        | 2019-10-16 00:27:27 INFO  ContainerImpl:2112 - Container container_1571185551947_0001_01_000005 transitioned from EXITED_WITH_SUCCESS to DONE
datanode_3  | 2019-10-16 00:25:58,992 INFO impl.FollowerState: c1a39354-1bd9-4468-914f-510e63110f29@group-835320FBBA91-FollowerState was interrupted: java.lang.InterruptedException: sleep interrupted
rm_1        | 2019-10-16 00:27:16 INFO  RMAuditLogger:200 - USER=hadoop	OPERATION=AM Allocated Container	TARGET=SchedulerApp	RESULT=SUCCESS	APPID=application_1571185551947_0001	CONTAINERID=container_1571185551947_0001_01_000004	RESOURCE=<memory:4096, vCores:1>
datanode_1  | 2019-10-16 00:25:58,960 INFO impl.RoleInfo: 853aac7b-fd5c-4070-9e40-b1737f0c7317: start FollowerState
datanode_2  | 2019-10-16 00:25:59,715 INFO impl.RoleInfo: b025637b-7fb2-45ba-8bd1-ff3b68d7b937: shutdown FollowerState
nm_1        | 2019-10-16 00:27:27 INFO  ApplicationImpl:512 - Removing container_1571185551947_0001_01_000005 from application application_1571185551947_0001
datanode_3  | 2019-10-16 00:25:59,062 INFO impl.RaftServerImpl: c1a39354-1bd9-4468-914f-510e63110f29@group-835320FBBA91: changes role from  FOLLOWER to FOLLOWER at term 12 for recognizeCandidate:b025637b-7fb2-45ba-8bd1-ff3b68d7b937
rm_1        | 2019-10-16 00:27:16 INFO  ParentQueue:1336 - assignedContainer queue=root usedCapacity=0.75 absoluteUsedCapacity=0.75 used=<memory:6144, vCores:2> cluster=<memory:8192, vCores:8>
datanode_1  | 2019-10-16 00:25:58,991 INFO impl.RaftServerImpl: 853aac7b-fd5c-4070-9e40-b1737f0c7317@group-835320FBBA91: changes role from  FOLLOWER to FOLLOWER at term 11 for recognizeCandidate:b025637b-7fb2-45ba-8bd1-ff3b68d7b937
datanode_2  | 2019-10-16 00:25:59,716 INFO impl.RaftServerImpl: b025637b-7fb2-45ba-8bd1-ff3b68d7b937@group-835320FBBA91: changes role from  FOLLOWER to CANDIDATE at term 16 for changeToCandidate
nm_1        | 2019-10-16 00:27:27 INFO  ContainersMonitorImpl:1004 - Stopping resource-monitoring for container_1571185551947_0001_01_000005
datanode_3  | 2019-10-16 00:25:59,062 INFO impl.RoleInfo: c1a39354-1bd9-4468-914f-510e63110f29: shutdown FollowerState
rm_1        | 2019-10-16 00:27:16 INFO  CapacityScheduler:3005 - Allocation proposal accepted
datanode_2  | 2019-10-16 00:25:59,716 INFO impl.RoleInfo: b025637b-7fb2-45ba-8bd1-ff3b68d7b937: start LeaderElection
nm_1        | 2019-10-16 00:27:27 INFO  AuxServices:350 - Got event CONTAINER_STOP for appId application_1571185551947_0001
datanode_1  | 2019-10-16 00:25:58,991 INFO impl.RoleInfo: 853aac7b-fd5c-4070-9e40-b1737f0c7317: shutdown FollowerState
datanode_3  | 2019-10-16 00:25:59,062 INFO impl.FollowerState: c1a39354-1bd9-4468-914f-510e63110f29@group-835320FBBA91-FollowerState was interrupted: java.lang.InterruptedException: sleep interrupted
datanode_2  | 2019-10-16 00:25:59,748 INFO impl.LeaderElection: b025637b-7fb2-45ba-8bd1-ff3b68d7b937@group-835320FBBA91-LeaderElection11: begin an election at term 17 for -1: [b025637b-7fb2-45ba-8bd1-ff3b68d7b937:172.18.0.9:9858, 853aac7b-fd5c-4070-9e40-b1737f0c7317:172.18.0.4:9858, c1a39354-1bd9-4468-914f-510e63110f29:172.18.0.7:9858], old=null
nm_1        | 2019-10-16 00:27:27 INFO  DefaultContainerExecutor:634 - Deleting absolute path : /tmp/hadoop-hadoop/nm-local-dir/usercache/hadoop/appcache/application_1571185551947_0001/container_1571185551947_0001_01_000005/launch_container.sh
rm_1        | 2019-10-16 00:27:16 INFO  RMContainerImpl:480 - container_1571185551947_0001_01_000004 Container Transitioned from ALLOCATED to ACQUIRED
datanode_1  | 2019-10-16 00:25:58,991 INFO impl.RoleInfo: 853aac7b-fd5c-4070-9e40-b1737f0c7317: start FollowerState
datanode_3  | 2019-10-16 00:25:59,062 INFO impl.RoleInfo: c1a39354-1bd9-4468-914f-510e63110f29: start FollowerState
datanode_2  | 2019-10-16 00:25:59,794 INFO impl.LeaderElection: b025637b-7fb2-45ba-8bd1-ff3b68d7b937@group-835320FBBA91-LeaderElection11: Election REJECTED; received 2 response(s) [b025637b-7fb2-45ba-8bd1-ff3b68d7b937<-853aac7b-fd5c-4070-9e40-b1737f0c7317#0:FAIL-t17, b025637b-7fb2-45ba-8bd1-ff3b68d7b937<-c1a39354-1bd9-4468-914f-510e63110f29#0:FAIL-t17] and 0 exception(s); b025637b-7fb2-45ba-8bd1-ff3b68d7b937@group-835320FBBA91:t17, leader=null, voted=b025637b-7fb2-45ba-8bd1-ff3b68d7b937, raftlog=b025637b-7fb2-45ba-8bd1-ff3b68d7b937@group-835320FBBA91-SegmentedRaftLog:OPENED:c-1,f-1,i0, conf=-1: [b025637b-7fb2-45ba-8bd1-ff3b68d7b937:172.18.0.9:9858, 853aac7b-fd5c-4070-9e40-b1737f0c7317:172.18.0.4:9858, c1a39354-1bd9-4468-914f-510e63110f29:172.18.0.7:9858], old=null
nm_1        | 2019-10-16 00:27:27 INFO  DefaultContainerExecutor:634 - Deleting absolute path : /tmp/hadoop-hadoop/nm-local-dir/usercache/hadoop/appcache/application_1571185551947_0001/container_1571185551947_0001_01_000005/container_tokens
rm_1        | 2019-10-16 00:27:17 INFO  RMContainerImpl:480 - container_1571185551947_0001_01_000004 Container Transitioned from ACQUIRED to RUNNING
datanode_1  | 2019-10-16 00:25:58,992 INFO impl.FollowerState: 853aac7b-fd5c-4070-9e40-b1737f0c7317@group-835320FBBA91-FollowerState was interrupted: java.lang.InterruptedException: sleep interrupted
datanode_3  | 2019-10-16 00:25:59,271 INFO impl.RaftServerImpl: c1a39354-1bd9-4468-914f-510e63110f29@group-835320FBBA91: changes role from  FOLLOWER to FOLLOWER at term 13 for recognizeCandidate:b025637b-7fb2-45ba-8bd1-ff3b68d7b937
nm_1        | 2019-10-16 00:27:27 INFO  Server:1849 - Auth successful for appattempt_1571185551947_0001_000001 (auth:SIMPLE)
datanode_2  | 2019-10-16 00:25:59,795 INFO impl.RaftServerImpl: b025637b-7fb2-45ba-8bd1-ff3b68d7b937@group-835320FBBA91: changes role from CANDIDATE to FOLLOWER at term 17 for DISCOVERED_A_NEW_TERM
rm_1        | 2019-10-16 00:27:17 INFO  AppSchedulingInfo:367 - checking for deactivate of application :application_1571185551947_0001
datanode_1  | 2019-10-16 00:25:59,058 INFO impl.RaftServerImpl: 853aac7b-fd5c-4070-9e40-b1737f0c7317@group-835320FBBA91: changes role from  FOLLOWER to FOLLOWER at term 12 for recognizeCandidate:b025637b-7fb2-45ba-8bd1-ff3b68d7b937
datanode_3  | 2019-10-16 00:25:59,271 INFO impl.RoleInfo: c1a39354-1bd9-4468-914f-510e63110f29: shutdown FollowerState
nm_1        | 2019-10-16 00:27:27 INFO  ContainerManagerImpl:1409 - Stopping container with container Id: container_1571185551947_0001_01_000005
datanode_2  | 2019-10-16 00:25:59,795 INFO impl.RoleInfo: b025637b-7fb2-45ba-8bd1-ff3b68d7b937: shutdown LeaderElection
rm_1        | 2019-10-16 00:27:21 INFO  RMContainerImpl:480 - container_1571185551947_0001_01_000004 Container Transitioned from RUNNING to COMPLETED
datanode_1  | 2019-10-16 00:25:59,058 INFO impl.RoleInfo: 853aac7b-fd5c-4070-9e40-b1737f0c7317: shutdown FollowerState
datanode_3  | 2019-10-16 00:25:59,271 INFO impl.FollowerState: c1a39354-1bd9-4468-914f-510e63110f29@group-835320FBBA91-FollowerState was interrupted: java.lang.InterruptedException: sleep interrupted
nm_1        | 2019-10-16 00:27:27 INFO  NMAuditLogger:94 - USER=hadoop	IP=172.18.0.3	OPERATION=Stop Container Request	TARGET=ContainerManageImpl	RESULT=SUCCESS	APPID=application_1571185551947_0001	CONTAINERID=container_1571185551947_0001_01_000005
datanode_2  | 2019-10-16 00:25:59,796 INFO impl.RoleInfo: b025637b-7fb2-45ba-8bd1-ff3b68d7b937: start FollowerState
rm_1        | 2019-10-16 00:27:21 INFO  RMAuditLogger:200 - USER=hadoop	OPERATION=AM Released Container	TARGET=SchedulerApp	RESULT=SUCCESS	APPID=application_1571185551947_0001	CONTAINERID=container_1571185551947_0001_01_000004	RESOURCE=<memory:4096, vCores:1>
datanode_1  | 2019-10-16 00:25:59,058 INFO impl.FollowerState: 853aac7b-fd5c-4070-9e40-b1737f0c7317@group-835320FBBA91-FollowerState was interrupted: java.lang.InterruptedException: sleep interrupted
datanode_3  | 2019-10-16 00:25:59,271 INFO impl.RoleInfo: c1a39354-1bd9-4468-914f-510e63110f29: start FollowerState
nm_1        | 2019-10-16 00:27:34 INFO  ContainerLaunch:595 - Container container_1571185551947_0001_01_000001 succeeded 
datanode_2  | 2019-10-16 00:25:59,926 INFO impl.FollowerState: b025637b-7fb2-45ba-8bd1-ff3b68d7b937@group-835320FBBA91-FollowerState: change to CANDIDATE, lastRpcTime:130ms, electionTimeout:130ms
rm_1        | 2019-10-16 00:27:21 INFO  AbstractContainerAllocator:129 - assignedContainer application attempt=appattempt_1571185551947_0001_000001 container=null queue=default clusterResource=<memory:8192, vCores:8> type=OFF_SWITCH requestedPartition=
datanode_3  | 2019-10-16 00:25:59,319 INFO impl.RaftServerImpl: c1a39354-1bd9-4468-914f-510e63110f29@group-835320FBBA91: changes role from  FOLLOWER to FOLLOWER at term 14 for recognizeCandidate:b025637b-7fb2-45ba-8bd1-ff3b68d7b937
nm_1        | 2019-10-16 00:27:34 INFO  ContainerImpl:2112 - Container container_1571185551947_0001_01_000001 transitioned from RUNNING to EXITED_WITH_SUCCESS
datanode_2  | 2019-10-16 00:25:59,927 INFO impl.RoleInfo: b025637b-7fb2-45ba-8bd1-ff3b68d7b937: shutdown FollowerState
datanode_1  | 2019-10-16 00:25:59,058 INFO impl.RoleInfo: 853aac7b-fd5c-4070-9e40-b1737f0c7317: start FollowerState
rm_1        | 2019-10-16 00:27:21 INFO  RMContainerImpl:480 - container_1571185551947_0001_01_000005 Container Transitioned from NEW to ALLOCATED
datanode_3  | 2019-10-16 00:25:59,319 INFO impl.RoleInfo: c1a39354-1bd9-4468-914f-510e63110f29: shutdown FollowerState
nm_1        | 2019-10-16 00:27:34 INFO  ContainerCleanup:87 - Cleaning up container container_1571185551947_0001_01_000001
datanode_2  | 2019-10-16 00:25:59,927 INFO impl.RaftServerImpl: b025637b-7fb2-45ba-8bd1-ff3b68d7b937@group-835320FBBA91: changes role from  FOLLOWER to CANDIDATE at term 17 for changeToCandidate
datanode_1  | 2019-10-16 00:25:59,268 INFO impl.RaftServerImpl: 853aac7b-fd5c-4070-9e40-b1737f0c7317@group-835320FBBA91: changes role from  FOLLOWER to FOLLOWER at term 13 for recognizeCandidate:b025637b-7fb2-45ba-8bd1-ff3b68d7b937
rm_1        | 2019-10-16 00:27:21 INFO  FiCaSchedulerNode:169 - Assigned container container_1571185551947_0001_01_000005 of capacity <memory:4096, vCores:1> on host nm:36320, which has 2 containers, <memory:6144, vCores:2> used and <memory:2048, vCores:6> available after allocation
datanode_3  | 2019-10-16 00:25:59,319 INFO impl.RoleInfo: c1a39354-1bd9-4468-914f-510e63110f29: start FollowerState
nm_1        | 2019-10-16 00:27:34 INFO  NMAuditLogger:94 - USER=hadoop	OPERATION=Container Finished - Succeeded	TARGET=ContainerImpl	RESULT=SUCCESS	APPID=application_1571185551947_0001	CONTAINERID=container_1571185551947_0001_01_000001
datanode_2  | 2019-10-16 00:25:59,927 INFO impl.RoleInfo: b025637b-7fb2-45ba-8bd1-ff3b68d7b937: start LeaderElection
rm_1        | 2019-10-16 00:27:21 INFO  RMAuditLogger:200 - USER=hadoop	OPERATION=AM Allocated Container	TARGET=SchedulerApp	RESULT=SUCCESS	APPID=application_1571185551947_0001	CONTAINERID=container_1571185551947_0001_01_000005	RESOURCE=<memory:4096, vCores:1>
datanode_1  | 2019-10-16 00:25:59,268 INFO impl.RoleInfo: 853aac7b-fd5c-4070-9e40-b1737f0c7317: shutdown FollowerState
datanode_2  | 2019-10-16 00:25:59,958 INFO impl.LeaderElection: b025637b-7fb2-45ba-8bd1-ff3b68d7b937@group-835320FBBA91-LeaderElection12: begin an election at term 18 for -1: [b025637b-7fb2-45ba-8bd1-ff3b68d7b937:172.18.0.9:9858, 853aac7b-fd5c-4070-9e40-b1737f0c7317:172.18.0.4:9858, c1a39354-1bd9-4468-914f-510e63110f29:172.18.0.7:9858], old=null
datanode_3  | 2019-10-16 00:25:59,319 INFO impl.FollowerState: c1a39354-1bd9-4468-914f-510e63110f29@group-835320FBBA91-FollowerState was interrupted: java.lang.InterruptedException: sleep interrupted
nm_1        | 2019-10-16 00:27:34 INFO  ContainerImpl:2112 - Container container_1571185551947_0001_01_000001 transitioned from EXITED_WITH_SUCCESS to DONE
rm_1        | 2019-10-16 00:27:21 INFO  ParentQueue:1336 - assignedContainer queue=root usedCapacity=0.75 absoluteUsedCapacity=0.75 used=<memory:6144, vCores:2> cluster=<memory:8192, vCores:8>
datanode_1  | 2019-10-16 00:25:59,268 INFO impl.RoleInfo: 853aac7b-fd5c-4070-9e40-b1737f0c7317: start FollowerState
datanode_3  | 2019-10-16 00:25:59,374 INFO impl.RaftServerImpl: c1a39354-1bd9-4468-914f-510e63110f29@group-835320FBBA91: changes role from  FOLLOWER to FOLLOWER at term 15 for recognizeCandidate:b025637b-7fb2-45ba-8bd1-ff3b68d7b937
datanode_2  | 2019-10-16 00:26:00,012 INFO impl.LeaderElection: b025637b-7fb2-45ba-8bd1-ff3b68d7b937@group-835320FBBA91-LeaderElection12: Election REJECTED; received 2 response(s) [b025637b-7fb2-45ba-8bd1-ff3b68d7b937<-853aac7b-fd5c-4070-9e40-b1737f0c7317#0:FAIL-t18, b025637b-7fb2-45ba-8bd1-ff3b68d7b937<-c1a39354-1bd9-4468-914f-510e63110f29#0:FAIL-t18] and 0 exception(s); b025637b-7fb2-45ba-8bd1-ff3b68d7b937@group-835320FBBA91:t18, leader=null, voted=b025637b-7fb2-45ba-8bd1-ff3b68d7b937, raftlog=b025637b-7fb2-45ba-8bd1-ff3b68d7b937@group-835320FBBA91-SegmentedRaftLog:OPENED:c-1,f-1,i0, conf=-1: [b025637b-7fb2-45ba-8bd1-ff3b68d7b937:172.18.0.9:9858, 853aac7b-fd5c-4070-9e40-b1737f0c7317:172.18.0.4:9858, c1a39354-1bd9-4468-914f-510e63110f29:172.18.0.7:9858], old=null
nm_1        | 2019-10-16 00:27:34 INFO  ApplicationImpl:512 - Removing container_1571185551947_0001_01_000001 from application application_1571185551947_0001
rm_1        | 2019-10-16 00:27:21 INFO  CapacityScheduler:3005 - Allocation proposal accepted
datanode_1  | 2019-10-16 00:25:59,269 INFO impl.FollowerState: 853aac7b-fd5c-4070-9e40-b1737f0c7317@group-835320FBBA91-FollowerState was interrupted: java.lang.InterruptedException: sleep interrupted
datanode_3  | 2019-10-16 00:25:59,374 INFO impl.RoleInfo: c1a39354-1bd9-4468-914f-510e63110f29: shutdown FollowerState
nm_1        | 2019-10-16 00:27:34 INFO  ContainersMonitorImpl:1004 - Stopping resource-monitoring for container_1571185551947_0001_01_000001
rm_1        | 2019-10-16 00:27:22 INFO  RMContainerImpl:480 - container_1571185551947_0001_01_000005 Container Transitioned from ALLOCATED to ACQUIRED
datanode_1  | 2019-10-16 00:25:59,321 INFO impl.RaftServerImpl: 853aac7b-fd5c-4070-9e40-b1737f0c7317@group-835320FBBA91: changes role from  FOLLOWER to FOLLOWER at term 14 for recognizeCandidate:b025637b-7fb2-45ba-8bd1-ff3b68d7b937
datanode_3  | 2019-10-16 00:25:59,374 INFO impl.RoleInfo: c1a39354-1bd9-4468-914f-510e63110f29: start FollowerState
datanode_2  | 2019-10-16 00:26:00,013 INFO impl.RaftServerImpl: b025637b-7fb2-45ba-8bd1-ff3b68d7b937@group-835320FBBA91: changes role from CANDIDATE to FOLLOWER at term 18 for DISCOVERED_A_NEW_TERM
nm_1        | 2019-10-16 00:27:34 INFO  AuxServices:350 - Got event CONTAINER_STOP for appId application_1571185551947_0001
rm_1        | 2019-10-16 00:27:22 INFO  RMContainerImpl:480 - container_1571185551947_0001_01_000005 Container Transitioned from ACQUIRED to RUNNING
datanode_1  | 2019-10-16 00:25:59,321 INFO impl.RoleInfo: 853aac7b-fd5c-4070-9e40-b1737f0c7317: shutdown FollowerState
datanode_3  | 2019-10-16 00:25:59,374 INFO impl.FollowerState: c1a39354-1bd9-4468-914f-510e63110f29@group-835320FBBA91-FollowerState was interrupted: java.lang.InterruptedException: sleep interrupted
datanode_2  | 2019-10-16 00:26:00,014 INFO impl.RoleInfo: b025637b-7fb2-45ba-8bd1-ff3b68d7b937: shutdown LeaderElection
nm_1        | 2019-10-16 00:27:34 INFO  Server:1849 - Auth successful for appattempt_1571185551947_0001_000001 (auth:SIMPLE)
datanode_1  | 2019-10-16 00:25:59,322 INFO impl.RoleInfo: 853aac7b-fd5c-4070-9e40-b1737f0c7317: start FollowerState
rm_1        | 2019-10-16 00:27:23 INFO  AppSchedulingInfo:367 - checking for deactivate of application :application_1571185551947_0001
datanode_3  | 2019-10-16 00:25:59,477 INFO impl.RaftServerImpl: c1a39354-1bd9-4468-914f-510e63110f29@group-835320FBBA91: changes role from  FOLLOWER to FOLLOWER at term 16 for recognizeCandidate:b025637b-7fb2-45ba-8bd1-ff3b68d7b937
datanode_2  | 2019-10-16 00:26:00,014 INFO impl.RoleInfo: b025637b-7fb2-45ba-8bd1-ff3b68d7b937: start FollowerState
nm_1        | 2019-10-16 00:27:34 INFO  DefaultContainerExecutor:634 - Deleting absolute path : /tmp/hadoop-hadoop/nm-local-dir/usercache/hadoop/appcache/application_1571185551947_0001/container_1571185551947_0001_01_000001/launch_container.sh
datanode_1  | 2019-10-16 00:25:59,322 INFO impl.FollowerState: 853aac7b-fd5c-4070-9e40-b1737f0c7317@group-835320FBBA91-FollowerState was interrupted: java.lang.InterruptedException: sleep interrupted
rm_1        | 2019-10-16 00:27:27 INFO  RMContainerImpl:480 - container_1571185551947_0001_01_000005 Container Transitioned from RUNNING to COMPLETED
datanode_3  | 2019-10-16 00:25:59,477 INFO impl.RoleInfo: c1a39354-1bd9-4468-914f-510e63110f29: shutdown FollowerState
datanode_2  | 2019-10-16 00:26:00,135 INFO impl.FollowerState: b025637b-7fb2-45ba-8bd1-ff3b68d7b937@group-835320FBBA91-FollowerState: change to CANDIDATE, lastRpcTime:121ms, electionTimeout:120ms
nm_1        | 2019-10-16 00:27:34 INFO  DefaultContainerExecutor:634 - Deleting absolute path : /tmp/hadoop-hadoop/nm-local-dir/usercache/hadoop/appcache/application_1571185551947_0001/container_1571185551947_0001_01_000001/container_tokens
rm_1        | 2019-10-16 00:27:27 INFO  RMAuditLogger:200 - USER=hadoop	OPERATION=AM Released Container	TARGET=SchedulerApp	RESULT=SUCCESS	APPID=application_1571185551947_0001	CONTAINERID=container_1571185551947_0001_01_000005	RESOURCE=<memory:4096, vCores:1>
datanode_3  | 2019-10-16 00:25:59,477 INFO impl.RoleInfo: c1a39354-1bd9-4468-914f-510e63110f29: start FollowerState
datanode_1  | 2019-10-16 00:25:59,373 INFO impl.RaftServerImpl: 853aac7b-fd5c-4070-9e40-b1737f0c7317@group-835320FBBA91: changes role from  FOLLOWER to FOLLOWER at term 15 for recognizeCandidate:b025637b-7fb2-45ba-8bd1-ff3b68d7b937
datanode_2  | 2019-10-16 00:26:00,136 INFO impl.RoleInfo: b025637b-7fb2-45ba-8bd1-ff3b68d7b937: shutdown FollowerState
nm_1        | 2019-10-16 00:27:34 INFO  ContainerManagerImpl:1409 - Stopping container with container Id: container_1571185551947_0001_01_000001
rm_1        | 2019-10-16 00:27:27 INFO  RMAppAttemptImpl:1412 - Updating application attempt appattempt_1571185551947_0001_000001 with final state: FINISHING, and exit status: -1000
datanode_3  | 2019-10-16 00:25:59,477 INFO impl.FollowerState: c1a39354-1bd9-4468-914f-510e63110f29@group-835320FBBA91-FollowerState was interrupted: java.lang.InterruptedException: sleep interrupted
datanode_1  | 2019-10-16 00:25:59,373 INFO impl.RoleInfo: 853aac7b-fd5c-4070-9e40-b1737f0c7317: shutdown FollowerState
datanode_2  | 2019-10-16 00:26:00,136 INFO impl.RaftServerImpl: b025637b-7fb2-45ba-8bd1-ff3b68d7b937@group-835320FBBA91: changes role from  FOLLOWER to CANDIDATE at term 18 for changeToCandidate
nm_1        | 2019-10-16 00:27:34 INFO  NMAuditLogger:94 - USER=hadoop	IP=172.18.0.5	OPERATION=Stop Container Request	TARGET=ContainerManageImpl	RESULT=SUCCESS	APPID=application_1571185551947_0001	CONTAINERID=container_1571185551947_0001_01_000001
rm_1        | 2019-10-16 00:27:27 INFO  RMAppAttemptImpl:925 - appattempt_1571185551947_0001_000001 State change from RUNNING to FINAL_SAVING on event = UNREGISTERED
datanode_3  | 2019-10-16 00:25:59,767 INFO impl.RaftServerImpl: c1a39354-1bd9-4468-914f-510e63110f29@group-835320FBBA91: changes role from  FOLLOWER to FOLLOWER at term 17 for recognizeCandidate:b025637b-7fb2-45ba-8bd1-ff3b68d7b937
datanode_1  | 2019-10-16 00:25:59,373 INFO impl.FollowerState: 853aac7b-fd5c-4070-9e40-b1737f0c7317@group-835320FBBA91-FollowerState was interrupted: java.lang.InterruptedException: sleep interrupted
datanode_2  | 2019-10-16 00:26:00,137 INFO impl.RoleInfo: b025637b-7fb2-45ba-8bd1-ff3b68d7b937: start LeaderElection
nm_1        | 2019-10-16 00:27:35 INFO  NodeStatusUpdaterImpl:707 - Removed completed containers from NM context: [container_1571185551947_0001_01_000001]
datanode_3  | 2019-10-16 00:25:59,767 INFO impl.RoleInfo: c1a39354-1bd9-4468-914f-510e63110f29: shutdown FollowerState
datanode_1  | 2019-10-16 00:25:59,373 INFO impl.RoleInfo: 853aac7b-fd5c-4070-9e40-b1737f0c7317: start FollowerState
datanode_2  | 2019-10-16 00:26:00,168 INFO impl.LeaderElection: b025637b-7fb2-45ba-8bd1-ff3b68d7b937@group-835320FBBA91-LeaderElection13: begin an election at term 19 for -1: [b025637b-7fb2-45ba-8bd1-ff3b68d7b937:172.18.0.9:9858, 853aac7b-fd5c-4070-9e40-b1737f0c7317:172.18.0.4:9858, c1a39354-1bd9-4468-914f-510e63110f29:172.18.0.7:9858], old=null
nm_1        | 2019-10-16 00:27:35 INFO  ApplicationImpl:655 - Application application_1571185551947_0001 transitioned from RUNNING to APPLICATION_RESOURCES_CLEANINGUP
datanode_3  | 2019-10-16 00:25:59,767 INFO impl.RoleInfo: c1a39354-1bd9-4468-914f-510e63110f29: start FollowerState
datanode_1  | 2019-10-16 00:25:59,475 INFO impl.RaftServerImpl: 853aac7b-fd5c-4070-9e40-b1737f0c7317@group-835320FBBA91: changes role from  FOLLOWER to FOLLOWER at term 16 for recognizeCandidate:b025637b-7fb2-45ba-8bd1-ff3b68d7b937
datanode_2  | 2019-10-16 00:26:00,225 INFO impl.LeaderElection: b025637b-7fb2-45ba-8bd1-ff3b68d7b937@group-835320FBBA91-LeaderElection13: Election REJECTED; received 2 response(s) [b025637b-7fb2-45ba-8bd1-ff3b68d7b937<-853aac7b-fd5c-4070-9e40-b1737f0c7317#0:FAIL-t19, b025637b-7fb2-45ba-8bd1-ff3b68d7b937<-c1a39354-1bd9-4468-914f-510e63110f29#0:FAIL-t19] and 0 exception(s); b025637b-7fb2-45ba-8bd1-ff3b68d7b937@group-835320FBBA91:t19, leader=null, voted=b025637b-7fb2-45ba-8bd1-ff3b68d7b937, raftlog=b025637b-7fb2-45ba-8bd1-ff3b68d7b937@group-835320FBBA91-SegmentedRaftLog:OPENED:c-1,f-1,i0, conf=-1: [b025637b-7fb2-45ba-8bd1-ff3b68d7b937:172.18.0.9:9858, 853aac7b-fd5c-4070-9e40-b1737f0c7317:172.18.0.4:9858, c1a39354-1bd9-4468-914f-510e63110f29:172.18.0.7:9858], old=null
nm_1        | 2019-10-16 00:27:35 INFO  AuxServices:350 - Got event APPLICATION_STOP for appId application_1571185551947_0001
datanode_3  | 2019-10-16 00:25:59,767 INFO impl.FollowerState: c1a39354-1bd9-4468-914f-510e63110f29@group-835320FBBA91-FollowerState was interrupted: java.lang.InterruptedException: sleep interrupted
rm_1        | 2019-10-16 00:27:27 INFO  RMAppImpl:1310 - Updating application application_1571185551947_0001 with final state: FINISHING
datanode_2  | 2019-10-16 00:26:00,226 INFO impl.RaftServerImpl: b025637b-7fb2-45ba-8bd1-ff3b68d7b937@group-835320FBBA91: changes role from CANDIDATE to FOLLOWER at term 19 for DISCOVERED_A_NEW_TERM
datanode_1  | 2019-10-16 00:25:59,475 INFO impl.RoleInfo: 853aac7b-fd5c-4070-9e40-b1737f0c7317: shutdown FollowerState
nm_1        | 2019-10-16 00:27:35 INFO  ApplicationImpl:655 - Application application_1571185551947_0001 transitioned from APPLICATION_RESOURCES_CLEANINGUP to FINISHED
datanode_3  | 2019-10-16 00:25:59,980 INFO impl.RaftServerImpl: c1a39354-1bd9-4468-914f-510e63110f29@group-835320FBBA91: changes role from  FOLLOWER to FOLLOWER at term 18 for recognizeCandidate:b025637b-7fb2-45ba-8bd1-ff3b68d7b937
rm_1        | 2019-10-16 00:27:27 INFO  RMAppImpl:928 - application_1571185551947_0001 State change from RUNNING to FINAL_SAVING on event = ATTEMPT_UNREGISTERED
datanode_2  | 2019-10-16 00:26:00,228 INFO impl.RoleInfo: b025637b-7fb2-45ba-8bd1-ff3b68d7b937: shutdown LeaderElection
datanode_1  | 2019-10-16 00:25:59,475 INFO impl.RoleInfo: 853aac7b-fd5c-4070-9e40-b1737f0c7317: start FollowerState
nm_1        | 2019-10-16 00:27:35 INFO  NonAggregatingLogHandler:173 - Scheduling Log Deletion for application: application_1571185551947_0001, with delay of 10800 seconds
datanode_3  | 2019-10-16 00:25:59,980 INFO impl.RoleInfo: c1a39354-1bd9-4468-914f-510e63110f29: shutdown FollowerState
rm_1        | 2019-10-16 00:27:27 INFO  RMStateStore:261 - Updating info for app: application_1571185551947_0001
datanode_2  | 2019-10-16 00:26:00,228 INFO impl.RoleInfo: b025637b-7fb2-45ba-8bd1-ff3b68d7b937: start FollowerState
nm_1        | 2019-10-16 00:27:36 INFO  Server:1849 - Auth successful for appattempt_1571185551947_0002_000001 (auth:SIMPLE)
datanode_1  | 2019-10-16 00:25:59,475 INFO impl.FollowerState: 853aac7b-fd5c-4070-9e40-b1737f0c7317@group-835320FBBA91-FollowerState was interrupted: java.lang.InterruptedException: sleep interrupted
datanode_3  | 2019-10-16 00:25:59,980 INFO impl.RoleInfo: c1a39354-1bd9-4468-914f-510e63110f29: start FollowerState
rm_1        | 2019-10-16 00:27:27 INFO  RMAppAttemptImpl:925 - appattempt_1571185551947_0001_000001 State change from FINAL_SAVING to FINISHING on event = ATTEMPT_UPDATE_SAVED
datanode_2  | 2019-10-16 00:26:00,312 INFO impl.FollowerState: b025637b-7fb2-45ba-8bd1-ff3b68d7b937@group-835320FBBA91-FollowerState: change to CANDIDATE, lastRpcTime:83ms, electionTimeout:83ms
nm_1        | 2019-10-16 00:27:36 INFO  ContainerManagerImpl:1070 - Start request for container_1571185551947_0002_01_000001 by user hadoop
rm_1        | 2019-10-16 00:27:27 INFO  RMAppImpl:928 - application_1571185551947_0001 State change from FINAL_SAVING to FINISHING on event = APP_UPDATE_SAVED
datanode_3  | 2019-10-16 00:25:59,980 INFO impl.FollowerState: c1a39354-1bd9-4468-914f-510e63110f29@group-835320FBBA91-FollowerState was interrupted: java.lang.InterruptedException: sleep interrupted
datanode_2  | 2019-10-16 00:26:00,313 INFO impl.RoleInfo: b025637b-7fb2-45ba-8bd1-ff3b68d7b937: shutdown FollowerState
datanode_1  | 2019-10-16 00:25:59,773 INFO impl.RaftServerImpl: 853aac7b-fd5c-4070-9e40-b1737f0c7317@group-835320FBBA91: changes role from  FOLLOWER to FOLLOWER at term 17 for recognizeCandidate:b025637b-7fb2-45ba-8bd1-ff3b68d7b937
nm_1        | 2019-10-16 00:27:36 INFO  ContainerManagerImpl:1122 - Creating a new application reference for app application_1571185551947_0002
rm_1        | 2019-10-16 00:27:28 INFO  ApplicationMasterService:312 - application_1571185551947_0001 unregistered successfully. 
datanode_2  | 2019-10-16 00:26:00,313 INFO impl.RaftServerImpl: b025637b-7fb2-45ba-8bd1-ff3b68d7b937@group-835320FBBA91: changes role from  FOLLOWER to CANDIDATE at term 19 for changeToCandidate
datanode_3  | 2019-10-16 00:26:00,191 INFO impl.RaftServerImpl: c1a39354-1bd9-4468-914f-510e63110f29@group-835320FBBA91: changes role from  FOLLOWER to FOLLOWER at term 19 for recognizeCandidate:b025637b-7fb2-45ba-8bd1-ff3b68d7b937
datanode_1  | 2019-10-16 00:25:59,773 INFO impl.RoleInfo: 853aac7b-fd5c-4070-9e40-b1737f0c7317: shutdown FollowerState
nm_1        | 2019-10-16 00:27:36 INFO  NMAuditLogger:94 - USER=hadoop	IP=172.18.0.5	OPERATION=Start Container Request	TARGET=ContainerManageImpl	RESULT=SUCCESS	APPID=application_1571185551947_0002	CONTAINERID=container_1571185551947_0002_01_000001
rm_1        | 2019-10-16 00:27:33 INFO  ClientRMService:355 - Allocated new applicationId: 2
datanode_2  | 2019-10-16 00:26:00,313 INFO impl.RoleInfo: b025637b-7fb2-45ba-8bd1-ff3b68d7b937: start LeaderElection
datanode_3  | 2019-10-16 00:26:00,192 INFO impl.RoleInfo: c1a39354-1bd9-4468-914f-510e63110f29: shutdown FollowerState
datanode_1  | 2019-10-16 00:25:59,773 INFO impl.RoleInfo: 853aac7b-fd5c-4070-9e40-b1737f0c7317: start FollowerState
nm_1        | 2019-10-16 00:27:36 INFO  ApplicationImpl:655 - Application application_1571185551947_0002 transitioned from NEW to INITING
rm_1        | 2019-10-16 00:27:34 INFO  RMContainerImpl:480 - container_1571185551947_0001_01_000001 Container Transitioned from RUNNING to COMPLETED
datanode_2  | 2019-10-16 00:26:00,345 INFO impl.LeaderElection: b025637b-7fb2-45ba-8bd1-ff3b68d7b937@group-835320FBBA91-LeaderElection14: begin an election at term 20 for -1: [b025637b-7fb2-45ba-8bd1-ff3b68d7b937:172.18.0.9:9858, 853aac7b-fd5c-4070-9e40-b1737f0c7317:172.18.0.4:9858, c1a39354-1bd9-4468-914f-510e63110f29:172.18.0.7:9858], old=null
datanode_3  | 2019-10-16 00:26:00,192 INFO impl.RoleInfo: c1a39354-1bd9-4468-914f-510e63110f29: start FollowerState
datanode_1  | 2019-10-16 00:25:59,773 INFO impl.FollowerState: 853aac7b-fd5c-4070-9e40-b1737f0c7317@group-835320FBBA91-FollowerState was interrupted: java.lang.InterruptedException: sleep interrupted
nm_1        | 2019-10-16 00:27:36 INFO  ApplicationImpl:463 - Adding container_1571185551947_0002_01_000001 to application application_1571185551947_0002
rm_1        | 2019-10-16 00:27:34 INFO  RMAuditLogger:200 - USER=hadoop	OPERATION=AM Released Container	TARGET=SchedulerApp	RESULT=SUCCESS	APPID=application_1571185551947_0001	CONTAINERID=container_1571185551947_0001_01_000001	RESOURCE=<memory:2048, vCores:1>
datanode_2  | 2019-10-16 00:26:00,400 INFO impl.LeaderElection: b025637b-7fb2-45ba-8bd1-ff3b68d7b937@group-835320FBBA91-LeaderElection14: Election REJECTED; received 2 response(s) [b025637b-7fb2-45ba-8bd1-ff3b68d7b937<-853aac7b-fd5c-4070-9e40-b1737f0c7317#0:FAIL-t20, b025637b-7fb2-45ba-8bd1-ff3b68d7b937<-c1a39354-1bd9-4468-914f-510e63110f29#0:FAIL-t20] and 0 exception(s); b025637b-7fb2-45ba-8bd1-ff3b68d7b937@group-835320FBBA91:t20, leader=null, voted=b025637b-7fb2-45ba-8bd1-ff3b68d7b937, raftlog=b025637b-7fb2-45ba-8bd1-ff3b68d7b937@group-835320FBBA91-SegmentedRaftLog:OPENED:c-1,f-1,i0, conf=-1: [b025637b-7fb2-45ba-8bd1-ff3b68d7b937:172.18.0.9:9858, 853aac7b-fd5c-4070-9e40-b1737f0c7317:172.18.0.4:9858, c1a39354-1bd9-4468-914f-510e63110f29:172.18.0.7:9858], old=null
datanode_1  | 2019-10-16 00:25:59,981 INFO impl.RaftServerImpl: 853aac7b-fd5c-4070-9e40-b1737f0c7317@group-835320FBBA91: changes role from  FOLLOWER to FOLLOWER at term 18 for recognizeCandidate:b025637b-7fb2-45ba-8bd1-ff3b68d7b937
nm_1        | 2019-10-16 00:27:36 INFO  ApplicationImpl:655 - Application application_1571185551947_0002 transitioned from INITING to RUNNING
datanode_3  | 2019-10-16 00:26:00,192 INFO impl.FollowerState: c1a39354-1bd9-4468-914f-510e63110f29@group-835320FBBA91-FollowerState was interrupted: java.lang.InterruptedException: sleep interrupted
rm_1        | 2019-10-16 00:27:34 INFO  ApplicationMasterService:488 - Unregistering app attempt : appattempt_1571185551947_0001_000001
datanode_2  | 2019-10-16 00:26:00,400 INFO impl.RaftServerImpl: b025637b-7fb2-45ba-8bd1-ff3b68d7b937@group-835320FBBA91: changes role from CANDIDATE to FOLLOWER at term 20 for DISCOVERED_A_NEW_TERM
datanode_1  | 2019-10-16 00:25:59,981 INFO impl.RoleInfo: 853aac7b-fd5c-4070-9e40-b1737f0c7317: shutdown FollowerState
nm_1        | 2019-10-16 00:27:36 INFO  ContainerImpl:2112 - Container container_1571185551947_0002_01_000001 transitioned from NEW to LOCALIZING
datanode_3  | 2019-10-16 00:26:00,372 INFO impl.RaftServerImpl: c1a39354-1bd9-4468-914f-510e63110f29@group-835320FBBA91: changes role from  FOLLOWER to FOLLOWER at term 20 for recognizeCandidate:b025637b-7fb2-45ba-8bd1-ff3b68d7b937
rm_1        | 2019-10-16 00:27:34 INFO  AMRMTokenSecretManager:124 - Application finished, removing password for appattempt_1571185551947_0001_000001
datanode_2  | 2019-10-16 00:26:00,400 INFO impl.RoleInfo: b025637b-7fb2-45ba-8bd1-ff3b68d7b937: shutdown LeaderElection
datanode_1  | 2019-10-16 00:25:59,981 INFO impl.FollowerState: 853aac7b-fd5c-4070-9e40-b1737f0c7317@group-835320FBBA91-FollowerState was interrupted: java.lang.InterruptedException: sleep interrupted
nm_1        | 2019-10-16 00:27:36 INFO  AuxServices:350 - Got event CONTAINER_INIT for appId application_1571185551947_0002
datanode_3  | 2019-10-16 00:26:00,372 INFO impl.RoleInfo: c1a39354-1bd9-4468-914f-510e63110f29: shutdown FollowerState
rm_1        | 2019-10-16 00:27:34 INFO  RMAppAttemptImpl:925 - appattempt_1571185551947_0001_000001 State change from FINISHING to FINISHED on event = CONTAINER_FINISHED
datanode_2  | 2019-10-16 00:26:00,401 INFO impl.RoleInfo: b025637b-7fb2-45ba-8bd1-ff3b68d7b937: start FollowerState
datanode_1  | 2019-10-16 00:25:59,981 INFO impl.RoleInfo: 853aac7b-fd5c-4070-9e40-b1737f0c7317: start FollowerState
