Attaching to ozonesecure-mr_s3g_1, ozonesecure-mr_kms_1, ozonesecure-mr_om_1, ozonesecure-mr_kdc_1, ozonesecure-mr_nm_1, ozonesecure-mr_rm_1, ozonesecure-mr_scm_1, ozonesecure-mr_datanode_1, ozonesecure-mr_datanode_2, ozonesecure-mr_datanode_3, jhs
s3g_1       | Sleeping for 5 seconds
s3g_1       | Setting up kerberos!!
s3g_1       | KDC ISSUER_SERVER => kdc:8081
s3g_1       | Sleeping for 5 seconds
s3g_1       | Got 200, KDC service ready!!
s3g_1       | Download dn/s3g@EXAMPLE.COM keytab file to /etc/security/keytabs/dn.keytab
s3g_1       | --2019-10-16 00:40:02--  http://kdc:8081/keytab/s3g/dn
s3g_1       | Resolving kdc (kdc)... 172.18.0.8
kms_1       | Sleeping for 5 seconds
s3g_1       | Connecting to kdc (kdc)|172.18.0.8|:8081... connected.
kms_1       | Setting up kerberos!!
kms_1       | KDC ISSUER_SERVER => kdc:8081
s3g_1       | HTTP request sent, awaiting response... 200 OK
kms_1       | /opt/starter.sh: line 66: SLEEP_SECONDS: command not found
s3g_1       | Length: 140 [application/octet-stream]
om_1        | Sleeping for 5 seconds
kms_1       | Sleeping for  seconds
kdc_1       | Issuer is listening on : 8081krb5kdc: starting...
s3g_1       | Saving to: '/etc/security/keytabs/dn.keytab'
nm_1        | Sleeping for 5 seconds
om_1        | Setting up kerberos!!
kms_1       | Got 200, KDC service ready!!
rm_1        | Sleeping for 5 seconds
kdc_1       | kadmind: starting...
s3g_1       | 
nm_1        | Setting up kerberos!!
om_1        | KDC ISSUER_SERVER => kdc:8081
kms_1       | Download dn/27712e3a065a@EXAMPLE.COM keytab file to /etc/security/keytabs/dn.keytab
rm_1        | Setting up kerberos!!
kdc_1       | otp: Loaded
s3g_1       |      0K                                                       100% 10.3M=0s
scm_1       | Sleeping for 5 seconds
nm_1        | KDC ISSUER_SERVER => kdc:8081
datanode_3  | Sleeping for 5 seconds
datanode_1  | Sleeping for 5 seconds
kms_1       | --2019-10-16 00:40:01--  http://kdc:8081/keytab/27712e3a065a/dn
rm_1        | KDC ISSUER_SERVER => kdc:8081
kdc_1       | Oct 16 00:39:51 kdc krb5kdc[9](info): setting up network...
s3g_1       | 
scm_1       | Setting up kerberos!!
om_1        | Sleeping for 5 seconds
nm_1        | /opt/starter.sh: line 66: SLEEP_SECONDS: command not found
jhs         | Sleeping for 5 seconds
datanode_3  | Setting up kerberos!!
datanode_1  | Setting up kerberos!!
datanode_2  | Sleeping for 5 seconds
kms_1       | Resolving kdc (kdc)... 172.18.0.8
kdc_1       | krb5kdc: setsockopt(9,IPV6_V6ONLY,1) worked
rm_1        | /opt/starter.sh: line 66: SLEEP_SECONDS: command not found
s3g_1       | 2019-10-16 00:40:02 (10.3 MB/s) - '/etc/security/keytabs/dn.keytab' saved [140/140]
scm_1       | KDC ISSUER_SERVER => kdc:8081
om_1        | Got 200, KDC service ready!!
nm_1        | Sleeping for  seconds
jhs         | Setting up kerberos!!
datanode_3  | KDC ISSUER_SERVER => kdc:8081
datanode_1  | KDC ISSUER_SERVER => kdc:8081
datanode_2  | Setting up kerberos!!
kms_1       | Connecting to kdc (kdc)|172.18.0.8|:8081... connected.
kdc_1       | krb5kdc: setsockopt(11,IPV6_V6ONLY,1) worked
rm_1        | Sleeping for  seconds
s3g_1       | 
scm_1       | Sleeping for 5 seconds
om_1        | Download dn/om@EXAMPLE.COM keytab file to /etc/security/keytabs/dn.keytab
nm_1        | Got 200, KDC service ready!!
jhs         | KDC ISSUER_SERVER => kdc:8081
datanode_3  | Sleeping for 5 seconds
datanode_1  | Sleeping for 5 seconds
datanode_2  | KDC ISSUER_SERVER => kdc:8081
kms_1       | HTTP request sent, awaiting response... 200 OK
kdc_1       | Oct 16 00:39:51 kdc krb5kdc[9](info): set up 4 sockets
rm_1        | Got 200, KDC service ready!!
s3g_1       | Keytab name: FILE:/etc/security/keytabs/dn.keytab
scm_1       | Got 200, KDC service ready!!
om_1        | --2019-10-16 00:40:01--  http://kdc:8081/keytab/om/dn
nm_1        | Download dn/nm@EXAMPLE.COM keytab file to /etc/security/keytabs/dn.keytab
jhs         | /opt/starter.sh: line 66: SLEEP_SECONDS: command not found
datanode_3  | Got 200, KDC service ready!!
datanode_1  | Got 200, KDC service ready!!
kms_1       | Length: 158 [application/octet-stream]
kdc_1       | Oct 16 00:39:51 kdc krb5kdc[9](info): commencing operation
rm_1        | Download dn/rm@EXAMPLE.COM keytab file to /etc/security/keytabs/dn.keytab
datanode_2  | Sleeping for 5 seconds
s3g_1       | KVNO Timestamp         Principal
scm_1       | Download dn/scm@EXAMPLE.COM keytab file to /etc/security/keytabs/dn.keytab
om_1        | Resolving kdc (kdc)... 172.18.0.8
nm_1        | --2019-10-16 00:40:01--  http://kdc:8081/keytab/nm/dn
jhs         | Sleeping for  seconds
datanode_3  | Download dn/f69fb914b46c@EXAMPLE.COM keytab file to /etc/security/keytabs/dn.keytab
datanode_1  | Download dn/7353a1fa14b7@EXAMPLE.COM keytab file to /etc/security/keytabs/dn.keytab
kms_1       | Saving to: '/etc/security/keytabs/dn.keytab'
kdc_1       | Oct 16 00:39:40 f6fb51294edb kadmin.local[1](info): No dictionary file specified, continuing without one.
rm_1        | --2019-10-16 00:40:02--  http://kdc:8081/keytab/rm/dn
datanode_2  | Got 200, KDC service ready!!
s3g_1       | ---- ----------------- --------------------------------------------------------
scm_1       | --2019-10-16 00:40:02--  http://kdc:8081/keytab/scm/dn
om_1        | Connecting to kdc (kdc)|172.18.0.8|:8081... connected.
jhs         | Got 200, KDC service ready!!
nm_1        | Resolving kdc (kdc)... 172.18.0.8
datanode_3  | --2019-10-16 00:40:02--  http://kdc:8081/keytab/f69fb914b46c/dn
kms_1       | 
datanode_1  | --2019-10-16 00:40:02--  http://kdc:8081/keytab/7353a1fa14b7/dn
kdc_1       | Oct 16 00:39:42 105bb08384f4 kadmin.local[1](info): No dictionary file specified, continuing without one.
datanode_2  | Download dn/7b877448d952@EXAMPLE.COM keytab file to /etc/security/keytabs/dn.keytab
rm_1        | Resolving kdc (kdc)... 172.18.0.8
s3g_1       |    2 10/16/19 00:40:02 dn/s3g@EXAMPLE.COM
scm_1       | Resolving kdc (kdc)... 172.18.0.8
om_1        | HTTP request sent, awaiting response... 200 OK
jhs         | Download dn/jhs@EXAMPLE.COM keytab file to /etc/security/keytabs/dn.keytab
nm_1        | Connecting to kdc (kdc)|172.18.0.8|:8081... connected.
datanode_3  | Resolving kdc (kdc)... 172.18.0.8
kms_1       |      0K                                                       100% 10.6M=0s
datanode_1  | Resolving kdc (kdc)... 172.18.0.8
kdc_1       | Oct 16 00:39:55 kdc kadmind[15](info): No dictionary file specified, continuing without one.
datanode_2  | --2019-10-16 00:40:02--  http://kdc:8081/keytab/7b877448d952/dn
rm_1        | Connecting to kdc (kdc)|172.18.0.8|:8081... connected.
s3g_1       |    2 10/16/19 00:40:02 dn/s3g@EXAMPLE.COM
scm_1       | Connecting to kdc (kdc)|172.18.0.8|:8081... connected.
om_1        | Length: 138 [application/octet-stream]
jhs         | --2019-10-16 00:40:01--  http://kdc:8081/keytab/jhs/dn
nm_1        | HTTP request sent, awaiting response... 200 OK
kms_1       | 
datanode_1  | Connecting to kdc (kdc)|172.18.0.8|:8081... connected.
kdc_1       | Oct 16 00:39:55 kdc kadmind[15](info): setting up network...
rm_1        | HTTP request sent, awaiting response... 200 OK
datanode_2  | Resolving kdc (kdc)... 172.18.0.8
datanode_3  | Connecting to kdc (kdc)|172.18.0.8|:8081... connected.
s3g_1       | Download om/s3g@EXAMPLE.COM keytab file to /etc/security/keytabs/om.keytab
scm_1       | HTTP request sent, awaiting response... 200 OK
om_1        | Saving to: '/etc/security/keytabs/dn.keytab'
jhs         | Resolving kdc (kdc)... 172.18.0.8
nm_1        | Length: 138 [application/octet-stream]
kms_1       | 2019-10-16 00:40:02 (10.6 MB/s) - '/etc/security/keytabs/dn.keytab' saved [158/158]
datanode_1  | HTTP request sent, awaiting response... 200 OK
kdc_1       | kadmind: setsockopt(9,IPV6_V6ONLY,1) worked
rm_1        | Length: 138 [application/octet-stream]
datanode_2  | Connecting to kdc (kdc)|172.18.0.8|:8081... connected.
datanode_3  | HTTP request sent, awaiting response... 200 OK
s3g_1       | --2019-10-16 00:40:02--  http://kdc:8081/keytab/s3g/om
scm_1       | Length: 140 [application/octet-stream]
om_1        | 
nm_1        | Saving to: '/etc/security/keytabs/dn.keytab'
jhs         | Connecting to kdc (kdc)|172.18.0.8|:8081... connected.
datanode_1  | Length: 158 [application/octet-stream]
kdc_1       | kadmind: setsockopt(11,IPV6_V6ONLY,1) worked
kms_1       | 
rm_1        | Saving to: '/etc/security/keytabs/dn.keytab'
datanode_2  | HTTP request sent, awaiting response... 200 OK
datanode_3  | Length: 158 [application/octet-stream]
s3g_1       | Resolving kdc (kdc)... 172.18.0.8
scm_1       | Saving to: '/etc/security/keytabs/dn.keytab'
om_1        |      0K                                                       100% 10.7M=0s
nm_1        | 
jhs         | HTTP request sent, awaiting response... 200 OK
datanode_1  | Saving to: '/etc/security/keytabs/dn.keytab'
kms_1       | Keytab name: FILE:/etc/security/keytabs/dn.keytab
rm_1        | 
kdc_1       | kadmind: setsockopt(13,IPV6_V6ONLY,1) worked
datanode_2  | Length: 158 [application/octet-stream]
datanode_3  | Saving to: '/etc/security/keytabs/dn.keytab'
s3g_1       | Connecting to kdc (kdc)|172.18.0.8|:8081... connected.
scm_1       | 
om_1        | 
nm_1        |      0K                                                       100% 10.6M=0s
jhs         | Length: 140 [application/octet-stream]
datanode_1  | 
kms_1       | KVNO Timestamp         Principal
rm_1        |      0K                                                       100% 7.56M=0s
kdc_1       | Oct 16 00:39:55 kdc kadmind[15](info): set up 6 sockets
datanode_2  | Saving to: '/etc/security/keytabs/dn.keytab'
datanode_3  | 
s3g_1       | HTTP request sent, awaiting response... 200 OK
scm_1       |      0K                                                       100% 14.1M=0s
om_1        | 2019-10-16 00:40:02 (10.7 MB/s) - '/etc/security/keytabs/dn.keytab' saved [138/138]
nm_1        | 
jhs         | Saving to: '/etc/security/keytabs/dn.keytab'
datanode_1  |      0K                                                       100% 9.80M=0s
kms_1       | ---- ----------------- --------------------------------------------------------
rm_1        | 
kdc_1       | Oct 16 00:39:55 kdc kadmind[15](info): Seeding random number generator
datanode_2  | 
datanode_3  |      0K                                                       100% 11.5M=0s
s3g_1       | Length: 140 [application/octet-stream]
scm_1       | 
om_1        | 
nm_1        | 2019-10-16 00:40:02 (10.6 MB/s) - '/etc/security/keytabs/dn.keytab' saved [138/138]
jhs         | 
datanode_1  | 
kms_1       |    2 10/16/19 00:40:02 dn/27712e3a065a@EXAMPLE.COM
rm_1        | 2019-10-16 00:40:04 (7.56 MB/s) - '/etc/security/keytabs/dn.keytab' saved [138/138]
kdc_1       | Oct 16 00:39:55 kdc kadmind[15](info): starting
datanode_2  |      0K                                                       100% 12.6M=0s
datanode_3  | 
s3g_1       | Saving to: '/etc/security/keytabs/om.keytab'
om_1        | Keytab name: FILE:/etc/security/keytabs/dn.keytab
scm_1       | 2019-10-16 00:40:04 (14.1 MB/s) - '/etc/security/keytabs/dn.keytab' saved [140/140]
nm_1        | 
jhs         |      0K                                                       100% 9.80M=0s
datanode_1  | 2019-10-16 00:40:03 (9.80 MB/s) - '/etc/security/keytabs/dn.keytab' saved [158/158]
kms_1       |    2 10/16/19 00:40:02 dn/27712e3a065a@EXAMPLE.COM
rm_1        | 
kdc_1       | Generiting keytab
datanode_2  | 
datanode_3  | 2019-10-16 00:40:03 (11.5 MB/s) - '/etc/security/keytabs/dn.keytab' saved [158/158]
s3g_1       | 
om_1        | KVNO Timestamp         Principal
scm_1       | 
nm_1        | Keytab name: FILE:/etc/security/keytabs/dn.keytab
jhs         | 
datanode_1  | 
kms_1       | Download om/27712e3a065a@EXAMPLE.COM keytab file to /etc/security/keytabs/om.keytab
rm_1        | Keytab name: FILE:/etc/security/keytabs/dn.keytab
kdc_1       | Authenticating as principal admin/admin with keytab /tmp/admin.keytab.
datanode_2  | 2019-10-16 00:40:02 (12.6 MB/s) - '/etc/security/keytabs/dn.keytab' saved [158/158]
datanode_3  | 
s3g_1       |      0K                                                       100% 7.29M=0s
om_1        | ---- ----------------- --------------------------------------------------------
scm_1       | Keytab name: FILE:/etc/security/keytabs/dn.keytab
nm_1        | KVNO Timestamp         Principal
jhs         | 2019-10-16 00:40:02 (9.80 MB/s) - '/etc/security/keytabs/dn.keytab' saved [140/140]
datanode_1  | Keytab name: FILE:/etc/security/keytabs/dn.keytab
kms_1       | --2019-10-16 00:40:02--  http://kdc:8081/keytab/27712e3a065a/om
rm_1        | KVNO Timestamp         Principal
datanode_2  | 
datanode_3  | Keytab name: FILE:/etc/security/keytabs/dn.keytab
s3g_1       | 
om_1        |    2 10/16/19 00:40:02 dn/om@EXAMPLE.COM
nm_1        | ---- ----------------- --------------------------------------------------------
scm_1       | KVNO Timestamp         Principal
jhs         | 
kdc_1       | Oct 16 00:40:01 kdc krb5kdc[9](info): AS_REQ (8 etypes {18 17 20 19 16 23 25 26}) 127.0.0.1: SERVER_NOT_FOUND: admin/admin@EXAMPLE.COM for kadmin/localhost@EXAMPLE.COM, Server not found in Kerberos database
datanode_1  | KVNO Timestamp         Principal
kms_1       | Resolving kdc (kdc)... 172.18.0.8
rm_1        | ---- ----------------- --------------------------------------------------------
datanode_2  | Keytab name: FILE:/etc/security/keytabs/dn.keytab
datanode_3  | KVNO Timestamp         Principal
om_1        |    2 10/16/19 00:40:02 dn/om@EXAMPLE.COM
s3g_1       | 2019-10-16 00:40:04 (7.29 MB/s) - '/etc/security/keytabs/om.keytab' saved [140/140]
nm_1        |    2 10/16/19 00:40:02 dn/nm@EXAMPLE.COM
scm_1       | ---- ----------------- --------------------------------------------------------
jhs         | Keytab name: FILE:/etc/security/keytabs/dn.keytab
kdc_1       | Oct 16 00:40:01 kdc krb5kdc[9](info): AS_REQ (8 etypes {18 17 20 19 16 23 25 26}) 127.0.0.1: ISSUE: authtime 1571186401, etypes {rep=18 tkt=18 ses=18}, admin/admin@EXAMPLE.COM for kadmin/admin@EXAMPLE.COM
datanode_1  | ---- ----------------- --------------------------------------------------------
kms_1       | Connecting to kdc (kdc)|172.18.0.8|:8081... connected.
rm_1        |    2 10/16/19 00:40:04 dn/rm@EXAMPLE.COM
datanode_2  | KVNO Timestamp         Principal
datanode_3  | ---- ----------------- --------------------------------------------------------
om_1        | Download om/om@EXAMPLE.COM keytab file to /etc/security/keytabs/om.keytab
s3g_1       | 
nm_1        |    2 10/16/19 00:40:02 dn/nm@EXAMPLE.COM
scm_1       |    2 10/16/19 00:40:03 dn/scm@EXAMPLE.COM
jhs         | KVNO Timestamp         Principal
kdc_1       | WARNING: no policy specified for test/test@EXAMPLE.COM; defaulting to no policy
datanode_1  |    2 10/16/19 00:40:03 dn/7353a1fa14b7@EXAMPLE.COM
kms_1       | HTTP request sent, awaiting response... 200 OK
rm_1        |    2 10/16/19 00:40:04 dn/rm@EXAMPLE.COM
datanode_2  | ---- ----------------- --------------------------------------------------------
datanode_3  |    2 10/16/19 00:40:03 dn/f69fb914b46c@EXAMPLE.COM
om_1        | --2019-10-16 00:40:02--  http://kdc:8081/keytab/om/om
s3g_1       | Keytab name: FILE:/etc/security/keytabs/om.keytab
nm_1        | Download om/nm@EXAMPLE.COM keytab file to /etc/security/keytabs/om.keytab
scm_1       |    2 10/16/19 00:40:03 dn/scm@EXAMPLE.COM
jhs         | ---- ----------------- --------------------------------------------------------
kdc_1       | Principal "test/test@EXAMPLE.COM" created.
datanode_1  |    2 10/16/19 00:40:03 dn/7353a1fa14b7@EXAMPLE.COM
kms_1       | Length: 158 [application/octet-stream]
rm_1        | Download om/rm@EXAMPLE.COM keytab file to /etc/security/keytabs/om.keytab
datanode_2  |    2 10/16/19 00:40:02 dn/7b877448d952@EXAMPLE.COM
om_1        | Resolving kdc (kdc)... 172.18.0.8
datanode_3  |    2 10/16/19 00:40:03 dn/f69fb914b46c@EXAMPLE.COM
s3g_1       | KVNO Timestamp         Principal
nm_1        | --2019-10-16 00:40:02--  http://kdc:8081/keytab/nm/om
scm_1       | Download om/scm@EXAMPLE.COM keytab file to /etc/security/keytabs/om.keytab
jhs         |    2 10/16/19 00:40:02 dn/jhs@EXAMPLE.COM
kdc_1       | Authenticating as principal admin/admin with keytab /tmp/admin.keytab.
kms_1       | Saving to: '/etc/security/keytabs/om.keytab'
datanode_2  |    2 10/16/19 00:40:02 dn/7b877448d952@EXAMPLE.COM
rm_1        | --2019-10-16 00:40:04--  http://kdc:8081/keytab/rm/om
datanode_1  | Download om/7353a1fa14b7@EXAMPLE.COM keytab file to /etc/security/keytabs/om.keytab
om_1        | Connecting to kdc (kdc)|172.18.0.8|:8081... connected.
datanode_3  | Download om/f69fb914b46c@EXAMPLE.COM keytab file to /etc/security/keytabs/om.keytab
s3g_1       | ---- ----------------- --------------------------------------------------------
nm_1        | Resolving kdc (kdc)... 172.18.0.8
scm_1       | --2019-10-16 00:40:04--  http://kdc:8081/keytab/scm/om
jhs         |    2 10/16/19 00:40:02 dn/jhs@EXAMPLE.COM
kdc_1       | Entry for principal test/test@EXAMPLE.COM with kvno 2, encryption type aes256-cts-hmac-sha1-96 added to keytab WRFILE:/data/test.test.keytab.
kms_1       | 
datanode_2  | Download om/7b877448d952@EXAMPLE.COM keytab file to /etc/security/keytabs/om.keytab
rm_1        | Resolving kdc (kdc)... 172.18.0.8
datanode_1  | --2019-10-16 00:40:03--  http://kdc:8081/keytab/7353a1fa14b7/om
om_1        | HTTP request sent, awaiting response... 200 OK
datanode_3  | --2019-10-16 00:40:03--  http://kdc:8081/keytab/f69fb914b46c/om
s3g_1       |    2 10/16/19 00:40:04 om/s3g@EXAMPLE.COM
nm_1        | Connecting to kdc (kdc)|172.18.0.8|:8081... connected.
scm_1       | Resolving kdc (kdc)... 172.18.0.8
kdc_1       | Entry for principal test/test@EXAMPLE.COM with kvno 2, encryption type aes128-cts-hmac-sha1-96 added to keytab WRFILE:/data/test.test.keytab.
jhs         | Download om/jhs@EXAMPLE.COM keytab file to /etc/security/keytabs/om.keytab
kms_1       |      0K                                                       100% 15.1M=0s
datanode_2  | --2019-10-16 00:40:02--  http://kdc:8081/keytab/7b877448d952/om
datanode_1  | Resolving kdc (kdc)... 172.18.0.8
om_1        | Length: 138 [application/octet-stream]
rm_1        | Connecting to kdc (kdc)|172.18.0.8|:8081... connected.
datanode_3  | Resolving kdc (kdc)... 172.18.0.8
s3g_1       |    2 10/16/19 00:40:04 om/s3g@EXAMPLE.COM
nm_1        | HTTP request sent, awaiting response... 200 OK
scm_1       | Connecting to kdc (kdc)|172.18.0.8|:8081... connected.
kdc_1       | Generiting keytab
jhs         | --2019-10-16 00:40:02--  http://kdc:8081/keytab/jhs/om
kms_1       | 
datanode_2  | Resolving kdc (kdc)... 172.18.0.8
datanode_1  | Connecting to kdc (kdc)|172.18.0.8|:8081... connected.
om_1        | Saving to: '/etc/security/keytabs/om.keytab'
rm_1        | HTTP request sent, awaiting response... 200 OK
datanode_3  | Connecting to kdc (kdc)|172.18.0.8|:8081... connected.
s3g_1       | Download scm/s3g@EXAMPLE.COM keytab file to /etc/security/keytabs/scm.keytab
nm_1        | Length: 138 [application/octet-stream]
scm_1       | HTTP request sent, awaiting response... 200 OK
kdc_1       | Authenticating as principal admin/admin with keytab /tmp/admin.keytab.
jhs         | Resolving kdc (kdc)... 172.18.0.8
kms_1       | 2019-10-16 00:40:03 (15.1 MB/s) - '/etc/security/keytabs/om.keytab' saved [158/158]
datanode_2  | Connecting to kdc (kdc)|172.18.0.8|:8081... connected.
datanode_1  | HTTP request sent, awaiting response... 200 OK
om_1        | 
rm_1        | Length: 138 [application/octet-stream]
datanode_3  | HTTP request sent, awaiting response... 200 OK
s3g_1       | --2019-10-16 00:40:04--  http://kdc:8081/keytab/s3g/scm
nm_1        | Saving to: '/etc/security/keytabs/om.keytab'
scm_1       | Length: 140 [application/octet-stream]
kdc_1       | WARNING: no policy specified for test/test@EXAMPLE.COM; defaulting to no policy
jhs         | Connecting to kdc (kdc)|172.18.0.8|:8081... connected.
kms_1       | 
datanode_2  | HTTP request sent, awaiting response... 200 OK
datanode_1  | Length: 158 [application/octet-stream]
om_1        |      0K                                                       100% 9.07M=0s
rm_1        | Saving to: '/etc/security/keytabs/om.keytab'
datanode_3  | Length: 158 [application/octet-stream]
s3g_1       | Resolving kdc (kdc)... 172.18.0.8
nm_1        | 
scm_1       | Saving to: '/etc/security/keytabs/om.keytab'
kdc_1       | add_principal: Principal or policy already exists while creating "test/test@EXAMPLE.COM".
kms_1       | Keytab name: FILE:/etc/security/keytabs/om.keytab
jhs         | HTTP request sent, awaiting response... 200 OK
datanode_2  | Length: 158 [application/octet-stream]
datanode_1  | Saving to: '/etc/security/keytabs/om.keytab'
om_1        | 
rm_1        | 
datanode_3  | Saving to: '/etc/security/keytabs/om.keytab'
s3g_1       | Connecting to kdc (kdc)|172.18.0.8|:8081... connected.
nm_1        |      0K                                                       100% 14.9M=0s
scm_1       | 
kdc_1       | Authenticating as principal admin/admin with keytab /tmp/admin.keytab.
kms_1       | KVNO Timestamp         Principal
jhs         | Length: 140 [application/octet-stream]
datanode_2  | Saving to: '/etc/security/keytabs/om.keytab'
datanode_1  | 
rm_1        |      0K                                                       100% 9.91M=0s
om_1        | 2019-10-16 00:40:03 (9.07 MB/s) - '/etc/security/keytabs/om.keytab' saved [138/138]
datanode_3  | 
s3g_1       | HTTP request sent, awaiting response... 200 OK
nm_1        | 
scm_1       |      0K                                                       100% 10.4M=0s
kdc_1       | Entry for principal test/test@EXAMPLE.COM with kvno 3, encryption type aes256-cts-hmac-sha1-96 added to keytab WRFILE:/data/test.test.keytab.
kms_1       | ---- ----------------- --------------------------------------------------------
jhs         | Saving to: '/etc/security/keytabs/om.keytab'
datanode_2  | 
datanode_1  |      0K                                                       100% 11.8M=0s
rm_1        | 
om_1        | 
datanode_3  |      0K                                                       100% 12.0M=0s
s3g_1       | Length: 142 [application/octet-stream]
nm_1        | 2019-10-16 00:40:03 (14.9 MB/s) - '/etc/security/keytabs/om.keytab' saved [138/138]
scm_1       | 
kdc_1       | Entry for principal test/test@EXAMPLE.COM with kvno 3, encryption type aes128-cts-hmac-sha1-96 added to keytab WRFILE:/data/test.test.keytab.
kms_1       |    2 10/16/19 00:40:03 om/27712e3a065a@EXAMPLE.COM
jhs         | 
datanode_2  |      0K                                                       100% 12.6M=0s
datanode_1  | 
rm_1        | 2019-10-16 00:40:05 (9.91 MB/s) - '/etc/security/keytabs/om.keytab' saved [138/138]
om_1        | Keytab name: FILE:/etc/security/keytabs/om.keytab
s3g_1       | Saving to: '/etc/security/keytabs/scm.keytab'
nm_1        | 
scm_1       | 2019-10-16 00:40:05 (10.4 MB/s) - '/etc/security/keytabs/om.keytab' saved [140/140]
datanode_3  | 
kdc_1       | Generiting keytab
kms_1       |    2 10/16/19 00:40:03 om/27712e3a065a@EXAMPLE.COM
datanode_2  | 
jhs         |      0K                                                       100% 15.6M=0s
datanode_1  | 2019-10-16 00:40:05 (11.8 MB/s) - '/etc/security/keytabs/om.keytab' saved [158/158]
rm_1        | 
om_1        | KVNO Timestamp         Principal
s3g_1       | 
nm_1        | Keytab name: FILE:/etc/security/keytabs/om.keytab
scm_1       | 
datanode_3  | 2019-10-16 00:40:05 (12.0 MB/s) - '/etc/security/keytabs/om.keytab' saved [158/158]
kdc_1       | Authenticating as principal admin/admin with keytab /tmp/admin.keytab.
kms_1       | Download scm/27712e3a065a@EXAMPLE.COM keytab file to /etc/security/keytabs/scm.keytab
datanode_2  | 2019-10-16 00:40:04 (12.6 MB/s) - '/etc/security/keytabs/om.keytab' saved [158/158]
jhs         | 
datanode_1  | 
rm_1        | Keytab name: FILE:/etc/security/keytabs/om.keytab
om_1        | ---- ----------------- --------------------------------------------------------
s3g_1       |      0K                                                       100% 7.80M=0s
nm_1        | KVNO Timestamp         Principal
datanode_3  | 
scm_1       | Keytab name: FILE:/etc/security/keytabs/om.keytab
kdc_1       | WARNING: no policy specified for dn/nm@EXAMPLE.COM; defaulting to no policy
kms_1       | --2019-10-16 00:40:03--  http://kdc:8081/keytab/27712e3a065a/scm
datanode_2  | 
jhs         | 2019-10-16 00:40:03 (15.6 MB/s) - '/etc/security/keytabs/om.keytab' saved [140/140]
datanode_1  | Keytab name: FILE:/etc/security/keytabs/om.keytab
rm_1        | KVNO Timestamp         Principal
om_1        |    2 10/16/19 00:40:03 om/om@EXAMPLE.COM
s3g_1       | 
nm_1        | ---- ----------------- --------------------------------------------------------
datanode_3  | Keytab name: FILE:/etc/security/keytabs/om.keytab
scm_1       | KVNO Timestamp         Principal
kdc_1       | Principal "dn/nm@EXAMPLE.COM" created.
kms_1       | Resolving kdc (kdc)... 172.18.0.8
datanode_2  | Keytab name: FILE:/etc/security/keytabs/om.keytab
jhs         | 
datanode_1  | KVNO Timestamp         Principal
rm_1        | ---- ----------------- --------------------------------------------------------
om_1        |    2 10/16/19 00:40:03 om/om@EXAMPLE.COM
s3g_1       | 2019-10-16 00:40:06 (7.80 MB/s) - '/etc/security/keytabs/scm.keytab' saved [142/142]
nm_1        |    2 10/16/19 00:40:03 om/nm@EXAMPLE.COM
datanode_3  | KVNO Timestamp         Principal
scm_1       | ---- ----------------- --------------------------------------------------------
kms_1       | Connecting to kdc (kdc)|172.18.0.8|:8081... connected.
datanode_2  | KVNO Timestamp         Principal
kdc_1       | Authenticating as principal admin/admin with keytab /tmp/admin.keytab.
jhs         | Keytab name: FILE:/etc/security/keytabs/om.keytab
datanode_1  | ---- ----------------- --------------------------------------------------------
rm_1        |    2 10/16/19 00:40:05 om/rm@EXAMPLE.COM
om_1        | Download scm/om@EXAMPLE.COM keytab file to /etc/security/keytabs/scm.keytab
s3g_1       | 
nm_1        |    2 10/16/19 00:40:03 om/nm@EXAMPLE.COM
datanode_3  | ---- ----------------- --------------------------------------------------------
scm_1       |    2 10/16/19 00:40:05 om/scm@EXAMPLE.COM
kms_1       | HTTP request sent, awaiting response... 200 OK
kdc_1       | Entry for principal dn/nm@EXAMPLE.COM with kvno 2, encryption type aes256-cts-hmac-sha1-96 added to keytab WRFILE:/data/dn.nm.keytab.
jhs         | KVNO Timestamp         Principal
datanode_1  |    2 10/16/19 00:40:05 om/7353a1fa14b7@EXAMPLE.COM
rm_1        |    2 10/16/19 00:40:05 om/rm@EXAMPLE.COM
om_1        | --2019-10-16 00:40:03--  http://kdc:8081/keytab/om/scm
s3g_1       | Keytab name: FILE:/etc/security/keytabs/scm.keytab
nm_1        | Download scm/nm@EXAMPLE.COM keytab file to /etc/security/keytabs/scm.keytab
datanode_3  |    2 10/16/19 00:40:05 om/f69fb914b46c@EXAMPLE.COM
scm_1       |    2 10/16/19 00:40:05 om/scm@EXAMPLE.COM
datanode_2  | ---- ----------------- --------------------------------------------------------
kms_1       | Length: 160 [application/octet-stream]
kdc_1       | Entry for principal dn/nm@EXAMPLE.COM with kvno 2, encryption type aes128-cts-hmac-sha1-96 added to keytab WRFILE:/data/dn.nm.keytab.
jhs         | ---- ----------------- --------------------------------------------------------
datanode_1  |    2 10/16/19 00:40:05 om/7353a1fa14b7@EXAMPLE.COM
rm_1        | Download scm/rm@EXAMPLE.COM keytab file to /etc/security/keytabs/scm.keytab
om_1        | Resolving kdc (kdc)... 172.18.0.8
s3g_1       | KVNO Timestamp         Principal
nm_1        | --2019-10-16 00:40:03--  http://kdc:8081/keytab/nm/scm
datanode_3  |    2 10/16/19 00:40:05 om/f69fb914b46c@EXAMPLE.COM
scm_1       | Download scm/scm@EXAMPLE.COM keytab file to /etc/security/keytabs/scm.keytab
datanode_2  |    2 10/16/19 00:40:04 om/7b877448d952@EXAMPLE.COM
kms_1       | Saving to: '/etc/security/keytabs/scm.keytab'
kdc_1       | Generiting keytab
jhs         |    2 10/16/19 00:40:03 om/jhs@EXAMPLE.COM
datanode_1  | Download scm/7353a1fa14b7@EXAMPLE.COM keytab file to /etc/security/keytabs/scm.keytab
rm_1        | --2019-10-16 00:40:05--  http://kdc:8081/keytab/rm/scm
om_1        | Connecting to kdc (kdc)|172.18.0.8|:8081... connected.
s3g_1       | ---- ----------------- --------------------------------------------------------
nm_1        | Resolving kdc (kdc)... 172.18.0.8
datanode_3  | Download scm/f69fb914b46c@EXAMPLE.COM keytab file to /etc/security/keytabs/scm.keytab
scm_1       | --2019-10-16 00:40:05--  http://kdc:8081/keytab/scm/scm
datanode_2  |    2 10/16/19 00:40:04 om/7b877448d952@EXAMPLE.COM
kms_1       | 
jhs         |    2 10/16/19 00:40:03 om/jhs@EXAMPLE.COM
kdc_1       | Authenticating as principal admin/admin with keytab /tmp/admin.keytab.
datanode_1  | --2019-10-16 00:40:05--  http://kdc:8081/keytab/7353a1fa14b7/scm
rm_1        | Resolving kdc (kdc)... 172.18.0.8
om_1        | HTTP request sent, awaiting response... 200 OK
s3g_1       |    2 10/16/19 00:40:06 scm/s3g@EXAMPLE.COM
nm_1        | Connecting to kdc (kdc)|172.18.0.8|:8081... connected.
datanode_3  | --2019-10-16 00:40:05--  http://kdc:8081/keytab/f69fb914b46c/scm
scm_1       | Resolving kdc (kdc)... 172.18.0.8
datanode_2  | Download scm/7b877448d952@EXAMPLE.COM keytab file to /etc/security/keytabs/scm.keytab
kms_1       |      0K                                                       100% 12.0M=0s
jhs         | Download scm/jhs@EXAMPLE.COM keytab file to /etc/security/keytabs/scm.keytab
kdc_1       | WARNING: no policy specified for dn/jhs@EXAMPLE.COM; defaulting to no policy
datanode_1  | Resolving kdc (kdc)... 172.18.0.8
rm_1        | Connecting to kdc (kdc)|172.18.0.8|:8081... connected.
om_1        | Length: 140 [application/octet-stream]
s3g_1       |    2 10/16/19 00:40:06 scm/s3g@EXAMPLE.COM
nm_1        | HTTP request sent, awaiting response... 200 OK
datanode_3  | Resolving kdc (kdc)... 172.18.0.8
scm_1       | Connecting to kdc (kdc)|172.18.0.8|:8081... connected.
datanode_2  | --2019-10-16 00:40:04--  http://kdc:8081/keytab/7b877448d952/scm
kms_1       | 
jhs         | --2019-10-16 00:40:03--  http://kdc:8081/keytab/jhs/scm
kdc_1       | Principal "dn/jhs@EXAMPLE.COM" created.
datanode_1  | Connecting to kdc (kdc)|172.18.0.8|:8081... connected.
rm_1        | HTTP request sent, awaiting response... 200 OK
om_1        | Saving to: '/etc/security/keytabs/scm.keytab'
s3g_1       | Download HTTP/s3g@EXAMPLE.COM keytab file to /etc/security/keytabs/HTTP.keytab
datanode_3  | Connecting to kdc (kdc)|172.18.0.8|:8081... connected.
scm_1       | HTTP request sent, awaiting response... 200 OK
datanode_2  | Resolving kdc (kdc)... 172.18.0.8
kms_1       | 2019-10-16 00:40:05 (12.0 MB/s) - '/etc/security/keytabs/scm.keytab' saved [160/160]
jhs         | Resolving kdc (kdc)... 172.18.0.8
kdc_1       | Authenticating as principal admin/admin with keytab /tmp/admin.keytab.
datanode_1  | HTTP request sent, awaiting response... 200 OK
nm_1        | Length: 140 [application/octet-stream]
rm_1        | Length: 140 [application/octet-stream]
om_1        | 
s3g_1       | --2019-10-16 00:40:06--  http://kdc:8081/keytab/s3g/HTTP
datanode_3  | HTTP request sent, awaiting response... 200 OK
scm_1       | Length: 142 [application/octet-stream]
datanode_2  | Connecting to kdc (kdc)|172.18.0.8|:8081... connected.
kms_1       | 
jhs         | Connecting to kdc (kdc)|172.18.0.8|:8081... connected.
kdc_1       | Entry for principal dn/jhs@EXAMPLE.COM with kvno 2, encryption type aes256-cts-hmac-sha1-96 added to keytab WRFILE:/data/dn.jhs.keytab.
datanode_1  | Length: 160 [application/octet-stream]
nm_1        | Saving to: '/etc/security/keytabs/scm.keytab'
rm_1        | Saving to: '/etc/security/keytabs/scm.keytab'
om_1        |      0K                                                       100% 10.7M=0s
s3g_1       | Resolving kdc (kdc)... 172.18.0.8
datanode_3  | Length: 160 [application/octet-stream]
scm_1       | Saving to: '/etc/security/keytabs/scm.keytab'
datanode_2  | HTTP request sent, awaiting response... 200 OK
kms_1       | Keytab name: FILE:/etc/security/keytabs/scm.keytab
kdc_1       | Entry for principal dn/jhs@EXAMPLE.COM with kvno 2, encryption type aes128-cts-hmac-sha1-96 added to keytab WRFILE:/data/dn.jhs.keytab.
nm_1        | 
s3g_1       | Connecting to kdc (kdc)|172.18.0.8|:8081... connected.
om_1        | 
jhs         | HTTP request sent, awaiting response... 200 OK
datanode_3  | Saving to: '/etc/security/keytabs/scm.keytab'
scm_1       | 
datanode_1  | Saving to: '/etc/security/keytabs/scm.keytab'
rm_1        | 
datanode_2  | Length: 160 [application/octet-stream]
kdc_1       | Generiting keytab
nm_1        |      0K                                                       100% 9.51M=0s
kms_1       | KVNO Timestamp         Principal
s3g_1       | HTTP request sent, awaiting response... 200 OK
om_1        | 2019-10-16 00:40:04 (10.7 MB/s) - '/etc/security/keytabs/scm.keytab' saved [140/140]
jhs         | Length: 142 [application/octet-stream]
datanode_3  | 
scm_1       |      0K                                                       100% 10.3M=0s
datanode_1  | 
rm_1        |      0K                                                       100% 11.0M=0s
datanode_2  | Saving to: '/etc/security/keytabs/scm.keytab'
kdc_1       | Authenticating as principal admin/admin with keytab /tmp/admin.keytab.
nm_1        | 
kms_1       | ---- ----------------- --------------------------------------------------------
om_1        | 
s3g_1       | Length: 144 [application/octet-stream]
jhs         | Saving to: '/etc/security/keytabs/scm.keytab'
datanode_3  |      0K                                                       100% 11.1M=0s
scm_1       | 
datanode_1  |      0K                                                       100% 13.3M=0s
rm_1        | 
datanode_2  | 
nm_1        | 2019-10-16 00:40:04 (9.51 MB/s) - '/etc/security/keytabs/scm.keytab' saved [140/140]
kms_1       |    2 10/16/19 00:40:05 scm/27712e3a065a@EXAMPLE.COM
kdc_1       | WARNING: no policy specified for dn/om@EXAMPLE.COM; defaulting to no policy
om_1        | Keytab name: FILE:/etc/security/keytabs/scm.keytab
s3g_1       | Saving to: '/etc/security/keytabs/HTTP.keytab'
jhs         | 
datanode_3  | 
scm_1       | 2019-10-16 00:40:07 (10.3 MB/s) - '/etc/security/keytabs/scm.keytab' saved [142/142]
datanode_1  | 
rm_1        | 2019-10-16 00:40:07 (11.0 MB/s) - '/etc/security/keytabs/scm.keytab' saved [140/140]
datanode_2  |      0K                                                       100% 12.4M=0s
nm_1        | 
kms_1       |    2 10/16/19 00:40:05 scm/27712e3a065a@EXAMPLE.COM
kdc_1       | Principal "dn/om@EXAMPLE.COM" created.
om_1        | KVNO Timestamp         Principal
s3g_1       | 
jhs         |      0K                                                       100% 8.13M=0s
datanode_3  | 2019-10-16 00:40:06 (11.1 MB/s) - '/etc/security/keytabs/scm.keytab' saved [160/160]
scm_1       | 
datanode_1  | 2019-10-16 00:40:06 (13.3 MB/s) - '/etc/security/keytabs/scm.keytab' saved [160/160]
rm_1        | 
nm_1        | Keytab name: FILE:/etc/security/keytabs/scm.keytab
kms_1       | Download HTTP/27712e3a065a@EXAMPLE.COM keytab file to /etc/security/keytabs/HTTP.keytab
om_1        | ---- ----------------- --------------------------------------------------------
kdc_1       | Authenticating as principal admin/admin with keytab /tmp/admin.keytab.
datanode_2  | 
s3g_1       |      0K                                                       100% 11.0M=0s
jhs         | 
datanode_3  | 
scm_1       | Keytab name: FILE:/etc/security/keytabs/scm.keytab
datanode_1  | 
rm_1        | Keytab name: FILE:/etc/security/keytabs/scm.keytab
nm_1        | KVNO Timestamp         Principal
kms_1       | --2019-10-16 00:40:05--  http://kdc:8081/keytab/27712e3a065a/HTTP
om_1        |    2 10/16/19 00:40:04 scm/om@EXAMPLE.COM
datanode_2  | 2019-10-16 00:40:05 (12.4 MB/s) - '/etc/security/keytabs/scm.keytab' saved [160/160]
kdc_1       | Entry for principal dn/om@EXAMPLE.COM with kvno 2, encryption type aes256-cts-hmac-sha1-96 added to keytab WRFILE:/data/dn.om.keytab.
s3g_1       | 
jhs         | 2019-10-16 00:40:04 (8.13 MB/s) - '/etc/security/keytabs/scm.keytab' saved [142/142]
datanode_3  | Keytab name: FILE:/etc/security/keytabs/scm.keytab
scm_1       | KVNO Timestamp         Principal
datanode_1  | Keytab name: FILE:/etc/security/keytabs/scm.keytab
rm_1        | KVNO Timestamp         Principal
nm_1        | ---- ----------------- --------------------------------------------------------
kms_1       | Resolving kdc (kdc)... 172.18.0.8
om_1        |    2 10/16/19 00:40:04 scm/om@EXAMPLE.COM
datanode_2  | 
kdc_1       | Entry for principal dn/om@EXAMPLE.COM with kvno 2, encryption type aes128-cts-hmac-sha1-96 added to keytab WRFILE:/data/dn.om.keytab.
s3g_1       | 2019-10-16 00:40:07 (11.0 MB/s) - '/etc/security/keytabs/HTTP.keytab' saved [144/144]
jhs         | 
datanode_3  | KVNO Timestamp         Principal
scm_1       | ---- ----------------- --------------------------------------------------------
datanode_1  | KVNO Timestamp         Principal
rm_1        | ---- ----------------- --------------------------------------------------------
nm_1        |    2 10/16/19 00:40:04 scm/nm@EXAMPLE.COM
kms_1       | Connecting to kdc (kdc)|172.18.0.8|:8081... connected.
om_1        | Download HTTP/om@EXAMPLE.COM keytab file to /etc/security/keytabs/HTTP.keytab
datanode_2  | Keytab name: FILE:/etc/security/keytabs/scm.keytab
kdc_1       | Generiting keytab
s3g_1       | 
jhs         | Keytab name: FILE:/etc/security/keytabs/scm.keytab
datanode_3  | ---- ----------------- --------------------------------------------------------
scm_1       |    2 10/16/19 00:40:07 scm/scm@EXAMPLE.COM
rm_1        |    2 10/16/19 00:40:07 scm/rm@EXAMPLE.COM
nm_1        |    2 10/16/19 00:40:04 scm/nm@EXAMPLE.COM
datanode_1  | ---- ----------------- --------------------------------------------------------
kms_1       | HTTP request sent, awaiting response... 200 OK
om_1        | --2019-10-16 00:40:04--  http://kdc:8081/keytab/om/HTTP
datanode_2  | KVNO Timestamp         Principal
kdc_1       | Authenticating as principal admin/admin with keytab /tmp/admin.keytab.
s3g_1       | Keytab name: FILE:/etc/security/keytabs/HTTP.keytab
jhs         | KVNO Timestamp         Principal
datanode_3  |    2 10/16/19 00:40:06 scm/f69fb914b46c@EXAMPLE.COM
scm_1       |    2 10/16/19 00:40:07 scm/scm@EXAMPLE.COM
rm_1        |    2 10/16/19 00:40:07 scm/rm@EXAMPLE.COM
datanode_1  |    2 10/16/19 00:40:06 scm/7353a1fa14b7@EXAMPLE.COM
nm_1        | Download HTTP/nm@EXAMPLE.COM keytab file to /etc/security/keytabs/HTTP.keytab
kms_1       | Length: 162 [application/octet-stream]
datanode_2  | ---- ----------------- --------------------------------------------------------
kdc_1       | WARNING: no policy specified for dn/27712e3a065a@EXAMPLE.COM; defaulting to no policy
om_1        | Resolving kdc (kdc)... 172.18.0.8
s3g_1       | KVNO Timestamp         Principal
jhs         | ---- ----------------- --------------------------------------------------------
datanode_3  |    2 10/16/19 00:40:06 scm/f69fb914b46c@EXAMPLE.COM
scm_1       | Download HTTP/scm@EXAMPLE.COM keytab file to /etc/security/keytabs/HTTP.keytab
rm_1        | Download HTTP/rm@EXAMPLE.COM keytab file to /etc/security/keytabs/HTTP.keytab
datanode_1  |    2 10/16/19 00:40:06 scm/7353a1fa14b7@EXAMPLE.COM
nm_1        | --2019-10-16 00:40:04--  http://kdc:8081/keytab/nm/HTTP
kms_1       | Saving to: '/etc/security/keytabs/HTTP.keytab'
datanode_2  |    2 10/16/19 00:40:05 scm/7b877448d952@EXAMPLE.COM
kdc_1       | Principal "dn/27712e3a065a@EXAMPLE.COM" created.
om_1        | Connecting to kdc (kdc)|172.18.0.8|:8081... connected.
s3g_1       | ---- ----------------- --------------------------------------------------------
jhs         |    2 10/16/19 00:40:04 scm/jhs@EXAMPLE.COM
datanode_3  | Download HTTP/f69fb914b46c@EXAMPLE.COM keytab file to /etc/security/keytabs/HTTP.keytab
scm_1       | --2019-10-16 00:40:07--  http://kdc:8081/keytab/scm/HTTP
rm_1        | --2019-10-16 00:40:07--  http://kdc:8081/keytab/rm/HTTP
datanode_1  | Download HTTP/7353a1fa14b7@EXAMPLE.COM keytab file to /etc/security/keytabs/HTTP.keytab
nm_1        | Resolving kdc (kdc)... 172.18.0.8
kms_1       | 
kdc_1       | Authenticating as principal admin/admin with keytab /tmp/admin.keytab.
datanode_2  |    2 10/16/19 00:40:05 scm/7b877448d952@EXAMPLE.COM
om_1        | HTTP request sent, awaiting response... 200 OK
s3g_1       |    2 10/16/19 00:40:07 HTTP/s3g@EXAMPLE.COM
jhs         |    2 10/16/19 00:40:04 scm/jhs@EXAMPLE.COM
datanode_3  | --2019-10-16 00:40:06--  http://kdc:8081/keytab/f69fb914b46c/HTTP
scm_1       | Resolving kdc (kdc)... 172.18.0.8
rm_1        | Resolving kdc (kdc)... 172.18.0.8
datanode_1  | --2019-10-16 00:40:06--  http://kdc:8081/keytab/7353a1fa14b7/HTTP
nm_1        | Connecting to kdc (kdc)|172.18.0.8|:8081... connected.
kdc_1       | Oct 16 00:40:01 kdc kadmind[15](Notice): Request: kadm5_init, admin/admin@EXAMPLE.COM, success, client=admin/admin@EXAMPLE.COM, service=kadmin/admin@EXAMPLE.COM, addr=127.0.0.1, vers=4, flavor=6
datanode_2  | Download HTTP/7b877448d952@EXAMPLE.COM keytab file to /etc/security/keytabs/HTTP.keytab
kms_1       |      0K                                                       100% 10.9M=0s
om_1        | Length: 142 [application/octet-stream]
s3g_1       |    2 10/16/19 00:40:07 HTTP/s3g@EXAMPLE.COM
jhs         | Download HTTP/jhs@EXAMPLE.COM keytab file to /etc/security/keytabs/HTTP.keytab
datanode_3  | Resolving kdc (kdc)... 172.18.0.8
rm_1        | Connecting to kdc (kdc)|172.18.0.8|:8081... connected.
scm_1       | Connecting to kdc (kdc)|172.18.0.8|:8081... connected.
datanode_1  | Resolving kdc (kdc)... 172.18.0.8
nm_1        | HTTP request sent, awaiting response... 200 OK
kdc_1       | Oct 16 00:40:01 kdc kadmind[15](Notice): Request: kadm5_get_policy, default, Policy does not exist, client=admin/admin@EXAMPLE.COM, service=kadmin/admin@EXAMPLE.COM, addr=127.0.0.1
datanode_2  | --2019-10-16 00:40:05--  http://kdc:8081/keytab/7b877448d952/HTTP
kms_1       | 
om_1        | Saving to: '/etc/security/keytabs/HTTP.keytab'
s3g_1       | Download testuser/s3g@EXAMPLE.COM keytab file to /etc/security/keytabs/testuser.keytab
jhs         | --2019-10-16 00:40:04--  http://kdc:8081/keytab/jhs/HTTP
datanode_3  | Connecting to kdc (kdc)|172.18.0.8|:8081... connected.
rm_1        | HTTP request sent, awaiting response... 200 OK
scm_1       | HTTP request sent, awaiting response... 200 OK
nm_1        | Length: 142 [application/octet-stream]
kdc_1       | Oct 16 00:40:01 kdc kadmind[15](Notice): Request: kadm5_create_principal, test/test@EXAMPLE.COM, success, client=admin/admin@EXAMPLE.COM, service=kadmin/admin@EXAMPLE.COM, addr=127.0.0.1
datanode_2  | Resolving kdc (kdc)... 172.18.0.8
kms_1       | 2019-10-16 00:40:07 (10.9 MB/s) - '/etc/security/keytabs/HTTP.keytab' saved [162/162]
datanode_1  | Connecting to kdc (kdc)|172.18.0.8|:8081... connected.
s3g_1       | --2019-10-16 00:40:07--  http://kdc:8081/keytab/s3g/testuser
jhs         | Resolving kdc (kdc)... 172.18.0.8
om_1        | 
datanode_3  | HTTP request sent, awaiting response... 200 OK
rm_1        | Length: 142 [application/octet-stream]
scm_1       | Length: 144 [application/octet-stream]
nm_1        | Saving to: '/etc/security/keytabs/HTTP.keytab'
kdc_1       | Oct 16 00:40:01 kdc kadmind[15](info): closing down fd 18
datanode_2  | Connecting to kdc (kdc)|172.18.0.8|:8081... connected.
kms_1       | 
datanode_1  | HTTP request sent, awaiting response... 200 OK
s3g_1       | Resolving kdc (kdc)... 172.18.0.8
jhs         | Connecting to kdc (kdc)|172.18.0.8|:8081... connected.
om_1        |      0K                                                       100% 11.0M=0s
datanode_3  | Length: 162 [application/octet-stream]
rm_1        | Saving to: '/etc/security/keytabs/HTTP.keytab'
scm_1       | Saving to: '/etc/security/keytabs/HTTP.keytab'
nm_1        | 
kdc_1       | Oct 16 00:40:01 kdc kadmind[15](Notice): Request: kadm5_init, admin/admin@EXAMPLE.COM, success, client=admin/admin@EXAMPLE.COM, service=kadmin/admin@EXAMPLE.COM, addr=127.0.0.1, vers=4, flavor=6
datanode_2  | HTTP request sent, awaiting response... 200 OK
kms_1       | Keytab name: FILE:/etc/security/keytabs/HTTP.keytab
datanode_1  | Length: 162 [application/octet-stream]
s3g_1       | Connecting to kdc (kdc)|172.18.0.8|:8081... connected.
jhs         | HTTP request sent, awaiting response... 200 OK
om_1        | 
datanode_3  | Saving to: '/etc/security/keytabs/HTTP.keytab'
rm_1        | 
scm_1       | 
nm_1        |      0K                                                       100% 7.14M=0s
kdc_1       | Oct 16 00:40:01 kdc kadmind[15](Notice): Request: kadm5_randkey_principal, test/test@EXAMPLE.COM, success, client=admin/admin@EXAMPLE.COM, service=kadmin/admin@EXAMPLE.COM, addr=127.0.0.1
datanode_2  | Length: 162 [application/octet-stream]
kms_1       | KVNO Timestamp         Principal
datanode_1  | Saving to: '/etc/security/keytabs/HTTP.keytab'
s3g_1       | HTTP request sent, awaiting response... 200 OK
jhs         | Length: 144 [application/octet-stream]
om_1        | 2019-10-16 00:40:06 (11.0 MB/s) - '/etc/security/keytabs/HTTP.keytab' saved [142/142]
datanode_3  | 
rm_1        |      0K                                                       100% 10.3M=0s
nm_1        | 
kdc_1       | Oct 16 00:40:01 kdc Oct 16 00:40:01 kdc krb5kdc[9](info): AS_REQ (8 etypes {18 17 20 19 16 23 25 26}) 127.0.0.1: SERVER_NOT_FOUND: admin/admin@EXAMPLE.COM for kadmin/localhost@EXAMPLE.COM, Server not found in Kerberos database
scm_1       |      0K                                                       100% 10.8M=0s
datanode_2  | Saving to: '/etc/security/keytabs/HTTP.keytab'
kms_1       | ---- ----------------- --------------------------------------------------------
datanode_1  | 
s3g_1       | Length: 152 [application/octet-stream]
jhs         | Saving to: '/etc/security/keytabs/HTTP.keytab'
om_1        | 
datanode_3  |      0K                                                       100% 11.2M=0s
rm_1        | 
nm_1        | 2019-10-16 00:40:06 (7.14 MB/s) - '/etc/security/keytabs/HTTP.keytab' saved [142/142]
kdc_1       | Oct 16 00:40:01 kdc krb5kdc[9](info): AS_REQ (8 etypes {18 17 20 19 16 23 25 26}) 127.0.0.1: ISSUE: authtime 1571186401, etypes {rep=18 tkt=18 ses=18}, admin/admin@EXAMPLE.COM for kadmin/admin@EXAMPLE.COM
scm_1       | 
datanode_2  | 
kms_1       |    2 10/16/19 00:40:06 HTTP/27712e3a065a@EXAMPLE.COM
datanode_1  |      0K                                                       100% 12.1M=0s
s3g_1       | Saving to: '/etc/security/keytabs/testuser.keytab'
jhs         | 
om_1        | Keytab name: FILE:/etc/security/keytabs/HTTP.keytab
datanode_3  | 
rm_1        | 2019-10-16 00:40:09 (10.3 MB/s) - '/etc/security/keytabs/HTTP.keytab' saved [142/142]
nm_1        | 
kdc_1       | Oct 16 00:40:01 kdc krb5kdc[9](info): AS_REQ (8 etypes {18 17 20 19 16 23 25 26}) 127.0.0.1: SERVER_NOT_FOUND: admin/admin@EXAMPLE.COM for kadmin/localhost@EXAMPLE.COM, Server not found in Kerberos database
scm_1       | 2019-10-16 00:40:08 (10.8 MB/s) - '/etc/security/keytabs/HTTP.keytab' saved [144/144]
datanode_2  |      0K                                                       100% 13.3M=0s
kms_1       |    2 10/16/19 00:40:06 HTTP/27712e3a065a@EXAMPLE.COM
datanode_1  | 
s3g_1       | 
jhs         |      0K                                                       100% 10.5M=0s
om_1        | KVNO Timestamp         Principal
datanode_3  | 2019-10-16 00:40:08 (11.2 MB/s) - '/etc/security/keytabs/HTTP.keytab' saved [162/162]
rm_1        | 
nm_1        | Keytab name: FILE:/etc/security/keytabs/HTTP.keytab
kdc_1       | Oct 16 00:40:01 kdc krb5kdc[9](info): AS_REQ (8 etypes {18 17 20 19 16 23 25 26}) 127.0.0.1: ISSUE: authtime 1571186401, etypes {rep=18 tkt=18 ses=18}, admin/admin@EXAMPLE.COM for kadmin/admin@EXAMPLE.COM
scm_1       | 
datanode_2  | 
kms_1       | Download testuser/27712e3a065a@EXAMPLE.COM keytab file to /etc/security/keytabs/testuser.keytab
datanode_1  | 2019-10-16 00:40:08 (12.1 MB/s) - '/etc/security/keytabs/HTTP.keytab' saved [162/162]
s3g_1       |      0K                                                       100% 13.6M=0s
jhs         | 
om_1        | ---- ----------------- --------------------------------------------------------
datanode_3  | 
rm_1        | Keytab name: FILE:/etc/security/keytabs/HTTP.keytab
nm_1        | KVNO Timestamp         Principal
scm_1       | Keytab name: FILE:/etc/security/keytabs/HTTP.keytab
datanode_2  | 2019-10-16 00:40:07 (13.3 MB/s) - '/etc/security/keytabs/HTTP.keytab' saved [162/162]
kms_1       | --2019-10-16 00:40:07--  http://kdc:8081/keytab/27712e3a065a/testuser
datanode_1  | 
s3g_1       | 
jhs         | 2019-10-16 00:40:06 (10.5 MB/s) - '/etc/security/keytabs/HTTP.keytab' saved [144/144]
om_1        |    2 10/16/19 00:40:06 HTTP/om@EXAMPLE.COM
datanode_3  | Keytab name: FILE:/etc/security/keytabs/HTTP.keytab
rm_1        | KVNO Timestamp         Principal
kdc_1       | Oct 16 00:40:01 kdc krb5kdc[9](info): AS_REQ (8 etypes {18 17 20 19 16 23 25 26}) 127.0.0.1: SERVER_NOT_FOUND: admin/admin@EXAMPLE.COM for kadmin/localhost@EXAMPLE.COM, Server not found in Kerberos dakadmind[15](Notice): Request: kadm5_get_principal, test/test@EXAMPLE.COM, success, client=admin/admin@EXAMPLE.COM, service=kadmin/admin@EXAMPLE.COM, addr=127.0.0.1
nm_1        | ---- ----------------- --------------------------------------------------------
scm_1       | KVNO Timestamp         Principal
datanode_2  | 
kms_1       | Resolving kdc (kdc)... 172.18.0.8
datanode_1  | Keytab name: FILE:/etc/security/keytabs/HTTP.keytab
