datanode_3    | 2019-10-18 05:34:00,578 INFO impl.RaftServerImpl: 1efe0dcf-5deb-4d49-9049-7b3e766c564d@group-9E309192DCFD: changes role from  FOLLOWER to CANDIDATE at term 7 for changeToCandidate
datanode_2    | 2019-10-18 05:34:00,530 INFO impl.RoleInfo: cc0f3116-b7c5-4fa6-8f0b-e283c1af26e1: start LeaderElection
grafana_1     | t=2019-10-18T05:33:56+0000 lvl=info msg="Executing migration" logger=migrator id="Add unique index annotation_tag.annotation_id_tag_id"
freon_1       | 2019-10-18 05:34:22,292 [pool-2-thread-1] INFO       - Creating Bucket: vol-7-85938/bucket-18-56463, with Versioning false and Storage Type set to DISK and Encryption set to false 
datanode_1    | 2019-10-18 05:34:00,361 INFO grpc.GrpcConfigKeys$Server: raft.grpc.server.leader.outstanding.appends.max = 128 (default)
datanode_3    | 2019-10-18 05:34:00,578 INFO impl.RoleInfo: 1efe0dcf-5deb-4d49-9049-7b3e766c564d: start LeaderElection
datanode_2    | 2019-10-18 05:34:00,560 INFO impl.LeaderElection: cc0f3116-b7c5-4fa6-8f0b-e283c1af26e1@group-9E309192DCFD-LeaderElection5: begin an election at term 8 for -1: [1efe0dcf-5deb-4d49-9049-7b3e766c564d:172.18.0.4:9858, cc0f3116-b7c5-4fa6-8f0b-e283c1af26e1:172.18.0.8:9858, 70d764fa-f45e-4aa8-acc1-88ab5fcf48b4:172.18.0.5:9858], old=null
freon_1       | 2019-10-18 05:34:22,298 [pool-2-thread-4] INFO       - Creating Bucket: vol-8-11722/bucket-18-45172, with Versioning false and Storage Type set to DISK and Encryption set to false 
grafana_1     | t=2019-10-18T05:33:56+0000 lvl=info msg="Executing migration" logger=migrator id="Update alert annotations and set TEXT to empty"
datanode_1    | 2019-10-18 05:34:00,362 INFO server.RaftServerConfigKeys: raft.server.rpc.request.timeout = 3000ms (default)
datanode_3    | 2019-10-18 05:34:00,612 INFO impl.LeaderElection: 1efe0dcf-5deb-4d49-9049-7b3e766c564d@group-9E309192DCFD-LeaderElection5: begin an election at term 8 for -1: [1efe0dcf-5deb-4d49-9049-7b3e766c564d:172.18.0.4:9858, cc0f3116-b7c5-4fa6-8f0b-e283c1af26e1:172.18.0.8:9858, 70d764fa-f45e-4aa8-acc1-88ab5fcf48b4:172.18.0.5:9858], old=null
datanode_2    | 2019-10-18 05:34:00,618 INFO impl.LeaderElection: cc0f3116-b7c5-4fa6-8f0b-e283c1af26e1@group-9E309192DCFD-LeaderElection5: Election REJECTED; received 2 response(s) [cc0f3116-b7c5-4fa6-8f0b-e283c1af26e1<-1efe0dcf-5deb-4d49-9049-7b3e766c564d#0:FAIL-t8, cc0f3116-b7c5-4fa6-8f0b-e283c1af26e1<-70d764fa-f45e-4aa8-acc1-88ab5fcf48b4#0:FAIL-t8] and 0 exception(s); cc0f3116-b7c5-4fa6-8f0b-e283c1af26e1@group-9E309192DCFD:t8, leader=null, voted=cc0f3116-b7c5-4fa6-8f0b-e283c1af26e1, raftlog=cc0f3116-b7c5-4fa6-8f0b-e283c1af26e1@group-9E309192DCFD-SegmentedRaftLog:OPENED:c-1,f-1,i0, conf=-1: [1efe0dcf-5deb-4d49-9049-7b3e766c564d:172.18.0.4:9858, cc0f3116-b7c5-4fa6-8f0b-e283c1af26e1:172.18.0.8:9858, 70d764fa-f45e-4aa8-acc1-88ab5fcf48b4:172.18.0.5:9858], old=null
freon_1       | 2019-10-18 05:34:22,300 [pool-2-thread-10] INFO       - Creating Bucket: vol-9-96083/bucket-18-08387, with Versioning false and Storage Type set to DISK and Encryption set to false 
grafana_1     | t=2019-10-18T05:33:56+0000 lvl=info msg="Executing migration" logger=migrator id="Add created time to annotation table"
datanode_1    | 2019-10-18 05:34:00,362 INFO server.RaftServerConfigKeys: raft.server.log.appender.install.snapshot.enabled = false (custom)
datanode_3    | 2019-10-18 05:34:00,655 INFO impl.LeaderElection: 1efe0dcf-5deb-4d49-9049-7b3e766c564d@group-9E309192DCFD-LeaderElection5: Election TIMEOUT; received 1 response(s) [1efe0dcf-5deb-4d49-9049-7b3e766c564d<-70d764fa-f45e-4aa8-acc1-88ab5fcf48b4#0:FAIL-t8] and 0 exception(s); 1efe0dcf-5deb-4d49-9049-7b3e766c564d@group-9E309192DCFD:t8, leader=null, voted=1efe0dcf-5deb-4d49-9049-7b3e766c564d, raftlog=1efe0dcf-5deb-4d49-9049-7b3e766c564d@group-9E309192DCFD-SegmentedRaftLog:OPENED:c-1,f-1,i0, conf=-1: [1efe0dcf-5deb-4d49-9049-7b3e766c564d:172.18.0.4:9858, cc0f3116-b7c5-4fa6-8f0b-e283c1af26e1:172.18.0.8:9858, 70d764fa-f45e-4aa8-acc1-88ab5fcf48b4:172.18.0.5:9858], old=null
freon_1       | 2019-10-18 05:34:22,300 [pool-2-thread-2] INFO       - Creating Bucket: vol-0-32094/bucket-19-26214, with Versioning false and Storage Type set to DISK and Encryption set to false 
datanode_2    | 2019-10-18 05:34:00,619 INFO impl.RaftServerImpl: cc0f3116-b7c5-4fa6-8f0b-e283c1af26e1@group-9E309192DCFD: changes role from CANDIDATE to FOLLOWER at term 8 for DISCOVERED_A_NEW_TERM
grafana_1     | t=2019-10-18T05:33:56+0000 lvl=info msg="Executing migration" logger=migrator id="Add updated time to annotation table"
freon_1       | 2019-10-18 05:34:22,303 [pool-2-thread-9] INFO       - Creating Bucket: vol-1-54541/bucket-19-60660, with Versioning false and Storage Type set to DISK and Encryption set to false 
datanode_1    | 2019-10-18 05:34:00,366 INFO server.RaftServerConfigKeys: raft.server.log.appender.snapshot.chunk.size.max = 16MB (=16777216) (default)
grafana_1     | t=2019-10-18T05:33:56+0000 lvl=info msg="Executing migration" logger=migrator id="Add index for created in annotation table"
datanode_2    | 2019-10-18 05:34:00,619 INFO impl.RoleInfo: cc0f3116-b7c5-4fa6-8f0b-e283c1af26e1: shutdown LeaderElection
freon_1       | 2019-10-18 05:34:22,303 [pool-2-thread-5] INFO       - Creating Bucket: vol-2-52679/bucket-19-53302, with Versioning false and Storage Type set to DISK and Encryption set to false 
datanode_1    | 2019-10-18 05:34:00,366 INFO server.RaftServerConfigKeys: raft.server.log.appender.buffer.byte-limit = 33554432 (custom)
grafana_1     | t=2019-10-18T05:33:57+0000 lvl=info msg="Executing migration" logger=migrator id="Add index for updated in annotation table"
datanode_2    | 2019-10-18 05:34:00,619 INFO impl.RoleInfo: cc0f3116-b7c5-4fa6-8f0b-e283c1af26e1: start FollowerState
datanode_3    | 2019-10-18 05:34:00,697 INFO impl.LeaderElection: 1efe0dcf-5deb-4d49-9049-7b3e766c564d@group-9E309192DCFD-LeaderElection5: begin an election at term 9 for -1: [1efe0dcf-5deb-4d49-9049-7b3e766c564d:172.18.0.4:9858, cc0f3116-b7c5-4fa6-8f0b-e283c1af26e1:172.18.0.8:9858, 70d764fa-f45e-4aa8-acc1-88ab5fcf48b4:172.18.0.5:9858], old=null
freon_1       | 2019-10-18 05:34:22,304 [pool-2-thread-6] INFO       - Creating Bucket: vol-3-83140/bucket-19-12057, with Versioning false and Storage Type set to DISK and Encryption set to false 
datanode_1    | 2019-10-18 05:34:00,366 INFO server.RaftServerConfigKeys: raft.server.log.appender.buffer.element-limit = 1 (custom)
grafana_1     | t=2019-10-18T05:33:57+0000 lvl=info msg="Executing migration" logger=migrator id="Convert existing annotations from seconds to milliseconds"
freon_1       | 2019-10-18 05:34:22,304 [pool-2-thread-7] INFO       - Creating Bucket: vol-4-09512/bucket-19-40642, with Versioning false and Storage Type set to DISK and Encryption set to false 
datanode_3    | 2019-10-18 05:34:00,749 INFO impl.LeaderElection: 1efe0dcf-5deb-4d49-9049-7b3e766c564d@group-9E309192DCFD-LeaderElection5: Election REJECTED; received 2 response(s) [1efe0dcf-5deb-4d49-9049-7b3e766c564d<-cc0f3116-b7c5-4fa6-8f0b-e283c1af26e1#0:FAIL-t9, 1efe0dcf-5deb-4d49-9049-7b3e766c564d<-70d764fa-f45e-4aa8-acc1-88ab5fcf48b4#0:FAIL-t9] and 0 exception(s); 1efe0dcf-5deb-4d49-9049-7b3e766c564d@group-9E309192DCFD:t9, leader=null, voted=1efe0dcf-5deb-4d49-9049-7b3e766c564d, raftlog=1efe0dcf-5deb-4d49-9049-7b3e766c564d@group-9E309192DCFD-SegmentedRaftLog:OPENED:c-1,f-1,i0, conf=-1: [1efe0dcf-5deb-4d49-9049-7b3e766c564d:172.18.0.4:9858, cc0f3116-b7c5-4fa6-8f0b-e283c1af26e1:172.18.0.8:9858, 70d764fa-f45e-4aa8-acc1-88ab5fcf48b4:172.18.0.5:9858], old=null
datanode_1    | 2019-10-18 05:34:00,366 INFO grpc.GrpcConfigKeys$Server: raft.grpc.server.leader.outstanding.appends.max = 128 (default)
grafana_1     | t=2019-10-18T05:33:57+0000 lvl=info msg="Executing migration" logger=migrator id="Add epoch_end column"
datanode_2    | 2019-10-18 05:34:00,630 INFO impl.FollowerState: cc0f3116-b7c5-4fa6-8f0b-e283c1af26e1@group-9E309192DCFD-FollowerState: change to CANDIDATE, lastRpcTime:11ms, electionTimeout:10ms
freon_1       | 2019-10-18 05:34:22,305 [pool-2-thread-1] INFO       - Creating Bucket: vol-5-66317/bucket-19-67133, with Versioning false and Storage Type set to DISK and Encryption set to false 
datanode_3    | 2019-10-18 05:34:00,749 INFO impl.RaftServerImpl: 1efe0dcf-5deb-4d49-9049-7b3e766c564d@group-9E309192DCFD: changes role from CANDIDATE to FOLLOWER at term 9 for DISCOVERED_A_NEW_TERM
datanode_1    | 2019-10-18 05:34:00,367 INFO server.RaftServerConfigKeys: raft.server.rpc.request.timeout = 3000ms (default)
grafana_1     | t=2019-10-18T05:33:57+0000 lvl=info msg="Executing migration" logger=migrator id="Add index for epoch_end"
datanode_2    | 2019-10-18 05:34:00,631 INFO impl.RoleInfo: cc0f3116-b7c5-4fa6-8f0b-e283c1af26e1: shutdown FollowerState
freon_1       | 2019-10-18 05:34:22,305 [pool-2-thread-8] INFO       - Creating Bucket: vol-6-37226/bucket-19-29969, with Versioning false and Storage Type set to DISK and Encryption set to false 
datanode_3    | 2019-10-18 05:34:00,750 INFO impl.RoleInfo: 1efe0dcf-5deb-4d49-9049-7b3e766c564d: shutdown LeaderElection
datanode_1    | 2019-10-18 05:34:00,367 INFO server.RaftServerConfigKeys: raft.server.log.appender.install.snapshot.enabled = false (custom)
grafana_1     | t=2019-10-18T05:33:57+0000 lvl=info msg="Executing migration" logger=migrator id="Make epoch_end the same as epoch"
datanode_2    | 2019-10-18 05:34:00,631 INFO impl.RaftServerImpl: cc0f3116-b7c5-4fa6-8f0b-e283c1af26e1@group-9E309192DCFD: changes role from  FOLLOWER to CANDIDATE at term 8 for changeToCandidate
freon_1       | 2019-10-18 05:34:22,306 [pool-2-thread-3] INFO       - Creating Bucket: vol-7-85938/bucket-19-86987, with Versioning false and Storage Type set to DISK and Encryption set to false 
datanode_3    | 2019-10-18 05:34:00,750 INFO impl.RoleInfo: 1efe0dcf-5deb-4d49-9049-7b3e766c564d: start FollowerState
datanode_1    | 2019-10-18 05:34:00,370 INFO impl.RoleInfo: 70d764fa-f45e-4aa8-acc1-88ab5fcf48b4: start LeaderState
grafana_1     | t=2019-10-18T05:33:57+0000 lvl=info msg="Executing migration" logger=migrator id="Move region to single row"
datanode_2    | 2019-10-18 05:34:00,631 INFO impl.RoleInfo: cc0f3116-b7c5-4fa6-8f0b-e283c1af26e1: start LeaderElection
freon_1       | 2019-10-18 05:34:22,306 [pool-2-thread-4] INFO       - Creating Bucket: vol-8-11722/bucket-19-06100, with Versioning false and Storage Type set to DISK and Encryption set to false 
datanode_3    | 2019-10-18 05:34:00,752 INFO impl.FollowerState: 1efe0dcf-5deb-4d49-9049-7b3e766c564d@group-9E309192DCFD-FollowerState: change to CANDIDATE, lastRpcTime:2ms, electionTimeout:2ms
datanode_1    | 2019-10-18 05:34:00,371 INFO segmented.SegmentedRaftLogWorker: 70d764fa-f45e-4aa8-acc1-88ab5fcf48b4@group-9E309192DCFD-SegmentedRaftLogWorker: Starting segment from index:0
grafana_1     | t=2019-10-18T05:33:57+0000 lvl=info msg="Executing migration" logger=migrator id="create test_data table"
datanode_2    | 2019-10-18 05:34:00,663 INFO impl.LeaderElection: cc0f3116-b7c5-4fa6-8f0b-e283c1af26e1@group-9E309192DCFD-LeaderElection6: begin an election at term 9 for -1: [1efe0dcf-5deb-4d49-9049-7b3e766c564d:172.18.0.4:9858, cc0f3116-b7c5-4fa6-8f0b-e283c1af26e1:172.18.0.8:9858, 70d764fa-f45e-4aa8-acc1-88ab5fcf48b4:172.18.0.5:9858], old=null
freon_1       | 2019-10-18 05:34:22,311 [pool-2-thread-2] INFO       - Creating Bucket: vol-9-96083/bucket-19-61743, with Versioning false and Storage Type set to DISK and Encryption set to false 
datanode_3    | 2019-10-18 05:34:00,753 INFO impl.RoleInfo: 1efe0dcf-5deb-4d49-9049-7b3e766c564d: shutdown FollowerState
datanode_1    | 2019-10-18 05:34:00,372 INFO impl.RaftServerImpl: 70d764fa-f45e-4aa8-acc1-88ab5fcf48b4@group-9E309192DCFD: set configuration 0: [1efe0dcf-5deb-4d49-9049-7b3e766c564d:172.18.0.4:9858, cc0f3116-b7c5-4fa6-8f0b-e283c1af26e1:172.18.0.8:9858, 70d764fa-f45e-4aa8-acc1-88ab5fcf48b4:172.18.0.5:9858], old=null at 0
grafana_1     | t=2019-10-18T05:33:57+0000 lvl=info msg="Executing migration" logger=migrator id="create dashboard_version table v1"
datanode_2    | 2019-10-18 05:34:00,743 INFO impl.LeaderElection: cc0f3116-b7c5-4fa6-8f0b-e283c1af26e1@group-9E309192DCFD-LeaderElection6: Election REJECTED; received 2 response(s) [cc0f3116-b7c5-4fa6-8f0b-e283c1af26e1<-1efe0dcf-5deb-4d49-9049-7b3e766c564d#0:FAIL-t9, cc0f3116-b7c5-4fa6-8f0b-e283c1af26e1<-70d764fa-f45e-4aa8-acc1-88ab5fcf48b4#0:FAIL-t9] and 0 exception(s); cc0f3116-b7c5-4fa6-8f0b-e283c1af26e1@group-9E309192DCFD:t9, leader=null, voted=cc0f3116-b7c5-4fa6-8f0b-e283c1af26e1, raftlog=cc0f3116-b7c5-4fa6-8f0b-e283c1af26e1@group-9E309192DCFD-SegmentedRaftLog:OPENED:c-1,f-1,i0, conf=-1: [1efe0dcf-5deb-4d49-9049-7b3e766c564d:172.18.0.4:9858, cc0f3116-b7c5-4fa6-8f0b-e283c1af26e1:172.18.0.8:9858, 70d764fa-f45e-4aa8-acc1-88ab5fcf48b4:172.18.0.5:9858], old=null
freon_1       | 2019-10-18 05:34:22,313 [pool-2-thread-1] INFO       - Creating Bucket: vol-6-37226/bucket-20-75240, with Versioning false and Storage Type set to DISK and Encryption set to false 
datanode_3    | 2019-10-18 05:34:00,753 INFO impl.RaftServerImpl: 1efe0dcf-5deb-4d49-9049-7b3e766c564d@group-9E309192DCFD: changes role from  FOLLOWER to CANDIDATE at term 9 for changeToCandidate
datanode_1    | 2019-10-18 05:34:00,434 INFO impl.RaftServerImpl: 70d764fa-f45e-4aa8-acc1-88ab5fcf48b4@group-9E309192DCFD: change Leader from 70d764fa-f45e-4aa8-acc1-88ab5fcf48b4 to null at term 7 for updateCurrentTerm
grafana_1     | t=2019-10-18T05:33:57+0000 lvl=info msg="Executing migration" logger=migrator id="add index dashboard_version.dashboard_id"
datanode_2    | 2019-10-18 05:34:00,744 INFO impl.RaftServerImpl: cc0f3116-b7c5-4fa6-8f0b-e283c1af26e1@group-9E309192DCFD: changes role from CANDIDATE to FOLLOWER at term 9 for DISCOVERED_A_NEW_TERM
freon_1       | 2019-10-18 05:34:22,313 [pool-2-thread-9] INFO       - Creating Bucket: vol-5-66317/bucket-20-98646, with Versioning false and Storage Type set to DISK and Encryption set to false 
datanode_3    | 2019-10-18 05:34:00,753 INFO impl.RoleInfo: 1efe0dcf-5deb-4d49-9049-7b3e766c564d: start LeaderElection
datanode_1    | 2019-10-18 05:34:00,435 INFO impl.RaftServerImpl: 70d764fa-f45e-4aa8-acc1-88ab5fcf48b4@group-9E309192DCFD: changes role from    LEADER to FOLLOWER at term 7 for stepDown
grafana_1     | t=2019-10-18T05:33:57+0000 lvl=info msg="Executing migration" logger=migrator id="add unique index dashboard_version.dashboard_id and dashboard_version.version"
datanode_2    | 2019-10-18 05:34:00,745 INFO impl.RoleInfo: cc0f3116-b7c5-4fa6-8f0b-e283c1af26e1: shutdown LeaderElection
freon_1       | 2019-10-18 05:34:22,313 [pool-2-thread-4] INFO       - Creating Bucket: vol-4-09512/bucket-20-79218, with Versioning false and Storage Type set to DISK and Encryption set to false 
datanode_3    | 2019-10-18 05:34:00,772 INFO impl.LeaderElection: 1efe0dcf-5deb-4d49-9049-7b3e766c564d@group-9E309192DCFD-LeaderElection6: begin an election at term 10 for -1: [1efe0dcf-5deb-4d49-9049-7b3e766c564d:172.18.0.4:9858, cc0f3116-b7c5-4fa6-8f0b-e283c1af26e1:172.18.0.8:9858, 70d764fa-f45e-4aa8-acc1-88ab5fcf48b4:172.18.0.5:9858], old=null
grafana_1     | t=2019-10-18T05:33:57+0000 lvl=info msg="Executing migration" logger=migrator id="Set dashboard version to 1 where 0"
datanode_2    | 2019-10-18 05:34:00,745 INFO impl.RoleInfo: cc0f3116-b7c5-4fa6-8f0b-e283c1af26e1: start FollowerState
datanode_1    | 2019-10-18 05:34:00,435 INFO impl.RoleInfo: 70d764fa-f45e-4aa8-acc1-88ab5fcf48b4: shutdown LeaderState
freon_1       | 2019-10-18 05:34:22,313 [pool-2-thread-6] INFO       - Creating Bucket: vol-3-83140/bucket-20-32955, with Versioning false and Storage Type set to DISK and Encryption set to false 
datanode_3    | 2019-10-18 05:34:00,815 INFO impl.LeaderElection: 1efe0dcf-5deb-4d49-9049-7b3e766c564d@group-9E309192DCFD-LeaderElection6: Election REJECTED; received 2 response(s) [1efe0dcf-5deb-4d49-9049-7b3e766c564d<-cc0f3116-b7c5-4fa6-8f0b-e283c1af26e1#0:FAIL-t10, 1efe0dcf-5deb-4d49-9049-7b3e766c564d<-70d764fa-f45e-4aa8-acc1-88ab5fcf48b4#0:FAIL-t10] and 0 exception(s); 1efe0dcf-5deb-4d49-9049-7b3e766c564d@group-9E309192DCFD:t10, leader=null, voted=1efe0dcf-5deb-4d49-9049-7b3e766c564d, raftlog=1efe0dcf-5deb-4d49-9049-7b3e766c564d@group-9E309192DCFD-SegmentedRaftLog:OPENED:c-1,f-1,i0, conf=-1: [1efe0dcf-5deb-4d49-9049-7b3e766c564d:172.18.0.4:9858, cc0f3116-b7c5-4fa6-8f0b-e283c1af26e1:172.18.0.8:9858, 70d764fa-f45e-4aa8-acc1-88ab5fcf48b4:172.18.0.5:9858], old=null
grafana_1     | t=2019-10-18T05:33:57+0000 lvl=info msg="Executing migration" logger=migrator id="save existing dashboard data in dashboard_version table v1"
datanode_2    | 2019-10-18 05:34:00,786 INFO impl.FollowerState: cc0f3116-b7c5-4fa6-8f0b-e283c1af26e1@group-9E309192DCFD-FollowerState: change to CANDIDATE, lastRpcTime:41ms, electionTimeout:41ms
freon_1       | 2019-10-18 05:34:22,312 [pool-2-thread-7] INFO       - Creating Bucket: vol-2-52679/bucket-20-35447, with Versioning false and Storage Type set to DISK and Encryption set to false 
datanode_3    | 2019-10-18 05:34:00,818 INFO impl.RaftServerImpl: 1efe0dcf-5deb-4d49-9049-7b3e766c564d@group-9E309192DCFD: changes role from CANDIDATE to FOLLOWER at term 10 for DISCOVERED_A_NEW_TERM
grafana_1     | t=2019-10-18T05:33:57+0000 lvl=info msg="Executing migration" logger=migrator id="alter dashboard_version.data to mediumtext v1"
datanode_2    | 2019-10-18 05:34:00,787 INFO impl.RoleInfo: cc0f3116-b7c5-4fa6-8f0b-e283c1af26e1: shutdown FollowerState
freon_1       | 2019-10-18 05:34:22,311 [pool-2-thread-5] INFO       - Creating Bucket: vol-1-54541/bucket-20-39893, with Versioning false and Storage Type set to DISK and Encryption set to false 
datanode_3    | 2019-10-18 05:34:00,819 INFO impl.RoleInfo: 1efe0dcf-5deb-4d49-9049-7b3e766c564d: shutdown LeaderElection
grafana_1     | t=2019-10-18T05:33:57+0000 lvl=info msg="Executing migration" logger=migrator id="create team table"
freon_1       | 2019-10-18 05:34:22,311 [pool-2-thread-10] INFO       - Creating Bucket: vol-0-32094/bucket-20-60540, with Versioning false and Storage Type set to DISK and Encryption set to false 
datanode_3    | 2019-10-18 05:34:00,821 INFO impl.RoleInfo: 1efe0dcf-5deb-4d49-9049-7b3e766c564d: start FollowerState
grafana_1     | t=2019-10-18T05:33:57+0000 lvl=info msg="Executing migration" logger=migrator id="add index team.org_id"
freon_1       | 2019-10-18 05:34:22,324 [pool-2-thread-3] INFO       - Creating Bucket: vol-7-85938/bucket-20-61001, with Versioning false and Storage Type set to DISK and Encryption set to false 
datanode_3    | 2019-10-18 05:34:00,861 INFO impl.RaftServerImpl: 1efe0dcf-5deb-4d49-9049-7b3e766c564d@group-9E309192DCFD: changes role from  FOLLOWER to FOLLOWER at term 11 for recognizeCandidate:cc0f3116-b7c5-4fa6-8f0b-e283c1af26e1
datanode_1    | 2019-10-18 05:34:00,436 INFO segmented.SegmentedRaftLogWorker: 70d764fa-f45e-4aa8-acc1-88ab5fcf48b4@group-9E309192DCFD-SegmentedRaftLogWorker: created new log segment /data/metadata/ratis/fee3e627-9960-41b8-86b3-9e309192dcfd/current/log_inprogress_0
grafana_1     | t=2019-10-18T05:33:57+0000 lvl=info msg="Executing migration" logger=migrator id="add unique index team_org_id_name"
freon_1       | 2019-10-18 05:34:22,326 [pool-2-thread-8] INFO       - Creating Bucket: vol-8-11722/bucket-20-78572, with Versioning false and Storage Type set to DISK and Encryption set to false 
datanode_3    | 2019-10-18 05:34:00,861 INFO impl.RoleInfo: 1efe0dcf-5deb-4d49-9049-7b3e766c564d: shutdown FollowerState
grafana_1     | t=2019-10-18T05:33:58+0000 lvl=info msg="Executing migration" logger=migrator id="create team member table"
datanode_2    | 2019-10-18 05:34:00,787 INFO impl.RaftServerImpl: cc0f3116-b7c5-4fa6-8f0b-e283c1af26e1@group-9E309192DCFD: changes role from  FOLLOWER to CANDIDATE at term 9 for changeToCandidate
freon_1       | 2019-10-18 05:34:22,327 [pool-2-thread-1] INFO       - Creating Bucket: vol-9-96083/bucket-20-15870, with Versioning false and Storage Type set to DISK and Encryption set to false 
datanode_1    | 2019-10-18 05:34:00,436 WARN server.GrpcLogAppender: 70d764fa-f45e-4aa8-acc1-88ab5fcf48b4@group-9E309192DCFD->1efe0dcf-5deb-4d49-9049-7b3e766c564d-GrpcLogAppender: Wait interrupted by java.lang.InterruptedException
datanode_3    | 2019-10-18 05:34:00,861 INFO impl.RoleInfo: 1efe0dcf-5deb-4d49-9049-7b3e766c564d: start FollowerState
grafana_1     | t=2019-10-18T05:33:58+0000 lvl=info msg="Executing migration" logger=migrator id="add index team_member.org_id"
datanode_2    | 2019-10-18 05:34:00,787 INFO impl.RoleInfo: cc0f3116-b7c5-4fa6-8f0b-e283c1af26e1: start LeaderElection
freon_1       | 2019-10-18 05:34:22,329 [pool-2-thread-10] INFO       - Creating Bucket: vol-0-32094/bucket-21-03259, with Versioning false and Storage Type set to DISK and Encryption set to false 
datanode_1    | 2019-10-18 05:34:00,436 WARN server.GrpcLogAppender: 70d764fa-f45e-4aa8-acc1-88ab5fcf48b4@group-9E309192DCFD->cc0f3116-b7c5-4fa6-8f0b-e283c1af26e1-GrpcLogAppender: Wait interrupted by java.lang.InterruptedException
datanode_3    | 2019-10-18 05:34:00,862 INFO impl.FollowerState: 1efe0dcf-5deb-4d49-9049-7b3e766c564d@group-9E309192DCFD-FollowerState was interrupted: java.lang.InterruptedException: sleep interrupted
grafana_1     | t=2019-10-18T05:33:58+0000 lvl=info msg="Executing migration" logger=migrator id="add unique index team_member_org_id_team_id_user_id"
datanode_2    | 2019-10-18 05:34:00,814 INFO impl.LeaderElection: cc0f3116-b7c5-4fa6-8f0b-e283c1af26e1@group-9E309192DCFD-LeaderElection7: begin an election at term 10 for -1: [1efe0dcf-5deb-4d49-9049-7b3e766c564d:172.18.0.4:9858, cc0f3116-b7c5-4fa6-8f0b-e283c1af26e1:172.18.0.8:9858, 70d764fa-f45e-4aa8-acc1-88ab5fcf48b4:172.18.0.5:9858], old=null
freon_1       | 2019-10-18 05:34:22,329 [pool-2-thread-5] INFO       - Creating Bucket: vol-1-54541/bucket-21-27049, with Versioning false and Storage Type set to DISK and Encryption set to false 
datanode_1    | 2019-10-18 05:34:00,437 INFO impl.PendingRequests: 70d764fa-f45e-4aa8-acc1-88ab5fcf48b4@group-9E309192DCFD-PendingRequests: sendNotLeaderResponses
datanode_3    | 2019-10-18 05:34:00,890 INFO impl.FollowerState: 1efe0dcf-5deb-4d49-9049-7b3e766c564d@group-9E309192DCFD-FollowerState: change to CANDIDATE, lastRpcTime:28ms, electionTimeout:28ms
grafana_1     | t=2019-10-18T05:33:58+0000 lvl=info msg="Executing migration" logger=migrator id="Add column email to team table"
datanode_2    | 2019-10-18 05:34:00,824 INFO impl.LeaderElection: cc0f3116-b7c5-4fa6-8f0b-e283c1af26e1@group-9E309192DCFD-LeaderElection7: Election TIMEOUT; received 0 response(s) [] and 0 exception(s); cc0f3116-b7c5-4fa6-8f0b-e283c1af26e1@group-9E309192DCFD:t10, leader=null, voted=cc0f3116-b7c5-4fa6-8f0b-e283c1af26e1, raftlog=cc0f3116-b7c5-4fa6-8f0b-e283c1af26e1@group-9E309192DCFD-SegmentedRaftLog:OPENED:c-1,f-1,i0, conf=-1: [1efe0dcf-5deb-4d49-9049-7b3e766c564d:172.18.0.4:9858, cc0f3116-b7c5-4fa6-8f0b-e283c1af26e1:172.18.0.8:9858, 70d764fa-f45e-4aa8-acc1-88ab5fcf48b4:172.18.0.5:9858], old=null
freon_1       | 2019-10-18 05:34:22,330 [pool-2-thread-4] INFO       - Creating Bucket: vol-2-52679/bucket-21-10173, with Versioning false and Storage Type set to DISK and Encryption set to false 
datanode_1    | 2019-10-18 05:34:00,440 INFO impl.RoleInfo: 70d764fa-f45e-4aa8-acc1-88ab5fcf48b4: start FollowerState
grafana_1     | t=2019-10-18T05:33:58+0000 lvl=info msg="Executing migration" logger=migrator id="Add column external to team_member table"
datanode_3    | 2019-10-18 05:34:00,890 INFO impl.RoleInfo: 1efe0dcf-5deb-4d49-9049-7b3e766c564d: shutdown FollowerState
datanode_1    | 2019-10-18 05:34:00,444 INFO server.GrpcLogAppender: 70d764fa-f45e-4aa8-acc1-88ab5fcf48b4@group-9E309192DCFD->1efe0dcf-5deb-4d49-9049-7b3e766c564d-AppendLogResponseHandler: follower responses appendEntries COMPLETED
grafana_1     | t=2019-10-18T05:33:58+0000 lvl=info msg="Executing migration" logger=migrator id="Add column permission to team_member table"
datanode_3    | 2019-10-18 05:34:00,891 INFO impl.RaftServerImpl: 1efe0dcf-5deb-4d49-9049-7b3e766c564d@group-9E309192DCFD: changes role from  FOLLOWER to CANDIDATE at term 11 for changeToCandidate
freon_1       | 2019-10-18 05:34:22,330 [pool-2-thread-7] INFO       - Creating Bucket: vol-3-83140/bucket-21-02221, with Versioning false and Storage Type set to DISK and Encryption set to false 
datanode_2    | 2019-10-18 05:34:00,845 INFO impl.LeaderElection: cc0f3116-b7c5-4fa6-8f0b-e283c1af26e1@group-9E309192DCFD-LeaderElection7: begin an election at term 11 for -1: [1efe0dcf-5deb-4d49-9049-7b3e766c564d:172.18.0.4:9858, cc0f3116-b7c5-4fa6-8f0b-e283c1af26e1:172.18.0.8:9858, 70d764fa-f45e-4aa8-acc1-88ab5fcf48b4:172.18.0.5:9858], old=null
datanode_1    | 2019-10-18 05:34:00,452 INFO impl.FollowerInfo: 70d764fa-f45e-4aa8-acc1-88ab5fcf48b4@group-9E309192DCFD->1efe0dcf-5deb-4d49-9049-7b3e766c564d: nextIndex: updateUnconditionally 0 -> 0
grafana_1     | t=2019-10-18T05:33:58+0000 lvl=info msg="Executing migration" logger=migrator id="create dashboard acl table"
datanode_3    | 2019-10-18 05:34:00,891 INFO impl.RoleInfo: 1efe0dcf-5deb-4d49-9049-7b3e766c564d: start LeaderElection
freon_1       | 2019-10-18 05:34:22,331 [pool-2-thread-9] INFO       - Creating Bucket: vol-5-66317/bucket-21-09026, with Versioning false and Storage Type set to DISK and Encryption set to false 
datanode_2    | 2019-10-18 05:34:00,878 INFO impl.LeaderElection: cc0f3116-b7c5-4fa6-8f0b-e283c1af26e1@group-9E309192DCFD-LeaderElection7: Election PASSED; received 2 response(s) [cc0f3116-b7c5-4fa6-8f0b-e283c1af26e1<-1efe0dcf-5deb-4d49-9049-7b3e766c564d#0:OK-t11, cc0f3116-b7c5-4fa6-8f0b-e283c1af26e1<-70d764fa-f45e-4aa8-acc1-88ab5fcf48b4#0:FAIL-t11] and 0 exception(s); cc0f3116-b7c5-4fa6-8f0b-e283c1af26e1@group-9E309192DCFD:t11, leader=null, voted=cc0f3116-b7c5-4fa6-8f0b-e283c1af26e1, raftlog=cc0f3116-b7c5-4fa6-8f0b-e283c1af26e1@group-9E309192DCFD-SegmentedRaftLog:OPENED:c-1,f-1,i0, conf=-1: [1efe0dcf-5deb-4d49-9049-7b3e766c564d:172.18.0.4:9858, cc0f3116-b7c5-4fa6-8f0b-e283c1af26e1:172.18.0.8:9858, 70d764fa-f45e-4aa8-acc1-88ab5fcf48b4:172.18.0.5:9858], old=null
datanode_1    | 2019-10-18 05:34:00,464 INFO impl.RaftServerImpl: 70d764fa-f45e-4aa8-acc1-88ab5fcf48b4@group-9E309192DCFD: changes role from  FOLLOWER to FOLLOWER at term 7 for recognizeCandidate:1efe0dcf-5deb-4d49-9049-7b3e766c564d
grafana_1     | t=2019-10-18T05:33:58+0000 lvl=info msg="Executing migration" logger=migrator id="add index dashboard_acl_dashboard_id"
datanode_3    | 2019-10-18 05:34:00,931 INFO impl.LeaderElection: 1efe0dcf-5deb-4d49-9049-7b3e766c564d@group-9E309192DCFD-LeaderElection7: begin an election at term 12 for -1: [1efe0dcf-5deb-4d49-9049-7b3e766c564d:172.18.0.4:9858, cc0f3116-b7c5-4fa6-8f0b-e283c1af26e1:172.18.0.8:9858, 70d764fa-f45e-4aa8-acc1-88ab5fcf48b4:172.18.0.5:9858], old=null
freon_1       | 2019-10-18 05:34:22,330 [pool-2-thread-2] INFO       - Creating Bucket: vol-4-09512/bucket-21-19876, with Versioning false and Storage Type set to DISK and Encryption set to false 
datanode_2    | 2019-10-18 05:34:00,878 INFO impl.RoleInfo: cc0f3116-b7c5-4fa6-8f0b-e283c1af26e1: shutdown LeaderElection
datanode_1    | 2019-10-18 05:34:00,464 INFO impl.RoleInfo: 70d764fa-f45e-4aa8-acc1-88ab5fcf48b4: shutdown FollowerState
datanode_3    | 2019-10-18 05:34:00,944 INFO server.GrpcServerProtocolService: 1efe0dcf-5deb-4d49-9049-7b3e766c564d: Completed APPEND_ENTRIES, lastRequest: cc0f3116-b7c5-4fa6-8f0b-e283c1af26e1->1efe0dcf-5deb-4d49-9049-7b3e766c564d#1-t11, previous=(t:0, i:0), leaderCommit=-1, initializing? false, entries: size=1, first=(t:11, i:0), CONFIGURATIONENTRY
grafana_1     | t=2019-10-18T05:33:58+0000 lvl=info msg="Executing migration" logger=migrator id="add unique index dashboard_acl_dashboard_id_user_id"
freon_1       | 2019-10-18 05:34:22,331 [pool-2-thread-3] INFO       - Creating Bucket: vol-6-37226/bucket-21-29750, with Versioning false and Storage Type set to DISK and Encryption set to false 
datanode_2    | 2019-10-18 05:34:00,878 INFO impl.RaftServerImpl: cc0f3116-b7c5-4fa6-8f0b-e283c1af26e1@group-9E309192DCFD: changes role from CANDIDATE to LEADER at term 11 for changeToLeader
datanode_1    | 2019-10-18 05:34:00,465 INFO impl.RoleInfo: 70d764fa-f45e-4aa8-acc1-88ab5fcf48b4: start FollowerState
datanode_3    | 2019-10-18 05:34:00,966 INFO impl.LeaderElection: 1efe0dcf-5deb-4d49-9049-7b3e766c564d@group-9E309192DCFD-LeaderElection7: Election REJECTED; received 2 response(s) [1efe0dcf-5deb-4d49-9049-7b3e766c564d<-cc0f3116-b7c5-4fa6-8f0b-e283c1af26e1#0:FAIL-t12, 1efe0dcf-5deb-4d49-9049-7b3e766c564d<-70d764fa-f45e-4aa8-acc1-88ab5fcf48b4#0:FAIL-t12] and 0 exception(s); 1efe0dcf-5deb-4d49-9049-7b3e766c564d@group-9E309192DCFD:t12, leader=null, voted=1efe0dcf-5deb-4d49-9049-7b3e766c564d, raftlog=1efe0dcf-5deb-4d49-9049-7b3e766c564d@group-9E309192DCFD-SegmentedRaftLog:OPENED:c-1,f-1,i0, conf=-1: [1efe0dcf-5deb-4d49-9049-7b3e766c564d:172.18.0.4:9858, cc0f3116-b7c5-4fa6-8f0b-e283c1af26e1:172.18.0.8:9858, 70d764fa-f45e-4aa8-acc1-88ab5fcf48b4:172.18.0.5:9858], old=null
grafana_1     | t=2019-10-18T05:33:58+0000 lvl=info msg="Executing migration" logger=migrator id="add unique index dashboard_acl_dashboard_id_team_id"
freon_1       | 2019-10-18 05:34:22,331 [pool-2-thread-6] INFO       - Creating Bucket: vol-7-85938/bucket-21-49910, with Versioning false and Storage Type set to DISK and Encryption set to false 
datanode_1    | 2019-10-18 05:34:00,465 INFO impl.FollowerState: 70d764fa-f45e-4aa8-acc1-88ab5fcf48b4@group-9E309192DCFD-FollowerState was interrupted: java.lang.InterruptedException: sleep interrupted
datanode_2    | 2019-10-18 05:34:00,879 INFO impl.RaftServerImpl: cc0f3116-b7c5-4fa6-8f0b-e283c1af26e1@group-9E309192DCFD: change Leader from null to cc0f3116-b7c5-4fa6-8f0b-e283c1af26e1 at term 11 for becomeLeader, leader elected after 1298ms
datanode_3    | 2019-10-18 05:34:00,967 INFO impl.RaftServerImpl: 1efe0dcf-5deb-4d49-9049-7b3e766c564d@group-9E309192DCFD: changes role from CANDIDATE to FOLLOWER at term 12 for DISCOVERED_A_NEW_TERM
grafana_1     | t=2019-10-18T05:33:58+0000 lvl=info msg="Executing migration" logger=migrator id="save default acl rules in dashboard_acl table"
freon_1       | 2019-10-18 05:34:22,346 [pool-2-thread-8] INFO       - Creating Bucket: vol-8-11722/bucket-21-43835, with Versioning false and Storage Type set to DISK and Encryption set to false 
datanode_1    | 2019-10-18 05:34:00,469 INFO server.GrpcLogAppender: 70d764fa-f45e-4aa8-acc1-88ab5fcf48b4@group-9E309192DCFD->cc0f3116-b7c5-4fa6-8f0b-e283c1af26e1-AppendLogResponseHandler: follower responses appendEntries COMPLETED
datanode_2    | 2019-10-18 05:34:00,879 INFO server.RaftServerConfigKeys: raft.server.staging.catchup.gap = 1000 (default)
datanode_3    | 2019-10-18 05:34:00,967 INFO impl.RoleInfo: 1efe0dcf-5deb-4d49-9049-7b3e766c564d: shutdown LeaderElection
grafana_1     | t=2019-10-18T05:33:58+0000 lvl=info msg="Executing migration" logger=migrator id="create tag table"
freon_1       | 2019-10-18 05:34:22,349 [pool-2-thread-1] INFO       - Creating Bucket: vol-9-96083/bucket-21-22097, with Versioning false and Storage Type set to DISK and Encryption set to false 
datanode_1    | 2019-10-18 05:34:00,472 INFO impl.FollowerInfo: 70d764fa-f45e-4aa8-acc1-88ab5fcf48b4@group-9E309192DCFD->cc0f3116-b7c5-4fa6-8f0b-e283c1af26e1: nextIndex: updateUnconditionally 0 -> 0
datanode_2    | 2019-10-18 05:34:00,880 INFO server.RaftServerConfigKeys: raft.server.rpc.sleep.time = 25ms (default)
datanode_3    | 2019-10-18 05:34:00,967 INFO impl.RoleInfo: 1efe0dcf-5deb-4d49-9049-7b3e766c564d: start FollowerState
grafana_1     | t=2019-10-18T05:33:58+0000 lvl=info msg="Executing migration" logger=migrator id="add index tag.key_value"
freon_1       | 2019-10-18 05:34:22,350 [pool-2-thread-4] INFO       - Creating Bucket: vol-0-32094/bucket-22-41455, with Versioning false and Storage Type set to DISK and Encryption set to false 
datanode_1    | 2019-10-18 05:34:00,475 INFO impl.RaftServerImpl: 70d764fa-f45e-4aa8-acc1-88ab5fcf48b4@group-9E309192DCFD: changes role from  FOLLOWER to FOLLOWER at term 7 for recognizeCandidate:cc0f3116-b7c5-4fa6-8f0b-e283c1af26e1
datanode_2    | 2019-10-18 05:34:00,880 INFO server.RaftServerConfigKeys: raft.server.write.element-limit = 4096 (default)
datanode_3    | 2019-10-18 05:34:01,029 INFO impl.FollowerState: 1efe0dcf-5deb-4d49-9049-7b3e766c564d@group-9E309192DCFD-FollowerState: change to CANDIDATE, lastRpcTime:61ms, electionTimeout:61ms
grafana_1     | t=2019-10-18T05:33:58+0000 lvl=info msg="Executing migration" logger=migrator id="create login attempt table"
freon_1       | 2019-10-18 05:34:22,351 [pool-2-thread-3] INFO       - Creating Bucket: vol-1-54541/bucket-22-92983, with Versioning false and Storage Type set to DISK and Encryption set to false 
datanode_1    | 2019-10-18 05:34:00,476 INFO impl.RoleInfo: 70d764fa-f45e-4aa8-acc1-88ab5fcf48b4: shutdown FollowerState
datanode_2    | 2019-10-18 05:34:00,880 INFO server.RaftServerConfigKeys: raft.server.watch.timeout = 10s (default)
datanode_3    | 2019-10-18 05:34:01,030 INFO impl.RoleInfo: 1efe0dcf-5deb-4d49-9049-7b3e766c564d: shutdown FollowerState
grafana_1     | t=2019-10-18T05:33:58+0000 lvl=info msg="Executing migration" logger=migrator id="add index login_attempt.username"
freon_1       | 2019-10-18 05:34:22,352 [pool-2-thread-2] INFO       - Creating Bucket: vol-2-52679/bucket-22-12683, with Versioning false and Storage Type set to DISK and Encryption set to false 
datanode_1    | 2019-10-18 05:34:00,476 INFO impl.FollowerState: 70d764fa-f45e-4aa8-acc1-88ab5fcf48b4@group-9E309192DCFD-FollowerState was interrupted: java.lang.InterruptedException: sleep interrupted
datanode_2    | 2019-10-18 05:34:00,880 INFO server.RaftServerConfigKeys: raft.server.watch.timeout.denomination = 1s (default)
datanode_3    | 2019-10-18 05:34:01,030 INFO impl.RaftServerImpl: 1efe0dcf-5deb-4d49-9049-7b3e766c564d@group-9E309192DCFD: changes role from  FOLLOWER to CANDIDATE at term 12 for changeToCandidate
grafana_1     | t=2019-10-18T05:33:58+0000 lvl=info msg="Executing migration" logger=migrator id="drop index IDX_login_attempt_username - v1"
freon_1       | 2019-10-18 05:34:22,353 [pool-2-thread-7] INFO       - Creating Bucket: vol-3-83140/bucket-22-28263, with Versioning false and Storage Type set to DISK and Encryption set to false 
datanode_1    | 2019-10-18 05:34:00,477 INFO impl.RoleInfo: 70d764fa-f45e-4aa8-acc1-88ab5fcf48b4: start FollowerState
datanode_2    | 2019-10-18 05:34:00,880 INFO server.RaftServerConfigKeys: raft.server.watch.element-limit = 65536 (default)
datanode_3    | 2019-10-18 05:34:01,030 INFO impl.RoleInfo: 1efe0dcf-5deb-4d49-9049-7b3e766c564d: start LeaderElection
grafana_1     | t=2019-10-18T05:33:58+0000 lvl=info msg="Executing migration" logger=migrator id="Rename table login_attempt to login_attempt_tmp_qwerty - v1"
freon_1       | 2019-10-18 05:34:22,354 [pool-2-thread-10] INFO       - Creating Bucket: vol-4-09512/bucket-22-42322, with Versioning false and Storage Type set to DISK and Encryption set to false 
datanode_1    | 2019-10-18 05:34:00,591 INFO impl.RaftServerImpl: 70d764fa-f45e-4aa8-acc1-88ab5fcf48b4@group-9E309192DCFD: changes role from  FOLLOWER to FOLLOWER at term 8 for recognizeCandidate:cc0f3116-b7c5-4fa6-8f0b-e283c1af26e1
datanode_2    | 2019-10-18 05:34:00,885 INFO server.RaftServerConfigKeys: raft.server.log.appender.snapshot.chunk.size.max = 16MB (=16777216) (default)
datanode_3    | 2019-10-18 05:34:01,053 INFO impl.LeaderElection: 1efe0dcf-5deb-4d49-9049-7b3e766c564d@group-9E309192DCFD-LeaderElection8: begin an election at term 13 for -1: [1efe0dcf-5deb-4d49-9049-7b3e766c564d:172.18.0.4:9858, cc0f3116-b7c5-4fa6-8f0b-e283c1af26e1:172.18.0.8:9858, 70d764fa-f45e-4aa8-acc1-88ab5fcf48b4:172.18.0.5:9858], old=null
grafana_1     | t=2019-10-18T05:33:59+0000 lvl=info msg="Executing migration" logger=migrator id="create login_attempt v2"
freon_1       | 2019-10-18 05:34:22,355 [pool-2-thread-5] INFO       - Creating Bucket: vol-5-66317/bucket-22-05053, with Versioning false and Storage Type set to DISK and Encryption set to false 
datanode_1    | 2019-10-18 05:34:00,591 INFO impl.RoleInfo: 70d764fa-f45e-4aa8-acc1-88ab5fcf48b4: shutdown FollowerState
datanode_2    | 2019-10-18 05:34:00,885 INFO server.RaftServerConfigKeys: raft.server.log.appender.buffer.byte-limit = 33554432 (custom)
datanode_3    | 2019-10-18 05:34:01,057 INFO impl.LeaderElection: 1efe0dcf-5deb-4d49-9049-7b3e766c564d@group-9E309192DCFD-LeaderElection8: Election TIMEOUT; received 0 response(s) [] and 0 exception(s); 1efe0dcf-5deb-4d49-9049-7b3e766c564d@group-9E309192DCFD:t13, leader=null, voted=1efe0dcf-5deb-4d49-9049-7b3e766c564d, raftlog=1efe0dcf-5deb-4d49-9049-7b3e766c564d@group-9E309192DCFD-SegmentedRaftLog:OPENED:c-1,f-1,i0, conf=-1: [1efe0dcf-5deb-4d49-9049-7b3e766c564d:172.18.0.4:9858, cc0f3116-b7c5-4fa6-8f0b-e283c1af26e1:172.18.0.8:9858, 70d764fa-f45e-4aa8-acc1-88ab5fcf48b4:172.18.0.5:9858], old=null
grafana_1     | t=2019-10-18T05:33:59+0000 lvl=info msg="Executing migration" logger=migrator id="create index IDX_login_attempt_username - v2"
freon_1       | 2019-10-18 05:34:22,356 [pool-2-thread-9] INFO       - Creating Bucket: vol-6-37226/bucket-22-60267, with Versioning false and Storage Type set to DISK and Encryption set to false 
datanode_1    | 2019-10-18 05:34:00,592 INFO impl.RoleInfo: 70d764fa-f45e-4aa8-acc1-88ab5fcf48b4: start FollowerState
datanode_2    | 2019-10-18 05:34:00,885 INFO server.RaftServerConfigKeys: raft.server.log.appender.buffer.element-limit = 1 (custom)
datanode_3    | 2019-10-18 05:34:01,072 INFO impl.LeaderElection: 1efe0dcf-5deb-4d49-9049-7b3e766c564d@group-9E309192DCFD-LeaderElection8: begin an election at term 14 for -1: [1efe0dcf-5deb-4d49-9049-7b3e766c564d:172.18.0.4:9858, cc0f3116-b7c5-4fa6-8f0b-e283c1af26e1:172.18.0.8:9858, 70d764fa-f45e-4aa8-acc1-88ab5fcf48b4:172.18.0.5:9858], old=null
grafana_1     | t=2019-10-18T05:33:59+0000 lvl=info msg="Executing migration" logger=migrator id="copy login_attempt v1 to v2"
freon_1       | 2019-10-18 05:34:22,357 [pool-2-thread-6] INFO       - Creating Bucket: vol-7-85938/bucket-22-58227, with Versioning false and Storage Type set to DISK and Encryption set to false 
datanode_1    | 2019-10-18 05:34:00,592 INFO impl.FollowerState: 70d764fa-f45e-4aa8-acc1-88ab5fcf48b4@group-9E309192DCFD-FollowerState was interrupted: java.lang.InterruptedException: sleep interrupted
datanode_2    | 2019-10-18 05:34:00,887 INFO grpc.GrpcConfigKeys$Server: raft.grpc.server.leader.outstanding.appends.max = 128 (default)
grafana_1     | t=2019-10-18T05:33:59+0000 lvl=info msg="Executing migration" logger=migrator id="drop login_attempt_tmp_qwerty"
datanode_3    | 2019-10-18 05:34:01,113 INFO impl.LeaderElection: 1efe0dcf-5deb-4d49-9049-7b3e766c564d@group-9E309192DCFD-LeaderElection8: Election REJECTED; received 2 response(s) [1efe0dcf-5deb-4d49-9049-7b3e766c564d<-cc0f3116-b7c5-4fa6-8f0b-e283c1af26e1#0:FAIL-t14, 1efe0dcf-5deb-4d49-9049-7b3e766c564d<-70d764fa-f45e-4aa8-acc1-88ab5fcf48b4#0:FAIL-t14] and 0 exception(s); 1efe0dcf-5deb-4d49-9049-7b3e766c564d@group-9E309192DCFD:t14, leader=null, voted=1efe0dcf-5deb-4d49-9049-7b3e766c564d, raftlog=1efe0dcf-5deb-4d49-9049-7b3e766c564d@group-9E309192DCFD-SegmentedRaftLog:OPENED:c-1,f-1,i0, conf=-1: [1efe0dcf-5deb-4d49-9049-7b3e766c564d:172.18.0.4:9858, cc0f3116-b7c5-4fa6-8f0b-e283c1af26e1:172.18.0.8:9858, 70d764fa-f45e-4aa8-acc1-88ab5fcf48b4:172.18.0.5:9858], old=null
freon_1       | 2019-10-18 05:34:22,357 [pool-2-thread-8] INFO       - Creating Bucket: vol-8-11722/bucket-22-67910, with Versioning false and Storage Type set to DISK and Encryption set to false 
datanode_1    | 2019-10-18 05:34:00,635 INFO impl.RaftServerImpl: 70d764fa-f45e-4aa8-acc1-88ab5fcf48b4@group-9E309192DCFD: changes role from  FOLLOWER to FOLLOWER at term 8 for recognizeCandidate:1efe0dcf-5deb-4d49-9049-7b3e766c564d
datanode_2    | 2019-10-18 05:34:00,888 INFO server.RaftServerConfigKeys: raft.server.rpc.request.timeout = 3000ms (default)
grafana_1     | t=2019-10-18T05:33:59+0000 lvl=info msg="Executing migration" logger=migrator id="create user auth table"
datanode_3    | 2019-10-18 05:34:01,114 INFO impl.RaftServerImpl: 1efe0dcf-5deb-4d49-9049-7b3e766c564d@group-9E309192DCFD: changes role from CANDIDATE to FOLLOWER at term 14 for DISCOVERED_A_NEW_TERM
freon_1       | 2019-10-18 05:34:22,370 [pool-2-thread-2] INFO       - Creating Bucket: vol-9-96083/bucket-22-13508, with Versioning false and Storage Type set to DISK and Encryption set to false 
datanode_1    | 2019-10-18 05:34:00,635 INFO impl.RoleInfo: 70d764fa-f45e-4aa8-acc1-88ab5fcf48b4: shutdown FollowerState
datanode_2    | 2019-10-18 05:34:00,888 INFO server.RaftServerConfigKeys: raft.server.log.appender.install.snapshot.enabled = false (custom)
grafana_1     | t=2019-10-18T05:33:59+0000 lvl=info msg="Executing migration" logger=migrator id="create index IDX_user_auth_auth_module_auth_id - v1"
datanode_3    | 2019-10-18 05:34:01,114 INFO impl.RoleInfo: 1efe0dcf-5deb-4d49-9049-7b3e766c564d: shutdown LeaderElection
freon_1       | 2019-10-18 05:34:22,371 [pool-2-thread-3] INFO       - Creating Bucket: vol-0-32094/bucket-23-90223, with Versioning false and Storage Type set to DISK and Encryption set to false 
datanode_1    | 2019-10-18 05:34:00,636 INFO impl.RoleInfo: 70d764fa-f45e-4aa8-acc1-88ab5fcf48b4: start FollowerState
grafana_1     | t=2019-10-18T05:33:59+0000 lvl=info msg="Executing migration" logger=migrator id="alter user_auth.auth_id to length 190"
datanode_2    | 2019-10-18 05:34:00,892 INFO server.RaftServerConfigKeys: raft.server.log.appender.snapshot.chunk.size.max = 16MB (=16777216) (default)
datanode_3    | 2019-10-18 05:34:01,114 INFO impl.RoleInfo: 1efe0dcf-5deb-4d49-9049-7b3e766c564d: start FollowerState
freon_1       | 2019-10-18 05:34:22,375 [pool-2-thread-10] INFO       - Creating Bucket: vol-1-54541/bucket-23-39294, with Versioning false and Storage Type set to DISK and Encryption set to false 
datanode_1    | 2019-10-18 05:34:00,637 INFO impl.FollowerState: 70d764fa-f45e-4aa8-acc1-88ab5fcf48b4@group-9E309192DCFD-FollowerState was interrupted: java.lang.InterruptedException: sleep interrupted
grafana_1     | t=2019-10-18T05:33:59+0000 lvl=info msg="Executing migration" logger=migrator id="Add OAuth access token to user_auth"
grafana_1     | t=2019-10-18T05:33:59+0000 lvl=info msg="Executing migration" logger=migrator id="Add OAuth refresh token to user_auth"
datanode_2    | 2019-10-18 05:34:00,892 INFO server.RaftServerConfigKeys: raft.server.log.appender.buffer.byte-limit = 33554432 (custom)
freon_1       | 2019-10-18 05:34:22,376 [pool-2-thread-4] INFO       - Creating Bucket: vol-2-52679/bucket-23-07337, with Versioning false and Storage Type set to DISK and Encryption set to false 
datanode_1    | 2019-10-18 05:34:00,686 INFO impl.RaftServerImpl: 70d764fa-f45e-4aa8-acc1-88ab5fcf48b4@group-9E309192DCFD: changes role from  FOLLOWER to FOLLOWER at term 9 for recognizeCandidate:cc0f3116-b7c5-4fa6-8f0b-e283c1af26e1
datanode_3    | 2019-10-18 05:34:01,267 INFO impl.FollowerState: 1efe0dcf-5deb-4d49-9049-7b3e766c564d@group-9E309192DCFD-FollowerState: change to CANDIDATE, lastRpcTime:152ms, electionTimeout:152ms
grafana_1     | t=2019-10-18T05:33:59+0000 lvl=info msg="Executing migration" logger=migrator id="Add OAuth token type to user_auth"
datanode_2    | 2019-10-18 05:34:00,892 INFO server.RaftServerConfigKeys: raft.server.log.appender.buffer.element-limit = 1 (custom)
freon_1       | 2019-10-18 05:34:22,379 [pool-2-thread-7] INFO       - Creating Bucket: vol-3-83140/bucket-23-11589, with Versioning false and Storage Type set to DISK and Encryption set to false 
datanode_1    | 2019-10-18 05:34:00,686 INFO impl.RoleInfo: 70d764fa-f45e-4aa8-acc1-88ab5fcf48b4: shutdown FollowerState
datanode_3    | 2019-10-18 05:34:01,267 INFO impl.RoleInfo: 1efe0dcf-5deb-4d49-9049-7b3e766c564d: shutdown FollowerState
datanode_2    | 2019-10-18 05:34:00,892 INFO grpc.GrpcConfigKeys$Server: raft.grpc.server.leader.outstanding.appends.max = 128 (default)
grafana_1     | t=2019-10-18T05:33:59+0000 lvl=info msg="Executing migration" logger=migrator id="Add OAuth expiry to user_auth"
freon_1       | 2019-10-18 05:34:22,380 [pool-2-thread-2] INFO       - Creating Bucket: vol-4-09512/bucket-23-46500, with Versioning false and Storage Type set to DISK and Encryption set to false 
datanode_1    | 2019-10-18 05:34:00,686 INFO impl.RoleInfo: 70d764fa-f45e-4aa8-acc1-88ab5fcf48b4: start FollowerState
datanode_3    | 2019-10-18 05:34:01,268 INFO impl.RaftServerImpl: 1efe0dcf-5deb-4d49-9049-7b3e766c564d@group-9E309192DCFD: changes role from  FOLLOWER to CANDIDATE at term 14 for changeToCandidate
datanode_2    | 2019-10-18 05:34:00,892 INFO server.RaftServerConfigKeys: raft.server.rpc.request.timeout = 3000ms (default)
grafana_1     | t=2019-10-18T05:33:59+0000 lvl=info msg="Executing migration" logger=migrator id="Add index to user_id column in user_auth"
datanode_1    | 2019-10-18 05:34:00,686 INFO impl.FollowerState: 70d764fa-f45e-4aa8-acc1-88ab5fcf48b4@group-9E309192DCFD-FollowerState was interrupted: java.lang.InterruptedException: sleep interrupted
datanode_3    | 2019-10-18 05:34:01,268 INFO impl.RoleInfo: 1efe0dcf-5deb-4d49-9049-7b3e766c564d: start LeaderElection
freon_1       | 2019-10-18 05:34:22,381 [pool-2-thread-1] INFO       - Creating Bucket: vol-5-66317/bucket-23-65740, with Versioning false and Storage Type set to DISK and Encryption set to false 
datanode_2    | 2019-10-18 05:34:00,893 INFO server.RaftServerConfigKeys: raft.server.log.appender.install.snapshot.enabled = false (custom)
grafana_1     | t=2019-10-18T05:33:59+0000 lvl=info msg="Executing migration" logger=migrator id="create server_lock table"
datanode_1    | 2019-10-18 05:34:00,739 INFO impl.RaftServerImpl: 70d764fa-f45e-4aa8-acc1-88ab5fcf48b4@group-9E309192DCFD: changes role from  FOLLOWER to FOLLOWER at term 9 for recognizeCandidate:1efe0dcf-5deb-4d49-9049-7b3e766c564d
datanode_3    | 2019-10-18 05:34:01,282 INFO impl.LeaderElection: 1efe0dcf-5deb-4d49-9049-7b3e766c564d@group-9E309192DCFD-LeaderElection9: begin an election at term 15 for -1: [1efe0dcf-5deb-4d49-9049-7b3e766c564d:172.18.0.4:9858, cc0f3116-b7c5-4fa6-8f0b-e283c1af26e1:172.18.0.8:9858, 70d764fa-f45e-4aa8-acc1-88ab5fcf48b4:172.18.0.5:9858], old=null
freon_1       | 2019-10-18 05:34:22,381 [pool-2-thread-6] INFO       - Creating Bucket: vol-6-37226/bucket-23-11659, with Versioning false and Storage Type set to DISK and Encryption set to false 
datanode_2    | 2019-10-18 05:34:00,899 INFO impl.RoleInfo: cc0f3116-b7c5-4fa6-8f0b-e283c1af26e1: start LeaderState
grafana_1     | t=2019-10-18T05:33:59+0000 lvl=info msg="Executing migration" logger=migrator id="add index server_lock.operation_uid"
datanode_1    | 2019-10-18 05:34:00,740 INFO impl.RoleInfo: 70d764fa-f45e-4aa8-acc1-88ab5fcf48b4: shutdown FollowerState
datanode_3    | 2019-10-18 05:34:01,308 INFO impl.LeaderElection: 1efe0dcf-5deb-4d49-9049-7b3e766c564d@group-9E309192DCFD-LeaderElection9: Election TIMEOUT; received 0 response(s) [] and 0 exception(s); 1efe0dcf-5deb-4d49-9049-7b3e766c564d@group-9E309192DCFD:t15, leader=null, voted=1efe0dcf-5deb-4d49-9049-7b3e766c564d, raftlog=1efe0dcf-5deb-4d49-9049-7b3e766c564d@group-9E309192DCFD-SegmentedRaftLog:OPENED:c-1,f-1,i0, conf=-1: [1efe0dcf-5deb-4d49-9049-7b3e766c564d:172.18.0.4:9858, cc0f3116-b7c5-4fa6-8f0b-e283c1af26e1:172.18.0.8:9858, 70d764fa-f45e-4aa8-acc1-88ab5fcf48b4:172.18.0.5:9858], old=null
freon_1       | 2019-10-18 05:34:22,381 [pool-2-thread-8] INFO       - Creating Bucket: vol-7-85938/bucket-23-29765, with Versioning false and Storage Type set to DISK and Encryption set to false 
grafana_1     | t=2019-10-18T05:33:59+0000 lvl=info msg="Executing migration" logger=migrator id="create user auth token table"
datanode_2    | 2019-10-18 05:34:00,900 INFO segmented.SegmentedRaftLogWorker: cc0f3116-b7c5-4fa6-8f0b-e283c1af26e1@group-9E309192DCFD-SegmentedRaftLogWorker: Starting segment from index:0
datanode_1    | 2019-10-18 05:34:00,740 INFO impl.RoleInfo: 70d764fa-f45e-4aa8-acc1-88ab5fcf48b4: start FollowerState
datanode_3    | 2019-10-18 05:34:01,331 INFO impl.LeaderElection: 1efe0dcf-5deb-4d49-9049-7b3e766c564d@group-9E309192DCFD-LeaderElection9: begin an election at term 16 for -1: [1efe0dcf-5deb-4d49-9049-7b3e766c564d:172.18.0.4:9858, cc0f3116-b7c5-4fa6-8f0b-e283c1af26e1:172.18.0.8:9858, 70d764fa-f45e-4aa8-acc1-88ab5fcf48b4:172.18.0.5:9858], old=null
freon_1       | 2019-10-18 05:34:22,382 [pool-2-thread-5] INFO       - Creating Bucket: vol-8-11722/bucket-23-40081, with Versioning false and Storage Type set to DISK and Encryption set to false 
grafana_1     | t=2019-10-18T05:33:59+0000 lvl=info msg="Executing migration" logger=migrator id="add unique index user_auth_token.auth_token"
datanode_2    | 2019-10-18 05:34:00,901 INFO impl.RaftServerImpl: cc0f3116-b7c5-4fa6-8f0b-e283c1af26e1@group-9E309192DCFD: set configuration 0: [1efe0dcf-5deb-4d49-9049-7b3e766c564d:172.18.0.4:9858, cc0f3116-b7c5-4fa6-8f0b-e283c1af26e1:172.18.0.8:9858, 70d764fa-f45e-4aa8-acc1-88ab5fcf48b4:172.18.0.5:9858], old=null at 0
datanode_1    | 2019-10-18 05:34:00,740 INFO impl.FollowerState: 70d764fa-f45e-4aa8-acc1-88ab5fcf48b4@group-9E309192DCFD-FollowerState was interrupted: java.lang.InterruptedException: sleep interrupted
freon_1       | 2019-10-18 05:34:22,399 [pool-2-thread-10] INFO       - Creating Bucket: vol-9-96083/bucket-23-07319, with Versioning false and Storage Type set to DISK and Encryption set to false 
