scm_1       | 2019-10-16 21:43:19,172 INFO pipeline.PipelineStateManager: Created pipeline Pipeline[ Id: 5ae54ab5-a92d-4cec-bee8-0e77ee19989d, Nodes: 32f0e644-5ab7-4b02-b4d0-c6dca210a7cc{ip: 172.18.0.7, host: ozones3_datanode_3.ozones3_default, networkLocation: /default-rack, certSerialId: null}e5ae000e-888b-400e-a1a8-929e118004d9{ip: 172.18.0.6, host: ozones3_datanode_1.ozones3_default, networkLocation: /default-rack, certSerialId: null}dba7091c-2013-49a4-abae-1adb2a1e8c4d{ip: 172.18.0.5, host: ozones3_datanode_2.ozones3_default, networkLocation: /default-rack, certSerialId: null}, Type:RATIS, Factor:THREE, State:OPEN]
datanode_3  | 2019-10-16 21:43:19,503 INFO server.GrpcLogAppender: 32f0e644-5ab7-4b02-b4d0-c6dca210a7cc@group-0E77EE19989D->e5ae000e-888b-400e-a1a8-929e118004d9-AppendLogResponseHandler: follower responses appendEntries COMPLETED
datanode_2  | 	at org.apache.ratis.thirdparty.io.netty.handler.codec.http2.Http2InboundFrameLogger$1.onDataRead(Http2InboundFrameLogger.java:48)
datanode_1  | 2019-10-16 21:43:18,376 INFO storage.RaftStorageDirectory: Lock on /data/metadata/ratis/7e7ac9a4-b51c-4fa4-8b1f-fbcb2f0bb8de/in_use.lock acquired by nodename 7@ae23c655f546
s3g_1       | 	at org.glassfish.jersey.server.model.ResourceMethodInvoker.invoke(ResourceMethodInvoker.java:493)
scm_1       | 2019-10-16 21:43:34,782 INFO pipeline.PipelineStateManager: Created pipeline Pipeline[ Id: 0509be29-67e6-4a07-9e66-ecc21472386d, Nodes: 32f0e644-5ab7-4b02-b4d0-c6dca210a7cc{ip: 172.18.0.7, host: ozones3_datanode_3.ozones3_default, networkLocation: /default-rack, certSerialId: null}, Type:STAND_ALONE, Factor:ONE, State:OPEN]
datanode_3  | 2019-10-16 21:43:19,505 INFO impl.FollowerInfo: 32f0e644-5ab7-4b02-b4d0-c6dca210a7cc@group-0E77EE19989D->e5ae000e-888b-400e-a1a8-929e118004d9: nextIndex: updateUnconditionally 0 -> 0
datanode_2  | 	at org.apache.ratis.thirdparty.io.netty.handler.codec.http2.DefaultHttp2FrameReader.readDataFrame(DefaultHttp2FrameReader.java:421)
datanode_1  | 2019-10-16 21:43:18,385 INFO storage.RaftStorage: Storage directory /data/metadata/ratis/7e7ac9a4-b51c-4fa4-8b1f-fbcb2f0bb8de has been successfully formatted.
scm_1       | 2019-10-16 21:46:06,306 INFO server.SCMBlockProtocolServer: SCM is informed by OM to delete 1 blocks
s3g_1       | 	at org.glassfish.jersey.server.model.ResourceMethodInvoker.apply(ResourceMethodInvoker.java:415)
datanode_3  | 2019-10-16 21:43:19,525 INFO impl.RaftServerImpl: 32f0e644-5ab7-4b02-b4d0-c6dca210a7cc@group-0E77EE19989D: change Leader from null to e5ae000e-888b-400e-a1a8-929e118004d9 at term 3 for appendEntries, leader elected after 58ms
datanode_2  | 	at org.apache.ratis.thirdparty.io.netty.handler.codec.http2.DefaultHttp2FrameReader.processPayloadState(DefaultHttp2FrameReader.java:251)
datanode_1  | 2019-10-16 21:43:18,385 [pool-8-thread-1] INFO       - group-FBCB2F0BB8DE: The snapshot info is null. Setting the last applied indexto:(t:0, i:~)
scm_1       | 2019-10-16 21:46:06,307 INFO block.BlockManagerImpl: Deleting blocks conID: 6 locID: 102974246790758527 bcsId: 0
s3g_1       | 	at org.glassfish.jersey.server.model.ResourceMethodInvoker.apply(ResourceMethodInvoker.java:104)
datanode_3  | 2019-10-16 21:43:19,547 INFO impl.RaftServerImpl: 32f0e644-5ab7-4b02-b4d0-c6dca210a7cc@group-0E77EE19989D: set configuration 0: [dba7091c-2013-49a4-abae-1adb2a1e8c4d:172.18.0.5:9858, 32f0e644-5ab7-4b02-b4d0-c6dca210a7cc:172.18.0.7:9858, e5ae000e-888b-400e-a1a8-929e118004d9:172.18.0.6:9858], old=null at 0
datanode_2  | 	at org.apache.ratis.thirdparty.io.netty.handler.codec.http2.DefaultHttp2FrameReader.readFrame(DefaultHttp2FrameReader.java:160)
datanode_1  | 2019-10-16 21:43:18,386 INFO server.RaftServerConfigKeys: raft.server.notification.no-leader.timeout = 120s (custom)
scm_1       | 2019-10-16 21:47:06,332 INFO server.SCMBlockProtocolServer: SCM is informed by OM to delete 3 blocks
s3g_1       | 	at org.glassfish.jersey.server.ServerRuntime$1.run(ServerRuntime.java:277)
datanode_3  | 2019-10-16 21:43:19,550 INFO segmented.SegmentedRaftLogWorker: 32f0e644-5ab7-4b02-b4d0-c6dca210a7cc@group-0E77EE19989D-SegmentedRaftLogWorker: Truncating segments toTruncate: null
datanode_1  | 2019-10-16 21:43:18,386 INFO server.RaftServerConfigKeys: raft.server.log.use.memory = false (default)
scm_1       | 2019-10-16 21:47:06,332 INFO block.BlockManagerImpl: Deleting blocks conID: 5 locID: 102974251128062090 bcsId: 0,conID: 6 locID: 102974251128455307 bcsId: 0,conID: 4 locID: 102974251126227081 bcsId: 0
s3g_1       | 	at org.glassfish.jersey.internal.Errors$1.call(Errors.java:272)
datanode_3  |   toDelete: [(0, 0) isOpen? true, length=0, newEndIndex=-1], start index 0
datanode_2  | 	at org.apache.ratis.thirdparty.io.netty.handler.codec.http2.Http2InboundFrameLogger.readFrame(Http2InboundFrameLogger.java:41)
datanode_1  | 2019-10-16 21:43:18,386 INFO server.RaftServerConfigKeys: raft.server.log.purge.gap = 1000000 (custom)
scm_1       | 2019-10-16 21:47:06,334 INFO block.BlockManagerImpl: Deleting blocks conID: 5 locID: 102974250297065607 bcsId: 0
s3g_1       | 	at org.glassfish.jersey.internal.Errors$1.call(Errors.java:268)
datanode_3  | 2019-10-16 21:43:19,550 INFO segmented.SegmentedRaftLogWorker: 32f0e644-5ab7-4b02-b4d0-c6dca210a7cc@group-0E77EE19989D-SegmentedRaftLogWorker: Starting segment from index:0
datanode_2  | 	at org.apache.ratis.thirdparty.io.netty.handler.codec.http2.DefaultHttp2ConnectionDecoder.decodeFrame(DefaultHttp2ConnectionDecoder.java:118)
datanode_1  | 2019-10-16 21:43:18,386 INFO server.RaftServerConfigKeys: raft.server.log.appender.buffer.byte-limit = 33554432 (custom)
scm_1       | 2019-10-16 21:47:06,334 INFO block.BlockManagerImpl: Deleting blocks conID: 6 locID: 102974250579984520 bcsId: 0
s3g_1       | 	at org.glassfish.jersey.internal.Errors.process(Errors.java:316)
datanode_2  | 	at org.apache.ratis.thirdparty.io.netty.handler.codec.http2.Http2ConnectionHandler$FrameDecoder.decode(Http2ConnectionHandler.java:390)
datanode_1  | 2019-10-16 21:43:18,386 INFO server.RaftServerConfigKeys: raft.server.log.segment.size.max = 1048576 (custom)
datanode_3  | 2019-10-16 21:43:19,551 INFO segmented.SegmentedRaftLogWorker: 32f0e644-5ab7-4b02-b4d0-c6dca210a7cc@group-0E77EE19989D-SegmentedRaftLogWorker: Deleted log file /data/metadata/ratis/5ae54ab5-a92d-4cec-bee8-0e77ee19989d/current/log_inprogress_0
scm_1       | 2019-10-16 21:48:06,142 INFO container.ReplicationManager: Starting Replication Monitor Thread.
s3g_1       | 	at org.glassfish.jersey.internal.Errors.process(Errors.java:298)
datanode_2  | 	at org.apache.ratis.thirdparty.io.netty.handler.codec.http2.Http2ConnectionHandler.decode(Http2ConnectionHandler.java:450)
datanode_1  | 2019-10-16 21:43:18,386 INFO server.RaftServerConfigKeys: raft.server.log.segment.cache.num.max = 2 (custom)
datanode_3  | 2019-10-16 21:43:19,552 INFO segmented.SegmentedRaftLogWorker: 32f0e644-5ab7-4b02-b4d0-c6dca210a7cc@group-0E77EE19989D-SegmentedRaftLogWorker: flushIndex: setUnconditionally 0 -> -1
scm_1       | 2019-10-16 21:48:06,153 INFO container.ReplicationManager: Replication Monitor Thread took 8 milliseconds for processing 6 containers.
s3g_1       | 	at org.glassfish.jersey.internal.Errors.process(Errors.java:268)
datanode_2  | 	at org.apache.ratis.thirdparty.io.netty.handler.codec.ByteToMessageDecoder.decodeRemovalReentryProtection(ByteToMessageDecoder.java:502)
datanode_3  | 2019-10-16 21:43:19,594 INFO segmented.SegmentedRaftLogWorker: 32f0e644-5ab7-4b02-b4d0-c6dca210a7cc@group-0E77EE19989D-SegmentedRaftLogWorker: created new log segment /data/metadata/ratis/5ae54ab5-a92d-4cec-bee8-0e77ee19989d/current/log_inprogress_0
datanode_1  | 2019-10-16 21:43:18,386 INFO segmented.SegmentedRaftLogWorker: new e5ae000e-888b-400e-a1a8-929e118004d9@group-FBCB2F0BB8DE-SegmentedRaftLogWorker for RaftStorage:Storage Directory /data/metadata/ratis/7e7ac9a4-b51c-4fa4-8b1f-fbcb2f0bb8de
scm_1       | 2019-10-16 21:49:06,339 INFO server.SCMBlockProtocolServer: SCM is informed by OM to delete 3 blocks
s3g_1       | 	at org.glassfish.jersey.process.internal.RequestScope.runInScope(RequestScope.java:289)
datanode_2  | 	at org.apache.ratis.thirdparty.io.netty.handler.codec.ByteToMessageDecoder.callDecode(ByteToMessageDecoder.java:441)
datanode_3  | 2019-10-16 21:46:48,079 INFO impl.RaftServerImpl: 32f0e644-5ab7-4b02-b4d0-c6dca210a7cc@group-0E77EE19989D: change Leader from e5ae000e-888b-400e-a1a8-929e118004d9 to null at term 4 for updateCurrentTerm
datanode_1  | 2019-10-16 21:43:18,386 INFO server.RaftServerConfigKeys: raft.server.log.queue.byte-limit = 2147483647 (custom)
scm_1       | 2019-10-16 21:49:06,339 INFO block.BlockManagerImpl: Deleting blocks conID: 6 locID: 102974259264880788 bcsId: 0
s3g_1       | 	at org.glassfish.jersey.server.ServerRuntime.process(ServerRuntime.java:256)
datanode_2  | 	at org.apache.ratis.thirdparty.io.netty.handler.codec.ByteToMessageDecoder.channelRead(ByteToMessageDecoder.java:278)
datanode_3  | 2019-10-16 21:46:48,079 INFO impl.RaftServerImpl: 32f0e644-5ab7-4b02-b4d0-c6dca210a7cc@group-0E77EE19989D: changes role from  FOLLOWER to FOLLOWER at term 4 for recognizeCandidate:dba7091c-2013-49a4-abae-1adb2a1e8c4d
datanode_1  | 2019-10-16 21:43:18,386 INFO server.RaftServerConfigKeys: raft.server.log.queue.element-limit = 1024 (custom)
scm_1       | 2019-10-16 21:49:06,340 INFO block.BlockManagerImpl: Deleting blocks conID: 4 locID: 102974260408352917 bcsId: 0
s3g_1       | 	at org.glassfish.jersey.server.ApplicationHandler.handle(ApplicationHandler.java:703)
datanode_2  | 	at org.apache.ratis.thirdparty.io.netty.channel.AbstractChannelHandlerContext.invokeChannelRead(AbstractChannelHandlerContext.java:362)
datanode_3  | 2019-10-16 21:46:48,079 INFO impl.RoleInfo: 32f0e644-5ab7-4b02-b4d0-c6dca210a7cc: shutdown FollowerState
datanode_1  | 2019-10-16 21:43:18,386 INFO server.RaftServerConfigKeys: raft.server.log.segment.size.max = 1048576 (custom)
scm_1       | 2019-10-16 21:49:06,340 INFO block.BlockManagerImpl: Deleting blocks conID: 5 locID: 102974261246820502 bcsId: 0
s3g_1       | 	at org.glassfish.jersey.servlet.WebComponent.serviceImpl(WebComponent.java:416)
datanode_2  | 	at org.apache.ratis.thirdparty.io.netty.channel.AbstractChannelHandlerContext.invokeChannelRead(AbstractChannelHandlerContext.java:348)
datanode_3  | 2019-10-16 21:46:48,079 INFO impl.RoleInfo: 32f0e644-5ab7-4b02-b4d0-c6dca210a7cc: start FollowerState
datanode_1  | 2019-10-16 21:43:18,387 INFO server.RaftServerConfigKeys: raft.server.log.preallocated.size = 16384 (custom)
scm_1       | 2019-10-16 21:50:06,346 INFO server.SCMBlockProtocolServer: SCM is informed by OM to delete 2 blocks
s3g_1       | 	at org.glassfish.jersey.servlet.WebComponent.service(WebComponent.java:370)
datanode_2  | 	at org.apache.ratis.thirdparty.io.netty.channel.AbstractChannelHandlerContext.fireChannelRead(AbstractChannelHandlerContext.java:340)
datanode_3  | 2019-10-16 21:46:48,080 INFO impl.FollowerState: 32f0e644-5ab7-4b02-b4d0-c6dca210a7cc@group-0E77EE19989D-FollowerState was interrupted: java.lang.InterruptedException: sleep interrupted
datanode_1  | 2019-10-16 21:43:18,387 INFO server.RaftServerConfigKeys: raft.server.log.write.buffer.size = 33554432 (custom)
scm_1       | 2019-10-16 21:50:06,346 INFO block.BlockManagerImpl: Deleting blocks conID: 6 locID: 102974262206726295 bcsId: 0
s3g_1       | 	at org.glassfish.jersey.servlet.ServletContainer.service(ServletContainer.java:389)
datanode_2  | 	at org.apache.ratis.thirdparty.io.netty.channel.DefaultChannelPipeline$HeadContext.channelRead(DefaultChannelPipeline.java:1434)
scm_1       | 2019-10-16 21:50:06,347 INFO block.BlockManagerImpl: Deleting blocks conID: 4 locID: 102974262257975448 bcsId: 0
datanode_1  | 2019-10-16 21:43:18,387 INFO server.RaftServerConfigKeys: raft.server.log.force.sync.num = 128 (default)
datanode_3  | 2019-10-16 21:46:48,094 INFO server.GrpcServerProtocolService: 32f0e644-5ab7-4b02-b4d0-c6dca210a7cc: Completed APPEND_ENTRIES, lastRequest: e5ae000e-888b-400e-a1a8-929e118004d9->32f0e644-5ab7-4b02-b4d0-c6dca210a7cc#147-t3, previous=(t:3, i:72), leaderCommit=72, initializing? false, entries: <empty>
s3g_1       | 	at org.glassfish.jersey.servlet.ServletContainer.service(ServletContainer.java:342)
datanode_2  | 	at org.apache.ratis.thirdparty.io.netty.channel.AbstractChannelHandlerContext.invokeChannelRead(AbstractChannelHandlerContext.java:362)
datanode_1  | 2019-10-16 21:43:18,387 INFO server.RaftServerConfigKeys: raft.server.log.statemachine.data.sync = true (default)
datanode_3  | 2019-10-16 21:46:51,234 INFO client.GrpcClientProtocolService: Failed RaftClientRequest:client-7615D5F25E9E->32f0e644-5ab7-4b02-b4d0-c6dca210a7cc@group-0E77EE19989D, cid=51, seq=0, Watch-ALL_COMMITTED(71), Message:<EMPTY>, reply=RaftClientReply:client-7615D5F25E9E->32f0e644-5ab7-4b02-b4d0-c6dca210a7cc@group-0E77EE19989D, cid=51, FAILED org.apache.ratis.protocol.NotLeaderException: Server 32f0e644-5ab7-4b02-b4d0-c6dca210a7cc@group-0E77EE19989D is not the leader, logIndex=0, commits[32f0e644-5ab7-4b02-b4d0-c6dca210a7cc:c72, dba7091c-2013-49a4-abae-1adb2a1e8c4d:c69, e5ae000e-888b-400e-a1a8-929e118004d9:c72]
datanode_2  | 	at org.apache.ratis.thirdparty.io.netty.channel.AbstractChannelHandlerContext.invokeChannelRead(AbstractChannelHandlerContext.java:348)
s3g_1       | 	at org.glassfish.jersey.servlet.ServletContainer.service(ServletContainer.java:229)
datanode_1  | 2019-10-16 21:43:18,387 INFO server.RaftServerConfigKeys: raft.server.log.statemachine.data.sync.timeout = 10s (default)
datanode_3  | 2019-10-16 21:46:53,205 INFO impl.FollowerState: 32f0e644-5ab7-4b02-b4d0-c6dca210a7cc@group-0E77EE19989D-FollowerState: change to CANDIDATE, lastRpcTime:5125ms, electionTimeout:5124ms
datanode_2  | 	at org.apache.ratis.thirdparty.io.netty.channel.DefaultChannelPipeline.fireChannelRead(DefaultChannelPipeline.java:965)
s3g_1       | 	at org.eclipse.jetty.servlet.ServletHolder.handle(ServletHolder.java:840)
datanode_1  | 2019-10-16 21:43:18,387 INFO server.RaftServerConfigKeys: raft.server.log.statemachine.data.sync.timeout.retry = -1 (default)
datanode_3  | 2019-10-16 21:46:53,205 INFO impl.RoleInfo: 32f0e644-5ab7-4b02-b4d0-c6dca210a7cc: shutdown FollowerState
datanode_2  | 	at org.apache.ratis.thirdparty.io.netty.channel.nio.AbstractNioByteChannel$NioByteUnsafe.read(AbstractNioByteChannel.java:163)
s3g_1       | 	at org.eclipse.jetty.servlet.ServletHandler$CachedChain.doFilter(ServletHandler.java:1780)
datanode_1  | 2019-10-16 21:43:18,387 INFO server.RaftServerConfigKeys: raft.server.log.statemachine.data.caching.enabled = true (custom)
datanode_3  | 2019-10-16 21:46:53,205 INFO impl.RaftServerImpl: 32f0e644-5ab7-4b02-b4d0-c6dca210a7cc@group-0E77EE19989D: changes role from  FOLLOWER to CANDIDATE at term 4 for changeToCandidate
datanode_1  | 2019-10-16 21:43:18,388 INFO segmented.SegmentedRaftLogWorker: e5ae000e-888b-400e-a1a8-929e118004d9@group-FBCB2F0BB8DE-SegmentedRaftLogWorker: flushIndex: setUnconditionally 0 -> -1
datanode_2  | 	at org.apache.ratis.thirdparty.io.netty.channel.nio.NioEventLoop.processSelectedKey(NioEventLoop.java:644)
datanode_3  | 2019-10-16 21:46:53,205 INFO impl.RoleInfo: 32f0e644-5ab7-4b02-b4d0-c6dca210a7cc: start LeaderElection
datanode_1  | 2019-10-16 21:43:18,388 INFO server.RaftServerConfigKeys: raft.server.snapshot.auto.trigger.enabled = true (custom)
s3g_1       | 	at org.apache.hadoop.http.HttpServer2$QuotingInputFilter.doFilter(HttpServer2.java:1609)
datanode_2  | 	at org.apache.ratis.thirdparty.io.netty.channel.nio.NioEventLoop.processSelectedKeysOptimized(NioEventLoop.java:579)
datanode_3  | 2019-10-16 21:46:53,272 INFO impl.LeaderElection: 32f0e644-5ab7-4b02-b4d0-c6dca210a7cc@group-0E77EE19989D-LeaderElection3: begin an election at term 5 for 0: [dba7091c-2013-49a4-abae-1adb2a1e8c4d:172.18.0.5:9858, 32f0e644-5ab7-4b02-b4d0-c6dca210a7cc:172.18.0.7:9858, e5ae000e-888b-400e-a1a8-929e118004d9:172.18.0.6:9858], old=null
datanode_1  | 2019-10-16 21:43:18,388 INFO server.RaftServerConfigKeys: raft.server.snapshot.auto.trigger.threshold = 10000 (custom)
s3g_1       | 	at org.eclipse.jetty.servlet.ServletHandler$CachedChain.doFilter(ServletHandler.java:1767)
datanode_3  | 2019-10-16 21:46:53,301 INFO client.GrpcClientProtocolService: Failed RaftClientRequest:client-7615D5F25E9E->32f0e644-5ab7-4b02-b4d0-c6dca210a7cc@group-0E77EE19989D, cid=51, seq=0, Watch-ALL_COMMITTED(71), Message:<EMPTY>, reply=RaftClientReply:client-7615D5F25E9E->32f0e644-5ab7-4b02-b4d0-c6dca210a7cc@group-0E77EE19989D, cid=51, FAILED org.apache.ratis.protocol.NotLeaderException: Server 32f0e644-5ab7-4b02-b4d0-c6dca210a7cc@group-0E77EE19989D is not the leader, logIndex=0, commits[32f0e644-5ab7-4b02-b4d0-c6dca210a7cc:c72, dba7091c-2013-49a4-abae-1adb2a1e8c4d:c69, e5ae000e-888b-400e-a1a8-929e118004d9:c72]
datanode_1  | 2019-10-16 21:43:18,388 INFO server.RaftServerConfigKeys: raft.server.snapshot.retention.file.num = 5 (custom)
datanode_2  | 	at org.apache.ratis.thirdparty.io.netty.channel.nio.NioEventLoop.processSelectedKeys(NioEventLoop.java:496)
s3g_1       | 	at org.apache.hadoop.http.NoCacheFilter.doFilter(NoCacheFilter.java:45)
datanode_3  | 2019-10-16 21:46:53,381 INFO impl.LeaderElection: 32f0e644-5ab7-4b02-b4d0-c6dca210a7cc@group-0E77EE19989D-LeaderElection3: Election REJECTED; received 2 response(s) [32f0e644-5ab7-4b02-b4d0-c6dca210a7cc<-dba7091c-2013-49a4-abae-1adb2a1e8c4d#0:FAIL-t5, 32f0e644-5ab7-4b02-b4d0-c6dca210a7cc<-e5ae000e-888b-400e-a1a8-929e118004d9#0:FAIL-t5] and 0 exception(s); 32f0e644-5ab7-4b02-b4d0-c6dca210a7cc@group-0E77EE19989D:t5, leader=null, voted=32f0e644-5ab7-4b02-b4d0-c6dca210a7cc, raftlog=32f0e644-5ab7-4b02-b4d0-c6dca210a7cc@group-0E77EE19989D-SegmentedRaftLog:OPENED:c72,f72,i72, conf=0: [dba7091c-2013-49a4-abae-1adb2a1e8c4d:172.18.0.5:9858, 32f0e644-5ab7-4b02-b4d0-c6dca210a7cc:172.18.0.7:9858, e5ae000e-888b-400e-a1a8-929e118004d9:172.18.0.6:9858], old=null
datanode_1  | 2019-10-16 21:43:18,388 INFO server.RaftServerConfigKeys: raft.server.retrycache.expirytime = 600000ms (custom)
datanode_2  | 	at org.apache.ratis.thirdparty.io.netty.channel.nio.NioEventLoop.run(NioEventLoop.java:458)
datanode_3  | 2019-10-16 21:46:53,381 INFO impl.RaftServerImpl: 32f0e644-5ab7-4b02-b4d0-c6dca210a7cc@group-0E77EE19989D: changes role from CANDIDATE to FOLLOWER at term 5 for DISCOVERED_A_NEW_TERM
s3g_1       | 	at org.eclipse.jetty.servlet.ServletHandler$CachedChain.doFilter(ServletHandler.java:1767)
datanode_1  | 2019-10-16 21:43:18,391 INFO impl.RaftServerImpl: e5ae000e-888b-400e-a1a8-929e118004d9@group-FBCB2F0BB8DE: start as a follower, conf=-1: [e5ae000e-888b-400e-a1a8-929e118004d9:172.18.0.6:9858], old=null
datanode_2  | 	at org.apache.ratis.thirdparty.io.netty.util.concurrent.SingleThreadEventExecutor$5.run(SingleThreadEventExecutor.java:897)
datanode_3  | 2019-10-16 21:46:53,382 INFO impl.RoleInfo: 32f0e644-5ab7-4b02-b4d0-c6dca210a7cc: shutdown LeaderElection
s3g_1       | 	at org.eclipse.jetty.servlet.ServletHandler.doHandle(ServletHandler.java:583)
datanode_1  | 2019-10-16 21:43:18,391 INFO impl.RaftServerImpl: e5ae000e-888b-400e-a1a8-929e118004d9@group-FBCB2F0BB8DE: changes role from      null to FOLLOWER at term 0 for startAsFollower
datanode_2  | 	at org.apache.ratis.thirdparty.io.netty.util.concurrent.FastThreadLocalRunnable.run(FastThreadLocalRunnable.java:30)
datanode_3  | 2019-10-16 21:46:53,382 INFO impl.RoleInfo: 32f0e644-5ab7-4b02-b4d0-c6dca210a7cc: start FollowerState
s3g_1       | 	at org.eclipse.jetty.server.handler.ScopedHandler.handle(ScopedHandler.java:143)
datanode_1  | 2019-10-16 21:43:18,392 INFO impl.RoleInfo: e5ae000e-888b-400e-a1a8-929e118004d9: start FollowerState
datanode_2  | 	at java.base/java.lang.Thread.run(Thread.java:834)
datanode_3  | 2019-10-16 21:46:55,387 INFO client.GrpcClientProtocolService: Failed RaftClientRequest:client-7615D5F25E9E->32f0e644-5ab7-4b02-b4d0-c6dca210a7cc@group-0E77EE19989D, cid=51, seq=0, Watch-ALL_COMMITTED(71), Message:<EMPTY>, reply=RaftClientReply:client-7615D5F25E9E->32f0e644-5ab7-4b02-b4d0-c6dca210a7cc@group-0E77EE19989D, cid=51, FAILED org.apache.ratis.protocol.NotLeaderException: Server 32f0e644-5ab7-4b02-b4d0-c6dca210a7cc@group-0E77EE19989D is not the leader, logIndex=0, commits[32f0e644-5ab7-4b02-b4d0-c6dca210a7cc:c72, dba7091c-2013-49a4-abae-1adb2a1e8c4d:c69, e5ae000e-888b-400e-a1a8-929e118004d9:c72]
s3g_1       | 	at org.eclipse.jetty.security.SecurityHandler.handle(SecurityHandler.java:548)
datanode_1  | 2019-10-16 21:43:18,392 INFO util.JmxRegister: Successfully registered JMX Bean with object name Ratis:service=RaftServer,group=group-FBCB2F0BB8DE,id=e5ae000e-888b-400e-a1a8-929e118004d9
datanode_2  | 
s3g_1       | 	at org.eclipse.jetty.server.session.SessionHandler.doHandle(SessionHandler.java:226)
datanode_3  | 2019-10-16 21:46:58,390 INFO impl.FollowerState: 32f0e644-5ab7-4b02-b4d0-c6dca210a7cc@group-0E77EE19989D-FollowerState: change to CANDIDATE, lastRpcTime:5007ms, electionTimeout:5007ms
datanode_1  | 2019-10-16 21:43:18,450 INFO impl.FollowerState: e5ae000e-888b-400e-a1a8-929e118004d9@group-FBCB2F0BB8DE-FollowerState: change to CANDIDATE, lastRpcTime:58ms, electionTimeout:49ms
datanode_2  | Oct 16, 2019 9:46:42 PM org.apache.ratis.thirdparty.io.grpc.internal.SerializingExecutor run
s3g_1       | 	at org.eclipse.jetty.server.handler.ContextHandler.doHandle(ContextHandler.java:1180)
datanode_3  | 2019-10-16 21:46:58,391 INFO impl.RoleInfo: 32f0e644-5ab7-4b02-b4d0-c6dca210a7cc: shutdown FollowerState
datanode_2  | SEVERE: Exception while executing runnable org.apache.ratis.thirdparty.io.grpc.internal.ServerImpl$JumpToApplicationThreadServerStreamListener$1Closed@56d3fa0f
datanode_1  | 2019-10-16 21:43:18,451 INFO impl.RoleInfo: e5ae000e-888b-400e-a1a8-929e118004d9: shutdown FollowerState
s3g_1       | 	at org.eclipse.jetty.servlet.ServletHandler.doScope(ServletHandler.java:513)
datanode_3  | 2019-10-16 21:46:58,391 INFO impl.RaftServerImpl: 32f0e644-5ab7-4b02-b4d0-c6dca210a7cc@group-0E77EE19989D: changes role from  FOLLOWER to CANDIDATE at term 5 for changeToCandidate
datanode_2  | org.apache.ratis.thirdparty.io.grpc.StatusRuntimeException: CANCELLED: call already cancelled
datanode_1  | 2019-10-16 21:43:18,451 INFO impl.RaftServerImpl: e5ae000e-888b-400e-a1a8-929e118004d9@group-FBCB2F0BB8DE: changes role from  FOLLOWER to CANDIDATE at term 0 for changeToCandidate
s3g_1       | 	at org.eclipse.jetty.server.session.SessionHandler.doScope(SessionHandler.java:185)
datanode_2  | 	at org.apache.ratis.thirdparty.io.grpc.Status.asRuntimeException(Status.java:517)
datanode_3  | 2019-10-16 21:46:58,391 INFO impl.RoleInfo: 32f0e644-5ab7-4b02-b4d0-c6dca210a7cc: start LeaderElection
datanode_1  | 2019-10-16 21:43:18,451 INFO impl.RoleInfo: e5ae000e-888b-400e-a1a8-929e118004d9: start LeaderElection
s3g_1       | 	at org.eclipse.jetty.server.handler.ContextHandler.doScope(ContextHandler.java:1112)
datanode_2  | 	at org.apache.ratis.thirdparty.io.grpc.stub.ServerCalls$ServerCallStreamObserverImpl.onCompleted(ServerCalls.java:356)
datanode_3  | 2019-10-16 21:46:58,476 INFO impl.LeaderElection: 32f0e644-5ab7-4b02-b4d0-c6dca210a7cc@group-0E77EE19989D-LeaderElection4: begin an election at term 6 for 0: [dba7091c-2013-49a4-abae-1adb2a1e8c4d:172.18.0.5:9858, 32f0e644-5ab7-4b02-b4d0-c6dca210a7cc:172.18.0.7:9858, e5ae000e-888b-400e-a1a8-929e118004d9:172.18.0.6:9858], old=null
datanode_1  | 2019-10-16 21:43:18,462 INFO impl.LeaderElection: e5ae000e-888b-400e-a1a8-929e118004d9@group-FBCB2F0BB8DE-LeaderElection3: begin an election at term 1 for -1: [e5ae000e-888b-400e-a1a8-929e118004d9:172.18.0.6:9858], old=null
datanode_2  | 	at org.apache.ratis.grpc.server.GrpcServerProtocolService$ServerRequestStreamObserver.onError(GrpcServerProtocolService.java:121)
s3g_1       | 	at org.eclipse.jetty.server.handler.ScopedHandler.handle(ScopedHandler.java:141)
datanode_3  | 2019-10-16 21:46:58,526 INFO impl.LeaderElection: 32f0e644-5ab7-4b02-b4d0-c6dca210a7cc@group-0E77EE19989D-LeaderElection4: Election PASSED; received 2 response(s) [32f0e644-5ab7-4b02-b4d0-c6dca210a7cc<-dba7091c-2013-49a4-abae-1adb2a1e8c4d#0:FAIL-t6, 32f0e644-5ab7-4b02-b4d0-c6dca210a7cc<-e5ae000e-888b-400e-a1a8-929e118004d9#0:OK-t6] and 0 exception(s); 32f0e644-5ab7-4b02-b4d0-c6dca210a7cc@group-0E77EE19989D:t6, leader=null, voted=32f0e644-5ab7-4b02-b4d0-c6dca210a7cc, raftlog=32f0e644-5ab7-4b02-b4d0-c6dca210a7cc@group-0E77EE19989D-SegmentedRaftLog:OPENED:c72,f72,i72, conf=0: [dba7091c-2013-49a4-abae-1adb2a1e8c4d:172.18.0.5:9858, 32f0e644-5ab7-4b02-b4d0-c6dca210a7cc:172.18.0.7:9858, e5ae000e-888b-400e-a1a8-929e118004d9:172.18.0.6:9858], old=null
datanode_1  | 2019-10-16 21:43:18,462 INFO impl.RoleInfo: e5ae000e-888b-400e-a1a8-929e118004d9: shutdown LeaderElection
datanode_2  | 	at org.apache.ratis.thirdparty.io.grpc.stub.ServerCalls$StreamingServerCallHandler$StreamingServerCallListener.onCancel(ServerCalls.java:269)
s3g_1       | 	at org.eclipse.jetty.server.handler.HandlerCollection.handle(HandlerCollection.java:119)
datanode_3  | 2019-10-16 21:46:58,526 INFO impl.RoleInfo: 32f0e644-5ab7-4b02-b4d0-c6dca210a7cc: shutdown LeaderElection
datanode_2  | 	at org.apache.ratis.thirdparty.io.grpc.internal.ServerCallImpl$ServerStreamListenerImpl.closed(ServerCallImpl.java:293)
s3g_1       | 	at org.eclipse.jetty.server.handler.HandlerWrapper.handle(HandlerWrapper.java:134)
datanode_3  | 2019-10-16 21:46:58,527 INFO impl.RaftServerImpl: 32f0e644-5ab7-4b02-b4d0-c6dca210a7cc@group-0E77EE19989D: changes role from CANDIDATE to LEADER at term 6 for changeToLeader
datanode_1  | 2019-10-16 21:43:18,462 INFO impl.RaftServerImpl: e5ae000e-888b-400e-a1a8-929e118004d9@group-FBCB2F0BB8DE: changes role from CANDIDATE to LEADER at term 1 for changeToLeader
s3g_1       | 	at org.eclipse.jetty.server.Server.handle(Server.java:539)
datanode_2  | 	at org.apache.ratis.thirdparty.io.grpc.internal.ServerImpl$JumpToApplicationThreadServerStreamListener$1Closed.runInContext(ServerImpl.java:741)
datanode_1  | 2019-10-16 21:43:18,462 INFO impl.RaftServerImpl: e5ae000e-888b-400e-a1a8-929e118004d9@group-FBCB2F0BB8DE: change Leader from null to e5ae000e-888b-400e-a1a8-929e118004d9 at term 1 for becomeLeader, leader elected after 76ms
datanode_3  | 2019-10-16 21:46:58,527 INFO impl.RaftServerImpl: 32f0e644-5ab7-4b02-b4d0-c6dca210a7cc@group-0E77EE19989D: change Leader from null to 32f0e644-5ab7-4b02-b4d0-c6dca210a7cc at term 6 for becomeLeader, leader elected after 10448ms
datanode_2  | 	at org.apache.ratis.thirdparty.io.grpc.internal.ContextRunnable.run(ContextRunnable.java:37)
s3g_1       | 	at org.eclipse.jetty.server.HttpChannel.handle(HttpChannel.java:333)
datanode_1  | 2019-10-16 21:43:18,462 INFO server.RaftServerConfigKeys: raft.server.staging.catchup.gap = 1000 (default)
datanode_3  | 2019-10-16 21:46:58,527 INFO server.RaftServerConfigKeys: raft.server.staging.catchup.gap = 1000 (default)
datanode_2  | 	at org.apache.ratis.thirdparty.io.grpc.internal.SerializingExecutor.run(SerializingExecutor.java:123)
s3g_1       | 	at org.eclipse.jetty.server.HttpConnection.onFillable(HttpConnection.java:251)
datanode_1  | 2019-10-16 21:43:18,462 INFO server.RaftServerConfigKeys: raft.server.rpc.sleep.time = 25ms (default)
datanode_3  | 2019-10-16 21:46:58,527 INFO client.GrpcClientProtocolService: Failed RaftClientRequest:client-7615D5F25E9E->32f0e644-5ab7-4b02-b4d0-c6dca210a7cc@group-0E77EE19989D, cid=51, seq=0, Watch-ALL_COMMITTED(71), Message:<EMPTY>, reply=RaftClientReply:client-7615D5F25E9E->32f0e644-5ab7-4b02-b4d0-c6dca210a7cc@group-0E77EE19989D, cid=51, FAILED org.apache.ratis.protocol.NotLeaderException: Server 32f0e644-5ab7-4b02-b4d0-c6dca210a7cc@group-0E77EE19989D is not the leader, logIndex=0, commits[32f0e644-5ab7-4b02-b4d0-c6dca210a7cc:c72, dba7091c-2013-49a4-abae-1adb2a1e8c4d:c69, e5ae000e-888b-400e-a1a8-929e118004d9:c72]
datanode_2  | 	at java.base/java.util.concurrent.ThreadPoolExecutor.runWorker(ThreadPoolExecutor.java:1128)
s3g_1       | 	at org.eclipse.jetty.io.AbstractConnection$ReadCallback.succeeded(AbstractConnection.java:283)
datanode_3  | 2019-10-16 21:46:58,528 INFO server.RaftServerConfigKeys: raft.server.rpc.sleep.time = 25ms (default)
datanode_2  | 	at java.base/java.util.concurrent.ThreadPoolExecutor$Worker.run(ThreadPoolExecutor.java:628)
s3g_1       | 	at org.eclipse.jetty.io.FillInterest.fillable(FillInterest.java:108)
datanode_1  | 2019-10-16 21:43:18,463 INFO server.RaftServerConfigKeys: raft.server.write.element-limit = 4096 (default)
datanode_2  | 	at java.base/java.lang.Thread.run(Thread.java:834)
datanode_3  | 2019-10-16 21:46:58,528 INFO server.RaftServerConfigKeys: raft.server.write.element-limit = 4096 (default)
s3g_1       | 	at org.eclipse.jetty.io.SelectChannelEndPoint$2.run(SelectChannelEndPoint.java:93)
datanode_1  | 2019-10-16 21:43:18,463 INFO server.RaftServerConfigKeys: raft.server.watch.timeout = 10s (default)
datanode_2  | 
datanode_3  | 2019-10-16 21:46:58,529 INFO server.RaftServerConfigKeys: raft.server.watch.timeout = 10s (default)
s3g_1       | 	at org.eclipse.jetty.util.thread.strategy.ExecuteProduceConsume.executeProduceConsume(ExecuteProduceConsume.java:303)
datanode_1  | 2019-10-16 21:43:18,463 INFO server.RaftServerConfigKeys: raft.server.watch.timeout.denomination = 1s (default)
datanode_3  | 2019-10-16 21:46:58,529 INFO server.RaftServerConfigKeys: raft.server.watch.timeout.denomination = 1s (default)
s3g_1       | 	at org.eclipse.jetty.util.thread.strategy.ExecuteProduceConsume.produceConsume(ExecuteProduceConsume.java:148)
datanode_1  | 2019-10-16 21:43:18,463 INFO server.RaftServerConfigKeys: raft.server.watch.element-limit = 65536 (default)
datanode_2  | 2019-10-16 21:46:48,037 INFO impl.FollowerState: dba7091c-2013-49a4-abae-1adb2a1e8c4d@group-0E77EE19989D-FollowerState: change to CANDIDATE, lastRpcTime:5994ms, electionTimeout:5119ms
datanode_3  | 2019-10-16 21:46:58,529 INFO server.RaftServerConfigKeys: raft.server.watch.element-limit = 65536 (default)
s3g_1       | 	at org.eclipse.jetty.util.thread.strategy.ExecuteProduceConsume.run(ExecuteProduceConsume.java:136)
datanode_1  | 2019-10-16 21:43:18,465 INFO impl.RoleInfo: e5ae000e-888b-400e-a1a8-929e118004d9: start LeaderState
datanode_2  | 2019-10-16 21:46:48,037 INFO impl.RoleInfo: dba7091c-2013-49a4-abae-1adb2a1e8c4d: shutdown FollowerState
s3g_1       | 	at org.eclipse.jetty.util.thread.QueuedThreadPool.runJob(QueuedThreadPool.java:671)
datanode_3  | 2019-10-16 21:46:58,529 INFO server.RaftServerConfigKeys: raft.server.log.appender.snapshot.chunk.size.max = 16MB (=16777216) (default)
datanode_1  | 2019-10-16 21:43:18,466 INFO segmented.SegmentedRaftLogWorker: e5ae000e-888b-400e-a1a8-929e118004d9@group-FBCB2F0BB8DE-SegmentedRaftLogWorker: Starting segment from index:0
datanode_2  | 2019-10-16 21:46:48,038 INFO impl.RaftServerImpl: dba7091c-2013-49a4-abae-1adb2a1e8c4d@group-0E77EE19989D: changes role from  FOLLOWER to CANDIDATE at term 3 for changeToCandidate
s3g_1       | 	at org.eclipse.jetty.util.thread.QueuedThreadPool$2.run(QueuedThreadPool.java:589)
datanode_3  | 2019-10-16 21:46:58,529 INFO server.RaftServerConfigKeys: raft.server.log.appender.buffer.byte-limit = 33554432 (custom)
datanode_1  | 2019-10-16 21:43:18,466 INFO impl.RaftServerImpl: e5ae000e-888b-400e-a1a8-929e118004d9@group-FBCB2F0BB8DE: set configuration 0: [e5ae000e-888b-400e-a1a8-929e118004d9:172.18.0.6:9858], old=null at 0
datanode_2  | 2019-10-16 21:46:48,038 INFO impl.RoleInfo: dba7091c-2013-49a4-abae-1adb2a1e8c4d: start LeaderElection
s3g_1       | 	at java.base/java.lang.Thread.run(Thread.java:834)
datanode_3  | 2019-10-16 21:46:58,529 INFO server.RaftServerConfigKeys: raft.server.log.appender.buffer.element-limit = 1 (custom)
datanode_2  | 2019-10-16 21:46:48,039 INFO impl.RaftServerImpl: dba7091c-2013-49a4-abae-1adb2a1e8c4d@group-0E77EE19989D: change Leader from e5ae000e-888b-400e-a1a8-929e118004d9 to null at term 3 for initElection
datanode_1  | 2019-10-16 21:43:18,498 INFO segmented.SegmentedRaftLogWorker: e5ae000e-888b-400e-a1a8-929e118004d9@group-FBCB2F0BB8DE-SegmentedRaftLogWorker: created new log segment /data/metadata/ratis/7e7ac9a4-b51c-4fa4-8b1f-fbcb2f0bb8de/current/log_inprogress_0
datanode_3  | 2019-10-16 21:46:58,530 INFO grpc.GrpcConfigKeys$Server: raft.grpc.server.leader.outstanding.appends.max = 128 (default)
s3g_1       | Oct 16, 2019 9:46:28 PM org.apache.ratis.thirdparty.io.grpc.internal.ManagedChannelOrphanWrapper$ManagedChannelReference cleanQueue
datanode_2  | 2019-10-16 21:46:48,053 INFO impl.LeaderElection: dba7091c-2013-49a4-abae-1adb2a1e8c4d@group-0E77EE19989D-LeaderElection3: begin an election at term 4 for 0: [dba7091c-2013-49a4-abae-1adb2a1e8c4d:172.18.0.5:9858, 32f0e644-5ab7-4b02-b4d0-c6dca210a7cc:172.18.0.7:9858, e5ae000e-888b-400e-a1a8-929e118004d9:172.18.0.6:9858], old=null
datanode_1  | 2019-10-16 21:43:19,037 INFO impl.RaftServerProxy: e5ae000e-888b-400e-a1a8-929e118004d9: addNew group-0E77EE19989D:[dba7091c-2013-49a4-abae-1adb2a1e8c4d:172.18.0.5:9858, 32f0e644-5ab7-4b02-b4d0-c6dca210a7cc:172.18.0.7:9858, e5ae000e-888b-400e-a1a8-929e118004d9:172.18.0.6:9858] returns group-0E77EE19989D:java.util.concurrent.CompletableFuture@5a95808c[Not completed]
datanode_3  | 2019-10-16 21:46:58,530 INFO server.RaftServerConfigKeys: raft.server.rpc.request.timeout = 3000ms (default)
s3g_1       | SEVERE: *~*~*~ Channel ManagedChannelImpl{logId=161, target=172.18.0.5:9859} was not shutdown properly!!! ~*~*~*
datanode_2  | 2019-10-16 21:46:48,118 INFO impl.LeaderElection: dba7091c-2013-49a4-abae-1adb2a1e8c4d@group-0E77EE19989D-LeaderElection3: Election REJECTED; received 2 response(s) [dba7091c-2013-49a4-abae-1adb2a1e8c4d<-32f0e644-5ab7-4b02-b4d0-c6dca210a7cc#0:FAIL-t4, dba7091c-2013-49a4-abae-1adb2a1e8c4d<-e5ae000e-888b-400e-a1a8-929e118004d9#0:FAIL-t4] and 0 exception(s); dba7091c-2013-49a4-abae-1adb2a1e8c4d@group-0E77EE19989D:t4, leader=null, voted=dba7091c-2013-49a4-abae-1adb2a1e8c4d, raftlog=dba7091c-2013-49a4-abae-1adb2a1e8c4d@group-0E77EE19989D-SegmentedRaftLog:OPENED:c70,f71,i71, conf=0: [dba7091c-2013-49a4-abae-1adb2a1e8c4d:172.18.0.5:9858, 32f0e644-5ab7-4b02-b4d0-c6dca210a7cc:172.18.0.7:9858, e5ae000e-888b-400e-a1a8-929e118004d9:172.18.0.6:9858], old=null
datanode_1  | 2019-10-16 21:43:19,040 INFO impl.RaftServerImpl: e5ae000e-888b-400e-a1a8-929e118004d9: new RaftServerImpl for group-0E77EE19989D:[dba7091c-2013-49a4-abae-1adb2a1e8c4d:172.18.0.5:9858, 32f0e644-5ab7-4b02-b4d0-c6dca210a7cc:172.18.0.7:9858, e5ae000e-888b-400e-a1a8-929e118004d9:172.18.0.6:9858] with ContainerStateMachine:uninitialized
datanode_3  | 2019-10-16 21:46:58,530 INFO server.RaftServerConfigKeys: raft.server.log.appender.install.snapshot.enabled = false (custom)
s3g_1       |     Make sure to call shutdown()/shutdownNow() and wait until awaitTermination() returns true.
datanode_2  | 2019-10-16 21:46:48,118 INFO impl.RaftServerImpl: dba7091c-2013-49a4-abae-1adb2a1e8c4d@group-0E77EE19989D: changes role from CANDIDATE to FOLLOWER at term 4 for DISCOVERED_A_NEW_TERM
datanode_1  | 2019-10-16 21:43:19,040 INFO server.RaftServerConfigKeys: raft.server.rpc.timeout.min = 5s (custom)
s3g_1       | java.lang.RuntimeException: ManagedChannel allocation site
datanode_3  | 2019-10-16 21:46:58,534 INFO server.RaftServerConfigKeys: raft.server.log.appender.snapshot.chunk.size.max = 16MB (=16777216) (default)
datanode_2  | 2019-10-16 21:46:48,118 INFO impl.RoleInfo: dba7091c-2013-49a4-abae-1adb2a1e8c4d: shutdown LeaderElection
datanode_1  | 2019-10-16 21:43:19,040 INFO server.RaftServerConfigKeys: raft.server.rpc.timeout.max = 5200ms (custom)
datanode_3  | 2019-10-16 21:46:58,534 INFO server.RaftServerConfigKeys: raft.server.log.appender.buffer.byte-limit = 33554432 (custom)
s3g_1       | 	at org.apache.ratis.thirdparty.io.grpc.internal.ManagedChannelOrphanWrapper$ManagedChannelReference.<init>(ManagedChannelOrphanWrapper.java:103)
datanode_2  | 2019-10-16 21:46:48,119 INFO impl.RoleInfo: dba7091c-2013-49a4-abae-1adb2a1e8c4d: start FollowerState
datanode_3  | 2019-10-16 21:46:58,534 INFO server.RaftServerConfigKeys: raft.server.log.appender.buffer.element-limit = 1 (custom)
s3g_1       | 	at org.apache.ratis.thirdparty.io.grpc.internal.ManagedChannelOrphanWrapper.<init>(ManagedChannelOrphanWrapper.java:53)
datanode_2  | 2019-10-16 21:46:49,156 INFO client.GrpcClientProtocolService: Failed RaftClientRequest:client-7615D5F25E9E->dba7091c-2013-49a4-abae-1adb2a1e8c4d@group-0E77EE19989D, cid=51, seq=0, Watch-ALL_COMMITTED(71), Message:<EMPTY>, reply=RaftClientReply:client-7615D5F25E9E->dba7091c-2013-49a4-abae-1adb2a1e8c4d@group-0E77EE19989D, cid=51, FAILED org.apache.ratis.protocol.NotLeaderException: Server dba7091c-2013-49a4-abae-1adb2a1e8c4d@group-0E77EE19989D is not the leader, logIndex=0, commits[dba7091c-2013-49a4-abae-1adb2a1e8c4d:c70, 32f0e644-5ab7-4b02-b4d0-c6dca210a7cc:c70, e5ae000e-888b-400e-a1a8-929e118004d9:c70]
datanode_1  | 2019-10-16 21:43:19,040 INFO server.RaftServerConfigKeys: raft.server.rpcslowness.timeout = 120s (custom)
s3g_1       | 	at org.apache.ratis.thirdparty.io.grpc.internal.ManagedChannelOrphanWrapper.<init>(ManagedChannelOrphanWrapper.java:44)
datanode_3  | 2019-10-16 21:46:58,534 INFO grpc.GrpcConfigKeys$Server: raft.grpc.server.leader.outstanding.appends.max = 128 (default)
datanode_2  | 2019-10-16 21:46:52,261 INFO client.GrpcClientProtocolService: Failed RaftClientRequest:client-7615D5F25E9E->dba7091c-2013-49a4-abae-1adb2a1e8c4d@group-0E77EE19989D, cid=51, seq=0, Watch-ALL_COMMITTED(71), Message:<EMPTY>, reply=RaftClientReply:client-7615D5F25E9E->dba7091c-2013-49a4-abae-1adb2a1e8c4d@group-0E77EE19989D, cid=51, FAILED org.apache.ratis.protocol.NotLeaderException: Server dba7091c-2013-49a4-abae-1adb2a1e8c4d@group-0E77EE19989D is not the leader, logIndex=0, commits[dba7091c-2013-49a4-abae-1adb2a1e8c4d:c70, 32f0e644-5ab7-4b02-b4d0-c6dca210a7cc:c70, e5ae000e-888b-400e-a1a8-929e118004d9:c70]
s3g_1       | 	at org.apache.ratis.thirdparty.io.grpc.internal.AbstractManagedChannelImplBuilder.build(AbstractManagedChannelImplBuilder.java:411)
datanode_1  | 2019-10-16 21:43:19,040 INFO server.RaftServerConfigKeys: raft.server.sleep.deviation.threshold = 300 (default)
datanode_2  | 2019-10-16 21:46:53,241 INFO impl.FollowerState: dba7091c-2013-49a4-abae-1adb2a1e8c4d@group-0E77EE19989D-FollowerState: change to CANDIDATE, lastRpcTime:5122ms, electionTimeout:5122ms
datanode_1  | 2019-10-16 21:43:19,040 INFO server.RaftServerConfigKeys: raft.server.log.appender.install.snapshot.enabled = false (custom)
s3g_1       | 	at org.apache.hadoop.hdds.scm.XceiverClientGrpc.connectToDatanode(XceiverClientGrpc.java:183)
datanode_3  | 2019-10-16 21:46:58,534 INFO server.RaftServerConfigKeys: raft.server.rpc.request.timeout = 3000ms (default)
datanode_2  | 2019-10-16 21:46:53,242 INFO impl.RoleInfo: dba7091c-2013-49a4-abae-1adb2a1e8c4d: shutdown FollowerState
datanode_1  | 2019-10-16 21:43:19,041 INFO impl.RaftServerImpl: e5ae000e-888b-400e-a1a8-929e118004d9@group-0E77EE19989D: ConfigurationManager, init=-1: [dba7091c-2013-49a4-abae-1adb2a1e8c4d:172.18.0.5:9858, 32f0e644-5ab7-4b02-b4d0-c6dca210a7cc:172.18.0.7:9858, e5ae000e-888b-400e-a1a8-929e118004d9:172.18.0.6:9858], old=null, confs=<EMPTY_MAP>
datanode_3  | 2019-10-16 21:46:58,534 INFO server.RaftServerConfigKeys: raft.server.log.appender.install.snapshot.enabled = false (custom)
s3g_1       | 	at org.apache.hadoop.hdds.scm.XceiverClientGrpc.reconnect(XceiverClientGrpc.java:434)
datanode_2  | 2019-10-16 21:46:53,242 INFO impl.RaftServerImpl: dba7091c-2013-49a4-abae-1adb2a1e8c4d@group-0E77EE19989D: changes role from  FOLLOWER to CANDIDATE at term 4 for changeToCandidate
datanode_1  | 2019-10-16 21:43:19,041 INFO server.RaftServerConfigKeys: raft.server.storage.dir = [/data/metadata/ratis] (custom)
datanode_3  | 2019-10-16 21:46:58,537 INFO impl.RoleInfo: 32f0e644-5ab7-4b02-b4d0-c6dca210a7cc: start LeaderState
s3g_1       | 	at org.apache.hadoop.hdds.scm.XceiverClientGrpc.sendCommandAsync(XceiverClientGrpc.java:382)
datanode_2  | 2019-10-16 21:46:53,242 INFO impl.RoleInfo: dba7091c-2013-49a4-abae-1adb2a1e8c4d: start LeaderElection
datanode_3  | 2019-10-16 21:46:58,537 INFO segmented.SegmentedRaftLogWorker: 32f0e644-5ab7-4b02-b4d0-c6dca210a7cc@group-0E77EE19989D-SegmentedRaftLogWorker: Rolling segment log-0_72 to index:72
datanode_1  | 2019-10-16 21:43:19,041 INFO server.RaftServerConfigKeys: raft.server.log.corruption.policy = EXCEPTION (default)
s3g_1       | 	at org.apache.hadoop.hdds.scm.XceiverClientGrpc.sendCommandWithRetry(XceiverClientGrpc.java:295)
datanode_3  | 2019-10-16 21:46:58,540 INFO segmented.SegmentedRaftLogWorker: 32f0e644-5ab7-4b02-b4d0-c6dca210a7cc@group-0E77EE19989D-SegmentedRaftLogWorker: Rolled log segment from /data/metadata/ratis/5ae54ab5-a92d-4cec-bee8-0e77ee19989d/current/log_inprogress_0 to /data/metadata/ratis/5ae54ab5-a92d-4cec-bee8-0e77ee19989d/current/log_0-72
datanode_2  | 2019-10-16 21:46:53,272 INFO impl.LeaderElection: dba7091c-2013-49a4-abae-1adb2a1e8c4d@group-0E77EE19989D-LeaderElection4: begin an election at term 5 for 0: [dba7091c-2013-49a4-abae-1adb2a1e8c4d:172.18.0.5:9858, 32f0e644-5ab7-4b02-b4d0-c6dca210a7cc:172.18.0.7:9858, e5ae000e-888b-400e-a1a8-929e118004d9:172.18.0.6:9858], old=null
datanode_1  | 2019-10-16 21:43:19,041 INFO storage.RaftStorageDirectory: The storage directory /data/metadata/ratis/5ae54ab5-a92d-4cec-bee8-0e77ee19989d does not exist. Creating ...
s3g_1       | 	at org.apache.hadoop.hdds.scm.XceiverClientGrpc.sendCommandWithTraceIDAndRetry(XceiverClientGrpc.java:259)
datanode_3  | 2019-10-16 21:46:58,541 INFO impl.RaftServerImpl: 32f0e644-5ab7-4b02-b4d0-c6dca210a7cc@group-0E77EE19989D: set configuration 73: [dba7091c-2013-49a4-abae-1adb2a1e8c4d:172.18.0.5:9858, 32f0e644-5ab7-4b02-b4d0-c6dca210a7cc:172.18.0.7:9858, e5ae000e-888b-400e-a1a8-929e118004d9:172.18.0.6:9858], old=null at 73
datanode_2  | 2019-10-16 21:46:53,320 INFO impl.LeaderElection: dba7091c-2013-49a4-abae-1adb2a1e8c4d@group-0E77EE19989D-LeaderElection4: Election REJECTED; received 2 response(s) [dba7091c-2013-49a4-abae-1adb2a1e8c4d<-32f0e644-5ab7-4b02-b4d0-c6dca210a7cc#0:FAIL-t5, dba7091c-2013-49a4-abae-1adb2a1e8c4d<-e5ae000e-888b-400e-a1a8-929e118004d9#0:FAIL-t5] and 0 exception(s); dba7091c-2013-49a4-abae-1adb2a1e8c4d@group-0E77EE19989D:t5, leader=null, voted=dba7091c-2013-49a4-abae-1adb2a1e8c4d, raftlog=dba7091c-2013-49a4-abae-1adb2a1e8c4d@group-0E77EE19989D-SegmentedRaftLog:OPENED:c70,f71,i71, conf=0: [dba7091c-2013-49a4-abae-1adb2a1e8c4d:172.18.0.5:9858, 32f0e644-5ab7-4b02-b4d0-c6dca210a7cc:172.18.0.7:9858, e5ae000e-888b-400e-a1a8-929e118004d9:172.18.0.6:9858], old=null
datanode_1  | 2019-10-16 21:43:19,104 INFO storage.RaftStorageDirectory: Lock on /data/metadata/ratis/5ae54ab5-a92d-4cec-bee8-0e77ee19989d/in_use.lock acquired by nodename 7@ae23c655f546
s3g_1       | 	at org.apache.hadoop.hdds.scm.XceiverClientGrpc.sendCommand(XceiverClientGrpc.java:242)
datanode_3  | 2019-10-16 21:46:58,589 INFO impl.FollowerInfo: 32f0e644-5ab7-4b02-b4d0-c6dca210a7cc@group-0E77EE19989D->dba7091c-2013-49a4-abae-1adb2a1e8c4d: nextIndex: updateUnconditionally 74 -> 72
datanode_2  | 2019-10-16 21:46:53,320 INFO impl.RaftServerImpl: dba7091c-2013-49a4-abae-1adb2a1e8c4d@group-0E77EE19989D: changes role from CANDIDATE to FOLLOWER at term 5 for DISCOVERED_A_NEW_TERM
datanode_1  | 2019-10-16 21:43:19,148 INFO storage.RaftStorage: Storage directory /data/metadata/ratis/5ae54ab5-a92d-4cec-bee8-0e77ee19989d has been successfully formatted.
s3g_1       | 	at org.apache.hadoop.hdds.scm.storage.ContainerProtocolCalls.getBlock(ContainerProtocolCalls.java:118)
datanode_3  | 2019-10-16 21:46:58,593 WARN server.GrpcLogAppender: 32f0e644-5ab7-4b02-b4d0-c6dca210a7cc@group-0E77EE19989D->dba7091c-2013-49a4-abae-1adb2a1e8c4d-AppendLogResponseHandler: Failed appendEntries: org.apache.ratis.thirdparty.io.grpc.StatusRuntimeException: CANCELLED: Failed to read message.
datanode_2  | 2019-10-16 21:46:53,321 INFO impl.RoleInfo: dba7091c-2013-49a4-abae-1adb2a1e8c4d: shutdown LeaderElection
datanode_1  | 2019-10-16 21:43:19,148 [pool-8-thread-1] INFO       - group-0E77EE19989D: The snapshot info is null. Setting the last applied indexto:(t:0, i:~)
datanode_3  | Oct 16, 2019 9:46:58 PM org.apache.ratis.thirdparty.io.grpc.internal.SerializingExecutor run
s3g_1       | 	at org.apache.hadoop.hdds.scm.storage.BlockInputStream.getChunkInfos(BlockInputStream.java:169)
datanode_2  | 2019-10-16 21:46:53,321 INFO impl.RoleInfo: dba7091c-2013-49a4-abae-1adb2a1e8c4d: start FollowerState
datanode_1  | 2019-10-16 21:43:19,149 INFO server.RaftServerConfigKeys: raft.server.notification.no-leader.timeout = 120s (custom)
datanode_3  | SEVERE: Exception while executing runnable org.apache.ratis.thirdparty.io.grpc.internal.ClientCallImpl$ClientStreamListenerImpl$1MessagesAvailable@5ba9db2
s3g_1       | 	at org.apache.hadoop.hdds.scm.storage.BlockInputStream.initialize(BlockInputStream.java:118)
datanode_2  | 2019-10-16 21:46:57,469 INFO client.GrpcClientProtocolService: Failed RaftClientRequest:client-7615D5F25E9E->dba7091c-2013-49a4-abae-1adb2a1e8c4d@group-0E77EE19989D, cid=51, seq=0, Watch-ALL_COMMITTED(71), Message:<EMPTY>, reply=RaftClientReply:client-7615D5F25E9E->dba7091c-2013-49a4-abae-1adb2a1e8c4d@group-0E77EE19989D, cid=51, FAILED org.apache.ratis.protocol.NotLeaderException: Server dba7091c-2013-49a4-abae-1adb2a1e8c4d@group-0E77EE19989D is not the leader, logIndex=0, commits[dba7091c-2013-49a4-abae-1adb2a1e8c4d:c70, 32f0e644-5ab7-4b02-b4d0-c6dca210a7cc:c70, e5ae000e-888b-400e-a1a8-929e118004d9:c70]
datanode_1  | 2019-10-16 21:43:19,149 INFO server.RaftServerConfigKeys: raft.server.log.use.memory = false (default)
datanode_3  | java.lang.NullPointerException
s3g_1       | 	at org.apache.hadoop.hdds.scm.storage.BlockInputStream.read(BlockInputStream.java:224)
datanode_2  | 2019-10-16 21:46:58,456 INFO impl.FollowerState: dba7091c-2013-49a4-abae-1adb2a1e8c4d@group-0E77EE19989D-FollowerState: change to CANDIDATE, lastRpcTime:5135ms, electionTimeout:5135ms
datanode_1  | 2019-10-16 21:43:19,149 INFO server.RaftServerConfigKeys: raft.server.log.purge.gap = 1000000 (custom)
datanode_3  | 	at org.apache.ratis.grpc.server.GrpcLogAppender$AppendLogResponseHandler.onError(GrpcLogAppender.java:303)
s3g_1       | 	at org.apache.hadoop.ozone.client.io.KeyInputStream.read(KeyInputStream.java:173)
datanode_1  | 2019-10-16 21:43:19,149 INFO server.RaftServerConfigKeys: raft.server.log.appender.buffer.byte-limit = 33554432 (custom)
datanode_2  | 2019-10-16 21:46:58,456 INFO impl.RoleInfo: dba7091c-2013-49a4-abae-1adb2a1e8c4d: shutdown FollowerState
datanode_1  | 2019-10-16 21:43:19,150 INFO server.RaftServerConfigKeys: raft.server.log.segment.size.max = 1048576 (custom)
datanode_3  | 	at org.apache.ratis.thirdparty.io.grpc.stub.ClientCalls$StreamObserverToCallListenerAdapter.onClose(ClientCalls.java:434)
s3g_1       | 	at org.apache.hadoop.ozone.s3.io.S3WrapperInputStream.read(S3WrapperInputStream.java:49)
datanode_2  | 2019-10-16 21:46:58,456 INFO impl.RaftServerImpl: dba7091c-2013-49a4-abae-1adb2a1e8c4d@group-0E77EE19989D: changes role from  FOLLOWER to CANDIDATE at term 5 for changeToCandidate
datanode_1  | 2019-10-16 21:43:19,150 INFO server.RaftServerConfigKeys: raft.server.log.segment.cache.num.max = 2 (custom)
datanode_3  | 	at org.apache.ratis.thirdparty.io.grpc.PartialForwardingClientCallListener.onClose(PartialForwardingClientCallListener.java:39)
s3g_1       | 	at org.apache.commons.io.IOUtils.copyLarge(IOUtils.java:2221)
datanode_2  | 2019-10-16 21:46:58,457 INFO impl.RoleInfo: dba7091c-2013-49a4-abae-1adb2a1e8c4d: start LeaderElection
datanode_1  | 2019-10-16 21:43:19,150 INFO segmented.SegmentedRaftLogWorker: new e5ae000e-888b-400e-a1a8-929e118004d9@group-0E77EE19989D-SegmentedRaftLogWorker for RaftStorage:Storage Directory /data/metadata/ratis/5ae54ab5-a92d-4cec-bee8-0e77ee19989d
datanode_3  | 	at org.apache.ratis.thirdparty.io.grpc.ForwardingClientCallListener.onClose(ForwardingClientCallListener.java:23)
s3g_1       | 	at org.apache.commons.io.IOUtils.copyLarge(IOUtils.java:2179)
datanode_2  | 2019-10-16 21:46:58,476 INFO impl.LeaderElection: dba7091c-2013-49a4-abae-1adb2a1e8c4d@group-0E77EE19989D-LeaderElection5: begin an election at term 6 for 0: [dba7091c-2013-49a4-abae-1adb2a1e8c4d:172.18.0.5:9858, 32f0e644-5ab7-4b02-b4d0-c6dca210a7cc:172.18.0.7:9858, e5ae000e-888b-400e-a1a8-929e118004d9:172.18.0.6:9858], old=null
datanode_1  | 2019-10-16 21:43:19,151 INFO server.RaftServerConfigKeys: raft.server.log.queue.byte-limit = 2147483647 (custom)
s3g_1       | 	at org.apache.hadoop.ozone.s3.endpoint.ObjectEndpoint.lambda$get$1(ObjectEndpoint.java:278)
datanode_3  | 	at org.apache.ratis.thirdparty.io.grpc.ForwardingClientCallListener$SimpleForwardingClientCallListener.onClose(ForwardingClientCallListener.java:40)
datanode_2  | 2019-10-16 21:46:58,523 INFO impl.LeaderElection: dba7091c-2013-49a4-abae-1adb2a1e8c4d@group-0E77EE19989D-LeaderElection5: Election REJECTED; received 2 response(s) [dba7091c-2013-49a4-abae-1adb2a1e8c4d<-32f0e644-5ab7-4b02-b4d0-c6dca210a7cc#0:FAIL-t6, dba7091c-2013-49a4-abae-1adb2a1e8c4d<-e5ae000e-888b-400e-a1a8-929e118004d9#0:FAIL-t6] and 0 exception(s); dba7091c-2013-49a4-abae-1adb2a1e8c4d@group-0E77EE19989D:t6, leader=null, voted=dba7091c-2013-49a4-abae-1adb2a1e8c4d, raftlog=dba7091c-2013-49a4-abae-1adb2a1e8c4d@group-0E77EE19989D-SegmentedRaftLog:OPENED:c70,f71,i71, conf=0: [dba7091c-2013-49a4-abae-1adb2a1e8c4d:172.18.0.5:9858, 32f0e644-5ab7-4b02-b4d0-c6dca210a7cc:172.18.0.7:9858, e5ae000e-888b-400e-a1a8-929e118004d9:172.18.0.6:9858], old=null
datanode_1  | 2019-10-16 21:43:19,151 INFO server.RaftServerConfigKeys: raft.server.log.queue.element-limit = 1024 (custom)
s3g_1       | 	at org.glassfish.jersey.message.internal.StreamingOutputProvider.writeTo(StreamingOutputProvider.java:79)
datanode_3  | 	at org.apache.ratis.thirdparty.io.grpc.internal.CensusStatsModule$StatsClientInterceptor$1$1.onClose(CensusStatsModule.java:678)
