om_1        | 2019-10-21 09:25:50,623 INFO impl.MetricsConfig: Loaded properties from hadoop-metrics2.properties
scm_1       | 2019-10-21 09:25:40,737 INFO ipc.Server: IPC Server Responder: starting
datanode_1  | 2019-10-21 09:25:45,763 INFO server.RaftServerConfigKeys: raft.server.rpc.timeout.max = 5200ms (custom)
datanode_3  | 2019-10-21 09:25:45,857 INFO storage.RaftStorageDirectory: The storage directory /data/metadata/ratis/0ad53196-7b39-4401-953e-e2a71c30d3c7 does not exist. Creating ...
rm_1        | absoluteMaxCapacity = 1.0 [= 1.0 maximumCapacity undefined, (parentAbsoluteMaxCapacity * maximumCapacity) / 100 otherwise ]
nm_1        | 2019-10-21 09:25:39 INFO  ResourceLocalizationService:395 - Localizer started on port 8040
om_1        | 2019-10-21 09:25:50,665 INFO impl.MetricsSystemImpl: Scheduled Metric snapshot period at 10 second(s).
datanode_2  | 2019-10-21 09:25:45,578 INFO impl.RaftServerProxy: 595f8974-d6c5-45e5-aa74-7894f4fe9777: addNew group-E2A71C30D3C7:[595f8974-d6c5-45e5-aa74-7894f4fe9777:172.18.0.5:9858, 65064fee-7f2f-46d7-9e0b-dfd4843fe5c3:172.18.0.4:9858, e10e29e9-2d59-454a-abcf-5d507331a2b5:172.18.0.7:9858] returns group-E2A71C30D3C7:java.util.concurrent.CompletableFuture@770b7a15[Not completed]
scm_1       | 2019-10-21 09:25:40,737 INFO ipc.Server: IPC Server listener on 9860: starting
rm_1        | effectiveMinResource=<memory:0, vCores:0>
nm_1        | 2019-10-21 09:25:39 INFO  IndexCache:47 - IndexCache created with max memory = 10485760
datanode_3  | 2019-10-21 09:25:47,036 INFO storage.RaftStorageDirectory: Lock on /data/metadata/ratis/0ad53196-7b39-4401-953e-e2a71c30d3c7/in_use.lock acquired by nodename 7@aaf4cc216720
om_1        | 2019-10-21 09:25:50,666 INFO impl.MetricsSystemImpl: OzoneManager metrics system started
datanode_2  | 2019-10-21 09:25:47,005 INFO storage.RaftStorage: Storage directory /data/metadata/ratis/fbcbe7a1-4be8-4de6-8624-1eb9c1824829 has been successfully formatted.
datanode_1  | 2019-10-21 09:25:45,763 INFO server.RaftServerConfigKeys: raft.server.rpcslowness.timeout = 120s (custom)
scm_1       | 2019-10-21 09:25:40,741 INFO server.StorageContainerManager: ScmBlockLocationProtocol RPC server is listening at /0.0.0.0:9863
rm_1        |  , effectiveMaxResource=<memory:0, vCores:0>
datanode_3  | 2019-10-21 09:25:47,065 INFO storage.RaftStorage: Storage directory /data/metadata/ratis/0ad53196-7b39-4401-953e-e2a71c30d3c7 has been successfully formatted.
om_1        | 2019-10-21 09:25:50,718 INFO ipc.Server: IPC Server Responder: starting
nm_1        | 2019-10-21 09:25:39 INFO  ShuffleHandler:549 - mapreduce_shuffle listening on port 13562
datanode_2  | 2019-10-21 09:25:47,011 [pool-8-thread-1] INFO       - group-1EB9C1824829: The snapshot info is null. Setting the last applied indexto:(t:0, i:~)
datanode_1  | 2019-10-21 09:25:45,764 INFO server.RaftServerConfigKeys: raft.server.sleep.deviation.threshold = 300 (default)
scm_1       | 2019-10-21 09:25:40,742 INFO server.SCMBlockProtocolServer: RPC server for Block Protocol is listening at /0.0.0.0:9863
rm_1        | userLimit = 100 [= configuredUserLimit ]
datanode_3  | 2019-10-21 09:25:47,069 [pool-8-thread-1] INFO       - group-E2A71C30D3C7: The snapshot info is null. Setting the last applied indexto:(t:0, i:~)
om_1        | 2019-10-21 09:25:50,719 INFO ipc.Server: IPC Server listener on 9862: starting
nm_1        | 2019-10-21 09:25:39 INFO  ContainerManagerImpl:666 - ContainerManager started at nm/172.18.0.9:34377
datanode_2  | 2019-10-21 09:25:47,026 INFO server.RaftServerConfigKeys: raft.server.notification.no-leader.timeout = 120s (custom)
datanode_1  | 2019-10-21 09:25:45,764 INFO server.RaftServerConfigKeys: raft.server.log.appender.install.snapshot.enabled = false (custom)
scm_1       | 2019-10-21 09:25:40,742 INFO ipc.Server: IPC Server Responder: starting
rm_1        | userLimitFactor = 1.0 [= configuredUserLimitFactor ]
datanode_3  | 2019-10-21 09:25:47,070 INFO server.RaftServerConfigKeys: raft.server.notification.no-leader.timeout = 120s (custom)
om_1        | 2019-10-21 09:25:50,760 INFO hdfs.DFSUtil: Starting Web-server for ozoneManager at: http://0.0.0.0:9874
nm_1        | 2019-10-21 09:25:39 INFO  ContainerManagerImpl:667 - ContainerManager bound to 0.0.0.0/0.0.0.0:0
datanode_2  | 2019-10-21 09:25:47,029 INFO server.RaftServerConfigKeys: raft.server.log.use.memory = false (default)
datanode_1  | 2019-10-21 09:25:45,771 INFO impl.RaftServerImpl: 65064fee-7f2f-46d7-9e0b-dfd4843fe5c3@group-E2A71C30D3C7: ConfigurationManager, init=-1: [595f8974-d6c5-45e5-aa74-7894f4fe9777:172.18.0.5:9858, 65064fee-7f2f-46d7-9e0b-dfd4843fe5c3:172.18.0.4:9858, e10e29e9-2d59-454a-abcf-5d507331a2b5:172.18.0.7:9858], old=null, confs=<EMPTY_MAP>
scm_1       | 2019-10-21 09:25:40,742 INFO ipc.Server: IPC Server listener on 9863: starting
rm_1        | maxApplications = 10000 [= configuredMaximumSystemApplicationsPerQueue or (int)(configuredMaximumSystemApplications * absoluteCapacity)]
datanode_3  | 2019-10-21 09:25:47,072 INFO server.RaftServerConfigKeys: raft.server.log.use.memory = false (default)
om_1        | 2019-10-21 09:25:50,904 INFO server.AuthenticationFilter: Unable to initialize FileSignerSecretProvider, falling back to use random secrets.
nm_1        | 2019-10-21 09:25:39 WARN  NMLogAggregationStatusTracker:96 - Log Aggregation is disabled.So is the LogAggregationStatusTracker.
datanode_2  | 2019-10-21 09:25:47,036 INFO server.RaftServerConfigKeys: raft.server.log.purge.gap = 1000000 (custom)
datanode_1  | 2019-10-21 09:25:45,771 INFO server.RaftServerConfigKeys: raft.server.storage.dir = [/data/metadata/ratis] (custom)
scm_1       | 2019-10-21 09:25:40,745 INFO server.StorageContainerManager: ScmDatanodeProtocl RPC server is listening at /0.0.0.0:9861
rm_1        | maxApplicationsPerUser = 10000 [= (int)(maxApplications * (userLimit / 100.0f) * userLimitFactor) ]
datanode_3  | 2019-10-21 09:25:47,077 INFO server.RaftServerConfigKeys: raft.server.log.purge.gap = 1000000 (custom)
om_1        | 2019-10-21 09:25:50,908 INFO http.HttpRequestLog: Http request log for http.requests.ozoneManager is not defined
nm_1        | 2019-10-21 09:25:39 INFO  WebServer:99 - Instantiating NMWebApp at 0.0.0.0:8042
datanode_2  | 2019-10-21 09:25:47,036 INFO server.RaftServerConfigKeys: raft.server.log.appender.buffer.byte-limit = 33554432 (custom)
datanode_1  | 2019-10-21 09:25:45,775 INFO server.RaftServerConfigKeys: raft.server.log.corruption.policy = EXCEPTION (default)
scm_1       | 2019-10-21 09:25:40,746 INFO server.SCMDatanodeProtocolServer: RPC server for DataNodes is listening at /0.0.0.0:9861
rm_1        | usedCapacity = 0.0 [= usedResourcesMemory / (clusterResourceMemory * absoluteCapacity)]
datanode_3  | 2019-10-21 09:25:47,077 INFO server.RaftServerConfigKeys: raft.server.log.appender.buffer.byte-limit = 33554432 (custom)
om_1        | 2019-10-21 09:25:50,919 INFO http.HttpServer2: Added global filter 'safety' (class=org.apache.hadoop.http.HttpServer2$QuotingInputFilter)
nm_1        | 2019-10-21 09:25:39 INFO  log:192 - Logging initialized @2789ms
datanode_2  | 2019-10-21 09:25:47,040 INFO server.RaftServerConfigKeys: raft.server.log.segment.size.max = 1048576 (custom)
datanode_1  | 2019-10-21 09:25:45,776 INFO storage.RaftStorageDirectory: The storage directory /data/metadata/ratis/0ad53196-7b39-4401-953e-e2a71c30d3c7 does not exist. Creating ...
scm_1       | 2019-10-21 09:25:40,747 INFO ipc.Server: IPC Server Responder: starting
rm_1        | absoluteUsedCapacity = 0.0 [= usedResourcesMemory / clusterResourceMemory]
datanode_3  | 2019-10-21 09:25:47,079 INFO server.RaftServerConfigKeys: raft.server.log.segment.size.max = 1048576 (custom)
om_1        | 2019-10-21 09:25:50,922 INFO http.HttpServer2: Added filter static_user_filter (class=org.apache.hadoop.http.lib.StaticUserWebFilter$StaticUserFilter) to context ozoneManager
nm_1        | 2019-10-21 09:25:39 INFO  AuthenticationFilter:240 - Unable to initialize FileSignerSecretProvider, falling back to use random secrets.
datanode_2  | 2019-10-21 09:25:47,042 WARN impl.MetricsSystemImpl: HddsDatanode metrics system already initialized!
datanode_1  | 2019-10-21 09:25:47,037 INFO storage.RaftStorageDirectory: Lock on /data/metadata/ratis/0ad53196-7b39-4401-953e-e2a71c30d3c7/in_use.lock acquired by nodename 7@6f14e3e2bb29
scm_1       | 2019-10-21 09:25:40,747 INFO ipc.Server: IPC Server listener on 9861: starting
rm_1        | maxAMResourcePerQueuePercent = 0.1 [= configuredMaximumAMResourcePercent ]
om_1        | 2019-10-21 09:25:50,922 INFO http.HttpServer2: Added filter static_user_filter (class=org.apache.hadoop.http.lib.StaticUserWebFilter$StaticUserFilter) to context logs
datanode_3  | 2019-10-21 09:25:47,080 WARN impl.MetricsSystemImpl: HddsDatanode metrics system already initialized!
nm_1        | 2019-10-21 09:25:39 INFO  HttpRequestLog:81 - Http request log for http.requests.nodemanager is not defined
datanode_2  | 2019-10-21 09:25:47,048 INFO metrics.MetricRegistries: Loaded MetricRegistries class org.apache.ratis.metrics.impl.MetricRegistriesImpl
datanode_1  | 2019-10-21 09:25:47,065 INFO storage.RaftStorage: Storage directory /data/metadata/ratis/0ad53196-7b39-4401-953e-e2a71c30d3c7 has been successfully formatted.
scm_1       | 2019-10-21 09:25:40,753 INFO http.HttpServer2: Jetty bound to port 9876
rm_1        | minimumAllocationFactor = 0.875 [= (float)(maximumAllocationMemory - minimumAllocationMemory) / maximumAllocationMemory ]
om_1        | 2019-10-21 09:25:50,922 INFO http.HttpServer2: Added filter static_user_filter (class=org.apache.hadoop.http.lib.StaticUserWebFilter$StaticUserFilter) to context static
datanode_3  | 2019-10-21 09:25:47,085 INFO metrics.MetricRegistries: Loaded MetricRegistries class org.apache.ratis.metrics.impl.MetricRegistriesImpl
nm_1        | 2019-10-21 09:25:39 INFO  HttpServer2:970 - Added global filter 'safety' (class=org.apache.hadoop.http.HttpServer2$QuotingInputFilter)
datanode_2  | 2019-10-21 09:25:47,091 INFO server.RaftServerConfigKeys: raft.server.log.segment.cache.num.max = 2 (custom)
datanode_1  | 2019-10-21 09:25:47,070 [pool-8-thread-1] INFO       - group-E2A71C30D3C7: The snapshot info is null. Setting the last applied indexto:(t:0, i:~)
scm_1       | 2019-10-21 09:25:40,755 INFO server.Server: jetty-9.3.25.v20180904, build timestamp: 2018-09-04T21:11:46Z, git hash: 3ce520221d0240229c862b122d2b06c12a625732
rm_1        | maximumAllocation = <memory:8192, vCores:4> [= configuredMaxAllocation ]
om_1        | 2019-10-21 09:25:50,951 INFO http.HttpServer2: Jetty bound to port 9874
datanode_3  | 2019-10-21 09:25:47,119 INFO server.RaftServerConfigKeys: raft.server.log.segment.cache.num.max = 2 (custom)
nm_1        | 2019-10-21 09:25:39 INFO  HttpServer2:943 - Added filter static_user_filter (class=org.apache.hadoop.http.lib.StaticUserWebFilter$StaticUserFilter) to context node
datanode_2  | 2019-10-21 09:25:47,096 INFO segmented.SegmentedRaftLogWorker: new 595f8974-d6c5-45e5-aa74-7894f4fe9777@group-1EB9C1824829-SegmentedRaftLogWorker for RaftStorage:Storage Directory /data/metadata/ratis/fbcbe7a1-4be8-4de6-8624-1eb9c1824829
datanode_1  | 2019-10-21 09:25:47,070 INFO server.RaftServerConfigKeys: raft.server.notification.no-leader.timeout = 120s (custom)
scm_1       | 2019-10-21 09:25:40,789 INFO handler.ContextHandler: Started o.e.j.s.ServletContextHandler@2ab2710{/logs,file:///var/log/hadoop/,AVAILABLE}
rm_1        | numContainers = 0 [= currentNumContainers ]
om_1        | 2019-10-21 09:25:50,953 INFO server.Server: jetty-9.3.25.v20180904, build timestamp: 2018-09-04T21:11:46Z, git hash: 3ce520221d0240229c862b122d2b06c12a625732
datanode_3  | 2019-10-21 09:25:47,124 INFO segmented.SegmentedRaftLogWorker: new e10e29e9-2d59-454a-abcf-5d507331a2b5@group-E2A71C30D3C7-SegmentedRaftLogWorker for RaftStorage:Storage Directory /data/metadata/ratis/0ad53196-7b39-4401-953e-e2a71c30d3c7
nm_1        | 2019-10-21 09:25:39 INFO  HttpServer2:953 - Added filter static_user_filter (class=org.apache.hadoop.http.lib.StaticUserWebFilter$StaticUserFilter) to context static
datanode_2  | 2019-10-21 09:25:47,096 INFO server.RaftServerConfigKeys: raft.server.log.queue.byte-limit = 2147483647 (custom)
datanode_1  | 2019-10-21 09:25:47,073 INFO server.RaftServerConfigKeys: raft.server.log.use.memory = false (default)
scm_1       | 2019-10-21 09:25:40,790 INFO handler.ContextHandler: Started o.e.j.s.ServletContextHandler@1f193686{/static,jar:file:/opt/hadoop/share/ozone/lib/hadoop-hdds-server-scm-0.5.0-SNAPSHOT.jar!/webapps/static,AVAILABLE}
rm_1        | state = RUNNING [= configuredState ]
om_1        | 2019-10-21 09:25:50,991 INFO handler.ContextHandler: Started o.e.j.s.ServletContextHandler@3ae126d1{/logs,file:///var/log/hadoop/,AVAILABLE}
datanode_3  | 2019-10-21 09:25:47,125 INFO server.RaftServerConfigKeys: raft.server.log.queue.byte-limit = 2147483647 (custom)
nm_1        | 2019-10-21 09:25:39 INFO  HttpServer2:953 - Added filter static_user_filter (class=org.apache.hadoop.http.lib.StaticUserWebFilter$StaticUserFilter) to context logs
datanode_2  | 2019-10-21 09:25:47,097 INFO server.RaftServerConfigKeys: raft.server.log.queue.element-limit = 1024 (custom)
datanode_1  | 2019-10-21 09:25:47,079 INFO server.RaftServerConfigKeys: raft.server.log.purge.gap = 1000000 (custom)
scm_1       | 2019-10-21 09:25:40,918 INFO handler.ContextHandler: Started o.e.j.w.WebAppContext@292158f8{/,file:///tmp/jetty-0.0.0.0-9876-scm-_-any-5148779223208382963.dir/webapp/,AVAILABLE}{/scm}
rm_1        | acls = ADMINISTER_QUEUE:*SUBMIT_APP:* [= configuredAcls ]
om_1        | 2019-10-21 09:25:50,992 INFO handler.ContextHandler: Started o.e.j.s.ServletContextHandler@49d831c2{/static,jar:file:/opt/hadoop/share/ozone/lib/hadoop-ozone-ozone-manager-0.5.0-SNAPSHOT.jar!/webapps/static,AVAILABLE}
datanode_3  | 2019-10-21 09:25:47,125 INFO server.RaftServerConfigKeys: raft.server.log.queue.element-limit = 1024 (custom)
nm_1        | 2019-10-21 09:25:39 INFO  HttpServer2:943 - Added filter authentication (class=org.apache.hadoop.security.authentication.server.AuthenticationFilter) to context node
datanode_1  | 2019-10-21 09:25:47,079 INFO server.RaftServerConfigKeys: raft.server.log.appender.buffer.byte-limit = 33554432 (custom)
datanode_2  | 2019-10-21 09:25:47,098 INFO server.RaftServerConfigKeys: raft.server.log.segment.size.max = 1048576 (custom)
scm_1       | 2019-10-21 09:25:40,931 INFO server.AbstractConnector: Started ServerConnector@196d6c26{HTTP/1.1,[http/1.1]}{0.0.0.0:9876}
rm_1        | nodeLocalityDelay = 40
om_1        | 2019-10-21 09:25:51,095 INFO handler.ContextHandler: Started o.e.j.w.WebAppContext@54755dd9{/,file:///tmp/jetty-0.0.0.0-9874-ozoneManager-_-any-13978967718777672721.dir/webapp/,AVAILABLE}{/ozoneManager}
datanode_3  | 2019-10-21 09:25:47,127 INFO server.RaftServerConfigKeys: raft.server.log.segment.size.max = 1048576 (custom)
nm_1        | 2019-10-21 09:25:39 INFO  HttpServer2:953 - Added filter authentication (class=org.apache.hadoop.security.authentication.server.AuthenticationFilter) to context static
datanode_1  | 2019-10-21 09:25:47,082 INFO server.RaftServerConfigKeys: raft.server.log.segment.size.max = 1048576 (custom)
datanode_2  | 2019-10-21 09:25:47,098 INFO server.RaftServerConfigKeys: raft.server.log.preallocated.size = 16384 (custom)
scm_1       | 2019-10-21 09:25:40,932 INFO server.Server: Started @3048ms
rm_1        | rackLocalityAdditionalDelay = -1
om_1        | 2019-10-21 09:25:51,106 INFO server.AbstractConnector: Started ServerConnector@41ad373{HTTP/1.1,[http/1.1]}{0.0.0.0:9874}
datanode_3  | 2019-10-21 09:25:47,127 INFO server.RaftServerConfigKeys: raft.server.log.preallocated.size = 16384 (custom)
nm_1        | 2019-10-21 09:25:39 INFO  HttpServer2:953 - Added filter authentication (class=org.apache.hadoop.security.authentication.server.AuthenticationFilter) to context logs
datanode_1  | 2019-10-21 09:25:47,085 WARN impl.MetricsSystemImpl: HddsDatanode metrics system already initialized!
datanode_2  | 2019-10-21 09:25:47,098 INFO server.RaftServerConfigKeys: raft.server.log.write.buffer.size = 33554432 (custom)
scm_1       | 2019-10-21 09:25:40,935 INFO impl.MetricsSinkAdapter: Sink prometheus started
om_1        | 2019-10-21 09:25:51,106 INFO server.Server: Started @3874ms
datanode_3  | 2019-10-21 09:25:47,127 INFO server.RaftServerConfigKeys: raft.server.log.write.buffer.size = 33554432 (custom)
datanode_1  | 2019-10-21 09:25:47,091 INFO metrics.MetricRegistries: Loaded MetricRegistries class org.apache.ratis.metrics.impl.MetricRegistriesImpl
nm_1        | 2019-10-21 09:25:39 INFO  HttpServer2:608 - adding path spec: /node/*
rm_1        | labels=*,
datanode_2  | 2019-10-21 09:25:47,099 INFO server.RaftServerConfigKeys: raft.server.log.force.sync.num = 128 (default)
scm_1       | 2019-10-21 09:25:40,935 INFO impl.MetricsSystemImpl: Registered sink prometheus
om_1        | 2019-10-21 09:25:51,110 INFO impl.MetricsSinkAdapter: Sink prometheus started
datanode_3  | 2019-10-21 09:25:47,128 INFO server.RaftServerConfigKeys: raft.server.log.force.sync.num = 128 (default)
datanode_1  | 2019-10-21 09:25:47,133 INFO server.RaftServerConfigKeys: raft.server.log.segment.cache.num.max = 2 (custom)
nm_1        | 2019-10-21 09:25:39 INFO  HttpServer2:608 - adding path spec: /ws/*
rm_1        | reservationsContinueLooking = true
datanode_2  | 2019-10-21 09:25:47,100 INFO server.RaftServerConfigKeys: raft.server.log.statemachine.data.sync = true (default)
scm_1       | 2019-10-21 09:25:40,937 INFO server.BaseHttpServer: HTTP server of SCM is listening at http://0.0.0.0:9876
om_1        | 2019-10-21 09:25:51,110 INFO impl.MetricsSystemImpl: Registered sink prometheus
datanode_3  | 2019-10-21 09:25:47,129 INFO server.RaftServerConfigKeys: raft.server.log.statemachine.data.sync = true (default)
datanode_1  | 2019-10-21 09:25:47,138 INFO segmented.SegmentedRaftLogWorker: new 65064fee-7f2f-46d7-9e0b-dfd4843fe5c3@group-E2A71C30D3C7-SegmentedRaftLogWorker for RaftStorage:Storage Directory /data/metadata/ratis/0ad53196-7b39-4401-953e-e2a71c30d3c7
nm_1        | 2019-10-21 09:25:40 INFO  WebApps:395 - Registered webapp guice modules
rm_1        | preemptionDisabled = true
datanode_2  | 2019-10-21 09:25:47,100 INFO server.RaftServerConfigKeys: raft.server.log.statemachine.data.sync.timeout = 10s (default)
datanode_3  | 2019-10-21 09:25:47,129 INFO server.RaftServerConfigKeys: raft.server.log.statemachine.data.sync.timeout = 10s (default)
om_1        | 2019-10-21 09:25:51,112 INFO server.BaseHttpServer: HTTP server of OZONEMANAGER is listening at http://0.0.0.0:9874
datanode_1  | 2019-10-21 09:25:47,139 INFO server.RaftServerConfigKeys: raft.server.log.queue.byte-limit = 2147483647 (custom)
nm_1        | 2019-10-21 09:25:40 INFO  HttpServer2:1186 - Jetty bound to port 8042
rm_1        | defaultAppPriorityPerQueue = 0
scm_1       | 2019-10-21 09:25:40,948 INFO util.JvmPauseMonitor: Starting JVM pause monitor
datanode_2  | 2019-10-21 09:25:47,100 INFO server.RaftServerConfigKeys: raft.server.log.statemachine.data.sync.timeout.retry = -1 (default)
datanode_3  | 2019-10-21 09:25:47,129 INFO server.RaftServerConfigKeys: raft.server.log.statemachine.data.sync.timeout.retry = -1 (default)
om_1        | 2019-10-21 09:26:02,907 [IPC Server handler 0 on 9862] INFO       - created volume:vol1 for user:hadoop
datanode_1  | 2019-10-21 09:25:47,139 INFO server.RaftServerConfigKeys: raft.server.log.queue.element-limit = 1024 (custom)
nm_1        | 2019-10-21 09:25:40 INFO  Server:351 - jetty-9.3.24.v20180605, build timestamp: 2018-06-05T17:11:56Z, git hash: 84205aa28f11a4f31f2a3b86d1bba2cc8ab69827
rm_1        | priority = 0
datanode_3  | 2019-10-21 09:25:47,139 INFO server.RaftServerConfigKeys: raft.server.log.statemachine.data.caching.enabled = true (custom)
datanode_2  | 2019-10-21 09:25:47,109 INFO server.RaftServerConfigKeys: raft.server.log.statemachine.data.caching.enabled = true (custom)
scm_1       | 2019-10-21 09:25:42,080 INFO net.NetworkTopology: Added a new node: /default-rack/595f8974-d6c5-45e5-aa74-7894f4fe9777
datanode_1  | 2019-10-21 09:25:47,140 INFO server.RaftServerConfigKeys: raft.server.log.segment.size.max = 1048576 (custom)
nm_1        | 2019-10-21 09:25:40 INFO  AuthenticationFilter:240 - Unable to initialize FileSignerSecretProvider, falling back to use random secrets.
rm_1        | maxLifetime = -1 seconds
datanode_3  | 2019-10-21 09:25:47,142 INFO segmented.SegmentedRaftLogWorker: e10e29e9-2d59-454a-abcf-5d507331a2b5@group-E2A71C30D3C7-SegmentedRaftLogWorker: flushIndex: setUnconditionally 0 -> -1
scm_1       | 2019-10-21 09:25:42,080 INFO node.SCMNodeManager: Registered Data node : 595f8974-d6c5-45e5-aa74-7894f4fe9777{ip: 172.18.0.5, host: hadoop31_datanode_2.hadoop31_default, networkLocation: /default-rack, certSerialId: null}
datanode_2  | 2019-10-21 09:25:47,113 INFO segmented.SegmentedRaftLogWorker: 595f8974-d6c5-45e5-aa74-7894f4fe9777@group-1EB9C1824829-SegmentedRaftLogWorker: flushIndex: setUnconditionally 0 -> -1
datanode_1  | 2019-10-21 09:25:47,140 INFO server.RaftServerConfigKeys: raft.server.log.preallocated.size = 16384 (custom)
nm_1        | 2019-10-21 09:25:40 INFO  ContextHandler:781 - Started o.e.j.s.ServletContextHandler@6326d182{/logs,file:///opt/hadoop/logs/,AVAILABLE}
rm_1        | defaultLifetime = -1 seconds
datanode_3  | 2019-10-21 09:25:47,146 INFO server.RaftServerConfigKeys: raft.server.snapshot.auto.trigger.enabled = true (custom)
scm_1       | 2019-10-21 09:25:42,083 INFO safemode.SCMSafeModeManager: SCM in safe mode. 1 DataNodes registered, 1 required.
datanode_2  | 2019-10-21 09:25:47,117 INFO server.RaftServerConfigKeys: raft.server.snapshot.auto.trigger.enabled = true (custom)
datanode_1  | 2019-10-21 09:25:47,141 INFO server.RaftServerConfigKeys: raft.server.log.write.buffer.size = 33554432 (custom)
nm_1        | 2019-10-21 09:25:40 INFO  ContextHandler:781 - Started o.e.j.s.ServletContextHandler@226642a5{/static,jar:file:/opt/hadoop/share/hadoop/yarn/hadoop-yarn-common-3.1.2.jar!/webapps/static,AVAILABLE}
datanode_3  | 2019-10-21 09:25:47,147 INFO server.RaftServerConfigKeys: raft.server.snapshot.auto.trigger.threshold = 10000 (custom)
scm_1       | 2019-10-21 09:25:42,083 INFO safemode.SCMSafeModeManager: ScmSafeModeManager, all rules are successfully validated
rm_1        | 2019-10-21 09:25:35 INFO  CapacitySchedulerQueueManager:298 - Initialized queue: default: capacity=1.0, absoluteCapacity=1.0, usedResources=<memory:0, vCores:0>, usedCapacity=0.0, absoluteUsedCapacity=0.0, numApps=0, numContainers=0, effectiveMinResource=<memory:0, vCores:0> , effectiveMaxResource=<memory:0, vCores:0>
datanode_2  | 2019-10-21 09:25:47,118 INFO server.RaftServerConfigKeys: raft.server.snapshot.auto.trigger.threshold = 10000 (custom)
datanode_1  | 2019-10-21 09:25:47,141 INFO server.RaftServerConfigKeys: raft.server.log.force.sync.num = 128 (default)
nm_1        | Oct 21, 2019 9:25:40 AM com.sun.jersey.guice.spi.container.GuiceComponentProviderFactory register
datanode_3  | 2019-10-21 09:25:47,147 INFO server.RaftServerConfigKeys: raft.server.snapshot.retention.file.num = 5 (custom)
scm_1       | 2019-10-21 09:25:42,085 INFO safemode.SCMSafeModeManager: SCM exiting safe mode.
datanode_1  | 2019-10-21 09:25:47,142 INFO server.RaftServerConfigKeys: raft.server.log.statemachine.data.sync = true (default)
nm_1        | INFO: Registering org.apache.hadoop.yarn.server.nodemanager.webapp.NMWebServices as a root resource class
datanode_3  | 2019-10-21 09:25:47,148 INFO server.RaftServerConfigKeys: raft.server.retrycache.expirytime = 600000ms (custom)
scm_1       | 2019-10-21 09:25:42,118 INFO net.NetworkTopology: Added a new node: /default-rack/65064fee-7f2f-46d7-9e0b-dfd4843fe5c3
datanode_1  | 2019-10-21 09:25:47,142 INFO server.RaftServerConfigKeys: raft.server.log.statemachine.data.sync.timeout = 10s (default)
datanode_2  | 2019-10-21 09:25:47,118 INFO server.RaftServerConfigKeys: raft.server.snapshot.retention.file.num = 5 (custom)
rm_1        | 2019-10-21 09:25:35 INFO  CapacitySchedulerQueueManager:298 - Initialized queue: root: numChildQueue= 1, capacity=1.0, absoluteCapacity=1.0, usedResources=<memory:0, vCores:0>usedCapacity=0.0, numApps=0, numContainers=0
nm_1        | Oct 21, 2019 9:25:40 AM com.sun.jersey.guice.spi.container.GuiceComponentProviderFactory register
datanode_3  | 2019-10-21 09:25:47,171 INFO impl.RaftServerImpl: e10e29e9-2d59-454a-abcf-5d507331a2b5@group-E2A71C30D3C7: start as a follower, conf=-1: [595f8974-d6c5-45e5-aa74-7894f4fe9777:172.18.0.5:9858, 65064fee-7f2f-46d7-9e0b-dfd4843fe5c3:172.18.0.4:9858, e10e29e9-2d59-454a-abcf-5d507331a2b5:172.18.0.7:9858], old=null
datanode_1  | 2019-10-21 09:25:47,142 INFO server.RaftServerConfigKeys: raft.server.log.statemachine.data.sync.timeout.retry = -1 (default)
datanode_2  | 2019-10-21 09:25:47,119 INFO server.RaftServerConfigKeys: raft.server.retrycache.expirytime = 600000ms (custom)
nm_1        | INFO: Registering org.apache.hadoop.yarn.webapp.GenericExceptionHandler as a provider class
rm_1        | 2019-10-21 09:25:35 INFO  CapacitySchedulerQueueManager:163 - Initialized root queue root: numChildQueue= 1, capacity=1.0, absoluteCapacity=1.0, usedResources=<memory:0, vCores:0>usedCapacity=0.0, numApps=0, numContainers=0
scm_1       | 2019-10-21 09:25:42,118 INFO node.SCMNodeManager: Registered Data node : 65064fee-7f2f-46d7-9e0b-dfd4843fe5c3{ip: 172.18.0.4, host: hadoop31_datanode_1.hadoop31_default, networkLocation: /default-rack, certSerialId: null}
datanode_3  | 2019-10-21 09:25:47,172 INFO impl.RaftServerImpl: e10e29e9-2d59-454a-abcf-5d507331a2b5@group-E2A71C30D3C7: changes role from      null to FOLLOWER at term 0 for startAsFollower
datanode_1  | 2019-10-21 09:25:47,152 INFO server.RaftServerConfigKeys: raft.server.log.statemachine.data.caching.enabled = true (custom)
datanode_2  | 2019-10-21 09:25:47,145 INFO impl.RaftServerImpl: 595f8974-d6c5-45e5-aa74-7894f4fe9777: new RaftServerImpl for group-E2A71C30D3C7:[595f8974-d6c5-45e5-aa74-7894f4fe9777:172.18.0.5:9858, 65064fee-7f2f-46d7-9e0b-dfd4843fe5c3:172.18.0.4:9858, e10e29e9-2d59-454a-abcf-5d507331a2b5:172.18.0.7:9858] with ContainerStateMachine:uninitialized
nm_1        | Oct 21, 2019 9:25:40 AM com.sun.jersey.guice.spi.container.GuiceComponentProviderFactory register
rm_1        | 2019-10-21 09:25:35 INFO  UserGroupMappingPlacementRule:232 - Initialized queue mappings, override: false
scm_1       | 2019-10-21 09:25:42,534 INFO net.NetworkTopology: Added a new node: /default-rack/e10e29e9-2d59-454a-abcf-5d507331a2b5
datanode_1  | 2019-10-21 09:25:47,156 INFO segmented.SegmentedRaftLogWorker: 65064fee-7f2f-46d7-9e0b-dfd4843fe5c3@group-E2A71C30D3C7-SegmentedRaftLogWorker: flushIndex: setUnconditionally 0 -> -1
datanode_2  | 2019-10-21 09:25:47,145 INFO server.RaftServerConfigKeys: raft.server.rpc.timeout.min = 5s (custom)
rm_1        | 2019-10-21 09:25:35 INFO  CapacityScheduler:392 - Initialized CapacityScheduler with calculator=class org.apache.hadoop.yarn.util.resource.DefaultResourceCalculator, minimumAllocation=<<memory:1024, vCores:1>>, maximumAllocation=<<memory:8192, vCores:4>>, asynchronousScheduling=false, asyncScheduleInterval=5ms
nm_1        | INFO: Registering org.apache.hadoop.yarn.server.nodemanager.webapp.JAXBContextResolver as a provider class
datanode_3  | 2019-10-21 09:25:47,173 INFO impl.RoleInfo: e10e29e9-2d59-454a-abcf-5d507331a2b5: start FollowerState
scm_1       | 2019-10-21 09:25:42,535 INFO node.SCMNodeManager: Registered Data node : e10e29e9-2d59-454a-abcf-5d507331a2b5{ip: 172.18.0.7, host: hadoop31_datanode_3.hadoop31_default, networkLocation: /default-rack, certSerialId: null}
datanode_1  | 2019-10-21 09:25:47,160 INFO server.RaftServerConfigKeys: raft.server.snapshot.auto.trigger.enabled = true (custom)
datanode_2  | 2019-10-21 09:25:47,145 INFO server.RaftServerConfigKeys: raft.server.rpc.timeout.max = 5200ms (custom)
rm_1        | 2019-10-21 09:25:35 INFO  Configuration:2752 - dynamic-resources.xml not found
datanode_3  | 2019-10-21 09:25:47,176 INFO util.JmxRegister: Successfully registered JMX Bean with object name Ratis:service=RaftServer,group=group-E2A71C30D3C7,id=e10e29e9-2d59-454a-abcf-5d507331a2b5
nm_1        | Oct 21, 2019 9:25:40 AM com.sun.jersey.server.impl.application.WebApplicationImpl _initiate
scm_1       | WARNING: An illegal reflective access operation has occurred
datanode_1  | 2019-10-21 09:25:47,161 INFO server.RaftServerConfigKeys: raft.server.snapshot.auto.trigger.threshold = 10000 (custom)
datanode_2  | 2019-10-21 09:25:47,145 INFO server.RaftServerConfigKeys: raft.server.rpcslowness.timeout = 120s (custom)
rm_1        | 2019-10-21 09:25:35 INFO  AMSProcessingChain:62 - Initializing AMS Processing chain. Root Processor=[org.apache.hadoop.yarn.server.resourcemanager.DefaultAMSProcessor].
datanode_3  | 2019-10-21 09:25:47,477 INFO impl.RaftServerProxy: e10e29e9-2d59-454a-abcf-5d507331a2b5: addNew group-DAACA4A23BCF:[e10e29e9-2d59-454a-abcf-5d507331a2b5:172.18.0.7:9858] returns group-DAACA4A23BCF:java.util.concurrent.CompletableFuture@43a9f8a3[Not completed]
nm_1        | INFO: Initiating Jersey application, version 'Jersey: 1.19 02/11/2015 03:25 AM'
datanode_1  | 2019-10-21 09:25:47,162 INFO server.RaftServerConfigKeys: raft.server.snapshot.retention.file.num = 5 (custom)
rm_1        | 2019-10-21 09:25:35 INFO  ApplicationMasterService:130 - disabled placement handler will be used, all scheduling requests will be rejected.
datanode_2  | 2019-10-21 09:25:47,145 INFO server.RaftServerConfigKeys: raft.server.sleep.deviation.threshold = 300 (default)
scm_1       | WARNING: Illegal reflective access by org.apache.ratis.thirdparty.com.google.protobuf.UnsafeUtil (file:/opt/hadoop/share/ozone/lib/ratis-thirdparty-misc-0.2.0.jar) to field java.nio.Buffer.address
datanode_3  | 2019-10-21 09:25:47,481 INFO impl.RaftServerImpl: e10e29e9-2d59-454a-abcf-5d507331a2b5: new RaftServerImpl for group-DAACA4A23BCF:[e10e29e9-2d59-454a-abcf-5d507331a2b5:172.18.0.7:9858] with ContainerStateMachine:uninitialized
nm_1        | Oct 21, 2019 9:25:40 AM com.sun.jersey.guice.spi.container.GuiceComponentProviderFactory getComponentProvider
datanode_1  | 2019-10-21 09:25:47,162 INFO server.RaftServerConfigKeys: raft.server.retrycache.expirytime = 600000ms (custom)
rm_1        | 2019-10-21 09:25:35 INFO  AMSProcessingChain:75 - Adding [org.apache.hadoop.yarn.server.resourcemanager.scheduler.constraint.processor.DisabledPlacementProcessor] tp top of AMS Processing chain. 
datanode_2  | 2019-10-21 09:25:47,145 INFO server.RaftServerConfigKeys: raft.server.log.appender.install.snapshot.enabled = false (custom)
scm_1       | WARNING: Please consider reporting this to the maintainers of org.apache.ratis.thirdparty.com.google.protobuf.UnsafeUtil
datanode_3  | 2019-10-21 09:25:47,481 INFO server.RaftServerConfigKeys: raft.server.rpc.timeout.min = 5s (custom)
nm_1        | INFO: Binding org.apache.hadoop.yarn.server.nodemanager.webapp.JAXBContextResolver to GuiceManagedComponentProvider with the scope "Singleton"
datanode_1  | 2019-10-21 09:25:47,185 INFO impl.RaftServerImpl: 65064fee-7f2f-46d7-9e0b-dfd4843fe5c3@group-E2A71C30D3C7: start as a follower, conf=-1: [595f8974-d6c5-45e5-aa74-7894f4fe9777:172.18.0.5:9858, 65064fee-7f2f-46d7-9e0b-dfd4843fe5c3:172.18.0.4:9858, e10e29e9-2d59-454a-abcf-5d507331a2b5:172.18.0.7:9858], old=null
rm_1        | 2019-10-21 09:25:35 INFO  ResourceManager:565 - TimelineServicePublisher is not configured
datanode_2  | 2019-10-21 09:25:47,146 INFO impl.RaftServerImpl: 595f8974-d6c5-45e5-aa74-7894f4fe9777@group-E2A71C30D3C7: ConfigurationManager, init=-1: [595f8974-d6c5-45e5-aa74-7894f4fe9777:172.18.0.5:9858, 65064fee-7f2f-46d7-9e0b-dfd4843fe5c3:172.18.0.4:9858, e10e29e9-2d59-454a-abcf-5d507331a2b5:172.18.0.7:9858], old=null, confs=<EMPTY_MAP>
datanode_3  | 2019-10-21 09:25:47,481 INFO server.RaftServerConfigKeys: raft.server.rpc.timeout.max = 5200ms (custom)
nm_1        | Oct 21, 2019 9:25:40 AM com.sun.jersey.guice.spi.container.GuiceComponentProviderFactory getComponentProvider
datanode_1  | 2019-10-21 09:25:47,186 INFO impl.RaftServerImpl: 65064fee-7f2f-46d7-9e0b-dfd4843fe5c3@group-E2A71C30D3C7: changes role from      null to FOLLOWER at term 0 for startAsFollower
rm_1        | 2019-10-21 09:25:35 INFO  log:192 - Logging initialized @1643ms
datanode_2  | 2019-10-21 09:25:47,146 INFO server.RaftServerConfigKeys: raft.server.storage.dir = [/data/metadata/ratis] (custom)
datanode_3  | 2019-10-21 09:25:47,481 INFO server.RaftServerConfigKeys: raft.server.rpcslowness.timeout = 120s (custom)
scm_1       | WARNING: Use --illegal-access=warn to enable warnings of further illegal reflective access operations
nm_1        | INFO: Binding org.apache.hadoop.yarn.webapp.GenericExceptionHandler to GuiceManagedComponentProvider with the scope "Singleton"
datanode_1  | 2019-10-21 09:25:47,187 INFO impl.RoleInfo: 65064fee-7f2f-46d7-9e0b-dfd4843fe5c3: start FollowerState
rm_1        | 2019-10-21 09:25:35 INFO  AuthenticationFilter:240 - Unable to initialize FileSignerSecretProvider, falling back to use random secrets.
datanode_3  | 2019-10-21 09:25:47,481 INFO server.RaftServerConfigKeys: raft.server.sleep.deviation.threshold = 300 (default)
scm_1       | WARNING: All illegal access operations will be denied in a future release
datanode_2  | 2019-10-21 09:25:47,146 INFO server.RaftServerConfigKeys: raft.server.log.corruption.policy = EXCEPTION (default)
datanode_1  | 2019-10-21 09:25:47,191 INFO util.JmxRegister: Successfully registered JMX Bean with object name Ratis:service=RaftServer,group=group-E2A71C30D3C7,id=65064fee-7f2f-46d7-9e0b-dfd4843fe5c3
nm_1        | Oct 21, 2019 9:25:41 AM com.sun.jersey.guice.spi.container.GuiceComponentProviderFactory getComponentProvider
rm_1        | 2019-10-21 09:25:35 INFO  HttpRequestLog:81 - Http request log for http.requests.resourcemanager is not defined
datanode_3  | 2019-10-21 09:25:47,482 INFO server.RaftServerConfigKeys: raft.server.log.appender.install.snapshot.enabled = false (custom)
scm_1       | 2019-10-21 09:25:45,509 ERROR pipeline.RatisPipelineProvider: Failed invoke Ratis rpc org.apache.hadoop.hdds.scm.pipeline.RatisPipelineProvider$$Lambda$174/0x0000000840399040@3de54f36 for 595f8974-d6c5-45e5-aa74-7894f4fe9777
datanode_2  | 2019-10-21 09:25:47,146 INFO storage.RaftStorageDirectory: The storage directory /data/metadata/ratis/0ad53196-7b39-4401-953e-e2a71c30d3c7 does not exist. Creating ...
datanode_1  | 2019-10-21 09:25:47,392 INFO impl.RaftServerProxy: 65064fee-7f2f-46d7-9e0b-dfd4843fe5c3: addNew group-E14B3C2A47A6:[65064fee-7f2f-46d7-9e0b-dfd4843fe5c3:172.18.0.4:9858] returns group-E14B3C2A47A6:java.util.concurrent.CompletableFuture@3adbdc8e[Not completed]
nm_1        | INFO: Binding org.apache.hadoop.yarn.server.nodemanager.webapp.NMWebServices to GuiceManagedComponentProvider with the scope "Singleton"
rm_1        | 2019-10-21 09:25:35 INFO  HttpServer2:970 - Added global filter 'safety' (class=org.apache.hadoop.http.HttpServer2$QuotingInputFilter)
datanode_3  | 2019-10-21 09:25:47,482 INFO impl.RaftServerImpl: e10e29e9-2d59-454a-abcf-5d507331a2b5@group-DAACA4A23BCF: ConfigurationManager, init=-1: [e10e29e9-2d59-454a-abcf-5d507331a2b5:172.18.0.7:9858], old=null, confs=<EMPTY_MAP>
scm_1       | org.apache.ratis.protocol.TimeoutIOException: deadline exceeded after 2957137455ns
datanode_2  | 2019-10-21 09:25:47,169 INFO storage.RaftStorageDirectory: Lock on /data/metadata/ratis/0ad53196-7b39-4401-953e-e2a71c30d3c7/in_use.lock acquired by nodename 7@2e7ef08a14ab
datanode_1  | 2019-10-21 09:25:47,396 INFO impl.RaftServerImpl: 65064fee-7f2f-46d7-9e0b-dfd4843fe5c3: new RaftServerImpl for group-E14B3C2A47A6:[65064fee-7f2f-46d7-9e0b-dfd4843fe5c3:172.18.0.4:9858] with ContainerStateMachine:uninitialized
nm_1        | 2019-10-21 09:25:41 INFO  ContextHandler:781 - Started o.e.j.w.WebAppContext@6b3f6585{/,file:///tmp/jetty-0.0.0.0-8042-node-_-any-4260224181297854503.dir/webapp/,AVAILABLE}{/node}
rm_1        | 2019-10-21 09:25:35 INFO  HttpServer2:943 - Added filter RMAuthenticationFilter (class=org.apache.hadoop.yarn.server.security.http.RMAuthenticationFilter) to context cluster
datanode_3  | 2019-10-21 09:25:47,482 INFO server.RaftServerConfigKeys: raft.server.storage.dir = [/data/metadata/ratis] (custom)
scm_1       | 	at org.apache.ratis.grpc.GrpcUtil.tryUnwrapException(GrpcUtil.java:82)
datanode_2  | 2019-10-21 09:25:47,185 INFO storage.RaftStorage: Storage directory /data/metadata/ratis/0ad53196-7b39-4401-953e-e2a71c30d3c7 has been successfully formatted.
datanode_1  | 2019-10-21 09:25:47,396 INFO server.RaftServerConfigKeys: raft.server.rpc.timeout.min = 5s (custom)
nm_1        | 2019-10-21 09:25:41 INFO  AbstractConnector:278 - Started ServerConnector@11f1c729{HTTP/1.1,[http/1.1]}{0.0.0.0:8042}
rm_1        | 2019-10-21 09:25:35 INFO  HttpServer2:953 - Added filter RMAuthenticationFilter (class=org.apache.hadoop.yarn.server.security.http.RMAuthenticationFilter) to context logs
datanode_3  | 2019-10-21 09:25:47,482 INFO server.RaftServerConfigKeys: raft.server.log.corruption.policy = EXCEPTION (default)
datanode_1  | 2019-10-21 09:25:47,396 INFO server.RaftServerConfigKeys: raft.server.rpc.timeout.max = 5200ms (custom)
nm_1        | 2019-10-21 09:25:41 INFO  Server:419 - Started @4311ms
datanode_2  | 2019-10-21 09:25:47,186 [pool-8-thread-1] INFO       - group-E2A71C30D3C7: The snapshot info is null. Setting the last applied indexto:(t:0, i:~)
datanode_3  | 2019-10-21 09:25:47,483 INFO storage.RaftStorageDirectory: The storage directory /data/metadata/ratis/ec6a5341-c2e8-441e-bff9-daaca4a23bcf does not exist. Creating ...
rm_1        | 2019-10-21 09:25:35 INFO  HttpServer2:953 - Added filter RMAuthenticationFilter (class=org.apache.hadoop.yarn.server.security.http.RMAuthenticationFilter) to context static
scm_1       | 	at org.apache.ratis.grpc.GrpcUtil.unwrapException(GrpcUtil.java:75)
datanode_1  | 2019-10-21 09:25:47,396 INFO server.RaftServerConfigKeys: raft.server.rpcslowness.timeout = 120s (custom)
nm_1        | 2019-10-21 09:25:41 INFO  WebApps:440 - Web app node started at 8042
datanode_2  | 2019-10-21 09:25:47,186 INFO server.RaftServerConfigKeys: raft.server.notification.no-leader.timeout = 120s (custom)
datanode_3  | 2019-10-21 09:25:47,496 INFO storage.RaftStorageDirectory: Lock on /data/metadata/ratis/ec6a5341-c2e8-441e-bff9-daaca4a23bcf/in_use.lock acquired by nodename 7@aaf4cc216720
rm_1        | 2019-10-21 09:25:35 INFO  HttpServer2:943 - Added filter static_user_filter (class=org.apache.hadoop.http.lib.StaticUserWebFilter$StaticUserFilter) to context cluster
scm_1       | 	at org.apache.ratis.grpc.client.GrpcClientProtocolClient.blockingCall(GrpcClientProtocolClient.java:184)
datanode_1  | 2019-10-21 09:25:47,396 INFO server.RaftServerConfigKeys: raft.server.sleep.deviation.threshold = 300 (default)
nm_1        | 2019-10-21 09:25:41 INFO  NodeStatusUpdaterImpl:250 - Node ID assigned is : nm:34377
datanode_2  | 2019-10-21 09:25:47,186 INFO server.RaftServerConfigKeys: raft.server.log.use.memory = false (default)
rm_1        | 2019-10-21 09:25:35 INFO  HttpServer2:953 - Added filter static_user_filter (class=org.apache.hadoop.http.lib.StaticUserWebFilter$StaticUserFilter) to context logs
datanode_3  | 2019-10-21 09:25:47,510 INFO storage.RaftStorage: Storage directory /data/metadata/ratis/ec6a5341-c2e8-441e-bff9-daaca4a23bcf has been successfully formatted.
scm_1       | 	at org.apache.ratis.grpc.client.GrpcClientProtocolClient.groupAdd(GrpcClientProtocolClient.java:153)
datanode_1  | 2019-10-21 09:25:47,396 INFO server.RaftServerConfigKeys: raft.server.log.appender.install.snapshot.enabled = false (custom)
nm_1        | 2019-10-21 09:25:41 INFO  JvmPauseMonitor:188 - Starting JVM pause monitor
datanode_2  | 2019-10-21 09:25:47,186 INFO server.RaftServerConfigKeys: raft.server.log.purge.gap = 1000000 (custom)
rm_1        | 2019-10-21 09:25:35 INFO  HttpServer2:953 - Added filter static_user_filter (class=org.apache.hadoop.http.lib.StaticUserWebFilter$StaticUserFilter) to context static
datanode_3  | 2019-10-21 09:25:47,510 [pool-8-thread-1] INFO       - group-DAACA4A23BCF: The snapshot info is null. Setting the last applied indexto:(t:0, i:~)
scm_1       | 	at org.apache.ratis.grpc.client.GrpcClientRpc.sendRequest(GrpcClientRpc.java:94)
datanode_1  | 2019-10-21 09:25:47,396 INFO impl.RaftServerImpl: 65064fee-7f2f-46d7-9e0b-dfd4843fe5c3@group-E14B3C2A47A6: ConfigurationManager, init=-1: [65064fee-7f2f-46d7-9e0b-dfd4843fe5c3:172.18.0.4:9858], old=null, confs=<EMPTY_MAP>
nm_1        | 2019-10-21 09:25:41 INFO  RMProxy:133 - Connecting to ResourceManager at rm/172.18.0.8:8031
datanode_2  | 2019-10-21 09:25:47,186 INFO server.RaftServerConfigKeys: raft.server.log.appender.buffer.byte-limit = 33554432 (custom)
rm_1        | 2019-10-21 09:25:35 INFO  HttpServer2:608 - adding path spec: /cluster/*
datanode_3  | 2019-10-21 09:25:47,510 INFO server.RaftServerConfigKeys: raft.server.notification.no-leader.timeout = 120s (custom)
scm_1       | 	at org.apache.ratis.client.impl.RaftClientImpl.sendRequest(RaftClientImpl.java:278)
datanode_1  | 2019-10-21 09:25:47,397 INFO server.RaftServerConfigKeys: raft.server.storage.dir = [/data/metadata/ratis] (custom)
nm_1        | 2019-10-21 09:25:41 INFO  NodeStatusUpdaterImpl:641 - Sending out 0 NM container statuses: []
datanode_2  | 2019-10-21 09:25:47,186 INFO server.RaftServerConfigKeys: raft.server.log.segment.size.max = 1048576 (custom)
rm_1        | 2019-10-21 09:25:35 INFO  HttpServer2:608 - adding path spec: /ws/*
datanode_3  | 2019-10-21 09:25:47,510 INFO server.RaftServerConfigKeys: raft.server.log.use.memory = false (default)
scm_1       | 	at org.apache.ratis.client.impl.RaftClientImpl.groupAdd(RaftClientImpl.java:205)
datanode_1  | 2019-10-21 09:25:47,397 INFO server.RaftServerConfigKeys: raft.server.log.corruption.policy = EXCEPTION (default)
nm_1        | 2019-10-21 09:25:41 INFO  NodeStatusUpdaterImpl:382 - Registering with RM using containers :[]
datanode_2  | 2019-10-21 09:25:47,187 INFO server.RaftServerConfigKeys: raft.server.log.segment.cache.num.max = 2 (custom)
rm_1        | 2019-10-21 09:25:35 INFO  HttpServer2:608 - adding path spec: /app/*
datanode_3  | 2019-10-21 09:25:47,511 INFO server.RaftServerConfigKeys: raft.server.log.purge.gap = 1000000 (custom)
scm_1       | 	at org.apache.hadoop.hdds.scm.pipeline.RatisPipelineProvider.lambda$initializePipeline$4(RatisPipelineProvider.java:198)
datanode_1  | 2019-10-21 09:25:47,397 INFO storage.RaftStorageDirectory: The storage directory /data/metadata/ratis/c3544632-acae-40db-b0a0-e14b3c2a47a6 does not exist. Creating ...
nm_1        | 2019-10-21 09:25:41 INFO  NMContainerTokenSecretManager:143 - Rolling master-key for container-tokens, got key with id 652551513
datanode_2  | 2019-10-21 09:25:47,187 INFO segmented.SegmentedRaftLogWorker: new 595f8974-d6c5-45e5-aa74-7894f4fe9777@group-E2A71C30D3C7-SegmentedRaftLogWorker for RaftStorage:Storage Directory /data/metadata/ratis/0ad53196-7b39-4401-953e-e2a71c30d3c7
rm_1        | 2019-10-21 09:25:35 INFO  WebApps:395 - Registered webapp guice modules
datanode_3  | 2019-10-21 09:25:47,511 INFO server.RaftServerConfigKeys: raft.server.log.appender.buffer.byte-limit = 33554432 (custom)
scm_1       | 	at org.apache.hadoop.hdds.scm.pipeline.RatisPipelineProvider.lambda$null$5(RatisPipelineProvider.java:233)
datanode_1  | 2019-10-21 09:25:47,410 INFO storage.RaftStorageDirectory: Lock on /data/metadata/ratis/c3544632-acae-40db-b0a0-e14b3c2a47a6/in_use.lock acquired by nodename 7@6f14e3e2bb29
nm_1        | 2019-10-21 09:25:41 INFO  NMTokenSecretManagerInNM:143 - Rolling master-key for container-tokens, got key with id -306868385
rm_1        | 2019-10-21 09:25:35 INFO  HttpServer2:1186 - Jetty bound to port 8088
datanode_3  | 2019-10-21 09:25:47,511 INFO server.RaftServerConfigKeys: raft.server.log.segment.size.max = 1048576 (custom)
datanode_2  | 2019-10-21 09:25:47,187 INFO server.RaftServerConfigKeys: raft.server.log.queue.byte-limit = 2147483647 (custom)
scm_1       | 	at java.base/java.util.stream.ForEachOps$ForEachOp$OfRef.accept(ForEachOps.java:183)
datanode_1  | 2019-10-21 09:25:47,433 INFO storage.RaftStorage: Storage directory /data/metadata/ratis/c3544632-acae-40db-b0a0-e14b3c2a47a6 has been successfully formatted.
nm_1        | 2019-10-21 09:25:41 INFO  NodeStatusUpdaterImpl:466 - Registered with ResourceManager as nm:34377 with total resource of <memory:8192, vCores:8>
rm_1        | 2019-10-21 09:25:35 INFO  Server:351 - jetty-9.3.24.v20180605, build timestamp: 2018-06-05T17:11:56Z, git hash: 84205aa28f11a4f31f2a3b86d1bba2cc8ab69827
datanode_3  | 2019-10-21 09:25:47,511 INFO server.RaftServerConfigKeys: raft.server.log.segment.cache.num.max = 2 (custom)
datanode_2  | 2019-10-21 09:25:47,187 INFO server.RaftServerConfigKeys: raft.server.log.queue.element-limit = 1024 (custom)
scm_1       | 	at java.base/java.util.ArrayList$ArrayListSpliterator.forEachRemaining(ArrayList.java:1654)
datanode_1  | 2019-10-21 09:25:47,433 [pool-8-thread-1] INFO       - group-E14B3C2A47A6: The snapshot info is null. Setting the last applied indexto:(t:0, i:~)
nm_1        | 2019-10-21 09:26:41 INFO  Server:1845 - Auth successful for appattempt_1571649937771_0001_000001 (auth:SIMPLE)
rm_1        | 2019-10-21 09:25:35 INFO  AuthenticationFilter:240 - Unable to initialize FileSignerSecretProvider, falling back to use random secrets.
datanode_3  | 2019-10-21 09:25:47,511 INFO segmented.SegmentedRaftLogWorker: new e10e29e9-2d59-454a-abcf-5d507331a2b5@group-DAACA4A23BCF-SegmentedRaftLogWorker for RaftStorage:Storage Directory /data/metadata/ratis/ec6a5341-c2e8-441e-bff9-daaca4a23bcf
datanode_2  | 2019-10-21 09:25:47,187 INFO server.RaftServerConfigKeys: raft.server.log.segment.size.max = 1048576 (custom)
scm_1       | 	at java.base/java.util.stream.AbstractPipeline.copyInto(AbstractPipeline.java:484)
datanode_1  | 2019-10-21 09:25:47,433 INFO server.RaftServerConfigKeys: raft.server.notification.no-leader.timeout = 120s (custom)
rm_1        | 2019-10-21 09:25:35 INFO  AbstractDelegationTokenSecretManager:347 - Updating the current master key for generating delegation tokens
nm_1        | 2019-10-21 09:26:41 INFO  ContainerManagerImpl:1070 - Start request for container_1571649937771_0001_01_000001 by user hadoop
datanode_3  | 2019-10-21 09:25:47,512 INFO server.RaftServerConfigKeys: raft.server.log.queue.byte-limit = 2147483647 (custom)
datanode_2  | 2019-10-21 09:25:47,188 INFO server.RaftServerConfigKeys: raft.server.log.preallocated.size = 16384 (custom)
scm_1       | 	at java.base/java.util.stream.ForEachOps$ForEachTask.compute(ForEachOps.java:290)
datanode_1  | 2019-10-21 09:25:47,433 INFO server.RaftServerConfigKeys: raft.server.log.use.memory = false (default)
rm_1        | 2019-10-21 09:25:35 INFO  AbstractDelegationTokenSecretManager:679 - Starting expired delegation token remover thread, tokenRemoverScanInterval=60 min(s)
nm_1        | 2019-10-21 09:26:41 INFO  ContainerManagerImpl:1122 - Creating a new application reference for app application_1571649937771_0001
datanode_3  | 2019-10-21 09:25:47,512 INFO server.RaftServerConfigKeys: raft.server.log.queue.element-limit = 1024 (custom)
datanode_2  | 2019-10-21 09:25:47,188 INFO server.RaftServerConfigKeys: raft.server.log.write.buffer.size = 33554432 (custom)
scm_1       | 	at java.base/java.util.concurrent.CountedCompleter.exec(CountedCompleter.java:746)
rm_1        | 2019-10-21 09:25:35 INFO  AbstractDelegationTokenSecretManager:347 - Updating the current master key for generating delegation tokens
nm_1        | 2019-10-21 09:26:41 INFO  ApplicationImpl:655 - Application application_1571649937771_0001 transitioned from NEW to INITING
datanode_3  | 2019-10-21 09:25:47,512 INFO server.RaftServerConfigKeys: raft.server.log.segment.size.max = 1048576 (custom)
datanode_2  | 2019-10-21 09:25:47,188 INFO server.RaftServerConfigKeys: raft.server.log.force.sync.num = 128 (default)
datanode_1  | 2019-10-21 09:25:47,434 INFO server.RaftServerConfigKeys: raft.server.log.purge.gap = 1000000 (custom)
scm_1       | 	at java.base/java.util.concurrent.ForkJoinTask.doExec(ForkJoinTask.java:290)
rm_1        | 2019-10-21 09:25:36 INFO  ContextHandler:781 - Started o.e.j.s.ServletContextHandler@3a12c404{/logs,file:///opt/hadoop/logs/,AVAILABLE}
datanode_2  | 2019-10-21 09:25:47,188 INFO server.RaftServerConfigKeys: raft.server.log.statemachine.data.sync = true (default)
datanode_1  | 2019-10-21 09:25:47,434 INFO server.RaftServerConfigKeys: raft.server.log.appender.buffer.byte-limit = 33554432 (custom)
nm_1        | 2019-10-21 09:26:41 INFO  ApplicationImpl:463 - Adding container_1571649937771_0001_01_000001 to application application_1571649937771_0001
datanode_3  | 2019-10-21 09:25:47,512 INFO server.RaftServerConfigKeys: raft.server.log.preallocated.size = 16384 (custom)
scm_1       | 	at java.base/java.util.concurrent.ForkJoinTask.doInvoke(ForkJoinTask.java:408)
rm_1        | 2019-10-21 09:25:36 INFO  ContextHandler:781 - Started o.e.j.s.ServletContextHandler@38831718{/static,jar:file:/opt/hadoop/share/hadoop/yarn/hadoop-yarn-common-3.1.2.jar!/webapps/static,AVAILABLE}
datanode_2  | 2019-10-21 09:25:47,188 INFO server.RaftServerConfigKeys: raft.server.log.statemachine.data.sync.timeout = 10s (default)
datanode_1  | 2019-10-21 09:25:47,434 INFO server.RaftServerConfigKeys: raft.server.log.segment.size.max = 1048576 (custom)
nm_1        | 2019-10-21 09:26:41 INFO  NMAuditLogger:94 - USER=hadoop	IP=172.18.0.8	OPERATION=Start Container Request	TARGET=ContainerManageImpl	RESULT=SUCCESS	APPID=application_1571649937771_0001	CONTAINERID=container_1571649937771_0001_01_000001
scm_1       | 	at java.base/java.util.concurrent.ForkJoinTask.invoke(ForkJoinTask.java:736)
rm_1        | Oct 21, 2019 9:25:36 AM com.sun.jersey.guice.spi.container.GuiceComponentProviderFactory register
