s3g_1       | 2019-10-21 09:53:16,941 INFO handler.ContextHandler: Started o.e.j.w.WebAppContext@69a024a0{/,file:///tmp/jetty-0.0.0.0-9878-s3gateway-_-any-14821148900973004933.dir/webapp/,AVAILABLE}{/s3gateway}
recon_1     | 2019-10-21 09:53:35,714 [main] INFO       - Stopping Recon server
scm_1       | WARNING: Please consider reporting this to the maintainers of org.apache.hadoop.security.authentication.util.KerberosUtil
datanode_3  | 2019-10-21 09:53:16,319 INFO client.DNCertificateClient: Certificate client init case: 0
om_1        | 2019-10-21 09:53:22,805 [main] INFO       - Adding ip:172.18.0.8,host:om
kdc_1       | Oct 21 09:53:08 kdc kadmind[15](Notice): Request: kadm5_get_policy, default, Policy does not exist, client=admin/admin@EXAMPLE.COM, service=kadmin/admin@EXAMPLE.COM, addr=127.0.0.1
datanode_1  | 2019-10-21 09:53:16,093 [main] INFO       - Creating csr for DN-> subject:root@d82b443bf468
kms_1       |  .example.com = EXAMPLE.COM
datanode_2  | 2019-10-21 09:53:17,015 INFO client.DNCertificateClient: Creating keypair for client as keypair and certificate not found.
s3g_1       | 2019-10-21 09:53:16,949 INFO server.AbstractConnector: Started ServerConnector@1c628f6a{HTTP/1.1,[http/1.1]}{0.0.0.0:9878}
recon_1     | java.lang.NullPointerException
scm_1       | WARNING: Use --illegal-access=warn to enable warnings of further illegal reflective access operations
datanode_3  | 2019-10-21 09:53:16,320 INFO client.DNCertificateClient: Creating keypair for client as keypair and certificate not found.
om_1        | 2019-10-21 09:53:22,806 [main] INFO       - ip:127.0.0.1,host:localhost not returned.
kdc_1       | Oct 21 09:53:08 kdc kadmind[15](Notice): Request: kadm5_create_principal, om/d82b443bf468@EXAMPLE.COM, success, client=admin/admin@EXAMPLE.COM, service=kadmin/admin@EXAMPLE.COM, addr=127.0.0.1
datanode_1  | 2019-10-21 09:53:17,287 INFO ipc.Client: Retrying connect to server: scm/172.18.0.6:9961. Already tried 0 time(s); retry policy is RetryUpToMaximumCountWithFixedSleep(maxRetries=2147483647, sleepTime=1000 MILLISECONDS)
kms_1       | WARNING: /opt/hadoop/temp does not exist. Creating.
datanode_2  | 2019-10-21 09:53:17,438 [main] INFO       - Init response: GETCERT
s3g_1       | 2019-10-21 09:53:16,949 INFO server.Server: Started @4141ms
recon_1     | 	at org.apache.hadoop.ozone.recon.ReconServer.stop(ReconServer.java:115)
scm_1       | WARNING: All illegal access operations will be denied in a future release
datanode_3  | 2019-10-21 09:53:16,658 [main] INFO       - Init response: GETCERT
om_1        | 2019-10-21 09:53:22,810 [main] INFO       - Creating csr for OM->dns:om,ip:172.18.0.8,scmId:e6e59b72-074a-4770-993d-6430e80b3e38,clusterId:CID-d0deb3eb-c710-4800-9752-3845eae56920,subject:root@om
kdc_1       | Oct 21 09:53:08 kdc kadmind[15](info): closing down fd 18
datanode_1  | 2019-10-21 09:53:18,288 INFO ipc.Client: Retrying connect to server: scm/172.18.0.6:9961. Already tried 1 time(s); retry policy is RetryUpToMaximumCountWithFixedSleep(maxRetries=2147483647, sleepTime=1000 MILLISECONDS)
kms_1       | WARNING: /opt/hadoop/logs does not exist. Creating.
recon_1     | 	at org.apache.hadoop.ozone.recon.ReconServer.call(ReconServer.java:100)
datanode_2  | 2019-10-21 09:53:17,451 [main] INFO       - Adding ip:172.18.0.7,host:6da3d8f262ed
s3g_1       | 2019-10-21 09:53:16,952 INFO server.BaseHttpServer: HTTP server of S3GATEWAY is listening at http://0.0.0.0:9878
scm_1       | 2019-10-21 09:53:18,287 INFO security.UserGroupInformation: Login successful for user scm/scm@EXAMPLE.COM using keytab file /etc/security/keytabs/scm.keytab
datanode_3  | 2019-10-21 09:53:16,669 [main] INFO       - Adding ip:172.18.0.4,host:3bf7077c6812
om_1        | 2019-10-21 09:53:22,912 [main] INFO       - OzoneManager ports added:[name: "RPC"
kdc_1       | Oct 21 09:53:08 kdc kadmind[15](Notice): Request: kadm5_init, admin/admin@EXAMPLE.COM, success, client=admin/admin@EXAMPLE.COM, service=kadmin/admin@EXAMPLE.COM, addr=127.0.0.1, vers=4, flavor=6
datanode_1  | 2019-10-21 09:53:19,289 INFO ipc.Client: Retrying connect to server: scm/172.18.0.6:9961. Already tried 2 time(s); retry policy is RetryUpToMaximumCountWithFixedSleep(maxRetries=2147483647, sleepTime=1000 MILLISECONDS)
kms_1       | Oct 21, 2019 9:53:18 AM com.sun.jersey.api.core.PackagesResourceConfig init
recon_1     | 	at org.apache.hadoop.ozone.recon.ReconServer.call(ReconServer.java:41)
datanode_2  | 2019-10-21 09:53:17,452 [main] INFO       - ip:127.0.0.1,host:localhost not returned.
s3g_1       | 2019-10-21 10:00:25,637 [qtp1325144078-111] INFO       - Location is /bucket-test123
scm_1       | 2019-10-21 09:53:18,287 INFO server.StorageContainerManager: SCM login successful.
datanode_3  | 2019-10-21 09:53:16,670 [main] INFO       - ip:127.0.0.1,host:localhost not returned.
om_1        | value: 9862
kdc_1       | Oct 21 09:53:08 kdc kadmind[15](Notice): Request: kadm5_randkey_principal, om/d82b443bf468@EXAMPLE.COM, success, client=admin/admin@EXAMPLE.COM, service=kadmin/admin@EXAMPLE.COM, addr=127.0.0.1
datanode_1  | 2019-10-21 09:53:20,290 INFO ipc.Client: Retrying connect to server: scm/172.18.0.6:9961. Already tried 3 time(s); retry policy is RetryUpToMaximumCountWithFixedSleep(maxRetries=2147483647, sleepTime=1000 MILLISECONDS)
kms_1       | INFO: Scanning for root resource and provider classes in the packages:
recon_1     | 	at picocli.CommandLine.execute(CommandLine.java:1173)
datanode_2  | 2019-10-21 09:53:17,456 [main] INFO       - Creating csr for DN-> subject:root@6da3d8f262ed
s3g_1       | 2019-10-21 10:00:29,080 WARN ipc.Client: Exception encountered while connecting to the server : org.apache.hadoop.ipc.RemoteException(org.apache.hadoop.security.token.SecretManager$InvalidToken): No S3 secret found for S3 identifier:OzoneToken owner=dlfknslnfslf, renewer=, realUser=, issueDate=0, maxDate=0, sequenceNumber=0, masterKeyId=0, strToSign=AWS4-HMAC-SHA256
scm_1       | 2019-10-21 09:53:18,288 WARN server.ServerUtils: ozone.scm.db.dirs is not configured. We recommend adding this setting. Falling back to ozone.metadata.dirs instead.
datanode_3  | 2019-10-21 09:53:16,675 [main] INFO       - Creating csr for DN-> subject:root@3bf7077c6812
om_1        | ]
kdc_1       | Oct 21 09:53:08 kdc kadmind[15](Notice): Request: kadm5_get_principal, om/d82b443bf468@EXAMPLE.COM, success, client=admin/admin@EXAMPLE.COM, service=kadmin/admin@EXAMPLE.COM, addr=127.0.0.1
datanode_1  | 2019-10-21 09:53:22,082 [main] INFO       - Successfully stored SCM signed certificate, case:GETCERT.
kms_1       |   org.apache.hadoop.crypto.key.kms.server
recon_1     | 	at picocli.CommandLine.access$800(CommandLine.java:141)
datanode_2  | 2019-10-21 09:53:18,623 INFO ipc.Client: Retrying connect to server: scm/172.18.0.6:9961. Already tried 0 time(s); retry policy is RetryUpToMaximumCountWithFixedSleep(maxRetries=2147483647, sleepTime=1000 MILLISECONDS)
s3g_1       | 20191021T100029Z
scm_1       | 2019-10-21 09:53:18,312 INFO util.log: Logging initialized @1175ms
datanode_3  | 2019-10-21 09:53:17,874 INFO ipc.Client: Retrying connect to server: scm/172.18.0.6:9961. Already tried 0 time(s); retry policy is RetryUpToMaximumCountWithFixedSleep(maxRetries=2147483647, sleepTime=1000 MILLISECONDS)
om_1        | 2019-10-21 09:53:22,994 [main] INFO       - Successfully stored SCM signed certificate.
kdc_1       | Oct 21 09:53:08 kdc kadmind[15](info): closing down fd 18
datanode_1  | 2019-10-21 09:53:22,237 [main] INFO       - Creating Volume: /data/hdds/hdds of  storage type : DISK and capacity : 10908285698048
kms_1       | Oct 21, 2019 9:53:18 AM com.sun.jersey.api.core.ScanningResourceConfig logClasses
recon_1     | 	at picocli.CommandLine$RunLast.handle(CommandLine.java:1367)
datanode_2  | 2019-10-21 09:53:19,624 INFO ipc.Client: Retrying connect to server: scm/172.18.0.6:9961. Already tried 1 time(s); retry policy is RetryUpToMaximumCountWithFixedSleep(maxRetries=2147483647, sleepTime=1000 MILLISECONDS)
s3g_1       | 20191021/us-west-1/s3/aws4_request
scm_1       | 2019-10-21 09:53:18,401 INFO db.DBStoreBuilder: using custom profile for table: deletedBlocks
datanode_3  | 2019-10-21 09:53:18,875 INFO ipc.Client: Retrying connect to server: scm/172.18.0.6:9961. Already tried 1 time(s); retry policy is RetryUpToMaximumCountWithFixedSleep(maxRetries=2147483647, sleepTime=1000 MILLISECONDS)
om_1        | OM initialization succeeded.Current cluster id for sd=/data/metadata/om;cid=CID-d0deb3eb-c710-4800-9752-3845eae56920
kdc_1       | Oct 21 09:53:08 kdc kadmind[15](Notice): Request: kadm5_init, admin/admin@EXAMPLE.COM, success, client=admin/admin@EXAMPLE.COM, service=kadmin/admin@EXAMPLE.COM, addr=127.0.0.1, vers=4, flavor=6
datanode_1  | 2019-10-21 09:53:22,240 [main] INFO       - Added Volume : /data/hdds/hdds to VolumeSet
kms_1       | INFO: Root resource classes found:
recon_1     | 	at picocli.CommandLine$RunLast.handle(CommandLine.java:1335)
datanode_2  | 2019-10-21 09:53:20,625 INFO ipc.Client: Retrying connect to server: scm/172.18.0.6:9961. Already tried 2 time(s); retry policy is RetryUpToMaximumCountWithFixedSleep(maxRetries=2147483647, sleepTime=1000 MILLISECONDS)
s3g_1       | 52af989105f0e2e28e24b75761c006ce649ac9e1c5fb3ec6ca64acd24f24433e, signature=fabd6870e1a554fc82f6208be325cb6af2ee3bc2a835eceac5e552efd6b09bf1, awsAccessKeyId=dlfknslnfslf
scm_1       | 2019-10-21 09:53:18,401 INFO db.DBStoreBuilder: Using default column profile:DBProfile.DISK for Table:deletedBlocks
datanode_3  | 2019-10-21 09:53:19,876 INFO ipc.Client: Retrying connect to server: scm/172.18.0.6:9961. Already tried 2 time(s); retry policy is RetryUpToMaximumCountWithFixedSleep(maxRetries=2147483647, sleepTime=1000 MILLISECONDS)
om_1        | 2019-10-21 09:53:23,038 [shutdown-hook-0] INFO       - SHUTDOWN_MSG: 
kdc_1       | Oct 21 09:53:08 kdc kadmind[15](Notice): Request: kadm5_get_policy, default, Policy does not exist, client=admin/admin@EXAMPLE.COM, service=kadmin/admin@EXAMPLE.COM, addr=127.0.0.1
datanode_1  | 2019-10-21 09:53:22,249 [main] INFO       - Scheduling a check for org.apache.hadoop.ozone.container.common.volume.HddsVolume@504e1599
kms_1       |   class org.apache.hadoop.crypto.key.kms.server.KMS
recon_1     | 	at picocli.CommandLine$AbstractParseResultHandler.handleParseResult(CommandLine.java:1243)
datanode_2  | 2019-10-21 09:53:22,230 [main] INFO       - Successfully stored SCM signed certificate, case:GETCERT.
s3g_1       | 2019-10-21 10:00:29,092 WARN ipc.Client: Exception encountered while connecting to the server : org.apache.hadoop.ipc.RemoteException(org.apache.hadoop.security.token.SecretManager$InvalidToken): No S3 secret found for S3 identifier:OzoneToken owner=dlfknslnfslf, renewer=, realUser=, issueDate=0, maxDate=0, sequenceNumber=0, masterKeyId=0, strToSign=AWS4-HMAC-SHA256
scm_1       | 2019-10-21 09:53:18,402 INFO db.DBStoreBuilder: using custom profile for table: validCerts
datanode_3  | 2019-10-21 09:53:22,021 [main] INFO       - Successfully stored SCM signed certificate, case:GETCERT.
om_1        | /************************************************************
kdc_1       | Oct 21 09:53:08 kdc kadmind[15](Notice): Request: kadm5_create_principal, scm/s3g@EXAMPLE.COM, success, client=admin/admin@EXAMPLE.COM, service=kadmin/admin@EXAMPLE.COM, addr=127.0.0.1
datanode_1  | 2019-10-21 09:53:22,273 [main] INFO       - Scheduled health check for volume org.apache.hadoop.ozone.container.common.volume.HddsVolume@504e1599
kms_1       | Oct 21, 2019 9:53:18 AM com.sun.jersey.api.core.ScanningResourceConfig logClasses
recon_1     | 	at picocli.CommandLine.parseWithHandlers(CommandLine.java:1526)
datanode_2  | 2019-10-21 09:53:22,274 [main] INFO       - Creating Volume: /data/hdds/hdds of  storage type : DISK and capacity : 10908285698048
s3g_1       | 20191021T100029Z
scm_1       | 2019-10-21 09:53:18,402 INFO db.DBStoreBuilder: Using default column profile:DBProfile.DISK for Table:validCerts
datanode_3  | 2019-10-21 09:53:22,242 [main] INFO       - Creating Volume: /data/hdds/hdds of  storage type : DISK and capacity : 10908285698048
scm_1       | 2019-10-21 09:53:18,402 INFO db.DBStoreBuilder: using custom profile for table: revokedCerts
kdc_1       | Oct 21 09:53:08 kdc kadmind[15](info): closing down fd 18
kms_1       | INFO: Provider classes found:
datanode_1  | 2019-10-21 09:53:22,748 WARN scm.HddsServerUtil: Storage directory for Ratis is not configured. It is a good idea to map this to an SSD disk. Falling back to ozone.metadata.dirs
recon_1     | 	at picocli.CommandLine.parseWithHandler(CommandLine.java:1465)
datanode_2  | 2019-10-21 09:53:22,276 [main] INFO       - Added Volume : /data/hdds/hdds to VolumeSet
s3g_1       | 20191021/us-west-1/s3/aws4_request
om_1        | SHUTDOWN_MSG: Shutting down OzoneManager at om/172.18.0.8
datanode_3  | 2019-10-21 09:53:22,245 [main] INFO       - Added Volume : /data/hdds/hdds to VolumeSet
scm_1       | 2019-10-21 09:53:18,402 INFO db.DBStoreBuilder: Using default column profile:DBProfile.DISK for Table:revokedCerts
kdc_1       | Oct 21 09:53:08 kdc kadmind[15](Notice): Request: kadm5_init, admin/admin@EXAMPLE.COM, success, client=admin/admin@EXAMPLE.COM, service=kadmin/admin@EXAMPLE.COM, addr=127.0.0.1, vers=4, flavor=6
kms_1       |   class org.apache.hadoop.crypto.key.kms.server.KMSJSONWriter
recon_1     | 	at org.apache.hadoop.hdds.cli.GenericCli.execute(GenericCli.java:65)
datanode_1  | 2019-10-21 09:53:22,782 INFO impl.RaftServerProxy: raft.rpc.type = GRPC (default)
datanode_2  | 2019-10-21 09:53:22,286 [main] INFO       - Scheduling a check for org.apache.hadoop.ozone.container.common.volume.HddsVolume@32f0c7f8
s3g_1       | 52af989105f0e2e28e24b75761c006ce649ac9e1c5fb3ec6ca64acd24f24433e, signature=fabd6870e1a554fc82f6208be325cb6af2ee3bc2a835eceac5e552efd6b09bf1, awsAccessKeyId=dlfknslnfslf
datanode_3  | 2019-10-21 09:53:22,253 [main] INFO       - Scheduling a check for org.apache.hadoop.ozone.container.common.volume.HddsVolume@32f0c7f8
om_1        | ************************************************************/
scm_1       | 2019-10-21 09:53:18,411 INFO db.DBStoreBuilder: using custom profile for table: default
kdc_1       | Oct 21 09:53:08 kdc kadmind[15](Notice): Request: kadm5_randkey_principal, scm/s3g@EXAMPLE.COM, success, client=admin/admin@EXAMPLE.COM, service=kadmin/admin@EXAMPLE.COM, addr=127.0.0.1
kms_1       |   class org.apache.hadoop.crypto.key.kms.server.KMSExceptionsProvider
recon_1     | 	at org.apache.hadoop.hdds.cli.GenericCli.run(GenericCli.java:56)
datanode_1  | 2019-10-21 09:53:22,844 INFO grpc.GrpcConfigKeys$Server: raft.grpc.server.port = 9858 (custom)
datanode_2  | 2019-10-21 09:53:22,313 [main] INFO       - Scheduled health check for volume org.apache.hadoop.ozone.container.common.volume.HddsVolume@32f0c7f8
s3g_1       | 2019-10-21 10:00:29,093 INFO retry.RetryInvocationHandler: com.google.protobuf.ServiceException: org.apache.hadoop.ipc.RemoteException(org.apache.hadoop.security.token.SecretManager$InvalidToken): No S3 secret found for S3 identifier:OzoneToken owner=dlfknslnfslf, renewer=, realUser=, issueDate=0, maxDate=0, sequenceNumber=0, masterKeyId=0, strToSign=AWS4-HMAC-SHA256
datanode_3  | 2019-10-21 09:53:22,276 [main] INFO       - Scheduled health check for volume org.apache.hadoop.ozone.container.common.volume.HddsVolume@32f0c7f8
om_1        | 2019-10-21 09:53:24,026 [main] INFO       - STARTUP_MSG: 
scm_1       | 2019-10-21 09:53:18,411 INFO db.DBStoreBuilder: Using default column profile:DBProfile.DISK for Table:default
kdc_1       | Oct 21 09:53:08 kdc kadmind[15](Notice): Request: kadm5_get_principal, scm/s3g@EXAMPLE.COM, success, client=admin/admin@EXAMPLE.COM, service=kadmin/admin@EXAMPLE.COM, addr=127.0.0.1
kms_1       |   class org.apache.hadoop.crypto.key.kms.server.KMSJSONReader
recon_1     | 	at org.apache.hadoop.ozone.recon.ReconServer.main(ReconServer.java:52)
datanode_1  | 2019-10-21 09:53:22,845 INFO server.GrpcService: raft.grpc.message.size.max = 33570816 (custom)
datanode_2  | 2019-10-21 09:53:22,789 WARN scm.HddsServerUtil: Storage directory for Ratis is not configured. It is a good idea to map this to an SSD disk. Falling back to ozone.metadata.dirs
s3g_1       | 20191021T100029Z
datanode_3  | 2019-10-21 09:53:22,688 WARN scm.HddsServerUtil: Storage directory for Ratis is not configured. It is a good idea to map this to an SSD disk. Falling back to ozone.metadata.dirs
om_1        | /************************************************************
scm_1       | 2019-10-21 09:53:18,412 INFO db.DBStoreBuilder: Using default options. DBProfile.DISK
kdc_1       | Oct 21 09:53:08 kdc kadmind[15](info): closing down fd 18
kms_1       | Oct 21, 2019 9:53:19 AM com.sun.jersey.server.impl.application.WebApplicationImpl _initiate
datanode_1  | 2019-10-21 09:53:22,847 INFO server.RaftServerConfigKeys: raft.server.log.appender.buffer.byte-limit = 33554432 (custom)
datanode_2  | 2019-10-21 09:53:22,816 INFO impl.RaftServerProxy: raft.rpc.type = GRPC (default)
s3g_1       | 20191021/us-west-1/s3/aws4_request
datanode_3  | 2019-10-21 09:53:22,713 INFO impl.RaftServerProxy: raft.rpc.type = GRPC (default)
om_1        | STARTUP_MSG: Starting OzoneManager
kdc_1       | Oct 21 09:53:08 kdc kadmind[15](Notice): Request: kadm5_init, admin/admin@EXAMPLE.COM, success, client=admin/admin@EXAMPLE.COM, service=kadmin/admin@EXAMPLE.COM, addr=127.0.0.1, vers=4, flavor=6
scm_1       | 2019-10-21 09:53:19,826 INFO ipc.CallQueueManager: Using callQueue: class java.util.concurrent.LinkedBlockingQueue, queueCapacity: 200, scheduler: class org.apache.hadoop.ipc.DefaultRpcScheduler, ipcBackoff: false.
kms_1       | INFO: Initiating Jersey application, version 'Jersey: 1.19 02/11/2015 03:25 AM'
datanode_1  | 2019-10-21 09:53:22,847 INFO server.GrpcService: raft.grpc.flow.control.window = 1MB (=1048576) (default)
datanode_2  | 2019-10-21 09:53:22,874 INFO grpc.GrpcConfigKeys$Server: raft.grpc.server.port = 9858 (custom)
s3g_1       | 52af989105f0e2e28e24b75761c006ce649ac9e1c5fb3ec6ca64acd24f24433e, signature=fabd6870e1a554fc82f6208be325cb6af2ee3bc2a835eceac5e552efd6b09bf1, awsAccessKeyId=dlfknslnfslf, while invoking $Proxy83.submitRequest over nodeId=null,nodeAddress=om:9862 after 1 failover attempts. Trying to failover immediately.
datanode_3  | 2019-10-21 09:53:22,776 INFO grpc.GrpcConfigKeys$Server: raft.grpc.server.port = 9858 (custom)
om_1        | STARTUP_MSG:   host = om/172.18.0.8
kdc_1       | Oct 21 09:53:08 kdc kadmind[15](Notice): Request: kadm5_get_policy, default, Policy does not exist, client=admin/admin@EXAMPLE.COM, service=kadmin/admin@EXAMPLE.COM, addr=127.0.0.1
scm_1       | 2019-10-21 09:53:19,855 INFO ipc.Server: Starting Socket Reader #1 for port 9961
datanode_1  | 2019-10-21 09:53:22,848 INFO server.RaftServerConfigKeys: raft.server.rpc.request.timeout = 3000ms (default)
datanode_2  | 2019-10-21 09:53:22,876 INFO server.GrpcService: raft.grpc.message.size.max = 33570816 (custom)
s3g_1       | 2019-10-21 10:00:29,099 WARN ipc.Client: Exception encountered while connecting to the server : org.apache.hadoop.ipc.RemoteException(org.apache.hadoop.security.token.SecretManager$InvalidToken): No S3 secret found for S3 identifier:OzoneToken owner=dlfknslnfslf, renewer=, realUser=, issueDate=0, maxDate=0, sequenceNumber=0, masterKeyId=0, strToSign=AWS4-HMAC-SHA256
datanode_3  | 2019-10-21 09:53:22,777 INFO server.GrpcService: raft.grpc.message.size.max = 33570816 (custom)
om_1        | STARTUP_MSG:   args = []
kdc_1       | Oct 21 09:53:08 kdc kadmind[15](Notice): Request: kadm5_create_principal, dn/scm@EXAMPLE.COM, success, client=admin/admin@EXAMPLE.COM, service=kadmin/admin@EXAMPLE.COM, addr=127.0.0.1
scm_1       | 2019-10-21 09:53:19,947 INFO net.NodeSchemaLoader: Loading file from java.lang.CompoundEnumeration@69cac930
datanode_1  | 2019-10-21 09:53:22,982 INFO server.RaftServerConfigKeys: raft.server.storage.dir = [/data/metadata/ratis] (custom)
datanode_2  | 2019-10-21 09:53:22,878 INFO server.RaftServerConfigKeys: raft.server.log.appender.buffer.byte-limit = 33554432 (custom)
s3g_1       | 20191021T100029Z
datanode_3  | 2019-10-21 09:53:22,779 INFO server.RaftServerConfigKeys: raft.server.log.appender.buffer.byte-limit = 33554432 (custom)
om_1        | STARTUP_MSG:   version = 3.2.0
kdc_1       | Oct 21 09:53:08 kdc kadmind[15](info): closing down fd 18
scm_1       | 2019-10-21 09:53:19,948 INFO net.NodeSchemaLoader: Loading network topology layer schema file
datanode_1  | 2019-10-21 09:53:23,057 INFO hdfs.DFSUtil: Starting web server as: HTTP/d82b443bf468@EXAMPLE.COM
s3g_1       | 20191021/us-west-1/s3/aws4_request
datanode_3  | 2019-10-21 09:53:22,780 INFO server.GrpcService: raft.grpc.flow.control.window = 1MB (=1048576) (default)
kdc_1       | Oct 21 09:53:08 kdc kadmind[15](Notice): Request: kadm5_init, admin/admin@EXAMPLE.COM, success, client=admin/admin@EXAMPLE.COM, service=kadmin/admin@EXAMPLE.COM, addr=127.0.0.1, vers=4, flavor=6
datanode_2  | 2019-10-21 09:53:22,878 INFO server.GrpcService: raft.grpc.flow.control.window = 1MB (=1048576) (default)
scm_1       | 2019-10-21 09:53:20,011 INFO node.SCMNodeManager: Entering startup safe mode.
s3g_1       | 52af989105f0e2e28e24b75761c006ce649ac9e1c5fb3ec6ca64acd24f24433e, signature=fabd6870e1a554fc82f6208be325cb6af2ee3bc2a835eceac5e552efd6b09bf1, awsAccessKeyId=dlfknslnfslf
datanode_1  | 2019-10-21 09:53:23,058 INFO hdfs.DFSUtil: Starting Web-server for hddsDatanode at: http://0.0.0.0:9882
om_1        | STARTUP_MSG:   classpath = /etc/hadoop:/opt/hadoop/share/hadoop/common/*:/opt/hadoop/share/ozone/lib/ratis-common-0.5.0-201fc85-SNAPSHOT.jar:/opt/hadoop/share/ozone/lib/ratis-grpc-0.5.0-201fc85-SNAPSHOT.jar:/opt/hadoop/share/ozone/lib/kerb-simplekdc-1.0.1.jar:/opt/hadoop/share/ozone/lib/protobuf-java-2.5.0.jar:/opt/hadoop/share/ozone/lib/bcpkix-jdk15on-1.60.jar:/opt/hadoop/share/ozone/lib/sqlite-jdbc-3.25.2.jar:/opt/hadoop/share/ozone/lib/netty-3.10.5.Final.jar:/opt/hadoop/share/ozone/lib/commons-validator-1.6.jar:/opt/hadoop/share/ozone/lib/jaxb-impl-2.3.0.1.jar:/opt/hadoop/share/ozone/lib/kerb-core-1.0.1.jar:/opt/hadoop/share/ozone/lib/hadoop-ozone-common-0.5.0-SNAPSHOT.jar:/opt/hadoop/share/ozone/lib/ratis-thirdparty-misc-0.2.0.jar:/opt/hadoop/share/ozone/lib/jsr305-3.0.0.jar:/opt/hadoop/share/ozone/lib/leveldbjni-all-1.8.jar:/opt/hadoop/share/ozone/lib/ratis-proto-0.5.0-201fc85-SNAPSHOT.jar:/opt/hadoop/share/ozone/lib/htrace-core4-4.1.0-incubating.jar:/opt/hadoop/share/ozone/lib/hadoop-annotations-3.2.0.jar:/opt/hadoop/share/ozone/lib/hadoop-hdds-tools-0.5.0-SNAPSHOT.jar:/opt/hadoop/share/ozone/lib/kerb-util-1.0.1.jar:/opt/hadoop/share/ozone/lib/dropwizard-metrics-hadoop-metrics2-reporter-0.1.2.jar:/opt/hadoop/share/ozone/lib/jackson-jaxrs-1.9.13.jar:/opt/hadoop/share/ozone/lib/ratis-metrics-0.5.0-201fc85-SNAPSHOT.jar:/opt/hadoop/share/ozone/lib/kerby-xdr-1.0.1.jar:/opt/hadoop/share/ozone/lib/jetty-webapp-9.3.25.v20180904.jar:/opt/hadoop/share/ozone/lib/jackson-core-asl-1.9.13.jar:/opt/hadoop/share/ozone/lib/commons-net-3.6.jar:/opt/hadoop/share/ozone/lib/log4j-api-2.11.0.jar:/opt/hadoop/share/ozone/lib/netty-all-4.0.52.Final.jar:/opt/hadoop/share/ozone/lib/hadoop-hdfs-3.2.0.jar:/opt/hadoop/share/ozone/lib/jline-0.9.94.jar:/opt/hadoop/share/ozone/lib/opentracing-api-0.31.0.jar:/opt/hadoop/share/ozone/lib/hadoop-hdds-server-framework-0.5.0-SNAPSHOT.jar:/opt/hadoop/share/ozone/lib/slf4j-log4j12-1.7.25.jar:/opt/hadoop/share/ozone/lib/hadoop-hdfs-client-3.2.0.jar:/opt/hadoop/share/ozone/lib/kerby-config-1.0.1.jar:/opt/hadoop/share/ozone/lib/jetty-util-9.3.25.v20180904.jar:/opt/hadoop/share/ozone/lib/metrics-ganglia-3.2.5.jar:/opt/hadoop/share/ozone/lib/libthrift-0.12.0.jar:/opt/hadoop/share/ozone/lib/metrics-core-3.2.4.jar:/opt/hadoop/share/ozone/lib/kerby-pkix-1.0.1.jar:/opt/hadoop/share/ozone/lib/xz-1.0.jar:/opt/hadoop/share/ozone/lib/hadoop-hdds-config-0.5.0-SNAPSHOT.jar:/opt/hadoop/share/ozone/lib/nimbus-jose-jwt-4.41.1.jar:/opt/hadoop/share/ozone/lib/jsr311-api-1.1.1.jar:/opt/hadoop/share/ozone/lib/commons-beanutils-1.9.4.jar:/opt/hadoop/share/ozone/lib/javax.servlet-api-3.1.0.jar:/opt/hadoop/share/ozone/lib/kerb-server-1.0.1.jar:/opt/hadoop/share/ozone/lib/zookeeper-3.4.13.jar:/opt/hadoop/share/ozone/lib/avro-1.7.7.jar:/opt/hadoop/share/ozone/lib/kerb-client-1.0.1.jar:/opt/hadoop/share/ozone/lib/jackson-xc-1.9.13.jar:/opt/hadoop/share/ozone/lib/disruptor-3.4.2.jar:/opt/hadoop/share/ozone/lib/guava-11.0.2.jar:/opt/hadoop/share/ozone/lib/hadoop-hdds-common-0.5.0-SNAPSHOT.jar:/opt/hadoop/share/ozone/lib/curator-framework-2.12.0.jar:/opt/hadoop/share/ozone/lib/dnsjava-2.1.7.jar:/opt/hadoop/share/ozone/lib/ratis-client-0.5.0-201fc85-SNAPSHOT.jar:/opt/hadoop/share/ozone/lib/commons-configuration2-2.1.1.jar:/opt/hadoop/share/ozone/lib/json-smart-2.3.jar:/opt/hadoop/share/ozone/lib/token-provider-1.0.1.jar:/opt/hadoop/share/ozone/lib/log4j-1.2.17.jar:/opt/hadoop/share/ozone/lib/commons-daemon-1.0.13.jar:/opt/hadoop/share/ozone/lib/bcprov-jdk15on-1.60.jar:/opt/hadoop/share/ozone/lib/commons-lang3-3.7.jar:/opt/hadoop/share/ozone/lib/commons-compress-1.4.1.jar:/opt/hadoop/share/ozone/lib/jaeger-client-0.34.0.jar:/opt/hadoop/share/ozone/lib/jetty-server-9.3.25.v20180904.jar:/opt/hadoop/share/ozone/lib/accessors-smart-1.2.jar:/opt/hadoop/share/ozone/lib/re2j-1.1.jar:/opt/hadoop/share/ozone/lib/curator-recipes-2.12.0.jar:/opt/hadoop/share/ozone/lib/jackson-core-2.9.9.jar:/opt/hadoop/share/ozone/lib/commons-math3-3.1.1.jar:/opt/hadoop/share/ozone/lib/gmetric4j-1.0.7.jar:/opt/hadoop/share/ozone/lib/opentracing-noop-0.31.0.jar:/opt/hadoop/share/ozone/lib/httpclient-4.5.2.jar:/opt/hadoop/share/ozone/lib/jaeger-core-0.34.0.jar:/opt/hadoop/share/ozone/lib/asm-5.0.4.jar:/opt/hadoop/share/ozone/lib/curator-client-2.12.0.jar:/opt/hadoop/share/ozone/lib/audience-annotations-0.5.0.jar:/opt/hadoop/share/ozone/lib/kerby-util-1.0.1.jar:/opt/hadoop/share/ozone/lib/jackson-mapper-asl-1.9.13.jar:/opt/hadoop/share/ozone/lib/rocksdbjni-6.0.1.jar:/opt/hadoop/share/ozone/lib/jsp-api-2.1.jar:/opt/hadoop/share/ozone/lib/jsch-0.1.54.jar:/opt/hadoop/share/ozone/lib/opentracing-tracerresolver-0.1.5.jar:/opt/hadoop/share/ozone/lib/paranamer-2.3.jar:/opt/hadoop/share/ozone/lib/log4j-core-2.11.0.jar:/opt/hadoop/share/ozone/lib/jetty-io-9.3.25.v20180904.jar:/opt/hadoop/share/ozone/lib/jetty-xml-9.3.25.v20180904.jar:/opt/hadoop/share/ozone/lib/commons-codec-1.11.jar:/opt/hadoop/share/ozone/lib/commons-pool2-2.6.0.jar:/opt/hadoop/share/ozone/lib/gson-2.2.4.jar:/opt/hadoop/share/ozone/lib/jcip-annotations-1.0-1.jar:/opt/hadoop/share/ozone/lib/kerb-admin-1.0.1.jar:/opt/hadoop/share/ozone/lib/okio-1.13.0.jar:/opt/hadoop/share/ozone/lib/commons-io-2.5.jar:/opt/hadoop/share/ozone/lib/snakeyaml-1.16.jar:/opt/hadoop/share/ozone/lib/hadoop-ozone-client-0.5.0-SNAPSHOT.jar:/opt/hadoop/share/ozone/lib/ratis-netty-0.5.0-201fc85-SNAPSHOT.jar:/opt/hadoop/share/ozone/lib/jersey-core-1.19.jar:/opt/hadoop/share/ozone/lib/jackson-databind-2.9.9.jar:/opt/hadoop/share/ozone/lib/hadoop-hdds-container-service-0.5.0-SNAPSHOT.jar:/opt/hadoop/share/ozone/lib/picocli-3.9.6.jar:/opt/hadoop/share/ozone/lib/jaeger-thrift-0.34.0.jar:/opt/hadoop/share/ozone/lib/jackson-annotations-2.9.9.jar:/opt/hadoop/share/ozone/lib/commons-cli-1.2.jar:/opt/hadoop/share/ozone/lib/hadoop-hdds-docs-0.5.0-SNAPSHOT.jar:/opt/hadoop/share/ozone/lib/woodstox-core-5.0.3.jar:/opt/hadoop/share/ozone/lib/javax.annotation-api-1.2.jar:/opt/hadoop/share/ozone/lib/snappy-java-1.0.5.jar:/opt/hadoop/share/ozone/lib/jaeger-tracerresolver-0.34.0.jar:/opt/hadoop/share/ozone/lib/jetty-security-9.3.25.v20180904.jar:/opt/hadoop/share/ozone/lib/jetty-http-9.3.25.v20180904.jar:/opt/hadoop/share/ozone/lib/kerby-asn1-1.0.1.jar:/opt/hadoop/share/ozone/lib/okhttp-3.9.0.jar:/opt/hadoop/share/ozone/lib/ratis-server-0.5.0-201fc85-SNAPSHOT.jar:/opt/hadoop/share/ozone/lib/stax2-api-3.1.4.jar:/opt/hadoop/share/ozone/lib/commons-digester-1.8.1.jar:/opt/hadoop/share/ozone/lib/commons-collections-3.2.2.jar:/opt/hadoop/share/ozone/lib/jettison-1.1.jar:/opt/hadoop/share/ozone/lib/commons-text-1.4.jar:/opt/hadoop/share/ozone/lib/jersey-servlet-1.19.jar:/opt/hadoop/share/ozone/lib/jersey-json-1.19.jar:/opt/hadoop/share/ozone/lib/slf4j-api-1.7.25.jar:/opt/hadoop/share/ozone/lib/jetty-util-ajax-9.3.25.v20180904.jar:/opt/hadoop/share/ozone/lib/commons-logging-1.1.3.jar:/opt/hadoop/share/ozone/lib/hadoop-hdds-client-0.5.0-SNAPSHOT.jar:/opt/hadoop/share/ozone/lib/kerb-identity-1.0.1.jar:/opt/hadoop/share/ozone/lib/opentracing-util-0.31.0.jar:/opt/hadoop/share/ozone/lib/hadoop-common-3.2.0.jar:/opt/hadoop/share/ozone/lib/hadoop-auth-3.2.0.jar:/opt/hadoop/share/ozone/lib/kerb-common-1.0.1.jar:/opt/hadoop/share/ozone/lib/jetty-servlet-9.3.25.v20180904.jar:/opt/hadoop/share/ozone/lib/jersey-server-1.19.jar:/opt/hadoop/share/ozone/lib/kerb-crypto-1.0.1.jar:/opt/hadoop/share/ozone/lib/httpcore-4.4.4.jar:/opt/hadoop/share/ozone/lib/metrics-jvm-3.2.5.jar:/opt/hadoop/share/ozone/web:/opt/hadoop/share/ozone/lib/hadoop-ozone-ozone-manager-0.5.0-SNAPSHOT.jar
kdc_1       | Oct 21 09:53:08 kdc kadmind[15](Notice): Request: kadm5_randkey_principal, dn/scm@EXAMPLE.COM, success, client=admin/admin@EXAMPLE.COM, service=kadmin/admin@EXAMPLE.COM, addr=127.0.0.1
datanode_3  | 2019-10-21 09:53:22,780 INFO server.RaftServerConfigKeys: raft.server.rpc.request.timeout = 3000ms (default)
datanode_2  | 2019-10-21 09:53:22,879 INFO server.RaftServerConfigKeys: raft.server.rpc.request.timeout = 3000ms (default)
scm_1       | 2019-10-21 09:53:20,110 INFO algorithms.ContainerPlacementPolicyFactory: Create container placement policy of type org.apache.hadoop.hdds.scm.container.placement.algorithms.SCMContainerPlacementRandom
s3g_1       | 2019-10-21 10:00:29,099 INFO retry.RetryInvocationHandler: com.google.protobuf.ServiceException: org.apache.hadoop.ipc.RemoteException(org.apache.hadoop.security.token.SecretManager$InvalidToken): No S3 secret found for S3 identifier:OzoneToken owner=dlfknslnfslf, renewer=, realUser=, issueDate=0, maxDate=0, sequenceNumber=0, masterKeyId=0, strToSign=AWS4-HMAC-SHA256
datanode_1  | 2019-10-21 09:53:23,085 INFO util.log: Logging initialized @9196ms
kdc_1       | Oct 21 09:53:08 kdc kadmind[15](Notice): Request: kadm5_get_principal, dn/scm@EXAMPLE.COM, success, client=admin/admin@EXAMPLE.COM, service=kadmin/admin@EXAMPLE.COM, addr=127.0.0.1
datanode_3  | 2019-10-21 09:53:22,911 INFO server.RaftServerConfigKeys: raft.server.storage.dir = [/data/metadata/ratis] (custom)
om_1        | STARTUP_MSG:   build = https://github.com/apache/hadoop.git -r e97acb3bd8f3befd27418996fa5d4b50bf2e17bf; compiled by 'sunilg' on 2019-01-15T17:34Z
datanode_2  | 2019-10-21 09:53:23,002 INFO server.RaftServerConfigKeys: raft.server.storage.dir = [/data/metadata/ratis] (custom)
scm_1       | 2019-10-21 09:53:20,222 WARN server.ServerUtils: ozone.scm.db.dirs is not configured. We recommend adding this setting. Falling back to ozone.metadata.dirs instead.
s3g_1       | 20191021T100029Z
datanode_1  | 2019-10-21 09:53:23,170 INFO server.AuthenticationFilter: Unable to initialize FileSignerSecretProvider, falling back to use random secrets.
kdc_1       | Oct 21 09:53:08 kdc kadmind[15](info): closing down fd 18
datanode_3  | 2019-10-21 09:53:23,001 INFO hdfs.DFSUtil: Starting web server as: HTTP/3bf7077c6812@EXAMPLE.COM
om_1        | STARTUP_MSG:   java = 11.0.3
datanode_2  | 2019-10-21 09:53:23,084 INFO hdfs.DFSUtil: Starting web server as: HTTP/6da3d8f262ed@EXAMPLE.COM
scm_1       | 2019-10-21 09:53:20,326 INFO pipeline.SCMPipelineManager: No pipeline exists in current db
datanode_1  | 2019-10-21 09:53:23,172 INFO http.HttpRequestLog: Http request log for http.requests.hddsDatanode is not defined
s3g_1       | 20191021/us-west-1/s3/aws4_request
kdc_1       | Oct 21 09:53:08 kdc kadmind[15](Notice): Request: kadm5_init, admin/admin@EXAMPLE.COM, success, client=admin/admin@EXAMPLE.COM, service=kadmin/admin@EXAMPLE.COM, addr=127.0.0.1, vers=4, flavor=6
datanode_3  | 2019-10-21 09:53:23,002 INFO hdfs.DFSUtil: Starting Web-server for hddsDatanode at: http://0.0.0.0:9882
om_1        | ************************************************************/
datanode_2  | 2019-10-21 09:53:23,084 INFO hdfs.DFSUtil: Starting Web-server for hddsDatanode at: http://0.0.0.0:9882
scm_1       | 2019-10-21 09:53:20,328 WARN server.ServerUtils: ozone.scm.db.dirs is not configured. We recommend adding this setting. Falling back to ozone.metadata.dirs instead.
datanode_1  | 2019-10-21 09:53:23,178 INFO http.HttpServer2: Added global filter 'safety' (class=org.apache.hadoop.http.HttpServer2$QuotingInputFilter)
s3g_1       | 52af989105f0e2e28e24b75761c006ce649ac9e1c5fb3ec6ca64acd24f24433e, signature=fabd6870e1a554fc82f6208be325cb6af2ee3bc2a835eceac5e552efd6b09bf1, awsAccessKeyId=dlfknslnfslf, while invoking $Proxy83.submitRequest over nodeId=null,nodeAddress=om:9862 after 2 failover attempts. Trying to failover immediately.
kdc_1       | Oct 21 09:53:08 kdc kadmind[15](Notice): Request: kadm5_get_policy, default, Policy does not exist, client=admin/admin@EXAMPLE.COM, service=kadmin/admin@EXAMPLE.COM, addr=127.0.0.1
datanode_3  | 2019-10-21 09:53:23,031 INFO util.log: Logging initialized @8597ms
om_1        | 2019-10-21 09:53:24,036 [main] INFO       - registered UNIX signal handlers for [TERM, HUP, INT]
scm_1       | 2019-10-21 09:53:20,485 WARN events.EventQueue: No event handler registered for event TypedEvent{payloadType=SafeModeStatus, name='SafeModeStatus'}
datanode_1  | 2019-10-21 09:53:23,179 INFO http.HttpServer2: Added filter authentication (class=org.apache.hadoop.security.authentication.server.AuthenticationFilter) to context hddsDatanode
datanode_2  | 2019-10-21 09:53:23,105 INFO util.log: Logging initialized @8106ms
s3g_1       | 2019-10-21 10:00:29,106 WARN ipc.Client: Exception encountered while connecting to the server : org.apache.hadoop.ipc.RemoteException(org.apache.hadoop.security.token.SecretManager$InvalidToken): No S3 secret found for S3 identifier:OzoneToken owner=dlfknslnfslf, renewer=, realUser=, issueDate=0, maxDate=0, sequenceNumber=0, masterKeyId=0, strToSign=AWS4-HMAC-SHA256
kdc_1       | Oct 21 09:53:08 kdc kadmind[15](Notice): Request: kadm5_create_principal, om/3bf7077c6812@EXAMPLE.COM, success, client=admin/admin@EXAMPLE.COM, service=kadmin/admin@EXAMPLE.COM, addr=127.0.0.1
datanode_3  | 2019-10-21 09:53:23,126 INFO server.AuthenticationFilter: Unable to initialize FileSignerSecretProvider, falling back to use random secrets.
om_1        | 2019-10-21 09:53:24,943 [main] INFO       - Configuration either no ozone.om.address set. Falling back to the default OM address om/172.18.0.8:9862
scm_1       | 2019-10-21 09:53:20,848 INFO ipc.CallQueueManager: Using callQueue: class java.util.concurrent.LinkedBlockingQueue, queueCapacity: 1000, scheduler: class org.apache.hadoop.ipc.DefaultRpcScheduler, ipcBackoff: false.
datanode_1  | 2019-10-21 09:53:23,179 INFO http.HttpServer2: Added filter authentication (class=org.apache.hadoop.security.authentication.server.AuthenticationFilter) to context static
datanode_2  | 2019-10-21 09:53:23,190 INFO server.AuthenticationFilter: Unable to initialize FileSignerSecretProvider, falling back to use random secrets.
s3g_1       | 20191021T100029Z
kdc_1       | Oct 21 09:53:08 kdc kadmind[15](info): closing down fd 18
datanode_3  | 2019-10-21 09:53:23,129 INFO http.HttpRequestLog: Http request log for http.requests.hddsDatanode is not defined
om_1        | 2019-10-21 09:53:24,944 [main] INFO       - OM Service ID is not set. Setting it to the default ID: omServiceIdDefault
scm_1       | 2019-10-21 09:53:20,849 INFO ipc.Server: Starting Socket Reader #1 for port 9861
datanode_1  | 2019-10-21 09:53:23,179 INFO http.HttpServer2: Added filter authentication (class=org.apache.hadoop.security.authentication.server.AuthenticationFilter) to context logs
datanode_2  | 2019-10-21 09:53:23,192 INFO http.HttpRequestLog: Http request log for http.requests.hddsDatanode is not defined
s3g_1       | 20191021/us-west-1/s3/aws4_request
kdc_1       | Oct 21 09:53:08 kdc kadmind[15](Notice): Request: kadm5_init, admin/admin@EXAMPLE.COM, success, client=admin/admin@EXAMPLE.COM, service=kadmin/admin@EXAMPLE.COM, addr=127.0.0.1, vers=4, flavor=6
datanode_3  | 2019-10-21 09:53:23,136 INFO http.HttpServer2: Added global filter 'safety' (class=org.apache.hadoop.http.HttpServer2$QuotingInputFilter)
om_1        | 2019-10-21 09:53:24,948 WARN server.ServerUtils: ozone.om.db.dirs is not configured. We recommend adding this setting. Falling back to ozone.metadata.dirs instead.
scm_1       | 2019-10-21 09:53:20,887 INFO ipc.CallQueueManager: Using callQueue: class java.util.concurrent.LinkedBlockingQueue, queueCapacity: 1000, scheduler: class org.apache.hadoop.ipc.DefaultRpcScheduler, ipcBackoff: false.
datanode_1  | 2019-10-21 09:53:23,197 INFO http.HttpServer2: Jetty bound to port 9882
s3g_1       | 52af989105f0e2e28e24b75761c006ce649ac9e1c5fb3ec6ca64acd24f24433e, signature=fabd6870e1a554fc82f6208be325cb6af2ee3bc2a835eceac5e552efd6b09bf1, awsAccessKeyId=dlfknslnfslf
datanode_3  | 2019-10-21 09:53:23,138 INFO http.HttpServer2: Added filter authentication (class=org.apache.hadoop.security.authentication.server.AuthenticationFilter) to context hddsDatanode
kdc_1       | Oct 21 09:53:08 kdc kadmind[15](Notice): Request: kadm5_randkey_principal, om/3bf7077c6812@EXAMPLE.COM, success, client=admin/admin@EXAMPLE.COM, service=kadmin/admin@EXAMPLE.COM, addr=127.0.0.1
datanode_2  | 2019-10-21 09:53:23,198 INFO http.HttpServer2: Added global filter 'safety' (class=org.apache.hadoop.http.HttpServer2$QuotingInputFilter)
om_1        | WARNING: An illegal reflective access operation has occurred
scm_1       | 2019-10-21 09:53:20,888 INFO ipc.Server: Starting Socket Reader #1 for port 9863
datanode_1  | 2019-10-21 09:53:23,198 INFO server.Server: jetty-9.3.25.v20180904, build timestamp: 2018-09-04T21:11:46Z, git hash: 3ce520221d0240229c862b122d2b06c12a625732
s3g_1       | 2019-10-21 10:00:29,107 INFO retry.RetryInvocationHandler: com.google.protobuf.ServiceException: org.apache.hadoop.ipc.RemoteException(org.apache.hadoop.security.token.SecretManager$InvalidToken): No S3 secret found for S3 identifier:OzoneToken owner=dlfknslnfslf, renewer=, realUser=, issueDate=0, maxDate=0, sequenceNumber=0, masterKeyId=0, strToSign=AWS4-HMAC-SHA256
datanode_3  | 2019-10-21 09:53:23,138 INFO http.HttpServer2: Added filter authentication (class=org.apache.hadoop.security.authentication.server.AuthenticationFilter) to context logs
kdc_1       | Oct 21 09:53:08 kdc kadmind[15](Notice): Request: kadm5_get_principal, om/3bf7077c6812@EXAMPLE.COM, success, client=admin/admin@EXAMPLE.COM, service=kadmin/admin@EXAMPLE.COM, addr=127.0.0.1
datanode_2  | 2019-10-21 09:53:23,200 INFO http.HttpServer2: Added filter authentication (class=org.apache.hadoop.security.authentication.server.AuthenticationFilter) to context hddsDatanode
datanode_1  | 2019-10-21 09:53:23,223 INFO server.AuthenticationFilter: Unable to initialize FileSignerSecretProvider, falling back to use random secrets.
om_1        | WARNING: Illegal reflective access by org.apache.hadoop.security.authentication.util.KerberosUtil (file:/opt/hadoop/share/ozone/lib/hadoop-auth-3.2.0.jar) to method sun.security.krb5.Config.getInstance()
datanode_3  | 2019-10-21 09:53:23,138 INFO http.HttpServer2: Added filter authentication (class=org.apache.hadoop.security.authentication.server.AuthenticationFilter) to context static
s3g_1       | 20191021T100029Z
scm_1       | 2019-10-21 09:53:20,929 INFO ipc.CallQueueManager: Using callQueue: class java.util.concurrent.LinkedBlockingQueue, queueCapacity: 1000, scheduler: class org.apache.hadoop.ipc.DefaultRpcScheduler, ipcBackoff: false.
kdc_1       | Oct 21 09:53:08 kdc kadmind[15](info): closing down fd 18
datanode_2  | 2019-10-21 09:53:23,200 INFO http.HttpServer2: Added filter authentication (class=org.apache.hadoop.security.authentication.server.AuthenticationFilter) to context logs
datanode_1  | 2019-10-21 09:53:23,224 INFO server.KerberosAuthenticationHandler: Using keytab /etc/security/keytabs/HTTP.keytab, for principal HTTP/d82b443bf468@EXAMPLE.COM
om_1        | WARNING: Please consider reporting this to the maintainers of org.apache.hadoop.security.authentication.util.KerberosUtil
datanode_3  | 2019-10-21 09:53:23,159 INFO http.HttpServer2: Jetty bound to port 9882
s3g_1       | 20191021/us-west-1/s3/aws4_request
scm_1       | 2019-10-21 09:53:20,931 INFO ipc.Server: Starting Socket Reader #1 for port 9860
kdc_1       | Oct 21 09:53:08 kdc kadmind[15](Notice): Request: kadm5_init, admin/admin@EXAMPLE.COM, success, client=admin/admin@EXAMPLE.COM, service=kadmin/admin@EXAMPLE.COM, addr=127.0.0.1, vers=4, flavor=6
datanode_2  | 2019-10-21 09:53:23,200 INFO http.HttpServer2: Added filter authentication (class=org.apache.hadoop.security.authentication.server.AuthenticationFilter) to context static
datanode_1  | 2019-10-21 09:53:23,227 INFO handler.ContextHandler: Started o.e.j.s.ServletContextHandler@6f9ab79d{/logs,file:///var/log/hadoop/,AVAILABLE}
om_1        | WARNING: Use --illegal-access=warn to enable warnings of further illegal reflective access operations
datanode_3  | 2019-10-21 09:53:23,160 INFO server.Server: jetty-9.3.25.v20180904, build timestamp: 2018-09-04T21:11:46Z, git hash: 3ce520221d0240229c862b122d2b06c12a625732
s3g_1       | 52af989105f0e2e28e24b75761c006ce649ac9e1c5fb3ec6ca64acd24f24433e, signature=fabd6870e1a554fc82f6208be325cb6af2ee3bc2a835eceac5e552efd6b09bf1, awsAccessKeyId=dlfknslnfslf, while invoking $Proxy83.submitRequest over nodeId=null,nodeAddress=om:9862 after 3 failover attempts. Trying to failover immediately.
scm_1       | 2019-10-21 09:53:20,997 INFO hdfs.DFSUtil: Starting web server as: HTTP/scm@EXAMPLE.COM
kdc_1       | Oct 21 09:53:08 kdc kadmind[15](Notice): Request: kadm5_get_policy, default, Policy does not exist, client=admin/admin@EXAMPLE.COM, service=kadmin/admin@EXAMPLE.COM, addr=127.0.0.1
datanode_2  | 2019-10-21 09:53:23,223 INFO http.HttpServer2: Jetty bound to port 9882
datanode_1  | 2019-10-21 09:53:23,227 INFO handler.ContextHandler: Started o.e.j.s.ServletContextHandler@ea00de{/static,jar:file:/opt/hadoop/share/ozone/lib/hadoop-hdds-container-service-0.5.0-SNAPSHOT.jar!/webapps/static,AVAILABLE}
om_1        | WARNING: All illegal access operations will be denied in a future release
datanode_3  | 2019-10-21 09:53:23,188 INFO server.AuthenticationFilter: Unable to initialize FileSignerSecretProvider, falling back to use random secrets.
scm_1       | 2019-10-21 09:53:20,998 INFO hdfs.DFSUtil: Starting Web-server for scm at: http://0.0.0.0:9876
datanode_2  | 2019-10-21 09:53:23,224 INFO server.Server: jetty-9.3.25.v20180904, build timestamp: 2018-09-04T21:11:46Z, git hash: 3ce520221d0240229c862b122d2b06c12a625732
kdc_1       | Oct 21 09:53:08 kdc kadmind[15](Notice): Request: kadm5_create_principal, dn/6da3d8f262ed@EXAMPLE.COM, success, client=admin/admin@EXAMPLE.COM, service=kadmin/admin@EXAMPLE.COM, addr=127.0.0.1
datanode_1  | 2019-10-21 09:53:23,280 INFO server.KerberosAuthenticationHandler: Using keytab /etc/security/keytabs/HTTP.keytab, for principal HTTP/d82b443bf468@EXAMPLE.COM
s3g_1       | 2019-10-21 10:00:29,115 WARN ipc.Client: Exception encountered while connecting to the server : org.apache.hadoop.ipc.RemoteException(org.apache.hadoop.security.token.SecretManager$InvalidToken): No S3 secret found for S3 identifier:OzoneToken owner=dlfknslnfslf, renewer=, realUser=, issueDate=0, maxDate=0, sequenceNumber=0, masterKeyId=0, strToSign=AWS4-HMAC-SHA256
om_1        | 2019-10-21 09:53:25,182 INFO security.UserGroupInformation: Login successful for user om/om@EXAMPLE.COM using keytab file /etc/security/keytabs/om.keytab
datanode_3  | 2019-10-21 09:53:23,189 INFO server.KerberosAuthenticationHandler: Using keytab /etc/security/keytabs/HTTP.keytab, for principal HTTP/3bf7077c6812@EXAMPLE.COM
scm_1       | 2019-10-21 09:53:21,105 INFO server.AuthenticationFilter: Unable to initialize FileSignerSecretProvider, falling back to use random secrets.
datanode_2  | 2019-10-21 09:53:23,254 INFO server.AuthenticationFilter: Unable to initialize FileSignerSecretProvider, falling back to use random secrets.
kdc_1       | Oct 21 09:53:08 kdc kadmind[15](info): closing down fd 18
datanode_1  | 2019-10-21 09:53:23,285 INFO handler.ContextHandler: Started o.e.j.w.WebAppContext@592ca48c{/,file:///tmp/jetty-0.0.0.0-9882-hddsDatanode-_-any-5488945097129261783.dir/webapp/,AVAILABLE}{/hddsDatanode}
om_1        | 2019-10-21 09:53:25,182 [main] INFO       - Ozone Manager login successful.
datanode_3  | 2019-10-21 09:53:23,192 INFO handler.ContextHandler: Started o.e.j.s.ServletContextHandler@4792f119{/logs,file:///var/log/hadoop/,AVAILABLE}
s3g_1       | 20191021T100029Z
scm_1       | 2019-10-21 09:53:21,126 INFO http.HttpRequestLog: Http request log for http.requests.scm is not defined
datanode_2  | 2019-10-21 09:53:23,256 INFO server.KerberosAuthenticationHandler: Using keytab /etc/security/keytabs/HTTP.keytab, for principal HTTP/6da3d8f262ed@EXAMPLE.COM
kdc_1       | Oct 21 09:53:08 kdc kadmind[15](Notice): Request: kadm5_init, admin/admin@EXAMPLE.COM, success, client=admin/admin@EXAMPLE.COM, service=kadmin/admin@EXAMPLE.COM, addr=127.0.0.1, vers=4, flavor=6
om_1        | 2019-10-21 09:53:25,183 WARN server.ServerUtils: ozone.om.db.dirs is not configured. We recommend adding this setting. Falling back to ozone.metadata.dirs instead.
datanode_3  | 2019-10-21 09:53:23,192 INFO handler.ContextHandler: Started o.e.j.s.ServletContextHandler@4cc01c7f{/static,jar:file:/opt/hadoop/share/ozone/lib/hadoop-hdds-container-service-0.5.0-SNAPSHOT.jar!/webapps/static,AVAILABLE}
scm_1       | 2019-10-21 09:53:21,137 INFO http.HttpServer2: Added global filter 'safety' (class=org.apache.hadoop.http.HttpServer2$QuotingInputFilter)
s3g_1       | 20191021/us-west-1/s3/aws4_request
datanode_1  | 2019-10-21 09:53:23,290 INFO server.AbstractConnector: Started ServerConnector@644a3add{HTTP/1.1,[http/1.1]}{0.0.0.0:9882}
datanode_2  | 2019-10-21 09:53:23,259 INFO handler.ContextHandler: Started o.e.j.s.ServletContextHandler@4792f119{/logs,file:///var/log/hadoop/,AVAILABLE}
kdc_1       | Oct 21 09:53:08 kdc kadmind[15](Notice): Request: kadm5_randkey_principal, dn/6da3d8f262ed@EXAMPLE.COM, success, client=admin/admin@EXAMPLE.COM, service=kadmin/admin@EXAMPLE.COM, addr=127.0.0.1
om_1        | 2019-10-21 09:53:25,980 INFO client.OMCertificateClient: Loading certificate from location:/data/metadata/om/certs.
datanode_3  | 2019-10-21 09:53:23,260 INFO server.KerberosAuthenticationHandler: Using keytab /etc/security/keytabs/HTTP.keytab, for principal HTTP/3bf7077c6812@EXAMPLE.COM
scm_1       | 2019-10-21 09:53:21,140 INFO http.HttpServer2: Added filter authentication (class=org.apache.hadoop.security.authentication.server.AuthenticationFilter) to context scm
s3g_1       | 52af989105f0e2e28e24b75761c006ce649ac9e1c5fb3ec6ca64acd24f24433e, signature=fabd6870e1a554fc82f6208be325cb6af2ee3bc2a835eceac5e552efd6b09bf1, awsAccessKeyId=dlfknslnfslf
datanode_1  | 2019-10-21 09:53:23,290 INFO server.Server: Started @9400ms
datanode_2  | 2019-10-21 09:53:23,259 INFO handler.ContextHandler: Started o.e.j.s.ServletContextHandler@4cc01c7f{/static,jar:file:/opt/hadoop/share/ozone/lib/hadoop-hdds-container-service-0.5.0-SNAPSHOT.jar!/webapps/static,AVAILABLE}
kdc_1       | Oct 21 09:53:08 kdc kadmind[15](Notice): Request: kadm5_get_principal, dn/6da3d8f262ed@EXAMPLE.COM, success, client=admin/admin@EXAMPLE.COM, service=kadmin/admin@EXAMPLE.COM, addr=127.0.0.1
om_1        | 2019-10-21 09:53:26,070 INFO client.OMCertificateClient: Added certificate from file:/data/metadata/om/certs/11998361285264036.crt.
datanode_3  | 2019-10-21 09:53:23,265 INFO handler.ContextHandler: Started o.e.j.w.WebAppContext@4017fe2c{/,file:///tmp/jetty-0.0.0.0-9882-hddsDatanode-_-any-7098594358282970729.dir/webapp/,AVAILABLE}{/hddsDatanode}
scm_1       | 2019-10-21 09:53:21,140 INFO http.HttpServer2: Added filter authentication (class=org.apache.hadoop.security.authentication.server.AuthenticationFilter) to context static
s3g_1       | 2019-10-21 10:00:29,116 INFO retry.RetryInvocationHandler: com.google.protobuf.ServiceException: org.apache.hadoop.ipc.RemoteException(org.apache.hadoop.security.token.SecretManager$InvalidToken): No S3 secret found for S3 identifier:OzoneToken owner=dlfknslnfslf, renewer=, realUser=, issueDate=0, maxDate=0, sequenceNumber=0, masterKeyId=0, strToSign=AWS4-HMAC-SHA256
datanode_1  | 2019-10-21 09:53:23,293 INFO impl.MetricsSinkAdapter: Sink prometheus started
datanode_2  | 2019-10-21 09:53:23,311 INFO server.KerberosAuthenticationHandler: Using keytab /etc/security/keytabs/HTTP.keytab, for principal HTTP/6da3d8f262ed@EXAMPLE.COM
kdc_1       | Oct 21 09:53:08 kdc kadmind[15](info): closing down fd 18
om_1        | 2019-10-21 09:53:26,083 INFO client.OMCertificateClient: Added certificate from file:/data/metadata/om/certs/CA-1.crt.
datanode_3  | 2019-10-21 09:53:23,269 INFO server.AbstractConnector: Started ServerConnector@622d7e4{HTTP/1.1,[http/1.1]}{0.0.0.0:9882}
scm_1       | 2019-10-21 09:53:21,140 INFO http.HttpServer2: Added filter authentication (class=org.apache.hadoop.security.authentication.server.AuthenticationFilter) to context logs
s3g_1       | 20191021T100029Z
datanode_1  | 2019-10-21 09:53:23,293 INFO impl.MetricsSystemImpl: Registered sink prometheus
datanode_2  | 2019-10-21 09:53:23,316 INFO handler.ContextHandler: Started o.e.j.w.WebAppContext@4017fe2c{/,file:///tmp/jetty-0.0.0.0-9882-hddsDatanode-_-any-10525492177865215089.dir/webapp/,AVAILABLE}{/hddsDatanode}
kdc_1       | Oct 21 09:53:08 kdc kadmind[15](Notice): Request: kadm5_init, admin/admin@EXAMPLE.COM, success, client=admin/admin@EXAMPLE.COM, service=kadmin/admin@EXAMPLE.COM, addr=127.0.0.1, vers=4, flavor=6
