datanode_1  | 2019-10-22 17:15:09,113 INFO server.RaftServerConfigKeys: raft.server.log.segment.cache.num.max = 2 (custom)
datanode_3  | 2019-10-22 17:15:10,763 INFO segmented.SegmentedRaftLogWorker: new f61857d8-f2e9-4181-8623-008d2d201db0@group-0939538FD119-SegmentedRaftLogWorker for RaftStorage:Storage Directory /data/metadata/ratis/f7d0a05d-ec89-4cbe-a442-0939538fd119
datanode_2  | 2019-10-22 17:15:09,720 INFO server.RaftServerConfigKeys: raft.server.log.segment.cache.num.max = 2 (custom)
om_1        | 2019-10-22 17:15:08,978 INFO server.Server: jetty-9.3.25.v20180904, build timestamp: 2018-09-04T21:11:46Z, git hash: 3ce520221d0240229c862b122d2b06c12a625732
scm_1       | 2019-10-22 17:15:05,173 INFO server.StorageContainerManager: ScmDatanodeProtocl RPC server is listening at /0.0.0.0:9861
datanode_1  | 2019-10-22 17:15:09,117 INFO segmented.SegmentedRaftLogWorker: new fe5b7e35-4f61-4930-ad12-4498567b4f9a@group-17042CDB023F-SegmentedRaftLogWorker for RaftStorage:Storage Directory /data/metadata/ratis/c1c593d1-0520-410e-a5b9-17042cdb023f
om_1        | 2019-10-22 17:15:09,011 INFO handler.ContextHandler: Started o.e.j.s.ServletContextHandler@6a87026{/logs,file:///var/log/hadoop/,AVAILABLE}
datanode_2  | 2019-10-22 17:15:09,727 INFO segmented.SegmentedRaftLogWorker: new df34e9f3-7eff-4fd8-802d-ff160cd887fa@group-F391CE197C19-SegmentedRaftLogWorker for RaftStorage:Storage Directory /data/metadata/ratis/f8d450da-1f40-4baf-af33-f391ce197c19
datanode_3  | 2019-10-22 17:15:10,763 INFO server.RaftServerConfigKeys: raft.server.log.queue.byte-limit = 2147483647 (custom)
scm_1       | 2019-10-22 17:15:05,174 INFO server.SCMDatanodeProtocolServer: RPC server for DataNodes is listening at /0.0.0.0:9861
datanode_1  | 2019-10-22 17:15:09,118 INFO server.RaftServerConfigKeys: raft.server.log.queue.byte-limit = 2147483647 (custom)
om_1        | 2019-10-22 17:15:09,012 INFO handler.ContextHandler: Started o.e.j.s.ServletContextHandler@7ee8130e{/static,jar:file:/opt/hadoop/share/ozone/lib/hadoop-ozone-ozone-manager-0.5.0-SNAPSHOT.jar!/webapps/static,AVAILABLE}
datanode_2  | 2019-10-22 17:15:09,727 INFO server.RaftServerConfigKeys: raft.server.log.queue.byte-limit = 2147483647 (custom)
datanode_3  | 2019-10-22 17:15:10,764 INFO server.RaftServerConfigKeys: raft.server.log.queue.element-limit = 1024 (custom)
scm_1       | 2019-10-22 17:15:05,175 INFO ipc.Server: IPC Server Responder: starting
datanode_1  | 2019-10-22 17:15:09,118 INFO server.RaftServerConfigKeys: raft.server.log.queue.element-limit = 1024 (custom)
om_1        | 2019-10-22 17:15:09,117 INFO handler.ContextHandler: Started o.e.j.w.WebAppContext@42a0501e{/,file:///tmp/jetty-0.0.0.0-9874-ozoneManager-_-any-14094386891907959125.dir/webapp/,AVAILABLE}{/ozoneManager}
datanode_2  | 2019-10-22 17:15:09,728 INFO server.RaftServerConfigKeys: raft.server.log.queue.element-limit = 1024 (custom)
datanode_3  | 2019-10-22 17:15:10,765 INFO server.RaftServerConfigKeys: raft.server.log.segment.size.max = 1048576 (custom)
scm_1       | 2019-10-22 17:15:05,175 INFO ipc.Server: IPC Server listener on 9861: starting
datanode_1  | 2019-10-22 17:15:09,119 INFO server.RaftServerConfigKeys: raft.server.log.segment.size.max = 1048576 (custom)
om_1        | 2019-10-22 17:15:09,125 INFO server.AbstractConnector: Started ServerConnector@1fc713c9{HTTP/1.1,[http/1.1]}{0.0.0.0:9874}
datanode_2  | 2019-10-22 17:15:09,729 INFO server.RaftServerConfigKeys: raft.server.log.segment.size.max = 1048576 (custom)
datanode_3  | 2019-10-22 17:15:10,765 INFO server.RaftServerConfigKeys: raft.server.log.preallocated.size = 16384 (custom)
scm_1       | 2019-10-22 17:15:05,179 INFO http.HttpServer2: Jetty bound to port 9876
datanode_1  | 2019-10-22 17:15:09,119 INFO server.RaftServerConfigKeys: raft.server.log.preallocated.size = 16384 (custom)
om_1        | 2019-10-22 17:15:09,125 INFO server.Server: Started @3492ms
datanode_2  | 2019-10-22 17:15:09,730 INFO server.RaftServerConfigKeys: raft.server.log.preallocated.size = 16384 (custom)
datanode_3  | 2019-10-22 17:15:10,766 INFO server.RaftServerConfigKeys: raft.server.log.write.buffer.size = 33554432 (custom)
scm_1       | 2019-10-22 17:15:05,180 INFO server.Server: jetty-9.3.25.v20180904, build timestamp: 2018-09-04T21:11:46Z, git hash: 3ce520221d0240229c862b122d2b06c12a625732
datanode_1  | 2019-10-22 17:15:09,120 INFO server.RaftServerConfigKeys: raft.server.log.write.buffer.size = 33554432 (custom)
om_1        | 2019-10-22 17:15:09,128 INFO impl.MetricsSinkAdapter: Sink prometheus started
datanode_2  | 2019-10-22 17:15:09,730 INFO server.RaftServerConfigKeys: raft.server.log.write.buffer.size = 33554432 (custom)
datanode_3  | 2019-10-22 17:15:10,766 INFO server.RaftServerConfigKeys: raft.server.log.force.sync.num = 128 (default)
scm_1       | 2019-10-22 17:15:05,209 INFO handler.ContextHandler: Started o.e.j.s.ServletContextHandler@5ce4369b{/logs,file:///var/log/hadoop/,AVAILABLE}
datanode_1  | 2019-10-22 17:15:09,120 INFO server.RaftServerConfigKeys: raft.server.log.force.sync.num = 128 (default)
om_1        | 2019-10-22 17:15:09,128 INFO impl.MetricsSystemImpl: Registered sink prometheus
datanode_2  | 2019-10-22 17:15:09,731 INFO server.RaftServerConfigKeys: raft.server.log.force.sync.num = 128 (default)
datanode_3  | 2019-10-22 17:15:10,767 INFO server.RaftServerConfigKeys: raft.server.log.statemachine.data.sync = true (default)
scm_1       | 2019-10-22 17:15:05,210 INFO handler.ContextHandler: Started o.e.j.s.ServletContextHandler@73017a80{/static,jar:file:/opt/hadoop/share/ozone/lib/hadoop-hdds-server-scm-0.5.0-SNAPSHOT.jar!/webapps/static,AVAILABLE}
datanode_1  | 2019-10-22 17:15:09,121 INFO server.RaftServerConfigKeys: raft.server.log.statemachine.data.sync = true (default)
om_1        | 2019-10-22 17:15:09,131 INFO server.BaseHttpServer: HTTP server of OZONEMANAGER is listening at http://0.0.0.0:9874
scm_1       | 2019-10-22 17:15:05,306 INFO handler.ContextHandler: Started o.e.j.w.WebAppContext@71904469{/,file:///tmp/jetty-0.0.0.0-9876-scm-_-any-2789194666327633898.dir/webapp/,AVAILABLE}{/scm}
datanode_3  | 2019-10-22 17:15:10,767 INFO server.RaftServerConfigKeys: raft.server.log.statemachine.data.sync.timeout = 10s (default)
datanode_2  | 2019-10-22 17:15:09,732 INFO server.RaftServerConfigKeys: raft.server.log.statemachine.data.sync = true (default)
om_1        | 2019-10-22 17:15:25,725 [IPC Server handler 1 on 9862] INFO       - created volume:vol-0-85061 for user:hadoop
datanode_1  | 2019-10-22 17:15:09,121 INFO server.RaftServerConfigKeys: raft.server.log.statemachine.data.sync.timeout = 10s (default)
datanode_3  | 2019-10-22 17:15:10,767 INFO server.RaftServerConfigKeys: raft.server.log.statemachine.data.sync.timeout.retry = -1 (default)
scm_1       | 2019-10-22 17:15:05,313 INFO server.AbstractConnector: Started ServerConnector@2f37f1f9{HTTP/1.1,[http/1.1]}{0.0.0.0:9876}
om_1        | 2019-10-22 17:15:25,756 [IPC Server handler 2 on 9862] INFO       - created volume:vol-1-62414 for user:hadoop
datanode_1  | 2019-10-22 17:15:09,121 INFO server.RaftServerConfigKeys: raft.server.log.statemachine.data.sync.timeout.retry = -1 (default)
datanode_2  | 2019-10-22 17:15:09,732 INFO server.RaftServerConfigKeys: raft.server.log.statemachine.data.sync.timeout = 10s (default)
datanode_3  | 2019-10-22 17:15:10,775 INFO server.RaftServerConfigKeys: raft.server.log.statemachine.data.caching.enabled = true (custom)
scm_1       | 2019-10-22 17:15:05,316 INFO server.Server: Started @2948ms
om_1        | 2019-10-22 17:15:25,768 [IPC Server handler 5 on 9862] INFO       - created volume:vol-2-61366 for user:hadoop
datanode_1  | 2019-10-22 17:15:09,128 INFO server.RaftServerConfigKeys: raft.server.log.statemachine.data.caching.enabled = true (custom)
datanode_2  | 2019-10-22 17:15:09,733 INFO server.RaftServerConfigKeys: raft.server.log.statemachine.data.sync.timeout.retry = -1 (default)
datanode_3  | 2019-10-22 17:15:10,779 INFO segmented.SegmentedRaftLogWorker: f61857d8-f2e9-4181-8623-008d2d201db0@group-0939538FD119-SegmentedRaftLogWorker: flushIndex: setUnconditionally 0 -> -1
scm_1       | 2019-10-22 17:15:05,322 INFO impl.MetricsSinkAdapter: Sink prometheus started
datanode_1  | 2019-10-22 17:15:09,131 INFO segmented.SegmentedRaftLogWorker: fe5b7e35-4f61-4930-ad12-4498567b4f9a@group-17042CDB023F-SegmentedRaftLogWorker: flushIndex: setUnconditionally 0 -> -1
om_1        | 2019-10-22 17:15:25,781 [IPC Server handler 7 on 9862] INFO       - created volume:vol-3-64442 for user:hadoop
datanode_2  | 2019-10-22 17:15:09,743 INFO server.RaftServerConfigKeys: raft.server.log.statemachine.data.caching.enabled = true (custom)
datanode_3  | 2019-10-22 17:15:10,786 INFO server.RaftServerConfigKeys: raft.server.snapshot.auto.trigger.enabled = true (custom)
scm_1       | 2019-10-22 17:15:05,322 INFO impl.MetricsSystemImpl: Registered sink prometheus
datanode_2  | 2019-10-22 17:15:09,749 INFO segmented.SegmentedRaftLogWorker: df34e9f3-7eff-4fd8-802d-ff160cd887fa@group-F391CE197C19-SegmentedRaftLogWorker: flushIndex: setUnconditionally 0 -> -1
datanode_3  | 2019-10-22 17:15:10,787 INFO server.RaftServerConfigKeys: raft.server.snapshot.auto.trigger.threshold = 10000 (custom)
datanode_1  | 2019-10-22 17:15:09,135 INFO server.RaftServerConfigKeys: raft.server.snapshot.auto.trigger.enabled = true (custom)
om_1        | 2019-10-22 17:15:25,794 [IPC Server handler 9 on 9862] INFO       - created volume:vol-4-49472 for user:hadoop
datanode_3  | 2019-10-22 17:15:10,788 INFO server.RaftServerConfigKeys: raft.server.snapshot.retention.file.num = 5 (custom)
scm_1       | 2019-10-22 17:15:05,324 INFO server.BaseHttpServer: HTTP server of SCM is listening at http://0.0.0.0:9876
datanode_2  | 2019-10-22 17:15:09,756 INFO server.RaftServerConfigKeys: raft.server.snapshot.auto.trigger.enabled = true (custom)
datanode_1  | 2019-10-22 17:15:09,135 INFO server.RaftServerConfigKeys: raft.server.snapshot.auto.trigger.threshold = 10000 (custom)
om_1        | 2019-10-22 17:15:39,948 [IPC Server handler 3 on 9862] INFO       - created volume:wmnzp for user:hadoop
datanode_3  | 2019-10-22 17:15:10,789 INFO server.RaftServerConfigKeys: raft.server.retrycache.expirytime = 600000ms (custom)
scm_1       | 2019-10-22 17:15:05,331 INFO util.JvmPauseMonitor: Starting JVM pause monitor
datanode_2  | 2019-10-22 17:15:09,757 INFO server.RaftServerConfigKeys: raft.server.snapshot.auto.trigger.threshold = 10000 (custom)
datanode_1  | 2019-10-22 17:15:09,136 INFO server.RaftServerConfigKeys: raft.server.snapshot.retention.file.num = 5 (custom)
datanode_3  | 2019-10-22 17:15:10,814 WARN impl.MetricRegistriesImpl: First MetricRegistry has been created without registering reporters. You may need to call MetricRegistries.global().addReportRegistration(...) before.
scm_1       | 2019-10-22 17:15:08,135 INFO net.NetworkTopology: Added a new node: /default-rack/fe5b7e35-4f61-4930-ad12-4498567b4f9a
datanode_2  | 2019-10-22 17:15:09,757 INFO server.RaftServerConfigKeys: raft.server.snapshot.retention.file.num = 5 (custom)
datanode_1  | 2019-10-22 17:15:09,136 INFO server.RaftServerConfigKeys: raft.server.retrycache.expirytime = 600000ms (custom)
datanode_3  | 2019-10-22 17:15:10,816 WARN impl.MetricRegistriesImpl: First MetricRegistry has been created without registering reporters. You may need to call MetricRegistries.global().addReportRegistration(...) before.
datanode_2  | 2019-10-22 17:15:09,758 INFO server.RaftServerConfigKeys: raft.server.retrycache.expirytime = 600000ms (custom)
scm_1       | 2019-10-22 17:15:08,135 INFO node.SCMNodeManager: Registered Data node : fe5b7e35-4f61-4930-ad12-4498567b4f9a{ip: 172.18.0.3, host: ozone_datanode_1.ozone_default, networkLocation: /default-rack, certSerialId: null}
datanode_1  | 2019-10-22 17:15:09,151 WARN impl.MetricRegistriesImpl: First MetricRegistry has been created without registering reporters. You may need to call MetricRegistries.global().addReportRegistration(...) before.
datanode_2  | 2019-10-22 17:15:09,784 WARN impl.MetricRegistriesImpl: First MetricRegistry has been created without registering reporters. You may need to call MetricRegistries.global().addReportRegistration(...) before.
datanode_3  | 2019-10-22 17:15:10,818 INFO impl.RaftServerImpl: f61857d8-f2e9-4181-8623-008d2d201db0@group-0939538FD119: start as a follower, conf=-1: [f61857d8-f2e9-4181-8623-008d2d201db0:172.18.0.5:9858], old=null
datanode_1  | 2019-10-22 17:15:09,152 WARN impl.MetricRegistriesImpl: First MetricRegistry has been created without registering reporters. You may need to call MetricRegistries.global().addReportRegistration(...) before.
scm_1       | 2019-10-22 17:15:08,140 INFO safemode.SCMSafeModeManager: SCM in safe mode. 1 DataNodes registered, 1 required.
datanode_2  | 2019-10-22 17:15:09,787 WARN impl.MetricRegistriesImpl: First MetricRegistry has been created without registering reporters. You may need to call MetricRegistries.global().addReportRegistration(...) before.
datanode_3  | 2019-10-22 17:15:10,820 INFO impl.RaftServerImpl: f61857d8-f2e9-4181-8623-008d2d201db0@group-0939538FD119: changes role from      null to FOLLOWER at term 0 for startAsFollower
datanode_1  | 2019-10-22 17:15:09,153 INFO impl.RaftServerImpl: fe5b7e35-4f61-4930-ad12-4498567b4f9a@group-17042CDB023F: start as a follower, conf=-1: [fe5b7e35-4f61-4930-ad12-4498567b4f9a:172.18.0.3:9858], old=null
scm_1       | 2019-10-22 17:15:08,141 INFO safemode.SCMSafeModeManager: ScmSafeModeManager, all rules are successfully validated
datanode_2  | 2019-10-22 17:15:09,789 INFO impl.RaftServerImpl: df34e9f3-7eff-4fd8-802d-ff160cd887fa@group-F391CE197C19: start as a follower, conf=-1: [df34e9f3-7eff-4fd8-802d-ff160cd887fa:172.18.0.6:9858], old=null
datanode_3  | 2019-10-22 17:15:10,821 INFO impl.RoleInfo: f61857d8-f2e9-4181-8623-008d2d201db0: start FollowerState
datanode_1  | 2019-10-22 17:15:09,154 INFO impl.RaftServerImpl: fe5b7e35-4f61-4930-ad12-4498567b4f9a@group-17042CDB023F: changes role from      null to FOLLOWER at term 0 for startAsFollower
scm_1       | 2019-10-22 17:15:08,141 INFO safemode.SCMSafeModeManager: SCM exiting safe mode.
datanode_2  | 2019-10-22 17:15:09,790 INFO impl.RaftServerImpl: df34e9f3-7eff-4fd8-802d-ff160cd887fa@group-F391CE197C19: changes role from      null to FOLLOWER at term 0 for startAsFollower
datanode_3  | 2019-10-22 17:15:10,827 INFO util.JmxRegister: Successfully registered JMX Bean with object name Ratis:service=RaftServer,group=group-0939538FD119,id=f61857d8-f2e9-4181-8623-008d2d201db0
datanode_1  | 2019-10-22 17:15:09,155 INFO impl.RoleInfo: fe5b7e35-4f61-4930-ad12-4498567b4f9a: start FollowerState
scm_1       | WARNING: An illegal reflective access operation has occurred
datanode_2  | 2019-10-22 17:15:09,792 INFO impl.RoleInfo: df34e9f3-7eff-4fd8-802d-ff160cd887fa: start FollowerState
datanode_3  | 2019-10-22 17:15:10,828 WARN impl.MetricRegistriesImpl: First MetricRegistry has been created without registering reporters. You may need to call MetricRegistries.global().addReportRegistration(...) before.
scm_1       | WARNING: Illegal reflective access by org.apache.ratis.thirdparty.com.google.protobuf.UnsafeUtil (file:/opt/hadoop/share/ozone/lib/ratis-thirdparty-misc-0.2.0.jar) to field java.nio.Buffer.address
datanode_1  | 2019-10-22 17:15:09,160 INFO util.JmxRegister: Successfully registered JMX Bean with object name Ratis:service=RaftServer,group=group-17042CDB023F,id=fe5b7e35-4f61-4930-ad12-4498567b4f9a
datanode_2  | 2019-10-22 17:15:09,797 INFO util.JmxRegister: Successfully registered JMX Bean with object name Ratis:service=RaftServer,group=group-F391CE197C19,id=df34e9f3-7eff-4fd8-802d-ff160cd887fa
datanode_3  | 2019-10-22 17:15:10,955 INFO impl.RaftServerProxy: f61857d8-f2e9-4181-8623-008d2d201db0: addNew group-1AB004927D4D:[fe5b7e35-4f61-4930-ad12-4498567b4f9a:172.18.0.3:9858, f61857d8-f2e9-4181-8623-008d2d201db0:172.18.0.5:9858, df34e9f3-7eff-4fd8-802d-ff160cd887fa:172.18.0.6:9858] returns group-1AB004927D4D:java.util.concurrent.CompletableFuture@796e218a[Not completed]
scm_1       | WARNING: Please consider reporting this to the maintainers of org.apache.ratis.thirdparty.com.google.protobuf.UnsafeUtil
datanode_1  | 2019-10-22 17:15:09,163 WARN impl.MetricRegistriesImpl: First MetricRegistry has been created without registering reporters. You may need to call MetricRegistries.global().addReportRegistration(...) before.
datanode_2  | 2019-10-22 17:15:09,799 WARN impl.MetricRegistriesImpl: First MetricRegistry has been created without registering reporters. You may need to call MetricRegistries.global().addReportRegistration(...) before.
datanode_3  | 2019-10-22 17:15:10,959 INFO impl.RaftServerImpl: f61857d8-f2e9-4181-8623-008d2d201db0: new RaftServerImpl for group-1AB004927D4D:[fe5b7e35-4f61-4930-ad12-4498567b4f9a:172.18.0.3:9858, f61857d8-f2e9-4181-8623-008d2d201db0:172.18.0.5:9858, df34e9f3-7eff-4fd8-802d-ff160cd887fa:172.18.0.6:9858] with ContainerStateMachine:uninitialized
scm_1       | WARNING: Use --illegal-access=warn to enable warnings of further illegal reflective access operations
datanode_1  | 2019-10-22 17:15:10,954 INFO impl.RaftServerProxy: fe5b7e35-4f61-4930-ad12-4498567b4f9a: addNew group-1AB004927D4D:[fe5b7e35-4f61-4930-ad12-4498567b4f9a:172.18.0.3:9858, f61857d8-f2e9-4181-8623-008d2d201db0:172.18.0.5:9858, df34e9f3-7eff-4fd8-802d-ff160cd887fa:172.18.0.6:9858] returns group-1AB004927D4D:java.util.concurrent.CompletableFuture@225cf006[Not completed]
datanode_2  | 2019-10-22 17:15:10,972 INFO impl.RaftServerProxy: df34e9f3-7eff-4fd8-802d-ff160cd887fa: addNew group-1AB004927D4D:[fe5b7e35-4f61-4930-ad12-4498567b4f9a:172.18.0.3:9858, f61857d8-f2e9-4181-8623-008d2d201db0:172.18.0.5:9858, df34e9f3-7eff-4fd8-802d-ff160cd887fa:172.18.0.6:9858] returns group-1AB004927D4D:java.util.concurrent.CompletableFuture@72e9cf25[Not completed]
datanode_3  | 2019-10-22 17:15:10,959 INFO server.RaftServerConfigKeys: raft.server.rpc.timeout.min = 5s (custom)
scm_1       | WARNING: All illegal access operations will be denied in a future release
datanode_1  | 2019-10-22 17:15:10,957 INFO impl.RaftServerImpl: fe5b7e35-4f61-4930-ad12-4498567b4f9a: new RaftServerImpl for group-1AB004927D4D:[fe5b7e35-4f61-4930-ad12-4498567b4f9a:172.18.0.3:9858, f61857d8-f2e9-4181-8623-008d2d201db0:172.18.0.5:9858, df34e9f3-7eff-4fd8-802d-ff160cd887fa:172.18.0.6:9858] with ContainerStateMachine:uninitialized
datanode_2  | 2019-10-22 17:15:10,975 INFO impl.RaftServerImpl: df34e9f3-7eff-4fd8-802d-ff160cd887fa: new RaftServerImpl for group-1AB004927D4D:[fe5b7e35-4f61-4930-ad12-4498567b4f9a:172.18.0.3:9858, f61857d8-f2e9-4181-8623-008d2d201db0:172.18.0.5:9858, df34e9f3-7eff-4fd8-802d-ff160cd887fa:172.18.0.6:9858] with ContainerStateMachine:uninitialized
datanode_3  | 2019-10-22 17:15:10,959 INFO server.RaftServerConfigKeys: raft.server.rpc.timeout.max = 5200ms (custom)
scm_1       | 2019-10-22 17:15:09,130 INFO net.NetworkTopology: Added a new node: /default-rack/df34e9f3-7eff-4fd8-802d-ff160cd887fa
datanode_1  | 2019-10-22 17:15:10,957 INFO server.RaftServerConfigKeys: raft.server.rpc.timeout.min = 5s (custom)
datanode_2  | 2019-10-22 17:15:10,975 INFO server.RaftServerConfigKeys: raft.server.rpc.timeout.min = 5s (custom)
datanode_3  | 2019-10-22 17:15:10,959 INFO server.RaftServerConfigKeys: raft.server.rpcslowness.timeout = 120s (custom)
scm_1       | 2019-10-22 17:15:09,130 INFO node.SCMNodeManager: Registered Data node : df34e9f3-7eff-4fd8-802d-ff160cd887fa{ip: 172.18.0.6, host: ozone_datanode_2.ozone_default, networkLocation: /default-rack, certSerialId: null}
datanode_2  | 2019-10-22 17:15:10,975 INFO server.RaftServerConfigKeys: raft.server.rpc.timeout.max = 5200ms (custom)
datanode_1  | 2019-10-22 17:15:10,957 INFO server.RaftServerConfigKeys: raft.server.rpc.timeout.max = 5200ms (custom)
datanode_3  | 2019-10-22 17:15:10,960 INFO server.RaftServerConfigKeys: raft.server.sleep.deviation.threshold = 300 (default)
scm_1       | 2019-10-22 17:15:09,274 INFO pipeline.PipelineStateManager: Created pipeline Pipeline[ Id: c1c593d1-0520-410e-a5b9-17042cdb023f, Nodes: fe5b7e35-4f61-4930-ad12-4498567b4f9a{ip: 172.18.0.3, host: ozone_datanode_1.ozone_default, networkLocation: /default-rack, certSerialId: null}, Type:RATIS, Factor:ONE, State:OPEN]
datanode_2  | 2019-10-22 17:15:10,975 INFO server.RaftServerConfigKeys: raft.server.rpcslowness.timeout = 120s (custom)
datanode_1  | 2019-10-22 17:15:10,957 INFO server.RaftServerConfigKeys: raft.server.rpcslowness.timeout = 120s (custom)
datanode_3  | 2019-10-22 17:15:10,960 INFO server.RaftServerConfigKeys: raft.server.log.appender.install.snapshot.enabled = false (custom)
datanode_2  | 2019-10-22 17:15:10,976 INFO server.RaftServerConfigKeys: raft.server.sleep.deviation.threshold = 300 (default)
scm_1       | 2019-10-22 17:15:09,879 INFO pipeline.PipelineStateManager: Created pipeline Pipeline[ Id: f8d450da-1f40-4baf-af33-f391ce197c19, Nodes: df34e9f3-7eff-4fd8-802d-ff160cd887fa{ip: 172.18.0.6, host: ozone_datanode_2.ozone_default, networkLocation: /default-rack, certSerialId: null}, Type:RATIS, Factor:ONE, State:OPEN]
datanode_1  | 2019-10-22 17:15:10,957 INFO server.RaftServerConfigKeys: raft.server.sleep.deviation.threshold = 300 (default)
datanode_3  | 2019-10-22 17:15:10,960 INFO impl.RaftServerImpl: f61857d8-f2e9-4181-8623-008d2d201db0@group-1AB004927D4D: ConfigurationManager, init=-1: [fe5b7e35-4f61-4930-ad12-4498567b4f9a:172.18.0.3:9858, f61857d8-f2e9-4181-8623-008d2d201db0:172.18.0.5:9858, df34e9f3-7eff-4fd8-802d-ff160cd887fa:172.18.0.6:9858], old=null, confs=<EMPTY_MAP>
datanode_2  | 2019-10-22 17:15:10,976 INFO server.RaftServerConfigKeys: raft.server.log.appender.install.snapshot.enabled = false (custom)
scm_1       | 2019-10-22 17:15:10,332 INFO net.NetworkTopology: Added a new node: /default-rack/f61857d8-f2e9-4181-8623-008d2d201db0
datanode_1  | 2019-10-22 17:15:10,958 INFO server.RaftServerConfigKeys: raft.server.log.appender.install.snapshot.enabled = false (custom)
datanode_3  | 2019-10-22 17:15:10,960 INFO server.RaftServerConfigKeys: raft.server.storage.dir = [/data/metadata/ratis] (custom)
datanode_2  | 2019-10-22 17:15:10,976 INFO impl.RaftServerImpl: df34e9f3-7eff-4fd8-802d-ff160cd887fa@group-1AB004927D4D: ConfigurationManager, init=-1: [fe5b7e35-4f61-4930-ad12-4498567b4f9a:172.18.0.3:9858, f61857d8-f2e9-4181-8623-008d2d201db0:172.18.0.5:9858, df34e9f3-7eff-4fd8-802d-ff160cd887fa:172.18.0.6:9858], old=null, confs=<EMPTY_MAP>
scm_1       | 2019-10-22 17:15:10,332 INFO node.SCMNodeManager: Registered Data node : f61857d8-f2e9-4181-8623-008d2d201db0{ip: 172.18.0.5, host: ozone_datanode_3.ozone_default, networkLocation: /default-rack, certSerialId: null}
datanode_3  | 2019-10-22 17:15:10,960 INFO server.RaftServerConfigKeys: raft.server.log.corruption.policy = EXCEPTION (default)
datanode_1  | 2019-10-22 17:15:10,958 INFO impl.RaftServerImpl: fe5b7e35-4f61-4930-ad12-4498567b4f9a@group-1AB004927D4D: ConfigurationManager, init=-1: [fe5b7e35-4f61-4930-ad12-4498567b4f9a:172.18.0.3:9858, f61857d8-f2e9-4181-8623-008d2d201db0:172.18.0.5:9858, df34e9f3-7eff-4fd8-802d-ff160cd887fa:172.18.0.6:9858], old=null, confs=<EMPTY_MAP>
datanode_2  | 2019-10-22 17:15:10,976 INFO server.RaftServerConfigKeys: raft.server.storage.dir = [/data/metadata/ratis] (custom)
datanode_3  | 2019-10-22 17:15:10,961 INFO storage.RaftStorageDirectory: The storage directory /data/metadata/ratis/2833ee35-fc59-4d4c-a53e-1ab004927d4d does not exist. Creating ...
datanode_1  | 2019-10-22 17:15:10,958 INFO server.RaftServerConfigKeys: raft.server.storage.dir = [/data/metadata/ratis] (custom)
scm_1       | 2019-10-22 17:15:10,901 INFO pipeline.PipelineStateManager: Created pipeline Pipeline[ Id: f7d0a05d-ec89-4cbe-a442-0939538fd119, Nodes: f61857d8-f2e9-4181-8623-008d2d201db0{ip: 172.18.0.5, host: ozone_datanode_3.ozone_default, networkLocation: /default-rack, certSerialId: null}, Type:RATIS, Factor:ONE, State:OPEN]
datanode_3  | 2019-10-22 17:15:10,972 INFO storage.RaftStorageDirectory: Lock on /data/metadata/ratis/2833ee35-fc59-4d4c-a53e-1ab004927d4d/in_use.lock acquired by nodename 7@7182a43233d6
datanode_1  | 2019-10-22 17:15:10,958 INFO server.RaftServerConfigKeys: raft.server.log.corruption.policy = EXCEPTION (default)
datanode_2  | 2019-10-22 17:15:10,976 INFO server.RaftServerConfigKeys: raft.server.log.corruption.policy = EXCEPTION (default)
scm_1       | 2019-10-22 17:15:11,025 INFO pipeline.PipelineStateManager: Created pipeline Pipeline[ Id: 2833ee35-fc59-4d4c-a53e-1ab004927d4d, Nodes: fe5b7e35-4f61-4930-ad12-4498567b4f9a{ip: 172.18.0.3, host: ozone_datanode_1.ozone_default, networkLocation: /default-rack, certSerialId: null}f61857d8-f2e9-4181-8623-008d2d201db0{ip: 172.18.0.5, host: ozone_datanode_3.ozone_default, networkLocation: /default-rack, certSerialId: null}df34e9f3-7eff-4fd8-802d-ff160cd887fa{ip: 172.18.0.6, host: ozone_datanode_2.ozone_default, networkLocation: /default-rack, certSerialId: null}, Type:RATIS, Factor:THREE, State:OPEN]
datanode_3  | 2019-10-22 17:15:10,989 INFO storage.RaftStorage: Storage directory /data/metadata/ratis/2833ee35-fc59-4d4c-a53e-1ab004927d4d has been successfully formatted.
datanode_1  | 2019-10-22 17:15:10,958 INFO storage.RaftStorageDirectory: The storage directory /data/metadata/ratis/2833ee35-fc59-4d4c-a53e-1ab004927d4d does not exist. Creating ...
datanode_2  | 2019-10-22 17:15:10,976 INFO storage.RaftStorageDirectory: The storage directory /data/metadata/ratis/2833ee35-fc59-4d4c-a53e-1ab004927d4d does not exist. Creating ...
scm_1       | 2019-10-22 17:15:26,097 INFO server.SCMBlockProtocolServer: Allocating 1 blocks of size 268435456, with ExcludeList {datanodes = [], containerIds = [], pipelineIds = []}
datanode_3  | 2019-10-22 17:15:10,989 [pool-8-thread-1] INFO       - group-1AB004927D4D: The snapshot info is null. Setting the last applied indexto:(t:0, i:~)
datanode_1  | 2019-10-22 17:15:10,972 INFO storage.RaftStorageDirectory: Lock on /data/metadata/ratis/2833ee35-fc59-4d4c-a53e-1ab004927d4d/in_use.lock acquired by nodename 7@4bd7452c7f50
datanode_2  | 2019-10-22 17:15:10,989 INFO storage.RaftStorageDirectory: Lock on /data/metadata/ratis/2833ee35-fc59-4d4c-a53e-1ab004927d4d/in_use.lock acquired by nodename 7@5fbf75c319e7
scm_1       | 2019-10-22 17:15:26,103 INFO pipeline.PipelineStateManager: Created pipeline Pipeline[ Id: 9dd43391-339c-4761-a6d9-9706765598da, Nodes: f61857d8-f2e9-4181-8623-008d2d201db0{ip: 172.18.0.5, host: ozone_datanode_3.ozone_default, networkLocation: /default-rack, certSerialId: null}, Type:STAND_ALONE, Factor:ONE, State:OPEN]
datanode_3  | 2019-10-22 17:15:10,990 INFO server.RaftServerConfigKeys: raft.server.notification.no-leader.timeout = 120s (custom)
datanode_1  | 2019-10-22 17:15:10,989 INFO storage.RaftStorage: Storage directory /data/metadata/ratis/2833ee35-fc59-4d4c-a53e-1ab004927d4d has been successfully formatted.
datanode_2  | 2019-10-22 17:15:11,013 INFO storage.RaftStorage: Storage directory /data/metadata/ratis/2833ee35-fc59-4d4c-a53e-1ab004927d4d has been successfully formatted.
scm_1       | 2019-10-22 17:15:27,849 INFO server.SCMBlockProtocolServer: Allocating 1 blocks of size 268435456, with ExcludeList {datanodes = [], containerIds = [], pipelineIds = []}
datanode_3  | 2019-10-22 17:15:10,990 INFO server.RaftServerConfigKeys: raft.server.log.use.memory = false (default)
datanode_1  | 2019-10-22 17:15:10,989 [pool-8-thread-1] INFO       - group-1AB004927D4D: The snapshot info is null. Setting the last applied indexto:(t:0, i:~)
datanode_2  | 2019-10-22 17:15:11,014 [pool-8-thread-1] INFO       - group-1AB004927D4D: The snapshot info is null. Setting the last applied indexto:(t:0, i:~)
scm_1       | 2019-10-22 17:15:28,050 INFO server.SCMBlockProtocolServer: Allocating 1 blocks of size 268435456, with ExcludeList {datanodes = [], containerIds = [], pipelineIds = []}
datanode_3  | 2019-10-22 17:15:10,990 INFO server.RaftServerConfigKeys: raft.server.log.purge.gap = 1000000 (custom)
datanode_2  | 2019-10-22 17:15:11,014 INFO server.RaftServerConfigKeys: raft.server.notification.no-leader.timeout = 120s (custom)
datanode_1  | 2019-10-22 17:15:10,990 INFO server.RaftServerConfigKeys: raft.server.notification.no-leader.timeout = 120s (custom)
scm_1       | 2019-10-22 17:15:28,373 INFO server.SCMBlockProtocolServer: Allocating 1 blocks of size 268435456, with ExcludeList {datanodes = [], containerIds = [], pipelineIds = []}
datanode_3  | 2019-10-22 17:15:10,990 INFO server.RaftServerConfigKeys: raft.server.log.appender.buffer.byte-limit = 33554432 (custom)
datanode_2  | 2019-10-22 17:15:11,014 INFO server.RaftServerConfigKeys: raft.server.log.use.memory = false (default)
datanode_1  | 2019-10-22 17:15:10,990 INFO server.RaftServerConfigKeys: raft.server.log.use.memory = false (default)
scm_1       | 2019-10-22 17:15:28,429 INFO server.SCMBlockProtocolServer: Allocating 1 blocks of size 268435456, with ExcludeList {datanodes = [], containerIds = [], pipelineIds = []}
datanode_2  | 2019-10-22 17:15:11,014 INFO server.RaftServerConfigKeys: raft.server.log.purge.gap = 1000000 (custom)
datanode_3  | 2019-10-22 17:15:10,990 INFO server.RaftServerConfigKeys: raft.server.log.segment.size.max = 1048576 (custom)
scm_1       | 2019-10-22 17:15:28,475 INFO server.SCMBlockProtocolServer: Allocating 1 blocks of size 268435456, with ExcludeList {datanodes = [], containerIds = [], pipelineIds = []}
datanode_2  | 2019-10-22 17:15:11,014 INFO server.RaftServerConfigKeys: raft.server.log.appender.buffer.byte-limit = 33554432 (custom)
datanode_3  | 2019-10-22 17:15:10,991 INFO server.RaftServerConfigKeys: raft.server.log.segment.cache.num.max = 2 (custom)
datanode_2  | 2019-10-22 17:15:11,015 INFO server.RaftServerConfigKeys: raft.server.log.segment.size.max = 1048576 (custom)
scm_1       | 2019-10-22 17:15:28,540 INFO server.SCMBlockProtocolServer: Allocating 1 blocks of size 268435456, with ExcludeList {datanodes = [], containerIds = [], pipelineIds = []}
datanode_2  | 2019-10-22 17:15:11,015 INFO server.RaftServerConfigKeys: raft.server.log.segment.cache.num.max = 2 (custom)
datanode_3  | 2019-10-22 17:15:10,991 INFO segmented.SegmentedRaftLogWorker: new f61857d8-f2e9-4181-8623-008d2d201db0@group-1AB004927D4D-SegmentedRaftLogWorker for RaftStorage:Storage Directory /data/metadata/ratis/2833ee35-fc59-4d4c-a53e-1ab004927d4d
scm_1       | 2019-10-22 17:15:28,596 INFO server.SCMBlockProtocolServer: Allocating 1 blocks of size 268435456, with ExcludeList {datanodes = [], containerIds = [], pipelineIds = []}
datanode_1  | 2019-10-22 17:15:10,990 INFO server.RaftServerConfigKeys: raft.server.log.purge.gap = 1000000 (custom)
datanode_3  | 2019-10-22 17:15:10,991 INFO server.RaftServerConfigKeys: raft.server.log.queue.byte-limit = 2147483647 (custom)
datanode_2  | 2019-10-22 17:15:11,015 INFO segmented.SegmentedRaftLogWorker: new df34e9f3-7eff-4fd8-802d-ff160cd887fa@group-1AB004927D4D-SegmentedRaftLogWorker for RaftStorage:Storage Directory /data/metadata/ratis/2833ee35-fc59-4d4c-a53e-1ab004927d4d
datanode_1  | 2019-10-22 17:15:10,990 INFO server.RaftServerConfigKeys: raft.server.log.appender.buffer.byte-limit = 33554432 (custom)
scm_1       | 2019-10-22 17:15:28,652 INFO server.SCMBlockProtocolServer: Allocating 1 blocks of size 268435456, with ExcludeList {datanodes = [], containerIds = [], pipelineIds = []}
datanode_3  | 2019-10-22 17:15:10,991 INFO server.RaftServerConfigKeys: raft.server.log.queue.element-limit = 1024 (custom)
datanode_1  | 2019-10-22 17:15:10,990 INFO server.RaftServerConfigKeys: raft.server.log.segment.size.max = 1048576 (custom)
datanode_2  | 2019-10-22 17:15:11,015 INFO server.RaftServerConfigKeys: raft.server.log.queue.byte-limit = 2147483647 (custom)
datanode_3  | 2019-10-22 17:15:10,991 INFO server.RaftServerConfigKeys: raft.server.log.segment.size.max = 1048576 (custom)
scm_1       | 2019-10-22 17:15:28,711 INFO server.SCMBlockProtocolServer: Allocating 1 blocks of size 268435456, with ExcludeList {datanodes = [], containerIds = [], pipelineIds = []}
datanode_1  | 2019-10-22 17:15:10,990 INFO server.RaftServerConfigKeys: raft.server.log.segment.cache.num.max = 2 (custom)
datanode_2  | 2019-10-22 17:15:11,015 INFO server.RaftServerConfigKeys: raft.server.log.queue.element-limit = 1024 (custom)
datanode_3  | 2019-10-22 17:15:10,991 INFO server.RaftServerConfigKeys: raft.server.log.preallocated.size = 16384 (custom)
scm_1       | 2019-10-22 17:15:28,767 INFO server.SCMBlockProtocolServer: Allocating 1 blocks of size 268435456, with ExcludeList {datanodes = [], containerIds = [], pipelineIds = []}
datanode_2  | 2019-10-22 17:15:11,015 INFO server.RaftServerConfigKeys: raft.server.log.segment.size.max = 1048576 (custom)
datanode_3  | 2019-10-22 17:15:10,991 INFO server.RaftServerConfigKeys: raft.server.log.write.buffer.size = 33554432 (custom)
datanode_2  | 2019-10-22 17:15:11,015 INFO server.RaftServerConfigKeys: raft.server.log.preallocated.size = 16384 (custom)
scm_1       | 2019-10-22 17:15:28,822 INFO server.SCMBlockProtocolServer: Allocating 1 blocks of size 268435456, with ExcludeList {datanodes = [], containerIds = [], pipelineIds = []}
datanode_1  | 2019-10-22 17:15:10,990 INFO segmented.SegmentedRaftLogWorker: new fe5b7e35-4f61-4930-ad12-4498567b4f9a@group-1AB004927D4D-SegmentedRaftLogWorker for RaftStorage:Storage Directory /data/metadata/ratis/2833ee35-fc59-4d4c-a53e-1ab004927d4d
datanode_3  | 2019-10-22 17:15:10,992 INFO server.RaftServerConfigKeys: raft.server.log.force.sync.num = 128 (default)
datanode_2  | 2019-10-22 17:15:11,015 INFO server.RaftServerConfigKeys: raft.server.log.write.buffer.size = 33554432 (custom)
scm_1       | 2019-10-22 17:15:28,870 INFO server.SCMBlockProtocolServer: Allocating 1 blocks of size 268435456, with ExcludeList {datanodes = [], containerIds = [], pipelineIds = []}
datanode_1  | 2019-10-22 17:15:10,991 INFO server.RaftServerConfigKeys: raft.server.log.queue.byte-limit = 2147483647 (custom)
datanode_3  | 2019-10-22 17:15:10,992 INFO server.RaftServerConfigKeys: raft.server.log.statemachine.data.sync = true (default)
datanode_2  | 2019-10-22 17:15:11,015 INFO server.RaftServerConfigKeys: raft.server.log.force.sync.num = 128 (default)
scm_1       | 2019-10-22 17:15:28,914 INFO server.SCMBlockProtocolServer: Allocating 1 blocks of size 268435456, with ExcludeList {datanodes = [], containerIds = [], pipelineIds = []}
datanode_1  | 2019-10-22 17:15:10,991 INFO server.RaftServerConfigKeys: raft.server.log.queue.element-limit = 1024 (custom)
datanode_3  | 2019-10-22 17:15:10,992 INFO server.RaftServerConfigKeys: raft.server.log.statemachine.data.sync.timeout = 10s (default)
datanode_2  | 2019-10-22 17:15:11,016 INFO server.RaftServerConfigKeys: raft.server.log.statemachine.data.sync = true (default)
scm_1       | 2019-10-22 17:15:28,964 INFO server.SCMBlockProtocolServer: Allocating 1 blocks of size 268435456, with ExcludeList {datanodes = [], containerIds = [], pipelineIds = []}
datanode_1  | 2019-10-22 17:15:10,991 INFO server.RaftServerConfigKeys: raft.server.log.segment.size.max = 1048576 (custom)
datanode_3  | 2019-10-22 17:15:10,992 INFO server.RaftServerConfigKeys: raft.server.log.statemachine.data.sync.timeout.retry = -1 (default)
datanode_2  | 2019-10-22 17:15:11,016 INFO server.RaftServerConfigKeys: raft.server.log.statemachine.data.sync.timeout = 10s (default)
scm_1       | 2019-10-22 17:15:29,013 INFO server.SCMBlockProtocolServer: Allocating 1 blocks of size 268435456, with ExcludeList {datanodes = [], containerIds = [], pipelineIds = []}
datanode_1  | 2019-10-22 17:15:10,991 INFO server.RaftServerConfigKeys: raft.server.log.preallocated.size = 16384 (custom)
datanode_3  | 2019-10-22 17:15:10,992 INFO server.RaftServerConfigKeys: raft.server.log.statemachine.data.caching.enabled = true (custom)
datanode_2  | 2019-10-22 17:15:11,016 INFO server.RaftServerConfigKeys: raft.server.log.statemachine.data.sync.timeout.retry = -1 (default)
scm_1       | 2019-10-22 17:15:29,081 INFO server.SCMBlockProtocolServer: Allocating 1 blocks of size 268435456, with ExcludeList {datanodes = [], containerIds = [], pipelineIds = []}
datanode_3  | 2019-10-22 17:15:10,992 INFO segmented.SegmentedRaftLogWorker: f61857d8-f2e9-4181-8623-008d2d201db0@group-1AB004927D4D-SegmentedRaftLogWorker: flushIndex: setUnconditionally 0 -> -1
datanode_1  | 2019-10-22 17:15:10,991 INFO server.RaftServerConfigKeys: raft.server.log.write.buffer.size = 33554432 (custom)
datanode_2  | 2019-10-22 17:15:11,016 INFO server.RaftServerConfigKeys: raft.server.log.statemachine.data.caching.enabled = true (custom)
scm_1       | 2019-10-22 17:15:29,127 INFO server.SCMBlockProtocolServer: Allocating 1 blocks of size 268435456, with ExcludeList {datanodes = [], containerIds = [], pipelineIds = []}
datanode_3  | 2019-10-22 17:15:10,993 INFO server.RaftServerConfigKeys: raft.server.snapshot.auto.trigger.enabled = true (custom)
datanode_1  | 2019-10-22 17:15:10,991 INFO server.RaftServerConfigKeys: raft.server.log.force.sync.num = 128 (default)
datanode_2  | 2019-10-22 17:15:11,016 INFO segmented.SegmentedRaftLogWorker: df34e9f3-7eff-4fd8-802d-ff160cd887fa@group-1AB004927D4D-SegmentedRaftLogWorker: flushIndex: setUnconditionally 0 -> -1
scm_1       | 2019-10-22 17:15:29,175 INFO server.SCMBlockProtocolServer: Allocating 1 blocks of size 268435456, with ExcludeList {datanodes = [], containerIds = [], pipelineIds = []}
datanode_3  | 2019-10-22 17:15:10,993 INFO server.RaftServerConfigKeys: raft.server.snapshot.auto.trigger.threshold = 10000 (custom)
datanode_1  | 2019-10-22 17:15:10,991 INFO server.RaftServerConfigKeys: raft.server.log.statemachine.data.sync = true (default)
datanode_2  | 2019-10-22 17:15:11,017 INFO server.RaftServerConfigKeys: raft.server.snapshot.auto.trigger.enabled = true (custom)
scm_1       | 2019-10-22 17:15:29,222 INFO server.SCMBlockProtocolServer: Allocating 1 blocks of size 268435456, with ExcludeList {datanodes = [], containerIds = [], pipelineIds = []}
datanode_3  | 2019-10-22 17:15:10,993 INFO server.RaftServerConfigKeys: raft.server.snapshot.retention.file.num = 5 (custom)
datanode_1  | 2019-10-22 17:15:10,991 INFO server.RaftServerConfigKeys: raft.server.log.statemachine.data.sync.timeout = 10s (default)
datanode_2  | 2019-10-22 17:15:11,017 INFO server.RaftServerConfigKeys: raft.server.snapshot.auto.trigger.threshold = 10000 (custom)
scm_1       | 2019-10-22 17:15:29,270 INFO server.SCMBlockProtocolServer: Allocating 1 blocks of size 268435456, with ExcludeList {datanodes = [], containerIds = [], pipelineIds = []}
datanode_3  | 2019-10-22 17:15:10,993 INFO server.RaftServerConfigKeys: raft.server.retrycache.expirytime = 600000ms (custom)
datanode_1  | 2019-10-22 17:15:10,991 INFO server.RaftServerConfigKeys: raft.server.log.statemachine.data.sync.timeout.retry = -1 (default)
datanode_2  | 2019-10-22 17:15:11,017 INFO server.RaftServerConfigKeys: raft.server.snapshot.retention.file.num = 5 (custom)
scm_1       | 2019-10-22 17:15:29,317 INFO server.SCMBlockProtocolServer: Allocating 1 blocks of size 268435456, with ExcludeList {datanodes = [], containerIds = [], pipelineIds = []}
datanode_3  | 2019-10-22 17:15:10,993 WARN impl.MetricRegistriesImpl: First MetricRegistry has been created without registering reporters. You may need to call MetricRegistries.global().addReportRegistration(...) before.
datanode_1  | 2019-10-22 17:15:10,992 INFO server.RaftServerConfigKeys: raft.server.log.statemachine.data.caching.enabled = true (custom)
datanode_2  | 2019-10-22 17:15:11,017 INFO server.RaftServerConfigKeys: raft.server.retrycache.expirytime = 600000ms (custom)
datanode_3  | 2019-10-22 17:15:10,993 WARN impl.MetricRegistriesImpl: First MetricRegistry has been created without registering reporters. You may need to call MetricRegistries.global().addReportRegistration(...) before.
scm_1       | 2019-10-22 17:15:29,361 INFO server.SCMBlockProtocolServer: Allocating 1 blocks of size 268435456, with ExcludeList {datanodes = [], containerIds = [], pipelineIds = []}
datanode_1  | 2019-10-22 17:15:10,992 INFO segmented.SegmentedRaftLogWorker: fe5b7e35-4f61-4930-ad12-4498567b4f9a@group-1AB004927D4D-SegmentedRaftLogWorker: flushIndex: setUnconditionally 0 -> -1
datanode_2  | 2019-10-22 17:15:11,017 WARN impl.MetricRegistriesImpl: First MetricRegistry has been created without registering reporters. You may need to call MetricRegistries.global().addReportRegistration(...) before.
datanode_3  | 2019-10-22 17:15:10,993 INFO impl.RaftServerImpl: f61857d8-f2e9-4181-8623-008d2d201db0@group-1AB004927D4D: start as a follower, conf=-1: [fe5b7e35-4f61-4930-ad12-4498567b4f9a:172.18.0.3:9858, f61857d8-f2e9-4181-8623-008d2d201db0:172.18.0.5:9858, df34e9f3-7eff-4fd8-802d-ff160cd887fa:172.18.0.6:9858], old=null
scm_1       | 2019-10-22 17:15:29,410 INFO server.SCMBlockProtocolServer: Allocating 1 blocks of size 268435456, with ExcludeList {datanodes = [], containerIds = [], pipelineIds = []}
datanode_1  | 2019-10-22 17:15:10,992 INFO server.RaftServerConfigKeys: raft.server.snapshot.auto.trigger.enabled = true (custom)
datanode_3  | 2019-10-22 17:15:10,994 INFO impl.RaftServerImpl: f61857d8-f2e9-4181-8623-008d2d201db0@group-1AB004927D4D: changes role from      null to FOLLOWER at term 0 for startAsFollower
datanode_2  | 2019-10-22 17:15:11,018 WARN impl.MetricRegistriesImpl: First MetricRegistry has been created without registering reporters. You may need to call MetricRegistries.global().addReportRegistration(...) before.
datanode_1  | 2019-10-22 17:15:10,992 INFO server.RaftServerConfigKeys: raft.server.snapshot.auto.trigger.threshold = 10000 (custom)
scm_1       | 2019-10-22 17:15:29,462 INFO server.SCMBlockProtocolServer: Allocating 1 blocks of size 268435456, with ExcludeList {datanodes = [], containerIds = [], pipelineIds = []}
datanode_3  | 2019-10-22 17:15:10,994 INFO impl.RoleInfo: f61857d8-f2e9-4181-8623-008d2d201db0: start FollowerState
datanode_1  | 2019-10-22 17:15:10,992 INFO server.RaftServerConfigKeys: raft.server.snapshot.retention.file.num = 5 (custom)
scm_1       | 2019-10-22 17:15:29,515 INFO server.SCMBlockProtocolServer: Allocating 1 blocks of size 268435456, with ExcludeList {datanodes = [], containerIds = [], pipelineIds = []}
datanode_2  | 2019-10-22 17:15:11,018 INFO impl.RaftServerImpl: df34e9f3-7eff-4fd8-802d-ff160cd887fa@group-1AB004927D4D: start as a follower, conf=-1: [fe5b7e35-4f61-4930-ad12-4498567b4f9a:172.18.0.3:9858, f61857d8-f2e9-4181-8623-008d2d201db0:172.18.0.5:9858, df34e9f3-7eff-4fd8-802d-ff160cd887fa:172.18.0.6:9858], old=null
datanode_3  | 2019-10-22 17:15:10,994 INFO util.JmxRegister: Successfully registered JMX Bean with object name Ratis:service=RaftServer,group=group-1AB004927D4D,id=f61857d8-f2e9-4181-8623-008d2d201db0
scm_1       | 2019-10-22 17:15:29,567 INFO server.SCMBlockProtocolServer: Allocating 1 blocks of size 268435456, with ExcludeList {datanodes = [], containerIds = [], pipelineIds = []}
datanode_2  | 2019-10-22 17:15:11,018 INFO impl.RaftServerImpl: df34e9f3-7eff-4fd8-802d-ff160cd887fa@group-1AB004927D4D: changes role from      null to FOLLOWER at term 0 for startAsFollower
datanode_3  | 2019-10-22 17:15:10,994 WARN impl.MetricRegistriesImpl: First MetricRegistry has been created without registering reporters. You may need to call MetricRegistries.global().addReportRegistration(...) before.
datanode_2  | 2019-10-22 17:15:11,018 INFO impl.RoleInfo: df34e9f3-7eff-4fd8-802d-ff160cd887fa: start FollowerState
datanode_1  | 2019-10-22 17:15:10,992 INFO server.RaftServerConfigKeys: raft.server.retrycache.expirytime = 600000ms (custom)
scm_1       | 2019-10-22 17:15:29,615 INFO server.SCMBlockProtocolServer: Allocating 1 blocks of size 268435456, with ExcludeList {datanodes = [], containerIds = [], pipelineIds = []}
datanode_2  | 2019-10-22 17:15:11,019 INFO util.JmxRegister: Successfully registered JMX Bean with object name Ratis:service=RaftServer,group=group-1AB004927D4D,id=df34e9f3-7eff-4fd8-802d-ff160cd887fa
datanode_3  | 2019-10-22 17:15:15,993 INFO impl.FollowerState: f61857d8-f2e9-4181-8623-008d2d201db0@group-0939538FD119-FollowerState: change to CANDIDATE, lastRpcTime:5172ms, electionTimeout:5171ms
datanode_1  | 2019-10-22 17:15:10,993 WARN impl.MetricRegistriesImpl: First MetricRegistry has been created without registering reporters. You may need to call MetricRegistries.global().addReportRegistration(...) before.
datanode_2  | 2019-10-22 17:15:11,019 WARN impl.MetricRegistriesImpl: First MetricRegistry has been created without registering reporters. You may need to call MetricRegistries.global().addReportRegistration(...) before.
scm_1       | 2019-10-22 17:15:29,662 INFO server.SCMBlockProtocolServer: Allocating 1 blocks of size 268435456, with ExcludeList {datanodes = [], containerIds = [], pipelineIds = []}
datanode_3  | 2019-10-22 17:15:15,995 INFO impl.RoleInfo: f61857d8-f2e9-4181-8623-008d2d201db0: shutdown FollowerState
datanode_1  | 2019-10-22 17:15:10,993 WARN impl.MetricRegistriesImpl: First MetricRegistry has been created without registering reporters. You may need to call MetricRegistries.global().addReportRegistration(...) before.
scm_1       | 2019-10-22 17:15:29,716 INFO server.SCMBlockProtocolServer: Allocating 1 blocks of size 268435456, with ExcludeList {datanodes = [], containerIds = [], pipelineIds = []}
datanode_2  | 2019-10-22 17:15:14,890 INFO impl.FollowerState: df34e9f3-7eff-4fd8-802d-ff160cd887fa@group-F391CE197C19-FollowerState: change to CANDIDATE, lastRpcTime:5098ms, electionTimeout:5097ms
datanode_3  | 2019-10-22 17:15:15,996 INFO impl.RaftServerImpl: f61857d8-f2e9-4181-8623-008d2d201db0@group-0939538FD119: changes role from  FOLLOWER to CANDIDATE at term 0 for changeToCandidate
datanode_1  | 2019-10-22 17:15:10,993 INFO impl.RaftServerImpl: fe5b7e35-4f61-4930-ad12-4498567b4f9a@group-1AB004927D4D: start as a follower, conf=-1: [fe5b7e35-4f61-4930-ad12-4498567b4f9a:172.18.0.3:9858, f61857d8-f2e9-4181-8623-008d2d201db0:172.18.0.5:9858, df34e9f3-7eff-4fd8-802d-ff160cd887fa:172.18.0.6:9858], old=null
scm_1       | 2019-10-22 17:15:29,766 INFO server.SCMBlockProtocolServer: Allocating 1 blocks of size 268435456, with ExcludeList {datanodes = [], containerIds = [], pipelineIds = []}
datanode_2  | 2019-10-22 17:15:14,892 INFO impl.RoleInfo: df34e9f3-7eff-4fd8-802d-ff160cd887fa: shutdown FollowerState
datanode_3  | 2019-10-22 17:15:16,000 INFO impl.RoleInfo: f61857d8-f2e9-4181-8623-008d2d201db0: start LeaderElection
datanode_1  | 2019-10-22 17:15:10,993 INFO impl.RaftServerImpl: fe5b7e35-4f61-4930-ad12-4498567b4f9a@group-1AB004927D4D: changes role from      null to FOLLOWER at term 0 for startAsFollower
scm_1       | 2019-10-22 17:15:29,817 INFO server.SCMBlockProtocolServer: Allocating 1 blocks of size 268435456, with ExcludeList {datanodes = [], containerIds = [], pipelineIds = []}
datanode_3  | 2019-10-22 17:15:16,004 INFO impl.FollowerState: f61857d8-f2e9-4181-8623-008d2d201db0@group-1AB004927D4D-FollowerState: change to CANDIDATE, lastRpcTime:5010ms, electionTimeout:5010ms
datanode_2  | 2019-10-22 17:15:14,893 INFO impl.RaftServerImpl: df34e9f3-7eff-4fd8-802d-ff160cd887fa@group-F391CE197C19: changes role from  FOLLOWER to CANDIDATE at term 0 for changeToCandidate
datanode_1  | 2019-10-22 17:15:10,993 INFO impl.RoleInfo: fe5b7e35-4f61-4930-ad12-4498567b4f9a: start FollowerState
scm_1       | 2019-10-22 17:15:29,868 INFO server.SCMBlockProtocolServer: Allocating 1 blocks of size 268435456, with ExcludeList {datanodes = [], containerIds = [], pipelineIds = []}
datanode_3  | 2019-10-22 17:15:16,005 INFO impl.RoleInfo: f61857d8-f2e9-4181-8623-008d2d201db0: shutdown FollowerState
datanode_2  | 2019-10-22 17:15:14,898 INFO impl.RoleInfo: df34e9f3-7eff-4fd8-802d-ff160cd887fa: start LeaderElection
datanode_1  | 2019-10-22 17:15:10,994 INFO util.JmxRegister: Successfully registered JMX Bean with object name Ratis:service=RaftServer,group=group-1AB004927D4D,id=fe5b7e35-4f61-4930-ad12-4498567b4f9a
scm_1       | 2019-10-22 17:15:29,912 INFO server.SCMBlockProtocolServer: Allocating 1 blocks of size 268435456, with ExcludeList {datanodes = [], containerIds = [], pipelineIds = []}
datanode_2  | 2019-10-22 17:15:14,914 INFO impl.LeaderElection: df34e9f3-7eff-4fd8-802d-ff160cd887fa@group-F391CE197C19-LeaderElection1: begin an election at term 1 for -1: [df34e9f3-7eff-4fd8-802d-ff160cd887fa:172.18.0.6:9858], old=null
datanode_1  | 2019-10-22 17:15:10,994 WARN impl.MetricRegistriesImpl: First MetricRegistry has been created without registering reporters. You may need to call MetricRegistries.global().addReportRegistration(...) before.
scm_1       | 2019-10-22 17:15:29,965 INFO server.SCMBlockProtocolServer: Allocating 1 blocks of size 268435456, with ExcludeList {datanodes = [], containerIds = [], pipelineIds = []}
datanode_3  | 2019-10-22 17:15:16,005 INFO impl.RaftServerImpl: f61857d8-f2e9-4181-8623-008d2d201db0@group-1AB004927D4D: changes role from  FOLLOWER to CANDIDATE at term 0 for changeToCandidate
datanode_1  | 2019-10-22 17:15:14,350 INFO impl.FollowerState: fe5b7e35-4f61-4930-ad12-4498567b4f9a@group-17042CDB023F-FollowerState: change to CANDIDATE, lastRpcTime:5195ms, electionTimeout:5194ms
scm_1       | 2019-10-22 17:15:30,016 INFO server.SCMBlockProtocolServer: Allocating 1 blocks of size 268435456, with ExcludeList {datanodes = [], containerIds = [], pipelineIds = []}
datanode_2  | 2019-10-22 17:15:14,916 INFO impl.RoleInfo: df34e9f3-7eff-4fd8-802d-ff160cd887fa: shutdown LeaderElection
datanode_3  | 2019-10-22 17:15:16,005 INFO impl.RoleInfo: f61857d8-f2e9-4181-8623-008d2d201db0: start LeaderElection
datanode_1  | 2019-10-22 17:15:14,352 INFO impl.RoleInfo: fe5b7e35-4f61-4930-ad12-4498567b4f9a: shutdown FollowerState
scm_1       | 2019-10-22 17:15:30,068 INFO server.SCMBlockProtocolServer: Allocating 1 blocks of size 268435456, with ExcludeList {datanodes = [], containerIds = [], pipelineIds = []}
