datanode_3  | 2019-10-22 17:24:11 (13.6 MB/s) - '/etc/security/keytabs/nm.keytab' saved [158/158]
kms_1       | HTTP request sent, awaiting response... 200 OK
kdc_1       | Oct 22 17:23:59 kdc kadmind[15](Notice): Request: kadm5_get_policy, default, Policy does not exist, client=admin/admin@EXAMPLE.COM, service=kadmin/admin@EXAMPLE.COM, addr=127.0.0.1
nm_1        | 
jhs         | 2019-10-22 17:24:12 (10.7 MB/s) - '/etc/security/keytabs/nm.keytab' saved [140/140]
datanode_2  | 
om_1        | Length: 142 [application/octet-stream]
rm_1        | Keytab name: FILE:/etc/security/keytabs/nm.keytab
datanode_1  | 2019-10-22 17:24:13 (7.08 MB/s) - '/etc/security/keytabs/nm.keytab' saved [158/158]
scm_1       | ---- ----------------- --------------------------------------------------------
s3g_1       |    2 10/22/19 17:24:12 nm/s3g@EXAMPLE.COM
datanode_3  | 
kms_1       | Length: 162 [application/octet-stream]
kdc_1       | Oct 22 17:23:59 kdc kadmind[15](Notice): Request: kadm5_create_principal, dn/scm@EXAMPLE.COM, success, client=admin/admin@EXAMPLE.COM, service=kadmin/admin@EXAMPLE.COM, addr=127.0.0.1
nm_1        | Keytab name: FILE:/etc/security/keytabs/nm.keytab
jhs         | 
datanode_2  | 2019-10-22 17:24:12 (11.5 MB/s) - '/etc/security/keytabs/nm.keytab' saved [158/158]
om_1        | Saving to: '/etc/security/keytabs/yarn.keytab'
datanode_1  | 
rm_1        | KVNO Timestamp         Principal
scm_1       |    2 10/22/19 17:24:11 nm/scm@EXAMPLE.COM
datanode_3  | Keytab name: FILE:/etc/security/keytabs/nm.keytab
kms_1       | Saving to: '/etc/security/keytabs/yarn.keytab'
s3g_1       |    2 10/22/19 17:24:12 nm/s3g@EXAMPLE.COM
kdc_1       | Oct 22 17:23:59 kdc kadmind[15](info): closing down fd 18
nm_1        | KVNO Timestamp         Principal
jhs         | Keytab name: FILE:/etc/security/keytabs/nm.keytab
datanode_2  | 
datanode_1  | Keytab name: FILE:/etc/security/keytabs/nm.keytab
rm_1        | ---- ----------------- --------------------------------------------------------
scm_1       |    2 10/22/19 17:24:11 nm/scm@EXAMPLE.COM
om_1        | 
datanode_3  | KVNO Timestamp         Principal
kms_1       | 
s3g_1       | Download yarn/s3g@EXAMPLE.COM keytab file to /etc/security/keytabs/yarn.keytab
kdc_1       | Oct 22 17:23:59 kdc kadmind[15](Notice): Request: kadm5_init, admin/admin@EXAMPLE.COM, success, client=admin/admin@EXAMPLE.COM, service=kadmin/admin@EXAMPLE.COM, addr=127.0.0.1, vers=4, flavor=6
nm_1        | ---- ----------------- --------------------------------------------------------
jhs         | KVNO Timestamp         Principal
datanode_1  | KVNO Timestamp         Principal
datanode_2  | Keytab name: FILE:/etc/security/keytabs/nm.keytab
rm_1        |    2 10/22/19 17:24:12 nm/rm@EXAMPLE.COM
scm_1       | Download yarn/scm@EXAMPLE.COM keytab file to /etc/security/keytabs/yarn.keytab
datanode_3  | ---- ----------------- --------------------------------------------------------
kms_1       |      0K                                                       100% 11.1M=0s
om_1        |      0K                                                       100% 10.5M=0s
s3g_1       | --2019-10-22 17:24:12--  http://kdc:8081/keytab/s3g/yarn
kdc_1       | Oct 22 17:23:59 kdc kadmind[15](Notice): Request: kadm5_randkey_principal, dn/scm@EXAMPLE.COM, success, client=admin/admin@EXAMPLE.COM, service=kadmin/admin@EXAMPLE.COM, addr=127.0.0.1
nm_1        |    2 10/22/19 17:24:13 nm/nm@EXAMPLE.COM
jhs         | ---- ----------------- --------------------------------------------------------
datanode_1  | ---- ----------------- --------------------------------------------------------
datanode_2  | KVNO Timestamp         Principal
rm_1        |    2 10/22/19 17:24:12 nm/rm@EXAMPLE.COM
scm_1       | --2019-10-22 17:24:11--  http://kdc:8081/keytab/scm/yarn
datanode_3  |    2 10/22/19 17:24:11 nm/92e73ef42e43@EXAMPLE.COM
kms_1       | 
om_1        | 
s3g_1       | Resolving kdc (kdc)... 172.18.0.2
kdc_1       | Oct 22 17:23:59 kdc kadmind[15](Notice): Request: kadm5_get_principal, dn/scm@EXAMPLE.COM, success, client=admin/admin@EXAMPLE.COM, service=kadmin/admin@EXAMPLE.COM, addr=127.0.0.1
nm_1        |    2 10/22/19 17:24:13 nm/nm@EXAMPLE.COM
datanode_1  |    2 10/22/19 17:24:13 nm/b5094cd4d15c@EXAMPLE.COM
rm_1        | Download yarn/rm@EXAMPLE.COM keytab file to /etc/security/keytabs/yarn.keytab
datanode_2  | ---- ----------------- --------------------------------------------------------
jhs         |    2 10/22/19 17:24:12 nm/jhs@EXAMPLE.COM
scm_1       | Resolving kdc (kdc)... 172.18.0.2
datanode_3  |    2 10/22/19 17:24:11 nm/92e73ef42e43@EXAMPLE.COM
kms_1       | 2019-10-22 17:24:15 (11.1 MB/s) - '/etc/security/keytabs/yarn.keytab' saved [162/162]
om_1        | 2019-10-22 17:24:17 (10.5 MB/s) - '/etc/security/keytabs/yarn.keytab' saved [142/142]
s3g_1       | Connecting to kdc (kdc)|172.18.0.2|:8081... connected.
kdc_1       | Oct 22 17:23:59 kdc kadmind[15](info): closing down fd 18
nm_1        | Download yarn/nm@EXAMPLE.COM keytab file to /etc/security/keytabs/yarn.keytab
datanode_1  |    2 10/22/19 17:24:13 nm/b5094cd4d15c@EXAMPLE.COM
rm_1        | --2019-10-22 17:24:12--  http://kdc:8081/keytab/rm/yarn
datanode_2  |    2 10/22/19 17:24:12 nm/39d706352630@EXAMPLE.COM
jhs         |    2 10/22/19 17:24:12 nm/jhs@EXAMPLE.COM
scm_1       | Connecting to kdc (kdc)|172.18.0.2|:8081... connected.
datanode_3  | Download yarn/92e73ef42e43@EXAMPLE.COM keytab file to /etc/security/keytabs/yarn.keytab
kms_1       | 
om_1        | 
s3g_1       | HTTP request sent, awaiting response... 200 OK
kdc_1       | Oct 22 17:23:59 kdc kadmind[15](Notice): Request: kadm5_init, admin/admin@EXAMPLE.COM, success, client=admin/admin@EXAMPLE.COM, service=kadmin/admin@EXAMPLE.COM, addr=127.0.0.1, vers=4, flavor=6
nm_1        | --2019-10-22 17:24:13--  http://kdc:8081/keytab/nm/yarn
datanode_1  | Download yarn/b5094cd4d15c@EXAMPLE.COM keytab file to /etc/security/keytabs/yarn.keytab
datanode_2  |    2 10/22/19 17:24:12 nm/39d706352630@EXAMPLE.COM
jhs         | Download yarn/jhs@EXAMPLE.COM keytab file to /etc/security/keytabs/yarn.keytab
scm_1       | HTTP request sent, awaiting response... 200 OK
datanode_3  | --2019-10-22 17:24:11--  http://kdc:8081/keytab/92e73ef42e43/yarn
rm_1        | Resolving kdc (kdc)... 172.18.0.2
s3g_1       | Length: 144 [application/octet-stream]
om_1        | Keytab name: FILE:/etc/security/keytabs/yarn.keytab
kdc_1       | Oct 22 17:23:59 kdc kadmind[15](Notice): Request: kadm5_get_policy, default, Policy does not exist, client=admin/admin@EXAMPLE.COM, service=kadmin/admin@EXAMPLE.COM, addr=127.0.0.1
nm_1        | Resolving kdc (kdc)... 172.18.0.2
kms_1       | Keytab name: FILE:/etc/security/keytabs/yarn.keytab
datanode_1  | --2019-10-22 17:24:13--  http://kdc:8081/keytab/b5094cd4d15c/yarn
datanode_2  | Download yarn/39d706352630@EXAMPLE.COM keytab file to /etc/security/keytabs/yarn.keytab
jhs         | --2019-10-22 17:24:12--  http://kdc:8081/keytab/jhs/yarn
scm_1       | Length: 144 [application/octet-stream]
datanode_3  | Resolving kdc (kdc)... 172.18.0.2
rm_1        | Connecting to kdc (kdc)|172.18.0.2|:8081... connected.
s3g_1       | Saving to: '/etc/security/keytabs/yarn.keytab'
om_1        | KVNO Timestamp         Principal
kdc_1       | Oct 22 17:23:59 kdc kadmind[15](Notice): Request: kadm5_create_principal, dn/92e73ef42e43@EXAMPLE.COM, success, client=admin/admin@EXAMPLE.COM, service=kadmin/admin@EXAMPLE.COM, addr=127.0.0.1
nm_1        | Connecting to kdc (kdc)|172.18.0.2|:8081... connected.
kms_1       | KVNO Timestamp         Principal
datanode_1  | Resolving kdc (kdc)... 172.18.0.2
datanode_2  | --2019-10-22 17:24:12--  http://kdc:8081/keytab/39d706352630/yarn
jhs         | Resolving kdc (kdc)... 172.18.0.2
scm_1       | Saving to: '/etc/security/keytabs/yarn.keytab'
datanode_3  | Connecting to kdc (kdc)|172.18.0.2|:8081... connected.
rm_1        | HTTP request sent, awaiting response... 200 OK
s3g_1       | 
om_1        | ---- ----------------- --------------------------------------------------------
kdc_1       | Oct 22 17:23:59 kdc kadmind[15](info): closing down fd 18
nm_1        | HTTP request sent, awaiting response... 200 OK
kms_1       | ---- ----------------- --------------------------------------------------------
datanode_1  | Connecting to kdc (kdc)|172.18.0.2|:8081... connected.
datanode_2  | Resolving kdc (kdc)... 172.18.0.2
jhs         | Connecting to kdc (kdc)|172.18.0.2|:8081... connected.
scm_1       | 
datanode_3  | HTTP request sent, awaiting response... 200 OK
rm_1        | Length: 142 [application/octet-stream]
s3g_1       |      0K                                                       100% 10.8M=0s
om_1        |    2 10/22/19 17:24:17 yarn/om@EXAMPLE.COM
kdc_1       | Oct 22 17:23:59 kdc kadmind[15](Notice): Request: kadm5_init, admin/admin@EXAMPLE.COM, success, client=admin/admin@EXAMPLE.COM, service=kadmin/admin@EXAMPLE.COM, addr=127.0.0.1, vers=4, flavor=6
kms_1       |    2 10/22/19 17:24:14 yarn/a4749c6a09f5@EXAMPLE.COM
datanode_1  | HTTP request sent, awaiting response... 200 OK
jhs         | HTTP request sent, awaiting response... 200 OK
nm_1        | Length: 142 [application/octet-stream]
datanode_2  | Connecting to kdc (kdc)|172.18.0.2|:8081... connected.
scm_1       |      0K                                                       100% 10.1M=0s
datanode_3  | Length: 162 [application/octet-stream]
rm_1        | Saving to: '/etc/security/keytabs/yarn.keytab'
s3g_1       | 
om_1        |    2 10/22/19 17:24:17 yarn/om@EXAMPLE.COM
kms_1       |    2 10/22/19 17:24:14 yarn/a4749c6a09f5@EXAMPLE.COM
kdc_1       | Oct 22 17:23:59 kdc kadmind[15](Notice): Request: kadm5_randkey_principal, dn/92e73ef42e43@EXAMPLE.COM, success, client=admin/admin@EXAMPLE.COM, service=kadmin/admin@EXAMPLE.COM, addr=127.0.0.1
datanode_1  | Length: 162 [application/octet-stream]
nm_1        | Saving to: '/etc/security/keytabs/yarn.keytab'
datanode_2  | HTTP request sent, awaiting response... 200 OK
scm_1       | 
datanode_3  | Saving to: '/etc/security/keytabs/yarn.keytab'
jhs         | Length: 144 [application/octet-stream]
rm_1        | 
s3g_1       | 2019-10-22 17:24:14 (10.8 MB/s) - '/etc/security/keytabs/yarn.keytab' saved [144/144]
kms_1       | Download jhs/a4749c6a09f5@EXAMPLE.COM keytab file to /etc/security/keytabs/jhs.keytab
kdc_1       | Oct 22 17:23:59 kdc kadmind[15](Notice): Request: kadm5_get_principal, dn/92e73ef42e43@EXAMPLE.COM, success, client=admin/admin@EXAMPLE.COM, service=kadmin/admin@EXAMPLE.COM, addr=127.0.0.1
om_1        | Download jhs/om@EXAMPLE.COM keytab file to /etc/security/keytabs/jhs.keytab
datanode_1  | Saving to: '/etc/security/keytabs/yarn.keytab'
nm_1        | 
datanode_2  | Length: 162 [application/octet-stream]
scm_1       | 2019-10-22 17:24:13 (10.1 MB/s) - '/etc/security/keytabs/yarn.keytab' saved [144/144]
datanode_3  | 
jhs         | Saving to: '/etc/security/keytabs/yarn.keytab'
rm_1        |      0K                                                       100% 10.5M=0s
s3g_1       | 
kms_1       | --2019-10-22 17:24:15--  http://kdc:8081/keytab/a4749c6a09f5/jhs
kdc_1       | Oct 22 17:23:59 kdc kadmind[15](info): closing down fd 18
om_1        | --2019-10-22 17:24:17--  http://kdc:8081/keytab/om/jhs
datanode_1  | 
nm_1        |      0K                                                       100% 11.5M=0s
datanode_2  | Saving to: '/etc/security/keytabs/yarn.keytab'
scm_1       | 
datanode_3  |      0K                                                       100% 14.2M=0s
jhs         | 
rm_1        | 
s3g_1       | Keytab name: FILE:/etc/security/keytabs/yarn.keytab
kms_1       | Resolving kdc (kdc)... 172.18.0.2
kdc_1       | Oct 22 17:23:59 kdc kadmind[15](Notice): Request: kadm5_init, admin/admin@EXAMPLE.COM, success, client=admin/admin@EXAMPLE.COM, service=kadmin/admin@EXAMPLE.COM, addr=127.0.0.1, vers=4, flavor=6
om_1        | Resolving kdc (kdc)... 172.18.0.2
datanode_1  |      0K                                                       100% 13.0M=0s
nm_1        | 
datanode_2  | 
scm_1       | Keytab name: FILE:/etc/security/keytabs/yarn.keytab
datanode_3  | 
jhs         |      0K                                                       100% 10.1M=0s
rm_1        | 2019-10-22 17:24:14 (10.5 MB/s) - '/etc/security/keytabs/yarn.keytab' saved [142/142]
s3g_1       | KVNO Timestamp         Principal
kms_1       | Connecting to kdc (kdc)|172.18.0.2|:8081... connected.
kdc_1       | Oct 22 17:23:59 kdc kadmind[15](Notice): Request: kadm5_get_policy, default, Policy does not exist, client=admin/admin@EXAMPLE.COM, service=kadmin/admin@EXAMPLE.COM, addr=127.0.0.1
om_1        | Connecting to kdc (kdc)|172.18.0.2|:8081... connected.
datanode_1  | 
nm_1        | 2019-10-22 17:24:15 (11.5 MB/s) - '/etc/security/keytabs/yarn.keytab' saved [142/142]
datanode_2  |      0K                                                       100% 12.3M=0s
scm_1       | KVNO Timestamp         Principal
datanode_3  | 2019-10-22 17:24:14 (14.2 MB/s) - '/etc/security/keytabs/yarn.keytab' saved [162/162]
jhs         | 
rm_1        | 
s3g_1       | ---- ----------------- --------------------------------------------------------
kms_1       | HTTP request sent, awaiting response... 200 OK
kdc_1       | Oct 22 17:23:59 kdc kadmind[15](Notice): Request: kadm5_create_principal, dn/39d706352630@EXAMPLE.COM, success, client=admin/admin@EXAMPLE.COM, service=kadmin/admin@EXAMPLE.COM, addr=127.0.0.1
om_1        | HTTP request sent, awaiting response... 200 OK
datanode_1  | 2019-10-22 17:24:15 (13.0 MB/s) - '/etc/security/keytabs/yarn.keytab' saved [162/162]
nm_1        | 
datanode_2  | 
scm_1       | ---- ----------------- --------------------------------------------------------
datanode_3  | 
jhs         | 2019-10-22 17:24:14 (10.1 MB/s) - '/etc/security/keytabs/yarn.keytab' saved [144/144]
rm_1        | Keytab name: FILE:/etc/security/keytabs/yarn.keytab
kms_1       | Length: 160 [application/octet-stream]
s3g_1       |    2 10/22/19 17:24:14 yarn/s3g@EXAMPLE.COM
kdc_1       | Oct 22 17:23:59 kdc kadmind[15](info): closing down fd 18
om_1        | Length: 140 [application/octet-stream]
datanode_1  | 
nm_1        | Keytab name: FILE:/etc/security/keytabs/yarn.keytab
datanode_2  | 2019-10-22 17:24:14 (12.3 MB/s) - '/etc/security/keytabs/yarn.keytab' saved [162/162]
datanode_3  | Keytab name: FILE:/etc/security/keytabs/yarn.keytab
jhs         | 
rm_1        | KVNO Timestamp         Principal
kms_1       | Saving to: '/etc/security/keytabs/jhs.keytab'
scm_1       |    2 10/22/19 17:24:13 yarn/scm@EXAMPLE.COM
s3g_1       |    2 10/22/19 17:24:14 yarn/s3g@EXAMPLE.COM
kdc_1       | Oct 22 17:23:59 kdc kadmind[15](Notice): Request: kadm5_init, admin/admin@EXAMPLE.COM, success, client=admin/admin@EXAMPLE.COM, service=kadmin/admin@EXAMPLE.COM, addr=127.0.0.1, vers=4, flavor=6
om_1        | Saving to: '/etc/security/keytabs/jhs.keytab'
datanode_1  | Keytab name: FILE:/etc/security/keytabs/yarn.keytab
nm_1        | KVNO Timestamp         Principal
datanode_2  | 
datanode_3  | KVNO Timestamp         Principal
jhs         | Keytab name: FILE:/etc/security/keytabs/yarn.keytab
rm_1        | ---- ----------------- --------------------------------------------------------
kms_1       | 
scm_1       |    2 10/22/19 17:24:13 yarn/scm@EXAMPLE.COM
s3g_1       | Download jhs/s3g@EXAMPLE.COM keytab file to /etc/security/keytabs/jhs.keytab
kdc_1       | Oct 22 17:23:59 kdc kadmind[15](Notice): Request: kadm5_randkey_principal, dn/39d706352630@EXAMPLE.COM, success, client=admin/admin@EXAMPLE.COM, service=kadmin/admin@EXAMPLE.COM, addr=127.0.0.1
om_1        | 
datanode_1  | KVNO Timestamp         Principal
nm_1        | ---- ----------------- --------------------------------------------------------
datanode_2  | Keytab name: FILE:/etc/security/keytabs/yarn.keytab
datanode_3  | ---- ----------------- --------------------------------------------------------
jhs         | KVNO Timestamp         Principal
rm_1        |    2 10/22/19 17:24:14 yarn/rm@EXAMPLE.COM
kms_1       |      0K                                                       100% 12.2M=0s
scm_1       | Download jhs/scm@EXAMPLE.COM keytab file to /etc/security/keytabs/jhs.keytab
s3g_1       | --2019-10-22 17:24:14--  http://kdc:8081/keytab/s3g/jhs
kdc_1       | Oct 22 17:23:59 kdc kadmind[15](Notice): Request: kadm5_get_principal, dn/39d706352630@EXAMPLE.COM, success, client=admin/admin@EXAMPLE.COM, service=kadmin/admin@EXAMPLE.COM, addr=127.0.0.1
om_1        |      0K                                                       100% 8.14M=0s
datanode_1  | ---- ----------------- --------------------------------------------------------
nm_1        |    2 10/22/19 17:24:15 yarn/nm@EXAMPLE.COM
datanode_2  | KVNO Timestamp         Principal
datanode_3  |    2 10/22/19 17:24:13 yarn/92e73ef42e43@EXAMPLE.COM
jhs         | ---- ----------------- --------------------------------------------------------
rm_1        |    2 10/22/19 17:24:14 yarn/rm@EXAMPLE.COM
kms_1       | 
scm_1       | --2019-10-22 17:24:13--  http://kdc:8081/keytab/scm/jhs
s3g_1       | Resolving kdc (kdc)... 172.18.0.2
om_1        | 
kdc_1       | Oct 22 17:23:59 kdc kadmind[15](info): closing down fd 18
datanode_1  |    2 10/22/19 17:24:15 yarn/b5094cd4d15c@EXAMPLE.COM
nm_1        |    2 10/22/19 17:24:15 yarn/nm@EXAMPLE.COM
datanode_2  | ---- ----------------- --------------------------------------------------------
datanode_3  |    2 10/22/19 17:24:14 yarn/92e73ef42e43@EXAMPLE.COM
jhs         |    2 10/22/19 17:24:14 yarn/jhs@EXAMPLE.COM
rm_1        | Download jhs/rm@EXAMPLE.COM keytab file to /etc/security/keytabs/jhs.keytab
kms_1       | 2019-10-22 17:24:16 (12.2 MB/s) - '/etc/security/keytabs/jhs.keytab' saved [160/160]
scm_1       | Resolving kdc (kdc)... 172.18.0.2
s3g_1       | Connecting to kdc (kdc)|172.18.0.2|:8081... connected.
om_1        | 2019-10-22 17:24:19 (8.14 MB/s) - '/etc/security/keytabs/jhs.keytab' saved [140/140]
kdc_1       | Oct 22 17:24:00 kdc kadmind[15](Notice): Request: kadm5_init, admin/admin@EXAMPLE.COM, success, client=admin/admin@EXAMPLE.COM, service=kadmin/admin@EXAMPLE.COM, addr=127.0.0.1, vers=4, flavor=6
datanode_1  |    2 10/22/19 17:24:15 yarn/b5094cd4d15c@EXAMPLE.COM
nm_1        | Download jhs/nm@EXAMPLE.COM keytab file to /etc/security/keytabs/jhs.keytab
datanode_2  |    2 10/22/19 17:24:14 yarn/39d706352630@EXAMPLE.COM
datanode_3  | Download jhs/92e73ef42e43@EXAMPLE.COM keytab file to /etc/security/keytabs/jhs.keytab
jhs         |    2 10/22/19 17:24:14 yarn/jhs@EXAMPLE.COM
kms_1       | 
rm_1        | --2019-10-22 17:24:14--  http://kdc:8081/keytab/rm/jhs
s3g_1       | HTTP request sent, awaiting response... 200 OK
kdc_1       | Oct 22 17:24:00 kdc kadmind[15](Notice): Request: kadm5_get_policy, default, Policy does not exist, client=admin/admin@EXAMPLE.COM, service=kadmin/admin@EXAMPLE.COM, addr=127.0.0.1
om_1        | 
scm_1       | Connecting to kdc (kdc)|172.18.0.2|:8081... connected.
datanode_1  | Download jhs/b5094cd4d15c@EXAMPLE.COM keytab file to /etc/security/keytabs/jhs.keytab
nm_1        | --2019-10-22 17:24:15--  http://kdc:8081/keytab/nm/jhs
datanode_3  | --2019-10-22 17:24:14--  http://kdc:8081/keytab/92e73ef42e43/jhs
jhs         | Download jhs/jhs@EXAMPLE.COM keytab file to /etc/security/keytabs/jhs.keytab
datanode_2  |    2 10/22/19 17:24:14 yarn/39d706352630@EXAMPLE.COM
kms_1       | Keytab name: FILE:/etc/security/keytabs/jhs.keytab
rm_1        | Resolving kdc (kdc)... 172.18.0.2
s3g_1       | Length: 142 [application/octet-stream]
om_1        | Keytab name: FILE:/etc/security/keytabs/jhs.keytab
datanode_1  | --2019-10-22 17:24:15--  http://kdc:8081/keytab/b5094cd4d15c/jhs
scm_1       | HTTP request sent, awaiting response... 200 OK
kdc_1       | Oct 22 17:24:00 kdc kadmind[15](Notice): Request: kadm5_create_principal, dn/rm@EXAMPLE.COM, success, client=admin/admin@EXAMPLE.COM, service=kadmin/admin@EXAMPLE.COM, addr=127.0.0.1
nm_1        | Resolving kdc (kdc)... 172.18.0.2
datanode_3  | Resolving kdc (kdc)... 172.18.0.2
jhs         | --2019-10-22 17:24:14--  http://kdc:8081/keytab/jhs/jhs
datanode_2  | Download jhs/39d706352630@EXAMPLE.COM keytab file to /etc/security/keytabs/jhs.keytab
kms_1       | KVNO Timestamp         Principal
rm_1        | Connecting to kdc (kdc)|172.18.0.2|:8081... connected.
s3g_1       | Saving to: '/etc/security/keytabs/jhs.keytab'
om_1        | KVNO Timestamp         Principal
datanode_1  | Resolving kdc (kdc)... 172.18.0.2
scm_1       | Length: 142 [application/octet-stream]
kdc_1       | Oct 22 17:24:00 kdc kadmind[15](info): closing down fd 18
nm_1        | Connecting to kdc (kdc)|172.18.0.2|:8081... connected.
datanode_3  | Connecting to kdc (kdc)|172.18.0.2|:8081... connected.
jhs         | Resolving kdc (kdc)... 172.18.0.2
datanode_2  | --2019-10-22 17:24:14--  http://kdc:8081/keytab/39d706352630/jhs
kms_1       | ---- ----------------- --------------------------------------------------------
s3g_1       | 
om_1        | ---- ----------------- --------------------------------------------------------
rm_1        | HTTP request sent, awaiting response... 200 OK
datanode_1  | Connecting to kdc (kdc)|172.18.0.2|:8081... connected.
kdc_1       | Oct 22 17:24:00 kdc kadmind[15](Notice): Request: kadm5_init, admin/admin@EXAMPLE.COM, success, client=admin/admin@EXAMPLE.COM, service=kadmin/admin@EXAMPLE.COM, addr=127.0.0.1, vers=4, flavor=6
nm_1        | HTTP request sent, awaiting response... 200 OK
scm_1       | Saving to: '/etc/security/keytabs/jhs.keytab'
datanode_3  | HTTP request sent, awaiting response... 200 OK
jhs         | Connecting to kdc (kdc)|172.18.0.2|:8081... connected.
datanode_2  | Resolving kdc (kdc)... 172.18.0.2
kms_1       |    2 10/22/19 17:24:16 jhs/a4749c6a09f5@EXAMPLE.COM
s3g_1       |      0K                                                       100% 9.71M=0s
rm_1        | Length: 140 [application/octet-stream]
om_1        |    2 10/22/19 17:24:19 jhs/om@EXAMPLE.COM
datanode_1  | HTTP request sent, awaiting response... 200 OK
kdc_1       | Oct 22 17:24:00 kdc kadmind[15](Notice): Request: kadm5_randkey_principal, dn/rm@EXAMPLE.COM, success, client=admin/admin@EXAMPLE.COM, service=kadmin/admin@EXAMPLE.COM, addr=127.0.0.1
nm_1        | Length: 140 [application/octet-stream]
scm_1       | 
datanode_3  | Length: 160 [application/octet-stream]
jhs         | HTTP request sent, awaiting response... 200 OK
datanode_2  | Connecting to kdc (kdc)|172.18.0.2|:8081... connected.
kms_1       |    2 10/22/19 17:24:16 jhs/a4749c6a09f5@EXAMPLE.COM
s3g_1       | 
rm_1        | Saving to: '/etc/security/keytabs/jhs.keytab'
om_1        |    2 10/22/19 17:24:19 jhs/om@EXAMPLE.COM
datanode_1  | Length: 160 [application/octet-stream]
kdc_1       | Oct 22 17:24:00 kdc kadmind[15](Notice): Request: kadm5_get_principal, dn/rm@EXAMPLE.COM, success, client=admin/admin@EXAMPLE.COM, service=kadmin/admin@EXAMPLE.COM, addr=127.0.0.1
nm_1        | Saving to: '/etc/security/keytabs/jhs.keytab'
scm_1       |      0K                                                       100% 14.6M=0s
datanode_3  | Saving to: '/etc/security/keytabs/jhs.keytab'
jhs         | Length: 142 [application/octet-stream]
datanode_2  | HTTP request sent, awaiting response... 200 OK
kms_1       | Download hadoop/a4749c6a09f5@EXAMPLE.COM keytab file to /etc/security/keytabs/hadoop.keytab
s3g_1       | 2019-10-22 17:24:16 (9.71 MB/s) - '/etc/security/keytabs/jhs.keytab' saved [142/142]
rm_1        | 
om_1        | Download hadoop/om@EXAMPLE.COM keytab file to /etc/security/keytabs/hadoop.keytab
datanode_1  | Saving to: '/etc/security/keytabs/jhs.keytab'
kdc_1       | Oct 22 17:24:00 kdc kadmind[15](info): closing down fd 18
nm_1        | 
scm_1       | 
datanode_3  | 
jhs         | Saving to: '/etc/security/keytabs/jhs.keytab'
datanode_2  | Length: 160 [application/octet-stream]
kms_1       | --2019-10-22 17:24:16--  http://kdc:8081/keytab/a4749c6a09f5/hadoop
s3g_1       | 
rm_1        |      0K                                                       100% 9.82M=0s
om_1        | --2019-10-22 17:24:19--  http://kdc:8081/keytab/om/hadoop
datanode_1  | 
kdc_1       | Oct 22 17:24:00 kdc kadmind[15](Notice): Request: kadm5_init, admin/admin@EXAMPLE.COM, success, client=admin/admin@EXAMPLE.COM, service=kadmin/admin@EXAMPLE.COM, addr=127.0.0.1, vers=4, flavor=6
nm_1        |      0K                                                       100% 11.0M=0s
scm_1       | 2019-10-22 17:24:15 (14.6 MB/s) - '/etc/security/keytabs/jhs.keytab' saved [142/142]
jhs         | 
datanode_3  |      0K                                                       100% 12.5M=0s
datanode_2  | Saving to: '/etc/security/keytabs/jhs.keytab'
kms_1       | Resolving kdc (kdc)... 172.18.0.2
s3g_1       | Keytab name: FILE:/etc/security/keytabs/jhs.keytab
rm_1        | 
om_1        | Resolving kdc (kdc)... 172.18.0.2
datanode_1  |      0K                                                       100% 11.2M=0s
kdc_1       | Oct 22 17:24:00 kdc kadmind[15](Notice): Request: kadm5_get_policy, default, Policy does not exist, client=admin/admin@EXAMPLE.COM, service=kadmin/admin@EXAMPLE.COM, addr=127.0.0.1
nm_1        | 
scm_1       | 
jhs         |      0K                                                       100% 10.8M=0s
datanode_3  | 
datanode_2  | 
kms_1       | Connecting to kdc (kdc)|172.18.0.2|:8081... connected.
s3g_1       | KVNO Timestamp         Principal
rm_1        | 2019-10-22 17:24:16 (9.82 MB/s) - '/etc/security/keytabs/jhs.keytab' saved [140/140]
om_1        | Connecting to kdc (kdc)|172.18.0.2|:8081... connected.
datanode_1  | 
kdc_1       | Oct 22 17:24:00 kdc kadmind[15](Notice): Request: kadm5_create_principal, dn/jhs@EXAMPLE.COM, success, client=admin/admin@EXAMPLE.COM, service=kadmin/admin@EXAMPLE.COM, addr=127.0.0.1
nm_1        | 2019-10-22 17:24:17 (11.0 MB/s) - '/etc/security/keytabs/jhs.keytab' saved [140/140]
scm_1       | Keytab name: FILE:/etc/security/keytabs/jhs.keytab
jhs         | 
datanode_3  | 2019-10-22 17:24:16 (12.5 MB/s) - '/etc/security/keytabs/jhs.keytab' saved [160/160]
datanode_2  |      0K                                                       100% 11.7M=0s
kms_1       | HTTP request sent, awaiting response... 200 OK
s3g_1       | ---- ----------------- --------------------------------------------------------
rm_1        | 
om_1        | HTTP request sent, awaiting response... 200 OK
kdc_1       | Oct 22 17:24:00 kdc kadmind[15](info): closing down fd 18
datanode_1  | 2019-10-22 17:24:17 (11.2 MB/s) - '/etc/security/keytabs/jhs.keytab' saved [160/160]
nm_1        | 
scm_1       | KVNO Timestamp         Principal
jhs         | 2019-10-22 17:24:16 (10.8 MB/s) - '/etc/security/keytabs/jhs.keytab' saved [142/142]
datanode_3  | 
datanode_2  | 
kms_1       | Length: 166 [application/octet-stream]
s3g_1       |    2 10/22/19 17:24:16 jhs/s3g@EXAMPLE.COM
rm_1        | Keytab name: FILE:/etc/security/keytabs/jhs.keytab
om_1        | Length: 146 [application/octet-stream]
kdc_1       | Oct 22 17:24:00 kdc kadmind[15](Notice): Request: kadm5_init, admin/admin@EXAMPLE.COM, success, client=admin/admin@EXAMPLE.COM, service=kadmin/admin@EXAMPLE.COM, addr=127.0.0.1, vers=4, flavor=6
datanode_1  | 
nm_1        | Keytab name: FILE:/etc/security/keytabs/jhs.keytab
jhs         | 
scm_1       | ---- ----------------- --------------------------------------------------------
datanode_3  | Keytab name: FILE:/etc/security/keytabs/jhs.keytab
datanode_2  | 2019-10-22 17:24:16 (11.7 MB/s) - '/etc/security/keytabs/jhs.keytab' saved [160/160]
kms_1       | Saving to: '/etc/security/keytabs/hadoop.keytab'
s3g_1       |    2 10/22/19 17:24:16 jhs/s3g@EXAMPLE.COM
rm_1        | KVNO Timestamp         Principal
kdc_1       | Oct 22 17:24:00 kdc kadmind[15](Notice): Request: kadm5_randkey_principal, dn/jhs@EXAMPLE.COM, success, client=admin/admin@EXAMPLE.COM, service=kadmin/admin@EXAMPLE.COM, addr=127.0.0.1
datanode_1  | Keytab name: FILE:/etc/security/keytabs/jhs.keytab
om_1        | Saving to: '/etc/security/keytabs/hadoop.keytab'
nm_1        | KVNO Timestamp         Principal
jhs         | Keytab name: FILE:/etc/security/keytabs/jhs.keytab
scm_1       |    2 10/22/19 17:24:15 jhs/scm@EXAMPLE.COM
datanode_3  | KVNO Timestamp         Principal
datanode_2  | 
kms_1       | 
s3g_1       | Download hadoop/s3g@EXAMPLE.COM keytab file to /etc/security/keytabs/hadoop.keytab
rm_1        | ---- ----------------- --------------------------------------------------------
kdc_1       | Oct 22 17:24:00 kdc kadmind[15](Notice): Request: kadm5_get_principal, dn/jhs@EXAMPLE.COM, success, client=admin/admin@EXAMPLE.COM, service=kadmin/admin@EXAMPLE.COM, addr=127.0.0.1
datanode_1  | KVNO Timestamp         Principal
om_1        | 
nm_1        | ---- ----------------- --------------------------------------------------------
jhs         | KVNO Timestamp         Principal
scm_1       |    2 10/22/19 17:24:15 jhs/scm@EXAMPLE.COM
datanode_3  | ---- ----------------- --------------------------------------------------------
datanode_2  | Keytab name: FILE:/etc/security/keytabs/jhs.keytab
kms_1       |      0K                                                       100% 11.4M=0s
s3g_1       | --2019-10-22 17:24:16--  http://kdc:8081/keytab/s3g/hadoop
rm_1        |    2 10/22/19 17:24:16 jhs/rm@EXAMPLE.COM
kdc_1       | Oct 22 17:24:00 kdc kadmind[15](info): closing down fd 18
om_1        |      0K                                                       100% 14.0M=0s
nm_1        |    2 10/22/19 17:24:17 jhs/nm@EXAMPLE.COM
jhs         | ---- ----------------- --------------------------------------------------------
datanode_1  | ---- ----------------- --------------------------------------------------------
scm_1       | Download hadoop/scm@EXAMPLE.COM keytab file to /etc/security/keytabs/hadoop.keytab
datanode_3  |    2 10/22/19 17:24:15 jhs/92e73ef42e43@EXAMPLE.COM
datanode_2  | KVNO Timestamp         Principal
kms_1       | 
s3g_1       | Resolving kdc (kdc)... 172.18.0.2
rm_1        |    2 10/22/19 17:24:16 jhs/rm@EXAMPLE.COM
kdc_1       | Oct 22 17:24:00 kdc kadmind[15](Notice): Request: kadm5_init, admin/admin@EXAMPLE.COM, success, client=admin/admin@EXAMPLE.COM, service=kadmin/admin@EXAMPLE.COM, addr=127.0.0.1, vers=4, flavor=6
om_1        | 
nm_1        |    2 10/22/19 17:24:17 jhs/nm@EXAMPLE.COM
jhs         |    2 10/22/19 17:24:16 jhs/jhs@EXAMPLE.COM
datanode_1  |    2 10/22/19 17:24:17 jhs/b5094cd4d15c@EXAMPLE.COM
scm_1       | --2019-10-22 17:24:15--  http://kdc:8081/keytab/scm/hadoop
datanode_3  |    2 10/22/19 17:24:16 jhs/92e73ef42e43@EXAMPLE.COM
datanode_2  | ---- ----------------- --------------------------------------------------------
kms_1       | 2019-10-22 17:24:18 (11.4 MB/s) - '/etc/security/keytabs/hadoop.keytab' saved [166/166]
s3g_1       | Connecting to kdc (kdc)|172.18.0.2|:8081... connected.
rm_1        | Download hadoop/rm@EXAMPLE.COM keytab file to /etc/security/keytabs/hadoop.keytab
kdc_1       | Oct 22 17:24:00 kdc kadmind[15](Notice): Request: kadm5_get_policy, default, Policy does not exist, client=admin/admin@EXAMPLE.COM, service=kadmin/admin@EXAMPLE.COM, addr=127.0.0.1
om_1        | 2019-10-22 17:24:20 (14.0 MB/s) - '/etc/security/keytabs/hadoop.keytab' saved [146/146]
nm_1        | Download hadoop/nm@EXAMPLE.COM keytab file to /etc/security/keytabs/hadoop.keytab
jhs         |    2 10/22/19 17:24:16 jhs/jhs@EXAMPLE.COM
datanode_1  |    2 10/22/19 17:24:17 jhs/b5094cd4d15c@EXAMPLE.COM
scm_1       | Resolving kdc (kdc)... 172.18.0.2
datanode_3  | Download hadoop/92e73ef42e43@EXAMPLE.COM keytab file to /etc/security/keytabs/hadoop.keytab
datanode_2  |    2 10/22/19 17:24:16 jhs/39d706352630@EXAMPLE.COM
kms_1       | 
s3g_1       | HTTP request sent, awaiting response... 200 OK
rm_1        | --2019-10-22 17:24:16--  http://kdc:8081/keytab/rm/hadoop
kdc_1       | Oct 22 17:24:00 kdc kadmind[15](Notice): Request: kadm5_create_principal, dn/s3g@EXAMPLE.COM, success, client=admin/admin@EXAMPLE.COM, service=kadmin/admin@EXAMPLE.COM, addr=127.0.0.1
om_1        | 
nm_1        | --2019-10-22 17:24:17--  http://kdc:8081/keytab/nm/hadoop
jhs         | Download hadoop/jhs@EXAMPLE.COM keytab file to /etc/security/keytabs/hadoop.keytab
scm_1       | Connecting to kdc (kdc)|172.18.0.2|:8081... connected.
datanode_2  |    2 10/22/19 17:24:16 jhs/39d706352630@EXAMPLE.COM
datanode_3  | --2019-10-22 17:24:16--  http://kdc:8081/keytab/92e73ef42e43/hadoop
datanode_1  | Download hadoop/b5094cd4d15c@EXAMPLE.COM keytab file to /etc/security/keytabs/hadoop.keytab
kms_1       | Keytab name: FILE:/etc/security/keytabs/hadoop.keytab
s3g_1       | Length: 148 [application/octet-stream]
rm_1        | Resolving kdc (kdc)... 172.18.0.2
kdc_1       | Oct 22 17:24:00 kdc kadmind[15](info): closing down fd 18
om_1        | Keytab name: FILE:/etc/security/keytabs/hadoop.keytab
nm_1        | Resolving kdc (kdc)... 172.18.0.2
jhs         | --2019-10-22 17:24:16--  http://kdc:8081/keytab/jhs/hadoop
scm_1       | HTTP request sent, awaiting response... 200 OK
datanode_2  | Download hadoop/39d706352630@EXAMPLE.COM keytab file to /etc/security/keytabs/hadoop.keytab
datanode_3  | Resolving kdc (kdc)... 172.18.0.2
datanode_1  | --2019-10-22 17:24:17--  http://kdc:8081/keytab/b5094cd4d15c/hadoop
datanode_3  | Connecting to kdc (kdc)|172.18.0.2|:8081... connected.
rm_1        | Connecting to kdc (kdc)|172.18.0.2|:8081... connected.
s3g_1       | Saving to: '/etc/security/keytabs/hadoop.keytab'
kdc_1       | Oct 22 17:24:00 kdc kadmind[15](Notice): Request: kadm5_init, admin/admin@EXAMPLE.COM, success, client=admin/admin@EXAMPLE.COM, service=kadmin/admin@EXAMPLE.COM, addr=127.0.0.1, vers=4, flavor=6
om_1        | KVNO Timestamp         Principal
nm_1        | Connecting to kdc (kdc)|172.18.0.2|:8081... connected.
jhs         | Resolving kdc (kdc)... 172.18.0.2
scm_1       | Length: 148 [application/octet-stream]
datanode_2  | --2019-10-22 17:24:16--  http://kdc:8081/keytab/39d706352630/hadoop
kms_1       | KVNO Timestamp         Principal
datanode_1  | Resolving kdc (kdc)... 172.18.0.2
datanode_3  | HTTP request sent, awaiting response... 200 OK
s3g_1       | 
kdc_1       | Oct 22 17:24:00 kdc kadmind[15](Notice): Request: kadm5_randkey_principal, dn/s3g@EXAMPLE.COM, success, client=admin/admin@EXAMPLE.COM, service=kadmin/admin@EXAMPLE.COM, addr=127.0.0.1
om_1        | ---- ----------------- --------------------------------------------------------
jhs         | Connecting to kdc (kdc)|172.18.0.2|:8081... connected.
rm_1        | HTTP request sent, awaiting response... 200 OK
scm_1       | Saving to: '/etc/security/keytabs/hadoop.keytab'
kms_1       | ---- ----------------- --------------------------------------------------------
datanode_2  | Resolving kdc (kdc)... 172.18.0.2
datanode_1  | Connecting to kdc (kdc)|172.18.0.2|:8081... connected.
datanode_3  | Length: 166 [application/octet-stream]
s3g_1       |      0K                                                       100% 7.75M=0s
om_1        |    2 10/22/19 17:24:20 hadoop/om@EXAMPLE.COM
nm_1        | HTTP request sent, awaiting response... 200 OK
kdc_1       | Oct 22 17:24:00 kdc kadmind[15](Notice): Request: kadm5_get_principal, dn/s3g@EXAMPLE.COM, success, client=admin/admin@EXAMPLE.COM, service=kadmin/admin@EXAMPLE.COM, addr=127.0.0.1
jhs         | HTTP request sent, awaiting response... 200 OK
rm_1        | Length: 146 [application/octet-stream]
scm_1       | 
kms_1       |    2 10/22/19 17:24:18 hadoop/a4749c6a09f5@EXAMPLE.COM
datanode_2  | Connecting to kdc (kdc)|172.18.0.2|:8081... connected.
datanode_1  | HTTP request sent, awaiting response... 200 OK
datanode_3  | Saving to: '/etc/security/keytabs/hadoop.keytab'
s3g_1       | 
om_1        |    2 10/22/19 17:24:20 hadoop/om@EXAMPLE.COM
nm_1        | Length: 146 [application/octet-stream]
kdc_1       | Oct 22 17:24:00 kdc kadmind[15](info): closing down fd 18
rm_1        | Saving to: '/etc/security/keytabs/hadoop.keytab'
scm_1       |      0K                                                       100% 10.6M=0s
datanode_2  | HTTP request sent, awaiting response... 200 OK
kms_1       |    2 10/22/19 17:24:18 hadoop/a4749c6a09f5@EXAMPLE.COM
jhs         | Length: 148 [application/octet-stream]
datanode_1  | Length: 166 [application/octet-stream]
datanode_3  | 
s3g_1       | 2019-10-22 17:24:18 (7.75 MB/s) - '/etc/security/keytabs/hadoop.keytab' saved [148/148]
om_1        | Download spark/om@EXAMPLE.COM keytab file to /etc/security/keytabs/spark.keytab
nm_1        | Saving to: '/etc/security/keytabs/hadoop.keytab'
kdc_1       | Oct 22 17:24:00 kdc kadmind[15](Notice): Request: kadm5_init, admin/admin@EXAMPLE.COM, success, client=admin/admin@EXAMPLE.COM, service=kadmin/admin@EXAMPLE.COM, addr=127.0.0.1, vers=4, flavor=6
rm_1        | 
scm_1       | 
datanode_2  | Length: 166 [application/octet-stream]
jhs         | Saving to: '/etc/security/keytabs/hadoop.keytab'
kms_1       | Download spark/a4749c6a09f5@EXAMPLE.COM keytab file to /etc/security/keytabs/spark.keytab
datanode_1  | Saving to: '/etc/security/keytabs/hadoop.keytab'
datanode_3  |      0K                                                       100% 10.9M=0s
s3g_1       | 
om_1        | --2019-10-22 17:24:20--  http://kdc:8081/keytab/om/spark
nm_1        | 
kdc_1       | Oct 22 17:24:00 kdc kadmind[15](Notice): Request: kadm5_get_policy, default, Policy does not exist, client=admin/admin@EXAMPLE.COM, service=kadmin/admin@EXAMPLE.COM, addr=127.0.0.1
rm_1        |      0K                                                       100% 8.92M=0s
scm_1       | 2019-10-22 17:24:17 (10.6 MB/s) - '/etc/security/keytabs/hadoop.keytab' saved [148/148]
datanode_2  | Saving to: '/etc/security/keytabs/hadoop.keytab'
jhs         | 
kms_1       | --2019-10-22 17:24:18--  http://kdc:8081/keytab/a4749c6a09f5/spark
datanode_1  | 
datanode_3  | 
s3g_1       | Keytab name: FILE:/etc/security/keytabs/hadoop.keytab
om_1        | Resolving kdc (kdc)... 172.18.0.2
kdc_1       | Oct 22 17:24:00 kdc kadmind[15](Notice): Request: kadm5_create_principal, dn/a4749c6a09f5@EXAMPLE.COM, success, client=admin/admin@EXAMPLE.COM, service=kadmin/admin@EXAMPLE.COM, addr=127.0.0.1
rm_1        | 
scm_1       | 
datanode_2  | 
jhs         |      0K                                                       100% 10.2M=0s
kms_1       | Resolving kdc (kdc)... 172.18.0.2
datanode_3  | 2019-10-22 17:24:17 (10.9 MB/s) - '/etc/security/keytabs/hadoop.keytab' saved [166/166]
s3g_1       | KVNO Timestamp         Principal
om_1        | Connecting to kdc (kdc)|172.18.0.2|:8081... connected.
kdc_1       | Oct 22 17:24:00 kdc kadmind[15](info): closing down fd 18
rm_1        | 2019-10-22 17:24:18 (8.92 MB/s) - '/etc/security/keytabs/hadoop.keytab' saved [146/146]
datanode_1  |      0K                                                       100% 18.0M=0s
nm_1        |      0K                                                       100% 11.1M=0s
datanode_2  |      0K                                                       100% 12.5M=0s
jhs         | 
kms_1       | Connecting to kdc (kdc)|172.18.0.2|:8081... connected.
datanode_3  | 
scm_1       | Keytab name: FILE:/etc/security/keytabs/hadoop.keytab
s3g_1       | ---- ----------------- --------------------------------------------------------
om_1        | HTTP request sent, awaiting response... 200 OK
kdc_1       | Oct 22 17:24:00 kdc kadmind[15](Notice): Request: kadm5_init, admin/admin@EXAMPLE.COM, success, client=admin/admin@EXAMPLE.COM, service=kadmin/admin@EXAMPLE.COM, addr=127.0.0.1, vers=4, flavor=6
om_1        | Length: 144 [application/octet-stream]
datanode_1  | 
nm_1        | 
datanode_2  | 
jhs         | 2019-10-22 17:24:18 (10.2 MB/s) - '/etc/security/keytabs/hadoop.keytab' saved [148/148]
kms_1       | HTTP request sent, awaiting response... 200 OK
datanode_3  | Keytab name: FILE:/etc/security/keytabs/hadoop.keytab
scm_1       | KVNO Timestamp         Principal
s3g_1       |    2 10/22/19 17:24:18 hadoop/s3g@EXAMPLE.COM
rm_1        | 
kdc_1       | Entry for principal dn/a4749c6a09f5@EXAMPLE.COM with kvno 2, encryption type aes256-cts-hmac-sha1-96 added to keytab WRFILE:/data/dn.a4749c6a09f5.keytab.
om_1        | Saving to: '/etc/security/keytabs/spark.keytab'
datanode_1  | 2019-10-22 17:24:19 (18.0 MB/s) - '/etc/security/keytabs/hadoop.keytab' saved [166/166]
nm_1        | 2019-10-22 17:24:19 (11.1 MB/s) - '/etc/security/keytabs/hadoop.keytab' saved [146/146]
datanode_2  | 2019-10-22 17:24:18 (12.5 MB/s) - '/etc/security/keytabs/hadoop.keytab' saved [166/166]
jhs         | 
kms_1       | Length: 164 [application/octet-stream]
scm_1       | ---- ----------------- --------------------------------------------------------
s3g_1       |    2 10/22/19 17:24:18 hadoop/s3g@EXAMPLE.COM
rm_1        | Keytab name: FILE:/etc/security/keytabs/hadoop.keytab
kdc_1       | Entry for principal dn/a4749c6a09f5@EXAMPLE.COM with kvno 2, encryption type aes128-cts-hmac-sha1-96 added to keytab WRFILE:/data/dn.a4749c6a09f5.keytab.
om_1        | 
datanode_3  | KVNO Timestamp         Principal
datanode_1  | 
nm_1        | 
datanode_2  | 
jhs         | Keytab name: FILE:/etc/security/keytabs/hadoop.keytab
kms_1       | Saving to: '/etc/security/keytabs/spark.keytab'
scm_1       |    2 10/22/19 17:24:17 hadoop/scm@EXAMPLE.COM
s3g_1       | Download spark/s3g@EXAMPLE.COM keytab file to /etc/security/keytabs/spark.keytab
rm_1        | KVNO Timestamp         Principal
kdc_1       | Generiting keytab
om_1        |      0K                                                       100% 13.1M=0s
datanode_3  | ---- ----------------- --------------------------------------------------------
datanode_1  | Keytab name: FILE:/etc/security/keytabs/hadoop.keytab
nm_1        | Keytab name: FILE:/etc/security/keytabs/hadoop.keytab
datanode_2  | Keytab name: FILE:/etc/security/keytabs/hadoop.keytab
jhs         | KVNO Timestamp         Principal
kms_1       | 
scm_1       |    2 10/22/19 17:24:17 hadoop/scm@EXAMPLE.COM
s3g_1       | --2019-10-22 17:24:18--  http://kdc:8081/keytab/s3g/spark
rm_1        | ---- ----------------- --------------------------------------------------------
kdc_1       | Authenticating as principal admin/admin with keytab /tmp/admin.keytab.
om_1        | 
datanode_3  |    2 10/22/19 17:24:17 hadoop/92e73ef42e43@EXAMPLE.COM
datanode_1  | KVNO Timestamp         Principal
nm_1        | KVNO Timestamp         Principal
datanode_2  | KVNO Timestamp         Principal
jhs         | ---- ----------------- --------------------------------------------------------
kms_1       |      0K                                                       100% 13.8M=0s
scm_1       | Download spark/scm@EXAMPLE.COM keytab file to /etc/security/keytabs/spark.keytab
s3g_1       | Resolving kdc (kdc)... 172.18.0.2
rm_1        |    2 10/22/19 17:24:18 hadoop/rm@EXAMPLE.COM
kdc_1       | WARNING: no policy specified for om/scm@EXAMPLE.COM; defaulting to no policy
om_1        | 2019-10-22 17:24:21 (13.1 MB/s) - '/etc/security/keytabs/spark.keytab' saved [144/144]
datanode_3  |    2 10/22/19 17:24:17 hadoop/92e73ef42e43@EXAMPLE.COM
datanode_1  | ---- ----------------- --------------------------------------------------------
nm_1        | ---- ----------------- --------------------------------------------------------
datanode_2  | ---- ----------------- --------------------------------------------------------
jhs         |    2 10/22/19 17:24:18 hadoop/jhs@EXAMPLE.COM
kms_1       | 
scm_1       | --2019-10-22 17:24:17--  http://kdc:8081/keytab/scm/spark
s3g_1       | Connecting to kdc (kdc)|172.18.0.2|:8081... connected.
rm_1        |    2 10/22/19 17:24:18 hadoop/rm@EXAMPLE.COM
kdc_1       | Principal "om/scm@EXAMPLE.COM" created.
om_1        | 
datanode_3  | Download spark/92e73ef42e43@EXAMPLE.COM keytab file to /etc/security/keytabs/spark.keytab
datanode_1  |    2 10/22/19 17:24:19 hadoop/b5094cd4d15c@EXAMPLE.COM
nm_1        |    2 10/22/19 17:24:19 hadoop/nm@EXAMPLE.COM
datanode_2  |    2 10/22/19 17:24:18 hadoop/39d706352630@EXAMPLE.COM
jhs         |    2 10/22/19 17:24:18 hadoop/jhs@EXAMPLE.COM
kms_1       | 2019-10-22 17:24:20 (13.8 MB/s) - '/etc/security/keytabs/spark.keytab' saved [164/164]
scm_1       | Resolving kdc (kdc)... 172.18.0.2
s3g_1       | HTTP request sent, awaiting response... 200 OK
rm_1        | Download spark/rm@EXAMPLE.COM keytab file to /etc/security/keytabs/spark.keytab
kdc_1       | Authenticating as principal admin/admin with keytab /tmp/admin.keytab.
om_1        | Keytab name: FILE:/etc/security/keytabs/spark.keytab
datanode_3  | --2019-10-22 17:24:17--  http://kdc:8081/keytab/92e73ef42e43/spark
datanode_1  |    2 10/22/19 17:24:19 hadoop/b5094cd4d15c@EXAMPLE.COM
jhs         | Download spark/jhs@EXAMPLE.COM keytab file to /etc/security/keytabs/spark.keytab
nm_1        |    2 10/22/19 17:24:19 hadoop/nm@EXAMPLE.COM
scm_1       | Connecting to kdc (kdc)|172.18.0.2|:8081... connected.
kms_1       | 
datanode_2  |    2 10/22/19 17:24:18 hadoop/39d706352630@EXAMPLE.COM
s3g_1       | Length: 146 [application/octet-stream]
rm_1        | --2019-10-22 17:24:18--  http://kdc:8081/keytab/rm/spark
kdc_1       | Entry for principal om/scm@EXAMPLE.COM with kvno 2, encryption type aes256-cts-hmac-sha1-96 added to keytab WRFILE:/data/om.scm.keytab.
om_1        | KVNO Timestamp         Principal
datanode_3  | Resolving kdc (kdc)... 172.18.0.2
datanode_1  | Download spark/b5094cd4d15c@EXAMPLE.COM keytab file to /etc/security/keytabs/spark.keytab
jhs         | --2019-10-22 17:24:18--  http://kdc:8081/keytab/jhs/spark
nm_1        | Download spark/nm@EXAMPLE.COM keytab file to /etc/security/keytabs/spark.keytab
scm_1       | HTTP request sent, awaiting response... 200 OK
kms_1       | Keytab name: FILE:/etc/security/keytabs/spark.keytab
datanode_2  | Download spark/39d706352630@EXAMPLE.COM keytab file to /etc/security/keytabs/spark.keytab
s3g_1       | Saving to: '/etc/security/keytabs/spark.keytab'
rm_1        | Resolving kdc (kdc)... 172.18.0.2
kdc_1       | Entry for principal om/scm@EXAMPLE.COM with kvno 2, encryption type aes128-cts-hmac-sha1-96 added to keytab WRFILE:/data/om.scm.keytab.
om_1        | ---- ----------------- --------------------------------------------------------
datanode_3  | Connecting to kdc (kdc)|172.18.0.2|:8081... connected.
datanode_1  | --2019-10-22 17:24:19--  http://kdc:8081/keytab/b5094cd4d15c/spark
jhs         | Resolving kdc (kdc)... 172.18.0.2
nm_1        | --2019-10-22 17:24:19--  http://kdc:8081/keytab/nm/spark
scm_1       | Length: 146 [application/octet-stream]
kms_1       | KVNO Timestamp         Principal
datanode_2  | --2019-10-22 17:24:18--  http://kdc:8081/keytab/39d706352630/spark
s3g_1       | 
rm_1        | Connecting to kdc (kdc)|172.18.0.2|:8081... connected.
kdc_1       | Generiting keytab
om_1        |    2 10/22/19 17:24:21 spark/om@EXAMPLE.COM
datanode_3  | HTTP request sent, awaiting response... 200 OK
datanode_1  | Resolving kdc (kdc)... 172.18.0.2
jhs         | Connecting to kdc (kdc)|172.18.0.2|:8081... connected.
nm_1        | Resolving kdc (kdc)... 172.18.0.2
scm_1       | Saving to: '/etc/security/keytabs/spark.keytab'
kms_1       | ---- ----------------- --------------------------------------------------------
datanode_2  | Resolving kdc (kdc)... 172.18.0.2
s3g_1       |      0K                                                       100% 17.8M=0s
rm_1        | HTTP request sent, awaiting response... 200 OK
kdc_1       | Authenticating as principal admin/admin with keytab /tmp/admin.keytab.
om_1        |    2 10/22/19 17:24:21 spark/om@EXAMPLE.COM
datanode_3  | Length: 164 [application/octet-stream]
datanode_1  | Connecting to kdc (kdc)|172.18.0.2|:8081... connected.
jhs         | HTTP request sent, awaiting response... 200 OK
nm_1        | Connecting to kdc (kdc)|172.18.0.2|:8081... connected.
scm_1       | 
kms_1       |    2 10/22/19 17:24:20 spark/a4749c6a09f5@EXAMPLE.COM
datanode_2  | Connecting to kdc (kdc)|172.18.0.2|:8081... connected.
s3g_1       | 
rm_1        | Length: 144 [application/octet-stream]
kdc_1       | WARNING: no policy specified for dn/nm@EXAMPLE.COM; defaulting to no policy
om_1        | 2019-10-22 17:24:22,613 [main] INFO       - STARTUP_MSG: 
datanode_3  | Saving to: '/etc/security/keytabs/spark.keytab'
datanode_1  | HTTP request sent, awaiting response... 200 OK
nm_1        | HTTP request sent, awaiting response... 200 OK
kms_1       |    2 10/22/19 17:24:20 spark/a4749c6a09f5@EXAMPLE.COM
jhs         | Length: 146 [application/octet-stream]
datanode_2  | HTTP request sent, awaiting response... 200 OK
s3g_1       | 2019-10-22 17:24:20 (17.8 MB/s) - '/etc/security/keytabs/spark.keytab' saved [146/146]
scm_1       |      0K                                                       100% 10.7M=0s
rm_1        | Saving to: '/etc/security/keytabs/spark.keytab'
kdc_1       | Principal "dn/nm@EXAMPLE.COM" created.
om_1        | /************************************************************
datanode_3  | 
datanode_1  | Length: 164 [application/octet-stream]
nm_1        | Length: 144 [application/octet-stream]
kms_1       | # Licensed to the Apache Software Foundation (ASF) under one or more
jhs         | Saving to: '/etc/security/keytabs/spark.keytab'
datanode_2  | Length: 164 [application/octet-stream]
s3g_1       | 
scm_1       | 
rm_1        | 
kdc_1       | Authenticating as principal admin/admin with keytab /tmp/admin.keytab.
om_1        | STARTUP_MSG: Starting OzoneManager
datanode_3  |      0K                                                       100% 10.6M=0s
datanode_1  | Saving to: '/etc/security/keytabs/spark.keytab'
nm_1        | Saving to: '/etc/security/keytabs/spark.keytab'
kms_1       | # contributor license agreements.  See the NOTICE file distributed with
jhs         | 
datanode_2  | Saving to: '/etc/security/keytabs/spark.keytab'
s3g_1       | Keytab name: FILE:/etc/security/keytabs/spark.keytab
scm_1       | 2019-10-22 17:24:19 (10.7 MB/s) - '/etc/security/keytabs/spark.keytab' saved [146/146]
