datanode_2  | 2019-10-09 23:56:57,273 INFO server.RaftServerConfigKeys: raft.server.log.corruption.policy = EXCEPTION (default)
om_1        | 2019-10-09 23:56:55,223 INFO client.OMCertificateClient: Added certificate from file:/data/metadata/om/certs/CA-1.crt.
datanode_3  | 2019-10-09 23:56:56,291 INFO server.RaftServerConfigKeys: raft.server.sleep.deviation.threshold = 300 (default)
kdc_1       | Oct 09 23:56:30 kdc kadmind[15](Notice): Request: kadm5_init, admin/admin@EXAMPLE.COM, success, client=admin/admin@EXAMPLE.COM, service=kadmin/admin@EXAMPLE.COM, addr=127.0.0.1, vers=4, flavor=6
rm_1        | 2019-10-09 23:56:45 INFO  ParentQueue:151 - root, capacity=1.0, absoluteCapacity=1.0, maxCapacity=1.0, absoluteMaxCapacity=1.0, state=RUNNING, acls=ADMINISTER_QUEUE:*SUBMIT_APP:*, labels=*,
datanode_1  | 2019-10-09 23:56:56,799 INFO server.RaftServerConfigKeys: raft.server.rpcslowness.timeout = 120s (custom)
jhs         | INFO: Couldn't find grammar element for class javax.ws.rs.core.Response
nm_1        | 2019-10-09 23:56:44 INFO  ResourceUtils:419 - Unable to find 'resource-types.xml'.
scm_1       | 2019-10-09 23:56:49,579 INFO ipc.Server: IPC Server listener on 9861: starting
kms_1       | 	at com.sun.jersey.server.impl.wadl.WadlApplicationContextImpl.getApplication(WadlApplicationContextImpl.java:119)
datanode_2  | 2019-10-09 23:56:57,274 INFO storage.RaftStorageDirectory: The storage directory /data/metadata/ratis/3695d58d-8835-4e5d-816f-6d375095c7ef does not exist. Creating ...
om_1        | 2019-10-09 23:56:55,227 INFO client.OMCertificateClient: Added certificate from file:/data/metadata/om/certs/10187576188775211.crt.
datanode_3  | 2019-10-09 23:56:56,292 INFO server.RaftServerConfigKeys: raft.server.log.appender.install.snapshot.enabled = false (custom)
kdc_1       | Oct 09 23:56:30 kdc kadmind[15](Notice): Request: kadm5_get_policy, default, Policy does not exist, client=admin/admin@EXAMPLE.COM, service=kadmin/admin@EXAMPLE.COM, addr=127.0.0.1
rm_1        | , reservationsContinueLooking=true, orderingPolicy=utilization, priority=0
datanode_1  | 2019-10-09 23:56:56,799 INFO server.RaftServerConfigKeys: raft.server.sleep.deviation.threshold = 300 (default)
jhs         | Oct 09, 2019 11:57:42 PM com.sun.jersey.server.wadl.generators.AbstractWadlGeneratorGrammarGenerator attachTypes
nm_1        | 2019-10-09 23:56:44 INFO  Configuration:2752 - node-resources.xml not found
kms_1       | 	at com.sun.jersey.server.impl.wadl.WadlApplicationContextImpl.getApplication(WadlApplicationContextImpl.java:138)
scm_1       | 2019-10-09 23:56:49,581 INFO server.SCMClientProtocolServer: Starting RPC server for SCMSecurityProtocolServer. is listening at /0.0.0.0:9961
datanode_2  | 2019-10-09 23:56:57,300 INFO storage.RaftStorageDirectory: Lock on /data/metadata/ratis/3695d58d-8835-4e5d-816f-6d375095c7ef/in_use.lock acquired by nodename 7@88a9678a8d3a
om_1        | 2019-10-09 23:56:55,249 WARN server.ServerUtils: ozone.om.db.dirs is not configured. We recommend adding this setting. Falling back to ozone.metadata.dirs instead.
datanode_3  | 2019-10-09 23:56:56,298 INFO impl.RaftServerImpl: e75b0dfa-19b7-4855-926c-08ba10061e7c@group-ECEB66C2687D: ConfigurationManager, init=-1: [e75b0dfa-19b7-4855-926c-08ba10061e7c:172.18.0.5:9858], old=null, confs=<EMPTY_MAP>
rm_1        | 2019-10-09 23:56:45 INFO  ParentQueue:114 - Initialized parent-queue root name=root, fullname=root
kdc_1       | Oct 09 23:56:30 kdc kadmind[15](Notice): Request: kadm5_create_principal, om/s3g@EXAMPLE.COM, success, client=admin/admin@EXAMPLE.COM, service=kadmin/admin@EXAMPLE.COM, addr=127.0.0.1
datanode_1  | 2019-10-09 23:56:56,800 INFO server.RaftServerConfigKeys: raft.server.log.appender.install.snapshot.enabled = false (custom)
jhs         | INFO: Couldn't find grammar element for class javax.ws.rs.core.Response
nm_1        | 2019-10-09 23:56:44 INFO  ResourceUtils:419 - Unable to find 'node-resources.xml'.
kms_1       | 	at com.sun.jersey.server.impl.wadl.WadlMethodFactory$WadlOptionsMethodDispatcher.dispatch(WadlMethodFactory.java:110)
scm_1       | 2019-10-09 23:56:49,583 INFO ipc.Server: IPC Server Responder: starting
datanode_2  | 2019-10-09 23:56:57,313 INFO storage.RaftStorage: Storage directory /data/metadata/ratis/3695d58d-8835-4e5d-816f-6d375095c7ef has been successfully formatted.
om_1        | 2019-10-09 23:56:55,273 INFO util.log: Logging initialized @2970ms
datanode_3  | 2019-10-09 23:56:56,298 INFO server.RaftServerConfigKeys: raft.server.storage.dir = [/data/metadata/ratis] (custom)
kdc_1       | Oct 09 23:56:30 kdc kadmind[15](info): closing down fd 18
rm_1        | 2019-10-09 23:56:45 INFO  CapacitySchedulerConfiguration:894 - max alloc mb per queue for root.default is undefined
datanode_1  | 2019-10-09 23:56:56,806 INFO impl.RaftServerImpl: 5e1c9df0-cdf7-4209-be55-ee73ad98ee3e@group-B1BC25DF7A1D: ConfigurationManager, init=-1: [5e1c9df0-cdf7-4209-be55-ee73ad98ee3e:172.18.0.6:9858], old=null, confs=<EMPTY_MAP>
jhs         | Oct 09, 2019 11:57:42 PM com.sun.jersey.server.wadl.generators.AbstractWadlGeneratorGrammarGenerator attachTypes
nm_1        | 2019-10-09 23:56:44 INFO  NodeStatusUpdaterImpl:199 - Nodemanager resources is set to: <memory:8192, vCores:8>
kms_1       | 	at com.sun.jersey.server.impl.uri.rules.HttpMethodRule.accept(HttpMethodRule.java:302)
datanode_2  | 2019-10-09 23:56:57,316 [pool-9-thread-1] INFO       - group-6D375095C7EF: The snapshot info is null. Setting the last applied indexto:(t:0, i:~)
om_1        | 2019-10-09 23:56:55,371 INFO db.DBStoreBuilder: using custom profile for table: userTable
datanode_3  | 2019-10-09 23:56:56,304 INFO server.RaftServerConfigKeys: raft.server.log.corruption.policy = EXCEPTION (default)
kdc_1       | Oct 09 23:56:30 kdc kadmind[15](Notice): Request: kadm5_init, admin/admin@EXAMPLE.COM, success, client=admin/admin@EXAMPLE.COM, servOct 09 23:56:30 kdc krb5kdc[9](info): AS_REQ (8 etypes {18 17 20 19 16 23 25 26}) 127.0.0.1: SERVER_NOT_FOUND: admin/admin@EXAMPLE.COM for kadmin/localhost@EXAMPLE.COM, Server not found in Kerberos database
rm_1        | 2019-10-09 23:56:45 INFO  CapacitySchedulerConfiguration:898 - max alloc vcore per queue for root.default is undefined
jhs         | INFO: Couldn't find grammar element for class javax.ws.rs.core.Response
scm_1       | 2019-10-09 23:56:49,583 INFO ipc.Server: IPC Server listener on 9961: starting
nm_1        | 2019-10-09 23:56:44 INFO  NodeStatusUpdaterImpl:247 - Initialized nodemanager with : physical-memory=8192 virtual-memory=17204 virtual-cores=8
kms_1       | 	at com.sun.jersey.server.impl.uri.rules.ResourceClassRule.accept(ResourceClassRule.java:108)
datanode_2  | 2019-10-09 23:56:57,316 INFO server.RaftServerConfigKeys: raft.server.notification.no-leader.timeout = 120s (custom)
om_1        | 2019-10-09 23:56:55,371 INFO db.DBStoreBuilder: Using default column profile:DBProfile.DISK for Table:userTable
datanode_1  | 2019-10-09 23:56:56,807 INFO server.RaftServerConfigKeys: raft.server.storage.dir = [/data/metadata/ratis] (custom)
datanode_3  | 2019-10-09 23:56:56,306 INFO storage.RaftStorageDirectory: The storage directory /data/metadata/ratis/43e0b464-9c30-45e1-82fa-eceb66c2687d does not exist. Creating ...
kdc_1       | Oct 09 23:56:30 kdc krb5kdc[9](info): AS_REQ (8 etypes {18 17 20 19 16 23 25 26}) 127.0.0.1: ISSUE: authtime 1570665390, etypes {rep=18 tkt=18 ses=18}, admin/admin@EXAMPLE.COM for kadmin/admin@EXAMPLE.COM
rm_1        | 2019-10-09 23:56:45 INFO  LeafQueue:285 - Initializing default
jhs         | Oct 09, 2019 11:57:42 PM com.sun.jersey.server.wadl.generators.AbstractWadlGeneratorGrammarGenerator attachTypes
scm_1       | 2019-10-09 23:56:49,587 INFO http.HttpServer2: Jetty bound to port 9876
nm_1        | 2019-10-09 23:56:44 INFO  CallQueueManager:84 - Using callQueue: class java.util.concurrent.LinkedBlockingQueue, queueCapacity: 2000, scheduler: class org.apache.hadoop.ipc.DefaultRpcScheduler, ipcBackoff: false.
kms_1       | 	at com.sun.jersey.server.impl.uri.rules.RightHandPathRule.accept(RightHandPathRule.java:147)
datanode_2  | 2019-10-09 23:56:57,319 INFO server.RaftServerConfigKeys: raft.server.log.use.memory = false (default)
om_1        | 2019-10-09 23:56:55,371 INFO db.DBStoreBuilder: using custom profile for table: volumeTable
datanode_1  | 2019-10-09 23:56:56,811 INFO server.RaftServerConfigKeys: raft.server.log.corruption.policy = EXCEPTION (default)
datanode_3  | 2019-10-09 23:56:56,336 INFO storage.RaftStorageDirectory: Lock on /data/metadata/ratis/43e0b464-9c30-45e1-82fa-eceb66c2687d/in_use.lock acquired by nodename 7@0787ed41ff85
rm_1        | capacity = 1.0 [= (float) configuredCapacity / 100 ]
jhs         | INFO: Couldn't find grammar element for class javax.ws.rs.core.Response
kdc_1       | Oct 09 23:56:30 kdc krb5kdc[9](info): AS_REQ (8 etypes {18 17 20 19 16 23 25 26}) 127.0.0.1: SERVER_NOT_FOUND: admin/admin@EXAMPLE.COM for kadmin/localhost@EXAMPLE.COM, Server not found in Kerberos database
scm_1       | 2019-10-09 23:56:49,588 INFO server.Server: jetty-9.3.25.v20180904, build timestamp: 2018-09-04T21:11:46Z, git hash: 3ce520221d0240229c862b122d2b06c12a625732
kms_1       | 	at com.sun.jersey.server.impl.uri.rules.RootResourceClassesRule.accept(RootResourceClassesRule.java:84)
datanode_2  | 2019-10-09 23:56:57,325 INFO server.RaftServerConfigKeys: raft.server.log.purge.gap = 1000000 (custom)
om_1        | 2019-10-09 23:56:55,371 INFO db.DBStoreBuilder: Using default column profile:DBProfile.DISK for Table:volumeTable
nm_1        | 2019-10-09 23:56:44 INFO  Server:1074 - Starting Socket Reader #1 for port 42358
datanode_1  | 2019-10-09 23:56:56,812 INFO storage.RaftStorageDirectory: The storage directory /data/metadata/ratis/08b8011b-422c-4941-aeff-b1bc25df7a1d does not exist. Creating ...
datanode_3  | 2019-10-09 23:56:56,352 INFO storage.RaftStorage: Storage directory /data/metadata/ratis/43e0b464-9c30-45e1-82fa-eceb66c2687d has been successfully formatted.
rm_1        | absoluteCapacity = 1.0 [= parentAbsoluteCapacity * capacity ]
jhs         | 2019-10-09 23:57:42 INFO  AbstractDelegationTokenSecretManager:403 - Creating password for identifier: (TIMELINE_DELEGATION_TOKEN owner=hadoop, renewer=rm, realUser=, issueDate=1570665462259, maxDate=1571270262259, sequenceNumber=1, masterKeyId=2), currentKey: 2
scm_1       | 2019-10-09 23:56:49,622 INFO handler.ContextHandler: Started o.e.j.s.ServletContextHandler@4483d35{/logs,file:///var/log/hadoop/,AVAILABLE}
kms_1       | 	at com.sun.jersey.server.impl.application.WebApplicationImpl._handleRequest(WebApplicationImpl.java:1542)
kdc_1       | Oct 09 23:56:30 kdc krb5kdc[9](info): AS_REQ (8 etypes {18 17 20 19 16 23 25 26}) 127.0.0.1: ISSUE: authtime 1570665390, etypes {rep=18 tkt=18 ses=18}, admin/admin@EXAMPLE.COM for kadmin/admin@EXAMPLE.COM
om_1        | 2019-10-09 23:56:55,371 INFO db.DBStoreBuilder: using custom profile for table: bucketTable
datanode_2  | 2019-10-09 23:56:57,326 INFO server.RaftServerConfigKeys: raft.server.log.appender.buffer.byte-limit = 33554432 (custom)
nm_1        | 2019-10-09 23:56:45 INFO  RpcServerFactoryPBImpl:173 - Adding protocol org.apache.hadoop.yarn.api.ContainerManagementProtocolPB to the server
datanode_1  | 2019-10-09 23:56:56,830 INFO storage.RaftStorageDirectory: Lock on /data/metadata/ratis/08b8011b-422c-4941-aeff-b1bc25df7a1d/in_use.lock acquired by nodename 7@bd7e215f1af9
datanode_3  | 2019-10-09 23:56:56,355 [pool-9-thread-1] INFO       - group-ECEB66C2687D: The snapshot info is null. Setting the last applied indexto:(t:0, i:~)
rm_1        | maxCapacity = 1.0 [= configuredMaxCapacity ]
jhs         | Oct 09, 2019 11:57:42 PM com.sun.jersey.server.wadl.generators.AbstractWadlGeneratorGrammarGenerator attachTypes
scm_1       | 2019-10-09 23:56:49,623 INFO handler.ContextHandler: Started o.e.j.s.ServletContextHandler@3762c4fc{/static,jar:file:/opt/hadoop/share/ozone/lib/hadoop-hdds-server-scm-0.5.0-SNAPSHOT.jar!/webapps/static,AVAILABLE}
kms_1       | 	at com.sun.jersey.server.impl.application.WebApplicationImpl._handleRequest(WebApplicationImpl.java:1473)
kdc_1       | Oct 09 23:56:30 kdc krb5kdc[9](info): AS_REQ (8 etypes {18 17 20 19 16 23 25 26}) 127.0.0.1: SERVER_NOT_FOUND: admin/admin@EXAMPLE.COM for kadmin/localhost@EXAMPLE.COM, Server not found in Kerberos daice=kadmin/admin@EXAMPLE.COM, addr=127.0.0.1, vers=4, flavor=6
om_1        | 2019-10-09 23:56:55,372 INFO db.DBStoreBuilder: Using default column profile:DBProfile.DISK for Table:bucketTable
datanode_2  | 2019-10-09 23:56:57,328 INFO server.RaftServerConfigKeys: raft.server.log.segment.size.max = 1048576 (custom)
nm_1        | 2019-10-09 23:56:45 INFO  Server:1314 - IPC Server Responder: starting
datanode_1  | 2019-10-09 23:56:56,836 INFO storage.RaftStorage: Storage directory /data/metadata/ratis/08b8011b-422c-4941-aeff-b1bc25df7a1d has been successfully formatted.
datanode_3  | 2019-10-09 23:56:56,356 INFO server.RaftServerConfigKeys: raft.server.notification.no-leader.timeout = 120s (custom)
rm_1        | absoluteMaxCapacity = 1.0 [= 1.0 maximumCapacity undefined, (parentAbsoluteMaxCapacity * maximumCapacity) / 100 otherwise ]
jhs         | INFO: Couldn't find grammar element for class javax.ws.rs.core.Response
scm_1       | 2019-10-09 23:56:49,743 INFO server.KerberosAuthenticationHandler: Using keytab /etc/security/keytabs/HTTP.keytab, for principal HTTP/scm@EXAMPLE.COM
kms_1       | 	at com.sun.jersey.server.impl.application.WebApplicationImpl.handleRequest(WebApplicationImpl.java:1419)
kdc_1       | Oct 09 23:56:30 kdc kadmind[15](Notice): Request: kadm5_randkey_principal, om/s3g@EXAMPLE.COM, success, client=admin/admin@EXAMPLE.COM, service=kadmin/admin@EXAMPLE.COM, addr=127.0.0.1
om_1        | 2019-10-09 23:56:55,372 INFO db.DBStoreBuilder: using custom profile for table: keyTable
datanode_2  | 2019-10-09 23:56:57,331 WARN impl.MetricsSystemImpl: HddsDatanode metrics system already initialized!
nm_1        | 2019-10-09 23:56:45 INFO  Server:1153 - IPC Server listener on 42358: starting
datanode_1  | 2019-10-09 23:56:56,839 [pool-9-thread-1] INFO       - group-B1BC25DF7A1D: The snapshot info is null. Setting the last applied indexto:(t:0, i:~)
datanode_3  | 2019-10-09 23:56:56,358 INFO server.RaftServerConfigKeys: raft.server.log.use.memory = false (default)
rm_1        | effectiveMinResource=<memory:0, vCores:0>
jhs         | Oct 09, 2019 11:57:42 PM com.sun.jersey.server.wadl.generators.AbstractWadlGeneratorGrammarGenerator attachTypes
scm_1       | 2019-10-09 23:56:49,757 INFO handler.ContextHandler: Started o.e.j.w.WebAppContext@61bb1e4d{/,file:///tmp/jetty-0.0.0.0-9876-scm-_-any-5363895820975191143.dir/webapp/,AVAILABLE}{/scm}
kdc_1       | Oct 09 23:56:30 kdc kadmind[15](Notice): Request: kadm5_get_principal, om/s3g@EXAMPLE.COM, success, client=admin/admin@EXAMPLE.COM, service=kadmin/admin@EXAMPLE.COM, addr=127.0.0.1
om_1        | 2019-10-09 23:56:55,372 INFO db.DBStoreBuilder: Using default column profile:DBProfile.DISK for Table:keyTable
kms_1       | 	at com.sun.jersey.server.impl.application.WebApplicationImpl.handleRequest(WebApplicationImpl.java:1409)
datanode_2  | 2019-10-09 23:56:57,337 INFO metrics.MetricRegistries: Loaded MetricRegistries class org.apache.ratis.metrics.impl.MetricRegistriesImpl
nm_1        | 2019-10-09 23:56:45 INFO  NMContainerTokenSecretManager:265 - Updating node address : nm:42358
datanode_1  | 2019-10-09 23:56:56,839 INFO server.RaftServerConfigKeys: raft.server.notification.no-leader.timeout = 120s (custom)
datanode_3  | 2019-10-09 23:56:56,362 INFO server.RaftServerConfigKeys: raft.server.log.purge.gap = 1000000 (custom)
rm_1        |  , effectiveMaxResource=<memory:0, vCores:0>
jhs         | INFO: Couldn't find grammar element for class javax.ws.rs.core.Response
scm_1       | 2019-10-09 23:56:49,766 INFO server.AbstractConnector: Started ServerConnector@7741771e{HTTP/1.1,[http/1.1]}{0.0.0.0:9876}
kdc_1       | Oct 09 23:56:30 kdc kadmind[15](info): closing down fd 18
om_1        | 2019-10-09 23:56:55,372 INFO db.DBStoreBuilder: using custom profile for table: deletedTable
kms_1       | 	at com.sun.jersey.spi.container.servlet.WebComponent.service(WebComponent.java:409)
datanode_2  | 2019-10-09 23:56:57,384 INFO server.RaftServerConfigKeys: raft.server.log.segment.cache.num.max = 2 (custom)
nm_1        | 2019-10-09 23:56:45 INFO  CallQueueManager:84 - Using callQueue: class java.util.concurrent.LinkedBlockingQueue, queueCapacity: 500, scheduler: class org.apache.hadoop.ipc.DefaultRpcScheduler, ipcBackoff: false.
datanode_1  | 2019-10-09 23:56:56,842 INFO server.RaftServerConfigKeys: raft.server.log.use.memory = false (default)
datanode_3  | 2019-10-09 23:56:56,362 INFO server.RaftServerConfigKeys: raft.server.log.appender.buffer.byte-limit = 33554432 (custom)
rm_1        | userLimit = 100 [= configuredUserLimit ]
jhs         | Oct 09, 2019 11:57:42 PM com.sun.jersey.server.wadl.generators.AbstractWadlGeneratorGrammarGenerator attachTypes
scm_1       | 2019-10-09 23:56:49,766 INFO server.Server: Started @5446ms
kdc_1       | Oct 09 23:56:31 kdc kadmind[15](Notice): Request: kadm5_init, admin/admin@EXAMPLE.COM, success, client=admin/admin@EXAMPLE.COM, service=kadmin/admin@EXAMPLE.COM, addr=127.0.0.1, vers=4, flavor=6
kms_1       | 	at com.sun.jersey.spi.container.servlet.ServletContainer.service(ServletContainer.java:558)
om_1        | 2019-10-09 23:56:55,372 INFO db.DBStoreBuilder: Using default column profile:DBProfile.DISK for Table:deletedTable
datanode_2  | 2019-10-09 23:56:57,391 INFO segmented.SegmentedRaftLogWorker: new d59bbd1c-e35a-4c85-9764-7a63f79e19da@group-6D375095C7EF-SegmentedRaftLogWorker for RaftStorage:Storage Directory /data/metadata/ratis/3695d58d-8835-4e5d-816f-6d375095c7ef
nm_1        | 2019-10-09 23:56:45 INFO  Server:1074 - Starting Socket Reader #1 for port 8040
datanode_1  | 2019-10-09 23:56:56,846 INFO server.RaftServerConfigKeys: raft.server.log.purge.gap = 1000000 (custom)
datanode_3  | 2019-10-09 23:56:56,364 INFO server.RaftServerConfigKeys: raft.server.log.segment.size.max = 1048576 (custom)
rm_1        | userLimitFactor = 1.0 [= configuredUserLimitFactor ]
jhs         | INFO: Couldn't find grammar element for class javax.ws.rs.core.Response
scm_1       | 2019-10-09 23:56:49,771 INFO impl.MetricsSinkAdapter: Sink prometheus started
kdc_1       | Oct 09 23:56:31 kdc kadmind[15](Notice): Request: kadm5_get_policy, default, Policy does not exist, client=admin/admin@EXAMPLE.COM, service=kadmin/admin@EXAMPLE.COM, addr=127.0.0.1
om_1        | 2019-10-09 23:56:55,372 INFO db.DBStoreBuilder: using custom profile for table: openKeyTable
kms_1       | 	at com.sun.jersey.spi.container.servlet.ServletContainer.service(ServletContainer.java:733)
datanode_2  | 2019-10-09 23:56:57,391 INFO server.RaftServerConfigKeys: raft.server.log.queue.byte-limit = 2147483647 (custom)
datanode_1  | 2019-10-09 23:56:56,846 INFO server.RaftServerConfigKeys: raft.server.log.appender.buffer.byte-limit = 33554432 (custom)
rm_1        | maxApplications = 10000 [= configuredMaximumSystemApplicationsPerQueue or (int)(configuredMaximumSystemApplications * absoluteCapacity)]
datanode_3  | 2019-10-09 23:56:56,366 WARN impl.MetricsSystemImpl: HddsDatanode metrics system already initialized!
nm_1        | 2019-10-09 23:56:45 INFO  RpcServerFactoryPBImpl:173 - Adding protocol org.apache.hadoop.yarn.server.nodemanager.api.LocalizationProtocolPB to the server
jhs         | Oct 09, 2019 11:57:42 PM com.sun.jersey.server.wadl.generators.AbstractWadlGeneratorGrammarGenerator attachTypes
scm_1       | 2019-10-09 23:56:49,771 INFO impl.MetricsSystemImpl: Registered sink prometheus
kdc_1       | Oct 09 23:56:31 kdc kadmind[15](Notice): Request: kadm5_create_principal, dn/0787ed41ff85@EXAMPLE.COM, success, client=admin/admin@EXAMPLE.COM, service=kadmin/admin@EXAMPLE.COM, addr=127.0.0.1
om_1        | 2019-10-09 23:56:55,372 INFO db.DBStoreBuilder: Using default column profile:DBProfile.DISK for Table:openKeyTable
datanode_2  | 2019-10-09 23:56:57,392 INFO server.RaftServerConfigKeys: raft.server.log.queue.element-limit = 1024 (custom)
kms_1       | 	at javax.servlet.http.HttpServlet.service(HttpServlet.java:790)
datanode_1  | 2019-10-09 23:56:56,848 INFO server.RaftServerConfigKeys: raft.server.log.segment.size.max = 1048576 (custom)
rm_1        | maxApplicationsPerUser = 10000 [= (int)(maxApplications * (userLimit / 100.0f) * userLimitFactor) ]
datanode_3  | 2019-10-09 23:56:56,371 INFO metrics.MetricRegistries: Loaded MetricRegistries class org.apache.ratis.metrics.impl.MetricRegistriesImpl
nm_1        | 2019-10-09 23:56:45 INFO  Server:1314 - IPC Server Responder: starting
jhs         | INFO: Couldn't find grammar element for class javax.ws.rs.core.Response
scm_1       | 2019-10-09 23:56:49,773 INFO server.BaseHttpServer: HTTP server of SCM is listening at http://0.0.0.0:9876
om_1        | 2019-10-09 23:56:55,373 INFO db.DBStoreBuilder: using custom profile for table: s3Table
kdc_1       | Oct 09 23:56:31 kdc kadmind[15](info): closing down fd 18
datanode_2  | 2019-10-09 23:56:57,393 INFO server.RaftServerConfigKeys: raft.server.log.segment.size.max = 1048576 (custom)
kms_1       | 	at org.eclipse.jetty.servlet.ServletHolder.handle(ServletHolder.java:848)
datanode_1  | 2019-10-09 23:56:56,850 WARN impl.MetricsSystemImpl: HddsDatanode metrics system already initialized!
rm_1        | usedCapacity = 0.0 [= usedResourcesMemory / (clusterResourceMemory * absoluteCapacity)]
datanode_3  | 2019-10-09 23:56:56,409 INFO server.RaftServerConfigKeys: raft.server.log.segment.cache.num.max = 2 (custom)
nm_1        | 2019-10-09 23:56:45 INFO  Server:1153 - IPC Server listener on 8040: starting
jhs         | 2019-10-09 23:57:42 INFO  AbstractDelegationTokenSecretManager:491 - Token renewal for identifier: (TIMELINE_DELEGATION_TOKEN owner=hadoop, renewer=rm, realUser=, issueDate=1570665462259, maxDate=1571270262259, sequenceNumber=1, masterKeyId=2); total currentTokens 1
scm_1       | 2019-10-09 23:56:49,786 INFO util.JvmPauseMonitor: Starting JVM pause monitor
om_1        | 2019-10-09 23:56:55,373 INFO db.DBStoreBuilder: Using default column profile:DBProfile.DISK for Table:s3Table
kdc_1       | Oct 09 23:56:31 kdc kadmind[15](Notice): Request: kadm5_init, admin/admin@EXAMPLE.COM, success, client=admin/admin@EXAMPLE.COM, service=kadmin/admin@EXAMPLE.COM, addr=127.0.0.1, vers=4, flavor=6
datanode_2  | 2019-10-09 23:56:57,394 INFO server.RaftServerConfigKeys: raft.server.log.preallocated.size = 16384 (custom)
kms_1       | 	at org.eclipse.jetty.servlet.ServletHandler$CachedChain.doFilter(ServletHandler.java:1772)
datanode_1  | 2019-10-09 23:56:56,856 INFO metrics.MetricRegistries: Loaded MetricRegistries class org.apache.ratis.metrics.impl.MetricRegistriesImpl
rm_1        | absoluteUsedCapacity = 0.0 [= usedResourcesMemory / clusterResourceMemory]
nm_1        | 2019-10-09 23:56:45 INFO  ResourceLocalizationService:392 - Localizer started on port 8040
datanode_3  | 2019-10-09 23:56:56,414 INFO segmented.SegmentedRaftLogWorker: new e75b0dfa-19b7-4855-926c-08ba10061e7c@group-ECEB66C2687D-SegmentedRaftLogWorker for RaftStorage:Storage Directory /data/metadata/ratis/43e0b464-9c30-45e1-82fa-eceb66c2687d
jhs         | Oct 09, 2019 11:57:43 PM com.sun.jersey.server.wadl.generators.AbstractWadlGeneratorGrammarGenerator attachTypes
scm_1       | 2019-10-09 23:56:49,817 INFO ipc.Server: Auth successful for dn/88a9678a8d3a@EXAMPLE.COM (auth:KERBEROS)
om_1        | 2019-10-09 23:56:55,373 INFO db.DBStoreBuilder: using custom profile for table: multipartInfoTable
kdc_1       | Oct 09 23:56:31 kdc kadmind[15](Notice): Request: kadm5_randkey_principal, dn/0787ed41ff85@EXAMPLE.COM, success, client=admin/admin@EXAMPLE.COM, service=kadmin/admin@EXAMPLE.COM, addr=127.0.0.1
datanode_2  | 2019-10-09 23:56:57,394 INFO server.RaftServerConfigKeys: raft.server.log.write.buffer.size = 33554432 (custom)
kms_1       | 	at org.apache.hadoop.crypto.key.kms.server.KMSMDCFilter.doFilter(KMSMDCFilter.java:84)
datanode_1  | 2019-10-09 23:56:56,894 INFO server.RaftServerConfigKeys: raft.server.log.segment.cache.num.max = 2 (custom)
rm_1        | maxAMResourcePerQueuePercent = 0.1 [= configuredMaximumAMResourcePercent ]
nm_1        | 2019-10-09 23:56:45 INFO  IndexCache:47 - IndexCache created with max memory = 10485760
datanode_3  | 2019-10-09 23:56:56,414 INFO server.RaftServerConfigKeys: raft.server.log.queue.byte-limit = 2147483647 (custom)
jhs         | INFO: Couldn't find grammar element for class javax.ws.rs.core.Response
scm_1       | 2019-10-09 23:56:49,818 INFO ipc.Server: Auth successful for dn/bd7e215f1af9@EXAMPLE.COM (auth:KERBEROS)
om_1        | 2019-10-09 23:56:55,373 INFO db.DBStoreBuilder: Using default column profile:DBProfile.DISK for Table:multipartInfoTable
kdc_1       | Oct 09 23:56:31 kdc kadmind[15](Notice): Request: kadm5_get_principal, dn/0787ed41ff85@EXAMPLE.COM, success, client=admin/admin@EXAMPLE.COM, service=kadmin/admin@EXAMPLE.COM, addr=127.0.0.1
datanode_2  | 2019-10-09 23:56:57,395 INFO server.RaftServerConfigKeys: raft.server.log.force.sync.num = 128 (default)
kms_1       | 	at org.eclipse.jetty.servlet.ServletHandler$CachedChain.doFilter(ServletHandler.java:1759)
datanode_1  | 2019-10-09 23:56:56,898 INFO segmented.SegmentedRaftLogWorker: new 5e1c9df0-cdf7-4209-be55-ee73ad98ee3e@group-B1BC25DF7A1D-SegmentedRaftLogWorker for RaftStorage:Storage Directory /data/metadata/ratis/08b8011b-422c-4941-aeff-b1bc25df7a1d
rm_1        | minimumAllocationFactor = 0.875 [= (float)(maximumAllocationMemory - minimumAllocationMemory) / maximumAllocationMemory ]
nm_1        | 2019-10-09 23:56:45 INFO  ShuffleHandler:549 - mapreduce_shuffle listening on port 13562
datanode_3  | 2019-10-09 23:56:56,415 INFO server.RaftServerConfigKeys: raft.server.log.queue.element-limit = 1024 (custom)
jhs         | Oct 09, 2019 11:57:43 PM com.sun.jersey.server.wadl.generators.AbstractWadlGeneratorGrammarGenerator attachTypes
scm_1       | 2019-10-09 23:56:49,819 INFO ipc.Server: Auth successful for dn/0787ed41ff85@EXAMPLE.COM (auth:KERBEROS)
om_1        | 2019-10-09 23:56:55,373 INFO db.DBStoreBuilder: using custom profile for table: dTokenTable
datanode_2  | 2019-10-09 23:56:57,396 INFO server.RaftServerConfigKeys: raft.server.log.statemachine.data.sync = true (default)
kms_1       | 	at org.apache.hadoop.security.authentication.server.AuthenticationFilter.doFilter(AuthenticationFilter.java:644)
datanode_1  | 2019-10-09 23:56:56,898 INFO server.RaftServerConfigKeys: raft.server.log.queue.byte-limit = 2147483647 (custom)
kdc_1       | Oct 09 23:56:31 kdc kadmind[15](info): closing down fd 18
rm_1        | maximumAllocation = <memory:8192, vCores:4> [= configuredMaxAllocation ]
nm_1        | 2019-10-09 23:56:45 INFO  ContainerManagerImpl:666 - ContainerManager started at nm/172.18.0.9:42358
datanode_3  | 2019-10-09 23:56:56,416 INFO server.RaftServerConfigKeys: raft.server.log.segment.size.max = 1048576 (custom)
jhs         | INFO: Couldn't find grammar element for class javax.ws.rs.core.Response
scm_1       | 2019-10-09 23:56:49,941 INFO server.SCMClientProtocolServer: Processing CSR for dn 88a9678a8d3a, UUID: d59bbd1c-e35a-4c85-9764-7a63f79e19da
om_1        | 2019-10-09 23:56:55,373 INFO db.DBStoreBuilder: Using default column profile:DBProfile.DISK for Table:dTokenTable
datanode_2  | 2019-10-09 23:56:57,396 INFO server.RaftServerConfigKeys: raft.server.log.statemachine.data.sync.timeout = 10s (default)
kms_1       | 	at org.apache.hadoop.security.token.delegation.web.DelegationTokenAuthenticationFilter.doFilter(DelegationTokenAuthenticationFilter.java:304)
datanode_1  | 2019-10-09 23:56:56,899 INFO server.RaftServerConfigKeys: raft.server.log.queue.element-limit = 1024 (custom)
kdc_1       | Oct 09 23:56:31 kdc kadmind[15](Notice): Request: kadm5_init, admin/admin@EXAMPLE.COM, success, client=admin/admin@EXAMPLE.COM, service=kadmin/admin@EXAMPLE.COM, addr=127.0.0.1, vers=4, flavor=6
rm_1        | numContainers = 0 [= currentNumContainers ]
nm_1        | 2019-10-09 23:56:45 INFO  ContainerManagerImpl:667 - ContainerManager bound to 0.0.0.0/0.0.0.0:0
datanode_3  | 2019-10-09 23:56:56,416 INFO server.RaftServerConfigKeys: raft.server.log.preallocated.size = 16384 (custom)
jhs         | Oct 09, 2019 11:57:43 PM com.sun.jersey.server.wadl.generators.AbstractWadlGeneratorGrammarGenerator attachTypes
scm_1       | 2019-10-09 23:56:49,941 INFO server.SCMClientProtocolServer: Processing CSR for dn bd7e215f1af9, UUID: 5e1c9df0-cdf7-4209-be55-ee73ad98ee3e
om_1        | 2019-10-09 23:56:55,373 INFO db.DBStoreBuilder: using custom profile for table: s3SecretTable
datanode_2  | 2019-10-09 23:56:57,397 INFO server.RaftServerConfigKeys: raft.server.log.statemachine.data.sync.timeout.retry = -1 (default)
kms_1       | 	at org.apache.hadoop.security.authentication.server.AuthenticationFilter.doFilter(AuthenticationFilter.java:592)
datanode_1  | 2019-10-09 23:56:56,900 INFO server.RaftServerConfigKeys: raft.server.log.segment.size.max = 1048576 (custom)
kdc_1       | Oct 09 23:56:31 kdc kadmind[15](Notice): Request: kadm5_get_policy, default, Policy does not exist, cltabase
rm_1        | state = RUNNING [= configuredState ]
nm_1        | 2019-10-09 23:56:45 INFO  WebServer:99 - Instantiating NMWebApp at 0.0.0.0:8042
datanode_3  | 2019-10-09 23:56:56,416 INFO server.RaftServerConfigKeys: raft.server.log.write.buffer.size = 33554432 (custom)
scm_1       | 2019-10-09 23:56:50,104 INFO server.SCMClientProtocolServer: Processing CSR for dn 0787ed41ff85, UUID: e75b0dfa-19b7-4855-926c-08ba10061e7c
om_1        | 2019-10-09 23:56:55,373 INFO db.DBStoreBuilder: Using default column profile:DBProfile.DISK for Table:s3SecretTable
datanode_2  | 2019-10-09 23:56:57,409 INFO server.RaftServerConfigKeys: raft.server.log.statemachine.data.caching.enabled = true (custom)
kms_1       | 	at org.apache.hadoop.crypto.key.kms.server.KMSAuthenticationFilter.doFilter(KMSAuthenticationFilter.java:142)
datanode_1  | 2019-10-09 23:56:56,900 INFO server.RaftServerConfigKeys: raft.server.log.preallocated.size = 16384 (custom)
jhs         | INFO: Couldn't find grammar element for class javax.ws.rs.core.Response
kdc_1       | Oct 09 23:56:30 kdc krb5kdc[9](info): AS_REQ (8 etypes {18 17 20 19 16 23 25 26}) 127.0.0.1: ISSUE: authtime 1570665390, etypes {rep=18 tkt=18 ses=18}, admin/admin@EXAMPLE.COM for kadmin/admin@EXAMPLE.COM
rm_1        | acls = ADMINISTER_QUEUE:*SUBMIT_APP:* [= configuredAcls ]
nm_1        | 2019-10-09 23:56:45 INFO  log:192 - Logging initialized @3135ms
datanode_3  | 2019-10-09 23:56:56,417 INFO server.RaftServerConfigKeys: raft.server.log.force.sync.num = 128 (default)
scm_1       | 2019-10-09 23:56:50,699 INFO ipc.Server: Auth successful for om/om@EXAMPLE.COM (auth:KERBEROS)
om_1        | 2019-10-09 23:56:55,373 INFO db.DBStoreBuilder: using custom profile for table: prefixTable
datanode_2  | 2019-10-09 23:56:57,414 INFO segmented.SegmentedRaftLogWorker: d59bbd1c-e35a-4c85-9764-7a63f79e19da@group-6D375095C7EF-SegmentedRaftLogWorker: flushIndex: setUnconditionally 0 -> -1
kms_1       | 	at org.eclipse.jetty.servlet.ServletHandler$CachedChain.doFilter(ServletHandler.java:1751)
datanode_1  | 2019-10-09 23:56:56,900 INFO server.RaftServerConfigKeys: raft.server.log.write.buffer.size = 33554432 (custom)
jhs         | Oct 09, 2019 11:57:43 PM com.sun.jersey.server.wadl.generators.AbstractWadlGeneratorGrammarGenerator attachTypes
rm_1        | nodeLocalityDelay = 40
datanode_3  | 2019-10-09 23:56:56,418 INFO server.RaftServerConfigKeys: raft.server.log.statemachine.data.sync = true (default)
nm_1        | 2019-10-09 23:56:45 INFO  AuthenticationFilter:240 - Unable to initialize FileSignerSecretProvider, falling back to use random secrets.
kdc_1       | Oct 09 23:56:30 kdc krb5kdc[9](info): AS_REQ (8 etypes {18 17 20 19 16 23 25 26}) 127.0.0.1: SERVER_NOT_FOUND: admin/admin@EXAMPLE.COM for kadmin/localhost@EXAMPLE.COM, Server not found in Kerberos database
scm_1       | 2019-10-09 23:56:52,034 INFO ipc.Server: Auth successful for om/om@EXAMPLE.COM (auth:KERBEROS)
om_1        | 2019-10-09 23:56:55,374 INFO db.DBStoreBuilder: Using default column profile:DBProfile.DISK for Table:prefixTable
datanode_2  | 2019-10-09 23:56:57,419 INFO server.RaftServerConfigKeys: raft.server.snapshot.auto.trigger.enabled = true (custom)
kms_1       | 	at org.apache.hadoop.http.HttpServer2$QuotingInputFilter.doFilter(HttpServer2.java:1609)
datanode_1  | 2019-10-09 23:56:56,901 INFO server.RaftServerConfigKeys: raft.server.log.force.sync.num = 128 (default)
jhs         | INFO: Couldn't find grammar element for class javax.ws.rs.core.Response
rm_1        | rackLocalityAdditionalDelay = -1
datanode_3  | 2019-10-09 23:56:56,418 INFO server.RaftServerConfigKeys: raft.server.log.statemachine.data.sync.timeout = 10s (default)
nm_1        | 2019-10-09 23:56:45 INFO  HttpRequestLog:81 - Http request log for http.requests.nodemanager is not defined
kdc_1       | Oct 09 23:56:30 kdc krb5kdc[9](info): AS_REQ (8 etypes {18 17 20 19 16 23 25 26}) 127.0.0.1: ISSUE: authtime 1570665390, etypes {rep=18 tkt=18 ses=18}, admin/admin@EXAMPLE.COM for kadmin/admin@EXAMPLE.COM
scm_1       | 2019-10-09 23:56:52,039 INFO server.SCMClientProtocolServer: Processing CSR for om om, UUID: cf3af3ed-550f-43b4-912b-2cbec296ca16
om_1        | 2019-10-09 23:56:55,383 INFO db.DBStoreBuilder: using custom profile for table: default
datanode_2  | 2019-10-09 23:56:57,420 INFO server.RaftServerConfigKeys: raft.server.snapshot.auto.trigger.threshold = 10000 (custom)
kms_1       | 	at org.eclipse.jetty.servlet.ServletHandler$CachedChain.doFilter(ServletHandler.java:1759)
datanode_1  | 2019-10-09 23:56:56,902 INFO server.RaftServerConfigKeys: raft.server.log.statemachine.data.sync = true (default)
jhs         | Oct 09, 2019 11:58:17 PM com.sun.jersey.server.wadl.generators.AbstractWadlGeneratorGrammarGenerator attachTypes
rm_1        | labels=*,
datanode_3  | 2019-10-09 23:56:56,418 INFO server.RaftServerConfigKeys: raft.server.log.statemachine.data.sync.timeout.retry = -1 (default)
nm_1        | 2019-10-09 23:56:45 INFO  HttpServer2:975 - Added global filter 'safety' (class=org.apache.hadoop.http.HttpServer2$QuotingInputFilter)
kdc_1       | Oct 09 23:56:30 kdc krb5kdc[9](info): AS_REQ (8 etypes {18 17 20 19 16 23 25 26}) 127.0.0.1: SERVER_NOT_FOUND: admin/admin@EXAMPLE.COM for kadmin/localhost@EXAMPLE.COM, Server not found in Kerberos database
scm_1       | 2019-10-09 23:56:53,453 INFO ipc.Server: Auth successful for dn/0787ed41ff85@EXAMPLE.COM (auth:KERBEROS)
om_1        | 2019-10-09 23:56:55,383 INFO db.DBStoreBuilder: Using default column profile:DBProfile.DISK for Table:default
datanode_2  | 2019-10-09 23:56:57,420 INFO server.RaftServerConfigKeys: raft.server.snapshot.retention.file.num = 5 (custom)
kms_1       | 	at org.apache.hadoop.http.NoCacheFilter.doFilter(NoCacheFilter.java:45)
datanode_1  | 2019-10-09 23:56:56,902 INFO server.RaftServerConfigKeys: raft.server.log.statemachine.data.sync.timeout = 10s (default)
jhs         | INFO: Couldn't find grammar element for class javax.ws.rs.core.Response
rm_1        | reservationsContinueLooking = true
datanode_3  | 2019-10-09 23:56:56,427 INFO server.RaftServerConfigKeys: raft.server.log.statemachine.data.caching.enabled = true (custom)
nm_1        | 2019-10-09 23:56:45 INFO  HttpServer2:948 - Added filter static_user_filter (class=org.apache.hadoop.http.lib.StaticUserWebFilter$StaticUserFilter) to context node
kdc_1       | Oct 09 23:56:30 kdc krb5kdc[9](info): AS_REQ (8 etypes {18 17 20 19 16 23 25 26}) 127.0.0.1: ISSUE: authtime 1570665390, etypes {rep=18 tkt=18 ses=18}, admin/admin@EXAMPLE.COM for kadmin/admin@ient=admin/admin@EXAMPLE.COM, service=kadmin/admin@EXAMPLE.COM, addr=127.0.0.1
scm_1       | 2019-10-09 23:56:53,540 INFO ipc.Server: Auth successful for dn/88a9678a8d3a@EXAMPLE.COM (auth:KERBEROS)
om_1        | 2019-10-09 23:56:55,385 INFO db.DBStoreBuilder: Using default options. DBProfile.DISK
datanode_2  | 2019-10-09 23:56:57,421 INFO server.RaftServerConfigKeys: raft.server.retrycache.expirytime = 600000ms (custom)
kms_1       | 	at org.eclipse.jetty.servlet.ServletHandler$CachedChain.doFilter(ServletHandler.java:1759)
datanode_1  | 2019-10-09 23:56:56,902 INFO server.RaftServerConfigKeys: raft.server.log.statemachine.data.sync.timeout.retry = -1 (default)
jhs         | Oct 09, 2019 11:58:17 PM com.sun.jersey.server.wadl.generators.AbstractWadlGeneratorGrammarGenerator attachTypes
rm_1        | preemptionDisabled = true
datanode_3  | 2019-10-09 23:56:56,430 INFO segmented.SegmentedRaftLogWorker: e75b0dfa-19b7-4855-926c-08ba10061e7c@group-ECEB66C2687D-SegmentedRaftLogWorker: flushIndex: setUnconditionally 0 -> -1
nm_1        | 2019-10-09 23:56:45 INFO  HttpServer2:958 - Added filter static_user_filter (class=org.apache.hadoop.http.lib.StaticUserWebFilter$StaticUserFilter) to context static
kdc_1       | Oct 09 23:56:31 kdc kadmind[15](Notice): Request: kadm5_create_principal, jhs/om@EXAMPLE.COM, success, client=admin/admin@EXAMPLE.COM, service=kadmin/admin@EXAMPLE.COM, addr=127.0.0.1
om_1        | 2019-10-09 23:56:55,787 INFO Configuration.deprecation: No unit for ozone.manager.delegation.remover.scan.interval(3600000) assuming MILLISECONDS
datanode_2  | 2019-10-09 23:56:57,446 INFO impl.RaftServerImpl: d59bbd1c-e35a-4c85-9764-7a63f79e19da@group-6D375095C7EF: start as a follower, conf=-1: [d59bbd1c-e35a-4c85-9764-7a63f79e19da:172.18.0.7:9858], old=null
scm_1       | 2019-10-09 23:56:53,637 INFO ipc.Server: Auth successful for dn/bd7e215f1af9@EXAMPLE.COM (auth:KERBEROS)
kms_1       | 	at org.eclipse.jetty.servlet.ServletHandler.doHandle(ServletHandler.java:582)
datanode_1  | 2019-10-09 23:56:56,912 INFO server.RaftServerConfigKeys: raft.server.log.statemachine.data.caching.enabled = true (custom)
jhs         | INFO: Couldn't find grammar element for class javax.ws.rs.core.Response
rm_1        | defaultAppPriorityPerQueue = 0
nm_1        | 2019-10-09 23:56:45 INFO  HttpServer2:958 - Added filter static_user_filter (class=org.apache.hadoop.http.lib.StaticUserWebFilter$StaticUserFilter) to context logs
datanode_3  | 2019-10-09 23:56:56,434 INFO server.RaftServerConfigKeys: raft.server.snapshot.auto.trigger.enabled = true (custom)
kdc_1       | Oct 09 23:56:31 kdc kadmind[15](info): closing down fd 18
om_1        | 2019-10-09 23:56:55,789 [main] INFO       - Loaded 0 tokens
datanode_2  | 2019-10-09 23:56:57,447 INFO impl.RaftServerImpl: d59bbd1c-e35a-4c85-9764-7a63f79e19da@group-6D375095C7EF: changes role from      null to FOLLOWER at term 0 for startAsFollower
scm_1       | 2019-10-09 23:56:54,713 INFO ipc.Server: Auth successful for om/om@EXAMPLE.COM (auth:KERBEROS)
kms_1       | 	at org.eclipse.jetty.server.handler.ScopedHandler.handle(ScopedHandler.java:143)
datanode_1  | 2019-10-09 23:56:56,916 INFO segmented.SegmentedRaftLogWorker: 5e1c9df0-cdf7-4209-be55-ee73ad98ee3e@group-B1BC25DF7A1D-SegmentedRaftLogWorker: flushIndex: setUnconditionally 0 -> -1
jhs         | Oct 09, 2019 11:58:18 PM com.sun.jersey.server.wadl.generators.AbstractWadlGeneratorGrammarGenerator attachTypes
rm_1        | priority = 0
nm_1        | 2019-10-09 23:56:45 INFO  HttpServer2:948 - Added filter authentication (class=org.apache.hadoop.security.authentication.server.AuthenticationFilter) to context node
datanode_3  | 2019-10-09 23:56:56,435 INFO server.RaftServerConfigKeys: raft.server.snapshot.auto.trigger.threshold = 10000 (custom)
kdc_1       | Oct 09 23:56:31 kdc kadmind[15](Notice): Request: kadm5_init, admin/admin@EXAMPLE.COM, success, client=admin/admin@EXAMPLE.COM, service=kadmin/admin@EXAMPLE.COM, addr=127.0.0.1, vers=4, flavor=6
om_1        | 2019-10-09 23:56:55,790 [main] INFO       - Loading token state into token manager.
datanode_2  | 2019-10-09 23:56:57,448 INFO impl.RoleInfo: d59bbd1c-e35a-4c85-9764-7a63f79e19da: start FollowerState
scm_1       | 2019-10-09 23:56:55,474 INFO net.NetworkTopology: Added a new node: /default-rack/e75b0dfa-19b7-4855-926c-08ba10061e7c
datanode_1  | 2019-10-09 23:56:56,920 INFO server.RaftServerConfigKeys: raft.server.snapshot.auto.trigger.enabled = true (custom)
jhs         | INFO: Couldn't find grammar element for class javax.ws.rs.core.Response
rm_1        | maxLifetime = -1 seconds
nm_1        | 2019-10-09 23:56:45 INFO  HttpServer2:958 - Added filter authentication (class=org.apache.hadoop.security.authentication.server.AuthenticationFilter) to context static
datanode_3  | 2019-10-09 23:56:56,435 INFO server.RaftServerConfigKeys: raft.server.snapshot.retention.file.num = 5 (custom)
kdc_1       | Oct 09 23:56:31 kdc kadmind[15](Notice): Request: kadm5_randkey_principal, jhs/om@EXAMPLE.COM, success, client=admin/admin@EXAMPLE.COM, service=kadmin/admin@EXAMPLE.COM, addr=127.0.0.1
om_1        | 2019-10-09 23:56:55,823 INFO ipc.CallQueueManager: Using callQueue: class java.util.concurrent.LinkedBlockingQueue, queueCapacity: 2000, scheduler: class org.apache.hadoop.ipc.DefaultRpcScheduler, ipcBackoff: false.
datanode_2  | 2019-10-09 23:56:57,452 INFO util.JmxRegister: Successfully registered JMX Bean with object name Ratis:service=RaftServer,group=group-6D375095C7EF,id=d59bbd1c-e35a-4c85-9764-7a63f79e19da
kms_1       | 	at org.eclipse.jetty.security.SecurityHandler.handle(SecurityHandler.java:548)
scm_1       | 2019-10-09 23:56:55,474 INFO node.SCMNodeManager: Registered Data node : e75b0dfa-19b7-4855-926c-08ba10061e7c{ip: 172.18.0.5, host: ozonesecure-mr_datanode_3.ozone, networkLocation: /default-rack, certSerialId: 10187574256769347}
datanode_1  | 2019-10-09 23:56:56,921 INFO server.RaftServerConfigKeys: raft.server.snapshot.auto.trigger.threshold = 10000 (custom)
jhs         | Oct 09, 2019 11:58:18 PM com.sun.jersey.server.wadl.generators.AbstractWadlGeneratorGrammarGenerator attachTypes
rm_1        | defaultLifetime = -1 seconds
datanode_3  | 2019-10-09 23:56:56,436 INFO server.RaftServerConfigKeys: raft.server.retrycache.expirytime = 600000ms (custom)
nm_1        | 2019-10-09 23:56:45 INFO  HttpServer2:958 - Added filter authentication (class=org.apache.hadoop.security.authentication.server.AuthenticationFilter) to context logs
kdc_1       | Oct 09 23:56:31 kdc kadmind[15](Notice): Request: kadm5_get_principal, jhs/om@EXAMPLE.COM, success, client=admin/admin@EXAMPLE.COM, service=kadmin/admin@EXAMPLE.COM, addr=127.0.0.1
om_1        | 2019-10-09 23:56:55,830 INFO ipc.Server: Starting Socket Reader #1 for port 9862
datanode_2  | 2019-10-09 23:56:57,544 INFO impl.RaftServerProxy: d59bbd1c-e35a-4c85-9764-7a63f79e19da: addNew group-9E72BDF8AA28:[d59bbd1c-e35a-4c85-9764-7a63f79e19da:172.18.0.7:9858, e75b0dfa-19b7-4855-926c-08ba10061e7c:172.18.0.5:9858, 5e1c9df0-cdf7-4209-be55-ee73ad98ee3e:172.18.0.6:9858] returns group-9E72BDF8AA28:java.util.concurrent.CompletableFuture@3cc0facc[Not completed]
kms_1       | 	at org.eclipse.jetty.server.session.SessionHandler.doHandle(SessionHandler.java:226)
scm_1       | 2019-10-09 23:56:55,478 INFO safemode.SCMSafeModeManager: SCM in safe mode. 1 DataNodes registered, 1 required.
datanode_1  | 2019-10-09 23:56:56,921 INFO server.RaftServerConfigKeys: raft.server.snapshot.retention.file.num = 5 (custom)
jhs         | INFO: Couldn't find grammar element for class javax.ws.rs.core.Response
nm_1        | 2019-10-09 23:56:45 INFO  HttpServer2:613 - adding path spec: /node/*
datanode_3  | 2019-10-09 23:56:56,466 INFO impl.RaftServerImpl: e75b0dfa-19b7-4855-926c-08ba10061e7c@group-ECEB66C2687D: start as a follower, conf=-1: [e75b0dfa-19b7-4855-926c-08ba10061e7c:172.18.0.5:9858], old=null
rm_1        | 2019-10-09 23:56:45 INFO  CapacitySchedulerQueueManager:298 - Initialized queue: default: capacity=1.0, absoluteCapacity=1.0, usedResources=<memory:0, vCores:0>, usedCapacity=0.0, absoluteUsedCapacity=0.0, numApps=0, numContainers=0, effectiveMinResource=<memory:0, vCores:0> , effectiveMaxResource=<memory:0, vCores:0>
kdc_1       | Oct 09 23:56:31 kdc kadmind[15](info): closing down fd 18
om_1        | 2019-10-09 23:56:55,872 [main] INFO       - OzoneManager RPC server is listening at om/172.18.0.2:9862
datanode_2  | 2019-10-09 23:56:57,547 INFO impl.RaftServerImpl: d59bbd1c-e35a-4c85-9764-7a63f79e19da: new RaftServerImpl for group-9E72BDF8AA28:[d59bbd1c-e35a-4c85-9764-7a63f79e19da:172.18.0.7:9858, e75b0dfa-19b7-4855-926c-08ba10061e7c:172.18.0.5:9858, 5e1c9df0-cdf7-4209-be55-ee73ad98ee3e:172.18.0.6:9858] with ContainerStateMachine:uninitialized
kms_1       | 	at org.eclipse.jetty.server.handler.ContextHandler.doHandle(ContextHandler.java:1180)
scm_1       | 2019-10-09 23:56:55,479 INFO safemode.SCMSafeModeManager: ScmSafeModeManager, all rules are successfully validated
datanode_1  | 2019-10-09 23:56:56,921 INFO server.RaftServerConfigKeys: raft.server.retrycache.expirytime = 600000ms (custom)
jhs         | 2019-10-09 23:58:18 INFO  AbstractDelegationTokenSecretManager:403 - Creating password for identifier: (TIMELINE_DELEGATION_TOKEN owner=hadoop, renewer=rm, realUser=, issueDate=1570665498014, maxDate=1571270298014, sequenceNumber=2, masterKeyId=2), currentKey: 2
nm_1        | 2019-10-09 23:56:45 INFO  HttpServer2:613 - adding path spec: /ws/*
datanode_3  | 2019-10-09 23:56:56,468 INFO impl.RaftServerImpl: e75b0dfa-19b7-4855-926c-08ba10061e7c@group-ECEB66C2687D: changes role from      null to FOLLOWER at term 0 for startAsFollower
kdc_1       | Oct 09 23:56:31 kdc kadmind[15](Notice): Request: kadm5_init, admin/admin@EXAMPLE.COM, success, client=admin/admin@EXAMPLE.COM, service=kadmin/admin@EXAMPLE.COM, addr=127.0.0.1, vers=4, flavor=6
om_1        | 2019-10-09 23:56:55,943 INFO impl.MetricsConfig: Loaded properties from hadoop-metrics2.properties
rm_1        | 2019-10-09 23:56:45 INFO  CapacitySchedulerQueueManager:298 - Initialized queue: root: numChildQueue= 1, capacity=1.0, absoluteCapacity=1.0, usedResources=<memory:0, vCores:0>usedCapacity=0.0, numApps=0, numContainers=0
kms_1       | 	at org.eclipse.jetty.servlet.ServletHandler.doScope(ServletHandler.java:512)
datanode_2  | 2019-10-09 23:56:57,547 INFO server.RaftServerConfigKeys: raft.server.rpc.timeout.min = 5s (custom)
scm_1       | 2019-10-09 23:56:55,480 INFO safemode.SCMSafeModeManager: SCM exiting safe mode.
datanode_1  | 2019-10-09 23:56:56,943 INFO impl.RaftServerImpl: 5e1c9df0-cdf7-4209-be55-ee73ad98ee3e@group-B1BC25DF7A1D: start as a follower, conf=-1: [5e1c9df0-cdf7-4209-be55-ee73ad98ee3e:172.18.0.6:9858], old=null
jhs         | Oct 09, 2019 11:58:18 PM com.sun.jersey.server.wadl.generators.AbstractWadlGeneratorGrammarGenerator attachTypes
datanode_3  | 2019-10-09 23:56:56,469 INFO impl.RoleInfo: e75b0dfa-19b7-4855-926c-08ba10061e7c: start FollowerState
kdc_1       | Oct 09 23:56:31 kdc kadmind[15](Notice): Request: kadm5_get_policy, default, Policy does not exist, client=admin/admin@EXAMPLE.COM, service=kadmin/admin@EXAMPLE.COM, addr=127.0.0.1
nm_1        | 2019-10-09 23:56:46 INFO  WebApps:395 - Registered webapp guice modules
om_1        | 2019-10-09 23:56:55,990 INFO impl.MetricsSystemImpl: Scheduled Metric snapshot period at 10 second(s).
rm_1        | 2019-10-09 23:56:45 INFO  CapacitySchedulerQueueManager:163 - Initialized root queue root: numChildQueue= 1, capacity=1.0, absoluteCapacity=1.0, usedResources=<memory:0, vCores:0>usedCapacity=0.0, numApps=0, numContainers=0
kms_1       | 	at org.eclipse.jetty.server.session.SessionHandler.doScope(SessionHandler.java:185)
datanode_2  | 2019-10-09 23:56:57,547 INFO server.RaftServerConfigKeys: raft.server.rpc.timeout.max = 5200ms (custom)
scm_1       | 2019-10-09 23:56:55,537 INFO net.NetworkTopology: Added a new node: /default-rack/d59bbd1c-e35a-4c85-9764-7a63f79e19da
datanode_1  | 2019-10-09 23:56:56,944 INFO impl.RaftServerImpl: 5e1c9df0-cdf7-4209-be55-ee73ad98ee3e@group-B1BC25DF7A1D: changes role from      null to FOLLOWER at term 0 for startAsFollower
datanode_3  | 2019-10-09 23:56:56,474 INFO util.JmxRegister: Successfully registered JMX Bean with object name Ratis:service=RaftServer,group=group-ECEB66C2687D,id=e75b0dfa-19b7-4855-926c-08ba10061e7c
jhs         | INFO: Couldn't find grammar element for class javax.ws.rs.core.Response
kdc_1       | Oct 09 23:56:31 kdc kadmind[15](Notice): Request: kadm5_create_principal, dn/bd7e215f1af9@EXAMPLE.COM, success, client=admin/admin@EXAMPLE.COM, service=kadmin/admin@EXAMPLE.COM, addr=127.0.0.1
nm_1        | 2019-10-09 23:56:46 INFO  HttpServer2:1191 - Jetty bound to port 8042
rm_1        | 2019-10-09 23:56:45 INFO  UserGroupMappingPlacementRule:237 - Initialized queue mappings, override: false
om_1        | 2019-10-09 23:56:55,990 INFO impl.MetricsSystemImpl: OzoneManager metrics system started
kms_1       | 	at org.eclipse.jetty.server.handler.ContextHandler.doScope(ContextHandler.java:1112)
datanode_2  | 2019-10-09 23:56:57,547 INFO server.RaftServerConfigKeys: raft.server.rpcslowness.timeout = 120s (custom)
scm_1       | 2019-10-09 23:56:55,538 INFO node.SCMNodeManager: Registered Data node : d59bbd1c-e35a-4c85-9764-7a63f79e19da{ip: 172.18.0.7, host: ozonesecure-mr_datanode_2.ozone, networkLocation: /default-rack, certSerialId: 10187574187288061}
datanode_1  | 2019-10-09 23:56:56,946 INFO impl.RoleInfo: 5e1c9df0-cdf7-4209-be55-ee73ad98ee3e: start FollowerState
datanode_3  | 2019-10-09 23:56:57,572 INFO impl.RaftServerProxy: e75b0dfa-19b7-4855-926c-08ba10061e7c: addNew group-9E72BDF8AA28:[d59bbd1c-e35a-4c85-9764-7a63f79e19da:172.18.0.7:9858, e75b0dfa-19b7-4855-926c-08ba10061e7c:172.18.0.5:9858, 5e1c9df0-cdf7-4209-be55-ee73ad98ee3e:172.18.0.6:9858] returns group-9E72BDF8AA28:java.util.concurrent.CompletableFuture@19d2e38c[Not completed]
jhs         | Oct 09, 2019 11:58:18 PM com.sun.jersey.server.wadl.generators.AbstractWadlGeneratorGrammarGenerator attachTypes
kdc_1       | Oct 09 23:56:31 kdc kadmind[15](info): closing down fd 18
nm_1        | 2019-10-09 23:56:46 INFO  Server:351 - jetty-9.3.24.v20180605, build timestamp: 2018-06-05T17:11:56Z, git hash: 84205aa28f11a4f31f2a3b86d1bba2cc8ab69827
